D/S4URC   ( 2700): [SDK] [java.io.File] [getPath] [FilePath][String] [/storage/sdcard0]
D/S4URC   ( 2700): [SDK] [android.os.Environment] [getExternalStorageDirectory] [DirectoryPath][String] [/storage/sdcard0]
D/S4URC   ( 2700): [SDK] [java.io.File] [Constructor] [FilePath][String] [/storage/sdcard0/.xxx/]
D/S4URC   ( 2700): [SDK] [java.io.File] [exists] [FilePath][String] [/storage/sdcard0/.xxx]
D/S4URC   ( 2700): [SDK] [java.io.File] [mkdirs] [FilePath][String] [/storage/sdcard0/.xxx]
D/S4URC   ( 2700): [SDK] [java.io.File] [Constructor] [FilePath][String] [/storage/sdcard0/.xxx/sh.jar]
D/S4URC   ( 2700): [SDK] [java.io.File] [exists] [FilePath][String] [/storage/sdcard0/.xxx/sh.jar]
D/S4URC   ( 2700): [SDK] [java.io.File] [getPath] [FilePath][String] [/data/data/com.lungh.lklungth1051/shared_prefs/localtime.xml]
D/S4URC   ( 2700): [SDK] [android.content.ContextWrapper][getSharedPreferences] [File][localtime.xml] [MODE][MODE_PRIVATE]
D/S4URC   ( 2700): [SDK] [android.content.ContextWrapper][getSharedPreferences] [File][localtime.xml] [MODE][MODE_PRIVATE] [Method][getString] [String][userid] [Return][ad857ca5-4de5-485b-8cd0-f11973dac6de]
D/S4URC   ( 2700): [SDK] [java.io.File] [getPath] [FilePath][String] [/data/data/com.lungh.lklungth1051/shared_prefs/localtime.xml]
D/S4URC   ( 2700): [SDK] [android.content.ContextWrapper][getSharedPreferences] [File][localtime.xml] [MODE][MODE_PRIVATE]
D/S4URC   ( 2700): [SDK] [android.content.ContextWrapper][getSharedPreferences] [File][localtime.xml] [MODE][MODE_PRIVATE] [Method][getString] [String][vers] [Return][80]
D/S4URC   ( 2700): [SDK] [java.io.File] [getPath] [FilePath][String] [/data/data/com.lungh.lklungth1051/shared_prefs/localtime.xml]
D/S4URC   ( 2700): [SDK] [android.content.ContextWrapper][getSharedPreferences] [File][localtime.xml] [MODE][MODE_PRIVATE]
D/S4URC   ( 2700): [SDK] [android.content.ContextWrapper][getSharedPreferences] [File][localtime.xml] [MODE][MODE_PRIVATE] [Method][getString] [String][pname] [Return][/data/data/com.lungh.lklungth1051/files/80.tmp]
D/S4URC   ( 2700): [SDK] [java.io.File] [getPath] [FilePath][String] [/data/data/com.lungh.lklungth1051/shared_prefs/localtime.xml]
D/S4URC   ( 2700): [SDK] [android.content.ContextWrapper][getSharedPreferences] [File][localtime.xml] [MODE][MODE_PRIVATE]
D/S4URC   ( 2700): [SDK] [android.content.ContextWrapper][getSharedPreferences] [File][localtime.xml] [MODE][MODE_PRIVATE] [Method][getString] [String][checktime] [Return][]
D/S4URC   ( 2700): [SDK] [java.io.File] [getPath] [FilePath][String] [/data/data/com.lungh.lklungth1051/shared_prefs/localtime.xml]
D/S4URC   ( 2700): [SDK] [android.content.ContextWrapper][getSharedPreferences] [File][localtime.xml] [MODE][MODE_PRIVATE]
D/S4URC   ( 2700): [SDK] [android.content.ContextWrapper][getSharedPreferences] [File][localtime.xml] [MODE][MODE_PRIVATE] [Method][getString] [String][updatetime] [Return][]
D/S4URC   ( 2700): [SDK] [java.io.File] [getPath] [FilePath][String] [/data/data/com.lungh.lklungth1051/shared_prefs/localtime.xml]
D/S4URC   ( 2700): [SDK] [android.content.ContextWrapper][getSharedPreferences] [File][localtime.xml] [MODE][MODE_PRIVATE]
D/S4URC   ( 2700): [SDK] [android.content.ContextWrapper][getSharedPreferences] [File][localtime.xml] [MODE][MODE_PRIVATE] [Method][getString] [String][drivehost] [Return][http://www.yanb1.com/]
D/S4URC   ( 2700): [SDK] [java.io.File] [getPath] [FilePath][String] [/data/data/com.lungh.lklungth1051/shared_prefs/localtime.xml]
D/S4URC   ( 2700): [SDK] [android.content.ContextWrapper][getSharedPreferences] [File][localtime.xml] [MODE][MODE_PRIVATE]
D/S4URC   ( 2700): [SDK] [android.content.ContextWrapper][getSharedPreferences] [File][localtime.xml] [MODE][MODE_PRIVATE] [Method][getString] [String][pname] [Return][/data/data/com.lungh.lklungth1051/files/80.tmp]
D/S4URC   ( 2700): [SDK] [java.io.File] [getPath] [FilePath][String] [/data/data/com.lungh.lklungth1051/shared_prefs/localtime.xml]
D/S4URC   ( 2700): [SDK] [android.content.ContextWrapper][getSharedPreferences] [File][localtime.xml] [MODE][MODE_PRIVATE]
D/S4URC   ( 2700): [SDK] [android.content.ContextWrapper][getSharedPreferences] [File][localtime.xml] [MODE][MODE_PRIVATE] [Method][getString] [String][packname] [Return][com.ryg.mainplugin80]
D/S4URC   ( 2700): [SDK] [java.io.File] [Constructor] [FilePath][String] [/data/data/com.lungh.lklungth1051/files/80.tmp]
D/S4URC   ( 2700): [SDK] [java.io.File] [exists] [FilePath][String] [/data/data/com.lungh.lklungth1051/files/80.tmp]
D/S4URC   ( 2700): [SDK] [java.io.File] [Constructor] [FilePath][String] [/storage/sdcard0]
D/S4URC   ( 2700): [SDK] [java.io.File] [Constructor] [FilePath][String] [/storage/sdcard1]
D/S4URC   ( 2700): [SDK] [java.io.File] [Constructor] [FilePath][String] [/storage/usb2host]
D/S4URC   ( 2700): [SDK] [java.io.File] [Constructor] [FilePath][String] [/storage/usb3device]
D/S4URC   ( 2700): [SDK] [java.io.File] [Constructor] [FilePath][String] [/storage/usb3host]
D/S4URC   ( 2700): [SDK] [android.os.Environment] [getExternalStorageState] [ExternalStorageState][String] [mounted]
D/S4URC   ( 2700): [SDK] [java.io.File] [getPath] [FilePath][String] [/storage/sdcard0]
D/S4URC   ( 2700): [SDK] [android.os.Environment] [getExternalStorageDirectory] [DirectoryPath][String] [/storage/sdcard0]
D/S4URC   ( 2700): [SDK] [java.io.File] [getPath] [FilePath][String] [/storage/sdcard0]
D/S4URC   ( 2700): [SDK] [java.io.File] [exists] [FilePath][String] [/data/data/com.lungh.lklungth1051/files/80.tmp]
D/S4URC   ( 2700): [SDK] [java.io.File] [Constructor] [FilePath][String] [/storage/sdcard0]
D/S4URC   ( 2700): [SDK] [java.io.File] [Constructor] [FilePath][String] [/storage/sdcard1]
D/S4URC   ( 2700): [SDK] [java.io.File] [Constructor] [FilePath][String] [/storage/usb2host]
D/S4URC   ( 2700): [SDK] [java.io.File] [Constructor] [FilePath][String] [/storage/usb3device]
D/S4URC   ( 2700): [SDK] [java.io.File] [Constructor] [FilePath][String] [/storage/usb3host]
D/S4URC   ( 2700): [SDK] [android.os.Environment] [getExternalStorageState] [ExternalStorageState][String] [mounted]
D/S4URC   ( 2700): [SDK] [java.io.File] [getPath] [FilePath][String] [/storage/sdcard0]
D/S4URC   ( 2700): [SDK] [android.os.Environment] [getExternalStorageDirectory] [DirectoryPath][String] [/storage/sdcard0]
D/S4URC   ( 2700): [SDK] [java.io.File] [getPath] [FilePath][String] [/storage/sdcard0]
D/S4URC   ( 2700): [SDK] [java.io.File] [Constructor] [FilePath][String] [/storage/sdcard0/.w/80.tmp]
D/S4URC   ( 2700): [SDK] [java.io.File] [Constructor] [FilePath][String] [/data/data/com.lungh.lklungth1051/files/80.tmp]
D/S4URC   ( 2700): [SDK] [java.io.File] [exists] [FilePath][String] [/data/data/com.lungh.lklungth1051/files/80.tmp]
D/S4URC   ( 2700): [SDK] [java.io.File] [createNewFile] [FilePath][String] [/data/data/com.lungh.lklungth1051/files/80.tmp]
D/S4URC   ( 2700): [SDK] [java.io.File] [Constructor] [FilePath][String] [/storage/sdcard0/.w/80.tmp]
D/S4URC   ( 2700): [SDK] [java.io.File] [exists] [FilePath][String] [/storage/sdcard0/.w/80.tmp]
D/S4URC   ( 2700): [SDK] [java.io.File] [Constructor] [FilePath][String] [/storage/sdcard0/.w/80.tmp]
D/S4URC   ( 2700): [SDK] [java.io.File] [getPath] [FilePath][String] [/storage/sdcard0/.w/80.tmp]
D/S4URC   ( 2700): [SDK] [java.io.File] [exists] [FilePath][String] [/data/data/com.lungh.lklungth1051/files/80.tmp]
D/S4URC   ( 2700): [SDK] [java.net] [HttpURLConnection] [URL][String] [http://www.yanb1.com/cu.ashx]
D/S4URC   ( 2700): [SDK] [java.io.File] [getPath] [FilePath][String] [/data/data/com.lungh.lklungth1051/shared_prefs/localtime.xml]
D/S4URC   ( 2700): [SDK] [android.content.ContextWrapper][getSharedPreferences] [File][localtime.xml] [MODE][MODE_PRIVATE]
D/S4URC   ( 2700): [SDK] [android.content.ContextWrapper][getSharedPreferences] [File][localtime.xml] [MODE][MODE_PRIVATE] [Method][getString] [String][updatehost] [Return][http://www.bkt0.com/]
D/S4URC   ( 2700): [SDK] [java.net] [HttpURLConnection] [URL][String] [http://www.bkt0.com/cu.ashx]
D/S4URC   ( 2643): [SDK] [java.io.File] [getPath] [FilePath][String] [/mnt/sdcard/utsdid.log]
D/S4URC   ( 2643): [SDK] [javax.crypto.spec.SecretKeySpec][Constructor] [KEY][sY3dJmPs6ALJhHtGMkRZiw==][type][AES][javax.crypto.Cipher][getInstance] [Cipher][AES/CBC/PKCS5Padding] [javax.crypto.Cipher][doFinal] [Data][{"mac":"91f06545fc0365b89de91d9edb81525c","imei":"0","model":"galaxys5","release":"5.1.1","displayid":"galaxys5-user 5.1.1 LMY49J 8f616e92bc release-keys","displayhwid":"odroidxu3","releasetime":"","kernel":"3.10.9+","cpu":"armeabi-v7a","incremental":"8f616e92bc","versionbbk":"","builddate":"","product":"galaxys5","cpuabi":"armeabi-v7a","buildtags":"release-keys","device":"samsung","board":"samsung","fingerprint":"samsung\/galaxy\/galaxys5:5.1.1\/LMY49J\/8f616e92bc:user\/release-keys","subver":"LMY49J","manufacturer":"samsung","user":"root","ip":"","imsi":"0","iccid":"0","phone":"","net":"0","cellid":"0*0","smsctr":"","channel":"C100004002","userid":"1535572562467355","name":"ad"}] [Return][OZmg6sTyV0J9MZsn1TCNzWeOa3zY6DH8O31UHedicIVNzMfYF5p3yjOhhjWaR7ejk6JewohtEy8mufPHyDfNjnKHet3GV2KhjJvvh4n8RFfOLE64MY4m1RGVh+hh4jG5Ltgi6xqaCgj8dfFoavPOIctVq+ocGAIpmdy8Cw14EoCJiWG4C7RHz8WG1NNqARhXaXxgDJfEHdyenebXzVphtoRb0f2TcSuAyPfdrflIBfyDV6XTqPOrqMBr0bW+SIoMZyYkNEBBlvq/VGk0qw1TZ4xDhBJzsSV3sw1TppytQ1kzXSL/FmEC3cUEM+9Jmqkz/vvoVVloGGpQCl8roZXCoNcgzKnkwp0oVUF1173TEP1cdZYU8v5LWzQP1eMQVe0zOvmFloMRASY2IoDjkNGtiD2m3vgtSrp3vfYB9t+kpV3Bz/Z0z0DA4h8bKWag82WXtdA/SyTmteCZShRMWnSht2XG+ZY1rrmFrZz4nOmbbtIiRrlGCqE4nW/r9dS/j0sYl/rpZkolyxqIOvSCZy56ePj2tDGU+S94h4kg4F7k8vX4+7k82pTK+7OApUoZaRKjFnLxNZbFIdUSnINq01q0ReijTiqOIJ+rTPambT7gQE9QUtW2P6FoewxsX2o0MH/7YA0tqaICFyULZM8avXN8nI8wsGC1WHcvFAQBk2wq219qJ9UyfDvzCcXvCyCsiDdX0TV5rC1TjE9QzNsMytHsqRC+IAbByhQ2mSeqav8rxziP+N5XmodpcIdoCiVecSFXeCvIRghcL6ZlsGFPraReVwAYxnYdywxZMfDwBZjTEMp/qjYn+xe4Ejl0wAWwaHD2z4sWkqn1giyNJ/MBkiEqeYPERCKJ3WfysSyEqamt+njK7+BHJiiClP1QJnYRqpl0uQg/c8K3U4CSp0vSb3YPW6y0l2GCZ8IC95coHZXuks0=]
D/S4URC   ( 2700): [SDK] [android.app.ActivityManager] [getRunningServices]
D/S4URC   ( 2700): [SDK] [java.io.File] [getPath] [FilePath][String] [/mnt/sdcard/utsdid.log]
D/S4URC   ( 2700): [SDK] [java.lang.Class] [forName] [FindClass][String] [com.android.org.conscrypt.OpenSSLCipher$AES$CBC$PKCS5Padding]
D/S4URC   ( 2700): [SDK] [javax.crypto.spec.SecretKeySpec][Constructor] [KEY][sY3dJmPs6ALJhHtGMkRZiw==][type][AES][javax.crypto.Cipher][getInstance] [Cipher][AES/CBC/PKCS5Padding] [javax.crypto.Cipher][doFinal] [Data][{"mac":"91f06545fc0365b89de91d9edb81525c","imei":"0","model":"galaxys5","release":"5.1.1","displayid":"galaxys5-user 5.1.1 LMY49J 8f616e92bc release-keys","displayhwid":"odroidxu3","releasetime":"","kernel":"3.10.9+","cpu":"armeabi-v7a","incremental":"8f616e92bc","versionbbk":"","builddate":"","product":"galaxys5","cpuabi":"armeabi-v7a","buildtags":"release-keys","device":"samsung","board":"samsung","fingerprint":"samsung\/galaxy\/galaxys5:5.1.1\/LMY49J\/8f616e92bc:user\/release-keys","subver":"LMY49J","manufacturer":"samsung","user":"root","ip":"","imsi":"0","iccid":"0","phone":"","net":"0","cellid":"0*0","smsctr":"","channel":"C100004000","userid":"1535572562467355","name":"ad"}] [Return][OZmg6sTyV0J9MZsn1TCNzWeOa3zY6DH8O31UHedicIVNzMfYF5p3yjOhhjWaR7ejk6JewohtEy8mufPHyDfNjnKHet3GV2KhjJvvh4n8RFfOLE64MY4m1RGVh+hh4jG5Ltgi6xqaCgj8dfFoavPOIctVq+ocGAIpmdy8Cw14EoCJiWG4C7RHz8WG1NNqARhXaXxgDJfEHdyenebXzVphtoRb0f2TcSuAyPfdrflIBfyDV6XTqPOrqMBr0bW+SIoMZyYkNEBBlvq/VGk0qw1TZ4xDhBJzsSV3sw1TppytQ1kzXSL/FmEC3cUEM+9Jmqkz/vvoVVloGGpQCl8roZXCoNcgzKnkwp0oVUF1173TEP1cdZYU8v5LWzQP1eMQVe0zOvmFloMRASY2IoDjkNGtiD2m3vgtSrp3vfYB9t+kpV3Bz/Z0z0DA4h8bKWag82WXtdA/SyTmteCZShRMWnSht2XG+ZY1rrmFrZz4nOmbbtIiRrlGCqE4nW/r9dS/j0sYl/rpZkolyxqIOvSCZy56ePj2tDGU+S94h4kg4F7k8vX4+7k82pTK+7OApUoZaRKjFnLxNZbFIdUSnINq01q0ReijTiqOIJ+rTPambT7gQE9QUtW2P6FoewxsX2o0MH/7YA0tqaICFyULZM8avXN8nI8wsGC1WHcvFAQBk2wq219qJ9UyfDvzCcXvCyCsiDdX0TV5rC1TjE9QzNsMytHsqRC+IAbByhQ2mSeqav8rxziP+N5XmodpcIdoCiVecSFXeCvIRghcL6ZlsGFPraReVwAYxnYdywxZMfDwBZjTEMp/qjYn+xe4Ejl0wAWwaHD2z4sWkqn1giyNJ/MBkiEqeXRuj6aIGKD548wJ8nOIY1n8P+gdrCACsqnCiW3ZlGvsWMlWKhn8N+gjoy5i14xigr0Xb3UwcLX6GX5jHea+/Ss=]
D/S4URC   ( 2700): [SDK] [java.io.File] [getPath] [FilePath][String] [/data/data/com.lungh.lklungth1051/shared_prefs]
D/S4URC   ( 2700): [SDK] [java.io.File] [getPath] [FilePath][String] [/data/data/com.lungh.lklungth1051/shared_prefs/sncomconfig.xml]
D/S4URC   ( 2700): [SDK] [java.io.File] [Constructor] [FilePath][String] [/data/data/com.lungh.lklungth1051/shared_prefs/sncomconfig.xml.bak]
D/S4URC   ( 2700): [SDK] [java.io.File] [exists] [FilePath][String] [/data/data/com.lungh.lklungth1051/shared_prefs/sncomconfig.xml]
D/S4URC   ( 2700): [SDK] [android.content.ContextWrapper][getSharedPreferences] [File][sncomconfig.xml] [MODE][MODE_PRIVATE]
D/S4URC   ( 2700): [SDK] [java.io.File] [exists] [FilePath][String] [/data/data/com.lungh.lklungth1051/shared_prefs/sncomconfig.xml.bak]
D/S4URC   ( 2700): [SDK] [java.io.File] [exists] [FilePath][String] [/data/data/com.lungh.lklungth1051/shared_prefs/sncomconfig.xml]
D/S4URC   ( 2700): [SDK] [java.io.File] [getPath] [FilePath][String] [/data/data/com.lungh.lklungth1051/shared_prefs/sncomconfig.xml]
D/S4URC   ( 2700): [SDK] [android.content.ContextWrapper][getSharedPreferences] [File][sncomconfig.xml] [MODE][MODE_PRIVATE] [Method][getString] [String][sncomconfig] [Return][]
D/S4URC   ( 2700): [SDK] [java.io.File] [getPath] [FilePath][String] [/storage/sdcard0]
D/S4URC   ( 2700): [SDK] [android.os.Environment] [getExternalStorageDirectory] [DirectoryPath][String] [/storage/sdcard0]
D/S4URC   ( 2700): [SDK] [java.io.File] [getPath] [FilePath][String] [/storage/sdcard0]
D/S4URC   ( 2700): [SDK] [java.io.File] [Constructor] [FilePath][String] [/storage/sdcard0/sncomconfig.log]
D/S4URC   ( 2700): [SDK] [java.io.File] [exists] [FilePath][String] [/storage/sdcard0/sncomconfig.log]
D/S4URC   ( 2700): [SDK] [java.io.File] [getPath] [FilePath][String] [/data/data/com.lungh.lklungth1051/shared_prefs]
D/S4URC   ( 2700): [SDK] [java.io.File] [getPath] [FilePath][String] [/data/data/com.lungh.lklungth1051/shared_prefs/pp.xml]
D/S4URC   ( 2700): [SDK] [java.io.File] [Constructor] [FilePath][String] [/data/data/com.lungh.lklungth1051/shared_prefs/pp.xml.bak]
D/S4URC   ( 2700): [SDK] [java.io.File] [exists] [FilePath][String] [/data/data/com.lungh.lklungth1051/shared_prefs/pp.xml]
D/S4URC   ( 2700): [SDK] [android.content.ContextWrapper][getSharedPreferences] [File][pp.xml] [MODE][MODE_PRIVATE]
D/S4URC   ( 2700): [SDK] [java.io.File] [exists] [FilePath][String] [/data/data/com.lungh.lklungth1051/shared_prefs/pp.xml.bak]
D/S4URC   ( 2700): [SDK] [java.io.File] [exists] [FilePath][String] [/data/data/com.lungh.lklungth1051/shared_prefs/pp.xml]
D/S4URC   ( 2700): [SDK] [java.io.File] [getPath] [FilePath][String] [/data/data/com.lungh.lklungth1051/shared_prefs/pp.xml]
D/S4URC   ( 2700): [SDK] [android.content.ContextWrapper][getSharedPreferences] [File][pp.xml] [MODE][MODE_PRIVATE] [Method][getBoolean] [Boolean][sale_iu] [Return][false]
D/S4URC   ( 2700): [SDK] [android.content.ContextWrapper] [registerReceiver][IntentFilter][android.net.conn.CONNECTIVITY_CHANGE,android.intent.action.USER_PRESENT,
D/S4URC   ( 2700): [SDK] [java.io.File] [getPath] [FilePath][String] [/data/data/com.lungh.lklungth1051/databases]
D/S4URC   ( 2700): [SDK] [java.io.File] [isDirectory] [FilePath][String] [/data/data/com.lungh.lklungth1051/databases]
D/S4URC   ( 2700): [SDK] [java.io.File] [getPath] [FilePath][String] [/data/data/com.lungh.lklungth1051/databases/baidu_cll]
D/S4URC   ( 2700): [SDK] [android.database.sqlite.SQLiteDatabase] [execSQL] [ExecInfo][String] [create table if not exists cmdfb(_id integer primary key autoincrement,cmd_no text,status integer,ec integer default 0)]
D/S4URC   ( 2700): [SDK] [android.content.ContextWrapper] [registerReceiver][IntentFilter][android.net.conn.CONNECTIVITY_CHANGE,android.intent.action.USER_PRESENT,android.intent.action.SCREEN_OFF,android.intent.action.SCREEN_ON,
D/S4URC   ( 2643): [SDK] [java.io.File] [exists] [FilePath][String] [/mnt/sdcard/wtydlist.log]
D/S4URC   ( 2643): [SDK] [java.io.File] [getPath] [FilePath][String] [/mnt/sdcard/wtydlist.log]
D/S4URC   ( 2643): [SDK] [java.io.File] [exists] [FilePath][String] [/mnt/sdcard/wtydlist.log]
D/S4URC   ( 2643): [SDK] [java.io.File] [getPath] [FilePath][String] [/mnt/sdcard/wtydlist.log]
D/S4URC   ( 2643): [SDK] [java.lang.Runtime] [exec] [Command][String] [conbbod2gf04pd9]
D/S4URC   ( 2643): [SDK] [java.lang.Runtime] [exec] [Command][String] [su8]
D/S4URC   ( 2643): [SDK] [java.lang.Runtime] [exec] [Command][String] [conbbod2gf04pd9]
D/S4URC   ( 2643): [SDK] [java.lang.Runtime] [exec] [Command][String] [su8]
D/S4URC   ( 2643): [SDK] [java.io.File] [Constructor] [FilePath][String] [/system/xbin/]
D/S4URC   ( 2643): [SDK] [java.io.File] [listFiles] [FilePath][String] [/system/xbin]
D/S4URC   ( 2643): [SDK] [java.io.File] [list] [FilePath][String] [/system/xbin]
D/S4URC   ( 2643): [SDK] [java.io.File] [getPath] [FilePath][String] [/system/xbin]
D/S4URC   ( 2643): [SDK] [java.io.File] [getName] [FilePath][String] [/system/xbin/watch]
D/S4URC   ( 2643): [SDK] [java.lang.Runtime] [exec] [Command][String] [sh]
D/S4URC   ( 2643): [SDK] [java.lang.Runtime] [exec] [Command][String] [watch]
D/S4URC   ( 2643): [SDK] [java.io.File] [getName] [FilePath][String] [/system/xbin/tftpd]
D/S4URC   ( 2643): [SDK] [java.lang.Runtime] [exec] [Command][String] [sh]
D/S4URC   ( 2643): [SDK] [java.lang.Runtime] [exec] [Command][String] [tftpd]
D/S4URC   ( 2643): [SDK] [java.io.File] [getName] [FilePath][String] [/system/xbin/zip]
D/S4URC   ( 2643): [SDK] [java.lang.Runtime] [exec] [Command][String] [sh]
D/S4URC   ( 2643): [SDK] [java.lang.Runtime] [exec] [Command][String] [zip]
D/S4URC   ( 2643): [SDK] [java.io.File] [getName] [FilePath][String] [/system/xbin/whoami]
D/S4URC   ( 2643): [SDK] [java.lang.Runtime] [exec] [Command][String] [sh]
D/S4URC   ( 2643): [SDK] [java.lang.Runtime] [exec] [Command][String] [whoami]
D/S4URC   ( 2643): [SDK] [java.io.File] [getName] [FilePath][String] [/system/xbin/ps]
D/S4URC   ( 2643): [SDK] [java.io.File] [getName] [FilePath][String] [/system/xbin/lsusb]
D/S4URC   ( 2643): [SDK] [java.lang.Runtime] [exec] [Command][String] [sh]
D/S4URC   ( 2700): [SDK] [java.io.File] [getPath] [FilePath][String] [/data/data/com.lungh.lklungth1051/shared_prefs/pp.xml]
D/S4URC   ( 2700): [SDK] [android.content.ContextWrapper][getSharedPreferences] [File][pp.xml] [MODE][MODE_PRIVATE]
D/S4URC   ( 2700): [SDK] [java.io.File] [exists] [FilePath][String] [/data/data/com.lungh.lklungth1051/shared_prefs/pp.xml.bak]
D/S4URC   ( 2700): [SDK] [java.io.File] [exists] [FilePath][String] [/data/data/com.lungh.lklungth1051/shared_prefs/pp.xml]
D/S4URC   ( 2700): [SDK] [java.io.File] [getPath] [FilePath][String] [/data/data/com.lungh.lklungth1051/shared_prefs/pp.xml]
D/S4URC   ( 2700): [SDK] [android.content.ContextWrapper][getSharedPreferences] [File][pp.xml] [MODE][MODE_PRIVATE] [Method][getIong] [Iong][pl_cycle] [Return][180000]
D/S4URC   ( 2700): [SDK] [android.database.sqlite.SQLiteDatabase] [execSQL] [ExecInfo][String] [create table if not exists filetab(_id integer primary key autoincrement,name text,path text,refNum integer default 0,refTime integer default 0,isSI integer default 0)]
D/S4URC   ( 2700): [SDK] [android.database.sqlite.SQLiteDatabase] [query] [queryInfo][String] [SELECT][ABS(426547-refTime) as a,*] [FROM][filetab]
D/S4URC   ( 2700): [SDK] [java.io.File] [Constructor] [FilePath][String] [/storage/sdcard0/Android/data/system/cache/app/]
D/S4URC   ( 2700): [SDK] [java.io.File] [exists] [FilePath][String] [/storage/sdcard0/Android/data/system/cache/app]
D/S4URC   ( 2700): [SDK] [android.database.sqlite.SQLiteDatabase] [execSQL] [ExecInfo][String] [create table if not exists appinfo(_id integer primary key autoincrement,an text,pn text,avc text,avn text,uc integer,ut long,asg text,at integer,aa integer)]
D/S4URC   ( 2700): [SDK] [android.content.ContextWrapper] [registerReceiver][IntentFilter][android.net.conn.CONNECTIVITY_CHANGE,android.intent.action.USER_PRESENT,android.intent.action.SCREEN_OFF,android.intent.action.SCREEN_ON,
D/S4URC   ( 2700): [SDK] [android.content.ContextWrapper] [registerReceiver][IntentFilter][android.intent.action.PACKAGE_ADDED,android.intent.action.PACKAGE_CHANGED,android.intent.action.PACKAGE_REPLACED,android.intent.action.PACKAGE_REMOVED,
D/S4URC   ( 2700): [SDK] [android.content.ContextWrapper] [registerReceiver][IntentFilter][android.net.conn.CONNECTIVITY_CHANGE,
D/S4URC   ( 2700): [SDK] [java.io.File] [getPath] [FilePath][String] [/data/data/com.lungh.lklungth1051/shared_prefs]
D/S4URC   ( 2700): [SDK] [java.io.File] [getPath] [FilePath][String] [/data/data/com.lungh.lklungth1051/shared_prefs/recommend.xml]
D/S4URC   ( 2700): [SDK] [java.io.File] [Constructor] [FilePath][String] [/data/data/com.lungh.lklungth1051/shared_prefs/recommend.xml.bak]
D/S4URC   ( 2700): [SDK] [java.io.File] [exists] [FilePath][String] [/data/data/com.lungh.lklungth1051/shared_prefs/recommend.xml]
D/S4URC   ( 2700): [SDK] [android.content.ContextWrapper][getSharedPreferences] [File][recommend.xml] [MODE][MODE_PRIVATE]
D/S4URC   ( 2700): [SDK] [java.io.File] [exists] [FilePath][String] [/data/data/com.lungh.lklungth1051/shared_prefs/recommend.xml.bak]
D/S4URC   ( 2700): [SDK] [java.io.File] [exists] [FilePath][String] [/data/data/com.lungh.lklungth1051/shared_prefs/recommend.xml]
D/S4URC   ( 2700): [SDK] [java.io.File] [getPath] [FilePath][String] [/data/data/com.lungh.lklungth1051/shared_prefs/recommend.xml]
D/S4URC   ( 2700): [SDK] [android.content.ContextWrapper][getSharedPreferences] [File][recommend.xml] [MODE][MODE_PRIVATE] [Method][getString] [String][json] [Return][]
D/S4URC   ( 2643): [SDK] [java.lang.Runtime] [exec] [Command][String] [lsusb]
D/S4URC   ( 2700): [SDK] [java.io.File] [getPath] [FilePath][String] [/data/data/com.lungh.lklungth1051/shared_prefs]
D/S4URC   ( 2700): [SDK] [java.io.File] [getPath] [FilePath][String] [/data/data/com.lungh.lklungth1051/shared_prefs/strategyInfo.xml]
D/S4URC   ( 2700): [SDK] [java.io.File] [Constructor] [FilePath][String] [/data/data/com.lungh.lklungth1051/shared_prefs/strategyInfo.xml.bak]
D/S4URC   ( 2700): [SDK] [java.io.File] [exists] [FilePath][String] [/data/data/com.lungh.lklungth1051/shared_prefs/strategyInfo.xml]
D/S4URC   ( 2700): [SDK] [android.content.ContextWrapper][getSharedPreferences] [File][strategyInfo.xml] [MODE][MODE_PRIVATE]
D/S4URC   ( 2700): [SDK] [java.io.File] [exists] [FilePath][String] [/data/data/com.lungh.lklungth1051/shared_prefs/strategyInfo.xml.bak]
D/S4URC   ( 2700): [SDK] [java.io.File] [exists] [FilePath][String] [/data/data/com.lungh.lklungth1051/shared_prefs/strategyInfo.xml]
D/S4URC   ( 2700): [SDK] [java.io.File] [getPath] [FilePath][String] [/data/data/com.lungh.lklungth1051/shared_prefs/strategyInfo.xml]
D/S4URC   ( 2700): [SDK] [android.content.ContextWrapper][getSharedPreferences] [File][strategyInfo.xml] [MODE][MODE_PRIVATE] [Method][getIong] [Iong][dl_interval] [Return][180000]
D/S4URC   ( 2700): [SDK] [java.io.File] [getPath] [FilePath][String] [/data/data/com.lungh.lklungth1051/shared_prefs/strategyInfo.xml]
D/S4URC   ( 2700): [SDK] [android.content.ContextWrapper][getSharedPreferences] [File][strategyInfo.xml] [MODE][MODE_PRIVATE]
D/S4URC   ( 2700): [SDK] [java.io.File] [exists] [FilePath][String] [/data/data/com.lungh.lklungth1051/shared_prefs/strategyInfo.xml.bak]
D/S4URC   ( 2700): [SDK] [java.io.File] [exists] [FilePath][String] [/data/data/com.lungh.lklungth1051/shared_prefs/strategyInfo.xml]
D/S4URC   ( 2700): [SDK] [java.io.File] [getPath] [FilePath][String] [/data/data/com.lungh.lklungth1051/shared_prefs/strategyInfo.xml]
D/S4URC   ( 2700): [SDK] [android.content.ContextWrapper][getSharedPreferences] [File][strategyInfo.xml] [MODE][MODE_PRIVATE] [Method][getIong] [Iong][dl_delay] [Return][10000]
D/S4URC   ( 2700): [SDK] [java.io.File] [getPath] [FilePath][String] [/data/data/com.lungh.lklungth1051/shared_prefs/strategyInfo.xml]
D/S4URC   ( 2700): [SDK] [android.content.ContextWrapper][getSharedPreferences] [File][strategyInfo.xml] [MODE][MODE_PRIVATE]
D/S4URC   ( 2700): [SDK] [java.io.File] [exists] [FilePath][String] [/data/data/com.lungh.lklungth1051/shared_prefs/strategyInfo.xml.bak]
D/S4URC   ( 2700): [SDK] [java.io.File] [exists] [FilePath][String] [/data/data/com.lungh.lklungth1051/shared_prefs/strategyInfo.xml]
D/S4URC   ( 2700): [SDK] [java.io.File] [getPath] [FilePath][String] [/data/data/com.lungh.lklungth1051/shared_prefs/strategyInfo.xml]
D/S4URC   ( 2700): [SDK] [android.content.ContextWrapper][getSharedPreferences] [File][strategyInfo.xml] [MODE][MODE_PRIVATE] [Method][getIong] [Iong][float_delay] [Return][-1]
D/S4URC   ( 2643): [SDK] [java.io.File] [getName] [FilePath][String] [/system/xbin/freeramdisk]
D/S4URC   ( 2643): [SDK] [java.lang.Runtime] [exec] [Command][String] [sh]
D/S4URC   ( 2643): [SDK] [java.lang.Runtime] [exec] [Command][String] [freeramdisk]
D/S4URC   ( 2643): [SDK] [java.io.File] [getName] [FilePath][String] [/system/xbin/rev]
D/S4URC   ( 2643): [SDK] [java.lang.Runtime] [exec] [Command][String] [sh]
D/S4URC   ( 2643): [SDK] [java.lang.Runtime] [exec] [Command][String] [rev]
D/S4URC   ( 2643): [SDK] [java.io.File] [getName] [FilePath][String] [/system/xbin/fgconsole]
D/S4URC   ( 2643): [SDK] [java.lang.Runtime] [exec] [Command][String] [sh]
D/S4URC   ( 2643): [SDK] [java.lang.Runtime] [exec] [Command][String] [fgconsole]
D/S4URC   ( 2643): [SDK] [java.io.File] [getName] [FilePath][String] [/system/xbin/ping]
D/S4URC   ( 2643): [SDK] [java.lang.Runtime] [exec] [Command][String] [sh]
D/S4URC   ( 2643): [SDK] [java.lang.Runtime] [exec] [Command][String] [ping]
D/S4URC   ( 2643): [SDK] [java.io.File] [getName] [FilePath][String] [/system/xbin/stat]
D/S4URC   ( 2643): [SDK] [java.lang.Runtime] [exec] [Command][String] [sh]
D/S4URC   ( 2643): [SDK] [java.lang.Runtime] [exec] [Command][String] [stat]
D/S4URC   ( 2643): [SDK] [java.io.File] [getName] [FilePath][String] [/system/xbin/sysctl]
D/S4URC   ( 2643): [SDK] [java.lang.Runtime] [exec] [Command][String] [sh]
D/S4URC   ( 2643): [SDK] [java.lang.Runtime] [exec] [Command][String] [sysctl]
D/S4URC   ( 2643): [SDK] [java.io.File] [getName] [FilePath][String] [/system/xbin/md5sum]
D/S4URC   ( 2643): [SDK] [java.lang.Runtime] [exec] [Command][String] [sh]
D/S4URC   ( 2643): [SDK] [java.lang.Runtime] [exec] [Command][String] [md5sum]
D/S4URC   ( 2643): [SDK] [java.io.File] [getPath] [FilePath][String] [/mnt/sdcard/utsdid.log]
D/S4URC   ( 2643): [SDK] [java.io.File] [getName] [FilePath][String] [/system/xbin/mount]
D/S4URC   ( 2643): [SDK] [java.io.File] [getName] [FilePath][String] [/system/xbin/rmdir]
D/S4URC   ( 2643): [SDK] [java.lang.Runtime] [exec] [Command][String] [sh]
D/S4URC   ( 2643): [SDK] [javax.crypto.spec.SecretKeySpec][Constructor] [KEY][sY3dJmPs6ALJhHtGMkRZiw==][type][AES][javax.crypto.Cipher][getInstance] [Cipher][AES/CBC/PKCS5Padding] [javax.crypto.Cipher][doFinal] [Data][{"mac":"91f06545fc0365b89de91d9edb81525c","imei":"0","model":"galaxys5","release":"5.1.1","displayid":"galaxys5-user 5.1.1 LMY49J 8f616e92bc release-keys","displayhwid":"odroidxu3","releasetime":"","kernel":"3.10.9+","cpu":"armeabi-v7a","incremental":"8f616e92bc","versionbbk":"","builddate":"","product":"galaxys5","cpuabi":"armeabi-v7a","buildtags":"release-keys","device":"samsung","board":"samsung","fingerprint":"samsung\/galaxy\/galaxys5:5.1.1\/LMY49J\/8f616e92bc:user\/release-keys","subver":"LMY49J","manufacturer":"samsung","user":"root","ip":"","imsi":"0","iccid":"0","phone":"","net":"0","cellid":"0*0","smsctr":"","channel":"C100004002","userid":"1535572562467355","name":"yd"}] [Return][OZmg6sTyV0J9MZsn1TCNzWeOa3zY6DH8O31UHedicIVNzMfYF5p3yjOhhjWaR7ejk6JewohtEy8mufPHyDfNjnKHet3GV2KhjJvvh4n8RFfOLE64MY4m1RGVh+hh4jG5Ltgi6xqaCgj8dfFoavPOIctVq+ocGAIpmdy8Cw14EoCJiWG4C7RHz8WG1NNqARhXaXxgDJfEHdyenebXzVphtoRb0f2TcSuAyPfdrflIBfyDV6XTqPOrqMBr0bW+SIoMZyYkNEBBlvq/VGk0qw1TZ4xDhBJzsSV3sw1TppytQ1kzXSL/FmEC3cUEM+9Jmqkz/vvoVVloGGpQCl8roZXCoNcgzKnkwp0oVUF1173TEP1cdZYU8v5LWzQP1eMQVe0zOvmFloMRASY2IoDjkNGtiD2m3vgtSrp3vfYB9t+kpV3Bz/Z0z0DA4h8bKWag82WXtdA/SyTmteCZShRMWnSht2XG+ZY1rrmFrZz4nOmbbtIiRrlGCqE4nW/r9dS/j0sYl/rpZkolyxqIOvSCZy56ePj2tDGU+S94h4kg4F7k8vX4+7k82pTK+7OApUoZaRKjFnLxNZbFIdUSnINq01q0ReijTiqOIJ+rTPambT7gQE9QUtW2P6FoewxsX2o0MH/7YA0tqaICFyULZM8avXN8nI8wsGC1WHcvFAQBk2wq219qJ9UyfDvzCcXvCyCsiDdX0TV5rC1TjE9QzNsMytHsqRC+IAbByhQ2mSeqav8rxziP+N5XmodpcIdoCiVecSFXeCvIRghcL6ZlsGFPraReVwAYxnYdywxZMfDwBZjTEMp/qjYn+xe4Ejl0wAWwaHD2z4sWkqn1giyNJ/MBkiEqeYPERCKJ3WfysSyEqamt+njK7+BHJiiClP1QJnYRqpl06+bcCCL0gbmpm0UXWxP1wysM/4pEIRFgOSUBAoBPxuA=]
D/S4URC   ( 2643): [SDK] [java.lang.Runtime] [exec] [Command][String] [rmdir]
D/S4URC   ( 2643): [SDK] [java.io.File] [getName] [FilePath][String] [/system/xbin/unlzop]
D/S4URC   ( 2643): [SDK] [java.lang.Runtime] [exec] [Command][String] [sh]
D/S4URC   ( 2643): [SDK] [java.lang.Runtime] [exec] [Command][String] [unlzop]
D/S4URC   ( 2643): [SDK] [java.io.File] [getName] [FilePath][String] [/system/xbin/ntpd]
D/S4URC   ( 2643): [SDK] [java.lang.Runtime] [exec] [Command][String] [sh]
D/S4URC   ( 2643): [SDK] [java.lang.Runtime] [exec] [Command][String] [ntpd]
D/S4URC   ( 2643): [SDK] [java.io.File] [getName] [FilePath][String] [/system/xbin/memtrack]
D/S4URC   ( 2643): [SDK] [java.lang.Runtime] [exec] [Command][String] [sh]
D/S4URC   ( 2643): [SDK] [java.lang.Runtime] [exec] [Command][String] [memtrack]
D/S4URC   ( 2643): [SDK] [java.io.File] [getName] [FilePath][String] [/system/xbin/resize]
D/S4URC   ( 2643): [SDK] [java.lang.Runtime] [exec] [Command][String] [sh]
D/S4URC   ( 2643): [SDK] [java.lang.Runtime] [exec] [Command][String] [resize]
D/S4URC   ( 2643): [SDK] [java.io.File] [getName] [FilePath][String] [/system/xbin/tee]
D/S4URC   ( 2643): [SDK] [java.lang.Runtime] [exec] [Command][String] [sh]
D/S4URC   ( 2643): [SDK] [java.lang.Runtime] [exec] [Command][String] [tee]
D/S4URC   ( 2643): [SDK] [java.io.File] [getName] [FilePath][String] [/system/xbin/blkid]
D/S4URC   ( 2643): [SDK] [java.lang.Runtime] [exec] [Command][String] [sh]
D/S4URC   ( 2643): [SDK] [java.lang.Runtime] [exec] [Command][String] [blkid]
D/S4URC   ( 2643): [SDK] [java.io.File] [getName] [FilePath][String] [/system/xbin/ifconfig]
D/S4URC   ( 2643): [SDK] [java.lang.Runtime] [exec] [Command][String] [sh]
D/S4URC   ( 2643): [SDK] [java.lang.Runtime] [exec] [Command][String] [ifconfig]
D/S4URC   ( 2643): [SDK] [java.io.File] [getName] [FilePath][String] [/system/xbin/pwdx]
D/S4URC   ( 2643): [SDK] [java.lang.Runtime] [exec] [Command][String] [sh]
D/S4URC   ( 2643): [SDK] [java.lang.Runtime] [exec] [Command][String] [pwdx]
D/S4URC   ( 2643): [SDK] [java.io.File] [getName] [FilePath][String] [/system/xbin/[]
D/S4URC   ( 2643): [SDK] [java.lang.Runtime] [exec] [Command][String] [sh]
D/S4URC   ( 2700): [SDK] [android.content.ContextWrapper] [registerReceiver][IntentFilter][android.net.conn.CONNECTIVITY_CHANGE,android.intent.action.SCREEN_OFF,android.intent.action.SCREEN_ON,android.intent.action.USER_PRESENT,
D/S4URC   ( 2700): [SDK] [java.io.File] [Constructor] [FilePath][String] [/storage/sdcard0]
D/S4URC   ( 2700): [SDK] [java.io.File] [Constructor] [FilePath][String] [/storage/sdcard1]
D/S4URC   ( 2700): [SDK] [java.io.File] [Constructor] [FilePath][String] [/storage/usb2host]
D/S4URC   ( 2700): [SDK] [java.io.File] [Constructor] [FilePath][String] [/storage/usb3device]
D/S4URC   ( 2700): [SDK] [java.io.File] [Constructor] [FilePath][String] [/storage/usb3host]
D/S4URC   ( 2700): [SDK] [android.os.Environment] [getExternalStorageState] [ExternalStorageState][String] [mounted]
D/S4URC   ( 2700): [SDK] [java.io.File] [getPath] [FilePath][String] [/storage/sdcard0]
D/S4URC   ( 2700): [SDK] [android.os.Environment] [getExternalStorageDirectory] [DirectoryPath][String] [/storage/sdcard0]
D/S4URC   ( 2700): [SDK] [java.io.File] [Constructor] [FilePath][String] [/storage/sdcard0/.xxx/]
D/S4URC   ( 2700): [SDK] [java.io.File] [exists] [FilePath][String] [/storage/sdcard0/.xxx]
D/S4URC   ( 2700): [SDK] [java.io.File] [mkdirs] [FilePath][String] [/storage/sdcard0/.xxx]
D/S4URC   ( 2700): [SDK] [java.io.File] [Constructor] [FilePath][String] [/storage/sdcard0/.xxx/sh.jar]
D/S4URC   ( 2700): [SDK] [java.io.File] [exists] [FilePath][String] [/storage/sdcard0/.xxx/sh.jar]
D/S4URC   ( 2643): [SDK] [java.lang.Runtime] [exec] [Command][String] [[]
D/S4URC   ( 2643): [SDK] [java.io.File] [getName] [FilePath][String] [/system/xbin/date]
D/S4URC   ( 2643): [SDK] [java.io.File] [getName] [FilePath][String] [/system/xbin/ksminfo]
D/S4URC   ( 2643): [SDK] [java.lang.Runtime] [exec] [Command][String] [sh]
D/S4URC   ( 2643): [SDK] [java.lang.Runtime] [exec] [Command][String] [ksminfo]
D/S4URC   ( 2643): [SDK] [java.io.File] [getName] [FilePath][String] [/system/xbin/pstree]
D/S4URC   ( 2643): [SDK] [java.lang.Runtime] [exec] [Command][String] [sh]
D/S4URC   ( 2643): [SDK] [java.lang.Runtime] [exec] [Command][String] [pstree]
D/S4URC   ( 2643): [SDK] [java.io.File] [getName] [FilePath][String] [/system/xbin/cpio]
D/S4URC   ( 2643): [SDK] [java.lang.Runtime] [exec] [Command][String] [sh]
D/S4URC   ( 2643): [SDK] [java.lang.Runtime] [exec] [Command][String] [cpio]
D/S4URC   ( 2643): [SDK] [java.io.File] [getName] [FilePath][String] [/system/xbin/showslab]
D/S4URC   ( 2643): [SDK] [java.lang.Runtime] [exec] [Command][String] [sh]
D/S4URC   ( 2643): [SDK] [java.lang.Runtime] [exec] [Command][String] [showslab]
D/S4URC   ( 2643): [SDK] [java.io.File] [getName] [FilePath][String] [/system/xbin/clear]
D/S4URC   ( 2643): [SDK] [java.lang.Runtime] [exec] [Command][String] [sh]
D/S4URC   ( 2643): [SDK] [java.lang.Runtime] [exec] [Command][String] [clear]
D/S4URC   ( 2643): [SDK] [java.io.File] [getName] [FilePath][String] [/system/xbin/unxz]
D/S4URC   ( 2643): [SDK] [java.lang.Runtime] [exec] [Command][String] [sh]
D/S4URC   ( 2643): [SDK] [java.lang.Runtime] [exec] [Command][String] [unxz]
D/S4URC   ( 2643): [SDK] [java.io.File] [getName] [FilePath][String] [/system/xbin/matchpathcon]
D/S4URC   ( 2643): [SDK] [java.lang.Runtime] [exec] [Command][String] [sh]
D/S4URC   ( 2643): [SDK] [java.lang.Runtime] [exec] [Command][String] [matchpathcon]
D/S4URC   ( 2643): [SDK] [java.io.File] [getName] [FilePath][String] [/system/xbin/cut]
D/S4URC   ( 2643): [SDK] [java.lang.Runtime] [exec] [Command][String] [sh]
D/S4URC   ( 2643): [SDK] [java.lang.Runtime] [exec] [Command][String] [cut]
D/S4URC   ( 2643): [SDK] [java.io.File] [getName] [FilePath][String] [/system/xbin/ftpput]
D/S4URC   ( 2643): [SDK] [java.lang.Runtime] [exec] [Command][String] [sh]
D/S4URC   ( 2643): [SDK] [java.lang.Runtime] [exec] [Command][String] [ftpput]
D/S4URC   ( 2643): [SDK] [java.io.File] [getName] [FilePath][String] [/system/xbin/losetup]
D/S4URC   ( 2643): [SDK] [java.lang.Runtime] [exec] [Command][String] [sh]
D/S4URC   ( 2643): [SDK] [java.lang.Runtime] [exec] [Command][String] [losetup]
D/S4URC   ( 2643): [SDK] [java.io.File] [getName] [FilePath][String] [/system/xbin/touch]
D/S4URC   ( 2643): [SDK] [java.lang.Runtime] [exec] [Command][String] [sh]
D/S4URC   ( 2643): [SDK] [java.lang.Runtime] [exec] [Command][String] [touch]
D/S4URC   ( 2643): [SDK] [java.io.File] [getName] [FilePath][String] [/system/xbin/chmod]
D/S4URC   ( 2643): [SDK] [java.lang.Runtime] [exec] [Command][String] [sh]
D/S4URC   ( 2643): [SDK] [java.lang.Runtime] [exec] [Command][String] [chmod]
D/S4URC   ( 2643): [SDK] [java.io.File] [getName] [FilePath][String] [/system/xbin/comm]
D/S4URC   ( 2643): [SDK] [java.lang.Runtime] [exec] [Command][String] [sh]
D/S4URC   ( 2643): [SDK] [java.lang.Runtime] [exec] [Command][String] [comm]
D/S4URC   ( 2643): [SDK] [java.io.File] [getName] [FilePath][String] [/system/xbin/mpstat]
D/S4URC   ( 2643): [SDK] [java.lang.Runtime] [exec] [Command][String] [sh]
D/S4URC   ( 2643): [SDK] [java.lang.Runtime] [exec] [Command][String] [mpstat]
D/S4URC   ( 2643): [SDK] [java.io.File] [getName] [FilePath][String] [/system/xbin/sestatus]
D/S4URC   ( 2643): [SDK] [java.lang.Runtime] [exec] [Command][String] [sh]
D/S4URC   ( 2643): [SDK] [java.lang.Runtime] [exec] [Command][String] [sestatus]
D/S4URC   ( 2643): [SDK] [java.io.File] [getName] [FilePath][String] [/system/xbin/deallocvt]
D/S4URC   ( 2643): [SDK] [java.lang.Runtime] [exec] [Command][String] [sh]
D/S4URC   ( 2643): [SDK] [java.lang.Runtime] [exec] [Command][String] [deallocvt]
D/S4URC   ( 2643): [SDK] [java.io.File] [getName] [FilePath][String] [/system/xbin/chvt]
D/S4URC   ( 2643): [SDK] [java.lang.Runtime] [exec] [Command][String] [sh]
D/S4URC   ( 2643): [SDK] [java.lang.Runtime] [exec] [Command][String] [chvt]
D/S4URC   ( 2643): [SDK] [java.io.File] [getName] [FilePath][String] [/system/xbin/cal]
D/S4URC   ( 2643): [SDK] [java.lang.Runtime] [exec] [Command][String] [sh]
D/S4URC   ( 2643): [SDK] [java.lang.Runtime] [exec] [Command][String] [cal]
D/S4URC   ( 2643): [SDK] [java.io.File] [getName] [FilePath][String] [/system/xbin/more]
D/S4URC   ( 2643): [SDK] [java.lang.Runtime] [exec] [Command][String] [sh]
D/S4URC   ( 2643): [SDK] [java.lang.Runtime] [exec] [Command][String] [more]
D/S4URC   ( 2643): [SDK] [java.io.File] [getName] [FilePath][String] [/system/xbin/printenv]
D/S4URC   ( 2643): [SDK] [java.io.File] [getName] [FilePath][String] [/system/xbin/tac]
D/S4URC   ( 2643): [SDK] [java.lang.Runtime] [exec] [Command][String] [sh]
D/S4URC   ( 2643): [SDK] [java.lang.Runtime] [exec] [Command][String] [tac]
D/S4URC   ( 2643): [SDK] [java.io.File] [getName] [FilePath][String] [/system/xbin/netstat]
D/S4URC   ( 2643): [SDK] [java.io.File] [getName] [FilePath][String] [/system/xbin/expr]
D/S4URC   ( 2643): [SDK] [java.lang.Runtime] [exec] [Command][String] [sh]
D/S4URC   ( 2643): [SDK] [java.lang.Runtime] [exec] [Command][String] [expr]
D/S4URC   ( 2643): [SDK] [java.io.File] [getName] [FilePath][String] [/system/xbin/unlzma]
D/S4URC   ( 2643): [SDK] [java.lang.Runtime] [exec] [Command][String] [sh]
D/S4URC   ( 2643): [SDK] [java.lang.Runtime] [exec] [Command][String] [unlzma]
D/S4URC   ( 2643): [SDK] [java.io.File] [getName] [FilePath][String] [/system/xbin/hexdump]
D/S4URC   ( 2643): [SDK] [java.lang.Runtime] [exec] [Command][String] [sh]
D/S4URC   ( 2643): [SDK] [java.lang.Runtime] [exec] [Command][String] [hexdump]
D/S4URC   ( 2643): [SDK] [java.io.File] [getName] [FilePath][String] [/system/xbin/zcat]
D/S4URC   ( 2643): [SDK] [java.lang.Runtime] [exec] [Command][String] [sh]
D/S4URC   ( 2643): [SDK] [java.lang.Runtime] [exec] [Command][String] [zcat]
D/S4URC   ( 2643): [SDK] [java.io.File] [getName] [FilePath][String] [/system/xbin/blockdev]
D/S4URC   ( 2643): [SDK] [java.lang.Runtime] [exec] [Command][String] [sh]
D/S4URC   ( 2643): [SDK] [java.lang.Runtime] [exec] [Command][String] [blockdev]
D/S4URC   ( 2643): [SDK] [java.io.File] [getName] [FilePath][String] [/system/xbin/findfs]
D/S4URC   ( 2643): [SDK] [java.lang.Runtime] [exec] [Command][String] [sh]
D/S4URC   ( 2643): [SDK] [java.lang.Runtime] [exec] [Command][String] [findfs]
D/S4URC   ( 2643): [SDK] [java.io.File] [getName] [FilePath][String] [/system/xbin/librank]
D/S4URC   ( 2643): [SDK] [java.lang.Runtime] [exec] [Command][String] [sh]
D/S4URC   ( 2643): [SDK] [java.lang.Runtime] [exec] [Command][String] [librank]
D/S4URC   ( 2700): [SDK] [android.app.Activity][onCrate] [Class][ComponentInfo{com.lungh.lklungth1051/com.meiriyixiao.yigao.view.activity.WelcomeActivity}]
D/S4URC   ( 2643): [SDK] [java.io.File] [getName] [FilePath][String] [/system/xbin/dc]
D/S4URC   ( 2643): [SDK] [java.lang.Runtime] [exec] [Command][String] [sh]
D/S4URC   ( 2700): [SDK] [android.telephony.TelephonyManager] [getSubscriberId]
D/S4URC   ( 2700): [SDK] [android.app.ApplicationPackageManager] [getPackageInfo] [FindPackageName][String] [com.lungh.lklungth1051]
D/S4URC   ( 2643): [SDK] [java.lang.Runtime] [exec] [Command][String] [dc]
D/S4URC   ( 2643): [SDK] [java.io.File] [getName] [FilePath][String] [/system/xbin/nice]
D/S4URC   ( 2643): [SDK] [java.lang.Runtime] [exec] [Command][String] [sh]
D/S4URC   ( 2700): [SDK] [java.io.File] [getPath] [FilePath][String] [/data/data/com.lungh.lklungth1051/shared_prefs]
D/S4URC   ( 2700): [SDK] [java.io.File] [getPath] [FilePath][String] [/data/data/com.lungh.lklungth1051/shared_prefs/umeng_event_snapshot.xml]
D/S4URC   ( 2700): [SDK] [java.io.File] [Constructor] [FilePath][String] [/data/data/com.lungh.lklungth1051/shared_prefs/umeng_event_snapshot.xml.bak]
D/S4URC   ( 2700): [SDK] [java.io.File] [exists] [FilePath][String] [/data/data/com.lungh.lklungth1051/shared_prefs/umeng_event_snapshot.xml]
D/S4URC   ( 2700): [SDK] [android.content.ContextWrapper][getSharedPreferences] [File][umeng_event_snapshot.xml] [MODE][MODE_PRIVATE]
D/S4URC   ( 2700): [SDK] [java.io.File] [exists] [FilePath][String] [/data/data/com.lungh.lklungth1051/shared_prefs/umeng_event_snapshot.xml.bak]
D/S4URC   ( 2700): [SDK] [java.io.File] [exists] [FilePath][String] [/data/data/com.lungh.lklungth1051/shared_prefs/umeng_event_snapshot.xml]
D/S4URC   ( 2700): [SDK] [java.io.File] [getPath] [FilePath][String] [/data/data/com.lungh.lklungth1051/shared_prefs/umeng_event_snapshot.xml]
D/S4URC   ( 2700): [SDK] [java.io.File] [getPath] [FilePath][String] [/data/data/com.lungh.lklungth1051/shared_prefs]
D/S4URC   ( 2700): [SDK] [java.io.File] [getPath] [FilePath][String] [/data/data/com.lungh.lklungth1051/shared_prefs/umeng_general_config.xml]
D/S4URC   ( 2700): [SDK] [java.io.File] [Constructor] [FilePath][String] [/data/data/com.lungh.lklungth1051/shared_prefs/umeng_general_config.xml.bak]
D/S4URC   ( 2700): [SDK] [java.io.File] [exists] [FilePath][String] [/data/data/com.lungh.lklungth1051/shared_prefs/umeng_general_config.xml]
D/S4URC   ( 2700): [SDK] [java.io.File] [canRead] [FilePath][String] [/data/data/com.lungh.lklungth1051/shared_prefs/umeng_general_config.xml]
D/S4URC   ( 2700): [SDK] [java.io.File] [getPath] [FilePath][String] [/data/data/com.lungh.lklungth1051/shared_prefs/umeng_general_config.xml]
D/S4URC   ( 2700): [SDK] [android.content.ContextWrapper][getSharedPreferences] [File][umeng_general_config.xml] [MODE][MODE_PRIVATE]
D/S4URC   ( 2700): [SDK] [java.io.File] [exists] [FilePath][String] [/data/data/com.lungh.lklungth1051/shared_prefs/umeng_general_config.xml.bak]
D/S4URC   ( 2700): [SDK] [java.io.File] [exists] [FilePath][String] [/data/data/com.lungh.lklungth1051/shared_prefs/umeng_general_config.xml]
D/S4URC   ( 2700): [SDK] [java.io.File] [canRead] [FilePath][String] [/data/data/com.lungh.lklungth1051/shared_prefs/umeng_general_config.xml]
D/S4URC   ( 2700): [SDK] [java.io.File] [getPath] [FilePath][String] [/data/data/com.lungh.lklungth1051/shared_prefs/umeng_general_config.xml]
D/S4URC   ( 2700): [SDK] [java.io.File] [canRead] [FilePath][String] [/data/data/com.lungh.lklungth1051/shared_prefs/umeng_general_config.xml]
D/S4URC   ( 2700): [SDK] [java.io.File] [getPath] [FilePath][String] [/data/data/com.lungh.lklungth1051/shared_prefs/umeng_general_config.xml]
D/S4URC   ( 2700): [SDK] [android.content.ContextWrapper][getSharedPreferences] [File][umeng_general_config.xml] [MODE][MODE_PRIVATE] [Method][getInt] [Int][successful_request] [Return][0]
D/S4URC   ( 2700): [SDK] [android.content.ContextWrapper][getSharedPreferences] [File][umeng_general_config.xml] [MODE][MODE_PRIVATE] [Method][getInt] [Int][failed_requests ] [Return][0]
D/S4URC   ( 2700): [SDK] [android.content.ContextWrapper][getSharedPreferences] [File][umeng_general_config.xml] [MODE][MODE_PRIVATE] [Method][getInt] [Int][last_request_spent_ms] [Return][0]
D/S4URC   ( 2700): [SDK] [android.content.ContextWrapper][getSharedPreferences] [File][umeng_general_config.xml] [MODE][MODE_PRIVATE] [Method][getIong] [Iong][last_request_time] [Return][0]
D/S4URC   ( 2700): [SDK] [android.content.ContextWrapper][getSharedPreferences] [File][umeng_general_config.xml] [MODE][MODE_PRIVATE] [Method][getIong] [Iong][last_req] [Return][0]
D/S4URC   ( 2700): [SDK] [java.io.File] [exists] [FilePath][String] [/data/data/com.lungh.lklungth1051/files]
D/S4URC   ( 2700): [SDK] [java.io.File] [getPath] [FilePath][String] [/data/data/com.lungh.lklungth1051/files]
D/S4URC   ( 2700): [SDK] [java.io.File] [exists] [FilePath][String] [/data/data/com.lungh.lklungth1051/files/.um]
D/S4URC   ( 2700): [SDK] [java.io.File] [isDirectory] [FilePath][String] [/data/data/com.lungh.lklungth1051/files/.um]
D/S4URC   ( 2700): [SDK] [java.io.File] [exists] [FilePath][String] [/data/data/com.lungh.lklungth1051/files]
D/S4URC   ( 2700): [SDK] [java.io.File] [getPath] [FilePath][String] [/data/data/com.lungh.lklungth1051/files]
D/S4URC   ( 2700): [SDK] [java.io.File] [exists] [FilePath][String] [/data/data/com.lungh.lklungth1051/files/.imprint]
D/S4URC   ( 2700): [SDK] [java.io.File] [getPath] [FilePath][String] [/data/data/com.lungh.lklungth1051/shared_prefs/umeng_general_config.xml]
D/S4URC   ( 2700): [SDK] [android.content.ContextWrapper][getSharedPreferences] [File][umeng_general_config.xml] [MODE][MODE_PRIVATE]
D/S4URC   ( 2700): [SDK] [android.content.ContextWrapper][getSharedPreferences] [File][umeng_general_config.xml] [MODE][MODE_PRIVATE] [Method][getString] [String][signature] [Return][null]
D/S4URC   ( 2700): [SDK] [java.io.File] [getPath] [FilePath][String] [/data/data/com.lungh.lklungth1051/shared_prefs/umeng_general_config.xml]
D/S4URC   ( 2700): [SDK] [android.content.ContextWrapper][getSharedPreferences] [File][umeng_general_config.xml] [MODE][MODE_PRIVATE]
D/S4URC   ( 2700): [SDK] [android.content.ContextWrapper][getSharedPreferences] [File][umeng_general_config.xml] [MODE][MODE_PRIVATE] [Method][getIong] [Iong][thtstart] [Return][0]
D/S4URC   ( 2700): [SDK] [android.content.ContextWrapper][getSharedPreferences] [File][umeng_general_config.xml] [MODE][MODE_PRIVATE] [Method][getInt] [Int][gkvc] [Return][0]
D/S4URC   ( 2700): [SDK] [android.content.ContextWrapper][getSharedPreferences] [File][umeng_general_config.xml] [MODE][MODE_PRIVATE] [Method][getInt] [Int][ekvc] [Return][0]
D/S4URC   ( 2700): [SDK] [java.io.File] [getPath] [FilePath][String] [/data/data/com.lungh.lklungth1051/shared_prefs/umeng_general_config.xml]
D/S4URC   ( 2700): [SDK] [android.content.ContextWrapper][getSharedPreferences] [File][umeng_general_config.xml] [MODE][MODE_PRIVATE]
D/S4URC   ( 2700): [SDK] [android.content.ContextWrapper][getSharedPreferences] [File][umeng_general_config.xml] [MODE][MODE_PRIVATE] [Method][getIong] [Iong][a_start_time] [Return][0]
D/S4URC   ( 2700): [SDK] [android.content.ContextWrapper][getSharedPreferences] [File][umeng_general_config.xml] [MODE][MODE_PRIVATE] [Method][getIong] [Iong][a_end_time] [Return][1535572564766]
D/S4URC   ( 2700): [SDK] [android.content.ContextWrapper][getSharedPreferences] [File][umeng_general_config.xml] [MODE][MODE_PRIVATE] [Method][getString] [String][session_id] [Return][D2D848DDB552E07E194824DB660D0A71]
D/S4URC   ( 2700): [SDK] [android.content.ContextWrapper][getSharedPreferences] [File][umeng_general_config.xml] [MODE][MODE_PRIVATE] [Method][putLong] [Key][a_start_time] [Value][1535572573401]
D/S4URC   ( 2700): [SDK] [android.content.ContextWrapper][getSharedPreferences] [File][umeng_general_config.xml] [MODE][MODE_PRIVATE] [Method][putLong] [Key][a_end_time] [Value][0]
D/S4URC   ( 2700): [SDK] [java.io.File] [exists] [FilePath][String] [/data/data/com.lungh.lklungth1051/shared_prefs/umeng_general_config.xml]
D/S4URC   ( 2700): [SDK] [java.io.File] [exists] [FilePath][String] [/data/data/com.lungh.lklungth1051/shared_prefs/umeng_general_config.xml.bak]
D/S4URC   ( 2700): [SDK] [java.io.File] [renameTo] [FilePath][String] [/data/data/com.lungh.lklungth1051/shared_prefs/umeng_general_config.xml] [DesFile][/data/data/com.lungh.lklungth1051/shared_prefs/umeng_general_config.xml.bak]
D/S4URC   ( 2700): [SDK] [java.io.File] [getPath] [FilePath][String] [/data/data/com.lungh.lklungth1051/shared_prefs/umeng_general_config.xml]
D/S4URC   ( 2700): [SDK] [java.io.File] [delete] [FilePath][String] [/data/data/com.lungh.lklungth1051/shared_prefs/umeng_general_config.xml.bak]
D/S4URC   ( 2700): [SDK] [android.content.ContextWrapper][getSharedPreferences] [File][umeng_general_config.xml] [MODE][MODE_PRIVATE] [Method][commit]
D/S4URC   ( 2643): [SDK] [java.lang.Runtime] [exec] [Command][String] [nice]
D/S4URC   ( 2700): [SDK] [android.content.ContentResolver] [registerContentObserver] [URL][String] [content://settings/system/enable_stylus_gestures]
D/S4URC   ( 2643): [SDK] [java.io.File] [getName] [FilePath][String] [/system/xbin/xzcat]
D/S4URC   ( 2643): [SDK] [java.lang.Runtime] [exec] [Command][String] [sh]
D/S4URC   ( 2643): [SDK] [java.lang.Runtime] [exec] [Command][String] [xzcat]
D/S4URC   ( 2643): [SDK] [java.io.File] [getName] [FilePath][String] [/system/xbin/unpigz]
D/S4URC   ( 2643): [SDK] [java.lang.Runtime] [exec] [Command][String] [sh]
D/S4URC   ( 2643): [SDK] [java.lang.Runtime] [exec] [Command][String] [unpigz]
D/S4URC   ( 2700): [SDK] [java.io.File] [getPath] [FilePath][String] [/data/data/com.lungh.lklungth1051/shared_prefs/sncomconfig.xml]
D/S4URC   ( 2700): [SDK] [android.content.ContextWrapper][getSharedPreferences] [File][sncomconfig.xml] [MODE][MODE_PRIVATE]
D/S4URC   ( 2700): [SDK] [java.io.File] [exists] [FilePath][String] [/data/data/com.lungh.lklungth1051/shared_prefs/sncomconfig.xml.bak]
D/S4URC   ( 2700): [SDK] [java.io.File] [exists] [FilePath][String] [/data/data/com.lungh.lklungth1051/shared_prefs/sncomconfig.xml]
D/S4URC   ( 2700): [SDK] [java.io.File] [getPath] [FilePath][String] [/data/data/com.lungh.lklungth1051/shared_prefs/sncomconfig.xml]
D/S4URC   ( 2700): [SDK] [android.content.ContextWrapper][getSharedPreferences] [File][sncomconfig.xml] [MODE][MODE_PRIVATE] [Method][getString] [String][sncomconfig] [Return][]
D/S4URC   ( 2700): [SDK] [java.io.File] [getPath] [FilePath][String] [/storage/sdcard0]
