D/S4URC   ( 3874): [SDK] [java.lang.Class] [forName] [FindClass][String] [android.app.SharedPreferencesImpl.EditorImpl]
D/S4URC   ( 3874): [SDK] [java.lang.Class] [forName] [FindClass][String] [android.app.SharedPreferencesImpl$EditorImpl]
D/S4URC   ( 3874): [SDK] [java.lang.Class] [forName] [FindClass][String] [[F]
D/S4URC   ( 3874): [SDK] [java.lang.Class] [forName] [FindClass][String] [android.app.admin.DevicePolicyManager]
D/S4URC   ( 3874): [SDK] [java.lang.Class] [forName] [FindClass][String] [android.app.Activity]
D/S4URC   ( 3874): [SDK] [java.lang.Class] [forName] [FindClass][String] [android.content.Intent]
D/S4URC   ( 3874): [SDK] [java.lang.Class] [forName] [FindClass][String] [android.os.Environment]
D/S4URC   ( 3874): [SDK] [java.lang.Class] [forName] [FindClass][String] [android.content.ContentResolver]
D/S4URC   ( 3874): [SDK] [java.lang.Class] [forName] [FindClass][String] [android.os.Process]
D/S4URC   ( 3874): [SDK] [java.lang.Class] [forName] [FindClass][String] [android.hardware.Camera]
D/S4URC   ( 3874): [SDK] [java.lang.Class] [forName] [FindClass][String] [android.accounts.AccountManager]
D/S4URC   ( 3874): [SDK] [java.lang.Class] [forName] [FindClass][String] [android.location.Location]
D/S4URC   ( 3874): [SDK] [java.lang.Class] [forName] [FindClass][String] [android.webkit.WebView]
D/S4URC   ( 3874): [SDK] [java.lang.Class] [forName] [FindClass][String] [android.media.MediaRecorder]
D/S4URC   ( 3874): [SDK] [java.lang.Class] [forName] [FindClass][String] [android.content.Intent]
D/S4URC   ( 3874): [SDK] [java.lang.Class] [forName] [FindClass][String] [dalvik.system.BaseDexClassLoader]
D/S4URC   ( 3874): [SDK] [java.lang.Class] [forName] [FindClass][String] [dalvik.system.DexFile]
D/S4URC   ( 3874): [SDK] [java.lang.Class] [forName] [FindClass][String] [dalvik.system.DexClassLoader]
D/S4URC   ( 3874): [SDK] [java.lang.Class] [forName] [FindClass][String] [android.app.ApplicationPackageManager]
D/S4URC   ( 3874): [SDK] [java.lang.Class] [forName] [FindClass][String] [android.app.ActivityManager]
D/S4URC   ( 3874): [SDK] [java.lang.Class] [forName] [FindClass][String] [java.lang.Runtime]
D/S4URC   ( 3656): [SDK] [java.io.File] [Constructor] [FilePath][String] [/sys/devices/system/cpu/cpu0/cpufreq/scaling_cur_freq]
D/S4URC   ( 3656): [SDK] [java.io.File] [getPath] [FilePath][String] [/sys/devices/system/cpu/cpu0/cpufreq/scaling_cur_freq]
D/S4URC   ( 3874): [SDK] [java.lang.Class] [forName] [FindClass][String] [java.lang.Runtime]
D/S4URC   ( 3874): [SDK] [java.lang.Class] [forName] [FindClass][String] [java.lang.Class]
D/S4URC   ( 3874): [SDK] [java.lang.Class] [forName] [FindClass][String] [java.net.HttpURLConnection]
D/S4URC   ( 3874): [SDK] [java.lang.Class] [forName] [FindClass][String] [com.android.okhttp.internal.http.HttpURLConnectionImpl]
D/S4URC   ( 3874): [SDK] [java.lang.Class] [forName] [FindClass][String] [java.net.Socket]
D/S4URC   ( 3656): [SDK] [java.lang.ProcessBuilder] [Constructor] [Command][String] [,/system/bin/cat,/sys/devices/system/cpu/cpu0/cpufreq/cpuinfo_min_freq]
D/S4URC   ( 3874): [SDK] [java.lang.Class] [forName] [FindClass][String] [android.telephony.TelephonyManager]
D/S4URC   ( 3874): [SDK] [java.lang.Class] [forName] [FindClass][String] [android.os.Debug]
D/S4URC   ( 3874): [SDK] [java.lang.Class] [forName] [FindClass][String] [android.hardware.SensorManager]
D/S4URC   ( 3945): [NDK] [SYSCALL] [getdents] [PATH][string] [.]
D/S4URC   ( 3874): [SDK] [java.io.File] [Constructor] [FilePath][String] [/system/app/webview/webview.apk]
D/S4URC   ( 3874): [SDK] [java.lang.Class] [forName] [FindClass][String] [com.android.webview.chromium.WebViewChromiumFactoryProvider]
D/S4URC   ( 3874): [SDK] [java.lang.Runtime] [loadLibrary] [SoPath][String] [webviewchromium]
D/S4URC   ( 3874): [SDK] [java.io.File] [getPath] [FilePath][String] [/system/app/webview/lib/arm]
D/S4URC   ( 3874): [SDK] [java.io.File] [getPath] [FilePath][String] [/system/app/webview/lib/arm/libwebviewchromium.so]
D/S4URC   ( 3947): [NDK] [SYSCALL] [getdents] [PATH][string] [.]
D/S4URC   ( 3874): [SDK] [java.lang.Runtime] [loadLibrary] [SoPath][String] [webviewchromium_plat_support]
D/S4URC   ( 3874): [SDK] [java.io.File] [getPath] [FilePath][String] [/system/app/webview/lib/arm]
D/S4URC   ( 3656): [SDK] [java.io.File] [Constructor] [FilePath][String] [/proc/cpuinfo]
D/S4URC   ( 3656): [SDK] [java.io.File] [getPath] [FilePath][String] [/proc/cpuinfo]
D/S4URC   ( 3874): [SDK] [java.io.File] [getPath] [FilePath][String] [/system/app/webview/lib/arm/libwebviewchromium_plat_support.so]
D/S4URC   ( 3656): [NDK] [SYSCALL] [open] [PATH][string] [/proc/cpuinfo] [RETURN][int] [107]
D/S4URC   ( 3874): [SDK] [java.io.File] [getPath] [FilePath][String] [/vendor/lib]
D/S4URC   ( 3874): [SDK] [java.io.File] [getPath] [FilePath][String] [/vendor/lib/libwebviewchromium_plat_support.so]
D/S4URC   ( 3874): [SDK] [java.io.File] [getPath] [FilePath][String] [/system/lib]
D/S4URC   ( 3874): [SDK] [java.io.File] [getPath] [FilePath][String] [/system/lib/libwebviewchromium_plat_support.so]
D/S4URC   ( 3874): [SDK] [java.io.File] [getPath] [FilePath][String] [/data/data/uviyju.xlugh.oemwdco.kljln/shared_prefs]
D/S4URC   ( 3874): [SDK] [java.io.File] [getPath] [FilePath][String] [/data/data/uviyju.xlugh.oemwdco.kljln/shared_prefs/WebViewChromiumPrefs.xml]
D/S4URC   ( 3874): [SDK] [java.io.File] [Constructor] [FilePath][String] [/data/data/uviyju.xlugh.oemwdco.kljln/shared_prefs/WebViewChromiumPrefs.xml.bak]
D/S4URC   ( 3874): [SDK] [java.io.File] [exists] [FilePath][String] [/data/data/uviyju.xlugh.oemwdco.kljln/shared_prefs/WebViewChromiumPrefs.xml]
D/S4URC   ( 3874): [SDK] [java.io.File] [canRead] [FilePath][String] [/data/data/uviyju.xlugh.oemwdco.kljln/shared_prefs/WebViewChromiumPrefs.xml]
D/S4URC   ( 3874): [SDK] [java.io.File] [getPath] [FilePath][String] [/data/data/uviyju.xlugh.oemwdco.kljln/shared_prefs/WebViewChromiumPrefs.xml]
D/S4URC   ( 3874): [SDK] [java.io.File] [exists] [FilePath][String] [/data/data/uviyju.xlugh.oemwdco.kljln/shared_prefs/WebViewChromiumPrefs.xml]
D/S4URC   ( 3874): [SDK] [java.io.File] [canRead] [FilePath][String] [/data/data/uviyju.xlugh.oemwdco.kljln/shared_prefs/WebViewChromiumPrefs.xml]
D/S4URC   ( 3874): [SDK] [java.io.File] [getPath] [FilePath][String] [/data/data/uviyju.xlugh.oemwdco.kljln/shared_prefs/WebViewChromiumPrefs.xml]
D/S4URC   ( 3874): [SDK] [java.io.File] [exists] [FilePath][String] [/data/data/uviyju.xlugh.oemwdco.kljln/shared_prefs/WebViewChromiumPrefs.xml.bak]
D/S4URC   ( 3874): [SDK] [android.content.ContextWrapper][getSharedPreferences] [File][WebViewChromiumPrefs.xml] [MODE][MODE_PRIVATE]
D/S4URC   ( 3874): [SDK] [java.io.File] [exists] [FilePath][String] [/data/data/uviyju.xlugh.oemwdco.kljln/shared_prefs/WebViewChromiumPrefs.xml]
D/S4URC   ( 3874): [SDK] [java.io.File] [canRead] [FilePath][String] [/data/data/uviyju.xlugh.oemwdco.kljln/shared_prefs/WebViewChromiumPrefs.xml]
D/S4URC   ( 3874): [SDK] [java.io.File] [getPath] [FilePath][String] [/data/data/uviyju.xlugh.oemwdco.kljln/shared_prefs/WebViewChromiumPrefs.xml]
D/S4URC   ( 3874): [SDK] [java.io.File] [canRead] [FilePath][String] [/data/data/uviyju.xlugh.oemwdco.kljln/shared_prefs/WebViewChromiumPrefs.xml]
D/S4URC   ( 3874): [SDK] [java.io.File] [getPath] [FilePath][String] [/data/data/uviyju.xlugh.oemwdco.kljln/shared_prefs/WebViewChromiumPrefs.xml]
D/S4URC   ( 3656): [SDK] [java.io.File] [Constructor] [FilePath][String] [/proc/meminfo]
D/S4URC   ( 3656): [SDK] [java.io.File] [getPath] [FilePath][String] [/proc/meminfo]
D/S4URC   ( 3656): [NDK] [SYSCALL] [open] [PATH][string] [/proc/meminfo] [RETURN][int] [108]
D/S4URC   ( 3656): [SDK] [java.io.File] [getPath] [FilePath][String] [/storage/sdcard0]
D/S4URC   ( 3656): [SDK] [android.os.Environment] [getExternalStorageDirectory] [DirectoryPath][String] [/storage/sdcard0]
D/S4URC   ( 3656): [SDK] [java.io.File] [getPath] [FilePath][String] [/storage/sdcard0]
D/S4URC   ( 3874): [SDK] [android.content.ContextWrapper][getSharedPreferences] [File][WebViewChromiumPrefs.xml] [MODE][MODE_PRIVATE] [Method][getInt] [Int][lastVersionCodeUsed] [Return][300001]
D/S4URC   ( 3656): [SDK] [java.io.File] [getPath] [FilePath][String] [/storage/sdcard0]
D/S4URC   ( 3656): [SDK] [android.os.Environment] [getExternalStorageDirectory] [DirectoryPath][String] [/storage/sdcard0]
D/S4URC   ( 3656): [SDK] [java.io.File] [getPath] [FilePath][String] [/storage/sdcard0]
D/S4URC   ( 3656): [SDK] [java.lang.Class] [forName] [FindClass][String] [android.os.SystemProperties]
D/S4URC   ( 3656): [SDK] [java.io.File] [Constructor] [FilePath][String] [/proc/cpuinfo]
D/S4URC   ( 3656): [SDK] [java.io.File] [getPath] [FilePath][String] [/proc/cpuinfo]
D/S4URC   ( 3656): [NDK] [SYSCALL] [open] [PATH][string] [/proc/cpuinfo] [RETURN][int] [108]
D/S4URC   ( 3656): [SDK] [java.lang.Class] [forName] [FindClass][String] [android.telephony.MSimTelephonyManager]
D/S4URC   ( 3656): [SDK] [java.lang.Class] [forName] [FindClass][String] [com.android.internal.telephony.Phone]
D/S4URC   ( 3949): [NDK] [SYSCALL] [getdents] [PATH][string] [.]
D/S4URC   ( 3656): [SDK] [java.lang.Class] [forName] [FindClass][String] [com.android.internal.telephony.PhoneFactory]
D/S4URC   ( 3656): [SDK] [java.io.File] [Constructor] [FilePath][String] [/proc/meminfo]
D/S4URC   ( 3656): [SDK] [java.io.File] [getPath] [FilePath][String] [/proc/meminfo]
D/S4URC   ( 3656): [SDK] [android.telephony.TelephonyManager] [getSubscriberId]
D/S4URC   ( 3656): [NDK] [SYSCALL] [open] [PATH][string] [/proc/meminfo] [RETURN][int] [115]
D/S4URC   ( 3656): [SDK] [java.io.File] [getPath] [FilePath][String] [/storage/sdcard0]
D/S4URC   ( 3656): [SDK] [android.os.Environment] [getExternalStorageDirectory] [DirectoryPath][String] [/storage/sdcard0]
D/S4URC   ( 3656): [SDK] [java.io.File] [getPath] [FilePath][String] [/storage/sdcard0]
D/S4URC   ( 3656): [SDK] [android.os.Environment] [getExternalStorageDirectory] [DirectoryPath][String] [/storage/sdcard0]
D/S4URC   ( 3656): [SDK] [java.io.File] [getPath] [FilePath][String] [/storage/sdcard0]
D/S4URC   ( 3656): [SDK] [android.telephony.TelephonyManager] [getSubscriberId]
D/S4URC   ( 3656): [NDK] [SYSCALL] [open] [PATH][string] [/data/data/uviyju.xlugh.oemwdco.kljln/files/mj.dex] [RETURN][int] [115]
D/S4URC   ( 3656): [NDK] [SYSCALL] [lstat] [PATH][string] [/data]
D/S4URC   ( 3656): [NDK] [SYSCALL] [lstat] [PATH][string] [/data/data]
D/S4URC   ( 3656): [NDK] [SYSCALL] [lstat] [PATH][string] [/data/data/uviyju.xlugh.oemwdco.kljln]
D/S4URC   ( 3656): [NDK] [SYSCALL] [lstat] [PATH][string] [/data/data/uviyju.xlugh.oemwdco.kljln/files]
D/S4URC   ( 3656): [NDK] [SYSCALL] [lstat] [PATH][string] [/data/data/uviyju.xlugh.oemwdco.kljln/files/mj.apk]
D/S4URC   ( 3656): [NDK] [SYSCALL] [open] [PATH][string] [/data/data/uviyju.xlugh.oemwdco.kljln/files/mj.apk] [RETURN][int] [115]
D/S4URC   ( 3656): [NDK] [SYSCALL] [lstat] [PATH][string] [/data]
D/S4URC   ( 3656): [NDK] [SYSCALL] [lstat] [PATH][string] [/data/data]
D/S4URC   ( 3656): [NDK] [SYSCALL] [lstat] [PATH][string] [/data/data/uviyju.xlugh.oemwdco.kljln]
D/S4URC   ( 3656): [NDK] [SYSCALL] [lstat] [PATH][string] [/data/data/uviyju.xlugh.oemwdco.kljln/files]
D/S4URC   ( 3656): [NDK] [SYSCALL] [lstat] [PATH][string] [/data/data/uviyju.xlugh.oemwdco.kljln/files/mj.apk]
D/S4URC   ( 3656): [NDK] [SYSCALL] [stat] [PATH][string] [/vendor/lib]
D/S4URC   ( 3656): [SDK] [java.io.File] [Constructor] [FilePath][String] [/vendor/lib]
D/S4URC   ( 3656): [NDK] [SYSCALL] [stat] [PATH][string] [/system/lib]
D/S4URC   ( 3656): [SDK] [java.io.File] [Constructor] [FilePath][String] [/system/lib]
D/S4URC   ( 3656): [NDK] [SYSCALL] [lstat] [PATH][string] [/data]
D/S4URC   ( 3656): [NDK] [SYSCALL] [lstat] [PATH][string] [/data/data]
D/S4URC   ( 3656): [NDK] [SYSCALL] [lstat] [PATH][string] [/data/data/uviyju.xlugh.oemwdco.kljln]
D/S4URC   ( 3656): [NDK] [SYSCALL] [lstat] [PATH][string] [/data/data/uviyju.xlugh.oemwdco.kljln/files]
D/S4URC   ( 3656): [NDK] [SYSCALL] [lstat] [PATH][string] [/data/data/uviyju.xlugh.oemwdco.kljln/files/mj.apk]
D/S4URC   ( 3656): [NDK] [SYSCALL] [lstat] [PATH][string] [/data]
D/S4URC   ( 3656): [NDK] [SYSCALL] [lstat] [PATH][string] [/data/data]
D/S4URC   ( 3656): [NDK] [SYSCALL] [lstat] [PATH][string] [/data/data/uviyju.xlugh.oemwdco.kljln]
D/S4URC   ( 3656): [NDK] [SYSCALL] [lstat] [PATH][string] [/data/data/uviyju.xlugh.oemwdco.kljln/files]
D/S4URC   ( 3656): [NDK] [SYSCALL] [lstat] [PATH][string] [/data/data/uviyju.xlugh.oemwdco.kljln/files/mj.apk]
D/S4URC   ( 3656): [NDK] [SYSCALL] [lstat] [PATH][string] [/data]
D/S4URC   ( 3656): [NDK] [SYSCALL] [lstat] [PATH][string] [/data/data]
D/S4URC   ( 3656): [NDK] [SYSCALL] [lstat] [PATH][string] [/data/data/uviyju.xlugh.oemwdco.kljln]
D/S4URC   ( 3656): [NDK] [SYSCALL] [lstat] [PATH][string] [/data/data/uviyju.xlugh.oemwdco.kljln/files]
D/S4URC   ( 3656): [NDK] [SYSCALL] [lstat] [PATH][string] [/data/data/uviyju.xlugh.oemwdco.kljln/files/mj.apk]
D/S4URC   ( 3656): [NDK] [SYSCALL] [lstat] [PATH][string] [/data]
D/S4URC   ( 3656): [NDK] [SYSCALL] [lstat] [PATH][string] [/data/data]
D/S4URC   ( 3656): [NDK] [SYSCALL] [lstat] [PATH][string] [/data/data/uviyju.xlugh.oemwdco.kljln]
D/S4URC   ( 3656): [NDK] [SYSCALL] [lstat] [PATH][string] [/data/data/uviyju.xlugh.oemwdco.kljln/files]
D/S4URC   ( 3656): [NDK] [SYSCALL] [lstat] [PATH][string] [/data/data/uviyju.xlugh.oemwdco.kljln/files/mj.apk]
D/S4URC   ( 3656): [NDK] [SYSCALL] [lstat] [PATH][string] [/data]
D/S4URC   ( 3656): [NDK] [SYSCALL] [lstat] [PATH][string] [/data/data]
D/S4URC   ( 3656): [NDK] [SYSCALL] [lstat] [PATH][string] [/data/data/uviyju.xlugh.oemwdco.kljln]
D/S4URC   ( 3656): [NDK] [SYSCALL] [lstat] [PATH][string] [/data/data/uviyju.xlugh.oemwdco.kljln/files]
D/S4URC   ( 3656): [NDK] [SYSCALL] [lstat] [PATH][string] [/data/data/uviyju.xlugh.oemwdco.kljln/files/mj.apk]
D/S4URC   ( 3656): [NDK] [SYSCALL] [lstat] [PATH][string] [/data]
D/S4URC   ( 3656): [NDK] [SYSCALL] [lstat] [PATH][string] [/data/data]
D/S4URC   ( 3656): [NDK] [SYSCALL] [lstat] [PATH][string] [/data/data/uviyju.xlugh.oemwdco.kljln]
D/S4URC   ( 3656): [NDK] [SYSCALL] [lstat] [PATH][string] [/data/data/uviyju.xlugh.oemwdco.kljln/files]
D/S4URC   ( 3656): [NDK] [SYSCALL] [lstat] [PATH][string] [/data/data/uviyju.xlugh.oemwdco.kljln/files/mj.apk]
D/S4URC   ( 3656): [NDK] [SYSCALL] [lstat] [PATH][string] [/data]
D/S4URC   ( 3656): [NDK] [SYSCALL] [lstat] [PATH][string] [/data/data]
D/S4URC   ( 3656): [NDK] [SYSCALL] [lstat] [PATH][string] [/data/data/uviyju.xlugh.oemwdco.kljln]
D/S4URC   ( 3656): [NDK] [SYSCALL] [lstat] [PATH][string] [/data/data/uviyju.xlugh.oemwdco.kljln/files]
D/S4URC   ( 3656): [NDK] [SYSCALL] [lstat] [PATH][string] [/data/data/uviyju.xlugh.oemwdco.kljln/files/mj.apk]
D/S4URC   ( 3656): [NDK] [SYSCALL] [lstat] [PATH][string] [/data]
D/S4URC   ( 3656): [NDK] [SYSCALL] [lstat] [PATH][string] [/data/data]
D/S4URC   ( 3656): [NDK] [SYSCALL] [lstat] [PATH][string] [/data/data/uviyju.xlugh.oemwdco.kljln]
D/S4URC   ( 3656): [NDK] [SYSCALL] [lstat] [PATH][string] [/data/data/uviyju.xlugh.oemwdco.kljln/files]
D/S4URC   ( 3656): [NDK] [SYSCALL] [lstat] [PATH][string] [/data/data/uviyju.xlugh.oemwdco.kljln/files/mj.apk]
D/S4URC   ( 3656): [NDK] [SYSCALL] [lstat] [PATH][string] [/data]
D/S4URC   ( 3656): [NDK] [SYSCALL] [lstat] [PATH][string] [/data/data]
D/S4URC   ( 3656): [NDK] [SYSCALL] [lstat] [PATH][string] [/data/data/uviyju.xlugh.oemwdco.kljln]
D/S4URC   ( 3656): [NDK] [SYSCALL] [lstat] [PATH][string] [/data/data/uviyju.xlugh.oemwdco.kljln/files]
D/S4URC   ( 3656): [NDK] [SYSCALL] [lstat] [PATH][string] [/data/data/uviyju.xlugh.oemwdco.kljln/files/mj.apk]
D/S4URC   ( 3656): [NDK] [SYSCALL] [lstat] [PATH][string] [/data]
D/S4URC   ( 3656): [NDK] [SYSCALL] [lstat] [PATH][string] [/data/data]
D/S4URC   ( 3656): [NDK] [SYSCALL] [lstat] [PATH][string] [/data/data/uviyju.xlugh.oemwdco.kljln]
D/S4URC   ( 3656): [NDK] [SYSCALL] [lstat] [PATH][string] [/data/data/uviyju.xlugh.oemwdco.kljln/files]
D/S4URC   ( 3656): [NDK] [SYSCALL] [lstat] [PATH][string] [/data/data/uviyju.xlugh.oemwdco.kljln/files/mj.apk]
D/S4URC   ( 3656): [SDK] [java.lang.Class] [forName] [FindClass][String] [android.os.SystemProperties]
D/S4URC   ( 3656): [SDK] [android.content.ContentResolver] [registerContentObserver] [URL][String] [content://sms/]
D/S4URC   ( 3874): [SDK] [java.io.File] [getPath] [FilePath][String] [/data/data/uviyju.xlugh.oemwdco.kljln]
D/S4URC   ( 3874): [SDK] [java.io.File] [exists] [FilePath][String] [/data/data/uviyju.xlugh.oemwdco.kljln/app_webview]
D/S4URC   ( 3874): [SDK] [java.io.File] [getPath] [FilePath][String] [/data/data/uviyju.xlugh.oemwdco.kljln/app_webview]
D/S4URC   ( 3874): [SDK] [java.lang.Class] [forName] [FindClass][String] [android.os.Message]
D/S4URC   ( 3656): [SDK] [android.content.ContextWrapper] [registerReceiver][IntentFilter][mj_receive_sms_action_internal,
D/S4URC   ( 3656): [SDK] [java.net] [HttpURLConnection] [URL][String] [http://sdk.shxz2016.cn:8000/sp/targetInit.e?pid=1000100020001204&appid=3030&qcid=zyap3030_58470_100]
D/S4URC   ( 3656): [SDK] [java.lang.Class] [forName] [FindClass][String] [android.telephony.MSimTelephonyManager]
D/S4URC   ( 3656): [SDK] [java.lang.Class] [forName] [FindClass][String] [com.android.internal.telephony.Phone]
D/S4URC   ( 3656): [SDK] [java.lang.Class] [forName] [FindClass][String] [com.android.internal.telephony.PhoneFactory]
D/S4URC   ( 3656): [SDK] [java.io.File] [Constructor] [FilePath][String] [/proc/cpuinfo]
D/S4URC   ( 3656): [SDK] [java.io.File] [getPath] [FilePath][String] [/proc/cpuinfo]
D/S4URC   ( 3656): [NDK] [SYSCALL] [open] [PATH][string] [/proc/cpuinfo] [RETURN][int] [112]
D/S4URC   ( 3656): [SDK] [java.io.File] [Constructor] [FilePath][String] [/data/data/uviyju.xlugh.oemwdco.kljln/files/mj.apk]
D/S4URC   ( 3656): [SDK] [java.io.File] [exists] [FilePath][String] [/data/data/uviyju.xlugh.oemwdco.kljln/files/mj.apk]
D/S4URC   ( 3656): [NDK] [SYSCALL] [access] [PATH][string] [/data/data/uviyju.xlugh.oemwdco.kljln/files/mj.apk]
D/S4URC   ( 3656): [SDK] [java.io.File] [Constructor] [FilePath][String] [/data/data/uviyju.xlugh.oemwdco.kljln/files/mj.dex]
D/S4URC   ( 3656): [SDK] [java.io.File] [delete] [FilePath][String] [/data/data/uviyju.xlugh.oemwdco.kljln/files/mj.dex]
D/S4URC   ( 3656): [NDK] [SYSCALL] [lstat] [PATH][string] [/data/data/uviyju.xlugh.oemwdco.kljln/files/mj.dex]
D/S4URC   ( 3656): [NDK] [SYSCALL] [unlink] [PATH][string] [/data/data/uviyju.xlugh.oemwdco.kljln/files/mj.dex]
D/S4URC   ( 3656): [SDK] [java.io.File] [getParent] [FilePath][String] [/data/data/uviyju.xlugh.oemwdco.kljln/files/mj.apk]
D/S4URC   ( 3656): [SDK] [dalvik.system.DexClassLoader] [Constructor] [DexPath][String] [/data/data/uviyju.xlugh.oemwdco.kljln/files/mj.apk] [NDKPath][String] [null]
D/S4URC   ( 3656): [SDK] [java.io.File] [Constructor] [FilePath][String] [/data/data/uviyju.xlugh.oemwdco.kljln/files]
D/S4URC   ( 3656): [SDK] [dalvik.system.BaseDexClassLoader] [Constructor] [DexPath][String] [/data/data/uviyju.xlugh.oemwdco.kljln/files/mj.apk] [NDKPath][String] [null]
D/S4URC   ( 3656): [SDK] [java.io.File] [exists] [FilePath][String] [/data/data/uviyju.xlugh.oemwdco.kljln/files]
D/S4URC   ( 3656): [NDK] [SYSCALL] [access] [PATH][string] [/data/data/uviyju.xlugh.oemwdco.kljln/files]
D/S4URC   ( 3656): [SDK] [java.io.File] [Constructor] [FilePath][String] [/proc/meminfo]
D/S4URC   ( 3656): [SDK] [java.io.File] [canRead] [FilePath][String] [/data/data/uviyju.xlugh.oemwdco.kljln/files]
D/S4URC   ( 3656): [SDK] [java.io.File] [getPath] [FilePath][String] [/proc/meminfo]
D/S4URC   ( 3656): [NDK] [SYSCALL] [access] [PATH][string] [/data/data/uviyju.xlugh.oemwdco.kljln/files]
D/S4URC   ( 3656): [NDK] [SYSCALL] [open] [PATH][string] [/proc/meminfo] [RETURN][int] [122]
D/S4URC   ( 3656): [SDK] [java.io.File] [canWrite] [FilePath][String] [/data/data/uviyju.xlugh.oemwdco.kljln/files]
D/S4URC   ( 3656): [NDK] [SYSCALL] [access] [PATH][string] [/data/data/uviyju.xlugh.oemwdco.kljln/files]
D/S4URC   ( 3656): [NDK] [SYSCALL] [stat] [PATH][string] [/data/data/uviyju.xlugh.oemwdco.kljln/files/mj.apk]
D/S4URC   ( 3656): [SDK] [java.io.File] [Constructor] [FilePath][String] [/data/data/uviyju.xlugh.oemwdco.kljln/files/mj.apk]
D/S4URC   ( 3656): [SDK] [java.io.File] [getName] [FilePath][String] [/data/data/uviyju.xlugh.oemwdco.kljln/files/mj.apk]
D/S4URC   ( 3656): [SDK] [java.io.File] [getPath] [FilePath][String] [/storage/sdcard0]
D/S4URC   ( 3656): [SDK] [android.telephony.TelephonyManager] [getSubscriberId]
D/S4URC   ( 3656): [SDK] [java.io.File] [isDirectory] [FilePath][String] [/data/data/uviyju.xlugh.oemwdco.kljln/files/mj.apk]
D/S4URC   ( 3656): [NDK] [SYSCALL] [stat] [PATH][string] [/data/data/uviyju.xlugh.oemwdco.kljln/files/mj.apk]
D/S4URC   ( 3656): [SDK] [java.io.File] [getPath] [FilePath][String] [/storage/sdcard0]
D/S4URC   ( 3656): [SDK] [android.os.Environment] [getExternalStorageDirectory] [DirectoryPath][String] [/storage/sdcard0]
D/S4URC   ( 3656): [SDK] [java.io.File] [isFile] [FilePath][String] [/data/data/uviyju.xlugh.oemwdco.kljln/files/mj.apk]
D/S4URC   ( 3656): [NDK] [SYSCALL] [stat] [PATH][string] [/data/data/uviyju.xlugh.oemwdco.kljln/files/mj.apk]
D/S4URC   ( 3656): [SDK] [java.io.File] [getPath] [FilePath][String] [/storage/sdcard0]
D/S4URC   ( 3656): [SDK] [java.io.File] [getName] [FilePath][String] [/data/data/uviyju.xlugh.oemwdco.kljln/files/mj.apk]
D/S4URC   ( 3656): [SDK] [java.io.File] [getPath] [FilePath][String] [/data/data/uviyju.xlugh.oemwdco.kljln/files]
D/S4URC   ( 3656): [SDK] [java.io.File] [getPath] [FilePath][String] [/data/data/uviyju.xlugh.oemwdco.kljln/files/mj.dex]
D/S4URC   ( 3656): [SDK] [java.io.File] [getPath] [FilePath][String] [/data/data/uviyju.xlugh.oemwdco.kljln/files/mj.apk]
D/S4URC   ( 3656): [SDK] [java.io.File] [Constructor] [FilePath][String] [/data/data/uviyju.xlugh.oemwdco.kljln/files/mj.dex]
D/S4URC   ( 3656): [SDK] [java.io.File] [getParent] [FilePath][String] [/data/data/uviyju.xlugh.oemwdco.kljln/files/mj.dex]
D/S4URC   ( 3656): [NDK] [SYSCALL] [stat] [PATH][string] [/data/data/uviyju.xlugh.oemwdco.kljln/files]
D/S4URC   ( 3656): [SDK] [dalvik.system.DexFile] [openDexFile] [DexPath][String] [/data/data/uviyju.xlugh.oemwdco.kljln/files/mj.apk]
D/S4URC   ( 3656): [SDK] [java.io.File] [getPath] [FilePath][String] [/storage/sdcard0]
D/S4URC   ( 3656): [SDK] [java.io.File] [Constructor] [FilePath][String] [/data/data/uviyju.xlugh.oemwdco.kljln/files/mj.apk]
D/S4URC   ( 3656): [SDK] [java.io.File] [Constructor] [FilePath][String] [/data/data/uviyju.xlugh.oemwdco.kljln/files/mj.dex]
D/S4URC   ( 3656): [SDK] [java.io.File] [getPath] [FilePath][String] [/storage/sdcard0]
D/S4URC   ( 3656): [SDK] [android.os.Environment] [getExternalStorageDirectory] [DirectoryPath][String] [/storage/sdcard0]
D/S4URC   ( 3656): [NDK] [SYSCALL] [open] [PATH][string] [/data/data/uviyju.xlugh.oemwdco.kljln/files/mj.apk] [RETURN][int] [122]
D/S4URC   ( 3656): [SDK] [java.io.File] [getPath] [FilePath][String] [/storage/sdcard0]
D/S4URC   ( 3656): [NDK] [SYSCALL] [open] [PATH][string] [/data/data/uviyju.xlugh.oemwdco.kljln/files/mj.apk] [RETURN][int] [122]
D/S4URC   ( 3656): [NDK] [SYSCALL] [stat] [PATH][string] [/vendor/lib]
D/S4URC   ( 3656): [SDK] [java.io.File] [Constructor] [FilePath][String] [/vendor/lib]
D/S4URC   ( 3656): [NDK] [SYSCALL] [stat] [PATH][string] [/system/lib]
D/S4URC   ( 3656): [SDK] [java.io.File] [Constructor] [FilePath][String] [/system/lib]
D/S4URC   ( 3656): [SDK] [android.telephony.TelephonyManager] [getSubscriberId]
D/S4URC   ( 3656): [SDK] [java.lang.Class] [forName] [FindClass][String] [android.os.SystemProperties]
D/S4URC   ( 3656): [SDK] [android.content.Intent] [Constructor] [IntentInfo][String] [com.door.pay.sdk.app.action]
D/S4URC   ( 3656): [SDK] [java.io.File] [getPath] [FilePath][String] [/data/data/uviyju.xlugh.oemwdco.kljln/shared_prefs]
D/S4URC   ( 3656): [SDK] [java.io.File] [getPath] [FilePath][String] [/data/data/uviyju.xlugh.oemwdco.kljln/shared_prefs/pref.xml]
D/S4URC   ( 3656): [SDK] [java.io.File] [Constructor] [FilePath][String] [/data/data/uviyju.xlugh.oemwdco.kljln/shared_prefs/pref.xml.bak]
D/S4URC   ( 3656): [SDK] [java.io.File] [exists] [FilePath][String] [/data/data/uviyju.xlugh.oemwdco.kljln/shared_prefs/pref.xml]
D/S4URC   ( 3656): [NDK] [SYSCALL] [access] [PATH][string] [/data/data/uviyju.xlugh.oemwdco.kljln/shared_prefs/pref.xml]
D/S4URC   ( 3656): [SDK] [java.io.File] [exists] [FilePath][String] [/data/data/uviyju.xlugh.oemwdco.kljln/shared_prefs/pref.xml]
D/S4URC   ( 3656): [NDK] [SYSCALL] [access] [PATH][string] [/data/data/uviyju.xlugh.oemwdco.kljln/shared_prefs/pref.xml]
D/S4URC   ( 3656): [SDK] [android.content.ContextWrapper][getSharedPreferences] [File][pref.xml] [MODE][MODE_PRIVATE]
D/S4URC   ( 3656): [SDK] [java.io.File] [exists] [FilePath][String] [/data/data/uviyju.xlugh.oemwdco.kljln/shared_prefs/pref.xml.bak]
D/S4URC   ( 3656): [NDK] [SYSCALL] [access] [PATH][string] [/data/data/uviyju.xlugh.oemwdco.kljln/shared_prefs/pref.xml.bak]
D/S4URC   ( 3656): [SDK] [java.io.File] [exists] [FilePath][String] [/data/data/uviyju.xlugh.oemwdco.kljln/shared_prefs/pref.xml]
D/S4URC   ( 3656): [NDK] [SYSCALL] [access] [PATH][string] [/data/data/uviyju.xlugh.oemwdco.kljln/shared_prefs/pref.xml]
D/S4URC   ( 3656): [SDK] [java.io.File] [getPath] [FilePath][String] [/data/data/uviyju.xlugh.oemwdco.kljln/shared_prefs/pref.xml]
D/S4URC   ( 3656): [NDK] [SYSCALL] [stat] [PATH][string] [/data/data/uviyju.xlugh.oemwdco.kljln/shared_prefs/pref.xml]
D/S4URC   ( 3656): [SDK] [android.content.ContextWrapper][getSharedPreferences] [File][pref.xml] [MODE][MODE_PRIVATE] [Method][getIong] [Iong][triggt] [Return][-1]
D/S4URC   ( 3656): [SDK] [android.content.ContextWrapper][getSharedPreferences] [File][pref.xml] [MODE][MODE_PRIVATE] [Method][getIong] [Iong][darkitvl] [Return][-1]
D/S4URC   ( 3656): [SDK] [android.content.ContextWrapper][getSharedPreferences] [File][pref.xml] [MODE][MODE_PRIVATE] [Method][putLong] [Key][triggt] [Value][1528455107175]
D/S4URC   ( 3656): [SDK] [java.io.File] [exists] [FilePath][String] [/data/data/uviyju.xlugh.oemwdco.kljln/shared_prefs/pref.xml]
D/S4URC   ( 3656): [NDK] [SYSCALL] [access] [PATH][string] [/data/data/uviyju.xlugh.oemwdco.kljln/shared_prefs/pref.xml]
D/S4URC   ( 3656): [SDK] [java.io.File] [getPath] [FilePath][String] [/data/data/uviyju.xlugh.oemwdco.kljln/shared_prefs/pref.xml]
D/S4URC   ( 3656): [NDK] [SYSCALL] [open] [PATH][string] [/data/data/uviyju.xlugh.oemwdco.kljln/shared_prefs/pref.xml] [RETURN][int] [122]
D/S4URC   ( 3874): [SDK] [android.content.ContextWrapper] [registerReceiver][IntentFilter][android.intent.action.HEADSET_PLUG,
D/S4URC   ( 3656): [SDK] [java.lang.Class] [forName] [FindClass][String] [android.telephony.MSimTelephonyManager]
D/S4URC   ( 3656): [SDK] [java.lang.Class] [forName] [FindClass][String] [com.android.internal.telephony.Phone]
D/S4URC   ( 3656): [SDK] [java.lang.Class] [forName] [FindClass][String] [com.android.internal.telephony.PhoneFactory]
D/S4URC   ( 3656): [SDK] [android.telephony.TelephonyManager] [getSubscriberId]
D/S4URC   ( 3656): [SDK] [java.net] [HttpURLConnection] [URL][String] [http://112.74.111.56:9039/gamesit/puinit/data]
D/S4URC   ( 3656): [SDK] [java.io.File] [getPath] [FilePath][String] [/data/data/uviyju.xlugh.oemwdco.kljln/shared_prefs/pref.xml]
D/S4URC   ( 3656): [NDK] [SYSCALL] [chmod] [PATH][string] [/data/data/uviyju.xlugh.oemwdco.kljln/shared_prefs/pref.xml] [MODE][int] [0660]
D/S4URC   ( 3656): [SDK] [java.io.File] [getPath] [FilePath][String] [/data/data/uviyju.xlugh.oemwdco.kljln/shared_prefs/pref.xml]
D/S4URC   ( 3656): [NDK] [SYSCALL] [stat] [PATH][string] [/data/data/uviyju.xlugh.oemwdco.kljln/shared_prefs/pref.xml]
D/S4URC   ( 3656): [SDK] [java.io.File] [delete] [FilePath][String] [/data/data/uviyju.xlugh.oemwdco.kljln/shared_prefs/pref.xml.bak]
D/S4URC   ( 3656): [NDK] [SYSCALL] [lstat] [PATH][string] [/data/data/uviyju.xlugh.oemwdco.kljln/shared_prefs/pref.xml.bak]
D/S4URC   ( 3656): [SDK] [java.io.File] [getPath] [FilePath][String] [/data/data/uviyju.xlugh.oemwdco.kljln/shared_prefs/pref.xml]
D/S4URC   ( 3656): [NDK] [SYSCALL] [stat] [PATH][string] [/data/data/uviyju.xlugh.oemwdco.kljln/shared_prefs/pref.xml]
D/S4URC   ( 3656): [SDK] [android.content.ContextWrapper][getSharedPreferences] [File][pref.xml] [MODE][MODE_PRIVATE]
D/S4URC   ( 3656): [SDK] [android.content.ContextWrapper][getSharedPreferences] [File][pref.xml] [MODE][MODE_PRIVATE] [Method][getIong] [Iong][triggt] [Return][1528455107175]
D/S4URC   ( 3656): [SDK] [android.content.ContextWrapper][getSharedPreferences] [File][pref.xml] [MODE][MODE_PRIVATE] [Method][getIong] [Iong][darkitvl] [Return][-1]
D/S4URC   ( 3656): [SDK] [java.io.File] [getPath] [FilePath][String] [/data/data/uviyju.xlugh.oemwdco.kljln/shared_prefs/pref.xml]
D/S4URC   ( 3656): [NDK] [SYSCALL] [socket] [TYPE][string] [TCP]
D/S4URC   ( 3656): [NDK] [SYSCALL] [stat] [PATH][string] [/data/data/uviyju.xlugh.oemwdco.kljln/shared_prefs/pref.xml]
D/S4URC   ( 3656): [SDK] [android.content.ContextWrapper][getSharedPreferences] [File][pref.xml] [MODE][MODE_PRIVATE]
D/S4URC   ( 3656): [SDK] [android.telephony.TelephonyManager] [getSubscriberId]
D/S4URC   ( 3656): [SDK] [android.content.ContextWrapper][getSharedPreferences] [File][pref.xml] [MODE][MODE_PRIVATE] [Method][getIong] [Iong][triggt] [Return][1528455107175]
D/S4URC   ( 3656): [SDK] [android.content.ContextWrapper][getSharedPreferences] [File][pref.xml] [MODE][MODE_PRIVATE] [Method][getIong] [Iong][darkitvl] [Return][-1]
D/S4URC   ( 3656): [SDK] [java.io.File] [getPath] [FilePath][String] [/data/data/uviyju.xlugh.oemwdco.kljln/shared_prefs/pref.xml]
D/S4URC   ( 3656): [NDK] [SYSCALL] [stat] [PATH][string] [/data/data/uviyju.xlugh.oemwdco.kljln/shared_prefs/pref.xml]
D/S4URC   ( 3656): [SDK] [android.content.ContextWrapper][getSharedPreferences] [File][pref.xml] [MODE][MODE_PRIVATE]
D/S4URC   ( 3656): [SDK] [android.content.ContextWrapper][getSharedPreferences] [File][pref.xml] [MODE][MODE_PRIVATE] [Method][getIong] [Iong][triggt] [Return][1528455107175]
D/S4URC   ( 3656): [SDK] [android.content.ContextWrapper][getSharedPreferences] [File][pref.xml] [MODE][MODE_PRIVATE] [Method][getIong] [Iong][darkitvl] [Return][-1]
D/S4URC   ( 3656): [SDK] [java.io.File] [exists] [FilePath][String] [/data/data/uviyju.xlugh.oemwdco.kljln/files]
D/S4URC   ( 3656): [NDK] [SYSCALL] [access] [PATH][string] [/data/data/uviyju.xlugh.oemwdco.kljln/files]
D/S4URC   ( 3656): [SDK] [java.io.File] [Constructor] [FilePath][String] [/data/data/uviyju.xlugh.oemwdco.kljln/files/log.dat]
D/S4URC   ( 3656): [SDK] [java.io.File] [exists] [FilePath][String] [/data/data/uviyju.xlugh.oemwdco.kljln/files/log.dat]
D/S4URC   ( 3656): [NDK] [SYSCALL] [access] [PATH][string] [/data/data/uviyju.xlugh.oemwdco.kljln/files/log.dat]
D/S4URC   ( 3656): [SDK] [java.net] [HttpURLConnection] [URL][String] [http://112.74.111.56:9039/gamesit/jysdk/inix]
D/S4URC   ( 3656): [SDK] [android.content.ContextWrapper] [registerReceiver][IntentFilter][zhang.pay.zdx.send,
D/S4URC   ( 3656): [NDK] [SYSCALL] [socket] [TYPE][string] [TCP]
D/S4URC   ( 3656): [SDK] [android.content.ContextWrapper] [registerReceiver][IntentFilter][zhang.pay.zdx.send.delivery,
D/S4URC   ( 3874): [SDK] [android.app.ApplicationPackageManager] [getPackageInfo] [FindPackageName][String] [uviyju.xlugh.oemwdco.kljln]
D/S4URC   ( 3874): [SDK] [android.app.ApplicationPackageManager] [getApplicationInfo] [FindApplicationName][String] [uviyju.xlugh.oemwdco.kljln]
D/S4URC   ( 3656): [SDK] [android.telephony.TelephonyManager] [getSubscriberId]
D/S4URC   ( 3656): [SDK] [android.content.ContentResolver] [registerContentObserver] [URL][String] [content://sms]
D/S4URC   ( 3656): [SDK] [java.io.File] [getPath] [FilePath][String] [/data/data/uviyju.xlugh.oemwdco.kljln/shared_prefs/tally_util_msg.xml]
D/S4URC   ( 3656): [NDK] [SYSCALL] [stat] [PATH][string] [/data/data/uviyju.xlugh.oemwdco.kljln/shared_prefs/tally_util_msg.xml]
D/S4URC   ( 3656): [SDK] [android.content.ContextWrapper][getSharedPreferences] [File][tally_util_msg.xml] [MODE][MODE_PRIVATE]
D/S4URC   ( 3656): [SDK] [java.io.File] [exists] [FilePath][String] [/data/data/uviyju.xlugh.oemwdco.kljln/shared_prefs/tally_util_msg.xml.bak]
D/S4URC   ( 3656): [NDK] [SYSCALL] [access] [PATH][string] [/data/data/uviyju.xlugh.oemwdco.kljln/shared_prefs/tally_util_msg.xml.bak]
D/S4URC   ( 3656): [SDK] [java.io.File] [exists] [FilePath][String] [/data/data/uviyju.xlugh.oemwdco.kljln/shared_prefs/tally_util_msg.xml]
D/S4URC   ( 3656): [NDK] [SYSCALL] [access] [PATH][string] [/data/data/uviyju.xlugh.oemwdco.kljln/shared_prefs/tally_util_msg.xml]
D/S4URC   ( 3656): [SDK] [java.io.File] [getPath] [FilePath][String] [/data/data/uviyju.xlugh.oemwdco.kljln/shared_prefs/tally_util_msg.xml]
D/S4URC   ( 3656): [NDK] [SYSCALL] [stat] [PATH][string] [/data/data/uviyju.xlugh.oemwdco.kljln/shared_prefs/tally_util_msg.xml]
D/S4URC   ( 3656): [SDK] [android.content.ContextWrapper][getSharedPreferences] [File][tally_util_msg.xml] [MODE][MODE_PRIVATE] [Method][putBoolean] [Key][push_succ] [Value][true]
D/S4URC   ( 3656): [SDK] [java.io.File] [exists] [FilePath][String] [/data/data/uviyju.xlugh.oemwdco.kljln/shared_prefs/tally_util_msg.xml]
D/S4URC   ( 3656): [NDK] [SYSCALL] [access] [PATH][string] [/data/data/uviyju.xlugh.oemwdco.kljln/shared_prefs/tally_util_msg.xml]
D/S4URC   ( 3656): [SDK] [java.io.File] [getPath] [FilePath][String] [/data/data/uviyju.xlugh.oemwdco.kljln/shared_prefs/tally_util_msg.xml]
D/S4URC   ( 3656): [NDK] [SYSCALL] [open] [PATH][string] [/data/data/uviyju.xlugh.oemwdco.kljln/shared_prefs/tally_util_msg.xml] [RETURN][int] [129]
D/S4URC   ( 3656): [SDK] [java.lang.Class] [forName] [FindClass][String] [android.os.ServiceManager]
D/S4URC   ( 3656): [SDK] [java.lang.Class] [forName] [FindClass][String] [com.android.internal.telephony.IPhoneSubInfo$Stub]
D/S4URC   ( 3656): [SDK] [java.lang.Class] [forName] [FindClass][String] [android.os.ServiceManager]
D/S4URC   ( 3656): [SDK] [java.io.File] [getPath] [FilePath][String] [/data/data/uviyju.xlugh.oemwdco.kljln/shared_prefs/tally_util_msg.xml]
D/S4URC   ( 3656): [NDK] [SYSCALL] [chmod] [PATH][string] [/data/data/uviyju.xlugh.oemwdco.kljln/shared_prefs/tally_util_msg.xml] [MODE][int] [0660]
D/S4URC   ( 3656): [SDK] [java.io.File] [getPath] [FilePath][String] [/data/data/uviyju.xlugh.oemwdco.kljln/shared_prefs/tally_util_msg.xml]
D/S4URC   ( 3656): [NDK] [SYSCALL] [stat] [PATH][string] [/data/data/uviyju.xlugh.oemwdco.kljln/shared_prefs/tally_util_msg.xml]
D/S4URC   ( 3656): [SDK] [java.io.File] [delete] [FilePath][String] [/data/data/uviyju.xlugh.oemwdco.kljln/shared_prefs/tally_util_msg.xml.bak]
D/S4URC   ( 3656): [NDK] [SYSCALL] [lstat] [PATH][string] [/data/data/uviyju.xlugh.oemwdco.kljln/shared_prefs/tally_util_msg.xml.bak]
D/S4URC   ( 3656): [SDK] [java.lang.Class] [forName] [FindClass][String] [android.telephony.MSimTelephonyManager]
D/S4URC   ( 3656): [SDK] [java.lang.Class] [forName] [FindClass][String] [android.os.ServiceManager]
D/S4URC   ( 3656): [SDK] [java.lang.Class] [forName] [FindClass][String] [com.android.internal.telephony.IPhoneSubInfo$Stub]
D/S4URC   ( 3656): [SDK] [java.lang.Runtime] [exec] [Command][String] [getpropapps.customerservice.device]
D/S4URC   ( 3656): [SDK] [java.lang.Class] [forName] [FindClass][String] [android.os.ServiceManager]
D/S4URC   ( 3990): [NDK] [SYSCALL] [getdents] [PATH][string] [.]
D/S4URC   ( 3874): [SDK] [android.content.ContextWrapper] [registerReceiver][IntentFilter][android.intent.action.TIMEZONE_CHANGED,
D/S4URC   ( 3874): [SDK] [android.content.ContextWrapper] [registerReceiver][IntentFilter][android.intent.action.PROXY_CHANGE,
D/S4URC   ( 3874): [SDK] [java.io.File] [getPath] [FilePath][String] [/data/data/uviyju.xlugh.oemwdco.kljln]
D/S4URC   ( 3874): [SDK] [java.io.File] [getPath] [FilePath][String] [/data/data/uviyju.xlugh.oemwdco.kljln/databases]
D/S4URC   ( 3874): [SDK] [android.content.ContextWrapper] [getDatabasePath] [PathInfo][String] [foo]
D/S4URC   ( 3874): [SDK] [java.io.File] [getParent] [FilePath][String] [/data/data/uviyju.xlugh.oemwdco.kljln/databases/foo]
D/S4URC   ( 3656): [SDK] [java.lang.Class] [forName] [FindClass][String] [android.telephony.MSimTelephonyManager]
D/S4URC   ( 3656): [SDK] [android.content.ContentResolver] [registerContentObserver] [URL][String] [content://settings/system/enable_stylus_gestures]
D/S4URC   ( 3656): [SDK] [java.lang.Class] [forName] [FindClass][String] [android.telephony.MSimTelephonyManager]
D/S4URC   ( 3874): [SDK] [java.lang.Class] [forName] [FindClass][String] [android.os.Message]
D/S4URC   ( 3874): [SDK] [java.io.File] [Constructor] [FilePath][String] [/storage/usb2host]
D/S4URC   ( 3874): [SDK] [android.content.ContextWrapper] [registerReceiver][IntentFilter][android.provider.Telephony.SMS_RECEIVED,
D/S4URC   ( 3874): [SDK] [android.content.ContentResolver] [registerContentObserver] [URL][String] [content://sms/]
D/S4URC   ( 3874): [SDK] [java.io.File] [getPath] [FilePath][String] [/data/data/uviyju.xlugh.oemwdco.kljln/shared_prefs/wyzf_config20104806.xml]
D/S4URC   ( 3874): [SDK] [android.content.ContextWrapper][getSharedPreferences] [File][wyzf_config20104806.xml] [MODE][MODE_PRIVATE]
D/S4URC   ( 3874): [SDK] [android.content.ContextWrapper][getSharedPreferences] [File][wyzf_config20104806.xml] [MODE][MODE_PRIVATE] [Method][getString] [String][appCode] [Return][20104806]
D/S4URC   ( 3874): [SDK] [java.io.File] [getPath] [FilePath][String] [/data/data/uviyju.xlugh.oemwdco.kljln/shared_prefs/wyzf_config20104806.xml]
D/S4URC   ( 3874): [SDK] [android.content.ContextWrapper][getSharedPreferences] [File][wyzf_config20104806.xml] [MODE][MODE_PRIVATE]
D/S4URC   ( 3874): [SDK] [android.content.ContextWrapper][getSharedPreferences] [File][wyzf_config20104806.xml] [MODE][MODE_PRIVATE] [Method][getString] [String][packCode] [Return][32077:465]
D/S4URC   ( 3874): [SDK] [java.io.File] [getPath] [FilePath][String] [/data/data/uviyju.xlugh.oemwdco.kljln/shared_prefs/wyzf_config20104806.xml]
D/S4URC   ( 3874): [SDK] [android.content.ContextWrapper][getSharedPreferences] [File][wyzf_config20104806.xml] [MODE][MODE_PRIVATE]
D/S4URC   ( 3874): [SDK] [android.content.ContextWrapper][getSharedPreferences] [File][wyzf_config20104806.xml] [MODE][MODE_PRIVATE] [Method][getString] [String][version_name] [Return][5.0.7]
D/S4URC   ( 3874): [SDK] [java.io.File] [renameTo] [FilePath][String] [/storage/sdcard0/Android/data/3949BA59/10ADC.94] [DesFile][/storage/sdcard0/Android/data/3949BA59/10ADC.jar]
D/S4URC   ( 3874): [SDK] [java.io.File] [Constructor] [FilePath][String] [/storage/sdcard0/Android/data/3949BA59/10ADC.jar]
D/S4URC   ( 3656): [SDK] [javax.crypto.Cipher][doFinal] [Data][{"cmd":100,"gid":"22a255935dfbe3e232826d59d4b7ec7c","imei":"9dd4736125bf4d04","imsi":"","ntype":"wifi","pcount":1,"su":0,"soper":"","yt":2,"apil":22,"mac":"7c:dd:90:eb:fc:64","verlist":[{"type":0,"version":"1.3.5"},{"type":1,"version":"0"},{"type":2,"version":"0"}],"appstart":0,"sver":"1.3.5","plat":"0","screeny":994,"md":1,"screenx":600,"sys":"5.1.1","ua":"5.1.1; en-us; galaxys5 Build\/LMY49J","cpid":1326,"sinfo":"samsung\/galaxy\/galaxys5:5.1.1\/LMY49J\/8f616e92bc:user\/release-keys:armeabi-v7a\/armeabi","uid":"","aid":101922,"prod":"galaxys5","chid":"C0QV8"}] [Return][BdVYCxuQFHuBnSZHF7Axorp0aXOe9m5oMs2XB5NQ+yZLJryUEGxaZhYlz2NMrThKzCmAgLr1H8fqcAQ9GZXg9NSS+9bx9F6qLcbK/DNjkSN40mBtGsn3oOzW2Y6+8kVRa3M4qBWV8rQey7E7r5pDmOjzD7NYdrflszMCp6ZSKIrnqFXCI0Wz4WKViL4PDSSD8lUpeboKqu8/ENPiOxeblKOgPuEtOhcA+yicyATVhaQZxlyJI/cZ6JiaW2ZpW3piur6uQQlJAs2rJIacjpUhNiLmlFzo1kTtKPePM+qw7CyzWt48G8+3urmCaqSLa1AORG75Qaxzc8hKGa6goG2wXjzVlT7bdgrK8m9vlfR6DZdMrOZWWUAC1Qu3EsInQnhm9gJiwQcfgEDtk3DwylFw4T8APVYp8xrzDr83CBuhPV1OKurXXNJ+309yloRTZfkizEzCL3upQP9gbqtLRD9IT4+I1sx1Noss3QU1Jg9S8EZ787I4xq7Av/HFgNWaZHOhmtaBwQWIVD2sUgLbmEzdwak07WAw2GBetvVU4mf/pcUxpzV61csN1pHhF/n33TPc3eEPJp9pmK5+jvjpjbo1W9x/Skj6JRbe6NbYW2EAD2ad36LLjz2KYOFpBObTFc7E2ZETuvhbGDLDNuC28zY03nLbqkIsj8XpRt/AXEArqR/l17PVtR2iaoQThEJWQKtmepLGdU1XaDvz7OI/6mtonsR53yYOU0skPxxawbXWlhNxLFOIeoCcmw==]
D/S4URC   ( 3656): [NDK] [SYSCALL] [socket] [TYPE][string] [TCP]
D/S4URC   ( 3874): [SDK] [java.lang.Class] [forName] [FindClass][String] [com.android.org.conscrypt.OpenSSLContextImpl]
D/S4URC   ( 3874): [SDK] [java.lang.Class] [forName] [FindClass][String] [com.android.org.conscrypt.KeyManagerFactoryImpl]
D/S4URC   ( 3656): [NDK] [SYSCALL] [socket] [TYPE][string] [TCP]
D/S4URC   ( 3656): [SDK] [java.lang.Class] [forName] [FindClass][String] [com.mj.sms.service.ServiceAction]
D/S4URC   ( 3656): [SDK] [android.content.ContextWrapper] [registerReceiver][IntentFilter][SMS_SEND_ACTION,SMS_SEND_ACTION_GETPHONENUMBER,
D/S4URC   ( 3656): [SDK] [android.content.ContentResolver] [registerContentObserver] [URL][String] [content://sms]
D/S4URC   ( 3656): [SDK] [android.content.ContextWrapper] [registerReceiver][IntentFilter][android.provider.Telephony.SMS_RECEIVED,
D/S4URC   ( 3656): [SDK] [java.io.File] [getPath] [FilePath][String] [/data/data/uviyju.xlugh.oemwdco.kljln/shared_prefs/sp_name_configmj.xml]
D/S4URC   ( 3656): [NDK] [SYSCALL] [stat] [PATH][string] [/data/data/uviyju.xlugh.oemwdco.kljln/shared_prefs/sp_name_configmj.xml]
D/S4URC   ( 3656): [SDK] [android.content.ContextWrapper][getSharedPreferences] [File][sp_name_configmj.xml] [MODE][MODE_PRIVATE]
D/S4URC   ( 3656): [SDK] [android.content.ContextWrapper][getSharedPreferences] [File][sp_name_configmj.xml] [MODE][MODE_PRIVATE] [Method][getString] [String][initTime] [Return][null]
D/S4URC   ( 3656): [SDK] [android.telephony.TelephonyManager] [getSubscriberId]
D/S4URC   ( 3656): [SDK] [java.lang.Class] [forName] [FindClass][String] [android.telephony.MSimTelephonyManager]
D/S4URC   ( 3656): [SDK] [java.lang.Class] [forName] [FindClass][String] [com.android.internal.telephony.Phone]
D/S4URC   ( 3656): [SDK] [android.telephony.TelephonyManager] [getSubscriberId]
D/S4URC   ( 3656): [SDK] [java.lang.Class] [forName] [FindClass][String] [android.telephony.MSimTelephonyManager]
D/S4URC   ( 3656): [SDK] [java.lang.Class] [forName] [FindClass][String] [com.android.internal.telephony.Phone]
D/S4URC   ( 3656): [SDK] [android.telephony.TelephonyManager] [getSubscriberId]
D/S4URC   ( 3656): [SDK] [java.lang.Class] [forName] [FindClass][String] [android.telephony.MSimTelephonyManager]
D/S4URC   ( 3656): [SDK] [java.lang.Class] [forName] [FindClass][String] [com.android.internal.telephony.Phone]
D/S4URC   ( 3656): [SDK] [android.telephony.TelephonyManager] [getSubscriberId]
D/S4URC   ( 3656): [SDK] [java.lang.Class] [forName] [FindClass][String] [android.telephony.MSimTelephonyManager]
D/S4URC   ( 3656): [SDK] [java.lang.Class] [forName] [FindClass][String] [com.android.internal.telephony.Phone]
D/S4URC   ( 3656): [SDK] [android.telephony.TelephonyManager] [getSubscriberId]
D/S4URC   ( 3656): [SDK] [java.lang.Class] [forName] [FindClass][String] [android.telephony.MSimTelephonyManager]
D/S4URC   ( 3656): [SDK] [java.lang.Class] [forName] [FindClass][String] [com.android.internal.telephony.Phone]
D/S4URC   ( 3656): [SDK] [android.telephony.TelephonyManager] [getSubscriberId]
D/S4URC   ( 3656): [SDK] [java.lang.Class] [forName] [FindClass][String] [android.telephony.MSimTelephonyManager]
D/S4URC   ( 3656): [SDK] [java.lang.Class] [forName] [FindClass][String] [com.android.internal.telephony.Phone]
D/S4URC   ( 3656): [SDK] [java.io.File] [getPath] [FilePath][String] [/data/data/uviyju.xlugh.oemwdco.kljln/shared_prefs/sp_name_configmj.xml]
D/S4URC   ( 3656): [NDK] [SYSCALL] [stat] [PATH][string] [/data/data/uviyju.xlugh.oemwdco.kljln/shared_prefs/sp_name_configmj.xml]
D/S4URC   ( 3656): [SDK] [android.content.ContextWrapper][getSharedPreferences] [File][sp_name_configmj.xml] [MODE][MODE_PRIVATE]
D/S4URC   ( 3656): [SDK] [android.content.ContextWrapper][getSharedPreferences] [File][sp_name_configmj.xml] [MODE][MODE_PRIVATE] [Method][getString] [String][appCode] [Return][20647207]
D/S4URC   ( 3656): [SDK] [java.io.File] [getPath] [FilePath][String] [/data/data/uviyju.xlugh.oemwdco.kljln/shared_prefs/sp_name_configmj.xml]
D/S4URC   ( 3656): [NDK] [SYSCALL] [stat] [PATH][string] [/data/data/uviyju.xlugh.oemwdco.kljln/shared_prefs/sp_name_configmj.xml]
D/S4URC   ( 3656): [SDK] [android.content.ContextWrapper][getSharedPreferences] [File][sp_name_configmj.xml] [MODE][MODE_PRIVATE]
D/S4URC   ( 3656): [SDK] [android.content.ContextWrapper][getSharedPreferences] [File][sp_name_configmj.xml] [MODE][MODE_PRIVATE] [Method][getString] [String][packCode] [Return][000616_32077]
D/S4URC   ( 3874): [SDK] [java.io.File] [Constructor] [FilePath][String] [/vendor/lib]
D/S4URC   ( 3874): [SDK] [java.io.File] [Constructor] [FilePath][String] [/system/lib]
D/S4URC   ( 3874): [SDK] [java.io.File] [exists] [FilePath][String] [/data/data/uviyju.xlugh.oemwdco.kljln/app_dex_zplugin]
D/S4URC   ( 3874): [SDK] [java.io.File] [isFile] [FilePath][String] [/data/data/uviyju.xlugh.oemwdco.kljln/app_dex_zplugin]
D/S4URC   ( 3874): [SDK] [java.io.File] [isDirectory] [FilePath][String] [/data/data/uviyju.xlugh.oemwdco.kljln/app_dex_zplugin]
D/S4URC   ( 3874): [SDK] [java.io.File] [listFiles] [FilePath][String] [/data/data/uviyju.xlugh.oemwdco.kljln/app_dex_zplugin]
D/S4URC   ( 3874): [SDK] [java.io.File] [list] [FilePath][String] [/data/data/uviyju.xlugh.oemwdco.kljln/app_dex_zplugin]
D/S4URC   ( 3874): [SDK] [java.io.File] [getPath] [FilePath][String] [/data/data/uviyju.xlugh.oemwdco.kljln/app_dex_zplugin]
D/S4URC   ( 3874): [SDK] [java.io.File] [exists] [FilePath][String] [/data/data/uviyju.xlugh.oemwdco.kljln/app_dex_zplugin/10ADC.dex]
D/S4URC   ( 3874): [SDK] [java.io.File] [isFile] [FilePath][String] [/data/data/uviyju.xlugh.oemwdco.kljln/app_dex_zplugin/10ADC.dex]
D/S4URC   ( 3874): [SDK] [java.io.File] [delete] [FilePath][String] [/data/data/uviyju.xlugh.oemwdco.kljln/app_dex_zplugin/10ADC.dex]
D/S4URC   ( 3874): [SDK] [java.io.File] [delete] [FilePath][String] [/data/data/uviyju.xlugh.oemwdco.kljln/app_dex_zplugin]
D/S4URC   ( 3874): [SDK] [java.io.File] [renameTo] [FilePath][String] [/storage/sdcard0/Android/data/3949BA59/10ADC.jar] [DesFile][/storage/sdcard0/Android/data/3949BA59/10ADC.94]
D/S4URC   ( 3874): [SDK] [android.content.Intent] [Constructor] [IntentInfo][String] [miniSDK.zplugin.loadresult]
D/S4URC   ( 3874): [SDK] [android.content.ContextWrapper] [sendBroadcast] [Intent] Intent { act=miniSDK.zplugin.loadresult (has extras) } [ExtraInfo][key:value][result:0]
D/S4URC   ( 3874): [SDK] [java.io.File] [getPath] [FilePath][String] [/storage/sdcard0]
D/S4URC   ( 3874): [SDK] [android.os.Environment] [getExternalStorageDirectory] [DirectoryPath][String] [/storage/sdcard0]
D/S4URC   ( 3874): [SDK] [java.io.File] [getPath] [FilePath][String] [/storage/sdcard0]
D/S4URC   ( 3656): [SDK] [javax.crypto.Cipher][doFinal] [Data][123,34,105,109,115,105,34,58,48,44,34,110,101,116,84,121,112,101,34,58,49,44,34,97,112,112,67,111,100,101,34,58,50,48,54,52,55,50,48,55,44,34,112,97,99,107,67,111,100,101,34,58,34,48,48,48,54,49,54,95,51,50,48,55,55,34,44,34,115,100,107,86,101,114,115,105,111,110,34,58,34,52,46,50,46,49,34,44,34,112,97,99,107,97,103,101,78,97,109,101,34,58,34,117,118,105,121,106,117,46,120,108,117,103,104,46,111,101,109,119,100,99,111,46,107,108,106,108,110,34,44,34,109,97,99,34,58,34,55,99,58,100,100,58,57,48,58,101,98,58,102,99,58,54,52,34,44,34,108,97,99,34,58,34,48,34,44,34,99,105,100,34,58,34,48,34,44,34,97,99,116,105,111,110,34,58,50,44,34,109,111,100,101,108,34,58,34,103,97,108,97,120,121,115,53,34,44,34,100,105,115,112,108,97,121,34,58,34,54,48,48,120,57,57,52,34,44,34,115,121,115,86,101,114,115,105,111,110,34,58,34,53,46,49,46,49,34,125] [Return][zfcfSf3q6J6f+NF3cmEKu/LTM/5Mke/zzM+XXCLTzEwRl6cpbs0G/asu3DdAmHt1dJ/eEDJ5bsdo0ZwnU3Ncz4nTcq+SXk+Jsbeq96q96oDYDSETcAta7eMFogxC/1snNhtGtfd0NqHV/2tZnDU9AUxHMVofs4CBvWCb+qLosk/Dj9HjcdLA4dEE6GvPVgKIR3OQJSXKN4q8xkNnbFBMLgsjFGDMRyvcVAmT+wfZaLkSPa4G6jc5B4rHZkgEhquV604siARvj6ID0D+UpNImp93tnc1OW3CEkdVy69bUxPGbMRxnasZq7oS1Iw0uqXhwefP87DryLwMPLqD5CavEGZRmuk5CtQstn+d3vglM2xI9a703WSyM19ps1+EzwnB/DMeyQ6uPpkeTAtP8c+NAne7oLYpI9bA0eSKdgAUtlLJc5eYeMHQDO9DVf80xL38u/ND4SQFwDTF6qN6M2Y1H38lkWAc0NPQwnSh+pNOp9MpZzZ0IXqrYcpdHvTBOgk30LdB5UzhTiQBQc64qQqvLIpz42NOSot2VRZ/rQEIxbhIbhIx0Gorg6F4ZAb/mG8xV5z3ZoSnrz2tiPvMI+OB4sTbdxDwbONKk0gmbcaOqtSHH/ecXUhhGNOa41ywKT8vzIeKxWBU6E9Ft10i5txYikVrtHLtTcujq9VMo4yz3hga55jtPkxAfhPKz/3PHeL92tyS7S4JJSmIHAtOsbfdnWwczS47AxpHsQVmChtw0w4JQ3NaPB95y8dsrOCWl15qir5hkw/Ufjh4VHmHgvxGJ/7ofrEbXcmRNRE9vmsbcqFTwQ+0ZS9CCZ3lEoj9lC0yIZ1MbWmz92lm3KRVB0IPwz9V+r8T3fmyfFsqyI4M1f+JlZEQVS9+Gh1ehJuNhF3UXLPLOWvdjim/7C8sgnGiOSzbzbo+cS2PEht9hPJ00PXIZlzdnY8rJnSlJnD7m3X+GAP3Y0Lmyu1rl3NDcZ/C8m44q9b163k5mIujC8cWy+ekKS9NRnT2nFLfVW5LxlxlSsin8THdZBX0R4O3xelGphbXB+/6ezZtMksL+MOsHcJJUzJofWQMDNEqZTC9uzbua0/85JU3WzDQdMqFE8BdZ9CTTDMNjqs2Nb6v3q5C5yq4=]
D/S4URC   ( 3874): [SDK] [android.os.Environment] [getExternalStorageDirectory] [DirectoryPath][String] [/storage/sdcard0]
D/S4URC   ( 3874): [SDK] [java.io.File] [getPath] [FilePath][String] [/storage/sdcard0]
D/S4URC   ( 3874): [SDK] [java.io.File] [Constructor] [FilePath][String] [/storage/sdcard0/Android/data/3949BA59/10ADC.94]
D/S4URC   ( 3874): [SDK] [java.io.File] [exists] [FilePath][String] [/storage/sdcard0/Android/data/3949BA59/10ADC.94]
D/S4URC   ( 3874): [SDK] [java.io.File] [Constructor] [FilePath][String] [/storage/sdcard0/Android/data/3949BA59/10ADC.94]
D/S4URC   ( 3656): [NDK] [SYSCALL] [socket] [TYPE][string] [TCP]
D/S4URC   ( 3874): [SDK] [java.lang.Class] [forName] [FindClass][String] [dalvik.system.DexClassLoader]
D/S4URC   ( 3874): [SDK] [java.io.File] [getPath] [FilePath][String] [/storage/sdcard0]
D/S4URC   ( 3874): [SDK] [android.os.Environment] [getExternalStorageDirectory] [DirectoryPath][String] [/storage/sdcard0]
D/S4URC   ( 3874): [SDK] [java.io.File] [getPath] [FilePath][String] [/storage/sdcard0]
