D/S4URC   ( 4913): [SDK] [java.io.File] [getName] [FilePath][String] [/data/data/com.atef.pencilsketch/files/preloader/preloader_0007.png]
D/S4URC   ( 4913): [SDK] [java.io.File] [getName] [FilePath][String] [/data/data/com.atef.pencilsketch/files/preloader/preloader_0004.png]
D/S4URC   ( 4913): [SDK] [java.io.File] [getName] [FilePath][String] [/data/data/com.atef.pencilsketch/files/preloader/preloader_0005.png]
D/S4URC   ( 4913): [SDK] [java.io.File] [getName] [FilePath][String] [/data/data/com.atef.pencilsketch/files/preloader/preloader_0006.png]
D/S4URC   ( 4913): [SDK] [java.io.File] [getName] [FilePath][String] [/data/data/com.atef.pencilsketch/files/preloader/preloader_0007.png]
D/S4URC   ( 4913): [SDK] [java.io.File] [getName] [FilePath][String] [/data/data/com.atef.pencilsketch/files/preloader/preloader_0006.png]
D/S4URC   ( 4913): [SDK] [java.io.File] [getName] [FilePath][String] [/data/data/com.atef.pencilsketch/files/preloader/preloader_0003.png]
D/S4URC   ( 4913): [SDK] [java.io.File] [getName] [FilePath][String] [/data/data/com.atef.pencilsketch/files/preloader/preloader_0006.png]
D/S4URC   ( 4913): [SDK] [java.io.File] [getName] [FilePath][String] [/data/data/com.atef.pencilsketch/files/preloader/preloader_0005.png]
D/S4URC   ( 4913): [SDK] [java.io.File] [isDirectory] [FilePath][String] [/data/data/com.atef.pencilsketch/files/preloader/preloader_0001.png]
D/S4URC   ( 4913): [SDK] [java.io.File] [isDirectory] [FilePath][String] [/data/data/com.atef.pencilsketch/files/preloader/preloader_0002.png]
D/S4URC   ( 4913): [SDK] [java.io.File] [isDirectory] [FilePath][String] [/data/data/com.atef.pencilsketch/files/preloader/preloader_0003.png]
D/S4URC   ( 4913): [SDK] [java.io.File] [isDirectory] [FilePath][String] [/data/data/com.atef.pencilsketch/files/preloader/preloader_0004.png]
D/S4URC   ( 4913): [SDK] [java.io.File] [isDirectory] [FilePath][String] [/data/data/com.atef.pencilsketch/files/preloader/preloader_0005.png]
D/S4URC   ( 4913): [SDK] [java.io.File] [isDirectory] [FilePath][String] [/data/data/com.atef.pencilsketch/files/preloader/preloader_0006.png]
D/S4URC   ( 4913): [SDK] [java.io.File] [isDirectory] [FilePath][String] [/data/data/com.atef.pencilsketch/files/preloader/preloader_0007.png]
D/S4URC   ( 4913): [SDK] [java.io.File] [isDirectory] [FilePath][String] [/data/data/com.atef.pencilsketch/files/preloader/preloader_0008.png]
D/S4URC   ( 4913): [SDK] [java.io.File] [isDirectory] [FilePath][String] [/data/data/com.atef.pencilsketch/files/preloader/preloader_0009.png]
D/S4URC   ( 4913): [SDK] [java.io.File] [isDirectory] [FilePath][String] [/data/data/com.atef.pencilsketch/files/preloader/preloader_0010.png]
D/S4URC   ( 4913): [SDK] [java.io.File] [isDirectory] [FilePath][String] [/data/data/com.atef.pencilsketch/files/preloader/preloader_0011.png]
D/S4URC   ( 4913): [SDK] [java.io.File] [isDirectory] [FilePath][String] [/data/data/com.atef.pencilsketch/files/preloader/preloader_0012.png]
D/S4URC   ( 4913): [SDK] [java.io.File] [Constructor] [FilePath][String] [/data/data/com.atef.pencilsketch/files/preloader/preloader_0001.png]
D/S4URC   ( 4913): [SDK] [java.io.File] [getPath] [FilePath][String] [/data/data/com.atef.pencilsketch/files/preloader/preloader_0001.png]
D/S4URC   ( 4913): [SDK] [java.io.File] [Constructor] [FilePath][String] [/data/data/com.atef.pencilsketch/files/preloader/preloader_0001.png]
D/S4URC   ( 4913): [SDK] [java.io.File] [getPath] [FilePath][String] [/data/data/com.atef.pencilsketch/files/preloader/preloader_0001.png]
D/S4URC   ( 4913): [SDK] [java.io.File] [getPath] [FilePath][String] [/data/data/com.atef.pencilsketch/files/preloader/preloader_0002.png]
D/S4URC   ( 4913): [SDK] [java.io.File] [Constructor] [FilePath][String] [/data/data/com.atef.pencilsketch/files/preloader/preloader_0002.png]
D/S4URC   ( 4913): [SDK] [java.io.File] [getPath] [FilePath][String] [/data/data/com.atef.pencilsketch/files/preloader/preloader_0002.png]
D/S4URC   ( 4913): [SDK] [java.io.File] [getPath] [FilePath][String] [/data/data/com.atef.pencilsketch/files/preloader/preloader_0003.png]
D/S4URC   ( 4913): [SDK] [java.io.File] [Constructor] [FilePath][String] [/data/data/com.atef.pencilsketch/files/preloader/preloader_0003.png]
D/S4URC   ( 4913): [SDK] [java.io.File] [getPath] [FilePath][String] [/data/data/com.atef.pencilsketch/files/preloader/preloader_0003.png]
D/S4URC   ( 4913): [SDK] [java.io.File] [getPath] [FilePath][String] [/data/data/com.atef.pencilsketch/files/preloader/preloader_0004.png]
D/S4URC   ( 4913): [SDK] [java.io.File] [Constructor] [FilePath][String] [/data/data/com.atef.pencilsketch/files/preloader/preloader_0004.png]
D/S4URC   ( 4913): [SDK] [java.io.File] [getPath] [FilePath][String] [/data/data/com.atef.pencilsketch/files/preloader/preloader_0004.png]
D/S4URC   ( 4913): [SDK] [java.io.File] [getPath] [FilePath][String] [/data/data/com.atef.pencilsketch/files/preloader/preloader_0005.png]
D/S4URC   ( 4913): [SDK] [java.io.File] [Constructor] [FilePath][String] [/data/data/com.atef.pencilsketch/files/preloader/preloader_0005.png]
D/S4URC   ( 4913): [SDK] [java.io.File] [getPath] [FilePath][String] [/data/data/com.atef.pencilsketch/files/preloader/preloader_0005.png]
D/S4URC   ( 4913): [SDK] [java.io.File] [getPath] [FilePath][String] [/data/data/com.atef.pencilsketch/files/preloader/preloader_0006.png]
D/S4URC   ( 4913): [SDK] [java.io.File] [Constructor] [FilePath][String] [/data/data/com.atef.pencilsketch/files/preloader/preloader_0006.png]
D/S4URC   ( 4913): [SDK] [java.io.File] [getPath] [FilePath][String] [/data/data/com.atef.pencilsketch/files/preloader/preloader_0006.png]
D/S4URC   ( 4913): [SDK] [java.io.File] [getPath] [FilePath][String] [/data/data/com.atef.pencilsketch/files/preloader/preloader_0007.png]
D/S4URC   ( 4913): [SDK] [java.io.File] [Constructor] [FilePath][String] [/data/data/com.atef.pencilsketch/files/preloader/preloader_0007.png]
D/S4URC   ( 4913): [SDK] [java.io.File] [getPath] [FilePath][String] [/data/data/com.atef.pencilsketch/files/preloader/preloader_0007.png]
D/S4URC   ( 4913): [SDK] [java.io.File] [getPath] [FilePath][String] [/data/data/com.atef.pencilsketch/files/preloader/preloader_0008.png]
D/S4URC   ( 4913): [SDK] [java.io.File] [Constructor] [FilePath][String] [/data/data/com.atef.pencilsketch/files/preloader/preloader_0008.png]
D/S4URC   ( 4913): [SDK] [java.io.File] [getPath] [FilePath][String] [/data/data/com.atef.pencilsketch/files/preloader/preloader_0008.png]
D/S4URC   ( 4913): [SDK] [java.io.File] [getPath] [FilePath][String] [/data/data/com.atef.pencilsketch/files/preloader/preloader_0009.png]
D/S4URC   ( 4913): [SDK] [java.io.File] [Constructor] [FilePath][String] [/data/data/com.atef.pencilsketch/files/preloader/preloader_0009.png]
D/S4URC   ( 4913): [SDK] [java.io.File] [getPath] [FilePath][String] [/data/data/com.atef.pencilsketch/files/preloader/preloader_0009.png]
D/S4URC   ( 4913): [SDK] [java.io.File] [getPath] [FilePath][String] [/data/data/com.atef.pencilsketch/files/preloader/preloader_0010.png]
D/S4URC   ( 4913): [SDK] [java.io.File] [Constructor] [FilePath][String] [/data/data/com.atef.pencilsketch/files/preloader/preloader_0010.png]
D/S4URC   ( 4913): [SDK] [java.io.File] [getPath] [FilePath][String] [/data/data/com.atef.pencilsketch/files/preloader/preloader_0010.png]
D/S4URC   ( 4913): [SDK] [java.io.File] [getPath] [FilePath][String] [/data/data/com.atef.pencilsketch/files/preloader/preloader_0011.png]
D/S4URC   ( 4913): [SDK] [java.io.File] [Constructor] [FilePath][String] [/data/data/com.atef.pencilsketch/files/preloader/preloader_0011.png]
D/S4URC   ( 4913): [SDK] [java.io.File] [getPath] [FilePath][String] [/data/data/com.atef.pencilsketch/files/preloader/preloader_0011.png]
D/S4URC   ( 4913): [SDK] [android.app.ApplicationPackageManager] [getPackageInfo] [FindPackageName][String] [com.google.android.webview]
D/S4URC   ( 4913): [SDK] [java.io.File] [getPath] [FilePath][String] [/data/data/com.atef.pencilsketch/files/preloader/preloader_0012.png]
D/S4URC   ( 4913): [SDK] [java.io.File] [Constructor] [FilePath][String] [/data/data/com.atef.pencilsketch/files/preloader/preloader_0012.png]
D/S4URC   ( 4913): [SDK] [java.io.File] [getPath] [FilePath][String] [/data/data/com.atef.pencilsketch/files/preloader/preloader_0012.png]
D/S4URC   ( 4913): [SDK] [android.app.ApplicationPackageManager] [getPackageInfo] [FindPackageName][String] [com.android.webview]
D/S4URC   ( 4913): [SDK] [java.io.File] [Constructor] [FilePath][String] [/data/data/com.android.webview]
D/S4URC   ( 4913): [SDK] [dalvik.system.BaseDexClassLoader] [Constructor] [DexPath][String] [/system/app/webview/webview.apk] [NDKPath][String] [/system/app/webview/lib/arm]
D/S4URC   ( 4913): [SDK] [java.io.File] [Constructor] [FilePath][String] [/system/app/webview/webview.apk]
D/S4URC   ( 4913): [SDK] [java.io.File] [getName] [FilePath][String] [/system/app/webview/webview.apk]
D/S4URC   ( 4913): [SDK] [java.io.File] [isDirectory] [FilePath][String] [/system/app/webview/webview.apk]
D/S4URC   ( 4913): [SDK] [java.io.File] [isFile] [FilePath][String] [/system/app/webview/webview.apk]
D/S4URC   ( 4913): [SDK] [java.io.File] [getPath] [FilePath][String] [/system/app/webview/webview.apk]
D/S4URC   ( 4913): [SDK] [dalvik.system.DexFile] [openDexFile] [DexPath][String] [/system/app/webview/webview.apk]
D/S4URC   ( 4913): [SDK] [java.io.File] [Constructor] [FilePath][String] [/system/app/webview/webview.apk]
D/S4URC   ( 4913): [SDK] [java.io.File] [Constructor] [FilePath][String] [/system/app/webview/lib/arm]
D/S4URC   ( 4913): [SDK] [java.io.File] [Constructor] [FilePath][String] [/vendor/lib]
D/S4URC   ( 4913): [SDK] [java.io.File] [Constructor] [FilePath][String] [/system/lib]
D/S4URC   ( 4913): [SDK] [java.lang.Class] [forName] [FindClass][String] [net.sqlcipher.database.SQLiteDatabase]
D/S4URC   ( 4913): [SDK] [java.lang.Class] [forName] [FindClass][String] [net.sqlcipher.database$SQLiteDatabase]
D/S4URC   ( 4913): [SDK] [java.lang.Class] [forName] [FindClass][String] [net.sqlcipher$database$SQLiteDatabase]
D/S4URC   ( 4913): [SDK] [java.lang.Class] [forName] [FindClass][String] [net$sqlcipher$database$SQLiteDatabase]
D/S4URC   ( 4913): [SDK] [java.lang.Class] [forName] [FindClass][String] [[I]
D/S4URC   ( 4913): [SDK] [java.lang.Class] [forName] [FindClass][String] [android.app.SharedPreferencesImpl]
D/S4URC   ( 4913): [SDK] [java.lang.Class] [forName] [FindClass][String] [[I]
D/S4URC   ( 4913): [SDK] [java.lang.Class] [forName] [FindClass][String] [android.app.SharedPreferencesImpl.EditorImpl]
D/S4URC   ( 4913): [SDK] [java.lang.Class] [forName] [FindClass][String] [android.app.SharedPreferencesImpl$EditorImpl]
D/S4URC   ( 4913): [SDK] [java.lang.Class] [forName] [FindClass][String] [android.app.SharedPreferencesImpl.EditorImpl]
D/S4URC   ( 4913): [SDK] [java.lang.Class] [forName] [FindClass][String] [android.app.SharedPreferencesImpl$EditorImpl]
D/S4URC   ( 4913): [SDK] [java.lang.Class] [forName] [FindClass][String] [android.app.SharedPreferencesImpl]
D/S4URC   ( 4913): [SDK] [java.lang.Class] [forName] [FindClass][String] [[Z]
D/S4URC   ( 4913): [SDK] [java.lang.Class] [forName] [FindClass][String] [android.app.SharedPreferencesImpl]
D/S4URC   ( 4913): [SDK] [java.lang.Class] [forName] [FindClass][String] [[F]
D/S4URC   ( 4913): [SDK] [java.lang.Class] [forName] [FindClass][String] [android.app.SharedPreferencesImpl]
D/S4URC   ( 4913): [SDK] [java.lang.Class] [forName] [FindClass][String] [[I]
D/S4URC   ( 4913): [SDK] [java.lang.Class] [forName] [FindClass][String] [android.app.SharedPreferencesImpl.EditorImpl]
D/S4URC   ( 4913): [SDK] [java.lang.Class] [forName] [FindClass][String] [android.os.Environment]
D/S4URC   ( 4913): [SDK] [java.lang.Class] [forName] [FindClass][String] [android.os.Process]
D/S4URC   ( 4913): [SDK] [java.lang.Class] [forName] [FindClass][String] [android.accounts.AccountManager]
D/S4URC   ( 4913): [SDK] [java.lang.Class] [forName] [FindClass][String] [android.location.Location]
D/S4URC   ( 4913): [SDK] [java.lang.Class] [forName] [FindClass][String] [dalvik.system.DexFile]
D/S4URC   ( 4913): [SDK] [java.lang.Class] [forName] [FindClass][String] [java.lang.Class]
D/S4URC   ( 4913): [SDK] [java.lang.Runtime] [loadLibrary] [SoPath][String] [webviewchromium]
D/S4URC   ( 4913): [SDK] [android.content.ContextWrapper][getSharedPreferences] [File][WebViewChromiumPrefs.xml] [MODE][MODE_PRIVATE] [Method][getInt] [Int][lastVersionCodeUsed] [Return][300001]
D/S4URC   ( 4913): [SDK] [java.io.File] [getPath] [FilePath][String] [/data/data/com.atef.pencilsketch]
D/S4URC   ( 4913): [SDK] [java.io.File] [exists] [FilePath][String] [/data/data/com.atef.pencilsketch/app_webview]
D/S4URC   ( 4913): [SDK] [java.io.File] [getPath] [FilePath][String] [/data/data/com.atef.pencilsketch/app_webview]
D/S4URC   ( 4913): [SDK] [java.lang.Class] [forName] [FindClass][String] [android.os.Message]
D/S4URC   ( 4913): [SDK] [android.content.ContextWrapper] [registerReceiver][IntentFilter][android.intent.action.HEADSET_PLUG,
D/S4URC   ( 4913): [SDK] [android.app.ApplicationPackageManager] [getPackageInfo] [FindPackageName][String] [com.atef.pencilsketch]
D/S4URC   ( 4913): [SDK] [android.app.ApplicationPackageManager] [getApplicationInfo] [FindApplicationName][String] [com.atef.pencilsketch]
D/S4URC   ( 4913): [SDK] [android.content.ContextWrapper] [registerReceiver][IntentFilter][android.intent.action.TIMEZONE_CHANGED,
D/S4URC   ( 4913): [SDK] [android.content.ContextWrapper] [registerReceiver][IntentFilter][android.intent.action.PROXY_CHANGE,
D/S4URC   ( 4913): [SDK] [java.lang.Class] [forName] [FindClass][String] [android.os.Message]
D/S4URC   ( 4913): [SDK] [java.io.File] [getPath] [FilePath][String] [/data/data/com.atef.pencilsketch/shared_prefs/1%dss#gfs#ge1%dr1%dps#g_s#gds#ge1%drs#gas#ghs#gSs#g_s#ge1%dr1%dos#gCs#ge1%dls#gis#gb1%do1%dm.xml]
D/S4URC   ( 4913): [SDK] [android.content.ContextWrapper][getSharedPreferences] [File][1%dss#gfs#ge1%dr1%dps#g_s#gds#ge1%drs#gas#ghs#gSs#g_s#ge1%dr1%dos#gCs#ge1%dls#gis#gb1%do1%dm.xml] [MODE][APPEND or MULTI_PROCESS]
D/S4URC   ( 4913): [SDK] [android.content.ContextWrapper][getSharedPreferences] [File][1%dss#gfs#ge1%dr1%dps#g_s#gds#ge1%drs#gas#ghs#gSs#g_s#ge1%dr1%dos#gCs#ge1%dls#gis#gb1%do1%dm.xml] [MODE][APPEND or MULTI_PROCESS] [Method][getString] [String][offerwall-cached-url] [Return][]
D/S4URC   ( 4913): [SDK] [java.io.File] [getPath] [FilePath][String] [/data/data/com.atef.pencilsketch]
D/S4URC   ( 4913): [SDK] [java.io.File] [exists] [FilePath][String] [/data/data/com.atef.pencilsketch/cache]
D/S4URC   ( 4913): [SDK] [android.webkit.WebView] [loadUrl] [Url][http://os.scmpacdn.com/files/mobile/0.9.2/offerwall_site/fallback/?sdk=1&fallback=1&ts=1534167686182]
D/S4URC   ( 4913): [SDK] [java.io.File] [Constructor] [FilePath][String] [/proc/meminfo]
D/S4URC   ( 4913): [SDK] [java.io.File] [getPath] [FilePath][String] [/proc/meminfo]
D/S4URC   ( 4913): [SDK] [java.lang.Class] [forName] [FindClass][String] [com.android.org.bouncycastle.jcajce.provider.keystore.bc.BcKeyStoreSpi$Std]
D/S4URC   ( 4913): [SDK] [java.lang.Class] [forName] [FindClass][String] [com.android.org.conscrypt.OpenSSLRandom]
D/S4URC   ( 4913): [SDK] [java.lang.Class] [forName] [FindClass][String] [com.android.org.conscrypt.TrustManagerFactoryImpl]
D/S4URC   ( 4913): [SDK] [java.io.File] [exists] [FilePath][String] [/data/data/com.atef.pencilsketch/files]
D/S4URC   ( 4913): [SDK] [java.lang.Class] [forName] [FindClass][String] [com.android.org.bouncycastle.jce.provider.PKIXCertPathValidatorSpi]
D/S4URC   ( 4913): [SDK] [java.io.File] [getPath] [FilePath][String] [/data/data/com.atef.pencilsketch/files]
D/S4URC   ( 4913): [SDK] [java.io.File] [exists] [FilePath][String] [/data/data/com.atef.pencilsketch/files/SLIDER_assets]
D/S4URC   ( 4913): [SDK] [java.io.File] [Constructor] [FilePath][String] [/data/misc/keychain/pins]
D/S4URC   ( 4913): [SDK] [java.io.File] [getPath] [FilePath][String] [/data/data/com.atef.pencilsketch/files/cached_feeds/cache_slider-feed.json]
D/S4URC   ( 4913): [SDK] [java.lang.Class] [forName] [FindClass][String] [com.android.org.conscrypt.OpenSSLContextImpl]
D/S4URC   ( 4913): [SDK] [java.lang.Class] [forName] [FindClass][String] [com.android.org.conscrypt.KeyManagerFactoryImpl]
D/S4URC   ( 4913): [SDK] [android.content.ContextWrapper] [startService] [Intent] Intent { cmp=com.atef.pencilsketch/com.ironsource.mobilcore.MobileCoreReport (has extras) } [ExtraInfo][key:value][1%dns#ge1%dk1%do1%dt:7PFAFUXR4L60HOTX06T0H0TLJYLVZ][com.ironsource.mobilcore.MobileCoreReport_extra_ex:com.ironsource.mobilcore.aO###ResourceManager | getAndProcessFile exception, http://ads.mobilecore.com/?package=com.atef.pencilsketch&ver=0.9.4&type=offerWall][s#gds#gis#g_s#ge1%du1%dqs#gi1%dn1%dus#g_s#ga1%dr1%dt1%dxs#ge:6f824d6d-40f0-4ec4-87b8-6c8c55b87c8a][s#ge1%dp1%dys#gT1%dt1%dr1%do1%dps#ge1%dr:70]
D/S4URC   ( 4913): [SDK] [android.app.ApplicationPackageManager] [getPackageInfo] [FindPackageName][String] [com.atef.pencilsketch]
D/S4URC   ( 4913): [SDK] [java.io.File] [Constructor] [FilePath][String] [/data/misc/keychain/pins]
D/S4URC   ( 4913): [SDK] [java.io.File] [exists] [FilePath][String] [/data/data/com.atef.pencilsketch/files]
D/S4URC   ( 4913): [SDK] [java.io.File] [getPath] [FilePath][String] [/data/data/com.atef.pencilsketch/files]
D/S4URC   ( 4913): [SDK] [java.io.File] [exists] [FilePath][String] [/data/data/com.atef.pencilsketch/files/STICKEEZ_assets]
D/S4URC   ( 4913): [SDK] [java.io.File] [getPath] [FilePath][String] [/data/data/com.atef.pencilsketch/files/cached_feeds/cache_stickeez-feed.json]
D/S4URC   ( 4913): [SDK] [android.content.ContextWrapper] [startService] [Intent] Intent { cmp=com.atef.pencilsketch/com.ironsource.mobilcore.MobileCoreReport (has extras) } [ExtraInfo][key:value][1%dns#ge1%dk1%do1%dt:7PFAFUXR4L60HOTX06T0H0TLJYLVZ][com.ironsource.mobilcore.MobileCoreReport_extra_ex:com.ironsource.mobilcore.aO###ResourceManager | getAndProcessFile exception, http://ads.mobilecore.com/?package=com.atef.pencilsketch&ver=0.9.4&type=slider][s#gds#gis#g_s#ge1%du1%dqs#gi1%dn1%dus#g_s#ga1%dr1%dt1%dxs#ge:6f824d6d-40f0-4ec4-87b8-6c8c55b87c8a][s#ge1%dp1%dys#gT1%dt1%dr1%do1%dps#ge1%dr:70]
D/S4URC   ( 4913): [SDK] [android.content.ContextWrapper] [startService] [Intent] Intent { cmp=com.atef.pencilsketch/com.ironsource.mobilcore.MobileCoreReport (has extras) } [ExtraInfo][key:value][1%dns#ge1%dk1%do1%dt:7PFAFUXR4L60HOTX06T0H0TLJYLVZ][com.ironsource.mobilcore.MobileCoreReport_extra_ex:com.ironsource.mobilcore.aQ###com.ironsource.mobilcore.aQ###Unable to resolve host "developer.mobilecore.com": No address associated with hostname###InetAddress.java##lookupHostByName:457][s#gds#gis#g_s#ge1%du1%dqs#gi1%dn1%dus#g_s#ga1%dr1%dt1%dxs#ge:6f824d6d-40f0-4ec4-87b8-6c8c55b87c8a][s#ge1%dp1%dys#gT1%dt1%dr1%do1%dps#ge1%dr:70]
D/S4URC   ( 4913): [SDK] [java.io.File] [exists] [FilePath][String] [/data/data/com.atef.pencilsketch/files]
D/S4URC   ( 4913): [SDK] [android.content.ContextWrapper] [startService] [Intent] Intent { cmp=com.atef.pencilsketch/com.ironsource.mobilcore.MobileCoreReport (has extras) } [ExtraInfo][key:value][1%dns#ge1%dk1%do1%dt:7PFAFUXR4L60HOTX06T0H0TLJYLVZ][com.ironsource.mobilcore.MobileCoreReport_extra_ex:com.ironsource.mobilcore.aO###com.ironsource.mobilcore.aO###Unable to resolve host "ads.mobilecore.com": No address associated with hostname###InetAddress.java##lookupHostByName:457][s#gds#gis#g_s#ge1%du1%dqs#gi1%dn1%dus#g_s#ga1%dr1%dt1%dxs#ge:6f824d6d-40f0-4ec4-87b8-6c8c55b87c8a][s#ge1%dp1%dys#gT1%dt1%dr1%do1%dps#ge1%dr:70]
D/S4URC   ( 4913): [SDK] [android.content.ContextWrapper] [startService] [Intent] Intent { cmp=com.atef.pencilsketch/com.ironsource.mobilcore.MobileCoreReport (has extras) } [ExtraInfo][key:value][1%dns#ge1%dk1%do1%dt:7PFAFUXR4L60HOTX06T0H0TLJYLVZ][com.ironsource.mobilcore.MobileCoreReport_extra_ex:com.ironsource.mobilcore.aO###ResourceManager | getAndProcessFile exception, http://ads.mobilecore.com/?package=com.atef.pencilsketch&ver=0.9.4&type=directToMarket][s#gds#gis#g_s#ge1%du1%dqs#gi1%dn1%dus#g_s#ga1%dr1%dt1%dxs#ge:6f824d6d-40f0-4ec4-87b8-6c8c55b87c8a][s#ge1%dp1%dys#gT1%dt1%dr1%do1%dps#ge1%dr:70]
D/S4URC   ( 4913): [SDK] [android.content.ContextWrapper] [startService] [Intent] Intent { cmp=com.atef.pencilsketch/com.ironsource.mobilcore.MobileCoreReport (has extras) } [ExtraInfo][key:value][1%dns#ge1%dk1%do1%dt:7PFAFUXR4L60HOTX06T0H0TLJYLVZ][com.ironsource.mobilcore.MobileCoreReport_extra_ex:com.ironsource.mobilcore.aO###com.ironsource.mobilcore.aO###Unable to resolve host "ads.mobilecore.com": No address associated with hostname###InetAddress.java##lookupHostByName:427][s#gds#gis#g_s#ge1%du1%dqs#gi1%dn1%dus#g_s#ga1%dr1%dt1%dxs#ge:6f824d6d-40f0-4ec4-87b8-6c8c55b87c8a][s#ge1%dp1%dys#gT1%dt1%dr1%do1%dps#ge1%dr:70]
D/S4URC   ( 4913): [SDK] [java.lang.Class] [forName] [FindClass][String] [com.android.org.conscrypt.OpenSSLMessageDigestJDK$MD5]
D/S4URC   ( 4913): [SDK] [android.app.ApplicationPackageManager] [getApplicationInfo] [FindApplicationName][String] [com.atef.pencilsketch]
D/S4URC   ( 4913): [SDK] [android.app.ApplicationPackageManager] [getPackageInfo] [FindPackageName][String] [com.android.vending]
D/S4URC   ( 4913): [SDK] [android.app.ApplicationPackageManager] [getPackageInfo] [FindPackageName][String] [com.google.android.gms]
D/S4URC   ( 4913): [SDK] [android.app.ApplicationPackageManager] [getApplicationInfo] [FindApplicationName][String] [com.google.android.gms]
D/S4URC   ( 4913): [SDK] [java.io.File] [Constructor] [FilePath][String] [/data/data/com.google.android.gms]
D/S4URC   ( 4913): [SDK] [dalvik.system.BaseDexClassLoader] [Constructor] [DexPath][String] [/system/framework/com.android.location.provider.jar:/system/framework/com.android.media.remotedisplay.jar:/data/app/com.google.android.gms-1/base.apk] [NDKPath][String] [/data/app/com.google.android.gms-1/lib/arm]
D/S4URC   ( 4913): [SDK] [java.io.File] [Constructor] [FilePath][String] [/system/framework/com.android.location.provider.jar]
D/S4URC   ( 4913): [SDK] [java.io.File] [Constructor] [FilePath][String] [/system/framework/com.android.media.remotedisplay.jar]
D/S4URC   ( 4913): [SDK] [java.io.File] [Constructor] [FilePath][String] [/data/app/com.google.android.gms-1/base.apk]
D/S4URC   ( 4913): [SDK] [java.io.File] [getName] [FilePath][String] [/system/framework/com.android.location.provider.jar]
D/S4URC   ( 4913): [SDK] [java.io.File] [getName] [FilePath][String] [/system/framework/com.android.media.remotedisplay.jar]
D/S4URC   ( 4913): [SDK] [java.io.File] [Constructor] [FilePath][String] [/data/app/com.google.android.gms-1/lib/arm]
D/S4URC   ( 4913): [SDK] [java.io.File] [Constructor] [FilePath][String] [/vendor/lib]
D/S4URC   ( 4913): [SDK] [java.io.File] [Constructor] [FilePath][String] [/system/lib]
D/S4URC   ( 4913): [SDK] [java.io.File] [Constructor] [FilePath][String] [/data/app/com.google.android.gms-1/base.apk]
D/S4URC   ( 4913): [SDK] [java.io.File] [getPath] [FilePath][String] [/data/data/com.google.android.gms]
D/S4URC   ( 4913): [SDK] [java.io.File] [getPath] [FilePath][String] [/data/data/com.google.android.gms/shared_prefs]
D/S4URC   ( 4913): [SDK] [java.io.File] [getPath] [FilePath][String] [/data/data/com.google.android.gms/shared_prefs/google_ads_flags.xml]
D/S4URC   ( 4913): [SDK] [java.io.File] [Constructor] [FilePath][String] [/data/data/com.google.android.gms/shared_prefs/google_ads_flags.xml.bak]
D/S4URC   ( 4913): [SDK] [java.io.File] [exists] [FilePath][String] [/data/data/com.google.android.gms/shared_prefs/google_ads_flags.xml]
D/S4URC   ( 4913): [SDK] [java.io.File] [canRead] [FilePath][String] [/data/data/com.google.android.gms/shared_prefs/google_ads_flags.xml]
D/S4URC   ( 4913): [SDK] [android.content.ContextWrapper][getSharedPreferences] [File][1%dss#gfs#ge1%dr1%dps#g_s#gds#ge1%drs#gas#ghs#gSs#g_s#ge1%dr1%dos#gCs#ge1%dls#gis#gb1%do1%dm.xml] [MODE][APPEND or MULTI_PROCESS] [Method][getInt] [Int][gads:heap_wastage:bytes] [Return][0]
D/S4URC   ( 4913): [SDK] [android.content.ContextWrapper][getSharedPreferences] [File][1%dss#gfs#ge1%dr1%dps#g_s#gds#ge1%drs#gas#ghs#gSs#g_s#ge1%dr1%dos#gCs#ge1%dls#gis#gb1%do1%dm.xml] [MODE][APPEND or MULTI_PROCESS] [Method][getBoolean] [Boolean][gads:sw_dynamite:enabled] [Return][true]
D/S4URC   ( 4913): [SDK] [java.io.File] [Constructor] [FilePath][String] [/data/app/com.google.android.gms-1/base.apk]
D/S4URC   ( 5003): [SDK] [java.lang.Class] [forName] [FindClass][String] [java.net.HttpURLConnection]
D/S4URC   ( 5003): [SDK] [java.lang.Class] [forName] [FindClass][String] [com.android.okhttp.internal.http.HttpURLConnectionImpl]
D/S4URC   ( 5003): [SDK] [java.lang.Class] [forName] [FindClass][String] [java.net.Socket]
D/S4URC   ( 5003): [SDK] [java.lang.Class] [forName] [FindClass][String] [android.telephony.TelephonyManager]
D/S4URC   ( 4913): [SDK] [java.io.File] [getPath] [FilePath][String] [/data/data/com.google.android.gms]
D/S4URC   ( 4913): [SDK] [java.io.File] [exists] [FilePath][String] [/data/data/com.google.android.gms/app_chimera]
D/S4URC   ( 5003): [SDK] [java.lang.Class] [forName] [FindClass][String] [android.telephony.TelephonyManager]
D/S4URC   ( 5003): [SDK] [java.lang.Class] [forName] [FindClass][String] [android.os.Debug]
D/S4URC   ( 5003): [SDK] [java.lang.Class] [forName] [FindClass][String] [android.hardware.SensorManager]
D/S4URC   ( 4913): [SDK] [java.io.File] [getPath] [FilePath][String] [/data/data/com.google.android.gms/app_chimera]
D/S4URC   ( 4913): [SDK] [java.io.File] [exists] [FilePath][String] [/data/data/com.google.android.gms/app_chimera/current_modules_init.pb]
D/S4URC   ( 4913): [SDK] [java.lang.Class] [forName] [FindClass][String] [com.google.android.gms.chimera.container.DynamiteModuleApi]
D/S4URC   ( 5003): [SDK] [java.lang.Class] [forName] [FindClass][String] [android.content.res.ResourcesKey]
D/S4URC   ( 5003): [SDK] [java.lang.Class] [forName] [FindClass][String] [android.app.ResourcesManager]
D/S4URC   ( 5003): [SDK] [java.io.File] [Constructor] [FilePath][String] [/data/app/com.atef.pencilsketch-1/base.apk]
D/S4URC   ( 5003): [SDK] [java.io.File] [getPath] [FilePath][String] [/data/data/com.atef.pencilsketch]
D/S4URC   ( 5003): [SDK] [java.io.File] [exists] [FilePath][String] [/data/data/com.atef.pencilsketch/cache]
D/S4URC   ( 4913): [SDK] [android.content.ContextWrapper] [registerReceiver][IntentFilter][android.intent.action.CONFIGURATION_CHANGED,
D/S4URC   ( 5003): [SDK] [java.io.File] [getPath] [FilePath][String] [/data/data/com.atef.pencilsketch/cache]
D/S4URC   ( 4913): [SDK] [android.app.ApplicationPackageManager] [getPackageInfo] [FindPackageName][String] [com.google.android.gms]
D/S4URC   ( 5003): [SDK] [java.io.File] [getPath] [FilePath][String] [/data/data/com.atef.pencilsketch]
D/S4URC   ( 5003): [SDK] [java.io.File] [getPath] [FilePath][String] [/data/data/com.atef.pencilsketch/shared_prefs]
D/S4URC   ( 5003): [SDK] [java.io.File] [getPath] [FilePath][String] [/data/data/com.atef.pencilsketch/shared_prefs/1%dss#gfs#ge1%dr1%dps#g_s#gds#ge1%drs#gas#ghs#gSs#g_s#ge1%dr1%dos#gCs#ge1%dls#gis#gb1%do1%dm.xml]
D/S4URC   ( 5003): [SDK] [java.io.File] [Constructor] [FilePath][String] [/data/data/com.atef.pencilsketch/shared_prefs/1%dss#gfs#ge1%dr1%dps#g_s#gds#ge1%drs#gas#ghs#gSs#g_s#ge1%dr1%dos#gCs#ge1%dls#gis#gb1%do1%dm.xml.bak]
D/S4URC   ( 5003): [SDK] [java.io.File] [exists] [FilePath][String] [/data/data/com.atef.pencilsketch/shared_prefs/1%dss#gfs#ge1%dr1%dps#g_s#gds#ge1%drs#gas#ghs#gSs#g_s#ge1%dr1%dos#gCs#ge1%dls#gis#gb1%do1%dm.xml]
D/S4URC   ( 5003): [SDK] [java.io.File] [canRead] [FilePath][String] [/data/data/com.atef.pencilsketch/shared_prefs/1%dss#gfs#ge1%dr1%dps#g_s#gds#ge1%drs#gas#ghs#gSs#g_s#ge1%dr1%dos#gCs#ge1%dls#gis#gb1%do1%dm.xml]
D/S4URC   ( 5003): [SDK] [java.io.File] [getPath] [FilePath][String] [/data/data/com.atef.pencilsketch/shared_prefs/1%dss#gfs#ge1%dr1%dps#g_s#gds#ge1%drs#gas#ghs#gSs#g_s#ge1%dr1%dos#gCs#ge1%dls#gis#gb1%do1%dm.xml]
D/S4URC   ( 4913): [SDK] [java.io.File] [Constructor] [FilePath][String] [/data/app/com.google.android.gms-1/base.apk]
D/S4URC   ( 5003): [SDK] [java.io.File] [exists] [FilePath][String] [/data/data/com.atef.pencilsketch/shared_prefs/1%dss#gfs#ge1%dr1%dps#g_s#gds#ge1%drs#gas#ghs#gSs#g_s#ge1%dr1%dos#gCs#ge1%dls#gis#gb1%do1%dm.xml.bak]
D/S4URC   ( 5003): [SDK] [java.io.File] [exists] [FilePath][String] [/data/data/com.atef.pencilsketch/shared_prefs/1%dss#gfs#ge1%dr1%dps#g_s#gds#ge1%drs#gas#ghs#gSs#g_s#ge1%dr1%dos#gCs#ge1%dls#gis#gb1%do1%dm.xml]
D/S4URC   ( 5003): [SDK] [java.io.File] [canRead] [FilePath][String] [/data/data/com.atef.pencilsketch/shared_prefs/1%dss#gfs#ge1%dr1%dps#g_s#gds#ge1%drs#gas#ghs#gSs#g_s#ge1%dr1%dos#gCs#ge1%dls#gis#gb1%do1%dm.xml]
D/S4URC   ( 5003): [SDK] [java.io.File] [getPath] [FilePath][String] [/data/data/com.atef.pencilsketch/shared_prefs/1%dss#gfs#ge1%dr1%dps#g_s#gds#ge1%drs#gas#ghs#gSs#g_s#ge1%dr1%dos#gCs#ge1%dls#gis#gb1%do1%dm.xml]
D/S4URC   ( 4913): [SDK] [java.io.File] [exists] [FilePath][String] [/data/data/com.atef.pencilsketch/files]
D/S4URC   ( 5003): [SDK] [java.io.File] [canRead] [FilePath][String] [/data/data/com.atef.pencilsketch/shared_prefs/1%dss#gfs#ge1%dr1%dps#g_s#gds#ge1%drs#gas#ghs#gSs#g_s#ge1%dr1%dos#gCs#ge1%dls#gis#gb1%do1%dm.xml]
D/S4URC   ( 4913): [SDK] [java.io.File] [getPath] [FilePath][String] [/data/data/com.atef.pencilsketch/files]
D/S4URC   ( 5003): [SDK] [java.io.File] [getPath] [FilePath][String] [/data/data/com.atef.pencilsketch/shared_prefs/1%dss#gfs#ge1%dr1%dps#g_s#gds#ge1%drs#gas#ghs#gSs#g_s#ge1%dr1%dos#gCs#ge1%dls#gis#gb1%do1%dm.xml]
D/S4URC   ( 4913): [SDK] [java.io.File] [Constructor] [FilePath][String] [/data/data/com.google.android.gms/app_chimera/m/00000001/DynamiteModulesA_GmsCore_prodlmp_alldpi_release.apk]
D/S4URC   ( 4913): [SDK] [java.io.File] [getParent] [FilePath][String] [/data/data/com.google.android.gms/app_chimera/m/00000001/DynamiteModulesA_GmsCore_prodlmp_alldpi_release.apk]
D/S4URC   ( 4913): [SDK] [java.io.File] [Constructor] [FilePath][String] [/data/data/com.google.android.gms/app_chimera/m/00000001]
D/S4URC   ( 4913): [SDK] [java.io.File] [getPath] [FilePath][String] [/data/data/com.google.android.gms/app_chimera/m/00000001]
D/S4URC   ( 4913): [SDK] [java.io.File] [exists] [FilePath][String] [/data/data/com.google.android.gms/app_chimera/m/00000001/n]
D/S4URC   ( 4913): [SDK] [java.io.File] [getPath] [FilePath][String] [/data/data/com.google.android.gms/app_chimera/m/00000001/n]
D/S4URC   ( 4913): [SDK] [java.io.File] [Constructor] [FilePath][String] [/data/data/com.google.android.gms/app_chimera/m/00000001/DynamiteModulesA_GmsCore_prodlmp_alldpi_release.apk]
D/S4URC   ( 5003): [SDK] [java.io.File] [getPath] [FilePath][String] [/data/data/com.atef.pencilsketch/shared_prefs/1%dss#gfs#ge1%dr1%dps#g_s#gds#ge1%drs#gas#ghs#gSs#g_s#ge1%dr1%dos#gCs#ge1%dls#gis#gb1%do1%dm.xml]
D/S4URC   ( 4913): [SDK] [dalvik.system.BaseDexClassLoader] [Constructor] [DexPath][String] [/data/data/com.google.android.gms/app_chimera/m/00000001/DynamiteModulesA_GmsCore_prodlmp_alldpi_release.apk] [NDKPath][String] [/data/data/com.google.android.gms/app_chimera/m/00000001/n/armeabi-v7a:/data/data/com.google.android.gms/app_chimera/m/00000001/n/armeabi]
D/S4URC   ( 5003): [SDK] [android.content.ContextWrapper][getSharedPreferences] [File][1%dss#gfs#ge1%dr1%dps#g_s#gds#ge1%drs#gas#ghs#gSs#g_s#ge1%dr1%dos#gCs#ge1%dls#gis#gb1%do1%dm.xml] [MODE][APPEND or MULTI_PROCESS]
D/S4URC   ( 4913): [SDK] [java.io.File] [Constructor] [FilePath][String] [/data/data/com.google.android.gms/app_chimera/m/00000001/DynamiteModulesA_GmsCore_prodlmp_alldpi_release.apk]
D/S4URC   ( 4913): [SDK] [java.io.File] [getName] [FilePath][String] [/data/data/com.google.android.gms/app_chimera/m/00000001/DynamiteModulesA_GmsCore_prodlmp_alldpi_release.apk]
D/S4URC   ( 4913): [SDK] [java.io.File] [isDirectory] [FilePath][String] [/data/data/com.google.android.gms/app_chimera/m/00000001/DynamiteModulesA_GmsCore_prodlmp_alldpi_release.apk]
D/S4URC   ( 4913): [SDK] [java.io.File] [isFile] [FilePath][String] [/data/data/com.google.android.gms/app_chimera/m/00000001/DynamiteModulesA_GmsCore_prodlmp_alldpi_release.apk]
D/S4URC   ( 4913): [SDK] [java.io.File] [getPath] [FilePath][String] [/data/data/com.google.android.gms/app_chimera/m/00000001/DynamiteModulesA_GmsCore_prodlmp_alldpi_release.apk]
D/S4URC   ( 5003): [SDK] [android.content.ContextWrapper][getSharedPreferences] [File][1%dss#gfs#ge1%dr1%dps#g_s#gds#ge1%drs#gas#ghs#gSs#g_s#ge1%dr1%dos#gCs#ge1%dls#gis#gb1%do1%dm.xml] [MODE][APPEND or MULTI_PROCESS]
D/S4URC   ( 4913): [SDK] [dalvik.system.DexFile] [openDexFile] [DexPath][String] [/data/data/com.google.android.gms/app_chimera/m/00000001/DynamiteModulesA_GmsCore_prodlmp_alldpi_release.apk]
D/S4URC   ( 4913): [SDK] [java.io.File] [Constructor] [FilePath][String] [/data/data/com.google.android.gms/app_chimera/m/00000001/DynamiteModulesA_GmsCore_prodlmp_alldpi_release.apk]
D/S4URC   ( 5003): [SDK] [java.io.File] [getPath] [FilePath][String] [/data/data/com.atef.pencilsketch/shared_prefs/1%dss#gfs#ge1%dr1%dps#g_s#gds#ge1%drs#gas#ghs#gSs#g_s#ge1%dr1%dos#gCs#ge1%dls#gis#gb1%do1%dm.xml]
D/S4URC   ( 5003): [SDK] [android.content.ContextWrapper][getSharedPreferences] [File][1%dss#gfs#ge1%dr1%dps#g_s#gds#ge1%drs#gas#ghs#gSs#g_s#ge1%dr1%dos#gCs#ge1%dls#gis#gb1%do1%dm.xml] [MODE][APPEND or MULTI_PROCESS]
D/S4URC   ( 5003): [SDK] [java.io.File] [getPath] [FilePath][String] [/data/data/com.atef.pencilsketch/shared_prefs/1%dss#gfs#ge1%dr1%dps#g_s#gds#ge1%drs#gas#ghs#gSs#g_s#ge1%dr1%dos#gCs#ge1%dls#gis#gb1%do1%dm.xml]
D/S4URC   ( 5003): [SDK] [android.content.ContextWrapper][getSharedPreferences] [File][1%dss#gfs#ge1%dr1%dps#g_s#gds#ge1%drs#gas#ghs#gSs#g_s#ge1%dr1%dos#gCs#ge1%dls#gis#gb1%do1%dm.xml] [MODE][APPEND or MULTI_PROCESS]
D/S4URC   ( 4913): [SDK] [java.io.File] [Constructor] [FilePath][String] [/vendor/lib]
D/S4URC   ( 4913): [SDK] [java.io.File] [Constructor] [FilePath][String] [/system/lib]
D/S4URC   ( 5003): [SDK] [android.app.ApplicationPackageManager] [getPackageInfo] [FindPackageName][String] [com.atef.pencilsketch]
D/S4URC   ( 5003): [SDK] [java.io.File] [getPath] [FilePath][String] [/data/data/com.atef.pencilsketch]
D/S4URC   ( 5003): [SDK] [java.io.File] [exists] [FilePath][String] [/data/data/com.atef.pencilsketch/files]
D/S4URC   ( 5003): [SDK] [java.io.File] [getPath] [FilePath][String] [/data/data/com.atef.pencilsketch/files]
D/S4URC   ( 5003): [SDK] [java.io.File] [Constructor] [FilePath][String] [/data/data/com.atef.pencilsketch/files/log_stack.dat]
D/S4URC   ( 5003): [SDK] [java.io.File] [exists] [FilePath][String] [/data/data/com.atef.pencilsketch/files/log_stack.dat]
D/S4URC   ( 5003): [SDK] [java.io.File] [exists] [FilePath][String] [/data/data/com.atef.pencilsketch/files]
D/S4URC   ( 5003): [SDK] [java.io.File] [getPath] [FilePath][String] [/data/data/com.atef.pencilsketch/files]
D/S4URC   ( 5003): [SDK] [java.io.File] [getPath] [FilePath][String] [/data/data/com.atef.pencilsketch/files/log_stack.dat]
D/S4URC   ( 5003): [SDK] [java.io.File] [exists] [FilePath][String] [/data/data/com.atef.pencilsketch/files]
D/S4URC   ( 5003): [SDK] [java.io.File] [getPath] [FilePath][String] [/data/data/com.atef.pencilsketch/files]
D/S4URC   ( 5003): [SDK] [java.io.File] [Constructor] [FilePath][String] [/data/data/com.atef.pencilsketch/files/log_stack.dat]
D/S4URC   ( 5003): [SDK] [java.io.File] [exists] [FilePath][String] [/data/data/com.atef.pencilsketch/files/log_stack.dat]
D/S4URC   ( 5003): [SDK] [java.io.File] [exists] [FilePath][String] [/data/data/com.atef.pencilsketch/files]
D/S4URC   ( 5003): [SDK] [java.io.File] [getPath] [FilePath][String] [/data/data/com.atef.pencilsketch/files]
D/S4URC   ( 5003): [SDK] [java.io.File] [getPath] [FilePath][String] [/data/data/com.atef.pencilsketch/files/log_stack.dat]
D/S4URC   ( 5003): [SDK] [java.io.File] [exists] [FilePath][String] [/data/data/com.atef.pencilsketch/files]
D/S4URC   ( 5003): [SDK] [java.io.File] [getPath] [FilePath][String] [/data/data/com.atef.pencilsketch/files]
D/S4URC   ( 5003): [SDK] [java.io.File] [Constructor] [FilePath][String] [/data/data/com.atef.pencilsketch/files/log_stack.dat]
D/S4URC   ( 5003): [SDK] [java.io.File] [exists] [FilePath][String] [/data/data/com.atef.pencilsketch/files/log_stack.dat]
D/S4URC   ( 5003): [SDK] [java.io.File] [exists] [FilePath][String] [/data/data/com.atef.pencilsketch/files]
D/S4URC   ( 5003): [SDK] [java.io.File] [getPath] [FilePath][String] [/data/data/com.atef.pencilsketch/files]
D/S4URC   ( 5003): [SDK] [java.io.File] [getPath] [FilePath][String] [/data/data/com.atef.pencilsketch/files/log_stack.dat]
D/S4URC   ( 5003): [SDK] [java.io.File] [exists] [FilePath][String] [/data/data/com.atef.pencilsketch/files]
D/S4URC   ( 5003): [SDK] [java.io.File] [getPath] [FilePath][String] [/data/data/com.atef.pencilsketch/files]
D/S4URC   ( 5003): [SDK] [java.io.File] [Constructor] [FilePath][String] [/data/data/com.atef.pencilsketch/files/log_stack.dat]
D/S4URC   ( 5003): [SDK] [java.io.File] [exists] [FilePath][String] [/data/data/com.atef.pencilsketch/files/log_stack.dat]
D/S4URC   ( 5003): [SDK] [java.io.File] [exists] [FilePath][String] [/data/data/com.atef.pencilsketch/files]
D/S4URC   ( 5003): [SDK] [java.io.File] [getPath] [FilePath][String] [/data/data/com.atef.pencilsketch/files]
D/S4URC   ( 5003): [SDK] [java.io.File] [getPath] [FilePath][String] [/data/data/com.atef.pencilsketch/files/log_stack.dat]
D/S4URC   ( 5003): [SDK] [java.io.File] [exists] [FilePath][String] [/data/data/com.atef.pencilsketch/files]
D/S4URC   ( 5003): [SDK] [java.io.File] [getPath] [FilePath][String] [/data/data/com.atef.pencilsketch/files]
D/S4URC   ( 5003): [SDK] [java.io.File] [Constructor] [FilePath][String] [/data/data/com.atef.pencilsketch/files/log_stack.dat]
D/S4URC   ( 5003): [SDK] [java.io.File] [exists] [FilePath][String] [/data/data/com.atef.pencilsketch/files/log_stack.dat]
D/S4URC   ( 5003): [SDK] [java.io.File] [exists] [FilePath][String] [/data/data/com.atef.pencilsketch/files]
D/S4URC   ( 5003): [SDK] [java.io.File] [getPath] [FilePath][String] [/data/data/com.atef.pencilsketch/files]
D/S4URC   ( 5003): [SDK] [java.io.File] [getPath] [FilePath][String] [/data/data/com.atef.pencilsketch/files/log_stack.dat]
D/S4URC   ( 4913): [SDK] [java.io.File] [Constructor] [FilePath][String] [/data/data/com.google.android.gms/app_chimera/m/00000001/DynamiteModulesA_GmsCore_prodlmp_alldpi_release.apk]
D/S4URC   ( 4913): [SDK] [java.io.File] [Constructor] [FilePath][String] [/data/data/com.google.android.gms]
D/S4URC   ( 4913): [SDK] [android.content.ContextWrapper][getSharedPreferences] [File][1%dss#gfs#ge1%dr1%dps#g_s#gds#ge1%drs#gas#ghs#gSs#g_s#ge1%dr1%dos#gCs#ge1%dls#gis#gb1%do1%dm.xml] [MODE][APPEND or MULTI_PROCESS] [Method][getInt] [Int][gads:heap_wastage:bytes] [Return][0]
D/S4URC   ( 4913): [SDK] [android.content.ContextWrapper][getSharedPreferences] [File][1%dss#gfs#ge1%dr1%dps#g_s#gds#ge1%drs#gas#ghs#gSs#g_s#ge1%dr1%dos#gCs#ge1%dls#gis#gb1%do1%dm.xml] [MODE][APPEND or MULTI_PROCESS] [Method][getBoolean] [Boolean][gads:ad_serving:enabled] [Return][true]
D/S4URC   ( 4913): [SDK] [android.content.ContextWrapper][getSharedPreferences] [File][1%dss#gfs#ge1%dr1%dps#g_s#gds#ge1%drs#gas#ghs#gSs#g_s#ge1%dr1%dos#gCs#ge1%dls#gis#gb1%do1%dm.xml] [MODE][APPEND or MULTI_PROCESS] [Method][getInt] [Int][gads:heap_wastage:bytes] [Return][0]
D/S4URC   ( 4913): [SDK] [android.content.ContextWrapper][getSharedPreferences] [File][1%dss#gfs#ge1%dr1%dps#g_s#gds#ge1%drs#gas#ghs#gSs#g_s#ge1%dr1%dos#gCs#ge1%dls#gis#gb1%do1%dm.xml] [MODE][APPEND or MULTI_PROCESS] [Method][getBoolean] [Boolean][gads:clearcut_logging:enabled] [Return][false]
D/S4URC   ( 4913): [SDK] [android.content.ContextWrapper][getSharedPreferences] [File][1%dss#gfs#ge1%dr1%dps#g_s#gds#ge1%drs#gas#ghs#gSs#g_s#ge1%dr1%dos#gCs#ge1%dls#gis#gb1%do1%dm.xml] [MODE][APPEND or MULTI_PROCESS] [Method][getBoolean] [Boolean][gads:nonagon:red_button] [Return][false]
D/S4URC   ( 4913): [SDK] [android.content.ContextWrapper][getSharedPreferences] [File][1%dss#gfs#ge1%dr1%dps#g_s#gds#ge1%drs#gas#ghs#gSs#g_s#ge1%dr1%dos#gCs#ge1%dls#gis#gb1%do1%dm.xml] [MODE][APPEND or MULTI_PROCESS] [Method][getBoolean] [Boolean][gads:nonagon:interstitial:enabled] [Return][false]
D/S4URC   ( 4913): [SDK] [android.content.ContextWrapper][getSharedPreferences] [File][1%dss#gfs#ge1%dr1%dps#g_s#gds#ge1%drs#gas#ghs#gSs#g_s#ge1%dr1%dos#gCs#ge1%dls#gis#gb1%do1%dm.xml] [MODE][APPEND or MULTI_PROCESS] [Method][getBoolean] [Boolean][gads:interstitial_ad_pool:enabled] [Return][false]
D/S4URC   ( 4913): [SDK] [android.content.ContextWrapper][getSharedPreferences] [File][1%dss#gfs#ge1%dr1%dps#g_s#gds#ge1%drs#gas#ghs#gSs#g_s#ge1%dr1%dos#gCs#ge1%dls#gis#gb1%do1%dm.xml] [MODE][APPEND or MULTI_PROCESS] [Method][getInt] [Int][gads:heap_wastage:bytes] [Return][0]
D/S4URC   ( 4913): [SDK] [android.content.ContextWrapper][getSharedPreferences] [File][1%dss#gfs#ge1%dr1%dps#g_s#gds#ge1%drs#gas#ghs#gSs#g_s#ge1%dr1%dos#gCs#ge1%dls#gis#gb1%do1%dm.xml] [MODE][APPEND or MULTI_PROCESS] [Method][getBoolean] [Boolean][gads:disable_adid_values_in_ms] [Return][false]
D/S4URC   ( 4913): [SDK] [android.content.ContextWrapper] [registerReceiver][IntentFilter][android.intent.action.USER_PRESENT,android.intent.action.SCREEN_OFF,
D/S4URC   ( 4913): [SDK] [android.app.ApplicationPackageManager] [getPackageInfo] [FindPackageName][String] [com.google.android.gms]
D/S4URC   ( 4913): [SDK] [android.content.ContextWrapper] [registerReceiver][IntentFilter][com.google.android.ads.intent.DEBUG_LOGGING_ENABLEMENT_CHANGED,
D/S4URC   ( 4913): [SDK] [android.content.ContextWrapper][getSharedPreferences] [File][1%dss#gfs#ge1%dr1%dps#g_s#gds#ge1%drs#gas#ghs#gSs#g_s#ge1%dr1%dos#gCs#ge1%dls#gis#gb1%do1%dm.xml] [MODE][APPEND or MULTI_PROCESS] [Method][getBoolean] [Boolean][gads:debug_logging_feature:enable] [Return][true]
D/S4URC   ( 4913): [SDK] [android.content.ContextWrapper][getSharedPreferences] [File][1%dss#gfs#ge1%dr1%dps#g_s#gds#ge1%drs#gas#ghs#gSs#g_s#ge1%dr1%dos#gCs#ge1%dls#gis#gb1%do1%dm.xml] [MODE][APPEND or MULTI_PROCESS] [Method][getBoolean] [Boolean][gads:app_activity_tracker:enabled] [Return][true]
D/S4URC   ( 4913): [SDK] [android.content.ContextWrapper][getSharedPreferences] [File][1%dss#gfs#ge1%dr1%dps#g_s#gds#ge1%drs#gas#ghs#gSs#g_s#ge1%dr1%dos#gCs#ge1%dls#gis#gb1%do1%dm.xml] [MODE][APPEND or MULTI_PROCESS] [Method][getBoolean] [Boolean][gads:sdk_crash_report_enabled] [Return][false]
D/S4URC   ( 4913): [SDK] [java.io.File] [getPath] [FilePath][String] [/data/data/com.google.android.gms]
D/S4URC   ( 4913): [SDK] [java.io.File] [getPath] [FilePath][String] [/data/data/com.google.android.gms/shared_prefs]
D/S4URC   ( 4913): [SDK] [java.io.File] [getPath] [FilePath][String] [/data/data/com.google.android.gms/shared_prefs/admob_user_agent.xml]
D/S4URC   ( 4913): [SDK] [java.io.File] [Constructor] [FilePath][String] [/data/data/com.google.android.gms/shared_prefs/admob_user_agent.xml.bak]
D/S4URC   ( 4913): [SDK] [java.io.File] [exists] [FilePath][String] [/data/data/com.google.android.gms/shared_prefs/admob_user_agent.xml]
D/S4URC   ( 4913): [SDK] [java.io.File] [canRead] [FilePath][String] [/data/data/com.google.android.gms/shared_prefs/admob_user_agent.xml]
D/S4URC   ( 4913): [SDK] [java.io.File] [getPath] [FilePath][String] [/data/data/com.google.android.gms/shared_prefs/admob_user_agent.xml]
D/S4URC   ( 4913): [SDK] [java.io.File] [exists] [FilePath][String] [/data/data/com.google.android.gms/shared_prefs/admob_user_agent.xml]
D/S4URC   ( 4913): [SDK] [java.io.File] [canRead] [FilePath][String] [/data/data/com.google.android.gms/shared_prefs/admob_user_agent.xml]
D/S4URC   ( 4913): [SDK] [java.io.File] [getPath] [FilePath][String] [/data/data/com.google.android.gms/shared_prefs/admob_user_agent.xml]
D/S4URC   ( 4913): [SDK] [java.io.File] [exists] [FilePath][String] [/data/data/com.google.android.gms/shared_prefs/admob_user_agent.xml.bak]
D/S4URC   ( 4913): [SDK] [java.io.File] [exists] [FilePath][String] [/data/data/com.google.android.gms/shared_prefs/admob_user_agent.xml]
D/S4URC   ( 4913): [SDK] [java.io.File] [canRead] [FilePath][String] [/data/data/com.google.android.gms/shared_prefs/admob_user_agent.xml]
D/S4URC   ( 4913): [SDK] [java.io.File] [getPath] [FilePath][String] [/data/data/com.google.android.gms/shared_prefs/admob_user_agent.xml]
D/S4URC   ( 4913): [SDK] [java.io.File] [canRead] [FilePath][String] [/data/data/com.google.android.gms/shared_prefs/admob_user_agent.xml]
D/S4URC   ( 4913): [SDK] [java.io.File] [getPath] [FilePath][String] [/data/data/com.google.android.gms/shared_prefs/admob_user_agent.xml]
D/S4URC   ( 4913): [SDK] [android.content.ContextWrapper][getSharedPreferences] [File][1%dss#gfs#ge1%dr1%dps#g_s#gds#ge1%drs#gas#ghs#gSs#g_s#ge1%dr1%dos#gCs#ge1%dls#gis#gb1%do1%dm.xml] [MODE][APPEND or MULTI_PROCESS] [Method][getString] [String][user_agent] [Return][Mozilla/5.0 (Linux; Android 5.1.1; galaxys5 Build/LMY49J) AppleWebKit/537.36 (KHTML, like Gecko) Version/4.0 Chrome/39.0.0.0 Safari/537.36]
D/S4URC   ( 4913): [SDK] [android.content.ContextWrapper][getSharedPreferences] [File][1%dss#gfs#ge1%dr1%dps#g_s#gds#ge1%drs#gas#ghs#gSs#g_s#ge1%dr1%dos#gCs#ge1%dls#gis#gb1%do1%dm.xml] [MODE][APPEND or MULTI_PROCESS] [Method][getString] [String][gads:sdk_core_location] [Return][https://googleads.g.doubleclick.net/mads/static/mad/sdk/native/sdk-core-v40-loader.html]
D/S4URC   ( 4913): [SDK] [android.content.ContextWrapper][getSharedPreferences] [File][1%dss#gfs#ge1%dr1%dps#g_s#gds#ge1%drs#gas#ghs#gSs#g_s#ge1%dr1%dos#gCs#ge1%dls#gis#gb1%do1%dm.xml] [MODE][APPEND or MULTI_PROCESS] [Method][getBoolean] [Boolean][gads:enabled_sdk_csi] [Return][false]
D/S4URC   ( 4913): [SDK] [android.content.ContextWrapper][getSharedPreferences] [File][1%dss#gfs#ge1%dr1%dps#g_s#gds#ge1%drs#gas#ghs#gSs#g_s#ge1%dr1%dos#gCs#ge1%dls#gis#gb1%do1%dm.xml] [MODE][APPEND or MULTI_PROCESS] [Method][getString] [String][gads:sdk_csi_server] [Return][https://csi.gstatic.com/csi]
D/S4URC   ( 4913): [SDK] [android.content.ContextWrapper][getSharedPreferences] [File][1%dss#gfs#ge1%dr1%dps#g_s#gds#ge1%drs#gas#ghs#gSs#g_s#ge1%dr1%dos#gCs#ge1%dls#gis#gb1%do1%dm.xml] [MODE][APPEND or MULTI_PROCESS] [Method][getInt] [Int][gads:heap_wastage:bytes] [Return][0]
D/S4URC   ( 4913): [SDK] [java.io.File] [exists] [FilePath][String] [/data/data/com.atef.pencilsketch/cache]
D/S4URC   ( 4913): [SDK] [java.io.File] [Constructor] [FilePath][String] [/data/data/com.atef.pencilsketch/cache/1510898742191.jar]
D/S4URC   ( 4913): [SDK] [java.io.File] [exists] [FilePath][String] [/data/data/com.atef.pencilsketch/cache/1510898742191.jar]
D/S4URC   ( 4913): [SDK] [java.lang.Class] [forName] [FindClass][String] [com.android.org.conscrypt.OpenSSLCipher$AES$CBC$PKCS5Padding]
D/S4URC   ( 4913): [SDK] [java.io.File] [getPath] [FilePath][String] [/data/data/com.atef.pencilsketch/shared_prefs]
D/S4URC   ( 4913): [SDK] [java.io.File] [getPath] [FilePath][String] [/data/data/com.atef.pencilsketch/shared_prefs/admob.xml]
D/S4URC   ( 4913): [SDK] [java.io.File] [Constructor] [FilePath][String] [/data/data/com.atef.pencilsketch/shared_prefs/admob.xml.bak]
D/S4URC   ( 4913): [SDK] [java.io.File] [exists] [FilePath][String] [/data/data/com.atef.pencilsketch/shared_prefs/admob.xml]
D/S4URC   ( 4913): [SDK] [java.io.File] [canRead] [FilePath][String] [/data/data/com.atef.pencilsketch/shared_prefs/admob.xml]
D/S4URC   ( 4913): [SDK] [java.io.File] [getPath] [FilePath][String] [/data/data/com.atef.pencilsketch/shared_prefs/admob.xml]
D/S4URC   ( 4913): [SDK] [java.io.File] [exists] [FilePath][String] [/data/data/com.atef.pencilsketch/shared_prefs/admob.xml]
D/S4URC   ( 4913): [SDK] [java.io.File] [canRead] [FilePath][String] [/data/data/com.atef.pencilsketch/shared_prefs/admob.xml]
D/S4URC   ( 4913): [SDK] [java.io.File] [getPath] [FilePath][String] [/data/data/com.atef.pencilsketch/shared_prefs/admob.xml]
D/S4URC   ( 4913): [SDK] [android.content.ContextWrapper][getSharedPreferences] [File][admob.xml] [MODE][MODE_PRIVATE]
D/S4URC   ( 4913): [SDK] [android.app.ApplicationPackageManager] [getPackageInfo] [FindPackageName][String] [com.atef.pencilsketch]
D/S4URC   ( 5003): [SDK] [java.lang.Class] [forName] [FindClass][String] [com.android.org.conscrypt.OpenSSLMessageDigestJDK$MD5]
D/S4URC   ( 5003): [SDK] [java.lang.Class] [forName] [FindClass][String] [com.android.org.conscrypt.OpenSSLCipher$AES$ECB$PKCS5Padding]
D/S4URC   ( 4913): [SDK] [java.io.File] [exists] [FilePath][String] [/data/data/com.atef.pencilsketch/shared_prefs/admob.xml.bak]
D/S4URC   ( 4913): [SDK] [java.io.File] [exists] [FilePath][String] [/data/data/com.atef.pencilsketch/shared_prefs/admob.xml]
D/S4URC   ( 4913): [SDK] [java.io.File] [canRead] [FilePath][String] [/data/data/com.atef.pencilsketch/shared_prefs/admob.xml]
D/S4URC   ( 4913): [SDK] [java.io.File] [getPath] [FilePath][String] [/data/data/com.atef.pencilsketch/shared_prefs/admob.xml]
D/S4URC   ( 4913): [SDK] [java.io.File] [canRead] [FilePath][String] [/data/data/com.atef.pencilsketch/shared_prefs/admob.xml]
D/S4URC   ( 4913): [SDK] [java.io.File] [getPath] [FilePath][String] [/data/data/com.atef.pencilsketch/shared_prefs/admob.xml]
D/S4URC   ( 4913): [SDK] [android.content.ContextWrapper][getSharedPreferences] [File][admob.xml] [MODE][MODE_PRIVATE] [Method][getBoolean] [Boolean][use_https] [Return][true]
D/S4URC   ( 4913): [SDK] [android.content.ContextWrapper][getSharedPreferences] [File][admob.xml] [MODE][MODE_PRIVATE] [Method][getBoolean] [Boolean][content_url_opted_out] [Return][true]
D/S4URC   ( 4913): [SDK] [android.content.ContextWrapper][getSharedPreferences] [File][admob.xml] [MODE][MODE_PRIVATE] [Method][getString] [String][content_url_hashes] [Return][null]
