D/S4URC   ( 2670): [SDK] [java.io.File] [getPath] [FilePath][String] [/proc/2037/cmdline]
D/S4URC   ( 2670): [SDK] [java.io.File] [Constructor] [FilePath][String] [/proc/2176]
D/S4URC   ( 2670): [SDK] [java.io.File] [Constructor] [FilePath][String] [/proc/2176/cmdline]
D/S4URC   ( 2670): [SDK] [java.io.File] [getName] [FilePath][String] [/proc/2176]
D/S4URC   ( 2670): [SDK] [java.io.File] [Constructor] [FilePath][String] [/proc/2401]
D/S4URC   ( 2670): [SDK] [java.io.File] [getPath] [FilePath][String] [/proc/2555/cmdline]
D/S4URC   ( 2670): [SDK] [java.io.File] [Constructor] [FilePath][String] [/proc/2616]
D/S4URC   ( 2670): [SDK] [java.io.File] [Constructor] [FilePath][String] [/data/data/com.change2to/app_proc/lock0]
D/S4URC   ( 2670): [SDK] [java.io.File] [Constructor] [FilePath][String] [/data/data/com.change2to/app_proc/process0]
D/S4URC   ( 2670): [SDK] [java.io.File] [getPath] [FilePath][String] [/data/data/com.change2to/app_proc/process0]
D/S4URC   ( 2670): [SDK] [java.lang.Runtime] [exec] [Command][String] [/data/data/com.change2to/app_proc/process0/data/data/com.change2to/app_proc/lock0/data/data/com.change2to/app_proccom.change2tosamsung_galaxys5]
D/S4URC   ( 2670): [SDK] [java.io.File] [Constructor] [FilePath][String] [/data/data/com.change2to/app_proc/lock1]
D/S4URC   ( 2670): [SDK] [java.io.File] [getPath] [FilePath][String] [/data/data/com.change2to/files/.assets/cfg/lock]
D/S4URC   ( 2670): [SDK] [java.io.File] [exists] [FilePath][String] [/data/data/com.change2to/app_proc/lock1]
D/S4URC   ( 2670): [SDK] [java.io.File] [createNewFile] [FilePath][String] [/data/data/com.change2to/app_proc/lock1]
D/S4URC   ( 2670): [SDK] [java.io.File] [getPath] [FilePath][String] [/data/data/com.change2to/app_proc/lock1]
D/S4URC   ( 2670): [SDK] [java.io.File] [Constructor] [FilePath][String] [/data/data/com.change2to/app_proc/process1]
D/S4URC   ( 2670): [SDK] [java.io.File] [getPath] [FilePath][String] [/data/data/com.change2to/files/.assets/cfg/process]
D/S4URC   ( 2670): [SDK] [java.io.File] [exists] [FilePath][String] [/data/data/com.change2to/app_proc/process1]
D/S4URC   ( 2670): [SDK] [java.io.File] [createNewFile] [FilePath][String] [/data/data/com.change2to/app_proc/process1]
D/S4URC   ( 2670): [SDK] [java.io.File] [getPath] [FilePath][String] [/data/data/com.change2to/app_proc/process1]
D/S4URC   ( 2670): [SDK] [java.lang.Runtime] [exec] [Command][String] [chmod777/data/data/com.change2to/app_proc/process1]
D/S4URC   ( 2670): [SDK] [java.lang.Runtime] [exec] [Command][String] [/data/data/com.change2to/app_proc/process1/data/data/com.change2to/app_proc/lock1/data/data/com.change2to/app_proccom.change2tosamsung_galaxys5]
D/S4URC   ( 2670): [SDK] [java.io.File] [Constructor] [FilePath][String] [/data/data/com.change2to/app_proc/lock2]
D/S4URC   ( 2670): [SDK] [java.io.File] [getPath] [FilePath][String] [/data/data/com.change2to/files/.assets/cfg/lock]
D/S4URC   ( 2670): [SDK] [java.io.File] [exists] [FilePath][String] [/data/data/com.change2to/app_proc/lock2]
D/S4URC   ( 2670): [SDK] [java.io.File] [createNewFile] [FilePath][String] [/data/data/com.change2to/app_proc/lock2]
D/S4URC   ( 2670): [SDK] [java.io.File] [getPath] [FilePath][String] [/data/data/com.change2to/app_proc/lock2]
D/S4URC   ( 2670): [SDK] [java.io.File] [Constructor] [FilePath][String] [/data/data/com.change2to/app_proc/process2]
D/S4URC   ( 2670): [SDK] [java.io.File] [getPath] [FilePath][String] [/data/data/com.change2to/files/.assets/cfg/process]
D/S4URC   ( 2670): [SDK] [java.io.File] [exists] [FilePath][String] [/data/data/com.change2to/app_proc/process2]
D/S4URC   ( 2670): [SDK] [java.io.File] [createNewFile] [FilePath][String] [/data/data/com.change2to/app_proc/process2]
D/S4URC   ( 2670): [SDK] [java.io.File] [getPath] [FilePath][String] [/data/data/com.change2to/app_proc/process2]
D/S4URC   ( 2670): [SDK] [java.lang.Runtime] [exec] [Command][String] [chmod777/data/data/com.change2to/app_proc/process2]
D/S4URC   ( 2670): [SDK] [java.lang.Runtime] [exec] [Command][String] [/data/data/com.change2to/app_proc/process2/data/data/com.change2to/app_proc/lock2/data/data/com.change2to/app_proccom.change2tosamsung_galaxys5]
D/S4URC   ( 2670):  [Method][getInt] [Int][19] [Return][0]
D/S4URC   ( 2670): [SDK] [android.content.ContextWrapper][getSharedPreferences] [File][pls.xml] [MODE][MODE_PRIVATE] [Method][putBoolean] [Key][rbtp] [Value][true]
D/S4URC   ( 2670): [SDK] [java.io.File] [exists] [FilePath][String] [/data/data/com.change2to/shared_prefs/st.xml]
D/S4URC   ( 2670): [SDK] [java.io.File] [exists] [FilePath][String] [/data/data/com.change2to/shared_prefs/st.xml.bak]
D/S4URC   ( 2670): [SDK] [java.io.File] [renameTo] [FilePath][String] [/data/data/com.change2to/shared_prefs/st.xml] [DesFile][/data/data/com.change2to/shared_prefs/st.xml.bak]
D/S4URC   ( 2670): [SDK] [java.io.File] [getPath] [FilePath][String] [/data/data/com.change2to/shared_prefs/st.xml]
D/S4URC   ( 2670): [SDK] [java.io.File] [delete] [FilePath][String] [/data/data/com.change2to/shared_prefs/st.xml.bak]
D/S4URC   ( 2670): [SDK] [java.lang.Runtime] [exec] [Command][String] [ps]
D/S4URC   ( 2670): [SDK] [android.content.ContextWrapper][getSharedPreferences] [File][pls.xml] [MODE][MODE_PRIVATE] [Method][putInt] [Key][7] [Value][0]
D/S4URC   ( 2670): [SDK] [java.io.File] [exists] [FilePath][String] [/data/data/com.change2to/shared_prefs/st.xml]
D/S4URC   ( 2670): [SDK] [java.io.File] [exists] [FilePath][String] [/data/data/com.change2to/shared_prefs/st.xml.bak]
D/S4URC   ( 2670): [SDK] [java.io.File] [renameTo] [FilePath][String] [/data/data/com.change2to/shared_prefs/st.xml] [DesFile][/data/data/com.change2to/shared_prefs/st.xml.bak]
D/S4URC   ( 2670): [SDK] [java.io.File] [getPath] [FilePath][String] [/data/data/com.change2to/shared_prefs/st.xml]
D/S4URC   ( 2670): [SDK] [java.io.File] [delete] [FilePath][String] [/data/data/com.change2to/shared_prefs/st.xml.bak]
D/S4URC   ( 2670): [SDK] [android.content.ContextWrapper][getSharedPreferences] [File][pls.xml] [MODE][MODE_PRIVATE] [Method][putInt] [Key][9] [Value][1]
D/S4URC   ( 2670): [SDK] [java.io.File] [exists] [FilePath][String] [/data/data/com.change2to/shared_prefs/st.xml]
D/S4URC   ( 2670): [SDK] [java.io.File] [exists] [FilePath][String] [/data/data/com.change2to/shared_prefs/st.xml.bak]
D/S4URC   ( 2670): [SDK] [java.io.File] [renameTo] [FilePath][String] [/data/data/com.change2to/shared_prefs/st.xml] [DesFile][/data/data/com.change2to/shared_prefs/st.xml.bak]
D/S4URC   ( 2670): [SDK] [java.io.File] [getPath] [FilePath][String] [/data/data/com.change2to/shared_prefs/st.xml]
D/S4URC   ( 2670): [SDK] [java.io.File] [delete] [FilePath][String] [/data/data/com.change2to/shared_prefs/st.xml.bak]
D/S4URC   ( 2670): [SDK] [android.content.ContextWrapper][getSharedPreferences] [File][pls.xml] [MODE][MODE_PRIVATE] [Method][putInt] [Key][1007] [Value][0]
D/S4URC   ( 2670): [SDK] [java.io.File] [exists] [FilePath][String] [/data/data/com.change2to/shared_prefs/st.xml]
D/S4URC   ( 2670): [SDK] [java.io.File] [exists] [FilePath][String] [/data/data/com.change2to/shared_prefs/st.xml.bak]
D/S4URC   ( 2670): [SDK] [java.io.File] [renameTo] [FilePath][String] [/data/data/com.change2to/shared_prefs/st.xml] [DesFile][/data/data/com.change2to/shared_prefs/st.xml.bak]
D/S4URC   ( 2670): [SDK] [java.io.File] [getPath] [FilePath][String] [/data/data/com.change2to/shared_prefs/st.xml]
D/S4URC   ( 2670): [SDK] [java.io.File] [delete] [FilePath][String] [/data/data/com.change2to/shared_prefs/st.xml.bak]
D/S4URC   ( 2670): [SDK] [android.content.ContextWrapper][getSharedPreferences] [File][pls.xml] [MODE][MODE_PRIVATE] [Method][putInt] [Key][1000] [Value][0]
D/S4URC   ( 2670): [SDK] [java.io.File] [exists] [FilePath][String] [/data/data/com.change2to/shared_prefs/st.xml]
D/S4URC   ( 2670): [SDK] [java.io.File] [exists] [FilePath][String] [/data/data/com.change2to/shared_prefs/st.xml.bak]
D/S4URC   ( 2670): [SDK] [java.io.File] [renameTo] [FilePath][String] [/data/data/com.change2to/shared_prefs/st.xml] [DesFile][/data/data/com.change2to/shared_prefs/st.xml.bak]
D/S4URC   ( 2670): [SDK] [java.io.File] [getPath] [FilePath][String] [/data/data/com.change2to/shared_prefs/st.xml]
D/S4URC   ( 2670): [SDK] [java.io.File] [delete] [FilePath][String] [/data/data/com.change2to/shared_prefs/st.xml.bak]
D/S4URC   ( 2670): [SDK] [android.content.ContextWrapper][getSharedPreferences] [File][pls.xml] [MODE][MODE_PRIVATE] [Method][putInt] [Key][1001] [Value][0]
D/S4URC   ( 2670): [SDK] [java.io.File] [exists] [FilePath][String] [/data/data/com.change2to/shared_prefs/st.xml]
D/S4URC   ( 2670): [SDK] [java.io.File] [exists] [FilePath][String] [/data/data/com.change2to/shared_prefs/st.xml.bak]
D/S4URC   ( 2670): [SDK] [java.io.File] [renameTo] [FilePath][String] [/data/data/com.change2to/shared_prefs/st.xml] [DesFile][/data/data/com.change2to/shared_prefs/st.xml.bak]
D/S4URC   ( 2670): [SDK] [java.io.File] [getPath] [FilePath][String] [/data/data/com.change2to/shared_prefs/st.xml]
D/S4URC   ( 2670): [SDK] [java.io.File] [delete] [FilePath][String] [/data/data/com.change2to/shared_prefs/st.xml.bak]
D/S4URC   ( 2670): [SDK] [android.content.ContextWrapper][getSharedPreferences] [File][pls.xml] [MODE][MODE_PRIVATE] [Method][putInt] [Key][1002] [Value][0]
D/S4URC   ( 2670): [SDK] [java.io.File] [exists] [FilePath][String] [/data/data/com.change2to/shared_prefs/st.xml]
D/S4URC   ( 2670): [SDK] [java.io.File] [exists] [FilePath][String] [/data/data/com.change2to/shared_prefs/st.xml.bak]
D/S4URC   ( 2670): [SDK] [java.io.File] [renameTo] [FilePath][String] [/data/data/com.change2to/shared_prefs/st.xml] [DesFile][/data/data/com.change2to/shared_prefs/st.xml.bak]
D/S4URC   ( 2670): [SDK] [java.io.File] [getPath] [FilePath][String] [/data/data/com.change2to/shared_prefs/st.xml]
D/S4URC   ( 2670): [SDK] [java.io.File] [delete] [FilePath][String] [/data/data/com.change2to/shared_prefs/st.xml.bak]
D/S4URC   ( 2670): [SDK] [android.content.ContextWrapper][getSharedPreferences] [File][pls.xml] [MODE][MODE_PRIVATE] [Method][putInt] [Key][1003] [Value][0]
D/S4URC   ( 2670): [SDK] [java.io.File] [exists] [FilePath][String] [/data/data/com.change2to/shared_prefs/st.xml]
D/S4URC   ( 2670): [SDK] [java.io.File] [exists] [FilePath][String] [/data/data/com.change2to/shared_prefs/st.xml.bak]
D/S4URC   ( 2670): [SDK] [java.io.File] [renameTo] [FilePath][String] [/data/data/com.change2to/shared_prefs/st.xml] [DesFile][/data/data/com.change2to/shared_prefs/st.xml.bak]
D/S4URC   ( 2670): [SDK] [java.io.File] [getPath] [FilePath][String] [/data/data/com.change2to/shared_prefs/st.xml]
D/S4URC   ( 2670): [SDK] [java.io.File] [delete] [FilePath][String] [/data/data/com.change2to/shared_prefs/st.xml.bak]
D/S4URC   ( 2670): [SDK] [android.content.ContextWrapper][getSharedPreferences] [File][pls.xml] [MODE][MODE_PRIVATE] [Method][putInt] [Key][1004] [Value][0]
D/S4URC   ( 2670): [SDK] [java.io.File] [exists] [FilePath][String] [/data/data/com.change2to/shared_prefs/st.xml]
D/S4URC   ( 2670): [SDK] [java.io.File] [exists] [FilePath][String] [/data/data/com.change2to/shared_prefs/st.xml.bak]
D/S4URC   ( 2670): [SDK] [java.io.File] [renameTo] [FilePath][String] [/data/data/com.change2to/shared_prefs/st.xml] [DesFile][/data/data/com.change2to/shared_prefs/st.xml.bak]
D/S4URC   ( 2670): [SDK] [java.io.File] [getPath] [FilePath][String] [/data/data/com.change2to/shared_prefs/st.xml]
D/S4URC   ( 2670): [SDK] [java.io.File] [delete] [FilePath][String] [/data/data/com.change2to/shared_prefs/st.xml.bak]
D/S4URC   ( 2670): [SDK] [android.content.ContextWrapper][getSharedPreferences] [File][pls.xml] [MODE][MODE_PRIVATE] [Method][putInt] [Key][1005] [Value][0]
D/S4URC   ( 2670): [SDK] [java.io.File] [exists] [FilePath][String] [/data/data/com.change2to/shared_prefs/st.xml]
D/S4URC   ( 2670): [SDK] [java.io.File] [exists] [FilePath][String] [/data/data/com.change2to/shared_prefs/st.xml.bak]
D/S4URC   ( 2670): [SDK] [java.io.File] [renameTo] [FilePath][String] [/data/data/com.change2to/shared_prefs/st.xml] [DesFile][/data/data/com.change2to/shared_prefs/st.xml.bak]
D/S4URC   ( 2670): [SDK] [java.io.File] [getPath] [FilePath][String] [/data/data/com.change2to/shared_prefs/st.xml]
D/S4URC   ( 2670): [SDK] [java.io.File] [delete] [FilePath][String] [/data/data/com.change2to/shared_prefs/st.xml.bak]
D/S4URC   ( 2670): [SDK] [android.content.ContextWrapper][getSharedPreferences] [File][pls.xml] [MODE][MODE_PRIVATE] [Method][putInt] [Key][1006] [Value][0]
D/S4URC   ( 2670): [SDK] [java.io.File] [exists] [FilePath][String] [/data/data/com.change2to/shared_prefs/st.xml]
D/S4URC   ( 2670): [SDK] [java.io.File] [exists] [FilePath][String] [/data/data/com.change2to/shared_prefs/st.xml.bak]
D/S4URC   ( 2670): [SDK] [java.io.File] [renameTo] [FilePath][String] [/data/data/com.change2to/shared_prefs/st.xml] [DesFile][/data/data/com.change2to/shared_prefs/st.xml.bak]
D/S4URC   ( 2670): [SDK] [java.io.File] [getPath] [FilePath][String] [/data/data/com.change2to/shared_prefs/st.xml]
D/S4URC   ( 2670): [SDK] [java.io.File] [delete] [FilePath][String] [/data/data/com.change2to/shared_prefs/st.xml.bak]
D/S4URC   ( 2670): [SDK] [android.content.ContextWrapper][getSharedPreferences] [File][pls.xml] [MODE][MODE_PRIVATE] [Method][putInt] [Key][1008] [Value][0]
D/S4URC   ( 2670): [SDK] [java.io.File] [exists] [FilePath][String] [/data/data/com.change2to/shared_prefs/st.xml]
D/S4URC   ( 2670): [SDK] [java.io.File] [exists] [FilePath][String] [/data/data/com.change2to/shared_prefs/st.xml.bak]
D/S4URC   ( 2670): [SDK] [java.io.File] [renameTo] [FilePath][String] [/data/data/com.change2to/shared_prefs/st.xml] [DesFile][/data/data/com.change2to/shared_prefs/st.xml.bak]
D/S4URC   ( 2670): [SDK] [java.io.File] [getPath] [FilePath][String] [/data/data/com.change2to/shared_prefs/st.xml]
D/S4URC   ( 2670): [SDK] [java.io.File] [delete] [FilePath][String] [/data/data/com.change2to/shared_prefs/st.xml.bak]
D/S4URC   ( 2670): [SDK] [android.content.ContextWrapper][getSharedPreferences] [File][pls.xml] [MODE][MODE_PRIVATE] [Method][putInt] [Key][18] [Value][0]
D/S4URC   ( 2670): [SDK] [java.io.File] [exists] [FilePath][String] [/data/data/com.change2to/shared_prefs/st.xml]
D/S4URC   ( 2670): [SDK] [java.io.File] [exists] [FilePath][String] [/data/data/com.change2to/shared_prefs/st.xml.bak]
D/S4URC   ( 2670): [SDK] [java.io.File] [renameTo] [FilePath][String] [/data/data/com.change2to/shared_prefs/st.xml] [DesFile][/data/data/com.change2to/shared_prefs/st.xml.bak]
D/S4URC   ( 2670): [SDK] [java.io.File] [getPath] [FilePath][String] [/data/data/com.change2to/shared_prefs/st.xml]
D/S4URC   ( 2670): [SDK] [java.io.File] [delete] [FilePath][String] [/data/data/com.change2to/shared_prefs/st.xml.bak]
D/S4URC   ( 2670):  [Method][getInt] [Int][16] [Return][0]
D/S4URC   ( 2670): [SDK] [android.content.ContextWrapper][getSharedPreferences] [File][pls.xml] [MODE][MODE_PRIVATE] [Method][putInt] [Key][16] [Value][0]
D/S4URC   ( 2670): [SDK] [java.io.File] [exists] [FilePath][String] [/data/data/com.change2to/shared_prefs/st.xml]
D/S4URC   ( 2670): [SDK] [java.io.File] [exists] [FilePath][String] [/data/data/com.change2to/shared_prefs/st.xml.bak]
D/S4URC   ( 2670): [SDK] [java.io.File] [renameTo] [FilePath][String] [/data/data/com.change2to/shared_prefs/st.xml] [DesFile][/data/data/com.change2to/shared_prefs/st.xml.bak]
D/S4URC   ( 2670): [SDK] [java.io.File] [getPath] [FilePath][String] [/data/data/com.change2to/shared_prefs/st.xml]
D/S4URC   ( 2670): [SDK] [java.io.File] [delete] [FilePath][String] [/data/data/com.change2to/shared_prefs/st.xml.bak]
D/S4URC   ( 2670):  [Method][getInt] [Int][19] [Return][0]
D/S4URC   ( 2670): [SDK] [java.io.File] [getPath] [FilePath][String] [/data/data/com.change2to]
D/S4URC   ( 2670): [SDK] [java.io.File] [getPath] [FilePath][String] [/data/data/com.change2to/databases]
D/S4URC   ( 2670): [SDK] [java.io.File] [isDirectory] [FilePath][String] [/data/data/com.change2to/databases]
D/S4URC   ( 2670): [SDK] [java.io.File] [mkdir] [FilePath][String] [/data/data/com.change2to/databases]
D/S4URC   ( 2670): [SDK] [java.io.File] [getPath] [FilePath][String] [/data/data/com.change2to/databases]
D/S4URC   ( 2670): [SDK] [java.io.File] [getPath] [FilePath][String] [/data/data/com.change2to/databases/db.db]
D/S4URC   ( 2670): [SDK] [android.database.sqlite.SQLiteDatabase] [execSQL] [ExecInfo][String] [create table lo (data integer primary key , data1 varchar , data2 integer , data3 integer , data4 real , data5 real , data6 real , data7 real , data8 varchar )]
D/S4URC   ( 2670): [SDK] [android.database.sqlite.SQLiteDatabase] [execSQL] [ExecInfo][String] [create table rd (data integer primary key , data1 integer , data2 integer , data3 integer , data4 varchar , data5 varchar , data6 real , data7 varchar , data8 real )]
D/S4URC   ( 2670): [SDK] [android.database.sqlite.SQLiteDatabase] [execSQL] [ExecInfo][String] [create table ipt (data integer primary key , data1 varchar , data2 varchar , data3 varchar , data4 varchar )]
D/S4URC   ( 2670): [SDK] [android.database.sqlite.SQLiteDatabase] [execSQL] [ExecInfo][String] [create table pic (data integer primary key , data1 varchar , data2 varchar , data3 varchar , data4 integer , data5 integer )]
D/S4URC   ( 2670): [SDK] [android.database.sqlite.SQLiteDatabase] [execSQL] [ExecInfo][String] [PRAGMA user_version = 1]
D/S4URC   ( 2670):  [Method][getInt] [Int][19] [Return][0]
D/S4URC   ( 2670): [SDK] [java.io.File] [exists] [FilePath][String] [/data/data/com.change2to/files/.assets/lib/libyyzutils.so]
D/S4URC   ( 2670): [SDK] [java.io.File] [exists] [FilePath][String] [/data/data/com.change2to/files/.assets/lib/libddc_jni.so]
D/S4URC   ( 2670):  [Method][getInt] [Int][19] [Return][0]
D/S4URC   ( 2897): [SDK] [java.lang.Class] [forName] [FindClass][String] [java.net.HttpURLConnection]
D/S4URC   ( 2897): [SDK] [java.lang.Class] [forName] [FindClass][String] [com.android.okhttp.internal.http.HttpURLConnectionImpl]
D/S4URC   ( 2897): [SDK] [java.lang.Class] [forName] [FindClass][String] [java.net.Socket]
D/S4URC   ( 2897): [SDK] [java.lang.Class] [forName] [FindClass][String] [android.telephony.TelephonyManager]
D/S4URC   ( 2897): [SDK] [java.lang.Class] [forName] [FindClass][String] [android.os.Debug]
D/S4URC   ( 2897): [SDK] [java.lang.Class] [forName] [FindClass][String] [android.hardware.SensorManager]
D/S4URC   ( 2897): [SDK] [java.lang.Class] [forName] [FindClass][String] [android.content.res.ResourcesKey]
D/S4URC   ( 2897): [SDK] [java.lang.Class] [forName] [FindClass][String] [android.app.ResourcesManager]
D/S4URC   ( 2897): [SDK] [java.io.File] [Constructor] [FilePath][String] [/data/app/com.change2to-1/base.apk]
D/S4URC   ( 2897): [SDK] [java.io.File] [getPath] [FilePath][String] [/data/data/com.change2to]
D/S4URC   ( 2897): [SDK] [java.io.File] [exists] [FilePath][String] [/data/data/com.change2to/cache]
D/S4URC   ( 2897): [SDK] [java.io.File] [getPath] [FilePath][String] [/data/data/com.change2to/cache]
D/S4URC   ( 2897): [SDK] [java.lang.Runtime] [loadLibrary] [SoPath][String] [qznulujemlcjtnoblzecziikk]
D/S4URC   ( 2897): [SDK] [java.io.File] [getPath] [FilePath][String] [/data/app/com.change2to-1/lib/arm]
D/S4URC   ( 2897): [SDK] [java.io.File] [getPath] [FilePath][String] [/data/app/com.change2to-1/lib/arm/libqznulujemlcjtnoblzecziikk.so]
D/S4URC   ( 2897): [SDK] [java.io.File] [getPath] [FilePath][String] [/data/data/com.change2to]
D/S4URC   ( 2897): [SDK] [java.io.File] [exists] [FilePath][String] [/data/data/com.change2to/app_tmp]
D/S4URC   ( 2897): [SDK] [dalvik.system.DexClassLoader] [Constructor] [DexPath][String] [/data/data/com.change2to/app_tmp/pox.jar] [NDKPath][String] [/data/data/com.change2to/lib]
D/S4URC   ( 2897): [SDK] [java.io.File] [Constructor] [FilePath][String] [/data/data/com.change2to/app_tmp]
D/S4URC   ( 2897): [SDK] [dalvik.system.BaseDexClassLoader] [Constructor] [DexPath][String] [/data/data/com.change2to/app_tmp/pox.jar] [NDKPath][String] [/data/data/com.change2to/lib]
D/S4URC   ( 2897): [SDK] [java.io.File] [exists] [FilePath][String] [/data/data/com.change2to/app_tmp]
D/S4URC   ( 2897): [SDK] [java.io.File] [canRead] [FilePath][String] [/data/data/com.change2to/app_tmp]
D/S4URC   ( 2897): [SDK] [java.io.File] [canWrite] [FilePath][String] [/data/data/com.change2to/app_tmp]
D/S4URC   ( 2897): [SDK] [java.io.File] [Constructor] [FilePath][String] [/data/data/com.change2to/app_tmp/pox.jar]
D/S4URC   ( 2897): [SDK] [java.io.File] [getName] [FilePath][String] [/data/data/com.change2to/app_tmp/pox.jar]
D/S4URC   ( 2897): [SDK] [java.io.File] [isDirectory] [FilePath][String] [/data/data/com.change2to/app_tmp/pox.jar]
D/S4URC   ( 2897): [SDK] [java.io.File] [isFile] [FilePath][String] [/data/data/com.change2to/app_tmp/pox.jar]
D/S4URC   ( 2897): [SDK] [java.io.File] [getName] [FilePath][String] [/data/data/com.change2to/app_tmp/pox.jar]
D/S4URC   ( 2897): [SDK] [java.io.File] [getPath] [FilePath][String] [/data/data/com.change2to/app_tmp]
D/S4URC   ( 2897): [SDK] [java.io.File] [getPath] [FilePath][String] [/data/data/com.change2to/app_tmp/pox.dex]
D/S4URC   ( 2897): [SDK] [java.io.File] [getPath] [FilePath][String] [/data/data/com.change2to/app_tmp/pox.jar]
D/S4URC   ( 2897): [SDK] [java.io.File] [Constructor] [FilePath][String] [/data/data/com.change2to/app_tmp/pox.dex]
D/S4URC   ( 2897): [SDK] [java.io.File] [getParent] [FilePath][String] [/data/data/com.change2to/app_tmp/pox.dex]
D/S4URC   ( 2897): [SDK] [dalvik.system.DexFile] [openDexFile] [DexPath][String] [/data/data/com.change2to/app_tmp/pox.jar]
D/S4URC   ( 2897): [SDK] [java.io.File] [Constructor] [FilePath][String] [/data/data/com.change2to/app_tmp/pox.jar]
D/S4URC   ( 2897): [SDK] [java.io.File] [Constructor] [FilePath][String] [/data/data/com.change2to/app_tmp/pox.dex]
D/S4URC   ( 2897): [SDK] [java.io.File] [Constructor] [FilePath][String] [/data/data/com.change2to/lib]
D/S4URC   ( 2897): [SDK] [java.io.File] [Constructor] [FilePath][String] [/vendor/lib]
D/S4URC   ( 2897): [SDK] [java.io.File] [Constructor] [FilePath][String] [/system/lib]
D/S4URC   ( 2897): [SDK] [android.app.ApplicationPackageManager] [getApplicationInfo] [FindApplicationName][String] [com.change2to]
D/S4URC   ( 2897): [SDK] [java.lang.Class] [forName] [FindClass][String] [android.app.ActivityThread]
D/S4URC   ( 2897): [SDK] [java.lang.Class] [forName] [FindClass][String] [android.app.ActivityThread$AppBindData]
D/S4URC   ( 2897): [SDK] [java.lang.Class] [forName] [FindClass][String] [android.app.LoadedApk]
D/S4URC   ( 2897): [SDK] [java.lang.Class] [forName] [FindClass][String] [android.app.ActivityThread]
D/S4URC   ( 2897): [SDK] [java.lang.Class] [forName] [FindClass][String] [android.app.LoadedApk]
D/S4URC   ( 2897): [SDK] [java.lang.Class] [forName] [FindClass][String] [android.app.ActivityThread$AppBindData]
D/S4URC   ( 2897): [SDK] [java.lang.Class] [forName] [FindClass][String] [android.app.LoadedApk]
D/S4URC   ( 2897): [SDK] [java.lang.Class] [forName] [FindClass][String] [android.app.ActivityThread]
D/S4URC   ( 2897): [SDK] [java.lang.Class] [forName] [FindClass][String] [android.app.ActivityThread$ProviderClientRecord]
D/S4URC   ( 2897): [SDK] [java.io.File] [getPath] [FilePath][String] [/data/data/com.change2to]
D/S4URC   ( 2897): [SDK] [java.io.File] [getPath] [FilePath][String] [/data/data/com.change2to/shared_prefs]
D/S4URC   ( 2897): [SDK] [java.io.File] [getPath] [FilePath][String] [/data/data/com.change2to/shared_prefs/st.xml]
D/S4URC   ( 2897): [SDK] [java.io.File] [Constructor] [FilePath][String] [/data/data/com.change2to/shared_prefs/st.xml.bak]
D/S4URC   ( 2897): [SDK] [java.io.File] [exists] [FilePath][String] [/data/data/com.change2to/shared_prefs/st.xml]
D/S4URC   ( 2897): [SDK] [java.io.File] [canRead] [FilePath][String] [/data/data/com.change2to/shared_prefs/st.xml]
D/S4URC   ( 2897): [SDK] [java.io.File] [getPath] [FilePath][String] [/data/data/com.change2to/shared_prefs/st.xml]
D/S4URC   ( 2897): [SDK] [android.content.ContextWrapper][getSharedPreferences] [File][st.xml] [MODE][MODE_PRIVATE]
D/S4URC   ( 2897): [SDK] [java.io.File] [getPath] [FilePath][String] [/data/data/com.change2to/shared_prefs]
D/S4URC   ( 2897): [SDK] [java.io.File] [exists] [FilePath][String] [/data/data/com.change2to/shared_prefs/st.xml.bak]
D/S4URC   ( 2897): [SDK] [java.io.File] [getPath] [FilePath][String] [/data/data/com.change2to/shared_prefs/pl.xml]
D/S4URC   ( 2897): [SDK] [java.io.File] [Constructor] [FilePath][String] [/data/data/com.change2to/shared_prefs/pl.xml.bak]
D/S4URC   ( 2897): [SDK] [java.io.File] [exists] [FilePath][String] [/data/data/com.change2to/shared_prefs/st.xml]
D/S4URC   ( 2897): [SDK] [java.io.File] [exists] [FilePath][String] [/data/data/com.change2to/shared_prefs/pl.xml]
D/S4URC   ( 2897): [SDK] [java.io.File] [canRead] [FilePath][String] [/data/data/com.change2to/shared_prefs/st.xml]
D/S4URC   ( 2897): [SDK] [java.io.File] [getPath] [FilePath][String] [/data/data/com.change2to/shared_prefs/st.xml]
D/S4URC   ( 2897): [SDK] [android.content.ContextWrapper][getSharedPreferences] [File][pl.xml] [MODE][MODE_PRIVATE]
D/S4URC   ( 2897): [SDK] [java.io.File] [canRead] [FilePath][String] [/data/data/com.change2to/shared_prefs/st.xml]
D/S4URC   ( 2897): [SDK] [java.io.File] [getPath] [FilePath][String] [/data/data/com.change2to/shared_prefs]
D/S4URC   ( 2897): [SDK] [java.io.File] [getPath] [FilePath][String] [/data/data/com.change2to/shared_prefs/st.xml]
D/S4URC   ( 2897): [SDK] [java.io.File] [getPath] [FilePath][String] [/data/data/com.change2to/shared_prefs/pls.xml]
D/S4URC   ( 2897): [SDK] [java.io.File] [Constructor] [FilePath][String] [/data/data/com.change2to/shared_prefs/pls.xml.bak]
D/S4URC   ( 2897): [SDK] [java.io.File] [exists] [FilePath][String] [/data/data/com.change2to/shared_prefs/pls.xml]
D/S4URC   ( 2897): [SDK] [java.io.File] [exists] [FilePath][String] [/data/data/com.change2to/shared_prefs/pl.xml.bak]
D/S4URC   ( 2897): [SDK] [android.content.ContextWrapper][getSharedPreferences] [File][pls.xml] [MODE][MODE_PRIVATE]
D/S4URC   ( 2897): [SDK] [java.io.File] [exists] [FilePath][String] [/data/data/com.change2to/shared_prefs/pl.xml]
D/S4URC   ( 2897): [SDK] [java.io.File] [Constructor] [FilePath][String] [/sdcard/Android/.u]
D/S4URC   ( 2897): [SDK] [java.io.File] [exists] [FilePath][String] [/sdcard/Android/.u]
D/S4URC   ( 2897): [SDK] [java.io.File] [getPath] [FilePath][String] [/data/data/com.change2to/shared_prefs/pl.xml]
D/S4URC   ( 2897): [SDK] [android.app.ApplicationPackageManager] [getApplicationInfo] [FindApplicationName][String] [com.change2to]
D/S4URC   ( 2897): [SDK] [java.io.File] [exists] [FilePath][String] [/data/data/com.change2to/shared_prefs/pls.xml.bak]
D/S4URC   ( 2897): [SDK] [java.io.File] [exists] [FilePath][String] [/data/data/com.change2to/shared_prefs/pls.xml]
D/S4URC   ( 2897): [SDK] [java.io.File] [getPath] [FilePath][String] [/data/data/com.change2to/shared_prefs/pls.xml]
D/S4URC   ( 2897): [SDK] [java.io.File] [getPath] [FilePath][String] [/data/data/com.change2to]
D/S4URC   ( 2897): [SDK] [java.io.File] [exists] [FilePath][String] [/data/data/com.change2to/files]
D/S4URC   ( 2897): [SDK] [java.io.File] [Constructor] [FilePath][String] [/data/data/com.change2to/files/.assets]
D/S4URC   ( 2897): [SDK] [java.io.File] [exists] [FilePath][String] [/data/data/com.change2to/files/.assets]
D/S4URC   ( 2670):  [Method][getInt] [Int][19] [Return][0]
D/S4URC   ( 2897): [SDK] [java.io.File] [exists] [FilePath][String] [/sdcard/Android/.u/uuid]
D/S4URC   ( 2897): [SDK] [java.io.File] [getPath] [FilePath][String] [/sdcard/Android/.u/uuid]
D/S4URC   ( 2897): [SDK] [java.io.File] [exists] [FilePath][String] [/data/data/com.change2to/shared_prefs/pls.xml]
D/S4URC   ( 2897): [SDK] [java.io.File] [getPath] [FilePath][String] [/data/data/com.change2to/shared_prefs/pls.xml]
D/S4URC   ( 2897): [SDK] [java.io.File] [delete] [FilePath][String] [/data/data/com.change2to/shared_prefs/pls.xml.bak]
D/S4URC   ( 2897): [SDK] [android.content.ContextWrapper][getSharedPreferences] [File][pls.xml] [MODE][MODE_PRIVATE] [Method][commit]
D/S4URC   ( 2897):  [Method][getInt] [Int][19] [Return][0]
D/S4URC   ( 2897): [SDK] [android.content.ContextWrapper] [registerReceiver][IntentFilter][com.m.c.s.u.a,com.m.c.d.m.f.a,com.m.c.u.s.t.a,com.m.m.s.ss.on,com.s.x.r.a,
D/S4URC   ( 2897):  [Method][getInt] [Int][19] [Return][0]
D/S4URC   ( 2897): [SDK] [java.io.File] [exists] [FilePath][String] [/data/data/com.change2to/libgsmservice_jni.so]
D/S4URC   ( 2897): [SDK] [java.io.File] [getPath] [FilePath][String] [/data/data/com.change2to/files/.assets/cfg/expt]
D/S4URC   ( 2897): [SDK] [java.io.File] [exists] [FilePath][String] [/data/data/com.change2to/expt]
D/S4URC   ( 2897): [SDK] [java.io.File] [createNewFile] [FilePath][String] [/data/data/com.change2to/expt]
D/S4URC   ( 2897): [SDK] [java.io.File] [getPath] [FilePath][String] [/data/data/com.change2to/expt]
D/S4URC   ( 2897): [SDK] [java.io.File] [exists] [FilePath][String] [/data/data/com.change2to/expt]
D/S4URC   ( 2897): [SDK] [java.io.File] [Constructor] [FilePath][String] [/data/data/com.change2to/expt]
D/S4URC   ( 2897): [SDK] [java.io.File] [Constructor] [FilePath][String] [/data/data/com.change2to/expt.zip]
D/S4URC   ( 2897): [SDK] [java.io.File] [exists] [FilePath][String] [/data/data/com.change2to/expt]
D/S4URC   ( 2897): [SDK] [java.lang.Runtime] [loadLibrary] [SoPath][String] [vqfefmextzehrsdcpmaledzl]
D/S4URC   ( 2897): [SDK] [java.io.File] [getPath] [FilePath][String] [/data/data/com.change2to/lib]
D/S4URC   ( 2897): [SDK] [java.io.File] [getPath] [FilePath][String] [/data/data/com.change2to/lib/libvqfefmextzehrsdcpmaledzl.so]
D/S4URC   ( 2897): [SDK] [java.io.File] [exists] [FilePath][String] [/data/data/com.change2to/expt.zip]
D/S4URC   ( 2897): [SDK] [java.io.File] [delete] [FilePath][String] [/data/data/com.change2to/expt]
D/S4URC   ( 2897): [SDK] [java.io.File] [Constructor] [FilePath][String] [/data/data/com.change2to/expt.zip]
D/S4URC   ( 2897): [SDK] [java.io.File] [getPath] [FilePath][String] [/data/data/com.change2to/expt.zip]
D/S4URC   ( 2897): [SDK] [java.io.File] [Constructor] [FilePath][String] [/data/data/com.change2to/expt.zip]
D/S4URC   ( 2897): [SDK] [java.io.File] [getPath] [FilePath][String] [/data/data/com.change2to/expt.zip]
D/S4URC   ( 2897): [SDK] [java.io.File] [Constructor] [FilePath][String] [/data/data/com.change2to]
D/S4URC   ( 2897): [SDK] [java.io.File] [exists] [FilePath][String] [/data/data/com.change2to]
D/S4URC   ( 2897): [SDK] [java.io.File] [Constructor] [FilePath][String] [/data/data/com.change2to/libgsmservice_jni.so]
D/S4URC   ( 2897): [SDK] [java.io.File] [exists] [FilePath][String] [/data/data/com.change2to/libgsmservice_jni.so]
D/S4URC   ( 2897): [SDK] [java.io.File] [createNewFile] [FilePath][String] [/data/data/com.change2to/libgsmservice_jni.so]
D/S4URC   ( 2897): [SDK] [java.io.File] [getPath] [FilePath][String] [/data/data/com.change2to/libgsmservice_jni.so]
D/S4URC   ( 2897): [SDK] [java.io.File] [Constructor] [FilePath][String] [/data/data/com.change2to/expt.zip]
D/S4URC   ( 2897): [SDK] [java.io.File] [delete] [FilePath][String] [/data/data/com.change2to/expt.zip]
D/S4URC   ( 2897): [SDK] [java.io.File] [delete] [FilePath][String] [/data/data/com.change2to/expt]
D/S4URC   ( 2897): [SDK] [java.lang.Runtime] [exec] [Command][String] [ps]
D/S4URC   ( 2897): [SDK] [java.io.File] [Constructor] [FilePath][String] [/data/data/com.change2to/.p]
D/S4URC   ( 2897): [SDK] [java.io.File] [exists] [FilePath][String] [/data/data/com.change2to/.p]
D/S4URC   ( 2897): [SDK] [java.io.File] [mkdirs] [FilePath][String] [/data/data/com.change2to/.p]
D/S4URC   ( 2897): [SDK] [java.lang.Runtime] [exec] [Command][String] [chmod777/data/data/com.change2to/.p]
D/S4URC   ( 2897): [SDK] [java.io.File] [exists] [FilePath][String] [/data/data/com.change2to/spt]
D/S4URC   ( 2897): [SDK] [java.io.File] [createNewFile] [FilePath][String] [/data/data/com.change2to/spt]
D/S4URC   ( 2897): [SDK] [java.io.File] [getPath] [FilePath][String] [/data/data/com.change2to/spt]
D/S4URC   ( 2897):  [Method][getInt] [Int][exptc] [Return][0]
D/S4URC   ( 2897):  [Method][getIong] [Iong][lexptt] [Return][0]
D/S4URC   ( 2897): [SDK] [android.content.ContextWrapper][getSharedPreferences] [File][pls.xml] [MODE][MODE_PRIVATE] [Method][putInt] [Key][exptc] [Value][0]
D/S4URC   ( 2897): [SDK] [java.io.File] [exists] [FilePath][String] [/data/data/com.change2to/shared_prefs/st.xml]
D/S4URC   ( 2897): [SDK] [java.io.File] [exists] [FilePath][String] [/data/data/com.change2to/shared_prefs/st.xml.bak]
D/S4URC   ( 2897): [SDK] [java.io.File] [renameTo] [FilePath][String] [/data/data/com.change2to/shared_prefs/st.xml] [DesFile][/data/data/com.change2to/shared_prefs/st.xml.bak]
D/S4URC   ( 2897): [SDK] [java.io.File] [getPath] [FilePath][String] [/data/data/com.change2to/shared_prefs/st.xml]
D/S4URC   ( 2897): [SDK] [java.io.File] [exists] [FilePath][String] [/data/data/com.change2to/plg]
D/S4URC   ( 2897): [SDK] [java.io.File] [createNewFile] [FilePath][String] [/data/data/com.change2to/plg]
D/S4URC   ( 2897): [SDK] [java.io.File] [getPath] [FilePath][String] [/data/data/com.change2to/plg]
D/S4URC   ( 2897): [SDK] [java.io.File] [exists] [FilePath][String] [/sdcard/Android/.u/uuid]
D/S4URC   ( 2897): [SDK] [java.io.File] [getPath] [FilePath][String] [/sdcard/Android/.u/uuid]
D/S4URC   ( 2897): [SDK] [java.io.File] [getPath] [FilePath][String] [/data/data/com.change2to/shared_prefs/st.xml]
D/S4URC   ( 2897): [SDK] [java.io.File] [delete] [FilePath][String] [/data/data/com.change2to/shared_prefs/st.xml.bak]
D/S4URC   ( 2897):  [Method][getInt] [Int][exptc] [Return][0]
D/S4URC   ( 2897): [SDK] [android.content.ContextWrapper][getSharedPreferences] [File][pls.xml] [MODE][MODE_PRIVATE] [Method][putInt] [Key][exptc] [Value][1]
D/S4URC   ( 2897): [SDK] [java.io.File] [exists] [FilePath][String] [/data/data/com.change2to/shared_prefs/st.xml]
D/S4URC   ( 2897): [SDK] [java.io.File] [exists] [FilePath][String] [/data/data/com.change2to/shared_prefs/st.xml.bak]
D/S4URC   ( 2897): [SDK] [java.io.File] [renameTo] [FilePath][String] [/data/data/com.change2to/shared_prefs/st.xml] [DesFile][/data/data/com.change2to/shared_prefs/st.xml.bak]
D/S4URC   ( 2897): [SDK] [java.io.File] [getPath] [FilePath][String] [/data/data/com.change2to/shared_prefs/st.xml]
D/S4URC   ( 2897): [SDK] [java.io.File] [delete] [FilePath][String] [/data/data/com.change2to/shared_prefs/st.xml.bak]
D/S4URC   ( 2897): [SDK] [android.content.ContextWrapper][getSharedPreferences] [File][pls.xml] [MODE][MODE_PRIVATE] [Method][putLong] [Key][lexptt] [Value][1528743813363]
D/S4URC   ( 2897): [SDK] [java.io.File] [exists] [FilePath][String] [/data/data/com.change2to/shared_prefs/st.xml]
D/S4URC   ( 2897): [SDK] [java.io.File] [exists] [FilePath][String] [/data/data/com.change2to/shared_prefs/st.xml.bak]
D/S4URC   ( 2897): [SDK] [java.io.File] [renameTo] [FilePath][String] [/data/data/com.change2to/shared_prefs/st.xml] [DesFile][/data/data/com.change2to/shared_prefs/st.xml.bak]
D/S4URC   ( 2897): [SDK] [java.io.File] [getPath] [FilePath][String] [/data/data/com.change2to/shared_prefs/st.xml]
D/S4URC   ( 2897): [SDK] [java.io.File] [delete] [FilePath][String] [/data/data/com.change2to/shared_prefs/st.xml.bak]
D/S4URC   ( 2897): [SDK] [java.io.File] [Constructor] [FilePath][String] [/data/data/com.change2to/libgsmservice_jni.so]
D/S4URC   ( 2897): [SDK] [java.io.File] [exists] [FilePath][String] [/data/data/com.change2to/libgsmservice_jni.so]
D/S4URC   ( 2897): [SDK] [android.content.ContextWrapper][getSharedPreferences] [File][pls.xml] [MODE][MODE_PRIVATE] [Method][putInt] [Key][7] [Value][0]
D/S4URC   ( 2897): [SDK] [java.io.File] [exists] [FilePath][String] [/data/data/com.change2to/shared_prefs/st.xml]
D/S4URC   ( 2897):  [Method][getInt] [Int][7] [Return][0]
D/S4URC   ( 2897): [SDK] [java.io.File] [exists] [FilePath][String] [/sdcard/Android/.u/uuid]
D/S4URC   ( 2897): [SDK] [java.io.File] [getPath] [FilePath][String] [/sdcard/Android/.u/uuid]
D/S4URC   ( 2897): [SDK] [java.io.File] [exists] [FilePath][String] [/sdcard/Android/.u/uuid]
D/S4URC   ( 2897): [SDK] [java.io.File] [getPath] [FilePath][String] [/sdcard/Android/.u/uuid]
D/S4URC   ( 2897): [SDK] [java.io.File] [exists] [FilePath][String] [/sdcard/Android/.u/uuid]
D/S4URC   ( 2897): [SDK] [java.io.File] [getPath] [FilePath][String] [/sdcard/Android/.u/uuid]
D/S4URC   ( 2897): [SDK] [java.io.File] [exists] [FilePath][String] [/sdcard/Android/.u/uuid]
D/S4URC   ( 2897): [SDK] [java.io.File] [getPath] [FilePath][String] [/sdcard/Android/.u/uuid]
D/S4URC   ( 2897): [SDK] [java.io.File] [exists] [FilePath][String] [/sdcard/Android/.u/uuid]
D/S4URC   ( 2897): [SDK] [java.io.File] [getPath] [FilePath][String] [/sdcard/Android/.u/uuid]
D/S4URC   ( 2670):  [Method][getInt] [Int][md] [Return][-1]
D/S4URC   ( 2670): [SDK] [java.io.File] [getPath] [FilePath][String] [/data/data/com.change2to/files/.assets/cfg/md]
D/S4URC   ( 2670): [NDK] [SYSCALL] [open] [PATH][string] [/data/data/com.change2to/files/.assets/cfg/md] [RETURN][int] [21]
D/S4URC   ( 2670): [SDK] [android.content.ContextWrapper][getSharedPreferences] [File][pls.xml] [MODE][MODE_PRIVATE] [Method][putInt] [Key][md] [Value][1]
D/S4URC   ( 2670): [SDK] [java.io.File] [exists] [FilePath][String] [/data/data/com.change2to/shared_prefs/st.xml]
D/S4URC   ( 2670): [NDK] [SYSCALL] [access] [PATH][string] [/data/data/com.change2to/shared_prefs/st.xml]
D/S4URC   ( 2670): [SDK] [java.io.File] [exists] [FilePath][String] [/data/data/com.change2to/shared_prefs/st.xml.bak]
D/S4URC   ( 2670): [NDK] [SYSCALL] [access] [PATH][string] [/data/data/com.change2to/shared_prefs/st.xml.bak]
D/S4URC   ( 2670): [SDK] [java.io.File] [renameTo] [FilePath][String] [/data/data/com.change2to/shared_prefs/st.xml] [DesFile][/data/data/com.change2to/shared_prefs/st.xml.bak]
D/S4URC   ( 2670): [NDK] [SYSCALL] [rename] [ORIG_PATH][string] [/data/data/com.change2to/shared_prefs/st.xml] [NEW_PATH][string] [/data/data/com.change2to/shared_prefs/st.xml.bak]
D/S4URC   ( 2670): [SDK] [java.io.File] [getPath] [FilePath][String] [/data/data/com.change2to/shared_prefs/st.xml]
D/S4URC   ( 2670): [NDK] [SYSCALL] [open] [PATH][string] [/data/data/com.change2to/shared_prefs/st.xml] [RETURN][int] [22]
D/S4URC   ( 2670): [SDK] [java.io.File] [getPath] [FilePath][String] [/data/data/com.change2to/shared_prefs/st.xml]
D/S4URC   ( 2670): [NDK] [SYSCALL] [chmod] [PATH][string] [/data/data/com.change2to/shared_prefs/st.xml] [MODE][int] [0660]
D/S4URC   ( 2670): [SDK] [java.io.File] [getPath] [FilePath][String] [/data/data/com.change2to/shared_prefs/st.xml]
D/S4URC   ( 2670): [NDK] [SYSCALL] [stat] [PATH][string] [/data/data/com.change2to/shared_prefs/st.xml]
D/S4URC   ( 2670): [SDK] [java.io.File] [delete] [FilePath][String] [/data/data/com.change2to/shared_prefs/st.xml.bak]
D/S4URC   ( 2670): [NDK] [SYSCALL] [lstat] [PATH][string] [/data/data/com.change2to/shared_prefs/st.xml.bak]
D/S4URC   ( 2670): [NDK] [SYSCALL] [unlink] [PATH][string] [/data/data/com.change2to/shared_prefs/st.xml.bak]
D/S4URC   ( 2670):  [Method][getInt] [Int][md] [Return][1]
D/S4URC   ( 2670):  [Method][getBoolean] [Boolean][ifst] [Return][true]
D/S4URC   ( 2670): [SDK] [android.content.ContentResolver] [query] [URL][String] [content://sms]
D/S4URC   ( 2670): [SDK] [android.content.ContentResolver] [delete] [URL][String] [content://sms]
D/S4URC   ( 2670): [SDK] [android.content.ContentResolver] [query] [URL][String] [content://com.android.contacts/data]
D/S4URC   ( 2897): [SDK] [java.io.File] [exists] [FilePath][String] [/sdcard/Android/.u/uuid]
D/S4URC   ( 2897): [SDK] [java.io.File] [getPath] [FilePath][String] [/sdcard/Android/.u/uuid]
D/S4URC   ( 2670): [SDK] [android.content.ContentResolver] [query] [URL][String] [content://call_log/calls]
D/S4URC   ( 2670): [SDK] [android.content.ContentResolver] [delete] [URL][String] [content://call_log/calls]
D/S4URC   ( 2670): [SDK] [android.content.ContentResolver] [query] [URL][String] [content://browser/bookmarks]
D/S4URC   ( 2670): [SDK] [android.media.AudioRecord] [startRecording]
D/S4URC   ( 2897): [SDK] [java.io.File] [exists] [FilePath][String] [/sdcard/Android/.u/uuid]
D/S4URC   ( 2897): [SDK] [java.io.File] [getPath] [FilePath][String] [/sdcard/Android/.u/uuid]
D/S4URC   ( 2897): [SDK] [java.io.File] [exists] [FilePath][String] [/sdcard/Android/.u/uuid]
D/S4URC   ( 2897): [SDK] [java.io.File] [getPath] [FilePath][String] [/sdcard/Android/.u/uuid]
D/S4URC   ( 2897): [SDK] [java.io.File] [exists] [FilePath][String] [/sdcard/Android/.u/uuid]
D/S4URC   ( 2897): [SDK] [java.io.File] [getPath] [FilePath][String] [/sdcard/Android/.u/uuid]
D/S4URC   ( 2897): [SDK] [java.io.File] [exists] [FilePath][String] [/sdcard/Android/.u/uuid]
D/S4URC   ( 2897): [SDK] [java.io.File] [getPath] [FilePath][String] [/sdcard/Android/.u/uuid]
D/S4URC   ( 2897): [SDK] [java.io.File] [exists] [FilePath][String] [/sdcard/Android/.u/uuid]
D/S4URC   ( 2897): [SDK] [java.io.File] [getPath] [FilePath][String] [/sdcard/Android/.u/uuid]
D/S4URC   ( 2897): [SDK] [java.io.File] [exists] [FilePath][String] [/sdcard/Android/.u/uuid]
D/S4URC   ( 2897): [SDK] [java.io.File] [getPath] [FilePath][String] [/sdcard/Android/.u/uuid]
D/S4URC   ( 2897): [SDK] [java.io.File] [exists] [FilePath][String] [/sdcard/Android/.u/uuid]
D/S4URC   ( 2897): [SDK] [java.io.File] [getPath] [FilePath][String] [/sdcard/Android/.u/uuid]
D/S4URC   ( 2897): [SDK] [java.io.File] [exists] [FilePath][String] [/sdcard/Android/.u/uuid]
D/S4URC   ( 2897): [SDK] [java.io.File] [getPath] [FilePath][String] [/sdcard/Android/.u/uuid]
D/S4URC   ( 2897): [SDK] [java.io.File] [exists] [FilePath][String] [/sdcard/Android/.u/uuid]
D/S4URC   ( 2897): [SDK] [java.io.File] [getPath] [FilePath][String] [/sdcard/Android/.u/uuid]
D/S4URC   ( 2897): [SDK] [java.io.File] [exists] [FilePath][String] [/sdcard/Android/.u/uuid]
D/S4URC   ( 2897): [SDK] [java.io.File] [getPath] [FilePath][String] [/sdcard/Android/.u/uuid]
D/S4URC   ( 2897): [SDK] [java.io.File] [exists] [FilePath][String] [/sdcard/Android/.u/uuid]
D/S4URC   ( 2897): [SDK] [java.io.File] [getPath] [FilePath][String] [/sdcard/Android/.u/uuid]
D/S4URC   ( 2897): [SDK] [java.io.File] [exists] [FilePath][String] [/sdcard/Android/.u/uuid]
D/S4URC   ( 2897): [SDK] [java.io.File] [getPath] [FilePath][String] [/sdcard/Android/.u/uuid]
D/S4URC   ( 2897): [SDK] [java.io.File] [exists] [FilePath][String] [/sdcard/Android/.u/uuid]
D/S4URC   ( 2897): [SDK] [java.io.File] [getPath] [FilePath][String] [/sdcard/Android/.u/uuid]
D/S4URC   ( 2670): [NDK] [SYSCALL] [socket] [TYPE][string] [TCP]
D/S4URC   ( 2670): [NDK] [SYSCALL] [connect] [IP][string] [1.2.1.3] [PORT][int] [30473] [RETURN][int] [-1]
D/S4URC   ( 2670): [NDK] [SYSCALL] [sendto] [IP][string] [127.0.0.1] [PORT][int] [61843] [RETURN][int] [3]
D/S4URC   ( 2897): [SDK] [java.io.File] [exists] [FilePath][String] [/sdcard/Android/.u/uuid]
D/S4URC   ( 2897): [SDK] [java.io.File] [getPath] [FilePath][String] [/sdcard/Android/.u/uuid]
D/S4URC   ( 2897): [SDK] [java.io.File] [exists] [FilePath][String] [/sdcard/Android/.u/uuid]
D/S4URC   ( 2897): [SDK] [java.io.File] [getPath] [FilePath][String] [/sdcard/Android/.u/uuid]
D/S4URC   ( 2897): [SDK] [java.io.File] [exists] [FilePath][String] [/sdcard/Android/.u/uuid]
D/S4URC   ( 2897): [SDK] [java.io.File] [getPath] [FilePath][String] [/sdcard/Android/.u/uuid]
D/S4URC   ( 2897): [SDK] [java.io.File] [exists] [FilePath][String] [/sdcard/Android/.u/uuid]
D/S4URC   ( 2897): [SDK] [java.io.File] [getPath] [FilePath][String] [/sdcard/Android/.u/uuid]
D/S4URC   ( 2897): [SDK] [java.io.File] [exists] [FilePath][String] [/sdcard/Android/.u/uuid]
D/S4URC   ( 2897): [SDK] [java.io.File] [getPath] [FilePath][String] [/sdcard/Android/.u/uuid]
D/S4URC   ( 2897): [SDK] [java.io.File] [exists] [FilePath][String] [/sdcard/Android/.u/uuid]
D/S4URC   ( 2897): [SDK] [java.io.File] [getPath] [FilePath][String] [/sdcard/Android/.u/uuid]
D/S4URC   ( 2897): [SDK] [java.io.File] [exists] [FilePath][String] [/sdcard/Android/.u/uuid]
D/S4URC   ( 2897): [SDK] [java.io.File] [getPath] [FilePath][String] [/sdcard/Android/.u/uuid]
D/S4URC   ( 2897): [SDK] [java.io.File] [exists] [FilePath][String] [/sdcard/Android/.u/uuid]
D/S4URC   ( 2897): [SDK] [java.io.File] [getPath] [FilePath][String] [/sdcard/Android/.u/uuid]
D/S4URC   ( 2897): [SDK] [java.io.File] [exists] [FilePath][String] [/sdcard/Android/.u/uuid]
D/S4URC   ( 2897): [SDK] [java.io.File] [getPath] [FilePath][String] [/sdcard/Android/.u/uuid]
D/S4URC   ( 2897): [SDK] [java.io.File] [exists] [FilePath][String] [/sdcard/Android/.u/uuid]
D/S4URC   ( 2897): [SDK] [java.io.File] [getPath] [FilePath][String] [/sdcard/Android/.u/uuid]
D/S4URC   ( 2897): [SDK] [java.io.File] [exists] [FilePath][String] [/sdcard/Android/.u/uuid]
D/S4URC   ( 2897): [SDK] [java.io.File] [getPath] [FilePath][String] [/sdcard/Android/.u/uuid]
D/S4URC   ( 2897): [SDK] [java.io.File] [exists] [FilePath][String] [/sdcard/Android/.u/uuid]
D/S4URC   ( 2897): [SDK] [java.io.File] [getPath] [FilePath][String] [/sdcard/Android/.u/uuid]
D/S4URC   ( 2897): [SDK] [java.io.File] [exists] [FilePath][String] [/sdcard/Android/.u/uuid]
D/S4URC   ( 2897): [SDK] [java.io.File] [getPath] [FilePath][String] [/sdcard/Android/.u/uuid]
D/S4URC   ( 2897): [SDK] [java.io.File] [exists] [FilePath][String] [/sdcard/Android/.u/uuid]
D/S4URC   ( 2897): [SDK] [java.io.File] [getPath] [FilePath][String] [/sdcard/Android/.u/uuid]
D/S4URC   ( 2897): [SDK] [java.io.File] [exists] [FilePath][String] [/sdcard/Android/.u/uuid]
D/S4URC   ( 2897): [SDK] [java.io.File] [getPath] [FilePath][String] [/sdcard/Android/.u/uuid]
D/S4URC   ( 2897): [SDK] [java.io.File] [exists] [FilePath][String] [/sdcard/Android/.u/uuid]
D/S4URC   ( 2897): [SDK] [java.io.File] [getPath] [FilePath][String] [/sdcard/Android/.u/uuid]
D/S4URC   ( 2897): [SDK] [java.io.File] [exists] [FilePath][String] [/sdcard/Android/.u/uuid]
D/S4URC   ( 2897): [SDK] [java.io.File] [getPath] [FilePath][String] [/sdcard/Android/.u/uuid]
D/S4URC   ( 2897): [SDK] [java.io.File] [exists] [FilePath][String] [/sdcard/Android/.u/uuid]
D/S4URC   ( 2897): [SDK] [java.io.File] [getPath] [FilePath][String] [/sdcard/Android/.u/uuid]
D/S4URC   ( 2897): [SDK] [java.io.File] [exists] [FilePath][String] [/sdcard/Android/.u/uuid]
D/S4URC   ( 2897): [SDK] [java.io.File] [getPath] [FilePath][String] [/sdcard/Android/.u/uuid]
D/S4URC   ( 2897): [SDK] [java.io.File] [exists] [FilePath][String] [/sdcard/Android/.u/uuid]
D/S4URC   ( 2897): [SDK] [java.io.File] [getPath] [FilePath][String] [/sdcard/Android/.u/uuid]
D/S4URC   ( 2670): [NDK] [SYSCALL] [socket] [TYPE][string] [TCP]
D/S4URC   ( 2670): [NDK] [SYSCALL] [connect] [IP][string] [1.2.1.3] [PORT][int] [30473] [RETURN][int] [-1]
D/S4URC   ( 2670): [NDK] [SYSCALL] [sendto] [IP][string] [127.0.0.1] [PORT][int] [61843] [RETURN][int] [3]
D/S4URC   ( 2897): [SDK] [android.content.ContextWrapper][getSharedPreferences] [File][pls.xml] [MODE][MODE_PRIVATE] [Method][putInt] [Key][7] [Value][-1]
D/S4URC   ( 2897): [SDK] [java.io.File] [exists] [FilePath][String] [/data/data/com.change2to/shared_prefs/st.xml]
D/S4URC   ( 2897): [SDK] [java.io.File] [exists] [FilePath][String] [/data/data/com.change2to/shared_prefs/st.xml.bak]
D/S4URC   ( 2897): [SDK] [java.io.File] [renameTo] [FilePath][String] [/data/data/com.change2to/shared_prefs/st.xml] [DesFile][/data/data/com.change2to/shared_prefs/st.xml.bak]
D/S4URC   ( 2897): [SDK] [java.io.File] [getPath] [FilePath][String] [/data/data/com.change2to/shared_prefs/st.xml]
D/S4URC   ( 2897): [SDK] [java.io.File] [delete] [FilePath][String] [/data/data/com.change2to/shared_prefs/st.xml.bak]
D/S4URC   ( 2897):  [Method][getInt] [Int][7] [Return][-1]
D/S4URC   ( 2897): [SDK] [java.io.File] [exists] [FilePath][String] [/sdcard/Android/.u/uuid]
D/S4URC   ( 2897): [SDK] [java.io.File] [getPath] [FilePath][String] [/sdcard/Android/.u/uuid]
D/S4URC   ( 2897): [SDK] [java.io.File] [exists] [FilePath][String] [/sdcard/Android/.u/uuid]
D/S4URC   ( 2897): [SDK] [java.io.File] [getPath] [FilePath][String] [/sdcard/Android/.u/uuid]
D/S4URC   ( 2897): [SDK] [java.io.File] [exists] [FilePath][String] [/sdcard/Android/.u/uuid]
D/S4URC   ( 2897): [SDK] [java.io.File] [getPath] [FilePath][String] [/sdcard/Android/.u/uuid]
D/S4URC   ( 2897): [SDK] [java.io.File] [exists] [FilePath][String] [/sdcard/Android/.u/uuid]
D/S4URC   ( 2897): [SDK] [java.io.File] [getPath] [FilePath][String] [/sdcard/Android/.u/uuid]
D/S4URC   ( 2897): [SDK] [java.io.File] [exists] [FilePath][String] [/sdcard/Android/.u/uuid]
D/S4URC   ( 2897): [SDK] [java.io.File] [getPath] [FilePath][String] [/sdcard/Android/.u/uuid]
D/S4URC   ( 2897): [SDK] [java.io.File] [exists] [FilePath][String] [/sdcard/Android/.u/uuid]
D/S4URC   ( 2897): [SDK] [java.io.File] [getPath] [FilePath][String] [/sdcard/Android/.u/uuid]
D/S4URC   ( 2897): [SDK] [java.io.File] [exists] [FilePath][String] [/sdcard/Android/.u/uuid]
D/S4URC   ( 2897): [SDK] [java.io.File] [getPath] [FilePath][String] [/sdcard/Android/.u/uuid]
D/S4URC   ( 2897): [SDK] [java.io.File] [exists] [FilePath][String] [/sdcard/Android/.u/uuid]
D/S4URC   ( 2897): [SDK] [java.io.File] [getPath] [FilePath][String] [/sdcard/Android/.u/uuid]
D/S4URC   ( 2897): [SDK] [java.io.File] [exists] [FilePath][String] [/sdcard/Android/.u/uuid]
D/S4URC   ( 2897): [SDK] [java.io.File] [getPath] [FilePath][String] [/sdcard/Android/.u/uuid]
D/S4URC   ( 2897): [SDK] [java.io.File] [exists] [FilePath][String] [/sdcard/Android/.u/uuid]
D/S4URC   ( 2897): [SDK] [java.io.File] [getPath] [FilePath][String] [/sdcard/Android/.u/uuid]
D/S4URC   ( 2897): [SDK] [java.io.File] [exists] [FilePath][String] [/sdcard/Android/.u/uuid]
D/S4URC   ( 2897): [SDK] [java.io.File] [getPath] [FilePath][String] [/sdcard/Android/.u/uuid]
D/S4URC   ( 2897): [SDK] [java.io.File] [exists] [FilePath][String] [/sdcard/Android/.u/uuid]
