D/S4URC   ( 4566): [SDK] [java.io.File] [exists] [FilePath][String] [/storage/sdcard0/NinePay/org.earned.masterwho.thundercloud]
D/S4URC   ( 4566): [SDK] [java.io.File] [mkdirs] [FilePath][String] [/storage/sdcard0/NinePay/org.earned.masterwho.thundercloud]
D/S4URC   ( 4566): [SDK] [java.io.File] [Constructor] [FilePath][String] [/storage/sdcard0/NinePay/org.earned.masterwho.thundercloud/picture]
D/S4URC   ( 4566): [SDK] [java.io.File] [exists] [FilePath][String] [/storage/sdcard0/NinePay/org.earned.masterwho.thundercloud/picture]
D/S4URC   ( 4566): [SDK] [java.io.File] [mkdirs] [FilePath][String] [/storage/sdcard0/NinePay/org.earned.masterwho.thundercloud/picture]
D/S4URC   ( 4566): [SDK] [java.io.File] [Constructor] [FilePath][String] [/storage/sdcard0/NinePay/org.earned.masterwho.thundercloud/log]
D/S4URC   ( 4566): [SDK] [java.io.File] [exists] [FilePath][String] [/storage/sdcard0/NinePay/org.earned.masterwho.thundercloud/log]
D/S4URC   ( 4566): [SDK] [java.io.File] [mkdirs] [FilePath][String] [/storage/sdcard0/NinePay/org.earned.masterwho.thundercloud/log]
D/S4URC   ( 4566): [SDK] [java.io.File] [Constructor] [FilePath][String] [/storage/sdcard0/NinePay/org.earned.masterwho.thundercloud/info]
D/S4URC   ( 4566): [SDK] [java.io.File] [exists] [FilePath][String] [/storage/sdcard0/NinePay/org.earned.masterwho.thundercloud/info]
D/S4URC   ( 4566): [SDK] [java.io.File] [mkdirs] [FilePath][String] [/storage/sdcard0/NinePay/org.earned.masterwho.thundercloud/info]
D/S4URC   ( 4566): [SDK] [java.io.File] [Constructor] [FilePath][String] [/storage/sdcard0/NinePay/org.earned.masterwho.thundercloud/apk]
D/S4URC   ( 4566): [SDK] [java.io.File] [exists] [FilePath][String] [/storage/sdcard0/NinePay/org.earned.masterwho.thundercloud/apk]
D/S4URC   ( 4566): [SDK] [java.io.File] [mkdirs] [FilePath][String] [/storage/sdcard0/NinePay/org.earned.masterwho.thundercloud/apk]
D/S4URC   ( 4566): [SDK] [java.io.File] [Constructor] [FilePath][String] [/storage/sdcard0/NinePay/org.earned.masterwho.thundercloud/log/autolog.info]
D/S4URC   ( 4566): [SDK] [java.io.File] [exists] [FilePath][String] [/storage/sdcard0/NinePay/org.earned.masterwho.thundercloud/log/autolog.info]
D/S4URC   ( 4566): [SDK] [java.lang.Runtime] [exec] [Command][String] [getpropapps.customerservice.device]
D/S4URC   ( 4566): [SDK] [android.telephony.TelephonyManager] [getSubscriberId]
D/S4URC   ( 4566): [SDK] [java.io.File] [getPath] [FilePath][String] [/data/data/org.earned.masterwho.thundercloud/shared_prefs/org.earned.masterwho.thundercloud91YKJ.xml]
D/S4URC   ( 4566): [SDK] [android.content.ContextWrapper][getSharedPreferences] [File][org.earned.masterwho.thundercloud91YKJ.xml] [MODE][APPEND or MULTI_PROCESS]
D/S4URC   ( 4566): [SDK] [android.content.ContextWrapper][getSharedPreferences] [File][org.earned.masterwho.thundercloud91YKJ.xml] [MODE][APPEND or MULTI_PROCESS] [Method][getString] [String][cpappid] [Return][477]
D/S4URC   ( 4566): [SDK] [android.app.ApplicationPackageManager] [getPackageInfo] [FindPackageName][String] [org.earned.masterwho.thundercloud]
D/S4URC   ( 4566): [SDK] [java.io.File] [exists] [FilePath][String] [/data/data/org.earned.masterwho.thundercloud/files]
D/S4URC   ( 4566): [SDK] [java.io.File] [getPath] [FilePath][String] [/data/data/org.earned.masterwho.thundercloud/files]
D/S4URC   ( 4566): [SDK] [java.io.File] [exists] [FilePath][String] [/data/data/org.earned.masterwho.thundercloud/files/getlei.info]
D/S4URC   ( 4566): [SDK] [android.content.ContextWrapper] [registerReceiver][IntentFilter][org.earned.masterwho.thundercloud.ce00b0a5-ca57-4089-93a4-ef21f3beee84.pay.ACTION_SUCC_OK,org.earned.masterwho.thundercloud.ce00b0a5-ca57-4089-93a4-ef21f3beee84.pay.game.SEND_SMS1_SUC,org.earned.masterwho.thundercloud.ce00b0a5-ca57-4089-93a4-ef21f3beee84.pay.game.SEND_SMS2_SUC,org.earned.masterwho.thundercloud.ce00b0a5-ca57-4089-93a4-ef21f3beee84.pay.swtichnet.ACTION,android.net.conn.CONNECTIVITY_CHANGE,org.earned.masterwho.thundercloud.ce00b0a5-ca57-4089-93a4-ef21f3beee84.pay.21cn.monthly.done,org.earned.masterwho.thundercloud.ce00b0a5-ca57-4089-93a4-ef21f3beee84.pay.tykj.emp.done,org.earned.masterwho.thundercloud.ce00b0a5-ca57-4089-93a4-ef21f3beee84.pay.migu.sendmsg.done,com.sdky.jzp.service.CoreService_onCreated,
D/S4URC   ( 4566): [SDK] [android.app.ApplicationPackageManager] [getApplicationInfo] [FindApplicationName][String] [org.earned.masterwho.thundercloud]
D/S4URC   ( 4566): [SDK] [java.lang.Runtime] [exec] [Command][String] [getpropapps.customerservice.device]
D/S4URC   ( 4566): [SDK] [android.app.ApplicationPackageManager] [getApplicationInfo] [FindApplicationName][String] [org.earned.masterwho.thundercloud]
D/S4URC   ( 4566): [SDK] [android.app.ActivityManager] [getRunningAppProcesses]
D/S4URC   ( 4566): [SDK] [android.app.ApplicationPackageManager] [getApplicationInfo] [FindApplicationName][String] [org.earned.masterwho.thundercloud]
D/S4URC   ( 4566): [SDK] [javax.crypto.Cipher][doFinal] [Data][*v'..i.k] [Return][rushId]
D/S4URC   ( 4566): [SDK] [javax.crypto.Cipher][doFinal] [Data][VO7XR8o5/9E=] [Return][qsh_pid]
D/S4URC   ( 4566): [SDK] [android.app.ApplicationPackageManager] [getPackageInfo] [FindPackageName][String] [org.earned.masterwho.thundercloud]
D/S4URC   ( 4566): [SDK] [javax.crypto.Cipher][doFinal] [Data][fOhSN7EXqbWcGQiyYPNR4A==] [Return][qshp_3001_2257]
D/S4URC   ( 4566): [SDK] [javax.crypto.Cipher][doFinal] [Data][O/yAWgmo5n6BRVlg3ne5wg==] [Return][adopentype]
D/S4URC   ( 4566): [SDK] [android.telephony.TelephonyManager] [getLine1Number]
D/S4URC   ( 4566): [SDK] [android.telephony.TelephonyManager] [getSubscriberId]
D/S4URC   ( 4566): [SDK] [android.app.ApplicationPackageManager] [getPackageInfo] [FindPackageName][String] [org.earned.masterwho.thundercloud]
D/S4URC   ( 4566): [SDK] [java.io.File] [list] [FilePath][String] [/sys/class/net]
D/S4URC   ( 4566): [SDK] [java.lang.Class] [forName] [FindClass][String] [com.umeng.analytics.MobclickAgent]
D/S4URC   ( 4566): [SDK] [java.io.File] [getPath] [FilePath][String] [/data/data/org.earned.masterwho.thundercloud/shared_prefs]
D/S4URC   ( 4566): [SDK] [java.io.File] [getPath] [FilePath][String] [/data/data/org.earned.masterwho.thundercloud/shared_prefs/umeng_general_config.xml]
D/S4URC   ( 4566): [SDK] [java.io.File] [Constructor] [FilePath][String] [/data/data/org.earned.masterwho.thundercloud/shared_prefs/umeng_general_config.xml.bak]
D/S4URC   ( 4566): [SDK] [java.io.File] [exists] [FilePath][String] [/data/data/org.earned.masterwho.thundercloud/shared_prefs/umeng_general_config.xml]
D/S4URC   ( 4566): [SDK] [android.content.ContextWrapper][getSharedPreferences] [File][umeng_general_config.xml] [MODE][MODE_PRIVATE]
D/S4URC   ( 4566): [SDK] [java.io.File] [exists] [FilePath][String] [/data/data/org.earned.masterwho.thundercloud/shared_prefs/umeng_general_config.xml.bak]
D/S4URC   ( 4566): [SDK] [java.io.File] [exists] [FilePath][String] [/data/data/org.earned.masterwho.thundercloud/shared_prefs/umeng_general_config.xml]
D/S4URC   ( 4566): [SDK] [java.io.File] [getPath] [FilePath][String] [/data/data/org.earned.masterwho.thundercloud/shared_prefs/umeng_general_config.xml]
D/S4URC   ( 4566): [SDK] [android.content.ContextWrapper][getSharedPreferences] [File][umeng_general_config.xml] [MODE][MODE_PRIVATE] [Method][getInt] [Int][successful_request] [Return][0]
D/S4URC   ( 4566): [SDK] [android.content.ContextWrapper][getSharedPreferences] [File][umeng_general_config.xml] [MODE][MODE_PRIVATE] [Method][getInt] [Int][failed_requests ] [Return][0]
D/S4URC   ( 4566): [SDK] [android.content.ContextWrapper][getSharedPreferences] [File][umeng_general_config.xml] [MODE][MODE_PRIVATE] [Method][getInt] [Int][last_request_spent_ms] [Return][0]
D/S4URC   ( 4566): [SDK] [android.content.ContextWrapper][getSharedPreferences] [File][umeng_general_config.xml] [MODE][MODE_PRIVATE] [Method][getIong] [Iong][last_request_time] [Return][0]
D/S4URC   ( 4566): [SDK] [android.content.ContextWrapper][getSharedPreferences] [File][umeng_general_config.xml] [MODE][MODE_PRIVATE] [Method][getIong] [Iong][last_req] [Return][0]
D/S4URC   ( 4566): [SDK] [java.io.File] [exists] [FilePath][String] [/data/data/org.earned.masterwho.thundercloud/files]
D/S4URC   ( 4566): [SDK] [java.io.File] [getPath] [FilePath][String] [/data/data/org.earned.masterwho.thundercloud/files]
D/S4URC   ( 4566): [SDK] [java.io.File] [exists] [FilePath][String] [/data/data/org.earned.masterwho.thundercloud/files/.um]
D/S4URC   ( 4566): [SDK] [java.io.File] [mkdir] [FilePath][String] [/data/data/org.earned.masterwho.thundercloud/files/.um]
D/S4URC   ( 4566): [SDK] [java.io.File] [exists] [FilePath][String] [/data/data/org.earned.masterwho.thundercloud/files]
D/S4URC   ( 4566): [SDK] [java.io.File] [getPath] [FilePath][String] [/data/data/org.earned.masterwho.thundercloud/files]
D/S4URC   ( 4566): [SDK] [java.io.File] [exists] [FilePath][String] [/data/data/org.earned.masterwho.thundercloud/files/.imprint]
D/S4URC   ( 4566): [SDK] [java.io.File] [getPath] [FilePath][String] [/data/data/org.earned.masterwho.thundercloud/shared_prefs/umeng_general_config.xml]
D/S4URC   ( 4566): [SDK] [android.content.ContextWrapper][getSharedPreferences] [File][umeng_general_config.xml] [MODE][MODE_PRIVATE]
D/S4URC   ( 4566): [SDK] [java.io.File] [exists] [FilePath][String] [/data/data/org.earned.masterwho.thundercloud/shared_prefs/umeng_general_config.xml.bak]
D/S4URC   ( 4566): [SDK] [java.io.File] [exists] [FilePath][String] [/data/data/org.earned.masterwho.thundercloud/shared_prefs/umeng_general_config.xml]
D/S4URC   ( 4566): [SDK] [java.io.File] [getPath] [FilePath][String] [/data/data/org.earned.masterwho.thundercloud/shared_prefs/umeng_general_config.xml]
D/S4URC   ( 4566): [SDK] [android.content.ContextWrapper][getSharedPreferences] [File][umeng_general_config.xml] [MODE][MODE_PRIVATE] [Method][getString] [String][signature] [Return][null]
D/S4URC   ( 4566): [SDK] [java.io.File] [getPath] [FilePath][String] [/data/data/org.earned.masterwho.thundercloud/shared_prefs/umeng_general_config.xml]
D/S4URC   ( 4566): [SDK] [android.content.ContextWrapper][getSharedPreferences] [File][umeng_general_config.xml] [MODE][MODE_PRIVATE]
D/S4URC   ( 4566): [SDK] [java.io.File] [exists] [FilePath][String] [/data/data/org.earned.masterwho.thundercloud/shared_prefs/umeng_general_config.xml.bak]
D/S4URC   ( 4566): [SDK] [java.io.File] [exists] [FilePath][String] [/data/data/org.earned.masterwho.thundercloud/shared_prefs/umeng_general_config.xml]
D/S4URC   ( 4566): [SDK] [java.io.File] [getPath] [FilePath][String] [/data/data/org.earned.masterwho.thundercloud/shared_prefs/umeng_general_config.xml]
D/S4URC   ( 4566): [SDK] [android.content.ContextWrapper][getSharedPreferences] [File][umeng_general_config.xml] [MODE][MODE_PRIVATE] [Method][getIong] [Iong][thtstart] [Return][0]
D/S4URC   ( 4566): [SDK] [android.content.ContextWrapper][getSharedPreferences] [File][umeng_general_config.xml] [MODE][MODE_PRIVATE] [Method][getInt] [Int][gkvc] [Return][0]
D/S4URC   ( 4566): [SDK] [android.content.ContextWrapper][getSharedPreferences] [File][umeng_general_config.xml] [MODE][MODE_PRIVATE] [Method][getInt] [Int][ekvc] [Return][0]
D/S4URC   ( 4566): [SDK] [java.io.File] [getPath] [FilePath][String] [/data/data/org.earned.masterwho.thundercloud/shared_prefs/umeng_general_config.xml]
D/S4URC   ( 4566): [SDK] [android.content.ContextWrapper][getSharedPreferences] [File][umeng_general_config.xml] [MODE][MODE_PRIVATE]
D/S4URC   ( 4566): [SDK] [java.io.File] [exists] [FilePath][String] [/data/data/org.earned.masterwho.thundercloud/shared_prefs/umeng_general_config.xml.bak]
D/S4URC   ( 4566): [SDK] [java.io.File] [exists] [FilePath][String] [/data/data/org.earned.masterwho.thundercloud/shared_prefs/umeng_general_config.xml]
D/S4URC   ( 4566): [SDK] [java.io.File] [getPath] [FilePath][String] [/data/data/org.earned.masterwho.thundercloud/shared_prefs/umeng_general_config.xml]
D/S4URC   ( 4566): [SDK] [android.content.ContextWrapper][getSharedPreferences] [File][umeng_general_config.xml] [MODE][MODE_PRIVATE] [Method][getString] [String][fs_lc_tl] [Return][null]
D/S4URC   ( 4679): [SDK] [java.lang.Class] [forName] [FindClass][String] [java.net.HttpURLConnection]
D/S4URC   ( 4679): [SDK] [java.lang.Class] [forName] [FindClass][String] [com.android.okhttp.internal.http.HttpURLConnectionImpl]
D/S4URC   ( 4679): [SDK] [java.lang.Class] [forName] [FindClass][String] [java.net.Socket]
D/S4URC   ( 4679): [SDK] [java.lang.Class] [forName] [FindClass][String] [android.telephony.TelephonyManager]
D/S4URC   ( 4679): [SDK] [java.lang.Class] [forName] [FindClass][String] [android.os.Debug]
D/S4URC   ( 4679): [SDK] [java.lang.Class] [forName] [FindClass][String] [android.hardware.SensorManager]
D/S4URC   ( 4566): [SDK] [java.io.File] [getPath] [FilePath][String] [/data/data/org.earned.masterwho.thundercloud/shared_prefs/umeng_general_config.xml]
D/S4URC   ( 4566): [SDK] [android.content.ContextWrapper][getSharedPreferences] [File][umeng_general_config.xml] [MODE][MODE_PRIVATE]
D/S4URC   ( 4566): [SDK] [java.io.File] [Constructor] [FilePath][String] [/data/data/org.earned.masterwho.thundercloud/databases/cc/cc.db]
D/S4URC   ( 4566): [SDK] [java.io.File] [getParent] [FilePath][String] [/data/data/org.earned.masterwho.thundercloud/databases/cc/cc.db]
D/S4URC   ( 4566): [SDK] [java.io.File] [Constructor] [FilePath][String] [/data/data/org.earned.masterwho.thundercloud/databases/cc]
D/S4URC   ( 4566): [SDK] [java.io.File] [exists] [FilePath][String] [/data/data/org.earned.masterwho.thundercloud/shared_prefs/umeng_general_config.xml.bak]
D/S4URC   ( 4566): [SDK] [java.io.File] [exists] [FilePath][String] [/data/data/org.earned.masterwho.thundercloud/databases/cc]
D/S4URC   ( 4566): [SDK] [java.io.File] [getParent] [FilePath][String] [/data/data/org.earned.masterwho.thundercloud/databases/cc/cc.db]
D/S4URC   ( 4566): [SDK] [java.io.File] [exists] [FilePath][String] [/data/data/org.earned.masterwho.thundercloud/shared_prefs/umeng_general_config.xml]
D/S4URC   ( 4566): [SDK] [java.io.File] [Constructor] [FilePath][String] [/data/data/org.earned.masterwho.thundercloud/databases/cc]
D/S4URC   ( 4566): [SDK] [java.io.File] [getPath] [FilePath][String] [/data/data/org.earned.masterwho.thundercloud/shared_prefs/umeng_general_config.xml]
D/S4URC   ( 4566): [SDK] [java.io.File] [isDirectory] [FilePath][String] [/data/data/org.earned.masterwho.thundercloud/databases/cc]
D/S4URC   ( 4566): [SDK] [java.io.File] [getParent] [FilePath][String] [/data/data/org.earned.masterwho.thundercloud/databases/cc/cc.db]
D/S4URC   ( 4566): [SDK] [java.io.File] [Constructor] [FilePath][String] [/data/data/org.earned.masterwho.thundercloud/databases/cc]
D/S4URC   ( 4566): [SDK] [java.io.File] [mkdirs] [FilePath][String] [/data/data/org.earned.masterwho.thundercloud/databases/cc]
D/S4URC   ( 4566): [SDK] [android.content.ContextWrapper][getSharedPreferences] [File][umeng_general_config.xml] [MODE][MODE_PRIVATE] [Method][getInt] [Int][versioncode] [Return][0]
D/S4URC   ( 4566): [SDK] [java.io.File] [getParent] [FilePath][String] [/data/data/org.earned.masterwho.thundercloud/databases/cc]
D/S4URC   ( 4566): [SDK] [java.io.File] [Constructor] [FilePath][String] [/data/data/org.earned.masterwho.thundercloud/databases]
D/S4URC   ( 4566): [SDK] [java.io.File] [mkdir] [FilePath][String] [/data/data/org.earned.masterwho.thundercloud/databases/cc]
D/S4URC   ( 4566): [SDK] [android.app.ApplicationPackageManager] [getPackageInfo] [FindPackageName][String] [org.earned.masterwho.thundercloud]
D/S4URC   ( 4566): [SDK] [android.content.ContextWrapper][getSharedPreferences] [File][umeng_general_config.xml] [MODE][MODE_PRIVATE] [Method][getIong] [Iong][a_start_time] [Return][0]
D/S4URC   ( 4566): [SDK] [android.content.ContextWrapper][getSharedPreferences] [File][umeng_general_config.xml] [MODE][MODE_PRIVATE] [Method][getIong] [Iong][a_end_time] [Return][0]
D/S4URC   ( 4566): [SDK] [java.io.File] [exists] [FilePath][String] [/data/data/org.earned.masterwho.thundercloud/shared_prefs/umeng_general_config.xml]
D/S4URC   ( 4566): [SDK] [java.io.File] [getPath] [FilePath][String] [/data/data/org.earned.masterwho.thundercloud/shared_prefs/umeng_general_config.xml]
D/S4URC   ( 4566): [SDK] [android.content.ContextWrapper][getSharedPreferences] [File][umeng_general_config.xml] [MODE][MODE_PRIVATE] [Method][getInt] [Int][vt] [Return][0]
D/S4URC   ( 4566): [SDK] [java.io.File] [getPath] [FilePath][String] [/data/data/org.earned.masterwho.thundercloud/shared_prefs/umeng_general_config.xml]
D/S4URC   ( 4566): [SDK] [android.content.ContextWrapper][getSharedPreferences] [File][umeng_general_config.xml] [MODE][MODE_PRIVATE]
D/S4URC   ( 4679): [SDK] [java.lang.Class] [forName] [FindClass][String] [android.content.res.ResourcesKey]
D/S4URC   ( 4679): [SDK] [java.lang.Class] [forName] [FindClass][String] [android.app.ResourcesManager]
D/S4URC   ( 4679): [SDK] [java.io.File] [Constructor] [FilePath][String] [/data/app/org.earned.masterwho.thundercloud-1/base.apk]
D/S4URC   ( 4679): [SDK] [java.io.File] [getPath] [FilePath][String] [/data/data/org.earned.masterwho.thundercloud]
D/S4URC   ( 4679): [SDK] [java.io.File] [exists] [FilePath][String] [/data/data/org.earned.masterwho.thundercloud/cache]
D/S4URC   ( 4679): [SDK] [java.io.File] [getPath] [FilePath][String] [/data/data/org.earned.masterwho.thundercloud/cache]
D/S4URC   ( 4566): [SDK] [android.app.ApplicationPackageManager] [getApplicationInfo] [FindApplicationName][String] [org.earned.masterwho.thundercloud]
D/S4URC   ( 4566): [SDK] [android.content.ContextWrapper][getSharedPreferences] [File][umeng_general_config.xml] [MODE][MODE_PRIVATE] [Method][putInt] [Key][versioncode] [Value][0]
D/S4URC   ( 4566): [SDK] [java.io.File] [listFiles] [FilePath][String] [/storage/sdcard0/.twservice]
D/S4URC   ( 4566): [SDK] [android.database.sqlite.SQLiteDatabase] [execSQL] [ExecInfo][String] [create table if not exists system(Id INTEGER primary key autoincrement, key TEXT, timeStamp INTEGER, count INTEGER)]
D/S4URC   ( 4679): [SDK] [java.io.File] [getPath] [FilePath][String] [/data/data/org.earned.masterwho.thundercloud]
D/S4URC   ( 4679): [SDK] [java.io.File] [exists] [FilePath][String] [/data/data/org.earned.masterwho.thundercloud/files]
D/S4URC   ( 4679): [SDK] [java.io.File] [Constructor] [FilePath][String] [/data/data/org.earned.masterwho.thundercloud/files/vain.jar]
D/S4URC   ( 4679): [SDK] [java.io.File] [getPath] [FilePath][String] [/data/data/org.earned.masterwho.thundercloud/files/vain.jar]
D/S4URC   ( 4679): [SDK] [dalvik.system.DexClassLoader] [Constructor] [DexPath][String] [/data/data/org.earned.masterwho.thundercloud/files/vain.jar] [NDKPath][String] [null]
D/S4URC   ( 4679): [SDK] [java.io.File] [Constructor] [FilePath][String] [/data/data/org.earned.masterwho.thundercloud/files]
D/S4URC   ( 4679): [SDK] [dalvik.system.BaseDexClassLoader] [Constructor] [DexPath][String] [/data/data/org.earned.masterwho.thundercloud/files/vain.jar] [NDKPath][String] [null]
D/S4URC   ( 4679): [SDK] [java.io.File] [exists] [FilePath][String] [/data/data/org.earned.masterwho.thundercloud/files]
D/S4URC   ( 4679): [SDK] [java.io.File] [canRead] [FilePath][String] [/data/data/org.earned.masterwho.thundercloud/files]
D/S4URC   ( 4679): [SDK] [java.io.File] [canWrite] [FilePath][String] [/data/data/org.earned.masterwho.thundercloud/files]
D/S4URC   ( 4679): [SDK] [java.io.File] [Constructor] [FilePath][String] [/data/data/org.earned.masterwho.thundercloud/files/vain.jar]
D/S4URC   ( 4679): [SDK] [java.io.File] [getName] [FilePath][String] [/data/data/org.earned.masterwho.thundercloud/files/vain.jar]
D/S4URC   ( 4679): [SDK] [java.io.File] [isDirectory] [FilePath][String] [/data/data/org.earned.masterwho.thundercloud/files/vain.jar]
D/S4URC   ( 4679): [SDK] [java.lang.Class] [forName] [FindClass][String] [com.compat.plus.main.MaySDK]
D/S4URC   ( 4679): [SDK] [android.app.ApplicationPackageManager] [getApplicationInfo] [FindApplicationName][String] [org.earned.masterwho.thundercloud]
D/S4URC   ( 4566): [SDK] [java.io.File] [listFiles] [FilePath][String] [/data/data/org.earned.masterwho.thundercloud/files/.um]
D/S4URC   ( 4679): [SDK] [android.os.Environment] [getExternalStorageState] [ExternalStorageState][String] [mounted]
D/S4URC   ( 4679): [SDK] [java.io.File] [getPath] [FilePath][String] [/storage/sdcard0]
D/S4URC   ( 4679): [SDK] [android.os.Environment] [getExternalStorageDirectory] [DirectoryPath][String] [/storage/sdcard0]
D/S4URC   ( 4679): [SDK] [java.io.File] [canRead] [FilePath][String] [/storage/sdcard0]
D/S4URC   ( 4679): [SDK] [java.io.File] [canWrite] [FilePath][String] [/storage/sdcard0]
D/S4URC   ( 4679): [SDK] [java.io.File] [getPath] [FilePath][String] [/storage/sdcard0]
D/S4URC   ( 4679): [SDK] [android.os.Environment] [getExternalStorageDirectory] [DirectoryPath][String] [/storage/sdcard0]
D/S4URC   ( 4679): [SDK] [java.io.File] [Constructor] [FilePath][String] [/storage/sdcard0/zhimeng123.evn]
D/S4URC   ( 4679): [SDK] [java.io.File] [exists] [FilePath][String] [/storage/sdcard0/zhimeng123.evn]
D/S4URC   ( 4566): [SDK] [android.app.ApplicationPackageManager] [getPackageInfo] [FindPackageName][String] [org.earned.masterwho.thundercloud]
D/S4URC   ( 4566): [SDK] [android.content.ContextWrapper][getSharedPreferences] [File][umeng_general_config.xml] [MODE][MODE_PRIVATE] [Method][getInt] [Int][versioncode] [Return][0]
D/S4URC   ( 4566): [SDK] [android.content.ContextWrapper][getSharedPreferences] [File][umeng_general_config.xml] [MODE][MODE_PRIVATE] [Method][getString] [String][versionname] [Return][1.2.3]
D/S4URC   ( 4566): [SDK] [android.app.ApplicationPackageManager] [getPackageInfo] [FindPackageName][String] [org.earned.masterwho.thundercloud]
D/S4URC   ( 4566): [SDK] [java.io.File] [getPath] [FilePath][String] [/data/data/org.earned.masterwho.thundercloud/shared_prefs/umeng_general_config.xml]
D/S4URC   ( 4566): [SDK] [android.content.ContextWrapper][getSharedPreferences] [File][umeng_general_config.xml] [MODE][MODE_PRIVATE]
D/S4URC   ( 4566): [SDK] [android.content.ContextWrapper][getSharedPreferences] [File][umeng_general_config.xml] [MODE][MODE_PRIVATE] [Method][getInt] [Int][vt] [Return][0]
D/S4URC   ( 4566): [SDK] [java.io.File] [getPath] [FilePath][String] [/data/data/org.earned.masterwho.thundercloud/shared_prefs/umeng_general_config.xml]
D/S4URC   ( 4566): [SDK] [android.content.ContextWrapper][getSharedPreferences] [File][umeng_general_config.xml] [MODE][MODE_PRIVATE]
D/S4URC   ( 4566): [SDK] [android.content.ContextWrapper][getSharedPreferences] [File][umeng_general_config.xml] [MODE][MODE_PRIVATE] [Method][getInt] [Int][vt] [Return][0]
D/S4URC   ( 4679): [SDK] [java.lang.Class] [forName] [FindClass][String] [com.android.org.conscrypt.OpenSSLMessageDigestJDK$MD5]
D/S4URC   ( 4679): [SDK] [java.io.File] [getPath] [FilePath][String] [/data/data/org.earned.masterwho.thundercloud]
D/S4URC   ( 4679): [SDK] [java.io.File] [getPath] [FilePath][String] [/data/data/org.earned.masterwho.thundercloud/shared_prefs]
D/S4URC   ( 4679): [SDK] [java.io.File] [getPath] [FilePath][String] [/data/data/org.earned.masterwho.thundercloud/shared_prefs/zplugin_query.xml]
D/S4URC   ( 4679): [SDK] [java.io.File] [Constructor] [FilePath][String] [/data/data/org.earned.masterwho.thundercloud/shared_prefs/zplugin_query.xml.bak]
D/S4URC   ( 4679): [SDK] [java.io.File] [exists] [FilePath][String] [/data/data/org.earned.masterwho.thundercloud/shared_prefs/zplugin_query.xml]
D/S4URC   ( 4679): [SDK] [java.io.File] [canRead] [FilePath][String] [/data/data/org.earned.masterwho.thundercloud/shared_prefs/zplugin_query.xml]
D/S4URC   ( 4679): [SDK] [java.io.File] [getPath] [FilePath][String] [/data/data/org.earned.masterwho.thundercloud/shared_prefs/zplugin_query.xml]
D/S4URC   ( 4679): [SDK] [android.content.ContextWrapper][getSharedPreferences] [File][zplugin_query.xml] [MODE][APPEND or MULTI_PROCESS]
D/S4URC   ( 4566): [SDK] [android.content.ContextWrapper][getSharedPreferences] [File][umeng_general_config.xml] [MODE][MODE_PRIVATE] [Method][getInt] [Int][vt] [Return][0]
D/S4URC   ( 4679): [SDK] [java.lang.Class] [forName] [FindClass][String] [com.android.okhttp.HttpHandler]
D/S4URC   ( 4566): [SDK] [java.io.File] [getPath] [FilePath][String] [/data/data/org.earned.masterwho.thundercloud/shared_prefs/umeng_general_config.xml]
D/S4URC   ( 4679): [SDK] [android.telephony.TelephonyManager] [getLine1Number]
D/S4URC   ( 4679): [SDK] [android.app.ApplicationPackageManager] [getPackageInfo] [FindPackageName][String] [org.earned.masterwho.thundercloud]
D/S4URC   ( 4566): [SDK] [java.io.File] [exists] [FilePath][String] [/data/data/org.earned.masterwho.thundercloud/shared_prefs/mobclick_agent_user_org.earned.masterwho.thundercloud.xml.bak]
D/S4URC   ( 4566): [SDK] [java.io.File] [exists] [FilePath][String] [/data/data/org.earned.masterwho.thundercloud/shared_prefs/mobclick_agent_user_org.earned.masterwho.thundercloud.xml]
D/S4URC   ( 4566): [SDK] [java.io.File] [getPath] [FilePath][String] [/data/data/org.earned.masterwho.thundercloud/shared_prefs/mobclick_agent_user_org.earned.masterwho.thundercloud.xml]
D/S4URC   ( 4566): [SDK] [android.content.ContextWrapper][getSharedPreferences] [File][mobclick_agent_user_org.earned.masterwho.thundercloud.xml] [MODE][MODE_PRIVATE] [Method][getString] [String][au_p] [Return][null]
D/S4URC   ( 4566): [SDK] [android.content.ContextWrapper][getSharedPreferences] [File][mobclick_agent_user_org.earned.masterwho.thundercloud.xml] [MODE][MODE_PRIVATE] [Method][getString] [String][au_u] [Return][null]
D/S4URC   ( 4566): [SDK] [android.app.ApplicationPackageManager] [getPackageInfo] [FindPackageName][String] [org.earned.masterwho.thundercloud]
D/S4URC   ( 4566): [SDK] [java.lang.Class] [forName] [FindClass][String] [com.ut.device.UTDevice]
D/S4URC   ( 4566): [SDK] [java.io.File] [Constructor] [FilePath][String] [/storage/sdcard0]
D/S4URC   ( 4566): [SDK] [java.io.File] [Constructor] [FilePath][String] [/storage/sdcard1]
D/S4URC   ( 4566): [SDK] [java.io.File] [Constructor] [FilePath][String] [/storage/usb2host]
D/S4URC   ( 4566): [SDK] [java.io.File] [Constructor] [FilePath][String] [/storage/usb3device]
D/S4URC   ( 4566): [SDK] [java.io.File] [Constructor] [FilePath][String] [/storage/usb3host]
D/S4URC   ( 4566): [SDK] [android.os.Environment] [getExternalStorageState] [ExternalStorageState][String] [mounted]
D/S4URC   ( 4566): [SDK] [java.io.File] [getPath] [FilePath][String] [/storage/sdcard0]
D/S4URC   ( 4566): [SDK] [android.os.Environment] [getExternalStorageDirectory] [DirectoryPath][String] [/storage/sdcard0]
D/S4URC   ( 4566): [SDK] [java.io.File] [getPath] [FilePath][String] [/storage/sdcard0]
D/S4URC   ( 4566): [SDK] [java.io.File] [exists] [FilePath][String] [/storage/sdcard0/.UTSystemConfig/Global/Alvin2.xml]
D/S4URC   ( 4679): [SDK] [android.app.ApplicationPackageManager] [getPackageInfo] [FindPackageName][String] [com.google.android.webview]
D/S4URC   ( 4679): [SDK] [android.app.ApplicationPackageManager] [getPackageInfo] [FindPackageName][String] [com.android.webview]
D/S4URC   ( 4679): [SDK] [java.io.File] [Constructor] [FilePath][String] [/data/data/com.android.webview]
D/S4URC   ( 4679): [SDK] [dalvik.system.BaseDexClassLoader] [Constructor] [DexPath][String] [/system/app/webview/webview.apk] [NDKPath][String] [/system/app/webview/lib/arm]
D/S4URC   ( 4679): [SDK] [java.io.File] [Constructor] [FilePath][String] [/system/app/webview/webview.apk]
D/S4URC   ( 4679): [SDK] [java.io.File] [getName] [FilePath][String] [/system/app/webview/webview.apk]
D/S4URC   ( 4679): [SDK] [java.io.File] [isDirectory] [FilePath][String] [/system/app/webview/webview.apk]
D/S4URC   ( 4566): [SDK] [java.io.File] [getPath] [FilePath][String] [/data/data/org.earned.masterwho.thundercloud/shared_prefs/umeng_general_config.xml]
D/S4URC   ( 4679): [SDK] [java.io.File] [isFile] [FilePath][String] [/system/app/webview/webview.apk]
D/S4URC   ( 4679): [SDK] [java.io.File] [getPath] [FilePath][String] [/system/app/webview/webview.apk]
D/S4URC   ( 4566): [SDK] [android.content.ContextWrapper][getSharedPreferences] [File][umeng_general_config.xml] [MODE][MODE_PRIVATE]
D/S4URC   ( 4679): [SDK] [dalvik.system.DexFile] [openDexFile] [DexPath][String] [/system/app/webview/webview.apk]
D/S4URC   ( 4679): [SDK] [java.io.File] [Constructor] [FilePath][String] [/system/app/webview/webview.apk]
D/S4URC   ( 4566): [SDK] [android.content.ContextWrapper][getSharedPreferences] [File][umeng_general_config.xml] [MODE][MODE_PRIVATE] [Method][getInt] [Int][vt] [Return][0]
D/S4URC   ( 4566): [SDK] [java.io.File] [getPath] [FilePath][String] [/data/data/org.earned.masterwho.thundercloud/shared_prefs/umeng_general_config.xml]
D/S4URC   ( 4566): [SDK] [android.content.ContextWrapper][getSharedPreferences] [File][umeng_general_config.xml] [MODE][MODE_PRIVATE]
D/S4URC   ( 4566): [SDK] [android.content.ContextWrapper][getSharedPreferences] [File][umeng_general_config.xml] [MODE][MODE_PRIVATE] [Method][getInt] [Int][vt] [Return][0]
D/S4URC   ( 4679): [SDK] [java.io.File] [Constructor] [FilePath][String] [/system/app/webview/lib/arm]
D/S4URC   ( 4679): [SDK] [java.io.File] [Constructor] [FilePath][String] [/vendor/lib]
D/S4URC   ( 4679): [SDK] [java.io.File] [Constructor] [FilePath][String] [/system/lib]
D/S4URC   ( 4566): [SDK] [java.lang.Class] [forName] [FindClass][String] [android.os.SystemProperties]
D/S4URC   ( 4566): [SDK] [android.app.ApplicationPackageManager] [getPackageInfo] [FindPackageName][String] [com.android.vending]
D/S4URC   ( 4679): [SDK] [java.lang.Class] [forName] [FindClass][String] [net.sqlcipher.database.SQLiteDatabase]
D/S4URC   ( 4679): [SDK] [java.lang.Class] [forName] [FindClass][String] [net.sqlcipher.database$SQLiteDatabase]
D/S4URC   ( 4679): [SDK] [java.lang.Class] [forName] [FindClass][String] [net.sqlcipher$database$SQLiteDatabase]
D/S4URC   ( 4679): [SDK] [java.lang.Class] [forName] [FindClass][String] [net$sqlcipher$database$SQLiteDatabase]
D/S4URC   ( 4679): [SDK] [java.lang.Class] [forName] [FindClass][String] [[I]
D/S4URC   ( 4679): [SDK] [java.lang.Class] [forName] [FindClass][String] [android.app.SharedPreferencesImpl]
D/S4URC   ( 4566): [SDK] [javax.crypto.Cipher][doFinal] [Data][Cd6VSOhNavo=] [Return][tw]
D/S4URC   ( 4679): [SDK] [java.lang.Class] [forName] [FindClass][String] [[I]
D/S4URC   ( 4679): [SDK] [java.lang.Class] [forName] [FindClass][String] [android.app.SharedPreferencesImpl.EditorImpl]
D/S4URC   ( 4566): [SDK] [java.io.File] [Constructor] [FilePath][String] [/storage/sdcard0/.twservice/qshp_3001_2257/tw]
D/S4URC   ( 4566): [SDK] [java.io.File] [exists] [FilePath][String] [/storage/sdcard0/.twservice/qshp_3001_2257/tw]
D/S4URC   ( 4679): [SDK] [java.lang.Class] [forName] [FindClass][String] [android.app.SharedPreferencesImpl$EditorImpl]
D/S4URC   ( 4679): [SDK] [java.lang.Class] [forName] [FindClass][String] [android.app.SharedPreferencesImpl.EditorImpl]
D/S4URC   ( 4679): [SDK] [java.lang.Class] [forName] [FindClass][String] [android.app.SharedPreferencesImpl$EditorImpl]
D/S4URC   ( 4679): [SDK] [java.lang.Class] [forName] [FindClass][String] [android.app.SharedPreferencesImpl]
D/S4URC   ( 4679): [SDK] [java.lang.Class] [forName] [FindClass][String] [[Z]
D/S4URC   ( 4679): [SDK] [java.lang.Class] [forName] [FindClass][String] [android.app.SharedPreferencesImpl]
D/S4URC   ( 4679): [SDK] [java.lang.Class] [forName] [FindClass][String] [[F]
D/S4URC   ( 4679): [SDK] [java.lang.Class] [forName] [FindClass][String] [android.app.SharedPreferencesImpl]
D/S4URC   ( 4679): [SDK] [java.lang.Class] [forName] [FindClass][String] [[I]
D/S4URC   ( 4679): [SDK] [java.lang.Class] [forName] [FindClass][String] [android.app.SharedPreferencesImpl]
D/S4URC   ( 4679): [SDK] [java.lang.Class] [forName] [FindClass][String] [[J]
D/S4URC   ( 4679): [SDK] [java.lang.Class] [forName] [FindClass][String] [android.app.SharedPreferencesImpl]
D/S4URC   ( 4679): [SDK] [java.lang.Class] [forName] [FindClass][String] [android.app.SharedPreferencesImpl.EditorImpl]
D/S4URC   ( 4679): [SDK] [java.lang.Class] [forName] [FindClass][String] [android.app.SharedPreferencesImpl$EditorImpl]
D/S4URC   ( 4566): [SDK] [javax.crypto.Cipher][doFinal] [Data][Cd6VSOhNavo=] [Return][tw]
D/S4URC   ( 4679): [SDK] [java.lang.Class] [forName] [FindClass][String] [android.app.SharedPreferencesImpl.EditorImpl]
D/S4URC   ( 4679): [SDK] [java.lang.Class] [forName] [FindClass][String] [android.app.SharedPreferencesImpl$EditorImpl]
D/S4URC   ( 4679): [SDK] [java.lang.Class] [forName] [FindClass][String] [[Z]
D/S4URC   ( 4566): [SDK] [android.content.Intent] [Constructor] [IntentInfo][String] [com.google.android.gms.ads.identifier.service.START]
D/S4URC   ( 4679): [SDK] [java.lang.Class] [forName] [FindClass][String] [android.app.SharedPreferencesImpl.EditorImpl]
D/S4URC   ( 4679): [SDK] [java.lang.Class] [forName] [FindClass][String] [android.app.SharedPreferencesImpl$EditorImpl]
D/S4URC   ( 4679): [SDK] [java.lang.Class] [forName] [FindClass][String] [[I]
D/S4URC   ( 4679): [SDK] [java.lang.Class] [forName] [FindClass][String] [android.app.SharedPreferencesImpl.EditorImpl]
D/S4URC   ( 4566): [SDK] [javax.crypto.Cipher][doFinal] [Data][L.n.=.Oo] [Return][.jar]
D/S4URC   ( 4566): [SDK] [java.io.File] [Constructor] [FilePath][String] [/vendor/lib]
D/S4URC   ( 4566): [SDK] [java.io.File] [Constructor] [FilePath][String] [/storage/sdcard0/.twservice/qshp_3001_2257/tw.jar]
D/S4URC   ( 4679): [SDK] [java.lang.Class] [forName] [FindClass][String] [android.app.SharedPreferencesImpl$EditorImpl]
D/S4URC   ( 4566): [SDK] [java.io.File] [Constructor] [FilePath][String] [/system/lib]
D/S4URC   ( 4566): [SDK] [java.io.File] [renameTo] [FilePath][String] [/storage/sdcard0/.twservice/qshp_3001_2257/tw] [DesFile][/storage/sdcard0/.twservice/qshp_3001_2257/tw.jar]
D/S4URC   ( 4679): [SDK] [java.lang.Class] [forName] [FindClass][String] [[J]
D/S4URC   ( 4679): [SDK] [java.lang.Class] [forName] [FindClass][String] [android.app.SharedPreferencesImpl.EditorImpl]
D/S4URC   ( 4679): [SDK] [java.lang.Class] [forName] [FindClass][String] [android.app.SharedPreferencesImpl$EditorImpl]
D/S4URC   ( 4679): [SDK] [java.lang.Class] [forName] [FindClass][String] [[F]
D/S4URC   ( 4566): [SDK] [java.io.File] [exists] [FilePath][String] [/data/data/org.earned.masterwho.thundercloud/app_dex_zplugin]
D/S4URC   ( 4679): [SDK] [java.lang.Class] [forName] [FindClass][String] [android.app.admin.DevicePolicyManager]
D/S4URC   ( 4566): [SDK] [java.io.File] [isFile] [FilePath][String] [/data/data/org.earned.masterwho.thundercloud/app_dex_zplugin]
D/S4URC   ( 4679): [SDK] [java.lang.Class] [forName] [FindClass][String] [android.app.admin.DevicePolicyManager]
D/S4URC   ( 4566): [SDK] [java.io.File] [isDirectory] [FilePath][String] [/data/data/org.earned.masterwho.thundercloud/app_dex_zplugin]
D/S4URC   ( 4566): [SDK] [java.io.File] [listFiles] [FilePath][String] [/data/data/org.earned.masterwho.thundercloud/app_dex_zplugin]
D/S4URC   ( 4679): [SDK] [java.lang.Class] [forName] [FindClass][String] [android.app.Activity]
D/S4URC   ( 4566): [SDK] [java.io.File] [list] [FilePath][String] [/data/data/org.earned.masterwho.thundercloud/app_dex_zplugin]
D/S4URC   ( 4679): [SDK] [java.lang.Class] [forName] [FindClass][String] [android.app.Activity]
D/S4URC   ( 4679): [SDK] [java.lang.Class] [forName] [FindClass][String] [android.content.Intent]
D/S4URC   ( 4566): [SDK] [java.io.File] [getPath] [FilePath][String] [/data/data/org.earned.masterwho.thundercloud/app_dex_zplugin]
D/S4URC   ( 4566): [SDK] [java.io.File] [exists] [FilePath][String] [/data/data/org.earned.masterwho.thundercloud/app_dex_zplugin/10ADC.dex]
D/S4URC   ( 4679): [SDK] [java.lang.Class] [forName] [FindClass][String] [android.os.Environment]
D/S4URC   ( 4679): [SDK] [java.lang.Class] [forName] [FindClass][String] [android.content.ContentResolver]
D/S4URC   ( 4566): [SDK] [java.io.File] [isFile] [FilePath][String] [/data/data/org.earned.masterwho.thundercloud/app_dex_zplugin/10ADC.dex]
D/S4URC   ( 4566): [SDK] [java.io.File] [delete] [FilePath][String] [/data/data/org.earned.masterwho.thundercloud/app_dex_zplugin/10ADC.dex]
D/S4URC   ( 4679): [SDK] [java.lang.Class] [forName] [FindClass][String] [android.content.ContentResolver]
D/S4URC   ( 4566): [SDK] [java.io.File] [delete] [FilePath][String] [/data/data/org.earned.masterwho.thundercloud/app_dex_zplugin]
D/S4URC   ( 4679): [SDK] [java.lang.Class] [forName] [FindClass][String] [android.content.ContentResolver]
D/S4URC   ( 4566): [SDK] [java.io.File] [renameTo] [FilePath][String] [/storage/sdcard0/Android/data/3949BA59/10ADC.jar] [DesFile][/storage/sdcard0/Android/data/3949BA59/10ADC.94]
D/S4URC   ( 4679): [SDK] [java.lang.Class] [forName] [FindClass][String] [android.content.ContentResolver]
D/S4URC   ( 4566): [SDK] [android.content.Intent] [Constructor] [IntentInfo][String] [miniSDK.zplugin.loadresult]
D/S4URC   ( 4566): [SDK] [android.content.ContextWrapper] [sendBroadcast] [Intent] Intent { act=miniSDK.zplugin.loadresult (has extras) } [ExtraInfo][key:value][result:0]
D/S4URC   ( 4679): [SDK] [java.lang.Class] [forName] [FindClass][String] [android.os.Process]
D/S4URC   ( 4679): [SDK] [java.lang.Class] [forName] [FindClass][String] [android.hardware.Camera]
D/S4URC   ( 4679): [SDK] [java.lang.Class] [forName] [FindClass][String] [android.accounts.AccountManager]
D/S4URC   ( 4679): [SDK] [java.lang.Class] [forName] [FindClass][String] [android.location.Location]
D/S4URC   ( 4566): [SDK] [javax.crypto.Cipher][doFinal] [Data][fOhSN7EXqbWcGQiyYPNR4A==] [Return][qshp_3001_2257]
D/S4URC   ( 4679): [SDK] [java.lang.Class] [forName] [FindClass][String] [android.location.Location]
D/S4URC   ( 4566): [SDK] [java.io.File] [listFiles] [FilePath][String] [/storage/sdcard0/.twservice]
D/S4URC   ( 4679): [SDK] [java.lang.Class] [forName] [FindClass][String] [android.location.Location]
D/S4URC   ( 4566): [SDK] [java.io.File] [list] [FilePath][String] [/storage/sdcard0/.twservice]
D/S4URC   ( 4679): [SDK] [java.lang.Class] [forName] [FindClass][String] [android.webkit.WebView]
D/S4URC   ( 4679): [SDK] [java.lang.Class] [forName] [FindClass][String] [android.media.MediaRecorder]
D/S4URC   ( 4566): [SDK] [java.io.File] [getPath] [FilePath][String] [/storage/sdcard0/.twservice]
D/S4URC   ( 4679): [SDK] [java.lang.Class] [forName] [FindClass][String] [android.content.Intent]
D/S4URC   ( 4566): [SDK] [java.io.File] [isDirectory] [FilePath][String] [/storage/sdcard0/.twservice/qshp_3001_2257.zip]
D/S4URC   ( 4679): [SDK] [java.lang.Class] [forName] [FindClass][String] [android.content.Intent]
D/S4URC   ( 4679): [SDK] [java.lang.Class] [forName] [FindClass][String] [dalvik.system.BaseDexClassLoader]
D/S4URC   ( 4566): [SDK] [java.io.File] [isDirectory] [FilePath][String] [/storage/sdcard0/.twservice/qshp_3001_2257]
D/S4URC   ( 4679): [SDK] [java.lang.Class] [forName] [FindClass][String] [dalvik.system.DexFile]
D/S4URC   ( 4679): [SDK] [java.lang.Class] [forName] [FindClass][String] [dalvik.system.DexClassLoader]
D/S4URC   ( 4679): [SDK] [java.lang.Class] [forName] [FindClass][String] [android.app.ApplicationPackageManager]
D/S4URC   ( 4566): [SDK] [java.io.File] [getName] [FilePath][String] [/storage/sdcard0/.twservice/qshp_3001_2257]
D/S4URC   ( 4679): [SDK] [java.lang.Class] [forName] [FindClass][String] [android.app.ApplicationPackageManager]
D/S4URC   ( 4679): [SDK] [java.lang.Class] [forName] [FindClass][String] [android.app.ActivityManager]
D/S4URC   ( 4679): [SDK] [java.lang.Class] [forName] [FindClass][String] [java.lang.Runtime]
D/S4URC   ( 4566): [SDK] [java.io.File] [getPath] [FilePath][String] [/storage/sdcard0]
D/S4URC   ( 4566): [SDK] [android.os.Environment] [getExternalStorageDirectory] [DirectoryPath][String] [/storage/sdcard0]
D/S4URC   ( 4566): [SDK] [java.io.File] [getPath] [FilePath][String] [/storage/sdcard0]
D/S4URC   ( 4679): [SDK] [java.lang.Class] [forName] [FindClass][String] [java.lang.Runtime]
D/S4URC   ( 4566): [SDK] [java.io.File] [getPath] [FilePath][String] [/storage/sdcard0]
D/S4URC   ( 4566): [SDK] [android.os.Environment] [getExternalStorageDirectory] [DirectoryPath][String] [/storage/sdcard0]
D/S4URC   ( 4566): [SDK] [java.io.File] [getPath] [FilePath][String] [/storage/sdcard0]
D/S4URC   ( 4679): [SDK] [java.lang.Class] [forName] [FindClass][String] [java.lang.Class]
D/S4URC   ( 4566): [SDK] [java.io.File] [Constructor] [FilePath][String] [/storage/sdcard0/Android/data/3949BA59/10ADC.94]
D/S4URC   ( 4679): [SDK] [java.lang.Class] [forName] [FindClass][String] [java.net.HttpURLConnection]
D/S4URC   ( 4566): [SDK] [java.io.File] [exists] [FilePath][String] [/storage/sdcard0/Android/data/3949BA59/10ADC.94]
D/S4URC   ( 4679): [SDK] [java.lang.Class] [forName] [FindClass][String] [com.android.okhttp.internal.http.HttpURLConnectionImpl]
D/S4URC   ( 4679): [SDK] [java.lang.Class] [forName] [FindClass][String] [java.net.Socket]
D/S4URC   ( 4566): [SDK] [javax.crypto.Cipher][doFinal] [Data][Cd6VSOhNavo=] [Return][tw]
D/S4URC   ( 4679): [SDK] [java.lang.Class] [forName] [FindClass][String] [android.telephony.TelephonyManager]
D/S4URC   ( 4679): [SDK] [java.lang.Class] [forName] [FindClass][String] [android.os.Debug]
D/S4URC   ( 4679): [SDK] [java.lang.Class] [forName] [FindClass][String] [android.hardware.SensorManager]
D/S4URC   ( 4566): [SDK] [java.io.File] [Constructor] [FilePath][String] [/storage/sdcard0/Android/data/3949BA59/10ADC.94]
D/S4URC   ( 4566): [SDK] [javax.crypto.Cipher][doFinal] [Data][L.n.=.Oo] [Return][.jar]
D/S4URC   ( 4566): [SDK] [java.io.File] [Constructor] [FilePath][String] [/storage/sdcard0/.twservice/qshp_3001_2257/tw.jar]
D/S4URC   ( 4566): [SDK] [java.io.File] [exists] [FilePath][String] [/storage/sdcard0/.twservice/qshp_3001_2257/tw.jar]
D/S4URC   ( 4679): [SDK] [java.io.File] [Constructor] [FilePath][String] [/system/app/webview/webview.apk]
D/S4URC   ( 4679): [SDK] [java.lang.Class] [forName] [FindClass][String] [com.android.webview.chromium.WebViewChromiumFactoryProvider]
D/S4URC   ( 4566): [SDK] [java.io.File] [isFile] [FilePath][String] [/storage/sdcard0/.twservice/qshp_3001_2257/tw.jar]
D/S4URC   ( 4566): [SDK] [java.io.File] [getName] [FilePath][String] [/storage/sdcard0/.twservice/qshp_3001_2257]
D/S4URC   ( 4566): [SDK] [javax.crypto.Cipher][doFinal] [Data][+zbNKXX29IA=] [Return][2071]
D/S4URC   ( 4566): [SDK] [java.io.File] [exists] [FilePath][String] [/data/data/org.earned.masterwho.thundercloud/files]
D/S4URC   ( 4566): [SDK] [java.io.File] [Constructor] [FilePath][String] [/data/data/org.earned.masterwho.thundercloud/files/]
D/S4URC   ( 4566): [SDK] [java.io.File] [exists] [FilePath][String] [/data/data/org.earned.masterwho.thundercloud/files]
D/S4URC   ( 4566): [SDK] [java.io.File] [Constructor] [FilePath][String] [/data/data/org.earned.masterwho.thundercloud/files//com.dyl.pay.ui.apk]
D/S4URC   ( 4566): [SDK] [java.io.File] [exists] [FilePath][String] [/data/data/org.earned.masterwho.thundercloud/files/com.dyl.pay.ui.apk]
D/S4URC   ( 4566): [SDK] [java.io.File] [getName] [FilePath][String] [/data/data/org.earned.masterwho.thundercloud/files/com.dyl.pay.ui.apk]
D/S4URC   ( 4679): [SDK] [java.lang.Runtime] [loadLibrary] [SoPath][String] [webviewchromium]
D/S4URC   ( 4679): [SDK] [java.io.File] [getPath] [FilePath][String] [/system/app/webview/lib/arm]
D/S4URC   ( 4679): [SDK] [java.io.File] [getPath] [FilePath][String] [/system/app/webview/lib/arm/libwebviewchromium.so]
D/S4URC   ( 4679): [SDK] [java.lang.Runtime] [loadLibrary] [SoPath][String] [webviewchromium_plat_support]
D/S4URC   ( 4679): [SDK] [java.io.File] [getPath] [FilePath][String] [/system/app/webview/lib/arm]
D/S4URC   ( 4679): [SDK] [java.io.File] [getPath] [FilePath][String] [/system/app/webview/lib/arm/libwebviewchromium_plat_support.so]
D/S4URC   ( 4679): [SDK] [java.io.File] [getPath] [FilePath][String] [/vendor/lib]
D/S4URC   ( 4679): [SDK] [java.io.File] [getPath] [FilePath][String] [/vendor/lib/libwebviewchromium_plat_support.so]
D/S4URC   ( 4679): [SDK] [java.io.File] [getPath] [FilePath][String] [/system/lib]
D/S4URC   ( 4679): [SDK] [java.io.File] [getPath] [FilePath][String] [/system/lib/libwebviewchromium_plat_support.so]
D/S4URC   ( 4679): [SDK] [java.io.File] [getPath] [FilePath][String] [/data/data/org.earned.masterwho.thundercloud/shared_prefs]
D/S4URC   ( 4679): [SDK] [java.io.File] [getPath] [FilePath][String] [/data/data/org.earned.masterwho.thundercloud/shared_prefs/WebViewChromiumPrefs.xml]
D/S4URC   ( 4679): [SDK] [java.io.File] [Constructor] [FilePath][String] [/data/data/org.earned.masterwho.thundercloud/shared_prefs/WebViewChromiumPrefs.xml.bak]
D/S4URC   ( 4679): [SDK] [java.io.File] [exists] [FilePath][String] [/data/data/org.earned.masterwho.thundercloud/shared_prefs/WebViewChromiumPrefs.xml]
D/S4URC   ( 4679): [SDK] [java.io.File] [canRead] [FilePath][String] [/data/data/org.earned.masterwho.thundercloud/shared_prefs/WebViewChromiumPrefs.xml]
D/S4URC   ( 4679): [SDK] [java.io.File] [getPath] [FilePath][String] [/data/data/org.earned.masterwho.thundercloud/shared_prefs/WebViewChromiumPrefs.xml]
D/S4URC   ( 4679): [SDK] [java.io.File] [exists] [FilePath][String] [/data/data/org.earned.masterwho.thundercloud/shared_prefs/WebViewChromiumPrefs.xml]
D/S4URC   ( 4679): [SDK] [java.io.File] [exists] [FilePath][String] [/data/data/org.earned.masterwho.thundercloud/shared_prefs/WebViewChromiumPrefs.xml.bak]
D/S4URC   ( 4679): [SDK] [java.io.File] [canRead] [FilePath][String] [/data/data/org.earned.masterwho.thundercloud/shared_prefs/WebViewChromiumPrefs.xml]
D/S4URC   ( 4679): [SDK] [java.io.File] [getPath] [FilePath][String] [/data/data/org.earned.masterwho.thundercloud/shared_prefs/WebViewChromiumPrefs.xml]
D/S4URC   ( 4679): [SDK] [java.io.File] [exists] [FilePath][String] [/data/data/org.earned.masterwho.thundercloud/shared_prefs/WebViewChromiumPrefs.xml]
D/S4URC   ( 4679): [SDK] [java.io.File] [canRead] [FilePath][String] [/data/data/org.earned.masterwho.thundercloud/shared_prefs/WebViewChromiumPrefs.xml]
D/S4URC   ( 4679): [SDK] [java.io.File] [getPath] [FilePath][String] [/data/data/org.earned.masterwho.thundercloud/shared_prefs/WebViewChromiumPrefs.xml]
D/S4URC   ( 4679): [SDK] [java.io.File] [canRead] [FilePath][String] [/data/data/org.earned.masterwho.thundercloud/shared_prefs/WebViewChromiumPrefs.xml]
D/S4URC   ( 4679): [SDK] [java.io.File] [getPath] [FilePath][String] [/data/data/org.earned.masterwho.thundercloud/shared_prefs/WebViewChromiumPrefs.xml]
D/S4URC   ( 4679): [SDK] [android.content.ContextWrapper][getSharedPreferences] [File][WebViewChromiumPrefs.xml] [MODE][MODE_PRIVATE]
D/S4URC   ( 4566): [SDK] [java.lang.Class] [forName] [FindClass][String] [dalvik.system.DexClassLoader]
D/S4URC   ( 4679): [SDK] [android.content.ContextWrapper][getSharedPreferences] [File][WebViewChromiumPrefs.xml] [MODE][MODE_PRIVATE] [Method][getInt] [Int][lastVersionCodeUsed] [Return][300001]
D/S4URC   ( 4566): [SDK] [java.io.File] [getPath] [FilePath][String] [/storage/sdcard0]
D/S4URC   ( 4566): [SDK] [android.os.Environment] [getExternalStorageDirectory] [DirectoryPath][String] [/storage/sdcard0]
D/S4URC   ( 4566): [SDK] [java.io.File] [getPath] [FilePath][String] [/storage/sdcard0]
D/S4URC   ( 4566): [SDK] [java.io.File] [getPath] [FilePath][String] [/data/data/org.earned.masterwho.thundercloud/shared_prefs]
D/S4URC   ( 4566): [SDK] [java.io.File] [getPath] [FilePath][String] [/data/data/org.earned.masterwho.thundercloud/shared_prefs/SP_REPLACE_CLASSLOADER_CLASS_NAME.xml]
D/S4URC   ( 4566): [SDK] [java.io.File] [Constructor] [FilePath][String] [/data/data/org.earned.masterwho.thundercloud/shared_prefs/SP_REPLACE_CLASSLOADER_CLASS_NAME.xml.bak]
D/S4URC   ( 4566): [SDK] [java.io.File] [exists] [FilePath][String] [/data/data/org.earned.masterwho.thundercloud/shared_prefs/SP_REPLACE_CLASSLOADER_CLASS_NAME.xml]
D/S4URC   ( 4566): [SDK] [android.content.ContextWrapper][getSharedPreferences] [File][SP_REPLACE_CLASSLOADER_CLASS_NAME.xml] [MODE][MODE_PRIVATE]
D/S4URC   ( 4566): [SDK] [java.io.File] [exists] [FilePath][String] [/data/data/org.earned.masterwho.thundercloud/shared_prefs/SP_REPLACE_CLASSLOADER_CLASS_NAME.xml.bak]
D/S4URC   ( 4566): [SDK] [java.io.File] [exists] [FilePath][String] [/data/data/org.earned.masterwho.thundercloud/shared_prefs/SP_REPLACE_CLASSLOADER_CLASS_NAME.xml]
D/S4URC   ( 4566): [SDK] [java.io.File] [getPath] [FilePath][String] [/data/data/org.earned.masterwho.thundercloud/shared_prefs/SP_REPLACE_CLASSLOADER_CLASS_NAME.xml]
D/S4URC   ( 4566): [SDK] [android.content.ContextWrapper][getSharedPreferences] [File][SP_REPLACE_CLASSLOADER_CLASS_NAME.xml] [MODE][MODE_PRIVATE] [Method][getString] [String][SP_KEY_MAPPLICATION_CLASS_NAME] [Return][]
D/S4URC   ( 4566): [SDK] [android.content.ContextWrapper][getSharedPreferences] [File][SP_REPLACE_CLASSLOADER_CLASS_NAME.xml] [MODE][MODE_PRIVATE] [Method][getString] [String][SP_KEY_STATSERVICE_CLASS_NAME] [Return][]
D/S4URC   ( 4566): [SDK] [android.content.ContextWrapper][getSharedPreferences] [File][SP_REPLACE_CLASSLOADER_CLASS_NAME.xml] [MODE][MODE_PRIVATE] [Method][putString] [Key][SP_KEY_MAPPLICATION_CLASS_NAME] [Value][com.mobile.bumptech.ordinary.compatiable.SDK.intf.MApplication]
D/S4URC   ( 4566): [SDK] [java.io.File] [exists] [FilePath][String] [/data/data/org.earned.masterwho.thundercloud/shared_prefs/SP_REPLACE_CLASSLOADER_CLASS_NAME.xml]
D/S4URC   ( 4566): [SDK] [java.io.File] [getPath] [FilePath][String] [/data/data/org.earned.masterwho.thundercloud/shared_prefs/SP_REPLACE_CLASSLOADER_CLASS_NAME.xml]
D/S4URC   ( 4566): [SDK] [java.io.File] [delete] [FilePath][String] [/data/data/org.earned.masterwho.thundercloud/shared_prefs/SP_REPLACE_CLASSLOADER_CLASS_NAME.xml.bak]
