D/S4URC   ( 2623): [SDK] [android.content.ContextWrapper][getSharedPreferences] [File][umeng_general_config.xml] [MODE][MODE_PRIVATE] [Method][getInt] [Int][failed_requests ] [Return][0]
D/S4URC   ( 2623): [SDK] [android.content.ContextWrapper][getSharedPreferences] [File][umeng_general_config.xml] [MODE][MODE_PRIVATE] [Method][getInt] [Int][last_request_spent_ms] [Return][0]
D/S4URC   ( 2623): [SDK] [android.content.ContextWrapper][getSharedPreferences] [File][umeng_general_config.xml] [MODE][MODE_PRIVATE] [Method][getIong] [Iong][last_request_time] [Return][0]
D/S4URC   ( 2623): [SDK] [android.content.ContextWrapper][getSharedPreferences] [File][umeng_general_config.xml] [MODE][MODE_PRIVATE] [Method][getIong] [Iong][last_req] [Return][0]
D/S4URC   ( 2623): [SDK] [java.io.File] [exists] [FilePath][String] [/data/data/org.aimlessly.pleases/files]
D/S4URC   ( 2623): [SDK] [java.io.File] [getPath] [FilePath][String] [/data/data/org.aimlessly.pleases/files]
D/S4URC   ( 2623): [SDK] [java.io.File] [exists] [FilePath][String] [/data/data/org.aimlessly.pleases/files/.um]
D/S4URC   ( 2623): [SDK] [java.io.File] [mkdir] [FilePath][String] [/data/data/org.aimlessly.pleases/files/.um]
D/S4URC   ( 2623): [SDK] [java.io.File] [exists] [FilePath][String] [/data/data/org.aimlessly.pleases/files]
D/S4URC   ( 2623): [SDK] [java.io.File] [getPath] [FilePath][String] [/data/data/org.aimlessly.pleases/files]
D/S4URC   ( 2623): [SDK] [java.io.File] [exists] [FilePath][String] [/data/data/org.aimlessly.pleases/files/.imprint]
D/S4URC   ( 2623): [SDK] [java.io.File] [getPath] [FilePath][String] [/data/data/org.aimlessly.pleases/shared_prefs/umeng_general_config.xml]
D/S4URC   ( 2623): [SDK] [android.content.ContextWrapper][getSharedPreferences] [File][umeng_general_config.xml] [MODE][MODE_PRIVATE]
D/S4URC   ( 2623): [SDK] [java.io.File] [exists] [FilePath][String] [/data/data/org.aimlessly.pleases/shared_prefs/umeng_general_config.xml.bak]
D/S4URC   ( 2623): [SDK] [java.io.File] [exists] [FilePath][String] [/data/data/org.aimlessly.pleases/shared_prefs/umeng_general_config.xml]
D/S4URC   ( 2623): [SDK] [java.io.File] [getPath] [FilePath][String] [/data/data/org.aimlessly.pleases/shared_prefs/umeng_general_config.xml]
D/S4URC   ( 2623): [SDK] [android.content.ContextWrapper][getSharedPreferences] [File][umeng_general_config.xml] [MODE][MODE_PRIVATE] [Method][getString] [String][signature] [Return][null]
D/S4URC   ( 2623): [SDK] [java.io.File] [getPath] [FilePath][String] [/data/data/org.aimlessly.pleases/shared_prefs/umeng_general_config.xml]
D/S4URC   ( 2623): [SDK] [android.content.ContextWrapper][getSharedPreferences] [File][umeng_general_config.xml] [MODE][MODE_PRIVATE]
D/S4URC   ( 2623): [SDK] [java.io.File] [exists] [FilePath][String] [/data/data/org.aimlessly.pleases/shared_prefs/umeng_general_config.xml.bak]
D/S4URC   ( 2623): [SDK] [java.io.File] [exists] [FilePath][String] [/data/data/org.aimlessly.pleases/shared_prefs/umeng_general_config.xml]
D/S4URC   ( 2623): [SDK] [java.io.File] [getPath] [FilePath][String] [/data/data/org.aimlessly.pleases/shared_prefs/umeng_general_config.xml]
D/S4URC   ( 2623): [SDK] [android.content.ContextWrapper][getSharedPreferences] [File][umeng_general_config.xml] [MODE][MODE_PRIVATE] [Method][getIong] [Iong][thtstart] [Return][0]
D/S4URC   ( 2623): [SDK] [android.content.ContextWrapper][getSharedPreferences] [File][umeng_general_config.xml] [MODE][MODE_PRIVATE] [Method][getInt] [Int][gkvc] [Return][0]
D/S4URC   ( 2623): [SDK] [android.content.ContextWrapper][getSharedPreferences] [File][umeng_general_config.xml] [MODE][MODE_PRIVATE] [Method][getInt] [Int][ekvc] [Return][0]
D/S4URC   ( 2623): [SDK] [java.io.File] [getPath] [FilePath][String] [/data/data/org.aimlessly.pleases/shared_prefs/umeng_general_config.xml]
D/S4URC   ( 2623): [SDK] [android.content.ContextWrapper][getSharedPreferences] [File][umeng_general_config.xml] [MODE][MODE_PRIVATE]
D/S4URC   ( 2623): [SDK] [java.io.File] [exists] [FilePath][String] [/data/data/org.aimlessly.pleases/shared_prefs/umeng_general_config.xml.bak]
D/S4URC   ( 2623): [SDK] [java.io.File] [exists] [FilePath][String] [/data/data/org.aimlessly.pleases/shared_prefs/umeng_general_config.xml]
D/S4URC   ( 2623): [SDK] [java.io.File] [getPath] [FilePath][String] [/data/data/org.aimlessly.pleases/shared_prefs/umeng_general_config.xml]
D/S4URC   ( 2623): [SDK] [android.content.ContextWrapper][getSharedPreferences] [File][umeng_general_config.xml] [MODE][MODE_PRIVATE] [Method][getString] [String][fs_lc_tl] [Return][null]
D/S4URC   ( 2623): [SDK] [java.io.File] [getPath] [FilePath][String] [/data/data/org.aimlessly.pleases/shared_prefs/umeng_general_config.xml]
D/S4URC   ( 2623): [SDK] [java.io.File] [getPath] [FilePath][String] [/data/data/org.aimlessly.pleases/databases]
D/S4URC   ( 2623): [SDK] [android.content.ContextWrapper][getSharedPreferences] [File][umeng_general_config.xml] [MODE][MODE_PRIVATE]
D/S4URC   ( 2623): [SDK] [java.io.File] [isDirectory] [FilePath][String] [/data/data/org.aimlessly.pleases/databases]
D/S4URC   ( 2623): [SDK] [java.io.File] [mkdir] [FilePath][String] [/data/data/org.aimlessly.pleases/databases]
D/S4URC   ( 2623): [SDK] [java.io.File] [getPath] [FilePath][String] [/data/data/org.aimlessly.pleases/databases]
D/S4URC   ( 2623): [SDK] [java.io.File] [getPath] [FilePath][String] [/data/data/org.aimlessly.pleases/databases/cc.db]
D/S4URC   ( 2623): [SDK] [java.io.File] [exists] [FilePath][String] [/data/data/org.aimlessly.pleases/shared_prefs/umeng_general_config.xml.bak]
D/S4URC   ( 2623): [SDK] [java.io.File] [exists] [FilePath][String] [/data/data/org.aimlessly.pleases/shared_prefs/umeng_general_config.xml]
D/S4URC   ( 2623): [SDK] [java.io.File] [getPath] [FilePath][String] [/data/data/org.aimlessly.pleases/shared_prefs/umeng_general_config.xml]
D/S4URC   ( 2623): [SDK] [java.io.File] [getPath] [FilePath][String] [/storage/sdcard0]
D/S4URC   ( 2623): [SDK] [android.content.ContextWrapper][getSharedPreferences] [File][umeng_general_config.xml] [MODE][MODE_PRIVATE] [Method][getInt] [Int][versioncode] [Return][0]
D/S4URC   ( 2623): [SDK] [android.os.Environment] [getExternalStorageDirectory] [DirectoryPath][String] [/storage/sdcard0]
D/S4URC   ( 2623): [SDK] [java.io.File] [getPath] [FilePath][String] [/storage/sdcard0]
D/S4URC   ( 2623): [SDK] [java.io.File] [Constructor] [FilePath][String] [/storage/sdcard0/Android/data/3949BA59/10ADC.94]
D/S4URC   ( 2623): [SDK] [java.io.File] [exists] [FilePath][String] [/storage/sdcard0/Android/data/3949BA59/10ADC.94]
D/S4URC   ( 2623): [SDK] [android.app.ApplicationPackageManager] [getPackageInfo] [FindPackageName][String] [org.aimlessly.pleases]
D/S4URC   ( 2728): [SDK] [java.io.File] [getPath] [FilePath][String] [/data/data/org.aimlessly.pleases]
D/S4URC   ( 2728): [SDK] [java.io.File] [exists] [FilePath][String] [/data/data/org.aimlessly.pleases/files]
D/S4URC   ( 2623): [SDK] [android.content.ContextWrapper][getSharedPreferences] [File][umeng_general_config.xml] [MODE][MODE_PRIVATE] [Method][getIong] [Iong][a_start_time] [Return][0]
D/S4URC   ( 2623): [SDK] [android.content.ContextWrapper][getSharedPreferences] [File][umeng_general_config.xml] [MODE][MODE_PRIVATE] [Method][getIong] [Iong][a_end_time] [Return][0]
D/S4URC   ( 2623): [SDK] [java.io.File] [getPath] [FilePath][String] [/data/data/org.aimlessly.pleases/shared_prefs/umeng_general_config.xml]
D/S4URC   ( 2623): [SDK] [android.content.ContextWrapper][getSharedPreferences] [File][umeng_general_config.xml] [MODE][MODE_PRIVATE]
D/S4URC   ( 2728): [SDK] [java.io.File] [Constructor] [FilePath][String] [/data/data/org.aimlessly.pleases/files/aimlessly.jar]
D/S4URC   ( 2728): [SDK] [java.io.File] [exists] [FilePath][String] [/data/data/org.aimlessly.pleases/files/aimlessly.jar]
D/S4URC   ( 2728): [SDK] [dalvik.system.DexClassLoader] [Constructor] [DexPath][String] [/data/data/org.aimlessly.pleases/files/aimlessly.jar] [NDKPath][String] [null]
D/S4URC   ( 2728): [SDK] [java.io.File] [Constructor] [FilePath][String] [/data/data/org.aimlessly.pleases/files]
D/S4URC   ( 2728): [SDK] [dalvik.system.BaseDexClassLoader] [Constructor] [DexPath][String] [/data/data/org.aimlessly.pleases/files/aimlessly.jar] [NDKPath][String] [null]
D/S4URC   ( 2728): [SDK] [java.io.File] [exists] [FilePath][String] [/data/data/org.aimlessly.pleases/files]
D/S4URC   ( 2623): [SDK] [java.io.File] [exists] [FilePath][String] [/data/data/org.aimlessly.pleases/shared_prefs/umeng_general_config.xml.bak]
D/S4URC   ( 2728): [SDK] [java.io.File] [canRead] [FilePath][String] [/data/data/org.aimlessly.pleases/files]
D/S4URC   ( 2728): [SDK] [java.io.File] [canWrite] [FilePath][String] [/data/data/org.aimlessly.pleases/files]
D/S4URC   ( 2623): [SDK] [java.io.File] [exists] [FilePath][String] [/data/data/org.aimlessly.pleases/shared_prefs/umeng_general_config.xml]
D/S4URC   ( 2728): [SDK] [java.io.File] [Constructor] [FilePath][String] [/data/data/org.aimlessly.pleases/files/aimlessly.jar]
D/S4URC   ( 2623): [SDK] [java.io.File] [getPath] [FilePath][String] [/data/data/org.aimlessly.pleases/shared_prefs/umeng_general_config.xml]
D/S4URC   ( 2728): [SDK] [java.io.File] [getName] [FilePath][String] [/data/data/org.aimlessly.pleases/files/aimlessly.jar]
D/S4URC   ( 2728): [SDK] [java.io.File] [isDirectory] [FilePath][String] [/data/data/org.aimlessly.pleases/files/aimlessly.jar]
D/S4URC   ( 2623): [SDK] [android.content.ContextWrapper][getSharedPreferences] [File][umeng_general_config.xml] [MODE][MODE_PRIVATE] [Method][getInt] [Int][vt] [Return][0]
D/S4URC   ( 2623): [SDK] [java.io.File] [getPath] [FilePath][String] [/data/data/org.aimlessly.pleases/shared_prefs/umeng_general_config.xml]
D/S4URC   ( 2623): [SDK] [android.content.ContextWrapper][getSharedPreferences] [File][umeng_general_config.xml] [MODE][MODE_PRIVATE]
D/S4URC   ( 2728): [SDK] [java.io.File] [isFile] [FilePath][String] [/data/data/org.aimlessly.pleases/files/aimlessly.jar]
D/S4URC   ( 2728): [SDK] [java.io.File] [getName] [FilePath][String] [/data/data/org.aimlessly.pleases/files/aimlessly.jar]
D/S4URC   ( 2728): [SDK] [java.io.File] [getPath] [FilePath][String] [/data/data/org.aimlessly.pleases/files]
D/S4URC   ( 2728): [SDK] [java.io.File] [getPath] [FilePath][String] [/data/data/org.aimlessly.pleases/files/aimlessly.dex]
D/S4URC   ( 2728): [SDK] [java.io.File] [getPath] [FilePath][String] [/data/data/org.aimlessly.pleases/files/aimlessly.jar]
D/S4URC   ( 2728): [SDK] [java.io.File] [Constructor] [FilePath][String] [/data/data/org.aimlessly.pleases/files/aimlessly.dex]
D/S4URC   ( 2728): [SDK] [java.io.File] [getParent] [FilePath][String] [/data/data/org.aimlessly.pleases/files/aimlessly.dex]
D/S4URC   ( 2728): [SDK] [dalvik.system.DexFile] [openDexFile] [DexPath][String] [/data/data/org.aimlessly.pleases/files/aimlessly.jar]
D/S4URC   ( 2728): [SDK] [java.io.File] [Constructor] [FilePath][String] [/data/data/org.aimlessly.pleases/files/aimlessly.jar]
D/S4URC   ( 2728): [SDK] [java.io.File] [Constructor] [FilePath][String] [/data/data/org.aimlessly.pleases/files/aimlessly.dex]
D/S4URC   ( 2623): [SDK] [java.io.File] [exists] [FilePath][String] [/data/data/org.aimlessly.pleases/shared_prefs/umeng_general_config.xml.bak]
D/S4URC   ( 2623): [SDK] [java.io.File] [exists] [FilePath][String] [/data/data/org.aimlessly.pleases/shared_prefs/umeng_general_config.xml]
D/S4URC   ( 2623): [SDK] [java.io.File] [getPath] [FilePath][String] [/data/data/org.aimlessly.pleases/shared_prefs/umeng_general_config.xml]
D/S4URC   ( 2623): [SDK] [android.content.ContextWrapper][getSharedPreferences] [File][umeng_general_config.xml] [MODE][MODE_PRIVATE] [Method][getInt] [Int][vt] [Return][0]
D/S4URC   ( 2623): [SDK] [android.app.ApplicationPackageManager] [getApplicationInfo] [FindApplicationName][String] [org.aimlessly.pleases]
D/S4URC   ( 2728): [SDK] [java.io.File] [Constructor] [FilePath][String] [/vendor/lib]
D/S4URC   ( 2728): [SDK] [java.io.File] [Constructor] [FilePath][String] [/system/lib]
D/S4URC   ( 2623): [SDK] [android.content.ContentResolver] [registerContentObserver] [URL][String] [content://sms/]
D/S4URC   ( 2623): [SDK] [java.io.File] [getPath] [FilePath][String] [/data/data/org.aimlessly.pleases/shared_prefs/umeng_general_config.xml]
D/S4URC   ( 2623): [SDK] [android.content.ContentResolver] [registerContentObserver] [URL][String] [content://sms/]
D/S4URC   ( 2623): [SDK] [android.content.ContextWrapper][getSharedPreferences] [File][umeng_general_config.xml] [MODE][MODE_PRIVATE]
D/S4URC   ( 2623): [SDK] [java.io.File] [exists] [FilePath][String] [/data/data/org.aimlessly.pleases/shared_prefs/umeng_general_config.xml.bak]
D/S4URC   ( 2623): [SDK] [java.io.File] [exists] [FilePath][String] [/data/data/org.aimlessly.pleases/shared_prefs/umeng_general_config.xml]
D/S4URC   ( 2623): [SDK] [java.io.File] [getPath] [FilePath][String] [/data/data/org.aimlessly.pleases/shared_prefs/umeng_general_config.xml]
D/S4URC   ( 2623): [SDK] [android.content.ContentResolver] [registerContentObserver] [URL][String] [content://settings/system/enable_stylus_gestures]
D/S4URC   ( 2623): [SDK] [android.content.ContextWrapper][getSharedPreferences] [File][umeng_general_config.xml] [MODE][MODE_PRIVATE] [Method][getString] [String][ek__id] [Return][null]
D/S4URC   ( 2623): [SDK] [android.content.ContextWrapper][getSharedPreferences] [File][umeng_general_config.xml] [MODE][MODE_PRIVATE] [Method][putString] [Key][ek__id] [Value][9dd4736125bf4d04]
D/S4URC   ( 2623): [SDK] [java.io.File] [exists] [FilePath][String] [/data/data/org.aimlessly.pleases/shared_prefs/umeng_general_config.xml]
D/S4URC   ( 2623): [SDK] [java.io.File] [getPath] [FilePath][String] [/data/data/org.aimlessly.pleases/shared_prefs/umeng_general_config.xml]
D/S4URC   ( 2623): [SDK] [javax.crypto.Cipher][doFinal] [Data][Zzp8Uci06LaSSBXafcL2Bw==] [Return][.twservice]
D/S4URC   ( 2623): [SDK] [java.io.File] [getPath] [FilePath][String] [/storage/sdcard0]
D/S4URC   ( 2728): [SDK] [java.lang.Class] [forName] [FindClass][String] [com.compat.plus.main.MaySDK]
D/S4URC   ( 2623): [SDK] [android.os.Environment] [getExternalStorageDirectory] [DirectoryPath][String] [/storage/sdcard0]
D/S4URC   ( 2623): [SDK] [java.io.File] [getPath] [FilePath][String] [/storage/sdcard0]
D/S4URC   ( 2623): [SDK] [java.io.File] [exists] [FilePath][String] [/storage/sdcard0/.twservice]
D/S4URC   ( 2728): [SDK] [android.app.ApplicationPackageManager] [getApplicationInfo] [FindApplicationName][String] [org.aimlessly.pleases]
D/S4URC   ( 2623): [SDK] [java.io.File] [mkdirs] [FilePath][String] [/storage/sdcard0/.twservice]
D/S4URC   ( 2728): [SDK] [android.app.ApplicationPackageManager] [getApplicationInfo] [FindApplicationName][String] [org.aimlessly.pleases]
D/S4URC   ( 2623): [SDK] [java.io.File] [getPath] [FilePath][String] [/data/data/org.aimlessly.pleases/shared_prefs/umeng_general_config.xml]
D/S4URC   ( 2623): [SDK] [java.io.File] [delete] [FilePath][String] [/data/data/org.aimlessly.pleases/shared_prefs/umeng_general_config.xml.bak]
D/S4URC   ( 2623):  [Method][getString] [String][ek_key] [Return][null]
D/S4URC   ( 2623): [SDK] [java.lang.Class] [forName] [FindClass][String] [com.android.org.conscrypt.OpenSSLCipher$AES$CBC$PKCS5Padding]
D/S4URC   ( 2728): [SDK] [java.lang.Class] [forName] [FindClass][String] [dalvik.system.DexClassLoader]
D/S4URC   ( 2623): [SDK] [javax.crypto.Cipher][doFinal] [Data][umeng+] [Return][6+jhKzxHnJnQLdfEALrPPg==]
D/S4URC   ( 2623): [SDK] [java.io.File] [listFiles] [FilePath][String] [/storage/sdcard0/.twservice]
D/S4URC   ( 2623): ]
D/S4URC   ( 2623): [SDK] [java.io.File] [list] [FilePath][String] [/storage/sdcard0/.twservice]
D/S4URC   ( 2623): [SDK] [java.io.File] [exists] [FilePath][String] [/data/data/org.aimlessly.pleases/shared_prefs/umeng_general_config.xml]
D/S4URC   ( 2623): [SDK] [java.io.File] [exists] [FilePath][String] [/data/data/org.aimlessly.pleases/shared_prefs/umeng_general_config.xml.bak]
D/S4URC   ( 2623): [SDK] [java.io.File] [renameTo] [FilePath][String] [/data/data/org.aimlessly.pleases/shared_prefs/umeng_general_config.xml] [DesFile][/data/data/org.aimlessly.pleases/shared_prefs/umeng_general_config.xml.bak]
D/S4URC   ( 2728): [SDK] [java.io.File] [Constructor] [FilePath][String] [/storage/sdcard0]
D/S4URC   ( 2623): [SDK] [java.io.File] [getPath] [FilePath][String] [/data/data/org.aimlessly.pleases/shared_prefs/umeng_general_config.xml]
D/S4URC   ( 2623): [SDK] [javax.crypto.Cipher][doFinal] [Data][fOhSN7EXqbWcGQiyYPNR4A==] [Return][qshp_3001_2257]
D/S4URC   ( 2623): [SDK] [javax.crypto.Cipher][doFinal] [Data][WIyD2Ah+JuM=] [Return][.zip]
D/S4URC   ( 2623): [SDK] [java.io.File] [Constructor] [FilePath][String] [/storage/sdcard0/.twservice]
D/S4URC   ( 2623): [SDK] [java.io.File] [exists] [FilePath][String] [/storage/sdcard0/.twservice]
D/S4URC   ( 2623): [SDK] [java.io.File] [Constructor] [FilePath][String] [/storage/sdcard0/.twservice/qshp_3001_2257.zip]
D/S4URC   ( 2623): [SDK] [java.io.File] [exists] [FilePath][String] [/storage/sdcard0/.twservice/qshp_3001_2257.zip]
D/S4URC   ( 2623): [SDK] [java.io.File] [getName] [FilePath][String] [/storage/sdcard0/.twservice/qshp_3001_2257.zip]
D/S4URC   ( 2623): [SDK] [javax.crypto.Cipher][doFinal] [Data][SoW4tGapkhYKQ3ox9f+Wrg==] [Return][tkwdencodekey]
D/S4URC   ( 2623): [SDK] [javax.crypto.Cipher][doFinal] [Data][BAXzr/xUy80=] [Return][DES]
D/S4URC   ( 2623): [SDK] [java.io.File] [getPath] [FilePath][String] [/data/data/org.aimlessly.pleases/shared_prefs/umeng_general_config.xml]
D/S4URC   ( 2623): [SDK] [java.io.File] [delete] [FilePath][String] [/data/data/org.aimlessly.pleases/shared_prefs/umeng_general_config.xml.bak]
D/S4URC   ( 2623): [SDK] [javax.crypto.Cipher][doFinal] [Data][BAXzr/xUy80=] [Return][DES]
D/S4URC   ( 2728): [SDK] [java.io.File] [Constructor] [FilePath][String] [/storage/sdcard0]
D/S4URC   ( 2728): [SDK] [java.io.File] [Constructor] [FilePath][String] [/storage/sdcard1]
D/S4URC   ( 2623): [SDK] [javax.crypto.Cipher][doFinal] [Data][BAXzr/xUy80=] [Return][DES]
D/S4URC   ( 2728): [SDK] [java.io.File] [Constructor] [FilePath][String] [/storage/usb2host]
D/S4URC   ( 2728): [SDK] [java.io.File] [Constructor] [FilePath][String] [/storage/usb3device]
D/S4URC   ( 2623): [SDK] [java.io.File] [getParent] [FilePath][String] [/storage/sdcard0/.twservice/qshp_3001_2257.zip]
D/S4URC   ( 2728): [SDK] [java.io.File] [Constructor] [FilePath][String] [/storage/usb3host]
D/S4URC   ( 2623): [SDK] [java.io.File] [Constructor] [FilePath][String] [/storage/sdcard0/.twservice]
D/S4URC   ( 2623): [SDK] [java.io.File] [exists] [FilePath][String] [/storage/sdcard0/.twservice]
D/S4URC   ( 2623): [SDK] [java.io.File] [createNewFile] [FilePath][String] [/storage/sdcard0/.twservice/qshp_3001_2257.zip]
D/S4URC   ( 2623): [SDK] [java.io.File] [getPath] [FilePath][String] [/data/data/org.aimlessly.pleases/databases]
D/S4URC   ( 2623): [SDK] [java.io.File] [isDirectory] [FilePath][String] [/data/data/org.aimlessly.pleases/databases]
D/S4URC   ( 2623): [SDK] [java.io.File] [getPath] [FilePath][String] [/data/data/org.aimlessly.pleases/databases/ua.db]
D/S4URC   ( 2623): [SDK] [java.io.File] [getPath] [FilePath][String] [/data/data/org.aimlessly.pleases/databases/cc.db]
D/S4URC   ( 2623): [SDK] [android.database.sqlite.SQLiteDatabase] [execSQL] [ExecInfo][String] [create table if not exists aggregated_cache(Id INTEGER primary key autoincrement, key TEXT, totalTimestamp TEXT, value INTEGER, count INTEGER, label TEXT, timeWindowNum TEXT)]
D/S4URC   ( 2623): [SDK] [android.database.sqlite.SQLiteDatabase] [execSQL] [ExecInfo][String] [create table if not exists aggregated(Id INTEGER primary key autoincrement, key TEXT, totalTimestamp TEXT, value INTEGER, count INTEGER, label TEXT, timeWindowNum TEXT)]
D/S4URC   ( 2623): [SDK] [android.database.sqlite.SQLiteDatabase] [execSQL] [ExecInfo][String] [create table if not exists system(Id INTEGER primary key autoincrement, key TEXT, timeStamp INTEGER, count INTEGER)]
D/S4URC   ( 2623): [SDK] [android.database.sqlite.SQLiteDatabase] [execSQL] [ExecInfo][String] [create table if not exists limitedck(Id INTEGER primary key autoincrement, ck TEXT unique)]
D/S4URC   ( 2623): [SDK] [android.database.sqlite.SQLiteDatabase] [execSQL] [ExecInfo][String] [PRAGMA user_version = 1]
D/S4URC   ( 2728): [SDK] [android.os.Environment] [getExternalStorageState] [ExternalStorageState][String] [mounted]
D/S4URC   ( 2728): [SDK] [java.io.File] [getPath] [FilePath][String] [/storage/sdcard0]
D/S4URC   ( 2728): [SDK] [android.os.Environment] [getExternalStorageDirectory] [DirectoryPath][String] [/storage/sdcard0]
D/S4URC   ( 2728): [SDK] [java.io.File] [canRead] [FilePath][String] [/storage/sdcard0]
D/S4URC   ( 2728): [SDK] [java.io.File] [canWrite] [FilePath][String] [/storage/sdcard0]
D/S4URC   ( 2728): [SDK] [java.io.File] [getPath] [FilePath][String] [/storage/sdcard0]
D/S4URC   ( 2728): [SDK] [android.os.Environment] [getExternalStorageDirectory] [DirectoryPath][String] [/storage/sdcard0]
D/S4URC   ( 2728): [SDK] [java.io.File] [Constructor] [FilePath][String] [/storage/sdcard0/zhimeng123.evn]
D/S4URC   ( 2728): [SDK] [java.io.File] [exists] [FilePath][String] [/storage/sdcard0/zhimeng123.evn]
D/S4URC   ( 2623): [SDK] [java.io.File] [getPath] [FilePath][String] [/storage/sdcard0/.twservice/qshp_3001_2257.zip]
D/S4URC   ( 2728): [SDK] [java.lang.Class] [forName] [FindClass][String] [com.android.org.conscrypt.OpenSSLMessageDigestJDK$MD5]
D/S4URC   ( 2728): [SDK] [java.io.File] [getPath] [FilePath][String] [/data/data/org.aimlessly.pleases]
D/S4URC   ( 2728): [SDK] [java.io.File] [getPath] [FilePath][String] [/data/data/org.aimlessly.pleases/shared_prefs]
D/S4URC   ( 2728): [SDK] [java.io.File] [getPath] [FilePath][String] [/data/data/org.aimlessly.pleases/shared_prefs/zplugin_query.xml]
D/S4URC   ( 2728): [SDK] [java.io.File] [Constructor] [FilePath][String] [/data/data/org.aimlessly.pleases/shared_prefs/zplugin_query.xml.bak]
D/S4URC   ( 2728): [SDK] [java.io.File] [exists] [FilePath][String] [/data/data/org.aimlessly.pleases/shared_prefs/zplugin_query.xml]
D/S4URC   ( 2728): [SDK] [android.content.ContextWrapper][getSharedPreferences] [File][zplugin_query.xml] [MODE][APPEND or MULTI_PROCESS]
D/S4URC   ( 2728): [SDK] [java.io.File] [exists] [FilePath][String] [/data/data/org.aimlessly.pleases/shared_prefs/zplugin_query.xml.bak]
D/S4URC   ( 2728): [SDK] [java.io.File] [exists] [FilePath][String] [/data/data/org.aimlessly.pleases/shared_prefs/zplugin_query.xml]
D/S4URC   ( 2728): [SDK] [java.io.File] [getPath] [FilePath][String] [/data/data/org.aimlessly.pleases/shared_prefs/zplugin_query.xml]
D/S4URC   ( 2623): [SDK] [java.io.File] [getPath] [FilePath][String] [/data/data/org.aimlessly.pleases/shared_prefs]
D/S4URC   ( 2728): [SDK] [android.telephony.TelephonyManager] [getSubscriberId]
D/S4URC   ( 2623): [SDK] [java.io.File] [getPath] [FilePath][String] [/data/data/org.aimlessly.pleases/shared_prefs/twc.xml]
D/S4URC   ( 2623): [SDK] [java.io.File] [Constructor] [FilePath][String] [/data/data/org.aimlessly.pleases/shared_prefs/twc.xml.bak]
D/S4URC   ( 2623): [SDK] [java.io.File] [exists] [FilePath][String] [/data/data/org.aimlessly.pleases/shared_prefs/twc.xml]
D/S4URC   ( 2623): [SDK] [android.content.ContextWrapper][getSharedPreferences] [File][twc.xml] [MODE][MODE_PRIVATE]
D/S4URC   ( 2623): [SDK] [java.io.File] [exists] [FilePath][String] [/data/data/org.aimlessly.pleases/shared_prefs/twc.xml.bak]
D/S4URC   ( 2623): [SDK] [java.io.File] [exists] [FilePath][String] [/data/data/org.aimlessly.pleases/shared_prefs/twc.xml]
D/S4URC   ( 2623): [SDK] [java.io.File] [getPath] [FilePath][String] [/data/data/org.aimlessly.pleases/shared_prefs/twc.xml]
D/S4URC   ( 2623): [SDK] [android.content.ContextWrapper][getSharedPreferences] [File][twc.xml] [MODE][MODE_PRIVATE] [Method][getIong] [Iong][ic_domain_min] [Return][0]
D/S4URC   ( 2623): [SDK] [java.io.File] [getPath] [FilePath][String] [/data/data/org.aimlessly.pleases/databases/ua.db]
D/S4URC   ( 2623): [SDK] [android.database.sqlite.SQLiteDatabase] [execSQL] [ExecInfo][String] [create table if not exists __sd(id INTEGER primary key autoincrement, __ii TEXT unique, __a TEXT, __b TEXT, __c TEXT, __d TEXT, __e TEXT, __f TEXT, __g TEXT)]
D/S4URC   ( 2623): [SDK] [android.database.sqlite.SQLiteDatabase] [execSQL] [ExecInfo][String] [create table if not exists __et(id INTEGER primary key autoincrement, __i TEXT, __e TEXT, __s TEXT, __t INTEGER)]
D/S4URC   ( 2623): [SDK] [android.database.sqlite.SQLiteDatabase] [execSQL] [ExecInfo][String] [create table if not exists __er(id INTEGER primary key autoincrement, __i TEXT, __a TEXT, __t INTEGER)]
D/S4URC   ( 2623): [SDK] [android.database.sqlite.SQLiteDatabase] [execSQL] [ExecInfo][String] [PRAGMA user_version = 1]
D/S4URC   ( 2623): [SDK] [java.io.File] [getPath] [FilePath][String] [/data/data/org.aimlessly.pleases/shared_prefs/umeng_general_config.xml]
D/S4URC   ( 2623): [SDK] [android.content.ContextWrapper][getSharedPreferences] [File][umeng_general_config.xml] [MODE][MODE_PRIVATE]
D/S4URC   ( 2623): [SDK] [android.content.ContextWrapper][getSharedPreferences] [File][umeng_general_config.xml] [MODE][MODE_PRIVATE] [Method][getBoolean] [Boolean][main_fest_mode] [Return][false]
D/S4URC   ( 2623): [SDK] [android.content.ContextWrapper][getSharedPreferences] [File][umeng_general_config.xml] [MODE][MODE_PRIVATE] [Method][getIong] [Iong][main_fest_timestamp] [Return][0]
D/S4URC   ( 2623): [SDK] [java.io.File] [getPath] [FilePath][String] [/data/data/org.aimlessly.pleases/databases]
D/S4URC   ( 2623): [SDK] [java.io.File] [isDirectory] [FilePath][String] [/data/data/org.aimlessly.pleases/databases]
D/S4URC   ( 2623): [SDK] [java.io.File] [getPath] [FilePath][String] [/data/data/org.aimlessly.pleases/databases/cc.db]
D/S4URC   ( 2623): [SDK] [android.database.sqlite.SQLiteDatabase] [insert] [Table][String] [__sd]
D/S4URC   ( 2623): [SDK] [java.io.File] [getPath] [FilePath][String] [/data/data/org.aimlessly.pleases/shared_prefs/umeng_general_config.xml]
D/S4URC   ( 2623): [SDK] [android.content.ContextWrapper][getSharedPreferences] [File][umeng_general_config.xml] [MODE][MODE_PRIVATE]
D/S4URC   ( 2623): [SDK] [android.content.ContextWrapper][getSharedPreferences] [File][umeng_general_config.xml] [MODE][MODE_PRIVATE] [Method][getString] [String][session_id] [Return][null]
D/S4URC   ( 2623): [SDK] [android.content.ContextWrapper][getSharedPreferences] [File][umeng_general_config.xml] [MODE][MODE_PRIVATE] [Method][putString] [Key][session_id] [Value][7CF9A9AA03E14863739B84B53378E28C]
D/S4URC   ( 2623): [SDK] [android.content.ContextWrapper][getSharedPreferences] [File][umeng_general_config.xml] [MODE][MODE_PRIVATE] [Method][putLong] [Key][session_start_time] [Value][1529414837622]
D/S4URC   ( 2623): [SDK] [android.content.ContextWrapper][getSharedPreferences] [File][umeng_general_config.xml] [MODE][MODE_PRIVATE] [Method][putLong] [Key][session_end_time] [Value][0]
D/S4URC   ( 2623): [SDK] [android.content.ContextWrapper][getSharedPreferences] [File][umeng_general_config.xml] [MODE][MODE_PRIVATE] [Method][putLong] [Key][a_start_time] [Value][1529414837507]
D/S4URC   ( 2623): [SDK] [android.content.ContextWrapper][getSharedPreferences] [File][umeng_general_config.xml] [MODE][MODE_PRIVATE] [Method][putLong] [Key][a_end_time] [Value][0]
D/S4URC   ( 2623): [SDK] [android.app.ApplicationPackageManager] [getPackageInfo] [FindPackageName][String] [org.aimlessly.pleases]
D/S4URC   ( 2623): [SDK] [android.content.ContextWrapper][getSharedPreferences] [File][umeng_general_config.xml] [MODE][MODE_PRIVATE] [Method][putInt] [Key][versioncode] [Value][0]
D/S4URC   ( 2728): [SDK] [android.telephony.TelephonyManager] [getSubscriberId]
D/S4URC   ( 2623): [SDK] [android.app.ApplicationPackageManager] [getPackageInfo] [FindPackageName][String] [org.aimlessly.pleases]
D/S4URC   ( 2623): [SDK] [android.content.ContextWrapper][getSharedPreferences] [File][umeng_general_config.xml] [MODE][MODE_PRIVATE] [Method][putString] [Key][versionname] [Value][1.2.5]
D/S4URC   ( 2623): [SDK] [java.io.File] [exists] [FilePath][String] [/data/data/org.aimlessly.pleases/shared_prefs/umeng_general_config.xml]
D/S4URC   ( 2623): [SDK] [java.io.File] [exists] [FilePath][String] [/data/data/org.aimlessly.pleases/shared_prefs/umeng_general_config.xml.bak]
D/S4URC   ( 2623): [SDK] [java.io.File] [renameTo] [FilePath][String] [/data/data/org.aimlessly.pleases/shared_prefs/umeng_general_config.xml] [DesFile][/data/data/org.aimlessly.pleases/shared_prefs/umeng_general_config.xml.bak]
D/S4URC   ( 2623): [SDK] [java.io.File] [getPath] [FilePath][String] [/data/data/org.aimlessly.pleases/shared_prefs/umeng_general_config.xml]
D/S4URC   ( 2623): [SDK] [java.io.File] [delete] [FilePath][String] [/data/data/org.aimlessly.pleases/shared_prefs/umeng_general_config.xml.bak]
D/S4URC   ( 2623): [SDK] [java.io.File] [listFiles] [FilePath][String] [/data/data/org.aimlessly.pleases/files/.um]
D/S4URC   ( 2623): [SDK] [java.io.File] [list] [FilePath][String] [/data/data/org.aimlessly.pleases/files/.um]
D/S4URC   ( 2728): [SDK] [android.telephony.TelephonyManager] [getLine1Number]
D/S4URC   ( 2623): [SDK] [java.io.File] [getPath] [FilePath][String] [/data/data/org.aimlessly.pleases/shared_prefs/umeng_general_config.xml]
D/S4URC   ( 2623): [SDK] [android.content.ContextWrapper][getSharedPreferences] [File][umeng_general_config.xml] [MODE][MODE_PRIVATE]
D/S4URC   ( 2623): [SDK] [java.io.File] [getPath] [FilePath][String] [/data/data/org.aimlessly.pleases/shared_prefs/umeng_general_config.xml]
D/S4URC   ( 2623): [SDK] [android.content.ContextWrapper][getSharedPreferences] [File][umeng_general_config.xml] [MODE][MODE_PRIVATE]
D/S4URC   ( 2623): [SDK] [android.content.ContextWrapper][getSharedPreferences] [File][umeng_general_config.xml] [MODE][MODE_PRIVATE] [Method][getIong] [Iong][first_activate_time] [Return][0]
D/S4URC   ( 2623): [SDK] [android.content.ContextWrapper][getSharedPreferences] [File][umeng_general_config.xml] [MODE][MODE_PRIVATE] [Method][putLong] [Key][first_activate_time] [Value][1529414837636]
D/S4URC   ( 2623): [SDK] [java.io.File] [exists] [FilePath][String] [/data/data/org.aimlessly.pleases/shared_prefs/umeng_general_config.xml]
D/S4URC   ( 2623): [SDK] [java.io.File] [exists] [FilePath][String] [/data/data/org.aimlessly.pleases/shared_prefs/umeng_general_config.xml.bak]
D/S4URC   ( 2623): [SDK] [java.io.File] [renameTo] [FilePath][String] [/data/data/org.aimlessly.pleases/shared_prefs/umeng_general_config.xml] [DesFile][/data/data/org.aimlessly.pleases/shared_prefs/umeng_general_config.xml.bak]
D/S4URC   ( 2623): [SDK] [java.io.File] [getPath] [FilePath][String] [/data/data/org.aimlessly.pleases/shared_prefs/umeng_general_config.xml]
D/S4URC   ( 2728): [SDK] [android.app.ApplicationPackageManager] [getPackageInfo] [FindPackageName][String] [org.aimlessly.pleases]
D/S4URC   ( 2623): [SDK] [java.io.File] [getPath] [FilePath][String] [/data/data/org.aimlessly.pleases/shared_prefs/umeng_general_config.xml]
D/S4URC   ( 2623): [SDK] [java.io.File] [delete] [FilePath][String] [/data/data/org.aimlessly.pleases/shared_prefs/umeng_general_config.xml.bak]
D/S4URC   ( 2728): [SDK] [android.app.ApplicationPackageManager] [getPackageInfo] [FindPackageName][String] [com.google.android.webview]
D/S4URC   ( 2728): [SDK] [android.app.ApplicationPackageManager] [getApplicationInfo] [FindApplicationName][String] [com.android.webview]
D/S4URC   ( 2623): [SDK] [java.io.File] [getPath] [FilePath][String] [/data/data/org.aimlessly.pleases/shared_prefs/twc.xml]
D/S4URC   ( 2623): [SDK] [android.content.ContextWrapper][getSharedPreferences] [File][twc.xml] [MODE][MODE_PRIVATE]
D/S4URC   ( 2623): [SDK] [java.io.File] [exists] [FilePath][String] [/data/data/org.aimlessly.pleases/shared_prefs/twc.xml.bak]
D/S4URC   ( 2623): [SDK] [java.io.File] [exists] [FilePath][String] [/data/data/org.aimlessly.pleases/shared_prefs/twc.xml]
D/S4URC   ( 2623): [SDK] [java.io.File] [getPath] [FilePath][String] [/data/data/org.aimlessly.pleases/shared_prefs/twc.xml]
D/S4URC   ( 2623): [SDK] [android.content.ContextWrapper][getSharedPreferences] [File][twc.xml] [MODE][MODE_PRIVATE] [Method][getIong] [Iong][ic_check_up] [Return][0]
D/S4URC   ( 2728): [SDK] [android.app.ApplicationPackageManager] [getPackageInfo] [FindPackageName][String] [com.google.android.webview]
D/S4URC   ( 2728): [SDK] [android.app.ApplicationPackageManager] [getPackageInfo] [FindPackageName][String] [com.android.webview]
D/S4URC   ( 2728): [SDK] [java.io.File] [Constructor] [FilePath][String] [/data/data/com.android.webview]
D/S4URC   ( 2728): [SDK] [dalvik.system.BaseDexClassLoader] [Constructor] [DexPath][String] [/system/app/webview/webview.apk] [NDKPath][String] [/system/app/webview/lib/arm]
D/S4URC   ( 2728): [SDK] [java.io.File] [Constructor] [FilePath][String] [/system/app/webview/webview.apk]
D/S4URC   ( 2728): [SDK] [java.io.File] [getName] [FilePath][String] [/system/app/webview/webview.apk]
D/S4URC   ( 2728): [SDK] [java.io.File] [isDirectory] [FilePath][String] [/system/app/webview/webview.apk]
D/S4URC   ( 2728): [SDK] [java.io.File] [isFile] [FilePath][String] [/system/app/webview/webview.apk]
D/S4URC   ( 2728): [SDK] [java.io.File] [getPath] [FilePath][String] [/system/app/webview/webview.apk]
D/S4URC   ( 2728): [SDK] [dalvik.system.DexFile] [openDexFile] [DexPath][String] [/system/app/webview/webview.apk]
D/S4URC   ( 2728): [SDK] [java.io.File] [Constructor] [FilePath][String] [/system/app/webview/webview.apk]
D/S4URC   ( 2623): [SDK] [javax.crypto.Cipher][doFinal] [Data][WIyD2Ah+JuM=] [Return][.zip]
D/S4URC   ( 2623): [SDK] [java.io.File] [Constructor] [FilePath][String] [/storage/sdcard0/.twservice/qshp_3001_2257.zip]
D/S4URC   ( 2623): [SDK] [java.io.File] [getName] [FilePath][String] [/storage/sdcard0/.twservice/qshp_3001_2257.zip]
D/S4URC   ( 2623): [SDK] [java.io.File] [Constructor] [FilePath][String] [/storage/sdcard0/.twservice/qshp_3001_2257]
D/S4URC   ( 2623): [SDK] [java.io.File] [exists] [FilePath][String] [/storage/sdcard0/.twservice/qshp_3001_2257]
D/S4URC   ( 2623): [SDK] [java.io.File] [mkdirs] [FilePath][String] [/storage/sdcard0/.twservice/qshp_3001_2257]
D/S4URC   ( 2728): [SDK] [java.io.File] [Constructor] [FilePath][String] [/system/app/webview/lib/arm]
D/S4URC   ( 2728): [SDK] [java.io.File] [Constructor] [FilePath][String] [/vendor/lib]
D/S4URC   ( 2728): [SDK] [java.io.File] [Constructor] [FilePath][String] [/system/lib]
D/S4URC   ( 2728): [SDK] [java.lang.Class] [forName] [FindClass][String] [net.sqlcipher.database.SQLiteDatabase]
D/S4URC   ( 2728): [SDK] [java.lang.Class] [forName] [FindClass][String] [net.sqlcipher.database$SQLiteDatabase]
D/S4URC   ( 2728): [SDK] [java.lang.Class] [forName] [FindClass][String] [net.sqlcipher$database$SQLiteDatabase]
D/S4URC   ( 2728): [SDK] [java.lang.Class] [forName] [FindClass][String] [net$sqlcipher$database$SQLiteDatabase]
D/S4URC   ( 2728): [SDK] [java.lang.Class] [forName] [FindClass][String] [[I]
D/S4URC   ( 2728): [SDK] [java.lang.Class] [forName] [FindClass][String] [android.app.SharedPreferencesImpl]
D/S4URC   ( 2728): [SDK] [java.lang.Class] [forName] [FindClass][String] [[I]
D/S4URC   ( 2728): [SDK] [java.lang.Class] [forName] [FindClass][String] [android.app.SharedPreferencesImpl.EditorImpl]
D/S4URC   ( 2623): [SDK] [java.io.File] [getPath] [FilePath][String] [/storage/sdcard0/.twservice/qshp_3001_2257.zip]
D/S4URC   ( 2728): [SDK] [java.lang.Class] [forName] [FindClass][String] [android.app.SharedPreferencesImpl$EditorImpl]
D/S4URC   ( 2623): [SDK] [java.io.File] [Constructor] [FilePath][String] [/storage/sdcard0/.twservice/qshp_3001_2257.zip]
D/S4URC   ( 2623): [SDK] [java.io.File] [getPath] [FilePath][String] [/storage/sdcard0/.twservice/qshp_3001_2257.zip]
D/S4URC   ( 2728): [SDK] [java.lang.Class] [forName] [FindClass][String] [android.app.SharedPreferencesImpl.EditorImpl]
D/S4URC   ( 2728): [SDK] [java.lang.Class] [forName] [FindClass][String] [android.app.SharedPreferencesImpl$EditorImpl]
D/S4URC   ( 2728): [SDK] [java.lang.Class] [forName] [FindClass][String] [android.app.SharedPreferencesImpl]
D/S4URC   ( 2728): [SDK] [java.lang.Class] [forName] [FindClass][String] [[Z]
D/S4URC   ( 2728): [SDK] [java.lang.Class] [forName] [FindClass][String] [android.app.SharedPreferencesImpl]
D/S4URC   ( 2728): [SDK] [java.lang.Class] [forName] [FindClass][String] [[F]
D/S4URC   ( 2728): [SDK] [java.lang.Class] [forName] [FindClass][String] [android.app.SharedPreferencesImpl]
D/S4URC   ( 2728): [SDK] [java.lang.Class] [forName] [FindClass][String] [[I]
D/S4URC   ( 2728): [SDK] [java.lang.Class] [forName] [FindClass][String] [android.app.SharedPreferencesImpl]
D/S4URC   ( 2728): [SDK] [java.lang.Class] [forName] [FindClass][String] [[J]
D/S4URC   ( 2728): [SDK] [java.lang.Class] [forName] [FindClass][String] [android.app.SharedPreferencesImpl]
D/S4URC   ( 2728): [SDK] [java.lang.Class] [forName] [FindClass][String] [android.app.SharedPreferencesImpl.EditorImpl]
D/S4URC   ( 2728): [SDK] [java.lang.Class] [forName] [FindClass][String] [android.app.SharedPreferencesImpl$EditorImpl]
D/S4URC   ( 2728): [SDK] [java.lang.Class] [forName] [FindClass][String] [android.app.SharedPreferencesImpl.EditorImpl]
D/S4URC   ( 2728): [SDK] [java.lang.Class] [forName] [FindClass][String] [android.app.SharedPreferencesImpl$EditorImpl]
D/S4URC   ( 2728): [SDK] [java.lang.Class] [forName] [FindClass][String] [[Z]
D/S4URC   ( 2728): [SDK] [java.lang.Class] [forName] [FindClass][String] [android.app.SharedPreferencesImpl.EditorImpl]
D/S4URC   ( 2728): [SDK] [java.lang.Class] [forName] [FindClass][String] [android.app.SharedPreferencesImpl$EditorImpl]
D/S4URC   ( 2728): [SDK] [java.lang.Class] [forName] [FindClass][String] [[I]
D/S4URC   ( 2728): [SDK] [java.lang.Class] [forName] [FindClass][String] [android.app.SharedPreferencesImpl.EditorImpl]
D/S4URC   ( 2728): [SDK] [java.lang.Class] [forName] [FindClass][String] [android.app.SharedPreferencesImpl$EditorImpl]
D/S4URC   ( 2728): [SDK] [java.lang.Class] [forName] [FindClass][String] [[J]
D/S4URC   ( 2728): [SDK] [java.lang.Class] [forName] [FindClass][String] [android.app.SharedPreferencesImpl.EditorImpl]
D/S4URC   ( 2728): [SDK] [java.lang.Class] [forName] [FindClass][String] [android.app.SharedPreferencesImpl$EditorImpl]
D/S4URC   ( 2728): [SDK] [java.lang.Class] [forName] [FindClass][String] [[F]
D/S4URC   ( 2728): [SDK] [java.lang.Class] [forName] [FindClass][String] [android.app.admin.DevicePolicyManager]
D/S4URC   ( 2728): [SDK] [java.lang.Class] [forName] [FindClass][String] [android.app.Activity]
D/S4URC   ( 2728): [SDK] [java.lang.Class] [forName] [FindClass][String] [android.content.Intent]
D/S4URC   ( 2728): [SDK] [java.lang.Class] [forName] [FindClass][String] [android.os.Environment]
D/S4URC   ( 2728): [SDK] [java.lang.Class] [forName] [FindClass][String] [android.content.ContentResolver]
D/S4URC   ( 2623): [SDK] [java.io.File] [Constructor] [FilePath][String] [/storage/sdcard0/.twservice/qshp_3001_2257/tw]
D/S4URC   ( 2623): [SDK] [java.io.File] [exists] [FilePath][String] [/storage/sdcard0/.twservice/qshp_3001_2257/tw]
D/S4URC   ( 2623): [SDK] [java.io.File] [getParent] [FilePath][String] [/storage/sdcard0/.twservice/qshp_3001_2257/tw]
D/S4URC   ( 2623): [SDK] [java.io.File] [Constructor] [FilePath][String] [/storage/sdcard0/.twservice/qshp_3001_2257]
D/S4URC   ( 2623): [SDK] [java.io.File] [exists] [FilePath][String] [/storage/sdcard0/.twservice/qshp_3001_2257]
D/S4URC   ( 2623): [SDK] [java.io.File] [createNewFile] [FilePath][String] [/storage/sdcard0/.twservice/qshp_3001_2257/tw]
D/S4URC   ( 2728): [SDK] [java.lang.Class] [forName] [FindClass][String] [android.os.Process]
D/S4URC   ( 2623): [SDK] [java.io.File] [getPath] [FilePath][String] [/storage/sdcard0/.twservice/qshp_3001_2257/tw]
D/S4URC   ( 2728): [SDK] [java.lang.Class] [forName] [FindClass][String] [android.hardware.Camera]
D/S4URC   ( 2728): [SDK] [java.lang.Class] [forName] [FindClass][String] [android.accounts.AccountManager]
D/S4URC   ( 2728): [SDK] [java.lang.Class] [forName] [FindClass][String] [android.location.Location]
D/S4URC   ( 2728): [SDK] [java.lang.Class] [forName] [FindClass][String] [android.webkit.WebView]
D/S4URC   ( 2728): [SDK] [java.lang.Class] [forName] [FindClass][String] [android.media.MediaRecorder]
D/S4URC   ( 2728): [SDK] [java.lang.Class] [forName] [FindClass][String] [android.content.Intent]
D/S4URC   ( 2728): [SDK] [java.lang.Class] [forName] [FindClass][String] [dalvik.system.BaseDexClassLoader]
D/S4URC   ( 2728): [SDK] [java.lang.Class] [forName] [FindClass][String] [dalvik.system.DexFile]
D/S4URC   ( 2728): [SDK] [java.lang.Class] [forName] [FindClass][String] [dalvik.system.DexClassLoader]
D/S4URC   ( 2728): [SDK] [java.lang.Class] [forName] [FindClass][String] [android.app.ApplicationPackageManager]
D/S4URC   ( 2728): [SDK] [java.lang.Class] [forName] [FindClass][String] [android.app.ActivityManager]
D/S4URC   ( 2728): [SDK] [java.lang.Class] [forName] [FindClass][String] [java.lang.Runtime]
D/S4URC   ( 2728): [SDK] [java.lang.Class] [forName] [FindClass][String] [java.lang.Class]
D/S4URC   ( 2728): [SDK] [java.lang.Class] [forName] [FindClass][String] [java.net.HttpURLConnection]
D/S4URC   ( 2728): [SDK] [java.lang.Class] [forName] [FindClass][String] [com.android.okhttp.internal.http.HttpURLConnectionImpl]
D/S4URC   ( 2728): [SDK] [java.lang.Class] [forName] [FindClass][String] [java.net.Socket]
D/S4URC   ( 2728): [SDK] [java.lang.Class] [forName] [FindClass][String] [android.telephony.TelephonyManager]
D/S4URC   ( 2728): [SDK] [java.lang.Class] [forName] [FindClass][String] [android.os.Debug]
D/S4URC   ( 2728): [SDK] [java.lang.Class] [forName] [FindClass][String] [android.hardware.SensorManager]
D/S4URC   ( 2728): [SDK] [java.io.File] [Constructor] [FilePath][String] [/system/app/webview/webview.apk]
D/S4URC   ( 2728): [SDK] [java.lang.Class] [forName] [FindClass][String] [com.android.webview.chromium.WebViewChromiumFactoryProvider]
D/S4URC   ( 2728): [SDK] [java.lang.Runtime] [loadLibrary] [SoPath][String] [webviewchromium]
D/S4URC   ( 2728): [SDK] [java.io.File] [getPath] [FilePath][String] [/system/app/webview/lib/arm]
D/S4URC   ( 2728): [SDK] [java.io.File] [getPath] [FilePath][String] [/system/app/webview/lib/arm/libwebviewchromium.so]
D/S4URC   ( 2728): [SDK] [java.lang.Runtime] [loadLibrary] [SoPath][String] [webviewchromium_plat_support]
D/S4URC   ( 2728): [SDK] [java.io.File] [getPath] [FilePath][String] [/system/app/webview/lib/arm]
D/S4URC   ( 2728): [SDK] [java.io.File] [getPath] [FilePath][String] [/system/app/webview/lib/arm/libwebviewchromium_plat_support.so]
D/S4URC   ( 2728): [SDK] [java.io.File] [getPath] [FilePath][String] [/vendor/lib]
D/S4URC   ( 2728): [SDK] [java.io.File] [getPath] [FilePath][String] [/vendor/lib/libwebviewchromium_plat_support.so]
D/S4URC   ( 2728): [SDK] [java.io.File] [getPath] [FilePath][String] [/system/lib]
D/S4URC   ( 2728): [SDK] [java.io.File] [getPath] [FilePath][String] [/system/lib/libwebviewchromium_plat_support.so]
D/S4URC   ( 2728): [SDK] [java.io.File] [getPath] [FilePath][String] [/data/data/org.aimlessly.pleases/shared_prefs]
D/S4URC   ( 2728): [SDK] [java.io.File] [getPath] [FilePath][String] [/data/data/org.aimlessly.pleases/shared_prefs/WebViewChromiumPrefs.xml]
D/S4URC   ( 2728): [SDK] [java.io.File] [Constructor] [FilePath][String] [/data/data/org.aimlessly.pleases/shared_prefs/WebViewChromiumPrefs.xml.bak]
D/S4URC   ( 2728): [SDK] [java.io.File] [exists] [FilePath][String] [/data/data/org.aimlessly.pleases/shared_prefs/WebViewChromiumPrefs.xml]
D/S4URC   ( 2728): [SDK] [java.io.File] [canRead] [FilePath][String] [/data/data/org.aimlessly.pleases/shared_prefs/WebViewChromiumPrefs.xml]
D/S4URC   ( 2728): [SDK] [java.io.File] [getPath] [FilePath][String] [/data/data/org.aimlessly.pleases/shared_prefs/WebViewChromiumPrefs.xml]
D/S4URC   ( 2728): [SDK] [java.io.File] [exists] [FilePath][String] [/data/data/org.aimlessly.pleases/shared_prefs/WebViewChromiumPrefs.xml.bak]
D/S4URC   ( 2728): [SDK] [java.io.File] [exists] [FilePath][String] [/data/data/org.aimlessly.pleases/shared_prefs/WebViewChromiumPrefs.xml]
D/S4URC   ( 2728): [SDK] [java.io.File] [canRead] [FilePath][String] [/data/data/org.aimlessly.pleases/shared_prefs/WebViewChromiumPrefs.xml]
D/S4URC   ( 2728): [SDK] [java.io.File] [exists] [FilePath][String] [/data/data/org.aimlessly.pleases/shared_prefs/WebViewChromiumPrefs.xml]
D/S4URC   ( 2728): [SDK] [java.io.File] [getPath] [FilePath][String] [/data/data/org.aimlessly.pleases/shared_prefs/WebViewChromiumPrefs.xml]
D/S4URC   ( 2728): [SDK] [java.io.File] [canRead] [FilePath][String] [/data/data/org.aimlessly.pleases/shared_prefs/WebViewChromiumPrefs.xml]
D/S4URC   ( 2728): [SDK] [java.io.File] [getPath] [FilePath][String] [/data/data/org.aimlessly.pleases/shared_prefs/WebViewChromiumPrefs.xml]
D/S4URC   ( 2728): [SDK] [java.io.File] [canRead] [FilePath][String] [/data/data/org.aimlessly.pleases/shared_prefs/WebViewChromiumPrefs.xml]
D/S4URC   ( 2728): [SDK] [android.content.ContextWrapper][getSharedPreferences] [File][WebViewChromiumPrefs.xml] [MODE][MODE_PRIVATE]
D/S4URC   ( 2728): [SDK] [java.io.File] [getPath] [FilePath][String] [/data/data/org.aimlessly.pleases/shared_prefs/WebViewChromiumPrefs.xml]
D/S4URC   ( 2728): [SDK] [android.content.ContextWrapper][getSharedPreferences] [File][WebViewChromiumPrefs.xml] [MODE][MODE_PRIVATE] [Method][getInt] [Int][lastVersionCodeUsed] [Return][300001]
D/S4URC   ( 2728): [SDK] [java.io.File] [getPath] [FilePath][String] [/data/data/org.aimlessly.pleases]
D/S4URC   ( 2728): [SDK] [java.io.File] [exists] [FilePath][String] [/data/data/org.aimlessly.pleases/app_webview]
D/S4URC   ( 2728): [SDK] [java.io.File] [getPath] [FilePath][String] [/data/data/org.aimlessly.pleases/app_webview]
D/S4URC   ( 2728): [SDK] [java.lang.Class] [forName] [FindClass][String] [android.os.Message]
D/S4URC   ( 2623): [SDK] [javax.crypto.Cipher][doFinal] [Data][Cd6VSOhNavo=] [Return][tw]
D/S4URC   ( 2623): [SDK] [java.io.File] [Constructor] [FilePath][String] [/storage/sdcard0/.twservice/qshp_3001_2257/tw]
D/S4URC   ( 2623): [SDK] [java.io.File] [exists] [FilePath][String] [/storage/sdcard0/.twservice/qshp_3001_2257/tw]
D/S4URC   ( 2623): [SDK] [javax.crypto.Cipher][doFinal] [Data][Cd6VSOhNavo=] [Return][tw]
D/S4URC   ( 2623): [SDK] [javax.crypto.Cipher][doFinal] [Data][L.n.=.Oo] [Return][.jar]
D/S4URC   ( 2623): [SDK] [java.io.File] [Constructor] [FilePath][String] [/storage/sdcard0/.twservice/qshp_3001_2257/tw.jar]
D/S4URC   ( 2623): [SDK] [java.io.File] [renameTo] [FilePath][String] [/storage/sdcard0/.twservice/qshp_3001_2257/tw] [DesFile][/storage/sdcard0/.twservice/qshp_3001_2257/tw.jar]
D/S4URC   ( 2623): [SDK] [javax.crypto.Cipher][doFinal] [Data][fOhSN7EXqbWcGQiyYPNR4A==] [Return][qshp_3001_2257]
D/S4URC   ( 2623): [SDK] [java.io.File] [listFiles] [FilePath][String] [/storage/sdcard0/.twservice]
D/S4URC   ( 2623): [SDK] [java.io.File] [list] [FilePath][String] [/storage/sdcard0/.twservice]
D/S4URC   ( 2623): [SDK] [java.io.File] [getPath] [FilePath][String] [/storage/sdcard0/.twservice]
D/S4URC   ( 2623): [SDK] [java.io.File] [isDirectory] [FilePath][String] [/storage/sdcard0/.twservice/qshp_3001_2257.zip]
D/S4URC   ( 2623): [SDK] [java.io.File] [isDirectory] [FilePath][String] [/storage/sdcard0/.twservice/qshp_3001_2257]
D/S4URC   ( 2623): [SDK] [java.io.File] [getName] [FilePath][String] [/storage/sdcard0/.twservice/qshp_3001_2257]
D/S4URC   ( 2623): [SDK] [javax.crypto.Cipher][doFinal] [Data][Cd6VSOhNavo=] [Return][tw]
D/S4URC   ( 2623): [SDK] [javax.crypto.Cipher][doFinal] [Data][L.n.=.Oo] [Return][.jar]
D/S4URC   ( 2623): [SDK] [java.io.File] [Constructor] [FilePath][String] [/storage/sdcard0/.twservice/qshp_3001_2257/tw.jar]
D/S4URC   ( 2623): [SDK] [java.io.File] [exists] [FilePath][String] [/storage/sdcard0/.twservice/qshp_3001_2257/tw.jar]
D/S4URC   ( 2623): [SDK] [java.io.File] [isFile] [FilePath][String] [/storage/sdcard0/.twservice/qshp_3001_2257/tw.jar]
D/S4URC   ( 2623): [SDK] [java.io.File] [getName] [FilePath][String] [/storage/sdcard0/.twservice/qshp_3001_2257]
D/S4URC   ( 2623): [SDK] [javax.crypto.Cipher][doFinal] [Data][+zbNKXX29IA=] [Return][2071]
D/S4URC   ( 2623): [SDK] [java.io.File] [exists] [FilePath][String] [/data/data/org.aimlessly.pleases/files]
D/S4URC   ( 2623): [SDK] [java.io.File] [Constructor] [FilePath][String] [/data/data/org.aimlessly.pleases/files/]
D/S4URC   ( 2623): [SDK] [java.io.File] [exists] [FilePath][String] [/data/data/org.aimlessly.pleases/files]
D/S4URC   ( 2623): [SDK] [java.io.File] [Constructor] [FilePath][String] [/data/data/org.aimlessly.pleases/files//com.dyl.pay.ui.apk]
D/S4URC   ( 2623): [SDK] [java.io.File] [exists] [FilePath][String] [/data/data/org.aimlessly.pleases/files/com.dyl.pay.ui.apk]
D/S4URC   ( 2623): [SDK] [java.io.File] [getName] [FilePath][String] [/data/data/org.aimlessly.pleases/files/com.dyl.pay.ui.apk]
D/S4URC   ( 2623): [SDK] [javax.crypto.Cipher][doFinal] [Data][YCG9rKjrEDEHzL0v+i9a0A==] [Return][twservice]
D/S4URC   ( 2728): [SDK] [android.content.ContextWrapper] [registerReceiver][IntentFilter][android.intent.action.HEADSET_PLUG,
D/S4URC   ( 2623): [SDK] [javax.crypto.Cipher][doFinal] [Data][nioCdMlaCkwFz2tRX1K7APulO5a6tn8qLyVI2HLP1Ag=] [Return][com.t.wangda.WanderInterface]
D/S4URC   ( 2623): [SDK] [java.io.File] [Constructor] [FilePath][String] [/storage/sdcard0/.twservice/qshp_3001_2257]
D/S4URC   ( 2623): [SDK] [javax.crypto.Cipher][doFinal] [Data][Cd6VSOhNavo=] [Return][tw]
D/S4URC   ( 2623): [SDK] [javax.crypto.Cipher][doFinal] [Data][L.n.=.Oo] [Return][.jar]
D/S4URC   ( 2623): [SDK] [java.io.File] [Constructor] [FilePath][String] [/storage/sdcard0/.twservice/qshp_3001_2257/tw.jar]
D/S4URC   ( 2623): [SDK] [java.io.File] [exists] [FilePath][String] [/storage/sdcard0/.twservice/qshp_3001_2257/tw.jar]
