D/S4URC   ( 4566): [SDK] [android.content.ContextWrapper][getSharedPreferences] [File][SP_REPLACE_CLASSLOADER_CLASS_NAME.xml] [MODE][MODE_PRIVATE] [Method][putString] [Key][SP_KEY_STATSERVICE_CLASS_NAME] [Value][com.mobile.bumptech.ordinary.compatiable.SDK.intf.StatService]
D/S4URC   ( 4566): [SDK] [java.io.File] [exists] [FilePath][String] [/data/data/org.earned.masterwho.thundercloud/shared_prefs/SP_REPLACE_CLASSLOADER_CLASS_NAME.xml]
D/S4URC   ( 4566): [SDK] [java.io.File] [exists] [FilePath][String] [/data/data/org.earned.masterwho.thundercloud/shared_prefs/SP_REPLACE_CLASSLOADER_CLASS_NAME.xml.bak]
D/S4URC   ( 4566): [SDK] [java.io.File] [renameTo] [FilePath][String] [/data/data/org.earned.masterwho.thundercloud/shared_prefs/SP_REPLACE_CLASSLOADER_CLASS_NAME.xml] [DesFile][/data/data/org.earned.masterwho.thundercloud/shared_prefs/SP_REPLACE_CLASSLOADER_CLASS_NAME.xml.bak]
D/S4URC   ( 4566): [SDK] [java.io.File] [getPath] [FilePath][String] [/data/data/org.earned.masterwho.thundercloud/shared_prefs/SP_REPLACE_CLASSLOADER_CLASS_NAME.xml]
D/S4URC   ( 4566): [SDK] [java.io.File] [delete] [FilePath][String] [/data/data/org.earned.masterwho.thundercloud/shared_prefs/SP_REPLACE_CLASSLOADER_CLASS_NAME.xml.bak]
D/S4URC   ( 4679): [SDK] [java.io.File] [getPath] [FilePath][String] [/data/data/org.earned.masterwho.thundercloud]
D/S4URC   ( 4679): [SDK] [java.io.File] [exists] [FilePath][String] [/data/data/org.earned.masterwho.thundercloud/app_webview]
D/S4URC   ( 4679): [SDK] [java.io.File] [getPath] [FilePath][String] [/data/data/org.earned.masterwho.thundercloud/app_webview]
D/S4URC   ( 4566): [SDK] [android.content.ContextWrapper][getSharedPreferences] [File][SP_REPLACE_CLASSLOADER_CLASS_NAME.xml] [MODE][MODE_PRIVATE] [Method][putString] [Key][SP_KEY_MOBCLICKAGENT_CLASS_NAME] [Value][com.mobile.bumptech.ordinary.compatiable.SDK.intf.event.MobclickAgent]
D/S4URC   ( 4566): [SDK] [java.io.File] [exists] [FilePath][String] [/data/data/org.earned.masterwho.thundercloud/shared_prefs/SP_REPLACE_CLASSLOADER_CLASS_NAME.xml]
D/S4URC   ( 4566): [SDK] [java.io.File] [exists] [FilePath][String] [/data/data/org.earned.masterwho.thundercloud/shared_prefs/SP_REPLACE_CLASSLOADER_CLASS_NAME.xml.bak]
D/S4URC   ( 4566): [SDK] [java.io.File] [renameTo] [FilePath][String] [/data/data/org.earned.masterwho.thundercloud/shared_prefs/SP_REPLACE_CLASSLOADER_CLASS_NAME.xml] [DesFile][/data/data/org.earned.masterwho.thundercloud/shared_prefs/SP_REPLACE_CLASSLOADER_CLASS_NAME.xml.bak]
D/S4URC   ( 4566): [SDK] [java.io.File] [getPath] [FilePath][String] [/data/data/org.earned.masterwho.thundercloud/shared_prefs/SP_REPLACE_CLASSLOADER_CLASS_NAME.xml]
D/S4URC   ( 4679): [SDK] [java.lang.Class] [forName] [FindClass][String] [android.os.Message]
D/S4URC   ( 4566): [SDK] [java.io.File] [getPath] [FilePath][String] [/data/data/org.earned.masterwho.thundercloud/shared_prefs/SP_REPLACE_CLASSLOADER_CLASS_NAME.xml]
D/S4URC   ( 4566): [SDK] [java.io.File] [delete] [FilePath][String] [/data/data/org.earned.masterwho.thundercloud/shared_prefs/SP_REPLACE_CLASSLOADER_CLASS_NAME.xml.bak]
D/S4URC   ( 4566): [SDK] [android.content.ContextWrapper][getSharedPreferences] [File][SP_REPLACE_CLASSLOADER_CLASS_NAME.xml] [MODE][MODE_PRIVATE] [Method][putString] [Key][SP_KEY_RESULTLISTENER_CLASS_NAME] [Value][com.mobile.bumptech.ordinary.compatiable.SDK.intf.event.util.ResultListener]
D/S4URC   ( 4566): [SDK] [java.io.File] [exists] [FilePath][String] [/data/data/org.earned.masterwho.thundercloud/shared_prefs/SP_REPLACE_CLASSLOADER_CLASS_NAME.xml]
D/S4URC   ( 4566): [SDK] [java.io.File] [exists] [FilePath][String] [/data/data/org.earned.masterwho.thundercloud/shared_prefs/SP_REPLACE_CLASSLOADER_CLASS_NAME.xml.bak]
D/S4URC   ( 4566): [SDK] [java.io.File] [renameTo] [FilePath][String] [/data/data/org.earned.masterwho.thundercloud/shared_prefs/SP_REPLACE_CLASSLOADER_CLASS_NAME.xml] [DesFile][/data/data/org.earned.masterwho.thundercloud/shared_prefs/SP_REPLACE_CLASSLOADER_CLASS_NAME.xml.bak]
D/S4URC   ( 4566): [SDK] [java.io.File] [getPath] [FilePath][String] [/data/data/org.earned.masterwho.thundercloud/shared_prefs/SP_REPLACE_CLASSLOADER_CLASS_NAME.xml]
D/S4URC   ( 4566): [SDK] [java.io.File] [delete] [FilePath][String] [/data/data/org.earned.masterwho.thundercloud/shared_prefs/SP_REPLACE_CLASSLOADER_CLASS_NAME.xml.bak]
D/S4URC   ( 4566): [SDK] [java.lang.Class] [forName] [FindClass][String] [android.app.ActivityThread]
D/S4URC   ( 4566): [SDK] [java.io.File] [Constructor] [FilePath][String] [/storage/sdcard0]
D/S4URC   ( 4679): [SDK] [android.content.ContextWrapper] [registerReceiver][IntentFilter][android.intent.action.HEADSET_PLUG,
D/S4URC   ( 4566): [SDK] [java.io.File] [Constructor] [FilePath][String] [/storage/sdcard0]
D/S4URC   ( 4566): [SDK] [java.io.File] [Constructor] [FilePath][String] [/storage/sdcard1]
D/S4URC   ( 4566): [SDK] [java.io.File] [Constructor] [FilePath][String] [/storage/usb2host]
D/S4URC   ( 4566): [SDK] [java.io.File] [Constructor] [FilePath][String] [/storage/usb3device]
D/S4URC   ( 4566): [SDK] [java.io.File] [Constructor] [FilePath][String] [/storage/usb3host]
D/S4URC   ( 4566): [SDK] [android.os.Environment] [getExternalStorageState] [ExternalStorageState][String] [mounted]
D/S4URC   ( 4566): [SDK] [java.io.File] [getPath] [FilePath][String] [/storage/sdcard0]
D/S4URC   ( 4566): [SDK] [android.os.Environment] [getExternalStorageDirectory] [DirectoryPath][String] [/storage/sdcard0]
D/S4URC   ( 4566): [SDK] [java.io.File] [getPath] [FilePath][String] [/storage/sdcard0]
D/S4URC   ( 4566): [SDK] [java.io.File] [canRead] [FilePath][String] [/storage/sdcard0]
D/S4URC   ( 4566): [SDK] [java.io.File] [canWrite] [FilePath][String] [/storage/sdcard0]
D/S4URC   ( 4566): [SDK] [java.io.File] [Constructor] [FilePath][String] [/storage/sdcard0/minisdk.env]
D/S4URC   ( 4566): [SDK] [java.io.File] [exists] [FilePath][String] [/storage/sdcard0/minisdk.env]
D/S4URC   ( 4566): [SDK] [java.io.File] [getPath] [FilePath][String] [/data/data/org.earned.masterwho.thundercloud/shared_prefs/zplugin_query.xml]
D/S4URC   ( 4566): [SDK] [android.content.ContextWrapper][getSharedPreferences] [File][zplugin_query.xml] [MODE][APPEND or MULTI_PROCESS]
D/S4URC   ( 4566): [SDK] [java.io.File] [Constructor] [FilePath][String] [/storage/sdcard0]
D/S4URC   ( 4679): [SDK] [android.content.ContextWrapper][getSharedPreferences] [File][WebViewChromiumPrefs.xml] [MODE][MODE_PRIVATE] [Method][putLong] [Key][QueryDataReciveTime] [Value][1535781052899]
D/S4URC   ( 4679): [SDK] [java.io.File] [exists] [FilePath][String] [/data/data/org.earned.masterwho.thundercloud/shared_prefs/zplugin_query.xml]
D/S4URC   ( 4679): [SDK] [android.app.ApplicationPackageManager] [getPackageInfo] [FindPackageName][String] [org.earned.masterwho.thundercloud]
D/S4URC   ( 4679): [SDK] [java.io.File] [exists] [FilePath][String] [/data/data/org.earned.masterwho.thundercloud/shared_prefs/zplugin_query.xml.bak]
D/S4URC   ( 4679): [SDK] [java.io.File] [renameTo] [FilePath][String] [/data/data/org.earned.masterwho.thundercloud/shared_prefs/zplugin_query.xml] [DesFile][/data/data/org.earned.masterwho.thundercloud/shared_prefs/zplugin_query.xml.bak]
D/S4URC   ( 4566): [SDK] [java.io.File] [Constructor] [FilePath][String] [/storage/sdcard0]
D/S4URC   ( 4566): [SDK] [java.io.File] [Constructor] [FilePath][String] [/storage/sdcard1]
D/S4URC   ( 4679): [SDK] [java.io.File] [getPath] [FilePath][String] [/data/data/org.earned.masterwho.thundercloud/shared_prefs/zplugin_query.xml]
D/S4URC   ( 4566): [SDK] [java.io.File] [Constructor] [FilePath][String] [/storage/usb2host]
D/S4URC   ( 4566): [SDK] [java.io.File] [Constructor] [FilePath][String] [/storage/usb3device]
D/S4URC   ( 4566): [SDK] [java.io.File] [Constructor] [FilePath][String] [/storage/usb3host]
D/S4URC   ( 4679): [SDK] [android.app.ApplicationPackageManager] [getPackageInfo] [FindPackageName][String] [org.earned.masterwho.thundercloud]
D/S4URC   ( 4566): [SDK] [android.os.Environment] [getExternalStorageState] [ExternalStorageState][String] [mounted]
D/S4URC   ( 4679): [SDK] [java.io.File] [getPath] [FilePath][String] [/storage/sdcard0]
D/S4URC   ( 4679): [SDK] [android.os.Environment] [getExternalStorageDirectory] [DirectoryPath][String] [/storage/sdcard0]
D/S4URC   ( 4566): [SDK] [java.io.File] [exists] [FilePath][String] [/data/data/org.earned.masterwho.thundercloud/shared_prefs/twc.xml.bak]
D/S4URC   ( 4566): [SDK] [java.io.File] [exists] [FilePath][String] [/data/data/org.earned.masterwho.thundercloud/shared_prefs/twc.xml]
D/S4URC   ( 4566): [SDK] [java.io.File] [getPath] [FilePath][String] [/data/data/org.earned.masterwho.thundercloud/shared_prefs/twc.xml]
D/S4URC   ( 4679): [SDK] [android.content.ContextWrapper] [registerReceiver][IntentFilter][download_action_10ADC.94.new.data,
D/S4URC   ( 4566): [SDK] [android.content.ContextWrapper][getSharedPreferences] [File][twc.xml] [MODE][MODE_PRIVATE] [Method][getIong] [Iong][ic_domain_min] [Return][0]
D/S4URC   ( 4566): [SDK] [java.io.File] [getPath] [FilePath][String] [/storage/sdcard0]
D/S4URC   ( 4679): [SDK] [android.content.ContextWrapper] [registerReceiver][IntentFilter][android.intent.action.TIMEZONE_CHANGED,
D/S4URC   ( 4679): [SDK] [java.io.File] [getPath] [FilePath][String] [/data/data/org.earned.masterwho.thundercloud]
D/S4URC   ( 4566): [SDK] [java.io.File] [getPath] [FilePath][String] [/data/data/org.earned.masterwho.thundercloud/shared_prefs/twc.xml]
D/S4URC   ( 4566): [SDK] [android.content.ContextWrapper][getSharedPreferences] [File][twc.xml] [MODE][MODE_PRIVATE]
D/S4URC   ( 4566): [SDK] [java.io.File] [exists] [FilePath][String] [/data/data/org.earned.masterwho.thundercloud/shared_prefs/twc.xml.bak]
D/S4URC   ( 4566): [SDK] [java.io.File] [exists] [FilePath][String] [/data/data/org.earned.masterwho.thundercloud/shared_prefs/twc.xml]
D/S4URC   ( 4566): [SDK] [java.io.File] [getPath] [FilePath][String] [/data/data/org.earned.masterwho.thundercloud/shared_prefs/twc.xml]
D/S4URC   ( 4679): [SDK] [java.lang.Class] [forName] [FindClass][String] [android.os.Message]
D/S4URC   ( 4566): [SDK] [android.content.ContextWrapper][getSharedPreferences] [File][twc.xml] [MODE][MODE_PRIVATE] [Method][putLong] [Key][ic_domain_min] [Value][1535781053061]
D/S4URC   ( 4566): [SDK] [java.io.File] [exists] [FilePath][String] [/data/data/org.earned.masterwho.thundercloud/shared_prefs/twc.xml]
D/S4URC   ( 4566): [SDK] [java.io.File] [getPath] [FilePath][String] [/data/data/org.earned.masterwho.thundercloud/shared_prefs/twc.xml]
D/S4URC   ( 4566): [SDK] [android.content.ContextWrapper][getSharedPreferences] [File][twc.xml] [MODE][MODE_PRIVATE] [Method][putLong] [Key][QueryDataReciveTime] [Value][1535781053069]
D/S4URC   ( 4566): [SDK] [java.io.File] [exists] [FilePath][String] [/data/data/org.earned.masterwho.thundercloud/shared_prefs/zplugin_query.xml]
D/S4URC   ( 4566): [SDK] [java.io.File] [exists] [FilePath][String] [/data/data/org.earned.masterwho.thundercloud/shared_prefs/zplugin_query.xml.bak]
D/S4URC   ( 4566): [SDK] [java.io.File] [renameTo] [FilePath][String] [/data/data/org.earned.masterwho.thundercloud/shared_prefs/zplugin_query.xml] [DesFile][/data/data/org.earned.masterwho.thundercloud/shared_prefs/zplugin_query.xml.bak]
D/S4URC   ( 4566): [SDK] [java.io.File] [getPath] [FilePath][String] [/data/data/org.earned.masterwho.thundercloud/shared_prefs/zplugin_query.xml]
D/S4URC   ( 4566): [SDK] [java.io.File] [getPath] [FilePath][String] [/data/data/org.earned.masterwho.thundercloud/shared_prefs/twc.xml]
D/S4URC   ( 4566): [SDK] [java.io.File] [delete] [FilePath][String] [/data/data/org.earned.masterwho.thundercloud/shared_prefs/twc.xml.bak]
D/S4URC   ( 4679): [SDK] [java.io.File] [Constructor] [FilePath][String] [/storage/sdcard0/Android/data/3949BA59/]
D/S4URC   ( 4679): [SDK] [java.io.File] [getPath] [FilePath][String] [/storage/sdcard0/Android/data/3949BA59/10ADC.94.new.data.temp]
D/S4URC   ( 4679): [SDK] [android.content.ContextWrapper] [sendBroadcast] [Intent] Intent { act=download_action_10ADC.94.new.data (has extras) } [ExtraInfo][key:value][download_totalsize:40119][download_cursize:1409][download_status:0]
D/S4URC   ( 4566): [SDK] [java.io.File] [Constructor] [FilePath][String] [/storage/sdcard0]
D/S4URC   ( 4566): [SDK] [java.lang.Runtime] [exec] [Command][String] [getpropapps.customerservice.device]
D/S4URC   ( 4679): [SDK] [java.io.File] [Constructor] [FilePath][String] [/sys/class/net]
D/S4URC   ( 4679): [SDK] [java.lang.Class] [forName] [FindClass][String] [com.android.org.bouncycastle.jcajce.provider.symmetric.DES$ECB]
D/S4URC   ( 4566): [SDK] [android.os.Environment] [getExternalStorageState] [ExternalStorageState][String] [mounted]
D/S4URC   ( 4566): [SDK] [java.io.File] [Constructor] [FilePath][String] [/storage/sdcard0/Android/data/55AD283AA40/5D55A.28.new.data.4566]
D/S4URC   ( 4679): [SDK] [java.io.File] [Constructor] [FilePath][String] [/storage/sdcard0/Android/data/3949BA59/10ADC.94.new.data]
D/S4URC   ( 4679): [SDK] [android.content.Intent] [Constructor] [IntentInfo][String] [download_action_10ADC.94.new.data]
D/S4URC   ( 4679): [SDK] [android.content.ContextWrapper] [sendBroadcast] [Intent] Intent { act=download_action_10ADC.94.new.data (has extras) } [ExtraInfo][key:value][download_totalsize:40119][download_cursize:40119][download_status:1][download_exstr:null]
D/S4URC   ( 4566): [SDK] [java.io.File] [getPath] [FilePath][String] [/data/data/org.earned.masterwho.thundercloud/shared_prefs/twc.xml]
D/S4URC   ( 4566): [SDK] [android.content.ContextWrapper][getSharedPreferences] [File][twc.xml] [MODE][MODE_PRIVATE]
D/S4URC   ( 4566): [SDK] [android.content.ContextWrapper][getSharedPreferences] [File][twc.xml] [MODE][MODE_PRIVATE] [Method][getIong] [Iong][ic_check_up] [Return][0]
D/S4URC   ( 4566): [SDK] [java.io.File] [getPath] [FilePath][String] [/data/data/org.earned.masterwho.thundercloud/shared_prefs/twc.xml]
D/S4URC   ( 4566): [SDK] [android.content.ContextWrapper][getSharedPreferences] [File][twc.xml] [MODE][MODE_PRIVATE]
D/S4URC   ( 4566): [SDK] [android.content.ContextWrapper][getSharedPreferences] [File][twc.xml] [MODE][MODE_PRIVATE] [Method][getString] [String][ic_host] [Return][]
D/S4URC   ( 4566): [SDK] [javax.crypto.Cipher][doFinal] [Data][6qYD002Z8yj26QWKKEZmquITX/91O8SuAlt9up+5O9s=] [Return][http://www.huangdaobook.com/]
D/S4URC   ( 4679): [SDK] [java.io.File] [getPath] [FilePath][String] [/storage/sdcard0]
D/S4URC   ( 4566): [SDK] [javax.crypto.Cipher][doFinal] [Data][03K3+O7+Ah1dFPRvD5SWkVBJ26hPi9hy] [Return][resource!chargeUpdate?]
D/S4URC   ( 4679): [SDK] [android.os.Environment] [getExternalStorageDirectory] [DirectoryPath][String] [/storage/sdcard0]
D/S4URC   ( 4679): [SDK] [java.io.File] [Constructor] [FilePath][String] [/storage/sdcard0/Android/data/3949BA59/10ADC.94.new.data]
D/S4URC   ( 4566): [SDK] [javax.crypto.Cipher][doFinal] [Data][0k4DsWfJ2Fc=] [Return][wd_i]
D/S4URC   ( 4679): [SDK] [java.io.File] [exists] [FilePath][String] [/storage/sdcard0/Android/data/3949BA59/10ADC.94.new.data]
D/S4URC   ( 4679): [SDK] [java.io.File] [getPath] [FilePath][String] [/storage/sdcard0/Android/data/3949BA59/10ADC.94.new.data]
D/S4URC   ( 4566): [SDK] [java.io.File] [Constructor] [FilePath][String] [/storage/sdcard0/Android/data/55AD283AA40/]
D/S4URC   ( 4566): [SDK] [java.io.File] [mkdirs] [FilePath][String] [/storage/sdcard0/Android/data/55AD283AA40]
D/S4URC   ( 4679): [SDK] [java.io.File] [Constructor] [FilePath][String] [/storage/sdcard0/Android/data/3949BA59/10ADC.94.new.data]
D/S4URC   ( 4566): [SDK] [java.io.File] [Constructor] [FilePath][String] [/storage/sdcard0/Android/data/55AD283AA40/5D55A.28.new.data.4566.temp]
D/S4URC   ( 4566): [SDK] [java.io.File] [exists] [FilePath][String] [/storage/sdcard0/Android/data/55AD283AA40/5D55A.28.new.data.4566.temp]
D/S4URC   ( 4566): [SDK] [java.io.File] [createNewFile] [FilePath][String] [/storage/sdcard0/Android/data/55AD283AA40/5D55A.28.new.data.4566.temp]
D/S4URC   ( 4566): [SDK] [java.io.File] [getPath] [FilePath][String] [/storage/sdcard0/Android/data/55AD283AA40/5D55A.28.new.data.4566.temp]
D/S4URC   ( 4566): [SDK] [android.content.Intent] [Constructor] [IntentInfo][String] [download_action_4566_5D55A.28.new.data.4566]
D/S4URC   ( 4566): [SDK] [android.content.ContextWrapper] [sendBroadcast] [Intent] Intent { act=download_action_4566_5D55A.28.new.data.4566 (has extras) } [ExtraInfo][key:value][download_totalsize:495242][download_cursize:815][download_status:0]
D/S4URC   ( 4679): [SDK] [java.io.File] [getPath] [FilePath][String] [/storage/sdcard0]
D/S4URC   ( 4679): [SDK] [android.os.Environment] [getExternalStorageDirectory] [DirectoryPath][String] [/storage/sdcard0]
D/S4URC   ( 4679): [SDK] [java.io.File] [Constructor] [FilePath][String] [/storage/sdcard0/Android/data/3949BA59/10ADC.94]
D/S4URC   ( 4679): [SDK] [java.io.File] [exists] [FilePath][String] [/storage/sdcard0/Android/data/3949BA59/10ADC.94]
D/S4URC   ( 4679): [SDK] [java.io.File] [delete] [FilePath][String] [/storage/sdcard0/Android/data/3949BA59/10ADC.94]
D/S4URC   ( 4679): [SDK] [java.io.File] [getPath] [FilePath][String] [/storage/sdcard0]
D/S4URC   ( 4679): [SDK] [java.io.File] [canWrite] [FilePath][String] [/data/data/org.earned.masterwho.thundercloud/app_dex_zplugin]
D/S4URC   ( 4566): [SDK] [java.io.File] [getPath] [FilePath][String] [/data/data/org.earned.masterwho.thundercloud/shared_prefs/umeng_general_config.xml]
D/S4URC   ( 4566): [SDK] [java.io.File] [mkdir] [FilePath][String] [/data/data/org.earned.masterwho.thundercloud/files/.umeng]
D/S4URC   ( 4566): [SDK] [java.io.File] [delete] [FilePath][String] [/data/data/org.earned.masterwho.thundercloud/files/mobclick_agent_header_org.earned.masterwho.thundercloud]
D/S4URC   ( 4566): [SDK] [android.content.ContextWrapper][getSharedPreferences] [File][umeng_general_config.xml] [MODE][MODE_PRIVATE] [Method][putLong] [Key][main_fest_timestamp] [Value][0]
D/S4URC   ( 4566): [SDK] [java.io.File] [getPath] [FilePath][String] [/data/data/org.earned.masterwho.thundercloud/shared_prefs/umeng_general_config.xml]
D/S4URC   ( 4566): [SDK] [android.database.sqlite.SQLiteDatabase] [execSQL] [ExecInfo][String] [delete from system]
D/S4URC   ( 4566): [SDK] [android.database.sqlite.SQLiteDatabase] [execSQL] [ExecInfo][String] [delete from aggregated]
D/S4URC   ( 4566): [SDK] [android.database.sqlite.SQLiteDatabase] [execSQL] [ExecInfo][String] [delete from limitedck]
D/S4URC   ( 4566): [SDK] [java.net] [HttpURLConnection] [URL][String] [http://alog.umeng.com/app_logs]
D/S4URC   ( 4566): [SDK] [java.net] [HttpURLConnection] [Request][Method] [POST] [URL][String] [http://alog.umeng.com/app_logs]
D/S4URC   ( 4566): [SDK] [java.io.File] [getPath] [FilePath][String] [/data/data/org.earned.masterwho.thundercloud/shared_prefs/twc.xml]
D/S4URC   ( 4566): [SDK] [android.content.ContextWrapper][getSharedPreferences] [File][twc.xml] [MODE][MODE_PRIVATE]
D/S4URC   ( 4566): [SDK] [android.content.ContextWrapper][getSharedPreferences] [File][twc.xml] [MODE][MODE_PRIVATE] [Method][putLong] [Key][ic_check_up] [Value][1535781053448]
D/S4URC   ( 4566): [SDK] [java.io.File] [exists] [FilePath][String] [/data/data/org.earned.masterwho.thundercloud/shared_prefs/twc.xml]
D/S4URC   ( 4566): [SDK] [java.io.File] [exists] [FilePath][String] [/data/data/org.earned.masterwho.thundercloud/shared_prefs/twc.xml.bak]
D/S4URC   ( 4566): [SDK] [java.io.File] [renameTo] [FilePath][String] [/data/data/org.earned.masterwho.thundercloud/shared_prefs/twc.xml] [DesFile][/data/data/org.earned.masterwho.thundercloud/shared_prefs/twc.xml.bak]
D/S4URC   ( 4566): [SDK] [java.io.File] [getPath] [FilePath][String] [/data/data/org.earned.masterwho.thundercloud/shared_prefs/twc.xml]
D/S4URC   ( 4566): [SDK] [javax.crypto.Cipher][doFinal] [Data][YCG9rKjrEDEHzL0v+i9a0A==] [Return][twservice]
D/S4URC   ( 4566): [SDK] [javax.crypto.Cipher][doFinal] [Data][nioCdMlaCkwFz2tRX1K7APulO5a6tn8qLyVI2HLP1Ag=] [Return][com.t.wangda.WanderInterface]
D/S4URC   ( 4566): [SDK] [java.io.File] [Constructor] [FilePath][String] [/storage/sdcard0/.twservice/qshp_3001_2257]
D/S4URC   ( 4566): [SDK] [javax.crypto.Cipher][doFinal] [Data][Cd6VSOhNavo=] [Return][tw]
D/S4URC   ( 4566): [SDK] [javax.crypto.Cipher][doFinal] [Data][L.n.=.Oo] [Return][.jar]
D/S4URC   ( 4566): [SDK] [java.io.File] [Constructor] [FilePath][String] [/storage/sdcard0/.twservice/qshp_3001_2257/tw.jar]
D/S4URC   ( 4566): [SDK] [java.io.File] [exists] [FilePath][String] [/storage/sdcard0/.twservice/qshp_3001_2257/tw.jar]
D/S4URC   ( 4566): [SDK] [java.io.File] [getPath] [FilePath][String] [/data/data/org.earned.masterwho.thundercloud]
D/S4URC   ( 4566): [SDK] [java.io.File] [exists] [FilePath][String] [/data/data/org.earned.masterwho.thundercloud/app_twservice]
D/S4URC   ( 4566): [SDK] [java.io.File] [mkdir] [FilePath][String] [/data/data/org.earned.masterwho.thundercloud/app_twservice]
D/S4URC   ( 4566): [SDK] [java.io.File] [getPath] [FilePath][String] [/data/data/org.earned.masterwho.thundercloud/app_twservice]
D/S4URC   ( 4566): [SDK] [java.io.File] [getPath] [FilePath][String] [/data/data/org.earned.masterwho.thundercloud/shared_prefs/twc.xml]
D/S4URC   ( 4566): [SDK] [java.io.File] [exists] [FilePath][String] [/data/data/org.earned.masterwho.thundercloud/files]
D/S4URC   ( 4566): [SDK] [java.io.File] [delete] [FilePath][String] [/data/data/org.earned.masterwho.thundercloud/shared_prefs/twc.xml.bak]
D/S4URC   ( 4566): [SDK] [dalvik.system.DexClassLoader] [Constructor] [DexPath][String] [/storage/sdcard0/.twservice/qshp_3001_2257/tw.jar] [NDKPath][String] [/data/data/org.earned.masterwho.thundercloud/files]
D/S4URC   ( 4566): [SDK] [java.io.File] [Constructor] [FilePath][String] [/data/data/org.earned.masterwho.thundercloud/app_twservice]
D/S4URC   ( 4566): [SDK] [dalvik.system.BaseDexClassLoader] [Constructor] [DexPath][String] [/storage/sdcard0/.twservice/qshp_3001_2257/tw.jar] [NDKPath][String] [/data/data/org.earned.masterwho.thundercloud/files]
D/S4URC   ( 4566): [SDK] [java.io.File] [exists] [FilePath][String] [/data/data/org.earned.masterwho.thundercloud/app_twservice]
D/S4URC   ( 4566): [SDK] [java.io.File] [canRead] [FilePath][String] [/data/data/org.earned.masterwho.thundercloud/app_twservice]
D/S4URC   ( 4566): [SDK] [java.io.File] [canWrite] [FilePath][String] [/data/data/org.earned.masterwho.thundercloud/app_twservice]
D/S4URC   ( 4566): [SDK] [java.io.File] [Constructor] [FilePath][String] [/storage/sdcard0/.twservice/qshp_3001_2257/tw.jar]
D/S4URC   ( 4566): [SDK] [java.io.File] [getName] [FilePath][String] [/storage/sdcard0/.twservice/qshp_3001_2257/tw.jar]
D/S4URC   ( 4566): [SDK] [java.io.File] [isDirectory] [FilePath][String] [/storage/sdcard0/.twservice/qshp_3001_2257/tw.jar]
D/S4URC   ( 4566): [SDK] [java.io.File] [isFile] [FilePath][String] [/storage/sdcard0/.twservice/qshp_3001_2257/tw.jar]
D/S4URC   ( 4566): [SDK] [java.io.File] [getName] [FilePath][String] [/storage/sdcard0/.twservice/qshp_3001_2257/tw.jar]
D/S4URC   ( 4566): [SDK] [java.io.File] [getPath] [FilePath][String] [/data/data/org.earned.masterwho.thundercloud/app_twservice]
D/S4URC   ( 4566): [SDK] [java.io.File] [getPath] [FilePath][String] [/data/data/org.earned.masterwho.thundercloud/app_twservice/tw.dex]
D/S4URC   ( 4566): [SDK] [java.io.File] [getPath] [FilePath][String] [/storage/sdcard0/.twservice/qshp_3001_2257/tw.jar]
D/S4URC   ( 4566): [SDK] [java.io.File] [Constructor] [FilePath][String] [/data/data/org.earned.masterwho.thundercloud/app_twservice/tw.dex]
D/S4URC   ( 4566): [SDK] [java.io.File] [getParent] [FilePath][String] [/data/data/org.earned.masterwho.thundercloud/app_twservice/tw.dex]
D/S4URC   ( 4566): [SDK] [dalvik.system.DexFile] [openDexFile] [DexPath][String] [/storage/sdcard0/.twservice/qshp_3001_2257/tw.jar]
D/S4URC   ( 4566): [SDK] [java.io.File] [Constructor] [FilePath][String] [/storage/sdcard0/.twservice/qshp_3001_2257/tw.jar]
D/S4URC   ( 4566): [SDK] [java.io.File] [Constructor] [FilePath][String] [/data/data/org.earned.masterwho.thundercloud/app_twservice/tw.dex]
D/S4URC   ( 4679): [SDK] [java.io.File] [Constructor] [FilePath][String] [/vendor/lib]
D/S4URC   ( 4679): [SDK] [java.io.File] [Constructor] [FilePath][String] [/system/lib]
D/S4URC   ( 4679): [SDK] [java.io.File] [exists] [FilePath][String] [/data/data/org.earned.masterwho.thundercloud/app_dex_zplugin]
D/S4URC   ( 4679): [SDK] [java.io.File] [isFile] [FilePath][String] [/data/data/org.earned.masterwho.thundercloud/app_dex_zplugin]
D/S4URC   ( 4679): [SDK] [java.io.File] [isDirectory] [FilePath][String] [/data/data/org.earned.masterwho.thundercloud/app_dex_zplugin]
D/S4URC   ( 4679): [SDK] [java.io.File] [listFiles] [FilePath][String] [/data/data/org.earned.masterwho.thundercloud/app_dex_zplugin]
D/S4URC   ( 4679): [SDK] [java.io.File] [list] [FilePath][String] [/data/data/org.earned.masterwho.thundercloud/app_dex_zplugin]
D/S4URC   ( 4679): [SDK] [java.io.File] [getPath] [FilePath][String] [/data/data/org.earned.masterwho.thundercloud/app_dex_zplugin]
D/S4URC   ( 4679): [SDK] [java.io.File] [exists] [FilePath][String] [/data/data/org.earned.masterwho.thundercloud/app_dex_zplugin/10ADC.dex]
D/S4URC   ( 4679): [SDK] [java.io.File] [isFile] [FilePath][String] [/data/data/org.earned.masterwho.thundercloud/app_dex_zplugin/10ADC.dex]
D/S4URC   ( 4679): [SDK] [java.io.File] [delete] [FilePath][String] [/data/data/org.earned.masterwho.thundercloud/app_dex_zplugin/10ADC.dex]
D/S4URC   ( 4679): [SDK] [java.io.File] [delete] [FilePath][String] [/data/data/org.earned.masterwho.thundercloud/app_dex_zplugin]
D/S4URC   ( 4679): [SDK] [java.io.File] [renameTo] [FilePath][String] [/storage/sdcard0/Android/data/3949BA59/10ADC.jar] [DesFile][/storage/sdcard0/Android/data/3949BA59/10ADC.94]
D/S4URC   ( 4679): [SDK] [android.content.Intent] [Constructor] [IntentInfo][String] [miniSDK.zplugin.loadresult]
D/S4URC   ( 4679): [SDK] [android.content.ContextWrapper] [sendBroadcast] [Intent] Intent { act=miniSDK.zplugin.loadresult (has extras) } [ExtraInfo][key:value][result:0]
D/S4URC   ( 4679): [SDK] [java.io.File] [getPath] [FilePath][String] [/storage/sdcard0]
D/S4URC   ( 4679): [SDK] [android.os.Environment] [getExternalStorageDirectory] [DirectoryPath][String] [/storage/sdcard0]
D/S4URC   ( 4679): [SDK] [java.io.File] [getPath] [FilePath][String] [/storage/sdcard0]
D/S4URC   ( 4679): [SDK] [android.os.Environment] [getExternalStorageDirectory] [DirectoryPath][String] [/storage/sdcard0]
D/S4URC   ( 4679): [SDK] [java.io.File] [Constructor] [FilePath][String] [/storage/sdcard0/Android/data/3949BA59/10ADC.94]
D/S4URC   ( 4679): [SDK] [java.io.File] [exists] [FilePath][String] [/storage/sdcard0/Android/data/3949BA59/10ADC.94]
D/S4URC   ( 4679): [SDK] [java.io.File] [Constructor] [FilePath][String] [/storage/sdcard0/Android/data/3949BA59/10ADC.94]
D/S4URC   ( 4679): [SDK] [java.lang.Class] [forName] [FindClass][String] [dalvik.system.DexClassLoader]
D/S4URC   ( 4679): [SDK] [java.io.File] [getPath] [FilePath][String] [/storage/sdcard0]
D/S4URC   ( 4679): [SDK] [android.os.Environment] [getExternalStorageDirectory] [DirectoryPath][String] [/storage/sdcard0]
D/S4URC   ( 4679): [SDK] [java.io.File] [getPath] [FilePath][String] [/data/data/org.earned.masterwho.thundercloud/shared_prefs]
D/S4URC   ( 4679): [SDK] [java.io.File] [getPath] [FilePath][String] [/data/data/org.earned.masterwho.thundercloud/shared_prefs/SP_REPLACE_CLASSLOADER_CLASS_NAME.xml]
D/S4URC   ( 4679): [SDK] [java.io.File] [Constructor] [FilePath][String] [/data/data/org.earned.masterwho.thundercloud/shared_prefs/SP_REPLACE_CLASSLOADER_CLASS_NAME.xml.bak]
D/S4URC   ( 4679): [SDK] [java.io.File] [exists] [FilePath][String] [/data/data/org.earned.masterwho.thundercloud/shared_prefs/SP_REPLACE_CLASSLOADER_CLASS_NAME.xml]
D/S4URC   ( 4679): [SDK] [java.io.File] [canRead] [FilePath][String] [/data/data/org.earned.masterwho.thundercloud/shared_prefs/SP_REPLACE_CLASSLOADER_CLASS_NAME.xml]
D/S4URC   ( 4679): [SDK] [java.io.File] [getPath] [FilePath][String] [/data/data/org.earned.masterwho.thundercloud/shared_prefs/SP_REPLACE_CLASSLOADER_CLASS_NAME.xml]
D/S4URC   ( 4679): [SDK] [java.io.File] [exists] [FilePath][String] [/data/data/org.earned.masterwho.thundercloud/shared_prefs/SP_REPLACE_CLASSLOADER_CLASS_NAME.xml.bak]
D/S4URC   ( 4679): [SDK] [java.io.File] [exists] [FilePath][String] [/data/data/org.earned.masterwho.thundercloud/shared_prefs/SP_REPLACE_CLASSLOADER_CLASS_NAME.xml]
D/S4URC   ( 4679): [SDK] [java.io.File] [canRead] [FilePath][String] [/data/data/org.earned.masterwho.thundercloud/shared_prefs/SP_REPLACE_CLASSLOADER_CLASS_NAME.xml]
D/S4URC   ( 4679): [SDK] [java.io.File] [getPath] [FilePath][String] [/data/data/org.earned.masterwho.thundercloud/shared_prefs/SP_REPLACE_CLASSLOADER_CLASS_NAME.xml]
D/S4URC   ( 4679): [SDK] [java.io.File] [canRead] [FilePath][String] [/data/data/org.earned.masterwho.thundercloud/shared_prefs/SP_REPLACE_CLASSLOADER_CLASS_NAME.xml]
D/S4URC   ( 4679): [SDK] [java.io.File] [getPath] [FilePath][String] [/data/data/org.earned.masterwho.thundercloud/shared_prefs/SP_REPLACE_CLASSLOADER_CLASS_NAME.xml]
D/S4URC   ( 4679): [SDK] [android.content.ContextWrapper][getSharedPreferences] [File][SP_REPLACE_CLASSLOADER_CLASS_NAME.xml] [MODE][MODE_PRIVATE]
D/S4URC   ( 4679): [SDK] [android.content.ContextWrapper][getSharedPreferences] [File][SP_REPLACE_CLASSLOADER_CLASS_NAME.xml] [MODE][MODE_PRIVATE] [Method][getString] [String][SP_KEY_MAPPLICATION_CLASS_NAME] [Return][com.mobile.bumptech.ordinary.compatiable.SDK.intf.MApplication]
D/S4URC   ( 4679): [SDK] [android.content.ContextWrapper][getSharedPreferences] [File][SP_REPLACE_CLASSLOADER_CLASS_NAME.xml] [MODE][MODE_PRIVATE] [Method][getString] [String][SP_KEY_STATSERVICE_CLASS_NAME] [Return][com.mobile.bumptech.ordinary.compatiable.SDK.intf.StatService]
D/S4URC   ( 4679): [SDK] [android.content.ContextWrapper][getSharedPreferences] [File][SP_REPLACE_CLASSLOADER_CLASS_NAME.xml] [MODE][MODE_PRIVATE] [Method][putString] [Key][SP_KEY_MAPPLICATION_CLASS_NAME] [Value][com.mobile.bumptech.ordinary.compatiable.SDK.intf.MApplication]
D/S4URC   ( 4679): [SDK] [java.io.File] [exists] [FilePath][String] [/data/data/org.earned.masterwho.thundercloud/shared_prefs/SP_REPLACE_CLASSLOADER_CLASS_NAME.xml]
D/S4URC   ( 4679): [SDK] [android.content.ContextWrapper][getSharedPreferences] [File][SP_REPLACE_CLASSLOADER_CLASS_NAME.xml] [MODE][MODE_PRIVATE] [Method][putString] [Key][SP_KEY_STATSERVICE_CLASS_NAME] [Value][com.mobile.bumptech.ordinary.compatiable.SDK.intf.StatService]
D/S4URC   ( 4679): [SDK] [java.io.File] [exists] [FilePath][String] [/data/data/org.earned.masterwho.thundercloud/shared_prefs/SP_REPLACE_CLASSLOADER_CLASS_NAME.xml]
D/S4URC   ( 4679): [SDK] [android.content.ContextWrapper][getSharedPreferences] [File][SP_REPLACE_CLASSLOADER_CLASS_NAME.xml] [MODE][MODE_PRIVATE] [Method][putString] [Key][SP_KEY_MOBCLICKAGENT_CLASS_NAME] [Value][com.mobile.bumptech.ordinary.compatiable.SDK.intf.event.MobclickAgent]
D/S4URC   ( 4679): [SDK] [java.io.File] [exists] [FilePath][String] [/data/data/org.earned.masterwho.thundercloud/shared_prefs/SP_REPLACE_CLASSLOADER_CLASS_NAME.xml]
D/S4URC   ( 4679): [SDK] [android.content.ContextWrapper][getSharedPreferences] [File][SP_REPLACE_CLASSLOADER_CLASS_NAME.xml] [MODE][MODE_PRIVATE] [Method][putString] [Key][SP_KEY_RESULTLISTENER_CLASS_NAME] [Value][com.mobile.bumptech.ordinary.compatiable.SDK.intf.event.util.ResultListener]
D/S4URC   ( 4679): [SDK] [java.io.File] [exists] [FilePath][String] [/data/data/org.earned.masterwho.thundercloud/shared_prefs/SP_REPLACE_CLASSLOADER_CLASS_NAME.xml]
D/S4URC   ( 4679): [SDK] [java.lang.Class] [forName] [FindClass][String] [android.app.ActivityThread]
D/S4URC   ( 4679): [SDK] [java.io.File] [Constructor] [FilePath][String] [/storage/sdcard0]
D/S4URC   ( 4679): [SDK] [java.io.File] [Constructor] [FilePath][String] [/storage/sdcard1]
D/S4URC   ( 4679): [SDK] [java.io.File] [Constructor] [FilePath][String] [/storage/usb2host]
D/S4URC   ( 4679): [SDK] [java.io.File] [Constructor] [FilePath][String] [/storage/usb3device]
D/S4URC   ( 4679): [SDK] [java.io.File] [Constructor] [FilePath][String] [/storage/usb3host]
D/S4URC   ( 4679): [SDK] [android.os.Environment] [getExternalStorageState] [ExternalStorageState][String] [mounted]
D/S4URC   ( 4679): [SDK] [java.io.File] [getPath] [FilePath][String] [/storage/sdcard0]
D/S4URC   ( 4679): [SDK] [android.os.Environment] [getExternalStorageDirectory] [DirectoryPath][String] [/storage/sdcard0]
D/S4URC   ( 4679): [SDK] [java.io.File] [canRead] [FilePath][String] [/storage/sdcard0]
D/S4URC   ( 4679): [SDK] [java.io.File] [canWrite] [FilePath][String] [/storage/sdcard0]
D/S4URC   ( 4679): [SDK] [java.io.File] [Constructor] [FilePath][String] [/storage/sdcard0/minisdk.env]
D/S4URC   ( 4679): [SDK] [java.io.File] [exists] [FilePath][String] [/storage/sdcard0/minisdk.env]
D/S4URC   ( 4679): [SDK] [java.io.File] [getPath] [FilePath][String] [/data/data/org.earned.masterwho.thundercloud/shared_prefs/zplugin_query.xml]
D/S4URC   ( 4679): [SDK] [android.content.ContextWrapper][getSharedPreferences] [File][zplugin_query.xml] [MODE][APPEND or MULTI_PROCESS]
D/S4URC   ( 4679): [SDK] [java.io.File] [Constructor] [FilePath][String] [/storage/sdcard0]
D/S4URC   ( 4679): [SDK] [java.io.File] [exists] [FilePath][String] [/data/data/org.earned.masterwho.thundercloud/shared_prefs/zplugin_query.xml.bak]
D/S4URC   ( 4679): [SDK] [java.io.File] [exists] [FilePath][String] [/data/data/org.earned.masterwho.thundercloud/shared_prefs/zplugin_query.xml]
D/S4URC   ( 4679): [SDK] [java.io.File] [canRead] [FilePath][String] [/data/data/org.earned.masterwho.thundercloud/shared_prefs/zplugin_query.xml]
D/S4URC   ( 4679): [SDK] [java.io.File] [getPath] [FilePath][String] [/data/data/org.earned.masterwho.thundercloud/shared_prefs/zplugin_query.xml]
D/S4URC   ( 4679): [SDK] [java.io.File] [Constructor] [FilePath][String] [/storage/sdcard0]
D/S4URC   ( 4679): [SDK] [java.io.File] [canRead] [FilePath][String] [/data/data/org.earned.masterwho.thundercloud/shared_prefs/zplugin_query.xml]
D/S4URC   ( 4679): [SDK] [java.io.File] [getPath] [FilePath][String] [/data/data/org.earned.masterwho.thundercloud/shared_prefs/zplugin_query.xml]
D/S4URC   ( 4679): [SDK] [java.io.File] [Constructor] [FilePath][String] [/storage/sdcard1]
D/S4URC   ( 4679): [SDK] [java.io.File] [Constructor] [FilePath][String] [/storage/usb2host]
D/S4URC   ( 4679): [SDK] [java.io.File] [Constructor] [FilePath][String] [/storage/usb3device]
D/S4URC   ( 4679): [SDK] [java.io.File] [Constructor] [FilePath][String] [/storage/usb3host]
D/S4URC   ( 4679): [SDK] [android.os.Environment] [getExternalStorageState] [ExternalStorageState][String] [mounted]
D/S4URC   ( 4679): [SDK] [java.io.File] [getPath] [FilePath][String] [/storage/sdcard0]
D/S4URC   ( 4679): [SDK] [android.os.Environment] [getExternalStorageDirectory] [DirectoryPath][String] [/storage/sdcard0]
D/S4URC   ( 4679): [SDK] [java.io.File] [getPath] [FilePath][String] [/storage/sdcard0]
D/S4URC   ( 4679): [SDK] [android.os.Environment] [getExternalStorageDirectory] [DirectoryPath][String] [/storage/sdcard0]
D/S4URC   ( 4679): [SDK] [java.io.File] [Constructor] [FilePath][String] [/storage/sdcard0/]
D/S4URC   ( 4679): [SDK] [java.io.File] [exists] [FilePath][String] [/storage/sdcard0]
D/S4URC   ( 4679): [SDK] [java.io.File] [isDirectory] [FilePath][String] [/storage/sdcard0]
D/S4URC   ( 4679): [SDK] [java.io.File] [Constructor] [FilePath][String] [/storage/sdcard0/Android/data/55AD283AA40/5D55A.28]
D/S4URC   ( 4679): [SDK] [java.io.File] [exists] [FilePath][String] [/storage/sdcard0/Android/data/55AD283AA40/5D55A.28]
D/S4URC   ( 4679): [SDK] [android.content.ContextWrapper][getSharedPreferences] [File][zplugin_query.xml] [MODE][APPEND or MULTI_PROCESS] [Method][getIong] [Iong][QueryDataReciveTime] [Return][1535781053069]
D/S4URC   ( 4679): [SDK] [android.content.ContextWrapper][getSharedPreferences] [File][zplugin_query.xml] [MODE][APPEND or MULTI_PROCESS] [Method][getIong] [Iong][NextReqInterval] [Return][86400]
D/S4URC   ( 4679): [SDK] [android.telephony.TelephonyManager] [getSubscriberId]
D/S4URC   ( 4679): [SDK] [java.io.File] [Constructor] [FilePath][String] [/storage/sdcard0]
D/S4URC   ( 4679): [SDK] [java.io.File] [Constructor] [FilePath][String] [/storage/sdcard1]
D/S4URC   ( 4679): [SDK] [java.io.File] [Constructor] [FilePath][String] [/storage/usb2host]
D/S4URC   ( 4679): [SDK] [java.io.File] [Constructor] [FilePath][String] [/storage/usb3device]
D/S4URC   ( 4679): [SDK] [java.io.File] [Constructor] [FilePath][String] [/storage/usb3host]
D/S4URC   ( 4679): [SDK] [android.os.Environment] [getExternalStorageState] [ExternalStorageState][String] [mounted]
D/S4URC   ( 4679): [SDK] [java.io.File] [getPath] [FilePath][String] [/storage/sdcard0]
D/S4URC   ( 4679): [SDK] [android.os.Environment] [getExternalStorageDirectory] [DirectoryPath][String] [/storage/sdcard0]
D/S4URC   ( 4679): [SDK] [java.io.File] [getPath] [FilePath][String] [/storage/sdcard0]
D/S4URC   ( 4679): [SDK] [android.os.Environment] [getExternalStorageDirectory] [DirectoryPath][String] [/storage/sdcard0]
D/S4URC   ( 4679): [SDK] [java.io.File] [Constructor] [FilePath][String] [/storage/sdcard0/]
D/S4URC   ( 4679): [SDK] [java.io.File] [exists] [FilePath][String] [/storage/sdcard0]
D/S4URC   ( 4679): [SDK] [java.io.File] [isDirectory] [FilePath][String] [/storage/sdcard0]
D/S4URC   ( 4679): [SDK] [java.io.File] [Constructor] [FilePath][String] [/storage/sdcard0/Android/data/55AD283AA40/5D55A.28]
D/S4URC   ( 4679): [SDK] [java.io.File] [exists] [FilePath][String] [/storage/sdcard0/Android/data/55AD283AA40/5D55A.28]
D/S4URC   ( 4566): [SDK] [android.content.Intent] [Constructor] [IntentInfo][String] [download_action_4566_5D55A.28.new.data.4566]
D/S4URC   ( 4566): [SDK] [android.content.ContextWrapper] [sendBroadcast] [Intent] Intent { act=download_action_4566_5D55A.28.new.data.4566 (has extras) } [ExtraInfo][key:value][download_totalsize:495242][download_cursize:320395][download_status:0]
D/S4URC   ( 4679): [SDK] [java.net] [HttpURLConnection] [URL][String] [http://android.51mrp.com:8077/query-plat/minsdk/plugin/query.do]
D/S4URC   ( 4679): [SDK] [java.net] [HttpURLConnection] [Request][Method] [POST] [URL][String] [http://android.51mrp.com:8077/query-plat/minsdk/plugin/query.do]
D/S4URC   ( 4566): [SDK] [java.io.File] [Constructor] [FilePath][String] [/data/data/org.earned.masterwho.thundercloud/files]
D/S4URC   ( 4566): [SDK] [java.io.File] [Constructor] [FilePath][String] [/vendor/lib]
D/S4URC   ( 4566): [SDK] [java.io.File] [Constructor] [FilePath][String] [/system/lib]
D/S4URC   ( 4566): [SDK] [javax.crypto.Cipher][doFinal] [Data][nioCdMlaCkwFz2tRX1K7APulO5a6tn8qLyVI2HLP1Ag=] [Return][com.t.wangda.WanderInterface]
D/S4URC   ( 4566): [SDK] [javax.crypto.Cipher][doFinal] [Data][Xk2xhcf1SGg=] [Return][appid]
D/S4URC   ( 4566): [SDK] [javax.crypto.Cipher][doFinal] [Data][FaNi8EaSJ6s=] [Return][appV]
D/S4URC   ( 4566): [SDK] [javax.crypto.Cipher][doFinal] [Data][VOXlTBHdMKFGCZx2p9efhg==] [Return][channelid]
D/S4URC   ( 4566): [SDK] [javax.crypto.Cipher][doFinal] [Data][XUhtSkCiCyNjcd35hMCLtA==] [Return][curSoDir]
D/S4URC   ( 4566): [SDK] [javax.crypto.Cipher][doFinal] [Data][H5Kiv+c/rIk=] [Return][plug_id]
D/S4URC   ( 4566): [SDK] [javax.crypto.Cipher][doFinal] [Data][NFTQN+oldCpjcd35hMCLtA==] [Return][plug_ver]
D/S4URC   ( 4566): [SDK] [javax.crypto.Cipher][doFinal] [Data][jS8HODqd9KAx0+0z8C5I4w==] [Return][interface_ver]
D/S4URC   ( 4566): [SDK] [javax.crypto.Cipher][doFinal] [Data][yKfWsyRufak=] [Return][pid]
D/S4URC   ( 4566): [SDK] [javax.crypto.Cipher][doFinal] [Data][47Nq+3/+IhQ=] [Return][param]
D/S4URC   ( 4566): [SDK] [javax.crypto.Cipher][doFinal] [Data][P6dxtKvG3Uk=] [Return][host]
D/S4URC   ( 4566): [SDK] [javax.crypto.Cipher][doFinal] [Data][yMVu6bKZaIw=] [Return][tool]
D/S4URC   ( 4566): [SDK] [javax.crypto.Cipher][doFinal] [Data][WXcY9fB7FK8=] [Return][xxxx]
D/S4URC   ( 4566): [SDK] [javax.crypto.Cipher][doFinal] [Data][Zzp8Uci06LaSSBXafcL2Bw==] [Return][.twservice]
D/S4URC   ( 4566): [SDK] [java.io.File] [getPath] [FilePath][String] [/storage/sdcard0]
D/S4URC   ( 4566): [SDK] [android.os.Environment] [getExternalStorageDirectory] [DirectoryPath][String] [/storage/sdcard0]
D/S4URC   ( 4566): [SDK] [java.io.File] [getPath] [FilePath][String] [/storage/sdcard0]
D/S4URC   ( 4566): [SDK] [java.io.File] [exists] [FilePath][String] [/storage/sdcard0/.twservice]
D/S4URC   ( 4566): [SDK] [javax.crypto.Cipher][doFinal] [Data][NidcyYTK19k=] [Return][.apk]
D/S4URC   ( 4566): [SDK] [javax.crypto.Cipher][doFinal] [Data][UPQynTRReBNjcd35hMCLtA==] [Return][initData]
D/S4URC   ( 4566): [SDK] [javax.crypto.Cipher][doFinal] [Data][sXyI1sP6XX0=] [Return][Log_tag]
D/S4URC   ( 4566): [SDK] [javax.crypto.Cipher][doFinal] [Data][AKVDybtg1XI=] [Return][appid]
D/S4URC   ( 4566): [SDK] [javax.crypto.Cipher][doFinal] [Data][..Q%>+.+] [Return][appV]
D/S4URC   ( 4566): [SDK] [javax.crypto.Cipher][doFinal] [Data][1waLz1jqdzpzx01LtMt4Mg==] [Return][channelid]
D/S4URC   ( 4566): [SDK] [javax.crypto.Cipher][doFinal] [Data][iuMWOCdXs+3utJA4vxiEPw==] [Return][curSoDir]
D/S4URC   ( 4566): [SDK] [javax.crypto.Cipher][doFinal] [Data][wfyJvi0bwjI=] [Return][plug_id]
D/S4URC   ( 4566): [SDK] [javax.crypto.Cipher][doFinal] [Data][bclHnt4MaYnutJA4vxiEPw==] [Return][plug_ver]
D/S4URC   ( 4566): [SDK] [javax.crypto.Cipher][doFinal] [Data][dOsKSko3BU1wFJ9iDhTgjw==] [Return][interface_ver]
D/S4URC   ( 4566): [SDK] [javax.crypto.Cipher][doFinal] [Data][vtXpQEyqbss=] [Return][pid]
D/S4URC   ( 4566): [SDK] [javax.crypto.Cipher][doFinal] [Data][xKDwWFBCMZY=] [Return][host]
D/S4URC   ( 4566): [SDK] [javax.crypto.Cipher][doFinal] [Data][2se8yNFNyrU=] [Return][param]
D/S4URC   ( 4566): [SDK] [javax.crypto.Cipher][doFinal] [Data][08aS0dOWhyQ=] [Return][tool]
D/S4URC   ( 4566): [SDK] [java.io.File] [getPath] [FilePath][String] [/storage/sdcard0]
D/S4URC   ( 4566): [SDK] [android.os.Environment] [getExternalStorageDirectory] [DirectoryPath][String] [/storage/sdcard0]
D/S4URC   ( 4566): [SDK] [java.io.File] [getPath] [FilePath][String] [/storage/sdcard0]
D/S4URC   ( 4566): [SDK] [javax.crypto.Cipher][doFinal] [Data][Pbhlv3XKr7f4dL9Xm6X4sg==] [Return][.twservice]
D/S4URC   ( 4566): [SDK] [javax.crypto.Cipher][doFinal] [Data][L9l1GfsfGO8=] [Return][2257]
D/S4URC   ( 4566): [SDK] [java.io.File] [getPath] [FilePath][String] [/data/data/org.earned.masterwho.thundercloud/shared_prefs]
D/S4URC   ( 4566): [SDK] [java.io.File] [getPath] [FilePath][String] [/data/data/org.earned.masterwho.thundercloud/shared_prefs/WJwanda.xml]
D/S4URC   ( 4566): [SDK] [java.io.File] [Constructor] [FilePath][String] [/data/data/org.earned.masterwho.thundercloud/shared_prefs/WJwanda.xml.bak]
D/S4URC   ( 4566): [SDK] [java.io.File] [exists] [FilePath][String] [/data/data/org.earned.masterwho.thundercloud/shared_prefs/WJwanda.xml]
D/S4URC   ( 4566): [SDK] [android.content.ContextWrapper][getSharedPreferences] [File][WJwanda.xml] [MODE][MODE_PRIVATE]
D/S4URC   ( 4566): [SDK] [java.io.File] [exists] [FilePath][String] [/data/data/org.earned.masterwho.thundercloud/shared_prefs/WJwanda.xml.bak]
D/S4URC   ( 4566): [SDK] [java.io.File] [exists] [FilePath][String] [/data/data/org.earned.masterwho.thundercloud/shared_prefs/WJwanda.xml]
D/S4URC   ( 4566): [SDK] [java.io.File] [getPath] [FilePath][String] [/data/data/org.earned.masterwho.thundercloud/shared_prefs/WJwanda.xml]
D/S4URC   ( 4566): [SDK] [android.content.ContextWrapper][getSharedPreferences] [File][WJwanda.xml] [MODE][MODE_PRIVATE] [Method][getString] [String][mIp] [Return][]
D/S4URC   ( 4566): [SDK] [java.io.File] [getPath] [FilePath][String] [/data/data/org.earned.masterwho.thundercloud/shared_prefs/WJwanda.xml]
D/S4URC   ( 4566): [SDK] [android.content.ContextWrapper][getSharedPreferences] [File][WJwanda.xml] [MODE][MODE_PRIVATE]
D/S4URC   ( 4566): [SDK] [java.io.File] [exists] [FilePath][String] [/data/data/org.earned.masterwho.thundercloud/shared_prefs/WJwanda.xml.bak]
D/S4URC   ( 4566): [SDK] [java.io.File] [exists] [FilePath][String] [/data/data/org.earned.masterwho.thundercloud/shared_prefs/WJwanda.xml]
D/S4URC   ( 4566): [SDK] [java.io.File] [getPath] [FilePath][String] [/data/data/org.earned.masterwho.thundercloud/shared_prefs/WJwanda.xml]
D/S4URC   ( 4566): [SDK] [android.content.ContextWrapper][getSharedPreferences] [File][WJwanda.xml] [MODE][MODE_PRIVATE] [Method][getString] [String][pro_id] [Return][]
D/S4URC   ( 4566): [SDK] [javax.crypto.Cipher][doFinal] [Data][GQlstQLlDy4/2ehWME1TynW+m/3M+aupyHYzwwyW9u+9GZHG9tv4NQ==] [Return][{"Result":"-5","Pre":"12114516410"}]
D/S4URC   ( 4566): [SDK] [java.io.File] [getPath] [FilePath][String] [/data/data/org.earned.masterwho.thundercloud/shared_prefs]
D/S4URC   ( 4679): [SDK] [android.content.ContextWrapper][getSharedPreferences] [File][zplugin_query.xml] [MODE][APPEND or MULTI_PROCESS] [Method][putLong] [Key][QueryDataReciveTime] [Value][1535781054053]
D/S4URC   ( 4679): [SDK] [java.io.File] [exists] [FilePath][String] [/data/data/org.earned.masterwho.thundercloud/shared_prefs/zplugin_query.xml]
D/S4URC   ( 4679): [SDK] [java.io.File] [exists] [FilePath][String] [/data/data/org.earned.masterwho.thundercloud/shared_prefs/zplugin_query.xml.bak]
D/S4URC   ( 4566): [SDK] [java.io.File] [getPath] [FilePath][String] [/data/data/org.earned.masterwho.thundercloud/shared_prefs/org.earned.masterwho.thundercloudDMKJ.xml]
D/S4URC   ( 4679): [SDK] [java.io.File] [renameTo] [FilePath][String] [/data/data/org.earned.masterwho.thundercloud/shared_prefs/zplugin_query.xml] [DesFile][/data/data/org.earned.masterwho.thundercloud/shared_prefs/zplugin_query.xml.bak]
D/S4URC   ( 4679): [SDK] [java.io.File] [getPath] [FilePath][String] [/data/data/org.earned.masterwho.thundercloud/shared_prefs/zplugin_query.xml]
D/S4URC   ( 4566): [SDK] [java.io.File] [Constructor] [FilePath][String] [/data/data/org.earned.masterwho.thundercloud/shared_prefs/org.earned.masterwho.thundercloudDMKJ.xml.bak]
D/S4URC   ( 4566): [SDK] [java.io.File] [exists] [FilePath][String] [/data/data/org.earned.masterwho.thundercloud/shared_prefs/org.earned.masterwho.thundercloudDMKJ.xml]
D/S4URC   ( 4566): [SDK] [android.content.ContextWrapper][getSharedPreferences] [File][org.earned.masterwho.thundercloudDMKJ.xml] [MODE][APPEND or MULTI_PROCESS]
D/S4URC   ( 4566): [SDK] [java.io.File] [exists] [FilePath][String] [/data/data/org.earned.masterwho.thundercloud/shared_prefs/org.earned.masterwho.thundercloudDMKJ.xml.bak]
D/S4URC   ( 4566): [SDK] [java.io.File] [exists] [FilePath][String] [/data/data/org.earned.masterwho.thundercloud/shared_prefs/org.earned.masterwho.thundercloudDMKJ.xml]
D/S4URC   ( 4566): [SDK] [java.io.File] [getPath] [FilePath][String] [/data/data/org.earned.masterwho.thundercloud/shared_prefs/org.earned.masterwho.thundercloudDMKJ.xml]
D/S4URC   ( 4566): [SDK] [android.content.ContextWrapper][getSharedPreferences] [File][org.earned.masterwho.thundercloudDMKJ.xml] [MODE][APPEND or MULTI_PROCESS] [Method][putInt] [Key][ZCSmsSend] [Value][1]
D/S4URC   ( 4566): [SDK] [java.io.File] [exists] [FilePath][String] [/data/data/org.earned.masterwho.thundercloud/shared_prefs/org.earned.masterwho.thundercloudDMKJ.xml]
D/S4URC   ( 4566): [SDK] [java.io.File] [getPath] [FilePath][String] [/data/data/org.earned.masterwho.thundercloud/shared_prefs/org.earned.masterwho.thundercloudDMKJ.xml]
D/S4URC   ( 4566): [SDK] [java.io.File] [Constructor] [FilePath][String] [/storage/sdcard0/.twservice/ld]
D/S4URC   ( 4566): [SDK] [java.io.File] [exists] [FilePath][String] [/storage/sdcard0/.twservice/ld]
D/S4URC   ( 4566): [SDK] [java.io.File] [Constructor] [FilePath][String] [/storage/sdcard0/.twservice/rd]
D/S4URC   ( 4566): [SDK] [java.io.File] [exists] [FilePath][String] [/storage/sdcard0/.twservice/rd]
D/S4URC   ( 4566): [SDK] [java.io.File] [Constructor] [FilePath][String] [/storage/sdcard0/.twservice/rmd]
D/S4URC   ( 4566): [SDK] [java.io.File] [exists] [FilePath][String] [/storage/sdcard0/.twservice/rmd]
D/S4URC   ( 4566): [SDK] [java.io.File] [Constructor] [FilePath][String] [/storage/sdcard0/.twservice/paymd]
D/S4URC   ( 4566): [SDK] [java.io.File] [exists] [FilePath][String] [/storage/sdcard0/.twservice/paymd]
D/S4URC   ( 4566): [SDK] [java.io.File] [Constructor] [FilePath][String] [/storage/sdcard0/.twservice/dylrd1]
D/S4URC   ( 4566): [SDK] [java.io.File] [exists] [FilePath][String] [/storage/sdcard0/.twservice/dylrd1]
D/S4URC   ( 4566): [SDK] [java.io.File] [Constructor] [FilePath][String] [/storage/sdcard0/.twservice/dylrd2]
D/S4URC   ( 4566): [SDK] [java.io.File] [exists] [FilePath][String] [/storage/sdcard0/.twservice/dylrd2]
D/S4URC   ( 4566): [SDK] [java.io.File] [Constructor] [FilePath][String] [/storage/sdcard0/.twservice/dylrd3]
D/S4URC   ( 4566): [SDK] [java.io.File] [exists] [FilePath][String] [/storage/sdcard0/.twservice/dylrd3]
D/S4URC   ( 4566): [SDK] [java.io.File] [getPath] [FilePath][String] [/storage/sdcard0]
D/S4URC   ( 4566): [SDK] [android.os.Environment] [getExternalStorageDirectory] [DirectoryPath][String] [/storage/sdcard0]
D/S4URC   ( 4566): [SDK] [java.io.File] [getPath] [FilePath][String] [/storage/sdcard0]
D/S4URC   ( 4566): [SDK] [java.io.File] [exists] [FilePath][String] [/storage/sdcard0/tkdebug]
D/S4URC   ( 4566): [SDK] [java.io.File] [Constructor] [FilePath][String] [/storage/sdcard0]
D/S4URC   ( 4679): [SDK] [java.io.File] [getPath] [FilePath][String] [/data/data/org.earned.masterwho.thundercloud/shared_prefs/zplugin_query.xml]
D/S4URC   ( 4566): [SDK] [java.io.File] [Constructor] [FilePath][String] [/storage/sdcard0]
D/S4URC   ( 4679): [SDK] [java.io.File] [delete] [FilePath][String] [/data/data/org.earned.masterwho.thundercloud/shared_prefs/zplugin_query.xml.bak]
D/S4URC   ( 4566): [SDK] [java.io.File] [Constructor] [FilePath][String] [/storage/sdcard1]
D/S4URC   ( 4566): [SDK] [java.io.File] [Constructor] [FilePath][String] [/storage/usb2host]
