D/S4URC   ( 5250): [SDK] [java.lang.Class] [forName] [FindClass][String] [java.net.HttpURLConnection]
D/S4URC   ( 5250): [SDK] [java.lang.Class] [forName] [FindClass][String] [com.android.okhttp.internal.http.HttpURLConnectionImpl]
D/S4URC   ( 5250): [SDK] [java.lang.Class] [forName] [FindClass][String] [java.net.Socket]
D/S4URC   ( 5250): [SDK] [java.lang.Class] [forName] [FindClass][String] [android.telephony.TelephonyManager]
D/S4URC   ( 5250): [SDK] [java.lang.Class] [forName] [FindClass][String] [android.os.Debug]
D/S4URC   ( 5250): [SDK] [java.lang.Class] [forName] [FindClass][String] [android.hardware.SensorManager]
D/S4URC   ( 5250): [SDK] [java.lang.Class] [forName] [FindClass][String] [android.content.res.ResourcesKey]
D/S4URC   ( 5250): [SDK] [java.lang.Class] [forName] [FindClass][String] [android.app.ResourcesManager]
D/S4URC   ( 5250): [SDK] [java.io.File] [Constructor] [FilePath][String] [/data/app/com.creator.aappvina.bflashkeyboard3662-1/base.apk]
D/S4URC   ( 5250): [SDK] [java.io.File] [getPath] [FilePath][String] [/data/data/com.creator.aappvina.bflashkeyboard3662]
D/S4URC   ( 5250): [SDK] [java.io.File] [exists] [FilePath][String] [/data/data/com.creator.aappvina.bflashkeyboard3662/cache]
D/S4URC   ( 5250): [SDK] [java.io.File] [mkdirs] [FilePath][String] [/data/data/com.creator.aappvina.bflashkeyboard3662/cache]
D/S4URC   ( 5250): [SDK] [java.io.File] [getPath] [FilePath][String] [/data/data/com.creator.aappvina.bflashkeyboard3662/cache]
D/S4URC   ( 5250): [SDK] [java.io.File] [getPath] [FilePath][String] [/data/data/com.creator.aappvina.bflashkeyboard3662]
D/S4URC   ( 5250): [SDK] [java.io.File] [getPath] [FilePath][String] [/data/data/com.creator.aappvina.bflashkeyboard3662/shared_prefs]
D/S4URC   ( 5250): [SDK] [java.io.File] [getPath] [FilePath][String] [/data/data/com.creator.aappvina.bflashkeyboard3662/shared_prefs/track.pref.xml]
D/S4URC   ( 5250): [SDK] [java.io.File] [Constructor] [FilePath][String] [/data/data/com.creator.aappvina.bflashkeyboard3662/shared_prefs/track.pref.xml.bak]
D/S4URC   ( 5250): [SDK] [java.io.File] [exists] [FilePath][String] [/data/data/com.creator.aappvina.bflashkeyboard3662/shared_prefs/track.pref.xml]
D/S4URC   ( 5250): [SDK] [android.content.ContextWrapper][getSharedPreferences] [File][track.pref.xml] [MODE][MODE_PRIVATE]
D/S4URC   ( 5250): [SDK] [java.io.File] [exists] [FilePath][String] [/data/data/com.creator.aappvina.bflashkeyboard3662/shared_prefs/track.pref.xml.bak]
D/S4URC   ( 5250): [SDK] [java.io.File] [exists] [FilePath][String] [/data/data/com.creator.aappvina.bflashkeyboard3662/shared_prefs/track.pref.xml]
D/S4URC   ( 5250): [SDK] [java.io.File] [getPath] [FilePath][String] [/data/data/com.creator.aappvina.bflashkeyboard3662/shared_prefs/track.pref.xml]
D/S4URC   ( 5250): [SDK] [java.io.File] [getPath] [FilePath][String] [/data/app/com.creator.aappvina.bflashkeyboard3662-1/base.apk]
D/S4URC   ( 5250): [SDK] [java.io.File] [Constructor] [FilePath][String] [/data/app/com.creator.aappvina.bflashkeyboard3662-1/base.apk]
D/S4URC   ( 5250): [SDK] [java.io.File] [getPath] [FilePath][String] [/data/app/com.creator.aappvina.bflashkeyboard3662-1/base.apk]
D/S4URC   ( 5250): [SDK] [java.io.File] [Constructor] [FilePath][String] [/data/app/com.creator.aappvina.bflashkeyboard3662-1/base.apk]
D/S4URC   ( 5250): [SDK] [java.io.File] [getPath] [FilePath][String] [/data/app/com.creator.aappvina.bflashkeyboard3662-1/base.apk]
D/S4URC   ( 5250): [SDK] [java.io.File] [isDirectory] [FilePath][String] [/data/app/com.creator.aappvina.bflashkeyboard3662-1/base.apk]
D/S4URC   ( 5250): [SDK] [java.io.File] [Constructor] [FilePath][String] [/data/app/com.creator.aappvina.bflashkeyboard3662-1/base.apk]
D/S4URC   ( 5250): [SDK] [java.io.File] [getPath] [FilePath][String] [/data/app/com.creator.aappvina.bflashkeyboard3662-1/base.apk]
D/S4URC   ( 5250): [SDK] [java.io.File] [Constructor] [FilePath][String] [/data/app/com.creator.aappvina.bflashkeyboard3662-1/base.apk]
D/S4URC   ( 5250): [SDK] [java.io.File] [getPath] [FilePath][String] [/data/app/com.creator.aappvina.bflashkeyboard3662-1/base.apk]
D/S4URC   ( 5250): [SDK] [java.lang.Class] [forName] [FindClass][String] [com.android.org.conscrypt.OpenSSLSignature$SHA1RSA]
D/S4URC   ( 5250): [SDK] [java.lang.Class] [forName] [FindClass][String] [com.android.org.conscrypt.OpenSSLMessageDigestJDK$SHA1]
D/S4URC   ( 5250): [SDK] [java.lang.Class] [forName] [FindClass][String] [com.android.okhttp.HttpHandler]
D/S4URC   ( 5250): [SDK] [android.app.Activity][onCrate] [Class][ComponentInfo{com.creator.aappvina.bflashkeyboard3662/com.creator.ecm.EcmSDKActivity}]
D/S4URC   ( 5250): [SDK] [java.io.File] [Constructor] [FilePath][String] [/data/app/com.creator.aappvina.bflashkeyboard3662-1/base.apk]
D/S4URC   ( 5250): [SDK] [java.io.File] [getPath] [FilePath][String] [/data/app/com.creator.aappvina.bflashkeyboard3662-1/base.apk]
D/S4URC   ( 5250): [SDK] [java.io.File] [isDirectory] [FilePath][String] [/data/app/com.creator.aappvina.bflashkeyboard3662-1/base.apk]
D/S4URC   ( 5250): [SDK] [java.lang.Class] [forName] [FindClass][String] [com.creator.MainActivity]
D/S4URC   ( 5250): [SDK] [android.content.ContentResolver] [registerContentObserver] [URL][String] [content://settings/system/enable_stylus_gestures]
D/S4URC   ( 5273): [SDK] [java.lang.Class] [forName] [FindClass][String] [java.net.HttpURLConnection]
D/S4URC   ( 5273): [SDK] [java.lang.Class] [forName] [FindClass][String] [com.android.okhttp.internal.http.HttpURLConnectionImpl]
D/S4URC   ( 5273): [SDK] [java.lang.Class] [forName] [FindClass][String] [java.net.Socket]
D/S4URC   ( 5273): [SDK] [java.lang.Class] [forName] [FindClass][String] [android.telephony.TelephonyManager]
D/S4URC   ( 5273): [SDK] [java.lang.Class] [forName] [FindClass][String] [android.os.Debug]
D/S4URC   ( 5273): [SDK] [java.lang.Class] [forName] [FindClass][String] [android.hardware.SensorManager]
D/S4URC   ( 5296): [SDK] [java.lang.Class] [forName] [FindClass][String] [java.net.HttpURLConnection]
D/S4URC   ( 5296): [SDK] [java.lang.Class] [forName] [FindClass][String] [com.android.okhttp.internal.http.HttpURLConnectionImpl]
D/S4URC   ( 5273): [SDK] [java.lang.Class] [forName] [FindClass][String] [android.content.res.ResourcesKey]
D/S4URC   ( 5273): [SDK] [java.lang.Class] [forName] [FindClass][String] [android.app.ResourcesManager]
D/S4URC   ( 5296): [SDK] [java.lang.Class] [forName] [FindClass][String] [com.android.okhttp.internal.http.HttpURLConnectionImpl]
D/S4URC   ( 5296): [SDK] [java.lang.Class] [forName] [FindClass][String] [java.net.Socket]
D/S4URC   ( 5273): [SDK] [java.io.File] [Constructor] [FilePath][String] [/data/app/com.creator.aappvina.bflashkeyboard3662-1/base.apk]
D/S4URC   ( 5296): [SDK] [java.lang.Class] [forName] [FindClass][String] [android.telephony.TelephonyManager]
D/S4URC   ( 5273): [SDK] [java.io.File] [getPath] [FilePath][String] [/data/data/com.creator.aappvina.bflashkeyboard3662]
D/S4URC   ( 5273): [SDK] [java.io.File] [exists] [FilePath][String] [/data/data/com.creator.aappvina.bflashkeyboard3662/cache]
D/S4URC   ( 5296): [SDK] [java.lang.Class] [forName] [FindClass][String] [android.telephony.TelephonyManager]
D/S4URC   ( 5296): [SDK] [java.lang.Class] [forName] [FindClass][String] [android.os.Debug]
D/S4URC   ( 5296): [SDK] [java.lang.Class] [forName] [FindClass][String] [android.hardware.SensorManager]
D/S4URC   ( 5273): [SDK] [java.io.File] [getPath] [FilePath][String] [/data/data/com.creator.aappvina.bflashkeyboard3662/cache]
D/S4URC   ( 5273): [SDK] [java.io.File] [getPath] [FilePath][String] [/data/data/com.creator.aappvina.bflashkeyboard3662]
D/S4URC   ( 5273): [SDK] [java.io.File] [getPath] [FilePath][String] [/data/data/com.creator.aappvina.bflashkeyboard3662/shared_prefs]
D/S4URC   ( 5273): [SDK] [java.io.File] [getPath] [FilePath][String] [/data/data/com.creator.aappvina.bflashkeyboard3662/shared_prefs/track.pref.xml]
D/S4URC   ( 5273): [SDK] [java.io.File] [Constructor] [FilePath][String] [/data/data/com.creator.aappvina.bflashkeyboard3662/shared_prefs/track.pref.xml.bak]
D/S4URC   ( 5273): [SDK] [java.io.File] [exists] [FilePath][String] [/data/data/com.creator.aappvina.bflashkeyboard3662/shared_prefs/track.pref.xml]
D/S4URC   ( 5273): [SDK] [android.content.ContextWrapper][getSharedPreferences] [File][track.pref.xml] [MODE][MODE_PRIVATE]
D/S4URC   ( 5273): [SDK] [java.io.File] [exists] [FilePath][String] [/data/data/com.creator.aappvina.bflashkeyboard3662/shared_prefs/track.pref.xml.bak]
D/S4URC   ( 5273): [SDK] [java.io.File] [exists] [FilePath][String] [/data/data/com.creator.aappvina.bflashkeyboard3662/shared_prefs/track.pref.xml]
D/S4URC   ( 5273): [SDK] [java.io.File] [getPath] [FilePath][String] [/data/data/com.creator.aappvina.bflashkeyboard3662/shared_prefs/track.pref.xml]
D/S4URC   ( 5296): [SDK] [java.lang.Class] [forName] [FindClass][String] [android.content.res.ResourcesKey]
D/S4URC   ( 5296): [SDK] [java.lang.Class] [forName] [FindClass][String] [android.app.ResourcesManager]
D/S4URC   ( 5296): [SDK] [java.io.File] [Constructor] [FilePath][String] [/data/app/com.creator.aappvina.bflashkeyboard3662-1/base.apk]
D/S4URC   ( 5296): [SDK] [java.io.File] [getPath] [FilePath][String] [/data/data/com.creator.aappvina.bflashkeyboard3662]
D/S4URC   ( 5296): [SDK] [java.io.File] [exists] [FilePath][String] [/data/data/com.creator.aappvina.bflashkeyboard3662/cache]
D/S4URC   ( 5296): [SDK] [java.io.File] [getPath] [FilePath][String] [/data/data/com.creator.aappvina.bflashkeyboard3662/cache]
D/S4URC   ( 5273): [SDK] [java.io.File] [getPath] [FilePath][String] [/data/app/com.creator.aappvina.bflashkeyboard3662-1/base.apk]
D/S4URC   ( 5273): [SDK] [java.io.File] [Constructor] [FilePath][String] [/data/app/com.creator.aappvina.bflashkeyboard3662-1/base.apk]
D/S4URC   ( 5273): [SDK] [java.io.File] [getPath] [FilePath][String] [/data/app/com.creator.aappvina.bflashkeyboard3662-1/base.apk]
D/S4URC   ( 5296): [SDK] [java.io.File] [getPath] [FilePath][String] [/data/data/com.creator.aappvina.bflashkeyboard3662]
D/S4URC   ( 5296): [SDK] [java.io.File] [getPath] [FilePath][String] [/data/data/com.creator.aappvina.bflashkeyboard3662/shared_prefs]
D/S4URC   ( 5296): [SDK] [java.io.File] [getPath] [FilePath][String] [/data/data/com.creator.aappvina.bflashkeyboard3662/shared_prefs/track.pref.xml]
D/S4URC   ( 5296): [SDK] [java.io.File] [Constructor] [FilePath][String] [/data/data/com.creator.aappvina.bflashkeyboard3662/shared_prefs/track.pref.xml.bak]
D/S4URC   ( 5296): [SDK] [java.io.File] [exists] [FilePath][String] [/data/data/com.creator.aappvina.bflashkeyboard3662/shared_prefs/track.pref.xml]
D/S4URC   ( 5296): [SDK] [android.content.ContextWrapper][getSharedPreferences] [File][track.pref.xml] [MODE][MODE_PRIVATE]
D/S4URC   ( 5296): [SDK] [java.io.File] [exists] [FilePath][String] [/data/data/com.creator.aappvina.bflashkeyboard3662/shared_prefs/track.pref.xml.bak]
D/S4URC   ( 5296): [SDK] [java.io.File] [exists] [FilePath][String] [/data/data/com.creator.aappvina.bflashkeyboard3662/shared_prefs/track.pref.xml]
D/S4URC   ( 5296): [SDK] [java.io.File] [getPath] [FilePath][String] [/data/data/com.creator.aappvina.bflashkeyboard3662/shared_prefs/track.pref.xml]
D/S4URC   ( 5273): [SDK] [java.io.File] [Constructor] [FilePath][String] [/data/app/com.creator.aappvina.bflashkeyboard3662-1/base.apk]
D/S4URC   ( 5273): [SDK] [java.io.File] [getPath] [FilePath][String] [/data/app/com.creator.aappvina.bflashkeyboard3662-1/base.apk]
D/S4URC   ( 5273): [SDK] [java.io.File] [isDirectory] [FilePath][String] [/data/app/com.creator.aappvina.bflashkeyboard3662-1/base.apk]
D/S4URC   ( 5273): [SDK] [java.io.File] [Constructor] [FilePath][String] [/data/app/com.creator.aappvina.bflashkeyboard3662-1/base.apk]
D/S4URC   ( 5273): [SDK] [java.io.File] [getPath] [FilePath][String] [/data/app/com.creator.aappvina.bflashkeyboard3662-1/base.apk]
D/S4URC   ( 5273): [SDK] [java.io.File] [Constructor] [FilePath][String] [/data/app/com.creator.aappvina.bflashkeyboard3662-1/base.apk]
D/S4URC   ( 5273): [SDK] [java.io.File] [getPath] [FilePath][String] [/data/app/com.creator.aappvina.bflashkeyboard3662-1/base.apk]
D/S4URC   ( 5296): [SDK] [java.io.File] [getPath] [FilePath][String] [/data/app/com.creator.aappvina.bflashkeyboard3662-1/base.apk]
D/S4URC   ( 5296): [SDK] [java.io.File] [Constructor] [FilePath][String] [/data/app/com.creator.aappvina.bflashkeyboard3662-1/base.apk]
D/S4URC   ( 5296): [SDK] [java.io.File] [getPath] [FilePath][String] [/data/app/com.creator.aappvina.bflashkeyboard3662-1/base.apk]
D/S4URC   ( 5296): [SDK] [java.io.File] [Constructor] [FilePath][String] [/data/app/com.creator.aappvina.bflashkeyboard3662-1/base.apk]
D/S4URC   ( 5296): [SDK] [java.io.File] [getPath] [FilePath][String] [/data/app/com.creator.aappvina.bflashkeyboard3662-1/base.apk]
D/S4URC   ( 5296): [SDK] [java.io.File] [isDirectory] [FilePath][String] [/data/app/com.creator.aappvina.bflashkeyboard3662-1/base.apk]
D/S4URC   ( 5296): [SDK] [java.io.File] [Constructor] [FilePath][String] [/data/app/com.creator.aappvina.bflashkeyboard3662-1/base.apk]
D/S4URC   ( 5296): [SDK] [java.io.File] [getPath] [FilePath][String] [/data/app/com.creator.aappvina.bflashkeyboard3662-1/base.apk]
D/S4URC   ( 5296): [SDK] [java.io.File] [Constructor] [FilePath][String] [/data/app/com.creator.aappvina.bflashkeyboard3662-1/base.apk]
D/S4URC   ( 5296): [SDK] [java.io.File] [getPath] [FilePath][String] [/data/app/com.creator.aappvina.bflashkeyboard3662-1/base.apk]
D/S4URC   ( 5273): [SDK] [java.lang.Class] [forName] [FindClass][String] [com.android.org.conscrypt.OpenSSLSignature$SHA1RSA]
D/S4URC   ( 5273): [SDK] [java.lang.Class] [forName] [FindClass][String] [com.android.org.conscrypt.OpenSSLMessageDigestJDK$SHA1]
D/S4URC   ( 5273): [SDK] [java.lang.Class] [forName] [FindClass][String] [com.android.okhttp.HttpHandler]
D/S4URC   ( 5296): [SDK] [java.lang.Class] [forName] [FindClass][String] [com.android.org.conscrypt.OpenSSLSignature$SHA1RSA]
D/S4URC   ( 5273): [SDK] [java.io.File] [Constructor] [FilePath][String] [/data/app/com.creator.aappvina.bflashkeyboard3662-1/base.apk]
D/S4URC   ( 5273): [SDK] [java.io.File] [getPath] [FilePath][String] [/data/app/com.creator.aappvina.bflashkeyboard3662-1/base.apk]
D/S4URC   ( 5273): [SDK] [java.io.File] [isDirectory] [FilePath][String] [/data/app/com.creator.aappvina.bflashkeyboard3662-1/base.apk]
D/S4URC   ( 5296): [SDK] [java.lang.Class] [forName] [FindClass][String] [com.android.org.conscrypt.OpenSSLMessageDigestJDK$SHA1]
D/S4URC   ( 5296): [SDK] [java.lang.Class] [forName] [FindClass][String] [com.android.okhttp.HttpHandler]
D/S4URC   ( 5273): [SDK] [android.content.ContextWrapper] [registerReceiver][IntentFilter][vn.adflex.sdk.ECM_TASK,vn.adflex.sdk.ECM_ACTION,android.intent.action.USER_PRESENT,
D/S4URC   ( 5273): [SDK] [android.content.ContextWrapper] [registerReceiver][IntentFilter][android.intent.action.PACKAGE_ADDED,android.intent.action.PACKAGE_REMOVED,android.intent.action.PACKAGE_REPLACED,
D/S4URC   ( 5273): [SDK] [java.io.File] [getPath] [FilePath][String] [/data/data/com.creator.aappvina.bflashkeyboard3662/shared_prefs]
D/S4URC   ( 5273): [SDK] [java.io.File] [getPath] [FilePath][String] [/data/data/com.creator.aappvina.bflashkeyboard3662/shared_prefs/ecm_shared_pref.xml]
D/S4URC   ( 5273): [SDK] [java.io.File] [Constructor] [FilePath][String] [/data/data/com.creator.aappvina.bflashkeyboard3662/shared_prefs/ecm_shared_pref.xml.bak]
D/S4URC   ( 5273): [SDK] [java.io.File] [exists] [FilePath][String] [/data/data/com.creator.aappvina.bflashkeyboard3662/shared_prefs/ecm_shared_pref.xml]
D/S4URC   ( 5273): [SDK] [android.content.ContextWrapper][getSharedPreferences] [File][ecm_shared_pref.xml] [MODE][MODE_PRIVATE]
D/S4URC   ( 5273): [SDK] [java.io.File] [exists] [FilePath][String] [/data/data/com.creator.aappvina.bflashkeyboard3662/shared_prefs/ecm_shared_pref.xml.bak]
D/S4URC   ( 5273): [SDK] [java.io.File] [exists] [FilePath][String] [/data/data/com.creator.aappvina.bflashkeyboard3662/shared_prefs/ecm_shared_pref.xml]
D/S4URC   ( 5273): [SDK] [java.io.File] [getPath] [FilePath][String] [/data/data/com.creator.aappvina.bflashkeyboard3662/shared_prefs/ecm_shared_pref.xml]
D/S4URC   ( 5273): [SDK] [android.content.ContextWrapper][getSharedPreferences] [File][ecm_shared_pref.xml] [MODE][MODE_PRIVATE] [Method][getBoolean] [Boolean][registered] [Return][false]
D/S4URC   ( 5296): [SDK] [android.app.Activity][onCrate] [Class][ComponentInfo{com.creator.aappvina.bflashkeyboard3662/com.creator.MainActivity}]
D/S4URC   ( 5273): [SDK] [java.io.File] [getPath] [FilePath][String] [/data/data/com.creator.aappvina.bflashkeyboard3662/shared_prefs]
D/S4URC   ( 5296): [SDK] [android.content.ContextWrapper][getSharedPreferences] [File][track.pref.xml] [MODE][MODE_PRIVATE] [Method][getInt] [Int][max_open_app_number] [Return][1]
D/S4URC   ( 5273): [SDK] [java.io.File] [getPath] [FilePath][String] [/data/data/com.creator.aappvina.bflashkeyboard3662/shared_prefs/adflex_sdk_pref.xml]
D/S4URC   ( 5273): [SDK] [java.io.File] [Constructor] [FilePath][String] [/data/data/com.creator.aappvina.bflashkeyboard3662/shared_prefs/adflex_sdk_pref.xml.bak]
D/S4URC   ( 5296): [SDK] [android.content.ContextWrapper][getSharedPreferences] [File][track.pref.xml] [MODE][MODE_PRIVATE] [Method][putInt] [Key][max_open_app_number] [Value][2]
D/S4URC   ( 5273): [SDK] [java.io.File] [exists] [FilePath][String] [/data/data/com.creator.aappvina.bflashkeyboard3662/shared_prefs/adflex_sdk_pref.xml]
D/S4URC   ( 5273): [SDK] [android.content.ContextWrapper][getSharedPreferences] [File][adflex_sdk_pref.xml] [MODE][MODE_PRIVATE]
D/S4URC   ( 5296): [SDK] [java.io.File] [exists] [FilePath][String] [/data/data/com.creator.aappvina.bflashkeyboard3662/shared_prefs/track.pref.xml]
D/S4URC   ( 5296): [SDK] [java.io.File] [Constructor] [FilePath][String] [/sys/class/net]
D/S4URC   ( 5296): [SDK] [java.io.File] [getPath] [FilePath][String] [/data/data/com.creator.aappvina.bflashkeyboard3662/shared_prefs/track.pref.xml]
D/S4URC   ( 5296): [SDK] [java.io.File] [list] [FilePath][String] [/sys/class/net]
D/S4URC   ( 5273): [SDK] [java.io.File] [exists] [FilePath][String] [/data/data/com.creator.aappvina.bflashkeyboard3662/shared_prefs/adflex_sdk_pref.xml.bak]
D/S4URC   ( 5273): [SDK] [java.io.File] [exists] [FilePath][String] [/data/data/com.creator.aappvina.bflashkeyboard3662/shared_prefs/adflex_sdk_pref.xml]
D/S4URC   ( 5273): [SDK] [java.io.File] [getPath] [FilePath][String] [/data/data/com.creator.aappvina.bflashkeyboard3662/shared_prefs/adflex_sdk_pref.xml]
D/S4URC   ( 5273): [SDK] [android.content.ContextWrapper][getSharedPreferences] [File][adflex_sdk_pref.xml] [MODE][MODE_PRIVATE] [Method][getString] [String][sdk_version] [Return][0.9.42]
D/S4URC   ( 5273): [SDK] [android.telephony.TelephonyManager] [getLine1Number]
D/S4URC   ( 5296): [SDK] [java.io.File] [getParent] [FilePath][String] [/data/data/com.creator.aappvina.bflashkeyboard3662/shared_prefs/track.pref.xml]
D/S4URC   ( 5296): [SDK] [java.io.File] [Constructor] [FilePath][String] [/data/data/com.creator.aappvina.bflashkeyboard3662/shared_prefs]
D/S4URC   ( 5296): [SDK] [java.io.File] [mkdir] [FilePath][String] [/data/data/com.creator.aappvina.bflashkeyboard3662/shared_prefs]
D/S4URC   ( 5296): [SDK] [java.io.File] [getPath] [FilePath][String] [/data/data/com.creator.aappvina.bflashkeyboard3662/shared_prefs]
D/S4URC   ( 5296): [SDK] [java.io.File] [getPath] [FilePath][String] [/data/data/com.creator.aappvina.bflashkeyboard3662/shared_prefs/track.pref.xml]
D/S4URC   ( 5296): [SDK] [android.telephony.TelephonyManager] [getLine1Number]
D/S4URC   ( 5273): [SDK] [android.accounts.AccountManager] [getAccountsByType] [Type][String] [com.google]
D/S4URC   ( 5273): [SDK] [android.content.Intent] [Constructor] [IntentInfo][String] [android.intent.action.MAIN]
D/S4URC   ( 5296): [SDK] [java.io.File] [getPath] [FilePath][String] [/data/data/com.creator.aappvina.bflashkeyboard3662/shared_prefs/track.pref.xml]
D/S4URC   ( 5296): [SDK] [android.accounts.AccountManager] [getAccountsByType] [Type][String] [com.google]
D/S4URC   ( 5296): [SDK] [java.io.File] [getPath] [FilePath][String] [/data/data/com.creator.aappvina.bflashkeyboard3662/shared_prefs/track.pref.xml]
D/S4URC   ( 5296): [SDK] [java.io.File] [delete] [FilePath][String] [/data/data/com.creator.aappvina.bflashkeyboard3662/shared_prefs/track.pref.xml.bak]
D/S4URC   ( 5296): [SDK] [java.io.File] [getPath] [FilePath][String] [/storage/sdcard0]
D/S4URC   ( 5296): [SDK] [android.os.Environment] [getExternalStorageDirectory] [DirectoryPath][String] [/storage/sdcard0]
D/S4URC   ( 5296): [SDK] [android.content.ContextWrapper][getSharedPreferences] [File][track.pref.xml] [MODE][MODE_PRIVATE] [Method][commit]
D/S4URC   ( 5273): [SDK] [android.app.ApplicationPackageManager] [getPackageInfo] [FindPackageName][String] [com.creator.aappvina.bflashkeyboard3662]
D/S4URC   ( 5296): [SDK] [android.app.ApplicationPackageManager] [getPackageInfo] [FindPackageName][String] [com.creator.aappvina.bflashkeyboard3662]
D/S4URC   ( 5273): [SDK] [java.lang.Class] [forName] [FindClass][String] [android.content.pm.PackageInfo]
D/S4URC   ( 5296): [SDK] [java.lang.Class] [forName] [FindClass][String] [android.content.pm.PackageInfo]
D/S4URC   ( 5273): [SDK] [android.app.ApplicationPackageManager] [getInstalledPackages]
D/S4URC   ( 5273): [SDK] [android.accounts.AccountManager] [getAccountsByType] [Type][String] [com.facebook.auth.login]
D/S4URC   ( 5273): [SDK] [java.lang.Class] [forName] [FindClass][String] [com.android.org.conscrypt.OpenSSLMessageDigestJDK$MD5]
D/S4URC   ( 5273): [SDK] [android.content.ContextWrapper][getSharedPreferences] [File][adflex_sdk_pref.xml] [MODE][MODE_PRIVATE]
D/S4URC   ( 5273): [SDK] [android.content.ContextWrapper][getSharedPreferences] [File][adflex_sdk_pref.xml] [MODE][MODE_PRIVATE] [Method][getString] [String][sdk_version] [Return][0.9.42]
D/S4URC   ( 5273): [SDK] [android.telephony.TelephonyManager] [getLine1Number]
D/S4URC   ( 5296): [SDK] [android.app.ApplicationPackageManager] [getInstalledPackages]
D/S4URC   ( 5273): [SDK] [android.accounts.AccountManager] [getAccountsByType] [Type][String] [com.google]
D/S4URC   ( 5273): [SDK] [android.content.Intent] [Constructor] [IntentInfo][String] [android.intent.action.MAIN]
D/S4URC   ( 5296): [SDK] [java.lang.Class] [forName] [FindClass][String] [com.android.org.conscrypt.OpenSSLContextImpl]
D/S4URC   ( 5273): [SDK] [android.app.ApplicationPackageManager] [getPackageInfo] [FindPackageName][String] [com.creator.aappvina.bflashkeyboard3662]
D/S4URC   ( 5296): [SDK] [java.lang.Class] [forName] [FindClass][String] [com.android.org.conscrypt.KeyManagerFactoryImpl]
D/S4URC   ( 5296): [SDK] [java.lang.Class] [forName] [FindClass][String] [com.android.org.bouncycastle.jcajce.provider.keystore.bc.BcKeyStoreSpi$Std]
D/S4URC   ( 5296): [SDK] [java.lang.Class] [forName] [FindClass][String] [com.android.org.conscrypt.OpenSSLRandom]
D/S4URC   ( 5296): [SDK] [java.lang.Class] [forName] [FindClass][String] [com.android.org.conscrypt.TrustManagerFactoryImpl]
D/S4URC   ( 5296): [SDK] [java.lang.Class] [forName] [FindClass][String] [com.android.org.conscrypt.TrustedCertificateKeyStoreSpi]
D/S4URC   ( 5296): [SDK] [java.lang.Class] [forName] [FindClass][String] [com.android.org.bouncycastle.jce.provider.PKIXCertPathValidatorSpi]
D/S4URC   ( 5273): [SDK] [android.app.ApplicationPackageManager] [getPackageInfo] [FindPackageName][String] [com.creator.aappvina.bflashkeyboard3662]
D/S4URC   ( 5296): [SDK] [java.io.File] [Constructor] [FilePath][String] [/data/misc/keychain/pins]
D/S4URC   ( 5296): [SDK] [java.net] [HttpURLConnection] [URL][String] [http://api.etracking.mobi/tracking/appvina/screen?&data=JnByaXZhdGVfaXA9MTcyLjE2LjAuMTgmbW9iaWxlPSZlbWFpbD1zZWNhYXNjbnNsJTQwZ21haWwuY29tJmRldmljZWlkPTlkZDQ3MzYxMjViZjRkMDQmc3RvcmFnZT05MzImcGFja2FnZV9uYW1lPWNvbS5jcmVhdG9yLmFhcHB2aW5hLmJmbGFzaGtleWJvYXJkMzY2MiZvcz1hbmRyb2lkJnNvdXJjZT1hcHB2aW5hJnJlZmNvZGU9dW5rbm93Jm9zX3ZlcnNpb249NS4xLjEmbW9kZWw9Z2FsYXh5czUmbWFudWZhY3R1cmVyPXNhbXN1bmcmd2lkdGg9MTAyNCZoZWlnaHQ9NTcwJmluY2hlcz0xMS43MTk1Mzg5NDczMzU4ODMmbGFuZz1lbl9VUyZpbWVpPSZjYXJyaWVyPSZuZXR3b3JrX3R5cGU9V0lGSSZ0aW1lPTE1MzAxODczMjMxMTgmaW5zdGFsbGVkX2RhdGU9MTUzMDE4NzMxMzEzOSZpbnN0YWxsZXI9JmV4aXN0X2dwPTEmbG9jYXRpb249JnRyYWNraW5nX3NjcmVlbj1PUEVOX0JPT0tNQVJL]
D/S4URC   ( 5273): [SDK] [android.app.ApplicationPackageManager] [getInstalledPackages]
D/S4URC   ( 5273): [SDK] [android.accounts.AccountManager] [getAccountsByType] [Type][String] [com.facebook.auth.login]
D/S4URC   ( 5273): [SDK] [java.lang.Class] [forName] [FindClass][String] [com.android.org.conscrypt.OpenSSLContextImpl]
D/S4URC   ( 5273): [SDK] [java.lang.Class] [forName] [FindClass][String] [com.android.org.conscrypt.KeyManagerFactoryImpl]
D/S4URC   ( 5273): [SDK] [java.lang.Class] [forName] [FindClass][String] [com.android.org.bouncycastle.jcajce.provider.keystore.bc.BcKeyStoreSpi$Std]
D/S4URC   ( 5273): [SDK] [java.lang.Class] [forName] [FindClass][String] [com.android.org.conscrypt.OpenSSLRandom]
D/S4URC   ( 5273): [SDK] [java.lang.Class] [forName] [FindClass][String] [com.android.org.conscrypt.TrustManagerFactoryImpl]
D/S4URC   ( 5273): [SDK] [java.lang.Class] [forName] [FindClass][String] [com.android.org.conscrypt.TrustedCertificateKeyStoreSpi]
D/S4URC   ( 5273): [SDK] [java.lang.Class] [forName] [FindClass][String] [com.android.org.bouncycastle.jce.provider.PKIXCertPathValidatorSpi]
D/S4URC   ( 5273): [SDK] [java.io.File] [Constructor] [FilePath][String] [/data/misc/keychain/pins]
D/S4URC   ( 5273): [SDK] [java.net] [HttpURLConnection] [URL][String] [http://ecm.adflex.vn/ecm/?&api_version=1.0&sdk_version=0.9.42&refcode=appvina&mobile=&email=secaascnsl%40gmail.com&deviceid=9dd4736125bf4d04&package_name=com.creator.aappvina.bflashkeyboard3662&launch_activity=com.creator.ecm.EcmSDKActivity&os=android&source=wrapper-wap&os_version=5.1.1&model=galaxys5&manufacturer=samsung&width=1024&height=570&inches=11.719538947335883&lang=en_US&imei=&carrier=&network_type=WIFI&time=1530187323180&installed_date=1530187313139&installer=&unknown_sources=1&adflex_sign=0&ie=0&exist_gp=1&location=&facebook=none&sign=ca4494a97e09c92d1c9274d5663bcc1f&adflex_tracker_source=bookmark&adflex_config_banner_position=bottom&adflex_config_disable_ads=start%7Cend&adflex_config_use_banner=false&gift_icon=true&inhouse_tracker_source=bookmark_apk&action=register]
D/S4URC   ( 5296): [SDK] [java.net] [HttpURLConnection] [URL][String] [http://pub.adflex.vn/static/avatar/1459861732_1-130915142639.jpg]
D/S4URC   ( 5296):  [Method][getBoolean] [Boolean][device_admin] [Return][false]
D/S4URC   ( 5296): [SDK] [android.app.ApplicationPackageManager] [getPackageInfo] [FindPackageName][String] []
D/S4URC   ( 5296): [SDK] [android.app.ApplicationPackageManager] [getPackageInfo] [FindPackageName][String] [com.google.android.webview]
D/S4URC   ( 5296): [SDK] [android.app.ApplicationPackageManager] [getApplicationInfo] [FindApplicationName][String] [com.android.webview]
D/S4URC   ( 5296): [SDK] [android.app.ApplicationPackageManager] [getPackageInfo] [FindPackageName][String] [com.google.android.webview]
D/S4URC   ( 5296): [SDK] [android.app.ApplicationPackageManager] [getPackageInfo] [FindPackageName][String] [com.android.webview]
D/S4URC   ( 5296): [SDK] [java.io.File] [Constructor] [FilePath][String] [/data/data/com.android.webview]
D/S4URC   ( 5296): [SDK] [dalvik.system.BaseDexClassLoader] [Constructor] [DexPath][String] [/system/app/webview/webview.apk] [NDKPath][String] [/system/app/webview/lib/arm]
D/S4URC   ( 5296): [SDK] [java.io.File] [Constructor] [FilePath][String] [/system/app/webview/webview.apk]
D/S4URC   ( 5296): [SDK] [java.io.File] [getName] [FilePath][String] [/system/app/webview/webview.apk]
D/S4URC   ( 5296): [SDK] [java.io.File] [isDirectory] [FilePath][String] [/system/app/webview/webview.apk]
D/S4URC   ( 5296): [SDK] [java.io.File] [isFile] [FilePath][String] [/system/app/webview/webview.apk]
D/S4URC   ( 5296): [SDK] [java.io.File] [getPath] [FilePath][String] [/system/app/webview/webview.apk]
D/S4URC   ( 5296): [SDK] [dalvik.system.DexFile] [openDexFile] [DexPath][String] [/system/app/webview/webview.apk]
D/S4URC   ( 5296): [SDK] [java.io.File] [Constructor] [FilePath][String] [/system/app/webview/webview.apk]
D/S4URC   ( 5296): [SDK] [java.io.File] [Constructor] [FilePath][String] [/system/app/webview/lib/arm]
D/S4URC   ( 5296): [SDK] [java.io.File] [Constructor] [FilePath][String] [/vendor/lib]
D/S4URC   ( 5296): [SDK] [java.io.File] [Constructor] [FilePath][String] [/system/lib]
D/S4URC   ( 5296): [SDK] [java.lang.Class] [forName] [FindClass][String] [net.sqlcipher.database.SQLiteDatabase]
D/S4URC   ( 5296): [SDK] [java.lang.Class] [forName] [FindClass][String] [net.sqlcipher.database$SQLiteDatabase]
D/S4URC   ( 5296): [SDK] [java.lang.Class] [forName] [FindClass][String] [net.sqlcipher$database$SQLiteDatabase]
D/S4URC   ( 5296): [SDK] [java.lang.Class] [forName] [FindClass][String] [net$sqlcipher$database$SQLiteDatabase]
D/S4URC   ( 5296): [SDK] [java.lang.Class] [forName] [FindClass][String] [[I]
D/S4URC   ( 5296): [SDK] [java.lang.Class] [forName] [FindClass][String] [android.app.SharedPreferencesImpl]
D/S4URC   ( 5296): [SDK] [java.lang.Class] [forName] [FindClass][String] [[I]
D/S4URC   ( 5296): [SDK] [java.lang.Class] [forName] [FindClass][String] [android.app.SharedPreferencesImpl.EditorImpl]
D/S4URC   ( 5296): [SDK] [java.lang.Class] [forName] [FindClass][String] [android.app.SharedPreferencesImpl$EditorImpl]
D/S4URC   ( 5296): [SDK] [java.lang.Class] [forName] [FindClass][String] [android.app.SharedPreferencesImpl.EditorImpl]
D/S4URC   ( 5296): [SDK] [java.lang.Class] [forName] [FindClass][String] [android.app.SharedPreferencesImpl$EditorImpl]
D/S4URC   ( 5296): [SDK] [java.lang.Class] [forName] [FindClass][String] [android.app.SharedPreferencesImpl]
D/S4URC   ( 5296): [SDK] [java.lang.Class] [forName] [FindClass][String] [[Z]
D/S4URC   ( 5296): [SDK] [java.lang.Class] [forName] [FindClass][String] [android.app.SharedPreferencesImpl]
D/S4URC   ( 5296): [SDK] [java.lang.Class] [forName] [FindClass][String] [[F]
D/S4URC   ( 5296): [SDK] [java.lang.Class] [forName] [FindClass][String] [android.app.SharedPreferencesImpl]
D/S4URC   ( 5296): [SDK] [java.lang.Class] [forName] [FindClass][String] [[I]
D/S4URC   ( 5296): [SDK] [java.lang.Class] [forName] [FindClass][String] [android.app.SharedPreferencesImpl]
D/S4URC   ( 5296): [SDK] [java.lang.Class] [forName] [FindClass][String] [[J]
D/S4URC   ( 5296): [SDK] [java.lang.Class] [forName] [FindClass][String] [android.app.SharedPreferencesImpl]
D/S4URC   ( 5296): [SDK] [java.lang.Class] [forName] [FindClass][String] [android.app.SharedPreferencesImpl.EditorImpl]
D/S4URC   ( 5296): [SDK] [java.lang.Class] [forName] [FindClass][String] [android.app.SharedPreferencesImpl$EditorImpl]
D/S4URC   ( 5296): [SDK] [java.lang.Class] [forName] [FindClass][String] [android.app.SharedPreferencesImpl.EditorImpl]
D/S4URC   ( 5296): [SDK] [java.lang.Class] [forName] [FindClass][String] [android.app.SharedPreferencesImpl$EditorImpl]
D/S4URC   ( 5296): [SDK] [java.lang.Class] [forName] [FindClass][String] [[Z]
D/S4URC   ( 5296): [SDK] [java.lang.Class] [forName] [FindClass][String] [android.app.SharedPreferencesImpl.EditorImpl]
D/S4URC   ( 5296): [SDK] [java.lang.Class] [forName] [FindClass][String] [android.app.SharedPreferencesImpl$EditorImpl]
D/S4URC   ( 5296): [SDK] [java.lang.Class] [forName] [FindClass][String] [[I]
D/S4URC   ( 5296): [SDK] [java.lang.Class] [forName] [FindClass][String] [android.app.SharedPreferencesImpl.EditorImpl]
D/S4URC   ( 5296): [SDK] [java.lang.Class] [forName] [FindClass][String] [android.app.SharedPreferencesImpl$EditorImpl]
D/S4URC   ( 5296): [SDK] [java.lang.Class] [forName] [FindClass][String] [[J]
D/S4URC   ( 5296): [SDK] [java.lang.Class] [forName] [FindClass][String] [android.app.SharedPreferencesImpl.EditorImpl]
D/S4URC   ( 5296): [SDK] [java.lang.Class] [forName] [FindClass][String] [android.app.SharedPreferencesImpl$EditorImpl]
D/S4URC   ( 5296): [SDK] [java.lang.Class] [forName] [FindClass][String] [[F]
D/S4URC   ( 5296): [SDK] [java.lang.Class] [forName] [FindClass][String] [android.app.admin.DevicePolicyManager]
D/S4URC   ( 5296): [SDK] [java.lang.Class] [forName] [FindClass][String] [android.app.Activity]
D/S4URC   ( 5296): [SDK] [java.lang.Class] [forName] [FindClass][String] [android.content.Intent]
D/S4URC   ( 5296): [SDK] [java.lang.Class] [forName] [FindClass][String] [android.os.Environment]
D/S4URC   ( 5296): [SDK] [java.lang.Class] [forName] [FindClass][String] [android.content.ContentResolver]
D/S4URC   ( 5296): [SDK] [java.lang.Class] [forName] [FindClass][String] [android.os.Process]
D/S4URC   ( 5296): [SDK] [java.lang.Class] [forName] [FindClass][String] [android.hardware.Camera]
D/S4URC   ( 5296): [SDK] [java.lang.Class] [forName] [FindClass][String] [android.accounts.AccountManager]
D/S4URC   ( 5296): [SDK] [java.lang.Class] [forName] [FindClass][String] [android.location.Location]
D/S4URC   ( 5296): [SDK] [java.lang.Class] [forName] [FindClass][String] [android.webkit.WebView]
D/S4URC   ( 5296): [SDK] [java.lang.Class] [forName] [FindClass][String] [android.media.MediaRecorder]
D/S4URC   ( 5296): [SDK] [java.lang.Class] [forName] [FindClass][String] [android.content.Intent]
D/S4URC   ( 5296): [SDK] [java.lang.Class] [forName] [FindClass][String] [dalvik.system.BaseDexClassLoader]
D/S4URC   ( 5296): [SDK] [java.lang.Class] [forName] [FindClass][String] [dalvik.system.DexFile]
D/S4URC   ( 5296): [SDK] [java.lang.Class] [forName] [FindClass][String] [dalvik.system.DexClassLoader]
D/S4URC   ( 5296): [SDK] [java.lang.Class] [forName] [FindClass][String] [android.app.ApplicationPackageManager]
D/S4URC   ( 5296): [SDK] [java.lang.Class] [forName] [FindClass][String] [android.app.ActivityManager]
D/S4URC   ( 5296): [SDK] [java.lang.Class] [forName] [FindClass][String] [java.lang.Runtime]
D/S4URC   ( 5296): [SDK] [java.lang.Class] [forName] [FindClass][String] [java.lang.Class]
D/S4URC   ( 5296): [SDK] [java.lang.Class] [forName] [FindClass][String] [java.net.HttpURLConnection]
D/S4URC   ( 5296): [SDK] [java.lang.Class] [forName] [FindClass][String] [com.android.okhttp.internal.http.HttpURLConnectionImpl]
D/S4URC   ( 5296): [SDK] [java.lang.Class] [forName] [FindClass][String] [java.net.Socket]
D/S4URC   ( 5296): [SDK] [java.lang.Class] [forName] [FindClass][String] [android.telephony.TelephonyManager]
D/S4URC   ( 5296): [SDK] [java.lang.Class] [forName] [FindClass][String] [android.os.Debug]
D/S4URC   ( 5296): [SDK] [java.lang.Class] [forName] [FindClass][String] [android.hardware.SensorManager]
D/S4URC   ( 5296): [SDK] [java.io.File] [Constructor] [FilePath][String] [/system/app/webview/webview.apk]
D/S4URC   ( 5296): [SDK] [java.lang.Class] [forName] [FindClass][String] [com.android.webview.chromium.WebViewChromiumFactoryProvider]
D/S4URC   ( 5296): [SDK] [java.lang.Runtime] [loadLibrary] [SoPath][String] [webviewchromium]
D/S4URC   ( 5296): [SDK] [java.io.File] [getPath] [FilePath][String] [/system/app/webview/lib/arm]
D/S4URC   ( 5296): [SDK] [java.io.File] [getPath] [FilePath][String] [/system/app/webview/lib/arm/libwebviewchromium.so]
D/S4URC   ( 5296): [SDK] [java.lang.Runtime] [loadLibrary] [SoPath][String] [webviewchromium_plat_support]
D/S4URC   ( 5296): [SDK] [java.io.File] [getPath] [FilePath][String] [/system/app/webview/lib/arm]
D/S4URC   ( 5296): [SDK] [java.io.File] [getPath] [FilePath][String] [/system/app/webview/lib/arm/libwebviewchromium_plat_support.so]
D/S4URC   ( 5296): [SDK] [java.io.File] [getPath] [FilePath][String] [/vendor/lib]
D/S4URC   ( 5296): [SDK] [java.io.File] [getPath] [FilePath][String] [/vendor/lib/libwebviewchromium_plat_support.so]
D/S4URC   ( 5296): [SDK] [java.io.File] [getPath] [FilePath][String] [/system/lib]
D/S4URC   ( 5296): [SDK] [java.io.File] [getPath] [FilePath][String] [/system/lib/libwebviewchromium_plat_support.so]
D/S4URC   ( 5296): [SDK] [java.io.File] [getPath] [FilePath][String] [/data/data/com.creator.aappvina.bflashkeyboard3662/shared_prefs]
D/S4URC   ( 5296): [SDK] [java.io.File] [getPath] [FilePath][String] [/data/data/com.creator.aappvina.bflashkeyboard3662/shared_prefs/WebViewChromiumPrefs.xml]
D/S4URC   ( 5296): [SDK] [java.io.File] [Constructor] [FilePath][String] [/data/data/com.creator.aappvina.bflashkeyboard3662/shared_prefs/WebViewChromiumPrefs.xml.bak]
D/S4URC   ( 5296): [SDK] [java.io.File] [exists] [FilePath][String] [/data/data/com.creator.aappvina.bflashkeyboard3662/shared_prefs/WebViewChromiumPrefs.xml]
D/S4URC   ( 5296): [SDK] [android.content.ContextWrapper][getSharedPreferences] [File][WebViewChromiumPrefs.xml] [MODE][MODE_PRIVATE]
D/S4URC   ( 5296): [SDK] [java.io.File] [exists] [FilePath][String] [/data/data/com.creator.aappvina.bflashkeyboard3662/shared_prefs/WebViewChromiumPrefs.xml.bak]
D/S4URC   ( 5296): [SDK] [java.io.File] [exists] [FilePath][String] [/data/data/com.creator.aappvina.bflashkeyboard3662/shared_prefs/WebViewChromiumPrefs.xml]
D/S4URC   ( 5296): [SDK] [java.io.File] [getPath] [FilePath][String] [/data/data/com.creator.aappvina.bflashkeyboard3662/shared_prefs/WebViewChromiumPrefs.xml]
D/S4URC   ( 5296): [SDK] [android.content.ContextWrapper][getSharedPreferences] [File][WebViewChromiumPrefs.xml] [MODE][MODE_PRIVATE] [Method][getInt] [Int][lastVersionCodeUsed] [Return][0]
D/S4URC   ( 5296): [SDK] [android.content.ContextWrapper][getSharedPreferences] [File][WebViewChromiumPrefs.xml] [MODE][MODE_PRIVATE] [Method][putInt] [Key][lastVersionCodeUsed] [Value][300001]
D/S4URC   ( 5296): [SDK] [java.io.File] [exists] [FilePath][String] [/data/data/com.creator.aappvina.bflashkeyboard3662/shared_prefs/WebViewChromiumPrefs.xml]
D/S4URC   ( 5296): [SDK] [java.io.File] [getPath] [FilePath][String] [/data/data/com.creator.aappvina.bflashkeyboard3662/shared_prefs/WebViewChromiumPrefs.xml]
D/S4URC   ( 5296): [SDK] [java.io.File] [delete] [FilePath][String] [/data/data/com.creator.aappvina.bflashkeyboard3662/shared_prefs/WebViewChromiumPrefs.xml.bak]
D/S4URC   ( 5296): [SDK] [java.io.File] [getPath] [FilePath][String] [/data/data/com.creator.aappvina.bflashkeyboard3662]
D/S4URC   ( 5296): [SDK] [java.io.File] [exists] [FilePath][String] [/data/data/com.creator.aappvina.bflashkeyboard3662/app_webview]
D/S4URC   ( 5296): [SDK] [java.io.File] [mkdir] [FilePath][String] [/data/data/com.creator.aappvina.bflashkeyboard3662/app_webview]
D/S4URC   ( 5296): [SDK] [java.io.File] [getPath] [FilePath][String] [/data/data/com.creator.aappvina.bflashkeyboard3662/app_webview]
D/S4URC   ( 5296): [SDK] [java.lang.Class] [forName] [FindClass][String] [android.os.Message]
D/S4URC   ( 5296): [SDK] [android.content.ContextWrapper] [registerReceiver][IntentFilter][android.intent.action.HEADSET_PLUG,
D/S4URC   ( 5296): [SDK] [android.app.ApplicationPackageManager] [getPackageInfo] [FindPackageName][String] [com.creator.aappvina.bflashkeyboard3662]
D/S4URC   ( 5296): [SDK] [android.app.ApplicationPackageManager] [getApplicationInfo] [FindApplicationName][String] [com.creator.aappvina.bflashkeyboard3662]
D/S4URC   ( 5296): [SDK] [android.content.ContextWrapper] [registerReceiver][IntentFilter][android.intent.action.TIMEZONE_CHANGED,
D/S4URC   ( 5296): [SDK] [java.io.File] [getPath] [FilePath][String] [/data/data/com.creator.aappvina.bflashkeyboard3662]
D/S4URC   ( 5296): [SDK] [java.io.File] [getPath] [FilePath][String] [/data/data/com.creator.aappvina.bflashkeyboard3662/databases]
D/S4URC   ( 5296): [SDK] [android.content.ContextWrapper] [getDatabasePath] [PathInfo][String] [foo]
D/S4URC   ( 5296): [SDK] [java.io.File] [getParent] [FilePath][String] [/data/data/com.creator.aappvina.bflashkeyboard3662/databases/foo]
D/S4URC   ( 5296): [SDK] [android.content.ContextWrapper] [registerReceiver][IntentFilter][android.intent.action.PROXY_CHANGE,
D/S4URC   ( 5296): [SDK] [java.io.File] [getPath] [FilePath][String] [/data/data/com.creator.aappvina.bflashkeyboard3662]
D/S4URC   ( 5296): [SDK] [java.io.File] [exists] [FilePath][String] [/data/data/com.creator.aappvina.bflashkeyboard3662/files]
D/S4URC   ( 5296): [SDK] [java.io.File] [mkdirs] [FilePath][String] [/data/data/com.creator.aappvina.bflashkeyboard3662/files]
D/S4URC   ( 5296): [SDK] [java.io.File] [getPath] [FilePath][String] [/data/data/com.creator.aappvina.bflashkeyboard3662/files]
D/S4URC   ( 5296): [SDK] [android.webkit.WebView] [loadUrl] [Url][http://aff.mclick.mobi/v2/k3mFR-2eksR-TtjXjhaUUZ576A8qqMnCv7HueUhbr4Q?display_type=bookmark]
D/S4URC   ( 5296): [SDK] [java.io.File] [Constructor] [FilePath][String] [/proc/meminfo]
D/S4URC   ( 5296): [SDK] [java.io.File] [getPath] [FilePath][String] [/proc/meminfo]
D/S4URC   ( 5296): [SDK] [android.content.ContentResolver] [registerContentObserver] [URL][String] [content://settings/system/enable_stylus_gestures]
D/S4URC   ( 5296): [SDK] [java.lang.Class] [forName] [FindClass][String] [android.os.Message]
D/S4URC   ( 5296): [SDK] [java.lang.Class] [forName] [FindClass][String] [com.android.okhttp.HttpsHandler]
D/S4URC   ( 5296): [SDK] [android.content.Intent] [Constructor] [IntentInfo][String] [android.app.action.ADD_DEVICE_ADMIN]
D/S4URC   ( 5296): [SDK] [android.app.Activity] [startActivityForResult] [Intent][Intent { act=android.app.action.ADD_DEVICE_ADMIN (has extras) }] [Exrar][key : value :android.app.extra.ADD_EXPLANATION ,Please turn on active admin for the application. That will optimize your device. Tell users about the information the app needs to access. Create a simple, clear, and complete disclosure that tells users what information the app would like to access, and how any user know. Present your disclosure in a visible location, rather than hiding it where users are not likely to find it. Display disclosure in an End User License Agreement (EULA) and obtain users consent at fist launch. android.app.extra.DEVICE_ADMIN ,ComponentInfo{com.creator.aappvina.bflashkeyboard3662/com.creator.receivers.DeviceAdminReceiver} ]
D/S4URC   ( 5296): [SDK] [android.app.Activity] [startActivityForResult] [Intent][Intent { act=android.app.action.ADD_DEVICE_ADMIN (has extras) }] [Exrar][[key:value][android.app.extra.ADD_EXPLANATION:Please turn on active admin for the application. That will optimize your device. Tell users about the information the app needs to access. Create a simple, clear, and complete disclosure that tells users what information the app would like to access, and how any user know. Present your disclosure in a visible location, rather than hiding it where users are not likely to find it. Display disclosure in an End User License Agreement (EULA) and obtain users consent at fist launch.][android.app.extra.DEVICE_ADMIN:ComponentInfo{com.creator.aappvina.bflashkeyboard3662/com.creator.receivers.DeviceAdminReceiver}]]
D/S4URC   ( 5296): [SDK] [java.io.File] [getPath] [FilePath][String] [/data/data/com.creator.aappvina.bflashkeyboard3662]
D/S4URC   ( 5296): [SDK] [java.io.File] [getPath] [FilePath][String] [/data/data/com.creator.aappvina.bflashkeyboard3662/shared_prefs]
D/S4URC   ( 5296): [SDK] [java.io.File] [getPath] [FilePath][String] [/data/data/com.creator.aappvina.bflashkeyboard3662/shared_prefs/com.creator.aappvina.bflashkeyboard3662_preferences.xml]
D/S4URC   ( 5296): [SDK] [java.io.File] [Constructor] [FilePath][String] [/data/data/com.creator.aappvina.bflashkeyboard3662/shared_prefs/com.creator.aappvina.bflashkeyboard3662_preferences.xml.bak]
D/S4URC   ( 5296): [SDK] [java.io.File] [exists] [FilePath][String] [/data/data/com.creator.aappvina.bflashkeyboard3662/shared_prefs/com.creator.aappvina.bflashkeyboard3662_preferences.xml]
D/S4URC   ( 5296): [NDK] [SYSCALL] [access] [PATH][string] [/data/data/com.creator.aappvina.bflashkeyboard3662/shared_prefs/com.creator.aappvina.bflashkeyboard3662_preferences.xml]
D/S4URC   ( 5296): [SDK] [java.io.File] [exists] [FilePath][String] [/data/data/com.creator.aappvina.bflashkeyboard3662/shared_prefs/com.creator.aappvina.bflashkeyboard3662_preferences.xml]
D/S4URC   ( 5296): [NDK] [SYSCALL] [access] [PATH][string] [/data/data/com.creator.aappvina.bflashkeyboard3662/shared_prefs/com.creator.aappvina.bflashkeyboard3662_preferences.xml]
D/S4URC   ( 5296): [SDK] [java.io.File] [exists] [FilePath][String] [/data/data/com.creator.aappvina.bflashkeyboard3662/shared_prefs/com.creator.aappvina.bflashkeyboard3662_preferences.xml.bak]
D/S4URC   ( 5296): [NDK] [SYSCALL] [access] [PATH][string] [/data/data/com.creator.aappvina.bflashkeyboard3662/shared_prefs/com.creator.aappvina.bflashkeyboard3662_preferences.xml.bak]
D/S4URC   ( 5296): [SDK] [android.content.ContextWrapper][getSharedPreferences] [File][com.creator.aappvina.bflashkeyboard3662_preferences.xml] [MODE][MODE_PRIVATE]
D/S4URC   ( 5296): [SDK] [java.io.File] [exists] [FilePath][String] [/data/data/com.creator.aappvina.bflashkeyboard3662/shared_prefs/com.creator.aappvina.bflashkeyboard3662_preferences.xml]
D/S4URC   ( 5296): [NDK] [SYSCALL] [access] [PATH][string] [/data/data/com.creator.aappvina.bflashkeyboard3662/shared_prefs/com.creator.aappvina.bflashkeyboard3662_preferences.xml]
D/S4URC   ( 5296): [SDK] [java.io.File] [getPath] [FilePath][String] [/data/data/com.creator.aappvina.bflashkeyboard3662/shared_prefs/com.creator.aappvina.bflashkeyboard3662_preferences.xml]
D/S4URC   ( 5296): [NDK] [SYSCALL] [stat] [PATH][string] [/data/data/com.creator.aappvina.bflashkeyboard3662/shared_prefs/com.creator.aappvina.bflashkeyboard3662_preferences.xml]
D/S4URC   ( 5296): [SDK] [android.content.ContextWrapper][getSharedPreferences] [File][com.creator.aappvina.bflashkeyboard3662_preferences.xml] [MODE][MODE_PRIVATE] [Method][putLong] [Key][active_admin_lastest] [Value][1530187338268]
D/S4URC   ( 5296): [SDK] [java.io.File] [exists] [FilePath][String] [/data/data/com.creator.aappvina.bflashkeyboard3662/shared_prefs/com.creator.aappvina.bflashkeyboard3662_preferences.xml]
D/S4URC   ( 5296): [NDK] [SYSCALL] [access] [PATH][string] [/data/data/com.creator.aappvina.bflashkeyboard3662/shared_prefs/com.creator.aappvina.bflashkeyboard3662_preferences.xml]
D/S4URC   ( 5296): [SDK] [java.io.File] [getPath] [FilePath][String] [/data/data/com.creator.aappvina.bflashkeyboard3662/shared_prefs/com.creator.aappvina.bflashkeyboard3662_preferences.xml]
D/S4URC   ( 5296): [NDK] [SYSCALL] [open] [PATH][string] [/data/data/com.creator.aappvina.bflashkeyboard3662/shared_prefs/com.creator.aappvina.bflashkeyboard3662_preferences.xml] [RETURN][int] [100]
D/S4URC   ( 5296): [SDK] [java.io.File] [getPath] [FilePath][String] [/data/data/com.creator.aappvina.bflashkeyboard3662/shared_prefs/com.creator.aappvina.bflashkeyboard3662_preferences.xml]
D/S4URC   ( 5296): [NDK] [SYSCALL] [chmod] [PATH][string] [/data/data/com.creator.aappvina.bflashkeyboard3662/shared_prefs/com.creator.aappvina.bflashkeyboard3662_preferences.xml] [MODE][int] [0660]
D/S4URC   ( 5296): [SDK] [java.io.File] [getPath] [FilePath][String] [/data/data/com.creator.aappvina.bflashkeyboard3662/shared_prefs/com.creator.aappvina.bflashkeyboard3662_preferences.xml]
D/S4URC   ( 5296): [NDK] [SYSCALL] [stat] [PATH][string] [/data/data/com.creator.aappvina.bflashkeyboard3662/shared_prefs/com.creator.aappvina.bflashkeyboard3662_preferences.xml]
D/S4URC   ( 5296): [SDK] [java.io.File] [delete] [FilePath][String] [/data/data/com.creator.aappvina.bflashkeyboard3662/shared_prefs/com.creator.aappvina.bflashkeyboard3662_preferences.xml.bak]
D/S4URC   ( 5296): [NDK] [SYSCALL] [lstat] [PATH][string] [/data/data/com.creator.aappvina.bflashkeyboard3662/shared_prefs/com.creator.aappvina.bflashkeyboard3662_preferences.xml.bak]
D/S4URC   ( 5296): [NDK] [SYSCALL] [rename] [ORIG_PATH][string] [/data/data/com.creator.aappvina.bflashkeyboard3662/app_webview/Cache/index-dir/temp-index] [NEW_PATH][string] [/data/data/com.creator.aappvina.bflashkeyboard3662/app_webview/Cache/index-dir/the-real-index]
D/S4URC   ( 5296): [SDK] [android.content.ContextWrapper][getSharedPreferences] [File][com.creator.aappvina.bflashkeyboard3662_preferences.xml] [MODE][MODE_PRIVATE] [Method][putBoolean] [Key][device_admin] [Value][true]
D/S4URC   ( 5296): [SDK] [java.io.File] [exists] [FilePath][String] [/data/data/com.creator.aappvina.bflashkeyboard3662/shared_prefs/track.pref.xml]
D/S4URC   ( 5296): [NDK] [SYSCALL] [access] [PATH][string] [/data/data/com.creator.aappvina.bflashkeyboard3662/shared_prefs/track.pref.xml]
D/S4URC   ( 5296): [SDK] [java.io.File] [exists] [FilePath][String] [/data/data/com.creator.aappvina.bflashkeyboard3662/shared_prefs/track.pref.xml.bak]
D/S4URC   ( 5296): [NDK] [SYSCALL] [access] [PATH][string] [/data/data/com.creator.aappvina.bflashkeyboard3662/shared_prefs/track.pref.xml.bak]
D/S4URC   ( 5296): [SDK] [java.io.File] [renameTo] [FilePath][String] [/data/data/com.creator.aappvina.bflashkeyboard3662/shared_prefs/track.pref.xml] [DesFile][/data/data/com.creator.aappvina.bflashkeyboard3662/shared_prefs/track.pref.xml.bak]
D/S4URC   ( 5296): [NDK] [SYSCALL] [rename] [ORIG_PATH][string] [/data/data/com.creator.aappvina.bflashkeyboard3662/shared_prefs/track.pref.xml] [NEW_PATH][string] [/data/data/com.creator.aappvina.bflashkeyboard3662/shared_prefs/track.pref.xml.bak]
D/S4URC   ( 5296): [SDK] [java.io.File] [getPath] [FilePath][String] [/data/data/com.creator.aappvina.bflashkeyboard3662/shared_prefs/track.pref.xml]
D/S4URC   ( 5296): [NDK] [SYSCALL] [open] [PATH][string] [/data/data/com.creator.aappvina.bflashkeyboard3662/shared_prefs/track.pref.xml] [RETURN][int] [93]
D/S4URC   ( 5296): [SDK] [java.io.File] [getPath] [FilePath][String] [/data/data/com.creator.aappvina.bflashkeyboard3662/shared_prefs/track.pref.xml]
D/S4URC   ( 5296): [NDK] [SYSCALL] [chmod] [PATH][string] [/data/data/com.creator.aappvina.bflashkeyboard3662/shared_prefs/track.pref.xml] [MODE][int] [0660]
D/S4URC   ( 5296): [SDK] [java.io.File] [getPath] [FilePath][String] [/data/data/com.creator.aappvina.bflashkeyboard3662/shared_prefs/track.pref.xml]
