D/S4URC   ( 2292): [NDK] [SYSCALL] [open] [PATH][string] [/data/data/org.languish.smiles/shared_prefs/umeng_general_config.xml] [RETURN][int] [68]
D/S4URC   ( 2292): [SDK] [java.io.File] [getPath] [FilePath][String] [/data/data/org.languish.smiles/shared_prefs/umeng_general_config.xml]
D/S4URC   ( 2292): [NDK] [SYSCALL] [chmod] [PATH][string] [/data/data/org.languish.smiles/shared_prefs/umeng_general_config.xml] [MODE][int] [0660]
D/S4URC   ( 2292): [SDK] [java.io.File] [getPath] [FilePath][String] [/data/data/org.languish.smiles/shared_prefs/umeng_general_config.xml]
D/S4URC   ( 2292): [NDK] [SYSCALL] [stat] [PATH][string] [/data/data/org.languish.smiles/shared_prefs/umeng_general_config.xml]
D/S4URC   ( 2292): [SDK] [java.io.File] [delete] [FilePath][String] [/data/data/org.languish.smiles/shared_prefs/umeng_general_config.xml.bak]
D/S4URC   ( 2292): [NDK] [SYSCALL] [lstat] [PATH][string] [/data/data/org.languish.smiles/shared_prefs/umeng_general_config.xml.bak]
D/S4URC   ( 2292): [NDK] [SYSCALL] [unlink] [PATH][string] [/data/data/org.languish.smiles/shared_prefs/umeng_general_config.xml.bak]
D/S4URC   ( 2292): [SDK] [android.content.ContextWrapper][getSharedPreferences] [File][umeng_general_config.xml] [MODE][MODE_PRIVATE] [Method][commit]
D/S4URC   ( 2292): [SDK] [java.io.File] [getPath] [FilePath][String] [/data/data/org.languish.smiles/shared_prefs/umeng_general_config.xml]
D/S4URC   ( 2292): [NDK] [SYSCALL] [stat] [PATH][string] [/data/data/org.languish.smiles/shared_prefs/umeng_general_config.xml]
D/S4URC   ( 2292): [SDK] [android.content.ContextWrapper][getSharedPreferences] [File][umeng_general_config.xml] [MODE][MODE_PRIVATE]
D/S4URC   ( 2292): [SDK] [android.content.ContextWrapper][getSharedPreferences] [File][umeng_general_config.xml] [MODE][MODE_PRIVATE] [Method][getIong] [Iong][a_start_time] [Return][1534149951434]
D/S4URC   ( 2292): [SDK] [android.content.ContextWrapper][getSharedPreferences] [File][umeng_general_config.xml] [MODE][MODE_PRIVATE] [Method][putLong] [Key][a_start_time] [Value][0]
D/S4URC   ( 2292): [SDK] [android.content.ContextWrapper][getSharedPreferences] [File][umeng_general_config.xml] [MODE][MODE_PRIVATE] [Method][putLong] [Key][a_end_time] [Value][1534149955021]
D/S4URC   ( 2292): [SDK] [android.content.ContextWrapper][getSharedPreferences] [File][umeng_general_config.xml] [MODE][MODE_PRIVATE] [Method][putLong] [Key][session_end_time] [Value][1534149955021]
D/S4URC   ( 2292): [SDK] [java.io.File] [exists] [FilePath][String] [/data/data/org.languish.smiles/shared_prefs/umeng_general_config.xml]
D/S4URC   ( 2292): [NDK] [SYSCALL] [access] [PATH][string] [/data/data/org.languish.smiles/shared_prefs/umeng_general_config.xml]
D/S4URC   ( 2292): [SDK] [java.io.File] [exists] [FilePath][String] [/data/data/org.languish.smiles/shared_prefs/umeng_general_config.xml.bak]
D/S4URC   ( 2292): [NDK] [SYSCALL] [access] [PATH][string] [/data/data/org.languish.smiles/shared_prefs/umeng_general_config.xml.bak]
D/S4URC   ( 2292): [SDK] [java.io.File] [renameTo] [FilePath][String] [/data/data/org.languish.smiles/shared_prefs/umeng_general_config.xml] [DesFile][/data/data/org.languish.smiles/shared_prefs/umeng_general_config.xml.bak]
D/S4URC   ( 2292): [NDK] [SYSCALL] [rename] [ORIG_PATH][string] [/data/data/org.languish.smiles/shared_prefs/umeng_general_config.xml] [NEW_PATH][string] [/data/data/org.languish.smiles/shared_prefs/umeng_general_config.xml.bak]
D/S4URC   ( 2292): [SDK] [java.io.File] [getPath] [FilePath][String] [/data/data/org.languish.smiles/shared_prefs/umeng_general_config.xml]
D/S4URC   ( 2292): [NDK] [SYSCALL] [open] [PATH][string] [/data/data/org.languish.smiles/shared_prefs/umeng_general_config.xml] [RETURN][int] [68]
D/S4URC   ( 2292): [SDK] [java.io.File] [getPath] [FilePath][String] [/data/data/org.languish.smiles/shared_prefs/umeng_general_config.xml]
D/S4URC   ( 2292): [NDK] [SYSCALL] [chmod] [PATH][string] [/data/data/org.languish.smiles/shared_prefs/umeng_general_config.xml] [MODE][int] [0660]
D/S4URC   ( 2292): [SDK] [java.io.File] [getPath] [FilePath][String] [/data/data/org.languish.smiles/shared_prefs/umeng_general_config.xml]
D/S4URC   ( 2292): [NDK] [SYSCALL] [stat] [PATH][string] [/data/data/org.languish.smiles/shared_prefs/umeng_general_config.xml]
D/S4URC   ( 2292): [SDK] [java.io.File] [delete] [FilePath][String] [/data/data/org.languish.smiles/shared_prefs/umeng_general_config.xml.bak]
D/S4URC   ( 2292): [NDK] [SYSCALL] [lstat] [PATH][string] [/data/data/org.languish.smiles/shared_prefs/umeng_general_config.xml.bak]
D/S4URC   ( 2292): [NDK] [SYSCALL] [unlink] [PATH][string] [/data/data/org.languish.smiles/shared_prefs/umeng_general_config.xml.bak]
D/S4URC   ( 2292): [SDK] [android.content.ContextWrapper][getSharedPreferences] [File][umeng_general_config.xml] [MODE][MODE_PRIVATE] [Method][commit]
D/S4URC   ( 2292): [SDK] [java.io.File] [getPath] [FilePath][String] [/data/data/org.languish.smiles/shared_prefs/umeng_general_config.xml]
D/S4URC   ( 2292): [NDK] [SYSCALL] [stat] [PATH][string] [/data/data/org.languish.smiles/shared_prefs/umeng_general_config.xml]
D/S4URC   ( 2292): [SDK] [android.content.ContextWrapper][getSharedPreferences] [File][umeng_general_config.xml] [MODE][MODE_PRIVATE]
D/S4URC   ( 2292): [SDK] [android.content.ContextWrapper][getSharedPreferences] [File][umeng_general_config.xml] [MODE][MODE_PRIVATE] [Method][getString] [String][activities] [Return][]
D/S4URC   ( 2292): [SDK] [android.content.ContextWrapper][getSharedPreferences] [File][umeng_general_config.xml] [MODE][MODE_PRIVATE] [Method][putString] [Key][activities] [Value][["org.languish.smiles.unforeseen",3645]]
D/S4URC   ( 2292): [SDK] [java.io.File] [exists] [FilePath][String] [/data/data/org.languish.smiles/shared_prefs/umeng_general_config.xml]
D/S4URC   ( 2292): [NDK] [SYSCALL] [access] [PATH][string] [/data/data/org.languish.smiles/shared_prefs/umeng_general_config.xml]
D/S4URC   ( 2292): [SDK] [java.io.File] [exists] [FilePath][String] [/data/data/org.languish.smiles/shared_prefs/umeng_general_config.xml.bak]
D/S4URC   ( 2292): [NDK] [SYSCALL] [access] [PATH][string] [/data/data/org.languish.smiles/shared_prefs/umeng_general_config.xml.bak]
D/S4URC   ( 2292): [SDK] [java.io.File] [renameTo] [FilePath][String] [/data/data/org.languish.smiles/shared_prefs/umeng_general_config.xml] [DesFile][/data/data/org.languish.smiles/shared_prefs/umeng_general_config.xml.bak]
D/S4URC   ( 2292): [NDK] [SYSCALL] [rename] [ORIG_PATH][string] [/data/data/org.languish.smiles/shared_prefs/umeng_general_config.xml] [NEW_PATH][string] [/data/data/org.languish.smiles/shared_prefs/umeng_general_config.xml.bak]
D/S4URC   ( 2292): [SDK] [java.io.File] [getPath] [FilePath][String] [/data/data/org.languish.smiles/shared_prefs/umeng_general_config.xml]
D/S4URC   ( 2292): [NDK] [SYSCALL] [open] [PATH][string] [/data/data/org.languish.smiles/shared_prefs/umeng_general_config.xml] [RETURN][int] [68]
D/S4URC   ( 2292): [SDK] [java.io.File] [getPath] [FilePath][String] [/data/data/org.languish.smiles/shared_prefs/umeng_general_config.xml]
D/S4URC   ( 2292): [NDK] [SYSCALL] [chmod] [PATH][string] [/data/data/org.languish.smiles/shared_prefs/umeng_general_config.xml] [MODE][int] [0660]
D/S4URC   ( 2292): [SDK] [java.io.File] [getPath] [FilePath][String] [/data/data/org.languish.smiles/shared_prefs/umeng_general_config.xml]
D/S4URC   ( 2292): [NDK] [SYSCALL] [stat] [PATH][string] [/data/data/org.languish.smiles/shared_prefs/umeng_general_config.xml]
D/S4URC   ( 2292): [SDK] [java.io.File] [delete] [FilePath][String] [/data/data/org.languish.smiles/shared_prefs/umeng_general_config.xml.bak]
D/S4URC   ( 2292): [NDK] [SYSCALL] [lstat] [PATH][string] [/data/data/org.languish.smiles/shared_prefs/umeng_general_config.xml.bak]
D/S4URC   ( 2292): [NDK] [SYSCALL] [unlink] [PATH][string] [/data/data/org.languish.smiles/shared_prefs/umeng_general_config.xml.bak]
D/S4URC   ( 2292): [SDK] [android.content.ContextWrapper][getSharedPreferences] [File][umeng_general_config.xml] [MODE][MODE_PRIVATE] [Method][commit]
D/S4URC   ( 2292): [SDK] [java.io.File] [getPath] [FilePath][String] [/data/data/org.languish.smiles/shared_prefs/umeng_general_config.xml]
D/S4URC   ( 2292): [NDK] [SYSCALL] [stat] [PATH][string] [/data/data/org.languish.smiles/shared_prefs/umeng_general_config.xml]
D/S4URC   ( 2292): [SDK] [android.content.ContextWrapper][getSharedPreferences] [File][umeng_general_config.xml] [MODE][MODE_PRIVATE]
D/S4URC   ( 2292): [SDK] [java.io.File] [exists] [FilePath][String] [/data/data/org.languish.smiles/shared_prefs/umeng_general_config.xml]
D/S4URC   ( 2292): [NDK] [SYSCALL] [access] [PATH][string] [/data/data/org.languish.smiles/shared_prefs/umeng_general_config.xml]
D/S4URC   ( 2292): [SDK] [android.content.ContextWrapper][getSharedPreferences] [File][umeng_general_config.xml] [MODE][MODE_PRIVATE] [Method][commit]
D/S4URC   ( 2292): [SDK] [java.io.File] [getPath] [FilePath][String] [/data/data/org.languish.smiles/shared_prefs/umeng_general_config.xml]
D/S4URC   ( 2292): [NDK] [SYSCALL] [stat] [PATH][string] [/data/data/org.languish.smiles/shared_prefs/umeng_general_config.xml]
D/S4URC   ( 2292): [SDK] [java.io.File] [getPath] [FilePath][String] [/data/data/org.languish.smiles/shared_prefs/umeng_general_config.xml]
D/S4URC   ( 2292): [SDK] [android.content.ContextWrapper][getSharedPreferences] [File][umeng_general_config.xml] [MODE][MODE_PRIVATE]
D/S4URC   ( 2292): [NDK] [SYSCALL] [stat] [PATH][string] [/data/data/org.languish.smiles/shared_prefs/umeng_general_config.xml]
D/S4URC   ( 2292): [SDK] [android.content.ContextWrapper][getSharedPreferences] [File][umeng_general_config.xml] [MODE][MODE_PRIVATE]
D/S4URC   ( 2292): [SDK] [android.content.ContextWrapper][getSharedPreferences] [File][umeng_general_config.xml] [MODE][MODE_PRIVATE] [Method][getInt] [Int][versioncode] [Return][0]
D/S4URC   ( 2292): [SDK] [java.io.File] [exists] [FilePath][String] [/data/data/org.languish.smiles/shared_prefs/umeng_general_config.xml]
D/S4URC   ( 2292): [SDK] [android.app.ApplicationPackageManager] [getPackageInfo] [FindPackageName][String] [org.languish.smiles]
D/S4URC   ( 2292): [NDK] [SYSCALL] [access] [PATH][string] [/data/data/org.languish.smiles/shared_prefs/umeng_general_config.xml]
D/S4URC   ( 2292): [SDK] [android.content.ContextWrapper][getSharedPreferences] [File][umeng_general_config.xml] [MODE][MODE_PRIVATE] [Method][commit]
D/S4URC   ( 2292): [SDK] [android.app.ApplicationPackageManager] [getPackageInfo] [FindPackageName][String] [org.languish.smiles]
D/S4URC   ( 2292): [SDK] [java.io.File] [exists] [FilePath][String] [/data/data/org.languish.smiles/files]
D/S4URC   ( 2292): [NDK] [SYSCALL] [access] [PATH][string] [/data/data/org.languish.smiles/files]
D/S4URC   ( 2292): [NDK] [SYSCALL] [stat] [PATH][string] [/data/data/org.languish.smiles/files/mobclick_agent_cached_org.languish.smiles0]
D/S4URC   ( 2292): [SDK] [java.io.File] [exists] [FilePath][String] [/data/data/org.languish.smiles/files/mobclick_agent_cached_org.languish.smiles0]
D/S4URC   ( 2292): [NDK] [SYSCALL] [access] [PATH][string] [/data/data/org.languish.smiles/files/mobclick_agent_cached_org.languish.smiles0]
D/S4URC   ( 2292): [SDK] [java.io.File] [exists] [FilePath][String] [/data/data/org.languish.smiles/files/mobclick_agent_cached_org.languish.smiles0]
D/S4URC   ( 2292): [NDK] [SYSCALL] [access] [PATH][string] [/data/data/org.languish.smiles/files/mobclick_agent_cached_org.languish.smiles0]
D/S4URC   ( 2292): [SDK] [java.io.File] [Constructor] [FilePath][String] [/proc/cpuinfo]
D/S4URC   ( 2292): [SDK] [java.io.File] [getPath] [FilePath][String] [/proc/cpuinfo]
D/S4URC   ( 2292): [NDK] [SYSCALL] [open] [PATH][string] [/proc/cpuinfo] [RETURN][int] [68]
D/S4URC   ( 2292): [SDK] [java.io.File] [getPath] [FilePath][String] [/data/data/org.languish.smiles/shared_prefs/umeng_general_config.xml]
D/S4URC   ( 2292): [NDK] [SYSCALL] [stat] [PATH][string] [/data/data/org.languish.smiles/shared_prefs/umeng_general_config.xml]
D/S4URC   ( 2292): [SDK] [android.content.ContextWrapper][getSharedPreferences] [File][umeng_general_config.xml] [MODE][MODE_PRIVATE]
D/S4URC   ( 2292): [SDK] [android.content.ContextWrapper][getSharedPreferences] [File][umeng_general_config.xml] [MODE][MODE_PRIVATE] [Method][getString] [String][st] [Return][null]
D/S4URC   ( 2292): [SDK] [java.io.File] [getPath] [FilePath][String] [/data/data/org.languish.smiles/shared_prefs/umeng_general_config.xml]
D/S4URC   ( 2292): [NDK] [SYSCALL] [stat] [PATH][string] [/data/data/org.languish.smiles/shared_prefs/umeng_general_config.xml]
D/S4URC   ( 2292): [SDK] [android.content.ContextWrapper][getSharedPreferences] [File][umeng_general_config.xml] [MODE][MODE_PRIVATE]
D/S4URC   ( 2292): [SDK] [android.content.ContextWrapper][getSharedPreferences] [File][umeng_general_config.xml] [MODE][MODE_PRIVATE] [Method][getInt] [Int][vt] [Return][0]
D/S4URC   ( 2292): [SDK] [java.io.File] [getPath] [FilePath][String] [/data/data/org.languish.smiles/shared_prefs/umeng_general_config.xml]
D/S4URC   ( 2292): [NDK] [SYSCALL] [stat] [PATH][string] [/data/data/org.languish.smiles/shared_prefs/umeng_general_config.xml]
D/S4URC   ( 2292): [SDK] [android.content.ContextWrapper][getSharedPreferences] [File][umeng_general_config.xml] [MODE][MODE_PRIVATE]
D/S4URC   ( 2292): [SDK] [android.app.ApplicationPackageManager] [getPackageInfo] [FindPackageName][String] [org.languish.smiles]
D/S4URC   ( 2292): [SDK] [android.content.ContextWrapper][getSharedPreferences] [File][umeng_general_config.xml] [MODE][MODE_PRIVATE] [Method][getInt] [Int][versioncode] [Return][0]
D/S4URC   ( 2292): [SDK] [android.content.ContextWrapper][getSharedPreferences] [File][umeng_general_config.xml] [MODE][MODE_PRIVATE] [Method][getString] [String][versionname] [Return][1.2.5]
D/S4URC   ( 2292): [SDK] [android.app.ApplicationPackageManager] [getPackageInfo] [FindPackageName][String] [org.languish.smiles]
D/S4URC   ( 2292): [SDK] [java.io.File] [getPath] [FilePath][String] [/data/data/org.languish.smiles/shared_prefs/umeng_general_config.xml]
D/S4URC   ( 2292): [NDK] [SYSCALL] [stat] [PATH][string] [/data/data/org.languish.smiles/shared_prefs/umeng_general_config.xml]
D/S4URC   ( 2292): [SDK] [android.content.ContextWrapper][getSharedPreferences] [File][umeng_general_config.xml] [MODE][MODE_PRIVATE]
D/S4URC   ( 2292): [SDK] [android.content.ContextWrapper][getSharedPreferences] [File][umeng_general_config.xml] [MODE][MODE_PRIVATE] [Method][getInt] [Int][vt] [Return][0]
D/S4URC   ( 2292): [SDK] [java.io.File] [getPath] [FilePath][String] [/data/data/org.languish.smiles/shared_prefs/umeng_general_config.xml]
D/S4URC   ( 2292): [NDK] [SYSCALL] [stat] [PATH][string] [/data/data/org.languish.smiles/shared_prefs/umeng_general_config.xml]
D/S4URC   ( 2292): [SDK] [android.content.ContextWrapper][getSharedPreferences] [File][umeng_general_config.xml] [MODE][MODE_PRIVATE]
D/S4URC   ( 2292): [SDK] [android.content.ContextWrapper][getSharedPreferences] [File][umeng_general_config.xml] [MODE][MODE_PRIVATE] [Method][getInt] [Int][vt] [Return][0]
D/S4URC   ( 2292): [SDK] [java.io.File] [getPath] [FilePath][String] [/data/data/org.languish.smiles/shared_prefs/umeng_general_config.xml]
D/S4URC   ( 2292): [NDK] [SYSCALL] [stat] [PATH][string] [/data/data/org.languish.smiles/shared_prefs/umeng_general_config.xml]
D/S4URC   ( 2292): [SDK] [android.content.ContextWrapper][getSharedPreferences] [File][umeng_general_config.xml] [MODE][MODE_PRIVATE]
D/S4URC   ( 2292): [SDK] [android.content.ContextWrapper][getSharedPreferences] [File][umeng_general_config.xml] [MODE][MODE_PRIVATE] [Method][getInt] [Int][vt] [Return][0]
D/S4URC   ( 2292): [SDK] [java.io.File] [getPath] [FilePath][String] [/data/data/org.languish.smiles/shared_prefs/umeng_general_config.xml]
D/S4URC   ( 2292): [NDK] [SYSCALL] [stat] [PATH][string] [/data/data/org.languish.smiles/shared_prefs/umeng_general_config.xml]
D/S4URC   ( 2292): [SDK] [android.content.ContextWrapper][getSharedPreferences] [File][umeng_general_config.xml] [MODE][MODE_PRIVATE]
D/S4URC   ( 2292): [SDK] [android.content.ContextWrapper][getSharedPreferences] [File][umeng_general_config.xml] [MODE][MODE_PRIVATE] [Method][getInt] [Int][vt] [Return][0]
D/S4URC   ( 2292): [SDK] [android.os.Environment] [getRootDirectory]
D/S4URC   ( 2292): [SDK] [java.io.File] [getPath] [FilePath][String] [/system]
D/S4URC   ( 2292): [SDK] [java.io.File] [getPath] [FilePath][String] [/system/build.prop]
D/S4URC   ( 2292): [SDK] [android.os.Environment] [getRootDirectory]
D/S4URC   ( 2292): [SDK] [java.io.File] [getPath] [FilePath][String] [/system]
D/S4URC   ( 2292): [SDK] [java.io.File] [getPath] [FilePath][String] [/system/build.prop]
D/S4URC   ( 2292): [SDK] [android.telephony.TelephonyManager] [getSubscriberId]
D/S4URC   ( 2292): [SDK] [java.io.File] [getPath] [FilePath][String] [/data/data/org.languish.smiles/shared_prefs/umeng_general_config.xml]
D/S4URC   ( 2292): [NDK] [SYSCALL] [stat] [PATH][string] [/data/data/org.languish.smiles/shared_prefs/umeng_general_config.xml]
D/S4URC   ( 2292): [SDK] [android.content.ContextWrapper][getSharedPreferences] [File][umeng_general_config.xml] [MODE][MODE_PRIVATE]
D/S4URC   ( 2292): [SDK] [android.content.ContextWrapper][getSharedPreferences] [File][umeng_general_config.xml] [MODE][MODE_PRIVATE] [Method][getInt] [Int][failed_requests ] [Return][0]
D/S4URC   ( 2292): [SDK] [android.content.ContextWrapper][getSharedPreferences] [File][umeng_general_config.xml] [MODE][MODE_PRIVATE] [Method][getInt] [Int][successful_request] [Return][1]
D/S4URC   ( 2292): [SDK] [android.content.ContextWrapper][getSharedPreferences] [File][umeng_general_config.xml] [MODE][MODE_PRIVATE] [Method][getInt] [Int][last_request_spent_ms] [Return][119]
D/S4URC   ( 2292): [SDK] [java.io.File] [getPath] [FilePath][String] [/data/data/org.languish.smiles/shared_prefs/umeng_general_config.xml]
D/S4URC   ( 2292): [NDK] [SYSCALL] [stat] [PATH][string] [/data/data/org.languish.smiles/shared_prefs/umeng_general_config.xml]
D/S4URC   ( 2292): [SDK] [android.content.ContextWrapper][getSharedPreferences] [File][umeng_general_config.xml] [MODE][MODE_PRIVATE]
D/S4URC   ( 2292): [SDK] [android.content.ContextWrapper][getSharedPreferences] [File][umeng_general_config.xml] [MODE][MODE_PRIVATE] [Method][getString] [String][userlevel] [Return][]
D/S4URC   ( 2292): [SDK] [java.io.File] [Constructor] [FilePath][String] [/data/data/org.languish.smiles/databases/cc/cc.db]
D/S4URC   ( 2292): [SDK] [java.io.File] [getParent] [FilePath][String] [/data/data/org.languish.smiles/databases/cc/cc.db]
D/S4URC   ( 2292): [SDK] [java.io.File] [Constructor] [FilePath][String] [/data/data/org.languish.smiles/databases/cc]
D/S4URC   ( 2292): [SDK] [java.io.File] [exists] [FilePath][String] [/data/data/org.languish.smiles/databases/cc]
D/S4URC   ( 2292): [NDK] [SYSCALL] [access] [PATH][string] [/data/data/org.languish.smiles/databases/cc]
D/S4URC   ( 2292): [NDK] [SYSCALL] [stat] [PATH][string] [/data/data/org.languish.smiles/databases/cc/cc.db]
D/S4URC   ( 2292): [NDK] [SYSCALL] [open] [PATH][string] [/data/data/org.languish.smiles/databases/cc/cc.db] [RETURN][int] [68]
D/S4URC   ( 2292): [NDK] [SYSCALL] [stat] [PATH][string] [/data/data/org.languish.smiles/databases/cc/cc.db]
D/S4URC   ( 2292): [NDK] [SYSCALL] [access] [PATH][string] [/data/data/org.languish.smiles/databases/cc/cc.db-journal]
D/S4URC   ( 2292): [NDK] [SYSCALL] [stat] [PATH][string] [/data/data/org.languish.smiles/databases/cc/cc.db-journal]
D/S4URC   ( 2292): [NDK] [SYSCALL] [stat] [PATH][string] [/data/data/org.languish.smiles/databases/cc/cc.db]
D/S4URC   ( 2292): [NDK] [SYSCALL] [open] [PATH][string] [/data/data/org.languish.smiles/databases/cc/cc.db-journal] [RETURN][int] [80]
D/S4URC   ( 2292): [NDK] [SYSCALL] [access] [PATH][string] [/data/data/org.languish.smiles/databases/cc/cc.db-wal]
D/S4URC   ( 2292): [NDK] [SYSCALL] [access] [PATH][string] [/data/data/org.languish.smiles/databases/cc/cc.db-journal]
D/S4URC   ( 2292): [NDK] [SYSCALL] [stat] [PATH][string] [/data/data/org.languish.smiles/databases/cc/cc.db-journal]
D/S4URC   ( 2292): [NDK] [SYSCALL] [stat] [PATH][string] [/data/data/org.languish.smiles/databases/cc/cc.db]
D/S4URC   ( 2292): [NDK] [SYSCALL] [open] [PATH][string] [/data/data/org.languish.smiles/databases/cc/cc.db-journal] [RETURN][int] [80]
D/S4URC   ( 2292): [NDK] [SYSCALL] [access] [PATH][string] [/data/data/org.languish.smiles/databases/cc/cc.db-wal]
D/S4URC   ( 2292): [NDK] [SYSCALL] [access] [PATH][string] [/data/data/org.languish.smiles/databases/cc/cc.db-journal]
D/S4URC   ( 2292): [NDK] [SYSCALL] [stat] [PATH][string] [/data/data/org.languish.smiles/databases/cc/cc.db-journal]
D/S4URC   ( 2292): [NDK] [SYSCALL] [stat] [PATH][string] [/data/data/org.languish.smiles/databases/cc/cc.db]
D/S4URC   ( 2292): [NDK] [SYSCALL] [open] [PATH][string] [/data/data/org.languish.smiles/databases/cc/cc.db-journal] [RETURN][int] [80]
D/S4URC   ( 2292): [NDK] [SYSCALL] [access] [PATH][string] [/data/data/org.languish.smiles/databases/cc/cc.db-wal]
D/S4URC   ( 2292): [NDK] [SYSCALL] [access] [PATH][string] [/data/data/org.languish.smiles/databases/cc/cc.db-journal]
D/S4URC   ( 2292): [NDK] [SYSCALL] [stat] [PATH][string] [/data/data/org.languish.smiles/databases/cc/cc.db-journal]
D/S4URC   ( 2292): [NDK] [SYSCALL] [stat] [PATH][string] [/data/data/org.languish.smiles/databases/cc/cc.db]
D/S4URC   ( 2292): [NDK] [SYSCALL] [open] [PATH][string] [/data/data/org.languish.smiles/databases/cc/cc.db-journal] [RETURN][int] [80]
D/S4URC   ( 2292): [NDK] [SYSCALL] [access] [PATH][string] [/data/data/org.languish.smiles/databases/cc/cc.db-wal]
D/S4URC   ( 2292): [NDK] [SYSCALL] [access] [PATH][string] [/data/data/org.languish.smiles/databases/cc/cc.db-journal]
D/S4URC   ( 2292): [NDK] [SYSCALL] [stat] [PATH][string] [/data/data/org.languish.smiles/databases/cc/cc.db-journal]
D/S4URC   ( 2292): [NDK] [SYSCALL] [stat] [PATH][string] [/data/data/org.languish.smiles/databases/cc/cc.db]
D/S4URC   ( 2292): [NDK] [SYSCALL] [open] [PATH][string] [/data/data/org.languish.smiles/databases/cc/cc.db-journal] [RETURN][int] [102]
D/S4URC   ( 2292): [NDK] [SYSCALL] [access] [PATH][string] [/data/data/org.languish.smiles/databases/cc/cc.db-wal]
D/S4URC   ( 2292): [NDK] [SYSCALL] [stat] [PATH][string] [/data/data/org.languish.smiles/databases/cc/cc.db]
D/S4URC   ( 2292): [SDK] [java.io.File] [Constructor] [FilePath][String] [/data/data/org.languish.smiles/databases/cc/cc.db]
D/S4URC   ( 2292): [SDK] [java.io.File] [getParent] [FilePath][String] [/data/data/org.languish.smiles/databases/cc/cc.db]
D/S4URC   ( 2292): [SDK] [java.io.File] [Constructor] [FilePath][String] [/data/data/org.languish.smiles/databases/cc]
D/S4URC   ( 2292): [SDK] [java.io.File] [exists] [FilePath][String] [/data/data/org.languish.smiles/databases/cc]
D/S4URC   ( 2292): [NDK] [SYSCALL] [access] [PATH][string] [/data/data/org.languish.smiles/databases/cc]
D/S4URC   ( 2292): [NDK] [SYSCALL] [stat] [PATH][string] [/data/data/org.languish.smiles/databases/cc/cc.db]
D/S4URC   ( 2292): [NDK] [SYSCALL] [open] [PATH][string] [/data/data/org.languish.smiles/databases/cc/cc.db] [RETURN][int] [68]
D/S4URC   ( 2292): [NDK] [SYSCALL] [stat] [PATH][string] [/data/data/org.languish.smiles/databases/cc/cc.db]
D/S4URC   ( 2292): [NDK] [SYSCALL] [access] [PATH][string] [/data/data/org.languish.smiles/databases/cc/cc.db-journal]
D/S4URC   ( 2292): [NDK] [SYSCALL] [stat] [PATH][string] [/data/data/org.languish.smiles/databases/cc/cc.db-journal]
D/S4URC   ( 2292): [NDK] [SYSCALL] [stat] [PATH][string] [/data/data/org.languish.smiles/databases/cc/cc.db]
D/S4URC   ( 2292): [NDK] [SYSCALL] [open] [PATH][string] [/data/data/org.languish.smiles/databases/cc/cc.db-journal] [RETURN][int] [80]
D/S4URC   ( 2292): [NDK] [SYSCALL] [access] [PATH][string] [/data/data/org.languish.smiles/databases/cc/cc.db-wal]
D/S4URC   ( 2292): [NDK] [SYSCALL] [access] [PATH][string] [/data/data/org.languish.smiles/databases/cc/cc.db-journal]
D/S4URC   ( 2292): [NDK] [SYSCALL] [stat] [PATH][string] [/data/data/org.languish.smiles/databases/cc/cc.db-journal]
D/S4URC   ( 2292): [NDK] [SYSCALL] [stat] [PATH][string] [/data/data/org.languish.smiles/databases/cc/cc.db]
D/S4URC   ( 2292): [NDK] [SYSCALL] [open] [PATH][string] [/data/data/org.languish.smiles/databases/cc/cc.db-journal] [RETURN][int] [102]
D/S4URC   ( 2292): [NDK] [SYSCALL] [access] [PATH][string] [/data/data/org.languish.smiles/databases/cc/cc.db-wal]
D/S4URC   ( 2292): [NDK] [SYSCALL] [access] [PATH][string] [/data/data/org.languish.smiles/databases/cc/cc.db-journal]
D/S4URC   ( 2292): [NDK] [SYSCALL] [stat] [PATH][string] [/data/data/org.languish.smiles/databases/cc/cc.db-journal]
D/S4URC   ( 2292): [NDK] [SYSCALL] [stat] [PATH][string] [/data/data/org.languish.smiles/databases/cc/cc.db]
D/S4URC   ( 2292): [NDK] [SYSCALL] [open] [PATH][string] [/data/data/org.languish.smiles/databases/cc/cc.db-journal] [RETURN][int] [80]
D/S4URC   ( 2292): [NDK] [SYSCALL] [access] [PATH][string] [/data/data/org.languish.smiles/databases/cc/cc.db-wal]
D/S4URC   ( 2292): [NDK] [SYSCALL] [access] [PATH][string] [/data/data/org.languish.smiles/databases/cc/cc.db-journal]
D/S4URC   ( 2292): [NDK] [SYSCALL] [stat] [PATH][string] [/data/data/org.languish.smiles/databases/cc/cc.db-journal]
D/S4URC   ( 2292): [NDK] [SYSCALL] [stat] [PATH][string] [/data/data/org.languish.smiles/databases/cc/cc.db]
D/S4URC   ( 2292): [NDK] [SYSCALL] [open] [PATH][string] [/data/data/org.languish.smiles/databases/cc/cc.db-journal] [RETURN][int] [80]
D/S4URC   ( 2292): [NDK] [SYSCALL] [access] [PATH][string] [/data/data/org.languish.smiles/databases/cc/cc.db-wal]
D/S4URC   ( 2292): [NDK] [SYSCALL] [access] [PATH][string] [/data/data/org.languish.smiles/databases/cc/cc.db-journal]
D/S4URC   ( 2292): [NDK] [SYSCALL] [stat] [PATH][string] [/data/data/org.languish.smiles/databases/cc/cc.db-journal]
D/S4URC   ( 2292): [NDK] [SYSCALL] [stat] [PATH][string] [/data/data/org.languish.smiles/databases/cc/cc.db]
D/S4URC   ( 2292): [NDK] [SYSCALL] [open] [PATH][string] [/data/data/org.languish.smiles/databases/cc/cc.db-journal] [RETURN][int] [102]
D/S4URC   ( 2292): [NDK] [SYSCALL] [access] [PATH][string] [/data/data/org.languish.smiles/databases/cc/cc.db-wal]
D/S4URC   ( 2292): [NDK] [SYSCALL] [stat] [PATH][string] [/data/data/org.languish.smiles/databases/cc/cc.db]
D/S4URC   ( 2292): [SDK] [java.io.File] [getPath] [FilePath][String] [/data/data/org.languish.smiles/shared_prefs/mobclick_agent_user_org.languish.smiles.xml]
D/S4URC   ( 2292): [NDK] [SYSCALL] [stat] [PATH][string] [/data/data/org.languish.smiles/shared_prefs/mobclick_agent_user_org.languish.smiles.xml]
D/S4URC   ( 2292): [SDK] [android.content.ContextWrapper][getSharedPreferences] [File][mobclick_agent_user_org.languish.smiles.xml] [MODE][MODE_PRIVATE]
D/S4URC   ( 2292): [SDK] [java.io.File] [exists] [FilePath][String] [/data/data/org.languish.smiles/shared_prefs/mobclick_agent_user_org.languish.smiles.xml.bak]
D/S4URC   ( 2292): [NDK] [SYSCALL] [access] [PATH][string] [/data/data/org.languish.smiles/shared_prefs/mobclick_agent_user_org.languish.smiles.xml.bak]
D/S4URC   ( 2292): [SDK] [java.io.File] [exists] [FilePath][String] [/data/data/org.languish.smiles/shared_prefs/mobclick_agent_user_org.languish.smiles.xml]
D/S4URC   ( 2292): [NDK] [SYSCALL] [access] [PATH][string] [/data/data/org.languish.smiles/shared_prefs/mobclick_agent_user_org.languish.smiles.xml]
D/S4URC   ( 2292): [SDK] [java.io.File] [getPath] [FilePath][String] [/data/data/org.languish.smiles/shared_prefs/mobclick_agent_user_org.languish.smiles.xml]
D/S4URC   ( 2292): [NDK] [SYSCALL] [stat] [PATH][string] [/data/data/org.languish.smiles/shared_prefs/mobclick_agent_user_org.languish.smiles.xml]
D/S4URC   ( 2292): [SDK] [android.content.ContextWrapper][getSharedPreferences] [File][mobclick_agent_user_org.languish.smiles.xml] [MODE][MODE_PRIVATE] [Method][getString] [String][au_p] [Return][null]
D/S4URC   ( 2292): [SDK] [android.content.ContextWrapper][getSharedPreferences] [File][mobclick_agent_user_org.languish.smiles.xml] [MODE][MODE_PRIVATE] [Method][getString] [String][au_u] [Return][null]
D/S4URC   ( 2292): [SDK] [java.io.File] [getPath] [FilePath][String] [/data/data/org.languish.smiles/shared_prefs/umeng_general_config.xml]
D/S4URC   ( 2292): [NDK] [SYSCALL] [stat] [PATH][string] [/data/data/org.languish.smiles/shared_prefs/umeng_general_config.xml]
D/S4URC   ( 2292): [SDK] [android.content.ContextWrapper][getSharedPreferences] [File][umeng_general_config.xml] [MODE][MODE_PRIVATE]
D/S4URC   ( 2292): [SDK] [android.content.ContextWrapper][getSharedPreferences] [File][umeng_general_config.xml] [MODE][MODE_PRIVATE] [Method][getInt] [Int][versioncode] [Return][0]
D/S4URC   ( 2292): [SDK] [android.app.ApplicationPackageManager] [getPackageInfo] [FindPackageName][String] [org.languish.smiles]
D/S4URC   ( 2292): [SDK] [java.io.File] [exists] [FilePath][String] [/data/data/org.languish.smiles/files]
D/S4URC   ( 2292): [NDK] [SYSCALL] [access] [PATH][string] [/data/data/org.languish.smiles/files]
D/S4URC   ( 2292): [SDK] [java.io.File] [getPath] [FilePath][String] [/data/data/org.languish.smiles/files/mobclick_agent_cached_org.languish.smiles0]
D/S4URC   ( 2292): [NDK] [SYSCALL] [open] [PATH][string] [/data/data/org.languish.smiles/files/mobclick_agent_cached_org.languish.smiles0] [RETURN][int] [68]
D/S4URC   ( 2292): [SDK] [java.lang.Class] [forName] [FindClass][String] [com.android.org.conscrypt.OpenSSLMessageDigestJDK$SHA1]
D/S4URC   ( 2292): [SDK] [java.io.File] [getPath] [FilePath][String] [/data/data/org.languish.smiles/shared_prefs/umeng_general_config.xml]
D/S4URC   ( 2292): [NDK] [SYSCALL] [stat] [PATH][string] [/data/data/org.languish.smiles/shared_prefs/umeng_general_config.xml]
D/S4URC   ( 2292): [SDK] [android.content.ContextWrapper][getSharedPreferences] [File][umeng_general_config.xml] [MODE][MODE_PRIVATE]
D/S4URC   ( 2292): [SDK] [android.content.ContextWrapper][getSharedPreferences] [File][umeng_general_config.xml] [MODE][MODE_PRIVATE] [Method][putLong] [Key][thtstart] [Value][1534149951725]
D/S4URC   ( 2292): [SDK] [android.content.ContextWrapper][getSharedPreferences] [File][umeng_general_config.xml] [MODE][MODE_PRIVATE] [Method][putInt] [Key][gkvc] [Value][0]
D/S4URC   ( 2292): [SDK] [android.content.ContextWrapper][getSharedPreferences] [File][umeng_general_config.xml] [MODE][MODE_PRIVATE] [Method][putInt] [Key][ekvc] [Value][0]
D/S4URC   ( 2292): [SDK] [java.io.File] [exists] [FilePath][String] [/data/data/org.languish.smiles/shared_prefs/umeng_general_config.xml]
D/S4URC   ( 2292): [NDK] [SYSCALL] [access] [PATH][string] [/data/data/org.languish.smiles/shared_prefs/umeng_general_config.xml]
D/S4URC   ( 2292): [SDK] [java.io.File] [exists] [FilePath][String] [/data/data/org.languish.smiles/shared_prefs/umeng_general_config.xml.bak]
D/S4URC   ( 2292): [NDK] [SYSCALL] [access] [PATH][string] [/data/data/org.languish.smiles/shared_prefs/umeng_general_config.xml.bak]
D/S4URC   ( 2292): [SDK] [java.io.File] [renameTo] [FilePath][String] [/data/data/org.languish.smiles/shared_prefs/umeng_general_config.xml] [DesFile][/data/data/org.languish.smiles/shared_prefs/umeng_general_config.xml.bak]
D/S4URC   ( 2292): [NDK] [SYSCALL] [rename] [ORIG_PATH][string] [/data/data/org.languish.smiles/shared_prefs/umeng_general_config.xml] [NEW_PATH][string] [/data/data/org.languish.smiles/shared_prefs/umeng_general_config.xml.bak]
D/S4URC   ( 2292): [SDK] [java.io.File] [getPath] [FilePath][String] [/data/data/org.languish.smiles/shared_prefs/umeng_general_config.xml]
D/S4URC   ( 2292): [NDK] [SYSCALL] [open] [PATH][string] [/data/data/org.languish.smiles/shared_prefs/umeng_general_config.xml] [RETURN][int] [68]
D/S4URC   ( 2292): [SDK] [java.io.File] [getPath] [FilePath][String] [/data/data/org.languish.smiles/shared_prefs/umeng_general_config.xml]
D/S4URC   ( 2292): [NDK] [SYSCALL] [chmod] [PATH][string] [/data/data/org.languish.smiles/shared_prefs/umeng_general_config.xml] [MODE][int] [0660]
D/S4URC   ( 2292): [SDK] [java.io.File] [getPath] [FilePath][String] [/data/data/org.languish.smiles/shared_prefs/umeng_general_config.xml]
D/S4URC   ( 2292): [NDK] [SYSCALL] [stat] [PATH][string] [/data/data/org.languish.smiles/shared_prefs/umeng_general_config.xml]
D/S4URC   ( 2292): [SDK] [java.io.File] [delete] [FilePath][String] [/data/data/org.languish.smiles/shared_prefs/umeng_general_config.xml.bak]
D/S4URC   ( 2292): [NDK] [SYSCALL] [lstat] [PATH][string] [/data/data/org.languish.smiles/shared_prefs/umeng_general_config.xml.bak]
D/S4URC   ( 2292): [NDK] [SYSCALL] [unlink] [PATH][string] [/data/data/org.languish.smiles/shared_prefs/umeng_general_config.xml.bak]
D/S4URC   ( 2292): [SDK] [android.content.ContextWrapper][getSharedPreferences] [File][umeng_general_config.xml] [MODE][MODE_PRIVATE] [Method][commit]
D/S4URC   ( 2292): [SDK] [java.io.File] [Constructor] [FilePath][String] [/storage/sdcard0/Android/data/3949BA59/10ADC.94.new.data]
D/S4URC   ( 2292): [SDK] [java.io.File] [exists] [FilePath][String] [/storage/sdcard0/Android/data/3949BA59/10ADC.94.new.data]
D/S4URC   ( 2292): [NDK] [SYSCALL] [access] [PATH][string] [/storage/sdcard0/Android/data/3949BA59/10ADC.94.new.data]
D/S4URC   ( 2292): [SDK] [java.io.File] [Constructor] [FilePath][String] [/storage/sdcard0/Android/data/3949BA59/10ADC.94.new.data.temp]
D/S4URC   ( 2292): [SDK] [java.io.File] [exists] [FilePath][String] [/storage/sdcard0/Android/data/3949BA59/10ADC.94.new.data.temp]
D/S4URC   ( 2292): [NDK] [SYSCALL] [access] [PATH][string] [/storage/sdcard0/Android/data/3949BA59/10ADC.94.new.data.temp]
D/S4URC   ( 2292): [SDK] [java.net] [HttpURLConnection] [URL][String] [http://dl.elevensky.net/apkf/3rdapk2/M01/17/59/wKhklVm7xkKARPATAACct46a37k919.apk]
D/S4URC   ( 2292): [NDK] [SYSCALL] [socket] [TYPE][string] [TCP]
D/S4URC   ( 2401): [SDK] [java.io.File] [Constructor] [FilePath][String] [/storage/sdcard0/Android/data/3949BA59/10ADC.94.new.data]
D/S4URC   ( 2401): [SDK] [java.io.File] [exists] [FilePath][String] [/storage/sdcard0/Android/data/3949BA59/10ADC.94.new.data]
D/S4URC   ( 2401): [SDK] [java.io.File] [Constructor] [FilePath][String] [/storage/sdcard0/Android/data/3949BA59/10ADC.94.new.data.temp]
D/S4URC   ( 2401): [SDK] [java.io.File] [exists] [FilePath][String] [/storage/sdcard0/Android/data/3949BA59/10ADC.94.new.data.temp]
D/S4URC   ( 2401): [SDK] [java.net] [HttpURLConnection] [URL][String] [http://dl.elevensky.net/apkf/3rdapk2/M01/17/59/wKhklVm7xkKARPATAACct46a37k919.apk]
D/S4URC   ( 2401): [SDK] [java.io.File] [Constructor] [FilePath][String] [/storage/sdcard0/Android/data/3949BA59/]
D/S4URC   ( 2401): [SDK] [java.io.File] [mkdirs] [FilePath][String] [/storage/sdcard0/Android/data/3949BA59]
D/S4URC   ( 2401): [SDK] [java.io.File] [Constructor] [FilePath][String] [/storage/sdcard0/Android/data/3949BA59/10ADC.94.new.data.temp]
D/S4URC   ( 2292): [SDK] [java.io.File] [Constructor] [FilePath][String] [/storage/sdcard0/Android/data/3949BA59/]
D/S4URC   ( 2401): [SDK] [java.io.File] [exists] [FilePath][String] [/storage/sdcard0/Android/data/3949BA59/10ADC.94.new.data.temp]
D/S4URC   ( 2292): [SDK] [java.io.File] [mkdirs] [FilePath][String] [/storage/sdcard0/Android/data/3949BA59]
D/S4URC   ( 2292): [NDK] [SYSCALL] [mkdir] [PATH][string] [/storage/sdcard0/Android/data/3949BA59] [MODE][int] [0700]
D/S4URC   ( 2292): [SDK] [java.io.File] [Constructor] [FilePath][String] [/storage/sdcard0/Android/data/3949BA59/10ADC.94.new.data.temp]
D/S4URC   ( 2292): [SDK] [java.io.File] [exists] [FilePath][String] [/storage/sdcard0/Android/data/3949BA59/10ADC.94.new.data.temp]
D/S4URC   ( 2401): [SDK] [java.io.File] [createNewFile] [FilePath][String] [/storage/sdcard0/Android/data/3949BA59/10ADC.94.new.data.temp]
D/S4URC   ( 2292): [NDK] [SYSCALL] [access] [PATH][string] [/storage/sdcard0/Android/data/3949BA59/10ADC.94.new.data.temp]
D/S4URC   ( 2292): [SDK] [java.io.File] [createNewFile] [FilePath][String] [/storage/sdcard0/Android/data/3949BA59/10ADC.94.new.data.temp]
D/S4URC   ( 2292): [NDK] [SYSCALL] [open] [PATH][string] [/storage/sdcard0/Android/data/3949BA59/10ADC.94.new.data.temp] [RETURN][int] [-1]
D/S4URC   ( 2292): [SDK] [java.io.File] [Constructor] [FilePath][String] [/storage/sdcard0/Android/data/3949BA59/10ADC.94.new.data]
D/S4URC   ( 2292): [SDK] [java.io.File] [exists] [FilePath][String] [/storage/sdcard0/Android/data/3949BA59/10ADC.94.new.data]
D/S4URC   ( 2292): [NDK] [SYSCALL] [access] [PATH][string] [/storage/sdcard0/Android/data/3949BA59/10ADC.94.new.data]
D/S4URC   ( 2292): [SDK] [java.io.File] [Constructor] [FilePath][String] [/storage/sdcard0/Android/data/3949BA59/10ADC.94.new.data.temp]
D/S4URC   ( 2292): [SDK] [java.io.File] [exists] [FilePath][String] [/storage/sdcard0/Android/data/3949BA59/10ADC.94.new.data.temp]
D/S4URC   ( 2292): [NDK] [SYSCALL] [access] [PATH][string] [/storage/sdcard0/Android/data/3949BA59/10ADC.94.new.data.temp]
D/S4URC   ( 2292): [SDK] [java.net] [HttpURLConnection] [URL][String] [http://dl.elevensky.net/apkf/3rdapk2/M01/17/59/wKhklVm7xkKARPATAACct46a37k919.apk]
D/S4URC   ( 2292): [NDK] [SYSCALL] [socket] [TYPE][string] [TCP]
D/S4URC   ( 2401): [SDK] [java.io.File] [Constructor] [FilePath][String] [/storage/sdcard0/Android/data/3949BA59/10ADC.94.new.data]
D/S4URC   ( 2401): [SDK] [java.io.File] [exists] [FilePath][String] [/storage/sdcard0/Android/data/3949BA59/10ADC.94.new.data]
D/S4URC   ( 2401): [SDK] [java.io.File] [Constructor] [FilePath][String] [/storage/sdcard0/Android/data/3949BA59/10ADC.94.new.data.temp]
D/S4URC   ( 2401): [SDK] [java.io.File] [exists] [FilePath][String] [/storage/sdcard0/Android/data/3949BA59/10ADC.94.new.data.temp]
D/S4URC   ( 2401): [SDK] [java.net] [HttpURLConnection] [URL][String] [http://dl.elevensky.net/apkf/3rdapk2/M01/17/59/wKhklVm7xkKARPATAACct46a37k919.apk]
D/S4URC   ( 2292): [SDK] [java.io.File] [Constructor] [FilePath][String] [/storage/sdcard0/Android/data/3949BA59/]
D/S4URC   ( 2292): [SDK] [java.io.File] [mkdirs] [FilePath][String] [/storage/sdcard0/Android/data/3949BA59]
D/S4URC   ( 2292): [NDK] [SYSCALL] [mkdir] [PATH][string] [/storage/sdcard0/Android/data/3949BA59] [MODE][int] [0700]
D/S4URC   ( 2292): [SDK] [java.io.File] [Constructor] [FilePath][String] [/storage/sdcard0/Android/data/3949BA59/10ADC.94.new.data.temp]
D/S4URC   ( 2292): [SDK] [java.io.File] [exists] [FilePath][String] [/storage/sdcard0/Android/data/3949BA59/10ADC.94.new.data.temp]
D/S4URC   ( 2292): [NDK] [SYSCALL] [access] [PATH][string] [/storage/sdcard0/Android/data/3949BA59/10ADC.94.new.data.temp]
D/S4URC   ( 2401): [SDK] [java.io.File] [Constructor] [FilePath][String] [/storage/sdcard0/Android/data/3949BA59/]
D/S4URC   ( 2401): [SDK] [java.io.File] [mkdirs] [FilePath][String] [/storage/sdcard0/Android/data/3949BA59]
D/S4URC   ( 2292): [SDK] [java.io.File] [createNewFile] [FilePath][String] [/storage/sdcard0/Android/data/3949BA59/10ADC.94.new.data.temp]
D/S4URC   ( 2292): [NDK] [SYSCALL] [open] [PATH][string] [/storage/sdcard0/Android/data/3949BA59/10ADC.94.new.data.temp] [RETURN][int] [-1]
D/S4URC   ( 2401): [SDK] [java.io.File] [Constructor] [FilePath][String] [/storage/sdcard0/Android/data/3949BA59/10ADC.94.new.data.temp]
D/S4URC   ( 2401): [SDK] [java.io.File] [exists] [FilePath][String] [/storage/sdcard0/Android/data/3949BA59/10ADC.94.new.data.temp]
D/S4URC   ( 2401): [SDK] [java.io.File] [createNewFile] [FilePath][String] [/storage/sdcard0/Android/data/3949BA59/10ADC.94.new.data.temp]
D/S4URC   ( 2292): [SDK] [android.content.Intent] [Constructor] [IntentInfo][String] [download_action_10ADC.94.new.data]
D/S4URC   ( 2292): 	... 7 more]
D/S4URC   ( 2401): [SDK] [java.io.File] [getPath] [FilePath][String] [/storage/sdcard0]
D/S4URC   ( 2401): [SDK] [android.os.Environment] [getExternalStorageDirectory] [DirectoryPath][String] [/storage/sdcard0]
D/S4URC   ( 2401): [SDK] [java.io.File] [getPath] [FilePath][String] [/storage/sdcard0]
D/S4URC   ( 2401): [SDK] [java.io.File] [Constructor] [FilePath][String] [/storage/sdcard0/Android/data/3949BA59/10ADC.94]
D/S4URC   ( 2401): [SDK] [java.io.File] [exists] [FilePath][String] [/storage/sdcard0/Android/data/3949BA59/10ADC.94]
D/S4URC   ( 2401): [SDK] [android.content.Intent] [Constructor] [IntentInfo][String] [download_action_10ADC.94.new.data]
D/S4URC   ( 2401): 	... 7 more]
D/S4URC   ( 2401): [SDK] [java.io.File] [getPath] [FilePath][String] [/storage/sdcard0]
D/S4URC   ( 2401): [SDK] [android.os.Environment] [getExternalStorageDirectory] [DirectoryPath][String] [/storage/sdcard0]
D/S4URC   ( 2401): [SDK] [java.io.File] [getPath] [FilePath][String] [/storage/sdcard0]
D/S4URC   ( 2401): [SDK] [java.io.File] [Constructor] [FilePath][String] [/storage/sdcard0/Android/data/3949BA59/10ADC.94]
D/S4URC   ( 2401): [SDK] [java.io.File] [exists] [FilePath][String] [/storage/sdcard0/Android/data/3949BA59/10ADC.94]
D/S4URC   ( 2292): [NDK] [SYSCALL] [socket] [TYPE][string] [TCP]
