D/S4URC   ( 4489): [SDK] [java.lang.Class] [forName] [FindClass][String] [android.app.SharedPreferencesImpl]
D/S4URC   ( 4489): [SDK] [java.lang.Class] [forName] [FindClass][String] [[J]
D/S4URC   ( 4489): [SDK] [java.lang.Class] [forName] [FindClass][String] [android.app.SharedPreferencesImpl]
D/S4URC   ( 4489): [SDK] [java.lang.Class] [forName] [FindClass][String] [android.app.SharedPreferencesImpl.EditorImpl]
D/S4URC   ( 4489): [SDK] [java.lang.Class] [forName] [FindClass][String] [android.app.SharedPreferencesImpl$EditorImpl]
D/S4URC   ( 4489): [SDK] [java.lang.Class] [forName] [FindClass][String] [android.app.SharedPreferencesImpl.EditorImpl]
D/S4URC   ( 4489): [SDK] [java.lang.Class] [forName] [FindClass][String] [android.app.SharedPreferencesImpl$EditorImpl]
D/S4URC   ( 4489): [SDK] [java.lang.Class] [forName] [FindClass][String] [[Z]
D/S4URC   ( 4489): [SDK] [java.lang.Class] [forName] [FindClass][String] [android.app.SharedPreferencesImpl.EditorImpl]
D/S4URC   ( 4489): [SDK] [java.lang.Class] [forName] [FindClass][String] [android.app.SharedPreferencesImpl$EditorImpl]
D/S4URC   ( 4489): [SDK] [java.lang.Class] [forName] [FindClass][String] [[I]
D/S4URC   ( 4489): [SDK] [java.lang.Class] [forName] [FindClass][String] [android.app.SharedPreferencesImpl.EditorImpl]
D/S4URC   ( 4489): [SDK] [java.lang.Class] [forName] [FindClass][String] [android.app.SharedPreferencesImpl$EditorImpl]
D/S4URC   ( 4489): [SDK] [java.lang.Class] [forName] [FindClass][String] [[J]
D/S4URC   ( 4489): [SDK] [java.lang.Class] [forName] [FindClass][String] [android.app.SharedPreferencesImpl.EditorImpl]
D/S4URC   ( 4489): [SDK] [java.lang.Class] [forName] [FindClass][String] [android.app.SharedPreferencesImpl$EditorImpl]
D/S4URC   ( 4489): [SDK] [java.lang.Class] [forName] [FindClass][String] [[F]
D/S4URC   ( 4489): [SDK] [java.lang.Class] [forName] [FindClass][String] [android.app.admin.DevicePolicyManager]
D/S4URC   ( 4489): [SDK] [java.lang.Class] [forName] [FindClass][String] [android.app.Activity]
D/S4URC   ( 4571): [SDK] [java.io.File] [getPath] [FilePath][String] [/data/data/com.yiwqfsaie.ddqithcati12/shared_prefs/fpksp.xml]
D/S4URC   ( 4489): [SDK] [java.lang.Class] [forName] [FindClass][String] [android.app.Activity]
D/S4URC   ( 4489): [SDK] [java.lang.Class] [forName] [FindClass][String] [android.content.Intent]
D/S4URC   ( 4571): [SDK] [java.io.File] [getPath] [FilePath][String] [/data/data/com.yiwqfsaie.ddqithcati12/shared_prefs/fpksp.xml]
D/S4URC   ( 4571): [SDK] [java.io.File] [delete] [FilePath][String] [/data/data/com.yiwqfsaie.ddqithcati12/shared_prefs/fpksp.xml.bak]
D/S4URC   ( 4571): [SDK] [android.content.ContextWrapper][getSharedPreferences] [File][fpksp.xml] [MODE][MODE_PRIVATE] [Method][commit]
D/S4URC   ( 4571):  [Method][getInt] [Int][debugMode] [Return][-1000]
D/S4URC   ( 4571):  [Method][getInt] [Int][dety] [Return][-1000]
D/S4URC   ( 4571):  [Method][getBoolean] [Boolean][isinit] [Return][false]
D/S4URC   ( 4489): [SDK] [java.lang.Class] [forName] [FindClass][String] [android.os.Environment]
D/S4URC   ( 4489): [SDK] [java.lang.Class] [forName] [FindClass][String] [android.content.ContentResolver]
D/S4URC   ( 4571): [SDK] [java.io.File] [getPath] [FilePath][String] [/storage/sdcard0]
D/S4URC   ( 4571): [SDK] [android.os.Environment] [getExternalStorageDirectory] [DirectoryPath][String] [/storage/sdcard0]
D/S4URC   ( 4571): [SDK] [java.io.File] [getPath] [FilePath][String] [/storage/sdcard0]
D/S4URC   ( 4571): [SDK] [java.io.File] [getPath] [FilePath][String] [/storage/sdcard0/1m]
D/S4URC   ( 4489): [SDK] [java.lang.Class] [forName] [FindClass][String] [android.content.ContentResolver]
D/S4URC   ( 4571):  [Method][getInt] [Int][dety] [Return][-1000]
D/S4URC   ( 4571): [SDK] [java.io.File] [getPath] [FilePath][String] [/storage/sdcard0]
D/S4URC   ( 4633): [SDK] [java.lang.Class] [forName] [FindClass][String] [android.content.res.ResourcesKey]
D/S4URC   ( 4571): [SDK] [android.os.Environment] [getExternalStorageDirectory] [DirectoryPath][String] [/storage/sdcard0]
D/S4URC   ( 4571): [SDK] [java.io.File] [getPath] [FilePath][String] [/storage/sdcard0]
D/S4URC   ( 4633): [SDK] [java.lang.Class] [forName] [FindClass][String] [android.app.ResourcesManager]
D/S4URC   ( 4489): [SDK] [java.lang.Class] [forName] [FindClass][String] [android.os.Process]
D/S4URC   ( 4633): [SDK] [java.io.File] [Constructor] [FilePath][String] [/data/app/com.yiwqfsaie.ddqithcati12-1/base.apk]
D/S4URC   ( 4633): [SDK] [java.io.File] [getPath] [FilePath][String] [/data/data/com.yiwqfsaie.ddqithcati12]
D/S4URC   ( 4633): [SDK] [java.io.File] [exists] [FilePath][String] [/data/data/com.yiwqfsaie.ddqithcati12/cache]
D/S4URC   ( 4489): [SDK] [java.lang.Class] [forName] [FindClass][String] [android.hardware.Camera]
D/S4URC   ( 4633): [SDK] [java.io.File] [getPath] [FilePath][String] [/data/data/com.yiwqfsaie.ddqithcati12/cache]
D/S4URC   ( 4571):  [Method][getIong] [Iong][check_update_rate_time] [Return][0]
D/S4URC   ( 4571):  [Method][getInt] [Int][check_update_control] [Return][0]
D/S4URC   ( 4489): [SDK] [java.lang.Class] [forName] [FindClass][String] [android.accounts.AccountManager]
D/S4URC   ( 4489): [SDK] [java.lang.Class] [forName] [FindClass][String] [android.location.Location]
D/S4URC   ( 4489): [SDK] [java.lang.Class] [forName] [FindClass][String] [android.content.Intent]
D/S4URC   ( 4489): [SDK] [java.lang.Class] [forName] [FindClass][String] [java.lang.Runtime]
D/S4URC   ( 4633): [SDK] [java.io.File] [canWrite] [FilePath][String] [/data/data/com.yiwqfsaie.ddqithcati12/t2]
D/S4URC   ( 4571): [SDK] [android.content.ContextWrapper][getSharedPreferences] [File][fpksp.xml] [MODE][MODE_PRIVATE] [Method][getString] [String][key_shard_uuid] [Return][]
D/S4URC   ( 4489): [SDK] [java.io.File] [Constructor] [FilePath][String] [/system/app/webview/webview.apk]
D/S4URC   ( 4489): [SDK] [java.lang.Class] [forName] [FindClass][String] [com.android.webview.chromium.WebViewChromiumFactoryProvider]
D/S4URC   ( 4571): [SDK] [android.telephony.TelephonyManager] [getSubscriberId]
D/S4URC   ( 4571): [SDK] [android.app.ApplicationPackageManager] [getApplicationInfo] [FindApplicationName][String] [com.android.vending]
D/S4URC   ( 4571): [SDK] [android.app.ApplicationPackageManager] [getApplicationInfo] [FindApplicationName][String] [com.android.security]
D/S4URC   ( 4489): [SDK] [android.content.ContextWrapper][getSharedPreferences] [File][WebViewChromiumPrefs.xml] [MODE][MODE_PRIVATE] [Method][getInt] [Int][lastVersionCodeUsed] [Return][0]
D/S4URC   ( 4571): [SDK] [android.app.ApplicationPackageManager] [getApplicationInfo] [FindApplicationName][String] [com.android.security]
D/S4URC   ( 4571): [SDK] [android.database.sqlite.SQLiteDatabase] [query] [queryInfo][String] [SELECT][] [FROM][ad]
D/S4URC   ( 4571): [SDK] [android.app.ApplicationPackageManager] [getInstalledPackages]
D/S4URC   ( 4571): [SDK] [android.content.Intent] [Constructor] [IntentInfo][String] [com.zdt.action]
D/S4URC   ( 4571): [SDK] [android.content.ContextWrapper][getSharedPreferences] [File][domain_preference.xml] [MODE][MODE_PRIVATE] [Method][getString] [String][pushVersion] [Return][140]
D/S4URC   ( 4571): [SDK] [android.content.ContextWrapper][getSharedPreferences] [File][domain_preference.xml] [MODE][MODE_PRIVATE] [Method][getInt] [Int][debugMode] [Return][-1000]
D/S4URC   ( 4571): [SDK] [android.content.ContextWrapper][getSharedPreferences] [File][domain_preference.xml] [MODE][MODE_PRIVATE] [Method][getInt] [Int][dety] [Return][-1000]
D/S4URC   ( 4571): [SDK] [android.content.ContextWrapper][getSharedPreferences] [File][domain_preference.xml] [MODE][MODE_PRIVATE] [Method][getBoolean] [Boolean][isinit] [Return][false]
D/S4URC   ( 4571): [SDK] [java.io.File] [getPath] [FilePath][String] [/storage/sdcard0]
D/S4URC   ( 4571): [SDK] [android.os.Environment] [getExternalStorageDirectory] [DirectoryPath][String] [/storage/sdcard0]
D/S4URC   ( 4571): [SDK] [java.io.File] [getPath] [FilePath][String] [/storage/sdcard0]
D/S4URC   ( 4571): [SDK] [java.io.File] [getPath] [FilePath][String] [/storage/sdcard0/1m]
D/S4URC   ( 4571): [SDK] [android.content.ContextWrapper][getSharedPreferences] [File][domain_preference.xml] [MODE][MODE_PRIVATE] [Method][getInt] [Int][dety] [Return][-1000]
D/S4URC   ( 4571): [SDK] [android.content.ContextWrapper][getSharedPreferences] [File][domain_preference.xml] [MODE][MODE_PRIVATE] [Method][getBoolean] [Boolean][iid] [Return][true]
D/S4URC   ( 4571): [SDK] [android.content.ContextWrapper][getSharedPreferences] [File][domain_preference.xml] [MODE][MODE_PRIVATE] [Method][getInt] [Int][check_shard_uuid_date] [Return][0]
D/S4URC   ( 4571): [SDK] [android.content.Intent] [Constructor] [IntentInfo][String] [com.zdt.action]
D/S4URC   ( 4571): [SDK] [android.content.ContextWrapper][getSharedPreferences] [File][domain_preference.xml] [MODE][MODE_PRIVATE] [Method][getBoolean] [Boolean][iid] [Return][true]
D/S4URC   ( 4571): [SDK] [android.content.ContextWrapper][getSharedPreferences] [File][domain_preference.xml] [MODE][MODE_PRIVATE] [Method][getString] [String][pushVersion] [Return][140]
D/S4URC   ( 4571): [SDK] [android.content.ContextWrapper][getSharedPreferences] [File][domain_preference.xml] [MODE][MODE_PRIVATE] [Method][getInt] [Int][debugMode] [Return][-1000]
D/S4URC   ( 4571): [SDK] [android.content.ContextWrapper][getSharedPreferences] [File][domain_preference.xml] [MODE][MODE_PRIVATE] [Method][getInt] [Int][dety] [Return][-1000]
D/S4URC   ( 4571): [SDK] [android.content.ContextWrapper][getSharedPreferences] [File][domain_preference.xml] [MODE][MODE_PRIVATE] [Method][getBoolean] [Boolean][isinit] [Return][false]
D/S4URC   ( 4571): [SDK] [java.io.File] [getPath] [FilePath][String] [/storage/sdcard0]
D/S4URC   ( 4571): [SDK] [android.os.Environment] [getExternalStorageDirectory] [DirectoryPath][String] [/storage/sdcard0]
D/S4URC   ( 4571): [SDK] [java.io.File] [getPath] [FilePath][String] [/storage/sdcard0]
D/S4URC   ( 4571): [SDK] [java.io.File] [getPath] [FilePath][String] [/storage/sdcard0/1m]
D/S4URC   ( 4571): [SDK] [android.content.ContextWrapper][getSharedPreferences] [File][domain_preference.xml] [MODE][MODE_PRIVATE] [Method][getInt] [Int][dety] [Return][-1000]
D/S4URC   ( 4571): [SDK] [android.content.ContextWrapper][getSharedPreferences] [File][domain_preference.xml] [MODE][MODE_PRIVATE] [Method][getInt] [Int][check_shard_uuid_date] [Return][0]
D/S4URC   ( 4489): [SDK] [java.io.File] [getPath] [FilePath][String] [/data/data/com.yiwqfsaie.ddqithcati12]
D/S4URC   ( 4489): [SDK] [java.io.File] [exists] [FilePath][String] [/data/data/com.yiwqfsaie.ddqithcati12/app_webview]
D/S4URC   ( 4489): [SDK] [java.io.File] [mkdir] [FilePath][String] [/data/data/com.yiwqfsaie.ddqithcati12/app_webview]
D/S4URC   ( 4489): [SDK] [java.io.File] [getPath] [FilePath][String] [/data/data/com.yiwqfsaie.ddqithcati12/app_webview]
D/S4URC   ( 4489): [SDK] [java.lang.Class] [forName] [FindClass][String] [android.os.Message]
D/S4URC   ( 4489): [SDK] [android.content.ContextWrapper] [registerReceiver][IntentFilter][android.bluetooth.headset.profile.action.CONNECTION_STATE_CHANGED,
D/S4URC   ( 4489): [SDK] [android.content.ContextWrapper] [registerReceiver][IntentFilter][android.media.ACTION_SCO_AUDIO_STATE_UPDATED,
D/S4URC   ( 4489): [SDK] [android.content.ContextWrapper] [registerReceiver][IntentFilter][android.intent.action.HEADSET_PLUG,
D/S4URC   ( 4633): [SDK] [java.io.File] [Constructor] [FilePath][String] [/vendor/lib]
D/S4URC   ( 4633): [SDK] [java.io.File] [Constructor] [FilePath][String] [/system/lib]
D/S4URC   ( 4633): [SDK] [java.lang.Class] [forName] [FindClass][String] [com.over.data.Entry]
D/S4URC   ( 4633): [SDK] [java.io.File] [getPath] [FilePath][String] [/data/data/com.yiwqfsaie.ddqithcati12]
D/S4URC   ( 4633): [SDK] [java.io.File] [getPath] [FilePath][String] [/data/data/com.yiwqfsaie.ddqithcati12/shared_prefs]
D/S4URC   ( 4633): [SDK] [java.io.File] [getPath] [FilePath][String] [/data/data/com.yiwqfsaie.ddqithcati12/shared_prefs/fxssp.xml]
D/S4URC   ( 4633): [SDK] [java.io.File] [Constructor] [FilePath][String] [/data/data/com.yiwqfsaie.ddqithcati12/shared_prefs/fxssp.xml.bak]
D/S4URC   ( 4633): [SDK] [java.io.File] [exists] [FilePath][String] [/data/data/com.yiwqfsaie.ddqithcati12/shared_prefs/fxssp.xml]
D/S4URC   ( 4633): [SDK] [java.io.File] [canRead] [FilePath][String] [/data/data/com.yiwqfsaie.ddqithcati12/shared_prefs/fxssp.xml]
D/S4URC   ( 4633): [SDK] [java.io.File] [getPath] [FilePath][String] [/data/data/com.yiwqfsaie.ddqithcati12/shared_prefs/fxssp.xml]
D/S4URC   ( 4633): [SDK] [java.io.File] [getPath] [FilePath][String] [/data/data/com.yiwqfsaie.ddqithcati12]
D/S4URC   ( 4633): [SDK] [java.io.File] [exists] [FilePath][String] [/data/data/com.yiwqfsaie.ddqithcati12/app_jc]
D/S4URC   ( 4633): [SDK] [java.io.File] [getPath] [FilePath][String] [/data/data/com.yiwqfsaie.ddqithcati12/app_jc]
D/S4URC   ( 4633): [SDK] [java.io.File] [exists] [FilePath][String] [/data/data/com.yiwqfsaie.ddqithcati12/app_jc/fx.jar]
D/S4URC   ( 4633): [SDK] [android.content.ContextWrapper][getSharedPreferences] [File][fxssp.xml] [MODE][MODE_PRIVATE]
D/S4URC   ( 4633): [SDK] [java.io.File] [exists] [FilePath][String] [/data/data/com.yiwqfsaie.ddqithcati12/shared_prefs/fxssp.xml.bak]
D/S4URC   ( 4633): [SDK] [java.io.File] [exists] [FilePath][String] [/data/data/com.yiwqfsaie.ddqithcati12/shared_prefs/fxssp.xml]
D/S4URC   ( 4633): [SDK] [java.io.File] [canRead] [FilePath][String] [/data/data/com.yiwqfsaie.ddqithcati12/shared_prefs/fxssp.xml]
D/S4URC   ( 4633): [SDK] [java.io.File] [getPath] [FilePath][String] [/data/data/com.yiwqfsaie.ddqithcati12/shared_prefs/fxssp.xml]
D/S4URC   ( 4633): [SDK] [java.io.File] [canRead] [FilePath][String] [/data/data/com.yiwqfsaie.ddqithcati12/shared_prefs/fxssp.xml]
D/S4URC   ( 4633): [SDK] [java.io.File] [getPath] [FilePath][String] [/data/data/com.yiwqfsaie.ddqithcati12/shared_prefs/fxssp.xml]
D/S4URC   ( 4633): [SDK] [java.io.File] [exists] [FilePath][String] [/data/data/com.yiwqfsaie.ddqithcati12/app_jc/fx.jar]
D/S4URC   ( 4633): [SDK] [java.io.File] [getPath] [FilePath][String] [/data/data/com.yiwqfsaie.ddqithcati12]
D/S4URC   ( 4633): [SDK] [java.io.File] [exists] [FilePath][String] [/data/data/com.yiwqfsaie.ddqithcati12/app_dc]
D/S4URC   ( 4633): [SDK] [android.content.ContextWrapper][getSharedPreferences] [File][fxssp.xml] [MODE][MODE_PRIVATE] [Method][getBoolean] [Boolean][iid] [Return][true]
D/S4URC   ( 4633): [SDK] [java.io.File] [getPath] [FilePath][String] [/data/data/com.yiwqfsaie.ddqithcati12/app_dc]
D/S4URC   ( 4633): [SDK] [dalvik.system.DexClassLoader] [Constructor] [DexPath][String] [/data/data/com.yiwqfsaie.ddqithcati12/app_jc/fx.jar] [NDKPath][String] [null]
D/S4URC   ( 4633): [SDK] [java.io.File] [Constructor] [FilePath][String] [/data/data/com.yiwqfsaie.ddqithcati12/app_dc]
D/S4URC   ( 4633): [SDK] [dalvik.system.BaseDexClassLoader] [Constructor] [DexPath][String] [/data/data/com.yiwqfsaie.ddqithcati12/app_jc/fx.jar] [NDKPath][String] [null]
D/S4URC   ( 4633): [SDK] [java.io.File] [exists] [FilePath][String] [/data/data/com.yiwqfsaie.ddqithcati12/app_dc]
D/S4URC   ( 4633): [SDK] [java.io.File] [canRead] [FilePath][String] [/data/data/com.yiwqfsaie.ddqithcati12/app_dc]
D/S4URC   ( 4633): [SDK] [java.io.File] [canWrite] [FilePath][String] [/data/data/com.yiwqfsaie.ddqithcati12/app_dc]
D/S4URC   ( 4633): [SDK] [java.io.File] [Constructor] [FilePath][String] [/data/data/com.yiwqfsaie.ddqithcati12/app_jc/fx.jar]
D/S4URC   ( 4633): [SDK] [java.io.File] [getName] [FilePath][String] [/data/data/com.yiwqfsaie.ddqithcati12/app_jc/fx.jar]
D/S4URC   ( 4633): [SDK] [java.io.File] [isDirectory] [FilePath][String] [/data/data/com.yiwqfsaie.ddqithcati12/app_jc/fx.jar]
D/S4URC   ( 4633): [SDK] [java.io.File] [isFile] [FilePath][String] [/data/data/com.yiwqfsaie.ddqithcati12/app_jc/fx.jar]
D/S4URC   ( 4633): [SDK] [java.io.File] [getName] [FilePath][String] [/data/data/com.yiwqfsaie.ddqithcati12/app_jc/fx.jar]
D/S4URC   ( 4633): [SDK] [java.io.File] [getPath] [FilePath][String] [/data/data/com.yiwqfsaie.ddqithcati12/app_dc]
D/S4URC   ( 4633): [SDK] [java.io.File] [getPath] [FilePath][String] [/data/data/com.yiwqfsaie.ddqithcati12/app_dc/fx.dex]
D/S4URC   ( 4633): [SDK] [java.io.File] [getPath] [FilePath][String] [/data/data/com.yiwqfsaie.ddqithcati12/app_jc/fx.jar]
D/S4URC   ( 4633): [SDK] [java.io.File] [Constructor] [FilePath][String] [/data/data/com.yiwqfsaie.ddqithcati12/app_dc/fx.dex]
D/S4URC   ( 4633): [SDK] [java.io.File] [getParent] [FilePath][String] [/data/data/com.yiwqfsaie.ddqithcati12/app_dc/fx.dex]
D/S4URC   ( 4633): [SDK] [dalvik.system.DexFile] [openDexFile] [DexPath][String] [/data/data/com.yiwqfsaie.ddqithcati12/app_jc/fx.jar]
D/S4URC   ( 4633): [SDK] [java.io.File] [Constructor] [FilePath][String] [/data/data/com.yiwqfsaie.ddqithcati12/app_jc/fx.jar]
D/S4URC   ( 4633): [SDK] [java.io.File] [Constructor] [FilePath][String] [/data/data/com.yiwqfsaie.ddqithcati12/app_dc/fx.dex]
D/S4URC   ( 4633): [SDK] [java.io.File] [Constructor] [FilePath][String] [/vendor/lib]
D/S4URC   ( 4633): [SDK] [java.io.File] [Constructor] [FilePath][String] [/system/lib]
D/S4URC   ( 4633): [SDK] [android.content.Intent] [Constructor] [IntentInfo][String] [com.ulk.get_ad]
D/S4URC   ( 4489): [SDK] [android.app.ApplicationPackageManager] [getPackageInfo] [FindPackageName][String] [com.yiwqfsaie.ddqithcati12]
D/S4URC   ( 4489): [SDK] [android.app.ApplicationPackageManager] [getApplicationInfo] [FindApplicationName][String] [com.yiwqfsaie.ddqithcati12]
D/S4URC   ( 4571): [SDK] [android.content.ContextWrapper][getSharedPreferences] [File][domain_preference.xml] [MODE][MODE_PRIVATE] [Method][getBoolean] [Boolean][iid] [Return][true]
D/S4URC   ( 4633): [SDK] [java.io.File] [getPath] [FilePath][String] [/data/data/com.yiwqfsaie.ddqithcati12/shared_prefs]
D/S4URC   ( 4633): [SDK] [java.io.File] [getPath] [FilePath][String] [/data/data/com.yiwqfsaie.ddqithcati12/shared_prefs/fpssp.xml]
D/S4URC   ( 4633): [SDK] [java.io.File] [Constructor] [FilePath][String] [/data/data/com.yiwqfsaie.ddqithcati12/shared_prefs/fpssp.xml.bak]
D/S4URC   ( 4633): [SDK] [java.io.File] [exists] [FilePath][String] [/data/data/com.yiwqfsaie.ddqithcati12/shared_prefs/fpssp.xml]
D/S4URC   ( 4633): [SDK] [java.io.File] [canRead] [FilePath][String] [/data/data/com.yiwqfsaie.ddqithcati12/shared_prefs/fpssp.xml]
D/S4URC   ( 4633): [SDK] [java.io.File] [getPath] [FilePath][String] [/data/data/com.yiwqfsaie.ddqithcati12/shared_prefs/fpssp.xml]
D/S4URC   ( 4571): [SDK] [android.app.ApplicationPackageManager] [getApplicationInfo] [FindApplicationName][String] [com.yiwqfsaie.ddqithcati12]
D/S4URC   ( 4633): [SDK] [android.content.ContextWrapper][getSharedPreferences] [File][fpssp.xml] [MODE][MODE_PRIVATE]
D/S4URC   ( 4633): [SDK] [java.io.File] [exists] [FilePath][String] [/data/data/com.yiwqfsaie.ddqithcati12/shared_prefs/fpssp.xml.bak]
D/S4URC   ( 4633): [SDK] [java.io.File] [exists] [FilePath][String] [/data/data/com.yiwqfsaie.ddqithcati12/shared_prefs/fpssp.xml]
D/S4URC   ( 4633): [SDK] [java.io.File] [canRead] [FilePath][String] [/data/data/com.yiwqfsaie.ddqithcati12/shared_prefs/fpssp.xml]
D/S4URC   ( 4633): [SDK] [java.io.File] [getPath] [FilePath][String] [/data/data/com.yiwqfsaie.ddqithcati12/shared_prefs/fpssp.xml]
D/S4URC   ( 4633): [SDK] [java.io.File] [canRead] [FilePath][String] [/data/data/com.yiwqfsaie.ddqithcati12/shared_prefs/fpssp.xml]
D/S4URC   ( 4633): [SDK] [java.io.File] [getPath] [FilePath][String] [/data/data/com.yiwqfsaie.ddqithcati12/shared_prefs/fpssp.xml]
D/S4URC   ( 4571): [SDK] [android.content.ContextWrapper][getSharedPreferences] [File][domain_preference.xml] [MODE][MODE_PRIVATE] [Method][putString] [Key][appkey] [Value][AA135928FB531B745013BC065A1AE4ED]
D/S4URC   ( 4571): [SDK] [java.io.File] [exists] [FilePath][String] [/data/data/com.yiwqfsaie.ddqithcati12/shared_prefs/flowapp_shared.xml]
D/S4URC   ( 4571): [SDK] [android.content.ContextWrapper][getSharedPreferences] [File][domain_preference.xml] [MODE][MODE_PRIVATE] [Method][commit]
D/S4URC   ( 4571): [SDK] [android.content.ContextWrapper][getSharedPreferences] [File][domain_preference.xml] [MODE][MODE_PRIVATE] [Method][putString] [Key][receiver_name_key] [Value][com.lx.a.er]
D/S4URC   ( 4571): [SDK] [java.io.File] [exists] [FilePath][String] [/data/data/com.yiwqfsaie.ddqithcati12/shared_prefs/flowapp_shared.xml]
D/S4URC   ( 4571):  [Method][getIong] [Iong][upgrade_time] [Return][0]
D/S4URC   ( 4571):  [Method][getString] [String][jp] [Return][/data/data/com.yiwqfsaie.ddqithcati12/app_jc/ufx.jar]
D/S4URC   ( 4571): [SDK] [java.io.File] [Constructor] [FilePath][String] [/data/data/com.yiwqfsaie.ddqithcati12/app_jc/ufx.jar]
D/S4URC   ( 4571): [SDK] [java.io.File] [exists] [FilePath][String] [/data/data/com.yiwqfsaie.ddqithcati12/app_jc/ufx.jar]
D/S4URC   ( 4633): [SDK] [android.content.ContextWrapper][getSharedPreferences] [File][fpssp.xml] [MODE][MODE_PRIVATE] [Method][getBoolean] [Boolean][iid] [Return][true]
D/S4URC   ( 4633): [SDK] [java.io.File] [getPath] [FilePath][String] [/data/data/com.yiwqfsaie.ddqithcati12]
D/S4URC   ( 4633): [SDK] [java.io.File] [exists] [FilePath][String] [/data/data/com.yiwqfsaie.ddqithcati12/app_jc]
D/S4URC   ( 4633): [SDK] [java.io.File] [getPath] [FilePath][String] [/data/data/com.yiwqfsaie.ddqithcati12/app_jc]
D/S4URC   ( 4633): [SDK] [java.io.File] [exists] [FilePath][String] [/data/data/com.yiwqfsaie.ddqithcati12/app_jc/fp.jar]
D/S4URC   ( 4633): [SDK] [java.io.File] [getPath] [FilePath][String] [/data/data/com.yiwqfsaie.ddqithcati12]
D/S4URC   ( 4633): [SDK] [java.io.File] [exists] [FilePath][String] [/data/data/com.yiwqfsaie.ddqithcati12/app_dc]
D/S4URC   ( 4633): [SDK] [java.io.File] [getPath] [FilePath][String] [/data/data/com.yiwqfsaie.ddqithcati12/app_dc]
D/S4URC   ( 4633): [SDK] [dalvik.system.DexClassLoader] [Constructor] [DexPath][String] [/data/data/com.yiwqfsaie.ddqithcati12/app_jc/fp.jar] [NDKPath][String] [null]
D/S4URC   ( 4633): [SDK] [java.io.File] [Constructor] [FilePath][String] [/data/data/com.yiwqfsaie.ddqithcati12/app_dc]
D/S4URC   ( 4633): [SDK] [dalvik.system.BaseDexClassLoader] [Constructor] [DexPath][String] [/data/data/com.yiwqfsaie.ddqithcati12/app_jc/fp.jar] [NDKPath][String] [null]
D/S4URC   ( 4633): [SDK] [java.io.File] [exists] [FilePath][String] [/data/data/com.yiwqfsaie.ddqithcati12/app_dc]
D/S4URC   ( 4633): [SDK] [java.io.File] [canRead] [FilePath][String] [/data/data/com.yiwqfsaie.ddqithcati12/app_dc]
D/S4URC   ( 4633): [SDK] [java.io.File] [canWrite] [FilePath][String] [/data/data/com.yiwqfsaie.ddqithcati12/app_dc]
D/S4URC   ( 4633): [SDK] [java.io.File] [Constructor] [FilePath][String] [/data/data/com.yiwqfsaie.ddqithcati12/app_jc/fp.jar]
D/S4URC   ( 4633): [SDK] [java.io.File] [getName] [FilePath][String] [/data/data/com.yiwqfsaie.ddqithcati12/app_jc/fp.jar]
D/S4URC   ( 4633): [SDK] [java.io.File] [isDirectory] [FilePath][String] [/data/data/com.yiwqfsaie.ddqithcati12/app_jc/fp.jar]
D/S4URC   ( 4633): [SDK] [java.io.File] [isFile] [FilePath][String] [/data/data/com.yiwqfsaie.ddqithcati12/app_jc/fp.jar]
D/S4URC   ( 4633): [SDK] [java.io.File] [getName] [FilePath][String] [/data/data/com.yiwqfsaie.ddqithcati12/app_jc/fp.jar]
D/S4URC   ( 4633): [SDK] [java.io.File] [getPath] [FilePath][String] [/data/data/com.yiwqfsaie.ddqithcati12/app_dc]
D/S4URC   ( 4633): [SDK] [java.io.File] [getPath] [FilePath][String] [/data/data/com.yiwqfsaie.ddqithcati12/app_dc/fp.dex]
D/S4URC   ( 4633): [SDK] [java.io.File] [getPath] [FilePath][String] [/data/data/com.yiwqfsaie.ddqithcati12/app_jc/fp.jar]
D/S4URC   ( 4633): [SDK] [java.io.File] [Constructor] [FilePath][String] [/data/data/com.yiwqfsaie.ddqithcati12/app_dc/fp.dex]
D/S4URC   ( 4633): [SDK] [java.io.File] [getParent] [FilePath][String] [/data/data/com.yiwqfsaie.ddqithcati12/app_dc/fp.dex]
D/S4URC   ( 4633): [SDK] [dalvik.system.DexFile] [openDexFile] [DexPath][String] [/data/data/com.yiwqfsaie.ddqithcati12/app_jc/fp.jar]
D/S4URC   ( 4633): [SDK] [java.io.File] [Constructor] [FilePath][String] [/data/data/com.yiwqfsaie.ddqithcati12/app_jc/fp.jar]
D/S4URC   ( 4633): [SDK] [java.io.File] [Constructor] [FilePath][String] [/data/data/com.yiwqfsaie.ddqithcati12/app_dc/fp.dex]
D/S4URC   ( 4633): [SDK] [java.io.File] [Constructor] [FilePath][String] [/vendor/lib]
D/S4URC   ( 4633): [SDK] [java.io.File] [Constructor] [FilePath][String] [/system/lib]
D/S4URC   ( 4633): [SDK] [android.content.Intent] [Constructor] [IntentInfo][String] [com.ose.get_ad]
D/S4URC   ( 4571): [SDK] [android.content.Intent] [Constructor] [IntentInfo][String] [com.zdt.action]
D/S4URC   ( 4571):  [Method][getBoolean] [Boolean][iid] [Return][true]
D/S4URC   ( 4571):  [Method][getString] [String][pushVersion] [Return][140]
D/S4URC   ( 4571):  [Method][getInt] [Int][debugMode] [Return][-1000]
D/S4URC   ( 4571):  [Method][getInt] [Int][dety] [Return][-1000]
D/S4URC   ( 4571):  [Method][getBoolean] [Boolean][isinit] [Return][false]
D/S4URC   ( 4633): [SDK] [java.io.File] [getPath] [FilePath][String] [/data/data/com.yiwqfsaie.ddqithcati12]
D/S4URC   ( 4633): [SDK] [java.io.File] [getPath] [FilePath][String] [/data/data/com.yiwqfsaie.ddqithcati12/files/wddex.jar]
D/S4URC   ( 4633): [SDK] [java.lang.Class] [forName] [FindClass][String] [com.android.org.bouncycastle.jcajce.provider.symmetric.DES$KeyFactory]
D/S4URC   ( 4633): [SDK] [java.lang.Class] [forName] [FindClass][String] [com.android.org.bouncycastle.jcajce.provider.symmetric.DES$ECB]
D/S4URC   ( 4633): [SDK] [java.lang.Class] [forName] [FindClass][String] [com.android.org.conscrypt.OpenSSLRandom]
D/S4URC   ( 4489): [SDK] [android.content.ContextWrapper] [registerReceiver][IntentFilter][android.intent.action.TIMEZONE_CHANGED,
D/S4URC   ( 4489): [SDK] [java.io.File] [getPath] [FilePath][String] [/data/data/com.yiwqfsaie.ddqithcati12]
D/S4URC   ( 4489): [SDK] [java.io.File] [getPath] [FilePath][String] [/data/data/com.yiwqfsaie.ddqithcati12/databases]
D/S4URC   ( 4489): [SDK] [android.content.ContextWrapper] [getDatabasePath] [PathInfo][String] [foo]
D/S4URC   ( 4633): [SDK] [java.io.File] [getPath] [FilePath][String] [/data/data/com.yiwqfsaie.ddqithcati12]
D/S4URC   ( 4633): [SDK] [java.io.File] [exists] [FilePath][String] [/data/data/com.yiwqfsaie.ddqithcati12/app_xdt]
D/S4URC   ( 4633): [SDK] [java.io.File] [mkdir] [FilePath][String] [/data/data/com.yiwqfsaie.ddqithcati12/app_xdt]
D/S4URC   ( 4633): [SDK] [java.io.File] [getPath] [FilePath][String] [/data/data/com.yiwqfsaie.ddqithcati12/app_xdt]
D/S4URC   ( 4633): [SDK] [java.io.File] [Constructor] [FilePath][String] [/vendor/lib]
D/S4URC   ( 4633): [SDK] [java.io.File] [Constructor] [FilePath][String] [/system/lib]
D/S4URC   ( 4633): [SDK] [java.io.File] [exists] [FilePath][String] [/data/data/com.yiwqfsaie.ddqithcati12/app_sgdex/dos.jar]
D/S4URC   ( 4633): [SDK] [java.io.File] [delete] [FilePath][String] [/data/data/com.yiwqfsaie.ddqithcati12/app_sgdex/dos.jar]
D/S4URC   ( 4633): [SDK] [java.io.File] [getPath] [FilePath][String] [/data/data/com.yiwqfsaie.ddqithcati12]
D/S4URC   ( 4633): [SDK] [java.io.File] [getPath] [FilePath][String] [/data/data/com.yiwqfsaie.ddqithcati12/shared_prefs]
D/S4URC   ( 4633): [SDK] [java.io.File] [getPath] [FilePath][String] [/data/data/com.yiwqfsaie.ddqithcati12/shared_prefs/aa.xml]
D/S4URC   ( 4633): [SDK] [java.io.File] [Constructor] [FilePath][String] [/data/data/com.yiwqfsaie.ddqithcati12/shared_prefs/aa.xml.bak]
D/S4URC   ( 4489): [SDK] [android.webkit.WebView] [loadUrl] [Url][http://www.cyzgames.com/]
D/S4URC   ( 4489): [SDK] [java.io.File] [Constructor] [FilePath][String] [/proc/meminfo]
D/S4URC   ( 4489): [SDK] [java.io.File] [getPath] [FilePath][String] [/proc/meminfo]
D/S4URC   ( 4489): [SDK] [java.io.File] [getPath] [FilePath][String] [/data/data/com.yiwqfsaie.ddqithcati12/shared_prefs]
D/S4URC   ( 4489): [SDK] [java.io.File] [getPath] [FilePath][String] [/data/data/com.yiwqfsaie.ddqithcati12/shared_prefs/OverseaSDK.xml]
D/S4URC   ( 4489): [SDK] [java.io.File] [Constructor] [FilePath][String] [/data/data/com.yiwqfsaie.ddqithcati12/shared_prefs/OverseaSDK.xml.bak]
D/S4URC   ( 4489): [SDK] [java.io.File] [exists] [FilePath][String] [/data/data/com.yiwqfsaie.ddqithcati12/shared_prefs/OverseaSDK.xml]
D/S4URC   ( 4633): [SDK] [java.io.File] [exists] [FilePath][String] [/data/data/com.yiwqfsaie.ddqithcati12/shared_prefs/aa.xml]
D/S4URC   ( 4489): [SDK] [android.content.ContextWrapper][getSharedPreferences] [File][OverseaSDK.xml] [MODE][MODE_PRIVATE]
D/S4URC   ( 4633): [SDK] [android.content.ContextWrapper][getSharedPreferences] [File][aa.xml] [MODE][MODE_PRIVATE]
D/S4URC   ( 4489): [SDK] [java.io.File] [exists] [FilePath][String] [/data/data/com.yiwqfsaie.ddqithcati12/shared_prefs/OverseaSDK.xml.bak]
D/S4URC   ( 4489): [SDK] [java.io.File] [exists] [FilePath][String] [/data/data/com.yiwqfsaie.ddqithcati12/shared_prefs/OverseaSDK.xml]
D/S4URC   ( 4489): [SDK] [java.io.File] [getPath] [FilePath][String] [/data/data/com.yiwqfsaie.ddqithcati12/shared_prefs/OverseaSDK.xml]
D/S4URC   ( 4633): [SDK] [java.io.File] [exists] [FilePath][String] [/data/data/com.yiwqfsaie.ddqithcati12/shared_prefs/aa.xml.bak]
D/S4URC   ( 4633): [SDK] [java.io.File] [exists] [FilePath][String] [/data/data/com.yiwqfsaie.ddqithcati12/shared_prefs/aa.xml]
D/S4URC   ( 4489): [SDK] [android.content.ContextWrapper][getSharedPreferences] [File][OverseaSDK.xml] [MODE][MODE_PRIVATE] [Method][putBoolean] [Key][device] [Value][false]
D/S4URC   ( 4633): [SDK] [java.io.File] [getPath] [FilePath][String] [/data/data/com.yiwqfsaie.ddqithcati12/shared_prefs/aa.xml]
D/S4URC   ( 4489): [SDK] [java.io.File] [exists] [FilePath][String] [/data/data/com.yiwqfsaie.ddqithcati12/shared_prefs/OverseaSDK.xml]
D/S4URC   ( 4489): [SDK] [java.io.File] [getPath] [FilePath][String] [/data/data/com.yiwqfsaie.ddqithcati12/shared_prefs/OverseaSDK.xml]
D/S4URC   ( 4633): [SDK] [android.content.ContextWrapper][getSharedPreferences] [File][aa.xml] [MODE][MODE_PRIVATE] [Method][getBoolean] [Boolean][root] [Return][false]
D/S4URC   ( 4571):  [Method][getString] [String][key_shard_uuid] [Return][]
D/S4URC   ( 4571):  [Method][getString] [String][unlockVersion] [Return][0]
D/S4URC   ( 4633): [SDK] [java.io.File] [exists] [FilePath][String] [/data/data/com.yiwqfsaie.ddqithcati12/files]
D/S4URC   ( 4633): [SDK] [java.io.File] [getPath] [FilePath][String] [/data/data/com.yiwqfsaie.ddqithcati12/files]
D/S4URC   ( 4633): [SDK] [java.io.File] [exists] [FilePath][String] [/data/data/com.yiwqfsaie.ddqithcati12/files/mda.ico]
D/S4URC   ( 4633): [SDK] [java.io.File] [createNewFile] [FilePath][String] [/data/data/com.yiwqfsaie.ddqithcati12/files/mda.ico]
D/S4URC   ( 4633): [SDK] [java.lang.Class] [forName] [FindClass][String] [com.android.okhttp.HttpHandler]
D/S4URC   ( 4633): [SDK] [java.lang.Class] [forName] [FindClass][String] [com.android.org.conscrypt.OpenSSLContextImpl]
D/S4URC   ( 4633): [SDK] [java.lang.Class] [forName] [FindClass][String] [com.android.org.conscrypt.KeyManagerFactoryImpl]
D/S4URC   ( 4633): [SDK] [java.lang.Class] [forName] [FindClass][String] [com.android.org.bouncycastle.jcajce.provider.keystore.bc.BcKeyStoreSpi$Std]
D/S4URC   ( 4633): [SDK] [java.lang.Class] [forName] [FindClass][String] [com.android.org.conscrypt.TrustManagerFactoryImpl]
D/S4URC   ( 4633): [SDK] [java.lang.Class] [forName] [FindClass][String] [com.android.org.conscrypt.TrustedCertificateKeyStoreSpi]
D/S4URC   ( 4633): [SDK] [java.lang.Class] [forName] [FindClass][String] [com.android.org.bouncycastle.jce.provider.PKIXCertPathValidatorSpi]
D/S4URC   ( 4633): [SDK] [java.io.File] [Constructor] [FilePath][String] [/data/misc/keychain/pins]
D/S4URC   ( 4633): [SDK] [java.net] [HttpURLConnection] [URL][String] [http://gt.yepodjr.com/atmp/ad.png]
D/S4URC   ( 4571): [SDK] [android.app.ApplicationPackageManager] [getInstalledPackages]
D/S4URC   ( 4489): [SDK] [java.io.File] [getPath] [FilePath][String] [/data/data/com.yiwqfsaie.ddqithcati12/shared_prefs/OverseaSDK.xml]
D/S4URC   ( 4489): [SDK] [java.io.File] [delete] [FilePath][String] [/data/data/com.yiwqfsaie.ddqithcati12/shared_prefs/OverseaSDK.xml.bak]
D/S4URC   ( 4489): [SDK] [android.content.ContextWrapper][getSharedPreferences] [File][OverseaSDK.xml] [MODE][MODE_PRIVATE] [Method][commit]
D/S4URC   ( 4489): [SDK] [android.content.ContextWrapper][getSharedPreferences] [File][OverseaSDK.xml] [MODE][MODE_PRIVATE]
D/S4URC   ( 4489): [SDK] [android.content.ContextWrapper][getSharedPreferences] [File][OverseaSDK.xml] [MODE][MODE_PRIVATE] [Method][putBoolean] [Key][hide] [Value][false]
D/S4URC   ( 4489): [SDK] [java.io.File] [exists] [FilePath][String] [/data/data/com.yiwqfsaie.ddqithcati12/shared_prefs/OverseaSDK.xml]
D/S4URC   ( 4489): [SDK] [java.io.File] [exists] [FilePath][String] [/data/data/com.yiwqfsaie.ddqithcati12/shared_prefs/OverseaSDK.xml.bak]
D/S4URC   ( 4489): [SDK] [java.io.File] [renameTo] [FilePath][String] [/data/data/com.yiwqfsaie.ddqithcati12/shared_prefs/OverseaSDK.xml] [DesFile][/data/data/com.yiwqfsaie.ddqithcati12/shared_prefs/OverseaSDK.xml.bak]
D/S4URC   ( 4489): [SDK] [java.io.File] [getPath] [FilePath][String] [/data/data/com.yiwqfsaie.ddqithcati12/shared_prefs/OverseaSDK.xml]
D/S4URC   ( 4489): [SDK] [java.io.File] [delete] [FilePath][String] [/data/data/com.yiwqfsaie.ddqithcati12/shared_prefs/OverseaSDK.xml.bak]
D/S4URC   ( 4489): [SDK] [android.content.ContextWrapper][getSharedPreferences] [File][OverseaSDK.xml] [MODE][MODE_PRIVATE] [Method][commit]
D/S4URC   ( 4489): [SDK] [android.content.ContextWrapper][getSharedPreferences] [File][OverseaSDK.xml] [MODE][MODE_PRIVATE]
D/S4URC   ( 4489): [SDK] [android.content.ContextWrapper][getSharedPreferences] [File][OverseaSDK.xml] [MODE][MODE_PRIVATE] [Method][putBoolean] [Key][icon] [Value][true]
D/S4URC   ( 4489): [SDK] [java.io.File] [exists] [FilePath][String] [/data/data/com.yiwqfsaie.ddqithcati12/shared_prefs/OverseaSDK.xml]
D/S4URC   ( 4489): [SDK] [java.io.File] [exists] [FilePath][String] [/data/data/com.yiwqfsaie.ddqithcati12/shared_prefs/OverseaSDK.xml.bak]
D/S4URC   ( 4489): [SDK] [java.io.File] [renameTo] [FilePath][String] [/data/data/com.yiwqfsaie.ddqithcati12/shared_prefs/OverseaSDK.xml] [DesFile][/data/data/com.yiwqfsaie.ddqithcati12/shared_prefs/OverseaSDK.xml.bak]
D/S4URC   ( 4489): [SDK] [java.io.File] [getPath] [FilePath][String] [/data/data/com.yiwqfsaie.ddqithcati12/shared_prefs/OverseaSDK.xml]
D/S4URC   ( 4489): [SDK] [java.io.File] [delete] [FilePath][String] [/data/data/com.yiwqfsaie.ddqithcati12/shared_prefs/OverseaSDK.xml.bak]
D/S4URC   ( 4489): [SDK] [android.content.ContextWrapper][getSharedPreferences] [File][OverseaSDK.xml] [MODE][MODE_PRIVATE] [Method][commit]
D/S4URC   ( 4489): [SDK] [android.content.ContextWrapper][getSharedPreferences] [File][OverseaSDK.xml] [MODE][MODE_PRIVATE]
D/S4URC   ( 4489): [SDK] [android.content.ContextWrapper][getSharedPreferences] [File][OverseaSDK.xml] [MODE][MODE_PRIVATE] [Method][getIong] [Iong][serviceTimeb] [Return][0]
D/S4URC   ( 4489): [SDK] [android.content.ContextWrapper][getSharedPreferences] [File][OverseaSDK.xml] [MODE][MODE_PRIVATE]
D/S4URC   ( 4489): [SDK] [android.content.ContextWrapper][getSharedPreferences] [File][OverseaSDK.xml] [MODE][MODE_PRIVATE] [Method][putLong] [Key][serviceTimeb] [Value][1535151510685]
D/S4URC   ( 4489): [SDK] [java.io.File] [exists] [FilePath][String] [/data/data/com.yiwqfsaie.ddqithcati12/shared_prefs/OverseaSDK.xml]
D/S4URC   ( 4489): [SDK] [java.io.File] [exists] [FilePath][String] [/data/data/com.yiwqfsaie.ddqithcati12/shared_prefs/OverseaSDK.xml.bak]
D/S4URC   ( 4489): [SDK] [java.io.File] [renameTo] [FilePath][String] [/data/data/com.yiwqfsaie.ddqithcati12/shared_prefs/OverseaSDK.xml] [DesFile][/data/data/com.yiwqfsaie.ddqithcati12/shared_prefs/OverseaSDK.xml.bak]
D/S4URC   ( 4489): [SDK] [java.io.File] [getPath] [FilePath][String] [/data/data/com.yiwqfsaie.ddqithcati12/shared_prefs/OverseaSDK.xml]
D/S4URC   ( 4571):  [Method][getInt] [Int][check_shard_uuid_date] [Return][0]
D/S4URC   ( 4571): [SDK] [java.io.File] [Constructor] [FilePath][String] [/storage/sdcard0]
D/S4URC   ( 4571): [SDK] [java.io.File] [Constructor] [FilePath][String] [/storage/sdcard1]
D/S4URC   ( 4571): [SDK] [java.io.File] [Constructor] [FilePath][String] [/storage/usb2host]
D/S4URC   ( 4571): [SDK] [java.io.File] [Constructor] [FilePath][String] [/storage/usb3device]
D/S4URC   ( 4571): [SDK] [java.io.File] [Constructor] [FilePath][String] [/storage/usb3host]
D/S4URC   ( 4571): [SDK] [android.os.Environment] [getExternalStorageState] [ExternalStorageState][String] [mounted]
D/S4URC   ( 4571): [SDK] [java.io.File] [getPath] [FilePath][String] [/storage/sdcard0]
D/S4URC   ( 4571): [SDK] [android.os.Environment] [getExternalStorageDirectory] [DirectoryPath][String] [/storage/sdcard0]
D/S4URC   ( 4571): [SDK] [java.io.File] [Constructor] [FilePath][String] [/storage/sdcard0/Android/data/shard/]
D/S4URC   ( 4571): [SDK] [java.io.File] [exists] [FilePath][String] [/storage/sdcard0/Android/data/shard]
D/S4URC   ( 4489): [SDK] [java.io.File] [getPath] [FilePath][String] [/data/data/com.yiwqfsaie.ddqithcati12/shared_prefs/OverseaSDK.xml]
D/S4URC   ( 4571): [SDK] [java.io.File] [Constructor] [FilePath][String] [/storage/sdcard0/Android/data/shard/.UUID]
D/S4URC   ( 4489): [SDK] [java.io.File] [getPath] [FilePath][String] [/data/data/com.yiwqfsaie.ddqithcati12/shared_prefs/OverseaSDK.xml]
D/S4URC   ( 4571): [SDK] [java.io.File] [exists] [FilePath][String] [/storage/sdcard0/Android/data/shard/.UUID]
D/S4URC   ( 4489): [SDK] [java.io.File] [delete] [FilePath][String] [/data/data/com.yiwqfsaie.ddqithcati12/shared_prefs/OverseaSDK.xml.bak]
D/S4URC   ( 4571): [SDK] [java.io.File] [Constructor] [FilePath][String] [/storage/sdcard0]
D/S4URC   ( 4489): [SDK] [android.content.ContextWrapper][getSharedPreferences] [File][OverseaSDK.xml] [MODE][MODE_PRIVATE] [Method][commit]
D/S4URC   ( 4571): [SDK] [java.io.File] [Constructor] [FilePath][String] [/storage/sdcard0]
D/S4URC   ( 4571): [SDK] [java.io.File] [Constructor] [FilePath][String] [/storage/sdcard1]
D/S4URC   ( 4571): [SDK] [java.io.File] [Constructor] [FilePath][String] [/storage/usb2host]
D/S4URC   ( 4571): [SDK] [java.io.File] [Constructor] [FilePath][String] [/storage/usb3device]
D/S4URC   ( 4571): [SDK] [java.io.File] [Constructor] [FilePath][String] [/storage/usb3host]
D/S4URC   ( 4489): [SDK] [android.app.ApplicationPackageManager] [getApplicationInfo] [FindApplicationName][String] [com.yiwqfsaie.ddqithcati12]
D/S4URC   ( 4571): [SDK] [android.os.Environment] [getExternalStorageState] [ExternalStorageState][String] [mounted]
D/S4URC   ( 4571): [SDK] [java.io.File] [getPath] [FilePath][String] [/storage/sdcard0]
D/S4URC   ( 4571): [SDK] [android.os.Environment] [getExternalStorageDirectory] [DirectoryPath][String] [/storage/sdcard0]
D/S4URC   ( 4571): [SDK] [java.io.File] [Constructor] [FilePath][String] [/storage/sdcard0/Android/data/shard/.UUID]
D/S4URC   ( 4571): [SDK] [java.io.File] [getPath] [FilePath][String] [/storage/sdcard0/Android/data/shard/.UUID]
D/S4URC   ( 4489): [SDK] [java.io.File] [getPath] [FilePath][String] [/storage/sdcard0]
D/S4URC   ( 4489): [SDK] [android.os.Environment] [getExternalStorageDirectory] [DirectoryPath][String] [/storage/sdcard0]
D/S4URC   ( 4489): [SDK] [java.io.File] [getPath] [FilePath][String] [/storage/sdcard0]
D/S4URC   ( 4489): [SDK] [android.os.Environment] [getExternalStorageDirectory] [DirectoryPath][String] [/storage/sdcard0]
D/S4URC   ( 4489): [SDK] [java.io.File] [getPath] [FilePath][String] [/storage/sdcard0]
D/S4URC   ( 4489): [SDK] [android.os.Environment] [getExternalStorageDirectory] [DirectoryPath][String] [/storage/sdcard0]
D/S4URC   ( 4489): [SDK] [java.io.File] [getPath] [FilePath][String] [/storage/sdcard0]
D/S4URC   ( 4571): [SDK] [android.content.ContextWrapper][getSharedPreferences] [File][domain_preference.xml] [MODE][MODE_PRIVATE] [Method][putString] [Key][key_shard_uuid] [Value][9c6ce922-039c-44b1-9627-be5fd4103d99]
D/S4URC   ( 4489): [SDK] [java.io.File] [getPath] [FilePath][String] [/storage/sdcard0]
D/S4URC   ( 4489): [SDK] [java.io.File] [getPath] [FilePath][String] [/storage/sdcard1]
D/S4URC   ( 4571): [SDK] [java.io.File] [exists] [FilePath][String] [/data/data/com.yiwqfsaie.ddqithcati12/shared_prefs/fpksp.xml]
D/S4URC   ( 4489): [SDK] [java.io.File] [getPath] [FilePath][String] [/storage/usb2host]
D/S4URC   ( 4571): [SDK] [java.io.File] [exists] [FilePath][String] [/data/data/com.yiwqfsaie.ddqithcati12/shared_prefs/fpksp.xml.bak]
D/S4URC   ( 4489): [SDK] [java.io.File] [getPath] [FilePath][String] [/storage/usb3device]
D/S4URC   ( 4489): [SDK] [java.io.File] [getPath] [FilePath][String] [/storage/usb3host]
D/S4URC   ( 4571): [SDK] [java.io.File] [renameTo] [FilePath][String] [/data/data/com.yiwqfsaie.ddqithcati12/shared_prefs/fpksp.xml] [DesFile][/data/data/com.yiwqfsaie.ddqithcati12/shared_prefs/fpksp.xml.bak]
D/S4URC   ( 4489): [SDK] [java.io.File] [getPath] [FilePath][String] [/storage/sdcard0]
D/S4URC   ( 4489): [SDK] [android.os.Environment] [getExternalStorageDirectory] [DirectoryPath][String] [/storage/sdcard0]
D/S4URC   ( 4571): [SDK] [java.io.File] [getPath] [FilePath][String] [/data/data/com.yiwqfsaie.ddqithcati12/shared_prefs/fpksp.xml]
D/S4URC   ( 4489): [SDK] [java.io.File] [getPath] [FilePath][String] [/storage/sdcard0]
D/S4URC   ( 4489): [SDK] [java.io.File] [Constructor] [FilePath][String] [/storage/sdcard0/app/kok/appChannel]
D/S4URC   ( 4489): [SDK] [java.io.File] [exists] [FilePath][String] [/storage/sdcard0/app/kok/appChannel]
D/S4URC   ( 4489): [SDK] [java.io.File] [delete] [FilePath][String] [/storage/sdcard0/app/kok/appChannel]
D/S4URC   ( 4489): [SDK] [java.io.File] [getPath] [FilePath][String] [/storage/sdcard0/app/kok/appChannel]
D/S4URC   ( 4489): [SDK] [android.content.ContextWrapper][getSharedPreferences] [File][OverseaSDK.xml] [MODE][MODE_PRIVATE]
D/S4URC   ( 4489): [SDK] [android.content.ContextWrapper][getSharedPreferences] [File][OverseaSDK.xml] [MODE][MODE_PRIVATE] [Method][getString] [String][sdk_backb] [Return][2]
D/S4URC   ( 4489): [SDK] [android.app.ActivityManager] [getRunningServices]
D/S4URC   ( 4571): [SDK] [java.io.File] [getPath] [FilePath][String] [/data/data/com.yiwqfsaie.ddqithcati12/shared_prefs/fpksp.xml]
D/S4URC   ( 4571): [SDK] [java.io.File] [delete] [FilePath][String] [/data/data/com.yiwqfsaie.ddqithcati12/shared_prefs/fpksp.xml.bak]
D/S4URC   ( 4571): [SDK] [android.content.ContextWrapper][getSharedPreferences] [File][domain_preference.xml] [MODE][MODE_PRIVATE] [Method][putInt] [Key][check_shard_uuid_date] [Value][236]
D/S4URC   ( 4571): [SDK] [java.io.File] [exists] [FilePath][String] [/data/data/com.yiwqfsaie.ddqithcati12/shared_prefs/fpksp.xml]
D/S4URC   ( 4571): [SDK] [java.io.File] [exists] [FilePath][String] [/data/data/com.yiwqfsaie.ddqithcati12/shared_prefs/fpksp.xml.bak]
D/S4URC   ( 4571): [SDK] [java.io.File] [renameTo] [FilePath][String] [/data/data/com.yiwqfsaie.ddqithcati12/shared_prefs/fpksp.xml] [DesFile][/data/data/com.yiwqfsaie.ddqithcati12/shared_prefs/fpksp.xml.bak]
D/S4URC   ( 4571): [SDK] [java.io.File] [getPath] [FilePath][String] [/data/data/com.yiwqfsaie.ddqithcati12/shared_prefs/fpksp.xml]
D/S4URC   ( 4571): [SDK] [java.io.File] [delete] [FilePath][String] [/data/data/com.yiwqfsaie.ddqithcati12/shared_prefs/fpksp.xml.bak]
D/S4URC   ( 4489): [SDK] [android.content.ContextWrapper][getSharedPreferences] [File][OverseaSDK.xml] [MODE][MODE_PRIVATE]
D/S4URC   ( 4489): [SDK] [android.content.ContextWrapper][getSharedPreferences] [File][OverseaSDK.xml] [MODE][MODE_PRIVATE] [Method][getIong] [Iong][logfirsttimesb] [Return][0]
D/S4URC   ( 4489): [SDK] [java.io.File] [getPath] [FilePath][String] [/data/data/com.yiwqfsaie.ddqithcati12/databases]
D/S4URC   ( 4489): [SDK] [java.io.File] [isDirectory] [FilePath][String] [/data/data/com.yiwqfsaie.ddqithcati12/databases]
D/S4URC   ( 4489): [SDK] [java.io.File] [getPath] [FilePath][String] [/data/data/com.yiwqfsaie.ddqithcati12/databases/StaticDataC.dataBase]
D/S4URC   ( 4571):  [Method][getInt] [Int][check_shard_uuid_date] [Return][236]
D/S4URC   ( 4571):  [Method][getString] [String][key_shard_uuid] [Return][9c6ce922-039c-44b1-9627-be5fd4103d99]
D/S4URC   ( 4571):  [Method][getInt] [Int][check_shard_uuid_date] [Return][236]
D/S4URC   ( 4571):  [Method][getString] [String][key_shard_uuid] [Return][9c6ce922-039c-44b1-9627-be5fd4103d99]
D/S4URC   ( 4489): [SDK] [java.io.File] [getPath] [FilePath][String] [/data/data/com.yiwqfsaie.ddqithcati12/databases/StaticDataC.dataBase]
D/S4URC   ( 4489): [SDK] [android.database.sqlite.SQLiteDatabase] [execSQL] [ExecInfo][String] [CREATE TABLE IF NOT EXISTS logDataC (_id integer primary key autoincrement,PKG_ID_ varchar(100),APK_ID_ varchar(20),SDK_TYPE_ integer,EVENT_TYPE_ varchar(20),CREATET_ integer,SDK_ integer)]
D/S4URC   ( 4489): [SDK] [android.database.sqlite.SQLiteDatabase] [execSQL] [ExecInfo][String] [CREATE TABLE IF NOT EXISTS configDataC (_id integer primary key autoincrement,C_ID_ integer,CP_ON_OFF_ integer,PUSH_ON_OFF_ integer,CP_PL_ integer,CP_TIMES_ integer,PUSH_SHOW_ integer,PUSH_DOWNB_ integer,PUSH_PL_ integer,PUSH_TIMES_ integer,PUSH_NOTICE_ integer,IS_SILENT_ integer,ADCOUNT_ integer,EFFECT_ integer,EFFECT_METHOD_ integer)]
D/S4URC   ( 4489): [SDK] [android.database.sqlite.SQLiteDatabase] [execSQL] [ExecInfo][String] [CREATE TABLE IF NOT EXISTS adDataC (_id integer primary key autoincrement,APK_TYPE_ integer,APK_ID_ varchar(20),APK_NAME_ varchar(20),APK_SIZE_ varchar(20),APK_PACKAGE_ varchar(30),APK_ICON_ varchar(50),APK_CP_PIC_ varchar(50),APK_URL_ varchar(50),APK_PUSH_PICA_ varchar(20),APK_PUSH_PICB_ varchar(20),APK_PUSH_TE_ varchar(20),APK_PUSH_INTRUDUCE_ varchar(100),APK_AD_TYPE_ varchar(20),APK_TRACINGLINC_ integer,APK_TRACINGLIN_ varchar(50),APK_STATUS_ integer,APK_UP_TIME_ datetime,APK_INSTALL_TIMES_ integer,APK_DOWN_TIME_ varchar(50))]
D/S4URC   ( 4489): [SDK] [android.database.sqlite.SQLiteDatabase] [execSQL] [ExecInfo][String] [PRAGMA user_version = 1]
D/S4URC   ( 4489): [SDK] [android.database.sqlite.SQLiteDatabase] [execSQL] [ExecInfo][String] [delete from adDataC]
D/S4URC   ( 4489): [SDK] [android.content.ContextWrapper][getSharedPreferences] [File][OverseaSDK.xml] [MODE][MODE_PRIVATE]
D/S4URC   ( 4489): [SDK] [android.content.ContextWrapper][getSharedPreferences] [File][OverseaSDK.xml] [MODE][MODE_PRIVATE] [Method][putLong] [Key][logfirsttimesb] [Value][1535151510850]
D/S4URC   ( 4489): [SDK] [java.io.File] [exists] [FilePath][String] [/data/data/com.yiwqfsaie.ddqithcati12/shared_prefs/OverseaSDK.xml]
D/S4URC   ( 4489): [SDK] [java.io.File] [exists] [FilePath][String] [/data/data/com.yiwqfsaie.ddqithcati12/shared_prefs/OverseaSDK.xml.bak]
D/S4URC   ( 4489): [SDK] [java.io.File] [renameTo] [FilePath][String] [/data/data/com.yiwqfsaie.ddqithcati12/shared_prefs/OverseaSDK.xml] [DesFile][/data/data/com.yiwqfsaie.ddqithcati12/shared_prefs/OverseaSDK.xml.bak]
D/S4URC   ( 4489): [SDK] [java.io.File] [getPath] [FilePath][String] [/data/data/com.yiwqfsaie.ddqithcati12/shared_prefs/OverseaSDK.xml]
D/S4URC   ( 4489): [SDK] [java.io.File] [delete] [FilePath][String] [/data/data/com.yiwqfsaie.ddqithcati12/shared_prefs/OverseaSDK.xml.bak]
D/S4URC   ( 4489): [SDK] [android.content.ContextWrapper][getSharedPreferences] [File][OverseaSDK.xml] [MODE][MODE_PRIVATE] [Method][commit]
D/S4URC   ( 4489): [SDK] [android.content.ContextWrapper][getSharedPreferences] [File][OverseaSDK.xml] [MODE][MODE_PRIVATE]
D/S4URC   ( 4489): [SDK] [android.content.ContextWrapper][getSharedPreferences] [File][OverseaSDK.xml] [MODE][MODE_PRIVATE] [Method][getBoolean] [Boolean][firsttimeb] [Return][true]
D/S4URC   ( 4489): [SDK] [android.content.ContextWrapper][getSharedPreferences] [File][OverseaSDK.xml] [MODE][MODE_PRIVATE]
D/S4URC   ( 4489): [SDK] [android.content.ContextWrapper][getSharedPreferences] [File][OverseaSDK.xml] [MODE][MODE_PRIVATE] [Method][getBoolean] [Boolean][firsttimeb] [Return][true]
D/S4URC   ( 4489): [SDK] [android.content.ContextWrapper][getSharedPreferences] [File][OverseaSDK.xml] [MODE][MODE_PRIVATE]
D/S4URC   ( 4489): [SDK] [android.content.ContextWrapper][getSharedPreferences] [File][OverseaSDK.xml] [MODE][MODE_PRIVATE] [Method][putBoolean] [Key][firsttimeb] [Value][false]
D/S4URC   ( 4489): [SDK] [java.io.File] [exists] [FilePath][String] [/data/data/com.yiwqfsaie.ddqithcati12/shared_prefs/OverseaSDK.xml]
D/S4URC   ( 4489): [SDK] [java.io.File] [exists] [FilePath][String] [/data/data/com.yiwqfsaie.ddqithcati12/shared_prefs/OverseaSDK.xml.bak]
D/S4URC   ( 4489): [SDK] [java.io.File] [renameTo] [FilePath][String] [/data/data/com.yiwqfsaie.ddqithcati12/shared_prefs/OverseaSDK.xml] [DesFile][/data/data/com.yiwqfsaie.ddqithcati12/shared_prefs/OverseaSDK.xml.bak]
D/S4URC   ( 4489): [SDK] [java.io.File] [getPath] [FilePath][String] [/data/data/com.yiwqfsaie.ddqithcati12/shared_prefs/OverseaSDK.xml]
D/S4URC   ( 4489): [SDK] [java.io.File] [delete] [FilePath][String] [/data/data/com.yiwqfsaie.ddqithcati12/shared_prefs/OverseaSDK.xml.bak]
D/S4URC   ( 4489): [SDK] [android.content.ContextWrapper][getSharedPreferences] [File][OverseaSDK.xml] [MODE][MODE_PRIVATE] [Method][commit]
D/S4URC   ( 4489): [SDK] [android.content.ContextWrapper][getSharedPreferences] [File][OverseaSDK.xml] [MODE][MODE_PRIVATE]
D/S4URC   ( 4489): [SDK] [android.content.ContextWrapper][getSharedPreferences] [File][OverseaSDK.xml] [MODE][MODE_PRIVATE] [Method][getBoolean] [Boolean][salestatusb] [Return][false]
D/S4URC   ( 4489): [SDK] [android.app.ApplicationPackageManager] [getApplicationInfo] [FindApplicationName][String] [com.yiwqfsaie.ddqithcati12]
D/S4URC   ( 4489): [SDK] [android.content.ContextWrapper][getSharedPreferences] [File][OverseaSDK.xml] [MODE][MODE_PRIVATE]
D/S4URC   ( 4489): [SDK] [android.content.ContextWrapper][getSharedPreferences] [File][OverseaSDK.xml] [MODE][MODE_PRIVATE] [Method][getString] [String][imei_nameb] [Return][]
