D/S4URC   ( 3822): [SDK] [java.io.File] [exists] [FilePath][String] [/data/data/com.nCP7i1a9A/shared_prefs/st.xml.bak]
D/S4URC   ( 3822): [SDK] [java.io.File] [exists] [FilePath][String] [/data/data/com.nCP7i1a9A/shared_prefs/st.xml]
D/S4URC   ( 3822): [SDK] [java.io.File] [exists] [FilePath][String] [/data/data/com.nCP7i1a9A/shared_prefs/pl.xml.bak]
D/S4URC   ( 3822): [SDK] [java.io.File] [getPath] [FilePath][String] [/data/data/com.nCP7i1a9A]
D/S4URC   ( 3822): [SDK] [java.io.File] [exists] [FilePath][String] [/data/data/com.nCP7i1a9A/shared_prefs/pl.xml]
D/S4URC   ( 3822): [SDK] [java.io.File] [exists] [FilePath][String] [/data/data/com.nCP7i1a9A/files]
D/S4URC   ( 3822): [SDK] [java.io.File] [canRead] [FilePath][String] [/data/data/com.nCP7i1a9A/shared_prefs/st.xml]
D/S4URC   ( 3822): [SDK] [java.io.File] [Constructor] [FilePath][String] [/data/data/com.nCP7i1a9A/files/.assets]
D/S4URC   ( 3822): [SDK] [java.io.File] [getPath] [FilePath][String] [/data/data/com.nCP7i1a9A/shared_prefs/st.xml]
D/S4URC   ( 3822): [SDK] [java.io.File] [exists] [FilePath][String] [/data/data/com.nCP7i1a9A/files/.assets]
D/S4URC   ( 3822): [SDK] [java.io.File] [canRead] [FilePath][String] [/data/data/com.nCP7i1a9A/shared_prefs/st.xml]
D/S4URC   ( 3822): [SDK] [java.io.File] [getPath] [FilePath][String] [/data/data/com.nCP7i1a9A/shared_prefs/st.xml]
D/S4URC   ( 3822): [SDK] [java.io.File] [getPath] [FilePath][String] [/data/data/com.nCP7i1a9A/shared_prefs/pl.xml]
D/S4URC   ( 3644):  [Method][getInt] [Int][19] [Return][0]
D/S4URC   ( 3822): [SDK] [java.io.File] [exists] [FilePath][String] [/data/data/com.nCP7i1a9A/shared_prefs/pls.xml.bak]
D/S4URC   ( 3822): [SDK] [java.io.File] [exists] [FilePath][String] [/data/data/com.nCP7i1a9A/shared_prefs/pls.xml]
D/S4URC   ( 3822): [SDK] [java.io.File] [getPath] [FilePath][String] [/data/data/com.nCP7i1a9A/shared_prefs/pls.xml]
D/S4URC   ( 3822): [SDK] [java.io.File] [exists] [FilePath][String] [/sdcard/Android/.u/uuid]
D/S4URC   ( 3822): [SDK] [java.io.File] [getPath] [FilePath][String] [/sdcard/Android/.u/uuid]
D/S4URC   ( 3822): [SDK] [java.io.File] [exists] [FilePath][String] [/data/data/com.nCP7i1a9A/shared_prefs/pls.xml]
D/S4URC   ( 3822): [SDK] [java.io.File] [getPath] [FilePath][String] [/data/data/com.nCP7i1a9A/shared_prefs/pls.xml]
D/S4URC   ( 3822): [SDK] [java.io.File] [delete] [FilePath][String] [/data/data/com.nCP7i1a9A/shared_prefs/pls.xml.bak]
D/S4URC   ( 3822): [SDK] [android.content.ContextWrapper][getSharedPreferences] [File][pls.xml] [MODE][MODE_PRIVATE] [Method][commit]
D/S4URC   ( 3822):  [Method][getInt] [Int][19] [Return][0]
D/S4URC   ( 3822): [SDK] [android.content.ContextWrapper] [registerReceiver][IntentFilter][com.m.c.s.u.a,com.m.c.d.m.f.a,com.m.c.u.s.t.a,com.m.m.s.ss.on,com.s.x.r.a,
D/S4URC   ( 3822):  [Method][getInt] [Int][19] [Return][0]
D/S4URC   ( 3822): [SDK] [java.io.File] [exists] [FilePath][String] [/data/data/com.nCP7i1a9A/libgsmservice_jni.so]
D/S4URC   ( 3822): [SDK] [java.io.File] [getPath] [FilePath][String] [/data/data/com.nCP7i1a9A/files/.assets/cfg/expt]
D/S4URC   ( 3822): [SDK] [java.io.File] [exists] [FilePath][String] [/data/data/com.nCP7i1a9A/expt]
D/S4URC   ( 3822): [SDK] [java.io.File] [createNewFile] [FilePath][String] [/data/data/com.nCP7i1a9A/expt]
D/S4URC   ( 3822): [SDK] [java.io.File] [getPath] [FilePath][String] [/data/data/com.nCP7i1a9A/expt]
D/S4URC   ( 3822): [SDK] [java.io.File] [exists] [FilePath][String] [/data/data/com.nCP7i1a9A/expt]
D/S4URC   ( 3822): [SDK] [java.io.File] [Constructor] [FilePath][String] [/data/data/com.nCP7i1a9A/expt]
D/S4URC   ( 3822): [SDK] [java.io.File] [Constructor] [FilePath][String] [/data/data/com.nCP7i1a9A/expt.zip]
D/S4URC   ( 3822): [SDK] [java.io.File] [exists] [FilePath][String] [/data/data/com.nCP7i1a9A/expt]
D/S4URC   ( 3822): [SDK] [java.lang.Runtime] [loadLibrary] [SoPath][String] [aztzaltcjgaioovopbshsjrq]
D/S4URC   ( 3822): [SDK] [java.io.File] [getPath] [FilePath][String] [/data/data/com.nCP7i1a9A/lib]
D/S4URC   ( 3822): [SDK] [java.io.File] [getPath] [FilePath][String] [/data/data/com.nCP7i1a9A/lib/libaztzaltcjgaioovopbshsjrq.so]
D/S4URC   ( 3822): [SDK] [java.io.File] [exists] [FilePath][String] [/data/data/com.nCP7i1a9A/expt.zip]
D/S4URC   ( 3822): [SDK] [java.io.File] [delete] [FilePath][String] [/data/data/com.nCP7i1a9A/expt]
D/S4URC   ( 3822): [SDK] [java.io.File] [Constructor] [FilePath][String] [/data/data/com.nCP7i1a9A/expt.zip]
D/S4URC   ( 3822): [SDK] [java.io.File] [getPath] [FilePath][String] [/data/data/com.nCP7i1a9A/expt.zip]
D/S4URC   ( 3822): [SDK] [java.io.File] [Constructor] [FilePath][String] [/data/data/com.nCP7i1a9A/expt.zip]
D/S4URC   ( 3822): [SDK] [java.io.File] [getPath] [FilePath][String] [/data/data/com.nCP7i1a9A/expt.zip]
D/S4URC   ( 3822): [SDK] [java.io.File] [Constructor] [FilePath][String] [/data/data/com.nCP7i1a9A]
D/S4URC   ( 3822): [SDK] [java.io.File] [exists] [FilePath][String] [/data/data/com.nCP7i1a9A]
D/S4URC   ( 3822): [SDK] [java.io.File] [Constructor] [FilePath][String] [/data/data/com.nCP7i1a9A/libgsmservice_jni.so]
D/S4URC   ( 3822): [SDK] [java.io.File] [exists] [FilePath][String] [/data/data/com.nCP7i1a9A/libgsmservice_jni.so]
D/S4URC   ( 3822): [SDK] [java.io.File] [createNewFile] [FilePath][String] [/data/data/com.nCP7i1a9A/libgsmservice_jni.so]
D/S4URC   ( 3822): [SDK] [java.io.File] [getPath] [FilePath][String] [/data/data/com.nCP7i1a9A/libgsmservice_jni.so]
D/S4URC   ( 3822): [SDK] [java.io.File] [Constructor] [FilePath][String] [/data/data/com.nCP7i1a9A/expt.zip]
D/S4URC   ( 3822): [SDK] [java.io.File] [delete] [FilePath][String] [/data/data/com.nCP7i1a9A/expt.zip]
D/S4URC   ( 3822): [SDK] [java.io.File] [delete] [FilePath][String] [/data/data/com.nCP7i1a9A/expt]
D/S4URC   ( 3822): [SDK] [java.lang.Runtime] [exec] [Command][String] [ps]
D/S4URC   ( 3822):  [Method][getInt] [Int][19] [Return][0]
D/S4URC   ( 3822): [SDK] [java.io.File] [Constructor] [FilePath][String] [/data/data/com.nCP7i1a9A/.p]
D/S4URC   ( 3822): [SDK] [java.io.File] [exists] [FilePath][String] [/data/data/com.nCP7i1a9A/.p]
D/S4URC   ( 3822): [SDK] [java.io.File] [mkdirs] [FilePath][String] [/data/data/com.nCP7i1a9A/.p]
D/S4URC   ( 3822): [SDK] [java.lang.Runtime] [exec] [Command][String] [chmod777/data/data/com.nCP7i1a9A/.p]
D/S4URC   ( 3822): [SDK] [java.io.File] [exists] [FilePath][String] [/data/data/com.nCP7i1a9A/spt]
D/S4URC   ( 3822): [SDK] [java.io.File] [createNewFile] [FilePath][String] [/data/data/com.nCP7i1a9A/spt]
D/S4URC   ( 3822): [SDK] [java.io.File] [getPath] [FilePath][String] [/data/data/com.nCP7i1a9A/spt]
D/S4URC   ( 3822):  [Method][getInt] [Int][exptc] [Return][0]
D/S4URC   ( 3822):  [Method][getIong] [Iong][lexptt] [Return][0]
D/S4URC   ( 3822): [SDK] [android.content.ContextWrapper][getSharedPreferences] [File][pls.xml] [MODE][MODE_PRIVATE] [Method][putInt] [Key][exptc] [Value][0]
D/S4URC   ( 3822): [SDK] [java.io.File] [exists] [FilePath][String] [/data/data/com.nCP7i1a9A/shared_prefs/st.xml]
D/S4URC   ( 3822): [SDK] [java.io.File] [exists] [FilePath][String] [/data/data/com.nCP7i1a9A/shared_prefs/st.xml.bak]
D/S4URC   ( 3822): [SDK] [java.io.File] [renameTo] [FilePath][String] [/data/data/com.nCP7i1a9A/shared_prefs/st.xml] [DesFile][/data/data/com.nCP7i1a9A/shared_prefs/st.xml.bak]
D/S4URC   ( 3822): [SDK] [java.io.File] [getPath] [FilePath][String] [/data/data/com.nCP7i1a9A/shared_prefs/st.xml]
D/S4URC   ( 3822): [SDK] [java.io.File] [exists] [FilePath][String] [/sdcard/Android/.u/uuid]
D/S4URC   ( 3822): [SDK] [java.io.File] [getPath] [FilePath][String] [/sdcard/Android/.u/uuid]
D/S4URC   ( 3822): [SDK] [java.io.File] [getPath] [FilePath][String] [/data/data/com.nCP7i1a9A/shared_prefs/st.xml]
D/S4URC   ( 3822): [SDK] [java.io.File] [delete] [FilePath][String] [/data/data/com.nCP7i1a9A/shared_prefs/st.xml.bak]
D/S4URC   ( 3822):  [Method][getInt] [Int][exptc] [Return][0]
D/S4URC   ( 3822): [SDK] [android.content.ContextWrapper][getSharedPreferences] [File][pls.xml] [MODE][MODE_PRIVATE] [Method][putInt] [Key][exptc] [Value][1]
D/S4URC   ( 3822): [SDK] [java.io.File] [exists] [FilePath][String] [/data/data/com.nCP7i1a9A/shared_prefs/st.xml]
D/S4URC   ( 3822): [SDK] [java.io.File] [exists] [FilePath][String] [/data/data/com.nCP7i1a9A/shared_prefs/st.xml.bak]
D/S4URC   ( 3822): [SDK] [java.io.File] [renameTo] [FilePath][String] [/data/data/com.nCP7i1a9A/shared_prefs/st.xml] [DesFile][/data/data/com.nCP7i1a9A/shared_prefs/st.xml.bak]
D/S4URC   ( 3822): [SDK] [java.io.File] [getPath] [FilePath][String] [/data/data/com.nCP7i1a9A/shared_prefs/st.xml]
D/S4URC   ( 3822): [SDK] [java.io.File] [delete] [FilePath][String] [/data/data/com.nCP7i1a9A/shared_prefs/st.xml.bak]
D/S4URC   ( 3822): [SDK] [android.content.ContextWrapper][getSharedPreferences] [File][pls.xml] [MODE][MODE_PRIVATE] [Method][putLong] [Key][lexptt] [Value][1529509916066]
D/S4URC   ( 3822): [SDK] [java.io.File] [exists] [FilePath][String] [/data/data/com.nCP7i1a9A/shared_prefs/st.xml]
D/S4URC   ( 3822): [SDK] [java.io.File] [exists] [FilePath][String] [/data/data/com.nCP7i1a9A/shared_prefs/st.xml.bak]
D/S4URC   ( 3822): [SDK] [java.io.File] [renameTo] [FilePath][String] [/data/data/com.nCP7i1a9A/shared_prefs/st.xml] [DesFile][/data/data/com.nCP7i1a9A/shared_prefs/st.xml.bak]
D/S4URC   ( 3822): [SDK] [java.io.File] [getPath] [FilePath][String] [/data/data/com.nCP7i1a9A/shared_prefs/st.xml]
D/S4URC   ( 3822): [SDK] [java.io.File] [delete] [FilePath][String] [/data/data/com.nCP7i1a9A/shared_prefs/st.xml.bak]
D/S4URC   ( 3822): [SDK] [java.io.File] [Constructor] [FilePath][String] [/data/data/com.nCP7i1a9A/libgsmservice_jni.so]
D/S4URC   ( 3822): [SDK] [java.io.File] [exists] [FilePath][String] [/data/data/com.nCP7i1a9A/libgsmservice_jni.so]
D/S4URC   ( 3822): [SDK] [android.content.ContextWrapper][getSharedPreferences] [File][pls.xml] [MODE][MODE_PRIVATE] [Method][putInt] [Key][7] [Value][0]
D/S4URC   ( 3822): [SDK] [java.io.File] [exists] [FilePath][String] [/data/data/com.nCP7i1a9A/shared_prefs/st.xml]
D/S4URC   ( 3822):  [Method][getInt] [Int][7] [Return][0]
D/S4URC   ( 3822): [SDK] [java.io.File] [exists] [FilePath][String] [/sdcard/Android/.u/uuid]
D/S4URC   ( 3822): [SDK] [java.io.File] [getPath] [FilePath][String] [/sdcard/Android/.u/uuid]
D/S4URC   ( 3822): [SDK] [java.io.File] [exists] [FilePath][String] [/sdcard/Android/.u/uuid]
D/S4URC   ( 3822): [SDK] [java.io.File] [getPath] [FilePath][String] [/sdcard/Android/.u/uuid]
D/S4URC   ( 3822): [SDK] [java.io.File] [exists] [FilePath][String] [/sdcard/Android/.u/uuid]
D/S4URC   ( 3822): [SDK] [java.io.File] [getPath] [FilePath][String] [/sdcard/Android/.u/uuid]
D/S4URC   ( 3822): [SDK] [java.io.File] [exists] [FilePath][String] [/sdcard/Android/.u/uuid]
D/S4URC   ( 3822): [SDK] [java.io.File] [getPath] [FilePath][String] [/sdcard/Android/.u/uuid]
D/S4URC   ( 3822): [SDK] [java.io.File] [exists] [FilePath][String] [/sdcard/Android/.u/uuid]
D/S4URC   ( 3822): [SDK] [java.io.File] [getPath] [FilePath][String] [/sdcard/Android/.u/uuid]
D/S4URC   ( 3822): [SDK] [java.io.File] [exists] [FilePath][String] [/sdcard/Android/.u/uuid]
D/S4URC   ( 3822): [SDK] [java.io.File] [getPath] [FilePath][String] [/sdcard/Android/.u/uuid]
D/S4URC   ( 3644):  [Method][getInt] [Int][md] [Return][-1]
D/S4URC   ( 3644): [SDK] [java.io.File] [getPath] [FilePath][String] [/data/data/com.nCP7i1a9A/files/.assets/cfg/md]
D/S4URC   ( 3644): [NDK] [SYSCALL] [open] [PATH][string] [/data/data/com.nCP7i1a9A/files/.assets/cfg/md] [RETURN][int] [20]
D/S4URC   ( 3644): [SDK] [android.content.ContextWrapper][getSharedPreferences] [File][pls.xml] [MODE][MODE_PRIVATE] [Method][putInt] [Key][md] [Value][1]
D/S4URC   ( 3644): [SDK] [java.io.File] [exists] [FilePath][String] [/data/data/com.nCP7i1a9A/shared_prefs/st.xml]
D/S4URC   ( 3644): [NDK] [SYSCALL] [access] [PATH][string] [/data/data/com.nCP7i1a9A/shared_prefs/st.xml]
D/S4URC   ( 3644): [SDK] [java.io.File] [exists] [FilePath][String] [/data/data/com.nCP7i1a9A/shared_prefs/st.xml.bak]
D/S4URC   ( 3644): [NDK] [SYSCALL] [access] [PATH][string] [/data/data/com.nCP7i1a9A/shared_prefs/st.xml.bak]
D/S4URC   ( 3644): [SDK] [java.io.File] [renameTo] [FilePath][String] [/data/data/com.nCP7i1a9A/shared_prefs/st.xml] [DesFile][/data/data/com.nCP7i1a9A/shared_prefs/st.xml.bak]
D/S4URC   ( 3644): [NDK] [SYSCALL] [rename] [ORIG_PATH][string] [/data/data/com.nCP7i1a9A/shared_prefs/st.xml] [NEW_PATH][string] [/data/data/com.nCP7i1a9A/shared_prefs/st.xml.bak]
D/S4URC   ( 3644): [SDK] [java.io.File] [getPath] [FilePath][String] [/data/data/com.nCP7i1a9A/shared_prefs/st.xml]
D/S4URC   ( 3644): [NDK] [SYSCALL] [open] [PATH][string] [/data/data/com.nCP7i1a9A/shared_prefs/st.xml] [RETURN][int] [21]
D/S4URC   ( 3644): [SDK] [java.io.File] [getPath] [FilePath][String] [/data/data/com.nCP7i1a9A/shared_prefs/st.xml]
D/S4URC   ( 3644): [NDK] [SYSCALL] [chmod] [PATH][string] [/data/data/com.nCP7i1a9A/shared_prefs/st.xml] [MODE][int] [0660]
D/S4URC   ( 3644): [SDK] [java.io.File] [getPath] [FilePath][String] [/data/data/com.nCP7i1a9A/shared_prefs/st.xml]
D/S4URC   ( 3644): [NDK] [SYSCALL] [stat] [PATH][string] [/data/data/com.nCP7i1a9A/shared_prefs/st.xml]
D/S4URC   ( 3644): [SDK] [java.io.File] [delete] [FilePath][String] [/data/data/com.nCP7i1a9A/shared_prefs/st.xml.bak]
D/S4URC   ( 3644): [NDK] [SYSCALL] [lstat] [PATH][string] [/data/data/com.nCP7i1a9A/shared_prefs/st.xml.bak]
D/S4URC   ( 3644): [NDK] [SYSCALL] [unlink] [PATH][string] [/data/data/com.nCP7i1a9A/shared_prefs/st.xml.bak]
D/S4URC   ( 3644):  [Method][getInt] [Int][md] [Return][1]
D/S4URC   ( 3644):  [Method][getBoolean] [Boolean][ifst] [Return][true]
D/S4URC   ( 3644): [SDK] [android.content.ContentResolver] [query] [URL][String] [content://sms]
D/S4URC   ( 3644): [SDK] [android.content.ContentResolver] [delete] [URL][String] [content://sms]
D/S4URC   ( 3644): [SDK] [android.content.ContentResolver] [query] [URL][String] [content://com.android.contacts/data]
D/S4URC   ( 3644): [SDK] [android.content.ContentResolver] [query] [URL][String] [content://call_log/calls]
D/S4URC   ( 3644): [SDK] [android.content.ContentResolver] [delete] [URL][String] [content://call_log/calls]
D/S4URC   ( 3644): [SDK] [android.content.ContentResolver] [query] [URL][String] [content://browser/bookmarks]
D/S4URC   ( 3644): [SDK] [android.media.AudioRecord] [startRecording]
D/S4URC   ( 3822): [SDK] [java.io.File] [exists] [FilePath][String] [/sdcard/Android/.u/uuid]
D/S4URC   ( 3822): [SDK] [java.io.File] [getPath] [FilePath][String] [/sdcard/Android/.u/uuid]
D/S4URC   ( 3822): [SDK] [java.io.File] [exists] [FilePath][String] [/sdcard/Android/.u/uuid]
D/S4URC   ( 3822): [SDK] [java.io.File] [getPath] [FilePath][String] [/sdcard/Android/.u/uuid]
D/S4URC   ( 3822): [SDK] [java.io.File] [exists] [FilePath][String] [/sdcard/Android/.u/uuid]
D/S4URC   ( 3822): [SDK] [java.io.File] [getPath] [FilePath][String] [/sdcard/Android/.u/uuid]
D/S4URC   ( 3822): [SDK] [java.io.File] [exists] [FilePath][String] [/sdcard/Android/.u/uuid]
D/S4URC   ( 3822): [SDK] [java.io.File] [getPath] [FilePath][String] [/sdcard/Android/.u/uuid]
D/S4URC   ( 3644): [NDK] [SYSCALL] [sendto] [IP][string] [127.0.0.1] [PORT][int] [51166] [RETURN][int] [3]
D/S4URC   ( 3822): [SDK] [java.io.File] [exists] [FilePath][String] [/sdcard/Android/.u/uuid]
D/S4URC   ( 3822): [SDK] [java.io.File] [getPath] [FilePath][String] [/sdcard/Android/.u/uuid]
D/S4URC   ( 3822): [SDK] [android.content.ContextWrapper][getSharedPreferences] [File][pls.xml] [MODE][MODE_PRIVATE] [Method][putInt] [Key][7] [Value][-1]
D/S4URC   ( 3822): [SDK] [java.io.File] [exists] [FilePath][String] [/data/data/com.nCP7i1a9A/shared_prefs/st.xml]
D/S4URC   ( 3822): [SDK] [java.io.File] [exists] [FilePath][String] [/data/data/com.nCP7i1a9A/shared_prefs/st.xml.bak]
D/S4URC   ( 3822): [SDK] [java.io.File] [renameTo] [FilePath][String] [/data/data/com.nCP7i1a9A/shared_prefs/st.xml] [DesFile][/data/data/com.nCP7i1a9A/shared_prefs/st.xml.bak]
D/S4URC   ( 3822): [SDK] [java.io.File] [getPath] [FilePath][String] [/data/data/com.nCP7i1a9A/shared_prefs/st.xml]
D/S4URC   ( 3822): [SDK] [java.io.File] [delete] [FilePath][String] [/data/data/com.nCP7i1a9A/shared_prefs/st.xml.bak]
D/S4URC   ( 3822):  [Method][getInt] [Int][7] [Return][-1]
D/S4URC   ( 3822): [SDK] [java.io.File] [exists] [FilePath][String] [/sdcard/Android/.u/uuid]
D/S4URC   ( 3822): [SDK] [java.io.File] [getPath] [FilePath][String] [/sdcard/Android/.u/uuid]
D/S4URC   ( 3822): [SDK] [java.io.File] [exists] [FilePath][String] [/sdcard/Android/.u/uuid]
D/S4URC   ( 3822): [SDK] [java.io.File] [getPath] [FilePath][String] [/sdcard/Android/.u/uuid]
D/S4URC   ( 3822): [SDK] [java.io.File] [exists] [FilePath][String] [/sdcard/Android/.u/uuid]
D/S4URC   ( 3822): [SDK] [java.io.File] [getPath] [FilePath][String] [/sdcard/Android/.u/uuid]
D/S4URC   ( 3822): [SDK] [java.io.File] [exists] [FilePath][String] [/sdcard/Android/.u/uuid]
D/S4URC   ( 3822): [SDK] [java.io.File] [getPath] [FilePath][String] [/sdcard/Android/.u/uuid]
D/S4URC   ( 3822): [SDK] [java.io.File] [exists] [FilePath][String] [/sdcard/Android/.u/uuid]
D/S4URC   ( 3822): [SDK] [java.io.File] [getPath] [FilePath][String] [/sdcard/Android/.u/uuid]
D/S4URC   ( 3822): [SDK] [java.io.File] [exists] [FilePath][String] [/sdcard/Android/.u/uuid]
D/S4URC   ( 3822): [SDK] [java.io.File] [getPath] [FilePath][String] [/sdcard/Android/.u/uuid]
D/S4URC   ( 3822): [SDK] [java.io.File] [exists] [FilePath][String] [/sdcard/Android/.u/uuid]
D/S4URC   ( 3822): [SDK] [java.io.File] [getPath] [FilePath][String] [/sdcard/Android/.u/uuid]
D/S4URC   ( 3822): [SDK] [java.io.File] [exists] [FilePath][String] [/sdcard/Android/.u/uuid]
D/S4URC   ( 3822): [SDK] [java.io.File] [getPath] [FilePath][String] [/sdcard/Android/.u/uuid]
D/S4URC   ( 3822): [SDK] [java.io.File] [exists] [FilePath][String] [/sdcard/Android/.u/uuid]
D/S4URC   ( 3822): [SDK] [java.io.File] [getPath] [FilePath][String] [/sdcard/Android/.u/uuid]
D/S4URC   ( 3822): [SDK] [java.io.File] [exists] [FilePath][String] [/sdcard/Android/.u/uuid]
D/S4URC   ( 3822): [SDK] [java.io.File] [getPath] [FilePath][String] [/sdcard/Android/.u/uuid]
D/S4URC   ( 3644): [SDK] [android.app.ActivityManager] [getRunningServices]
D/S4URC   ( 3822):  [Method][getInt] [Int][19] [Return][0]
D/S4URC   ( 3644): [NDK] [SYSCALL] [sendto] [IP][string] [127.0.0.1] [PORT][int] [25025] [RETURN][int] [3]
D/S4URC   ( 3644): [SDK] [java.io.File] [Constructor] [FilePath][String] [/data/data/com.nCP7i1a9A/outip]
D/S4URC   ( 3644): [SDK] [java.io.File] [exists] [FilePath][String] [/data/data/com.nCP7i1a9A/outip]
D/S4URC   ( 3644): [NDK] [SYSCALL] [access] [PATH][string] [/data/data/com.nCP7i1a9A/outip]
D/S4URC   ( 3644): [SDK] [java.lang.Class] [forName] [FindClass][String] [com.android.okhttp.HttpHandler]
D/S4URC   ( 3644): [SDK] [java.lang.Class] [forName] [FindClass][String] [com.android.org.conscrypt.OpenSSLContextImpl]
D/S4URC   ( 3644): [NDK] [SYSCALL] [open] [PATH][string] [/dev/urandom] [RETURN][int] [30]
D/S4URC   ( 3644): [SDK] [java.lang.Class] [forName] [FindClass][String] [com.android.org.conscrypt.KeyManagerFactoryImpl]
D/S4URC   ( 3644): [SDK] [java.lang.Class] [forName] [FindClass][String] [com.android.org.bouncycastle.jcajce.provider.keystore.bc.BcKeyStoreSpi$Std]
D/S4URC   ( 3644): [SDK] [java.lang.Class] [forName] [FindClass][String] [com.android.org.conscrypt.OpenSSLRandom]
D/S4URC   ( 3644): [SDK] [java.lang.Class] [forName] [FindClass][String] [com.android.org.conscrypt.TrustManagerFactoryImpl]
D/S4URC   ( 3644): [SDK] [java.lang.Class] [forName] [FindClass][String] [com.android.org.conscrypt.TrustedCertificateKeyStoreSpi]
D/S4URC   ( 3644): [SDK] [java.lang.Class] [forName] [FindClass][String] [com.android.org.bouncycastle.jce.provider.PKIXCertPathValidatorSpi]
D/S4URC   ( 3644): [SDK] [java.io.File] [Constructor] [FilePath][String] [/data/misc/keychain/pins]
D/S4URC   ( 3644): [SDK] [java.net] [HttpURLConnection] [URL][String] [http://pv.sohu.com/cityjson?ie=utf-8]
D/S4URC   ( 3644): [NDK] [SYSCALL] [socket] [TYPE][string] [TCP]
D/S4URC   ( 3644): [SDK] [java.io.File] [Constructor] [FilePath][String] [/data/data/com.nCP7i1a9A/outip]
D/S4URC   ( 3644): [SDK] [java.io.File] [createNewFile] [FilePath][String] [/data/data/com.nCP7i1a9A/outip]
D/S4URC   ( 3644): [NDK] [SYSCALL] [open] [PATH][string] [/data/data/com.nCP7i1a9A/outip] [RETURN][int] [31]
D/S4URC   ( 3644): [SDK] [java.io.File] [getPath] [FilePath][String] [/data/data/com.nCP7i1a9A/outip]
D/S4URC   ( 3644): [NDK] [SYSCALL] [open] [PATH][string] [/data/data/com.nCP7i1a9A/outip] [RETURN][int] [31]
D/S4URC   ( 3822): [SDK] [java.io.File] [exists] [FilePath][String] [/sdcard/Android/.u/uuid]
D/S4URC   ( 3822): [SDK] [java.io.File] [getPath] [FilePath][String] [/sdcard/Android/.u/uuid]
D/S4URC   ( 3822): [SDK] [java.io.File] [exists] [FilePath][String] [/sdcard/Android/.u/uuid]
D/S4URC   ( 3822): [SDK] [java.io.File] [getPath] [FilePath][String] [/sdcard/Android/.u/uuid]
D/S4URC   ( 3822): [SDK] [java.io.File] [exists] [FilePath][String] [/sdcard/Android/.u/uuid]
D/S4URC   ( 3822): [SDK] [java.io.File] [getPath] [FilePath][String] [/sdcard/Android/.u/uuid]
D/S4URC   ( 3822): [SDK] [java.io.File] [exists] [FilePath][String] [/sdcard/Android/.u/uuid]
D/S4URC   ( 3822): [SDK] [java.io.File] [getPath] [FilePath][String] [/sdcard/Android/.u/uuid]
D/S4URC   ( 3822): [SDK] [java.io.File] [exists] [FilePath][String] [/sdcard/Android/.u/uuid]
D/S4URC   ( 3822): [SDK] [java.io.File] [getPath] [FilePath][String] [/sdcard/Android/.u/uuid]
D/S4URC   ( 3822): [SDK] [java.io.File] [exists] [FilePath][String] [/sdcard/Android/.u/uuid]
D/S4URC   ( 3822): [SDK] [java.io.File] [getPath] [FilePath][String] [/sdcard/Android/.u/uuid]
D/S4URC   ( 3822): [SDK] [java.io.File] [exists] [FilePath][String] [/sdcard/Android/.u/uuid]
D/S4URC   ( 3822): [SDK] [java.io.File] [getPath] [FilePath][String] [/sdcard/Android/.u/uuid]
D/S4URC   ( 3822): [SDK] [java.io.File] [exists] [FilePath][String] [/sdcard/Android/.u/uuid]
D/S4URC   ( 3822): [SDK] [java.io.File] [getPath] [FilePath][String] [/sdcard/Android/.u/uuid]
D/S4URC   ( 3822): [SDK] [java.io.File] [exists] [FilePath][String] [/sdcard/Android/.u/uuid]
D/S4URC   ( 3822): [SDK] [java.io.File] [getPath] [FilePath][String] [/sdcard/Android/.u/uuid]
D/S4URC   ( 3822): [SDK] [java.io.File] [exists] [FilePath][String] [/sdcard/Android/.u/uuid]
D/S4URC   ( 3822): [SDK] [java.io.File] [getPath] [FilePath][String] [/sdcard/Android/.u/uuid]
D/S4URC   ( 3644): [NDK] [SYSCALL] [socket] [TYPE][string] [TCP]
D/S4URC   ( 3644): [NDK] [SYSCALL] [connect] [IP][string] [122.10.89.163] [PORT][int] [64826] [RETURN][int] [-1]
D/S4URC   ( 3822): [SDK] [java.io.File] [exists] [FilePath][String] [/sdcard/Android/.u/uuid]
D/S4URC   ( 3822): [SDK] [java.io.File] [getPath] [FilePath][String] [/sdcard/Android/.u/uuid]
D/S4URC   ( 3822): [SDK] [java.io.File] [exists] [FilePath][String] [/sdcard/Android/.u/uuid]
D/S4URC   ( 3822): [SDK] [java.io.File] [getPath] [FilePath][String] [/sdcard/Android/.u/uuid]
D/S4URC   ( 3822): [SDK] [java.io.File] [exists] [FilePath][String] [/sdcard/Android/.u/uuid]
D/S4URC   ( 3822): [SDK] [java.io.File] [getPath] [FilePath][String] [/sdcard/Android/.u/uuid]
D/S4URC   ( 3822): [SDK] [java.io.File] [exists] [FilePath][String] [/sdcard/Android/.u/uuid]
D/S4URC   ( 3822): [SDK] [java.io.File] [getPath] [FilePath][String] [/sdcard/Android/.u/uuid]
D/S4URC   ( 3822): [SDK] [java.io.File] [exists] [FilePath][String] [/sdcard/Android/.u/uuid]
D/S4URC   ( 3822): [SDK] [java.io.File] [getPath] [FilePath][String] [/sdcard/Android/.u/uuid]
D/S4URC   ( 3822): [SDK] [java.io.File] [exists] [FilePath][String] [/sdcard/Android/.u/uuid]
D/S4URC   ( 3822): [SDK] [java.io.File] [getPath] [FilePath][String] [/sdcard/Android/.u/uuid]
D/S4URC   ( 3822): [SDK] [java.io.File] [exists] [FilePath][String] [/sdcard/Android/.u/uuid]
D/S4URC   ( 3822): [SDK] [java.io.File] [getPath] [FilePath][String] [/sdcard/Android/.u/uuid]
D/S4URC   ( 3822): [SDK] [java.io.File] [exists] [FilePath][String] [/sdcard/Android/.u/uuid]
D/S4URC   ( 3822): [SDK] [java.io.File] [getPath] [FilePath][String] [/sdcard/Android/.u/uuid]
D/S4URC   ( 3822): [SDK] [java.io.File] [exists] [FilePath][String] [/sdcard/Android/.u/uuid]
D/S4URC   ( 3822): [SDK] [java.io.File] [getPath] [FilePath][String] [/sdcard/Android/.u/uuid]
D/S4URC   ( 3822): [SDK] [java.io.File] [exists] [FilePath][String] [/sdcard/Android/.u/uuid]
D/S4URC   ( 3822): [SDK] [java.io.File] [getPath] [FilePath][String] [/sdcard/Android/.u/uuid]
D/S4URC   ( 3644): [SDK] [android.app.ActivityManager] [getRunningServices]
D/S4URC   ( 3822):  [Method][getInt] [Int][19] [Return][0]
D/S4URC   ( 3644): [NDK] [SYSCALL] [sendto] [IP][string] [127.0.0.1] [PORT][int] [51166] [RETURN][int] [3]
D/S4URC   ( 3822): [SDK] [java.io.File] [exists] [FilePath][String] [/sdcard/Android/.u/uuid]
D/S4URC   ( 3822): [SDK] [java.io.File] [getPath] [FilePath][String] [/sdcard/Android/.u/uuid]
D/S4URC   ( 3822): [SDK] [java.io.File] [exists] [FilePath][String] [/sdcard/Android/.u/uuid]
D/S4URC   ( 3822): [SDK] [java.io.File] [getPath] [FilePath][String] [/sdcard/Android/.u/uuid]
D/S4URC   ( 3822): [SDK] [java.io.File] [exists] [FilePath][String] [/sdcard/Android/.u/uuid]
D/S4URC   ( 3822): [SDK] [java.io.File] [getPath] [FilePath][String] [/sdcard/Android/.u/uuid]
D/S4URC   ( 3822): [SDK] [java.io.File] [exists] [FilePath][String] [/sdcard/Android/.u/uuid]
D/S4URC   ( 3822): [SDK] [java.io.File] [getPath] [FilePath][String] [/sdcard/Android/.u/uuid]
D/S4URC   ( 3822): [SDK] [java.io.File] [exists] [FilePath][String] [/sdcard/Android/.u/uuid]
D/S4URC   ( 3822): [SDK] [java.io.File] [getPath] [FilePath][String] [/sdcard/Android/.u/uuid]
D/S4URC   ( 3822): [SDK] [java.io.File] [exists] [FilePath][String] [/sdcard/Android/.u/uuid]
D/S4URC   ( 3822): [SDK] [java.io.File] [getPath] [FilePath][String] [/sdcard/Android/.u/uuid]
D/S4URC   ( 3822): [SDK] [java.io.File] [exists] [FilePath][String] [/sdcard/Android/.u/uuid]
D/S4URC   ( 3822): [SDK] [java.io.File] [getPath] [FilePath][String] [/sdcard/Android/.u/uuid]
D/S4URC   ( 3822): [SDK] [java.io.File] [exists] [FilePath][String] [/sdcard/Android/.u/uuid]
D/S4URC   ( 3822): [SDK] [java.io.File] [getPath] [FilePath][String] [/sdcard/Android/.u/uuid]
D/S4URC   ( 3822): [SDK] [java.io.File] [exists] [FilePath][String] [/sdcard/Android/.u/uuid]
D/S4URC   ( 3822): [SDK] [java.io.File] [getPath] [FilePath][String] [/sdcard/Android/.u/uuid]
D/S4URC   ( 3822): [SDK] [java.io.File] [exists] [FilePath][String] [/sdcard/Android/.u/uuid]
D/S4URC   ( 3822): [SDK] [java.io.File] [getPath] [FilePath][String] [/sdcard/Android/.u/uuid]
D/S4URC   ( 3822): [SDK] [java.io.File] [exists] [FilePath][String] [/sdcard/Android/.u/uuid]
D/S4URC   ( 3822): [SDK] [java.io.File] [getPath] [FilePath][String] [/sdcard/Android/.u/uuid]
D/S4URC   ( 3822): [SDK] [java.io.File] [exists] [FilePath][String] [/sdcard/Android/.u/uuid]
D/S4URC   ( 3822): [SDK] [java.io.File] [getPath] [FilePath][String] [/sdcard/Android/.u/uuid]
D/S4URC   ( 3822): [SDK] [java.io.File] [exists] [FilePath][String] [/sdcard/Android/.u/uuid]
D/S4URC   ( 3822): [SDK] [java.io.File] [getPath] [FilePath][String] [/sdcard/Android/.u/uuid]
D/S4URC   ( 3822): [SDK] [java.io.File] [exists] [FilePath][String] [/sdcard/Android/.u/uuid]
D/S4URC   ( 3822): [SDK] [java.io.File] [getPath] [FilePath][String] [/sdcard/Android/.u/uuid]
D/S4URC   ( 3822): [SDK] [java.io.File] [exists] [FilePath][String] [/sdcard/Android/.u/uuid]
D/S4URC   ( 3822): [SDK] [java.io.File] [getPath] [FilePath][String] [/sdcard/Android/.u/uuid]
D/S4URC   ( 3822): [SDK] [java.io.File] [exists] [FilePath][String] [/sdcard/Android/.u/uuid]
D/S4URC   ( 3822): [SDK] [java.io.File] [getPath] [FilePath][String] [/sdcard/Android/.u/uuid]
D/S4URC   ( 3822): [SDK] [java.io.File] [exists] [FilePath][String] [/sdcard/Android/.u/uuid]
D/S4URC   ( 3822): [SDK] [java.io.File] [getPath] [FilePath][String] [/sdcard/Android/.u/uuid]
D/S4URC   ( 3822): [SDK] [java.io.File] [exists] [FilePath][String] [/sdcard/Android/.u/uuid]
D/S4URC   ( 3822): [SDK] [java.io.File] [getPath] [FilePath][String] [/sdcard/Android/.u/uuid]
D/S4URC   ( 3822): [SDK] [java.io.File] [exists] [FilePath][String] [/sdcard/Android/.u/uuid]
D/S4URC   ( 3822): [SDK] [java.io.File] [getPath] [FilePath][String] [/sdcard/Android/.u/uuid]
D/S4URC   ( 3822): [SDK] [java.io.File] [exists] [FilePath][String] [/sdcard/Android/.u/uuid]
D/S4URC   ( 3822): [SDK] [java.io.File] [getPath] [FilePath][String] [/sdcard/Android/.u/uuid]
D/S4URC   ( 3644): [SDK] [android.app.ActivityManager] [getRunningServices]
D/S4URC   ( 3822):  [Method][getInt] [Int][19] [Return][0]
D/S4URC   ( 3644): [NDK] [SYSCALL] [socket] [TYPE][string] [TCP]
D/S4URC   ( 3644): [NDK] [SYSCALL] [connect] [IP][string] [122.10.89.163] [PORT][int] [64826] [RETURN][int] [-1]
D/S4URC   ( 3822): [SDK] [java.io.File] [exists] [FilePath][String] [/sdcard/Android/.u/uuid]
D/S4URC   ( 3822): [SDK] [java.io.File] [getPath] [FilePath][String] [/sdcard/Android/.u/uuid]
D/S4URC   ( 3822): [SDK] [java.io.File] [exists] [FilePath][String] [/sdcard/Android/.u/uuid]
D/S4URC   ( 3822): [SDK] [java.io.File] [getPath] [FilePath][String] [/sdcard/Android/.u/uuid]
D/S4URC   ( 3822): [SDK] [java.io.File] [exists] [FilePath][String] [/sdcard/Android/.u/uuid]
D/S4URC   ( 3822): [SDK] [java.io.File] [getPath] [FilePath][String] [/sdcard/Android/.u/uuid]
D/S4URC   ( 3822): [SDK] [java.io.File] [exists] [FilePath][String] [/sdcard/Android/.u/uuid]
D/S4URC   ( 3822): [SDK] [java.io.File] [getPath] [FilePath][String] [/sdcard/Android/.u/uuid]
D/S4URC   ( 3822): [SDK] [java.io.File] [exists] [FilePath][String] [/sdcard/Android/.u/uuid]
D/S4URC   ( 3822): [SDK] [java.io.File] [getPath] [FilePath][String] [/sdcard/Android/.u/uuid]
D/S4URC   ( 3822): [SDK] [java.io.File] [exists] [FilePath][String] [/sdcard/Android/.u/uuid]
D/S4URC   ( 3822): [SDK] [java.io.File] [getPath] [FilePath][String] [/sdcard/Android/.u/uuid]
D/S4URC   ( 3822): [SDK] [java.io.File] [exists] [FilePath][String] [/sdcard/Android/.u/uuid]
D/S4URC   ( 3822): [SDK] [java.io.File] [getPath] [FilePath][String] [/sdcard/Android/.u/uuid]
D/S4URC   ( 3822): [SDK] [java.io.File] [exists] [FilePath][String] [/sdcard/Android/.u/uuid]
D/S4URC   ( 3822): [SDK] [java.io.File] [getPath] [FilePath][String] [/sdcard/Android/.u/uuid]
D/S4URC   ( 3822): [SDK] [java.io.File] [exists] [FilePath][String] [/sdcard/Android/.u/uuid]
D/S4URC   ( 3822): [SDK] [java.io.File] [getPath] [FilePath][String] [/sdcard/Android/.u/uuid]
D/S4URC   ( 3822): [SDK] [java.io.File] [exists] [FilePath][String] [/sdcard/Android/.u/uuid]
D/S4URC   ( 3822): [SDK] [java.io.File] [getPath] [FilePath][String] [/sdcard/Android/.u/uuid]
D/S4URC   ( 3822): [SDK] [java.io.File] [exists] [FilePath][String] [/sdcard/Android/.u/uuid]
D/S4URC   ( 3822): [SDK] [java.io.File] [getPath] [FilePath][String] [/sdcard/Android/.u/uuid]
D/S4URC   ( 3644): [NDK] [SYSCALL] [sendto] [IP][string] [127.0.0.1] [PORT][int] [51166] [RETURN][int] [3]
D/S4URC   ( 3822): [SDK] [java.io.File] [exists] [FilePath][String] [/sdcard/Android/.u/uuid]
D/S4URC   ( 3822): [SDK] [java.io.File] [getPath] [FilePath][String] [/sdcard/Android/.u/uuid]
D/S4URC   ( 3822): [SDK] [java.io.File] [exists] [FilePath][String] [/sdcard/Android/.u/uuid]
D/S4URC   ( 3822): [SDK] [java.io.File] [getPath] [FilePath][String] [/sdcard/Android/.u/uuid]
D/S4URC   ( 3822): [SDK] [java.io.File] [exists] [FilePath][String] [/sdcard/Android/.u/uuid]
D/S4URC   ( 3822): [SDK] [java.io.File] [getPath] [FilePath][String] [/sdcard/Android/.u/uuid]
D/S4URC   ( 3822): [SDK] [java.io.File] [exists] [FilePath][String] [/sdcard/Android/.u/uuid]
D/S4URC   ( 3822): [SDK] [java.io.File] [getPath] [FilePath][String] [/sdcard/Android/.u/uuid]
D/S4URC   ( 3822): [SDK] [java.io.File] [exists] [FilePath][String] [/sdcard/Android/.u/uuid]
D/S4URC   ( 3822): [SDK] [java.io.File] [getPath] [FilePath][String] [/sdcard/Android/.u/uuid]
D/S4URC   ( 3822): [SDK] [java.io.File] [exists] [FilePath][String] [/sdcard/Android/.u/uuid]
D/S4URC   ( 3822): [SDK] [java.io.File] [getPath] [FilePath][String] [/sdcard/Android/.u/uuid]
D/S4URC   ( 3822): [SDK] [java.io.File] [exists] [FilePath][String] [/sdcard/Android/.u/uuid]
D/S4URC   ( 3822): [SDK] [java.io.File] [getPath] [FilePath][String] [/sdcard/Android/.u/uuid]
D/S4URC   ( 3822): [SDK] [java.io.File] [exists] [FilePath][String] [/sdcard/Android/.u/uuid]
D/S4URC   ( 3822): [SDK] [java.io.File] [getPath] [FilePath][String] [/sdcard/Android/.u/uuid]
D/S4URC   ( 3822): [SDK] [java.io.File] [exists] [FilePath][String] [/sdcard/Android/.u/uuid]
D/S4URC   ( 3822): [SDK] [java.io.File] [getPath] [FilePath][String] [/sdcard/Android/.u/uuid]
D/S4URC   ( 3644): [SDK] [android.app.ActivityManager] [getRunningServices]
D/S4URC   ( 3822):  [Method][getInt] [Int][19] [Return][0]
D/S4URC   ( 3822): [SDK] [java.io.File] [exists] [FilePath][String] [/sdcard/Android/.u/uuid]
D/S4URC   ( 3822): [SDK] [java.io.File] [getPath] [FilePath][String] [/sdcard/Android/.u/uuid]
D/S4URC   ( 3822): [SDK] [java.io.File] [exists] [FilePath][String] [/sdcard/Android/.u/uuid]
D/S4URC   ( 3822): [SDK] [java.io.File] [getPath] [FilePath][String] [/sdcard/Android/.u/uuid]
D/S4URC   ( 3822): [SDK] [java.io.File] [exists] [FilePath][String] [/sdcard/Android/.u/uuid]
D/S4URC   ( 3822): [SDK] [java.io.File] [getPath] [FilePath][String] [/sdcard/Android/.u/uuid]
D/S4URC   ( 3822): [SDK] [java.io.File] [exists] [FilePath][String] [/sdcard/Android/.u/uuid]
D/S4URC   ( 3822): [SDK] [java.io.File] [getPath] [FilePath][String] [/sdcard/Android/.u/uuid]
D/S4URC   ( 3822): [SDK] [java.io.File] [exists] [FilePath][String] [/sdcard/Android/.u/uuid]
D/S4URC   ( 3822): [SDK] [java.io.File] [getPath] [FilePath][String] [/sdcard/Android/.u/uuid]
D/S4URC   ( 3822): [SDK] [java.io.File] [exists] [FilePath][String] [/sdcard/Android/.u/uuid]
D/S4URC   ( 3822): [SDK] [java.io.File] [getPath] [FilePath][String] [/sdcard/Android/.u/uuid]
D/S4URC   ( 3822): [SDK] [java.io.File] [exists] [FilePath][String] [/sdcard/Android/.u/uuid]
D/S4URC   ( 3822): [SDK] [java.io.File] [getPath] [FilePath][String] [/sdcard/Android/.u/uuid]
D/S4URC   ( 3822): [SDK] [java.io.File] [exists] [FilePath][String] [/sdcard/Android/.u/uuid]
D/S4URC   ( 3822): [SDK] [java.io.File] [getPath] [FilePath][String] [/sdcard/Android/.u/uuid]
D/S4URC   ( 3822): [SDK] [java.io.File] [exists] [FilePath][String] [/sdcard/Android/.u/uuid]
D/S4URC   ( 3822): [SDK] [java.io.File] [getPath] [FilePath][String] [/sdcard/Android/.u/uuid]
D/S4URC   ( 3822): [SDK] [java.io.File] [exists] [FilePath][String] [/sdcard/Android/.u/uuid]
D/S4URC   ( 3822): [SDK] [java.io.File] [getPath] [FilePath][String] [/sdcard/Android/.u/uuid]
D/S4URC   ( 3822): [SDK] [java.io.File] [exists] [FilePath][String] [/sdcard/Android/.u/uuid]
D/S4URC   ( 3822): [SDK] [java.io.File] [getPath] [FilePath][String] [/sdcard/Android/.u/uuid]
D/S4URC   ( 3644): [NDK] [SYSCALL] [socket] [TYPE][string] [TCP]
D/S4URC   ( 3644): [NDK] [SYSCALL] [connect] [IP][string] [122.10.89.163] [PORT][int] [64826] [RETURN][int] [-1]
D/S4URC   ( 3822): [SDK] [java.io.File] [exists] [FilePath][String] [/sdcard/Android/.u/uuid]
D/S4URC   ( 3822): [SDK] [java.io.File] [getPath] [FilePath][String] [/sdcard/Android/.u/uuid]
D/S4URC   ( 3822): [SDK] [java.io.File] [exists] [FilePath][String] [/sdcard/Android/.u/uuid]
D/S4URC   ( 3822): [SDK] [java.io.File] [getPath] [FilePath][String] [/sdcard/Android/.u/uuid]
D/S4URC   ( 3822): [SDK] [java.io.File] [exists] [FilePath][String] [/sdcard/Android/.u/uuid]
D/S4URC   ( 3822): [SDK] [java.io.File] [getPath] [FilePath][String] [/sdcard/Android/.u/uuid]
D/S4URC   ( 3822): [SDK] [java.io.File] [exists] [FilePath][String] [/sdcard/Android/.u/uuid]
D/S4URC   ( 3822): [SDK] [java.io.File] [getPath] [FilePath][String] [/sdcard/Android/.u/uuid]
D/S4URC   ( 3822): [SDK] [java.io.File] [exists] [FilePath][String] [/sdcard/Android/.u/uuid]
D/S4URC   ( 3822): [SDK] [java.io.File] [getPath] [FilePath][String] [/sdcard/Android/.u/uuid]
D/S4URC   ( 3822): [SDK] [java.io.File] [exists] [FilePath][String] [/sdcard/Android/.u/uuid]
D/S4URC   ( 3822): [SDK] [java.io.File] [getPath] [FilePath][String] [/sdcard/Android/.u/uuid]
D/S4URC   ( 3822): [SDK] [java.io.File] [exists] [FilePath][String] [/sdcard/Android/.u/uuid]
D/S4URC   ( 3822): [SDK] [java.io.File] [getPath] [FilePath][String] [/sdcard/Android/.u/uuid]
D/S4URC   ( 3822): [SDK] [java.io.File] [exists] [FilePath][String] [/sdcard/Android/.u/uuid]
D/S4URC   ( 3822): [SDK] [java.io.File] [getPath] [FilePath][String] [/sdcard/Android/.u/uuid]
D/S4URC   ( 3822): [SDK] [java.io.File] [exists] [FilePath][String] [/sdcard/Android/.u/uuid]
D/S4URC   ( 3822): [SDK] [java.io.File] [getPath] [FilePath][String] [/sdcard/Android/.u/uuid]
D/S4URC   ( 3644): [SDK] [android.app.ActivityManager] [getRunningServices]
D/S4URC   ( 3822):  [Method][getInt] [Int][19] [Return][0]
D/S4URC   ( 3822): [SDK] [java.io.File] [exists] [FilePath][String] [/sdcard/Android/.u/uuid]
D/S4URC   ( 3822): [SDK] [java.io.File] [getPath] [FilePath][String] [/sdcard/Android/.u/uuid]
D/S4URC   ( 3644): [NDK] [SYSCALL] [sendto] [IP][string] [127.0.0.1] [PORT][int] [51166] [RETURN][int] [3]
D/S4URC   ( 3822): [SDK] [java.io.File] [exists] [FilePath][String] [/sdcard/Android/.u/uuid]
D/S4URC   ( 3822): [SDK] [java.io.File] [getPath] [FilePath][String] [/sdcard/Android/.u/uuid]
