D/S4URC   ( 3729): [SDK] [java.io.File] [Constructor] [FilePath][String] [/proc/1997/cmdline]
D/S4URC   ( 3729): [SDK] [java.io.File] [exists] [FilePath][String] [/proc/1997/cmdline]
D/S4URC   ( 3729): [SDK] [java.io.File] [getPath] [FilePath][String] [/proc/1997/cmdline]
D/S4URC   ( 3756): [SDK] [java.io.File] [exists] [FilePath][String] [/proc/1997]
D/S4URC   ( 3756): [SDK] [java.io.File] [getPath] [FilePath][String] [/proc/1997]
D/S4URC   ( 3756): [SDK] [java.io.File] [Constructor] [FilePath][String] [/proc/1997/cmdline]
D/S4URC   ( 3756): [SDK] [java.io.File] [exists] [FilePath][String] [/proc/1997/cmdline]
D/S4URC   ( 3756): [SDK] [java.io.File] [getPath] [FilePath][String] [/proc/1997/cmdline]
D/S4URC   ( 3729): [SDK] [java.io.File] [exists] [FilePath][String] [/proc/2036]
D/S4URC   ( 3729): [SDK] [java.io.File] [getPath] [FilePath][String] [/proc/2036]
D/S4URC   ( 3729): [SDK] [java.io.File] [Constructor] [FilePath][String] [/proc/2036/cmdline]
D/S4URC   ( 3756): [SDK] [java.io.File] [exists] [FilePath][String] [/proc/2036]
D/S4URC   ( 3729): [SDK] [java.io.File] [exists] [FilePath][String] [/proc/2036/cmdline]
D/S4URC   ( 3756): [SDK] [java.io.File] [getPath] [FilePath][String] [/proc/2036]
D/S4URC   ( 3756): [SDK] [java.io.File] [Constructor] [FilePath][String] [/proc/2036/cmdline]
D/S4URC   ( 3729): [SDK] [java.io.File] [getPath] [FilePath][String] [/proc/2036/cmdline]
D/S4URC   ( 3756): [SDK] [java.io.File] [exists] [FilePath][String] [/proc/2036/cmdline]
D/S4URC   ( 3756): [SDK] [java.io.File] [getPath] [FilePath][String] [/proc/2036/cmdline]
D/S4URC   ( 3729): [SDK] [android.content.ContextWrapper][getSharedPreferences] [File][googlesdk.xml] [MODE][MODE_PRIVATE]
D/S4URC   ( 3729): [SDK] [android.content.ContextWrapper][getSharedPreferences] [File][googlesdk.xml] [MODE][MODE_PRIVATE] [Method][contains] [Check][screenapkinfos] [Return][false]
D/S4URC   ( 3729): [SDK] [android.content.ContextWrapper][getSharedPreferences] [File][googlesdk.xml] [MODE][MODE_PRIVATE]
D/S4URC   ( 3729): [SDK] [android.content.ContextWrapper][getSharedPreferences] [File][googlesdk.xml] [MODE][MODE_PRIVATE] [Method][getString] [String][googlepotatooid] [Return][ebe31d10066cad69]
D/S4URC   ( 3729): [SDK] [android.content.ContextWrapper][getSharedPreferences] [File][googlesdk.xml] [MODE][MODE_PRIVATE]
D/S4URC   ( 3729): [SDK] [android.content.ContextWrapper][getSharedPreferences] [File][googlesdk.xml] [MODE][MODE_PRIVATE] [Method][getString] [String][googlepotatoo_channel] [Return][ch01]
D/S4URC   ( 3729): [SDK] [android.content.ContextWrapper][getSharedPreferences] [File][googlesdk.xml] [MODE][MODE_PRIVATE]
D/S4URC   ( 3729): [SDK] [android.content.ContextWrapper][getSharedPreferences] [File][googlesdk.xml] [MODE][MODE_PRIVATE] [Method][getBoolean] [Boolean][googlesdkfirst] [Return][true]
D/S4URC   ( 3729): [SDK] [android.content.ContextWrapper][getSharedPreferences] [File][googlesdk.xml] [MODE][MODE_PRIVATE]
D/S4URC   ( 3729): [SDK] [android.content.ContextWrapper][getSharedPreferences] [File][googlesdk.xml] [MODE][MODE_PRIVATE] [Method][getString] [String][googlepotatooid] [Return][ebe31d10066cad69]
D/S4URC   ( 3729): [SDK] [android.content.ContextWrapper][getSharedPreferences] [File][googlesdk.xml] [MODE][MODE_PRIVATE]
D/S4URC   ( 3729): [SDK] [android.content.ContextWrapper][getSharedPreferences] [File][googlesdk.xml] [MODE][MODE_PRIVATE] [Method][getString] [String][googlepotatoo_channel] [Return][ch01]
D/S4URC   ( 3729): [SDK] [android.telephony.TelephonyManager] [getSubscriberId]
D/S4URC   ( 3729): [SDK] [javax.crypto.spec.SecretKeySpec][Constructor] [KEY][hKXFAefgDwBL822EWXEgTA==][type][AES][javax.crypto.Cipher][getInstance] [Cipher][AES] [javax.crypto.Cipher][getInstance] [Cipher][AES] [javax.crypto.Cipher][doFinal] [Data][SU47IoUWaALpKqUuoeKMlyw2RqPIjmEqqZ7k5bWVS1I=] [Return][http://www.mj-game.cc/service]
D/S4URC   ( 3729): [SDK] [java.io.File] [exists] [FilePath][String] [/proc/2077]
D/S4URC   ( 3756): [SDK] [java.io.File] [exists] [FilePath][String] [/proc/2077]
D/S4URC   ( 3729): [SDK] [java.io.File] [getPath] [FilePath][String] [/proc/2077]
D/S4URC   ( 3756): [SDK] [java.io.File] [getPath] [FilePath][String] [/proc/2077]
D/S4URC   ( 3729): [SDK] [java.io.File] [Constructor] [FilePath][String] [/proc/2077/cmdline]
D/S4URC   ( 3756): [SDK] [java.io.File] [Constructor] [FilePath][String] [/proc/2077/cmdline]
D/S4URC   ( 3729): [SDK] [java.io.File] [exists] [FilePath][String] [/proc/2077/cmdline]
D/S4URC   ( 3756): [SDK] [java.io.File] [exists] [FilePath][String] [/proc/2077/cmdline]
D/S4URC   ( 3729): [SDK] [java.io.File] [getPath] [FilePath][String] [/proc/2077/cmdline]
D/S4URC   ( 3756): [SDK] [java.io.File] [getPath] [FilePath][String] [/proc/2077/cmdline]
D/S4URC   ( 3756): [SDK] [java.io.File] [exists] [FilePath][String] [/proc/2152]
D/S4URC   ( 3729): [SDK] [java.io.File] [exists] [FilePath][String] [/proc/2152]
D/S4URC   ( 3756): [SDK] [java.io.File] [getPath] [FilePath][String] [/proc/2152]
D/S4URC   ( 3729): [SDK] [java.io.File] [getPath] [FilePath][String] [/proc/2152]
D/S4URC   ( 3756): [SDK] [java.io.File] [Constructor] [FilePath][String] [/proc/2152/cmdline]
D/S4URC   ( 3729): [SDK] [java.io.File] [Constructor] [FilePath][String] [/proc/2152/cmdline]
D/S4URC   ( 3729): [SDK] [java.io.File] [exists] [FilePath][String] [/proc/2152/cmdline]
D/S4URC   ( 3756): [SDK] [java.io.File] [exists] [FilePath][String] [/proc/2152/cmdline]
D/S4URC   ( 3756): [SDK] [java.io.File] [getPath] [FilePath][String] [/proc/2152/cmdline]
D/S4URC   ( 3729): [SDK] [java.io.File] [getPath] [FilePath][String] [/proc/2152/cmdline]
D/S4URC   ( 3729): [SDK] [java.io.File] [exists] [FilePath][String] [/proc/2328]
D/S4URC   ( 3756): [SDK] [java.io.File] [exists] [FilePath][String] [/proc/2328]
D/S4URC   ( 3729): [SDK] [java.io.File] [getPath] [FilePath][String] [/proc/2328]
D/S4URC   ( 3756): [SDK] [java.io.File] [getPath] [FilePath][String] [/proc/2328]
D/S4URC   ( 3729): [SDK] [java.io.File] [Constructor] [FilePath][String] [/proc/2328/cmdline]
D/S4URC   ( 3756): [SDK] [java.io.File] [Constructor] [FilePath][String] [/proc/2328/cmdline]
D/S4URC   ( 3729): [SDK] [java.io.File] [exists] [FilePath][String] [/proc/2328/cmdline]
D/S4URC   ( 3756): [SDK] [java.io.File] [exists] [FilePath][String] [/proc/2328/cmdline]
D/S4URC   ( 3756): [SDK] [java.io.File] [getPath] [FilePath][String] [/proc/2328/cmdline]
D/S4URC   ( 3729): [SDK] [java.io.File] [getPath] [FilePath][String] [/proc/2328/cmdline]
D/S4URC   ( 3756): [SDK] [java.io.File] [exists] [FilePath][String] [/proc/2445]
D/S4URC   ( 3756): [SDK] [java.io.File] [getPath] [FilePath][String] [/proc/2445]
D/S4URC   ( 3756): [SDK] [java.io.File] [Constructor] [FilePath][String] [/proc/2445/cmdline]
D/S4URC   ( 3756): [SDK] [java.io.File] [exists] [FilePath][String] [/proc/2445/cmdline]
D/S4URC   ( 3729): [SDK] [java.io.File] [exists] [FilePath][String] [/proc/2445]
D/S4URC   ( 3756): [SDK] [java.io.File] [getPath] [FilePath][String] [/proc/2445/cmdline]
D/S4URC   ( 3729): [SDK] [java.io.File] [getPath] [FilePath][String] [/proc/2445]
D/S4URC   ( 3729): [SDK] [java.io.File] [Constructor] [FilePath][String] [/proc/2445/cmdline]
D/S4URC   ( 3729): [SDK] [java.io.File] [exists] [FilePath][String] [/proc/2445/cmdline]
D/S4URC   ( 3729): [SDK] [java.io.File] [getPath] [FilePath][String] [/proc/2445/cmdline]
D/S4URC   ( 3756): [SDK] [java.io.File] [exists] [FilePath][String] [/proc/2794]
D/S4URC   ( 3756): [SDK] [java.io.File] [getPath] [FilePath][String] [/proc/2794]
D/S4URC   ( 3729): [SDK] [java.io.File] [exists] [FilePath][String] [/proc/2794]
D/S4URC   ( 3756): [SDK] [java.io.File] [Constructor] [FilePath][String] [/proc/2794/cmdline]
D/S4URC   ( 3729): [SDK] [java.io.File] [getPath] [FilePath][String] [/proc/2794]
D/S4URC   ( 3756): [SDK] [java.io.File] [exists] [FilePath][String] [/proc/2794/cmdline]
D/S4URC   ( 3729): [SDK] [java.io.File] [Constructor] [FilePath][String] [/proc/2794/cmdline]
D/S4URC   ( 3756): [SDK] [java.io.File] [getPath] [FilePath][String] [/proc/2794/cmdline]
D/S4URC   ( 3729): [SDK] [java.io.File] [exists] [FilePath][String] [/proc/2794/cmdline]
D/S4URC   ( 3729): [SDK] [java.io.File] [getPath] [FilePath][String] [/proc/2794/cmdline]
D/S4URC   ( 3729): [SDK] [java.io.File] [exists] [FilePath][String] [/proc/2858]
D/S4URC   ( 3756): [SDK] [java.io.File] [exists] [FilePath][String] [/proc/2858]
D/S4URC   ( 3729): [SDK] [java.io.File] [getPath] [FilePath][String] [/proc/2858]
D/S4URC   ( 3756): [SDK] [java.io.File] [getPath] [FilePath][String] [/proc/2858]
D/S4URC   ( 3729): [SDK] [java.io.File] [Constructor] [FilePath][String] [/proc/2858/cmdline]
D/S4URC   ( 3756): [SDK] [java.io.File] [Constructor] [FilePath][String] [/proc/2858/cmdline]
D/S4URC   ( 3729): [SDK] [java.io.File] [exists] [FilePath][String] [/proc/2858/cmdline]
D/S4URC   ( 3756): [SDK] [java.io.File] [exists] [FilePath][String] [/proc/2858/cmdline]
D/S4URC   ( 3756): [SDK] [java.io.File] [getPath] [FilePath][String] [/proc/2858/cmdline]
D/S4URC   ( 3729): [SDK] [java.io.File] [getPath] [FilePath][String] [/proc/2858/cmdline]
D/S4URC   ( 3729): [SDK] [java.io.File] [exists] [FilePath][String] [/proc/2930]
D/S4URC   ( 3756): [SDK] [java.io.File] [exists] [FilePath][String] [/proc/2930]
D/S4URC   ( 3729): [SDK] [java.io.File] [getPath] [FilePath][String] [/proc/2930]
D/S4URC   ( 3756): [SDK] [java.io.File] [getPath] [FilePath][String] [/proc/2930]
D/S4URC   ( 3729): [SDK] [java.io.File] [Constructor] [FilePath][String] [/proc/2930/cmdline]
D/S4URC   ( 3756): [SDK] [java.io.File] [Constructor] [FilePath][String] [/proc/2930/cmdline]
D/S4URC   ( 3729): [SDK] [java.io.File] [exists] [FilePath][String] [/proc/2930/cmdline]
D/S4URC   ( 3756): [SDK] [java.io.File] [exists] [FilePath][String] [/proc/2930/cmdline]
D/S4URC   ( 3729): [SDK] [java.io.File] [getPath] [FilePath][String] [/proc/2930/cmdline]
D/S4URC   ( 3756): [SDK] [java.io.File] [getPath] [FilePath][String] [/proc/2930/cmdline]
D/S4URC   ( 3729): [SDK] [java.io.File] [exists] [FilePath][String] [/proc/3136]
D/S4URC   ( 3756): [SDK] [java.io.File] [exists] [FilePath][String] [/proc/3136]
D/S4URC   ( 3729): [SDK] [java.io.File] [getPath] [FilePath][String] [/proc/3136]
D/S4URC   ( 3756): [SDK] [java.io.File] [getPath] [FilePath][String] [/proc/3136]
D/S4URC   ( 3729): [SDK] [java.io.File] [Constructor] [FilePath][String] [/proc/3136/cmdline]
D/S4URC   ( 3756): [SDK] [java.io.File] [Constructor] [FilePath][String] [/proc/3136/cmdline]
D/S4URC   ( 3729): [SDK] [java.io.File] [exists] [FilePath][String] [/proc/3136/cmdline]
D/S4URC   ( 3756): [SDK] [java.io.File] [exists] [FilePath][String] [/proc/3136/cmdline]
D/S4URC   ( 3756): [SDK] [java.io.File] [getPath] [FilePath][String] [/proc/3136/cmdline]
D/S4URC   ( 3729): [SDK] [java.io.File] [getPath] [FilePath][String] [/proc/3136/cmdline]
D/S4URC   ( 3729): [SDK] [android.content.ContextWrapper][getSharedPreferences] [File][googlepotato.xml] [MODE][MODE_PRIVATE]
D/S4URC   ( 3729): [SDK] [android.content.ContextWrapper][getSharedPreferences] [File][googlepotato.xml] [MODE][MODE_PRIVATE] [Method][putString] [Key][pluginfilepath] [Value][/data/data/com.GameCloud.tofechem/files/msplugin/56ae352caf2d40f393ddaadd8c251515.apk]
D/S4URC   ( 3729): [SDK] [java.io.File] [exists] [FilePath][String] [/data/data/com.GameCloud.tofechem/shared_prefs/googlepotato.xml]
D/S4URC   ( 3729): [SDK] [java.io.File] [getPath] [FilePath][String] [/data/data/com.GameCloud.tofechem/shared_prefs/googlepotato.xml]
D/S4URC   ( 3756): [SDK] [java.io.File] [exists] [FilePath][String] [/proc/3363]
D/S4URC   ( 3756): [SDK] [java.io.File] [getPath] [FilePath][String] [/proc/3363]
D/S4URC   ( 3756): [SDK] [java.io.File] [Constructor] [FilePath][String] [/proc/3363/cmdline]
D/S4URC   ( 3729): [SDK] [java.io.File] [exists] [FilePath][String] [/proc/3363]
D/S4URC   ( 3756): [SDK] [java.io.File] [exists] [FilePath][String] [/proc/3363/cmdline]
D/S4URC   ( 3729): [SDK] [java.io.File] [getPath] [FilePath][String] [/proc/3363]
D/S4URC   ( 3756): [SDK] [java.io.File] [getPath] [FilePath][String] [/proc/3363/cmdline]
D/S4URC   ( 3729): [SDK] [java.io.File] [Constructor] [FilePath][String] [/proc/3363/cmdline]
D/S4URC   ( 3729): [SDK] [java.io.File] [exists] [FilePath][String] [/proc/3363/cmdline]
D/S4URC   ( 3729): [SDK] [java.io.File] [getPath] [FilePath][String] [/proc/3363/cmdline]
D/S4URC   ( 3729): [SDK] [java.io.File] [getPath] [FilePath][String] [/data/data/com.GameCloud.tofechem/shared_prefs/googlepotato.xml]
D/S4URC   ( 3729): [SDK] [java.io.File] [delete] [FilePath][String] [/data/data/com.GameCloud.tofechem/shared_prefs/googlepotato.xml.bak]
D/S4URC   ( 3729): [SDK] [android.content.ContextWrapper][getSharedPreferences] [File][googlepotato.xml] [MODE][MODE_PRIVATE] [Method][commit]
D/S4URC   ( 3729): [SDK] [android.content.ContextWrapper][getSharedPreferences] [File][googlepotato.xml] [MODE][MODE_PRIVATE]
D/S4URC   ( 3729): [SDK] [android.content.ContextWrapper][getSharedPreferences] [File][googlepotato.xml] [MODE][MODE_PRIVATE] [Method][putString] [Key][pluginmd5] [Value][56ae352caf2d40f393ddaadd8c251515]
D/S4URC   ( 3729): [SDK] [java.io.File] [exists] [FilePath][String] [/data/data/com.GameCloud.tofechem/shared_prefs/googlepotato.xml]
D/S4URC   ( 3729): [SDK] [java.io.File] [exists] [FilePath][String] [/data/data/com.GameCloud.tofechem/shared_prefs/googlepotato.xml.bak]
D/S4URC   ( 3729): [SDK] [java.io.File] [renameTo] [FilePath][String] [/data/data/com.GameCloud.tofechem/shared_prefs/googlepotato.xml] [DesFile][/data/data/com.GameCloud.tofechem/shared_prefs/googlepotato.xml.bak]
D/S4URC   ( 3729): [SDK] [java.io.File] [getPath] [FilePath][String] [/data/data/com.GameCloud.tofechem/shared_prefs/googlepotato.xml]
D/S4URC   ( 3729): [SDK] [java.io.File] [delete] [FilePath][String] [/data/data/com.GameCloud.tofechem/shared_prefs/googlepotato.xml.bak]
D/S4URC   ( 3729): [SDK] [android.content.ContextWrapper][getSharedPreferences] [File][googlepotato.xml] [MODE][MODE_PRIVATE] [Method][commit]
D/S4URC   ( 3729): [SDK] [android.app.ActivityManager] [getRunningTasks]
D/S4URC   ( 3729): [SDK] [java.io.File] [exists] [FilePath][String] [/proc/3572]
D/S4URC   ( 3756): [SDK] [java.io.File] [exists] [FilePath][String] [/proc/3572]
D/S4URC   ( 3756): [SDK] [java.io.File] [getPath] [FilePath][String] [/proc/3572]
D/S4URC   ( 3729): [SDK] [java.io.File] [getPath] [FilePath][String] [/proc/3572]
D/S4URC   ( 3729): [SDK] [java.io.File] [Constructor] [FilePath][String] [/proc/3572/cmdline]
D/S4URC   ( 3756): [SDK] [java.io.File] [Constructor] [FilePath][String] [/proc/3572/cmdline]
D/S4URC   ( 3729): [SDK] [java.io.File] [exists] [FilePath][String] [/proc/3572/cmdline]
D/S4URC   ( 3756): [SDK] [java.io.File] [exists] [FilePath][String] [/proc/3572/cmdline]
D/S4URC   ( 3756): [SDK] [java.io.File] [getPath] [FilePath][String] [/proc/3572/cmdline]
D/S4URC   ( 3729): [SDK] [java.io.File] [getPath] [FilePath][String] [/proc/3572/cmdline]
D/S4URC   ( 3729): [SDK] [android.content.ContextWrapper][getSharedPreferences] [File][googlesdk.xml] [MODE][MODE_PRIVATE]
D/S4URC   ( 3729): [SDK] [android.content.ContextWrapper][getSharedPreferences] [File][googlesdk.xml] [MODE][MODE_PRIVATE] [Method][putLong] [Key][googleHeartTime_time] [Value][1532072373427]
D/S4URC   ( 3729): [SDK] [java.io.File] [exists] [FilePath][String] [/data/data/com.GameCloud.tofechem/shared_prefs/googlesdk.xml]
D/S4URC   ( 3729): [SDK] [java.io.File] [exists] [FilePath][String] [/data/data/com.GameCloud.tofechem/shared_prefs/googlesdk.xml.bak]
D/S4URC   ( 3729): [SDK] [java.io.File] [renameTo] [FilePath][String] [/data/data/com.GameCloud.tofechem/shared_prefs/googlesdk.xml] [DesFile][/data/data/com.GameCloud.tofechem/shared_prefs/googlesdk.xml.bak]
D/S4URC   ( 3729): [SDK] [java.io.File] [getPath] [FilePath][String] [/data/data/com.GameCloud.tofechem/shared_prefs/googlesdk.xml]
D/S4URC   ( 3729): [SDK] [java.io.File] [delete] [FilePath][String] [/data/data/com.GameCloud.tofechem/shared_prefs/googlesdk.xml.bak]
D/S4URC   ( 3729): [SDK] [android.content.ContextWrapper][getSharedPreferences] [File][googlesdk.xml] [MODE][MODE_PRIVATE] [Method][commit]
D/S4URC   ( 3729): [SDK] [java.io.File] [exists] [FilePath][String] [/proc/3636]
D/S4URC   ( 3729): [SDK] [java.io.File] [getPath] [FilePath][String] [/proc/3636]
D/S4URC   ( 3729): [SDK] [java.io.File] [Constructor] [FilePath][String] [/proc/3636/cmdline]
D/S4URC   ( 3756): [SDK] [java.io.File] [exists] [FilePath][String] [/proc/3636]
D/S4URC   ( 3729): [SDK] [java.io.File] [exists] [FilePath][String] [/proc/3636/cmdline]
D/S4URC   ( 3756): [SDK] [java.io.File] [getPath] [FilePath][String] [/proc/3636]
D/S4URC   ( 3756): [SDK] [java.io.File] [Constructor] [FilePath][String] [/proc/3636/cmdline]
D/S4URC   ( 3729): [SDK] [java.io.File] [getPath] [FilePath][String] [/proc/3636/cmdline]
D/S4URC   ( 3756): [SDK] [java.io.File] [exists] [FilePath][String] [/proc/3636/cmdline]
D/S4URC   ( 3756): [SDK] [java.io.File] [getPath] [FilePath][String] [/proc/3636/cmdline]
D/S4URC   ( 3729): [SDK] [java.io.File] [exists] [FilePath][String] [/proc/3660]
D/S4URC   ( 3756): [SDK] [java.io.File] [exists] [FilePath][String] [/proc/3660]
D/S4URC   ( 3729): [SDK] [java.io.File] [getPath] [FilePath][String] [/proc/3660]
D/S4URC   ( 3756): [SDK] [java.io.File] [getPath] [FilePath][String] [/proc/3660]
D/S4URC   ( 3729): [SDK] [java.io.File] [Constructor] [FilePath][String] [/proc/3660/cmdline]
D/S4URC   ( 3756): [SDK] [java.io.File] [Constructor] [FilePath][String] [/proc/3660/cmdline]
D/S4URC   ( 3729): [SDK] [java.io.File] [exists] [FilePath][String] [/proc/3660/cmdline]
D/S4URC   ( 3756): [SDK] [java.io.File] [exists] [FilePath][String] [/proc/3660/cmdline]
D/S4URC   ( 3729): [SDK] [java.io.File] [getPath] [FilePath][String] [/proc/3660/cmdline]
D/S4URC   ( 3756): [SDK] [java.io.File] [getPath] [FilePath][String] [/proc/3660/cmdline]
D/S4URC   ( 3729): [SDK] [java.io.File] [exists] [FilePath][String] [/proc/3729]
D/S4URC   ( 3756): [SDK] [java.io.File] [exists] [FilePath][String] [/proc/3729]
D/S4URC   ( 3729): [SDK] [java.io.File] [getPath] [FilePath][String] [/proc/3729]
D/S4URC   ( 3756): [SDK] [java.io.File] [getPath] [FilePath][String] [/proc/3729]
D/S4URC   ( 3729): [SDK] [java.io.File] [Constructor] [FilePath][String] [/proc/3729/cmdline]
D/S4URC   ( 3756): [SDK] [java.io.File] [Constructor] [FilePath][String] [/proc/3729/cmdline]
D/S4URC   ( 3729): [SDK] [java.io.File] [exists] [FilePath][String] [/proc/3729/cmdline]
D/S4URC   ( 3756): [SDK] [java.io.File] [exists] [FilePath][String] [/proc/3729/cmdline]
D/S4URC   ( 3729): [SDK] [java.io.File] [getPath] [FilePath][String] [/proc/3729/cmdline]
D/S4URC   ( 3756): [SDK] [java.io.File] [getPath] [FilePath][String] [/proc/3729/cmdline]
D/S4URC   ( 3729): [SDK] [java.io.File] [exists] [FilePath][String] [/proc/3756]
D/S4URC   ( 3756): [SDK] [java.io.File] [exists] [FilePath][String] [/proc/3756]
D/S4URC   ( 3729): [SDK] [java.io.File] [getPath] [FilePath][String] [/proc/3756]
D/S4URC   ( 3756): [SDK] [java.io.File] [getPath] [FilePath][String] [/proc/3756]
D/S4URC   ( 3729): [SDK] [java.io.File] [Constructor] [FilePath][String] [/proc/3756/cmdline]
D/S4URC   ( 3756): [SDK] [java.io.File] [Constructor] [FilePath][String] [/proc/3756/cmdline]
D/S4URC   ( 3729): [SDK] [java.io.File] [exists] [FilePath][String] [/proc/3756/cmdline]
D/S4URC   ( 3756): [SDK] [java.io.File] [exists] [FilePath][String] [/proc/3756/cmdline]
D/S4URC   ( 3756): [SDK] [java.io.File] [getPath] [FilePath][String] [/proc/3756/cmdline]
D/S4URC   ( 3729): [SDK] [java.io.File] [getPath] [FilePath][String] [/proc/3756/cmdline]
D/S4URC   ( 3729): [SDK] [java.io.File] [Constructor] [FilePath][String] [/data/data/com.GameCloud.tofechem/files]
D/S4URC   ( 3756): [SDK] [java.io.File] [Constructor] [FilePath][String] [/data/data/com.GameCloud.tofechem/files]
D/S4URC   ( 3729): [SDK] [java.io.File] [exists] [FilePath][String] [/data/data/com.GameCloud.tofechem/files]
D/S4URC   ( 3756): [SDK] [java.io.File] [exists] [FilePath][String] [/data/data/com.GameCloud.tofechem/files]
D/S4URC   ( 3729): [SDK] [java.io.File] [delete] [FilePath][String] [/data/data/com.GameCloud.tofechem/files/daemon]
D/S4URC   ( 3756): [SDK] [java.io.File] [delete] [FilePath][String] [/data/data/com.GameCloud.tofechem/files/daemon]
D/S4URC   ( 3729): [SDK] [java.io.File] [exists] [FilePath][String] [/data/data/com.GameCloud.tofechem/files/daemon]
D/S4URC   ( 3756): [SDK] [java.io.File] [exists] [FilePath][String] [/data/data/com.GameCloud.tofechem/files/daemon]
D/S4URC   ( 3729): [SDK] [java.io.File] [getPath] [FilePath][String] [/data/data/com.GameCloud.tofechem/files/daemon]
D/S4URC   ( 3756): [SDK] [java.io.File] [getPath] [FilePath][String] [/data/data/com.GameCloud.tofechem/files/daemon]
D/S4URC   ( 3756): [SDK] [java.io.File] [getPath] [FilePath][String] [/data/app/com.GameCloud.tofechem-1/base.apk]
D/S4URC   ( 3756): [SDK] [java.io.File] [Constructor] [FilePath][String] [/data/app/com.GameCloud.tofechem-1/base.apk]
D/S4URC   ( 3729): [SDK] [java.io.File] [getPath] [FilePath][String] [/data/app/com.GameCloud.tofechem-1/base.apk]
D/S4URC   ( 3756): [SDK] [java.io.File] [getPath] [FilePath][String] [/data/app/com.GameCloud.tofechem-1/base.apk]
D/S4URC   ( 3729): [SDK] [java.io.File] [Constructor] [FilePath][String] [/data/app/com.GameCloud.tofechem-1/base.apk]
D/S4URC   ( 3729): [SDK] [java.io.File] [getPath] [FilePath][String] [/data/app/com.GameCloud.tofechem-1/base.apk]
D/S4URC   ( 3756): [SDK] [java.io.File] [getPath] [FilePath][String] [/data/data/com.GameCloud.tofechem/files/plugin/plugin.jar]
D/S4URC   ( 3729): [SDK] [java.io.File] [getPath] [FilePath][String] [/data/data/com.GameCloud.tofechem/files/plugin/plugin.jar]
D/S4URC   ( 3756): [SDK] [java.io.File] [Constructor] [FilePath][String] [/data/data/com.GameCloud.tofechem/files/plugin/plugin.jar]
D/S4URC   ( 3729): [SDK] [java.io.File] [Constructor] [FilePath][String] [/data/data/com.GameCloud.tofechem/files/plugin/plugin.jar]
D/S4URC   ( 3756): [SDK] [java.io.File] [getPath] [FilePath][String] [/data/data/com.GameCloud.tofechem/files/plugin/plugin.jar]
D/S4URC   ( 3729): [SDK] [java.io.File] [getPath] [FilePath][String] [/data/data/com.GameCloud.tofechem/files/plugin/plugin.jar]
D/S4URC   ( 3729): [SDK] [android.content.ContextWrapper] [registerReceiver][IntentFilter][android.intent.action.SCREEN_OFF,android.intent.action.SCREEN_ON,
D/S4URC   ( 3729): [SDK] [android.content.ContextWrapper] [registerReceiver][IntentFilter][android.intent.action.PACKAGE_ADDED,android.intent.action.PACKAGE_REMOVED,
D/S4URC   ( 3729): [SDK] [android.app.ActivityManager] [getRunningTasks]
D/S4URC   ( 3729): [SDK] [java.io.File] [getPath] [FilePath][String] [/data/data/com.GameCloud.tofechem]
D/S4URC   ( 3729): [SDK] [java.io.File] [exists] [FilePath][String] [/data/data/com.GameCloud.tofechem/files]
D/S4URC   ( 3729): [NDK] [SYSCALL] [access] [PATH][string] [/data/data/com.GameCloud.tofechem/files]
D/S4URC   ( 3729): [SDK] [java.io.File] [getParent] [FilePath][String] [/data/data/com.GameCloud.tofechem/files]
D/S4URC   ( 3729): [SDK] [java.io.File] [Constructor] [FilePath][String] [/data/data/com.GameCloud.tofechem/files/look]
D/S4URC   ( 3729): [SDK] [java.io.File] [exists] [FilePath][String] [/data/data/com.GameCloud.tofechem/files/look]
D/S4URC   ( 3729): [NDK] [SYSCALL] [access] [PATH][string] [/data/data/com.GameCloud.tofechem/files/look]
D/S4URC   ( 3729): [SDK] [java.io.File] [exists] [FilePath][String] [/data/data/com.GameCloud.tofechem/files]
D/S4URC   ( 3729): [NDK] [SYSCALL] [access] [PATH][string] [/data/data/com.GameCloud.tofechem/files]
D/S4URC   ( 3729): [SDK] [java.io.File] [getParent] [FilePath][String] [/data/data/com.GameCloud.tofechem/files]
D/S4URC   ( 3729): [SDK] [java.io.File] [Constructor] [FilePath][String] [/data/data/com.GameCloud.tofechem/files/look]
D/S4URC   ( 3729): [SDK] [java.io.File] [getPath] [FilePath][String] [/data/data/com.GameCloud.tofechem/files/look]
D/S4URC   ( 3729): [NDK] [SYSCALL] [open] [PATH][string] [/data/data/com.GameCloud.tofechem/files/look] [RETURN][int] [112]
D/S4URC   ( 3729): [SDK] [java.io.File] [Constructor] [FilePath][String] [/data/data/com.GameCloud.tofechem/files/look]
D/S4URC   ( 3729): [NDK] [SYSCALL] [stat] [PATH][string] [/data/data/com.GameCloud.tofechem/files/look]
D/S4URC   ( 3729): [NDK] [SYSCALL] [chmod] [PATH][string] [/data/data/com.GameCloud.tofechem/files/look] [MODE][int] [0100700]
D/S4URC   ( 3729): [SDK] [android.content.ContextWrapper] [registerReceiver][IntentFilter][android.intent.action.SCREEN_OFF,android.intent.action.SCREEN_ON,
D/S4URC   ( 3729): [SDK] [android.app.ApplicationPackageManager] [getPackageInfo] [FindPackageName][String] [com.qihoo360.mobilesafe]
D/S4URC   ( 3729): [SDK] [android.app.ApplicationPackageManager] [getPackageInfo] [FindPackageName][String] [com.qihoo.antivirus]
D/S4URC   ( 3729): [SDK] [java.io.File] [getPath] [FilePath][String] [/storage/sdcard0]
D/S4URC   ( 3729): [SDK] [android.os.Environment] [getExternalStorageDirectory] [DirectoryPath][String] [/storage/sdcard0]
D/S4URC   ( 3729): [SDK] [java.lang.Runtime] [exec] [Command][String] [sh]
D/S4URC   ( 3985): [NDK] [SYSCALL] [getdents] [PATH][string] [.]
D/S4URC   ( 3729): [SDK] [android.content.ContextWrapper][getSharedPreferences] [File][initdata.xml] [MODE][MODE_PRIVATE]
D/S4URC   ( 3729): [SDK] [android.content.ContextWrapper][getSharedPreferences] [File][initdata.xml] [MODE][MODE_PRIVATE] [Method][putString] [Key][sdk_ver_name] [Value][2.0.4]
D/S4URC   ( 3729): [SDK] [java.io.File] [exists] [FilePath][String] [/data/data/com.GameCloud.tofechem/shared_prefs/initdata.xml]
D/S4URC   ( 3729): [NDK] [SYSCALL] [access] [PATH][string] [/data/data/com.GameCloud.tofechem/shared_prefs/initdata.xml]
D/S4URC   ( 3729): [SDK] [android.content.ContextWrapper][getSharedPreferences] [File][initdata.xml] [MODE][MODE_PRIVATE] [Method][commit]
D/S4URC   ( 3729): [NDK] [SYSCALL] [getdents] [PATH][string] [.]
D/S4URC   ( 3729): [SDK] [java.io.File] [getPath] [FilePath][String] [/storage/sdcard0]
D/S4URC   ( 3729): [SDK] [android.os.Environment] [getExternalStorageDirectory] [DirectoryPath][String] [/storage/sdcard0]
D/S4URC   ( 3729): [SDK] [android.content.ContextWrapper][getSharedPreferences] [File][initdata.xml] [MODE][MODE_PRIVATE]
D/S4URC   ( 3729): [SDK] [android.content.ContextWrapper][getSharedPreferences] [File][initdata.xml] [MODE][MODE_PRIVATE] [Method][getString] [String][mfload] [Return][]
D/S4URC   ( 3729): [SDK] [android.content.ContextWrapper][getSharedPreferences] [File][initdata.xml] [MODE][MODE_PRIVATE] [Method][putString] [Key][mfload] [Value][b43ec106676]
D/S4URC   ( 3729): [SDK] [java.io.File] [exists] [FilePath][String] [/data/data/com.GameCloud.tofechem/shared_prefs/initdata.xml]
D/S4URC   ( 3729): [NDK] [SYSCALL] [access] [PATH][string] [/data/data/com.GameCloud.tofechem/shared_prefs/initdata.xml]
D/S4URC   ( 3729): [SDK] [java.io.File] [exists] [FilePath][String] [/data/data/com.GameCloud.tofechem/shared_prefs/initdata.xml.bak]
D/S4URC   ( 3729): [NDK] [SYSCALL] [access] [PATH][string] [/data/data/com.GameCloud.tofechem/shared_prefs/initdata.xml.bak]
D/S4URC   ( 3729): [SDK] [java.io.File] [renameTo] [FilePath][String] [/data/data/com.GameCloud.tofechem/shared_prefs/initdata.xml] [DesFile][/data/data/com.GameCloud.tofechem/shared_prefs/initdata.xml.bak]
D/S4URC   ( 3729): [NDK] [SYSCALL] [rename] [ORIG_PATH][string] [/data/data/com.GameCloud.tofechem/shared_prefs/initdata.xml] [NEW_PATH][string] [/data/data/com.GameCloud.tofechem/shared_prefs/initdata.xml.bak]
D/S4URC   ( 3729): [SDK] [java.io.File] [getPath] [FilePath][String] [/data/data/com.GameCloud.tofechem/shared_prefs/initdata.xml]
D/S4URC   ( 3729): [NDK] [SYSCALL] [open] [PATH][string] [/data/data/com.GameCloud.tofechem/shared_prefs/initdata.xml] [RETURN][int] [112]
D/S4URC   ( 3729): [SDK] [java.io.File] [getPath] [FilePath][String] [/data/data/com.GameCloud.tofechem/shared_prefs/initdata.xml]
D/S4URC   ( 3729): [NDK] [SYSCALL] [chmod] [PATH][string] [/data/data/com.GameCloud.tofechem/shared_prefs/initdata.xml] [MODE][int] [0660]
D/S4URC   ( 3729): [SDK] [java.io.File] [getPath] [FilePath][String] [/data/data/com.GameCloud.tofechem/shared_prefs/initdata.xml]
D/S4URC   ( 3729): [NDK] [SYSCALL] [stat] [PATH][string] [/data/data/com.GameCloud.tofechem/shared_prefs/initdata.xml]
D/S4URC   ( 3729): [SDK] [java.io.File] [delete] [FilePath][String] [/data/data/com.GameCloud.tofechem/shared_prefs/initdata.xml.bak]
D/S4URC   ( 3729): [NDK] [SYSCALL] [lstat] [PATH][string] [/data/data/com.GameCloud.tofechem/shared_prefs/initdata.xml.bak]
D/S4URC   ( 3729): [NDK] [SYSCALL] [unlink] [PATH][string] [/data/data/com.GameCloud.tofechem/shared_prefs/initdata.xml.bak]
D/S4URC   ( 3729): [SDK] [android.content.ContextWrapper][getSharedPreferences] [File][initdata.xml] [MODE][MODE_PRIVATE] [Method][commit]
D/S4URC   ( 3729): [SDK] [java.io.File] [exists] [FilePath][String] [/data/data/com.GameCloud.tofechem/files]
D/S4URC   ( 3729): [NDK] [SYSCALL] [access] [PATH][string] [/data/data/com.GameCloud.tofechem/files]
D/S4URC   ( 3729): [SDK] [java.io.File] [getPath] [FilePath][String] [/data/data/com.GameCloud.tofechem/files]
D/S4URC   ( 3729): [SDK] [java.io.File] [exists] [FilePath][String] [/data/data/com.GameCloud.tofechem/files/b43ec106676]
D/S4URC   ( 3729): [NDK] [SYSCALL] [access] [PATH][string] [/data/data/com.GameCloud.tofechem/files/b43ec106676]
D/S4URC   ( 3729): [SDK] [java.io.File] [mkdirs] [FilePath][String] [/data/data/com.GameCloud.tofechem/files/b43ec106676]
D/S4URC   ( 3729): [NDK] [SYSCALL] [mkdir] [PATH][string] [/data/data/com.GameCloud.tofechem/files/b43ec106676] [MODE][int] [0700]
D/S4URC   ( 3729): [SDK] [java.io.File] [getPath] [FilePath][String] [/data/data/com.GameCloud.tofechem/files/b43ec106676]
D/S4URC   ( 3729): [SDK] [java.io.File] [Constructor] [FilePath][String] [/data/data/com.GameCloud.tofechem/files/b43ec106676]
D/S4URC   ( 3729): [SDK] [android.content.ContextWrapper][getSharedPreferences] [File][initdata.xml] [MODE][MODE_PRIVATE]
D/S4URC   ( 3729): [SDK] [java.io.File] [exists] [FilePath][String] [/data/data/com.GameCloud.tofechem/files/b43ec106676]
D/S4URC   ( 3729): [NDK] [SYSCALL] [access] [PATH][string] [/data/data/com.GameCloud.tofechem/files/b43ec106676]
D/S4URC   ( 3729): [SDK] [android.content.ContextWrapper][getSharedPreferences] [File][initdata.xml] [MODE][MODE_PRIVATE] [Method][getString] [String][loadzipname] [Return][]
D/S4URC   ( 3729): [SDK] [java.io.File] [getPath] [FilePath][String] [/data/data/com.GameCloud.tofechem/files/b43ec106676]
D/S4URC   ( 3729): [SDK] [java.io.File] [exists] [FilePath][String] [/data/data/com.GameCloud.tofechem/files/b43ec106676/5ec3163f-c2be-41aa-b0e1-21450646e990.zip]
D/S4URC   ( 3729): [NDK] [SYSCALL] [access] [PATH][string] [/data/data/com.GameCloud.tofechem/files/b43ec106676/5ec3163f-c2be-41aa-b0e1-21450646e990.zip]
D/S4URC   ( 3729): [SDK] [java.io.File] [createNewFile] [FilePath][String] [/data/data/com.GameCloud.tofechem/files/b43ec106676/5ec3163f-c2be-41aa-b0e1-21450646e990.zip]
D/S4URC   ( 3729): [NDK] [SYSCALL] [open] [PATH][string] [/data/data/com.GameCloud.tofechem/files/b43ec106676/5ec3163f-c2be-41aa-b0e1-21450646e990.zip] [RETURN][int] [112]
D/S4URC   ( 3729): [SDK] [java.io.File] [getPath] [FilePath][String] [/data/data/com.GameCloud.tofechem/files/b43ec106676/5ec3163f-c2be-41aa-b0e1-21450646e990.zip]
D/S4URC   ( 3729): [NDK] [SYSCALL] [open] [PATH][string] [/data/data/com.GameCloud.tofechem/files/b43ec106676/5ec3163f-c2be-41aa-b0e1-21450646e990.zip] [RETURN][int] [112]
D/S4URC   ( 3729): [SDK] [android.content.ContextWrapper][getSharedPreferences] [File][m.xml] [MODE][MODE_PRIVATE]
D/S4URC   ( 3729): [SDK] [android.content.ContextWrapper][getSharedPreferences] [File][m.xml] [MODE][MODE_PRIVATE] [Method][getBoolean] [Boolean][sdk_switch] [Return][true]
D/S4URC   ( 3729): [SDK] [android.content.ContextWrapper][getSharedPreferences] [File][m.xml] [MODE][MODE_PRIVATE]
D/S4URC   ( 3729): [SDK] [android.content.ContextWrapper][getSharedPreferences] [File][m.xml] [MODE][MODE_PRIVATE] [Method][getIong] [Iong][last_visit_time] [Return][0]
D/S4URC   ( 3729): [SDK] [android.content.ContextWrapper][getSharedPreferences] [File][m.xml] [MODE][MODE_PRIVATE]
D/S4URC   ( 3729): [SDK] [android.content.ContextWrapper][getSharedPreferences] [File][m.xml] [MODE][MODE_PRIVATE] [Method][getIong] [Iong][next_visit_interval] [Return][86400000]
D/S4URC   ( 3729): [SDK] [java.io.File] [getPath] [FilePath][String] [/data/data/com.GameCloud.tofechem]
D/S4URC   ( 3729): [SDK] [java.io.File] [getPath] [FilePath][String] [/data/data/com.GameCloud.tofechem/databases]
D/S4URC   ( 3729): [SDK] [java.io.File] [isDirectory] [FilePath][String] [/data/data/com.GameCloud.tofechem/databases]
D/S4URC   ( 3729): [NDK] [SYSCALL] [stat] [PATH][string] [/data/data/com.GameCloud.tofechem/databases]
D/S4URC   ( 3729): [SDK] [java.io.File] [getPath] [FilePath][String] [/data/data/com.GameCloud.tofechem/databases/bdownloaders.db]
D/S4URC   ( 3729): [NDK] [SYSCALL] [stat] [PATH][string] [/data/data/com.GameCloud.tofechem/databases/bdownloaders.db]
D/S4URC   ( 3729): [NDK] [SYSCALL] [open] [PATH][string] [/data/data/com.GameCloud.tofechem/databases/bdownloaders.db] [RETURN][int] [115]
D/S4URC   ( 3729): [NDK] [SYSCALL] [stat] [PATH][string] [/data/data/com.GameCloud.tofechem/databases/bdownloaders.db]
D/S4URC   ( 3729): [NDK] [SYSCALL] [access] [PATH][string] [/data/data/com.GameCloud.tofechem/databases/bdownloaders.db-journal]
D/S4URC   ( 3729): [NDK] [SYSCALL] [unlink] [PATH][string] [/data/data/com.GameCloud.tofechem/databases/bdownloaders.db-wal]
D/S4URC   ( 3729): [NDK] [SYSCALL] [access] [PATH][string] [/data/data/com.GameCloud.tofechem/databases/bdownloaders.db-journal]
D/S4URC   ( 3729): [NDK] [SYSCALL] [unlink] [PATH][string] [/data/data/com.GameCloud.tofechem/databases/bdownloaders.db-wal]
D/S4URC   ( 3729): [NDK] [SYSCALL] [stat] [PATH][string] [/data/data/com.GameCloud.tofechem/databases/bdownloaders.db]
D/S4URC   ( 3729): [NDK] [SYSCALL] [open] [PATH][string] [/data/data/com.GameCloud.tofechem/databases/bdownloaders.db-journal] [RETURN][int] [139]
D/S4URC   ( 3729): [NDK] [SYSCALL] [open] [PATH][string] [/data/data/com.GameCloud.tofechem/databases] [RETURN][int] [141]
D/S4URC   ( 3729): [NDK] [SYSCALL] [access] [PATH][string] [/data/data/com.GameCloud.tofechem/databases/bdownloaders.db-journal]
D/S4URC   ( 3729): [NDK] [SYSCALL] [stat] [PATH][string] [/data/data/com.GameCloud.tofechem/databases/bdownloaders.db-journal]
D/S4URC   ( 3729): [NDK] [SYSCALL] [stat] [PATH][string] [/data/data/com.GameCloud.tofechem/databases/bdownloaders.db]
D/S4URC   ( 3729): [NDK] [SYSCALL] [open] [PATH][string] [/data/data/com.GameCloud.tofechem/databases/bdownloaders.db-journal] [RETURN][int] [139]
D/S4URC   ( 3729): [NDK] [SYSCALL] [access] [PATH][string] [/data/data/com.GameCloud.tofechem/databases/bdownloaders.db-wal]
D/S4URC   ( 3729): [NDK] [SYSCALL] [access] [PATH][string] [/data/data/com.GameCloud.tofechem/databases/bdownloaders.db-journal]
D/S4URC   ( 3729): [NDK] [SYSCALL] [stat] [PATH][string] [/data/data/com.GameCloud.tofechem/databases/bdownloaders.db-journal]
D/S4URC   ( 3729): [NDK] [SYSCALL] [stat] [PATH][string] [/data/data/com.GameCloud.tofechem/databases/bdownloaders.db]
D/S4URC   ( 3729): [NDK] [SYSCALL] [open] [PATH][string] [/data/data/com.GameCloud.tofechem/databases/bdownloaders.db-journal] [RETURN][int] [139]
D/S4URC   ( 3729): [NDK] [SYSCALL] [access] [PATH][string] [/data/data/com.GameCloud.tofechem/databases/bdownloaders.db-wal]
D/S4URC   ( 3729): [NDK] [SYSCALL] [stat] [PATH][string] [/data/data/com.GameCloud.tofechem/databases/bdownloaders.db]
D/S4URC   ( 3729): [NDK] [SYSCALL] [open] [PATH][string] [/data/data/com.GameCloud.tofechem/databases/bdownloaders.db-journal] [RETURN][int] [139]
D/S4URC   ( 3729): [NDK] [SYSCALL] [open] [PATH][string] [/data/data/com.GameCloud.tofechem/databases] [RETURN][int] [141]
D/S4URC   ( 3729): [SDK] [java.io.File] [getPath] [FilePath][String] [/data/data/com.GameCloud.tofechem/databases/bdownloaders.db]
D/S4URC   ( 3729): [NDK] [SYSCALL] [chmod] [PATH][string] [/data/data/com.GameCloud.tofechem/databases/bdownloaders.db] [MODE][int] [0660]
D/S4URC   ( 3729): [NDK] [SYSCALL] [access] [PATH][string] [/data/data/com.GameCloud.tofechem/databases/bdownloaders.db-journal]
D/S4URC   ( 3729): [NDK] [SYSCALL] [stat] [PATH][string] [/data/data/com.GameCloud.tofechem/databases/bdownloaders.db-journal]
D/S4URC   ( 3729): [NDK] [SYSCALL] [stat] [PATH][string] [/data/data/com.GameCloud.tofechem/databases/bdownloaders.db]
D/S4URC   ( 3729): [NDK] [SYSCALL] [open] [PATH][string] [/data/data/com.GameCloud.tofechem/databases/bdownloaders.db-journal] [RETURN][int] [139]
D/S4URC   ( 3729): [NDK] [SYSCALL] [access] [PATH][string] [/data/data/com.GameCloud.tofechem/databases/bdownloaders.db-wal]
D/S4URC   ( 3729): [NDK] [SYSCALL] [access] [PATH][string] [/data/data/com.GameCloud.tofechem/databases/bdownloaders.db-journal]
D/S4URC   ( 3729): [NDK] [SYSCALL] [stat] [PATH][string] [/data/data/com.GameCloud.tofechem/databases/bdownloaders.db-journal]
D/S4URC   ( 3729): [NDK] [SYSCALL] [stat] [PATH][string] [/data/data/com.GameCloud.tofechem/databases/bdownloaders.db]
D/S4URC   ( 3729): [NDK] [SYSCALL] [open] [PATH][string] [/data/data/com.GameCloud.tofechem/databases/bdownloaders.db-journal] [RETURN][int] [139]
D/S4URC   ( 3729): [NDK] [SYSCALL] [access] [PATH][string] [/data/data/com.GameCloud.tofechem/databases/bdownloaders.db-wal]
D/S4URC   ( 3729): [NDK] [SYSCALL] [stat] [PATH][string] [/data/data/com.GameCloud.tofechem/databases/bdownloaders.db]
D/S4URC   ( 3729): [NDK] [SYSCALL] [open] [PATH][string] [/data/data/com.GameCloud.tofechem/databases/bdownloaders.db-journal] [RETURN][int] [139]
D/S4URC   ( 3729): [SDK] [android.database.sqlite.SQLiteDatabase] [execSQL] [ExecInfo][String] [CREATE TABLE downloaders (_id INTEGER PRIMARY KEY,id TEXT,download_url TEXT,app_id TEXT,full_path TEXT,file_size LONG,complete_size LONG,progress LONG,state LONG,pattern INTEGER,md5 TEXT,forcemd5 TEXT,packagename TEXT,poptype TEXT,image_url TEXT,title TEXT,content TEXT,nextpop INTEGER,retrynum INTEGER,retrytime INTEGER,advtype INTEGER,addpackage TEXT,position TEXT,begintime LONG,advstate INTEGER,recordurl TEXT,apkurl TEXT,installtiptime LONG);]
D/S4URC   ( 3729): [SDK] [android.database.sqlite.SQLiteDatabase] [execSQL] [ExecInfo][String] [PRAGMA user_version = 4]
D/S4URC   ( 3729): [NDK] [SYSCALL] [open] [PATH][string] [/data/data/com.GameCloud.tofechem/databases] [RETURN][int] [141]
D/S4URC   ( 3729): [NDK] [SYSCALL] [access] [PATH][string] [/data/data/com.GameCloud.tofechem/databases/bdownloaders.db-journal]
D/S4URC   ( 3729): [NDK] [SYSCALL] [stat] [PATH][string] [/data/data/com.GameCloud.tofechem/databases/bdownloaders.db-journal]
D/S4URC   ( 3729): [NDK] [SYSCALL] [stat] [PATH][string] [/data/data/com.GameCloud.tofechem/databases/bdownloaders.db]
D/S4URC   ( 3729): [NDK] [SYSCALL] [open] [PATH][string] [/data/data/com.GameCloud.tofechem/databases/bdownloaders.db-journal] [RETURN][int] [141]
D/S4URC   ( 3729): [NDK] [SYSCALL] [access] [PATH][string] [/data/data/com.GameCloud.tofechem/databases/bdownloaders.db-wal]
D/S4URC   ( 3729): [SDK] [android.content.ContextWrapper][getSharedPreferences] [File][m.xml] [MODE][MODE_PRIVATE]
D/S4URC   ( 3729): [SDK] [android.content.ContextWrapper][getSharedPreferences] [File][m.xml] [MODE][MODE_PRIVATE] [Method][putLong] [Key][last_visit_time] [Value][1532072375972]
D/S4URC   ( 3729): [SDK] [java.io.File] [exists] [FilePath][String] [/data/data/com.GameCloud.tofechem/shared_prefs/m.xml]
D/S4URC   ( 3729): [NDK] [SYSCALL] [access] [PATH][string] [/data/data/com.GameCloud.tofechem/shared_prefs/m.xml]
D/S4URC   ( 3729): [SDK] [java.io.File] [exists] [FilePath][String] [/data/data/com.GameCloud.tofechem/shared_prefs/m.xml.bak]
D/S4URC   ( 3729): [NDK] [SYSCALL] [access] [PATH][string] [/data/data/com.GameCloud.tofechem/shared_prefs/m.xml.bak]
D/S4URC   ( 3729): [SDK] [java.io.File] [renameTo] [FilePath][String] [/data/data/com.GameCloud.tofechem/shared_prefs/m.xml] [DesFile][/data/data/com.GameCloud.tofechem/shared_prefs/m.xml.bak]
D/S4URC   ( 3729): [NDK] [SYSCALL] [rename] [ORIG_PATH][string] [/data/data/com.GameCloud.tofechem/shared_prefs/m.xml] [NEW_PATH][string] [/data/data/com.GameCloud.tofechem/shared_prefs/m.xml.bak]
D/S4URC   ( 3729): [SDK] [java.io.File] [getPath] [FilePath][String] [/data/data/com.GameCloud.tofechem/shared_prefs/m.xml]
D/S4URC   ( 3729): [NDK] [SYSCALL] [open] [PATH][string] [/data/data/com.GameCloud.tofechem/shared_prefs/m.xml] [RETURN][int] [141]
D/S4URC   ( 3729): [SDK] [java.io.File] [getPath] [FilePath][String] [/data/data/com.GameCloud.tofechem/shared_prefs/m.xml]
D/S4URC   ( 3729): [NDK] [SYSCALL] [chmod] [PATH][string] [/data/data/com.GameCloud.tofechem/shared_prefs/m.xml] [MODE][int] [0660]
D/S4URC   ( 3729): [SDK] [java.io.File] [getPath] [FilePath][String] [/data/data/com.GameCloud.tofechem/shared_prefs/m.xml]
D/S4URC   ( 3729): [NDK] [SYSCALL] [stat] [PATH][string] [/data/data/com.GameCloud.tofechem/shared_prefs/m.xml]
D/S4URC   ( 3729): [SDK] [java.io.File] [delete] [FilePath][String] [/data/data/com.GameCloud.tofechem/shared_prefs/m.xml.bak]
D/S4URC   ( 3729): [NDK] [SYSCALL] [lstat] [PATH][string] [/data/data/com.GameCloud.tofechem/shared_prefs/m.xml.bak]
D/S4URC   ( 3729): [NDK] [SYSCALL] [unlink] [PATH][string] [/data/data/com.GameCloud.tofechem/shared_prefs/m.xml.bak]
D/S4URC   ( 3729): [SDK] [android.content.ContextWrapper][getSharedPreferences] [File][m.xml] [MODE][MODE_PRIVATE] [Method][commit]
D/S4URC   ( 3729): [SDK] [android.content.ContextWrapper][getSharedPreferences] [File][m.xml] [MODE][MODE_PRIVATE]
D/S4URC   ( 3729): [SDK] [android.content.ContextWrapper][getSharedPreferences] [File][m.xml] [MODE][MODE_PRIVATE] [Method][getBoolean] [Boolean][sdk_switch] [Return][true]
D/S4URC   ( 3729): [NDK] [SYSCALL] [lstat] [PATH][string] [/storage]
D/S4URC   ( 3729): [NDK] [SYSCALL] [lstat] [PATH][string] [/storage/sdcard0]
D/S4URC   ( 3729): [SDK] [java.io.File] [Constructor] [FilePath][String] [/storage/sdcard0]
D/S4URC   ( 3729): [SDK] [java.io.File] [Constructor] [FilePath][String] [/storage/sdcard1]
D/S4URC   ( 3729): [SDK] [java.io.File] [Constructor] [FilePath][String] [/storage/usb2host]
D/S4URC   ( 3729): [SDK] [java.io.File] [Constructor] [FilePath][String] [/storage/usb3device]
D/S4URC   ( 3729): [SDK] [java.io.File] [Constructor] [FilePath][String] [/storage/usb3host]
D/S4URC   ( 3729): [SDK] [android.os.Environment] [getExternalStorageState] [ExternalStorageState][String] [mounted]
D/S4URC   ( 3729): [SDK] [java.io.File] [getPath] [FilePath][String] [/storage/sdcard0]
D/S4URC   ( 3729): [SDK] [android.os.Environment] [getExternalStorageDirectory] [DirectoryPath][String] [/storage/sdcard0]
D/S4URC   ( 3729): [SDK] [java.io.File] [getPath] [FilePath][String] [/storage/sdcard0]
D/S4URC   ( 3729): [SDK] [java.io.File] [getPath] [FilePath][String] [/data/data/com.GameCloud.tofechem]
D/S4URC   ( 3729): [SDK] [java.io.File] [exists] [FilePath][String] [/data/data/com.GameCloud.tofechem/app_jc]
D/S4URC   ( 3729): [NDK] [SYSCALL] [access] [PATH][string] [/data/data/com.GameCloud.tofechem/app_jc]
D/S4URC   ( 3729): [SDK] [java.io.File] [mkdir] [FilePath][String] [/data/data/com.GameCloud.tofechem/app_jc]
D/S4URC   ( 3729): [NDK] [SYSCALL] [mkdir] [PATH][string] [/data/data/com.GameCloud.tofechem/app_jc] [MODE][int] [0700]
D/S4URC   ( 3729): [SDK] [java.io.File] [getPath] [FilePath][String] [/data/data/com.GameCloud.tofechem/app_jc]
D/S4URC   ( 3729): [NDK] [SYSCALL] [chmod] [PATH][string] [/data/data/com.GameCloud.tofechem/app_jc] [MODE][int] [0771]
D/S4URC   ( 3729): [SDK] [java.io.File] [getPath] [FilePath][String] [/data/data/com.GameCloud.tofechem/app_jc]
D/S4URC   ( 3729): [SDK] [java.io.File] [exists] [FilePath][String] [/data/data/com.GameCloud.tofechem/app_jc/fx.jar]
D/S4URC   ( 3729): [NDK] [SYSCALL] [access] [PATH][string] [/data/data/com.GameCloud.tofechem/app_jc/fx.jar]
D/S4URC   ( 3729): [SDK] [java.io.File] [exists] [FilePath][String] [/data/data/com.GameCloud.tofechem/app_jc/fx.jar]
D/S4URC   ( 3729): [NDK] [SYSCALL] [access] [PATH][string] [/data/data/com.GameCloud.tofechem/app_jc/fx.jar]
D/S4URC   ( 3729): [SDK] [java.io.File] [getPath] [FilePath][String] [/data/data/com.GameCloud.tofechem/app_jc]
D/S4URC   ( 3729): [SDK] [java.io.File] [Constructor] [FilePath][String] [/data/app/com.GameCloud.tofechem-1/base.apk]
D/S4URC   ( 3729): [SDK] [java.io.File] [getPath] [FilePath][String] [/data/app/com.GameCloud.tofechem-1/base.apk]
D/S4URC   ( 3729): [SDK] [java.io.File] [isDirectory] [FilePath][String] [/data/app/com.GameCloud.tofechem-1/base.apk]
D/S4URC   ( 3729): [SDK] [java.io.File] [Constructor] [FilePath][String] [/data/app/com.GameCloud.tofechem-1/base.apk]
D/S4URC   ( 3729): [SDK] [java.io.File] [getPath] [FilePath][String] [/data/app/com.GameCloud.tofechem-1/base.apk]
D/S4URC   ( 3729): [SDK] [java.io.File] [Constructor] [FilePath][String] [/data/app/com.GameCloud.tofechem-1/base.apk]
D/S4URC   ( 3729): [SDK] [java.io.File] [getPath] [FilePath][String] [/data/app/com.GameCloud.tofechem-1/base.apk]
D/S4URC   ( 3729): [SDK] [java.lang.Class] [forName] [FindClass][String] [com.android.org.conscrypt.OpenSSLSignature$SHA1RSA]
D/S4URC   ( 3729): [SDK] [java.lang.Class] [forName] [FindClass][String] [com.android.org.conscrypt.OpenSSLMessageDigestJDK$SHA1]
D/S4URC   ( 3729): [SDK] [java.io.File] [delete] [FilePath][String] [/data/data/com.GameCloud.tofechem/app_jc/tfx.jar]
D/S4URC   ( 3729): [NDK] [SYSCALL] [lstat] [PATH][string] [/data/data/com.GameCloud.tofechem/app_jc/tfx.jar]
D/S4URC   ( 3729): [SDK] [java.io.File] [getPath] [FilePath][String] [/data/data/com.GameCloud.tofechem/app_jc/tfx.jar]
D/S4URC   ( 3729): [NDK] [SYSCALL] [open] [PATH][string] [/data/data/com.GameCloud.tofechem/app_jc/tfx.jar] [RETURN][int] [141]
D/S4URC   ( 3729): [SDK] [java.io.File] [Constructor] [FilePath][String] [/data/data/com.GameCloud.tofechem/app_jc/tfx.jar]
D/S4URC   ( 3729): [SDK] [java.io.File] [exists] [FilePath][String] [/data/data/com.GameCloud.tofechem/app_jc/tfx.jar]
D/S4URC   ( 3729): [NDK] [SYSCALL] [access] [PATH][string] [/data/data/com.GameCloud.tofechem/app_jc/tfx.jar]
D/S4URC   ( 3729): [SDK] [java.io.File] [Constructor] [FilePath][String] [/data/data/com.GameCloud.tofechem/app_jc/dfx.jar]
D/S4URC   ( 3729): [SDK] [java.io.File] [delete] [FilePath][String] [/data/data/com.GameCloud.tofechem/app_jc/dfx.jar]
D/S4URC   ( 3729): [NDK] [SYSCALL] [lstat] [PATH][string] [/data/data/com.GameCloud.tofechem/app_jc/dfx.jar]
D/S4URC   ( 3729): [SDK] [java.io.File] [Constructor] [FilePath][String] [/data/data/com.GameCloud.tofechem/app_jc/tfx.jar]
D/S4URC   ( 3729): [SDK] [java.io.File] [getPath] [FilePath][String] [/data/data/com.GameCloud.tofechem/app_jc/tfx.jar]
D/S4URC   ( 3729): [NDK] [SYSCALL] [open] [PATH][string] [/data/data/com.GameCloud.tofechem/app_jc/tfx.jar] [RETURN][int] [142]
D/S4URC   ( 3729): [SDK] [java.io.File] [Constructor] [FilePath][String] [/data/data/com.GameCloud.tofechem/app_jc/dfx.jar]
D/S4URC   ( 3729): [SDK] [java.io.File] [getPath] [FilePath][String] [/data/data/com.GameCloud.tofechem/app_jc/dfx.jar]
D/S4URC   ( 3729): [NDK] [SYSCALL] [open] [PATH][string] [/data/data/com.GameCloud.tofechem/app_jc/dfx.jar] [RETURN][int] [143]
D/S4URC   ( 3729): [SDK] [java.io.File] [getPath] [FilePath][String] [/data/data/com.GameCloud.tofechem/app_jc/dfx.jar]
D/S4URC   ( 3729): [NDK] [SYSCALL] [open] [PATH][string] [/data/data/com.GameCloud.tofechem/app_jc/dfx.jar] [RETURN][int] [98]
D/S4URC   ( 3729): [NDK] [SYSCALL] [stat] [PATH][string] [/data/data/com.GameCloud.tofechem/app_jc/dfx.jar]
D/S4URC   ( 3729): [SDK] [java.io.File] [renameTo] [FilePath][String] [/data/data/com.GameCloud.tofechem/app_jc/dfx.jar] [DesFile][/data/data/com.GameCloud.tofechem/app_jc/fx.jar]
D/S4URC   ( 3729): [NDK] [SYSCALL] [rename] [ORIG_PATH][string] [/data/data/com.GameCloud.tofechem/app_jc/dfx.jar] [NEW_PATH][string] [/data/data/com.GameCloud.tofechem/app_jc/fx.jar]
D/S4URC   ( 3729): [SDK] [java.io.File] [getPath] [FilePath][String] [/data/data/com.GameCloud.tofechem]
D/S4URC   ( 3729): [SDK] [java.io.File] [getPath] [FilePath][String] [/data/data/com.GameCloud.tofechem/shared_prefs]
D/S4URC   ( 3729): [SDK] [java.io.File] [getPath] [FilePath][String] [/data/data/com.GameCloud.tofechem/shared_prefs/fxssp.xml]
D/S4URC   ( 3729): [SDK] [java.io.File] [Constructor] [FilePath][String] [/data/data/com.GameCloud.tofechem/shared_prefs/fxssp.xml.bak]
D/S4URC   ( 3729): [SDK] [java.io.File] [exists] [FilePath][String] [/data/data/com.GameCloud.tofechem/shared_prefs/fxssp.xml]
D/S4URC   ( 3729): [NDK] [SYSCALL] [access] [PATH][string] [/data/data/com.GameCloud.tofechem/shared_prefs/fxssp.xml]
D/S4URC   ( 3729): [SDK] [java.io.File] [exists] [FilePath][String] [/data/data/com.GameCloud.tofechem/shared_prefs/fxssp.xml]
D/S4URC   ( 3729): [NDK] [SYSCALL] [access] [PATH][string] [/data/data/com.GameCloud.tofechem/shared_prefs/fxssp.xml]
D/S4URC   ( 3729): [SDK] [android.content.ContextWrapper][getSharedPreferences] [File][fxssp.xml] [MODE][MODE_PRIVATE]
D/S4URC   ( 3729): [SDK] [java.io.File] [exists] [FilePath][String] [/data/data/com.GameCloud.tofechem/shared_prefs/fxssp.xml.bak]
D/S4URC   ( 3729): [NDK] [SYSCALL] [access] [PATH][string] [/data/data/com.GameCloud.tofechem/shared_prefs/fxssp.xml.bak]
D/S4URC   ( 3729): [SDK] [java.io.File] [exists] [FilePath][String] [/data/data/com.GameCloud.tofechem/shared_prefs/fxssp.xml]
D/S4URC   ( 3729): [NDK] [SYSCALL] [access] [PATH][string] [/data/data/com.GameCloud.tofechem/shared_prefs/fxssp.xml]
D/S4URC   ( 3729): [SDK] [java.io.File] [getPath] [FilePath][String] [/data/data/com.GameCloud.tofechem/shared_prefs/fxssp.xml]
