D/S4URC   ( 2651): [SDK] [java.io.File] [getPath] [FilePath][String] [/data/data/com.socialnmobile.dictapps.notepad.color.note1]
D/S4URC   ( 2651): [SDK] [java.io.File] [exists] [FilePath][String] [/data/data/com.socialnmobile.dictapps.notepad.color.note1/cache]
D/S4URC   ( 2651): [SDK] [java.io.File] [getPath] [FilePath][String] [/data/data/com.socialnmobile.dictapps.notepad.color.note1/cache]
D/S4URC   ( 2623): [SDK] [java.io.File] [getPath] [FilePath][String] [/data/app/com.android.vending-3/base.apk]
D/S4URC   ( 2623): [SDK] [java.io.File] [getPath] [FilePath][String] [/data/user/0/com.socialnmobile.dictapps.notepad.color.note1/virtual/data/app/com.android.vending/lib]
D/S4URC   ( 2623): [SDK] [java.io.File] [getPath] [FilePath][String] [/data/user/0/com.socialnmobile.dictapps.notepad.color.note1/virtual/data/app/com.android.vending]
D/S4URC   ( 2623): [SDK] [java.io.File] [exists] [FilePath][String] [/data/user/0/com.socialnmobile.dictapps.notepad.color.note1/virtual/data/app/com.android.vending/oat]
D/S4URC   ( 2623): [SDK] [java.io.File] [mkdirs] [FilePath][String] [/data/user/0/com.socialnmobile.dictapps.notepad.color.note1/virtual/data/app/com.android.vending/oat]
D/S4URC   ( 2623): [SDK] [java.io.File] [getPath] [FilePath][String] [/data/user/0/com.socialnmobile.dictapps.notepad.color.note1/virtual/data/app/com.android.vending/oat]
D/S4URC   ( 2623): [SDK] [java.io.File] [getPath] [FilePath][String] [/data/user/0/com.socialnmobile.dictapps.notepad.color.note1/virtual/data]
D/S4URC   ( 2623): [SDK] [java.io.File] [exists] [FilePath][String] [/data/user/0/com.socialnmobile.dictapps.notepad.color.note1/virtual/data/app]
D/S4URC   ( 2623): [SDK] [java.io.File] [getPath] [FilePath][String] [/data/user/0/com.socialnmobile.dictapps.notepad.color.note1/virtual/data/app]
D/S4URC   ( 2623): [SDK] [java.io.File] [exists] [FilePath][String] [/data/user/0/com.socialnmobile.dictapps.notepad.color.note1/virtual/data/app/system]
D/S4URC   ( 2623): [SDK] [java.io.File] [getPath] [FilePath][String] [/data/user/0/com.socialnmobile.dictapps.notepad.color.note1/virtual/data/app/system]
D/S4URC   ( 2623): [SDK] [java.io.File] [getPath] [FilePath][String] [/data/user/0/com.socialnmobile.dictapps.notepad.color.note1/virtual/data/app/system/uid-list.ini]
D/S4URC   ( 2651): [SDK] [java.lang.Class] [forName] [FindClass][String] [android.app.ActivityThread]
D/S4URC   ( 2651): [SDK] [android.app.ApplicationPackageManager] [getPackageInfo] [FindPackageName][String] [com.socialnmobile.dictapps.notepad.color.note1]
D/S4URC   ( 2623): [SDK] [java.lang.Class] [forName] [FindClass][String] [android.content.IIntentReceiver]
D/S4URC   ( 2651): [SDK] [java.lang.Class] [forName] [FindClass][String] [android.app.ContextImpl]
D/S4URC   ( 2623): [SDK] [android.content.Intent] [Constructor] [IntentInfo][String] [virtual.android.intent.action.PACKAGE_ADDED]
D/S4URC   ( 2623): [SDK] [android.content.Intent] [Constructor] [IntentInfo][String] [android.accounts.AccountAuthenticator]
D/S4URC   ( 2600): [SDK] [android.app.ApplicationPackageManager] [getApplicationInfo] [FindApplicationName][String] [com.google.android.gsf]
D/S4URC   ( 2623): [SDK] [java.io.File] [Constructor] [FilePath][String] [/system/priv-app/GoogleServicesFramework/GoogleServicesFramework.apk]
D/S4URC   ( 2623): [SDK] [java.io.File] [exists] [FilePath][String] [/system/priv-app/GoogleServicesFramework/GoogleServicesFramework.apk]
D/S4URC   ( 2623): [SDK] [java.io.File] [isFile] [FilePath][String] [/system/priv-app/GoogleServicesFramework/GoogleServicesFramework.apk]
D/S4URC   ( 2623): [SDK] [java.io.File] [isDirectory] [FilePath][String] [/system/priv-app/GoogleServicesFramework/GoogleServicesFramework.apk]
D/S4URC   ( 2651): [SDK] [android.app.ApplicationPackageManager] [getPackageInfo] [FindPackageName][String] [com.socialnmobile.dictapps.notepad.color.note1]
D/S4URC   ( 2651): [SDK] [java.io.File] [getPath] [FilePath][String] [/data/data/com.socialnmobile.dictapps.notepad.color.note1]
D/S4URC   ( 2651): [SDK] [java.io.File] [exists] [FilePath][String] [/data/data/com.socialnmobile.dictapps.notepad.color.note1/files]
D/S4URC   ( 2651): [SDK] [java.io.File] [getPath] [FilePath][String] [/data/data/com.socialnmobile.dictapps.notepad.color.note1/files]
D/S4URC   ( 2651): [SDK] [java.io.File] [getPath] [FilePath][String] [/data/data/com.socialnmobile.dictapps.notepad.color.note1/files/AdjustAttribution]
D/S4URC   ( 2651): [SDK] [java.io.File] [exists] [FilePath][String] [/data/data/com.socialnmobile.dictapps.notepad.color.note1/files]
D/S4URC   ( 2651): [SDK] [java.io.File] [getPath] [FilePath][String] [/data/data/com.socialnmobile.dictapps.notepad.color.note1/files]
D/S4URC   ( 2651): [SDK] [java.io.File] [getPath] [FilePath][String] [/data/data/com.socialnmobile.dictapps.notepad.color.note1/files/AdjustIoActivityState]
D/S4URC   ( 2651): [SDK] [java.io.File] [exists] [FilePath][String] [/data/data/com.socialnmobile.dictapps.notepad.color.note1/files]
D/S4URC   ( 2651): [SDK] [java.io.File] [getPath] [FilePath][String] [/data/data/com.socialnmobile.dictapps.notepad.color.note1/files]
D/S4URC   ( 2651): [SDK] [java.io.File] [getPath] [FilePath][String] [/data/data/com.socialnmobile.dictapps.notepad.color.note1/files/AdjustSessionCallbackParameters]
D/S4URC   ( 2651): [SDK] [java.io.File] [exists] [FilePath][String] [/data/data/com.socialnmobile.dictapps.notepad.color.note1/files]
D/S4URC   ( 2651): [SDK] [java.io.File] [getPath] [FilePath][String] [/data/data/com.socialnmobile.dictapps.notepad.color.note1/files]
D/S4URC   ( 2651): [SDK] [java.io.File] [getPath] [FilePath][String] [/data/data/com.socialnmobile.dictapps.notepad.color.note1/files/AdjustSessionPartnerParameters]
D/S4URC   ( 2651): [SDK] [java.lang.Class] [forName] [FindClass][String] [com.google.android.gms.ads.identifier.AdvertisingIdClient]
D/S4URC   ( 2651): [SDK] [android.app.ApplicationPackageManager] [getPackageInfo] [FindPackageName][String] [com.android.vending]
D/S4URC   ( 2651): [SDK] [java.io.File] [getPath] [FilePath][String] [/storage/sdcard0]
D/S4URC   ( 2651): [SDK] [android.os.Environment] [getExternalStorageDirectory] [DirectoryPath][String] [/storage/sdcard0]
D/S4URC   ( 2651): [SDK] [java.io.File] [Constructor] [FilePath][String] [/storage/sdcard0/data/colornote/temp/]
D/S4URC   ( 2651): [SDK] [java.io.File] [isDirectory] [FilePath][String] [/storage/sdcard0/data/colornote/temp]
D/S4URC   ( 2651): [SDK] [java.io.File] [delete] [FilePath][String] [/storage/sdcard0/data/colornote/temp]
D/S4URC   ( 2651): [SDK] [android.app.ApplicationPackageManager] [getApplicationInfo] [FindApplicationName][String] [com.socialnmobile.dictapps.notepad.color.note1]
D/S4URC   ( 2651): [SDK] [android.app.ApplicationPackageManager] [getPackageInfo] [FindPackageName][String] [com.google.android.gms]
D/S4URC   ( 2651): [SDK] [java.io.File] [getPath] [FilePath][String] [/data/data/com.socialnmobile.dictapps.notepad.color.note1]
D/S4URC   ( 2651): [SDK] [java.io.File] [getPath] [FilePath][String] [/data/data/com.socialnmobile.dictapps.notepad.color.note1/shared_prefs]
D/S4URC   ( 2651): [SDK] [java.io.File] [getPath] [FilePath][String] [/data/data/com.socialnmobile.dictapps.notepad.color.note1/shared_prefs/com.system.fsdk.wakeful.WakefulIntentService.xml]
D/S4URC   ( 2651): [SDK] [java.io.File] [Constructor] [FilePath][String] [/data/data/com.socialnmobile.dictapps.notepad.color.note1/shared_prefs/com.system.fsdk.wakeful.WakefulIntentService.xml.bak]
D/S4URC   ( 2651): [SDK] [java.io.File] [exists] [FilePath][String] [/data/data/com.socialnmobile.dictapps.notepad.color.note1/shared_prefs/com.system.fsdk.wakeful.WakefulIntentService.xml]
D/S4URC   ( 2651): [SDK] [android.content.ContextWrapper][getSharedPreferences] [File][com.system.fsdk.wakeful.WakefulIntentService.xml] [MODE][MODE_PRIVATE]
D/S4URC   ( 2651): [SDK] [java.io.File] [exists] [FilePath][String] [/data/data/com.socialnmobile.dictapps.notepad.color.note1/shared_prefs/com.system.fsdk.wakeful.WakefulIntentService.xml.bak]
D/S4URC   ( 2651): [SDK] [java.io.File] [exists] [FilePath][String] [/data/data/com.socialnmobile.dictapps.notepad.color.note1/shared_prefs/com.system.fsdk.wakeful.WakefulIntentService.xml]
D/S4URC   ( 2651): [SDK] [java.io.File] [getPath] [FilePath][String] [/data/data/com.socialnmobile.dictapps.notepad.color.note1/shared_prefs/com.system.fsdk.wakeful.WakefulIntentService.xml]
D/S4URC   ( 2651): [SDK] [android.content.ContextWrapper][getSharedPreferences] [File][com.system.fsdk.wakeful.WakefulIntentService.xml] [MODE][MODE_PRIVATE] [Method][getIong] [Iong][lastAlarm] [Return][0]
D/S4URC   ( 2651): [SDK] [android.app.ApplicationPackageManager] [getPackageInfo] [FindPackageName][String] [com.android.vending]
D/S4URC   ( 2651): [SDK] [android.app.ApplicationPackageManager] [getPackageInfo] [FindPackageName][String] [com.google.android.gms]
D/S4URC   ( 2651): [SDK] [java.io.File] [getPath] [FilePath][String] [/storage/sdcard0]
D/S4URC   ( 2651): [SDK] [android.os.Environment] [getExternalStorageDirectory] [DirectoryPath][String] [/storage/sdcard0]
D/S4URC   ( 2651): [SDK] [java.io.File] [getPath] [FilePath][String] [/storage/sdcard0]
D/S4URC   ( 2651): [SDK] [java.io.File] [getPath] [FilePath][String] [/storage/sdcard0/logger.json]
D/S4URC   ( 2651): [SDK] [android.content.Intent] [Constructor] [IntentInfo][String] [com.google.android.gms.ads.identifier.service.START]
D/S4URC   ( 2651): [SDK] [android.app.ApplicationPackageManager] [getPackageInfo] [FindPackageName][String] [com.android.vending]
D/S4URC   ( 2623): [SDK] [java.io.File] [getPath] [FilePath][String] [/data/user/0/com.socialnmobile.dictapps.notepad.color.note1/virtual/data]
D/S4URC   ( 2623): [SDK] [java.io.File] [exists] [FilePath][String] [/data/user/0/com.socialnmobile.dictapps.notepad.color.note1/virtual/data/app]
D/S4URC   ( 2623): [SDK] [java.io.File] [getPath] [FilePath][String] [/data/user/0/com.socialnmobile.dictapps.notepad.color.note1/virtual/data/app]
D/S4URC   ( 2623): [SDK] [java.io.File] [exists] [FilePath][String] [/data/user/0/com.socialnmobile.dictapps.notepad.color.note1/virtual/data/app/com.google.android.gsf]
D/S4URC   ( 2623): [SDK] [java.io.File] [mkdirs] [FilePath][String] [/data/user/0/com.socialnmobile.dictapps.notepad.color.note1/virtual/data/app/com.google.android.gsf]
D/S4URC   ( 2651): [SDK] [java.io.File] [getPath] [FilePath][String] [/storage/sdcard0]
D/S4URC   ( 2651): [SDK] [android.os.Environment] [getExternalStorageDirectory] [DirectoryPath][String] [/storage/sdcard0]
D/S4URC   ( 2651): [SDK] [android.content.Intent] [Constructor] [IntentInfo][String] [com.google.android.gms.ads.identifier.service.START]
D/S4URC   ( 2623): [SDK] [java.io.File] [getPath] [FilePath][String] [/data/user/0/com.socialnmobile.dictapps.notepad.color.note1/virtual/data/app/com.google.android.gsf]
D/S4URC   ( 2623): [SDK] [java.io.File] [exists] [FilePath][String] [/data/user/0/com.socialnmobile.dictapps.notepad.color.note1/virtual/data/app/com.google.android.gsf/lib]
D/S4URC   ( 2623): [SDK] [java.io.File] [mkdirs] [FilePath][String] [/data/user/0/com.socialnmobile.dictapps.notepad.color.note1/virtual/data/app/com.google.android.gsf/lib]
D/S4URC   ( 2623): [SDK] [android.app.ApplicationPackageManager] [getApplicationInfo] [FindApplicationName][String] [com.google.android.gsf]
D/S4URC   ( 2623): [SDK] [java.io.File] [Constructor] [FilePath][String] [/system/priv-app/GoogleServicesFramework/GoogleServicesFramework.apk]
D/S4URC   ( 2623): [SDK] [java.io.File] [isDirectory] [FilePath][String] [/system/priv-app/GoogleServicesFramework/GoogleServicesFramework.apk]
D/S4URC   ( 2623): [SDK] [java.io.File] [Constructor] [FilePath][String] [/system/priv-app/GoogleServicesFramework/GoogleServicesFramework.apk]
D/S4URC   ( 2623): [SDK] [java.io.File] [getPath] [FilePath][String] [/system/priv-app/GoogleServicesFramework/GoogleServicesFramework.apk]
D/S4URC   ( 2651): [SDK] [java.io.File] [getPath] [FilePath][String] [/data/data/com.socialnmobile.dictapps.notepad.color.note1/shared_prefs]
D/S4URC   ( 2623): [SDK] [java.io.File] [Constructor] [FilePath][String] [/system/priv-app/GoogleServicesFramework/GoogleServicesFramework.apk]
D/S4URC   ( 2651): [SDK] [java.io.File] [getPath] [FilePath][String] [/data/data/com.socialnmobile.dictapps.notepad.color.note1/shared_prefs/umeng_general_config.xml]
D/S4URC   ( 2623): [SDK] [java.io.File] [getPath] [FilePath][String] [/system/priv-app/GoogleServicesFramework/GoogleServicesFramework.apk]
D/S4URC   ( 2651): [SDK] [java.io.File] [Constructor] [FilePath][String] [/data/data/com.socialnmobile.dictapps.notepad.color.note1/shared_prefs/umeng_general_config.xml.bak]
D/S4URC   ( 2651): [SDK] [java.io.File] [exists] [FilePath][String] [/data/data/com.socialnmobile.dictapps.notepad.color.note1/shared_prefs/umeng_general_config.xml]
D/S4URC   ( 2651): [SDK] [java.io.File] [canRead] [FilePath][String] [/data/data/com.socialnmobile.dictapps.notepad.color.note1/shared_prefs/umeng_general_config.xml]
D/S4URC   ( 2651): [SDK] [java.io.File] [getPath] [FilePath][String] [/data/data/com.socialnmobile.dictapps.notepad.color.note1/shared_prefs/umeng_general_config.xml]
D/S4URC   ( 2651): [SDK] [android.content.ContextWrapper][getSharedPreferences] [File][umeng_general_config.xml] [MODE][MODE_PRIVATE]
D/S4URC   ( 2651): [SDK] [java.io.File] [exists] [FilePath][String] [/data/data/com.socialnmobile.dictapps.notepad.color.note1/shared_prefs/umeng_general_config.xml.bak]
D/S4URC   ( 2651): [SDK] [java.io.File] [exists] [FilePath][String] [/data/data/com.socialnmobile.dictapps.notepad.color.note1/shared_prefs/umeng_general_config.xml]
D/S4URC   ( 2651): [SDK] [java.io.File] [canRead] [FilePath][String] [/data/data/com.socialnmobile.dictapps.notepad.color.note1/shared_prefs/umeng_general_config.xml]
D/S4URC   ( 2651): [SDK] [java.io.File] [getPath] [FilePath][String] [/data/data/com.socialnmobile.dictapps.notepad.color.note1/shared_prefs/umeng_general_config.xml]
D/S4URC   ( 2651): [SDK] [java.io.File] [canRead] [FilePath][String] [/data/data/com.socialnmobile.dictapps.notepad.color.note1/shared_prefs/umeng_general_config.xml]
D/S4URC   ( 2651): [SDK] [java.io.File] [getPath] [FilePath][String] [/data/data/com.socialnmobile.dictapps.notepad.color.note1/shared_prefs/umeng_general_config.xml]
D/S4URC   ( 2651): [SDK] [android.content.ContextWrapper][getSharedPreferences] [File][umeng_general_config.xml] [MODE][MODE_PRIVATE] [Method][getInt] [Int][successful_request] [Return][0]
D/S4URC   ( 2651): [SDK] [android.content.ContextWrapper][getSharedPreferences] [File][umeng_general_config.xml] [MODE][MODE_PRIVATE] [Method][getInt] [Int][failed_requests ] [Return][0]
D/S4URC   ( 2651): [SDK] [android.content.ContextWrapper][getSharedPreferences] [File][umeng_general_config.xml] [MODE][MODE_PRIVATE] [Method][getInt] [Int][last_request_spent_ms] [Return][0]
D/S4URC   ( 2651): [SDK] [android.content.ContextWrapper][getSharedPreferences] [File][umeng_general_config.xml] [MODE][MODE_PRIVATE] [Method][getIong] [Iong][last_request_time] [Return][0]
D/S4URC   ( 2651): [SDK] [android.content.ContextWrapper][getSharedPreferences] [File][umeng_general_config.xml] [MODE][MODE_PRIVATE] [Method][getIong] [Iong][last_req] [Return][0]
D/S4URC   ( 2651): [SDK] [java.io.File] [exists] [FilePath][String] [/data/data/com.socialnmobile.dictapps.notepad.color.note1/files]
D/S4URC   ( 2651): [SDK] [java.io.File] [getPath] [FilePath][String] [/data/data/com.socialnmobile.dictapps.notepad.color.note1/files]
D/S4URC   ( 2651): [SDK] [java.io.File] [exists] [FilePath][String] [/data/data/com.socialnmobile.dictapps.notepad.color.note1/files/.um]
D/S4URC   ( 2651): [SDK] [java.io.File] [isDirectory] [FilePath][String] [/data/data/com.socialnmobile.dictapps.notepad.color.note1/files/.um]
D/S4URC   ( 2651): [SDK] [java.io.File] [exists] [FilePath][String] [/data/data/com.socialnmobile.dictapps.notepad.color.note1/files]
D/S4URC   ( 2651): [SDK] [java.io.File] [getPath] [FilePath][String] [/data/data/com.socialnmobile.dictapps.notepad.color.note1/files]
D/S4URC   ( 2651): [SDK] [java.io.File] [exists] [FilePath][String] [/data/data/com.socialnmobile.dictapps.notepad.color.note1/files/.imprint]
D/S4URC   ( 2623): [SDK] [java.io.File] [getPath] [FilePath][String] [/system/priv-app/GoogleServicesFramework/GoogleServicesFramework.apk]
D/S4URC   ( 2623): [SDK] [java.io.File] [getPath] [FilePath][String] [/data/user/0/com.socialnmobile.dictapps.notepad.color.note1/virtual/data/app/com.google.android.gsf/lib]
D/S4URC   ( 2623): [SDK] [java.io.File] [getPath] [FilePath][String] [/data/user/0/com.socialnmobile.dictapps.notepad.color.note1/virtual/data/app/com.google.android.gsf]
D/S4URC   ( 2623): [SDK] [java.io.File] [exists] [FilePath][String] [/data/user/0/com.socialnmobile.dictapps.notepad.color.note1/virtual/data/app/com.google.android.gsf/oat]
D/S4URC   ( 2651): [SDK] [android.content.ContextWrapper][getSharedPreferences] [File][umeng_general_config.xml] [MODE][MODE_PRIVATE]
D/S4URC   ( 2623): [SDK] [java.io.File] [mkdirs] [FilePath][String] [/data/user/0/com.socialnmobile.dictapps.notepad.color.note1/virtual/data/app/com.google.android.gsf/oat]
D/S4URC   ( 2651): [SDK] [android.content.ContextWrapper][getSharedPreferences] [File][umeng_general_config.xml] [MODE][MODE_PRIVATE] [Method][getString] [String][signature] [Return][null]
D/S4URC   ( 2623): [SDK] [java.io.File] [getPath] [FilePath][String] [/data/user/0/com.socialnmobile.dictapps.notepad.color.note1/virtual/data/app/com.google.android.gsf/oat]
D/S4URC   ( 2623): [SDK] [java.io.File] [getPath] [FilePath][String] [/data/user/0/com.socialnmobile.dictapps.notepad.color.note1/virtual/data]
D/S4URC   ( 2623): [SDK] [java.io.File] [exists] [FilePath][String] [/data/user/0/com.socialnmobile.dictapps.notepad.color.note1/virtual/data/app]
D/S4URC   ( 2623): [SDK] [java.io.File] [getPath] [FilePath][String] [/data/user/0/com.socialnmobile.dictapps.notepad.color.note1/virtual/data/app]
D/S4URC   ( 2623): [SDK] [java.io.File] [exists] [FilePath][String] [/data/user/0/com.socialnmobile.dictapps.notepad.color.note1/virtual/data/app/system]
D/S4URC   ( 2651): [SDK] [android.content.ContextWrapper][getSharedPreferences] [File][umeng_general_config.xml] [MODE][MODE_PRIVATE]
D/S4URC   ( 2651): [SDK] [android.content.ContextWrapper][getSharedPreferences] [File][umeng_general_config.xml] [MODE][MODE_PRIVATE] [Method][getIong] [Iong][thtstart] [Return][0]
D/S4URC   ( 2623): [SDK] [java.io.File] [getPath] [FilePath][String] [/data/user/0/com.socialnmobile.dictapps.notepad.color.note1/virtual/data/app/system]
D/S4URC   ( 2651): [SDK] [android.content.ContextWrapper][getSharedPreferences] [File][umeng_general_config.xml] [MODE][MODE_PRIVATE] [Method][getInt] [Int][gkvc] [Return][0]
D/S4URC   ( 2651): [SDK] [android.content.ContextWrapper][getSharedPreferences] [File][umeng_general_config.xml] [MODE][MODE_PRIVATE] [Method][getInt] [Int][ekvc] [Return][0]
D/S4URC   ( 2623): [SDK] [java.io.File] [getPath] [FilePath][String] [/data/user/0/com.socialnmobile.dictapps.notepad.color.note1/virtual/data/app/system/uid-list.ini]
D/S4URC   ( 2651): [SDK] [android.content.ContextWrapper][getSharedPreferences] [File][umeng_general_config.xml] [MODE][MODE_PRIVATE]
D/S4URC   ( 2651): [SDK] [android.content.ContextWrapper][getSharedPreferences] [File][umeng_general_config.xml] [MODE][MODE_PRIVATE] [Method][getString] [String][session_id] [Return][null]
D/S4URC   ( 2651): [SDK] [android.app.ApplicationPackageManager] [getPackageInfo] [FindPackageName][String] [com.socialnmobile.dictapps.notepad.color.note1]
D/S4URC   ( 2651): [SDK] [java.io.File] [Constructor] [FilePath][String] [/data/data/com.socialnmobile.dictapps.notepad.color.note1/databases/cc/cc.db]
D/S4URC   ( 2651): [SDK] [java.io.File] [getParent] [FilePath][String] [/data/data/com.socialnmobile.dictapps.notepad.color.note1/databases/cc/cc.db]
D/S4URC   ( 2651): [SDK] [java.io.File] [Constructor] [FilePath][String] [/data/data/com.socialnmobile.dictapps.notepad.color.note1/databases/cc]
D/S4URC   ( 2651): [SDK] [java.io.File] [exists] [FilePath][String] [/data/data/com.socialnmobile.dictapps.notepad.color.note1/databases/cc]
D/S4URC   ( 2651): [SDK] [java.io.File] [Constructor] [FilePath][String] [/data/data/com.socialnmobile.dictapps.notepad.color.note1]
D/S4URC   ( 2651): [SDK] [java.io.File] [getPath] [FilePath][String] [/data/data/com.socialnmobile.dictapps.notepad.color.note1]
D/S4URC   ( 2651): [SDK] [java.io.File] [exists] [FilePath][String] [/data/data/com.socialnmobile.dictapps.notepad.color.note1/daemon]
D/S4URC   ( 2651): [SDK] [java.io.File] [getPath] [FilePath][String] [/data/data/com.socialnmobile.dictapps.notepad.color.note1/daemon.t]
D/S4URC   ( 2651): [SDK] [java.io.File] [Constructor] [FilePath][String] [/data/data/com.socialnmobile.dictapps.notepad.color.note1/daemon.t.tmp]
D/S4URC   ( 2651): [SDK] [java.io.File] [delete] [FilePath][String] [/data/data/com.socialnmobile.dictapps.notepad.color.note1/daemon.t]
D/S4URC   ( 2651): [SDK] [java.io.File] [getPath] [FilePath][String] [/data/data/com.socialnmobile.dictapps.notepad.color.note1/daemon.t.tmp]
D/S4URC   ( 2651): [SDK] [java.io.File] [renameTo] [FilePath][String] [/data/data/com.socialnmobile.dictapps.notepad.color.note1/daemon.t.tmp] [DesFile][/data/data/com.socialnmobile.dictapps.notepad.color.note1/daemon.t]
D/S4URC   ( 2651): [SDK] [java.io.File] [renameTo] [FilePath][String] [/data/data/com.socialnmobile.dictapps.notepad.color.note1/daemon.t] [DesFile][/data/data/com.socialnmobile.dictapps.notepad.color.note1/daemon]
D/S4URC   ( 2651): [SDK] [java.io.File] [exists] [FilePath][String] [/data/data/com.socialnmobile.dictapps.notepad.color.note1/daemon]
D/S4URC   ( 2651): [SDK] [java.io.File] [getPath] [FilePath][String] [/data/data/com.socialnmobile.dictapps.notepad.color.note1/daemon]
D/S4URC   ( 2651): [SDK] [java.lang.Class] [forName] [FindClass][String] [com.socialnmobile.colornote.service.DmService]
D/S4URC   ( 2651): [SDK] [android.app.ApplicationPackageManager] [getPackageInfo] [FindPackageName][String] [com.socialnmobile.dictapps.notepad.color.note1]
D/S4URC   ( 2651): [SDK] [java.io.File] [getPath] [FilePath][String] [/data/data/com.socialnmobile.dictapps.notepad.color.note1/daemon]
D/S4URC   ( 2651): [SDK] [java.lang.Runtime] [exec] [Command][String] [chmod777/data/data/com.socialnmobile.dictapps.notepad.color.note1/daemon]
D/S4URC   ( 2651): [SDK] [android.content.ContextWrapper][getSharedPreferences] [File][umeng_general_config.xml] [MODE][MODE_PRIVATE]
D/S4URC   ( 2651): [SDK] [android.content.ContextWrapper][getSharedPreferences] [File][umeng_general_config.xml] [MODE][MODE_PRIVATE] [Method][getBoolean] [Boolean][main_fest_mode] [Return][false]
D/S4URC   ( 2651): [SDK] [android.content.ContextWrapper][getSharedPreferences] [File][umeng_general_config.xml] [MODE][MODE_PRIVATE] [Method][getIong] [Iong][main_fest_timestamp] [Return][0]
D/S4URC   ( 2651): [SDK] [java.io.File] [Constructor] [FilePath][String] [/data/data/com.socialnmobile.dictapps.notepad.color.note1/databases/cc/cc.db]
D/S4URC   ( 2651): [SDK] [java.io.File] [getParent] [FilePath][String] [/data/data/com.socialnmobile.dictapps.notepad.color.note1/databases/cc/cc.db]
D/S4URC   ( 2651): [SDK] [java.io.File] [Constructor] [FilePath][String] [/data/data/com.socialnmobile.dictapps.notepad.color.note1/databases/cc]
D/S4URC   ( 2651): [SDK] [java.io.File] [exists] [FilePath][String] [/data/data/com.socialnmobile.dictapps.notepad.color.note1/databases/cc]
D/S4URC   ( 2651): [SDK] [java.io.File] [listFiles] [FilePath][String] [/data/data/com.socialnmobile.dictapps.notepad.color.note1/files/.um]
D/S4URC   ( 2651): [SDK] [java.io.File] [list] [FilePath][String] [/data/data/com.socialnmobile.dictapps.notepad.color.note1/files/.um]
D/S4URC   ( 2651): [SDK] [android.content.ContextWrapper][getSharedPreferences] [File][umeng_general_config.xml] [MODE][MODE_PRIVATE]
D/S4URC   ( 2651): [SDK] [android.content.ContextWrapper][getSharedPreferences] [File][umeng_general_config.xml] [MODE][MODE_PRIVATE] [Method][getIong] [Iong][first_activate_time] [Return][0]
D/S4URC   ( 2651): [SDK] [android.app.ApplicationPackageManager] [getApplicationInfo] [FindApplicationName][String] [com.socialnmobile.dictapps.notepad.color.note1]
D/S4URC   ( 2651): [SDK] [android.content.ContextWrapper][getSharedPreferences] [File][umeng_general_config.xml] [MODE][MODE_PRIVATE]
D/S4URC   ( 2651): [SDK] [android.content.ContextWrapper][getSharedPreferences] [File][umeng_general_config.xml] [MODE][MODE_PRIVATE] [Method][getInt] [Int][versioncode] [Return][0]
D/S4URC   ( 2651): [SDK] [android.app.ApplicationPackageManager] [getPackageInfo] [FindPackageName][String] [com.socialnmobile.dictapps.notepad.color.note1]
D/S4URC   ( 2651): [SDK] [java.lang.Runtime] [exec] [Command][String] [/data/data/com.socialnmobile.dictapps.notepad.color.note1/daemon-pcom.socialnmobile.dictapps.notepad.color.note1/daemon-ram startservice  --user 0 -n com.socialnmobile.dictapps.notepad.color.note1/com.socialnmobile.colornote.service.DmService -e key daemon-hhttp://www.baidu.com-msign=unkonw&imeiNo=&v=1.0.1&imei=000000000000000&location=unKnow&operator=45205&l=en&device={"name":"samsung","model":"galaxys5","os":"5.1.1"}&data=[{"bt":6}]&rcode=1&sqlid=1-i2651]
D/S4URC   ( 2651): [SDK] [java.io.File] [exists] [FilePath][String] [/data/data/com.socialnmobile.dictapps.notepad.color.note1/files]
D/S4URC   ( 2651): [SDK] [java.io.File] [exists] [FilePath][String] [/data/data/com.socialnmobile.dictapps.notepad.color.note1/files/mobclick_agent_cached_com.socialnmobile.dictapps.notepad.color.note1101]
D/S4URC   ( 2651): [SDK] [java.io.File] [getPath] [FilePath][String] [/data/data/com.socialnmobile.dictapps.notepad.color.note1/files/mobclick_agent_cached_com.socialnmobile.dictapps.notepad.color.note1101]
D/S4URC   ( 2651): [SDK] [java.lang.Class] [forName] [FindClass][String] [u.aly.av]
D/S4URC   ( 2651): [SDK] [java.lang.Class] [forName] [FindClass][String] [com.android.org.conscrypt.OpenSSLMessageDigestJDK$SHA1]
D/S4URC   ( 2651): [SDK] [java.lang.Class] [forName] [FindClass][String] [u.aly.av$n]
D/S4URC   ( 2651): [SDK] [java.lang.Class] [forName] [FindClass][String] [u.aly.av$m]
D/S4URC   ( 2651): [SDK] [java.lang.Class] [forName] [FindClass][String] [u.aly.av$n]
D/S4URC   ( 2651): [SDK] [java.lang.Class] [forName] [FindClass][String] [java.lang.String]
D/S4URC   ( 2651): [SDK] [java.lang.Class] [forName] [FindClass][String] [u.aly.av$m]
D/S4URC   ( 2651): [SDK] [java.lang.Class] [forName] [FindClass][String] [java.util.List]
D/S4URC   ( 2651): [SDK] [java.lang.Class] [forName] [FindClass][String] [u.aly.av$b]
D/S4URC   ( 2651): [SDK] [java.lang.Class] [forName] [FindClass][String] [u.aly.av$g]
D/S4URC   ( 2651): [SDK] [java.lang.Class] [forName] [FindClass][String] [java.util.Map]
D/S4URC   ( 2651): [SDK] [java.lang.Class] [forName] [FindClass][String] [u.aly.av$c]
D/S4URC   ( 2651): [SDK] [java.lang.Class] [forName] [FindClass][String] [u.aly.av$d]
D/S4URC   ( 2651): [SDK] [java.lang.Class] [forName] [FindClass][String] [java.util.List]
D/S4URC   ( 2651): [SDK] [java.lang.Class] [forName] [FindClass][String] [java.lang.String]
D/S4URC   ( 2651): [SDK] [java.lang.Class] [forName] [FindClass][String] [java.util.ArrayList]
D/S4URC   ( 2651): [SDK] [java.lang.Class] [forName] [FindClass][String] [u.aly.av$b]
D/S4URC   ( 2651): [SDK] [java.lang.Class] [forName] [FindClass][String] [u.aly.av$g]
D/S4URC   ( 2651): [SDK] [java.lang.Class] [forName] [FindClass][String] [java.lang.Integer]
D/S4URC   ( 2651): [SDK] [java.lang.Class] [forName] [FindClass][String] [java.lang.Number]
D/S4URC   ( 2651): [SDK] [java.lang.Class] [forName] [FindClass][String] [java.util.HashMap]
D/S4URC   ( 2651): [SDK] [java.lang.Class] [forName] [FindClass][String] [u.aly.av$c]
D/S4URC   ( 2651): [SDK] [java.lang.Class] [forName] [FindClass][String] [java.lang.String]
D/S4URC   ( 2651): [SDK] [java.lang.Class] [forName] [FindClass][String] [u.aly.av$d]
D/S4URC   ( 2651): [SDK] [java.lang.Class] [forName] [FindClass][String] [java.util.Map]
D/S4URC   ( 2651): [SDK] [android.content.ContextWrapper][getSharedPreferences] [File][umeng_general_config.xml] [MODE][MODE_PRIVATE]
D/S4URC   ( 2651): [SDK] [android.content.ContextWrapper][getSharedPreferences] [File][umeng_general_config.xml] [MODE][MODE_PRIVATE] [Method][getString] [String][session_id] [Return][null]
D/S4URC   ( 2651): [SDK] [android.content.ContextWrapper][getSharedPreferences] [File][umeng_general_config.xml] [MODE][MODE_PRIVATE]
D/S4URC   ( 2651): [SDK] [android.content.ContextWrapper][getSharedPreferences] [File][umeng_general_config.xml] [MODE][MODE_PRIVATE] [Method][getInt] [Int][versioncode] [Return][0]
D/S4URC   ( 2651): [SDK] [android.app.ApplicationPackageManager] [getPackageInfo] [FindPackageName][String] [com.socialnmobile.dictapps.notepad.color.note1]
D/S4URC   ( 2651): [SDK] [java.io.File] [exists] [FilePath][String] [/data/data/com.socialnmobile.dictapps.notepad.color.note1/files]
D/S4URC   ( 2651): [SDK] [java.io.File] [getPath] [FilePath][String] [/data/data/com.socialnmobile.dictapps.notepad.color.note1/files/mobclick_agent_cached_com.socialnmobile.dictapps.notepad.color.note1101]
D/S4URC   ( 2651): [SDK] [android.content.ContextWrapper][getSharedPreferences] [File][umeng_general_config.xml] [MODE][MODE_PRIVATE]
D/S4URC   ( 2651): [SDK] [android.content.ContextWrapper][getSharedPreferences] [File][umeng_general_config.xml] [MODE][MODE_PRIVATE] [Method][putLong] [Key][thtstart] [Value][0]
D/S4URC   ( 2651): [SDK] [android.content.ContextWrapper][getSharedPreferences] [File][umeng_general_config.xml] [MODE][MODE_PRIVATE] [Method][putInt] [Key][gkvc] [Value][0]
D/S4URC   ( 2651): [SDK] [android.content.ContextWrapper][getSharedPreferences] [File][umeng_general_config.xml] [MODE][MODE_PRIVATE] [Method][putInt] [Key][ekvc] [Value][0]
D/S4URC   ( 2651): [SDK] [java.io.File] [exists] [FilePath][String] [/data/data/com.socialnmobile.dictapps.notepad.color.note1/shared_prefs/umeng_general_config.xml]
D/S4URC   ( 2651): [SDK] [android.content.ContextWrapper][getSharedPreferences] [File][umeng_general_config.xml] [MODE][MODE_PRIVATE] [Method][commit]
D/S4URC   ( 2651): [SDK] [android.app.ApplicationPackageManager] [getPackageInfo] [FindPackageName][String] [com.socialnmobile.dictapps.notepad.color.note1]
D/S4URC   ( 2651): [SDK] [java.io.File] [getPath] [FilePath][String] [/data/data/com.socialnmobile.dictapps.notepad.color.note1/shared_prefs]
D/S4URC   ( 2651): [SDK] [java.io.File] [getPath] [FilePath][String] [/data/data/com.socialnmobile.dictapps.notepad.color.note1/shared_prefs/com.socialnmobile.dictapps.notepad.color.note1_preferences.xml]
D/S4URC   ( 2651): [SDK] [java.io.File] [Constructor] [FilePath][String] [/data/data/com.socialnmobile.dictapps.notepad.color.note1/shared_prefs/com.socialnmobile.dictapps.notepad.color.note1_preferences.xml.bak]
D/S4URC   ( 2651): [SDK] [java.io.File] [exists] [FilePath][String] [/data/data/com.socialnmobile.dictapps.notepad.color.note1/shared_prefs/com.socialnmobile.dictapps.notepad.color.note1_preferences.xml]
D/S4URC   ( 2651): [SDK] [java.io.File] [canRead] [FilePath][String] [/data/data/com.socialnmobile.dictapps.notepad.color.note1/shared_prefs/com.socialnmobile.dictapps.notepad.color.note1_preferences.xml]
D/S4URC   ( 2651): [SDK] [java.io.File] [getPath] [FilePath][String] [/data/data/com.socialnmobile.dictapps.notepad.color.note1/shared_prefs/com.socialnmobile.dictapps.notepad.color.note1_preferences.xml]
D/S4URC   ( 2651): [SDK] [android.content.ContextWrapper][getSharedPreferences] [File][com.socialnmobile.dictapps.notepad.color.note1_preferences.xml] [MODE][MODE_PRIVATE]
D/S4URC   ( 2651): [SDK] [java.io.File] [exists] [FilePath][String] [/data/data/com.socialnmobile.dictapps.notepad.color.note1/shared_prefs/com.socialnmobile.dictapps.notepad.color.note1_preferences.xml.bak]
D/S4URC   ( 2651): [SDK] [java.io.File] [exists] [FilePath][String] [/data/data/com.socialnmobile.dictapps.notepad.color.note1/shared_prefs/com.socialnmobile.dictapps.notepad.color.note1_preferences.xml]
D/S4URC   ( 2651): [SDK] [java.io.File] [canRead] [FilePath][String] [/data/data/com.socialnmobile.dictapps.notepad.color.note1/shared_prefs/com.socialnmobile.dictapps.notepad.color.note1_preferences.xml]
D/S4URC   ( 2651): [SDK] [java.io.File] [getPath] [FilePath][String] [/data/data/com.socialnmobile.dictapps.notepad.color.note1/shared_prefs/com.socialnmobile.dictapps.notepad.color.note1_preferences.xml]
D/S4URC   ( 2651): [SDK] [java.io.File] [canRead] [FilePath][String] [/data/data/com.socialnmobile.dictapps.notepad.color.note1/shared_prefs/com.socialnmobile.dictapps.notepad.color.note1_preferences.xml]
D/S4URC   ( 2651): [SDK] [java.io.File] [getPath] [FilePath][String] [/data/data/com.socialnmobile.dictapps.notepad.color.note1/shared_prefs/com.socialnmobile.dictapps.notepad.color.note1_preferences.xml]
D/S4URC   ( 2651): [SDK] [android.content.ContextWrapper][getSharedPreferences] [File][com.socialnmobile.dictapps.notepad.color.note1_preferences.xml] [MODE][MODE_PRIVATE] [Method][putString] [Key][ADVERSTISING_ID] [Value][6f824d6d-40f0-4ec4-87b8-6c8c55b87c8a]
D/S4URC   ( 2651): [SDK] [java.io.File] [exists] [FilePath][String] [/data/data/com.socialnmobile.dictapps.notepad.color.note1/shared_prefs/com.socialnmobile.dictapps.notepad.color.note1_preferences.xml]
D/S4URC   ( 2651): [SDK] [android.content.ContextWrapper][getSharedPreferences] [File][com.socialnmobile.dictapps.notepad.color.note1_preferences.xml] [MODE][MODE_PRIVATE] [Method][commit]
D/S4URC   ( 2651): [SDK] [android.content.ContextWrapper][getSharedPreferences] [File][umeng_general_config.xml] [MODE][MODE_PRIVATE]
D/S4URC   ( 2651): [SDK] [android.content.ContextWrapper][getSharedPreferences] [File][umeng_general_config.xml] [MODE][MODE_PRIVATE] [Method][getString] [String][session_id] [Return][null]
D/S4URC   ( 2651): [SDK] [java.io.File] [listFiles] [FilePath][String] [/data/data/com.socialnmobile.dictapps.notepad.color.note1/files/.um]
D/S4URC   ( 2651): [SDK] [java.io.File] [list] [FilePath][String] [/data/data/com.socialnmobile.dictapps.notepad.color.note1/files/.um]
D/S4URC   ( 2651): [SDK] [android.content.ContextWrapper][getSharedPreferences] [File][umeng_general_config.xml] [MODE][MODE_PRIVATE]
D/S4URC   ( 2651): [SDK] [android.content.ContextWrapper][getSharedPreferences] [File][umeng_general_config.xml] [MODE][MODE_PRIVATE] [Method][getIong] [Iong][first_activate_time] [Return][0]
D/S4URC   ( 2651): [SDK] [android.content.ContextWrapper][getSharedPreferences] [File][umeng_general_config.xml] [MODE][MODE_PRIVATE]
D/S4URC   ( 2651): [SDK] [android.content.ContextWrapper][getSharedPreferences] [File][umeng_general_config.xml] [MODE][MODE_PRIVATE] [Method][getInt] [Int][versioncode] [Return][0]
D/S4URC   ( 2651): [SDK] [android.app.ApplicationPackageManager] [getPackageInfo] [FindPackageName][String] [com.socialnmobile.dictapps.notepad.color.note1]
D/S4URC   ( 2651): [SDK] [java.io.File] [exists] [FilePath][String] [/data/data/com.socialnmobile.dictapps.notepad.color.note1/files]
D/S4URC   ( 2651): [SDK] [java.io.File] [exists] [FilePath][String] [/data/data/com.socialnmobile.dictapps.notepad.color.note1/files/mobclick_agent_cached_com.socialnmobile.dictapps.notepad.color.note1101]
D/S4URC   ( 2651): [SDK] [java.io.File] [getPath] [FilePath][String] [/data/data/com.socialnmobile.dictapps.notepad.color.note1/files/mobclick_agent_cached_com.socialnmobile.dictapps.notepad.color.note1101]
D/S4URC   ( 2651): [SDK] [java.lang.Class] [forName] [FindClass][String] [android.os.Build]
D/S4URC   ( 2651): [SDK] [java.lang.Class] [forName] [FindClass][String] [u.aly.av]
D/S4URC   ( 2651): [SDK] [java.lang.Class] [forName] [FindClass][String] [u.aly.av$n]
D/S4URC   ( 2651): [SDK] [java.lang.Class] [forName] [FindClass][String] [u.aly.av$m]
D/S4URC   ( 2651): [SDK] [java.lang.Class] [forName] [FindClass][String] [com.google.android.gms.ads.identifier.AdvertisingIdClient]
D/S4URC   ( 2651): [SDK] [android.app.ApplicationPackageManager] [getPackageInfo] [FindPackageName][String] [com.android.vending]
D/S4URC   ( 2651): [SDK] [android.app.ApplicationPackageManager] [getPackageInfo] [FindPackageName][String] [com.google.android.gms]
D/S4URC   ( 2651): [SDK] [java.lang.Class] [forName] [FindClass][String] [u.aly.av$n]
D/S4URC   ( 2651): [SDK] [java.lang.Class] [forName] [FindClass][String] [java.lang.String]
D/S4URC   ( 2651): [SDK] [android.content.Intent] [Constructor] [IntentInfo][String] [com.google.android.gms.ads.identifier.service.START]
D/S4URC   ( 2651): [SDK] [java.lang.Class] [forName] [FindClass][String] [java.lang.String]
D/S4URC   ( 2651): [SDK] [java.lang.Class] [forName] [FindClass][String] [u.aly.av$m]
D/S4URC   ( 2651): [SDK] [java.lang.Class] [forName] [FindClass][String] [java.util.List]
D/S4URC   ( 2651): [SDK] [java.lang.Class] [forName] [FindClass][String] [u.aly.av$b]
D/S4URC   ( 2651): [SDK] [java.lang.Class] [forName] [FindClass][String] [u.aly.av$g]
D/S4URC   ( 2651): [SDK] [java.lang.Class] [forName] [FindClass][String] [java.util.Map]
D/S4URC   ( 2651): [SDK] [java.lang.Class] [forName] [FindClass][String] [u.aly.av$c]
D/S4URC   ( 2651): [SDK] [java.lang.Class] [forName] [FindClass][String] [u.aly.av$d]
D/S4URC   ( 2651): [SDK] [java.lang.Class] [forName] [FindClass][String] [java.util.List]
D/S4URC   ( 2651): [SDK] [java.lang.Class] [forName] [FindClass][String] [java.lang.String]
D/S4URC   ( 2651): [SDK] [java.lang.Class] [forName] [FindClass][String] [java.util.ArrayList]
D/S4URC   ( 2651): [SDK] [java.lang.Class] [forName] [FindClass][String] [u.aly.av$b]
D/S4URC   ( 2651): [SDK] [java.lang.Class] [forName] [FindClass][String] [u.aly.av$g]
D/S4URC   ( 2651): [SDK] [java.lang.Class] [forName] [FindClass][String] [java.lang.Integer]
D/S4URC   ( 2651): [SDK] [java.lang.Class] [forName] [FindClass][String] [java.lang.Number]
D/S4URC   ( 2651): [SDK] [java.lang.Class] [forName] [FindClass][String] [java.util.HashMap]
D/S4URC   ( 2651): [SDK] [java.lang.Class] [forName] [FindClass][String] [u.aly.av$c]
D/S4URC   ( 2651): [SDK] [java.lang.Class] [forName] [FindClass][String] [java.lang.String]
D/S4URC   ( 2651): [SDK] [java.lang.Class] [forName] [FindClass][String] [u.aly.av$d]
D/S4URC   ( 2651): [SDK] [java.lang.Class] [forName] [FindClass][String] [java.util.Map]
D/S4URC   ( 2651): [SDK] [android.content.ContextWrapper][getSharedPreferences] [File][umeng_general_config.xml] [MODE][MODE_PRIVATE]
D/S4URC   ( 2651): [SDK] [android.content.ContextWrapper][getSharedPreferences] [File][umeng_general_config.xml] [MODE][MODE_PRIVATE] [Method][getString] [String][session_id] [Return][null]
D/S4URC   ( 2651): [SDK] [android.content.ContextWrapper][getSharedPreferences] [File][umeng_general_config.xml] [MODE][MODE_PRIVATE]
D/S4URC   ( 2651): [SDK] [android.content.ContextWrapper][getSharedPreferences] [File][umeng_general_config.xml] [MODE][MODE_PRIVATE] [Method][getInt] [Int][versioncode] [Return][0]
D/S4URC   ( 2651): [SDK] [android.app.ApplicationPackageManager] [getPackageInfo] [FindPackageName][String] [com.socialnmobile.dictapps.notepad.color.note1]
D/S4URC   ( 2651): [SDK] [java.io.File] [exists] [FilePath][String] [/data/data/com.socialnmobile.dictapps.notepad.color.note1/files]
D/S4URC   ( 2651): [SDK] [java.io.File] [getPath] [FilePath][String] [/data/data/com.socialnmobile.dictapps.notepad.color.note1/files/mobclick_agent_cached_com.socialnmobile.dictapps.notepad.color.note1101]
D/S4URC   ( 2651): [SDK] [java.lang.Class] [forName] [FindClass][String] [com.google.android.gms.ads.identifier.AdvertisingIdClient]
D/S4URC   ( 2651): [SDK] [android.app.ApplicationPackageManager] [getPackageInfo] [FindPackageName][String] [com.android.vending]
D/S4URC   ( 2651): [SDK] [java.io.File] [exists] [FilePath][String] [/data/data/com.socialnmobile.dictapps.notepad.color.note1/files]
D/S4URC   ( 2651): [SDK] [java.io.File] [getPath] [FilePath][String] [/data/data/com.socialnmobile.dictapps.notepad.color.note1/files]
D/S4URC   ( 2651): [SDK] [java.io.File] [getPath] [FilePath][String] [/data/data/com.socialnmobile.dictapps.notepad.color.note1/files/AdjustIoPackageQueue]
D/S4URC   ( 2651): [SDK] [android.app.ApplicationPackageManager] [getPackageInfo] [FindPackageName][String] [com.android.vending]
D/S4URC   ( 2651): [SDK] [android.app.ApplicationPackageManager] [getPackageInfo] [FindPackageName][String] [com.google.android.gms]
D/S4URC   ( 2651): [SDK] [android.content.Intent] [Constructor] [IntentInfo][String] [com.google.android.gms.ads.identifier.service.START]
D/S4URC   ( 2623): [SDK] [android.content.Intent] [Constructor] [IntentInfo][String] [virtual.android.intent.action.PACKAGE_ADDED]
D/S4URC   ( 2651): [SDK] [android.content.ContextWrapper][getSharedPreferences] [File][umeng_general_config.xml] [MODE][MODE_PRIVATE]
D/S4URC   ( 2651): [SDK] [android.content.ContextWrapper][getSharedPreferences] [File][umeng_general_config.xml] [MODE][MODE_PRIVATE] [Method][putLong] [Key][thtstart] [Value][0]
D/S4URC   ( 2651): [SDK] [android.content.ContextWrapper][getSharedPreferences] [File][umeng_general_config.xml] [MODE][MODE_PRIVATE] [Method][putInt] [Key][gkvc] [Value][0]
D/S4URC   ( 2651): [SDK] [android.content.ContextWrapper][getSharedPreferences] [File][umeng_general_config.xml] [MODE][MODE_PRIVATE] [Method][putInt] [Key][ekvc] [Value][0]
D/S4URC   ( 2651): [SDK] [java.io.File] [exists] [FilePath][String] [/data/data/com.socialnmobile.dictapps.notepad.color.note1/shared_prefs/umeng_general_config.xml]
D/S4URC   ( 2651): [SDK] [android.content.ContextWrapper][getSharedPreferences] [File][umeng_general_config.xml] [MODE][MODE_PRIVATE] [Method][commit]
D/S4URC   ( 2623): [SDK] [android.content.Intent] [Constructor] [IntentInfo][String] [android.accounts.AccountAuthenticator]
D/S4URC   ( 2600): [SDK] [android.app.ApplicationPackageManager] [getApplicationInfo] [FindApplicationName][String] [com.google.android.gsf.login]
D/S4URC   ( 2623): [SDK] [java.io.File] [Constructor] [FilePath][String] [/system/priv-app/GoogleLoginService/GoogleLoginService.apk]
D/S4URC   ( 2623): [SDK] [java.io.File] [exists] [FilePath][String] [/system/priv-app/GoogleLoginService/GoogleLoginService.apk]
D/S4URC   ( 2623): [SDK] [java.io.File] [isFile] [FilePath][String] [/system/priv-app/GoogleLoginService/GoogleLoginService.apk]
D/S4URC   ( 2623): [SDK] [java.io.File] [isDirectory] [FilePath][String] [/system/priv-app/GoogleLoginService/GoogleLoginService.apk]
D/S4URC   ( 2651): [SDK] [java.lang.Class] [forName] [FindClass][String] [com.google.android.gms.ads.identifier.AdvertisingIdClient]
D/S4URC   ( 2651): [SDK] [android.app.ApplicationPackageManager] [getPackageInfo] [FindPackageName][String] [com.android.vending]
D/S4URC   ( 2651): [SDK] [android.app.ApplicationPackageManager] [getPackageInfo] [FindPackageName][String] [com.google.android.gms]
D/S4URC   ( 2651): [SDK] [android.content.Intent] [Constructor] [IntentInfo][String] [com.google.android.gms.ads.identifier.service.START]
D/S4URC   ( 2623): [SDK] [java.io.File] [getPath] [FilePath][String] [/data/user/0/com.socialnmobile.dictapps.notepad.color.note1/virtual/data]
D/S4URC   ( 2623): [SDK] [java.io.File] [exists] [FilePath][String] [/data/user/0/com.socialnmobile.dictapps.notepad.color.note1/virtual/data/app]
D/S4URC   ( 2623): [SDK] [java.io.File] [getPath] [FilePath][String] [/data/user/0/com.socialnmobile.dictapps.notepad.color.note1/virtual/data/app]
D/S4URC   ( 2623): [SDK] [java.io.File] [exists] [FilePath][String] [/data/user/0/com.socialnmobile.dictapps.notepad.color.note1/virtual/data/app/com.google.android.gsf.login]
D/S4URC   ( 2623): [SDK] [java.io.File] [mkdirs] [FilePath][String] [/data/user/0/com.socialnmobile.dictapps.notepad.color.note1/virtual/data/app/com.google.android.gsf.login]
D/S4URC   ( 2623): [SDK] [java.io.File] [getPath] [FilePath][String] [/data/user/0/com.socialnmobile.dictapps.notepad.color.note1/virtual/data/app/com.google.android.gsf.login]
D/S4URC   ( 2623): [SDK] [java.io.File] [exists] [FilePath][String] [/data/user/0/com.socialnmobile.dictapps.notepad.color.note1/virtual/data/app/com.google.android.gsf.login/lib]
D/S4URC   ( 2623): [SDK] [java.io.File] [mkdirs] [FilePath][String] [/data/user/0/com.socialnmobile.dictapps.notepad.color.note1/virtual/data/app/com.google.android.gsf.login/lib]
D/S4URC   ( 2623): [SDK] [android.app.ApplicationPackageManager] [getApplicationInfo] [FindApplicationName][String] [com.google.android.gsf.login]
D/S4URC   ( 2623): [SDK] [java.io.File] [Constructor] [FilePath][String] [/system/priv-app/GoogleLoginService/GoogleLoginService.apk]
D/S4URC   ( 2623): [SDK] [java.io.File] [isDirectory] [FilePath][String] [/system/priv-app/GoogleLoginService/GoogleLoginService.apk]
D/S4URC   ( 2623): [SDK] [java.io.File] [Constructor] [FilePath][String] [/system/priv-app/GoogleLoginService/GoogleLoginService.apk]
D/S4URC   ( 2623): [SDK] [java.io.File] [getPath] [FilePath][String] [/system/priv-app/GoogleLoginService/GoogleLoginService.apk]
D/S4URC   ( 2623): [SDK] [java.io.File] [Constructor] [FilePath][String] [/system/priv-app/GoogleLoginService/GoogleLoginService.apk]
D/S4URC   ( 2623): [SDK] [java.io.File] [getPath] [FilePath][String] [/system/priv-app/GoogleLoginService/GoogleLoginService.apk]
D/S4URC   ( 2623): [SDK] [java.io.File] [getPath] [FilePath][String] [/data/user/0/com.socialnmobile.dictapps.notepad.color.note1/virtual/data/app/com.google.android.gsf.login/lib]
D/S4URC   ( 2623): [SDK] [java.io.File] [getPath] [FilePath][String] [/data/user/0/com.socialnmobile.dictapps.notepad.color.note1/virtual/data/app/com.google.android.gsf.login]
D/S4URC   ( 2623): [SDK] [java.io.File] [exists] [FilePath][String] [/data/user/0/com.socialnmobile.dictapps.notepad.color.note1/virtual/data/app/com.google.android.gsf.login/oat]
D/S4URC   ( 2623): [SDK] [java.io.File] [mkdirs] [FilePath][String] [/data/user/0/com.socialnmobile.dictapps.notepad.color.note1/virtual/data/app/com.google.android.gsf.login/oat]
D/S4URC   ( 2623): [SDK] [java.io.File] [getPath] [FilePath][String] [/data/user/0/com.socialnmobile.dictapps.notepad.color.note1/virtual/data/app/com.google.android.gsf.login/oat]
D/S4URC   ( 2623): [SDK] [android.content.Intent] [Constructor] [IntentInfo][String] [virtual.android.intent.action.PACKAGE_ADDED]
D/S4URC   ( 2623): [SDK] [android.content.Intent] [Constructor] [IntentInfo][String] [android.accounts.AccountAuthenticator]
D/S4URC   ( 2600): [SDK] [android.app.ApplicationPackageManager] [getApplicationInfo] [FindApplicationName][String] [com.google.android.gms]
D/S4URC   ( 2623): [SDK] [java.io.File] [Constructor] [FilePath][String] [/data/app/com.google.android.gms-1/base.apk]
D/S4URC   ( 2623): [SDK] [java.io.File] [exists] [FilePath][String] [/data/app/com.google.android.gms-1/base.apk]
D/S4URC   ( 2623): [SDK] [java.io.File] [isFile] [FilePath][String] [/data/app/com.google.android.gms-1/base.apk]
D/S4URC   ( 2623): [SDK] [java.io.File] [isDirectory] [FilePath][String] [/data/app/com.google.android.gms-1/base.apk]
D/S4URC   ( 2623): [SDK] [java.io.File] [getPath] [FilePath][String] [/data/user/0/com.socialnmobile.dictapps.notepad.color.note1/virtual/data]
D/S4URC   ( 2623): [SDK] [java.io.File] [exists] [FilePath][String] [/data/user/0/com.socialnmobile.dictapps.notepad.color.note1/virtual/data/app]
D/S4URC   ( 2623): [SDK] [java.io.File] [getPath] [FilePath][String] [/data/user/0/com.socialnmobile.dictapps.notepad.color.note1/virtual/data/app]
D/S4URC   ( 2623): [SDK] [java.io.File] [exists] [FilePath][String] [/data/user/0/com.socialnmobile.dictapps.notepad.color.note1/virtual/data/app/com.google.android.gms]
D/S4URC   ( 2623): [SDK] [java.io.File] [mkdirs] [FilePath][String] [/data/user/0/com.socialnmobile.dictapps.notepad.color.note1/virtual/data/app/com.google.android.gms]
D/S4URC   ( 2623): [SDK] [java.io.File] [getPath] [FilePath][String] [/data/user/0/com.socialnmobile.dictapps.notepad.color.note1/virtual/data/app/com.google.android.gms]
D/S4URC   ( 2623): [SDK] [java.io.File] [exists] [FilePath][String] [/data/user/0/com.socialnmobile.dictapps.notepad.color.note1/virtual/data/app/com.google.android.gms/lib]
D/S4URC   ( 2623): [SDK] [java.io.File] [mkdirs] [FilePath][String] [/data/user/0/com.socialnmobile.dictapps.notepad.color.note1/virtual/data/app/com.google.android.gms/lib]
D/S4URC   ( 2623): [SDK] [android.app.ApplicationPackageManager] [getApplicationInfo] [FindApplicationName][String] [com.google.android.gms]
D/S4URC   ( 2623): [SDK] [java.io.File] [Constructor] [FilePath][String] [/data/app/com.google.android.gms-1/base.apk]
D/S4URC   ( 2623): [SDK] [java.io.File] [isDirectory] [FilePath][String] [/data/app/com.google.android.gms-1/base.apk]
D/S4URC   ( 2623): [SDK] [java.io.File] [Constructor] [FilePath][String] [/data/app/com.google.android.gms-1/base.apk]
D/S4URC   ( 2623): [SDK] [java.io.File] [getPath] [FilePath][String] [/data/app/com.google.android.gms-1/base.apk]
D/S4URC   ( 2623): [SDK] [java.io.File] [Constructor] [FilePath][String] [/data/app/com.google.android.gms-1/base.apk]
D/S4URC   ( 2623): [SDK] [java.io.File] [getPath] [FilePath][String] [/data/app/com.google.android.gms-1/base.apk]
D/S4URC   ( 2623): [SDK] [java.io.File] [getPath] [FilePath][String] [/data/user/0/com.socialnmobile.dictapps.notepad.color.note1/virtual/data/app/com.google.android.gms/lib]
D/S4URC   ( 2623): [SDK] [java.io.File] [getPath] [FilePath][String] [/data/app/com.google.android.gms-1/base.apk]
D/S4URC   ( 2623): [SDK] [java.io.File] [getPath] [FilePath][String] [/data/user/0/com.socialnmobile.dictapps.notepad.color.note1/virtual/data/app/com.google.android.gms/lib]
D/S4URC   ( 2623): [SDK] [java.io.File] [getPath] [FilePath][String] [/data/user/0/com.socialnmobile.dictapps.notepad.color.note1/virtual/data/app/com.google.android.gms]
