D/S4URC   ( 2133): [NDK] [SYSCALL] [stat] [PATH][string] [/system/etc/security/cacerts/399e7759.0]
D/S4URC   ( 2133): [SDK] [java.io.File] [isFile] [FilePath][String] [/system/etc/security/cacerts/399e7759.0]
D/S4URC   ( 2133): [NDK] [SYSCALL] [stat] [PATH][string] [/system/etc/security/cacerts/399e7759.0]
D/S4URC   ( 2133): [SDK] [java.io.File] [getPath] [FilePath][String] [/system/etc/security/cacerts/399e7759.0]
D/S4URC   ( 2133): [SDK] [java.io.File] [getPath] [FilePath][String] [/data/misc/user/0/cacerts-removed]
D/S4URC   ( 2133): [SDK] [java.io.File] [isFile] [FilePath][String] [/data/misc/user/0/cacerts-removed/399e7759.0]
D/S4URC   ( 2133): [NDK] [SYSCALL] [stat] [PATH][string] [/data/misc/user/0/cacerts-removed/399e7759.0]
D/S4URC   ( 2133): [SDK] [java.io.File] [getPath] [FilePath][String] [/data/misc/user/0/cacerts-removed]
D/S4URC   ( 2133): [SDK] [java.io.File] [isFile] [FilePath][String] [/data/misc/user/0/cacerts-removed/399e7759.0]
D/S4URC   ( 2133): [NDK] [SYSCALL] [stat] [PATH][string] [/data/misc/user/0/cacerts-removed/399e7759.0]
D/S4URC   ( 2133): [SDK] [java.io.File] [exists] [FilePath][String] [/data/misc/user/0/cacerts-removed/399e7759.0]
D/S4URC   ( 2133): [NDK] [SYSCALL] [access] [PATH][string] [/data/misc/user/0/cacerts-removed/399e7759.0]
D/S4URC   ( 2133): [SDK] [java.io.File] [exists] [FilePath][String] [/data/misc/user/0/cacerts-removed/399e7759.0]
D/S4URC   ( 2133): [NDK] [SYSCALL] [access] [PATH][string] [/data/misc/user/0/cacerts-removed/399e7759.0]
D/S4URC   ( 2133): [SDK] [java.io.File] [getPath] [FilePath][String] [/data/misc/keychain/pins]
D/S4URC   ( 2133): [NDK] [SYSCALL] [open] [PATH][string] [/data/misc/keychain/pins] [RETURN][int] [-1]
D/S4URC   ( 2133): [SDK] [java.io.File] [Constructor] [FilePath][String] [/data/misc/keychain/pubkey_blacklist.txt]
D/S4URC   ( 2133): [SDK] [java.io.File] [getPath] [FilePath][String] [/data/misc/keychain/pubkey_blacklist.txt]
D/S4URC   ( 2133): [NDK] [SYSCALL] [open] [PATH][string] [/data/misc/keychain/pubkey_blacklist.txt] [RETURN][int] [28]
D/S4URC   ( 2133): [SDK] [java.io.File] [getPath] [FilePath][String] [/data/misc/keychain/pins]
D/S4URC   ( 2133): [NDK] [SYSCALL] [open] [PATH][string] [/data/misc/keychain/pins] [RETURN][int] [-1]
D/S4URC   ( 2133): [SDK] [java.io.File] [Constructor] [FilePath][String] [/data/misc/keychain/serial_blacklist.txt]
D/S4URC   ( 2133): [SDK] [java.io.File] [getPath] [FilePath][String] [/data/misc/keychain/serial_blacklist.txt]
D/S4URC   ( 2133): [NDK] [SYSCALL] [open] [PATH][string] [/data/misc/keychain/serial_blacklist.txt] [RETURN][int] [28]
D/S4URC   ( 2133): [SDK] [java.lang.Class] [forName] [FindClass][String] [com.android.org.conscrypt.OpenSSLMessageDigestJDK$SHA1]
D/S4URC   ( 2133): [SDK] [java.io.File] [Constructor] [FilePath][String] [/system/app/Superuser.apk]
D/S4URC   ( 2133): [SDK] [java.io.File] [exists] [FilePath][String] [/system/app/Superuser.apk]
D/S4URC   ( 2133): [NDK] [SYSCALL] [access] [PATH][string] [/system/app/Superuser.apk]
D/S4URC   ( 2133): [SDK] [java.lang.Runtime] [exec] [Command][String] [/system/xbin/whichsu]
D/S4URC   ( 2501): [NDK] [SYSCALL] [getdents] [PATH][string] [.]
D/S4URC   ( 2240): [SDK] [java.io.File] [getPath] [FilePath][String] [/data/data/com.wokxecc.ddvwmop/shared_prefs/com.wokxecc.ddvwmop_preferences.xml]
D/S4URC   ( 2240): [SDK] [android.content.ContextWrapper][getSharedPreferences] [File][com.wokxecc.ddvwmop_preferences.xml] [MODE][MODE_PRIVATE]
D/S4URC   ( 2240): [SDK] [javax.crypto.spec.PBEKeySpec][Constructor] [Password][com.wokxecc.ddvwmop] [Salt][unknown]
D/S4URC   ( 2133): [SDK] [android.telephony.TelephonyManager] [getLine1Number]
D/S4URC   ( 2133): [SDK] [android.telephony.TelephonyManager] [getSubscriberId]
D/S4URC   ( 2133): [SDK] [android.content.ContextWrapper][getSharedPreferences] [File][Preferences.xml] [MODE][MODE_PRIVATE] [Method][getString] [String][mobile] [Return][null]
D/S4URC   ( 2133): [SDK] [android.content.ContextWrapper][getSharedPreferences] [File][Preferences.xml] [MODE][MODE_PRIVATE] [Method][getString] [String][agent] [Return][Dalvik/2.1.0 (Linux; U; Android 5.1.1; galaxys5 Build/LMY49J)]
D/S4URC   ( 2133): [SDK] [java.io.File] [Constructor] [FilePath][String] [/data/data/com.wokxecc.ddvwmop/files/lastCrashID]
D/S4URC   ( 2133): [SDK] [java.io.File] [exists] [FilePath][String] [/data/data/com.wokxecc.ddvwmop/files/lastCrashID]
D/S4URC   ( 2133): [NDK] [SYSCALL] [access] [PATH][string] [/data/data/com.wokxecc.ddvwmop/files/lastCrashID]
D/S4URC   ( 2133): [SDK] [java.io.File] [createNewFile] [FilePath][String] [/data/data/com.wokxecc.ddvwmop/files/lastCrashID]
D/S4URC   ( 2133): [NDK] [SYSCALL] [open] [PATH][string] [/data/data/com.wokxecc.ddvwmop/files/lastCrashID] [RETURN][int] [30]
D/S4URC   ( 2133): [SDK] [java.io.File] [getPath] [FilePath][String] [/data/data/com.wokxecc.ddvwmop/files/lastCrashID]
D/S4URC   ( 2133): [NDK] [SYSCALL] [open] [PATH][string] [/data/data/com.wokxecc.ddvwmop/files/lastCrashID] [RETURN][int] [30]
D/S4URC   ( 2133): [SDK] [java.io.File] [getPath] [FilePath][String] [/data/data/com.wokxecc.ddvwmop/shared_prefs/REMOTESETTINGSSETTINGS.xml]
D/S4URC   ( 2133): [NDK] [SYSCALL] [stat] [PATH][string] [/data/data/com.wokxecc.ddvwmop/shared_prefs/REMOTESETTINGSSETTINGS.xml]
D/S4URC   ( 2133): [SDK] [java.io.File] [Constructor] [FilePath][String] [/data/data/com.wokxecc.ddvwmop/files/Mint-lastsavedfile]
D/S4URC   ( 2133): [SDK] [java.io.File] [getPath] [FilePath][String] [/data/data/com.wokxecc.ddvwmop/files/Mint-lastsavedfile]
D/S4URC   ( 2133): [SDK] [android.content.ContextWrapper][getSharedPreferences] [File][REMOTESETTINGSSETTINGS.xml] [MODE][MODE_PRIVATE]
D/S4URC   ( 2133): [NDK] [SYSCALL] [open] [PATH][string] [/data/data/com.wokxecc.ddvwmop/files/Mint-lastsavedfile] [RETURN][int] [-1]
D/S4URC   ( 2133): [SDK] [java.io.File] [Constructor] [FilePath][String] [/data/data/com.wokxecc.ddvwmop/files/MintSavedData-1-1536001388340.json]
D/S4URC   ( 2133): [NDK] [SYSCALL] [stat] [PATH][string] [/data/data/com.wokxecc.ddvwmop/files/MintSavedData-1-1536001388340.json]
D/S4URC   ( 2133): [SDK] [java.io.File] [exists] [FilePath][String] [/data/data/com.wokxecc.ddvwmop/shared_prefs/REMOTESETTINGSSETTINGS.xml.bak]
D/S4URC   ( 2133): [NDK] [SYSCALL] [access] [PATH][string] [/data/data/com.wokxecc.ddvwmop/shared_prefs/REMOTESETTINGSSETTINGS.xml.bak]
D/S4URC   ( 2133): [SDK] [java.io.File] [exists] [FilePath][String] [/data/data/com.wokxecc.ddvwmop/shared_prefs/REMOTESETTINGSSETTINGS.xml]
D/S4URC   ( 2133): [NDK] [SYSCALL] [access] [PATH][string] [/data/data/com.wokxecc.ddvwmop/shared_prefs/REMOTESETTINGSSETTINGS.xml]
D/S4URC   ( 2133): [SDK] [java.io.File] [getPath] [FilePath][String] [/data/data/com.wokxecc.ddvwmop/shared_prefs/REMOTESETTINGSSETTINGS.xml]
D/S4URC   ( 2133): [NDK] [SYSCALL] [stat] [PATH][string] [/data/data/com.wokxecc.ddvwmop/shared_prefs/REMOTESETTINGSSETTINGS.xml]
D/S4URC   ( 2133): [SDK] [java.io.File] [exists] [FilePath][String] [/data/data/com.wokxecc.ddvwmop/files/MintSavedData-1-1536001388340.json]
D/S4URC   ( 2133): [NDK] [SYSCALL] [access] [PATH][string] [/data/data/com.wokxecc.ddvwmop/files/MintSavedData-1-1536001388340.json]
D/S4URC   ( 2133): [SDK] [java.io.File] [createNewFile] [FilePath][String] [/data/data/com.wokxecc.ddvwmop/files/MintSavedData-1-1536001388340.json]
D/S4URC   ( 2133): [NDK] [SYSCALL] [open] [PATH][string] [/data/data/com.wokxecc.ddvwmop/files/MintSavedData-1-1536001388340.json] [RETURN][int] [30]
D/S4URC   ( 2133): [SDK] [android.content.ContextWrapper][getSharedPreferences] [File][REMOTESETTINGSSETTINGS.xml] [MODE][MODE_PRIVATE] [Method][putInt] [Key][logLevel] [Value][6]
D/S4URC   ( 2133): [SDK] [java.io.File] [getPath] [FilePath][String] [/data/data/com.wokxecc.ddvwmop/files/MintSavedData-1-1536001388340.json]
D/S4URC   ( 2133): [SDK] [android.content.ContextWrapper][getSharedPreferences] [File][REMOTESETTINGSSETTINGS.xml] [MODE][MODE_PRIVATE] [Method][putInt] [Key][eventLevel] [Value][4]
D/S4URC   ( 2133): [SDK] [android.content.ContextWrapper][getSharedPreferences] [File][REMOTESETTINGSSETTINGS.xml] [MODE][MODE_PRIVATE] [Method][putBoolean] [Key][netMonitoring] [Value][true]
D/S4URC   ( 2133): [NDK] [SYSCALL] [open] [PATH][string] [/data/data/com.wokxecc.ddvwmop/files/MintSavedData-1-1536001388340.json] [RETURN][int] [30]
D/S4URC   ( 2133): [SDK] [android.content.ContextWrapper][getSharedPreferences] [File][REMOTESETTINGSSETTINGS.xml] [MODE][MODE_PRIVATE] [Method][putInt] [Key][sessionTime] [Value][30]
D/S4URC   ( 2133): [SDK] [android.content.ContextWrapper][getSharedPreferences] [File][REMOTESETTINGSSETTINGS.xml] [MODE][MODE_PRIVATE] [Method][putString] [Key][devSettings] [Value][{"dev":"true"}]
D/S4URC   ( 2133): [SDK] [android.content.ContextWrapper][getSharedPreferences] [File][REMOTESETTINGSSETTINGS.xml] [MODE][MODE_PRIVATE] [Method][putString] [Key][hashCode] [Value][a9e8edae1d14f466f58143af47ec93b736d7f1679ab5389e35b1d4d67a766b5f]
D/S4URC   ( 2133): [SDK] [java.io.File] [exists] [FilePath][String] [/data/data/com.wokxecc.ddvwmop/shared_prefs/REMOTESETTINGSSETTINGS.xml]
D/S4URC   ( 2133): [NDK] [SYSCALL] [access] [PATH][string] [/data/data/com.wokxecc.ddvwmop/shared_prefs/REMOTESETTINGSSETTINGS.xml]
D/S4URC   ( 2133): [SDK] [java.io.File] [getPath] [FilePath][String] [/data/data/com.wokxecc.ddvwmop/shared_prefs/REMOTESETTINGSSETTINGS.xml]
D/S4URC   ( 2133): [SDK] [java.io.File] [getName] [FilePath][String] [/data/data/com.wokxecc.ddvwmop/files/MintSavedData-1-1536001388340.json]
D/S4URC   ( 2133): [NDK] [SYSCALL] [open] [PATH][string] [/data/data/com.wokxecc.ddvwmop/shared_prefs/REMOTESETTINGSSETTINGS.xml] [RETURN][int] [32]
D/S4URC   ( 2133): [SDK] [java.io.File] [Constructor] [FilePath][String] [/data/data/com.wokxecc.ddvwmop/files/Mint-lastsavedfile]
D/S4URC   ( 2133): [SDK] [java.io.File] [exists] [FilePath][String] [/data/data/com.wokxecc.ddvwmop/files/Mint-lastsavedfile]
D/S4URC   ( 2133): [NDK] [SYSCALL] [access] [PATH][string] [/data/data/com.wokxecc.ddvwmop/files/Mint-lastsavedfile]
D/S4URC   ( 2133): [SDK] [java.io.File] [delete] [FilePath][String] [/data/data/com.wokxecc.ddvwmop/files/Mint-lastsavedfile]
D/S4URC   ( 2133): [NDK] [SYSCALL] [lstat] [PATH][string] [/data/data/com.wokxecc.ddvwmop/files/Mint-lastsavedfile]
D/S4URC   ( 2133): [SDK] [java.io.File] [createNewFile] [FilePath][String] [/data/data/com.wokxecc.ddvwmop/files/Mint-lastsavedfile]
D/S4URC   ( 2133): [NDK] [SYSCALL] [open] [PATH][string] [/data/data/com.wokxecc.ddvwmop/files/Mint-lastsavedfile] [RETURN][int] [30]
D/S4URC   ( 2133): [SDK] [java.io.File] [getPath] [FilePath][String] [/data/data/com.wokxecc.ddvwmop/files/Mint-lastsavedfile]
D/S4URC   ( 2133): [NDK] [SYSCALL] [open] [PATH][string] [/data/data/com.wokxecc.ddvwmop/files/Mint-lastsavedfile] [RETURN][int] [30]
D/S4URC   ( 2133): [SDK] [java.io.File] [getPath] [FilePath][String] [/data/data/com.wokxecc.ddvwmop/shared_prefs/REMOTESETTINGSSETTINGS.xml]
D/S4URC   ( 2133): [NDK] [SYSCALL] [chmod] [PATH][string] [/data/data/com.wokxecc.ddvwmop/shared_prefs/REMOTESETTINGSSETTINGS.xml] [MODE][int] [0660]
D/S4URC   ( 2133): [SDK] [java.io.File] [getPath] [FilePath][String] [/data/data/com.wokxecc.ddvwmop/shared_prefs/REMOTESETTINGSSETTINGS.xml]
D/S4URC   ( 2133): [NDK] [SYSCALL] [stat] [PATH][string] [/data/data/com.wokxecc.ddvwmop/shared_prefs/REMOTESETTINGSSETTINGS.xml]
D/S4URC   ( 2133): [SDK] [java.io.File] [delete] [FilePath][String] [/data/data/com.wokxecc.ddvwmop/shared_prefs/REMOTESETTINGSSETTINGS.xml.bak]
D/S4URC   ( 2133): [NDK] [SYSCALL] [lstat] [PATH][string] [/data/data/com.wokxecc.ddvwmop/shared_prefs/REMOTESETTINGSSETTINGS.xml.bak]
D/S4URC   ( 2133): [SDK] [android.content.ContextWrapper][getSharedPreferences] [File][REMOTESETTINGSSETTINGS.xml] [MODE][MODE_PRIVATE] [Method][commit]
D/S4URC   ( 2133): [SDK] [java.lang.Class] [forName] [FindClass][String] [java.net.PlainSocketImpl]
D/S4URC   ( 2133): [NDK] [SYSCALL] [socket] [TYPE][string] [TCP]
D/S4URC   ( 2240): [SDK] [android.content.ContextWrapper][getSharedPreferences] [File][com.wokxecc.ddvwmop_preferences.xml] [MODE][MODE_PRIVATE] [Method][getString] [String][wBA6BIJlPmucM1kj2Ff/2hKZBOQah3qectHPf7OQjyQ=] [Return][f5heX8zdPACmqNBNDEnojg==:tM7zsMAseEMyDGJijrmYEDd/FIMf1Re+gEz3bXIicsk=]
D/S4URC   ( 2240): [SDK] [android.content.ContextWrapper][getSharedPreferences] [File][com.wokxecc.ddvwmop_preferences.xml] [MODE][MODE_PRIVATE] [Method][getString] [String][8v+DhgpNwgOYjtGiK6HyEjfwSr29DEyVEQPPvtEh3ng=] [Return][9hLqpG6eZG6g4ko3DzPXyQ==:Ko2pmyKDJqjr5E6lhNou482zOyAOWdQeM2V3ojtihI4=:S6VlRGyQi1adFfeCVwtGPA==]
D/S4URC   ( 2240): [SDK] [javax.crypto.spec.SecretKeySpec][Constructor] [KEY][tM7zsMAseEMyDGJijrmYEDd/FIMf1Re+gEz3bXIicsk=][type][HmacSHA256][javax.crypto.Cipher][getInstance] [Cipher][AES/CBC/PKCS5Padding] [javax.crypto.spec.IvParameterSpec][Constructor] [IV][9hLqpG6eZG6g4ko3DzPXyQ==] [javax.crypto.Cipher][doFinal] [Data][S6VlRGyQi1adFfeCVwtGPA==] [Return][mobproxy.com]
D/S4URC   ( 2240): [SDK] [java.io.File] [getPath] [FilePath][String] [/data/data/com.wokxecc.ddvwmop/shared_prefs/com.wokxecc.ddvwmop_preferences.xml]
D/S4URC   ( 2240): [SDK] [android.content.ContextWrapper][getSharedPreferences] [File][com.wokxecc.ddvwmop_preferences.xml] [MODE][MODE_PRIVATE]
D/S4URC   ( 2240): [SDK] [javax.crypto.spec.PBEKeySpec][Constructor] [Password][com.wokxecc.ddvwmop] [Salt][unknown]
D/S4URC   ( 2240): [SDK] [android.content.ContextWrapper][getSharedPreferences] [File][com.wokxecc.ddvwmop_preferences.xml] [MODE][MODE_PRIVATE] [Method][getString] [String][wBA6BIJlPmucM1kj2Ff/2hKZBOQah3qectHPf7OQjyQ=] [Return][f5heX8zdPACmqNBNDEnojg==:tM7zsMAseEMyDGJijrmYEDd/FIMf1Re+gEz3bXIicsk=]
D/S4URC   ( 2240): [SDK] [javax.crypto.spec.SecretKeySpec][Constructor] [KEY][tM7zsMAseEMyDGJijrmYEDd/FIMf1Re+gEz3bXIicsk=][type][HmacSHA256][javax.crypto.Cipher][getInstance] [Cipher][AES/CBC/PKCS5Padding] [javax.crypto.spec.IvParameterSpec][Constructor] [IV][hfzPPXP+P3jQSuqksIIEoA==] [javax.crypto.Cipher][doFinal] [Data][mobproxy7.com] [Return][WcwSPd11ZTYqGHE3x4i/Uw==]
D/S4URC   ( 2240): [SDK] [android.content.ContextWrapper][getSharedPreferences] [File][com.wokxecc.ddvwmop_preferences.xml] [MODE][MODE_PRIVATE] [Method][putString] [Key][8v+DhgpNwgOYjtGiK6HyEjfwSr29DEyVEQPPvtEh3ng=] [Value][hfzPPXP+P3jQSuqksIIEoA==:De1+n2ZsAJ3BR+3SmXTVCO1XUFTBi/QvS7fAMpfDGTo=:WcwSPd11ZTYqGHE3x4i/Uw==]
D/S4URC   ( 2240): [SDK] [java.io.File] [exists] [FilePath][String] [/data/data/com.wokxecc.ddvwmop/shared_prefs/com.wokxecc.ddvwmop_preferences.xml]
D/S4URC   ( 2240): [SDK] [java.io.File] [exists] [FilePath][String] [/data/data/com.wokxecc.ddvwmop/shared_prefs/com.wokxecc.ddvwmop_preferences.xml.bak]
D/S4URC   ( 2240): [SDK] [java.io.File] [renameTo] [FilePath][String] [/data/data/com.wokxecc.ddvwmop/shared_prefs/com.wokxecc.ddvwmop_preferences.xml] [DesFile][/data/data/com.wokxecc.ddvwmop/shared_prefs/com.wokxecc.ddvwmop_preferences.xml.bak]
D/S4URC   ( 2240): [SDK] [java.io.File] [getPath] [FilePath][String] [/data/data/com.wokxecc.ddvwmop/shared_prefs/com.wokxecc.ddvwmop_preferences.xml]
D/S4URC   ( 2240): [SDK] [java.io.File] [delete] [FilePath][String] [/data/data/com.wokxecc.ddvwmop/shared_prefs/com.wokxecc.ddvwmop_preferences.xml.bak]
D/S4URC   ( 2240): [SDK] [android.content.ContextWrapper][getSharedPreferences] [File][com.wokxecc.ddvwmop_preferences.xml] [MODE][MODE_PRIVATE] [Method][commit]
D/S4URC   ( 2240): [SDK] [java.io.File] [getPath] [FilePath][String] [/data/data/com.wokxecc.ddvwmop/shared_prefs/com.wokxecc.ddvwmop_preferences.xml]
D/S4URC   ( 2240): [SDK] [android.content.ContextWrapper][getSharedPreferences] [File][com.wokxecc.ddvwmop_preferences.xml] [MODE][MODE_PRIVATE]
D/S4URC   ( 2240): [SDK] [javax.crypto.spec.PBEKeySpec][Constructor] [Password][com.wokxecc.ddvwmop] [Salt][unknown]
D/S4URC   ( 2133): [SDK] [java.io.File] [Constructor] [FilePath][String] [/data/data/com.wokxecc.ddvwmop/files/Mint-lastsavedfile]
D/S4URC   ( 2133): [SDK] [java.io.File] [getPath] [FilePath][String] [/data/data/com.wokxecc.ddvwmop/files/Mint-lastsavedfile]
D/S4URC   ( 2133): [NDK] [SYSCALL] [open] [PATH][string] [/data/data/com.wokxecc.ddvwmop/files/Mint-lastsavedfile] [RETURN][int] [28]
D/S4URC   ( 2133): [SDK] [java.io.File] [Constructor] [FilePath][String] [/data/data/com.wokxecc.ddvwmop/files/MintSavedData-1-1536001388340.json]
D/S4URC   ( 2133): [NDK] [SYSCALL] [stat] [PATH][string] [/data/data/com.wokxecc.ddvwmop/files/MintSavedData-1-1536001388340.json]
D/S4URC   ( 2133): [SDK] [java.io.File] [exists] [FilePath][String] [/data/data/com.wokxecc.ddvwmop/files/MintSavedData-1-1536001388340.json]
D/S4URC   ( 2133): [NDK] [SYSCALL] [access] [PATH][string] [/data/data/com.wokxecc.ddvwmop/files/MintSavedData-1-1536001388340.json]
D/S4URC   ( 2133): [SDK] [java.io.File] [getPath] [FilePath][String] [/data/data/com.wokxecc.ddvwmop/files/MintSavedData-1-1536001388340.json]
D/S4URC   ( 2133): [NDK] [SYSCALL] [open] [PATH][string] [/data/data/com.wokxecc.ddvwmop/files/MintSavedData-1-1536001388340.json] [RETURN][int] [28]
D/S4URC   ( 2133): [SDK] [java.io.File] [getName] [FilePath][String] [/data/data/com.wokxecc.ddvwmop/files/MintSavedData-1-1536001388340.json]
D/S4URC   ( 2133): [SDK] [java.io.File] [Constructor] [FilePath][String] [/data/data/com.wokxecc.ddvwmop/files/Mint-lastsavedfile]
D/S4URC   ( 2133): [SDK] [java.io.File] [exists] [FilePath][String] [/data/data/com.wokxecc.ddvwmop/files/Mint-lastsavedfile]
D/S4URC   ( 2133): [NDK] [SYSCALL] [access] [PATH][string] [/data/data/com.wokxecc.ddvwmop/files/Mint-lastsavedfile]
D/S4URC   ( 2133): [SDK] [java.io.File] [getPath] [FilePath][String] [/data/data/com.wokxecc.ddvwmop/files/Mint-lastsavedfile]
D/S4URC   ( 2133): [NDK] [SYSCALL] [open] [PATH][string] [/data/data/com.wokxecc.ddvwmop/files/Mint-lastsavedfile] [RETURN][int] [21]
D/S4URC   ( 2133): [SDK] [java.io.File] [Constructor] [FilePath][String] [/system/app/Superuser.apk]
D/S4URC   ( 2133): [SDK] [java.io.File] [exists] [FilePath][String] [/system/app/Superuser.apk]
D/S4URC   ( 2133): [NDK] [SYSCALL] [access] [PATH][string] [/system/app/Superuser.apk]
D/S4URC   ( 2133): [SDK] [java.lang.Runtime] [exec] [Command][String] [/system/xbin/whichsu]
D/S4URC   ( 2521): [NDK] [SYSCALL] [getdents] [PATH][string] [.]
D/S4URC   ( 2133): [SDK] [android.telephony.TelephonyManager] [getLine1Number]
D/S4URC   ( 2133): [SDK] [android.telephony.TelephonyManager] [getSubscriberId]
D/S4URC   ( 2133):  [Method][getString] [String][mobile] [Return][null]
D/S4URC   ( 2133):  [Method][getString] [String][agent] [Return][Dalvik/2.1.0 (Linux; U; Android 5.1.1; galaxys5 Build/LMY49J)]
D/S4URC   ( 2240): [SDK] [android.content.ContextWrapper][getSharedPreferences] [File][com.wokxecc.ddvwmop_preferences.xml] [MODE][MODE_PRIVATE] [Method][getString] [String][wBA6BIJlPmucM1kj2Ff/2hKZBOQah3qectHPf7OQjyQ=] [Return][f5heX8zdPACmqNBNDEnojg==:tM7zsMAseEMyDGJijrmYEDd/FIMf1Re+gEz3bXIicsk=]
D/S4URC   ( 2240): [SDK] [android.content.ContextWrapper][getSharedPreferences] [File][com.wokxecc.ddvwmop_preferences.xml] [MODE][MODE_PRIVATE] [Method][getString] [String][8v+DhgpNwgOYjtGiK6HyEjfwSr29DEyVEQPPvtEh3ng=] [Return][hfzPPXP+P3jQSuqksIIEoA==:De1+n2ZsAJ3BR+3SmXTVCO1XUFTBi/QvS7fAMpfDGTo=:WcwSPd11ZTYqGHE3x4i/Uw==]
D/S4URC   ( 2240): [SDK] [javax.crypto.spec.SecretKeySpec][Constructor] [KEY][tM7zsMAseEMyDGJijrmYEDd/FIMf1Re+gEz3bXIicsk=][type][HmacSHA256][javax.crypto.Cipher][getInstance] [Cipher][AES/CBC/PKCS5Padding] [javax.crypto.spec.IvParameterSpec][Constructor] [IV][hfzPPXP+P3jQSuqksIIEoA==] [javax.crypto.Cipher][doFinal] [Data][WcwSPd11ZTYqGHE3x4i/Uw==] [Return][mobproxy7.com]
D/S4URC   ( 2240): [SDK] [java.io.File] [getPath] [FilePath][String] [/data/data/com.wokxecc.ddvwmop/shared_prefs/com.wokxecc.ddvwmop_preferences.xml]
D/S4URC   ( 2240): [SDK] [android.content.ContextWrapper][getSharedPreferences] [File][com.wokxecc.ddvwmop_preferences.xml] [MODE][MODE_PRIVATE]
D/S4URC   ( 2240): [SDK] [javax.crypto.spec.PBEKeySpec][Constructor] [Password][com.wokxecc.ddvwmop] [Salt][unknown]
D/S4URC   ( 2133): [SDK] [java.lang.Class] [forName] [FindClass][String] [java.net.PlainSocketImpl]
D/S4URC   ( 2133): [NDK] [SYSCALL] [socket] [TYPE][string] [TCP]
D/S4URC   ( 2240): [SDK] [android.content.ContextWrapper][getSharedPreferences] [File][com.wokxecc.ddvwmop_preferences.xml] [MODE][MODE_PRIVATE] [Method][getString] [String][wBA6BIJlPmucM1kj2Ff/2hKZBOQah3qectHPf7OQjyQ=] [Return][f5heX8zdPACmqNBNDEnojg==:tM7zsMAseEMyDGJijrmYEDd/FIMf1Re+gEz3bXIicsk=]
D/S4URC   ( 2240): [SDK] [android.content.ContextWrapper][getSharedPreferences] [File][com.wokxecc.ddvwmop_preferences.xml] [MODE][MODE_PRIVATE] [Method][getString] [String][KTG81sSjZqvKo7LXRs0+R1OcEkazrNv6w297XBpYnVs=] [Return][w+1xDe4xVDkT446lYLB95A==:b96EqMu1vs6luh5CfOP2F9sXEErQ+yjQfG/RFldGNPs=:TAvCI22xMwqkRIf3iYd4Pw==]
D/S4URC   ( 2240): [SDK] [javax.crypto.spec.SecretKeySpec][Constructor] [KEY][tM7zsMAseEMyDGJijrmYEDd/FIMf1Re+gEz3bXIicsk=][type][HmacSHA256][javax.crypto.Cipher][getInstance] [Cipher][AES/CBC/PKCS5Padding] [javax.crypto.spec.IvParameterSpec][Constructor] [IV][w+1xDe4xVDkT446lYLB95A==] [javax.crypto.Cipher][doFinal] [Data][TAvCI22xMwqkRIf3iYd4Pw==] [Return][-1]
D/S4URC   ( 2240): [SDK] [java.io.File] [getPath] [FilePath][String] [/data/data/com.wokxecc.ddvwmop/shared_prefs/com.wokxecc.ddvwmop_preferences.xml]
D/S4URC   ( 2240): [SDK] [android.content.ContextWrapper][getSharedPreferences] [File][com.wokxecc.ddvwmop_preferences.xml] [MODE][MODE_PRIVATE]
D/S4URC   ( 2240): [SDK] [javax.crypto.spec.PBEKeySpec][Constructor] [Password][com.wokxecc.ddvwmop] [Salt][unknown]
D/S4URC   ( 2240): [SDK] [android.content.ContextWrapper][getSharedPreferences] [File][com.wokxecc.ddvwmop_preferences.xml] [MODE][MODE_PRIVATE] [Method][getString] [String][wBA6BIJlPmucM1kj2Ff/2hKZBOQah3qectHPf7OQjyQ=] [Return][f5heX8zdPACmqNBNDEnojg==:tM7zsMAseEMyDGJijrmYEDd/FIMf1Re+gEz3bXIicsk=]
D/S4URC   ( 2240): [SDK] [javax.crypto.spec.SecretKeySpec][Constructor] [KEY][tM7zsMAseEMyDGJijrmYEDd/FIMf1Re+gEz3bXIicsk=][type][HmacSHA256][javax.crypto.Cipher][getInstance] [Cipher][AES/CBC/PKCS5Padding] [javax.crypto.spec.IvParameterSpec][Constructor] [IV][QFIo7Uinuu4eMvGSGYqctQ==] [javax.crypto.Cipher][doFinal] [Data][mobproxy7.com] [Return][n/tWjTagUR6Eetn89+q0qA==]
D/S4URC   ( 2240): [SDK] [android.content.ContextWrapper][getSharedPreferences] [File][com.wokxecc.ddvwmop_preferences.xml] [MODE][MODE_PRIVATE] [Method][putString] [Key][8v+DhgpNwgOYjtGiK6HyEjfwSr29DEyVEQPPvtEh3ng=] [Value][QFIo7Uinuu4eMvGSGYqctQ==:1O82nzXVa5J3RaHuNQFpRulYlG/MsC2NJSbRvSZrs0E=:n/tWjTagUR6Eetn89+q0qA==]
D/S4URC   ( 2240): [SDK] [java.io.File] [exists] [FilePath][String] [/data/data/com.wokxecc.ddvwmop/shared_prefs/com.wokxecc.ddvwmop_preferences.xml]
D/S4URC   ( 2240): [SDK] [java.io.File] [exists] [FilePath][String] [/data/data/com.wokxecc.ddvwmop/shared_prefs/com.wokxecc.ddvwmop_preferences.xml.bak]
D/S4URC   ( 2240): [SDK] [java.io.File] [renameTo] [FilePath][String] [/data/data/com.wokxecc.ddvwmop/shared_prefs/com.wokxecc.ddvwmop_preferences.xml] [DesFile][/data/data/com.wokxecc.ddvwmop/shared_prefs/com.wokxecc.ddvwmop_preferences.xml.bak]
D/S4URC   ( 2240): [SDK] [java.io.File] [getPath] [FilePath][String] [/data/data/com.wokxecc.ddvwmop/shared_prefs/com.wokxecc.ddvwmop_preferences.xml]
D/S4URC   ( 2240): [SDK] [java.io.File] [delete] [FilePath][String] [/data/data/com.wokxecc.ddvwmop/shared_prefs/com.wokxecc.ddvwmop_preferences.xml.bak]
D/S4URC   ( 2240): [SDK] [android.content.ContextWrapper][getSharedPreferences] [File][com.wokxecc.ddvwmop_preferences.xml] [MODE][MODE_PRIVATE] [Method][commit]
D/S4URC   ( 2240): [SDK] [java.io.File] [getPath] [FilePath][String] [/data/data/com.wokxecc.ddvwmop/shared_prefs/com.wokxecc.ddvwmop_preferences.xml]
D/S4URC   ( 2240): [SDK] [android.content.ContextWrapper][getSharedPreferences] [File][com.wokxecc.ddvwmop_preferences.xml] [MODE][MODE_PRIVATE]
D/S4URC   ( 2240): [SDK] [javax.crypto.spec.PBEKeySpec][Constructor] [Password][com.wokxecc.ddvwmop] [Salt][unknown]
D/S4URC   ( 2240): [SDK] [android.content.ContextWrapper][getSharedPreferences] [File][com.wokxecc.ddvwmop_preferences.xml] [MODE][MODE_PRIVATE] [Method][getString] [String][wBA6BIJlPmucM1kj2Ff/2hKZBOQah3qectHPf7OQjyQ=] [Return][f5heX8zdPACmqNBNDEnojg==:tM7zsMAseEMyDGJijrmYEDd/FIMf1Re+gEz3bXIicsk=]
D/S4URC   ( 2240): [SDK] [android.content.ContextWrapper][getSharedPreferences] [File][com.wokxecc.ddvwmop_preferences.xml] [MODE][MODE_PRIVATE] [Method][getString] [String][KTG81sSjZqvKo7LXRs0+R1OcEkazrNv6w297XBpYnVs=] [Return][w+1xDe4xVDkT446lYLB95A==:b96EqMu1vs6luh5CfOP2F9sXEErQ+yjQfG/RFldGNPs=:TAvCI22xMwqkRIf3iYd4Pw==]
D/S4URC   ( 2240): [SDK] [javax.crypto.spec.SecretKeySpec][Constructor] [KEY][tM7zsMAseEMyDGJijrmYEDd/FIMf1Re+gEz3bXIicsk=][type][HmacSHA256][javax.crypto.Cipher][getInstance] [Cipher][AES/CBC/PKCS5Padding] [javax.crypto.spec.IvParameterSpec][Constructor] [IV][w+1xDe4xVDkT446lYLB95A==] [javax.crypto.Cipher][doFinal] [Data][TAvCI22xMwqkRIf3iYd4Pw==] [Return][-1]
D/S4URC   ( 2240): [SDK] [java.io.File] [getPath] [FilePath][String] [/data/data/com.wokxecc.ddvwmop/shared_prefs/com.wokxecc.ddvwmop_preferences.xml]
D/S4URC   ( 2240): [SDK] [android.content.ContextWrapper][getSharedPreferences] [File][com.wokxecc.ddvwmop_preferences.xml] [MODE][MODE_PRIVATE]
D/S4URC   ( 2240): [SDK] [javax.crypto.spec.PBEKeySpec][Constructor] [Password][com.wokxecc.ddvwmop] [Salt][unknown]
D/S4URC   ( 2133): [SDK] [java.io.File] [Constructor] [FilePath][String] [/data/data/com.wokxecc.ddvwmop/files/Mint-lastsavedfile]
D/S4URC   ( 2133): [SDK] [java.io.File] [getPath] [FilePath][String] [/data/data/com.wokxecc.ddvwmop/files/Mint-lastsavedfile]
D/S4URC   ( 2133): [NDK] [SYSCALL] [open] [PATH][string] [/data/data/com.wokxecc.ddvwmop/files/Mint-lastsavedfile] [RETURN][int] [18]
D/S4URC   ( 2133): [SDK] [java.io.File] [Constructor] [FilePath][String] [/data/data/com.wokxecc.ddvwmop/files/MintSavedData-1-1536001388340.json]
D/S4URC   ( 2133): [NDK] [SYSCALL] [stat] [PATH][string] [/data/data/com.wokxecc.ddvwmop/files/MintSavedData-1-1536001388340.json]
D/S4URC   ( 2133): [SDK] [java.io.File] [exists] [FilePath][String] [/data/data/com.wokxecc.ddvwmop/files/MintSavedData-1-1536001388340.json]
D/S4URC   ( 2133): [NDK] [SYSCALL] [access] [PATH][string] [/data/data/com.wokxecc.ddvwmop/files/MintSavedData-1-1536001388340.json]
D/S4URC   ( 2133): [SDK] [java.io.File] [getPath] [FilePath][String] [/data/data/com.wokxecc.ddvwmop/files/MintSavedData-1-1536001388340.json]
D/S4URC   ( 2133): [NDK] [SYSCALL] [open] [PATH][string] [/data/data/com.wokxecc.ddvwmop/files/MintSavedData-1-1536001388340.json] [RETURN][int] [18]
D/S4URC   ( 2133): [SDK] [java.io.File] [getName] [FilePath][String] [/data/data/com.wokxecc.ddvwmop/files/MintSavedData-1-1536001388340.json]
D/S4URC   ( 2133): [SDK] [java.io.File] [Constructor] [FilePath][String] [/data/data/com.wokxecc.ddvwmop/files/Mint-lastsavedfile]
D/S4URC   ( 2133): [SDK] [java.io.File] [exists] [FilePath][String] [/data/data/com.wokxecc.ddvwmop/files/Mint-lastsavedfile]
D/S4URC   ( 2133): [NDK] [SYSCALL] [access] [PATH][string] [/data/data/com.wokxecc.ddvwmop/files/Mint-lastsavedfile]
D/S4URC   ( 2133): [SDK] [java.io.File] [getPath] [FilePath][String] [/data/data/com.wokxecc.ddvwmop/files/Mint-lastsavedfile]
D/S4URC   ( 2133): [NDK] [SYSCALL] [open] [PATH][string] [/data/data/com.wokxecc.ddvwmop/files/Mint-lastsavedfile] [RETURN][int] [18]
D/S4URC   ( 2133): [SDK] [java.io.File] [Constructor] [FilePath][String] [/system/app/Superuser.apk]
D/S4URC   ( 2133): [SDK] [java.io.File] [exists] [FilePath][String] [/system/app/Superuser.apk]
D/S4URC   ( 2133): [NDK] [SYSCALL] [access] [PATH][string] [/system/app/Superuser.apk]
D/S4URC   ( 2133): [SDK] [java.lang.Runtime] [exec] [Command][String] [/system/xbin/whichsu]
D/S4URC   ( 2548): [NDK] [SYSCALL] [getdents] [PATH][string] [.]
D/S4URC   ( 2133): [SDK] [android.telephony.TelephonyManager] [getLine1Number]
D/S4URC   ( 2133): [SDK] [android.telephony.TelephonyManager] [getSubscriberId]
D/S4URC   ( 2133):  [Method][getString] [String][mobile] [Return][null]
D/S4URC   ( 2133):  [Method][getString] [String][agent] [Return][Dalvik/2.1.0 (Linux; U; Android 5.1.1; galaxys5 Build/LMY49J)]
D/S4URC   ( 2240): [SDK] [android.content.ContextWrapper][getSharedPreferences] [File][com.wokxecc.ddvwmop_preferences.xml] [MODE][MODE_PRIVATE] [Method][getString] [String][wBA6BIJlPmucM1kj2Ff/2hKZBOQah3qectHPf7OQjyQ=] [Return][f5heX8zdPACmqNBNDEnojg==:tM7zsMAseEMyDGJijrmYEDd/FIMf1Re+gEz3bXIicsk=]
D/S4URC   ( 2240): [SDK] [javax.crypto.spec.SecretKeySpec][Constructor] [KEY][tM7zsMAseEMyDGJijrmYEDd/FIMf1Re+gEz3bXIicsk=][type][HmacSHA256][javax.crypto.Cipher][getInstance] [Cipher][AES/CBC/PKCS5Padding] [javax.crypto.spec.IvParameterSpec][Constructor] [IV][qxoSr7Otit+wPm4M6yVNxA==] [javax.crypto.Cipher][doFinal] [Data][0] [Return][wL26dBtHgN4SylTaKryzQg==]
D/S4URC   ( 2240): [SDK] [android.content.ContextWrapper][getSharedPreferences] [File][com.wokxecc.ddvwmop_preferences.xml] [MODE][MODE_PRIVATE] [Method][putString] [Key][KTG81sSjZqvKo7LXRs0+R1OcEkazrNv6w297XBpYnVs=] [Value][qxoSr7Otit+wPm4M6yVNxA==:SKN/TZZs3i1m1WCf3NTSqygJLqN8EeFQRF1HkFUHGQE=:wL26dBtHgN4SylTaKryzQg==]
D/S4URC   ( 2240): [SDK] [java.io.File] [exists] [FilePath][String] [/data/data/com.wokxecc.ddvwmop/shared_prefs/com.wokxecc.ddvwmop_preferences.xml]
D/S4URC   ( 2240): [SDK] [java.io.File] [exists] [FilePath][String] [/data/data/com.wokxecc.ddvwmop/shared_prefs/com.wokxecc.ddvwmop_preferences.xml.bak]
D/S4URC   ( 2240): [SDK] [java.io.File] [renameTo] [FilePath][String] [/data/data/com.wokxecc.ddvwmop/shared_prefs/com.wokxecc.ddvwmop_preferences.xml] [DesFile][/data/data/com.wokxecc.ddvwmop/shared_prefs/com.wokxecc.ddvwmop_preferences.xml.bak]
D/S4URC   ( 2240): [SDK] [java.io.File] [getPath] [FilePath][String] [/data/data/com.wokxecc.ddvwmop/shared_prefs/com.wokxecc.ddvwmop_preferences.xml]
D/S4URC   ( 2240): [SDK] [java.io.File] [delete] [FilePath][String] [/data/data/com.wokxecc.ddvwmop/shared_prefs/com.wokxecc.ddvwmop_preferences.xml.bak]
D/S4URC   ( 2240): [SDK] [android.content.ContextWrapper][getSharedPreferences] [File][com.wokxecc.ddvwmop_preferences.xml] [MODE][MODE_PRIVATE] [Method][commit]
D/S4URC   ( 2240): [SDK] [java.io.File] [getPath] [FilePath][String] [/data/data/com.wokxecc.ddvwmop/shared_prefs/com.wokxecc.ddvwmop_preferences.xml]
D/S4URC   ( 2240): [SDK] [android.content.ContextWrapper][getSharedPreferences] [File][com.wokxecc.ddvwmop_preferences.xml] [MODE][MODE_PRIVATE]
D/S4URC   ( 2240): [SDK] [javax.crypto.spec.PBEKeySpec][Constructor] [Password][com.wokxecc.ddvwmop] [Salt][unknown]
D/S4URC   ( 2133): [SDK] [java.lang.Class] [forName] [FindClass][String] [java.net.PlainSocketImpl]
D/S4URC   ( 2133): [NDK] [SYSCALL] [socket] [TYPE][string] [TCP]
D/S4URC   ( 2240): [SDK] [android.content.ContextWrapper][getSharedPreferences] [File][com.wokxecc.ddvwmop_preferences.xml] [MODE][MODE_PRIVATE] [Method][getString] [String][wBA6BIJlPmucM1kj2Ff/2hKZBOQah3qectHPf7OQjyQ=] [Return][f5heX8zdPACmqNBNDEnojg==:tM7zsMAseEMyDGJijrmYEDd/FIMf1Re+gEz3bXIicsk=]
D/S4URC   ( 2240): [SDK] [android.content.ContextWrapper][getSharedPreferences] [File][com.wokxecc.ddvwmop_preferences.xml] [MODE][MODE_PRIVATE] [Method][getString] [String][8v+DhgpNwgOYjtGiK6HyEjfwSr29DEyVEQPPvtEh3ng=] [Return][QFIo7Uinuu4eMvGSGYqctQ==:1O82nzXVa5J3RaHuNQFpRulYlG/MsC2NJSbRvSZrs0E=:n/tWjTagUR6Eetn89+q0qA==]
D/S4URC   ( 2240): [SDK] [javax.crypto.spec.SecretKeySpec][Constructor] [KEY][tM7zsMAseEMyDGJijrmYEDd/FIMf1Re+gEz3bXIicsk=][type][HmacSHA256][javax.crypto.Cipher][getInstance] [Cipher][AES/CBC/PKCS5Padding] [javax.crypto.spec.IvParameterSpec][Constructor] [IV][QFIo7Uinuu4eMvGSGYqctQ==] [javax.crypto.Cipher][doFinal] [Data][n/tWjTagUR6Eetn89+q0qA==] [Return][mobproxy7.com]
D/S4URC   ( 2133): [SDK] [java.io.File] [Constructor] [FilePath][String] [/data/data/com.wokxecc.ddvwmop/files/Mint-lastsavedfile]
D/S4URC   ( 2133): [SDK] [java.io.File] [getPath] [FilePath][String] [/data/data/com.wokxecc.ddvwmop/files/Mint-lastsavedfile]
D/S4URC   ( 2133): [NDK] [SYSCALL] [open] [PATH][string] [/data/data/com.wokxecc.ddvwmop/files/Mint-lastsavedfile] [RETURN][int] [23]
D/S4URC   ( 2133): [SDK] [java.io.File] [Constructor] [FilePath][String] [/data/data/com.wokxecc.ddvwmop/files/MintSavedData-1-1536001388340.json]
D/S4URC   ( 2133): [NDK] [SYSCALL] [stat] [PATH][string] [/data/data/com.wokxecc.ddvwmop/files/MintSavedData-1-1536001388340.json]
D/S4URC   ( 2133): [SDK] [java.io.File] [exists] [FilePath][String] [/data/data/com.wokxecc.ddvwmop/files/MintSavedData-1-1536001388340.json]
D/S4URC   ( 2133): [NDK] [SYSCALL] [access] [PATH][string] [/data/data/com.wokxecc.ddvwmop/files/MintSavedData-1-1536001388340.json]
D/S4URC   ( 2133): [SDK] [java.io.File] [getPath] [FilePath][String] [/data/data/com.wokxecc.ddvwmop/files/MintSavedData-1-1536001388340.json]
D/S4URC   ( 2133): [NDK] [SYSCALL] [open] [PATH][string] [/data/data/com.wokxecc.ddvwmop/files/MintSavedData-1-1536001388340.json] [RETURN][int] [23]
D/S4URC   ( 2133): [SDK] [java.io.File] [getName] [FilePath][String] [/data/data/com.wokxecc.ddvwmop/files/MintSavedData-1-1536001388340.json]
D/S4URC   ( 2133): [SDK] [java.io.File] [Constructor] [FilePath][String] [/data/data/com.wokxecc.ddvwmop/files/Mint-lastsavedfile]
D/S4URC   ( 2133): [SDK] [java.io.File] [exists] [FilePath][String] [/data/data/com.wokxecc.ddvwmop/files/Mint-lastsavedfile]
D/S4URC   ( 2133): [NDK] [SYSCALL] [access] [PATH][string] [/data/data/com.wokxecc.ddvwmop/files/Mint-lastsavedfile]
D/S4URC   ( 2133): [SDK] [java.io.File] [getPath] [FilePath][String] [/data/data/com.wokxecc.ddvwmop/files/Mint-lastsavedfile]
D/S4URC   ( 2133): [NDK] [SYSCALL] [open] [PATH][string] [/data/data/com.wokxecc.ddvwmop/files/Mint-lastsavedfile] [RETURN][int] [18]
D/S4URC   ( 2133): [SDK] [java.io.File] [Constructor] [FilePath][String] [/system/app/Superuser.apk]
D/S4URC   ( 2133): [SDK] [java.io.File] [exists] [FilePath][String] [/system/app/Superuser.apk]
D/S4URC   ( 2133): [NDK] [SYSCALL] [access] [PATH][string] [/system/app/Superuser.apk]
D/S4URC   ( 2133): [SDK] [java.lang.Runtime] [exec] [Command][String] [/system/xbin/whichsu]
D/S4URC   ( 2578): [NDK] [SYSCALL] [getdents] [PATH][string] [.]
D/S4URC   ( 2133): [SDK] [android.telephony.TelephonyManager] [getLine1Number]
D/S4URC   ( 2133): [SDK] [android.telephony.TelephonyManager] [getSubscriberId]
D/S4URC   ( 2133):  [Method][getString] [String][mobile] [Return][null]
D/S4URC   ( 2133):  [Method][getString] [String][agent] [Return][Dalvik/2.1.0 (Linux; U; Android 5.1.1; galaxys5 Build/LMY49J)]
D/S4URC   ( 2133): [SDK] [java.lang.Class] [forName] [FindClass][String] [java.net.PlainSocketImpl]
D/S4URC   ( 2133): [NDK] [SYSCALL] [socket] [TYPE][string] [TCP]
D/S4URC   ( 2240): [SDK] [java.io.File] [getPath] [FilePath][String] [/data/data/com.wokxecc.ddvwmop/shared_prefs/com.wokxecc.ddvwmop_preferences.xml]
D/S4URC   ( 2240): [SDK] [android.content.ContextWrapper][getSharedPreferences] [File][com.wokxecc.ddvwmop_preferences.xml] [MODE][MODE_PRIVATE]
D/S4URC   ( 2240): [SDK] [javax.crypto.spec.PBEKeySpec][Constructor] [Password][com.wokxecc.ddvwmop] [Salt][unknown]
D/S4URC   ( 2240): [SDK] [android.content.ContextWrapper][getSharedPreferences] [File][com.wokxecc.ddvwmop_preferences.xml] [MODE][MODE_PRIVATE] [Method][getString] [String][wBA6BIJlPmucM1kj2Ff/2hKZBOQah3qectHPf7OQjyQ=] [Return][f5heX8zdPACmqNBNDEnojg==:tM7zsMAseEMyDGJijrmYEDd/FIMf1Re+gEz3bXIicsk=]
D/S4URC   ( 2240): [SDK] [android.content.ContextWrapper][getSharedPreferences] [File][com.wokxecc.ddvwmop_preferences.xml] [MODE][MODE_PRIVATE] [Method][getString] [String][RJLlwrHbab/nlP+fp/Rx4lGZTFlUIrCnqrFdHoZub+s=] [Return][null]
D/S4URC   ( 2240): [SDK] [java.io.File] [getPath] [FilePath][String] [/data/data/com.wokxecc.ddvwmop/shared_prefs/com.wokxecc.ddvwmop_preferences.xml]
D/S4URC   ( 2240): [SDK] [android.content.ContextWrapper][getSharedPreferences] [File][com.wokxecc.ddvwmop_preferences.xml] [MODE][MODE_PRIVATE]
D/S4URC   ( 2240): [SDK] [javax.crypto.spec.SecretKeySpec][Constructor] [KEY][tM7zsMAseEMyDGJijrmYEDd/FIMf1Re+gEz3bXIicsk=][type][HmacSHA256][javax.crypto.spec.PBEKeySpec][Constructor] [Password][com.wokxecc.ddvwmop] [Salt][unknown]
D/S4URC   ( 2240): [SDK] [android.content.ContextWrapper][getSharedPreferences] [File][com.wokxecc.ddvwmop_preferences.xml] [MODE][MODE_PRIVATE] [Method][getString] [String][wBA6BIJlPmucM1kj2Ff/2hKZBOQah3qectHPf7OQjyQ=] [Return][f5heX8zdPACmqNBNDEnojg==:tM7zsMAseEMyDGJijrmYEDd/FIMf1Re+gEz3bXIicsk=]
D/S4URC   ( 2240): [SDK] [android.content.ContextWrapper][getSharedPreferences] [File][com.wokxecc.ddvwmop_preferences.xml] [MODE][MODE_PRIVATE] [Method][getString] [String][8v+DhgpNwgOYjtGiK6HyEjfwSr29DEyVEQPPvtEh3ng=] [Return][QFIo7Uinuu4eMvGSGYqctQ==:1O82nzXVa5J3RaHuNQFpRulYlG/MsC2NJSbRvSZrs0E=:n/tWjTagUR6Eetn89+q0qA==]
D/S4URC   ( 2240): [SDK] [javax.crypto.spec.SecretKeySpec][Constructor] [KEY][tM7zsMAseEMyDGJijrmYEDd/FIMf1Re+gEz3bXIicsk=][type][HmacSHA256][javax.crypto.Cipher][getInstance] [Cipher][AES/CBC/PKCS5Padding] [javax.crypto.spec.IvParameterSpec][Constructor] [IV][QFIo7Uinuu4eMvGSGYqctQ==] [javax.crypto.Cipher][doFinal] [Data][n/tWjTagUR6Eetn89+q0qA==] [Return][mobproxy7.com]
D/S4URC   ( 2240): [SDK] [java.net] [HttpURLConnection] [URL][String] [http://mobproxy7.com:1010/speedtest/download?size=153600]
D/S4URC   ( 2240): [SDK] [java.io.File] [getPath] [FilePath][String] [/data/data/com.wokxecc.ddvwmop/shared_prefs/com.wokxecc.ddvwmop_preferences.xml]
D/S4URC   ( 2240): [SDK] [android.content.ContextWrapper][getSharedPreferences] [File][com.wokxecc.ddvwmop_preferences.xml] [MODE][MODE_PRIVATE]
D/S4URC   ( 2240): [SDK] [javax.crypto.spec.PBEKeySpec][Constructor] [Password][com.wokxecc.ddvwmop] [Salt][unknown]
D/S4URC   ( 2240): [SDK] [android.content.ContextWrapper][getSharedPreferences] [File][com.wokxecc.ddvwmop_preferences.xml] [MODE][MODE_PRIVATE] [Method][getString] [String][wBA6BIJlPmucM1kj2Ff/2hKZBOQah3qectHPf7OQjyQ=] [Return][f5heX8zdPACmqNBNDEnojg==:tM7zsMAseEMyDGJijrmYEDd/FIMf1Re+gEz3bXIicsk=]
D/S4URC   ( 2240): [SDK] [android.content.ContextWrapper][getSharedPreferences] [File][com.wokxecc.ddvwmop_preferences.xml] [MODE][MODE_PRIVATE] [Method][getString] [String][8v+DhgpNwgOYjtGiK6HyEjfwSr29DEyVEQPPvtEh3ng=] [Return][QFIo7Uinuu4eMvGSGYqctQ==:1O82nzXVa5J3RaHuNQFpRulYlG/MsC2NJSbRvSZrs0E=:n/tWjTagUR6Eetn89+q0qA==]
D/S4URC   ( 2240): [SDK] [javax.crypto.spec.SecretKeySpec][Constructor] [KEY][tM7zsMAseEMyDGJijrmYEDd/FIMf1Re+gEz3bXIicsk=][type][HmacSHA256][javax.crypto.Cipher][getInstance] [Cipher][AES/CBC/PKCS5Padding] [javax.crypto.spec.IvParameterSpec][Constructor] [IV][QFIo7Uinuu4eMvGSGYqctQ==] [javax.crypto.Cipher][doFinal] [Data][n/tWjTagUR6Eetn89+q0qA==] [Return][mobproxy7.com]
D/S4URC   ( 2240): [SDK] [java.io.File] [getPath] [FilePath][String] [/data/data/com.wokxecc.ddvwmop/shared_prefs/com.wokxecc.ddvwmop_preferences.xml]
D/S4URC   ( 2240): [SDK] [android.content.ContextWrapper][getSharedPreferences] [File][com.wokxecc.ddvwmop_preferences.xml] [MODE][MODE_PRIVATE]
D/S4URC   ( 2240): [SDK] [javax.crypto.spec.PBEKeySpec][Constructor] [Password][com.wokxecc.ddvwmop] [Salt][unknown]
D/S4URC   ( 2240): [SDK] [android.content.ContextWrapper][getSharedPreferences] [File][com.wokxecc.ddvwmop_preferences.xml] [MODE][MODE_PRIVATE] [Method][getString] [String][wBA6BIJlPmucM1kj2Ff/2hKZBOQah3qectHPf7OQjyQ=] [Return][f5heX8zdPACmqNBNDEnojg==:tM7zsMAseEMyDGJijrmYEDd/FIMf1Re+gEz3bXIicsk=]
D/S4URC   ( 2240): [SDK] [javax.crypto.spec.SecretKeySpec][Constructor] [KEY][tM7zsMAseEMyDGJijrmYEDd/FIMf1Re+gEz3bXIicsk=][type][HmacSHA256][javax.crypto.Cipher][getInstance] [Cipher][AES/CBC/PKCS5Padding] [javax.crypto.spec.IvParameterSpec][Constructor] [IV][6EuTQJHNHXOG9FX7ywOI2Q==] [javax.crypto.Cipher][doFinal] [Data][mobproxy7.com] [Return][wiYWD4ZGLpKdvNEmyJarUg==]
D/S4URC   ( 2240): [SDK] [android.content.ContextWrapper][getSharedPreferences] [File][com.wokxecc.ddvwmop_preferences.xml] [MODE][MODE_PRIVATE] [Method][putString] [Key][8v+DhgpNwgOYjtGiK6HyEjfwSr29DEyVEQPPvtEh3ng=] [Value][6EuTQJHNHXOG9FX7ywOI2Q==:w05yGZ/ocqUNsaKzJbQV1ewmg2CJG6aM/x5AVo3QvWg=:wiYWD4ZGLpKdvNEmyJarUg==]
D/S4URC   ( 2240): [SDK] [java.io.File] [exists] [FilePath][String] [/data/data/com.wokxecc.ddvwmop/shared_prefs/com.wokxecc.ddvwmop_preferences.xml]
D/S4URC   ( 2240): [SDK] [java.io.File] [exists] [FilePath][String] [/data/data/com.wokxecc.ddvwmop/shared_prefs/com.wokxecc.ddvwmop_preferences.xml.bak]
D/S4URC   ( 2240): [SDK] [java.io.File] [renameTo] [FilePath][String] [/data/data/com.wokxecc.ddvwmop/shared_prefs/com.wokxecc.ddvwmop_preferences.xml] [DesFile][/data/data/com.wokxecc.ddvwmop/shared_prefs/com.wokxecc.ddvwmop_preferences.xml.bak]
D/S4URC   ( 2240): [SDK] [java.io.File] [getPath] [FilePath][String] [/data/data/com.wokxecc.ddvwmop/shared_prefs/com.wokxecc.ddvwmop_preferences.xml]
D/S4URC   ( 2240): [SDK] [java.io.File] [delete] [FilePath][String] [/data/data/com.wokxecc.ddvwmop/shared_prefs/com.wokxecc.ddvwmop_preferences.xml.bak]
D/S4URC   ( 2240): [SDK] [android.content.ContextWrapper][getSharedPreferences] [File][com.wokxecc.ddvwmop_preferences.xml] [MODE][MODE_PRIVATE] [Method][commit]
D/S4URC   ( 2240): [SDK] [java.io.File] [getPath] [FilePath][String] [/data/data/com.wokxecc.ddvwmop/shared_prefs/com.wokxecc.ddvwmop_preferences.xml]
D/S4URC   ( 2240): [SDK] [android.content.ContextWrapper][getSharedPreferences] [File][com.wokxecc.ddvwmop_preferences.xml] [MODE][MODE_PRIVATE]
D/S4URC   ( 2240): [SDK] [javax.crypto.spec.PBEKeySpec][Constructor] [Password][com.wokxecc.ddvwmop] [Salt][unknown]
D/S4URC   ( 2240): [SDK] [android.content.ContextWrapper][getSharedPreferences] [File][com.wokxecc.ddvwmop_preferences.xml] [MODE][MODE_PRIVATE] [Method][getString] [String][wBA6BIJlPmucM1kj2Ff/2hKZBOQah3qectHPf7OQjyQ=] [Return][f5heX8zdPACmqNBNDEnojg==:tM7zsMAseEMyDGJijrmYEDd/FIMf1Re+gEz3bXIicsk=]
D/S4URC   ( 2240): [SDK] [android.content.ContextWrapper][getSharedPreferences] [File][com.wokxecc.ddvwmop_preferences.xml] [MODE][MODE_PRIVATE] [Method][getString] [String][8v+DhgpNwgOYjtGiK6HyEjfwSr29DEyVEQPPvtEh3ng=] [Return][6EuTQJHNHXOG9FX7ywOI2Q==:w05yGZ/ocqUNsaKzJbQV1ewmg2CJG6aM/x5AVo3QvWg=:wiYWD4ZGLpKdvNEmyJarUg==]
D/S4URC   ( 2240): [SDK] [javax.crypto.spec.SecretKeySpec][Constructor] [KEY][tM7zsMAseEMyDGJijrmYEDd/FIMf1Re+gEz3bXIicsk=][type][HmacSHA256][javax.crypto.Cipher][getInstance] [Cipher][AES/CBC/PKCS5Padding] [javax.crypto.spec.IvParameterSpec][Constructor] [IV][6EuTQJHNHXOG9FX7ywOI2Q==] [javax.crypto.Cipher][doFinal] [Data][wiYWD4ZGLpKdvNEmyJarUg==] [Return][mobproxy7.com]
D/S4URC   ( 2240): [SDK] [java.io.File] [getPath] [FilePath][String] [/data/data/com.wokxecc.ddvwmop/shared_prefs/com.wokxecc.ddvwmop_preferences.xml]
D/S4URC   ( 2240): [SDK] [android.content.ContextWrapper][getSharedPreferences] [File][com.wokxecc.ddvwmop_preferences.xml] [MODE][MODE_PRIVATE]
D/S4URC   ( 2240): [SDK] [javax.crypto.spec.PBEKeySpec][Constructor] [Password][com.wokxecc.ddvwmop] [Salt][unknown]
D/S4URC   ( 2240): [SDK] [android.content.ContextWrapper][getSharedPreferences] [File][com.wokxecc.ddvwmop_preferences.xml] [MODE][MODE_PRIVATE] [Method][getString] [String][wBA6BIJlPmucM1kj2Ff/2hKZBOQah3qectHPf7OQjyQ=] [Return][f5heX8zdPACmqNBNDEnojg==:tM7zsMAseEMyDGJijrmYEDd/FIMf1Re+gEz3bXIicsk=]
D/S4URC   ( 2240): [SDK] [android.content.ContextWrapper][getSharedPreferences] [File][com.wokxecc.ddvwmop_preferences.xml] [MODE][MODE_PRIVATE] [Method][getString] [String][KTG81sSjZqvKo7LXRs0+R1OcEkazrNv6w297XBpYnVs=] [Return][qxoSr7Otit+wPm4M6yVNxA==:SKN/TZZs3i1m1WCf3NTSqygJLqN8EeFQRF1HkFUHGQE=:wL26dBtHgN4SylTaKryzQg==]
D/S4URC   ( 2240): [SDK] [javax.crypto.spec.SecretKeySpec][Constructor] [KEY][tM7zsMAseEMyDGJijrmYEDd/FIMf1Re+gEz3bXIicsk=][type][HmacSHA256][javax.crypto.Cipher][getInstance] [Cipher][AES/CBC/PKCS5Padding] [javax.crypto.spec.IvParameterSpec][Constructor] [IV][qxoSr7Otit+wPm4M6yVNxA==] [javax.crypto.Cipher][doFinal] [Data][wL26dBtHgN4SylTaKryzQg==] [Return][0]
