D/S4URC   (22751): [SDK] [java.io.File] [getName] [FilePath][String] [/storage/sdcard0/wisemobile/smartars_action.properties]
D/S4URC   (22751): [SDK] [java.io.File] [getPath] [FilePath][String] [/storage/sdcard0/KakaoTalk]
D/S4URC   (22751): [SDK] [java.io.File] [isDirectory] [FilePath][String] [/storage/sdcard0/KakaoTalk/store_cache]
D/S4URC   (22751): [SDK] [java.io.File] [isDirectory] [FilePath][String] [/storage/sdcard0/Android/data/com.cyanogenmod.filemanager]
D/S4URC   (22751): [SDK] [java.io.File] [isDirectory] [FilePath][String] [/storage/sdcard0/Android/data/com.touchtype.swiftkey]
D/S4URC   (22773): [SDK] [java.io.File] [Constructor] [FilePath][String] [/storage/sdcard0/astroplayer/languages/traditional_chinese.properties]
D/S4URC   (22751): [SDK] [java.io.File] [listFiles] [FilePath][String] [/storage/sdcard0/astroplayer/skins]
D/S4URC   (22773): [SDK] [java.io.File] [Constructor] [FilePath][String] [/storage/sdcard0/astroplayer/languages/ukrainian.properties]
D/S4URC   (22773): [SDK] [java.io.File] [Constructor] [FilePath][String] [/storage/sdcard0/astroplayer/languages/belorussian.properties]
D/S4URC   (22773): [SDK] [java.io.File] [Constructor] [FilePath][String] [/storage/sdcard0/astroplayer/languages/japanese.properties]
D/S4URC   (22773): [SDK] [java.io.File] [Constructor] [FilePath][String] [/storage/sdcard0/astroplayer/languages]
D/S4URC   (22751): [SDK] [java.io.File] [getName] [FilePath][String] [/storage/sdcard0/astroplayer/languages/traditional_chinese.properties]
D/S4URC   (22751): [SDK] [java.io.File] [getPath] [FilePath][String] [/storage/sdcard0/astroplayer/CoverArts]
D/S4URC   (22751): [SDK] [java.io.File] [getName] [FilePath][String] [/storage/sdcard0/astroplayer/CoverArts/.nomedia]
D/S4URC   (22751): [SDK] [java.io.File] [getPath] [FilePath][String] [/storage/sdcard0/astroplayer/presets]
D/S4URC   (22751): [SDK] [java.io.File] [isDirectory] [FilePath][String] [/storage/sdcard0/astroplayer/presets/Rock.eq]
D/S4URC   (22751): [SDK] [java.io.File] [getPath] [FilePath][String] [/storage/sdcard0/net.ib.android.smcard/.intro]
D/S4URC   (22751): [SDK] [java.io.File] [isDirectory] [FilePath][String] [/storage/sdcard0/net.ib.android.smcard/.intro/image]
D/S4URC   (22751): [SDK] [java.io.File] [listFiles] [FilePath][String] [/storage/sdcard0/KakaoTalk/Backup]
D/S4URC   (22751): [SDK] [java.io.File] [listFiles] [FilePath][String] [/storage/sdcard0/KakaoTalk/cookie]
D/S4URC   (22751): [SDK] [java.io.File] [getPath] [FilePath][String] [/storage/sdcard0/KakaoTalk/cookie]
D/S4URC   (22751): [SDK] [java.io.File] [getName] [FilePath][String] [/storage/sdcard0/KakaoTalk/cookie/.57f323da7592b0b5de1360de3da701b0d1aa6627]
D/S4URC   (22751): [SDK] [java.io.File] [getPath] [FilePath][String] [/storage/sdcard0/KakaoTalk/store_cache]
D/S4URC   (22751): [SDK] [java.io.File] [isDirectory] [FilePath][String] [/storage/sdcard0/KakaoTalk/store_cache/299a7c5e7f7074e17209c631ed757a0]
D/S4URC   (22751): [SDK] [java.io.File] [getName] [FilePath][String] [/storage/sdcard0/KakaoTalk/store_cache/299a7c5e7f7074e17209c631ed757a0]
D/S4URC   (22751): [SDK] [java.io.File] [getPath] [FilePath][String] [/storage/sdcard0/roms/sfc]
D/S4URC   (22751): [SDK] [java.io.File] [getName] [FilePath][String] [/storage/sdcard0/roms/sfc/glgs2.sfc]
D/S4URC   (22751): [SDK] [java.io.File] [list] [FilePath][String] [/storage/sdcard0/Android/data/com.cyanogenmod.eleven]
D/S4URC   (22751): [SDK] [java.io.File] [getPath] [FilePath][String] [/storage/sdcard0/Android/data/com.cyanogenmod.eleven]
D/S4URC   (22751): [SDK] [java.io.File] [listFiles] [FilePath][String] [/storage/sdcard0/Android/data/com.android.camera2]
D/S4URC   (22751): [SDK] [java.io.File] [getPath] [FilePath][String] [/storage/sdcard0/Android/data/com.android.camera2]
D/S4URC   (22751): [SDK] [java.io.File] [isDirectory] [FilePath][String] [/storage/sdcard0/Android/data/com.android.camera2/files]
D/S4URC   (22773): [SDK] [java.io.File] [Constructor] [FilePath][String] [/storage/sdcard0/astroplayer]
D/S4URC   (22773): [SDK] [java.io.File] [createNewFile] [FilePath][String] [/storage/sdcard0/astroplayer/history.txt]
D/S4URC   (22751): [SDK] [java.io.File] [getPath] [FilePath][String] [/storage/sdcard0/Android/data/de.robv.android.xposed.installer]
D/S4URC   (22751): [SDK] [java.io.File] [isDirectory] [FilePath][String] [/storage/sdcard0/Android/data/de.robv.android.xposed.installer/cache]
D/S4URC   (22751): [SDK] [java.io.File] [listFiles] [FilePath][String] [/storage/sdcard0/Android/data/com.android.gallery3d]
D/S4URC   (22751): [SDK] [java.io.File] [list] [FilePath][String] [/storage/sdcard0/Android/data/com.android.gallery3d]
D/S4URC   (22773): [SDK] [java.io.File] [Constructor] [FilePath][String] [/storage/sdcard0/astroplayer/history_temp.txt]
D/S4URC   (22751): [SDK] [java.io.File] [getPath] [FilePath][String] [/storage/sdcard0/Android/data/com.android.gallery3d]
D/S4URC   (22751): [SDK] [java.io.File] [isDirectory] [FilePath][String] [/storage/sdcard0/Android/data/com.android.gallery3d/cache]
D/S4URC   (22751): [SDK] [java.io.File] [getPath] [FilePath][String] [/storage/sdcard0/Android/data/com.android.browser]
D/S4URC   (22751): [SDK] [java.io.File] [isDirectory] [FilePath][String] [/storage/sdcard0/Android/data/com.android.browser/files]
D/S4URC   (22773): [SDK] [java.io.File] [Constructor] [FilePath][String] [/storage/sdcard0/astroplayer]
D/S4URC   (22751): [SDK] [java.io.File] [listFiles] [FilePath][String] [/storage/sdcard0/Android/data/com.google.android.gms]
D/S4URC   (22773): [SDK] [java.io.File] [exists] [FilePath][String] [/storage/sdcard0/astroplayer]
D/S4URC   (22751): [SDK] [java.io.File] [list] [FilePath][String] [/storage/sdcard0/Android/data/com.google.android.gms]
D/S4URC   (22773): [SDK] [java.io.File] [renameTo] [FilePath][String] [/storage/sdcard0/astroplayer/history_temp.txt] [DesFile][/storage/sdcard0/astroplayer/history.txt]
D/S4URC   (22751): [SDK] [java.io.File] [listFiles] [FilePath][String] [/storage/sdcard0/Android/data/com.android.vending]
D/S4URC   (22773): [SDK] [java.io.File] [Constructor] [FilePath][String] [/storage/sdcard0/astroplayer/history.txt]
D/S4URC   (22773): [SDK] [java.io.File] [getPath] [FilePath][String] [/storage/sdcard0/astroplayer/history.txt]
D/S4URC   (22751): [SDK] [java.io.File] [getPath] [FilePath][String] [/storage/sdcard0/Android/data/com.android.vending]
D/S4URC   (22751): [SDK] [java.io.File] [isDirectory] [FilePath][String] [/storage/sdcard0/Android/data/com.android.vending/files]
D/S4URC   (22751): [SDK] [java.io.File] [listFiles] [FilePath][String] [/storage/sdcard0/Android/data/com.touchtype.swiftkey]
D/S4URC   (22751): [SDK] [java.io.File] [list] [FilePath][String] [/storage/sdcard0/Android/data/com.touchtype.swiftkey]
D/S4URC   (22773): [SDK] [android.content.ContextWrapper] [registerReceiver][IntentFilter][com.astroplayer.hotkeys.shake.ShakeManager.ACTION,
D/S4URC   (22751): [SDK] [java.io.File] [getPath] [FilePath][String] [/storage/sdcard0/Android/data/com.touchtype.swiftkey]
D/S4URC   (22751): [SDK] [java.io.File] [isDirectory] [FilePath][String] [/storage/sdcard0/Android/data/com.touchtype.swiftkey/files]
D/S4URC   (22751): [SDK] [java.io.File] [listFiles] [FilePath][String] [/storage/sdcard0/Android/data/com.google.android.youtube]
D/S4URC   (22751): [SDK] [java.io.File] [list] [FilePath][String] [/storage/sdcard0/Android/data/com.google.android.youtube]
D/S4URC   (22751): [SDK] [java.io.File] [getPath] [FilePath][String] [/storage/sdcard0/Android/data/com.google.android.youtube]
D/S4URC   (22751): [SDK] [java.io.File] [isDirectory] [FilePath][String] [/storage/sdcard0/Android/data/com.google.android.youtube/files]
D/S4URC   (22751): [SDK] [java.io.File] [isDirectory] [FilePath][String] [/storage/sdcard0/Android/data/com.google.android.youtube/cache]
D/S4URC   (22751): [SDK] [java.io.File] [listFiles] [FilePath][String] [/storage/sdcard0/Android/data/com.google.android.googlequicksearchbox]
D/S4URC   (22751): [SDK] [java.io.File] [list] [FilePath][String] [/storage/sdcard0/Android/data/com.google.android.googlequicksearchbox]
D/S4URC   (22751): [SDK] [java.io.File] [getPath] [FilePath][String] [/storage/sdcard0/Android/data/com.google.android.googlequicksearchbox]
D/S4URC   (22751): [SDK] [java.io.File] [getPath] [FilePath][String] [/storage/sdcard0/Android/data/com.android.samsung.installer]
D/S4URC   (22751): [SDK] [java.io.File] [listFiles] [FilePath][String] [/storage/sdcard0/astroplayer/skins/Music]
D/S4URC   (22751): [SDK] [java.io.File] [list] [FilePath][String] [/storage/sdcard0/astroplayer/skins/Music]
D/S4URC   (22751): [SDK] [java.io.File] [listFiles] [FilePath][String] [/storage/sdcard0/astroplayer/skins/cold_light]
D/S4URC   (22751): [SDK] [java.io.File] [list] [FilePath][String] [/storage/sdcard0/astroplayer/skins/cold_light]
D/S4URC   (22751): [SDK] [java.io.File] [getPath] [FilePath][String] [/storage/sdcard0/astroplayer/skins/cold_light]
D/S4URC   (22751): [SDK] [java.io.File] [getPath] [FilePath][String] [/storage/sdcard0/astroplayer/skins/midori]
D/S4URC   (22751): [SDK] [java.io.File] [isDirectory] [FilePath][String] [/storage/sdcard0/astroplayer/skins/midori/mdpi]
D/S4URC   (22773): [SDK] [android.hardware.SensorManager] [getSensorList]
D/S4URC   (22751): [SDK] [java.io.File] [getPath] [FilePath][String] [/storage/sdcard0/astroplayer/skins/plain]
D/S4URC   (22751): [SDK] [java.io.File] [getPath] [FilePath][String] [/storage/sdcard0/astroplayer/skins/dar_fm]
D/S4URC   (22751): [SDK] [java.io.File] [isDirectory] [FilePath][String] [/storage/sdcard0/astroplayer/skins/dar_fm/dar_fm.xml]
D/S4URC   (22751): [SDK] [java.io.File] [getName] [FilePath][String] [/storage/sdcard0/astroplayer/skins/dar_fm/dar_fm.xml]
D/S4URC   (22751): [SDK] [java.io.File] [isDirectory] [FilePath][String] [/storage/sdcard0/astroplayer/skins/dar_fm/dar_fm.xml~]
D/S4URC   (22751): [SDK] [java.io.File] [getPath] [FilePath][String] [/storage/sdcard0/astroplayer/skins/car_skin]
D/S4URC   (22751): [SDK] [java.io.File] [isDirectory] [FilePath][String] [/storage/sdcard0/astroplayer/skins/car_skin/car_skin_preview.png]
D/S4URC   (22751): [SDK] [java.io.File] [getPath] [FilePath][String] [/storage/sdcard0/astroplayer/skins/gkatsev]
D/S4URC   (22751): [SDK] [java.io.File] [getName] [FilePath][String] [/storage/sdcard0/astroplayer/skins/gkatsev/test.xml~]
D/S4URC   (22751): [SDK] [java.io.File] [getPath] [FilePath][String] [/storage/sdcard0/net.ib.android.smcard/.intro/image]
D/S4URC   (22751): [SDK] [java.io.File] [listFiles] [FilePath][String] [/storage/sdcard0/Android/data/com.cyanogenmod.eleven/cache]
D/S4URC   (22751): [SDK] [java.io.File] [getPath] [FilePath][String] [/storage/sdcard0/Android/data/com.cyanogenmod.eleven/cache]
D/S4URC   (22751): [SDK] [java.io.File] [listFiles] [FilePath][String] [/storage/sdcard0/Android/data/com.android.camera2/files]
D/S4URC   (22751): [SDK] [java.io.File] [listFiles] [FilePath][String] [/storage/sdcard0/Android/data/de.robv.android.xposed.installer/cache]
D/S4URC   (22751): [SDK] [java.io.File] [listFiles] [FilePath][String] [/storage/sdcard0/Android/data/com.android.gallery3d/cache]
D/S4URC   (22751): [SDK] [java.io.File] [listFiles] [FilePath][String] [/storage/sdcard0/Android/data/com.google.android.gms/files]
D/S4URC   (22751): [SDK] [java.io.File] [getPath] [FilePath][String] [/storage/sdcard0/Android/data/com.google.android.gms/files]
D/S4URC   (22751): [SDK] [java.io.File] [list] [FilePath][String] [/storage/sdcard0/Android/data/com.android.vending/files]
D/S4URC   (22751): [SDK] [java.io.File] [listFiles] [FilePath][String] [/storage/sdcard0/Android/data/com.google.android.youtube/cache]
D/S4URC   (22751): [SDK] [java.io.File] [getPath] [FilePath][String] [/storage/sdcard0/Android/data/com.google.android.youtube/cache]
D/S4URC   (22751): [SDK] [java.io.File] [isDirectory] [FilePath][String] [/storage/sdcard0/Android/data/com.google.android.youtube/cache/cronet_media_cache]
D/S4URC   (22751): [SDK] [java.io.File] [getPath] [FilePath][String] [/storage/sdcard0/Android/data/com.google.android.googlequicksearchbox/files]
D/S4URC   (22751): [SDK] [java.io.File] [listFiles] [FilePath][String] [/storage/sdcard0/Android/data/com.android.samsung.installer/cache]
D/S4URC   (22751): [SDK] [java.io.File] [getPath] [FilePath][String] [/storage/sdcard0/astroplayer/skins/cold_light/hdpi]
D/S4URC   (22751): [SDK] [java.io.File] [isDirectory] [FilePath][String] [/storage/sdcard0/astroplayer/skins/cold_light/hdpi/cold_light_landscape.xml]
D/S4URC   (22751): [SDK] [java.io.File] [getPath] [FilePath][String] [/storage/sdcard0/astroplayer/skins/cold_light/ldpi]
D/S4URC   (22751): [SDK] [java.io.File] [getName] [FilePath][String] [/storage/sdcard0/astroplayer/skins/cold_light/ldpi/cold_light.xml]
D/S4URC   (22751): [SDK] [java.io.File] [getPath] [FilePath][String] [/storage/sdcard0/astroplayer/skins/cold_light/mdpi]
D/S4URC   (22751): [SDK] [java.io.File] [getPath] [FilePath][String] [/storage/sdcard0/astroplayer/skins/cold_light/xhdpi]
D/S4URC   (22751): [SDK] [java.io.File] [getPath] [FilePath][String] [/storage/sdcard0/astroplayer/skins/midori/hdpi]
D/S4URC   (22751): [SDK] [java.io.File] [getName] [FilePath][String] [/storage/sdcard0/astroplayer/skins/midori/hdpi/midori_landscape.xml~]
D/S4URC   (22751): [SDK] [java.io.File] [getPath] [FilePath][String] [/storage/sdcard0/astroplayer/skins/midori/ldpi]
D/S4URC   (22751): [SDK] [java.io.File] [isDirectory] [FilePath][String] [/storage/sdcard0/astroplayer/skins/midori/ldpi/midori.xml~]
D/S4URC   (22751): [SDK] [java.io.File] [getPath] [FilePath][String] [/storage/sdcard0/astroplayer/skins/midori/mdpi]
D/S4URC   (22751): [SDK] [java.io.File] [getName] [FilePath][String] [/storage/sdcard0/astroplayer/skins/midori/mdpi/midori.xml]
D/S4URC   (22751): [SDK] [java.io.File] [getPath] [FilePath][String] [/storage/sdcard0/astroplayer/skins/midori/xhdpi]
D/S4URC   (22751): [SDK] [java.io.File] [isDirectory] [FilePath][String] [/storage/sdcard0/astroplayer/skins/midori/xhdpi/midori.xml]
D/S4URC   (22751): [SDK] [java.io.File] [getPath] [FilePath][String] [/storage/sdcard0/Android/data/com.cyanogenmod.eleven/cache/ImageCache]
D/S4URC   (22751): [SDK] [java.io.File] [list] [FilePath][String] [/storage/sdcard0/Android/data/com.google.android.gms/files/drive_content_do_not_modify]
D/S4URC   (22751): [SDK] [java.io.File] [listFiles] [FilePath][String] [/storage/sdcard0/Android/data/com.google.android.youtube/cache/exo]
D/S4URC   (22751): [SDK] [java.io.File] [listFiles] [FilePath][String] [/storage/sdcard0/Android/data/com.google.android.youtube/cache/cronet_media_cache]
D/S4URC   (22751): [SDK] [java.io.File] [list] [FilePath][String] [/storage/sdcard0/Android/data/com.google.android.youtube/cache/cronet_media_cache]
D/S4URC   (22751): [SDK] [java.io.File] [listFiles] [FilePath][String] [/storage/sdcard0/Android/data/com.google.android.googlequicksearchbox/files/pending_blobs]
D/S4URC   (22751): [SDK] [java.io.File] [listFiles] [FilePath][String] [/storage/sdcard0/Android/data/com.google.android.googlequicksearchbox/files/download_cache]
D/S4URC   (22751): [SDK] [java.io.File] [list] [FilePath][String] [/storage/sdcard0/Android/data/com.google.android.googlequicksearchbox/files/download_cache]
D/S4URC   (22751): [SDK] [java.io.File] [mkdir] [FilePath][String] [/data/data/com.astroplayer/databases]
D/S4URC   (22751): [SDK] [java.io.File] [getPath] [FilePath][String] [/data/data/com.astroplayer/databases]
D/S4URC   (22708): [SDK] [android.content.ContentResolver] [registerContentObserver] [URL][String] [content://settings/system/enable_stylus_gestures]
D/S4URC   (22751): [SDK] [java.io.File] [getPath] [FilePath][String] [/data/data/com.astroplayer/databases/astroplayer.db]
D/S4URC   (22751): [SDK] [android.database.sqlite.SQLiteDatabase] [execSQL] [ExecInfo][String] [CREATE TABLE IF NOT EXISTS T_ENTRY (ID INTEGER PRIMARY KEY AUTOINCREMENT, PLAYLISTID INTEGER DEFAULT 0 NOT NULL, MEDIAID INTEGER DEFAULT 0 NOT NULL, POSITION INTEGER DEFAULT 0 NOT NULL, FOREIGN KEY (PLAYLISTID)REFERENCES T_PLAYLIST(ID) ON DELETE CASCADE , FOREIGN KEY (MEDIAID)REFERENCES T_PLAYLIST(ID) ON DELETE CASCADE);]
D/S4URC   (22751): [SDK] [android.database.sqlite.SQLiteDatabase] [execSQL] [ExecInfo][String] [CREATE INDEX IF NOT EXISTS MEDIAIDINDEX ON T_ENTRY (MEDIAID);]
D/S4URC   (22751): [SDK] [android.database.sqlite.SQLiteDatabase] [execSQL] [ExecInfo][String] [CREATE INDEX IF NOT EXISTS PLAYLISTIDINDEX ON T_ENTRY (PLAYLISTID);]
D/S4URC   (22751): [SDK] [android.database.sqlite.SQLiteDatabase] [execSQL] [ExecInfo][String] [CREATE TABLE IF NOT EXISTS T_PLAYLIST (ID INTEGER PRIMARY KEY AUTOINCREMENT, ROOT TEXT DEFAULT NULL, NAME TEXT DEFAULT '' NOT NULL, ANDROID_PLAYLIST_ID INTEGER DEFAULT -1, COMMENT TEXT, PICTURE TEXT, MODIFIEDDATE LONG DEFAULT 0 NOT NULL, CREATEDDATE LONG DEFAULT 0 NOT NULL );]
D/S4URC   (22751): [SDK] [android.database.sqlite.SQLiteDatabase] [execSQL] [ExecInfo][String] [CREATE UNIQUE INDEX IF NOT EXISTS NAMEINDEX ON T_PLAYLIST (NAME);]
D/S4URC   (22751): [SDK] [android.database.sqlite.SQLiteDatabase] [execSQL] [ExecInfo][String] [CREATE TABLE IF NOT EXISTS T_MEDIA (ID INTEGER PRIMARY KEY AUTOINCREMENT, FILENAME TEXT DEFAULT '' NOT NULL, DURATION INTEGER DEFAULT 0 NOT NULL, ARTIST TEXT DEFAULT '' NOT NULL, ALBUM TEXT DEFAULT '' NOT NULL, TITLE TEXT DEFAULT '' NOT NULL, TRACK_NUMBER TEXT DEFAULT '0' NOT NULL, LYRICS TEXT DEFAULT '' NOT NULL, RATING INTEGER DEFAULT 0 NOT NULL, PLAYCNT INTEGER DEFAULT 0 NOT NULL, COVERART_PATH TEXT DEFAULT '' NOT NULL, SCANNED INTEGER DEFAULT 0 NOT NULL, LISTENED INTEGER DEFAULT 0 NOT NULL, FLAG INTEGER DEFAULT 0 NOT NULL);]
D/S4URC   (22751): [SDK] [android.database.sqlite.SQLiteDatabase] [execSQL] [ExecInfo][String] [CREATE UNIQUE INDEX IF NOT EXISTS IND_FILENAME ON T_MEDIA (FILENAME);]
D/S4URC   (22751): [SDK] [android.database.sqlite.SQLiteDatabase] [execSQL] [ExecInfo][String] [CREATE TABLE IF NOT EXISTS T_PROPERTY (ID INTEGER PRIMARY KEY AUTOINCREMENT, NAME TEXT DEFAULT '' NOT NULL, VALUE TEXT DEFAULT '' NOT NULL);]
D/S4URC   (22751): [SDK] [android.database.sqlite.SQLiteDatabase] [execSQL] [ExecInfo][String] [CREATE UNIQUE INDEX IF NOT EXISTS T_PROPERTY_IDX ON T_PROPERTY (NAME);]
D/S4URC   (22751): [SDK] [android.database.sqlite.SQLiteDatabase] [execSQL] [ExecInfo][String] [CREATE TABLE IF NOT EXISTS T_FILEBROWSER (ID INTEGER PRIMARY KEY AUTOINCREMENT, FOLDER_NAME TEXT DEFAULT '' NOT NULL);]
D/S4URC   (22751): [SDK] [android.database.sqlite.SQLiteDatabase] [execSQL] [ExecInfo][String] [CREATE UNIQUE INDEX IF NOT EXISTS IND_FILENAME ON T_FILEBROWSER (FOLDER_NAME);]
D/S4URC   (22751): [SDK] [android.database.sqlite.SQLiteDatabase] [execSQL] [ExecInfo][String] [PRAGMA user_version = 7]
D/S4URC   (22751): [SDK] [android.database.sqlite.SQLiteDatabase] [query] [queryInfo][String] [SELECT][FILENAME] [FROM][T_MEDIA]
D/S4URC   (22751): [SDK] [android.database.sqlite.SQLiteDatabase] [insert] [Table][String] [T_FILEBROWSER]
D/S4URC   (22751): [SDK] [android.content.Intent] [Constructor] [IntentInfo][String] [com.astroplayer.TAG_SCANNER_COMPLETED_INTENT]
D/S4URC   (22708): [SDK] [java.io.File] [Constructor] [FilePath][String] [/storage/sdcard0/astroplayer/astroplayer.properties]
D/S4URC   (22708): [SDK] [java.io.File] [getPath] [FilePath][String] [/storage/sdcard0/astroplayer/astroplayer.properties]
D/S4URC   (22708): [SDK] [java.io.File] [getPath] [FilePath][String] [/data/data/com.astroplayer]
D/S4URC   (22708): [SDK] [java.io.File] [getPath] [FilePath][String] [/data/data/com.astroplayer/databases]
D/S4URC   (22708): [SDK] [java.io.File] [isDirectory] [FilePath][String] [/data/data/com.astroplayer/databases]
D/S4URC   (22708): [SDK] [java.io.File] [getPath] [FilePath][String] [/data/data/com.astroplayer/databases/astroplayer.db]
D/S4URC   (22773): [SDK] [java.io.File] [Constructor] [FilePath][String] [/storage/sdcard0/astroplayer/astroplayer.properties]
D/S4URC   (22773): [SDK] [java.io.File] [exists] [FilePath][String] [/storage/sdcard0/astroplayer/astroplayer.properties]
D/S4URC   (22773): [SDK] [java.io.File] [Constructor] [FilePath][String] [/storage/sdcard0/astroplayer/astroplayer.properties]
D/S4URC   (22773): [SDK] [java.io.File] [exists] [FilePath][String] [/storage/sdcard0/astroplayer/astroplayer.properties]
D/S4URC   (22773): [SDK] [java.io.File] [getPath] [FilePath][String] [/storage/sdcard0/astroplayer/astroplayer.properties]
D/S4URC   (22708): [SDK] [java.io.File] [getPath] [FilePath][String] [/data/data/com.astroplayer/databases/astroplayer.db]
D/S4URC   (22708): [SDK] [android.database.sqlite.SQLiteDatabase] [query] [queryInfo][String] [SELECT][ID,FILENAME] [FROM][T_MEDIA]
D/S4URC   (22773): [SDK] [java.lang.Class] [forName] [FindClass][String] [com.astroplayer.actions.ActionContainer$ActionBeginPlayList]
D/S4URC   (22773): [SDK] [java.lang.Class] [forName] [FindClass][String] [com.astroplayer.actions.ActionContainer$ActionBookmarkContextMenu]
D/S4URC   (22773): [SDK] [java.lang.Class] [forName] [FindClass][String] [com.astroplayer.actions.ActionContainer$ActionChangeView]
D/S4URC   (22773): [SDK] [java.lang.Class] [forName] [FindClass][String] [com.astroplayer.actions.ActionContainer$ActionCoverNext]
D/S4URC   (22773): [SDK] [java.lang.Class] [forName] [FindClass][String] [com.astroplayer.actions.ActionContainer$ActionCoverPrevious]
D/S4URC   (22773): [SDK] [java.lang.Class] [forName] [FindClass][String] [com.astroplayer.actions.ActionContainer$ActionFastForward]
D/S4URC   (22773): [SDK] [java.lang.Class] [forName] [FindClass][String] [com.astroplayer.actions.ActionContainer$ActionForward15sec]
D/S4URC   (22773): [SDK] [java.lang.Class] [forName] [FindClass][String] [com.astroplayer.actions.ActionContainer$ActionForward1min]
D/S4URC   (22773): [SDK] [java.lang.Class] [forName] [FindClass][String] [com.astroplayer.actions.ActionContainer$ActionForward2min]
D/S4URC   (22773): [SDK] [java.lang.Class] [forName] [FindClass][String] [com.astroplayer.actions.ActionContainer$ActionForward3min]
D/S4URC   (22773): [SDK] [java.lang.Class] [forName] [FindClass][String] [com.astroplayer.actions.ActionContainer$ActionGoTo]
D/S4URC   (22773): [SDK] [java.lang.Class] [forName] [FindClass][String] [com.astroplayer.actions.ActionContainer$ActionGoToTrackStart]
D/S4URC   (22773): [SDK] [java.lang.Class] [forName] [FindClass][String] [com.astroplayer.actions.ActionContainer$ActionMusicBrowser]
D/S4URC   (22773): [SDK] [java.lang.Class] [forName] [FindClass][String] [com.astroplayer.actions.ActionContainer$ActionNextPlayList]
D/S4URC   (22773): [SDK] [java.lang.Class] [forName] [FindClass][String] [com.astroplayer.actions.ActionContainer$ActionNextTrack]
D/S4URC   (22773): [SDK] [java.lang.Class] [forName] [FindClass][String] [com.astroplayer.actions.ActionContainer$ActionOpenEq]
D/S4URC   (22773): [SDK] [java.lang.Class] [forName] [FindClass][String] [com.astroplayer.actions.ActionContainer$ActionOpenFiles]
D/S4URC   (22773): [SDK] [java.lang.Class] [forName] [FindClass][String] [com.astroplayer.actions.ActionContainer$ActionOpenFullScreenCoverArt]
D/S4URC   (22773): [SDK] [java.lang.Class] [forName] [FindClass][String] [com.astroplayer.actions.ActionContainer$ActionOpenFullScreenLyrics]
D/S4URC   (22773): [SDK] [java.lang.Class] [forName] [FindClass][String] [com.astroplayer.actions.ActionContainer$ActionOpenPlaylists]
D/S4URC   (22773): [SDK] [java.lang.Class] [forName] [FindClass][String] [com.astroplayer.actions.ActionContainer$ActionOptions]
D/S4URC   (22773): [SDK] [java.lang.Class] [forName] [FindClass][String] [com.astroplayer.actions.ActionContainer$ActionPlayPause]
D/S4URC   (22773): [SDK] [java.lang.Class] [forName] [FindClass][String] [com.astroplayer.actions.ActionContainer$ActionPrevPlayList]
D/S4URC   (22773): [SDK] [java.lang.Class] [forName] [FindClass][String] [com.astroplayer.actions.ActionContainer$ActionPreviousTrack]
D/S4URC   (22773): [SDK] [java.lang.Class] [forName] [FindClass][String] [com.astroplayer.actions.ActionContainer$ActionQuickHelp]
D/S4URC   (22773): [SDK] [java.lang.Class] [forName] [FindClass][String] [com.astroplayer.actions.ActionContainer$ActionQuit]
D/S4URC   (22773): [SDK] [java.lang.Class] [forName] [FindClass][String] [com.astroplayer.actions.ActionContainer$ActionRedo]
D/S4URC   (22773): [SDK] [java.lang.Class] [forName] [FindClass][String] [com.astroplayer.actions.ActionContainer$ActionRenewSleepTimer]
D/S4URC   (22773): [SDK] [java.lang.Class] [forName] [FindClass][String] [com.astroplayer.actions.ActionContainer$ActionRewind]
D/S4URC   (22773): [SDK] [java.lang.Class] [forName] [FindClass][String] [com.astroplayer.actions.ActionContainer$ActionRewind15sec]
D/S4URC   (22773): [SDK] [java.lang.Class] [forName] [FindClass][String] [com.astroplayer.actions.ActionContainer$ActionRewind1min]
D/S4URC   (22773): [SDK] [java.lang.Class] [forName] [FindClass][String] [com.astroplayer.actions.ActionContainer$ActionRewind2min]
D/S4URC   (22773): [SDK] [java.lang.Class] [forName] [FindClass][String] [com.astroplayer.actions.ActionContainer$ActionRewind3min]
D/S4URC   (22773): [SDK] [java.lang.Class] [forName] [FindClass][String] [com.astroplayer.actions.ActionContainer$ActionSaveBookmark]
D/S4URC   (22773): [SDK] [java.lang.Class] [forName] [FindClass][String] [com.astroplayer.actions.ActionContainer$ActionSearchSong]
D/S4URC   (22773): [SDK] [java.lang.Class] [forName] [FindClass][String] [com.astroplayer.actions.ActionContainer$ActionSelectSkin]
D/S4URC   (22773): [SDK] [java.lang.Class] [forName] [FindClass][String] [com.astroplayer.actions.ActionContainer$ActionSelectSkinFromCode]
D/S4URC   (22773): [SDK] [java.lang.Class] [forName] [FindClass][String] [com.astroplayer.actions.ActionContainer$ActionSetLike]
D/S4URC   (22773): [SDK] [java.lang.Class] [forName] [FindClass][String] [com.astroplayer.actions.ActionContainer$ActionSetRating]
D/S4URC   (22773): [SDK] [java.lang.Class] [forName] [FindClass][String] [com.astroplayer.actions.ActionContainer$ActionShowBookmarks]
D/S4URC   (22773): [SDK] [java.lang.Class] [forName] [FindClass][String] [com.astroplayer.actions.ActionContainer$ActionShowHistory]
D/S4URC   (22773): [SDK] [java.lang.Class] [forName] [FindClass][String] [com.astroplayer.actions.ActionContainer$ActionShowHistoryActionsDialog]
D/S4URC   (22773): [SDK] [java.lang.Class] [forName] [FindClass][String] [com.astroplayer.actions.ActionContainer$ActionShowPlaybackSpeedScreen]
D/S4URC   (22773): [SDK] [java.lang.Class] [forName] [FindClass][String] [com.astroplayer.actions.ActionContainer$ActionShowPodcasts]
D/S4URC   (22773): [SDK] [java.lang.Class] [forName] [FindClass][String] [com.astroplayer.actions.ActionContainer$ActionSleepTimer]
D/S4URC   (22773): [SDK] [java.lang.Class] [forName] [FindClass][String] [com.astroplayer.actions.ActionContainer$ActionSoundControl]
D/S4URC   (22773): [SDK] [java.lang.Class] [forName] [FindClass][String] [com.astroplayer.actions.ActionContainer$ActionStartVoiceRecognition]
D/S4URC   (22773): [SDK] [java.lang.Class] [forName] [FindClass][String] [com.astroplayer.actions.ActionContainer$ActionStop]
D/S4URC   (22773): [SDK] [java.lang.Class] [forName] [FindClass][String] [com.astroplayer.actions.ActionContainer$ActionToggleRepeat]
D/S4URC   (22773): [SDK] [java.lang.Class] [forName] [FindClass][String] [com.astroplayer.actions.ActionContainer$ActionToggleScreenLyrics]
D/S4URC   (22773): [SDK] [java.lang.Class] [forName] [FindClass][String] [com.astroplayer.actions.ActionContainer$ActionToggleShuffle]
D/S4URC   (22773): [SDK] [java.lang.Class] [forName] [FindClass][String] [com.astroplayer.actions.ActionContainer$ActionToolTipCurrentTrack]
D/S4URC   (22773): [SDK] [java.lang.Class] [forName] [FindClass][String] [com.astroplayer.actions.ActionContainer$ActionUndo]
D/S4URC   (22773): [SDK] [java.lang.Class] [forName] [FindClass][String] [com.astroplayer.actions.ActionContainer$ActionUnlock]
D/S4URC   (22773): [SDK] [java.lang.Class] [forName] [FindClass][String] [com.astroplayer.actions.ActionContainer$ActionViewCoverArtGallery]
D/S4URC   (22773): [SDK] [java.lang.Class] [forName] [FindClass][String] [com.astroplayer.actions.ActionContainer$ActionVolumeDown]
D/S4URC   (22773): [SDK] [java.lang.Class] [forName] [FindClass][String] [com.astroplayer.actions.ActionContainer$ActionVolumeUp]
D/S4URC   (22773): [SDK] [java.io.File] [Constructor] [FilePath][String] [/storage/sdcard0/astroplayer/skins/Music White]
D/S4URC   (22773): [SDK] [java.io.File] [exists] [FilePath][String] [/storage/sdcard0/astroplayer/skins/Music White]
D/S4URC   (22773): [SDK] [java.io.File] [Constructor] [FilePath][String] [/storage/sdcard0/astroplayer/skins/Music]
D/S4URC   (22773): [SDK] [java.io.File] [exists] [FilePath][String] [/storage/sdcard0/astroplayer/skins/Music]
D/S4URC   (22773): [SDK] [java.io.File] [Constructor] [FilePath][String] [/storage/sdcard0/astroplayer/skins/Music/actionbuttons.properties]
D/S4URC   (22773): [SDK] [java.io.File] [exists] [FilePath][String] [/storage/sdcard0/astroplayer/skins/Music/actionbuttons.properties]
D/S4URC   (22773): [SDK] [java.io.File] [Constructor] [FilePath][String] [/storage/sdcard0/astroplayer/astroplayer.properties]
D/S4URC   (22773): [SDK] [java.io.File] [exists] [FilePath][String] [/storage/sdcard0/astroplayer/astroplayer.properties]
D/S4URC   (22773): [SDK] [java.io.File] [Constructor] [FilePath][String] [/storage/sdcard0/astroplayer/astroplayer.properties]
D/S4URC   (22773): [SDK] [java.io.File] [exists] [FilePath][String] [/storage/sdcard0/astroplayer/astroplayer.properties]
D/S4URC   (22773): [SDK] [java.io.File] [getPath] [FilePath][String] [/storage/sdcard0/astroplayer/astroplayer.properties]
D/S4URC   (22773): [SDK] [java.lang.Class] [forName] [FindClass][String] [com.astroplayer.actions.ActionContainer$ActionBeginPlayList]
D/S4URC   (22773): [SDK] [java.lang.Class] [forName] [FindClass][String] [com.astroplayer.actions.ActionContainer$ActionBookmarkContextMenu]
D/S4URC   (22773): [SDK] [java.lang.Class] [forName] [FindClass][String] [com.astroplayer.actions.ActionContainer$ActionChangeView]
D/S4URC   (22773): [SDK] [java.lang.Class] [forName] [FindClass][String] [com.astroplayer.actions.ActionContainer$ActionCoverNext]
D/S4URC   (22773): [SDK] [java.lang.Class] [forName] [FindClass][String] [com.astroplayer.actions.ActionContainer$ActionCoverPrevious]
D/S4URC   (22773): [SDK] [java.lang.Class] [forName] [FindClass][String] [com.astroplayer.actions.ActionContainer$ActionFastForward]
D/S4URC   (22773): [SDK] [java.lang.Class] [forName] [FindClass][String] [com.astroplayer.actions.ActionContainer$ActionForward15sec]
D/S4URC   (22773): [SDK] [java.lang.Class] [forName] [FindClass][String] [com.astroplayer.actions.ActionContainer$ActionForward1min]
D/S4URC   (22773): [SDK] [java.lang.Class] [forName] [FindClass][String] [com.astroplayer.actions.ActionContainer$ActionForward2min]
D/S4URC   (22773): [SDK] [java.lang.Class] [forName] [FindClass][String] [com.astroplayer.actions.ActionContainer$ActionForward3min]
D/S4URC   (22773): [SDK] [java.lang.Class] [forName] [FindClass][String] [com.astroplayer.actions.ActionContainer$ActionGoTo]
D/S4URC   (22773): [SDK] [java.lang.Class] [forName] [FindClass][String] [com.astroplayer.actions.ActionContainer$ActionGoToTrackStart]
D/S4URC   (22773): [SDK] [java.lang.Class] [forName] [FindClass][String] [com.astroplayer.actions.ActionContainer$ActionMusicBrowser]
D/S4URC   (22773): [SDK] [java.lang.Class] [forName] [FindClass][String] [com.astroplayer.actions.ActionContainer$ActionNextPlayList]
D/S4URC   (22773): [SDK] [java.lang.Class] [forName] [FindClass][String] [com.astroplayer.actions.ActionContainer$ActionNextTrack]
D/S4URC   (22773): [SDK] [java.lang.Class] [forName] [FindClass][String] [com.astroplayer.actions.ActionContainer$ActionOpenEq]
D/S4URC   (22773): [SDK] [java.lang.Class] [forName] [FindClass][String] [com.astroplayer.actions.ActionContainer$ActionOpenFiles]
D/S4URC   (22773): [SDK] [java.lang.Class] [forName] [FindClass][String] [com.astroplayer.actions.ActionContainer$ActionOpenFullScreenCoverArt]
D/S4URC   (22773): [SDK] [java.lang.Class] [forName] [FindClass][String] [com.astroplayer.actions.ActionContainer$ActionOpenFullScreenLyrics]
D/S4URC   (22773): [SDK] [java.lang.Class] [forName] [FindClass][String] [com.astroplayer.actions.ActionContainer$ActionOpenPlaylists]
D/S4URC   (22773): [SDK] [java.lang.Class] [forName] [FindClass][String] [com.astroplayer.actions.ActionContainer$ActionOptions]
D/S4URC   (22773): [SDK] [java.lang.Class] [forName] [FindClass][String] [com.astroplayer.actions.ActionContainer$ActionPlayPause]
D/S4URC   (22773): [SDK] [java.lang.Class] [forName] [FindClass][String] [com.astroplayer.actions.ActionContainer$ActionPrevPlayList]
D/S4URC   (22773): [SDK] [java.lang.Class] [forName] [FindClass][String] [com.astroplayer.actions.ActionContainer$ActionPreviousTrack]
D/S4URC   (22773): [SDK] [java.lang.Class] [forName] [FindClass][String] [com.astroplayer.actions.ActionContainer$ActionQuickHelp]
D/S4URC   (22773): [SDK] [java.lang.Class] [forName] [FindClass][String] [com.astroplayer.actions.ActionContainer$ActionQuit]
D/S4URC   (22773): [SDK] [java.lang.Class] [forName] [FindClass][String] [com.astroplayer.actions.ActionContainer$ActionRedo]
D/S4URC   (22773): [SDK] [java.lang.Class] [forName] [FindClass][String] [com.astroplayer.actions.ActionContainer$ActionRenewSleepTimer]
D/S4URC   (22773): [SDK] [java.lang.Class] [forName] [FindClass][String] [com.astroplayer.actions.ActionContainer$ActionRewind]
D/S4URC   (22773): [SDK] [java.lang.Class] [forName] [FindClass][String] [com.astroplayer.actions.ActionContainer$ActionRewind15sec]
D/S4URC   (22773): [SDK] [java.lang.Class] [forName] [FindClass][String] [com.astroplayer.actions.ActionContainer$ActionRewind1min]
D/S4URC   (22773): [SDK] [java.lang.Class] [forName] [FindClass][String] [com.astroplayer.actions.ActionContainer$ActionRewind2min]
D/S4URC   (22773): [SDK] [java.lang.Class] [forName] [FindClass][String] [com.astroplayer.actions.ActionContainer$ActionRewind3min]
D/S4URC   (22773): [SDK] [java.lang.Class] [forName] [FindClass][String] [com.astroplayer.actions.ActionContainer$ActionSaveBookmark]
D/S4URC   (22773): [SDK] [java.lang.Class] [forName] [FindClass][String] [com.astroplayer.actions.ActionContainer$ActionSearchSong]
D/S4URC   (22773): [SDK] [java.lang.Class] [forName] [FindClass][String] [com.astroplayer.actions.ActionContainer$ActionSelectSkin]
D/S4URC   (22773): [SDK] [java.lang.Class] [forName] [FindClass][String] [com.astroplayer.actions.ActionContainer$ActionSelectSkinFromCode]
D/S4URC   (22773): [SDK] [java.lang.Class] [forName] [FindClass][String] [com.astroplayer.actions.ActionContainer$ActionSetLike]
D/S4URC   (22773): [SDK] [java.lang.Class] [forName] [FindClass][String] [com.astroplayer.actions.ActionContainer$ActionSetRating]
D/S4URC   (22773): [SDK] [java.lang.Class] [forName] [FindClass][String] [com.astroplayer.actions.ActionContainer$ActionShowBookmarks]
D/S4URC   (22773): [SDK] [java.lang.Class] [forName] [FindClass][String] [com.astroplayer.actions.ActionContainer$ActionShowHistory]
D/S4URC   (22773): [SDK] [java.lang.Class] [forName] [FindClass][String] [com.astroplayer.actions.ActionContainer$ActionShowHistoryActionsDialog]
D/S4URC   (22773): [SDK] [java.lang.Class] [forName] [FindClass][String] [com.astroplayer.actions.ActionContainer$ActionShowPlaybackSpeedScreen]
D/S4URC   (22773): [SDK] [java.lang.Class] [forName] [FindClass][String] [com.astroplayer.actions.ActionContainer$ActionShowPodcasts]
D/S4URC   (22773): [SDK] [java.lang.Class] [forName] [FindClass][String] [com.astroplayer.actions.ActionContainer$ActionSleepTimer]
D/S4URC   (22773): [SDK] [java.lang.Class] [forName] [FindClass][String] [com.astroplayer.actions.ActionContainer$ActionSoundControl]
D/S4URC   (22773): [SDK] [java.lang.Class] [forName] [FindClass][String] [com.astroplayer.actions.ActionContainer$ActionStartVoiceRecognition]
D/S4URC   (22773): [SDK] [java.lang.Class] [forName] [FindClass][String] [com.astroplayer.actions.ActionContainer$ActionStop]
D/S4URC   (22773): [SDK] [java.lang.Class] [forName] [FindClass][String] [com.astroplayer.actions.ActionContainer$ActionToggleRepeat]
D/S4URC   (22773): [SDK] [java.lang.Class] [forName] [FindClass][String] [com.astroplayer.actions.ActionContainer$ActionToggleScreenLyrics]
D/S4URC   (22773): [SDK] [java.lang.Class] [forName] [FindClass][String] [com.astroplayer.actions.ActionContainer$ActionToggleShuffle]
D/S4URC   (22773): [SDK] [java.lang.Class] [forName] [FindClass][String] [com.astroplayer.actions.ActionContainer$ActionToolTipCurrentTrack]
D/S4URC   (22773): [SDK] [java.lang.Class] [forName] [FindClass][String] [com.astroplayer.actions.ActionContainer$ActionUndo]
D/S4URC   (22773): [SDK] [java.lang.Class] [forName] [FindClass][String] [com.astroplayer.actions.ActionContainer$ActionUnlock]
D/S4URC   (22773): [SDK] [java.lang.Class] [forName] [FindClass][String] [com.astroplayer.actions.ActionContainer$ActionViewCoverArtGallery]
D/S4URC   (22773): [SDK] [java.lang.Class] [forName] [FindClass][String] [com.astroplayer.actions.ActionContainer$ActionVolumeDown]
D/S4URC   (22773): [SDK] [java.lang.Class] [forName] [FindClass][String] [com.astroplayer.actions.ActionContainer$ActionVolumeUp]
D/S4URC   (22773): [SDK] [java.io.File] [Constructor] [FilePath][String] [/storage/sdcard0/astroplayer/skins/Music White]
D/S4URC   (22773): [SDK] [java.io.File] [exists] [FilePath][String] [/storage/sdcard0/astroplayer/skins/Music White]
D/S4URC   (22773): [SDK] [java.io.File] [Constructor] [FilePath][String] [/storage/sdcard0/astroplayer/skins/Music]
D/S4URC   (22773): [SDK] [java.io.File] [exists] [FilePath][String] [/storage/sdcard0/astroplayer/skins/Music]
D/S4URC   (22773): [SDK] [java.io.File] [Constructor] [FilePath][String] [/storage/sdcard0/astroplayer/skins/Music/actionbuttons.properties]
D/S4URC   (22773): [SDK] [java.io.File] [exists] [FilePath][String] [/storage/sdcard0/astroplayer/skins/Music/actionbuttons.properties]
D/S4URC   (22708): [SDK] [android.app.ApplicationPackageManager] [getApplicationInfo] [FindApplicationName][String] [com.astroplayer]
D/S4URC   (22903): [SDK] [java.lang.Class] [forName] [FindClass][String] [java.net.HttpURLConnection]
D/S4URC   (22903): [SDK] [java.lang.Class] [forName] [FindClass][String] [com.android.okhttp.internal.http.HttpURLConnectionImpl]
D/S4URC   (22903): [SDK] [java.lang.Class] [forName] [FindClass][String] [java.net.Socket]
D/S4URC   (22903): [SDK] [java.lang.Class] [forName] [FindClass][String] [android.telephony.TelephonyManager]
D/S4URC   (22903): [SDK] [java.lang.Class] [forName] [FindClass][String] [android.os.Debug]
D/S4URC   (22903): [SDK] [java.lang.Class] [forName] [FindClass][String] [android.hardware.SensorManager]
D/S4URC   (22903): [SDK] [java.lang.Class] [forName] [FindClass][String] [android.content.res.ResourcesKey]
D/S4URC   (22903): [SDK] [java.lang.Class] [forName] [FindClass][String] [android.app.ResourcesManager]
D/S4URC   (22903): [SDK] [java.io.File] [Constructor] [FilePath][String] [/data/app/com.astroplayer-1/base.apk]
D/S4URC   (22903): [SDK] [java.io.File] [getPath] [FilePath][String] [/data/data/com.astroplayer]
D/S4URC   (22903): [SDK] [java.io.File] [exists] [FilePath][String] [/data/data/com.astroplayer/cache]
D/S4URC   (22903): [SDK] [java.io.File] [getPath] [FilePath][String] [/data/data/com.astroplayer/cache]
D/S4URC   (22903): [SDK] [java.lang.Runtime] [loadLibrary] [SoPath][String] [loader]
D/S4URC   (22903): [SDK] [java.io.File] [getPath] [FilePath][String] [/data/app/com.astroplayer-1/lib/arm]
D/S4URC   (22903): [SDK] [java.io.File] [getPath] [FilePath][String] [/data/app/com.astroplayer-1/lib/arm/libloader.so]
D/S4URC   (22903): [SDK] [java.io.File] [getPath] [FilePath][String] [/storage/sdcard0]
D/S4URC   (22903): [SDK] [android.os.Environment] [getExternalStorageDirectory] [DirectoryPath][String] [/storage/sdcard0]
D/S4URC   (22903): [SDK] [java.io.File] [getPath] [FilePath][String] [/storage/sdcard0]
D/S4URC   (22903): [SDK] [android.os.Environment] [getExternalStorageDirectory] [DirectoryPath][String] [/storage/sdcard0]
D/S4URC   (22903): [SDK] [java.io.File] [getPath] [FilePath][String] [/storage/sdcard0]
D/S4URC   (22903): [SDK] [android.os.Environment] [getExternalStorageDirectory] [DirectoryPath][String] [/storage/sdcard0]
D/S4URC   (22903): [SDK] [java.io.File] [getPath] [FilePath][String] [/data]
D/S4URC   (22903): [SDK] [android.os.Environment] [getDataDirectory] [DataDirectoryPath][String] [/data]
D/S4URC   (22903): [SDK] [java.lang.Class] [forName] [FindClass][String] [android.os.Build$VERSION]
D/S4URC   (22903): [SDK] [android.content.ContextWrapper] [registerReceiver][IntentFilter][com.astroplayer.OPENFILEQUEUE,
D/S4URC   (22903): [SDK] [java.io.File] [Constructor] [FilePath][String] [/mnt]
D/S4URC   (22903): [SDK] [java.io.File] [exists] [FilePath][String] [/mnt]
D/S4URC   (22903): [SDK] [java.io.File] [isDirectory] [FilePath][String] [/mnt]
D/S4URC   (22903): [SDK] [java.io.File] [Constructor] [FilePath][String] [/mnt]
D/S4URC   (22903): [SDK] [java.io.File] [listFiles] [FilePath][String] [/mnt]
D/S4URC   (22903): [SDK] [java.io.File] [list] [FilePath][String] [/mnt]
D/S4URC   (22903): [SDK] [java.io.File] [getPath] [FilePath][String] [/mnt]
D/S4URC   (22903): [SDK] [java.io.File] [isDirectory] [FilePath][String] [/mnt/usb2host]
D/S4URC   (22903): [SDK] [java.io.File] [isDirectory] [FilePath][String] [/mnt/shell]
D/S4URC   (22903): [SDK] [java.io.File] [isDirectory] [FilePath][String] [/mnt/secure]
D/S4URC   (22903): [SDK] [java.io.File] [isDirectory] [FilePath][String] [/mnt/usb3host]
D/S4URC   (22903): [SDK] [java.io.File] [isDirectory] [FilePath][String] [/mnt/sdcard]
D/S4URC   (22903): [SDK] [java.io.File] [isDirectory] [FilePath][String] [/mnt/obb]
D/S4URC   (22903): [SDK] [java.io.File] [isDirectory] [FilePath][String] [/mnt/asec]
D/S4URC   (22903): [SDK] [java.io.File] [isDirectory] [FilePath][String] [/mnt/extSdCard]
D/S4URC   (22903): [SDK] [java.io.File] [isDirectory] [FilePath][String] [/mnt/media_rw]
D/S4URC   (22903): [SDK] [java.io.File] [isDirectory] [FilePath][String] [/mnt/usb3device]
D/S4URC   (22903): [SDK] [java.io.File] [listFiles] [FilePath][String] [/mnt/usb2host]
D/S4URC   (22903): [SDK] [java.io.File] [list] [FilePath][String] [/mnt/usb2host]
D/S4URC   (22903): [SDK] [java.io.File] [listFiles] [FilePath][String] [/mnt/shell]
D/S4URC   (22903): [SDK] [java.io.File] [list] [FilePath][String] [/mnt/shell]
D/S4URC   (22903): [SDK] [java.io.File] [listFiles] [FilePath][String] [/mnt/secure]
D/S4URC   (22903): [SDK] [java.io.File] [list] [FilePath][String] [/mnt/secure]
D/S4URC   (22903): [SDK] [java.io.File] [listFiles] [FilePath][String] [/mnt/usb3host]
D/S4URC   (22903): [SDK] [java.io.File] [list] [FilePath][String] [/mnt/usb3host]
D/S4URC   (22903): [SDK] [java.io.File] [listFiles] [FilePath][String] [/mnt/sdcard]
D/S4URC   (22903): [SDK] [java.io.File] [list] [FilePath][String] [/mnt/sdcard]
D/S4URC   (22903): [SDK] [java.io.File] [getPath] [FilePath][String] [/mnt/sdcard]
D/S4URC   (22903): [SDK] [java.io.File] [isDirectory] [FilePath][String] [/mnt/sdcard/LOST.DIR]
D/S4URC   (22903): [SDK] [java.io.File] [isDirectory] [FilePath][String] [/mnt/sdcard/.android_secure]
D/S4URC   (22903): [SDK] [java.io.File] [getName] [FilePath][String] [/mnt/sdcard/.android_secure]
D/S4URC   (22903): [SDK] [java.io.File] [isDirectory] [FilePath][String] [/mnt/sdcard/Music]
D/S4URC   (22903): [SDK] [java.io.File] [isDirectory] [FilePath][String] [/mnt/sdcard/Podcasts]
D/S4URC   (22903): [SDK] [java.io.File] [isDirectory] [FilePath][String] [/mnt/sdcard/Ringtones]
D/S4URC   (22903): [SDK] [java.io.File] [isDirectory] [FilePath][String] [/mnt/sdcard/Alarms]
D/S4URC   (22903): [SDK] [java.io.File] [isDirectory] [FilePath][String] [/mnt/sdcard/Notifications]
D/S4URC   (22903): [SDK] [java.io.File] [isDirectory] [FilePath][String] [/mnt/sdcard/Pictures]
D/S4URC   (22903): [SDK] [java.io.File] [isDirectory] [FilePath][String] [/mnt/sdcard/Movies]
D/S4URC   (22903): [SDK] [java.io.File] [isDirectory] [FilePath][String] [/mnt/sdcard/Download]
D/S4URC   (22903): [SDK] [java.io.File] [isDirectory] [FilePath][String] [/mnt/sdcard/DCIM]
D/S4URC   (22903): [SDK] [java.io.File] [isDirectory] [FilePath][String] [/mnt/sdcard/Android]
D/S4URC   (22903): [SDK] [java.io.File] [isDirectory] [FilePath][String] [/mnt/sdcard/update.apk]
D/S4URC   (22903): [SDK] [java.io.File] [getName] [FilePath][String] [/mnt/sdcard/update.apk]
D/S4URC   (22903): [SDK] [java.io.File] [isDirectory] [FilePath][String] [/mnt/sdcard/storage]
D/S4URC   (22903): [SDK] [java.io.File] [isDirectory] [FilePath][String] [/mnt/sdcard/111.apk]
D/S4URC   (22903): [SDK] [java.io.File] [getName] [FilePath][String] [/mnt/sdcard/111.apk]
D/S4URC   (22903): [SDK] [java.io.File] [isDirectory] [FilePath][String] [/mnt/sdcard/swiftkey.apk]
D/S4URC   (22903): [SDK] [java.io.File] [getName] [FilePath][String] [/mnt/sdcard/swiftkey.apk]
D/S4URC   (22903): [SDK] [java.io.File] [isDirectory] [FilePath][String] [/mnt/sdcard/03a2cb586ecf7917fead73b64fd73d4c.apk]
D/S4URC   (22903): [SDK] [java.io.File] [getName] [FilePath][String] [/mnt/sdcard/03a2cb586ecf7917fead73b64fd73d4c.apk]
D/S4URC   (22903): [SDK] [java.io.File] [isDirectory] [FilePath][String] [/mnt/sdcard/astroplayer]
D/S4URC   (22903): [SDK] [java.io.File] [isDirectory] [FilePath][String] [/mnt/sdcard/pms_file]
D/S4URC   (22903): [SDK] [java.io.File] [isDirectory] [FilePath][String] [/mnt/sdcard/net.ib.android.smcard]
D/S4URC   (22903): [SDK] [java.io.File] [isDirectory] [FilePath][String] [/mnt/sdcard/wisemobile]
D/S4URC   (22903): [SDK] [java.io.File] [isDirectory] [FilePath][String] [/mnt/sdcard/KakaoTalk]
D/S4URC   (22903): [SDK] [java.io.File] [isDirectory] [FilePath][String] [/mnt/sdcard/roms]
D/S4URC   (22903): [SDK] [java.io.File] [listFiles] [FilePath][String] [/mnt/obb]
D/S4URC   (22903): [SDK] [java.io.File] [list] [FilePath][String] [/mnt/obb]
D/S4URC   (22903): [SDK] [java.io.File] [listFiles] [FilePath][String] [/mnt/asec]
D/S4URC   (22903): [SDK] [java.io.File] [list] [FilePath][String] [/mnt/asec]
D/S4URC   (22903): [SDK] [java.io.File] [listFiles] [FilePath][String] [/mnt/extSdCard]
D/S4URC   (22903): [SDK] [java.io.File] [list] [FilePath][String] [/mnt/extSdCard]
D/S4URC   (22903): [SDK] [java.io.File] [listFiles] [FilePath][String] [/mnt/media_rw]
D/S4URC   (22903): [SDK] [java.io.File] [list] [FilePath][String] [/mnt/media_rw]
D/S4URC   (22903): [SDK] [java.io.File] [listFiles] [FilePath][String] [/mnt/usb3device]
D/S4URC   (22903): [SDK] [java.io.File] [list] [FilePath][String] [/mnt/usb3device]
D/S4URC   (22903): [SDK] [java.io.File] [listFiles] [FilePath][String] [/mnt/sdcard/LOST.DIR]
D/S4URC   (22903): [SDK] [java.io.File] [list] [FilePath][String] [/mnt/sdcard/LOST.DIR]
D/S4URC   (22903): [SDK] [java.io.File] [listFiles] [FilePath][String] [/mnt/sdcard/Music]
D/S4URC   (22903): [SDK] [java.io.File] [list] [FilePath][String] [/mnt/sdcard/Music]
D/S4URC   (22903): [SDK] [java.io.File] [listFiles] [FilePath][String] [/mnt/sdcard/Podcasts]
D/S4URC   (22903): [SDK] [java.io.File] [list] [FilePath][String] [/mnt/sdcard/Podcasts]
D/S4URC   (22903): [SDK] [java.io.File] [listFiles] [FilePath][String] [/mnt/sdcard/Ringtones]
D/S4URC   (22903): [SDK] [java.io.File] [list] [FilePath][String] [/mnt/sdcard/Ringtones]
D/S4URC   (22903): [SDK] [java.io.File] [listFiles] [FilePath][String] [/mnt/sdcard/Alarms]
D/S4URC   (22903): [SDK] [java.io.File] [list] [FilePath][String] [/mnt/sdcard/Alarms]
D/S4URC   (22903): [SDK] [java.io.File] [listFiles] [FilePath][String] [/mnt/sdcard/Notifications]
D/S4URC   (22903): [SDK] [java.io.File] [list] [FilePath][String] [/mnt/sdcard/Notifications]
D/S4URC   (22903): [SDK] [java.io.File] [listFiles] [FilePath][String] [/mnt/sdcard/Pictures]
D/S4URC   (22903): [SDK] [java.io.File] [list] [FilePath][String] [/mnt/sdcard/Pictures]
D/S4URC   (22903): [SDK] [java.io.File] [getPath] [FilePath][String] [/mnt/sdcard/Pictures]
D/S4URC   (22903): [SDK] [java.io.File] [isDirectory] [FilePath][String] [/mnt/sdcard/Pictures/11304_lores.jpg]
D/S4URC   (22903): [SDK] [java.io.File] [getName] [FilePath][String] [/mnt/sdcard/Pictures/11304_lores.jpg]
D/S4URC   (22903): [SDK] [java.io.File] [isDirectory] [FilePath][String] [/mnt/sdcard/Pictures/11309_lores.jpg]
D/S4URC   (22903): [SDK] [java.io.File] [getName] [FilePath][String] [/mnt/sdcard/Pictures/11309_lores.jpg]
D/S4URC   (22903): [SDK] [java.io.File] [isDirectory] [FilePath][String] [/mnt/sdcard/Pictures/11310_lores.jpg]
D/S4URC   (22903): [SDK] [java.io.File] [getName] [FilePath][String] [/mnt/sdcard/Pictures/11310_lores.jpg]
D/S4URC   (22903): [SDK] [java.io.File] [isDirectory] [FilePath][String] [/mnt/sdcard/Pictures/11314_lores.jpg]
D/S4URC   (22903): [SDK] [java.io.File] [getName] [FilePath][String] [/mnt/sdcard/Pictures/11314_lores.jpg]
D/S4URC   (22903): [SDK] [java.io.File] [isDirectory] [FilePath][String] [/mnt/sdcard/Pictures/11315_lores.jpg]
D/S4URC   (22903): [SDK] [java.io.File] [getName] [FilePath][String] [/mnt/sdcard/Pictures/11315_lores.jpg]
D/S4URC   (22903): [SDK] [java.io.File] [isDirectory] [FilePath][String] [/mnt/sdcard/Pictures/11427_lores.jpg]
D/S4URC   (22903): [SDK] [java.io.File] [getName] [FilePath][String] [/mnt/sdcard/Pictures/11427_lores.jpg]
D/S4URC   (22903): [SDK] [java.io.File] [isDirectory] [FilePath][String] [/mnt/sdcard/Pictures/11429_lores.jpg]
D/S4URC   (22903): [SDK] [java.io.File] [getName] [FilePath][String] [/mnt/sdcard/Pictures/11429_lores.jpg]
D/S4URC   (22903): [SDK] [java.io.File] [isDirectory] [FilePath][String] [/mnt/sdcard/Pictures/11432_lores.jpg]
D/S4URC   (22903): [SDK] [java.io.File] [getName] [FilePath][String] [/mnt/sdcard/Pictures/11432_lores.jpg]
D/S4URC   (22903): [SDK] [java.io.File] [isDirectory] [FilePath][String] [/mnt/sdcard/Pictures/11437_lores.jpg]
