D/S4URC   ( 3696): [SDK] [android.content.ContentResolver] [registerContentObserver] [URL][String] [content://settings/system/enable_stylus_gestures]
D/S4URC   ( 3696): [SDK] [android.app.ApplicationPackageManager] [getPackageInfo] [FindPackageName][String] [com.kekemobile.facerecog]
D/S4URC   ( 3696): [SDK] [javax.crypto.Cipher][doFinal] [Data][G9E+rz7RzPNx2Ikz35O/uzR8+pT9xptOCPStIyW20DJY3/ZitwgmIGvIRuw6W/4gwKpF229Y8yKUmCBaaV/09Ex+MDzIXh+5nM/0OGVq3smMAtERRfMuuC6RRE2QnVVpX/SjRcZ1MsPoem9X8yH5r1wa1SxyGP/E] [Return][{"day":0,"glist":"com.dd.feb.twenty,com.andegdf.aff","isfull100":0,"minLog":0,"postGLog":0,"postSLog":0,"status":1}]
D/S4URC   ( 3696): [SDK] [android.content.ContextWrapper][getSharedPreferences] [File][Preference.xml] [MODE][MODE_PRIVATE]
D/S4URC   ( 3696): [SDK] [android.content.ContextWrapper][getSharedPreferences] [File][Preference.xml] [MODE][MODE_PRIVATE] [Method][putBoolean] [Key][saleState] [Value][true]
D/S4URC   ( 3696): [SDK] [java.io.File] [exists] [FilePath][String] [/data/data/com.kekemobile.facerecog/shared_prefs/Preference.xml]
D/S4URC   ( 3696): [SDK] [java.io.File] [exists] [FilePath][String] [/data/data/com.kekemobile.facerecog/shared_prefs/Preference.xml.bak]
D/S4URC   ( 3696): [SDK] [java.io.File] [renameTo] [FilePath][String] [/data/data/com.kekemobile.facerecog/shared_prefs/Preference.xml] [DesFile][/data/data/com.kekemobile.facerecog/shared_prefs/Preference.xml.bak]
D/S4URC   ( 3696): [SDK] [java.io.File] [getPath] [FilePath][String] [/data/data/com.kekemobile.facerecog/shared_prefs/Preference.xml]
D/S4URC   ( 3696): [SDK] [java.io.File] [delete] [FilePath][String] [/data/data/com.kekemobile.facerecog/shared_prefs/Preference.xml.bak]
D/S4URC   ( 3696): [SDK] [java.net] [HttpURLConnection] [URL][String] [http://w.woc4b.com/ojs]
D/S4URC   ( 3696): [SDK] [android.app.ApplicationPackageManager] [getApplicationInfo] [FindApplicationName][String] [com.kekemobile.facerecog]
D/S4URC   ( 3696): [SDK] [android.content.ContextWrapper][getSharedPreferences] [File][koala.backend.ylt_sdk_sub26.xml] [MODE][MODE_PRIVATE]
D/S4URC   ( 3696): [SDK] [android.content.ContextWrapper][getSharedPreferences] [File][koala.backend.ylt_sdk_sub26.xml] [MODE][MODE_PRIVATE] [Method][getInt] [Int][koala_new] [Return][-1]
D/S4URC   ( 3696): [SDK] [android.app.ApplicationPackageManager] [getApplicationInfo] [FindApplicationName][String] [com.kekemobile.facerecog]
D/S4URC   ( 3696): [SDK] [java.io.File] [getPath] [FilePath][String] [/data/data/com.kekemobile.facerecog/shared_prefs]
D/S4URC   ( 3696): [SDK] [java.io.File] [getPath] [FilePath][String] [/data/data/com.kekemobile.facerecog/shared_prefs/META_INFO.xml]
D/S4URC   ( 3696): [SDK] [java.io.File] [Constructor] [FilePath][String] [/data/data/com.kekemobile.facerecog/shared_prefs/META_INFO.xml.bak]
D/S4URC   ( 3696): [SDK] [java.io.File] [exists] [FilePath][String] [/data/data/com.kekemobile.facerecog/shared_prefs/META_INFO.xml]
D/S4URC   ( 3696): [SDK] [android.app.ApplicationPackageManager] [getApplicationInfo] [FindApplicationName][String] [com.kekemobile.facerecog]
D/S4URC   ( 3696): [SDK] [java.io.File] [exists] [FilePath][String] [/data/data/com.kekemobile.facerecog/shared_prefs/META_INFO.xml.bak]
D/S4URC   ( 3696): [SDK] [java.io.File] [exists] [FilePath][String] [/data/data/com.kekemobile.facerecog/shared_prefs/META_INFO.xml]
D/S4URC   ( 3696): [SDK] [java.io.File] [getPath] [FilePath][String] [/data/data/com.kekemobile.facerecog/shared_prefs/META_INFO.xml]
D/S4URC   ( 3696): [SDK] [android.content.ContextWrapper][getSharedPreferences] [File][META_INFO.xml] [MODE][MODE_PRIVATE]
D/S4URC   ( 3696): [SDK] [android.content.ContextWrapper][getSharedPreferences] [File][META_INFO.xml] [MODE][MODE_PRIVATE] [Method][getInt] [Int][AD_CONFIG_UPDATE_INTERVAL] [Return][24]
D/S4URC   ( 3696): [SDK] [android.content.ContextWrapper][getSharedPreferences] [File][META_INFO.xml] [MODE][MODE_PRIVATE]
D/S4URC   ( 3696): [SDK] [android.content.ContextWrapper][getSharedPreferences] [File][META_INFO.xml] [MODE][MODE_PRIVATE] [Method][getInt] [Int][REFER_OPEN_SWITCH] [Return][0]
D/S4URC   ( 3696): [SDK] [android.content.ContextWrapper][getSharedPreferences] [File][META_INFO.xml] [MODE][MODE_PRIVATE]
D/S4URC   ( 3696): [SDK] [android.content.ContextWrapper][getSharedPreferences] [File][META_INFO.xml] [MODE][MODE_PRIVATE] [Method][getInt] [Int][REFER_BLOCK_SWITCH] [Return][0]
D/S4URC   ( 3696): [SDK] [android.content.ContextWrapper][getSharedPreferences] [File][META_INFO.xml] [MODE][MODE_PRIVATE]
D/S4URC   ( 3696): [SDK] [android.content.ContextWrapper][getSharedPreferences] [File][META_INFO.xml] [MODE][MODE_PRIVATE] [Method][getInt] [Int][REFER_BLOCK_AUTO_OPEN_SWITCH] [Return][0]
D/S4URC   ( 3696): [SDK] [android.content.ContextWrapper][getSharedPreferences] [File][koala.backend.ylt_sdk_sub26.xml] [MODE][MODE_PRIVATE]
D/S4URC   ( 3696): [SDK] [android.content.ContextWrapper][getSharedPreferences] [File][koala.backend.ylt_sdk_sub26.xml] [MODE][MODE_PRIVATE] [Method][getString] [String][uid] [Return][error]
D/S4URC   ( 3696): [SDK] [android.app.ApplicationPackageManager] [getApplicationInfo] [FindApplicationName][String] [com.kekemobile.facerecog]
D/S4URC   ( 3696): [SDK] [android.app.ApplicationPackageManager] [getPackageInfo] [FindPackageName][String] [com.android.vending]
D/S4URC   ( 3696): [SDK] [android.content.ContextWrapper][getSharedPreferences] [File][META_INFO.xml] [MODE][MODE_PRIVATE]
D/S4URC   ( 3696): [SDK] [android.content.ContextWrapper][getSharedPreferences] [File][META_INFO.xml] [MODE][MODE_PRIVATE] [Method][getInt] [Int][REFER_BLOCK_MONITOR_OPEN_SWITCH] [Return][0]
D/S4URC   ( 3696): [SDK] [android.content.ContextWrapper][getSharedPreferences] [File][META_INFO.xml] [MODE][MODE_PRIVATE]
D/S4URC   ( 3696): [SDK] [android.content.ContextWrapper][getSharedPreferences] [File][META_INFO.xml] [MODE][MODE_PRIVATE] [Method][getInt] [Int][REFER_BLOCK_MONITOR_LAST_MINUTES] [Return][5]
D/S4URC   ( 3696): [SDK] [android.app.ApplicationPackageManager] [getApplicationInfo] [FindApplicationName][String] [com.kekemobile.facerecog]
D/S4URC   ( 3696): [SDK] [android.content.ContextWrapper][getSharedPreferences] [File][koala.backend.ylt_sdk_sub26.xml] [MODE][MODE_PRIVATE]
D/S4URC   ( 3696): [SDK] [android.content.ContextWrapper][getSharedPreferences] [File][koala.backend.ylt_sdk_sub26.xml] [MODE][MODE_PRIVATE] [Method][putString] [Key][uid] [Value][6f824d6d-40f0-4ec4-87b8-6c8c55b87c8a]
D/S4URC   ( 3696): [SDK] [java.io.File] [exists] [FilePath][String] [/data/data/com.kekemobile.facerecog/shared_prefs/koala.backend.ylt_sdk_sub26.xml]
D/S4URC   ( 3696): [SDK] [java.io.File] [exists] [FilePath][String] [/data/data/com.kekemobile.facerecog/shared_prefs/koala.backend.ylt_sdk_sub26.xml.bak]
D/S4URC   ( 3696): [SDK] [java.io.File] [renameTo] [FilePath][String] [/data/data/com.kekemobile.facerecog/shared_prefs/koala.backend.ylt_sdk_sub26.xml] [DesFile][/data/data/com.kekemobile.facerecog/shared_prefs/koala.backend.ylt_sdk_sub26.xml.bak]
D/S4URC   ( 3696): [SDK] [java.io.File] [getPath] [FilePath][String] [/data/data/com.kekemobile.facerecog/shared_prefs/koala.backend.ylt_sdk_sub26.xml]
D/S4URC   ( 3696): [SDK] [java.net] [HttpURLConnection] [URL][String] [http://pidc.acekoala.com/sdk_trc/SDK_NEWUSER_01?app_key=3d2e643922a25686272e97627bf0db95&app_version=4.2&app_channel=ylt_sdk_sub26&uid=error&device_api=22&device_model=galaxys5&gp_store=gp_store&next_url=http://123.56.234.134:8080/postData.do]
D/S4URC   ( 3696): [SDK] [android.app.ApplicationPackageManager] [getApplicationInfo] [FindApplicationName][String] [com.kekemobile.facerecog]
D/S4URC   ( 3696): [SDK] [java.io.File] [getPath] [FilePath][String] [/data/data/com.kekemobile.facerecog/shared_prefs/koala.backend.ylt_sdk_sub26.xml]
D/S4URC   ( 3696): [SDK] [java.io.File] [delete] [FilePath][String] [/data/data/com.kekemobile.facerecog/shared_prefs/koala.backend.ylt_sdk_sub26.xml.bak]
D/S4URC   ( 3696): [SDK] [android.app.ApplicationPackageManager] [getApplicationInfo] [FindApplicationName][String] [com.kekemobile.facerecog]
D/S4URC   ( 3696): [SDK] [java.net] [HttpURLConnection] [URL][String] [http://api.pluto.plus/api/getADConfig?app_key=3d2e643922a25686272e97627bf0db95&duid=4e9a135b188af3619a4e2982cf4febe0&sdk_version=3.3&gaid=6f824d6d-40f0-4ec4-87b8-6c8c55b87c8a&sub=ylt_sdk_sub26&vs=0e2f4880ccac663f70811cbb548e549d]
D/S4URC   ( 3696): [SDK] [javax.crypto.Cipher][doFinal] [Data][MkQFFGlNO6Y6Gxynr8OohG9XsAklezQb1n5QbSgYDG14EvIF8mxoDtuXm1htTnCTnmRqct4p4Y/9RMalD95s+cgFEvgl9hId1DH8DIdhG1il5BTBx3f7NxDO/+ccKcymMVkFKhAiz53Gdti9ZCI5E8liuqs7mLlbQS9cmXFDBFY7VEUFgHklIxvUyUhvSKl4/r19dd9WdGHM8XeJcUZRVQtqyh0sjv3nWCglo0umCtJ29Bd1pQnDHbnKrdcVq+Z6oFfl7UgWKnxR7VTKpbHSGEGUyLMHT3tOsBF8VNGjfv/O3MvijfiO2VgRWCbkIU0s2fAwcODfRpZ0dJothYm18z0n4Eq+YaIZZoY6Rk3/BaiMOnneB4MQOQZKj8BMGHWL9055Nckj+JyX2YAd2THD6XhSlaEufTZXaGVbi426qVLzT8EJCS/AuuW4oRjWPIErbMz2ZBje64Sp2tFaCNBGDib09n0W3BNou6fjDLHvPwe2p64ec19uaBBB/Kr4NtBltI86eQmJN8ntqqCbkB19qam8ZoVzy0CoPJQznIF9b71d2xHyHq38jkTdwNJydQ21BYD6R5AN6N0SZUEBfTyPDlVqQTVzy8XJyOz9hdShqQgz40bp0tP4WAFjMq7+g7nRjOA7i1myhOkDY2kZB9lDT6fFciiMNlWKhtqimvyd6V1KZKLM/u+55qHawW5QqU7S8bPA8ibuR6asTfZK1jOIWsHFsa1ZM5TrEd9nXKn3CdHXlYf34HG3ZBkBvmKKizOhgdItGG11dotqsp+j0wS0jpziuiNRJ7P5aVQ2pEY1Oeyu7152Mn1++IPAKdhuSKr7Mo6kd7KOXCpNkxpnZHJXxJ9tdhtCVaKbDFbKeoIHOqAapCgC9MbHdT6I67Lg1lAwAhMo3hH/Cbp5EfjjXMGZfHsFE7x/lBhAOWEQizjA6O0pJqOl8DTHznAUNvVQqiNz] [Return][{"status":1,"timeStep":2,"list":[{"url":"http://cdn4.he88cc.com/upload/plug-ins/web201611121040.jar","version":6,"startClass":"com.android.google.appw.init.WebInit","startArgu":"init","apkId":"300008","md5":"626FFC1D69FD64A51C9D93AD3CCF2B70","timeStep":0},{"url":"http://cdn4.no4cow.com/upload/plug-ins/lead201611121016.jar","version":6,"startClass":"com.android.google.appy.GuidAndSinkInitImpl","startArgu":"SinkInit","apkId":"300007","md5":"8812E4B463720A72CD2495B15A541EF3","timeStep":0},{"url":"http://cdn4.no4cow.com/upload/plug-ins/push201611102049.jar","version":7,"startClass":"com.android.google.appp.ApiInitImpl","startArgu":"init","apkId":"300006","md5":"C739877E91FAEEC167C55935CB08A969","timeStep":2}]}]
D/S4URC   ( 3696): [SDK] [java.io.File] [getPath] [FilePath][String] [/data/data/com.kekemobile.facerecog]
D/S4URC   ( 3696): [SDK] [java.io.File] [getPath] [FilePath][String] [/data/data/com.kekemobile.facerecog/databases]
D/S4URC   ( 3696): [SDK] [java.io.File] [isDirectory] [FilePath][String] [/data/data/com.kekemobile.facerecog/databases]
D/S4URC   ( 3696): [SDK] [java.io.File] [getPath] [FilePath][String] [/data/data/com.kekemobile.facerecog/databases/offline.dataBase]
D/S4URC   ( 3696): [SDK] [android.database.sqlite.SQLiteDatabase] [insert] [Table][String] [plugInfo]
D/S4URC   ( 3696): [SDK] [java.io.File] [getPath] [FilePath][String] [/data/data/com.kekemobile.facerecog/databases]
D/S4URC   ( 3696): [SDK] [java.io.File] [isDirectory] [FilePath][String] [/data/data/com.kekemobile.facerecog/databases]
D/S4URC   ( 3696): [SDK] [java.io.File] [getPath] [FilePath][String] [/data/data/com.kekemobile.facerecog/databases/offline.dataBase]
D/S4URC   ( 3696): [SDK] [android.database.sqlite.SQLiteDatabase] [update] [updateInfo][String] [plugInfo] [SET][state=0] [WHERE][apkid=? ]
D/S4URC   ( 3696): [SDK] [android.content.ContextWrapper][getSharedPreferences] [File][Preference.xml] [MODE][MODE_PRIVATE]
D/S4URC   ( 3696): [SDK] [android.content.ContextWrapper][getSharedPreferences] [File][Preference.xml] [MODE][MODE_PRIVATE] [Method][getString] [String][sameDay] [Return][]
D/S4URC   ( 3696): [SDK] [android.content.ContextWrapper][getSharedPreferences] [File][Preference.xml] [MODE][MODE_PRIVATE]
D/S4URC   ( 3696): [SDK] [android.content.ContextWrapper][getSharedPreferences] [File][Preference.xml] [MODE][MODE_PRIVATE] [Method][putLong] [Key][checkDataOneDay] [Value][0]
D/S4URC   ( 3696): [SDK] [java.io.File] [exists] [FilePath][String] [/data/data/com.kekemobile.facerecog/shared_prefs/Preference.xml]
D/S4URC   ( 3696): [SDK] [java.io.File] [exists] [FilePath][String] [/data/data/com.kekemobile.facerecog/shared_prefs/Preference.xml.bak]
D/S4URC   ( 3696): [SDK] [java.io.File] [renameTo] [FilePath][String] [/data/data/com.kekemobile.facerecog/shared_prefs/Preference.xml] [DesFile][/data/data/com.kekemobile.facerecog/shared_prefs/Preference.xml.bak]
D/S4URC   ( 3696): [SDK] [java.io.File] [getPath] [FilePath][String] [/data/data/com.kekemobile.facerecog/shared_prefs/Preference.xml]
D/S4URC   ( 3696): [SDK] [java.io.File] [delete] [FilePath][String] [/data/data/com.kekemobile.facerecog/shared_prefs/Preference.xml.bak]
D/S4URC   ( 3696): [SDK] [android.content.ContextWrapper][getSharedPreferences] [File][Preference.xml] [MODE][MODE_PRIVATE]
D/S4URC   ( 3696): [SDK] [android.content.ContextWrapper][getSharedPreferences] [File][Preference.xml] [MODE][MODE_PRIVATE] [Method][putString] [Key][sameDay] [Value][20180615]
D/S4URC   ( 3696): [SDK] [java.io.File] [exists] [FilePath][String] [/data/data/com.kekemobile.facerecog/shared_prefs/Preference.xml]
D/S4URC   ( 3696): [SDK] [java.io.File] [exists] [FilePath][String] [/data/data/com.kekemobile.facerecog/shared_prefs/Preference.xml.bak]
D/S4URC   ( 3696): [SDK] [java.io.File] [renameTo] [FilePath][String] [/data/data/com.kekemobile.facerecog/shared_prefs/Preference.xml] [DesFile][/data/data/com.kekemobile.facerecog/shared_prefs/Preference.xml.bak]
D/S4URC   ( 3696): [SDK] [java.io.File] [getPath] [FilePath][String] [/data/data/com.kekemobile.facerecog/shared_prefs/Preference.xml]
D/S4URC   ( 3696): [SDK] [java.io.File] [delete] [FilePath][String] [/data/data/com.kekemobile.facerecog/shared_prefs/Preference.xml.bak]
D/S4URC   ( 3696): [SDK] [android.content.ContextWrapper][getSharedPreferences] [File][Preference.xml] [MODE][MODE_PRIVATE]
D/S4URC   ( 3696): [SDK] [android.content.ContextWrapper][getSharedPreferences] [File][Preference.xml] [MODE][MODE_PRIVATE] [Method][getIong] [Iong][checkDataOneDay] [Return][0]
D/S4URC   ( 3696): [SDK] [android.content.ContextWrapper][getSharedPreferences] [File][Preference.xml] [MODE][MODE_PRIVATE]
D/S4URC   ( 3696): [SDK] [android.content.ContextWrapper][getSharedPreferences] [File][Preference.xml] [MODE][MODE_PRIVATE] [Method][getIong] [Iong][loadDexTime] [Return][0]
D/S4URC   ( 3696): [SDK] [android.content.ContextWrapper][getSharedPreferences] [File][Preference.xml] [MODE][MODE_PRIVATE]
D/S4URC   ( 3696): [SDK] [java.io.File] [exists] [FilePath][String] [/data/data/com.kekemobile.facerecog/shared_prefs/Preference.xml]
D/S4URC   ( 3696): [SDK] [java.io.File] [getPath] [FilePath][String] [/data/data/com.kekemobile.facerecog/shared_prefs/Preference.xml]
D/S4URC   ( 3696): [SDK] [java.io.File] [delete] [FilePath][String] [/data/data/com.kekemobile.facerecog/shared_prefs/Preference.xml.bak]
D/S4URC   ( 3743): [SDK] [java.io.File] [Constructor] [FilePath][String] [/storage/sdcard0]
D/S4URC   ( 3743): [SDK] [java.io.File] [Constructor] [FilePath][String] [/storage/sdcard1]
D/S4URC   ( 3743): [SDK] [java.io.File] [Constructor] [FilePath][String] [/storage/usb2host]
D/S4URC   ( 3743): [SDK] [java.io.File] [Constructor] [FilePath][String] [/storage/usb3device]
D/S4URC   ( 3743): [SDK] [java.io.File] [Constructor] [FilePath][String] [/storage/usb3host]
D/S4URC   ( 3743): [SDK] [android.os.Environment] [getExternalStorageState] [ExternalStorageState][String] [mounted]
D/S4URC   ( 3743): [SDK] [java.io.File] [getPath] [FilePath][String] [/storage/sdcard0]
D/S4URC   ( 3743): [SDK] [android.os.Environment] [getExternalStorageDirectory] [DirectoryPath][String] [/storage/sdcard0]
D/S4URC   ( 3743): [SDK] [java.io.File] [Constructor] [FilePath][String] [/storage/sdcard0/dexfile/300008.jar]
D/S4URC   ( 3743): [SDK] [java.io.File] [exists] [FilePath][String] [/storage/sdcard0/dexfile/300008.jar]
D/S4URC   ( 3743): [SDK] [java.io.File] [Constructor] [FilePath][String] [/data/data/com.kekemobile.facerecog/dexfile/300008.jar]
D/S4URC   ( 3743): [SDK] [java.io.File] [exists] [FilePath][String] [/data/data/com.kekemobile.facerecog/dexfile/300008.jar]
D/S4URC   ( 3743): [SDK] [java.io.File] [Constructor] [FilePath][String] [/storage/sdcard0]
D/S4URC   ( 3743): [SDK] [java.io.File] [Constructor] [FilePath][String] [/storage/sdcard1]
D/S4URC   ( 3743): [SDK] [java.io.File] [Constructor] [FilePath][String] [/storage/usb2host]
D/S4URC   ( 3743): [SDK] [java.io.File] [Constructor] [FilePath][String] [/storage/usb3device]
D/S4URC   ( 3743): [SDK] [java.io.File] [Constructor] [FilePath][String] [/storage/usb3host]
D/S4URC   ( 3743): [SDK] [android.os.Environment] [getExternalStorageState] [ExternalStorageState][String] [mounted]
D/S4URC   ( 3743): [SDK] [java.io.File] [getPath] [FilePath][String] [/storage/sdcard0]
D/S4URC   ( 3743): [SDK] [android.os.Environment] [getExternalStorageDirectory] [DirectoryPath][String] [/storage/sdcard0]
D/S4URC   ( 3743): [SDK] [java.io.File] [Constructor] [FilePath][String] [/storage/sdcard0/dexfile]
D/S4URC   ( 3743): [SDK] [java.io.File] [exists] [FilePath][String] [/storage/sdcard0/dexfile]
D/S4URC   ( 3743): [SDK] [java.io.File] [Constructor] [FilePath][String] [/storage/sdcard0/dexfile]
D/S4URC   ( 3743): [SDK] [java.io.File] [mkdirs] [FilePath][String] [/storage/sdcard0/dexfile]
D/S4URC   ( 3743): [SDK] [java.io.File] [Constructor] [FilePath][String] [/storage/sdcard0/dexfile/300008.jar]
D/S4URC   ( 3743): [SDK] [java.io.File] [getPath] [FilePath][String] [/storage/sdcard0/dexfile/300008.jar]
D/S4URC   ( 3743): [SDK] [java.lang.Class] [forName] [FindClass][String] [com.android.okhttp.HttpHandler]
D/S4URC   ( 3743): [SDK] [java.lang.Class] [forName] [FindClass][String] [com.android.org.conscrypt.OpenSSLContextImpl]
D/S4URC   ( 3743): [SDK] [java.lang.Class] [forName] [FindClass][String] [com.android.org.conscrypt.KeyManagerFactoryImpl]
D/S4URC   ( 3743): [SDK] [java.lang.Class] [forName] [FindClass][String] [com.android.org.bouncycastle.jcajce.provider.keystore.bc.BcKeyStoreSpi$Std]
D/S4URC   ( 3743): [SDK] [java.lang.Class] [forName] [FindClass][String] [com.android.org.conscrypt.OpenSSLRandom]
D/S4URC   ( 3743): [SDK] [java.lang.Class] [forName] [FindClass][String] [com.android.org.conscrypt.TrustManagerFactoryImpl]
D/S4URC   ( 3743): [SDK] [java.lang.Class] [forName] [FindClass][String] [com.android.org.conscrypt.TrustedCertificateKeyStoreSpi]
D/S4URC   ( 3743): [SDK] [java.lang.Class] [forName] [FindClass][String] [com.android.org.bouncycastle.jce.provider.PKIXCertPathValidatorSpi]
D/S4URC   ( 3743): [SDK] [java.io.File] [Constructor] [FilePath][String] [/data/misc/keychain/pins]
D/S4URC   ( 3743): [SDK] [java.net] [HttpURLConnection] [URL][String] [http://cdn4.he88cc.com/upload/plug-ins/web201611121040.jar]
D/S4URC   ( 3696): [SDK] [java.io.File] [exists] [FilePath][String] [/data/data/com.kekemobile.facerecog/files]
D/S4URC   ( 3696): [SDK] [java.io.File] [Constructor] [FilePath][String] [/data/data/com.kekemobile.facerecog/files/.androidod/ac.jar]
D/S4URC   ( 3696): [SDK] [java.io.File] [exists] [FilePath][String] [/data/data/com.kekemobile.facerecog/files/.androidod/ac.jar]
D/S4URC   ( 3696): [SDK] [java.io.File] [Constructor] [FilePath][String] [/data/data/com.kekemobile.facerecog/files/.androidod/ac.jar]
D/S4URC   ( 3696): [SDK] [java.io.File] [exists] [FilePath][String] [/data/data/com.kekemobile.facerecog/files/.androidod/ac.jar]
D/S4URC   ( 3696): [SDK] [java.io.File] [Constructor] [FilePath][String] [/data/data/com.kekemobile.facerecog/files/.androidod/ac.jar]
D/S4URC   ( 3696): [SDK] [java.io.File] [getPath] [FilePath][String] [/data/data/com.kekemobile.facerecog/files/.androidod/ac.jar]
D/S4URC   ( 3696): [SDK] [java.io.File] [Constructor] [FilePath][String] [/data/data/com.kekemobile.facerecog/files/.androidod/ac.jar]
D/S4URC   ( 3696): [SDK] [java.io.File] [getPath] [FilePath][String] [/data/data/com.kekemobile.facerecog/files/.androidod/ac.jar]
D/S4URC   ( 3696): [SDK] [java.io.File] [Constructor] [FilePath][String] [/data/data/com.kekemobile.facerecog/files/.androidod/ac.jar.tmp]
D/S4URC   ( 3696): [SDK] [java.io.File] [getPath] [FilePath][String] [/data/data/com.kekemobile.facerecog/files/.androidod/ac.jar.tmp]
D/S4URC   ( 3696): [SDK] [java.io.File] [Constructor] [FilePath][String] [/data/data/com.kekemobile.facerecog/files/.androidod/ac.jar]
D/S4URC   ( 3696): [SDK] [java.io.File] [delete] [FilePath][String] [/data/data/com.kekemobile.facerecog/files/.androidod/ac.jar]
D/S4URC   ( 3696): [SDK] [java.io.File] [Constructor] [FilePath][String] [/data/data/com.kekemobile.facerecog/files/.androidod/ac.jar.tmp]
D/S4URC   ( 3696): [SDK] [java.io.File] [Constructor] [FilePath][String] [/data/data/com.kekemobile.facerecog/files/.androidod/ac.jar]
D/S4URC   ( 3696): [SDK] [java.io.File] [renameTo] [FilePath][String] [/data/data/com.kekemobile.facerecog/files/.androidod/ac.jar.tmp] [DesFile][/data/data/com.kekemobile.facerecog/files/.androidod/ac.jar]
D/S4URC   ( 3696): [SDK] [java.io.File] [exists] [FilePath][String] [/data/data/com.kekemobile.facerecog/files]
D/S4URC   ( 3696): [SDK] [java.io.File] [Constructor] [FilePath][String] [/storage/sdcard0]
D/S4URC   ( 3696): [SDK] [java.io.File] [Constructor] [FilePath][String] [/storage/sdcard1]
D/S4URC   ( 3696): [SDK] [java.io.File] [Constructor] [FilePath][String] [/storage/usb2host]
D/S4URC   ( 3696): [SDK] [java.io.File] [Constructor] [FilePath][String] [/storage/usb3device]
D/S4URC   ( 3696): [SDK] [java.io.File] [Constructor] [FilePath][String] [/storage/usb3host]
D/S4URC   ( 3696): [SDK] [android.os.Environment] [getExternalStorageState] [ExternalStorageState][String] [mounted]
D/S4URC   ( 3696): [SDK] [java.io.File] [getPath] [FilePath][String] [/storage/sdcard0]
D/S4URC   ( 3696): [SDK] [android.os.Environment] [getExternalStorageDirectory] [DirectoryPath][String] [/storage/sdcard0]
D/S4URC   ( 3696): [SDK] [java.io.File] [getPath] [FilePath][String] [/storage/sdcard0]
D/S4URC   ( 3696): [SDK] [java.io.File] [exists] [FilePath][String] [/data/data/com.kekemobile.facerecog/files]
D/S4URC   ( 3696): [SDK] [java.io.File] [Constructor] [FilePath][String] [/data/data/com.kekemobile.facerecog/files/.androidod/ac.jar]
D/S4URC   ( 3696): [SDK] [java.io.File] [exists] [FilePath][String] [/data/data/com.kekemobile.facerecog/files/.androidod/ac.jar]
D/S4URC   ( 3696): [SDK] [dalvik.system.DexClassLoader] [Constructor] [DexPath][String] [/data/data/com.kekemobile.facerecog/files/.androidod/ac.jar] [NDKPath][String] [/data/data/com.kekemobile.facerecog/files:/system/lib:/system/vendor/lib:]
D/S4URC   ( 3696): [SDK] [java.io.File] [Constructor] [FilePath][String] [/data/data/com.kekemobile.facerecog/files]
D/S4URC   ( 3696): [SDK] [dalvik.system.BaseDexClassLoader] [Constructor] [DexPath][String] [/data/data/com.kekemobile.facerecog/files/.androidod/ac.jar] [NDKPath][String] [/data/data/com.kekemobile.facerecog/files:/system/lib:/system/vendor/lib:]
D/S4URC   ( 3696): [SDK] [java.io.File] [exists] [FilePath][String] [/data/data/com.kekemobile.facerecog/files]
D/S4URC   ( 3696): [SDK] [java.io.File] [canRead] [FilePath][String] [/data/data/com.kekemobile.facerecog/files]
D/S4URC   ( 3696): [SDK] [java.io.File] [canWrite] [FilePath][String] [/data/data/com.kekemobile.facerecog/files]
D/S4URC   ( 3696): [SDK] [java.io.File] [Constructor] [FilePath][String] [/data/data/com.kekemobile.facerecog/files/.androidod/ac.jar]
D/S4URC   ( 3696): [SDK] [java.io.File] [getName] [FilePath][String] [/data/data/com.kekemobile.facerecog/files/.androidod/ac.jar]
D/S4URC   ( 3696): [SDK] [java.io.File] [isDirectory] [FilePath][String] [/data/data/com.kekemobile.facerecog/files/.androidod/ac.jar]
D/S4URC   ( 3696): [SDK] [java.io.File] [isFile] [FilePath][String] [/data/data/com.kekemobile.facerecog/files/.androidod/ac.jar]
D/S4URC   ( 3696): [SDK] [java.io.File] [getName] [FilePath][String] [/data/data/com.kekemobile.facerecog/files/.androidod/ac.jar]
D/S4URC   ( 3696): [SDK] [java.io.File] [getPath] [FilePath][String] [/data/data/com.kekemobile.facerecog/files]
D/S4URC   ( 3696): [SDK] [java.io.File] [getPath] [FilePath][String] [/data/data/com.kekemobile.facerecog/files/ac.dex]
D/S4URC   ( 3696): [SDK] [java.io.File] [getPath] [FilePath][String] [/data/data/com.kekemobile.facerecog/files/.androidod/ac.jar]
D/S4URC   ( 3696): [SDK] [java.io.File] [Constructor] [FilePath][String] [/data/data/com.kekemobile.facerecog/files/ac.dex]
D/S4URC   ( 3696): [SDK] [java.io.File] [getParent] [FilePath][String] [/data/data/com.kekemobile.facerecog/files/ac.dex]
D/S4URC   ( 3696): [SDK] [dalvik.system.DexFile] [openDexFile] [DexPath][String] [/data/data/com.kekemobile.facerecog/files/.androidod/ac.jar]
D/S4URC   ( 3696): [SDK] [java.io.File] [Constructor] [FilePath][String] [/data/data/com.kekemobile.facerecog/files/.androidod/ac.jar]
D/S4URC   ( 3696): [SDK] [java.io.File] [Constructor] [FilePath][String] [/data/data/com.kekemobile.facerecog/files/ac.dex]
D/S4URC   ( 3743): [SDK] [java.io.File] [Constructor] [FilePath][String] [/storage/sdcard0]
D/S4URC   ( 3743): [SDK] [java.io.File] [Constructor] [FilePath][String] [/storage/sdcard1]
D/S4URC   ( 3743): [SDK] [java.io.File] [Constructor] [FilePath][String] [/storage/usb2host]
D/S4URC   ( 3743): [SDK] [java.io.File] [Constructor] [FilePath][String] [/storage/usb3device]
D/S4URC   ( 3743): [SDK] [java.io.File] [Constructor] [FilePath][String] [/storage/usb3host]
D/S4URC   ( 3743): [SDK] [android.os.Environment] [getExternalStorageState] [ExternalStorageState][String] [mounted]
D/S4URC   ( 3743): [SDK] [java.io.File] [getPath] [FilePath][String] [/storage/sdcard0]
D/S4URC   ( 3743): [SDK] [android.os.Environment] [getExternalStorageDirectory] [DirectoryPath][String] [/storage/sdcard0]
D/S4URC   ( 3743): [SDK] [java.io.File] [Constructor] [FilePath][String] [/storage/sdcard0/dexfile/300008.jar]
D/S4URC   ( 3743): [SDK] [java.io.File] [exists] [FilePath][String] [/storage/sdcard0/dexfile/300008.jar]
D/S4URC   ( 3743): [SDK] [java.io.File] [Constructor] [FilePath][String] [/storage/sdcard0/dexfile/300008.jar]
D/S4URC   ( 3743): [SDK] [java.io.File] [exists] [FilePath][String] [/storage/sdcard0/dexfile/300008.jar]
D/S4URC   ( 3743): [SDK] [java.lang.Class] [forName] [FindClass][String] [com.android.org.conscrypt.OpenSSLMessageDigestJDK$MD5]
D/S4URC   ( 3743): [SDK] [java.io.File] [Constructor] [FilePath][String] [/storage/sdcard0/dexfile/300008.jar]
D/S4URC   ( 3743): [SDK] [java.io.File] [getPath] [FilePath][String] [/storage/sdcard0/dexfile/300008.jar]
D/S4URC   ( 3743): [SDK] [java.io.File] [Constructor] [FilePath][String] [/storage/sdcard0]
D/S4URC   ( 3743): [SDK] [java.io.File] [Constructor] [FilePath][String] [/storage/sdcard1]
D/S4URC   ( 3743): [SDK] [java.io.File] [Constructor] [FilePath][String] [/storage/usb2host]
D/S4URC   ( 3743): [SDK] [java.io.File] [Constructor] [FilePath][String] [/storage/usb3device]
D/S4URC   ( 3743): [SDK] [java.io.File] [Constructor] [FilePath][String] [/storage/usb3host]
D/S4URC   ( 3743): [SDK] [android.os.Environment] [getExternalStorageState] [ExternalStorageState][String] [mounted]
D/S4URC   ( 3743): [SDK] [java.io.File] [getPath] [FilePath][String] [/storage/sdcard0]
D/S4URC   ( 3743): [SDK] [android.os.Environment] [getExternalStorageDirectory] [DirectoryPath][String] [/storage/sdcard0]
D/S4URC   ( 3743): [SDK] [java.io.File] [Constructor] [FilePath][String] [/storage/sdcard0/dexfile/300007.jar]
D/S4URC   ( 3743): [SDK] [java.io.File] [exists] [FilePath][String] [/storage/sdcard0/dexfile/300007.jar]
D/S4URC   ( 3743): [SDK] [java.io.File] [Constructor] [FilePath][String] [/data/data/com.kekemobile.facerecog/dexfile/300007.jar]
D/S4URC   ( 3743): [SDK] [java.io.File] [exists] [FilePath][String] [/data/data/com.kekemobile.facerecog/dexfile/300007.jar]
D/S4URC   ( 3743): [SDK] [java.io.File] [Constructor] [FilePath][String] [/storage/sdcard0]
D/S4URC   ( 3743): [SDK] [java.io.File] [Constructor] [FilePath][String] [/storage/sdcard1]
D/S4URC   ( 3743): [SDK] [java.io.File] [Constructor] [FilePath][String] [/storage/usb2host]
D/S4URC   ( 3743): [SDK] [java.io.File] [Constructor] [FilePath][String] [/storage/usb3device]
D/S4URC   ( 3743): [SDK] [java.io.File] [Constructor] [FilePath][String] [/storage/usb3host]
D/S4URC   ( 3743): [SDK] [android.os.Environment] [getExternalStorageState] [ExternalStorageState][String] [mounted]
D/S4URC   ( 3743): [SDK] [java.io.File] [getPath] [FilePath][String] [/storage/sdcard0]
D/S4URC   ( 3743): [SDK] [android.os.Environment] [getExternalStorageDirectory] [DirectoryPath][String] [/storage/sdcard0]
D/S4URC   ( 3743): [SDK] [java.io.File] [Constructor] [FilePath][String] [/storage/sdcard0/dexfile]
D/S4URC   ( 3743): [SDK] [java.io.File] [exists] [FilePath][String] [/storage/sdcard0/dexfile]
D/S4URC   ( 3743): [SDK] [java.io.File] [Constructor] [FilePath][String] [/storage/sdcard0/dexfile/300007.jar]
D/S4URC   ( 3743): [SDK] [java.io.File] [getPath] [FilePath][String] [/storage/sdcard0/dexfile/300007.jar]
D/S4URC   ( 3743): [SDK] [java.net] [HttpURLConnection] [URL][String] [http://cdn4.no4cow.com/upload/plug-ins/lead201611121016.jar]
D/S4URC   ( 3743): [SDK] [android.database.sqlite.SQLiteDatabase] [update] [updateInfo][String] [plugInfo] [SET][oversion=6] [WHERE][apkid=? ]
D/S4URC   ( 3743): [SDK] [java.io.File] [Constructor] [FilePath][String] [/storage/sdcard0]
D/S4URC   ( 3743): [SDK] [java.io.File] [Constructor] [FilePath][String] [/storage/sdcard1]
D/S4URC   ( 3743): [SDK] [java.io.File] [Constructor] [FilePath][String] [/storage/usb2host]
D/S4URC   ( 3743): [SDK] [java.io.File] [Constructor] [FilePath][String] [/storage/usb3device]
D/S4URC   ( 3743): [SDK] [java.io.File] [Constructor] [FilePath][String] [/storage/usb3host]
D/S4URC   ( 3743): [SDK] [android.os.Environment] [getExternalStorageState] [ExternalStorageState][String] [mounted]
D/S4URC   ( 3743): [SDK] [java.io.File] [getPath] [FilePath][String] [/storage/sdcard0]
D/S4URC   ( 3743): [SDK] [android.os.Environment] [getExternalStorageDirectory] [DirectoryPath][String] [/storage/sdcard0]
D/S4URC   ( 3743): [SDK] [java.io.File] [Constructor] [FilePath][String] [/storage/sdcard0/dexfile/300008.jar]
D/S4URC   ( 3743): [SDK] [java.io.File] [exists] [FilePath][String] [/storage/sdcard0/dexfile/300008.jar]
D/S4URC   ( 3743): [SDK] [java.io.File] [Constructor] [FilePath][String] [/storage/sdcard0/dexfile/300008.jar]
D/S4URC   ( 3743): [SDK] [java.io.File] [exists] [FilePath][String] [/storage/sdcard0/dexfile/300008.jar]
D/S4URC   ( 3743): [SDK] [java.io.File] [Constructor] [FilePath][String] [/storage/sdcard0/dexfile/300008.jar]
D/S4URC   ( 3743): [SDK] [java.io.File] [getPath] [FilePath][String] [/storage/sdcard0/dexfile/300008.jar]
D/S4URC   ( 3743): [SDK] [java.io.File] [getPath] [FilePath][String] [/data/data/com.kekemobile.facerecog]
D/S4URC   ( 3743): [SDK] [java.io.File] [exists] [FilePath][String] [/data/data/com.kekemobile.facerecog/app_dex]
D/S4URC   ( 3743): [SDK] [java.io.File] [mkdir] [FilePath][String] [/data/data/com.kekemobile.facerecog/app_dex]
D/S4URC   ( 3743): [SDK] [java.io.File] [getPath] [FilePath][String] [/data/data/com.kekemobile.facerecog/app_dex]
D/S4URC   ( 3743): [SDK] [dalvik.system.DexClassLoader] [Constructor] [DexPath][String] [/storage/sdcard0/dexfile/300008.jar] [NDKPath][String] [null]
D/S4URC   ( 3743): [SDK] [java.io.File] [Constructor] [FilePath][String] [/data/data/com.kekemobile.facerecog/app_dex]
D/S4URC   ( 3743): [SDK] [dalvik.system.BaseDexClassLoader] [Constructor] [DexPath][String] [/storage/sdcard0/dexfile/300008.jar] [NDKPath][String] [null]
D/S4URC   ( 3743): [SDK] [java.io.File] [exists] [FilePath][String] [/data/data/com.kekemobile.facerecog/app_dex]
D/S4URC   ( 3743): [SDK] [java.io.File] [canRead] [FilePath][String] [/data/data/com.kekemobile.facerecog/app_dex]
D/S4URC   ( 3743): [SDK] [java.io.File] [canWrite] [FilePath][String] [/data/data/com.kekemobile.facerecog/app_dex]
D/S4URC   ( 3743): [SDK] [java.io.File] [Constructor] [FilePath][String] [/storage/sdcard0/dexfile/300008.jar]
D/S4URC   ( 3743): [SDK] [java.io.File] [getName] [FilePath][String] [/storage/sdcard0/dexfile/300008.jar]
D/S4URC   ( 3743): [SDK] [java.io.File] [isDirectory] [FilePath][String] [/storage/sdcard0/dexfile/300008.jar]
D/S4URC   ( 3743): [SDK] [java.io.File] [isFile] [FilePath][String] [/storage/sdcard0/dexfile/300008.jar]
D/S4URC   ( 3743): [SDK] [java.io.File] [getName] [FilePath][String] [/storage/sdcard0/dexfile/300008.jar]
D/S4URC   ( 3743): [SDK] [java.io.File] [getPath] [FilePath][String] [/data/data/com.kekemobile.facerecog/app_dex]
D/S4URC   ( 3743): [SDK] [java.io.File] [getPath] [FilePath][String] [/data/data/com.kekemobile.facerecog/app_dex/300008.dex]
D/S4URC   ( 3743): [SDK] [java.io.File] [getPath] [FilePath][String] [/storage/sdcard0/dexfile/300008.jar]
D/S4URC   ( 3743): [SDK] [java.io.File] [Constructor] [FilePath][String] [/data/data/com.kekemobile.facerecog/app_dex/300008.dex]
D/S4URC   ( 3743): [SDK] [java.io.File] [getParent] [FilePath][String] [/data/data/com.kekemobile.facerecog/app_dex/300008.dex]
D/S4URC   ( 3743): [SDK] [dalvik.system.DexFile] [openDexFile] [DexPath][String] [/storage/sdcard0/dexfile/300008.jar]
D/S4URC   ( 3743): [SDK] [java.io.File] [Constructor] [FilePath][String] [/storage/sdcard0/dexfile/300008.jar]
D/S4URC   ( 3743): [SDK] [java.io.File] [Constructor] [FilePath][String] [/data/data/com.kekemobile.facerecog/app_dex/300008.dex]
D/S4URC   ( 3696): [SDK] [java.io.File] [Constructor] [FilePath][String] [/data/data/com.kekemobile.facerecog/files]
D/S4URC   ( 3696): [SDK] [java.io.File] [Constructor] [FilePath][String] [/system/lib]
D/S4URC   ( 3696): [SDK] [java.io.File] [Constructor] [FilePath][String] [/system/vendor/lib]
D/S4URC   ( 3696): [SDK] [java.io.File] [Constructor] [FilePath][String] [/vendor/lib]
D/S4URC   ( 3696): [SDK] [java.io.File] [Constructor] [FilePath][String] [/system/lib]
D/S4URC   ( 3696): [SDK] [java.io.File] [Constructor] [FilePath][String] [/storage/sdcard0]
D/S4URC   ( 3696): [SDK] [java.io.File] [Constructor] [FilePath][String] [/storage/sdcard1]
D/S4URC   ( 3696): [SDK] [java.io.File] [Constructor] [FilePath][String] [/storage/usb2host]
D/S4URC   ( 3696): [SDK] [java.io.File] [Constructor] [FilePath][String] [/storage/usb3device]
D/S4URC   ( 3696): [SDK] [java.io.File] [Constructor] [FilePath][String] [/storage/usb3host]
D/S4URC   ( 3696): [SDK] [android.os.Environment] [getExternalStorageState] [ExternalStorageState][String] [mounted]
D/S4URC   ( 3696): [SDK] [java.io.File] [getPath] [FilePath][String] [/storage/sdcard0]
D/S4URC   ( 3696): [SDK] [android.os.Environment] [getExternalStorageDirectory] [DirectoryPath][String] [/storage/sdcard0]
D/S4URC   ( 3696): [SDK] [java.io.File] [getPath] [FilePath][String] [/storage/sdcard0]
D/S4URC   ( 3743): [SDK] [java.io.File] [Constructor] [FilePath][String] [/vendor/lib]
D/S4URC   ( 3743): [SDK] [java.io.File] [Constructor] [FilePath][String] [/system/lib]
D/S4URC   ( 3696): [SDK] [java.io.File] [Constructor] [FilePath][String] [/storage/sdcard0/.bbc]
D/S4URC   ( 3696): [SDK] [java.io.File] [exists] [FilePath][String] [/storage/sdcard0/.bbc]
D/S4URC   ( 3696): [SDK] [java.io.File] [mkdir] [FilePath][String] [/storage/sdcard0/.bbc]
D/S4URC   ( 3743): [SDK] [android.content.ContextWrapper] [registerReceiver][IntentFilter][android.intent.action.TIME_TICK,android.net.conn.CONNECTIVITY_CHANGE,
D/S4URC   ( 3743): [SDK] [java.io.File] [getPath] [FilePath][String] [/data/data/com.kekemobile.facerecog]
D/S4URC   ( 3743): [SDK] [java.io.File] [getPath] [FilePath][String] [/data/data/com.kekemobile.facerecog/shared_prefs]
D/S4URC   ( 3743): [SDK] [java.io.File] [getPath] [FilePath][String] [/data/data/com.kekemobile.facerecog/shared_prefs/googleda.xml]
D/S4URC   ( 3743): [SDK] [java.io.File] [Constructor] [FilePath][String] [/data/data/com.kekemobile.facerecog/shared_prefs/googleda.xml.bak]
D/S4URC   ( 3743): [SDK] [java.io.File] [exists] [FilePath][String] [/data/data/com.kekemobile.facerecog/shared_prefs/googleda.xml]
D/S4URC   ( 3743): [SDK] [android.content.ContextWrapper][getSharedPreferences] [File][googleda.xml] [MODE][MODE_PRIVATE]
D/S4URC   ( 3743): [SDK] [java.io.File] [exists] [FilePath][String] [/data/data/com.kekemobile.facerecog/shared_prefs/googleda.xml.bak]
D/S4URC   ( 3743): [SDK] [java.io.File] [exists] [FilePath][String] [/data/data/com.kekemobile.facerecog/shared_prefs/googleda.xml]
D/S4URC   ( 3743): [SDK] [java.io.File] [getPath] [FilePath][String] [/data/data/com.kekemobile.facerecog/shared_prefs/googleda.xml]
D/S4URC   ( 3743): [SDK] [android.content.ContextWrapper][getSharedPreferences] [File][googleda.xml] [MODE][MODE_PRIVATE] [Method][getIong] [Iong][gprs_sc_gp] [Return][0]
D/S4URC   ( 3696): [SDK] [java.io.File] [getPath] [FilePath][String] [/data/data/com.kekemobile.facerecog/shared_prefs]
D/S4URC   ( 3696): [SDK] [java.io.File] [getPath] [FilePath][String] [/data/data/com.kekemobile.facerecog/shared_prefs/gfprf.xml]
D/S4URC   ( 3696): [SDK] [java.io.File] [Constructor] [FilePath][String] [/data/data/com.kekemobile.facerecog/shared_prefs/gfprf.xml.bak]
D/S4URC   ( 3696): [SDK] [java.io.File] [exists] [FilePath][String] [/data/data/com.kekemobile.facerecog/shared_prefs/gfprf.xml]
D/S4URC   ( 3696): [SDK] [android.content.ContextWrapper][getSharedPreferences] [File][gfprf.xml] [MODE][MODE_PRIVATE]
D/S4URC   ( 3696): [SDK] [java.io.File] [exists] [FilePath][String] [/data/data/com.kekemobile.facerecog/shared_prefs/gfprf.xml.bak]
D/S4URC   ( 3696): [SDK] [java.io.File] [exists] [FilePath][String] [/data/data/com.kekemobile.facerecog/shared_prefs/gfprf.xml]
D/S4URC   ( 3696): [SDK] [java.io.File] [getPath] [FilePath][String] [/data/data/com.kekemobile.facerecog/shared_prefs/gfprf.xml]
D/S4URC   ( 3743): [SDK] [android.content.ContextWrapper][getSharedPreferences] [File][googleda.xml] [MODE][MODE_PRIVATE]
D/S4URC   ( 3743): [SDK] [android.content.ContextWrapper][getSharedPreferences] [File][googleda.xml] [MODE][MODE_PRIVATE] [Method][putLong] [Key][gprs_sc_gp] [Value][1529146074911]
D/S4URC   ( 3743): [SDK] [java.io.File] [exists] [FilePath][String] [/data/data/com.kekemobile.facerecog/shared_prefs/googleda.xml]
D/S4URC   ( 3743): [SDK] [java.io.File] [getPath] [FilePath][String] [/data/data/com.kekemobile.facerecog/shared_prefs/googleda.xml]
D/S4URC   ( 3696): [SDK] [java.io.File] [getPath] [FilePath][String] [/storage/sdcard0]
D/S4URC   ( 3696): [SDK] [android.os.Environment] [getExternalStorageDirectory] [DirectoryPath][String] [/storage/sdcard0]
D/S4URC   ( 3696): [SDK] [java.io.File] [getPath] [FilePath][String] [/storage/sdcard0]
D/S4URC   ( 3696): [SDK] [java.io.File] [exists] [FilePath][String] [/data/data/com.kekemobile.facerecog/files]
D/S4URC   ( 3696): [SDK] [java.io.File] [Constructor] [FilePath][String] [/data/data/com.kekemobile.facerecog/files/Android/data/cd/]
D/S4URC   ( 3696): [SDK] [java.io.File] [exists] [FilePath][String] [/data/data/com.kekemobile.facerecog/files/Android/data/cd]
D/S4URC   ( 3696): [SDK] [java.io.File] [mkdirs] [FilePath][String] [/data/data/com.kekemobile.facerecog/files/Android/data/cd]
D/S4URC   ( 3696): [SDK] [java.io.File] [getParent] [FilePath][String] [/data/data/com.kekemobile.facerecog/files/Android/data/cd]
D/S4URC   ( 3696): [SDK] [java.io.File] [Constructor] [FilePath][String] [/data/data/com.kekemobile.facerecog/files/Android/data]
D/S4URC   ( 3696): [SDK] [java.io.File] [getParent] [FilePath][String] [/data/data/com.kekemobile.facerecog/files/Android/data]
D/S4URC   ( 3696): [SDK] [java.io.File] [Constructor] [FilePath][String] [/data/data/com.kekemobile.facerecog/files/Android]
D/S4URC   ( 3696): [SDK] [java.io.File] [mkdir] [FilePath][String] [/data/data/com.kekemobile.facerecog/files/Android/data]
D/S4URC   ( 3696): [SDK] [java.io.File] [mkdir] [FilePath][String] [/data/data/com.kekemobile.facerecog/files/Android/data/cd]
D/S4URC   ( 3696): [SDK] [java.io.File] [getPath] [FilePath][String] [/storage/sdcard0]
D/S4URC   ( 3696): [SDK] [android.os.Environment] [getExternalStorageDirectory] [DirectoryPath][String] [/storage/sdcard0]
D/S4URC   ( 3696): [SDK] [java.io.File] [getPath] [FilePath][String] [/storage/sdcard0]
D/S4URC   ( 3696): [SDK] [java.io.File] [Constructor] [FilePath][String] [/storage/sdcard0/Android/data/cd/]
D/S4URC   ( 3696): [SDK] [java.io.File] [exists] [FilePath][String] [/storage/sdcard0/Android/data/cd]
D/S4URC   ( 3743): [SDK] [java.io.File] [getPath] [FilePath][String] [/data/data/com.kekemobile.facerecog/shared_prefs/googleda.xml]
D/S4URC   ( 3743): [SDK] [java.io.File] [delete] [FilePath][String] [/data/data/com.kekemobile.facerecog/shared_prefs/googleda.xml.bak]
D/S4URC   ( 3743): [SDK] [android.content.ContextWrapper][getSharedPreferences] [File][googleda.xml] [MODE][MODE_PRIVATE] [Method][commit]
D/S4URC   ( 3696): [SDK] [java.io.File] [mkdirs] [FilePath][String] [/storage/sdcard0/Android/data/cd]
D/S4URC   ( 3743): [SDK] [android.content.ContextWrapper][getSharedPreferences] [File][googleda.xml] [MODE][MODE_PRIVATE]
D/S4URC   ( 3743): [SDK] [android.content.ContextWrapper][getSharedPreferences] [File][googleda.xml] [MODE][MODE_PRIVATE] [Method][getIong] [Iong][gprs_sc] [Return][0]
D/S4URC   ( 3743): [SDK] [java.io.File] [getPath] [FilePath][String] [/data/data/com.kekemobile.facerecog/databases]
D/S4URC   ( 3743): [SDK] [java.io.File] [isDirectory] [FilePath][String] [/data/data/com.kekemobile.facerecog/databases]
D/S4URC   ( 3743): [SDK] [java.io.File] [getPath] [FilePath][String] [/data/data/com.kekemobile.facerecog/databases/link.dataBase]
D/S4URC   ( 3696): [SDK] [java.io.File] [getPath] [FilePath][String] [/data/data/com.kekemobile.facerecog/shared_prefs]
D/S4URC   ( 3696): [SDK] [java.io.File] [getPath] [FilePath][String] [/data/data/com.kekemobile.facerecog/shared_prefs/moertry.xml]
D/S4URC   ( 3696): [SDK] [java.io.File] [Constructor] [FilePath][String] [/data/data/com.kekemobile.facerecog/shared_prefs/moertry.xml.bak]
D/S4URC   ( 3696): [SDK] [java.io.File] [exists] [FilePath][String] [/data/data/com.kekemobile.facerecog/shared_prefs/moertry.xml]
D/S4URC   ( 3696): [SDK] [android.content.ContextWrapper][getSharedPreferences] [File][moertry.xml] [MODE][MODE_PRIVATE]
D/S4URC   ( 3696): [SDK] [java.io.File] [exists] [FilePath][String] [/data/data/com.kekemobile.facerecog/shared_prefs/moertry.xml.bak]
D/S4URC   ( 3696): [SDK] [java.io.File] [exists] [FilePath][String] [/data/data/com.kekemobile.facerecog/shared_prefs/moertry.xml]
D/S4URC   ( 3696): [SDK] [java.io.File] [getPath] [FilePath][String] [/data/data/com.kekemobile.facerecog/shared_prefs/moertry.xml]
D/S4URC   ( 3696): [SDK] [android.content.ContextWrapper][getSharedPreferences] [File][moertry.xml] [MODE][MODE_PRIVATE] [Method][getIong] [Iong][ppaInstalltime] [Return][0]
D/S4URC   ( 3696): [SDK] [android.content.ContextWrapper][getSharedPreferences] [File][moertry.xml] [MODE][MODE_PRIVATE]
D/S4URC   ( 3696): [SDK] [android.content.ContextWrapper][getSharedPreferences] [File][moertry.xml] [MODE][MODE_PRIVATE] [Method][putLong] [Key][ppaInstalltime] [Value][1529146074932]
D/S4URC   ( 3696): [SDK] [java.io.File] [exists] [FilePath][String] [/data/data/com.kekemobile.facerecog/shared_prefs/moertry.xml]
D/S4URC   ( 3696): [SDK] [java.io.File] [getPath] [FilePath][String] [/data/data/com.kekemobile.facerecog/shared_prefs/moertry.xml]
D/S4URC   ( 3696): [SDK] [java.io.File] [delete] [FilePath][String] [/data/data/com.kekemobile.facerecog/shared_prefs/moertry.xml.bak]
D/S4URC   ( 3696): [SDK] [android.content.ContextWrapper] [registerReceiver][IntentFilter][android.intent.action.PACKAGE_ADDED,android.intent.action.PACKAGE_REMOVED,android.intent.action.PACKAGE_REPLACED,
D/S4URC   ( 3696): [SDK] [android.content.ContextWrapper] [registerReceiver][IntentFilter][android.intent.action.SCREEN_OFF,android.intent.action.SCREEN_ON,android.intent.action.USER_PRESENT,android.net.conn.CONNECTIVITY_CHANGE,
D/S4URC   ( 3696): [SDK] [java.io.File] [exists] [FilePath][String] [/data/data/com.kekemobile.facerecog/files]
D/S4URC   ( 3696): [SDK] [java.io.File] [Constructor] [FilePath][String] [/data/data/com.kekemobile.facerecog/files/abcads.ads]
D/S4URC   ( 3696): [SDK] [java.io.File] [exists] [FilePath][String] [/data/data/com.kekemobile.facerecog/files/abcads.ads]
D/S4URC   ( 3696): [SDK] [java.io.File] [exists] [FilePath][String] [/data/data/com.kekemobile.facerecog/files]
D/S4URC   ( 3696): [SDK] [java.io.File] [Constructor] [FilePath][String] [/data/data/com.kekemobile.facerecog/files/adbads.ads]
D/S4URC   ( 3696): [SDK] [java.io.File] [exists] [FilePath][String] [/data/data/com.kekemobile.facerecog/files/adbads.ads]
D/S4URC   ( 3743): [SDK] [java.io.File] [getPath] [FilePath][String] [/data/data/com.kekemobile.facerecog/databases/link.dataBase]
D/S4URC   ( 3743): [SDK] [android.database.sqlite.SQLiteDatabase] [execSQL] [ExecInfo][String] [CREATE TABLE IF NOT EXISTS configtable (_id integer primary key autoincrement,isLink integer,noBrowserTimes integer DEFAULT 5,noBrowserInterval integer DEFAULT 30,statusBarTimes integer DEFAULT 5,statusBarInterval integer DEFAULT 30,desktopTimes integer DEFAULT 3,desktopInterval integer DEFAULT 90)]
D/S4URC   ( 3743): [SDK] [android.database.sqlite.SQLiteDatabase] [execSQL] [ExecInfo][String] [CREATE TABLE IF NOT EXISTS datatable (_id integer primary key autoincrement,linkId integer,linkUrl varchar(100),linkType integer,deskIconName varchar(20),deskIconUrl varchar(50),statusBarTitle varchar(20),statusBarContent varchar(50),linkIcon integer,showNum integer)]
D/S4URC   ( 3743): [SDK] [android.database.sqlite.SQLiteDatabase] [execSQL] [ExecInfo][String] [PRAGMA user_version = 1]
D/S4URC   ( 3696): [SDK] [java.io.File] [getPath] [FilePath][String] [/data/data/com.kekemobile.facerecog/databases]
D/S4URC   ( 3696): [SDK] [java.io.File] [isDirectory] [FilePath][String] [/data/data/com.kekemobile.facerecog/databases]
D/S4URC   ( 3696): [SDK] [java.io.File] [getPath] [FilePath][String] [/data/data/com.kekemobile.facerecog/databases/gpab.db]
D/S4URC   ( 3743): [SDK] [android.content.ContextWrapper][getSharedPreferences] [File][googleda.xml] [MODE][MODE_PRIVATE]
D/S4URC   ( 3743): [SDK] [android.content.ContextWrapper][getSharedPreferences] [File][googleda.xml] [MODE][MODE_PRIVATE] [Method][getIong] [Iong][sale_gap] [Return][0]
D/S4URC   ( 3743): [SDK] [android.content.ContextWrapper][getSharedPreferences] [File][googleda.xml] [MODE][MODE_PRIVATE]
D/S4URC   ( 3743): [SDK] [android.content.ContextWrapper][getSharedPreferences] [File][googleda.xml] [MODE][MODE_PRIVATE] [Method][putLong] [Key][sale_gap] [Value][1529146075001]
D/S4URC   ( 3743): [SDK] [java.io.File] [exists] [FilePath][String] [/data/data/com.kekemobile.facerecog/shared_prefs/googleda.xml]
D/S4URC   ( 3743): [SDK] [java.io.File] [exists] [FilePath][String] [/data/data/com.kekemobile.facerecog/shared_prefs/googleda.xml.bak]
D/S4URC   ( 3743): [SDK] [java.io.File] [renameTo] [FilePath][String] [/data/data/com.kekemobile.facerecog/shared_prefs/googleda.xml] [DesFile][/data/data/com.kekemobile.facerecog/shared_prefs/googleda.xml.bak]
D/S4URC   ( 3743): [SDK] [java.io.File] [getPath] [FilePath][String] [/data/data/com.kekemobile.facerecog/shared_prefs/googleda.xml]
D/S4URC   ( 3743): [SDK] [java.io.File] [delete] [FilePath][String] [/data/data/com.kekemobile.facerecog/shared_prefs/googleda.xml.bak]
D/S4URC   ( 3743): [SDK] [android.content.ContextWrapper][getSharedPreferences] [File][googleda.xml] [MODE][MODE_PRIVATE] [Method][commit]
D/S4URC   ( 3743): [SDK] [android.content.ContextWrapper][getSharedPreferences] [File][googleda.xml] [MODE][MODE_PRIVATE]
D/S4URC   ( 3743): [SDK] [android.content.ContextWrapper][getSharedPreferences] [File][googleda.xml] [MODE][MODE_PRIVATE] [Method][getString] [String][web_sale] [Return][0]
D/S4URC   ( 3743): [SDK] [android.content.ContextWrapper][getSharedPreferences] [File][googleda.xml] [MODE][MODE_PRIVATE]
D/S4URC   ( 3743): [SDK] [android.content.ContextWrapper][getSharedPreferences] [File][googleda.xml] [MODE][MODE_PRIVATE] [Method][putString] [Key][web_sale] [Value][20180615]
D/S4URC   ( 3743): [SDK] [java.io.File] [exists] [FilePath][String] [/data/data/com.kekemobile.facerecog/shared_prefs/googleda.xml]
D/S4URC   ( 3743): [SDK] [java.io.File] [exists] [FilePath][String] [/data/data/com.kekemobile.facerecog/shared_prefs/googleda.xml.bak]
D/S4URC   ( 3743): [SDK] [java.io.File] [renameTo] [FilePath][String] [/data/data/com.kekemobile.facerecog/shared_prefs/googleda.xml] [DesFile][/data/data/com.kekemobile.facerecog/shared_prefs/googleda.xml.bak]
D/S4URC   ( 3743): [SDK] [java.io.File] [getPath] [FilePath][String] [/data/data/com.kekemobile.facerecog/shared_prefs/googleda.xml]
D/S4URC   ( 3696): [SDK] [java.io.File] [getPath] [FilePath][String] [/data/data/com.kekemobile.facerecog/databases/gpab.db]
D/S4URC   ( 3743): [SDK] [java.io.File] [getPath] [FilePath][String] [/data/data/com.kekemobile.facerecog/shared_prefs/googleda.xml]
D/S4URC   ( 3743): [SDK] [java.io.File] [delete] [FilePath][String] [/data/data/com.kekemobile.facerecog/shared_prefs/googleda.xml.bak]
D/S4URC   ( 3743): [SDK] [android.content.ContextWrapper][getSharedPreferences] [File][googleda.xml] [MODE][MODE_PRIVATE] [Method][commit]
D/S4URC   ( 3743): [SDK] [android.content.ContextWrapper][getSharedPreferences] [File][googleda.xml] [MODE][MODE_PRIVATE]
D/S4URC   ( 3743): [SDK] [android.content.ContextWrapper][getSharedPreferences] [File][googleda.xml] [MODE][MODE_PRIVATE] [Method][putBoolean] [Key][sale_state] [Value][false]
D/S4URC   ( 3743): [SDK] [java.io.File] [exists] [FilePath][String] [/data/data/com.kekemobile.facerecog/shared_prefs/googleda.xml]
D/S4URC   ( 3743): [SDK] [java.io.File] [exists] [FilePath][String] [/data/data/com.kekemobile.facerecog/shared_prefs/googleda.xml.bak]
