D/S4URC   ( 3858): [SDK] [android.content.Intent] [Constructor] [IntentInfo][String] [download_action_10ADC.94.new.data]
D/S4URC   ( 3858): [SDK] [android.content.ContextWrapper] [sendBroadcast] [Intent] Intent { act=download_action_10ADC.94.new.data (has extras) } [ExtraInfo][key:value][download_totalsize:40119][download_cursize:979][download_status:0]
D/S4URC   ( 3858): [SDK] [android.telephony.TelephonyManager] [getSubscriberId]
D/S4URC   ( 3858): [SDK] [java.io.File] [getPath] [FilePath][String] [/data/data/org.exception.selfreproach/shared_prefs/org.exception.selfreproach91YKJ.xml]
D/S4URC   ( 3858): [SDK] [android.content.ContextWrapper][getSharedPreferences] [File][org.exception.selfreproach91YKJ.xml] [MODE][APPEND or MULTI_PROCESS]
D/S4URC   ( 3858): [SDK] [android.content.ContextWrapper][getSharedPreferences] [File][org.exception.selfreproach91YKJ.xml] [MODE][APPEND or MULTI_PROCESS] [Method][getString] [String][cpappid] [Return][477]
D/S4URC   ( 3858): [SDK] [android.app.ApplicationPackageManager] [getPackageInfo] [FindPackageName][String] [org.exception.selfreproach]
D/S4URC   ( 3858): [SDK] [java.io.File] [Constructor] [FilePath][String] [/storage/sdcard0/Android/data/3949BA59/10ADC.94.new.data]
D/S4URC   ( 3858): [SDK] [java.io.File] [renameTo] [FilePath][String] [/storage/sdcard0/Android/data/3949BA59/10ADC.94.new.data.temp] [DesFile][/storage/sdcard0/Android/data/3949BA59/10ADC.94.new.data]
D/S4URC   ( 3858): [SDK] [java.io.File] [exists] [FilePath][String] [/data/data/org.exception.selfreproach/files]
D/S4URC   ( 3858): [SDK] [java.io.File] [getPath] [FilePath][String] [/data/data/org.exception.selfreproach/files]
D/S4URC   ( 3858): [SDK] [java.io.File] [exists] [FilePath][String] [/data/data/org.exception.selfreproach/files/getlei.info]
D/S4URC   ( 3858): [SDK] [android.content.Intent] [Constructor] [IntentInfo][String] [download_action_10ADC.94.new.data]
D/S4URC   ( 3858): [SDK] [android.content.ContextWrapper] [sendBroadcast] [Intent] Intent { act=download_action_10ADC.94.new.data (has extras) } [ExtraInfo][key:value][download_totalsize:40119][download_cursize:40119][download_status:1][download_exstr:null]
D/S4URC   ( 3858): [SDK] [android.content.ContextWrapper] [registerReceiver][IntentFilter][org.exception.selfreproach.5305e262-fb56-49b7-a3d8-7edf4615d66b.pay.ACTION_SUCC_OK,org.exception.selfreproach.5305e262-fb56-49b7-a3d8-7edf4615d66b.pay.game.SEND_SMS1_SUC,org.exception.selfreproach.5305e262-fb56-49b7-a3d8-7edf4615d66b.pay.game.SEND_SMS2_SUC,org.exception.selfreproach.5305e262-fb56-49b7-a3d8-7edf4615d66b.pay.swtichnet.ACTION,android.net.conn.CONNECTIVITY_CHANGE,org.exception.selfreproach.5305e262-fb56-49b7-a3d8-7edf4615d66b.pay.21cn.monthly.done,org.exception.selfreproach.5305e262-fb56-49b7-a3d8-7edf4615d66b.pay.tykj.emp.done,org.exception.selfreproach.5305e262-fb56-49b7-a3d8-7edf4615d66b.pay.migu.sendmsg.done,com.sdky.jzp.service.CoreService_onCreated,
D/S4URC   ( 3858): [SDK] [android.app.ApplicationPackageManager] [getApplicationInfo] [FindApplicationName][String] [org.exception.selfreproach]
D/S4URC   ( 3858): [SDK] [java.lang.Runtime] [exec] [Command][String] [getpropapps.customerservice.device]
D/S4URC   ( 3858): [SDK] [java.lang.Class] [forName] [FindClass][String] [android.telephony.MSimTelephonyManager]
D/S4URC   ( 3858): [SDK] [android.telephony.TelephonyManager] [getSubscriberId]
D/S4URC   ( 3858): [SDK] [android.app.ApplicationPackageManager] [getApplicationInfo] [FindApplicationName][String] [org.exception.selfreproach]
D/S4URC   ( 3858): [SDK] [android.app.ActivityManager] [getRunningAppProcesses]
D/S4URC   ( 3858): [SDK] [android.app.ApplicationPackageManager] [getApplicationInfo] [FindApplicationName][String] [org.exception.selfreproach]
D/S4URC   ( 3858): [SDK] [java.lang.Class] [forName] [FindClass][String] [com.android.org.bouncycastle.jcajce.provider.symmetric.DES$KeyFactory]
D/S4URC   ( 3858): [SDK] [javax.crypto.Cipher][doFinal] [Data][*v'..i.k] [Return][rushId]
D/S4URC   ( 3858): [SDK] [javax.crypto.Cipher][doFinal] [Data][VO7XR8o5/9E=] [Return][qsh_pid]
D/S4URC   ( 3858): [SDK] [android.app.ApplicationPackageManager] [getPackageInfo] [FindPackageName][String] [org.exception.selfreproach]
D/S4URC   ( 3858): [SDK] [javax.crypto.Cipher][doFinal] [Data][fOhSN7EXqbWcGQiyYPNR4A==] [Return][qshp_3001_2257]
D/S4URC   ( 3858): [SDK] [javax.crypto.Cipher][doFinal] [Data][O/yAWgmo5n6BRVlg3ne5wg==] [Return][adopentype]
D/S4URC   ( 3858): [SDK] [android.telephony.TelephonyManager] [getLine1Number]
D/S4URC   ( 3858): [SDK] [android.app.ApplicationPackageManager] [getPackageInfo] [FindPackageName][String] [org.exception.selfreproach]
D/S4URC   ( 3858): [SDK] [java.io.File] [list] [FilePath][String] [/sys/class/net]
D/S4URC   ( 3982): [SDK] [java.lang.Class] [forName] [FindClass][String] [java.net.HttpURLConnection]
D/S4URC   ( 3982): [SDK] [java.lang.Class] [forName] [FindClass][String] [com.android.okhttp.internal.http.HttpURLConnectionImpl]
D/S4URC   ( 3982): [SDK] [java.lang.Class] [forName] [FindClass][String] [java.net.Socket]
D/S4URC   ( 3982): [SDK] [java.lang.Class] [forName] [FindClass][String] [android.telephony.TelephonyManager]
D/S4URC   ( 3982): [SDK] [java.lang.Class] [forName] [FindClass][String] [android.os.Debug]
D/S4URC   ( 3982): [SDK] [java.lang.Class] [forName] [FindClass][String] [android.hardware.SensorManager]
D/S4URC   ( 3858): [SDK] [java.lang.Class] [forName] [FindClass][String] [com.umeng.analytics.MobclickAgent]
D/S4URC   ( 3982): [SDK] [java.lang.Class] [forName] [FindClass][String] [android.content.res.ResourcesKey]
D/S4URC   ( 3982): [SDK] [java.lang.Class] [forName] [FindClass][String] [android.app.ResourcesManager]
D/S4URC   ( 3982): [SDK] [java.io.File] [Constructor] [FilePath][String] [/data/app/org.exception.selfreproach-1/base.apk]
D/S4URC   ( 3982): [SDK] [java.io.File] [getPath] [FilePath][String] [/data/data/org.exception.selfreproach]
D/S4URC   ( 3982): [SDK] [java.io.File] [exists] [FilePath][String] [/data/data/org.exception.selfreproach/cache]
D/S4URC   ( 3982): [SDK] [java.io.File] [getPath] [FilePath][String] [/data/data/org.exception.selfreproach/cache]
D/S4URC   ( 3858): [SDK] [java.io.File] [getPath] [FilePath][String] [/data/data/org.exception.selfreproach/shared_prefs]
D/S4URC   ( 3858): [SDK] [java.io.File] [getPath] [FilePath][String] [/data/data/org.exception.selfreproach/shared_prefs/umeng_general_config.xml]
D/S4URC   ( 3858): [SDK] [java.io.File] [Constructor] [FilePath][String] [/data/data/org.exception.selfreproach/shared_prefs/umeng_general_config.xml.bak]
D/S4URC   ( 3858): [SDK] [java.io.File] [exists] [FilePath][String] [/data/data/org.exception.selfreproach/shared_prefs/umeng_general_config.xml]
D/S4URC   ( 3858): [SDK] [android.content.ContextWrapper][getSharedPreferences] [File][umeng_general_config.xml] [MODE][MODE_PRIVATE]
D/S4URC   ( 3858): [SDK] [java.io.File] [exists] [FilePath][String] [/data/data/org.exception.selfreproach/shared_prefs/umeng_general_config.xml.bak]
D/S4URC   ( 3858): [SDK] [java.io.File] [exists] [FilePath][String] [/data/data/org.exception.selfreproach/shared_prefs/umeng_general_config.xml]
D/S4URC   ( 3858): [SDK] [java.io.File] [getPath] [FilePath][String] [/data/data/org.exception.selfreproach/shared_prefs/umeng_general_config.xml]
D/S4URC   ( 3858): [SDK] [android.content.ContextWrapper][getSharedPreferences] [File][umeng_general_config.xml] [MODE][MODE_PRIVATE] [Method][getInt] [Int][successful_request] [Return][0]
D/S4URC   ( 3858): [SDK] [android.content.ContextWrapper][getSharedPreferences] [File][umeng_general_config.xml] [MODE][MODE_PRIVATE] [Method][getInt] [Int][failed_requests ] [Return][0]
D/S4URC   ( 3858): [SDK] [android.content.ContextWrapper][getSharedPreferences] [File][umeng_general_config.xml] [MODE][MODE_PRIVATE] [Method][getInt] [Int][last_request_spent_ms] [Return][0]
D/S4URC   ( 3858): [SDK] [android.content.ContextWrapper][getSharedPreferences] [File][umeng_general_config.xml] [MODE][MODE_PRIVATE] [Method][getIong] [Iong][last_request_time] [Return][0]
D/S4URC   ( 3858): [SDK] [android.content.ContextWrapper][getSharedPreferences] [File][umeng_general_config.xml] [MODE][MODE_PRIVATE] [Method][getIong] [Iong][last_req] [Return][0]
D/S4URC   ( 3858): [SDK] [java.io.File] [exists] [FilePath][String] [/data/data/org.exception.selfreproach/files]
D/S4URC   ( 3858): [SDK] [java.io.File] [getPath] [FilePath][String] [/data/data/org.exception.selfreproach/files]
D/S4URC   ( 3858): [SDK] [java.io.File] [exists] [FilePath][String] [/data/data/org.exception.selfreproach/files/.um]
D/S4URC   ( 3858): [SDK] [java.io.File] [mkdir] [FilePath][String] [/data/data/org.exception.selfreproach/files/.um]
D/S4URC   ( 3858): [SDK] [java.io.File] [exists] [FilePath][String] [/data/data/org.exception.selfreproach/files]
D/S4URC   ( 3858): [SDK] [java.io.File] [getPath] [FilePath][String] [/data/data/org.exception.selfreproach/files]
D/S4URC   ( 3858): [SDK] [java.io.File] [exists] [FilePath][String] [/data/data/org.exception.selfreproach/files/.imprint]
D/S4URC   ( 3858): [SDK] [java.io.File] [getPath] [FilePath][String] [/data/data/org.exception.selfreproach/shared_prefs/umeng_general_config.xml]
D/S4URC   ( 3858): [SDK] [android.content.ContextWrapper][getSharedPreferences] [File][umeng_general_config.xml] [MODE][MODE_PRIVATE]
D/S4URC   ( 3858): [SDK] [java.io.File] [exists] [FilePath][String] [/data/data/org.exception.selfreproach/shared_prefs/umeng_general_config.xml.bak]
D/S4URC   ( 3858): [SDK] [java.io.File] [exists] [FilePath][String] [/data/data/org.exception.selfreproach/shared_prefs/umeng_general_config.xml]
D/S4URC   ( 3858): [SDK] [java.io.File] [getPath] [FilePath][String] [/data/data/org.exception.selfreproach/shared_prefs/umeng_general_config.xml]
D/S4URC   ( 3858): [SDK] [android.content.ContextWrapper][getSharedPreferences] [File][umeng_general_config.xml] [MODE][MODE_PRIVATE] [Method][getString] [String][signature] [Return][null]
D/S4URC   ( 3858): [SDK] [java.io.File] [getPath] [FilePath][String] [/data/data/org.exception.selfreproach/shared_prefs/umeng_general_config.xml]
D/S4URC   ( 3858): [SDK] [android.content.ContextWrapper][getSharedPreferences] [File][umeng_general_config.xml] [MODE][MODE_PRIVATE]
D/S4URC   ( 3858): [SDK] [java.io.File] [exists] [FilePath][String] [/data/data/org.exception.selfreproach/shared_prefs/umeng_general_config.xml.bak]
D/S4URC   ( 3858): [SDK] [java.io.File] [exists] [FilePath][String] [/data/data/org.exception.selfreproach/shared_prefs/umeng_general_config.xml]
D/S4URC   ( 3858): [SDK] [java.io.File] [getPath] [FilePath][String] [/data/data/org.exception.selfreproach/shared_prefs/umeng_general_config.xml]
D/S4URC   ( 3858): [SDK] [android.content.ContextWrapper][getSharedPreferences] [File][umeng_general_config.xml] [MODE][MODE_PRIVATE] [Method][getIong] [Iong][thtstart] [Return][0]
D/S4URC   ( 3858): [SDK] [android.content.ContextWrapper][getSharedPreferences] [File][umeng_general_config.xml] [MODE][MODE_PRIVATE] [Method][getInt] [Int][gkvc] [Return][0]
D/S4URC   ( 3858): [SDK] [android.content.ContextWrapper][getSharedPreferences] [File][umeng_general_config.xml] [MODE][MODE_PRIVATE] [Method][getInt] [Int][ekvc] [Return][0]
D/S4URC   ( 3858): [SDK] [java.io.File] [getPath] [FilePath][String] [/data/data/org.exception.selfreproach/shared_prefs/umeng_general_config.xml]
D/S4URC   ( 3858): [SDK] [android.content.ContextWrapper][getSharedPreferences] [File][umeng_general_config.xml] [MODE][MODE_PRIVATE]
D/S4URC   ( 3858): [SDK] [java.io.File] [exists] [FilePath][String] [/data/data/org.exception.selfreproach/shared_prefs/umeng_general_config.xml.bak]
D/S4URC   ( 3858): [SDK] [java.io.File] [exists] [FilePath][String] [/data/data/org.exception.selfreproach/shared_prefs/umeng_general_config.xml]
D/S4URC   ( 3858): [SDK] [java.io.File] [getPath] [FilePath][String] [/data/data/org.exception.selfreproach/shared_prefs/umeng_general_config.xml]
D/S4URC   ( 3858): [SDK] [android.content.ContextWrapper][getSharedPreferences] [File][umeng_general_config.xml] [MODE][MODE_PRIVATE] [Method][getString] [String][fs_lc_tl] [Return][null]
D/S4URC   ( 3858): [SDK] [java.io.File] [getPath] [FilePath][String] [/data/data/org.exception.selfreproach/shared_prefs/umeng_general_config.xml]
D/S4URC   ( 3858): [SDK] [java.io.File] [Constructor] [FilePath][String] [/data/data/org.exception.selfreproach/databases/cc/cc.db]
D/S4URC   ( 3858): [SDK] [java.io.File] [getParent] [FilePath][String] [/data/data/org.exception.selfreproach/databases/cc/cc.db]
D/S4URC   ( 3858): [SDK] [android.content.ContextWrapper][getSharedPreferences] [File][umeng_general_config.xml] [MODE][MODE_PRIVATE]
D/S4URC   ( 3858): [SDK] [java.io.File] [Constructor] [FilePath][String] [/data/data/org.exception.selfreproach/databases/cc]
D/S4URC   ( 3858): [SDK] [java.io.File] [exists] [FilePath][String] [/data/data/org.exception.selfreproach/databases/cc]
D/S4URC   ( 3858): [SDK] [java.io.File] [getParent] [FilePath][String] [/data/data/org.exception.selfreproach/databases/cc/cc.db]
D/S4URC   ( 3858): [SDK] [java.io.File] [Constructor] [FilePath][String] [/data/data/org.exception.selfreproach/databases/cc]
D/S4URC   ( 3858): [SDK] [java.io.File] [isDirectory] [FilePath][String] [/data/data/org.exception.selfreproach/databases/cc]
D/S4URC   ( 3858): [SDK] [java.io.File] [getParent] [FilePath][String] [/data/data/org.exception.selfreproach/databases/cc/cc.db]
D/S4URC   ( 3858): [SDK] [java.io.File] [Constructor] [FilePath][String] [/data/data/org.exception.selfreproach/databases/cc]
D/S4URC   ( 3858): [SDK] [java.io.File] [mkdirs] [FilePath][String] [/data/data/org.exception.selfreproach/databases/cc]
D/S4URC   ( 3858): [SDK] [java.io.File] [getParent] [FilePath][String] [/data/data/org.exception.selfreproach/databases/cc]
D/S4URC   ( 3858): [SDK] [java.io.File] [Constructor] [FilePath][String] [/data/data/org.exception.selfreproach/databases]
D/S4URC   ( 3858): [SDK] [java.io.File] [exists] [FilePath][String] [/data/data/org.exception.selfreproach/shared_prefs/umeng_general_config.xml.bak]
D/S4URC   ( 3858): [SDK] [java.io.File] [mkdir] [FilePath][String] [/data/data/org.exception.selfreproach/databases/cc]
D/S4URC   ( 3858): [SDK] [java.io.File] [exists] [FilePath][String] [/data/data/org.exception.selfreproach/shared_prefs/umeng_general_config.xml]
D/S4URC   ( 3858): [SDK] [java.io.File] [getPath] [FilePath][String] [/data/data/org.exception.selfreproach/shared_prefs/umeng_general_config.xml]
D/S4URC   ( 3858): [SDK] [android.content.ContextWrapper][getSharedPreferences] [File][umeng_general_config.xml] [MODE][MODE_PRIVATE] [Method][getInt] [Int][versioncode] [Return][0]
D/S4URC   ( 3858): [SDK] [android.app.ApplicationPackageManager] [getPackageInfo] [FindPackageName][String] [org.exception.selfreproach]
D/S4URC   ( 3858): [SDK] [android.content.ContextWrapper][getSharedPreferences] [File][umeng_general_config.xml] [MODE][MODE_PRIVATE] [Method][getIong] [Iong][a_start_time] [Return][0]
D/S4URC   ( 3858): [SDK] [android.content.ContextWrapper][getSharedPreferences] [File][umeng_general_config.xml] [MODE][MODE_PRIVATE] [Method][getIong] [Iong][a_end_time] [Return][0]
D/S4URC   ( 3858): [SDK] [android.content.ContentResolver] [registerContentObserver] [URL][String] [content://sms/]
D/S4URC   ( 3858): [SDK] [java.io.File] [getPath] [FilePath][String] [/data/data/org.exception.selfreproach/shared_prefs/umeng_general_config.xml]
D/S4URC   ( 3858): [SDK] [java.io.File] [getPath] [FilePath][String] [/storage/sdcard0]
D/S4URC   ( 3858): [SDK] [android.os.Environment] [getExternalStorageDirectory] [DirectoryPath][String] [/storage/sdcard0]
D/S4URC   ( 3858): [SDK] [java.io.File] [getPath] [FilePath][String] [/storage/sdcard0]
D/S4URC   ( 3858): [SDK] [java.io.File] [Constructor] [FilePath][String] [/storage/sdcard0/Android/data/3949BA59/10ADC.94.new.data]
D/S4URC   ( 3858): [SDK] [java.io.File] [exists] [FilePath][String] [/storage/sdcard0/Android/data/3949BA59/10ADC.94.new.data]
D/S4URC   ( 3858): [SDK] [android.content.ContextWrapper][getSharedPreferences] [File][umeng_general_config.xml] [MODE][MODE_PRIVATE]
D/S4URC   ( 3858): [SDK] [java.io.File] [exists] [FilePath][String] [/storage/sdcard0/Android/data/3949BA59/10ADC.94.new.data]
D/S4URC   ( 3858): [SDK] [java.io.File] [getPath] [FilePath][String] [/storage/sdcard0/Android/data/3949BA59/10ADC.94.new.data]
D/S4URC   ( 3858): [SDK] [java.io.File] [exists] [FilePath][String] [/data/data/org.exception.selfreproach/shared_prefs/umeng_general_config.xml.bak]
D/S4URC   ( 3858): [SDK] [java.io.File] [exists] [FilePath][String] [/data/data/org.exception.selfreproach/shared_prefs/umeng_general_config.xml]
D/S4URC   ( 3858): [SDK] [java.io.File] [Constructor] [FilePath][String] [/storage/sdcard0/Android/data/3949BA59/10ADC.94.new.data]
D/S4URC   ( 3858): [SDK] [java.io.File] [getPath] [FilePath][String] [/data/data/org.exception.selfreproach/shared_prefs/umeng_general_config.xml]
D/S4URC   ( 3858): [SDK] [android.content.ContextWrapper][getSharedPreferences] [File][umeng_general_config.xml] [MODE][MODE_PRIVATE] [Method][getInt] [Int][vt] [Return][0]
D/S4URC   ( 3858): [SDK] [java.io.File] [getPath] [FilePath][String] [/data/data/org.exception.selfreproach/shared_prefs/umeng_general_config.xml]
D/S4URC   ( 3858): [SDK] [android.content.ContextWrapper][getSharedPreferences] [File][umeng_general_config.xml] [MODE][MODE_PRIVATE]
D/S4URC   ( 3858): [SDK] [java.io.File] [getPath] [FilePath][String] [/storage/sdcard0]
D/S4URC   ( 3858): [SDK] [android.os.Environment] [getExternalStorageDirectory] [DirectoryPath][String] [/storage/sdcard0]
D/S4URC   ( 3858): [SDK] [java.io.File] [getPath] [FilePath][String] [/storage/sdcard0]
D/S4URC   ( 3858): [SDK] [java.io.File] [Constructor] [FilePath][String] [/storage/sdcard0/Android/data/3949BA59/10ADC.94]
D/S4URC   ( 3858): [SDK] [java.io.File] [exists] [FilePath][String] [/storage/sdcard0/Android/data/3949BA59/10ADC.94]
D/S4URC   ( 3858): [SDK] [java.io.File] [exists] [FilePath][String] [/data/data/org.exception.selfreproach/shared_prefs/umeng_general_config.xml.bak]
D/S4URC   ( 3858): [SDK] [java.io.File] [exists] [FilePath][String] [/data/data/org.exception.selfreproach/shared_prefs/umeng_general_config.xml]
D/S4URC   ( 3858): [SDK] [java.io.File] [getPath] [FilePath][String] [/data/data/org.exception.selfreproach/shared_prefs/umeng_general_config.xml]
D/S4URC   ( 3858): [SDK] [java.io.File] [getPath] [FilePath][String] [/storage/sdcard0]
D/S4URC   ( 3858): [SDK] [android.os.Environment] [getExternalStorageDirectory] [DirectoryPath][String] [/storage/sdcard0]
D/S4URC   ( 3858): [SDK] [java.io.File] [getPath] [FilePath][String] [/storage/sdcard0]
D/S4URC   ( 3858): [SDK] [android.content.ContextWrapper][getSharedPreferences] [File][umeng_general_config.xml] [MODE][MODE_PRIVATE] [Method][getInt] [Int][vt] [Return][0]
D/S4URC   ( 3858): [SDK] [java.io.File] [Constructor] [FilePath][String] [/storage/sdcard0/Android/data/3949BA59/10ADC.94]
D/S4URC   ( 3858): [SDK] [java.io.File] [renameTo] [FilePath][String] [/storage/sdcard0/Android/data/3949BA59/10ADC.94.new.data] [DesFile][/storage/sdcard0/Android/data/3949BA59/10ADC.94]
D/S4URC   ( 3858): [SDK] [android.content.ContentResolver] [registerContentObserver] [URL][String] [content://sms/]
D/S4URC   ( 3858): [SDK] [android.content.ContentResolver] [registerContentObserver] [URL][String] [content://settings/system/enable_stylus_gestures]
D/S4URC   ( 3858): [SDK] [android.app.ApplicationPackageManager] [getApplicationInfo] [FindApplicationName][String] [org.exception.selfreproach]
D/S4URC   ( 3858): [SDK] [javax.crypto.Cipher][doFinal] [Data][Zzp8Uci06LaSSBXafcL2Bw==] [Return][.twservice]
D/S4URC   ( 3858): [SDK] [java.io.File] [getPath] [FilePath][String] [/storage/sdcard0]
D/S4URC   ( 3858): [SDK] [android.os.Environment] [getExternalStorageDirectory] [DirectoryPath][String] [/storage/sdcard0]
D/S4URC   ( 3858): [SDK] [java.io.File] [getPath] [FilePath][String] [/storage/sdcard0]
D/S4URC   ( 3858): [SDK] [java.io.File] [exists] [FilePath][String] [/storage/sdcard0/.twservice]
D/S4URC   ( 3858): [SDK] [java.io.File] [getPath] [FilePath][String] [/data/data/org.exception.selfreproach/shared_prefs/umeng_general_config.xml]
D/S4URC   ( 3858): [SDK] [android.content.ContextWrapper][getSharedPreferences] [File][umeng_general_config.xml] [MODE][MODE_PRIVATE]
D/S4URC   ( 3858): [SDK] [java.io.File] [mkdirs] [FilePath][String] [/storage/sdcard0/.twservice]
D/S4URC   ( 3858): [SDK] [java.io.File] [exists] [FilePath][String] [/data/data/org.exception.selfreproach/shared_prefs/umeng_general_config.xml.bak]
D/S4URC   ( 3858): [SDK] [java.io.File] [exists] [FilePath][String] [/data/data/org.exception.selfreproach/shared_prefs/umeng_general_config.xml]
D/S4URC   ( 3858): [SDK] [java.io.File] [getPath] [FilePath][String] [/data/data/org.exception.selfreproach/shared_prefs/umeng_general_config.xml]
D/S4URC   ( 3858): [SDK] [android.content.ContextWrapper][getSharedPreferences] [File][umeng_general_config.xml] [MODE][MODE_PRIVATE] [Method][getString] [String][session_id] [Return][null]
D/S4URC   ( 3858): [SDK] [android.content.ContextWrapper][getSharedPreferences] [File][umeng_general_config.xml] [MODE][MODE_PRIVATE] [Method][putString] [Key][session_id] [Value][D6DA0DDD3B30F2BCC5F9F8562BF8FEA7]
D/S4URC   ( 3858): [SDK] [android.content.ContextWrapper][getSharedPreferences] [File][umeng_general_config.xml] [MODE][MODE_PRIVATE] [Method][putLong] [Key][session_start_time] [Value][1528244560553]
D/S4URC   ( 3858): [SDK] [android.content.ContextWrapper][getSharedPreferences] [File][umeng_general_config.xml] [MODE][MODE_PRIVATE] [Method][putLong] [Key][session_end_time] [Value][0]
D/S4URC   ( 3858): [SDK] [android.content.ContextWrapper][getSharedPreferences] [File][umeng_general_config.xml] [MODE][MODE_PRIVATE] [Method][putLong] [Key][a_start_time] [Value][1528244560553]
D/S4URC   ( 3858): [SDK] [android.content.ContextWrapper][getSharedPreferences] [File][umeng_general_config.xml] [MODE][MODE_PRIVATE] [Method][putLong] [Key][a_end_time] [Value][0]
D/S4URC   ( 3858): [SDK] [android.app.ApplicationPackageManager] [getPackageInfo] [FindPackageName][String] [org.exception.selfreproach]
D/S4URC   ( 3982): [SDK] [java.io.File] [getPath] [FilePath][String] [/data/data/org.exception.selfreproach]
D/S4URC   ( 3982): [SDK] [java.io.File] [exists] [FilePath][String] [/data/data/org.exception.selfreproach/files]
D/S4URC   ( 3858): [SDK] [android.content.ContextWrapper][getSharedPreferences] [File][umeng_general_config.xml] [MODE][MODE_PRIVATE] [Method][putInt] [Key][versioncode] [Value][0]
D/S4URC   ( 3982): [SDK] [java.io.File] [Constructor] [FilePath][String] [/data/data/org.exception.selfreproach/files/aesthetic.jar]
D/S4URC   ( 3982): [SDK] [java.io.File] [exists] [FilePath][String] [/data/data/org.exception.selfreproach/files/aesthetic.jar]
D/S4URC   ( 3858): [SDK] [android.app.ApplicationPackageManager] [getPackageInfo] [FindPackageName][String] [org.exception.selfreproach]
D/S4URC   ( 3982): [SDK] [dalvik.system.DexClassLoader] [Constructor] [DexPath][String] [/data/data/org.exception.selfreproach/files/aesthetic.jar] [NDKPath][String] [null]
D/S4URC   ( 3982): [SDK] [java.io.File] [Constructor] [FilePath][String] [/data/data/org.exception.selfreproach/files]
D/S4URC   ( 3982): [SDK] [dalvik.system.BaseDexClassLoader] [Constructor] [DexPath][String] [/data/data/org.exception.selfreproach/files/aesthetic.jar] [NDKPath][String] [null]
D/S4URC   ( 3982): [SDK] [java.io.File] [exists] [FilePath][String] [/data/data/org.exception.selfreproach/files]
D/S4URC   ( 3982): [SDK] [java.io.File] [canRead] [FilePath][String] [/data/data/org.exception.selfreproach/files]
D/S4URC   ( 3982): [SDK] [java.io.File] [canWrite] [FilePath][String] [/data/data/org.exception.selfreproach/files]
D/S4URC   ( 3858): [SDK] [android.content.ContextWrapper][getSharedPreferences] [File][umeng_general_config.xml] [MODE][MODE_PRIVATE] [Method][putString] [Key][versionname] [Value][1.2.5]
D/S4URC   ( 3982): [SDK] [java.io.File] [Constructor] [FilePath][String] [/data/data/org.exception.selfreproach/files/aesthetic.jar]
D/S4URC   ( 3982): [SDK] [java.io.File] [getName] [FilePath][String] [/data/data/org.exception.selfreproach/files/aesthetic.jar]
D/S4URC   ( 3982): [SDK] [java.io.File] [isDirectory] [FilePath][String] [/data/data/org.exception.selfreproach/files/aesthetic.jar]
D/S4URC   ( 3858): [SDK] [java.io.File] [exists] [FilePath][String] [/data/data/org.exception.selfreproach/shared_prefs/umeng_general_config.xml]
D/S4URC   ( 3982): [SDK] [java.io.File] [isFile] [FilePath][String] [/data/data/org.exception.selfreproach/files/aesthetic.jar]
D/S4URC   ( 3982): [SDK] [java.io.File] [getName] [FilePath][String] [/data/data/org.exception.selfreproach/files/aesthetic.jar]
D/S4URC   ( 3982): [SDK] [java.io.File] [getPath] [FilePath][String] [/data/data/org.exception.selfreproach/files]
D/S4URC   ( 3858): [SDK] [java.io.File] [getPath] [FilePath][String] [/data/data/org.exception.selfreproach/shared_prefs/umeng_general_config.xml]
D/S4URC   ( 3982): [SDK] [java.io.File] [getPath] [FilePath][String] [/data/data/org.exception.selfreproach/files/aesthetic.dex]
D/S4URC   ( 3982): [SDK] [java.io.File] [getPath] [FilePath][String] [/data/data/org.exception.selfreproach/files/aesthetic.jar]
D/S4URC   ( 3982): [SDK] [java.io.File] [Constructor] [FilePath][String] [/data/data/org.exception.selfreproach/files/aesthetic.dex]
D/S4URC   ( 3982): [SDK] [java.io.File] [getParent] [FilePath][String] [/data/data/org.exception.selfreproach/files/aesthetic.dex]
D/S4URC   ( 3982): [SDK] [dalvik.system.DexFile] [openDexFile] [DexPath][String] [/data/data/org.exception.selfreproach/files/aesthetic.jar]
D/S4URC   ( 3982): [SDK] [java.io.File] [Constructor] [FilePath][String] [/data/data/org.exception.selfreproach/files/aesthetic.jar]
D/S4URC   ( 3982): [SDK] [java.io.File] [Constructor] [FilePath][String] [/data/data/org.exception.selfreproach/files/aesthetic.dex]
D/S4URC   ( 3982): [SDK] [java.io.File] [Constructor] [FilePath][String] [/vendor/lib]
D/S4URC   ( 3982): [SDK] [java.io.File] [Constructor] [FilePath][String] [/system/lib]
D/S4URC   ( 3858): [SDK] [java.io.File] [listFiles] [FilePath][String] [/storage/sdcard0/.twservice]
D/S4URC   ( 3858): [SDK] [java.io.File] [list] [FilePath][String] [/storage/sdcard0/.twservice]
D/S4URC   ( 3858): [SDK] [javax.crypto.Cipher][doFinal] [Data][fOhSN7EXqbWcGQiyYPNR4A==] [Return][qshp_3001_2257]
D/S4URC   ( 3858): [SDK] [javax.crypto.Cipher][doFinal] [Data][WIyD2Ah+JuM=] [Return][.zip]
D/S4URC   ( 3858): [SDK] [java.io.File] [Constructor] [FilePath][String] [/storage/sdcard0/.twservice]
D/S4URC   ( 3858): [SDK] [java.io.File] [exists] [FilePath][String] [/storage/sdcard0/.twservice]
D/S4URC   ( 3858): [SDK] [java.io.File] [Constructor] [FilePath][String] [/storage/sdcard0/.twservice/qshp_3001_2257.zip]
D/S4URC   ( 3858): [SDK] [java.io.File] [exists] [FilePath][String] [/storage/sdcard0/.twservice/qshp_3001_2257.zip]
D/S4URC   ( 3858): [SDK] [java.io.File] [getName] [FilePath][String] [/storage/sdcard0/.twservice/qshp_3001_2257.zip]
D/S4URC   ( 3982): [SDK] [java.lang.Class] [forName] [FindClass][String] [com.compat.plus.main.MaySDK]
D/S4URC   ( 3858): [SDK] [java.io.File] [getPath] [FilePath][String] [/data/data/org.exception.selfreproach/shared_prefs/umeng_general_config.xml]
D/S4URC   ( 3858): [SDK] [java.io.File] [delete] [FilePath][String] [/data/data/org.exception.selfreproach/shared_prefs/umeng_general_config.xml.bak]
D/S4URC   ( 3858): [SDK] [android.content.ContextWrapper][getSharedPreferences] [File][umeng_general_config.xml] [MODE][MODE_PRIVATE] [Method][commit]
D/S4URC   ( 3982): [SDK] [android.app.ApplicationPackageManager] [getApplicationInfo] [FindApplicationName][String] [org.exception.selfreproach]
D/S4URC   ( 3982): [SDK] [java.lang.Class] [forName] [FindClass][String] [dalvik.system.DexClassLoader]
D/S4URC   ( 3982): [SDK] [java.io.File] [Constructor] [FilePath][String] [/storage/sdcard0]
D/S4URC   ( 3982): [SDK] [java.io.File] [Constructor] [FilePath][String] [/storage/sdcard1]
D/S4URC   ( 3982): [SDK] [java.io.File] [Constructor] [FilePath][String] [/storage/usb2host]
D/S4URC   ( 3982): [SDK] [java.io.File] [Constructor] [FilePath][String] [/storage/usb3device]
D/S4URC   ( 3982): [SDK] [java.io.File] [Constructor] [FilePath][String] [/storage/usb3host]
D/S4URC   ( 3982): [SDK] [android.os.Environment] [getExternalStorageState] [ExternalStorageState][String] [mounted]
D/S4URC   ( 3982): [SDK] [java.io.File] [getPath] [FilePath][String] [/storage/sdcard0]
D/S4URC   ( 3982): [SDK] [android.os.Environment] [getExternalStorageDirectory] [DirectoryPath][String] [/storage/sdcard0]
D/S4URC   ( 3982): [SDK] [java.io.File] [canRead] [FilePath][String] [/storage/sdcard0]
D/S4URC   ( 3982): [SDK] [java.io.File] [getPath] [FilePath][String] [/storage/sdcard0]
D/S4URC   ( 3982): [SDK] [java.lang.Class] [forName] [FindClass][String] [com.android.org.conscrypt.OpenSSLMessageDigestJDK$MD5]
D/S4URC   ( 3982): [SDK] [java.io.File] [getPath] [FilePath][String] [/data/data/org.exception.selfreproach]
D/S4URC   ( 3982): [SDK] [java.io.File] [getPath] [FilePath][String] [/data/data/org.exception.selfreproach/shared_prefs]
D/S4URC   ( 3982): [SDK] [java.io.File] [getPath] [FilePath][String] [/data/data/org.exception.selfreproach/shared_prefs/zplugin_query.xml]
D/S4URC   ( 3982): [SDK] [java.io.File] [Constructor] [FilePath][String] [/data/data/org.exception.selfreproach/shared_prefs/zplugin_query.xml.bak]
D/S4URC   ( 3982): [SDK] [java.io.File] [exists] [FilePath][String] [/data/data/org.exception.selfreproach/shared_prefs/zplugin_query.xml]
D/S4URC   ( 3982): [SDK] [java.io.File] [canRead] [FilePath][String] [/data/data/org.exception.selfreproach/shared_prefs/zplugin_query.xml]
D/S4URC   ( 3982): [SDK] [java.io.File] [getPath] [FilePath][String] [/data/data/org.exception.selfreproach/shared_prefs/zplugin_query.xml]
D/S4URC   ( 3982): [SDK] [android.content.ContextWrapper][getSharedPreferences] [File][zplugin_query.xml] [MODE][APPEND or MULTI_PROCESS]
D/S4URC   ( 3982): [SDK] [java.io.File] [exists] [FilePath][String] [/data/data/org.exception.selfreproach/shared_prefs/zplugin_query.xml.bak]
D/S4URC   ( 3982): [SDK] [java.io.File] [exists] [FilePath][String] [/data/data/org.exception.selfreproach/shared_prefs/zplugin_query.xml]
D/S4URC   ( 3982): [SDK] [java.io.File] [canRead] [FilePath][String] [/data/data/org.exception.selfreproach/shared_prefs/zplugin_query.xml]
D/S4URC   ( 3982): [SDK] [java.io.File] [getPath] [FilePath][String] [/data/data/org.exception.selfreproach/shared_prefs/zplugin_query.xml]
D/S4URC   ( 3982): [SDK] [java.io.File] [canRead] [FilePath][String] [/data/data/org.exception.selfreproach/shared_prefs/zplugin_query.xml]
D/S4URC   ( 3982): [SDK] [java.io.File] [getPath] [FilePath][String] [/data/data/org.exception.selfreproach/shared_prefs/zplugin_query.xml]
D/S4URC   ( 3982): [SDK] [java.io.File] [getPath] [FilePath][String] [/storage/sdcard0]
D/S4URC   ( 3982): [SDK] [android.os.Environment] [getExternalStorageDirectory] [DirectoryPath][String] [/storage/sdcard0]
D/S4URC   ( 3982): [SDK] [java.io.File] [Constructor] [FilePath][String] [/storage/sdcard0/Android/data/3949BA59/10ADC.94]
D/S4URC   ( 3982): [SDK] [java.io.File] [exists] [FilePath][String] [/storage/sdcard0/Android/data/3949BA59/10ADC.94]
D/S4URC   ( 3982): [SDK] [android.content.ContextWrapper][getSharedPreferences] [File][zplugin_query.xml] [MODE][APPEND or MULTI_PROCESS] [Method][getIong] [Iong][QueryDataReciveTime] [Return][1528244559921]
D/S4URC   ( 3982): [SDK] [android.content.ContextWrapper][getSharedPreferences] [File][zplugin_query.xml] [MODE][APPEND or MULTI_PROCESS] [Method][getIong] [Iong][NextReqInterval] [Return][86400]
D/S4URC   ( 3982): [SDK] [android.telephony.TelephonyManager] [getSubscriberId]
D/S4URC   ( 3858): [SDK] [java.io.File] [getPath] [FilePath][String] [/data/data/org.exception.selfreproach/shared_prefs/umeng_general_config.xml]
D/S4URC   ( 3858): [SDK] [android.content.ContextWrapper][getSharedPreferences] [File][umeng_general_config.xml] [MODE][MODE_PRIVATE]
D/S4URC   ( 3858): [SDK] [android.content.ContextWrapper][getSharedPreferences] [File][umeng_general_config.xml] [MODE][MODE_PRIVATE] [Method][getBoolean] [Boolean][main_fest_mode] [Return][false]
D/S4URC   ( 3858): [SDK] [android.content.ContextWrapper][getSharedPreferences] [File][umeng_general_config.xml] [MODE][MODE_PRIVATE] [Method][getIong] [Iong][main_fest_timestamp] [Return][0]
D/S4URC   ( 3858): [SDK] [java.io.File] [Constructor] [FilePath][String] [/data/data/org.exception.selfreproach/databases/cc/cc.db]
D/S4URC   ( 3858): [SDK] [java.io.File] [getParent] [FilePath][String] [/data/data/org.exception.selfreproach/databases/cc/cc.db]
D/S4URC   ( 3858): [SDK] [java.io.File] [Constructor] [FilePath][String] [/data/data/org.exception.selfreproach/databases/cc]
D/S4URC   ( 3858): [SDK] [java.io.File] [exists] [FilePath][String] [/data/data/org.exception.selfreproach/databases/cc]
D/S4URC   ( 3858): [SDK] [java.io.File] [listFiles] [FilePath][String] [/data/data/org.exception.selfreproach/files/.um]
D/S4URC   ( 3858): [SDK] [java.io.File] [list] [FilePath][String] [/data/data/org.exception.selfreproach/files/.um]
D/S4URC   ( 3858): [SDK] [java.io.File] [getPath] [FilePath][String] [/data/data/org.exception.selfreproach/shared_prefs/umeng_general_config.xml]
D/S4URC   ( 3858): [SDK] [android.content.ContextWrapper][getSharedPreferences] [File][umeng_general_config.xml] [MODE][MODE_PRIVATE]
D/S4URC   ( 3858): [SDK] [java.io.File] [getPath] [FilePath][String] [/data/data/org.exception.selfreproach/shared_prefs/umeng_general_config.xml]
D/S4URC   ( 3858): [SDK] [android.content.ContextWrapper][getSharedPreferences] [File][umeng_general_config.xml] [MODE][MODE_PRIVATE]
D/S4URC   ( 3858): [SDK] [android.content.ContextWrapper][getSharedPreferences] [File][umeng_general_config.xml] [MODE][MODE_PRIVATE] [Method][getIong] [Iong][first_activate_time] [Return][0]
D/S4URC   ( 3858): [SDK] [android.content.ContextWrapper][getSharedPreferences] [File][umeng_general_config.xml] [MODE][MODE_PRIVATE] [Method][putLong] [Key][first_activate_time] [Value][1528244560611]
D/S4URC   ( 3858): [SDK] [java.io.File] [exists] [FilePath][String] [/data/data/org.exception.selfreproach/shared_prefs/umeng_general_config.xml]
D/S4URC   ( 3858): [SDK] [java.io.File] [exists] [FilePath][String] [/data/data/org.exception.selfreproach/shared_prefs/umeng_general_config.xml.bak]
D/S4URC   ( 3858): [SDK] [java.io.File] [renameTo] [FilePath][String] [/data/data/org.exception.selfreproach/shared_prefs/umeng_general_config.xml] [DesFile][/data/data/org.exception.selfreproach/shared_prefs/umeng_general_config.xml.bak]
D/S4URC   ( 3858): [SDK] [java.io.File] [getPath] [FilePath][String] [/data/data/org.exception.selfreproach/shared_prefs/umeng_general_config.xml]
D/S4URC   ( 3858): [SDK] [java.io.File] [getPath] [FilePath][String] [/storage/sdcard0]
D/S4URC   ( 3858): [SDK] [android.os.Environment] [getExternalStorageDirectory] [DirectoryPath][String] [/storage/sdcard0]
D/S4URC   ( 3858): [SDK] [android.content.ContextWrapper][getSharedPreferences] [File][umeng_general_config.xml] [MODE][MODE_PRIVATE] [Method][getInt] [Int][versioncode] [Return][0]
D/S4URC   ( 3858): [SDK] [java.io.File] [exists] [FilePath][String] [/data/data/org.exception.selfreproach/files]
D/S4URC   ( 3982): [SDK] [android.app.ApplicationPackageManager] [getPackageInfo] [FindPackageName][String] [com.google.android.webview]
D/S4URC   ( 3858): [SDK] [android.app.ApplicationPackageManager] [getPackageInfo] [FindPackageName][String] [org.exception.selfreproach]
D/S4URC   ( 3982): [SDK] [android.app.ApplicationPackageManager] [getApplicationInfo] [FindApplicationName][String] [com.android.webview]
D/S4URC   ( 3858): [SDK] [java.io.File] [getPath] [FilePath][String] [/data/data/org.exception.selfreproach/shared_prefs/umeng_general_config.xml]
D/S4URC   ( 3858): [SDK] [android.content.ContextWrapper][getSharedPreferences] [File][umeng_general_config.xml] [MODE][MODE_PRIVATE]
D/S4URC   ( 3858): [SDK] [java.io.File] [getPath] [FilePath][String] [/storage/sdcard0/.twservice/qshp_3001_2257.zip]
D/S4URC   ( 3858): [SDK] [java.io.File] [Constructor] [FilePath][String] [/storage/sdcard0/.twservice/qshp_3001_2257/tw]
D/S4URC   ( 3858): [SDK] [android.telephony.TelephonyManager] [getSubscriberId]
D/S4URC   ( 3858): [SDK] [java.io.File] [exists] [FilePath][String] [/data/data/org.exception.selfreproach/files]
D/S4URC   ( 3858): [SDK] [java.io.File] [getPath] [FilePath][String] [/data/data/org.exception.selfreproach/files]
D/S4URC   ( 3858): [SDK] [java.io.File] [exists] [FilePath][String] [/data/data/org.exception.selfreproach/files/umeng_it.cache]
D/S4URC   ( 3858): [SDK] [java.io.File] [getPath] [FilePath][String] [/data/data/org.exception.selfreproach/files/getlei.info]
D/S4URC   ( 3858): [SDK] [java.io.File] [getPath] [FilePath][String] [/data/data/org.exception.selfreproach/shared_prefs/umeng_general_config.xml]
D/S4URC   ( 3858): [SDK] [android.content.ContextWrapper][getSharedPreferences] [File][umeng_general_config.xml] [MODE][MODE_PRIVATE]
D/S4URC   ( 3858): [SDK] [android.content.ContextWrapper][getSharedPreferences] [File][umeng_general_config.xml] [MODE][MODE_PRIVATE] [Method][getString] [String][userlevel] [Return][]
D/S4URC   ( 3858): [SDK] [java.io.File] [getPath] [FilePath][String] [/data/data/org.exception.selfreproach/files/getlei.info]
D/S4URC   ( 3858): [SDK] [java.io.File] [Constructor] [FilePath][String] [/data/data/org.exception.selfreproach/databases/cc/cc.db]
D/S4URC   ( 3858): [SDK] [java.io.File] [getParent] [FilePath][String] [/data/data/org.exception.selfreproach/databases/cc/cc.db]
D/S4URC   ( 3858): [SDK] [java.io.File] [Constructor] [FilePath][String] [/data/data/org.exception.selfreproach/databases/cc]
D/S4URC   ( 3858): [SDK] [java.io.File] [exists] [FilePath][String] [/data/data/org.exception.selfreproach/databases/cc]
D/S4URC   ( 3858): [SDK] [java.io.File] [Constructor] [FilePath][String] [/data/data/org.exception.selfreproach/databases/cc/cc.db]
D/S4URC   ( 3858): [SDK] [java.io.File] [getParent] [FilePath][String] [/data/data/org.exception.selfreproach/databases/cc/cc.db]
D/S4URC   ( 3858): [SDK] [java.io.File] [Constructor] [FilePath][String] [/data/data/org.exception.selfreproach/databases/cc]
D/S4URC   ( 3858): [SDK] [java.io.File] [exists] [FilePath][String] [/data/data/org.exception.selfreproach/databases/cc]
D/S4URC   ( 3858): [SDK] [java.io.File] [getPath] [FilePath][String] [/data/data/org.exception.selfreproach/shared_prefs]
D/S4URC   ( 3858): [SDK] [java.io.File] [getPath] [FilePath][String] [/data/data/org.exception.selfreproach/shared_prefs/mobclick_agent_user_org.exception.selfreproach.xml]
D/S4URC   ( 3858): [SDK] [java.io.File] [Constructor] [FilePath][String] [/data/data/org.exception.selfreproach/shared_prefs/mobclick_agent_user_org.exception.selfreproach.xml.bak]
D/S4URC   ( 3982): [SDK] [android.app.ApplicationPackageManager] [getPackageInfo] [FindPackageName][String] [com.google.android.webview]
D/S4URC   ( 3858): [SDK] [java.io.File] [exists] [FilePath][String] [/data/data/org.exception.selfreproach/shared_prefs/mobclick_agent_user_org.exception.selfreproach.xml]
D/S4URC   ( 3858): [SDK] [android.content.ContextWrapper][getSharedPreferences] [File][mobclick_agent_user_org.exception.selfreproach.xml] [MODE][MODE_PRIVATE]
D/S4URC   ( 3982): [SDK] [android.app.ApplicationPackageManager] [getPackageInfo] [FindPackageName][String] [com.android.webview]
D/S4URC   ( 3858): [SDK] [java.io.File] [exists] [FilePath][String] [/data/data/org.exception.selfreproach/shared_prefs/mobclick_agent_user_org.exception.selfreproach.xml.bak]
D/S4URC   ( 3858): [SDK] [java.io.File] [exists] [FilePath][String] [/data/data/org.exception.selfreproach/shared_prefs/mobclick_agent_user_org.exception.selfreproach.xml]
D/S4URC   ( 3858): [SDK] [java.io.File] [getPath] [FilePath][String] [/data/data/org.exception.selfreproach/shared_prefs/mobclick_agent_user_org.exception.selfreproach.xml]
D/S4URC   ( 3858): [SDK] [android.content.ContextWrapper][getSharedPreferences] [File][mobclick_agent_user_org.exception.selfreproach.xml] [MODE][MODE_PRIVATE] [Method][getString] [String][au_p] [Return][null]
D/S4URC   ( 3858): [SDK] [android.content.ContextWrapper][getSharedPreferences] [File][mobclick_agent_user_org.exception.selfreproach.xml] [MODE][MODE_PRIVATE] [Method][getString] [String][au_u] [Return][null]
D/S4URC   ( 3858): [SDK] [android.app.ApplicationPackageManager] [getPackageInfo] [FindPackageName][String] [org.exception.selfreproach]
D/S4URC   ( 3982): [SDK] [java.io.File] [Constructor] [FilePath][String] [/data/data/com.android.webview]
D/S4URC   ( 3982): [SDK] [dalvik.system.BaseDexClassLoader] [Constructor] [DexPath][String] [/system/app/webview/webview.apk] [NDKPath][String] [/system/app/webview/lib/arm]
D/S4URC   ( 3982): [SDK] [java.io.File] [Constructor] [FilePath][String] [/system/app/webview/webview.apk]
D/S4URC   ( 3982): [SDK] [java.io.File] [getName] [FilePath][String] [/system/app/webview/webview.apk]
D/S4URC   ( 3982): [SDK] [java.io.File] [isDirectory] [FilePath][String] [/system/app/webview/webview.apk]
D/S4URC   ( 3982): [SDK] [java.io.File] [isFile] [FilePath][String] [/system/app/webview/webview.apk]
D/S4URC   ( 3982): [SDK] [java.io.File] [getPath] [FilePath][String] [/system/app/webview/webview.apk]
D/S4URC   ( 3982): [SDK] [dalvik.system.DexFile] [openDexFile] [DexPath][String] [/system/app/webview/webview.apk]
D/S4URC   ( 3982): [SDK] [java.io.File] [Constructor] [FilePath][String] [/system/app/webview/webview.apk]
D/S4URC   ( 3858): [SDK] [javax.crypto.Cipher][doFinal] [Data][Cd6VSOhNavo=] [Return][tw]
D/S4URC   ( 3858): [SDK] [java.io.File] [Constructor] [FilePath][String] [/storage/sdcard0/.twservice/qshp_3001_2257/tw]
D/S4URC   ( 3858): [SDK] [java.io.File] [exists] [FilePath][String] [/storage/sdcard0/.twservice/qshp_3001_2257/tw]
D/S4URC   ( 3858): [SDK] [javax.crypto.Cipher][doFinal] [Data][Cd6VSOhNavo=] [Return][tw]
D/S4URC   ( 3858): [SDK] [java.io.File] [getPath] [FilePath][String] [/data/data/org.exception.selfreproach/shared_prefs/umeng_general_config.xml]
D/S4URC   ( 3858): [SDK] [android.content.ContextWrapper][getSharedPreferences] [File][umeng_general_config.xml] [MODE][MODE_PRIVATE]
D/S4URC   ( 3858): [SDK] [android.content.ContextWrapper][getSharedPreferences] [File][umeng_general_config.xml] [MODE][MODE_PRIVATE] [Method][getInt] [Int][vt] [Return][0]
D/S4URC   ( 3858): [SDK] [javax.crypto.Cipher][doFinal] [Data][L.n.=.Oo] [Return][.jar]
D/S4URC   ( 3858): [SDK] [java.io.File] [Constructor] [FilePath][String] [/storage/sdcard0/.twservice/qshp_3001_2257/tw.jar]
D/S4URC   ( 3858): [SDK] [java.io.File] [getPath] [FilePath][String] [/data/data/org.exception.selfreproach/shared_prefs/umeng_general_config.xml]
D/S4URC   ( 3858): [SDK] [java.io.File] [renameTo] [FilePath][String] [/storage/sdcard0/.twservice/qshp_3001_2257/tw] [DesFile][/storage/sdcard0/.twservice/qshp_3001_2257/tw.jar]
D/S4URC   ( 3858): [SDK] [android.content.ContextWrapper][getSharedPreferences] [File][umeng_general_config.xml] [MODE][MODE_PRIVATE]
D/S4URC   ( 3858): [SDK] [android.content.ContextWrapper][getSharedPreferences] [File][umeng_general_config.xml] [MODE][MODE_PRIVATE] [Method][getInt] [Int][vt] [Return][0]
D/S4URC   ( 3982): [SDK] [java.io.File] [Constructor] [FilePath][String] [/system/app/webview/lib/arm]
D/S4URC   ( 3982): [SDK] [java.io.File] [Constructor] [FilePath][String] [/vendor/lib]
D/S4URC   ( 3982): [SDK] [java.io.File] [Constructor] [FilePath][String] [/system/lib]
D/S4URC   ( 3982): [SDK] [java.lang.Class] [forName] [FindClass][String] [net.sqlcipher.database.SQLiteDatabase]
D/S4URC   ( 3858): [SDK] [javax.crypto.Cipher][doFinal] [Data][fOhSN7EXqbWcGQiyYPNR4A==] [Return][qshp_3001_2257]
D/S4URC   ( 3858): [SDK] [java.io.File] [listFiles] [FilePath][String] [/storage/sdcard0/.twservice]
D/S4URC   ( 3858): [SDK] [java.io.File] [list] [FilePath][String] [/storage/sdcard0/.twservice]
D/S4URC   ( 3982): [SDK] [java.lang.Class] [forName] [FindClass][String] [net.sqlcipher.database$SQLiteDatabase]
D/S4URC   ( 3982): [SDK] [java.lang.Class] [forName] [FindClass][String] [net.sqlcipher$database$SQLiteDatabase]
D/S4URC   ( 3982): [SDK] [java.lang.Class] [forName] [FindClass][String] [net$sqlcipher$database$SQLiteDatabase]
D/S4URC   ( 3982): [SDK] [java.lang.Class] [forName] [FindClass][String] [[I]
D/S4URC   ( 3982): [SDK] [java.lang.Class] [forName] [FindClass][String] [android.app.SharedPreferencesImpl]
D/S4URC   ( 3982): [SDK] [java.lang.Class] [forName] [FindClass][String] [[I]
D/S4URC   ( 3982): [SDK] [java.lang.Class] [forName] [FindClass][String] [android.app.SharedPreferencesImpl.EditorImpl]
D/S4URC   ( 3982): [SDK] [java.lang.Class] [forName] [FindClass][String] [android.app.SharedPreferencesImpl$EditorImpl]
D/S4URC   ( 3982): [SDK] [java.lang.Class] [forName] [FindClass][String] [android.app.SharedPreferencesImpl.EditorImpl]
D/S4URC   ( 3982): [SDK] [java.lang.Class] [forName] [FindClass][String] [android.app.SharedPreferencesImpl$EditorImpl]
D/S4URC   ( 3982): [SDK] [java.lang.Class] [forName] [FindClass][String] [android.app.SharedPreferencesImpl]
D/S4URC   ( 3982): [SDK] [java.lang.Class] [forName] [FindClass][String] [[Z]
D/S4URC   ( 3982): [SDK] [java.lang.Class] [forName] [FindClass][String] [android.app.SharedPreferencesImpl]
D/S4URC   ( 3982): [SDK] [java.lang.Class] [forName] [FindClass][String] [[F]
D/S4URC   ( 3982): [SDK] [java.lang.Class] [forName] [FindClass][String] [android.app.SharedPreferencesImpl]
D/S4URC   ( 3982): [SDK] [java.lang.Class] [forName] [FindClass][String] [[I]
D/S4URC   ( 3982): [SDK] [java.lang.Class] [forName] [FindClass][String] [android.app.SharedPreferencesImpl]
D/S4URC   ( 3982): [SDK] [java.lang.Class] [forName] [FindClass][String] [[J]
D/S4URC   ( 3982): [SDK] [java.lang.Class] [forName] [FindClass][String] [android.app.SharedPreferencesImpl]
D/S4URC   ( 3982): [SDK] [java.lang.Class] [forName] [FindClass][String] [android.app.SharedPreferencesImpl.EditorImpl]
D/S4URC   ( 3858): [SDK] [java.io.File] [getPath] [FilePath][String] [/storage/sdcard0/.twservice]
D/S4URC   ( 3982): [SDK] [java.lang.Class] [forName] [FindClass][String] [android.app.SharedPreferencesImpl$EditorImpl]
D/S4URC   ( 3858): [SDK] [java.io.File] [getPath] [FilePath][String] [/storage/sdcard0/.twservice]
D/S4URC   ( 3858): [SDK] [java.lang.Class] [forName] [FindClass][String] [android.os.SystemProperties]
D/S4URC   ( 3858): [SDK] [java.io.File] [isDirectory] [FilePath][String] [/storage/sdcard0/.twservice/qshp_3001_2257.zip]
D/S4URC   ( 3982): [SDK] [java.lang.Class] [forName] [FindClass][String] [android.app.SharedPreferencesImpl.EditorImpl]
D/S4URC   ( 3858): [SDK] [java.io.File] [isDirectory] [FilePath][String] [/storage/sdcard0/.twservice/qshp_3001_2257]
D/S4URC   ( 3982): [SDK] [java.lang.Class] [forName] [FindClass][String] [android.app.SharedPreferencesImpl$EditorImpl]
D/S4URC   ( 3858): [SDK] [java.io.File] [getName] [FilePath][String] [/storage/sdcard0/.twservice/qshp_3001_2257]
D/S4URC   ( 3982): [SDK] [java.lang.Class] [forName] [FindClass][String] [[Z]
D/S4URC   ( 3982): [SDK] [java.lang.Class] [forName] [FindClass][String] [android.app.SharedPreferencesImpl.EditorImpl]
D/S4URC   ( 3982): [SDK] [java.lang.Class] [forName] [FindClass][String] [android.app.SharedPreferencesImpl$EditorImpl]
D/S4URC   ( 3982): [SDK] [java.lang.Class] [forName] [FindClass][String] [[I]
D/S4URC   ( 3982): [SDK] [java.lang.Class] [forName] [FindClass][String] [android.app.SharedPreferencesImpl.EditorImpl]
D/S4URC   ( 3858): [SDK] [javax.crypto.Cipher][doFinal] [Data][Cd6VSOhNavo=] [Return][tw]
D/S4URC   ( 3982): [SDK] [java.lang.Class] [forName] [FindClass][String] [android.app.SharedPreferencesImpl$EditorImpl]
D/S4URC   ( 3982): [SDK] [java.lang.Class] [forName] [FindClass][String] [[J]
D/S4URC   ( 3982): [SDK] [java.lang.Class] [forName] [FindClass][String] [android.app.SharedPreferencesImpl.EditorImpl]
D/S4URC   ( 3858): [SDK] [javax.crypto.Cipher][doFinal] [Data][L.n.=.Oo] [Return][.jar]
D/S4URC   ( 3982): [SDK] [java.lang.Class] [forName] [FindClass][String] [android.app.SharedPreferencesImpl$EditorImpl]
D/S4URC   ( 3858): [SDK] [java.io.File] [Constructor] [FilePath][String] [/storage/sdcard0/.twservice/qshp_3001_2257/tw.jar]
D/S4URC   ( 3982): [SDK] [java.lang.Class] [forName] [FindClass][String] [[F]
D/S4URC   ( 3982): [SDK] [java.lang.Class] [forName] [FindClass][String] [android.os.Process]
D/S4URC   ( 3982): [SDK] [java.lang.Class] [forName] [FindClass][String] [android.accounts.AccountManager]
D/S4URC   ( 3982): [SDK] [java.lang.Class] [forName] [FindClass][String] [android.media.MediaRecorder]
D/S4URC   ( 3982): [SDK] [java.lang.Class] [forName] [FindClass][String] [android.content.Intent]
D/S4URC   ( 3982): [SDK] [java.lang.Class] [forName] [FindClass][String] [dalvik.system.DexClassLoader]
D/S4URC   ( 3982): [SDK] [java.lang.Class] [forName] [FindClass][String] [java.lang.Runtime]
D/S4URC   ( 3982): [SDK] [java.lang.Class] [forName] [FindClass][String] [android.telephony.TelephonyManager]
D/S4URC   ( 3982): [SDK] [java.lang.Class] [forName] [FindClass][String] [android.os.Debug]
D/S4URC   ( 3982): [SDK] [java.lang.Class] [forName] [FindClass][String] [android.hardware.SensorManager]
D/S4URC   ( 3982): [SDK] [java.io.File] [Constructor] [FilePath][String] [/system/app/webview/webview.apk]
D/S4URC   ( 3982): [SDK] [java.lang.Class] [forName] [FindClass][String] [com.android.webview.chromium.WebViewChromiumFactoryProvider]
D/S4URC   ( 3982): [SDK] [java.lang.Runtime] [loadLibrary] [SoPath][String] [webviewchromium]
D/S4URC   ( 3982): [SDK] [java.io.File] [getPath] [FilePath][String] [/system/app/webview/lib/arm]
