D/S4URC   ( 3385): [SDK] [java.io.File] [getPath] [FilePath][String] [/storage/sdcard0]
D/S4URC   ( 3385): [SDK] [java.io.File] [Constructor] [FilePath][String] [/storage/sdcard0/GMApp/SMSs.json]
D/S4URC   ( 3385): [SDK] [java.io.File] [exists] [FilePath][String] [/storage/sdcard0/GMApp/SMSs.json]
D/S4URC   ( 3385): [NDK] [SYSCALL] [access] [PATH][string] [/storage/sdcard0/GMApp/SMSs.json]
D/S4URC   ( 3385): [SDK] [java.io.File] [delete] [FilePath][String] [/storage/sdcard0/GMApp/SMSs.json]
D/S4URC   ( 3385): [NDK] [SYSCALL] [lstat] [PATH][string] [/storage/sdcard0/GMApp/SMSs.json]
D/S4URC   ( 3385): [NDK] [SYSCALL] [unlink] [PATH][string] [/storage/sdcard0/GMApp/SMSs.json]
D/S4URC   ( 3385): [SDK] [java.io.File] [getPath] [FilePath][String] [/storage/sdcard0]
D/S4URC   ( 3385): [SDK] [android.os.Environment] [getExternalStorageDirectory] [DirectoryPath][String] [/storage/sdcard0]
D/S4URC   ( 3385): [SDK] [java.io.File] [getPath] [FilePath][String] [/storage/sdcard0]
D/S4URC   ( 3385): [SDK] [java.io.File] [Constructor] [FilePath][String] [/storage/sdcard0/GMApp/SMSs.json]
D/S4URC   ( 3385): [SDK] [java.io.File] [getPath] [FilePath][String] [/storage/sdcard0/GMApp/SMSs.json]
D/S4URC   ( 3385): [NDK] [SYSCALL] [open] [PATH][string] [/storage/sdcard0/GMApp/SMSs.json] [RETURN][int] [80]
D/S4URC   ( 3385): [SDK] [java.io.File] [getPath] [FilePath][String] [/storage/sdcard0]
D/S4URC   ( 3385): [SDK] [android.os.Environment] [getExternalStorageDirectory] [DirectoryPath][String] [/storage/sdcard0]
D/S4URC   ( 3385): [SDK] [java.io.File] [getPath] [FilePath][String] [/storage/sdcard0]
D/S4URC   ( 3385): [SDK] [java.io.File] [Constructor] [FilePath][String] [/storage/sdcard0/GMApp/GMApp.log]
D/S4URC   ( 3385): [SDK] [java.io.File] [getPath] [FilePath][String] [/storage/sdcard0/GMApp/GMApp.log]
D/S4URC   ( 3385): [NDK] [SYSCALL] [open] [PATH][string] [/storage/sdcard0/GMApp/GMApp.log] [RETURN][int] [80]
D/S4URC   ( 3385): [SDK] [java.lang.Runtime] [exec] [Command][String] [ping-c1-w1008.8.8.8]
D/S4URC   ( 6364): [NDK] [SYSCALL] [getdents] [PATH][string] [.]
D/S4URC   ( 3385): [SDK] [java.io.File] [getPath] [FilePath][String] [/storage/sdcard0]
D/S4URC   ( 3385): [SDK] [android.os.Environment] [getExternalStorageDirectory] [DirectoryPath][String] [/storage/sdcard0]
D/S4URC   ( 3385): [SDK] [java.io.File] [getPath] [FilePath][String] [/storage/sdcard0]
D/S4URC   ( 3385): [SDK] [java.io.File] [Constructor] [FilePath][String] [/storage/sdcard0/GMApp/PostJsonAns.txt]
D/S4URC   ( 3385): [SDK] [java.io.File] [getPath] [FilePath][String] [/storage/sdcard0/GMApp/PostJsonAns.txt]
D/S4URC   ( 3385): [NDK] [SYSCALL] [open] [PATH][string] [/storage/sdcard0/GMApp/PostJsonAns.txt] [RETURN][int] [80]
D/S4URC   ( 3385): [SDK] [android.location.LocationManager] [isProviderEnabled] [String][gps] [Return][true]
D/S4URC   ( 3385): [SDK] [android.location.LocationManager] [isProviderEnabled] [String][network] [Return][false]
D/S4URC   ( 3385):  [Method][getString] [String][LastTime] [Return][2018-06-24 14:29:08]
D/S4URC   ( 3385):  [Method][getString] [String][Now_Time] [Return][2018-06-24 14:29:09]
D/S4URC   ( 3385): [SDK] [android.content.ContextWrapper][getSharedPreferences] [File][setting.xml] [MODE][MODE_PRIVATE] [Method][putString] [Key][LastTime] [Value][2018-06-24 14:29:09]
D/S4URC   ( 3385): [SDK] [android.content.ContextWrapper][getSharedPreferences] [File][setting.xml] [MODE][MODE_PRIVATE] [Method][putString] [Key][Now_Time] [Value][2018-06-24 14:29:22]
D/S4URC   ( 3385): [SDK] [java.io.File] [exists] [FilePath][String] [/data/data/com.gmapp/shared_prefs/setting.xml]
D/S4URC   ( 3385): [NDK] [SYSCALL] [access] [PATH][string] [/data/data/com.gmapp/shared_prefs/setting.xml]
D/S4URC   ( 3385): [SDK] [java.io.File] [exists] [FilePath][String] [/data/data/com.gmapp/shared_prefs/setting.xml.bak]
D/S4URC   ( 3385): [NDK] [SYSCALL] [access] [PATH][string] [/data/data/com.gmapp/shared_prefs/setting.xml.bak]
D/S4URC   ( 3385): [SDK] [java.io.File] [renameTo] [FilePath][String] [/data/data/com.gmapp/shared_prefs/setting.xml] [DesFile][/data/data/com.gmapp/shared_prefs/setting.xml.bak]
D/S4URC   ( 3385): [NDK] [SYSCALL] [rename] [ORIG_PATH][string] [/data/data/com.gmapp/shared_prefs/setting.xml] [NEW_PATH][string] [/data/data/com.gmapp/shared_prefs/setting.xml.bak]
D/S4URC   ( 3385): [SDK] [java.io.File] [getPath] [FilePath][String] [/data/data/com.gmapp/shared_prefs/setting.xml]
D/S4URC   ( 3385): [NDK] [SYSCALL] [open] [PATH][string] [/data/data/com.gmapp/shared_prefs/setting.xml] [RETURN][int] [115]
D/S4URC   ( 3385): [SDK] [java.io.File] [getPath] [FilePath][String] [/data/data/com.gmapp/shared_prefs/setting.xml]
D/S4URC   ( 3385): [NDK] [SYSCALL] [chmod] [PATH][string] [/data/data/com.gmapp/shared_prefs/setting.xml] [MODE][int] [0660]
D/S4URC   ( 3385): [SDK] [java.io.File] [getPath] [FilePath][String] [/data/data/com.gmapp/shared_prefs/setting.xml]
D/S4URC   ( 3385): [NDK] [SYSCALL] [stat] [PATH][string] [/data/data/com.gmapp/shared_prefs/setting.xml]
D/S4URC   ( 3385): [SDK] [java.io.File] [delete] [FilePath][String] [/data/data/com.gmapp/shared_prefs/setting.xml.bak]
D/S4URC   ( 3385): [NDK] [SYSCALL] [lstat] [PATH][string] [/data/data/com.gmapp/shared_prefs/setting.xml.bak]
D/S4URC   ( 3385): [NDK] [SYSCALL] [unlink] [PATH][string] [/data/data/com.gmapp/shared_prefs/setting.xml.bak]
D/S4URC   ( 3385): [SDK] [java.io.File] [getPath] [FilePath][String] [/storage/sdcard0]
D/S4URC   ( 3385): [SDK] [android.os.Environment] [getExternalStorageDirectory] [DirectoryPath][String] [/storage/sdcard0]
D/S4URC   ( 3385): [SDK] [java.io.File] [getPath] [FilePath][String] [/storage/sdcard0]
D/S4URC   ( 3385): [SDK] [java.io.File] [Constructor] [FilePath][String] [/storage/sdcard0/GMApp/GMApp.log]
D/S4URC   ( 3385): [SDK] [java.io.File] [getPath] [FilePath][String] [/storage/sdcard0/GMApp/GMApp.log]
D/S4URC   ( 3385): [NDK] [SYSCALL] [open] [PATH][string] [/storage/sdcard0/GMApp/GMApp.log] [RETURN][int] [80]
D/S4URC   ( 3385): [SDK] [java.io.File] [getPath] [FilePath][String] [/storage/sdcard0]
D/S4URC   ( 3385): [SDK] [android.os.Environment] [getExternalStorageDirectory] [DirectoryPath][String] [/storage/sdcard0]
D/S4URC   ( 3385): [SDK] [java.io.File] [getPath] [FilePath][String] [/storage/sdcard0]
D/S4URC   ( 3385): [SDK] [java.io.File] [Constructor] [FilePath][String] [/storage/sdcard0/GMApp/GetOrder.log]
D/S4URC   ( 3385): [SDK] [java.io.File] [getPath] [FilePath][String] [/storage/sdcard0/GMApp/GetOrder.log]
D/S4URC   ( 3385): [NDK] [SYSCALL] [open] [PATH][string] [/storage/sdcard0/GMApp/GetOrder.log] [RETURN][int] [115]
D/S4URC   ( 3385): [SDK] [java.lang.Runtime] [exec] [Command][String] [ping-c1-w1008.8.8.8]
D/S4URC   ( 6383): [NDK] [SYSCALL] [getdents] [PATH][string] [.]
D/S4URC   ( 3385): [SDK] [java.io.File] [getPath] [FilePath][String] [/storage/sdcard0]
D/S4URC   ( 3385): [SDK] [android.os.Environment] [getExternalStorageDirectory] [DirectoryPath][String] [/storage/sdcard0]
D/S4URC   ( 3385): [SDK] [java.io.File] [getPath] [FilePath][String] [/storage/sdcard0]
D/S4URC   ( 3385): [SDK] [java.io.File] [Constructor] [FilePath][String] [/storage/sdcard0/GMApp/PostJsonAns.txt]
D/S4URC   ( 3385): [SDK] [java.io.File] [getPath] [FilePath][String] [/storage/sdcard0/GMApp/PostJsonAns.txt]
D/S4URC   ( 3385): [NDK] [SYSCALL] [open] [PATH][string] [/storage/sdcard0/GMApp/PostJsonAns.txt] [RETURN][int] [115]
D/S4URC   ( 3385): [SDK] [android.location.LocationManager] [isProviderEnabled] [String][gps] [Return][true]
D/S4URC   ( 3385): [SDK] [android.location.LocationManager] [isProviderEnabled] [String][network] [Return][false]
D/S4URC   ( 3385): [SDK] [java.io.File] [getPath] [FilePath][String] [/storage/sdcard0]
D/S4URC   ( 3385): [SDK] [android.os.Environment] [getExternalStorageDirectory] [DirectoryPath][String] [/storage/sdcard0]
D/S4URC   ( 3385): [SDK] [java.io.File] [getPath] [FilePath][String] [/storage/sdcard0]
D/S4URC   ( 3385): [SDK] [java.io.File] [Constructor] [FilePath][String] [/storage/sdcard0/GMApp/GetOrder.log]
D/S4URC   ( 3385): [SDK] [java.io.File] [getPath] [FilePath][String] [/storage/sdcard0/GMApp/GetOrder.log]
D/S4URC   ( 3385): [NDK] [SYSCALL] [open] [PATH][string] [/storage/sdcard0/GMApp/GetOrder.log] [RETURN][int] [80]
D/S4URC   ( 3385): [SDK] [android.content.ContentResolver] [query] [URL][String] [content://sms/inbox]
D/S4URC   ( 3385): [SDK] [java.io.File] [getPath] [FilePath][String] [/storage/sdcard0]
D/S4URC   ( 3385): [SDK] [android.os.Environment] [getExternalStorageDirectory] [DirectoryPath][String] [/storage/sdcard0]
D/S4URC   ( 3385): [SDK] [java.io.File] [getPath] [FilePath][String] [/storage/sdcard0]
D/S4URC   ( 3385): [SDK] [java.io.File] [Constructor] [FilePath][String] [/storage/sdcard0/GMApp/GMApp.log]
D/S4URC   ( 3385): [SDK] [java.io.File] [getPath] [FilePath][String] [/storage/sdcard0/GMApp/GMApp.log]
D/S4URC   ( 3385): [NDK] [SYSCALL] [open] [PATH][string] [/storage/sdcard0/GMApp/GMApp.log] [RETURN][int] [80]
D/S4URC   ( 3385): [SDK] [java.io.File] [getPath] [FilePath][String] [/storage/sdcard0]
D/S4URC   ( 3385): [SDK] [android.os.Environment] [getExternalStorageDirectory] [DirectoryPath][String] [/storage/sdcard0]
D/S4URC   ( 3385): [SDK] [java.io.File] [getPath] [FilePath][String] [/storage/sdcard0]
D/S4URC   ( 3385): [SDK] [java.io.File] [Constructor] [FilePath][String] [/storage/sdcard0/GMApp/GMApp.log]
D/S4URC   ( 3385): [SDK] [java.io.File] [getPath] [FilePath][String] [/storage/sdcard0/GMApp/GMApp.log]
D/S4URC   ( 3385): [NDK] [SYSCALL] [open] [PATH][string] [/storage/sdcard0/GMApp/GMApp.log] [RETURN][int] [80]
D/S4URC   ( 3385): [SDK] [java.io.File] [getPath] [FilePath][String] [/storage/sdcard0]
D/S4URC   ( 3385): [SDK] [android.os.Environment] [getExternalStorageDirectory] [DirectoryPath][String] [/storage/sdcard0]
D/S4URC   ( 3385): [SDK] [java.io.File] [getPath] [FilePath][String] [/storage/sdcard0]
D/S4URC   ( 3385): [SDK] [java.io.File] [Constructor] [FilePath][String] [/storage/sdcard0/GMApp/GMApp.log]
D/S4URC   ( 3385): [SDK] [java.io.File] [getPath] [FilePath][String] [/storage/sdcard0/GMApp/GMApp.log]
D/S4URC   ( 3385): [NDK] [SYSCALL] [open] [PATH][string] [/storage/sdcard0/GMApp/GMApp.log] [RETURN][int] [80]
D/S4URC   ( 3385): [SDK] [java.io.File] [getPath] [FilePath][String] [/storage/sdcard0]
D/S4URC   ( 3385): [SDK] [android.os.Environment] [getExternalStorageDirectory] [DirectoryPath][String] [/storage/sdcard0]
D/S4URC   ( 3385): [SDK] [java.io.File] [getPath] [FilePath][String] [/storage/sdcard0]
D/S4URC   ( 3385): [SDK] [java.io.File] [Constructor] [FilePath][String] [/storage/sdcard0/GMApp/GMApp.log]
D/S4URC   ( 3385): [SDK] [java.io.File] [getPath] [FilePath][String] [/storage/sdcard0/GMApp/GMApp.log]
D/S4URC   ( 3385): [NDK] [SYSCALL] [open] [PATH][string] [/storage/sdcard0/GMApp/GMApp.log] [RETURN][int] [115]
D/S4URC   ( 3385): [SDK] [java.io.File] [getPath] [FilePath][String] [/storage/sdcard0]
D/S4URC   ( 3385): [SDK] [android.os.Environment] [getExternalStorageDirectory] [DirectoryPath][String] [/storage/sdcard0]
D/S4URC   ( 3385): [SDK] [java.io.File] [getPath] [FilePath][String] [/storage/sdcard0]
D/S4URC   ( 3385): [SDK] [java.io.File] [Constructor] [FilePath][String] [/storage/sdcard0/GMApp/SMSs.json]
D/S4URC   ( 3385): [SDK] [java.io.File] [exists] [FilePath][String] [/storage/sdcard0/GMApp/SMSs.json]
D/S4URC   ( 3385): [NDK] [SYSCALL] [access] [PATH][string] [/storage/sdcard0/GMApp/SMSs.json]
D/S4URC   ( 3385): [SDK] [java.io.File] [delete] [FilePath][String] [/storage/sdcard0/GMApp/SMSs.json]
D/S4URC   ( 3385): [NDK] [SYSCALL] [lstat] [PATH][string] [/storage/sdcard0/GMApp/SMSs.json]
D/S4URC   ( 3385): [NDK] [SYSCALL] [unlink] [PATH][string] [/storage/sdcard0/GMApp/SMSs.json]
D/S4URC   ( 3385): [SDK] [java.io.File] [getPath] [FilePath][String] [/storage/sdcard0]
D/S4URC   ( 3385): [SDK] [android.os.Environment] [getExternalStorageDirectory] [DirectoryPath][String] [/storage/sdcard0]
D/S4URC   ( 3385): [SDK] [java.io.File] [getPath] [FilePath][String] [/storage/sdcard0]
D/S4URC   ( 3385): [SDK] [java.io.File] [Constructor] [FilePath][String] [/storage/sdcard0/GMApp/SMSs.json]
D/S4URC   ( 3385): [SDK] [java.io.File] [getPath] [FilePath][String] [/storage/sdcard0/GMApp/SMSs.json]
D/S4URC   ( 3385): [NDK] [SYSCALL] [open] [PATH][string] [/storage/sdcard0/GMApp/SMSs.json] [RETURN][int] [114]
D/S4URC   ( 3385): [SDK] [java.io.File] [getPath] [FilePath][String] [/storage/sdcard0]
D/S4URC   ( 3385): [SDK] [android.os.Environment] [getExternalStorageDirectory] [DirectoryPath][String] [/storage/sdcard0]
D/S4URC   ( 3385): [SDK] [java.io.File] [getPath] [FilePath][String] [/storage/sdcard0]
D/S4URC   ( 3385): [SDK] [java.io.File] [Constructor] [FilePath][String] [/storage/sdcard0/GMApp/GMApp.log]
D/S4URC   ( 3385): [SDK] [java.io.File] [getPath] [FilePath][String] [/storage/sdcard0/GMApp/GMApp.log]
D/S4URC   ( 3385): [NDK] [SYSCALL] [open] [PATH][string] [/storage/sdcard0/GMApp/GMApp.log] [RETURN][int] [93]
D/S4URC   ( 3385): [SDK] [java.io.File] [getPath] [FilePath][String] [/storage/sdcard0]
D/S4URC   ( 3385): [SDK] [android.os.Environment] [getExternalStorageDirectory] [DirectoryPath][String] [/storage/sdcard0]
D/S4URC   ( 3385): [SDK] [java.io.File] [getPath] [FilePath][String] [/storage/sdcard0]
D/S4URC   ( 3385): [SDK] [java.io.File] [Constructor] [FilePath][String] [/storage/sdcard0/GMApp/PostJsonAns.txt]
D/S4URC   ( 3385): [SDK] [java.io.File] [getPath] [FilePath][String] [/storage/sdcard0/GMApp/PostJsonAns.txt]
D/S4URC   ( 3385): [NDK] [SYSCALL] [open] [PATH][string] [/storage/sdcard0/GMApp/PostJsonAns.txt] [RETURN][int] [93]
D/S4URC   ( 3385): [SDK] [java.lang.Runtime] [exec] [Command][String] [ping-c1-w1008.8.8.8]
D/S4URC   ( 6393): [NDK] [SYSCALL] [getdents] [PATH][string] [.]
D/S4URC   ( 3385):  [Method][getString] [String][LastTime] [Return][2018-06-24 14:29:09]
D/S4URC   ( 3385):  [Method][getString] [String][Now_Time] [Return][2018-06-24 14:29:22]
D/S4URC   ( 3385): [SDK] [android.content.ContextWrapper][getSharedPreferences] [File][setting.xml] [MODE][MODE_PRIVATE] [Method][putString] [Key][LastTime] [Value][2018-06-24 14:29:22]
D/S4URC   ( 3385): [SDK] [android.content.ContextWrapper][getSharedPreferences] [File][setting.xml] [MODE][MODE_PRIVATE] [Method][putString] [Key][Now_Time] [Value][2018-06-24 14:29:23]
D/S4URC   ( 3385): [SDK] [java.io.File] [exists] [FilePath][String] [/data/data/com.gmapp/shared_prefs/setting.xml]
D/S4URC   ( 3385): [NDK] [SYSCALL] [access] [PATH][string] [/data/data/com.gmapp/shared_prefs/setting.xml]
D/S4URC   ( 3385): [SDK] [java.io.File] [exists] [FilePath][String] [/data/data/com.gmapp/shared_prefs/setting.xml.bak]
D/S4URC   ( 3385): [NDK] [SYSCALL] [access] [PATH][string] [/data/data/com.gmapp/shared_prefs/setting.xml.bak]
D/S4URC   ( 3385): [SDK] [java.io.File] [renameTo] [FilePath][String] [/data/data/com.gmapp/shared_prefs/setting.xml] [DesFile][/data/data/com.gmapp/shared_prefs/setting.xml.bak]
D/S4URC   ( 3385): [NDK] [SYSCALL] [rename] [ORIG_PATH][string] [/data/data/com.gmapp/shared_prefs/setting.xml] [NEW_PATH][string] [/data/data/com.gmapp/shared_prefs/setting.xml.bak]
D/S4URC   ( 3385): [SDK] [java.io.File] [getPath] [FilePath][String] [/data/data/com.gmapp/shared_prefs/setting.xml]
D/S4URC   ( 3385): [NDK] [SYSCALL] [open] [PATH][string] [/data/data/com.gmapp/shared_prefs/setting.xml] [RETURN][int] [80]
D/S4URC   ( 3385): [SDK] [java.io.File] [getPath] [FilePath][String] [/data/data/com.gmapp/shared_prefs/setting.xml]
D/S4URC   ( 3385): [NDK] [SYSCALL] [chmod] [PATH][string] [/data/data/com.gmapp/shared_prefs/setting.xml] [MODE][int] [0660]
D/S4URC   ( 3385): [SDK] [java.io.File] [getPath] [FilePath][String] [/data/data/com.gmapp/shared_prefs/setting.xml]
D/S4URC   ( 3385): [NDK] [SYSCALL] [stat] [PATH][string] [/data/data/com.gmapp/shared_prefs/setting.xml]
D/S4URC   ( 3385): [SDK] [java.io.File] [delete] [FilePath][String] [/data/data/com.gmapp/shared_prefs/setting.xml.bak]
D/S4URC   ( 3385): [NDK] [SYSCALL] [lstat] [PATH][string] [/data/data/com.gmapp/shared_prefs/setting.xml.bak]
D/S4URC   ( 3385): [NDK] [SYSCALL] [unlink] [PATH][string] [/data/data/com.gmapp/shared_prefs/setting.xml.bak]
D/S4URC   ( 3385): [SDK] [java.io.File] [getPath] [FilePath][String] [/storage/sdcard0]
D/S4URC   ( 3385): [SDK] [android.os.Environment] [getExternalStorageDirectory] [DirectoryPath][String] [/storage/sdcard0]
D/S4URC   ( 3385): [SDK] [java.io.File] [getPath] [FilePath][String] [/storage/sdcard0]
D/S4URC   ( 3385): [SDK] [java.io.File] [Constructor] [FilePath][String] [/storage/sdcard0/GMApp/GMApp.log]
D/S4URC   ( 3385): [SDK] [java.io.File] [getPath] [FilePath][String] [/storage/sdcard0/GMApp/GMApp.log]
D/S4URC   ( 3385): [NDK] [SYSCALL] [open] [PATH][string] [/storage/sdcard0/GMApp/GMApp.log] [RETURN][int] [80]
D/S4URC   ( 3385): [SDK] [java.io.File] [getPath] [FilePath][String] [/storage/sdcard0]
D/S4URC   ( 3385): [SDK] [android.os.Environment] [getExternalStorageDirectory] [DirectoryPath][String] [/storage/sdcard0]
D/S4URC   ( 3385): [SDK] [java.io.File] [getPath] [FilePath][String] [/storage/sdcard0]
D/S4URC   ( 3385): [SDK] [java.io.File] [Constructor] [FilePath][String] [/storage/sdcard0/GMApp/GetOrder.log]
D/S4URC   ( 3385): [SDK] [java.io.File] [getPath] [FilePath][String] [/storage/sdcard0/GMApp/GetOrder.log]
D/S4URC   ( 3385): [NDK] [SYSCALL] [open] [PATH][string] [/storage/sdcard0/GMApp/GetOrder.log] [RETURN][int] [93]
D/S4URC   ( 3385): [SDK] [java.io.File] [getPath] [FilePath][String] [/storage/sdcard0]
D/S4URC   ( 3385): [SDK] [android.os.Environment] [getExternalStorageDirectory] [DirectoryPath][String] [/storage/sdcard0]
D/S4URC   ( 3385): [SDK] [java.io.File] [getPath] [FilePath][String] [/storage/sdcard0]
D/S4URC   ( 3385): [SDK] [java.io.File] [Constructor] [FilePath][String] [/storage/sdcard0/GMApp/PostJsonAns.txt]
D/S4URC   ( 3385): [SDK] [java.io.File] [getPath] [FilePath][String] [/storage/sdcard0/GMApp/PostJsonAns.txt]
D/S4URC   ( 3385): [NDK] [SYSCALL] [open] [PATH][string] [/storage/sdcard0/GMApp/PostJsonAns.txt] [RETURN][int] [93]
D/S4URC   ( 3385): [SDK] [java.lang.Runtime] [exec] [Command][String] [ping-c1-w1008.8.8.8]
D/S4URC   ( 6395): [NDK] [SYSCALL] [getdents] [PATH][string] [.]
D/S4URC   ( 3385):  [Method][getString] [String][LastTime] [Return][2018-06-24 14:29:22]
D/S4URC   ( 3385):  [Method][getString] [String][Now_Time] [Return][2018-06-24 14:29:23]
D/S4URC   ( 3385): [SDK] [android.content.ContextWrapper][getSharedPreferences] [File][setting.xml] [MODE][MODE_PRIVATE] [Method][putString] [Key][LastTime] [Value][2018-06-24 14:29:23]
D/S4URC   ( 3385): [SDK] [android.content.ContextWrapper][getSharedPreferences] [File][setting.xml] [MODE][MODE_PRIVATE] [Method][putString] [Key][Now_Time] [Value][2018-06-24 14:29:24]
D/S4URC   ( 3385): [SDK] [java.io.File] [exists] [FilePath][String] [/data/data/com.gmapp/shared_prefs/setting.xml]
D/S4URC   ( 3385): [NDK] [SYSCALL] [access] [PATH][string] [/data/data/com.gmapp/shared_prefs/setting.xml]
D/S4URC   ( 3385): [SDK] [java.io.File] [exists] [FilePath][String] [/data/data/com.gmapp/shared_prefs/setting.xml.bak]
D/S4URC   ( 3385): [NDK] [SYSCALL] [access] [PATH][string] [/data/data/com.gmapp/shared_prefs/setting.xml.bak]
D/S4URC   ( 3385): [SDK] [java.io.File] [renameTo] [FilePath][String] [/data/data/com.gmapp/shared_prefs/setting.xml] [DesFile][/data/data/com.gmapp/shared_prefs/setting.xml.bak]
D/S4URC   ( 3385): [NDK] [SYSCALL] [rename] [ORIG_PATH][string] [/data/data/com.gmapp/shared_prefs/setting.xml] [NEW_PATH][string] [/data/data/com.gmapp/shared_prefs/setting.xml.bak]
D/S4URC   ( 3385): [SDK] [java.io.File] [getPath] [FilePath][String] [/data/data/com.gmapp/shared_prefs/setting.xml]
D/S4URC   ( 3385): [NDK] [SYSCALL] [open] [PATH][string] [/data/data/com.gmapp/shared_prefs/setting.xml] [RETURN][int] [80]
D/S4URC   ( 3385): [SDK] [java.io.File] [getPath] [FilePath][String] [/data/data/com.gmapp/shared_prefs/setting.xml]
D/S4URC   ( 3385): [NDK] [SYSCALL] [chmod] [PATH][string] [/data/data/com.gmapp/shared_prefs/setting.xml] [MODE][int] [0660]
D/S4URC   ( 3385): [SDK] [java.io.File] [getPath] [FilePath][String] [/data/data/com.gmapp/shared_prefs/setting.xml]
D/S4URC   ( 3385): [NDK] [SYSCALL] [stat] [PATH][string] [/data/data/com.gmapp/shared_prefs/setting.xml]
D/S4URC   ( 3385): [SDK] [java.io.File] [delete] [FilePath][String] [/data/data/com.gmapp/shared_prefs/setting.xml.bak]
D/S4URC   ( 3385): [NDK] [SYSCALL] [lstat] [PATH][string] [/data/data/com.gmapp/shared_prefs/setting.xml.bak]
D/S4URC   ( 3385): [NDK] [SYSCALL] [unlink] [PATH][string] [/data/data/com.gmapp/shared_prefs/setting.xml.bak]
D/S4URC   ( 3385): [SDK] [java.io.File] [getPath] [FilePath][String] [/storage/sdcard0]
D/S4URC   ( 3385): [SDK] [android.os.Environment] [getExternalStorageDirectory] [DirectoryPath][String] [/storage/sdcard0]
D/S4URC   ( 3385): [SDK] [java.io.File] [getPath] [FilePath][String] [/storage/sdcard0]
D/S4URC   ( 3385): [SDK] [java.io.File] [Constructor] [FilePath][String] [/storage/sdcard0/GMApp/GMApp.log]
D/S4URC   ( 3385): [SDK] [java.io.File] [getPath] [FilePath][String] [/storage/sdcard0/GMApp/GMApp.log]
D/S4URC   ( 3385): [NDK] [SYSCALL] [open] [PATH][string] [/storage/sdcard0/GMApp/GMApp.log] [RETURN][int] [80]
D/S4URC   ( 3385): [SDK] [java.io.File] [getPath] [FilePath][String] [/storage/sdcard0]
D/S4URC   ( 3385): [SDK] [android.os.Environment] [getExternalStorageDirectory] [DirectoryPath][String] [/storage/sdcard0]
D/S4URC   ( 3385): [SDK] [java.io.File] [getPath] [FilePath][String] [/storage/sdcard0]
D/S4URC   ( 3385): [SDK] [java.io.File] [Constructor] [FilePath][String] [/storage/sdcard0/GMApp/GetOrder.log]
D/S4URC   ( 3385): [SDK] [java.io.File] [getPath] [FilePath][String] [/storage/sdcard0/GMApp/GetOrder.log]
D/S4URC   ( 3385): [NDK] [SYSCALL] [open] [PATH][string] [/storage/sdcard0/GMApp/GetOrder.log] [RETURN][int] [80]
D/S4URC   ( 3385): [SDK] [android.content.ContentResolver] [query] [URL][String] [content://sms/inbox]
D/S4URC   ( 3385): [SDK] [java.io.File] [getPath] [FilePath][String] [/storage/sdcard0]
D/S4URC   ( 3385): [SDK] [android.os.Environment] [getExternalStorageDirectory] [DirectoryPath][String] [/storage/sdcard0]
D/S4URC   ( 3385): [SDK] [java.io.File] [getPath] [FilePath][String] [/storage/sdcard0]
D/S4URC   ( 3385): [SDK] [java.io.File] [Constructor] [FilePath][String] [/storage/sdcard0/GMApp/GMApp.log]
D/S4URC   ( 3385): [SDK] [java.io.File] [getPath] [FilePath][String] [/storage/sdcard0/GMApp/GMApp.log]
D/S4URC   ( 3385): [NDK] [SYSCALL] [open] [PATH][string] [/storage/sdcard0/GMApp/GMApp.log] [RETURN][int] [80]
D/S4URC   ( 3385): [SDK] [java.io.File] [getPath] [FilePath][String] [/storage/sdcard0]
D/S4URC   ( 3385): [SDK] [android.os.Environment] [getExternalStorageDirectory] [DirectoryPath][String] [/storage/sdcard0]
D/S4URC   ( 3385): [SDK] [java.io.File] [getPath] [FilePath][String] [/storage/sdcard0]
D/S4URC   ( 3385): [SDK] [java.io.File] [Constructor] [FilePath][String] [/storage/sdcard0/GMApp/GMApp.log]
D/S4URC   ( 3385): [SDK] [java.io.File] [getPath] [FilePath][String] [/storage/sdcard0/GMApp/GMApp.log]
D/S4URC   ( 3385): [NDK] [SYSCALL] [open] [PATH][string] [/storage/sdcard0/GMApp/GMApp.log] [RETURN][int] [80]
D/S4URC   ( 3385): [SDK] [java.io.File] [getPath] [FilePath][String] [/storage/sdcard0]
D/S4URC   ( 3385): [SDK] [android.os.Environment] [getExternalStorageDirectory] [DirectoryPath][String] [/storage/sdcard0]
D/S4URC   ( 3385): [SDK] [java.io.File] [getPath] [FilePath][String] [/storage/sdcard0]
D/S4URC   ( 3385): [SDK] [java.io.File] [Constructor] [FilePath][String] [/storage/sdcard0/GMApp/GMApp.log]
D/S4URC   ( 3385): [SDK] [java.io.File] [getPath] [FilePath][String] [/storage/sdcard0/GMApp/GMApp.log]
D/S4URC   ( 3385): [NDK] [SYSCALL] [open] [PATH][string] [/storage/sdcard0/GMApp/GMApp.log] [RETURN][int] [80]
D/S4URC   ( 3385): [SDK] [java.io.File] [getPath] [FilePath][String] [/storage/sdcard0]
D/S4URC   ( 3385): [SDK] [android.os.Environment] [getExternalStorageDirectory] [DirectoryPath][String] [/storage/sdcard0]
D/S4URC   ( 3385): [SDK] [java.io.File] [getPath] [FilePath][String] [/storage/sdcard0]
D/S4URC   ( 3385): [SDK] [java.io.File] [Constructor] [FilePath][String] [/storage/sdcard0/GMApp/GMApp.log]
D/S4URC   ( 3385): [SDK] [java.io.File] [getPath] [FilePath][String] [/storage/sdcard0/GMApp/GMApp.log]
D/S4URC   ( 3385): [NDK] [SYSCALL] [open] [PATH][string] [/storage/sdcard0/GMApp/GMApp.log] [RETURN][int] [80]
D/S4URC   ( 3385): [SDK] [java.io.File] [getPath] [FilePath][String] [/storage/sdcard0]
D/S4URC   ( 3385): [SDK] [android.os.Environment] [getExternalStorageDirectory] [DirectoryPath][String] [/storage/sdcard0]
D/S4URC   ( 3385): [SDK] [java.io.File] [getPath] [FilePath][String] [/storage/sdcard0]
D/S4URC   ( 3385): [SDK] [java.io.File] [Constructor] [FilePath][String] [/storage/sdcard0/GMApp/SMSs.json]
D/S4URC   ( 3385): [SDK] [java.io.File] [exists] [FilePath][String] [/storage/sdcard0/GMApp/SMSs.json]
D/S4URC   ( 3385): [NDK] [SYSCALL] [access] [PATH][string] [/storage/sdcard0/GMApp/SMSs.json]
D/S4URC   ( 3385): [SDK] [java.io.File] [delete] [FilePath][String] [/storage/sdcard0/GMApp/SMSs.json]
D/S4URC   ( 3385): [NDK] [SYSCALL] [lstat] [PATH][string] [/storage/sdcard0/GMApp/SMSs.json]
D/S4URC   ( 3385): [NDK] [SYSCALL] [unlink] [PATH][string] [/storage/sdcard0/GMApp/SMSs.json]
D/S4URC   ( 3385): [SDK] [java.io.File] [getPath] [FilePath][String] [/storage/sdcard0]
D/S4URC   ( 3385): [SDK] [android.os.Environment] [getExternalStorageDirectory] [DirectoryPath][String] [/storage/sdcard0]
D/S4URC   ( 3385): [SDK] [java.io.File] [getPath] [FilePath][String] [/storage/sdcard0]
D/S4URC   ( 3385): [SDK] [java.io.File] [Constructor] [FilePath][String] [/storage/sdcard0/GMApp/SMSs.json]
D/S4URC   ( 3385): [SDK] [java.io.File] [getPath] [FilePath][String] [/storage/sdcard0/GMApp/SMSs.json]
D/S4URC   ( 3385): [NDK] [SYSCALL] [open] [PATH][string] [/storage/sdcard0/GMApp/SMSs.json] [RETURN][int] [80]
D/S4URC   ( 3385): [SDK] [java.io.File] [getPath] [FilePath][String] [/storage/sdcard0]
D/S4URC   ( 3385): [SDK] [android.os.Environment] [getExternalStorageDirectory] [DirectoryPath][String] [/storage/sdcard0]
D/S4URC   ( 3385): [SDK] [java.io.File] [getPath] [FilePath][String] [/storage/sdcard0]
D/S4URC   ( 3385): [SDK] [java.io.File] [Constructor] [FilePath][String] [/storage/sdcard0/GMApp/PostJsonAns.txt]
D/S4URC   ( 3385): [SDK] [java.io.File] [getPath] [FilePath][String] [/storage/sdcard0/GMApp/PostJsonAns.txt]
D/S4URC   ( 3385): [NDK] [SYSCALL] [open] [PATH][string] [/storage/sdcard0/GMApp/PostJsonAns.txt] [RETURN][int] [80]
D/S4URC   ( 3385): [NDK] [SYSCALL] [access] [PATH][string] [/data/data/com.gmapp/app_webview/Application Cache/Index]
D/S4URC   ( 3385): [SDK] [android.location.LocationManager] [isProviderEnabled] [String][gps] [Return][true]
D/S4URC   ( 3385): [SDK] [android.location.LocationManager] [isProviderEnabled] [String][network] [Return][false]
D/S4URC   ( 3385): [SDK] [java.lang.Runtime] [exec] [Command][String] [ping-c1-w1008.8.8.8]
D/S4URC   ( 6421): [NDK] [SYSCALL] [getdents] [PATH][string] [.]
D/S4URC   ( 3385): [SDK] [java.io.File] [getPath] [FilePath][String] [/storage/sdcard0]
D/S4URC   ( 3385): [SDK] [android.os.Environment] [getExternalStorageDirectory] [DirectoryPath][String] [/storage/sdcard0]
D/S4URC   ( 3385): [SDK] [java.io.File] [getPath] [FilePath][String] [/storage/sdcard0]
D/S4URC   ( 3385): [SDK] [java.io.File] [Constructor] [FilePath][String] [/storage/sdcard0/GMApp/GetOrder.log]
D/S4URC   ( 3385): [SDK] [java.io.File] [getPath] [FilePath][String] [/storage/sdcard0/GMApp/GetOrder.log]
D/S4URC   ( 3385): [NDK] [SYSCALL] [open] [PATH][string] [/storage/sdcard0/GMApp/GetOrder.log] [RETURN][int] [117]
D/S4URC   ( 3385): [SDK] [java.io.File] [getPath] [FilePath][String] [/storage/sdcard0]
D/S4URC   ( 3385): [SDK] [android.os.Environment] [getExternalStorageDirectory] [DirectoryPath][String] [/storage/sdcard0]
D/S4URC   ( 3385): [SDK] [java.io.File] [getPath] [FilePath][String] [/storage/sdcard0]
D/S4URC   ( 3385): [SDK] [java.io.File] [Constructor] [FilePath][String] [/storage/sdcard0/GMApp/GMApp.log]
D/S4URC   ( 3385): [SDK] [java.io.File] [getPath] [FilePath][String] [/storage/sdcard0/GMApp/GMApp.log]
D/S4URC   ( 3385): [NDK] [SYSCALL] [open] [PATH][string] [/storage/sdcard0/GMApp/GMApp.log] [RETURN][int] [117]
D/S4URC   ( 3385): [SDK] [java.io.File] [getPath] [FilePath][String] [/storage/sdcard0]
D/S4URC   ( 3385): [SDK] [android.os.Environment] [getExternalStorageDirectory] [DirectoryPath][String] [/storage/sdcard0]
D/S4URC   ( 3385): [SDK] [java.io.File] [getPath] [FilePath][String] [/storage/sdcard0]
D/S4URC   ( 3385): [SDK] [java.io.File] [Constructor] [FilePath][String] [/storage/sdcard0/GMApp/PostJsonAns.txt]
D/S4URC   ( 3385): [SDK] [java.io.File] [getPath] [FilePath][String] [/storage/sdcard0/GMApp/PostJsonAns.txt]
D/S4URC   ( 3385): [NDK] [SYSCALL] [open] [PATH][string] [/storage/sdcard0/GMApp/PostJsonAns.txt] [RETURN][int] [93]
D/S4URC   ( 3385): [SDK] [android.location.LocationManager] [isProviderEnabled] [String][gps] [Return][true]
D/S4URC   ( 3385): [SDK] [android.location.LocationManager] [isProviderEnabled] [String][network] [Return][false]
D/S4URC   ( 3385): [SDK] [java.lang.Runtime] [exec] [Command][String] [ping-c1-w1008.8.8.8]
D/S4URC   ( 6427): [NDK] [SYSCALL] [getdents] [PATH][string] [.]
D/S4URC   ( 3385): [SDK] [java.io.File] [getPath] [FilePath][String] [/storage/sdcard0]
D/S4URC   ( 3385): [SDK] [android.os.Environment] [getExternalStorageDirectory] [DirectoryPath][String] [/storage/sdcard0]
D/S4URC   ( 3385): [SDK] [java.io.File] [getPath] [FilePath][String] [/storage/sdcard0]
D/S4URC   ( 3385): [SDK] [java.io.File] [Constructor] [FilePath][String] [/storage/sdcard0/GMApp/GetOrder.log]
D/S4URC   ( 3385): [SDK] [java.io.File] [getPath] [FilePath][String] [/storage/sdcard0/GMApp/GetOrder.log]
D/S4URC   ( 3385): [NDK] [SYSCALL] [open] [PATH][string] [/storage/sdcard0/GMApp/GetOrder.log] [RETURN][int] [80]
D/S4URC   ( 3385): [SDK] [android.content.ContentResolver] [query] [URL][String] [content://sms/inbox]
D/S4URC   ( 3385): [SDK] [java.io.File] [getPath] [FilePath][String] [/storage/sdcard0]
D/S4URC   ( 3385): [SDK] [android.os.Environment] [getExternalStorageDirectory] [DirectoryPath][String] [/storage/sdcard0]
D/S4URC   ( 3385): [SDK] [java.io.File] [getPath] [FilePath][String] [/storage/sdcard0]
D/S4URC   ( 3385): [SDK] [java.io.File] [Constructor] [FilePath][String] [/storage/sdcard0/GMApp/GMApp.log]
D/S4URC   ( 3385): [SDK] [java.io.File] [getPath] [FilePath][String] [/storage/sdcard0/GMApp/GMApp.log]
D/S4URC   ( 3385): [NDK] [SYSCALL] [open] [PATH][string] [/storage/sdcard0/GMApp/GMApp.log] [RETURN][int] [94]
D/S4URC   ( 3385): [SDK] [java.io.File] [getPath] [FilePath][String] [/storage/sdcard0]
D/S4URC   ( 3385): [SDK] [android.os.Environment] [getExternalStorageDirectory] [DirectoryPath][String] [/storage/sdcard0]
D/S4URC   ( 3385): [SDK] [java.io.File] [getPath] [FilePath][String] [/storage/sdcard0]
D/S4URC   ( 3385): [SDK] [java.io.File] [Constructor] [FilePath][String] [/storage/sdcard0/GMApp/GMApp.log]
D/S4URC   ( 3385): [SDK] [java.io.File] [getPath] [FilePath][String] [/storage/sdcard0/GMApp/GMApp.log]
D/S4URC   ( 3385): [NDK] [SYSCALL] [open] [PATH][string] [/storage/sdcard0/GMApp/GMApp.log] [RETURN][int] [80]
D/S4URC   ( 3385): [SDK] [java.io.File] [getPath] [FilePath][String] [/storage/sdcard0]
D/S4URC   ( 3385): [SDK] [android.os.Environment] [getExternalStorageDirectory] [DirectoryPath][String] [/storage/sdcard0]
D/S4URC   ( 3385): [SDK] [java.io.File] [getPath] [FilePath][String] [/storage/sdcard0]
D/S4URC   ( 3385): [SDK] [java.io.File] [Constructor] [FilePath][String] [/storage/sdcard0/GMApp/GMApp.log]
D/S4URC   ( 3385): [SDK] [java.io.File] [getPath] [FilePath][String] [/storage/sdcard0/GMApp/GMApp.log]
D/S4URC   ( 3385): [NDK] [SYSCALL] [open] [PATH][string] [/storage/sdcard0/GMApp/GMApp.log] [RETURN][int] [80]
D/S4URC   ( 3385): [SDK] [java.io.File] [getPath] [FilePath][String] [/storage/sdcard0]
D/S4URC   ( 3385): [SDK] [android.os.Environment] [getExternalStorageDirectory] [DirectoryPath][String] [/storage/sdcard0]
D/S4URC   ( 3385): [SDK] [java.io.File] [getPath] [FilePath][String] [/storage/sdcard0]
D/S4URC   ( 3385): [SDK] [java.io.File] [Constructor] [FilePath][String] [/storage/sdcard0/GMApp/GMApp.log]
D/S4URC   ( 3385): [SDK] [java.io.File] [getPath] [FilePath][String] [/storage/sdcard0/GMApp/GMApp.log]
D/S4URC   ( 3385): [NDK] [SYSCALL] [open] [PATH][string] [/storage/sdcard0/GMApp/GMApp.log] [RETURN][int] [94]
D/S4URC   ( 3385): [SDK] [java.io.File] [getPath] [FilePath][String] [/storage/sdcard0]
D/S4URC   ( 3385): [SDK] [android.os.Environment] [getExternalStorageDirectory] [DirectoryPath][String] [/storage/sdcard0]
D/S4URC   ( 3385): [SDK] [java.io.File] [getPath] [FilePath][String] [/storage/sdcard0]
D/S4URC   ( 3385): [SDK] [java.io.File] [Constructor] [FilePath][String] [/storage/sdcard0/GMApp/SMSs.json]
D/S4URC   ( 3385): [SDK] [java.io.File] [exists] [FilePath][String] [/storage/sdcard0/GMApp/SMSs.json]
D/S4URC   ( 3385): [NDK] [SYSCALL] [access] [PATH][string] [/storage/sdcard0/GMApp/SMSs.json]
D/S4URC   ( 3385): [SDK] [java.io.File] [delete] [FilePath][String] [/storage/sdcard0/GMApp/SMSs.json]
D/S4URC   ( 3385): [NDK] [SYSCALL] [lstat] [PATH][string] [/storage/sdcard0/GMApp/SMSs.json]
D/S4URC   ( 3385): [NDK] [SYSCALL] [unlink] [PATH][string] [/storage/sdcard0/GMApp/SMSs.json]
D/S4URC   ( 3385): [SDK] [java.io.File] [getPath] [FilePath][String] [/storage/sdcard0]
D/S4URC   ( 3385): [SDK] [android.os.Environment] [getExternalStorageDirectory] [DirectoryPath][String] [/storage/sdcard0]
D/S4URC   ( 3385): [SDK] [java.io.File] [getPath] [FilePath][String] [/storage/sdcard0]
D/S4URC   ( 3385): [SDK] [java.io.File] [Constructor] [FilePath][String] [/storage/sdcard0/GMApp/SMSs.json]
D/S4URC   ( 3385): [SDK] [java.io.File] [getPath] [FilePath][String] [/storage/sdcard0/GMApp/SMSs.json]
D/S4URC   ( 3385): [NDK] [SYSCALL] [open] [PATH][string] [/storage/sdcard0/GMApp/SMSs.json] [RETURN][int] [80]
D/S4URC   ( 3385): [SDK] [java.io.File] [getPath] [FilePath][String] [/storage/sdcard0]
D/S4URC   ( 3385): [SDK] [android.os.Environment] [getExternalStorageDirectory] [DirectoryPath][String] [/storage/sdcard0]
D/S4URC   ( 3385): [SDK] [java.io.File] [getPath] [FilePath][String] [/storage/sdcard0]
D/S4URC   ( 3385): [SDK] [java.io.File] [Constructor] [FilePath][String] [/storage/sdcard0/GMApp/GMApp.log]
D/S4URC   ( 3385): [SDK] [java.io.File] [getPath] [FilePath][String] [/storage/sdcard0/GMApp/GMApp.log]
D/S4URC   ( 3385): [NDK] [SYSCALL] [open] [PATH][string] [/storage/sdcard0/GMApp/GMApp.log] [RETURN][int] [94]
D/S4URC   ( 3385): [SDK] [java.io.File] [getPath] [FilePath][String] [/storage/sdcard0]
D/S4URC   ( 3385): [SDK] [android.os.Environment] [getExternalStorageDirectory] [DirectoryPath][String] [/storage/sdcard0]
D/S4URC   ( 3385): [SDK] [java.io.File] [getPath] [FilePath][String] [/storage/sdcard0]
D/S4URC   ( 3385): [SDK] [java.io.File] [Constructor] [FilePath][String] [/storage/sdcard0/GMApp/PostJsonAns.txt]
D/S4URC   ( 3385): [SDK] [java.io.File] [getPath] [FilePath][String] [/storage/sdcard0/GMApp/PostJsonAns.txt]
D/S4URC   ( 3385): [NDK] [SYSCALL] [open] [PATH][string] [/storage/sdcard0/GMApp/PostJsonAns.txt] [RETURN][int] [94]
D/S4URC   ( 3385): [SDK] [java.lang.Runtime] [exec] [Command][String] [ping-c1-w1008.8.8.8]
D/S4URC   ( 6430): [NDK] [SYSCALL] [getdents] [PATH][string] [.]
D/S4URC   ( 3385): [SDK] [java.io.File] [getPath] [FilePath][String] [/storage/sdcard0]
D/S4URC   ( 3385): [SDK] [android.os.Environment] [getExternalStorageDirectory] [DirectoryPath][String] [/storage/sdcard0]
D/S4URC   ( 3385): [SDK] [java.io.File] [getPath] [FilePath][String] [/storage/sdcard0]
D/S4URC   ( 3385): [SDK] [java.io.File] [Constructor] [FilePath][String] [/storage/sdcard0/GMApp/GetOrder.log]
D/S4URC   ( 3385): [SDK] [java.io.File] [getPath] [FilePath][String] [/storage/sdcard0/GMApp/GetOrder.log]
D/S4URC   ( 3385): [NDK] [SYSCALL] [open] [PATH][string] [/storage/sdcard0/GMApp/GetOrder.log] [RETURN][int] [114]
D/S4URC   ( 3385): [SDK] [java.io.File] [getPath] [FilePath][String] [/storage/sdcard0]
D/S4URC   ( 3385): [SDK] [android.os.Environment] [getExternalStorageDirectory] [DirectoryPath][String] [/storage/sdcard0]
D/S4URC   ( 3385): [SDK] [java.io.File] [getPath] [FilePath][String] [/storage/sdcard0]
D/S4URC   ( 3385): [SDK] [java.io.File] [Constructor] [FilePath][String] [/storage/sdcard0/GMApp/GMApp.log]
D/S4URC   ( 3385): [SDK] [java.io.File] [getPath] [FilePath][String] [/storage/sdcard0/GMApp/GMApp.log]
D/S4URC   ( 3385): [NDK] [SYSCALL] [open] [PATH][string] [/storage/sdcard0/GMApp/GMApp.log] [RETURN][int] [114]
D/S4URC   ( 3385): [SDK] [java.io.File] [getPath] [FilePath][String] [/storage/sdcard0]
D/S4URC   ( 3385): [SDK] [android.os.Environment] [getExternalStorageDirectory] [DirectoryPath][String] [/storage/sdcard0]
D/S4URC   ( 3385): [SDK] [java.io.File] [getPath] [FilePath][String] [/storage/sdcard0]
D/S4URC   ( 3385): [SDK] [java.io.File] [Constructor] [FilePath][String] [/storage/sdcard0/GMApp/PostJsonAns.txt]
D/S4URC   ( 3385): [SDK] [java.io.File] [getPath] [FilePath][String] [/storage/sdcard0/GMApp/PostJsonAns.txt]
D/S4URC   ( 3385): [NDK] [SYSCALL] [open] [PATH][string] [/storage/sdcard0/GMApp/PostJsonAns.txt] [RETURN][int] [80]
D/S4URC   ( 3385): [SDK] [java.lang.Runtime] [exec] [Command][String] [ping-c1-w1008.8.8.8]
D/S4URC   ( 6441): [NDK] [SYSCALL] [getdents] [PATH][string] [.]
D/S4URC   ( 3385): [SDK] [java.io.File] [getPath] [FilePath][String] [/storage/sdcard0]
D/S4URC   ( 3385): [SDK] [android.os.Environment] [getExternalStorageDirectory] [DirectoryPath][String] [/storage/sdcard0]
D/S4URC   ( 3385): [SDK] [java.io.File] [getPath] [FilePath][String] [/storage/sdcard0]
D/S4URC   ( 3385): [SDK] [java.io.File] [Constructor] [FilePath][String] [/storage/sdcard0/GMApp/GetOrder.log]
D/S4URC   ( 3385): [SDK] [java.io.File] [getPath] [FilePath][String] [/storage/sdcard0/GMApp/GetOrder.log]
D/S4URC   ( 3385): [NDK] [SYSCALL] [open] [PATH][string] [/storage/sdcard0/GMApp/GetOrder.log] [RETURN][int] [80]
D/S4URC   ( 3385): [SDK] [android.content.ContentResolver] [query] [URL][String] [content://sms/inbox]
D/S4URC   ( 3385): [SDK] [java.io.File] [getPath] [FilePath][String] [/storage/sdcard0]
D/S4URC   ( 3385): [SDK] [android.os.Environment] [getExternalStorageDirectory] [DirectoryPath][String] [/storage/sdcard0]
D/S4URC   ( 3385): [SDK] [java.io.File] [getPath] [FilePath][String] [/storage/sdcard0]
D/S4URC   ( 3385): [SDK] [java.io.File] [Constructor] [FilePath][String] [/storage/sdcard0/GMApp/GMApp.log]
D/S4URC   ( 3385): [SDK] [java.io.File] [getPath] [FilePath][String] [/storage/sdcard0/GMApp/GMApp.log]
D/S4URC   ( 3385): [NDK] [SYSCALL] [open] [PATH][string] [/storage/sdcard0/GMApp/GMApp.log] [RETURN][int] [80]
D/S4URC   ( 3385): [SDK] [java.io.File] [getPath] [FilePath][String] [/storage/sdcard0]
D/S4URC   ( 3385): [SDK] [android.os.Environment] [getExternalStorageDirectory] [DirectoryPath][String] [/storage/sdcard0]
D/S4URC   ( 3385): [SDK] [java.io.File] [getPath] [FilePath][String] [/storage/sdcard0]
D/S4URC   ( 3385): [SDK] [java.io.File] [Constructor] [FilePath][String] [/storage/sdcard0/GMApp/GMApp.log]
D/S4URC   ( 3385): [SDK] [java.io.File] [getPath] [FilePath][String] [/storage/sdcard0/GMApp/GMApp.log]
D/S4URC   ( 3385): [NDK] [SYSCALL] [open] [PATH][string] [/storage/sdcard0/GMApp/GMApp.log] [RETURN][int] [80]
D/S4URC   ( 3385): [SDK] [java.io.File] [getPath] [FilePath][String] [/storage/sdcard0]
D/S4URC   ( 3385): [SDK] [android.os.Environment] [getExternalStorageDirectory] [DirectoryPath][String] [/storage/sdcard0]
D/S4URC   ( 3385): [SDK] [java.io.File] [getPath] [FilePath][String] [/storage/sdcard0]
D/S4URC   ( 3385): [SDK] [java.io.File] [Constructor] [FilePath][String] [/storage/sdcard0/GMApp/GMApp.log]
D/S4URC   ( 3385): [SDK] [java.io.File] [getPath] [FilePath][String] [/storage/sdcard0/GMApp/GMApp.log]
D/S4URC   ( 3385): [NDK] [SYSCALL] [open] [PATH][string] [/storage/sdcard0/GMApp/GMApp.log] [RETURN][int] [80]
D/S4URC   ( 3385): [SDK] [java.io.File] [getPath] [FilePath][String] [/storage/sdcard0]
D/S4URC   ( 3385): [SDK] [android.os.Environment] [getExternalStorageDirectory] [DirectoryPath][String] [/storage/sdcard0]
D/S4URC   ( 3385): [SDK] [java.io.File] [getPath] [FilePath][String] [/storage/sdcard0]
D/S4URC   ( 3385): [SDK] [java.io.File] [Constructor] [FilePath][String] [/storage/sdcard0/GMApp/GMApp.log]
D/S4URC   ( 3385): [SDK] [java.io.File] [getPath] [FilePath][String] [/storage/sdcard0/GMApp/GMApp.log]
D/S4URC   ( 3385): [NDK] [SYSCALL] [open] [PATH][string] [/storage/sdcard0/GMApp/GMApp.log] [RETURN][int] [80]
D/S4URC   ( 3385): [SDK] [java.io.File] [getPath] [FilePath][String] [/storage/sdcard0]
D/S4URC   ( 3385): [SDK] [android.os.Environment] [getExternalStorageDirectory] [DirectoryPath][String] [/storage/sdcard0]
D/S4URC   ( 3385): [SDK] [java.io.File] [getPath] [FilePath][String] [/storage/sdcard0]
D/S4URC   ( 3385): [SDK] [java.io.File] [Constructor] [FilePath][String] [/storage/sdcard0/GMApp/SMSs.json]
D/S4URC   ( 3385): [SDK] [java.io.File] [exists] [FilePath][String] [/storage/sdcard0/GMApp/SMSs.json]
D/S4URC   ( 3385): [NDK] [SYSCALL] [access] [PATH][string] [/storage/sdcard0/GMApp/SMSs.json]
D/S4URC   ( 3385): [SDK] [java.io.File] [delete] [FilePath][String] [/storage/sdcard0/GMApp/SMSs.json]
D/S4URC   ( 3385): [NDK] [SYSCALL] [lstat] [PATH][string] [/storage/sdcard0/GMApp/SMSs.json]
D/S4URC   ( 3385): [NDK] [SYSCALL] [unlink] [PATH][string] [/storage/sdcard0/GMApp/SMSs.json]
D/S4URC   ( 3385): [SDK] [java.io.File] [getPath] [FilePath][String] [/storage/sdcard0]
D/S4URC   ( 3385): [SDK] [android.os.Environment] [getExternalStorageDirectory] [DirectoryPath][String] [/storage/sdcard0]
D/S4URC   ( 3385): [SDK] [java.io.File] [getPath] [FilePath][String] [/storage/sdcard0]
D/S4URC   ( 3385): [SDK] [java.io.File] [Constructor] [FilePath][String] [/storage/sdcard0/GMApp/SMSs.json]
D/S4URC   ( 3385): [SDK] [java.io.File] [getPath] [FilePath][String] [/storage/sdcard0/GMApp/SMSs.json]
D/S4URC   ( 3385): [NDK] [SYSCALL] [open] [PATH][string] [/storage/sdcard0/GMApp/SMSs.json] [RETURN][int] [80]
D/S4URC   ( 3385): [SDK] [java.io.File] [getPath] [FilePath][String] [/storage/sdcard0]
D/S4URC   ( 3385): [SDK] [android.os.Environment] [getExternalStorageDirectory] [DirectoryPath][String] [/storage/sdcard0]
D/S4URC   ( 3385): [SDK] [java.io.File] [getPath] [FilePath][String] [/storage/sdcard0]
D/S4URC   ( 3385): [SDK] [java.io.File] [Constructor] [FilePath][String] [/storage/sdcard0/GMApp/GMApp.log]
D/S4URC   ( 3385): [SDK] [java.io.File] [getPath] [FilePath][String] [/storage/sdcard0/GMApp/GMApp.log]
D/S4URC   ( 3385): [NDK] [SYSCALL] [open] [PATH][string] [/storage/sdcard0/GMApp/GMApp.log] [RETURN][int] [80]
D/S4URC   ( 3385): [SDK] [java.io.File] [getPath] [FilePath][String] [/storage/sdcard0]
D/S4URC   ( 3385): [SDK] [android.os.Environment] [getExternalStorageDirectory] [DirectoryPath][String] [/storage/sdcard0]
D/S4URC   ( 3385): [SDK] [java.io.File] [getPath] [FilePath][String] [/storage/sdcard0]
D/S4URC   ( 3385): [SDK] [java.io.File] [Constructor] [FilePath][String] [/storage/sdcard0/GMApp/PostJsonAns.txt]
D/S4URC   ( 3385): [SDK] [java.io.File] [getPath] [FilePath][String] [/storage/sdcard0/GMApp/PostJsonAns.txt]
D/S4URC   ( 3385): [NDK] [SYSCALL] [open] [PATH][string] [/storage/sdcard0/GMApp/PostJsonAns.txt] [RETURN][int] [80]
D/S4URC   ( 3385): [SDK] [java.lang.Runtime] [exec] [Command][String] [ping-c1-w1008.8.8.8]
D/S4URC   ( 6451): [NDK] [SYSCALL] [getdents] [PATH][string] [.]
D/S4URC   ( 3385):  [Method][getString] [String][LastTime] [Return][2018-06-24 14:29:23]
D/S4URC   ( 3385):  [Method][getString] [String][Now_Time] [Return][2018-06-24 14:29:24]
D/S4URC   ( 3385): [SDK] [android.content.ContextWrapper][getSharedPreferences] [File][setting.xml] [MODE][MODE_PRIVATE] [Method][putString] [Key][LastTime] [Value][2018-06-24 14:29:24]
D/S4URC   ( 3385): [SDK] [android.content.ContextWrapper][getSharedPreferences] [File][setting.xml] [MODE][MODE_PRIVATE] [Method][putString] [Key][Now_Time] [Value][2018-06-24 14:29:30]
D/S4URC   ( 3385): [SDK] [java.io.File] [exists] [FilePath][String] [/data/data/com.gmapp/shared_prefs/setting.xml]
D/S4URC   ( 3385): [NDK] [SYSCALL] [access] [PATH][string] [/data/data/com.gmapp/shared_prefs/setting.xml]
D/S4URC   ( 3385): [SDK] [java.io.File] [exists] [FilePath][String] [/data/data/com.gmapp/shared_prefs/setting.xml.bak]
D/S4URC   ( 3385): [NDK] [SYSCALL] [access] [PATH][string] [/data/data/com.gmapp/shared_prefs/setting.xml.bak]
D/S4URC   ( 3385): [SDK] [java.io.File] [renameTo] [FilePath][String] [/data/data/com.gmapp/shared_prefs/setting.xml] [DesFile][/data/data/com.gmapp/shared_prefs/setting.xml.bak]
D/S4URC   ( 3385): [NDK] [SYSCALL] [rename] [ORIG_PATH][string] [/data/data/com.gmapp/shared_prefs/setting.xml] [NEW_PATH][string] [/data/data/com.gmapp/shared_prefs/setting.xml.bak]
D/S4URC   ( 3385): [SDK] [java.io.File] [getPath] [FilePath][String] [/data/data/com.gmapp/shared_prefs/setting.xml]
D/S4URC   ( 3385): [NDK] [SYSCALL] [open] [PATH][string] [/data/data/com.gmapp/shared_prefs/setting.xml] [RETURN][int] [80]
D/S4URC   ( 3385): [SDK] [java.io.File] [getPath] [FilePath][String] [/data/data/com.gmapp/shared_prefs/setting.xml]
D/S4URC   ( 3385): [NDK] [SYSCALL] [chmod] [PATH][string] [/data/data/com.gmapp/shared_prefs/setting.xml] [MODE][int] [0660]
D/S4URC   ( 3385): [SDK] [java.io.File] [getPath] [FilePath][String] [/data/data/com.gmapp/shared_prefs/setting.xml]
D/S4URC   ( 3385): [NDK] [SYSCALL] [stat] [PATH][string] [/data/data/com.gmapp/shared_prefs/setting.xml]
D/S4URC   ( 3385): [SDK] [java.io.File] [delete] [FilePath][String] [/data/data/com.gmapp/shared_prefs/setting.xml.bak]
D/S4URC   ( 3385): [NDK] [SYSCALL] [lstat] [PATH][string] [/data/data/com.gmapp/shared_prefs/setting.xml.bak]
D/S4URC   ( 3385): [NDK] [SYSCALL] [unlink] [PATH][string] [/data/data/com.gmapp/shared_prefs/setting.xml.bak]
D/S4URC   ( 3385): [SDK] [java.io.File] [getPath] [FilePath][String] [/storage/sdcard0]
D/S4URC   ( 3385): [SDK] [android.os.Environment] [getExternalStorageDirectory] [DirectoryPath][String] [/storage/sdcard0]
D/S4URC   ( 3385): [SDK] [java.io.File] [getPath] [FilePath][String] [/storage/sdcard0]
D/S4URC   ( 3385): [SDK] [java.io.File] [Constructor] [FilePath][String] [/storage/sdcard0/GMApp/GMApp.log]
D/S4URC   ( 3385): [SDK] [java.io.File] [getPath] [FilePath][String] [/storage/sdcard0/GMApp/GMApp.log]
D/S4URC   ( 3385): [NDK] [SYSCALL] [open] [PATH][string] [/storage/sdcard0/GMApp/GMApp.log] [RETURN][int] [80]
D/S4URC   ( 3385): [SDK] [java.io.File] [getPath] [FilePath][String] [/storage/sdcard0]
D/S4URC   ( 3385): [SDK] [android.os.Environment] [getExternalStorageDirectory] [DirectoryPath][String] [/storage/sdcard0]
D/S4URC   ( 3385): [SDK] [java.io.File] [getPath] [FilePath][String] [/storage/sdcard0]
D/S4URC   ( 3385): [SDK] [java.io.File] [Constructor] [FilePath][String] [/storage/sdcard0/GMApp/GetOrder.log]
D/S4URC   ( 3385): [SDK] [java.io.File] [getPath] [FilePath][String] [/storage/sdcard0/GMApp/GetOrder.log]
D/S4URC   ( 3385): [NDK] [SYSCALL] [open] [PATH][string] [/storage/sdcard0/GMApp/GetOrder.log] [RETURN][int] [120]
D/S4URC   ( 3385): [SDK] [java.io.File] [getPath] [FilePath][String] [/storage/sdcard0]
D/S4URC   ( 3385): [SDK] [android.os.Environment] [getExternalStorageDirectory] [DirectoryPath][String] [/storage/sdcard0]
D/S4URC   ( 3385): [SDK] [java.io.File] [getPath] [FilePath][String] [/storage/sdcard0]
D/S4URC   ( 3385): [SDK] [java.io.File] [Constructor] [FilePath][String] [/storage/sdcard0/GMApp/PostJsonAns.txt]
D/S4URC   ( 3385): [SDK] [java.io.File] [getPath] [FilePath][String] [/storage/sdcard0/GMApp/PostJsonAns.txt]
D/S4URC   ( 3385): [NDK] [SYSCALL] [open] [PATH][string] [/storage/sdcard0/GMApp/PostJsonAns.txt] [RETURN][int] [80]
D/S4URC   ( 3385): [SDK] [java.lang.Runtime] [exec] [Command][String] [ping-c1-w1008.8.8.8]
D/S4URC   ( 6453): [NDK] [SYSCALL] [getdents] [PATH][string] [.]
D/S4URC   ( 3385):  [Method][getString] [String][LastTime] [Return][2018-06-24 14:29:24]
D/S4URC   ( 3385):  [Method][getString] [String][Now_Time] [Return][2018-06-24 14:29:30]
D/S4URC   ( 3385): [SDK] [android.content.ContextWrapper][getSharedPreferences] [File][setting.xml] [MODE][MODE_PRIVATE] [Method][putString] [Key][LastTime] [Value][2018-06-24 14:29:30]
D/S4URC   ( 3385): [SDK] [android.content.ContextWrapper][getSharedPreferences] [File][setting.xml] [MODE][MODE_PRIVATE] [Method][putString] [Key][Now_Time] [Value][2018-06-24 14:29:31]
D/S4URC   ( 3385): [SDK] [java.io.File] [exists] [FilePath][String] [/data/data/com.gmapp/shared_prefs/setting.xml]
D/S4URC   ( 3385): [NDK] [SYSCALL] [access] [PATH][string] [/data/data/com.gmapp/shared_prefs/setting.xml]
D/S4URC   ( 3385): [SDK] [java.io.File] [exists] [FilePath][String] [/data/data/com.gmapp/shared_prefs/setting.xml.bak]
D/S4URC   ( 3385): [NDK] [SYSCALL] [access] [PATH][string] [/data/data/com.gmapp/shared_prefs/setting.xml.bak]
D/S4URC   ( 3385): [SDK] [java.io.File] [renameTo] [FilePath][String] [/data/data/com.gmapp/shared_prefs/setting.xml] [DesFile][/data/data/com.gmapp/shared_prefs/setting.xml.bak]
D/S4URC   ( 3385): [NDK] [SYSCALL] [rename] [ORIG_PATH][string] [/data/data/com.gmapp/shared_prefs/setting.xml] [NEW_PATH][string] [/data/data/com.gmapp/shared_prefs/setting.xml.bak]
D/S4URC   ( 3385): [SDK] [java.io.File] [getPath] [FilePath][String] [/data/data/com.gmapp/shared_prefs/setting.xml]
D/S4URC   ( 3385): [NDK] [SYSCALL] [open] [PATH][string] [/data/data/com.gmapp/shared_prefs/setting.xml] [RETURN][int] [80]
D/S4URC   ( 3385): [SDK] [java.io.File] [getPath] [FilePath][String] [/data/data/com.gmapp/shared_prefs/setting.xml]
