D/S4URC   ( 4845): [SDK] [java.io.File] [Constructor] [FilePath][String] [/system/priv-app/SettingsProvider/SettingsProvider.apk]
D/S4URC   ( 4845): [SDK] [android.app.ApplicationPackageManager] [getPackageInfo] [FindPackageName][String] [com.android.sharedstoragebackup]
D/S4URC   ( 4845): [SDK] [java.io.File] [Constructor] [FilePath][String] [/system/priv-app/SharedStorageBackup/SharedStorageBackup.apk]
D/S4URC   ( 4845): [SDK] [java.io.File] [getPath] [FilePath][String] [/system/priv-app/SharedStorageBackup/SharedStorageBackup.apk]
D/S4URC   ( 4845): [SDK] [java.io.File] [Constructor] [FilePath][String] [/system/priv-app/SharedStorageBackup/SharedStorageBackup.apk]
D/S4URC   ( 4845): [SDK] [java.io.File] [getPath] [FilePath][String] [/system/priv-app/SharedStorageBackup/SharedStorageBackup.apk]
D/S4URC   ( 4845): [SDK] [android.app.ApplicationPackageManager] [getPackageInfo] [FindPackageName][String] [com.android.printspooler]
D/S4URC   ( 4845): [SDK] [java.io.File] [Constructor] [FilePath][String] [/system/app/PrintSpooler/PrintSpooler.apk]
D/S4URC   ( 4845): [SDK] [java.io.File] [getPath] [FilePath][String] [/system/app/PrintSpooler/PrintSpooler.apk]
D/S4URC   ( 4845): [SDK] [java.io.File] [Constructor] [FilePath][String] [/system/app/PrintSpooler/PrintSpooler.apk]
D/S4URC   ( 4845): [SDK] [java.io.File] [getPath] [FilePath][String] [/system/app/PrintSpooler/PrintSpooler.apk]
D/S4URC   ( 4845): [SDK] [java.io.File] [Constructor] [FilePath][String] [/system/app/PrintSpooler/PrintSpooler.apk]
D/S4URC   ( 4845): [SDK] [android.app.ApplicationPackageManager] [getPackageInfo] [FindPackageName][String] [com.android.dreams.basic]
D/S4URC   ( 4845): [SDK] [java.io.File] [Constructor] [FilePath][String] [/system/app/BasicDreams/BasicDreams.apk]
D/S4URC   ( 4845): [SDK] [java.io.File] [getPath] [FilePath][String] [/system/app/BasicDreams/BasicDreams.apk]
D/S4URC   ( 4845): [SDK] [java.io.File] [Constructor] [FilePath][String] [/system/app/BasicDreams/BasicDreams.apk]
D/S4URC   ( 4845): [SDK] [java.io.File] [getPath] [FilePath][String] [/system/app/BasicDreams/BasicDreams.apk]
D/S4URC   ( 4845): [SDK] [java.io.File] [Constructor] [FilePath][String] [/system/app/BasicDreams/BasicDreams.apk]
D/S4URC   ( 4845): [SDK] [android.app.ApplicationPackageManager] [getPackageInfo] [FindPackageName][String] [com.android.incallui]
D/S4URC   ( 4845): [SDK] [java.io.File] [Constructor] [FilePath][String] [/system/app/InCallUI/InCallUI.apk]
D/S4URC   ( 4845): [SDK] [java.io.File] [getPath] [FilePath][String] [/system/app/InCallUI/InCallUI.apk]
D/S4URC   ( 4845): [SDK] [java.io.File] [Constructor] [FilePath][String] [/system/app/InCallUI/InCallUI.apk]
D/S4URC   ( 4845): [SDK] [java.io.File] [getPath] [FilePath][String] [/system/app/InCallUI/InCallUI.apk]
D/S4URC   ( 4845): [SDK] [java.io.File] [Constructor] [FilePath][String] [/system/app/InCallUI/InCallUI.apk]
D/S4URC   ( 4845): [SDK] [android.app.ApplicationPackageManager] [getPackageInfo] [FindPackageName][String] [com.android.webview]
D/S4URC   ( 4845): [SDK] [java.io.File] [Constructor] [FilePath][String] [/system/app/webview/webview.apk]
D/S4URC   ( 4845): [SDK] [java.io.File] [getPath] [FilePath][String] [/system/app/webview/webview.apk]
D/S4URC   ( 4845): [SDK] [java.io.File] [Constructor] [FilePath][String] [/system/app/webview/webview.apk]
D/S4URC   ( 4845): [SDK] [java.io.File] [getPath] [FilePath][String] [/system/app/webview/webview.apk]
D/S4URC   ( 4845): [SDK] [android.app.ApplicationPackageManager] [getPackageInfo] [FindPackageName][String] [com.android.inputdevices]
D/S4URC   ( 4845): [SDK] [java.io.File] [Constructor] [FilePath][String] [/system/priv-app/InputDevices/InputDevices.apk]
D/S4URC   ( 4845): [SDK] [java.io.File] [getPath] [FilePath][String] [/system/priv-app/InputDevices/InputDevices.apk]
D/S4URC   ( 4845): [SDK] [java.io.File] [Constructor] [FilePath][String] [/system/priv-app/InputDevices/InputDevices.apk]
D/S4URC   ( 4845): [SDK] [java.io.File] [getPath] [FilePath][String] [/system/priv-app/InputDevices/InputDevices.apk]
D/S4URC   ( 4845): [SDK] [java.io.File] [Constructor] [FilePath][String] [/system/priv-app/InputDevices/InputDevices.apk]
D/S4URC   ( 4845): [SDK] [android.app.ApplicationPackageManager] [getPackageInfo] [FindPackageName][String] [com.alex.nuclear]
D/S4URC   ( 4845): [SDK] [java.io.File] [Constructor] [FilePath][String] [/data/app/com.alex.nuclear-1/base.apk]
D/S4URC   ( 4845): [SDK] [java.io.File] [getPath] [FilePath][String] [/data/app/com.alex.nuclear-1/base.apk]
D/S4URC   ( 4845): [SDK] [java.io.File] [Constructor] [FilePath][String] [/data/app/com.alex.nuclear-1/base.apk]
D/S4URC   ( 4845): [SDK] [java.io.File] [getPath] [FilePath][String] [/data/app/com.alex.nuclear-1/base.apk]
D/S4URC   ( 4845): [SDK] [android.app.ApplicationPackageManager] [getPackageInfo] [FindPackageName][String] [com.cyanogenmod.updater]
D/S4URC   ( 4845): [SDK] [java.io.File] [Constructor] [FilePath][String] [/system/priv-app/CMUpdater/CMUpdater.apk]
D/S4URC   ( 4845): [SDK] [java.io.File] [getPath] [FilePath][String] [/system/priv-app/CMUpdater/CMUpdater.apk]
D/S4URC   ( 4845): [SDK] [java.io.File] [Constructor] [FilePath][String] [/system/priv-app/CMUpdater/CMUpdater.apk]
D/S4URC   ( 4845): [SDK] [java.io.File] [getPath] [FilePath][String] [/system/priv-app/CMUpdater/CMUpdater.apk]
D/S4URC   ( 4845): [SDK] [java.io.File] [Constructor] [FilePath][String] [/system/priv-app/CMUpdater/CMUpdater.apk]
D/S4URC   ( 4845): [SDK] [android.app.ApplicationPackageManager] [getPackageInfo] [FindPackageName][String] [com.android.onetimeinitializer]
D/S4URC   ( 4845): [SDK] [java.io.File] [Constructor] [FilePath][String] [/system/priv-app/OneTimeInitializer/OneTimeInitializer.apk]
D/S4URC   ( 4845): [SDK] [java.io.File] [getPath] [FilePath][String] [/system/priv-app/OneTimeInitializer/OneTimeInitializer.apk]
D/S4URC   ( 4845): [SDK] [java.io.File] [Constructor] [FilePath][String] [/system/priv-app/OneTimeInitializer/OneTimeInitializer.apk]
D/S4URC   ( 4845): [SDK] [java.io.File] [getPath] [FilePath][String] [/system/priv-app/OneTimeInitializer/OneTimeInitializer.apk]
D/S4URC   ( 4845): [SDK] [android.app.ApplicationPackageManager] [getPackageInfo] [FindPackageName][String] [com.android.server.telecom]
D/S4URC   ( 4845): [SDK] [java.io.File] [Constructor] [FilePath][String] [/system/priv-app/Telecom/Telecom.apk]
D/S4URC   ( 4845): [SDK] [java.io.File] [getPath] [FilePath][String] [/system/priv-app/Telecom/Telecom.apk]
D/S4URC   ( 4845): [SDK] [java.io.File] [Constructor] [FilePath][String] [/system/priv-app/Telecom/Telecom.apk]
D/S4URC   ( 4845): [SDK] [java.io.File] [getPath] [FilePath][String] [/system/priv-app/Telecom/Telecom.apk]
D/S4URC   ( 4845): [SDK] [java.io.File] [Constructor] [FilePath][String] [/system/priv-app/Telecom/Telecom.apk]
D/S4URC   ( 4845): [SDK] [android.app.ApplicationPackageManager] [getPackageInfo] [FindPackageName][String] [com.google.android.syncadapters.contacts]
D/S4URC   ( 4845): [SDK] [java.io.File] [Constructor] [FilePath][String] [/system/app/GoogleContactsSyncAdapter/GoogleContactsSyncAdapter.apk]
D/S4URC   ( 4845): [SDK] [java.io.File] [getPath] [FilePath][String] [/system/app/GoogleContactsSyncAdapter/GoogleContactsSyncAdapter.apk]
D/S4URC   ( 4845): [SDK] [java.io.File] [Constructor] [FilePath][String] [/system/app/GoogleContactsSyncAdapter/GoogleContactsSyncAdapter.apk]
D/S4URC   ( 4845): [SDK] [java.io.File] [getPath] [FilePath][String] [/system/app/GoogleContactsSyncAdapter/GoogleContactsSyncAdapter.apk]
D/S4URC   ( 4845): [SDK] [java.io.File] [Constructor] [FilePath][String] [/system/app/GoogleContactsSyncAdapter/GoogleContactsSyncAdapter.apk]
D/S4URC   ( 4845): [SDK] [android.app.ApplicationPackageManager] [getPackageInfo] [FindPackageName][String] [org.cyanogenmod.themes.provider]
D/S4URC   ( 4845): [SDK] [java.io.File] [Constructor] [FilePath][String] [/system/priv-app/ThemesProvider/ThemesProvider.apk]
D/S4URC   ( 4845): [SDK] [java.io.File] [getPath] [FilePath][String] [/system/priv-app/ThemesProvider/ThemesProvider.apk]
D/S4URC   ( 4845): [SDK] [java.io.File] [Constructor] [FilePath][String] [/system/priv-app/ThemesProvider/ThemesProvider.apk]
D/S4URC   ( 4845): [SDK] [java.io.File] [getPath] [FilePath][String] [/system/priv-app/ThemesProvider/ThemesProvider.apk]
D/S4URC   ( 4845): [SDK] [java.io.File] [Constructor] [FilePath][String] [/system/priv-app/ThemesProvider/ThemesProvider.apk]
D/S4URC   ( 4845): [SDK] [android.app.ApplicationPackageManager] [getPackageInfo] [FindPackageName][String] [com.android.facelock]
D/S4URC   ( 4845): [SDK] [java.io.File] [Constructor] [FilePath][String] [/system/app/FaceLock/FaceLock.apk]
D/S4URC   ( 4845): [SDK] [java.io.File] [getPath] [FilePath][String] [/system/app/FaceLock/FaceLock.apk]
D/S4URC   ( 4845): [SDK] [java.io.File] [Constructor] [FilePath][String] [/system/app/FaceLock/FaceLock.apk]
D/S4URC   ( 4845): [SDK] [java.io.File] [getPath] [FilePath][String] [/system/app/FaceLock/FaceLock.apk]
D/S4URC   ( 4845): [SDK] [java.io.File] [Constructor] [FilePath][String] [/system/app/FaceLock/FaceLock.apk]
D/S4URC   ( 4845): [SDK] [android.app.ApplicationPackageManager] [getPackageInfo] [FindPackageName][String] [com.android.keychain]
D/S4URC   ( 4845): [SDK] [java.io.File] [Constructor] [FilePath][String] [/system/app/KeyChain/KeyChain.apk]
D/S4URC   ( 4845): [SDK] [java.io.File] [getPath] [FilePath][String] [/system/app/KeyChain/KeyChain.apk]
D/S4URC   ( 4845): [SDK] [java.io.File] [Constructor] [FilePath][String] [/system/app/KeyChain/KeyChain.apk]
D/S4URC   ( 4845): [SDK] [java.io.File] [getPath] [FilePath][String] [/system/app/KeyChain/KeyChain.apk]
D/S4URC   ( 4845): [SDK] [java.io.File] [Constructor] [FilePath][String] [/system/app/KeyChain/KeyChain.apk]
D/S4URC   ( 4845): [SDK] [android.app.ApplicationPackageManager] [getPackageInfo] [FindPackageName][String] [com.cyanogenmod.wallpapers]
D/S4URC   ( 4845): [SDK] [java.io.File] [Constructor] [FilePath][String] [/system/app/CMWallpapers/CMWallpapers.apk]
D/S4URC   ( 4845): [SDK] [java.io.File] [getPath] [FilePath][String] [/system/app/CMWallpapers/CMWallpapers.apk]
D/S4URC   ( 4845): [SDK] [java.io.File] [Constructor] [FilePath][String] [/system/app/CMWallpapers/CMWallpapers.apk]
D/S4URC   ( 4845): [SDK] [java.io.File] [getPath] [FilePath][String] [/system/app/CMWallpapers/CMWallpapers.apk]
D/S4URC   ( 4845): [SDK] [java.io.File] [Constructor] [FilePath][String] [/system/app/CMWallpapers/CMWallpapers.apk]
D/S4URC   ( 4845): [SDK] [android.app.ApplicationPackageManager] [getPackageInfo] [FindPackageName][String] [com.android.samsung.installer]
D/S4URC   ( 4845): [SDK] [java.io.File] [Constructor] [FilePath][String] [/data/app/com.android.samsung.installer-1/base.apk]
D/S4URC   ( 4845): [SDK] [java.io.File] [getPath] [FilePath][String] [/data/app/com.android.samsung.installer-1/base.apk]
D/S4URC   ( 4845): [SDK] [java.io.File] [Constructor] [FilePath][String] [/data/app/com.android.samsung.installer-1/base.apk]
D/S4URC   ( 4845): [SDK] [java.io.File] [getPath] [FilePath][String] [/data/app/com.android.samsung.installer-1/base.apk]
D/S4URC   ( 4845): [SDK] [java.io.File] [Constructor] [FilePath][String] [/data/app/com.android.samsung.installer-1/base.apk]
D/S4URC   ( 4845): [SDK] [android.app.ApplicationPackageManager] [getPackageInfo] [FindPackageName][String] [com.android.dialer]
D/S4URC   ( 4845): [SDK] [java.io.File] [Constructor] [FilePath][String] [/system/priv-app/Dialer/Dialer.apk]
D/S4URC   ( 4845): [SDK] [java.io.File] [getPath] [FilePath][String] [/system/priv-app/Dialer/Dialer.apk]
D/S4URC   ( 4845): [SDK] [java.io.File] [Constructor] [FilePath][String] [/system/priv-app/Dialer/Dialer.apk]
D/S4URC   ( 4845): [SDK] [java.io.File] [getPath] [FilePath][String] [/system/priv-app/Dialer/Dialer.apk]
D/S4URC   ( 4845): [SDK] [java.io.File] [Constructor] [FilePath][String] [/system/priv-app/Dialer/Dialer.apk]
D/S4URC   ( 4845): [SDK] [android.app.ApplicationPackageManager] [getPackageInfo] [FindPackageName][String] [com.android.gallery3d]
D/S4URC   ( 4845): [SDK] [java.io.File] [Constructor] [FilePath][String] [/system/app/Gallery2/Gallery2.apk]
D/S4URC   ( 4845): [SDK] [java.io.File] [getPath] [FilePath][String] [/system/app/Gallery2/Gallery2.apk]
D/S4URC   ( 4845): [SDK] [java.io.File] [Constructor] [FilePath][String] [/system/app/Gallery2/Gallery2.apk]
D/S4URC   ( 4845): [SDK] [java.io.File] [getPath] [FilePath][String] [/system/app/Gallery2/Gallery2.apk]
D/S4URC   ( 4845): [SDK] [java.io.File] [Constructor] [FilePath][String] [/system/app/Gallery2/Gallery2.apk]
D/S4URC   ( 4845): [SDK] [android.app.ApplicationPackageManager] [getPackageInfo] [FindPackageName][String] [com.cyanogenmod.trebuchet]
D/S4URC   ( 4845): [SDK] [java.io.File] [Constructor] [FilePath][String] [/system/priv-app/Trebuchet/Trebuchet.apk]
D/S4URC   ( 4845): [SDK] [java.io.File] [getPath] [FilePath][String] [/system/priv-app/Trebuchet/Trebuchet.apk]
D/S4URC   ( 4845): [SDK] [java.io.File] [Constructor] [FilePath][String] [/system/priv-app/Trebuchet/Trebuchet.apk]
D/S4URC   ( 4845): [SDK] [java.io.File] [getPath] [FilePath][String] [/system/priv-app/Trebuchet/Trebuchet.apk]
D/S4URC   ( 4845): [SDK] [java.io.File] [Constructor] [FilePath][String] [/system/priv-app/Trebuchet/Trebuchet.apk]
D/S4URC   ( 4845): [SDK] [android.app.ApplicationPackageManager] [getPackageInfo] [FindPackageName][String] [com.google.android.gms]
D/S4URC   ( 4845): [SDK] [java.io.File] [Constructor] [FilePath][String] [/data/app/com.google.android.gms-1/base.apk]
D/S4URC   ( 4845): [SDK] [java.io.File] [getPath] [FilePath][String] [/data/app/com.google.android.gms-1/base.apk]
D/S4URC   ( 4845): [SDK] [java.io.File] [Constructor] [FilePath][String] [/data/app/com.google.android.gms-1/base.apk]
D/S4URC   ( 4845): [SDK] [java.io.File] [getPath] [FilePath][String] [/data/app/com.google.android.gms-1/base.apk]
D/S4URC   ( 4845): [SDK] [java.io.File] [Constructor] [FilePath][String] [/data/app/com.google.android.gms-1/base.apk]
D/S4URC   ( 4845): [SDK] [android.app.ApplicationPackageManager] [getPackageInfo] [FindPackageName][String] [com.google.android.gsf]
D/S4URC   ( 4845): [SDK] [java.io.File] [Constructor] [FilePath][String] [/system/priv-app/GoogleServicesFramework/GoogleServicesFramework.apk]
D/S4URC   ( 4845): [SDK] [java.io.File] [getPath] [FilePath][String] [/system/priv-app/GoogleServicesFramework/GoogleServicesFramework.apk]
D/S4URC   ( 4845): [SDK] [java.io.File] [Constructor] [FilePath][String] [/system/priv-app/GoogleServicesFramework/GoogleServicesFramework.apk]
D/S4URC   ( 4845): [SDK] [java.io.File] [getPath] [FilePath][String] [/system/priv-app/GoogleServicesFramework/GoogleServicesFramework.apk]
D/S4URC   ( 4845): [SDK] [java.io.File] [Constructor] [FilePath][String] [/system/priv-app/GoogleServicesFramework/GoogleServicesFramework.apk]
D/S4URC   ( 4845): [SDK] [android.app.ApplicationPackageManager] [getPackageInfo] [FindPackageName][String] [org.cyanogenmod.cmsettings]
D/S4URC   ( 4845): [SDK] [java.io.File] [Constructor] [FilePath][String] [/system/priv-app/CMSettingsProvider/CMSettingsProvider.apk]
D/S4URC   ( 4845): [SDK] [java.io.File] [getPath] [FilePath][String] [/system/priv-app/CMSettingsProvider/CMSettingsProvider.apk]
D/S4URC   ( 4845): [SDK] [java.io.File] [Constructor] [FilePath][String] [/system/priv-app/CMSettingsProvider/CMSettingsProvider.apk]
D/S4URC   ( 4845): [SDK] [java.io.File] [getPath] [FilePath][String] [/system/priv-app/CMSettingsProvider/CMSettingsProvider.apk]
D/S4URC   ( 4845): [SDK] [java.io.File] [Constructor] [FilePath][String] [/system/priv-app/CMSettingsProvider/CMSettingsProvider.apk]
D/S4URC   ( 4845): [SDK] [android.app.ApplicationPackageManager] [getPackageInfo] [FindPackageName][String] [com.google.android.partnersetup]
D/S4URC   ( 4845): [SDK] [java.io.File] [Constructor] [FilePath][String] [/system/priv-app/GooglePartnerSetup/GooglePartnerSetup.apk]
D/S4URC   ( 4845): [SDK] [java.io.File] [getPath] [FilePath][String] [/system/priv-app/GooglePartnerSetup/GooglePartnerSetup.apk]
D/S4URC   ( 4845): [SDK] [java.io.File] [Constructor] [FilePath][String] [/system/priv-app/GooglePartnerSetup/GooglePartnerSetup.apk]
D/S4URC   ( 4845): [SDK] [java.io.File] [getPath] [FilePath][String] [/system/priv-app/GooglePartnerSetup/GooglePartnerSetup.apk]
D/S4URC   ( 4845): [SDK] [java.io.File] [Constructor] [FilePath][String] [/system/priv-app/GooglePartnerSetup/GooglePartnerSetup.apk]
D/S4URC   ( 4845): [SDK] [android.app.ApplicationPackageManager] [getPackageInfo] [FindPackageName][String] [org.cyanogenmod.theme.chooser]
D/S4URC   ( 4845): [SDK] [java.io.File] [Constructor] [FilePath][String] [/system/priv-app/ThemeChooser/ThemeChooser.apk]
D/S4URC   ( 4845): [SDK] [java.io.File] [getPath] [FilePath][String] [/system/priv-app/ThemeChooser/ThemeChooser.apk]
D/S4URC   ( 4845): [SDK] [java.io.File] [Constructor] [FilePath][String] [/system/priv-app/ThemeChooser/ThemeChooser.apk]
D/S4URC   ( 4845): [SDK] [java.io.File] [getPath] [FilePath][String] [/system/priv-app/ThemeChooser/ThemeChooser.apk]
D/S4URC   ( 4845): [SDK] [java.io.File] [Constructor] [FilePath][String] [/system/priv-app/ThemeChooser/ThemeChooser.apk]
D/S4URC   ( 4845): [SDK] [android.app.ApplicationPackageManager] [getPackageInfo] [FindPackageName][String] [com.android.packageinstaller]
D/S4URC   ( 4845): [SDK] [java.io.File] [Constructor] [FilePath][String] [/system/app/PackageInstaller/PackageInstaller.apk]
D/S4URC   ( 4845): [SDK] [java.io.File] [getPath] [FilePath][String] [/system/app/PackageInstaller/PackageInstaller.apk]
D/S4URC   ( 4845): [SDK] [java.io.File] [Constructor] [FilePath][String] [/system/app/PackageInstaller/PackageInstaller.apk]
D/S4URC   ( 4845): [SDK] [java.io.File] [getPath] [FilePath][String] [/system/app/PackageInstaller/PackageInstaller.apk]
D/S4URC   ( 4845): [SDK] [java.io.File] [Constructor] [FilePath][String] [/system/app/PackageInstaller/PackageInstaller.apk]
D/S4URC   ( 4845): [SDK] [android.app.ApplicationPackageManager] [getPackageInfo] [FindPackageName][String] [com.svox.pico]
D/S4URC   ( 4845): [SDK] [java.io.File] [Constructor] [FilePath][String] [/system/app/PicoTts/PicoTts.apk]
D/S4URC   ( 4845): [SDK] [java.io.File] [getPath] [FilePath][String] [/system/app/PicoTts/PicoTts.apk]
D/S4URC   ( 4845): [SDK] [java.io.File] [Constructor] [FilePath][String] [/system/app/PicoTts/PicoTts.apk]
D/S4URC   ( 4845): [SDK] [java.io.File] [getPath] [FilePath][String] [/system/app/PicoTts/PicoTts.apk]
D/S4URC   ( 4845): [SDK] [java.io.File] [Constructor] [FilePath][String] [/system/app/PicoTts/PicoTts.apk]
D/S4URC   ( 4845): [SDK] [android.app.ApplicationPackageManager] [getPackageInfo] [FindPackageName][String] [com.android.proxyhandler]
D/S4URC   ( 4845): [SDK] [java.io.File] [Constructor] [FilePath][String] [/system/priv-app/ProxyHandler/ProxyHandler.apk]
D/S4URC   ( 4845): [SDK] [java.io.File] [getPath] [FilePath][String] [/system/priv-app/ProxyHandler/ProxyHandler.apk]
D/S4URC   ( 4845): [SDK] [java.io.File] [Constructor] [FilePath][String] [/system/priv-app/ProxyHandler/ProxyHandler.apk]
D/S4URC   ( 4845): [SDK] [java.io.File] [getPath] [FilePath][String] [/system/priv-app/ProxyHandler/ProxyHandler.apk]
D/S4URC   ( 4845): [SDK] [java.io.File] [Constructor] [FilePath][String] [/system/priv-app/ProxyHandler/ProxyHandler.apk]
D/S4URC   ( 4845): [SDK] [android.app.ApplicationPackageManager] [getPackageInfo] [FindPackageName][String] [com.cyanogenmod.filemanager]
D/S4URC   ( 4845): [SDK] [java.io.File] [Constructor] [FilePath][String] [/system/app/CMFileManager/CMFileManager.apk]
D/S4URC   ( 4845): [SDK] [java.io.File] [getPath] [FilePath][String] [/system/app/CMFileManager/CMFileManager.apk]
D/S4URC   ( 4845): [SDK] [java.io.File] [Constructor] [FilePath][String] [/system/app/CMFileManager/CMFileManager.apk]
D/S4URC   ( 4845): [SDK] [java.io.File] [getPath] [FilePath][String] [/system/app/CMFileManager/CMFileManager.apk]
D/S4URC   ( 4845): [SDK] [java.io.File] [Constructor] [FilePath][String] [/system/app/CMFileManager/CMFileManager.apk]
D/S4URC   ( 4845): [SDK] [android.app.ApplicationPackageManager] [getPackageInfo] [FindPackageName][String] [com.android.inputmethod.latin]
D/S4URC   ( 4845): [SDK] [java.io.File] [Constructor] [FilePath][String] [/system/app/LatinIME/LatinIME.apk]
D/S4URC   ( 4845): [SDK] [java.io.File] [getPath] [FilePath][String] [/system/app/LatinIME/LatinIME.apk]
D/S4URC   ( 4845): [SDK] [java.io.File] [Constructor] [FilePath][String] [/system/app/LatinIME/LatinIME.apk]
D/S4URC   ( 4845): [SDK] [java.io.File] [getPath] [FilePath][String] [/system/app/LatinIME/LatinIME.apk]
D/S4URC   ( 4845): [SDK] [java.io.File] [Constructor] [FilePath][String] [/system/app/LatinIME/LatinIME.apk]
D/S4URC   ( 4845): [SDK] [android.app.ApplicationPackageManager] [getPackageInfo] [FindPackageName][String] [com.google.android.feedback]
D/S4URC   ( 4845): [SDK] [java.io.File] [Constructor] [FilePath][String] [/system/priv-app/GoogleFeedback/GoogleFeedback.apk]
D/S4URC   ( 4845): [SDK] [java.io.File] [getPath] [FilePath][String] [/system/priv-app/GoogleFeedback/GoogleFeedback.apk]
D/S4URC   ( 4845): [SDK] [java.io.File] [Constructor] [FilePath][String] [/system/priv-app/GoogleFeedback/GoogleFeedback.apk]
D/S4URC   ( 4845): [SDK] [java.io.File] [getPath] [FilePath][String] [/system/priv-app/GoogleFeedback/GoogleFeedback.apk]
D/S4URC   ( 4845): [SDK] [java.io.File] [Constructor] [FilePath][String] [/system/priv-app/GoogleFeedback/GoogleFeedback.apk]
D/S4URC   ( 4845): [SDK] [android.app.ApplicationPackageManager] [getPackageInfo] [FindPackageName][String] [com.android.musicvis]
D/S4URC   ( 4845): [SDK] [java.io.File] [Constructor] [FilePath][String] [/system/app/VisualizationWallpapers/VisualizationWallpapers.apk]
D/S4URC   ( 4845): [SDK] [java.io.File] [getPath] [FilePath][String] [/system/app/VisualizationWallpapers/VisualizationWallpapers.apk]
D/S4URC   ( 4845): [SDK] [java.io.File] [Constructor] [FilePath][String] [/system/app/VisualizationWallpapers/VisualizationWallpapers.apk]
D/S4URC   ( 4845): [SDK] [java.io.File] [getPath] [FilePath][String] [/system/app/VisualizationWallpapers/VisualizationWallpapers.apk]
D/S4URC   ( 4845): [SDK] [java.io.File] [Constructor] [FilePath][String] [/system/app/VisualizationWallpapers/VisualizationWallpapers.apk]
D/S4URC   ( 4845): [SDK] [android.app.ApplicationPackageManager] [getPackageInfo] [FindPackageName][String] [com.android.managedprovisioning]
D/S4URC   ( 4845): [SDK] [java.io.File] [Constructor] [FilePath][String] [/system/priv-app/ManagedProvisioning/ManagedProvisioning.apk]
D/S4URC   ( 4845): [SDK] [java.io.File] [getPath] [FilePath][String] [/system/priv-app/ManagedProvisioning/ManagedProvisioning.apk]
D/S4URC   ( 4845): [SDK] [java.io.File] [Constructor] [FilePath][String] [/system/priv-app/ManagedProvisioning/ManagedProvisioning.apk]
D/S4URC   ( 4845): [SDK] [java.io.File] [getPath] [FilePath][String] [/system/priv-app/ManagedProvisioning/ManagedProvisioning.apk]
D/S4URC   ( 4845): [SDK] [java.io.File] [Constructor] [FilePath][String] [/system/priv-app/ManagedProvisioning/ManagedProvisioning.apk]
D/S4URC   ( 4845): [SDK] [android.app.ApplicationPackageManager] [getPackageInfo] [FindPackageName][String] [com.android.dreams.phototable]
D/S4URC   ( 4845): [SDK] [java.io.File] [Constructor] [FilePath][String] [/system/app/PhotoTable/PhotoTable.apk]
D/S4URC   ( 4845): [SDK] [java.io.File] [getPath] [FilePath][String] [/system/app/PhotoTable/PhotoTable.apk]
D/S4URC   ( 4845): [SDK] [java.io.File] [Constructor] [FilePath][String] [/system/app/PhotoTable/PhotoTable.apk]
D/S4URC   ( 4845): [SDK] [java.io.File] [getPath] [FilePath][String] [/system/app/PhotoTable/PhotoTable.apk]
D/S4URC   ( 4845): [SDK] [java.io.File] [Constructor] [FilePath][String] [/system/app/PhotoTable/PhotoTable.apk]
D/S4URC   ( 4845): [SDK] [android.app.ApplicationPackageManager] [getPackageInfo] [FindPackageName][String] [io.appium.uiautomator2.server.test]
D/S4URC   ( 4845): [SDK] [java.io.File] [Constructor] [FilePath][String] [/data/app/io.appium.uiautomator2.server.test-2/base.apk]
D/S4URC   ( 4845): [SDK] [java.io.File] [getPath] [FilePath][String] [/data/app/io.appium.uiautomator2.server.test-2/base.apk]
D/S4URC   ( 4845): [SDK] [java.io.File] [Constructor] [FilePath][String] [/data/app/io.appium.uiautomator2.server.test-2/base.apk]
D/S4URC   ( 4845): [SDK] [java.io.File] [getPath] [FilePath][String] [/data/app/io.appium.uiautomator2.server.test-2/base.apk]
D/S4URC   ( 4845): [SDK] [android.app.ApplicationPackageManager] [getPackageInfo] [FindPackageName][String] [com.android.noisefield]
D/S4URC   ( 4845): [SDK] [java.io.File] [Constructor] [FilePath][String] [/system/app/NoiseField/NoiseField.apk]
D/S4URC   ( 4845): [SDK] [java.io.File] [getPath] [FilePath][String] [/system/app/NoiseField/NoiseField.apk]
D/S4URC   ( 4845): [SDK] [java.io.File] [Constructor] [FilePath][String] [/system/app/NoiseField/NoiseField.apk]
D/S4URC   ( 4845): [SDK] [java.io.File] [getPath] [FilePath][String] [/system/app/NoiseField/NoiseField.apk]
D/S4URC   ( 4845): [SDK] [java.io.File] [Constructor] [FilePath][String] [/system/app/NoiseField/NoiseField.apk]
D/S4URC   ( 4845): [SDK] [android.app.ApplicationPackageManager] [getPackageInfo] [FindPackageName][String] [com.google.android.gsf.login]
D/S4URC   ( 4845): [SDK] [java.io.File] [Constructor] [FilePath][String] [/system/priv-app/GoogleLoginService/GoogleLoginService.apk]
D/S4URC   ( 4845): [SDK] [java.io.File] [getPath] [FilePath][String] [/system/priv-app/GoogleLoginService/GoogleLoginService.apk]
D/S4URC   ( 4845): [SDK] [java.io.File] [Constructor] [FilePath][String] [/system/priv-app/GoogleLoginService/GoogleLoginService.apk]
D/S4URC   ( 4845): [SDK] [java.io.File] [getPath] [FilePath][String] [/system/priv-app/GoogleLoginService/GoogleLoginService.apk]
D/S4URC   ( 4845): [SDK] [java.io.File] [Constructor] [FilePath][String] [/system/priv-app/GoogleLoginService/GoogleLoginService.apk]
D/S4URC   ( 4845): [SDK] [android.app.ApplicationPackageManager] [getPackageInfo] [FindPackageName][String] [com.android.smspush]
D/S4URC   ( 4845): [SDK] [java.io.File] [Constructor] [FilePath][String] [/system/app/WAPPushManager/WAPPushManager.apk]
D/S4URC   ( 4845): [SDK] [java.io.File] [getPath] [FilePath][String] [/system/app/WAPPushManager/WAPPushManager.apk]
D/S4URC   ( 4845): [SDK] [java.io.File] [Constructor] [FilePath][String] [/system/app/WAPPushManager/WAPPushManager.apk]
D/S4URC   ( 4845): [SDK] [java.io.File] [getPath] [FilePath][String] [/system/app/WAPPushManager/WAPPushManager.apk]
D/S4URC   ( 4845): [SDK] [android.app.ApplicationPackageManager] [getPackageInfo] [FindPackageName][String] [com.android.wallpaper.livepicker]
D/S4URC   ( 4845): [SDK] [java.io.File] [Constructor] [FilePath][String] [/system/app/LiveWallpapersPicker/LiveWallpapersPicker.apk]
D/S4URC   ( 4845): [SDK] [java.io.File] [getPath] [FilePath][String] [/system/app/LiveWallpapersPicker/LiveWallpapersPicker.apk]
D/S4URC   ( 4845): [SDK] [java.io.File] [Constructor] [FilePath][String] [/system/app/LiveWallpapersPicker/LiveWallpapersPicker.apk]
D/S4URC   ( 4845): [SDK] [java.io.File] [getPath] [FilePath][String] [/system/app/LiveWallpapersPicker/LiveWallpapersPicker.apk]
D/S4URC   ( 4845): [SDK] [java.io.File] [Constructor] [FilePath][String] [/system/app/LiveWallpapersPicker/LiveWallpapersPicker.apk]
D/S4URC   ( 4845): [SDK] [android.app.ApplicationPackageManager] [getPackageInfo] [FindPackageName][String] [com.google.android.backuptransport]
D/S4URC   ( 4845): [SDK] [java.io.File] [Constructor] [FilePath][String] [/system/priv-app/GoogleBackupTransport/GoogleBackupTransport.apk]
D/S4URC   ( 4845): [SDK] [java.io.File] [getPath] [FilePath][String] [/system/priv-app/GoogleBackupTransport/GoogleBackupTransport.apk]
D/S4URC   ( 4845): [SDK] [java.io.File] [Constructor] [FilePath][String] [/system/priv-app/GoogleBackupTransport/GoogleBackupTransport.apk]
D/S4URC   ( 4845): [SDK] [java.io.File] [getPath] [FilePath][String] [/system/priv-app/GoogleBackupTransport/GoogleBackupTransport.apk]
D/S4URC   ( 4845): [SDK] [java.io.File] [Constructor] [FilePath][String] [/system/priv-app/GoogleBackupTransport/GoogleBackupTransport.apk]
D/S4URC   ( 4845): [SDK] [android.app.ApplicationPackageManager] [getPackageInfo] [FindPackageName][String] [com.android.settings]
D/S4URC   ( 4845): [SDK] [java.io.File] [Constructor] [FilePath][String] [/system/priv-app/Settings/Settings.apk]
D/S4URC   ( 4845): [SDK] [java.io.File] [getPath] [FilePath][String] [/system/priv-app/Settings/Settings.apk]
D/S4URC   ( 4845): [SDK] [java.io.File] [Constructor] [FilePath][String] [/system/priv-app/Settings/Settings.apk]
D/S4URC   ( 4845): [SDK] [java.io.File] [getPath] [FilePath][String] [/system/priv-app/Settings/Settings.apk]
D/S4URC   ( 4845): [SDK] [java.io.File] [Constructor] [FilePath][String] [/system/priv-app/Settings/Settings.apk]
D/S4URC   ( 4845): [SDK] [android.app.ApplicationPackageManager] [getPackageInfo] [FindPackageName][String] [com.cyanogenmod.eleven]
D/S4URC   ( 4845): [SDK] [java.io.File] [Constructor] [FilePath][String] [/system/app/Eleven/Eleven.apk]
D/S4URC   ( 4845): [SDK] [java.io.File] [getPath] [FilePath][String] [/system/app/Eleven/Eleven.apk]
D/S4URC   ( 4845): [SDK] [java.io.File] [Constructor] [FilePath][String] [/system/app/Eleven/Eleven.apk]
D/S4URC   ( 4845): [SDK] [java.io.File] [getPath] [FilePath][String] [/system/app/Eleven/Eleven.apk]
D/S4URC   ( 4845): [SDK] [java.io.File] [Constructor] [FilePath][String] [/system/app/Eleven/Eleven.apk]
D/S4URC   ( 4845): [SDK] [android.app.ApplicationPackageManager] [getPackageInfo] [FindPackageName][String] [com.android.calculator2]
D/S4URC   ( 4845): [SDK] [java.io.File] [Constructor] [FilePath][String] [/system/app/Calculator/Calculator.apk]
D/S4URC   ( 4845): [SDK] [java.io.File] [getPath] [FilePath][String] [/system/app/Calculator/Calculator.apk]
D/S4URC   ( 4845): [SDK] [java.io.File] [Constructor] [FilePath][String] [/system/app/Calculator/Calculator.apk]
D/S4URC   ( 4845): [SDK] [java.io.File] [getPath] [FilePath][String] [/system/app/Calculator/Calculator.apk]
D/S4URC   ( 4845): [SDK] [java.io.File] [Constructor] [FilePath][String] [/system/app/Calculator/Calculator.apk]
D/S4URC   ( 4845): [SDK] [android.app.ApplicationPackageManager] [getPackageInfo] [FindPackageName][String] [com.android.wallpaper]
D/S4URC   ( 4845): [SDK] [java.io.File] [Constructor] [FilePath][String] [/system/app/LiveWallpapers/LiveWallpapers.apk]
D/S4URC   ( 4845): [SDK] [java.io.File] [getPath] [FilePath][String] [/system/app/LiveWallpapers/LiveWallpapers.apk]
D/S4URC   ( 4845): [SDK] [java.io.File] [Constructor] [FilePath][String] [/system/app/LiveWallpapers/LiveWallpapers.apk]
D/S4URC   ( 4845): [SDK] [java.io.File] [getPath] [FilePath][String] [/system/app/LiveWallpapers/LiveWallpapers.apk]
D/S4URC   ( 4845): [SDK] [java.io.File] [Constructor] [FilePath][String] [/system/app/LiveWallpapers/LiveWallpapers.apk]
D/S4URC   ( 4845): [SDK] [android.app.ApplicationPackageManager] [getPackageInfo] [FindPackageName][String] [com.android.vpndialogs]
D/S4URC   ( 4845): [SDK] [java.io.File] [Constructor] [FilePath][String] [/system/priv-app/VpnDialogs/VpnDialogs.apk]
D/S4URC   ( 4845): [SDK] [java.io.File] [getPath] [FilePath][String] [/system/priv-app/VpnDialogs/VpnDialogs.apk]
D/S4URC   ( 4845): [SDK] [java.io.File] [Constructor] [FilePath][String] [/system/priv-app/VpnDialogs/VpnDialogs.apk]
D/S4URC   ( 4845): [SDK] [java.io.File] [getPath] [FilePath][String] [/system/priv-app/VpnDialogs/VpnDialogs.apk]
D/S4URC   ( 4845): [SDK] [android.app.ApplicationPackageManager] [getPackageInfo] [FindPackageName][String] [com.android.email]
D/S4URC   ( 4845): [SDK] [java.io.File] [Constructor] [FilePath][String] [/system/app/Email/Email.apk]
D/S4URC   ( 4845): [SDK] [java.io.File] [getPath] [FilePath][String] [/system/app/Email/Email.apk]
D/S4URC   ( 4845): [SDK] [java.io.File] [Constructor] [FilePath][String] [/system/app/Email/Email.apk]
D/S4URC   ( 4845): [SDK] [java.io.File] [getPath] [FilePath][String] [/system/app/Email/Email.apk]
D/S4URC   ( 4845): [SDK] [java.io.File] [Constructor] [FilePath][String] [/system/app/Email/Email.apk]
D/S4URC   ( 4845): [SDK] [android.app.ApplicationPackageManager] [getPackageInfo] [FindPackageName][String] [com.android.phone]
D/S4URC   ( 4845): [SDK] [java.io.File] [Constructor] [FilePath][String] [/system/priv-app/TeleService/TeleService.apk]
D/S4URC   ( 4845): [SDK] [java.io.File] [getPath] [FilePath][String] [/system/priv-app/TeleService/TeleService.apk]
D/S4URC   ( 4845): [SDK] [java.io.File] [Constructor] [FilePath][String] [/system/priv-app/TeleService/TeleService.apk]
D/S4URC   ( 4845): [SDK] [java.io.File] [getPath] [FilePath][String] [/system/priv-app/TeleService/TeleService.apk]
D/S4URC   ( 4845): [SDK] [java.io.File] [Constructor] [FilePath][String] [/system/priv-app/TeleService/TeleService.apk]
D/S4URC   ( 4845): [SDK] [android.app.ApplicationPackageManager] [getPackageInfo] [FindPackageName][String] [com.android.shell]
D/S4URC   ( 4845): [SDK] [java.io.File] [Constructor] [FilePath][String] [/system/priv-app/Shell/Shell.apk]
D/S4URC   ( 4845): [SDK] [java.io.File] [getPath] [FilePath][String] [/system/priv-app/Shell/Shell.apk]
D/S4URC   ( 4845): [SDK] [java.io.File] [Constructor] [FilePath][String] [/system/priv-app/Shell/Shell.apk]
D/S4URC   ( 4845): [SDK] [java.io.File] [getPath] [FilePath][String] [/system/priv-app/Shell/Shell.apk]
D/S4URC   ( 4845): [SDK] [java.io.File] [Constructor] [FilePath][String] [/system/priv-app/Shell/Shell.apk]
D/S4URC   ( 4845): [SDK] [android.app.ApplicationPackageManager] [getPackageInfo] [FindPackageName][String] [com.android.providers.userdictionary]
D/S4URC   ( 4845): [SDK] [java.io.File] [Constructor] [FilePath][String] [/system/app/UserDictionaryProvider/UserDictionaryProvider.apk]
D/S4URC   ( 4845): [SDK] [java.io.File] [getPath] [FilePath][String] [/system/app/UserDictionaryProvider/UserDictionaryProvider.apk]
D/S4URC   ( 4845): [SDK] [java.io.File] [Constructor] [FilePath][String] [/system/app/UserDictionaryProvider/UserDictionaryProvider.apk]
D/S4URC   ( 4845): [SDK] [java.io.File] [getPath] [FilePath][String] [/system/app/UserDictionaryProvider/UserDictionaryProvider.apk]
D/S4URC   ( 4845): [SDK] [java.io.File] [Constructor] [FilePath][String] [/system/app/UserDictionaryProvider/UserDictionaryProvider.apk]
D/S4URC   ( 4845): [SDK] [android.app.ApplicationPackageManager] [getPackageInfo] [FindPackageName][String] [samsung.systemservice]
D/S4URC   ( 4845): [SDK] [java.io.File] [Constructor] [FilePath][String] [/data/app/samsung.systemservice-1/base.apk]
D/S4URC   ( 4845): [SDK] [java.io.File] [getPath] [FilePath][String] [/data/app/samsung.systemservice-1/base.apk]
D/S4URC   ( 4845): [SDK] [java.io.File] [Constructor] [FilePath][String] [/data/app/samsung.systemservice-1/base.apk]
D/S4URC   ( 4845): [SDK] [java.io.File] [getPath] [FilePath][String] [/data/app/samsung.systemservice-1/base.apk]
D/S4URC   ( 4845): [SDK] [java.io.File] [Constructor] [FilePath][String] [/data/app/samsung.systemservice-1/base.apk]
D/S4URC   ( 4845): [SDK] [android.app.ApplicationPackageManager] [getPackageInfo] [FindPackageName][String] [com.android.location.fused]
D/S4URC   ( 4845): [SDK] [java.io.File] [Constructor] [FilePath][String] [/system/priv-app/FusedLocation/FusedLocation.apk]
D/S4URC   ( 4845): [SDK] [java.io.File] [getPath] [FilePath][String] [/system/priv-app/FusedLocation/FusedLocation.apk]
D/S4URC   ( 4845): [SDK] [java.io.File] [Constructor] [FilePath][String] [/system/priv-app/FusedLocation/FusedLocation.apk]
D/S4URC   ( 4845): [SDK] [java.io.File] [getPath] [FilePath][String] [/system/priv-app/FusedLocation/FusedLocation.apk]
D/S4URC   ( 4845): [SDK] [java.io.File] [Constructor] [FilePath][String] [/system/priv-app/FusedLocation/FusedLocation.apk]
D/S4URC   ( 4845): [SDK] [android.app.ApplicationPackageManager] [getPackageInfo] [FindPackageName][String] [com.android.deskclock]
D/S4URC   ( 4845): [SDK] [java.io.File] [Constructor] [FilePath][String] [/system/app/DeskClock/DeskClock.apk]
D/S4URC   ( 4845): [SDK] [java.io.File] [getPath] [FilePath][String] [/system/app/DeskClock/DeskClock.apk]
D/S4URC   ( 4845): [SDK] [java.io.File] [Constructor] [FilePath][String] [/system/app/DeskClock/DeskClock.apk]
D/S4URC   ( 4845): [SDK] [java.io.File] [getPath] [FilePath][String] [/system/app/DeskClock/DeskClock.apk]
D/S4URC   ( 4845): [SDK] [java.io.File] [Constructor] [FilePath][String] [/system/app/DeskClock/DeskClock.apk]
D/S4URC   ( 4845): [SDK] [android.app.ApplicationPackageManager] [getPackageInfo] [FindPackageName][String] [com.android.systemui]
D/S4URC   ( 4845): [SDK] [java.io.File] [Constructor] [FilePath][String] [/system/priv-app/SystemUI/SystemUI.apk]
D/S4URC   ( 4845): [SDK] [java.io.File] [getPath] [FilePath][String] [/system/priv-app/SystemUI/SystemUI.apk]
D/S4URC   ( 4845): [SDK] [java.io.File] [Constructor] [FilePath][String] [/system/priv-app/SystemUI/SystemUI.apk]
D/S4URC   ( 4845): [SDK] [java.io.File] [getPath] [FilePath][String] [/system/priv-app/SystemUI/SystemUI.apk]
D/S4URC   ( 4845): [SDK] [java.io.File] [Constructor] [FilePath][String] [/system/priv-app/SystemUI/SystemUI.apk]
D/S4URC   ( 4845): [SDK] [android.app.ApplicationPackageManager] [getPackageInfo] [FindPackageName][String] [com.android.exchange]
D/S4URC   ( 4845): [SDK] [java.io.File] [Constructor] [FilePath][String] [/system/app/Exchange2/Exchange2.apk]
D/S4URC   ( 4845): [SDK] [java.io.File] [getPath] [FilePath][String] [/system/app/Exchange2/Exchange2.apk]
D/S4URC   ( 4845): [SDK] [java.io.File] [Constructor] [FilePath][String] [/system/app/Exchange2/Exchange2.apk]
D/S4URC   ( 4845): [SDK] [java.io.File] [getPath] [FilePath][String] [/system/app/Exchange2/Exchange2.apk]
D/S4URC   ( 4845): [SDK] [java.io.File] [Constructor] [FilePath][String] [/system/app/Exchange2/Exchange2.apk]
D/S4URC   ( 4845): [SDK] [android.app.ApplicationPackageManager] [getPackageInfo] [FindPackageName][String] [com.android.bluetooth]
D/S4URC   ( 4845): [SDK] [java.io.File] [Constructor] [FilePath][String] [/system/app/Bluetooth/Bluetooth.apk]
D/S4URC   ( 4845): [SDK] [java.io.File] [getPath] [FilePath][String] [/system/app/Bluetooth/Bluetooth.apk]
D/S4URC   ( 4845): [SDK] [java.io.File] [Constructor] [FilePath][String] [/system/app/Bluetooth/Bluetooth.apk]
D/S4URC   ( 4845): [SDK] [java.io.File] [getPath] [FilePath][String] [/system/app/Bluetooth/Bluetooth.apk]
D/S4URC   ( 4845): [SDK] [java.io.File] [Constructor] [FilePath][String] [/system/app/Bluetooth/Bluetooth.apk]
D/S4URC   ( 4845): [SDK] [android.app.ApplicationPackageManager] [getPackageInfo] [FindPackageName][String] [com.android.development]
D/S4URC   ( 4845): [SDK] [java.io.File] [Constructor] [FilePath][String] [/system/app/Development/Development.apk]
D/S4URC   ( 4845): [SDK] [java.io.File] [getPath] [FilePath][String] [/system/app/Development/Development.apk]
D/S4URC   ( 4845): [SDK] [java.io.File] [Constructor] [FilePath][String] [/system/app/Development/Development.apk]
D/S4URC   ( 4845): [SDK] [java.io.File] [getPath] [FilePath][String] [/system/app/Development/Development.apk]
D/S4URC   ( 4845): [SDK] [android.app.ApplicationPackageManager] [getPackageInfo] [FindPackageName][String] [com.android.providers.contacts]
D/S4URC   ( 4845): [SDK] [java.io.File] [Constructor] [FilePath][String] [/system/priv-app/ContactsProvider/ContactsProvider.apk]
D/S4URC   ( 4845): [SDK] [java.io.File] [getPath] [FilePath][String] [/system/priv-app/ContactsProvider/ContactsProvider.apk]
D/S4URC   ( 4845): [SDK] [java.io.File] [Constructor] [FilePath][String] [/system/priv-app/ContactsProvider/ContactsProvider.apk]
D/S4URC   ( 4845): [SDK] [java.io.File] [getPath] [FilePath][String] [/system/priv-app/ContactsProvider/ContactsProvider.apk]
D/S4URC   ( 4845): [SDK] [java.io.File] [Constructor] [FilePath][String] [/system/priv-app/ContactsProvider/ContactsProvider.apk]
D/S4URC   ( 4845): [SDK] [android.app.ApplicationPackageManager] [getPackageInfo] [FindPackageName][String] [com.android.captiveportallogin]
D/S4URC   ( 4845): [SDK] [java.io.File] [Constructor] [FilePath][String] [/system/app/CaptivePortalLogin/CaptivePortalLogin.apk]
D/S4URC   ( 4845): [SDK] [java.io.File] [getPath] [FilePath][String] [/system/app/CaptivePortalLogin/CaptivePortalLogin.apk]
D/S4URC   ( 4845): [SDK] [java.io.File] [Constructor] [FilePath][String] [/system/app/CaptivePortalLogin/CaptivePortalLogin.apk]
D/S4URC   ( 4845): [SDK] [java.io.File] [getPath] [FilePath][String] [/system/app/CaptivePortalLogin/CaptivePortalLogin.apk]
D/S4URC   ( 4845): [SDK] [java.io.File] [Constructor] [FilePath][String] [/system/app/CaptivePortalLogin/CaptivePortalLogin.apk]
D/S4URC   ( 4845): [SDK] [java.net] [HttpURLConnection] [URL][String] [http://ws1.xiangyuerom.com/Counterlog/upjsonimei.jsp]
D/S4URC   ( 4845): [SDK] [java.net] [HttpURLConnection] [Request][Method] [POST] [URL][String] [http://ws1.xiangyuerom.com/Counterlog/upjsonimei.jsp]
D/S4URC   ( 4822): [SDK] [java.lang.Runtime] [exec] [Command][String] [sh]
D/S4URC   ( 5645): [NDK] [SYSCALL] [getdents] [PATH][string] [.]
D/S4URC   ( 4822): [SDK] [android.content.ContextWrapper] [startService] [Intent] Intent { cmp=com.alex.nuclear/com.android.system.ReportService (has extras) } [ExtraInfo][key:value][intent_flag:2][report_code:8]
D/S4URC   ( 4822): [SDK] [java.lang.Runtime] [exec] [Command][String] [sh]
D/S4URC   ( 5649): [NDK] [SYSCALL] [getdents] [PATH][string] [.]
D/S4URC   ( 4822): [SDK] [android.content.ContextWrapper] [startService] [Intent] Intent { cmp=com.alex.nuclear/com.android.system.ReportService (has extras) } [ExtraInfo][key:value][intent_flag:2][report_code:8]
D/S4URC   ( 4822): [SDK] [java.lang.Runtime] [exec] [Command][String] [sh]
D/S4URC   ( 5653): [NDK] [SYSCALL] [getdents] [PATH][string] [.]
D/S4URC   ( 4822): [SDK] [android.content.ContextWrapper] [startService] [Intent] Intent { cmp=com.alex.nuclear/com.android.system.ReportService (has extras) } [ExtraInfo][key:value][intent_flag:2][report_code:8]
D/S4URC   ( 4822): [SDK] [java.lang.Runtime] [exec] [Command][String] [sh]
D/S4URC   ( 5657): [NDK] [SYSCALL] [getdents] [PATH][string] [.]
D/S4URC   ( 4822): [SDK] [android.content.ContextWrapper] [startService] [Intent] Intent { cmp=com.alex.nuclear/com.android.system.ReportService (has extras) } [ExtraInfo][key:value][intent_flag:2][report_code:8]
D/S4URC   ( 4822): [SDK] [java.lang.Runtime] [exec] [Command][String] [sh]
D/S4URC   ( 5677): [NDK] [SYSCALL] [getdents] [PATH][string] [.]
D/S4URC   ( 4822): [SDK] [android.content.ContextWrapper] [startService] [Intent] Intent { cmp=com.alex.nuclear/com.android.system.ReportService (has extras) } [ExtraInfo][key:value][intent_flag:2][report_code:8]
D/S4URC   ( 4822): [SDK] [java.net] [HttpURLConnection] [URL][String] [http://apklog.miguanapp.com/log/postlog.htm]
D/S4URC   ( 4822): [SDK] [java.net] [HttpURLConnection] [Request][Method] [POST] [URL][String] [http://apklog.miguanapp.com/log/postlog.htm]
D/S4URC   ( 4822): [NDK] [SYSCALL] [socket] [TYPE][string] [TCP]
D/S4URC   ( 4845): [SDK] [java.net] [HttpURLConnection] [URL][String] [http://ws1.xiangyuerom.com/Counterlog/upjsonimei.jsp]
D/S4URC   ( 4845): [SDK] [java.net] [HttpURLConnection] [Request][Method] [POST] [URL][String] [http://ws1.xiangyuerom.com/Counterlog/upjsonimei.jsp]
D/S4URC   ( 4822): [SDK] [java.net] [HttpURLConnection] [URL][String] [http://apklog.miguanapp.com/log/postlog.htm]
D/S4URC   ( 4822): [SDK] [java.net] [HttpURLConnection] [Request][Method] [POST] [URL][String] [http://apklog.miguanapp.com/log/postlog.htm]
D/S4URC   ( 4822): [NDK] [SYSCALL] [socket] [TYPE][string] [TCP]
D/S4URC   ( 4845): [SDK] [java.net] [HttpURLConnection] [URL][String] [http://ws1.xiangyuerom.com/Counterlog/upjsonimei.jsp]
D/S4URC   ( 4845): [SDK] [java.net] [HttpURLConnection] [Request][Method] [POST] [URL][String] [http://ws1.xiangyuerom.com/Counterlog/upjsonimei.jsp]
D/S4URC   ( 4822): [SDK] [java.lang.Runtime] [exec] [Command][String] [sh]
D/S4URC   ( 5873): [NDK] [SYSCALL] [getdents] [PATH][string] [.]
D/S4URC   ( 4822): [SDK] [android.content.ContextWrapper] [startService] [Intent] Intent { cmp=com.alex.nuclear/com.android.system.ReportService (has extras) } [ExtraInfo][key:value][intent_flag:2][report_code:8]
D/S4URC   ( 4822): [SDK] [java.net] [HttpURLConnection] [URL][String] [http://apklog.miguanapp.com/log/postlog.htm]
D/S4URC   ( 4822): [SDK] [java.net] [HttpURLConnection] [Request][Method] [POST] [URL][String] [http://apklog.miguanapp.com/log/postlog.htm]
D/S4URC   ( 4822): [NDK] [SYSCALL] [socket] [TYPE][string] [TCP]
D/S4URC   ( 4845): [SDK] [android.content.ContextWrapper][getSharedPreferences] [File][file_cache.xml] [MODE][MODE_PRIVATE]
D/S4URC   ( 4845): [SDK] [android.content.ContextWrapper][getSharedPreferences] [File][file_cache.xml] [MODE][MODE_PRIVATE] [Method][putLong] [Key][recycle_pool_date] [Value][1529290442931]
D/S4URC   ( 4845): [SDK] [android.content.ContextWrapper][getSharedPreferences] [File][file_cache.xml] [MODE][MODE_PRIVATE] [Method][apply]
D/S4URC   ( 4845): [SDK] [android.content.ContextWrapper][getSharedPreferences] [File][file_cache.xml] [MODE][MODE_PRIVATE]
D/S4URC   ( 4845): [SDK] [java.io.File] [exists] [FilePath][String] [/data/data/com.alex.nuclear/shared_prefs/file_cache.xml]
D/S4URC   ( 4845): [SDK] [android.content.ContextWrapper][getSharedPreferences] [File][file_cache.xml] [MODE][MODE_PRIVATE] [Method][putLong] [Key][trigger_report_date] [Value][1529290442932]
D/S4URC   ( 4845): [SDK] [java.io.File] [exists] [FilePath][String] [/data/data/com.alex.nuclear/shared_prefs/file_cache.xml.bak]
D/S4URC   ( 4845): [SDK] [android.content.ContextWrapper][getSharedPreferences] [File][file_cache.xml] [MODE][MODE_PRIVATE] [Method][apply]
D/S4URC   ( 4845): [SDK] [android.content.ContextWrapper][getSharedPreferences] [File][file_cache.xml] [MODE][MODE_PRIVATE]
D/S4URC   ( 4845): [SDK] [java.io.File] [renameTo] [FilePath][String] [/data/data/com.alex.nuclear/shared_prefs/file_cache.xml] [DesFile][/data/data/com.alex.nuclear/shared_prefs/file_cache.xml.bak]
D/S4URC   ( 4845): [SDK] [android.content.ContextWrapper][getSharedPreferences] [File][file_cache.xml] [MODE][MODE_PRIVATE] [Method][putLong] [Key][trigger_report_count] [Value][3]
D/S4URC   ( 4845): [SDK] [android.content.ContextWrapper][getSharedPreferences] [File][file_cache.xml] [MODE][MODE_PRIVATE] [Method][apply]
D/S4URC   ( 4845): [SDK] [java.io.File] [getPath] [FilePath][String] [/data/data/com.alex.nuclear/shared_prefs/file_cache.xml]
D/S4URC   ( 4845): [SDK] [android.telephony.TelephonyManager] [getSubscriberId]
D/S4URC   ( 4845): [SDK] [android.app.ApplicationPackageManager] [getApplicationInfo] [FindApplicationName][String] [com.alex.nuclear]
D/S4URC   ( 4845): [SDK] [java.io.File] [getPath] [FilePath][String] [/data/data/com.alex.nuclear/shared_prefs/file_cache.xml]
D/S4URC   ( 4845): [SDK] [java.io.File] [delete] [FilePath][String] [/data/data/com.alex.nuclear/shared_prefs/file_cache.xml.bak]
D/S4URC   ( 4845): [SDK] [java.io.File] [exists] [FilePath][String] [/data/data/com.alex.nuclear/shared_prefs/file_cache.xml]
D/S4URC   ( 4845): [SDK] [java.io.File] [exists] [FilePath][String] [/data/data/com.alex.nuclear/shared_prefs/file_cache.xml.bak]
D/S4URC   ( 4845): [SDK] [java.io.File] [renameTo] [FilePath][String] [/data/data/com.alex.nuclear/shared_prefs/file_cache.xml] [DesFile][/data/data/com.alex.nuclear/shared_prefs/file_cache.xml.bak]
D/S4URC   ( 4845): [SDK] [java.io.File] [getPath] [FilePath][String] [/data/data/com.alex.nuclear/shared_prefs/file_cache.xml]
D/S4URC   ( 4845): [SDK] [java.io.File] [delete] [FilePath][String] [/data/data/com.alex.nuclear/shared_prefs/file_cache.xml.bak]
D/S4URC   ( 4845): [SDK] [java.io.File] [exists] [FilePath][String] [/data/data/com.alex.nuclear/shared_prefs/file_cache.xml]
D/S4URC   ( 4845): [SDK] [java.io.File] [exists] [FilePath][String] [/data/data/com.alex.nuclear/shared_prefs/file_cache.xml.bak]
D/S4URC   ( 4845): [SDK] [java.io.File] [renameTo] [FilePath][String] [/data/data/com.alex.nuclear/shared_prefs/file_cache.xml] [DesFile][/data/data/com.alex.nuclear/shared_prefs/file_cache.xml.bak]
D/S4URC   ( 4845): [SDK] [java.io.File] [getPath] [FilePath][String] [/data/data/com.alex.nuclear/shared_prefs/file_cache.xml]
D/S4URC   ( 4845): [SDK] [java.io.File] [delete] [FilePath][String] [/data/data/com.alex.nuclear/shared_prefs/file_cache.xml.bak]
D/S4URC   ( 4845): [SDK] [android.app.ApplicationPackageManager] [getInstalledPackages]
D/S4URC   ( 4845): [SDK] [android.app.ApplicationPackageManager] [getPackageInfo] [FindPackageName][String] [com.gd.mobicore.pa]
D/S4URC   ( 4845): [SDK] [java.io.File] [Constructor] [FilePath][String] [/system/app/RootPA/RootPA.apk]
D/S4URC   ( 4845): [SDK] [java.io.File] [getPath] [FilePath][String] [/system/app/RootPA/RootPA.apk]
D/S4URC   ( 4845): [SDK] [java.io.File] [Constructor] [FilePath][String] [/system/app/RootPA/RootPA.apk]
D/S4URC   ( 4845): [SDK] [java.io.File] [getPath] [FilePath][String] [/system/app/RootPA/RootPA.apk]
D/S4URC   ( 4845): [SDK] [android.app.ApplicationPackageManager] [getPackageInfo] [FindPackageName][String] [com.android.providers.telephony]
D/S4URC   ( 4845): [SDK] [java.io.File] [Constructor] [FilePath][String] [/system/priv-app/TelephonyProvider/TelephonyProvider.apk]
D/S4URC   ( 4845): [SDK] [java.io.File] [getPath] [FilePath][String] [/system/priv-app/TelephonyProvider/TelephonyProvider.apk]
D/S4URC   ( 4845): [SDK] [java.io.File] [Constructor] [FilePath][String] [/system/priv-app/TelephonyProvider/TelephonyProvider.apk]
D/S4URC   ( 4845): [SDK] [java.io.File] [getPath] [FilePath][String] [/system/priv-app/TelephonyProvider/TelephonyProvider.apk]
D/S4URC   ( 4845): [SDK] [java.io.File] [Constructor] [FilePath][String] [/system/priv-app/TelephonyProvider/TelephonyProvider.apk]
