D/S4URC   ( 2652): [SDK] [java.io.File] [exists] [FilePath][String] [/data/data/com.gc.fly.jule/files/uu_data/TfwdHX6qHv0AkshSW_kmmg==/app_data/files/BRjwlSHO2oQ=]
D/S4URC   ( 2652): [NDK] [SYSCALL] [access] [PATH][string] [/data/data/com.gc.fly.jule/files/uu_data/TfwdHX6qHv0AkshSW_kmmg==/app_data/files/BRjwlSHO2oQ=]
D/S4URC   ( 2652): [SDK] [java.io.File] [createNewFile] [FilePath][String] [/data/data/com.gc.fly.jule/files/uu_data/TfwdHX6qHv0AkshSW_kmmg==/app_data/files/BRjwlSHO2oQ=/JCYJQ-OOoEM3wZjZoLrWUQ==]
D/S4URC   ( 2652): [NDK] [SYSCALL] [open] [PATH][string] [/data/data/com.gc.fly.jule/files/uu_data/TfwdHX6qHv0AkshSW_kmmg==/app_data/files/BRjwlSHO2oQ=/JCYJQ-OOoEM3wZjZoLrWUQ==] [RETURN][int] [58]
D/S4URC   ( 2652): [SDK] [java.io.File] [getPath] [FilePath][String] [/data/data/com.gc.fly.jule/files/uu_data/TfwdHX6qHv0AkshSW_kmmg==/app_data/files/BRjwlSHO2oQ=/JCYJQ-OOoEM3wZjZoLrWUQ==]
D/S4URC   ( 2652): [NDK] [SYSCALL] [open] [PATH][string] [/data/data/com.gc.fly.jule/files/uu_data/TfwdHX6qHv0AkshSW_kmmg==/app_data/files/BRjwlSHO2oQ=/JCYJQ-OOoEM3wZjZoLrWUQ==] [RETURN][int] [58]
D/S4URC   ( 2652): [SDK] [java.io.File] [exists] [FilePath][String] [/data/data/com.gc.fly.jule/files/uu_data/TfwdHX6qHv0AkshSW_kmmg==/app_data/shared_prefs/aO4B_vpFEVi2L9NpESk0JOh07Os=.xml]
D/S4URC   ( 2652): [NDK] [SYSCALL] [access] [PATH][string] [/data/data/com.gc.fly.jule/files/uu_data/TfwdHX6qHv0AkshSW_kmmg==/app_data/shared_prefs/aO4B_vpFEVi2L9NpESk0JOh07Os=.xml]
D/S4URC   ( 2652): [SDK] [java.io.File] [delete] [FilePath][String] [/data/data/com.gc.fly.jule/files/uu_data/TfwdHX6qHv0AkshSW_kmmg==/app_data/shared_prefs/aO4B_vpFEVi2L9NpESk0JOh07Os=.xml]
D/S4URC   ( 2652): [NDK] [SYSCALL] [lstat] [PATH][string] [/data/data/com.gc.fly.jule/files/uu_data/TfwdHX6qHv0AkshSW_kmmg==/app_data/shared_prefs/aO4B_vpFEVi2L9NpESk0JOh07Os=.xml]
D/S4URC   ( 2652): [NDK] [SYSCALL] [unlink] [PATH][string] [/data/data/com.gc.fly.jule/files/uu_data/TfwdHX6qHv0AkshSW_kmmg==/app_data/shared_prefs/aO4B_vpFEVi2L9NpESk0JOh07Os=.xml]
D/S4URC   ( 2652): [SDK] [java.io.File] [getPath] [FilePath][String] [/data/data/com.gc.fly.jule/files/uu_data/TfwdHX6qHv0AkshSW_kmmg==/app_data/shared_prefs/aO4B_vpFEVi2L9NpESk0JOh07Os=.xml]
D/S4URC   ( 2652): [NDK] [SYSCALL] [open] [PATH][string] [/data/data/com.gc.fly.jule/files/uu_data/TfwdHX6qHv0AkshSW_kmmg==/app_data/shared_prefs/aO4B_vpFEVi2L9NpESk0JOh07Os=.xml] [RETURN][int] [58]
D/S4URC   ( 2652): [SDK] [java.io.File] [getPath] [FilePath][String] [/data/data/com.gc.fly.jule/files/uu_data/TfwdHX6qHv0AkshSW_kmmg==/app_data/shared_prefs/aO4B_vpFEVi2L9NpESk0JOh07Os=.xml]
D/S4URC   ( 2652): [NDK] [SYSCALL] [chmod] [PATH][string] [/data/data/com.gc.fly.jule/files/uu_data/TfwdHX6qHv0AkshSW_kmmg==/app_data/shared_prefs/aO4B_vpFEVi2L9NpESk0JOh07Os=.xml] [MODE][int] [0660]
D/S4URC   ( 2652): [SDK] [java.io.File] [Constructor] [FilePath][String] [/data/data/com.gc.fly.jule/files/uu_data/TfwdHX6qHv0AkshSW_kmmg==/app_data/files/BRjwlSHO2oQ=/JCYJQ-OOoEM3wZjZoLrWUQ==]
D/S4URC   ( 2652): [SDK] [java.io.File] [exists] [FilePath][String] [/data/data/com.gc.fly.jule/files/uu_data/TfwdHX6qHv0AkshSW_kmmg==/app_data/files/BRjwlSHO2oQ=/JCYJQ-OOoEM3wZjZoLrWUQ==]
D/S4URC   ( 2652): [NDK] [SYSCALL] [access] [PATH][string] [/data/data/com.gc.fly.jule/files/uu_data/TfwdHX6qHv0AkshSW_kmmg==/app_data/files/BRjwlSHO2oQ=/JCYJQ-OOoEM3wZjZoLrWUQ==]
D/S4URC   ( 2652): [SDK] [java.io.File] [exists] [FilePath][String] [/data/data/com.gc.fly.jule/files/uu_data/TfwdHX6qHv0AkshSW_kmmg==/app_data/shared_prefs/Jgt3M_5Vhn8Rcaj8dRecimW0MNgEJN9_.xml]
D/S4URC   ( 2652): [NDK] [SYSCALL] [access] [PATH][string] [/data/data/com.gc.fly.jule/files/uu_data/TfwdHX6qHv0AkshSW_kmmg==/app_data/shared_prefs/Jgt3M_5Vhn8Rcaj8dRecimW0MNgEJN9_.xml]
D/S4URC   ( 2652): [SDK] [java.io.File] [delete] [FilePath][String] [/data/data/com.gc.fly.jule/files/uu_data/TfwdHX6qHv0AkshSW_kmmg==/app_data/shared_prefs/Jgt3M_5Vhn8Rcaj8dRecimW0MNgEJN9_.xml]
D/S4URC   ( 2652): [NDK] [SYSCALL] [lstat] [PATH][string] [/data/data/com.gc.fly.jule/files/uu_data/TfwdHX6qHv0AkshSW_kmmg==/app_data/shared_prefs/Jgt3M_5Vhn8Rcaj8dRecimW0MNgEJN9_.xml]
D/S4URC   ( 2652): [NDK] [SYSCALL] [unlink] [PATH][string] [/data/data/com.gc.fly.jule/files/uu_data/TfwdHX6qHv0AkshSW_kmmg==/app_data/shared_prefs/Jgt3M_5Vhn8Rcaj8dRecimW0MNgEJN9_.xml]
D/S4URC   ( 2652): [SDK] [java.io.File] [getPath] [FilePath][String] [/data/data/com.gc.fly.jule/files/uu_data/TfwdHX6qHv0AkshSW_kmmg==/app_data/shared_prefs/Jgt3M_5Vhn8Rcaj8dRecimW0MNgEJN9_.xml]
D/S4URC   ( 2652): [NDK] [SYSCALL] [open] [PATH][string] [/data/data/com.gc.fly.jule/files/uu_data/TfwdHX6qHv0AkshSW_kmmg==/app_data/shared_prefs/Jgt3M_5Vhn8Rcaj8dRecimW0MNgEJN9_.xml] [RETURN][int] [58]
D/S4URC   ( 2652): [SDK] [java.io.File] [getPath] [FilePath][String] [/data/data/com.gc.fly.jule/files/uu_data/TfwdHX6qHv0AkshSW_kmmg==/app_data/shared_prefs/Jgt3M_5Vhn8Rcaj8dRecimW0MNgEJN9_.xml]
D/S4URC   ( 2652): [NDK] [SYSCALL] [chmod] [PATH][string] [/data/data/com.gc.fly.jule/files/uu_data/TfwdHX6qHv0AkshSW_kmmg==/app_data/shared_prefs/Jgt3M_5Vhn8Rcaj8dRecimW0MNgEJN9_.xml] [MODE][int] [0660]
D/S4URC   ( 2652): [SDK] [java.io.File] [exists] [FilePath][String] [/data/data/com.gc.fly.jule/files/uu_data/TfwdHX6qHv0AkshSW_kmmg==/app_data/shared_prefs/Jgt3M_5Vhn8Rcaj8dRecimW0MNgEJN9_.xml]
D/S4URC   ( 2652): [NDK] [SYSCALL] [access] [PATH][string] [/data/data/com.gc.fly.jule/files/uu_data/TfwdHX6qHv0AkshSW_kmmg==/app_data/shared_prefs/Jgt3M_5Vhn8Rcaj8dRecimW0MNgEJN9_.xml]
D/S4URC   ( 2652): [SDK] [java.io.File] [delete] [FilePath][String] [/data/data/com.gc.fly.jule/files/uu_data/TfwdHX6qHv0AkshSW_kmmg==/app_data/shared_prefs/Jgt3M_5Vhn8Rcaj8dRecimW0MNgEJN9_.xml]
D/S4URC   ( 2652): [NDK] [SYSCALL] [lstat] [PATH][string] [/data/data/com.gc.fly.jule/files/uu_data/TfwdHX6qHv0AkshSW_kmmg==/app_data/shared_prefs/Jgt3M_5Vhn8Rcaj8dRecimW0MNgEJN9_.xml]
D/S4URC   ( 2652): [NDK] [SYSCALL] [unlink] [PATH][string] [/data/data/com.gc.fly.jule/files/uu_data/TfwdHX6qHv0AkshSW_kmmg==/app_data/shared_prefs/Jgt3M_5Vhn8Rcaj8dRecimW0MNgEJN9_.xml]
D/S4URC   ( 2652): [SDK] [java.io.File] [getPath] [FilePath][String] [/data/data/com.gc.fly.jule/files/uu_data/TfwdHX6qHv0AkshSW_kmmg==/app_data/shared_prefs/Jgt3M_5Vhn8Rcaj8dRecimW0MNgEJN9_.xml]
D/S4URC   ( 2652): [NDK] [SYSCALL] [open] [PATH][string] [/data/data/com.gc.fly.jule/files/uu_data/TfwdHX6qHv0AkshSW_kmmg==/app_data/shared_prefs/Jgt3M_5Vhn8Rcaj8dRecimW0MNgEJN9_.xml] [RETURN][int] [58]
D/S4URC   ( 2652): [SDK] [java.io.File] [getPath] [FilePath][String] [/data/data/com.gc.fly.jule/files/uu_data/TfwdHX6qHv0AkshSW_kmmg==/app_data/shared_prefs/Jgt3M_5Vhn8Rcaj8dRecimW0MNgEJN9_.xml]
D/S4URC   ( 2652): [NDK] [SYSCALL] [chmod] [PATH][string] [/data/data/com.gc.fly.jule/files/uu_data/TfwdHX6qHv0AkshSW_kmmg==/app_data/shared_prefs/Jgt3M_5Vhn8Rcaj8dRecimW0MNgEJN9_.xml] [MODE][int] [0660]
D/S4URC   ( 2652): [SDK] [java.io.File] [exists] [FilePath][String] [/data/data/com.gc.fly.jule/files/uu_data/TfwdHX6qHv0AkshSW_kmmg==/app_data/shared_prefs/aO4B_vpFEVi2L9NpESk0JOh07Os=.xml]
D/S4URC   ( 2652): [NDK] [SYSCALL] [access] [PATH][string] [/data/data/com.gc.fly.jule/files/uu_data/TfwdHX6qHv0AkshSW_kmmg==/app_data/shared_prefs/aO4B_vpFEVi2L9NpESk0JOh07Os=.xml]
D/S4URC   ( 2652): [SDK] [java.io.File] [delete] [FilePath][String] [/data/data/com.gc.fly.jule/files/uu_data/TfwdHX6qHv0AkshSW_kmmg==/app_data/shared_prefs/aO4B_vpFEVi2L9NpESk0JOh07Os=.xml]
D/S4URC   ( 2652): [NDK] [SYSCALL] [lstat] [PATH][string] [/data/data/com.gc.fly.jule/files/uu_data/TfwdHX6qHv0AkshSW_kmmg==/app_data/shared_prefs/aO4B_vpFEVi2L9NpESk0JOh07Os=.xml]
D/S4URC   ( 2652): [NDK] [SYSCALL] [unlink] [PATH][string] [/data/data/com.gc.fly.jule/files/uu_data/TfwdHX6qHv0AkshSW_kmmg==/app_data/shared_prefs/aO4B_vpFEVi2L9NpESk0JOh07Os=.xml]
D/S4URC   ( 2652): [SDK] [java.io.File] [getPath] [FilePath][String] [/data/data/com.gc.fly.jule/files/uu_data/TfwdHX6qHv0AkshSW_kmmg==/app_data/shared_prefs/aO4B_vpFEVi2L9NpESk0JOh07Os=.xml]
D/S4URC   ( 2652): [NDK] [SYSCALL] [open] [PATH][string] [/data/data/com.gc.fly.jule/files/uu_data/TfwdHX6qHv0AkshSW_kmmg==/app_data/shared_prefs/aO4B_vpFEVi2L9NpESk0JOh07Os=.xml] [RETURN][int] [70]
D/S4URC   ( 2652): [SDK] [java.io.File] [getPath] [FilePath][String] [/data/data/com.gc.fly.jule/files/uu_data/TfwdHX6qHv0AkshSW_kmmg==/app_data/shared_prefs/aO4B_vpFEVi2L9NpESk0JOh07Os=.xml]
D/S4URC   ( 2652): [NDK] [SYSCALL] [chmod] [PATH][string] [/data/data/com.gc.fly.jule/files/uu_data/TfwdHX6qHv0AkshSW_kmmg==/app_data/shared_prefs/aO4B_vpFEVi2L9NpESk0JOh07Os=.xml] [MODE][int] [0660]
D/S4URC   ( 2652): [SDK] [java.io.File] [exists] [FilePath][String] [/data/data/com.gc.fly.jule/files/uu_data/TfwdHX6qHv0AkshSW_kmmg==/app_data/files/TIpOTAhZHVuavVDj/FKSO-PTG-6bHG6iKfVdjtUdNFkk=]
D/S4URC   ( 2652): [NDK] [SYSCALL] [access] [PATH][string] [/data/data/com.gc.fly.jule/files/uu_data/TfwdHX6qHv0AkshSW_kmmg==/app_data/files/TIpOTAhZHVuavVDj/FKSO-PTG-6bHG6iKfVdjtUdNFkk=]
D/S4URC   ( 2652): [SDK] [java.io.File] [getPath] [FilePath][String] [/data/data/com.gc.fly.jule/files/uu_data/TfwdHX6qHv0AkshSW_kmmg==/app_data/files/TIpOTAhZHVuavVDj/FKSO-PTG-6bHG6iKfVdjtUdNFkk=]
D/S4URC   ( 2652): [NDK] [SYSCALL] [open] [PATH][string] [/data/data/com.gc.fly.jule/files/uu_data/TfwdHX6qHv0AkshSW_kmmg==/app_data/files/TIpOTAhZHVuavVDj/FKSO-PTG-6bHG6iKfVdjtUdNFkk=] [RETURN][int] [58]
D/S4URC   ( 2652): [SDK] [java.io.File] [exists] [FilePath][String] [/storage/sdcard0/.system/TIpOTAhZHVuavVDj/FKSO-PTG-6bHG6iKfVdjtUdNFkk=]
D/S4URC   ( 2652): [NDK] [SYSCALL] [access] [PATH][string] [/storage/sdcard0/.system/TIpOTAhZHVuavVDj/FKSO-PTG-6bHG6iKfVdjtUdNFkk=]
D/S4URC   ( 2652): [SDK] [java.io.File] [getPath] [FilePath][String] [/storage/sdcard0/.system/TIpOTAhZHVuavVDj/FKSO-PTG-6bHG6iKfVdjtUdNFkk=]
D/S4URC   ( 2652): [NDK] [SYSCALL] [open] [PATH][string] [/storage/sdcard0/.system/TIpOTAhZHVuavVDj/FKSO-PTG-6bHG6iKfVdjtUdNFkk=] [RETURN][int] [58]
D/S4URC   ( 2652): [SDK] [java.io.File] [getParent] [FilePath][String] [/storage/sdcard0/.system/TIpOTAhZHVuavVDj/FKSO-PTG-6bHG6iKfVdjtUdNFkk=]
D/S4URC   ( 2652): [SDK] [java.io.File] [Constructor] [FilePath][String] [/storage/sdcard0/.system/TIpOTAhZHVuavVDj]
D/S4URC   ( 2652): [SDK] [java.io.File] [exists] [FilePath][String] [/storage/sdcard0/.system/TIpOTAhZHVuavVDj]
D/S4URC   ( 2652): [NDK] [SYSCALL] [access] [PATH][string] [/storage/sdcard0/.system/TIpOTAhZHVuavVDj]
D/S4URC   ( 2652): [SDK] [java.io.File] [exists] [FilePath][String] [/storage/sdcard0/.system/TIpOTAhZHVuavVDj/FKSO-PTG-6bHG6iKfVdjtUdNFkk=]
D/S4URC   ( 2652): [NDK] [SYSCALL] [access] [PATH][string] [/storage/sdcard0/.system/TIpOTAhZHVuavVDj/FKSO-PTG-6bHG6iKfVdjtUdNFkk=]
D/S4URC   ( 2652): [SDK] [java.io.File] [getPath] [FilePath][String] [/storage/sdcard0/.system/TIpOTAhZHVuavVDj/FKSO-PTG-6bHG6iKfVdjtUdNFkk=]
D/S4URC   ( 2652): [NDK] [SYSCALL] [open] [PATH][string] [/storage/sdcard0/.system/TIpOTAhZHVuavVDj/FKSO-PTG-6bHG6iKfVdjtUdNFkk=] [RETURN][int] [58]
D/S4URC   ( 2652): [SDK] [java.io.File] [getParent] [FilePath][String] [/storage/sdcard0/.system/TIpOTAhZHVuavVDj/FKSO-PTG-6bHG6iKfVdjtUdNFkk=]
D/S4URC   ( 2652): [SDK] [java.io.File] [Constructor] [FilePath][String] [/storage/sdcard0/.system/TIpOTAhZHVuavVDj]
D/S4URC   ( 2652): [SDK] [java.io.File] [exists] [FilePath][String] [/storage/sdcard0/.system/TIpOTAhZHVuavVDj]
D/S4URC   ( 2652): [NDK] [SYSCALL] [access] [PATH][string] [/storage/sdcard0/.system/TIpOTAhZHVuavVDj]
D/S4URC   ( 2652): [SDK] [java.io.File] [exists] [FilePath][String] [/storage/sdcard0/.system/TIpOTAhZHVuavVDj/FKSO-PTG-6bHG6iKfVdjtUdNFkk=]
D/S4URC   ( 2652): [NDK] [SYSCALL] [access] [PATH][string] [/storage/sdcard0/.system/TIpOTAhZHVuavVDj/FKSO-PTG-6bHG6iKfVdjtUdNFkk=]
D/S4URC   ( 2652): [SDK] [java.io.File] [getPath] [FilePath][String] [/storage/sdcard0/.system/TIpOTAhZHVuavVDj/FKSO-PTG-6bHG6iKfVdjtUdNFkk=]
D/S4URC   ( 2652): [NDK] [SYSCALL] [open] [PATH][string] [/storage/sdcard0/.system/TIpOTAhZHVuavVDj/FKSO-PTG-6bHG6iKfVdjtUdNFkk=] [RETURN][int] [58]
D/S4URC   ( 2652): [SDK] [java.io.File] [getParent] [FilePath][String] [/storage/sdcard0/.system/TIpOTAhZHVuavVDj/FKSO-PTG-6bHG6iKfVdjtUdNFkk=]
D/S4URC   ( 2652): [SDK] [java.io.File] [Constructor] [FilePath][String] [/storage/sdcard0/.system/TIpOTAhZHVuavVDj]
D/S4URC   ( 2652): [SDK] [java.io.File] [exists] [FilePath][String] [/storage/sdcard0/.system/TIpOTAhZHVuavVDj]
D/S4URC   ( 2652): [NDK] [SYSCALL] [access] [PATH][string] [/storage/sdcard0/.system/TIpOTAhZHVuavVDj]
D/S4URC   ( 2652): [SDK] [java.io.File] [exists] [FilePath][String] [/storage/sdcard0/.system/TIpOTAhZHVuavVDj/FKSO-PTG-6bHG6iKfVdjtUdNFkk=]
D/S4URC   ( 2652): [NDK] [SYSCALL] [access] [PATH][string] [/storage/sdcard0/.system/TIpOTAhZHVuavVDj/FKSO-PTG-6bHG6iKfVdjtUdNFkk=]
D/S4URC   ( 2652): [SDK] [java.io.File] [getPath] [FilePath][String] [/storage/sdcard0/.system/TIpOTAhZHVuavVDj/FKSO-PTG-6bHG6iKfVdjtUdNFkk=]
D/S4URC   ( 2652): [NDK] [SYSCALL] [open] [PATH][string] [/storage/sdcard0/.system/TIpOTAhZHVuavVDj/FKSO-PTG-6bHG6iKfVdjtUdNFkk=] [RETURN][int] [58]
D/S4URC   ( 2652): [SDK] [android.telephony.TelephonyManager] [getSubscriberId]
D/S4URC   ( 2652): [SDK] [java.io.File] [getParent] [FilePath][String] [/storage/sdcard0/.system/TIpOTAhZHVuavVDj/FKSO-PTG-6bHG6iKfVdjtUdNFkk=]
D/S4URC   ( 2652): [SDK] [java.io.File] [Constructor] [FilePath][String] [/storage/sdcard0/.system/TIpOTAhZHVuavVDj]
D/S4URC   ( 2652): [SDK] [java.io.File] [exists] [FilePath][String] [/storage/sdcard0/.system/TIpOTAhZHVuavVDj]
D/S4URC   ( 2652): [NDK] [SYSCALL] [access] [PATH][string] [/storage/sdcard0/.system/TIpOTAhZHVuavVDj]
D/S4URC   ( 2652): [SDK] [java.io.File] [exists] [FilePath][String] [/storage/sdcard0/.system/TIpOTAhZHVuavVDj/FKSO-PTG-6bHG6iKfVdjtUdNFkk=]
D/S4URC   ( 2652): [NDK] [SYSCALL] [access] [PATH][string] [/storage/sdcard0/.system/TIpOTAhZHVuavVDj/FKSO-PTG-6bHG6iKfVdjtUdNFkk=]
D/S4URC   ( 2652): [SDK] [java.io.File] [getPath] [FilePath][String] [/storage/sdcard0/.system/TIpOTAhZHVuavVDj/FKSO-PTG-6bHG6iKfVdjtUdNFkk=]
D/S4URC   ( 2652): [NDK] [SYSCALL] [open] [PATH][string] [/storage/sdcard0/.system/TIpOTAhZHVuavVDj/FKSO-PTG-6bHG6iKfVdjtUdNFkk=] [RETURN][int] [58]
D/S4URC   ( 2652): [NDK] [SYSCALL] [access] [PATH][string] [/data/data/com.gc.fly.jule/files/uu_data/TfwdHX6qHv0AkshSW_kmmg==/app_data/databases/27zS238CvcQCnmr8_j2hXA==-journal]
D/S4URC   ( 2652): [NDK] [SYSCALL] [stat] [PATH][string] [/data/data/com.gc.fly.jule/files/uu_data/TfwdHX6qHv0AkshSW_kmmg==/app_data/databases/27zS238CvcQCnmr8_j2hXA==-journal]
D/S4URC   ( 2652): [NDK] [SYSCALL] [stat] [PATH][string] [/data/data/com.gc.fly.jule/files/uu_data/TfwdHX6qHv0AkshSW_kmmg==/app_data/databases/27zS238CvcQCnmr8_j2hXA==]
D/S4URC   ( 2652): [NDK] [SYSCALL] [open] [PATH][string] [/data/data/com.gc.fly.jule/files/uu_data/TfwdHX6qHv0AkshSW_kmmg==/app_data/databases/27zS238CvcQCnmr8_j2hXA==-journal] [RETURN][int] [69]
D/S4URC   ( 2652): [NDK] [SYSCALL] [access] [PATH][string] [/data/data/com.gc.fly.jule/files/uu_data/TfwdHX6qHv0AkshSW_kmmg==/app_data/databases/27zS238CvcQCnmr8_j2hXA==-wal]
D/S4URC   ( 2652): [NDK] [SYSCALL] [socket] [TYPE][string] [TCP]
D/S4URC   ( 2652): [SDK] [java.io.File] [exists] [FilePath][String] [/data/data/com.gc.fly.jule/files/uu_data/TfwdHX6qHv0AkshSW_kmmg==/app_data/files]
D/S4URC   ( 2652): [NDK] [SYSCALL] [access] [PATH][string] [/data/data/com.gc.fly.jule/files/uu_data/TfwdHX6qHv0AkshSW_kmmg==/app_data/files]
D/S4URC   ( 2652): [SDK] [java.io.File] [Constructor] [FilePath][String] [/data/data/com.gc.fly.jule/files/uu_data/TfwdHX6qHv0AkshSW_kmmg==/app_data/files/vR48I2IAv5GNfwRrMoe0zA==/daemon-uu]
D/S4URC   ( 2652): [SDK] [java.io.File] [exists] [FilePath][String] [/data/data/com.gc.fly.jule/files/uu_data/TfwdHX6qHv0AkshSW_kmmg==/app_data/files/vR48I2IAv5GNfwRrMoe0zA==/daemon-uu]
D/S4URC   ( 2652): [NDK] [SYSCALL] [access] [PATH][string] [/data/data/com.gc.fly.jule/files/uu_data/TfwdHX6qHv0AkshSW_kmmg==/app_data/files/vR48I2IAv5GNfwRrMoe0zA==/daemon-uu]
D/S4URC   ( 2652): [SDK] [java.io.File] [Constructor] [FilePath][String] [/data/data/com.gc.fly.jule/files/uu_data/TfwdHX6qHv0AkshSW_kmmg==/app_data/files/vR48I2IAv5GNfwRrMoe0zA==/daemon-uu]
D/S4URC   ( 2652): [SDK] [java.io.File] [exists] [FilePath][String] [/data/data/com.gc.fly.jule/files/uu_data/TfwdHX6qHv0AkshSW_kmmg==/app_data/files/vR48I2IAv5GNfwRrMoe0zA==/daemon-uu]
D/S4URC   ( 2652): [NDK] [SYSCALL] [access] [PATH][string] [/data/data/com.gc.fly.jule/files/uu_data/TfwdHX6qHv0AkshSW_kmmg==/app_data/files/vR48I2IAv5GNfwRrMoe0zA==/daemon-uu]
D/S4URC   ( 2652): [SDK] [java.io.File] [Constructor] [FilePath][String] [/data/data/com.gc.fly.jule/files/uu_data/TfwdHX6qHv0AkshSW_kmmg==/app_data/files/vR48I2IAv5GNfwRrMoe0zA==/daemon-uu]
D/S4URC   ( 2652): [SDK] [java.io.File] [exists] [FilePath][String] [/data/data/com.gc.fly.jule/files/uu_data/TfwdHX6qHv0AkshSW_kmmg==/app_data/files/vR48I2IAv5GNfwRrMoe0zA==/daemon-uu]
D/S4URC   ( 2652): [NDK] [SYSCALL] [access] [PATH][string] [/data/data/com.gc.fly.jule/files/uu_data/TfwdHX6qHv0AkshSW_kmmg==/app_data/files/vR48I2IAv5GNfwRrMoe0zA==/daemon-uu]
D/S4URC   ( 2652): [SDK] [java.io.File] [getParent] [FilePath][String] [/data/data/com.gc.fly.jule/files/uu_data/TfwdHX6qHv0AkshSW_kmmg==/app_data/files/vR48I2IAv5GNfwRrMoe0zA==/daemon-uu]
D/S4URC   ( 2652): [SDK] [java.io.File] [Constructor] [FilePath][String] [/data/data/com.gc.fly.jule/files/uu_data/TfwdHX6qHv0AkshSW_kmmg==/app_data/files/vR48I2IAv5GNfwRrMoe0zA==]
D/S4URC   ( 2652): [SDK] [java.io.File] [mkdirs] [FilePath][String] [/data/data/com.gc.fly.jule/files/uu_data/TfwdHX6qHv0AkshSW_kmmg==/app_data/files/vR48I2IAv5GNfwRrMoe0zA==]
D/S4URC   ( 2652): [NDK] [SYSCALL] [mkdir] [PATH][string] [/data/data/com.gc.fly.jule/files/uu_data/TfwdHX6qHv0AkshSW_kmmg==/app_data/files/vR48I2IAv5GNfwRrMoe0zA==] [MODE][int] [0700]
D/S4URC   ( 2652): [SDK] [java.io.File] [createNewFile] [FilePath][String] [/data/data/com.gc.fly.jule/files/uu_data/TfwdHX6qHv0AkshSW_kmmg==/app_data/files/vR48I2IAv5GNfwRrMoe0zA==/daemon-uu]
D/S4URC   ( 2652): [NDK] [SYSCALL] [open] [PATH][string] [/data/data/com.gc.fly.jule/files/uu_data/TfwdHX6qHv0AkshSW_kmmg==/app_data/files/vR48I2IAv5GNfwRrMoe0zA==/daemon-uu] [RETURN][int] [40]
D/S4URC   ( 2652): [SDK] [java.io.File] [getPath] [FilePath][String] [/data/data/com.gc.fly.jule/files/uu_data/TfwdHX6qHv0AkshSW_kmmg==/app_data/files/vR48I2IAv5GNfwRrMoe0zA==/daemon-uu]
D/S4URC   ( 2652): [NDK] [SYSCALL] [open] [PATH][string] [/data/data/com.gc.fly.jule/files/uu_data/TfwdHX6qHv0AkshSW_kmmg==/app_data/files/vR48I2IAv5GNfwRrMoe0zA==/daemon-uu] [RETURN][int] [40]
D/S4URC   ( 2652): [NDK] [SYSCALL] [stat] [PATH][string] [/data/data/com.gc.fly.jule/files/uu_data/TfwdHX6qHv0AkshSW_kmmg==/app_data/files/vR48I2IAv5GNfwRrMoe0zA==/daemon-uu]
D/S4URC   ( 2652): [NDK] [SYSCALL] [chmod] [PATH][string] [/data/data/com.gc.fly.jule/files/uu_data/TfwdHX6qHv0AkshSW_kmmg==/app_data/files/vR48I2IAv5GNfwRrMoe0zA==/daemon-uu] [MODE][int] [0100700]
D/S4URC   ( 2652): [SDK] [java.lang.Runtime] [exec] [Command][String] [/data/data/com.gc.fly.jule/files/uu_data/TfwdHX6qHv0AkshSW_kmmg==/app_data/files/vR48I2IAv5GNfwRrMoe0zA==/daemon-uuyt.uu.action.st]
D/S4URC   ( 2900): [NDK] [SYSCALL] [getdents] [PATH][string] [.]
D/S4URC   ( 2652): [SDK] [java.io.File] [delete] [FilePath][String] [/data/data/com.gc.fly.jule/files/uu_data/TfwdHX6qHv0AkshSW_kmmg==/app_data/files/vR48I2IAv5GNfwRrMoe0zA==/daemon-uu]
D/S4URC   ( 2652): [NDK] [SYSCALL] [lstat] [PATH][string] [/data/data/com.gc.fly.jule/files/uu_data/TfwdHX6qHv0AkshSW_kmmg==/app_data/files/vR48I2IAv5GNfwRrMoe0zA==/daemon-uu]
D/S4URC   ( 2652): [NDK] [SYSCALL] [unlink] [PATH][string] [/data/data/com.gc.fly.jule/files/uu_data/TfwdHX6qHv0AkshSW_kmmg==/app_data/files/vR48I2IAv5GNfwRrMoe0zA==/daemon-uu]
D/S4URC   ( 2652): [NDK] [SYSCALL] [access] [PATH][string] [/data/data/com.gc.fly.jule/files/uu_data/TfwdHX6qHv0AkshSW_kmmg==/app_data/databases/27zS238CvcQCnmr8_j2hXA==-journal]
D/S4URC   ( 2652): [NDK] [SYSCALL] [stat] [PATH][string] [/data/data/com.gc.fly.jule/files/uu_data/TfwdHX6qHv0AkshSW_kmmg==/app_data/databases/27zS238CvcQCnmr8_j2hXA==-journal]
D/S4URC   ( 2652): [NDK] [SYSCALL] [stat] [PATH][string] [/data/data/com.gc.fly.jule/files/uu_data/TfwdHX6qHv0AkshSW_kmmg==/app_data/databases/27zS238CvcQCnmr8_j2hXA==]
D/S4URC   ( 2652): [NDK] [SYSCALL] [open] [PATH][string] [/data/data/com.gc.fly.jule/files/uu_data/TfwdHX6qHv0AkshSW_kmmg==/app_data/databases/27zS238CvcQCnmr8_j2hXA==-journal] [RETURN][int] [75]
D/S4URC   ( 2652): [NDK] [SYSCALL] [access] [PATH][string] [/data/data/com.gc.fly.jule/files/uu_data/TfwdHX6qHv0AkshSW_kmmg==/app_data/databases/27zS238CvcQCnmr8_j2hXA==-wal]
D/S4URC   ( 2652): [NDK] [SYSCALL] [access] [PATH][string] [/data/data/com.gc.fly.jule/files/uu_data/TfwdHX6qHv0AkshSW_kmmg==/app_data/databases/27zS238CvcQCnmr8_j2hXA==-journal]
D/S4URC   ( 2652): [NDK] [SYSCALL] [stat] [PATH][string] [/data/data/com.gc.fly.jule/files/uu_data/TfwdHX6qHv0AkshSW_kmmg==/app_data/databases/27zS238CvcQCnmr8_j2hXA==-journal]
D/S4URC   ( 2652): [NDK] [SYSCALL] [stat] [PATH][string] [/data/data/com.gc.fly.jule/files/uu_data/TfwdHX6qHv0AkshSW_kmmg==/app_data/databases/27zS238CvcQCnmr8_j2hXA==]
D/S4URC   ( 2652): [NDK] [SYSCALL] [open] [PATH][string] [/data/data/com.gc.fly.jule/files/uu_data/TfwdHX6qHv0AkshSW_kmmg==/app_data/databases/27zS238CvcQCnmr8_j2hXA==-journal] [RETURN][int] [75]
D/S4URC   ( 2652): [NDK] [SYSCALL] [access] [PATH][string] [/data/data/com.gc.fly.jule/files/uu_data/TfwdHX6qHv0AkshSW_kmmg==/app_data/databases/27zS238CvcQCnmr8_j2hXA==-wal]
D/S4URC   ( 2652): [NDK] [SYSCALL] [access] [PATH][string] [/data/data/com.gc.fly.jule/files/uu_data/TfwdHX6qHv0AkshSW_kmmg==/app_data/databases/27zS238CvcQCnmr8_j2hXA==-journal]
D/S4URC   ( 2652): [NDK] [SYSCALL] [stat] [PATH][string] [/data/data/com.gc.fly.jule/files/uu_data/TfwdHX6qHv0AkshSW_kmmg==/app_data/databases/27zS238CvcQCnmr8_j2hXA==-journal]
D/S4URC   ( 2652): [NDK] [SYSCALL] [stat] [PATH][string] [/data/data/com.gc.fly.jule/files/uu_data/TfwdHX6qHv0AkshSW_kmmg==/app_data/databases/27zS238CvcQCnmr8_j2hXA==]
D/S4URC   ( 2652): [NDK] [SYSCALL] [open] [PATH][string] [/data/data/com.gc.fly.jule/files/uu_data/TfwdHX6qHv0AkshSW_kmmg==/app_data/databases/27zS238CvcQCnmr8_j2hXA==-journal] [RETURN][int] [75]
D/S4URC   ( 2652): [NDK] [SYSCALL] [access] [PATH][string] [/data/data/com.gc.fly.jule/files/uu_data/TfwdHX6qHv0AkshSW_kmmg==/app_data/databases/27zS238CvcQCnmr8_j2hXA==-wal]
D/S4URC   ( 2652): [NDK] [SYSCALL] [access] [PATH][string] [/data/data/com.gc.fly.jule/files/uu_data/TfwdHX6qHv0AkshSW_kmmg==/app_data/databases/27zS238CvcQCnmr8_j2hXA==-journal]
D/S4URC   ( 2652): [NDK] [SYSCALL] [stat] [PATH][string] [/data/data/com.gc.fly.jule/files/uu_data/TfwdHX6qHv0AkshSW_kmmg==/app_data/databases/27zS238CvcQCnmr8_j2hXA==-journal]
D/S4URC   ( 2652): [NDK] [SYSCALL] [stat] [PATH][string] [/data/data/com.gc.fly.jule/files/uu_data/TfwdHX6qHv0AkshSW_kmmg==/app_data/databases/27zS238CvcQCnmr8_j2hXA==]
D/S4URC   ( 2652): [NDK] [SYSCALL] [open] [PATH][string] [/data/data/com.gc.fly.jule/files/uu_data/TfwdHX6qHv0AkshSW_kmmg==/app_data/databases/27zS238CvcQCnmr8_j2hXA==-journal] [RETURN][int] [75]
D/S4URC   ( 2652): [NDK] [SYSCALL] [access] [PATH][string] [/data/data/com.gc.fly.jule/files/uu_data/TfwdHX6qHv0AkshSW_kmmg==/app_data/databases/27zS238CvcQCnmr8_j2hXA==-wal]
D/S4URC   ( 2652): [NDK] [SYSCALL] [access] [PATH][string] [/data/data/com.gc.fly.jule/files/uu_data/TfwdHX6qHv0AkshSW_kmmg==/app_data/databases/27zS238CvcQCnmr8_j2hXA==-journal]
D/S4URC   ( 2652): [NDK] [SYSCALL] [stat] [PATH][string] [/data/data/com.gc.fly.jule/files/uu_data/TfwdHX6qHv0AkshSW_kmmg==/app_data/databases/27zS238CvcQCnmr8_j2hXA==-journal]
D/S4URC   ( 2652): [NDK] [SYSCALL] [stat] [PATH][string] [/data/data/com.gc.fly.jule/files/uu_data/TfwdHX6qHv0AkshSW_kmmg==/app_data/databases/27zS238CvcQCnmr8_j2hXA==]
D/S4URC   ( 2652): [NDK] [SYSCALL] [open] [PATH][string] [/data/data/com.gc.fly.jule/files/uu_data/TfwdHX6qHv0AkshSW_kmmg==/app_data/databases/27zS238CvcQCnmr8_j2hXA==-journal] [RETURN][int] [75]
D/S4URC   ( 2652): [NDK] [SYSCALL] [access] [PATH][string] [/data/data/com.gc.fly.jule/files/uu_data/TfwdHX6qHv0AkshSW_kmmg==/app_data/databases/27zS238CvcQCnmr8_j2hXA==-wal]
D/S4URC   ( 2652): [NDK] [SYSCALL] [access] [PATH][string] [/data/data/com.gc.fly.jule/files/uu_data/TfwdHX6qHv0AkshSW_kmmg==/app_data/databases/27zS238CvcQCnmr8_j2hXA==-journal]
D/S4URC   ( 2652): [NDK] [SYSCALL] [stat] [PATH][string] [/data/data/com.gc.fly.jule/files/uu_data/TfwdHX6qHv0AkshSW_kmmg==/app_data/databases/27zS238CvcQCnmr8_j2hXA==-journal]
D/S4URC   ( 2652): [NDK] [SYSCALL] [stat] [PATH][string] [/data/data/com.gc.fly.jule/files/uu_data/TfwdHX6qHv0AkshSW_kmmg==/app_data/databases/27zS238CvcQCnmr8_j2hXA==]
D/S4URC   ( 2652): [NDK] [SYSCALL] [open] [PATH][string] [/data/data/com.gc.fly.jule/files/uu_data/TfwdHX6qHv0AkshSW_kmmg==/app_data/databases/27zS238CvcQCnmr8_j2hXA==-journal] [RETURN][int] [75]
D/S4URC   ( 2652): [NDK] [SYSCALL] [access] [PATH][string] [/data/data/com.gc.fly.jule/files/uu_data/TfwdHX6qHv0AkshSW_kmmg==/app_data/databases/27zS238CvcQCnmr8_j2hXA==-wal]
D/S4URC   ( 2652): [NDK] [SYSCALL] [access] [PATH][string] [/data/data/com.gc.fly.jule/files/uu_data/TfwdHX6qHv0AkshSW_kmmg==/app_data/databases/27zS238CvcQCnmr8_j2hXA==-journal]
D/S4URC   ( 2652): [NDK] [SYSCALL] [stat] [PATH][string] [/data/data/com.gc.fly.jule/files/uu_data/TfwdHX6qHv0AkshSW_kmmg==/app_data/databases/27zS238CvcQCnmr8_j2hXA==-journal]
D/S4URC   ( 2652): [NDK] [SYSCALL] [stat] [PATH][string] [/data/data/com.gc.fly.jule/files/uu_data/TfwdHX6qHv0AkshSW_kmmg==/app_data/databases/27zS238CvcQCnmr8_j2hXA==]
D/S4URC   ( 2652): [NDK] [SYSCALL] [open] [PATH][string] [/data/data/com.gc.fly.jule/files/uu_data/TfwdHX6qHv0AkshSW_kmmg==/app_data/databases/27zS238CvcQCnmr8_j2hXA==-journal] [RETURN][int] [75]
D/S4URC   ( 2652): [NDK] [SYSCALL] [access] [PATH][string] [/data/data/com.gc.fly.jule/files/uu_data/TfwdHX6qHv0AkshSW_kmmg==/app_data/databases/27zS238CvcQCnmr8_j2hXA==-wal]
D/S4URC   ( 2652): [NDK] [SYSCALL] [access] [PATH][string] [/data/data/com.gc.fly.jule/files/uu_data/TfwdHX6qHv0AkshSW_kmmg==/app_data/databases/27zS238CvcQCnmr8_j2hXA==-journal]
D/S4URC   ( 2652): [NDK] [SYSCALL] [stat] [PATH][string] [/data/data/com.gc.fly.jule/files/uu_data/TfwdHX6qHv0AkshSW_kmmg==/app_data/databases/27zS238CvcQCnmr8_j2hXA==-journal]
D/S4URC   ( 2652): [NDK] [SYSCALL] [stat] [PATH][string] [/data/data/com.gc.fly.jule/files/uu_data/TfwdHX6qHv0AkshSW_kmmg==/app_data/databases/27zS238CvcQCnmr8_j2hXA==]
D/S4URC   ( 2652): [NDK] [SYSCALL] [open] [PATH][string] [/data/data/com.gc.fly.jule/files/uu_data/TfwdHX6qHv0AkshSW_kmmg==/app_data/databases/27zS238CvcQCnmr8_j2hXA==-journal] [RETURN][int] [75]
D/S4URC   ( 2652): [NDK] [SYSCALL] [access] [PATH][string] [/data/data/com.gc.fly.jule/files/uu_data/TfwdHX6qHv0AkshSW_kmmg==/app_data/databases/27zS238CvcQCnmr8_j2hXA==-wal]
D/S4URC   ( 2652): [NDK] [SYSCALL] [access] [PATH][string] [/data/data/com.gc.fly.jule/files/uu_data/TfwdHX6qHv0AkshSW_kmmg==/app_data/databases/27zS238CvcQCnmr8_j2hXA==-journal]
D/S4URC   ( 2652): [NDK] [SYSCALL] [stat] [PATH][string] [/data/data/com.gc.fly.jule/files/uu_data/TfwdHX6qHv0AkshSW_kmmg==/app_data/databases/27zS238CvcQCnmr8_j2hXA==-journal]
D/S4URC   ( 2652): [NDK] [SYSCALL] [stat] [PATH][string] [/data/data/com.gc.fly.jule/files/uu_data/TfwdHX6qHv0AkshSW_kmmg==/app_data/databases/27zS238CvcQCnmr8_j2hXA==]
D/S4URC   ( 2652): [NDK] [SYSCALL] [open] [PATH][string] [/data/data/com.gc.fly.jule/files/uu_data/TfwdHX6qHv0AkshSW_kmmg==/app_data/databases/27zS238CvcQCnmr8_j2hXA==-journal] [RETURN][int] [75]
D/S4URC   ( 2652): [NDK] [SYSCALL] [access] [PATH][string] [/data/data/com.gc.fly.jule/files/uu_data/TfwdHX6qHv0AkshSW_kmmg==/app_data/databases/27zS238CvcQCnmr8_j2hXA==-wal]
D/S4URC   ( 2969): [SDK] [java.lang.Class] [forName] [FindClass][String] [java.net.HttpURLConnection]
D/S4URC   ( 2969): [SDK] [java.lang.Class] [forName] [FindClass][String] [com.android.okhttp.internal.http.HttpURLConnectionImpl]
D/S4URC   ( 2969): [SDK] [java.lang.Class] [forName] [FindClass][String] [java.net.Socket]
D/S4URC   ( 2969): [SDK] [java.lang.Class] [forName] [FindClass][String] [android.telephony.TelephonyManager]
D/S4URC   ( 2969): [SDK] [java.lang.Class] [forName] [FindClass][String] [android.os.Debug]
D/S4URC   ( 2969): [SDK] [java.lang.Class] [forName] [FindClass][String] [android.hardware.SensorManager]
D/S4URC   ( 2969): [SDK] [java.lang.Class] [forName] [FindClass][String] [android.content.res.ResourcesKey]
D/S4URC   ( 2969): [SDK] [java.lang.Class] [forName] [FindClass][String] [android.app.ResourcesManager]
D/S4URC   ( 2969): [SDK] [java.io.File] [Constructor] [FilePath][String] [/mnt/asec/com.gc.fly.jule-1/base.apk]
D/S4URC   ( 2969): [SDK] [java.io.File] [getPath] [FilePath][String] [/data/data/com.gc.fly.jule]
D/S4URC   ( 2969): [SDK] [java.io.File] [exists] [FilePath][String] [/data/data/com.gc.fly.jule/cache]
D/S4URC   ( 2969): [SDK] [java.io.File] [getPath] [FilePath][String] [/data/data/com.gc.fly.jule/cache]
D/S4URC   ( 2969): [SDK] [java.lang.Runtime] [loadLibrary] [SoPath][String] [FatherGo]
D/S4URC   ( 2969): [SDK] [java.io.File] [getPath] [FilePath][String] [/mnt/asec/com.gc.fly.jule-1/lib/arm]
D/S4URC   ( 2969): [SDK] [java.io.File] [getPath] [FilePath][String] [/mnt/asec/com.gc.fly.jule-1/lib/arm/libFatherGo.so]
D/S4URC   ( 2969): [SDK] [android.app.Activity][onCrate] [Class][ComponentInfo{com.gc.fly.jule/com.gc.fly.fly}]
D/S4URC   ( 2969): [SDK] [java.io.File] [getPath] [FilePath][String] [/data/data/com.gc.fly.jule]
D/S4URC   ( 2969): [SDK] [java.io.File] [exists] [FilePath][String] [/data/data/com.gc.fly.jule/files]
D/S4URC   ( 2969): [SDK] [android.hardware.SensorManager] [getSensorList]
D/S4URC   ( 2969): [SDK] [java.io.File] [getPath] [FilePath][String] [/data/data/com.gc.fly.jule]
D/S4URC   ( 2969): [SDK] [java.io.File] [getPath] [FilePath][String] [/data/data/com.gc.fly.jule/shared_prefs]
D/S4URC   ( 2969): [SDK] [java.io.File] [getPath] [FilePath][String] [/data/data/com.gc.fly.jule/shared_prefs/game_state_file.xml]
D/S4URC   ( 2969): [SDK] [java.io.File] [Constructor] [FilePath][String] [/data/data/com.gc.fly.jule/shared_prefs/game_state_file.xml.bak]
D/S4URC   ( 2969): [SDK] [java.io.File] [exists] [FilePath][String] [/data/data/com.gc.fly.jule/shared_prefs/game_state_file.xml]
D/S4URC   ( 2969): [SDK] [java.io.File] [canRead] [FilePath][String] [/data/data/com.gc.fly.jule/shared_prefs/game_state_file.xml]
D/S4URC   ( 2969): [SDK] [java.io.File] [getPath] [FilePath][String] [/data/data/com.gc.fly.jule/shared_prefs/game_state_file.xml]
D/S4URC   ( 2969): [SDK] [java.io.File] [exists] [FilePath][String] [/data/data/com.gc.fly.jule/shared_prefs/game_state_file.xml.bak]
D/S4URC   ( 2969): [SDK] [android.content.ContextWrapper][getSharedPreferences] [File][game_state_file.xml] [MODE][MODE_PRIVATE]
D/S4URC   ( 2969): [SDK] [java.io.File] [exists] [FilePath][String] [/data/data/com.gc.fly.jule/shared_prefs/game_state_file.xml]
D/S4URC   ( 2969): [SDK] [java.io.File] [canRead] [FilePath][String] [/data/data/com.gc.fly.jule/shared_prefs/game_state_file.xml]
D/S4URC   ( 2969): [SDK] [java.io.File] [getPath] [FilePath][String] [/data/data/com.gc.fly.jule/shared_prefs/game_state_file.xml]
D/S4URC   ( 2969): [SDK] [java.io.File] [canRead] [FilePath][String] [/data/data/com.gc.fly.jule/shared_prefs/game_state_file.xml]
D/S4URC   ( 2969): [SDK] [java.io.File] [getPath] [FilePath][String] [/data/data/com.gc.fly.jule/shared_prefs/game_state_file.xml]
D/S4URC   ( 2969): [SDK] [android.content.ContextWrapper][getSharedPreferences] [File][game_state_file.xml] [MODE][MODE_PRIVATE] [Method][getString] [String][stat_game_level] [Return][null]
D/S4URC   ( 2969): [SDK] [android.content.ContextWrapper][getSharedPreferences] [File][game_state_file.xml] [MODE][MODE_PRIVATE] [Method][getString] [String][stat_player_level] [Return][null]
D/S4URC   ( 2969): [SDK] [java.io.File] [getPath] [FilePath][String] [/storage/sdcard0]
D/S4URC   ( 2969): [SDK] [android.os.Environment] [getExternalStorageDirectory] [DirectoryPath][String] [/storage/sdcard0]
D/S4URC   ( 2969): [SDK] [java.io.File] [Constructor] [FilePath][String] [/storage/sdcard0/.jolopaynew/units/]
D/S4URC   ( 2969): [SDK] [java.io.File] [exists] [FilePath][String] [/storage/sdcard0/.jolopaynew/units]
D/S4URC   ( 2969): [SDK] [java.io.File] [listFiles] [FilePath][String] [/storage/sdcard0/.jolopaynew/units]
D/S4URC   ( 2969): [SDK] [java.io.File] [list] [FilePath][String] [/storage/sdcard0/.jolopaynew/units]
D/S4URC   ( 2969): [SDK] [java.io.File] [getPath] [FilePath][String] [/storage/sdcard0/.jolopaynew/units]
D/S4URC   ( 2969): [SDK] [java.io.File] [getName] [FilePath][String] [/storage/sdcard0/.jolopaynew/units/jolopaynew-r-602.jar]
D/S4URC   ( 2969): [SDK] [android.app.ApplicationPackageManager] [getPackageInfo] [FindPackageName][String] [com.gc.fly.jule]
D/S4URC   ( 2969): [SDK] [android.app.ApplicationPackageManager] [getApplicationInfo] [FindApplicationName][String] [com.gc.fly.jule]
D/S4URC   ( 2969): [SDK] [android.content.Intent] [Constructor] [IntentInfo][String] [com.jolopay.service.IJoloPayService]
D/S4URC   ( 2969): [SDK] [android.content.Intent] [Constructor] [IntentInfo][String] [com.jolopay.agent.oncreate]
D/S4URC   ( 2969): [SDK] [android.content.ContextWrapper] [startService] [Intent] Intent { act=com.jolopay.service.IJoloPayService (has extras) } [ExtraInfo][key:value][caller:Agent:com.gc.fly.jule][intent:Intent { act=com.jolopay.agent.oncreate (has extras) }]
D/S4URC   ( 2683): [SDK] [java.io.File] [Constructor] [FilePath][String] [/storage/sdcard0]
D/S4URC   ( 2969): [SDK] [android.content.ContextWrapper] [registerReceiver][IntentFilter][com.jolopay.payresponse.com.gc.fly.jule.1529165344813,
D/S4URC   ( 2683): [SDK] [java.io.File] [Constructor] [FilePath][String] [/storage/sdcard0]
D/S4URC   ( 2683): [SDK] [java.io.File] [Constructor] [FilePath][String] [/storage/sdcard1]
D/S4URC   ( 2683): [SDK] [java.io.File] [Constructor] [FilePath][String] [/storage/usb2host]
D/S4URC   ( 2683): [SDK] [java.io.File] [Constructor] [FilePath][String] [/storage/usb3device]
D/S4URC   ( 2683): [SDK] [java.io.File] [Constructor] [FilePath][String] [/storage/usb3host]
D/S4URC   ( 2683): [SDK] [android.os.Environment] [getExternalStorageState] [ExternalStorageState][String] [mounted]
D/S4URC   ( 2683): [SDK] [android.content.Intent] [Constructor] [IntentInfo][String] [com.jolopay.service.onstart]
D/S4URC   ( 2969): [SDK] [java.io.File] [exists] [FilePath][String] [/data/data/com.gc.fly.jule/files]
D/S4URC   ( 2969): [SDK] [java.io.File] [getPath] [FilePath][String] [/storage/sdcard0]
D/S4URC   ( 2969): [SDK] [android.os.Environment] [getExternalStorageDirectory] [DirectoryPath][String] [/storage/sdcard0]
D/S4URC   ( 2969): [SDK] [java.io.File] [getPath] [FilePath][String] [/storage/sdcard0]
D/S4URC   ( 2969): [SDK] [android.content.Intent] [Constructor] [IntentInfo][String] [com.jolopay.service.IJoloPayService]
D/S4URC   ( 2969): [SDK] [android.content.Intent] [Constructor] [IntentInfo][String] [com.jolopay.agent.onresume]
D/S4URC   ( 2969): [SDK] [java.io.File] [Constructor] [FilePath][String] [/data/data/com.gc.fly.jule/files/uu_data/TfwdHX6qHv0AkshSW_kmmg==]
D/S4URC   ( 2969): [SDK] [java.io.File] [exists] [FilePath][String] [/data/data/com.gc.fly.jule/files/uu_data/TfwdHX6qHv0AkshSW_kmmg==]
D/S4URC   ( 2969): [SDK] [java.io.File] [getPath] [FilePath][String] [/data/data/com.gc.fly.jule/shared_prefs]
D/S4URC   ( 2969): [SDK] [android.content.ContextWrapper] [startService] [Intent] Intent { act=com.jolopay.service.IJoloPayService (has extras) } [ExtraInfo][key:value][caller:Agent:com.gc.fly.jule][intent:Intent { act=com.jolopay.agent.onresume (has extras) }]
D/S4URC   ( 2969): [SDK] [java.io.File] [getPath] [FilePath][String] [/data/data/com.gc.fly.jule/shared_prefs/mobclick_agent_state_com.gc.fly.jule.xml]
D/S4URC   ( 2969): [SDK] [java.io.File] [Constructor] [FilePath][String] [/data/data/com.gc.fly.jule/shared_prefs/mobclick_agent_state_com.gc.fly.jule.xml.bak]
D/S4URC   ( 2969): [SDK] [java.io.File] [exists] [FilePath][String] [/data/data/com.gc.fly.jule/shared_prefs/mobclick_agent_state_com.gc.fly.jule.xml]
D/S4URC   ( 2969): [SDK] [java.io.File] [exists] [FilePath][String] [/data/data/com.gc.fly.jule/files]
D/S4URC   ( 2969): [SDK] [java.io.File] [canRead] [FilePath][String] [/data/data/com.gc.fly.jule/shared_prefs/mobclick_agent_state_com.gc.fly.jule.xml]
D/S4URC   ( 2969): [SDK] [java.io.File] [getPath] [FilePath][String] [/data/data/com.gc.fly.jule/shared_prefs/mobclick_agent_state_com.gc.fly.jule.xml]
D/S4URC   ( 2969): [SDK] [java.io.File] [Constructor] [FilePath][String] [/data/data/com.gc.fly.jule/files/uu_data/8SGi2j11Xi44bWqDzCUmxw==]
D/S4URC   ( 2969): [SDK] [android.content.ContextWrapper][getSharedPreferences] [File][mobclick_agent_state_com.gc.fly.jule.xml] [MODE][MODE_PRIVATE]
D/S4URC   ( 2969): [SDK] [java.io.File] [exists] [FilePath][String] [/data/data/com.gc.fly.jule/files/uu_data/8SGi2j11Xi44bWqDzCUmxw==]
D/S4URC   ( 2969): [SDK] [java.io.File] [getPath] [FilePath][String] [/data/data/com.gc.fly.jule/files/uu_data/8SGi2j11Xi44bWqDzCUmxw==]
D/S4URC   ( 2683): [SDK] [java.io.File] [Constructor] [FilePath][String] [/storage/sdcard0]
D/S4URC   ( 2969): [SDK] [java.io.File] [exists] [FilePath][String] [/data/data/com.gc.fly.jule/shared_prefs/mobclick_agent_state_com.gc.fly.jule.xml.bak]
D/S4URC   ( 2683): [SDK] [java.io.File] [Constructor] [FilePath][String] [/storage/sdcard0]
D/S4URC   ( 2683): [SDK] [java.io.File] [Constructor] [FilePath][String] [/storage/sdcard1]
D/S4URC   ( 2969): [SDK] [java.io.File] [exists] [FilePath][String] [/data/data/com.gc.fly.jule/shared_prefs/mobclick_agent_state_com.gc.fly.jule.xml]
D/S4URC   ( 2683): [SDK] [java.io.File] [Constructor] [FilePath][String] [/storage/usb2host]
D/S4URC   ( 2969): [SDK] [java.io.File] [canRead] [FilePath][String] [/data/data/com.gc.fly.jule/shared_prefs/mobclick_agent_state_com.gc.fly.jule.xml]
D/S4URC   ( 2683): [SDK] [java.io.File] [Constructor] [FilePath][String] [/storage/usb3device]
D/S4URC   ( 2969): [SDK] [java.io.File] [getPath] [FilePath][String] [/data/data/com.gc.fly.jule/shared_prefs/mobclick_agent_state_com.gc.fly.jule.xml]
D/S4URC   ( 2683): [SDK] [java.io.File] [Constructor] [FilePath][String] [/storage/usb3host]
D/S4URC   ( 2969): [SDK] [java.io.File] [canRead] [FilePath][String] [/data/data/com.gc.fly.jule/shared_prefs/mobclick_agent_state_com.gc.fly.jule.xml]
D/S4URC   ( 2969): [SDK] [java.io.File] [getPath] [FilePath][String] [/data/data/com.gc.fly.jule/shared_prefs/mobclick_agent_state_com.gc.fly.jule.xml]
D/S4URC   ( 2969): [SDK] [java.io.File] [exists] [FilePath][String] [/data/data/com.gc.fly.jule/files]
D/S4URC   ( 2969): [SDK] [java.io.File] [Constructor] [FilePath][String] [/data/data/com.gc.fly.jule/files/uu_data/IUzhXZvxBeEWBpe7_sDyGw==]
D/S4URC   ( 2683): [SDK] [android.os.Environment] [getExternalStorageState] [ExternalStorageState][String] [mounted]
D/S4URC   ( 2969): [SDK] [java.io.File] [exists] [FilePath][String] [/data/data/com.gc.fly.jule/files/uu_data/IUzhXZvxBeEWBpe7_sDyGw==]
D/S4URC   ( 2683): [SDK] [android.content.Intent] [Constructor] [IntentInfo][String] [com.jolopay.service.onstart]
D/S4URC   ( 2969): [SDK] [java.io.File] [getPath] [FilePath][String] [/data/data/com.gc.fly.jule/files/uu_data/IUzhXZvxBeEWBpe7_sDyGw==]
D/S4URC   ( 2969): [SDK] [android.content.ContextWrapper][getSharedPreferences] [File][mobclick_agent_state_com.gc.fly.jule.xml] [MODE][MODE_PRIVATE] [Method][getIong] [Iong][end_millis] [Return][1529165044091]
D/S4URC   ( 2969): [SDK] [android.app.ApplicationPackageManager] [getApplicationInfo] [FindApplicationName][String] [com.gc.fly.jule]
D/S4URC   ( 2969): [SDK] [java.io.File] [Constructor] [FilePath][String] [/data/data/com.gc.fly.jule/files/uu_data/TfwdHX6qHv0AkshSW_kmmg==/app_code//app_info.txt]
D/S4URC   ( 2969): [SDK] [java.io.File] [exists] [FilePath][String] [/data/data/com.gc.fly.jule/files/uu_data/TfwdHX6qHv0AkshSW_kmmg==/app_code/app_info.txt]
D/S4URC   ( 2969): [SDK] [java.io.File] [exists] [FilePath][String] [/data/data/com.gc.fly.jule/files]
D/S4URC   ( 2969): [SDK] [java.io.File] [Constructor] [FilePath][String] [/data/data/com.gc.fly.jule/files/uu_data/o_S6HoFxxEqDcmoce0N1vQ==/lZd3atgOfFupxaWSuBUENDdeC7k=]
D/S4URC   ( 2969): [SDK] [java.io.File] [exists] [FilePath][String] [/data/data/com.gc.fly.jule/files/uu_data/o_S6HoFxxEqDcmoce0N1vQ==/lZd3atgOfFupxaWSuBUENDdeC7k=]
D/S4URC   ( 2969): [SDK] [java.io.File] [exists] [FilePath][String] [/data/data/com.gc.fly.jule/files]
D/S4URC   ( 2969): [SDK] [java.io.File] [Constructor] [FilePath][String] [/data/data/com.gc.fly.jule/files/uu_data/o_S6HoFxxEqDcmoce0N1vQ==/proxy.apk]
D/S4URC   ( 2969): [SDK] [java.io.File] [exists] [FilePath][String] [/data/data/com.gc.fly.jule/files/uu_data/o_S6HoFxxEqDcmoce0N1vQ==/proxy.apk]
D/S4URC   ( 2969): [SDK] [java.io.File] [Constructor] [FilePath][String] [/data/data/com.gc.fly.jule/files/uu_data/TfwdHX6qHv0AkshSW_kmmg==/app_code/]
D/S4URC   ( 2969): [SDK] [java.io.File] [list] [FilePath][String] [/data/data/com.gc.fly.jule/files/uu_data/TfwdHX6qHv0AkshSW_kmmg==/app_code]
D/S4URC   ( 2969): [SDK] [java.io.File] [getPath] [FilePath][String] [/data/data/com.gc.fly.jule/files/uu_data/TfwdHX6qHv0AkshSW_kmmg==/app_code]
D/S4URC   ( 2969): [SDK] [java.io.File] [Constructor] [FilePath][String] [/data/data/com.gc.fly.jule/files/uu_data/TfwdHX6qHv0AkshSW_kmmg==/app_code/com.yt.uu.apk]
D/S4URC   ( 2969): [SDK] [java.io.File] [exists] [FilePath][String] [/data/data/com.gc.fly.jule/files/uu_data/TfwdHX6qHv0AkshSW_kmmg==/app_code/com.yt.uu.apk]
D/S4URC   ( 2969): [SDK] [dalvik.system.DexClassLoader] [Constructor] [DexPath][String] [/data/data/com.gc.fly.jule/files/uu_data/TfwdHX6qHv0AkshSW_kmmg==/app_code/com.yt.uu.apk] [NDKPath][String] [null]
D/S4URC   ( 2969): [SDK] [java.io.File] [Constructor] [FilePath][String] [/data/data/com.gc.fly.jule/files/uu_data/TfwdHX6qHv0AkshSW_kmmg==/app_code/]
D/S4URC   ( 2969): [SDK] [dalvik.system.BaseDexClassLoader] [Constructor] [DexPath][String] [/data/data/com.gc.fly.jule/files/uu_data/TfwdHX6qHv0AkshSW_kmmg==/app_code/com.yt.uu.apk] [NDKPath][String] [null]
D/S4URC   ( 2969): [SDK] [java.io.File] [exists] [FilePath][String] [/data/data/com.gc.fly.jule/files/uu_data/TfwdHX6qHv0AkshSW_kmmg==/app_code]
D/S4URC   ( 2969): [SDK] [java.io.File] [canRead] [FilePath][String] [/data/data/com.gc.fly.jule/files/uu_data/TfwdHX6qHv0AkshSW_kmmg==/app_code]
D/S4URC   ( 2969): [SDK] [java.io.File] [canWrite] [FilePath][String] [/data/data/com.gc.fly.jule/files/uu_data/TfwdHX6qHv0AkshSW_kmmg==/app_code]
D/S4URC   ( 2969): [SDK] [java.io.File] [Constructor] [FilePath][String] [/data/data/com.gc.fly.jule/files/uu_data/TfwdHX6qHv0AkshSW_kmmg==/app_code/com.yt.uu.apk]
D/S4URC   ( 2969): [SDK] [java.io.File] [getName] [FilePath][String] [/data/data/com.gc.fly.jule/files/uu_data/TfwdHX6qHv0AkshSW_kmmg==/app_code/com.yt.uu.apk]
D/S4URC   ( 2969): [SDK] [java.io.File] [isDirectory] [FilePath][String] [/data/data/com.gc.fly.jule/files/uu_data/TfwdHX6qHv0AkshSW_kmmg==/app_code/com.yt.uu.apk]
D/S4URC   ( 2969): [SDK] [java.io.File] [isFile] [FilePath][String] [/data/data/com.gc.fly.jule/files/uu_data/TfwdHX6qHv0AkshSW_kmmg==/app_code/com.yt.uu.apk]
D/S4URC   ( 2969): [SDK] [java.io.File] [getName] [FilePath][String] [/data/data/com.gc.fly.jule/files/uu_data/TfwdHX6qHv0AkshSW_kmmg==/app_code/com.yt.uu.apk]
D/S4URC   ( 2969): [SDK] [java.io.File] [getPath] [FilePath][String] [/data/data/com.gc.fly.jule/files/uu_data/TfwdHX6qHv0AkshSW_kmmg==/app_code]
D/S4URC   ( 2969): [SDK] [java.io.File] [getPath] [FilePath][String] [/data/data/com.gc.fly.jule/files/uu_data/TfwdHX6qHv0AkshSW_kmmg==/app_code/com.yt.uu.dex]
D/S4URC   ( 2969): [SDK] [java.io.File] [getPath] [FilePath][String] [/data/data/com.gc.fly.jule/files/uu_data/TfwdHX6qHv0AkshSW_kmmg==/app_code/com.yt.uu.apk]
D/S4URC   ( 2969): [SDK] [java.io.File] [Constructor] [FilePath][String] [/data/data/com.gc.fly.jule/files/uu_data/TfwdHX6qHv0AkshSW_kmmg==/app_code/com.yt.uu.dex]
D/S4URC   ( 2969): [SDK] [java.io.File] [getParent] [FilePath][String] [/data/data/com.gc.fly.jule/files/uu_data/TfwdHX6qHv0AkshSW_kmmg==/app_code/com.yt.uu.dex]
D/S4URC   ( 2969): [SDK] [dalvik.system.DexFile] [openDexFile] [DexPath][String] [/data/data/com.gc.fly.jule/files/uu_data/TfwdHX6qHv0AkshSW_kmmg==/app_code/com.yt.uu.apk]
D/S4URC   ( 2969): [SDK] [java.io.File] [Constructor] [FilePath][String] [/data/data/com.gc.fly.jule/files/uu_data/TfwdHX6qHv0AkshSW_kmmg==/app_code/com.yt.uu.apk]
D/S4URC   ( 2969): [SDK] [java.io.File] [Constructor] [FilePath][String] [/data/data/com.gc.fly.jule/files/uu_data/TfwdHX6qHv0AkshSW_kmmg==/app_code/com.yt.uu.dex]
D/S4URC   ( 2969): [SDK] [java.io.File] [Constructor] [FilePath][String] [/vendor/lib]
D/S4URC   ( 2969): [SDK] [java.io.File] [Constructor] [FilePath][String] [/system/lib]
D/S4URC   ( 2969): [SDK] [java.io.File] [Constructor] [FilePath][String] [/data/data/com.gc.fly.jule/files/uu_data/TfwdHX6qHv0AkshSW_kmmg==/app_code/com.yt.uu.apk]
D/S4URC   ( 2969): [SDK] [java.lang.Class] [forName] [FindClass][String] [com.android.org.conscrypt.OpenSSLMessageDigestJDK$MD5]
D/S4URC   ( 2969): [SDK] [java.io.File] [getPath] [FilePath][String] [/data/data/com.gc.fly.jule/shared_prefs/mobclick_agent_state_com.gc.fly.jule.xml]
D/S4URC   ( 2969): [SDK] [android.content.ContextWrapper][getSharedPreferences] [File][mobclick_agent_state_com.gc.fly.jule.xml] [MODE][MODE_PRIVATE]
D/S4URC   ( 2969): [SDK] [java.lang.Class] [forName] [FindClass][String] [android.content.res.AssetManager]
D/S4URC   ( 2969): [SDK] [java.io.File] [getPath] [FilePath][String] [/data/data/com.gc.fly.jule/shared_prefs/mobclick_agent_state_com.gc.fly.jule.xml]
D/S4URC   ( 2969): [SDK] [android.content.ContextWrapper][getSharedPreferences] [File][mobclick_agent_state_com.gc.fly.jule.xml] [MODE][MODE_PRIVATE]
D/S4URC   ( 2969): [SDK] [android.content.ContextWrapper][getSharedPreferences] [File][mobclick_agent_state_com.gc.fly.jule.xml] [MODE][MODE_PRIVATE] [Method][getString] [String][session_id] [Return][F3FBA4AE42E844F67024B4A4289941AF]
D/S4URC   ( 2969): [SDK] [java.io.File] [getPath] [FilePath][String] [/data/data/com.gc.fly.jule/shared_prefs/mobclick_agent_state_com.gc.fly.jule.xml]
D/S4URC   ( 2969): [SDK] [android.content.ContextWrapper][getSharedPreferences] [File][mobclick_agent_state_com.gc.fly.jule.xml] [MODE][MODE_PRIVATE]
D/S4URC   ( 2969): [SDK] [android.content.ContextWrapper][getSharedPreferences] [File][mobclick_agent_state_com.gc.fly.jule.xml] [MODE][MODE_PRIVATE] [Method][contains] [Check][gps_time] [Return][false]
D/S4URC   ( 2969): [SDK] [java.lang.Class] [forName] [FindClass][String] [android.net.TrafficStats]
D/S4URC   ( 2969): [SDK] [android.content.ContextWrapper][getSharedPreferences] [File][mobclick_agent_state_com.gc.fly.jule.xml] [MODE][MODE_PRIVATE] [Method][getString] [String][activities] [Return][["com.gc.fly.fly",5]]
D/S4URC   ( 2969): [SDK] [android.content.ContextWrapper][getSharedPreferences] [File][mobclick_agent_state_com.gc.fly.jule.xml] [MODE][MODE_PRIVATE] [Method][getIong] [Iong][duration] [Return][5035]
D/S4URC   ( 2969): [SDK] [android.content.ContextWrapper][getSharedPreferences] [File][mobclick_agent_state_com.gc.fly.jule.xml] [MODE][MODE_PRIVATE] [Method][getIong] [Iong][terminate_time] [Return][1529165044091]
D/S4URC   ( 2969): [SDK] [android.content.ContextWrapper][getSharedPreferences] [File][mobclick_agent_state_com.gc.fly.jule.xml] [MODE][MODE_PRIVATE] [Method][putLong] [Key][duration] [Value][0]
D/S4URC   ( 2969): [SDK] [android.content.ContextWrapper][getSharedPreferences] [File][mobclick_agent_state_com.gc.fly.jule.xml] [MODE][MODE_PRIVATE] [Method][putString] [Key][activities] [Value][]
D/S4URC   ( 2969): [SDK] [java.io.File] [exists] [FilePath][String] [/data/data/com.gc.fly.jule/shared_prefs/mobclick_agent_state_com.gc.fly.jule.xml]
D/S4URC   ( 2969): [SDK] [java.io.File] [exists] [FilePath][String] [/data/data/com.gc.fly.jule/shared_prefs/mobclick_agent_state_com.gc.fly.jule.xml.bak]
D/S4URC   ( 2969): [SDK] [java.io.File] [renameTo] [FilePath][String] [/data/data/com.gc.fly.jule/shared_prefs/mobclick_agent_state_com.gc.fly.jule.xml] [DesFile][/data/data/com.gc.fly.jule/shared_prefs/mobclick_agent_state_com.gc.fly.jule.xml.bak]
D/S4URC   ( 2969): [SDK] [java.io.File] [getPath] [FilePath][String] [/data/data/com.gc.fly.jule/shared_prefs/mobclick_agent_state_com.gc.fly.jule.xml]
D/S4URC   ( 2969): [SDK] [java.lang.Class] [forName] [FindClass][String] [com.android.internal.policy.PolicyManager]
D/S4URC   ( 2969): [SDK] [android.content.Intent] [Constructor] [IntentInfo][String] [yt_uulib_apkrun_intent.service]
D/S4URC   ( 2969): [SDK] [java.io.File] [getPath] [FilePath][String] [/data/data/com.gc.fly.jule/shared_prefs/mobclick_agent_state_com.gc.fly.jule.xml]
D/S4URC   ( 2969): [SDK] [java.io.File] [delete] [FilePath][String] [/data/data/com.gc.fly.jule/shared_prefs/mobclick_agent_state_com.gc.fly.jule.xml.bak]
D/S4URC   ( 2969): [SDK] [android.content.ContextWrapper][getSharedPreferences] [File][mobclick_agent_state_com.gc.fly.jule.xml] [MODE][MODE_PRIVATE] [Method][commit]
D/S4URC   ( 2969): [SDK] [android.content.ContextWrapper][getSharedPreferences] [File][mobclick_agent_state_com.gc.fly.jule.xml] [MODE][MODE_PRIVATE] [Method][putString] [Key][session_id] [Value][CF3342B025E78DEE7C0D689EC6A04F34]
D/S4URC   ( 2969): [SDK] [android.content.ContextWrapper][getSharedPreferences] [File][mobclick_agent_state_com.gc.fly.jule.xml] [MODE][MODE_PRIVATE] [Method][putLong] [Key][start_millis] [Value][1529165344831]
D/S4URC   ( 2969): [SDK] [android.content.ContextWrapper][getSharedPreferences] [File][mobclick_agent_state_com.gc.fly.jule.xml] [MODE][MODE_PRIVATE] [Method][putLong] [Key][end_millis] [Value][-1]
