D/S4URC   ( 2674): [SDK] [java.net] [HttpURLConnection] [URL][String] [http://trackingdynamo.com/t66xv1v0b2epmjbqcg6/index.php]
D/S4URC   ( 2674): [SDK] [android.app.ActivityManager] [getRunningTasks]
D/S4URC   ( 2674): [SDK] [java.io.File] [list] [FilePath][String] [/proc]
D/S4URC   ( 2674): [NDK] [SYSCALL] [open] [PATH][string] [/proc] [RETURN][int] [21]
D/S4URC   ( 2674): [NDK] [SYSCALL] [getdents] [PATH][string] [.]
D/S4URC   ( 2674): [SDK] [java.net] [HttpURLConnection] [Request][Method] [POST] [URL][String] [http://trackingdynamo.com/t66xv1v0b2epmjbqcg6/index.php]
D/S4URC   ( 2674): [SDK] [android.content.Intent] [Constructor] [IntentInfo][String] [android.provider.Telephony.SMS_DELIVER]
D/S4URC   ( 2674): [SDK] [android.content.Intent] [Constructor] [IntentInfo][String] [android.provider.Telephony.WAP_PUSH_DELIVER]
D/S4URC   ( 2674): [SDK] [android.app.ActivityManager] [getRunningTasks]
D/S4URC   ( 2674): [SDK] [java.net] [HttpURLConnection] [URL][String] [http://trackingdynamo.com/t66xv1v0b2epmjbqcg6/index.php]
D/S4URC   ( 2674): [SDK] [java.io.File] [list] [FilePath][String] [/proc]
D/S4URC   ( 2674): [SDK] [java.net] [HttpURLConnection] [Request][Method] [POST] [URL][String] [http://trackingdynamo.com/t66xv1v0b2epmjbqcg6/index.php]
D/S4URC   ( 2674): [NDK] [SYSCALL] [open] [PATH][string] [/proc] [RETURN][int] [21]
D/S4URC   ( 2674): [NDK] [SYSCALL] [getdents] [PATH][string] [.]
D/S4URC   ( 2674): [SDK] [android.content.Intent] [Constructor] [IntentInfo][String] [android.provider.Telephony.SMS_DELIVER]
D/S4URC   ( 2674): [SDK] [android.content.Intent] [Constructor] [IntentInfo][String] [android.provider.Telephony.WAP_PUSH_DELIVER]
D/S4URC   ( 2674): [SDK] [android.app.ActivityManager] [getRunningTasks]
D/S4URC   ( 2674): [SDK] [java.net] [HttpURLConnection] [URL][String] [http://trackingdynamo.com/t66xv1v0b2epmjbqcg6/index.php]
D/S4URC   ( 2674): [SDK] [java.io.File] [list] [FilePath][String] [/proc]
D/S4URC   ( 2674): [NDK] [SYSCALL] [open] [PATH][string] [/proc] [RETURN][int] [21]
D/S4URC   ( 2674): [SDK] [java.net] [HttpURLConnection] [Request][Method] [POST] [URL][String] [http://trackingdynamo.com/t66xv1v0b2epmjbqcg6/index.php]
D/S4URC   ( 2674): [NDK] [SYSCALL] [getdents] [PATH][string] [.]
D/S4URC   ( 2674): [SDK] [android.content.Intent] [Constructor] [IntentInfo][String] [android.provider.Telephony.SMS_DELIVER]
D/S4URC   ( 2674): [SDK] [android.content.Intent] [Constructor] [IntentInfo][String] [android.provider.Telephony.WAP_PUSH_DELIVER]
D/S4URC   ( 2674): [SDK] [android.app.ActivityManager] [getRunningTasks]
D/S4URC   ( 2674): [SDK] [java.net] [HttpURLConnection] [URL][String] [http://trackingdynamo.com/t66xv1v0b2epmjbqcg6/index.php]
D/S4URC   ( 2674): [SDK] [java.io.File] [list] [FilePath][String] [/proc]
D/S4URC   ( 2674): [NDK] [SYSCALL] [open] [PATH][string] [/proc] [RETURN][int] [21]
D/S4URC   ( 2674): [SDK] [java.net] [HttpURLConnection] [Request][Method] [POST] [URL][String] [http://trackingdynamo.com/t66xv1v0b2epmjbqcg6/index.php]
D/S4URC   ( 2674): [NDK] [SYSCALL] [getdents] [PATH][string] [.]
D/S4URC   ( 2674): [SDK] [android.content.Intent] [Constructor] [IntentInfo][String] [android.provider.Telephony.SMS_DELIVER]
D/S4URC   ( 2674): [SDK] [android.content.Intent] [Constructor] [IntentInfo][String] [android.provider.Telephony.WAP_PUSH_DELIVER]
D/S4URC   ( 2674): [SDK] [android.app.ActivityManager] [getRunningTasks]
D/S4URC   ( 2674): [SDK] [java.net] [HttpURLConnection] [URL][String] [http://trackingdynamo.com/t66xv1v0b2epmjbqcg6/index.php]
D/S4URC   ( 2674): [SDK] [java.io.File] [list] [FilePath][String] [/proc]
D/S4URC   ( 2674): [NDK] [SYSCALL] [open] [PATH][string] [/proc] [RETURN][int] [21]
D/S4URC   ( 2674): [SDK] [java.net] [HttpURLConnection] [Request][Method] [POST] [URL][String] [http://trackingdynamo.com/t66xv1v0b2epmjbqcg6/index.php]
D/S4URC   ( 2674): [NDK] [SYSCALL] [getdents] [PATH][string] [.]
D/S4URC   ( 2674): [SDK] [android.content.Intent] [Constructor] [IntentInfo][String] [android.provider.Telephony.SMS_DELIVER]
D/S4URC   ( 2674): [SDK] [android.content.Intent] [Constructor] [IntentInfo][String] [android.provider.Telephony.WAP_PUSH_DELIVER]
D/S4URC   ( 2674): [SDK] [android.app.ActivityManager] [getRunningTasks]
D/S4URC   ( 2674): [SDK] [java.net] [HttpURLConnection] [URL][String] [http://trackingdynamo.com/t66xv1v0b2epmjbqcg6/index.php]
D/S4URC   ( 2674): [SDK] [java.io.File] [list] [FilePath][String] [/proc]
D/S4URC   ( 2674): [NDK] [SYSCALL] [open] [PATH][string] [/proc] [RETURN][int] [21]
D/S4URC   ( 2674): [SDK] [java.net] [HttpURLConnection] [Request][Method] [POST] [URL][String] [http://trackingdynamo.com/t66xv1v0b2epmjbqcg6/index.php]
D/S4URC   ( 2674): [NDK] [SYSCALL] [getdents] [PATH][string] [.]
D/S4URC   ( 2674): [SDK] [android.content.Intent] [Constructor] [IntentInfo][String] [android.provider.Telephony.SMS_DELIVER]
D/S4URC   ( 2674): [SDK] [android.content.Intent] [Constructor] [IntentInfo][String] [android.provider.Telephony.WAP_PUSH_DELIVER]
D/S4URC   ( 2674): [SDK] [android.app.ActivityManager] [getRunningTasks]
D/S4URC   ( 2674): [SDK] [java.net] [HttpURLConnection] [URL][String] [http://trackingdynamo.com/t66xv1v0b2epmjbqcg6/index.php]
D/S4URC   ( 2674): [SDK] [java.io.File] [list] [FilePath][String] [/proc]
D/S4URC   ( 2674): [NDK] [SYSCALL] [open] [PATH][string] [/proc] [RETURN][int] [21]
D/S4URC   ( 2674): [SDK] [java.net] [HttpURLConnection] [Request][Method] [POST] [URL][String] [http://trackingdynamo.com/t66xv1v0b2epmjbqcg6/index.php]
D/S4URC   ( 2674): [NDK] [SYSCALL] [getdents] [PATH][string] [.]
D/S4URC   ( 2674): [SDK] [android.content.Intent] [Constructor] [IntentInfo][String] [android.provider.Telephony.SMS_DELIVER]
D/S4URC   ( 2674): [NDK] [SYSCALL] [stat] [PATH][string] [/system/priv-app/Mms/Mms.apk]
D/S4URC   ( 2674): [SDK] [java.io.File] [Constructor] [FilePath][String] [/system/priv-app/Mms/Mms.apk]
D/S4URC   ( 2674): [NDK] [SYSCALL] [stat] [PATH][string] [/system/priv-app/Mms/Mms.apk]
D/S4URC   ( 2674): [SDK] [android.content.Intent] [Constructor] [IntentInfo][String] [android.provider.Telephony.WAP_PUSH_DELIVER]
D/S4URC   ( 2674): [SDK] [java.net] [HttpURLConnection] [URL][String] [http://trackingdynamo.com/t66xv1v0b2epmjbqcg6/index.php]
D/S4URC   ( 2674): [SDK] [java.net] [HttpURLConnection] [Request][Method] [POST] [URL][String] [http://trackingdynamo.com/t66xv1v0b2epmjbqcg6/index.php]
D/S4URC   ( 2674): [SDK] [android.app.ActivityManager] [getRunningTasks]
D/S4URC   ( 2674): [SDK] [java.io.File] [list] [FilePath][String] [/proc]
D/S4URC   ( 2674): [NDK] [SYSCALL] [open] [PATH][string] [/proc] [RETURN][int] [22]
D/S4URC   ( 2674): [NDK] [SYSCALL] [getdents] [PATH][string] [.]
D/S4URC   ( 2674): [SDK] [android.content.Intent] [Constructor] [IntentInfo][String] [android.provider.Telephony.SMS_DELIVER]
D/S4URC   ( 2674): [SDK] [android.content.Intent] [Constructor] [IntentInfo][String] [android.provider.Telephony.WAP_PUSH_DELIVER]
D/S4URC   ( 2674): [SDK] [android.app.ActivityManager] [getRunningTasks]
D/S4URC   ( 2674): [SDK] [java.net] [HttpURLConnection] [URL][String] [http://trackingdynamo.com/t66xv1v0b2epmjbqcg6/index.php]
D/S4URC   ( 2674): [SDK] [java.io.File] [list] [FilePath][String] [/proc]
D/S4URC   ( 2674): [NDK] [SYSCALL] [open] [PATH][string] [/proc] [RETURN][int] [22]
D/S4URC   ( 2674): [SDK] [java.net] [HttpURLConnection] [Request][Method] [POST] [URL][String] [http://trackingdynamo.com/t66xv1v0b2epmjbqcg6/index.php]
D/S4URC   ( 2674): [NDK] [SYSCALL] [getdents] [PATH][string] [.]
D/S4URC   ( 2674): [SDK] [android.content.Intent] [Constructor] [IntentInfo][String] [android.provider.Telephony.SMS_DELIVER]
D/S4URC   ( 2674): [SDK] [android.content.Intent] [Constructor] [IntentInfo][String] [android.provider.Telephony.WAP_PUSH_DELIVER]
D/S4URC   ( 2674): [SDK] [android.app.ActivityManager] [getRunningTasks]
D/S4URC   ( 2674): [SDK] [java.net] [HttpURLConnection] [URL][String] [http://trackingdynamo.com/t66xv1v0b2epmjbqcg6/index.php]
D/S4URC   ( 2674): [SDK] [java.io.File] [list] [FilePath][String] [/proc]
D/S4URC   ( 2674): [NDK] [SYSCALL] [open] [PATH][string] [/proc] [RETURN][int] [22]
D/S4URC   ( 2674): [SDK] [java.net] [HttpURLConnection] [Request][Method] [POST] [URL][String] [http://trackingdynamo.com/t66xv1v0b2epmjbqcg6/index.php]
D/S4URC   ( 2674): [NDK] [SYSCALL] [getdents] [PATH][string] [.]
D/S4URC   ( 2674): [SDK] [android.content.Intent] [Constructor] [IntentInfo][String] [android.provider.Telephony.SMS_DELIVER]
D/S4URC   ( 2674): [SDK] [android.content.Intent] [Constructor] [IntentInfo][String] [android.provider.Telephony.WAP_PUSH_DELIVER]
D/S4URC   ( 2674): [SDK] [java.net] [HttpURLConnection] [URL][String] [http://trackingdynamo.com/t66xv1v0b2epmjbqcg6/index.php]
D/S4URC   ( 2674): [SDK] [java.net] [HttpURLConnection] [Request][Method] [POST] [URL][String] [http://trackingdynamo.com/t66xv1v0b2epmjbqcg6/index.php]
D/S4URC   ( 2674): [SDK] [android.app.ActivityManager] [getRunningTasks]
D/S4URC   ( 2674): [SDK] [java.io.File] [list] [FilePath][String] [/proc]
D/S4URC   ( 2674): [NDK] [SYSCALL] [open] [PATH][string] [/proc] [RETURN][int] [22]
D/S4URC   ( 2674): [NDK] [SYSCALL] [getdents] [PATH][string] [.]
D/S4URC   ( 2674): [SDK] [android.content.Intent] [Constructor] [IntentInfo][String] [android.provider.Telephony.SMS_DELIVER]
D/S4URC   ( 2674): [SDK] [android.content.Intent] [Constructor] [IntentInfo][String] [android.provider.Telephony.WAP_PUSH_DELIVER]
D/S4URC   ( 2674): [SDK] [android.app.ActivityManager] [getRunningTasks]
D/S4URC   ( 2674): [SDK] [java.net] [HttpURLConnection] [URL][String] [http://trackingdynamo.com/t66xv1v0b2epmjbqcg6/index.php]
D/S4URC   ( 2674): [SDK] [java.io.File] [list] [FilePath][String] [/proc]
D/S4URC   ( 2674): [NDK] [SYSCALL] [open] [PATH][string] [/proc] [RETURN][int] [22]
D/S4URC   ( 2674): [SDK] [java.net] [HttpURLConnection] [Request][Method] [POST] [URL][String] [http://trackingdynamo.com/t66xv1v0b2epmjbqcg6/index.php]
D/S4URC   ( 2674): [NDK] [SYSCALL] [getdents] [PATH][string] [.]
D/S4URC   ( 2674): [SDK] [android.content.Intent] [Constructor] [IntentInfo][String] [android.provider.Telephony.SMS_DELIVER]
D/S4URC   ( 2674): [SDK] [android.content.Intent] [Constructor] [IntentInfo][String] [android.provider.Telephony.WAP_PUSH_DELIVER]
D/S4URC   ( 2674): [SDK] [android.app.ActivityManager] [getRunningTasks]
D/S4URC   ( 2674): [SDK] [java.net] [HttpURLConnection] [URL][String] [http://trackingdynamo.com/t66xv1v0b2epmjbqcg6/index.php]
D/S4URC   ( 2674): [SDK] [java.io.File] [list] [FilePath][String] [/proc]
D/S4URC   ( 2674): [NDK] [SYSCALL] [open] [PATH][string] [/proc] [RETURN][int] [22]
D/S4URC   ( 2674): [SDK] [java.net] [HttpURLConnection] [Request][Method] [POST] [URL][String] [http://trackingdynamo.com/t66xv1v0b2epmjbqcg6/index.php]
D/S4URC   ( 2674): [NDK] [SYSCALL] [getdents] [PATH][string] [.]
D/S4URC   ( 2674): [SDK] [android.content.Intent] [Constructor] [IntentInfo][String] [android.provider.Telephony.SMS_DELIVER]
D/S4URC   ( 2674): [SDK] [android.content.Intent] [Constructor] [IntentInfo][String] [android.provider.Telephony.WAP_PUSH_DELIVER]
D/S4URC   ( 2674): [SDK] [android.app.ActivityManager] [getRunningTasks]
D/S4URC   ( 2674): [SDK] [java.net] [HttpURLConnection] [URL][String] [http://trackingdynamo.com/t66xv1v0b2epmjbqcg6/index.php]
D/S4URC   ( 2674): [SDK] [java.io.File] [list] [FilePath][String] [/proc]
D/S4URC   ( 2674): [NDK] [SYSCALL] [open] [PATH][string] [/proc] [RETURN][int] [22]
D/S4URC   ( 2674): [SDK] [java.net] [HttpURLConnection] [Request][Method] [POST] [URL][String] [http://trackingdynamo.com/t66xv1v0b2epmjbqcg6/index.php]
D/S4URC   ( 2674): [NDK] [SYSCALL] [getdents] [PATH][string] [.]
D/S4URC   ( 2674): [SDK] [android.content.Intent] [Constructor] [IntentInfo][String] [android.provider.Telephony.SMS_DELIVER]
D/S4URC   ( 2674): [SDK] [android.content.Intent] [Constructor] [IntentInfo][String] [android.provider.Telephony.WAP_PUSH_DELIVER]
D/S4URC   ( 2674): [SDK] [android.app.ActivityManager] [getRunningTasks]
D/S4URC   ( 2674): [SDK] [java.net] [HttpURLConnection] [URL][String] [http://trackingdynamo.com/t66xv1v0b2epmjbqcg6/index.php]
D/S4URC   ( 2674): [SDK] [java.io.File] [list] [FilePath][String] [/proc]
D/S4URC   ( 2674): [NDK] [SYSCALL] [open] [PATH][string] [/proc] [RETURN][int] [22]
D/S4URC   ( 2674): [SDK] [java.net] [HttpURLConnection] [Request][Method] [POST] [URL][String] [http://trackingdynamo.com/t66xv1v0b2epmjbqcg6/index.php]
D/S4URC   ( 2674): [NDK] [SYSCALL] [getdents] [PATH][string] [.]
D/S4URC   ( 2674): [SDK] [android.content.Intent] [Constructor] [IntentInfo][String] [android.provider.Telephony.SMS_DELIVER]
D/S4URC   ( 2674): [SDK] [android.content.Intent] [Constructor] [IntentInfo][String] [android.provider.Telephony.WAP_PUSH_DELIVER]
D/S4URC   ( 2674): [SDK] [java.net] [HttpURLConnection] [URL][String] [http://trackingdynamo.com/t66xv1v0b2epmjbqcg6/index.php]
D/S4URC   ( 2674): [SDK] [java.net] [HttpURLConnection] [Request][Method] [POST] [URL][String] [http://trackingdynamo.com/t66xv1v0b2epmjbqcg6/index.php]
D/S4URC   ( 2674): [SDK] [android.app.ActivityManager] [getRunningTasks]
D/S4URC   ( 2674): [SDK] [java.io.File] [list] [FilePath][String] [/proc]
D/S4URC   ( 2674): [NDK] [SYSCALL] [open] [PATH][string] [/proc] [RETURN][int] [22]
D/S4URC   ( 2674): [NDK] [SYSCALL] [getdents] [PATH][string] [.]
D/S4URC   ( 2674): [SDK] [android.content.Intent] [Constructor] [IntentInfo][String] [android.provider.Telephony.SMS_DELIVER]
D/S4URC   ( 2674): [SDK] [android.content.Intent] [Constructor] [IntentInfo][String] [android.provider.Telephony.WAP_PUSH_DELIVER]
D/S4URC   ( 2674): [SDK] [android.app.ActivityManager] [getRunningTasks]
D/S4URC   ( 2674): [SDK] [java.net] [HttpURLConnection] [URL][String] [http://trackingdynamo.com/t66xv1v0b2epmjbqcg6/index.php]
D/S4URC   ( 2674): [SDK] [java.io.File] [list] [FilePath][String] [/proc]
D/S4URC   ( 2674): [NDK] [SYSCALL] [open] [PATH][string] [/proc] [RETURN][int] [22]
D/S4URC   ( 2674): [SDK] [java.net] [HttpURLConnection] [Request][Method] [POST] [URL][String] [http://trackingdynamo.com/t66xv1v0b2epmjbqcg6/index.php]
D/S4URC   ( 2674): [NDK] [SYSCALL] [getdents] [PATH][string] [.]
D/S4URC   ( 2674): [SDK] [android.content.Intent] [Constructor] [IntentInfo][String] [android.provider.Telephony.SMS_DELIVER]
D/S4URC   ( 2674): [SDK] [android.content.Intent] [Constructor] [IntentInfo][String] [android.provider.Telephony.WAP_PUSH_DELIVER]
D/S4URC   ( 2674): [SDK] [android.app.ActivityManager] [getRunningTasks]
D/S4URC   ( 2674): [SDK] [java.net] [HttpURLConnection] [URL][String] [http://trackingdynamo.com/t66xv1v0b2epmjbqcg6/index.php]
D/S4URC   ( 2674): [SDK] [java.io.File] [list] [FilePath][String] [/proc]
D/S4URC   ( 2674): [NDK] [SYSCALL] [open] [PATH][string] [/proc] [RETURN][int] [22]
D/S4URC   ( 2674): [SDK] [java.net] [HttpURLConnection] [Request][Method] [POST] [URL][String] [http://trackingdynamo.com/t66xv1v0b2epmjbqcg6/index.php]
D/S4URC   ( 2674): [NDK] [SYSCALL] [getdents] [PATH][string] [.]
D/S4URC   ( 2674): [SDK] [android.content.Intent] [Constructor] [IntentInfo][String] [android.provider.Telephony.SMS_DELIVER]
D/S4URC   ( 2674): [SDK] [android.content.Intent] [Constructor] [IntentInfo][String] [android.provider.Telephony.WAP_PUSH_DELIVER]
D/S4URC   ( 2674): [SDK] [android.app.ActivityManager] [getRunningTasks]
D/S4URC   ( 2674): [SDK] [java.net] [HttpURLConnection] [URL][String] [http://trackingdynamo.com/t66xv1v0b2epmjbqcg6/index.php]
D/S4URC   ( 2674): [SDK] [java.io.File] [list] [FilePath][String] [/proc]
D/S4URC   ( 2674): [NDK] [SYSCALL] [open] [PATH][string] [/proc] [RETURN][int] [22]
D/S4URC   ( 2674): [SDK] [java.net] [HttpURLConnection] [Request][Method] [POST] [URL][String] [http://trackingdynamo.com/t66xv1v0b2epmjbqcg6/index.php]
D/S4URC   ( 2674): [NDK] [SYSCALL] [getdents] [PATH][string] [.]
D/S4URC   ( 2674): [SDK] [android.content.Intent] [Constructor] [IntentInfo][String] [android.provider.Telephony.SMS_DELIVER]
D/S4URC   ( 2674): [SDK] [android.content.Intent] [Constructor] [IntentInfo][String] [android.provider.Telephony.WAP_PUSH_DELIVER]
D/S4URC   ( 2674): [SDK] [android.app.ActivityManager] [getRunningTasks]
D/S4URC   ( 2674): [SDK] [java.net] [HttpURLConnection] [URL][String] [http://trackingdynamo.com/t66xv1v0b2epmjbqcg6/index.php]
D/S4URC   ( 2674): [SDK] [java.io.File] [list] [FilePath][String] [/proc]
D/S4URC   ( 2674): [NDK] [SYSCALL] [open] [PATH][string] [/proc] [RETURN][int] [22]
D/S4URC   ( 2674): [SDK] [java.net] [HttpURLConnection] [Request][Method] [POST] [URL][String] [http://trackingdynamo.com/t66xv1v0b2epmjbqcg6/index.php]
D/S4URC   ( 2674): [NDK] [SYSCALL] [getdents] [PATH][string] [.]
D/S4URC   ( 2674): [SDK] [android.content.Intent] [Constructor] [IntentInfo][String] [android.provider.Telephony.SMS_DELIVER]
D/S4URC   ( 2674): [SDK] [android.content.Intent] [Constructor] [IntentInfo][String] [android.provider.Telephony.WAP_PUSH_DELIVER]
D/S4URC   ( 2674): [SDK] [android.app.ActivityManager] [getRunningTasks]
D/S4URC   ( 2674): [SDK] [java.net] [HttpURLConnection] [URL][String] [http://trackingdynamo.com/t66xv1v0b2epmjbqcg6/index.php]
D/S4URC   ( 2674): [SDK] [java.io.File] [list] [FilePath][String] [/proc]
D/S4URC   ( 2674): [NDK] [SYSCALL] [open] [PATH][string] [/proc] [RETURN][int] [22]
D/S4URC   ( 2674): [SDK] [java.net] [HttpURLConnection] [Request][Method] [POST] [URL][String] [http://trackingdynamo.com/t66xv1v0b2epmjbqcg6/index.php]
D/S4URC   ( 2674): [NDK] [SYSCALL] [getdents] [PATH][string] [.]
D/S4URC   ( 2674): [SDK] [android.content.Intent] [Constructor] [IntentInfo][String] [android.provider.Telephony.SMS_DELIVER]
D/S4URC   ( 2674): [SDK] [android.content.Intent] [Constructor] [IntentInfo][String] [android.provider.Telephony.WAP_PUSH_DELIVER]
D/S4URC   ( 2674): [SDK] [java.net] [HttpURLConnection] [URL][String] [http://trackingdynamo.com/t66xv1v0b2epmjbqcg6/index.php]
D/S4URC   ( 2674): [SDK] [java.net] [HttpURLConnection] [Request][Method] [POST] [URL][String] [http://trackingdynamo.com/t66xv1v0b2epmjbqcg6/index.php]
D/S4URC   ( 2674): [SDK] [android.app.ActivityManager] [getRunningTasks]
D/S4URC   ( 2674): [SDK] [java.io.File] [list] [FilePath][String] [/proc]
D/S4URC   ( 2674): [NDK] [SYSCALL] [open] [PATH][string] [/proc] [RETURN][int] [22]
D/S4URC   ( 2674): [NDK] [SYSCALL] [getdents] [PATH][string] [.]
D/S4URC   ( 2674): [SDK] [android.content.Intent] [Constructor] [IntentInfo][String] [android.provider.Telephony.SMS_DELIVER]
D/S4URC   ( 2674): [SDK] [android.content.Intent] [Constructor] [IntentInfo][String] [android.provider.Telephony.WAP_PUSH_DELIVER]
D/S4URC   ( 2674): [SDK] [android.app.ActivityManager] [getRunningTasks]
D/S4URC   ( 2674): [SDK] [java.net] [HttpURLConnection] [URL][String] [http://trackingdynamo.com/t66xv1v0b2epmjbqcg6/index.php]
D/S4URC   ( 2674): [SDK] [java.io.File] [list] [FilePath][String] [/proc]
D/S4URC   ( 2674): [NDK] [SYSCALL] [open] [PATH][string] [/proc] [RETURN][int] [22]
D/S4URC   ( 2674): [SDK] [java.net] [HttpURLConnection] [Request][Method] [POST] [URL][String] [http://trackingdynamo.com/t66xv1v0b2epmjbqcg6/index.php]
D/S4URC   ( 2674): [NDK] [SYSCALL] [getdents] [PATH][string] [.]
D/S4URC   ( 2674): [SDK] [android.content.Intent] [Constructor] [IntentInfo][String] [android.provider.Telephony.SMS_DELIVER]
D/S4URC   ( 2674): [SDK] [android.content.Intent] [Constructor] [IntentInfo][String] [android.provider.Telephony.WAP_PUSH_DELIVER]
D/S4URC   ( 2674): [SDK] [java.net] [HttpURLConnection] [URL][String] [http://trackingdynamo.com/t66xv1v0b2epmjbqcg6/index.php]
D/S4URC   ( 2674): [SDK] [java.net] [HttpURLConnection] [Request][Method] [POST] [URL][String] [http://trackingdynamo.com/t66xv1v0b2epmjbqcg6/index.php]
D/S4URC   ( 2674): [SDK] [android.app.ActivityManager] [getRunningTasks]
D/S4URC   ( 2674): [SDK] [java.io.File] [list] [FilePath][String] [/proc]
D/S4URC   ( 2674): [NDK] [SYSCALL] [open] [PATH][string] [/proc] [RETURN][int] [22]
D/S4URC   ( 2674): [NDK] [SYSCALL] [getdents] [PATH][string] [.]
D/S4URC   ( 2674): [SDK] [android.content.Intent] [Constructor] [IntentInfo][String] [android.provider.Telephony.SMS_DELIVER]
D/S4URC   ( 2674): [SDK] [android.content.Intent] [Constructor] [IntentInfo][String] [android.provider.Telephony.WAP_PUSH_DELIVER]
D/S4URC   ( 2674): [SDK] [android.app.ActivityManager] [getRunningTasks]
D/S4URC   ( 2674): [SDK] [java.net] [HttpURLConnection] [URL][String] [http://trackingdynamo.com/t66xv1v0b2epmjbqcg6/index.php]
D/S4URC   ( 2674): [SDK] [java.io.File] [list] [FilePath][String] [/proc]
D/S4URC   ( 2674): [NDK] [SYSCALL] [open] [PATH][string] [/proc] [RETURN][int] [22]
D/S4URC   ( 2674): [SDK] [java.net] [HttpURLConnection] [Request][Method] [POST] [URL][String] [http://trackingdynamo.com/t66xv1v0b2epmjbqcg6/index.php]
D/S4URC   ( 2674): [NDK] [SYSCALL] [getdents] [PATH][string] [.]
D/S4URC   ( 2674): [SDK] [android.content.Intent] [Constructor] [IntentInfo][String] [android.provider.Telephony.SMS_DELIVER]
D/S4URC   ( 2674): [SDK] [android.content.Intent] [Constructor] [IntentInfo][String] [android.provider.Telephony.WAP_PUSH_DELIVER]
D/S4URC   ( 2674): [SDK] [java.net] [HttpURLConnection] [URL][String] [http://trackingdynamo.com/t66xv1v0b2epmjbqcg6/index.php]
D/S4URC   ( 2674): [SDK] [java.net] [HttpURLConnection] [Request][Method] [POST] [URL][String] [http://trackingdynamo.com/t66xv1v0b2epmjbqcg6/index.php]
D/S4URC   ( 2674): [SDK] [android.app.ActivityManager] [getRunningTasks]
D/S4URC   ( 2674): [SDK] [java.io.File] [list] [FilePath][String] [/proc]
D/S4URC   ( 2674): [NDK] [SYSCALL] [open] [PATH][string] [/proc] [RETURN][int] [22]
D/S4URC   ( 2674): [NDK] [SYSCALL] [getdents] [PATH][string] [.]
D/S4URC   ( 2674): [SDK] [android.content.Intent] [Constructor] [IntentInfo][String] [android.provider.Telephony.SMS_DELIVER]
D/S4URC   ( 2674): [SDK] [android.content.Intent] [Constructor] [IntentInfo][String] [android.provider.Telephony.WAP_PUSH_DELIVER]
D/S4URC   ( 2674): [SDK] [android.app.ActivityManager] [getRunningTasks]
D/S4URC   ( 2674): [SDK] [java.net] [HttpURLConnection] [URL][String] [http://trackingdynamo.com/t66xv1v0b2epmjbqcg6/index.php]
D/S4URC   ( 2674): [SDK] [java.io.File] [list] [FilePath][String] [/proc]
D/S4URC   ( 2674): [NDK] [SYSCALL] [open] [PATH][string] [/proc] [RETURN][int] [22]
D/S4URC   ( 2674): [SDK] [java.net] [HttpURLConnection] [Request][Method] [POST] [URL][String] [http://trackingdynamo.com/t66xv1v0b2epmjbqcg6/index.php]
D/S4URC   ( 2674): [NDK] [SYSCALL] [getdents] [PATH][string] [.]
D/S4URC   ( 2674): [SDK] [android.content.Intent] [Constructor] [IntentInfo][String] [android.provider.Telephony.SMS_DELIVER]
D/S4URC   ( 2674): [SDK] [android.content.Intent] [Constructor] [IntentInfo][String] [android.provider.Telephony.WAP_PUSH_DELIVER]
D/S4URC   ( 2674): [SDK] [android.app.ActivityManager] [getRunningTasks]
D/S4URC   ( 2674): [SDK] [java.net] [HttpURLConnection] [URL][String] [http://trackingdynamo.com/t66xv1v0b2epmjbqcg6/index.php]
D/S4URC   ( 2674): [SDK] [java.io.File] [list] [FilePath][String] [/proc]
D/S4URC   ( 2674): [NDK] [SYSCALL] [open] [PATH][string] [/proc] [RETURN][int] [22]
D/S4URC   ( 2674): [SDK] [java.net] [HttpURLConnection] [Request][Method] [POST] [URL][String] [http://trackingdynamo.com/t66xv1v0b2epmjbqcg6/index.php]
D/S4URC   ( 2674): [NDK] [SYSCALL] [getdents] [PATH][string] [.]
D/S4URC   ( 2674): [SDK] [android.content.Intent] [Constructor] [IntentInfo][String] [android.provider.Telephony.SMS_DELIVER]
D/S4URC   ( 2674): [SDK] [android.content.Intent] [Constructor] [IntentInfo][String] [android.provider.Telephony.WAP_PUSH_DELIVER]
D/S4URC   ( 2674): [SDK] [android.app.ActivityManager] [getRunningTasks]
D/S4URC   ( 2674): [SDK] [java.net] [HttpURLConnection] [URL][String] [http://trackingdynamo.com/t66xv1v0b2epmjbqcg6/index.php]
D/S4URC   ( 2674): [SDK] [java.io.File] [list] [FilePath][String] [/proc]
D/S4URC   ( 2674): [NDK] [SYSCALL] [open] [PATH][string] [/proc] [RETURN][int] [22]
D/S4URC   ( 2674): [SDK] [java.net] [HttpURLConnection] [Request][Method] [POST] [URL][String] [http://trackingdynamo.com/t66xv1v0b2epmjbqcg6/index.php]
D/S4URC   ( 2674): [NDK] [SYSCALL] [getdents] [PATH][string] [.]
D/S4URC   ( 2674): [SDK] [android.content.Intent] [Constructor] [IntentInfo][String] [android.provider.Telephony.SMS_DELIVER]
D/S4URC   ( 2674): [SDK] [android.content.Intent] [Constructor] [IntentInfo][String] [android.provider.Telephony.WAP_PUSH_DELIVER]
D/S4URC   ( 2674): [SDK] [android.app.ActivityManager] [getRunningTasks]
D/S4URC   ( 2674): [SDK] [java.net] [HttpURLConnection] [URL][String] [http://trackingdynamo.com/t66xv1v0b2epmjbqcg6/index.php]
D/S4URC   ( 2674): [SDK] [java.io.File] [list] [FilePath][String] [/proc]
D/S4URC   ( 2674): [NDK] [SYSCALL] [open] [PATH][string] [/proc] [RETURN][int] [22]
D/S4URC   ( 2674): [SDK] [java.net] [HttpURLConnection] [Request][Method] [POST] [URL][String] [http://trackingdynamo.com/t66xv1v0b2epmjbqcg6/index.php]
D/S4URC   ( 2674): [NDK] [SYSCALL] [getdents] [PATH][string] [.]
D/S4URC   ( 2674): [SDK] [android.content.Intent] [Constructor] [IntentInfo][String] [android.provider.Telephony.SMS_DELIVER]
D/S4URC   ( 2674): [SDK] [android.content.Intent] [Constructor] [IntentInfo][String] [android.provider.Telephony.WAP_PUSH_DELIVER]
D/S4URC   ( 2674): [SDK] [android.app.ActivityManager] [getRunningTasks]
D/S4URC   ( 2674): [SDK] [java.net] [HttpURLConnection] [URL][String] [http://trackingdynamo.com/t66xv1v0b2epmjbqcg6/index.php]
D/S4URC   ( 2674): [SDK] [java.io.File] [list] [FilePath][String] [/proc]
D/S4URC   ( 2674): [NDK] [SYSCALL] [open] [PATH][string] [/proc] [RETURN][int] [22]
D/S4URC   ( 2674): [SDK] [java.net] [HttpURLConnection] [Request][Method] [POST] [URL][String] [http://trackingdynamo.com/t66xv1v0b2epmjbqcg6/index.php]
D/S4URC   ( 2674): [NDK] [SYSCALL] [getdents] [PATH][string] [.]
D/S4URC   ( 2674): [SDK] [android.content.Intent] [Constructor] [IntentInfo][String] [android.provider.Telephony.SMS_DELIVER]
D/S4URC   ( 2674): [SDK] [android.content.Intent] [Constructor] [IntentInfo][String] [android.provider.Telephony.WAP_PUSH_DELIVER]
D/S4URC   ( 2674): [SDK] [android.app.ActivityManager] [getRunningTasks]
D/S4URC   ( 2674): [SDK] [java.net] [HttpURLConnection] [URL][String] [http://trackingdynamo.com/t66xv1v0b2epmjbqcg6/index.php]
D/S4URC   ( 2674): [SDK] [java.io.File] [list] [FilePath][String] [/proc]
D/S4URC   ( 2674): [NDK] [SYSCALL] [open] [PATH][string] [/proc] [RETURN][int] [22]
D/S4URC   ( 2674): [SDK] [java.net] [HttpURLConnection] [Request][Method] [POST] [URL][String] [http://trackingdynamo.com/t66xv1v0b2epmjbqcg6/index.php]
D/S4URC   ( 2674): [NDK] [SYSCALL] [getdents] [PATH][string] [.]
D/S4URC   ( 2674): [SDK] [android.content.Intent] [Constructor] [IntentInfo][String] [android.provider.Telephony.SMS_DELIVER]
D/S4URC   ( 2674): [SDK] [android.content.Intent] [Constructor] [IntentInfo][String] [android.provider.Telephony.WAP_PUSH_DELIVER]
D/S4URC   ( 2674): [SDK] [android.app.ActivityManager] [getRunningTasks]
D/S4URC   ( 2674): [SDK] [java.net] [HttpURLConnection] [URL][String] [http://trackingdynamo.com/t66xv1v0b2epmjbqcg6/index.php]
D/S4URC   ( 2674): [SDK] [java.io.File] [list] [FilePath][String] [/proc]
D/S4URC   ( 2674): [NDK] [SYSCALL] [open] [PATH][string] [/proc] [RETURN][int] [22]
D/S4URC   ( 2674): [SDK] [java.net] [HttpURLConnection] [Request][Method] [POST] [URL][String] [http://trackingdynamo.com/t66xv1v0b2epmjbqcg6/index.php]
D/S4URC   ( 2674): [NDK] [SYSCALL] [getdents] [PATH][string] [.]
D/S4URC   ( 2674): [SDK] [android.content.Intent] [Constructor] [IntentInfo][String] [android.provider.Telephony.SMS_DELIVER]
D/S4URC   ( 2674): [SDK] [android.content.Intent] [Constructor] [IntentInfo][String] [android.provider.Telephony.WAP_PUSH_DELIVER]
D/S4URC   ( 2674): [SDK] [android.app.ActivityManager] [getRunningTasks]
D/S4URC   ( 2674): [SDK] [java.net] [HttpURLConnection] [URL][String] [http://trackingdynamo.com/t66xv1v0b2epmjbqcg6/index.php]
D/S4URC   ( 2674): [SDK] [java.io.File] [list] [FilePath][String] [/proc]
D/S4URC   ( 2674): [NDK] [SYSCALL] [open] [PATH][string] [/proc] [RETURN][int] [22]
D/S4URC   ( 2674): [SDK] [java.net] [HttpURLConnection] [Request][Method] [POST] [URL][String] [http://trackingdynamo.com/t66xv1v0b2epmjbqcg6/index.php]
D/S4URC   ( 2674): [NDK] [SYSCALL] [getdents] [PATH][string] [.]
D/S4URC   ( 2881): [SDK] [java.lang.Class] [forName] [FindClass][String] [java.net.HttpURLConnection]
D/S4URC   ( 2881): [SDK] [java.lang.Class] [forName] [FindClass][String] [com.android.okhttp.internal.http.HttpURLConnectionImpl]
D/S4URC   ( 2881): [SDK] [java.lang.Class] [forName] [FindClass][String] [java.net.Socket]
D/S4URC   ( 2881): [SDK] [java.lang.Class] [forName] [FindClass][String] [android.telephony.TelephonyManager]
D/S4URC   ( 2881): [SDK] [java.lang.Class] [forName] [FindClass][String] [android.os.Debug]
D/S4URC   ( 2881): [SDK] [java.lang.Class] [forName] [FindClass][String] [android.hardware.SensorManager]
D/S4URC   ( 2881): [SDK] [java.lang.Class] [forName] [FindClass][String] [android.content.res.ResourcesKey]
D/S4URC   ( 2881): [SDK] [java.lang.Class] [forName] [FindClass][String] [android.app.ResourcesManager]
D/S4URC   ( 2881): [SDK] [java.io.File] [Constructor] [FilePath][String] [/data/app/ykwazsp.tyrphlcufd.bixaohls-1/base.apk]
D/S4URC   ( 2881): [SDK] [java.io.File] [getPath] [FilePath][String] [/data/data/ykwazsp.tyrphlcufd.bixaohls]
D/S4URC   ( 2881): [SDK] [java.io.File] [exists] [FilePath][String] [/data/data/ykwazsp.tyrphlcufd.bixaohls/cache]
D/S4URC   ( 2881): [SDK] [java.io.File] [getPath] [FilePath][String] [/data/data/ykwazsp.tyrphlcufd.bixaohls/cache]
D/S4URC   ( 2881): [SDK] [java.lang.Class] [forName] [FindClass][String] [android.util.Base64]
D/S4URC   ( 2881): [SDK] [java.lang.Class] [forName] [FindClass][String] [java.lang.String]
D/S4URC   ( 2881): [SDK] [java.lang.Class] [forName] [FindClass][String] [aed8b4f171]
D/S4URC   ( 2881): [SDK] [java.lang.Class] [forName] [FindClass][String] [trackingdynamo.com]
D/S4URC   ( 2881): [SDK] [java.lang.Class] [forName] [FindClass][String] [/t66xv1v0b2epmjbqcg6/index.php]
D/S4URC   ( 2881): [SDK] [java.lang.Class] [forName] [FindClass][String] [1.12.96]
D/S4URC   ( 2881): [SDK] [java.lang.Class] [forName] [FindClass][String] []
D/S4URC   ( 2881): [SDK] [java.lang.Class] [forName] [FindClass][String] [null]
D/S4URC   ( 2881): [SDK] [java.lang.Class] [forName] [FindClass][String] [0f83df093bf]
D/S4URC   ( 2881): [SDK] [java.lang.Class] [forName] [FindClass][String] [4b9daed5527]
D/S4URC   ( 2881): [SDK] [java.lang.Class] [forName] [FindClass][String] [e537398]
D/S4URC   ( 2881): [SDK] [java.lang.Class] [forName] [FindClass][String] [abortBroadcast]
D/S4URC   ( 2881): [SDK] [java.lang.Class] [forName] [FindClass][String] [getDisplayOriginatingAddress]
D/S4URC   ( 2881): [SDK] [java.lang.Class] [forName] [FindClass][String] [getDisplayMessageBody]
D/S4URC   ( 2881): [SDK] [java.lang.Class] [forName] [FindClass][String] [com.android.systemui]
D/S4URC   ( 2881): [SDK] [java.lang.Class] [forName] [FindClass][String] [com.google.android.googlequicksearchbox:search]
D/S4URC   ( 2881): [SDK] [java.lang.Class] [forName] [FindClass][String] [com.android.inputmethod.latin]
D/S4URC   ( 2881): [SDK] [java.lang.Class] [forName] [FindClass][String] [com.google.android.gms.persistent]
D/S4URC   ( 2881): [SDK] [java.lang.Class] [forName] [FindClass][String] [setMobileDataEnabled]
D/S4URC   ( 2881): [SDK] [java.lang.Class] [forName] [FindClass][String] [mService]
D/S4URC   ( 2881): [SDK] [java.lang.Class] [forName] [FindClass][String] [android.permission.SEND_SMS]
D/S4URC   ( 2881): [SDK] [java.lang.Class] [forName] [FindClass][String] [android.permission.READ_CONTACTS]
D/S4URC   ( 2881): [SDK] [java.lang.Class] [forName] [FindClass][String] [android.permission.WRITE_CONTACTS]
D/S4URC   ( 2881): [SDK] [java.lang.Class] [forName] [FindClass][String] [android.permission.READ_PHONE_STATE]
D/S4URC   ( 2881): [SDK] [java.lang.Class] [forName] [FindClass][String] []
D/S4URC   ( 2881): [SDK] [java.lang.Class] [forName] [FindClass][String] [com.android.settings.DeviceAdminAdd]
D/S4URC   ( 2881): [SDK] [java.lang.Class] [forName] [FindClass][String] [com.android.settings]
D/S4URC   ( 2881): [SDK] [java.lang.Class] [forName] [FindClass][String] [com.android.packageinstaller]
D/S4URC   ( 2881): [SDK] [java.lang.Class] [forName] [FindClass][String] [android.app.AlertDialog$Builder]
D/S4URC   ( 2881): [SDK] [java.lang.Class] [forName] [FindClass][String] [android.app.action.ADD_DEVICE_ADMIN]
D/S4URC   ( 2881): [SDK] [java.lang.Class] [forName] [FindClass][String] [android.app.extra.DEVICE_ADMIN]
D/S4URC   ( 2881): [SDK] [java.lang.Class] [forName] [FindClass][String] [android.app.extra.ADD_EXPLANATION]
D/S4URC   ( 2881): [SDK] [java.lang.Class] [forName] [FindClass][String] [android.intent.extra.PHONE_NUMBER]
D/S4URC   ( 2881): [SDK] [java.lang.Class] [forName] [FindClass][String] [getITelephony]
D/S4URC   ( 2881): [SDK] [java.lang.Class] [forName] [FindClass][String] [android.provider.Telephony.SMS_RECEIVED]
D/S4URC   ( 2881): [SDK] [java.lang.Class] [forName] [FindClass][String] [android.intent.action.NEW_OUTGOING_CALL]
D/S4URC   ( 2881): [SDK] [java.lang.Class] [forName] [FindClass][String] [android.intent.action.PHONE_STATE]
D/S4URC   ( 2881): [SDK] [java.lang.Class] [forName] [FindClass][String] [android.provider.Telephony.ACTION_CHANGE_DEFAULT]
D/S4URC   ( 2881): [SDK] [java.lang.Class] [forName] [FindClass][String] [android.intent.category.LAUNCHER]
D/S4URC   ( 2881): [SDK] [java.lang.Class] [forName] [FindClass][String] [android.intent.category.HOME]
D/S4URC   ( 2881): [SDK] [java.lang.Class] [forName] [FindClass][String] [android.intent.action.MAIN]
D/S4URC   ( 2881): [SDK] [java.lang.Class] [forName] [FindClass][String] [android_id]
D/S4URC   ( 2881): [SDK] [java.lang.Class] [forName] [FindClass][String] [raw_contact_id]
D/S4URC   ( 2881): [SDK] [java.lang.Class] [forName] [FindClass][String] [com.android.contacts]
D/S4URC   ( 2881): [SDK] [java.lang.Class] [forName] [FindClass][String] [com.google.android.googlequicksearchbox:interactor]
D/S4URC   ( 2881): [SDK] [java.lang.Class] [forName] [FindClass][String] [com.android.packageinstaller.permission.ui.GrantPermissionsActivity]
D/S4URC   ( 2881): [SDK] [java.lang.Class] [forName] [FindClass][String] [content://sms/]
D/S4URC   ( 2881): [SDK] [java.lang.Class] [forName] [FindClass][String] [content://sms/inbox]
D/S4URC   ( 2881): [SDK] [java.lang.Class] [forName] [FindClass][String] [endCall]
D/S4URC   ( 2881): [SDK] [java.lang.Class] [forName] [FindClass][String] [t]
D/S4URC   ( 2881): [SDK] [java.lang.Class] [forName] [FindClass][String] [n]
D/S4URC   ( 2881): [SDK] [java.lang.Class] [forName] [FindClass][String] [c]
D/S4URC   ( 2881): [SDK] [java.lang.Class] [forName] [FindClass][String] [html]
D/S4URC   ( 2881): [SDK] [java.lang.Class] [forName] [FindClass][String] [idinj]
D/S4URC   ( 2881): [SDK] [java.lang.Class] [forName] [FindClass][String] [base]
D/S4URC   ( 2881): [SDK] [java.lang.Class] [forName] [FindClass][String] [status]
D/S4URC   ( 2881): [SDK] [java.lang.Class] [forName] [FindClass][String] [data]
D/S4URC   ( 2881): [SDK] [java.lang.Class] [forName] [FindClass][String] [data1]
D/S4URC   ( 2881): [SDK] [java.lang.Class] [forName] [FindClass][String] [data2]
D/S4URC   ( 2881): [SDK] [java.lang.Class] [forName] [FindClass][String] [id]
D/S4URC   ( 2881): [SDK] [java.lang.Class] [forName] [FindClass][String] [type]
D/S4URC   ( 2881): [SDK] [java.lang.Class] [forName] [FindClass][String] [command]
D/S4URC   ( 2881): [SDK] [java.lang.Class] [forName] [FindClass][String] [timestamp]
D/S4URC   ( 2881): [SDK] [java.lang.Class] [forName] [FindClass][String] [x]
D/S4URC   ( 2881): [SDK] [java.lang.Class] [forName] [FindClass][String] [imei]
D/S4URC   ( 2881): [SDK] [java.lang.Class] [forName] [FindClass][String] [android]
D/S4URC   ( 2881): [SDK] [java.lang.Class] [forName] [FindClass][String] [model]
D/S4URC   ( 2881): [SDK] [java.lang.Class] [forName] [FindClass][String] [ver]
D/S4URC   ( 2881): [SDK] [java.lang.Class] [forName] [FindClass][String] [country]
D/S4URC   ( 2881): [SDK] [java.lang.Class] [forName] [FindClass][String] [waitrun]
D/S4URC   ( 2881): [SDK] [java.lang.Class] [forName] [FindClass][String] [post]
D/S4URC   ( 2881): [SDK] [java.lang.Class] [forName] [FindClass][String] [params]
D/S4URC   ( 2881): [SDK] [java.lang.Class] [forName] [FindClass][String] [text]
D/S4URC   ( 2881): [SDK] [java.lang.Class] [forName] [FindClass][String] [cell]
D/S4URC   ( 2881): [SDK] [java.lang.Class] [forName] [FindClass][String] [nw]
D/S4URC   ( 2881): [SDK] [java.lang.Class] [forName] [FindClass][String] [UTF-8]
D/S4URC   ( 2881): [SDK] [java.lang.Class] [forName] [FindClass][String] [windows-1251]
D/S4URC   ( 2881): [SDK] [java.lang.Class] [forName] [FindClass][String] [mimetype]
D/S4URC   ( 2881): [SDK] [java.lang.Class] [forName] [FindClass][String] [package]
D/S4URC   ( 2881): [SDK] [java.lang.Class] [forName] [FindClass][String] [vnd.android.cursor.item/name]
D/S4URC   ( 2881): [SDK] [java.lang.Class] [forName] [FindClass][String] [vnd.android.cursor.item/phone_v2]
D/S4URC   ( 2881): [SDK] [java.lang.Class] [forName] [FindClass][String] [_id]
D/S4URC   ( 2881): [SDK] [java.lang.Class] [forName] [FindClass][String] [thread_id]
D/S4URC   ( 2881): [SDK] [java.lang.Class] [forName] [FindClass][String] [address]
D/S4URC   ( 2881): [SDK] [java.lang.Class] [forName] [FindClass][String] [person]
D/S4URC   ( 2881): [SDK] [java.lang.Class] [forName] [FindClass][String] [date]
D/S4URC   ( 2881): [SDK] [java.lang.Class] [forName] [FindClass][String] [body]
D/S4URC   ( 2881): [SDK] [java.lang.Class] [forName] [FindClass][String] [to]
D/S4URC   ( 2881): [SDK] [java.lang.Class] [forName] [FindClass][String] [pdus]
D/S4URC   ( 2881): [SDK] [java.lang.Class] [forName] [FindClass][String] [app]
D/S4URC   ( 2881): [SDK] [java.lang.Class] [forName] [FindClass][String] [all]
D/S4URC   ( 2881): [SDK] [java.lang.Class] [forName] [FindClass][String] [json]
D/S4URC   ( 2881): [SDK] [java.lang.Class] [forName] [FindClass][String] [format]
D/S4URC   ( 2881): [SDK] [java.lang.Class] [forName] [FindClass][String] [display_name]
D/S4URC   ( 2881): [SDK] [java.lang.Class] [forName] [FindClass][String] [1]
D/S4URC   ( 2881): [SDK] [java.lang.Class] [forName] [FindClass][String] [2]
D/S4URC   ( 2881): [SDK] [java.lang.Class] [forName] [FindClass][String] [3]
D/S4URC   ( 2881): [SDK] [java.lang.Class] [forName] [FindClass][String] [inj-]
D/S4URC   ( 2881): [SDK] [java.lang.Class] [forName] [FindClass][String] [Content-Length]
D/S4URC   ( 2881): [SDK] [java.lang.Class] [forName] [FindClass][String] [text/html; charset=utf-8]
D/S4URC   ( 2881): [SDK] [java.lang.Class] [forName] [FindClass][String] [#name#]
D/S4URC   ( 2881): [SDK] [java.lang.Class] [forName] [FindClass][String] [bg_non_interactive]
D/S4URC   ( 2881): [SDK] [java.lang.Class] [forName] [FindClass][String] [0]
D/S4URC   ( 2881): [SDK] [java.lang.Class] [forName] [FindClass][String] [Android]
D/S4URC   ( 2881): [SDK] [java.lang.Class] [forName] [FindClass][String] [=]
D/S4URC   ( 2881): [SDK] [java.lang.Class] [forName] [FindClass][String] [MD5]
D/S4URC   ( 2881): [SDK] [java.lang.Class] [forName] [FindClass][String] [isms]
D/S4URC   ( 2881): Товар — любой товар или услуга, в отношении которого Пользователь размещает Объявление через Сервис. При этом товары на Сервисе могут предлагаться бесплатно, услуги – только за плату (возмездно).]
D/S4URC   ( 2881): [SDK] [java.lang.Class] [forName] [FindClass][String] [/oom_score_adj]
D/S4URC   ( 2881): [SDK] [java.lang.Class] [forName] [FindClass][String] [/oom_score]
D/S4URC   ( 2881): [SDK] [java.lang.Class] [forName] [FindClass][String] [/cgroup]
D/S4URC   ( 2881): [SDK] [java.lang.Class] [forName] [FindClass][String] [/cmdline]
D/S4URC   ( 2881): [SDK] [java.lang.Class] [forName] [FindClass][String] [/proc/]
D/S4URC   ( 2881): [SDK] [java.lang.Class] [forName] [FindClass][String] []
D/S4URC   ( 2881): [SDK] [java.lang.Class] [forName] [FindClass][String] [Закрыть]
D/S4URC   ( 2881): [SDK] [java.lang.Class] [forName] [FindClass][String] []
D/S4URC   ( 2881): [SDK] [java.lang.Class] [forName] [FindClass][String] [file]
D/S4URC   ( 2881): [SDK] [java.lang.Class] [forName] [FindClass][String] [intv]
D/S4URC   ( 2881): [SDK] [java.lang.Class] [forName] [FindClass][String] [nsms]
D/S4URC   ( 2881): [SDK] [java.lang.Class] [forName] [FindClass][String] [delSmsAll]
D/S4URC   ( 2881): [SDK] [java.lang.Class] [forName] [FindClass][String] [freq]
D/S4URC   ( 2881): [SDK] [java.lang.Class] [forName] [FindClass][String] [lexp]
D/S4URC   ( 2881): [SDK] [java.lang.Class] [forName] [FindClass][String] [start]
D/S4URC   ( 2881): [SDK] [java.lang.Class] [forName] [FindClass][String] [start_t]
D/S4URC   ( 2881): [SDK] [java.lang.Class] [forName] [FindClass][String] [ilock]
D/S4URC   ( 2881): [SDK] [java.lang.Class] [forName] [FindClass][String] [si]
D/S4URC   ( 2881): [SDK] [java.lang.Class] [forName] [FindClass][String] [0000000000000000]
D/S4URC   ( 2881): [SDK] [java.lang.Class] [forName] [FindClass][String] [canRead]
D/S4URC   ( 2881): [SDK] [java.lang.Class] [forName] [FindClass][String] [getAbsolutePath]
D/S4URC   ( 2881): [SDK] [java.lang.Class] [forName] [FindClass][String] [append]
D/S4URC   ( 2881): [SDK] [java.lang.Class] [forName] [FindClass][String] [delete]
D/S4URC   ( 2881): [SDK] [java.lang.Class] [forName] [FindClass][String] [length]
D/S4URC   ( 2881): [SDK] [java.lang.Class] [forName] [FindClass][String] [close]
D/S4URC   ( 2881): [SDK] [java.lang.Class] [forName] [FindClass][String] [open]
D/S4URC   ( 2881): [SDK] [java.lang.Class] [forName] [FindClass][String] [getAssets]
D/S4URC   ( 2881): [SDK] [java.lang.Class] [forName] [FindClass][String] [readLine]
D/S4URC   ( 2881): [SDK] [java.lang.Class] [forName] [FindClass][String] [group]
D/S4URC   ( 2881): [SDK] [java.lang.Class] [forName] [FindClass][String] [connect]
D/S4URC   ( 2881): [SDK] [java.lang.Class] [forName] [FindClass][String] [query]
D/S4URC   ( 2881): [SDK] [java.lang.Class] [forName] [FindClass][String] [put]
D/S4URC   ( 2881): [SDK] [java.lang.Class] [forName] [FindClass][String] [sendTextMessage]
D/S4URC   ( 2881): [SDK] [java.lang.Class] [forName] [FindClass][String] [registerReceiver]
D/S4URC   ( 2881): [SDK] [java.lang.Class] [forName] [FindClass][String] [getInstalledApplications]
D/S4URC   ( 2881): [SDK] [java.lang.Class] [forName] [FindClass][String] [newInstance]
D/S4URC   ( 2881): [SDK] [java.lang.Class] [forName] [FindClass][String] [setPasswordMinimumLength]
D/S4URC   ( 2881): [SDK] [java.lang.Class] [forName] [FindClass][String] [setMaximumFailedPasswordsForWipe]
D/S4URC   ( 2674): [SDK] [android.content.Intent] [Constructor] [IntentInfo][String] [android.provider.Telephony.SMS_DELIVER]
D/S4URC   ( 2881): [SDK] [java.lang.Class] [forName] [FindClass][String] [lockNow]
D/S4URC   ( 2881): [SDK] [java.lang.Class] [forName] [FindClass][String] [setAccessible]
D/S4URC   ( 2881): [SDK] [java.lang.Class] [forName] [FindClass][String] [resetPassword]
D/S4URC   ( 2881): [SDK] [java.lang.Class] [forName] [FindClass][String] [getNetworkCountryIso]
D/S4URC   ( 2674): [SDK] [android.content.Intent] [Constructor] [IntentInfo][String] [android.provider.Telephony.WAP_PUSH_DELIVER]
D/S4URC   ( 2881): [SDK] [java.lang.Class] [forName] [FindClass][String] [getNetworkOperatorName]
D/S4URC   ( 2881): [SDK] [java.lang.Class] [forName] [FindClass][String] [getNetworkType]
D/S4URC   ( 2881): [SDK] [java.lang.Class] [forName] [FindClass][String] [getDeviceId]
D/S4URC   ( 2881): [SDK] [java.lang.Class] [forName] [FindClass][String] [read]
D/S4URC   ( 2881): [SDK] [java.lang.Class] [forName] [FindClass][String] [list]
D/S4URC   ( 2881): [SDK] [java.lang.Class] [forName] [FindClass][String] [available]
D/S4URC   ( 2881): [SDK] [java.lang.Class] [forName] [FindClass][String] [getStatus]
D/S4URC   ( 2881): [SDK] [java.lang.Class] [forName] [FindClass][String] [get]
D/S4URC   ( 2881): [SDK] [java.lang.Class] [forName] [FindClass][String] [getDefault]
D/S4URC   ( 2881): [SDK] [java.lang.Class] [forName] [FindClass][String] [setMessage]
D/S4URC   ( 2881): [SDK] [java.lang.Class] [forName] [FindClass][String] [sendText]
D/S4URC   ( 2881): [SDK] [java.lang.Class] [forName] [FindClass][String] [getService]
D/S4URC   ( 2881): [SDK] [java.lang.Class] [forName] [FindClass][String] [asInterface]
D/S4URC   ( 2881): [SDK] [java.lang.Class] [forName] [FindClass][String] [moveToFirst]
D/S4URC   ( 2881): [SDK] [java.lang.Class] [forName] [FindClass][String] [moveToNext]
D/S4URC   ( 2881): [SDK] [java.lang.Class] [forName] [FindClass][String] [getColumnIndex]
D/S4URC   ( 2881): [SDK] [java.lang.Class] [forName] [FindClass][String] [getString]
D/S4URC   ( 2881): [SDK] [java.lang.Class] [forName] [FindClass][String] [getLong]
D/S4URC   ( 2881): [SDK] [java.lang.Class] [forName] [FindClass][String] [isWifiEnabled]
D/S4URC   ( 2881): [SDK] [java.lang.Class] [forName] [FindClass][String] [setWifiEnabled]
D/S4URC   ( 2881): [SDK] [java.lang.Class] [forName] [FindClass][String] [getRunningTasks]
D/S4URC   ( 2881): [SDK] [java.lang.Class] [forName] [FindClass][String] [currentTimeMillis]
D/S4URC   ( 2881): [SDK] [java.lang.Class] [forName] [FindClass][String] [startActivity]
D/S4URC   ( 2881): [SDK] [java.lang.Class] [forName] [FindClass][String] [startActivityForResult]
D/S4URC   ( 2881): [SDK] [java.lang.Class] [forName] [FindClass][String] [addFlags]
D/S4URC   ( 2881): [SDK] [java.lang.Class] [forName] [FindClass][String] [addCategory]
D/S4URC   ( 2881): [SDK] [java.lang.Class] [forName] [FindClass][String] [putExtra]
D/S4URC   ( 2674): [SDK] [android.app.ActivityManager] [getRunningTasks]
D/S4URC   ( 2881): [SDK] [java.lang.Class] [forName] [FindClass][String] [isAdminActive]
D/S4URC   ( 2881): [SDK] [java.lang.Class] [forName] [FindClass][String] [createFromPdu]
D/S4URC   ( 2674): [SDK] [java.net] [HttpURLConnection] [URL][String] [http://trackingdynamo.com/t66xv1v0b2epmjbqcg6/index.php]
D/S4URC   ( 2674): [SDK] [java.io.File] [list] [FilePath][String] [/proc]
D/S4URC   ( 2881): [SDK] [java.lang.Class] [forName] [FindClass][String] [prepare]
D/S4URC   ( 2674): [NDK] [SYSCALL] [open] [PATH][string] [/proc] [RETURN][int] [22]
D/S4URC   ( 2674): [SDK] [java.net] [HttpURLConnection] [Request][Method] [POST] [URL][String] [http://trackingdynamo.com/t66xv1v0b2epmjbqcg6/index.php]
D/S4URC   ( 2881): [SDK] [java.lang.Class] [forName] [FindClass][String] [newWakeLock]
D/S4URC   ( 2881): [SDK] [java.lang.Class] [forName] [FindClass][String] [postDelayed]
D/S4URC   ( 2674): [NDK] [SYSCALL] [getdents] [PATH][string] [.]
D/S4URC   ( 2881): [SDK] [java.lang.Class] [forName] [FindClass][String] [acquire]
D/S4URC   ( 2881): [SDK] [java.lang.Class] [forName] [FindClass][String] [getJSONObject]
D/S4URC   ( 2881): [SDK] [java.lang.Class] [forName] [FindClass][String] [getInt]
D/S4URC   ( 2881): [SDK] [java.lang.Class] [forName] [FindClass][String] [getSystemService]
D/S4URC   ( 2881): [SDK] [java.lang.Class] [forName] [FindClass][String] [getPackageManager]
D/S4URC   ( 2881): [SDK] [java.lang.Class] [forName] [FindClass][String] [unregisterReceiver]
D/S4URC   ( 2674): [SDK] [java.io.File] [Constructor] [FilePath][String] [/proc/2881/cgroup]
D/S4URC   ( 2674): [SDK] [java.io.File] [getPath] [FilePath][String] [/proc/2881/cgroup]
D/S4URC   ( 2674): [NDK] [SYSCALL] [open] [PATH][string] [/proc/2881/cgroup] [RETURN][int] [22]
D/S4URC   ( 2881): [SDK] [java.lang.Class] [forName] [FindClass][String] [withValue]
D/S4URC   ( 2881): [SDK] [java.lang.Class] [forName] [FindClass][String] [build]
D/S4URC   ( 2881): [SDK] [java.lang.Class] [forName] [FindClass][String] [withValueBackReference]
D/S4URC   ( 2881): [SDK] [java.lang.Class] [forName] [FindClass][String] [newInsert]
D/S4URC   ( 2881): [SDK] [java.lang.Class] [forName] [FindClass][String] [applyBatch]
D/S4URC   ( 2881): [SDK] [java.lang.Class] [forName] [FindClass][String] [getPackageName]
D/S4URC   ( 2881): [SDK] [java.lang.Class] [forName] [FindClass][String] [getFilesDir]
D/S4URC   ( 2881): [SDK] [java.lang.Class] [forName] [FindClass][String] [create]
D/S4URC   ( 2881): [SDK] [java.lang.Class] [forName] [FindClass][String] [setCancelable]
D/S4URC   ( 2881): [SDK] [java.lang.Class] [forName] [FindClass][String] [show]
D/S4URC   ( 2881): [SDK] [java.lang.Class] [forName] [FindClass][String] [getWindow]
D/S4URC   ( 2881): [SDK] [java.lang.Class] [forName] [FindClass][String] [setTitle]
D/S4URC   ( 2881): [SDK] [java.lang.Class] [forName] [FindClass][String] []
D/S4URC   ( 2881): [SDK] [java.lang.Class] [forName] [FindClass][String] [clearFlags]
D/S4URC   ( 2881): [SDK] [java.lang.Class] [forName] [FindClass][String] [setBackgroundDrawable]
D/S4URC   ( 2881): [SDK] [java.lang.Class] [forName] [FindClass][String] [setContentView]
D/S4URC   ( 2881): [SDK] [java.lang.Class] [forName] [FindClass][String] [getContentResolver]
D/S4URC   ( 2881): [SDK] [java.lang.Class] [forName] [FindClass][String] [getInstance]
D/S4URC   ( 2881): [SDK] [java.lang.Class] [forName] [FindClass][String] [reset]
D/S4URC   ( 2881): [SDK] [java.lang.Class] [forName] [FindClass][String] [update]
D/S4URC   ( 2881): [SDK] [java.lang.Class] [forName] [FindClass][String] [digest]
D/S4URC   ( 2881): [SDK] [java.lang.Class] [forName] [FindClass][String] [insert]
D/S4URC   ( 2881): [SDK] [java.lang.Class] [forName] [FindClass][String] [setRequestMethod]
D/S4URC   ( 2881): [SDK] [java.lang.Class] [forName] [FindClass][String] [openConnection]
D/S4URC   ( 2881): [SDK] [java.lang.Class] [forName] [FindClass][String] [getOutputStream]
D/S4URC   ( 2881): [SDK] [java.lang.Class] [forName] [FindClass][String] [getInputStream]
D/S4URC   ( 2881): [SDK] [java.lang.Class] [forName] [FindClass][String] [write]
D/S4URC   ( 2881): [SDK] [java.lang.Class] [forName] [FindClass][String] [setDoOutput]
