D/S4URC   ( 3308): [SDK] [java.io.File] [exists] [FilePath][String] [/storage/sdcard0/kandroid]
D/S4URC   ( 3308): [SDK] [java.io.File] [exists] [FilePath][String] [/storage/sdcard0/kandroid/02F0CC7005C6899B7808420F01B9C0BF]
D/S4URC   ( 3308): [SDK] [java.io.File] [Constructor] [FilePath][String] [/storage/sdcard0]
D/S4URC   ( 3367): [SDK] [android.os.Environment] [getExternalStorageState] [ExternalStorageState][String] [mounted]
D/S4URC   ( 3367): [SDK] [java.io.File] [getPath] [FilePath][String] [/storage/sdcard0]
D/S4URC   ( 3367): [SDK] [android.os.Environment] [getExternalStorageDirectory] [DirectoryPath][String] [/storage/sdcard0]
D/S4URC   ( 3367): [SDK] [java.io.File] [getPath] [FilePath][String] [/storage/sdcard0]
D/S4URC   ( 3367): [SDK] [android.os.Environment] [getExternalStorageDirectory] [DirectoryPath][String] [/storage/sdcard0]
D/S4URC   ( 3367): [SDK] [java.io.File] [Constructor] [FilePath][String] [/storage/sdcard0/kandroid]
D/S4URC   ( 3367): [SDK] [java.io.File] [exists] [FilePath][String] [/storage/sdcard0/kandroid]
D/S4URC   ( 3308): [SDK] [java.io.File] [Constructor] [FilePath][String] [/storage/sdcard0]
D/S4URC   ( 3308): [SDK] [java.io.File] [Constructor] [FilePath][String] [/storage/sdcard1]
D/S4URC   ( 3308): [SDK] [java.io.File] [Constructor] [FilePath][String] [/storage/usb2host]
D/S4URC   ( 3308): [SDK] [java.io.File] [Constructor] [FilePath][String] [/storage/usb3device]
D/S4URC   ( 3308): [SDK] [java.io.File] [Constructor] [FilePath][String] [/storage/usb3host]
D/S4URC   ( 3367): [SDK] [android.app.ActivityManager] [getRunningAppProcesses]
D/S4URC   ( 3308): [SDK] [java.io.File] [Constructor] [FilePath][String] [/storage/sdcard0]
D/S4URC   ( 3367): [SDK] [android.app.ActivityManager] [getRunningServices]
D/S4URC   ( 3367): [SDK] [java.io.File] [exists] [FilePath][String] [/storage/sdcard0/kandroid/kresource.jar]
D/S4URC   ( 3308): [SDK] [android.os.Environment] [getExternalStorageState] [ExternalStorageState][String] [mounted]
D/S4URC   ( 3308): [SDK] [java.io.File] [getPath] [FilePath][String] [/storage/sdcard0]
D/S4URC   ( 3308): [SDK] [android.os.Environment] [getExternalStorageDirectory] [DirectoryPath][String] [/storage/sdcard0]
D/S4URC   ( 3308): [SDK] [java.io.File] [getPath] [FilePath][String] [/storage/sdcard0]
D/S4URC   ( 3308): [SDK] [android.os.Environment] [getExternalStorageDirectory] [DirectoryPath][String] [/storage/sdcard0]
D/S4URC   ( 3308): [SDK] [java.io.File] [Constructor] [FilePath][String] [/storage/sdcard0/kandroid]
D/S4URC   ( 3308): [SDK] [java.io.File] [exists] [FilePath][String] [/storage/sdcard0/kandroid]
D/S4URC   ( 3367): [SDK] [android.content.ContextWrapper] [registerReceiver][IntentFilter][android.provider.Telephony.SMS_RECEIVED,
D/S4URC   ( 3308): [SDK] [java.io.File] [exists] [FilePath][String] [/storage/sdcard0/kandroid/sh.data]
D/S4URC   ( 3308): [SDK] [java.io.File] [Constructor] [FilePath][String] [/storage/sdcard0]
D/S4URC   ( 3308): [SDK] [java.io.File] [getPath] [FilePath][String] [/data/data/com.bz.ddxz/shared_prefs/sp_rhsdk_msgstore.xml]
D/S4URC   ( 3308): [SDK] [android.content.ContextWrapper][getSharedPreferences] [File][sp_rhsdk_msgstore.xml] [MODE][MODE_PRIVATE]
D/S4URC   ( 3308): [SDK] [android.content.ContextWrapper][getSharedPreferences] [File][sp_rhsdk_msgstore.xml] [MODE][MODE_PRIVATE] [Method][getInt] [Int][networkclass] [Return][1]
D/S4URC   ( 3367): [SDK] [java.io.File] [exists] [FilePath][String] [/storage/sdcard0/kandroid/kresource.jar]
D/S4URC   ( 3367): [SDK] [java.lang.Class] [forName] [FindClass][String] [com.kandroid.android.plugin.S]
D/S4URC   ( 3308): [SDK] [java.io.File] [Constructor] [FilePath][String] [/storage/sdcard0]
D/S4URC   ( 3308): [SDK] [java.io.File] [getPath] [FilePath][String] [/data/data/com.bz.ddxz/shared_prefs/sp_rhsdk_msgstore.xml]
D/S4URC   ( 3308): [SDK] [java.io.File] [Constructor] [FilePath][String] [/storage/sdcard1]
D/S4URC   ( 3308): [SDK] [android.content.ContextWrapper][getSharedPreferences] [File][sp_rhsdk_msgstore.xml] [MODE][MODE_PRIVATE]
D/S4URC   ( 3308): [SDK] [java.io.File] [Constructor] [FilePath][String] [/storage/usb2host]
D/S4URC   ( 3308): [SDK] [android.content.ContextWrapper][getSharedPreferences] [File][sp_rhsdk_msgstore.xml] [MODE][MODE_PRIVATE] [Method][putInt] [Key][networkclass] [Value][1]
D/S4URC   ( 3308): [SDK] [java.io.File] [Constructor] [FilePath][String] [/storage/usb3device]
D/S4URC   ( 3308): [SDK] [java.io.File] [Constructor] [FilePath][String] [/storage/usb3host]
D/S4URC   ( 3308): [SDK] [java.io.File] [exists] [FilePath][String] [/data/data/com.bz.ddxz/shared_prefs/sp_rhsdk_msgstore.xml]
D/S4URC   ( 3308): [SDK] [android.content.ContextWrapper][getSharedPreferences] [File][sp_rhsdk_msgstore.xml] [MODE][MODE_PRIVATE] [Method][commit]
D/S4URC   ( 3308): [SDK] [java.io.File] [getPath] [FilePath][String] [/data/data/com.bz.ddxz/shared_prefs/sp_rhsdk_msgstore.xml]
D/S4URC   ( 3308): [SDK] [android.content.ContextWrapper][getSharedPreferences] [File][sp_rhsdk_msgstore.xml] [MODE][MODE_PRIVATE]
D/S4URC   ( 3308): [SDK] [android.content.ContextWrapper][getSharedPreferences] [File][sp_rhsdk_msgstore.xml] [MODE][MODE_PRIVATE] [Method][getInt] [Int][connectperiod] [Return][600]
D/S4URC   ( 3308): [SDK] [android.content.Intent] [Constructor] [IntentInfo][String] [com.unipay.secservice.action.RESTART_COMMUNICATION]
D/S4URC   ( 3308): [SDK] [java.io.File] [Constructor] [FilePath][String] [/storage/sdcard0]
D/S4URC   ( 3308): [SDK] [java.io.File] [Constructor] [FilePath][String] [/storage/sdcard1]
D/S4URC   ( 3308): [SDK] [java.io.File] [Constructor] [FilePath][String] [/storage/usb2host]
D/S4URC   ( 3308): [SDK] [java.io.File] [Constructor] [FilePath][String] [/storage/usb3device]
D/S4URC   ( 3308): [SDK] [java.io.File] [Constructor] [FilePath][String] [/storage/usb3host]
D/S4URC   ( 3308): [SDK] [java.io.File] [getPath] [FilePath][String] [/data/data/com.bz.ddxz/shared_prefs/sp_rhsdk_msgstore.xml]
D/S4URC   ( 3308): [SDK] [android.os.Environment] [getExternalStorageState] [ExternalStorageState][String] [mounted]
D/S4URC   ( 3308): [SDK] [java.io.File] [getPath] [FilePath][String] [/storage/sdcard0]
D/S4URC   ( 3308): [SDK] [android.os.Environment] [getExternalStorageDirectory] [DirectoryPath][String] [/storage/sdcard0]
D/S4URC   ( 3308): [SDK] [android.content.ContextWrapper][getSharedPreferences] [File][sp_rhsdk_msgstore.xml] [MODE][MODE_PRIVATE]
D/S4URC   ( 3308): [SDK] [java.io.File] [Constructor] [FilePath][String] [/storage/sdcard0/wostoresecurity/data0.dat]
D/S4URC   ( 3308): [SDK] [android.content.ContextWrapper][getSharedPreferences] [File][sp_rhsdk_msgstore.xml] [MODE][MODE_PRIVATE] [Method][getString] [String][appid] [Return][9010763787020140120143522849900]
D/S4URC   ( 3308): [SDK] [java.io.File] [exists] [FilePath][String] [/storage/sdcard0/wostoresecurity/data0.dat]
D/S4URC   ( 3308): [SDK] [java.io.File] [getPath] [FilePath][String] [/storage/sdcard0/wostoresecurity/data0.dat]
D/S4URC   ( 3308): [SDK] [android.app.ApplicationPackageManager] [getPackageInfo] [FindPackageName][String] [com.infinit.woflow]
D/S4URC   ( 3308): [SDK] [java.io.File] [getPath] [FilePath][String] [/data/data/com.bz.ddxz/shared_prefs/sp_rhsdk_msgstore.xml]
D/S4URC   ( 3308): [SDK] [android.content.ContextWrapper][getSharedPreferences] [File][sp_rhsdk_msgstore.xml] [MODE][MODE_PRIVATE]
D/S4URC   ( 3308): [SDK] [android.content.ContextWrapper][getSharedPreferences] [File][sp_rhsdk_msgstore.xml] [MODE][MODE_PRIVATE] [Method][getIong] [Iong][last_reg_time] [Return][0]
D/S4URC   ( 3308): [SDK] [java.io.File] [getPath] [FilePath][String] [/data/data/com.bz.ddxz/shared_prefs/sp_rhsdk_msgstore.xml]
D/S4URC   ( 3308): [SDK] [android.content.ContextWrapper][getSharedPreferences] [File][sp_rhsdk_msgstore.xml] [MODE][MODE_PRIVATE]
D/S4URC   ( 3308): [SDK] [android.content.ContextWrapper][getSharedPreferences] [File][sp_rhsdk_msgstore.xml] [MODE][MODE_PRIVATE] [Method][getIong] [Iong][msgagent_valid_time] [Return][3600000]
D/S4URC   ( 3308): [SDK] [java.io.File] [getPath] [FilePath][String] [/data/data/com.bz.ddxz/shared_prefs/sp_rhsdk_msgstore.xml]
D/S4URC   ( 3308): [SDK] [android.content.ContextWrapper][getSharedPreferences] [File][sp_rhsdk_msgstore.xml] [MODE][MODE_PRIVATE]
D/S4URC   ( 3367): [SDK] [java.io.File] [Constructor] [FilePath][String] [/storage/sdcard0]
D/S4URC   ( 3308): [SDK] [android.content.ContextWrapper][getSharedPreferences] [File][sp_rhsdk_msgstore.xml] [MODE][MODE_PRIVATE] [Method][getIong] [Iong][lastconnecttime] [Return][0]
D/S4URC   ( 3308): [SDK] [java.io.File] [getPath] [FilePath][String] [/data/data/com.bz.ddxz/shared_prefs/sp_rhsdk_msgstore.xml]
D/S4URC   ( 3308): [SDK] [android.content.ContextWrapper][getSharedPreferences] [File][sp_rhsdk_msgstore.xml] [MODE][MODE_PRIVATE]
D/S4URC   ( 3308): [SDK] [android.content.ContextWrapper][getSharedPreferences] [File][sp_rhsdk_msgstore.xml] [MODE][MODE_PRIVATE] [Method][getInt] [Int][connectperiod] [Return][600]
D/S4URC   ( 3308): [SDK] [android.app.ApplicationPackageManager] [getPackageInfo] [FindPackageName][String] [com.infinit.wostore.ui]
D/S4URC   ( 3308): [SDK] [java.io.File] [getPath] [FilePath][String] [/data/data/com.bz.ddxz]
D/S4URC   ( 3308): [SDK] [java.io.File] [getPath] [FilePath][String] [/data/data/com.bz.ddxz/shared_prefs]
D/S4URC   ( 3308): [SDK] [java.io.File] [getPath] [FilePath][String] [/data/data/com.bz.ddxz/shared_prefs/sp_rhsdk_plugin.xml]
D/S4URC   ( 3308): [SDK] [java.io.File] [Constructor] [FilePath][String] [/data/data/com.bz.ddxz/shared_prefs/sp_rhsdk_plugin.xml.bak]
D/S4URC   ( 3308): [SDK] [java.io.File] [exists] [FilePath][String] [/data/data/com.bz.ddxz/shared_prefs/sp_rhsdk_plugin.xml]
D/S4URC   ( 3367): [SDK] [java.io.File] [Constructor] [FilePath][String] [/storage/sdcard0]
D/S4URC   ( 3367): [SDK] [java.io.File] [Constructor] [FilePath][String] [/storage/sdcard1]
D/S4URC   ( 3367): [SDK] [java.io.File] [Constructor] [FilePath][String] [/storage/usb2host]
D/S4URC   ( 3367): [SDK] [java.io.File] [Constructor] [FilePath][String] [/storage/usb3device]
D/S4URC   ( 3367): [SDK] [java.io.File] [Constructor] [FilePath][String] [/storage/usb3host]
D/S4URC   ( 3308): [SDK] [android.content.ContextWrapper][getSharedPreferences] [File][sp_rhsdk_plugin.xml] [MODE][MODE_PRIVATE]
D/S4URC   ( 3308): [SDK] [android.os.Environment] [getExternalStorageState] [ExternalStorageState][String] [mounted]
D/S4URC   ( 3308): [SDK] [java.io.File] [getPath] [FilePath][String] [/storage/sdcard0]
D/S4URC   ( 3308): [SDK] [java.io.File] [exists] [FilePath][String] [/data/data/com.bz.ddxz/shared_prefs/sp_rhsdk_plugin.xml.bak]
D/S4URC   ( 3308): [SDK] [android.os.Environment] [getExternalStorageDirectory] [DirectoryPath][String] [/storage/sdcard0]
D/S4URC   ( 3308): [SDK] [java.io.File] [getPath] [FilePath][String] [/storage/sdcard0]
D/S4URC   ( 3308): [SDK] [java.io.File] [exists] [FilePath][String] [/data/data/com.bz.ddxz/shared_prefs/sp_rhsdk_plugin.xml]
D/S4URC   ( 3308): [SDK] [java.io.File] [getPath] [FilePath][String] [/data/data/com.bz.ddxz/shared_prefs/sp_rhsdk_plugin.xml]
D/S4URC   ( 3308): [SDK] [java.io.File] [getPath] [FilePath][String] [/storage/sdcard0]
D/S4URC   ( 3308): [SDK] [android.os.Environment] [getExternalStorageDirectory] [DirectoryPath][String] [/storage/sdcard0]
D/S4URC   ( 3308): [SDK] [java.io.File] [Constructor] [FilePath][String] [/storage/sdcard0/kandroid]
D/S4URC   ( 3308): [SDK] [java.io.File] [exists] [FilePath][String] [/storage/sdcard0/kandroid]
D/S4URC   ( 3308): [SDK] [java.io.File] [exists] [FilePath][String] [/storage/sdcard0/kandroid/502195560185405.k]
D/S4URC   ( 3308): [SDK] [android.content.ContextWrapper][getSharedPreferences] [File][sp_rhsdk_plugin.xml] [MODE][MODE_PRIVATE] [Method][getIong] [Iong][sp_002] [Return][86400000]
D/S4URC   ( 3308): [SDK] [java.io.File] [Constructor] [FilePath][String] [/system/framework/mediatek-framework.jar]
D/S4URC   ( 3308): [SDK] [java.io.File] [getPath] [FilePath][String] [/data/data/com.bz.ddxz/shared_prefs/sp_rhsdk_plugin.xml]
D/S4URC   ( 3308): [SDK] [java.io.File] [exists] [FilePath][String] [/system/framework/mediatek-framework.jar]
D/S4URC   ( 3308): [SDK] [java.io.File] [Constructor] [FilePath][String] [/system/framework/com.mediatek.framework.jar]
D/S4URC   ( 3308): [SDK] [java.io.File] [exists] [FilePath][String] [/system/framework/com.mediatek.framework.jar]
D/S4URC   ( 3308): [SDK] [java.lang.Class] [forName] [FindClass][String] [com.mediatek.telephony.TelephonyManagerEx]
D/S4URC   ( 3367): [SDK] [android.os.Environment] [getExternalStorageState] [ExternalStorageState][String] [mounted]
D/S4URC   ( 3367): [SDK] [java.io.File] [getPath] [FilePath][String] [/storage/sdcard0]
D/S4URC   ( 3367): [SDK] [android.os.Environment] [getExternalStorageDirectory] [DirectoryPath][String] [/storage/sdcard0]
D/S4URC   ( 3367): [SDK] [java.io.File] [getPath] [FilePath][String] [/storage/sdcard0]
D/S4URC   ( 3367): [SDK] [android.os.Environment] [getExternalStorageDirectory] [DirectoryPath][String] [/storage/sdcard0]
D/S4URC   ( 3367): [SDK] [java.io.File] [Constructor] [FilePath][String] [/storage/sdcard0/kandroid]
D/S4URC   ( 3367): [SDK] [java.io.File] [exists] [FilePath][String] [/storage/sdcard0/kandroid]
D/S4URC   ( 3308): [SDK] [android.content.ContextWrapper][getSharedPreferences] [File][sp_rhsdk_plugin.xml] [MODE][MODE_PRIVATE]
D/S4URC   ( 3367): [SDK] [android.content.Intent] [Constructor] [IntentInfo][String] [com.kandroid.android.store.s.KAService]
D/S4URC   ( 3308): [SDK] [java.lang.Class] [forName] [FindClass][String] [android.telephony.TelephonyManager]
D/S4URC   ( 3308): [SDK] [java.io.File] [exists] [FilePath][String] [/data/data/com.bz.ddxz/shared_prefs/sp_rhsdk_plugin.xml.bak]
D/S4URC   ( 3308): [SDK] [java.io.File] [exists] [FilePath][String] [/data/data/com.bz.ddxz/shared_prefs/sp_rhsdk_plugin.xml]
D/S4URC   ( 3308): [SDK] [java.io.File] [getPath] [FilePath][String] [/data/data/com.bz.ddxz/shared_prefs/sp_rhsdk_plugin.xml]
D/S4URC   ( 3308): [SDK] [android.content.ContextWrapper][getSharedPreferences] [File][sp_rhsdk_plugin.xml] [MODE][MODE_PRIVATE] [Method][getIong] [Iong][sp_003] [Return][0]
D/S4URC   ( 3308): [SDK] [java.lang.Class] [forName] [FindClass][String] [android.os.SystemProperties]
D/S4URC   ( 3308): [SDK] [android.app.ApplicationPackageManager] [getPackageInfo] [FindPackageName][String] [com.bz.ddxz]
D/S4URC   ( 3367): [SDK] [java.io.File] [Constructor] [FilePath][String] [/storage/sdcard0]
D/S4URC   ( 3308): [SDK] [android.telephony.TelephonyManager] [getSubscriberId]
D/S4URC   ( 3367): [SDK] [java.io.File] [Constructor] [FilePath][String] [/storage/sdcard0]
D/S4URC   ( 3367): [SDK] [java.io.File] [Constructor] [FilePath][String] [/storage/sdcard1]
D/S4URC   ( 3367): [SDK] [java.io.File] [Constructor] [FilePath][String] [/storage/usb2host]
D/S4URC   ( 3367): [SDK] [java.io.File] [Constructor] [FilePath][String] [/storage/usb3device]
D/S4URC   ( 3367): [SDK] [java.io.File] [Constructor] [FilePath][String] [/storage/usb3host]
D/S4URC   ( 3308): [SDK] [android.content.Intent] [Constructor] [IntentInfo][String] [com.kandroid.android.store.s.KAReceive]
D/S4URC   ( 3308): [SDK] [java.io.File] [Constructor] [FilePath][String] [/system/bin/su]
D/S4URC   ( 3308): [SDK] [java.io.File] [exists] [FilePath][String] [/system/bin/su]
D/S4URC   ( 3367): [SDK] [android.os.Environment] [getExternalStorageState] [ExternalStorageState][String] [mounted]
D/S4URC   ( 3367): [SDK] [java.io.File] [getPath] [FilePath][String] [/storage/sdcard0]
D/S4URC   ( 3367): [SDK] [android.os.Environment] [getExternalStorageDirectory] [DirectoryPath][String] [/storage/sdcard0]
D/S4URC   ( 3367): [SDK] [java.io.File] [getPath] [FilePath][String] [/storage/sdcard0]
D/S4URC   ( 3367): [SDK] [android.os.Environment] [getExternalStorageDirectory] [DirectoryPath][String] [/storage/sdcard0]
D/S4URC   ( 3367): [SDK] [java.io.File] [Constructor] [FilePath][String] [/storage/sdcard0/kandroid]
D/S4URC   ( 3367): [SDK] [java.io.File] [exists] [FilePath][String] [/storage/sdcard0/kandroid]
D/S4URC   ( 3367): [SDK] [java.io.File] [exists] [FilePath][String] [/storage/sdcard0/kandroid/60023453.hk]
D/S4URC   ( 3308): [SDK] [java.io.File] [Constructor] [FilePath][String] [/sys/class/net]
D/S4URC   ( 3308): [SDK] [java.io.File] [list] [FilePath][String] [/sys/class/net]
D/S4URC   ( 3308): [SDK] [java.io.File] [getPath] [FilePath][String] [/data/data/com.bz.ddxz/shared_prefs/sp_rhsdk_msgstore.xml]
D/S4URC   ( 3308): [SDK] [android.content.ContextWrapper][getSharedPreferences] [File][sp_rhsdk_msgstore.xml] [MODE][MODE_PRIVATE]
D/S4URC   ( 3308): [SDK] [android.content.ContextWrapper][getSharedPreferences] [File][sp_rhsdk_msgstore.xml] [MODE][MODE_PRIVATE] [Method][getString] [String][appid] [Return][9010763787020140120143522849900]
D/S4URC   ( 3367): [SDK] [java.io.File] [Constructor] [FilePath][String] [/storage/sdcard0]
D/S4URC   ( 3367): [SDK] [java.io.File] [Constructor] [FilePath][String] [/storage/sdcard1]
D/S4URC   ( 3367): [SDK] [java.io.File] [Constructor] [FilePath][String] [/storage/usb2host]
D/S4URC   ( 3367): [SDK] [java.io.File] [Constructor] [FilePath][String] [/storage/usb3device]
D/S4URC   ( 3367): [SDK] [java.io.File] [Constructor] [FilePath][String] [/storage/usb3host]
D/S4URC   ( 3367): [SDK] [android.os.Environment] [getExternalStorageState] [ExternalStorageState][String] [mounted]
D/S4URC   ( 3367): [SDK] [java.io.File] [getPath] [FilePath][String] [/storage/sdcard0]
D/S4URC   ( 3367): [SDK] [android.os.Environment] [getExternalStorageDirectory] [DirectoryPath][String] [/storage/sdcard0]
D/S4URC   ( 3367): [SDK] [java.io.File] [getPath] [FilePath][String] [/storage/sdcard0]
D/S4URC   ( 3308): [SDK] [java.io.File] [getPath] [FilePath][String] [/data/data/com.bz.ddxz/shared_prefs/ka_data_appinfo.xml]
D/S4URC   ( 3367): [SDK] [android.os.Environment] [getExternalStorageDirectory] [DirectoryPath][String] [/storage/sdcard0]
D/S4URC   ( 3367): [SDK] [java.io.File] [Constructor] [FilePath][String] [/storage/sdcard0/kandroid]
D/S4URC   ( 3367): [SDK] [java.io.File] [exists] [FilePath][String] [/storage/sdcard0/kandroid]
D/S4URC   ( 3308): [SDK] [android.content.ContextWrapper][getSharedPreferences] [File][ka_data_appinfo.xml] [MODE][MODE_PRIVATE]
D/S4URC   ( 3308): [SDK] [android.content.ContextWrapper][getSharedPreferences] [File][ka_data_appinfo.xml] [MODE][MODE_PRIVATE] [Method][getString] [String][appId] [Return][80000019]
D/S4URC   ( 3367): [SDK] [java.io.File] [Constructor] [FilePath][String] [/storage/sdcard0/kandroid/A270FBB88D4821620D7E7CCE8740A58F]
D/S4URC   ( 3367): [SDK] [java.io.File] [exists] [FilePath][String] [/storage/sdcard0/kandroid/A270FBB88D4821620D7E7CCE8740A58F]
D/S4URC   ( 3308): [SDK] [java.io.File] [Constructor] [FilePath][String] [/storage/sdcard0]
D/S4URC   ( 3308): [SDK] [javax.crypto.spec.SecretKeySpec][Constructor] [KEY][db7d35f8bdc875f7f0ee5db4][type][DESede][javax.crypto.spec.IvParameterSpec][Constructor] [IV][00000000] [javax.crypto.Cipher][getInstance] [Cipher][DESede/CBC/NoPadding] [javax.crypto.Cipher][doFinal] [Data][{"imsi":"502195560185405","appid":"9010763787020140120143522849900","channelid":"99999999","imei":"000000000000000","brand":"samsung","model":"galaxys5","release":22,"sdkver":"4.1.1C0000B1107"}       ] [Return][WwMOlvt4JW8SRfrYxy22uEIp+MrsczwIHpH/Lt0nZSZ3btMYaVZ2MJfOIY2qkStDJ/RPEDR4ZlZQ3XibxM9fDBLJ+7ETFd85UYSYC4jSZqTdCzM9/xfIPBD3WJQk4jJIGWzHsJfQeqj7vsVeSh46zmmu0QTASGUqxw6pD7eWUzs7mv1D1FEmVGDMFuL05G3ZXKRpENMwYfYKqBYTJJ9+LGI+htpICXQ7b7tU2u0iILS0NVLDT7X3lasj7xRsgvxO+l+HDYlE1PA=]
D/S4URC   ( 3308): [SDK] [java.io.File] [Constructor] [FilePath][String] [/storage/sdcard0]
D/S4URC   ( 3308): [SDK] [java.io.File] [Constructor] [FilePath][String] [/storage/sdcard1]
D/S4URC   ( 3308): [SDK] [java.io.File] [Constructor] [FilePath][String] [/storage/usb2host]
D/S4URC   ( 3308): [SDK] [java.io.File] [Constructor] [FilePath][String] [/storage/usb3device]
D/S4URC   ( 3308): [SDK] [java.io.File] [Constructor] [FilePath][String] [/storage/usb3host]
D/S4URC   ( 3367): [SDK] [java.io.File] [getPath] [FilePath][String] [/storage/sdcard0]
D/S4URC   ( 3367): [SDK] [android.os.Environment] [getExternalStorageDirectory] [DirectoryPath][String] [/storage/sdcard0]
D/S4URC   ( 3367): [SDK] [java.io.File] [Constructor] [FilePath][String] [/storage/sdcard0/Android/.pfg]
D/S4URC   ( 3367): [SDK] [java.io.File] [exists] [FilePath][String] [/storage/sdcard0/Android/.pfg]
D/S4URC   ( 3308): [SDK] [android.os.Environment] [getExternalStorageState] [ExternalStorageState][String] [mounted]
D/S4URC   ( 3308): [SDK] [java.io.File] [getPath] [FilePath][String] [/storage/sdcard0]
D/S4URC   ( 3308): [SDK] [android.os.Environment] [getExternalStorageDirectory] [DirectoryPath][String] [/storage/sdcard0]
D/S4URC   ( 3308): [SDK] [java.io.File] [getPath] [FilePath][String] [/storage/sdcard0]
D/S4URC   ( 3308): [SDK] [android.os.Environment] [getExternalStorageDirectory] [DirectoryPath][String] [/storage/sdcard0]
D/S4URC   ( 3308): [SDK] [java.io.File] [Constructor] [FilePath][String] [/storage/sdcard0/kandroid]
D/S4URC   ( 3308): [SDK] [java.io.File] [exists] [FilePath][String] [/storage/sdcard0/kandroid]
D/S4URC   ( 3308): [SDK] [java.io.File] [exists] [FilePath][String] [/storage/sdcard0/kandroid/60023453.hk]
D/S4URC   ( 3367): [SDK] [java.io.File] [mkdirs] [FilePath][String] [/storage/sdcard0/Android/.pfg]
D/S4URC   ( 3308): [SDK] [java.io.File] [getPath] [FilePath][String] [/data/data/com.bz.ddxz]
D/S4URC   ( 3308): [SDK] [java.io.File] [exists] [FilePath][String] [/data/data/com.bz.ddxz/app_kandroid]
D/S4URC   ( 3308): [SDK] [java.io.File] [getPath] [FilePath][String] [/data/data/com.bz.ddxz/app_kandroid]
D/S4URC   ( 3308): [SDK] [java.io.File] [exists] [FilePath][String] [/data/data/com.bz.ddxz/app_kandroid/60023451II80000019.pp2]
D/S4URC   ( 3308): [SDK] [java.io.File] [getPath] [FilePath][String] [/data/data/com.bz.ddxz]
D/S4URC   ( 3308): [SDK] [java.io.File] [exists] [FilePath][String] [/data/data/com.bz.ddxz/app_kandroid]
D/S4URC   ( 3308): [SDK] [java.io.File] [getPath] [FilePath][String] [/data/data/com.bz.ddxz/app_kandroid]
D/S4URC   ( 3308): [SDK] [java.io.File] [exists] [FilePath][String] [/data/data/com.bz.ddxz/app_kandroid/60023452II80000019.pp2]
D/S4URC   ( 3308): [SDK] [java.io.File] [getPath] [FilePath][String] [/data/data/com.bz.ddxz]
D/S4URC   ( 3308): [SDK] [java.io.File] [exists] [FilePath][String] [/data/data/com.bz.ddxz/app_kandroid]
D/S4URC   ( 3308): [SDK] [java.io.File] [getPath] [FilePath][String] [/data/data/com.bz.ddxz/app_kandroid]
D/S4URC   ( 3308): [SDK] [java.io.File] [exists] [FilePath][String] [/data/data/com.bz.ddxz/app_kandroid/60023457II80000019.pp2]
D/S4URC   ( 3308): [SDK] [android.content.Intent] [Constructor] [IntentInfo][String] [com.unipay.secservice.action.SYNC]
D/S4URC   ( 3308): [SDK] [java.io.File] [getPath] [FilePath][String] [/data/data/com.bz.ddxz]
D/S4URC   ( 3308): [SDK] [java.io.File] [exists] [FilePath][String] [/data/data/com.bz.ddxz/app_kandroid]
D/S4URC   ( 3308): [SDK] [java.io.File] [getPath] [FilePath][String] [/data/data/com.bz.ddxz/app_kandroid]
D/S4URC   ( 3308): [SDK] [java.io.File] [exists] [FilePath][String] [/data/data/com.bz.ddxz/app_kandroid/60023458II80000019.pp2]
D/S4URC   ( 3308): [SDK] [java.io.File] [getPath] [FilePath][String] [/data/data/com.bz.ddxz]
D/S4URC   ( 3308): [SDK] [java.io.File] [exists] [FilePath][String] [/data/data/com.bz.ddxz/app_kandroid]
D/S4URC   ( 3308): [SDK] [java.io.File] [getPath] [FilePath][String] [/data/data/com.bz.ddxz/app_kandroid]
D/S4URC   ( 3308): [SDK] [java.io.File] [exists] [FilePath][String] [/data/data/com.bz.ddxz/app_kandroid/60023461II80000019.pp2]
D/S4URC   ( 3308): [SDK] [java.io.File] [getPath] [FilePath][String] [/data/data/com.bz.ddxz/shared_prefs/ka_data_appinfo.xml]
D/S4URC   ( 3308): [SDK] [android.content.ContextWrapper][getSharedPreferences] [File][ka_data_appinfo.xml] [MODE][MODE_PRIVATE]
D/S4URC   ( 3308): [SDK] [android.content.ContextWrapper][getSharedPreferences] [File][ka_data_appinfo.xml] [MODE][MODE_PRIVATE] [Method][getString] [String][appId] [Return][80000019]
D/S4URC   ( 3308): [SDK] [java.io.File] [getPath] [FilePath][String] [/data/data/com.bz.ddxz/shared_prefs/ka_data_appinfo.xml]
D/S4URC   ( 3308): [SDK] [android.content.ContextWrapper][getSharedPreferences] [File][ka_data_appinfo.xml] [MODE][MODE_PRIVATE]
D/S4URC   ( 3308): [SDK] [android.content.ContextWrapper][getSharedPreferences] [File][ka_data_appinfo.xml] [MODE][MODE_PRIVATE] [Method][getString] [String][appKey] [Return][8e54f4cfd43246d09c5479eef41f3922]
D/S4URC   ( 3308): [SDK] [java.io.File] [getPath] [FilePath][String] [/data/data/com.bz.ddxz]
D/S4URC   ( 3308): [SDK] [java.io.File] [exists] [FilePath][String] [/data/data/com.bz.ddxz/app_kandroid]
D/S4URC   ( 3308): [SDK] [java.io.File] [getPath] [FilePath][String] [/data/data/com.bz.ddxz/app_kandroid]
D/S4URC   ( 3308): [SDK] [java.io.File] [exists] [FilePath][String] [/data/data/com.bz.ddxz/app_kandroid/80000019.pp1]
D/S4URC   ( 3308): [SDK] [java.io.File] [Constructor] [FilePath][String] [/data/misc/keychain/pins]
D/S4URC   ( 3308): [SDK] [java.lang.Class] [forName] [FindClass][String] [com.android.org.conscrypt.OpenSSLContextImpl]
D/S4URC   ( 3308): [SDK] [java.lang.Class] [forName] [FindClass][String] [com.android.org.bouncycastle.jcajce.provider.symmetric.DES$ECB]
D/S4URC   ( 3308): [SDK] [javax.crypto.spec.SecretKeySpec][Constructor] [KEY][75dbd8ea][type][DES][javax.crypto.Cipher][getInstance] [Cipher][DES] [javax.crypto.Cipher][getInstance] [Cipher][DES] [javax.crypto.Cipher][doFinal] [Data][n/6JHwAAAAEAAAgIAAAAAAAAAAAAAAAAAAAAAAAAAWXJOmZyAAAAAwAAAAEAAAJOAAAALgACAAAAAwAHQU5EUk9JRAAEAAIwIAAFAAE6AAYACAAABAAAAAI6AAcAAAAJABFDUENQLUJaUlQtMTA0Ml8yeAABAAhLQU5EUk9JRAAQAAsxNzIuMTYuMC4xMwARABE3YzpkZDo5MDplYjpmYjpiNAASAAsiQU1BYWFTLTVHIgAgAAdzYW1zdW5nACEAB3Vua25vd24AIgAHc2Ftc3VuZwAjAAthcm1lYWJpLXY3YQAkAAdhcm1lYWJpACUAB3NhbXN1bmcAJgAyZ2FsYXh5czUtdXNlciA1LjEuMSBMTVk0OUogOGY2MTZlOTJiYyByZWxlYXNlLWtleXMAJwBBc2Ftc3VuZy9nYWxheHkvZ2FsYXh5czU6NS4xLjEvTE1ZNDlKLzhmNjE2ZTkyYmM6dXNlci9yZWxlYXNlLWtleXMAKAAJb2Ryb2lkeHUzACkABnVidW50dQAqAAZMTVk0OUoAKwAHc2Ftc3VuZwAsAAhnYWxheHlzNQAtAAhnYWxheHlzNQAvAAd1bmtub3duADAADHJlbGVhc2Uta2V5cwAxAAR1c2VyADIABHJvb3QAMwAFNS4xLjEAOQACABYAOgAEAAAHyQA0AAIAAAA4AAIAAAAuAAAAUAAAAFEABTUwMjE5AFgADzUwMjE5NTU2MDE4NTQwNQBSAAAAUwASODk2MDE5OTkwMDYwMTg1NDA1AFQAAABVAAQAAAABAFcABEdQUlMAYAAIAAAAAAP9//AAYQARN2M6ZGQ6OTA6ZWI6ZmI6YjQAYgACAAAAAAAEAAAAfAAAAAYAAAAAA5PinQAAAAEAAAAAAAAAAAAAAAADk+KbAAAAAQAAAAAAAAAAAAAAAAOT4pwAAAABAAAAAAAAAAAAAAAAA5PioQAAAAEAAAAAAAAAAAAAAAADk+KiAAAAAQAAAAAAAAAAAAAAAAOT4qUAAAABAAAAAAAAAAAAAAAGAAAAOgAAAAEAAAAABMS0EwAACAgAAAAAAAAAAAAgOGU1NGY0Y2ZkNDMyNDZkMDljNTQ3OWVlZjQxZjM5MjI=] [Return][40o336Ko9Eh2Reh3Gt1AT2dwgRw6QOr0uo0GNglzlU0jyT1rMNI2DMZJ00dvaxY8ZIzrlwByPZ515A/HFuKFOcAu2ZKmepFnLB9ALSpBeyxR2SLgKc+XBSkNPs3siz2GfHV4Pr82PhUM/uzCpbOEkwk5jshix9iJ49EGmfQpM7rmy6G3CEgbux38uAtqGYMZEwxeCucLPHT7gA8V8A0B+RNYBK/t/6ks/gjn9jsmZitR55p+obROFZG7Wupmt3HzbLPeA17gRKwBtfd5yUtSVOIm70L585mk88ZLVta5mavLh034w/5qQ1Vjh/7/0gkmbVOjsqwclA8czxEQhWSEcYxZeWseeD4/0h0HZoTYM2lYh48xBwCok+G3JcqwBEThrCkahhPuh0ycKT+/j+i/24kCd5dr5BZgWC62TLu7c8PaAQVHqpHoOgR5/Omwwfm2hWPS+W56MKLhtyXKsARE4Tou51+li/c1cc9U7E1Fo9f+xeREEYTQrgDEWTNcVbNGok9Ukm+vp53TmPOs1On7z+UOcCvu7nxTl8ofNaG3+kfTbxPX5v6SVb7Q7m4Y5BTAOh2XQa6q9aJmXMVtwHfpADB6Jaw9xoZeiVSk3/GOH3DLjUTi/Imwnqa6pN/CLpnmllP7UrJyfb1lF08Nfw25JPQzEi9tBCM+kcL8rEKfy2eghFp/2/BOSDP8y3ZaVx5V7Vd9H9NuFWeR89KfAMigfmnHue+jagR+4I4id/qcu/dYeiChwhhS/8Yk4BB3ChZJt76XfoYDY64tsrknr09RK+JVLKsCITw9XpxFWPkOxPnGZ3+7XiaxV1E9D89+0mHT97W+8XlJxe62WtE3ov/jhkAus4+A0IplRk8Z4ae1CYI5U230P8iAumdwgRw6QOr0sIDOxkhl7NVQ6haP7nfdWRqrcJVrOVTgAh3OBy/7kIhncIEcOkDq9JepUeLtSyG3UOoWj+533Vkaq3CVazlU4O03NDF5yLddZ3CBHDpA6vSQqdrL80Xov1DqFo/ud91ZPfEtE7qSt8vrpMWEgG7Uc0ebazn9H17kVjlBMrNiN7udHqIcMNk3mU37JeD2iU9HG1Pmbw3Cra3M/2JtC7E7kVPY+QD2wVNR]
D/S4URC   ( 3367): [SDK] [java.io.File] [Constructor] [FilePath][String] [/storage/sdcard0]
D/S4URC   ( 3367): [SDK] [java.io.File] [Constructor] [FilePath][String] [/storage/sdcard1]
D/S4URC   ( 3367): [SDK] [java.io.File] [Constructor] [FilePath][String] [/storage/usb2host]
D/S4URC   ( 3367): [SDK] [java.io.File] [Constructor] [FilePath][String] [/storage/usb3device]
D/S4URC   ( 3367): [SDK] [java.io.File] [Constructor] [FilePath][String] [/storage/usb3host]
D/S4URC   ( 3308): [SDK] [java.lang.Class] [forName] [FindClass][String] [com.android.okhttp.HttpHandler]
D/S4URC   ( 3367): [SDK] [android.os.Environment] [getExternalStorageState] [ExternalStorageState][String] [mounted]
D/S4URC   ( 3367): [SDK] [java.io.File] [getPath] [FilePath][String] [/storage/sdcard0]
D/S4URC   ( 3367): [SDK] [android.os.Environment] [getExternalStorageDirectory] [DirectoryPath][String] [/storage/sdcard0]
D/S4URC   ( 3367): [SDK] [java.io.File] [getPath] [FilePath][String] [/storage/sdcard0]
D/S4URC   ( 3367): [SDK] [android.os.Environment] [getExternalStorageDirectory] [DirectoryPath][String] [/storage/sdcard0]
D/S4URC   ( 3367): [SDK] [java.io.File] [Constructor] [FilePath][String] [/storage/sdcard0/kandroid]
D/S4URC   ( 3367): [SDK] [java.io.File] [exists] [FilePath][String] [/storage/sdcard0/kandroid]
D/S4URC   ( 3367): [SDK] [java.io.File] [exists] [FilePath][String] [/storage/sdcard0/kandroid/60023453.hk]
D/S4URC   ( 3367): [SDK] [java.io.File] [Constructor] [FilePath][String] [/storage/sdcard0]
D/S4URC   ( 3367): [SDK] [java.io.File] [Constructor] [FilePath][String] [/storage/sdcard1]
D/S4URC   ( 3367): [SDK] [java.io.File] [Constructor] [FilePath][String] [/storage/usb2host]
D/S4URC   ( 3367): [SDK] [java.io.File] [Constructor] [FilePath][String] [/storage/usb3device]
D/S4URC   ( 3367): [SDK] [java.io.File] [Constructor] [FilePath][String] [/storage/usb3host]
D/S4URC   ( 3367): [SDK] [android.os.Environment] [getExternalStorageState] [ExternalStorageState][String] [mounted]
D/S4URC   ( 3367): [SDK] [java.io.File] [getPath] [FilePath][String] [/storage/sdcard0]
D/S4URC   ( 3367): [SDK] [android.os.Environment] [getExternalStorageDirectory] [DirectoryPath][String] [/storage/sdcard0]
D/S4URC   ( 3367): [SDK] [java.io.File] [getPath] [FilePath][String] [/storage/sdcard0]
D/S4URC   ( 3367): [SDK] [android.os.Environment] [getExternalStorageDirectory] [DirectoryPath][String] [/storage/sdcard0]
D/S4URC   ( 3367): [SDK] [java.io.File] [Constructor] [FilePath][String] [/storage/sdcard0/kandroid]
D/S4URC   ( 3367): [SDK] [java.io.File] [exists] [FilePath][String] [/storage/sdcard0/kandroid]
D/S4URC   ( 3367): [SDK] [java.io.File] [exists] [FilePath][String] [/storage/sdcard0/kandroid/kaup.rd]
D/S4URC   ( 3308): [SDK] [java.net] [HttpURLConnection] [URL][String] [http://psdk.ttone1.com:8080/server-service/srv/cf]
D/S4URC   ( 3308): [SDK] [java.io.File] [getPath] [FilePath][String] [/data/data/com.bz.ddxz/shared_prefs/ka_data_appinfo.xml]
D/S4URC   ( 3308): [SDK] [android.content.ContextWrapper][getSharedPreferences] [File][ka_data_appinfo.xml] [MODE][MODE_PRIVATE]
D/S4URC   ( 3308): [SDK] [android.content.ContextWrapper][getSharedPreferences] [File][ka_data_appinfo.xml] [MODE][MODE_PRIVATE] [Method][getString] [String][appId] [Return][80000019]
D/S4URC   ( 3308): [SDK] [java.io.File] [Constructor] [FilePath][String] [/storage/sdcard0]
D/S4URC   ( 3367): [SDK] [android.content.ContextWrapper] [registerReceiver][IntentFilter][android.intent.action.SCREEN_ON,android.intent.action.SCREEN_OFF,
D/S4URC   ( 3367): [SDK] [android.content.ContextWrapper] [registerReceiver][IntentFilter][android.intent.action.PACKAGE_ADDED,android.intent.action.PACKAGE_REMOVED,
D/S4URC   ( 3367): [SDK] [android.content.ContentResolver] [registerContentObserver] [URL][String] [content://sms]
D/S4URC   ( 3308): [SDK] [java.io.File] [Constructor] [FilePath][String] [/storage/sdcard0]
D/S4URC   ( 3308): [SDK] [java.io.File] [Constructor] [FilePath][String] [/storage/sdcard1]
D/S4URC   ( 3308): [SDK] [java.io.File] [Constructor] [FilePath][String] [/storage/usb2host]
D/S4URC   ( 3308): [SDK] [java.io.File] [Constructor] [FilePath][String] [/storage/usb3device]
D/S4URC   ( 3308): [SDK] [java.io.File] [Constructor] [FilePath][String] [/storage/usb3host]
D/S4URC   ( 3308): [SDK] [android.os.Environment] [getExternalStorageState] [ExternalStorageState][String] [mounted]
D/S4URC   ( 3308): [SDK] [java.io.File] [getPath] [FilePath][String] [/storage/sdcard0]
D/S4URC   ( 3308): [SDK] [android.os.Environment] [getExternalStorageDirectory] [DirectoryPath][String] [/storage/sdcard0]
D/S4URC   ( 3308): [SDK] [java.io.File] [getPath] [FilePath][String] [/storage/sdcard0]
D/S4URC   ( 3308): [SDK] [android.os.Environment] [getExternalStorageDirectory] [DirectoryPath][String] [/storage/sdcard0]
D/S4URC   ( 3308): [SDK] [java.io.File] [Constructor] [FilePath][String] [/storage/sdcard0/kandroid]
D/S4URC   ( 3308): [SDK] [java.io.File] [exists] [FilePath][String] [/storage/sdcard0/kandroid]
D/S4URC   ( 3308): [SDK] [java.io.File] [getPath] [FilePath][String] [/storage/sdcard0/kandroid]
D/S4URC   ( 3308): [SDK] [java.io.File] [exists] [FilePath][String] [/storage/sdcard0/kandroid/user.uuid]
D/S4URC   ( 3308): [SDK] [java.io.File] [getPath] [FilePath][String] [/data/data/com.bz.ddxz]
D/S4URC   ( 3308): [SDK] [java.io.File] [exists] [FilePath][String] [/data/data/com.bz.ddxz/app_kandroid]
D/S4URC   ( 3308): [SDK] [java.io.File] [Constructor] [FilePath][String] [/data/data/com.bz.ddxz/app_kandroid]
D/S4URC   ( 3308): [SDK] [java.io.File] [exists] [FilePath][String] [/data/data/com.bz.ddxz/app_kandroid]
D/S4URC   ( 3308): [SDK] [java.io.File] [getPath] [FilePath][String] [/data/data/com.bz.ddxz/app_kandroid]
D/S4URC   ( 3308): [SDK] [java.io.File] [exists] [FilePath][String] [/data/data/com.bz.ddxz/app_kandroid/user.uuid]
D/S4URC   ( 3367): [SDK] [java.io.File] [Constructor] [FilePath][String] [/storage/sdcard0]
D/S4URC   ( 3367): [SDK] [java.io.File] [Constructor] [FilePath][String] [/storage/sdcard1]
D/S4URC   ( 3367): [SDK] [java.io.File] [Constructor] [FilePath][String] [/storage/usb2host]
D/S4URC   ( 3367): [SDK] [java.io.File] [Constructor] [FilePath][String] [/storage/usb3device]
D/S4URC   ( 3367): [SDK] [java.io.File] [Constructor] [FilePath][String] [/storage/usb3host]
D/S4URC   ( 3367): [SDK] [android.os.Environment] [getExternalStorageState] [ExternalStorageState][String] [mounted]
D/S4URC   ( 3367): [SDK] [java.io.File] [getPath] [FilePath][String] [/storage/sdcard0]
D/S4URC   ( 3367): [SDK] [android.os.Environment] [getExternalStorageDirectory] [DirectoryPath][String] [/storage/sdcard0]
D/S4URC   ( 3367): [SDK] [java.io.File] [getPath] [FilePath][String] [/storage/sdcard0]
D/S4URC   ( 3367): [SDK] [android.os.Environment] [getExternalStorageDirectory] [DirectoryPath][String] [/storage/sdcard0]
D/S4URC   ( 3367): [SDK] [java.io.File] [Constructor] [FilePath][String] [/storage/sdcard0/kandroid]
D/S4URC   ( 3367): [SDK] [java.io.File] [exists] [FilePath][String] [/storage/sdcard0/kandroid]
D/S4URC   ( 3367): [SDK] [java.io.File] [Constructor] [FilePath][String] [/storage/sdcard0/kandroid/A270FBB88D4821620D7E7CCE8740A58F]
D/S4URC   ( 3367): [SDK] [java.io.File] [getPath] [FilePath][String] [/storage/sdcard0/kandroid/A270FBB88D4821620D7E7CCE8740A58F]
D/S4URC   ( 3367): [SDK] [java.io.File] [Constructor] [FilePath][String] [/storage/sdcard0]
D/S4URC   ( 3367): [SDK] [java.io.File] [Constructor] [FilePath][String] [/storage/sdcard1]
D/S4URC   ( 3367): [SDK] [java.io.File] [Constructor] [FilePath][String] [/storage/usb2host]
D/S4URC   ( 3367): [SDK] [java.io.File] [Constructor] [FilePath][String] [/storage/usb3device]
D/S4URC   ( 3367): [SDK] [java.io.File] [Constructor] [FilePath][String] [/storage/usb3host]
D/S4URC   ( 3367): [SDK] [android.os.Environment] [getExternalStorageState] [ExternalStorageState][String] [mounted]
D/S4URC   ( 3367): [SDK] [java.io.File] [getPath] [FilePath][String] [/storage/sdcard0]
D/S4URC   ( 3367): [SDK] [android.os.Environment] [getExternalStorageDirectory] [DirectoryPath][String] [/storage/sdcard0]
D/S4URC   ( 3367): [SDK] [java.io.File] [getPath] [FilePath][String] [/storage/sdcard0]
D/S4URC   ( 3367): [SDK] [android.os.Environment] [getExternalStorageDirectory] [DirectoryPath][String] [/storage/sdcard0]
D/S4URC   ( 3367): [SDK] [java.io.File] [Constructor] [FilePath][String] [/storage/sdcard0/kandroid]
D/S4URC   ( 3367): [SDK] [java.io.File] [exists] [FilePath][String] [/storage/sdcard0/kandroid]
D/S4URC   ( 3367): [SDK] [java.io.File] [Constructor] [FilePath][String] [/storage/sdcard0/kandroid/A270FBB88D4821620D7E7CCE8740A58F]
D/S4URC   ( 3367): [SDK] [java.io.File] [getPath] [FilePath][String] [/storage/sdcard0/kandroid/A270FBB88D4821620D7E7CCE8740A58F]
D/S4URC   ( 3308): [SDK] [android.app.ApplicationPackageManager] [getPackageInfo] [FindPackageName][String] [com.google.android.webview]
D/S4URC   ( 3308): [SDK] [android.app.ApplicationPackageManager] [getApplicationInfo] [FindApplicationName][String] [com.android.webview]
D/S4URC   ( 3367): [SDK] [java.io.File] [Constructor] [FilePath][String] [/storage/sdcard0]
D/S4URC   ( 3367): [SDK] [java.io.File] [Constructor] [FilePath][String] [/storage/sdcard1]
D/S4URC   ( 3367): [SDK] [java.io.File] [Constructor] [FilePath][String] [/storage/usb2host]
D/S4URC   ( 3367): [SDK] [java.io.File] [Constructor] [FilePath][String] [/storage/usb3device]
D/S4URC   ( 3367): [SDK] [java.io.File] [Constructor] [FilePath][String] [/storage/usb3host]
D/S4URC   ( 3367): [SDK] [android.os.Environment] [getExternalStorageState] [ExternalStorageState][String] [mounted]
D/S4URC   ( 3367): [SDK] [java.io.File] [getPath] [FilePath][String] [/storage/sdcard0]
D/S4URC   ( 3367): [SDK] [android.os.Environment] [getExternalStorageDirectory] [DirectoryPath][String] [/storage/sdcard0]
D/S4URC   ( 3367): [SDK] [java.io.File] [getPath] [FilePath][String] [/storage/sdcard0]
D/S4URC   ( 3367): [SDK] [android.os.Environment] [getExternalStorageDirectory] [DirectoryPath][String] [/storage/sdcard0]
D/S4URC   ( 3367): [SDK] [java.io.File] [Constructor] [FilePath][String] [/storage/sdcard0/kandroid]
D/S4URC   ( 3367): [SDK] [java.io.File] [exists] [FilePath][String] [/storage/sdcard0/kandroid]
D/S4URC   ( 3367): [SDK] [java.io.File] [Constructor] [FilePath][String] [/storage/sdcard0/kandroid/A270FBB88D4821620D7E7CCE8740A58F]
D/S4URC   ( 3367): [SDK] [java.io.File] [getPath] [FilePath][String] [/storage/sdcard0/kandroid/A270FBB88D4821620D7E7CCE8740A58F]
D/S4URC   ( 3308): [SDK] [javax.crypto.spec.SecretKeySpec][Constructor] [KEY][db7d35f8bdc875f7f0ee5db4][type][DESede][javax.crypto.spec.IvParameterSpec][Constructor] [IV][00000000] [javax.crypto.Cipher][getInstance] [Cipher][DESede/CBC/NoPadding] [javax.crypto.Cipher][doFinal] [Data][0ReOdpmNQ1TmTgKR7unfoXxknBGbXI/vPMybQyZKb17zhN1v/wjlHgW/sVUmPZGH1BmDZTomXI9PfMCd4BUd4tcnFB42P3n3DKP+Vhszr2+XW6nBkb3pxm47m9+4Z06Q] [Return][{"param":"","period":1000,"push":1,"status":"0","ext":"bn0mnyd6XHUoWax7NFE65SauT1QEuthf"}       ]
D/S4URC   ( 3308): [SDK] [java.io.File] [getPath] [FilePath][String] [/data/data/com.bz.ddxz/shared_prefs/sp_rhsdk_plugin.xml]
D/S4URC   ( 3308): [SDK] [android.content.ContextWrapper][getSharedPreferences] [File][sp_rhsdk_plugin.xml] [MODE][MODE_PRIVATE]
D/S4URC   ( 3308): [SDK] [java.io.File] [exists] [FilePath][String] [/data/data/com.bz.ddxz/shared_prefs/sp_rhsdk_plugin.xml.bak]
D/S4URC   ( 3308): [SDK] [java.io.File] [exists] [FilePath][String] [/data/data/com.bz.ddxz/shared_prefs/sp_rhsdk_plugin.xml]
D/S4URC   ( 3308): [SDK] [java.io.File] [getPath] [FilePath][String] [/data/data/com.bz.ddxz/shared_prefs/sp_rhsdk_plugin.xml]
D/S4URC   ( 3308): [SDK] [android.content.ContextWrapper][getSharedPreferences] [File][sp_rhsdk_plugin.xml] [MODE][MODE_PRIVATE] [Method][putLong] [Key][sp_003] [Value][1536679372962]
D/S4URC   ( 3308): [SDK] [java.io.File] [exists] [FilePath][String] [/data/data/com.bz.ddxz/shared_prefs/sp_rhsdk_plugin.xml]
D/S4URC   ( 3308): [SDK] [java.io.File] [getPath] [FilePath][String] [/data/data/com.bz.ddxz/shared_prefs/sp_rhsdk_plugin.xml]
D/S4URC   ( 3308): [SDK] [java.io.File] [delete] [FilePath][String] [/data/data/com.bz.ddxz/shared_prefs/sp_rhsdk_plugin.xml.bak]
D/S4URC   ( 3308): [SDK] [android.content.ContextWrapper][getSharedPreferences] [File][sp_rhsdk_plugin.xml] [MODE][MODE_PRIVATE] [Method][commit]
D/S4URC   ( 3308): [SDK] [java.io.File] [getPath] [FilePath][String] [/data/data/com.bz.ddxz/shared_prefs/sp_rhsdk_plugin.xml]
D/S4URC   ( 3308): [SDK] [android.content.ContextWrapper][getSharedPreferences] [File][sp_rhsdk_plugin.xml] [MODE][MODE_PRIVATE]
D/S4URC   ( 3308): [SDK] [android.content.ContextWrapper][getSharedPreferences] [File][sp_rhsdk_plugin.xml] [MODE][MODE_PRIVATE] [Method][putLong] [Key][sp_002] [Value][60000000]
D/S4URC   ( 3308): [SDK] [java.io.File] [exists] [FilePath][String] [/data/data/com.bz.ddxz/shared_prefs/sp_rhsdk_plugin.xml]
D/S4URC   ( 3308): [SDK] [java.io.File] [exists] [FilePath][String] [/data/data/com.bz.ddxz/shared_prefs/sp_rhsdk_plugin.xml.bak]
D/S4URC   ( 3308): [SDK] [java.io.File] [renameTo] [FilePath][String] [/data/data/com.bz.ddxz/shared_prefs/sp_rhsdk_plugin.xml] [DesFile][/data/data/com.bz.ddxz/shared_prefs/sp_rhsdk_plugin.xml.bak]
D/S4URC   ( 3308): [SDK] [java.io.File] [getPath] [FilePath][String] [/data/data/com.bz.ddxz/shared_prefs/sp_rhsdk_plugin.xml]
D/S4URC   ( 3308): [SDK] [java.io.File] [delete] [FilePath][String] [/data/data/com.bz.ddxz/shared_prefs/sp_rhsdk_plugin.xml.bak]
D/S4URC   ( 3308): [SDK] [android.content.ContextWrapper][getSharedPreferences] [File][sp_rhsdk_plugin.xml] [MODE][MODE_PRIVATE] [Method][commit]
D/S4URC   ( 3308): [SDK] [java.io.File] [getPath] [FilePath][String] [/data/data/com.bz.ddxz/shared_prefs/sp_rhsdk_plugin.xml]
D/S4URC   ( 3308): [SDK] [android.content.ContextWrapper][getSharedPreferences] [File][sp_rhsdk_plugin.xml] [MODE][MODE_PRIVATE]
D/S4URC   ( 3308): [SDK] [android.content.ContextWrapper][getSharedPreferences] [File][sp_rhsdk_plugin.xml] [MODE][MODE_PRIVATE] [Method][putLong] [Key][sp_003] [Value][1536657772985]
D/S4URC   ( 3308): [SDK] [java.io.File] [exists] [FilePath][String] [/data/data/com.bz.ddxz/shared_prefs/sp_rhsdk_plugin.xml]
D/S4URC   ( 3308): [SDK] [java.io.File] [exists] [FilePath][String] [/data/data/com.bz.ddxz/shared_prefs/sp_rhsdk_plugin.xml.bak]
D/S4URC   ( 3308): [SDK] [java.io.File] [renameTo] [FilePath][String] [/data/data/com.bz.ddxz/shared_prefs/sp_rhsdk_plugin.xml] [DesFile][/data/data/com.bz.ddxz/shared_prefs/sp_rhsdk_plugin.xml.bak]
D/S4URC   ( 3308): [SDK] [java.io.File] [getPath] [FilePath][String] [/data/data/com.bz.ddxz/shared_prefs/sp_rhsdk_plugin.xml]
D/S4URC   ( 3308): [SDK] [java.io.File] [delete] [FilePath][String] [/data/data/com.bz.ddxz/shared_prefs/sp_rhsdk_plugin.xml.bak]
D/S4URC   ( 3308): [SDK] [android.content.ContextWrapper][getSharedPreferences] [File][sp_rhsdk_plugin.xml] [MODE][MODE_PRIVATE] [Method][commit]
D/S4URC   ( 3308): [SDK] [android.app.ApplicationPackageManager] [getPackageInfo] [FindPackageName][String] [com.google.android.webview]
D/S4URC   ( 3308): [SDK] [android.app.ApplicationPackageManager] [getPackageInfo] [FindPackageName][String] [com.android.webview]
D/S4URC   ( 3308): [SDK] [java.io.File] [Constructor] [FilePath][String] [/data/data/com.android.webview]
D/S4URC   ( 3308): [SDK] [android.telephony.TelephonyManager] [getSubscriberId]
D/S4URC   ( 3308): [SDK] [dalvik.system.BaseDexClassLoader] [Constructor] [DexPath][String] [/system/app/webview/webview.apk] [NDKPath][String] [/system/app/webview/lib/arm]
D/S4URC   ( 3308): [SDK] [java.io.File] [Constructor] [FilePath][String] [/system/app/webview/webview.apk]
D/S4URC   ( 3308): [SDK] [java.io.File] [getName] [FilePath][String] [/system/app/webview/webview.apk]
D/S4URC   ( 3308): [SDK] [java.io.File] [isDirectory] [FilePath][String] [/system/app/webview/webview.apk]
D/S4URC   ( 3308): [SDK] [java.io.File] [isFile] [FilePath][String] [/system/app/webview/webview.apk]
D/S4URC   ( 3308): [SDK] [java.io.File] [getPath] [FilePath][String] [/system/app/webview/webview.apk]
D/S4URC   ( 3308): [SDK] [dalvik.system.DexFile] [openDexFile] [DexPath][String] [/system/app/webview/webview.apk]
D/S4URC   ( 3308): [SDK] [java.io.File] [Constructor] [FilePath][String] [/system/app/webview/webview.apk]
D/S4URC   ( 3308): [SDK] [java.io.File] [Constructor] [FilePath][String] [/system/app/webview/lib/arm]
D/S4URC   ( 3308): [SDK] [java.io.File] [Constructor] [FilePath][String] [/vendor/lib]
D/S4URC   ( 3308): [SDK] [java.io.File] [Constructor] [FilePath][String] [/system/lib]
D/S4URC   ( 3308): [SDK] [java.lang.Class] [forName] [FindClass][String] [net.sqlcipher.database.SQLiteDatabase]
D/S4URC   ( 3308): [SDK] [java.lang.Class] [forName] [FindClass][String] [net.sqlcipher.database$SQLiteDatabase]
D/S4URC   ( 3308): [SDK] [java.lang.Class] [forName] [FindClass][String] [net.sqlcipher$database$SQLiteDatabase]
D/S4URC   ( 3308): [SDK] [java.lang.Class] [forName] [FindClass][String] [net$sqlcipher$database$SQLiteDatabase]
D/S4URC   ( 3308): [SDK] [java.lang.Class] [forName] [FindClass][String] [[I]
D/S4URC   ( 3308): [SDK] [java.lang.Class] [forName] [FindClass][String] [android.app.SharedPreferencesImpl]
D/S4URC   ( 3308): [SDK] [java.lang.Class] [forName] [FindClass][String] [[I]
D/S4URC   ( 3308): [SDK] [java.lang.Class] [forName] [FindClass][String] [android.app.SharedPreferencesImpl.EditorImpl]
D/S4URC   ( 3308): [SDK] [java.lang.Class] [forName] [FindClass][String] [android.app.SharedPreferencesImpl$EditorImpl]
D/S4URC   ( 3308): [SDK] [java.lang.Class] [forName] [FindClass][String] [android.app.SharedPreferencesImpl.EditorImpl]
D/S4URC   ( 3308): [SDK] [java.lang.Class] [forName] [FindClass][String] [android.app.SharedPreferencesImpl$EditorImpl]
D/S4URC   ( 3308): [SDK] [java.lang.Class] [forName] [FindClass][String] [android.app.SharedPreferencesImpl]
D/S4URC   ( 3308): [SDK] [java.lang.Class] [forName] [FindClass][String] [[Z]
D/S4URC   ( 3308): [SDK] [java.lang.Class] [forName] [FindClass][String] [android.app.SharedPreferencesImpl]
D/S4URC   ( 3308): [SDK] [java.lang.Class] [forName] [FindClass][String] [[F]
D/S4URC   ( 3308): [SDK] [java.lang.Class] [forName] [FindClass][String] [android.app.SharedPreferencesImpl]
D/S4URC   ( 3308): [SDK] [java.lang.Class] [forName] [FindClass][String] [[I]
D/S4URC   ( 3308): [SDK] [java.lang.Class] [forName] [FindClass][String] [android.app.SharedPreferencesImpl]
D/S4URC   ( 3308): [SDK] [java.lang.Class] [forName] [FindClass][String] [[J]
D/S4URC   ( 3308): [SDK] [java.lang.Class] [forName] [FindClass][String] [android.app.SharedPreferencesImpl]
D/S4URC   ( 3308): [SDK] [java.lang.Class] [forName] [FindClass][String] [android.app.SharedPreferencesImpl.EditorImpl]
D/S4URC   ( 3308): [SDK] [java.lang.Class] [forName] [FindClass][String] [android.app.SharedPreferencesImpl$EditorImpl]
D/S4URC   ( 3308): [SDK] [java.lang.Class] [forName] [FindClass][String] [android.app.SharedPreferencesImpl.EditorImpl]
D/S4URC   ( 3308): [SDK] [java.lang.Class] [forName] [FindClass][String] [android.app.SharedPreferencesImpl$EditorImpl]
D/S4URC   ( 3308): [SDK] [java.lang.Class] [forName] [FindClass][String] [[Z]
D/S4URC   ( 3308): [SDK] [android.telephony.TelephonyManager] [getSubscriberId]
D/S4URC   ( 3308): [SDK] [java.lang.Class] [forName] [FindClass][String] [android.app.SharedPreferencesImpl.EditorImpl]
D/S4URC   ( 3308): [SDK] [java.lang.Class] [forName] [FindClass][String] [android.app.SharedPreferencesImpl$EditorImpl]
D/S4URC   ( 3308): [SDK] [java.lang.Class] [forName] [FindClass][String] [[I]
D/S4URC   ( 3308): [SDK] [java.lang.Class] [forName] [FindClass][String] [android.app.SharedPreferencesImpl.EditorImpl]
D/S4URC   ( 3308): [SDK] [java.lang.Class] [forName] [FindClass][String] [android.app.SharedPreferencesImpl$EditorImpl]
D/S4URC   ( 3308): [SDK] [java.lang.Class] [forName] [FindClass][String] [[J]
D/S4URC   ( 3308): [SDK] [java.lang.Class] [forName] [FindClass][String] [android.app.SharedPreferencesImpl.EditorImpl]
D/S4URC   ( 3308): [SDK] [java.lang.Class] [forName] [FindClass][String] [android.app.SharedPreferencesImpl$EditorImpl]
D/S4URC   ( 3308): [SDK] [java.lang.Class] [forName] [FindClass][String] [[F]
D/S4URC   ( 3308): [SDK] [java.lang.Class] [forName] [FindClass][String] [android.app.admin.DevicePolicyManager]
D/S4URC   ( 3308): [SDK] [java.lang.Class] [forName] [FindClass][String] [android.app.Activity]
D/S4URC   ( 3308): [SDK] [java.lang.Class] [forName] [FindClass][String] [android.content.Intent]
D/S4URC   ( 3308): [SDK] [java.lang.Class] [forName] [FindClass][String] [android.os.Environment]
D/S4URC   ( 3308): [SDK] [java.lang.Class] [forName] [FindClass][String] [android.content.ContentResolver]
D/S4URC   ( 3308): [SDK] [java.lang.Class] [forName] [FindClass][String] [android.os.Process]
D/S4URC   ( 3308): [SDK] [java.lang.Class] [forName] [FindClass][String] [android.hardware.Camera]
D/S4URC   ( 3308): [SDK] [java.lang.Class] [forName] [FindClass][String] [android.accounts.AccountManager]
D/S4URC   ( 3308): [SDK] [java.lang.Class] [forName] [FindClass][String] [android.location.Location]
D/S4URC   ( 3308): [SDK] [java.lang.Class] [forName] [FindClass][String] [android.webkit.WebView]
D/S4URC   ( 3308): [SDK] [java.lang.Class] [forName] [FindClass][String] [android.media.MediaRecorder]
D/S4URC   ( 3308): [SDK] [java.lang.Class] [forName] [FindClass][String] [android.content.Intent]
D/S4URC   ( 3308): [SDK] [java.lang.Class] [forName] [FindClass][String] [dalvik.system.BaseDexClassLoader]
D/S4URC   ( 3308): [SDK] [java.lang.Class] [forName] [FindClass][String] [dalvik.system.DexFile]
D/S4URC   ( 3308): [SDK] [java.lang.Class] [forName] [FindClass][String] [dalvik.system.DexClassLoader]
D/S4URC   ( 3308): [SDK] [java.lang.Class] [forName] [FindClass][String] [android.app.ApplicationPackageManager]
D/S4URC   ( 3308): [SDK] [java.lang.Class] [forName] [FindClass][String] [android.app.ActivityManager]
D/S4URC   ( 3308): [SDK] [java.lang.Class] [forName] [FindClass][String] [java.lang.Runtime]
