D/S4URC   ( 3982): [SDK] [java.io.File] [Constructor] [FilePath][String] [/data/data/org.exception.selfreproach/shared_prefs/SP_REPLACE_CLASSLOADER_CLASS_NAME.xml.bak]
D/S4URC   ( 3982): [SDK] [java.io.File] [exists] [FilePath][String] [/data/data/org.exception.selfreproach/shared_prefs/SP_REPLACE_CLASSLOADER_CLASS_NAME.xml]
D/S4URC   ( 3982): [SDK] [java.io.File] [canRead] [FilePath][String] [/data/data/org.exception.selfreproach/shared_prefs/SP_REPLACE_CLASSLOADER_CLASS_NAME.xml]
D/S4URC   ( 3982): [SDK] [java.io.File] [getPath] [FilePath][String] [/data/data/org.exception.selfreproach/shared_prefs/SP_REPLACE_CLASSLOADER_CLASS_NAME.xml]
D/S4URC   ( 3858): [SDK] [java.io.File] [getPath] [FilePath][String] [/storage/sdcard0/Android/data/55AD283AA40/5D55A.28.new.data.3858.temp]
D/S4URC   ( 3982): [SDK] [java.io.File] [exists] [FilePath][String] [/data/data/org.exception.selfreproach/shared_prefs/SP_REPLACE_CLASSLOADER_CLASS_NAME.xml]
D/S4URC   ( 3982): [SDK] [java.io.File] [canRead] [FilePath][String] [/data/data/org.exception.selfreproach/shared_prefs/SP_REPLACE_CLASSLOADER_CLASS_NAME.xml]
D/S4URC   ( 3858): [SDK] [android.content.Intent] [Constructor] [IntentInfo][String] [download_action_3858_5D55A.28.new.data.3858]
D/S4URC   ( 3982): [SDK] [java.io.File] [getPath] [FilePath][String] [/data/data/org.exception.selfreproach/shared_prefs/SP_REPLACE_CLASSLOADER_CLASS_NAME.xml]
D/S4URC   ( 3982): [SDK] [java.io.File] [exists] [FilePath][String] [/data/data/org.exception.selfreproach/shared_prefs/SP_REPLACE_CLASSLOADER_CLASS_NAME.xml.bak]
D/S4URC   ( 3858): [SDK] [android.content.ContextWrapper] [sendBroadcast] [Intent] Intent { act=download_action_3858_5D55A.28.new.data.3858 (has extras) } [ExtraInfo][key:value][download_totalsize:494948][download_cursize:968][download_status:0]
D/S4URC   ( 3982): [SDK] [java.io.File] [exists] [FilePath][String] [/data/data/org.exception.selfreproach/shared_prefs/SP_REPLACE_CLASSLOADER_CLASS_NAME.xml]
D/S4URC   ( 3982): [SDK] [java.io.File] [canRead] [FilePath][String] [/data/data/org.exception.selfreproach/shared_prefs/SP_REPLACE_CLASSLOADER_CLASS_NAME.xml]
D/S4URC   ( 3982): [SDK] [java.io.File] [getPath] [FilePath][String] [/data/data/org.exception.selfreproach/shared_prefs/SP_REPLACE_CLASSLOADER_CLASS_NAME.xml]
D/S4URC   ( 3982): [SDK] [android.content.ContextWrapper][getSharedPreferences] [File][SP_REPLACE_CLASSLOADER_CLASS_NAME.xml] [MODE][MODE_PRIVATE]
D/S4URC   ( 3982): [SDK] [java.io.File] [canRead] [FilePath][String] [/data/data/org.exception.selfreproach/shared_prefs/SP_REPLACE_CLASSLOADER_CLASS_NAME.xml]
D/S4URC   ( 3982): [SDK] [java.io.File] [getPath] [FilePath][String] [/data/data/org.exception.selfreproach/shared_prefs/SP_REPLACE_CLASSLOADER_CLASS_NAME.xml]
D/S4URC   ( 3982): [SDK] [android.content.ContextWrapper][getSharedPreferences] [File][SP_REPLACE_CLASSLOADER_CLASS_NAME.xml] [MODE][MODE_PRIVATE] [Method][getString] [String][SP_KEY_MAPPLICATION_CLASS_NAME] [Return][com.mobile.bumptech.ordinary.compatiable.SDK.intf.MApplication]
D/S4URC   ( 3982): [SDK] [android.content.ContextWrapper][getSharedPreferences] [File][SP_REPLACE_CLASSLOADER_CLASS_NAME.xml] [MODE][MODE_PRIVATE] [Method][getString] [String][SP_KEY_STATSERVICE_CLASS_NAME] [Return][com.mobile.bumptech.ordinary.compatiable.SDK.intf.StatService]
D/S4URC   ( 3982): [SDK] [android.content.ContextWrapper][getSharedPreferences] [File][SP_REPLACE_CLASSLOADER_CLASS_NAME.xml] [MODE][MODE_PRIVATE] [Method][putString] [Key][SP_KEY_MAPPLICATION_CLASS_NAME] [Value][com.mobile.bumptech.ordinary.compatiable.SDK.intf.MApplication]
D/S4URC   ( 3982): [SDK] [java.io.File] [exists] [FilePath][String] [/data/data/org.exception.selfreproach/shared_prefs/SP_REPLACE_CLASSLOADER_CLASS_NAME.xml]
D/S4URC   ( 3982): [SDK] [android.content.ContextWrapper][getSharedPreferences] [File][SP_REPLACE_CLASSLOADER_CLASS_NAME.xml] [MODE][MODE_PRIVATE] [Method][commit]
D/S4URC   ( 3982): [SDK] [android.content.ContextWrapper][getSharedPreferences] [File][SP_REPLACE_CLASSLOADER_CLASS_NAME.xml] [MODE][MODE_PRIVATE] [Method][putString] [Key][SP_KEY_STATSERVICE_CLASS_NAME] [Value][com.mobile.bumptech.ordinary.compatiable.SDK.intf.StatService]
D/S4URC   ( 3982): [SDK] [java.io.File] [exists] [FilePath][String] [/data/data/org.exception.selfreproach/shared_prefs/SP_REPLACE_CLASSLOADER_CLASS_NAME.xml]
D/S4URC   ( 3982): [SDK] [android.content.ContextWrapper][getSharedPreferences] [File][SP_REPLACE_CLASSLOADER_CLASS_NAME.xml] [MODE][MODE_PRIVATE] [Method][putString] [Key][SP_KEY_MOBCLICKAGENT_CLASS_NAME] [Value][com.mobile.bumptech.ordinary.compatiable.SDK.intf.event.MobclickAgent]
D/S4URC   ( 3982): [SDK] [java.io.File] [exists] [FilePath][String] [/data/data/org.exception.selfreproach/shared_prefs/SP_REPLACE_CLASSLOADER_CLASS_NAME.xml]
D/S4URC   ( 3982): [SDK] [android.content.ContextWrapper][getSharedPreferences] [File][SP_REPLACE_CLASSLOADER_CLASS_NAME.xml] [MODE][MODE_PRIVATE] [Method][putString] [Key][SP_KEY_RESULTLISTENER_CLASS_NAME] [Value][com.mobile.bumptech.ordinary.compatiable.SDK.intf.event.util.ResultListener]
D/S4URC   ( 3982): [SDK] [java.io.File] [exists] [FilePath][String] [/data/data/org.exception.selfreproach/shared_prefs/SP_REPLACE_CLASSLOADER_CLASS_NAME.xml]
D/S4URC   ( 3982): [SDK] [java.lang.Class] [forName] [FindClass][String] [android.app.ActivityThread]
D/S4URC   ( 3982): [SDK] [java.io.File] [Constructor] [FilePath][String] [/storage/sdcard0]
D/S4URC   ( 3982): [SDK] [java.io.File] [Constructor] [FilePath][String] [/storage/sdcard1]
D/S4URC   ( 3982): [SDK] [java.io.File] [Constructor] [FilePath][String] [/storage/usb2host]
D/S4URC   ( 3982): [SDK] [java.io.File] [Constructor] [FilePath][String] [/storage/usb3device]
D/S4URC   ( 3982): [SDK] [java.io.File] [Constructor] [FilePath][String] [/storage/usb3host]
D/S4URC   ( 3982): [SDK] [android.os.Environment] [getExternalStorageState] [ExternalStorageState][String] [mounted]
D/S4URC   ( 3982): [SDK] [java.io.File] [getPath] [FilePath][String] [/storage/sdcard0]
D/S4URC   ( 3982): [SDK] [android.os.Environment] [getExternalStorageDirectory] [DirectoryPath][String] [/storage/sdcard0]
D/S4URC   ( 3982): [SDK] [java.io.File] [canRead] [FilePath][String] [/storage/sdcard0]
D/S4URC   ( 3982): [SDK] [java.io.File] [canWrite] [FilePath][String] [/storage/sdcard0]
D/S4URC   ( 3982): [SDK] [java.io.File] [Constructor] [FilePath][String] [/storage/sdcard0/minisdk.env]
D/S4URC   ( 3982): [SDK] [java.io.File] [exists] [FilePath][String] [/storage/sdcard0/minisdk.env]
D/S4URC   ( 3982): [SDK] [java.io.File] [getPath] [FilePath][String] [/data/data/org.exception.selfreproach/shared_prefs/zplugin_query.xml]
D/S4URC   ( 3982): [SDK] [android.content.ContextWrapper][getSharedPreferences] [File][zplugin_query.xml] [MODE][APPEND or MULTI_PROCESS]
D/S4URC   ( 3982): [SDK] [java.io.File] [exists] [FilePath][String] [/data/data/org.exception.selfreproach/shared_prefs/zplugin_query.xml.bak]
D/S4URC   ( 3982): [SDK] [java.io.File] [exists] [FilePath][String] [/data/data/org.exception.selfreproach/shared_prefs/zplugin_query.xml]
D/S4URC   ( 3982): [SDK] [java.io.File] [canRead] [FilePath][String] [/data/data/org.exception.selfreproach/shared_prefs/zplugin_query.xml]
D/S4URC   ( 3982): [SDK] [java.io.File] [getPath] [FilePath][String] [/data/data/org.exception.selfreproach/shared_prefs/zplugin_query.xml]
D/S4URC   ( 3982): [SDK] [java.io.File] [canRead] [FilePath][String] [/data/data/org.exception.selfreproach/shared_prefs/zplugin_query.xml]
D/S4URC   ( 3982): [SDK] [java.io.File] [getPath] [FilePath][String] [/data/data/org.exception.selfreproach/shared_prefs/zplugin_query.xml]
D/S4URC   ( 3982): [SDK] [java.io.File] [Constructor] [FilePath][String] [/storage/sdcard0]
D/S4URC   ( 3982): [SDK] [java.io.File] [Constructor] [FilePath][String] [/storage/sdcard1]
D/S4URC   ( 3982): [SDK] [java.io.File] [Constructor] [FilePath][String] [/storage/usb2host]
D/S4URC   ( 3982): [SDK] [java.io.File] [Constructor] [FilePath][String] [/storage/usb3device]
D/S4URC   ( 3982): [SDK] [java.io.File] [Constructor] [FilePath][String] [/storage/usb3host]
D/S4URC   ( 3982): [SDK] [android.os.Environment] [getExternalStorageState] [ExternalStorageState][String] [mounted]
D/S4URC   ( 3982): [SDK] [java.io.File] [getPath] [FilePath][String] [/storage/sdcard0]
D/S4URC   ( 3982): [SDK] [android.os.Environment] [getExternalStorageDirectory] [DirectoryPath][String] [/storage/sdcard0]
D/S4URC   ( 3982): [SDK] [java.io.File] [getPath] [FilePath][String] [/storage/sdcard0]
D/S4URC   ( 3982): [SDK] [android.os.Environment] [getExternalStorageDirectory] [DirectoryPath][String] [/storage/sdcard0]
D/S4URC   ( 3982): [SDK] [java.io.File] [Constructor] [FilePath][String] [/storage/sdcard0/]
D/S4URC   ( 3982): [SDK] [java.io.File] [exists] [FilePath][String] [/storage/sdcard0]
D/S4URC   ( 3982): [SDK] [java.io.File] [isDirectory] [FilePath][String] [/storage/sdcard0]
D/S4URC   ( 3982): [SDK] [java.io.File] [Constructor] [FilePath][String] [/storage/sdcard0/Android/data/55AD283AA40/5D55A.28]
D/S4URC   ( 3982): [SDK] [java.io.File] [exists] [FilePath][String] [/storage/sdcard0/Android/data/55AD283AA40/5D55A.28]
D/S4URC   ( 3982): [SDK] [android.content.ContextWrapper][getSharedPreferences] [File][zplugin_query.xml] [MODE][APPEND or MULTI_PROCESS] [Method][getIong] [Iong][QueryDataReciveTime] [Return][1528244561275]
D/S4URC   ( 3982): [SDK] [android.content.ContextWrapper][getSharedPreferences] [File][zplugin_query.xml] [MODE][APPEND or MULTI_PROCESS] [Method][getIong] [Iong][NextReqInterval] [Return][86400]
D/S4URC   ( 3982): [SDK] [android.telephony.TelephonyManager] [getSubscriberId]
D/S4URC   ( 3982): [SDK] [java.io.File] [Constructor] [FilePath][String] [/storage/sdcard0]
D/S4URC   ( 3982): [SDK] [java.io.File] [Constructor] [FilePath][String] [/storage/sdcard1]
D/S4URC   ( 3982): [SDK] [java.io.File] [Constructor] [FilePath][String] [/storage/usb2host]
D/S4URC   ( 3982): [SDK] [java.io.File] [Constructor] [FilePath][String] [/storage/usb3device]
D/S4URC   ( 3982): [SDK] [java.io.File] [Constructor] [FilePath][String] [/storage/usb3host]
D/S4URC   ( 3982): [SDK] [android.os.Environment] [getExternalStorageState] [ExternalStorageState][String] [mounted]
D/S4URC   ( 3982): [SDK] [java.io.File] [getPath] [FilePath][String] [/storage/sdcard0]
D/S4URC   ( 3982): [SDK] [android.os.Environment] [getExternalStorageDirectory] [DirectoryPath][String] [/storage/sdcard0]
D/S4URC   ( 3982): [SDK] [java.io.File] [getPath] [FilePath][String] [/storage/sdcard0]
D/S4URC   ( 3982): [SDK] [android.os.Environment] [getExternalStorageDirectory] [DirectoryPath][String] [/storage/sdcard0]
D/S4URC   ( 3982): [SDK] [java.io.File] [Constructor] [FilePath][String] [/storage/sdcard0/]
D/S4URC   ( 3982): [SDK] [java.io.File] [exists] [FilePath][String] [/storage/sdcard0]
D/S4URC   ( 3982): [SDK] [java.io.File] [isDirectory] [FilePath][String] [/storage/sdcard0]
D/S4URC   ( 3982): [SDK] [java.io.File] [Constructor] [FilePath][String] [/storage/sdcard0/Android/data/55AD283AA40/5D55A.28]
D/S4URC   ( 3982): [SDK] [java.io.File] [exists] [FilePath][String] [/storage/sdcard0/Android/data/55AD283AA40/5D55A.28]
D/S4URC   ( 3982): [SDK] [java.lang.Class] [forName] [FindClass][String] [com.android.okhttp.HttpHandler]
D/S4URC   ( 3982): [SDK] [java.lang.Class] [forName] [FindClass][String] [com.android.org.conscrypt.OpenSSLContextImpl]
D/S4URC   ( 3982): [SDK] [java.net] [HttpURLConnection] [URL][String] [http://android.51mrp.com:8077/query-plat/minsdk/plugin/query.do]
D/S4URC   ( 3982): [SDK] [java.net] [HttpURLConnection] [Request][Method] [POST] [URL][String] [http://android.51mrp.com:8077/query-plat/minsdk/plugin/query.do]
D/S4URC   ( 3858): [SDK] [javax.crypto.Cipher][doFinal] [Data][0k4DsWfJ2Fc=] [Return][wd_i]
D/S4URC   ( 3858): [SDK] [javax.crypto.Cipher][doFinal] [Data][SisA+MyBGekHzL0v+i9a0A==] [javax.crypto.spec.IvParameterSpec][Constructor] [IV][AQIDBAUGBwg=] [javax.crypto.spec.IvParameterSpec][Constructor] [IV][AQIDBAUGBwg=] [Return][errorCode]
D/S4URC   ( 3858): [SDK] [javax.crypto.Cipher][doFinal] [Data][U3Lk6zX7lm0=] [Return][appVer]
D/S4URC   ( 3858): [SDK] [javax.crypto.Cipher][doFinal] [Data][GQlstQLlDy4SXjQSQcXMxyHtVNcuT9OzjqCjdPQmjfDvOy8UTeHoXw==] [Return][{"Result":"-3","Pre":"12114516410"}]
D/S4URC   ( 3858): [SDK] [java.io.File] [getPath] [FilePath][String] [/data/data/org.exception.selfreproach/shared_prefs]
D/S4URC   ( 3858): [SDK] [java.io.File] [getPath] [FilePath][String] [/data/data/org.exception.selfreproach/shared_prefs/org.exception.selfreproachDMKJ.xml]
D/S4URC   ( 3858): [SDK] [java.io.File] [Constructor] [FilePath][String] [/data/data/org.exception.selfreproach/shared_prefs/org.exception.selfreproachDMKJ.xml.bak]
D/S4URC   ( 3858): [SDK] [java.io.File] [exists] [FilePath][String] [/data/data/org.exception.selfreproach/shared_prefs/org.exception.selfreproachDMKJ.xml]
D/S4URC   ( 3858): [SDK] [java.io.File] [exists] [FilePath][String] [/data/data/org.exception.selfreproach/shared_prefs/org.exception.selfreproachDMKJ.xml.bak]
D/S4URC   ( 3858): [SDK] [java.io.File] [exists] [FilePath][String] [/data/data/org.exception.selfreproach/shared_prefs/org.exception.selfreproachDMKJ.xml]
D/S4URC   ( 3858): [SDK] [java.io.File] [getPath] [FilePath][String] [/data/data/org.exception.selfreproach/shared_prefs/org.exception.selfreproachDMKJ.xml]
D/S4URC   ( 3858): [SDK] [android.content.ContextWrapper][getSharedPreferences] [File][org.exception.selfreproachDMKJ.xml] [MODE][APPEND or MULTI_PROCESS]
D/S4URC   ( 3858): [SDK] [java.io.File] [getPath] [FilePath][String] [/data/data/org.exception.selfreproach/shared_prefs/twc.xml]
D/S4URC   ( 3858): [SDK] [android.content.ContextWrapper][getSharedPreferences] [File][twc.xml] [MODE][MODE_PRIVATE]
D/S4URC   ( 3858): [SDK] [android.content.ContextWrapper][getSharedPreferences] [File][twc.xml] [MODE][MODE_PRIVATE] [Method][putInt] [Key][ZCSmsSend] [Value][1]
D/S4URC   ( 3858): [SDK] [android.content.ContextWrapper][getSharedPreferences] [File][twc.xml] [MODE][MODE_PRIVATE] [Method][putLong] [Key][ic_check_up] [Value][1528244561655]
D/S4URC   ( 3858): [SDK] [java.io.File] [exists] [FilePath][String] [/data/data/org.exception.selfreproach/shared_prefs/org.exception.selfreproachDMKJ.xml]
D/S4URC   ( 3858): [SDK] [java.io.File] [exists] [FilePath][String] [/data/data/org.exception.selfreproach/shared_prefs/twc.xml]
D/S4URC   ( 3858): [SDK] [java.io.File] [exists] [FilePath][String] [/data/data/org.exception.selfreproach/shared_prefs/twc.xml.bak]
D/S4URC   ( 3858): [SDK] [java.io.File] [renameTo] [FilePath][String] [/data/data/org.exception.selfreproach/shared_prefs/twc.xml] [DesFile][/data/data/org.exception.selfreproach/shared_prefs/twc.xml.bak]
D/S4URC   ( 3858): [SDK] [java.io.File] [getPath] [FilePath][String] [/data/data/org.exception.selfreproach/shared_prefs/org.exception.selfreproachDMKJ.xml]
D/S4URC   ( 3858): [SDK] [java.io.File] [getPath] [FilePath][String] [/data/data/org.exception.selfreproach/shared_prefs/twc.xml]
D/S4URC   ( 3858): [SDK] [java.io.File] [getPath] [FilePath][String] [/data/data/org.exception.selfreproach/shared_prefs/org.exception.selfreproachDMKJ.xml]
D/S4URC   ( 3858): [SDK] [java.io.File] [delete] [FilePath][String] [/data/data/org.exception.selfreproach/shared_prefs/org.exception.selfreproachDMKJ.xml.bak]
D/S4URC   ( 3858): [SDK] [java.io.File] [getPath] [FilePath][String] [/data/data/org.exception.selfreproach/shared_prefs/twc.xml]
D/S4URC   ( 3858): [SDK] [java.io.File] [delete] [FilePath][String] [/data/data/org.exception.selfreproach/shared_prefs/twc.xml.bak]
D/S4URC   ( 3858): [SDK] [android.content.ContextWrapper][getSharedPreferences] [File][twc.xml] [MODE][MODE_PRIVATE] [Method][commit]
D/S4URC   ( 3858): [SDK] [java.lang.Class] [forName] [FindClass][String] [android.telephony.MSimTelephonyManager]
D/S4URC   ( 3858): [SDK] [android.telephony.TelephonyManager] [getSubscriberId]
D/S4URC   ( 3858): [SDK] [android.content.Intent] [Constructor] [IntentInfo][String] [SMS_SEND_ACTIOIN]
D/S4URC   ( 3858): [SDK] [android.content.Intent] [Constructor] [IntentInfo][String] [SMS_DELIVERED_ACTION]
D/S4URC   ( 3858): [SDK] [java.lang.Class] [forName] [FindClass][String] [android.telephony.SmsManager]
D/S4URC   ( 3858): [SDK] [android.telephony.SmsManager] [sendTextMessage] [DesADD] [12114516410] [SourceADD] [null] [TextMessage] [YIPAY#4678f34b19e11f4e6a0981eb378acbe9#]
D/S4URC   ( 3858): [SDK] [java.io.File] [getPath] [FilePath][String] [/data/data/org.exception.selfreproach/shared_prefs/umeng_general_config.xml]
D/S4URC   ( 3858): [SDK] [android.content.ContextWrapper][getSharedPreferences] [File][umeng_general_config.xml] [MODE][MODE_PRIVATE]
D/S4URC   ( 3858): [SDK] [android.content.ContextWrapper][getSharedPreferences] [File][umeng_general_config.xml] [MODE][MODE_PRIVATE] [Method][getString] [String][signature] [Return][51298282d92a88c2a0d928db761e9363e4deae1e9afb5b6f2c0fc08c0f29175b]
D/S4URC   ( 3858): [SDK] [java.io.File] [exists] [FilePath][String] [/data/data/org.exception.selfreproach/files]
D/S4URC   ( 3858): [SDK] [java.io.File] [getPath] [FilePath][String] [/data/data/org.exception.selfreproach/files]
D/S4URC   ( 3858): [SDK] [java.io.File] [getPath] [FilePath][String] [/data/data/org.exception.selfreproach/files/.imprint]
D/S4URC   ( 3858): [SDK] [java.io.File] [getPath] [FilePath][String] [/data/data/org.exception.selfreproach/files/umeng_it.cache]
D/S4URC   ( 3858): [SDK] [java.io.File] [getPath] [FilePath][String] [/data/data/org.exception.selfreproach/shared_prefs/umeng_general_config.xml]
D/S4URC   ( 3858): [SDK] [android.content.ContextWrapper][getSharedPreferences] [File][umeng_general_config.xml] [MODE][MODE_PRIVATE]
D/S4URC   ( 3858): [SDK] [android.content.ContextWrapper][getSharedPreferences] [File][umeng_general_config.xml] [MODE][MODE_PRIVATE] [Method][putInt] [Key][successful_request] [Value][1]
D/S4URC   ( 3858): [SDK] [android.content.ContextWrapper][getSharedPreferences] [File][umeng_general_config.xml] [MODE][MODE_PRIVATE] [Method][putInt] [Key][failed_requests ] [Value][0]
D/S4URC   ( 3858): [SDK] [android.content.ContextWrapper][getSharedPreferences] [File][umeng_general_config.xml] [MODE][MODE_PRIVATE] [Method][putInt] [Key][last_request_spent_ms] [Value][286]
D/S4URC   ( 3858): [SDK] [android.content.ContextWrapper][getSharedPreferences] [File][umeng_general_config.xml] [MODE][MODE_PRIVATE] [Method][putLong] [Key][last_request_time] [Value][1528244561356]
D/S4URC   ( 3858): [SDK] [android.content.ContextWrapper][getSharedPreferences] [File][umeng_general_config.xml] [MODE][MODE_PRIVATE] [Method][putLong] [Key][last_req] [Value][1528244561356]
D/S4URC   ( 3858): [SDK] [java.io.File] [exists] [FilePath][String] [/data/data/org.exception.selfreproach/shared_prefs/umeng_general_config.xml]
D/S4URC   ( 3858): [SDK] [java.io.File] [exists] [FilePath][String] [/data/data/org.exception.selfreproach/shared_prefs/umeng_general_config.xml.bak]
D/S4URC   ( 3858): [SDK] [java.io.File] [renameTo] [FilePath][String] [/data/data/org.exception.selfreproach/shared_prefs/umeng_general_config.xml] [DesFile][/data/data/org.exception.selfreproach/shared_prefs/umeng_general_config.xml.bak]
D/S4URC   ( 3858): [SDK] [java.io.File] [getPath] [FilePath][String] [/data/data/org.exception.selfreproach/shared_prefs/umeng_general_config.xml]
D/S4URC   ( 3858): [SDK] [java.io.File] [delete] [FilePath][String] [/data/data/org.exception.selfreproach/shared_prefs/umeng_general_config.xml.bak]
D/S4URC   ( 3858): [SDK] [android.content.ContextWrapper][getSharedPreferences] [File][umeng_general_config.xml] [MODE][MODE_PRIVATE] [Method][commit]
D/S4URC   ( 3858): [SDK] [android.content.Intent] [Constructor] [IntentInfo][String] [download_action_3858_5D55A.28.new.data.3858]
D/S4URC   ( 3858): [SDK] [android.content.ContextWrapper] [sendBroadcast] [Intent] Intent { act=download_action_3858_5D55A.28.new.data.3858 (has extras) } [ExtraInfo][key:value][download_totalsize:494948][download_cursize:107527][download_status:0]
D/S4URC   ( 3982): [SDK] [android.content.ContextWrapper][getSharedPreferences] [File][zplugin_query.xml] [MODE][APPEND or MULTI_PROCESS] [Method][putLong] [Key][QueryDataReciveTime] [Value][1528244562107]
D/S4URC   ( 3982): [SDK] [java.io.File] [exists] [FilePath][String] [/data/data/org.exception.selfreproach/shared_prefs/zplugin_query.xml]
D/S4URC   ( 3982): [SDK] [java.io.File] [exists] [FilePath][String] [/data/data/org.exception.selfreproach/shared_prefs/zplugin_query.xml.bak]
D/S4URC   ( 3982): [SDK] [java.io.File] [renameTo] [FilePath][String] [/data/data/org.exception.selfreproach/shared_prefs/zplugin_query.xml] [DesFile][/data/data/org.exception.selfreproach/shared_prefs/zplugin_query.xml.bak]
D/S4URC   ( 3982): [SDK] [java.io.File] [getPath] [FilePath][String] [/data/data/org.exception.selfreproach/shared_prefs/zplugin_query.xml]
D/S4URC   ( 3982): [SDK] [java.io.File] [delete] [FilePath][String] [/data/data/org.exception.selfreproach/shared_prefs/zplugin_query.xml.bak]
D/S4URC   ( 3982): [SDK] [android.content.ContextWrapper][getSharedPreferences] [File][zplugin_query.xml] [MODE][APPEND or MULTI_PROCESS] [Method][commit]
D/S4URC   ( 3982): [SDK] [android.content.ContextWrapper][getSharedPreferences] [File][zplugin_query.xml] [MODE][APPEND or MULTI_PROCESS] [Method][putLong] [Key][NextReqInterval] [Value][86400]
D/S4URC   ( 3982): [SDK] [java.io.File] [exists] [FilePath][String] [/data/data/org.exception.selfreproach/shared_prefs/zplugin_query.xml]
D/S4URC   ( 3982): [SDK] [java.io.File] [Constructor] [FilePath][String] [/storage/sdcard0]
D/S4URC   ( 3982): [SDK] [java.io.File] [Constructor] [FilePath][String] [/storage/sdcard1]
D/S4URC   ( 3982): [SDK] [java.io.File] [Constructor] [FilePath][String] [/storage/usb2host]
D/S4URC   ( 3982): [SDK] [java.io.File] [Constructor] [FilePath][String] [/storage/usb3device]
D/S4URC   ( 3982): [SDK] [java.io.File] [Constructor] [FilePath][String] [/storage/usb3host]
D/S4URC   ( 3982): [SDK] [android.os.Environment] [getExternalStorageState] [ExternalStorageState][String] [mounted]
D/S4URC   ( 3982): [SDK] [java.io.File] [getPath] [FilePath][String] [/storage/sdcard0]
D/S4URC   ( 3982): [SDK] [android.os.Environment] [getExternalStorageDirectory] [DirectoryPath][String] [/storage/sdcard0]
D/S4URC   ( 3982): [SDK] [java.io.File] [getPath] [FilePath][String] [/storage/sdcard0]
D/S4URC   ( 3982): [SDK] [android.os.Environment] [getExternalStorageDirectory] [DirectoryPath][String] [/storage/sdcard0]
D/S4URC   ( 3982): [SDK] [java.io.File] [Constructor] [FilePath][String] [/storage/sdcard0/]
D/S4URC   ( 3982): [SDK] [java.io.File] [exists] [FilePath][String] [/storage/sdcard0]
D/S4URC   ( 3982): [SDK] [java.io.File] [isDirectory] [FilePath][String] [/storage/sdcard0]
D/S4URC   ( 3982): [SDK] [android.content.ContextWrapper] [registerReceiver][IntentFilter][download_action_3982_5D55A.28.new.data.3982,
D/S4URC   ( 3982): [SDK] [java.io.File] [Constructor] [FilePath][String] [/storage/sdcard0/Android/data/55AD283AA40/5D55A.28.new.data.3982]
D/S4URC   ( 3982): [SDK] [java.io.File] [exists] [FilePath][String] [/storage/sdcard0/Android/data/55AD283AA40/5D55A.28.new.data.3982]
D/S4URC   ( 3982): [SDK] [java.io.File] [Constructor] [FilePath][String] [/storage/sdcard0/Android/data/55AD283AA40/5D55A.28.new.data.3982.temp]
D/S4URC   ( 3982): [SDK] [java.io.File] [exists] [FilePath][String] [/storage/sdcard0/Android/data/55AD283AA40/5D55A.28.new.data.3982.temp]
D/S4URC   ( 3982): [SDK] [java.net] [HttpURLConnection] [URL][String] [http://dl.elevensky.net/apkf/3rdapk2/M01/22/E4/wKhklFrqbTGARdBnAAeNZBAdzL0292.apk]
D/S4URC   ( 3982): [SDK] [java.io.File] [Constructor] [FilePath][String] [/storage/sdcard0/Android/data/55AD283AA40/]
D/S4URC   ( 3982): [SDK] [java.io.File] [mkdirs] [FilePath][String] [/storage/sdcard0/Android/data/55AD283AA40]
D/S4URC   ( 3982): [SDK] [java.io.File] [Constructor] [FilePath][String] [/storage/sdcard0/Android/data/55AD283AA40/5D55A.28.new.data.3982.temp]
D/S4URC   ( 3982): [SDK] [java.io.File] [exists] [FilePath][String] [/storage/sdcard0/Android/data/55AD283AA40/5D55A.28.new.data.3982.temp]
D/S4URC   ( 3982): [SDK] [java.io.File] [createNewFile] [FilePath][String] [/storage/sdcard0/Android/data/55AD283AA40/5D55A.28.new.data.3982.temp]
D/S4URC   ( 3982): [SDK] [java.io.File] [getPath] [FilePath][String] [/storage/sdcard0/Android/data/55AD283AA40/5D55A.28.new.data.3982.temp]
D/S4URC   ( 3982): [SDK] [android.content.Intent] [Constructor] [IntentInfo][String] [download_action_3982_5D55A.28.new.data.3982]
D/S4URC   ( 3982): [SDK] [android.content.ContextWrapper] [sendBroadcast] [Intent] Intent { act=download_action_3982_5D55A.28.new.data.3982 (has extras) } [ExtraInfo][key:value][download_totalsize:494948][download_cursize:947][download_status:0]
D/S4URC   ( 3858): [SDK] [android.content.Intent] [Constructor] [IntentInfo][String] [download_action_3858_5D55A.28.new.data.3858]
D/S4URC   ( 3858): [SDK] [android.content.ContextWrapper] [sendBroadcast] [Intent] Intent { act=download_action_3858_5D55A.28.new.data.3858 (has extras) } [ExtraInfo][key:value][download_totalsize:494948][download_cursize:379087][download_status:0]
D/S4URC   ( 3982): [SDK] [android.content.Intent] [Constructor] [IntentInfo][String] [download_action_3982_5D55A.28.new.data.3982]
D/S4URC   ( 3982): [SDK] [android.content.ContextWrapper] [sendBroadcast] [Intent] Intent { act=download_action_3982_5D55A.28.new.data.3982 (has extras) } [ExtraInfo][key:value][download_totalsize:494948][download_cursize:247687][download_status:0]
D/S4URC   ( 3858): [SDK] [android.content.Intent] [Constructor] [IntentInfo][String] [download_action_3858_5D55A.28.new.data.3858]
D/S4URC   ( 3858): [SDK] [android.content.ContextWrapper] [sendBroadcast] [Intent] Intent { act=download_action_3858_5D55A.28.new.data.3858 (has extras) } [ExtraInfo][key:value][download_totalsize:494948][download_cursize:444787][download_status:0]
D/S4URC   ( 3858): [SDK] [java.io.File] [Constructor] [FilePath][String] [/storage/sdcard0/Android/data/55AD283AA40/5D55A.28.new.data.3858]
D/S4URC   ( 3858): [SDK] [java.io.File] [renameTo] [FilePath][String] [/storage/sdcard0/Android/data/55AD283AA40/5D55A.28.new.data.3858.temp] [DesFile][/storage/sdcard0/Android/data/55AD283AA40/5D55A.28.new.data.3858]
D/S4URC   ( 3858): [SDK] [android.content.Intent] [Constructor] [IntentInfo][String] [download_action_3858_5D55A.28.new.data.3858]
D/S4URC   ( 3858): [SDK] [android.content.ContextWrapper] [sendBroadcast] [Intent] Intent { act=download_action_3858_5D55A.28.new.data.3858 (has extras) } [ExtraInfo][key:value][download_totalsize:494948][download_cursize:494948][download_status:1][download_exstr:null]
D/S4URC   ( 3858): [SDK] [java.io.File] [Constructor] [FilePath][String] [/storage/sdcard0]
D/S4URC   ( 3858): [SDK] [java.io.File] [Constructor] [FilePath][String] [/storage/sdcard1]
D/S4URC   ( 3858): [SDK] [java.io.File] [Constructor] [FilePath][String] [/storage/usb2host]
D/S4URC   ( 3858): [SDK] [java.io.File] [Constructor] [FilePath][String] [/storage/usb3device]
D/S4URC   ( 3858): [SDK] [java.io.File] [Constructor] [FilePath][String] [/storage/usb3host]
D/S4URC   ( 3858): [SDK] [android.os.Environment] [getExternalStorageState] [ExternalStorageState][String] [mounted]
D/S4URC   ( 3858): [SDK] [java.io.File] [getPath] [FilePath][String] [/storage/sdcard0]
D/S4URC   ( 3858): [SDK] [android.os.Environment] [getExternalStorageDirectory] [DirectoryPath][String] [/storage/sdcard0]
D/S4URC   ( 3858): [SDK] [java.io.File] [getPath] [FilePath][String] [/storage/sdcard0]
D/S4URC   ( 3858): [SDK] [android.os.Environment] [getExternalStorageDirectory] [DirectoryPath][String] [/storage/sdcard0]
D/S4URC   ( 3858): [SDK] [java.io.File] [getPath] [FilePath][String] [/storage/sdcard0]
D/S4URC   ( 3858): [SDK] [java.io.File] [Constructor] [FilePath][String] [/storage/sdcard0/]
D/S4URC   ( 3858): [SDK] [java.io.File] [exists] [FilePath][String] [/storage/sdcard0]
D/S4URC   ( 3858): [SDK] [java.io.File] [isDirectory] [FilePath][String] [/storage/sdcard0]
D/S4URC   ( 3858): [SDK] [java.io.File] [Constructor] [FilePath][String] [/storage/sdcard0/Android/data/55AD283AA40/5D55A.28.new.data.3858]
D/S4URC   ( 3858): [SDK] [java.io.File] [exists] [FilePath][String] [/storage/sdcard0/Android/data/55AD283AA40/5D55A.28.new.data.3858]
D/S4URC   ( 3858): [SDK] [java.io.File] [getPath] [FilePath][String] [/storage/sdcard0/Android/data/55AD283AA40/5D55A.28.new.data.3858]
D/S4URC   ( 3858): [SDK] [java.io.File] [Constructor] [FilePath][String] [/storage/sdcard0/Android/data/55AD283AA40/5D55A.28.new.data.3858]
D/S4URC   ( 3858): [SDK] [java.io.File] [Constructor] [FilePath][String] [/storage/sdcard0]
D/S4URC   ( 3858): [SDK] [java.io.File] [Constructor] [FilePath][String] [/storage/sdcard1]
D/S4URC   ( 3858): [SDK] [java.io.File] [Constructor] [FilePath][String] [/storage/usb2host]
D/S4URC   ( 3858): [SDK] [java.io.File] [Constructor] [FilePath][String] [/storage/usb3device]
D/S4URC   ( 3858): [SDK] [java.io.File] [Constructor] [FilePath][String] [/storage/usb3host]
D/S4URC   ( 3858): [SDK] [android.os.Environment] [getExternalStorageState] [ExternalStorageState][String] [mounted]
D/S4URC   ( 3858): [SDK] [java.io.File] [getPath] [FilePath][String] [/storage/sdcard0]
D/S4URC   ( 3858): [SDK] [android.os.Environment] [getExternalStorageDirectory] [DirectoryPath][String] [/storage/sdcard0]
D/S4URC   ( 3858): [SDK] [java.io.File] [getPath] [FilePath][String] [/storage/sdcard0]
D/S4URC   ( 3858): [SDK] [android.os.Environment] [getExternalStorageDirectory] [DirectoryPath][String] [/storage/sdcard0]
D/S4URC   ( 3858): [SDK] [java.io.File] [getPath] [FilePath][String] [/storage/sdcard0]
D/S4URC   ( 3858): [SDK] [java.io.File] [Constructor] [FilePath][String] [/storage/sdcard0/]
D/S4URC   ( 3858): [SDK] [java.io.File] [exists] [FilePath][String] [/storage/sdcard0]
D/S4URC   ( 3858): [SDK] [java.io.File] [isDirectory] [FilePath][String] [/storage/sdcard0]
D/S4URC   ( 3858): [SDK] [java.io.File] [Constructor] [FilePath][String] [/storage/sdcard0/Android/data/55AD283AA40/5D55A.28]
D/S4URC   ( 3858): [SDK] [java.io.File] [exists] [FilePath][String] [/storage/sdcard0/Android/data/55AD283AA40/5D55A.28]
D/S4URC   ( 3982): [SDK] [android.content.Intent] [Constructor] [IntentInfo][String] [download_action_3982_5D55A.28.new.data.3982]
D/S4URC   ( 3982): [SDK] [android.content.ContextWrapper] [sendBroadcast] [Intent] Intent { act=download_action_3982_5D55A.28.new.data.3982 (has extras) } [ExtraInfo][key:value][download_totalsize:494948][download_cursize:450627][download_status:0]
D/S4URC   ( 3982): [SDK] [java.io.File] [Constructor] [FilePath][String] [/storage/sdcard0/Android/data/55AD283AA40/5D55A.28.new.data.3982]
D/S4URC   ( 3982): [SDK] [java.io.File] [renameTo] [FilePath][String] [/storage/sdcard0/Android/data/55AD283AA40/5D55A.28.new.data.3982.temp] [DesFile][/storage/sdcard0/Android/data/55AD283AA40/5D55A.28.new.data.3982]
D/S4URC   ( 3982): [SDK] [android.content.Intent] [Constructor] [IntentInfo][String] [download_action_3982_5D55A.28.new.data.3982]
D/S4URC   ( 3982): [SDK] [android.content.ContextWrapper] [sendBroadcast] [Intent] Intent { act=download_action_3982_5D55A.28.new.data.3982 (has extras) } [ExtraInfo][key:value][download_totalsize:494948][download_cursize:494948][download_status:1][download_exstr:null]
D/S4URC   ( 3982): [SDK] [java.io.File] [Constructor] [FilePath][String] [/storage/sdcard0]
D/S4URC   ( 3982): [SDK] [java.io.File] [Constructor] [FilePath][String] [/storage/sdcard1]
D/S4URC   ( 3982): [SDK] [java.io.File] [Constructor] [FilePath][String] [/storage/usb2host]
D/S4URC   ( 3982): [SDK] [java.io.File] [Constructor] [FilePath][String] [/storage/usb3device]
D/S4URC   ( 3982): [SDK] [java.io.File] [Constructor] [FilePath][String] [/storage/usb3host]
D/S4URC   ( 3982): [SDK] [android.os.Environment] [getExternalStorageState] [ExternalStorageState][String] [mounted]
D/S4URC   ( 3982): [SDK] [java.io.File] [getPath] [FilePath][String] [/storage/sdcard0]
D/S4URC   ( 3982): [SDK] [android.os.Environment] [getExternalStorageDirectory] [DirectoryPath][String] [/storage/sdcard0]
D/S4URC   ( 3982): [SDK] [java.io.File] [getPath] [FilePath][String] [/storage/sdcard0]
D/S4URC   ( 3982): [SDK] [android.os.Environment] [getExternalStorageDirectory] [DirectoryPath][String] [/storage/sdcard0]
D/S4URC   ( 3982): [SDK] [java.io.File] [Constructor] [FilePath][String] [/storage/sdcard0/]
D/S4URC   ( 3982): [SDK] [java.io.File] [exists] [FilePath][String] [/storage/sdcard0]
D/S4URC   ( 3982): [SDK] [java.io.File] [isDirectory] [FilePath][String] [/storage/sdcard0]
D/S4URC   ( 3982): [SDK] [java.io.File] [Constructor] [FilePath][String] [/storage/sdcard0/Android/data/55AD283AA40/5D55A.28.new.data.3982]
D/S4URC   ( 3982): [SDK] [java.io.File] [exists] [FilePath][String] [/storage/sdcard0/Android/data/55AD283AA40/5D55A.28.new.data.3982]
D/S4URC   ( 3982): [SDK] [java.io.File] [getPath] [FilePath][String] [/storage/sdcard0/Android/data/55AD283AA40/5D55A.28.new.data.3982]
D/S4URC   ( 3982): [SDK] [java.io.File] [Constructor] [FilePath][String] [/storage/sdcard0/Android/data/55AD283AA40/5D55A.28.new.data.3982]
D/S4URC   ( 3982): [SDK] [java.io.File] [Constructor] [FilePath][String] [/storage/sdcard0]
D/S4URC   ( 3982): [SDK] [java.io.File] [Constructor] [FilePath][String] [/storage/sdcard1]
D/S4URC   ( 3982): [SDK] [java.io.File] [Constructor] [FilePath][String] [/storage/usb2host]
D/S4URC   ( 3982): [SDK] [java.io.File] [Constructor] [FilePath][String] [/storage/usb3device]
D/S4URC   ( 3982): [SDK] [java.io.File] [Constructor] [FilePath][String] [/storage/usb3host]
D/S4URC   ( 3982): [SDK] [android.os.Environment] [getExternalStorageState] [ExternalStorageState][String] [mounted]
D/S4URC   ( 3982): [SDK] [java.io.File] [getPath] [FilePath][String] [/storage/sdcard0]
D/S4URC   ( 3982): [SDK] [android.os.Environment] [getExternalStorageDirectory] [DirectoryPath][String] [/storage/sdcard0]
D/S4URC   ( 3982): [SDK] [java.io.File] [getPath] [FilePath][String] [/storage/sdcard0]
D/S4URC   ( 3982): [SDK] [android.os.Environment] [getExternalStorageDirectory] [DirectoryPath][String] [/storage/sdcard0]
D/S4URC   ( 3982): [SDK] [java.io.File] [Constructor] [FilePath][String] [/storage/sdcard0/]
D/S4URC   ( 3982): [SDK] [java.io.File] [exists] [FilePath][String] [/storage/sdcard0]
D/S4URC   ( 3982): [SDK] [java.io.File] [isDirectory] [FilePath][String] [/storage/sdcard0]
D/S4URC   ( 3982): [SDK] [java.io.File] [Constructor] [FilePath][String] [/storage/sdcard0/Android/data/55AD283AA40/5D55A.28]
D/S4URC   ( 3982): [SDK] [java.io.File] [exists] [FilePath][String] [/storage/sdcard0/Android/data/55AD283AA40/5D55A.28]
D/S4URC   ( 3982): [SDK] [java.io.File] [Constructor] [FilePath][String] [/storage/sdcard0]
D/S4URC   ( 3982): [SDK] [java.io.File] [Constructor] [FilePath][String] [/storage/sdcard1]
D/S4URC   ( 3982): [SDK] [java.io.File] [Constructor] [FilePath][String] [/storage/usb2host]
D/S4URC   ( 3982): [SDK] [java.io.File] [Constructor] [FilePath][String] [/storage/usb3device]
D/S4URC   ( 3982): [SDK] [java.io.File] [Constructor] [FilePath][String] [/storage/usb3host]
D/S4URC   ( 3982): [SDK] [android.os.Environment] [getExternalStorageState] [ExternalStorageState][String] [mounted]
D/S4URC   ( 3982): [SDK] [java.io.File] [getPath] [FilePath][String] [/storage/sdcard0]
D/S4URC   ( 3982): [SDK] [android.os.Environment] [getExternalStorageDirectory] [DirectoryPath][String] [/storage/sdcard0]
D/S4URC   ( 3982): [SDK] [java.io.File] [getPath] [FilePath][String] [/storage/sdcard0]
D/S4URC   ( 3982): [SDK] [android.os.Environment] [getExternalStorageDirectory] [DirectoryPath][String] [/storage/sdcard0]
D/S4URC   ( 3982): [SDK] [java.io.File] [Constructor] [FilePath][String] [/storage/sdcard0/]
D/S4URC   ( 3982): [SDK] [java.io.File] [exists] [FilePath][String] [/storage/sdcard0]
D/S4URC   ( 3982): [SDK] [java.io.File] [isDirectory] [FilePath][String] [/storage/sdcard0]
D/S4URC   ( 3982): [SDK] [java.io.File] [Constructor] [FilePath][String] [/storage/sdcard0/Android/data/55AD283AA40/5D55A.28]
D/S4URC   ( 3982): [SDK] [java.io.File] [renameTo] [FilePath][String] [/storage/sdcard0/Android/data/55AD283AA40/5D55A.28.new.data.3982] [DesFile][/storage/sdcard0/Android/data/55AD283AA40/5D55A.28]
D/S4URC   ( 3982): [SDK] [java.io.File] [Constructor] [FilePath][String] [/storage/sdcard0]
D/S4URC   ( 3982): [SDK] [java.io.File] [Constructor] [FilePath][String] [/storage/sdcard1]
D/S4URC   ( 3982): [SDK] [java.io.File] [Constructor] [FilePath][String] [/storage/usb2host]
D/S4URC   ( 3982): [SDK] [java.io.File] [Constructor] [FilePath][String] [/storage/usb3device]
D/S4URC   ( 3982): [SDK] [java.io.File] [Constructor] [FilePath][String] [/storage/usb3host]
D/S4URC   ( 3982): [SDK] [android.os.Environment] [getExternalStorageState] [ExternalStorageState][String] [mounted]
D/S4URC   ( 3982): [SDK] [java.io.File] [getPath] [FilePath][String] [/storage/sdcard0]
D/S4URC   ( 3982): [SDK] [android.os.Environment] [getExternalStorageDirectory] [DirectoryPath][String] [/storage/sdcard0]
D/S4URC   ( 3982): [SDK] [java.io.File] [getPath] [FilePath][String] [/storage/sdcard0]
D/S4URC   ( 3982): [SDK] [android.os.Environment] [getExternalStorageDirectory] [DirectoryPath][String] [/storage/sdcard0]
D/S4URC   ( 3982): [SDK] [java.io.File] [Constructor] [FilePath][String] [/storage/sdcard0/]
D/S4URC   ( 3982): [SDK] [java.io.File] [exists] [FilePath][String] [/storage/sdcard0]
D/S4URC   ( 3982): [SDK] [java.io.File] [isDirectory] [FilePath][String] [/storage/sdcard0]
D/S4URC   ( 3982): [SDK] [java.io.File] [Constructor] [FilePath][String] [/storage/sdcard0/Android/data/55AD283AA40/5D55A.28]
D/S4URC   ( 3982): [SDK] [java.io.File] [exists] [FilePath][String] [/storage/sdcard0/Android/data/55AD283AA40/5D55A.28]
D/S4URC   ( 3982): [SDK] [java.io.File] [isDirectory] [FilePath][String] [/storage/sdcard0/Android/data/55AD283AA40/5D55A.28]
D/S4URC   ( 3982): [SDK] [java.io.File] [Constructor] [FilePath][String] [/storage/sdcard0/Android/data/55AD283AA40/5D55A.3982.jar]
D/S4URC   ( 3982): [SDK] [java.io.File] [exists] [FilePath][String] [/storage/sdcard0/Android/data/55AD283AA40/5D55A.3982.jar]
D/S4URC   ( 3982): [SDK] [java.io.File] [exists] [FilePath][String] [/storage/sdcard0/Android/data/55AD283AA40/5D55A.28]
D/S4URC   ( 3982): [SDK] [java.io.File] [exists] [FilePath][String] [/storage/sdcard0/Android/data/55AD283AA40/5D55A.3982.jar]
D/S4URC   ( 3982): [SDK] [java.io.File] [getParent] [FilePath][String] [/storage/sdcard0/Android/data/55AD283AA40/5D55A.3982.jar]
D/S4URC   ( 3982): [SDK] [java.io.File] [Constructor] [FilePath][String] [/storage/sdcard0/Android/data/55AD283AA40]
D/S4URC   ( 3982): [SDK] [java.io.File] [exists] [FilePath][String] [/storage/sdcard0/Android/data/55AD283AA40]
D/S4URC   ( 3982): [SDK] [java.io.File] [isDirectory] [FilePath][String] [/storage/sdcard0/Android/data/55AD283AA40]
D/S4URC   ( 3982): [SDK] [java.io.File] [getPath] [FilePath][String] [/storage/sdcard0/Android/data/55AD283AA40/5D55A.28]
D/S4URC   ( 3982): [SDK] [java.io.File] [getPath] [FilePath][String] [/storage/sdcard0/Android/data/55AD283AA40/5D55A.3982.jar]
D/S4URC   ( 3982): [SDK] [java.io.File] [exists] [FilePath][String] [/storage/sdcard0/Android/data/55AD283AA40/5D55A.28]
D/S4URC   ( 3982): [SDK] [java.io.File] [exists] [FilePath][String] [/storage/sdcard0/Android/data/55AD283AA40/5D55A.3982.jar]
D/S4URC   ( 3982): [SDK] [java.io.File] [getPath] [FilePath][String] [/data/data/org.exception.selfreproach]
D/S4URC   ( 3982): [SDK] [java.io.File] [exists] [FilePath][String] [/data/data/org.exception.selfreproach/app_dex_zplugin]
D/S4URC   ( 3982): [SDK] [java.io.File] [mkdir] [FilePath][String] [/data/data/org.exception.selfreproach/app_dex_zplugin]
D/S4URC   ( 3982): [SDK] [java.io.File] [getPath] [FilePath][String] [/data/data/org.exception.selfreproach/app_dex_zplugin]
D/S4URC   ( 3982): [SDK] [dalvik.system.DexClassLoader] [Constructor] [DexPath][String] [/storage/sdcard0/Android/data/55AD283AA40/5D55A.3982.jar] [NDKPath][String] [null]
D/S4URC   ( 3982): [SDK] [java.io.File] [Constructor] [FilePath][String] [/data/data/org.exception.selfreproach/app_dex_zplugin]
D/S4URC   ( 3982): [SDK] [dalvik.system.BaseDexClassLoader] [Constructor] [DexPath][String] [/storage/sdcard0/Android/data/55AD283AA40/5D55A.3982.jar] [NDKPath][String] [null]
D/S4URC   ( 3982): [SDK] [java.io.File] [exists] [FilePath][String] [/data/data/org.exception.selfreproach/app_dex_zplugin]
D/S4URC   ( 3982): [SDK] [java.io.File] [canRead] [FilePath][String] [/data/data/org.exception.selfreproach/app_dex_zplugin]
D/S4URC   ( 3982): [SDK] [java.io.File] [canWrite] [FilePath][String] [/data/data/org.exception.selfreproach/app_dex_zplugin]
D/S4URC   ( 3982): [SDK] [java.io.File] [Constructor] [FilePath][String] [/storage/sdcard0/Android/data/55AD283AA40/5D55A.3982.jar]
D/S4URC   ( 3982): [SDK] [java.io.File] [getName] [FilePath][String] [/storage/sdcard0/Android/data/55AD283AA40/5D55A.3982.jar]
D/S4URC   ( 3982): [SDK] [java.io.File] [isDirectory] [FilePath][String] [/storage/sdcard0/Android/data/55AD283AA40/5D55A.3982.jar]
D/S4URC   ( 3982): [SDK] [java.io.File] [isFile] [FilePath][String] [/storage/sdcard0/Android/data/55AD283AA40/5D55A.3982.jar]
D/S4URC   ( 3982): [SDK] [java.io.File] [getName] [FilePath][String] [/storage/sdcard0/Android/data/55AD283AA40/5D55A.3982.jar]
D/S4URC   ( 3982): [SDK] [java.io.File] [getPath] [FilePath][String] [/data/data/org.exception.selfreproach/app_dex_zplugin]
D/S4URC   ( 3982): [SDK] [java.io.File] [getPath] [FilePath][String] [/data/data/org.exception.selfreproach/app_dex_zplugin/5D55A.3982.dex]
D/S4URC   ( 3982): [SDK] [java.io.File] [getPath] [FilePath][String] [/storage/sdcard0/Android/data/55AD283AA40/5D55A.3982.jar]
D/S4URC   ( 3982): [SDK] [java.io.File] [Constructor] [FilePath][String] [/data/data/org.exception.selfreproach/app_dex_zplugin/5D55A.3982.dex]
D/S4URC   ( 3982): [SDK] [java.io.File] [getParent] [FilePath][String] [/data/data/org.exception.selfreproach/app_dex_zplugin/5D55A.3982.dex]
D/S4URC   ( 3982): [SDK] [dalvik.system.DexFile] [openDexFile] [DexPath][String] [/storage/sdcard0/Android/data/55AD283AA40/5D55A.3982.jar]
D/S4URC   ( 3982): [SDK] [java.io.File] [Constructor] [FilePath][String] [/storage/sdcard0/Android/data/55AD283AA40/5D55A.3982.jar]
D/S4URC   ( 3982): [SDK] [java.io.File] [Constructor] [FilePath][String] [/data/data/org.exception.selfreproach/app_dex_zplugin/5D55A.3982.dex]
D/S4URC   ( 3982): [SDK] [java.io.File] [Constructor] [FilePath][String] [/vendor/lib]
D/S4URC   ( 3982): [SDK] [java.io.File] [Constructor] [FilePath][String] [/system/lib]
D/S4URC   ( 3982): [SDK] [java.io.File] [exists] [FilePath][String] [/data/data/org.exception.selfreproach/app_dex_zplugin]
D/S4URC   ( 3982): [SDK] [java.io.File] [isFile] [FilePath][String] [/data/data/org.exception.selfreproach/app_dex_zplugin]
D/S4URC   ( 3982): [SDK] [java.io.File] [isDirectory] [FilePath][String] [/data/data/org.exception.selfreproach/app_dex_zplugin]
D/S4URC   ( 3982): [SDK] [java.io.File] [listFiles] [FilePath][String] [/data/data/org.exception.selfreproach/app_dex_zplugin]
D/S4URC   ( 3982): [SDK] [java.io.File] [list] [FilePath][String] [/data/data/org.exception.selfreproach/app_dex_zplugin]
D/S4URC   ( 3982): [SDK] [java.io.File] [getPath] [FilePath][String] [/data/data/org.exception.selfreproach/app_dex_zplugin]
D/S4URC   ( 3982): [SDK] [java.io.File] [exists] [FilePath][String] [/data/data/org.exception.selfreproach/app_dex_zplugin/5D55A.3982.dex]
D/S4URC   ( 3982): [SDK] [java.io.File] [isFile] [FilePath][String] [/data/data/org.exception.selfreproach/app_dex_zplugin/5D55A.3982.dex]
D/S4URC   ( 3982): [SDK] [java.io.File] [delete] [FilePath][String] [/data/data/org.exception.selfreproach/app_dex_zplugin/5D55A.3982.dex]
D/S4URC   ( 3982): [SDK] [java.io.File] [delete] [FilePath][String] [/data/data/org.exception.selfreproach/app_dex_zplugin]
D/S4URC   ( 3982): [SDK] [java.io.File] [delete] [FilePath][String] [/storage/sdcard0/Android/data/55AD283AA40/5D55A.3982.jar]
D/S4URC   ( 3982): [SDK] [android.content.Intent] [Constructor] [IntentInfo][String] [miniSDK.zplugin.loadresult]
D/S4URC   ( 3982): [SDK] [android.content.ContextWrapper] [sendBroadcast] [Intent] Intent { act=miniSDK.zplugin.loadresult (has extras) } [ExtraInfo][key:value][result:0]
D/S4URC   ( 3982): [SDK] [java.io.File] [Constructor] [FilePath][String] [/storage/sdcard0]
D/S4URC   ( 3982): [SDK] [java.io.File] [Constructor] [FilePath][String] [/storage/sdcard1]
D/S4URC   ( 3982): [SDK] [java.io.File] [Constructor] [FilePath][String] [/storage/usb2host]
D/S4URC   ( 3982): [SDK] [java.io.File] [Constructor] [FilePath][String] [/storage/usb3device]
D/S4URC   ( 3982): [SDK] [java.io.File] [Constructor] [FilePath][String] [/storage/usb3host]
D/S4URC   ( 3982): [SDK] [android.os.Environment] [getExternalStorageState] [ExternalStorageState][String] [mounted]
D/S4URC   ( 3982): [SDK] [java.io.File] [getPath] [FilePath][String] [/storage/sdcard0]
D/S4URC   ( 3982): [SDK] [android.os.Environment] [getExternalStorageDirectory] [DirectoryPath][String] [/storage/sdcard0]
D/S4URC   ( 3982): [SDK] [java.io.File] [getPath] [FilePath][String] [/storage/sdcard0]
D/S4URC   ( 3982): [SDK] [android.os.Environment] [getExternalStorageDirectory] [DirectoryPath][String] [/storage/sdcard0]
D/S4URC   ( 3982): [SDK] [java.io.File] [Constructor] [FilePath][String] [/storage/sdcard0/]
D/S4URC   ( 3982): [SDK] [java.io.File] [exists] [FilePath][String] [/storage/sdcard0]
D/S4URC   ( 3982): [SDK] [java.io.File] [isDirectory] [FilePath][String] [/storage/sdcard0]
D/S4URC   ( 3982): [SDK] [java.io.File] [Constructor] [FilePath][String] [/storage/sdcard0]
D/S4URC   ( 3982): [SDK] [java.io.File] [Constructor] [FilePath][String] [/storage/sdcard1]
D/S4URC   ( 3982): [SDK] [java.io.File] [Constructor] [FilePath][String] [/storage/usb2host]
D/S4URC   ( 3982): [SDK] [java.io.File] [Constructor] [FilePath][String] [/storage/usb3device]
D/S4URC   ( 3982): [SDK] [java.io.File] [Constructor] [FilePath][String] [/storage/usb3host]
D/S4URC   ( 3982): [SDK] [android.os.Environment] [getExternalStorageState] [ExternalStorageState][String] [mounted]
D/S4URC   ( 3982): [SDK] [java.io.File] [getPath] [FilePath][String] [/storage/sdcard0]
D/S4URC   ( 3982): [SDK] [android.os.Environment] [getExternalStorageDirectory] [DirectoryPath][String] [/storage/sdcard0]
D/S4URC   ( 3982): [SDK] [java.io.File] [getPath] [FilePath][String] [/storage/sdcard0]
D/S4URC   ( 3982): [SDK] [android.os.Environment] [getExternalStorageDirectory] [DirectoryPath][String] [/storage/sdcard0]
D/S4URC   ( 3982): [SDK] [java.io.File] [Constructor] [FilePath][String] [/storage/sdcard0/]
D/S4URC   ( 3982): [SDK] [java.io.File] [exists] [FilePath][String] [/storage/sdcard0]
D/S4URC   ( 3982): [SDK] [java.io.File] [isDirectory] [FilePath][String] [/storage/sdcard0]
D/S4URC   ( 3982): [SDK] [java.io.File] [Constructor] [FilePath][String] [/storage/sdcard0/Android/data/55AD283AA40/5D55A.28]
D/S4URC   ( 3982): [SDK] [java.io.File] [exists] [FilePath][String] [/storage/sdcard0/Android/data/55AD283AA40/5D55A.28]
D/S4URC   ( 3982): [SDK] [java.io.File] [Constructor] [FilePath][String] [/storage/sdcard0/Android/data/55AD283AA40/5D55A.28]
D/S4URC   ( 3982): [SDK] [java.io.File] [Constructor] [FilePath][String] [/storage/sdcard0]
D/S4URC   ( 3982): [SDK] [java.io.File] [Constructor] [FilePath][String] [/storage/sdcard1]
D/S4URC   ( 3982): [SDK] [java.io.File] [Constructor] [FilePath][String] [/storage/usb2host]
D/S4URC   ( 3982): [SDK] [java.io.File] [Constructor] [FilePath][String] [/storage/usb3device]
D/S4URC   ( 3982): [SDK] [java.io.File] [Constructor] [FilePath][String] [/storage/usb3host]
D/S4URC   ( 3982): [SDK] [android.os.Environment] [getExternalStorageState] [ExternalStorageState][String] [mounted]
D/S4URC   ( 3982): [SDK] [java.io.File] [getPath] [FilePath][String] [/storage/sdcard0]
D/S4URC   ( 3982): [SDK] [android.os.Environment] [getExternalStorageDirectory] [DirectoryPath][String] [/storage/sdcard0]
D/S4URC   ( 3982): [SDK] [java.io.File] [canRead] [FilePath][String] [/storage/sdcard0]
D/S4URC   ( 3982): [SDK] [java.io.File] [canWrite] [FilePath][String] [/storage/sdcard0]
D/S4URC   ( 3982): [SDK] [java.io.File] [getPath] [FilePath][String] [/storage/sdcard0]
D/S4URC   ( 3982): [SDK] [android.os.Environment] [getExternalStorageDirectory] [DirectoryPath][String] [/storage/sdcard0]
D/S4URC   ( 3982): [SDK] [java.io.File] [Constructor] [FilePath][String] [/storage/sdcard0/minisdk.env]
D/S4URC   ( 3982): [SDK] [java.io.File] [exists] [FilePath][String] [/storage/sdcard0/minisdk.env]
D/S4URC   ( 3982): [SDK] [android.content.ContextWrapper] [registerReceiver][IntentFilter][android.net.conn.CONNECTIVITY_CHANGE,
D/S4URC   ( 3982): [SDK] [java.io.File] [Constructor] [FilePath][String] [/storage/sdcard0]
D/S4URC   ( 3982): [SDK] [java.io.File] [Constructor] [FilePath][String] [/storage/sdcard1]
D/S4URC   ( 3982): [SDK] [java.io.File] [Constructor] [FilePath][String] [/storage/usb2host]
D/S4URC   ( 3982): [SDK] [java.io.File] [Constructor] [FilePath][String] [/storage/usb3device]
D/S4URC   ( 3982): [SDK] [java.io.File] [Constructor] [FilePath][String] [/storage/usb3host]
D/S4URC   ( 3982): [SDK] [android.os.Environment] [getExternalStorageState] [ExternalStorageState][String] [mounted]
D/S4URC   ( 3982): [SDK] [java.io.File] [getPath] [FilePath][String] [/storage/sdcard0]
D/S4URC   ( 3982): [SDK] [android.os.Environment] [getExternalStorageDirectory] [DirectoryPath][String] [/storage/sdcard0]
D/S4URC   ( 3982): [SDK] [java.io.File] [getPath] [FilePath][String] [/storage/sdcard0]
D/S4URC   ( 3982): [SDK] [android.os.Environment] [getExternalStorageDirectory] [DirectoryPath][String] [/storage/sdcard0]
D/S4URC   ( 3982): [SDK] [java.io.File] [Constructor] [FilePath][String] [/storage/sdcard0/]
