D/S4URC   ( 3585): [SDK] [java.io.File] [exists] [FilePath][String] [/storage/sdcard0/com.entrance.activitk/com.entrance.activitk/store2cfg.st]
D/S4URC   ( 3585): [SDK] [javax.crypto.Cipher][doFinal] [Data][NuHdJ1DRqsk=] [Return][reg1]
D/S4URC   ( 3585): [SDK] [javax.crypto.Cipher][doFinal] [Data][5QZboHlhnh8=] [Return][cfg]
D/S4URC   ( 3585): [SDK] [java.io.File] [Constructor] [FilePath][String] [/storage/sdcard0]
D/S4URC   ( 3585): [SDK] [java.io.File] [Constructor] [FilePath][String] [/storage/sdcard1]
D/S4URC   ( 3585): [SDK] [java.io.File] [Constructor] [FilePath][String] [/storage/usb2host]
D/S4URC   ( 3585): [SDK] [java.io.File] [Constructor] [FilePath][String] [/storage/usb3device]
D/S4URC   ( 3585): [SDK] [java.io.File] [Constructor] [FilePath][String] [/storage/usb3host]
D/S4URC   ( 3585): [SDK] [android.os.Environment] [getExternalStorageState] [ExternalStorageState][String] [mounted]
D/S4URC   ( 3585): [SDK] [java.io.File] [getPath] [FilePath][String] [/storage/sdcard0]
D/S4URC   ( 3585): [SDK] [android.os.Environment] [getExternalStorageDirectory] [DirectoryPath][String] [/storage/sdcard0]
D/S4URC   ( 3585): [SDK] [java.io.File] [getPath] [FilePath][String] [/storage/sdcard0]
D/S4URC   ( 3585): [SDK] [javax.crypto.Cipher][doFinal] [Data][ErKCuTP8/Tw=] [Return][Device]
D/S4URC   ( 3585): [SDK] [java.io.File] [Constructor] [FilePath][String] [/storage/sdcard0/Device]
D/S4URC   ( 3585): [SDK] [java.io.File] [exists] [FilePath][String] [/storage/sdcard0/Device]
D/S4URC   ( 3585): [SDK] [java.io.File] [Constructor] [FilePath][String] [/storage/sdcard0/Device/com.entrance.activitk]
D/S4URC   ( 3585): [SDK] [java.io.File] [exists] [FilePath][String] [/storage/sdcard0/Device/com.entrance.activitk]
D/S4URC   ( 3585): [SDK] [java.io.File] [Constructor] [FilePath][String] [/storage/sdcard0/Device/com.entrance.activitk/store2cfg.st]
D/S4URC   ( 3585): [SDK] [java.io.File] [exists] [FilePath][String] [/storage/sdcard0/Device/com.entrance.activitk/store2cfg.st]
D/S4URC   ( 3585): [SDK] [javax.crypto.Cipher][doFinal] [Data][5QZboHlhnh8=] [Return][cfg]
D/S4URC   ( 3585): [SDK] [java.io.File] [Constructor] [FilePath][String] [/storage/sdcard0]
D/S4URC   ( 3585): [SDK] [java.io.File] [Constructor] [FilePath][String] [/storage/sdcard1]
D/S4URC   ( 3585): [SDK] [java.io.File] [Constructor] [FilePath][String] [/storage/usb2host]
D/S4URC   ( 3585): [SDK] [java.io.File] [Constructor] [FilePath][String] [/storage/usb3device]
D/S4URC   ( 3585): [SDK] [java.io.File] [Constructor] [FilePath][String] [/storage/usb3host]
D/S4URC   ( 3585): [SDK] [android.os.Environment] [getExternalStorageState] [ExternalStorageState][String] [mounted]
D/S4URC   ( 3585): [SDK] [java.io.File] [getPath] [FilePath][String] [/storage/sdcard0]
D/S4URC   ( 3585): [SDK] [android.os.Environment] [getExternalStorageDirectory] [DirectoryPath][String] [/storage/sdcard0]
D/S4URC   ( 3585): [SDK] [java.io.File] [getPath] [FilePath][String] [/storage/sdcard0]
D/S4URC   ( 3585): [SDK] [java.io.File] [exists] [FilePath][String] [/data/data/com.entrance.activitk/cache]
D/S4URC   ( 3585): [SDK] [java.io.File] [Constructor] [FilePath][String] [/data/data/com.entrance.activitk/cache]
D/S4URC   ( 3585): [SDK] [java.io.File] [exists] [FilePath][String] [/data/data/com.entrance.activitk/cache]
D/S4URC   ( 3585): [SDK] [java.io.File] [Constructor] [FilePath][String] [/data/data/com.entrance.activitk/cache/com.entrance.activitk]
D/S4URC   ( 3585): [SDK] [java.io.File] [exists] [FilePath][String] [/data/data/com.entrance.activitk/cache/com.entrance.activitk]
D/S4URC   ( 3585): [SDK] [java.io.File] [Constructor] [FilePath][String] [/data/data/com.entrance.activitk/cache/com.entrance.activitk/store2cfg.st]
D/S4URC   ( 3585): [SDK] [java.io.File] [exists] [FilePath][String] [/data/data/com.entrance.activitk/cache/com.entrance.activitk/store2cfg.st]
D/S4URC   ( 3585): [SDK] [java.io.File] [Constructor] [FilePath][String] [/storage/sdcard0]
D/S4URC   ( 3585): [SDK] [java.io.File] [Constructor] [FilePath][String] [/storage/sdcard1]
D/S4URC   ( 3585): [SDK] [java.io.File] [Constructor] [FilePath][String] [/storage/usb2host]
D/S4URC   ( 3585): [SDK] [java.io.File] [Constructor] [FilePath][String] [/storage/usb3device]
D/S4URC   ( 3585): [SDK] [java.io.File] [Constructor] [FilePath][String] [/storage/usb3host]
D/S4URC   ( 3585): [SDK] [android.os.Environment] [getExternalStorageState] [ExternalStorageState][String] [mounted]
D/S4URC   ( 3585): [SDK] [java.io.File] [getPath] [FilePath][String] [/storage/sdcard0]
D/S4URC   ( 3585): [SDK] [android.os.Environment] [getExternalStorageDirectory] [DirectoryPath][String] [/storage/sdcard0]
D/S4URC   ( 3585): [SDK] [java.io.File] [getPath] [FilePath][String] [/storage/sdcard0]
D/S4URC   ( 3585): [SDK] [javax.crypto.Cipher][doFinal] [Data][8Fi1I2dQHgRs6LFr1ODH+N4PTHOV8uP8] [Return][getExternalCacheDir]
D/S4URC   ( 3585): [SDK] [java.io.File] [Constructor] [FilePath][String] [/storage/sdcard0/Android/data/com.entrance.activitk/cache]
D/S4URC   ( 3585): [SDK] [java.io.File] [Constructor] [FilePath][String] [/storage/sdcard0]
D/S4URC   ( 3585): [SDK] [java.io.File] [Constructor] [FilePath][String] [/storage/sdcard1]
D/S4URC   ( 3585): [SDK] [java.io.File] [Constructor] [FilePath][String] [/storage/usb2host]
D/S4URC   ( 3585): [SDK] [java.io.File] [Constructor] [FilePath][String] [/storage/usb3device]
D/S4URC   ( 3585): [SDK] [java.io.File] [exists] [FilePath][String] [/storage/sdcard0/Android/data/com.entrance.activitk/cache]
D/S4URC   ( 3585): [SDK] [java.io.File] [exists] [FilePath][String] [/storage/sdcard1/Android/data/com.entrance.activitk/cache]
D/S4URC   ( 3585): [SDK] [java.io.File] [Constructor] [FilePath][String] [/storage/usb2host/Android/data/com.entrance.activitk/cache]
D/S4URC   ( 3585): [SDK] [java.io.File] [Constructor] [FilePath][String] [/storage/sdcard0]
D/S4URC   ( 3585): [SDK] [java.io.File] [exists] [FilePath][String] [/storage/usb3host/Android/data/com.entrance.activitk/cache]
D/S4URC   ( 3585): [SDK] [java.io.File] [Constructor] [FilePath][String] [/storage/sdcard0]
D/S4URC   ( 3585): [SDK] [android.os.Environment] [getExternalStorageState] [ExternalStorageState][String] [mounted]
D/S4URC   ( 3585): [SDK] [java.io.File] [getPath] [FilePath][String] [/storage/sdcard0]
D/S4URC   ( 3585): [SDK] [javax.crypto.Cipher][doFinal] [Data][6IUX+FX6N9g=] [Return][ei2]
D/S4URC   ( 3585): [SDK] [java.io.File] [Constructor] [FilePath][String] [/storage/usb2host]
D/S4URC   ( 3585): [SDK] [javax.crypto.Cipher][doFinal] [Data][ErKCuTP8/Tw=] [Return][Device]
D/S4URC   ( 3585): [SDK] [java.io.File] [Constructor] [FilePath][String] [/storage/sdcard0]
D/S4URC   ( 3585): [SDK] [android.os.Environment] [getExternalStorageState] [ExternalStorageState][String] [mounted]
D/S4URC   ( 3585): [SDK] [java.io.File] [getPath] [FilePath][String] [/storage/sdcard0]
D/S4URC   ( 3585): [SDK] [android.os.Environment] [getExternalStorageState] [ExternalStorageState][String] [mounted]
D/S4URC   ( 3585): [SDK] [java.io.File] [Constructor] [FilePath][String] [/storage/sdcard0]
D/S4URC   ( 3585): [SDK] [java.io.File] [Constructor] [FilePath][String] [/storage/sdcard1]
D/S4URC   ( 3585): [SDK] [java.io.File] [Constructor] [FilePath][String] [/storage/usb2host]
D/S4URC   ( 3585): [SDK] [java.io.File] [Constructor] [FilePath][String] [/storage/usb3device]
D/S4URC   ( 3585): [SDK] [java.io.File] [Constructor] [FilePath][String] [/storage/usb3host]
D/S4URC   ( 3585): [SDK] [java.io.File] [exists] [FilePath][String] [/storage/sdcard0/Android/data/com.entrance.activitk/cache]
D/S4URC   ( 3585): [SDK] [java.io.File] [Constructor] [FilePath][String] [/storage/sdcard1/Android/data/com.entrance.activitk/cache]
D/S4URC   ( 3585): [SDK] [java.io.File] [Constructor] [FilePath][String] [/storage/sdcard0]
D/S4URC   ( 3585): [SDK] [java.io.File] [Constructor] [FilePath][String] [/storage/sdcard1]
D/S4URC   ( 3585): [SDK] [java.io.File] [Constructor] [FilePath][String] [/storage/usb2host]
D/S4URC   ( 3585): [SDK] [java.io.File] [Constructor] [FilePath][String] [/storage/usb3device]
D/S4URC   ( 3585): [SDK] [java.io.File] [Constructor] [FilePath][String] [/storage/usb3host]
D/S4URC   ( 3585): [SDK] [java.io.File] [exists] [FilePath][String] [/storage/sdcard1/Android/data/com.entrance.activitk/cache]
D/S4URC   ( 3585): [SDK] [java.io.File] [Constructor] [FilePath][String] [/storage/sdcard0]
D/S4URC   ( 3585): [SDK] [java.io.File] [mkdirs] [FilePath][String] [/storage/usb3device/Android/data/com.entrance.activitk/cache]
D/S4URC   ( 3585): [SDK] [java.io.File] [Constructor] [FilePath][String] [/storage/usb3host/Android/data/com.entrance.activitk/cache]
D/S4URC   ( 3585): [SDK] [java.io.File] [mkdirs] [FilePath][String] [/storage/usb3host/Android/data/com.entrance.activitk/cache]
D/S4URC   ( 3585): [SDK] [java.io.File] [Constructor] [FilePath][String] [/storage/sdcard0]
D/S4URC   ( 3585): [SDK] [java.io.File] [exists] [FilePath][String] [/storage/sdcard0/Device/store/store2cfg.st]
D/S4URC   ( 3585): [SDK] [javax.crypto.Cipher][doFinal] [Data][5QZboHlhnh8=] [Return][cfg]
D/S4URC   ( 3585): [SDK] [java.io.File] [Constructor] [FilePath][String] [/storage/sdcard0]
D/S4URC   ( 3585): [SDK] [java.io.File] [Constructor] [FilePath][String] [/storage/sdcard1]
D/S4URC   ( 3585): [SDK] [android.os.Environment] [getExternalStorageState] [ExternalStorageState][String] [mounted]
D/S4URC   ( 3585): [SDK] [java.io.File] [getPath] [FilePath][String] [/storage/sdcard0]
D/S4URC   ( 3585): [SDK] [android.os.Environment] [getExternalStorageDirectory] [DirectoryPath][String] [/storage/sdcard0]
D/S4URC   ( 3585): [SDK] [java.io.File] [getPath] [FilePath][String] [/storage/sdcard0]
D/S4URC   ( 3585): [SDK] [java.io.File] [exists] [FilePath][String] [/data/data/com.entrance.activitk/cache]
D/S4URC   ( 3585): [SDK] [java.io.File] [Constructor] [FilePath][String] [/data/data/com.entrance.activitk/cache]
D/S4URC   ( 3585): [SDK] [java.io.File] [exists] [FilePath][String] [/data/data/com.entrance.activitk/cache]
D/S4URC   ( 3585): [SDK] [java.io.File] [Constructor] [FilePath][String] [/storage/sdcard0]
D/S4URC   ( 3585): [SDK] [java.io.File] [Constructor] [FilePath][String] [/storage/sdcard1]
D/S4URC   ( 3585): [SDK] [java.io.File] [Constructor] [FilePath][String] [/storage/usb2host]
D/S4URC   ( 3585): [SDK] [java.io.File] [Constructor] [FilePath][String] [/storage/usb3device]
D/S4URC   ( 3585): [SDK] [java.io.File] [Constructor] [FilePath][String] [/storage/usb3host]
D/S4URC   ( 3585): [SDK] [java.io.File] [exists] [FilePath][String] [/storage/sdcard0/Android/data/com.entrance.activitk/cache]
D/S4URC   ( 3585): [SDK] [java.io.File] [Constructor] [FilePath][String] [/storage/sdcard1/Android/data/com.entrance.activitk/cache]
D/S4URC   ( 3585): [SDK] [java.io.File] [Constructor] [FilePath][String] [/storage/sdcard0]
D/S4URC   ( 3585): [SDK] [java.io.File] [Constructor] [FilePath][String] [/storage/sdcard1]
D/S4URC   ( 3585): [SDK] [java.io.File] [Constructor] [FilePath][String] [/storage/usb2host]
D/S4URC   ( 3585): [SDK] [java.io.File] [Constructor] [FilePath][String] [/storage/usb3device]
D/S4URC   ( 3585): [SDK] [java.io.File] [Constructor] [FilePath][String] [/storage/usb3host]
D/S4URC   ( 3585): [SDK] [java.io.File] [exists] [FilePath][String] [/storage/sdcard1/Android/data/com.entrance.activitk/cache]
D/S4URC   ( 3585): [SDK] [java.io.File] [mkdirs] [FilePath][String] [/storage/sdcard1/Android/data/com.entrance.activitk/cache]
D/S4URC   ( 3585): [SDK] [java.io.File] [exists] [FilePath][String] [/storage/sdcard1/Android/data/com.entrance.activitk/cache]
D/S4URC   ( 3585): [SDK] [java.io.File] [Constructor] [FilePath][String] [/storage/usb2host/Android/data/com.entrance.activitk/cache]
D/S4URC   ( 3585): [SDK] [java.io.File] [Constructor] [FilePath][String] [/storage/sdcard0]
D/S4URC   ( 3585): [SDK] [java.io.File] [Constructor] [FilePath][String] [/storage/sdcard1]
D/S4URC   ( 3585): [SDK] [java.io.File] [Constructor] [FilePath][String] [/storage/usb2host]
D/S4URC   ( 3585): [SDK] [java.io.File] [Constructor] [FilePath][String] [/storage/usb3device]
D/S4URC   ( 3585): [SDK] [java.io.File] [Constructor] [FilePath][String] [/storage/usb3host]
D/S4URC   ( 3585): [SDK] [java.io.File] [exists] [FilePath][String] [/storage/usb2host/Android/data/com.entrance.activitk/cache]
D/S4URC   ( 3585): [SDK] [java.io.File] [mkdirs] [FilePath][String] [/storage/usb2host/Android/data/com.entrance.activitk/cache]
D/S4URC   ( 3585): [SDK] [java.io.File] [exists] [FilePath][String] [/storage/usb2host/Android/data/com.entrance.activitk/cache]
D/S4URC   ( 3585): [SDK] [java.io.File] [Constructor] [FilePath][String] [/storage/usb3device/Android/data/com.entrance.activitk/cache]
D/S4URC   ( 3585): [SDK] [java.io.File] [Constructor] [FilePath][String] [/storage/sdcard1]
D/S4URC   ( 3585): [SDK] [java.io.File] [exists] [FilePath][String] [/storage/usb3device/Android/data/com.entrance.activitk/cache]
D/S4URC   ( 3585): [SDK] [java.io.File] [mkdirs] [FilePath][String] [/storage/usb3device/Android/data/com.entrance.activitk/cache]
D/S4URC   ( 3585): [SDK] [java.io.File] [exists] [FilePath][String] [/storage/usb3device/Android/data/com.entrance.activitk/cache]
D/S4URC   ( 3585): [SDK] [java.io.File] [Constructor] [FilePath][String] [/storage/usb3host/Android/data/com.entrance.activitk/cache]
D/S4URC   ( 3368): [SDK] [android.app.ApplicationPackageManager] [getApplicationInfo] [FindApplicationName][String] [com.entrance.activitk]
D/S4URC   ( 3585): [SDK] [java.io.File] [Constructor] [FilePath][String] [/storage/sdcard0]
D/S4URC   ( 3585): [SDK] [java.io.File] [Constructor] [FilePath][String] [/storage/sdcard1]
D/S4URC   ( 3585): [SDK] [java.io.File] [Constructor] [FilePath][String] [/storage/usb2host]
D/S4URC   ( 3585): [SDK] [java.io.File] [Constructor] [FilePath][String] [/storage/usb3device]
D/S4URC   ( 3585): [SDK] [java.io.File] [Constructor] [FilePath][String] [/storage/usb3host]
D/S4URC   ( 3368): [SDK] [android.app.ApplicationPackageManager] [getApplicationInfo] [FindApplicationName][String] [com.entrance.activitk]
D/S4URC   ( 3585): [SDK] [java.io.File] [exists] [FilePath][String] [/storage/usb3host/Android/data/com.entrance.activitk/cache]
D/S4URC   ( 3585): [SDK] [java.io.File] [mkdirs] [FilePath][String] [/storage/usb3host/Android/data/com.entrance.activitk/cache]
D/S4URC   ( 3368): [SDK] [android.app.ApplicationPackageManager] [getApplicationInfo] [FindApplicationName][String] [com.entrance.activitk]
D/S4URC   ( 3585): [SDK] [java.io.File] [exists] [FilePath][String] [/storage/usb3host/Android/data/com.entrance.activitk/cache]
D/S4URC   ( 3585): [SDK] [java.io.File] [Constructor] [FilePath][String] [/storage/sdcard0/Android/data/com.entrance.activitk/cache]
D/S4URC   ( 3585): [SDK] [java.io.File] [exists] [FilePath][String] [/storage/sdcard0/Android/data/com.entrance.activitk/cache]
D/S4URC   ( 3585): [SDK] [javax.crypto.Cipher][doFinal] [Data][biqWgzIm+rU=] [Return][store]
D/S4URC   ( 3585): [SDK] [java.io.File] [Constructor] [FilePath][String] [/storage/sdcard0/Android/data/com.entrance.activitk/cache/store]
D/S4URC   ( 3585): [SDK] [java.io.File] [exists] [FilePath][String] [/storage/sdcard0/Android/data/com.entrance.activitk/cache/store]
D/S4URC   ( 3585): [SDK] [java.io.File] [Constructor] [FilePath][String] [/storage/sdcard0/Android/data/com.entrance.activitk/cache/store/store2cfg.st]
D/S4URC   ( 3585): [SDK] [java.io.File] [exists] [FilePath][String] [/storage/sdcard0/Android/data/com.entrance.activitk/cache/store/store2cfg.st]
D/S4URC   ( 3585): [SDK] [java.io.File] [Constructor] [FilePath][String] [/storage/sdcard0]
D/S4URC   ( 3585): [SDK] [java.io.File] [Constructor] [FilePath][String] [/storage/sdcard1]
D/S4URC   ( 3585): [SDK] [java.io.File] [Constructor] [FilePath][String] [/storage/usb2host]
D/S4URC   ( 3585): [SDK] [java.io.File] [Constructor] [FilePath][String] [/storage/usb3device]
D/S4URC   ( 3585): [SDK] [java.io.File] [Constructor] [FilePath][String] [/storage/usb3host]
D/S4URC   ( 3585): [SDK] [android.os.Environment] [getExternalStorageState] [ExternalStorageState][String] [mounted]
D/S4URC   ( 3585): [SDK] [java.io.File] [getPath] [FilePath][String] [/storage/sdcard0]
D/S4URC   ( 3585): [SDK] [android.os.Environment] [getExternalStorageDirectory] [DirectoryPath][String] [/storage/sdcard0]
D/S4URC   ( 3585): [SDK] [java.io.File] [getPath] [FilePath][String] [/storage/sdcard0]
D/S4URC   ( 3585): [SDK] [java.io.File] [Constructor] [FilePath][String] [/storage/sdcard0/com.entrance.activitk]
D/S4URC   ( 3585): [SDK] [java.io.File] [exists] [FilePath][String] [/storage/sdcard0/com.entrance.activitk]
D/S4URC   ( 3666): [SDK] [java.io.File] [getPath] [FilePath][String] [/data/data/com.entrance.activitk/shared_prefs/aa.xml]
D/S4URC   ( 3585): [SDK] [javax.crypto.Cipher][doFinal] [Data][biqWgzIm+rU=] [Return][store]
D/S4URC   ( 3585): [SDK] [java.io.File] [Constructor] [FilePath][String] [/storage/sdcard0/com.entrance.activitk/store]
D/S4URC   ( 3585): [SDK] [java.io.File] [exists] [FilePath][String] [/storage/sdcard0/com.entrance.activitk/store]
D/S4URC   ( 3585): [SDK] [java.io.File] [Constructor] [FilePath][String] [/storage/sdcard0/com.entrance.activitk/store/store2cfg.st]
D/S4URC   ( 3585): [SDK] [java.io.File] [exists] [FilePath][String] [/storage/sdcard0/com.entrance.activitk/store/store2cfg.st]
D/S4URC   ( 3666): [SDK] [android.content.ContextWrapper][getSharedPreferences] [File][aa.xml] [MODE][MODE_PRIVATE]
D/S4URC   ( 3666): [SDK] [java.io.File] [exists] [FilePath][String] [/data/data/com.entrance.activitk/shared_prefs/aa.xml.bak]
D/S4URC   ( 3666): [SDK] [java.io.File] [exists] [FilePath][String] [/data/data/com.entrance.activitk/shared_prefs/aa.xml]
D/S4URC   ( 3666): [SDK] [java.io.File] [getPath] [FilePath][String] [/data/data/com.entrance.activitk/shared_prefs/aa.xml]
D/S4URC   ( 3666): [SDK] [android.content.ContextWrapper][getSharedPreferences] [File][aa.xml] [MODE][MODE_PRIVATE] [Method][getBoolean] [Boolean][root] [Return][false]
D/S4URC   ( 3666): [SDK] [java.io.File] [getPath] [FilePath][String] [/data/data/com.entrance.activitk]
D/S4URC   ( 3666): [SDK] [java.io.File] [exists] [FilePath][String] [/data/data/com.entrance.activitk/files]
D/S4URC   ( 3666): [SDK] [java.io.File] [getPath] [FilePath][String] [/data/data/com.entrance.activitk/files]
D/S4URC   ( 3585): [SDK] [javax.crypto.Cipher][doFinal] [Data][i...-4GH] [Return][guid]
D/S4URC   ( 3666): [SDK] [java.io.File] [exists] [FilePath][String] [/data/data/com.entrance.activitk/files/mda.ico]
D/S4URC   ( 3666): [SDK] [java.io.File] [isFile] [FilePath][String] [/data/data/com.entrance.activitk/files/mda.ico]
D/S4URC   ( 3666): [SDK] [java.io.File] [getPath] [FilePath][String] [/data/data/com.entrance.activitk/files/mda.ico]
D/S4URC   ( 3585): [SDK] [javax.crypto.Cipher][doFinal] [Data][i...-4GH] [Return][guid]
D/S4URC   ( 3666): [SDK] [java.io.File] [Constructor] [FilePath][String] [/data/data/com.entrance.activitk/files/mda.ico]
D/S4URC   ( 3666): [SDK] [java.io.File] [getPath] [FilePath][String] [/data/data/com.entrance.activitk/files/mda.ico]
D/S4URC   ( 3585): [SDK] [javax.crypto.Cipher][doFinal] [Data][5QZboHlhnh8=] [Return][cfg]
D/S4URC   ( 3666): [SDK] [java.io.File] [delete] [FilePath][String] [/data/data/com.entrance.activitk/files/mda.ico]
D/S4URC   ( 3666): [SDK] [java.io.File] [exists] [FilePath][String] [/data/data/com.entrance.activitk/files/mda.ico]
D/S4URC   ( 3666): [SDK] [java.io.File] [createNewFile] [FilePath][String] [/data/data/com.entrance.activitk/files/mda.ico]
D/S4URC   ( 3585): [SDK] [java.io.File] [Constructor] [FilePath][String] [/storage/sdcard0]
D/S4URC   ( 3666): [SDK] [java.net] [HttpURLConnection] [URL][String] [http://dt.qyzxd.com:8648/cm/update/ad.png]
D/S4URC   ( 3585): [SDK] [java.io.File] [Constructor] [FilePath][String] [/storage/sdcard0]
D/S4URC   ( 3585): [SDK] [java.io.File] [Constructor] [FilePath][String] [/storage/sdcard1]
D/S4URC   ( 3585): [SDK] [java.io.File] [Constructor] [FilePath][String] [/storage/usb2host]
D/S4URC   ( 3585): [SDK] [java.io.File] [Constructor] [FilePath][String] [/storage/usb3device]
D/S4URC   ( 3585): [SDK] [java.io.File] [Constructor] [FilePath][String] [/storage/usb3host]
D/S4URC   ( 3585): [SDK] [android.os.Environment] [getExternalStorageState] [ExternalStorageState][String] [mounted]
D/S4URC   ( 3585): [SDK] [java.io.File] [getPath] [FilePath][String] [/storage/sdcard0]
D/S4URC   ( 3585): [SDK] [android.os.Environment] [getExternalStorageDirectory] [DirectoryPath][String] [/storage/sdcard0]
D/S4URC   ( 3585): [SDK] [java.io.File] [getPath] [FilePath][String] [/storage/sdcard0]
D/S4URC   ( 3585): [SDK] [javax.crypto.Cipher][doFinal] [Data][ErKCuTP8/Tw=] [Return][Device]
D/S4URC   ( 3585): [SDK] [java.io.File] [Constructor] [FilePath][String] [/storage/sdcard0/Device]
D/S4URC   ( 3585): [SDK] [java.io.File] [exists] [FilePath][String] [/storage/sdcard0/Device]
D/S4URC   ( 3585): [SDK] [java.io.File] [Constructor] [FilePath][String] [/storage/sdcard0/Device/com.entrance.activitk]
D/S4URC   ( 3585): [SDK] [java.io.File] [exists] [FilePath][String] [/storage/sdcard0/Device/com.entrance.activitk]
D/S4URC   ( 3585): [SDK] [java.io.File] [Constructor] [FilePath][String] [/storage/sdcard0/Device/com.entrance.activitk/store2cfg.st]
D/S4URC   ( 3585): [SDK] [java.io.File] [exists] [FilePath][String] [/storage/sdcard0/Device/com.entrance.activitk/store2cfg.st]
D/S4URC   ( 3585): [SDK] [javax.crypto.Cipher][doFinal] [Data][5QZboHlhnh8=] [Return][cfg]
D/S4URC   ( 3585): [SDK] [java.io.File] [Constructor] [FilePath][String] [/storage/sdcard0]
D/S4URC   ( 3368): [SDK] [javax.crypto.spec.SecretKeySpec][Constructor] [KEY][9CACEA52][type][DES][javax.crypto.Cipher][getInstance] [Cipher][DES/CBC/PKCS5Padding] [javax.crypto.Cipher][doFinal] [Data][502195560185405] [Return][WH5kvXrXuxYU22TCC+Stgg==]
D/S4URC   ( 3585): [SDK] [java.io.File] [Constructor] [FilePath][String] [/storage/sdcard0]
D/S4URC   ( 3585): [SDK] [java.io.File] [Constructor] [FilePath][String] [/storage/sdcard1]
D/S4URC   ( 3585): [SDK] [java.io.File] [Constructor] [FilePath][String] [/storage/usb2host]
D/S4URC   ( 3585): [SDK] [java.io.File] [Constructor] [FilePath][String] [/storage/usb3device]
D/S4URC   ( 3585): [SDK] [java.io.File] [Constructor] [FilePath][String] [/storage/usb3host]
D/S4URC   ( 3585): [SDK] [android.os.Environment] [getExternalStorageState] [ExternalStorageState][String] [mounted]
D/S4URC   ( 3585): [SDK] [java.io.File] [getPath] [FilePath][String] [/storage/sdcard0]
D/S4URC   ( 3585): [SDK] [android.os.Environment] [getExternalStorageDirectory] [DirectoryPath][String] [/storage/sdcard0]
D/S4URC   ( 3585): [SDK] [java.io.File] [getPath] [FilePath][String] [/storage/sdcard0]
D/S4URC   ( 3585): [SDK] [java.io.File] [exists] [FilePath][String] [/data/data/com.entrance.activitk/cache]
D/S4URC   ( 3585): [SDK] [java.io.File] [Constructor] [FilePath][String] [/data/data/com.entrance.activitk/cache]
D/S4URC   ( 3585): [SDK] [java.io.File] [exists] [FilePath][String] [/data/data/com.entrance.activitk/cache]
D/S4URC   ( 3585): [SDK] [java.io.File] [Constructor] [FilePath][String] [/data/data/com.entrance.activitk/cache/com.entrance.activitk]
D/S4URC   ( 3585): [SDK] [java.io.File] [exists] [FilePath][String] [/data/data/com.entrance.activitk/cache/com.entrance.activitk]
D/S4URC   ( 3585): [SDK] [java.io.File] [Constructor] [FilePath][String] [/data/data/com.entrance.activitk/cache/com.entrance.activitk/store2cfg.st]
D/S4URC   ( 3585): [SDK] [java.io.File] [exists] [FilePath][String] [/data/data/com.entrance.activitk/cache/com.entrance.activitk/store2cfg.st]
D/S4URC   ( 3585): [SDK] [java.io.File] [Constructor] [FilePath][String] [/storage/sdcard0]
D/S4URC   ( 3585): [SDK] [java.io.File] [Constructor] [FilePath][String] [/storage/sdcard1]
D/S4URC   ( 3585): [SDK] [java.io.File] [Constructor] [FilePath][String] [/storage/usb2host]
D/S4URC   ( 3585): [SDK] [java.io.File] [Constructor] [FilePath][String] [/storage/usb3device]
D/S4URC   ( 3585): [SDK] [java.io.File] [Constructor] [FilePath][String] [/storage/usb3host]
D/S4URC   ( 3585): [SDK] [android.os.Environment] [getExternalStorageState] [ExternalStorageState][String] [mounted]
D/S4URC   ( 3585): [SDK] [java.io.File] [getPath] [FilePath][String] [/storage/sdcard0]
D/S4URC   ( 3585): [SDK] [android.os.Environment] [getExternalStorageDirectory] [DirectoryPath][String] [/storage/sdcard0]
D/S4URC   ( 3585): [SDK] [java.io.File] [getPath] [FilePath][String] [/storage/sdcard0]
D/S4URC   ( 3585): [SDK] [javax.crypto.Cipher][doFinal] [Data][8Fi1I2dQHgRs6LFr1ODH+N4PTHOV8uP8] [Return][getExternalCacheDir]
D/S4URC   ( 3585): [SDK] [java.io.File] [Constructor] [FilePath][String] [/storage/sdcard0/Android/data/com.entrance.activitk/cache]
D/S4URC   ( 3585): [SDK] [java.io.File] [Constructor] [FilePath][String] [/storage/sdcard0]
D/S4URC   ( 3585): [SDK] [java.io.File] [Constructor] [FilePath][String] [/storage/sdcard1]
D/S4URC   ( 3585): [SDK] [java.io.File] [Constructor] [FilePath][String] [/storage/usb2host]
D/S4URC   ( 3585): [SDK] [java.io.File] [Constructor] [FilePath][String] [/storage/usb3device]
D/S4URC   ( 3585): [SDK] [java.io.File] [Constructor] [FilePath][String] [/storage/usb3host]
D/S4URC   ( 3585): [SDK] [java.io.File] [exists] [FilePath][String] [/storage/sdcard0/Android/data/com.entrance.activitk/cache]
D/S4URC   ( 3585): [SDK] [java.io.File] [Constructor] [FilePath][String] [/storage/sdcard1/Android/data/com.entrance.activitk/cache]
D/S4URC   ( 3585): [SDK] [java.io.File] [Constructor] [FilePath][String] [/storage/sdcard0]
D/S4URC   ( 3585): [SDK] [java.io.File] [Constructor] [FilePath][String] [/storage/sdcard1]
D/S4URC   ( 3585): [SDK] [java.io.File] [Constructor] [FilePath][String] [/storage/usb2host]
D/S4URC   ( 3585): [SDK] [java.io.File] [Constructor] [FilePath][String] [/storage/usb3device]
D/S4URC   ( 3585): [SDK] [java.io.File] [Constructor] [FilePath][String] [/storage/usb3host]
D/S4URC   ( 3585): [SDK] [java.io.File] [exists] [FilePath][String] [/storage/sdcard1/Android/data/com.entrance.activitk/cache]
D/S4URC   ( 3585): [SDK] [java.io.File] [mkdirs] [FilePath][String] [/storage/sdcard1/Android/data/com.entrance.activitk/cache]
D/S4URC   ( 3585): [SDK] [java.io.File] [exists] [FilePath][String] [/storage/sdcard1/Android/data/com.entrance.activitk/cache]
D/S4URC   ( 3585): [SDK] [java.io.File] [Constructor] [FilePath][String] [/storage/usb2host/Android/data/com.entrance.activitk/cache]
D/S4URC   ( 3585): [SDK] [java.io.File] [Constructor] [FilePath][String] [/storage/sdcard0]
D/S4URC   ( 3585): [SDK] [java.io.File] [Constructor] [FilePath][String] [/storage/sdcard1]
D/S4URC   ( 3585): [SDK] [java.io.File] [Constructor] [FilePath][String] [/storage/usb2host]
D/S4URC   ( 3585): [SDK] [java.io.File] [Constructor] [FilePath][String] [/storage/usb3device]
D/S4URC   ( 3585): [SDK] [java.io.File] [Constructor] [FilePath][String] [/storage/usb3host]
D/S4URC   ( 3585): [SDK] [java.io.File] [exists] [FilePath][String] [/storage/usb2host/Android/data/com.entrance.activitk/cache]
D/S4URC   ( 3585): [SDK] [java.io.File] [mkdirs] [FilePath][String] [/storage/usb2host/Android/data/com.entrance.activitk/cache]
D/S4URC   ( 3585): [SDK] [java.io.File] [exists] [FilePath][String] [/storage/usb2host/Android/data/com.entrance.activitk/cache]
D/S4URC   ( 3585): [SDK] [java.io.File] [Constructor] [FilePath][String] [/storage/usb3device/Android/data/com.entrance.activitk/cache]
D/S4URC   ( 3585): [SDK] [java.io.File] [Constructor] [FilePath][String] [/storage/sdcard0]
D/S4URC   ( 3585): [SDK] [java.io.File] [Constructor] [FilePath][String] [/storage/sdcard1]
D/S4URC   ( 3585): [SDK] [java.io.File] [Constructor] [FilePath][String] [/storage/usb2host]
D/S4URC   ( 3585): [SDK] [java.io.File] [Constructor] [FilePath][String] [/storage/usb3device]
D/S4URC   ( 3585): [SDK] [java.io.File] [Constructor] [FilePath][String] [/storage/usb3host]
D/S4URC   ( 3585): [SDK] [java.io.File] [exists] [FilePath][String] [/storage/usb3device/Android/data/com.entrance.activitk/cache]
D/S4URC   ( 3585): [SDK] [java.io.File] [mkdirs] [FilePath][String] [/storage/usb3device/Android/data/com.entrance.activitk/cache]
D/S4URC   ( 3585): [SDK] [java.io.File] [exists] [FilePath][String] [/storage/usb3device/Android/data/com.entrance.activitk/cache]
D/S4URC   ( 3585): [SDK] [java.io.File] [Constructor] [FilePath][String] [/storage/usb3host/Android/data/com.entrance.activitk/cache]
D/S4URC   ( 3585): [SDK] [java.io.File] [Constructor] [FilePath][String] [/storage/sdcard0]
D/S4URC   ( 3585): [SDK] [java.io.File] [Constructor] [FilePath][String] [/storage/sdcard1]
D/S4URC   ( 3585): [SDK] [java.io.File] [Constructor] [FilePath][String] [/storage/usb2host]
D/S4URC   ( 3585): [SDK] [java.io.File] [Constructor] [FilePath][String] [/storage/usb3device]
D/S4URC   ( 3585): [SDK] [java.io.File] [Constructor] [FilePath][String] [/storage/usb3host]
D/S4URC   ( 3585): [SDK] [java.io.File] [exists] [FilePath][String] [/storage/usb3host/Android/data/com.entrance.activitk/cache]
D/S4URC   ( 3585): [SDK] [java.io.File] [mkdirs] [FilePath][String] [/storage/usb3host/Android/data/com.entrance.activitk/cache]
D/S4URC   ( 3585): [SDK] [java.io.File] [exists] [FilePath][String] [/storage/usb3host/Android/data/com.entrance.activitk/cache]
D/S4URC   ( 3585): [SDK] [java.io.File] [Constructor] [FilePath][String] [/storage/sdcard0/Android/data/com.entrance.activitk/cache]
D/S4URC   ( 3585): [SDK] [java.io.File] [exists] [FilePath][String] [/storage/sdcard0/Android/data/com.entrance.activitk/cache]
D/S4URC   ( 3585): [SDK] [java.io.File] [Constructor] [FilePath][String] [/storage/sdcard0/Android/data/com.entrance.activitk/cache/com.entrance.activitk]
D/S4URC   ( 3585): [SDK] [java.io.File] [exists] [FilePath][String] [/storage/sdcard0/Android/data/com.entrance.activitk/cache/com.entrance.activitk]
D/S4URC   ( 3585): [SDK] [java.io.File] [Constructor] [FilePath][String] [/storage/sdcard0/Android/data/com.entrance.activitk/cache/com.entrance.activitk/store2cfg.st]
D/S4URC   ( 3585): [SDK] [java.io.File] [exists] [FilePath][String] [/storage/sdcard0/Android/data/com.entrance.activitk/cache/com.entrance.activitk/store2cfg.st]
D/S4URC   ( 3585): [SDK] [java.io.File] [Constructor] [FilePath][String] [/storage/sdcard0]
D/S4URC   ( 3585): [SDK] [java.io.File] [Constructor] [FilePath][String] [/storage/sdcard1]
D/S4URC   ( 3585): [SDK] [java.io.File] [Constructor] [FilePath][String] [/storage/usb2host]
D/S4URC   ( 3585): [SDK] [java.io.File] [Constructor] [FilePath][String] [/storage/usb3device]
D/S4URC   ( 3585): [SDK] [java.io.File] [Constructor] [FilePath][String] [/storage/usb3host]
D/S4URC   ( 3585): [SDK] [android.os.Environment] [getExternalStorageState] [ExternalStorageState][String] [mounted]
D/S4URC   ( 3585): [SDK] [java.io.File] [getPath] [FilePath][String] [/storage/sdcard0]
D/S4URC   ( 3585): [SDK] [android.os.Environment] [getExternalStorageDirectory] [DirectoryPath][String] [/storage/sdcard0]
D/S4URC   ( 3585): [SDK] [java.io.File] [getPath] [FilePath][String] [/storage/sdcard0]
D/S4URC   ( 3585): [SDK] [java.io.File] [Constructor] [FilePath][String] [/storage/sdcard0/com.entrance.activitk]
D/S4URC   ( 3585): [SDK] [java.io.File] [exists] [FilePath][String] [/storage/sdcard0/com.entrance.activitk]
D/S4URC   ( 3585): [SDK] [java.io.File] [Constructor] [FilePath][String] [/storage/sdcard0/com.entrance.activitk/com.entrance.activitk]
D/S4URC   ( 3585): [SDK] [java.io.File] [exists] [FilePath][String] [/storage/sdcard0/com.entrance.activitk/com.entrance.activitk]
D/S4URC   ( 3585): [SDK] [java.io.File] [Constructor] [FilePath][String] [/storage/sdcard0/com.entrance.activitk/com.entrance.activitk/store2cfg.st]
D/S4URC   ( 3585): [SDK] [java.io.File] [exists] [FilePath][String] [/storage/sdcard0/com.entrance.activitk/com.entrance.activitk/store2cfg.st]
D/S4URC   ( 3585): [SDK] [javax.crypto.Cipher][doFinal] [Data][i...-4GH] [Return][guid]
D/S4URC   ( 3585): [SDK] [javax.crypto.Cipher][doFinal] [Data][5QZboHlhnh8=] [Return][cfg]
D/S4URC   ( 3585): [SDK] [java.io.File] [Constructor] [FilePath][String] [/storage/sdcard0]
D/S4URC   ( 3585): [SDK] [java.io.File] [Constructor] [FilePath][String] [/storage/sdcard1]
D/S4URC   ( 3585): [SDK] [java.io.File] [Constructor] [FilePath][String] [/storage/usb2host]
D/S4URC   ( 3585): [SDK] [java.io.File] [Constructor] [FilePath][String] [/storage/usb3device]
D/S4URC   ( 3585): [SDK] [java.io.File] [Constructor] [FilePath][String] [/storage/usb3host]
D/S4URC   ( 3585): [SDK] [android.os.Environment] [getExternalStorageState] [ExternalStorageState][String] [mounted]
D/S4URC   ( 3585): [SDK] [java.io.File] [getPath] [FilePath][String] [/storage/sdcard0]
D/S4URC   ( 3585): [SDK] [android.os.Environment] [getExternalStorageDirectory] [DirectoryPath][String] [/storage/sdcard0]
D/S4URC   ( 3585): [SDK] [java.io.File] [getPath] [FilePath][String] [/storage/sdcard0]
D/S4URC   ( 3585): [SDK] [javax.crypto.Cipher][doFinal] [Data][ErKCuTP8/Tw=] [Return][Device]
D/S4URC   ( 3585): [SDK] [java.io.File] [Constructor] [FilePath][String] [/storage/sdcard0/Device]
D/S4URC   ( 3585): [SDK] [java.io.File] [exists] [FilePath][String] [/storage/sdcard0/Device]
D/S4URC   ( 3585): [SDK] [java.io.File] [Constructor] [FilePath][String] [/storage/sdcard0/Device/com.entrance.activitk]
D/S4URC   ( 3585): [SDK] [java.io.File] [exists] [FilePath][String] [/storage/sdcard0/Device/com.entrance.activitk]
D/S4URC   ( 3585): [SDK] [java.io.File] [Constructor] [FilePath][String] [/storage/sdcard0/Device/com.entrance.activitk/store2cfg.st]
D/S4URC   ( 3585): [SDK] [java.io.File] [exists] [FilePath][String] [/storage/sdcard0/Device/com.entrance.activitk/store2cfg.st]
D/S4URC   ( 3585): [SDK] [java.io.File] [Constructor] [FilePath][String] [/storage/sdcard0]
D/S4URC   ( 3585): [SDK] [java.io.File] [Constructor] [FilePath][String] [/storage/sdcard1]
D/S4URC   ( 3585): [SDK] [android.os.Environment] [getExternalStorageState] [ExternalStorageState][String] [mounted]
D/S4URC   ( 3585): [SDK] [java.io.File] [getPath] [FilePath][String] [/storage/sdcard0]
D/S4URC   ( 3585): [SDK] [android.os.Environment] [getExternalStorageDirectory] [DirectoryPath][String] [/storage/sdcard0]
D/S4URC   ( 3585): [SDK] [java.io.File] [exists] [FilePath][String] [/data/data/com.entrance.activitk/cache/com.entrance.activitk/store2cfg.st]
D/S4URC   ( 3585): [SDK] [android.os.Environment] [getExternalStorageState] [ExternalStorageState][String] [mounted]
D/S4URC   ( 3585): [SDK] [java.io.File] [exists] [FilePath][String] [/storage/sdcard0/Android/data/com.entrance.activitk/cache]
D/S4URC   ( 3585): [SDK] [java.io.File] [Constructor] [FilePath][String] [/storage/sdcard0]
D/S4URC   ( 3585): [SDK] [java.io.File] [Constructor] [FilePath][String] [/storage/usb2host]
D/S4URC   ( 3585): [SDK] [java.io.File] [exists] [FilePath][String] [/storage/usb3host/Android/data/com.entrance.activitk/cache]
D/S4URC   ( 3585): [SDK] [java.io.File] [Constructor] [FilePath][String] [/storage/sdcard0]
D/S4URC   ( 3585): [SDK] [android.os.Environment] [getExternalStorageState] [ExternalStorageState][String] [mounted]
D/S4URC   ( 3585): [SDK] [java.io.File] [Constructor] [FilePath][String] [/storage/sdcard0]
D/S4URC   ( 3585): [SDK] [javax.crypto.Cipher][doFinal] [Data][8Fi1I2dQHgRs6LFr1ODH+N4PTHOV8uP8] [Return][getExternalCacheDir]
D/S4URC   ( 3585): [SDK] [java.io.File] [Constructor] [FilePath][String] [/storage/sdcard0]
D/S4URC   ( 3585): [SDK] [java.io.File] [exists] [FilePath][String] [/storage/sdcard0/Android/data/com.entrance.activitk/cache]
D/S4URC   ( 3585): [SDK] [java.io.File] [Constructor] [FilePath][String] [/storage/sdcard0]
D/S4URC   ( 3585): [SDK] [java.io.File] [mkdirs] [FilePath][String] [/storage/sdcard1/Android/data/com.entrance.activitk/cache]
D/S4URC   ( 3585): [SDK] [java.io.File] [Constructor] [FilePath][String] [/storage/usb2host/Android/data/com.entrance.activitk/cache]
D/S4URC   ( 3585): [SDK] [java.io.File] [Constructor] [FilePath][String] [/storage/sdcard0]
D/S4URC   ( 3585): [SDK] [java.io.File] [Constructor] [FilePath][String] [/storage/sdcard1]
D/S4URC   ( 3585): [SDK] [java.io.File] [Constructor] [FilePath][String] [/storage/usb2host]
D/S4URC   ( 3585): [SDK] [java.io.File] [Constructor] [FilePath][String] [/storage/usb3device]
D/S4URC   ( 3585): [SDK] [java.io.File] [Constructor] [FilePath][String] [/storage/usb3host]
D/S4URC   ( 3585): [SDK] [java.io.File] [exists] [FilePath][String] [/storage/usb2host/Android/data/com.entrance.activitk/cache]
D/S4URC   ( 3585): [SDK] [java.io.File] [mkdirs] [FilePath][String] [/storage/usb2host/Android/data/com.entrance.activitk/cache]
D/S4URC   ( 3585): [SDK] [java.io.File] [exists] [FilePath][String] [/storage/usb3device/Android/data/com.entrance.activitk/cache]
D/S4URC   ( 3585): [SDK] [java.io.File] [exists] [FilePath][String] [/storage/usb3host/Android/data/com.entrance.activitk/cache]
D/S4URC   ( 3585): [SDK] [java.io.File] [Constructor] [FilePath][String] [/storage/sdcard0]
D/S4URC   ( 3585): [SDK] [java.io.File] [Constructor] [FilePath][String] [/storage/sdcard1]
D/S4URC   ( 3585): [SDK] [java.io.File] [Constructor] [FilePath][String] [/storage/usb2host]
D/S4URC   ( 3585): [SDK] [java.io.File] [Constructor] [FilePath][String] [/storage/usb3device]
D/S4URC   ( 3585): [SDK] [java.io.File] [Constructor] [FilePath][String] [/storage/usb3host]
D/S4URC   ( 3585): [SDK] [android.os.Environment] [getExternalStorageState] [ExternalStorageState][String] [mounted]
D/S4URC   ( 3585): [SDK] [java.io.File] [getPath] [FilePath][String] [/storage/sdcard0]
D/S4URC   ( 3585): [SDK] [android.os.Environment] [getExternalStorageDirectory] [DirectoryPath][String] [/storage/sdcard0]
D/S4URC   ( 3585): [SDK] [java.io.File] [getPath] [FilePath][String] [/storage/sdcard0]
D/S4URC   ( 3585): [SDK] [java.io.File] [Constructor] [FilePath][String] [/storage/sdcard0/com.entrance.activitk]
D/S4URC   ( 3585): [SDK] [java.io.File] [exists] [FilePath][String] [/storage/sdcard0/com.entrance.activitk]
D/S4URC   ( 3585): [SDK] [java.io.File] [Constructor] [FilePath][String] [/storage/sdcard0/com.entrance.activitk/com.entrance.activitk]
D/S4URC   ( 3585): [SDK] [java.io.File] [exists] [FilePath][String] [/storage/sdcard0/com.entrance.activitk/com.entrance.activitk]
D/S4URC   ( 3585): [SDK] [java.io.File] [Constructor] [FilePath][String] [/storage/sdcard0/com.entrance.activitk/com.entrance.activitk/store2cfg.st]
D/S4URC   ( 3585): [SDK] [java.io.File] [exists] [FilePath][String] [/storage/sdcard0/com.entrance.activitk/com.entrance.activitk/store2cfg.st]
D/S4URC   ( 3585): [SDK] [java.io.File] [Constructor] [FilePath][String] [/storage/sdcard0]
D/S4URC   ( 3585): [SDK] [java.io.File] [Constructor] [FilePath][String] [/storage/sdcard1]
D/S4URC   ( 3585): [SDK] [java.io.File] [Constructor] [FilePath][String] [/storage/usb2host]
D/S4URC   ( 3585): [SDK] [java.io.File] [Constructor] [FilePath][String] [/storage/usb3device]
D/S4URC   ( 3585): [SDK] [java.io.File] [Constructor] [FilePath][String] [/storage/usb3host]
D/S4URC   ( 3585): [SDK] [android.os.Environment] [getExternalStorageState] [ExternalStorageState][String] [mounted]
D/S4URC   ( 3585): [SDK] [java.io.File] [getPath] [FilePath][String] [/storage/sdcard0]
D/S4URC   ( 3585): [SDK] [javax.crypto.Cipher][doFinal] [Data][ErKCuTP8/Tw=] [Return][Device]
D/S4URC   ( 3585): [SDK] [java.io.File] [Constructor] [FilePath][String] [/storage/sdcard0]
D/S4URC   ( 3585): [SDK] [javax.crypto.Cipher][doFinal] [Data][8Fi1I2dQHgRs6LFr1ODH+N4PTHOV8uP8] [Return][getExternalCacheDir]
D/S4URC   ( 3585): [SDK] [java.io.File] [exists] [FilePath][String] [/storage/sdcard0/Android/data/com.entrance.activitk/cache]
D/S4URC   ( 3585): [SDK] [java.io.File] [exists] [FilePath][String] [/storage/usb2host/Android/data/com.entrance.activitk/cache]
D/S4URC   ( 3585): [SDK] [java.io.File] [Constructor] [FilePath][String] [/storage/sdcard0]
D/S4URC   ( 3585): [SDK] [java.io.File] [Constructor] [FilePath][String] [/storage/sdcard0/Android/data/com.entrance.activitk/cache/com.entrance.activitk/store2cfg.st]
D/S4URC   ( 3585): [SDK] [java.io.File] [Constructor] [FilePath][String] [/storage/sdcard0]
D/S4URC   ( 3585): [SDK] [java.io.File] [Constructor] [FilePath][String] [/storage/sdcard0/com.entrance.activitk/com.entrance.activitk/store2cfg.st]
D/S4URC   ( 3585): [SDK] [java.io.File] [Constructor] [FilePath][String] [/storage/sdcard0]
D/S4URC   ( 3585): [SDK] [java.io.File] [Constructor] [FilePath][String] [/storage/sdcard1]
D/S4URC   ( 3585): [SDK] [java.io.File] [Constructor] [FilePath][String] [/storage/sdcard0/Device/com.entrance.activitk/store2cfg.st]
D/S4URC   ( 3585): [SDK] [java.io.File] [getPath] [FilePath][String] [/storage/sdcard0/Device/com.entrance.activitk/store2cfg.st]
D/S4URC   ( 3585): [SDK] [javax.crypto.Cipher][doFinal] [Data][wLRH3EWZ+9g=] [Return][publish]
D/S4URC   ( 3585): [SDK] [javax.crypto.Cipher][doFinal] [Data][dv1cf98mOIY=] [Return][Publish]
D/S4URC   ( 3585): [SDK] [android.app.ApplicationPackageManager] [getApplicationInfo] [FindApplicationName][String] [com.entrance.activitk]
D/S4URC   ( 3585): [SDK] [javax.crypto.Cipher][doFinal] [Data][o73lxq3zBYo=] [Return][mptime]
D/S4URC   ( 3585): [SDK] [javax.crypto.Cipher][doFinal] [Data][56Bh5NK73v0=] [Return][Mptime]
D/S4URC   ( 3585): [SDK] [android.app.ApplicationPackageManager] [getApplicationInfo] [FindApplicationName][String] [com.entrance.activitk]
D/S4URC   ( 3585): [SDK] [javax.crypto.Cipher][doFinal] [Data][mfSOXPD4cy0=] [Return][modtime]
D/S4URC   ( 3585): [SDK] [javax.crypto.Cipher][doFinal] [Data][UuHcxlqfCWY=] [Return][imei]
D/S4URC   ( 3585): [SDK] [javax.crypto.Cipher][doFinal] [Data][KV8CZCpyIxnIEzkpvUUZsieX13HjXddo] [Return][getSimStateGemini]
D/S4URC   ( 3585): [SDK] [javax.crypto.Cipher][doFinal] [Data][hGzqP6gvWNb+1/EUKed2EhaFaBCX6DQOq02twEB58gD91jLeKQP+8g==] [Return][android.telephony.TelephonyManager]
D/S4URC   ( 3585): [SDK] [java.lang.Class] [forName] [FindClass][String] [android.telephony.TelephonyManager]
D/S4URC   ( 3585): [SDK] [javax.crypto.Cipher][doFinal] [Data][4rvYXZxLTmGqbpaYM08DRQ==] [Return][getPhoneCount]
D/S4URC   ( 3585): [SDK] [javax.crypto.Cipher][doFinal] [Data][h8E7vbzLO38=] [Return][imsi1]
D/S4URC   ( 3585): [SDK] [javax.crypto.Cipher][doFinal] [Data][VnZ88Pkwz0l2nyE/cl7+mwgCb5Av5FNN] [Return][getSubscriberIdGemini]
D/S4URC   ( 3585): [SDK] [javax.crypto.Cipher][doFinal] [Data][hGzqP6gvWNb+1/EUKed2EhaFaBCX6DQOq02twEB58gD91jLeKQP+8g==] [Return][android.telephony.TelephonyManager]
D/S4URC   ( 3585): [SDK] [java.lang.Class] [forName] [FindClass][String] [android.telephony.TelephonyManager]
D/S4URC   ( 3585): [SDK] [javax.crypto.Cipher][doFinal] [Data][9eC1JxIcKnoGSH/qb4DnLQ==] [Return][getDefault]
D/S4URC   ( 3585): [SDK] [javax.crypto.Cipher][doFinal] [Data][hGzqP6gvWNb+1/EUKed2Er15968WMhAfA+XEAtNR7C3ymrzWRMTcJA==] [Return][android.telephony.MSimTelephonyManager]
D/S4URC   ( 3585): [SDK] [java.lang.Class] [forName] [FindClass][String] [android.telephony.MSimTelephonyManager]
D/S4URC   ( 3585): [SDK] [android.telephony.TelephonyManager] [getSubscriberId]
D/S4URC   ( 3585): [SDK] [javax.crypto.Cipher][doFinal] [Data][Mc0K/CrwmJA=] [Return][imsi2]
D/S4URC   ( 3585): [SDK] [javax.crypto.Cipher][doFinal] [Data][VnZ88Pkwz0l2nyE/cl7+mwgCb5Av5FNN] [Return][getSubscriberIdGemini]
D/S4URC   ( 3585): [SDK] [javax.crypto.Cipher][doFinal] [Data][hGzqP6gvWNb+1/EUKed2EhaFaBCX6DQOq02twEB58gD91jLeKQP+8g==] [Return][android.telephony.TelephonyManager]
D/S4URC   ( 3585): [SDK] [java.lang.Class] [forName] [FindClass][String] [android.telephony.TelephonyManager]
D/S4URC   ( 3585): [SDK] [javax.crypto.Cipher][doFinal] [Data][9eC1JxIcKnoGSH/qb4DnLQ==] [Return][getDefault]
D/S4URC   ( 3585): [SDK] [javax.crypto.Cipher][doFinal] [Data][hGzqP6gvWNb+1/EUKed2Er15968WMhAfA+XEAtNR7C3ymrzWRMTcJA==] [Return][android.telephony.MSimTelephonyManager]
D/S4URC   ( 3585): [SDK] [java.lang.Class] [forName] [FindClass][String] [android.telephony.MSimTelephonyManager]
D/S4URC   ( 3585): [SDK] [javax.crypto.Cipher][doFinal] [Data][VspGVr/6ZP4=] [Return][region1]
D/S4URC   ( 3585): [SDK] [javax.crypto.Cipher][doFinal] [Data][sYj27b984O2WJpkkmb4OH0zCdsQ8LJxJzp6iEGXr7Gk=] [Return][getSimSerialNumberGemini]
D/S4URC   ( 3585): [SDK] [javax.crypto.Cipher][doFinal] [Data][hGzqP6gvWNb+1/EUKed2EhaFaBCX6DQOq02twEB58gD91jLeKQP+8g==] [Return][android.telephony.TelephonyManager]
D/S4URC   ( 3585): [SDK] [java.lang.Class] [forName] [FindClass][String] [android.telephony.TelephonyManager]
D/S4URC   ( 3585): [SDK] [javax.crypto.Cipher][doFinal] [Data][9eC1JxIcKnoGSH/qb4DnLQ==] [Return][getDefault]
D/S4URC   ( 3585): [SDK] [javax.crypto.Cipher][doFinal] [Data][Zb2SSYLZyyY=] [Return][region2]
D/S4URC   ( 3585): [SDK] [javax.crypto.Cipher][doFinal] [Data][sYj27b984O2WJpkkmb4OH0zCdsQ8LJxJzp6iEGXr7Gk=] [Return][getSimSerialNumberGemini]
D/S4URC   ( 3585): [SDK] [javax.crypto.Cipher][doFinal] [Data][hGzqP6gvWNb+1/EUKed2EhaFaBCX6DQOq02twEB58gD91jLeKQP+8g==] [Return][android.telephony.TelephonyManager]
D/S4URC   ( 3585): [SDK] [java.lang.Class] [forName] [FindClass][String] [android.telephony.TelephonyManager]
D/S4URC   ( 3585): [SDK] [javax.crypto.Cipher][doFinal] [Data][9eC1JxIcKnoGSH/qb4DnLQ==] [Return][getDefault]
D/S4URC   ( 3585): [SDK] [javax.crypto.Cipher][doFinal] [Data][BJQmIYcSekY=] [Return][wifimac]
D/S4URC   ( 3585): [SDK] [javax.crypto.Cipher][doFinal] [Data][Cm67CBCG2+fOnqIQZevsaQ==] [Return][platform]
D/S4URC   ( 3585): [SDK] [javax.crypto.Cipher][doFinal] [Data][/8krembpphc=] [Return][sdk]
D/S4URC   ( 3585): [SDK] [javax.crypto.Cipher][doFinal] [Data][KV8CZCpyIxnIEzkpvUUZsieX13HjXddo] [Return][getSimStateGemini]
D/S4URC   ( 3585): [SDK] [javax.crypto.Cipher][doFinal] [Data][hGzqP6gvWNb+1/EUKed2EhaFaBCX6DQOq02twEB58gD91jLeKQP+8g==] [Return][android.telephony.TelephonyManager]
D/S4URC   ( 3585): [SDK] [java.lang.Class] [forName] [FindClass][String] [android.telephony.TelephonyManager]
D/S4URC   ( 3585): [SDK] [javax.crypto.Cipher][doFinal] [Data][4rvYXZxLTmGqbpaYM08DRQ==] [Return][getPhoneCount]
D/S4URC   ( 3585): [SDK] [javax.crypto.Cipher][doFinal] [Data][r7N0JYtTaIhGMHnvLJQSlQ==] [Return][Spreadtrum]
D/S4URC   ( 3585): [SDK] [javax.crypto.Cipher][doFinal] [Data][X..zh\..] [Return][brand]
D/S4URC   ( 3585): [SDK] [javax.crypto.Cipher][doFinal] [Data][AaIsZg0vGpU=] [Return][http://]
D/S4URC   ( 3847): [SDK] [java.lang.Class] [forName] [FindClass][String] [java.net.HttpURLConnection]
D/S4URC   ( 3847): [SDK] [java.lang.Class] [forName] [FindClass][String] [com.android.okhttp.internal.http.HttpURLConnectionImpl]
D/S4URC   ( 3847): [SDK] [java.lang.Class] [forName] [FindClass][String] [java.net.Socket]
D/S4URC   ( 3847): [SDK] [java.lang.Class] [forName] [FindClass][String] [android.telephony.TelephonyManager]
D/S4URC   ( 3847): [SDK] [java.lang.Class] [forName] [FindClass][String] [android.os.Debug]
D/S4URC   ( 3847): [SDK] [java.lang.Class] [forName] [FindClass][String] [android.hardware.SensorManager]
D/S4URC   ( 3847): [SDK] [java.lang.Class] [forName] [FindClass][String] [android.content.res.ResourcesKey]
D/S4URC   ( 3847): [SDK] [java.lang.Class] [forName] [FindClass][String] [android.app.ResourcesManager]
D/S4URC   ( 3847): [SDK] [java.io.File] [Constructor] [FilePath][String] [/data/app/com.entrance.activitk-1/base.apk]
D/S4URC   ( 3847): [SDK] [java.io.File] [getPath] [FilePath][String] [/data/data/com.entrance.activitk]
D/S4URC   ( 3847): [SDK] [java.io.File] [exists] [FilePath][String] [/data/data/com.entrance.activitk/cache]
D/S4URC   ( 3847): [SDK] [java.io.File] [getPath] [FilePath][String] [/data/data/com.entrance.activitk/cache]
D/S4URC   ( 3847): [SDK] [java.io.File] [getPath] [FilePath][String] [/storage/sdcard0]
D/S4URC   ( 3847): [SDK] [android.os.Environment] [getExternalStorageDirectory] [DirectoryPath][String] [/storage/sdcard0]
D/S4URC   ( 3847): [SDK] [android.content.Intent] [Constructor] [IntentInfo][String] [BIZ_ReSend_M9ASASSA]
D/S4URC   ( 3847): [SDK] [java.io.File] [Constructor] [FilePath][String] [/storage/sdcard0]
D/S4URC   ( 3847): [SDK] [java.io.File] [Constructor] [FilePath][String] [/storage/sdcard1]
D/S4URC   ( 3847): [SDK] [java.io.File] [Constructor] [FilePath][String] [/storage/usb2host]
D/S4URC   ( 3847): [SDK] [java.io.File] [Constructor] [FilePath][String] [/storage/usb3device]
D/S4URC   ( 3847): [SDK] [java.io.File] [Constructor] [FilePath][String] [/storage/usb3host]
D/S4URC   ( 3847): [SDK] [android.os.Environment] [getExternalStorageState] [ExternalStorageState][String] [mounted]
D/S4URC   ( 3847): [SDK] [java.io.File] [Constructor] [FilePath][String] [/storage/sdcard0/blue_test_dir/]
D/S4URC   ( 3847): [SDK] [java.io.File] [exists] [FilePath][String] [/storage/sdcard0/blue_test_dir]
D/S4URC   ( 3847): [SDK] [java.io.File] [mkdirs] [FilePath][String] [/storage/sdcard0/blue_test_dir]
D/S4URC   ( 3847): [SDK] [java.io.File] [Constructor] [FilePath][String] [/storage/sdcard0/blue_test_dir/data.txt]
D/S4URC   ( 3847): [SDK] [java.io.File] [getPath] [FilePath][String] [/storage/sdcard0/blue_test_dir/data.txt]
D/S4URC   ( 3847): [SDK] [java.io.File] [Constructor] [FilePath][String] [/storage/sdcard0]
D/S4URC   ( 3847): [SDK] [java.io.File] [Constructor] [FilePath][String] [/storage/sdcard1]
D/S4URC   ( 3847): [SDK] [java.io.File] [Constructor] [FilePath][String] [/storage/usb2host]
D/S4URC   ( 3847): [SDK] [java.io.File] [Constructor] [FilePath][String] [/storage/usb3device]
D/S4URC   ( 3847): [SDK] [java.io.File] [Constructor] [FilePath][String] [/storage/usb3host]
D/S4URC   ( 3847): [SDK] [android.os.Environment] [getExternalStorageState] [ExternalStorageState][String] [mounted]
D/S4URC   ( 3847): [SDK] [java.io.File] [Constructor] [FilePath][String] [/storage/sdcard0/blue_test_dir/]
D/S4URC   ( 3847): [SDK] [java.io.File] [exists] [FilePath][String] [/storage/sdcard0/blue_test_dir]
D/S4URC   ( 3847): [SDK] [java.io.File] [Constructor] [FilePath][String] [/storage/sdcard0/blue_test_dir/data.txt]
