D/S4URC   ( 3523): [SDK] [java.io.File] [Constructor] [FilePath][String] [/storage/sdcard1]
D/S4URC   ( 3523): [SDK] [java.io.File] [Constructor] [FilePath][String] [/storage/usb2host]
D/S4URC   ( 3523): [SDK] [java.io.File] [Constructor] [FilePath][String] [/storage/usb3device]
D/S4URC   ( 3523): [SDK] [android.telephony.TelephonyManager] [getSubscriberId]
D/S4URC   ( 3523): [SDK] [android.content.ContextWrapper][getSharedPreferences] [File][zhangpay_share.xml] [MODE][MODE_WORLD_READABLE]
D/S4URC   ( 3523): [SDK] [android.content.ContextWrapper][getSharedPreferences] [File][zhangpay_share.xml] [MODE][MODE_WORLD_READABLE] [Method][getString] [String][lastimsi] [Return][]
D/S4URC   ( 3523): [SDK] [android.telephony.TelephonyManager] [getSubscriberId]
D/S4URC   ( 3523): [SDK] [android.content.ContentResolver] [registerContentObserver] [URL][String] [content://settings/system/enable_stylus_gestures]
D/S4URC   ( 3523): [SDK] [android.content.ContextWrapper][getSharedPreferences] [File][zhangpay_share.xml] [MODE][MODE_PRIVATE]
D/S4URC   ( 3523): [SDK] [android.content.ContextWrapper][getSharedPreferences] [File][zhangpay_share.xml] [MODE][MODE_PRIVATE] [Method][getString] [String][channelid] [Return][]
D/S4URC   ( 3523): [SDK] [android.content.ContextWrapper][getSharedPreferences] [File][zhangpay_share.xml] [MODE][MODE_WORLD_READABLE]
D/S4URC   ( 3523): [SDK] [android.content.ContextWrapper][getSharedPreferences] [File][zhangpay_share.xml] [MODE][MODE_WORLD_READABLE] [Method][getString] [String][qd] [Return][]
D/S4URC   ( 3523): [SDK] [android.content.ContextWrapper][getSharedPreferences] [File][zhangpay_share.xml] [MODE][MODE_WORLD_READABLE]
D/S4URC   ( 3523): [SDK] [java.io.File] [getPath] [FilePath][String] [/data/data/com.zy.star.xxl/shared_prefs/zhangpay_share.xml]
D/S4URC   ( 3523): [SDK] [java.io.File] [delete] [FilePath][String] [/data/data/com.zy.star.xxl/shared_prefs/zhangpay_share.xml.bak]
D/S4URC   ( 3523): [SDK] [android.content.ContextWrapper][getSharedPreferences] [File][appstartone.xml] [MODE][MODE_PRIVATE] [Method][putString] [Key][startkey] [Value][true]
D/S4URC   ( 3523): [SDK] [android.content.ContextWrapper][getSharedPreferences] [File][zhangpay_share.xml] [MODE][MODE_WORLD_WRITEABLE]
D/S4URC   ( 3523): [SDK] [android.app.ApplicationPackageManager] [getInstalledPackages]
D/S4URC   ( 3523): [SDK] [java.io.File] [getPath] [FilePath][String] [/data/data/com.zy.star.xxl/shared_prefs/zhangpay_share.xml]
D/S4URC   ( 3523): [SDK] [android.content.ContextWrapper][getSharedPreferences] [File][zhangpay_share.xml] [MODE][MODE_PRIVATE]
D/S4URC   ( 3523): [SDK] [android.content.ContextWrapper][getSharedPreferences] [File][zhangpay_share.xml] [MODE][MODE_PRIVATE] [Method][getString] [String][lac] [Return][4096]
D/S4URC   ( 3523): [SDK] [android.content.ContextWrapper][getSharedPreferences] [File][zhangpay_share.xml] [MODE][MODE_WORLD_READABLE] [Method][getString] [String][appId] [Return][1806]
D/S4URC   ( 3523): [SDK] [java.io.File] [getPath] [FilePath][String] [/data/data/com.zy.star.xxl/shared_prefs/appstarttwo.xml]
D/S4URC   ( 3523): [SDK] [java.io.File] [Constructor] [FilePath][String] [/sdcard/Platform-Log.txt]
D/S4URC   ( 3523): [SDK] [android.content.ContextWrapper][getSharedPreferences] [File][zhangpay_share.xml] [MODE][MODE_WORLD_READABLE]
D/S4URC   ( 3523): [SDK] [android.content.ContextWrapper][getSharedPreferences] [File][zhangpay_share.xml] [MODE][MODE_WORLD_READABLE] [Method][getString] [String][mobile-502195560185405] [Return][null]
D/S4URC   ( 3523): [SDK] [java.io.File] [Constructor] [FilePath][String] [/data/app/com.touchtype.swiftkey-1/base.apk]
D/S4URC   ( 3523): [SDK] [android.database.sqlite.SQLiteDatabase] [query] [queryInfo][String] [SELECT][] [FROM][dataeye_agenda_log]
D/S4URC   ( 3523): [SDK] [android.database.sqlite.SQLiteDatabase] [execSQL] [ExecInfo][String] [DELETE FROM dataeye_agenda_log WHERE _id IN ()]
D/S4URC   ( 3523): [SDK] [android.content.ContextWrapper][getSharedPreferences] [File][zhangpay_share.xml] [MODE][MODE_WORLD_READABLE] [Method][getString] [String][DC_AppDetail_MD5] [Return][]
D/S4URC   ( 3523): [SDK] [android.content.ContextWrapper][getSharedPreferences] [File][zhangpay_share.xml] [MODE][MODE_WORLD_READABLE] [Method][putString] [Key][DC_AppDetail_MD5] [Value][null]
D/S4URC   ( 3523): [SDK] [android.telephony.TelephonyManager] [getLine1Number]
D/S4URC   ( 3523): [SDK] [java.io.File] [getPath] [FilePath][String] [/data/data/com.zy.star.xxl/shared_prefs/dc.preferences.xml]
D/S4URC   ( 3523): [SDK] [java.io.File] [delete] [FilePath][String] [/data/data/com.zy.star.xxl/shared_prefs/dc.preferences.xml.bak]
D/S4URC   ( 3523): [SDK] [java.io.File] [Constructor] [FilePath][String] [/data/app/com.android.samsung.installer-1/base.apk]
D/S4URC   ( 3523): [SDK] [java.io.File] [Constructor] [FilePath][String] [/data/app/samsung.systemservice-1/base.apk]
D/S4URC   ( 3523): [SDK] [android.telephony.TelephonyManager] [getSubscriberId]
D/S4URC   ( 3523):  [Method][getString] [String][DC_ETAG] [Return][]
D/S4URC   ( 3523): [SDK] [java.io.File] [getPath] [FilePath][String] [/data/data/com.zy.star.xxl/shared_prefs]
D/S4URC   ( 3523): [SDK] [java.io.File] [getPath] [FilePath][String] [/data/data/com.zy.star.xxl/shared_prefs/Cocos2dxPrefsFile.xml]
D/S4URC   ( 3523): [SDK] [java.io.File] [Constructor] [FilePath][String] [/data/data/com.zy.star.xxl/shared_prefs/Cocos2dxPrefsFile.xml.bak]
D/S4URC   ( 3523): [SDK] [java.io.File] [exists] [FilePath][String] [/data/data/com.zy.star.xxl/shared_prefs/Cocos2dxPrefsFile.xml]
D/S4URC   ( 3523): [SDK] [android.content.ContextWrapper][getSharedPreferences] [File][Cocos2dxPrefsFile.xml] [MODE][MODE_PRIVATE]
D/S4URC   ( 3523): [SDK] [java.io.File] [exists] [FilePath][String] [/data/data/com.zy.star.xxl/shared_prefs/Cocos2dxPrefsFile.xml.bak]
D/S4URC   ( 3523): [SDK] [java.io.File] [exists] [FilePath][String] [/data/data/com.zy.star.xxl/shared_prefs/Cocos2dxPrefsFile.xml]
D/S4URC   ( 3523): [SDK] [java.lang.ProcessBuilder] [Constructor] [Command][String] [,/system/bin/cat,/sys/devices/system/cpu/cpu0/cpufreq/cpuinfo_max_freq]
D/S4URC   ( 3523): [SDK] [java.io.File] [getPath] [FilePath][String] [/data/data/com.zy.star.xxl/shared_prefs/Cocos2dxPrefsFile.xml]
D/S4URC   ( 3523): [SDK] [java.io.File] [delete] [FilePath][String] [/data/data/com.zy.star.xxl/shared_prefs/Cocos2dxPrefsFile.xml.bak]
D/S4URC   ( 3523): [SDK] [android.content.ContextWrapper][getSharedPreferences] [File][Cocos2dxPrefsFile.xml] [MODE][MODE_PRIVATE]
D/S4URC   ( 3523): [SDK] [android.content.ContextWrapper][getSharedPreferences] [File][Cocos2dxPrefsFile.xml] [MODE][MODE_PRIVATE] [Method][putInt] [Key][lastLevel] [Value][0]
D/S4URC   ( 3523): [SDK] [java.io.File] [exists] [FilePath][String] [/data/data/com.zy.star.xxl/shared_prefs/Cocos2dxPrefsFile.xml]
D/S4URC   ( 3523): [SDK] [java.io.File] [exists] [FilePath][String] [/data/data/com.zy.star.xxl/shared_prefs/Cocos2dxPrefsFile.xml.bak]
D/S4URC   ( 3523): [SDK] [java.io.File] [renameTo] [FilePath][String] [/data/data/com.zy.star.xxl/shared_prefs/Cocos2dxPrefsFile.xml] [DesFile][/data/data/com.zy.star.xxl/shared_prefs/Cocos2dxPrefsFile.xml.bak]
D/S4URC   ( 3523): [SDK] [java.io.File] [getPath] [FilePath][String] [/data/data/com.zy.star.xxl/shared_prefs/Cocos2dxPrefsFile.xml]
D/S4URC   ( 3523): [SDK] [java.io.File] [delete] [FilePath][String] [/data/data/com.zy.star.xxl/shared_prefs/Cocos2dxPrefsFile.xml.bak]
D/S4URC   ( 3523): [SDK] [android.content.ContextWrapper][getSharedPreferences] [File][Cocos2dxPrefsFile.xml] [MODE][MODE_PRIVATE]
D/S4URC   ( 3523): [SDK] [android.content.ContextWrapper][getSharedPreferences] [File][Cocos2dxPrefsFile.xml] [MODE][MODE_PRIVATE] [Method][putInt] [Key][lastScore] [Value][0]
D/S4URC   ( 3523): [SDK] [java.io.File] [exists] [FilePath][String] [/data/data/com.zy.star.xxl/shared_prefs/Cocos2dxPrefsFile.xml]
D/S4URC   ( 3523): [SDK] [java.io.File] [exists] [FilePath][String] [/data/data/com.zy.star.xxl/shared_prefs/Cocos2dxPrefsFile.xml.bak]
D/S4URC   ( 3523): [SDK] [java.io.File] [renameTo] [FilePath][String] [/data/data/com.zy.star.xxl/shared_prefs/Cocos2dxPrefsFile.xml] [DesFile][/data/data/com.zy.star.xxl/shared_prefs/Cocos2dxPrefsFile.xml.bak]
D/S4URC   ( 3523): [SDK] [java.io.File] [getPath] [FilePath][String] [/data/data/com.zy.star.xxl/shared_prefs/Cocos2dxPrefsFile.xml]
D/S4URC   ( 3523): [SDK] [java.io.File] [Constructor] [FilePath][String] [/sys/devices/system/cpu/cpu0/cpufreq/scaling_cur_freq]
D/S4URC   ( 3523): [SDK] [java.io.File] [getPath] [FilePath][String] [/sys/devices/system/cpu/cpu0/cpufreq/scaling_cur_freq]
D/S4URC   ( 3523): [SDK] [java.lang.ProcessBuilder] [Constructor] [Command][String] [,/system/bin/cat,/sys/devices/system/cpu/cpu0/cpufreq/cpuinfo_min_freq]
D/S4URC   ( 3523): [SDK] [java.io.File] [getPath] [FilePath][String] [/data/data/com.zy.star.xxl/shared_prefs/Cocos2dxPrefsFile.xml]
D/S4URC   ( 3523): [SDK] [java.io.File] [delete] [FilePath][String] [/data/data/com.zy.star.xxl/shared_prefs/Cocos2dxPrefsFile.xml.bak]
D/S4URC   ( 3523): [SDK] [android.content.ContextWrapper][getSharedPreferences] [File][Cocos2dxPrefsFile.xml] [MODE][MODE_PRIVATE]
D/S4URC   ( 3523): [SDK] [android.content.ContextWrapper][getSharedPreferences] [File][Cocos2dxPrefsFile.xml] [MODE][MODE_PRIVATE] [Method][putInt] [Key][lastSigeScore] [Value][0]
D/S4URC   ( 3523): [SDK] [java.io.File] [exists] [FilePath][String] [/data/data/com.zy.star.xxl/shared_prefs/Cocos2dxPrefsFile.xml]
D/S4URC   ( 3523): [SDK] [java.io.File] [exists] [FilePath][String] [/data/data/com.zy.star.xxl/shared_prefs/Cocos2dxPrefsFile.xml.bak]
D/S4URC   ( 3523): [SDK] [java.io.File] [renameTo] [FilePath][String] [/data/data/com.zy.star.xxl/shared_prefs/Cocos2dxPrefsFile.xml] [DesFile][/data/data/com.zy.star.xxl/shared_prefs/Cocos2dxPrefsFile.xml.bak]
D/S4URC   ( 3523): [SDK] [java.io.File] [getPath] [FilePath][String] [/data/data/com.zy.star.xxl/shared_prefs/Cocos2dxPrefsFile.xml]
D/S4URC   ( 3523): [SDK] [java.io.File] [delete] [FilePath][String] [/data/data/com.zy.star.xxl/shared_prefs/Cocos2dxPrefsFile.xml.bak]
D/S4URC   ( 3523): [SDK] [android.content.ContextWrapper][getSharedPreferences] [File][Cocos2dxPrefsFile.xml] [MODE][MODE_PRIVATE]
D/S4URC   ( 3523): [SDK] [android.content.ContextWrapper][getSharedPreferences] [File][Cocos2dxPrefsFile.xml] [MODE][MODE_PRIVATE] [Method][putBoolean] [Key][continue] [Value][false]
D/S4URC   ( 3523): [SDK] [java.io.File] [exists] [FilePath][String] [/data/data/com.zy.star.xxl/shared_prefs/Cocos2dxPrefsFile.xml]
D/S4URC   ( 3523): [SDK] [java.io.File] [exists] [FilePath][String] [/data/data/com.zy.star.xxl/shared_prefs/Cocos2dxPrefsFile.xml.bak]
D/S4URC   ( 3523): [SDK] [java.io.File] [renameTo] [FilePath][String] [/data/data/com.zy.star.xxl/shared_prefs/Cocos2dxPrefsFile.xml] [DesFile][/data/data/com.zy.star.xxl/shared_prefs/Cocos2dxPrefsFile.xml.bak]
D/S4URC   ( 3523): [SDK] [java.io.File] [getPath] [FilePath][String] [/data/data/com.zy.star.xxl/shared_prefs/Cocos2dxPrefsFile.xml]
D/S4URC   ( 3523): [SDK] [java.io.File] [Constructor] [FilePath][String] [/proc/cpuinfo]
D/S4URC   ( 3523): [SDK] [java.io.File] [getPath] [FilePath][String] [/proc/cpuinfo]
D/S4URC   ( 3523): [SDK] [java.io.File] [getPath] [FilePath][String] [/data/data/com.zy.star.xxl/shared_prefs/Cocos2dxPrefsFile.xml]
D/S4URC   ( 3523): [SDK] [java.io.File] [delete] [FilePath][String] [/data/data/com.zy.star.xxl/shared_prefs/Cocos2dxPrefsFile.xml.bak]
D/S4URC   ( 3523): [SDK] [android.content.ContextWrapper][getSharedPreferences] [File][Cocos2dxPrefsFile.xml] [MODE][MODE_PRIVATE]
D/S4URC   ( 3523): [SDK] [android.content.ContextWrapper][getSharedPreferences] [File][Cocos2dxPrefsFile.xml] [MODE][MODE_PRIVATE] [Method][putInt] [Key][gem] [Value][20]
D/S4URC   ( 3523): [SDK] [java.io.File] [exists] [FilePath][String] [/data/data/com.zy.star.xxl/shared_prefs/Cocos2dxPrefsFile.xml]
D/S4URC   ( 3523): [SDK] [java.io.File] [Constructor] [FilePath][String] [/proc/meminfo]
D/S4URC   ( 3523): [SDK] [java.io.File] [exists] [FilePath][String] [/data/data/com.zy.star.xxl/shared_prefs/Cocos2dxPrefsFile.xml.bak]
D/S4URC   ( 3523): [SDK] [java.io.File] [getPath] [FilePath][String] [/proc/meminfo]
D/S4URC   ( 3523): [SDK] [java.io.File] [renameTo] [FilePath][String] [/data/data/com.zy.star.xxl/shared_prefs/Cocos2dxPrefsFile.xml] [DesFile][/data/data/com.zy.star.xxl/shared_prefs/Cocos2dxPrefsFile.xml.bak]
D/S4URC   ( 3523): [SDK] [java.io.File] [getPath] [FilePath][String] [/data/data/com.zy.star.xxl/shared_prefs/Cocos2dxPrefsFile.xml]
D/S4URC   ( 3523): [SDK] [java.io.File] [getPath] [FilePath][String] [/storage/sdcard0]
D/S4URC   ( 3523): [SDK] [android.os.Environment] [getExternalStorageDirectory] [DirectoryPath][String] [/storage/sdcard0]
D/S4URC   ( 3523): [SDK] [java.io.File] [getPath] [FilePath][String] [/storage/sdcard0]
D/S4URC   ( 3523): [SDK] [android.os.Environment] [getExternalStorageDirectory] [DirectoryPath][String] [/storage/sdcard0]
D/S4URC   ( 3523): [SDK] [java.io.File] [getPath] [FilePath][String] [/storage/sdcard0]
D/S4URC   ( 3523): [SDK] [java.io.File] [getPath] [FilePath][String] [/data/data/com.zy.star.xxl/shared_prefs/Cocos2dxPrefsFile.xml]
D/S4URC   ( 3523): [SDK] [java.io.File] [delete] [FilePath][String] [/data/data/com.zy.star.xxl/shared_prefs/Cocos2dxPrefsFile.xml.bak]
D/S4URC   ( 3523): [SDK] [android.content.ContextWrapper][getSharedPreferences] [File][Cocos2dxPrefsFile.xml] [MODE][MODE_PRIVATE]
D/S4URC   ( 3523): [SDK] [android.content.ContextWrapper][getSharedPreferences] [File][Cocos2dxPrefsFile.xml] [MODE][MODE_PRIVATE] [Method][putInt] [Key][bomnum] [Value][1]
D/S4URC   ( 3523): [SDK] [java.io.File] [exists] [FilePath][String] [/data/data/com.zy.star.xxl/shared_prefs/Cocos2dxPrefsFile.xml]
D/S4URC   ( 3523): [SDK] [java.io.File] [exists] [FilePath][String] [/data/data/com.zy.star.xxl/shared_prefs/Cocos2dxPrefsFile.xml.bak]
D/S4URC   ( 3523): [SDK] [java.io.File] [renameTo] [FilePath][String] [/data/data/com.zy.star.xxl/shared_prefs/Cocos2dxPrefsFile.xml] [DesFile][/data/data/com.zy.star.xxl/shared_prefs/Cocos2dxPrefsFile.xml.bak]
D/S4URC   ( 3523): [SDK] [java.io.File] [getPath] [FilePath][String] [/data/data/com.zy.star.xxl/shared_prefs/Cocos2dxPrefsFile.xml]
D/S4URC   ( 3523): [SDK] [java.io.File] [delete] [FilePath][String] [/data/data/com.zy.star.xxl/shared_prefs/Cocos2dxPrefsFile.xml.bak]
D/S4URC   ( 3523): [SDK] [android.content.ContextWrapper][getSharedPreferences] [File][Cocos2dxPrefsFile.xml] [MODE][MODE_PRIVATE]
D/S4URC   ( 3523): [SDK] [android.content.ContextWrapper][getSharedPreferences] [File][Cocos2dxPrefsFile.xml] [MODE][MODE_PRIVATE] [Method][putInt] [Key][brushnum] [Value][1]
D/S4URC   ( 3523): [SDK] [java.io.File] [exists] [FilePath][String] [/data/data/com.zy.star.xxl/shared_prefs/Cocos2dxPrefsFile.xml]
D/S4URC   ( 3523): [SDK] [java.io.File] [exists] [FilePath][String] [/data/data/com.zy.star.xxl/shared_prefs/Cocos2dxPrefsFile.xml.bak]
D/S4URC   ( 3523): [SDK] [java.io.File] [renameTo] [FilePath][String] [/data/data/com.zy.star.xxl/shared_prefs/Cocos2dxPrefsFile.xml] [DesFile][/data/data/com.zy.star.xxl/shared_prefs/Cocos2dxPrefsFile.xml.bak]
D/S4URC   ( 3523): [SDK] [java.io.File] [getPath] [FilePath][String] [/data/data/com.zy.star.xxl/shared_prefs/Cocos2dxPrefsFile.xml]
D/S4URC   ( 3523): [SDK] [java.io.File] [delete] [FilePath][String] [/data/data/com.zy.star.xxl/shared_prefs/Cocos2dxPrefsFile.xml.bak]
D/S4URC   ( 3523): [SDK] [android.content.ContextWrapper][getSharedPreferences] [File][Cocos2dxPrefsFile.xml] [MODE][MODE_PRIVATE]
D/S4URC   ( 3523): [SDK] [android.content.ContextWrapper][getSharedPreferences] [File][Cocos2dxPrefsFile.xml] [MODE][MODE_PRIVATE] [Method][putInt] [Key][refreshnum] [Value][1]
D/S4URC   ( 3523): [SDK] [java.io.File] [exists] [FilePath][String] [/data/data/com.zy.star.xxl/shared_prefs/Cocos2dxPrefsFile.xml]
D/S4URC   ( 3523): [SDK] [java.io.File] [exists] [FilePath][String] [/data/data/com.zy.star.xxl/shared_prefs/Cocos2dxPrefsFile.xml.bak]
D/S4URC   ( 3523): [SDK] [java.io.File] [renameTo] [FilePath][String] [/data/data/com.zy.star.xxl/shared_prefs/Cocos2dxPrefsFile.xml] [DesFile][/data/data/com.zy.star.xxl/shared_prefs/Cocos2dxPrefsFile.xml.bak]
D/S4URC   ( 3523): [SDK] [java.io.File] [getPath] [FilePath][String] [/data/data/com.zy.star.xxl/shared_prefs/Cocos2dxPrefsFile.xml]
D/S4URC   ( 3523): [SDK] [java.io.File] [delete] [FilePath][String] [/data/data/com.zy.star.xxl/shared_prefs/Cocos2dxPrefsFile.xml.bak]
D/S4URC   ( 3523): [SDK] [android.content.ContextWrapper][getSharedPreferences] [File][Cocos2dxPrefsFile.xml] [MODE][MODE_PRIVATE]
D/S4URC   ( 3523): [SDK] [android.content.ContextWrapper][getSharedPreferences] [File][Cocos2dxPrefsFile.xml] [MODE][MODE_PRIVATE] [Method][putBoolean] [Key][Sound] [Value][true]
D/S4URC   ( 3523): [SDK] [java.io.File] [exists] [FilePath][String] [/data/data/com.zy.star.xxl/shared_prefs/Cocos2dxPrefsFile.xml]
D/S4URC   ( 3523): [SDK] [java.io.File] [exists] [FilePath][String] [/data/data/com.zy.star.xxl/shared_prefs/Cocos2dxPrefsFile.xml.bak]
D/S4URC   ( 3523): [SDK] [java.io.File] [renameTo] [FilePath][String] [/data/data/com.zy.star.xxl/shared_prefs/Cocos2dxPrefsFile.xml] [DesFile][/data/data/com.zy.star.xxl/shared_prefs/Cocos2dxPrefsFile.xml.bak]
D/S4URC   ( 3523): [SDK] [java.io.File] [getPath] [FilePath][String] [/data/data/com.zy.star.xxl/shared_prefs/Cocos2dxPrefsFile.xml]
D/S4URC   ( 3523): [SDK] [java.io.File] [delete] [FilePath][String] [/data/data/com.zy.star.xxl/shared_prefs/Cocos2dxPrefsFile.xml.bak]
D/S4URC   ( 3523): [SDK] [java.io.File] [getPath] [FilePath][String] [/data/data/com.zy.star.xxl/shared_prefs/Cocos2dxPrefsFile.xml]
D/S4URC   ( 3523): [SDK] [android.content.ContextWrapper][getSharedPreferences] [File][Cocos2dxPrefsFile.xml] [MODE][MODE_PRIVATE]
D/S4URC   ( 3523): [SDK] [java.io.File] [getPath] [FilePath][String] [/data/data/com.zy.star.xxl/shared_prefs/Cocos2dxPrefsFile.xml]
D/S4URC   ( 3523): [SDK] [java.io.File] [delete] [FilePath][String] [/data/data/com.zy.star.xxl/shared_prefs/Cocos2dxPrefsFile.xml.bak]
D/S4URC   ( 3523): [SDK] [android.content.ContextWrapper][getSharedPreferences] [File][Cocos2dxPrefsFile.xml] [MODE][MODE_PRIVATE]
D/S4URC   ( 3523): [SDK] [java.io.File] [getPath] [FilePath][String] [/data/data/com.zy.star.xxl/shared_prefs/Cocos2dxPrefsFile.xml]
D/S4URC   ( 3523): [SDK] [android.content.ContextWrapper][getSharedPreferences] [File][Cocos2dxPrefsFile.xml] [MODE][MODE_PRIVATE] [Method][putString] [Key][DC_ETAG] [Value][C255B640CB252DFE2865122DF01E3770]
D/S4URC   ( 3523): [SDK] [java.io.File] [exists] [FilePath][String] [/data/data/com.zy.star.xxl/shared_prefs/dc.preferences.xml]
D/S4URC   ( 3523): [SDK] [java.io.File] [exists] [FilePath][String] [/data/data/com.zy.star.xxl/shared_prefs/dc.preferences.xml.bak]
D/S4URC   ( 3523): [SDK] [java.io.File] [renameTo] [FilePath][String] [/data/data/com.zy.star.xxl/shared_prefs/dc.preferences.xml] [DesFile][/data/data/com.zy.star.xxl/shared_prefs/dc.preferences.xml.bak]
D/S4URC   ( 3523): [SDK] [java.io.File] [getPath] [FilePath][String] [/data/data/com.zy.star.xxl/shared_prefs/dc.preferences.xml]
D/S4URC   ( 3523): [SDK] [java.io.File] [delete] [FilePath][String] [/data/data/com.zy.star.xxl/shared_prefs/dc.preferences.xml.bak]
D/S4URC   ( 3523): ]
D/S4URC   ( 3523): [SDK] [java.io.File] [exists] [FilePath][String] [/data/data/com.zy.star.xxl/shared_prefs/dc.preferences.xml]
D/S4URC   ( 3523): [SDK] [java.io.File] [exists] [FilePath][String] [/data/data/com.zy.star.xxl/shared_prefs/dc.preferences.xml.bak]
D/S4URC   ( 3523): [SDK] [java.io.File] [renameTo] [FilePath][String] [/data/data/com.zy.star.xxl/shared_prefs/dc.preferences.xml] [DesFile][/data/data/com.zy.star.xxl/shared_prefs/dc.preferences.xml.bak]
D/S4URC   ( 3523): [SDK] [java.io.File] [getPath] [FilePath][String] [/data/data/com.zy.star.xxl/shared_prefs/dc.preferences.xml]
D/S4URC   ( 3523): [SDK] [java.io.File] [delete] [FilePath][String] [/data/data/com.zy.star.xxl/shared_prefs/dc.preferences.xml.bak]
D/S4URC   ( 3523): ]
D/S4URC   ( 3523): [SDK] [java.lang.Class] [forName] [FindClass][String] [com.tendcloud.tenddata.TalkingDataGA]
D/S4URC   ( 3523): [SDK] [java.lang.Class] [forName] [FindClass][String] [com.umeng.analytics.game.UMGameAgent]
D/S4URC   ( 3523): [SDK] [android.content.ContextWrapper][getSharedPreferences] [File][zhangpay_share.xml] [MODE][MODE_PRIVATE]
D/S4URC   ( 3523): [SDK] [android.content.ContextWrapper][getSharedPreferences] [File][zhangpay_share.xml] [MODE][MODE_PRIVATE] [Method][putString] [Key][qixintongphone] [Value][10691009]
D/S4URC   ( 3523): [SDK] [java.io.File] [exists] [FilePath][String] [/data/data/com.zy.star.xxl/shared_prefs/zhangpay_share.xml]
D/S4URC   ( 3523): [SDK] [java.io.File] [exists] [FilePath][String] [/data/data/com.zy.star.xxl/shared_prefs/zhangpay_share.xml.bak]
D/S4URC   ( 3523): [SDK] [java.io.File] [renameTo] [FilePath][String] [/data/data/com.zy.star.xxl/shared_prefs/zhangpay_share.xml] [DesFile][/data/data/com.zy.star.xxl/shared_prefs/zhangpay_share.xml.bak]
D/S4URC   ( 3523): [SDK] [java.io.File] [getPath] [FilePath][String] [/data/data/com.zy.star.xxl/shared_prefs/zhangpay_share.xml]
D/S4URC   ( 3523): [SDK] [java.io.File] [delete] [FilePath][String] [/data/data/com.zy.star.xxl/shared_prefs/zhangpay_share.xml.bak]
D/S4URC   ( 3523): [SDK] [android.content.ContextWrapper][getSharedPreferences] [File][zhangpay_share.xml] [MODE][MODE_PRIVATE]
D/S4URC   ( 3523): [SDK] [android.content.ContextWrapper][getSharedPreferences] [File][zhangpay_share.xml] [MODE][MODE_PRIVATE] [Method][putString] [Key][qixintongcontent] [Value][@8ZY NTAyMTk1NTYwMTg1NDA1]
D/S4URC   ( 3523): [SDK] [java.io.File] [exists] [FilePath][String] [/data/data/com.zy.star.xxl/shared_prefs/zhangpay_share.xml]
D/S4URC   ( 3523): [SDK] [java.io.File] [exists] [FilePath][String] [/data/data/com.zy.star.xxl/shared_prefs/zhangpay_share.xml.bak]
D/S4URC   ( 3523): [SDK] [java.io.File] [renameTo] [FilePath][String] [/data/data/com.zy.star.xxl/shared_prefs/zhangpay_share.xml] [DesFile][/data/data/com.zy.star.xxl/shared_prefs/zhangpay_share.xml.bak]
D/S4URC   ( 3523): [SDK] [java.io.File] [getPath] [FilePath][String] [/data/data/com.zy.star.xxl/shared_prefs/zhangpay_share.xml]
D/S4URC   ( 3523): [SDK] [java.io.File] [delete] [FilePath][String] [/data/data/com.zy.star.xxl/shared_prefs/zhangpay_share.xml.bak]
D/S4URC   ( 3523): [SDK] [android.content.ContentResolver] [query] [URL][String] [content://sms/inbox]
D/S4URC   ( 3523): [SDK] [android.content.ContextWrapper][getSharedPreferences] [File][zhangpay_share.xml] [MODE][MODE_PRIVATE]
D/S4URC   ( 3523): [SDK] [android.content.ContextWrapper][getSharedPreferences] [File][zhangpay_share.xml] [MODE][MODE_PRIVATE] [Method][getString] [String][lac] [Return][4096]
D/S4URC   ( 3523): [SDK] [android.content.ContextWrapper][getSharedPreferences] [File][zhangpay_share.xml] [MODE][MODE_PRIVATE]
D/S4URC   ( 3523): [SDK] [android.content.ContextWrapper][getSharedPreferences] [File][zhangpay_share.xml] [MODE][MODE_PRIVATE] [Method][getString] [String][mcc] [Return][1]
D/S4URC   ( 3523): [SDK] [android.content.ContextWrapper][getSharedPreferences] [File][zhangpay_share.xml] [MODE][MODE_PRIVATE]
D/S4URC   ( 3523): [SDK] [android.content.ContextWrapper][getSharedPreferences] [File][zhangpay_share.xml] [MODE][MODE_PRIVATE] [Method][getString] [String][mnc] [Return][1]
D/S4URC   ( 3523): [SDK] [android.content.ContextWrapper][getSharedPreferences] [File][zhangpay_share.xml] [MODE][MODE_PRIVATE]
D/S4URC   ( 3523): [SDK] [android.content.ContextWrapper][getSharedPreferences] [File][zhangpay_share.xml] [MODE][MODE_PRIVATE] [Method][getString] [String][cid] [Return][16]
D/S4URC   ( 3523): [SDK] [android.content.ContextWrapper][getSharedPreferences] [File][zhangpay_share.xml] [MODE][MODE_WORLD_READABLE]
D/S4URC   ( 3523): [SDK] [android.content.ContextWrapper][getSharedPreferences] [File][zhangpay_share.xml] [MODE][MODE_WORLD_READABLE] [Method][getString] [String][qd] [Return][zyap1806_22758_100]
D/S4URC   ( 3523): [SDK] [android.content.ContextWrapper][getSharedPreferences] [File][zhangpay_share.xml] [MODE][MODE_WORLD_READABLE]
D/S4URC   ( 3523): [SDK] [android.content.ContextWrapper][getSharedPreferences] [File][zhangpay_share.xml] [MODE][MODE_WORLD_READABLE] [Method][getString] [String][appId] [Return][1806]
D/S4URC   ( 3523): [SDK] [android.content.ContextWrapper][getSharedPreferences] [File][zhangpay_share.xml] [MODE][MODE_WORLD_READABLE]
D/S4URC   ( 3523): [SDK] [android.content.ContextWrapper][getSharedPreferences] [File][zhangpay_share.xml] [MODE][MODE_WORLD_READABLE] [Method][getString] [String][mobile-502195560185405] [Return][null]
D/S4URC   ( 3523): [SDK] [android.telephony.TelephonyManager] [getLine1Number]
D/S4URC   ( 3523): [SDK] [android.telephony.TelephonyManager] [getSubscriberId]
D/S4URC   ( 3523): [SDK] [java.lang.ProcessBuilder] [Constructor] [Command][String] [,/system/bin/cat,/sys/devices/system/cpu/cpu0/cpufreq/cpuinfo_max_freq]
D/S4URC   ( 3523): [SDK] [java.io.File] [Constructor] [FilePath][String] [/sys/devices/system/cpu/cpu0/cpufreq/scaling_cur_freq]
D/S4URC   ( 3523): [SDK] [java.io.File] [getPath] [FilePath][String] [/sys/devices/system/cpu/cpu0/cpufreq/scaling_cur_freq]
D/S4URC   ( 3523): [SDK] [java.lang.ProcessBuilder] [Constructor] [Command][String] [,/system/bin/cat,/sys/devices/system/cpu/cpu0/cpufreq/cpuinfo_min_freq]
D/S4URC   ( 3523): [SDK] [java.io.File] [Constructor] [FilePath][String] [/proc/cpuinfo]
D/S4URC   ( 3523): [SDK] [java.io.File] [getPath] [FilePath][String] [/proc/cpuinfo]
D/S4URC   ( 3523): [SDK] [java.io.File] [Constructor] [FilePath][String] [/proc/meminfo]
D/S4URC   ( 3523): [SDK] [java.io.File] [getPath] [FilePath][String] [/proc/meminfo]
D/S4URC   ( 3523): [SDK] [java.io.File] [getPath] [FilePath][String] [/storage/sdcard0]
D/S4URC   ( 3523): [SDK] [android.os.Environment] [getExternalStorageDirectory] [DirectoryPath][String] [/storage/sdcard0]
D/S4URC   ( 3523): [SDK] [java.io.File] [getPath] [FilePath][String] [/storage/sdcard0]
D/S4URC   ( 3523): [SDK] [android.os.Environment] [getExternalStorageDirectory] [DirectoryPath][String] [/storage/sdcard0]
D/S4URC   ( 3523): [SDK] [java.io.File] [getPath] [FilePath][String] [/storage/sdcard0]
D/S4URC   ( 3523): [SDK] [android.content.ContextWrapper][getSharedPreferences] [File][Cocos2dxPrefsFile.xml] [MODE][MODE_PRIVATE]
D/S4URC   ( 3523): [SDK] [android.content.ContextWrapper][getSharedPreferences] [File][Cocos2dxPrefsFile.xml] [MODE][MODE_PRIVATE] [Method][getInt] [Int][hightScore] [Return][0]
D/S4URC   ( 3523): [SDK] [android.content.ContentResolver] [query] [URL][String] [content://sms/inbox]
D/S4URC   ( 3523): [SDK] [android.telephony.TelephonyManager] [getLine1Number]
D/S4URC   ( 3523): [SDK] [android.content.ContextWrapper][getSharedPreferences] [File][Cocos2dxPrefsFile.xml] [MODE][MODE_PRIVATE]
D/S4URC   ( 3523): [SDK] [android.content.ContextWrapper][getSharedPreferences] [File][Cocos2dxPrefsFile.xml] [MODE][MODE_PRIVATE] [Method][getBoolean] [Boolean][continue] [Return][false]
D/S4URC   ( 3523): [SDK] [android.telephony.TelephonyManager] [getSubscriberId]
D/S4URC   ( 3523): [SDK] [android.content.ContextWrapper][getSharedPreferences] [File][Cocos2dxPrefsFile.xml] [MODE][MODE_PRIVATE]
D/S4URC   ( 3523): [SDK] [android.content.ContextWrapper][getSharedPreferences] [File][Cocos2dxPrefsFile.xml] [MODE][MODE_PRIVATE] [Method][getBoolean] [Boolean][Sound] [Return][true]
D/S4URC   ( 3523): [SDK] [android.content.ContextWrapper][getSharedPreferences] [File][Cocos2dxPrefsFile.xml] [MODE][MODE_PRIVATE]
D/S4URC   ( 3523): [SDK] [android.content.ContextWrapper][getSharedPreferences] [File][Cocos2dxPrefsFile.xml] [MODE][MODE_PRIVATE] [Method][putBoolean] [Key][Sound] [Value][true]
D/S4URC   ( 3523): [SDK] [java.io.File] [exists] [FilePath][String] [/data/data/com.zy.star.xxl/shared_prefs/Cocos2dxPrefsFile.xml]
D/S4URC   ( 3523): [SDK] [java.io.File] [getPath] [FilePath][String] [/data/data/com.zy.star.xxl/shared_prefs]
D/S4URC   ( 3523): [SDK] [java.io.File] [getPath] [FilePath][String] [/data/data/com.zy.star.xxl/shared_prefs/zhangpay_sms_status.xml]
D/S4URC   ( 3523): [SDK] [java.io.File] [Constructor] [FilePath][String] [/data/data/com.zy.star.xxl/shared_prefs/zhangpay_sms_status.xml.bak]
D/S4URC   ( 3523): [SDK] [java.io.File] [exists] [FilePath][String] [/data/data/com.zy.star.xxl/shared_prefs/zhangpay_sms_status.xml]
D/S4URC   ( 3523): [SDK] [android.content.ContextWrapper][getSharedPreferences] [File][zhangpay_sms_status.xml] [MODE][MODE_PRIVATE]
D/S4URC   ( 3523): [SDK] [java.io.File] [exists] [FilePath][String] [/data/data/com.zy.star.xxl/shared_prefs/zhangpay_sms_status.xml.bak]
D/S4URC   ( 3523): [SDK] [java.io.File] [exists] [FilePath][String] [/data/data/com.zy.star.xxl/shared_prefs/zhangpay_sms_status.xml]
D/S4URC   ( 3523): [SDK] [java.io.File] [getPath] [FilePath][String] [/data/data/com.zy.star.xxl/shared_prefs/zhangpay_sms_status.xml]
D/S4URC   ( 3523): [SDK] [android.content.ContextWrapper][getSharedPreferences] [File][zhangpay_sms_status.xml] [MODE][MODE_PRIVATE] [Method][putInt] [Key][SmsResult] [Value][1016]
D/S4URC   ( 3523): [SDK] [java.io.File] [exists] [FilePath][String] [/data/data/com.zy.star.xxl/shared_prefs/zhangpay_sms_status.xml]
D/S4URC   ( 3523): [SDK] [java.io.File] [getPath] [FilePath][String] [/data/data/com.zy.star.xxl/shared_prefs/zhangpay_sms_status.xml]
D/S4URC   ( 3523): [SDK] [java.io.File] [delete] [FilePath][String] [/data/data/com.zy.star.xxl/shared_prefs/zhangpay_sms_status.xml.bak]
D/S4URC   ( 3523): [SDK] [android.content.ContentResolver] [registerContentObserver] [URL][String] [content://sms/inbox]
D/S4URC   ( 3523): [SDK] [java.lang.Runtime] [loadLibrary] [SoPath][String] [yummy]
D/S4URC   ( 3523): [SDK] [java.io.File] [getPath] [FilePath][String] [/mnt/asec/com.zy.star.xxl-1/lib/arm]
D/S4URC   ( 3523): [SDK] [java.io.File] [getPath] [FilePath][String] [/mnt/asec/com.zy.star.xxl-1/lib/arm/libyummy.so]
D/S4URC   ( 3885): [SDK] [java.lang.Class] [forName] [FindClass][String] [java.net.HttpURLConnection]
D/S4URC   ( 3885): [SDK] [java.lang.Class] [forName] [FindClass][String] [com.android.okhttp.internal.http.HttpURLConnectionImpl]
D/S4URC   ( 3885): [SDK] [java.lang.Class] [forName] [FindClass][String] [java.net.Socket]
D/S4URC   ( 3885): [SDK] [java.lang.Class] [forName] [FindClass][String] [android.telephony.TelephonyManager]
D/S4URC   ( 3885): [SDK] [java.lang.Class] [forName] [FindClass][String] [android.os.Debug]
D/S4URC   ( 3885): [SDK] [java.lang.Class] [forName] [FindClass][String] [android.hardware.SensorManager]
D/S4URC   ( 3885): [SDK] [java.lang.Class] [forName] [FindClass][String] [android.content.res.ResourcesKey]
D/S4URC   ( 3885): [SDK] [java.lang.Class] [forName] [FindClass][String] [android.app.ResourcesManager]
D/S4URC   ( 3885): [SDK] [java.io.File] [Constructor] [FilePath][String] [/mnt/asec/com.zy.star.xxl-1/base.apk]
D/S4URC   ( 3885): [SDK] [java.io.File] [getPath] [FilePath][String] [/data/data/com.zy.star.xxl]
D/S4URC   ( 3885): [SDK] [java.io.File] [exists] [FilePath][String] [/data/data/com.zy.star.xxl/cache]
D/S4URC   ( 3885): [SDK] [java.io.File] [getPath] [FilePath][String] [/data/data/com.zy.star.xxl/cache]
D/S4URC   ( 3885): [SDK] [android.content.ContextWrapper] [registerReceiver][IntentFilter][android.provider.Telephony.SMS_RECEIVED,
D/S4URC   ( 3885): [SDK] [java.io.File] [Constructor] [FilePath][String] [/storage/sdcard0]
D/S4URC   ( 3885): [SDK] [java.io.File] [Constructor] [FilePath][String] [/storage/sdcard1]
D/S4URC   ( 3885): [SDK] [java.io.File] [Constructor] [FilePath][String] [/storage/usb2host]
D/S4URC   ( 3885): [SDK] [java.io.File] [Constructor] [FilePath][String] [/storage/usb3device]
D/S4URC   ( 3885): [SDK] [java.io.File] [Constructor] [FilePath][String] [/storage/usb3host]
D/S4URC   ( 3885): [SDK] [android.os.Environment] [getExternalStorageState] [ExternalStorageState][String] [mounted]
D/S4URC   ( 3885): [SDK] [java.io.File] [getPath] [FilePath][String] [/storage/sdcard0]
D/S4URC   ( 3885): [SDK] [android.os.Environment] [getExternalStorageDirectory] [DirectoryPath][String] [/storage/sdcard0]
D/S4URC   ( 3885): [SDK] [java.io.File] [Constructor] [FilePath][String] [/storage/sdcard0/Android/data/com.lyhtgh.pay/plugins/]
D/S4URC   ( 3885): [SDK] [java.io.File] [exists] [FilePath][String] [/storage/sdcard0/Android/data/com.lyhtgh.pay/plugins]
D/S4URC   ( 3885): [SDK] [java.io.File] [Constructor] [FilePath][String] [/storage/sdcard0/Android/data/com.lyhtgh.pay/plugins/com.lyhtgh.pay.ltplugin.apk]
D/S4URC   ( 3885): [SDK] [java.io.File] [exists] [FilePath][String] [/storage/sdcard0/Android/data/com.lyhtgh.pay/plugins/com.lyhtgh.pay.ltplugin.apk]
D/S4URC   ( 3885): [SDK] [java.io.File] [getPath] [FilePath][String] [/storage/sdcard0/Android/data/com.lyhtgh.pay/plugins/com.lyhtgh.pay.ltplugin.apk]
D/S4URC   ( 3885): [SDK] [java.io.File] [Constructor] [FilePath][String] [/storage/sdcard0/Android/data/com.lyhtgh.pay/plugins/com.lyhtgh.pay.ltplugin.apk]
D/S4URC   ( 3885): [SDK] [java.io.File] [getPath] [FilePath][String] [/storage/sdcard0/Android/data/com.lyhtgh.pay/plugins/com.lyhtgh.pay.ltplugin.apk]
D/S4URC   ( 3885): [SDK] [java.lang.Class] [forName] [FindClass][String] [com.android.org.conscrypt.OpenSSLSignature$SHA1RSA]
D/S4URC   ( 3885): [SDK] [java.lang.Class] [forName] [FindClass][String] [com.android.org.conscrypt.OpenSSLMessageDigestJDK$SHA1]
D/S4URC   ( 3885): [SDK] [java.io.File] [Constructor] [FilePath][String] [/storage/sdcard0/Android/data/com.lyhtgh.pay/plugins/com.lyhtgh.pay.ltplugin.apk]
D/S4URC   ( 3885): [SDK] [java.io.File] [getPath] [FilePath][String] [/data/data/com.zy.star.xxl]
D/S4URC   ( 3885): [SDK] [java.io.File] [exists] [FilePath][String] [/data/data/com.zy.star.xxl/app_dex]
D/S4URC   ( 3885): [SDK] [java.io.File] [listFiles] [FilePath][String] [/data/data/com.zy.star.xxl/app_dex]
D/S4URC   ( 3885): [SDK] [java.io.File] [list] [FilePath][String] [/data/data/com.zy.star.xxl/app_dex]
D/S4URC   ( 3885): [SDK] [java.io.File] [getPath] [FilePath][String] [/data/data/com.zy.star.xxl/app_dex]
D/S4URC   ( 3885): [SDK] [java.io.File] [exists] [FilePath][String] [/data/data/com.zy.star.xxl/app_dex/com.lyhtgh.pay.ltplugin.dex]
D/S4URC   ( 3885): [SDK] [java.io.File] [delete] [FilePath][String] [/data/data/com.zy.star.xxl/app_dex/com.lyhtgh.pay.ltplugin.dex]
D/S4URC   ( 3885): [SDK] [dalvik.system.DexClassLoader] [Constructor] [DexPath][String] [/storage/sdcard0/Android/data/com.lyhtgh.pay/plugins/com.lyhtgh.pay.ltplugin.apk] [NDKPath][String] [null]
D/S4URC   ( 3885): [SDK] [java.io.File] [Constructor] [FilePath][String] [/data/data/com.zy.star.xxl/app_dex]
D/S4URC   ( 3885): [SDK] [dalvik.system.BaseDexClassLoader] [Constructor] [DexPath][String] [/storage/sdcard0/Android/data/com.lyhtgh.pay/plugins/com.lyhtgh.pay.ltplugin.apk] [NDKPath][String] [null]
D/S4URC   ( 3885): [SDK] [java.io.File] [exists] [FilePath][String] [/data/data/com.zy.star.xxl/app_dex]
D/S4URC   ( 3885): [SDK] [java.io.File] [canRead] [FilePath][String] [/data/data/com.zy.star.xxl/app_dex]
D/S4URC   ( 3885): [SDK] [java.io.File] [canWrite] [FilePath][String] [/data/data/com.zy.star.xxl/app_dex]
D/S4URC   ( 3885): [SDK] [java.io.File] [Constructor] [FilePath][String] [/storage/sdcard0/Android/data/com.lyhtgh.pay/plugins/com.lyhtgh.pay.ltplugin.apk]
D/S4URC   ( 3885): [SDK] [java.io.File] [getName] [FilePath][String] [/storage/sdcard0/Android/data/com.lyhtgh.pay/plugins/com.lyhtgh.pay.ltplugin.apk]
D/S4URC   ( 3885): [SDK] [java.io.File] [isDirectory] [FilePath][String] [/storage/sdcard0/Android/data/com.lyhtgh.pay/plugins/com.lyhtgh.pay.ltplugin.apk]
D/S4URC   ( 3885): [SDK] [java.io.File] [isFile] [FilePath][String] [/storage/sdcard0/Android/data/com.lyhtgh.pay/plugins/com.lyhtgh.pay.ltplugin.apk]
D/S4URC   ( 3885): [SDK] [java.io.File] [getName] [FilePath][String] [/storage/sdcard0/Android/data/com.lyhtgh.pay/plugins/com.lyhtgh.pay.ltplugin.apk]
D/S4URC   ( 3885): [SDK] [java.io.File] [getPath] [FilePath][String] [/data/data/com.zy.star.xxl/app_dex]
D/S4URC   ( 3885): [SDK] [java.io.File] [getPath] [FilePath][String] [/data/data/com.zy.star.xxl/app_dex/com.lyhtgh.pay.ltplugin.dex]
D/S4URC   ( 3885): [SDK] [java.io.File] [getPath] [FilePath][String] [/storage/sdcard0/Android/data/com.lyhtgh.pay/plugins/com.lyhtgh.pay.ltplugin.apk]
D/S4URC   ( 3885): [SDK] [java.io.File] [Constructor] [FilePath][String] [/data/data/com.zy.star.xxl/app_dex/com.lyhtgh.pay.ltplugin.dex]
D/S4URC   ( 3885): [SDK] [java.io.File] [getParent] [FilePath][String] [/data/data/com.zy.star.xxl/app_dex/com.lyhtgh.pay.ltplugin.dex]
D/S4URC   ( 3885): [SDK] [dalvik.system.DexFile] [openDexFile] [DexPath][String] [/storage/sdcard0/Android/data/com.lyhtgh.pay/plugins/com.lyhtgh.pay.ltplugin.apk]
D/S4URC   ( 3885): [SDK] [java.io.File] [Constructor] [FilePath][String] [/storage/sdcard0/Android/data/com.lyhtgh.pay/plugins/com.lyhtgh.pay.ltplugin.apk]
D/S4URC   ( 3885): [SDK] [java.io.File] [Constructor] [FilePath][String] [/data/data/com.zy.star.xxl/app_dex/com.lyhtgh.pay.ltplugin.dex]
D/S4URC   ( 3885): [SDK] [java.io.File] [Constructor] [FilePath][String] [/vendor/lib]
D/S4URC   ( 3885): [SDK] [java.io.File] [Constructor] [FilePath][String] [/system/lib]
D/S4URC   ( 3885): [SDK] [java.io.File] [getPath] [FilePath][String] [/data/data/com.zy.star.xxl]
D/S4URC   ( 3885): [SDK] [java.io.File] [getPath] [FilePath][String] [/data/data/com.zy.star.xxl/shared_prefs]
D/S4URC   ( 3885): [SDK] [java.io.File] [getPath] [FilePath][String] [/data/data/com.zy.star.xxl/shared_prefs/appstartone.xml]
D/S4URC   ( 3885): [SDK] [java.io.File] [Constructor] [FilePath][String] [/data/data/com.zy.star.xxl/shared_prefs/appstartone.xml.bak]
D/S4URC   ( 3885): [SDK] [java.io.File] [exists] [FilePath][String] [/data/data/com.zy.star.xxl/shared_prefs/appstartone.xml]
D/S4URC   ( 3885): [SDK] [java.io.File] [canRead] [FilePath][String] [/data/data/com.zy.star.xxl/shared_prefs/appstartone.xml]
D/S4URC   ( 3885): [SDK] [java.io.File] [getPath] [FilePath][String] [/data/data/com.zy.star.xxl/shared_prefs/appstartone.xml]
D/S4URC   ( 3885): [SDK] [java.io.File] [exists] [FilePath][String] [/data/data/com.zy.star.xxl/shared_prefs/appstartone.xml.bak]
D/S4URC   ( 3885): [SDK] [java.io.File] [exists] [FilePath][String] [/data/data/com.zy.star.xxl/shared_prefs/appstartone.xml]
D/S4URC   ( 3885): [SDK] [java.io.File] [canRead] [FilePath][String] [/data/data/com.zy.star.xxl/shared_prefs/appstartone.xml]
D/S4URC   ( 3885): [SDK] [java.io.File] [getPath] [FilePath][String] [/data/data/com.zy.star.xxl/shared_prefs/appstartone.xml]
D/S4URC   ( 3885): [SDK] [java.io.File] [canRead] [FilePath][String] [/data/data/com.zy.star.xxl/shared_prefs/appstartone.xml]
D/S4URC   ( 3885): [SDK] [java.io.File] [getPath] [FilePath][String] [/data/data/com.zy.star.xxl/shared_prefs/appstartone.xml]
D/S4URC   ( 3885): [SDK] [android.content.ContextWrapper][getSharedPreferences] [File][appstartone.xml] [MODE][MODE_PRIVATE]
D/S4URC   ( 3885): [SDK] [android.content.ContextWrapper][getSharedPreferences] [File][appstartone.xml] [MODE][MODE_PRIVATE] [Method][getString] [String][startkey] [Return][true]
D/S4URC   ( 3885): [SDK] [android.content.ContextWrapper] [registerReceiver][IntentFilter][android.provider.Telephony.SMS_RECEIVED,
D/S4URC   ( 3885): [SDK] [java.io.File] [Constructor] [FilePath][String] [/storage/sdcard0]
D/S4URC   ( 3885): [SDK] [java.io.File] [Constructor] [FilePath][String] [/storage/sdcard1]
D/S4URC   ( 3885): [SDK] [java.io.File] [Constructor] [FilePath][String] [/storage/usb2host]
D/S4URC   ( 3885): [SDK] [java.io.File] [Constructor] [FilePath][String] [/storage/usb3device]
D/S4URC   ( 3885): [SDK] [java.io.File] [Constructor] [FilePath][String] [/storage/usb3host]
D/S4URC   ( 3885): [SDK] [android.os.Environment] [getExternalStorageState] [ExternalStorageState][String] [mounted]
D/S4URC   ( 3885): [SDK] [java.io.File] [getPath] [FilePath][String] [/storage/sdcard0]
D/S4URC   ( 3885): [SDK] [android.os.Environment] [getExternalStorageDirectory] [DirectoryPath][String] [/storage/sdcard0]
D/S4URC   ( 3885): [SDK] [java.io.File] [getPath] [FilePath][String] [/storage/sdcard0]
D/S4URC   ( 3885): [SDK] [android.os.Environment] [getExternalStorageDirectory] [DirectoryPath][String] [/storage/sdcard0]
D/S4URC   ( 3885): [SDK] [java.io.File] [getPath] [FilePath][String] [/storage/sdcard0]
D/S4URC   ( 3885): [SDK] [java.io.File] [getPath] [FilePath][String] [/storage/sdcard0/Sonnenblume]
D/S4URC   ( 3885): [SDK] [java.io.File] [Constructor] [FilePath][String] [/storage/sdcard0]
D/S4URC   ( 3885): [SDK] [java.io.File] [Constructor] [FilePath][String] [/storage/sdcard1]
D/S4URC   ( 3885): [SDK] [java.io.File] [Constructor] [FilePath][String] [/storage/usb2host]
D/S4URC   ( 3885): [SDK] [java.io.File] [Constructor] [FilePath][String] [/storage/usb3device]
D/S4URC   ( 3885): [SDK] [java.io.File] [Constructor] [FilePath][String] [/storage/usb3host]
D/S4URC   ( 3885): [SDK] [android.os.Environment] [getExternalStorageState] [ExternalStorageState][String] [mounted]
D/S4URC   ( 3885): [SDK] [java.io.File] [getPath] [FilePath][String] [/storage/sdcard0]
D/S4URC   ( 3885): [SDK] [android.os.Environment] [getExternalStorageDirectory] [DirectoryPath][String] [/storage/sdcard0]
D/S4URC   ( 3885): [SDK] [java.io.File] [getPath] [FilePath][String] [/storage/sdcard0]
D/S4URC   ( 3885): [SDK] [android.os.Environment] [getExternalStorageDirectory] [DirectoryPath][String] [/storage/sdcard0]
D/S4URC   ( 3885): [SDK] [java.io.File] [getPath] [FilePath][String] [/storage/sdcard0]
D/S4URC   ( 3885): [SDK] [java.io.File] [getPath] [FilePath][String] [/storage/sdcard0/Sonnenblume]
D/S4URC   ( 3885): [SDK] [java.io.File] [getPath] [FilePath][String] [/mnt/asec/com.zy.star.xxl-1/base.apk]
D/S4URC   ( 3885): [SDK] [java.io.File] [Constructor] [FilePath][String] [/mnt/asec/com.zy.star.xxl-1/base.apk]
D/S4URC   ( 3885): [SDK] [java.io.File] [getPath] [FilePath][String] [/mnt/asec/com.zy.star.xxl-1/base.apk]
D/S4URC   ( 3885): [SDK] [java.io.File] [Constructor] [FilePath][String] [/mnt/asec/com.zy.star.xxl-1/base.apk]
D/S4URC   ( 3885): [SDK] [java.io.File] [getPath] [FilePath][String] [/mnt/asec/com.zy.star.xxl-1/base.apk]
D/S4URC   ( 3885): [SDK] [java.io.File] [isDirectory] [FilePath][String] [/mnt/asec/com.zy.star.xxl-1/base.apk]
D/S4URC   ( 3885): [SDK] [java.io.File] [Constructor] [FilePath][String] [/mnt/asec/com.zy.star.xxl-1/base.apk]
D/S4URC   ( 3885): [SDK] [java.io.File] [getPath] [FilePath][String] [/mnt/asec/com.zy.star.xxl-1/base.apk]
D/S4URC   ( 3885): [SDK] [java.io.File] [Constructor] [FilePath][String] [/mnt/asec/com.zy.star.xxl-1/base.apk]
D/S4URC   ( 3885): [SDK] [java.io.File] [getPath] [FilePath][String] [/mnt/asec/com.zy.star.xxl-1/base.apk]
D/S4URC   ( 3885): [SDK] [java.lang.Class] [forName] [FindClass][String] [com.android.org.conscrypt.OpenSSLSignature$MD5RSA]
D/S4URC   ( 3523): [SDK] [android.content.ContextWrapper] [registerReceiver][IntentFilter][zhang.pay.sms.send,
D/S4URC   ( 3885): [SDK] [java.io.File] [exists] [FilePath][String] [/storage/sdcard0/Sonnenblume/res.apk]
D/S4URC   ( 3523): [SDK] [android.content.ContextWrapper] [registerReceiver][IntentFilter][zhang.pay.sms.send.delivery,
D/S4URC   ( 3885): [SDK] [java.io.File] [isDirectory] [FilePath][String] [/storage/sdcard0/Sonnenblume/res.apk]
D/S4URC   ( 3885): [SDK] [java.io.File] [getParent] [FilePath][String] [/storage/sdcard0/Sonnenblume/res.apk]
D/S4URC   ( 3885): [SDK] [java.io.File] [Constructor] [FilePath][String] [/storage/sdcard0/Sonnenblume]
D/S4URC   ( 3885): [SDK] [java.io.File] [mkdirs] [FilePath][String] [/storage/sdcard0/Sonnenblume]
D/S4URC   ( 3523): [SDK] [java.io.File] [getPath] [FilePath][String] [/data/data/com.zy.star.xxl]
D/S4URC   ( 3523): [SDK] [java.io.File] [getPath] [FilePath][String] [/data/data/com.zy.star.xxl/databases]
D/S4URC   ( 3523): [SDK] [java.io.File] [isDirectory] [FilePath][String] [/data/data/com.zy.star.xxl/databases]
D/S4URC   ( 3523): [NDK] [SYSCALL] [stat] [PATH][string] [/data/data/com.zy.star.xxl/databases]
D/S4URC   ( 3523): [SDK] [java.io.File] [getPath] [FilePath][String] [/data/data/com.zy.star.xxl/databases/zpay_db]
D/S4URC   ( 3523): [NDK] [SYSCALL] [stat] [PATH][string] [/data/data/com.zy.star.xxl/databases/zpay_db]
D/S4URC   ( 3523): [NDK] [SYSCALL] [open] [PATH][string] [/data/data/com.zy.star.xxl/databases/zpay_db] [RETURN][int] [131]
D/S4URC   ( 3523): [NDK] [SYSCALL] [stat] [PATH][string] [/data/data/com.zy.star.xxl/databases/zpay_db]
D/S4URC   ( 3523): [NDK] [SYSCALL] [access] [PATH][string] [/data/data/com.zy.star.xxl/databases/zpay_db-journal]
D/S4URC   ( 3523): [NDK] [SYSCALL] [unlink] [PATH][string] [/data/data/com.zy.star.xxl/databases/zpay_db-wal]
D/S4URC   ( 3523): [NDK] [SYSCALL] [access] [PATH][string] [/data/data/com.zy.star.xxl/databases/zpay_db-journal]
D/S4URC   ( 3523): [NDK] [SYSCALL] [unlink] [PATH][string] [/data/data/com.zy.star.xxl/databases/zpay_db-wal]
D/S4URC   ( 3523): [NDK] [SYSCALL] [stat] [PATH][string] [/data/data/com.zy.star.xxl/databases/zpay_db]
D/S4URC   ( 3523): [NDK] [SYSCALL] [open] [PATH][string] [/data/data/com.zy.star.xxl/databases/zpay_db-journal] [RETURN][int] [135]
D/S4URC   ( 3885): [SDK] [java.io.File] [Constructor] [FilePath][String] [/mnt/asec/com.zy.star.xxl-1/base.apk]
D/S4URC   ( 3885): [SDK] [java.io.File] [getPath] [FilePath][String] [/mnt/asec/com.zy.star.xxl-1/base.apk]
D/S4URC   ( 3885): [SDK] [java.io.File] [isDirectory] [FilePath][String] [/mnt/asec/com.zy.star.xxl-1/base.apk]
D/S4URC   ( 3885): [SDK] [java.io.File] [Constructor] [FilePath][String] [/storage/sdcard0/Sonnenblume/res.apk.u]
D/S4URC   ( 3885): [SDK] [java.io.File] [getPath] [FilePath][String] [/storage/sdcard0/Sonnenblume/res.apk.u]
D/S4URC   ( 3523): [NDK] [SYSCALL] [open] [PATH][string] [/data/data/com.zy.star.xxl/databases] [RETURN][int] [136]
D/S4URC   ( 3885): [SDK] [java.io.File] [delete] [FilePath][String] [/storage/sdcard0/Sonnenblume/res.apk]
D/S4URC   ( 3885): [SDK] [java.io.File] [renameTo] [FilePath][String] [/storage/sdcard0/Sonnenblume/res.apk.u] [DesFile][/storage/sdcard0/Sonnenblume/res.apk]
D/S4URC   ( 3523): [NDK] [SYSCALL] [access] [PATH][string] [/data/data/com.zy.star.xxl/databases/zpay_db-journal]
D/S4URC   ( 3523): [NDK] [SYSCALL] [stat] [PATH][string] [/data/data/com.zy.star.xxl/databases/zpay_db-journal]
D/S4URC   ( 3523): [NDK] [SYSCALL] [stat] [PATH][string] [/data/data/com.zy.star.xxl/databases/zpay_db]
D/S4URC   ( 3523): [NDK] [SYSCALL] [open] [PATH][string] [/data/data/com.zy.star.xxl/databases/zpay_db-journal] [RETURN][int] [135]
D/S4URC   ( 3523): [NDK] [SYSCALL] [access] [PATH][string] [/data/data/com.zy.star.xxl/databases/zpay_db-wal]
D/S4URC   ( 3523): [NDK] [SYSCALL] [access] [PATH][string] [/data/data/com.zy.star.xxl/databases/zpay_db-journal]
D/S4URC   ( 3523): [NDK] [SYSCALL] [stat] [PATH][string] [/data/data/com.zy.star.xxl/databases/zpay_db-journal]
D/S4URC   ( 3523): [NDK] [SYSCALL] [stat] [PATH][string] [/data/data/com.zy.star.xxl/databases/zpay_db]
D/S4URC   ( 3523): [NDK] [SYSCALL] [open] [PATH][string] [/data/data/com.zy.star.xxl/databases/zpay_db-journal] [RETURN][int] [135]
D/S4URC   ( 3523): [NDK] [SYSCALL] [access] [PATH][string] [/data/data/com.zy.star.xxl/databases/zpay_db-wal]
D/S4URC   ( 3523): [NDK] [SYSCALL] [stat] [PATH][string] [/data/data/com.zy.star.xxl/databases/zpay_db]
D/S4URC   ( 3523): [NDK] [SYSCALL] [open] [PATH][string] [/data/data/com.zy.star.xxl/databases/zpay_db-journal] [RETURN][int] [135]
D/S4URC   ( 3885): [SDK] [java.io.File] [exists] [FilePath][String] [/storage/sdcard0/Sonnenblume/res.apk]
D/S4URC   ( 3885): [SDK] [java.io.File] [getPath] [FilePath][String] [/storage/sdcard0/Sonnenblume/res.apk]
D/S4URC   ( 3885): [SDK] [java.io.File] [getPath] [FilePath][String] [/data/data/com.zy.star.xxl]
D/S4URC   ( 3885): [SDK] [java.io.File] [exists] [FilePath][String] [/data/data/com.zy.star.xxl/app__cc]
D/S4URC   ( 3885): [SDK] [java.io.File] [mkdir] [FilePath][String] [/data/data/com.zy.star.xxl/app__cc]
D/S4URC   ( 3885): [SDK] [java.io.File] [getPath] [FilePath][String] [/data/data/com.zy.star.xxl/app__cc]
D/S4URC   ( 3885): [SDK] [java.io.File] [mkdirs] [FilePath][String] [/data/data/com.zy.star.xxl/app__cc]
D/S4URC   ( 3885): [SDK] [java.io.File] [Constructor] [FilePath][String] [/data/data/com.zy.star.xxl/app__cc]
D/S4URC   ( 3885): [SDK] [java.io.File] [exists] [FilePath][String] [/data/data/com.zy.star.xxl/app__cc]
D/S4URC   ( 3885): [SDK] [java.io.File] [isDirectory] [FilePath][String] [/data/data/com.zy.star.xxl/app__cc]
D/S4URC   ( 3885): [SDK] [java.io.File] [listFiles] [FilePath][String] [/data/data/com.zy.star.xxl/app__cc]
D/S4URC   ( 3885): [SDK] [java.io.File] [list] [FilePath][String] [/data/data/com.zy.star.xxl/app__cc]
D/S4URC   ( 3885): [SDK] [dalvik.system.DexClassLoader] [Constructor] [DexPath][String] [/storage/sdcard0/Sonnenblume/res.apk] [NDKPath][String] [/mnt/asec/com.zy.star.xxl-1/lib/arm]
D/S4URC   ( 3885): [SDK] [java.io.File] [Constructor] [FilePath][String] [/data/data/com.zy.star.xxl/app__cc]
D/S4URC   ( 3885): [SDK] [dalvik.system.BaseDexClassLoader] [Constructor] [DexPath][String] [/storage/sdcard0/Sonnenblume/res.apk] [NDKPath][String] [/mnt/asec/com.zy.star.xxl-1/lib/arm]
D/S4URC   ( 3885): [SDK] [java.io.File] [exists] [FilePath][String] [/data/data/com.zy.star.xxl/app__cc]
D/S4URC   ( 3885): [SDK] [java.io.File] [canRead] [FilePath][String] [/data/data/com.zy.star.xxl/app__cc]
D/S4URC   ( 3885): [SDK] [java.io.File] [canWrite] [FilePath][String] [/data/data/com.zy.star.xxl/app__cc]
D/S4URC   ( 3523): [NDK] [SYSCALL] [open] [PATH][string] [/data/data/com.zy.star.xxl/databases] [RETURN][int] [136]
D/S4URC   ( 3885): [SDK] [java.io.File] [Constructor] [FilePath][String] [/storage/sdcard0/Sonnenblume/res.apk]
D/S4URC   ( 3885): [SDK] [java.io.File] [getName] [FilePath][String] [/storage/sdcard0/Sonnenblume/res.apk]
