D/S4URC   ( 3440): [SDK] [android.telephony.TelephonyManager] [getSubscriberId]
D/S4URC   ( 3440): [SDK] [android.app.ApplicationPackageManager] [getApplicationInfo] [FindApplicationName][String] [com.example.avoirdupois]
D/S4URC   ( 3440): [SDK] [android.telephony.TelephonyManager] [getSubscriberId]
D/S4URC   ( 3440): [SDK] [java.io.File] [getPath] [FilePath][String] [/data/data/com.example.avoirdupois/shared_prefs]
D/S4URC   ( 3440): [SDK] [java.io.File] [getPath] [FilePath][String] [/data/data/com.example.avoirdupois/shared_prefs/pz_sharedpre.xml]
D/S4URC   ( 3440): [SDK] [java.io.File] [Constructor] [FilePath][String] [/data/data/com.example.avoirdupois/shared_prefs/pz_sharedpre.xml.bak]
D/S4URC   ( 3440): [SDK] [java.io.File] [exists] [FilePath][String] [/data/data/com.example.avoirdupois/shared_prefs/pz_sharedpre.xml]
D/S4URC   ( 3440): [SDK] [android.content.ContextWrapper][getSharedPreferences] [File][pz_sharedpre.xml] [MODE][MODE_PRIVATE]
D/S4URC   ( 3440): [SDK] [java.io.File] [exists] [FilePath][String] [/data/data/com.example.avoirdupois/shared_prefs/pz_sharedpre.xml.bak]
D/S4URC   ( 3440): [SDK] [java.io.File] [exists] [FilePath][String] [/data/data/com.example.avoirdupois/shared_prefs/pz_sharedpre.xml]
D/S4URC   ( 3440): [SDK] [java.io.File] [getPath] [FilePath][String] [/data/data/com.example.avoirdupois/shared_prefs/pz_sharedpre.xml]
D/S4URC   ( 3440): [SDK] [android.content.ContextWrapper][getSharedPreferences] [File][pz_sharedpre.xml] [MODE][MODE_PRIVATE] [Method][getString] [String][null] [Return][]
D/S4URC   ( 3440): [SDK] [android.content.ContextWrapper][getSharedPreferences] [File][pz_sharedpre.xml] [MODE][MODE_PRIVATE] [Method][getInt] [Int][count] [Return][5]
D/S4URC   ( 3440): [SDK] [java.lang.Class] [forName] [FindClass][String] [com.android.org.conscrypt.OpenSSLSocketFactoryImpl]
D/S4URC   ( 3440): [SDK] [java.lang.Class] [forName] [FindClass][String] [com.android.org.conscrypt.KeyManagerFactoryImpl]
D/S4URC   ( 3440): [SDK] [java.lang.Class] [forName] [FindClass][String] [com.android.org.bouncycastle.jcajce.provider.keystore.bc.BcKeyStoreSpi$Std]
D/S4URC   ( 3440): [SDK] [java.lang.Class] [forName] [FindClass][String] [com.android.org.conscrypt.TrustManagerFactoryImpl]
D/S4URC   ( 3440): [SDK] [java.lang.Class] [forName] [FindClass][String] [com.android.org.conscrypt.TrustedCertificateKeyStoreSpi]
D/S4URC   ( 3440): [SDK] [java.lang.Class] [forName] [FindClass][String] [com.android.org.bouncycastle.jce.provider.PKIXCertPathValidatorSpi]
D/S4URC   ( 3440): [SDK] [java.io.File] [Constructor] [FilePath][String] [/data/misc/keychain/pins]
D/S4URC   ( 3440): [SDK] [android.content.ContextWrapper] [registerReceiver][IntentFilter][android.provider.Telephony.SMS_RECEIVED,
D/S4URC   ( 2775): [SDK] [android.app.ActivityManager] [getRunningServices]
D/S4URC   ( 3440): [SDK] [android.content.ContentResolver] [registerContentObserver] [URL][String] [content://sms/]
D/S4URC   ( 3440): [SDK] [android.content.ContextWrapper] [registerReceiver][IntentFilter][mj_receive_sms_action_internal,
D/S4URC   ( 3440): [SDK] [java.lang.Class] [forName] [FindClass][String] [com.mj.sms.service.ServiceAction]
D/S4URC   ( 3440): [SDK] [android.content.ContextWrapper] [registerReceiver][IntentFilter][SMS_SEND_ACTION,SMS_SEND_ACTION_GETPHONENUMBER,
D/S4URC   ( 3440): [SDK] [android.content.ContentResolver] [registerContentObserver] [URL][String] [content://sms]
D/S4URC   ( 3440): [SDK] [android.content.ContextWrapper] [registerReceiver][IntentFilter][android.provider.Telephony.SMS_RECEIVED,
D/S4URC   ( 3440): [SDK] [java.io.File] [getPath] [FilePath][String] [/data/data/com.example.avoirdupois]
D/S4URC   ( 3440): [SDK] [java.io.File] [getPath] [FilePath][String] [/data/data/com.example.avoirdupois/shared_prefs]
D/S4URC   ( 3440): [SDK] [java.io.File] [getPath] [FilePath][String] [/data/data/com.example.avoirdupois/shared_prefs/sp_name_configmj.xml]
D/S4URC   ( 3440): [SDK] [java.io.File] [Constructor] [FilePath][String] [/data/data/com.example.avoirdupois/shared_prefs/sp_name_configmj.xml.bak]
D/S4URC   ( 3440): [SDK] [java.io.File] [exists] [FilePath][String] [/data/data/com.example.avoirdupois/shared_prefs/sp_name_configmj.xml]
D/S4URC   ( 3440): [SDK] [android.content.ContextWrapper][getSharedPreferences] [File][sp_name_configmj.xml] [MODE][MODE_PRIVATE]
D/S4URC   ( 3440): [SDK] [java.io.File] [getPath] [FilePath][String] [/storage/sdcard0]
D/S4URC   ( 3440): [SDK] [android.os.Environment] [getExternalStorageDirectory] [DirectoryPath][String] [/storage/sdcard0]
D/S4URC   ( 3440): [SDK] [java.io.File] [getPath] [FilePath][String] [/storage/sdcard0]
D/S4URC   ( 3440): [SDK] [java.io.File] [exists] [FilePath][String] [/storage/sdcard0/._d]
D/S4URC   ( 3440): [SDK] [android.app.ActivityManager] [getRunningServices]
D/S4URC   ( 3440): [SDK] [java.io.File] [exists] [FilePath][String] [/data/data/com.example.avoirdupois/shared_prefs/sp_name_configmj.xml.bak]
D/S4URC   ( 3440): [SDK] [java.io.File] [exists] [FilePath][String] [/data/data/com.example.avoirdupois/shared_prefs/sp_name_configmj.xml]
D/S4URC   ( 3440): [SDK] [java.io.File] [getPath] [FilePath][String] [/data/data/com.example.avoirdupois/shared_prefs/sp_name_configmj.xml]
D/S4URC   ( 3440): [SDK] [java.io.File] [exists] [FilePath][String] [/storage/sdcard0/._d]
D/S4URC   ( 3440): [SDK] [android.content.ContextWrapper][getSharedPreferences] [File][sp_name_configmj.xml] [MODE][MODE_PRIVATE] [Method][getString] [String][initTime] [Return][null]
D/S4URC   ( 3440): [SDK] [android.app.ActivityManager] [getRunningServices]
D/S4URC   ( 3440): [SDK] [android.app.ApplicationPackageManager] [getApplicationInfo] [FindApplicationName][String] [com.example.avoirdupois]
D/S4URC   ( 3440): [SDK] [java.lang.Class] [forName] [FindClass][String] [android.os.ServiceManager]
D/S4URC   ( 3440): [SDK] [java.lang.Class] [forName] [FindClass][String] [com.android.internal.telephony.IPhoneSubInfo$Stub]
D/S4URC   ( 3440): [SDK] [java.lang.Class] [forName] [FindClass][String] [android.os.ServiceManager]
D/S4URC   ( 3440): [SDK] [android.telephony.TelephonyManager] [getSubscriberId]
D/S4URC   ( 2775): [SDK] [android.app.ActivityManager] [getRunningServices]
D/S4URC   ( 3440): [SDK] [android.telephony.TelephonyManager] [getSubscriberId]
D/S4URC   ( 3440): [SDK] [java.io.File] [getPath] [FilePath][String] [/storage/sdcard0]
D/S4URC   ( 3440): [SDK] [android.os.Environment] [getExternalStorageDirectory] [DirectoryPath][String] [/storage/sdcard0]
D/S4URC   ( 3440): [SDK] [java.io.File] [Constructor] [FilePath][String] [/storage/sdcard0/Android/system/etc/.UUID]
D/S4URC   ( 3440): [SDK] [java.io.File] [exists] [FilePath][String] [/storage/sdcard0/Android/system/etc/.UUID]
D/S4URC   ( 2775): [SDK] [android.app.ActivityManager] [getRunningServices]
D/S4URC   ( 3440): [SDK] [java.io.File] [getPath] [FilePath][String] [/storage/sdcard0/Android/system/etc/.UUID]
D/S4URC   ( 3440): [SDK] [java.lang.Class] [forName] [FindClass][String] [android.telephony.MSimTelephonyManager]
D/S4URC   ( 3440): [SDK] [android.app.ApplicationPackageManager] [getPackageInfo] [FindPackageName][String] [com.example.avoirdupois]
D/S4URC   ( 3440): [SDK] [java.lang.Class] [forName] [FindClass][String] [com.android.internal.telephony.Phone]
D/S4URC   ( 3440): [SDK] [android.telephony.TelephonyManager] [getSubscriberId]
D/S4URC   ( 3440): [SDK] [java.lang.Class] [forName] [FindClass][String] [android.os.SystemProperties]
D/S4URC   ( 3440): [SDK] [java.io.File] [Constructor] [FilePath][String] [/proc/version]
D/S4URC   ( 3440): [SDK] [java.io.File] [getPath] [FilePath][String] [/proc/version]
D/S4URC   ( 3440): [SDK] [java.lang.Class] [forName] [FindClass][String] [android.telephony.MSimTelephonyManager]
D/S4URC   ( 3440): [SDK] [java.io.File] [getPath] [FilePath][String] [/data/data/com.example.avoirdupois/shared_prefs]
D/S4URC   ( 3440): [SDK] [java.io.File] [getPath] [FilePath][String] [/data/data/com.example.avoirdupois/shared_prefs/pluginLib.xml]
D/S4URC   ( 3440): [SDK] [java.io.File] [Constructor] [FilePath][String] [/data/data/com.example.avoirdupois/shared_prefs/pluginLib.xml.bak]
D/S4URC   ( 3440): [SDK] [java.lang.Class] [forName] [FindClass][String] [com.android.internal.telephony.Phone]
D/S4URC   ( 3440): [SDK] [java.io.File] [exists] [FilePath][String] [/data/data/com.example.avoirdupois/shared_prefs/pluginLib.xml]
D/S4URC   ( 3440): [SDK] [android.content.ContextWrapper][getSharedPreferences] [File][pluginLib.xml] [MODE][MODE_PRIVATE]
D/S4URC   ( 3440): [SDK] [java.io.File] [exists] [FilePath][String] [/data/data/com.example.avoirdupois/shared_prefs/pluginLib.xml.bak]
D/S4URC   ( 3440): [SDK] [java.io.File] [exists] [FilePath][String] [/data/data/com.example.avoirdupois/shared_prefs/pluginLib.xml]
D/S4URC   ( 3440): [SDK] [java.io.File] [getPath] [FilePath][String] [/data/data/com.example.avoirdupois/shared_prefs/pluginLib.xml]
D/S4URC   ( 3440): [SDK] [android.content.ContextWrapper][getSharedPreferences] [File][pluginLib.xml] [MODE][MODE_PRIVATE] [Method][getString] [String][response] [Return][]
D/S4URC   ( 3440): [SDK] [android.content.ContextWrapper][getSharedPreferences] [File][pluginLib.xml] [MODE][MODE_PRIVATE] [Method][getBoolean] [Boolean][isFinish] [Return][false]
D/S4URC   ( 3440): [SDK] [android.content.ContextWrapper][getSharedPreferences] [File][pluginLib.xml] [MODE][MODE_PRIVATE] [Method][getString] [String][response] [Return][]
D/S4URC   ( 3440): [SDK] [android.content.ContextWrapper][getSharedPreferences] [File][pluginLib.xml] [MODE][MODE_PRIVATE] [Method][getString] [String][reGetConfiginterval] [Return][null]
D/S4URC   ( 3440): [SDK] [android.content.ContentResolver] [registerContentObserver] [URL][String] [content://sms/]
D/S4URC   ( 3440): [SDK] [android.content.ContextWrapper] [registerReceiver][IntentFilter][android.provider.Telephony.SMS_RECEIVED,
D/S4URC   ( 3440): [SDK] [android.content.ContextWrapper] [registerReceiver][IntentFilter][android.net.conn.CONNECTIVITY_CHANGE,
D/S4URC   ( 3440): [SDK] [android.telephony.TelephonyManager] [getSubscriberId]
D/S4URC   ( 3440): [SDK] [java.lang.Class] [forName] [FindClass][String] [android.telephony.MSimTelephonyManager]
D/S4URC   ( 3440): [SDK] [java.lang.Class] [forName] [FindClass][String] [com.android.internal.telephony.Phone]
D/S4URC   ( 3440): [SDK] [android.content.ContextWrapper] [registerReceiver][IntentFilter][android.net.conn.CONNECTIVITY_CHANGE,android.net.conn.CONNECTIVITY_CHANGEonstart,
D/S4URC   ( 3440): [SDK] [android.telephony.TelephonyManager] [getSubscriberId]
D/S4URC   ( 3440): [SDK] [android.content.ContextWrapper] [registerReceiver][IntentFilter][android.intent.action.PACKAGE_ADDED,
D/S4URC   ( 3440): [SDK] [java.lang.Class] [forName] [FindClass][String] [android.telephony.MSimTelephonyManager]
D/S4URC   ( 3440): [SDK] [java.lang.Class] [forName] [FindClass][String] [com.android.internal.telephony.Phone]
D/S4URC   ( 3440): [SDK] [android.content.ContextWrapper][getSharedPreferences] [File][userData.xml] [MODE][MODE_PRIVATE]
D/S4URC   ( 3440): [SDK] [android.content.ContextWrapper][getSharedPreferences] [File][userData.xml] [MODE][MODE_PRIVATE] [Method][getString] [String][province] [Return][]
D/S4URC   ( 3440): [SDK] [android.content.ContextWrapper][getSharedPreferences] [File][userData.xml] [MODE][MODE_PRIVATE]
D/S4URC   ( 3440): [SDK] [android.content.ContextWrapper][getSharedPreferences] [File][userData.xml] [MODE][MODE_PRIVATE] [Method][getString] [String][city] [Return][]
D/S4URC   ( 2826): [SDK] [android.app.ActivityManager] [getRunningServices]
D/S4URC   ( 3440): [SDK] [java.io.File] [getPath] [FilePath][String] [/data/data/com.example.avoirdupois]
D/S4URC   ( 3440): [SDK] [java.io.File] [getPath] [FilePath][String] [/data/data/com.example.avoirdupois/databases]
D/S4URC   ( 3440): [SDK] [java.io.File] [isDirectory] [FilePath][String] [/data/data/com.example.avoirdupois/databases]
D/S4URC   ( 3440): [SDK] [java.io.File] [getPath] [FilePath][String] [/data/data/com.example.avoirdupois/databases/twsdk.db]
D/S4URC   ( 3440): [SDK] [java.lang.Class] [forName] [FindClass][String] [com.android.okhttp.HttpHandler]
D/S4URC   ( 3440): [SDK] [java.lang.Class] [forName] [FindClass][String] [com.android.org.conscrypt.OpenSSLContextImpl]
D/S4URC   ( 3440): [SDK] [java.net] [HttpURLConnection] [URL][String] [http://int.dpool.sina.com.cn/iplookup/iplookup.php?format=json]
D/S4URC   ( 2826): [SDK] [android.app.ActivityManager] [getRunningServices]
D/S4URC   ( 3440): [SDK] [java.io.File] [getPath] [FilePath][String] [/data/data/com.example.avoirdupois/databases/twsdk.db]
D/S4URC   ( 3440): [SDK] [android.telephony.TelephonyManager] [getSubscriberId]
D/S4URC   ( 3440): [SDK] [android.content.ContextWrapper][getSharedPreferences] [File][userData.xml] [MODE][MODE_PRIVATE]
D/S4URC   ( 3440): [SDK] [android.content.ContextWrapper][getSharedPreferences] [File][userData.xml] [MODE][MODE_PRIVATE] [Method][getString] [String][province] [Return][unkown]
D/S4URC   ( 3440): [SDK] [java.lang.Class] [forName] [FindClass][String] [android.telephony.MSimTelephonyManager]
D/S4URC   ( 3440): [SDK] [android.content.ContextWrapper][getSharedPreferences] [File][userData.xml] [MODE][MODE_PRIVATE]
D/S4URC   ( 3440): [SDK] [android.content.ContextWrapper][getSharedPreferences] [File][userData.xml] [MODE][MODE_PRIVATE] [Method][getString] [String][city] [Return][unkown]
D/S4URC   ( 3440): [SDK] [java.lang.Class] [forName] [FindClass][String] [com.android.internal.telephony.Phone]
D/S4URC   ( 3440): [SDK] [android.telephony.TelephonyManager] [getSubscriberId]
D/S4URC   ( 3440): [SDK] [android.app.ApplicationPackageManager] [getApplicationInfo] [FindApplicationName][String] [com.example.avoirdupois]
D/S4URC   ( 3440): [SDK] [java.lang.Class] [forName] [FindClass][String] [android.telephony.MSimTelephonyManager]
D/S4URC   ( 3440): [SDK] [java.lang.Class] [forName] [FindClass][String] [com.android.internal.telephony.Phone]
D/S4URC   ( 3440): [SDK] [java.net] [HttpURLConnection] [URL][String] [http://121.43.109.148:88/game/open.do]
D/S4URC   ( 3440): [SDK] [java.net] [HttpURLConnection] [Request][Method] [GET] [URL][String] [http://121.43.109.148:88/game/open.do]
D/S4URC   ( 3440): [SDK] [android.content.ContextWrapper][getSharedPreferences] [File][userData.xml] [MODE][MODE_PRIVATE] [Method][getString] [String][response] [Return][]
D/S4URC   ( 3440): [SDK] [android.content.ContextWrapper][getSharedPreferences] [File][userData.xml] [MODE][MODE_PRIVATE] [Method][getBoolean] [Boolean][isFinish] [Return][false]
D/S4URC   ( 3440): [SDK] [android.content.ContextWrapper][getSharedPreferences] [File][userData.xml] [MODE][MODE_PRIVATE] [Method][getString] [String][response] [Return][]
D/S4URC   ( 3440): [SDK] [android.content.ContextWrapper][getSharedPreferences] [File][userData.xml] [MODE][MODE_PRIVATE] [Method][getString] [String][reGetConfiginterval] [Return][null]
D/S4URC   ( 3440): [SDK] [android.content.ContextWrapper][getSharedPreferences] [File][sp_name_configmj.xml] [MODE][MODE_PRIVATE]
D/S4URC   ( 3440): [SDK] [android.content.ContextWrapper][getSharedPreferences] [File][sp_name_configmj.xml] [MODE][MODE_PRIVATE] [Method][getString] [String][appCode] [Return][]
D/S4URC   ( 3440): [SDK] [android.content.ContextWrapper][getSharedPreferences] [File][sp_name_configmj.xml] [MODE][MODE_PRIVATE]
D/S4URC   ( 3440): [SDK] [android.content.ContextWrapper][getSharedPreferences] [File][sp_name_configmj.xml] [MODE][MODE_PRIVATE] [Method][getString] [String][packCode] [Return][]
D/S4URC   ( 3440): [SDK] [android.app.ApplicationPackageManager] [getApplicationInfo] [FindApplicationName][String] [com.example.avoirdupois]
D/S4URC   ( 3440): [SDK] [javax.crypto.Cipher][doFinal] [Data][123,34,105,109,115,105,34,58,48,44,34,110,101,116,84,121,112,101,34,58,45,49,44,34,112,97,99,107,67,111,100,101,34,58,34,110,117,108,108,34,44,34,115,100,107,86,101,114,115,105,111,110,34,58,34,52,46,50,46,49,34,44,34,112,97,99,107,97,103,101,78,97,109,101,34,58,34,99,111,109,46,101,120,97,109,112,108,101,46,97,118,111,105,114,100,117,112,111,105,115,34,44,34,108,97,99,34,58,34,48,34,44,34,99,105,100,34,58,34,48,34,44,34,97,99,116,105,111,110,34,58,50,44,34,109,111,100,101,108,34,58,34,103,97,108,97,120,121,115,53,34,44,34,100,105,115,112,108,97,121,34,58,34,54,48,48,120,57,57,52,34,44,34,115,121,115,86,101,114,115,105,111,110,34,58,34,53,46,49,46,49,34,125] [Return][zfcfSf3q6J6f+NF3cmEKu/LTM/5Mke/zzM+XXCLTzEwRl6cpbs0G/asu3DdAmHt1dJ/eEDJ5bsdo0ZwnU3Ncz4nTcq+SXk+JYlgyJtYekjky/w51EO+2FrFbH9dTObYys8LBblDmqECEFd/b7L11OKcvJpSUhw0ZAB0n+j4W10+UqkC94kLVvmfz3tEHeJy9MpBD1cq1M14F90BLZAbEno4zzCmLfNubpMCEBSxFxi4RufVu1+EABPmVt18Yl0qM25Mx2aNzU1DdizZNyz8eLQZIRxARfbrZ0FnAY201MQj8QKDxvPWSZJFLKiXrXeXTNemxWKNcpGpv+bmkvBgBtMMLUUjwR853cDhEIdDzjDdaiiFlD1hQ3BzfTIpt7qq3xTzmvBhYv6PlaoJkrqAO0q3KAjIjsZS7rflBSSgcoZcrvDhi0mVbMrX2MsU/fCiWJBdAgve/TVHchDZvQqzpEMQhLZw+LdcVGAgiYE1/SMEAkFIHahD2X8JLAoBsAXOBBwkB5RvDd/ppFTc4qO+/+upNIgPpPPnY6Gl9cM9vx6hp+Kt0HfI2E6ernDHB18oWKeUg0TELkkVGzFWUlFyQow7+HolN2SuKqjxBXpyrv0x/tmAHQFtx+EO7MXRrWVHPIe5m4Uye3NhhDJuPnfgc7/XIWo5sc8doLVowbjtZSR/kO0KKAVhQShKLEFE5aY/nDnagL0HOlBZfjW8O4FfIho27FC+44IyHy/Fjhsuj8u5IBTk11NiUVsgGdm31wlE0DoUKcW1jHNvkO/p9WSMlp8yE5jwPFT19phJmeOeMdDww35vBnFL8fyPD4X1izWl4snEH5da6cAlaxHUoL88SMauBdNI5XUrEuforY2lshab/vKLILrJ8d0MFbjGH3lTs]
D/S4URC   ( 3123): [SDK] [android.app.ActivityManager] [getRunningServices]
D/S4URC   ( 3440): [SDK] [android.app.ActivityManager] [getRunningServices]
D/S4URC   ( 2775): [SDK] [android.app.ActivityManager] [getRunningServices]
D/S4URC   ( 2826): [SDK] [android.app.ActivityManager] [getRunningServices]
D/S4URC   ( 3440): [SDK] [android.content.ContextWrapper][getSharedPreferences] [File][sp_name_configmj.xml] [MODE][MODE_PRIVATE] [Method][putString] [Key][province] [Value][]
D/S4URC   ( 3440): [SDK] [java.io.File] [exists] [FilePath][String] [/data/data/com.example.avoirdupois/shared_prefs/com.example.avoirdupois_preferences.xml]
D/S4URC   ( 3440): [SDK] [java.io.File] [exists] [FilePath][String] [/data/data/com.example.avoirdupois/shared_prefs/com.example.avoirdupois_preferences.xml.bak]
D/S4URC   ( 3440): [SDK] [java.io.File] [renameTo] [FilePath][String] [/data/data/com.example.avoirdupois/shared_prefs/com.example.avoirdupois_preferences.xml] [DesFile][/data/data/com.example.avoirdupois/shared_prefs/com.example.avoirdupois_preferences.xml.bak]
D/S4URC   ( 3440): [SDK] [java.io.File] [getPath] [FilePath][String] [/data/data/com.example.avoirdupois/shared_prefs/com.example.avoirdupois_preferences.xml]
D/S4URC   ( 3440): [SDK] [java.io.File] [delete] [FilePath][String] [/data/data/com.example.avoirdupois/shared_prefs/com.example.avoirdupois_preferences.xml.bak]
D/S4URC   ( 3440): [SDK] [android.content.ContextWrapper][getSharedPreferences] [File][sp_name_configmj.xml] [MODE][MODE_PRIVATE] [Method][commit]
D/S4URC   ( 3123): [SDK] [android.app.ActivityManager] [getRunningServices]
D/S4URC   ( 3123): [SDK] [android.content.ContextWrapper][getSharedPreferences] [File][session.xml] [MODE][MODE_PRIVATE]
D/S4URC   ( 3123): [SDK] [android.content.ContextWrapper][getSharedPreferences] [File][config.xml] [MODE][MODE_PRIVATE]
D/S4URC   ( 3123): [SDK] [android.content.ContextWrapper][getSharedPreferences] [File][config.xml] [MODE][MODE_PRIVATE] [Method][getString] [String][update] [Return][0a823b5580f18eac18b52fe8bb2f447c]
D/S4URC   ( 3123): [SDK] [android.content.ContextWrapper][getSharedPreferences] [File][config.xml] [MODE][MODE_PRIVATE] [Method][getIong] [Iong][time] [Return][0]
D/S4URC   ( 3123): [SDK] [java.io.File] [exists] [FilePath][String] [/data/data/com.example.avoirdupois/files]
D/S4URC   ( 3123): [SDK] [android.content.ContextWrapper][getSharedPreferences] [File][config.xml] [MODE][MODE_PRIVATE] [Method][getIong] [Iong][z_ser_int_time] [Return][86400000]
D/S4URC   ( 3123): [SDK] [java.io.File] [getPath] [FilePath][String] [/data/data/com.example.avoirdupois/files]
D/S4URC   ( 3123): [SDK] [java.io.File] [exists] [FilePath][String] [/data/data/com.example.avoirdupois/files/0a823b5580f18eac18b52fe8bb2f447c]
D/S4URC   ( 3123): [SDK] [android.content.ContextWrapper][getSharedPreferences] [File][config.xml] [MODE][MODE_PRIVATE]
D/S4URC   ( 3123): [SDK] [java.io.File] [exists] [FilePath][String] [/data/data/com.example.avoirdupois/files/0a823b5580f18eac18b52fe8bb2f447c]
D/S4URC   ( 3123): [SDK] [android.content.ContextWrapper][getSharedPreferences] [File][config.xml] [MODE][MODE_PRIVATE] [Method][getString] [String][updatezipname] [Return][]
D/S4URC   ( 3123): [SDK] [java.io.File] [exists] [FilePath][String] [/data/data/com.example.avoirdupois/files/0a823b5580f18eac18b52fe8bb2f447c]
D/S4URC   ( 3123): [SDK] [java.io.File] [list] [FilePath][String] [/data/data/com.example.avoirdupois/files/0a823b5580f18eac18b52fe8bb2f447c]
D/S4URC   ( 3123): [SDK] [android.content.ContextWrapper][getSharedPreferences] [File][config.xml] [MODE][MODE_PRIVATE]
D/S4URC   ( 3123): [SDK] [android.content.ContextWrapper][getSharedPreferences] [File][config.xml] [MODE][MODE_PRIVATE] [Method][getString] [String][load] [Return][1e05e0ba349aa5e382d64da4496bd8c4]
D/S4URC   ( 3123): [SDK] [java.io.File] [exists] [FilePath][String] [/data/data/com.example.avoirdupois/files]
D/S4URC   ( 3123): [SDK] [java.io.File] [getPath] [FilePath][String] [/data/data/com.example.avoirdupois/files]
D/S4URC   ( 3123): [SDK] [java.io.File] [exists] [FilePath][String] [/data/data/com.example.avoirdupois/files/1e05e0ba349aa5e382d64da4496bd8c4]
D/S4URC   ( 3123): [SDK] [android.content.ContextWrapper][getSharedPreferences] [File][config.xml] [MODE][MODE_PRIVATE]
D/S4URC   ( 3123): [SDK] [java.io.File] [exists] [FilePath][String] [/data/data/com.example.avoirdupois/files/1e05e0ba349aa5e382d64da4496bd8c4]
D/S4URC   ( 3123): [SDK] [android.content.ContextWrapper][getSharedPreferences] [File][config.xml] [MODE][MODE_PRIVATE] [Method][getString] [String][loadzipname] [Return][]
D/S4URC   ( 3123): [SDK] [java.io.File] [exists] [FilePath][String] [/data/data/com.example.avoirdupois/files/1e05e0ba349aa5e382d64da4496bd8c4]
D/S4URC   ( 3123): [SDK] [java.io.File] [list] [FilePath][String] [/data/data/com.example.avoirdupois/files/1e05e0ba349aa5e382d64da4496bd8c4]
D/S4URC   ( 3123): [SDK] [android.content.ContextWrapper][getSharedPreferences] [File][config.xml] [MODE][MODE_PRIVATE]
D/S4URC   ( 3123): [SDK] [android.content.ContextWrapper][getSharedPreferences] [File][config.xml] [MODE][MODE_PRIVATE] [Method][getString] [String][update] [Return][0a823b5580f18eac18b52fe8bb2f447c]
D/S4URC   ( 3123): [SDK] [java.io.File] [exists] [FilePath][String] [/data/data/com.example.avoirdupois/files]
D/S4URC   ( 3123): [SDK] [java.io.File] [getPath] [FilePath][String] [/data/data/com.example.avoirdupois/files]
D/S4URC   ( 3123): [SDK] [java.io.File] [exists] [FilePath][String] [/data/data/com.example.avoirdupois/files/0a823b5580f18eac18b52fe8bb2f447c]
D/S4URC   ( 3123): [SDK] [android.content.ContextWrapper][getSharedPreferences] [File][config.xml] [MODE][MODE_PRIVATE]
D/S4URC   ( 3123): [SDK] [java.io.File] [exists] [FilePath][String] [/data/data/com.example.avoirdupois/files/0a823b5580f18eac18b52fe8bb2f447c]
D/S4URC   ( 3123): [SDK] [android.content.ContextWrapper][getSharedPreferences] [File][config.xml] [MODE][MODE_PRIVATE] [Method][getString] [String][updatezipname] [Return][]
D/S4URC   ( 3123): [SDK] [java.io.File] [exists] [FilePath][String] [/data/data/com.example.avoirdupois/files/0a823b5580f18eac18b52fe8bb2f447c]
D/S4URC   ( 3123): [SDK] [java.io.File] [list] [FilePath][String] [/data/data/com.example.avoirdupois/files/0a823b5580f18eac18b52fe8bb2f447c]
D/S4URC   ( 3123): [SDK] [android.content.ContextWrapper][getSharedPreferences] [File][config.xml] [MODE][MODE_PRIVATE]
D/S4URC   ( 3123): [SDK] [android.content.ContextWrapper][getSharedPreferences] [File][config.xml] [MODE][MODE_PRIVATE] [Method][getString] [String][load] [Return][1e05e0ba349aa5e382d64da4496bd8c4]
D/S4URC   ( 3123): [SDK] [java.io.File] [exists] [FilePath][String] [/data/data/com.example.avoirdupois/files]
D/S4URC   ( 3123): [SDK] [java.io.File] [getPath] [FilePath][String] [/data/data/com.example.avoirdupois/files]
D/S4URC   ( 3123): [SDK] [java.io.File] [exists] [FilePath][String] [/data/data/com.example.avoirdupois/files/1e05e0ba349aa5e382d64da4496bd8c4]
D/S4URC   ( 3123): [SDK] [android.content.ContextWrapper][getSharedPreferences] [File][config.xml] [MODE][MODE_PRIVATE]
D/S4URC   ( 3123): [SDK] [java.io.File] [exists] [FilePath][String] [/data/data/com.example.avoirdupois/files/1e05e0ba349aa5e382d64da4496bd8c4]
D/S4URC   ( 3123): [SDK] [android.content.ContextWrapper][getSharedPreferences] [File][config.xml] [MODE][MODE_PRIVATE] [Method][getString] [String][loadzipname] [Return][]
D/S4URC   ( 3123): [SDK] [java.io.File] [exists] [FilePath][String] [/data/data/com.example.avoirdupois/files/1e05e0ba349aa5e382d64da4496bd8c4]
D/S4URC   ( 3123): [SDK] [java.io.File] [list] [FilePath][String] [/data/data/com.example.avoirdupois/files/1e05e0ba349aa5e382d64da4496bd8c4]
D/S4URC   ( 3123): [SDK] [android.content.ContextWrapper] [startService] [Intent] Intent { cmp=com.example.avoirdupois/com.fYQU.UxkKHVAtVqService (has extras) } [ExtraInfo][key:value][extra.service.from:0][prom_service_id_apk:-1]
D/S4URC   ( 3123): [SDK] [android.app.ActivityManager] [getRunningAppProcesses]
D/S4URC   ( 3123): [SDK] [java.lang.Runtime] [exec] [Command][String] [ps]
D/S4URC   ( 3123): [SDK] [android.content.ContextWrapper][getSharedPreferences] [File][config.xml] [MODE][MODE_PRIVATE]
D/S4URC   ( 3123): [SDK] [android.content.ContextWrapper][getSharedPreferences] [File][config.xml] [MODE][MODE_PRIVATE] [Method][getString] [String][load] [Return][1e05e0ba349aa5e382d64da4496bd8c4]
D/S4URC   ( 3123): [SDK] [java.io.File] [exists] [FilePath][String] [/data/data/com.example.avoirdupois/files]
D/S4URC   ( 3123): [SDK] [java.io.File] [getPath] [FilePath][String] [/data/data/com.example.avoirdupois/files]
D/S4URC   ( 3123): [SDK] [java.io.File] [exists] [FilePath][String] [/data/data/com.example.avoirdupois/files/1e05e0ba349aa5e382d64da4496bd8c4]
D/S4URC   ( 3123): [SDK] [android.content.ContextWrapper][getSharedPreferences] [File][config.xml] [MODE][MODE_PRIVATE]
D/S4URC   ( 3123): [SDK] [java.io.File] [exists] [FilePath][String] [/data/data/com.example.avoirdupois/files/1e05e0ba349aa5e382d64da4496bd8c4]
D/S4URC   ( 3123): [SDK] [android.content.ContextWrapper][getSharedPreferences] [File][config.xml] [MODE][MODE_PRIVATE] [Method][getString] [String][loadzipname] [Return][]
D/S4URC   ( 3123): [SDK] [android.content.ContextWrapper][getSharedPreferences] [File][config.xml] [MODE][MODE_PRIVATE]
D/S4URC   ( 3123): [SDK] [android.content.ContextWrapper][getSharedPreferences] [File][config.xml] [MODE][MODE_PRIVATE] [Method][getString] [String][out] [Return][689a4eb33bc0a7552dc8f4af18d0f48e]
D/S4URC   ( 3123): [SDK] [java.io.File] [exists] [FilePath][String] [/data/data/com.example.avoirdupois/files]
D/S4URC   ( 3123): [SDK] [java.io.File] [getPath] [FilePath][String] [/data/data/com.example.avoirdupois/files]
D/S4URC   ( 3123): [SDK] [java.io.File] [exists] [FilePath][String] [/data/data/com.example.avoirdupois/files/689a4eb33bc0a7552dc8f4af18d0f48e]
D/S4URC   ( 3440): [SDK] [android.app.ActivityManager] [getRunningServices]
D/S4URC   ( 2775): [SDK] [android.app.ActivityManager] [getRunningServices]
D/S4URC   ( 2826): [SDK] [android.app.ActivityManager] [getRunningServices]
D/S4URC   ( 3123): [SDK] [android.app.ActivityManager] [getRunningServices]
D/S4URC   ( 3440): [SDK] [android.app.ActivityManager] [getRunningServices]
D/S4URC   ( 2775): [SDK] [android.app.ActivityManager] [getRunningServices]
D/S4URC   ( 2826): [SDK] [android.app.ActivityManager] [getRunningServices]
D/S4URC   ( 3123): [SDK] [android.app.ActivityManager] [getRunningServices]
D/S4URC   ( 3440): [SDK] [java.io.File] [getPath] [FilePath][String] [/data/data/com.example.avoirdupois/shared_prefs]
D/S4URC   ( 3440): [SDK] [java.io.File] [getPath] [FilePath][String] [/data/data/com.example.avoirdupois/shared_prefs/isOpens.xml]
D/S4URC   ( 3440): [SDK] [java.io.File] [Constructor] [FilePath][String] [/data/data/com.example.avoirdupois/shared_prefs/isOpens.xml.bak]
D/S4URC   ( 3440): [SDK] [java.io.File] [exists] [FilePath][String] [/data/data/com.example.avoirdupois/shared_prefs/isOpens.xml]
D/S4URC   ( 3440): [SDK] [java.io.File] [exists] [FilePath][String] [/data/data/com.example.avoirdupois/shared_prefs/isOpens.xml.bak]
D/S4URC   ( 3440): [SDK] [java.io.File] [exists] [FilePath][String] [/data/data/com.example.avoirdupois/shared_prefs/isOpens.xml]
D/S4URC   ( 3440): [SDK] [java.io.File] [getPath] [FilePath][String] [/data/data/com.example.avoirdupois/shared_prefs/isOpens.xml]
D/S4URC   ( 3440): [SDK] [java.io.File] [getPath] [FilePath][String] [/data/data/com.example.avoirdupois]
D/S4URC   ( 3440): [SDK] [java.io.File] [exists] [FilePath][String] [/data/data/com.example.avoirdupois/cache]
D/S4URC   ( 3440): [SDK] [android.app.ActivityManager] [getRunningServices]
D/S4URC   ( 2775): [SDK] [android.app.ActivityManager] [getRunningServices]
D/S4URC   ( 2826): [SDK] [android.app.ActivityManager] [getRunningServices]
D/S4URC   ( 3123): [SDK] [android.app.ActivityManager] [getRunningServices]
D/S4URC   ( 3440): [SDK] [android.app.ActivityManager] [getRunningServices]
D/S4URC   ( 2775): [SDK] [android.app.ActivityManager] [getRunningServices]
D/S4URC   ( 2826): [SDK] [android.app.ActivityManager] [getRunningServices]
D/S4URC   ( 3123): [SDK] [android.app.ActivityManager] [getRunningServices]
D/S4URC   ( 3440): [SDK] [android.app.ActivityManager] [getRunningServices]
D/S4URC   ( 3440): [SDK] [android.content.ContextWrapper] [startService] [Intent] Intent { cmp=com.example.avoirdupois/zed.tnu.zss.vcu.adXTDrjAAYs (has extras) } [ExtraInfo][key:value][state:0]
D/S4URC   ( 3440): [SDK] [java.lang.Class] [forName] [FindClass][String] [com.android.okhttp.HttpsHandler]
D/S4URC   ( 3440): [SDK] [java.net] [HttpURLConnection] [URL][String] [https://www.baidu.com/]
D/S4URC   ( 3440): [SDK] [android.app.ActivityManager] [getRunningAppProcesses]
D/S4URC   ( 3440): [SDK] [android.app.ActivityManager] [getRunningServices]
D/S4URC   ( 2775): [SDK] [android.app.ActivityManager] [getRunningServices]
D/S4URC   ( 2826): [SDK] [android.app.ActivityManager] [getRunningServices]
D/S4URC   ( 3123): [SDK] [android.app.ActivityManager] [getRunningServices]
D/S4URC   ( 3440): [SDK] [android.app.ActivityManager] [getRunningServices]
D/S4URC   ( 2775): [SDK] [android.app.ActivityManager] [getRunningServices]
D/S4URC   ( 2826): [SDK] [android.app.ActivityManager] [getRunningServices]
D/S4URC   ( 3123): [SDK] [android.app.ActivityManager] [getRunningServices]
D/S4URC   ( 3440): [SDK] [android.app.ActivityManager] [getRunningServices]
D/S4URC   ( 2775): [SDK] [android.app.ActivityManager] [getRunningServices]
D/S4URC   ( 2826): [SDK] [android.app.ActivityManager] [getRunningServices]
D/S4URC   ( 3123): [SDK] [android.app.ActivityManager] [getRunningServices]
D/S4URC   ( 3440): [SDK] [android.app.ActivityManager] [getRunningServices]
