D/S4URC   ( 3482): [NDK] [SYSCALL] [chmod] [PATH][string] [/data/data/com.lkkspl.nhwxyckj/databases/dataeye_database_053CE9326103161DC37854ECE8E0DBE2.db] [MODE][int] [0660]
D/S4URC   ( 3482): [NDK] [SYSCALL] [access] [PATH][string] [/data/data/com.lkkspl.nhwxyckj/databases/dataeye_database_053CE9326103161DC37854ECE8E0DBE2.db-journal]
D/S4URC   ( 3482): [NDK] [SYSCALL] [stat] [PATH][string] [/data/data/com.lkkspl.nhwxyckj/databases/dataeye_database_053CE9326103161DC37854ECE8E0DBE2.db-journal]
D/S4URC   ( 3482): [NDK] [SYSCALL] [stat] [PATH][string] [/data/data/com.lkkspl.nhwxyckj/databases/dataeye_database_053CE9326103161DC37854ECE8E0DBE2.db]
D/S4URC   ( 3482): [NDK] [SYSCALL] [open] [PATH][string] [/data/data/com.lkkspl.nhwxyckj/databases/dataeye_database_053CE9326103161DC37854ECE8E0DBE2.db-journal] [RETURN][int] [133]
D/S4URC   ( 3482): [NDK] [SYSCALL] [access] [PATH][string] [/data/data/com.lkkspl.nhwxyckj/databases/dataeye_database_053CE9326103161DC37854ECE8E0DBE2.db-wal]
D/S4URC   ( 3482): [NDK] [SYSCALL] [access] [PATH][string] [/data/data/com.lkkspl.nhwxyckj/databases/dataeye_database_053CE9326103161DC37854ECE8E0DBE2.db-journal]
D/S4URC   ( 3482): [NDK] [SYSCALL] [stat] [PATH][string] [/data/data/com.lkkspl.nhwxyckj/databases/dataeye_database_053CE9326103161DC37854ECE8E0DBE2.db-journal]
D/S4URC   ( 3482): [NDK] [SYSCALL] [stat] [PATH][string] [/data/data/com.lkkspl.nhwxyckj/databases/dataeye_database_053CE9326103161DC37854ECE8E0DBE2.db]
D/S4URC   ( 3482): [NDK] [SYSCALL] [open] [PATH][string] [/data/data/com.lkkspl.nhwxyckj/databases/dataeye_database_053CE9326103161DC37854ECE8E0DBE2.db-journal] [RETURN][int] [133]
D/S4URC   ( 3482): [NDK] [SYSCALL] [access] [PATH][string] [/data/data/com.lkkspl.nhwxyckj/databases/dataeye_database_053CE9326103161DC37854ECE8E0DBE2.db-wal]
D/S4URC   ( 3482): [NDK] [SYSCALL] [stat] [PATH][string] [/data/data/com.lkkspl.nhwxyckj/databases/dataeye_database_053CE9326103161DC37854ECE8E0DBE2.db]
D/S4URC   ( 3482): [NDK] [SYSCALL] [open] [PATH][string] [/data/data/com.lkkspl.nhwxyckj/databases/dataeye_database_053CE9326103161DC37854ECE8E0DBE2.db-journal] [RETURN][int] [133]
D/S4URC   ( 3482): [NDK] [SYSCALL] [open] [PATH][string] [/data/data/com.lkkspl.nhwxyckj/databases] [RETURN][int] [91]
D/S4URC   ( 3482): [SDK] [android.database.sqlite.SQLiteDatabase] [execSQL] [ExecInfo][String] [insert  or replace into dataeye_agenda_log(type,account_id ,agenda_data)  values(?,?,?)] [Bind][3]
D/S4URC   ( 3482): [NDK] [SYSCALL] [stat] [PATH][string] [/data/data/com.lkkspl.nhwxyckj/databases/dataeye_database_053CE9326103161DC37854ECE8E0DBE2.db]
D/S4URC   ( 3482): [SDK] [java.io.File] [getPath] [FilePath][String] [/data/data/com.lkkspl.nhwxyckj/databases]
D/S4URC   ( 3482): [SDK] [java.io.File] [isDirectory] [FilePath][String] [/data/data/com.lkkspl.nhwxyckj/databases]
D/S4URC   ( 3482): [NDK] [SYSCALL] [stat] [PATH][string] [/data/data/com.lkkspl.nhwxyckj/databases]
D/S4URC   ( 3482): [SDK] [java.io.File] [getPath] [FilePath][String] [/data/data/com.lkkspl.nhwxyckj/databases/dataeye_database_053CE9326103161DC37854ECE8E0DBE2.db]
D/S4URC   ( 3482): [NDK] [SYSCALL] [stat] [PATH][string] [/data/data/com.lkkspl.nhwxyckj/databases/dataeye_database_053CE9326103161DC37854ECE8E0DBE2.db]
D/S4URC   ( 3482): [NDK] [SYSCALL] [open] [PATH][string] [/data/data/com.lkkspl.nhwxyckj/databases/dataeye_database_053CE9326103161DC37854ECE8E0DBE2.db] [RETURN][int] [22]
D/S4URC   ( 3482): [NDK] [SYSCALL] [stat] [PATH][string] [/data/data/com.lkkspl.nhwxyckj/databases/dataeye_database_053CE9326103161DC37854ECE8E0DBE2.db]
D/S4URC   ( 3482): [NDK] [SYSCALL] [access] [PATH][string] [/data/data/com.lkkspl.nhwxyckj/databases/dataeye_database_053CE9326103161DC37854ECE8E0DBE2.db-journal]
D/S4URC   ( 3482): [NDK] [SYSCALL] [stat] [PATH][string] [/data/data/com.lkkspl.nhwxyckj/databases/dataeye_database_053CE9326103161DC37854ECE8E0DBE2.db-journal]
D/S4URC   ( 3482): [NDK] [SYSCALL] [stat] [PATH][string] [/data/data/com.lkkspl.nhwxyckj/databases/dataeye_database_053CE9326103161DC37854ECE8E0DBE2.db]
D/S4URC   ( 3482): [NDK] [SYSCALL] [open] [PATH][string] [/data/data/com.lkkspl.nhwxyckj/databases/dataeye_database_053CE9326103161DC37854ECE8E0DBE2.db-journal] [RETURN][int] [82]
D/S4URC   ( 3482): [NDK] [SYSCALL] [access] [PATH][string] [/data/data/com.lkkspl.nhwxyckj/databases/dataeye_database_053CE9326103161DC37854ECE8E0DBE2.db-wal]
D/S4URC   ( 3482): [NDK] [SYSCALL] [access] [PATH][string] [/data/data/com.lkkspl.nhwxyckj/databases/dataeye_database_053CE9326103161DC37854ECE8E0DBE2.db-journal]
D/S4URC   ( 3482): [NDK] [SYSCALL] [stat] [PATH][string] [/data/data/com.lkkspl.nhwxyckj/databases/dataeye_database_053CE9326103161DC37854ECE8E0DBE2.db-journal]
D/S4URC   ( 3482): [NDK] [SYSCALL] [stat] [PATH][string] [/data/data/com.lkkspl.nhwxyckj/databases/dataeye_database_053CE9326103161DC37854ECE8E0DBE2.db]
D/S4URC   ( 3482): [NDK] [SYSCALL] [open] [PATH][string] [/data/data/com.lkkspl.nhwxyckj/databases/dataeye_database_053CE9326103161DC37854ECE8E0DBE2.db-journal] [RETURN][int] [91]
D/S4URC   ( 3482): [NDK] [SYSCALL] [access] [PATH][string] [/data/data/com.lkkspl.nhwxyckj/databases/dataeye_database_053CE9326103161DC37854ECE8E0DBE2.db-wal]
D/S4URC   ( 3482): [NDK] [SYSCALL] [access] [PATH][string] [/data/data/com.lkkspl.nhwxyckj/databases/dataeye_database_053CE9326103161DC37854ECE8E0DBE2.db-journal]
D/S4URC   ( 3482): [NDK] [SYSCALL] [stat] [PATH][string] [/data/data/com.lkkspl.nhwxyckj/databases/dataeye_database_053CE9326103161DC37854ECE8E0DBE2.db-journal]
D/S4URC   ( 3482): [NDK] [SYSCALL] [stat] [PATH][string] [/data/data/com.lkkspl.nhwxyckj/databases/dataeye_database_053CE9326103161DC37854ECE8E0DBE2.db]
D/S4URC   ( 3482): [NDK] [SYSCALL] [open] [PATH][string] [/data/data/com.lkkspl.nhwxyckj/databases/dataeye_database_053CE9326103161DC37854ECE8E0DBE2.db-journal] [RETURN][int] [99]
D/S4URC   ( 3482): [NDK] [SYSCALL] [access] [PATH][string] [/data/data/com.lkkspl.nhwxyckj/databases/dataeye_database_053CE9326103161DC37854ECE8E0DBE2.db-wal]
D/S4URC   ( 3482): [SDK] [java.io.File] [getPath] [FilePath][String] [/data/data/com.lkkspl.nhwxyckj/databases/dataeye_database_053CE9326103161DC37854ECE8E0DBE2.db]
D/S4URC   ( 3482): [NDK] [SYSCALL] [chmod] [PATH][string] [/data/data/com.lkkspl.nhwxyckj/databases/dataeye_database_053CE9326103161DC37854ECE8E0DBE2.db] [MODE][int] [0660]
D/S4URC   ( 3482): [NDK] [SYSCALL] [access] [PATH][string] [/data/data/com.lkkspl.nhwxyckj/databases/dataeye_database_053CE9326103161DC37854ECE8E0DBE2.db-journal]
D/S4URC   ( 3482): [NDK] [SYSCALL] [stat] [PATH][string] [/data/data/com.lkkspl.nhwxyckj/databases/dataeye_database_053CE9326103161DC37854ECE8E0DBE2.db-journal]
D/S4URC   ( 3482): [NDK] [SYSCALL] [stat] [PATH][string] [/data/data/com.lkkspl.nhwxyckj/databases/dataeye_database_053CE9326103161DC37854ECE8E0DBE2.db]
D/S4URC   ( 3482): [NDK] [SYSCALL] [open] [PATH][string] [/data/data/com.lkkspl.nhwxyckj/databases/dataeye_database_053CE9326103161DC37854ECE8E0DBE2.db-journal] [RETURN][int] [124]
D/S4URC   ( 3482): [NDK] [SYSCALL] [access] [PATH][string] [/data/data/com.lkkspl.nhwxyckj/databases/dataeye_database_053CE9326103161DC37854ECE8E0DBE2.db-wal]
D/S4URC   ( 3482): [NDK] [SYSCALL] [access] [PATH][string] [/data/data/com.lkkspl.nhwxyckj/databases/dataeye_database_053CE9326103161DC37854ECE8E0DBE2.db-journal]
D/S4URC   ( 3482): [NDK] [SYSCALL] [stat] [PATH][string] [/data/data/com.lkkspl.nhwxyckj/databases/dataeye_database_053CE9326103161DC37854ECE8E0DBE2.db-journal]
D/S4URC   ( 3482): [NDK] [SYSCALL] [stat] [PATH][string] [/data/data/com.lkkspl.nhwxyckj/databases/dataeye_database_053CE9326103161DC37854ECE8E0DBE2.db]
D/S4URC   ( 3482): [NDK] [SYSCALL] [open] [PATH][string] [/data/data/com.lkkspl.nhwxyckj/databases/dataeye_database_053CE9326103161DC37854ECE8E0DBE2.db-journal] [RETURN][int] [103]
D/S4URC   ( 3482): [NDK] [SYSCALL] [access] [PATH][string] [/data/data/com.lkkspl.nhwxyckj/databases/dataeye_database_053CE9326103161DC37854ECE8E0DBE2.db-wal]
D/S4URC   ( 3482): [NDK] [SYSCALL] [stat] [PATH][string] [/data/data/com.lkkspl.nhwxyckj/databases/dataeye_database_053CE9326103161DC37854ECE8E0DBE2.db]
D/S4URC   ( 3482): [NDK] [SYSCALL] [open] [PATH][string] [/data/data/com.lkkspl.nhwxyckj/databases/dataeye_database_053CE9326103161DC37854ECE8E0DBE2.db-journal] [RETURN][int] [103]
D/S4URC   ( 3482): [NDK] [SYSCALL] [open] [PATH][string] [/data/data/com.lkkspl.nhwxyckj/databases] [RETURN][int] [82]
D/S4URC   ( 3482): [SDK] [android.database.sqlite.SQLiteDatabase] [execSQL] [ExecInfo][String] [insert  or replace into dataeye_agenda_log(type,account_id ,agenda_data)  values(?,?,?)] [Bind][3]
D/S4URC   ( 3482): [NDK] [SYSCALL] [stat] [PATH][string] [/data/data/com.lkkspl.nhwxyckj/databases/dataeye_database_053CE9326103161DC37854ECE8E0DBE2.db]
D/S4URC   ( 3482): [SDK] [java.io.File] [getPath] [FilePath][String] [/data/data/com.lkkspl.nhwxyckj/databases]
D/S4URC   ( 3482): [SDK] [java.io.File] [isDirectory] [FilePath][String] [/data/data/com.lkkspl.nhwxyckj/databases]
D/S4URC   ( 3482): [NDK] [SYSCALL] [stat] [PATH][string] [/data/data/com.lkkspl.nhwxyckj/databases]
D/S4URC   ( 3482): [SDK] [java.io.File] [getPath] [FilePath][String] [/data/data/com.lkkspl.nhwxyckj/databases/dataeye_database_053CE9326103161DC37854ECE8E0DBE2.db]
D/S4URC   ( 3482): [NDK] [SYSCALL] [stat] [PATH][string] [/data/data/com.lkkspl.nhwxyckj/databases/dataeye_database_053CE9326103161DC37854ECE8E0DBE2.db]
D/S4URC   ( 3482): [NDK] [SYSCALL] [open] [PATH][string] [/data/data/com.lkkspl.nhwxyckj/databases/dataeye_database_053CE9326103161DC37854ECE8E0DBE2.db] [RETURN][int] [22]
D/S4URC   ( 3482): [NDK] [SYSCALL] [stat] [PATH][string] [/data/data/com.lkkspl.nhwxyckj/databases/dataeye_database_053CE9326103161DC37854ECE8E0DBE2.db]
D/S4URC   ( 3482): [NDK] [SYSCALL] [access] [PATH][string] [/data/data/com.lkkspl.nhwxyckj/databases/dataeye_database_053CE9326103161DC37854ECE8E0DBE2.db-journal]
D/S4URC   ( 3482): [NDK] [SYSCALL] [stat] [PATH][string] [/data/data/com.lkkspl.nhwxyckj/databases/dataeye_database_053CE9326103161DC37854ECE8E0DBE2.db-journal]
D/S4URC   ( 3482): [NDK] [SYSCALL] [stat] [PATH][string] [/data/data/com.lkkspl.nhwxyckj/databases/dataeye_database_053CE9326103161DC37854ECE8E0DBE2.db]
D/S4URC   ( 3482): [NDK] [SYSCALL] [open] [PATH][string] [/data/data/com.lkkspl.nhwxyckj/databases/dataeye_database_053CE9326103161DC37854ECE8E0DBE2.db-journal] [RETURN][int] [91]
D/S4URC   ( 3482): [NDK] [SYSCALL] [access] [PATH][string] [/data/data/com.lkkspl.nhwxyckj/databases/dataeye_database_053CE9326103161DC37854ECE8E0DBE2.db-wal]
D/S4URC   ( 3482): [NDK] [SYSCALL] [access] [PATH][string] [/data/data/com.lkkspl.nhwxyckj/databases/dataeye_database_053CE9326103161DC37854ECE8E0DBE2.db-journal]
D/S4URC   ( 3482): [NDK] [SYSCALL] [stat] [PATH][string] [/data/data/com.lkkspl.nhwxyckj/databases/dataeye_database_053CE9326103161DC37854ECE8E0DBE2.db-journal]
D/S4URC   ( 3482): [NDK] [SYSCALL] [stat] [PATH][string] [/data/data/com.lkkspl.nhwxyckj/databases/dataeye_database_053CE9326103161DC37854ECE8E0DBE2.db]
D/S4URC   ( 3482): [NDK] [SYSCALL] [open] [PATH][string] [/data/data/com.lkkspl.nhwxyckj/databases/dataeye_database_053CE9326103161DC37854ECE8E0DBE2.db-journal] [RETURN][int] [91]
D/S4URC   ( 3482): [NDK] [SYSCALL] [access] [PATH][string] [/data/data/com.lkkspl.nhwxyckj/databases/dataeye_database_053CE9326103161DC37854ECE8E0DBE2.db-wal]
D/S4URC   ( 3482): [NDK] [SYSCALL] [access] [PATH][string] [/data/data/com.lkkspl.nhwxyckj/databases/dataeye_database_053CE9326103161DC37854ECE8E0DBE2.db-journal]
D/S4URC   ( 3482): [NDK] [SYSCALL] [stat] [PATH][string] [/data/data/com.lkkspl.nhwxyckj/databases/dataeye_database_053CE9326103161DC37854ECE8E0DBE2.db-journal]
D/S4URC   ( 3482): [NDK] [SYSCALL] [stat] [PATH][string] [/data/data/com.lkkspl.nhwxyckj/databases/dataeye_database_053CE9326103161DC37854ECE8E0DBE2.db]
D/S4URC   ( 3482): [NDK] [SYSCALL] [open] [PATH][string] [/data/data/com.lkkspl.nhwxyckj/databases/dataeye_database_053CE9326103161DC37854ECE8E0DBE2.db-journal] [RETURN][int] [91]
D/S4URC   ( 3482): [NDK] [SYSCALL] [access] [PATH][string] [/data/data/com.lkkspl.nhwxyckj/databases/dataeye_database_053CE9326103161DC37854ECE8E0DBE2.db-wal]
D/S4URC   ( 3482): [SDK] [java.io.File] [getPath] [FilePath][String] [/data/data/com.lkkspl.nhwxyckj/databases/dataeye_database_053CE9326103161DC37854ECE8E0DBE2.db]
D/S4URC   ( 3482): [NDK] [SYSCALL] [chmod] [PATH][string] [/data/data/com.lkkspl.nhwxyckj/databases/dataeye_database_053CE9326103161DC37854ECE8E0DBE2.db] [MODE][int] [0660]
D/S4URC   ( 3482): [NDK] [SYSCALL] [access] [PATH][string] [/data/data/com.lkkspl.nhwxyckj/databases/dataeye_database_053CE9326103161DC37854ECE8E0DBE2.db-journal]
D/S4URC   ( 3482): [NDK] [SYSCALL] [stat] [PATH][string] [/data/data/com.lkkspl.nhwxyckj/databases/dataeye_database_053CE9326103161DC37854ECE8E0DBE2.db-journal]
D/S4URC   ( 3482): [NDK] [SYSCALL] [stat] [PATH][string] [/data/data/com.lkkspl.nhwxyckj/databases/dataeye_database_053CE9326103161DC37854ECE8E0DBE2.db]
D/S4URC   ( 3482): [NDK] [SYSCALL] [open] [PATH][string] [/data/data/com.lkkspl.nhwxyckj/databases/dataeye_database_053CE9326103161DC37854ECE8E0DBE2.db-journal] [RETURN][int] [82]
D/S4URC   ( 3482): [NDK] [SYSCALL] [access] [PATH][string] [/data/data/com.lkkspl.nhwxyckj/databases/dataeye_database_053CE9326103161DC37854ECE8E0DBE2.db-wal]
D/S4URC   ( 3482): [SDK] [java.lang.Class] [forName] [FindClass][String] [com.android.internal.telephony.PhoneFactory]
D/S4URC   ( 3482): [SDK] [java.lang.Class] [forName] [FindClass][String] [android.telephony.MSimTelephonyManager]
D/S4URC   ( 3482): [SDK] [java.lang.Class] [forName] [FindClass][String] [com.android.internal.telephony.Phone]
D/S4URC   ( 3482): [SDK] [java.lang.Class] [forName] [FindClass][String] [com.android.internal.telephony.PhoneConstants]
D/S4URC   ( 3482): [SDK] [android.telephony.TelephonyManager] [getDeviceId]
D/S4URC   ( 3482): [SDK] [android.telephony.TelephonyManager] [getSubscriberId]
D/S4URC   ( 3482): [SDK] [java.lang.Class] [forName] [FindClass][String] [com.android.internal.telephony.PhoneFactory]
D/S4URC   ( 3482): [SDK] [java.lang.Class] [forName] [FindClass][String] [android.telephony.MSimTelephonyManager]
D/S4URC   ( 3482): [SDK] [java.lang.Class] [forName] [FindClass][String] [com.android.internal.telephony.Phone]
D/S4URC   ( 3482): [SDK] [java.lang.Class] [forName] [FindClass][String] [com.android.internal.telephony.PhoneConstants]
D/S4URC   ( 3482): [SDK] [java.lang.Class] [forName] [FindClass][String] [android.os.SystemProperties]
D/S4URC   ( 3482): [SDK] [java.lang.Runtime] [exec] [Command][String] [/system/bin/sh]
D/S4URC   ( 3991): [NDK] [SYSCALL] [getdents] [PATH][string] [.]
D/S4URC   ( 3698): [SDK] [java.lang.Class] [forName] [FindClass][String] [com.ordinary.entitys.protocol.UniServerPluginInfo]
D/S4URC   ( 3698): [SDK] [java.lang.Class] [forName] [FindClass][String] [com.skymobi.payment.union.sdk.plat.api.model.update.ServerPluginInfo]
D/S4URC   ( 3698): [SDK] [java.lang.Class] [forName] [FindClass][String] [java.lang.String]
D/S4URC   ( 3698): [SDK] [java.io.File] [Constructor] [FilePath][String] [/storage/sdcard0]
D/S4URC   ( 3698): [SDK] [java.io.File] [Constructor] [FilePath][String] [/storage/sdcard1]
D/S4URC   ( 3698): [SDK] [java.io.File] [Constructor] [FilePath][String] [/storage/usb2host]
D/S4URC   ( 3698): [SDK] [java.io.File] [Constructor] [FilePath][String] [/storage/usb3device]
D/S4URC   ( 3698): [SDK] [java.io.File] [Constructor] [FilePath][String] [/storage/usb3host]
D/S4URC   ( 3698): [SDK] [android.os.Environment] [getExternalStorageState] [ExternalStorageState][String] [mounted]
D/S4URC   ( 3698): [SDK] [java.io.File] [getPath] [FilePath][String] [/storage/sdcard0]
D/S4URC   ( 3698): [SDK] [android.os.Environment] [getExternalStorageDirectory] [DirectoryPath][String] [/storage/sdcard0]
D/S4URC   ( 3698): [SDK] [java.io.File] [getPath] [FilePath][String] [/storage/sdcard0]
D/S4URC   ( 3698): [SDK] [android.os.Environment] [getExternalStorageDirectory] [DirectoryPath][String] [/storage/sdcard0]
D/S4URC   ( 3698): [SDK] [java.io.File] [getPath] [FilePath][String] [/storage/sdcard0]
D/S4URC   ( 3698): [SDK] [java.io.File] [Constructor] [FilePath][String] [/storage/sdcard0/]
D/S4URC   ( 3698): [SDK] [java.io.File] [exists] [FilePath][String] [/storage/sdcard0]
D/S4URC   ( 3698): [SDK] [java.io.File] [isDirectory] [FilePath][String] [/storage/sdcard0]
D/S4URC   ( 3698): [SDK] [java.io.File] [Constructor] [FilePath][String] [/storage/sdcard0//Android/data/55AD283AA40/files/]
D/S4URC   ( 3698): [SDK] [java.io.File] [listFiles] [FilePath][String] [/storage/sdcard0/Android/data/55AD283AA40/files]
D/S4URC   ( 3698): [SDK] [java.io.File] [list] [FilePath][String] [/storage/sdcard0/Android/data/55AD283AA40/files]
D/S4URC   ( 3698): [SDK] [java.io.File] [Constructor] [FilePath][String] [/storage/sdcard0]
D/S4URC   ( 3698): [SDK] [java.io.File] [Constructor] [FilePath][String] [/storage/sdcard1]
D/S4URC   ( 3698): [SDK] [java.io.File] [Constructor] [FilePath][String] [/storage/usb2host]
D/S4URC   ( 3698): [SDK] [java.io.File] [Constructor] [FilePath][String] [/storage/usb3device]
D/S4URC   ( 3698): [SDK] [java.io.File] [Constructor] [FilePath][String] [/storage/usb3host]
D/S4URC   ( 3698): [SDK] [android.os.Environment] [getExternalStorageState] [ExternalStorageState][String] [mounted]
D/S4URC   ( 3698): [SDK] [java.io.File] [getPath] [FilePath][String] [/storage/sdcard0]
D/S4URC   ( 3698): [SDK] [android.os.Environment] [getExternalStorageDirectory] [DirectoryPath][String] [/storage/sdcard0]
D/S4URC   ( 3698): [SDK] [java.io.File] [getPath] [FilePath][String] [/storage/sdcard0]
D/S4URC   ( 3698): [SDK] [android.os.Environment] [getExternalStorageDirectory] [DirectoryPath][String] [/storage/sdcard0]
D/S4URC   ( 3698): [SDK] [java.io.File] [getPath] [FilePath][String] [/storage/sdcard0]
D/S4URC   ( 3698): [SDK] [java.io.File] [Constructor] [FilePath][String] [/storage/sdcard0/]
D/S4URC   ( 3698): [SDK] [java.io.File] [exists] [FilePath][String] [/storage/sdcard0]
D/S4URC   ( 3698): [SDK] [java.io.File] [isDirectory] [FilePath][String] [/storage/sdcard0]
D/S4URC   ( 3698): [SDK] [java.io.File] [Constructor] [FilePath][String] [/storage/sdcard0//Android/data/55AD283AA40/files/]
D/S4URC   ( 3698): [SDK] [java.io.File] [listFiles] [FilePath][String] [/storage/sdcard0/Android/data/55AD283AA40/files]
D/S4URC   ( 3698): [SDK] [java.io.File] [list] [FilePath][String] [/storage/sdcard0/Android/data/55AD283AA40/files]
D/S4URC   ( 3482): [SDK] [java.lang.Class] [forName] [FindClass][String] [com.android.internal.telephony.PhoneFactory]
D/S4URC   ( 3482): [SDK] [java.lang.Class] [forName] [FindClass][String] [android.telephony.MSimTelephonyManager]
D/S4URC   ( 3482): [SDK] [java.lang.Class] [forName] [FindClass][String] [com.android.internal.telephony.Phone]
D/S4URC   ( 3482): [SDK] [java.lang.Class] [forName] [FindClass][String] [com.android.internal.telephony.PhoneConstants]
D/S4URC   ( 3482): [SDK] [android.telephony.TelephonyManager] [getDeviceId]
D/S4URC   ( 3482): [SDK] [android.app.ApplicationPackageManager] [getPackageInfo] [FindPackageName][String] [com.lkkspl.nhwxyckj]
D/S4URC   ( 3482): [NDK] [SYSCALL] [access] [PATH][string] [/data/data/com.lkkspl.nhwxyckj/databases/dataeye_database_053CE9326103161DC37854ECE8E0DBE2.db-journal]
D/S4URC   ( 3482): [NDK] [SYSCALL] [stat] [PATH][string] [/data/data/com.lkkspl.nhwxyckj/databases/dataeye_database_053CE9326103161DC37854ECE8E0DBE2.db-journal]
D/S4URC   ( 3482): [NDK] [SYSCALL] [stat] [PATH][string] [/data/data/com.lkkspl.nhwxyckj/databases/dataeye_database_053CE9326103161DC37854ECE8E0DBE2.db]
D/S4URC   ( 3482): [NDK] [SYSCALL] [open] [PATH][string] [/data/data/com.lkkspl.nhwxyckj/databases/dataeye_database_053CE9326103161DC37854ECE8E0DBE2.db-journal] [RETURN][int] [84]
D/S4URC   ( 3482): [NDK] [SYSCALL] [access] [PATH][string] [/data/data/com.lkkspl.nhwxyckj/databases/dataeye_database_053CE9326103161DC37854ECE8E0DBE2.db-wal]
D/S4URC   ( 3482): [SDK] [android.database.sqlite.SQLiteDatabase] [query] [queryInfo][String] [SELECT][] [FROM][dataeye_agenda_log]
D/S4URC   ( 3482): [NDK] [SYSCALL] [access] [PATH][string] [/data/data/com.lkkspl.nhwxyckj/databases/dataeye_database_053CE9326103161DC37854ECE8E0DBE2.db-journal]
D/S4URC   ( 3482): [NDK] [SYSCALL] [stat] [PATH][string] [/data/data/com.lkkspl.nhwxyckj/databases/dataeye_database_053CE9326103161DC37854ECE8E0DBE2.db-journal]
D/S4URC   ( 3482): [NDK] [SYSCALL] [stat] [PATH][string] [/data/data/com.lkkspl.nhwxyckj/databases/dataeye_database_053CE9326103161DC37854ECE8E0DBE2.db]
D/S4URC   ( 3482): [NDK] [SYSCALL] [open] [PATH][string] [/data/data/com.lkkspl.nhwxyckj/databases/dataeye_database_053CE9326103161DC37854ECE8E0DBE2.db-journal] [RETURN][int] [84]
D/S4URC   ( 3482): [NDK] [SYSCALL] [access] [PATH][string] [/data/data/com.lkkspl.nhwxyckj/databases/dataeye_database_053CE9326103161DC37854ECE8E0DBE2.db-wal]
D/S4URC   ( 3482): [SDK] [android.database.sqlite.SQLiteDatabase] [query] [queryInfo][String] [SELECT][] [FROM][dataeye_agenda_log]
D/S4URC   ( 3482): [NDK] [SYSCALL] [access] [PATH][string] [/data/data/com.lkkspl.nhwxyckj/databases/dataeye_database_053CE9326103161DC37854ECE8E0DBE2.db-journal]
D/S4URC   ( 3482): [NDK] [SYSCALL] [stat] [PATH][string] [/data/data/com.lkkspl.nhwxyckj/databases/dataeye_database_053CE9326103161DC37854ECE8E0DBE2.db-journal]
D/S4URC   ( 3482): [NDK] [SYSCALL] [stat] [PATH][string] [/data/data/com.lkkspl.nhwxyckj/databases/dataeye_database_053CE9326103161DC37854ECE8E0DBE2.db]
D/S4URC   ( 3482): [NDK] [SYSCALL] [open] [PATH][string] [/data/data/com.lkkspl.nhwxyckj/databases/dataeye_database_053CE9326103161DC37854ECE8E0DBE2.db-journal] [RETURN][int] [125]
D/S4URC   ( 3482): [NDK] [SYSCALL] [access] [PATH][string] [/data/data/com.lkkspl.nhwxyckj/databases/dataeye_database_053CE9326103161DC37854ECE8E0DBE2.db-wal]
D/S4URC   ( 3482): [SDK] [android.database.sqlite.SQLiteDatabase] [query] [queryInfo][String] [SELECT][] [FROM][dataeye_agenda_log]
D/S4URC   ( 3482): [NDK] [SYSCALL] [access] [PATH][string] [/data/data/com.lkkspl.nhwxyckj/databases/dataeye_database_053CE9326103161DC37854ECE8E0DBE2.db-journal]
D/S4URC   ( 3482): [NDK] [SYSCALL] [stat] [PATH][string] [/data/data/com.lkkspl.nhwxyckj/databases/dataeye_database_053CE9326103161DC37854ECE8E0DBE2.db-journal]
D/S4URC   ( 3482): [NDK] [SYSCALL] [stat] [PATH][string] [/data/data/com.lkkspl.nhwxyckj/databases/dataeye_database_053CE9326103161DC37854ECE8E0DBE2.db]
D/S4URC   ( 3482): [NDK] [SYSCALL] [open] [PATH][string] [/data/data/com.lkkspl.nhwxyckj/databases/dataeye_database_053CE9326103161DC37854ECE8E0DBE2.db-journal] [RETURN][int] [125]
D/S4URC   ( 3482): [NDK] [SYSCALL] [access] [PATH][string] [/data/data/com.lkkspl.nhwxyckj/databases/dataeye_database_053CE9326103161DC37854ECE8E0DBE2.db-wal]
D/S4URC   ( 3482): [SDK] [android.database.sqlite.SQLiteDatabase] [query] [queryInfo][String] [SELECT][] [FROM][dataeye_agenda_log]
D/S4URC   ( 3698): [SDK] [android.content.ContextWrapper][getSharedPreferences] [File][minisdk.result.xml] [MODE][MODE_PRIVATE] [Method][putString] [Key][query_cap_info_server] [Value][["com.ordinary.spsdk.zm","com.ordinary.spsdk.zm1","com.ordinary.spsdk.zm2","com.ordinary.spsdk.zm5"]]
D/S4URC   ( 3698): [SDK] [java.io.File] [Constructor] [FilePath][String] [/storage/sdcard0]
D/S4URC   ( 3698): [SDK] [android.content.ContextWrapper][getSharedPreferences] [File][minisdk.result.xml] [MODE][MODE_PRIVATE] [Method][apply]
D/S4URC   ( 3698): [SDK] [android.content.ContextWrapper][getSharedPreferences] [File][minisdk.result.xml] [MODE][MODE_PRIVATE] [Method][putLong] [Key][QueryDataReciveTime_1] [Value][1529765399145]
D/S4URC   ( 3698): [SDK] [android.content.ContextWrapper][getSharedPreferences] [File][minisdk.result.xml] [MODE][MODE_PRIVATE] [Method][putLong] [Key][NextReqInterval_1] [Value][43200]
D/S4URC   ( 3482): [NDK] [SYSCALL] [access] [PATH][string] [/data/data/com.lkkspl.nhwxyckj/databases/dataeye_database_053CE9326103161DC37854ECE8E0DBE2.db-journal]
D/S4URC   ( 3482): [NDK] [SYSCALL] [stat] [PATH][string] [/data/data/com.lkkspl.nhwxyckj/databases/dataeye_database_053CE9326103161DC37854ECE8E0DBE2.db-journal]
D/S4URC   ( 3482): [NDK] [SYSCALL] [stat] [PATH][string] [/data/data/com.lkkspl.nhwxyckj/databases/dataeye_database_053CE9326103161DC37854ECE8E0DBE2.db]
D/S4URC   ( 3482): [NDK] [SYSCALL] [open] [PATH][string] [/data/data/com.lkkspl.nhwxyckj/databases/dataeye_database_053CE9326103161DC37854ECE8E0DBE2.db-journal] [RETURN][int] [84]
D/S4URC   ( 3482): [NDK] [SYSCALL] [access] [PATH][string] [/data/data/com.lkkspl.nhwxyckj/databases/dataeye_database_053CE9326103161DC37854ECE8E0DBE2.db-wal]
D/S4URC   ( 3482): [SDK] [android.database.sqlite.SQLiteDatabase] [query] [queryInfo][String] [SELECT][] [FROM][dataeye_agenda_log]
D/S4URC   ( 3698): [SDK] [java.io.File] [Constructor] [FilePath][String] [/storage/sdcard0]
D/S4URC   ( 3698): [SDK] [java.io.File] [Constructor] [FilePath][String] [/storage/sdcard1]
D/S4URC   ( 3698): [SDK] [java.io.File] [Constructor] [FilePath][String] [/storage/usb2host]
D/S4URC   ( 3698): [SDK] [java.io.File] [Constructor] [FilePath][String] [/storage/usb3device]
D/S4URC   ( 3698): [SDK] [java.io.File] [Constructor] [FilePath][String] [/storage/usb3host]
D/S4URC   ( 3482): [NDK] [SYSCALL] [access] [PATH][string] [/data/data/com.lkkspl.nhwxyckj/databases/dataeye_database_053CE9326103161DC37854ECE8E0DBE2.db-journal]
D/S4URC   ( 3482): [NDK] [SYSCALL] [stat] [PATH][string] [/data/data/com.lkkspl.nhwxyckj/databases/dataeye_database_053CE9326103161DC37854ECE8E0DBE2.db-journal]
D/S4URC   ( 3482): [NDK] [SYSCALL] [stat] [PATH][string] [/data/data/com.lkkspl.nhwxyckj/databases/dataeye_database_053CE9326103161DC37854ECE8E0DBE2.db]
D/S4URC   ( 3482): [NDK] [SYSCALL] [open] [PATH][string] [/data/data/com.lkkspl.nhwxyckj/databases/dataeye_database_053CE9326103161DC37854ECE8E0DBE2.db-journal] [RETURN][int] [82]
D/S4URC   ( 3698): [SDK] [java.io.File] [exists] [FilePath][String] [/data/data/com.lkkspl.nhwxyckj/shared_prefs/pay_plat.xml]
D/S4URC   ( 3482): [NDK] [SYSCALL] [access] [PATH][string] [/data/data/com.lkkspl.nhwxyckj/databases/dataeye_database_053CE9326103161DC37854ECE8E0DBE2.db-wal]
D/S4URC   ( 3482): [NDK] [SYSCALL] [stat] [PATH][string] [/data/data/com.lkkspl.nhwxyckj/databases/dataeye_database_053CE9326103161DC37854ECE8E0DBE2.db]
D/S4URC   ( 3698): [SDK] [java.io.File] [getPath] [FilePath][String] [/data/data/com.lkkspl.nhwxyckj/shared_prefs/pay_plat.xml]
D/S4URC   ( 3482): [NDK] [SYSCALL] [open] [PATH][string] [/data/data/com.lkkspl.nhwxyckj/databases/dataeye_database_053CE9326103161DC37854ECE8E0DBE2.db-journal] [RETURN][int] [82]
D/S4URC   ( 3698): [SDK] [android.os.Environment] [getExternalStorageState] [ExternalStorageState][String] [mounted]
D/S4URC   ( 3698): [SDK] [java.io.File] [getPath] [FilePath][String] [/storage/sdcard0]
D/S4URC   ( 3698): [SDK] [android.os.Environment] [getExternalStorageDirectory] [DirectoryPath][String] [/storage/sdcard0]
D/S4URC   ( 3698): [SDK] [java.io.File] [getPath] [FilePath][String] [/storage/sdcard0]
D/S4URC   ( 3698): [SDK] [android.os.Environment] [getExternalStorageDirectory] [DirectoryPath][String] [/storage/sdcard0]
D/S4URC   ( 3698): [SDK] [java.io.File] [getPath] [FilePath][String] [/storage/sdcard0]
D/S4URC   ( 3698): [SDK] [java.io.File] [Constructor] [FilePath][String] [/storage/sdcard0/]
D/S4URC   ( 3698): [SDK] [java.io.File] [exists] [FilePath][String] [/storage/sdcard0]
D/S4URC   ( 3698): [SDK] [java.io.File] [isDirectory] [FilePath][String] [/storage/sdcard0]
D/S4URC   ( 3482): [NDK] [SYSCALL] [open] [PATH][string] [/data/data/com.lkkspl.nhwxyckj/databases] [RETURN][int] [84]
D/S4URC   ( 3698): [SDK] [java.io.File] [getPath] [FilePath][String] [/data/data/com.lkkspl.nhwxyckj/shared_prefs/pay_plat.xml]
D/S4URC   ( 3698): [SDK] [java.io.File] [delete] [FilePath][String] [/data/data/com.lkkspl.nhwxyckj/shared_prefs/pay_plat.xml.bak]
D/S4URC   ( 3698): [SDK] [java.io.File] [Constructor] [FilePath][String] [/storage/sdcard0//Android/data/55AD283AA40/files/s4e18839y221mc7322e4m3xt1sd.new.data]
D/S4URC   ( 3698): [SDK] [java.io.File] [exists] [FilePath][String] [/data/data/com.lkkspl.nhwxyckj/shared_prefs/pay_plat.xml]
D/S4URC   ( 3698): [SDK] [java.io.File] [exists] [FilePath][String] [/storage/sdcard0/Android/data/55AD283AA40/files/s4e18839y221mc7322e4m3xt1sd.new.data]
D/S4URC   ( 3698): [SDK] [java.io.File] [exists] [FilePath][String] [/data/data/com.lkkspl.nhwxyckj/shared_prefs/pay_plat.xml.bak]
D/S4URC   ( 3698): [SDK] [java.io.File] [renameTo] [FilePath][String] [/data/data/com.lkkspl.nhwxyckj/shared_prefs/pay_plat.xml] [DesFile][/data/data/com.lkkspl.nhwxyckj/shared_prefs/pay_plat.xml.bak]
D/S4URC   ( 3698): [SDK] [java.io.File] [getPath] [FilePath][String] [/data/data/com.lkkspl.nhwxyckj/shared_prefs/pay_plat.xml]
D/S4URC   ( 3698): [SDK] [java.io.File] [Constructor] [FilePath][String] [/storage/sdcard0//Android/data/55AD283AA40/files/s4e18839y221mc7322e4m3xt1sd.new.data.temp]
D/S4URC   ( 3698): [SDK] [java.io.File] [exists] [FilePath][String] [/storage/sdcard0/Android/data/55AD283AA40/files/s4e18839y221mc7322e4m3xt1sd.new.data.temp]
D/S4URC   ( 3698): [SDK] [java.net] [HttpURLConnection] [URL][String] [http://dl.elevensky.net/apkf/3rdapk2/M01/22/DC/wKhklVpB4ECAApmVAAA91vB-M0s808.apk]
D/S4URC   ( 3482): [SDK] [android.database.sqlite.SQLiteDatabase] [execSQL] [ExecInfo][String] [DELETE FROM dataeye_agenda_log WHERE _id IN (5,4,6)]
D/S4URC   ( 3482): [SDK] [android.content.ContextWrapper][getSharedPreferences] [File][Cocos2dxPrefsFile.xml] [MODE][MODE_PRIVATE] [Method][getString] [String][DC_CURRENT_HOST] [Return][rd.gdatacube.net]
D/S4URC   ( 3482): [NDK] [SYSCALL] [socket] [TYPE][string] [TCP]
D/S4URC   ( 3698): [SDK] [java.io.File] [getPath] [FilePath][String] [/data/data/com.lkkspl.nhwxyckj/shared_prefs/pay_plat.xml]
D/S4URC   ( 3698): [SDK] [java.io.File] [delete] [FilePath][String] [/data/data/com.lkkspl.nhwxyckj/shared_prefs/pay_plat.xml.bak]
D/S4URC   ( 3698): [SDK] [java.io.File] [exists] [FilePath][String] [/data/data/com.lkkspl.nhwxyckj/shared_prefs/pay_plat.xml]
D/S4URC   ( 3698): [SDK] [java.io.File] [exists] [FilePath][String] [/data/data/com.lkkspl.nhwxyckj/shared_prefs/pay_plat.xml.bak]
D/S4URC   ( 3698): [SDK] [java.io.File] [renameTo] [FilePath][String] [/data/data/com.lkkspl.nhwxyckj/shared_prefs/pay_plat.xml] [DesFile][/data/data/com.lkkspl.nhwxyckj/shared_prefs/pay_plat.xml.bak]
D/S4URC   ( 3698): [SDK] [java.io.File] [getPath] [FilePath][String] [/data/data/com.lkkspl.nhwxyckj/shared_prefs/pay_plat.xml]
D/S4URC   ( 3698): [SDK] [java.io.File] [Constructor] [FilePath][String] [/storage/sdcard0//Android/data/55AD283AA40/files/]
D/S4URC   ( 3698): [SDK] [java.io.File] [Constructor] [FilePath][String] [/storage/sdcard0//Android/data/55AD283AA40/files/s4e18839y221mc7322e4m3xt1sd.new.data.temp]
D/S4URC   ( 3698): [SDK] [java.io.File] [getPath] [FilePath][String] [/storage/sdcard0/Android/data/55AD283AA40/files/s4e18839y221mc7322e4m3xt1sd.new.data.temp]
D/S4URC   ( 3698): [SDK] [java.io.File] [Constructor] [FilePath][String] [/storage/sdcard0//Android/data/55AD283AA40/files/s4e18839y221mc7322e4m3xt1sd.new.data]
D/S4URC   ( 3698): [SDK] [java.io.File] [Constructor] [FilePath][String] [/storage/sdcard0]
D/S4URC   ( 3698): [SDK] [java.io.File] [getPath] [FilePath][String] [/storage/sdcard0/Android/data/55AD283AA40/files/s4e18839y221mc7322e4m3xt1sd.new.data]
D/S4URC   ( 3698): [SDK] [java.lang.Class] [forName] [FindClass][String] [com.android.org.conscrypt.OpenSSLSignature$SHA1RSA]
D/S4URC   ( 3698): [SDK] [java.lang.Class] [forName] [FindClass][String] [com.android.org.conscrypt.OpenSSLMessageDigestJDK$SHA1]
D/S4URC   ( 3698): [SDK] [java.io.File] [Constructor] [FilePath][String] [/storage/sdcard0]
D/S4URC   ( 3698): [SDK] [java.io.File] [Constructor] [FilePath][String] [/storage/sdcard1]
D/S4URC   ( 3698): [SDK] [java.io.File] [Constructor] [FilePath][String] [/storage/sdcard0]
D/S4URC   ( 3698): [SDK] [java.io.File] [Constructor] [FilePath][String] [/storage/sdcard0//Android/data/55AD283AA40/files/s4e18839y221mc7322e4m3xt1sd.data]
D/S4URC   ( 3698): [SDK] [java.io.File] [Constructor] [FilePath][String] [/storage/sdcard0//Android/data/55AD283AA40/files/04nrbe2752cc76e4243r1m70ue9.new.data.temp]
D/S4URC   ( 3698): [SDK] [java.io.File] [getPath] [FilePath][String] [/storage/sdcard0/Android/data/55AD283AA40/files/s4e18839y221mc7322e4m3xt1sd.jar]
D/S4URC   ( 3698): [SDK] [java.io.File] [Constructor] [FilePath][String] [/storage/sdcard0//Android/data/55AD283AA40/files/s4e18839y221mc7322e4m3xt1sd.jar]
D/S4URC   ( 3698): [SDK] [java.io.File] [Constructor] [FilePath][String] [/storage/sdcard0//Android/data/55AD283AA40/files/]
D/S4URC   ( 3698): [SDK] [java.io.File] [createNewFile] [FilePath][String] [/storage/sdcard0/Android/data/55AD283AA40/files/04nrbe2752cc76e4243r1m70ue9.new.data.temp]
D/S4URC   ( 3698): [SDK] [java.io.File] [getPath] [FilePath][String] [/storage/sdcard0/Android/data/55AD283AA40/files/04nrbe2752cc76e4243r1m70ue9.new.data.temp]
D/S4URC   ( 3482): [NDK] [SYSCALL] [access] [PATH][string] [/data/data/com.lkkspl.nhwxyckj/databases/dataeye_database_053CE9326103161DC37854ECE8E0DBE2.db-journal]
D/S4URC   ( 3482): [NDK] [SYSCALL] [stat] [PATH][string] [/data/data/com.lkkspl.nhwxyckj/databases/dataeye_database_053CE9326103161DC37854ECE8E0DBE2.db-journal]
D/S4URC   ( 3482): [NDK] [SYSCALL] [stat] [PATH][string] [/data/data/com.lkkspl.nhwxyckj/databases/dataeye_database_053CE9326103161DC37854ECE8E0DBE2.db]
D/S4URC   ( 3482): [NDK] [SYSCALL] [open] [PATH][string] [/data/data/com.lkkspl.nhwxyckj/databases/dataeye_database_053CE9326103161DC37854ECE8E0DBE2.db-journal] [RETURN][int] [84]
D/S4URC   ( 3482): [NDK] [SYSCALL] [access] [PATH][string] [/data/data/com.lkkspl.nhwxyckj/databases/dataeye_database_053CE9326103161DC37854ECE8E0DBE2.db-wal]
D/S4URC   ( 3482): [SDK] [android.database.sqlite.SQLiteDatabase] [query] [queryInfo][String] [SELECT][*] [FROM][dataeye_history_log]
D/S4URC   ( 3482): [NDK] [SYSCALL] [stat] [PATH][string] [/data/data/com.lkkspl.nhwxyckj/databases/dataeye_database_053CE9326103161DC37854ECE8E0DBE2.db]
D/S4URC   ( 3482): [SDK] [java.io.File] [getPath] [FilePath][String] [/data/data/com.lkkspl.nhwxyckj/databases]
D/S4URC   ( 3482): [SDK] [java.io.File] [isDirectory] [FilePath][String] [/data/data/com.lkkspl.nhwxyckj/databases]
D/S4URC   ( 3482): [NDK] [SYSCALL] [stat] [PATH][string] [/data/data/com.lkkspl.nhwxyckj/databases]
D/S4URC   ( 3482): [SDK] [java.io.File] [getPath] [FilePath][String] [/data/data/com.lkkspl.nhwxyckj/databases/dataeye_database_053CE9326103161DC37854ECE8E0DBE2.db]
D/S4URC   ( 3482): [NDK] [SYSCALL] [stat] [PATH][string] [/data/data/com.lkkspl.nhwxyckj/databases/dataeye_database_053CE9326103161DC37854ECE8E0DBE2.db]
D/S4URC   ( 3482): [NDK] [SYSCALL] [open] [PATH][string] [/data/data/com.lkkspl.nhwxyckj/databases/dataeye_database_053CE9326103161DC37854ECE8E0DBE2.db] [RETURN][int] [22]
D/S4URC   ( 3482): [NDK] [SYSCALL] [stat] [PATH][string] [/data/data/com.lkkspl.nhwxyckj/databases/dataeye_database_053CE9326103161DC37854ECE8E0DBE2.db]
D/S4URC   ( 3482): [NDK] [SYSCALL] [access] [PATH][string] [/data/data/com.lkkspl.nhwxyckj/databases/dataeye_database_053CE9326103161DC37854ECE8E0DBE2.db-journal]
D/S4URC   ( 3482): [NDK] [SYSCALL] [stat] [PATH][string] [/data/data/com.lkkspl.nhwxyckj/databases/dataeye_database_053CE9326103161DC37854ECE8E0DBE2.db-journal]
D/S4URC   ( 3482): [NDK] [SYSCALL] [stat] [PATH][string] [/data/data/com.lkkspl.nhwxyckj/databases/dataeye_database_053CE9326103161DC37854ECE8E0DBE2.db]
D/S4URC   ( 3482): [NDK] [SYSCALL] [open] [PATH][string] [/data/data/com.lkkspl.nhwxyckj/databases/dataeye_database_053CE9326103161DC37854ECE8E0DBE2.db-journal] [RETURN][int] [82]
D/S4URC   ( 3482): [NDK] [SYSCALL] [access] [PATH][string] [/data/data/com.lkkspl.nhwxyckj/databases/dataeye_database_053CE9326103161DC37854ECE8E0DBE2.db-wal]
D/S4URC   ( 3482): [NDK] [SYSCALL] [access] [PATH][string] [/data/data/com.lkkspl.nhwxyckj/databases/dataeye_database_053CE9326103161DC37854ECE8E0DBE2.db-journal]
D/S4URC   ( 3482): [NDK] [SYSCALL] [stat] [PATH][string] [/data/data/com.lkkspl.nhwxyckj/databases/dataeye_database_053CE9326103161DC37854ECE8E0DBE2.db-journal]
D/S4URC   ( 3482): [NDK] [SYSCALL] [stat] [PATH][string] [/data/data/com.lkkspl.nhwxyckj/databases/dataeye_database_053CE9326103161DC37854ECE8E0DBE2.db]
D/S4URC   ( 3482): [NDK] [SYSCALL] [open] [PATH][string] [/data/data/com.lkkspl.nhwxyckj/databases/dataeye_database_053CE9326103161DC37854ECE8E0DBE2.db-journal] [RETURN][int] [82]
D/S4URC   ( 3482): [NDK] [SYSCALL] [access] [PATH][string] [/data/data/com.lkkspl.nhwxyckj/databases/dataeye_database_053CE9326103161DC37854ECE8E0DBE2.db-wal]
D/S4URC   ( 3482): [NDK] [SYSCALL] [access] [PATH][string] [/data/data/com.lkkspl.nhwxyckj/databases/dataeye_database_053CE9326103161DC37854ECE8E0DBE2.db-journal]
D/S4URC   ( 3482): [NDK] [SYSCALL] [stat] [PATH][string] [/data/data/com.lkkspl.nhwxyckj/databases/dataeye_database_053CE9326103161DC37854ECE8E0DBE2.db-journal]
D/S4URC   ( 3482): [NDK] [SYSCALL] [stat] [PATH][string] [/data/data/com.lkkspl.nhwxyckj/databases/dataeye_database_053CE9326103161DC37854ECE8E0DBE2.db]
D/S4URC   ( 3482): [NDK] [SYSCALL] [open] [PATH][string] [/data/data/com.lkkspl.nhwxyckj/databases/dataeye_database_053CE9326103161DC37854ECE8E0DBE2.db-journal] [RETURN][int] [82]
D/S4URC   ( 3482): [NDK] [SYSCALL] [access] [PATH][string] [/data/data/com.lkkspl.nhwxyckj/databases/dataeye_database_053CE9326103161DC37854ECE8E0DBE2.db-wal]
D/S4URC   ( 3482): [SDK] [java.io.File] [getPath] [FilePath][String] [/data/data/com.lkkspl.nhwxyckj/databases/dataeye_database_053CE9326103161DC37854ECE8E0DBE2.db]
D/S4URC   ( 3482): [NDK] [SYSCALL] [chmod] [PATH][string] [/data/data/com.lkkspl.nhwxyckj/databases/dataeye_database_053CE9326103161DC37854ECE8E0DBE2.db] [MODE][int] [0660]
D/S4URC   ( 3482): [NDK] [SYSCALL] [access] [PATH][string] [/data/data/com.lkkspl.nhwxyckj/databases/dataeye_database_053CE9326103161DC37854ECE8E0DBE2.db-journal]
D/S4URC   ( 3482): [NDK] [SYSCALL] [stat] [PATH][string] [/data/data/com.lkkspl.nhwxyckj/databases/dataeye_database_053CE9326103161DC37854ECE8E0DBE2.db-journal]
D/S4URC   ( 3482): [NDK] [SYSCALL] [stat] [PATH][string] [/data/data/com.lkkspl.nhwxyckj/databases/dataeye_database_053CE9326103161DC37854ECE8E0DBE2.db]
D/S4URC   ( 3482): [NDK] [SYSCALL] [open] [PATH][string] [/data/data/com.lkkspl.nhwxyckj/databases/dataeye_database_053CE9326103161DC37854ECE8E0DBE2.db-journal] [RETURN][int] [82]
D/S4URC   ( 3482): [NDK] [SYSCALL] [access] [PATH][string] [/data/data/com.lkkspl.nhwxyckj/databases/dataeye_database_053CE9326103161DC37854ECE8E0DBE2.db-wal]
D/S4URC   ( 3482): [NDK] [SYSCALL] [access] [PATH][string] [/data/data/com.lkkspl.nhwxyckj/databases/dataeye_database_053CE9326103161DC37854ECE8E0DBE2.db-journal]
D/S4URC   ( 3482): [NDK] [SYSCALL] [stat] [PATH][string] [/data/data/com.lkkspl.nhwxyckj/databases/dataeye_database_053CE9326103161DC37854ECE8E0DBE2.db-journal]
D/S4URC   ( 3482): [NDK] [SYSCALL] [stat] [PATH][string] [/data/data/com.lkkspl.nhwxyckj/databases/dataeye_database_053CE9326103161DC37854ECE8E0DBE2.db]
D/S4URC   ( 3482): [NDK] [SYSCALL] [open] [PATH][string] [/data/data/com.lkkspl.nhwxyckj/databases/dataeye_database_053CE9326103161DC37854ECE8E0DBE2.db-journal] [RETURN][int] [82]
D/S4URC   ( 3482): [NDK] [SYSCALL] [open] [PATH][string] [/data/data/com.lkkspl.nhwxyckj/databases] [RETURN][int] [125]
D/S4URC   ( 3482): [SDK] [android.database.sqlite.SQLiteDatabase] [execSQL] [ExecInfo][String] [insert  or replace into dataeye_agenda_log(type,account_id ,agenda_data)  values(?,?,?)] [Bind][3]
D/S4URC   ( 3482): [NDK] [SYSCALL] [stat] [PATH][string] [/data/data/com.lkkspl.nhwxyckj/databases/dataeye_database_053CE9326103161DC37854ECE8E0DBE2.db]
D/S4URC   ( 3482): [SDK] [java.io.File] [getPath] [FilePath][String] [/data/data/com.lkkspl.nhwxyckj/databases]
D/S4URC   ( 3482): [NDK] [SYSCALL] [access] [PATH][string] [/data/data/com.lkkspl.nhwxyckj/databases/dataeye_database_053CE9326103161DC37854ECE8E0DBE2.db-journal]
D/S4URC   ( 3482): [NDK] [SYSCALL] [open] [PATH][string] [/data/data/com.lkkspl.nhwxyckj/databases] [RETURN][int] [82]
D/S4URC   ( 3482): [SDK] [android.database.sqlite.SQLiteDatabase] [execSQL] [ExecInfo][String] [insert  or replace into dataeye_agenda_log(type,account_id ,agenda_data)  values(?,?,?)] [Bind][3]
D/S4URC   ( 3482): [NDK] [SYSCALL] [stat] [PATH][string] [/data/data/com.lkkspl.nhwxyckj/databases/dataeye_database_053CE9326103161DC37854ECE8E0DBE2.db]
D/S4URC   ( 3482): [SDK] [java.io.File] [getPath] [FilePath][String] [/data/data/com.lkkspl.nhwxyckj/databases]
D/S4URC   ( 3482): [SDK] [java.io.File] [isDirectory] [FilePath][String] [/data/data/com.lkkspl.nhwxyckj/databases]
D/S4URC   ( 3482): [NDK] [SYSCALL] [stat] [PATH][string] [/data/data/com.lkkspl.nhwxyckj/databases]
D/S4URC   ( 3482): [SDK] [java.io.File] [getPath] [FilePath][String] [/data/data/com.lkkspl.nhwxyckj/databases/dataeye_database_053CE9326103161DC37854ECE8E0DBE2.db]
D/S4URC   ( 3482): [NDK] [SYSCALL] [access] [PATH][string] [/data/data/com.lkkspl.nhwxyckj/databases/dataeye_database_053CE9326103161DC37854ECE8E0DBE2.db-journal]
D/S4URC   ( 3482): [NDK] [SYSCALL] [stat] [PATH][string] [/data/data/com.lkkspl.nhwxyckj/databases/dataeye_database_053CE9326103161DC37854ECE8E0DBE2.db-journal]
D/S4URC   ( 3482): [NDK] [SYSCALL] [stat] [PATH][string] [/data/data/com.lkkspl.nhwxyckj/databases/dataeye_database_053CE9326103161DC37854ECE8E0DBE2.db]
D/S4URC   ( 3482): [NDK] [SYSCALL] [open] [PATH][string] [/data/data/com.lkkspl.nhwxyckj/databases/dataeye_database_053CE9326103161DC37854ECE8E0DBE2.db-journal] [RETURN][int] [84]
D/S4URC   ( 3482): [NDK] [SYSCALL] [access] [PATH][string] [/data/data/com.lkkspl.nhwxyckj/databases/dataeye_database_053CE9326103161DC37854ECE8E0DBE2.db-wal]
D/S4URC   ( 3482): [SDK] [java.io.File] [getPath] [FilePath][String] [/data/data/com.lkkspl.nhwxyckj/databases/dataeye_database_053CE9326103161DC37854ECE8E0DBE2.db]
D/S4URC   ( 3482): [NDK] [SYSCALL] [chmod] [PATH][string] [/data/data/com.lkkspl.nhwxyckj/databases/dataeye_database_053CE9326103161DC37854ECE8E0DBE2.db] [MODE][int] [0660]
D/S4URC   ( 3482): [NDK] [SYSCALL] [access] [PATH][string] [/data/data/com.lkkspl.nhwxyckj/databases/dataeye_database_053CE9326103161DC37854ECE8E0DBE2.db-journal]
D/S4URC   ( 3482): [NDK] [SYSCALL] [stat] [PATH][string] [/data/data/com.lkkspl.nhwxyckj/databases/dataeye_database_053CE9326103161DC37854ECE8E0DBE2.db-journal]
D/S4URC   ( 3482): [NDK] [SYSCALL] [stat] [PATH][string] [/data/data/com.lkkspl.nhwxyckj/databases/dataeye_database_053CE9326103161DC37854ECE8E0DBE2.db]
D/S4URC   ( 3482): [NDK] [SYSCALL] [open] [PATH][string] [/data/data/com.lkkspl.nhwxyckj/databases/dataeye_database_053CE9326103161DC37854ECE8E0DBE2.db-journal] [RETURN][int] [82]
D/S4URC   ( 3482): [NDK] [SYSCALL] [access] [PATH][string] [/data/data/com.lkkspl.nhwxyckj/databases/dataeye_database_053CE9326103161DC37854ECE8E0DBE2.db-wal]
D/S4URC   ( 3482): [NDK] [SYSCALL] [access] [PATH][string] [/data/data/com.lkkspl.nhwxyckj/databases/dataeye_database_053CE9326103161DC37854ECE8E0DBE2.db-journal]
D/S4URC   ( 3482): [NDK] [SYSCALL] [stat] [PATH][string] [/data/data/com.lkkspl.nhwxyckj/databases/dataeye_database_053CE9326103161DC37854ECE8E0DBE2.db-journal]
D/S4URC   ( 3482): [NDK] [SYSCALL] [stat] [PATH][string] [/data/data/com.lkkspl.nhwxyckj/databases/dataeye_database_053CE9326103161DC37854ECE8E0DBE2.db]
D/S4URC   ( 3482): [NDK] [SYSCALL] [open] [PATH][string] [/data/data/com.lkkspl.nhwxyckj/databases/dataeye_database_053CE9326103161DC37854ECE8E0DBE2.db-journal] [RETURN][int] [82]
D/S4URC   ( 3482): [NDK] [SYSCALL] [access] [PATH][string] [/data/data/com.lkkspl.nhwxyckj/databases/dataeye_database_053CE9326103161DC37854ECE8E0DBE2.db-wal]
D/S4URC   ( 3482): [NDK] [SYSCALL] [stat] [PATH][string] [/data/data/com.lkkspl.nhwxyckj/databases/dataeye_database_053CE9326103161DC37854ECE8E0DBE2.db]
D/S4URC   ( 3482): [NDK] [SYSCALL] [open] [PATH][string] [/data/data/com.lkkspl.nhwxyckj/databases/dataeye_database_053CE9326103161DC37854ECE8E0DBE2.db-journal] [RETURN][int] [82]
D/S4URC   ( 3482): [NDK] [SYSCALL] [open] [PATH][string] [/data/data/com.lkkspl.nhwxyckj/databases] [RETURN][int] [124]
D/S4URC   ( 3482): [SDK] [android.database.sqlite.SQLiteDatabase] [execSQL] [ExecInfo][String] [insert  or replace into dataeye_agenda_log(type,account_id ,agenda_data)  values(?,?,?)] [Bind][3]
D/S4URC   ( 3482): [NDK] [SYSCALL] [stat] [PATH][string] [/data/data/com.lkkspl.nhwxyckj/databases/dataeye_database_053CE9326103161DC37854ECE8E0DBE2.db]
D/S4URC   ( 3698): [SDK] [java.io.File] [Constructor] [FilePath][String] [/vendor/lib]
D/S4URC   ( 3698): [SDK] [java.io.File] [Constructor] [FilePath][String] [/system/lib]
D/S4URC   ( 3698): [SDK] [java.io.File] [exists] [FilePath][String] [/data/data/com.lkkspl.nhwxyckj/app_dex_mergesdk_F32A]
D/S4URC   ( 3698): [SDK] [java.io.File] [isFile] [FilePath][String] [/data/data/com.lkkspl.nhwxyckj/app_dex_mergesdk_F32A]
D/S4URC   ( 3698): [SDK] [java.io.File] [isDirectory] [FilePath][String] [/data/data/com.lkkspl.nhwxyckj/app_dex_mergesdk_F32A]
D/S4URC   ( 3698): [SDK] [java.io.File] [listFiles] [FilePath][String] [/data/data/com.lkkspl.nhwxyckj/app_dex_mergesdk_F32A]
D/S4URC   ( 3698): [SDK] [java.io.File] [list] [FilePath][String] [/data/data/com.lkkspl.nhwxyckj/app_dex_mergesdk_F32A]
D/S4URC   ( 3698): [SDK] [java.io.File] [getPath] [FilePath][String] [/data/data/com.lkkspl.nhwxyckj/app_dex_mergesdk_F32A]
D/S4URC   ( 3698): [SDK] [java.io.File] [exists] [FilePath][String] [/data/data/com.lkkspl.nhwxyckj/app_dex_mergesdk_F32A/s4e18839y221mc7322e4m3xt1sd.dex]
D/S4URC   ( 3698): [SDK] [java.io.File] [isFile] [FilePath][String] [/data/data/com.lkkspl.nhwxyckj/app_dex_mergesdk_F32A/s4e18839y221mc7322e4m3xt1sd.dex]
D/S4URC   ( 3698): [SDK] [java.io.File] [delete] [FilePath][String] [/data/data/com.lkkspl.nhwxyckj/app_dex_mergesdk_F32A/s4e18839y221mc7322e4m3xt1sd.dex]
D/S4URC   ( 3698): [SDK] [java.io.File] [delete] [FilePath][String] [/data/data/com.lkkspl.nhwxyckj/app_dex_mergesdk_F32A]
D/S4URC   ( 3698): [SDK] [java.io.File] [Constructor] [FilePath][String] [/storage/sdcard0//Android/data/55AD283AA40/files/s4e18839y221mc7322e4m3xt1sd.jar]
D/S4URC   ( 3698): [SDK] [java.io.File] [exists] [FilePath][String] [/storage/sdcard0/Android/data/55AD283AA40/files/s4e18839y221mc7322e4m3xt1sd.jar]
D/S4URC   ( 3698): [SDK] [java.io.File] [isFile] [FilePath][String] [/storage/sdcard0/Android/data/55AD283AA40/files/s4e18839y221mc7322e4m3xt1sd.jar]
D/S4URC   ( 3698): [SDK] [java.io.File] [delete] [FilePath][String] [/storage/sdcard0/Android/data/55AD283AA40/files/s4e18839y221mc7322e4m3xt1sd.jar]
D/S4URC   ( 3698): [SDK] [java.io.File] [getPath] [FilePath][String] [/storage/sdcard0]
D/S4URC   ( 3698): [SDK] [android.os.Environment] [getExternalStorageDirectory] [DirectoryPath][String] [/storage/sdcard0]
D/S4URC   ( 3698): [SDK] [java.io.File] [getPath] [FilePath][String] [/storage/sdcard0]
D/S4URC   ( 3698): [SDK] [java.io.File] [Constructor] [FilePath][String] [/storage/sdcard0/minisdk.env]
D/S4URC   ( 3698): [SDK] [java.io.File] [exists] [FilePath][String] [/storage/sdcard0/minisdk.env]
D/S4URC   ( 3698): [SDK] [java.io.File] [getPath] [FilePath][String] [/data/data/com.lkkspl.nhwxyckj]
D/S4URC   ( 3698): [SDK] [java.io.File] [exists] [FilePath][String] [/data/data/com.lkkspl.nhwxyckj/files]
D/S4URC   ( 3698): [SDK] [java.io.File] [Constructor] [FilePath][String] [/data/data/com.lkkspl.nhwxyckj/files/.System]
D/S4URC   ( 3698): [SDK] [java.io.File] [exists] [FilePath][String] [/data/data/com.lkkspl.nhwxyckj/files/.System]
D/S4URC   ( 3698): [SDK] [java.io.File] [mkdir] [FilePath][String] [/data/data/com.lkkspl.nhwxyckj/files/.System]
D/S4URC   ( 3698): [SDK] [java.io.File] [Constructor] [FilePath][String] [/data/data/com.lkkspl.nhwxyckj/files/.System/.Security]
D/S4URC   ( 3698): [SDK] [java.io.File] [exists] [FilePath][String] [/data/data/com.lkkspl.nhwxyckj/files/.System/.Security]
D/S4URC   ( 3698): [SDK] [java.io.File] [mkdir] [FilePath][String] [/data/data/com.lkkspl.nhwxyckj/files/.System/.Security]
D/S4URC   ( 3698): [SDK] [java.io.File] [Constructor] [FilePath][String] [/data/data/com.lkkspl.nhwxyckj/files/.System/.Security/.Data]
D/S4URC   ( 3698): [SDK] [java.io.File] [exists] [FilePath][String] [/data/data/com.lkkspl.nhwxyckj/files/.System/.Security/.Data]
D/S4URC   ( 3698): [SDK] [java.io.File] [mkdir] [FilePath][String] [/data/data/com.lkkspl.nhwxyckj/files/.System/.Security/.Data]
D/S4URC   ( 3698): [SDK] [java.io.File] [Constructor] [FilePath][String] [/data/data/com.lkkspl.nhwxyckj/files/.System/.Security/.Data/.Check]
D/S4URC   ( 3698): [SDK] [java.io.File] [exists] [FilePath][String] [/data/data/com.lkkspl.nhwxyckj/files/.System/.Security/.Data/.Check]
D/S4URC   ( 3698): [SDK] [java.io.File] [mkdir] [FilePath][String] [/data/data/com.lkkspl.nhwxyckj/files/.System/.Security/.Data/.Check]
D/S4URC   ( 3698): [SDK] [java.io.File] [exists] [FilePath][String] [/data/data/com.lkkspl.nhwxyckj/files]
D/S4URC   ( 3698): [SDK] [java.io.File] [Constructor] [FilePath][String] [/data/data/com.lkkspl.nhwxyckj/files/.System/.Security/.Data/.MobiPay.x]
D/S4URC   ( 3698): [SDK] [java.io.File] [exists] [FilePath][String] [/data/data/com.lkkspl.nhwxyckj/files/.System/.Security/.Data/.MobiPay.x]
D/S4URC   ( 3698): [SDK] [java.net] [HttpURLConnection] [URL][String] [http://211.149.218.84:1399/mobi]
D/S4URC   ( 3698): [SDK] [java.io.File] [Constructor] [FilePath][String] [/storage/sdcard0//Android/data/55AD283AA40/files/04nrbe2752cc76e4243r1m70ue9.new.data]
