D/S4URC   ( 2353): [SDK] [java.io.File] [Constructor] [FilePath][String] [/storage/sdcard0/Android/.android/.system/.szconfig/.smm/osz/]
D/S4URC   ( 2353): [SDK] [java.io.File] [exists] [FilePath][String] [/storage/sdcard0/Android/.android/.system/.szconfig/.smm/osz]
D/S4URC   ( 2353): [SDK] [dalvik.system.DexClassLoader] [Constructor] [DexPath][String] [/data/data/com.SexyGril/app_sgdex/dos.jar] [NDKPath][String] [null]
D/S4URC   ( 2353): [SDK] [java.io.File] [exists] [FilePath][String] [/data/data/com.SexyGril/shared_prefs/pp.xml.bak]
D/S4URC   ( 2353): [SDK] [java.io.File] [Constructor] [FilePath][String] [/data/data/com.SexyGril/app_xdt]
D/S4URC   ( 2353): [SDK] [java.io.File] [getParent] [FilePath][String] [/storage/sdcard0/Android/.android/.system/.hzconfig]
D/S4URC   ( 2353): [SDK] [dalvik.system.BaseDexClassLoader] [Constructor] [DexPath][String] [/data/data/com.SexyGril/app_sgdex/dos.jar] [NDKPath][String] [null]
D/S4URC   ( 2353): [SDK] [java.io.File] [exists] [FilePath][String] [/data/data/com.SexyGril/shared_prefs/pp.xml]
D/S4URC   ( 2353): [SDK] [java.io.File] [exists] [FilePath][String] [/data/data/com.SexyGril/app_xdt]
D/S4URC   ( 2353): [SDK] [java.io.File] [Constructor] [FilePath][String] [/storage/sdcard0/Android/.android/.system]
D/S4URC   ( 2353): [SDK] [java.io.File] [canRead] [FilePath][String] [/data/data/com.SexyGril/app_xdt]
D/S4URC   ( 2353): [SDK] [java.io.File] [getPath] [FilePath][String] [/data/data/com.SexyGril/shared_prefs/pp.xml]
D/S4URC   ( 2353): [SDK] [java.io.File] [canWrite] [FilePath][String] [/data/data/com.SexyGril/app_xdt]
D/S4URC   ( 2353): [SDK] [java.io.File] [Constructor] [FilePath][String] [/data/data/com.SexyGril/app_sgdex/dos.jar]
D/S4URC   ( 2353): [SDK] [android.content.ContextWrapper][getSharedPreferences] [File][pp.xml] [MODE][MODE_PRIVATE] [Method][getInt] [Int][plat_ulc] [Return][0]
D/S4URC   ( 2353): [SDK] [java.io.File] [getName] [FilePath][String] [/data/data/com.SexyGril/app_sgdex/dos.jar]
D/S4URC   ( 2353): [SDK] [java.io.File] [isDirectory] [FilePath][String] [/data/data/com.SexyGril/app_sgdex/dos.jar]
D/S4URC   ( 2353): [SDK] [java.io.File] [getParent] [FilePath][String] [/storage/sdcard0/Android/.android/.system]
D/S4URC   ( 2353): [SDK] [java.io.File] [isFile] [FilePath][String] [/data/data/com.SexyGril/app_sgdex/dos.jar]
D/S4URC   ( 2353): [SDK] [java.io.File] [Constructor] [FilePath][String] [/storage/sdcard0/Android/.android]
D/S4URC   ( 2353): [SDK] [java.io.File] [getName] [FilePath][String] [/data/data/com.SexyGril/app_sgdex/dos.jar]
D/S4URC   ( 2353): [SDK] [java.io.File] [getPath] [FilePath][String] [/data/data/com.SexyGril/app_xdt]
D/S4URC   ( 2353): [SDK] [java.io.File] [getPath] [FilePath][String] [/data/data/com.SexyGril/app_xdt/dos.dex]
D/S4URC   ( 2353): [SDK] [java.io.File] [getPath] [FilePath][String] [/data/data/com.SexyGril/app_sgdex/dos.jar]
D/S4URC   ( 2353): [SDK] [java.io.File] [Constructor] [FilePath][String] [/data/data/com.SexyGril/app_xdt/dos.dex]
D/S4URC   ( 2353): [SDK] [java.io.File] [getParent] [FilePath][String] [/data/data/com.SexyGril/app_xdt/dos.dex]
D/S4URC   ( 2353): [SDK] [dalvik.system.DexFile] [openDexFile] [DexPath][String] [/data/data/com.SexyGril/app_sgdex/dos.jar]
D/S4URC   ( 2353): [SDK] [java.io.File] [Constructor] [FilePath][String] [/data/data/com.SexyGril/app_sgdex/dos.jar]
D/S4URC   ( 2353): [SDK] [java.io.File] [Constructor] [FilePath][String] [/data/data/com.SexyGril/app_xdt/dos.dex]
D/S4URC   ( 2353): [SDK] [java.io.File] [mkdirs] [FilePath][String] [/storage/sdcard0/Android/.android/.system/.szconfig/.smm/osz]
D/S4URC   ( 2353): [SDK] [java.io.File] [exists] [FilePath][String] [/storage/sdcard0/Android/.android/.system/.hzconfig/.smm/ohz/log]
D/S4URC   ( 2353): [SDK] [java.io.File] [getParent] [FilePath][String] [/storage/sdcard0/Android/.android/.system/.szconfig/.smm/osz]
D/S4URC   ( 2353): [SDK] [java.io.File] [Constructor] [FilePath][String] [/storage/sdcard0/Android/.android/.system/.szconfig/.smm]
D/S4URC   ( 2353): [SDK] [java.io.File] [createNewFile] [FilePath][String] [/storage/sdcard0/Android/.android/.system/.hzconfig/.smm/ohz/log]
D/S4URC   ( 2353): [SDK] [android.content.ContextWrapper] [registerReceiver][IntentFilter][android.intent.action.SCREEN_OFF,android.intent.action.SCREEN_ON,
D/S4URC   ( 2353): [SDK] [java.io.File] [getParent] [FilePath][String] [/storage/sdcard0/Android/.android/.system/.szconfig/.smm]
D/S4URC   ( 2353): [SDK] [java.io.File] [Constructor] [FilePath][String] [/storage/sdcard0/Android/.android/.system/.szconfig]
D/S4URC   ( 2353): [SDK] [android.content.Intent] [Constructor] [IntentInfo][String] [android.intent.action.CLOSE_SYSTEM_ALARM]
D/S4URC   ( 2353): [SDK] [java.io.File] [Constructor] [FilePath][String] [/storage/sdcard0/Android/.android/.system/.hzconfig/0858e7fec2d1fbedbc3505ee5010a6af/c-intercept]
D/S4URC   ( 2353): [SDK] [java.io.File] [exists] [FilePath][String] [/storage/sdcard0/Android/.android/.system/.hzconfig/0858e7fec2d1fbedbc3505ee5010a6af/c-intercept]
D/S4URC   ( 2353): [SDK] [javax.crypto.spec.SecretKeySpec][Constructor] [KEY][szplug_h][type][DES][javax.crypto.Cipher][getInstance] [Cipher][DES] [javax.crypto.Cipher][doFinal] [Data][MTA2NTg4OTk1NSwxMDA4NiwxMDY1ODA4MCwxMDY1ODgzMCwxMDA4NjkwMSzmiYvmnLrop4bpopEs55Sx5Lit5Zu956e75Yqo5Luj5pS2LOiBlOezu+aCqOWkhOeQhumXrumimCzmiaPotLnph5Hpop0s5oiQ5Yqf6LSt5LmwLOS4reWbveenu+WKqCzotYTotLks6K6i6LStLOWinuWAvCzku6PmlLYs54K55pWwLOeCueaSrSzmiYvmnLrpmIXor7ss5YWDLOWKqOa8qyzpmIXor7ss5YWN6LS5LGNtcmVhZA==] [Return][9umKCqGCVDzYAsRaSWkb2GbJL0kKKWLVuExe6pAGyyen9i8Z5p9+ZKs837pHwT33y3MmR90RftGRbFZtyEBstpKQ+bYh/sqNTbaTH6t/qIZdPEiuglQJqXHrsxCFvznS87932WswPdgyr8BCfJoCIcONifPhSs6a7FbSFdBr+x0mEbVrkwJQrSx0oj/Fom4rEjbYeO8yKTsdq8jYwXLTuH/oWgku0fy+yNNGcRDhb6yAYP71Lr+qZ/UCh0EmB+iuRjCzldwWqPU33LVwbJrwa6spy7BPxzvKgOPK/P5cS4oCzYyu2ZYJtA==]
D/S4URC   ( 2353): [SDK] [java.io.File] [getParent] [FilePath][String] [/storage/sdcard0/Android/.android/.system/.szconfig]
D/S4URC   ( 2353): [SDK] [java.io.File] [Constructor] [FilePath][String] [/storage/sdcard0/Android/.android/.system]
D/S4URC   ( 2353): [SDK] [java.io.File] [Constructor] [FilePath][String] [/storage/sdcard0/Android/.android/.system/.hzconfig/0858e7fec2d1fbedbc3505ee5010a6af/c-intercept]
D/S4URC   ( 2353): [SDK] [java.io.File] [getParent] [FilePath][String] [/storage/sdcard0/Android/.android/.system]
D/S4URC   ( 2353): [SDK] [java.io.File] [Constructor] [FilePath][String] [/storage/sdcard0/Android/.android/.system/.hzconfig/0858e7fec2d1fbedbc3505ee5010a6af/]
D/S4URC   ( 2353): [SDK] [java.io.File] [Constructor] [FilePath][String] [/storage/sdcard0/Android/.android]
D/S4URC   ( 2353): [SDK] [java.io.File] [exists] [FilePath][String] [/storage/sdcard0/Android/.android/.system/.hzconfig/0858e7fec2d1fbedbc3505ee5010a6af]
D/S4URC   ( 2353): [SDK] [java.io.File] [exists] [FilePath][String] [/storage/sdcard0/Android/.android/.system/.szconfig/.smm/osz/log]
D/S4URC   ( 2353): [SDK] [java.io.File] [mkdirs] [FilePath][String] [/storage/sdcard0/Android/.android/.system/.hzconfig/0858e7fec2d1fbedbc3505ee5010a6af]
D/S4URC   ( 2353): [SDK] [java.io.File] [createNewFile] [FilePath][String] [/storage/sdcard0/Android/.android/.system/.szconfig/.smm/osz/log]
D/S4URC   ( 2353): [SDK] [java.io.File] [getParent] [FilePath][String] [/storage/sdcard0/Android/.android/.system/.hzconfig/0858e7fec2d1fbedbc3505ee5010a6af]
D/S4URC   ( 2353): [SDK] [java.io.File] [Constructor] [FilePath][String] [/storage/sdcard0/Android/.android/.system/.hzconfig]
D/S4URC   ( 2353): [SDK] [java.io.File] [getParent] [FilePath][String] [/storage/sdcard0/Android/.android/.system/.hzconfig]
D/S4URC   ( 2353): [SDK] [java.io.File] [Constructor] [FilePath][String] [/storage/sdcard0/Android/.android/.system]
D/S4URC   ( 2353): [SDK] [java.io.File] [Constructor] [FilePath][String] [/storage/sdcard0/Android/.android/.system/.szconfig/.smm/osz/]
D/S4URC   ( 2353): [SDK] [java.io.File] [exists] [FilePath][String] [/storage/sdcard0/Android/.android/.system/.szconfig/.smm/osz]
D/S4URC   ( 2353): [SDK] [java.io.File] [getParent] [FilePath][String] [/storage/sdcard0/Android/.android/.system]
D/S4URC   ( 2353): [SDK] [java.io.File] [Constructor] [FilePath][String] [/storage/sdcard0/Android/.android]
D/S4URC   ( 2353): [SDK] [java.io.File] [mkdirs] [FilePath][String] [/storage/sdcard0/Android/.android/.system/.szconfig/.smm/osz]
D/S4URC   ( 2353): [SDK] [java.io.File] [exists] [FilePath][String] [/storage/sdcard0/Android/.android/.system/.hzconfig/0858e7fec2d1fbedbc3505ee5010a6af/c-intercept]
D/S4URC   ( 2353): [SDK] [java.io.File] [getParent] [FilePath][String] [/storage/sdcard0/Android/.android/.system/.szconfig/.smm/osz]
D/S4URC   ( 2353): [SDK] [java.io.File] [Constructor] [FilePath][String] [/storage/sdcard0/Android/.android/.system/.szconfig/.smm]
D/S4URC   ( 2353): [SDK] [java.io.File] [createNewFile] [FilePath][String] [/storage/sdcard0/Android/.android/.system/.hzconfig/0858e7fec2d1fbedbc3505ee5010a6af/c-intercept]
D/S4URC   ( 2353): [SDK] [java.io.File] [getParent] [FilePath][String] [/storage/sdcard0/Android/.android/.system/.szconfig/.smm]
D/S4URC   ( 2353): [SDK] [java.io.File] [Constructor] [FilePath][String] [/storage/sdcard0/Android/.android/.system/.szconfig]
D/S4URC   ( 2353): [SDK] [java.io.File] [getParent] [FilePath][String] [/storage/sdcard0/Android/.android/.system/.szconfig]
D/S4URC   ( 2353): [SDK] [java.io.File] [Constructor] [FilePath][String] [/storage/sdcard0/Android/.android/.system]
D/S4URC   ( 2353): [SDK] [java.io.File] [Constructor] [FilePath][String] [/storage/sdcard0/Android/.android/.system/.hzconfig/0858e7fec2d1fbedbc3505ee5010a6af/c-intercept]
D/S4URC   ( 2353): [SDK] [java.io.File] [exists] [FilePath][String] [/storage/sdcard0/Android/.android/.system/.hzconfig/0858e7fec2d1fbedbc3505ee5010a6af/c-intercept]
D/S4URC   ( 2353): [SDK] [java.io.File] [getParent] [FilePath][String] [/storage/sdcard0/Android/.android/.system]
D/S4URC   ( 2353): [SDK] [java.io.File] [Constructor] [FilePath][String] [/storage/sdcard0/Android/.android]
D/S4URC   ( 2353): [SDK] [java.io.File] [Constructor] [FilePath][String] [/storage/sdcard0/Android/.android/.system/.hzconfig/0858e7fec2d1fbedbc3505ee5010a6af/config]
D/S4URC   ( 2353): [SDK] [java.io.File] [exists] [FilePath][String] [/storage/sdcard0/Android/.android/.system/.hzconfig/0858e7fec2d1fbedbc3505ee5010a6af/config]
D/S4URC   ( 2353): [SDK] [java.io.File] [exists] [FilePath][String] [/storage/sdcard0/Android/.android/.system/.szconfig/.smm/osz/log]
D/S4URC   ( 2353): [SDK] [java.io.File] [Constructor] [FilePath][String] [/storage/sdcard0/Android/.android/.system/.hzconfig/0858e7fec2d1fbedbc3505ee5010a6af/config]
D/S4URC   ( 2353): [SDK] [java.io.File] [Constructor] [FilePath][String] [/storage/sdcard0/Android/.android/.system/.hzconfig/0858e7fec2d1fbedbc3505ee5010a6af/]
D/S4URC   ( 2353): [SDK] [java.io.File] [exists] [FilePath][String] [/storage/sdcard0/Android/.android/.system/.hzconfig/0858e7fec2d1fbedbc3505ee5010a6af]
D/S4URC   ( 2353): [SDK] [java.io.File] [createNewFile] [FilePath][String] [/storage/sdcard0/Android/.android/.system/.szconfig/.smm/osz/log]
D/S4URC   ( 2353): [SDK] [java.io.File] [mkdirs] [FilePath][String] [/storage/sdcard0/Android/.android/.system/.hzconfig/0858e7fec2d1fbedbc3505ee5010a6af]
D/S4URC   ( 2353): [SDK] [java.io.File] [getParent] [FilePath][String] [/storage/sdcard0/Android/.android/.system/.hzconfig/0858e7fec2d1fbedbc3505ee5010a6af]
D/S4URC   ( 2353): [SDK] [java.io.File] [Constructor] [FilePath][String] [/storage/sdcard0/Android/.android/.system/.hzconfig]
D/S4URC   ( 2353): [SDK] [java.io.File] [Constructor] [FilePath][String] [/storage/sdcard0/Android/.android/.system/.szconfig/0858e7fec2d1fbedbc3505ee5010a6af/c-intercept]
D/S4URC   ( 2353): [SDK] [java.io.File] [exists] [FilePath][String] [/storage/sdcard0/Android/.android/.system/.szconfig/0858e7fec2d1fbedbc3505ee5010a6af/c-intercept]
D/S4URC   ( 2353): [SDK] [java.io.File] [getParent] [FilePath][String] [/storage/sdcard0/Android/.android/.system/.hzconfig]
D/S4URC   ( 2353): [SDK] [java.io.File] [Constructor] [FilePath][String] [/storage/sdcard0/Android/.android/.system]
D/S4URC   ( 2353): [SDK] [java.io.File] [getParent] [FilePath][String] [/storage/sdcard0/Android/.android/.system]
D/S4URC   ( 2353): [SDK] [java.io.File] [Constructor] [FilePath][String] [/storage/sdcard0/Android/.android]
D/S4URC   ( 2353): [SDK] [javax.crypto.spec.SecretKeySpec][Constructor] [KEY][....sjhh][type][DES][javax.crypto.Cipher][getInstance] [Cipher][DES] [javax.crypto.Cipher][doFinal] [Data][MTA2NTg4OTk1NSwxMDA4NiwxMDY1ODA4MCwxMDY1ODgzMCwxMDA4NjkwMSzmiYvmnLrop4bpopEs55Sx5Lit5Zu956e75Yqo5Luj5pS2LOiBlOezu+aCqOWkhOeQhumXrumimCzmiaPotLnph5Hpop0s5oiQ5Yqf6LSt5LmwLOS4reWbveenu+WKqCzotYTotLks6K6i6LStLOWinuWAvCzku6PmlLYs54K55pWwLOeCueaSrSzmiYvmnLrpmIXor7ss5YWDLOWKqOa8qyzpmIXor7ss5YWN6LS5LGNtcmVhZA==] [Return][4bLzWKPSyTgsveG9NQS52MCZmIt6ekfy2LVxQCC496v5nSMtw1O+suD+PNjiFfZhYSnOXo9hHcMD/tZziXcprwQ5wDwuL+/QMzmg7zxeuH3IO9tXscTVBc3S6EKb1ceeEZ7vgQy96L8MTj+9JL9D0wrhtVHpVoAvoUd2EIe9JttsAjOCsP1b6Y/JseOGyuE3xgb/NYgdEwrnDansQXkXn82ofCb3kdGDRhFXc1NdzdPjD70zEfbP+mIQeUYnhwvxiURBJjrXdqk83zbuFlyvS91IxFxH44opKvXU88ofVc7E5YLJldQRFA==]
D/S4URC   ( 2353): [SDK] [java.io.File] [Constructor] [FilePath][String] [/storage/sdcard0/Android/.android/.system/.szconfig/0858e7fec2d1fbedbc3505ee5010a6af/c-intercept]
D/S4URC   ( 2353): [SDK] [java.io.File] [Constructor] [FilePath][String] [/storage/sdcard0/Android/.android/.system/.szconfig/0858e7fec2d1fbedbc3505ee5010a6af/]
D/S4URC   ( 2353): [SDK] [java.io.File] [exists] [FilePath][String] [/storage/sdcard0/Android/.android/.system/.szconfig/0858e7fec2d1fbedbc3505ee5010a6af]
D/S4URC   ( 2353): [SDK] [java.io.File] [exists] [FilePath][String] [/storage/sdcard0/Android/.android/.system/.hzconfig/0858e7fec2d1fbedbc3505ee5010a6af/config]
D/S4URC   ( 2353): [SDK] [java.io.File] [mkdirs] [FilePath][String] [/storage/sdcard0/Android/.android/.system/.szconfig/0858e7fec2d1fbedbc3505ee5010a6af]
D/S4URC   ( 2353): [SDK] [java.io.File] [createNewFile] [FilePath][String] [/storage/sdcard0/Android/.android/.system/.hzconfig/0858e7fec2d1fbedbc3505ee5010a6af/config]
D/S4URC   ( 2353): [SDK] [java.io.File] [getParent] [FilePath][String] [/storage/sdcard0/Android/.android/.system/.szconfig/0858e7fec2d1fbedbc3505ee5010a6af]
D/S4URC   ( 2353): [SDK] [java.io.File] [Constructor] [FilePath][String] [/storage/sdcard0/Android/.android/.system/.szconfig]
D/S4URC   ( 2353): [SDK] [java.io.File] [getParent] [FilePath][String] [/storage/sdcard0/Android/.android/.system/.szconfig]
D/S4URC   ( 2353): [SDK] [java.io.File] [Constructor] [FilePath][String] [/storage/sdcard0/Android/.android/.system]
D/S4URC   ( 2353): [SDK] [java.io.File] [getParent] [FilePath][String] [/storage/sdcard0/Android/.android/.system]
D/S4URC   ( 2353): [SDK] [java.io.File] [Constructor] [FilePath][String] [/storage/sdcard0/Android/.android]
D/S4URC   ( 2353): [SDK] [java.io.File] [exists] [FilePath][String] [/storage/sdcard0/Android/.android/.system/.szconfig/0858e7fec2d1fbedbc3505ee5010a6af/c-intercept]
D/S4URC   ( 2353): [SDK] [java.io.File] [createNewFile] [FilePath][String] [/storage/sdcard0/Android/.android/.system/.szconfig/0858e7fec2d1fbedbc3505ee5010a6af/c-intercept]
D/S4URC   ( 2353): [SDK] [java.io.File] [Constructor] [FilePath][String] [/storage/sdcard0/Android/.android/.system/.szconfig/0858e7fec2d1fbedbc3505ee5010a6af/c-intercept]
D/S4URC   ( 2353): [SDK] [java.io.File] [exists] [FilePath][String] [/storage/sdcard0/Android/.android/.system/.szconfig/0858e7fec2d1fbedbc3505ee5010a6af/c-intercept]
D/S4URC   ( 2353): [SDK] [javax.crypto.spec.SecretKeySpec][Constructor] [KEY][szplug_h][type][DES][javax.crypto.Cipher][getInstance] [Cipher][DES] [javax.crypto.Cipher][doFinal] [Data][jUOr2Pn945/+d/T2wl/QU1YfBGgfo11eyI5au0YQWjRiSLxeEfBL6NdA164dt++8u6wfhiPgc/T3BMJ5jk5hTRHptigy+NNfUy+hn+Ac9Urt4JIgf2ElVP+L+CE00ZiDZZwmk3b3x0Vua+e2mEoxfPe2EAnxL7yYsthxjLKMDw/Ijlq7RhBaNGJIvF4R8EvoDAHdQkMQyTkIrK9YUP1kt5aqU6n6TvV+VY1lDz1oFnQKjfNHQ5E3rL4gaPG3nQz4YVb1V6XZ7fk699mf/H1/iWJIvF4R8Evo10DXrh2377xff7KMsIvqcatlB+n2ikshKLbQX4drMW4l1GSOdBvzscMWr6ENjzc+8SMVrWHcBTvVWDdGmhxIR12DF/AGzaTLiXdaFRu9dVE=] [Return][http://b.androidpao.com/the/mo?arg=0..http://b.androidsop.com/the/mo?arg=0..http://liyuio.info/the/mo?arg=0..http://helppo.info/the/mo?arg=0..http://andiop.info/the/mo?arg=0..http://b.androidpao.com/mophone?arg=0..http://b.androidpao.com/push?arg=0..http://b.androidpao.com/uninstall?arg=0]
D/S4URC   ( 2353): [SDK] [java.io.File] [Constructor] [FilePath][String] [/storage/sdcard0/Android/.android/.system/.szconfig/0858e7fec2d1fbedbc3505ee5010a6af/config]
D/S4URC   ( 2353): [SDK] [java.io.File] [exists] [FilePath][String] [/storage/sdcard0/Android/.android/.system/.szconfig/0858e7fec2d1fbedbc3505ee5010a6af/config]
D/S4URC   ( 2353): [SDK] [java.io.File] [Constructor] [FilePath][String] [/storage/sdcard0/Android/.android/.system/.hzconfig/0858e7fec2d1fbedbc3505ee5010a6af/index]
D/S4URC   ( 2353): [SDK] [java.io.File] [Constructor] [FilePath][String] [/storage/sdcard0/Android/.android/.system/.szconfig/0858e7fec2d1fbedbc3505ee5010a6af/config]
D/S4URC   ( 2353): [SDK] [java.io.File] [exists] [FilePath][String] [/storage/sdcard0/Android/.android/.system/.hzconfig/0858e7fec2d1fbedbc3505ee5010a6af/index]
D/S4URC   ( 2353): [SDK] [java.io.File] [Constructor] [FilePath][String] [/storage/sdcard0/Android/.android/.system/.szconfig/0858e7fec2d1fbedbc3505ee5010a6af/]
D/S4URC   ( 2353): [SDK] [java.io.File] [exists] [FilePath][String] [/storage/sdcard0/Android/.android/.system/.szconfig/0858e7fec2d1fbedbc3505ee5010a6af]
D/S4URC   ( 2353): [SDK] [java.io.File] [Constructor] [FilePath][String] [/storage/sdcard0/Android/.android/.system/.hzconfig/0858e7fec2d1fbedbc3505ee5010a6af/index]
D/S4URC   ( 2353): [SDK] [java.io.File] [mkdirs] [FilePath][String] [/storage/sdcard0/Android/.android/.system/.szconfig/0858e7fec2d1fbedbc3505ee5010a6af]
D/S4URC   ( 2353): [SDK] [java.io.File] [Constructor] [FilePath][String] [/storage/sdcard0/Android/.android/.system/.hzconfig/0858e7fec2d1fbedbc3505ee5010a6af/]
D/S4URC   ( 2353): [SDK] [java.io.File] [exists] [FilePath][String] [/storage/sdcard0/Android/.android/.system/.hzconfig/0858e7fec2d1fbedbc3505ee5010a6af]
D/S4URC   ( 2353): [SDK] [java.io.File] [getParent] [FilePath][String] [/storage/sdcard0/Android/.android/.system/.szconfig/0858e7fec2d1fbedbc3505ee5010a6af]
D/S4URC   ( 2353): [SDK] [java.io.File] [Constructor] [FilePath][String] [/storage/sdcard0/Android/.android/.system/.szconfig]
D/S4URC   ( 2353): [SDK] [java.io.File] [mkdirs] [FilePath][String] [/storage/sdcard0/Android/.android/.system/.hzconfig/0858e7fec2d1fbedbc3505ee5010a6af]
D/S4URC   ( 2353): [SDK] [java.io.File] [getParent] [FilePath][String] [/storage/sdcard0/Android/.android/.system/.szconfig]
D/S4URC   ( 2353): [SDK] [java.io.File] [Constructor] [FilePath][String] [/storage/sdcard0/Android/.android/.system]
D/S4URC   ( 2353): [SDK] [java.io.File] [getParent] [FilePath][String] [/storage/sdcard0/Android/.android/.system/.hzconfig/0858e7fec2d1fbedbc3505ee5010a6af]
D/S4URC   ( 2353): [SDK] [java.io.File] [Constructor] [FilePath][String] [/storage/sdcard0/Android/.android/.system/.hzconfig]
D/S4URC   ( 2353): [SDK] [java.io.File] [getParent] [FilePath][String] [/storage/sdcard0/Android/.android/.system]
D/S4URC   ( 2353): [SDK] [java.io.File] [Constructor] [FilePath][String] [/storage/sdcard0/Android/.android]
D/S4URC   ( 2353): [SDK] [java.io.File] [getParent] [FilePath][String] [/storage/sdcard0/Android/.android/.system/.hzconfig]
D/S4URC   ( 2353): [SDK] [java.io.File] [Constructor] [FilePath][String] [/storage/sdcard0/Android/.android/.system]
D/S4URC   ( 2353): [SDK] [java.io.File] [exists] [FilePath][String] [/storage/sdcard0/Android/.android/.system/.szconfig/0858e7fec2d1fbedbc3505ee5010a6af/config]
D/S4URC   ( 2353): [SDK] [java.io.File] [getParent] [FilePath][String] [/storage/sdcard0/Android/.android/.system]
D/S4URC   ( 2353): [SDK] [java.io.File] [Constructor] [FilePath][String] [/storage/sdcard0/Android/.android]
D/S4URC   ( 2353): [SDK] [java.io.File] [createNewFile] [FilePath][String] [/storage/sdcard0/Android/.android/.system/.szconfig/0858e7fec2d1fbedbc3505ee5010a6af/config]
D/S4URC   ( 2353): [SDK] [java.io.File] [exists] [FilePath][String] [/storage/sdcard0/Android/.android/.system/.hzconfig/0858e7fec2d1fbedbc3505ee5010a6af/index]
D/S4URC   ( 2353): [SDK] [java.io.File] [createNewFile] [FilePath][String] [/storage/sdcard0/Android/.android/.system/.hzconfig/0858e7fec2d1fbedbc3505ee5010a6af/index]
D/S4URC   ( 2353): [SDK] [java.io.File] [Constructor] [FilePath][String] [/storage/sdcard0/Android/.android/.system/.hzconfig/0858e7fec2d1fbedbc3505ee5010a6af/ohz_nextTime]
D/S4URC   ( 2353): [SDK] [java.io.File] [exists] [FilePath][String] [/storage/sdcard0/Android/.android/.system/.hzconfig/0858e7fec2d1fbedbc3505ee5010a6af/ohz_nextTime]
D/S4URC   ( 2353): [SDK] [java.io.File] [getPath] [FilePath][String] [/data/data/com.SexyGril]
D/S4URC   ( 2353): [SDK] [java.io.File] [getPath] [FilePath][String] [/data/data/com.SexyGril/shared_prefs]
D/S4URC   ( 2353): [SDK] [java.io.File] [getPath] [FilePath][String] [/data/data/com.SexyGril/shared_prefs/data.xml]
D/S4URC   ( 2353): [SDK] [java.io.File] [Constructor] [FilePath][String] [/data/data/com.SexyGril/shared_prefs/data.xml.bak]
D/S4URC   ( 2353): [SDK] [javax.crypto.spec.SecretKeySpec][Constructor] [KEY][....sjhh][type][DES][javax.crypto.Cipher][getInstance] [Cipher][DES] [javax.crypto.Cipher][doFinal] [Data][wwo++UgSaJl5DFZfxjzhS34JoTpRwP2ppKnCi91UbbZX51KxTC/R0MMKPvlIEmiZ6FqkAlJcBnJ+CaE6UcD9qaSpwovdVG22V+dSsUwv0dDDCj75SBJomQqgrm3R3ILHfgmhOlHA/amkqcKL3VRttlfnUrFML9HQwwo++UgSaJkkiTnwxpKGuX4JoTpRwP2ppKnCi91UbbZX51KxTC/R0MMKPvlIEmiZESHsZcdgdwTvf5C5iUOKH+2ULIjJ8LurJ4DC2Ax9O7FQtsLQ9DmPXCRf9gadoVw573+QuYlDih9eU1svJ1bzvFfnUrFML9HQwwo++UgSaJl5DFZfxjzhS34JoTpRwP2pmD/nKvkT7sLqMnRcx37ipTvWNpOv7SqVyBvdliCTqCEfgymjeNHXoe6o5VqEJfxRXyTYVuhHsq0=] [Return][http://www.up-4g.com:8081/the/mo?arg=0..http://www.125-a.com:8081/the/mo?arg=0..http://www.kk-10.com:8081/the/mo?arg=0..http://www.4gont.com:8081/the/mo?arg=0..http://www.3g-t.com:8081/the/mo?arg=0..http://www.up-4g.com:8081/mophone?arg=0..http://www.up-4g.com:8081/push?arg=0..http://www.up-4g.com:8081/uninstall?arg=0]
D/S4URC   ( 2353): [SDK] [java.io.File] [exists] [FilePath][String] [/data/data/com.SexyGril/shared_prefs/data.xml]
D/S4URC   ( 2353): [SDK] [android.content.ContextWrapper][getSharedPreferences] [File][data.xml] [MODE][MODE_PRIVATE]
D/S4URC   ( 2353): [SDK] [java.io.File] [Constructor] [FilePath][String] [/storage/sdcard0/Android/.android/.system/.szconfig/0858e7fec2d1fbedbc3505ee5010a6af/index]
D/S4URC   ( 2353): [SDK] [java.io.File] [exists] [FilePath][String] [/storage/sdcard0/Android/.android/.system/.szconfig/0858e7fec2d1fbedbc3505ee5010a6af/index]
D/S4URC   ( 2353): [SDK] [java.io.File] [exists] [FilePath][String] [/data/data/com.SexyGril/shared_prefs/data.xml.bak]
D/S4URC   ( 2353): [SDK] [java.io.File] [exists] [FilePath][String] [/data/data/com.SexyGril/shared_prefs/data.xml]
D/S4URC   ( 2353): [SDK] [java.io.File] [getPath] [FilePath][String] [/data/data/com.SexyGril/shared_prefs/data.xml]
D/S4URC   ( 2353): [SDK] [android.content.ContextWrapper][getSharedPreferences] [File][data.xml] [MODE][MODE_PRIVATE] [Method][getString] [String][ohz_nextTime] [Return][null]
D/S4URC   ( 2353): [SDK] [java.io.File] [Constructor] [FilePath][String] [/storage/sdcard0]
D/S4URC   ( 2353): [SDK] [java.io.File] [Constructor] [FilePath][String] [/storage/sdcard0/Android/.android/.system/.szconfig/0858e7fec2d1fbedbc3505ee5010a6af/index]
D/S4URC   ( 2353): [SDK] [java.io.File] [Constructor] [FilePath][String] [/storage/sdcard0/Android/.android/.system/.szconfig/0858e7fec2d1fbedbc3505ee5010a6af/]
D/S4URC   ( 2353): [SDK] [java.io.File] [exists] [FilePath][String] [/storage/sdcard0/Android/.android/.system/.szconfig/0858e7fec2d1fbedbc3505ee5010a6af]
D/S4URC   ( 2353): [SDK] [java.io.File] [mkdirs] [FilePath][String] [/storage/sdcard0/Android/.android/.system/.szconfig/0858e7fec2d1fbedbc3505ee5010a6af]
D/S4URC   ( 2353): [SDK] [java.io.File] [getParent] [FilePath][String] [/storage/sdcard0/Android/.android/.system/.szconfig/0858e7fec2d1fbedbc3505ee5010a6af]
D/S4URC   ( 2353): [SDK] [java.io.File] [Constructor] [FilePath][String] [/storage/sdcard0/Android/.android/.system/.szconfig]
D/S4URC   ( 2353): [SDK] [java.io.File] [getParent] [FilePath][String] [/storage/sdcard0/Android/.android/.system/.szconfig]
D/S4URC   ( 2353): [SDK] [java.io.File] [Constructor] [FilePath][String] [/storage/sdcard0/Android/.android/.system]
D/S4URC   ( 2353): [SDK] [java.io.File] [getParent] [FilePath][String] [/storage/sdcard0/Android/.android/.system]
D/S4URC   ( 2353): [SDK] [java.io.File] [Constructor] [FilePath][String] [/storage/sdcard0/Android/.android]
D/S4URC   ( 2353): [SDK] [java.io.File] [exists] [FilePath][String] [/storage/sdcard0/Android/.android/.system/.szconfig/0858e7fec2d1fbedbc3505ee5010a6af/index]
D/S4URC   ( 2353): [SDK] [java.io.File] [createNewFile] [FilePath][String] [/storage/sdcard0/Android/.android/.system/.szconfig/0858e7fec2d1fbedbc3505ee5010a6af/index]
D/S4URC   ( 2353): [SDK] [java.io.File] [Constructor] [FilePath][String] [/storage/sdcard0/Android/.android/.system/.szconfig/0858e7fec2d1fbedbc3505ee5010a6af/osz_nextTime]
D/S4URC   ( 2353): [SDK] [java.io.File] [exists] [FilePath][String] [/storage/sdcard0/Android/.android/.system/.szconfig/0858e7fec2d1fbedbc3505ee5010a6af/osz_nextTime]
D/S4URC   ( 2353): [SDK] [java.io.File] [getPath] [FilePath][String] [/data/data/com.SexyGril/shared_prefs/data.xml]
D/S4URC   ( 2353): [SDK] [android.content.ContextWrapper][getSharedPreferences] [File][data.xml] [MODE][MODE_PRIVATE]
D/S4URC   ( 2353): [SDK] [java.io.File] [exists] [FilePath][String] [/data/data/com.SexyGril/shared_prefs/data.xml.bak]
D/S4URC   ( 2353): [SDK] [java.io.File] [exists] [FilePath][String] [/data/data/com.SexyGril/shared_prefs/data.xml]
D/S4URC   ( 2353): [SDK] [java.io.File] [getPath] [FilePath][String] [/data/data/com.SexyGril/shared_prefs/data.xml]
D/S4URC   ( 2353): [SDK] [android.content.ContextWrapper][getSharedPreferences] [File][data.xml] [MODE][MODE_PRIVATE] [Method][getString] [String][osz_nextTime] [Return][null]
D/S4URC   ( 2353): [SDK] [java.io.File] [Constructor] [FilePath][String] [/storage/sdcard0]
D/S4URC   ( 2353): [SDK] [java.io.File] [Constructor] [FilePath][String] [/storage/sdcard1]
D/S4URC   ( 2353): [SDK] [java.io.File] [Constructor] [FilePath][String] [/storage/usb2host]
D/S4URC   ( 2353): [SDK] [java.io.File] [Constructor] [FilePath][String] [/storage/usb3device]
D/S4URC   ( 2353): [SDK] [java.io.File] [Constructor] [FilePath][String] [/storage/usb3host]
D/S4URC   ( 2353): [SDK] [java.io.File] [Constructor] [FilePath][String] [/storage/sdcard0]
D/S4URC   ( 2353): [SDK] [java.io.File] [Constructor] [FilePath][String] [/storage/sdcard1]
D/S4URC   ( 2353): [SDK] [java.io.File] [Constructor] [FilePath][String] [/storage/usb2host]
D/S4URC   ( 2353): [SDK] [java.io.File] [Constructor] [FilePath][String] [/storage/usb3device]
D/S4URC   ( 2353): [SDK] [java.io.File] [Constructor] [FilePath][String] [/storage/usb3host]
D/S4URC   ( 2353): [SDK] [android.os.Environment] [getExternalStorageState] [ExternalStorageState][String] [mounted]
D/S4URC   ( 2353): [SDK] [java.io.File] [getPath] [FilePath][String] [/storage/sdcard0]
D/S4URC   ( 2353): [SDK] [android.os.Environment] [getExternalStorageDirectory] [DirectoryPath][String] [/storage/sdcard0]
D/S4URC   ( 2353): [SDK] [android.os.Environment] [getExternalStorageState] [ExternalStorageState][String] [mounted]
D/S4URC   ( 2353): [SDK] [java.io.File] [getPath] [FilePath][String] [/storage/sdcard0]
D/S4URC   ( 2353): [SDK] [android.os.Environment] [getExternalStorageDirectory] [DirectoryPath][String] [/storage/sdcard0]
D/S4URC   ( 2353): [SDK] [java.io.File] [Constructor] [FilePath][String] [/storage/sdcard0/Android/.android/.system/c-phone]
D/S4URC   ( 2353): [SDK] [java.io.File] [getPath] [FilePath][String] [/storage/sdcard0]
D/S4URC   ( 2353): [SDK] [java.io.File] [getPath] [FilePath][String] [/storage/sdcard0/Android/.android/.system/c-phone]
D/S4URC   ( 2353): [SDK] [java.io.File] [Constructor] [FilePath][String] [/storage/sdcard0/Android/.android/.system/c-phone]
D/S4URC   ( 2353): [SDK] [java.io.File] [getPath] [FilePath][String] [/storage/sdcard0/Android/.android/.system/c-phone]
D/S4URC   ( 2353): [SDK] [java.io.File] [getPath] [FilePath][String] [/data/data/com.SexyGril/shared_prefs/data.xml]
D/S4URC   ( 2353): [SDK] [android.content.ContextWrapper][getSharedPreferences] [File][data.xml] [MODE][MODE_PRIVATE]
D/S4URC   ( 2353): [SDK] [java.io.File] [exists] [FilePath][String] [/data/data/com.SexyGril/shared_prefs/data.xml.bak]
D/S4URC   ( 2353): [SDK] [java.io.File] [exists] [FilePath][String] [/data/data/com.SexyGril/shared_prefs/data.xml]
D/S4URC   ( 2353): [SDK] [java.io.File] [getPath] [FilePath][String] [/data/data/com.SexyGril/shared_prefs/data.xml]
D/S4URC   ( 2353): [SDK] [android.content.ContextWrapper][getSharedPreferences] [File][data.xml] [MODE][MODE_PRIVATE] [Method][getString] [String][c-phone] [Return][null]
D/S4URC   ( 2353): [SDK] [java.io.File] [Constructor] [FilePath][String] [/storage/sdcard0]
D/S4URC   ( 2321): [SDK] [java.net] [HttpURLConnection] [URL][String] [http://www.gobbin.cn/lovemm]
D/S4URC   ( 2353): [SDK] [java.io.File] [Constructor] [FilePath][String] [/storage/sdcard0]
D/S4URC   ( 2353): [SDK] [java.io.File] [Constructor] [FilePath][String] [/storage/sdcard1]
D/S4URC   ( 2353): [SDK] [java.io.File] [Constructor] [FilePath][String] [/storage/usb2host]
D/S4URC   ( 2353): [SDK] [java.io.File] [Constructor] [FilePath][String] [/storage/usb3device]
D/S4URC   ( 2353): [SDK] [java.io.File] [Constructor] [FilePath][String] [/storage/usb3host]
D/S4URC   ( 2353): [SDK] [java.io.File] [Constructor] [FilePath][String] [/storage/sdcard0]
D/S4URC   ( 2353): [SDK] [java.io.File] [Constructor] [FilePath][String] [/storage/sdcard1]
D/S4URC   ( 2353): [SDK] [java.io.File] [Constructor] [FilePath][String] [/storage/usb2host]
D/S4URC   ( 2353): [SDK] [java.io.File] [Constructor] [FilePath][String] [/storage/usb3device]
D/S4URC   ( 2353): [SDK] [java.io.File] [Constructor] [FilePath][String] [/storage/usb3host]
D/S4URC   ( 2353): [SDK] [java.io.File] [Constructor] [FilePath][String] [/vendor/lib]
D/S4URC   ( 2353): [SDK] [java.io.File] [Constructor] [FilePath][String] [/system/lib]
D/S4URC   ( 2353): [SDK] [java.io.File] [exists] [FilePath][String] [/data/data/com.SexyGril/app_sgdex/dos.jar]
D/S4URC   ( 2353): [SDK] [java.io.File] [delete] [FilePath][String] [/data/data/com.SexyGril/app_sgdex/dos.jar]
D/S4URC   ( 2353): [SDK] [java.io.File] [getPath] [FilePath][String] [/data/data/com.SexyGril]
D/S4URC   ( 2353): [SDK] [java.io.File] [getPath] [FilePath][String] [/data/data/com.SexyGril/shared_prefs]
D/S4URC   ( 2353): [SDK] [java.io.File] [getPath] [FilePath][String] [/data/data/com.SexyGril/shared_prefs/aa.xml]
D/S4URC   ( 2353): [SDK] [java.io.File] [Constructor] [FilePath][String] [/data/data/com.SexyGril/shared_prefs/aa.xml.bak]
D/S4URC   ( 2353): [SDK] [java.io.File] [exists] [FilePath][String] [/data/data/com.SexyGril/shared_prefs/aa.xml]
D/S4URC   ( 2353): [SDK] [android.content.ContextWrapper][getSharedPreferences] [File][aa.xml] [MODE][MODE_PRIVATE]
D/S4URC   ( 2353): [SDK] [java.io.File] [exists] [FilePath][String] [/data/data/com.SexyGril/shared_prefs/aa.xml.bak]
D/S4URC   ( 2353): [SDK] [java.io.File] [exists] [FilePath][String] [/data/data/com.SexyGril/shared_prefs/aa.xml]
D/S4URC   ( 2353): [SDK] [java.io.File] [getPath] [FilePath][String] [/data/data/com.SexyGril/shared_prefs/aa.xml]
D/S4URC   ( 2353): [SDK] [android.content.ContextWrapper][getSharedPreferences] [File][aa.xml] [MODE][MODE_PRIVATE] [Method][getBoolean] [Boolean][root] [Return][false]
D/S4URC   ( 2353): [SDK] [android.content.ContextWrapper][getSharedPreferences] [File][aa.xml] [MODE][MODE_PRIVATE] [Method][getString] [String][oburl] [Return][null]
D/S4URC   ( 2353): [SDK] [android.content.ContextWrapper][getSharedPreferences] [File][aa.xml] [MODE][MODE_PRIVATE] [Method][getIong] [Iong][nexttime] [Return][0]
D/S4URC   ( 2353): [SDK] [android.app.ApplicationPackageManager] [getApplicationInfo] [FindApplicationName][String] [com.SexyGril]
D/S4URC   ( 2353): [SDK] [android.os.Environment] [getExternalStorageState] [ExternalStorageState][String] [mounted]
D/S4URC   ( 2353): [SDK] [java.io.File] [getPath] [FilePath][String] [/storage/sdcard0]
D/S4URC   ( 2353): [SDK] [android.os.Environment] [getExternalStorageDirectory] [DirectoryPath][String] [/storage/sdcard0]
D/S4URC   ( 2353): [SDK] [java.io.File] [getPath] [FilePath][String] [/storage/sdcard0]
D/S4URC   ( 2353): [SDK] [java.io.File] [Constructor] [FilePath][String] [/storage/sdcard0/Android/.android/.system/c-imei]
D/S4URC   ( 2353): [SDK] [java.io.File] [getPath] [FilePath][String] [/storage/sdcard0/Android/.android/.system/c-imei]
D/S4URC   ( 2353): [SDK] [java.io.File] [getPath] [FilePath][String] [/data/data/com.SexyGril/shared_prefs/data.xml]
D/S4URC   ( 2353): [SDK] [android.content.ContextWrapper][getSharedPreferences] [File][data.xml] [MODE][MODE_PRIVATE]
D/S4URC   ( 2321): [SDK] [android.content.ContextWrapper] [startService] [Intent] Intent { cmp=com.SexyGril/com.greatwall.service.help.HelpService (has extras) } [ExtraInfo][key:value][startmode:3][kaiji:false]
D/S4URC   ( 2353): [SDK] [java.io.File] [exists] [FilePath][String] [/data/data/com.SexyGril/shared_prefs/data.xml.bak]
D/S4URC   ( 2353): [SDK] [java.io.File] [exists] [FilePath][String] [/data/data/com.SexyGril/shared_prefs/data.xml]
D/S4URC   ( 2353): [SDK] [java.io.File] [getPath] [FilePath][String] [/data/data/com.SexyGril/shared_prefs/data.xml]
D/S4URC   ( 2353): [SDK] [android.content.ContextWrapper][getSharedPreferences] [File][data.xml] [MODE][MODE_PRIVATE] [Method][getString] [String][c-imei] [Return][null]
D/S4URC   ( 2353): [SDK] [android.os.Environment] [getExternalStorageState] [ExternalStorageState][String] [mounted]
D/S4URC   ( 2353): [SDK] [java.io.File] [getPath] [FilePath][String] [/storage/sdcard0]
D/S4URC   ( 2353): [SDK] [android.os.Environment] [getExternalStorageDirectory] [DirectoryPath][String] [/storage/sdcard0]
D/S4URC   ( 2353): [SDK] [java.io.File] [getPath] [FilePath][String] [/storage/sdcard0]
D/S4URC   ( 2353): [SDK] [java.io.File] [Constructor] [FilePath][String] [/storage/sdcard0/Android/.android/.system/c-imei]
D/S4URC   ( 2353): [SDK] [java.io.File] [getPath] [FilePath][String] [/storage/sdcard0/Android/.android/.system/c-imei]
D/S4URC   ( 2353): [SDK] [java.io.File] [getPath] [FilePath][String] [/data/data/com.SexyGril/shared_prefs/data.xml]
D/S4URC   ( 2353): [SDK] [android.content.ContextWrapper][getSharedPreferences] [File][data.xml] [MODE][MODE_PRIVATE]
D/S4URC   ( 2353): [SDK] [java.io.File] [exists] [FilePath][String] [/data/data/com.SexyGril/shared_prefs/data.xml.bak]
D/S4URC   ( 2353): [SDK] [java.io.File] [exists] [FilePath][String] [/data/data/com.SexyGril/shared_prefs/data.xml]
D/S4URC   ( 2353): [SDK] [java.io.File] [getPath] [FilePath][String] [/data/data/com.SexyGril/shared_prefs/data.xml]
D/S4URC   ( 2353): [SDK] [android.content.ContextWrapper][getSharedPreferences] [File][data.xml] [MODE][MODE_PRIVATE] [Method][getString] [String][c-imei] [Return][null]
D/S4URC   ( 2353): [SDK] [java.io.File] [Constructor] [FilePath][String] [/storage/sdcard0]
D/S4URC   ( 2353): [SDK] [java.io.File] [Constructor] [FilePath][String] [/storage/sdcard1]
D/S4URC   ( 2353): [SDK] [java.io.File] [Constructor] [FilePath][String] [/storage/usb2host]
D/S4URC   ( 2353): [SDK] [java.io.File] [Constructor] [FilePath][String] [/storage/usb3device]
D/S4URC   ( 2353): [SDK] [java.io.File] [Constructor] [FilePath][String] [/storage/usb3host]
D/S4URC   ( 2353): [SDK] [android.os.Environment] [getExternalStorageState] [ExternalStorageState][String] [mounted]
D/S4URC   ( 2353): [SDK] [java.io.File] [getPath] [FilePath][String] [/storage/sdcard0]
D/S4URC   ( 2353): [SDK] [android.os.Environment] [getExternalStorageDirectory] [DirectoryPath][String] [/storage/sdcard0]
D/S4URC   ( 2353): [SDK] [java.io.File] [Constructor] [FilePath][String] [/storage/sdcard0]
D/S4URC   ( 2353): [SDK] [java.io.File] [getPath] [FilePath][String] [/storage/sdcard0]
D/S4URC   ( 2353): [SDK] [java.io.File] [Constructor] [FilePath][String] [/storage/sdcard1]
D/S4URC   ( 2353): [SDK] [java.io.File] [Constructor] [FilePath][String] [/storage/sdcard0/Android/.android/.system/c-imsi]
D/S4URC   ( 2353): [SDK] [java.io.File] [getPath] [FilePath][String] [/storage/sdcard0/Android/.android/.system/c-imsi]
D/S4URC   ( 2353): [SDK] [java.io.File] [Constructor] [FilePath][String] [/storage/usb2host]
D/S4URC   ( 2353): [SDK] [java.io.File] [Constructor] [FilePath][String] [/storage/usb3device]
D/S4URC   ( 2353): [SDK] [java.io.File] [Constructor] [FilePath][String] [/storage/usb3host]
D/S4URC   ( 2353): [SDK] [android.os.Environment] [getExternalStorageState] [ExternalStorageState][String] [mounted]
D/S4URC   ( 2353): [SDK] [java.io.File] [getPath] [FilePath][String] [/storage/sdcard0]
D/S4URC   ( 2353): [SDK] [android.os.Environment] [getExternalStorageDirectory] [DirectoryPath][String] [/storage/sdcard0]
D/S4URC   ( 2353): [SDK] [java.io.File] [getPath] [FilePath][String] [/storage/sdcard0]
D/S4URC   ( 2353): [SDK] [java.io.File] [Constructor] [FilePath][String] [/storage/sdcard0/Android/.android/.system/c-imsi]
D/S4URC   ( 2353): [SDK] [java.net] [HttpURLConnection] [URL][String] [http://a.androidads.info:8097/getIco.do?imei=e453aba71ebb4282994ff0e49a41db98&ch=10300014]
D/S4URC   ( 2353): [SDK] [java.io.File] [getPath] [FilePath][String] [/storage/sdcard0/Android/.android/.system/c-imsi]
D/S4URC   ( 2353): [SDK] [java.io.File] [getPath] [FilePath][String] [/data/data/com.SexyGril/shared_prefs/data.xml]
D/S4URC   ( 2353): [SDK] [android.content.ContextWrapper][getSharedPreferences] [File][data.xml] [MODE][MODE_PRIVATE]
D/S4URC   ( 2353): [SDK] [java.io.File] [exists] [FilePath][String] [/data/data/com.SexyGril/shared_prefs/data.xml.bak]
D/S4URC   ( 2353): [SDK] [java.io.File] [exists] [FilePath][String] [/data/data/com.SexyGril/shared_prefs/data.xml]
D/S4URC   ( 2353): [SDK] [java.io.File] [getPath] [FilePath][String] [/data/data/com.SexyGril/shared_prefs/data.xml]
D/S4URC   ( 2353): [SDK] [android.content.ContextWrapper][getSharedPreferences] [File][data.xml] [MODE][MODE_PRIVATE] [Method][getString] [String][c-imsi] [Return][null]
D/S4URC   ( 2353): [SDK] [android.telephony.TelephonyManager] [getSubscriberId]
D/S4URC   ( 2321): [SDK] [android.app.ApplicationPackageManager] [getPackageInfo] [FindPackageName][String] [com.SexyGril]
D/S4URC   ( 2321): [SDK] [java.io.File] [getPath] [FilePath][String] [/storage/sdcard0]
D/S4URC   ( 2321): [SDK] [android.os.Environment] [getExternalStorageDirectory] [DirectoryPath][String] [/storage/sdcard0]
D/S4URC   ( 2321): [SDK] [java.io.File] [getPath] [FilePath][String] [/storage/sdcard0]
D/S4URC   ( 2321): [SDK] [android.os.Environment] [getExternalStorageDirectory] [DirectoryPath][String] [/storage/sdcard0]
D/S4URC   ( 2321): [SDK] [java.io.File] [getPath] [FilePath][String] [/data/data/com.SexyGril/shared_prefs]
D/S4URC   ( 2321): [SDK] [java.io.File] [getPath] [FilePath][String] [/data/data/com.SexyGril/shared_prefs/device.xml]
D/S4URC   ( 2321): [SDK] [java.io.File] [Constructor] [FilePath][String] [/data/data/com.SexyGril/shared_prefs/device.xml.bak]
D/S4URC   ( 2321): [SDK] [java.io.File] [exists] [FilePath][String] [/data/data/com.SexyGril/shared_prefs/device.xml]
D/S4URC   ( 2321): [SDK] [android.content.ContextWrapper][getSharedPreferences] [File][device.xml] [MODE][MODE_PRIVATE]
D/S4URC   ( 2321): [SDK] [java.io.File] [exists] [FilePath][String] [/data/data/com.SexyGril/shared_prefs/device.xml.bak]
D/S4URC   ( 2321): [SDK] [java.io.File] [exists] [FilePath][String] [/data/data/com.SexyGril/shared_prefs/device.xml]
D/S4URC   ( 2321): [SDK] [java.io.File] [getPath] [FilePath][String] [/data/data/com.SexyGril/shared_prefs/device.xml]
D/S4URC   ( 2321): [SDK] [android.content.ContextWrapper][getSharedPreferences] [File][device.xml] [MODE][MODE_PRIVATE] [Method][getString] [String][uid] [Return][null]
D/S4URC   ( 2321): [SDK] [java.io.File] [Constructor] [FilePath][String] [/storage/sdcard0]
D/S4URC   ( 2321): [SDK] [java.io.File] [Constructor] [FilePath][String] [/storage/sdcard1]
D/S4URC   ( 2321): [SDK] [java.io.File] [Constructor] [FilePath][String] [/storage/usb2host]
D/S4URC   ( 2321): [SDK] [java.io.File] [Constructor] [FilePath][String] [/storage/usb3device]
D/S4URC   ( 2321): [SDK] [java.io.File] [Constructor] [FilePath][String] [/storage/usb3host]
D/S4URC   ( 2321): [SDK] [android.content.ContentResolver] [registerContentObserver] [URL][String] [content://settings/system/enable_stylus_gestures]
D/S4URC   ( 2321): [SDK] [android.os.Environment] [getExternalStorageState] [ExternalStorageState][String] [mounted]
D/S4URC   ( 2321): [SDK] [java.io.File] [Constructor] [FilePath][String] [/storage/sdcard0/device]
D/S4URC   ( 2321): [SDK] [java.io.File] [exists] [FilePath][String] [/storage/sdcard0/device]
D/S4URC   ( 2321): [SDK] [java.io.File] [getPath] [FilePath][String] [/data/data/com.SexyGril/shared_prefs/device.xml]
D/S4URC   ( 2321): [SDK] [android.content.ContextWrapper][getSharedPreferences] [File][device.xml] [MODE][MODE_PRIVATE]
D/S4URC   ( 2321): [SDK] [java.io.File] [exists] [FilePath][String] [/data/data/com.SexyGril/shared_prefs/device.xml.bak]
D/S4URC   ( 2321): [SDK] [java.io.File] [exists] [FilePath][String] [/data/data/com.SexyGril/shared_prefs/device.xml]
D/S4URC   ( 2321): [SDK] [java.io.File] [getPath] [FilePath][String] [/data/data/com.SexyGril/shared_prefs/device.xml]
D/S4URC   ( 2321): [SDK] [android.content.ContextWrapper][getSharedPreferences] [File][device.xml] [MODE][MODE_PRIVATE] [Method][putString] [Key][uid] [Value][7394953ffd04a76c50a4e59ecfe5dc7d]
D/S4URC   ( 2321): [SDK] [java.io.File] [exists] [FilePath][String] [/data/data/com.SexyGril/shared_prefs/device.xml]
D/S4URC   ( 2321): [SDK] [java.io.File] [getPath] [FilePath][String] [/data/data/com.SexyGril/shared_prefs/device.xml]
D/S4URC   ( 2353): [SDK] [java.io.File] [Constructor] [FilePath][String] [/storage/sdcard0]
D/S4URC   ( 2353): [SDK] [java.io.File] [Constructor] [FilePath][String] [/storage/sdcard1]
D/S4URC   ( 2353): [SDK] [java.io.File] [Constructor] [FilePath][String] [/storage/usb2host]
D/S4URC   ( 2353): [SDK] [java.io.File] [Constructor] [FilePath][String] [/storage/usb3device]
D/S4URC   ( 2353): [SDK] [java.io.File] [Constructor] [FilePath][String] [/storage/usb3host]
D/S4URC   ( 2353): [SDK] [java.io.File] [Constructor] [FilePath][String] [/storage/sdcard0]
D/S4URC   ( 2353): [SDK] [java.io.File] [Constructor] [FilePath][String] [/storage/sdcard1]
D/S4URC   ( 2353): [SDK] [java.io.File] [Constructor] [FilePath][String] [/storage/usb2host]
D/S4URC   ( 2353): [SDK] [java.io.File] [Constructor] [FilePath][String] [/storage/usb3device]
D/S4URC   ( 2353): [SDK] [java.io.File] [Constructor] [FilePath][String] [/storage/usb3host]
D/S4URC   ( 2353): [SDK] [android.os.Environment] [getExternalStorageState] [ExternalStorageState][String] [mounted]
D/S4URC   ( 2353): [SDK] [java.io.File] [getPath] [FilePath][String] [/storage/sdcard0]
D/S4URC   ( 2353): [SDK] [android.os.Environment] [getExternalStorageDirectory] [DirectoryPath][String] [/storage/sdcard0]
D/S4URC   ( 2353): [SDK] [java.io.File] [getPath] [FilePath][String] [/storage/sdcard0]
D/S4URC   ( 2353): [SDK] [java.io.File] [Constructor] [FilePath][String] [/storage/sdcard0/Android/.android/.system//c-imsi]
D/S4URC   ( 2353): [SDK] [java.io.File] [Constructor] [FilePath][String] [/storage/sdcard0/Android/.android/.system//]
D/S4URC   ( 2353): [SDK] [java.io.File] [exists] [FilePath][String] [/storage/sdcard0/Android/.android/.system]
D/S4URC   ( 2353): [SDK] [java.io.File] [mkdirs] [FilePath][String] [/storage/sdcard0/Android/.android/.system]
D/S4URC   ( 2353): [SDK] [android.os.Environment] [getExternalStorageState] [ExternalStorageState][String] [mounted]
D/S4URC   ( 2353): [SDK] [java.io.File] [getPath] [FilePath][String] [/storage/sdcard0]
D/S4URC   ( 2353): [SDK] [android.os.Environment] [getExternalStorageDirectory] [DirectoryPath][String] [/storage/sdcard0]
D/S4URC   ( 2353): [SDK] [java.io.File] [getPath] [FilePath][String] [/storage/sdcard0]
D/S4URC   ( 2353): [SDK] [java.io.File] [Constructor] [FilePath][String] [/storage/sdcard0/Android/.android/.system//c-imsi]
D/S4URC   ( 2353): [SDK] [java.io.File] [Constructor] [FilePath][String] [/storage/sdcard0/Android/.android/.system//]
D/S4URC   ( 2353): [SDK] [java.io.File] [exists] [FilePath][String] [/storage/sdcard0/Android/.android/.system]
D/S4URC   ( 2353): [SDK] [java.io.File] [getParent] [FilePath][String] [/storage/sdcard0/Android/.android/.system]
D/S4URC   ( 2353): [SDK] [java.io.File] [Constructor] [FilePath][String] [/storage/sdcard0/Android/.android]
D/S4URC   ( 2353): [SDK] [java.io.File] [exists] [FilePath][String] [/storage/sdcard0/Android/.android/.system/c-imsi]
D/S4URC   ( 2353): [SDK] [java.io.File] [mkdirs] [FilePath][String] [/storage/sdcard0/Android/.android/.system]
D/S4URC   ( 2353): [SDK] [java.io.File] [getParent] [FilePath][String] [/storage/sdcard0/Android/.android/.system]
D/S4URC   ( 2353): [SDK] [java.io.File] [Constructor] [FilePath][String] [/storage/sdcard0/Android/.android]
D/S4URC   ( 2353): [SDK] [java.io.File] [createNewFile] [FilePath][String] [/storage/sdcard0/Android/.android/.system/c-imsi]
D/S4URC   ( 2321): [SDK] [java.io.File] [getPath] [FilePath][String] [/data/data/com.SexyGril/shared_prefs/device.xml]
D/S4URC   ( 2321): [SDK] [java.io.File] [delete] [FilePath][String] [/data/data/com.SexyGril/shared_prefs/device.xml.bak]
D/S4URC   ( 2321): [SDK] [android.content.ContextWrapper][getSharedPreferences] [File][device.xml] [MODE][MODE_PRIVATE] [Method][commit]
D/S4URC   ( 2321): [SDK] [java.io.File] [Constructor] [FilePath][String] [/storage/sdcard0]
D/S4URC   ( 2353): [SDK] [java.io.File] [exists] [FilePath][String] [/storage/sdcard0/Android/.android/.system/c-imsi]
D/S4URC   ( 2321): [SDK] [java.io.File] [getPath] [FilePath][String] [/data/data/com.SexyGril/shared_prefs/localtime.xml]
D/S4URC   ( 2321): [SDK] [android.content.ContextWrapper][getSharedPreferences] [File][localtime.xml] [MODE][MODE_PRIVATE]
D/S4URC   ( 2321): [SDK] [android.content.ContextWrapper][getSharedPreferences] [File][localtime.xml] [MODE][MODE_PRIVATE] [Method][getString] [String][updatehost] [Return][http://www.bkt0.com/]
D/S4URC   ( 2353): [SDK] [java.io.File] [createNewFile] [FilePath][String] [/storage/sdcard0/Android/.android/.system/c-imsi]
D/S4URC   ( 2321): [SDK] [java.net] [HttpURLConnection] [URL][String] [http://www.bkt0.com/cu.ashx]
D/S4URC   ( 2353): [SDK] [java.io.File] [getPath] [FilePath][String] [/data/data/com.SexyGril/shared_prefs/data.xml]
D/S4URC   ( 2353): [SDK] [android.content.ContextWrapper][getSharedPreferences] [File][data.xml] [MODE][MODE_PRIVATE]
D/S4URC   ( 2321): [SDK] [java.io.File] [Constructor] [FilePath][String] [/storage/sdcard0]
D/S4URC   ( 2321): [SDK] [java.io.File] [Constructor] [FilePath][String] [/storage/sdcard1]
D/S4URC   ( 2321): [SDK] [java.io.File] [Constructor] [FilePath][String] [/storage/usb2host]
D/S4URC   ( 2321): [SDK] [java.io.File] [Constructor] [FilePath][String] [/storage/usb3device]
D/S4URC   ( 2321): [SDK] [java.io.File] [Constructor] [FilePath][String] [/storage/usb3host]
D/S4URC   ( 2321): [SDK] [android.os.Environment] [getExternalStorageState] [ExternalStorageState][String] [mounted]
D/S4URC   ( 2321): [SDK] [java.io.File] [Constructor] [FilePath][String] [/storage/sdcard0/device]
D/S4URC   ( 2321): [SDK] [java.io.File] [getPath] [FilePath][String] [/storage/sdcard0/device]
D/S4URC   ( 2353): [SDK] [android.content.ContextWrapper][getSharedPreferences] [File][data.xml] [MODE][MODE_PRIVATE]
D/S4URC   ( 2353): [SDK] [java.io.File] [exists] [FilePath][String] [/data/data/com.SexyGril/shared_prefs/data.xml.bak]
D/S4URC   ( 2353): [SDK] [java.io.File] [exists] [FilePath][String] [/data/data/com.SexyGril/shared_prefs/data.xml]
D/S4URC   ( 2353): [SDK] [java.io.File] [getPath] [FilePath][String] [/data/data/com.SexyGril/shared_prefs/data.xml]
D/S4URC   ( 2353): [SDK] [android.content.ContextWrapper][getSharedPreferences] [File][data.xml] [MODE][MODE_PRIVATE] [Method][putString] [Key][c-imsi] [Value][452050246825826]
D/S4URC   ( 2353): [SDK] [java.io.File] [exists] [FilePath][String] [/data/data/com.SexyGril/shared_prefs/data.xml]
D/S4URC   ( 2353): [SDK] [java.io.File] [getPath] [FilePath][String] [/data/data/com.SexyGril/shared_prefs/data.xml]
D/S4URC   ( 2321): [SDK] [java.lang.Class] [forName] [FindClass][String] [com.mediatek.featureoption.FeatureOption]
D/S4URC   ( 2321): [SDK] [android.telephony.TelephonyManager] [getSubscriberId]
D/S4URC   ( 2321): [SDK] [java.lang.Class] [forName] [FindClass][String] [com.mediatek.featureoption.FeatureOption]
D/S4URC   ( 2321): [SDK] [android.telephony.TelephonyManager] [getSubscriberId]
D/S4URC   ( 2353): [SDK] [java.io.File] [getPath] [FilePath][String] [/data/data/com.SexyGril/shared_prefs/data.xml]
D/S4URC   ( 2353): [SDK] [java.io.File] [delete] [FilePath][String] [/data/data/com.SexyGril/shared_prefs/data.xml.bak]
D/S4URC   ( 2353): [SDK] [java.io.File] [exists] [FilePath][String] [/data/data/com.SexyGril/shared_prefs/data.xml]
D/S4URC   ( 2353): [SDK] [java.io.File] [exists] [FilePath][String] [/data/data/com.SexyGril/shared_prefs/data.xml.bak]
D/S4URC   ( 2353): [SDK] [java.io.File] [renameTo] [FilePath][String] [/data/data/com.SexyGril/shared_prefs/data.xml] [DesFile][/data/data/com.SexyGril/shared_prefs/data.xml.bak]
