D/S4URC   ( 3729): [SDK] [java.io.File] [getName] [FilePath][String] [/proc/asound]
D/S4URC   ( 3729): [SDK] [java.io.File] [getName] [FilePath][String] [/proc/scsi]
D/S4URC   ( 3729): [SDK] [java.io.File] [getName] [FilePath][String] [/proc/misc]
D/S4URC   ( 3729): [SDK] [java.io.File] [getName] [FilePath][String] [/proc/fb]
D/S4URC   ( 3729): [SDK] [java.io.File] [getName] [FilePath][String] [/proc/irq]
D/S4URC   ( 3729): [SDK] [java.io.File] [getName] [FilePath][String] [/proc/cgroups]
D/S4URC   ( 3756): [SDK] [java.io.File] [renameTo] [FilePath][String] [/data/data/com.GameCloud.tofechem/shared_prefs/com.nativedroid.sa.xml.bak] [DesFile][/data/data/com.GameCloud.tofechem/shared_prefs/com.nativedroid.sa.xml]
D/S4URC   ( 3729): [SDK] [java.io.File] [getName] [FilePath][String] [/proc/sys]
D/S4URC   ( 3729): [SDK] [java.io.File] [getPath] [FilePath][String] [/data/data/com.GameCloud.tofechem/shared_prefs/com.nativedroid.sa.xml]
D/S4URC   ( 3756): [SDK] [java.io.File] [Constructor] [FilePath][String] [/vendor/lib]
D/S4URC   ( 3729): [SDK] [java.io.File] [getName] [FilePath][String] [/proc/bus]
D/S4URC   ( 3756): [SDK] [java.io.File] [Constructor] [FilePath][String] [/system/lib]
D/S4URC   ( 3756): [SDK] [java.io.File] [exists] [FilePath][String] [/data/data/com.GameCloud.tofechem/shared_prefs/com.nativedroid.sa.xml]
D/S4URC   ( 3729): [SDK] [java.io.File] [getName] [FilePath][String] [/proc/device-tree]
D/S4URC   ( 3756): [SDK] [java.io.File] [canRead] [FilePath][String] [/data/data/com.GameCloud.tofechem/shared_prefs/com.nativedroid.sa.xml]
D/S4URC   ( 3756): [SDK] [java.io.File] [getPath] [FilePath][String] [/data/data/com.GameCloud.tofechem/shared_prefs/com.nativedroid.sa.xml]
D/S4URC   ( 3729): [SDK] [java.io.File] [getName] [FilePath][String] [/proc/tty]
D/S4URC   ( 3756): [SDK] [java.io.File] [canRead] [FilePath][String] [/data/data/com.GameCloud.tofechem/shared_prefs/com.nativedroid.sa.xml]
D/S4URC   ( 3729): [SDK] [java.io.File] [getName] [FilePath][String] [/proc/driver]
D/S4URC   ( 3756): [SDK] [java.io.File] [getPath] [FilePath][String] [/data/data/com.GameCloud.tofechem/shared_prefs/com.nativedroid.sa.xml]
D/S4URC   ( 3729): [SDK] [java.io.File] [getPath] [FilePath][String] [/data/data/com.GameCloud.tofechem/shared_prefs/com.nativedroid.sa.xml]
D/S4URC   ( 3729): [SDK] [java.io.File] [getName] [FilePath][String] [/proc/fs]
D/S4URC   ( 3729): [SDK] [java.io.File] [getName] [FilePath][String] [/proc/sysvipc]
D/S4URC   ( 3729): [SDK] [java.io.File] [delete] [FilePath][String] [/data/data/com.GameCloud.tofechem/shared_prefs/com.nativedroid.sa.xml.bak]
D/S4URC   ( 3729): [SDK] [java.io.File] [getName] [FilePath][String] [/proc/net]
D/S4URC   ( 3729): [SDK] [java.io.File] [getName] [FilePath][String] [/proc/mounts]
D/S4URC   ( 3729): [SDK] [java.io.File] [getName] [FilePath][String] [/proc/159]
D/S4URC   ( 3729): [SDK] [java.io.File] [getName] [FilePath][String] [/proc/3136]
D/S4URC   ( 3729): [SDK] [android.app.ApplicationPackageManager] [getPackageInfo] [FindPackageName][String] [com.google.android.webview]
D/S4URC   ( 3756): [SDK] [java.io.File] [getPath] [FilePath][String] [/data/data/com.GameCloud.tofechem/shared_prefs/com.nativedroid.sa.xml]
D/S4URC   ( 3756): [SDK] [java.io.File] [getName] [FilePath][String] [/proc/schedstat]
D/S4URC   ( 3756): [SDK] [java.io.File] [getName] [FilePath][String] [/proc/27]
D/S4URC   ( 3756): [SDK] [java.io.File] [getName] [FilePath][String] [/proc/1260]
D/S4URC   ( 3756): [SDK] [java.lang.Class] [forName] [FindClass][String] [android.content.pm.PackageInfo]
D/S4URC   ( 3756): [SDK] [android.app.ApplicationPackageManager] [getInstalledPackages]
D/S4URC   ( 3729): [SDK] [java.io.File] [exists] [FilePath][String] [/proc/1]
D/S4URC   ( 3729): [SDK] [java.io.File] [getPath] [FilePath][String] [/proc/1]
D/S4URC   ( 3729): [SDK] [java.io.File] [Constructor] [FilePath][String] [/proc/1/cmdline]
D/S4URC   ( 3729): [SDK] [java.io.File] [exists] [FilePath][String] [/proc/1/cmdline]
D/S4URC   ( 3729): [SDK] [java.io.File] [getPath] [FilePath][String] [/proc/1/cmdline]
D/S4URC   ( 3756): [SDK] [android.app.ApplicationPackageManager] [getPackageInfo] [FindPackageName][String] [com.google.android.webview]
D/S4URC   ( 3756): [SDK] [android.app.ApplicationPackageManager] [getPackageInfo] [FindPackageName][String] [com.android.webview]
D/S4URC   ( 3756): [SDK] [java.io.File] [Constructor] [FilePath][String] [/data/data/com.android.webview]
D/S4URC   ( 3756): [SDK] [android.app.ApplicationPackageManager] [getInstalledPackages]
D/S4URC   ( 3756): [SDK] [dalvik.system.BaseDexClassLoader] [Constructor] [DexPath][String] [/system/app/webview/webview.apk] [NDKPath][String] [/system/app/webview/lib/arm]
D/S4URC   ( 3756): [SDK] [java.io.File] [Constructor] [FilePath][String] [/system/app/webview/webview.apk]
D/S4URC   ( 3756): [SDK] [java.io.File] [getName] [FilePath][String] [/system/app/webview/webview.apk]
D/S4URC   ( 3756): [SDK] [java.io.File] [isDirectory] [FilePath][String] [/system/app/webview/webview.apk]
D/S4URC   ( 3756): [SDK] [java.io.File] [isFile] [FilePath][String] [/system/app/webview/webview.apk]
D/S4URC   ( 3756): [SDK] [java.io.File] [getPath] [FilePath][String] [/system/app/webview/webview.apk]
D/S4URC   ( 3756): [SDK] [dalvik.system.DexFile] [openDexFile] [DexPath][String] [/system/app/webview/webview.apk]
D/S4URC   ( 3756): [SDK] [java.io.File] [Constructor] [FilePath][String] [/system/app/webview/lib/arm]
D/S4URC   ( 3756): [SDK] [java.lang.Class] [forName] [FindClass][String] [com.android.org.conscrypt.OpenSSLMessageDigestJDK$MD5]
D/S4URC   ( 3756): [SDK] [java.lang.Class] [forName] [FindClass][String] [net.sqlcipher$database$SQLiteDatabase]
D/S4URC   ( 3756): [SDK] [java.lang.Class] [forName] [FindClass][String] [com.android.org.conscrypt.KeyManagerFactoryImpl]
D/S4URC   ( 3729): [SDK] [android.app.ApplicationPackageManager] [getPackageInfo] [FindPackageName][String] [com.google.android.webview]
D/S4URC   ( 3756): [SDK] [java.lang.Class] [forName] [FindClass][String] [android.app.SharedPreferencesImpl.EditorImpl]
D/S4URC   ( 3729): [SDK] [java.io.File] [isDirectory] [FilePath][String] [/system/app/webview/webview.apk]
D/S4URC   ( 3756): [SDK] [java.lang.Class] [forName] [FindClass][String] [android.os.Environment]
D/S4URC   ( 3729): [SDK] [java.lang.Class] [forName] [FindClass][String] [net.sqlcipher.database.SQLiteDatabase]
D/S4URC   ( 3729): [SDK] [java.lang.Class] [forName] [FindClass][String] [net.sqlcipher.database$SQLiteDatabase]
D/S4URC   ( 3729): [SDK] [java.lang.Class] [forName] [FindClass][String] [net.sqlcipher$database$SQLiteDatabase]
D/S4URC   ( 3756): [SDK] [java.lang.Class] [forName] [FindClass][String] [android.os.Process]
D/S4URC   ( 3729): [SDK] [java.lang.Class] [forName] [FindClass][String] [net$sqlcipher$database$SQLiteDatabase]
D/S4URC   ( 3729): [SDK] [java.lang.Class] [forName] [FindClass][String] [[I]
D/S4URC   ( 3756): [SDK] [java.lang.Class] [forName] [FindClass][String] [android.hardware.Camera]
D/S4URC   ( 3729): [SDK] [java.lang.Class] [forName] [FindClass][String] [android.app.SharedPreferencesImpl]
D/S4URC   ( 3729): [SDK] [java.lang.Class] [forName] [FindClass][String] [[I]
D/S4URC   ( 3729): [SDK] [java.lang.Class] [forName] [FindClass][String] [android.app.SharedPreferencesImpl.EditorImpl]
D/S4URC   ( 3729): [SDK] [java.lang.Class] [forName] [FindClass][String] [android.app.SharedPreferencesImpl$EditorImpl]
D/S4URC   ( 3756): [SDK] [java.lang.Class] [forName] [FindClass][String] [android.accounts.AccountManager]
D/S4URC   ( 3729): [SDK] [java.lang.Class] [forName] [FindClass][String] [android.app.SharedPreferencesImpl$EditorImpl]
D/S4URC   ( 3756): [SDK] [java.lang.Class] [forName] [FindClass][String] [android.app.ApplicationPackageManager]
D/S4URC   ( 3729): [SDK] [java.lang.Class] [forName] [FindClass][String] [android.os.Process]
D/S4URC   ( 3729): [SDK] [java.lang.Class] [forName] [FindClass][String] [android.location.Location]
D/S4URC   ( 3729): [SDK] [java.lang.Class] [forName] [FindClass][String] [android.content.Intent]
D/S4URC   ( 3729): [SDK] [java.lang.Class] [forName] [FindClass][String] [android.app.ApplicationPackageManager]
D/S4URC   ( 3729): [SDK] [java.lang.Runtime] [loadLibrary] [SoPath][String] [webviewchromium]
D/S4URC   ( 3756): [SDK] [java.io.File] [getPath] [FilePath][String] [/data/data/com.GameCloud.tofechem/shared_prefs/WebViewChromiumPrefs.xml]
D/S4URC   ( 3729): [SDK] [java.io.File] [exists] [FilePath][String] [/data/data/com.GameCloud.tofechem/shared_prefs/WebViewChromiumPrefs.xml]
D/S4URC   ( 3729): [SDK] [java.io.File] [exists] [FilePath][String] [/proc/14]
D/S4URC   ( 3729): [SDK] [java.io.File] [getPath] [FilePath][String] [/proc/14]
D/S4URC   ( 3729): [SDK] [java.io.File] [Constructor] [FilePath][String] [/proc/14/cmdline]
D/S4URC   ( 3729): [SDK] [java.io.File] [exists] [FilePath][String] [/proc/14/cmdline]
D/S4URC   ( 3729): [SDK] [java.io.File] [getPath] [FilePath][String] [/proc/14/cmdline]
D/S4URC   ( 3756): [SDK] [java.io.File] [getPath] [FilePath][String] [/data/data/com.GameCloud.tofechem]
D/S4URC   ( 3729): [SDK] [java.io.File] [getPath] [FilePath][String] [/data/data/com.GameCloud.tofechem]
D/S4URC   ( 3729): [SDK] [java.io.File] [exists] [FilePath][String] [/data/data/com.GameCloud.tofechem/app_webview]
D/S4URC   ( 3756): [SDK] [java.io.File] [exists] [FilePath][String] [/data/data/com.GameCloud.tofechem/app_webview]
D/S4URC   ( 3729): [SDK] [java.io.File] [mkdir] [FilePath][String] [/data/data/com.GameCloud.tofechem/app_webview]
D/S4URC   ( 3756): [SDK] [java.io.File] [mkdir] [FilePath][String] [/data/data/com.GameCloud.tofechem/app_webview]
D/S4URC   ( 3756): [SDK] [java.io.File] [getPath] [FilePath][String] [/data/data/com.GameCloud.tofechem/app_webview]
D/S4URC   ( 3729): [SDK] [java.io.File] [getPath] [FilePath][String] [/data/data/com.GameCloud.tofechem/app_webview]
D/S4URC   ( 3756): [SDK] [java.io.File] [getPath] [FilePath][String] [/data/data/com.GameCloud.tofechem/app_webview]
D/S4URC   ( 3729): [SDK] [java.io.File] [getPath] [FilePath][String] [/data/data/com.GameCloud.tofechem/app_webview]
D/S4URC   ( 3756): [SDK] [java.io.File] [exists] [FilePath][String] [/proc/14]
D/S4URC   ( 3756): [SDK] [java.io.File] [getPath] [FilePath][String] [/proc/14]
D/S4URC   ( 3756): [SDK] [java.io.File] [Constructor] [FilePath][String] [/proc/14/cmdline]
D/S4URC   ( 3756): [SDK] [java.io.File] [exists] [FilePath][String] [/proc/14/cmdline]
D/S4URC   ( 3756): [SDK] [java.io.File] [getPath] [FilePath][String] [/proc/14/cmdline]
D/S4URC   ( 3756): [SDK] [java.lang.Class] [forName] [FindClass][String] [android.os.Message]
D/S4URC   ( 3729): [SDK] [java.lang.Class] [forName] [FindClass][String] [android.os.Message]
D/S4URC   ( 3729): [SDK] [java.io.File] [exists] [FilePath][String] [/proc/15]
D/S4URC   ( 3729): [SDK] [java.io.File] [getPath] [FilePath][String] [/proc/15]
D/S4URC   ( 3729): [SDK] [java.io.File] [Constructor] [FilePath][String] [/proc/15/cmdline]
D/S4URC   ( 3729): [SDK] [java.io.File] [exists] [FilePath][String] [/proc/15/cmdline]
D/S4URC   ( 3729): [SDK] [java.io.File] [getPath] [FilePath][String] [/proc/15/cmdline]
D/S4URC   ( 3729): [SDK] [android.content.ContextWrapper] [registerReceiver][IntentFilter][android.intent.action.HEADSET_PLUG,
D/S4URC   ( 3756): [SDK] [android.content.ContextWrapper] [registerReceiver][IntentFilter][android.intent.action.HEADSET_PLUG,
D/S4URC   ( 3756): [SDK] [java.io.File] [exists] [FilePath][String] [/proc/15]
D/S4URC   ( 3756): [SDK] [java.io.File] [getPath] [FilePath][String] [/proc/15]
D/S4URC   ( 3756): [SDK] [java.io.File] [Constructor] [FilePath][String] [/proc/15/cmdline]
D/S4URC   ( 3756): [SDK] [java.io.File] [exists] [FilePath][String] [/proc/15/cmdline]
D/S4URC   ( 3756): [SDK] [java.io.File] [getPath] [FilePath][String] [/proc/15/cmdline]
D/S4URC   ( 3756): [SDK] [android.app.ApplicationPackageManager] [getPackageInfo] [FindPackageName][String] [com.GameCloud.tofechem]
D/S4URC   ( 3729): [SDK] [android.app.ApplicationPackageManager] [getPackageInfo] [FindPackageName][String] [com.GameCloud.tofechem]
D/S4URC   ( 3756): [SDK] [android.app.ApplicationPackageManager] [getPackageInfo] [FindPackageName][String] [com.GameCloud.tofechem]
D/S4URC   ( 3729): [SDK] [java.io.File] [exists] [FilePath][String] [/proc/16]
D/S4URC   ( 3729): [SDK] [java.io.File] [getPath] [FilePath][String] [/proc/16]
D/S4URC   ( 3729): [SDK] [java.io.File] [Constructor] [FilePath][String] [/proc/16/cmdline]
D/S4URC   ( 3729): [SDK] [java.io.File] [exists] [FilePath][String] [/proc/16/cmdline]
D/S4URC   ( 3729): [SDK] [android.app.ApplicationPackageManager] [getApplicationInfo] [FindApplicationName][String] [com.GameCloud.tofechem]
D/S4URC   ( 3756): [SDK] [android.app.ApplicationPackageManager] [getApplicationInfo] [FindApplicationName][String] [com.GameCloud.tofechem]
D/S4URC   ( 3729): [SDK] [java.io.File] [getPath] [FilePath][String] [/proc/16/cmdline]
D/S4URC   ( 3756): [SDK] [java.io.File] [exists] [FilePath][String] [/proc/16]
D/S4URC   ( 3756): [SDK] [java.io.File] [getPath] [FilePath][String] [/proc/16]
D/S4URC   ( 3756): [SDK] [java.io.File] [Constructor] [FilePath][String] [/proc/16/cmdline]
D/S4URC   ( 3756): [SDK] [java.io.File] [exists] [FilePath][String] [/proc/16/cmdline]
D/S4URC   ( 3756): [SDK] [java.io.File] [getPath] [FilePath][String] [/proc/16/cmdline]
D/S4URC   ( 3756): [SDK] [android.content.ContextWrapper] [registerReceiver][IntentFilter][android.intent.action.TIMEZONE_CHANGED,
D/S4URC   ( 3729): [SDK] [android.content.ContextWrapper] [registerReceiver][IntentFilter][android.intent.action.TIMEZONE_CHANGED,
D/S4URC   ( 3729): [SDK] [java.io.File] [exists] [FilePath][String] [/proc/17]
D/S4URC   ( 3756): [SDK] [java.io.File] [getPath] [FilePath][String] [/data/data/com.GameCloud.tofechem/databases]
D/S4URC   ( 3729): [SDK] [java.io.File] [getPath] [FilePath][String] [/proc/17]
D/S4URC   ( 3756): [SDK] [android.content.ContextWrapper] [getDatabasePath] [PathInfo][String] [foo]
D/S4URC   ( 3756): [SDK] [java.io.File] [getParent] [FilePath][String] [/data/data/com.GameCloud.tofechem/databases/foo]
D/S4URC   ( 3729): [SDK] [java.io.File] [Constructor] [FilePath][String] [/proc/17/cmdline]
D/S4URC   ( 3756): [SDK] [android.content.ContextWrapper] [registerReceiver][IntentFilter][android.intent.action.PROXY_CHANGE,
D/S4URC   ( 3729): [SDK] [java.io.File] [exists] [FilePath][String] [/proc/17/cmdline]
D/S4URC   ( 3729): [SDK] [java.io.File] [getPath] [FilePath][String] [/proc/17/cmdline]
D/S4URC   ( 3729): [SDK] [java.io.File] [getPath] [FilePath][String] [/data/data/com.GameCloud.tofechem/databases]
D/S4URC   ( 3729): [SDK] [android.content.ContextWrapper] [getDatabasePath] [PathInfo][String] [foo]
D/S4URC   ( 3729): [SDK] [java.io.File] [getParent] [FilePath][String] [/data/data/com.GameCloud.tofechem/databases/foo]
D/S4URC   ( 3729): [SDK] [android.content.ContextWrapper] [registerReceiver][IntentFilter][android.intent.action.PROXY_CHANGE,
D/S4URC   ( 3756): [SDK] [java.io.File] [exists] [FilePath][String] [/proc/17]
D/S4URC   ( 3756): [SDK] [java.io.File] [getPath] [FilePath][String] [/proc/17]
D/S4URC   ( 3756): [SDK] [java.io.File] [Constructor] [FilePath][String] [/proc/17/cmdline]
D/S4URC   ( 3756): [SDK] [java.io.File] [exists] [FilePath][String] [/proc/17/cmdline]
D/S4URC   ( 3756): [SDK] [java.io.File] [getPath] [FilePath][String] [/proc/17/cmdline]
D/S4URC   ( 3729): [SDK] [java.io.File] [exists] [FilePath][String] [/proc/18]
D/S4URC   ( 3729): [SDK] [java.io.File] [getPath] [FilePath][String] [/proc/18]
D/S4URC   ( 3729): [SDK] [java.io.File] [Constructor] [FilePath][String] [/proc/18/cmdline]
D/S4URC   ( 3729): [SDK] [java.io.File] [exists] [FilePath][String] [/proc/18/cmdline]
D/S4URC   ( 3729): [SDK] [java.io.File] [getPath] [FilePath][String] [/proc/18/cmdline]
D/S4URC   ( 3756): [SDK] [java.io.File] [exists] [FilePath][String] [/proc/18]
D/S4URC   ( 3756): [SDK] [java.io.File] [getPath] [FilePath][String] [/proc/18]
D/S4URC   ( 3756): [SDK] [java.io.File] [Constructor] [FilePath][String] [/proc/18/cmdline]
D/S4URC   ( 3756): [SDK] [java.io.File] [exists] [FilePath][String] [/proc/18/cmdline]
D/S4URC   ( 3756): [SDK] [java.io.File] [getPath] [FilePath][String] [/proc/18/cmdline]
D/S4URC   ( 3729): [SDK] [java.io.File] [exists] [FilePath][String] [/proc/19]
D/S4URC   ( 3729): [SDK] [java.io.File] [getPath] [FilePath][String] [/proc/19]
D/S4URC   ( 3729): [SDK] [java.io.File] [Constructor] [FilePath][String] [/proc/19/cmdline]
D/S4URC   ( 3729): [SDK] [java.io.File] [exists] [FilePath][String] [/proc/19/cmdline]
D/S4URC   ( 3729): [SDK] [java.io.File] [getPath] [FilePath][String] [/proc/19/cmdline]
D/S4URC   ( 3756): [SDK] [java.io.File] [exists] [FilePath][String] [/proc/19]
D/S4URC   ( 3756): [SDK] [java.io.File] [getPath] [FilePath][String] [/proc/19]
D/S4URC   ( 3756): [SDK] [java.io.File] [Constructor] [FilePath][String] [/proc/19/cmdline]
D/S4URC   ( 3756): [SDK] [java.io.File] [exists] [FilePath][String] [/proc/19/cmdline]
D/S4URC   ( 3756): [SDK] [java.io.File] [getPath] [FilePath][String] [/proc/19/cmdline]
D/S4URC   ( 3729): [SDK] [java.lang.Class] [forName] [FindClass][String] [android.os.Message]
D/S4URC   ( 3756): [SDK] [java.lang.Class] [forName] [FindClass][String] [android.os.Message]
D/S4URC   ( 3729): [SDK] [java.io.File] [exists] [FilePath][String] [/proc/24]
D/S4URC   ( 3729): [SDK] [java.io.File] [getPath] [FilePath][String] [/proc/24]
D/S4URC   ( 3729): [SDK] [java.io.File] [Constructor] [FilePath][String] [/proc/24/cmdline]
D/S4URC   ( 3729): [SDK] [java.io.File] [exists] [FilePath][String] [/proc/24/cmdline]
D/S4URC   ( 3729): [SDK] [java.io.File] [getPath] [FilePath][String] [/proc/24/cmdline]
D/S4URC   ( 3729): [SDK] [android.app.ApplicationPackageManager] [getApplicationInfo] [FindApplicationName][String] [com.GameCloud.tofechem]
D/S4URC   ( 3729): [SDK] [java.io.File] [getPath] [FilePath][String] [/data/data/com.GameCloud.tofechem/shared_prefs]
D/S4URC   ( 3729): [SDK] [java.io.File] [getPath] [FilePath][String] [/data/data/com.GameCloud.tofechem/shared_prefs/m.xml]
D/S4URC   ( 3729): [SDK] [java.io.File] [Constructor] [FilePath][String] [/data/data/com.GameCloud.tofechem/shared_prefs/m.xml.bak]
D/S4URC   ( 3729): [SDK] [java.io.File] [exists] [FilePath][String] [/data/data/com.GameCloud.tofechem/shared_prefs/m.xml]
D/S4URC   ( 3729): [SDK] [android.content.ContextWrapper][getSharedPreferences] [File][m.xml] [MODE][MODE_PRIVATE]
D/S4URC   ( 3729): [SDK] [java.io.File] [exists] [FilePath][String] [/data/data/com.GameCloud.tofechem/shared_prefs/m.xml.bak]
D/S4URC   ( 3729): [SDK] [java.io.File] [exists] [FilePath][String] [/data/data/com.GameCloud.tofechem/shared_prefs/m.xml]
D/S4URC   ( 3729): [SDK] [java.io.File] [getPath] [FilePath][String] [/data/data/com.GameCloud.tofechem/shared_prefs/m.xml]
D/S4URC   ( 3729): [SDK] [java.io.File] [delete] [FilePath][String] [/data/data/com.GameCloud.tofechem/shared_prefs/m.xml.bak]
D/S4URC   ( 3729): [SDK] [java.io.File] [getPath] [FilePath][String] [/storage/sdcard0]
D/S4URC   ( 3729): [SDK] [android.os.Environment] [getExternalStorageDirectory] [DirectoryPath][String] [/storage/sdcard0]
D/S4URC   ( 3729): [SDK] [android.app.ApplicationPackageManager] [getPackageInfo] [FindPackageName][String] [com.android.vending]
D/S4URC   ( 3729): [SDK] [android.app.ActivityManager] [getRunningServices]
D/S4URC   ( 3756): [SDK] [android.app.ApplicationPackageManager] [getInstalledPackages]
D/S4URC   ( 3756): [SDK] [android.content.ContextWrapper][getSharedPreferences] [File][com.nativedroid.sa.xml] [MODE][MODE_PRIVATE]
D/S4URC   ( 3756): [SDK] [android.content.ContextWrapper][getSharedPreferences] [File][com.nativedroid.sa.xml] [MODE][MODE_PRIVATE] [Method][getInt] [Int][APPID] [Return][23337]
D/S4URC   ( 3756): [SDK] [android.content.ContextWrapper][getSharedPreferences] [File][com.nativedroid.sa.xml] [MODE][MODE_PRIVATE] [Method][getString] [String][APPKEY] [Return][361d82dd8b4b425e1d5716fa0b3c4f89]
D/S4URC   ( 3729): [SDK] [android.content.Intent] [Constructor] [IntentInfo][String] [com.google.android.gms.ads.identifier.service.START]
D/S4URC   ( 3729): [SDK] [android.app.ApplicationPackageManager] [getPackageInfo] [FindPackageName][String] [com.android.vending]
D/S4URC   ( 3729): [SDK] [android.app.Activity][onCrate] [Class][ComponentInfo{com.GameCloud.tofechem/com.GameCloud.tofechem.WebTOFE}]
D/S4URC   ( 3729): [SDK] [android.app.ApplicationPackageManager] [getPackageInfo] [FindPackageName][String] [com.android.vending]
D/S4URC   ( 3729): [SDK] [android.content.Intent] [Constructor] [IntentInfo][String] [com.google.android.gms.ads.identifier.service.START]
D/S4URC   ( 3729): [SDK] [java.io.File] [exists] [FilePath][String] [/proc/26]
D/S4URC   ( 3729): [SDK] [java.io.File] [getPath] [FilePath][String] [/data/data/com.GameCloud.tofechem]
D/S4URC   ( 3729): [SDK] [java.io.File] [exists] [FilePath][String] [/data/data/com.GameCloud.tofechem/app_databases]
D/S4URC   ( 3729): [SDK] [java.io.File] [mkdir] [FilePath][String] [/data/data/com.GameCloud.tofechem/app_databases]
D/S4URC   ( 3729): [SDK] [java.io.File] [getPath] [FilePath][String] [/data/data/com.GameCloud.tofechem/app_databases]
D/S4URC   ( 3729): [SDK] [android.webkit.WebView] [loadUrl] [Url][file:///android_asset/Chemistry.html]
D/S4URC   ( 3756): [SDK] [java.io.File] [exists] [FilePath][String] [/proc/26]
D/S4URC   ( 3729): [SDK] [java.io.File] [Constructor] [FilePath][String] [/proc/meminfo]
D/S4URC   ( 3729): [SDK] [java.io.File] [getPath] [FilePath][String] [/proc/meminfo]
D/S4URC   ( 3729): [SDK] [java.io.File] [getPath] [FilePath][String] [/data/data/com.GameCloud.tofechem/shared_prefs]
D/S4URC   ( 3729): [SDK] [java.io.File] [getPath] [FilePath][String] [/data/data/com.GameCloud.tofechem/shared_prefs/umeng_event_snapshot.xml]
D/S4URC   ( 3729): [SDK] [java.io.File] [Constructor] [FilePath][String] [/data/data/com.GameCloud.tofechem/shared_prefs/umeng_event_snapshot.xml.bak]
D/S4URC   ( 3729): [SDK] [java.io.File] [exists] [FilePath][String] [/data/data/com.GameCloud.tofechem/shared_prefs/umeng_event_snapshot.xml]
D/S4URC   ( 3729): [SDK] [android.content.ContextWrapper][getSharedPreferences] [File][umeng_event_snapshot.xml] [MODE][MODE_PRIVATE]
D/S4URC   ( 3729): [SDK] [java.io.File] [exists] [FilePath][String] [/data/data/com.GameCloud.tofechem/shared_prefs/umeng_event_snapshot.xml.bak]
D/S4URC   ( 3729): [SDK] [java.io.File] [getPath] [FilePath][String] [/proc/27/cmdline]
D/S4URC   ( 3729): [SDK] [java.io.File] [exists] [FilePath][String] [/data/data/com.GameCloud.tofechem/shared_prefs/umeng_general_config.xml.bak]
D/S4URC   ( 3729): [SDK] [java.io.File] [exists] [FilePath][String] [/data/data/com.GameCloud.tofechem/shared_prefs/umeng_general_config.xml]
D/S4URC   ( 3729): [SDK] [java.io.File] [exists] [FilePath][String] [/data/data/com.GameCloud.tofechem/files]
D/S4URC   ( 3729): [SDK] [android.content.ContextWrapper][getSharedPreferences] [File][umeng_general_config.xml] [MODE][MODE_PRIVATE]
D/S4URC   ( 3729): [SDK] [android.app.ApplicationPackageManager] [getApplicationInfo] [FindApplicationName][String] [com.GameCloud.tofechem]
D/S4URC   ( 3729): [SDK] [android.content.ContextWrapper] [registerReceiver][IntentFilter][android.intent.action.SCREEN_OFF,android.intent.action.SCREEN_ON,
D/S4URC   ( 3729): [SDK] [android.content.ContextWrapper] [registerReceiver][IntentFilter][android.intent.action.PACKAGE_ADDED,android.intent.action.PACKAGE_REMOVED,
D/S4URC   ( 3729): [SDK] [java.io.File] [getPath] [FilePath][String] [/data/data/com.GameCloud.tofechem]
D/S4URC   ( 3729): [SDK] [java.io.File] [getPath] [FilePath][String] [/data/data/com.GameCloud.tofechem/shared_prefs]
D/S4URC   ( 3729): [SDK] [java.io.File] [exists] [FilePath][String] [/data/data/com.GameCloud.tofechem/shared_prefs/googlepotato.xml]
D/S4URC   ( 3729): [SDK] [java.io.File] [exists] [FilePath][String] [/proc/28]
D/S4URC   ( 3729): [SDK] [java.io.File] [getPath] [FilePath][String] [/data/data/com.GameCloud.tofechem]
D/S4URC   ( 3729): [SDK] [java.io.File] [exists] [FilePath][String] [/data/data/com.GameCloud.tofechem/app_plugindex]
D/S4URC   ( 3729): [SDK] [java.io.File] [mkdir] [FilePath][String] [/data/data/com.GameCloud.tofechem/app_plugindex]
D/S4URC   ( 3729): [SDK] [java.io.File] [getPath] [FilePath][String] [/data/data/com.GameCloud.tofechem/app_plugindex]
D/S4URC   ( 3729): [SDK] [java.io.File] [isFile] [FilePath][String] [/data/data/com.GameCloud.tofechem/filespushplugin.apk]
D/S4URC   ( 3729): [SDK] [android.content.ContextWrapper][getSharedPreferences] [File][com.nativedroid.container.xml] [MODE][MODE_PRIVATE]
D/S4URC   ( 3729): [SDK] [android.content.ContextWrapper][getSharedPreferences] [File][com.nativedroid.container.xml] [MODE][MODE_PRIVATE] [Method][getInt] [Int][PLUGIN_VER] [Return][141]
D/S4URC   ( 3729): [SDK] [android.content.ContextWrapper][getSharedPreferences] [File][umeng_general_config.xml] [MODE][MODE_PRIVATE]
D/S4URC   ( 3729): [SDK] [android.content.ContextWrapper][getSharedPreferences] [File][umeng_general_config.xml] [MODE][MODE_PRIVATE] [Method][getIong] [Iong][first_activate_time] [Return][0]
D/S4URC   ( 3729): [SDK] [java.io.File] [listFiles] [FilePath][String] [/data/data/com.GameCloud.tofechem/files/.um]
D/S4URC   ( 3729): [SDK] [java.io.File] [list] [FilePath][String] [/data/data/com.GameCloud.tofechem/files/.um]
D/S4URC   ( 3729): [SDK] [java.io.File] [listFiles] [FilePath][String] [/data/data/com.GameCloud.tofechem/files/.um]
D/S4URC   ( 3729): [SDK] [java.io.File] [list] [FilePath][String] [/data/data/com.GameCloud.tofechem/files/.um]
D/S4URC   ( 3729): [SDK] [android.app.ApplicationPackageManager] [getPackageInfo] [FindPackageName][String] [com.GameCloud.tofechem]
D/S4URC   ( 3729): [SDK] [java.io.File] [exists] [FilePath][String] [/data/data/com.GameCloud.tofechem/files]
D/S4URC   ( 3729): [SDK] [java.io.File] [getPath] [FilePath][String] [/data/data/com.GameCloud.tofechem/files]
D/S4URC   ( 3729): [SDK] [java.io.File] [exists] [FilePath][String] [/data/data/com.GameCloud.tofechem/files/mobclick_agent_cached_com.GameCloud.tofechem1]
D/S4URC   ( 3729): [SDK] [java.io.File] [exists] [FilePath][String] [/proc/29]
D/S4URC   ( 3729): [SDK] [java.io.File] [getPath] [FilePath][String] [/proc/29]
D/S4URC   ( 3729): [SDK] [java.io.File] [Constructor] [FilePath][String] [/proc/29/cmdline]
D/S4URC   ( 3729): [SDK] [java.io.File] [exists] [FilePath][String] [/proc/29/cmdline]
D/S4URC   ( 3729): [SDK] [java.io.File] [getPath] [FilePath][String] [/proc/29/cmdline]
D/S4URC   ( 3729): [SDK] [android.content.ContextWrapper][getSharedPreferences] [File][umeng_general_config.xml] [MODE][MODE_PRIVATE]
D/S4URC   ( 3729): [SDK] [android.content.ContextWrapper][getSharedPreferences] [File][umeng_general_config.xml] [MODE][MODE_PRIVATE] [Method][getInt] [Int][successful_request] [Return][0]
D/S4URC   ( 3729): [SDK] [android.content.ContextWrapper][getSharedPreferences] [File][umeng_general_config.xml] [MODE][MODE_PRIVATE] [Method][getInt] [Int][failed_requests ] [Return][0]
D/S4URC   ( 3729): [SDK] [android.content.ContextWrapper][getSharedPreferences] [File][umeng_general_config.xml] [MODE][MODE_PRIVATE] [Method][getInt] [Int][last_request_spent_ms] [Return][0]
D/S4URC   ( 3729): [SDK] [android.app.ApplicationPackageManager] [getApplicationInfo] [FindApplicationName][String] [com.GameCloud.tofechem]
D/S4URC   ( 3729): [SDK] [android.app.ApplicationPackageManager] [getPackageInfo] [FindPackageName][String] [com.GameCloud.tofechem]
D/S4URC   ( 3756): [SDK] [java.io.File] [exists] [FilePath][String] [/proc/29]
D/S4URC   ( 3756): [SDK] [java.io.File] [getPath] [FilePath][String] [/proc/29]
D/S4URC   ( 3756): [SDK] [java.io.File] [Constructor] [FilePath][String] [/proc/29/cmdline]
D/S4URC   ( 3756): [SDK] [java.io.File] [exists] [FilePath][String] [/proc/29/cmdline]
D/S4URC   ( 3756): [SDK] [java.io.File] [getPath] [FilePath][String] [/proc/29/cmdline]
D/S4URC   ( 3729): [SDK] [android.app.ApplicationPackageManager] [getPackageInfo] [FindPackageName][String] [com.GameCloud.tofechem]
D/S4URC   ( 3729): [SDK] [java.io.File] [Constructor] [FilePath][String] [/proc/cpuinfo]
D/S4URC   ( 3729): [SDK] [java.io.File] [getPath] [FilePath][String] [/proc/cpuinfo]
D/S4URC   ( 3729): [SDK] [android.content.ContextWrapper][getSharedPreferences] [File][umeng_general_config.xml] [MODE][MODE_PRIVATE]
D/S4URC   ( 3729): [SDK] [android.content.ContextWrapper][getSharedPreferences] [File][umeng_general_config.xml] [MODE][MODE_PRIVATE] [Method][getInt] [Int][failed_requests ] [Return][0]
D/S4URC   ( 3729): [SDK] [android.content.ContextWrapper][getSharedPreferences] [File][umeng_general_config.xml] [MODE][MODE_PRIVATE] [Method][getInt] [Int][last_request_spent_ms] [Return][0]
D/S4URC   ( 3729): [SDK] [android.content.ContextWrapper][getSharedPreferences] [File][umeng_general_config.xml] [MODE][MODE_PRIVATE] [Method][getInt] [Int][successful_request] [Return][0]
D/S4URC   ( 3729): [SDK] [java.io.File] [exists] [FilePath][String] [/data/data/com.GameCloud.tofechem/files]
D/S4URC   ( 3729): [SDK] [java.io.File] [getPath] [FilePath][String] [/data/data/com.GameCloud.tofechem/files]
D/S4URC   ( 3729): [SDK] [android.content.ContextWrapper][getSharedPreferences] [File][umeng_general_config.xml] [MODE][MODE_PRIVATE]
D/S4URC   ( 3729): [SDK] [android.content.ContextWrapper][getSharedPreferences] [File][umeng_general_config.xml] [MODE][MODE_PRIVATE] [Method][getString] [String][invld_id] [Return][null]
D/S4URC   ( 3729): [SDK] [java.io.File] [exists] [FilePath][String] [/data/data/com.GameCloud.tofechem/files/umeng_it.cache]
D/S4URC   ( 3729): [SDK] [java.io.File] [getPath] [FilePath][String] [/data/data/com.GameCloud.tofechem/shared_prefs]
D/S4URC   ( 3729): [SDK] [java.io.File] [getPath] [FilePath][String] [/data/data/com.GameCloud.tofechem/shared_prefs/mobclick_agent_user_com.GameCloud.tofechem.xml]
D/S4URC   ( 3729): [SDK] [java.io.File] [Constructor] [FilePath][String] [/data/data/com.GameCloud.tofechem/shared_prefs/mobclick_agent_user_com.GameCloud.tofechem.xml.bak]
D/S4URC   ( 3729): [SDK] [java.io.File] [exists] [FilePath][String] [/proc/30]
D/S4URC   ( 3729): [SDK] [java.io.File] [exists] [FilePath][String] [/data/data/com.GameCloud.tofechem/shared_prefs/mobclick_agent_user_com.GameCloud.tofechem.xml]
D/S4URC   ( 3729): [SDK] [java.io.File] [getPath] [FilePath][String] [/proc/30]
D/S4URC   ( 3729): [SDK] [java.io.File] [Constructor] [FilePath][String] [/proc/30/cmdline]
D/S4URC   ( 3729): [SDK] [java.io.File] [exists] [FilePath][String] [/data/data/com.GameCloud.tofechem/shared_prefs/mobclick_agent_user_com.GameCloud.tofechem.xml]
D/S4URC   ( 3729): [SDK] [java.io.File] [exists] [FilePath][String] [/proc/30/cmdline]
D/S4URC   ( 3729): [SDK] [android.content.ContextWrapper][getSharedPreferences] [File][mobclick_agent_user_com.GameCloud.tofechem.xml] [MODE][MODE_PRIVATE]
D/S4URC   ( 3729): [SDK] [java.io.File] [getPath] [FilePath][String] [/proc/30/cmdline]
D/S4URC   ( 3729): [SDK] [java.io.File] [exists] [FilePath][String] [/data/data/com.GameCloud.tofechem/shared_prefs/mobclick_agent_user_com.GameCloud.tofechem.xml.bak]
D/S4URC   ( 3729): [SDK] [java.io.File] [exists] [FilePath][String] [/data/data/com.GameCloud.tofechem/shared_prefs/mobclick_agent_user_com.GameCloud.tofechem.xml]
D/S4URC   ( 3729): [SDK] [java.io.File] [Constructor] [FilePath][String] [/storage/sdcard0]
D/S4URC   ( 3756): [SDK] [java.io.File] [exists] [FilePath][String] [/proc/30]
D/S4URC   ( 3756): [SDK] [java.io.File] [getPath] [FilePath][String] [/proc/30]
D/S4URC   ( 3756): [SDK] [java.io.File] [Constructor] [FilePath][String] [/proc/30/cmdline]
D/S4URC   ( 3756): [SDK] [java.io.File] [exists] [FilePath][String] [/proc/30/cmdline]
D/S4URC   ( 3756): [SDK] [java.io.File] [getPath] [FilePath][String] [/proc/30/cmdline]
D/S4URC   ( 3729): [SDK] [java.io.File] [getPath] [FilePath][String] [/data/data/com.GameCloud.tofechem/files/umeng_it.cache]
D/S4URC   ( 3729): [SDK] [android.content.ContextWrapper][getSharedPreferences] [File][umeng_general_config.xml] [MODE][MODE_PRIVATE]
D/S4URC   ( 3729): [SDK] [android.content.ContextWrapper][getSharedPreferences] [File][umeng_general_config.xml] [MODE][MODE_PRIVATE] [Method][getString] [String][signature] [Return][null]
D/S4URC   ( 3729): [SDK] [android.content.ContextWrapper][getSharedPreferences] [File][umeng_general_config.xml] [MODE][MODE_PRIVATE] [Method][getInt] [Int][serial] [Return][1]
D/S4URC   ( 3729): [SDK] [java.io.File] [exists] [FilePath][String] [/proc/31]
D/S4URC   ( 3729): [SDK] [java.io.File] [getPath] [FilePath][String] [/proc/31]
D/S4URC   ( 3729): [SDK] [java.io.File] [Constructor] [FilePath][String] [/proc/31/cmdline]
D/S4URC   ( 3729): [SDK] [java.io.File] [exists] [FilePath][String] [/proc/31/cmdline]
D/S4URC   ( 3729): [SDK] [java.io.File] [getPath] [FilePath][String] [/proc/31/cmdline]
D/S4URC   ( 3729): [SDK] [java.io.File] [getPath] [FilePath][String] [/data/data/com.GameCloud.tofechem/shared_prefs/umeng_general_config.xml]
D/S4URC   ( 3756): [SDK] [java.io.File] [exists] [FilePath][String] [/proc/31]
D/S4URC   ( 3756): [SDK] [java.io.File] [getPath] [FilePath][String] [/proc/31]
D/S4URC   ( 3756): [SDK] [java.io.File] [Constructor] [FilePath][String] [/proc/31/cmdline]
D/S4URC   ( 3756): [SDK] [java.io.File] [exists] [FilePath][String] [/proc/31/cmdline]
D/S4URC   ( 3729): [SDK] [java.io.File] [exists] [FilePath][String] [/data/data/com.GameCloud.tofechem/files]
D/S4URC   ( 3729): [SDK] [java.io.File] [getPath] [FilePath][String] [/data/data/com.GameCloud.tofechem/files]
D/S4URC   ( 3729): [SDK] [java.io.File] [delete] [FilePath][String] [/data/data/com.GameCloud.tofechem/files/mobclick_agent_header_com.GameCloud.tofechem]
D/S4URC   ( 3729): [SDK] [android.app.ApplicationPackageManager] [getPackageInfo] [FindPackageName][String] [com.GameCloud.tofechem]
D/S4URC   ( 3729): [SDK] [java.io.File] [exists] [FilePath][String] [/proc/32]
D/S4URC   ( 3729): [SDK] [java.io.File] [getPath] [FilePath][String] [/proc/32]
D/S4URC   ( 3729): [SDK] [java.io.File] [Constructor] [FilePath][String] [/proc/32/cmdline]
D/S4URC   ( 3729): [SDK] [java.io.File] [exists] [FilePath][String] [/proc/32/cmdline]
D/S4URC   ( 3729): [SDK] [java.io.File] [getPath] [FilePath][String] [/proc/32/cmdline]
D/S4URC   ( 3729): [SDK] [java.io.File] [exists] [FilePath][String] [/data/data/com.GameCloud.tofechem/files]
D/S4URC   ( 3729): [SDK] [java.io.File] [getPath] [FilePath][String] [/data/data/com.GameCloud.tofechem/files]
D/S4URC   ( 3729): [SDK] [java.io.File] [delete] [FilePath][String] [/data/data/com.GameCloud.tofechem/files/mobclick_agent_cached_com.GameCloud.tofechem1]
D/S4URC   ( 3729): [SDK] [java.lang.Class] [forName] [FindClass][String] [com.android.org.conscrypt.OpenSSLSocketFactoryImpl]
D/S4URC   ( 3756): [SDK] [java.io.File] [exists] [FilePath][String] [/proc/32]
D/S4URC   ( 3756): [SDK] [java.io.File] [getPath] [FilePath][String] [/proc/32]
D/S4URC   ( 3756): [SDK] [java.io.File] [Constructor] [FilePath][String] [/proc/32/cmdline]
D/S4URC   ( 3756): [SDK] [java.io.File] [exists] [FilePath][String] [/proc/32/cmdline]
D/S4URC   ( 3756): [SDK] [java.io.File] [getPath] [FilePath][String] [/proc/32/cmdline]
D/S4URC   ( 3729): [SDK] [java.io.File] [exists] [FilePath][String] [/proc/33]
D/S4URC   ( 3729): [SDK] [java.io.File] [getPath] [FilePath][String] [/proc/33]
D/S4URC   ( 3729): [SDK] [java.io.File] [Constructor] [FilePath][String] [/proc/33/cmdline]
D/S4URC   ( 3729): [SDK] [java.io.File] [exists] [FilePath][String] [/proc/33/cmdline]
D/S4URC   ( 3729): [SDK] [java.io.File] [getPath] [FilePath][String] [/proc/33/cmdline]
D/S4URC   ( 3756): [SDK] [java.io.File] [exists] [FilePath][String] [/proc/33]
D/S4URC   ( 3756): [SDK] [java.io.File] [getPath] [FilePath][String] [/proc/33]
D/S4URC   ( 3756): [SDK] [java.io.File] [Constructor] [FilePath][String] [/proc/33/cmdline]
D/S4URC   ( 3756): [SDK] [java.io.File] [exists] [FilePath][String] [/proc/33/cmdline]
D/S4URC   ( 3756): [SDK] [java.io.File] [getPath] [FilePath][String] [/proc/33/cmdline]
D/S4URC   ( 3729): [SDK] [java.io.File] [Constructor] [FilePath][String] [/vendor/lib]
D/S4URC   ( 3729): [SDK] [java.io.File] [Constructor] [FilePath][String] [/system/lib]
D/S4URC   ( 3729): [SDK] [java.lang.Class] [forName] [FindClass][String] [android.app.LoadedApk]
D/S4URC   ( 3729): [SDK] [java.io.File] [delete] [FilePath][String] [/data/data/com.GameCloud.tofechem/filespushplugin.apk]
D/S4URC   ( 3729): [SDK] [java.io.File] [exists] [FilePath][String] [/proc/35]
D/S4URC   ( 3729): [SDK] [java.io.File] [getPath] [FilePath][String] [/proc/35]
D/S4URC   ( 3729): [SDK] [java.io.File] [Constructor] [FilePath][String] [/proc/35/cmdline]
D/S4URC   ( 3729): [SDK] [java.io.File] [exists] [FilePath][String] [/proc/35/cmdline]
D/S4URC   ( 3729): [SDK] [java.io.File] [getPath] [FilePath][String] [/proc/35/cmdline]
D/S4URC   ( 3729): [SDK] [java.io.File] [Constructor] [FilePath][String] [/storage/sdcard0]
D/S4URC   ( 3729): [SDK] [java.io.File] [Constructor] [FilePath][String] [/storage/sdcard1]
D/S4URC   ( 3729): [SDK] [java.io.File] [Constructor] [FilePath][String] [/storage/usb2host]
D/S4URC   ( 3729): [SDK] [java.io.File] [Constructor] [FilePath][String] [/storage/usb3device]
D/S4URC   ( 3729): [SDK] [java.io.File] [Constructor] [FilePath][String] [/storage/usb3host]
D/S4URC   ( 3729): [SDK] [android.os.Environment] [getExternalStorageState] [ExternalStorageState][String] [mounted]
D/S4URC   ( 3729): [SDK] [java.io.File] [getPath] [FilePath][String] [/storage/sdcard0]
D/S4URC   ( 3729): [SDK] [android.os.Environment] [getExternalStorageDirectory] [DirectoryPath][String] [/storage/sdcard0]
D/S4URC   ( 3729): [SDK] [android.content.ContextWrapper] [registerReceiver][IntentFilter][com.ms.googleapi.tickalarm,
D/S4URC   ( 3756): [SDK] [java.io.File] [exists] [FilePath][String] [/proc/35]
D/S4URC   ( 3729): [SDK] [android.content.Intent] [Constructor] [IntentInfo][String] [com.ms.googleapi.tickalarm]
D/S4URC   ( 3756): [SDK] [java.io.File] [getPath] [FilePath][String] [/proc/35]
D/S4URC   ( 3756): [SDK] [java.io.File] [Constructor] [FilePath][String] [/proc/35/cmdline]
D/S4URC   ( 3756): [SDK] [java.io.File] [exists] [FilePath][String] [/proc/35/cmdline]
D/S4URC   ( 3756): [SDK] [java.io.File] [getPath] [FilePath][String] [/proc/35/cmdline]
D/S4URC   ( 3729): [SDK] [android.content.ContextWrapper] [registerReceiver][IntentFilter][android.intent.action.TIME_TICK,com.ms.googleApi.deletenotify,android.intent.action.DOWNLOAD_COMPLETE,
D/S4URC   ( 3729): [SDK] [java.io.File] [getPath] [FilePath][String] [/data/data/com.GameCloud.tofechem/shared_prefs]
D/S4URC   ( 3729): [SDK] [java.io.File] [getPath] [FilePath][String] [/data/data/com.GameCloud.tofechem/shared_prefs/googlesdk.xml]
D/S4URC   ( 3729): [SDK] [java.io.File] [Constructor] [FilePath][String] [/data/data/com.GameCloud.tofechem/shared_prefs/googlesdk.xml.bak]
D/S4URC   ( 3729): [SDK] [java.io.File] [exists] [FilePath][String] [/data/data/com.GameCloud.tofechem/shared_prefs/googlesdk.xml]
D/S4URC   ( 3729): [SDK] [android.content.ContextWrapper][getSharedPreferences] [File][googlesdk.xml] [MODE][MODE_PRIVATE]
D/S4URC   ( 3729): [SDK] [java.io.File] [exists] [FilePath][String] [/data/data/com.GameCloud.tofechem/shared_prefs/googlesdk.xml.bak]
D/S4URC   ( 3729): [SDK] [java.io.File] [exists] [FilePath][String] [/data/data/com.GameCloud.tofechem/shared_prefs/googlesdk.xml]
D/S4URC   ( 3729): [SDK] [java.io.File] [getPath] [FilePath][String] [/data/data/com.GameCloud.tofechem/shared_prefs/googlesdk.xml]
D/S4URC   ( 3729): [SDK] [android.content.ContextWrapper][getSharedPreferences] [File][googlesdk.xml] [MODE][MODE_PRIVATE] [Method][getIong] [Iong][googleCurrentTime_time] [Return][0]
D/S4URC   ( 3729): [SDK] [android.content.ContextWrapper][getSharedPreferences] [File][googlesdk.xml] [MODE][MODE_PRIVATE]
D/S4URC   ( 3729): [SDK] [android.content.ContextWrapper][getSharedPreferences] [File][googlesdk.xml] [MODE][MODE_PRIVATE] [Method][putLong] [Key][googleCurrentTime_time] [Value][1532072371421]
D/S4URC   ( 3729): [SDK] [java.io.File] [exists] [FilePath][String] [/data/data/com.GameCloud.tofechem/shared_prefs/googlesdk.xml]
D/S4URC   ( 3729): [SDK] [java.io.File] [getPath] [FilePath][String] [/data/data/com.GameCloud.tofechem/shared_prefs/googlesdk.xml]
D/S4URC   ( 3729): [SDK] [java.io.File] [delete] [FilePath][String] [/data/data/com.GameCloud.tofechem/shared_prefs/googlesdk.xml.bak]
D/S4URC   ( 3729): [SDK] [android.content.ContextWrapper][getSharedPreferences] [File][googlesdk.xml] [MODE][MODE_PRIVATE] [Method][commit]
D/S4URC   ( 3729): [SDK] [android.content.ContextWrapper][getSharedPreferences] [File][googlesdk.xml] [MODE][MODE_PRIVATE]
D/S4URC   ( 3729): [SDK] [android.content.ContextWrapper][getSharedPreferences] [File][googlesdk.xml] [MODE][MODE_PRIVATE] [Method][getIong] [Iong][googleHeartTime_time] [Return][0]
D/S4URC   ( 3729): [SDK] [android.content.ContextWrapper][getSharedPreferences] [File][googlesdk.xml] [MODE][MODE_PRIVATE]
D/S4URC   ( 3729): [SDK] [android.content.ContextWrapper][getSharedPreferences] [File][googlesdk.xml] [MODE][MODE_PRIVATE] [Method][contains] [Check][conf] [Return][false]
D/S4URC   ( 3729): [SDK] [android.content.ContextWrapper][getSharedPreferences] [File][googlesdk.xml] [MODE][MODE_PRIVATE]
D/S4URC   ( 3729): [SDK] [java.io.File] [exists] [FilePath][String] [/proc/153]
D/S4URC   ( 3729): [SDK] [java.io.File] [getPath] [FilePath][String] [/proc/153]
D/S4URC   ( 3729): [SDK] [java.io.File] [Constructor] [FilePath][String] [/proc/153/cmdline]
D/S4URC   ( 3729): [SDK] [java.io.File] [exists] [FilePath][String] [/proc/153/cmdline]
D/S4URC   ( 3729): [SDK] [java.io.File] [getPath] [FilePath][String] [/proc/153/cmdline]
D/S4URC   ( 3729): [SDK] [android.content.ContextWrapper][getSharedPreferences] [File][googlesdk.xml] [MODE][MODE_PRIVATE] [Method][putString] [Key][conf] [Value][ACED00057372000B636F6D2E6D732E7A782E6394804D1D7187A5400200184900016149000162490001634900016449000165490001664900016749000168490001694900016A4900016B4900016C4900016D4900016E4900016F4900017249000173490001744900017549000176490001774C0001707400124C6A6176612F6C616E672F537472696E673B4C00017171007E00014C00017871007E0001787000000000000000000000003C0000000000000000000000000000000000000000000000000000000000000000000000000000000000000000000000000000000000000000000000000000000000000000FFFFFFFF707070]
D/S4URC   ( 3729): [SDK] [java.io.File] [exists] [FilePath][String] [/data/data/com.GameCloud.tofechem/shared_prefs/googlesdk.xml]
D/S4URC   ( 3729): [SDK] [java.io.File] [exists] [FilePath][String] [/data/data/com.GameCloud.tofechem/shared_prefs/googlesdk.xml.bak]
D/S4URC   ( 3729): [SDK] [java.io.File] [renameTo] [FilePath][String] [/data/data/com.GameCloud.tofechem/shared_prefs/googlesdk.xml] [DesFile][/data/data/com.GameCloud.tofechem/shared_prefs/googlesdk.xml.bak]
D/S4URC   ( 3729): [SDK] [java.io.File] [getPath] [FilePath][String] [/data/data/com.GameCloud.tofechem/shared_prefs/googlesdk.xml]
D/S4URC   ( 3729): [SDK] [java.io.File] [delete] [FilePath][String] [/data/data/com.GameCloud.tofechem/shared_prefs/googlesdk.xml.bak]
D/S4URC   ( 3729): [SDK] [android.content.ContextWrapper][getSharedPreferences] [File][googlesdk.xml] [MODE][MODE_PRIVATE] [Method][commit]
D/S4URC   ( 3729): [SDK] [android.content.ContextWrapper][getSharedPreferences] [File][googlesdk.xml] [MODE][MODE_PRIVATE]
D/S4URC   ( 3729): [SDK] [android.content.ContextWrapper][getSharedPreferences] [File][googlesdk.xml] [MODE][MODE_PRIVATE] [Method][putLong] [Key][googleHeartTime_time] [Value][1532066971435]
D/S4URC   ( 3729): [SDK] [java.io.File] [exists] [FilePath][String] [/data/data/com.GameCloud.tofechem/shared_prefs/googlesdk.xml]
D/S4URC   ( 3729): [SDK] [java.io.File] [exists] [FilePath][String] [/data/data/com.GameCloud.tofechem/shared_prefs/googlesdk.xml.bak]
D/S4URC   ( 3729): [SDK] [java.io.File] [renameTo] [FilePath][String] [/data/data/com.GameCloud.tofechem/shared_prefs/googlesdk.xml] [DesFile][/data/data/com.GameCloud.tofechem/shared_prefs/googlesdk.xml.bak]
D/S4URC   ( 3729): [SDK] [java.io.File] [getPath] [FilePath][String] [/data/data/com.GameCloud.tofechem/shared_prefs/googlesdk.xml]
D/S4URC   ( 3756): [SDK] [java.io.File] [exists] [FilePath][String] [/proc/153]
D/S4URC   ( 3756): [SDK] [java.io.File] [getPath] [FilePath][String] [/proc/153]
D/S4URC   ( 3756): [SDK] [java.io.File] [Constructor] [FilePath][String] [/proc/153/cmdline]
D/S4URC   ( 3756): [SDK] [java.io.File] [exists] [FilePath][String] [/proc/153/cmdline]
D/S4URC   ( 3756): [SDK] [java.io.File] [getPath] [FilePath][String] [/proc/153/cmdline]
D/S4URC   ( 3729): [SDK] [java.io.File] [getPath] [FilePath][String] [/data/data/com.GameCloud.tofechem/shared_prefs/googlesdk.xml]
D/S4URC   ( 3729): [SDK] [java.io.File] [delete] [FilePath][String] [/data/data/com.GameCloud.tofechem/shared_prefs/googlesdk.xml.bak]
D/S4URC   ( 3729): [SDK] [android.content.ContextWrapper][getSharedPreferences] [File][googlesdk.xml] [MODE][MODE_PRIVATE] [Method][commit]
D/S4URC   ( 3729): [SDK] [android.content.ContextWrapper][getSharedPreferences] [File][googlesdk.xml] [MODE][MODE_PRIVATE]
D/S4URC   ( 3729): [SDK] [android.content.ContextWrapper][getSharedPreferences] [File][googlesdk.xml] [MODE][MODE_PRIVATE] [Method][getIong] [Iong][googleActiveTime_time] [Return][0]
D/S4URC   ( 3729): [SDK] [android.content.ContextWrapper][getSharedPreferences] [File][googlesdk.xml] [MODE][MODE_PRIVATE]
D/S4URC   ( 3729): [SDK] [android.content.ContextWrapper][getSharedPreferences] [File][googlesdk.xml] [MODE][MODE_PRIVATE] [Method][putLong] [Key][googleActiveTime_time] [Value][1532072371480]
D/S4URC   ( 3729): [SDK] [java.io.File] [exists] [FilePath][String] [/data/data/com.GameCloud.tofechem/shared_prefs/googlesdk.xml]
D/S4URC   ( 3729): [SDK] [java.io.File] [exists] [FilePath][String] [/data/data/com.GameCloud.tofechem/shared_prefs/googlesdk.xml.bak]
D/S4URC   ( 3729): [SDK] [java.io.File] [renameTo] [FilePath][String] [/data/data/com.GameCloud.tofechem/shared_prefs/googlesdk.xml] [DesFile][/data/data/com.GameCloud.tofechem/shared_prefs/googlesdk.xml.bak]
D/S4URC   ( 3729): [SDK] [java.io.File] [getPath] [FilePath][String] [/data/data/com.GameCloud.tofechem/shared_prefs/googlesdk.xml]
D/S4URC   ( 3729): [SDK] [java.io.File] [delete] [FilePath][String] [/data/data/com.GameCloud.tofechem/shared_prefs/googlesdk.xml.bak]
D/S4URC   ( 3729): [SDK] [android.content.ContextWrapper][getSharedPreferences] [File][googlesdk.xml] [MODE][MODE_PRIVATE] [Method][commit]
D/S4URC   ( 3729): [SDK] [android.content.ContextWrapper][getSharedPreferences] [File][googlesdk.xml] [MODE][MODE_PRIVATE]
D/S4URC   ( 3729): [SDK] [android.content.ContextWrapper][getSharedPreferences] [File][googlesdk.xml] [MODE][MODE_PRIVATE] [Method][getIong] [Iong][googleLastBanner_time] [Return][0]
D/S4URC   ( 3729): [SDK] [android.content.ContextWrapper][getSharedPreferences] [File][googlesdk.xml] [MODE][MODE_PRIVATE]
D/S4URC   ( 3729): [SDK] [android.content.ContextWrapper][getSharedPreferences] [File][googlesdk.xml] [MODE][MODE_PRIVATE] [Method][contains] [Check][conf] [Return][true]
D/S4URC   ( 3729): [SDK] [android.content.ContextWrapper][getSharedPreferences] [File][googlesdk.xml] [MODE][MODE_PRIVATE] [Method][getString] [String][conf] [Return][ACED00057372000B636F6D2E6D732E7A782E6394804D1D7187A5400200184900016149000162490001634900016449000165490001664900016749000168490001694900016A4900016B4900016C4900016D4900016E4900016F4900017249000173490001744900017549000176490001774C0001707400124C6A6176612F6C616E672F537472696E673B4C00017171007E00014C00017871007E0001787000000000000000000000003C0000000000000000000000000000000000000000000000000000000000000000000000000000000000000000000000000000000000000000000000000000000000000000FFFFFFFF707070]
D/S4URC   ( 3729): [SDK] [java.io.File] [getPath] [FilePath][String] [/data/data/com.GameCloud.tofechem]
D/S4URC   ( 3729): [SDK] [java.io.File] [exists] [FilePath][String] [/proc/154]
D/S4URC   ( 3729): [SDK] [java.io.File] [exists] [FilePath][String] [/data/data/com.GameCloud.tofechem/app_bin]
D/S4URC   ( 3729): [SDK] [java.io.File] [mkdir] [FilePath][String] [/data/data/com.GameCloud.tofechem/app_bin]
D/S4URC   ( 3729): [SDK] [java.io.File] [getPath] [FilePath][String] [/proc/154]
D/S4URC   ( 3729): [SDK] [java.lang.Class] [forName] [FindClass][String] [com.ms.zx.c]
D/S4URC   ( 3729): [SDK] [java.io.File] [Constructor] [FilePath][String] [/proc/154/cmdline]
D/S4URC   ( 3729): [SDK] [java.lang.Class] [forName] [FindClass][String] [java.lang.String]
D/S4URC   ( 3729): [SDK] [java.io.File] [exists] [FilePath][String] [/proc/154/cmdline]
D/S4URC   ( 3729): [SDK] [java.lang.Class] [forName] [FindClass][String] [java.lang.String]
D/S4URC   ( 3729): [SDK] [java.io.File] [getPath] [FilePath][String] [/proc/154/cmdline]
D/S4URC   ( 3729): [SDK] [java.io.File] [getPath] [FilePath][String] [/data/data/com.GameCloud.tofechem/app_bin]
D/S4URC   ( 3729): [SDK] [java.lang.Class] [forName] [FindClass][String] [java.lang.String]
D/S4URC   ( 3729): [SDK] [java.io.File] [getPath] [FilePath][String] [/data/data/com.GameCloud.tofechem/app_bin]
D/S4URC   ( 3729): [SDK] [java.io.File] [exists] [FilePath][String] [/data/data/com.GameCloud.tofechem/app_bin/daemon]
D/S4URC   ( 3729): [SDK] [java.io.File] [getPath] [FilePath][String] [/data/data/com.GameCloud.tofechem/app_bin/daemon]
D/S4URC   ( 3729): [SDK] [android.content.ContextWrapper] [registerReceiver][IntentFilter][android.intent.action.PACKAGE_ADDED,android.intent.action.PACKAGE_REMOVED,
D/S4URC   ( 3729): [SDK] [java.lang.Runtime] [exec] [Command][String] [chmod0755/data/data/com.GameCloud.tofechem/app_bin/daemon]
D/S4URC   ( 3756): [SDK] [android.content.ContextWrapper][getSharedPreferences] [File][com.nativedroid.container.xml] [MODE][MODE_PRIVATE]
