D/S4URC   ( 2398): [SDK] [java.io.File] [getPath] [FilePath][String] [/data/data/com.example.udhss/shared_prefs/umeng_general_config.xml]
D/S4URC   ( 2398): [NDK] [SYSCALL] [stat] [PATH][string] [/data/data/com.example.udhss/shared_prefs/umeng_general_config.xml]
D/S4URC   ( 2398): [SDK] [java.io.File] [delete] [FilePath][String] [/data/data/com.example.udhss/shared_prefs/umeng_general_config.xml.bak]
D/S4URC   ( 2398): [NDK] [SYSCALL] [lstat] [PATH][string] [/data/data/com.example.udhss/shared_prefs/umeng_general_config.xml.bak]
D/S4URC   ( 2398): [NDK] [SYSCALL] [unlink] [PATH][string] [/data/data/com.example.udhss/shared_prefs/umeng_general_config.xml.bak]
D/S4URC   ( 2398): [SDK] [android.content.ContextWrapper][getSharedPreferences] [File][umeng_general_config.xml] [MODE][MODE_PRIVATE] [Method][commit]
D/S4URC   ( 2398): [SDK] [java.io.File] [Constructor] [FilePath][String] [/data/data/com.example.udhss/databases/cc/cc.db]
D/S4URC   ( 2398): [SDK] [java.io.File] [getParent] [FilePath][String] [/data/data/com.example.udhss/databases/cc/cc.db]
D/S4URC   ( 2398): [SDK] [java.io.File] [Constructor] [FilePath][String] [/data/data/com.example.udhss/databases/cc]
D/S4URC   ( 2398): [SDK] [java.io.File] [exists] [FilePath][String] [/data/data/com.example.udhss/databases/cc]
D/S4URC   ( 2398): [NDK] [SYSCALL] [access] [PATH][string] [/data/data/com.example.udhss/databases/cc]
D/S4URC   ( 2398): [NDK] [SYSCALL] [stat] [PATH][string] [/data/data/com.example.udhss/databases/cc/cc.db]
D/S4URC   ( 2398): [NDK] [SYSCALL] [open] [PATH][string] [/data/data/com.example.udhss/databases/cc/cc.db] [RETURN][int] [59]
D/S4URC   ( 2398): [NDK] [SYSCALL] [stat] [PATH][string] [/data/data/com.example.udhss/databases/cc/cc.db]
D/S4URC   ( 2398): [NDK] [SYSCALL] [access] [PATH][string] [/data/data/com.example.udhss/databases/cc/cc.db-journal]
D/S4URC   ( 2398): [NDK] [SYSCALL] [stat] [PATH][string] [/data/data/com.example.udhss/databases/cc/cc.db-journal]
D/S4URC   ( 2398): [NDK] [SYSCALL] [stat] [PATH][string] [/data/data/com.example.udhss/databases/cc/cc.db]
D/S4URC   ( 2398): [NDK] [SYSCALL] [open] [PATH][string] [/data/data/com.example.udhss/databases/cc/cc.db-journal] [RETURN][int] [60]
D/S4URC   ( 2398): [NDK] [SYSCALL] [access] [PATH][string] [/data/data/com.example.udhss/databases/cc/cc.db-wal]
D/S4URC   ( 2398): [NDK] [SYSCALL] [access] [PATH][string] [/data/data/com.example.udhss/databases/cc/cc.db-journal]
D/S4URC   ( 2398): [NDK] [SYSCALL] [stat] [PATH][string] [/data/data/com.example.udhss/databases/cc/cc.db-journal]
D/S4URC   ( 2398): [NDK] [SYSCALL] [stat] [PATH][string] [/data/data/com.example.udhss/databases/cc/cc.db]
D/S4URC   ( 2398): [NDK] [SYSCALL] [open] [PATH][string] [/data/data/com.example.udhss/databases/cc/cc.db-journal] [RETURN][int] [60]
D/S4URC   ( 2398): [SDK] [java.lang.ProcessBuilder] [Constructor] [Command][String] [,/system/bin/cat,/sys/devices/system/cpu/cpu0/cpufreq/cpuinfo_max_freq]
D/S4URC   ( 2398): [NDK] [SYSCALL] [access] [PATH][string] [/data/data/com.example.udhss/databases/cc/cc.db-wal]
D/S4URC   ( 2398): [SDK] [android.telephony.TelephonyManager] [getSubscriberId]
D/S4URC   ( 2398): [NDK] [SYSCALL] [access] [PATH][string] [/data/data/com.example.udhss/databases/cc/cc.db-journal]
D/S4URC   ( 2398): [NDK] [SYSCALL] [stat] [PATH][string] [/data/data/com.example.udhss/databases/cc/cc.db-journal]
D/S4URC   ( 2398): [NDK] [SYSCALL] [stat] [PATH][string] [/data/data/com.example.udhss/databases/cc/cc.db]
D/S4URC   ( 2398): [NDK] [SYSCALL] [open] [PATH][string] [/data/data/com.example.udhss/databases/cc/cc.db-journal] [RETURN][int] [60]
D/S4URC   ( 2398): [NDK] [SYSCALL] [access] [PATH][string] [/data/data/com.example.udhss/databases/cc/cc.db-wal]
D/S4URC   ( 2398): [NDK] [SYSCALL] [access] [PATH][string] [/data/data/com.example.udhss/databases/cc/cc.db-journal]
D/S4URC   ( 2398): [NDK] [SYSCALL] [stat] [PATH][string] [/data/data/com.example.udhss/databases/cc/cc.db-journal]
D/S4URC   ( 2398): [NDK] [SYSCALL] [stat] [PATH][string] [/data/data/com.example.udhss/databases/cc/cc.db]
D/S4URC   ( 2398): [NDK] [SYSCALL] [open] [PATH][string] [/data/data/com.example.udhss/databases/cc/cc.db-journal] [RETURN][int] [60]
D/S4URC   ( 2398): [NDK] [SYSCALL] [access] [PATH][string] [/data/data/com.example.udhss/databases/cc/cc.db-wal]
D/S4URC   ( 2600): [NDK] [SYSCALL] [getdents] [PATH][string] [.]
D/S4URC   ( 2398): [NDK] [SYSCALL] [access] [PATH][string] [/data/data/com.example.udhss/databases/cc/cc.db-journal]
D/S4URC   ( 2398): [NDK] [SYSCALL] [stat] [PATH][string] [/data/data/com.example.udhss/databases/cc/cc.db-journal]
D/S4URC   ( 2398): [NDK] [SYSCALL] [stat] [PATH][string] [/data/data/com.example.udhss/databases/cc/cc.db]
D/S4URC   ( 2398): [NDK] [SYSCALL] [open] [PATH][string] [/data/data/com.example.udhss/databases/cc/cc.db-journal] [RETURN][int] [67]
D/S4URC   ( 2398): [NDK] [SYSCALL] [access] [PATH][string] [/data/data/com.example.udhss/databases/cc/cc.db-wal]
D/S4URC   ( 2398): [NDK] [SYSCALL] [access] [PATH][string] [/data/data/com.example.udhss/databases/cc/cc.db-journal]
D/S4URC   ( 2398): [NDK] [SYSCALL] [stat] [PATH][string] [/data/data/com.example.udhss/databases/cc/cc.db-journal]
D/S4URC   ( 2398): [NDK] [SYSCALL] [stat] [PATH][string] [/data/data/com.example.udhss/databases/cc/cc.db]
D/S4URC   ( 2398): [NDK] [SYSCALL] [open] [PATH][string] [/data/data/com.example.udhss/databases/cc/cc.db-journal] [RETURN][int] [60]
D/S4URC   ( 2398): [NDK] [SYSCALL] [access] [PATH][string] [/data/data/com.example.udhss/databases/cc/cc.db-wal]
D/S4URC   ( 2398): [NDK] [SYSCALL] [stat] [PATH][string] [/data/data/com.example.udhss/databases/cc/cc.db]
D/S4URC   ( 2398): [NDK] [SYSCALL] [open] [PATH][string] [/data/data/com.example.udhss/databases/cc/cc.db-journal] [RETURN][int] [60]
D/S4URC   ( 2398): [SDK] [android.content.ContextWrapper][getSharedPreferences] [File][zpay_info.xml] [MODE][MODE_PRIVATE]
D/S4URC   ( 2398): [SDK] [android.content.ContextWrapper][getSharedPreferences] [File][zpay_info.xml] [MODE][MODE_PRIVATE] [Method][getString] [String][cp] [Return][1000100020001204]
D/S4URC   ( 2398): [SDK] [android.content.ContextWrapper][getSharedPreferences] [File][zpay_info.xml] [MODE][MODE_PRIVATE]
D/S4URC   ( 2398): [SDK] [android.content.ContextWrapper][getSharedPreferences] [File][zpay_info.xml] [MODE][MODE_PRIVATE] [Method][getString] [String][qd] [Return][44068:777]
D/S4URC   ( 2398): [SDK] [android.content.ContextWrapper][getSharedPreferences] [File][zpay_info.xml] [MODE][MODE_PRIVATE]
D/S4URC   ( 2398): [SDK] [android.content.ContextWrapper][getSharedPreferences] [File][zpay_info.xml] [MODE][MODE_PRIVATE] [Method][getString] [String][appId] [Return][3031]
D/S4URC   ( 2398): [SDK] [java.lang.ProcessBuilder] [Constructor] [Command][String] [,/system/bin/cat,/sys/devices/system/cpu/cpu0/cpufreq/cpuinfo_max_freq]
D/S4URC   ( 2398): [NDK] [SYSCALL] [open] [PATH][string] [/data/data/com.example.udhss/databases/cc] [RETURN][int] [67]
D/S4URC   ( 2398): [SDK] [java.lang.ProcessBuilder] [Constructor] [Command][String] [,/system/bin/cat,/sys/devices/system/cpu/cpu0/cpufreq/cpuinfo_max_freq]
D/S4URC   ( 2398): [NDK] [SYSCALL] [open] [PATH][string] [/data/data/com.example.udhss/files/mj.dex] [RETURN][int] [67]
D/S4URC   ( 2602): [NDK] [SYSCALL] [getdents] [PATH][string] [.]
D/S4URC   ( 2398): [SDK] [android.content.ContextWrapper][getSharedPreferences] [File][zpay_info.xml] [MODE][MODE_PRIVATE]
D/S4URC   ( 2398): [SDK] [android.database.sqlite.SQLiteDatabase] [execSQL] [ExecInfo][String] [delete from system]
D/S4URC   ( 2398): [SDK] [android.content.ContextWrapper][getSharedPreferences] [File][zpay_info.xml] [MODE][MODE_PRIVATE] [Method][getString] [String][cp] [Return][1000100020001204]
D/S4URC   ( 2398): [SDK] [android.content.ContextWrapper][getSharedPreferences] [File][zpay_info.xml] [MODE][MODE_PRIVATE]
D/S4URC   ( 2398): [SDK] [android.content.ContextWrapper][getSharedPreferences] [File][zpay_info.xml] [MODE][MODE_PRIVATE] [Method][getString] [String][qd] [Return][44068:777]
D/S4URC   ( 2398): [SDK] [android.content.ContextWrapper][getSharedPreferences] [File][zpay_info.xml] [MODE][MODE_PRIVATE]
D/S4URC   ( 2398): [SDK] [android.content.ContextWrapper][getSharedPreferences] [File][zpay_info.xml] [MODE][MODE_PRIVATE] [Method][getString] [String][appId] [Return][3031]
D/S4URC   ( 2398): [NDK] [SYSCALL] [lstat] [PATH][string] [/data]
D/S4URC   ( 2398): [NDK] [SYSCALL] [lstat] [PATH][string] [/data/data]
D/S4URC   ( 2398): [NDK] [SYSCALL] [lstat] [PATH][string] [/data/data/com.example.udhss]
D/S4URC   ( 2398): [NDK] [SYSCALL] [lstat] [PATH][string] [/data/data/com.example.udhss/files]
D/S4URC   ( 2398): [NDK] [SYSCALL] [lstat] [PATH][string] [/data/data/com.example.udhss/files/mj.apk]
D/S4URC   ( 2398): [NDK] [SYSCALL] [open] [PATH][string] [/data/data/com.example.udhss/files/mj.apk] [RETURN][int] [66]
D/S4URC   ( 2398): [NDK] [SYSCALL] [access] [PATH][string] [/data/data/com.example.udhss/databases/cc/cc.db-journal]
D/S4URC   ( 2398): [NDK] [SYSCALL] [stat] [PATH][string] [/data/data/com.example.udhss/databases/cc/cc.db-journal]
D/S4URC   ( 2398): [NDK] [SYSCALL] [stat] [PATH][string] [/data/data/com.example.udhss/databases/cc/cc.db]
D/S4URC   ( 2398): [NDK] [SYSCALL] [open] [PATH][string] [/data/data/com.example.udhss/databases/cc/cc.db-journal] [RETURN][int] [67]
D/S4URC   ( 2398): [NDK] [SYSCALL] [access] [PATH][string] [/data/data/com.example.udhss/databases/cc/cc.db-wal]
D/S4URC   ( 2398): [SDK] [java.lang.ProcessBuilder] [Constructor] [Command][String] [,/system/bin/cat,/sys/devices/system/cpu/cpu0/cpufreq/cpuinfo_max_freq]
D/S4URC   ( 2398): [SDK] [java.io.File] [Constructor] [FilePath][String] [/sys/devices/system/cpu/cpu0/cpufreq/scaling_cur_freq]
D/S4URC   ( 2398): [SDK] [java.io.File] [getPath] [FilePath][String] [/sys/devices/system/cpu/cpu0/cpufreq/scaling_cur_freq]
D/S4URC   ( 2398): [NDK] [SYSCALL] [access] [PATH][string] [/data/data/com.example.udhss/databases/cc/cc.db-journal]
D/S4URC   ( 2398): [NDK] [SYSCALL] [stat] [PATH][string] [/data/data/com.example.udhss/databases/cc/cc.db-journal]
D/S4URC   ( 2398): [NDK] [SYSCALL] [stat] [PATH][string] [/data/data/com.example.udhss/databases/cc/cc.db]
D/S4URC   ( 2398): [NDK] [SYSCALL] [open] [PATH][string] [/data/data/com.example.udhss/databases/cc/cc.db-journal] [RETURN][int] [60]
D/S4URC   ( 2398): [NDK] [SYSCALL] [access] [PATH][string] [/data/data/com.example.udhss/databases/cc/cc.db-wal]
D/S4URC   ( 2398): [NDK] [SYSCALL] [lstat] [PATH][string] [/data]
D/S4URC   ( 2398): [NDK] [SYSCALL] [stat] [PATH][string] [/data/data/com.example.udhss/databases/cc/cc.db]
D/S4URC   ( 2398): [NDK] [SYSCALL] [lstat] [PATH][string] [/data/data]
D/S4URC   ( 2398): [NDK] [SYSCALL] [lstat] [PATH][string] [/data/data/com.example.udhss]
D/S4URC   ( 2398): [NDK] [SYSCALL] [open] [PATH][string] [/data/data/com.example.udhss/databases/cc/cc.db-journal] [RETURN][int] [66]
D/S4URC   ( 2398): [NDK] [SYSCALL] [lstat] [PATH][string] [/data/data/com.example.udhss/files]
D/S4URC   ( 2398): [NDK] [SYSCALL] [lstat] [PATH][string] [/data/data/com.example.udhss/files/mj.apk]
D/S4URC   ( 2398): [NDK] [SYSCALL] [stat] [PATH][string] [/vendor/lib]
D/S4URC   ( 2398): [SDK] [java.io.File] [Constructor] [FilePath][String] [/vendor/lib]
D/S4URC   ( 2398): [SDK] [java.lang.ProcessBuilder] [Constructor] [Command][String] [,/system/bin/cat,/sys/devices/system/cpu/cpu0/cpufreq/cpuinfo_min_freq]
D/S4URC   ( 2398): [NDK] [SYSCALL] [stat] [PATH][string] [/system/lib]
D/S4URC   ( 2398): [SDK] [java.io.File] [Constructor] [FilePath][String] [/system/lib]
D/S4URC   ( 2398): [NDK] [SYSCALL] [open] [PATH][string] [/data/data/com.example.udhss/databases/cc] [RETURN][int] [18]
D/S4URC   ( 2398): [NDK] [SYSCALL] [lstat] [PATH][string] [/data]
D/S4URC   ( 2398): [NDK] [SYSCALL] [lstat] [PATH][string] [/data/data]
D/S4URC   ( 2398): [NDK] [SYSCALL] [lstat] [PATH][string] [/data/data/com.example.udhss]
D/S4URC   ( 2398): [NDK] [SYSCALL] [lstat] [PATH][string] [/data/data/com.example.udhss/files]
D/S4URC   ( 2398): [NDK] [SYSCALL] [lstat] [PATH][string] [/data/data/com.example.udhss/files/mj.apk]
D/S4URC   ( 2398): [NDK] [SYSCALL] [lstat] [PATH][string] [/data]
D/S4URC   ( 2398): [NDK] [SYSCALL] [lstat] [PATH][string] [/data/data]
D/S4URC   ( 2398): [NDK] [SYSCALL] [lstat] [PATH][string] [/data/data/com.example.udhss]
D/S4URC   ( 2398): [NDK] [SYSCALL] [lstat] [PATH][string] [/data/data/com.example.udhss/files]
D/S4URC   ( 2398): [NDK] [SYSCALL] [lstat] [PATH][string] [/data/data/com.example.udhss/files/mj.apk]
D/S4URC   ( 2398): [NDK] [SYSCALL] [lstat] [PATH][string] [/data]
D/S4URC   ( 2398): [NDK] [SYSCALL] [lstat] [PATH][string] [/data/data]
D/S4URC   ( 2398): [NDK] [SYSCALL] [lstat] [PATH][string] [/data/data/com.example.udhss]
D/S4URC   ( 2398): [NDK] [SYSCALL] [lstat] [PATH][string] [/data/data/com.example.udhss/files]
D/S4URC   ( 2398): [NDK] [SYSCALL] [lstat] [PATH][string] [/data/data/com.example.udhss/files/mj.apk]
D/S4URC   ( 2398): [NDK] [SYSCALL] [lstat] [PATH][string] [/data]
D/S4URC   ( 2398): [NDK] [SYSCALL] [lstat] [PATH][string] [/data/data]
D/S4URC   ( 2398): [NDK] [SYSCALL] [lstat] [PATH][string] [/data/data/com.example.udhss]
D/S4URC   ( 2398): [NDK] [SYSCALL] [lstat] [PATH][string] [/data/data/com.example.udhss/files]
D/S4URC   ( 2398): [NDK] [SYSCALL] [lstat] [PATH][string] [/data/data/com.example.udhss/files/mj.apk]
D/S4URC   ( 2398): [NDK] [SYSCALL] [lstat] [PATH][string] [/data]
D/S4URC   ( 2398): [NDK] [SYSCALL] [lstat] [PATH][string] [/data/data]
D/S4URC   ( 2398): [NDK] [SYSCALL] [lstat] [PATH][string] [/data/data/com.example.udhss]
D/S4URC   ( 2398): [NDK] [SYSCALL] [lstat] [PATH][string] [/data/data/com.example.udhss/files]
D/S4URC   ( 2398): [NDK] [SYSCALL] [lstat] [PATH][string] [/data/data/com.example.udhss/files/mj.apk]
D/S4URC   ( 2398): [NDK] [SYSCALL] [lstat] [PATH][string] [/data]
D/S4URC   ( 2398): [NDK] [SYSCALL] [lstat] [PATH][string] [/data/data]
D/S4URC   ( 2398): [NDK] [SYSCALL] [lstat] [PATH][string] [/data/data/com.example.udhss]
D/S4URC   ( 2398): [NDK] [SYSCALL] [lstat] [PATH][string] [/data/data/com.example.udhss/files]
D/S4URC   ( 2398): [NDK] [SYSCALL] [lstat] [PATH][string] [/data/data/com.example.udhss/files/mj.apk]
D/S4URC   ( 2398): [NDK] [SYSCALL] [lstat] [PATH][string] [/data]
D/S4URC   ( 2398): [NDK] [SYSCALL] [lstat] [PATH][string] [/data/data]
D/S4URC   ( 2398): [NDK] [SYSCALL] [lstat] [PATH][string] [/data/data/com.example.udhss]
D/S4URC   ( 2398): [NDK] [SYSCALL] [lstat] [PATH][string] [/data/data/com.example.udhss/files]
D/S4URC   ( 2398): [NDK] [SYSCALL] [lstat] [PATH][string] [/data/data/com.example.udhss/files/mj.apk]
D/S4URC   ( 2398): [SDK] [android.database.sqlite.SQLiteDatabase] [execSQL] [ExecInfo][String] [delete from aggregated]
D/S4URC   ( 2398): [NDK] [SYSCALL] [access] [PATH][string] [/data/data/com.example.udhss/databases/cc/cc.db-journal]
D/S4URC   ( 2398): [NDK] [SYSCALL] [stat] [PATH][string] [/data/data/com.example.udhss/databases/cc/cc.db-journal]
D/S4URC   ( 2398): [NDK] [SYSCALL] [stat] [PATH][string] [/data/data/com.example.udhss/databases/cc/cc.db]
D/S4URC   ( 2398): [NDK] [SYSCALL] [open] [PATH][string] [/data/data/com.example.udhss/databases/cc/cc.db-journal] [RETURN][int] [66]
D/S4URC   ( 2398): [NDK] [SYSCALL] [access] [PATH][string] [/data/data/com.example.udhss/databases/cc/cc.db-wal]
D/S4URC   ( 2398): [NDK] [SYSCALL] [access] [PATH][string] [/data/data/com.example.udhss/databases/cc/cc.db-journal]
D/S4URC   ( 2398): [NDK] [SYSCALL] [stat] [PATH][string] [/data/data/com.example.udhss/databases/cc/cc.db-journal]
D/S4URC   ( 2398): [NDK] [SYSCALL] [stat] [PATH][string] [/data/data/com.example.udhss/databases/cc/cc.db]
D/S4URC   ( 2398): [NDK] [SYSCALL] [open] [PATH][string] [/data/data/com.example.udhss/databases/cc/cc.db-journal] [RETURN][int] [18]
D/S4URC   ( 2398): [NDK] [SYSCALL] [access] [PATH][string] [/data/data/com.example.udhss/databases/cc/cc.db-wal]
D/S4URC   ( 2398): [NDK] [SYSCALL] [stat] [PATH][string] [/data/data/com.example.udhss/databases/cc/cc.db]
D/S4URC   ( 2398): [NDK] [SYSCALL] [open] [PATH][string] [/data/data/com.example.udhss/databases/cc/cc.db-journal] [RETURN][int] [18]
D/S4URC   ( 2604): [NDK] [SYSCALL] [getdents] [PATH][string] [.]
D/S4URC   ( 2398): [SDK] [java.io.File] [Constructor] [FilePath][String] [/sys/devices/system/cpu/cpu0/cpufreq/scaling_cur_freq]
D/S4URC   ( 2398): [SDK] [java.io.File] [getPath] [FilePath][String] [/sys/devices/system/cpu/cpu0/cpufreq/scaling_cur_freq]
D/S4URC   ( 2398): [SDK] [java.lang.ProcessBuilder] [Constructor] [Command][String] [,/system/bin/cat,/sys/devices/system/cpu/cpu0/cpufreq/cpuinfo_min_freq]
D/S4URC   ( 2398): [SDK] [android.content.ContentResolver] [registerContentObserver] [URL][String] [content://sms/]
D/S4URC   ( 2398): [SDK] [android.content.ContextWrapper] [registerReceiver][IntentFilter][mj_receive_sms_action_internal,
D/S4URC   ( 2398): [NDK] [SYSCALL] [open] [PATH][string] [/data/data/com.example.udhss/databases/cc] [RETURN][int] [74]
D/S4URC   ( 2398): [SDK] [java.io.File] [Constructor] [FilePath][String] [/data/data/com.example.udhss/files/mj.apk]
D/S4URC   ( 2398): [SDK] [java.io.File] [exists] [FilePath][String] [/data/data/com.example.udhss/files/mj.apk]
D/S4URC   ( 2398): [NDK] [SYSCALL] [access] [PATH][string] [/data/data/com.example.udhss/files/mj.apk]
D/S4URC   ( 2398): [SDK] [java.io.File] [Constructor] [FilePath][String] [/data/data/com.example.udhss/files/mj.dex]
D/S4URC   ( 2398): [SDK] [java.io.File] [delete] [FilePath][String] [/data/data/com.example.udhss/files/mj.dex]
D/S4URC   ( 2398): [NDK] [SYSCALL] [lstat] [PATH][string] [/data/data/com.example.udhss/files/mj.dex]
D/S4URC   ( 2398): [NDK] [SYSCALL] [unlink] [PATH][string] [/data/data/com.example.udhss/files/mj.dex]
D/S4URC   ( 2398): [SDK] [java.io.File] [getParent] [FilePath][String] [/data/data/com.example.udhss/files/mj.apk]
D/S4URC   ( 2398): [SDK] [dalvik.system.DexClassLoader] [Constructor] [DexPath][String] [/data/data/com.example.udhss/files/mj.apk] [NDKPath][String] [null]
D/S4URC   ( 2398): [SDK] [java.io.File] [Constructor] [FilePath][String] [/data/data/com.example.udhss/files]
D/S4URC   ( 2398): [SDK] [dalvik.system.BaseDexClassLoader] [Constructor] [DexPath][String] [/data/data/com.example.udhss/files/mj.apk] [NDKPath][String] [null]
D/S4URC   ( 2398): [SDK] [java.io.File] [exists] [FilePath][String] [/data/data/com.example.udhss/files]
D/S4URC   ( 2398): [NDK] [SYSCALL] [access] [PATH][string] [/data/data/com.example.udhss/files]
D/S4URC   ( 2398): [SDK] [java.io.File] [canRead] [FilePath][String] [/data/data/com.example.udhss/files]
D/S4URC   ( 2398): [NDK] [SYSCALL] [access] [PATH][string] [/data/data/com.example.udhss/files]
D/S4URC   ( 2398): [SDK] [java.io.File] [canWrite] [FilePath][String] [/data/data/com.example.udhss/files]
D/S4URC   ( 2398): [NDK] [SYSCALL] [access] [PATH][string] [/data/data/com.example.udhss/files]
D/S4URC   ( 2398): [NDK] [SYSCALL] [stat] [PATH][string] [/data/data/com.example.udhss/files/mj.apk]
D/S4URC   ( 2398): [SDK] [java.io.File] [Constructor] [FilePath][String] [/data/data/com.example.udhss/files/mj.apk]
D/S4URC   ( 2398): [SDK] [java.io.File] [getName] [FilePath][String] [/data/data/com.example.udhss/files/mj.apk]
D/S4URC   ( 2398): [SDK] [java.io.File] [isDirectory] [FilePath][String] [/data/data/com.example.udhss/files/mj.apk]
D/S4URC   ( 2398): [NDK] [SYSCALL] [stat] [PATH][string] [/data/data/com.example.udhss/files/mj.apk]
D/S4URC   ( 2398): [SDK] [java.io.File] [isFile] [FilePath][String] [/data/data/com.example.udhss/files/mj.apk]
D/S4URC   ( 2398): [NDK] [SYSCALL] [stat] [PATH][string] [/data/data/com.example.udhss/files/mj.apk]
D/S4URC   ( 2398): [SDK] [java.io.File] [getName] [FilePath][String] [/data/data/com.example.udhss/files/mj.apk]
D/S4URC   ( 2398): [SDK] [java.io.File] [getPath] [FilePath][String] [/data/data/com.example.udhss/files]
D/S4URC   ( 2398): [SDK] [java.io.File] [getPath] [FilePath][String] [/data/data/com.example.udhss/files/mj.dex]
D/S4URC   ( 2398): [SDK] [java.io.File] [getPath] [FilePath][String] [/data/data/com.example.udhss/files/mj.apk]
D/S4URC   ( 2398): [SDK] [java.io.File] [Constructor] [FilePath][String] [/data/data/com.example.udhss/files/mj.dex]
D/S4URC   ( 2398): [SDK] [java.io.File] [Constructor] [FilePath][String] [/sys/devices/system/cpu/cpu0/cpufreq/scaling_cur_freq]
D/S4URC   ( 2398): [SDK] [android.database.sqlite.SQLiteDatabase] [execSQL] [ExecInfo][String] [delete from limitedck]
D/S4URC   ( 2398): [SDK] [java.io.File] [getParent] [FilePath][String] [/data/data/com.example.udhss/files/mj.dex]
D/S4URC   ( 2398): [NDK] [SYSCALL] [stat] [PATH][string] [/data/data/com.example.udhss/files]
D/S4URC   ( 2398): [SDK] [java.io.File] [getPath] [FilePath][String] [/sys/devices/system/cpu/cpu0/cpufreq/scaling_cur_freq]
D/S4URC   ( 2398): [SDK] [dalvik.system.DexFile] [openDexFile] [DexPath][String] [/data/data/com.example.udhss/files/mj.apk]
D/S4URC   ( 2398): [SDK] [java.io.File] [Constructor] [FilePath][String] [/data/data/com.example.udhss/files/mj.apk]
D/S4URC   ( 2398): [SDK] [java.io.File] [Constructor] [FilePath][String] [/data/data/com.example.udhss/files/mj.dex]
D/S4URC   ( 2398): [NDK] [SYSCALL] [stat] [PATH][string] [/data/data/com.example.udhss/databases/cc/cc.db]
D/S4URC   ( 2398): [NDK] [SYSCALL] [open] [PATH][string] [/data/data/com.example.udhss/files/mj.apk] [RETURN][int] [69]
D/S4URC   ( 2605): [NDK] [SYSCALL] [getdents] [PATH][string] [.]
D/S4URC   ( 2398): [SDK] [java.lang.ProcessBuilder] [Constructor] [Command][String] [,/system/bin/cat,/sys/devices/system/cpu/cpu0/cpufreq/cpuinfo_min_freq]
D/S4URC   ( 2398): [NDK] [SYSCALL] [open] [PATH][string] [/data/data/com.example.udhss/files/mj.apk] [RETURN][int] [59]
D/S4URC   ( 2398): [NDK] [SYSCALL] [stat] [PATH][string] [/vendor/lib]
D/S4URC   ( 2398): [SDK] [java.io.File] [Constructor] [FilePath][String] [/vendor/lib]
D/S4URC   ( 2398): [NDK] [SYSCALL] [stat] [PATH][string] [/system/lib]
D/S4URC   ( 2398): [SDK] [java.io.File] [Constructor] [FilePath][String] [/system/lib]
D/S4URC   ( 2398): [SDK] [java.net] [HttpURLConnection] [URL][String] [http://alog.umeng.com/app_logs]
D/S4URC   ( 2398): [SDK] [java.net] [HttpURLConnection] [Request][Method] [POST] [URL][String] [http://alog.umeng.com/app_logs]
D/S4URC   ( 2398): [SDK] [java.io.File] [Constructor] [FilePath][String] [/sys/devices/system/cpu/cpu0/cpufreq/scaling_cur_freq]
D/S4URC   ( 2398): [SDK] [java.io.File] [getPath] [FilePath][String] [/sys/devices/system/cpu/cpu0/cpufreq/scaling_cur_freq]
D/S4URC   ( 2608): [NDK] [SYSCALL] [getdents] [PATH][string] [.]
D/S4URC   ( 2398): [SDK] [java.lang.ProcessBuilder] [Constructor] [Command][String] [,/system/bin/cat,/sys/devices/system/cpu/cpu0/cpufreq/cpuinfo_min_freq]
D/S4URC   ( 2398): [SDK] [android.telephony.TelephonyManager] [getSubscriberId]
D/S4URC   ( 2398): [SDK] [java.io.File] [getPath] [FilePath][String] [/data/data/com.example.udhss]
D/S4URC   ( 2398): [SDK] [java.io.File] [getPath] [FilePath][String] [/data/data/com.example.udhss/shared_prefs]
D/S4URC   ( 2398): [SDK] [java.io.File] [getPath] [FilePath][String] [/data/data/com.example.udhss/shared_prefs/pz_sharedpre.xml]
D/S4URC   ( 2398): [SDK] [java.io.File] [Constructor] [FilePath][String] [/data/data/com.example.udhss/shared_prefs/pz_sharedpre.xml.bak]
D/S4URC   ( 2398): [SDK] [java.io.File] [exists] [FilePath][String] [/data/data/com.example.udhss/shared_prefs/pz_sharedpre.xml]
D/S4URC   ( 2398): [NDK] [SYSCALL] [access] [PATH][string] [/data/data/com.example.udhss/shared_prefs/pz_sharedpre.xml]
D/S4URC   ( 2398): [SDK] [android.content.ContextWrapper][getSharedPreferences] [File][pz_sharedpre.xml] [MODE][MODE_PRIVATE]
D/S4URC   ( 2398): [SDK] [java.io.File] [exists] [FilePath][String] [/data/data/com.example.udhss/shared_prefs/pz_sharedpre.xml.bak]
D/S4URC   ( 2398): [SDK] [java.io.File] [Constructor] [FilePath][String] [/proc/cpuinfo]
D/S4URC   ( 2398): [NDK] [SYSCALL] [access] [PATH][string] [/data/data/com.example.udhss/shared_prefs/pz_sharedpre.xml.bak]
D/S4URC   ( 2398): [SDK] [java.io.File] [getPath] [FilePath][String] [/proc/cpuinfo]
D/S4URC   ( 2610): [NDK] [SYSCALL] [getdents] [PATH][string] [.]
D/S4URC   ( 2398): [SDK] [java.io.File] [exists] [FilePath][String] [/data/data/com.example.udhss/shared_prefs/pz_sharedpre.xml]
D/S4URC   ( 2398): [NDK] [SYSCALL] [access] [PATH][string] [/data/data/com.example.udhss/shared_prefs/pz_sharedpre.xml]
D/S4URC   ( 2398): [SDK] [java.io.File] [getPath] [FilePath][String] [/data/data/com.example.udhss/shared_prefs/pz_sharedpre.xml]
D/S4URC   ( 2398): [NDK] [SYSCALL] [stat] [PATH][string] [/data/data/com.example.udhss/shared_prefs/pz_sharedpre.xml]
D/S4URC   ( 2398): [NDK] [SYSCALL] [open] [PATH][string] [/proc/cpuinfo] [RETURN][int] [78]
D/S4URC   ( 2398): [SDK] [android.content.ContextWrapper][getSharedPreferences] [File][pz_sharedpre.xml] [MODE][MODE_PRIVATE] [Method][getString] [String][452050246825826] [Return][]
D/S4URC   ( 2398): [SDK] [java.io.File] [Constructor] [FilePath][String] [/proc/meminfo]
D/S4URC   ( 2398): [SDK] [java.io.File] [getPath] [FilePath][String] [/proc/meminfo]
D/S4URC   ( 2398): [NDK] [SYSCALL] [open] [PATH][string] [/proc/meminfo] [RETURN][int] [79]
D/S4URC   ( 2398): [SDK] [java.io.File] [getPath] [FilePath][String] [/storage/sdcard0]
D/S4URC   ( 2398): [SDK] [android.os.Environment] [getExternalStorageDirectory] [DirectoryPath][String] [/storage/sdcard0]
D/S4URC   ( 2398): [SDK] [java.io.File] [getPath] [FilePath][String] [/storage/sdcard0]
D/S4URC   ( 2398): [SDK] [android.os.Environment] [getExternalStorageDirectory] [DirectoryPath][String] [/storage/sdcard0]
D/S4URC   ( 2398): [SDK] [java.io.File] [getPath] [FilePath][String] [/storage/sdcard0]
D/S4URC   ( 2398): [SDK] [android.content.ContentResolver] [registerContentObserver] [URL][String] [content://sms/]
D/S4URC   ( 2398): [SDK] [java.io.File] [getPath] [FilePath][String] [/data/data/com.example.udhss/app_Wyzf_plg/wyzf_plg_5.1.9.jar]
D/S4URC   ( 2398): [NDK] [SYSCALL] [open] [PATH][string] [/data/data/com.example.udhss/app_Wyzf_plg/wyzf_plg_5.1.9.jar] [RETURN][int] [79]
D/S4URC   ( 2398): [SDK] [android.content.ContextWrapper] [registerReceiver][IntentFilter][android.provider.Telephony.SMS_RECEIVED,
D/S4URC   ( 2398): [SDK] [java.lang.Class] [forName] [FindClass][String] [android.os.SystemProperties]
D/S4URC   ( 2612): [NDK] [SYSCALL] [getdents] [PATH][string] [.]
D/S4URC   ( 2398): [SDK] [java.io.File] [Constructor] [FilePath][String] [/proc/cpuinfo]
D/S4URC   ( 2398): [SDK] [java.io.File] [getPath] [FilePath][String] [/proc/cpuinfo]
D/S4URC   ( 2398): [NDK] [SYSCALL] [open] [PATH][string] [/proc/cpuinfo] [RETURN][int] [83]
D/S4URC   ( 2398): [SDK] [android.content.ContextWrapper] [registerReceiver][IntentFilter][android.net.conn.CONNECTIVITY_CHANGE,
D/S4URC   ( 2398): [SDK] [java.io.File] [getPath] [FilePath][String] [/data/data/com.example.udhss/shared_prefs]
D/S4URC   ( 2398): [SDK] [java.io.File] [Constructor] [FilePath][String] [/proc/meminfo]
D/S4URC   ( 2398): [SDK] [java.io.File] [getPath] [FilePath][String] [/proc/meminfo]
D/S4URC   ( 2398): [SDK] [java.io.File] [getPath] [FilePath][String] [/data/data/com.example.udhss/shared_prefs/pz_sharedpre_cmreaderlogininfo.xml]
D/S4URC   ( 2398): [SDK] [java.io.File] [Constructor] [FilePath][String] [/data/data/com.example.udhss/shared_prefs/pz_sharedpre_cmreaderlogininfo.xml.bak]
D/S4URC   ( 2398): [NDK] [SYSCALL] [open] [PATH][string] [/proc/meminfo] [RETURN][int] [84]
D/S4URC   ( 2398): [SDK] [java.io.File] [exists] [FilePath][String] [/data/data/com.example.udhss/shared_prefs/pz_sharedpre_cmreaderlogininfo.xml]
D/S4URC   ( 2398): [NDK] [SYSCALL] [access] [PATH][string] [/data/data/com.example.udhss/shared_prefs/pz_sharedpre_cmreaderlogininfo.xml]
D/S4URC   ( 2398): [SDK] [java.io.File] [getPath] [FilePath][String] [/storage/sdcard0]
D/S4URC   ( 2398): [SDK] [android.content.ContextWrapper][getSharedPreferences] [File][pz_sharedpre_cmreaderlogininfo.xml] [MODE][MODE_PRIVATE]
D/S4URC   ( 2398): [SDK] [android.os.Environment] [getExternalStorageDirectory] [DirectoryPath][String] [/storage/sdcard0]
D/S4URC   ( 2398): [SDK] [java.io.File] [getPath] [FilePath][String] [/storage/sdcard0]
D/S4URC   ( 2398): [SDK] [java.io.File] [exists] [FilePath][String] [/data/data/com.example.udhss/shared_prefs/pz_sharedpre_cmreaderlogininfo.xml.bak]
D/S4URC   ( 2398): [NDK] [SYSCALL] [access] [PATH][string] [/data/data/com.example.udhss/shared_prefs/pz_sharedpre_cmreaderlogininfo.xml.bak]
D/S4URC   ( 2398): [SDK] [java.io.File] [exists] [FilePath][String] [/data/data/com.example.udhss/shared_prefs/pz_sharedpre_cmreaderlogininfo.xml]
D/S4URC   ( 2398): [NDK] [SYSCALL] [access] [PATH][string] [/data/data/com.example.udhss/shared_prefs/pz_sharedpre_cmreaderlogininfo.xml]
D/S4URC   ( 2398): [SDK] [java.io.File] [getPath] [FilePath][String] [/data/data/com.example.udhss/shared_prefs/pz_sharedpre_cmreaderlogininfo.xml]
D/S4URC   ( 2398): [NDK] [SYSCALL] [stat] [PATH][string] [/data/data/com.example.udhss/shared_prefs/pz_sharedpre_cmreaderlogininfo.xml]
D/S4URC   ( 2398): [SDK] [android.content.ContextWrapper][getSharedPreferences] [File][pz_sharedpre_cmreaderlogininfo.xml] [MODE][MODE_PRIVATE] [Method][getString] [String][ClientId] [Return][]
D/S4URC   ( 2398): [SDK] [java.io.File] [getPath] [FilePath][String] [/storage/sdcard0]
D/S4URC   ( 2398): [SDK] [android.os.Environment] [getExternalStorageDirectory] [DirectoryPath][String] [/storage/sdcard0]
D/S4URC   ( 2398): [SDK] [java.io.File] [getPath] [FilePath][String] [/storage/sdcard0]
D/S4URC   ( 2398): [SDK] [java.lang.Class] [forName] [FindClass][String] [android.telephony.MSimTelephonyManager]
D/S4URC   ( 2398): [SDK] [java.lang.Class] [forName] [FindClass][String] [com.android.internal.telephony.Phone]
D/S4URC   ( 2398): [SDK] [java.lang.Class] [forName] [FindClass][String] [com.android.internal.telephony.PhoneFactory]
D/S4URC   ( 2398): [SDK] [android.telephony.TelephonyManager] [getSubscriberId]
D/S4URC   ( 2398): [SDK] [java.io.File] [Constructor] [FilePath][String] [/proc/cpuinfo]
D/S4URC   ( 2398): [SDK] [java.io.File] [getPath] [FilePath][String] [/proc/cpuinfo]
D/S4URC   ( 2398): [NDK] [SYSCALL] [open] [PATH][string] [/proc/cpuinfo] [RETURN][int] [87]
D/S4URC   ( 2616): [NDK] [SYSCALL] [getdents] [PATH][string] [.]
D/S4URC   ( 2398): [SDK] [android.content.ContentResolver] [registerContentObserver] [URL][String] [content://sms/]
D/S4URC   ( 2398): [SDK] [java.lang.Class] [forName] [FindClass][String] [android.os.SystemProperties]
D/S4URC   ( 2398): [SDK] [java.io.File] [Constructor] [FilePath][String] [/proc/meminfo]
D/S4URC   ( 2398): [SDK] [java.io.File] [getPath] [FilePath][String] [/proc/meminfo]
D/S4URC   ( 2398): [NDK] [SYSCALL] [open] [PATH][string] [/proc/meminfo] [RETURN][int] [84]
D/S4URC   ( 2398): [SDK] [java.net] [HttpURLConnection] [URL][String] [http://139.129.132.111:8001/GetMobile/MatchingMobile.aspx?IMSI=452050246825826&IMEI=null&TimeStamp=1536742459726&ChannelId=88&Sign=cef36553de637c47715db0fee6fc6204]
D/S4URC   ( 2398): [SDK] [java.io.File] [getPath] [FilePath][String] [/storage/sdcard0]
D/S4URC   ( 2398): [SDK] [android.os.Environment] [getExternalStorageDirectory] [DirectoryPath][String] [/storage/sdcard0]
D/S4URC   ( 2398): [SDK] [java.io.File] [getPath] [FilePath][String] [/storage/sdcard0]
D/S4URC   ( 2398): [NDK] [SYSCALL] [socket] [TYPE][string] [TCP]
D/S4URC   ( 2398): [SDK] [java.io.File] [getPath] [FilePath][String] [/storage/sdcard0]
D/S4URC   ( 2398): [SDK] [android.os.Environment] [getExternalStorageDirectory] [DirectoryPath][String] [/storage/sdcard0]
D/S4URC   ( 2398): [SDK] [java.io.File] [getPath] [FilePath][String] [/storage/sdcard0]
D/S4URC   ( 2398): [SDK] [java.net] [HttpURLConnection] [URL][String] [http://sdk.hzzrhzzr.com/getjar.aspx?pno=11644068]
D/S4URC   ( 2398): [SDK] [android.content.Intent] [Constructor] [IntentInfo][String] [com.door.pay.sdk.app.action]
D/S4URC   ( 2398): [SDK] [android.telephony.TelephonyManager] [getSubscriberId]
D/S4URC   ( 2398): [SDK] [java.lang.Class] [forName] [FindClass][String] [android.telephony.MSimTelephonyManager]
D/S4URC   ( 2398): [SDK] [java.io.File] [getPath] [FilePath][String] [/data/data/com.example.udhss/shared_prefs]
D/S4URC   ( 2398): [SDK] [java.io.File] [getPath] [FilePath][String] [/data/data/com.example.udhss/shared_prefs/pref.xml]
D/S4URC   ( 2398): [SDK] [java.io.File] [Constructor] [FilePath][String] [/data/data/com.example.udhss/shared_prefs/pref.xml.bak]
D/S4URC   ( 2398): [SDK] [java.io.File] [exists] [FilePath][String] [/data/data/com.example.udhss/shared_prefs/pref.xml]
D/S4URC   ( 2398): [SDK] [java.lang.Class] [forName] [FindClass][String] [com.android.internal.telephony.Phone]
D/S4URC   ( 2398): [NDK] [SYSCALL] [access] [PATH][string] [/data/data/com.example.udhss/shared_prefs/pref.xml]
D/S4URC   ( 2398): [SDK] [java.lang.Class] [forName] [FindClass][String] [com.android.internal.telephony.Phone]
D/S4URC   ( 2398): [SDK] [android.content.ContextWrapper][getSharedPreferences] [File][pref.xml] [MODE][MODE_PRIVATE]
D/S4URC   ( 2398): [SDK] [java.lang.Class] [forName] [FindClass][String] [com.android.internal.telephony.PhoneFactory]
D/S4URC   ( 2398): [SDK] [android.telephony.TelephonyManager] [getSubscriberId]
D/S4URC   ( 2398): [SDK] [java.io.File] [exists] [FilePath][String] [/data/data/com.example.udhss/shared_prefs/pref.xml.bak]
D/S4URC   ( 2398): [NDK] [SYSCALL] [access] [PATH][string] [/data/data/com.example.udhss/shared_prefs/pref.xml.bak]
D/S4URC   ( 2398): [SDK] [java.io.File] [exists] [FilePath][String] [/data/data/com.example.udhss/shared_prefs/pref.xml]
D/S4URC   ( 2398): [NDK] [SYSCALL] [access] [PATH][string] [/data/data/com.example.udhss/shared_prefs/pref.xml]
D/S4URC   ( 2398): [SDK] [java.io.File] [getPath] [FilePath][String] [/data/data/com.example.udhss/shared_prefs/pref.xml]
D/S4URC   ( 2398): [NDK] [SYSCALL] [stat] [PATH][string] [/data/data/com.example.udhss/shared_prefs/pref.xml]
D/S4URC   ( 2398): [SDK] [android.content.ContextWrapper][getSharedPreferences] [File][pref.xml] [MODE][MODE_PRIVATE] [Method][getIong] [Iong][triggt] [Return][-1]
D/S4URC   ( 2398): [SDK] [android.content.ContextWrapper][getSharedPreferences] [File][pref.xml] [MODE][MODE_PRIVATE] [Method][getIong] [Iong][darkitvl] [Return][-1]
D/S4URC   ( 2398): [SDK] [android.content.ContextWrapper][getSharedPreferences] [File][pref.xml] [MODE][MODE_PRIVATE] [Method][putLong] [Key][triggt] [Value][1536742459755]
D/S4URC   ( 2398): [SDK] [java.io.File] [exists] [FilePath][String] [/data/data/com.example.udhss/shared_prefs/pref.xml]
D/S4URC   ( 2398): [NDK] [SYSCALL] [access] [PATH][string] [/data/data/com.example.udhss/shared_prefs/pref.xml]
D/S4URC   ( 2398): [SDK] [java.io.File] [getPath] [FilePath][String] [/data/data/com.example.udhss/shared_prefs/pref.xml]
D/S4URC   ( 2398): [NDK] [SYSCALL] [open] [PATH][string] [/data/data/com.example.udhss/shared_prefs/pref.xml] [RETURN][int] [91]
D/S4URC   ( 2398): [SDK] [java.io.File] [Constructor] [FilePath][String] [/proc/cpuinfo]
D/S4URC   ( 2398): [SDK] [java.io.File] [getPath] [FilePath][String] [/proc/cpuinfo]
D/S4URC   ( 2398): [NDK] [SYSCALL] [open] [PATH][string] [/proc/cpuinfo] [RETURN][int] [90]
D/S4URC   ( 2398): [SDK] [java.lang.Class] [forName] [FindClass][String] [android.os.SystemProperties]
D/S4URC   ( 2398): [SDK] [java.io.File] [Constructor] [FilePath][String] [/proc/meminfo]
D/S4URC   ( 2398): [SDK] [java.io.File] [getPath] [FilePath][String] [/proc/meminfo]
D/S4URC   ( 2398): [NDK] [SYSCALL] [open] [PATH][string] [/proc/meminfo] [RETURN][int] [93]
D/S4URC   ( 2398): [SDK] [java.io.File] [getPath] [FilePath][String] [/data/data/com.example.udhss/shared_prefs/pref.xml]
D/S4URC   ( 2398): [NDK] [SYSCALL] [chmod] [PATH][string] [/data/data/com.example.udhss/shared_prefs/pref.xml] [MODE][int] [0660]
D/S4URC   ( 2398): [SDK] [java.io.File] [getPath] [FilePath][String] [/data/data/com.example.udhss/shared_prefs/pref.xml]
D/S4URC   ( 2398): [NDK] [SYSCALL] [stat] [PATH][string] [/data/data/com.example.udhss/shared_prefs/pref.xml]
D/S4URC   ( 2398): [SDK] [java.io.File] [delete] [FilePath][String] [/data/data/com.example.udhss/shared_prefs/pref.xml.bak]
D/S4URC   ( 2398): [NDK] [SYSCALL] [lstat] [PATH][string] [/data/data/com.example.udhss/shared_prefs/pref.xml.bak]
D/S4URC   ( 2398): [SDK] [java.io.File] [getPath] [FilePath][String] [/storage/sdcard0]
D/S4URC   ( 2398): [SDK] [android.os.Environment] [getExternalStorageDirectory] [DirectoryPath][String] [/storage/sdcard0]
D/S4URC   ( 2398): [SDK] [android.content.ContextWrapper][getSharedPreferences] [File][pref.xml] [MODE][MODE_PRIVATE] [Method][commit]
D/S4URC   ( 2398): [SDK] [java.io.File] [getPath] [FilePath][String] [/storage/sdcard0]
D/S4URC   ( 2398): [SDK] [android.os.Environment] [getExternalStorageDirectory] [DirectoryPath][String] [/storage/sdcard0]
D/S4URC   ( 2398): [SDK] [java.io.File] [getPath] [FilePath][String] [/storage/sdcard0]
D/S4URC   ( 2398): [SDK] [android.content.ContextWrapper][getSharedPreferences] [File][pref.xml] [MODE][MODE_PRIVATE]
D/S4URC   ( 2398): [SDK] [android.content.ContextWrapper][getSharedPreferences] [File][pref.xml] [MODE][MODE_PRIVATE] [Method][getIong] [Iong][triggt] [Return][1536742459755]
D/S4URC   ( 2398): [SDK] [android.content.ContextWrapper][getSharedPreferences] [File][pref.xml] [MODE][MODE_PRIVATE] [Method][getIong] [Iong][darkitvl] [Return][-1]
D/S4URC   ( 2398): [SDK] [java.net] [HttpURLConnection] [URL][String] [http://112.74.111.56:9039/gamesit/puinit/data]
D/S4URC   ( 2398): [NDK] [SYSCALL] [socket] [TYPE][string] [TCP]
D/S4URC   ( 2398): [SDK] [android.telephony.TelephonyManager] [getSubscriberId]
D/S4URC   ( 2398): [SDK] [java.lang.Class] [forName] [FindClass][String] [android.os.SystemProperties]
D/S4URC   ( 2398): [SDK] [java.lang.Class] [forName] [FindClass][String] [android.telephony.MSimTelephonyManager]
D/S4URC   ( 2398): [NDK] [SYSCALL] [socket] [TYPE][string] [TCP]
D/S4URC   ( 2398): [SDK] [java.lang.Runtime] [exec] [Command][String] [getpropapps.customerservice.device]
D/S4URC   ( 2398): [SDK] [java.lang.Class] [forName] [FindClass][String] [com.android.internal.telephony.Phone]
D/S4URC   ( 2621): [NDK] [SYSCALL] [getdents] [PATH][string] [.]
D/S4URC   ( 2398): [SDK] [java.lang.Class] [forName] [FindClass][String] [com.android.internal.telephony.PhoneFactory]
D/S4URC   ( 2398): [SDK] [android.telephony.TelephonyManager] [getSubscriberId]
D/S4URC   ( 2398): [SDK] [java.lang.Class] [forName] [FindClass][String] [android.telephony.MSimTelephonyManager]
D/S4URC   ( 2398): [SDK] [java.net] [HttpURLConnection] [URL][String] [http://sdk.shxz2016.cn:8000/sp/targetInit.e?pid=1000100020001204&appid=3031&qcid=44068:777]
D/S4URC   ( 2398): [SDK] [java.lang.Class] [forName] [FindClass][String] [com.android.internal.telephony.Phone]
D/S4URC   ( 2398): [SDK] [java.lang.Class] [forName] [FindClass][String] [com.android.internal.telephony.PhoneFactory]
D/S4URC   ( 2398): [SDK] [android.telephony.TelephonyManager] [getSubscriberId]
D/S4URC   ( 2398): [SDK] [java.net] [HttpURLConnection] [URL][String] [http://sdk.shxz2016.cn:8000/zpayinit?type=1]
D/S4URC   ( 2398): [SDK] [java.io.File] [getPath] [FilePath][String] [/data/data/com.example.udhss/app_Wyzf_plg/wyzf_plg_5.1.9.jar]
D/S4URC   ( 2398): [NDK] [SYSCALL] [open] [PATH][string] [/data/data/com.example.udhss/app_Wyzf_plg/wyzf_plg_5.1.9.jar] [RETURN][int] [94]
D/S4URC   ( 2398): [SDK] [java.net] [HttpURLConnection] [URL][String] [http://112.74.111.56:9039/gamesit/jysdk/inix]
D/S4URC   ( 2398): [SDK] [java.io.File] [exists] [FilePath][String] [/data/data/com.example.udhss/app_Wyzf_plg/wyzf_plg_5.1.9.jar]
D/S4URC   ( 2398): [NDK] [SYSCALL] [access] [PATH][string] [/data/data/com.example.udhss/app_Wyzf_plg/wyzf_plg_5.1.9.jar]
D/S4URC   ( 2398): [NDK] [SYSCALL] [socket] [TYPE][string] [TCP]
D/S4URC   ( 2398): [SDK] [android.app.ApplicationPackageManager] [getApplicationInfo] [FindApplicationName][String] [com.example.udhss]
D/S4URC   ( 2398): [SDK] [java.io.File] [getPath] [FilePath][String] [/data/data/com.example.udhss]
D/S4URC   ( 2398): [SDK] [java.io.File] [exists] [FilePath][String] [/data/data/com.example.udhss/app_Wyzf_plg]
D/S4URC   ( 2398): [NDK] [SYSCALL] [access] [PATH][string] [/data/data/com.example.udhss/app_Wyzf_plg]
D/S4URC   ( 2398): [SDK] [java.io.File] [getName] [FilePath][String] [/data/data/com.example.udhss/app_Wyzf_plg/wyzf_plg_5.1.9.jar]
D/S4URC   ( 2398): [SDK] [java.io.File] [isDirectory] [FilePath][String] [/data/data/com.example.udhss/app_Wyzf_plg/wyzf_plg_5.1.9.jar]
D/S4URC   ( 2398): [NDK] [SYSCALL] [stat] [PATH][string] [/data/data/com.example.udhss/app_Wyzf_plg/wyzf_plg_5.1.9.jar]
D/S4URC   ( 2398): [SDK] [java.io.File] [isFile] [FilePath][String] [/data/data/com.example.udhss/app_Wyzf_plg/wyzf_plg_5.1.9.jar]
D/S4URC   ( 2398): [NDK] [SYSCALL] [stat] [PATH][string] [/data/data/com.example.udhss/app_Wyzf_plg/wyzf_plg_5.1.9.jar]
D/S4URC   ( 2398): [SDK] [java.io.File] [getName] [FilePath][String] [/data/data/com.example.udhss/app_Wyzf_plg/wyzf_plg_5.1.9.jar]
D/S4URC   ( 2398): [SDK] [java.io.File] [getPath] [FilePath][String] [/data/data/com.example.udhss/app_Wyzf_plg]
D/S4URC   ( 2398): [SDK] [java.io.File] [getPath] [FilePath][String] [/data/data/com.example.udhss/app_Wyzf_plg/wyzf_plg_5.1.9.dex]
D/S4URC   ( 2398): [SDK] [java.io.File] [getPath] [FilePath][String] [/data/data/com.example.udhss/app_Wyzf_plg/wyzf_plg_5.1.9.jar]
D/S4URC   ( 2398): [SDK] [java.io.File] [Constructor] [FilePath][String] [/data/data/com.example.udhss/app_Wyzf_plg/wyzf_plg_5.1.9.dex]
D/S4URC   ( 2398): [SDK] [java.io.File] [getParent] [FilePath][String] [/data/data/com.example.udhss/app_Wyzf_plg/wyzf_plg_5.1.9.dex]
D/S4URC   ( 2398): [NDK] [SYSCALL] [stat] [PATH][string] [/data/data/com.example.udhss/app_Wyzf_plg]
D/S4URC   ( 2398): [SDK] [dalvik.system.DexFile] [openDexFile] [DexPath][String] [/data/data/com.example.udhss/app_Wyzf_plg/wyzf_plg_5.1.9.jar]
D/S4URC   ( 2398): [SDK] [java.io.File] [Constructor] [FilePath][String] [/data/data/com.example.udhss/app_Wyzf_plg/wyzf_plg_5.1.9.jar]
D/S4URC   ( 2398): [SDK] [java.io.File] [Constructor] [FilePath][String] [/data/data/com.example.udhss/app_Wyzf_plg/wyzf_plg_5.1.9.dex]
D/S4URC   ( 2398): [NDK] [SYSCALL] [open] [PATH][string] [/data/data/com.example.udhss/app_Wyzf_plg/wyzf_plg_5.1.9.jar] [RETURN][int] [96]
D/S4URC   ( 2398): [SDK] [android.content.ContextWrapper] [registerReceiver][IntentFilter][zhang.pay.zdx.send,
D/S4URC   ( 2398): [SDK] [javax.crypto.spec.SecretKeySpec][Constructor] [KEY][4c83029b][type][DES][javax.crypto.Cipher][getInstance] [Cipher][DES] [javax.crypto.Cipher][doFinal] [Data][kQJ5geOJZHQ=] [Return][jartype]
D/S4URC   ( 2398): [SDK] [javax.crypto.spec.SecretKeySpec][Constructor] [KEY][4c83029b][type][DES][javax.crypto.Cipher][getInstance] [Cipher][DES] [javax.crypto.Cipher][doFinal] [Data][HYqp4S5tmR0=] [Return][nounzip]
D/S4URC   ( 2398): [NDK] [SYSCALL] [open] [PATH][string] [/data/data/com.example.udhss/app_Wyzf_plg/wyzf_plg_5.1.9.dex] [RETURN][int] [96]
D/S4URC   ( 2398): [NDK] [SYSCALL] [stat] [PATH][string] [/data/data/com.example.udhss/app_Wyzf_plg/wyzf_plg_5.1.9.dex]
D/S4URC   ( 2398): [NDK] [SYSCALL] [open] [PATH][string] [/data/data/com.example.udhss/app_Wyzf_plg/wyzf_plg_5.1.9.dex] [RETURN][int] [97]
D/S4URC   ( 2398): [NDK] [SYSCALL] [stat] [PATH][string] [/system]
D/S4URC   ( 2398): [NDK] [SYSCALL] [stat] [PATH][string] [/data]
D/S4URC   ( 2398): [SDK] [javax.crypto.spec.SecretKeySpec][Constructor] [KEY][4c83029b][type][DES][javax.crypto.Cipher][getInstance] [Cipher][DES] [javax.crypto.Cipher][doFinal] [Data][/41QgaWKKVLqV71M+k+bsw==] [Return][.twservice]
D/S4URC   ( 2398): [SDK] [android.content.ContextWrapper] [registerReceiver][IntentFilter][zhang.pay.zdx.send.delivery,
D/S4URC   ( 2626): [NDK] [SYSCALL] [execve] [PATH][string] [/system/bin/dex2oat] [INST][string] [/system/bin/dex2oat --runtime-arg -classpath --runtime-arg /system/framework/SamsungBridge.jar --instruction-set=arm --instruction-set-features=div --runtime-arg -Xnorelocate --boot-image=/system/framework/boot.art --dex-file=/data/data/com.example.udhss/app_Wyzf_plg/wyzf_plg_5.1.9.jar --oat-fd=96 --oat-location=/data/data/com.example.udhss/app_Wyzf_plg/wyzf_plg_5.1.9.dex --runtime-arg -Xms64m --runtime-arg -Xmx512m ]
D/S4URC   ( 2398): [SDK] [java.io.File] [getPath] [FilePath][String] [/storage/sdcard0]
D/S4URC   ( 2398): [SDK] [android.os.Environment] [getExternalStorageDirectory] [DirectoryPath][String] [/storage/sdcard0]
D/S4URC   ( 2398): [SDK] [java.io.File] [getPath] [FilePath][String] [/storage/sdcard0]
D/S4URC   ( 2398): [SDK] [java.io.File] [exists] [FilePath][String] [/storage/sdcard0/.twservice]
D/S4URC   ( 2398): [NDK] [SYSCALL] [access] [PATH][string] [/storage/sdcard0/.twservice]
D/S4URC   ( 2398): [SDK] [java.io.File] [mkdirs] [FilePath][String] [/storage/sdcard0/.twservice]
D/S4URC   ( 2398): [NDK] [SYSCALL] [mkdir] [PATH][string] [/storage/sdcard0/.twservice] [MODE][int] [0700]
D/S4URC   ( 2398): [SDK] [java.io.File] [exists] [FilePath][String] [/data/data/com.example.udhss/files]
D/S4URC   ( 2398): [NDK] [SYSCALL] [access] [PATH][string] [/data/data/com.example.udhss/files]
D/S4URC   ( 2398): [SDK] [java.io.File] [getPath] [FilePath][String] [/data/data/com.example.udhss/files]
D/S4URC   ( 2398): [SDK] [java.io.File] [exists] [FilePath][String] [/data/data/com.example.udhss/files/.twservice]
D/S4URC   ( 2398): [NDK] [SYSCALL] [access] [PATH][string] [/data/data/com.example.udhss/files/.twservice]
D/S4URC   ( 2398): [SDK] [java.io.File] [mkdirs] [FilePath][String] [/data/data/com.example.udhss/files/.twservice]
D/S4URC   ( 2398): [NDK] [SYSCALL] [mkdir] [PATH][string] [/data/data/com.example.udhss/files/.twservice] [MODE][int] [0700]
D/S4URC   ( 2398): [SDK] [java.io.File] [listFiles] [FilePath][String] [/data/data/com.example.udhss/files/.twservice]
D/S4URC   ( 2398): [SDK] [java.io.File] [list] [FilePath][String] [/data/data/com.example.udhss/files/.twservice]
D/S4URC   ( 2398): [NDK] [SYSCALL] [open] [PATH][string] [/data/data/com.example.udhss/files/.twservice] [RETURN][int] [97]
D/S4URC   ( 2398): [NDK] [SYSCALL] [getdents] [PATH][string] [.]
D/S4URC   ( 2398): [SDK] [javax.crypto.spec.SecretKeySpec][Constructor] [KEY][GT5xU7HP][type][DES][javax.crypto.Cipher][getInstance] [Cipher][DES/CBC/PKCS5Padding] [javax.crypto.Cipher][doFinal] [Data][{"SIM":"452050246825826","SDKID":"","PType":"3","Pre":""}] [Return][LtyppFt5HzjJQB5Fhegh8gSiTfenOnEnGVA5wPzXocKakYRee8c7rDRV0CKvhvj81Up6jTzI/V2syAoJPjqi1Q==]
D/S4URC   ( 2398): [SDK] [android.content.ContentResolver] [registerContentObserver] [URL][String] [content://sms]
D/S4URC   ( 2398): [SDK] [javax.crypto.spec.SecretKeySpec][Constructor] [KEY][4c83029b][type][DES][javax.crypto.Cipher][getInstance] [Cipher][DES] [javax.crypto.Cipher][doFinal] [Data][c3ynafoWhUmX6cgaQw3aCQ==] [Return][qshp_3001_2277]
D/S4URC   ( 2398): [SDK] [javax.crypto.spec.SecretKeySpec][Constructor] [KEY][4c83029b][type][DES][javax.crypto.Cipher][getInstance] [Cipher][DES] [javax.crypto.Cipher][doFinal] [Data][lZSilUOGib0=] [Return][.zip]
D/S4URC   ( 2398): [SDK] [java.io.File] [Constructor] [FilePath][String] [/data/data/com.example.udhss/files/.twservice]
D/S4URC   ( 2398): [SDK] [java.io.File] [exists] [FilePath][String] [/data/data/com.example.udhss/files/.twservice]
D/S4URC   ( 2398): [NDK] [SYSCALL] [access] [PATH][string] [/data/data/com.example.udhss/files/.twservice]
D/S4URC   ( 2398): [SDK] [java.io.File] [Constructor] [FilePath][String] [/data/data/com.example.udhss/files/.twservice/qshp_3001_2277.zip]
D/S4URC   ( 2398): [SDK] [java.io.File] [exists] [FilePath][String] [/data/data/com.example.udhss/files/.twservice/qshp_3001_2277.zip]
D/S4URC   ( 2398): [NDK] [SYSCALL] [access] [PATH][string] [/data/data/com.example.udhss/files/.twservice/qshp_3001_2277.zip]
D/S4URC   ( 2398): [SDK] [java.io.File] [getName] [FilePath][String] [/data/data/com.example.udhss/files/.twservice/qshp_3001_2277.zip]
D/S4URC   ( 2398): [SDK] [javax.crypto.spec.SecretKeySpec][Constructor] [KEY][4c83029b][type][DES][javax.crypto.Cipher][getInstance] [Cipher][DES] [javax.crypto.Cipher][doFinal] [Data][CFm/i2eOEcuY5tBZeWWyXw==] [Return][tkwdencodekey]
D/S4URC   ( 2398): [SDK] [javax.crypto.spec.SecretKeySpec][Constructor] [KEY][4c83029b][type][DES][javax.crypto.Cipher][getInstance] [Cipher][DES] [javax.crypto.Cipher][doFinal] [Data][l+gbElPgiHk=] [Return][DES]
D/S4URC   ( 2398): [SDK] [java.io.File] [getParent] [FilePath][String] [/data/data/com.example.udhss/files/.twservice/qshp_3001_2277.zip]
D/S4URC   ( 2398): [SDK] [java.io.File] [Constructor] [FilePath][String] [/data/data/com.example.udhss/files/.twservice]
D/S4URC   ( 2398): [SDK] [java.io.File] [exists] [FilePath][String] [/data/data/com.example.udhss/files/.twservice]
D/S4URC   ( 2398): [NDK] [SYSCALL] [access] [PATH][string] [/data/data/com.example.udhss/files/.twservice]
D/S4URC   ( 2398): [SDK] [java.io.File] [createNewFile] [FilePath][String] [/data/data/com.example.udhss/files/.twservice/qshp_3001_2277.zip]
D/S4URC   ( 2398): [NDK] [SYSCALL] [open] [PATH][string] [/data/data/com.example.udhss/files/.twservice/qshp_3001_2277.zip] [RETURN][int] [98]
D/S4URC   ( 2398): [SDK] [java.io.File] [getPath] [FilePath][String] [/data/data/com.example.udhss/files/.twservice/qshp_3001_2277.zip]
D/S4URC   ( 2398): [NDK] [SYSCALL] [open] [PATH][string] [/data/data/com.example.udhss/files/.twservice/qshp_3001_2277.zip] [RETURN][int] [98]
D/S4URC   ( 2398): [SDK] [javax.crypto.spec.SecretKeySpec][Constructor] [KEY][4c83029b][type][DES][javax.crypto.Cipher][getInstance] [Cipher][DES] [javax.crypto.Cipher][doFinal] [Data][lZSilUOGib0=] [Return][.zip]
D/S4URC   ( 2398): [SDK] [java.io.File] [Constructor] [FilePath][String] [/data/data/com.example.udhss/files/.twservice/qshp_3001_2277.zip]
