D/S4URC   ( 4530): [SDK] [javax.crypto.spec.SecretKeySpec][Constructor] [KEY][vj5dk5G14YBO6NY73+h51g==][type][AES][javax.crypto.spec.IvParameterSpec][Constructor] [IV][vfxPDbj+Gh4UJloJgP7FDA==] [javax.crypto.spec.IvParameterSpec][Constructor] [IV][vfxPDbj+Gh4UJloJgP7FDA==] [javax.crypto.Cipher][doFinal] [Data][TDSlQkEKEWQuiJIb1bdL4g==] [Return][a]
D/S4URC   ( 4530): [SDK] [javax.crypto.spec.SecretKeySpec][Constructor] [KEY][vj5dk5G14YBO6NY73+h51g==][type][AES][javax.crypto.spec.IvParameterSpec][Constructor] [IV][xjAQSkwzRxajmgCbKHDMDA==] [javax.crypto.spec.IvParameterSpec][Constructor] [IV][xjAQSkwzRxajmgCbKHDMDA==] [javax.crypto.Cipher][doFinal] [Data][oAunsY1abwFdxrDT+FbIU5m7946N+Mvnzb/OTO3in6M=] [Return][com.google.android.ads.zxxz.l]
D/S4URC   ( 4530): [SDK] [javax.crypto.spec.SecretKeySpec][Constructor] [KEY][vj5dk5G14YBO6NY73+h51g==][type][AES][javax.crypto.spec.IvParameterSpec][Constructor] [IV][YBerbJehoFKiWWatcGr+vQ==] [javax.crypto.spec.IvParameterSpec][Constructor] [IV][YBerbJehoFKiWWatcGr+vQ==] [javax.crypto.Cipher][doFinal] [Data][rhH+s6ASpurnHMmu8P8qpQ==] [Return][a]
D/S4URC   ( 4530): [SDK] [android.app.ApplicationPackageManager] [getPackageInfo] [FindPackageName][String] [com.android.vending]
D/S4URC   ( 4530): [SDK] [javax.crypto.spec.SecretKeySpec][Constructor] [KEY][vj5dk5G14YBO6NY73+h51g==][type][AES][javax.crypto.Cipher][doFinal] [Data][vd8xiuVwH35LoY0zF4z9g9XH2/kIq+Lyc+aA8tK6OGM=] [Return][com.google.android.ads.zxxz.d]
D/S4URC   ( 4530): [SDK] [javax.crypto.spec.IvParameterSpec][Constructor] [IV][VN0mjb52HdSTqOivTj5aMA==] [javax.crypto.spec.IvParameterSpec][Constructor] [IV][VN0mjb52HdSTqOivTj5aMA==] [javax.crypto.Cipher][doFinal] [Data][vlsR8ym7Yl1CW9Silv9zJu0EtqujtOAI5h15CDs3ICM=] [Return][com.google.android.ads.zxxz.u]
D/S4URC   ( 4530): [SDK] [javax.crypto.spec.IvParameterSpec][Constructor] [IV][dn8+8pHjJ2wj5Gp1r/T7fA==] [javax.crypto.spec.IvParameterSpec][Constructor] [IV][dn8+8pHjJ2wj5Gp1r/T7fA==] [javax.crypto.Cipher][doFinal] [Data][SQ7DPLPsoqrkC6BRSs07AQedNy+FM/hbeDt/EupOkUE=] [Return][com.google.android.ads.zxxz.i]
D/S4URC   ( 4530): [SDK] [javax.crypto.spec.IvParameterSpec][Constructor] [IV][gp0cIgUUdAIZbRXtUI5gQA==] [javax.crypto.spec.IvParameterSpec][Constructor] [IV][gp0cIgUUdAIZbRXtUI5gQA==] [javax.crypto.Cipher][doFinal] [Data][Z69jtCXmcLkHMqfouc5stg==] [Return][a]
D/S4URC   ( 4530): [SDK] [javax.crypto.spec.IvParameterSpec][Constructor] [IV][dR638FFygwsrTt/QflyOMA==] [javax.crypto.spec.IvParameterSpec][Constructor] [IV][dR638FFygwsrTt/QflyOMA==] [javax.crypto.Cipher][doFinal] [Data][a9eN/UZI1nvOciWsOu6GpA==] [Return][a]
D/S4URC   ( 4530): [SDK] [javax.crypto.spec.IvParameterSpec][Constructor] [IV][LLWEGIcMoDZoYXR7U5oWQg==] [javax.crypto.spec.IvParameterSpec][Constructor] [IV][LLWEGIcMoDZoYXR7U5oWQg==] [javax.crypto.Cipher][doFinal] [Data][IbR6qAcCLnL32I3FZShQKupB7hIG5E5fqFwceA8f5Iw=] [Return][com.google.android.ads.zxxz.t]
D/S4URC   ( 4634): [SDK] [android.app.ApplicationPackageManager] [getPackageInfo] [FindPackageName][String] [com.atef.pencilsketch]
D/S4URC   ( 4530): [SDK] [javax.crypto.spec.SecretKeySpec][Constructor] [KEY][vj5dk5G14YBO6NY73+h51g==][type][AES][javax.crypto.Cipher][doFinal] [Data][/W7ptqqiDGPs+pIWnNmCsAbdexXGTuQfekUVKag1BDA=] [Return][com.google.android.ads.zxxz.r]
D/S4URC   ( 4530): [SDK] [javax.crypto.spec.IvParameterSpec][Constructor] [IV][O3KEK4C8mMJ55X7+rKhyFA==] [javax.crypto.spec.IvParameterSpec][Constructor] [IV][O3KEK4C8mMJ55X7+rKhyFA==] [javax.crypto.Cipher][doFinal] [Data][jaBpsOAWB3WqWZf01rfj8w==] [Return][a]
D/S4URC   ( 4634): [SDK] [android.app.ApplicationPackageManager] [getPackageInfo] [FindPackageName][String] [com.atef.pencilsketch]
D/S4URC   ( 4530): [SDK] [javax.crypto.spec.SecretKeySpec][Constructor] [KEY][vj5dk5G14YBO6NY73+h51g==][type][AES][javax.crypto.spec.IvParameterSpec][Constructor] [IV][8HMIy/Wfi2fsqmlkEx1MOQ==] [javax.crypto.spec.IvParameterSpec][Constructor] [IV][8HMIy/Wfi2fsqmlkEx1MOQ==] [javax.crypto.Cipher][doFinal] [Data][o7TuAs30o9s94l30ZNKq8w==] [Return][a]
D/S4URC   ( 4530): [SDK] [javax.crypto.spec.IvParameterSpec][Constructor] [IV][c6GziBvAtJVQl8145kYNIg==] [javax.crypto.spec.IvParameterSpec][Constructor] [IV][c6GziBvAtJVQl8145kYNIg==] [javax.crypto.Cipher][doFinal] [Data][JeCVhnBz21YPueqvuEvL8A==] [Return][a]
D/S4URC   ( 4634): [SDK] [android.app.ApplicationPackageManager] [getPackageInfo] [FindPackageName][String] [com.atef.pencilsketch]
D/S4URC   ( 4530): [SDK] [javax.crypto.spec.IvParameterSpec][Constructor] [IV][o4gCRP8pd3YBLYpyJe+pyg==] [javax.crypto.spec.IvParameterSpec][Constructor] [IV][o4gCRP8pd3YBLYpyJe+pyg==] [javax.crypto.Cipher][doFinal] [Data][s2HbAcFblmYjCnG9sRqISQ==] [Return][a]
D/S4URC   ( 4634): [SDK] [java.io.File] [exists] [FilePath][String] [/data/data/com.atef.pencilsketch/files]
D/S4URC   ( 4634): [SDK] [java.io.File] [getPath] [FilePath][String] [/data/data/com.atef.pencilsketch/files]
D/S4URC   ( 4634): [SDK] [java.io.File] [getPath] [FilePath][String] [/data/data/com.atef.pencilsketch/files/log_stack.dat]
D/S4URC   ( 4530): [SDK] [javax.crypto.spec.IvParameterSpec][Constructor] [IV][Ncqp5H+22w9W3L8txFxikA==] [javax.crypto.spec.IvParameterSpec][Constructor] [IV][Ncqp5H+22w9W3L8txFxikA==] [javax.crypto.Cipher][doFinal] [Data][8v74K+9PhQAKYlPbL0c1ZEtNoLP8aGcPTzqKH6kNyVA=] [Return][com.google.android.ads.zxxz.s]
D/S4URC   ( 4634): [SDK] [java.io.File] [exists] [FilePath][String] [/data/data/com.atef.pencilsketch/files]
D/S4URC   ( 4634): [SDK] [java.io.File] [getPath] [FilePath][String] [/data/data/com.atef.pencilsketch/files]
D/S4URC   ( 4634): [SDK] [java.io.File] [getPath] [FilePath][String] [/data/data/com.atef.pencilsketch/files/log_stack.dat]
D/S4URC   ( 4530): [SDK] [javax.crypto.spec.SecretKeySpec][Constructor] [KEY][vj5dk5G14YBO6NY73+h51g==][type][AES][javax.crypto.spec.IvParameterSpec][Constructor] [IV][oClLCKzkLLWAqjtGJeQeLQ==] [javax.crypto.spec.IvParameterSpec][Constructor] [IV][oClLCKzkLLWAqjtGJeQeLQ==] [javax.crypto.Cipher][doFinal] [Data][mvrFoH1GucS40Neylzs9gg==] [Return][a]
D/S4URC   ( 4634): [SDK] [java.io.File] [exists] [FilePath][String] [/data/data/com.atef.pencilsketch/files]
D/S4URC   ( 4634): [SDK] [java.io.File] [getPath] [FilePath][String] [/data/data/com.atef.pencilsketch/files]
D/S4URC   ( 4634): [SDK] [java.io.File] [getPath] [FilePath][String] [/data/data/com.atef.pencilsketch/files/log_stack.dat]
D/S4URC   ( 4530): [SDK] [android.content.Intent] [Constructor] [IntentInfo][String] [com.google.android.gms.ads.identifier.service.START]
D/S4URC   ( 4530): [SDK] [javax.crypto.spec.IvParameterSpec][Constructor] [IV][AifE6OWHQ8zRmArdaoYy3w==] [javax.crypto.spec.IvParameterSpec][Constructor] [IV][AifE6OWHQ8zRmArdaoYy3w==] [javax.crypto.Cipher][doFinal] [Data][/ANPdOx7dvRKxfMsxjYmFhN2QJ4MnW3LwxSVxKCvo/w=] [Return][com.google.android.ads.zxxz.j]
D/S4URC   ( 4530):  [Method][getBoolean] [Boolean][gads:gestures:bs:enabled] [Return][true]
D/S4URC   ( 4530): [SDK] [java.io.File] [getPath] [FilePath][String] [/data/data/com.atef.pencilsketch/shared_prefs/1%dss#gfs#ge1%dr1%dps#g_s#gds#ge1%drs#gas#ghs#gSs#g_s#ge1%dr1%dos#gCs#ge1%dls#gis#gb1%do1%dm.xml]
D/S4URC   ( 4530): [SDK] [android.content.ContextWrapper][getSharedPreferences] [File][1%dss#gfs#ge1%dr1%dps#g_s#gds#ge1%drs#gas#ghs#gSs#g_s#ge1%dr1%dos#gCs#ge1%dls#gis#gb1%do1%dm.xml] [MODE][APPEND or MULTI_PROCESS]
D/S4URC   ( 4530): [SDK] [android.content.ContextWrapper][getSharedPreferences] [File][1%dss#gfs#ge1%dr1%dps#g_s#gds#ge1%drs#gas#ghs#gSs#g_s#ge1%dr1%dos#gCs#ge1%dls#gis#gb1%do1%dm.xml] [MODE][APPEND or MULTI_PROCESS] [Method][getString] [String][offerwall-cached-url] [Return][]
D/S4URC   ( 4530): [SDK] [android.webkit.WebView] [loadUrl] [Url][http://os.scmpacdn.com/files/mobile/0.9.2/offerwall_site/fallback/?sdk=1&fallback=1&ts=1534167667537]
D/S4URC   ( 4530): [SDK] [javax.crypto.spec.SecretKeySpec][Constructor] [KEY][vj5dk5G14YBO6NY73+h51g==][type][AES][javax.crypto.spec.IvParameterSpec][Constructor] [IV][|&.fi...dO8.Gh|.] [javax.crypto.Cipher][doFinal] [Data][sv9bw5QtdBVTZzQ+BNBOdG+GQTnV88OZZqGD/UnyvCo=] [Return][com.google.android.ads.zxxz.c]
D/S4URC   ( 4530): [SDK] [javax.crypto.spec.SecretKeySpec][Constructor] [KEY][vj5dk5G14YBO6NY73+h51g==][type][AES][Return][com.google.android.ads.zxxz.o]
D/S4URC   ( 4530): [SDK] [javax.crypto.spec.SecretKeySpec][Constructor] [KEY][vj5dk5G14YBO6NY73+h51g==][type][AES][javax.crypto.Cipher][doFinal] [Data][THoBIdV73NlGK6czOB/rXA==] [Return][a]
D/S4URC   ( 4530): [SDK] [android.content.ContextWrapper][getSharedPreferences] [File][1%dss#gfs#ge1%dr1%dps#g_s#gds#ge1%drs#gas#ghs#gSs#g_s#ge1%dr1%dos#gCs#ge1%dls#gis#gb1%do1%dm.xml] [MODE][APPEND or MULTI_PROCESS] [Method][getBoolean] [Boolean][gads:gestures:sss:enabled] [Return][false]
D/S4URC   ( 4530): [SDK] [javax.crypto.spec.IvParameterSpec][Constructor] [IV][MT46CBRZPOofnotcmzgUNA==] [javax.crypto.spec.IvParameterSpec][Constructor] [IV][MT46CBRZPOofnotcmzgUNA==] [javax.crypto.Cipher][doFinal] [Data][DvmYF4BypyrOjzSRTVaSL8zdPT4iV/YE8P9bVJG5Z/w=] [Return][com.google.android.ads.zxxz.m]
D/S4URC   ( 4530): [SDK] [android.content.ContextWrapper][getSharedPreferences] [File][1%dss#gfs#ge1%dr1%dps#g_s#gds#ge1%drs#gas#ghs#gSs#g_s#ge1%dr1%dos#gCs#ge1%dls#gis#gb1%do1%dm.xml] [MODE][APPEND or MULTI_PROCESS] [Method][getIong] [Iong][gads:gestures:task_timeout] [Return][2000]
D/S4URC   ( 4530): [SDK] [javax.crypto.spec.IvParameterSpec][Constructor] [IV][rw94Vrx/byjpqg0QbJ3qkw==] [javax.crypto.spec.IvParameterSpec][Constructor] [IV][rw94Vrx/byjpqg0QbJ3qkw==] [javax.crypto.Cipher][doFinal] [Data][rH2dsfi0dwOdWSHBXOqZjQ==] [Return][a]
D/S4URC   ( 4530): [SDK] [android.app.ApplicationPackageManager] [getPackageInfo] [FindPackageName][String] [com.atef.pencilsketch]
D/S4URC   ( 4530): [SDK] [javax.crypto.spec.IvParameterSpec][Constructor] [IV][0MHmFOerm+OLO7DlwBWYWA==] [javax.crypto.spec.IvParameterSpec][Constructor] [IV][0MHmFOerm+OLO7DlwBWYWA==] [javax.crypto.Cipher][doFinal] [Data][59LfWLdps1vs0gj+n9yjMOvDLRC3gfPoqMuZw0DZS7U=] [Return][com.google.android.ads.zxxz.e]
D/S4URC   ( 4530): [SDK] [javax.crypto.spec.IvParameterSpec][Constructor] [IV][cpk+vnXicdAmu6rqNpyRsA==] [javax.crypto.spec.IvParameterSpec][Constructor] [IV][cpk+vnXicdAmu6rqNpyRsA==] [javax.crypto.Cipher][doFinal] [Data][fxn3EW1YaEqHU9K3tHXCCg==] [Return][a]
D/S4URC   ( 4530): [SDK] [javax.crypto.spec.IvParameterSpec][Constructor] [IV][olucaRzp8OAM7j17mlu+MA==] [javax.crypto.spec.IvParameterSpec][Constructor] [IV][olucaRzp8OAM7j17mlu+MA==] [javax.crypto.Cipher][doFinal] [Data][.<Ab5.A.....x/Q..9..3+hVJSIWT...] [Return][com.google.android.ads.zxxz.a]
D/S4URC   ( 4530): [SDK] [javax.crypto.spec.IvParameterSpec][Constructor] [IV][xQNz5sgiknpAv6ackbFAdw==] [javax.crypto.spec.IvParameterSpec][Constructor] [IV][xQNz5sgiknpAv6ackbFAdw==] [javax.crypto.Cipher][doFinal] [Data][Rw4C0zPVef8gvo4bgHCH/g==] [Return][a]
D/S4URC   ( 4530): [SDK] [android.content.ContextWrapper][getSharedPreferences] [File][1%dss#gfs#ge1%dr1%dps#g_s#gds#ge1%drs#gas#ghs#gSs#g_s#ge1%dr1%dos#gCs#ge1%dls#gis#gb1%do1%dm.xml] [MODE][APPEND or MULTI_PROCESS] [Method][getBoolean] [Boolean][gads:gestures:inthex:enabled] [Return][false]
D/S4URC   ( 4530): [SDK] [javax.crypto.spec.IvParameterSpec][Constructor] [IV][yEGznoCvboNomg+D/tjSWw==] [javax.crypto.spec.IvParameterSpec][Constructor] [IV][yEGznoCvboNomg+D/tjSWw==] [javax.crypto.Cipher][doFinal] [Data][5512F/+gVOpIEcMKyDm5Uw==] [Return][a]
D/S4URC   ( 4530): [SDK] [javax.crypto.spec.IvParameterSpec][Constructor] [IV][zYGiKyXCQARtrMz4+R+cwg==] [javax.crypto.spec.IvParameterSpec][Constructor] [IV][zYGiKyXCQARtrMz4+R+cwg==] [javax.crypto.Cipher][doFinal] [Data][OmCFH364K11n6BixcfQ70w==] [Return][a]
D/S4URC   ( 4530): [SDK] [javax.crypto.spec.IvParameterSpec][Constructor] [IV][85aVi3SJCzURUruw80xwOA==] [javax.crypto.spec.IvParameterSpec][Constructor] [IV][85aVi3SJCzURUruw80xwOA==] [javax.crypto.Cipher][doFinal] [Data][ImWsfvUIoElWnTPUd65VAg==] [Return][a]
D/S4URC   ( 4530): [SDK] [java.io.File] [Constructor] [FilePath][String] [/system/app/Superuser.apk]
D/S4URC   ( 4530): [SDK] [java.io.File] [exists] [FilePath][String] [/system/app/Superuser.apk]
D/S4URC   ( 4530): [SDK] [javax.crypto.spec.IvParameterSpec][Constructor] [IV][dd/st6q19rXcYPAfnaAl9A==] [javax.crypto.spec.IvParameterSpec][Constructor] [IV][dd/st6q19rXcYPAfnaAl9A==] [javax.crypto.Cipher][doFinal] [Data][1K2y8ryvDzXzgH0YgWwn9Q==] [Return][a]
D/S4URC   ( 4530): [SDK] [android.content.ContextWrapper] [registerReceiver][IntentFilter][android.hardware.usb.action.USB_STATE,
D/S4URC   ( 4530): [SDK] [javax.crypto.spec.IvParameterSpec][Constructor] [IV][kX7NAbLZCz/dSKM5Fw5tfA==] [javax.crypto.spec.IvParameterSpec][Constructor] [IV][kX7NAbLZCz/dSKM5Fw5tfA==] [javax.crypto.Cipher][doFinal] [Data][UQOV+wUKrA0cVceucEF/jg==] [Return][a]
D/S4URC   ( 4530): [SDK] [java.io.File] [Constructor] [FilePath][String] [/data/app/com.atef.pencilsketch-1/base.apk]
D/S4URC   ( 4530): [SDK] [java.io.File] [exists] [FilePath][String] [/data/app/com.atef.pencilsketch-1/base.apk]
D/S4URC   ( 4530): [SDK] [javax.crypto.spec.IvParameterSpec][Constructor] [IV][cXUR3QZnvsd8QFJrigAEcg==] [javax.crypto.spec.IvParameterSpec][Constructor] [IV][cXUR3QZnvsd8QFJrigAEcg==] [javax.crypto.Cipher][doFinal] [Data][eEXmpGLoDVaOHOCG4e08iw==] [Return][a]
D/S4URC   ( 4530): [SDK] [java.io.File] [canRead] [FilePath][String] [/data/app/com.atef.pencilsketch-1/base.apk]
D/S4URC   ( 4530): [SDK] [java.lang.Class] [forName] [FindClass][String] [com.android.org.conscrypt.OpenSSLMessageDigestJDK$SHA256]
D/S4URC   ( 4530): [SDK] [java.io.File] [getPath] [FilePath][String] [/data/app/com.atef.pencilsketch-1/base.apk]
D/S4URC   ( 4530): [SDK] [android.content.ContextWrapper] [registerReceiver][IntentFilter][android.intent.action.BATTERY_CHANGED,
D/S4URC   ( 4530): [SDK] [android.content.ContentResolver] [registerContentObserver] [URL][String] [content://settings/system/enable_stylus_gestures]
D/S4URC   ( 4530): [SDK] [android.app.ApplicationPackageManager] [getPackageInfo] [FindPackageName][String] [com.atef.pencilsketch]
D/S4URC   ( 4530): [SDK] [java.lang.Class] [forName] [FindClass][String] [java.util.HashMap]
D/S4URC   ( 4530): [SDK] [java.lang.Class] [forName] [FindClass][String] [java.lang.Integer]
D/S4URC   ( 4530): [SDK] [java.lang.Class] [forName] [FindClass][String] [java.lang.Number]
D/S4URC   ( 4530): [SDK] [java.lang.Class] [forName] [FindClass][String] [java.lang.Long]
D/S4URC   ( 4530): [SDK] [java.lang.Class] [forName] [FindClass][String] [java.util.HashMap]
D/S4URC   ( 4530): [SDK] [java.lang.Class] [forName] [FindClass][String] [java.lang.Integer]
D/S4URC   ( 4530): [SDK] [java.lang.Class] [forName] [FindClass][String] [java.lang.Number]
D/S4URC   ( 4530): [SDK] [java.lang.Class] [forName] [FindClass][String] [java.lang.Long]
D/S4URC   ( 4530): [SDK] [android.app.ActivityManager] [getRunningAppProcesses]
D/S4URC   ( 4530): [SDK] [android.content.ContentResolver] [registerContentObserver] [URL][String] [content://settings/system/enable_stylus_gestures]
D/S4URC   ( 4530): [SDK] [java.lang.Class] [forName] [FindClass][String] [java.util.HashMap]
D/S4URC   ( 4530): [SDK] [java.lang.Class] [forName] [FindClass][String] [java.lang.Integer]
D/S4URC   ( 4530): [SDK] [java.lang.Class] [forName] [FindClass][String] [java.lang.Number]
D/S4URC   ( 4530): [SDK] [java.lang.Class] [forName] [FindClass][String] [java.lang.Long]
D/S4URC   ( 4530): [SDK] [android.content.ContextWrapper][getSharedPreferences] [File][1%dss#gfs#ge1%dr1%dps#g_s#gds#ge1%drs#gas#ghs#gSs#g_s#ge1%dr1%dos#gCs#ge1%dls#gis#gb1%do1%dm.xml] [MODE][APPEND or MULTI_PROCESS] [Method][getBoolean] [Boolean][gads:gestures:btt:enabled] [Return][false]
D/S4URC   ( 4530): [SDK] [android.content.ContextWrapper][getSharedPreferences] [File][1%dss#gfs#ge1%dr1%dps#g_s#gds#ge1%drs#gas#ghs#gSs#g_s#ge1%dr1%dos#gCs#ge1%dls#gis#gb1%do1%dm.xml] [MODE][APPEND or MULTI_PROCESS] [Method][getBoolean] [Boolean][gass:enable_int_signal] [Return][true]
D/S4URC   ( 4530): [SDK] [android.content.ContextWrapper][getSharedPreferences] [File][1%dss#gfs#ge1%dr1%dps#g_s#gds#ge1%drs#gas#ghs#gSs#g_s#ge1%dr1%dos#gCs#ge1%dls#gis#gb1%do1%dm.xml] [MODE][APPEND or MULTI_PROCESS] [Method][getBoolean] [Boolean][gass:enable_ad_attestation_signal] [Return][true]
D/S4URC   ( 4530): [SDK] [android.content.ContextWrapper][getSharedPreferences] [File][1%dss#gfs#ge1%dr1%dps#g_s#gds#ge1%drs#gas#ghs#gSs#g_s#ge1%dr1%dos#gCs#ge1%dls#gis#gb1%do1%dm.xml] [MODE][APPEND or MULTI_PROCESS] [Method][getBoolean] [Boolean][gads:gestures:bs:enabled] [Return][true]
D/S4URC   ( 4530): [SDK] [android.content.ContentResolver] [registerContentObserver] [URL][String] [content://settings/system/enable_stylus_gestures]
D/S4URC   ( 4530): [SDK] [java.io.File] [getPath] [FilePath][String] [/data/data/com.atef.pencilsketch/shared_prefs/1%dss#gfs#ge1%dr1%dps#g_s#gds#ge1%drs#gas#ghs#gSs#g_s#ge1%dr1%dos#gCs#ge1%dls#gis#gb1%do1%dm.xml]
D/S4URC   ( 4530): [SDK] [android.content.ContextWrapper][getSharedPreferences] [File][1%dss#gfs#ge1%dr1%dps#g_s#gds#ge1%drs#gas#ghs#gSs#g_s#ge1%dr1%dos#gCs#ge1%dls#gis#gb1%do1%dm.xml] [MODE][APPEND or MULTI_PROCESS]
D/S4URC   ( 4530): [SDK] [android.content.ContextWrapper][getSharedPreferences] [File][1%dss#gfs#ge1%dr1%dps#g_s#gds#ge1%drs#gas#ghs#gSs#g_s#ge1%dr1%dos#gCs#ge1%dls#gis#gb1%do1%dm.xml] [MODE][APPEND or MULTI_PROCESS] [Method][putString] [Key][s#gDs#gI1%drs#ge1%ds1%dus#gLs#gSs#gI] [Value][s#gas#g8s#gcs#g7s#g8s#gbs#g5s#g5s#gcs#g8s#gcs#g6s#g-s#g8s#gbs#g7s#g8s#g-s#g4s#gcs#ges#g4s#g-s#g0s#gfs#g0s#g4s#g-s#gds#g6s#gds#g4s#g2s#g8s#gfs#g6]
D/S4URC   ( 4530): [SDK] [java.io.File] [exists] [FilePath][String] [/data/data/com.atef.pencilsketch/shared_prefs/1%dss#gfs#ge1%dr1%dps#g_s#gds#ge1%drs#gas#ghs#gSs#g_s#ge1%dr1%dos#gCs#ge1%dls#gis#gb1%do1%dm.xml]
D/S4URC   ( 4530): [SDK] [java.io.File] [exists] [FilePath][String] [/data/data/com.atef.pencilsketch/shared_prefs/1%dss#gfs#ge1%dr1%dps#g_s#gds#ge1%drs#gas#ghs#gSs#g_s#ge1%dr1%dos#gCs#ge1%dls#gis#gb1%do1%dm.xml.bak]
D/S4URC   ( 4530): [SDK] [java.io.File] [renameTo] [FilePath][String] [/data/data/com.atef.pencilsketch/shared_prefs/1%dss#gfs#ge1%dr1%dps#g_s#gds#ge1%drs#gas#ghs#gSs#g_s#ge1%dr1%dos#gCs#ge1%dls#gis#gb1%do1%dm.xml] [DesFile][/data/data/com.atef.pencilsketch/shared_prefs/1%dss#gfs#ge1%dr1%dps#g_s#gds#ge1%drs#gas#ghs#gSs#g_s#ge1%dr1%dos#gCs#ge1%dls#gis#gb1%do1%dm.xml.bak]
D/S4URC   ( 4530): [SDK] [java.io.File] [getPath] [FilePath][String] [/data/data/com.atef.pencilsketch/shared_prefs/1%dss#gfs#ge1%dr1%dps#g_s#gds#ge1%drs#gas#ghs#gSs#g_s#ge1%dr1%dos#gCs#ge1%dls#gis#gb1%do1%dm.xml]
D/S4URC   ( 4530): [SDK] [java.io.File] [delete] [FilePath][String] [/data/data/com.atef.pencilsketch/shared_prefs/1%dss#gfs#ge1%dr1%dps#g_s#gds#ge1%drs#gas#ghs#gSs#g_s#ge1%dr1%dos#gCs#ge1%dls#gis#gb1%do1%dm.xml.bak]
D/S4URC   ( 4530): [SDK] [android.content.ContextWrapper][getSharedPreferences] [File][1%dss#gfs#ge1%dr1%dps#g_s#gds#ge1%drs#gas#ghs#gSs#g_s#ge1%dr1%dos#gCs#ge1%dls#gis#gb1%do1%dm.xml] [MODE][APPEND or MULTI_PROCESS] [Method][commit]
D/S4URC   ( 4530): [SDK] [java.lang.Class] [forName] [FindClass][String] [android.content.pm.ApplicationInfo]
D/S4URC   ( 4530): [SDK] [android.app.ApplicationPackageManager] [getInstalledApplications]
D/S4URC   ( 4530): [SDK] [java.io.File] [Constructor] [FilePath][String] [/system/app/RootPA/RootPA.apk]
D/S4URC   ( 4530): [SDK] [java.io.File] [Constructor] [FilePath][String] [/system/priv-app/TelephonyProvider/TelephonyProvider.apk]
D/S4URC   ( 4530): [SDK] [java.io.File] [Constructor] [FilePath][String] [/data/app/io.appium.settings-1/base.apk]
D/S4URC   ( 4530): [SDK] [java.io.File] [Constructor] [FilePath][String] [/data/app/com.google.android.googlequicksearchbox-1/base.apk]
D/S4URC   ( 4530): [SDK] [java.io.File] [Constructor] [FilePath][String] [/system/priv-app/CalendarProvider/CalendarProvider.apk]
D/S4URC   ( 4530): [SDK] [java.io.File] [Constructor] [FilePath][String] [/system/priv-app/MediaProvider/MediaProvider.apk]
D/S4URC   ( 4530): [SDK] [java.io.File] [Constructor] [FilePath][String] [/data/app/com.touchtype.swiftkey-1/base.apk]
D/S4URC   ( 4530): [SDK] [java.io.File] [Constructor] [FilePath][String] [/system/priv-app/GoogleOneTimeInitializer/GoogleOneTimeInitializer.apk]
D/S4URC   ( 4530): [SDK] [java.io.File] [Constructor] [FilePath][String] [/system/priv-app/WallpaperCropper/WallpaperCropper.apk]
D/S4URC   ( 4530): [SDK] [java.io.File] [Constructor] [FilePath][String] [/system/app/PhotoPhase/PhotoPhase.apk]
D/S4URC   ( 4530): [SDK] [java.io.File] [Constructor] [FilePath][String] [/system/app/DocumentsUI/DocumentsUI.apk]
D/S4URC   ( 4530): [SDK] [java.io.File] [Constructor] [FilePath][String] [/system/app/Galaxy4/Galaxy4.apk]
D/S4URC   ( 4530): [SDK] [java.io.File] [Constructor] [FilePath][String] [/system/priv-app/ExternalStorageProvider/ExternalStorageProvider.apk]
D/S4URC   ( 4530): [SDK] [java.io.File] [Constructor] [FilePath][String] [/system/app/HTMLViewer/HTMLViewer.apk]
D/S4URC   ( 4530): [SDK] [java.io.File] [Constructor] [FilePath][String] [/system/priv-app/MmsService/MmsService.apk]
D/S4URC   ( 4530): [SDK] [java.io.File] [Constructor] [FilePath][String] [/system/priv-app/DownloadProvider/DownloadProvider.apk]
D/S4URC   ( 4530): [SDK] [java.io.File] [Constructor] [FilePath][String] [/system/app/Terminal/Terminal.apk]
D/S4URC   ( 4530): [SDK] [java.io.File] [Constructor] [FilePath][String] [/system/priv-app/AudioFX/AudioFX.apk]
D/S4URC   ( 4530): [SDK] [java.io.File] [Constructor] [FilePath][String] [/system/app/Browser/Browser.apk]
D/S4URC   ( 4530): [SDK] [java.io.File] [Constructor] [FilePath][String] [/system/app/SoundRecorder/SoundRecorder.apk]
D/S4URC   ( 4530): [SDK] [java.io.File] [Constructor] [FilePath][String] [/data/app/io.appium.uiautomator2.server-2/base.apk]
D/S4URC   ( 4530): [SDK] [java.io.File] [Constructor] [FilePath][String] [/system/priv-app/DefaultContainerService/DefaultContainerService.apk]
D/S4URC   ( 4530): [SDK] [java.io.File] [Constructor] [FilePath][String] [/system/priv-app/CyanogenSetupWizard/CyanogenSetupWizard.apk]
D/S4URC   ( 4530): [SDK] [java.io.File] [Constructor] [FilePath][String] [/system/app/DownloadProviderUi/DownloadProviderUi.apk]
D/S4URC   ( 4530): [SDK] [java.io.File] [Constructor] [FilePath][String] [/data/app/com.android.vending-3/base.apk]
D/S4URC   ( 4530): [SDK] [java.io.File] [Constructor] [FilePath][String] [/system/app/PacProcessor/PacProcessor.apk]
D/S4URC   ( 4530): [SDK] [java.io.File] [Constructor] [FilePath][String] [/system/app/CertInstaller/CertInstaller.apk]
D/S4URC   ( 4530): [SDK] [java.io.File] [Constructor] [FilePath][String] [/system/framework/framework-res.apk]
D/S4URC   ( 4530): [SDK] [java.io.File] [Constructor] [FilePath][String] [/system/priv-app/Contacts/Contacts.apk]
D/S4URC   ( 4530): [SDK] [java.io.File] [Constructor] [FilePath][String] [/system/app/Camera2/Camera2.apk]
D/S4URC   ( 4530): [SDK] [java.io.File] [Constructor] [FilePath][String] [/system/framework/org.cyanogenmod.platform-res.apk]
D/S4URC   ( 4530): [SDK] [java.io.File] [Constructor] [FilePath][String] [/system/priv-app/Mms/Mms.apk]
D/S4URC   ( 4530): [SDK] [java.io.File] [Constructor] [FilePath][String] [/system/priv-app/BackupRestoreConfirmation/BackupRestoreConfirmation.apk]
D/S4URC   ( 4530): [SDK] [java.io.File] [Constructor] [FilePath][String] [/system/app/Profiles/Profiles.apk]
D/S4URC   ( 4530): [SDK] [java.io.File] [Constructor] [FilePath][String] [/system/app/LockClock/LockClock.apk]
D/S4URC   ( 4530): [SDK] [java.io.File] [Constructor] [FilePath][String] [/system/app/Provision/Provision.apk]
D/S4URC   ( 4530): [SDK] [java.io.File] [Constructor] [FilePath][String] [/system/app/HoloSpiralWallpaper/HoloSpiralWallpaper.apk]
D/S4URC   ( 4530): [SDK] [java.io.File] [Constructor] [FilePath][String] [/system/app/Calendar/Calendar.apk]
D/S4URC   ( 4530): [SDK] [java.io.File] [Constructor] [FilePath][String] [/system/app/PhaseBeam/PhaseBeam.apk]
D/S4URC   ( 4530): [SDK] [java.io.File] [Constructor] [FilePath][String] [/system/priv-app/SetupWizard/SetupWizard.apk]
D/S4URC   ( 4530): [SDK] [java.io.File] [Constructor] [FilePath][String] [/system/priv-app/SettingsProvider/SettingsProvider.apk]
D/S4URC   ( 4530): [SDK] [java.io.File] [Constructor] [FilePath][String] [/system/priv-app/SharedStorageBackup/SharedStorageBackup.apk]
D/S4URC   ( 4530): [SDK] [java.io.File] [Constructor] [FilePath][String] [/system/app/PrintSpooler/PrintSpooler.apk]
D/S4URC   ( 4530): [SDK] [java.io.File] [Constructor] [FilePath][String] [/system/app/BasicDreams/BasicDreams.apk]
D/S4URC   ( 4530): [SDK] [java.io.File] [Constructor] [FilePath][String] [/system/app/InCallUI/InCallUI.apk]
D/S4URC   ( 4530): [SDK] [java.io.File] [Constructor] [FilePath][String] [/system/app/webview/webview.apk]
D/S4URC   ( 4530): [SDK] [java.io.File] [Constructor] [FilePath][String] [/system/priv-app/InputDevices/InputDevices.apk]
D/S4URC   ( 4530): [SDK] [java.io.File] [Constructor] [FilePath][String] [/system/priv-app/CMUpdater/CMUpdater.apk]
D/S4URC   ( 4530): [SDK] [java.io.File] [Constructor] [FilePath][String] [/system/priv-app/OneTimeInitializer/OneTimeInitializer.apk]
D/S4URC   ( 4530): [SDK] [java.io.File] [Constructor] [FilePath][String] [/system/priv-app/Telecom/Telecom.apk]
D/S4URC   ( 4530): [SDK] [java.io.File] [Constructor] [FilePath][String] [/system/app/GoogleContactsSyncAdapter/GoogleContactsSyncAdapter.apk]
D/S4URC   ( 4530): [SDK] [java.io.File] [Constructor] [FilePath][String] [/system/priv-app/ThemesProvider/ThemesProvider.apk]
D/S4URC   ( 4530): [SDK] [java.io.File] [Constructor] [FilePath][String] [/system/app/FaceLock/FaceLock.apk]
D/S4URC   ( 4530): [SDK] [java.io.File] [Constructor] [FilePath][String] [/system/app/KeyChain/KeyChain.apk]
D/S4URC   ( 4530): [SDK] [java.io.File] [Constructor] [FilePath][String] [/system/app/CMWallpapers/CMWallpapers.apk]
D/S4URC   ( 4530): [SDK] [java.io.File] [Constructor] [FilePath][String] [/data/app/com.android.samsung.installer-1/base.apk]
D/S4URC   ( 4530): [SDK] [java.io.File] [Constructor] [FilePath][String] [/system/priv-app/Dialer/Dialer.apk]
D/S4URC   ( 4530): [SDK] [java.io.File] [Constructor] [FilePath][String] [/system/app/Gallery2/Gallery2.apk]
D/S4URC   ( 4530): [SDK] [java.io.File] [Constructor] [FilePath][String] [/system/priv-app/Trebuchet/Trebuchet.apk]
D/S4URC   ( 4530): [SDK] [java.io.File] [Constructor] [FilePath][String] [/data/app/com.google.android.gms-1/base.apk]
D/S4URC   ( 4530): [SDK] [java.io.File] [Constructor] [FilePath][String] [/system/priv-app/GoogleServicesFramework/GoogleServicesFramework.apk]
D/S4URC   ( 4530): [SDK] [java.io.File] [Constructor] [FilePath][String] [/system/priv-app/CMSettingsProvider/CMSettingsProvider.apk]
D/S4URC   ( 4530): [SDK] [java.io.File] [Constructor] [FilePath][String] [/system/priv-app/GooglePartnerSetup/GooglePartnerSetup.apk]
D/S4URC   ( 4530): [SDK] [java.io.File] [Constructor] [FilePath][String] [/system/priv-app/ThemeChooser/ThemeChooser.apk]
D/S4URC   ( 4530): [SDK] [java.io.File] [Constructor] [FilePath][String] [/system/app/PackageInstaller/PackageInstaller.apk]
D/S4URC   ( 4530): [SDK] [java.io.File] [Constructor] [FilePath][String] [/system/app/PicoTts/PicoTts.apk]
D/S4URC   ( 4530): [SDK] [java.io.File] [Constructor] [FilePath][String] [/system/priv-app/ProxyHandler/ProxyHandler.apk]
D/S4URC   ( 4530): [SDK] [java.io.File] [Constructor] [FilePath][String] [/system/app/CMFileManager/CMFileManager.apk]
D/S4URC   ( 4530): [SDK] [java.io.File] [Constructor] [FilePath][String] [/system/app/LatinIME/LatinIME.apk]
D/S4URC   ( 4530): [SDK] [java.io.File] [Constructor] [FilePath][String] [/system/priv-app/GoogleFeedback/GoogleFeedback.apk]
D/S4URC   ( 4530): [SDK] [java.io.File] [Constructor] [FilePath][String] [/system/app/VisualizationWallpapers/VisualizationWallpapers.apk]
D/S4URC   ( 4530): [SDK] [java.io.File] [Constructor] [FilePath][String] [/system/priv-app/ManagedProvisioning/ManagedProvisioning.apk]
D/S4URC   ( 4530): [SDK] [java.io.File] [Constructor] [FilePath][String] [/system/app/PhotoTable/PhotoTable.apk]
D/S4URC   ( 4530): [SDK] [android.content.ContextWrapper] [startService] [Intent] Intent { cmp=com.atef.pencilsketch/com.ironsource.mobilcore.MobileCoreReport (has extras) } [ExtraInfo][key:value][1%dns#ge1%dk1%do1%dt:7PFAFUXR4L60HOTX06T0H0TLJYLVZ][s#gds#gis#g_s#ge1%du1%dqs#gi1%dn1%dus#g_s#ga1%dr1%dt1%dxs#ge:6f824d6d-40f0-4ec4-87b8-6c8c55b87c8a][s#ge1%dp1%dys#gT1%dt1%dr1%do1%dps#ge1%dr:34][com.ironsource.mobilcore.MobileCoreReport_extra_first_run:true][com.ironsource.mobilcore.MobileCoreReport_extra_device_data:{"Model":"galaxys5","Device":"samsung","Brand":"samsung","Language":"English","Release":"5.1.1","CellAvail":true,"WifiAvail":true,"Dpi":"100","ScreenSize":"11.87","LastAppInst":"13082018-02:40:55","InstalledApps":26,"CurrentConn":"wifi","Uns":true,"Uid":"6f824d6d-40f0-4ec4-87b8-6c8c55b87c8a"}]
D/S4URC   ( 4530): [SDK] [java.io.File] [getPath] [FilePath][String] [/data/data/com.atef.pencilsketch/shared_prefs/1%dss#gfs#ge1%dr1%dps#g_s#gds#ge1%drs#gas#ghs#gSs#g_s#ge1%dr1%dos#gCs#ge1%dls#gis#gb1%do1%dm.xml]
D/S4URC   ( 4530): [SDK] [android.content.ContextWrapper][getSharedPreferences] [File][1%dss#gfs#ge1%dr1%dps#g_s#gds#ge1%drs#gas#ghs#gSs#g_s#ge1%dr1%dos#gCs#ge1%dls#gis#gb1%do1%dm.xml] [MODE][APPEND or MULTI_PROCESS]
D/S4URC   ( 4530): [SDK] [android.content.ContextWrapper][getSharedPreferences] [File][1%dss#gfs#ge1%dr1%dps#g_s#gds#ge1%drs#gas#ghs#gSs#g_s#ge1%dr1%dos#gCs#ge1%dls#gis#gb1%do1%dm.xml] [MODE][APPEND or MULTI_PROCESS] [Method][putString] [Key][prefs_first_run] [Value][false]
D/S4URC   ( 4530): [SDK] [android.content.ContextWrapper][getSharedPreferences] [File][1%dss#gfs#ge1%dr1%dps#g_s#gds#ge1%drs#gas#ghs#gSs#g_s#ge1%dr1%dos#gCs#ge1%dls#gis#gb1%do1%dm.xml] [MODE][APPEND or MULTI_PROCESS] [Method][putString] [Key][prefs_first_run1.0] [Value][false]
D/S4URC   ( 4530): [SDK] [java.io.File] [exists] [FilePath][String] [/data/data/com.atef.pencilsketch/shared_prefs/1%dss#gfs#ge1%dr1%dps#g_s#gds#ge1%drs#gas#ghs#gSs#g_s#ge1%dr1%dos#gCs#ge1%dls#gis#gb1%do1%dm.xml]
D/S4URC   ( 4530): [SDK] [java.io.File] [exists] [FilePath][String] [/data/data/com.atef.pencilsketch/shared_prefs/1%dss#gfs#ge1%dr1%dps#g_s#gds#ge1%drs#gas#ghs#gSs#g_s#ge1%dr1%dos#gCs#ge1%dls#gis#gb1%do1%dm.xml.bak]
D/S4URC   ( 4530): [SDK] [java.io.File] [renameTo] [FilePath][String] [/data/data/com.atef.pencilsketch/shared_prefs/1%dss#gfs#ge1%dr1%dps#g_s#gds#ge1%drs#gas#ghs#gSs#g_s#ge1%dr1%dos#gCs#ge1%dls#gis#gb1%do1%dm.xml] [DesFile][/data/data/com.atef.pencilsketch/shared_prefs/1%dss#gfs#ge1%dr1%dps#g_s#gds#ge1%drs#gas#ghs#gSs#g_s#ge1%dr1%dos#gCs#ge1%dls#gis#gb1%do1%dm.xml.bak]
D/S4URC   ( 4530): [SDK] [java.io.File] [getPath] [FilePath][String] [/data/data/com.atef.pencilsketch/shared_prefs/1%dss#gfs#ge1%dr1%dps#g_s#gds#ge1%drs#gas#ghs#gSs#g_s#ge1%dr1%dos#gCs#ge1%dls#gis#gb1%do1%dm.xml]
D/S4URC   ( 4634): [SDK] [java.io.File] [getPath] [FilePath][String] [/data/data/com.atef.pencilsketch/shared_prefs/1%dss#gfs#ge1%dr1%dps#g_s#gds#ge1%drs#gas#ghs#gSs#g_s#ge1%dr1%dos#gCs#ge1%dls#gis#gb1%do1%dm.xml]
D/S4URC   ( 4634): [SDK] [android.content.ContextWrapper][getSharedPreferences] [File][1%dss#gfs#ge1%dr1%dps#g_s#gds#ge1%drs#gas#ghs#gSs#g_s#ge1%dr1%dos#gCs#ge1%dls#gis#gb1%do1%dm.xml] [MODE][APPEND or MULTI_PROCESS]
D/S4URC   ( 4634): [SDK] [android.app.ApplicationPackageManager] [getPackageInfo] [FindPackageName][String] [com.atef.pencilsketch]
D/S4URC   ( 4634): [SDK] [java.io.File] [exists] [FilePath][String] [/data/data/com.atef.pencilsketch/shared_prefs/1%dss#gfs#ge1%dr1%dps#g_s#gds#ge1%drs#gas#ghs#gSs#g_s#ge1%dr1%dos#gCs#ge1%dls#gis#gb1%do1%dm.xml.bak]
D/S4URC   ( 4634): [SDK] [java.io.File] [delete] [FilePath][String] [/data/data/com.atef.pencilsketch/shared_prefs/1%dss#gfs#ge1%dr1%dps#g_s#gds#ge1%drs#gas#ghs#gSs#g_s#ge1%dr1%dos#gCs#ge1%dls#gis#gb1%do1%dm.xml]
D/S4URC   ( 4530): [SDK] [java.io.File] [getPath] [FilePath][String] [/data/data/com.atef.pencilsketch/shared_prefs/1%dss#gfs#ge1%dr1%dps#g_s#gds#ge1%drs#gas#ghs#gSs#g_s#ge1%dr1%dos#gCs#ge1%dls#gis#gb1%do1%dm.xml]
D/S4URC   ( 4634): [SDK] [java.io.File] [renameTo] [FilePath][String] [/data/data/com.atef.pencilsketch/shared_prefs/1%dss#gfs#ge1%dr1%dps#g_s#gds#ge1%drs#gas#ghs#gSs#g_s#ge1%dr1%dos#gCs#ge1%dls#gis#gb1%do1%dm.xml.bak] [DesFile][/data/data/com.atef.pencilsketch/shared_prefs/1%dss#gfs#ge1%dr1%dps#g_s#gds#ge1%drs#gas#ghs#gSs#g_s#ge1%dr1%dos#gCs#ge1%dls#gis#gb1%do1%dm.xml]
D/S4URC   ( 4530): [SDK] [java.io.File] [delete] [FilePath][String] [/data/data/com.atef.pencilsketch/shared_prefs/1%dss#gfs#ge1%dr1%dps#g_s#gds#ge1%drs#gas#ghs#gSs#g_s#ge1%dr1%dos#gCs#ge1%dls#gis#gb1%do1%dm.xml.bak]
D/S4URC   ( 4634): [SDK] [java.io.File] [exists] [FilePath][String] [/data/data/com.atef.pencilsketch/shared_prefs/1%dss#gfs#ge1%dr1%dps#g_s#gds#ge1%drs#gas#ghs#gSs#g_s#ge1%dr1%dos#gCs#ge1%dls#gis#gb1%do1%dm.xml]
D/S4URC   ( 4634): [SDK] [java.io.File] [canRead] [FilePath][String] [/data/data/com.atef.pencilsketch/shared_prefs/1%dss#gfs#ge1%dr1%dps#g_s#gds#ge1%drs#gas#ghs#gSs#g_s#ge1%dr1%dos#gCs#ge1%dls#gis#gb1%do1%dm.xml]
D/S4URC   ( 4530): [SDK] [android.content.ContextWrapper][getSharedPreferences] [File][1%dss#gfs#ge1%dr1%dps#g_s#gds#ge1%drs#gas#ghs#gSs#g_s#ge1%dr1%dos#gCs#ge1%dls#gis#gb1%do1%dm.xml] [MODE][APPEND or MULTI_PROCESS] [Method][commit]
D/S4URC   ( 4634): [SDK] [java.io.File] [getPath] [FilePath][String] [/data/data/com.atef.pencilsketch/shared_prefs/1%dss#gfs#ge1%dr1%dps#g_s#gds#ge1%drs#gas#ghs#gSs#g_s#ge1%dr1%dos#gCs#ge1%dls#gis#gb1%do1%dm.xml]
D/S4URC   ( 4634): [SDK] [java.io.File] [canRead] [FilePath][String] [/data/data/com.atef.pencilsketch/shared_prefs/1%dss#gfs#ge1%dr1%dps#g_s#gds#ge1%drs#gas#ghs#gSs#g_s#ge1%dr1%dos#gCs#ge1%dls#gis#gb1%do1%dm.xml]
D/S4URC   ( 4634): [SDK] [java.io.File] [getPath] [FilePath][String] [/data/data/com.atef.pencilsketch/shared_prefs/1%dss#gfs#ge1%dr1%dps#g_s#gds#ge1%drs#gas#ghs#gSs#g_s#ge1%dr1%dos#gCs#ge1%dls#gis#gb1%do1%dm.xml]
D/S4URC   ( 4530): [SDK] [android.content.ContextWrapper] [startService] [Intent] Intent { cmp=com.atef.pencilsketch/com.ironsource.mobilcore.MobileCoreReport (has extras) } [ExtraInfo][key:value][com.ironsource.mobilcore.MobileCoreReport_extra_action:success][1%dns#ge1%dk1%do1%dt:7PFAFUXR4L60HOTX06T0H0TLJYLVZ][com.ironsource.mobilecore.MobileCoreReport_extra_flow:events][com.ironsource.mobilcore.MobileCoreReport_extra_component:unique id][com.ironsource.mobilcore.MobileCoreReport_extra_event:fetch ad id][s#gds#gis#g_s#ge1%du1%dqs#gi1%dn1%dus#g_s#ga1%dr1%dt1%dxs#ge:6f824d6d-40f0-4ec4-87b8-6c8c55b87c8a][com.ironsource.mobilcore.MobileCoreReport_extra_additional_params:{"duration":"1963"}][s#ge1%dp1%dys#gT1%dt1%dr1%do1%dps#ge1%dr:99]
D/S4URC   ( 4634): [SDK] [java.io.File] [getPath] [FilePath][String] [/data/data/com.atef.pencilsketch/shared_prefs/1%dss#gfs#ge1%dr1%dps#g_s#gds#ge1%drs#gas#ghs#gSs#g_s#ge1%dr1%dos#gCs#ge1%dls#gis#gb1%do1%dm.xml]
D/S4URC   ( 4634): [SDK] [android.content.ContextWrapper][getSharedPreferences] [File][1%dss#gfs#ge1%dr1%dps#g_s#gds#ge1%drs#gas#ghs#gSs#g_s#ge1%dr1%dos#gCs#ge1%dls#gis#gb1%do1%dm.xml] [MODE][APPEND or MULTI_PROCESS]
D/S4URC   ( 4634): [SDK] [android.app.ApplicationPackageManager] [getPackageInfo] [FindPackageName][String] [com.atef.pencilsketch]
D/S4URC   ( 4530): [SDK] [android.content.ContextWrapper][getSharedPreferences] [File][1%dss#gfs#ge1%dr1%dps#g_s#gds#ge1%drs#gas#ghs#gSs#g_s#ge1%dr1%dos#gCs#ge1%dls#gis#gb1%do1%dm.xml] [MODE][APPEND or MULTI_PROCESS] [Method][putBoolean] [Key][copyDrawables] [Value][true]
D/S4URC   ( 4530): [SDK] [java.io.File] [exists] [FilePath][String] [/data/data/com.atef.pencilsketch/shared_prefs/com.startapp.android.publish.xml]
D/S4URC   ( 4530): [SDK] [java.io.File] [exists] [FilePath][String] [/data/data/com.atef.pencilsketch/shared_prefs/com.startapp.android.publish.xml.bak]
D/S4URC   ( 4530): [SDK] [java.io.File] [renameTo] [FilePath][String] [/data/data/com.atef.pencilsketch/shared_prefs/com.startapp.android.publish.xml] [DesFile][/data/data/com.atef.pencilsketch/shared_prefs/com.startapp.android.publish.xml.bak]
D/S4URC   ( 4634): [SDK] [java.io.File] [exists] [FilePath][String] [/data/data/com.atef.pencilsketch/files]
D/S4URC   ( 4530): [SDK] [java.io.File] [getPath] [FilePath][String] [/data/data/com.atef.pencilsketch/shared_prefs/com.startapp.android.publish.xml]
D/S4URC   ( 4634): [SDK] [java.io.File] [getPath] [FilePath][String] [/data/data/com.atef.pencilsketch/files]
D/S4URC   ( 4634): [SDK] [java.io.File] [Constructor] [FilePath][String] [/data/data/com.atef.pencilsketch/files/log_stack.dat]
D/S4URC   ( 4634): [SDK] [java.io.File] [exists] [FilePath][String] [/data/data/com.atef.pencilsketch/files/log_stack.dat]
D/S4URC   ( 4634): [SDK] [java.io.File] [exists] [FilePath][String] [/data/data/com.atef.pencilsketch/files]
D/S4URC   ( 4634): [SDK] [java.io.File] [getPath] [FilePath][String] [/data/data/com.atef.pencilsketch/files]
D/S4URC   ( 4634): [SDK] [java.io.File] [getPath] [FilePath][String] [/data/data/com.atef.pencilsketch/files/log_stack.dat]
D/S4URC   ( 4530): [SDK] [java.io.File] [getPath] [FilePath][String] [/data/data/com.atef.pencilsketch/shared_prefs/com.startapp.android.publish.xml]
D/S4URC   ( 4530): [SDK] [java.io.File] [delete] [FilePath][String] [/data/data/com.atef.pencilsketch/shared_prefs/com.startapp.android.publish.xml.bak]
D/S4URC   ( 4530):  [Method][getBoolean] [Boolean][copyDrawables] [Return][true]
D/S4URC   ( 4530): [SDK] [android.app.ApplicationPackageManager] [getApplicationInfo] [FindApplicationName][String] [com.atef.pencilsketch]
D/S4URC   ( 4530): [SDK] [java.io.File] [getPath] [FilePath][String] [/data/data/com.atef.pencilsketch]
D/S4URC   ( 4530): [SDK] [java.io.File] [exists] [FilePath][String] [/data/data/com.atef.pencilsketch/files]
D/S4URC   ( 4530): [SDK] [java.io.File] [getPath] [FilePath][String] [/data/data/com.atef.pencilsketch/files]
D/S4URC   ( 4530): [SDK] [java.io.File] [Constructor] [FilePath][String] [/data/app/com.atef.pencilsketch-1/base.apk]
D/S4URC   ( 4530): [SDK] [java.io.File] [getPath] [FilePath][String] [/data/app/com.atef.pencilsketch-1/base.apk]
D/S4URC   ( 4530): [SDK] [java.io.File] [Constructor] [FilePath][String] [/data/app/com.atef.pencilsketch-1/base.apk]
D/S4URC   ( 4530): [SDK] [java.io.File] [getPath] [FilePath][String] [/data/app/com.atef.pencilsketch-1/base.apk]
D/S4URC   ( 4530): [SDK] [java.io.File] [Constructor] [FilePath][String] [/data/data/com.atef.pencilsketch/files/drawable-hdpi.zip]
D/S4URC   ( 4530): [SDK] [java.io.File] [getPath] [FilePath][String] [/data/data/com.atef.pencilsketch/files/drawable-hdpi.zip]
D/S4URC   ( 4530): [SDK] [java.io.File] [exists] [FilePath][String] [/data/data/com.atef.pencilsketch/files]
D/S4URC   ( 4530): [SDK] [java.io.File] [getPath] [FilePath][String] [/data/data/com.atef.pencilsketch/files]
D/S4URC   ( 4530): [SDK] [java.io.File] [Constructor] [FilePath][String] [/data/data/com.atef.pencilsketch/files/drawable-hdpi.zip]
D/S4URC   ( 4530): [SDK] [java.io.File] [getPath] [FilePath][String] [/data/data/com.atef.pencilsketch/files/drawable-hdpi.zip]
D/S4URC   ( 4530): [SDK] [java.io.File] [exists] [FilePath][String] [/data/data/com.atef.pencilsketch/files]
D/S4URC   ( 4530): [SDK] [java.io.File] [getPath] [FilePath][String] [/data/data/com.atef.pencilsketch/files]
D/S4URC   ( 4530): [SDK] [java.io.File] [Constructor] [FilePath][String] [/data/data/com.atef.pencilsketch/files/logo.png]
D/S4URC   ( 4530): [SDK] [java.io.File] [getPath] [FilePath][String] [/data/data/com.atef.pencilsketch/files/logo.png]
D/S4URC   ( 4530): [SDK] [java.io.File] [exists] [FilePath][String] [/data/data/com.atef.pencilsketch/files]
D/S4URC   ( 4530): [SDK] [java.io.File] [getPath] [FilePath][String] [/data/data/com.atef.pencilsketch/files]
D/S4URC   ( 4530): [SDK] [java.io.File] [Constructor] [FilePath][String] [/data/data/com.atef.pencilsketch/files/empty_star.png]
D/S4URC   ( 4530): [SDK] [java.io.File] [getPath] [FilePath][String] [/data/data/com.atef.pencilsketch/files/empty_star.png]
D/S4URC   ( 4530): [SDK] [java.io.File] [exists] [FilePath][String] [/data/data/com.atef.pencilsketch/files]
D/S4URC   ( 4530): [SDK] [java.io.File] [getPath] [FilePath][String] [/data/data/com.atef.pencilsketch/files]
D/S4URC   ( 4530): [SDK] [java.io.File] [Constructor] [FilePath][String] [/data/data/com.atef.pencilsketch/files/filled_star.png]
D/S4URC   ( 4530): [SDK] [java.io.File] [getPath] [FilePath][String] [/data/data/com.atef.pencilsketch/files/filled_star.png]
D/S4URC   ( 4530): [SDK] [java.io.File] [exists] [FilePath][String] [/data/data/com.atef.pencilsketch/files]
D/S4URC   ( 4530): [SDK] [java.io.File] [getPath] [FilePath][String] [/data/data/com.atef.pencilsketch/files]
D/S4URC   ( 4530): [SDK] [java.io.File] [Constructor] [FilePath][String] [/data/data/com.atef.pencilsketch/files/half_star.png]
D/S4URC   ( 4530): [SDK] [java.io.File] [getPath] [FilePath][String] [/data/data/com.atef.pencilsketch/files/half_star.png]
D/S4URC   ( 4634): [SDK] [java.lang.Class] [forName] [FindClass][String] [android.content.pm.ApplicationInfo]
D/S4URC   ( 4530): [SDK] [java.io.File] [exists] [FilePath][String] [/data/data/com.atef.pencilsketch/files]
D/S4URC   ( 4530): [SDK] [java.io.File] [getPath] [FilePath][String] [/data/data/com.atef.pencilsketch/files]
D/S4URC   ( 4530): [SDK] [java.io.File] [Constructor] [FilePath][String] [/data/data/com.atef.pencilsketch/files/tab_side.png]
D/S4URC   ( 4530): [SDK] [java.io.File] [getPath] [FilePath][String] [/data/data/com.atef.pencilsketch/files/tab_side.png]
D/S4URC   ( 4530): [SDK] [java.io.File] [exists] [FilePath][String] [/data/data/com.atef.pencilsketch/files]
D/S4URC   ( 4530): [SDK] [java.io.File] [getPath] [FilePath][String] [/data/data/com.atef.pencilsketch/files]
D/S4URC   ( 4530): [SDK] [java.io.File] [Constructor] [FilePath][String] [/data/app/com.atef.pencilsketch-1/base.apk]
D/S4URC   ( 4530): [SDK] [java.io.File] [getPath] [FilePath][String] [/data/app/com.atef.pencilsketch-1/base.apk]
D/S4URC   ( 4530): [SDK] [java.io.File] [Constructor] [FilePath][String] [/data/app/com.atef.pencilsketch-1/base.apk]
D/S4URC   ( 4530): [SDK] [java.io.File] [getPath] [FilePath][String] [/data/app/com.atef.pencilsketch-1/base.apk]
D/S4URC   ( 4530): [SDK] [java.io.File] [Constructor] [FilePath][String] [/data/data/com.atef.pencilsketch/files/drawable.zip]
D/S4URC   ( 4530): [SDK] [java.io.File] [getPath] [FilePath][String] [/data/data/com.atef.pencilsketch/files/drawable.zip]
D/S4URC   ( 4530): [SDK] [java.io.File] [exists] [FilePath][String] [/data/data/com.atef.pencilsketch/files]
D/S4URC   ( 4530): [SDK] [java.io.File] [getPath] [FilePath][String] [/data/data/com.atef.pencilsketch/files]
D/S4URC   ( 4530): [SDK] [java.io.File] [Constructor] [FilePath][String] [/data/data/com.atef.pencilsketch/files/drawable.zip]
D/S4URC   ( 4530): [SDK] [java.io.File] [getPath] [FilePath][String] [/data/data/com.atef.pencilsketch/files/drawable.zip]
D/S4URC   ( 4530): [SDK] [java.io.File] [exists] [FilePath][String] [/data/data/com.atef.pencilsketch/files]
D/S4URC   ( 4530): [SDK] [java.io.File] [getPath] [FilePath][String] [/data/data/com.atef.pencilsketch/files]
D/S4URC   ( 4530): [SDK] [java.io.File] [Constructor] [FilePath][String] [/data/data/com.atef.pencilsketch/files/close_button.png]
D/S4URC   ( 4530): [SDK] [java.io.File] [getPath] [FilePath][String] [/data/data/com.atef.pencilsketch/files/close_button.png]
D/S4URC   ( 4530): [SDK] [java.io.File] [exists] [FilePath][String] [/data/data/com.atef.pencilsketch/files]
D/S4URC   ( 4530): [SDK] [java.io.File] [getPath] [FilePath][String] [/data/data/com.atef.pencilsketch/files]
D/S4URC   ( 4530): [SDK] [java.io.File] [Constructor] [FilePath][String] [/data/data/com.atef.pencilsketch/files/info_s.png]
D/S4URC   ( 4530): [SDK] [java.io.File] [getPath] [FilePath][String] [/data/data/com.atef.pencilsketch/files/info_s.png]
D/S4URC   ( 4530): [SDK] [java.io.File] [exists] [FilePath][String] [/data/data/com.atef.pencilsketch/files]
D/S4URC   ( 4530): [SDK] [java.io.File] [getPath] [FilePath][String] [/data/data/com.atef.pencilsketch/files]
D/S4URC   ( 4530): [SDK] [java.io.File] [Constructor] [FilePath][String] [/data/data/com.atef.pencilsketch/files/info_ex_s.png]
D/S4URC   ( 4530): [SDK] [java.io.File] [getPath] [FilePath][String] [/data/data/com.atef.pencilsketch/files/info_ex_s.png]
D/S4URC   ( 4530): [SDK] [java.io.File] [exists] [FilePath][String] [/data/data/com.atef.pencilsketch/files]
D/S4URC   ( 4530): [SDK] [java.io.File] [getPath] [FilePath][String] [/data/data/com.atef.pencilsketch/files]
D/S4URC   ( 4530): [SDK] [java.io.File] [Constructor] [FilePath][String] [/data/data/com.atef.pencilsketch/files/info_l.png]
D/S4URC   ( 4530): [SDK] [java.io.File] [getPath] [FilePath][String] [/data/data/com.atef.pencilsketch/files/info_l.png]
D/S4URC   ( 4530): [SDK] [java.io.File] [exists] [FilePath][String] [/data/data/com.atef.pencilsketch/files]
D/S4URC   ( 4530): [SDK] [java.io.File] [getPath] [FilePath][String] [/data/data/com.atef.pencilsketch/files]
D/S4URC   ( 4530): [SDK] [java.io.File] [Constructor] [FilePath][String] [/data/data/com.atef.pencilsketch/files/info_ex_l.png]
D/S4URC   ( 4530): [SDK] [java.io.File] [getPath] [FilePath][String] [/data/data/com.atef.pencilsketch/files/info_ex_l.png]
D/S4URC   ( 4530): [SDK] [java.io.File] [exists] [FilePath][String] [/data/data/com.atef.pencilsketch/files]
D/S4URC   ( 4530): [SDK] [java.io.File] [getPath] [FilePath][String] [/data/data/com.atef.pencilsketch/files]
D/S4URC   ( 4530): [SDK] [java.io.File] [Constructor] [FilePath][String] [/data/app/com.atef.pencilsketch-1/base.apk]
D/S4URC   ( 4530): [SDK] [java.io.File] [getPath] [FilePath][String] [/data/app/com.atef.pencilsketch-1/base.apk]
D/S4URC   ( 4530): [SDK] [java.io.File] [Constructor] [FilePath][String] [/data/app/com.atef.pencilsketch-1/base.apk]
D/S4URC   ( 4530): [SDK] [java.io.File] [getPath] [FilePath][String] [/data/app/com.atef.pencilsketch-1/base.apk]
D/S4URC   ( 4530): [SDK] [java.io.File] [exists] [FilePath][String] [/data/data/com.atef.pencilsketch/files]
D/S4URC   ( 4530): [SDK] [java.io.File] [getPath] [FilePath][String] [/data/data/com.atef.pencilsketch/files]
D/S4URC   ( 4530): [SDK] [java.io.File] [Constructor] [FilePath][String] [/data/data/com.atef.pencilsketch/files/resources.zip]
D/S4URC   ( 4530): [SDK] [java.io.File] [getPath] [FilePath][String] [/data/data/com.atef.pencilsketch/files/resources.zip]
D/S4URC   ( 4530): [SDK] [java.io.File] [exists] [FilePath][String] [/data/data/com.atef.pencilsketch/files]
D/S4URC   ( 4530): [SDK] [java.io.File] [getPath] [FilePath][String] [/data/data/com.atef.pencilsketch/files]
D/S4URC   ( 4530): [SDK] [java.io.File] [Constructor] [FilePath][String] [/data/data/com.atef.pencilsketch/files/Roboto-Regular.ttf]
D/S4URC   ( 4634): [SDK] [android.app.ApplicationPackageManager] [getInstalledApplications]
D/S4URC   ( 4634): [SDK] [java.io.File] [Constructor] [FilePath][String] [/system/app/RootPA/RootPA.apk]
D/S4URC   ( 4634): [SDK] [java.io.File] [Constructor] [FilePath][String] [/system/priv-app/TelephonyProvider/TelephonyProvider.apk]
D/S4URC   ( 4634): [SDK] [java.io.File] [Constructor] [FilePath][String] [/data/app/io.appium.settings-1/base.apk]
D/S4URC   ( 4634): [SDK] [java.io.File] [Constructor] [FilePath][String] [/data/app/com.google.android.googlequicksearchbox-1/base.apk]
D/S4URC   ( 4634): [SDK] [java.io.File] [Constructor] [FilePath][String] [/system/priv-app/CalendarProvider/CalendarProvider.apk]
D/S4URC   ( 4634): [SDK] [java.io.File] [Constructor] [FilePath][String] [/system/priv-app/MediaProvider/MediaProvider.apk]
D/S4URC   ( 4634): [SDK] [java.io.File] [Constructor] [FilePath][String] [/data/app/com.touchtype.swiftkey-1/base.apk]
D/S4URC   ( 4634): [SDK] [java.io.File] [Constructor] [FilePath][String] [/system/priv-app/GoogleOneTimeInitializer/GoogleOneTimeInitializer.apk]
D/S4URC   ( 4634): [SDK] [java.io.File] [Constructor] [FilePath][String] [/system/priv-app/WallpaperCropper/WallpaperCropper.apk]
D/S4URC   ( 4634): [SDK] [java.io.File] [Constructor] [FilePath][String] [/system/app/PhotoPhase/PhotoPhase.apk]
D/S4URC   ( 4634): [SDK] [java.io.File] [Constructor] [FilePath][String] [/system/app/DocumentsUI/DocumentsUI.apk]
D/S4URC   ( 4634): [SDK] [java.io.File] [Constructor] [FilePath][String] [/system/app/Galaxy4/Galaxy4.apk]
D/S4URC   ( 4634): [SDK] [java.io.File] [Constructor] [FilePath][String] [/system/priv-app/ExternalStorageProvider/ExternalStorageProvider.apk]
D/S4URC   ( 4634): [SDK] [java.io.File] [Constructor] [FilePath][String] [/system/app/HTMLViewer/HTMLViewer.apk]
D/S4URC   ( 4634): [SDK] [java.io.File] [Constructor] [FilePath][String] [/system/priv-app/MmsService/MmsService.apk]
D/S4URC   ( 4634): [SDK] [java.io.File] [Constructor] [FilePath][String] [/system/priv-app/DownloadProvider/DownloadProvider.apk]
D/S4URC   ( 4634): [SDK] [java.io.File] [Constructor] [FilePath][String] [/system/app/Terminal/Terminal.apk]
D/S4URC   ( 4634): [SDK] [java.io.File] [Constructor] [FilePath][String] [/system/priv-app/AudioFX/AudioFX.apk]
D/S4URC   ( 4634): [SDK] [java.io.File] [Constructor] [FilePath][String] [/system/app/Browser/Browser.apk]
D/S4URC   ( 4634): [SDK] [java.io.File] [Constructor] [FilePath][String] [/system/app/SoundRecorder/SoundRecorder.apk]
D/S4URC   ( 4634): [SDK] [java.io.File] [Constructor] [FilePath][String] [/data/app/io.appium.uiautomator2.server-2/base.apk]
D/S4URC   ( 4634): [SDK] [java.io.File] [Constructor] [FilePath][String] [/system/priv-app/DefaultContainerService/DefaultContainerService.apk]
D/S4URC   ( 4634): [SDK] [java.io.File] [Constructor] [FilePath][String] [/system/priv-app/CyanogenSetupWizard/CyanogenSetupWizard.apk]
D/S4URC   ( 4634): [SDK] [java.io.File] [Constructor] [FilePath][String] [/system/app/DownloadProviderUi/DownloadProviderUi.apk]
D/S4URC   ( 4634): [SDK] [java.io.File] [Constructor] [FilePath][String] [/data/app/com.android.vending-3/base.apk]
