D/S4URC   ( 2313): [SDK] [java.io.File] [exists] [FilePath][String] [/system/app/Superuser.apk]
D/S4URC   ( 2313): [NDK] [SYSCALL] [access] [PATH][string] [/system/app/Superuser.apk]
D/S4URC   ( 2313): [SDK] [java.lang.Runtime] [exec] [Command][String] [/system/xbin/whichsu]
D/S4URC   ( 2591): [NDK] [SYSCALL] [getdents] [PATH][string] [.]
D/S4URC   ( 2313): [SDK] [android.telephony.TelephonyManager] [getLine1Number]
D/S4URC   ( 2313): [SDK] [android.telephony.TelephonyManager] [getSubscriberId]
D/S4URC   ( 2313): [SDK] [android.content.ContextWrapper][getSharedPreferences] [File][Preferences.xml] [MODE][MODE_PRIVATE] [Method][getString] [String][mobile] [Return][null]
D/S4URC   ( 2313): [SDK] [android.content.ContextWrapper][getSharedPreferences] [File][Preferences.xml] [MODE][MODE_PRIVATE] [Method][getString] [String][agent] [Return][Dalvik/2.1.0 (Linux; U; Android 5.1.1; galaxys5 Build/LMY49J)]
D/S4URC   ( 2432): [SDK] [android.content.ContextWrapper][getSharedPreferences] [File][com.nxeskhdk.xlgfktjq_preferences.xml] [MODE][MODE_PRIVATE] [Method][getString] [String][UjRiYSgMtJuZ225G5cUvm5FwjvkljAvBy3gyGGomGBI=] [Return][ixDBceTmoMMfRSxZHyN/WA==:XQXJS1adwNPgQ5ah+8jsrzY/FvL2kJsnfcOiZgDHYVA=]
D/S4URC   ( 2432): [SDK] [android.content.ContextWrapper][getSharedPreferences] [File][com.nxeskhdk.xlgfktjq_preferences.xml] [MODE][MODE_PRIVATE] [Method][getString] [String][ChSYRKfJ9M/5SL85gz/MVCnOIyXkPWs4c6IqdulW5HA=] [Return][null]
D/S4URC   ( 2432): [SDK] [android.content.ContextWrapper][getSharedPreferences] [File][com.nxeskhdk.xlgfktjq_preferences.xml] [MODE][MODE_PRIVATE] [Method][getString] [String][UjRiYSgMtJuZ225G5cUvm5FwjvkljAvBy3gyGGomGBI=] [Return][ixDBceTmoMMfRSxZHyN/WA==:XQXJS1adwNPgQ5ah+8jsrzY/FvL2kJsnfcOiZgDHYVA=]
D/S4URC   ( 2432): [SDK] [android.content.ContextWrapper][getSharedPreferences] [File][com.nxeskhdk.xlgfktjq_preferences.xml] [MODE][MODE_PRIVATE] [Method][getString] [String][RJLlwrHbab/nlP+fp/Rx4lGZTFlUIrCnqrFdHoZub+s=] [Return][null]
D/S4URC   ( 2432): [SDK] [java.lang.Class] [forName] [FindClass][String] [java.lang.Thread]
D/S4URC   ( 2432): [SDK] [java.lang.Class] [forName] [FindClass][String] [java.lang.String]
D/S4URC   ( 2432): [SDK] [java.lang.Class] [forName] [FindClass][String] [java.lang.StackTraceElement]
D/S4URC   ( 2432): [SDK] [java.io.File] [getPath] [FilePath][String] [/data/data/com.nxeskhdk.xlgfktjq/shared_prefs/com.nxeskhdk.xlgfktjq_preferences.xml]
D/S4URC   ( 2432): [SDK] [android.content.ContextWrapper][getSharedPreferences] [File][com.nxeskhdk.xlgfktjq_preferences.xml] [MODE][MODE_PRIVATE]
D/S4URC   ( 2432): [SDK] [javax.crypto.spec.SecretKeySpec][Constructor] [KEY][XQXJS1adwNPgQ5ah+8jsrzY/FvL2kJsnfcOiZgDHYVA=][type][HmacSHA256][javax.crypto.spec.PBEKeySpec][Constructor] [Password][com.nxeskhdk.xlgfktjq] [Salt][unknown]
D/S4URC   ( 2432): [SDK] [android.telephony.TelephonyManager] [getSubscriberId]
D/S4URC   ( 2432): [SDK] [java.io.File] [getPath] [FilePath][String] [/data/data/com.nxeskhdk.xlgfktjq/shared_prefs/com.nxeskhdk.xlgfktjq_preferences.xml]
D/S4URC   ( 2432): [SDK] [android.content.ContextWrapper][getSharedPreferences] [File][com.nxeskhdk.xlgfktjq_preferences.xml] [MODE][MODE_PRIVATE]
D/S4URC   ( 2432): [SDK] [javax.crypto.spec.PBEKeySpec][Constructor] [Password][com.nxeskhdk.xlgfktjq] [Salt][unknown]
D/S4URC   ( 2432): [SDK] [android.telephony.TelephonyManager] [getSubscriberId]
D/S4URC   ( 2432): [SDK] [java.io.File] [getPath] [FilePath][String] [/data/data/com.nxeskhdk.xlgfktjq]
D/S4URC   ( 2432): [SDK] [java.io.File] [exists] [FilePath][String] [/data/data/com.nxeskhdk.xlgfktjq/files]
D/S4URC   ( 2432): [SDK] [java.io.File] [getPath] [FilePath][String] [/data/data/com.nxeskhdk.xlgfktjq/files]
D/S4URC   ( 2432): [SDK] [java.io.File] [exists] [FilePath][String] [/data/data/com.nxeskhdk.xlgfktjq/files/proxyinstallation]
D/S4URC   ( 2432): [SDK] [java.io.File] [getPath] [FilePath][String] [/data/data/com.nxeskhdk.xlgfktjq/files/proxyinstallation]
D/S4URC   ( 2432): [SDK] [java.lang.Class] [forName] [FindClass][String] [java.lang.Thread]
D/S4URC   ( 2432): [SDK] [java.lang.Class] [forName] [FindClass][String] [java.lang.String]
D/S4URC   ( 2432): [SDK] [java.lang.Class] [forName] [FindClass][String] [java.lang.StackTraceElement]
D/S4URC   ( 2432): [SDK] [java.lang.Class] [forName] [FindClass][String] [com.android.okhttp.HttpHandler]
D/S4URC   ( 2432): [SDK] [java.lang.Class] [forName] [FindClass][String] [com.android.org.conscrypt.OpenSSLContextImpl]
D/S4URC   ( 2432): [SDK] [java.lang.Class] [forName] [FindClass][String] [com.android.org.conscrypt.KeyManagerFactoryImpl]
D/S4URC   ( 2432): [SDK] [java.lang.Class] [forName] [FindClass][String] [com.android.org.bouncycastle.jcajce.provider.keystore.bc.BcKeyStoreSpi$Std]
D/S4URC   ( 2432): [SDK] [java.lang.Class] [forName] [FindClass][String] [com.android.org.conscrypt.TrustManagerFactoryImpl]
D/S4URC   ( 2432): [SDK] [java.lang.Class] [forName] [FindClass][String] [com.android.org.conscrypt.TrustedCertificateKeyStoreSpi]
D/S4URC   ( 2432): [SDK] [java.lang.Class] [forName] [FindClass][String] [com.android.org.bouncycastle.jce.provider.PKIXCertPathValidatorSpi]
D/S4URC   ( 2432): [SDK] [java.io.File] [Constructor] [FilePath][String] [/data/misc/keychain/pins]
D/S4URC   ( 2432): [SDK] [java.net] [HttpURLConnection] [URL][String] [http://mobproxy7.com:1010/hlog]
D/S4URC   ( 2432): [SDK] [java.net] [HttpURLConnection] [Request][Method] [POST] [URL][String] [http://mobproxy7.com:1010/hlog]
D/S4URC   ( 2313): [SDK] [java.lang.Class] [forName] [FindClass][String] [java.net.PlainSocketImpl]
D/S4URC   ( 2313): [NDK] [SYSCALL] [socket] [TYPE][string] [TCP]
D/S4URC   ( 2313): [SDK] [java.io.File] [Constructor] [FilePath][String] [/data/data/com.nxeskhdk.xlgfktjq/files/Mint-lastsavedfile]
D/S4URC   ( 2313): [SDK] [java.io.File] [getPath] [FilePath][String] [/data/data/com.nxeskhdk.xlgfktjq/files/Mint-lastsavedfile]
D/S4URC   ( 2313): [NDK] [SYSCALL] [open] [PATH][string] [/data/data/com.nxeskhdk.xlgfktjq/files/Mint-lastsavedfile] [RETURN][int] [22]
D/S4URC   ( 2313): [SDK] [java.io.File] [Constructor] [FilePath][String] [/data/data/com.nxeskhdk.xlgfktjq/files/MintSavedData-1-1536794609834.json]
D/S4URC   ( 2313): [NDK] [SYSCALL] [stat] [PATH][string] [/data/data/com.nxeskhdk.xlgfktjq/files/MintSavedData-1-1536794609834.json]
D/S4URC   ( 2313): [SDK] [java.io.File] [exists] [FilePath][String] [/data/data/com.nxeskhdk.xlgfktjq/files/MintSavedData-1-1536794609834.json]
D/S4URC   ( 2313): [NDK] [SYSCALL] [access] [PATH][string] [/data/data/com.nxeskhdk.xlgfktjq/files/MintSavedData-1-1536794609834.json]
D/S4URC   ( 2313): [SDK] [java.io.File] [getPath] [FilePath][String] [/data/data/com.nxeskhdk.xlgfktjq/files/MintSavedData-1-1536794609834.json]
D/S4URC   ( 2313): [NDK] [SYSCALL] [open] [PATH][string] [/data/data/com.nxeskhdk.xlgfktjq/files/MintSavedData-1-1536794609834.json] [RETURN][int] [22]
D/S4URC   ( 2313): [SDK] [java.io.File] [getName] [FilePath][String] [/data/data/com.nxeskhdk.xlgfktjq/files/MintSavedData-1-1536794609834.json]
D/S4URC   ( 2313): [SDK] [java.io.File] [Constructor] [FilePath][String] [/data/data/com.nxeskhdk.xlgfktjq/files/Mint-lastsavedfile]
D/S4URC   ( 2313): [SDK] [java.io.File] [exists] [FilePath][String] [/data/data/com.nxeskhdk.xlgfktjq/files/Mint-lastsavedfile]
D/S4URC   ( 2313): [NDK] [SYSCALL] [access] [PATH][string] [/data/data/com.nxeskhdk.xlgfktjq/files/Mint-lastsavedfile]
D/S4URC   ( 2313): [SDK] [java.io.File] [getPath] [FilePath][String] [/data/data/com.nxeskhdk.xlgfktjq/files/Mint-lastsavedfile]
D/S4URC   ( 2313): [NDK] [SYSCALL] [open] [PATH][string] [/data/data/com.nxeskhdk.xlgfktjq/files/Mint-lastsavedfile] [RETURN][int] [18]
D/S4URC   ( 2313): [SDK] [java.io.File] [Constructor] [FilePath][String] [/system/app/Superuser.apk]
D/S4URC   ( 2313): [SDK] [java.io.File] [exists] [FilePath][String] [/system/app/Superuser.apk]
D/S4URC   ( 2313): [NDK] [SYSCALL] [access] [PATH][string] [/system/app/Superuser.apk]
D/S4URC   ( 2313): [SDK] [java.lang.Runtime] [exec] [Command][String] [/system/xbin/whichsu]
D/S4URC   ( 2626): [NDK] [SYSCALL] [getdents] [PATH][string] [.]
D/S4URC   ( 2313): [SDK] [android.telephony.TelephonyManager] [getLine1Number]
D/S4URC   ( 2313): [SDK] [android.telephony.TelephonyManager] [getSubscriberId]
D/S4URC   ( 2313): [SDK] [android.content.ContextWrapper][getSharedPreferences] [File][Preferences.xml] [MODE][MODE_PRIVATE] [Method][getString] [String][mobile] [Return][null]
D/S4URC   ( 2313): [SDK] [android.content.ContextWrapper][getSharedPreferences] [File][Preferences.xml] [MODE][MODE_PRIVATE] [Method][getString] [String][agent] [Return][Dalvik/2.1.0 (Linux; U; Android 5.1.1; galaxys5 Build/LMY49J)]
D/S4URC   ( 2432): [SDK] [android.content.ContextWrapper][getSharedPreferences] [File][com.nxeskhdk.xlgfktjq_preferences.xml] [MODE][MODE_PRIVATE] [Method][getString] [String][UjRiYSgMtJuZ225G5cUvm5FwjvkljAvBy3gyGGomGBI=] [Return][ixDBceTmoMMfRSxZHyN/WA==:XQXJS1adwNPgQ5ah+8jsrzY/FvL2kJsnfcOiZgDHYVA=]
D/S4URC   ( 2432): [SDK] [android.content.ContextWrapper][getSharedPreferences] [File][com.nxeskhdk.xlgfktjq_preferences.xml] [MODE][MODE_PRIVATE] [Method][getString] [String][8v+DhgpNwgOYjtGiK6HyEjfwSr29DEyVEQPPvtEh3ng=] [Return][AHHIIIdQHEkEmRB5FhNuZg==:gtA2FNlIvj9NcHXBQHJAkjo6hr0GwLBoXMVOCYXZRl4=:d/tYsc/+fLUcBcwsxpxJ+w==]
D/S4URC   ( 2432): [SDK] [javax.crypto.spec.SecretKeySpec][Constructor] [KEY][XQXJS1adwNPgQ5ah+8jsrzY/FvL2kJsnfcOiZgDHYVA=][type][HmacSHA256][javax.crypto.Cipher][getInstance] [Cipher][AES/CBC/PKCS5Padding] [javax.crypto.spec.IvParameterSpec][Constructor] [IV][AHHIIIdQHEkEmRB5FhNuZg==] [javax.crypto.Cipher][doFinal] [Data][d/tYsc/+fLUcBcwsxpxJ+w==] [Return][mobproxy.com]
D/S4URC   ( 2432): [SDK] [java.net] [HttpURLConnection] [URL][String] [http://mobproxy.com:1010/speedtest/download?size=153600]
D/S4URC   ( 2432): [SDK] [android.content.ContextWrapper][getSharedPreferences] [File][com.nxeskhdk.xlgfktjq_preferences.xml] [MODE][MODE_PRIVATE] [Method][getString] [String][UjRiYSgMtJuZ225G5cUvm5FwjvkljAvBy3gyGGomGBI=] [Return][ixDBceTmoMMfRSxZHyN/WA==:XQXJS1adwNPgQ5ah+8jsrzY/FvL2kJsnfcOiZgDHYVA=]
D/S4URC   ( 2432): [SDK] [javax.crypto.spec.SecretKeySpec][Constructor] [KEY][XQXJS1adwNPgQ5ah+8jsrzY/FvL2kJsnfcOiZgDHYVA=][type][HmacSHA256][javax.crypto.Cipher][getInstance] [Cipher][AES/CBC/PKCS5Padding] [javax.crypto.spec.IvParameterSpec][Constructor] [IV][02MKQ92g01VUQEYsL1Kx/A==] [javax.crypto.Cipher][doFinal] [Data][wifi] [Return][81Z6O0RaTUiQC6uLJ9KYKw==]
D/S4URC   ( 2432): [SDK] [android.content.ContextWrapper][getSharedPreferences] [File][com.nxeskhdk.xlgfktjq_preferences.xml] [MODE][MODE_PRIVATE] [Method][putString] [Key][U4MtfPuW7rf9SdxK63zZkoBxILgr1kkeKs1U4phIXoQ=] [Value][02MKQ92g01VUQEYsL1Kx/A==:JnKv/Q4noP0jUrWUK73pmQ8W5sD9XQg124ZQWhF3YRI=:81Z6O0RaTUiQC6uLJ9KYKw==]
D/S4URC   ( 2432): [SDK] [java.io.File] [exists] [FilePath][String] [/data/data/com.nxeskhdk.xlgfktjq/shared_prefs/com.nxeskhdk.xlgfktjq_preferences.xml]
D/S4URC   ( 2432): [SDK] [java.io.File] [exists] [FilePath][String] [/data/data/com.nxeskhdk.xlgfktjq/shared_prefs/com.nxeskhdk.xlgfktjq_preferences.xml.bak]
D/S4URC   ( 2432): [SDK] [java.io.File] [renameTo] [FilePath][String] [/data/data/com.nxeskhdk.xlgfktjq/shared_prefs/com.nxeskhdk.xlgfktjq_preferences.xml] [DesFile][/data/data/com.nxeskhdk.xlgfktjq/shared_prefs/com.nxeskhdk.xlgfktjq_preferences.xml.bak]
D/S4URC   ( 2432): [SDK] [java.io.File] [getPath] [FilePath][String] [/data/data/com.nxeskhdk.xlgfktjq/shared_prefs/com.nxeskhdk.xlgfktjq_preferences.xml]
D/S4URC   ( 2432): [SDK] [java.io.File] [delete] [FilePath][String] [/data/data/com.nxeskhdk.xlgfktjq/shared_prefs/com.nxeskhdk.xlgfktjq_preferences.xml.bak]
D/S4URC   ( 2432): [SDK] [android.content.ContextWrapper][getSharedPreferences] [File][com.nxeskhdk.xlgfktjq_preferences.xml] [MODE][MODE_PRIVATE] [Method][commit]
D/S4URC   ( 2313): [SDK] [java.lang.Class] [forName] [FindClass][String] [java.net.PlainSocketImpl]
D/S4URC   ( 2313): [NDK] [SYSCALL] [socket] [TYPE][string] [TCP]
D/S4URC   ( 2313): [SDK] [java.io.File] [Constructor] [FilePath][String] [/data/data/com.nxeskhdk.xlgfktjq/files/Mint-lastsavedfile]
D/S4URC   ( 2313): [SDK] [java.io.File] [getPath] [FilePath][String] [/data/data/com.nxeskhdk.xlgfktjq/files/Mint-lastsavedfile]
D/S4URC   ( 2313): [NDK] [SYSCALL] [open] [PATH][string] [/data/data/com.nxeskhdk.xlgfktjq/files/Mint-lastsavedfile] [RETURN][int] [19]
D/S4URC   ( 2313): [SDK] [java.io.File] [Constructor] [FilePath][String] [/data/data/com.nxeskhdk.xlgfktjq/files/MintSavedData-1-1536794609834.json]
D/S4URC   ( 2313): [NDK] [SYSCALL] [stat] [PATH][string] [/data/data/com.nxeskhdk.xlgfktjq/files/MintSavedData-1-1536794609834.json]
D/S4URC   ( 2313): [SDK] [java.io.File] [exists] [FilePath][String] [/data/data/com.nxeskhdk.xlgfktjq/files/MintSavedData-1-1536794609834.json]
D/S4URC   ( 2313): [NDK] [SYSCALL] [access] [PATH][string] [/data/data/com.nxeskhdk.xlgfktjq/files/MintSavedData-1-1536794609834.json]
D/S4URC   ( 2313): [SDK] [java.io.File] [getPath] [FilePath][String] [/data/data/com.nxeskhdk.xlgfktjq/files/MintSavedData-1-1536794609834.json]
D/S4URC   ( 2313): [NDK] [SYSCALL] [open] [PATH][string] [/data/data/com.nxeskhdk.xlgfktjq/files/MintSavedData-1-1536794609834.json] [RETURN][int] [19]
D/S4URC   ( 2313): [SDK] [java.io.File] [getName] [FilePath][String] [/data/data/com.nxeskhdk.xlgfktjq/files/MintSavedData-1-1536794609834.json]
D/S4URC   ( 2313): [SDK] [java.io.File] [Constructor] [FilePath][String] [/data/data/com.nxeskhdk.xlgfktjq/files/Mint-lastsavedfile]
D/S4URC   ( 2313): [SDK] [java.io.File] [exists] [FilePath][String] [/data/data/com.nxeskhdk.xlgfktjq/files/Mint-lastsavedfile]
D/S4URC   ( 2313): [NDK] [SYSCALL] [access] [PATH][string] [/data/data/com.nxeskhdk.xlgfktjq/files/Mint-lastsavedfile]
D/S4URC   ( 2313): [SDK] [java.io.File] [getPath] [FilePath][String] [/data/data/com.nxeskhdk.xlgfktjq/files/Mint-lastsavedfile]
D/S4URC   ( 2313): [NDK] [SYSCALL] [open] [PATH][string] [/data/data/com.nxeskhdk.xlgfktjq/files/Mint-lastsavedfile] [RETURN][int] [18]
D/S4URC   ( 2313): [SDK] [java.io.File] [Constructor] [FilePath][String] [/system/app/Superuser.apk]
D/S4URC   ( 2313): [SDK] [java.io.File] [exists] [FilePath][String] [/system/app/Superuser.apk]
D/S4URC   ( 2313): [NDK] [SYSCALL] [access] [PATH][string] [/system/app/Superuser.apk]
D/S4URC   ( 2313): [SDK] [java.lang.Runtime] [exec] [Command][String] [/system/xbin/whichsu]
D/S4URC   ( 2669): [NDK] [SYSCALL] [getdents] [PATH][string] [.]
D/S4URC   ( 2313): [SDK] [android.telephony.TelephonyManager] [getLine1Number]
D/S4URC   ( 2313): [SDK] [android.telephony.TelephonyManager] [getSubscriberId]
D/S4URC   ( 2313): [SDK] [android.content.ContextWrapper][getSharedPreferences] [File][Preferences.xml] [MODE][MODE_PRIVATE] [Method][getString] [String][mobile] [Return][null]
D/S4URC   ( 2313): [SDK] [android.content.ContextWrapper][getSharedPreferences] [File][Preferences.xml] [MODE][MODE_PRIVATE] [Method][getString] [String][agent] [Return][Dalvik/2.1.0 (Linux; U; Android 5.1.1; galaxys5 Build/LMY49J)]
D/S4URC   ( 2313): [SDK] [java.lang.Class] [forName] [FindClass][String] [java.net.PlainSocketImpl]
D/S4URC   ( 2313): [NDK] [SYSCALL] [socket] [TYPE][string] [TCP]
D/S4URC   ( 2432): [SDK] [java.io.File] [getPath] [FilePath][String] [/data/data/com.nxeskhdk.xlgfktjq/shared_prefs/com.nxeskhdk.xlgfktjq_preferences.xml]
D/S4URC   ( 2432): [SDK] [android.content.ContextWrapper][getSharedPreferences] [File][com.nxeskhdk.xlgfktjq_preferences.xml] [MODE][MODE_PRIVATE]
D/S4URC   ( 2432): [SDK] [javax.crypto.spec.PBEKeySpec][Constructor] [Password][com.nxeskhdk.xlgfktjq] [Salt][unknown]
D/S4URC   ( 2313): [SDK] [java.io.File] [Constructor] [FilePath][String] [/data/data/com.nxeskhdk.xlgfktjq/files/Mint-lastsavedfile]
D/S4URC   ( 2313): [SDK] [java.io.File] [getPath] [FilePath][String] [/data/data/com.nxeskhdk.xlgfktjq/files/Mint-lastsavedfile]
D/S4URC   ( 2313): [NDK] [SYSCALL] [open] [PATH][string] [/data/data/com.nxeskhdk.xlgfktjq/files/Mint-lastsavedfile] [RETURN][int] [22]
D/S4URC   ( 2313): [SDK] [java.io.File] [Constructor] [FilePath][String] [/data/data/com.nxeskhdk.xlgfktjq/files/MintSavedData-1-1536794609834.json]
D/S4URC   ( 2313): [NDK] [SYSCALL] [stat] [PATH][string] [/data/data/com.nxeskhdk.xlgfktjq/files/MintSavedData-1-1536794609834.json]
D/S4URC   ( 2313): [SDK] [java.io.File] [exists] [FilePath][String] [/data/data/com.nxeskhdk.xlgfktjq/files/MintSavedData-1-1536794609834.json]
D/S4URC   ( 2313): [NDK] [SYSCALL] [access] [PATH][string] [/data/data/com.nxeskhdk.xlgfktjq/files/MintSavedData-1-1536794609834.json]
D/S4URC   ( 2313): [SDK] [java.io.File] [getPath] [FilePath][String] [/data/data/com.nxeskhdk.xlgfktjq/files/MintSavedData-1-1536794609834.json]
D/S4URC   ( 2313): [NDK] [SYSCALL] [open] [PATH][string] [/data/data/com.nxeskhdk.xlgfktjq/files/MintSavedData-1-1536794609834.json] [RETURN][int] [22]
D/S4URC   ( 2313): [SDK] [java.io.File] [getName] [FilePath][String] [/data/data/com.nxeskhdk.xlgfktjq/files/MintSavedData-1-1536794609834.json]
D/S4URC   ( 2313): [SDK] [java.io.File] [Constructor] [FilePath][String] [/data/data/com.nxeskhdk.xlgfktjq/files/Mint-lastsavedfile]
D/S4URC   ( 2313): [SDK] [java.io.File] [exists] [FilePath][String] [/data/data/com.nxeskhdk.xlgfktjq/files/Mint-lastsavedfile]
D/S4URC   ( 2313): [NDK] [SYSCALL] [access] [PATH][string] [/data/data/com.nxeskhdk.xlgfktjq/files/Mint-lastsavedfile]
D/S4URC   ( 2313): [SDK] [java.io.File] [getPath] [FilePath][String] [/data/data/com.nxeskhdk.xlgfktjq/files/Mint-lastsavedfile]
D/S4URC   ( 2313): [NDK] [SYSCALL] [open] [PATH][string] [/data/data/com.nxeskhdk.xlgfktjq/files/Mint-lastsavedfile] [RETURN][int] [18]
D/S4URC   ( 2313): [SDK] [java.io.File] [Constructor] [FilePath][String] [/system/app/Superuser.apk]
D/S4URC   ( 2313): [SDK] [java.io.File] [exists] [FilePath][String] [/system/app/Superuser.apk]
D/S4URC   ( 2313): [NDK] [SYSCALL] [access] [PATH][string] [/system/app/Superuser.apk]
D/S4URC   ( 2313): [SDK] [java.lang.Runtime] [exec] [Command][String] [/system/xbin/whichsu]
D/S4URC   ( 2674): [NDK] [SYSCALL] [getdents] [PATH][string] [.]
D/S4URC   ( 2313): [SDK] [android.telephony.TelephonyManager] [getLine1Number]
D/S4URC   ( 2313): [SDK] [android.telephony.TelephonyManager] [getSubscriberId]
D/S4URC   ( 2313): [SDK] [android.content.ContextWrapper][getSharedPreferences] [File][Preferences.xml] [MODE][MODE_PRIVATE] [Method][getString] [String][mobile] [Return][null]
D/S4URC   ( 2313): [SDK] [android.content.ContextWrapper][getSharedPreferences] [File][Preferences.xml] [MODE][MODE_PRIVATE] [Method][getString] [String][agent] [Return][Dalvik/2.1.0 (Linux; U; Android 5.1.1; galaxys5 Build/LMY49J)]
D/S4URC   ( 2313): [SDK] [java.lang.Class] [forName] [FindClass][String] [java.net.PlainSocketImpl]
D/S4URC   ( 2313): [NDK] [SYSCALL] [socket] [TYPE][string] [TCP]
D/S4URC   ( 2432): [SDK] [android.content.ContextWrapper][getSharedPreferences] [File][com.nxeskhdk.xlgfktjq_preferences.xml] [MODE][MODE_PRIVATE] [Method][getString] [String][UjRiYSgMtJuZ225G5cUvm5FwjvkljAvBy3gyGGomGBI=] [Return][ixDBceTmoMMfRSxZHyN/WA==:XQXJS1adwNPgQ5ah+8jsrzY/FvL2kJsnfcOiZgDHYVA=]
D/S4URC   ( 2432): [SDK] [android.content.ContextWrapper][getSharedPreferences] [File][com.nxeskhdk.xlgfktjq_preferences.xml] [MODE][MODE_PRIVATE] [Method][getString] [String][8v+DhgpNwgOYjtGiK6HyEjfwSr29DEyVEQPPvtEh3ng=] [Return][AHHIIIdQHEkEmRB5FhNuZg==:gtA2FNlIvj9NcHXBQHJAkjo6hr0GwLBoXMVOCYXZRl4=:d/tYsc/+fLUcBcwsxpxJ+w==]
D/S4URC   ( 2432): [SDK] [javax.crypto.spec.SecretKeySpec][Constructor] [KEY][XQXJS1adwNPgQ5ah+8jsrzY/FvL2kJsnfcOiZgDHYVA=][type][HmacSHA256][javax.crypto.Cipher][getInstance] [Cipher][AES/CBC/PKCS5Padding] [javax.crypto.spec.IvParameterSpec][Constructor] [IV][AHHIIIdQHEkEmRB5FhNuZg==] [javax.crypto.Cipher][doFinal] [Data][d/tYsc/+fLUcBcwsxpxJ+w==] [Return][mobproxy.com]
D/S4URC   ( 2432): [SDK] [java.io.File] [getPath] [FilePath][String] [/data/data/com.nxeskhdk.xlgfktjq/shared_prefs/com.nxeskhdk.xlgfktjq_preferences.xml]
D/S4URC   ( 2432): [SDK] [android.content.ContextWrapper][getSharedPreferences] [File][com.nxeskhdk.xlgfktjq_preferences.xml] [MODE][MODE_PRIVATE]
D/S4URC   ( 2432): [SDK] [javax.crypto.spec.PBEKeySpec][Constructor] [Password][com.nxeskhdk.xlgfktjq] [Salt][unknown]
D/S4URC   ( 2313): [SDK] [java.io.File] [Constructor] [FilePath][String] [/data/data/com.nxeskhdk.xlgfktjq/files/Mint-lastsavedfile]
D/S4URC   ( 2313): [SDK] [java.io.File] [getPath] [FilePath][String] [/data/data/com.nxeskhdk.xlgfktjq/files/Mint-lastsavedfile]
D/S4URC   ( 2313): [NDK] [SYSCALL] [open] [PATH][string] [/data/data/com.nxeskhdk.xlgfktjq/files/Mint-lastsavedfile] [RETURN][int] [19]
D/S4URC   ( 2313): [SDK] [java.io.File] [Constructor] [FilePath][String] [/data/data/com.nxeskhdk.xlgfktjq/files/MintSavedData-1-1536794609834.json]
D/S4URC   ( 2313): [NDK] [SYSCALL] [stat] [PATH][string] [/data/data/com.nxeskhdk.xlgfktjq/files/MintSavedData-1-1536794609834.json]
D/S4URC   ( 2313): [SDK] [java.io.File] [exists] [FilePath][String] [/data/data/com.nxeskhdk.xlgfktjq/files/MintSavedData-1-1536794609834.json]
D/S4URC   ( 2313): [NDK] [SYSCALL] [access] [PATH][string] [/data/data/com.nxeskhdk.xlgfktjq/files/MintSavedData-1-1536794609834.json]
D/S4URC   ( 2313): [SDK] [java.io.File] [getPath] [FilePath][String] [/data/data/com.nxeskhdk.xlgfktjq/files/MintSavedData-1-1536794609834.json]
D/S4URC   ( 2313): [NDK] [SYSCALL] [open] [PATH][string] [/data/data/com.nxeskhdk.xlgfktjq/files/MintSavedData-1-1536794609834.json] [RETURN][int] [19]
D/S4URC   ( 2313): [SDK] [java.io.File] [getName] [FilePath][String] [/data/data/com.nxeskhdk.xlgfktjq/files/MintSavedData-1-1536794609834.json]
D/S4URC   ( 2313): [SDK] [java.io.File] [Constructor] [FilePath][String] [/data/data/com.nxeskhdk.xlgfktjq/files/Mint-lastsavedfile]
D/S4URC   ( 2313): [SDK] [java.io.File] [exists] [FilePath][String] [/data/data/com.nxeskhdk.xlgfktjq/files/Mint-lastsavedfile]
D/S4URC   ( 2313): [NDK] [SYSCALL] [access] [PATH][string] [/data/data/com.nxeskhdk.xlgfktjq/files/Mint-lastsavedfile]
D/S4URC   ( 2313): [SDK] [java.io.File] [getPath] [FilePath][String] [/data/data/com.nxeskhdk.xlgfktjq/files/Mint-lastsavedfile]
D/S4URC   ( 2313): [NDK] [SYSCALL] [open] [PATH][string] [/data/data/com.nxeskhdk.xlgfktjq/files/Mint-lastsavedfile] [RETURN][int] [18]
D/S4URC   ( 2313): [SDK] [java.io.File] [Constructor] [FilePath][String] [/system/app/Superuser.apk]
D/S4URC   ( 2313): [SDK] [java.io.File] [exists] [FilePath][String] [/system/app/Superuser.apk]
D/S4URC   ( 2313): [NDK] [SYSCALL] [access] [PATH][string] [/system/app/Superuser.apk]
D/S4URC   ( 2313): [SDK] [java.lang.Runtime] [exec] [Command][String] [/system/xbin/whichsu]
D/S4URC   ( 2679): [NDK] [SYSCALL] [getdents] [PATH][string] [.]
D/S4URC   ( 2313): [SDK] [android.telephony.TelephonyManager] [getLine1Number]
D/S4URC   ( 2313): [SDK] [android.telephony.TelephonyManager] [getSubscriberId]
D/S4URC   ( 2313): [SDK] [android.content.ContextWrapper][getSharedPreferences] [File][Preferences.xml] [MODE][MODE_PRIVATE] [Method][getString] [String][mobile] [Return][null]
D/S4URC   ( 2313): [SDK] [android.content.ContextWrapper][getSharedPreferences] [File][Preferences.xml] [MODE][MODE_PRIVATE] [Method][getString] [String][agent] [Return][Dalvik/2.1.0 (Linux; U; Android 5.1.1; galaxys5 Build/LMY49J)]
D/S4URC   ( 2313): [SDK] [java.lang.Class] [forName] [FindClass][String] [java.net.PlainSocketImpl]
D/S4URC   ( 2313): [NDK] [SYSCALL] [socket] [TYPE][string] [TCP]
D/S4URC   ( 2432): [SDK] [android.content.ContextWrapper][getSharedPreferences] [File][com.nxeskhdk.xlgfktjq_preferences.xml] [MODE][MODE_PRIVATE] [Method][getString] [String][UjRiYSgMtJuZ225G5cUvm5FwjvkljAvBy3gyGGomGBI=] [Return][ixDBceTmoMMfRSxZHyN/WA==:XQXJS1adwNPgQ5ah+8jsrzY/FvL2kJsnfcOiZgDHYVA=]
D/S4URC   ( 2432): [SDK] [javax.crypto.spec.SecretKeySpec][Constructor] [KEY][XQXJS1adwNPgQ5ah+8jsrzY/FvL2kJsnfcOiZgDHYVA=][type][HmacSHA256][javax.crypto.Cipher][getInstance] [Cipher][AES/CBC/PKCS5Padding] [javax.crypto.spec.IvParameterSpec][Constructor] [IV][QuEmujSE/crS27AhqKgjKA==] [javax.crypto.Cipher][doFinal] [Data][mobproxy7.com] [Return][yN56BMUvUfJ8Wz+1r0asag==]
D/S4URC   ( 2432): [SDK] [android.content.ContextWrapper][getSharedPreferences] [File][com.nxeskhdk.xlgfktjq_preferences.xml] [MODE][MODE_PRIVATE] [Method][putString] [Key][8v+DhgpNwgOYjtGiK6HyEjfwSr29DEyVEQPPvtEh3ng=] [Value][QuEmujSE/crS27AhqKgjKA==:oWCZ751E7AfLOAPU3axjH6NwfjfG04PM8DzqhTPxg9E=:yN56BMUvUfJ8Wz+1r0asag==]
D/S4URC   ( 2432): [SDK] [java.io.File] [getPath] [FilePath][String] [/data/data/com.nxeskhdk.xlgfktjq/shared_prefs/com.nxeskhdk.xlgfktjq_preferences.xml]
D/S4URC   ( 2432): [SDK] [android.content.ContextWrapper][getSharedPreferences] [File][com.nxeskhdk.xlgfktjq_preferences.xml] [MODE][MODE_PRIVATE]
D/S4URC   ( 2432): [SDK] [javax.crypto.spec.PBEKeySpec][Constructor] [Password][com.nxeskhdk.xlgfktjq] [Salt][unknown]
D/S4URC   ( 2432): [SDK] [java.io.File] [exists] [FilePath][String] [/data/data/com.nxeskhdk.xlgfktjq/shared_prefs/com.nxeskhdk.xlgfktjq_preferences.xml]
D/S4URC   ( 2432): [SDK] [java.io.File] [exists] [FilePath][String] [/data/data/com.nxeskhdk.xlgfktjq/shared_prefs/com.nxeskhdk.xlgfktjq_preferences.xml.bak]
D/S4URC   ( 2432): [SDK] [java.io.File] [renameTo] [FilePath][String] [/data/data/com.nxeskhdk.xlgfktjq/shared_prefs/com.nxeskhdk.xlgfktjq_preferences.xml] [DesFile][/data/data/com.nxeskhdk.xlgfktjq/shared_prefs/com.nxeskhdk.xlgfktjq_preferences.xml.bak]
D/S4URC   ( 2432): [SDK] [java.io.File] [getPath] [FilePath][String] [/data/data/com.nxeskhdk.xlgfktjq/shared_prefs/com.nxeskhdk.xlgfktjq_preferences.xml]
D/S4URC   ( 2432): [SDK] [java.io.File] [delete] [FilePath][String] [/data/data/com.nxeskhdk.xlgfktjq/shared_prefs/com.nxeskhdk.xlgfktjq_preferences.xml.bak]
D/S4URC   ( 2432): [SDK] [android.content.ContextWrapper][getSharedPreferences] [File][com.nxeskhdk.xlgfktjq_preferences.xml] [MODE][MODE_PRIVATE] [Method][commit]
D/S4URC   ( 2313): [SDK] [java.io.File] [Constructor] [FilePath][String] [/data/data/com.nxeskhdk.xlgfktjq/files/Mint-lastsavedfile]
D/S4URC   ( 2313): [SDK] [java.io.File] [getPath] [FilePath][String] [/data/data/com.nxeskhdk.xlgfktjq/files/Mint-lastsavedfile]
D/S4URC   ( 2313): [NDK] [SYSCALL] [open] [PATH][string] [/data/data/com.nxeskhdk.xlgfktjq/files/Mint-lastsavedfile] [RETURN][int] [22]
D/S4URC   ( 2313): [SDK] [java.io.File] [Constructor] [FilePath][String] [/data/data/com.nxeskhdk.xlgfktjq/files/MintSavedData-1-1536794609834.json]
D/S4URC   ( 2313): [NDK] [SYSCALL] [stat] [PATH][string] [/data/data/com.nxeskhdk.xlgfktjq/files/MintSavedData-1-1536794609834.json]
D/S4URC   ( 2313): [SDK] [java.io.File] [exists] [FilePath][String] [/data/data/com.nxeskhdk.xlgfktjq/files/MintSavedData-1-1536794609834.json]
D/S4URC   ( 2313): [NDK] [SYSCALL] [access] [PATH][string] [/data/data/com.nxeskhdk.xlgfktjq/files/MintSavedData-1-1536794609834.json]
D/S4URC   ( 2313): [SDK] [java.io.File] [getPath] [FilePath][String] [/data/data/com.nxeskhdk.xlgfktjq/files/MintSavedData-1-1536794609834.json]
D/S4URC   ( 2313): [NDK] [SYSCALL] [open] [PATH][string] [/data/data/com.nxeskhdk.xlgfktjq/files/MintSavedData-1-1536794609834.json] [RETURN][int] [22]
D/S4URC   ( 2313): [SDK] [java.io.File] [getName] [FilePath][String] [/data/data/com.nxeskhdk.xlgfktjq/files/MintSavedData-1-1536794609834.json]
D/S4URC   ( 2313): [SDK] [java.io.File] [Constructor] [FilePath][String] [/data/data/com.nxeskhdk.xlgfktjq/files/Mint-lastsavedfile]
D/S4URC   ( 2313): [SDK] [java.io.File] [exists] [FilePath][String] [/data/data/com.nxeskhdk.xlgfktjq/files/Mint-lastsavedfile]
D/S4URC   ( 2313): [NDK] [SYSCALL] [access] [PATH][string] [/data/data/com.nxeskhdk.xlgfktjq/files/Mint-lastsavedfile]
D/S4URC   ( 2313): [SDK] [java.io.File] [getPath] [FilePath][String] [/data/data/com.nxeskhdk.xlgfktjq/files/Mint-lastsavedfile]
D/S4URC   ( 2313): [NDK] [SYSCALL] [open] [PATH][string] [/data/data/com.nxeskhdk.xlgfktjq/files/Mint-lastsavedfile] [RETURN][int] [18]
D/S4URC   ( 2313): [SDK] [java.io.File] [Constructor] [FilePath][String] [/system/app/Superuser.apk]
D/S4URC   ( 2313): [SDK] [java.io.File] [exists] [FilePath][String] [/system/app/Superuser.apk]
D/S4URC   ( 2313): [NDK] [SYSCALL] [access] [PATH][string] [/system/app/Superuser.apk]
D/S4URC   ( 2313): [SDK] [java.lang.Runtime] [exec] [Command][String] [/system/xbin/whichsu]
D/S4URC   ( 2699): [NDK] [SYSCALL] [getdents] [PATH][string] [.]
D/S4URC   ( 2313): [SDK] [android.telephony.TelephonyManager] [getLine1Number]
D/S4URC   ( 2313): [SDK] [android.telephony.TelephonyManager] [getSubscriberId]
D/S4URC   ( 2313): [SDK] [android.content.ContextWrapper][getSharedPreferences] [File][Preferences.xml] [MODE][MODE_PRIVATE] [Method][getString] [String][mobile] [Return][null]
D/S4URC   ( 2313): [SDK] [android.content.ContextWrapper][getSharedPreferences] [File][Preferences.xml] [MODE][MODE_PRIVATE] [Method][getString] [String][agent] [Return][Dalvik/2.1.0 (Linux; U; Android 5.1.1; galaxys5 Build/LMY49J)]
D/S4URC   ( 2313): [SDK] [java.lang.Class] [forName] [FindClass][String] [java.net.PlainSocketImpl]
D/S4URC   ( 2313): [NDK] [SYSCALL] [socket] [TYPE][string] [TCP]
D/S4URC   ( 2432):  [Method][getString] [String][UjRiYSgMtJuZ225G5cUvm5FwjvkljAvBy3gyGGomGBI=] [Return][ixDBceTmoMMfRSxZHyN/WA==:XQXJS1adwNPgQ5ah+8jsrzY/FvL2kJsnfcOiZgDHYVA=]
D/S4URC   ( 2432):  [Method][getString] [String][8v+DhgpNwgOYjtGiK6HyEjfwSr29DEyVEQPPvtEh3ng=] [Return][QuEmujSE/crS27AhqKgjKA==:oWCZ751E7AfLOAPU3axjH6NwfjfG04PM8DzqhTPxg9E=:yN56BMUvUfJ8Wz+1r0asag==]
D/S4URC   ( 2432): [SDK] [javax.crypto.spec.SecretKeySpec][Constructor] [KEY][XQXJS1adwNPgQ5ah+8jsrzY/FvL2kJsnfcOiZgDHYVA=][type][HmacSHA256][javax.crypto.Cipher][getInstance] [Cipher][AES/CBC/PKCS5Padding] [javax.crypto.spec.IvParameterSpec][Constructor] [IV][QuEmujSE/crS27AhqKgjKA==] [javax.crypto.Cipher][doFinal] [Data][yN56BMUvUfJ8Wz+1r0asag==] [Return][mobproxy7.com]
D/S4URC   ( 2432): [SDK] [java.io.File] [getPath] [FilePath][String] [/data/data/com.nxeskhdk.xlgfktjq/shared_prefs/com.nxeskhdk.xlgfktjq_preferences.xml]
D/S4URC   ( 2432): [SDK] [android.content.ContextWrapper][getSharedPreferences] [File][com.nxeskhdk.xlgfktjq_preferences.xml] [MODE][MODE_PRIVATE]
D/S4URC   ( 2432): [SDK] [javax.crypto.spec.PBEKeySpec][Constructor] [Password][com.nxeskhdk.xlgfktjq] [Salt][unknown]
D/S4URC   ( 2313): [SDK] [java.io.File] [Constructor] [FilePath][String] [/data/data/com.nxeskhdk.xlgfktjq/files/Mint-lastsavedfile]
D/S4URC   ( 2313): [SDK] [java.io.File] [getPath] [FilePath][String] [/data/data/com.nxeskhdk.xlgfktjq/files/Mint-lastsavedfile]
D/S4URC   ( 2313): [NDK] [SYSCALL] [open] [PATH][string] [/data/data/com.nxeskhdk.xlgfktjq/files/Mint-lastsavedfile] [RETURN][int] [19]
D/S4URC   ( 2313): [SDK] [java.io.File] [Constructor] [FilePath][String] [/data/data/com.nxeskhdk.xlgfktjq/files/MintSavedData-1-1536794609834.json]
D/S4URC   ( 2313): [NDK] [SYSCALL] [stat] [PATH][string] [/data/data/com.nxeskhdk.xlgfktjq/files/MintSavedData-1-1536794609834.json]
D/S4URC   ( 2313): [SDK] [java.io.File] [exists] [FilePath][String] [/data/data/com.nxeskhdk.xlgfktjq/files/MintSavedData-1-1536794609834.json]
D/S4URC   ( 2313): [NDK] [SYSCALL] [access] [PATH][string] [/data/data/com.nxeskhdk.xlgfktjq/files/MintSavedData-1-1536794609834.json]
D/S4URC   ( 2313): [SDK] [java.io.File] [getPath] [FilePath][String] [/data/data/com.nxeskhdk.xlgfktjq/files/MintSavedData-1-1536794609834.json]
D/S4URC   ( 2313): [NDK] [SYSCALL] [open] [PATH][string] [/data/data/com.nxeskhdk.xlgfktjq/files/MintSavedData-1-1536794609834.json] [RETURN][int] [19]
D/S4URC   ( 2313): [SDK] [java.io.File] [getName] [FilePath][String] [/data/data/com.nxeskhdk.xlgfktjq/files/MintSavedData-1-1536794609834.json]
D/S4URC   ( 2313): [SDK] [java.io.File] [Constructor] [FilePath][String] [/data/data/com.nxeskhdk.xlgfktjq/files/Mint-lastsavedfile]
D/S4URC   ( 2313): [SDK] [java.io.File] [exists] [FilePath][String] [/data/data/com.nxeskhdk.xlgfktjq/files/Mint-lastsavedfile]
D/S4URC   ( 2313): [NDK] [SYSCALL] [access] [PATH][string] [/data/data/com.nxeskhdk.xlgfktjq/files/Mint-lastsavedfile]
D/S4URC   ( 2313): [SDK] [java.io.File] [getPath] [FilePath][String] [/data/data/com.nxeskhdk.xlgfktjq/files/Mint-lastsavedfile]
D/S4URC   ( 2313): [NDK] [SYSCALL] [open] [PATH][string] [/data/data/com.nxeskhdk.xlgfktjq/files/Mint-lastsavedfile] [RETURN][int] [18]
D/S4URC   ( 2432): [SDK] [android.content.ContextWrapper][getSharedPreferences] [File][com.nxeskhdk.xlgfktjq_preferences.xml] [MODE][MODE_PRIVATE] [Method][getString] [String][UjRiYSgMtJuZ225G5cUvm5FwjvkljAvBy3gyGGomGBI=] [Return][ixDBceTmoMMfRSxZHyN/WA==:XQXJS1adwNPgQ5ah+8jsrzY/FvL2kJsnfcOiZgDHYVA=]
D/S4URC   ( 2432): [SDK] [android.content.ContextWrapper][getSharedPreferences] [File][com.nxeskhdk.xlgfktjq_preferences.xml] [MODE][MODE_PRIVATE] [Method][getString] [String][KTG81sSjZqvKo7LXRs0+R1OcEkazrNv6w297XBpYnVs=] [Return][H0lIg6/c3coRbelQZDYTZg==:oFv8Kjn8zbhm0x0QmA+dyFalaUT4SS3BGZhkRBv95JA=:yCTJXdSgI3s3rCbhuXL6cg==]
D/S4URC   ( 2432): [SDK] [javax.crypto.spec.SecretKeySpec][Constructor] [KEY][XQXJS1adwNPgQ5ah+8jsrzY/FvL2kJsnfcOiZgDHYVA=][type][HmacSHA256][javax.crypto.Cipher][getInstance] [Cipher][AES/CBC/PKCS5Padding] [javax.crypto.spec.IvParameterSpec][Constructor] [IV][H0lIg6/c3coRbelQZDYTZg==] [javax.crypto.Cipher][doFinal] [Data][yCTJXdSgI3s3rCbhuXL6cg==] [Return][-1]
D/S4URC   ( 2432): [SDK] [java.io.File] [getPath] [FilePath][String] [/data/data/com.nxeskhdk.xlgfktjq/shared_prefs/com.nxeskhdk.xlgfktjq_preferences.xml]
D/S4URC   ( 2432): [SDK] [android.content.ContextWrapper][getSharedPreferences] [File][com.nxeskhdk.xlgfktjq_preferences.xml] [MODE][MODE_PRIVATE]
D/S4URC   ( 2432): [SDK] [javax.crypto.spec.PBEKeySpec][Constructor] [Password][com.nxeskhdk.xlgfktjq] [Salt][unknown]
D/S4URC   ( 2432): [SDK] [android.content.ContextWrapper][getSharedPreferences] [File][com.nxeskhdk.xlgfktjq_preferences.xml] [MODE][MODE_PRIVATE] [Method][getString] [String][UjRiYSgMtJuZ225G5cUvm5FwjvkljAvBy3gyGGomGBI=] [Return][ixDBceTmoMMfRSxZHyN/WA==:XQXJS1adwNPgQ5ah+8jsrzY/FvL2kJsnfcOiZgDHYVA=]
D/S4URC   ( 2432): [SDK] [javax.crypto.spec.SecretKeySpec][Constructor] [KEY][XQXJS1adwNPgQ5ah+8jsrzY/FvL2kJsnfcOiZgDHYVA=][type][HmacSHA256][javax.crypto.Cipher][getInstance] [Cipher][AES/CBC/PKCS5Padding] [javax.crypto.spec.IvParameterSpec][Constructor] [IV][jcsKwlh1wwzFudAnBuki+g==] [javax.crypto.Cipher][doFinal] [Data][mobproxy7.com] [Return][cjIxDXf1mTI+FKEDt07DOA==]
D/S4URC   ( 2432): [SDK] [android.content.ContextWrapper][getSharedPreferences] [File][com.nxeskhdk.xlgfktjq_preferences.xml] [MODE][MODE_PRIVATE] [Method][putString] [Key][8v+DhgpNwgOYjtGiK6HyEjfwSr29DEyVEQPPvtEh3ng=] [Value][jcsKwlh1wwzFudAnBuki+g==:xnLKUI3lkUELHV9etbjBpskRUgLh7+HRoWn4E9IFGSI=:cjIxDXf1mTI+FKEDt07DOA==]
D/S4URC   ( 2432): [SDK] [java.io.File] [getPath] [FilePath][String] [/data/data/com.nxeskhdk.xlgfktjq/shared_prefs/com.nxeskhdk.xlgfktjq_preferences.xml]
D/S4URC   ( 2432): [SDK] [android.content.ContextWrapper][getSharedPreferences] [File][com.nxeskhdk.xlgfktjq_preferences.xml] [MODE][MODE_PRIVATE]
D/S4URC   ( 2432): [SDK] [javax.crypto.spec.PBEKeySpec][Constructor] [Password][com.nxeskhdk.xlgfktjq] [Salt][unknown]
D/S4URC   ( 2432): [SDK] [java.io.File] [exists] [FilePath][String] [/data/data/com.nxeskhdk.xlgfktjq/shared_prefs/com.nxeskhdk.xlgfktjq_preferences.xml]
D/S4URC   ( 2432): [SDK] [java.io.File] [exists] [FilePath][String] [/data/data/com.nxeskhdk.xlgfktjq/shared_prefs/com.nxeskhdk.xlgfktjq_preferences.xml.bak]
D/S4URC   ( 2432): [SDK] [java.io.File] [renameTo] [FilePath][String] [/data/data/com.nxeskhdk.xlgfktjq/shared_prefs/com.nxeskhdk.xlgfktjq_preferences.xml] [DesFile][/data/data/com.nxeskhdk.xlgfktjq/shared_prefs/com.nxeskhdk.xlgfktjq_preferences.xml.bak]
D/S4URC   ( 2432): [SDK] [java.io.File] [getPath] [FilePath][String] [/data/data/com.nxeskhdk.xlgfktjq/shared_prefs/com.nxeskhdk.xlgfktjq_preferences.xml]
D/S4URC   ( 2432): [SDK] [java.io.File] [delete] [FilePath][String] [/data/data/com.nxeskhdk.xlgfktjq/shared_prefs/com.nxeskhdk.xlgfktjq_preferences.xml.bak]
D/S4URC   ( 2432): [SDK] [android.content.ContextWrapper][getSharedPreferences] [File][com.nxeskhdk.xlgfktjq_preferences.xml] [MODE][MODE_PRIVATE] [Method][commit]
D/S4URC   ( 2432):  [Method][getString] [String][UjRiYSgMtJuZ225G5cUvm5FwjvkljAvBy3gyGGomGBI=] [Return][ixDBceTmoMMfRSxZHyN/WA==:XQXJS1adwNPgQ5ah+8jsrzY/FvL2kJsnfcOiZgDHYVA=]
D/S4URC   ( 2432):  [Method][getString] [String][KTG81sSjZqvKo7LXRs0+R1OcEkazrNv6w297XBpYnVs=] [Return][H0lIg6/c3coRbelQZDYTZg==:oFv8Kjn8zbhm0x0QmA+dyFalaUT4SS3BGZhkRBv95JA=:yCTJXdSgI3s3rCbhuXL6cg==]
D/S4URC   ( 2432): [SDK] [javax.crypto.spec.SecretKeySpec][Constructor] [KEY][XQXJS1adwNPgQ5ah+8jsrzY/FvL2kJsnfcOiZgDHYVA=][type][HmacSHA256][javax.crypto.Cipher][getInstance] [Cipher][AES/CBC/PKCS5Padding] [javax.crypto.spec.IvParameterSpec][Constructor] [IV][H0lIg6/c3coRbelQZDYTZg==] [javax.crypto.Cipher][doFinal] [Data][yCTJXdSgI3s3rCbhuXL6cg==] [Return][-1]
D/S4URC   ( 2432): [SDK] [java.io.File] [getPath] [FilePath][String] [/data/data/com.nxeskhdk.xlgfktjq/shared_prefs/com.nxeskhdk.xlgfktjq_preferences.xml]
D/S4URC   ( 2432): [SDK] [android.content.ContextWrapper][getSharedPreferences] [File][com.nxeskhdk.xlgfktjq_preferences.xml] [MODE][MODE_PRIVATE]
D/S4URC   ( 2432): [SDK] [javax.crypto.spec.PBEKeySpec][Constructor] [Password][com.nxeskhdk.xlgfktjq] [Salt][unknown]
D/S4URC   ( 2432): [SDK] [android.content.ContextWrapper][getSharedPreferences] [File][com.nxeskhdk.xlgfktjq_preferences.xml] [MODE][MODE_PRIVATE] [Method][getString] [String][UjRiYSgMtJuZ225G5cUvm5FwjvkljAvBy3gyGGomGBI=] [Return][ixDBceTmoMMfRSxZHyN/WA==:XQXJS1adwNPgQ5ah+8jsrzY/FvL2kJsnfcOiZgDHYVA=]
D/S4URC   ( 2432): [SDK] [javax.crypto.spec.SecretKeySpec][Constructor] [KEY][XQXJS1adwNPgQ5ah+8jsrzY/FvL2kJsnfcOiZgDHYVA=][type][HmacSHA256][javax.crypto.Cipher][getInstance] [Cipher][AES/CBC/PKCS5Padding] [javax.crypto.spec.IvParameterSpec][Constructor] [IV][4wF+v+LddN3gfTiE2eSFAw==] [javax.crypto.Cipher][doFinal] [Data][0] [Return][kZlP/KxNuantmNuqjZDfdg==]
D/S4URC   ( 2432): [SDK] [android.content.ContextWrapper][getSharedPreferences] [File][com.nxeskhdk.xlgfktjq_preferences.xml] [MODE][MODE_PRIVATE] [Method][putString] [Key][KTG81sSjZqvKo7LXRs0+R1OcEkazrNv6w297XBpYnVs=] [Value][4wF+v+LddN3gfTiE2eSFAw==:NfT2jpnZHHz3PFRkAK8vdMl1pVU4H37OMbGGXvjrBkM=:kZlP/KxNuantmNuqjZDfdg==]
D/S4URC   ( 2432): [SDK] [java.io.File] [exists] [FilePath][String] [/data/data/com.nxeskhdk.xlgfktjq/shared_prefs/com.nxeskhdk.xlgfktjq_preferences.xml]
D/S4URC   ( 2432): [SDK] [java.io.File] [exists] [FilePath][String] [/data/data/com.nxeskhdk.xlgfktjq/shared_prefs/com.nxeskhdk.xlgfktjq_preferences.xml.bak]
D/S4URC   ( 2432): [SDK] [java.io.File] [renameTo] [FilePath][String] [/data/data/com.nxeskhdk.xlgfktjq/shared_prefs/com.nxeskhdk.xlgfktjq_preferences.xml] [DesFile][/data/data/com.nxeskhdk.xlgfktjq/shared_prefs/com.nxeskhdk.xlgfktjq_preferences.xml.bak]
D/S4URC   ( 2432): [SDK] [java.io.File] [getPath] [FilePath][String] [/data/data/com.nxeskhdk.xlgfktjq/shared_prefs/com.nxeskhdk.xlgfktjq_preferences.xml]
D/S4URC   ( 2432): [SDK] [android.content.ContextWrapper][getSharedPreferences] [File][com.nxeskhdk.xlgfktjq_preferences.xml] [MODE][MODE_PRIVATE]
D/S4URC   ( 2432): [SDK] [javax.crypto.spec.PBEKeySpec][Constructor] [Password][com.nxeskhdk.xlgfktjq] [Salt][unknown]
D/S4URC   ( 2432): [SDK] [java.io.File] [getPath] [FilePath][String] [/data/data/com.nxeskhdk.xlgfktjq/shared_prefs/com.nxeskhdk.xlgfktjq_preferences.xml]
D/S4URC   ( 2432): [SDK] [java.io.File] [delete] [FilePath][String] [/data/data/com.nxeskhdk.xlgfktjq/shared_prefs/com.nxeskhdk.xlgfktjq_preferences.xml.bak]
D/S4URC   ( 2432): [SDK] [android.content.ContextWrapper][getSharedPreferences] [File][com.nxeskhdk.xlgfktjq_preferences.xml] [MODE][MODE_PRIVATE] [Method][commit]
D/S4URC   ( 2432):  [Method][getString] [String][UjRiYSgMtJuZ225G5cUvm5FwjvkljAvBy3gyGGomGBI=] [Return][ixDBceTmoMMfRSxZHyN/WA==:XQXJS1adwNPgQ5ah+8jsrzY/FvL2kJsnfcOiZgDHYVA=]
D/S4URC   ( 2432):  [Method][getString] [String][8v+DhgpNwgOYjtGiK6HyEjfwSr29DEyVEQPPvtEh3ng=] [Return][jcsKwlh1wwzFudAnBuki+g==:xnLKUI3lkUELHV9etbjBpskRUgLh7+HRoWn4E9IFGSI=:cjIxDXf1mTI+FKEDt07DOA==]
D/S4URC   ( 2432): [SDK] [javax.crypto.spec.SecretKeySpec][Constructor] [KEY][XQXJS1adwNPgQ5ah+8jsrzY/FvL2kJsnfcOiZgDHYVA=][type][HmacSHA256][javax.crypto.Cipher][getInstance] [Cipher][AES/CBC/PKCS5Padding] [javax.crypto.spec.IvParameterSpec][Constructor] [IV][jcsKwlh1wwzFudAnBuki+g==] [javax.crypto.Cipher][doFinal] [Data][cjIxDXf1mTI+FKEDt07DOA==] [Return][mobproxy7.com]
D/S4URC   ( 2432): [SDK] [java.io.File] [getPath] [FilePath][String] [/data/data/com.nxeskhdk.xlgfktjq/shared_prefs/com.nxeskhdk.xlgfktjq_preferences.xml]
D/S4URC   ( 2432): [SDK] [android.content.ContextWrapper][getSharedPreferences] [File][com.nxeskhdk.xlgfktjq_preferences.xml] [MODE][MODE_PRIVATE]
D/S4URC   ( 2432): [SDK] [javax.crypto.spec.PBEKeySpec][Constructor] [Password][com.nxeskhdk.xlgfktjq] [Salt][unknown]
D/S4URC   ( 2432): [SDK] [android.content.ContextWrapper][getSharedPreferences] [File][com.nxeskhdk.xlgfktjq_preferences.xml] [MODE][MODE_PRIVATE] [Method][getString] [String][UjRiYSgMtJuZ225G5cUvm5FwjvkljAvBy3gyGGomGBI=] [Return][ixDBceTmoMMfRSxZHyN/WA==:XQXJS1adwNPgQ5ah+8jsrzY/FvL2kJsnfcOiZgDHYVA=]
D/S4URC   ( 2432): [SDK] [android.content.ContextWrapper][getSharedPreferences] [File][com.nxeskhdk.xlgfktjq_preferences.xml] [MODE][MODE_PRIVATE] [Method][getString] [String][RJLlwrHbab/nlP+fp/Rx4lGZTFlUIrCnqrFdHoZub+s=] [Return][null]
