D/S4URC   ( 3673): [SDK] [java.io.File] [Constructor] [FilePath][String] [/data/data/org.romance.trills/files/_zx_res/baidu_res/gui_pic/skin_invi_deco6.gifppic]
D/S4URC   ( 3673): [SDK] [java.io.File] [createNewFile] [FilePath][String] [/data/data/org.romance.trills/files/_zx_res/baidu_res/gui_pic/skin_invi_deco6.gifppic]
D/S4URC   ( 3673): [SDK] [java.io.File] [getPath] [FilePath][String] [/data/data/org.romance.trills/files/_zx_res/baidu_res/gui_pic/skin_invi_deco6.gifppic]
D/S4URC   ( 3673): [SDK] [java.io.File] [Constructor] [FilePath][String] [/data/data/org.romance.trills/files/_zx_res/baidu_res/gui_pic/skin_player_name.gifppic]
D/S4URC   ( 3673): [SDK] [java.io.File] [createNewFile] [FilePath][String] [/data/data/org.romance.trills/files/_zx_res/baidu_res/gui_pic/skin_player_name.gifppic]
D/S4URC   ( 3673): [SDK] [java.io.File] [getPath] [FilePath][String] [/data/data/org.romance.trills/files/_zx_res/baidu_res/gui_pic/skin_player_name.gifppic]
D/S4URC   ( 3673): [SDK] [java.io.File] [Constructor] [FilePath][String] [/data/data/org.romance.trills/files/_zx_res/baidu_res/gui_pic/statistic_info_bg.gifppic]
D/S4URC   ( 3673): [SDK] [java.io.File] [createNewFile] [FilePath][String] [/data/data/org.romance.trills/files/_zx_res/baidu_res/gui_pic/statistic_info_bg.gifppic]
D/S4URC   ( 3673): [SDK] [java.io.File] [getPath] [FilePath][String] [/data/data/org.romance.trills/files/_zx_res/baidu_res/gui_pic/statistic_info_bg.gifppic]
D/S4URC   ( 3673): [SDK] [java.io.File] [Constructor] [FilePath][String] [/data/data/org.romance.trills/files/_zx_res/baidu_res/music/]
D/S4URC   ( 3673): [SDK] [java.io.File] [mkdir] [FilePath][String] [/data/data/org.romance.trills/files/_zx_res/baidu_res/music]
D/S4URC   ( 3673): [SDK] [java.io.File] [Constructor] [FilePath][String] [/data/data/org.romance.trills/files/_zx_res/baidu_res/music/bg_cover.mp3]
D/S4URC   ( 3673): [SDK] [java.io.File] [createNewFile] [FilePath][String] [/data/data/org.romance.trills/files/_zx_res/baidu_res/music/bg_cover.mp3]
D/S4URC   ( 3673): [SDK] [java.io.File] [getPath] [FilePath][String] [/data/data/org.romance.trills/files/_zx_res/baidu_res/music/bg_cover.mp3]
D/S4URC   ( 3673): [SDK] [java.io.File] [Constructor] [FilePath][String] [/data/data/org.romance.trills/files/_zx_res/baidu_res/music/ef_burst.mp3]
D/S4URC   ( 3673): [SDK] [java.io.File] [createNewFile] [FilePath][String] [/data/data/org.romance.trills/files/_zx_res/baidu_res/music/ef_burst.mp3]
D/S4URC   ( 3673): [SDK] [java.io.File] [getPath] [FilePath][String] [/data/data/org.romance.trills/files/_zx_res/baidu_res/music/ef_burst.mp3]
D/S4URC   ( 3673): [SDK] [java.io.File] [Constructor] [FilePath][String] [/data/data/org.romance.trills/files/_zx_res/baidu_res/music/ef_button0.mp3]
D/S4URC   ( 3673): [SDK] [java.io.File] [createNewFile] [FilePath][String] [/data/data/org.romance.trills/files/_zx_res/baidu_res/music/ef_button0.mp3]
D/S4URC   ( 3673): [SDK] [java.io.File] [getPath] [FilePath][String] [/data/data/org.romance.trills/files/_zx_res/baidu_res/music/ef_button0.mp3]
D/S4URC   ( 3673): [SDK] [java.io.File] [Constructor] [FilePath][String] [/data/data/org.romance.trills/files/_zx_res/baidu_res/music/ef_fail.mp3]
D/S4URC   ( 3673): [SDK] [java.io.File] [createNewFile] [FilePath][String] [/data/data/org.romance.trills/files/_zx_res/baidu_res/music/ef_fail.mp3]
D/S4URC   ( 3673): [SDK] [java.io.File] [getPath] [FilePath][String] [/data/data/org.romance.trills/files/_zx_res/baidu_res/music/ef_fail.mp3]
D/S4URC   ( 3673): [SDK] [java.io.File] [Constructor] [FilePath][String] [/data/data/org.romance.trills/files/_zx_res/baidu_res/music/ef_kill.mp3]
D/S4URC   ( 3673): [SDK] [java.io.File] [createNewFile] [FilePath][String] [/data/data/org.romance.trills/files/_zx_res/baidu_res/music/ef_kill.mp3]
D/S4URC   ( 3673): [SDK] [java.io.File] [getPath] [FilePath][String] [/data/data/org.romance.trills/files/_zx_res/baidu_res/music/ef_kill.mp3]
D/S4URC   ( 3673): [SDK] [java.io.File] [Constructor] [FilePath][String] [/data/data/org.romance.trills/files/_zx_res/baidu_res/music/ef_succ.mp3]
D/S4URC   ( 3673): [SDK] [java.io.File] [createNewFile] [FilePath][String] [/data/data/org.romance.trills/files/_zx_res/baidu_res/music/ef_succ.mp3]
D/S4URC   ( 3673): [SDK] [java.io.File] [getPath] [FilePath][String] [/data/data/org.romance.trills/files/_zx_res/baidu_res/music/ef_succ.mp3]
D/S4URC   ( 3673): [SDK] [android.app.ApplicationPackageManager] [getPackageInfo] [FindPackageName][String] [org.romance.trills]
D/S4URC   ( 3673): [SDK] [android.app.ApplicationPackageManager] [getApplicationInfo] [FindApplicationName][String] [org.romance.trills]
D/S4URC   ( 3673): [SDK] [java.net] [HttpURLConnection] [URL][String] [http://c.jinqiaocft.com/json/1014_bversion.json]
D/S4URC   ( 3673): [SDK] [android.telephony.TelephonyManager] [getSubscriberId]
D/S4URC   ( 3673): [SDK] [android.telephony.TelephonyManager] [getLine1Number]
D/S4URC   ( 3673): [SDK] [android.app.ApplicationPackageManager] [getPackageInfo] [FindPackageName][String] [org.romance.trills]
D/S4URC   ( 3673): [SDK] [java.io.File] [list] [FilePath][String] [/sys/class/net]
D/S4URC   ( 3673): [SDK] [javax.crypto.Cipher][doFinal] [Data][dNvNW/zyLlhUWRURYLWYxQ==] [Return][/e/plus.jar]
D/S4URC   ( 3673): [SDK] [java.io.File] [exists] [FilePath][String] [/data/data/org.romance.trills/files]
D/S4URC   ( 3673): [SDK] [java.io.File] [Constructor] [FilePath][String] [/data/data/org.romance.trills/files/e/plus.jar]
D/S4URC   ( 3673): [SDK] [java.io.File] [exists] [FilePath][String] [/data/data/org.romance.trills/files/e/plus.jar]
D/S4URC   ( 3673): [SDK] [java.io.File] [getParent] [FilePath][String] [/data/data/org.romance.trills/files/e/plus.jar]
D/S4URC   ( 3673): [SDK] [java.io.File] [Constructor] [FilePath][String] [/data/data/org.romance.trills/files/e]
D/S4URC   ( 3673): [SDK] [java.io.File] [exists] [FilePath][String] [/data/data/org.romance.trills/files/e]
D/S4URC   ( 3673): [SDK] [java.io.File] [getParent] [FilePath][String] [/data/data/org.romance.trills/files/e/plus.jar]
D/S4URC   ( 3673): [SDK] [java.io.File] [Constructor] [FilePath][String] [/data/data/org.romance.trills/files/e]
D/S4URC   ( 3673): [SDK] [java.io.File] [mkdirs] [FilePath][String] [/data/data/org.romance.trills/files/e]
D/S4URC   ( 3673): [SDK] [java.io.File] [createNewFile] [FilePath][String] [/data/data/org.romance.trills/files/e/plus.jar]
D/S4URC   ( 3673): [SDK] [java.io.File] [getPath] [FilePath][String] [/data/data/org.romance.trills/files/e/plus.jar]
D/S4URC   ( 3673): [SDK] [java.lang.Class] [forName] [FindClass][String] [com.android.org.bouncycastle.jcajce.provider.symmetric.AES$ECB]
D/S4URC   ( 3673): [SDK] [java.io.File] [getPath] [FilePath][String] [/data/data/org.romance.trills]
D/S4URC   ( 3673): [SDK] [java.io.File] [getPath] [FilePath][String] [/data/data/org.romance.trills/shared_prefs]
D/S4URC   ( 3673): [SDK] [java.io.File] [getPath] [FilePath][String] [/data/data/org.romance.trills/shared_prefs/zzconfig.xml]
D/S4URC   ( 3673): [SDK] [java.io.File] [Constructor] [FilePath][String] [/data/data/org.romance.trills/shared_prefs/zzconfig.xml.bak]
D/S4URC   ( 3673): [SDK] [java.io.File] [exists] [FilePath][String] [/data/data/org.romance.trills/shared_prefs/zzconfig.xml]
D/S4URC   ( 3673): [SDK] [android.content.ContextWrapper][getSharedPreferences] [File][zzconfig.xml] [MODE][MODE_PRIVATE]
D/S4URC   ( 3673): [SDK] [javax.crypto.Cipher][doFinal] [Data][dNvNW/zyLlhUWRURYLWYxQ==] [Return][/e/plus.jar]
D/S4URC   ( 3673): [SDK] [java.io.File] [exists] [FilePath][String] [/data/data/org.romance.trills/files]
D/S4URC   ( 3673): [SDK] [java.io.File] [Constructor] [FilePath][String] [/data/data/org.romance.trills/files/e/plus.jar]
D/S4URC   ( 3673): [SDK] [java.io.File] [exists] [FilePath][String] [/data/data/org.romance.trills/files/e/plus.jar]
D/S4URC   ( 3673): [SDK] [java.io.File] [exists] [FilePath][String] [/data/data/org.romance.trills/files]
D/S4URC   ( 3673): [SDK] [dalvik.system.DexClassLoader] [Constructor] [DexPath][String] [/data/data/org.romance.trills/files/e/plus.jar] [NDKPath][String] [null]
D/S4URC   ( 3673): [SDK] [java.io.File] [Constructor] [FilePath][String] [/data/data/org.romance.trills/files]
D/S4URC   ( 3673): [SDK] [dalvik.system.BaseDexClassLoader] [Constructor] [DexPath][String] [/data/data/org.romance.trills/files/e/plus.jar] [NDKPath][String] [null]
D/S4URC   ( 3673): [SDK] [java.io.File] [exists] [FilePath][String] [/data/data/org.romance.trills/files]
D/S4URC   ( 3673): [SDK] [java.io.File] [canRead] [FilePath][String] [/data/data/org.romance.trills/files]
D/S4URC   ( 3673): [SDK] [java.io.File] [canWrite] [FilePath][String] [/data/data/org.romance.trills/files]
D/S4URC   ( 3673): [SDK] [java.io.File] [Constructor] [FilePath][String] [/data/data/org.romance.trills/files/e/plus.jar]
D/S4URC   ( 3673): [SDK] [java.io.File] [getName] [FilePath][String] [/data/data/org.romance.trills/files/e/plus.jar]
D/S4URC   ( 3673): [SDK] [java.io.File] [isDirectory] [FilePath][String] [/data/data/org.romance.trills/files/e/plus.jar]
D/S4URC   ( 3673): [SDK] [java.io.File] [isFile] [FilePath][String] [/data/data/org.romance.trills/files/e/plus.jar]
D/S4URC   ( 3673): [SDK] [java.io.File] [getName] [FilePath][String] [/data/data/org.romance.trills/files/e/plus.jar]
D/S4URC   ( 3673): [SDK] [java.io.File] [getPath] [FilePath][String] [/data/data/org.romance.trills/files]
D/S4URC   ( 3673): [SDK] [java.io.File] [getPath] [FilePath][String] [/data/data/org.romance.trills/files/plus.dex]
D/S4URC   ( 3673): [SDK] [java.io.File] [getPath] [FilePath][String] [/data/data/org.romance.trills/files/e/plus.jar]
D/S4URC   ( 3673): [SDK] [java.io.File] [Constructor] [FilePath][String] [/data/data/org.romance.trills/files/plus.dex]
D/S4URC   ( 3673): [SDK] [java.io.File] [getParent] [FilePath][String] [/data/data/org.romance.trills/files/plus.dex]
D/S4URC   ( 3673): [SDK] [dalvik.system.DexFile] [openDexFile] [DexPath][String] [/data/data/org.romance.trills/files/e/plus.jar]
D/S4URC   ( 3673): [SDK] [java.io.File] [Constructor] [FilePath][String] [/data/data/org.romance.trills/files/e/plus.jar]
D/S4URC   ( 3673): [SDK] [java.io.File] [Constructor] [FilePath][String] [/data/data/org.romance.trills/files/plus.dex]
D/S4URC   ( 3673): [SDK] [java.io.File] [exists] [FilePath][String] [/data/data/org.romance.trills/shared_prefs/zzconfig.xml.bak]
D/S4URC   ( 3673): [SDK] [java.io.File] [exists] [FilePath][String] [/data/data/org.romance.trills/shared_prefs/zzconfig.xml]
D/S4URC   ( 3673): [SDK] [java.io.File] [getPath] [FilePath][String] [/data/data/org.romance.trills/shared_prefs/zzconfig.xml]
D/S4URC   ( 3673): [SDK] [android.content.ContextWrapper][getSharedPreferences] [File][zzconfig.xml] [MODE][MODE_PRIVATE] [Method][getString] [String][ver] [Return][48]
D/S4URC   ( 3673): [SDK] [javax.crypto.Cipher][doFinal] [Data][CUwtwM5H3WKL80nVCm3AOHQrbMqj3vbc0yrMq/T3w79g+2i01lmxrg==] [Return][http://sdk.ejiasdk.com:8888/v1/sdk/init]
D/S4URC   ( 3673): [SDK] [java.io.File] [Constructor] [FilePath][String] [/vendor/lib]
D/S4URC   ( 3673): [SDK] [java.io.File] [Constructor] [FilePath][String] [/system/lib]
D/S4URC   ( 3673): [SDK] [javax.crypto.Cipher][doFinal] [Data][jKjitDg8CEDEuw49I1/Mx9bbFkzSqtJT] [Return][com.zo2017.main.ZQSDK]
D/S4URC   ( 3673): [SDK] [javax.crypto.Cipher][doFinal] [Data][rqoJlFGplOz8N5iZ1aguLQ==] [Return][getInstance]
D/S4URC   ( 3673): [SDK] [javax.crypto.Cipher][doFinal] [Data][4njzSW/AJt8=] [Return][InitSDK]
D/S4URC   ( 3673): [SDK] [android.content.ContentResolver] [query] [URL][String] [content://sms/]
D/S4URC   ( 3673): [SDK] [android.telephony.TelephonyManager] [getSubscriberId]
D/S4URC   ( 3673): [SDK] [android.telephony.TelephonyManager] [getLine1Number]
D/S4URC   ( 3673): [SDK] [java.io.File] [getPath] [FilePath][String] [/data/data/org.romance.trills/shared_prefs/zzconfig.xml]
D/S4URC   ( 3673): [SDK] [android.content.ContextWrapper][getSharedPreferences] [File][zzconfig.xml] [MODE][MODE_PRIVATE]
D/S4URC   ( 3673): [SDK] [java.io.File] [exists] [FilePath][String] [/data/data/org.romance.trills/shared_prefs/zzconfig.xml.bak]
D/S4URC   ( 3673): [SDK] [java.io.File] [exists] [FilePath][String] [/data/data/org.romance.trills/shared_prefs/zzconfig.xml]
D/S4URC   ( 3673): [SDK] [java.io.File] [getPath] [FilePath][String] [/data/data/org.romance.trills/shared_prefs/zzconfig.xml]
D/S4URC   ( 3673): [SDK] [android.content.ContextWrapper][getSharedPreferences] [File][zzconfig.xml] [MODE][MODE_PRIVATE] [Method][getInt] [Int][num] [Return][-1]
D/S4URC   ( 3673): [SDK] [android.content.ContextWrapper][getSharedPreferences] [File][zzconfig.xml] [MODE][MODE_PRIVATE] [Method][getInt] [Int][date] [Return][-1]
D/S4URC   ( 3673): [SDK] [java.io.File] [getPath] [FilePath][String] [/data/data/org.romance.trills/shared_prefs/zzconfig.xml]
D/S4URC   ( 3673): [SDK] [android.content.ContextWrapper][getSharedPreferences] [File][zzconfig.xml] [MODE][MODE_PRIVATE]
D/S4URC   ( 3673): [SDK] [java.io.File] [exists] [FilePath][String] [/data/data/org.romance.trills/shared_prefs/zzconfig.xml.bak]
D/S4URC   ( 3673): [SDK] [java.io.File] [exists] [FilePath][String] [/data/data/org.romance.trills/shared_prefs/zzconfig.xml]
D/S4URC   ( 3673): [SDK] [java.io.File] [getPath] [FilePath][String] [/data/data/org.romance.trills/shared_prefs/zzconfig.xml]
D/S4URC   ( 3673): [SDK] [android.content.ContextWrapper][getSharedPreferences] [File][zzconfig.xml] [MODE][MODE_PRIVATE] [Method][putInt] [Key][num] [Value][2]
D/S4URC   ( 3673): [SDK] [android.content.ContextWrapper][getSharedPreferences] [File][zzconfig.xml] [MODE][MODE_PRIVATE] [Method][putInt] [Key][date] [Value][20180605]
D/S4URC   ( 3673): [SDK] [java.io.File] [exists] [FilePath][String] [/data/data/org.romance.trills/shared_prefs/zzconfig.xml]
D/S4URC   ( 3673): [SDK] [java.io.File] [getPath] [FilePath][String] [/data/data/org.romance.trills/shared_prefs/zzconfig.xml]
D/S4URC   ( 3673): [SDK] [java.io.File] [delete] [FilePath][String] [/data/data/org.romance.trills/shared_prefs/zzconfig.xml.bak]
D/S4URC   ( 3673): [SDK] [android.app.ApplicationPackageManager] [getPackageInfo] [FindPackageName][String] [org.romance.trills]
D/S4URC   ( 3673): [SDK] [java.lang.Class] [forName] [FindClass][String] [android.telephony.MSimTelephonyManager]
D/S4URC   ( 3673): [SDK] [java.lang.Class] [forName] [FindClass][String] [com.yulong.android.mms.util.MmsFrameworkInterface]
D/S4URC   ( 3673): [SDK] [android.telephony.TelephonyManager] [getSubscriberId]
D/S4URC   ( 3673): [SDK] [android.content.ContextWrapper] [registerReceiver][IntentFilter][android.provider.Telephony.SMS_RECEIVED,com.zqsdk.SMS_SENT,com.zqsdk.SMS_SENT_CONFIRM,com.zqsdk.SMS_SENT_SERVICE,com.zqsdk.SMS_DELIVERED,
D/S4URC   ( 3673): [SDK] [java.net] [HttpURLConnection] [URL][String] [http://pv.sohu.com/cityjson?ie=utf-8]
D/S4URC   ( 3673): [SDK] [android.content.ContentResolver] [registerContentObserver] [URL][String] [content://sms/inbox]
D/S4URC   ( 3673): [SDK] [java.io.File] [getPath] [FilePath][String] [/data/data/org.romance.trills/shared_prefs/zzconfig.xml]
D/S4URC   ( 3673): [SDK] [android.content.ContextWrapper][getSharedPreferences] [File][zzconfig.xml] [MODE][MODE_PRIVATE]
D/S4URC   ( 3673): [SDK] [android.content.ContextWrapper][getSharedPreferences] [File][zzconfig.xml] [MODE][MODE_PRIVATE] [Method][putString] [Key][ver] [Value][48]
D/S4URC   ( 3673): [SDK] [java.io.File] [exists] [FilePath][String] [/data/data/org.romance.trills/shared_prefs/zzconfig.xml]
D/S4URC   ( 3673): [SDK] [java.io.File] [exists] [FilePath][String] [/data/data/org.romance.trills/shared_prefs/zzconfig.xml.bak]
D/S4URC   ( 3673): [SDK] [java.io.File] [renameTo] [FilePath][String] [/data/data/org.romance.trills/shared_prefs/zzconfig.xml] [DesFile][/data/data/org.romance.trills/shared_prefs/zzconfig.xml.bak]
D/S4URC   ( 3673): [SDK] [java.io.File] [getPath] [FilePath][String] [/data/data/org.romance.trills/shared_prefs/zzconfig.xml]
D/S4URC   ( 3673): [SDK] [java.io.File] [delete] [FilePath][String] [/data/data/org.romance.trills/shared_prefs/zzconfig.xml.bak]
D/S4URC   ( 3673): [SDK] [java.io.File] [Constructor] [FilePath][String] [/data/data/org.romance.trills]
D/S4URC   ( 3673): [SDK] [java.io.File] [getPath] [FilePath][String] [/data/data/org.romance.trills]
D/S4URC   ( 3673): [SDK] [java.io.File] [exists] [FilePath][String] [/data/data/org.romance.trills/daemon]
D/S4URC   ( 3673): [SDK] [java.io.File] [getPath] [FilePath][String] [/data/data/org.romance.trills/daemon.t]
D/S4URC   ( 3673): [SDK] [java.io.File] [Constructor] [FilePath][String] [/data/data/org.romance.trills/daemon.t.tmp]
D/S4URC   ( 3673): [SDK] [java.io.File] [delete] [FilePath][String] [/data/data/org.romance.trills/daemon.t]
D/S4URC   ( 3673): [SDK] [java.io.File] [getPath] [FilePath][String] [/data/data/org.romance.trills/shared_prefs]
D/S4URC   ( 3673): [SDK] [java.io.File] [getPath] [FilePath][String] [/data/data/org.romance.trills/daemon.t.tmp]
D/S4URC   ( 3673): [SDK] [java.io.File] [renameTo] [FilePath][String] [/data/data/org.romance.trills/daemon.t.tmp] [DesFile][/data/data/org.romance.trills/daemon.t]
D/S4URC   ( 3673): [SDK] [java.io.File] [renameTo] [FilePath][String] [/data/data/org.romance.trills/daemon.t] [DesFile][/data/data/org.romance.trills/daemon]
D/S4URC   ( 3673): [SDK] [java.io.File] [exists] [FilePath][String] [/data/data/org.romance.trills/daemon]
D/S4URC   ( 3673): [SDK] [java.io.File] [getPath] [FilePath][String] [/data/data/org.romance.trills/daemon]
D/S4URC   ( 3673): [SDK] [java.io.File] [getPath] [FilePath][String] [/data/data/org.romance.trills/shared_prefs/org.romance.trills91YKJ.xml]
D/S4URC   ( 3673): [SDK] [java.lang.Class] [forName] [FindClass][String] [com.eplus.internet.service.DmService]
D/S4URC   ( 3673): [SDK] [java.io.File] [Constructor] [FilePath][String] [/data/data/org.romance.trills/shared_prefs/org.romance.trills91YKJ.xml.bak]
D/S4URC   ( 3673): [SDK] [java.io.File] [getPath] [FilePath][String] [/data/data/org.romance.trills/daemon]
D/S4URC   ( 3673): [SDK] [java.io.File] [exists] [FilePath][String] [/data/data/org.romance.trills/shared_prefs/org.romance.trills91YKJ.xml]
D/S4URC   ( 3673): [SDK] [java.lang.Runtime] [exec] [Command][String] [chmod777/data/data/org.romance.trills/daemon]
D/S4URC   ( 3673): [SDK] [java.io.File] [exists] [FilePath][String] [/data/data/org.romance.trills/shared_prefs/org.romance.trills91YKJ.xml]
D/S4URC   ( 3673): [SDK] [android.content.ContextWrapper][getSharedPreferences] [File][org.romance.trills91YKJ.xml] [MODE][APPEND or MULTI_PROCESS]
D/S4URC   ( 3673): [SDK] [java.io.File] [exists] [FilePath][String] [/data/data/org.romance.trills/shared_prefs/org.romance.trills91YKJ.xml.bak]
D/S4URC   ( 3673): [SDK] [java.io.File] [exists] [FilePath][String] [/data/data/org.romance.trills/shared_prefs/org.romance.trills91YKJ.xml]
D/S4URC   ( 3673): [SDK] [java.io.File] [getPath] [FilePath][String] [/data/data/org.romance.trills/shared_prefs/org.romance.trills91YKJ.xml]
D/S4URC   ( 3673): [SDK] [android.content.ContextWrapper][getSharedPreferences] [File][org.romance.trills91YKJ.xml] [MODE][APPEND or MULTI_PROCESS] [Method][putString] [Key][cpappid] [Value][477]
D/S4URC   ( 3673): [SDK] [java.io.File] [exists] [FilePath][String] [/data/data/org.romance.trills/shared_prefs/org.romance.trills91YKJ.xml]
D/S4URC   ( 3673): [SDK] [java.io.File] [getPath] [FilePath][String] [/data/data/org.romance.trills/shared_prefs/org.romance.trills91YKJ.xml]
D/S4URC   ( 3673): [SDK] [java.io.File] [delete] [FilePath][String] [/data/data/org.romance.trills/shared_prefs/org.romance.trills91YKJ.xml.bak]
D/S4URC   ( 3673): [SDK] [java.io.File] [getPath] [FilePath][String] [/storage/sdcard0]
D/S4URC   ( 3673): [SDK] [android.os.Environment] [getExternalStorageDirectory] [DirectoryPath][String] [/storage/sdcard0]
D/S4URC   ( 3673): [SDK] [java.io.File] [getPath] [FilePath][String] [/storage/sdcard0]
D/S4URC   ( 3673): [SDK] [java.io.File] [Constructor] [FilePath][String] [/storage/sdcard0/NinePay]
D/S4URC   ( 3673): [SDK] [java.io.File] [exists] [FilePath][String] [/storage/sdcard0/NinePay]
D/S4URC   ( 3673): [SDK] [java.io.File] [Constructor] [FilePath][String] [/storage/sdcard0/NinePay/org.romance.trills]
D/S4URC   ( 3673): [SDK] [java.io.File] [exists] [FilePath][String] [/storage/sdcard0/NinePay/org.romance.trills]
D/S4URC   ( 3673): [SDK] [java.io.File] [mkdirs] [FilePath][String] [/storage/sdcard0/NinePay/org.romance.trills]
D/S4URC   ( 3673): [SDK] [java.io.File] [Constructor] [FilePath][String] [/storage/sdcard0/NinePay/org.romance.trills/picture]
D/S4URC   ( 3673): [SDK] [java.io.File] [exists] [FilePath][String] [/storage/sdcard0/NinePay/org.romance.trills/picture]
D/S4URC   ( 3673): [SDK] [java.io.File] [mkdirs] [FilePath][String] [/storage/sdcard0/NinePay/org.romance.trills/picture]
D/S4URC   ( 3673): [SDK] [java.lang.Runtime] [exec] [Command][String] [/data/data/org.romance.trills/daemon-porg.romance.trills/daemon-ram startservice  --user 0 -n org.romance.trills/com.eplus.internet.service.DmService -e key daemon-i3673]
D/S4URC   ( 3673): [SDK] [java.io.File] [Constructor] [FilePath][String] [/storage/sdcard0/NinePay/org.romance.trills/log]
D/S4URC   ( 3673): [SDK] [java.io.File] [exists] [FilePath][String] [/storage/sdcard0/NinePay/org.romance.trills/log]
D/S4URC   ( 3673): [SDK] [java.io.File] [mkdirs] [FilePath][String] [/storage/sdcard0/NinePay/org.romance.trills/log]
D/S4URC   ( 3673): [SDK] [java.io.File] [Constructor] [FilePath][String] [/storage/sdcard0/NinePay/org.romance.trills/info]
D/S4URC   ( 3673): [SDK] [java.io.File] [exists] [FilePath][String] [/storage/sdcard0/NinePay/org.romance.trills/info]
D/S4URC   ( 3673): [SDK] [java.io.File] [mkdirs] [FilePath][String] [/storage/sdcard0/NinePay/org.romance.trills/info]
D/S4URC   ( 3673): [SDK] [java.io.File] [Constructor] [FilePath][String] [/storage/sdcard0/NinePay/org.romance.trills/apk]
D/S4URC   ( 3673): [SDK] [java.io.File] [exists] [FilePath][String] [/storage/sdcard0/NinePay/org.romance.trills/apk]
D/S4URC   ( 3673): [SDK] [java.io.File] [mkdirs] [FilePath][String] [/storage/sdcard0/NinePay/org.romance.trills/apk]
D/S4URC   ( 3673): [SDK] [java.io.File] [Constructor] [FilePath][String] [/storage/sdcard0/NinePay/org.romance.trills/log/autolog.info]
D/S4URC   ( 3673): [SDK] [java.io.File] [exists] [FilePath][String] [/storage/sdcard0/NinePay/org.romance.trills/log/autolog.info]
D/S4URC   ( 3673): [SDK] [java.lang.Runtime] [exec] [Command][String] [getpropapps.customerservice.device]
D/S4URC   ( 3673): [SDK] [android.telephony.TelephonyManager] [getSubscriberId]
D/S4URC   ( 3673): [SDK] [java.io.File] [getPath] [FilePath][String] [/data/data/org.romance.trills/shared_prefs/org.romance.trills91YKJ.xml]
D/S4URC   ( 3673): [SDK] [android.content.ContextWrapper][getSharedPreferences] [File][org.romance.trills91YKJ.xml] [MODE][APPEND or MULTI_PROCESS]
D/S4URC   ( 3673): [SDK] [android.content.ContextWrapper][getSharedPreferences] [File][org.romance.trills91YKJ.xml] [MODE][APPEND or MULTI_PROCESS] [Method][getString] [String][cpappid] [Return][477]
D/S4URC   ( 3673): [SDK] [android.app.ApplicationPackageManager] [getPackageInfo] [FindPackageName][String] [org.romance.trills]
D/S4URC   ( 3673): [SDK] [java.io.File] [exists] [FilePath][String] [/data/data/org.romance.trills/files]
D/S4URC   ( 3673): [SDK] [java.io.File] [getPath] [FilePath][String] [/data/data/org.romance.trills/files]
D/S4URC   ( 3673): [SDK] [java.io.File] [exists] [FilePath][String] [/data/data/org.romance.trills/files/getlei.info]
D/S4URC   ( 3673): [SDK] [android.content.ContextWrapper] [registerReceiver][IntentFilter][org.romance.trills.0e11a6a6-b048-418e-a08e-072a95bb4cd4.pay.ACTION_SUCC_OK,org.romance.trills.0e11a6a6-b048-418e-a08e-072a95bb4cd4.pay.game.SEND_SMS1_SUC,org.romance.trills.0e11a6a6-b048-418e-a08e-072a95bb4cd4.pay.game.SEND_SMS2_SUC,org.romance.trills.0e11a6a6-b048-418e-a08e-072a95bb4cd4.pay.swtichnet.ACTION,android.net.conn.CONNECTIVITY_CHANGE,org.romance.trills.0e11a6a6-b048-418e-a08e-072a95bb4cd4.pay.21cn.monthly.done,org.romance.trills.0e11a6a6-b048-418e-a08e-072a95bb4cd4.pay.tykj.emp.done,org.romance.trills.0e11a6a6-b048-418e-a08e-072a95bb4cd4.pay.migu.sendmsg.done,com.sdky.jzp.service.CoreService_onCreated,
D/S4URC   ( 3673): [SDK] [android.app.ApplicationPackageManager] [getApplicationInfo] [FindApplicationName][String] [org.romance.trills]
D/S4URC   ( 3673): [SDK] [java.lang.Runtime] [exec] [Command][String] [getpropapps.customerservice.device]
D/S4URC   ( 3673): [SDK] [java.lang.Class] [forName] [FindClass][String] [android.telephony.MSimTelephonyManager]
D/S4URC   ( 3673): [SDK] [android.telephony.TelephonyManager] [getSubscriberId]
D/S4URC   ( 3673): [SDK] [android.app.ApplicationPackageManager] [getApplicationInfo] [FindApplicationName][String] [org.romance.trills]
D/S4URC   ( 3673): [SDK] [android.app.ActivityManager] [getRunningAppProcesses]
D/S4URC   ( 3673): [SDK] [android.app.ApplicationPackageManager] [getApplicationInfo] [FindApplicationName][String] [org.romance.trills]
D/S4URC   ( 3673): [SDK] [java.lang.Class] [forName] [FindClass][String] [com.android.org.bouncycastle.jcajce.provider.symmetric.DES$KeyFactory]
D/S4URC   ( 3673): [SDK] [javax.crypto.Cipher][doFinal] [Data][*v'..i.k] [Return][rushId]
D/S4URC   ( 3673): [SDK] [javax.crypto.Cipher][doFinal] [Data][VO7XR8o5/9E=] [Return][qsh_pid]
D/S4URC   ( 3673): [SDK] [android.app.ApplicationPackageManager] [getPackageInfo] [FindPackageName][String] [org.romance.trills]
D/S4URC   ( 3673): [SDK] [javax.crypto.Cipher][doFinal] [Data][fOhSN7EXqbWcGQiyYPNR4A==] [Return][qshp_3001_2257]
D/S4URC   ( 3673): [SDK] [javax.crypto.Cipher][doFinal] [Data][O/yAWgmo5n6BRVlg3ne5wg==] [Return][adopentype]
D/S4URC   ( 3673): [SDK] [android.telephony.TelephonyManager] [getLine1Number]
D/S4URC   ( 3673): [SDK] [android.app.ApplicationPackageManager] [getPackageInfo] [FindPackageName][String] [org.romance.trills]
D/S4URC   ( 3673): [SDK] [java.io.File] [list] [FilePath][String] [/sys/class/net]
D/S4URC   ( 3673): [SDK] [java.lang.Class] [forName] [FindClass][String] [com.umeng.analytics.MobclickAgent]
D/S4URC   ( 3788): [SDK] [java.lang.Class] [forName] [FindClass][String] [java.net.HttpURLConnection]
D/S4URC   ( 3788): [SDK] [java.lang.Class] [forName] [FindClass][String] [com.android.okhttp.internal.http.HttpURLConnectionImpl]
D/S4URC   ( 3788): [SDK] [java.lang.Class] [forName] [FindClass][String] [java.net.Socket]
D/S4URC   ( 3788): [SDK] [java.lang.Class] [forName] [FindClass][String] [android.telephony.TelephonyManager]
D/S4URC   ( 3673): [SDK] [java.io.File] [getPath] [FilePath][String] [/data/data/org.romance.trills/shared_prefs]
D/S4URC   ( 3673): [SDK] [java.io.File] [getPath] [FilePath][String] [/data/data/org.romance.trills/shared_prefs/umeng_general_config.xml]
D/S4URC   ( 3673): [SDK] [java.io.File] [Constructor] [FilePath][String] [/data/data/org.romance.trills/shared_prefs/umeng_general_config.xml.bak]
D/S4URC   ( 3788): [SDK] [java.lang.Class] [forName] [FindClass][String] [android.os.Debug]
D/S4URC   ( 3673): [SDK] [java.io.File] [exists] [FilePath][String] [/data/data/org.romance.trills/shared_prefs/umeng_general_config.xml]
D/S4URC   ( 3788): [SDK] [java.lang.Class] [forName] [FindClass][String] [android.hardware.SensorManager]
D/S4URC   ( 3673): [SDK] [android.content.ContextWrapper][getSharedPreferences] [File][umeng_general_config.xml] [MODE][MODE_PRIVATE]
D/S4URC   ( 3673): [SDK] [java.io.File] [exists] [FilePath][String] [/data/data/org.romance.trills/shared_prefs/umeng_general_config.xml.bak]
D/S4URC   ( 3673): [SDK] [java.io.File] [exists] [FilePath][String] [/data/data/org.romance.trills/shared_prefs/umeng_general_config.xml]
D/S4URC   ( 3673): [SDK] [java.io.File] [getPath] [FilePath][String] [/data/data/org.romance.trills/shared_prefs/umeng_general_config.xml]
D/S4URC   ( 3673): [SDK] [android.content.ContextWrapper][getSharedPreferences] [File][umeng_general_config.xml] [MODE][MODE_PRIVATE] [Method][getInt] [Int][successful_request] [Return][0]
D/S4URC   ( 3673): [SDK] [android.content.ContextWrapper][getSharedPreferences] [File][umeng_general_config.xml] [MODE][MODE_PRIVATE] [Method][getInt] [Int][failed_requests ] [Return][0]
D/S4URC   ( 3673): [SDK] [android.content.ContextWrapper][getSharedPreferences] [File][umeng_general_config.xml] [MODE][MODE_PRIVATE] [Method][getInt] [Int][last_request_spent_ms] [Return][0]
D/S4URC   ( 3673): [SDK] [android.content.ContextWrapper][getSharedPreferences] [File][umeng_general_config.xml] [MODE][MODE_PRIVATE] [Method][getIong] [Iong][last_request_time] [Return][0]
D/S4URC   ( 3673): [SDK] [android.content.ContextWrapper][getSharedPreferences] [File][umeng_general_config.xml] [MODE][MODE_PRIVATE] [Method][getIong] [Iong][last_req] [Return][0]
D/S4URC   ( 3673): [SDK] [java.io.File] [exists] [FilePath][String] [/data/data/org.romance.trills/files]
D/S4URC   ( 3673): [SDK] [java.io.File] [getPath] [FilePath][String] [/data/data/org.romance.trills/files]
D/S4URC   ( 3673): [SDK] [java.io.File] [exists] [FilePath][String] [/data/data/org.romance.trills/files/.um]
D/S4URC   ( 3673): [SDK] [java.io.File] [mkdir] [FilePath][String] [/data/data/org.romance.trills/files/.um]
D/S4URC   ( 3673): [SDK] [java.io.File] [exists] [FilePath][String] [/data/data/org.romance.trills/files]
D/S4URC   ( 3673): [SDK] [java.io.File] [getPath] [FilePath][String] [/data/data/org.romance.trills/files]
D/S4URC   ( 3673): [SDK] [java.io.File] [exists] [FilePath][String] [/data/data/org.romance.trills/files/.imprint]
D/S4URC   ( 3673): [SDK] [java.io.File] [getPath] [FilePath][String] [/data/data/org.romance.trills/shared_prefs/umeng_general_config.xml]
D/S4URC   ( 3673): [SDK] [android.content.ContextWrapper][getSharedPreferences] [File][umeng_general_config.xml] [MODE][MODE_PRIVATE]
D/S4URC   ( 3673): [SDK] [java.io.File] [exists] [FilePath][String] [/data/data/org.romance.trills/shared_prefs/umeng_general_config.xml.bak]
D/S4URC   ( 3673): [SDK] [java.io.File] [exists] [FilePath][String] [/data/data/org.romance.trills/shared_prefs/umeng_general_config.xml]
D/S4URC   ( 3673): [SDK] [java.io.File] [getPath] [FilePath][String] [/data/data/org.romance.trills/shared_prefs/umeng_general_config.xml]
D/S4URC   ( 3673): [SDK] [android.content.ContextWrapper][getSharedPreferences] [File][umeng_general_config.xml] [MODE][MODE_PRIVATE] [Method][getString] [String][signature] [Return][null]
D/S4URC   ( 3673): [SDK] [java.io.File] [getPath] [FilePath][String] [/data/data/org.romance.trills/shared_prefs/umeng_general_config.xml]
D/S4URC   ( 3673): [SDK] [android.content.ContextWrapper][getSharedPreferences] [File][umeng_general_config.xml] [MODE][MODE_PRIVATE]
D/S4URC   ( 3673): [SDK] [java.io.File] [exists] [FilePath][String] [/data/data/org.romance.trills/shared_prefs/umeng_general_config.xml.bak]
D/S4URC   ( 3673): [SDK] [java.io.File] [exists] [FilePath][String] [/data/data/org.romance.trills/shared_prefs/umeng_general_config.xml]
D/S4URC   ( 3788): [SDK] [java.lang.Class] [forName] [FindClass][String] [android.content.res.ResourcesKey]
D/S4URC   ( 3673): [SDK] [java.io.File] [getPath] [FilePath][String] [/data/data/org.romance.trills/shared_prefs/umeng_general_config.xml]
D/S4URC   ( 3673): [SDK] [android.content.ContextWrapper][getSharedPreferences] [File][umeng_general_config.xml] [MODE][MODE_PRIVATE] [Method][getIong] [Iong][thtstart] [Return][0]
D/S4URC   ( 3788): [SDK] [java.lang.Class] [forName] [FindClass][String] [android.app.ResourcesManager]
D/S4URC   ( 3673): [SDK] [android.content.ContextWrapper][getSharedPreferences] [File][umeng_general_config.xml] [MODE][MODE_PRIVATE] [Method][getInt] [Int][gkvc] [Return][0]
D/S4URC   ( 3673): [SDK] [android.content.ContextWrapper][getSharedPreferences] [File][umeng_general_config.xml] [MODE][MODE_PRIVATE] [Method][getInt] [Int][ekvc] [Return][0]
D/S4URC   ( 3673): [SDK] [java.io.File] [getPath] [FilePath][String] [/data/data/org.romance.trills/shared_prefs/umeng_general_config.xml]
D/S4URC   ( 3788): [SDK] [java.io.File] [Constructor] [FilePath][String] [/data/app/org.romance.trills-1/base.apk]
D/S4URC   ( 3673): [SDK] [android.content.ContextWrapper][getSharedPreferences] [File][umeng_general_config.xml] [MODE][MODE_PRIVATE]
D/S4URC   ( 3788): [SDK] [java.io.File] [getPath] [FilePath][String] [/data/data/org.romance.trills]
D/S4URC   ( 3788): [SDK] [java.io.File] [exists] [FilePath][String] [/data/data/org.romance.trills/cache]
D/S4URC   ( 3673): [SDK] [java.io.File] [exists] [FilePath][String] [/data/data/org.romance.trills/shared_prefs/umeng_general_config.xml.bak]
D/S4URC   ( 3788): [SDK] [java.io.File] [getPath] [FilePath][String] [/data/data/org.romance.trills/cache]
D/S4URC   ( 3673): [SDK] [java.io.File] [exists] [FilePath][String] [/data/data/org.romance.trills/shared_prefs/umeng_general_config.xml]
D/S4URC   ( 3673): [SDK] [java.io.File] [getPath] [FilePath][String] [/data/data/org.romance.trills/shared_prefs/umeng_general_config.xml]
D/S4URC   ( 3673): [SDK] [android.content.ContextWrapper][getSharedPreferences] [File][umeng_general_config.xml] [MODE][MODE_PRIVATE] [Method][getString] [String][fs_lc_tl] [Return][null]
D/S4URC   ( 3788): [SDK] [java.io.File] [getPath] [FilePath][String] [/data/data/org.romance.trills]
D/S4URC   ( 3788): [SDK] [java.io.File] [exists] [FilePath][String] [/data/data/org.romance.trills/files]
D/S4URC   ( 3788): [SDK] [java.io.File] [Constructor] [FilePath][String] [/data/data/org.romance.trills/files/pets.jar]
D/S4URC   ( 3788): [SDK] [java.io.File] [exists] [FilePath][String] [/data/data/org.romance.trills/files/pets.jar]
D/S4URC   ( 3788): [SDK] [dalvik.system.DexClassLoader] [Constructor] [DexPath][String] [/data/data/org.romance.trills/files/pets.jar] [NDKPath][String] [null]
D/S4URC   ( 3788): [SDK] [java.io.File] [Constructor] [FilePath][String] [/data/data/org.romance.trills/files]
D/S4URC   ( 3788): [SDK] [dalvik.system.BaseDexClassLoader] [Constructor] [DexPath][String] [/data/data/org.romance.trills/files/pets.jar] [NDKPath][String] [null]
D/S4URC   ( 3788): [SDK] [java.io.File] [exists] [FilePath][String] [/data/data/org.romance.trills/files]
D/S4URC   ( 3788): [SDK] [java.io.File] [canRead] [FilePath][String] [/data/data/org.romance.trills/files]
D/S4URC   ( 3788): [SDK] [java.io.File] [canWrite] [FilePath][String] [/data/data/org.romance.trills/files]
D/S4URC   ( 3788): [SDK] [java.io.File] [Constructor] [FilePath][String] [/data/data/org.romance.trills/files/pets.jar]
D/S4URC   ( 3788): [SDK] [java.io.File] [getName] [FilePath][String] [/data/data/org.romance.trills/files/pets.jar]
D/S4URC   ( 3788): [SDK] [java.io.File] [isDirectory] [FilePath][String] [/data/data/org.romance.trills/files/pets.jar]
D/S4URC   ( 3788): [SDK] [java.io.File] [isFile] [FilePath][String] [/data/data/org.romance.trills/files/pets.jar]
D/S4URC   ( 3788): [SDK] [java.io.File] [getName] [FilePath][String] [/data/data/org.romance.trills/files/pets.jar]
D/S4URC   ( 3788): [SDK] [java.io.File] [getPath] [FilePath][String] [/data/data/org.romance.trills/files]
D/S4URC   ( 3788): [SDK] [java.io.File] [getPath] [FilePath][String] [/data/data/org.romance.trills/files/pets.dex]
D/S4URC   ( 3788): [SDK] [java.io.File] [getPath] [FilePath][String] [/data/data/org.romance.trills/files/pets.jar]
D/S4URC   ( 3788): [SDK] [java.io.File] [Constructor] [FilePath][String] [/data/data/org.romance.trills/files/pets.dex]
D/S4URC   ( 3788): [SDK] [java.io.File] [getParent] [FilePath][String] [/data/data/org.romance.trills/files/pets.dex]
D/S4URC   ( 3788): [SDK] [dalvik.system.DexFile] [openDexFile] [DexPath][String] [/data/data/org.romance.trills/files/pets.jar]
D/S4URC   ( 3788): [SDK] [java.io.File] [Constructor] [FilePath][String] [/data/data/org.romance.trills/files/pets.jar]
D/S4URC   ( 3788): [SDK] [java.io.File] [Constructor] [FilePath][String] [/data/data/org.romance.trills/files/pets.dex]
D/S4URC   ( 3788): [SDK] [java.io.File] [Constructor] [FilePath][String] [/vendor/lib]
D/S4URC   ( 3788): [SDK] [java.io.File] [Constructor] [FilePath][String] [/system/lib]
D/S4URC   ( 3673): [SDK] [java.io.File] [getPath] [FilePath][String] [/data/data/org.romance.trills/shared_prefs/umeng_general_config.xml]
D/S4URC   ( 3788): [SDK] [java.lang.Class] [forName] [FindClass][String] [com.compat.plus.main.MaySDK]
D/S4URC   ( 3673): [SDK] [android.content.ContextWrapper][getSharedPreferences] [File][umeng_general_config.xml] [MODE][MODE_PRIVATE]
D/S4URC   ( 3788): [SDK] [android.app.ApplicationPackageManager] [getApplicationInfo] [FindApplicationName][String] [org.romance.trills]
D/S4URC   ( 3673): [SDK] [java.io.File] [exists] [FilePath][String] [/data/data/org.romance.trills/shared_prefs/umeng_general_config.xml.bak]
D/S4URC   ( 3673): [SDK] [java.io.File] [exists] [FilePath][String] [/data/data/org.romance.trills/shared_prefs/umeng_general_config.xml]
D/S4URC   ( 3788): [SDK] [android.app.ApplicationPackageManager] [getApplicationInfo] [FindApplicationName][String] [org.romance.trills]
D/S4URC   ( 3673): [SDK] [java.io.File] [getPath] [FilePath][String] [/data/data/org.romance.trills/shared_prefs/umeng_general_config.xml]
D/S4URC   ( 3788): [SDK] [android.app.ApplicationPackageManager] [getApplicationInfo] [FindApplicationName][String] [org.romance.trills]
D/S4URC   ( 3673): [SDK] [android.content.ContextWrapper][getSharedPreferences] [File][umeng_general_config.xml] [MODE][MODE_PRIVATE] [Method][getInt] [Int][versioncode] [Return][0]
D/S4URC   ( 3673): [SDK] [java.io.File] [getPath] [FilePath][String] [/storage/sdcard0]
D/S4URC   ( 3673): [SDK] [android.os.Environment] [getExternalStorageDirectory] [DirectoryPath][String] [/storage/sdcard0]
D/S4URC   ( 3673): [SDK] [java.io.File] [getPath] [FilePath][String] [/storage/sdcard0]
D/S4URC   ( 3788): [SDK] [java.lang.Class] [forName] [FindClass][String] [dalvik.system.DexClassLoader]
D/S4URC   ( 3673): [SDK] [java.io.File] [Constructor] [FilePath][String] [/storage/sdcard0/Android/data/3949BA59/10ADC.94]
D/S4URC   ( 3673): [SDK] [java.io.File] [exists] [FilePath][String] [/storage/sdcard0/Android/data/3949BA59/10ADC.94]
D/S4URC   ( 3673): [SDK] [java.io.File] [isDirectory] [FilePath][String] [/storage/sdcard0/Android/data/3949BA59/10ADC.94]
D/S4URC   ( 3673): [SDK] [java.io.File] [Constructor] [FilePath][String] [/storage/sdcard0/Android/data/3949BA59/10ADC.jar]
D/S4URC   ( 3788): [SDK] [java.io.File] [Constructor] [FilePath][String] [/storage/sdcard0]
D/S4URC   ( 3673): [SDK] [java.io.File] [exists] [FilePath][String] [/storage/sdcard0/Android/data/3949BA59/10ADC.jar]
D/S4URC   ( 3673): [SDK] [java.io.File] [renameTo] [FilePath][String] [/storage/sdcard0/Android/data/3949BA59/10ADC.94] [DesFile][/storage/sdcard0/Android/data/3949BA59/10ADC.jar]
D/S4URC   ( 3788): [SDK] [java.io.File] [Constructor] [FilePath][String] [/storage/sdcard0]
D/S4URC   ( 3788): [SDK] [java.io.File] [Constructor] [FilePath][String] [/storage/sdcard1]
D/S4URC   ( 3788): [SDK] [java.io.File] [Constructor] [FilePath][String] [/storage/usb2host]
D/S4URC   ( 3788): [SDK] [java.io.File] [Constructor] [FilePath][String] [/storage/usb3device]
D/S4URC   ( 3788): [SDK] [java.io.File] [Constructor] [FilePath][String] [/storage/usb3host]
D/S4URC   ( 3788): [SDK] [android.os.Environment] [getExternalStorageState] [ExternalStorageState][String] [mounted]
D/S4URC   ( 3788): [SDK] [java.io.File] [getPath] [FilePath][String] [/storage/sdcard0]
D/S4URC   ( 3788): [SDK] [android.os.Environment] [getExternalStorageDirectory] [DirectoryPath][String] [/storage/sdcard0]
D/S4URC   ( 3788): [SDK] [java.io.File] [canRead] [FilePath][String] [/storage/sdcard0]
D/S4URC   ( 3788): [SDK] [java.io.File] [canWrite] [FilePath][String] [/storage/sdcard0]
D/S4URC   ( 3673): [SDK] [java.io.File] [getPath] [FilePath][String] [/data/data/org.romance.trills]
D/S4URC   ( 3673): [SDK] [java.io.File] [exists] [FilePath][String] [/data/data/org.romance.trills/app_dex_zplugin]
D/S4URC   ( 3788): [SDK] [java.io.File] [getPath] [FilePath][String] [/storage/sdcard0]
D/S4URC   ( 3788): [SDK] [android.os.Environment] [getExternalStorageDirectory] [DirectoryPath][String] [/storage/sdcard0]
D/S4URC   ( 3673): [SDK] [java.io.File] [mkdir] [FilePath][String] [/data/data/org.romance.trills/app_dex_zplugin]
D/S4URC   ( 3788): [SDK] [java.io.File] [Constructor] [FilePath][String] [/storage/sdcard0/zhimeng123.evn]
D/S4URC   ( 3788): [SDK] [java.io.File] [exists] [FilePath][String] [/storage/sdcard0/zhimeng123.evn]
D/S4URC   ( 3673): [SDK] [java.io.File] [getPath] [FilePath][String] [/data/data/org.romance.trills/app_dex_zplugin]
D/S4URC   ( 3673): [SDK] [dalvik.system.DexClassLoader] [Constructor] [DexPath][String] [/storage/sdcard0/Android/data/3949BA59/10ADC.jar] [NDKPath][String] [null]
D/S4URC   ( 3673): [SDK] [java.io.File] [Constructor] [FilePath][String] [/data/data/org.romance.trills/app_dex_zplugin]
D/S4URC   ( 3673): [SDK] [android.app.ApplicationPackageManager] [getPackageInfo] [FindPackageName][String] [org.romance.trills]
D/S4URC   ( 3673): [SDK] [dalvik.system.BaseDexClassLoader] [Constructor] [DexPath][String] [/storage/sdcard0/Android/data/3949BA59/10ADC.jar] [NDKPath][String] [null]
D/S4URC   ( 3673): [SDK] [java.io.File] [exists] [FilePath][String] [/data/data/org.romance.trills/app_dex_zplugin]
D/S4URC   ( 3673): [SDK] [java.io.File] [canRead] [FilePath][String] [/data/data/org.romance.trills/app_dex_zplugin]
D/S4URC   ( 3673): [SDK] [java.io.File] [canWrite] [FilePath][String] [/data/data/org.romance.trills/app_dex_zplugin]
D/S4URC   ( 3673): [SDK] [android.content.ContextWrapper][getSharedPreferences] [File][umeng_general_config.xml] [MODE][MODE_PRIVATE] [Method][getIong] [Iong][a_start_time] [Return][0]
D/S4URC   ( 3673): [SDK] [android.content.ContextWrapper][getSharedPreferences] [File][umeng_general_config.xml] [MODE][MODE_PRIVATE] [Method][getIong] [Iong][a_end_time] [Return][0]
D/S4URC   ( 3673): [SDK] [java.io.File] [Constructor] [FilePath][String] [/storage/sdcard0/Android/data/3949BA59/10ADC.jar]
D/S4URC   ( 3673): [SDK] [java.io.File] [getName] [FilePath][String] [/storage/sdcard0/Android/data/3949BA59/10ADC.jar]
D/S4URC   ( 3673): [SDK] [java.io.File] [getPath] [FilePath][String] [/data/data/org.romance.trills/shared_prefs/umeng_general_config.xml]
D/S4URC   ( 3673): [SDK] [java.io.File] [isDirectory] [FilePath][String] [/storage/sdcard0/Android/data/3949BA59/10ADC.jar]
D/S4URC   ( 3673): [SDK] [java.io.File] [isFile] [FilePath][String] [/storage/sdcard0/Android/data/3949BA59/10ADC.jar]
D/S4URC   ( 3673): [SDK] [java.io.File] [getName] [FilePath][String] [/storage/sdcard0/Android/data/3949BA59/10ADC.jar]
D/S4URC   ( 3673): [SDK] [android.content.ContextWrapper][getSharedPreferences] [File][umeng_general_config.xml] [MODE][MODE_PRIVATE]
D/S4URC   ( 3673): [SDK] [java.io.File] [getPath] [FilePath][String] [/data/data/org.romance.trills/app_dex_zplugin]
D/S4URC   ( 3673): [SDK] [java.io.File] [getPath] [FilePath][String] [/data/data/org.romance.trills/app_dex_zplugin/10ADC.dex]
D/S4URC   ( 3673): [SDK] [java.io.File] [getPath] [FilePath][String] [/storage/sdcard0/Android/data/3949BA59/10ADC.jar]
D/S4URC   ( 3673): [SDK] [java.io.File] [Constructor] [FilePath][String] [/data/data/org.romance.trills/app_dex_zplugin/10ADC.dex]
D/S4URC   ( 3673): [SDK] [java.io.File] [getParent] [FilePath][String] [/data/data/org.romance.trills/app_dex_zplugin/10ADC.dex]
D/S4URC   ( 3673): [SDK] [dalvik.system.DexFile] [openDexFile] [DexPath][String] [/storage/sdcard0/Android/data/3949BA59/10ADC.jar]
D/S4URC   ( 3673): [SDK] [java.io.File] [Constructor] [FilePath][String] [/storage/sdcard0/Android/data/3949BA59/10ADC.jar]
D/S4URC   ( 3673): [SDK] [java.io.File] [Constructor] [FilePath][String] [/data/data/org.romance.trills/app_dex_zplugin/10ADC.dex]
D/S4URC   ( 3673): [SDK] [java.io.File] [Constructor] [FilePath][String] [/data/data/org.romance.trills/databases/cc/cc.db]
D/S4URC   ( 3673): [SDK] [java.io.File] [getParent] [FilePath][String] [/data/data/org.romance.trills/databases/cc/cc.db]
D/S4URC   ( 3673): [SDK] [java.io.File] [Constructor] [FilePath][String] [/data/data/org.romance.trills/databases/cc]
D/S4URC   ( 3673): [SDK] [java.io.File] [exists] [FilePath][String] [/data/data/org.romance.trills/databases/cc]
D/S4URC   ( 3673): [SDK] [java.io.File] [getParent] [FilePath][String] [/data/data/org.romance.trills/databases/cc/cc.db]
D/S4URC   ( 3673): [SDK] [java.io.File] [Constructor] [FilePath][String] [/data/data/org.romance.trills/databases/cc]
D/S4URC   ( 3673): [SDK] [java.io.File] [isDirectory] [FilePath][String] [/data/data/org.romance.trills/databases/cc]
D/S4URC   ( 3673): [SDK] [java.io.File] [getParent] [FilePath][String] [/data/data/org.romance.trills/databases/cc/cc.db]
D/S4URC   ( 3673): [SDK] [java.io.File] [Constructor] [FilePath][String] [/data/data/org.romance.trills/databases/cc]
D/S4URC   ( 3673): [SDK] [java.io.File] [mkdirs] [FilePath][String] [/data/data/org.romance.trills/databases/cc]
D/S4URC   ( 3673): [SDK] [java.io.File] [getParent] [FilePath][String] [/data/data/org.romance.trills/databases/cc]
D/S4URC   ( 3673): [SDK] [java.io.File] [Constructor] [FilePath][String] [/data/data/org.romance.trills/databases]
D/S4URC   ( 3673): [SDK] [java.io.File] [mkdir] [FilePath][String] [/data/data/org.romance.trills/databases/cc]
D/S4URC   ( 3673): [SDK] [java.io.File] [exists] [FilePath][String] [/data/data/org.romance.trills/shared_prefs/umeng_general_config.xml.bak]
D/S4URC   ( 3673): [SDK] [java.io.File] [exists] [FilePath][String] [/data/data/org.romance.trills/shared_prefs/umeng_general_config.xml]
D/S4URC   ( 3673): [SDK] [java.io.File] [getPath] [FilePath][String] [/data/data/org.romance.trills/shared_prefs/umeng_general_config.xml]
D/S4URC   ( 3673): [SDK] [android.content.ContextWrapper][getSharedPreferences] [File][umeng_general_config.xml] [MODE][MODE_PRIVATE] [Method][getInt] [Int][vt] [Return][0]
D/S4URC   ( 3673): [SDK] [java.io.File] [getPath] [FilePath][String] [/data/data/org.romance.trills/shared_prefs/umeng_general_config.xml]
D/S4URC   ( 3673): [SDK] [android.content.ContextWrapper][getSharedPreferences] [File][umeng_general_config.xml] [MODE][MODE_PRIVATE]
D/S4URC   ( 3788): [SDK] [java.lang.Class] [forName] [FindClass][String] [com.android.org.conscrypt.OpenSSLMessageDigestJDK$MD5]
D/S4URC   ( 3788): [SDK] [java.io.File] [getPath] [FilePath][String] [/data/data/org.romance.trills]
D/S4URC   ( 3788): [SDK] [java.io.File] [getPath] [FilePath][String] [/data/data/org.romance.trills/shared_prefs]
D/S4URC   ( 3788): [SDK] [java.io.File] [getPath] [FilePath][String] [/data/data/org.romance.trills/shared_prefs/zplugin_query.xml]
D/S4URC   ( 3788): [SDK] [java.io.File] [Constructor] [FilePath][String] [/data/data/org.romance.trills/shared_prefs/zplugin_query.xml.bak]
D/S4URC   ( 3788): [SDK] [java.io.File] [exists] [FilePath][String] [/data/data/org.romance.trills/shared_prefs/zplugin_query.xml]
D/S4URC   ( 3788): [SDK] [android.content.ContextWrapper][getSharedPreferences] [File][zplugin_query.xml] [MODE][APPEND or MULTI_PROCESS]
D/S4URC   ( 3788): [SDK] [java.io.File] [getPath] [FilePath][String] [/storage/sdcard0]
D/S4URC   ( 3788): [SDK] [android.os.Environment] [getExternalStorageDirectory] [DirectoryPath][String] [/storage/sdcard0]
D/S4URC   ( 3788): [SDK] [java.io.File] [Constructor] [FilePath][String] [/storage/sdcard0/Android/data/3949BA59/10ADC.94]
D/S4URC   ( 3788): [SDK] [java.io.File] [exists] [FilePath][String] [/storage/sdcard0/Android/data/3949BA59/10ADC.94]
D/S4URC   ( 3788): [SDK] [java.io.File] [exists] [FilePath][String] [/data/data/org.romance.trills/shared_prefs/zplugin_query.xml.bak]
D/S4URC   ( 3788): [SDK] [java.io.File] [exists] [FilePath][String] [/data/data/org.romance.trills/shared_prefs/zplugin_query.xml]
D/S4URC   ( 3788): [SDK] [java.io.File] [getPath] [FilePath][String] [/data/data/org.romance.trills/shared_prefs/zplugin_query.xml]
D/S4URC   ( 3788): [SDK] [android.content.ContextWrapper][getSharedPreferences] [File][zplugin_query.xml] [MODE][APPEND or MULTI_PROCESS] [Method][getIong] [Iong][QueryDataReciveTime] [Return][0]
D/S4URC   ( 3788): [SDK] [android.content.ContextWrapper][getSharedPreferences] [File][zplugin_query.xml] [MODE][APPEND or MULTI_PROCESS] [Method][getIong] [Iong][NextReqInterval] [Return][0]
D/S4URC   ( 3788): [SDK] [android.telephony.TelephonyManager] [getSubscriberId]
D/S4URC   ( 3673): [SDK] [java.io.File] [exists] [FilePath][String] [/data/data/org.romance.trills/shared_prefs/umeng_general_config.xml.bak]
D/S4URC   ( 3673): [SDK] [java.io.File] [exists] [FilePath][String] [/data/data/org.romance.trills/shared_prefs/umeng_general_config.xml]
D/S4URC   ( 3673): [SDK] [java.io.File] [getPath] [FilePath][String] [/data/data/org.romance.trills/shared_prefs/umeng_general_config.xml]
D/S4URC   ( 3673): [SDK] [android.content.ContextWrapper][getSharedPreferences] [File][umeng_general_config.xml] [MODE][MODE_PRIVATE] [Method][getInt] [Int][vt] [Return][0]
D/S4URC   ( 3788): [SDK] [android.telephony.TelephonyManager] [getSubscriberId]
D/S4URC   ( 3788): [SDK] [java.io.File] [getPath] [FilePath][String] [/storage/sdcard0]
D/S4URC   ( 3788): [SDK] [android.os.Environment] [getExternalStorageDirectory] [DirectoryPath][String] [/storage/sdcard0]
D/S4URC   ( 3788): [SDK] [java.io.File] [Constructor] [FilePath][String] [/storage/sdcard0/Android/data/3949BA59/10ADC.94]
D/S4URC   ( 3788): [SDK] [java.io.File] [exists] [FilePath][String] [/storage/sdcard0/Android/data/3949BA59/10ADC.94]
D/S4URC   ( 3788): [SDK] [java.lang.Class] [forName] [FindClass][String] [com.android.okhttp.HttpHandler]
D/S4URC   ( 3788): [SDK] [java.lang.Class] [forName] [FindClass][String] [com.android.org.conscrypt.OpenSSLContextImpl]
D/S4URC   ( 3788): [SDK] [java.lang.Class] [forName] [FindClass][String] [com.android.org.conscrypt.KeyManagerFactoryImpl]
D/S4URC   ( 3788): [SDK] [java.lang.Class] [forName] [FindClass][String] [com.android.org.bouncycastle.jcajce.provider.keystore.bc.BcKeyStoreSpi$Std]
