D/S4URC   ( 3623): [SDK] [java.lang.Class] [forName] [FindClass][String] [java.net.HttpURLConnection]
D/S4URC   ( 3623): [SDK] [java.lang.Class] [forName] [FindClass][String] [com.android.okhttp.internal.http.HttpURLConnectionImpl]
D/S4URC   ( 3623): [SDK] [java.lang.Class] [forName] [FindClass][String] [java.net.Socket]
D/S4URC   ( 3623): [SDK] [java.lang.Class] [forName] [FindClass][String] [android.telephony.TelephonyManager]
D/S4URC   ( 3623): [SDK] [java.lang.Class] [forName] [FindClass][String] [android.os.Debug]
D/S4URC   ( 3623): [SDK] [java.lang.Class] [forName] [FindClass][String] [android.hardware.SensorManager]
D/S4URC   ( 3623): [SDK] [java.lang.Class] [forName] [FindClass][String] [android.content.res.ResourcesKey]
D/S4URC   ( 3623): [SDK] [java.lang.Class] [forName] [FindClass][String] [android.app.ResourcesManager]
D/S4URC   ( 3623): [SDK] [java.io.File] [Constructor] [FilePath][String] [/data/app/com.lupeng.app-1/base.apk]
D/S4URC   ( 3623): [SDK] [java.io.File] [getPath] [FilePath][String] [/data/data/com.lupeng.app]
D/S4URC   ( 3623): [SDK] [java.io.File] [exists] [FilePath][String] [/data/data/com.lupeng.app/cache]
D/S4URC   ( 3623): [SDK] [java.io.File] [mkdirs] [FilePath][String] [/data/data/com.lupeng.app/cache]
D/S4URC   ( 3623): [SDK] [java.io.File] [getPath] [FilePath][String] [/data/data/com.lupeng.app/cache]
D/S4URC   ( 3623): [SDK] [android.app.ApplicationPackageManager] [getApplicationInfo] [FindApplicationName][String] [com.lupeng.app]
D/S4URC   ( 3623): [SDK] [android.app.ApplicationPackageManager] [getPackageInfo] [FindPackageName][String] [com.lupeng.app]
D/S4URC   ( 3623): [SDK] [java.io.File] [Constructor] [FilePath][String] [/data/data/com.lupeng.app/tx_shell/]
D/S4URC   ( 3623): [SDK] [java.io.File] [exists] [FilePath][String] [/data/data/com.lupeng.app/tx_shell]
D/S4URC   ( 3623): [SDK] [java.io.File] [mkdir] [FilePath][String] [/data/data/com.lupeng.app/tx_shell]
D/S4URC   ( 3623): [SDK] [java.io.File] [Constructor] [FilePath][String] [/proc/3623/cmdline]
D/S4URC   ( 3623): [SDK] [java.io.File] [getPath] [FilePath][String] [/proc/3623/cmdline]
D/S4URC   ( 3623): [SDK] [android.app.ApplicationPackageManager] [getPackageInfo] [FindPackageName][String] [com.lupeng.app]
D/S4URC   ( 3623): [SDK] [android.app.ApplicationPackageManager] [getApplicationInfo] [FindApplicationName][String] [com.lupeng.app]
D/S4URC   ( 3623): [SDK] [java.lang.Class] [forName] [FindClass][String] [com.tencent.bugly.crashreport.CrashReport]
D/S4URC   ( 3623): [SDK] [java.lang.Class] [forName] [FindClass][String] [com.android.org.conscrypt.OpenSSLRandom]
D/S4URC   ( 3623): [SDK] [java.lang.Class] [forName] [FindClass][String] [com.tencent.bugly.msdk.crashreport.CrashReport]
D/S4URC   ( 3623): [SDK] [java.lang.Class] [forName] [FindClass][String] [com.tencent.bugly.imsdk.crashreport.CrashReport]
D/S4URC   ( 3623): [SDK] [java.lang.Class] [forName] [FindClass][String] [com.tencent.bugly.tbscore.crashreport.CrashReport]
D/S4URC   ( 3623): [SDK] [java.lang.Class] [forName] [FindClass][String] [com.tencent.bugly.lejiagu.crashreport.CrashReport]
D/S4URC   ( 3623): [SDK] [java.lang.Class] [forName] [FindClass][String] [com.tencent.bugly.opengame.crashreport.CrashReport]
D/S4URC   ( 3623): [SDK] [java.io.File] [getPath] [FilePath][String] [/data/data/com.lupeng.app]
D/S4URC   ( 3623): [SDK] [java.io.File] [exists] [FilePath][String] [/data/data/com.lupeng.app/files]
D/S4URC   ( 3623): [SDK] [java.io.File] [mkdirs] [FilePath][String] [/data/data/com.lupeng.app/files]
D/S4URC   ( 3623): [SDK] [java.io.File] [getPath] [FilePath][String] [/data/data/com.lupeng.app/files]
D/S4URC   ( 3623): [SDK] [java.io.File] [getPath] [FilePath][String] [/data/data/com.lupeng.app]
D/S4URC   ( 3623): [SDK] [java.io.File] [getPath] [FilePath][String] [/data/data/com.lupeng.app/shared_prefs]
D/S4URC   ( 3623): [SDK] [java.io.File] [getPath] [FilePath][String] [/data/data/com.lupeng.app/shared_prefs/bugly_data.xml]
D/S4URC   ( 3623): [SDK] [java.io.File] [Constructor] [FilePath][String] [/data/data/com.lupeng.app/shared_prefs/bugly_data.xml.bak]
D/S4URC   ( 3623): [SDK] [java.io.File] [exists] [FilePath][String] [/data/data/com.lupeng.app/shared_prefs/bugly_data.xml]
D/S4URC   ( 3623): [SDK] [android.content.ContextWrapper][getSharedPreferences] [File][bugly_data.xml] [MODE][MODE_PRIVATE]
D/S4URC   ( 3623): [SDK] [java.io.File] [exists] [FilePath][String] [/data/data/com.lupeng.app/shared_prefs/bugly_data.xml.bak]
D/S4URC   ( 3623): [SDK] [java.io.File] [exists] [FilePath][String] [/data/data/com.lupeng.app/shared_prefs/bugly_data.xml]
D/S4URC   ( 3623): [SDK] [java.io.File] [getPath] [FilePath][String] [/data/data/com.lupeng.app/shared_prefs/bugly_data.xml]
D/S4URC   ( 3623): [SDK] [java.io.File] [getPath] [FilePath][String] [/data/data/com.lupeng.app]
D/S4URC   ( 3623): [SDK] [java.io.File] [getPath] [FilePath][String] [/data/data/com.lupeng.app/databases]
D/S4URC   ( 3623): [SDK] [java.io.File] [isDirectory] [FilePath][String] [/data/data/com.lupeng.app/databases]
D/S4URC   ( 3623): [SDK] [java.io.File] [mkdir] [FilePath][String] [/data/data/com.lupeng.app/databases]
D/S4URC   ( 3623): [SDK] [java.io.File] [getPath] [FilePath][String] [/data/data/com.lupeng.app/databases]
D/S4URC   ( 3623): [SDK] [java.io.File] [getPath] [FilePath][String] [/data/data/com.lupeng.app/databases/bugly_db_lejiagu]
D/S4URC   ( 3623): [SDK] [java.io.File] [getPath] [FilePath][String] [/data/data/com.lupeng.app]
D/S4URC   ( 3623): [SDK] [java.io.File] [exists] [FilePath][String] [/data/data/com.lupeng.app/app_bugly]
D/S4URC   ( 3623): [SDK] [java.io.File] [mkdir] [FilePath][String] [/data/data/com.lupeng.app/app_bugly]
D/S4URC   ( 3623): [SDK] [java.io.File] [getPath] [FilePath][String] [/data/data/com.lupeng.app/app_bugly]
D/S4URC   ( 3623): [SDK] [java.io.File] [getPath] [FilePath][String] [/data/data/com.lupeng.app]
D/S4URC   ( 3623): [SDK] [java.io.File] [exists] [FilePath][String] [/data/data/com.lupeng.app/app_bugly]
D/S4URC   ( 3623): [SDK] [java.lang.Runtime] [loadLibrary] [SoPath][String] [Bugly]
D/S4URC   ( 3623): [SDK] [java.io.File] [getPath] [FilePath][String] [/data/app/com.lupeng.app-1/lib/arm]
D/S4URC   ( 3623): [SDK] [java.io.File] [getPath] [FilePath][String] [/data/app/com.lupeng.app-1/lib/arm/libBugly.so]
D/S4URC   ( 3623): [SDK] [java.io.File] [exists] [FilePath][String] [/data/data/com.lupeng.app/app_bugly/rqd_record.eup]
D/S4URC   ( 3623): [SDK] [java.io.File] [Constructor] [FilePath][String] [/data/data/com.lupeng.app/app_bugly]
D/S4URC   ( 3623): [SDK] [java.io.File] [exists] [FilePath][String] [/data/data/com.lupeng.app/app_bugly]
D/S4URC   ( 3623): [SDK] [java.io.File] [isDirectory] [FilePath][String] [/data/data/com.lupeng.app/app_bugly]
D/S4URC   ( 3623): [SDK] [java.io.File] [listFiles] [FilePath][String] [/data/data/com.lupeng.app/app_bugly]
D/S4URC   ( 3623): [SDK] [java.io.File] [list] [FilePath][String] [/data/data/com.lupeng.app/app_bugly]
D/S4URC   ( 3623): [SDK] [java.io.File] [Constructor] [FilePath][String] [/data/data/com.lupeng.app/app_bugly]
D/S4URC   ( 3623): [SDK] [android.content.ContextWrapper] [registerReceiver][IntentFilter][android.net.conn.CONNECTIVITY_CHANGE,
D/S4URC   ( 3623): [SDK] [java.io.File] [exists] [FilePath][String] [/data/data/com.lupeng.app/app_bugly]
D/S4URC   ( 3623): [SDK] [java.io.File] [isDirectory] [FilePath][String] [/data/data/com.lupeng.app/app_bugly]
D/S4URC   ( 3623): [SDK] [java.io.File] [listFiles] [FilePath][String] [/data/data/com.lupeng.app/app_bugly]
D/S4URC   ( 3623): [SDK] [java.io.File] [list] [FilePath][String] [/data/data/com.lupeng.app/app_bugly]
D/S4URC   ( 3623): [SDK] [java.lang.Class] [forName] [FindClass][String] [com.tencent.bugly.unity.UnityAgent]
D/S4URC   ( 3623): [SDK] [java.lang.Class] [forName] [FindClass][String] [com.tencent.bugly.cococs.Cocos2dxAgent]
D/S4URC   ( 3623): [SDK] [java.io.File] [Constructor] [FilePath][String] [/data/app/com.lupeng.app-1/lib/arm/libshella-2.1.8.so]
D/S4URC   ( 3623): [SDK] [java.io.File] [Constructor] [FilePath][String] [/data/data/com.lupeng.app/tx_shell/lib.so]
D/S4URC   ( 3623): [SDK] [java.io.File] [exists] [FilePath][String] [/data/app/com.lupeng.app-1/lib/arm/libshella-2.1.8.so]
D/S4URC   ( 3623): [SDK] [java.lang.Runtime] [loadLibrary] [SoPath][String] [shella-2.1.8]
D/S4URC   ( 3623): [SDK] [java.io.File] [getPath] [FilePath][String] [/data/app/com.lupeng.app-1/lib/arm]
D/S4URC   ( 3623): [SDK] [java.io.File] [getPath] [FilePath][String] [/data/app/com.lupeng.app-1/lib/arm/libshella-2.1.8.so]
D/S4URC   ( 3623): [SDK] [java.io.File] [Constructor] [FilePath][String] [/system/lib/libdvm.so]
D/S4URC   ( 3623): [SDK] [java.io.File] [exists] [FilePath][String] [/system/lib/libdvm.so]
D/S4URC   ( 3623): [SDK] [java.io.File] [Constructor] [FilePath][String] [/system/lib/libart.so]
D/S4URC   ( 3623): [SDK] [java.io.File] [exists] [FilePath][String] [/system/lib/libart.so]
D/S4URC   ( 3623): [SDK] [java.io.File] [Constructor] [FilePath][String] [/system/lib/libart.so]
D/S4URC   ( 3623): [SDK] [java.io.File] [getPath] [FilePath][String] [/system/lib/libart.so]
D/S4URC   ( 3623): [SDK] [java.lang.Class] [forName] [FindClass][String] [com.android.org.conscrypt.OpenSSLMessageDigestJDK$MD5]
D/S4URC   ( 3623): [SDK] [java.io.File] [Constructor] [FilePath][String] [/data/data/com.lupeng.app/mix.dex]
D/S4URC   ( 3623): [SDK] [java.io.File] [exists] [FilePath][String] [/data/data/com.lupeng.app/mix.dex]
D/S4URC   ( 3623): [SDK] [java.io.File] [getPath] [FilePath][String] [/data/data/com.lupeng.app/mix.dex]
D/S4URC   ( 3623): [SDK] [java.io.File] [Constructor] [FilePath][String] [/data/app/com.lupeng.app-1/base.apk]
D/S4URC   ( 3623): [SDK] [java.io.File] [getPath] [FilePath][String] [/data/app/com.lupeng.app-1/base.apk]
D/S4URC   ( 3623): [SDK] [java.io.File] [Constructor] [FilePath][String] [/data/app/com.lupeng.app-1/base.apk]
D/S4URC   ( 3623): [SDK] [java.io.File] [getPath] [FilePath][String] [/data/app/com.lupeng.app-1/base.apk]
D/S4URC   ( 3623): [SDK] [java.io.File] [Constructor] [FilePath][String] [/data/data/com.lupeng.app/mix.so]
D/S4URC   ( 3623): [SDK] [java.io.File] [getParent] [FilePath][String] [/data/data/com.lupeng.app/mix.so]
D/S4URC   ( 3623): [SDK] [dalvik.system.DexFile] [openDexFile] [DexPath][String] [/data/data/com.lupeng.app/mix.dex]
D/S4URC   ( 3623): [SDK] [java.io.File] [Constructor] [FilePath][String] [/data/data/com.lupeng.app/mix.dex]
D/S4URC   ( 3623): [SDK] [java.io.File] [Constructor] [FilePath][String] [/data/data/com.lupeng.app/mix.so]
D/S4URC   ( 3623): [SDK] [java.io.File] [getPath] [FilePath][String] [/data/data/com.lupeng.app/databases/bugly_db_lejiagu]
D/S4URC   ( 3623): [SDK] [android.database.sqlite.SQLiteDatabase] [execSQL] [ExecInfo][String] [ CREATE TABLE t_cr ( _id INTEGER PRIMARY KEY , _tm int , _s1 text , _up int , _me int , _uc int , _dt blob ) ]
D/S4URC   ( 3623): [SDK] [android.database.sqlite.SQLiteDatabase] [execSQL] [ExecInfo][String] [ CREATE TABLE t_ui ( _id INTEGER PRIMARY KEY , _tm int , _ut int , _tp int , _dt blob , _pc text ) ]
D/S4URC   ( 3623): [SDK] [android.database.sqlite.SQLiteDatabase] [execSQL] [ExecInfo][String] [ CREATE TABLE t_lr ( _id INTEGER PRIMARY KEY , _tp int , _tm int , _pc text , _th text , _dt blob ) ]
D/S4URC   ( 3623): [SDK] [android.database.sqlite.SQLiteDatabase] [execSQL] [ExecInfo][String] [ CREATE TABLE t_aclf ( _id integer PRIMARY KEY AUTOINCREMENT NOT NULL, _pn text(256) NOT NULL, _pid text(32) NOT NULL, _sspc integer, _sid text(64), _prsid text(64), _tr text(64) DEFAULT '-1', _tp text(64) DEFAULT '-1', _du text(64) DEFAULT '-1', _st INTEGER DEFAULT 0, _stda text(128), _or integer, _inst integer, _vf text )]
D/S4URC   ( 3623): [SDK] [android.database.sqlite.SQLiteDatabase] [execSQL] [ExecInfo][String] [ CREATE TABLE t_ss ( _id text PRIMARY KEY NOT NULL, _dt blob)]
D/S4URC   ( 3623): [SDK] [android.database.sqlite.SQLiteDatabase] [execSQL] [ExecInfo][String] [PRAGMA user_version = 4]
D/S4URC   ( 3623): [SDK] [android.app.Activity][onCrate] [Class][ComponentInfo{com.lupeng.app/com.lupeng.app.App}]
D/S4URC   ( 3623): [SDK] [java.io.File] [Constructor] [FilePath][String] [/system/lib64/libdvm.so]
D/S4URC   ( 3623): [SDK] [java.io.File] [exists] [FilePath][String] [/system/lib64/libdvm.so]
D/S4URC   ( 3623): [SDK] [java.io.File] [Constructor] [FilePath][String] [/system/lib64/libart.so]
D/S4URC   ( 3623): [SDK] [java.io.File] [exists] [FilePath][String] [/system/lib64/libart.so]
D/S4URC   ( 3623): [SDK] [java.io.File] [Constructor] [FilePath][String] [/data/app/com.lupeng.app-1/base.apk]
D/S4URC   ( 3623): [SDK] [java.io.File] [exists] [FilePath][String] [/data/app/com.lupeng.app-1/base.apk]
D/S4URC   ( 3623): [SDK] [java.io.File] [Constructor] [FilePath][String] [/data/app/com.lupeng.app-1/base.apk]
D/S4URC   ( 3623): [SDK] [java.io.File] [getPath] [FilePath][String] [/data/app/com.lupeng.app-1/base.apk]
D/S4URC   ( 3623): [SDK] [android.telephony.TelephonyManager] [getSubscriberId]
D/S4URC   ( 3623): [SDK] [android.content.ContextWrapper][getSharedPreferences] [File][bugly_data.xml] [MODE][MODE_PRIVATE] [Method][getString] [String][ip] [Return][]
D/S4URC   ( 3623): [SDK] [android.content.ContextWrapper][getSharedPreferences] [File][bugly_data.xml] [MODE][MODE_PRIVATE] [Method][getString] [String][qim] [Return][]
D/S4URC   ( 3623): [SDK] [java.lang.Runtime] [exec] [Command][String] [/system/bin/sh-cgetprop ro.board.platform]
D/S4URC   ( 3623): [SDK] [java.lang.Class] [forName] [FindClass][String] [com.android.okhttp.HttpHandler]
D/S4URC   ( 3623): [SDK] [java.lang.Class] [forName] [FindClass][String] [com.android.org.conscrypt.OpenSSLContextImpl]
D/S4URC   ( 3623): [SDK] [java.lang.Class] [forName] [FindClass][String] [com.android.org.conscrypt.KeyManagerFactoryImpl]
D/S4URC   ( 3623): [SDK] [java.lang.Class] [forName] [FindClass][String] [com.android.org.bouncycastle.jcajce.provider.keystore.bc.BcKeyStoreSpi$Std]
D/S4URC   ( 3623): [SDK] [java.lang.Class] [forName] [FindClass][String] [com.android.org.conscrypt.TrustManagerFactoryImpl]
D/S4URC   ( 3623): [SDK] [java.lang.Class] [forName] [FindClass][String] [com.android.org.conscrypt.TrustedCertificateKeyStoreSpi]
D/S4URC   ( 3623): [SDK] [java.lang.Class] [forName] [FindClass][String] [com.android.org.bouncycastle.jce.provider.PKIXCertPathValidatorSpi]
D/S4URC   ( 3623): [SDK] [java.io.File] [Constructor] [FilePath][String] [/data/misc/keychain/pins]
D/S4URC   ( 3623): [SDK] [java.net] [HttpURLConnection] [URL][String] [http://rqd.uu.qq.com/rqd/sync]
D/S4URC   ( 3623): [SDK] [java.io.File] [Constructor] [FilePath][String] [/proc/meminfo]
D/S4URC   ( 3623): [SDK] [java.io.File] [getPath] [FilePath][String] [/proc/meminfo]
D/S4URC   ( 3623): [SDK] [java.io.File] [Constructor] [FilePath][String] [/storage/sdcard0]
D/S4URC   ( 3623): [SDK] [java.io.File] [Constructor] [FilePath][String] [/storage/sdcard1]
D/S4URC   ( 3623): [SDK] [java.io.File] [Constructor] [FilePath][String] [/storage/usb2host]
D/S4URC   ( 3623): [SDK] [java.io.File] [Constructor] [FilePath][String] [/storage/usb3device]
D/S4URC   ( 3623): [SDK] [java.io.File] [Constructor] [FilePath][String] [/storage/usb3host]
D/S4URC   ( 3623): [SDK] [android.os.Environment] [getExternalStorageState] [ExternalStorageState][String] [mounted]
D/S4URC   ( 3623): [SDK] [java.io.File] [getPath] [FilePath][String] [/storage/sdcard0]
D/S4URC   ( 3623): [SDK] [android.os.Environment] [getExternalStorageDirectory] [DirectoryPath][String] [/storage/sdcard0]
D/S4URC   ( 3623): [SDK] [java.io.File] [getPath] [FilePath][String] [/storage/sdcard0]
D/S4URC   ( 3623): [SDK] [java.io.File] [Constructor] [FilePath][String] [/system/app/Superuser.apk]
D/S4URC   ( 3623): [SDK] [java.io.File] [exists] [FilePath][String] [/system/app/Superuser.apk]
D/S4URC   ( 3623): [SDK] [java.lang.Runtime] [exec] [Command][String] [/system/bin/sh-ctype su]
D/S4URC   ( 3623): [SDK] [android.content.ContextWrapper][getSharedPreferences] [File][bugly_data.xml] [MODE][MODE_PRIVATE] [Method][getString] [String][qim] [Return][]
D/S4URC   ( 3623): [SDK] [java.lang.Class] [forName] [FindClass][String] [com.android.org.bouncycastle.jcajce.provider.symmetric.DES$ECB]
D/S4URC   ( 3623): [SDK] [java.lang.Class] [forName] [FindClass][String] [com.android.org.bouncycastle.jcajce.provider.symmetric.DES$KeyFactory]
D/S4URC   ( 3623): [SDK] [javax.crypto.spec.SecretKeySpec][Constructor] [KEY][*^@K#K@!][type][DES][javax.crypto.spec.IvParameterSpec][Constructor] [IV][*^@K#K@!] [javax.crypto.Cipher][doFinal] [Data][H4sIAAAAAAAAAF2MMU7DMBRA7RYlakCI6c9d6ISib8ffTsYsqDtCYk2xWxCOEyW4gNTTcAIOwcEwI2zvveExDpePQ1/6OLpwKLtx3FyH6P2JUIqGSKOoSSGdGmuVqbSQtNsri6phvFgyxt3T59f3Fd/kMbyE4S3of7tb9nCxZyM/37JVtmgN5HPXzzEckhBk3dQfjU+sIXfvH2GYKVu2ooKz1ym6XzRQCDRCV7KqVQpSAbTBTsOzXVMpSnHj3dH5tZTpIqGQqITGGhGTiz+ebgSL+7sfWDcW8fUAAAA=] [Return][SIhLOr+HRvJSaWtxFT5l3v2UiZmhjEueZ/uENloNlRmreQZLJErzKxEHTi6gjB0f7sO9v0HnnWIJvwQLB3WMvxcKoh0HA9WaET0P4QXrC8Ya+D6RrUuLf5Pq0HUM8euaVwqgYj3zGKWX2H2rlMN1W7wDrYu7CXAzc9uV37m9fhYbSsi8RFPGJoandutLfZKiRnWykIuLnrMR0SXYfe80l9ErJPY6BKPUEv5XxX1kmNtj98qFmDlJLxCITkqMUEDeCRaysSFm8BmtcWbpuRkVqf3jmQJKNmgY1GibFtnkDzw=]
D/S4URC   ( 3623): [SDK] [java.net] [HttpURLConnection] [URL][String] [http://rqd.uu.qq.com/rqd/sync]
D/S4URC   ( 3623): [SDK] [java.lang.Class] [forName] [FindClass][String] [com.android.org.bouncycastle.jcajce.provider.symmetric.DES$PBEWithMD5KeyFactory]
D/S4URC   ( 3623): [SDK] [java.lang.Class] [forName] [FindClass][String] [com.android.org.bouncycastle.jcajce.provider.symmetric.DES$PBEWithMD5]
D/S4URC   ( 3623): [SDK] [javax.crypto.Cipher][getInstance] [Cipher][PBEWITHMD5andDES] [javax.crypto.Cipher][doFinal] [Data][cc84079934302101] [Return][++12qNWYb4wuV2dY7TWV+mZO8Fyw4uOL]
D/S4URC   ( 3623): [SDK] [java.io.File] [getPath] [FilePath][String] [/data/data/com.lupeng.app]
D/S4URC   ( 3623): [SDK] [java.io.File] [getPath] [FilePath][String] [/data/data/com.lupeng.app/shared_prefs]
D/S4URC   ( 3623): [SDK] [java.io.File] [getPath] [FilePath][String] [/data/data/com.lupeng.app/shared_prefs/CE94557724F842149D690D0E8CBB1CBD.xml]
D/S4URC   ( 3623): [SDK] [java.io.File] [Constructor] [FilePath][String] [/data/data/com.lupeng.app/shared_prefs/CE94557724F842149D690D0E8CBB1CBD.xml.bak]
D/S4URC   ( 3623): [SDK] [java.io.File] [exists] [FilePath][String] [/data/data/com.lupeng.app/shared_prefs/CE94557724F842149D690D0E8CBB1CBD.xml]
D/S4URC   ( 3623): [SDK] [android.content.ContextWrapper][getSharedPreferences] [File][CE94557724F842149D690D0E8CBB1CBD.xml] [MODE][MODE_PRIVATE]
D/S4URC   ( 3623): [SDK] [java.io.File] [exists] [FilePath][String] [/data/data/com.lupeng.app/shared_prefs/CE94557724F842149D690D0E8CBB1CBD.xml.bak]
D/S4URC   ( 3623): [SDK] [java.io.File] [exists] [FilePath][String] [/data/data/com.lupeng.app/shared_prefs/CE94557724F842149D690D0E8CBB1CBD.xml]
D/S4URC   ( 3623): [SDK] [java.io.File] [getPath] [FilePath][String] [/data/data/com.lupeng.app/shared_prefs/CE94557724F842149D690D0E8CBB1CBD.xml]
D/S4URC   ( 3623): [SDK] [android.content.ContextWrapper][getSharedPreferences] [File][CE94557724F842149D690D0E8CBB1CBD.xml] [MODE][MODE_PRIVATE] [Method][putString] [Key][C97CE45F9A5A447c98BBB83D88790503] [Value][H6HsFkdJ+LM=]
D/S4URC   ( 3623): [SDK] [android.content.ContextWrapper][getSharedPreferences] [File][CE94557724F842149D690D0E8CBB1CBD.xml] [MODE][MODE_PRIVATE] [Method][putString] [Key][A33E523A1CEF496dB37ABD886CBCB005] [Value][++12qNWYb4wuV2dY7TWV+mZO8Fyw4uOL]
D/S4URC   ( 3623): [SDK] [java.io.File] [exists] [FilePath][String] [/data/data/com.lupeng.app/shared_prefs/CE94557724F842149D690D0E8CBB1CBD.xml]
D/S4URC   ( 3623): [SDK] [java.io.File] [getPath] [FilePath][String] [/data/data/com.lupeng.app/shared_prefs/CE94557724F842149D690D0E8CBB1CBD.xml]
D/S4URC   ( 3623): [SDK] [java.io.File] [getParent] [FilePath][String] [/data/data/com.lupeng.app/shared_prefs/CE94557724F842149D690D0E8CBB1CBD.xml]
D/S4URC   ( 3623): [SDK] [java.io.File] [Constructor] [FilePath][String] [/data/data/com.lupeng.app/shared_prefs]
D/S4URC   ( 3623): [SDK] [java.io.File] [mkdir] [FilePath][String] [/data/data/com.lupeng.app/shared_prefs]
D/S4URC   ( 3623): [SDK] [java.io.File] [getPath] [FilePath][String] [/data/data/com.lupeng.app/shared_prefs]
D/S4URC   ( 3623): [SDK] [java.io.File] [getPath] [FilePath][String] [/data/data/com.lupeng.app/shared_prefs/CE94557724F842149D690D0E8CBB1CBD.xml]
D/S4URC   ( 3623): [SDK] [java.io.File] [delete] [FilePath][String] [/data/data/com.lupeng.app/shared_prefs/CE94557724F842149D690D0E8CBB1CBD.xml.bak]
D/S4URC   ( 3623): [SDK] [android.content.ContextWrapper][getSharedPreferences] [File][CE94557724F842149D690D0E8CBB1CBD.xml] [MODE][MODE_PRIVATE] [Method][commit]
D/S4URC   ( 3623): [SDK] [android.app.ApplicationPackageManager] [getPackageInfo] [FindPackageName][String] [com.lupeng.app]
D/S4URC   ( 3623): [SDK] [android.app.ApplicationPackageManager] [getApplicationInfo] [FindApplicationName][String] [com.lupeng.app]
D/S4URC   ( 3623): [SDK] [android.telephony.TelephonyManager] [getSubscriberId]
D/S4URC   ( 3623): [SDK] [android.content.ContentResolver] [registerContentObserver] [URL][String] [content://settings/system/enable_stylus_gestures]
D/S4URC   ( 3623): [SDK] [android.app.ApplicationPackageManager] [getPackageInfo] [FindPackageName][String] [com.lupeng.app]
D/S4URC   ( 3623): [SDK] [javax.crypto.Cipher][getInstance] [Cipher][PBEWITHMD5andDES] [javax.crypto.Cipher][doFinal] [Data][dQmRS8Videg] [Return][i8h0i6b6BMEICiUyXyBUtg==]
D/S4URC   ( 3623): [SDK] [java.io.File] [getPath] [FilePath][String] [/data/data/com.lupeng.app/shared_prefs/CE94557724F842149D690D0E8CBB1CBD.xml]
D/S4URC   ( 3623): [SDK] [android.content.ContextWrapper][getSharedPreferences] [File][CE94557724F842149D690D0E8CBB1CBD.xml] [MODE][MODE_PRIVATE]
D/S4URC   ( 3623): [SDK] [android.content.ContextWrapper][getSharedPreferences] [File][CE94557724F842149D690D0E8CBB1CBD.xml] [MODE][MODE_PRIVATE] [Method][putString] [Key][CBD2998A3D5A4744BF128B91E1410DEA] [Value][iEEAp9XdtxQ=]
D/S4URC   ( 3623): [SDK] [android.content.ContextWrapper][getSharedPreferences] [File][CE94557724F842149D690D0E8CBB1CBD.xml] [MODE][MODE_PRIVATE] [Method][putString] [Key][F1B19978F3D74302BA126760F96262CD] [Value][i8h0i6b6BMEICiUyXyBUtg==]
D/S4URC   ( 3623): [SDK] [java.io.File] [exists] [FilePath][String] [/data/data/com.lupeng.app/shared_prefs/CE94557724F842149D690D0E8CBB1CBD.xml]
D/S4URC   ( 3623): [SDK] [java.io.File] [exists] [FilePath][String] [/data/data/com.lupeng.app/shared_prefs/CE94557724F842149D690D0E8CBB1CBD.xml.bak]
D/S4URC   ( 3623): [SDK] [java.io.File] [renameTo] [FilePath][String] [/data/data/com.lupeng.app/shared_prefs/CE94557724F842149D690D0E8CBB1CBD.xml] [DesFile][/data/data/com.lupeng.app/shared_prefs/CE94557724F842149D690D0E8CBB1CBD.xml.bak]
D/S4URC   ( 3623): [SDK] [java.io.File] [getPath] [FilePath][String] [/data/data/com.lupeng.app/shared_prefs/CE94557724F842149D690D0E8CBB1CBD.xml]
D/S4URC   ( 3623): [SDK] [java.io.File] [delete] [FilePath][String] [/data/data/com.lupeng.app/shared_prefs/CE94557724F842149D690D0E8CBB1CBD.xml.bak]
D/S4URC   ( 3623): [SDK] [android.content.ContextWrapper][getSharedPreferences] [File][CE94557724F842149D690D0E8CBB1CBD.xml] [MODE][MODE_PRIVATE] [Method][commit]
D/S4URC   ( 3623): [SDK] [android.app.ApplicationPackageManager] [getPackageInfo] [FindPackageName][String] [com.lupeng.app]
D/S4URC   ( 3623): [SDK] [android.app.ApplicationPackageManager] [getPackageInfo] [FindPackageName][String] [com.android.phone]
D/S4URC   ( 3623): [SDK] [android.telephony.TelephonyManager] [getLine1Number]
D/S4URC   ( 3623): [SDK] [android.app.ApplicationPackageManager] [getPackageInfo] [FindPackageName][String] [com.lupeng.app]
D/S4URC   ( 3623): [SDK] [java.lang.Class] [forName] [FindClass][String] [com.android.org.conscrypt.OpenSSLSocketFactoryImpl]
D/S4URC   ( 3623): [SDK] [java.io.File] [Constructor] [FilePath][String] [/proc/meminfo]
D/S4URC   ( 3623): [SDK] [java.io.File] [getPath] [FilePath][String] [/proc/meminfo]
D/S4URC   ( 3623): [NDK] [SYSCALL] [open] [PATH][string] [/proc/meminfo] [RETURN][int] [31]
D/S4URC   ( 3623): [SDK] [java.io.File] [getPath] [FilePath][String] [/data]
D/S4URC   ( 3623): [SDK] [android.os.Environment] [getDataDirectory] [DataDirectoryPath][String] [/data]
D/S4URC   ( 3623): [SDK] [java.io.File] [getPath] [FilePath][String] [/data]
D/S4URC   ( 3623): [NDK] [SYSCALL] [lstat] [PATH][string] [/storage]
D/S4URC   ( 3623): [NDK] [SYSCALL] [lstat] [PATH][string] [/storage/sdcard0]
D/S4URC   ( 3623): [SDK] [java.io.File] [Constructor] [FilePath][String] [/storage/sdcard0]
D/S4URC   ( 3623): [SDK] [java.io.File] [Constructor] [FilePath][String] [/storage/sdcard1]
D/S4URC   ( 3623): [SDK] [java.io.File] [Constructor] [FilePath][String] [/storage/usb2host]
D/S4URC   ( 3623): [SDK] [java.io.File] [Constructor] [FilePath][String] [/storage/usb3device]
D/S4URC   ( 3623): [SDK] [java.io.File] [Constructor] [FilePath][String] [/storage/usb3host]
D/S4URC   ( 3623): [SDK] [android.os.Environment] [getExternalStorageState] [ExternalStorageState][String] [mounted]
D/S4URC   ( 3623): [SDK] [java.io.File] [getPath] [FilePath][String] [/storage/sdcard0]
D/S4URC   ( 3623): [SDK] [android.os.Environment] [getExternalStorageDirectory] [DirectoryPath][String] [/storage/sdcard0]
D/S4URC   ( 3623): [SDK] [java.io.File] [getPath] [FilePath][String] [/storage/sdcard0]
D/S4URC   ( 3623): [SDK] [java.io.File] [getPath] [FilePath][String] [/data]
D/S4URC   ( 3623): [SDK] [android.os.Environment] [getDataDirectory] [DataDirectoryPath][String] [/data]
D/S4URC   ( 3623): [SDK] [java.io.File] [getPath] [FilePath][String] [/data]
D/S4URC   ( 3623): [SDK] [android.app.ApplicationPackageManager] [getPackageInfo] [FindPackageName][String] [com.lupeng.app]
D/S4URC   ( 3623): [SDK] [java.lang.Runtime] [exec] [Command][String] [logcat-d-vthreadtime]
D/S4URC   ( 3747): [NDK] [SYSCALL] [getdents] [PATH][string] [.]
D/S4URC   ( 3623): [SDK] [java.lang.Class] [forName] [FindClass][String] [com.android.org.conscrypt.OpenSSLMessageDigestJDK$SHA1]
D/S4URC   ( 3623): [SDK] [java.lang.Runtime] [exec] [Command][String] [/system/bin/sh-cgetprop ro.miui.ui.version.name]
D/S4URC   ( 3750): [NDK] [SYSCALL] [getdents] [PATH][string] [.]
D/S4URC   ( 3623): [SDK] [java.lang.Runtime] [exec] [Command][String] [/system/bin/sh-cgetprop ro.build.version.emui]
D/S4URC   ( 3752): [NDK] [SYSCALL] [getdents] [PATH][string] [.]
D/S4URC   ( 3623): [SDK] [java.lang.Runtime] [exec] [Command][String] [/system/bin/sh-cgetprop ro.lenovo.series]
D/S4URC   ( 3753): [NDK] [SYSCALL] [getdents] [PATH][string] [.]
D/S4URC   ( 3623): [SDK] [java.lang.Runtime] [exec] [Command][String] [/system/bin/sh-cgetprop ro.build.nubia.rom.name]
D/S4URC   ( 3755): [NDK] [SYSCALL] [getdents] [PATH][string] [.]
D/S4URC   ( 3623): [SDK] [java.lang.Runtime] [exec] [Command][String] [/system/bin/sh-cgetprop ro.meizu.product.model]
D/S4URC   ( 3757): [NDK] [SYSCALL] [getdents] [PATH][string] [.]
D/S4URC   ( 3623): [SDK] [java.lang.Runtime] [exec] [Command][String] [/system/bin/sh-cgetprop ro.build.version.opporom]
D/S4URC   ( 3759): [NDK] [SYSCALL] [getdents] [PATH][string] [.]
D/S4URC   ( 3623): [SDK] [java.lang.Runtime] [exec] [Command][String] [/system/bin/sh-cgetprop ro.vivo.os.build.display.id]
D/S4URC   ( 3761): [NDK] [SYSCALL] [getdents] [PATH][string] [.]
D/S4URC   ( 3623): [SDK] [java.lang.Runtime] [exec] [Command][String] [/system/bin/sh-cgetprop ro.aa.romver]
D/S4URC   ( 3762): [NDK] [SYSCALL] [getdents] [PATH][string] [.]
D/S4URC   ( 3623): [SDK] [java.lang.Runtime] [exec] [Command][String] [/system/bin/sh-cgetprop ro.lewa.version]
D/S4URC   ( 3764): [NDK] [SYSCALL] [getdents] [PATH][string] [.]
D/S4URC   ( 3623): [SDK] [java.lang.Runtime] [exec] [Command][String] [/system/bin/sh-cgetprop ro.gn.gnromvernumber]
D/S4URC   ( 3767): [NDK] [SYSCALL] [getdents] [PATH][string] [.]
D/S4URC   ( 3623): [SDK] [java.lang.Runtime] [exec] [Command][String] [/system/bin/sh-cgetprop ro.build.tyd.kbstyle_version]
D/S4URC   ( 3769): [NDK] [SYSCALL] [getdents] [PATH][string] [.]
D/S4URC   ( 3623): [SDK] [java.lang.Runtime] [exec] [Command][String] [/system/bin/sh-cgetprop ro.build.fingerprint]
D/S4URC   ( 3771): [NDK] [SYSCALL] [getdents] [PATH][string] [.]
D/S4URC   ( 3623): [SDK] [java.lang.Runtime] [exec] [Command][String] [/system/bin/sh-cgetprop ro.build.rom.id]
D/S4URC   ( 3772): [NDK] [SYSCALL] [getdents] [PATH][string] [.]
D/S4URC   ( 3623): [NDK] [SYSCALL] [access] [PATH][string] [/data/data/com.lupeng.app/databases/bugly_db_lejiagu-journal]
D/S4URC   ( 3623): [NDK] [SYSCALL] [stat] [PATH][string] [/data/data/com.lupeng.app/databases/bugly_db_lejiagu-journal]
D/S4URC   ( 3623): [NDK] [SYSCALL] [stat] [PATH][string] [/data/data/com.lupeng.app/databases/bugly_db_lejiagu]
D/S4URC   ( 3623): [NDK] [SYSCALL] [open] [PATH][string] [/data/data/com.lupeng.app/databases/bugly_db_lejiagu-journal] [RETURN][int] [47]
D/S4URC   ( 3623): [NDK] [SYSCALL] [access] [PATH][string] [/data/data/com.lupeng.app/databases/bugly_db_lejiagu-wal]
D/S4URC   ( 3623): [NDK] [SYSCALL] [access] [PATH][string] [/data/data/com.lupeng.app/databases/bugly_db_lejiagu-journal]
D/S4URC   ( 3623): [NDK] [SYSCALL] [stat] [PATH][string] [/data/data/com.lupeng.app/databases/bugly_db_lejiagu-journal]
D/S4URC   ( 3623): [NDK] [SYSCALL] [stat] [PATH][string] [/data/data/com.lupeng.app/databases/bugly_db_lejiagu]
D/S4URC   ( 3623): [NDK] [SYSCALL] [open] [PATH][string] [/data/data/com.lupeng.app/databases/bugly_db_lejiagu-journal] [RETURN][int] [31]
D/S4URC   ( 3623): [NDK] [SYSCALL] [access] [PATH][string] [/data/data/com.lupeng.app/databases/bugly_db_lejiagu-wal]
D/S4URC   ( 3623): [NDK] [SYSCALL] [stat] [PATH][string] [/data/data/com.lupeng.app/databases/bugly_db_lejiagu]
D/S4URC   ( 3623): [NDK] [SYSCALL] [open] [PATH][string] [/data/data/com.lupeng.app/databases/bugly_db_lejiagu-journal] [RETURN][int] [31]
D/S4URC   ( 3623): [NDK] [SYSCALL] [open] [PATH][string] [/data/data/com.lupeng.app/databases] [RETURN][int] [34]
D/S4URC   ( 3623):  [Method][getString] [String][ip] [Return][]
D/S4URC   ( 3623):  [Method][getString] [String][qim] [Return][]
D/S4URC   ( 3623): [NDK] [SYSCALL] [access] [PATH][string] [/data/data/com.lupeng.app/databases/bugly_db_lejiagu-journal]
D/S4URC   ( 3623): [NDK] [SYSCALL] [stat] [PATH][string] [/data/data/com.lupeng.app/databases/bugly_db_lejiagu-journal]
D/S4URC   ( 3623): [NDK] [SYSCALL] [stat] [PATH][string] [/data/data/com.lupeng.app/databases/bugly_db_lejiagu]
D/S4URC   ( 3623): [NDK] [SYSCALL] [open] [PATH][string] [/data/data/com.lupeng.app/databases/bugly_db_lejiagu-journal] [RETURN][int] [34]
D/S4URC   ( 3623): [NDK] [SYSCALL] [access] [PATH][string] [/data/data/com.lupeng.app/databases/bugly_db_lejiagu-wal]
D/S4URC   ( 3623): [SDK] [java.net] [HttpURLConnection] [URL][String] [http://rqd.uu.qq.com/rqd/sync]
D/S4URC   ( 3623): [SDK] [java.io.File] [getPath] [FilePath][String] [/data/data/com.lupeng.app]
D/S4URC   ( 3623): [SDK] [java.io.File] [exists] [FilePath][String] [/data/data/com.lupeng.app/files]
D/S4URC   ( 3623): [NDK] [SYSCALL] [access] [PATH][string] [/data/data/com.lupeng.app/files]
D/S4URC   ( 3623): [SDK] [java.io.File] [getPath] [FilePath][String] [/data/data/com.lupeng.app/files]
D/S4URC   ( 3623): [SDK] [java.io.File] [getPath] [FilePath][String] [/data/data/com.lupeng.app/files/E2FDAA28C7344D2F9FAA4A0FEC1296AA]
D/S4URC   ( 3623): [NDK] [SYSCALL] [open] [PATH][string] [/data/data/com.lupeng.app/files/E2FDAA28C7344D2F9FAA4A0FEC1296AA] [RETURN][int] [-1]
D/S4URC   ( 3623): [NDK] [SYSCALL] [socket] [TYPE][string] [TCP]
D/S4URC   ( 3623): [SDK] [java.io.File] [exists] [FilePath][String] [/data/data/com.lupeng.app/files]
D/S4URC   ( 3623): [NDK] [SYSCALL] [access] [PATH][string] [/data/data/com.lupeng.app/files]
D/S4URC   ( 3623): [SDK] [java.io.File] [getPath] [FilePath][String] [/data/data/com.lupeng.app/files]
D/S4URC   ( 3623): [SDK] [java.io.File] [getPath] [FilePath][String] [/data/data/com.lupeng.app/files/E2FDAA28C7344D2F9FAA4A0FEC1296AA]
D/S4URC   ( 3623): [NDK] [SYSCALL] [open] [PATH][string] [/data/data/com.lupeng.app/files/E2FDAA28C7344D2F9FAA4A0FEC1296AA] [RETURN][int] [36]
D/S4URC   ( 3623): [SDK] [java.io.File] [getPath] [FilePath][String] [/data/data/com.lupeng.app/files/E2FDAA28C7344D2F9FAA4A0FEC1296AA]
D/S4URC   ( 3623): [NDK] [SYSCALL] [chmod] [PATH][string] [/data/data/com.lupeng.app/files/E2FDAA28C7344D2F9FAA4A0FEC1296AA] [MODE][int] [0660]
D/S4URC   ( 3623): [NDK] [SYSCALL] [lstat] [PATH][string] [/storage]
D/S4URC   ( 3623): [NDK] [SYSCALL] [lstat] [PATH][string] [/storage/sdcard0]
D/S4URC   ( 3623): [SDK] [java.io.File] [Constructor] [FilePath][String] [/storage/sdcard0]
D/S4URC   ( 3623): [SDK] [java.io.File] [Constructor] [FilePath][String] [/storage/sdcard1]
D/S4URC   ( 3623): [SDK] [java.io.File] [Constructor] [FilePath][String] [/storage/usb2host]
D/S4URC   ( 3623): [SDK] [java.io.File] [Constructor] [FilePath][String] [/storage/usb3device]
D/S4URC   ( 3623): [SDK] [java.io.File] [Constructor] [FilePath][String] [/storage/usb3host]
D/S4URC   ( 3623): [SDK] [android.os.Environment] [getExternalStorageState] [ExternalStorageState][String] [mounted]
D/S4URC   ( 3623): [SDK] [android.app.ApplicationPackageManager] [getPackageInfo] [FindPackageName][String] [com.lupeng.app]
D/S4URC   ( 3623): [SDK] [android.content.ContextWrapper] [registerReceiver][IntentFilter][android.intent.action.PACKAGE_ADDED,android.intent.action.PACKAGE_INSTALL,
D/S4URC   ( 3623): [SDK] [javax.crypto.spec.SecretKeySpec][Constructor] [KEY][S(@L@L@)][type][DES][javax.crypto.spec.IvParameterSpec][Constructor] [IV][S(@L@L@)] [javax.crypto.Cipher][doFinal] [Data][W00uzcjDTP5o0AyT8AeOAAe9ysSnY9dM/GLTgVvMIuwNV1l5IiXsai+gJt+NMLp4hs4ReCKtVOO+7QTbch8ypxgTd3E1LYlxcRxPPbK9c+qNB1K6xjLyKTZxOxxoxNKOphq89D/hXIgsfIhl2mp2zDx4l6jwmveRU9roNPt9VcRtrX6rOmXTGm8ob8YFatAIvyg4CHRRg6YhlI9fMc+Au3KGISBPxynidbdl9YdVIYE=] [Return][H4sIAAAAAAAAAC2Muw7CMAxFnbSqKiEkxOAZxAJMsfNo2KIOLO3GBAMzIxIjez+B7+ATiWns4dyHdEGt1EYFOMOtaY/3NOyGtMX2sk9j/sPiAeum6slgTYadSEJFQkZlhLbQzWRfel98wCU5F6ztopGTLkin+/+U7nmGxZq9kdyh7oR5ImYErNiHLDrUJHnEyhNnccqBfwGo6/R9Pyf4wA/Raoru0AAAAA==]
D/S4URC   ( 3623): [SDK] [android.content.ContextWrapper][getSharedPreferences] [File][CE94557724F842149D690D0E8CBB1CBD.xml] [MODE][MODE_PRIVATE] [Method][putString] [Key][ip] [Value][203.253.17.237]
D/S4URC   ( 3623): [SDK] [java.io.File] [exists] [FilePath][String] [/data/data/com.lupeng.app/shared_prefs/bugly_data.xml]
D/S4URC   ( 3623): [NDK] [SYSCALL] [access] [PATH][string] [/data/data/com.lupeng.app/shared_prefs/bugly_data.xml]
D/S4URC   ( 3623): [SDK] [java.io.File] [getPath] [FilePath][String] [/data/data/com.lupeng.app/shared_prefs/bugly_data.xml]
D/S4URC   ( 3623): [NDK] [SYSCALL] [access] [PATH][string] [/data/data/com.lupeng.app/databases/bugly_db_lejiagu-journal]
D/S4URC   ( 3623): [NDK] [SYSCALL] [stat] [PATH][string] [/data/data/com.lupeng.app/databases/bugly_db_lejiagu-journal]
D/S4URC   ( 3623): [NDK] [SYSCALL] [stat] [PATH][string] [/data/data/com.lupeng.app/databases/bugly_db_lejiagu]
D/S4URC   ( 3623): [NDK] [SYSCALL] [open] [PATH][string] [/data/data/com.lupeng.app/databases/bugly_db_lejiagu-journal] [RETURN][int] [31]
D/S4URC   ( 3623): [NDK] [SYSCALL] [access] [PATH][string] [/data/data/com.lupeng.app/databases/bugly_db_lejiagu-wal]
D/S4URC   ( 3623): [NDK] [SYSCALL] [access] [PATH][string] [/data/data/com.lupeng.app/databases/bugly_db_lejiagu-journal]
D/S4URC   ( 3623): [NDK] [SYSCALL] [stat] [PATH][string] [/data/data/com.lupeng.app/databases/bugly_db_lejiagu-journal]
D/S4URC   ( 3623): [NDK] [SYSCALL] [stat] [PATH][string] [/data/data/com.lupeng.app/databases/bugly_db_lejiagu]
D/S4URC   ( 3623): [NDK] [SYSCALL] [open] [PATH][string] [/data/data/com.lupeng.app/databases/bugly_db_lejiagu-journal] [RETURN][int] [31]
D/S4URC   ( 3623): [NDK] [SYSCALL] [access] [PATH][string] [/data/data/com.lupeng.app/databases/bugly_db_lejiagu-wal]
D/S4URC   ( 3623): [NDK] [SYSCALL] [stat] [PATH][string] [/data/data/com.lupeng.app/databases/bugly_db_lejiagu]
D/S4URC   ( 3623): [NDK] [SYSCALL] [open] [PATH][string] [/data/data/com.lupeng.app/databases/bugly_db_lejiagu-journal] [RETURN][int] [31]
D/S4URC   ( 3623): [SDK] [javax.crypto.spec.SecretKeySpec][Constructor] [KEY][S(@L@L@)][type][DES][javax.crypto.spec.IvParameterSpec][Constructor] [IV][S(@L@L@)] [javax.crypto.Cipher][doFinal] [Data][W00uzcjDTP5o0AyT8AeOAAe9ysSnY9dM/GLTgVvMIuwNV1l5IiXsai+gJt+NMLp4hs4ReCKtVOO+7QTbch8ypxgTd3E1LYlxcRxPPbK9c+qNB1K6xjLyKTZxOxxoxNKOphq89D/hXIgsfIhl2mp2zDx4l6jwmveRU9roNPt9VcRtrX6rOmXTGm8ob8YFatAIvyg4CHRRg6YhlI9fMc+Au3KGISBPxynidbdl9YdVIYE=] [Return][H4sIAAAAAAAAAC2Muw7CMAxFnbSqKiEkxOAZxAJMsfNo2KIOLO3GBAMzIxIjez+B7+ATiWns4dyHdEGt1EYFOMOtaY/3NOyGtMX2sk9j/sPiAeum6slgTYadSEJFQkZlhLbQzWRfel98wCU5F6ztopGTLkin+/+U7nmGxZq9kdyh7oR5ImYErNiHLDrUJHnEyhNnccqBfwGo6/R9Pyf4wA/Raoru0AAAAA==]
D/S4URC   ( 3623): [SDK] [android.content.ContextWrapper][getSharedPreferences] [File][CE94557724F842149D690D0E8CBB1CBD.xml] [MODE][MODE_PRIVATE] [Method][putString] [Key][ip] [Value][203.253.17.237]
D/S4URC   ( 3623): [SDK] [android.content.ContextWrapper][getSharedPreferences] [File][CE94557724F842149D690D0E8CBB1CBD.xml] [MODE][MODE_PRIVATE] [Method][putString] [Key][qim] [Value][9dd4736125bf4d04]
D/S4URC   ( 3623): [NDK] [SYSCALL] [open] [PATH][string] [/data/data/com.lupeng.app/shared_prefs/bugly_data.xml] [RETURN][int] [23]
D/S4URC   ( 3623): [SDK] [java.io.File] [Constructor] [FilePath][String] [/proc/meminfo]
D/S4URC   ( 3623): [SDK] [java.io.File] [getPath] [FilePath][String] [/proc/meminfo]
D/S4URC   ( 3623): [NDK] [SYSCALL] [open] [PATH][string] [/proc/meminfo] [RETURN][int] [35]
D/S4URC   ( 3623): [NDK] [SYSCALL] [open] [PATH][string] [/data/data/com.lupeng.app/databases] [RETURN][int] [36]
D/S4URC   ( 3623): [SDK] [java.io.File] [getPath] [FilePath][String] [/data]
D/S4URC   ( 3623): [SDK] [android.os.Environment] [getDataDirectory] [DataDirectoryPath][String] [/data]
D/S4URC   ( 3623): [SDK] [java.io.File] [getPath] [FilePath][String] [/data]
D/S4URC   ( 3623): [NDK] [SYSCALL] [lstat] [PATH][string] [/storage]
D/S4URC   ( 3623): [NDK] [SYSCALL] [lstat] [PATH][string] [/storage/sdcard0]
D/S4URC   ( 3623): [SDK] [java.io.File] [Constructor] [FilePath][String] [/storage/sdcard0]
D/S4URC   ( 3623): [SDK] [java.io.File] [Constructor] [FilePath][String] [/storage/sdcard1]
D/S4URC   ( 3623): [SDK] [java.io.File] [Constructor] [FilePath][String] [/storage/usb2host]
D/S4URC   ( 3623): [SDK] [java.io.File] [Constructor] [FilePath][String] [/storage/usb3device]
D/S4URC   ( 3623): [SDK] [java.io.File] [Constructor] [FilePath][String] [/storage/usb3host]
D/S4URC   ( 3623): [SDK] [android.os.Environment] [getExternalStorageState] [ExternalStorageState][String] [mounted]
D/S4URC   ( 3623): [SDK] [java.io.File] [getPath] [FilePath][String] [/storage/sdcard0]
D/S4URC   ( 3623): [SDK] [android.os.Environment] [getExternalStorageDirectory] [DirectoryPath][String] [/storage/sdcard0]
D/S4URC   ( 3623): [SDK] [java.io.File] [getPath] [FilePath][String] [/storage/sdcard0]
D/S4URC   ( 3623): [SDK] [java.io.File] [getPath] [FilePath][String] [/data/data/com.lupeng.app/shared_prefs/bugly_data.xml]
D/S4URC   ( 3623): [NDK] [SYSCALL] [chmod] [PATH][string] [/data/data/com.lupeng.app/shared_prefs/bugly_data.xml] [MODE][int] [0660]
D/S4URC   ( 3623): [SDK] [java.io.File] [getPath] [FilePath][String] [/data/data/com.lupeng.app/shared_prefs/bugly_data.xml]
D/S4URC   ( 3623): [NDK] [SYSCALL] [stat] [PATH][string] [/data/data/com.lupeng.app/shared_prefs/bugly_data.xml]
D/S4URC   ( 3623): [SDK] [java.io.File] [delete] [FilePath][String] [/data/data/com.lupeng.app/shared_prefs/bugly_data.xml.bak]
D/S4URC   ( 3623): [NDK] [SYSCALL] [lstat] [PATH][string] [/data/data/com.lupeng.app/shared_prefs/bugly_data.xml.bak]
D/S4URC   ( 3623): [SDK] [android.app.ApplicationPackageManager] [getPackageInfo] [FindPackageName][String] [com.lupeng.app]
D/S4URC   ( 3623): [SDK] [java.io.File] [exists] [FilePath][String] [/data/data/com.lupeng.app/shared_prefs/bugly_data.xml]
D/S4URC   ( 3623): [NDK] [SYSCALL] [access] [PATH][string] [/data/data/com.lupeng.app/shared_prefs/bugly_data.xml]
D/S4URC   ( 3623): [SDK] [java.io.File] [exists] [FilePath][String] [/data/data/com.lupeng.app/shared_prefs/bugly_data.xml]
D/S4URC   ( 3623): [NDK] [SYSCALL] [access] [PATH][string] [/data/data/com.lupeng.app/shared_prefs/bugly_data.xml]
D/S4URC   ( 3623): [SDK] [java.io.File] [exists] [FilePath][String] [/data/data/com.lupeng.app/shared_prefs/bugly_data.xml.bak]
D/S4URC   ( 3623): [NDK] [SYSCALL] [access] [PATH][string] [/data/data/com.lupeng.app/shared_prefs/bugly_data.xml.bak]
D/S4URC   ( 3623): [SDK] [java.io.File] [renameTo] [FilePath][String] [/data/data/com.lupeng.app/shared_prefs/bugly_data.xml] [DesFile][/data/data/com.lupeng.app/shared_prefs/bugly_data.xml.bak]
D/S4URC   ( 3623): [NDK] [SYSCALL] [rename] [ORIG_PATH][string] [/data/data/com.lupeng.app/shared_prefs/bugly_data.xml] [NEW_PATH][string] [/data/data/com.lupeng.app/shared_prefs/bugly_data.xml.bak]
D/S4URC   ( 3623): [SDK] [java.io.File] [getPath] [FilePath][String] [/data/data/com.lupeng.app/shared_prefs/bugly_data.xml]
D/S4URC   ( 3623): [NDK] [SYSCALL] [open] [PATH][string] [/data/data/com.lupeng.app/shared_prefs/bugly_data.xml] [RETURN][int] [23]
D/S4URC   ( 3623): [SDK] [java.lang.Runtime] [exec] [Command][String] [logcat-d-vthreadtime]
D/S4URC   ( 3811): [NDK] [SYSCALL] [getdents] [PATH][string] [.]
D/S4URC   ( 3623): [SDK] [javax.crypto.spec.SecretKeySpec][Constructor] [KEY][S(@L@L@)][type][DES][javax.crypto.spec.IvParameterSpec][Constructor] [IV][S(@L@L@)] [javax.crypto.Cipher][doFinal] [Data][W00uzcjDTP5o0AyT8AeOAAe9ysSnY9dM/GLTgVvMIuwNV1l5IiXsai+gJt+NMLp4hs4ReCKtVOO+7QTbch8ypxgTd3E1LYlxcRxPPbK9c+qNB1K6xjLyKTZxOxxoxNKOphq89D/hXIgsfIhl2mp2zDx4l6jwmveRU9roNPt9VcRtrX6rOmXTGm8ob8YFatAIvyg4CHRRg6YhlI9fMc+Au3KGISBPxynidbdl9YdVIYE=] [Return][H4sIAAAAAAAAAC2Muw7CMAxFnbSqKiEkxOAZxAJMsfNo2KIOLO3GBAMzIxIjez+B7+ATiWns4dyHdEGt1EYFOMOtaY/3NOyGtMX2sk9j/sPiAeum6slgTYadSEJFQkZlhLbQzWRfel98wCU5F6ztopGTLkin+/+U7nmGxZq9kdyh7oR5ImYErNiHLDrUJHnEyhNnccqBfwGo6/R9Pyf4wA/Raoru0AAAAA==]
D/S4URC   ( 3623): [SDK] [android.content.ContextWrapper][getSharedPreferences] [File][CE94557724F842149D690D0E8CBB1CBD.xml] [MODE][MODE_PRIVATE] [Method][putString] [Key][ip] [Value][203.253.17.237]
D/S4URC   ( 3623): [SDK] [android.content.ContextWrapper][getSharedPreferences] [File][CE94557724F842149D690D0E8CBB1CBD.xml] [MODE][MODE_PRIVATE] [Method][putString] [Key][qim] [Value][9dd4736125bf4d04]
D/S4URC   ( 3623): [SDK] [java.io.File] [getPath] [FilePath][String] [/data/data/com.lupeng.app/shared_prefs/bugly_data.xml]
D/S4URC   ( 3623): [NDK] [SYSCALL] [chmod] [PATH][string] [/data/data/com.lupeng.app/shared_prefs/bugly_data.xml] [MODE][int] [0660]
D/S4URC   ( 3623): [SDK] [java.io.File] [getPath] [FilePath][String] [/data/data/com.lupeng.app/shared_prefs/bugly_data.xml]
D/S4URC   ( 3623): [NDK] [SYSCALL] [stat] [PATH][string] [/data/data/com.lupeng.app/shared_prefs/bugly_data.xml]
D/S4URC   ( 3623): [SDK] [java.io.File] [delete] [FilePath][String] [/data/data/com.lupeng.app/shared_prefs/bugly_data.xml.bak]
D/S4URC   ( 3623): [NDK] [SYSCALL] [lstat] [PATH][string] [/data/data/com.lupeng.app/shared_prefs/bugly_data.xml.bak]
D/S4URC   ( 3623): [NDK] [SYSCALL] [unlink] [PATH][string] [/data/data/com.lupeng.app/shared_prefs/bugly_data.xml.bak]
D/S4URC   ( 3623): [SDK] [java.io.File] [exists] [FilePath][String] [/data/data/com.lupeng.app/shared_prefs/bugly_data.xml]
D/S4URC   ( 3623): [NDK] [SYSCALL] [access] [PATH][string] [/data/data/com.lupeng.app/shared_prefs/bugly_data.xml]
D/S4URC   ( 3623): [SDK] [java.io.File] [exists] [FilePath][String] [/data/data/com.lupeng.app/shared_prefs/bugly_data.xml]
D/S4URC   ( 3623): [NDK] [SYSCALL] [access] [PATH][string] [/data/data/com.lupeng.app/shared_prefs/bugly_data.xml]
D/S4URC   ( 3623): [NDK] [SYSCALL] [access] [PATH][string] [/data/data/com.lupeng.app/databases/bugly_db_lejiagu-journal]
D/S4URC   ( 3623): [NDK] [SYSCALL] [stat] [PATH][string] [/data/data/com.lupeng.app/databases/bugly_db_lejiagu-journal]
D/S4URC   ( 3623): [NDK] [SYSCALL] [stat] [PATH][string] [/data/data/com.lupeng.app/databases/bugly_db_lejiagu]
D/S4URC   ( 3623): [NDK] [SYSCALL] [open] [PATH][string] [/data/data/com.lupeng.app/databases/bugly_db_lejiagu-journal] [RETURN][int] [23]
D/S4URC   ( 3623): [NDK] [SYSCALL] [access] [PATH][string] [/data/data/com.lupeng.app/databases/bugly_db_lejiagu-wal]
D/S4URC   ( 3623): [NDK] [SYSCALL] [stat] [PATH][string] [/data/data/com.lupeng.app/databases/bugly_db_lejiagu]
D/S4URC   ( 3623): [NDK] [SYSCALL] [open] [PATH][string] [/data/data/com.lupeng.app/databases/bugly_db_lejiagu-journal] [RETURN][int] [23]
D/S4URC   ( 3623): [NDK] [SYSCALL] [open] [PATH][string] [/data/data/com.lupeng.app/databases] [RETURN][int] [31]
D/S4URC   ( 3623): [NDK] [SYSCALL] [access] [PATH][string] [/data/data/com.lupeng.app/databases/bugly_db_lejiagu-journal]
D/S4URC   ( 3623): [NDK] [SYSCALL] [stat] [PATH][string] [/data/data/com.lupeng.app/databases/bugly_db_lejiagu-journal]
D/S4URC   ( 3623): [NDK] [SYSCALL] [stat] [PATH][string] [/data/data/com.lupeng.app/databases/bugly_db_lejiagu]
D/S4URC   ( 3623): [NDK] [SYSCALL] [open] [PATH][string] [/data/data/com.lupeng.app/databases/bugly_db_lejiagu-journal] [RETURN][int] [23]
D/S4URC   ( 3623): [NDK] [SYSCALL] [access] [PATH][string] [/data/data/com.lupeng.app/databases/bugly_db_lejiagu-wal]
D/S4URC   ( 3623): [NDK] [SYSCALL] [access] [PATH][string] [/data/data/com.lupeng.app/databases/bugly_db_lejiagu-journal]
D/S4URC   ( 3623): [NDK] [SYSCALL] [stat] [PATH][string] [/data/data/com.lupeng.app/databases/bugly_db_lejiagu-journal]
D/S4URC   ( 3623): [NDK] [SYSCALL] [stat] [PATH][string] [/data/data/com.lupeng.app/databases/bugly_db_lejiagu]
D/S4URC   ( 3623): [NDK] [SYSCALL] [open] [PATH][string] [/data/data/com.lupeng.app/databases/bugly_db_lejiagu-journal] [RETURN][int] [31]
D/S4URC   ( 3623): [NDK] [SYSCALL] [access] [PATH][string] [/data/data/com.lupeng.app/databases/bugly_db_lejiagu-wal]
D/S4URC   ( 3623): [NDK] [SYSCALL] [access] [PATH][string] [/data/data/com.lupeng.app/databases/bugly_db_lejiagu-journal]
D/S4URC   ( 3623): [NDK] [SYSCALL] [stat] [PATH][string] [/data/data/com.lupeng.app/databases/bugly_db_lejiagu-journal]
D/S4URC   ( 3623): [NDK] [SYSCALL] [stat] [PATH][string] [/data/data/com.lupeng.app/databases/bugly_db_lejiagu]
D/S4URC   ( 3623): [NDK] [SYSCALL] [open] [PATH][string] [/data/data/com.lupeng.app/databases/bugly_db_lejiagu-journal] [RETURN][int] [23]
D/S4URC   ( 3623): [NDK] [SYSCALL] [access] [PATH][string] [/data/data/com.lupeng.app/databases/bugly_db_lejiagu-wal]
D/S4URC   ( 3623): [NDK] [SYSCALL] [stat] [PATH][string] [/data/data/com.lupeng.app/databases/bugly_db_lejiagu]
D/S4URC   ( 3623): [NDK] [SYSCALL] [open] [PATH][string] [/data/data/com.lupeng.app/databases/bugly_db_lejiagu-journal] [RETURN][int] [23]
D/S4URC   ( 3623): [NDK] [SYSCALL] [open] [PATH][string] [/data/data/com.lupeng.app/databases] [RETURN][int] [31]
D/S4URC   ( 3623): [NDK] [SYSCALL] [access] [PATH][string] [/data/data/com.lupeng.app/databases/bugly_db_lejiagu-journal]
D/S4URC   ( 3623): [NDK] [SYSCALL] [stat] [PATH][string] [/data/data/com.lupeng.app/databases/bugly_db_lejiagu-journal]
D/S4URC   ( 3623): [NDK] [SYSCALL] [stat] [PATH][string] [/data/data/com.lupeng.app/databases/bugly_db_lejiagu]
D/S4URC   ( 3623): [NDK] [SYSCALL] [open] [PATH][string] [/data/data/com.lupeng.app/databases/bugly_db_lejiagu-journal] [RETURN][int] [23]
D/S4URC   ( 3623): [NDK] [SYSCALL] [access] [PATH][string] [/data/data/com.lupeng.app/databases/bugly_db_lejiagu-wal]
D/S4URC   ( 3623): [NDK] [SYSCALL] [stat] [PATH][string] [/data/data/com.lupeng.app/databases/bugly_db_lejiagu]
D/S4URC   ( 3623): [NDK] [SYSCALL] [open] [PATH][string] [/data/data/com.lupeng.app/databases/bugly_db_lejiagu-journal] [RETURN][int] [23]
D/S4URC   ( 3623): [NDK] [SYSCALL] [open] [PATH][string] [/data/data/com.lupeng.app/databases] [RETURN][int] [31]
D/S4URC   ( 3623): [NDK] [SYSCALL] [access] [PATH][string] [/data/data/com.lupeng.app/databases/bugly_db_lejiagu-journal]
D/S4URC   ( 3623): [NDK] [SYSCALL] [stat] [PATH][string] [/data/data/com.lupeng.app/databases/bugly_db_lejiagu-journal]
D/S4URC   ( 3623): [NDK] [SYSCALL] [stat] [PATH][string] [/data/data/com.lupeng.app/databases/bugly_db_lejiagu]
D/S4URC   ( 3623): [NDK] [SYSCALL] [open] [PATH][string] [/data/data/com.lupeng.app/databases/bugly_db_lejiagu-journal] [RETURN][int] [31]
D/S4URC   ( 3623): [NDK] [SYSCALL] [access] [PATH][string] [/data/data/com.lupeng.app/databases/bugly_db_lejiagu-wal]
D/S4URC   ( 3623): [NDK] [SYSCALL] [access] [PATH][string] [/data/data/com.lupeng.app/databases/bugly_db_lejiagu-journal]
D/S4URC   ( 3623): [NDK] [SYSCALL] [stat] [PATH][string] [/data/data/com.lupeng.app/databases/bugly_db_lejiagu-journal]
D/S4URC   ( 3623): [NDK] [SYSCALL] [stat] [PATH][string] [/data/data/com.lupeng.app/databases/bugly_db_lejiagu]
D/S4URC   ( 3623): [NDK] [SYSCALL] [open] [PATH][string] [/data/data/com.lupeng.app/databases/bugly_db_lejiagu-journal] [RETURN][int] [35]
D/S4URC   ( 3623): [NDK] [SYSCALL] [access] [PATH][string] [/data/data/com.lupeng.app/databases/bugly_db_lejiagu-wal]
D/S4URC   ( 3623): [NDK] [SYSCALL] [access] [PATH][string] [/data/data/com.lupeng.app/databases/bugly_db_lejiagu-journal]
D/S4URC   ( 3623): [NDK] [SYSCALL] [stat] [PATH][string] [/data/data/com.lupeng.app/databases/bugly_db_lejiagu-journal]
D/S4URC   ( 3623): [NDK] [SYSCALL] [stat] [PATH][string] [/data/data/com.lupeng.app/databases/bugly_db_lejiagu]
D/S4URC   ( 3623): [NDK] [SYSCALL] [open] [PATH][string] [/data/data/com.lupeng.app/databases/bugly_db_lejiagu-journal] [RETURN][int] [23]
D/S4URC   ( 3623): [NDK] [SYSCALL] [access] [PATH][string] [/data/data/com.lupeng.app/databases/bugly_db_lejiagu-wal]
D/S4URC   ( 3623): [NDK] [SYSCALL] [access] [PATH][string] [/data/data/com.lupeng.app/databases/bugly_db_lejiagu-journal]
