D/S4URC   ( 2757): [SDK] [java.io.File] [Constructor] [FilePath][String] [/data/data/com.dnwgame.supertriangle.mi/shared_prefs/sdk_load_info.xml.bak]
D/S4URC   ( 2435): [SDK] [java.lang.Class] [forName] [FindClass][String] [com.umeng.analytics.game.UMGameAgent]
D/S4URC   ( 2757): [SDK] [java.io.File] [exists] [FilePath][String] [/data/data/com.dnwgame.supertriangle.mi/shared_prefs/sdk_load_info.xml]
D/S4URC   ( 2757): [SDK] [java.io.File] [canRead] [FilePath][String] [/data/data/com.dnwgame.supertriangle.mi/shared_prefs/sdk_load_info.xml]
D/S4URC   ( 2757): [SDK] [java.io.File] [getPath] [FilePath][String] [/data/data/com.dnwgame.supertriangle.mi/shared_prefs/sdk_load_info.xml]
D/S4URC   ( 2435): [SDK] [java.io.File] [getPath] [FilePath][String] [/data/data/com.dnwgame.supertriangle.mi/databases]
D/S4URC   ( 2435): [SDK] [java.io.File] [isDirectory] [FilePath][String] [/data/data/com.dnwgame.supertriangle.mi/databases]
D/S4URC   ( 2435): [NDK] [SYSCALL] [stat] [PATH][string] [/data/data/com.dnwgame.supertriangle.mi/databases]
D/S4URC   ( 2435): [SDK] [java.io.File] [getPath] [FilePath][String] [/data/data/com.dnwgame.supertriangle.mi/databases/dataeye_database_F238A2BF29C63CA73AF8B6037B8051FE.db]
D/S4URC   ( 2435): [NDK] [SYSCALL] [stat] [PATH][string] [/data/data/com.dnwgame.supertriangle.mi/databases/dataeye_database_F238A2BF29C63CA73AF8B6037B8051FE.db]
D/S4URC   ( 2435): [NDK] [SYSCALL] [open] [PATH][string] [/data/data/com.dnwgame.supertriangle.mi/databases/dataeye_database_F238A2BF29C63CA73AF8B6037B8051FE.db] [RETURN][int] [50]
D/S4URC   ( 2435): [NDK] [SYSCALL] [stat] [PATH][string] [/data/data/com.dnwgame.supertriangle.mi/databases/dataeye_database_F238A2BF29C63CA73AF8B6037B8051FE.db]
D/S4URC   ( 2788): [NDK] [SYSCALL] [system] [PATH][string] [cat /proc/sys/kernel/random/boot_id]
D/S4URC   ( 2757): [SDK] [java.io.File] [exists] [FilePath][String] [/data/data/com.dnwgame.supertriangle.mi/shared_prefs/sdk_load_info.xml.bak]
D/S4URC   ( 2757): [SDK] [java.io.File] [exists] [FilePath][String] [/data/data/com.dnwgame.supertriangle.mi/shared_prefs/sdk_load_info.xml]
D/S4URC   ( 2757): [SDK] [java.io.File] [canRead] [FilePath][String] [/data/data/com.dnwgame.supertriangle.mi/shared_prefs/sdk_load_info.xml]
D/S4URC   ( 2757): [SDK] [java.io.File] [getPath] [FilePath][String] [/data/data/com.dnwgame.supertriangle.mi/shared_prefs/sdk_load_info.xml]
D/S4URC   ( 2757): [SDK] [java.io.File] [canRead] [FilePath][String] [/data/data/com.dnwgame.supertriangle.mi/shared_prefs/sdk_load_info.xml]
D/S4URC   ( 2757): [SDK] [java.io.File] [getPath] [FilePath][String] [/data/data/com.dnwgame.supertriangle.mi/shared_prefs/sdk_load_info.xml]
D/S4URC   ( 2435): [NDK] [SYSCALL] [access] [PATH][string] [/data/data/com.dnwgame.supertriangle.mi/databases/dataeye_database_F238A2BF29C63CA73AF8B6037B8051FE.db-journal]
D/S4URC   ( 2435): [NDK] [SYSCALL] [unlink] [PATH][string] [/data/data/com.dnwgame.supertriangle.mi/databases/dataeye_database_F238A2BF29C63CA73AF8B6037B8051FE.db-wal]
D/S4URC   ( 2757):  [Method][putInt] [Key][unipaysdk_loadpath] [Value][0]
D/S4URC   ( 2757): [SDK] [java.io.File] [exists] [FilePath][String] [/data/data/com.dnwgame.supertriangle.mi/shared_prefs/sdk_load_info.xml]
D/S4URC   ( 2435): [NDK] [SYSCALL] [access] [PATH][string] [/data/data/com.dnwgame.supertriangle.mi/databases/dataeye_database_F238A2BF29C63CA73AF8B6037B8051FE.db-journal]
D/S4URC   ( 2435): [NDK] [SYSCALL] [unlink] [PATH][string] [/data/data/com.dnwgame.supertriangle.mi/databases/dataeye_database_F238A2BF29C63CA73AF8B6037B8051FE.db-wal]
D/S4URC   ( 2435): [NDK] [SYSCALL] [stat] [PATH][string] [/data/data/com.dnwgame.supertriangle.mi/databases/dataeye_database_F238A2BF29C63CA73AF8B6037B8051FE.db]
D/S4URC   ( 2435): [NDK] [SYSCALL] [open] [PATH][string] [/data/data/com.dnwgame.supertriangle.mi/databases/dataeye_database_F238A2BF29C63CA73AF8B6037B8051FE.db-journal] [RETURN][int] [48]
D/S4URC   ( 2789): [NDK] [SYSCALL] [system] [PATH][string] [cat /proc/sys/kernel/random/uuid]
D/S4URC   ( 2435): [NDK] [SYSCALL] [open] [PATH][string] [/data/data/com.dnwgame.supertriangle.mi/databases] [RETURN][int] [109]
D/S4URC   ( 2790): [NDK] [SYSCALL] [system] [PATH][string] [cat /proc/sys/kernel/osrelease]
D/S4URC   ( 2435): [NDK] [SYSCALL] [access] [PATH][string] [/data/data/com.dnwgame.supertriangle.mi/databases/dataeye_database_F238A2BF29C63CA73AF8B6037B8051FE.db-journal]
D/S4URC   ( 2435): [NDK] [SYSCALL] [stat] [PATH][string] [/data/data/com.dnwgame.supertriangle.mi/databases/dataeye_database_F238A2BF29C63CA73AF8B6037B8051FE.db-journal]
D/S4URC   ( 2435): [NDK] [SYSCALL] [stat] [PATH][string] [/data/data/com.dnwgame.supertriangle.mi/databases/dataeye_database_F238A2BF29C63CA73AF8B6037B8051FE.db]
D/S4URC   ( 2435): [NDK] [SYSCALL] [open] [PATH][string] [/data/data/com.dnwgame.supertriangle.mi/databases/dataeye_database_F238A2BF29C63CA73AF8B6037B8051FE.db-journal] [RETURN][int] [48]
D/S4URC   ( 2435): [NDK] [SYSCALL] [access] [PATH][string] [/data/data/com.dnwgame.supertriangle.mi/databases/dataeye_database_F238A2BF29C63CA73AF8B6037B8051FE.db-wal]
D/S4URC   ( 2435): [NDK] [SYSCALL] [access] [PATH][string] [/data/data/com.dnwgame.supertriangle.mi/databases/dataeye_database_F238A2BF29C63CA73AF8B6037B8051FE.db-journal]
D/S4URC   ( 2435): [NDK] [SYSCALL] [stat] [PATH][string] [/data/data/com.dnwgame.supertriangle.mi/databases/dataeye_database_F238A2BF29C63CA73AF8B6037B8051FE.db-journal]
D/S4URC   ( 2435): [NDK] [SYSCALL] [stat] [PATH][string] [/data/data/com.dnwgame.supertriangle.mi/databases/dataeye_database_F238A2BF29C63CA73AF8B6037B8051FE.db]
D/S4URC   ( 2435): [NDK] [SYSCALL] [open] [PATH][string] [/data/data/com.dnwgame.supertriangle.mi/databases/dataeye_database_F238A2BF29C63CA73AF8B6037B8051FE.db-journal] [RETURN][int] [48]
D/S4URC   ( 2435): [NDK] [SYSCALL] [access] [PATH][string] [/data/data/com.dnwgame.supertriangle.mi/databases/dataeye_database_F238A2BF29C63CA73AF8B6037B8051FE.db-wal]
D/S4URC   ( 2435): [NDK] [SYSCALL] [stat] [PATH][string] [/data/data/com.dnwgame.supertriangle.mi/databases/dataeye_database_F238A2BF29C63CA73AF8B6037B8051FE.db]
D/S4URC   ( 2435): [NDK] [SYSCALL] [open] [PATH][string] [/data/data/com.dnwgame.supertriangle.mi/databases/dataeye_database_F238A2BF29C63CA73AF8B6037B8051FE.db-journal] [RETURN][int] [48]
D/S4URC   ( 2435): [NDK] [SYSCALL] [open] [PATH][string] [/data/data/com.dnwgame.supertriangle.mi/databases] [RETURN][int] [114]
D/S4URC   ( 2435): [NDK] [SYSCALL] [open] [PATH][string] [/sys/class/net/eth0/address] [RETURN][int] [-1]
D/S4URC   ( 2435): [NDK] [SYSCALL] [open] [PATH][string] [/sys/class/net/eth1/address] [RETURN][int] [-1]
D/S4URC   ( 2435): [NDK] [SYSCALL] [open] [PATH][string] [/sys/class/net/eth2/address] [RETURN][int] [-1]
D/S4URC   ( 2435): [SDK] [java.io.File] [getPath] [FilePath][String] [/data/data/com.dnwgame.supertriangle.mi/databases/dataeye_database_F238A2BF29C63CA73AF8B6037B8051FE.db]
D/S4URC   ( 2435): [NDK] [SYSCALL] [chmod] [PATH][string] [/data/data/com.dnwgame.supertriangle.mi/databases/dataeye_database_F238A2BF29C63CA73AF8B6037B8051FE.db] [MODE][int] [0660]
D/S4URC   ( 2435): [NDK] [SYSCALL] [access] [PATH][string] [/data/data/com.dnwgame.supertriangle.mi/databases/dataeye_database_F238A2BF29C63CA73AF8B6037B8051FE.db-journal]
D/S4URC   ( 2435): [NDK] [SYSCALL] [stat] [PATH][string] [/data/data/com.dnwgame.supertriangle.mi/databases/dataeye_database_F238A2BF29C63CA73AF8B6037B8051FE.db-journal]
D/S4URC   ( 2435): [NDK] [SYSCALL] [stat] [PATH][string] [/data/data/com.dnwgame.supertriangle.mi/databases/dataeye_database_F238A2BF29C63CA73AF8B6037B8051FE.db]
D/S4URC   ( 2435): [NDK] [SYSCALL] [open] [PATH][string] [/data/data/com.dnwgame.supertriangle.mi/databases/dataeye_database_F238A2BF29C63CA73AF8B6037B8051FE.db-journal] [RETURN][int] [48]
D/S4URC   ( 2435): [NDK] [SYSCALL] [access] [PATH][string] [/data/data/com.dnwgame.supertriangle.mi/databases/dataeye_database_F238A2BF29C63CA73AF8B6037B8051FE.db-wal]
D/S4URC   ( 2435): [NDK] [SYSCALL] [access] [PATH][string] [/data/data/com.dnwgame.supertriangle.mi/databases/dataeye_database_F238A2BF29C63CA73AF8B6037B8051FE.db-journal]
D/S4URC   ( 2435): [NDK] [SYSCALL] [stat] [PATH][string] [/data/data/com.dnwgame.supertriangle.mi/databases/dataeye_database_F238A2BF29C63CA73AF8B6037B8051FE.db-journal]
D/S4URC   ( 2435): [NDK] [SYSCALL] [stat] [PATH][string] [/data/data/com.dnwgame.supertriangle.mi/databases/dataeye_database_F238A2BF29C63CA73AF8B6037B8051FE.db]
D/S4URC   ( 2435): [NDK] [SYSCALL] [open] [PATH][string] [/data/data/com.dnwgame.supertriangle.mi/databases/dataeye_database_F238A2BF29C63CA73AF8B6037B8051FE.db-journal] [RETURN][int] [48]
D/S4URC   ( 2435): [NDK] [SYSCALL] [access] [PATH][string] [/data/data/com.dnwgame.supertriangle.mi/databases/dataeye_database_F238A2BF29C63CA73AF8B6037B8051FE.db-wal]
D/S4URC   ( 2435): [NDK] [SYSCALL] [socket] [TYPE][string] [TCP]
D/S4URC   ( 2435): [SDK] [android.database.sqlite.SQLiteDatabase] [execSQL] [ExecInfo][String] [DROP TABLE IF EXISTS dataeye_agenda_log]
D/S4URC   ( 2435): [NDK] [SYSCALL] [stat] [PATH][string] [/data/data/com.dnwgame.supertriangle.mi/databases/dataeye_database_F238A2BF29C63CA73AF8B6037B8051FE.db]
D/S4URC   ( 2435): [NDK] [SYSCALL] [open] [PATH][string] [/data/data/com.dnwgame.supertriangle.mi/databases/dataeye_database_F238A2BF29C63CA73AF8B6037B8051FE.db-journal] [RETURN][int] [114]
D/S4URC   ( 2435): [SDK] [android.database.sqlite.SQLiteDatabase] [execSQL] [ExecInfo][String] [CREATE TABLE dataeye_agenda_log  (_id INTEGER PRIMARY KEY AUTOINCREMENT, type VARCHAR not null default '' , account_id VARCHAR not null default '' , agenda_data TEXT not null default ''   )]
D/S4URC   ( 2435): [SDK] [android.database.sqlite.SQLiteDatabase] [execSQL] [ExecInfo][String] [DROP TABLE IF EXISTS dataeye_history_log]
D/S4URC   ( 2435): [SDK] [android.database.sqlite.SQLiteDatabase] [execSQL] [ExecInfo][String] [CREATE TABLE dataeye_history_log  (_id INTEGER PRIMARY KEY AUTOINCREMENT, history_data VARCHAR not null default ''   )]
D/S4URC   ( 2435): [SDK] [android.database.sqlite.SQLiteDatabase] [execSQL] [ExecInfo][String] [PRAGMA user_version = 12]
D/S4URC   ( 2435): [NDK] [SYSCALL] [open] [PATH][string] [/dev/urandom] [RETURN][int] [128]
D/S4URC   ( 2435): [NDK] [SYSCALL] [uname]
D/S4URC   ( 2435): [NDK] [SYSCALL] [open] [PATH][string] [/data/data/com.dnwgame.supertriangle.mi/databases] [RETURN][int] [129]
D/S4URC   ( 2435): [NDK] [SYSCALL] [access] [PATH][string] [/data/data/com.dnwgame.supertriangle.mi/databases/dataeye_database_F238A2BF29C63CA73AF8B6037B8051FE.db-journal]
D/S4URC   ( 2435): [NDK] [SYSCALL] [stat] [PATH][string] [/data/data/com.dnwgame.supertriangle.mi/databases/dataeye_database_F238A2BF29C63CA73AF8B6037B8051FE.db-journal]
D/S4URC   ( 2435): [NDK] [SYSCALL] [stat] [PATH][string] [/data/data/com.dnwgame.supertriangle.mi/databases/dataeye_database_F238A2BF29C63CA73AF8B6037B8051FE.db]
D/S4URC   ( 2435): [NDK] [SYSCALL] [open] [PATH][string] [/data/data/com.dnwgame.supertriangle.mi/databases/dataeye_database_F238A2BF29C63CA73AF8B6037B8051FE.db-journal] [RETURN][int] [114]
D/S4URC   ( 2435): [NDK] [SYSCALL] [access] [PATH][string] [/data/data/com.dnwgame.supertriangle.mi/databases/dataeye_database_F238A2BF29C63CA73AF8B6037B8051FE.db-wal]
D/S4URC   ( 2435): [NDK] [SYSCALL] [stat] [PATH][string] [/data/data/com.dnwgame.supertriangle.mi/databases/dataeye_database_F238A2BF29C63CA73AF8B6037B8051FE.db]
D/S4URC   ( 2435): [NDK] [SYSCALL] [open] [PATH][string] [/data/data/com.dnwgame.supertriangle.mi/databases/dataeye_database_F238A2BF29C63CA73AF8B6037B8051FE.db-journal] [RETURN][int] [114]
D/S4URC   ( 2435): [NDK] [SYSCALL] [open] [PATH][string] [/data/data/com.dnwgame.supertriangle.mi/databases] [RETURN][int] [129]
D/S4URC   ( 2757): [SDK] [dalvik.system.DexFile] [openDexFile] [DexPath][String] [/data/app/com.dnwgame.supertriangle.mi-1/base.apk]
D/S4URC   ( 2757): [SDK] [java.io.File] [Constructor] [FilePath][String] [/data/app/com.dnwgame.supertriangle.mi-1/base.apk]
D/S4URC   ( 2757): [SDK] [java.lang.Class] [forName] [FindClass][String] [com.unicom.dcLoader.Utils]
D/S4URC   ( 2435): [SDK] [android.database.sqlite.SQLiteDatabase] [execSQL] [ExecInfo][String] [insert  or replace into dataeye_agenda_log(type,account_id ,agenda_data)  values(?,?,?)] [Bind][3]
D/S4URC   ( 2435): [NDK] [SYSCALL] [stat] [PATH][string] [/data/data/com.dnwgame.supertriangle.mi/databases/dataeye_database_F238A2BF29C63CA73AF8B6037B8051FE.db]
D/S4URC   ( 2435): [SDK] [java.io.File] [getPath] [FilePath][String] [/data/data/com.dnwgame.supertriangle.mi/databases]
D/S4URC   ( 2435): [SDK] [java.io.File] [isDirectory] [FilePath][String] [/data/data/com.dnwgame.supertriangle.mi/databases]
D/S4URC   ( 2435): [NDK] [SYSCALL] [stat] [PATH][string] [/data/data/com.dnwgame.supertriangle.mi/databases]
D/S4URC   ( 2435): [SDK] [java.io.File] [getPath] [FilePath][String] [/data/data/com.dnwgame.supertriangle.mi/databases/dataeye_database_F238A2BF29C63CA73AF8B6037B8051FE.db]
D/S4URC   ( 2435): [NDK] [SYSCALL] [stat] [PATH][string] [/data/data/com.dnwgame.supertriangle.mi/databases/dataeye_database_F238A2BF29C63CA73AF8B6037B8051FE.db]
D/S4URC   ( 2435): [NDK] [SYSCALL] [open] [PATH][string] [/data/data/com.dnwgame.supertriangle.mi/databases/dataeye_database_F238A2BF29C63CA73AF8B6037B8051FE.db] [RETURN][int] [50]
D/S4URC   ( 2435): [NDK] [SYSCALL] [stat] [PATH][string] [/data/data/com.dnwgame.supertriangle.mi/databases/dataeye_database_F238A2BF29C63CA73AF8B6037B8051FE.db]
D/S4URC   ( 2435): [NDK] [SYSCALL] [access] [PATH][string] [/data/data/com.dnwgame.supertriangle.mi/databases/dataeye_database_F238A2BF29C63CA73AF8B6037B8051FE.db-journal]
D/S4URC   ( 2435): [NDK] [SYSCALL] [stat] [PATH][string] [/data/data/com.dnwgame.supertriangle.mi/databases/dataeye_database_F238A2BF29C63CA73AF8B6037B8051FE.db-journal]
D/S4URC   ( 2435): [NDK] [SYSCALL] [stat] [PATH][string] [/data/data/com.dnwgame.supertriangle.mi/databases/dataeye_database_F238A2BF29C63CA73AF8B6037B8051FE.db]
D/S4URC   ( 2435): [NDK] [SYSCALL] [open] [PATH][string] [/data/data/com.dnwgame.supertriangle.mi/databases/dataeye_database_F238A2BF29C63CA73AF8B6037B8051FE.db-journal] [RETURN][int] [114]
D/S4URC   ( 2435): [NDK] [SYSCALL] [access] [PATH][string] [/data/data/com.dnwgame.supertriangle.mi/databases/dataeye_database_F238A2BF29C63CA73AF8B6037B8051FE.db-wal]
D/S4URC   ( 2435): [NDK] [SYSCALL] [access] [PATH][string] [/data/data/com.dnwgame.supertriangle.mi/databases/dataeye_database_F238A2BF29C63CA73AF8B6037B8051FE.db-journal]
D/S4URC   ( 2435): [NDK] [SYSCALL] [stat] [PATH][string] [/data/data/com.dnwgame.supertriangle.mi/databases/dataeye_database_F238A2BF29C63CA73AF8B6037B8051FE.db-journal]
D/S4URC   ( 2435): [NDK] [SYSCALL] [stat] [PATH][string] [/data/data/com.dnwgame.supertriangle.mi/databases/dataeye_database_F238A2BF29C63CA73AF8B6037B8051FE.db]
D/S4URC   ( 2435): [NDK] [SYSCALL] [open] [PATH][string] [/data/data/com.dnwgame.supertriangle.mi/databases/dataeye_database_F238A2BF29C63CA73AF8B6037B8051FE.db-journal] [RETURN][int] [114]
D/S4URC   ( 2435): [NDK] [SYSCALL] [access] [PATH][string] [/data/data/com.dnwgame.supertriangle.mi/databases/dataeye_database_F238A2BF29C63CA73AF8B6037B8051FE.db-wal]
D/S4URC   ( 2435): [NDK] [SYSCALL] [access] [PATH][string] [/data/data/com.dnwgame.supertriangle.mi/databases/dataeye_database_F238A2BF29C63CA73AF8B6037B8051FE.db-journal]
D/S4URC   ( 2435): [NDK] [SYSCALL] [stat] [PATH][string] [/data/data/com.dnwgame.supertriangle.mi/databases/dataeye_database_F238A2BF29C63CA73AF8B6037B8051FE.db-journal]
D/S4URC   ( 2435): [NDK] [SYSCALL] [stat] [PATH][string] [/data/data/com.dnwgame.supertriangle.mi/databases/dataeye_database_F238A2BF29C63CA73AF8B6037B8051FE.db]
D/S4URC   ( 2435): [NDK] [SYSCALL] [open] [PATH][string] [/data/data/com.dnwgame.supertriangle.mi/databases/dataeye_database_F238A2BF29C63CA73AF8B6037B8051FE.db-journal] [RETURN][int] [114]
D/S4URC   ( 2435): [NDK] [SYSCALL] [access] [PATH][string] [/data/data/com.dnwgame.supertriangle.mi/databases/dataeye_database_F238A2BF29C63CA73AF8B6037B8051FE.db-wal]
D/S4URC   ( 2435): [SDK] [java.io.File] [getPath] [FilePath][String] [/data/data/com.dnwgame.supertriangle.mi/databases/dataeye_database_F238A2BF29C63CA73AF8B6037B8051FE.db]
D/S4URC   ( 2435): [NDK] [SYSCALL] [chmod] [PATH][string] [/data/data/com.dnwgame.supertriangle.mi/databases/dataeye_database_F238A2BF29C63CA73AF8B6037B8051FE.db] [MODE][int] [0660]
D/S4URC   ( 2435): [NDK] [SYSCALL] [access] [PATH][string] [/data/data/com.dnwgame.supertriangle.mi/databases/dataeye_database_F238A2BF29C63CA73AF8B6037B8051FE.db-journal]
D/S4URC   ( 2435): [NDK] [SYSCALL] [stat] [PATH][string] [/data/data/com.dnwgame.supertriangle.mi/databases/dataeye_database_F238A2BF29C63CA73AF8B6037B8051FE.db-journal]
D/S4URC   ( 2435): [NDK] [SYSCALL] [stat] [PATH][string] [/data/data/com.dnwgame.supertriangle.mi/databases/dataeye_database_F238A2BF29C63CA73AF8B6037B8051FE.db]
D/S4URC   ( 2435): [NDK] [SYSCALL] [open] [PATH][string] [/data/data/com.dnwgame.supertriangle.mi/databases/dataeye_database_F238A2BF29C63CA73AF8B6037B8051FE.db-journal] [RETURN][int] [114]
D/S4URC   ( 2435): [NDK] [SYSCALL] [access] [PATH][string] [/data/data/com.dnwgame.supertriangle.mi/databases/dataeye_database_F238A2BF29C63CA73AF8B6037B8051FE.db-wal]
D/S4URC   ( 2435): [SDK] [java.lang.Class] [forName] [FindClass][String] [com.android.internal.telephony.PhoneFactory]
D/S4URC   ( 2435): [SDK] [java.lang.Class] [forName] [FindClass][String] [android.telephony.MSimTelephonyManager]
D/S4URC   ( 2435): [SDK] [java.lang.Class] [forName] [FindClass][String] [com.android.internal.telephony.Phone]
D/S4URC   ( 2757): [SDK] [android.app.ActivityManager] [getRunningAppProcesses]
D/S4URC   ( 2435): [SDK] [java.lang.Class] [forName] [FindClass][String] [com.android.internal.telephony.PhoneConstants]
D/S4URC   ( 2435): [SDK] [android.telephony.TelephonyManager] [getDeviceId]
D/S4URC   ( 2435): [SDK] [android.telephony.TelephonyManager] [getSubscriberId]
D/S4URC   ( 2435): [SDK] [java.lang.Class] [forName] [FindClass][String] [com.android.internal.telephony.PhoneFactory]
D/S4URC   ( 2435): [SDK] [java.lang.Class] [forName] [FindClass][String] [android.telephony.MSimTelephonyManager]
D/S4URC   ( 2435): [SDK] [java.lang.Class] [forName] [FindClass][String] [com.android.internal.telephony.Phone]
D/S4URC   ( 2435): [SDK] [java.lang.Class] [forName] [FindClass][String] [com.android.internal.telephony.PhoneConstants]
D/S4URC   ( 2435): [SDK] [java.lang.Class] [forName] [FindClass][String] [android.os.SystemProperties]
D/S4URC   ( 2435): [SDK] [java.lang.Runtime] [exec] [Command][String] [/system/bin/sh]
D/S4URC   ( 2757): [SDK] [java.lang.Class] [forName] [FindClass][String] [android.content.pm.PackageInfo]
D/S4URC   ( 2757): [SDK] [android.app.ApplicationPackageManager] [getInstalledPackages]
D/S4URC   ( 2757): [SDK] [android.app.ActivityManager] [getRunningAppProcesses]
D/S4URC   ( 2794): [NDK] [SYSCALL] [getdents] [PATH][string] [.]
D/S4URC   ( 2757): [SDK] [java.lang.Runtime] [loadLibrary] [SoPath][String] [egamepay_dr2]
D/S4URC   ( 2757): [SDK] [java.io.File] [getPath] [FilePath][String] [/data/app/com.dnwgame.supertriangle.mi-1/lib/arm]
D/S4URC   ( 2757): [SDK] [java.io.File] [getPath] [FilePath][String] [/data/app/com.dnwgame.supertriangle.mi-1/lib/arm/libegamepay_dr2.so]
D/S4URC   ( 2757): [SDK] [java.io.File] [getPath] [FilePath][String] [/storage/sdcard0]
D/S4URC   ( 2757): [SDK] [android.os.Environment] [getExternalStorageDirectory] [DirectoryPath][String] [/storage/sdcard0]
D/S4URC   ( 2757): [SDK] [java.io.File] [getPath] [FilePath][String] [/storage/sdcard0]
D/S4URC   ( 2757): [SDK] [android.os.Environment] [getExternalStorageDirectory] [DirectoryPath][String] [/storage/sdcard0]
D/S4URC   ( 2757): [SDK] [java.io.File] [getPath] [FilePath][String] [/data/data/com.dnwgame.supertriangle.mi]
D/S4URC   ( 2757): [SDK] [java.io.File] [exists] [FilePath][String] [/data/data/com.dnwgame.supertriangle.mi/files]
D/S4URC   ( 2757): [SDK] [java.io.File] [getParent] [FilePath][String] [/data/data/com.dnwgame.supertriangle.mi/files]
D/S4URC   ( 2757): [SDK] [java.io.File] [Constructor] [FilePath][String] [/storage/sdcard0/egame/psh1x]
D/S4URC   ( 2757): [SDK] [java.io.File] [isDirectory] [FilePath][String] [/storage/sdcard0/egame/psh1x]
D/S4URC   ( 2757): [SDK] [java.io.File] [Constructor] [FilePath][String] [/data/data/com.dnwgame.supertriangle.mi/egame]
D/S4URC   ( 2757): [SDK] [java.io.File] [isDirectory] [FilePath][String] [/data/data/com.dnwgame.supertriangle.mi/egame]
D/S4URC   ( 2757): [SDK] [java.io.File] [Constructor] [FilePath][String] [/data/data/com.dnwgame.supertriangle.mi/egame/EPSH_144]
D/S4URC   ( 2757): [SDK] [java.io.File] [Constructor] [FilePath][String] [/data/data/com.dnwgame.supertriangle.mi/egame/EPSH_144/libs/]
D/S4URC   ( 2757): [SDK] [java.io.File] [exists] [FilePath][String] [/data/data/com.dnwgame.supertriangle.mi/egame/EPSH_144/libs]
D/S4URC   ( 2757): [SDK] [java.io.File] [mkdirs] [FilePath][String] [/data/data/com.dnwgame.supertriangle.mi/egame/EPSH_144/libs]
D/S4URC   ( 2757): [SDK] [java.io.File] [getParent] [FilePath][String] [/data/data/com.dnwgame.supertriangle.mi/egame/EPSH_144/libs]
D/S4URC   ( 2757): [SDK] [java.io.File] [Constructor] [FilePath][String] [/data/data/com.dnwgame.supertriangle.mi/egame/EPSH_144]
D/S4URC   ( 2757): [SDK] [java.io.File] [getParent] [FilePath][String] [/data/data/com.dnwgame.supertriangle.mi/egame/EPSH_144]
D/S4URC   ( 2757): [SDK] [java.io.File] [Constructor] [FilePath][String] [/data/data/com.dnwgame.supertriangle.mi/egame]
D/S4URC   ( 2757): [SDK] [java.io.File] [mkdir] [FilePath][String] [/data/data/com.dnwgame.supertriangle.mi/egame/EPSH_144]
D/S4URC   ( 2757): [SDK] [java.io.File] [mkdir] [FilePath][String] [/data/data/com.dnwgame.supertriangle.mi/egame/EPSH_144/libs]
D/S4URC   ( 2757): [SDK] [java.io.File] [Constructor] [FilePath][String] [/data/data/com.dnwgame.supertriangle.mi/egame/EPSH_144/libs/armeabi/]
D/S4URC   ( 2757): [SDK] [java.io.File] [exists] [FilePath][String] [/data/data/com.dnwgame.supertriangle.mi/egame/EPSH_144/libs/armeabi]
D/S4URC   ( 2757): [SDK] [java.io.File] [mkdirs] [FilePath][String] [/data/data/com.dnwgame.supertriangle.mi/egame/EPSH_144/libs/armeabi]
D/S4URC   ( 2757): [SDK] [java.io.File] [Constructor] [FilePath][String] [/data/data/com.dnwgame.supertriangle.mi/egame/EPSH_144/libs/armeabi-v7a/]
D/S4URC   ( 2757): [SDK] [java.io.File] [exists] [FilePath][String] [/data/data/com.dnwgame.supertriangle.mi/egame/EPSH_144/libs/armeabi-v7a]
D/S4URC   ( 2757): [SDK] [java.io.File] [mkdirs] [FilePath][String] [/data/data/com.dnwgame.supertriangle.mi/egame/EPSH_144/libs/armeabi-v7a]
D/S4URC   ( 2757): [SDK] [java.io.File] [Constructor] [FilePath][String] [/data/data/com.dnwgame.supertriangle.mi/egame/EPSH_144/libs/x86/]
D/S4URC   ( 2757): [SDK] [java.io.File] [exists] [FilePath][String] [/data/data/com.dnwgame.supertriangle.mi/egame/EPSH_144/libs/x86]
D/S4URC   ( 2757): [SDK] [java.io.File] [mkdirs] [FilePath][String] [/data/data/com.dnwgame.supertriangle.mi/egame/EPSH_144/libs/x86]
D/S4URC   ( 2757): [SDK] [java.io.File] [Constructor] [FilePath][String] [/data/data/com.dnwgame.supertriangle.mi/egame/EPSH_144]
D/S4URC   ( 2757): [SDK] [java.io.File] [exists] [FilePath][String] [/data/data/com.dnwgame.supertriangle.mi/egame/EPSH_144]
D/S4URC   ( 2757): [SDK] [java.io.File] [Constructor] [FilePath][String] [/data/data/com.dnwgame.supertriangle.mi/egame/EPSH_144/EGAME_SDK.dat]
D/S4URC   ( 2757): [SDK] [java.io.File] [getPath] [FilePath][String] [/data/data/com.dnwgame.supertriangle.mi/egame/EPSH_144/EGAME_SDK.dat]
D/S4URC   ( 2757): [SDK] [java.io.File] [Constructor] [FilePath][String] [/data/data/com.dnwgame.supertriangle.mi/egame/EPSH_144]
D/S4URC   ( 2757): [SDK] [java.io.File] [exists] [FilePath][String] [/data/data/com.dnwgame.supertriangle.mi/egame/EPSH_144]
D/S4URC   ( 2757): [SDK] [java.io.File] [Constructor] [FilePath][String] [/data/data/com.dnwgame.supertriangle.mi/egame/EPSH_144/EGAME_SDK.jar]
D/S4URC   ( 2757): [SDK] [java.io.File] [getPath] [FilePath][String] [/data/data/com.dnwgame.supertriangle.mi/egame/EPSH_144/EGAME_SDK.jar]
D/S4URC   ( 2757): [SDK] [java.io.File] [Constructor] [FilePath][String] [/data/data/com.dnwgame.supertriangle.mi/egame/EPSH_144/libs/armeabi-v7a]
D/S4URC   ( 2757): [SDK] [java.io.File] [exists] [FilePath][String] [/data/data/com.dnwgame.supertriangle.mi/egame/EPSH_144/libs/armeabi-v7a]
D/S4URC   ( 2757): [SDK] [java.io.File] [Constructor] [FilePath][String] [/data/data/com.dnwgame.supertriangle.mi/egame/EPSH_144/libs/armeabi-v7a/libepsh_private_ar1.so]
D/S4URC   ( 2757): [SDK] [java.io.File] [getPath] [FilePath][String] [/data/data/com.dnwgame.supertriangle.mi/egame/EPSH_144/libs/armeabi-v7a/libepsh_private_ar1.so]
D/S4URC   ( 2757): [SDK] [java.io.File] [Constructor] [FilePath][String] [/data/data/com.dnwgame.supertriangle.mi/egame/EPSH_144/libs/armeabi]
D/S4URC   ( 2757): [SDK] [java.io.File] [exists] [FilePath][String] [/data/data/com.dnwgame.supertriangle.mi/egame/EPSH_144/libs/armeabi]
D/S4URC   ( 2757): [SDK] [java.io.File] [Constructor] [FilePath][String] [/data/data/com.dnwgame.supertriangle.mi/egame/EPSH_144/libs/armeabi/libepsh_private_ar1.so]
D/S4URC   ( 2757): [SDK] [java.io.File] [getPath] [FilePath][String] [/data/data/com.dnwgame.supertriangle.mi/egame/EPSH_144/libs/armeabi/libepsh_private_ar1.so]
D/S4URC   ( 2757): [SDK] [java.io.File] [Constructor] [FilePath][String] [/data/data/com.dnwgame.supertriangle.mi/egame/EPSH_144/libs/x86]
D/S4URC   ( 2757): [SDK] [java.io.File] [exists] [FilePath][String] [/data/data/com.dnwgame.supertriangle.mi/egame/EPSH_144/libs/x86]
D/S4URC   ( 2757): [SDK] [java.io.File] [Constructor] [FilePath][String] [/data/data/com.dnwgame.supertriangle.mi/egame/EPSH_144/libs/x86/libepsh_private_ar1.so]
D/S4URC   ( 2757): [SDK] [java.io.File] [getPath] [FilePath][String] [/data/data/com.dnwgame.supertriangle.mi/egame/EPSH_144/libs/x86/libepsh_private_ar1.so]
D/S4URC   ( 2757): [SDK] [java.io.File] [Constructor] [FilePath][String] [/data/data/com.dnwgame.supertriangle.mi/egame/EPSH_144]
D/S4URC   ( 2757): [SDK] [java.io.File] [exists] [FilePath][String] [/data/data/com.dnwgame.supertriangle.mi/egame/EPSH_144]
D/S4URC   ( 2757): [SDK] [java.io.File] [Constructor] [FilePath][String] [/data/data/com.dnwgame.supertriangle.mi/egame/EPSH_144/Signature]
D/S4URC   ( 2757): [SDK] [java.io.File] [getPath] [FilePath][String] [/data/data/com.dnwgame.supertriangle.mi/egame/EPSH_144/Signature]
D/S4URC   ( 2757): [SDK] [java.io.File] [Constructor] [FilePath][String] [/data/data/com.dnwgame.supertriangle.mi/egame/EPSH_144]
D/S4URC   ( 2757): [SDK] [java.io.File] [isDirectory] [FilePath][String] [/data/data/com.dnwgame.supertriangle.mi/egame/EPSH_144]
D/S4URC   ( 2757): [SDK] [java.io.File] [listFiles] [FilePath][String] [/data/data/com.dnwgame.supertriangle.mi/egame/EPSH_144]
D/S4URC   ( 2757): [SDK] [java.io.File] [list] [FilePath][String] [/data/data/com.dnwgame.supertriangle.mi/egame/EPSH_144]
D/S4URC   ( 2757): [SDK] [java.io.File] [getPath] [FilePath][String] [/data/data/com.dnwgame.supertriangle.mi/egame/EPSH_144]
D/S4URC   ( 2757): [SDK] [java.io.File] [isFile] [FilePath][String] [/data/data/com.dnwgame.supertriangle.mi/egame/EPSH_144/Signature]
D/S4URC   ( 2757): [SDK] [java.io.File] [isFile] [FilePath][String] [/data/data/com.dnwgame.supertriangle.mi/egame/EPSH_144/libs]
D/S4URC   ( 2757): [SDK] [java.io.File] [isDirectory] [FilePath][String] [/data/data/com.dnwgame.supertriangle.mi/egame/EPSH_144/libs]
D/S4URC   ( 2757): [SDK] [java.io.File] [listFiles] [FilePath][String] [/data/data/com.dnwgame.supertriangle.mi/egame/EPSH_144/libs]
D/S4URC   ( 2757): [SDK] [java.io.File] [list] [FilePath][String] [/data/data/com.dnwgame.supertriangle.mi/egame/EPSH_144/libs]
D/S4URC   ( 2757): [SDK] [java.io.File] [getPath] [FilePath][String] [/data/data/com.dnwgame.supertriangle.mi/egame/EPSH_144/libs]
D/S4URC   ( 2757): [SDK] [java.io.File] [isFile] [FilePath][String] [/data/data/com.dnwgame.supertriangle.mi/egame/EPSH_144/libs/x86]
D/S4URC   ( 2757): [SDK] [java.io.File] [isDirectory] [FilePath][String] [/data/data/com.dnwgame.supertriangle.mi/egame/EPSH_144/libs/x86]
D/S4URC   ( 2757): [SDK] [java.io.File] [listFiles] [FilePath][String] [/data/data/com.dnwgame.supertriangle.mi/egame/EPSH_144/libs/x86]
D/S4URC   ( 2757): [SDK] [java.io.File] [list] [FilePath][String] [/data/data/com.dnwgame.supertriangle.mi/egame/EPSH_144/libs/x86]
D/S4URC   ( 2757): [SDK] [java.io.File] [getPath] [FilePath][String] [/data/data/com.dnwgame.supertriangle.mi/egame/EPSH_144/libs/x86]
D/S4URC   ( 2757): [SDK] [java.io.File] [isFile] [FilePath][String] [/data/data/com.dnwgame.supertriangle.mi/egame/EPSH_144/libs/x86/libepsh_private_ar1.so]
D/S4URC   ( 2757): [SDK] [java.io.File] [isFile] [FilePath][String] [/data/data/com.dnwgame.supertriangle.mi/egame/EPSH_144/libs/armeabi]
D/S4URC   ( 2757): [SDK] [java.io.File] [isDirectory] [FilePath][String] [/data/data/com.dnwgame.supertriangle.mi/egame/EPSH_144/libs/armeabi]
D/S4URC   ( 2757): [SDK] [java.io.File] [listFiles] [FilePath][String] [/data/data/com.dnwgame.supertriangle.mi/egame/EPSH_144/libs/armeabi]
D/S4URC   ( 2757): [SDK] [java.io.File] [list] [FilePath][String] [/data/data/com.dnwgame.supertriangle.mi/egame/EPSH_144/libs/armeabi]
D/S4URC   ( 2757): [SDK] [java.io.File] [getPath] [FilePath][String] [/data/data/com.dnwgame.supertriangle.mi/egame/EPSH_144/libs/armeabi]
D/S4URC   ( 2757): [SDK] [java.io.File] [isFile] [FilePath][String] [/data/data/com.dnwgame.supertriangle.mi/egame/EPSH_144/libs/armeabi/libepsh_private_ar1.so]
D/S4URC   ( 2757): [SDK] [java.io.File] [isFile] [FilePath][String] [/data/data/com.dnwgame.supertriangle.mi/egame/EPSH_144/libs/armeabi-v7a]
D/S4URC   ( 2757): [SDK] [java.io.File] [isDirectory] [FilePath][String] [/data/data/com.dnwgame.supertriangle.mi/egame/EPSH_144/libs/armeabi-v7a]
D/S4URC   ( 2757): [SDK] [java.io.File] [listFiles] [FilePath][String] [/data/data/com.dnwgame.supertriangle.mi/egame/EPSH_144/libs/armeabi-v7a]
D/S4URC   ( 2757): [SDK] [java.io.File] [list] [FilePath][String] [/data/data/com.dnwgame.supertriangle.mi/egame/EPSH_144/libs/armeabi-v7a]
D/S4URC   ( 2757): [SDK] [java.io.File] [getPath] [FilePath][String] [/data/data/com.dnwgame.supertriangle.mi/egame/EPSH_144/libs/armeabi-v7a]
D/S4URC   ( 2757): [SDK] [java.io.File] [isFile] [FilePath][String] [/data/data/com.dnwgame.supertriangle.mi/egame/EPSH_144/libs/armeabi-v7a/libepsh_private_ar1.so]
D/S4URC   ( 2757): [SDK] [java.io.File] [isFile] [FilePath][String] [/data/data/com.dnwgame.supertriangle.mi/egame/EPSH_144/EGAME_SDK.dat]
D/S4URC   ( 2757): [SDK] [java.io.File] [isFile] [FilePath][String] [/data/data/com.dnwgame.supertriangle.mi/egame/EPSH_144/EGAME_SDK.jar]
D/S4URC   ( 2757): [SDK] [java.io.File] [getPath] [FilePath][String] [/data/data/com.dnwgame.supertriangle.mi/files]
D/S4URC   ( 2757): [SDK] [java.io.File] [createNewFile] [FilePath][String] [/data/data/com.dnwgame.supertriangle.mi/files/egame_s1521550027.tmp]
D/S4URC   ( 2757): [SDK] [java.io.File] [getPath] [FilePath][String] [/data/data/com.dnwgame.supertriangle.mi/files/egame_s1521550027.tmp]
D/S4URC   ( 2757): [SDK] [java.lang.Class] [forName] [FindClass][String] [com.android.org.conscrypt.OpenSSLMessageDigestJDK$MD5]
D/S4URC   ( 2757): [SDK] [java.io.File] [getPath] [FilePath][String] [/data/data/com.dnwgame.supertriangle.mi/egame/EPSH_144/EGAME_SDK.dat]
D/S4URC   ( 2757): [SDK] [java.io.File] [getPath] [FilePath][String] [/data/data/com.dnwgame.supertriangle.mi/egame/EPSH_144/EGAME_SDK.jar]
D/S4URC   ( 2757): [SDK] [java.io.File] [getPath] [FilePath][String] [/data/data/com.dnwgame.supertriangle.mi/egame/EPSH_144/Signature]
D/S4URC   ( 2757): [SDK] [java.lang.Class] [forName] [FindClass][String] [com.android.org.conscrypt.OpenSSLRSAKeyFactory]
D/S4URC   ( 2757): [SDK] [java.lang.Class] [forName] [FindClass][String] [com.android.org.conscrypt.OpenSSLCipherRSA$PKCS1]
D/S4URC   ( 2757): [SDK] [java.lang.Class] [forName] [FindClass][String] [com.android.org.conscrypt.OpenSSLRandom]
D/S4URC   ( 2757): [SDK] [java.io.File] [getPath] [FilePath][String] [/data/data/com.dnwgame.supertriangle.mi/egame/EPSH_144/libs/armeabi-v7a/libepsh_private_ar1.so]
D/S4URC   ( 2757): [SDK] [java.io.File] [getPath] [FilePath][String] [/data/data/com.dnwgame.supertriangle.mi/egame/EPSH_144/libs/armeabi/libepsh_private_ar1.so]
D/S4URC   ( 2757): [SDK] [java.io.File] [getPath] [FilePath][String] [/data/data/com.dnwgame.supertriangle.mi/egame/EPSH_144/libs/x86/libepsh_private_ar1.so]
D/S4URC   ( 2757): [SDK] [java.io.File] [getPath] [FilePath][String] [/data/data/com.dnwgame.supertriangle.mi/files/egame_s1521550027.tmp]
D/S4URC   ( 2757): [SDK] [java.io.File] [delete] [FilePath][String] [/data/data/com.dnwgame.supertriangle.mi/files/egame_s1521550027.tmp]
D/S4URC   ( 2757): [SDK] [java.io.File] [Constructor] [FilePath][String] [/data/data/com.dnwgame.supertriangle.mi/egame/EPSH_144/EGAME_SDK.dat]
D/S4URC   ( 2757): [SDK] [java.io.File] [getPath] [FilePath][String] [/data/data/com.dnwgame.supertriangle.mi/egame/EPSH_144/EGAME_SDK.dat]
D/S4URC   ( 2757): [SDK] [java.io.File] [Constructor] [FilePath][String] [/data/data/com.dnwgame.supertriangle.mi/egame/EPSH_144/EGAME_SDK.jar]
D/S4URC   ( 2757): [SDK] [java.io.File] [getPath] [FilePath][String] [/data/data/com.dnwgame.supertriangle.mi/egame/EPSH_144/EGAME_SDK.jar]
D/S4URC   ( 2757): [SDK] [java.io.File] [Constructor] [FilePath][String] [/data/data/com.dnwgame.supertriangle.mi/egame/EPSH_144/EGAME_SDK.jar]
D/S4URC   ( 2757): [SDK] [java.io.File] [getPath] [FilePath][String] [/data/data/com.dnwgame.supertriangle.mi/egame/EPSH_144/EGAME_SDK.jar]
D/S4URC   ( 2757): [SDK] [java.io.File] [exists] [FilePath][String] [/data/data/com.dnwgame.supertriangle.mi/files]
D/S4URC   ( 2757): [SDK] [java.io.File] [getPath] [FilePath][String] [/data/data/com.dnwgame.supertriangle.mi/files]
D/S4URC   ( 2757): [SDK] [java.io.File] [getPath] [FilePath][String] [/data/data/com.dnwgame.supertriangle.mi/files/egame_psh_temp_.jar]
D/S4URC   ( 2757): [SDK] [java.io.File] [exists] [FilePath][String] [/data/data/com.dnwgame.supertriangle.mi/files]
D/S4URC   ( 2757): [SDK] [java.io.File] [getPath] [FilePath][String] [/data/data/com.dnwgame.supertriangle.mi/files]
D/S4URC   ( 2757): [SDK] [java.io.File] [exists] [FilePath][String] [/data/data/com.dnwgame.supertriangle.mi/files]
D/S4URC   ( 2757): [SDK] [java.io.File] [getPath] [FilePath][String] [/data/data/com.dnwgame.supertriangle.mi/files]
D/S4URC   ( 2757): [SDK] [java.io.File] [getPath] [FilePath][String] [/data/data/com.dnwgame.supertriangle.mi/files/egame_psh_temp_.jar]
D/S4URC   ( 2757): [SDK] [java.io.File] [getPath] [FilePath][String] [/data/data/com.dnwgame.supertriangle.mi/files/egame_psh_temp.jar]
D/S4URC   ( 2757): [SDK] [java.lang.Class] [forName] [FindClass][String] [com.android.org.bouncycastle.jcajce.provider.symmetric.AES$ECB]
D/S4URC   ( 2757): [SDK] [java.io.File] [delete] [FilePath][String] [/data/data/com.dnwgame.supertriangle.mi/files/egame_psh_temp_.jar]
D/S4URC   ( 2757): [SDK] [dalvik.system.DexClassLoader] [Constructor] [DexPath][String] [/data/data/com.dnwgame.supertriangle.mi/files/egame_psh_temp.jar] [NDKPath][String] [/data/data/com.dnwgame.supertriangle.mi/lib]
D/S4URC   ( 2757): [SDK] [java.io.File] [Constructor] [FilePath][String] [/data/data/com.dnwgame.supertriangle.mi/egame]
D/S4URC   ( 2757): [SDK] [dalvik.system.BaseDexClassLoader] [Constructor] [DexPath][String] [/data/data/com.dnwgame.supertriangle.mi/files/egame_psh_temp.jar] [NDKPath][String] [/data/data/com.dnwgame.supertriangle.mi/lib]
D/S4URC   ( 2757): [SDK] [java.io.File] [exists] [FilePath][String] [/data/data/com.dnwgame.supertriangle.mi/egame]
D/S4URC   ( 2757): [SDK] [java.io.File] [canRead] [FilePath][String] [/data/data/com.dnwgame.supertriangle.mi/egame]
D/S4URC   ( 2757): [SDK] [java.io.File] [canWrite] [FilePath][String] [/data/data/com.dnwgame.supertriangle.mi/egame]
D/S4URC   ( 2757): [SDK] [java.io.File] [Constructor] [FilePath][String] [/data/data/com.dnwgame.supertriangle.mi/files/egame_psh_temp.jar]
D/S4URC   ( 2757): [SDK] [java.io.File] [getName] [FilePath][String] [/data/data/com.dnwgame.supertriangle.mi/files/egame_psh_temp.jar]
D/S4URC   ( 2757): [SDK] [java.io.File] [isDirectory] [FilePath][String] [/data/data/com.dnwgame.supertriangle.mi/files/egame_psh_temp.jar]
D/S4URC   ( 2757): [SDK] [java.io.File] [isFile] [FilePath][String] [/data/data/com.dnwgame.supertriangle.mi/files/egame_psh_temp.jar]
D/S4URC   ( 2757): [SDK] [java.io.File] [getName] [FilePath][String] [/data/data/com.dnwgame.supertriangle.mi/files/egame_psh_temp.jar]
D/S4URC   ( 2757): [SDK] [java.io.File] [getPath] [FilePath][String] [/data/data/com.dnwgame.supertriangle.mi/egame]
D/S4URC   ( 2757): [SDK] [java.io.File] [getPath] [FilePath][String] [/data/data/com.dnwgame.supertriangle.mi/egame/egame_psh_temp.dex]
D/S4URC   ( 2757): [SDK] [java.io.File] [getPath] [FilePath][String] [/data/data/com.dnwgame.supertriangle.mi/files/egame_psh_temp.jar]
D/S4URC   ( 2757): [SDK] [java.io.File] [Constructor] [FilePath][String] [/data/data/com.dnwgame.supertriangle.mi/egame/egame_psh_temp.dex]
D/S4URC   ( 2757): [SDK] [java.io.File] [getParent] [FilePath][String] [/data/data/com.dnwgame.supertriangle.mi/egame/egame_psh_temp.dex]
D/S4URC   ( 2757): [SDK] [dalvik.system.DexFile] [openDexFile] [DexPath][String] [/data/data/com.dnwgame.supertriangle.mi/files/egame_psh_temp.jar]
D/S4URC   ( 2757): [SDK] [java.io.File] [Constructor] [FilePath][String] [/data/data/com.dnwgame.supertriangle.mi/files/egame_psh_temp.jar]
D/S4URC   ( 2757): [SDK] [java.io.File] [Constructor] [FilePath][String] [/data/data/com.dnwgame.supertriangle.mi/egame/egame_psh_temp.dex]
D/S4URC   ( 2435): [SDK] [java.lang.Class] [forName] [FindClass][String] [com.android.internal.telephony.PhoneFactory]
D/S4URC   ( 2435): [SDK] [java.lang.Class] [forName] [FindClass][String] [android.telephony.MSimTelephonyManager]
D/S4URC   ( 2435): [SDK] [java.lang.Class] [forName] [FindClass][String] [com.android.internal.telephony.Phone]
D/S4URC   ( 2435): [SDK] [java.lang.Class] [forName] [FindClass][String] [com.android.internal.telephony.PhoneConstants]
D/S4URC   ( 2435): [SDK] [android.telephony.TelephonyManager] [getDeviceId]
D/S4URC   ( 2435): [SDK] [android.app.ApplicationPackageManager] [getPackageInfo] [FindPackageName][String] [com.dnwgame.supertriangle.mi]
D/S4URC   ( 2435): [NDK] [SYSCALL] [access] [PATH][string] [/data/data/com.dnwgame.supertriangle.mi/databases/dataeye_database_F238A2BF29C63CA73AF8B6037B8051FE.db-journal]
D/S4URC   ( 2435): [NDK] [SYSCALL] [stat] [PATH][string] [/data/data/com.dnwgame.supertriangle.mi/databases/dataeye_database_F238A2BF29C63CA73AF8B6037B8051FE.db-journal]
D/S4URC   ( 2435): [NDK] [SYSCALL] [stat] [PATH][string] [/data/data/com.dnwgame.supertriangle.mi/databases/dataeye_database_F238A2BF29C63CA73AF8B6037B8051FE.db]
D/S4URC   ( 2435): [NDK] [SYSCALL] [open] [PATH][string] [/data/data/com.dnwgame.supertriangle.mi/databases/dataeye_database_F238A2BF29C63CA73AF8B6037B8051FE.db-journal] [RETURN][int] [134]
D/S4URC   ( 2435): [NDK] [SYSCALL] [access] [PATH][string] [/data/data/com.dnwgame.supertriangle.mi/databases/dataeye_database_F238A2BF29C63CA73AF8B6037B8051FE.db-wal]
D/S4URC   ( 2435): [SDK] [android.database.sqlite.SQLiteDatabase] [query] [queryInfo][String] [SELECT][] [FROM][dataeye_agenda_log]
D/S4URC   ( 2435): [NDK] [SYSCALL] [access] [PATH][string] [/data/data/com.dnwgame.supertriangle.mi/databases/dataeye_database_F238A2BF29C63CA73AF8B6037B8051FE.db-journal]
D/S4URC   ( 2435): [NDK] [SYSCALL] [stat] [PATH][string] [/data/data/com.dnwgame.supertriangle.mi/databases/dataeye_database_F238A2BF29C63CA73AF8B6037B8051FE.db-journal]
D/S4URC   ( 2435): [NDK] [SYSCALL] [stat] [PATH][string] [/data/data/com.dnwgame.supertriangle.mi/databases/dataeye_database_F238A2BF29C63CA73AF8B6037B8051FE.db]
D/S4URC   ( 2435): [NDK] [SYSCALL] [open] [PATH][string] [/data/data/com.dnwgame.supertriangle.mi/databases/dataeye_database_F238A2BF29C63CA73AF8B6037B8051FE.db-journal] [RETURN][int] [134]
D/S4URC   ( 2435): [NDK] [SYSCALL] [access] [PATH][string] [/data/data/com.dnwgame.supertriangle.mi/databases/dataeye_database_F238A2BF29C63CA73AF8B6037B8051FE.db-wal]
D/S4URC   ( 2435): [SDK] [android.database.sqlite.SQLiteDatabase] [query] [queryInfo][String] [SELECT][] [FROM][dataeye_agenda_log]
D/S4URC   ( 2435): [NDK] [SYSCALL] [access] [PATH][string] [/data/data/com.dnwgame.supertriangle.mi/databases/dataeye_database_F238A2BF29C63CA73AF8B6037B8051FE.db-journal]
D/S4URC   ( 2435): [NDK] [SYSCALL] [stat] [PATH][string] [/data/data/com.dnwgame.supertriangle.mi/databases/dataeye_database_F238A2BF29C63CA73AF8B6037B8051FE.db-journal]
D/S4URC   ( 2435): [NDK] [SYSCALL] [stat] [PATH][string] [/data/data/com.dnwgame.supertriangle.mi/databases/dataeye_database_F238A2BF29C63CA73AF8B6037B8051FE.db]
D/S4URC   ( 2435): [NDK] [SYSCALL] [open] [PATH][string] [/data/data/com.dnwgame.supertriangle.mi/databases/dataeye_database_F238A2BF29C63CA73AF8B6037B8051FE.db-journal] [RETURN][int] [134]
D/S4URC   ( 2435): [NDK] [SYSCALL] [access] [PATH][string] [/data/data/com.dnwgame.supertriangle.mi/databases/dataeye_database_F238A2BF29C63CA73AF8B6037B8051FE.db-wal]
D/S4URC   ( 2435): [SDK] [android.database.sqlite.SQLiteDatabase] [query] [queryInfo][String] [SELECT][] [FROM][dataeye_agenda_log]
D/S4URC   ( 2435): [NDK] [SYSCALL] [access] [PATH][string] [/data/data/com.dnwgame.supertriangle.mi/databases/dataeye_database_F238A2BF29C63CA73AF8B6037B8051FE.db-journal]
D/S4URC   ( 2435): [NDK] [SYSCALL] [stat] [PATH][string] [/data/data/com.dnwgame.supertriangle.mi/databases/dataeye_database_F238A2BF29C63CA73AF8B6037B8051FE.db-journal]
D/S4URC   ( 2435): [NDK] [SYSCALL] [stat] [PATH][string] [/data/data/com.dnwgame.supertriangle.mi/databases/dataeye_database_F238A2BF29C63CA73AF8B6037B8051FE.db]
D/S4URC   ( 2435): [NDK] [SYSCALL] [open] [PATH][string] [/data/data/com.dnwgame.supertriangle.mi/databases/dataeye_database_F238A2BF29C63CA73AF8B6037B8051FE.db-journal] [RETURN][int] [134]
D/S4URC   ( 2435): [NDK] [SYSCALL] [access] [PATH][string] [/data/data/com.dnwgame.supertriangle.mi/databases/dataeye_database_F238A2BF29C63CA73AF8B6037B8051FE.db-wal]
D/S4URC   ( 2435): [SDK] [android.database.sqlite.SQLiteDatabase] [query] [queryInfo][String] [SELECT][] [FROM][dataeye_agenda_log]
D/S4URC   ( 2435): [NDK] [SYSCALL] [access] [PATH][string] [/data/data/com.dnwgame.supertriangle.mi/databases/dataeye_database_F238A2BF29C63CA73AF8B6037B8051FE.db-journal]
D/S4URC   ( 2435): [NDK] [SYSCALL] [stat] [PATH][string] [/data/data/com.dnwgame.supertriangle.mi/databases/dataeye_database_F238A2BF29C63CA73AF8B6037B8051FE.db-journal]
D/S4URC   ( 2435): [NDK] [SYSCALL] [stat] [PATH][string] [/data/data/com.dnwgame.supertriangle.mi/databases/dataeye_database_F238A2BF29C63CA73AF8B6037B8051FE.db]
D/S4URC   ( 2435): [NDK] [SYSCALL] [open] [PATH][string] [/data/data/com.dnwgame.supertriangle.mi/databases/dataeye_database_F238A2BF29C63CA73AF8B6037B8051FE.db-journal] [RETURN][int] [134]
D/S4URC   ( 2435): [NDK] [SYSCALL] [access] [PATH][string] [/data/data/com.dnwgame.supertriangle.mi/databases/dataeye_database_F238A2BF29C63CA73AF8B6037B8051FE.db-wal]
D/S4URC   ( 2435): [SDK] [android.database.sqlite.SQLiteDatabase] [query] [queryInfo][String] [SELECT][] [FROM][dataeye_agenda_log]
D/S4URC   ( 2435): [NDK] [SYSCALL] [access] [PATH][string] [/data/data/com.dnwgame.supertriangle.mi/databases/dataeye_database_F238A2BF29C63CA73AF8B6037B8051FE.db-journal]
D/S4URC   ( 2435): [NDK] [SYSCALL] [stat] [PATH][string] [/data/data/com.dnwgame.supertriangle.mi/databases/dataeye_database_F238A2BF29C63CA73AF8B6037B8051FE.db-journal]
D/S4URC   ( 2435): [NDK] [SYSCALL] [stat] [PATH][string] [/data/data/com.dnwgame.supertriangle.mi/databases/dataeye_database_F238A2BF29C63CA73AF8B6037B8051FE.db]
D/S4URC   ( 2435): [NDK] [SYSCALL] [open] [PATH][string] [/data/data/com.dnwgame.supertriangle.mi/databases/dataeye_database_F238A2BF29C63CA73AF8B6037B8051FE.db-journal] [RETURN][int] [114]
D/S4URC   ( 2435): [NDK] [SYSCALL] [access] [PATH][string] [/data/data/com.dnwgame.supertriangle.mi/databases/dataeye_database_F238A2BF29C63CA73AF8B6037B8051FE.db-wal]
D/S4URC   ( 2435): [NDK] [SYSCALL] [stat] [PATH][string] [/data/data/com.dnwgame.supertriangle.mi/databases/dataeye_database_F238A2BF29C63CA73AF8B6037B8051FE.db]
D/S4URC   ( 2435): [NDK] [SYSCALL] [open] [PATH][string] [/data/data/com.dnwgame.supertriangle.mi/databases/dataeye_database_F238A2BF29C63CA73AF8B6037B8051FE.db-journal] [RETURN][int] [114]
D/S4URC   ( 2435): [NDK] [SYSCALL] [open] [PATH][string] [/data/data/com.dnwgame.supertriangle.mi/databases] [RETURN][int] [134]
D/S4URC   ( 2435): [SDK] [android.database.sqlite.SQLiteDatabase] [execSQL] [ExecInfo][String] [DELETE FROM dataeye_agenda_log WHERE _id IN (1)]
D/S4URC   ( 2435):  [Method][getString] [String][DC_CURRENT_HOST] [Return][rd.gdatacube.net]
D/S4URC   ( 2435): [SDK] [android.telephony.TelephonyManager] [getSubscriberId]
D/S4URC   ( 2757): [SDK] [java.io.File] [Constructor] [FilePath][String] [/data/data/com.dnwgame.supertriangle.mi/lib]
D/S4URC   ( 2757): [SDK] [java.io.File] [Constructor] [FilePath][String] [/vendor/lib]
D/S4URC   ( 2757): [SDK] [java.io.File] [Constructor] [FilePath][String] [/system/lib]
D/S4URC   ( 2757): [SDK] [java.io.File] [delete] [FilePath][String] [/data/data/com.dnwgame.supertriangle.mi/files/egame_psh_temp.jar]
D/S4URC   ( 2757): [SDK] [java.io.File] [Constructor] [FilePath][String] [/data/data/com.dnwgame.supertriangle.mi/egame/egame_psh_temp.dex]
D/S4URC   ( 2757): [SDK] [java.io.File] [delete] [FilePath][String] [/data/data/com.dnwgame.supertriangle.mi/egame/egame_psh_temp.dex]
D/S4URC   ( 2757): [SDK] [java.io.File] [exists] [FilePath][String] [/data/data/com.dnwgame.supertriangle.mi/files]
D/S4URC   ( 2757): [SDK] [java.io.File] [getParent] [FilePath][String] [/data/data/com.dnwgame.supertriangle.mi/files]
D/S4URC   ( 2757): [SDK] [java.io.File] [getPath] [FilePath][String] [/storage/sdcard0]
D/S4URC   ( 2757): [SDK] [android.os.Environment] [getExternalStorageDirectory] [DirectoryPath][String] [/storage/sdcard0]
D/S4URC   ( 2757): [SDK] [java.io.File] [getPath] [FilePath][String] [/storage/sdcard0]
D/S4URC   ( 2757): [SDK] [android.os.Environment] [getExternalStorageDirectory] [DirectoryPath][String] [/storage/sdcard0]
D/S4URC   ( 2757): [SDK] [java.io.File] [Constructor] [FilePath][String] [/data/data/com.dnwgame.supertriangle.mi/egame]
D/S4URC   ( 2757): [SDK] [java.io.File] [isDirectory] [FilePath][String] [/data/data/com.dnwgame.supertriangle.mi/egame]
D/S4URC   ( 2757): [SDK] [java.io.File] [exists] [FilePath][String] [/data/data/com.dnwgame.supertriangle.mi/egame]
D/S4URC   ( 2757): [SDK] [java.io.File] [list] [FilePath][String] [/data/data/com.dnwgame.supertriangle.mi/egame]
D/S4URC   ( 2757): [SDK] [java.io.File] [getPath] [FilePath][String] [/data/data/com.dnwgame.supertriangle.mi/egame]
D/S4URC   ( 2757): [SDK] [java.io.File] [getName] [FilePath][String] [/data/data/com.dnwgame.supertriangle.mi/egame/EPSH_144]
D/S4URC   ( 2757): [SDK] [java.io.File] [Constructor] [FilePath][String] [/data/data/com.dnwgame.supertriangle.mi/egame/EPSH_144/libs/armeabi-v7a/libepsh_private_ar1.so]
D/S4URC   ( 2757): [SDK] [java.io.File] [exists] [FilePath][String] [/data/data/com.dnwgame.supertriangle.mi/egame/EPSH_144/libs/armeabi-v7a/libepsh_private_ar1.so]
D/S4URC   ( 2757): [SDK] [java.io.File] [isFile] [FilePath][String] [/data/data/com.dnwgame.supertriangle.mi/egame/EPSH_144/libs/armeabi-v7a/libepsh_private_ar1.so]
D/S4URC   ( 2757): [SDK] [java.io.File] [getPath] [FilePath][String] [/data/data/com.dnwgame.supertriangle.mi]
D/S4URC   ( 2757): [SDK] [java.io.File] [getPath] [FilePath][String] [/data/data/com.dnwgame.supertriangle.mi/shared_prefs]
D/S4URC   ( 2757): [SDK] [java.io.File] [getPath] [FilePath][String] [/data/data/com.dnwgame.supertriangle.mi/shared_prefs/cn_egame_sdk_log.xml]
D/S4URC   ( 2757): [SDK] [java.io.File] [Constructor] [FilePath][String] [/data/data/com.dnwgame.supertriangle.mi/shared_prefs/cn_egame_sdk_log.xml.bak]
D/S4URC   ( 2757): [SDK] [java.io.File] [exists] [FilePath][String] [/data/data/com.dnwgame.supertriangle.mi/shared_prefs/cn_egame_sdk_log.xml]
D/S4URC   ( 2757): [SDK] [android.content.ContextWrapper][getSharedPreferences] [File][cn_egame_sdk_log.xml] [MODE][MODE_PRIVATE]
D/S4URC   ( 2757): [SDK] [java.io.File] [exists] [FilePath][String] [/data/data/com.dnwgame.supertriangle.mi/shared_prefs/cn_egame_sdk_log.xml.bak]
D/S4URC   ( 2757): [SDK] [java.io.File] [exists] [FilePath][String] [/data/data/com.dnwgame.supertriangle.mi/shared_prefs/cn_egame_sdk_log.xml]
D/S4URC   ( 2757): [SDK] [java.io.File] [getPath] [FilePath][String] [/data/data/com.dnwgame.supertriangle.mi/shared_prefs/cn_egame_sdk_log.xml]
D/S4URC   ( 2757): [SDK] [android.content.ContextWrapper][getSharedPreferences] [File][cn_egame_sdk_log.xml] [MODE][MODE_PRIVATE] [Method][getString] [String][app_key] [Return][]
D/S4URC   ( 2757): [SDK] [android.content.ContextWrapper][getSharedPreferences] [File][cn_egame_sdk_log.xml] [MODE][MODE_PRIVATE]
D/S4URC   ( 2757): [SDK] [android.content.ContextWrapper][getSharedPreferences] [File][cn_egame_sdk_log.xml] [MODE][MODE_PRIVATE] [Method][getString] [String][channel_id] [Return][]
D/S4URC   ( 2757): [SDK] [android.content.ContextWrapper][getSharedPreferences] [File][cn_egame_sdk_log.xml] [MODE][MODE_PRIVATE]
D/S4URC   ( 2757): [SDK] [android.content.ContextWrapper][getSharedPreferences] [File][cn_egame_sdk_log.xml] [MODE][MODE_PRIVATE] [Method][getString] [String][game_id] [Return][]
D/S4URC   ( 2757): [SDK] [android.telephony.TelephonyManager] [getSubscriberId]
D/S4URC   ( 2757): [SDK] [java.io.File] [Constructor] [FilePath][String] [/system/bin/su]
