D/S4URC   ( 2508): [SDK] [java.io.File] [getPath] [FilePath][String] [/data/data/com.uie.jk8e/shared_prefs/umeng_event_snapshot.xml]
D/S4URC   ( 2485): [SDK] [java.io.File] [getPath] [FilePath][String] [/data/data/com.uie.jk8e/shared_prefs/d_permit.xml]
D/S4URC   ( 2485): [SDK] [android.content.ContextWrapper][getSharedPreferences] [File][d_permit.xml] [MODE][MODE_PRIVATE] [Method][getBoolean] [Boolean][permitted] [Return][true]
D/S4URC   ( 2485): [SDK] [java.io.File] [Constructor] [FilePath][String] [/proc/2485/cmdline]
D/S4URC   ( 2485): [SDK] [java.io.File] [getPath] [FilePath][String] [/proc/2485/cmdline]
D/S4URC   ( 2485): [SDK] [java.io.File] [getPath] [FilePath][String] [/data/data/com.uie.jk8e/shared_prefs/umeng_general_config.xml]
D/S4URC   ( 2485): [SDK] [java.io.File] [delete] [FilePath][String] [/data/data/com.uie.jk8e/shared_prefs/umeng_general_config.xml.bak]
D/S4URC   ( 2485): [SDK] [android.content.ContextWrapper][getSharedPreferences] [File][d_permit.xml] [MODE][MODE_PRIVATE] [Method][commit]
D/S4URC   ( 2456): [SDK] [java.io.File] [exists] [FilePath][String] [/data/data/com.uie.jk8e/shared_prefs/WebViewChromiumPrefs.xml]
D/S4URC   ( 2456): [SDK] [java.io.File] [getPath] [FilePath][String] [/data/data/com.uie.jk8e/shared_prefs/WebViewChromiumPrefs.xml]
D/S4URC   ( 2485): [SDK] [java.lang.Class] [forName] [FindClass][String] [android.app.ActivityManagerNative]
D/S4URC   ( 2508): [SDK] [java.io.File] [exists] [FilePath][String] [/data/data/com.uie.jk8e/shared_prefs/umeng_general_config.xml.bak]
D/S4URC   ( 2508): [SDK] [android.content.ContextWrapper][getSharedPreferences] [File][umeng_general_config.xml] [MODE][MODE_PRIVATE]
D/S4URC   ( 2508): [SDK] [java.io.File] [exists] [FilePath][String] [/data/data/com.uie.jk8e/shared_prefs/umeng_general_config.xml]
D/S4URC   ( 2508): [SDK] [java.io.File] [canRead] [FilePath][String] [/data/data/com.uie.jk8e/shared_prefs/umeng_general_config.xml]
D/S4URC   ( 2508): [SDK] [java.io.File] [getPath] [FilePath][String] [/data/data/com.uie.jk8e/shared_prefs/umeng_general_config.xml]
D/S4URC   ( 2508): [SDK] [java.io.File] [canRead] [FilePath][String] [/data/data/com.uie.jk8e/shared_prefs/umeng_general_config.xml]
D/S4URC   ( 2508): [SDK] [java.io.File] [getPath] [FilePath][String] [/data/data/com.uie.jk8e/shared_prefs/umeng_general_config.xml]
D/S4URC   ( 2508): [SDK] [android.content.ContextWrapper][getSharedPreferences] [File][umeng_general_config.xml] [MODE][MODE_PRIVATE] [Method][getInt] [Int][successful_request] [Return][0]
D/S4URC   ( 2508): [SDK] [android.content.ContextWrapper][getSharedPreferences] [File][umeng_general_config.xml] [MODE][MODE_PRIVATE] [Method][getInt] [Int][failed_requests ] [Return][0]
D/S4URC   ( 2508): [SDK] [android.content.ContextWrapper][getSharedPreferences] [File][umeng_general_config.xml] [MODE][MODE_PRIVATE] [Method][getInt] [Int][last_request_spent_ms] [Return][0]
D/S4URC   ( 2508): [SDK] [android.content.ContextWrapper][getSharedPreferences] [File][umeng_general_config.xml] [MODE][MODE_PRIVATE] [Method][getIong] [Iong][last_request_time] [Return][0]
D/S4URC   ( 2508): [SDK] [android.content.ContextWrapper][getSharedPreferences] [File][umeng_general_config.xml] [MODE][MODE_PRIVATE] [Method][getIong] [Iong][last_req] [Return][0]
D/S4URC   ( 2456): [SDK] [java.io.File] [getPath] [FilePath][String] [/data/data/com.uie.jk8e/shared_prefs/WebViewChromiumPrefs.xml]
D/S4URC   ( 2456): [SDK] [java.io.File] [delete] [FilePath][String] [/data/data/com.uie.jk8e/shared_prefs/WebViewChromiumPrefs.xml.bak]
D/S4URC   ( 2508): [SDK] [java.io.File] [getPath] [FilePath][String] [/data/data/com.uie.jk8e]
D/S4URC   ( 2508): [SDK] [java.io.File] [exists] [FilePath][String] [/data/data/com.uie.jk8e/files]
D/S4URC   ( 2508): [SDK] [java.io.File] [getPath] [FilePath][String] [/data/data/com.uie.jk8e/files]
D/S4URC   ( 2508): [SDK] [java.io.File] [exists] [FilePath][String] [/data/data/com.uie.jk8e/files/.um]
D/S4URC   ( 2508): [SDK] [java.io.File] [isDirectory] [FilePath][String] [/data/data/com.uie.jk8e/files/.um]
D/S4URC   ( 2508): [SDK] [java.io.File] [exists] [FilePath][String] [/data/data/com.uie.jk8e/files]
D/S4URC   ( 2508): [SDK] [java.io.File] [getPath] [FilePath][String] [/data/data/com.uie.jk8e/files]
D/S4URC   ( 2508): [SDK] [java.io.File] [exists] [FilePath][String] [/data/data/com.uie.jk8e/files/.imprint]
D/S4URC   ( 2508): [SDK] [android.content.ContextWrapper][getSharedPreferences] [File][umeng_general_config.xml] [MODE][MODE_PRIVATE]
D/S4URC   ( 2508): [SDK] [android.content.ContextWrapper][getSharedPreferences] [File][umeng_general_config.xml] [MODE][MODE_PRIVATE] [Method][getString] [String][signature] [Return][972ab8fa844e7593ea84df7763b91e9de562bda29cd9e2a5c3f3ee3df82e865b]
D/S4URC   ( 2508): [SDK] [android.content.ContextWrapper][getSharedPreferences] [File][umeng_general_config.xml] [MODE][MODE_PRIVATE]
D/S4URC   ( 2508): [SDK] [android.content.ContextWrapper][getSharedPreferences] [File][umeng_general_config.xml] [MODE][MODE_PRIVATE] [Method][getIong] [Iong][thtstart] [Return][0]
D/S4URC   ( 2508): [SDK] [android.content.ContextWrapper][getSharedPreferences] [File][umeng_general_config.xml] [MODE][MODE_PRIVATE] [Method][getInt] [Int][gkvc] [Return][0]
D/S4URC   ( 2508): [SDK] [android.content.ContextWrapper][getSharedPreferences] [File][umeng_general_config.xml] [MODE][MODE_PRIVATE] [Method][getInt] [Int][ekvc] [Return][0]
D/S4URC   ( 2508): [SDK] [android.content.ContextWrapper][getSharedPreferences] [File][umeng_general_config.xml] [MODE][MODE_PRIVATE]
D/S4URC   ( 2508): [SDK] [android.content.ContextWrapper][getSharedPreferences] [File][umeng_general_config.xml] [MODE][MODE_PRIVATE] [Method][getIong] [Iong][a_start_time] [Return][1535519383427]
D/S4URC   ( 2508): [SDK] [android.content.ContextWrapper][getSharedPreferences] [File][umeng_general_config.xml] [MODE][MODE_PRIVATE] [Method][getIong] [Iong][a_end_time] [Return][0]
D/S4URC   ( 2508): [SDK] [android.content.ContextWrapper][getSharedPreferences] [File][umeng_general_config.xml] [MODE][MODE_PRIVATE] [Method][getString] [String][session_id] [Return][988450BA8E48C296A3DBBC358393681D]
D/S4URC   ( 2508): [SDK] [android.content.ContextWrapper][getSharedPreferences] [File][umeng_general_config.xml] [MODE][MODE_PRIVATE] [Method][putLong] [Key][a_start_time] [Value][1535519383450]
D/S4URC   ( 2508): [SDK] [android.content.ContextWrapper][getSharedPreferences] [File][umeng_general_config.xml] [MODE][MODE_PRIVATE] [Method][putLong] [Key][a_end_time] [Value][0]
D/S4URC   ( 2508): [SDK] [java.io.File] [exists] [FilePath][String] [/data/data/com.uie.jk8e/shared_prefs/umeng_general_config.xml]
D/S4URC   ( 2508): [SDK] [java.io.File] [exists] [FilePath][String] [/data/data/com.uie.jk8e/shared_prefs/umeng_general_config.xml.bak]
D/S4URC   ( 2508): [SDK] [java.io.File] [renameTo] [FilePath][String] [/data/data/com.uie.jk8e/shared_prefs/umeng_general_config.xml] [DesFile][/data/data/com.uie.jk8e/shared_prefs/umeng_general_config.xml.bak]
D/S4URC   ( 2508): [SDK] [java.io.File] [getPath] [FilePath][String] [/data/data/com.uie.jk8e/shared_prefs/umeng_general_config.xml]
D/S4URC   ( 2508): [SDK] [java.io.File] [getPath] [FilePath][String] [/data/data/com.uie.jk8e/shared_prefs]
D/S4URC   ( 2508): [SDK] [java.io.File] [getPath] [FilePath][String] [/data/data/com.uie.jk8e/shared_prefs/d_permit.xml]
D/S4URC   ( 2508): [SDK] [java.io.File] [Constructor] [FilePath][String] [/data/data/com.uie.jk8e/shared_prefs/d_permit.xml.bak]
D/S4URC   ( 2508): [SDK] [java.io.File] [exists] [FilePath][String] [/data/data/com.uie.jk8e/shared_prefs/d_permit.xml]
D/S4URC   ( 2508): [SDK] [android.content.ContextWrapper][getSharedPreferences] [File][d_permit.xml] [MODE][MODE_PRIVATE]
D/S4URC   ( 2508): [SDK] [java.io.File] [exists] [FilePath][String] [/data/data/com.uie.jk8e/shared_prefs/d_permit.xml.bak]
D/S4URC   ( 2508): [SDK] [java.io.File] [exists] [FilePath][String] [/data/data/com.uie.jk8e/shared_prefs/d_permit.xml]
D/S4URC   ( 2508): [SDK] [java.io.File] [getPath] [FilePath][String] [/data/data/com.uie.jk8e/shared_prefs/d_permit.xml]
D/S4URC   ( 2508): [SDK] [android.content.ContextWrapper][getSharedPreferences] [File][d_permit.xml] [MODE][MODE_PRIVATE] [Method][getBoolean] [Boolean][permitted] [Return][true]
D/S4URC   ( 2508): [SDK] [java.io.File] [Constructor] [FilePath][String] [/proc/2508/cmdline]
D/S4URC   ( 2508): [SDK] [java.io.File] [getPath] [FilePath][String] [/proc/2508/cmdline]
D/S4URC   ( 2508): [SDK] [java.io.File] [getPath] [FilePath][String] [/data/data/com.uie.jk8e/shared_prefs/umeng_general_config.xml]
D/S4URC   ( 2508): [SDK] [java.io.File] [delete] [FilePath][String] [/data/data/com.uie.jk8e/shared_prefs/umeng_general_config.xml.bak]
D/S4URC   ( 2508): [SDK] [android.content.ContextWrapper][getSharedPreferences] [File][d_permit.xml] [MODE][MODE_PRIVATE] [Method][commit]
D/S4URC   ( 2508): [SDK] [java.io.File] [getPath] [FilePath][String] [/data/data/com.uie.jk8e]
D/S4URC   ( 2508): [SDK] [java.io.File] [exists] [FilePath][String] [/data/data/com.uie.jk8e/app_bin]
D/S4URC   ( 2508): [SDK] [java.io.File] [getPath] [FilePath][String] [/data/data/com.uie.jk8e/app_bin]
D/S4URC   ( 2508): [SDK] [java.io.File] [exists] [FilePath][String] [/data/data/com.uie.jk8e/app_bin/libvdp_a1.so]
D/S4URC   ( 2508): [SDK] [java.io.File] [getPath] [FilePath][String] [/data/data/com.uie.jk8e]
D/S4URC   ( 2508): [SDK] [java.io.File] [exists] [FilePath][String] [/data/data/com.uie.jk8e/app_vdp_indicators]
D/S4URC   ( 2508): [SDK] [java.io.File] [getPath] [FilePath][String] [/data/data/com.uie.jk8e/app_vdp_indicators]
D/S4URC   ( 2508): [SDK] [java.io.File] [exists] [FilePath][String] [/data/data/com.uie.jk8e/app_vdp_indicators/vdp_indicator_p]
D/S4URC   ( 2508): [SDK] [java.io.File] [getPath] [FilePath][String] [/data/data/com.uie.jk8e/app_vdp_indicators]
D/S4URC   ( 2508): [SDK] [java.io.File] [exists] [FilePath][String] [/data/data/com.uie.jk8e/app_vdp_indicators/vdp_indicator_d]
D/S4URC   ( 2456): [SDK] [java.io.File] [getPath] [FilePath][String] [/data/data/com.uie.jk8e]
D/S4URC   ( 2456): [SDK] [java.io.File] [exists] [FilePath][String] [/data/data/com.uie.jk8e/app_webview]
D/S4URC   ( 2456): [SDK] [java.io.File] [mkdir] [FilePath][String] [/data/data/com.uie.jk8e/app_webview]
D/S4URC   ( 2456): [SDK] [java.io.File] [getPath] [FilePath][String] [/data/data/com.uie.jk8e/app_webview]
D/S4URC   ( 2456): [SDK] [java.lang.Class] [forName] [FindClass][String] [android.os.Message]
D/S4URC   ( 2456): [SDK] [android.content.ContextWrapper] [registerReceiver][IntentFilter][android.bluetooth.headset.profile.action.CONNECTION_STATE_CHANGED,
D/S4URC   ( 2456): [SDK] [android.content.ContextWrapper] [registerReceiver][IntentFilter][android.media.ACTION_SCO_AUDIO_STATE_UPDATED,
D/S4URC   ( 2456): [SDK] [android.content.ContextWrapper] [registerReceiver][IntentFilter][android.intent.action.HEADSET_PLUG,
D/S4URC   ( 2485): [SDK] [java.io.File] [getPath] [FilePath][String] [/data/data/com.uie.jk8e]
D/S4URC   ( 2485): [SDK] [java.io.File] [exists] [FilePath][String] [/data/data/com.uie.jk8e/app_vdp_indicators]
D/S4URC   ( 2485): [SDK] [java.io.File] [getPath] [FilePath][String] [/data/data/com.uie.jk8e]
D/S4URC   ( 2485): [SDK] [java.io.File] [exists] [FilePath][String] [/data/data/com.uie.jk8e/app_bin]
D/S4URC   ( 2485): [SDK] [java.io.File] [getPath] [FilePath][String] [/data/data/com.uie.jk8e/app_bin]
D/S4URC   ( 2508): [SDK] [java.io.File] [getPath] [FilePath][String] [/storage/sdcard0]
D/S4URC   ( 2508): [SDK] [android.os.Environment] [getExternalStorageDirectory] [DirectoryPath][String] [/storage/sdcard0]
D/S4URC   ( 2508): [SDK] [java.io.File] [getPath] [FilePath][String] [/storage/sdcard0]
D/S4URC   ( 2508): [SDK] [java.io.File] [exists] [FilePath][String] [/storage/sdcard0/test]
D/S4URC   ( 2485): [SDK] [java.io.File] [exists] [FilePath][String] [/data/data/com.uie.jk8e/app_bin/libvdp_a1.so]
D/S4URC   ( 2485): [SDK] [java.io.File] [exists] [FilePath][String] [/data/data/com.uie.jk8e/app_vdp_indicators]
D/S4URC   ( 2508): [SDK] [java.io.File] [getPath] [FilePath][String] [/storage/sdcard0]
D/S4URC   ( 2508): [SDK] [android.os.Environment] [getExternalStorageDirectory] [DirectoryPath][String] [/storage/sdcard0]
D/S4URC   ( 2508): [SDK] [java.io.File] [getPath] [FilePath][String] [/storage/sdcard0]
D/S4URC   ( 2508): [SDK] [java.io.File] [exists] [FilePath][String] [/storage/sdcard0/test]
D/S4URC   ( 2485): [SDK] [java.io.File] [getPath] [FilePath][String] [/data/data/com.uie.jk8e/app_vdp_indicators]
D/S4URC   ( 2508): [SDK] [java.io.File] [getPath] [FilePath][String] [/storage/sdcard0]
D/S4URC   ( 2508): [SDK] [android.os.Environment] [getExternalStorageDirectory] [DirectoryPath][String] [/storage/sdcard0]
D/S4URC   ( 2508): [SDK] [java.io.File] [getPath] [FilePath][String] [/storage/sdcard0]
D/S4URC   ( 2508): [SDK] [java.io.File] [exists] [FilePath][String] [/storage/sdcard0/test]
D/S4URC   ( 2508): [SDK] [java.io.File] [getPath] [FilePath][String] [/storage/sdcard0]
D/S4URC   ( 2508): [SDK] [android.os.Environment] [getExternalStorageDirectory] [DirectoryPath][String] [/storage/sdcard0]
D/S4URC   ( 2508): [SDK] [java.io.File] [getPath] [FilePath][String] [/storage/sdcard0]
D/S4URC   ( 2508): [SDK] [java.io.File] [exists] [FilePath][String] [/storage/sdcard0/test]
D/S4URC   ( 2456): [SDK] [android.app.ApplicationPackageManager] [getPackageInfo] [FindPackageName][String] [com.uie.jk8e]
D/S4URC   ( 2508): [SDK] [java.io.File] [getPath] [FilePath][String] [/data/data/com.uie.jk8e]
D/S4URC   ( 2508): [SDK] [java.io.File] [exists] [FilePath][String] [/data/data/com.uie.jk8e/app_dlvugh]
D/S4URC   ( 2508): [SDK] [java.io.File] [mkdir] [FilePath][String] [/data/data/com.uie.jk8e/app_dlvugh]
D/S4URC   ( 2508): [SDK] [java.io.File] [getPath] [FilePath][String] [/data/data/com.uie.jk8e/app_dlvugh]
D/S4URC   ( 2456): [SDK] [android.app.ApplicationPackageManager] [getPackageInfo] [FindPackageName][String] [com.uie.jk8e]
D/S4URC   ( 2508): [SDK] [java.io.File] [getPath] [FilePath][String] [/data/data/com.uie.jk8e]
D/S4URC   ( 2508): [SDK] [java.io.File] [exists] [FilePath][String] [/data/data/com.uie.jk8e/files]
D/S4URC   ( 2508): [SDK] [java.io.File] [getPath] [FilePath][String] [/data/data/com.uie.jk8e/files]
D/S4URC   ( 2508): [SDK] [java.io.File] [getPath] [FilePath][String] [/data/data/com.uie.jk8e/files/kavxec]
D/S4URC   ( 2508): [SDK] [java.io.File] [getPath] [FilePath][String] [/storage/sdcard0]
D/S4URC   ( 2508): [SDK] [android.os.Environment] [getExternalStorageDirectory] [DirectoryPath][String] [/storage/sdcard0]
D/S4URC   ( 2508): [SDK] [java.io.File] [getPath] [FilePath][String] [/storage/sdcard0]
D/S4URC   ( 2508): [SDK] [java.io.File] [exists] [FilePath][String] [/storage/sdcard0/test]
D/S4URC   ( 2456): [SDK] [android.app.ApplicationPackageManager] [getApplicationInfo] [FindApplicationName][String] [com.uie.jk8e]
D/S4URC   ( 2508): [SDK] [java.io.File] [getPath] [FilePath][String] [/storage/sdcard0]
D/S4URC   ( 2508): [SDK] [android.os.Environment] [getExternalStorageDirectory] [DirectoryPath][String] [/storage/sdcard0]
D/S4URC   ( 2508): [SDK] [java.io.File] [getPath] [FilePath][String] [/storage/sdcard0]
D/S4URC   ( 2508): [SDK] [java.io.File] [exists] [FilePath][String] [/storage/sdcard0/test]
D/S4URC   ( 2508): [SDK] [java.io.File] [getPath] [FilePath][String] [/storage/sdcard0]
D/S4URC   ( 2508): [SDK] [android.os.Environment] [getExternalStorageDirectory] [DirectoryPath][String] [/storage/sdcard0]
D/S4URC   ( 2508): [SDK] [java.io.File] [getPath] [FilePath][String] [/storage/sdcard0]
D/S4URC   ( 2508): [SDK] [java.io.File] [exists] [FilePath][String] [/storage/sdcard0/test]
D/S4URC   ( 2508): [SDK] [java.lang.Class] [forName] [FindClass][String] [com.android.okhttp.HttpHandler]
D/S4URC   ( 2508): [SDK] [java.lang.Class] [forName] [FindClass][String] [com.android.org.conscrypt.OpenSSLContextImpl]
D/S4URC   ( 2508): [SDK] [java.lang.Class] [forName] [FindClass][String] [com.android.org.conscrypt.KeyManagerFactoryImpl]
D/S4URC   ( 2508): [SDK] [java.lang.Class] [forName] [FindClass][String] [com.android.org.bouncycastle.jcajce.provider.keystore.bc.BcKeyStoreSpi$Std]
D/S4URC   ( 2508): [SDK] [java.lang.Class] [forName] [FindClass][String] [com.android.org.conscrypt.OpenSSLRandom]
D/S4URC   ( 2508): [SDK] [java.lang.Class] [forName] [FindClass][String] [com.android.org.conscrypt.TrustManagerFactoryImpl]
D/S4URC   ( 2508): [SDK] [java.lang.Class] [forName] [FindClass][String] [com.android.org.conscrypt.TrustedCertificateKeyStoreSpi]
D/S4URC   ( 2508): [SDK] [java.lang.Class] [forName] [FindClass][String] [com.android.org.bouncycastle.jce.provider.PKIXCertPathValidatorSpi]
D/S4URC   ( 2508): [SDK] [java.io.File] [Constructor] [FilePath][String] [/data/misc/keychain/pins]
D/S4URC   ( 2508): [SDK] [java.net] [HttpURLConnection] [URL][String] [http://n.dingda585.com:8066/s/]
D/S4URC   ( 2508): [SDK] [java.net] [HttpURLConnection] [Request][Method] [POST] [URL][String] [http://n.dingda585.com:8066/s/]
D/S4URC   ( 2456): [SDK] [android.content.ContextWrapper] [registerReceiver][IntentFilter][android.intent.action.TIMEZONE_CHANGED,
D/S4URC   ( 2456): [SDK] [android.content.ContextWrapper] [registerReceiver][IntentFilter][android.intent.action.PROXY_CHANGE,
D/S4URC   ( 2456): [SDK] [java.io.File] [getPath] [FilePath][String] [/data/data/com.uie.jk8e]
D/S4URC   ( 2456): [SDK] [java.io.File] [getPath] [FilePath][String] [/data/data/com.uie.jk8e/databases]
D/S4URC   ( 2456): [SDK] [android.content.ContextWrapper] [getDatabasePath] [PathInfo][String] [foo]
D/S4URC   ( 2456): [SDK] [java.io.File] [getParent] [FilePath][String] [/data/data/com.uie.jk8e/databases/foo]
D/S4URC   ( 2548): [SDK] [java.lang.Class] [forName] [FindClass][String] [java.net.HttpURLConnection]
D/S4URC   ( 2548): [SDK] [java.lang.Class] [forName] [FindClass][String] [com.android.okhttp.internal.http.HttpURLConnectionImpl]
D/S4URC   ( 2548): [SDK] [java.lang.Class] [forName] [FindClass][String] [java.net.Socket]
D/S4URC   ( 2548): [SDK] [java.lang.Class] [forName] [FindClass][String] [android.telephony.TelephonyManager]
D/S4URC   ( 2548): [SDK] [java.lang.Class] [forName] [FindClass][String] [android.os.Debug]
D/S4URC   ( 2548): [SDK] [java.lang.Class] [forName] [FindClass][String] [android.hardware.SensorManager]
D/S4URC   ( 2456): [SDK] [java.io.File] [getPath] [FilePath][String] [/data/data/com.uie.jk8e/databases]
D/S4URC   ( 2456): [SDK] [java.io.File] [isDirectory] [FilePath][String] [/data/data/com.uie.jk8e/databases]
D/S4URC   ( 2456): [SDK] [java.io.File] [mkdir] [FilePath][String] [/data/data/com.uie.jk8e/databases]
D/S4URC   ( 2456): [SDK] [java.io.File] [getPath] [FilePath][String] [/data/data/com.uie.jk8e/databases]
D/S4URC   ( 2456): [SDK] [java.io.File] [getPath] [FilePath][String] [/data/data/com.uie.jk8e/databases/favorite.db]
D/S4URC   ( 2548): [SDK] [java.lang.Class] [forName] [FindClass][String] [android.content.res.ResourcesKey]
D/S4URC   ( 2548): [SDK] [java.lang.Class] [forName] [FindClass][String] [android.app.ResourcesManager]
D/S4URC   ( 2548): [SDK] [java.io.File] [Constructor] [FilePath][String] [/data/app/com.uie.jk8e-1/base.apk]
D/S4URC   ( 2548): [SDK] [java.io.File] [getPath] [FilePath][String] [/data/data/com.uie.jk8e]
D/S4URC   ( 2548): [SDK] [java.io.File] [exists] [FilePath][String] [/data/data/com.uie.jk8e/cache]
D/S4URC   ( 2548): [SDK] [java.io.File] [getPath] [FilePath][String] [/data/data/com.uie.jk8e/cache]
D/S4URC   ( 2548): [SDK] [java.io.File] [getPath] [FilePath][String] [/data/data/com.uie.jk8e]
D/S4URC   ( 2548): [SDK] [java.io.File] [getPath] [FilePath][String] [/data/data/com.uie.jk8e/shared_prefs]
D/S4URC   ( 2548): [SDK] [java.io.File] [getPath] [FilePath][String] [/data/data/com.uie.jk8e/shared_prefs/umeng_event_snapshot.xml]
D/S4URC   ( 2548): [SDK] [java.io.File] [Constructor] [FilePath][String] [/data/data/com.uie.jk8e/shared_prefs/umeng_event_snapshot.xml.bak]
D/S4URC   ( 2548): [SDK] [java.io.File] [exists] [FilePath][String] [/data/data/com.uie.jk8e/shared_prefs/umeng_event_snapshot.xml]
D/S4URC   ( 2548): [SDK] [android.content.ContextWrapper][getSharedPreferences] [File][umeng_event_snapshot.xml] [MODE][MODE_PRIVATE]
D/S4URC   ( 2548): [SDK] [java.io.File] [exists] [FilePath][String] [/data/data/com.uie.jk8e/shared_prefs/umeng_event_snapshot.xml.bak]
D/S4URC   ( 2548): [SDK] [java.io.File] [exists] [FilePath][String] [/data/data/com.uie.jk8e/shared_prefs/umeng_event_snapshot.xml]
D/S4URC   ( 2548): [SDK] [java.io.File] [getPath] [FilePath][String] [/data/data/com.uie.jk8e/shared_prefs/umeng_event_snapshot.xml]
D/S4URC   ( 2548): [SDK] [java.io.File] [getPath] [FilePath][String] [/data/data/com.uie.jk8e/shared_prefs]
D/S4URC   ( 2548): [SDK] [java.io.File] [getPath] [FilePath][String] [/data/data/com.uie.jk8e/shared_prefs/umeng_general_config.xml]
D/S4URC   ( 2548): [SDK] [java.io.File] [Constructor] [FilePath][String] [/data/data/com.uie.jk8e/shared_prefs/umeng_general_config.xml.bak]
D/S4URC   ( 2548): [SDK] [java.io.File] [exists] [FilePath][String] [/data/data/com.uie.jk8e/shared_prefs/umeng_general_config.xml]
D/S4URC   ( 2548): [SDK] [java.io.File] [canRead] [FilePath][String] [/data/data/com.uie.jk8e/shared_prefs/umeng_general_config.xml]
D/S4URC   ( 2548): [SDK] [java.io.File] [getPath] [FilePath][String] [/data/data/com.uie.jk8e/shared_prefs/umeng_general_config.xml]
D/S4URC   ( 2548): [SDK] [java.io.File] [exists] [FilePath][String] [/data/data/com.uie.jk8e/shared_prefs/umeng_general_config.xml.bak]
D/S4URC   ( 2548): [SDK] [java.io.File] [exists] [FilePath][String] [/data/data/com.uie.jk8e/shared_prefs/umeng_general_config.xml]
D/S4URC   ( 2548): [SDK] [android.content.ContextWrapper][getSharedPreferences] [File][umeng_general_config.xml] [MODE][MODE_PRIVATE]
D/S4URC   ( 2548): [SDK] [java.io.File] [canRead] [FilePath][String] [/data/data/com.uie.jk8e/shared_prefs/umeng_general_config.xml]
D/S4URC   ( 2548): [SDK] [java.io.File] [getPath] [FilePath][String] [/data/data/com.uie.jk8e/shared_prefs/umeng_general_config.xml]
D/S4URC   ( 2548): [SDK] [java.io.File] [canRead] [FilePath][String] [/data/data/com.uie.jk8e/shared_prefs/umeng_general_config.xml]
D/S4URC   ( 2548): [SDK] [java.io.File] [getPath] [FilePath][String] [/data/data/com.uie.jk8e/shared_prefs/umeng_general_config.xml]
D/S4URC   ( 2548): [SDK] [android.content.ContextWrapper][getSharedPreferences] [File][umeng_general_config.xml] [MODE][MODE_PRIVATE] [Method][getInt] [Int][successful_request] [Return][0]
D/S4URC   ( 2548): [SDK] [android.content.ContextWrapper][getSharedPreferences] [File][umeng_general_config.xml] [MODE][MODE_PRIVATE] [Method][getInt] [Int][failed_requests ] [Return][0]
D/S4URC   ( 2548): [SDK] [android.content.ContextWrapper][getSharedPreferences] [File][umeng_general_config.xml] [MODE][MODE_PRIVATE] [Method][getInt] [Int][last_request_spent_ms] [Return][0]
D/S4URC   ( 2548): [SDK] [android.content.ContextWrapper][getSharedPreferences] [File][umeng_general_config.xml] [MODE][MODE_PRIVATE] [Method][getIong] [Iong][last_request_time] [Return][0]
D/S4URC   ( 2548): [SDK] [android.content.ContextWrapper][getSharedPreferences] [File][umeng_general_config.xml] [MODE][MODE_PRIVATE] [Method][getIong] [Iong][last_req] [Return][0]
D/S4URC   ( 2548): [SDK] [java.io.File] [getPath] [FilePath][String] [/data/data/com.uie.jk8e]
D/S4URC   ( 2548): [SDK] [java.io.File] [exists] [FilePath][String] [/data/data/com.uie.jk8e/files]
D/S4URC   ( 2548): [SDK] [java.io.File] [getPath] [FilePath][String] [/data/data/com.uie.jk8e/files]
D/S4URC   ( 2548): [SDK] [java.io.File] [exists] [FilePath][String] [/data/data/com.uie.jk8e/files/.um]
D/S4URC   ( 2548): [SDK] [java.io.File] [isDirectory] [FilePath][String] [/data/data/com.uie.jk8e/files/.um]
D/S4URC   ( 2548): [SDK] [java.io.File] [exists] [FilePath][String] [/data/data/com.uie.jk8e/files]
D/S4URC   ( 2548): [SDK] [java.io.File] [getPath] [FilePath][String] [/data/data/com.uie.jk8e/files]
D/S4URC   ( 2548): [SDK] [java.io.File] [exists] [FilePath][String] [/data/data/com.uie.jk8e/files/.imprint]
D/S4URC   ( 2548): [SDK] [android.content.ContextWrapper][getSharedPreferences] [File][umeng_general_config.xml] [MODE][MODE_PRIVATE]
D/S4URC   ( 2548): [SDK] [android.content.ContextWrapper][getSharedPreferences] [File][umeng_general_config.xml] [MODE][MODE_PRIVATE] [Method][getString] [String][signature] [Return][972ab8fa844e7593ea84df7763b91e9de562bda29cd9e2a5c3f3ee3df82e865b]
D/S4URC   ( 2548): [SDK] [android.content.ContextWrapper][getSharedPreferences] [File][umeng_general_config.xml] [MODE][MODE_PRIVATE]
D/S4URC   ( 2548): [SDK] [android.content.ContextWrapper][getSharedPreferences] [File][umeng_general_config.xml] [MODE][MODE_PRIVATE] [Method][getIong] [Iong][thtstart] [Return][0]
D/S4URC   ( 2548): [SDK] [android.content.ContextWrapper][getSharedPreferences] [File][umeng_general_config.xml] [MODE][MODE_PRIVATE] [Method][getInt] [Int][gkvc] [Return][0]
D/S4URC   ( 2548): [SDK] [android.content.ContextWrapper][getSharedPreferences] [File][umeng_general_config.xml] [MODE][MODE_PRIVATE] [Method][getInt] [Int][ekvc] [Return][0]
D/S4URC   ( 2548): [SDK] [android.content.ContextWrapper][getSharedPreferences] [File][umeng_general_config.xml] [MODE][MODE_PRIVATE]
D/S4URC   ( 2548): [SDK] [android.content.ContextWrapper][getSharedPreferences] [File][umeng_general_config.xml] [MODE][MODE_PRIVATE] [Method][getIong] [Iong][a_start_time] [Return][1535519383450]
D/S4URC   ( 2548): [SDK] [android.content.ContextWrapper][getSharedPreferences] [File][umeng_general_config.xml] [MODE][MODE_PRIVATE] [Method][getIong] [Iong][a_end_time] [Return][0]
D/S4URC   ( 2548): [SDK] [android.content.ContextWrapper][getSharedPreferences] [File][umeng_general_config.xml] [MODE][MODE_PRIVATE] [Method][getString] [String][session_id] [Return][988450BA8E48C296A3DBBC358393681D]
D/S4URC   ( 2548): [SDK] [android.content.ContextWrapper][getSharedPreferences] [File][umeng_general_config.xml] [MODE][MODE_PRIVATE] [Method][putLong] [Key][a_start_time] [Value][1535519383713]
D/S4URC   ( 2548): [SDK] [android.content.ContextWrapper][getSharedPreferences] [File][umeng_general_config.xml] [MODE][MODE_PRIVATE] [Method][putLong] [Key][a_end_time] [Value][0]
D/S4URC   ( 2548): [SDK] [java.io.File] [exists] [FilePath][String] [/data/data/com.uie.jk8e/shared_prefs/umeng_general_config.xml]
D/S4URC   ( 2548): [SDK] [java.io.File] [exists] [FilePath][String] [/data/data/com.uie.jk8e/shared_prefs/umeng_general_config.xml.bak]
D/S4URC   ( 2548): [SDK] [java.io.File] [renameTo] [FilePath][String] [/data/data/com.uie.jk8e/shared_prefs/umeng_general_config.xml] [DesFile][/data/data/com.uie.jk8e/shared_prefs/umeng_general_config.xml.bak]
D/S4URC   ( 2548): [SDK] [java.io.File] [getPath] [FilePath][String] [/data/data/com.uie.jk8e/shared_prefs/umeng_general_config.xml]
D/S4URC   ( 2548): [SDK] [java.io.File] [getPath] [FilePath][String] [/data/data/com.uie.jk8e/shared_prefs]
D/S4URC   ( 2548): [SDK] [java.io.File] [getPath] [FilePath][String] [/data/data/com.uie.jk8e/shared_prefs/d_permit.xml]
D/S4URC   ( 2548): [SDK] [java.io.File] [Constructor] [FilePath][String] [/data/data/com.uie.jk8e/shared_prefs/d_permit.xml.bak]
D/S4URC   ( 2548): [SDK] [java.io.File] [exists] [FilePath][String] [/data/data/com.uie.jk8e/shared_prefs/d_permit.xml]
D/S4URC   ( 2548): [SDK] [android.content.ContextWrapper][getSharedPreferences] [File][d_permit.xml] [MODE][MODE_PRIVATE]
D/S4URC   ( 2548): [SDK] [java.io.File] [exists] [FilePath][String] [/data/data/com.uie.jk8e/shared_prefs/d_permit.xml.bak]
D/S4URC   ( 2548): [SDK] [java.io.File] [exists] [FilePath][String] [/data/data/com.uie.jk8e/shared_prefs/d_permit.xml]
D/S4URC   ( 2548): [SDK] [java.io.File] [getPath] [FilePath][String] [/data/data/com.uie.jk8e/shared_prefs/d_permit.xml]
D/S4URC   ( 2548): [SDK] [android.content.ContextWrapper][getSharedPreferences] [File][d_permit.xml] [MODE][MODE_PRIVATE] [Method][getBoolean] [Boolean][permitted] [Return][true]
D/S4URC   ( 2548): [SDK] [java.io.File] [Constructor] [FilePath][String] [/proc/2548/cmdline]
D/S4URC   ( 2548): [SDK] [java.io.File] [getPath] [FilePath][String] [/proc/2548/cmdline]
D/S4URC   ( 2548): [SDK] [java.lang.Class] [forName] [FindClass][String] [android.app.ActivityManagerNative]
D/S4URC   ( 2548): [SDK] [java.io.File] [getPath] [FilePath][String] [/data/data/com.uie.jk8e/shared_prefs/umeng_general_config.xml]
D/S4URC   ( 2548): [SDK] [java.io.File] [delete] [FilePath][String] [/data/data/com.uie.jk8e/shared_prefs/umeng_general_config.xml.bak]
D/S4URC   ( 2548): [SDK] [android.content.ContextWrapper][getSharedPreferences] [File][d_permit.xml] [MODE][MODE_PRIVATE] [Method][commit]
D/S4URC   ( 2456): [SDK] [java.io.File] [getPath] [FilePath][String] [/data/data/com.uie.jk8e/databases/favorite.db]
D/S4URC   ( 2456): [SDK] [android.database.sqlite.SQLiteDatabase] [execSQL] [ExecInfo][String] [CREATE TABLE favorite_table (_id INTEGER PRIMARY KEY autoincrement, title varchar NOT NULL, url varchar NOT NULL)]
D/S4URC   ( 2456): [SDK] [android.database.sqlite.SQLiteDatabase] [execSQL] [ExecInfo][String] [PRAGMA user_version = 1]
D/S4URC   ( 2548): [SDK] [java.io.File] [getPath] [FilePath][String] [/data/data/com.uie.jk8e]
D/S4URC   ( 2548): [SDK] [java.io.File] [exists] [FilePath][String] [/data/data/com.uie.jk8e/app_vdp_indicators]
D/S4URC   ( 2548): [SDK] [java.io.File] [getPath] [FilePath][String] [/data/data/com.uie.jk8e]
D/S4URC   ( 2548): [SDK] [java.io.File] [exists] [FilePath][String] [/data/data/com.uie.jk8e/app_bin]
D/S4URC   ( 2548): [SDK] [java.io.File] [getPath] [FilePath][String] [/data/data/com.uie.jk8e/app_bin]
D/S4URC   ( 2548): [SDK] [java.io.File] [exists] [FilePath][String] [/data/data/com.uie.jk8e/app_bin/libvdp_a1.so]
D/S4URC   ( 2548): [SDK] [java.io.File] [exists] [FilePath][String] [/data/data/com.uie.jk8e/app_vdp_indicators]
D/S4URC   ( 2548): [SDK] [java.io.File] [getPath] [FilePath][String] [/data/data/com.uie.jk8e/app_vdp_indicators]
D/S4URC   ( 2508): [SDK] [java.io.File] [getPath] [FilePath][String] [/storage/sdcard0]
D/S4URC   ( 2508): [SDK] [android.os.Environment] [getExternalStorageDirectory] [DirectoryPath][String] [/storage/sdcard0]
D/S4URC   ( 2508): [SDK] [java.io.File] [getPath] [FilePath][String] [/storage/sdcard0]
D/S4URC   ( 2508): [SDK] [java.io.File] [exists] [FilePath][String] [/storage/sdcard0/test]
D/S4URC   ( 2456): [SDK] [android.webkit.WebView] [loadUrl] [Url][http://dh.m8777.com/?channel=12009]
D/S4URC   ( 2456): [SDK] [java.io.File] [Constructor] [FilePath][String] [/proc/meminfo]
D/S4URC   ( 2456): [SDK] [java.io.File] [getPath] [FilePath][String] [/proc/meminfo]
D/S4URC   ( 2456): [SDK] [android.content.Intent] [Constructor] [IntentInfo][String] [android.intent.action.WD.START]
D/S4URC   ( 2456): [SDK] [android.content.ContextWrapper] [sendBroadcast] [Intent] Intent { act=android.intent.action.WD.START flg=0x20 (has extras) } [ExtraInfo][key:value][packagename:com.uie.jk8e]
D/S4URC   ( 2456): [SDK] [java.io.File] [getPath] [FilePath][String] [/storage/sdcard0]
D/S4URC   ( 2456): [SDK] [android.os.Environment] [getExternalStorageDirectory] [DirectoryPath][String] [/storage/sdcard0]
D/S4URC   ( 2456): [SDK] [java.io.File] [getPath] [FilePath][String] [/storage/sdcard0]
D/S4URC   ( 2456): [SDK] [android.os.Environment] [getExternalStorageDirectory] [DirectoryPath][String] [/storage/sdcard0]
D/S4URC   ( 2456): [SDK] [java.io.File] [getPath] [FilePath][String] [/storage/sdcard0]
D/S4URC   ( 2456): [SDK] [android.app.ApplicationPackageManager] [getApplicationInfo] [FindApplicationName][String] [com.uie.jk8e]
D/S4URC   ( 2456): [SDK] [java.io.File] [getPath] [FilePath][String] [/data/data/com.uie.jk8e/shared_prefs]
D/S4URC   ( 2456): [SDK] [java.io.File] [getPath] [FilePath][String] [/data/data/com.uie.jk8e/shared_prefs/areaInfo.xml]
D/S4URC   ( 2456): [SDK] [java.io.File] [Constructor] [FilePath][String] [/data/data/com.uie.jk8e/shared_prefs/areaInfo.xml.bak]
D/S4URC   ( 2456): [SDK] [java.io.File] [exists] [FilePath][String] [/data/data/com.uie.jk8e/shared_prefs/areaInfo.xml]
D/S4URC   ( 2456): [SDK] [android.content.ContextWrapper][getSharedPreferences] [File][areaInfo.xml] [MODE][MODE_PRIVATE]
D/S4URC   ( 2456): [SDK] [java.io.File] [exists] [FilePath][String] [/data/data/com.uie.jk8e/shared_prefs/areaInfo.xml.bak]
D/S4URC   ( 2456): [SDK] [java.io.File] [exists] [FilePath][String] [/data/data/com.uie.jk8e/shared_prefs/areaInfo.xml]
D/S4URC   ( 2456): [SDK] [java.io.File] [getPath] [FilePath][String] [/data/data/com.uie.jk8e/shared_prefs/areaInfo.xml]
D/S4URC   ( 2456): [SDK] [android.content.ContextWrapper][getSharedPreferences] [File][areaInfo.xml] [MODE][MODE_PRIVATE] [Method][getInt] [Int][areaid] [Return][-1]
D/S4URC   ( 2456): [SDK] [android.content.ContextWrapper] [registerReceiver][IntentFilter][android.net.conn.CONNECTIVITY_CHANGE,
D/S4URC   ( 2456): [SDK] [android.content.ContextWrapper][getSharedPreferences] [File][areaInfo.xml] [MODE][MODE_PRIVATE]
D/S4URC   ( 2456): [SDK] [android.content.ContextWrapper][getSharedPreferences] [File][areaInfo.xml] [MODE][MODE_PRIVATE] [Method][getString] [String][province] [Return][]
D/S4URC   ( 2456): [SDK] [android.content.ContextWrapper][getSharedPreferences] [File][areaInfo.xml] [MODE][MODE_PRIVATE]
D/S4URC   ( 2456): [SDK] [android.content.ContextWrapper][getSharedPreferences] [File][areaInfo.xml] [MODE][MODE_PRIVATE] [Method][getString] [String][city] [Return][]
D/S4URC   ( 2456): [SDK] [java.net] [HttpURLConnection] [URL][String] [http://int.dpool.sina.com.cn/iplookup/iplookup.php?format=json]
D/S4URC   ( 2456): [SDK] [java.io.File] [Constructor] [FilePath][String] [/storage/sdcard0]
D/S4URC   ( 2456): [SDK] [java.io.File] [Constructor] [FilePath][String] [/storage/sdcard1]
D/S4URC   ( 2456): [SDK] [java.io.File] [Constructor] [FilePath][String] [/storage/usb2host]
D/S4URC   ( 2456): [SDK] [java.io.File] [Constructor] [FilePath][String] [/storage/usb3device]
D/S4URC   ( 2456): [SDK] [java.io.File] [Constructor] [FilePath][String] [/storage/usb3host]
D/S4URC   ( 2456): [SDK] [android.os.Environment] [getExternalStorageState] [ExternalStorageState][String] [mounted]
D/S4URC   ( 2456): [SDK] [java.io.File] [getPath] [FilePath][String] [/storage/sdcard0]
D/S4URC   ( 2456): [SDK] [android.os.Environment] [getExternalStorageDirectory] [DirectoryPath][String] [/storage/sdcard0]
D/S4URC   ( 2456): [SDK] [java.io.File] [getPath] [FilePath][String] [/storage/sdcard0]
D/S4URC   ( 2456): [SDK] [java.io.File] [Constructor] [FilePath][String] [/storage/sdcard0/.w]
D/S4URC   ( 2456): [SDK] [java.io.File] [exists] [FilePath][String] [/storage/sdcard0/.w]
D/S4URC   ( 2456): [SDK] [java.io.File] [isDirectory] [FilePath][String] [/storage/sdcard0/.w]
D/S4URC   ( 2456): [SDK] [java.io.File] [mkdir] [FilePath][String] [/storage/sdcard0/.w]
D/S4URC   ( 2456): [SDK] [java.io.File] [getPath] [FilePath][String] [/data/data/com.uie.jk8e/shared_prefs]
D/S4URC   ( 2456): [SDK] [java.io.File] [getPath] [FilePath][String] [/data/data/com.uie.jk8e/shared_prefs/localtime.xml]
D/S4URC   ( 2456): [SDK] [java.io.File] [Constructor] [FilePath][String] [/data/data/com.uie.jk8e/shared_prefs/localtime.xml.bak]
D/S4URC   ( 2456): [SDK] [java.io.File] [exists] [FilePath][String] [/data/data/com.uie.jk8e/shared_prefs/localtime.xml]
D/S4URC   ( 2456): [SDK] [android.content.ContextWrapper][getSharedPreferences] [File][localtime.xml] [MODE][MODE_PRIVATE]
D/S4URC   ( 2456): [SDK] [java.io.File] [exists] [FilePath][String] [/data/data/com.uie.jk8e/shared_prefs/localtime.xml.bak]
D/S4URC   ( 2456): [SDK] [java.io.File] [exists] [FilePath][String] [/data/data/com.uie.jk8e/shared_prefs/localtime.xml]
D/S4URC   ( 2456): [SDK] [java.io.File] [getPath] [FilePath][String] [/data/data/com.uie.jk8e/shared_prefs/localtime.xml]
D/S4URC   ( 2456): [SDK] [android.content.ContextWrapper][getSharedPreferences] [File][localtime.xml] [MODE][MODE_PRIVATE] [Method][getString] [String][uptime] [Return][]
D/S4URC   ( 2456): [SDK] [android.content.ContextWrapper][getSharedPreferences] [File][localtime.xml] [MODE][MODE_PRIVATE]
D/S4URC   ( 2456): [SDK] [android.content.ContextWrapper][getSharedPreferences] [File][localtime.xml] [MODE][MODE_PRIVATE] [Method][putString] [Key][uptime] [Value][1535519383844]
D/S4URC   ( 2456): [SDK] [java.io.File] [exists] [FilePath][String] [/data/data/com.uie.jk8e/shared_prefs/localtime.xml]
D/S4URC   ( 2456): [SDK] [java.io.File] [getPath] [FilePath][String] [/data/data/com.uie.jk8e/shared_prefs/localtime.xml]
D/S4URC   ( 2456): [SDK] [java.io.File] [delete] [FilePath][String] [/data/data/com.uie.jk8e/shared_prefs/localtime.xml.bak]
D/S4URC   ( 2456): [SDK] [android.content.ContextWrapper][getSharedPreferences] [File][localtime.xml] [MODE][MODE_PRIVATE] [Method][commit]
D/S4URC   ( 2456): [SDK] [android.content.ContextWrapper][getSharedPreferences] [File][localtime.xml] [MODE][MODE_PRIVATE]
D/S4URC   ( 2456): [SDK] [android.content.ContextWrapper][getSharedPreferences] [File][localtime.xml] [MODE][MODE_PRIVATE] [Method][getString] [String][nextvist] [Return][]
D/S4URC   ( 2456): [SDK] [android.content.ContextWrapper][getSharedPreferences] [File][localtime.xml] [MODE][MODE_PRIVATE]
D/S4URC   ( 2456): [SDK] [android.content.ContextWrapper][getSharedPreferences] [File][localtime.xml] [MODE][MODE_PRIVATE] [Method][putString] [Key][uptime] [Value][1535519383844]
D/S4URC   ( 2456): [SDK] [java.io.File] [exists] [FilePath][String] [/data/data/com.uie.jk8e/shared_prefs/localtime.xml]
D/S4URC   ( 2456): [SDK] [android.content.ContextWrapper][getSharedPreferences] [File][localtime.xml] [MODE][MODE_PRIVATE] [Method][commit]
D/S4URC   ( 2456): [SDK] [java.lang.Class] [forName] [FindClass][String] [android.telephony.MSimTelephonyManager]
D/S4URC   ( 2456): [SDK] [java.lang.Class] [forName] [FindClass][String] [com.android.internal.telephony.Phone]
D/S4URC   ( 2456): [SDK] [android.content.ContentResolver] [registerContentObserver] [URL][String] [content://settings/system/enable_stylus_gestures]
D/S4URC   ( 2456): [SDK] [java.lang.Class] [forName] [FindClass][String] [com.android.internal.telephony.Phone]
D/S4URC   ( 2456): [SDK] [android.telephony.TelephonyManager] [getSubscriberId]
D/S4URC   ( 2456): [SDK] [android.content.ContextWrapper][getSharedPreferences] [File][localtime.xml] [MODE][MODE_PRIVATE]
D/S4URC   ( 2456): [SDK] [android.content.ContextWrapper][getSharedPreferences] [File][localtime.xml] [MODE][MODE_PRIVATE] [Method][getString] [String][S1] [Return][]
D/S4URC   ( 2456): [SDK] [android.telephony.TelephonyManager] [getLine1Number]
D/S4URC   ( 2456): [SDK] [android.content.ContextWrapper][getSharedPreferences] [File][localtime.xml] [MODE][MODE_PRIVATE]
D/S4URC   ( 2456): [SDK] [android.content.ContextWrapper][getSharedPreferences] [File][localtime.xml] [MODE][MODE_PRIVATE] [Method][getString] [String][userid] [Return][]
D/S4URC   ( 2456): [SDK] [android.content.ContextWrapper][getSharedPreferences] [File][localtime.xml] [MODE][MODE_PRIVATE]
D/S4URC   ( 2456): [SDK] [android.content.ContextWrapper][getSharedPreferences] [File][localtime.xml] [MODE][MODE_PRIVATE] [Method][putString] [Key][userid] [Value][1b330860-2cd3-4bb1-ab73-6813884afd8b]
D/S4URC   ( 2456): [SDK] [java.io.File] [exists] [FilePath][String] [/data/data/com.uie.jk8e/shared_prefs/localtime.xml]
D/S4URC   ( 2456): [SDK] [java.io.File] [exists] [FilePath][String] [/data/data/com.uie.jk8e/shared_prefs/localtime.xml.bak]
D/S4URC   ( 2456): [SDK] [java.io.File] [renameTo] [FilePath][String] [/data/data/com.uie.jk8e/shared_prefs/localtime.xml] [DesFile][/data/data/com.uie.jk8e/shared_prefs/localtime.xml.bak]
D/S4URC   ( 2456): [SDK] [java.io.File] [getPath] [FilePath][String] [/data/data/com.uie.jk8e/shared_prefs/localtime.xml]
D/S4URC   ( 2456): [SDK] [java.io.File] [delete] [FilePath][String] [/data/data/com.uie.jk8e/shared_prefs/localtime.xml.bak]
D/S4URC   ( 2456): [SDK] [android.content.ContextWrapper][getSharedPreferences] [File][localtime.xml] [MODE][MODE_PRIVATE] [Method][commit]
D/S4URC   ( 2456): [SDK] [android.content.ContextWrapper][getSharedPreferences] [File][localtime.xml] [MODE][MODE_PRIVATE]
D/S4URC   ( 2456): [SDK] [android.content.ContextWrapper][getSharedPreferences] [File][localtime.xml] [MODE][MODE_PRIVATE] [Method][getString] [String][vers] [Return][]
D/S4URC   ( 2456): [SDK] [android.content.ContextWrapper][getSharedPreferences] [File][localtime.xml] [MODE][MODE_PRIVATE]
D/S4URC   ( 2456): [SDK] [android.content.ContextWrapper][getSharedPreferences] [File][localtime.xml] [MODE][MODE_PRIVATE] [Method][getString] [String][pname] [Return][]
D/S4URC   ( 2456): [SDK] [android.content.ContextWrapper][getSharedPreferences] [File][localtime.xml] [MODE][MODE_PRIVATE]
D/S4URC   ( 2456): [SDK] [android.content.ContextWrapper][getSharedPreferences] [File][localtime.xml] [MODE][MODE_PRIVATE] [Method][putString] [Key][vers] [Value][80]
D/S4URC   ( 2456): [SDK] [java.io.File] [exists] [FilePath][String] [/data/data/com.uie.jk8e/shared_prefs/localtime.xml]
D/S4URC   ( 2456): [SDK] [java.io.File] [exists] [FilePath][String] [/data/data/com.uie.jk8e/shared_prefs/localtime.xml.bak]
D/S4URC   ( 2456): [SDK] [java.io.File] [renameTo] [FilePath][String] [/data/data/com.uie.jk8e/shared_prefs/localtime.xml] [DesFile][/data/data/com.uie.jk8e/shared_prefs/localtime.xml.bak]
D/S4URC   ( 2456): [SDK] [java.io.File] [getPath] [FilePath][String] [/data/data/com.uie.jk8e/shared_prefs/localtime.xml]
D/S4URC   ( 2456): [SDK] [java.io.File] [delete] [FilePath][String] [/data/data/com.uie.jk8e/shared_prefs/localtime.xml.bak]
D/S4URC   ( 2456): [SDK] [android.content.ContextWrapper][getSharedPreferences] [File][localtime.xml] [MODE][MODE_PRIVATE] [Method][commit]
D/S4URC   ( 2456): [SDK] [android.content.ContextWrapper][getSharedPreferences] [File][localtime.xml] [MODE][MODE_PRIVATE]
D/S4URC   ( 2456): [SDK] [android.content.ContextWrapper][getSharedPreferences] [File][localtime.xml] [MODE][MODE_PRIVATE] [Method][putString] [Key][ttype] [Value][0]
D/S4URC   ( 2456): [SDK] [java.io.File] [exists] [FilePath][String] [/data/data/com.uie.jk8e/shared_prefs/localtime.xml]
D/S4URC   ( 2456): [SDK] [java.io.File] [exists] [FilePath][String] [/data/data/com.uie.jk8e/shared_prefs/localtime.xml.bak]
D/S4URC   ( 2456): [SDK] [java.io.File] [renameTo] [FilePath][String] [/data/data/com.uie.jk8e/shared_prefs/localtime.xml] [DesFile][/data/data/com.uie.jk8e/shared_prefs/localtime.xml.bak]
D/S4URC   ( 2456): [SDK] [java.io.File] [getPath] [FilePath][String] [/data/data/com.uie.jk8e/shared_prefs/localtime.xml]
D/S4URC   ( 2456): [SDK] [java.io.File] [delete] [FilePath][String] [/data/data/com.uie.jk8e/shared_prefs/localtime.xml.bak]
D/S4URC   ( 2456): [SDK] [android.content.ContextWrapper][getSharedPreferences] [File][localtime.xml] [MODE][MODE_PRIVATE] [Method][commit]
D/S4URC   ( 2456): [SDK] [android.content.ContextWrapper][getSharedPreferences] [File][localtime.xml] [MODE][MODE_PRIVATE]
D/S4URC   ( 2456): [SDK] [android.content.ContextWrapper][getSharedPreferences] [File][localtime.xml] [MODE][MODE_PRIVATE] [Method][putString] [Key][packname] [Value][com.ryg.mainplugin80]
D/S4URC   ( 2456): [SDK] [java.io.File] [exists] [FilePath][String] [/data/data/com.uie.jk8e/shared_prefs/localtime.xml]
D/S4URC   ( 2456): [SDK] [java.io.File] [exists] [FilePath][String] [/data/data/com.uie.jk8e/shared_prefs/localtime.xml.bak]
D/S4URC   ( 2456): [SDK] [java.io.File] [renameTo] [FilePath][String] [/data/data/com.uie.jk8e/shared_prefs/localtime.xml] [DesFile][/data/data/com.uie.jk8e/shared_prefs/localtime.xml.bak]
D/S4URC   ( 2456): [SDK] [java.io.File] [getPath] [FilePath][String] [/data/data/com.uie.jk8e/shared_prefs/localtime.xml]
D/S4URC   ( 2456): [SDK] [java.io.File] [delete] [FilePath][String] [/data/data/com.uie.jk8e/shared_prefs/localtime.xml.bak]
D/S4URC   ( 2456): [SDK] [android.content.ContextWrapper][getSharedPreferences] [File][localtime.xml] [MODE][MODE_PRIVATE] [Method][commit]
D/S4URC   ( 2456): [SDK] [android.content.ContextWrapper][getSharedPreferences] [File][localtime.xml] [MODE][MODE_PRIVATE]
D/S4URC   ( 2456): [SDK] [android.content.ContextWrapper][getSharedPreferences] [File][localtime.xml] [MODE][MODE_PRIVATE] [Method][putString] [Key][servicename] [Value][com.ryg.mainplugin.MS]
D/S4URC   ( 2456): [SDK] [java.io.File] [exists] [FilePath][String] [/data/data/com.uie.jk8e/shared_prefs/localtime.xml]
D/S4URC   ( 2456): [SDK] [java.io.File] [exists] [FilePath][String] [/data/data/com.uie.jk8e/shared_prefs/localtime.xml.bak]
D/S4URC   ( 2456): [SDK] [java.io.File] [renameTo] [FilePath][String] [/data/data/com.uie.jk8e/shared_prefs/localtime.xml] [DesFile][/data/data/com.uie.jk8e/shared_prefs/localtime.xml.bak]
D/S4URC   ( 2456): [SDK] [java.io.File] [getPath] [FilePath][String] [/data/data/com.uie.jk8e/shared_prefs/localtime.xml]
D/S4URC   ( 2456): [SDK] [java.io.File] [delete] [FilePath][String] [/data/data/com.uie.jk8e/shared_prefs/localtime.xml.bak]
D/S4URC   ( 2456): [SDK] [android.content.ContextWrapper][getSharedPreferences] [File][localtime.xml] [MODE][MODE_PRIVATE] [Method][commit]
D/S4URC   ( 2456): [SDK] [java.io.File] [exists] [FilePath][String] [/data/data/com.uie.jk8e/files]
D/S4URC   ( 2456): [SDK] [java.io.File] [getPath] [FilePath][String] [/data/data/com.uie.jk8e/files]
D/S4URC   ( 2456): [SDK] [java.io.File] [Constructor] [FilePath][String] [/storage/sdcard0]
D/S4URC   ( 2456): [SDK] [java.io.File] [Constructor] [FilePath][String] [/storage/sdcard1]
D/S4URC   ( 2456): [SDK] [java.io.File] [Constructor] [FilePath][String] [/storage/usb2host]
D/S4URC   ( 2456): [SDK] [java.io.File] [Constructor] [FilePath][String] [/storage/usb3device]
D/S4URC   ( 2456): [SDK] [java.io.File] [Constructor] [FilePath][String] [/storage/usb3host]
D/S4URC   ( 2456): [SDK] [android.os.Environment] [getExternalStorageState] [ExternalStorageState][String] [mounted]
D/S4URC   ( 2456): [SDK] [java.io.File] [getPath] [FilePath][String] [/storage/sdcard0]
D/S4URC   ( 2456): [SDK] [android.os.Environment] [getExternalStorageDirectory] [DirectoryPath][String] [/storage/sdcard0]
D/S4URC   ( 2456): [SDK] [java.io.File] [getPath] [FilePath][String] [/storage/sdcard0]
D/S4URC   ( 2456): [SDK] [android.content.ContextWrapper][getSharedPreferences] [File][localtime.xml] [MODE][MODE_PRIVATE]
D/S4URC   ( 2456): [SDK] [android.content.ContextWrapper][getSharedPreferences] [File][localtime.xml] [MODE][MODE_PRIVATE] [Method][putString] [Key][pname] [Value][/data/data/com.uie.jk8e/files/80.tmp]
D/S4URC   ( 2456): [SDK] [java.io.File] [exists] [FilePath][String] [/data/data/com.uie.jk8e/shared_prefs/localtime.xml]
D/S4URC   ( 2456): [SDK] [java.io.File] [exists] [FilePath][String] [/data/data/com.uie.jk8e/shared_prefs/localtime.xml.bak]
D/S4URC   ( 2456): [SDK] [java.io.File] [renameTo] [FilePath][String] [/data/data/com.uie.jk8e/shared_prefs/localtime.xml] [DesFile][/data/data/com.uie.jk8e/shared_prefs/localtime.xml.bak]
D/S4URC   ( 2456): [SDK] [java.io.File] [getPath] [FilePath][String] [/data/data/com.uie.jk8e/shared_prefs/localtime.xml]
D/S4URC   ( 2456): [SDK] [java.io.File] [delete] [FilePath][String] [/data/data/com.uie.jk8e/shared_prefs/localtime.xml.bak]
D/S4URC   ( 2456): [SDK] [android.content.ContextWrapper][getSharedPreferences] [File][localtime.xml] [MODE][MODE_PRIVATE] [Method][commit]
D/S4URC   ( 2456): [SDK] [android.content.ContextWrapper][getSharedPreferences] [File][localtime.xml] [MODE][MODE_PRIVATE]
D/S4URC   ( 2456): [SDK] [android.content.ContextWrapper][getSharedPreferences] [File][localtime.xml] [MODE][MODE_PRIVATE] [Method][getString] [String][checktime] [Return][]
D/S4URC   ( 2456): [SDK] [android.content.ContextWrapper][getSharedPreferences] [File][localtime.xml] [MODE][MODE_PRIVATE]
D/S4URC   ( 2456): [SDK] [android.content.ContextWrapper][getSharedPreferences] [File][localtime.xml] [MODE][MODE_PRIVATE] [Method][getString] [String][updatetime] [Return][]
D/S4URC   ( 2456): [SDK] [android.content.ContextWrapper][getSharedPreferences] [File][localtime.xml] [MODE][MODE_PRIVATE]
D/S4URC   ( 2456): [SDK] [android.content.ContextWrapper][getSharedPreferences] [File][localtime.xml] [MODE][MODE_PRIVATE] [Method][getString] [String][drivehost] [Return][]
D/S4URC   ( 2456): [SDK] [android.content.ContextWrapper][getSharedPreferences] [File][localtime.xml] [MODE][MODE_PRIVATE]
D/S4URC   ( 2456): [SDK] [android.content.ContextWrapper][getSharedPreferences] [File][localtime.xml] [MODE][MODE_PRIVATE] [Method][putString] [Key][drivehost] [Value][http://www.yanb1.com/]
D/S4URC   ( 2456): [SDK] [java.io.File] [exists] [FilePath][String] [/data/data/com.uie.jk8e/shared_prefs/localtime.xml]
D/S4URC   ( 2456): [SDK] [java.io.File] [exists] [FilePath][String] [/data/data/com.uie.jk8e/shared_prefs/localtime.xml.bak]
D/S4URC   ( 2456): [SDK] [java.io.File] [renameTo] [FilePath][String] [/data/data/com.uie.jk8e/shared_prefs/localtime.xml] [DesFile][/data/data/com.uie.jk8e/shared_prefs/localtime.xml.bak]
D/S4URC   ( 2456): [SDK] [java.io.File] [getPath] [FilePath][String] [/data/data/com.uie.jk8e/shared_prefs/localtime.xml]
D/S4URC   ( 2456): [SDK] [java.io.File] [delete] [FilePath][String] [/data/data/com.uie.jk8e/shared_prefs/localtime.xml.bak]
D/S4URC   ( 2456): [SDK] [android.content.ContextWrapper][getSharedPreferences] [File][localtime.xml] [MODE][MODE_PRIVATE] [Method][commit]
D/S4URC   ( 2456): [SDK] [android.content.ContextWrapper][getSharedPreferences] [File][localtime.xml] [MODE][MODE_PRIVATE]
D/S4URC   ( 2456): [SDK] [android.content.ContextWrapper][getSharedPreferences] [File][localtime.xml] [MODE][MODE_PRIVATE] [Method][putString] [Key][updatehost] [Value][http://www.bkt0.com/]
D/S4URC   ( 2456): [SDK] [java.io.File] [exists] [FilePath][String] [/data/data/com.uie.jk8e/shared_prefs/localtime.xml]
D/S4URC   ( 2456): [SDK] [java.io.File] [exists] [FilePath][String] [/data/data/com.uie.jk8e/shared_prefs/localtime.xml.bak]
