D/S4URC   ( 4170): [NDK] [SYSCALL] [open] [PATH][string] [/data/data/com.ztapps.saverdoctor/databases/baidu_czs-journal] [RETURN][int] [90]
D/S4URC   ( 4170): [NDK] [SYSCALL] [access] [PATH][string] [/data/data/com.ztapps.saverdoctor/databases/baidu_czs-wal]
D/S4URC   ( 4170): [NDK] [SYSCALL] [access] [PATH][string] [/data/data/com.ztapps.saverdoctor/databases/baidu_czs-journal]
D/S4URC   ( 4170): [NDK] [SYSCALL] [stat] [PATH][string] [/data/data/com.ztapps.saverdoctor/databases/baidu_czs-journal]
D/S4URC   ( 4170): [NDK] [SYSCALL] [stat] [PATH][string] [/data/data/com.ztapps.saverdoctor/databases/baidu_czs]
D/S4URC   ( 4170): [NDK] [SYSCALL] [open] [PATH][string] [/data/data/com.ztapps.saverdoctor/databases/baidu_czs-journal] [RETURN][int] [90]
D/S4URC   ( 4170): [NDK] [SYSCALL] [access] [PATH][string] [/data/data/com.ztapps.saverdoctor/databases/baidu_czs-wal]
D/S4URC   ( 4170): [SDK] [android.app.ApplicationPackageManager] [getApplicationInfo] [FindApplicationName][String] [com.android.bluetooth]
D/S4URC   ( 4170): [NDK] [SYSCALL] [stat] [PATH][string] [/data/data/com.ztapps.saverdoctor/databases/baidu_czs]
D/S4URC   ( 4170): [NDK] [SYSCALL] [open] [PATH][string] [/data/data/com.ztapps.saverdoctor/databases/baidu_czs-journal] [RETURN][int] [90]
D/S4URC   ( 4170): [SDK] [android.database.sqlite.SQLiteDatabase] [execSQL] [ExecInfo][String] [create table if not exists cmdfb(_id integer primary key autoincrement,cmd_no text,status integer,ec integer default 0)]
D/S4URC   ( 4170): [SDK] [android.database.sqlite.SQLiteDatabase] [execSQL] [ExecInfo][String] [create table if not exists appinfo(_id integer primary key autoincrement,an text,pn text,avc text,avn text,uc integer,ut long,asg text,at integer,aa integer)]
D/S4URC   ( 4170): [SDK] [android.database.sqlite.SQLiteDatabase] [execSQL] [ExecInfo][String] [PRAGMA user_version = 5]
D/S4URC   ( 4170): [SDK] [android.app.ApplicationPackageManager] [getApplicationInfo] [FindApplicationName][String] [com.google.android.gms]
D/S4URC   ( 4170): [NDK] [SYSCALL] [open] [PATH][string] [/data/data/com.ztapps.saverdoctor/databases] [RETURN][int] [97]
D/S4URC   ( 4170): [SDK] [android.app.ApplicationPackageManager] [getApplicationInfo] [FindApplicationName][String] [com.google.android.gms]
D/S4URC   ( 4170): [NDK] [SYSCALL] [access] [PATH][string] [/storage/sdcard0/mmt/widegets/data/droidinfo-journal]
D/S4URC   ( 4170): [SDK] [android.app.ApplicationPackageManager] [getApplicationInfo] [FindApplicationName][String] [com.android.bluetooth]
D/S4URC   ( 4170): [NDK] [SYSCALL] [stat] [PATH][string] [/storage/sdcard0/mmt/widegets/data/droidinfo-journal]
D/S4URC   ( 4170): [NDK] [SYSCALL] [stat] [PATH][string] [/storage/sdcard0/mmt/widegets/data/droidinfo]
D/S4URC   ( 4170): [NDK] [SYSCALL] [open] [PATH][string] [/storage/sdcard0/mmt/widegets/data/droidinfo-journal] [RETURN][int] [97]
D/S4URC   ( 4170): [NDK] [SYSCALL] [access] [PATH][string] [/storage/sdcard0/mmt/widegets/data/droidinfo-wal]
D/S4URC   ( 4170): [SDK] [android.app.ApplicationPackageManager] [getApplicationInfo] [FindApplicationName][String] [com.android.bluetooth]
D/S4URC   ( 4170): [SDK] [android.app.ApplicationPackageManager] [getApplicationInfo] [FindApplicationName][String] [com.google.android.gms]
D/S4URC   ( 4170): [NDK] [SYSCALL] [access] [PATH][string] [/storage/sdcard0/mmt/widegets/data/droidinfo-journal]
D/S4URC   ( 4170): [NDK] [SYSCALL] [stat] [PATH][string] [/storage/sdcard0/mmt/widegets/data/droidinfo-journal]
D/S4URC   ( 4170): [NDK] [SYSCALL] [stat] [PATH][string] [/storage/sdcard0/mmt/widegets/data/droidinfo]
D/S4URC   ( 4170): [NDK] [SYSCALL] [open] [PATH][string] [/storage/sdcard0/mmt/widegets/data/droidinfo-journal] [RETURN][int] [100]
D/S4URC   ( 4170): [NDK] [SYSCALL] [access] [PATH][string] [/storage/sdcard0/mmt/widegets/data/droidinfo-wal]
D/S4URC   ( 4170): [SDK] [android.app.ApplicationPackageManager] [getApplicationInfo] [FindApplicationName][String] [com.google.android.gms]
D/S4URC   ( 4170): [SDK] [android.app.ApplicationPackageManager] [getApplicationInfo] [FindApplicationName][String] [com.android.bluetooth]
D/S4URC   ( 4170): [SDK] [android.app.ApplicationPackageManager] [getApplicationInfo] [FindApplicationName][String] [com.google.android.gms]
D/S4URC   ( 4170): [NDK] [SYSCALL] [access] [PATH][string] [/data/data/com.ztapps.saverdoctor/databases/baidu_czs-journal]
D/S4URC   ( 4170): [NDK] [SYSCALL] [stat] [PATH][string] [/data/data/com.ztapps.saverdoctor/databases/baidu_czs-journal]
D/S4URC   ( 4170): [NDK] [SYSCALL] [stat] [PATH][string] [/data/data/com.ztapps.saverdoctor/databases/baidu_czs]
D/S4URC   ( 4170): [NDK] [SYSCALL] [open] [PATH][string] [/data/data/com.ztapps.saverdoctor/databases/baidu_czs-journal] [RETURN][int] [90]
D/S4URC   ( 4170): [NDK] [SYSCALL] [access] [PATH][string] [/data/data/com.ztapps.saverdoctor/databases/baidu_czs-wal]
D/S4URC   ( 4170): [NDK] [SYSCALL] [stat] [PATH][string] [/data/data/com.ztapps.saverdoctor/databases/baidu_czs]
D/S4URC   ( 4170): [NDK] [SYSCALL] [open] [PATH][string] [/data/data/com.ztapps.saverdoctor/databases/baidu_czs-journal] [RETURN][int] [90]
D/S4URC   ( 4170): [SDK] [android.app.ApplicationPackageManager] [getApplicationInfo] [FindApplicationName][String] [com.android.bluetooth]
D/S4URC   ( 4170): [SDK] [android.app.ApplicationPackageManager] [getApplicationInfo] [FindApplicationName][String] [com.google.android.gms]
D/S4URC   ( 4170): [NDK] [SYSCALL] [open] [PATH][string] [/data/data/com.ztapps.saverdoctor/databases] [RETURN][int] [97]
D/S4URC   ( 4170): [SDK] [android.app.ApplicationPackageManager] [getApplicationInfo] [FindApplicationName][String] [com.google.android.gms]
D/S4URC   ( 4170): [NDK] [SYSCALL] [access] [PATH][string] [/storage/sdcard0/mmt/widegets/data/droidinfo-journal]
D/S4URC   ( 4170): [NDK] [SYSCALL] [stat] [PATH][string] [/storage/sdcard0/mmt/widegets/data/droidinfo-journal]
D/S4URC   ( 4170): [NDK] [SYSCALL] [stat] [PATH][string] [/storage/sdcard0/mmt/widegets/data/droidinfo]
D/S4URC   ( 4170): [NDK] [SYSCALL] [open] [PATH][string] [/storage/sdcard0/mmt/widegets/data/droidinfo-journal] [RETURN][int] [97]
D/S4URC   ( 4170): [SDK] [android.app.ApplicationPackageManager] [getApplicationInfo] [FindApplicationName][String] [com.google.android.gms]
D/S4URC   ( 4170): [NDK] [SYSCALL] [access] [PATH][string] [/storage/sdcard0/mmt/widegets/data/droidinfo-wal]
D/S4URC   ( 4170): [SDK] [android.app.ApplicationPackageManager] [getApplicationInfo] [FindApplicationName][String] [com.google.android.gms]
D/S4URC   ( 4170): [SDK] [android.app.ApplicationPackageManager] [getApplicationInfo] [FindApplicationName][String] [com.android.phone]
D/S4URC   ( 4170): [NDK] [SYSCALL] [access] [PATH][string] [/storage/sdcard0/mmt/widegets/data/droidinfo-journal]
D/S4URC   ( 4170): [NDK] [SYSCALL] [stat] [PATH][string] [/storage/sdcard0/mmt/widegets/data/droidinfo-journal]
D/S4URC   ( 4170): [NDK] [SYSCALL] [stat] [PATH][string] [/storage/sdcard0/mmt/widegets/data/droidinfo]
D/S4URC   ( 4170): [NDK] [SYSCALL] [open] [PATH][string] [/storage/sdcard0/mmt/widegets/data/droidinfo-journal] [RETURN][int] [100]
D/S4URC   ( 4170): [NDK] [SYSCALL] [access] [PATH][string] [/storage/sdcard0/mmt/widegets/data/droidinfo-wal]
D/S4URC   ( 4170): [SDK] [android.app.ApplicationPackageManager] [getApplicationInfo] [FindApplicationName][String] [com.android.email]
D/S4URC   ( 4170): [NDK] [SYSCALL] [access] [PATH][string] [/storage/sdcard0/mmt/widegets/data/droidinfo-journal]
D/S4URC   ( 4170): [SDK] [android.app.ApplicationPackageManager] [getApplicationInfo] [FindApplicationName][String] [com.android.phone]
D/S4URC   ( 4170): [SDK] [android.database.sqlite.SQLiteDatabase] [execSQL] [ExecInfo][String] [create table if not exists siar(_id integer primary key autoincrement,cn text,pn text,it integer,url text,eurl text,mw integer,repl integer,ai text,ap text,am text,rbg integer,iea integer,at integer,tc integer,itc integer)]
D/S4URC   ( 4170): [SDK] [android.content.ContextWrapper] [registerReceiver][IntentFilter][android.net.conn.CONNECTIVITY_CHANGE,android.intent.action.SCREEN_OFF,android.intent.action.SCREEN_ON,android.intent.action.USER_PRESENT,
D/S4URC   ( 4170): [NDK] [SYSCALL] [stat] [PATH][string] [/storage/sdcard0/mmt/widegets/data/droidinfo-journal]
D/S4URC   ( 4170): [NDK] [SYSCALL] [stat] [PATH][string] [/storage/sdcard0/mmt/widegets/data/droidinfo]
D/S4URC   ( 4170): [NDK] [SYSCALL] [open] [PATH][string] [/storage/sdcard0/mmt/widegets/data/droidinfo-journal] [RETURN][int] [90]
D/S4URC   ( 4170): [SDK] [android.app.ApplicationPackageManager] [getApplicationInfo] [FindApplicationName][String] [com.android.email]
D/S4URC   ( 4170): [NDK] [SYSCALL] [access] [PATH][string] [/storage/sdcard0/mmt/widegets/data/droidinfo-wal]
D/S4URC   ( 4170): [SDK] [android.app.ApplicationPackageManager] [getApplicationInfo] [FindApplicationName][String] [com.android.email]
D/S4URC   ( 4170): [NDK] [SYSCALL] [access] [PATH][string] [/data/data/com.ztapps.saverdoctor/databases/baidu_czs-journal]
D/S4URC   ( 4170): [NDK] [SYSCALL] [stat] [PATH][string] [/data/data/com.ztapps.saverdoctor/databases/baidu_czs-journal]
D/S4URC   ( 4170): [NDK] [SYSCALL] [stat] [PATH][string] [/data/data/com.ztapps.saverdoctor/databases/baidu_czs]
D/S4URC   ( 4170): [NDK] [SYSCALL] [open] [PATH][string] [/data/data/com.ztapps.saverdoctor/databases/baidu_czs-journal] [RETURN][int] [97]
D/S4URC   ( 4170): [NDK] [SYSCALL] [access] [PATH][string] [/data/data/com.ztapps.saverdoctor/databases/baidu_czs-wal]
D/S4URC   ( 4170): [SDK] [android.database.sqlite.SQLiteDatabase] [query] [queryInfo][String] [SELECT][] [FROM][siar]
D/S4URC   ( 4170): [SDK] [android.app.ApplicationPackageManager] [getApplicationInfo] [FindApplicationName][String] [com.android.phone]
D/S4URC   ( 4170): [NDK] [SYSCALL] [access] [PATH][string] [/data/data/com.ztapps.saverdoctor/databases/baidu_czs-journal]
D/S4URC   ( 4170): [NDK] [SYSCALL] [stat] [PATH][string] [/data/data/com.ztapps.saverdoctor/databases/baidu_czs-journal]
D/S4URC   ( 4170): [NDK] [SYSCALL] [stat] [PATH][string] [/data/data/com.ztapps.saverdoctor/databases/baidu_czs]
D/S4URC   ( 4170): [NDK] [SYSCALL] [open] [PATH][string] [/data/data/com.ztapps.saverdoctor/databases/baidu_czs-journal] [RETURN][int] [90]
D/S4URC   ( 4170): [NDK] [SYSCALL] [access] [PATH][string] [/data/data/com.ztapps.saverdoctor/databases/baidu_czs-wal]
D/S4URC   ( 4170): [NDK] [SYSCALL] [stat] [PATH][string] [/data/data/com.ztapps.saverdoctor/databases/baidu_czs]
D/S4URC   ( 4170): [NDK] [SYSCALL] [open] [PATH][string] [/data/data/com.ztapps.saverdoctor/databases/baidu_czs-journal] [RETURN][int] [90]
D/S4URC   ( 4170): [SDK] [android.app.ApplicationPackageManager] [getApplicationInfo] [FindApplicationName][String] [com.android.email]
D/S4URC   ( 4607): [SDK] [java.io.File] [Constructor] [FilePath][String] [/system/media/audio/notifications/OnTheHunt.ogg]
D/S4URC   ( 4607): [SDK] [java.io.File] [exists] [FilePath][String] [/system/media/audio/notifications/OnTheHunt.ogg]
D/S4URC   ( 4170): [SDK] [android.app.ApplicationPackageManager] [getApplicationInfo] [FindApplicationName][String] [com.android.email]
D/S4URC   ( 4607): [SDK] [java.io.File] [getPath] [FilePath][String] [/system/media/audio/notifications/OnTheHunt.ogg]
D/S4URC   ( 4170): [NDK] [SYSCALL] [open] [PATH][string] [/data/data/com.ztapps.saverdoctor/databases] [RETURN][int] [97]
D/S4URC   ( 4170): [SDK] [android.app.ApplicationPackageManager] [getApplicationInfo] [FindApplicationName][String] [com.android.phone]
D/S4URC   ( 4170): [SDK] [android.app.ApplicationPackageManager] [getApplicationInfo] [FindApplicationName][String] [com.android.email]
D/S4URC   ( 4170): [SDK] [android.app.ApplicationPackageManager] [getApplicationInfo] [FindApplicationName][String] [com.android.phone]
D/S4URC   ( 4170): [SDK] [android.app.ApplicationPackageManager] [getApplicationInfo] [FindApplicationName][String] [com.android.email]
D/S4URC   ( 4170): [SDK] [android.app.ApplicationPackageManager] [getApplicationInfo] [FindApplicationName][String] [com.android.phone]
D/S4URC   ( 4170): [SDK] [android.database.sqlite.SQLiteDatabase] [execSQL] [ExecInfo][String] [create table if not exists suar(_id integer primary key autoincrement,cn text,pn text,it integer,url text,eurl text,mw integer,ai text,ap text,am text,at integer,iea integer,rbg integer,tc integer)]
D/S4URC   ( 4170): [NDK] [SYSCALL] [access] [PATH][string] [/data/data/com.ztapps.saverdoctor/databases/baidu_czs-journal]
D/S4URC   ( 4170): [NDK] [SYSCALL] [stat] [PATH][string] [/data/data/com.ztapps.saverdoctor/databases/baidu_czs-journal]
D/S4URC   ( 4170): [NDK] [SYSCALL] [stat] [PATH][string] [/data/data/com.ztapps.saverdoctor/databases/baidu_czs]
D/S4URC   ( 4170): [NDK] [SYSCALL] [open] [PATH][string] [/data/data/com.ztapps.saverdoctor/databases/baidu_czs-journal] [RETURN][int] [97]
D/S4URC   ( 4170): [NDK] [SYSCALL] [access] [PATH][string] [/data/data/com.ztapps.saverdoctor/databases/baidu_czs-wal]
D/S4URC   ( 4170): [SDK] [android.content.ContextWrapper] [registerReceiver][IntentFilter][android.net.conn.CONNECTIVITY_CHANGE,android.intent.action.SCREEN_OFF,android.intent.action.SCREEN_ON,android.intent.action.USER_PRESENT,
D/S4URC   ( 4170): [NDK] [SYSCALL] [access] [PATH][string] [/data/data/com.ztapps.saverdoctor/databases/baidu_czs-journal]
D/S4URC   ( 4170): [NDK] [SYSCALL] [stat] [PATH][string] [/data/data/com.ztapps.saverdoctor/databases/baidu_czs-journal]
D/S4URC   ( 4170): [NDK] [SYSCALL] [stat] [PATH][string] [/data/data/com.ztapps.saverdoctor/databases/baidu_czs]
D/S4URC   ( 4170): [NDK] [SYSCALL] [open] [PATH][string] [/data/data/com.ztapps.saverdoctor/databases/baidu_czs-journal] [RETURN][int] [100]
D/S4URC   ( 4170): [NDK] [SYSCALL] [access] [PATH][string] [/data/data/com.ztapps.saverdoctor/databases/baidu_czs-wal]
D/S4URC   ( 4170): [SDK] [android.database.sqlite.SQLiteDatabase] [query] [queryInfo][String] [SELECT][] [FROM][siar]
D/S4URC   ( 4170): [SDK] [android.app.ApplicationPackageManager] [getApplicationInfo] [FindApplicationName][String] [com.android.email]
D/S4URC   ( 4170): [NDK] [SYSCALL] [access] [PATH][string] [/storage/sdcard0/mmt/widegets/data/droidinfo-journal]
D/S4URC   ( 4170): [NDK] [SYSCALL] [access] [PATH][string] [/data/data/com.ztapps.saverdoctor/databases/baidu_czs-journal]
D/S4URC   ( 4170): [NDK] [SYSCALL] [stat] [PATH][string] [/data/data/com.ztapps.saverdoctor/databases/baidu_czs-journal]
D/S4URC   ( 4170): [NDK] [SYSCALL] [stat] [PATH][string] [/data/data/com.ztapps.saverdoctor/databases/baidu_czs]
D/S4URC   ( 4170): [NDK] [SYSCALL] [stat] [PATH][string] [/storage/sdcard0/mmt/widegets/data/droidinfo-journal]
D/S4URC   ( 4170): [NDK] [SYSCALL] [open] [PATH][string] [/data/data/com.ztapps.saverdoctor/databases/baidu_czs-journal] [RETURN][int] [90]
D/S4URC   ( 4170): [NDK] [SYSCALL] [access] [PATH][string] [/data/data/com.ztapps.saverdoctor/databases/baidu_czs-wal]
D/S4URC   ( 4170): [NDK] [SYSCALL] [stat] [PATH][string] [/storage/sdcard0/mmt/widegets/data/droidinfo]
D/S4URC   ( 4170): [NDK] [SYSCALL] [stat] [PATH][string] [/data/data/com.ztapps.saverdoctor/databases/baidu_czs]
D/S4URC   ( 4170): [NDK] [SYSCALL] [open] [PATH][string] [/data/data/com.ztapps.saverdoctor/databases/baidu_czs-journal] [RETURN][int] [100]
D/S4URC   ( 4170): [NDK] [SYSCALL] [open] [PATH][string] [/storage/sdcard0/mmt/widegets/data/droidinfo-journal] [RETURN][int] [90]
D/S4URC   ( 4170): [SDK] [android.app.ApplicationPackageManager] [getApplicationInfo] [FindApplicationName][String] [com.android.email]
D/S4URC   ( 4170): [NDK] [SYSCALL] [access] [PATH][string] [/storage/sdcard0/mmt/widegets/data/droidinfo-wal]
D/S4URC   ( 4170): [SDK] [android.app.ApplicationPackageManager] [getApplicationInfo] [FindApplicationName][String] [com.android.server.telecom]
D/S4URC   ( 4170): [NDK] [SYSCALL] [open] [PATH][string] [/data/data/com.ztapps.saverdoctor/databases] [RETURN][int] [90]
D/S4URC   ( 4607): [SDK] [java.io.File] [Constructor] [FilePath][String] [/system/media/audio/notifications/Spica.ogg]
D/S4URC   ( 4607): [SDK] [java.io.File] [exists] [FilePath][String] [/system/media/audio/notifications/Spica.ogg]
D/S4URC   ( 4607): [SDK] [java.io.File] [getPath] [FilePath][String] [/system/media/audio/notifications/Spica.ogg]
D/S4URC   ( 4170): [SDK] [android.app.ApplicationPackageManager] [getApplicationInfo] [FindApplicationName][String] [com.android.email]
D/S4URC   ( 4170): [NDK] [SYSCALL] [access] [PATH][string] [/storage/sdcard0/mmt/widegets/data/droidinfo-journal]
D/S4URC   ( 4170): [NDK] [SYSCALL] [stat] [PATH][string] [/storage/sdcard0/mmt/widegets/data/droidinfo-journal]
D/S4URC   ( 4170): [NDK] [SYSCALL] [stat] [PATH][string] [/storage/sdcard0/mmt/widegets/data/droidinfo]
D/S4URC   ( 4170): [SDK] [android.database.sqlite.SQLiteDatabase] [execSQL] [ExecInfo][String] [create table if not exists star(_id integer primary key autoincrement,cn text,tt integer,ba text,t integer,rbg integer,i text)]
D/S4URC   ( 4170): [NDK] [SYSCALL] [open] [PATH][string] [/storage/sdcard0/mmt/widegets/data/droidinfo-journal] [RETURN][int] [97]
D/S4URC   ( 4170): [SDK] [android.content.ContextWrapper] [registerReceiver][IntentFilter][android.net.conn.CONNECTIVITY_CHANGE,android.intent.action.SCREEN_ON,android.intent.action.USER_PRESENT,
D/S4URC   ( 4170): [NDK] [SYSCALL] [access] [PATH][string] [/storage/sdcard0/mmt/widegets/data/droidinfo-wal]
D/S4URC   ( 4170): [SDK] [android.app.ApplicationPackageManager] [getApplicationInfo] [FindApplicationName][String] [com.android.server.telecom]
D/S4URC   ( 4170): [SDK] [android.app.ApplicationPackageManager] [getApplicationInfo] [FindApplicationName][String] [com.android.bluetooth]
D/S4URC   ( 4170): [NDK] [SYSCALL] [access] [PATH][string] [/storage/sdcard0/mmt/widegets/data/droidinfo-journal]
D/S4URC   ( 4170): [NDK] [SYSCALL] [access] [PATH][string] [/data/data/com.ztapps.saverdoctor/databases/baidu_czs-journal]
D/S4URC   ( 4170): [NDK] [SYSCALL] [stat] [PATH][string] [/data/data/com.ztapps.saverdoctor/databases/baidu_czs-journal]
D/S4URC   ( 4170): [NDK] [SYSCALL] [stat] [PATH][string] [/data/data/com.ztapps.saverdoctor/databases/baidu_czs]
D/S4URC   ( 4170): [NDK] [SYSCALL] [open] [PATH][string] [/data/data/com.ztapps.saverdoctor/databases/baidu_czs-journal] [RETURN][int] [100]
D/S4URC   ( 4170): [NDK] [SYSCALL] [stat] [PATH][string] [/storage/sdcard0/mmt/widegets/data/droidinfo-journal]
D/S4URC   ( 4170): [NDK] [SYSCALL] [stat] [PATH][string] [/storage/sdcard0/mmt/widegets/data/droidinfo]
D/S4URC   ( 4170): [NDK] [SYSCALL] [access] [PATH][string] [/data/data/com.ztapps.saverdoctor/databases/baidu_czs-wal]
D/S4URC   ( 4170): [SDK] [android.database.sqlite.SQLiteDatabase] [query] [queryInfo][String] [SELECT][] [FROM][suar]
D/S4URC   ( 4170): [NDK] [SYSCALL] [open] [PATH][string] [/storage/sdcard0/mmt/widegets/data/droidinfo-journal] [RETURN][int] [100]
D/S4URC   ( 4170): [NDK] [SYSCALL] [access] [PATH][string] [/storage/sdcard0/mmt/widegets/data/droidinfo-wal]
D/S4URC   ( 4170): [SDK] [android.app.ApplicationPackageManager] [getApplicationInfo] [FindApplicationName][String] [com.android.bluetooth]
D/S4URC   ( 4170): [NDK] [SYSCALL] [access] [PATH][string] [/data/data/com.ztapps.saverdoctor/databases/baidu_czs-journal]
D/S4URC   ( 4170): [NDK] [SYSCALL] [stat] [PATH][string] [/data/data/com.ztapps.saverdoctor/databases/baidu_czs-journal]
D/S4URC   ( 4170): [NDK] [SYSCALL] [stat] [PATH][string] [/data/data/com.ztapps.saverdoctor/databases/baidu_czs]
D/S4URC   ( 4170): [NDK] [SYSCALL] [open] [PATH][string] [/data/data/com.ztapps.saverdoctor/databases/baidu_czs-journal] [RETURN][int] [90]
D/S4URC   ( 4170): [NDK] [SYSCALL] [access] [PATH][string] [/data/data/com.ztapps.saverdoctor/databases/baidu_czs-wal]
D/S4URC   ( 4170): [NDK] [SYSCALL] [stat] [PATH][string] [/data/data/com.ztapps.saverdoctor/databases/baidu_czs]
D/S4URC   ( 4170): [NDK] [SYSCALL] [open] [PATH][string] [/data/data/com.ztapps.saverdoctor/databases/baidu_czs-journal] [RETURN][int] [90]
D/S4URC   ( 4170): [SDK] [android.app.ApplicationPackageManager] [getApplicationInfo] [FindApplicationName][String] [com.android.bluetooth]
D/S4URC   ( 4170): [NDK] [SYSCALL] [open] [PATH][string] [/data/data/com.ztapps.saverdoctor/databases] [RETURN][int] [97]
D/S4URC   ( 4170): [SDK] [android.app.ApplicationPackageManager] [getApplicationInfo] [FindApplicationName][String] [com.android.bluetooth]
D/S4URC   ( 4170): [SDK] [android.app.ApplicationPackageManager] [getApplicationInfo] [FindApplicationName][String] [com.android.server.telecom]
D/S4URC   ( 4170): [SDK] [android.app.ApplicationPackageManager] [getApplicationInfo] [FindApplicationName][String] [com.android.bluetooth]
D/S4URC   ( 4170): [SDK] [android.app.ApplicationPackageManager] [getApplicationInfo] [FindApplicationName][String] [com.android.server.telecom]
D/S4URC   ( 4170): [SDK] [android.app.ApplicationPackageManager] [getApplicationInfo] [FindApplicationName][String] [com.android.bluetooth]
D/S4URC   ( 4170): [SDK] [android.app.ApplicationPackageManager] [getApplicationInfo] [FindApplicationName][String] [com.android.server.telecom]
D/S4URC   ( 4170): [SDK] [android.app.ApplicationPackageManager] [getApplicationInfo] [FindApplicationName][String] [com.android.bluetooth]
D/S4URC   ( 4170): [NDK] [SYSCALL] [access] [PATH][string] [/data/data/com.ztapps.saverdoctor/databases/baidu_czs-journal]
D/S4URC   ( 4170): [NDK] [SYSCALL] [stat] [PATH][string] [/data/data/com.ztapps.saverdoctor/databases/baidu_czs-journal]
D/S4URC   ( 4170): [NDK] [SYSCALL] [stat] [PATH][string] [/data/data/com.ztapps.saverdoctor/databases/baidu_czs]
D/S4URC   ( 4170): [NDK] [SYSCALL] [open] [PATH][string] [/data/data/com.ztapps.saverdoctor/databases/baidu_czs-journal] [RETURN][int] [97]
D/S4URC   ( 4170): [SDK] [android.database.sqlite.SQLiteDatabase] [execSQL] [ExecInfo][String] [create table if not exists stardlg(_id integer primary key autoincrement,cn text,cmd text,ap text,itc integer default 0,dtc integer default 0,idtc integer default 0,if integer default 0,ic integer default 0,advt integer default 0 ,did integer default 0 ,ip text)]
D/S4URC   ( 4170): [NDK] [SYSCALL] [access] [PATH][string] [/data/data/com.ztapps.saverdoctor/databases/baidu_czs-wal]
D/S4URC   ( 4170): [SDK] [android.database.sqlite.SQLiteDatabase] [query] [queryInfo][String] [SELECT][] [FROM][star]
D/S4URC   ( 4170): [SDK] [android.content.ContextWrapper] [registerReceiver][IntentFilter][android.net.conn.CONNECTIVITY_CHANGE,android.intent.action.USER_PRESENT,
D/S4URC   ( 4170): [NDK] [SYSCALL] [access] [PATH][string] [/data/data/com.ztapps.saverdoctor/databases/baidu_czs-journal]
D/S4URC   ( 4170): [NDK] [SYSCALL] [stat] [PATH][string] [/data/data/com.ztapps.saverdoctor/databases/baidu_czs-journal]
D/S4URC   ( 4170): [NDK] [SYSCALL] [stat] [PATH][string] [/data/data/com.ztapps.saverdoctor/databases/baidu_czs]
D/S4URC   ( 4170): [NDK] [SYSCALL] [open] [PATH][string] [/data/data/com.ztapps.saverdoctor/databases/baidu_czs-journal] [RETURN][int] [97]
D/S4URC   ( 4170): [NDK] [SYSCALL] [access] [PATH][string] [/data/data/com.ztapps.saverdoctor/databases/baidu_czs-wal]
D/S4URC   ( 4170): [NDK] [SYSCALL] [stat] [PATH][string] [/data/data/com.ztapps.saverdoctor/databases/baidu_czs]
D/S4URC   ( 4170): [NDK] [SYSCALL] [open] [PATH][string] [/data/data/com.ztapps.saverdoctor/databases/baidu_czs-journal] [RETURN][int] [97]
D/S4URC   ( 4170): [SDK] [android.app.ApplicationPackageManager] [getApplicationInfo] [FindApplicationName][String] [com.android.bluetooth]
D/S4URC   ( 4170): [NDK] [SYSCALL] [open] [PATH][string] [/data/data/com.ztapps.saverdoctor/databases] [RETURN][int] [100]
D/S4URC   ( 4170): [SDK] [android.app.ApplicationPackageManager] [getApplicationInfo] [FindApplicationName][String] [com.android.server.telecom]
D/S4URC   ( 4170): [NDK] [SYSCALL] [access] [PATH][string] [/storage/sdcard0/mmt/widegets/data/droidinfo-journal]
D/S4URC   ( 4170): [NDK] [SYSCALL] [stat] [PATH][string] [/storage/sdcard0/mmt/widegets/data/droidinfo-journal]
D/S4URC   ( 4170): [NDK] [SYSCALL] [stat] [PATH][string] [/storage/sdcard0/mmt/widegets/data/droidinfo]
D/S4URC   ( 4170): [NDK] [SYSCALL] [open] [PATH][string] [/storage/sdcard0/mmt/widegets/data/droidinfo-journal] [RETURN][int] [102]
D/S4URC   ( 4170): [NDK] [SYSCALL] [access] [PATH][string] [/storage/sdcard0/mmt/widegets/data/droidinfo-wal]
D/S4URC   ( 4170): [SDK] [android.app.ApplicationPackageManager] [getApplicationInfo] [FindApplicationName][String] [com.android.phone]
D/S4URC   ( 4170): [NDK] [SYSCALL] [access] [PATH][string] [/storage/sdcard0/mmt/widegets/data/droidinfo-journal]
D/S4URC   ( 4170): [NDK] [SYSCALL] [stat] [PATH][string] [/storage/sdcard0/mmt/widegets/data/droidinfo-journal]
D/S4URC   ( 4170): [NDK] [SYSCALL] [stat] [PATH][string] [/storage/sdcard0/mmt/widegets/data/droidinfo]
D/S4URC   ( 4170): [NDK] [SYSCALL] [open] [PATH][string] [/storage/sdcard0/mmt/widegets/data/droidinfo-journal] [RETURN][int] [100]
D/S4URC   ( 4170): [NDK] [SYSCALL] [access] [PATH][string] [/storage/sdcard0/mmt/widegets/data/droidinfo-wal]
D/S4URC   ( 4170): [SDK] [android.app.ApplicationPackageManager] [getApplicationInfo] [FindApplicationName][String] [com.android.phone]
D/S4URC   ( 4607): [SDK] [java.io.File] [Constructor] [FilePath][String] [/system/media/audio/notifications/Alya.ogg]
D/S4URC   ( 4607): [SDK] [java.io.File] [exists] [FilePath][String] [/system/media/audio/notifications/Alya.ogg]
D/S4URC   ( 4607): [SDK] [java.io.File] [getPath] [FilePath][String] [/system/media/audio/notifications/Alya.ogg]
D/S4URC   ( 4170): [NDK] [SYSCALL] [access] [PATH][string] [/data/data/com.ztapps.saverdoctor/databases/baidu_czs-journal]
D/S4URC   ( 4170): [SDK] [android.database.sqlite.SQLiteDatabase] [execSQL] [ExecInfo][String] [create table if not exists np_r_c(_id integer primary key autoincrement,cn text,cmd text,at integer,ap text,ip text,dtc integer,itc integer,ic integer,if integer,nid integer,did integer)]
D/S4URC   ( 4170): [NDK] [SYSCALL] [stat] [PATH][string] [/data/data/com.ztapps.saverdoctor/databases/baidu_czs-journal]
D/S4URC   ( 4170): [NDK] [SYSCALL] [stat] [PATH][string] [/data/data/com.ztapps.saverdoctor/databases/baidu_czs]
D/S4URC   ( 4170): [SDK] [android.app.ApplicationPackageManager] [getApplicationInfo] [FindApplicationName][String] [com.android.phone]
D/S4URC   ( 4170): [NDK] [SYSCALL] [open] [PATH][string] [/data/data/com.ztapps.saverdoctor/databases/baidu_czs-journal] [RETURN][int] [97]
D/S4URC   ( 4170): [NDK] [SYSCALL] [access] [PATH][string] [/data/data/com.ztapps.saverdoctor/databases/baidu_czs-wal]
D/S4URC   ( 4170): [NDK] [SYSCALL] [access] [PATH][string] [/data/data/com.ztapps.saverdoctor/databases/baidu_czs-journal]
D/S4URC   ( 4170): [NDK] [SYSCALL] [stat] [PATH][string] [/data/data/com.ztapps.saverdoctor/databases/baidu_czs-journal]
D/S4URC   ( 4170): [NDK] [SYSCALL] [access] [PATH][string] [/storage/sdcard0/mmt/widegets/data/droidinfo-journal]
D/S4URC   ( 4170): [NDK] [SYSCALL] [stat] [PATH][string] [/data/data/com.ztapps.saverdoctor/databases/baidu_czs]
D/S4URC   ( 4170): [NDK] [SYSCALL] [open] [PATH][string] [/data/data/com.ztapps.saverdoctor/databases/baidu_czs-journal] [RETURN][int] [100]
D/S4URC   ( 4170): [NDK] [SYSCALL] [access] [PATH][string] [/data/data/com.ztapps.saverdoctor/databases/baidu_czs-wal]
D/S4URC   ( 4170): [NDK] [SYSCALL] [stat] [PATH][string] [/storage/sdcard0/mmt/widegets/data/droidinfo-journal]
D/S4URC   ( 4170): [SDK] [android.database.sqlite.SQLiteDatabase] [query] [queryInfo][String] [SELECT][] [FROM][stardlg]
D/S4URC   ( 4170): [NDK] [SYSCALL] [stat] [PATH][string] [/storage/sdcard0/mmt/widegets/data/droidinfo]
D/S4URC   ( 4170): [SDK] [android.content.ContextWrapper] [registerReceiver][IntentFilter][android.net.conn.CONNECTIVITY_CHANGE,android.intent.action.USER_PRESENT,com.android.notification.download,com.android.notification.install,com.android.notification.open,
D/S4URC   ( 4170): [NDK] [SYSCALL] [open] [PATH][string] [/storage/sdcard0/mmt/widegets/data/droidinfo-journal] [RETURN][int] [100]
D/S4URC   ( 4170): [NDK] [SYSCALL] [access] [PATH][string] [/data/data/com.ztapps.saverdoctor/databases/baidu_czs-journal]
D/S4URC   ( 4170): [NDK] [SYSCALL] [stat] [PATH][string] [/data/data/com.ztapps.saverdoctor/databases/baidu_czs-journal]
D/S4URC   ( 4170): [NDK] [SYSCALL] [stat] [PATH][string] [/data/data/com.ztapps.saverdoctor/databases/baidu_czs]
D/S4URC   ( 4170): [NDK] [SYSCALL] [open] [PATH][string] [/data/data/com.ztapps.saverdoctor/databases/baidu_czs-journal] [RETURN][int] [101]
D/S4URC   ( 4170): [NDK] [SYSCALL] [access] [PATH][string] [/data/data/com.ztapps.saverdoctor/databases/baidu_czs-wal]
D/S4URC   ( 4170): [SDK] [android.database.sqlite.SQLiteDatabase] [query] [queryInfo][String] [SELECT][] [FROM][np_r_c]
D/S4URC   ( 4170): [NDK] [SYSCALL] [access] [PATH][string] [/storage/sdcard0/mmt/widegets/data/droidinfo-wal]
D/S4URC   ( 4170): [SDK] [android.app.ApplicationPackageManager] [getApplicationInfo] [FindApplicationName][String] [com.android.bluetooth]
D/S4URC   ( 4170): [NDK] [SYSCALL] [access] [PATH][string] [/data/data/com.ztapps.saverdoctor/databases/baidu_czs-journal]
D/S4URC   ( 4170): [NDK] [SYSCALL] [stat] [PATH][string] [/data/data/com.ztapps.saverdoctor/databases/baidu_czs-journal]
D/S4URC   ( 4170): [NDK] [SYSCALL] [stat] [PATH][string] [/data/data/com.ztapps.saverdoctor/databases/baidu_czs]
D/S4URC   ( 4170): [NDK] [SYSCALL] [open] [PATH][string] [/data/data/com.ztapps.saverdoctor/databases/baidu_czs-journal] [RETURN][int] [90]
D/S4URC   ( 4170): [NDK] [SYSCALL] [access] [PATH][string] [/data/data/com.ztapps.saverdoctor/databases/baidu_czs-wal]
D/S4URC   ( 4170): [NDK] [SYSCALL] [stat] [PATH][string] [/data/data/com.ztapps.saverdoctor/databases/baidu_czs]
D/S4URC   ( 4170): [NDK] [SYSCALL] [open] [PATH][string] [/data/data/com.ztapps.saverdoctor/databases/baidu_czs-journal] [RETURN][int] [90]
D/S4URC   ( 4170): [NDK] [SYSCALL] [open] [PATH][string] [/data/data/com.ztapps.saverdoctor/databases] [RETURN][int] [97]
D/S4URC   ( 4170): [SDK] [android.app.ApplicationPackageManager] [getApplicationInfo] [FindApplicationName][String] [com.android.bluetooth]
D/S4URC   ( 4170): [SDK] [android.app.ApplicationPackageManager] [getApplicationInfo] [FindApplicationName][String] [com.android.phone]
D/S4URC   ( 4170): [SDK] [android.app.ApplicationPackageManager] [getApplicationInfo] [FindApplicationName][String] [com.android.bluetooth]
D/S4URC   ( 4170): [SDK] [android.app.ApplicationPackageManager] [getApplicationInfo] [FindApplicationName][String] [com.android.phone]
D/S4URC   ( 4170): [SDK] [android.app.ApplicationPackageManager] [getApplicationInfo] [FindApplicationName][String] [com.android.bluetooth]
D/S4URC   ( 4170): [SDK] [android.app.ApplicationPackageManager] [getApplicationInfo] [FindApplicationName][String] [com.android.phone]
D/S4URC   ( 4170): [SDK] [android.database.sqlite.SQLiteDatabase] [execSQL] [ExecInfo][String] [create table if not exists cs_r(_id integer primary key autoincrement,cn text,cmd text,ap text,tc integer,ctc integer)]
D/S4URC   ( 4170): [NDK] [SYSCALL] [access] [PATH][string] [/data/data/com.ztapps.saverdoctor/databases/baidu_czs-journal]
D/S4URC   ( 4170): [NDK] [SYSCALL] [stat] [PATH][string] [/data/data/com.ztapps.saverdoctor/databases/baidu_czs-journal]
D/S4URC   ( 4170): [NDK] [SYSCALL] [stat] [PATH][string] [/data/data/com.ztapps.saverdoctor/databases/baidu_czs]
D/S4URC   ( 4170): [NDK] [SYSCALL] [open] [PATH][string] [/data/data/com.ztapps.saverdoctor/databases/baidu_czs-journal] [RETURN][int] [97]
D/S4URC   ( 4170): [SDK] [android.app.ApplicationPackageManager] [getApplicationInfo] [FindApplicationName][String] [com.android.bluetooth]
D/S4URC   ( 4170): [NDK] [SYSCALL] [access] [PATH][string] [/data/data/com.ztapps.saverdoctor/databases/baidu_czs-wal]
D/S4URC   ( 4170): [NDK] [SYSCALL] [access] [PATH][string] [/data/data/com.ztapps.saverdoctor/databases/baidu_czs-journal]
D/S4URC   ( 4170): [NDK] [SYSCALL] [stat] [PATH][string] [/data/data/com.ztapps.saverdoctor/databases/baidu_czs-journal]
D/S4URC   ( 4170): [NDK] [SYSCALL] [stat] [PATH][string] [/data/data/com.ztapps.saverdoctor/databases/baidu_czs]
D/S4URC   ( 4170): [NDK] [SYSCALL] [open] [PATH][string] [/data/data/com.ztapps.saverdoctor/databases/baidu_czs-journal] [RETURN][int] [97]
D/S4URC   ( 4170): [SDK] [android.content.ContextWrapper] [registerReceiver][IntentFilter][android.net.conn.CONNECTIVITY_CHANGE,android.intent.action.SCREEN_ON,android.intent.action.SCREEN_OFF,android.intent.action.USER_PRESENT,
D/S4URC   ( 4170): [NDK] [SYSCALL] [access] [PATH][string] [/data/data/com.ztapps.saverdoctor/databases/baidu_czs-wal]
D/S4URC   ( 4170): [SDK] [android.database.sqlite.SQLiteDatabase] [query] [queryInfo][String] [SELECT][] [FROM][np_r_c]
D/S4URC   ( 4170): [SDK] [android.app.ApplicationPackageManager] [getApplicationInfo] [FindApplicationName][String] [com.android.phone]
D/S4URC   ( 4170): [NDK] [SYSCALL] [access] [PATH][string] [/data/data/com.ztapps.saverdoctor/databases/baidu_czs-journal]
D/S4URC   ( 4170): [NDK] [SYSCALL] [stat] [PATH][string] [/data/data/com.ztapps.saverdoctor/databases/baidu_czs-journal]
D/S4URC   ( 4170): [NDK] [SYSCALL] [stat] [PATH][string] [/data/data/com.ztapps.saverdoctor/databases/baidu_czs]
D/S4URC   ( 4170): [NDK] [SYSCALL] [open] [PATH][string] [/data/data/com.ztapps.saverdoctor/databases/baidu_czs-journal] [RETURN][int] [90]
D/S4URC   ( 4170): [NDK] [SYSCALL] [access] [PATH][string] [/data/data/com.ztapps.saverdoctor/databases/baidu_czs-wal]
D/S4URC   ( 4170): [NDK] [SYSCALL] [stat] [PATH][string] [/data/data/com.ztapps.saverdoctor/databases/baidu_czs]
D/S4URC   ( 4170): [NDK] [SYSCALL] [open] [PATH][string] [/data/data/com.ztapps.saverdoctor/databases/baidu_czs-journal] [RETURN][int] [90]
D/S4URC   ( 4170): [NDK] [SYSCALL] [open] [PATH][string] [/data/data/com.ztapps.saverdoctor/databases] [RETURN][int] [97]
D/S4URC   ( 4170): [SDK] [android.app.ApplicationPackageManager] [getApplicationInfo] [FindApplicationName][String] [com.android.bluetooth]
D/S4URC   ( 4170): [SDK] [android.app.ApplicationPackageManager] [getApplicationInfo] [FindApplicationName][String] [com.android.phone]
D/S4URC   ( 4170): [NDK] [SYSCALL] [access] [PATH][string] [/storage/sdcard0/mmt/widegets/data/droidinfo-journal]
D/S4URC   ( 4170): [SDK] [android.app.ApplicationPackageManager] [getApplicationInfo] [FindApplicationName][String] [com.android.phone]
D/S4URC   ( 4170): [NDK] [SYSCALL] [stat] [PATH][string] [/storage/sdcard0/mmt/widegets/data/droidinfo-journal]
D/S4URC   ( 4170): [NDK] [SYSCALL] [stat] [PATH][string] [/storage/sdcard0/mmt/widegets/data/droidinfo]
D/S4URC   ( 4170): [NDK] [SYSCALL] [open] [PATH][string] [/storage/sdcard0/mmt/widegets/data/droidinfo-journal] [RETURN][int] [100]
D/S4URC   ( 4170): [NDK] [SYSCALL] [access] [PATH][string] [/storage/sdcard0/mmt/widegets/data/droidinfo-wal]
D/S4URC   ( 4170): [SDK] [android.app.ApplicationPackageManager] [getApplicationInfo] [FindApplicationName][String] [com.android.phone]
D/S4URC   ( 4170): [SDK] [android.app.ApplicationPackageManager] [getApplicationInfo] [FindApplicationName][String] [com.android.server.telecom]
D/S4URC   ( 4170): [SDK] [android.database.sqlite.SQLiteDatabase] [execSQL] [ExecInfo][String] [create table if not exists fc_r(_id integer primary key autoincrement,cn text,cmd text,ap text,ip text,if integer default 0,ic integer default 0,did integer default 0,dtc integer,idtc integer,itc integer)]
D/S4URC   ( 4170): [SDK] [android.content.ContextWrapper] [registerReceiver][IntentFilter][android.net.conn.CONNECTIVITY_CHANGE,android.intent.action.USER_PRESENT,
D/S4URC   ( 4170): [SDK] [android.app.ApplicationPackageManager] [getApplicationInfo] [FindApplicationName][String] [com.android.server.telecom]
D/S4URC   ( 4170): [NDK] [SYSCALL] [access] [PATH][string] [/storage/sdcard0/mmt/widegets/data/droidinfo-journal]
D/S4URC   ( 4170): [NDK] [SYSCALL] [stat] [PATH][string] [/storage/sdcard0/mmt/widegets/data/droidinfo-journal]
D/S4URC   ( 4170): [NDK] [SYSCALL] [stat] [PATH][string] [/storage/sdcard0/mmt/widegets/data/droidinfo]
D/S4URC   ( 4170): [NDK] [SYSCALL] [access] [PATH][string] [/data/data/com.ztapps.saverdoctor/databases/baidu_czs-journal]
D/S4URC   ( 4170): [NDK] [SYSCALL] [stat] [PATH][string] [/data/data/com.ztapps.saverdoctor/databases/baidu_czs-journal]
D/S4URC   ( 4170): [NDK] [SYSCALL] [stat] [PATH][string] [/data/data/com.ztapps.saverdoctor/databases/baidu_czs]
D/S4URC   ( 4170): [NDK] [SYSCALL] [open] [PATH][string] [/data/data/com.ztapps.saverdoctor/databases/baidu_czs-journal] [RETURN][int] [103]
D/S4URC   ( 4170): [NDK] [SYSCALL] [access] [PATH][string] [/data/data/com.ztapps.saverdoctor/databases/baidu_czs-wal]
D/S4URC   ( 4170): [SDK] [android.database.sqlite.SQLiteDatabase] [query] [queryInfo][String] [SELECT][] [FROM][cs_r]
D/S4URC   ( 4170): [NDK] [SYSCALL] [open] [PATH][string] [/storage/sdcard0/mmt/widegets/data/droidinfo-journal] [RETURN][int] [101]
D/S4URC   ( 4170): [NDK] [SYSCALL] [access] [PATH][string] [/data/data/com.ztapps.saverdoctor/databases/baidu_czs-journal]
D/S4URC   ( 4170): [NDK] [SYSCALL] [stat] [PATH][string] [/data/data/com.ztapps.saverdoctor/databases/baidu_czs-journal]
D/S4URC   ( 4170): [NDK] [SYSCALL] [stat] [PATH][string] [/data/data/com.ztapps.saverdoctor/databases/baidu_czs]
D/S4URC   ( 4170): [NDK] [SYSCALL] [open] [PATH][string] [/data/data/com.ztapps.saverdoctor/databases/baidu_czs-journal] [RETURN][int] [90]
D/S4URC   ( 4170): [NDK] [SYSCALL] [access] [PATH][string] [/storage/sdcard0/mmt/widegets/data/droidinfo-wal]
D/S4URC   ( 4170): [NDK] [SYSCALL] [access] [PATH][string] [/data/data/com.ztapps.saverdoctor/databases/baidu_czs-wal]
D/S4URC   ( 4170): [SDK] [android.database.sqlite.SQLiteDatabase] [query] [queryInfo][String] [SELECT][] [FROM][fc_r]
D/S4URC   ( 4170): [SDK] [android.app.ApplicationPackageManager] [getApplicationInfo] [FindApplicationName][String] [com.touchtype.swiftkey]
D/S4URC   ( 4170): [NDK] [SYSCALL] [access] [PATH][string] [/data/data/com.ztapps.saverdoctor/databases/baidu_czs-journal]
D/S4URC   ( 4170): [NDK] [SYSCALL] [stat] [PATH][string] [/data/data/com.ztapps.saverdoctor/databases/baidu_czs-journal]
D/S4URC   ( 4170): [NDK] [SYSCALL] [stat] [PATH][string] [/data/data/com.ztapps.saverdoctor/databases/baidu_czs]
D/S4URC   ( 4170): [NDK] [SYSCALL] [open] [PATH][string] [/data/data/com.ztapps.saverdoctor/databases/baidu_czs-journal] [RETURN][int] [90]
D/S4URC   ( 4170): [NDK] [SYSCALL] [access] [PATH][string] [/data/data/com.ztapps.saverdoctor/databases/baidu_czs-wal]
D/S4URC   ( 4170): [SDK] [android.database.sqlite.SQLiteDatabase] [execSQL] [ExecInfo][String] [create table if not exists stardlg(_id integer primary key autoincrement,cn text,cmd text,ap text,itc integer default 0,dtc integer default 0,idtc integer default 0,if integer default 0,ic integer default 0,advt integer default 0 ,did integer default 0 ,ip text)]
D/S4URC   ( 4170): [SDK] [android.app.ApplicationPackageManager] [getApplicationInfo] [FindApplicationName][String] [com.touchtype.swiftkey]
D/S4URC   ( 4170): [SDK] [android.content.ContextWrapper] [registerReceiver][IntentFilter][android.net.conn.CONNECTIVITY_CHANGE,android.intent.action.USER_PRESENT,
D/S4URC   ( 4170): [NDK] [SYSCALL] [access] [PATH][string] [/storage/sdcard0/mmt/widegets/data/droidinfo-journal]
D/S4URC   ( 4170): [NDK] [SYSCALL] [stat] [PATH][string] [/storage/sdcard0/mmt/widegets/data/droidinfo-journal]
D/S4URC   ( 4170): [NDK] [SYSCALL] [stat] [PATH][string] [/storage/sdcard0/mmt/widegets/data/droidinfo]
D/S4URC   ( 4170): [SDK] [android.app.ApplicationPackageManager] [getApplicationInfo] [FindApplicationName][String] [com.touchtype.swiftkey]
D/S4URC   ( 4170): [NDK] [SYSCALL] [open] [PATH][string] [/storage/sdcard0/mmt/widegets/data/droidinfo-journal] [RETURN][int] [90]
D/S4URC   ( 4170): [NDK] [SYSCALL] [access] [PATH][string] [/data/data/com.ztapps.saverdoctor/databases/baidu_czs-journal]
D/S4URC   ( 4170): [NDK] [SYSCALL] [stat] [PATH][string] [/data/data/com.ztapps.saverdoctor/databases/baidu_czs-journal]
D/S4URC   ( 4170): [NDK] [SYSCALL] [stat] [PATH][string] [/data/data/com.ztapps.saverdoctor/databases/baidu_czs]
D/S4URC   ( 4170): [NDK] [SYSCALL] [open] [PATH][string] [/data/data/com.ztapps.saverdoctor/databases/baidu_czs-journal] [RETURN][int] [101]
D/S4URC   ( 4170): [NDK] [SYSCALL] [access] [PATH][string] [/data/data/com.ztapps.saverdoctor/databases/baidu_czs-wal]
D/S4URC   ( 4170): [SDK] [android.app.ApplicationPackageManager] [getApplicationInfo] [FindApplicationName][String] [com.android.server.telecom]
D/S4URC   ( 4170): [NDK] [SYSCALL] [access] [PATH][string] [/data/data/com.ztapps.saverdoctor/databases/baidu_czs-journal]
D/S4URC   ( 4170): [NDK] [SYSCALL] [stat] [PATH][string] [/data/data/com.ztapps.saverdoctor/databases/baidu_czs-journal]
D/S4URC   ( 4170): [NDK] [SYSCALL] [stat] [PATH][string] [/data/data/com.ztapps.saverdoctor/databases/baidu_czs]
D/S4URC   ( 4170): [NDK] [SYSCALL] [open] [PATH][string] [/data/data/com.ztapps.saverdoctor/databases/baidu_czs-journal] [RETURN][int] [90]
D/S4URC   ( 4170): [NDK] [SYSCALL] [access] [PATH][string] [/storage/sdcard0/mmt/widegets/data/droidinfo-wal]
D/S4URC   ( 4170): [NDK] [SYSCALL] [access] [PATH][string] [/data/data/com.ztapps.saverdoctor/databases/baidu_czs-wal]
D/S4URC   ( 4170): [SDK] [android.database.sqlite.SQLiteDatabase] [query] [queryInfo][String] [SELECT][] [FROM][stardlg]
D/S4URC   ( 4170): [SDK] [android.app.ApplicationPackageManager] [getApplicationInfo] [FindApplicationName][String] [com.touchtype.swiftkey]
D/S4URC   ( 4170): [SDK] [android.app.ApplicationPackageManager] [getApplicationInfo] [FindApplicationName][String] [com.android.server.telecom]
D/S4URC   ( 4607): [SDK] [java.io.File] [Constructor] [FilePath][String] [/system/media/audio/notifications/Iapetus.ogg]
D/S4URC   ( 4170): [SDK] [android.app.ApplicationPackageManager] [getApplicationInfo] [FindApplicationName][String] [com.android.server.telecom]
D/S4URC   ( 4607): [SDK] [java.io.File] [exists] [FilePath][String] [/system/media/audio/notifications/Iapetus.ogg]
D/S4URC   ( 4607): [SDK] [java.io.File] [getPath] [FilePath][String] [/system/media/audio/notifications/Iapetus.ogg]
D/S4URC   ( 4170): [SDK] [android.app.ApplicationPackageManager] [getApplicationInfo] [FindApplicationName][String] [com.touchtype.swiftkey]
D/S4URC   ( 4170): [SDK] [android.app.ApplicationPackageManager] [getApplicationInfo] [FindApplicationName][String] [com.android.server.telecom]
D/S4URC   ( 4170): [SDK] [android.app.ApplicationPackageManager] [getApplicationInfo] [FindApplicationName][String] [com.touchtype.swiftkey]
D/S4URC   ( 4170): [SDK] [android.app.ApplicationPackageManager] [getApplicationInfo] [FindApplicationName][String] [com.android.server.telecom]
D/S4URC   ( 4170): [NDK] [SYSCALL] [access] [PATH][string] [/data/data/com.ztapps.saverdoctor/databases/baidu_czs-journal]
D/S4URC   ( 4170): [NDK] [SYSCALL] [stat] [PATH][string] [/data/data/com.ztapps.saverdoctor/databases/baidu_czs-journal]
D/S4URC   ( 4170): [NDK] [SYSCALL] [stat] [PATH][string] [/data/data/com.ztapps.saverdoctor/databases/baidu_czs]
D/S4URC   ( 4170): [NDK] [SYSCALL] [open] [PATH][string] [/data/data/com.ztapps.saverdoctor/databases/baidu_czs-journal] [RETURN][int] [90]
D/S4URC   ( 4170): [NDK] [SYSCALL] [access] [PATH][string] [/data/data/com.ztapps.saverdoctor/databases/baidu_czs-wal]
D/S4URC   ( 4170): [SDK] [android.database.sqlite.SQLiteDatabase] [execSQL] [ExecInfo][String] [create table if not exists stardlg(_id integer primary key autoincrement,cn text,cmd text,ap text,itc integer default 0,dtc integer default 0,idtc integer default 0,if integer default 0,ic integer default 0,advt integer default 0 ,did integer default 0 ,ip text)]
D/S4URC   ( 4170): [NDK] [SYSCALL] [access] [PATH][string] [/data/data/com.ztapps.saverdoctor/databases/baidu_czs-journal]
D/S4URC   ( 4170): [SDK] [android.content.ContextWrapper] [registerReceiver][IntentFilter][android.net.conn.CONNECTIVITY_CHANGE,android.intent.action.USER_PRESENT,
D/S4URC   ( 4170): [NDK] [SYSCALL] [stat] [PATH][string] [/data/data/com.ztapps.saverdoctor/databases/baidu_czs-journal]
D/S4URC   ( 4170): [NDK] [SYSCALL] [stat] [PATH][string] [/data/data/com.ztapps.saverdoctor/databases/baidu_czs]
D/S4URC   ( 4170): [NDK] [SYSCALL] [open] [PATH][string] [/data/data/com.ztapps.saverdoctor/databases/baidu_czs-journal] [RETURN][int] [97]
D/S4URC   ( 4170): [NDK] [SYSCALL] [access] [PATH][string] [/data/data/com.ztapps.saverdoctor/databases/baidu_czs-wal]
D/S4URC   ( 4170): [SDK] [android.database.sqlite.SQLiteDatabase] [query] [queryInfo][String] [SELECT][] [FROM][stardlg]
D/S4URC   ( 4170): [NDK] [SYSCALL] [access] [PATH][string] [/storage/sdcard0/mmt/widegets/data/droidinfo-journal]
D/S4URC   ( 4170): [SDK] [android.app.ApplicationPackageManager] [getApplicationInfo] [FindApplicationName][String] [com.android.server.telecom]
D/S4URC   ( 4170): [NDK] [SYSCALL] [stat] [PATH][string] [/storage/sdcard0/mmt/widegets/data/droidinfo-journal]
D/S4URC   ( 4170): [NDK] [SYSCALL] [stat] [PATH][string] [/storage/sdcard0/mmt/widegets/data/droidinfo]
D/S4URC   ( 4170): [NDK] [SYSCALL] [open] [PATH][string] [/storage/sdcard0/mmt/widegets/data/droidinfo-journal] [RETURN][int] [97]
D/S4URC   ( 4170): [NDK] [SYSCALL] [access] [PATH][string] [/storage/sdcard0/mmt/widegets/data/droidinfo-wal]
D/S4URC   ( 4170): [SDK] [android.app.ApplicationPackageManager] [getApplicationInfo] [FindApplicationName][String] [com.android.server.telecom]
D/S4URC   ( 4170): [NDK] [SYSCALL] [access] [PATH][string] [/storage/sdcard0/mmt/widegets/data/droidinfo-journal]
D/S4URC   ( 4170): [NDK] [SYSCALL] [stat] [PATH][string] [/storage/sdcard0/mmt/widegets/data/droidinfo-journal]
D/S4URC   ( 4170): [NDK] [SYSCALL] [access] [PATH][string] [/data/data/com.ztapps.saverdoctor/databases/baidu_czs-journal]
D/S4URC   ( 4170): [NDK] [SYSCALL] [stat] [PATH][string] [/storage/sdcard0/mmt/widegets/data/droidinfo]
D/S4URC   ( 4170): [NDK] [SYSCALL] [stat] [PATH][string] [/data/data/com.ztapps.saverdoctor/databases/baidu_czs-journal]
D/S4URC   ( 4170): [NDK] [SYSCALL] [stat] [PATH][string] [/data/data/com.ztapps.saverdoctor/databases/baidu_czs]
D/S4URC   ( 4170): [NDK] [SYSCALL] [open] [PATH][string] [/data/data/com.ztapps.saverdoctor/databases/baidu_czs-journal] [RETURN][int] [100]
D/S4URC   ( 4170): [NDK] [SYSCALL] [access] [PATH][string] [/data/data/com.ztapps.saverdoctor/databases/baidu_czs-wal]
D/S4URC   ( 4170): [SDK] [android.database.sqlite.SQLiteDatabase] [execSQL] [ExecInfo][String] [create table if not exists stardlg(_id integer primary key autoincrement,cn text,cmd text,ap text,itc integer default 0,dtc integer default 0,idtc integer default 0,if integer default 0,ic integer default 0,advt integer default 0 ,did integer default 0 ,ip text)]
D/S4URC   ( 4170): [SDK] [android.content.ContextWrapper] [registerReceiver][IntentFilter][android.net.conn.CONNECTIVITY_CHANGE,android.intent.action.USER_PRESENT,
D/S4URC   ( 4170): [SDK] [android.app.ApplicationPackageManager] [getApplicationInfo] [FindApplicationName][String] [com.android.server.telecom]
D/S4URC   ( 4170): [NDK] [SYSCALL] [open] [PATH][string] [/storage/sdcard0/mmt/widegets/data/droidinfo-journal] [RETURN][int] [97]
D/S4URC   ( 4170): [NDK] [SYSCALL] [access] [PATH][string] [/data/data/com.ztapps.saverdoctor/databases/baidu_czs-journal]
D/S4URC   ( 4170): [NDK] [SYSCALL] [stat] [PATH][string] [/data/data/com.ztapps.saverdoctor/databases/baidu_czs-journal]
D/S4URC   ( 4170): [NDK] [SYSCALL] [stat] [PATH][string] [/data/data/com.ztapps.saverdoctor/databases/baidu_czs]
D/S4URC   ( 4170): [NDK] [SYSCALL] [open] [PATH][string] [/data/data/com.ztapps.saverdoctor/databases/baidu_czs-journal] [RETURN][int] [102]
D/S4URC   ( 4170): [NDK] [SYSCALL] [access] [PATH][string] [/data/data/com.ztapps.saverdoctor/databases/baidu_czs-wal]
D/S4URC   ( 4170): [NDK] [SYSCALL] [access] [PATH][string] [/storage/sdcard0/mmt/widegets/data/droidinfo-wal]
D/S4URC   ( 4170): [NDK] [SYSCALL] [access] [PATH][string] [/data/data/com.ztapps.saverdoctor/databases/baidu_czs-journal]
D/S4URC   ( 4170): [SDK] [android.database.sqlite.SQLiteDatabase] [query] [queryInfo][String] [SELECT][] [FROM][stardlg]
D/S4URC   ( 4170): [NDK] [SYSCALL] [stat] [PATH][string] [/data/data/com.ztapps.saverdoctor/databases/baidu_czs-journal]
D/S4URC   ( 4170): [NDK] [SYSCALL] [stat] [PATH][string] [/data/data/com.ztapps.saverdoctor/databases/baidu_czs]
D/S4URC   ( 4170): [NDK] [SYSCALL] [open] [PATH][string] [/data/data/com.ztapps.saverdoctor/databases/baidu_czs-journal] [RETURN][int] [97]
D/S4URC   ( 4170): [NDK] [SYSCALL] [access] [PATH][string] [/data/data/com.ztapps.saverdoctor/databases/baidu_czs-wal]
D/S4URC   ( 4170): [SDK] [android.database.sqlite.SQLiteDatabase] [query] [queryInfo][String] [SELECT][] [FROM][stardlg]
D/S4URC   ( 4170): [SDK] [android.app.ApplicationPackageManager] [getApplicationInfo] [FindApplicationName][String] [com.android.server.telecom]
D/S4URC   ( 4170): [SDK] [android.content.ContextWrapper][getSharedPreferences] [File][gitConfig.xml] [MODE][MODE_PRIVATE] [Method][getString] [String][last_run_time2] [Return][]
D/S4URC   ( 4170): [NDK] [SYSCALL] [access] [PATH][string] [/storage/sdcard0/mmt/widegets/data/droidinfo-journal]
D/S4URC   ( 4170): [NDK] [SYSCALL] [stat] [PATH][string] [/storage/sdcard0/mmt/widegets/data/droidinfo-journal]
D/S4URC   ( 4170): [NDK] [SYSCALL] [stat] [PATH][string] [/storage/sdcard0/mmt/widegets/data/droidinfo]
D/S4URC   ( 4170): [NDK] [SYSCALL] [open] [PATH][string] [/storage/sdcard0/mmt/widegets/data/droidinfo-journal] [RETURN][int] [100]
D/S4URC   ( 4170): [NDK] [SYSCALL] [access] [PATH][string] [/storage/sdcard0/mmt/widegets/data/droidinfo-wal]
D/S4URC   ( 4170): [NDK] [SYSCALL] [access] [PATH][string] [/data/data/com.ztapps.saverdoctor/databases/baidu_czs-journal]
