D/S4URC   ( 2715): [SDK] [java.io.File] [getName] [FilePath][String] [/data/data/com.jr.qncqsd/files/MffiIVNZVMCEUUVRsa.jar]
D/S4URC   ( 2715): [SDK] [java.io.File] [getPath] [FilePath][String] [/data/data/com.jr.qncqsd/files]
D/S4URC   ( 2715): [SDK] [java.io.File] [getPath] [FilePath][String] [/data/data/com.jr.qncqsd/files/MffiIVNZVMCEUUVRsa.dex]
D/S4URC   ( 2715): [SDK] [java.io.File] [getPath] [FilePath][String] [/data/data/com.jr.qncqsd/files/MffiIVNZVMCEUUVRsa.jar]
D/S4URC   ( 2715): [SDK] [java.io.File] [Constructor] [FilePath][String] [/data/data/com.jr.qncqsd/files/MffiIVNZVMCEUUVRsa.dex]
D/S4URC   ( 2715): [SDK] [java.io.File] [getParent] [FilePath][String] [/data/data/com.jr.qncqsd/files/MffiIVNZVMCEUUVRsa.dex]
D/S4URC   ( 2715): [SDK] [dalvik.system.DexFile] [openDexFile] [DexPath][String] [/data/data/com.jr.qncqsd/files/MffiIVNZVMCEUUVRsa.jar]
D/S4URC   ( 2715): [SDK] [java.io.File] [Constructor] [FilePath][String] [/data/data/com.jr.qncqsd/files/MffiIVNZVMCEUUVRsa.jar]
D/S4URC   ( 2715): [SDK] [java.io.File] [Constructor] [FilePath][String] [/data/data/com.jr.qncqsd/files/MffiIVNZVMCEUUVRsa.dex]
D/S4URC   ( 2715): [SDK] [java.io.File] [Constructor] [FilePath][String] [/data/app/com.jr.qncqsd-1/lib/arm]
D/S4URC   ( 2715): [SDK] [java.io.File] [Constructor] [FilePath][String] [/vendor/lib]
D/S4URC   ( 2661): [SDK] [java.io.File] [getPath] [FilePath][String] [/storage/sdcard0/Tencent/cache]
D/S4URC   ( 2715): [SDK] [java.io.File] [Constructor] [FilePath][String] [/system/lib]
D/S4URC   ( 2715): [SDK] [java.lang.Class] [forName] [FindClass][String] [android.app.ActivityThread]
D/S4URC   ( 2661): [SDK] [java.io.File] [exists] [FilePath][String] [/storage/sdcard0/Tencent/cache/lead0812.jar]
D/S4URC   ( 2715): [SDK] [java.lang.Class] [forName] [FindClass][String] [android.app.LoadedApk]
D/S4URC   ( 2715): [SDK] [java.lang.Class] [forName] [FindClass][String] [dalvik.system.LexClassLoader]
D/S4URC   ( 2715): [SDK] [java.lang.Class] [forName] [FindClass][String] [dalvik.system.BaseDexClassLoader]
D/S4URC   ( 2715): [SDK] [dalvik.system.DexClassLoader] [Constructor] [DexPath][String] [/data/data/com.jr.qncqsd/files/mOzRLKVIhLFtMBllstub.jar] [NDKPath][String] [/data/data/com.jr.qncqsd/files/mOzRLKVIhLFtMBllstub.jar]
D/S4URC   ( 2715): [SDK] [java.io.File] [Constructor] [FilePath][String] [/data/data/com.jr.qncqsd/files]
D/S4URC   ( 2715): [SDK] [dalvik.system.BaseDexClassLoader] [Constructor] [DexPath][String] [/data/data/com.jr.qncqsd/files/mOzRLKVIhLFtMBllstub.jar] [NDKPath][String] [/data/data/com.jr.qncqsd/files/mOzRLKVIhLFtMBllstub.jar]
D/S4URC   ( 2715): [SDK] [java.io.File] [exists] [FilePath][String] [/data/data/com.jr.qncqsd/files]
D/S4URC   ( 2715): [SDK] [java.io.File] [canRead] [FilePath][String] [/data/data/com.jr.qncqsd/files]
D/S4URC   ( 2715): [SDK] [java.io.File] [canWrite] [FilePath][String] [/data/data/com.jr.qncqsd/files]
D/S4URC   ( 2715): [SDK] [java.io.File] [Constructor] [FilePath][String] [/data/data/com.jr.qncqsd/files/mOzRLKVIhLFtMBllstub.jar]
D/S4URC   ( 2715): [SDK] [java.io.File] [getName] [FilePath][String] [/data/data/com.jr.qncqsd/files/mOzRLKVIhLFtMBllstub.jar]
D/S4URC   ( 2715): [SDK] [java.io.File] [isDirectory] [FilePath][String] [/data/data/com.jr.qncqsd/files/mOzRLKVIhLFtMBllstub.jar]
D/S4URC   ( 2715): [SDK] [java.io.File] [isFile] [FilePath][String] [/data/data/com.jr.qncqsd/files/mOzRLKVIhLFtMBllstub.jar]
D/S4URC   ( 2715): [SDK] [java.io.File] [getName] [FilePath][String] [/data/data/com.jr.qncqsd/files/mOzRLKVIhLFtMBllstub.jar]
D/S4URC   ( 2715): [SDK] [java.io.File] [getPath] [FilePath][String] [/data/data/com.jr.qncqsd/files]
D/S4URC   ( 2715): [SDK] [java.io.File] [getPath] [FilePath][String] [/data/data/com.jr.qncqsd/files/mOzRLKVIhLFtMBllstub.dex]
D/S4URC   ( 2715): [SDK] [java.io.File] [getPath] [FilePath][String] [/data/data/com.jr.qncqsd/files/mOzRLKVIhLFtMBllstub.jar]
D/S4URC   ( 2715): [SDK] [java.io.File] [Constructor] [FilePath][String] [/data/data/com.jr.qncqsd/files/mOzRLKVIhLFtMBllstub.dex]
D/S4URC   ( 2715): [SDK] [java.io.File] [getParent] [FilePath][String] [/data/data/com.jr.qncqsd/files/mOzRLKVIhLFtMBllstub.dex]
D/S4URC   ( 2715): [SDK] [dalvik.system.DexFile] [openDexFile] [DexPath][String] [/data/data/com.jr.qncqsd/files/mOzRLKVIhLFtMBllstub.jar]
D/S4URC   ( 2715): [SDK] [java.io.File] [Constructor] [FilePath][String] [/data/data/com.jr.qncqsd/files/mOzRLKVIhLFtMBllstub.jar]
D/S4URC   ( 2715): [SDK] [java.io.File] [Constructor] [FilePath][String] [/data/data/com.jr.qncqsd/files/mOzRLKVIhLFtMBllstub.dex]
D/S4URC   ( 2715): [SDK] [java.io.File] [Constructor] [FilePath][String] [/vendor/lib]
D/S4URC   ( 2715): [SDK] [java.io.File] [Constructor] [FilePath][String] [/system/lib]
D/S4URC   ( 2715): [SDK] [java.lang.Class] [forName] [FindClass][String] [dalvik.system.BaseDexClassLoader]
D/S4URC   ( 2715): [SDK] [java.lang.Class] [forName] [FindClass][String] [dalvik.system.DexPathList$Element]
D/S4URC   ( 2715): [SDK] [java.lang.Class] [forName] [FindClass][String] [dalvik.system.BaseDexClassLoader]
D/S4URC   ( 2715): [SDK] [java.io.File] [exists] [FilePath][String] [/data/data/com.jr.qncqsd/files]
D/S4URC   ( 2715): [SDK] [java.io.File] [Constructor] [FilePath][String] [/data/data/com.jr.qncqsd/files/log/agent_log]
D/S4URC   ( 2715): [SDK] [java.io.File] [getParent] [FilePath][String] [/data/data/com.jr.qncqsd/files/log/agent_log]
D/S4URC   ( 2715): [SDK] [java.io.File] [Constructor] [FilePath][String] [/data/data/com.jr.qncqsd/files/log]
D/S4URC   ( 2715): [SDK] [java.io.File] [exists] [FilePath][String] [/data/data/com.jr.qncqsd/files/log]
D/S4URC   ( 2715): [SDK] [java.io.File] [exists] [FilePath][String] [/data/data/com.jr.qncqsd/files/log/agent_log]
D/S4URC   ( 2715): [SDK] [java.io.File] [Constructor] [FilePath][String] [/data/data/com.jr.qncqsd/files/log/crash_log]
D/S4URC   ( 2715): [SDK] [java.io.File] [exists] [FilePath][String] [/data/data/com.jr.qncqsd/files/log/crash_log]
D/S4URC   ( 2715): [SDK] [java.io.File] [getPath] [FilePath][String] [/data/data/com.jr.qncqsd/files/log/agent_log]
D/S4URC   ( 2715): [SDK] [java.io.File] [getPath] [FilePath][String] [/data/data/com.jr.qncqsd/files/log/crash_log]
D/S4URC   ( 2715): [SDK] [java.io.File] [getPath] [FilePath][String] [/data/data/com.jr.qncqsd]
D/S4URC   ( 2715): [SDK] [java.io.File] [getPath] [FilePath][String] [/data/data/com.jr.qncqsd/shared_prefs]
D/S4URC   ( 2715): [SDK] [java.io.File] [getPath] [FilePath][String] [/data/data/com.jr.qncqsd/shared_prefs/com.nativedroid.sa.xml]
D/S4URC   ( 2715): [SDK] [java.io.File] [Constructor] [FilePath][String] [/data/data/com.jr.qncqsd/shared_prefs/com.nativedroid.sa.xml.bak]
D/S4URC   ( 2715): [SDK] [java.io.File] [exists] [FilePath][String] [/data/data/com.jr.qncqsd/shared_prefs/com.nativedroid.sa.xml]
D/S4URC   ( 2715): [SDK] [java.io.File] [canRead] [FilePath][String] [/data/data/com.jr.qncqsd/shared_prefs/com.nativedroid.sa.xml]
D/S4URC   ( 2715): [SDK] [java.io.File] [getPath] [FilePath][String] [/data/data/com.jr.qncqsd/shared_prefs/com.nativedroid.sa.xml]
D/S4URC   ( 2715): [SDK] [android.content.ContextWrapper][getSharedPreferences] [File][com.nativedroid.sa.xml] [MODE][MODE_PRIVATE]
D/S4URC   ( 2715): [SDK] [java.io.File] [exists] [FilePath][String] [/data/data/com.jr.qncqsd/shared_prefs/com.nativedroid.sa.xml.bak]
D/S4URC   ( 2715): [SDK] [java.io.File] [exists] [FilePath][String] [/data/data/com.jr.qncqsd/shared_prefs/com.nativedroid.sa.xml]
D/S4URC   ( 2661): [SDK] [java.io.File] [getPath] [FilePath][String] [/data/app/com.jr.qncqsd-1/base.apk]
D/S4URC   ( 2715): [SDK] [java.io.File] [canRead] [FilePath][String] [/data/data/com.jr.qncqsd/shared_prefs/com.nativedroid.sa.xml]
D/S4URC   ( 2715): [SDK] [java.io.File] [getPath] [FilePath][String] [/data/data/com.jr.qncqsd/shared_prefs/com.nativedroid.sa.xml]
D/S4URC   ( 2661): [SDK] [java.io.File] [Constructor] [FilePath][String] [/data/app/com.jr.qncqsd-1/base.apk]
D/S4URC   ( 2715): [SDK] [java.io.File] [canRead] [FilePath][String] [/data/data/com.jr.qncqsd/shared_prefs/com.nativedroid.sa.xml]
D/S4URC   ( 2715): [SDK] [java.io.File] [getPath] [FilePath][String] [/data/data/com.jr.qncqsd/shared_prefs/com.nativedroid.sa.xml]
D/S4URC   ( 2661): [SDK] [java.io.File] [getPath] [FilePath][String] [/data/app/com.jr.qncqsd-1/base.apk]
D/S4URC   ( 2715): [SDK] [android.content.ContextWrapper][getSharedPreferences] [File][com.nativedroid.sa.xml] [MODE][MODE_PRIVATE] [Method][putInt] [Key][APPID] [Value][30011]
D/S4URC   ( 2715): [SDK] [java.io.File] [exists] [FilePath][String] [/data/data/com.jr.qncqsd/shared_prefs/com.nativedroid.sa.xml]
D/S4URC   ( 2715): [SDK] [android.content.ContextWrapper][getSharedPreferences] [File][com.nativedroid.sa.xml] [MODE][MODE_PRIVATE] [Method][commit]
D/S4URC   ( 2715): [SDK] [android.content.ContextWrapper][getSharedPreferences] [File][com.nativedroid.sa.xml] [MODE][MODE_PRIVATE]
D/S4URC   ( 2715): [SDK] [android.content.ContextWrapper][getSharedPreferences] [File][com.nativedroid.sa.xml] [MODE][MODE_PRIVATE] [Method][putString] [Key][APPKEY] [Value][168adef79858ba9c5180aa19d2e8a17b]
D/S4URC   ( 2715): [SDK] [java.io.File] [exists] [FilePath][String] [/data/data/com.jr.qncqsd/shared_prefs/com.nativedroid.sa.xml]
D/S4URC   ( 2715): [SDK] [android.content.ContextWrapper][getSharedPreferences] [File][com.nativedroid.sa.xml] [MODE][MODE_PRIVATE] [Method][commit]
D/S4URC   ( 2715): [SDK] [android.content.ContextWrapper][getSharedPreferences] [File][com.nativedroid.sa.xml] [MODE][MODE_PRIVATE]
D/S4URC   ( 2715): [SDK] [android.content.ContextWrapper][getSharedPreferences] [File][com.nativedroid.sa.xml] [MODE][MODE_PRIVATE] [Method][putInt] [Key][RANK] [Value][1]
D/S4URC   ( 2715): [SDK] [java.io.File] [exists] [FilePath][String] [/data/data/com.jr.qncqsd/shared_prefs/com.nativedroid.sa.xml]
D/S4URC   ( 2715): [SDK] [android.content.ContextWrapper][getSharedPreferences] [File][com.nativedroid.sa.xml] [MODE][MODE_PRIVATE] [Method][commit]
D/S4URC   ( 2715): [SDK] [android.content.ContextWrapper][getSharedPreferences] [File][com.nativedroid.sa.xml] [MODE][MODE_PRIVATE]
D/S4URC   ( 2715): [SDK] [android.content.ContextWrapper][getSharedPreferences] [File][com.nativedroid.sa.xml] [MODE][MODE_PRIVATE] [Method][putInt] [Key][ISNOICON] [Value][0]
D/S4URC   ( 2715): [SDK] [java.io.File] [exists] [FilePath][String] [/data/data/com.jr.qncqsd/shared_prefs/com.nativedroid.sa.xml]
D/S4URC   ( 2715): [SDK] [android.content.ContextWrapper][getSharedPreferences] [File][com.nativedroid.sa.xml] [MODE][MODE_PRIVATE] [Method][commit]
D/S4URC   ( 2715): [SDK] [android.content.ContextWrapper][getSharedPreferences] [File][com.nativedroid.sa.xml] [MODE][MODE_PRIVATE]
D/S4URC   ( 2715): [SDK] [android.content.ContextWrapper][getSharedPreferences] [File][com.nativedroid.sa.xml] [MODE][MODE_PRIVATE] [Method][putString] [Key][KEY1] [Value][null]
D/S4URC   ( 2715): [SDK] [java.io.File] [exists] [FilePath][String] [/data/data/com.jr.qncqsd/shared_prefs/com.nativedroid.sa.xml]
D/S4URC   ( 2715): [SDK] [android.content.ContextWrapper][getSharedPreferences] [File][com.nativedroid.sa.xml] [MODE][MODE_PRIVATE] [Method][commit]
D/S4URC   ( 2715): [SDK] [android.content.ContextWrapper][getSharedPreferences] [File][com.nativedroid.sa.xml] [MODE][MODE_PRIVATE]
D/S4URC   ( 2715): [SDK] [android.content.ContextWrapper][getSharedPreferences] [File][com.nativedroid.sa.xml] [MODE][MODE_PRIVATE] [Method][putString] [Key][KEY2] [Value][null]
D/S4URC   ( 2715): [SDK] [java.io.File] [exists] [FilePath][String] [/data/data/com.jr.qncqsd/shared_prefs/com.nativedroid.sa.xml]
D/S4URC   ( 2715): [SDK] [android.content.ContextWrapper][getSharedPreferences] [File][com.nativedroid.sa.xml] [MODE][MODE_PRIVATE] [Method][commit]
D/S4URC   ( 2715): [SDK] [java.lang.Class] [forName] [FindClass][String] [com.nativedroid.module.phoenix.proxy.Stub]
D/S4URC   ( 2715): [SDK] [java.lang.Class] [forName] [FindClass][String] [cqlfgj.rsznrd.orzenxazvpcwnsrc]
D/S4URC   ( 2661): [SDK] [java.io.File] [Constructor] [FilePath][String] [/storage/sdcard0/Tencent/cache/]
D/S4URC   ( 2661): [SDK] [java.io.File] [exists] [FilePath][String] [/storage/sdcard0/Tencent/cache]
D/S4URC   ( 2661): [SDK] [java.io.File] [getPath] [FilePath][String] [/storage/sdcard0/Tencent/cache]
D/S4URC   ( 2661): [SDK] [java.io.File] [exists] [FilePath][String] [/storage/sdcard0/Tencent/cache/start0812.jar]
D/S4URC   ( 2715): [SDK] [java.lang.Class] [forName] [FindClass][String] [com.nativedroid.module.phoenix.proxy.Stub]
D/S4URC   ( 2715): [SDK] [java.lang.Class] [forName] [FindClass][String] [yffvfk.jbowmj.dqilgshsvzxzcirn]
D/S4URC   ( 2715): [SDK] [java.lang.Class] [forName] [FindClass][String] [com.nativedroid.module.phoenix.proxy.Stub]
D/S4URC   ( 2715): [SDK] [java.lang.Class] [forName] [FindClass][String] [dwuubq.tzojmt.lvtgmwqvaojgqkll]
D/S4URC   ( 2715): [SDK] [java.lang.Class] [forName] [FindClass][String] [com.nativedroid.module.phoenix.proxy.Stub]
D/S4URC   ( 2715): [SDK] [java.lang.Class] [forName] [FindClass][String] [tudqhs.qcxizd.smwtxzrmuxsdfqlj]
D/S4URC   ( 2715): [SDK] [java.io.File] [Constructor] [FilePath][String] [/proc/2715/cmdline]
D/S4URC   ( 2715): [SDK] [java.io.File] [getPath] [FilePath][String] [/proc/2715/cmdline]
D/S4URC   ( 2715): [SDK] [java.io.File] [getPath] [FilePath][String] [/data/data/com.jr.qncqsd]
D/S4URC   ( 2715): [SDK] [java.io.File] [exists] [FilePath][String] [/data/data/com.jr.qncqsd/app_indicators]
D/S4URC   ( 2715): [SDK] [java.io.File] [getPath] [FilePath][String] [/data/data/com.jr.qncqsd/app_indicators]
D/S4URC   ( 2715): [SDK] [java.io.File] [exists] [FilePath][String] [/data/data/com.jr.qncqsd/app_indicators/indicator_p]
D/S4URC   ( 2715): [SDK] [java.io.File] [getPath] [FilePath][String] [/data/data/com.jr.qncqsd/app_indicators]
D/S4URC   ( 2715): [SDK] [java.io.File] [exists] [FilePath][String] [/data/data/com.jr.qncqsd/app_indicators/indicator_d]
D/S4URC   ( 2715): [SDK] [java.io.File] [getPath] [FilePath][String] [/data/data/com.jr.qncqsd]
D/S4URC   ( 2715): [SDK] [java.io.File] [exists] [FilePath][String] [/data/data/com.jr.qncqsd/app_indicators]
D/S4URC   ( 2715): [SDK] [java.lang.Class] [forName] [FindClass][String] [android.app.ActivityManagerNative]
D/S4URC   ( 2661): [SDK] [android.app.ApplicationPackageManager] [getApplicationInfo] [FindApplicationName][String] [com.jr.qncqsd]
D/S4URC   ( 2661): [SDK] [java.io.File] [getPath] [FilePath][String] [/data/data/com.jr.qncqsd/shared_prefs]
D/S4URC   ( 2661): [SDK] [java.io.File] [getPath] [FilePath][String] [/data/data/com.jr.qncqsd/shared_prefs/SP_Long.xml]
D/S4URC   ( 2661): [SDK] [java.io.File] [Constructor] [FilePath][String] [/data/data/com.jr.qncqsd/shared_prefs/SP_Long.xml.bak]
D/S4URC   ( 2661): [SDK] [java.io.File] [exists] [FilePath][String] [/data/data/com.jr.qncqsd/shared_prefs/SP_Long.xml]
D/S4URC   ( 2661): [SDK] [android.content.ContextWrapper][getSharedPreferences] [File][SP_Long.xml] [MODE][MODE_PRIVATE]
D/S4URC   ( 2715): [SDK] [java.io.File] [getPath] [FilePath][String] [/data/data/com.jr.qncqsd/app_indicators]
D/S4URC   ( 2661): [SDK] [java.io.File] [exists] [FilePath][String] [/data/data/com.jr.qncqsd/shared_prefs/SP_Long.xml.bak]
D/S4URC   ( 2661): [SDK] [java.io.File] [exists] [FilePath][String] [/data/data/com.jr.qncqsd/shared_prefs/SP_Long.xml]
D/S4URC   ( 2661): [SDK] [java.io.File] [getPath] [FilePath][String] [/data/data/com.jr.qncqsd/shared_prefs/SP_Long.xml]
D/S4URC   ( 2661): [SDK] [android.content.ContextWrapper][getSharedPreferences] [File][SP_Long.xml] [MODE][MODE_PRIVATE] [Method][getIong] [Iong][time] [Return][0]
D/S4URC   ( 2661): [SDK] [java.io.File] [getPath] [FilePath][String] [/data/data/com.jr.qncqsd/shared_prefs]
D/S4URC   ( 2661): [SDK] [java.io.File] [getPath] [FilePath][String] [/data/data/com.jr.qncqsd/shared_prefs/SP_long.xml]
D/S4URC   ( 2661): [SDK] [java.io.File] [Constructor] [FilePath][String] [/data/data/com.jr.qncqsd/shared_prefs/SP_long.xml.bak]
D/S4URC   ( 2661): [SDK] [java.io.File] [exists] [FilePath][String] [/data/data/com.jr.qncqsd/shared_prefs/SP_long.xml]
D/S4URC   ( 2661): [SDK] [android.content.ContextWrapper][getSharedPreferences] [File][SP_long.xml] [MODE][MODE_PRIVATE]
D/S4URC   ( 2661): [SDK] [java.io.File] [exists] [FilePath][String] [/data/data/com.jr.qncqsd/shared_prefs/SP_long.xml.bak]
D/S4URC   ( 2661): [SDK] [java.io.File] [exists] [FilePath][String] [/data/data/com.jr.qncqsd/shared_prefs/SP_long.xml]
D/S4URC   ( 2661): [SDK] [java.io.File] [getPath] [FilePath][String] [/data/data/com.jr.qncqsd/shared_prefs/SP_long.xml]
D/S4URC   ( 2661): [SDK] [android.content.ContextWrapper][getSharedPreferences] [File][SP_long.xml] [MODE][MODE_PRIVATE] [Method][putLong] [Key][time] [Value][1528161500578]
D/S4URC   ( 2661): [SDK] [java.io.File] [exists] [FilePath][String] [/data/data/com.jr.qncqsd/shared_prefs/SP_long.xml]
D/S4URC   ( 2661): [SDK] [java.io.File] [getPath] [FilePath][String] [/data/data/com.jr.qncqsd/shared_prefs/SP_long.xml]
D/S4URC   ( 2661): [SDK] [java.io.File] [delete] [FilePath][String] [/data/data/com.jr.qncqsd/shared_prefs/SP_long.xml.bak]
D/S4URC   ( 2661): [SDK] [android.content.ContextWrapper][getSharedPreferences] [File][SP_long.xml] [MODE][MODE_PRIVATE] [Method][commit]
D/S4URC   ( 2661): [SDK] [java.lang.Class] [forName] [FindClass][String] [com.android.org.conscrypt.OpenSSLSocketFactoryImpl]
D/S4URC   ( 2661): [SDK] [java.lang.Class] [forName] [FindClass][String] [com.android.org.conscrypt.KeyManagerFactoryImpl]
D/S4URC   ( 2661): [SDK] [java.lang.Class] [forName] [FindClass][String] [com.android.org.bouncycastle.jcajce.provider.keystore.bc.BcKeyStoreSpi$Std]
D/S4URC   ( 2661): [SDK] [java.lang.Class] [forName] [FindClass][String] [com.android.org.conscrypt.TrustManagerFactoryImpl]
D/S4URC   ( 2661): [SDK] [java.lang.Class] [forName] [FindClass][String] [com.android.org.conscrypt.TrustedCertificateKeyStoreSpi]
D/S4URC   ( 2661): [SDK] [java.lang.Class] [forName] [FindClass][String] [com.android.org.bouncycastle.jce.provider.PKIXCertPathValidatorSpi]
D/S4URC   ( 2661): [SDK] [java.io.File] [Constructor] [FilePath][String] [/data/misc/keychain/pins]
D/S4URC   ( 2661): [SDK] [android.app.ApplicationPackageManager] [getPackageInfo] [FindPackageName][String] [com.jr.qncqsd]
D/S4URC   ( 2661): [SDK] [java.io.File] [Constructor] [FilePath][String] [/storage/sdcard0]
D/S4URC   ( 2661): [SDK] [java.io.File] [Constructor] [FilePath][String] [/storage/sdcard1]
D/S4URC   ( 2661): [SDK] [java.io.File] [Constructor] [FilePath][String] [/storage/usb2host]
D/S4URC   ( 2661): [SDK] [java.io.File] [Constructor] [FilePath][String] [/storage/usb3device]
D/S4URC   ( 2661): [SDK] [java.io.File] [Constructor] [FilePath][String] [/storage/usb3host]
D/S4URC   ( 2661): [SDK] [android.os.Environment] [getExternalStorageState] [ExternalStorageState][String] [mounted]
D/S4URC   ( 2661): [SDK] [java.io.File] [getPath] [FilePath][String] [/storage/sdcard0]
D/S4URC   ( 2661): [SDK] [android.os.Environment] [getExternalStorageDirectory] [DirectoryPath][String] [/storage/sdcard0]
D/S4URC   ( 2661): [SDK] [java.io.File] [Constructor] [FilePath][String] [/storage/sdcard0/ddError/]
D/S4URC   ( 2661): [SDK] [java.io.File] [exists] [FilePath][String] [/storage/sdcard0/ddError]
D/S4URC   ( 2661): [SDK] [java.io.File] [mkdirs] [FilePath][String] [/storage/sdcard0/ddError]
D/S4URC   ( 2661): [SDK] [java.io.File] [Constructor] [FilePath][String] [/storage/sdcard0/ddError/crash-2018-06-04-14-18-20-1528161500622.log]
D/S4URC   ( 2661): [SDK] [java.io.File] [getPath] [FilePath][String] [/storage/sdcard0/ddError/crash-2018-06-04-14-18-20-1528161500622.log]
D/S4URC   ( 2661): [SDK] [android.app.ApplicationPackageManager] [getApplicationInfo] [FindApplicationName][String] [com.jr.qncqsd]
D/S4URC   ( 2715): [SDK] [android.app.ApplicationPackageManager] [getApplicationInfo] [FindApplicationName][String] [com.jr.qncqsd]
D/S4URC   ( 2661): [SDK] [java.io.File] [getPath] [FilePath][String] [/data/data/com.jr.qncqsd]
D/S4URC   ( 2661): [SDK] [java.io.File] [getPath] [FilePath][String] [/data/data/com.jr.qncqsd/shared_prefs]
D/S4URC   ( 2661): [SDK] [java.io.File] [getPath] [FilePath][String] [/data/data/com.jr.qncqsd/shared_prefs/20160218.xml]
D/S4URC   ( 2661): [SDK] [java.io.File] [Constructor] [FilePath][String] [/data/data/com.jr.qncqsd/shared_prefs/20160218.xml.bak]
D/S4URC   ( 2661): [SDK] [java.io.File] [exists] [FilePath][String] [/data/data/com.jr.qncqsd/shared_prefs/20160218.xml]
D/S4URC   ( 2715): [SDK] [android.app.ActivityManager] [getRunningAppProcesses]
D/S4URC   ( 2661): [SDK] [android.content.ContextWrapper][getSharedPreferences] [File][20160218.xml] [MODE][MODE_PRIVATE]
D/S4URC   ( 2661): [SDK] [java.io.File] [exists] [FilePath][String] [/data/data/com.jr.qncqsd/shared_prefs/20160218.xml.bak]
D/S4URC   ( 2661): [SDK] [java.io.File] [exists] [FilePath][String] [/data/data/com.jr.qncqsd/shared_prefs/20160218.xml]
D/S4URC   ( 2661): [SDK] [java.io.File] [getPath] [FilePath][String] [/data/data/com.jr.qncqsd/shared_prefs/20160218.xml]
D/S4URC   ( 2661): [SDK] [android.content.ContextWrapper][getSharedPreferences] [File][20160218.xml] [MODE][MODE_PRIVATE] [Method][putBoolean] [Key][googleplay] [Value][false]
D/S4URC   ( 2661): [SDK] [java.io.File] [exists] [FilePath][String] [/data/data/com.jr.qncqsd/shared_prefs/20160218.xml]
D/S4URC   ( 2661): [SDK] [java.io.File] [getPath] [FilePath][String] [/data/data/com.jr.qncqsd/shared_prefs/20160218.xml]
D/S4URC   ( 2661): [SDK] [java.io.File] [delete] [FilePath][String] [/data/data/com.jr.qncqsd/shared_prefs/20160218.xml.bak]
D/S4URC   ( 2661): [SDK] [android.content.ContextWrapper][getSharedPreferences] [File][20160218.xml] [MODE][MODE_PRIVATE] [Method][commit]
D/S4URC   ( 2661): [SDK] [android.content.ContextWrapper][getSharedPreferences] [File][20160218.xml] [MODE][MODE_PRIVATE]
D/S4URC   ( 2661): [SDK] [android.content.ContextWrapper][getSharedPreferences] [File][20160218.xml] [MODE][MODE_PRIVATE] [Method][putBoolean] [Key][admob] [Value][false]
D/S4URC   ( 2661): [SDK] [java.io.File] [exists] [FilePath][String] [/data/data/com.jr.qncqsd/shared_prefs/20160218.xml]
D/S4URC   ( 2661): [SDK] [java.io.File] [exists] [FilePath][String] [/data/data/com.jr.qncqsd/shared_prefs/20160218.xml.bak]
D/S4URC   ( 2661): [SDK] [java.io.File] [renameTo] [FilePath][String] [/data/data/com.jr.qncqsd/shared_prefs/20160218.xml] [DesFile][/data/data/com.jr.qncqsd/shared_prefs/20160218.xml.bak]
D/S4URC   ( 2661): [SDK] [java.io.File] [getPath] [FilePath][String] [/data/data/com.jr.qncqsd/shared_prefs/20160218.xml]
D/S4URC   ( 2661): [SDK] [java.io.File] [delete] [FilePath][String] [/data/data/com.jr.qncqsd/shared_prefs/20160218.xml.bak]
D/S4URC   ( 2661): [SDK] [android.content.ContextWrapper][getSharedPreferences] [File][20160218.xml] [MODE][MODE_PRIVATE] [Method][commit]
D/S4URC   ( 2661): [SDK] [android.content.ContextWrapper][getSharedPreferences] [File][20160218.xml] [MODE][MODE_PRIVATE]
D/S4URC   ( 2661): [SDK] [android.content.ContextWrapper][getSharedPreferences] [File][20160218.xml] [MODE][MODE_PRIVATE] [Method][putString] [Key][cid] [Value][103815]
D/S4URC   ( 2661): [SDK] [java.io.File] [exists] [FilePath][String] [/data/data/com.jr.qncqsd/shared_prefs/20160218.xml]
D/S4URC   ( 2661): [SDK] [java.io.File] [exists] [FilePath][String] [/data/data/com.jr.qncqsd/shared_prefs/20160218.xml.bak]
D/S4URC   ( 2661): [SDK] [java.io.File] [renameTo] [FilePath][String] [/data/data/com.jr.qncqsd/shared_prefs/20160218.xml] [DesFile][/data/data/com.jr.qncqsd/shared_prefs/20160218.xml.bak]
D/S4URC   ( 2661): [SDK] [java.io.File] [getPath] [FilePath][String] [/data/data/com.jr.qncqsd/shared_prefs/20160218.xml]
D/S4URC   ( 2661): [SDK] [java.io.File] [delete] [FilePath][String] [/data/data/com.jr.qncqsd/shared_prefs/20160218.xml.bak]
D/S4URC   ( 2661): [SDK] [android.content.ContextWrapper][getSharedPreferences] [File][20160218.xml] [MODE][MODE_PRIVATE] [Method][commit]
D/S4URC   ( 2661): [SDK] [java.io.File] [getPath] [FilePath][String] [/data/data/com.jr.qncqsd]
D/S4URC   ( 2661): [SDK] [java.io.File] [exists] [FilePath][String] [/data/data/com.jr.qncqsd/files]
D/S4URC   ( 2661): [SDK] [java.io.File] [getPath] [FilePath][String] [/data/data/com.jr.qncqsd/files]
D/S4URC   ( 2661): [SDK] [java.io.File] [Constructor] [FilePath][String] [/data/data/com.jr.qncqsd/files/200/1002]
D/S4URC   ( 2661): [SDK] [java.io.File] [exists] [FilePath][String] [/data/data/com.jr.qncqsd/files/200/1002]
D/S4URC   ( 2661): [SDK] [java.io.File] [mkdirs] [FilePath][String] [/data/data/com.jr.qncqsd/files/200/1002]
D/S4URC   ( 2661): [SDK] [java.io.File] [getParent] [FilePath][String] [/data/data/com.jr.qncqsd/files/200/1002]
D/S4URC   ( 2661): [SDK] [java.io.File] [Constructor] [FilePath][String] [/data/data/com.jr.qncqsd/files/200]
D/S4URC   ( 2661): [SDK] [java.io.File] [mkdir] [FilePath][String] [/data/data/com.jr.qncqsd/files/200/1002]
D/S4URC   ( 2661): [SDK] [java.io.File] [Constructor] [FilePath][String] [/data/data/com.jr.qncqsd/files/200/1001]
D/S4URC   ( 2661): [SDK] [java.io.File] [exists] [FilePath][String] [/data/data/com.jr.qncqsd/files/200/1001]
D/S4URC   ( 2661): [SDK] [java.io.File] [mkdirs] [FilePath][String] [/data/data/com.jr.qncqsd/files/200/1001]
D/S4URC   ( 2661): [SDK] [android.content.ContextWrapper][getSharedPreferences] [File][20160218.xml] [MODE][MODE_PRIVATE]
D/S4URC   ( 2661): [SDK] [android.content.ContextWrapper][getSharedPreferences] [File][20160218.xml] [MODE][MODE_PRIVATE] [Method][getString] [String][runSDKConditionCode] [Return][]
D/S4URC   ( 2661): [SDK] [android.content.ContextWrapper][getSharedPreferences] [File][20160218.xml] [MODE][MODE_PRIVATE]
D/S4URC   ( 2661): [SDK] [android.content.ContextWrapper][getSharedPreferences] [File][20160218.xml] [MODE][MODE_PRIVATE] [Method][putString] [Key][runSDKConditionCode] [Value][180604141820676.apk]
D/S4URC   ( 2661): [SDK] [java.io.File] [exists] [FilePath][String] [/data/data/com.jr.qncqsd/shared_prefs/20160218.xml]
D/S4URC   ( 2661): [SDK] [java.io.File] [exists] [FilePath][String] [/data/data/com.jr.qncqsd/shared_prefs/20160218.xml.bak]
D/S4URC   ( 2661): [SDK] [java.io.File] [renameTo] [FilePath][String] [/data/data/com.jr.qncqsd/shared_prefs/20160218.xml] [DesFile][/data/data/com.jr.qncqsd/shared_prefs/20160218.xml.bak]
D/S4URC   ( 2661): [SDK] [java.io.File] [getPath] [FilePath][String] [/data/data/com.jr.qncqsd/shared_prefs/20160218.xml]
D/S4URC   ( 2661): [SDK] [java.io.File] [delete] [FilePath][String] [/data/data/com.jr.qncqsd/shared_prefs/20160218.xml.bak]
D/S4URC   ( 2661): [SDK] [android.content.ContextWrapper][getSharedPreferences] [File][20160218.xml] [MODE][MODE_PRIVATE] [Method][commit]
D/S4URC   ( 2661): [SDK] [android.content.ContextWrapper][getSharedPreferences] [File][20160218.xml] [MODE][MODE_PRIVATE]
D/S4URC   ( 2661): [SDK] [android.content.ContextWrapper][getSharedPreferences] [File][20160218.xml] [MODE][MODE_PRIVATE] [Method][getString] [String][runSDKConditionCode] [Return][180604141820676.apk]
D/S4URC   ( 2661): [SDK] [java.io.File] [Constructor] [FilePath][String] [/data/data/com.jr.qncqsd/files/200/1002/110021.data]
D/S4URC   ( 2661): [SDK] [java.io.File] [exists] [FilePath][String] [/data/data/com.jr.qncqsd/files/200/1002/110021.data]
D/S4URC   ( 2661): [SDK] [android.content.ContextWrapper][getSharedPreferences] [File][20160218.xml] [MODE][MODE_PRIVATE]
D/S4URC   ( 2661): [SDK] [android.content.ContextWrapper][getSharedPreferences] [File][20160218.xml] [MODE][MODE_PRIVATE] [Method][getString] [String][soleSDKConditionCode] [Return][]
D/S4URC   ( 2661): [SDK] [java.io.File] [Constructor] [FilePath][String] [/data/data/com.jr.qncqsd/files/200/1001/180604141820676.apk]
D/S4URC   ( 2661): [SDK] [java.io.File] [exists] [FilePath][String] [/data/data/com.jr.qncqsd/files/200/1001/180604141820676.apk]
D/S4URC   ( 2661): [SDK] [java.io.File] [Constructor] [FilePath][String] [/data/data/com.jr.qncqsd/files/200/1001/110011Copy.data]
D/S4URC   ( 2661): [SDK] [java.io.File] [exists] [FilePath][String] [/data/data/com.jr.qncqsd/files/200/1001/110011Copy.data]
D/S4URC   ( 2661): [SDK] [java.io.File] [Constructor] [FilePath][String] [/data/data/com.jr.qncqsd/files/200/1001/2016092017911]
D/S4URC   ( 2661): [SDK] [java.io.File] [exists] [FilePath][String] [/data/data/com.jr.qncqsd/files/200/1001/2016092017911]
D/S4URC   ( 2661): [SDK] [java.io.File] [Constructor] [FilePath][String] [/data/data/com.jr.qncqsd/files/200/1001/2016092017911]
D/S4URC   ( 2661): [SDK] [java.io.File] [getPath] [FilePath][String] [/data/data/com.jr.qncqsd/files/200/1001/2016092017911]
D/S4URC   ( 2661): [SDK] [java.io.File] [Constructor] [FilePath][String] [/data/data/com.jr.qncqsd/files/200/1001/2016092017911]
D/S4URC   ( 2661): [SDK] [java.io.File] [getPath] [FilePath][String] [/data/data/com.jr.qncqsd/files/200/1001/2016092017911]
D/S4URC   ( 2661): [SDK] [java.io.File] [Constructor] [FilePath][String] [/data/data/com.jr.qncqsd/files/200/1001/110011Copy.data]
D/S4URC   ( 2661): [SDK] [java.io.File] [getPath] [FilePath][String] [/data/data/com.jr.qncqsd/files/200/1001/110011Copy.data]
D/S4URC   ( 2661): [SDK] [java.lang.Class] [forName] [FindClass][String] [com.android.org.conscrypt.OpenSSLMessageDigestJDK$MD5]
D/S4URC   ( 2661): [SDK] [java.io.File] [Constructor] [FilePath][String] [/data/data/com.jr.qncqsd/files/200/1001/2016092017911]
D/S4URC   ( 2661): [SDK] [java.io.File] [Constructor] [FilePath][String] [/data/data/com.jr.qncqsd/files/200/1001/180604141820676.apk]
D/S4URC   ( 2661): [SDK] [java.io.File] [exists] [FilePath][String] [/data/data/com.jr.qncqsd/files/200/1001/2016092017911]
D/S4URC   ( 2661): [SDK] [java.io.File] [exists] [FilePath][String] [/data/data/com.jr.qncqsd/files/200/1001/180604141820676.apk]
D/S4URC   ( 2661): [SDK] [java.io.File] [renameTo] [FilePath][String] [/data/data/com.jr.qncqsd/files/200/1001/2016092017911] [DesFile][/data/data/com.jr.qncqsd/files/200/1001/180604141820676.apk]
D/S4URC   ( 2661): [SDK] [java.io.File] [Constructor] [FilePath][String] [/data/data/com.jr.qncqsd/files/200/1001/180604141820676.apk]
D/S4URC   ( 2661): [SDK] [java.io.File] [getPath] [FilePath][String] [/data/data/com.jr.qncqsd/files/200/1001/180604141820676.apk]
D/S4URC   ( 2661): [SDK] [java.lang.Class] [forName] [FindClass][String] [android.content.pm.PackageInfo]
D/S4URC   ( 2661): [SDK] [android.app.ApplicationPackageManager] [getInstalledPackages]
D/S4URC   ( 2661): [SDK] [java.io.File] [getPath] [FilePath][String] [/data/data/com.jr.qncqsd/shared_prefs]
D/S4URC   ( 2661): [SDK] [java.io.File] [getPath] [FilePath][String] [/data/data/com.jr.qncqsd/shared_prefs/Preference.xml]
D/S4URC   ( 2661): [SDK] [java.io.File] [Constructor] [FilePath][String] [/data/data/com.jr.qncqsd/shared_prefs/Preference.xml.bak]
D/S4URC   ( 2661): [SDK] [java.io.File] [exists] [FilePath][String] [/data/data/com.jr.qncqsd/shared_prefs/Preference.xml]
D/S4URC   ( 2661): [SDK] [android.content.ContextWrapper][getSharedPreferences] [File][Preference.xml] [MODE][MODE_PRIVATE]
D/S4URC   ( 2661): [SDK] [java.io.File] [exists] [FilePath][String] [/data/data/com.jr.qncqsd/shared_prefs/Preference.xml.bak]
D/S4URC   ( 2661): [SDK] [java.io.File] [exists] [FilePath][String] [/data/data/com.jr.qncqsd/shared_prefs/Preference.xml]
D/S4URC   ( 2661): [SDK] [java.io.File] [getPath] [FilePath][String] [/data/data/com.jr.qncqsd/shared_prefs/Preference.xml]
D/S4URC   ( 2661): [SDK] [android.content.ContextWrapper][getSharedPreferences] [File][Preference.xml] [MODE][MODE_PRIVATE] [Method][getIong] [Iong][loadDexTimeAtNotNet] [Return][0]
D/S4URC   ( 2661): [SDK] [android.content.ContextWrapper][getSharedPreferences] [File][Preference.xml] [MODE][MODE_PRIVATE]
D/S4URC   ( 2661): [SDK] [android.content.ContextWrapper][getSharedPreferences] [File][Preference.xml] [MODE][MODE_PRIVATE] [Method][putLong] [Key][loadDexTimeAtNotNet] [Value][1528161500762]
D/S4URC   ( 2661): [SDK] [java.io.File] [exists] [FilePath][String] [/data/data/com.jr.qncqsd/shared_prefs/Preference.xml]
D/S4URC   ( 2661): [SDK] [java.io.File] [getPath] [FilePath][String] [/data/data/com.jr.qncqsd/shared_prefs/Preference.xml]
D/S4URC   ( 2661): [SDK] [java.io.File] [delete] [FilePath][String] [/data/data/com.jr.qncqsd/shared_prefs/Preference.xml.bak]
D/S4URC   ( 2661): [SDK] [android.content.ContextWrapper][getSharedPreferences] [File][Preference.xml] [MODE][MODE_PRIVATE] [Method][commit]
D/S4URC   ( 2661): [SDK] [java.io.File] [getPath] [FilePath][String] [/data/data/com.jr.qncqsd]
D/S4URC   ( 2661): [SDK] [java.io.File] [getPath] [FilePath][String] [/data/data/com.jr.qncqsd/databases]
D/S4URC   ( 2661): [SDK] [java.io.File] [isDirectory] [FilePath][String] [/data/data/com.jr.qncqsd/databases]
D/S4URC   ( 2661): [SDK] [java.io.File] [mkdir] [FilePath][String] [/data/data/com.jr.qncqsd/databases]
D/S4URC   ( 2661): [SDK] [java.io.File] [getPath] [FilePath][String] [/data/data/com.jr.qncqsd/databases]
D/S4URC   ( 2661): [SDK] [java.io.File] [getPath] [FilePath][String] [/data/data/com.jr.qncqsd/databases/offline.dataBase]
D/S4URC   ( 2661): [SDK] [android.database.sqlite.SQLiteDatabase] [execSQL] [ExecInfo][String] [CREATE TABLE IF NOT EXISTS plugInfo (_id integer primary key autoincrement,apkid varchar(20),url varchar(50),className varchar(30),startArg varchar(30),md5 varchar(32),state integer,cversion integer,oversion integer)]
D/S4URC   ( 2661): [SDK] [android.database.sqlite.SQLiteDatabase] [execSQL] [ExecInfo][String] [PRAGMA user_version = 1]
D/S4URC   ( 2661): [SDK] [android.app.ActivityManager] [getRunningServices]
D/S4URC   ( 2661): [SDK] [java.io.File] [exists] [FilePath][String] [/data/data/com.jr.qncqsd/files]
D/S4URC   ( 2661): [SDK] [java.io.File] [Constructor] [FilePath][String] [/data/data/com.jr.qncqsd/files]
D/S4URC   ( 2661): [SDK] [java.io.File] [getPath] [FilePath][String] [/data/data/com.jr.qncqsd/files]
D/S4URC   ( 2661): [SDK] [java.io.File] [createNewFile] [FilePath][String] [/data/data/com.jr.qncqsd/files/a]
D/S4URC   ( 2661): [SDK] [java.io.File] [getPath] [FilePath][String] [/data/data/com.jr.qncqsd/files/a]
D/S4URC   ( 2661): [SDK] [java.io.File] [exists] [FilePath][String] [/data/data/com.jr.qncqsd/files]
D/S4URC   ( 2661): [SDK] [java.io.File] [Constructor] [FilePath][String] [/data/data/com.jr.qncqsd/files]
D/S4URC   ( 2661): [SDK] [java.io.File] [getPath] [FilePath][String] [/data/data/com.jr.qncqsd/files]
D/S4URC   ( 2661): [SDK] [java.io.File] [createNewFile] [FilePath][String] [/data/data/com.jr.qncqsd/files/c]
D/S4URC   ( 2661): [SDK] [java.io.File] [getPath] [FilePath][String] [/data/data/com.jr.qncqsd/files/c]
D/S4URC   ( 2661): [SDK] [java.io.File] [exists] [FilePath][String] [/data/data/com.jr.qncqsd/files]
D/S4URC   ( 2661): [SDK] [java.io.File] [Constructor] [FilePath][String] [/data/data/com.jr.qncqsd/files]
D/S4URC   ( 2661): [SDK] [java.io.File] [getPath] [FilePath][String] [/data/data/com.jr.qncqsd/files]
D/S4URC   ( 2661): [SDK] [java.io.File] [createNewFile] [FilePath][String] [/data/data/com.jr.qncqsd/files/s]
D/S4URC   ( 2661): [SDK] [java.io.File] [getPath] [FilePath][String] [/data/data/com.jr.qncqsd/files/s]
D/S4URC   ( 2661): [SDK] [java.io.File] [exists] [FilePath][String] [/data/data/com.jr.qncqsd/files]
D/S4URC   ( 2760): [SDK] [java.lang.Class] [forName] [FindClass][String] [java.net.HttpURLConnection]
D/S4URC   ( 2760): [SDK] [java.lang.Class] [forName] [FindClass][String] [com.android.okhttp.internal.http.HttpURLConnectionImpl]
D/S4URC   ( 2760): [SDK] [java.lang.Class] [forName] [FindClass][String] [java.net.Socket]
D/S4URC   ( 2760): [SDK] [java.lang.Class] [forName] [FindClass][String] [android.telephony.TelephonyManager]
D/S4URC   ( 2760): [SDK] [java.lang.Class] [forName] [FindClass][String] [android.os.Debug]
D/S4URC   ( 2760): [SDK] [java.lang.Class] [forName] [FindClass][String] [android.hardware.SensorManager]
D/S4URC   ( 2760): [SDK] [java.lang.Class] [forName] [FindClass][String] [android.content.res.ResourcesKey]
D/S4URC   ( 2760): [SDK] [java.lang.Class] [forName] [FindClass][String] [android.app.ResourcesManager]
D/S4URC   ( 2661): [SDK] [java.io.File] [exists] [FilePath][String] [/data/data/com.jr.qncqsd/files]
D/S4URC   ( 2760): [SDK] [java.io.File] [Constructor] [FilePath][String] [/data/app/com.jr.qncqsd-1/base.apk]
D/S4URC   ( 2760): [SDK] [java.io.File] [getPath] [FilePath][String] [/data/data/com.jr.qncqsd]
D/S4URC   ( 2760): [SDK] [java.io.File] [exists] [FilePath][String] [/data/data/com.jr.qncqsd/cache]
D/S4URC   ( 2760): [SDK] [java.io.File] [getPath] [FilePath][String] [/data/data/com.jr.qncqsd/cache]
D/S4URC   ( 2661): [SDK] [java.io.File] [exists] [FilePath][String] [/data/data/com.jr.qncqsd/files]
D/S4URC   ( 2661): [SDK] [java.io.File] [getPath] [FilePath][String] [/data/data/com.jr.qncqsd]
D/S4URC   ( 2661): [SDK] [java.io.File] [exists] [FilePath][String] [/data/data/com.jr.qncqsd/app_dex]
D/S4URC   ( 2661): [SDK] [java.io.File] [mkdir] [FilePath][String] [/data/data/com.jr.qncqsd/app_dex]
D/S4URC   ( 2661): [SDK] [java.io.File] [getPath] [FilePath][String] [/data/data/com.jr.qncqsd/app_dex]
D/S4URC   ( 2661): [SDK] [java.io.File] [getPath] [FilePath][String] [/data/data/com.jr.qncqsd]
D/S4URC   ( 2661): [SDK] [java.io.File] [exists] [FilePath][String] [/data/data/com.jr.qncqsd/app_lib]
D/S4URC   ( 2661): [SDK] [java.io.File] [mkdir] [FilePath][String] [/data/data/com.jr.qncqsd/app_lib]
D/S4URC   ( 2661): [SDK] [java.io.File] [getPath] [FilePath][String] [/data/data/com.jr.qncqsd/app_lib]
D/S4URC   ( 2661): [SDK] [dalvik.system.DexClassLoader] [Constructor] [DexPath][String] [/data/data/com.jr.qncqsd/files/mcr.apk] [NDKPath][String] [/data/data/com.jr.qncqsd/app_lib]
D/S4URC   ( 2661): [SDK] [java.io.File] [Constructor] [FilePath][String] [/data/data/com.jr.qncqsd/app_dex]
D/S4URC   ( 2661): [SDK] [dalvik.system.BaseDexClassLoader] [Constructor] [DexPath][String] [/data/data/com.jr.qncqsd/files/mcr.apk] [NDKPath][String] [/data/data/com.jr.qncqsd/app_lib]
D/S4URC   ( 2661): [SDK] [java.io.File] [exists] [FilePath][String] [/data/data/com.jr.qncqsd/app_dex]
D/S4URC   ( 2661): [SDK] [java.io.File] [canRead] [FilePath][String] [/data/data/com.jr.qncqsd/app_dex]
D/S4URC   ( 2661): [SDK] [java.io.File] [canWrite] [FilePath][String] [/data/data/com.jr.qncqsd/app_dex]
D/S4URC   ( 2661): [SDK] [java.io.File] [Constructor] [FilePath][String] [/data/data/com.jr.qncqsd/files/mcr.apk]
D/S4URC   ( 2661): [SDK] [java.io.File] [getName] [FilePath][String] [/data/data/com.jr.qncqsd/files/mcr.apk]
D/S4URC   ( 2661): [SDK] [java.io.File] [isDirectory] [FilePath][String] [/data/data/com.jr.qncqsd/files/mcr.apk]
D/S4URC   ( 2661): [SDK] [java.io.File] [isFile] [FilePath][String] [/data/data/com.jr.qncqsd/files/mcr.apk]
D/S4URC   ( 2661): [SDK] [java.io.File] [getName] [FilePath][String] [/data/data/com.jr.qncqsd/files/mcr.apk]
D/S4URC   ( 2661): [SDK] [java.io.File] [getPath] [FilePath][String] [/data/data/com.jr.qncqsd/app_dex]
D/S4URC   ( 2661): [SDK] [java.io.File] [getPath] [FilePath][String] [/data/data/com.jr.qncqsd/app_dex/mcr.dex]
D/S4URC   ( 2661): [SDK] [java.io.File] [getPath] [FilePath][String] [/data/data/com.jr.qncqsd/files/mcr.apk]
D/S4URC   ( 2661): [SDK] [java.io.File] [Constructor] [FilePath][String] [/data/data/com.jr.qncqsd/app_dex/mcr.dex]
D/S4URC   ( 2661): [SDK] [java.io.File] [getParent] [FilePath][String] [/data/data/com.jr.qncqsd/app_dex/mcr.dex]
D/S4URC   ( 2661): [SDK] [dalvik.system.DexFile] [openDexFile] [DexPath][String] [/data/data/com.jr.qncqsd/files/mcr.apk]
D/S4URC   ( 2661): [SDK] [java.io.File] [Constructor] [FilePath][String] [/data/data/com.jr.qncqsd/files/mcr.apk]
D/S4URC   ( 2661): [SDK] [java.io.File] [Constructor] [FilePath][String] [/data/data/com.jr.qncqsd/app_dex/mcr.dex]
D/S4URC   ( 2760): [SDK] [java.io.File] [getPath] [FilePath][String] [/data/data/com.jr.qncqsd]
D/S4URC   ( 2760): [SDK] [java.io.File] [exists] [FilePath][String] [/data/data/com.jr.qncqsd/files]
D/S4URC   ( 2760): [SDK] [java.io.File] [Constructor] [FilePath][String] [/data/data/com.jr.qncqsd/files/libHTPbMvhQomeIWIJHbootstrap.so]
D/S4URC   ( 2760): [SDK] [java.io.File] [exists] [FilePath][String] [/data/data/com.jr.qncqsd/files/libHTPbMvhQomeIWIJHbootstrap.so]
D/S4URC   ( 2760): [SDK] [java.io.File] [exists] [FilePath][String] [/data/data/com.jr.qncqsd/files]
D/S4URC   ( 2760): [SDK] [java.io.File] [Constructor] [FilePath][String] [/data/data/com.jr.qncqsd/files/libHTPbMvhQomeIWIJHbootstrap.so]
D/S4URC   ( 2760): [SDK] [java.io.File] [Constructor] [FilePath][String] [/data/app/com.jr.qncqsd-1/lib/arm/libHTPbMvhQomeIWIJHbootstrap.so]
D/S4URC   ( 2760): [SDK] [java.io.File] [exists] [FilePath][String] [/data/data/com.jr.qncqsd/files]
D/S4URC   ( 2760): [SDK] [dalvik.system.DexClassLoader] [Constructor] [DexPath][String] [/data/data/com.jr.qncqsd/files/UrisOAzvMuMknfjVdynamicloader.jar] [NDKPath][String] [null]
D/S4URC   ( 2760): [SDK] [java.io.File] [Constructor] [FilePath][String] [/data/data/com.jr.qncqsd/files/]
D/S4URC   ( 2760): [SDK] [dalvik.system.BaseDexClassLoader] [Constructor] [DexPath][String] [/data/data/com.jr.qncqsd/files/UrisOAzvMuMknfjVdynamicloader.jar] [NDKPath][String] [null]
D/S4URC   ( 2760): [SDK] [java.io.File] [exists] [FilePath][String] [/data/data/com.jr.qncqsd/files]
D/S4URC   ( 2760): [SDK] [java.io.File] [canRead] [FilePath][String] [/data/data/com.jr.qncqsd/files]
D/S4URC   ( 2760): [SDK] [java.io.File] [canWrite] [FilePath][String] [/data/data/com.jr.qncqsd/files]
D/S4URC   ( 2760): [SDK] [java.io.File] [Constructor] [FilePath][String] [/data/data/com.jr.qncqsd/files/UrisOAzvMuMknfjVdynamicloader.jar]
D/S4URC   ( 2760): [SDK] [java.io.File] [getName] [FilePath][String] [/data/data/com.jr.qncqsd/files/UrisOAzvMuMknfjVdynamicloader.jar]
D/S4URC   ( 2760): [SDK] [java.io.File] [isDirectory] [FilePath][String] [/data/data/com.jr.qncqsd/files/UrisOAzvMuMknfjVdynamicloader.jar]
D/S4URC   ( 2760): [SDK] [java.io.File] [isFile] [FilePath][String] [/data/data/com.jr.qncqsd/files/UrisOAzvMuMknfjVdynamicloader.jar]
D/S4URC   ( 2760): [SDK] [java.io.File] [getName] [FilePath][String] [/data/data/com.jr.qncqsd/files/UrisOAzvMuMknfjVdynamicloader.jar]
D/S4URC   ( 2760): [SDK] [java.io.File] [getPath] [FilePath][String] [/data/data/com.jr.qncqsd/files]
D/S4URC   ( 2760): [SDK] [java.io.File] [getPath] [FilePath][String] [/data/data/com.jr.qncqsd/files/UrisOAzvMuMknfjVdynamicloader.dex]
D/S4URC   ( 2760): [SDK] [java.io.File] [getPath] [FilePath][String] [/data/data/com.jr.qncqsd/files/UrisOAzvMuMknfjVdynamicloader.jar]
D/S4URC   ( 2760): [SDK] [java.io.File] [Constructor] [FilePath][String] [/data/data/com.jr.qncqsd/files/UrisOAzvMuMknfjVdynamicloader.dex]
D/S4URC   ( 2760): [SDK] [java.io.File] [getParent] [FilePath][String] [/data/data/com.jr.qncqsd/files/UrisOAzvMuMknfjVdynamicloader.dex]
D/S4URC   ( 2760): [SDK] [dalvik.system.DexFile] [openDexFile] [DexPath][String] [/data/data/com.jr.qncqsd/files/UrisOAzvMuMknfjVdynamicloader.jar]
D/S4URC   ( 2760): [SDK] [java.io.File] [Constructor] [FilePath][String] [/data/data/com.jr.qncqsd/files/UrisOAzvMuMknfjVdynamicloader.jar]
D/S4URC   ( 2760): [SDK] [java.io.File] [Constructor] [FilePath][String] [/data/data/com.jr.qncqsd/files/UrisOAzvMuMknfjVdynamicloader.dex]
D/S4URC   ( 2760): [SDK] [java.io.File] [Constructor] [FilePath][String] [/vendor/lib]
D/S4URC   ( 2760): [SDK] [java.io.File] [Constructor] [FilePath][String] [/system/lib]
D/S4URC   ( 2760): [SDK] [java.io.File] [exists] [FilePath][String] [/data/data/com.jr.qncqsd/files]
D/S4URC   ( 2760): [SDK] [java.io.File] [Constructor] [FilePath][String] [/data/app/com.jr.qncqsd-1/lib/arm]
D/S4URC   ( 2760): [SDK] [java.io.File] [list] [FilePath][String] [/data/app/com.jr.qncqsd-1/lib/arm]
D/S4URC   ( 2760): [SDK] [java.io.File] [Constructor] [FilePath][String] [/data/data/com.jr.qncqsd/files/solibs]
D/S4URC   ( 2760): [SDK] [java.io.File] [list] [FilePath][String] [/data/data/com.jr.qncqsd/files/solibs]
D/S4URC   ( 2760): [SDK] [java.io.File] [Constructor] [FilePath][String] [/data/app/com.jr.qncqsd-1/lib/arm/libOilJTkCqSETSOfBMdaemon.so]
D/S4URC   ( 2760): [SDK] [java.io.File] [exists] [FilePath][String] [/data/app/com.jr.qncqsd-1/lib/arm/libOilJTkCqSETSOfBMdaemon.so]
D/S4URC   ( 2760): [SDK] [java.io.File] [Constructor] [FilePath][String] [/data/app/com.jr.qncqsd-1/lib/arm/libOilJTkCqSETSOfBMdaemon.so]
D/S4URC   ( 2760): [SDK] [java.io.File] [exists] [FilePath][String] [/data/app/com.jr.qncqsd-1/lib/arm/libOilJTkCqSETSOfBMdaemon.so]
D/S4URC   ( 2760): [SDK] [java.io.File] [Constructor] [FilePath][String] [/data/app/com.jr.qncqsd-1/lib/arm/libOilJTkCqSETSOfBMdaemon.so]
D/S4URC   ( 2760): [SDK] [java.io.File] [getPath] [FilePath][String] [/data/app/com.jr.qncqsd-1/lib/arm/libOilJTkCqSETSOfBMdaemon.so]
D/S4URC   ( 2760): [SDK] [java.io.File] [Constructor] [FilePath][String] [/data/data/com.jr.qncqsd/files/OilJTkCqSETSOfBMdaemon.so]
D/S4URC   ( 2760): [SDK] [java.io.File] [exists] [FilePath][String] [/data/data/com.jr.qncqsd/files/OilJTkCqSETSOfBMdaemon.so]
D/S4URC   ( 2760): [SDK] [java.io.File] [Constructor] [FilePath][String] [/data/data/com.jr.qncqsd/files/.ready]
D/S4URC   ( 2760): [SDK] [java.io.File] [exists] [FilePath][String] [/data/data/com.jr.qncqsd/files/.ready]
D/S4URC   ( 2760): [SDK] [java.io.File] [Constructor] [FilePath][String] [/data/data/com.jr.qncqsd/files/solibs/libMffiIVNZVMCEUUVRsa.so]
D/S4URC   ( 2760): [SDK] [java.io.File] [exists] [FilePath][String] [/data/data/com.jr.qncqsd/files/solibs/libMffiIVNZVMCEUUVRsa.so]
D/S4URC   ( 2760): [SDK] [java.io.File] [Constructor] [FilePath][String] [/data/data/com.jr.qncqsd/files/solibs/libMffiIVNZVMCEUUVRsa.so]
D/S4URC   ( 2760): [SDK] [java.io.File] [exists] [FilePath][String] [/data/data/com.jr.qncqsd/files/solibs/libMffiIVNZVMCEUUVRsa.so]
D/S4URC   ( 2760): [SDK] [java.io.File] [Constructor] [FilePath][String] [/data/data/com.jr.qncqsd/files/solibs/libMffiIVNZVMCEUUVRsa.so]
D/S4URC   ( 2760): [SDK] [java.io.File] [getPath] [FilePath][String] [/data/data/com.jr.qncqsd/files/solibs/libMffiIVNZVMCEUUVRsa.so]
D/S4URC   ( 2760): [SDK] [java.io.File] [Constructor] [FilePath][String] [/data/data/com.jr.qncqsd/files/MffiIVNZVMCEUUVRsa.jar]
D/S4URC   ( 2760): [SDK] [java.io.File] [exists] [FilePath][String] [/data/data/com.jr.qncqsd/files/MffiIVNZVMCEUUVRsa.jar]
D/S4URC   ( 2760): [SDK] [java.io.File] [Constructor] [FilePath][String] [/data/data/com.jr.qncqsd/files/solibs/libmOzRLKVIhLFtMBllstub.so]
D/S4URC   ( 2760): [SDK] [java.io.File] [exists] [FilePath][String] [/data/data/com.jr.qncqsd/files/solibs/libmOzRLKVIhLFtMBllstub.so]
D/S4URC   ( 2760): [SDK] [java.io.File] [Constructor] [FilePath][String] [/data/data/com.jr.qncqsd/files/solibs/libmOzRLKVIhLFtMBllstub.so]
D/S4URC   ( 2760): [SDK] [java.io.File] [exists] [FilePath][String] [/data/data/com.jr.qncqsd/files/solibs/libmOzRLKVIhLFtMBllstub.so]
D/S4URC   ( 2760): [SDK] [java.io.File] [Constructor] [FilePath][String] [/data/data/com.jr.qncqsd/files/solibs/libmOzRLKVIhLFtMBllstub.so]
D/S4URC   ( 2760): [SDK] [java.io.File] [getPath] [FilePath][String] [/data/data/com.jr.qncqsd/files/solibs/libmOzRLKVIhLFtMBllstub.so]
D/S4URC   ( 2760): [SDK] [java.io.File] [Constructor] [FilePath][String] [/data/data/com.jr.qncqsd/files/mOzRLKVIhLFtMBllstub.jar]
D/S4URC   ( 2760): [SDK] [java.io.File] [exists] [FilePath][String] [/data/data/com.jr.qncqsd/files/mOzRLKVIhLFtMBllstub.jar]
D/S4URC   ( 2760): [SDK] [java.lang.Class] [forName] [FindClass][String] [android.app.ActivityThread]
D/S4URC   ( 2760): [SDK] [java.lang.Class] [forName] [FindClass][String] [android.app.LoadedApk]
D/S4URC   ( 2760): [SDK] [dalvik.system.DexClassLoader] [Constructor] [DexPath][String] [/data/data/com.jr.qncqsd/files/MffiIVNZVMCEUUVRsa.jar] [NDKPath][String] [/data/app/com.jr.qncqsd-1/lib/arm]
D/S4URC   ( 2760): [SDK] [java.io.File] [Constructor] [FilePath][String] [/data/data/com.jr.qncqsd/files]
D/S4URC   ( 2760): [SDK] [dalvik.system.BaseDexClassLoader] [Constructor] [DexPath][String] [/data/data/com.jr.qncqsd/files/MffiIVNZVMCEUUVRsa.jar] [NDKPath][String] [/data/app/com.jr.qncqsd-1/lib/arm]
D/S4URC   ( 2760): [SDK] [java.io.File] [exists] [FilePath][String] [/data/data/com.jr.qncqsd/files]
D/S4URC   ( 2760): [SDK] [java.io.File] [canRead] [FilePath][String] [/data/data/com.jr.qncqsd/files]
D/S4URC   ( 2760): [SDK] [java.io.File] [canWrite] [FilePath][String] [/data/data/com.jr.qncqsd/files]
D/S4URC   ( 2760): [SDK] [java.io.File] [Constructor] [FilePath][String] [/data/data/com.jr.qncqsd/files/MffiIVNZVMCEUUVRsa.jar]
D/S4URC   ( 2760): [SDK] [java.io.File] [getName] [FilePath][String] [/data/data/com.jr.qncqsd/files/MffiIVNZVMCEUUVRsa.jar]
D/S4URC   ( 2760): [SDK] [java.io.File] [isDirectory] [FilePath][String] [/data/data/com.jr.qncqsd/files/MffiIVNZVMCEUUVRsa.jar]
D/S4URC   ( 2760): [SDK] [java.io.File] [isFile] [FilePath][String] [/data/data/com.jr.qncqsd/files/MffiIVNZVMCEUUVRsa.jar]
D/S4URC   ( 2760): [SDK] [java.io.File] [getName] [FilePath][String] [/data/data/com.jr.qncqsd/files/MffiIVNZVMCEUUVRsa.jar]
D/S4URC   ( 2760): [SDK] [java.io.File] [getPath] [FilePath][String] [/data/data/com.jr.qncqsd/files]
D/S4URC   ( 2760): [SDK] [java.io.File] [getPath] [FilePath][String] [/data/data/com.jr.qncqsd/files/MffiIVNZVMCEUUVRsa.dex]
D/S4URC   ( 2760): [SDK] [java.io.File] [getPath] [FilePath][String] [/data/data/com.jr.qncqsd/files/MffiIVNZVMCEUUVRsa.jar]
D/S4URC   ( 2760): [SDK] [java.io.File] [Constructor] [FilePath][String] [/data/data/com.jr.qncqsd/files/MffiIVNZVMCEUUVRsa.dex]
D/S4URC   ( 2760): [SDK] [java.io.File] [getParent] [FilePath][String] [/data/data/com.jr.qncqsd/files/MffiIVNZVMCEUUVRsa.dex]
D/S4URC   ( 2760): [SDK] [dalvik.system.DexFile] [openDexFile] [DexPath][String] [/data/data/com.jr.qncqsd/files/MffiIVNZVMCEUUVRsa.jar]
D/S4URC   ( 2760): [SDK] [java.io.File] [Constructor] [FilePath][String] [/data/data/com.jr.qncqsd/files/MffiIVNZVMCEUUVRsa.jar]
