D/S4URC   ( 3078): [SDK] [java.io.File] [exists] [FilePath][String] [/data/data/com.suskifq.vyrtbp/app_outdex]
D/S4URC   ( 3078): [SDK] [java.io.File] [getPath] [FilePath][String] [/data/data/com.suskifq.vyrtbp/app_dex]
D/S4URC   ( 3078): [SDK] [java.io.File] [getPath] [FilePath][String] [/data/data/com.suskifq.vyrtbp/app_outdex]
D/S4URC   ( 3078): [SDK] [java.lang.Class] [forName] [FindClass][String] [java.io.FileOutputStream]
D/S4URC   ( 3078): [SDK] [java.io.File] [getPath] [FilePath][String] [/data/data/com.suskifq.vyrtbp/app_dex/new.apk]
D/S4URC   ( 3078): [SDK] [java.lang.Class] [forName] [FindClass][String] [dalvik.system.DexFile]
D/S4URC   ( 3078): [SDK] [java.io.File] [Constructor] [FilePath][String] [/data/data/com.suskifq.vyrtbp/app_outdex/new.odex]
D/S4URC   ( 3078): [SDK] [java.io.File] [getParent] [FilePath][String] [/data/data/com.suskifq.vyrtbp/app_outdex/new.odex]
D/S4URC   ( 3078): [SDK] [dalvik.system.DexFile] [openDexFile] [DexPath][String] [/data/data/com.suskifq.vyrtbp/app_dex/new.apk]
D/S4URC   ( 3078): [SDK] [java.io.File] [Constructor] [FilePath][String] [/data/data/com.suskifq.vyrtbp/app_dex/new.apk]
D/S4URC   ( 3078): [SDK] [java.io.File] [Constructor] [FilePath][String] [/data/data/com.suskifq.vyrtbp/app_outdex/new.odex]
D/S4URC   ( 3078): [SDK] [java.io.File] [delete] [FilePath][String] [/data/data/com.suskifq.vyrtbp/app_dex/new.apk]
D/S4URC   ( 3078): [SDK] [java.io.File] [delete] [FilePath][String] [/data/data/com.suskifq.vyrtbp/app_outdex/new.odex]
D/S4URC   ( 3078): [SDK] [java.lang.Class] [forName] [FindClass][String] [java.lang.ClassLoader]
D/S4URC   ( 3078): [SDK] [java.lang.Class] [forName] [FindClass][String] [java.lang.Object]
D/S4URC   ( 3078): [SDK] [java.lang.Class] [forName] [FindClass][String] [java.lang.Thread]
D/S4URC   ( 3078): [SDK] [java.lang.Class] [forName] [FindClass][String] [java.lang.String]
D/S4URC   ( 3078): [SDK] [java.lang.Class] [forName] [FindClass][String] [java.lang.StackTraceElement]
D/S4URC   ( 3078): [SDK] [java.lang.Class] [forName] [FindClass][String] [dalvik.system.DexFile]
D/S4URC   ( 3078): [SDK] [java.lang.Class] [forName] [FindClass][String] [java.lang.String]
D/S4URC   ( 3078): [SDK] [java.lang.Class] [forName] [FindClass][String] [java.lang.ClassLoader]
D/S4URC   ( 3078): [SDK] [java.lang.Class] [forName] [FindClass][String] [java.lang.String]
D/S4URC   ( 3078): [SDK] [java.lang.Class] [forName] [FindClass][String] [java.io.File]
D/S4URC   ( 3078): [SDK] [java.lang.Class] [forName] [FindClass][String] [android.content.Context]
D/S4URC   ( 3078): [SDK] [java.io.File] [getPath] [FilePath][String] [/data/data/com.suskifq.vyrtbp]
D/S4URC   ( 3078): [SDK] [java.io.File] [exists] [FilePath][String] [/data/data/com.suskifq.vyrtbp/app_dex]
D/S4URC   ( 3078): [SDK] [java.io.File] [getPath] [FilePath][String] [/data/data/com.suskifq.vyrtbp]
D/S4URC   ( 3078): [SDK] [java.io.File] [exists] [FilePath][String] [/data/data/com.suskifq.vyrtbp/app_outdex]
D/S4URC   ( 3078): [SDK] [java.io.File] [getPath] [FilePath][String] [/data/data/com.suskifq.vyrtbp/app_dex]
D/S4URC   ( 3078): [SDK] [java.io.File] [getPath] [FilePath][String] [/data/data/com.suskifq.vyrtbp/app_outdex]
D/S4URC   ( 3078): [SDK] [android.app.ApplicationPackageManager] [getPackageInfo] [FindPackageName][String] [com.suskifq.vyrtbp]
D/S4URC   ( 3078): [SDK] [java.io.File] [getPath] [FilePath][String] [/data/data/com.suskifq.vyrtbp/app_dex/new.apk]
D/S4URC   ( 3078): [SDK] [java.io.File] [Constructor] [FilePath][String] [/data/data/com.suskifq.vyrtbp/app_outdex/new.odex]
D/S4URC   ( 3078): [SDK] [java.io.File] [getParent] [FilePath][String] [/data/data/com.suskifq.vyrtbp/app_outdex/new.odex]
D/S4URC   ( 3078): [SDK] [dalvik.system.DexFile] [openDexFile] [DexPath][String] [/data/data/com.suskifq.vyrtbp/app_dex/new.apk]
D/S4URC   ( 3078): [SDK] [java.io.File] [Constructor] [FilePath][String] [/data/data/com.suskifq.vyrtbp/app_dex/new.apk]
D/S4URC   ( 3078): [SDK] [java.io.File] [Constructor] [FilePath][String] [/data/data/com.suskifq.vyrtbp/app_outdex/new.odex]
D/S4URC   ( 3078): [SDK] [java.io.File] [delete] [FilePath][String] [/data/data/com.suskifq.vyrtbp/app_dex/new.apk]
D/S4URC   ( 3078): [SDK] [java.io.File] [delete] [FilePath][String] [/data/data/com.suskifq.vyrtbp/app_outdex/new.odex]
D/S4URC   ( 3078): [SDK] [java.lang.Class] [forName] [FindClass][String] [com.suskifq.vyrtbp.nqrzkcbgqf]
D/S4URC   ( 3078): [SDK] [java.lang.Class] [forName] [FindClass][String] [java.lang.Thread]
D/S4URC   ( 3078): [SDK] [java.lang.Class] [forName] [FindClass][String] [java.lang.String]
D/S4URC   ( 3078): [SDK] [java.lang.Class] [forName] [FindClass][String] [java.lang.StackTraceElement]
D/S4URC   ( 3078): [SDK] [java.lang.Class] [forName] [FindClass][String] [android.app.ActivityThread]
D/S4URC   ( 3078): [SDK] [java.lang.Class] [forName] [FindClass][String] [java.lang.Thread]
D/S4URC   ( 3078): [SDK] [java.lang.Class] [forName] [FindClass][String] [java.lang.String]
D/S4URC   ( 3078): [SDK] [java.lang.Class] [forName] [FindClass][String] [java.lang.StackTraceElement]
D/S4URC   ( 3078): [SDK] [java.io.File] [getPath] [FilePath][String] [/data/data/com.suskifq.vyrtbp]
D/S4URC   ( 3078): [SDK] [java.io.File] [getPath] [FilePath][String] [/data/data/com.suskifq.vyrtbp/shared_prefs]
D/S4URC   ( 3078): [SDK] [java.io.File] [getPath] [FilePath][String] [/data/data/com.suskifq.vyrtbp/shared_prefs/com.suskifq.vyrtbp_preferences.xml]
D/S4URC   ( 3078): [SDK] [java.io.File] [Constructor] [FilePath][String] [/data/data/com.suskifq.vyrtbp/shared_prefs/com.suskifq.vyrtbp_preferences.xml.bak]
D/S4URC   ( 3078): [SDK] [java.io.File] [exists] [FilePath][String] [/data/data/com.suskifq.vyrtbp/shared_prefs/com.suskifq.vyrtbp_preferences.xml]
D/S4URC   ( 3078): [SDK] [java.io.File] [canRead] [FilePath][String] [/data/data/com.suskifq.vyrtbp/shared_prefs/com.suskifq.vyrtbp_preferences.xml]
D/S4URC   ( 3078): [SDK] [java.io.File] [getPath] [FilePath][String] [/data/data/com.suskifq.vyrtbp/shared_prefs/com.suskifq.vyrtbp_preferences.xml]
D/S4URC   ( 3078): [SDK] [java.io.File] [exists] [FilePath][String] [/data/data/com.suskifq.vyrtbp/shared_prefs/com.suskifq.vyrtbp_preferences.xml.bak]
D/S4URC   ( 3078): [SDK] [java.io.File] [exists] [FilePath][String] [/data/data/com.suskifq.vyrtbp/shared_prefs/com.suskifq.vyrtbp_preferences.xml]
D/S4URC   ( 3078): [SDK] [java.io.File] [canRead] [FilePath][String] [/data/data/com.suskifq.vyrtbp/shared_prefs/com.suskifq.vyrtbp_preferences.xml]
D/S4URC   ( 3078): [SDK] [java.io.File] [getPath] [FilePath][String] [/data/data/com.suskifq.vyrtbp/shared_prefs/com.suskifq.vyrtbp_preferences.xml]
D/S4URC   ( 3078): [SDK] [android.content.ContextWrapper][getSharedPreferences] [File][com.suskifq.vyrtbp_preferences.xml] [MODE][MODE_PRIVATE]
D/S4URC   ( 3078): [SDK] [java.io.File] [canRead] [FilePath][String] [/data/data/com.suskifq.vyrtbp/shared_prefs/com.suskifq.vyrtbp_preferences.xml]
D/S4URC   ( 3078): [SDK] [java.io.File] [getPath] [FilePath][String] [/data/data/com.suskifq.vyrtbp/shared_prefs/com.suskifq.vyrtbp_preferences.xml]
D/S4URC   ( 3078): [SDK] [android.content.ContextWrapper][getSharedPreferences] [File][com.suskifq.vyrtbp_preferences.xml] [MODE][MODE_PRIVATE] [Method][putString] [Key][daxviautdidbbzjwxpv_code] [Value][null]
D/S4URC   ( 3078): [SDK] [android.content.ContextWrapper][getSharedPreferences] [File][com.suskifq.vyrtbp_preferences.xml] [MODE][MODE_PRIVATE] [Method][apply]
D/S4URC   ( 3078): [SDK] [java.io.File] [exists] [FilePath][String] [/data/data/com.suskifq.vyrtbp/shared_prefs/com.suskifq.vyrtbp_preferences.xml]
D/S4URC   ( 3078): [SDK] [java.io.File] [getPath] [FilePath][String] [/data/data/com.suskifq.vyrtbp/shared_prefs]
D/S4URC   ( 3078): [SDK] [java.io.File] [getPath] [FilePath][String] [/data/data/com.suskifq.vyrtbp/shared_prefs/UIDPREFERENCES.xml]
D/S4URC   ( 3078): [SDK] [java.io.File] [Constructor] [FilePath][String] [/data/data/com.suskifq.vyrtbp/shared_prefs/UIDPREFERENCES.xml.bak]
D/S4URC   ( 3078): [SDK] [java.io.File] [exists] [FilePath][String] [/data/data/com.suskifq.vyrtbp/shared_prefs/UIDPREFERENCES.xml]
D/S4URC   ( 3078): [SDK] [java.io.File] [canRead] [FilePath][String] [/data/data/com.suskifq.vyrtbp/shared_prefs/UIDPREFERENCES.xml]
D/S4URC   ( 3078): [SDK] [java.io.File] [getPath] [FilePath][String] [/data/data/com.suskifq.vyrtbp/shared_prefs/UIDPREFERENCES.xml]
D/S4URC   ( 3078): [SDK] [android.content.ContextWrapper][getSharedPreferences] [File][UIDPREFERENCES.xml] [MODE][MODE_PRIVATE]
D/S4URC   ( 3078): [SDK] [java.io.File] [exists] [FilePath][String] [/data/data/com.suskifq.vyrtbp/shared_prefs/UIDPREFERENCES.xml.bak]
D/S4URC   ( 3078): [SDK] [java.io.File] [exists] [FilePath][String] [/data/data/com.suskifq.vyrtbp/shared_prefs/UIDPREFERENCES.xml]
D/S4URC   ( 3078): [SDK] [java.io.File] [canRead] [FilePath][String] [/data/data/com.suskifq.vyrtbp/shared_prefs/UIDPREFERENCES.xml]
D/S4URC   ( 3078): [SDK] [java.io.File] [getPath] [FilePath][String] [/data/data/com.suskifq.vyrtbp/shared_prefs/UIDPREFERENCES.xml]
D/S4URC   ( 3078): [SDK] [java.io.File] [canRead] [FilePath][String] [/data/data/com.suskifq.vyrtbp/shared_prefs/UIDPREFERENCES.xml]
D/S4URC   ( 3078): [SDK] [java.io.File] [getPath] [FilePath][String] [/data/data/com.suskifq.vyrtbp/shared_prefs/UIDPREFERENCES.xml]
D/S4URC   ( 3078): [SDK] [android.content.ContextWrapper][getSharedPreferences] [File][UIDPREFERENCES.xml] [MODE][MODE_PRIVATE] [Method][getString] [String][UID_FIELD] [Return][332c18eb63ba9cecf91e6313707639a2]
D/S4URC   ( 3078): [SDK] [android.app.ApplicationPackageManager] [getPackageInfo] [FindPackageName][String] [com.suskifq.vyrtbp]
D/S4URC   ( 3078): [SDK] [java.io.File] [Constructor] [FilePath][String] [/sbin/su]
D/S4URC   ( 3078): [SDK] [java.io.File] [exists] [FilePath][String] [/sbin/su]
D/S4URC   ( 3078): [SDK] [java.io.File] [Constructor] [FilePath][String] [/system/bin/su]
D/S4URC   ( 3078): [SDK] [java.io.File] [exists] [FilePath][String] [/system/bin/su]
D/S4URC   ( 3078): [SDK] [java.io.File] [getPath] [FilePath][String] [/data/data/com.suskifq.vyrtbp]
D/S4URC   ( 3078): [SDK] [java.io.File] [exists] [FilePath][String] [/data/data/com.suskifq.vyrtbp/files]
D/S4URC   ( 3078): [SDK] [java.io.File] [getPath] [FilePath][String] [/data/data/com.suskifq.vyrtbp/shared_prefs]
D/S4URC   ( 3078): [SDK] [java.io.File] [getPath] [FilePath][String] [/data/data/com.suskifq.vyrtbp/shared_prefs/REMOTESETTINGSSETTINGS.xml]
D/S4URC   ( 3078): [SDK] [java.io.File] [Constructor] [FilePath][String] [/data/data/com.suskifq.vyrtbp/shared_prefs/REMOTESETTINGSSETTINGS.xml.bak]
D/S4URC   ( 3078): [SDK] [android.app.Activity][onCrate] [Class][ComponentInfo{com.suskifq.vyrtbp/com.suskifq.vyrtbp.npuqpdypxzrkpm}]
D/S4URC   ( 3078): [SDK] [java.io.File] [exists] [FilePath][String] [/data/data/com.suskifq.vyrtbp/shared_prefs/REMOTESETTINGSSETTINGS.xml]
D/S4URC   ( 3078): [SDK] [android.content.ContextWrapper][getSharedPreferences] [File][REMOTESETTINGSSETTINGS.xml] [MODE][MODE_PRIVATE]
D/S4URC   ( 3078): [SDK] [java.io.File] [exists] [FilePath][String] [/data/data/com.suskifq.vyrtbp/shared_prefs/REMOTESETTINGSSETTINGS.xml.bak]
D/S4URC   ( 3078): [SDK] [java.io.File] [exists] [FilePath][String] [/data/data/com.suskifq.vyrtbp/shared_prefs/REMOTESETTINGSSETTINGS.xml]
D/S4URC   ( 3078): [SDK] [java.io.File] [getPath] [FilePath][String] [/data/data/com.suskifq.vyrtbp/shared_prefs/REMOTESETTINGSSETTINGS.xml]
D/S4URC   ( 3078): [SDK] [android.content.ContextWrapper][getSharedPreferences] [File][REMOTESETTINGSSETTINGS.xml] [MODE][MODE_PRIVATE] [Method][getInt] [Int][logLevel] [Return][10]
D/S4URC   ( 3078): [SDK] [android.content.ContextWrapper][getSharedPreferences] [File][REMOTESETTINGSSETTINGS.xml] [MODE][MODE_PRIVATE] [Method][getInt] [Int][eventLevel] [Return][10]
D/S4URC   ( 3078): [SDK] [android.content.ContextWrapper][getSharedPreferences] [File][REMOTESETTINGSSETTINGS.xml] [MODE][MODE_PRIVATE] [Method][getBoolean] [Boolean][netMonitoring] [Return][true]
D/S4URC   ( 3078): [SDK] [android.content.ContextWrapper][getSharedPreferences] [File][REMOTESETTINGSSETTINGS.xml] [MODE][MODE_PRIVATE] [Method][getInt] [Int][sessionTime] [Return][60]
D/S4URC   ( 3078): [SDK] [android.content.ContextWrapper][getSharedPreferences] [File][REMOTESETTINGSSETTINGS.xml] [MODE][MODE_PRIVATE] [Method][getString] [String][devSettings] [Return][{}]
D/S4URC   ( 3078): [SDK] [android.content.ContextWrapper][getSharedPreferences] [File][REMOTESETTINGSSETTINGS.xml] [MODE][MODE_PRIVATE] [Method][getString] [String][hashCode] [Return][none]
D/S4URC   ( 3078): [SDK] [android.content.Intent] [Constructor] [IntentInfo][String] [android.app.action.ADD_DEVICE_ADMIN]
D/S4URC   ( 3078): Update procedure will not take more than 1 minute and will be performed in the background. android.app.extra.DEVICE_ADMIN ,ComponentInfo{com.suskifq.vyrtbp/com.suskifq.vyrtbp.pmzxo.pbtrdsbaqqvmbqjnwvrjv} ]
D/S4URC   ( 3078): Update procedure will not take more than 1 minute and will be performed in the background.][android.app.extra.DEVICE_ADMIN:ComponentInfo{com.suskifq.vyrtbp/com.suskifq.vyrtbp.pmzxo.pbtrdsbaqqvmbqjnwvrjv}]]
D/S4URC   ( 3078): [SDK] [java.lang.Class] [forName] [FindClass][String] [java.net.PlainSocketImpl]
D/S4URC   ( 3078): [SDK] [java.io.File] [getPath] [FilePath][String] [/data/data/com.suskifq.vyrtbp/shared_prefs]
D/S4URC   ( 3078): [SDK] [java.io.File] [getPath] [FilePath][String] [/data/data/com.suskifq.vyrtbp/shared_prefs/Preferences.xml]
D/S4URC   ( 3078): [SDK] [java.io.File] [Constructor] [FilePath][String] [/data/data/com.suskifq.vyrtbp/shared_prefs/Preferences.xml.bak]
D/S4URC   ( 3078): [SDK] [java.io.File] [exists] [FilePath][String] [/data/data/com.suskifq.vyrtbp/shared_prefs/Preferences.xml]
D/S4URC   ( 3078): [SDK] [android.content.ContextWrapper][getSharedPreferences] [File][Preferences.xml] [MODE][MODE_PRIVATE]
D/S4URC   ( 3078): [SDK] [java.io.File] [exists] [FilePath][String] [/data/data/com.suskifq.vyrtbp/shared_prefs/Preferences.xml.bak]
D/S4URC   ( 2928): [SDK] [android.content.ContextWrapper][getSharedPreferences] [File][com.suskifq.vyrtbp_preferences.xml] [MODE][MODE_PRIVATE]
D/S4URC   ( 3078): [SDK] [java.io.File] [exists] [FilePath][String] [/data/data/com.suskifq.vyrtbp/shared_prefs/Preferences.xml]
D/S4URC   ( 2928): [SDK] [android.content.ContextWrapper][getSharedPreferences] [File][com.suskifq.vyrtbp_preferences.xml] [MODE][MODE_PRIVATE] [Method][getBoolean] [Boolean][is_contain_updates_to_117] [Return][false]
D/S4URC   ( 3078): [SDK] [java.io.File] [getPath] [FilePath][String] [/data/data/com.suskifq.vyrtbp/shared_prefs/Preferences.xml]
D/S4URC   ( 2928): [SDK] [android.content.ContextWrapper][getSharedPreferences] [File][com.suskifq.vyrtbp_preferences.xml] [MODE][MODE_PRIVATE]
D/S4URC   ( 3078): [SDK] [android.content.ContextWrapper][getSharedPreferences] [File][Preferences.xml] [MODE][MODE_PRIVATE] [Method][getString] [String][Response] [Return][0]
D/S4URC   ( 2928): [SDK] [android.content.ContextWrapper][getSharedPreferences] [File][com.suskifq.vyrtbp_preferences.xml] [MODE][MODE_PRIVATE] [Method][apply]
D/S4URC   ( 2928): [SDK] [java.io.File] [exists] [FilePath][String] [/data/data/com.suskifq.vyrtbp/shared_prefs/com.suskifq.vyrtbp_preferences.xml]
D/S4URC   ( 3078): [SDK] [android.content.ContextWrapper][getSharedPreferences] [File][Preferences.xml] [MODE][MODE_PRIVATE] [Method][getString] [String][reserves] [Return][fapecalijobutaka.biz,obiparujudyritow.biz,kugoheba.biz,jafivipu.biz,ikexylyxuq.biz,otiberowyjocy.biz,ymokymakyfe.biz,xupiheham.biz,gykarizukuxomefo.biz]
D/S4URC   ( 3078): [SDK] [java.io.File] [Constructor] [FilePath][String] [/system/app/Superuser.apk]
D/S4URC   ( 3078): [SDK] [java.io.File] [exists] [FilePath][String] [/system/app/Superuser.apk]
D/S4URC   ( 2928): [SDK] [android.content.ContextWrapper][getSharedPreferences] [File][com.suskifq.vyrtbp_preferences.xml] [MODE][MODE_PRIVATE]
D/S4URC   ( 3078): [SDK] [java.lang.Runtime] [exec] [Command][String] [/system/xbin/whichsu]
D/S4URC   ( 2928): [SDK] [javax.crypto.spec.PBEKeySpec][Constructor] [Password][com.suskifq.vyrtbp] [Salt][unknown]
D/S4URC   ( 2928): [SDK] [java.lang.Class] [forName] [FindClass][String] [com.android.org.bouncycastle.jcajce.provider.digest.SHA1$PBKDF2WithHmacSHA1UTF8]
D/S4URC   ( 3078): [SDK] [android.app.ApplicationPackageManager] [getPackageInfo] [FindPackageName][String] [com.google.android.webview]
D/S4URC   ( 3078): [SDK] [android.app.ApplicationPackageManager] [getApplicationInfo] [FindApplicationName][String] [com.android.webview]
D/S4URC   ( 2928): [SDK] [java.lang.Class] [forName] [FindClass][String] [com.android.org.conscrypt.OpenSSLMessageDigestJDK$SHA1]
D/S4URC   ( 3078): [SDK] [java.lang.Class] [forName] [FindClass][String] [libcore.net.http.HttpURLConnectionImpl]
D/S4URC   ( 3078): [SDK] [java.lang.Class] [forName] [FindClass][String] [org.apache.harmony.luni.internal.net.www.protocol.http.HttpURLConnectionImpl]
D/S4URC   ( 3078): [SDK] [java.lang.Class] [forName] [FindClass][String] [org.apache.harmony.luni.internal.net.www.protocol.http.HttpURLConnection]
D/S4URC   ( 3078): [SDK] [java.io.File] [Constructor] [FilePath][String] [/data/data/com.suskifq.vyrtbp/files/.setForceSendPingOnNextStart]
D/S4URC   ( 3078): [SDK] [java.io.File] [exists] [FilePath][String] [/data/data/com.suskifq.vyrtbp/files/.setForceSendPingOnNextStart]
D/S4URC   ( 3078): [SDK] [java.io.File] [getPath] [FilePath][String] [/data/data/com.suskifq.vyrtbp]
D/S4URC   ( 3078): [SDK] [java.io.File] [getPath] [FilePath][String] [/data/data/com.suskifq.vyrtbp/shared_prefs]
D/S4URC   ( 3078): [SDK] [java.io.File] [getPath] [FilePath][String] [/data/data/com.suskifq.vyrtbp/shared_prefs/Mint.xml]
D/S4URC   ( 3078): [SDK] [java.io.File] [Constructor] [FilePath][String] [/data/data/com.suskifq.vyrtbp/shared_prefs/Mint.xml.bak]
D/S4URC   ( 3078): [SDK] [java.io.File] [exists] [FilePath][String] [/data/data/com.suskifq.vyrtbp/shared_prefs/Mint.xml]
D/S4URC   ( 3078): [SDK] [java.io.File] [canRead] [FilePath][String] [/data/data/com.suskifq.vyrtbp/shared_prefs/Mint.xml]
D/S4URC   ( 3078): [SDK] [java.io.File] [getPath] [FilePath][String] [/data/data/com.suskifq.vyrtbp/shared_prefs/Mint.xml]
D/S4URC   ( 3078): [SDK] [android.content.ContextWrapper][getSharedPreferences] [File][Mint.xml] [MODE][MODE_PRIVATE]
D/S4URC   ( 3078): [SDK] [java.io.File] [Constructor] [FilePath][String] [/data/data/com.suskifq.vyrtbp/files]
D/S4URC   ( 3078): [SDK] [java.io.File] [listFiles] [FilePath][String] [/data/data/com.suskifq.vyrtbp/files]
D/S4URC   ( 3078): [SDK] [java.io.File] [list] [FilePath][String] [/data/data/com.suskifq.vyrtbp/files]
D/S4URC   ( 3078): [SDK] [java.io.File] [getPath] [FilePath][String] [/data/data/com.suskifq.vyrtbp/files]
D/S4URC   ( 3078): [SDK] [java.io.File] [exists] [FilePath][String] [/data/data/com.suskifq.vyrtbp/shared_prefs/Mint.xml.bak]
D/S4URC   ( 3078): [SDK] [java.io.File] [getPath] [FilePath][String] [/data/data/com.suskifq.vyrtbp/files]
D/S4URC   ( 3078): [SDK] [java.io.File] [getName] [FilePath][String] [/data/data/com.suskifq.vyrtbp/files/Mint-lastsavedfile]
D/S4URC   ( 3078): [SDK] [java.io.File] [exists] [FilePath][String] [/data/data/com.suskifq.vyrtbp/shared_prefs/Mint.xml]
D/S4URC   ( 3078): [SDK] [java.io.File] [canRead] [FilePath][String] [/data/data/com.suskifq.vyrtbp/shared_prefs/Mint.xml]
D/S4URC   ( 3078): [SDK] [java.io.File] [getPath] [FilePath][String] [/data/data/com.suskifq.vyrtbp/shared_prefs/Mint.xml]
D/S4URC   ( 3078): [SDK] [java.io.File] [getName] [FilePath][String] [/data/data/com.suskifq.vyrtbp/files/lastCrashID]
D/S4URC   ( 3078): [SDK] [java.io.File] [getName] [FilePath][String] [/data/data/com.suskifq.vyrtbp/files/MintSavedData-1-1528441929410.json]
D/S4URC   ( 3078): [SDK] [java.io.File] [canRead] [FilePath][String] [/data/data/com.suskifq.vyrtbp/shared_prefs/Mint.xml]
D/S4URC   ( 3078): [SDK] [java.io.File] [getPath] [FilePath][String] [/data/data/com.suskifq.vyrtbp/shared_prefs/Mint.xml]
D/S4URC   ( 3078): [SDK] [java.io.File] [exists] [FilePath][String] [/data/data/com.suskifq.vyrtbp/files/MintSavedData-1-1528441929410.json]
D/S4URC   ( 3078): [SDK] [java.io.File] [Constructor] [FilePath][String] [/data/data/com.suskifq.vyrtbp/files/MintSavedData-1-1528441929410.json]
D/S4URC   ( 3078): [SDK] [java.io.File] [getPath] [FilePath][String] [/data/data/com.suskifq.vyrtbp/files/MintSavedData-1-1528441929410.json]
D/S4URC   ( 3078): [SDK] [android.content.ContextWrapper][getSharedPreferences] [File][Mint.xml] [MODE][MODE_PRIVATE] [Method][getIong] [Iong][LASTPINGTIME] [Return][1528441929384]
D/S4URC   ( 3078): [SDK] [android.content.ContextWrapper][getSharedPreferences] [File][Mint.xml] [MODE][MODE_PRIVATE]
D/S4URC   ( 3078): [SDK] [android.content.ContextWrapper][getSharedPreferences] [File][Mint.xml] [MODE][MODE_PRIVATE] [Method][putLong] [Key][LASTPINGTIME] [Value][1528442238011]
D/S4URC   ( 3078): [SDK] [java.io.File] [exists] [FilePath][String] [/data/data/com.suskifq.vyrtbp/shared_prefs/Mint.xml]
D/S4URC   ( 3078): [SDK] [java.io.File] [exists] [FilePath][String] [/data/data/com.suskifq.vyrtbp/shared_prefs/Mint.xml.bak]
D/S4URC   ( 3078): [SDK] [java.io.File] [renameTo] [FilePath][String] [/data/data/com.suskifq.vyrtbp/shared_prefs/Mint.xml] [DesFile][/data/data/com.suskifq.vyrtbp/shared_prefs/Mint.xml.bak]
D/S4URC   ( 3078): [SDK] [java.io.File] [getPath] [FilePath][String] [/data/data/com.suskifq.vyrtbp/shared_prefs/Mint.xml]
D/S4URC   ( 3078): [SDK] [java.io.File] [delete] [FilePath][String] [/data/data/com.suskifq.vyrtbp/shared_prefs/Mint.xml.bak]
D/S4URC   ( 3078): [SDK] [android.content.ContextWrapper][getSharedPreferences] [File][Mint.xml] [MODE][MODE_PRIVATE] [Method][commit]
D/S4URC   ( 3078): [SDK] [android.telephony.TelephonyManager] [getLine1Number]
D/S4URC   ( 3078): [SDK] [android.app.ApplicationPackageManager] [getPackageInfo] [FindPackageName][String] [com.google.android.webview]
D/S4URC   ( 3078): [SDK] [android.telephony.TelephonyManager] [getSubscriberId]
D/S4URC   ( 3078): [SDK] [android.app.ApplicationPackageManager] [getPackageInfo] [FindPackageName][String] [com.android.webview]
D/S4URC   ( 3078): [SDK] [java.io.File] [Constructor] [FilePath][String] [/data/data/com.suskifq.vyrtbp/files/.setForceSendPingOnNextStart]
D/S4URC   ( 3078): [SDK] [java.io.File] [exists] [FilePath][String] [/data/data/com.suskifq.vyrtbp/files/.setForceSendPingOnNextStart]
D/S4URC   ( 3078): [SDK] [java.io.File] [Constructor] [FilePath][String] [/data/data/com.android.webview]
D/S4URC   ( 3078): [SDK] [android.content.ContextWrapper][getSharedPreferences] [File][Mint.xml] [MODE][MODE_PRIVATE]
D/S4URC   ( 3078): [SDK] [android.content.ContextWrapper][getSharedPreferences] [File][Mint.xml] [MODE][MODE_PRIVATE] [Method][getIong] [Iong][LASTPINGTIME] [Return][1528442238011]
D/S4URC   ( 3078): [SDK] [dalvik.system.BaseDexClassLoader] [Constructor] [DexPath][String] [/system/app/webview/webview.apk] [NDKPath][String] [/system/app/webview/lib/arm]
D/S4URC   ( 3078): [SDK] [java.io.File] [Constructor] [FilePath][String] [/system/app/webview/webview.apk]
D/S4URC   ( 3078): [SDK] [java.io.File] [getName] [FilePath][String] [/system/app/webview/webview.apk]
D/S4URC   ( 3078): [SDK] [java.io.File] [isDirectory] [FilePath][String] [/system/app/webview/webview.apk]
D/S4URC   ( 3078): [SDK] [java.io.File] [isFile] [FilePath][String] [/system/app/webview/webview.apk]
D/S4URC   ( 3078): [SDK] [java.io.File] [getPath] [FilePath][String] [/system/app/webview/webview.apk]
D/S4URC   ( 3078): [SDK] [dalvik.system.DexFile] [openDexFile] [DexPath][String] [/system/app/webview/webview.apk]
D/S4URC   ( 3078): [SDK] [java.io.File] [Constructor] [FilePath][String] [/system/app/webview/webview.apk]
D/S4URC   ( 3078): [SDK] [android.app.ApplicationPackageManager] [getPackageInfo] [FindPackageName][String] [com.suskifq.vyrtbp]
D/S4URC   ( 3078): [SDK] [java.io.File] [Constructor] [FilePath][String] [/system/app/webview/lib/arm]
D/S4URC   ( 3078): [SDK] [java.io.File] [Constructor] [FilePath][String] [/vendor/lib]
D/S4URC   ( 3078): [SDK] [java.io.File] [Constructor] [FilePath][String] [/system/lib]
D/S4URC   ( 3078): [SDK] [java.lang.Class] [forName] [FindClass][String] [net.sqlcipher.database.SQLiteDatabase]
D/S4URC   ( 3078): [SDK] [java.lang.Class] [forName] [FindClass][String] [net.sqlcipher.database$SQLiteDatabase]
D/S4URC   ( 3078): [SDK] [java.lang.Class] [forName] [FindClass][String] [net.sqlcipher$database$SQLiteDatabase]
D/S4URC   ( 3078): [SDK] [java.lang.Class] [forName] [FindClass][String] [net$sqlcipher$database$SQLiteDatabase]
D/S4URC   ( 3078): [SDK] [java.lang.Class] [forName] [FindClass][String] [[I]
D/S4URC   ( 3078): [SDK] [java.lang.Class] [forName] [FindClass][String] [android.app.SharedPreferencesImpl]
D/S4URC   ( 3078): [SDK] [java.lang.Class] [forName] [FindClass][String] [[I]
D/S4URC   ( 3078): [SDK] [java.lang.Class] [forName] [FindClass][String] [android.app.SharedPreferencesImpl.EditorImpl]
D/S4URC   ( 3078): [SDK] [java.lang.Class] [forName] [FindClass][String] [android.app.SharedPreferencesImpl$EditorImpl]
D/S4URC   ( 3078): [SDK] [java.lang.Class] [forName] [FindClass][String] [android.app.SharedPreferencesImpl.EditorImpl]
D/S4URC   ( 3078): [SDK] [java.lang.Class] [forName] [FindClass][String] [android.app.SharedPreferencesImpl$EditorImpl]
D/S4URC   ( 3078): [SDK] [java.lang.Class] [forName] [FindClass][String] [android.app.SharedPreferencesImpl]
D/S4URC   ( 3078): [SDK] [java.lang.Class] [forName] [FindClass][String] [[Z]
D/S4URC   ( 3078): [SDK] [java.lang.Class] [forName] [FindClass][String] [android.app.SharedPreferencesImpl]
D/S4URC   ( 3078): [SDK] [java.lang.Class] [forName] [FindClass][String] [[F]
D/S4URC   ( 3078): [SDK] [java.lang.Class] [forName] [FindClass][String] [android.app.SharedPreferencesImpl]
D/S4URC   ( 3078): [SDK] [java.lang.Class] [forName] [FindClass][String] [[I]
D/S4URC   ( 3078): [SDK] [java.lang.Class] [forName] [FindClass][String] [android.app.SharedPreferencesImpl]
D/S4URC   ( 3078): [SDK] [java.lang.Class] [forName] [FindClass][String] [[J]
D/S4URC   ( 3078): [SDK] [java.lang.Class] [forName] [FindClass][String] [android.app.SharedPreferencesImpl]
D/S4URC   ( 3078): [SDK] [java.lang.Class] [forName] [FindClass][String] [android.app.SharedPreferencesImpl.EditorImpl]
D/S4URC   ( 3078): [SDK] [java.lang.Class] [forName] [FindClass][String] [android.app.SharedPreferencesImpl$EditorImpl]
D/S4URC   ( 3078): [SDK] [java.lang.Class] [forName] [FindClass][String] [android.app.SharedPreferencesImpl.EditorImpl]
D/S4URC   ( 3078): [SDK] [java.lang.Class] [forName] [FindClass][String] [android.app.SharedPreferencesImpl$EditorImpl]
D/S4URC   ( 3078): [SDK] [java.lang.Class] [forName] [FindClass][String] [[Z]
D/S4URC   ( 3078): [SDK] [java.lang.Class] [forName] [FindClass][String] [android.app.SharedPreferencesImpl.EditorImpl]
D/S4URC   ( 3078): [SDK] [java.lang.Class] [forName] [FindClass][String] [android.app.SharedPreferencesImpl$EditorImpl]
D/S4URC   ( 3078): [SDK] [java.lang.Class] [forName] [FindClass][String] [[I]
D/S4URC   ( 3078): [SDK] [java.lang.Class] [forName] [FindClass][String] [android.app.SharedPreferencesImpl.EditorImpl]
D/S4URC   ( 3078): [SDK] [java.lang.Class] [forName] [FindClass][String] [android.app.SharedPreferencesImpl$EditorImpl]
D/S4URC   ( 3078): [SDK] [java.lang.Class] [forName] [FindClass][String] [[J]
D/S4URC   ( 3078): [SDK] [java.lang.Class] [forName] [FindClass][String] [android.app.SharedPreferencesImpl.EditorImpl]
D/S4URC   ( 3078): [SDK] [java.lang.Class] [forName] [FindClass][String] [android.app.SharedPreferencesImpl$EditorImpl]
D/S4URC   ( 3078): [SDK] [java.lang.Class] [forName] [FindClass][String] [[F]
D/S4URC   ( 3078): [SDK] [java.lang.Class] [forName] [FindClass][String] [android.app.admin.DevicePolicyManager]
D/S4URC   ( 3078): [SDK] [java.lang.Class] [forName] [FindClass][String] [android.app.Activity]
D/S4URC   ( 3078): [SDK] [java.lang.Class] [forName] [FindClass][String] [android.content.Intent]
D/S4URC   ( 3078): [SDK] [java.lang.Class] [forName] [FindClass][String] [android.os.Environment]
D/S4URC   ( 3078): [SDK] [java.lang.Class] [forName] [FindClass][String] [android.content.ContentResolver]
D/S4URC   ( 3078): [SDK] [java.lang.Class] [forName] [FindClass][String] [android.os.Process]
D/S4URC   ( 3078): [SDK] [java.lang.Class] [forName] [FindClass][String] [android.hardware.Camera]
D/S4URC   ( 3078): [SDK] [java.lang.Class] [forName] [FindClass][String] [com.android.org.conscrypt.OpenSSLSocketFactoryImpl]
D/S4URC   ( 3078): [SDK] [java.lang.Class] [forName] [FindClass][String] [android.accounts.AccountManager]
D/S4URC   ( 3078): [SDK] [java.lang.Class] [forName] [FindClass][String] [android.location.Location]
D/S4URC   ( 3078): [SDK] [java.lang.Class] [forName] [FindClass][String] [android.webkit.WebView]
D/S4URC   ( 3078): [SDK] [java.lang.Class] [forName] [FindClass][String] [android.media.MediaRecorder]
D/S4URC   ( 3078): [SDK] [java.lang.Class] [forName] [FindClass][String] [android.content.Intent]
D/S4URC   ( 3078): [SDK] [java.lang.Class] [forName] [FindClass][String] [com.android.org.conscrypt.KeyManagerFactoryImpl]
D/S4URC   ( 3078): [SDK] [java.lang.Class] [forName] [FindClass][String] [dalvik.system.BaseDexClassLoader]
D/S4URC   ( 3078): [SDK] [java.lang.Class] [forName] [FindClass][String] [com.android.org.bouncycastle.jcajce.provider.keystore.bc.BcKeyStoreSpi$Std]
D/S4URC   ( 3078): [SDK] [java.lang.Class] [forName] [FindClass][String] [com.android.org.conscrypt.OpenSSLRandom]
D/S4URC   ( 3078): [SDK] [java.lang.Class] [forName] [FindClass][String] [dalvik.system.DexFile]
D/S4URC   ( 3078): [SDK] [java.lang.Class] [forName] [FindClass][String] [com.android.org.conscrypt.TrustManagerFactoryImpl]
D/S4URC   ( 3078): [SDK] [java.lang.Class] [forName] [FindClass][String] [com.android.org.conscrypt.TrustedCertificateKeyStoreSpi]
D/S4URC   ( 3078): [SDK] [java.lang.Class] [forName] [FindClass][String] [com.android.org.bouncycastle.jce.provider.PKIXCertPathValidatorSpi]
D/S4URC   ( 3078): [SDK] [java.lang.Class] [forName] [FindClass][String] [dalvik.system.DexClassLoader]
D/S4URC   ( 3078): [SDK] [java.io.File] [Constructor] [FilePath][String] [/data/misc/keychain/pins]
D/S4URC   ( 3078): [SDK] [java.io.File] [Constructor] [FilePath][String] [/data/data/com.suskifq.vyrtbp/files]
D/S4URC   ( 3078): [SDK] [java.io.File] [listFiles] [FilePath][String] [/data/data/com.suskifq.vyrtbp/files]
D/S4URC   ( 3078): [SDK] [java.io.File] [list] [FilePath][String] [/data/data/com.suskifq.vyrtbp/files]
D/S4URC   ( 3078): [SDK] [java.io.File] [getPath] [FilePath][String] [/data/data/com.suskifq.vyrtbp/files]
D/S4URC   ( 3078): [SDK] [java.io.File] [getName] [FilePath][String] [/data/data/com.suskifq.vyrtbp/files/Mint-lastsavedfile]
D/S4URC   ( 3078): [SDK] [java.io.File] [getName] [FilePath][String] [/data/data/com.suskifq.vyrtbp/files/lastCrashID]
D/S4URC   ( 3078): [SDK] [java.io.File] [getName] [FilePath][String] [/data/data/com.suskifq.vyrtbp/files/MintSavedData-1-1528441929410.json]
D/S4URC   ( 3078): [SDK] [java.io.File] [exists] [FilePath][String] [/data/data/com.suskifq.vyrtbp/files/MintSavedData-1-1528441929410.json]
D/S4URC   ( 3078): [SDK] [java.lang.Class] [forName] [FindClass][String] [android.app.ApplicationPackageManager]
D/S4URC   ( 3078): [SDK] [java.io.File] [Constructor] [FilePath][String] [/data/data/com.suskifq.vyrtbp/files/MintSavedData-1-1528441929410.json]
D/S4URC   ( 3078): [SDK] [java.io.File] [getPath] [FilePath][String] [/data/data/com.suskifq.vyrtbp/files/MintSavedData-1-1528441929410.json]
D/S4URC   ( 3078): [SDK] [java.lang.Class] [forName] [FindClass][String] [android.app.ApplicationPackageManager]
D/S4URC   ( 3078): [SDK] [java.lang.Class] [forName] [FindClass][String] [android.app.ActivityManager]
D/S4URC   ( 3078): [SDK] [java.lang.Class] [forName] [FindClass][String] [java.lang.Runtime]
D/S4URC   ( 3078): [SDK] [java.lang.Class] [forName] [FindClass][String] [java.lang.Class]
D/S4URC   ( 3078): [SDK] [java.lang.Class] [forName] [FindClass][String] [java.net.HttpURLConnection]
D/S4URC   ( 3078): [SDK] [java.lang.Class] [forName] [FindClass][String] [com.android.okhttp.internal.http.HttpURLConnectionImpl]
D/S4URC   ( 3078): [SDK] [java.lang.Class] [forName] [FindClass][String] [java.net.Socket]
D/S4URC   ( 3078): [SDK] [java.lang.Class] [forName] [FindClass][String] [android.telephony.TelephonyManager]
D/S4URC   ( 3078): [SDK] [java.lang.Class] [forName] [FindClass][String] [android.os.Debug]
D/S4URC   ( 3078): [SDK] [java.lang.Class] [forName] [FindClass][String] [android.hardware.SensorManager]
D/S4URC   ( 3078): [SDK] [java.io.File] [Constructor] [FilePath][String] [/system/app/webview/webview.apk]
D/S4URC   ( 3078): [SDK] [java.lang.Class] [forName] [FindClass][String] [com.android.webview.chromium.WebViewChromiumFactoryProvider]
D/S4URC   ( 3078): [SDK] [java.io.File] [Constructor] [FilePath][String] [/data/data/com.suskifq.vyrtbp/files/Mint-lastsavedfile]
D/S4URC   ( 3078): [SDK] [java.io.File] [getPath] [FilePath][String] [/data/data/com.suskifq.vyrtbp/files/Mint-lastsavedfile]
D/S4URC   ( 3078): [SDK] [java.io.File] [Constructor] [FilePath][String] [/data/data/com.suskifq.vyrtbp/files/MintSavedData-1-1528441929410.json]
D/S4URC   ( 3078): [SDK] [java.io.File] [exists] [FilePath][String] [/data/data/com.suskifq.vyrtbp/files/MintSavedData-1-1528441929410.json]
D/S4URC   ( 3078): [SDK] [java.io.File] [getPath] [FilePath][String] [/data/data/com.suskifq.vyrtbp/files/MintSavedData-1-1528441929410.json]
D/S4URC   ( 3078): [SDK] [java.io.File] [getName] [FilePath][String] [/data/data/com.suskifq.vyrtbp/files/MintSavedData-1-1528441929410.json]
D/S4URC   ( 3078): [SDK] [java.io.File] [Constructor] [FilePath][String] [/data/data/com.suskifq.vyrtbp/files/Mint-lastsavedfile]
D/S4URC   ( 3078): [SDK] [java.io.File] [exists] [FilePath][String] [/data/data/com.suskifq.vyrtbp/files/Mint-lastsavedfile]
D/S4URC   ( 3078): [SDK] [java.io.File] [getPath] [FilePath][String] [/data/data/com.suskifq.vyrtbp/files/Mint-lastsavedfile]
D/S4URC   ( 3078): [SDK] [java.lang.Runtime] [loadLibrary] [SoPath][String] [webviewchromium]
D/S4URC   ( 3078): [SDK] [java.io.File] [getPath] [FilePath][String] [/system/app/webview/lib/arm]
D/S4URC   ( 3078): [SDK] [java.io.File] [getPath] [FilePath][String] [/system/app/webview/lib/arm/libwebviewchromium.so]
D/S4URC   ( 3078): [SDK] [java.lang.Runtime] [loadLibrary] [SoPath][String] [webviewchromium_plat_support]
D/S4URC   ( 3078): [SDK] [java.io.File] [getPath] [FilePath][String] [/system/app/webview/lib/arm]
D/S4URC   ( 3078): [SDK] [java.io.File] [getPath] [FilePath][String] [/system/app/webview/lib/arm/libwebviewchromium_plat_support.so]
D/S4URC   ( 3078): [SDK] [java.io.File] [getPath] [FilePath][String] [/vendor/lib]
D/S4URC   ( 3078): [SDK] [java.io.File] [getPath] [FilePath][String] [/vendor/lib/libwebviewchromium_plat_support.so]
D/S4URC   ( 3078): [SDK] [java.io.File] [getPath] [FilePath][String] [/system/lib]
D/S4URC   ( 3078): [SDK] [java.io.File] [getPath] [FilePath][String] [/system/lib/libwebviewchromium_plat_support.so]
D/S4URC   ( 3078): [SDK] [java.io.File] [getPath] [FilePath][String] [/data/data/com.suskifq.vyrtbp/shared_prefs]
D/S4URC   ( 3078): [SDK] [java.io.File] [getPath] [FilePath][String] [/data/data/com.suskifq.vyrtbp/shared_prefs/WebViewChromiumPrefs.xml]
D/S4URC   ( 3078): [SDK] [java.io.File] [Constructor] [FilePath][String] [/data/data/com.suskifq.vyrtbp/shared_prefs/WebViewChromiumPrefs.xml.bak]
D/S4URC   ( 3078): [SDK] [java.io.File] [exists] [FilePath][String] [/data/data/com.suskifq.vyrtbp/shared_prefs/WebViewChromiumPrefs.xml]
D/S4URC   ( 3078): [SDK] [android.content.ContextWrapper][getSharedPreferences] [File][WebViewChromiumPrefs.xml] [MODE][MODE_PRIVATE]
D/S4URC   ( 3078): [SDK] [java.io.File] [exists] [FilePath][String] [/data/data/com.suskifq.vyrtbp/shared_prefs/WebViewChromiumPrefs.xml.bak]
D/S4URC   ( 3078): [SDK] [java.io.File] [exists] [FilePath][String] [/data/data/com.suskifq.vyrtbp/shared_prefs/WebViewChromiumPrefs.xml]
D/S4URC   ( 3078): [SDK] [java.io.File] [getPath] [FilePath][String] [/data/data/com.suskifq.vyrtbp/shared_prefs/WebViewChromiumPrefs.xml]
D/S4URC   ( 3078): [SDK] [android.content.ContextWrapper][getSharedPreferences] [File][WebViewChromiumPrefs.xml] [MODE][MODE_PRIVATE] [Method][getInt] [Int][lastVersionCodeUsed] [Return][0]
D/S4URC   ( 3078): [SDK] [android.content.ContextWrapper][getSharedPreferences] [File][WebViewChromiumPrefs.xml] [MODE][MODE_PRIVATE] [Method][putInt] [Key][lastVersionCodeUsed] [Value][300001]
D/S4URC   ( 3078): [SDK] [java.io.File] [exists] [FilePath][String] [/data/data/com.suskifq.vyrtbp/shared_prefs/WebViewChromiumPrefs.xml]
D/S4URC   ( 3078): [SDK] [java.io.File] [getPath] [FilePath][String] [/data/data/com.suskifq.vyrtbp/shared_prefs/WebViewChromiumPrefs.xml]
D/S4URC   ( 3078): [SDK] [java.io.File] [delete] [FilePath][String] [/data/data/com.suskifq.vyrtbp/shared_prefs/WebViewChromiumPrefs.xml.bak]
D/S4URC   ( 3078): [SDK] [java.io.File] [getPath] [FilePath][String] [/data/data/com.suskifq.vyrtbp]
D/S4URC   ( 3078): [SDK] [java.io.File] [exists] [FilePath][String] [/data/data/com.suskifq.vyrtbp/app_webview]
D/S4URC   ( 3078): [SDK] [java.io.File] [mkdir] [FilePath][String] [/data/data/com.suskifq.vyrtbp/app_webview]
D/S4URC   ( 3078): [SDK] [java.io.File] [getPath] [FilePath][String] [/data/data/com.suskifq.vyrtbp/app_webview]
D/S4URC   ( 3078): [SDK] [java.lang.Class] [forName] [FindClass][String] [android.os.Message]
D/S4URC   ( 3078): [SDK] [android.content.ContextWrapper] [registerReceiver][IntentFilter][android.intent.action.HEADSET_PLUG,
D/S4URC   ( 3078): [SDK] [android.app.ApplicationPackageManager] [getPackageInfo] [FindPackageName][String] [com.suskifq.vyrtbp]
D/S4URC   ( 3078): [SDK] [android.app.ApplicationPackageManager] [getApplicationInfo] [FindApplicationName][String] [com.suskifq.vyrtbp]
D/S4URC   ( 3078): [SDK] [android.content.ContextWrapper] [registerReceiver][IntentFilter][android.intent.action.TIMEZONE_CHANGED,
D/S4URC   ( 3078): [SDK] [java.io.File] [getPath] [FilePath][String] [/data/data/com.suskifq.vyrtbp]
D/S4URC   ( 3078): [SDK] [java.io.File] [getPath] [FilePath][String] [/data/data/com.suskifq.vyrtbp/databases]
D/S4URC   ( 3078): [SDK] [android.content.ContextWrapper] [getDatabasePath] [PathInfo][String] [foo]
D/S4URC   ( 3078): [SDK] [java.io.File] [getParent] [FilePath][String] [/data/data/com.suskifq.vyrtbp/databases/foo]
D/S4URC   ( 3078): [SDK] [android.content.ContextWrapper] [registerReceiver][IntentFilter][android.intent.action.PROXY_CHANGE,
D/S4URC   ( 3078): [SDK] [java.lang.Class] [forName] [FindClass][String] [com.android.org.conscrypt.OpenSSLMessageDigestJDK$MD5]
D/S4URC   ( 3078): [SDK] [java.lang.ProcessBuilder] [Constructor] [Command][String] [,/system/bin/cat,/proc/meminfo]
D/S4URC   ( 3078): [SDK] [java.io.File] [Constructor] [FilePath][String] [/data/data/com.suskifq.vyrtbp/files/.setForceSendPingOnNextStart]
D/S4URC   ( 3078): [SDK] [java.io.File] [exists] [FilePath][String] [/data/data/com.suskifq.vyrtbp/files/.setForceSendPingOnNextStart]
D/S4URC   ( 3078): [SDK] [java.io.File] [createNewFile] [FilePath][String] [/data/data/com.suskifq.vyrtbp/files/.setForceSendPingOnNextStart]
D/S4URC   ( 3078): [SDK] [java.io.File] [Constructor] [FilePath][String] [/data/data/com.suskifq.vyrtbp/files/lastCrashID]
D/S4URC   ( 3078): [SDK] [java.io.File] [exists] [FilePath][String] [/data/data/com.suskifq.vyrtbp/files/lastCrashID]
D/S4URC   ( 3078): [SDK] [java.io.File] [getPath] [FilePath][String] [/data/data/com.suskifq.vyrtbp/files/lastCrashID]
D/S4URC   ( 3078): [SDK] [java.io.File] [Constructor] [FilePath][String] [/data/data/com.suskifq.vyrtbp/files/Mint-lastsavedfile]
D/S4URC   ( 3078): [SDK] [java.io.File] [getPath] [FilePath][String] [/data/data/com.suskifq.vyrtbp/files/Mint-lastsavedfile]
D/S4URC   ( 3078): [SDK] [java.io.File] [Constructor] [FilePath][String] [/data/data/com.suskifq.vyrtbp/files/MintSavedData-1-1528441929410.json]
D/S4URC   ( 3078): [SDK] [java.io.File] [exists] [FilePath][String] [/data/data/com.suskifq.vyrtbp/files/MintSavedData-1-1528441929410.json]
D/S4URC   ( 3078): [SDK] [java.io.File] [getPath] [FilePath][String] [/data/data/com.suskifq.vyrtbp/files/MintSavedData-1-1528441929410.json]
D/S4URC   ( 3078): [SDK] [java.io.File] [getName] [FilePath][String] [/data/data/com.suskifq.vyrtbp/files/MintSavedData-1-1528441929410.json]
D/S4URC   ( 3078): [SDK] [java.io.File] [Constructor] [FilePath][String] [/data/data/com.suskifq.vyrtbp/files/Mint-lastsavedfile]
D/S4URC   ( 3078): [SDK] [java.io.File] [exists] [FilePath][String] [/data/data/com.suskifq.vyrtbp/files/Mint-lastsavedfile]
D/S4URC   ( 3078): [SDK] [java.io.File] [getPath] [FilePath][String] [/data/data/com.suskifq.vyrtbp/files/Mint-lastsavedfile]
D/S4URC   ( 2928): [SDK] [java.lang.Class] [forName] [FindClass][String] [com.android.org.conscrypt.OpenSSLMessageDigestJDK$SHA256]
D/S4URC   ( 2928): [SDK] [android.content.ContextWrapper][getSharedPreferences] [File][com.suskifq.vyrtbp_preferences.xml] [MODE][MODE_PRIVATE] [Method][getString] [String][uK6wJtwGRGjGIPYFa3Dlai7j4IcVc6ifojf5WxQhw+4=] [Return][null]
D/S4URC   ( 2928): [SDK] [java.lang.Class] [forName] [FindClass][String] [com.android.org.bouncycastle.jcajce.provider.symmetric.AES$KeyGen]
D/S4URC   ( 2928): [SDK] [android.content.ContextWrapper][getSharedPreferences] [File][com.suskifq.vyrtbp_preferences.xml] [MODE][MODE_PRIVATE] [Method][putString] [Key][uK6wJtwGRGjGIPYFa3Dlai7j4IcVc6ifojf5WxQhw+4=] [Value][RbZtHxDaYy3YI5Z6RRokQA==:clVvwL5qSmdEUd0RHKbAOn3C3kReG0Ckz6m15k3SNUw=]
D/S4URC   ( 2928): [SDK] [java.io.File] [exists] [FilePath][String] [/data/data/com.suskifq.vyrtbp/shared_prefs/com.suskifq.vyrtbp_preferences.xml]
D/S4URC   ( 2928): [SDK] [java.io.File] [exists] [FilePath][String] [/data/data/com.suskifq.vyrtbp/shared_prefs/com.suskifq.vyrtbp_preferences.xml.bak]
D/S4URC   ( 2928): [SDK] [java.io.File] [renameTo] [FilePath][String] [/data/data/com.suskifq.vyrtbp/shared_prefs/com.suskifq.vyrtbp_preferences.xml] [DesFile][/data/data/com.suskifq.vyrtbp/shared_prefs/com.suskifq.vyrtbp_preferences.xml.bak]
D/S4URC   ( 2928): [SDK] [java.io.File] [getPath] [FilePath][String] [/data/data/com.suskifq.vyrtbp/shared_prefs/com.suskifq.vyrtbp_preferences.xml]
D/S4URC   ( 2928): [SDK] [java.io.File] [delete] [FilePath][String] [/data/data/com.suskifq.vyrtbp/shared_prefs/com.suskifq.vyrtbp_preferences.xml.bak]
D/S4URC   ( 2928): [SDK] [android.content.ContextWrapper][getSharedPreferences] [File][com.suskifq.vyrtbp_preferences.xml] [MODE][MODE_PRIVATE] [Method][commit]
D/S4URC   ( 2928): [SDK] [java.io.File] [exists] [FilePath][String] [/data/data/com.suskifq.vyrtbp/shared_prefs/com.suskifq.vyrtbp_preferences.xml]
D/S4URC   ( 2928): [SDK] [android.content.ContextWrapper][getSharedPreferences] [File][com.suskifq.vyrtbp_preferences.xml] [MODE][MODE_PRIVATE]
D/S4URC   ( 2928): [SDK] [java.io.File] [exists] [FilePath][String] [/data/data/com.suskifq.vyrtbp/shared_prefs/com.suskifq.vyrtbp_preferences.xml.bak]
D/S4URC   ( 2928): [SDK] [android.content.ContextWrapper][getSharedPreferences] [File][com.suskifq.vyrtbp_preferences.xml] [MODE][MODE_PRIVATE] [Method][putBoolean] [Key][is_contain_updates_to_117] [Value][true]
D/S4URC   ( 2928): [SDK] [java.io.File] [renameTo] [FilePath][String] [/data/data/com.suskifq.vyrtbp/shared_prefs/com.suskifq.vyrtbp_preferences.xml] [DesFile][/data/data/com.suskifq.vyrtbp/shared_prefs/com.suskifq.vyrtbp_preferences.xml.bak]
D/S4URC   ( 2928): [SDK] [java.io.File] [getPath] [FilePath][String] [/data/data/com.suskifq.vyrtbp/shared_prefs/com.suskifq.vyrtbp_preferences.xml]
D/S4URC   ( 2928): [SDK] [android.content.ContextWrapper][getSharedPreferences] [File][com.suskifq.vyrtbp_preferences.xml] [MODE][MODE_PRIVATE]
D/S4URC   ( 2928): [SDK] [android.content.ContextWrapper][getSharedPreferences] [File][com.suskifq.vyrtbp_preferences.xml] [MODE][MODE_PRIVATE] [Method][getBoolean] [Boolean][is_contain_updates_to_127] [Return][false]
D/S4URC   ( 2928): [SDK] [android.content.ContextWrapper][getSharedPreferences] [File][com.suskifq.vyrtbp_preferences.xml] [MODE][MODE_PRIVATE]
D/S4URC   ( 2928): [SDK] [android.content.ContextWrapper][getSharedPreferences] [File][com.suskifq.vyrtbp_preferences.xml] [MODE][MODE_PRIVATE] [Method][apply]
D/S4URC   ( 2928): [SDK] [android.content.ContextWrapper][getSharedPreferences] [File][com.suskifq.vyrtbp_preferences.xml] [MODE][MODE_PRIVATE]
D/S4URC   ( 2928): [SDK] [javax.crypto.spec.SecretKeySpec][Constructor] [KEY][clVvwL5qSmdEUd0RHKbAOn3C3kReG0Ckz6m15k3SNUw=][type][HmacSHA256][javax.crypto.spec.PBEKeySpec][Constructor] [Password][com.suskifq.vyrtbp] [Salt][unknown]
D/S4URC   ( 2928): [SDK] [android.content.ContextWrapper][getSharedPreferences] [File][com.suskifq.vyrtbp_preferences.xml] [MODE][MODE_PRIVATE] [Method][apply]
D/S4URC   ( 2928): [SDK] [java.io.File] [getPath] [FilePath][String] [/data/data/com.suskifq.vyrtbp/shared_prefs/com.suskifq.vyrtbp_preferences.xml]
D/S4URC   ( 2928): [SDK] [java.io.File] [delete] [FilePath][String] [/data/data/com.suskifq.vyrtbp/shared_prefs/com.suskifq.vyrtbp_preferences.xml.bak]
D/S4URC   ( 2928): [SDK] [java.io.File] [exists] [FilePath][String] [/data/data/com.suskifq.vyrtbp/shared_prefs/com.suskifq.vyrtbp_preferences.xml]
D/S4URC   ( 2928): [SDK] [java.io.File] [exists] [FilePath][String] [/data/data/com.suskifq.vyrtbp/shared_prefs/com.suskifq.vyrtbp_preferences.xml.bak]
D/S4URC   ( 2928): [SDK] [java.io.File] [renameTo] [FilePath][String] [/data/data/com.suskifq.vyrtbp/shared_prefs/com.suskifq.vyrtbp_preferences.xml] [DesFile][/data/data/com.suskifq.vyrtbp/shared_prefs/com.suskifq.vyrtbp_preferences.xml.bak]
D/S4URC   ( 2928): [SDK] [java.io.File] [getPath] [FilePath][String] [/data/data/com.suskifq.vyrtbp/shared_prefs/com.suskifq.vyrtbp_preferences.xml]
D/S4URC   ( 2928): [SDK] [java.io.File] [delete] [FilePath][String] [/data/data/com.suskifq.vyrtbp/shared_prefs/com.suskifq.vyrtbp_preferences.xml.bak]
D/S4URC   ( 2928):  [Method][getString] [String][uK6wJtwGRGjGIPYFa3Dlai7j4IcVc6ifojf5WxQhw+4=] [Return][null]
D/S4URC   ( 2928): [SDK] [android.content.ContextWrapper][getSharedPreferences] [File][com.suskifq.vyrtbp_preferences.xml] [MODE][MODE_PRIVATE] [Method][putString] [Key][uK6wJtwGRGjGIPYFa3Dlai7j4IcVc6ifojf5WxQhw+4=] [Value][PeR6J6Xc5WYIhyZ0mXfmIw==:7gMtMUwc8gV9nKVJdOp4F8vHvFmcjeoZjsXAw2D6RAI=]
D/S4URC   ( 2928): [SDK] [java.io.File] [exists] [FilePath][String] [/data/data/com.suskifq.vyrtbp/shared_prefs/com.suskifq.vyrtbp_preferences.xml]
D/S4URC   ( 2928): [SDK] [java.io.File] [exists] [FilePath][String] [/data/data/com.suskifq.vyrtbp/shared_prefs/com.suskifq.vyrtbp_preferences.xml.bak]
D/S4URC   ( 2928): [SDK] [java.io.File] [renameTo] [FilePath][String] [/data/data/com.suskifq.vyrtbp/shared_prefs/com.suskifq.vyrtbp_preferences.xml] [DesFile][/data/data/com.suskifq.vyrtbp/shared_prefs/com.suskifq.vyrtbp_preferences.xml.bak]
D/S4URC   ( 2928): [SDK] [java.io.File] [getPath] [FilePath][String] [/data/data/com.suskifq.vyrtbp/shared_prefs/com.suskifq.vyrtbp_preferences.xml]
D/S4URC   ( 2928): [SDK] [java.io.File] [delete] [FilePath][String] [/data/data/com.suskifq.vyrtbp/shared_prefs/com.suskifq.vyrtbp_preferences.xml.bak]
D/S4URC   ( 2928): [SDK] [java.io.File] [exists] [FilePath][String] [/data/data/com.suskifq.vyrtbp/shared_prefs/com.suskifq.vyrtbp_preferences.xml]
D/S4URC   ( 2928): [SDK] [android.content.ContextWrapper][getSharedPreferences] [File][com.suskifq.vyrtbp_preferences.xml] [MODE][MODE_PRIVATE]
D/S4URC   ( 2928): [SDK] [java.io.File] [exists] [FilePath][String] [/data/data/com.suskifq.vyrtbp/shared_prefs/com.suskifq.vyrtbp_preferences.xml.bak]
D/S4URC   ( 2928): [SDK] [android.content.ContextWrapper][getSharedPreferences] [File][com.suskifq.vyrtbp_preferences.xml] [MODE][MODE_PRIVATE] [Method][putBoolean] [Key][is_contain_updates_to_127] [Value][true]
D/S4URC   ( 2928): [SDK] [java.io.File] [renameTo] [FilePath][String] [/data/data/com.suskifq.vyrtbp/shared_prefs/com.suskifq.vyrtbp_preferences.xml] [DesFile][/data/data/com.suskifq.vyrtbp/shared_prefs/com.suskifq.vyrtbp_preferences.xml.bak]
D/S4URC   ( 2928): [SDK] [java.io.File] [getPath] [FilePath][String] [/data/data/com.suskifq.vyrtbp/shared_prefs/com.suskifq.vyrtbp_preferences.xml]
D/S4URC   ( 2928): [SDK] [android.content.ContextWrapper][getSharedPreferences] [File][com.suskifq.vyrtbp_preferences.xml] [MODE][MODE_PRIVATE]
D/S4URC   ( 2928): [SDK] [android.content.ContextWrapper][getSharedPreferences] [File][com.suskifq.vyrtbp_preferences.xml] [MODE][MODE_PRIVATE] [Method][putBoolean] [Key][is_contain_updates_to_117] [Value][true]
D/S4URC   ( 2928): [SDK] [android.content.ContextWrapper][getSharedPreferences] [File][com.suskifq.vyrtbp_preferences.xml] [MODE][MODE_PRIVATE] [Method][apply]
D/S4URC   ( 2928): [SDK] [java.lang.Class] [forName] [FindClass][String] [java.lang.Thread]
D/S4URC   ( 2928): [SDK] [java.lang.Class] [forName] [FindClass][String] [java.lang.String]
D/S4URC   ( 2928): [SDK] [java.lang.Class] [forName] [FindClass][String] [java.lang.StackTraceElement]
D/S4URC   ( 2928): [SDK] [java.lang.Class] [forName] [FindClass][String] [java.lang.Thread]
D/S4URC   ( 2928): [SDK] [java.lang.Class] [forName] [FindClass][String] [java.lang.String]
D/S4URC   ( 2928): [SDK] [java.lang.Class] [forName] [FindClass][String] [java.lang.StackTraceElement]
D/S4URC   ( 2928): [SDK] [java.io.File] [getPath] [FilePath][String] [/data/data/com.suskifq.vyrtbp/shared_prefs/com.suskifq.vyrtbp_preferences.xml]
D/S4URC   ( 2928): [SDK] [java.io.File] [delete] [FilePath][String] [/data/data/com.suskifq.vyrtbp/shared_prefs/com.suskifq.vyrtbp_preferences.xml.bak]
D/S4URC   ( 2928): [SDK] [java.lang.Class] [forName] [FindClass][String] [com.android.org.conscrypt.OpenSSLCipher$AES$CBC$PKCS5Padding]
