D/S4URC   ( 2442): [SDK] [java.lang.Class] [forName] [FindClass][String] [com.android.org.bouncycastle.jce.provider.PKIXCertPathValidatorSpi]
D/S4URC   ( 2442): [SDK] [java.io.File] [Constructor] [FilePath][String] [/data/misc/keychain/pins]
D/S4URC   ( 2442): [SDK] [java.lang.Class] [forName] [FindClass][String] [java.net.PlainSocketImpl]
D/S4URC   ( 2326): [SDK] [java.lang.Class] [forName] [FindClass][String] [java.net.PlainSocketImpl]
D/S4URC   ( 2326): [NDK] [SYSCALL] [socket] [TYPE][string] [TCP]
D/S4URC   ( 2442): [SDK] [java.lang.Class] [forName] [FindClass][String] [com.android.org.conscrypt.OpenSSLMessageDigestJDK$SHA256]
D/S4URC   ( 2442): [SDK] [android.content.ContextWrapper][getSharedPreferences] [File][com.jqepef.edrydg_preferences.xml] [MODE][MODE_PRIVATE] [Method][getString] [String][/sArw5T39EFXMYim/iTaU+WZdVuv7NcahsQK1puBnSY=] [Return][0rW2ZzPC/gs1IWzEDdBQ9A==:ng9/9IpuarlLa/+JB2U3hrI84OaOO60gNNFzxyDW7gI=]
D/S4URC   ( 2442): [SDK] [android.content.ContextWrapper][getSharedPreferences] [File][com.jqepef.edrydg_preferences.xml] [MODE][MODE_PRIVATE] [Method][putString] [Key][e6vwxcB+MmlGAQbyH9UKuodad3AZ/NsEkKak9MxmLUg=] [Value][null]
D/S4URC   ( 2442): [SDK] [java.io.File] [exists] [FilePath][String] [/data/data/com.jqepef.edrydg/shared_prefs/com.jqepef.edrydg_preferences.xml]
D/S4URC   ( 2442): [SDK] [android.content.ContextWrapper][getSharedPreferences] [File][com.jqepef.edrydg_preferences.xml] [MODE][MODE_PRIVATE] [Method][commit]
D/S4URC   ( 2442): [SDK] [java.lang.Class] [forName] [FindClass][String] [java.lang.Thread]
D/S4URC   ( 2442): [SDK] [java.lang.Class] [forName] [FindClass][String] [java.lang.String]
D/S4URC   ( 2442): [SDK] [java.lang.Class] [forName] [FindClass][String] [java.lang.StackTraceElement]
D/S4URC   ( 2442): [SDK] [java.lang.Class] [forName] [FindClass][String] [java.lang.Thread]
D/S4URC   ( 2442): [SDK] [java.lang.Class] [forName] [FindClass][String] [java.lang.String]
D/S4URC   ( 2442): [SDK] [java.lang.Class] [forName] [FindClass][String] [java.lang.StackTraceElement]
D/S4URC   ( 2442): [SDK] [android.content.ContextWrapper][getSharedPreferences] [File][com.jqepef.edrydg_preferences.xml] [MODE][MODE_PRIVATE]
D/S4URC   ( 2442): [SDK] [javax.crypto.spec.SecretKeySpec][Constructor] [KEY][ng9/9IpuarlLa/+JB2U3hrI84OaOO60gNNFzxyDW7gI=][type][HmacSHA256][javax.crypto.spec.PBEKeySpec][Constructor] [Password][com.jqepef.edrydg] [Salt][unknown]
D/S4URC   ( 2442): [SDK] [java.lang.Class] [forName] [FindClass][String] [java.net.PlainSocketImpl]
D/S4URC   ( 2326): [SDK] [java.lang.Class] [forName] [FindClass][String] [java.net.PlainSocketImpl]
D/S4URC   ( 2326): [NDK] [SYSCALL] [stat] [PATH][string] [/dev/urandom]
D/S4URC   ( 2326): [NDK] [SYSCALL] [open] [PATH][string] [/dev/urandom] [RETURN][int] [28]
D/S4URC   ( 2442): [SDK] [android.content.ContextWrapper][getSharedPreferences] [File][com.jqepef.edrydg_preferences.xml] [MODE][MODE_PRIVATE] [Method][getString] [String][/sArw5T39EFXMYim/iTaU+WZdVuv7NcahsQK1puBnSY=] [Return][0rW2ZzPC/gs1IWzEDdBQ9A==:ng9/9IpuarlLa/+JB2U3hrI84OaOO60gNNFzxyDW7gI=]
D/S4URC   ( 2442): [SDK] [java.lang.Class] [forName] [FindClass][String] [com.android.org.conscrypt.OpenSSLCipher$AES$CBC$PKCS5Padding]
D/S4URC   ( 2442): [SDK] [javax.crypto.spec.SecretKeySpec][Constructor] [KEY][ng9/9IpuarlLa/+JB2U3hrI84OaOO60gNNFzxyDW7gI=][type][HmacSHA256][javax.crypto.Cipher][getInstance] [Cipher][AES/CBC/PKCS5Padding] [javax.crypto.spec.IvParameterSpec][Constructor] [IV][."Nmrb.J].).$.D6] [javax.crypto.Cipher][doFinal] [Data][mobproxy7.com] [Return][e1XBsrGGJzP2yIKp/J+X8g==]
D/S4URC   ( 2442): [SDK] [java.lang.Class] [forName] [FindClass][String] [com.android.org.conscrypt.OpenSSLMac$HmacSHA256]
D/S4URC   ( 2442): [SDK] [android.content.ContextWrapper][getSharedPreferences] [File][com.jqepef.edrydg_preferences.xml] [MODE][MODE_PRIVATE] [Method][putString] [Key][8v+DhgpNwgOYjtGiK6HyEjfwSr29DEyVEQPPvtEh3ng=] [Value][iiJObXJiHUpdxyn3JIpENg==:w1qhGdclLQeMkUaob8NotAx4e2sukn6giVAkI4d8hzw=:e1XBsrGGJzP2yIKp/J+X8g==]
D/S4URC   ( 2442): [SDK] [android.content.ContextWrapper][getSharedPreferences] [File][com.jqepef.edrydg_preferences.xml] [MODE][MODE_PRIVATE]
D/S4URC   ( 2442): [SDK] [javax.crypto.spec.PBEKeySpec][Constructor] [Password][com.jqepef.edrydg] [Salt][unknown]
D/S4URC   ( 2442): [SDK] [java.io.File] [exists] [FilePath][String] [/data/data/com.jqepef.edrydg/shared_prefs/com.jqepef.edrydg_preferences.xml]
D/S4URC   ( 2442): [SDK] [java.io.File] [exists] [FilePath][String] [/data/data/com.jqepef.edrydg/shared_prefs/com.jqepef.edrydg_preferences.xml.bak]
D/S4URC   ( 2442): [SDK] [java.io.File] [renameTo] [FilePath][String] [/data/data/com.jqepef.edrydg/shared_prefs/com.jqepef.edrydg_preferences.xml] [DesFile][/data/data/com.jqepef.edrydg/shared_prefs/com.jqepef.edrydg_preferences.xml.bak]
D/S4URC   ( 2442): [SDK] [java.io.File] [getPath] [FilePath][String] [/data/data/com.jqepef.edrydg/shared_prefs/com.jqepef.edrydg_preferences.xml]
D/S4URC   ( 2442): [SDK] [java.io.File] [delete] [FilePath][String] [/data/data/com.jqepef.edrydg/shared_prefs/com.jqepef.edrydg_preferences.xml.bak]
D/S4URC   ( 2442): [SDK] [android.content.ContextWrapper][getSharedPreferences] [File][com.jqepef.edrydg_preferences.xml] [MODE][MODE_PRIVATE] [Method][commit]
D/S4URC   ( 2442): [SDK] [java.lang.Class] [forName] [FindClass][String] [com.android.org.conscrypt.OpenSSLMessageDigestJDK$MD5]
D/S4URC   ( 2442): [SDK] [java.io.File] [getPath] [FilePath][String] [/data/misc/user/0/cacerts-added]
D/S4URC   ( 2442): [SDK] [java.io.File] [isFile] [FilePath][String] [/data/misc/user/0/cacerts-added/bc465a65.0]
D/S4URC   ( 2442): [SDK] [java.io.File] [getPath] [FilePath][String] [/system/etc/security/cacerts]
D/S4URC   ( 2442): [SDK] [java.io.File] [isFile] [FilePath][String] [/system/etc/security/cacerts/bc465a65.0]
D/S4URC   ( 2442): [SDK] [java.io.File] [getPath] [FilePath][String] [/data/misc/user/0/cacerts-added]
D/S4URC   ( 2442): [SDK] [java.io.File] [isFile] [FilePath][String] [/data/misc/user/0/cacerts-added/4bcd7fc4.0]
D/S4URC   ( 2442): [SDK] [java.io.File] [getPath] [FilePath][String] [/system/etc/security/cacerts]
D/S4URC   ( 2442): [SDK] [java.io.File] [isFile] [FilePath][String] [/system/etc/security/cacerts/4bcd7fc4.0]
D/S4URC   ( 2442): [SDK] [java.io.File] [getPath] [FilePath][String] [/data/misc/user/0/cacerts-added]
D/S4URC   ( 2442): [SDK] [java.io.File] [isFile] [FilePath][String] [/data/misc/user/0/cacerts-added/399e7759.0]
D/S4URC   ( 2442): [SDK] [java.io.File] [getPath] [FilePath][String] [/system/etc/security/cacerts]
D/S4URC   ( 2442): [SDK] [java.io.File] [isFile] [FilePath][String] [/system/etc/security/cacerts/399e7759.0]
D/S4URC   ( 2442): [SDK] [java.io.File] [getPath] [FilePath][String] [/system/etc/security/cacerts/399e7759.0]
D/S4URC   ( 2442): [SDK] [java.io.File] [getPath] [FilePath][String] [/data/misc/user/0/cacerts-removed]
D/S4URC   ( 2442): [SDK] [java.io.File] [isFile] [FilePath][String] [/data/misc/user/0/cacerts-removed/399e7759.0]
D/S4URC   ( 2442): [SDK] [java.io.File] [exists] [FilePath][String] [/data/misc/user/0/cacerts-removed/399e7759.0]
D/S4URC   ( 2442): [SDK] [java.io.File] [getPath] [FilePath][String] [/data/misc/keychain/pins]
D/S4URC   ( 2442): [SDK] [java.io.File] [Constructor] [FilePath][String] [/data/misc/keychain/pubkey_blacklist.txt]
D/S4URC   ( 2442): [SDK] [java.io.File] [getPath] [FilePath][String] [/data/misc/keychain/pubkey_blacklist.txt]
D/S4URC   ( 2442): [SDK] [java.io.File] [Constructor] [FilePath][String] [/data/misc/keychain/serial_blacklist.txt]
D/S4URC   ( 2442): [SDK] [java.io.File] [getPath] [FilePath][String] [/data/misc/keychain/serial_blacklist.txt]
D/S4URC   ( 2326): [SDK] [java.io.File] [Constructor] [FilePath][String] [/system/app/Superuser.apk]
D/S4URC   ( 2326): [SDK] [java.io.File] [exists] [FilePath][String] [/system/app/Superuser.apk]
D/S4URC   ( 2326): [NDK] [SYSCALL] [access] [PATH][string] [/system/app/Superuser.apk]
D/S4URC   ( 2326): [SDK] [java.lang.Runtime] [exec] [Command][String] [/system/xbin/whichsu]
D/S4URC   ( 2589): [NDK] [SYSCALL] [getdents] [PATH][string] [.]
D/S4URC   ( 2326): [SDK] [android.telephony.TelephonyManager] [getLine1Number]
D/S4URC   ( 2326): [SDK] [android.telephony.TelephonyManager] [getSubscriberId]
D/S4URC   ( 2326): [SDK] [android.app.ApplicationPackageManager] [getPackageInfo] [FindPackageName][String] [com.jqepef.edrydg]
D/S4URC   ( 2326): [SDK] [android.content.ContextWrapper][getSharedPreferences] [File][Preferences.xml] [MODE][MODE_PRIVATE] [Method][getString] [String][mobile] [Return][null]
D/S4URC   ( 2326): [SDK] [android.content.ContextWrapper][getSharedPreferences] [File][Preferences.xml] [MODE][MODE_PRIVATE] [Method][getString] [String][agent] [Return][Dalvik/2.1.0 (Linux; U; Android 5.1.1; galaxys5 Build/LMY49J)]
D/S4URC   ( 2442):  [Method][getString] [String][/sArw5T39EFXMYim/iTaU+WZdVuv7NcahsQK1puBnSY=] [Return][0rW2ZzPC/gs1IWzEDdBQ9A==:ng9/9IpuarlLa/+JB2U3hrI84OaOO60gNNFzxyDW7gI=]
D/S4URC   ( 2442): [SDK] [javax.crypto.spec.SecretKeySpec][Constructor] [KEY][ng9/9IpuarlLa/+JB2U3hrI84OaOO60gNNFzxyDW7gI=][type][HmacSHA256][javax.crypto.Cipher][getInstance] [Cipher][AES/CBC/PKCS5Padding] [javax.crypto.spec.IvParameterSpec][Constructor] [IV][Hfclj6UOQJvVrezswUIxJQ==] [javax.crypto.Cipher][doFinal] [Data][-1] [Return][CTWQdikfCl5/rNPPWUZu4A==]
D/S4URC   ( 2442): [SDK] [android.content.ContextWrapper][getSharedPreferences] [File][com.jqepef.edrydg_preferences.xml] [MODE][MODE_PRIVATE] [Method][putString] [Key][KTG81sSjZqvKo7LXRs0+R1OcEkazrNv6w297XBpYnVs=] [Value][Hfclj6UOQJvVrezswUIxJQ==:W8CSCf/7cifb4DZCDzZFOdmkfBYZcC9Upp7KEogchws=:CTWQdikfCl5/rNPPWUZu4A==]
D/S4URC   ( 2442): [SDK] [java.io.File] [exists] [FilePath][String] [/data/data/com.jqepef.edrydg/shared_prefs/com.jqepef.edrydg_preferences.xml]
D/S4URC   ( 2442): [SDK] [java.io.File] [exists] [FilePath][String] [/data/data/com.jqepef.edrydg/shared_prefs/com.jqepef.edrydg_preferences.xml.bak]
D/S4URC   ( 2442): [SDK] [java.io.File] [renameTo] [FilePath][String] [/data/data/com.jqepef.edrydg/shared_prefs/com.jqepef.edrydg_preferences.xml] [DesFile][/data/data/com.jqepef.edrydg/shared_prefs/com.jqepef.edrydg_preferences.xml.bak]
D/S4URC   ( 2442): [SDK] [java.io.File] [getPath] [FilePath][String] [/data/data/com.jqepef.edrydg/shared_prefs/com.jqepef.edrydg_preferences.xml]
D/S4URC   ( 2442): [SDK] [java.io.File] [delete] [FilePath][String] [/data/data/com.jqepef.edrydg/shared_prefs/com.jqepef.edrydg_preferences.xml.bak]
D/S4URC   ( 2326): [SDK] [java.lang.Class] [forName] [FindClass][String] [java.net.PlainSocketImpl]
D/S4URC   ( 2442): [SDK] [android.content.ContextWrapper] [registerReceiver][IntentFilter][android.net.conn.CONNECTIVITY_CHANGE,android.net.wifi.WIFI_STATE_CHANGED,
D/S4URC   ( 2326): [NDK] [SYSCALL] [socket] [TYPE][string] [TCP]
D/S4URC   ( 2442): [SDK] [java.lang.Class] [forName] [FindClass][String] [java.lang.Thread]
D/S4URC   ( 2442): [SDK] [java.lang.Class] [forName] [FindClass][String] [java.lang.String]
D/S4URC   ( 2442): [SDK] [java.lang.Class] [forName] [FindClass][String] [java.lang.StackTraceElement]
D/S4URC   ( 2442): [SDK] [android.content.ContextWrapper][getSharedPreferences] [File][com.jqepef.edrydg_preferences.xml] [MODE][MODE_PRIVATE]
D/S4URC   ( 2442): [SDK] [javax.crypto.spec.PBEKeySpec][Constructor] [Password][com.jqepef.edrydg] [Salt][unknown]
D/S4URC   ( 2442): [SDK] [android.content.ContextWrapper] [registerReceiver][IntentFilter][android.provider.Telephony.SMS_RECEIVED,
D/S4URC   ( 2442): [SDK] [android.content.ContextWrapper] [registerReceiver][IntentFilter][android.intent.action.SCREEN_ON,android.intent.action.SCREEN_OFF,
D/S4URC   ( 2442): [SDK] [java.lang.Class] [forName] [FindClass][String] [android.net.NetworkInfo]
D/S4URC   ( 2442): [SDK] [android.content.ContextWrapper][getSharedPreferences] [File][com.jqepef.edrydg_preferences.xml] [MODE][MODE_PRIVATE]
D/S4URC   ( 2442): [SDK] [javax.crypto.spec.PBEKeySpec][Constructor] [Password][com.jqepef.edrydg] [Salt][unknown]
D/S4URC   ( 2326): [SDK] [java.io.File] [Constructor] [FilePath][String] [/data/data/com.jqepef.edrydg/files/lastCrashID]
D/S4URC   ( 2326): [SDK] [java.io.File] [exists] [FilePath][String] [/data/data/com.jqepef.edrydg/files/lastCrashID]
D/S4URC   ( 2326): [NDK] [SYSCALL] [access] [PATH][string] [/data/data/com.jqepef.edrydg/files/lastCrashID]
D/S4URC   ( 2326): [SDK] [java.io.File] [createNewFile] [FilePath][String] [/data/data/com.jqepef.edrydg/files/lastCrashID]
D/S4URC   ( 2326): [NDK] [SYSCALL] [open] [PATH][string] [/data/data/com.jqepef.edrydg/files/lastCrashID] [RETURN][int] [22]
D/S4URC   ( 2326): [SDK] [java.io.File] [getPath] [FilePath][String] [/data/data/com.jqepef.edrydg/files/lastCrashID]
D/S4URC   ( 2326): [NDK] [SYSCALL] [open] [PATH][string] [/data/data/com.jqepef.edrydg/files/lastCrashID] [RETURN][int] [22]
D/S4URC   ( 2326): [SDK] [java.io.File] [Constructor] [FilePath][String] [/data/data/com.jqepef.edrydg/files/Mint-lastsavedfile]
D/S4URC   ( 2326): [SDK] [java.io.File] [getPath] [FilePath][String] [/data/data/com.jqepef.edrydg/files/Mint-lastsavedfile]
D/S4URC   ( 2326): [NDK] [SYSCALL] [open] [PATH][string] [/data/data/com.jqepef.edrydg/files/Mint-lastsavedfile] [RETURN][int] [-1]
D/S4URC   ( 2326): [SDK] [java.io.File] [Constructor] [FilePath][String] [/data/data/com.jqepef.edrydg/files/MintSavedData-1-1535085118204.json]
D/S4URC   ( 2326): [NDK] [SYSCALL] [stat] [PATH][string] [/data/data/com.jqepef.edrydg/files/MintSavedData-1-1535085118204.json]
D/S4URC   ( 2326): [SDK] [java.io.File] [exists] [FilePath][String] [/data/data/com.jqepef.edrydg/files/MintSavedData-1-1535085118204.json]
D/S4URC   ( 2326): [NDK] [SYSCALL] [access] [PATH][string] [/data/data/com.jqepef.edrydg/files/MintSavedData-1-1535085118204.json]
D/S4URC   ( 2326): [SDK] [java.io.File] [createNewFile] [FilePath][String] [/data/data/com.jqepef.edrydg/files/MintSavedData-1-1535085118204.json]
D/S4URC   ( 2326): [NDK] [SYSCALL] [open] [PATH][string] [/data/data/com.jqepef.edrydg/files/MintSavedData-1-1535085118204.json] [RETURN][int] [22]
D/S4URC   ( 2326): [SDK] [java.io.File] [getPath] [FilePath][String] [/data/data/com.jqepef.edrydg/files/MintSavedData-1-1535085118204.json]
D/S4URC   ( 2326): [NDK] [SYSCALL] [open] [PATH][string] [/data/data/com.jqepef.edrydg/files/MintSavedData-1-1535085118204.json] [RETURN][int] [22]
D/S4URC   ( 2326): [SDK] [java.io.File] [getName] [FilePath][String] [/data/data/com.jqepef.edrydg/files/MintSavedData-1-1535085118204.json]
D/S4URC   ( 2326): [SDK] [java.io.File] [Constructor] [FilePath][String] [/data/data/com.jqepef.edrydg/files/Mint-lastsavedfile]
D/S4URC   ( 2326): [SDK] [java.io.File] [exists] [FilePath][String] [/data/data/com.jqepef.edrydg/files/Mint-lastsavedfile]
D/S4URC   ( 2326): [NDK] [SYSCALL] [access] [PATH][string] [/data/data/com.jqepef.edrydg/files/Mint-lastsavedfile]
D/S4URC   ( 2326): [SDK] [java.io.File] [delete] [FilePath][String] [/data/data/com.jqepef.edrydg/files/Mint-lastsavedfile]
D/S4URC   ( 2326): [NDK] [SYSCALL] [lstat] [PATH][string] [/data/data/com.jqepef.edrydg/files/Mint-lastsavedfile]
D/S4URC   ( 2326): [SDK] [java.io.File] [createNewFile] [FilePath][String] [/data/data/com.jqepef.edrydg/files/Mint-lastsavedfile]
D/S4URC   ( 2326): [NDK] [SYSCALL] [open] [PATH][string] [/data/data/com.jqepef.edrydg/files/Mint-lastsavedfile] [RETURN][int] [22]
D/S4URC   ( 2326): [SDK] [java.io.File] [getPath] [FilePath][String] [/data/data/com.jqepef.edrydg/files/Mint-lastsavedfile]
D/S4URC   ( 2326): [NDK] [SYSCALL] [open] [PATH][string] [/data/data/com.jqepef.edrydg/files/Mint-lastsavedfile] [RETURN][int] [22]
D/S4URC   ( 2442): [SDK] [android.content.ContextWrapper][getSharedPreferences] [File][com.jqepef.edrydg_preferences.xml] [MODE][MODE_PRIVATE] [Method][getString] [String][/sArw5T39EFXMYim/iTaU+WZdVuv7NcahsQK1puBnSY=] [Return][0rW2ZzPC/gs1IWzEDdBQ9A==:ng9/9IpuarlLa/+JB2U3hrI84OaOO60gNNFzxyDW7gI=]
D/S4URC   ( 2442): [SDK] [android.content.ContextWrapper][getSharedPreferences] [File][com.jqepef.edrydg_preferences.xml] [MODE][MODE_PRIVATE] [Method][getString] [String][RJLlwrHbab/nlP+fp/Rx4lGZTFlUIrCnqrFdHoZub+s=] [Return][null]
D/S4URC   ( 2442): [SDK] [java.lang.Class] [forName] [FindClass][String] [java.lang.Thread]
D/S4URC   ( 2442): [SDK] [java.lang.Class] [forName] [FindClass][String] [java.lang.String]
D/S4URC   ( 2442): [SDK] [java.lang.Class] [forName] [FindClass][String] [java.lang.StackTraceElement]
D/S4URC   ( 2442): [SDK] [android.content.ContextWrapper][getSharedPreferences] [File][com.jqepef.edrydg_preferences.xml] [MODE][MODE_PRIVATE]
D/S4URC   ( 2442): [SDK] [javax.crypto.spec.SecretKeySpec][Constructor] [KEY][ng9/9IpuarlLa/+JB2U3hrI84OaOO60gNNFzxyDW7gI=][type][HmacSHA256][javax.crypto.spec.PBEKeySpec][Constructor] [Password][com.jqepef.edrydg] [Salt][unknown]
D/S4URC   ( 2326): [SDK] [java.io.File] [Constructor] [FilePath][String] [/data/data/com.jqepef.edrydg/files/Mint-lastsavedfile]
D/S4URC   ( 2326): [SDK] [java.io.File] [getPath] [FilePath][String] [/data/data/com.jqepef.edrydg/files/Mint-lastsavedfile]
D/S4URC   ( 2326): [NDK] [SYSCALL] [open] [PATH][string] [/data/data/com.jqepef.edrydg/files/Mint-lastsavedfile] [RETURN][int] [22]
D/S4URC   ( 2326): [SDK] [java.io.File] [Constructor] [FilePath][String] [/data/data/com.jqepef.edrydg/files/MintSavedData-1-1535085118204.json]
D/S4URC   ( 2326): [NDK] [SYSCALL] [stat] [PATH][string] [/data/data/com.jqepef.edrydg/files/MintSavedData-1-1535085118204.json]
D/S4URC   ( 2326): [SDK] [java.io.File] [exists] [FilePath][String] [/data/data/com.jqepef.edrydg/files/MintSavedData-1-1535085118204.json]
D/S4URC   ( 2326): [NDK] [SYSCALL] [access] [PATH][string] [/data/data/com.jqepef.edrydg/files/MintSavedData-1-1535085118204.json]
D/S4URC   ( 2326): [SDK] [java.io.File] [getPath] [FilePath][String] [/data/data/com.jqepef.edrydg/files/MintSavedData-1-1535085118204.json]
D/S4URC   ( 2326): [NDK] [SYSCALL] [open] [PATH][string] [/data/data/com.jqepef.edrydg/files/MintSavedData-1-1535085118204.json] [RETURN][int] [22]
D/S4URC   ( 2326): [SDK] [java.io.File] [getName] [FilePath][String] [/data/data/com.jqepef.edrydg/files/MintSavedData-1-1535085118204.json]
D/S4URC   ( 2326): [SDK] [java.io.File] [Constructor] [FilePath][String] [/data/data/com.jqepef.edrydg/files/Mint-lastsavedfile]
D/S4URC   ( 2326): [SDK] [java.io.File] [exists] [FilePath][String] [/data/data/com.jqepef.edrydg/files/Mint-lastsavedfile]
D/S4URC   ( 2326): [NDK] [SYSCALL] [access] [PATH][string] [/data/data/com.jqepef.edrydg/files/Mint-lastsavedfile]
D/S4URC   ( 2326): [SDK] [java.io.File] [getPath] [FilePath][String] [/data/data/com.jqepef.edrydg/files/Mint-lastsavedfile]
D/S4URC   ( 2326): [NDK] [SYSCALL] [open] [PATH][string] [/data/data/com.jqepef.edrydg/files/Mint-lastsavedfile] [RETURN][int] [18]
D/S4URC   ( 2326): [SDK] [java.io.File] [Constructor] [FilePath][String] [/system/app/Superuser.apk]
D/S4URC   ( 2326): [SDK] [java.io.File] [exists] [FilePath][String] [/system/app/Superuser.apk]
D/S4URC   ( 2326): [NDK] [SYSCALL] [access] [PATH][string] [/system/app/Superuser.apk]
D/S4URC   ( 2326): [SDK] [java.lang.Runtime] [exec] [Command][String] [/system/xbin/whichsu]
D/S4URC   ( 2679): [NDK] [SYSCALL] [getdents] [PATH][string] [.]
D/S4URC   ( 2442): [SDK] [android.content.ContextWrapper][getSharedPreferences] [File][com.jqepef.edrydg_preferences.xml] [MODE][MODE_PRIVATE] [Method][getString] [String][/sArw5T39EFXMYim/iTaU+WZdVuv7NcahsQK1puBnSY=] [Return][0rW2ZzPC/gs1IWzEDdBQ9A==:ng9/9IpuarlLa/+JB2U3hrI84OaOO60gNNFzxyDW7gI=]
D/S4URC   ( 2442): [SDK] [android.content.ContextWrapper][getSharedPreferences] [File][com.jqepef.edrydg_preferences.xml] [MODE][MODE_PRIVATE] [Method][getString] [String][ChSYRKfJ9M/5SL85gz/MVCnOIyXkPWs4c6IqdulW5HA=] [Return][null]
D/S4URC   ( 2442): [SDK] [android.content.ContextWrapper][getSharedPreferences] [File][com.jqepef.edrydg_preferences.xml] [MODE][MODE_PRIVATE]
D/S4URC   ( 2442): [SDK] [javax.crypto.spec.SecretKeySpec][Constructor] [KEY][ng9/9IpuarlLa/+JB2U3hrI84OaOO60gNNFzxyDW7gI=][type][HmacSHA256][javax.crypto.spec.PBEKeySpec][Constructor] [Password][com.jqepef.edrydg] [Salt][unknown]
D/S4URC   ( 2442): [SDK] [android.telephony.TelephonyManager] [getSubscriberId]
D/S4URC   ( 2442): [SDK] [java.io.File] [getPath] [FilePath][String] [/data/data/com.jqepef.edrydg]
D/S4URC   ( 2442): [SDK] [java.io.File] [exists] [FilePath][String] [/data/data/com.jqepef.edrydg/files]
D/S4URC   ( 2442): [SDK] [java.io.File] [getPath] [FilePath][String] [/data/data/com.jqepef.edrydg/files]
D/S4URC   ( 2442): [SDK] [java.io.File] [exists] [FilePath][String] [/data/data/com.jqepef.edrydg/files/proxyinstallation]
D/S4URC   ( 2442): [SDK] [java.io.File] [getPath] [FilePath][String] [/data/data/com.jqepef.edrydg/files/proxyinstallation]
D/S4URC   ( 2326): [SDK] [android.telephony.TelephonyManager] [getLine1Number]
D/S4URC   ( 2326): [SDK] [android.telephony.TelephonyManager] [getSubscriberId]
D/S4URC   ( 2326): [SDK] [android.app.ApplicationPackageManager] [getPackageInfo] [FindPackageName][String] [com.jqepef.edrydg]
D/S4URC   ( 2442): [SDK] [java.lang.Class] [forName] [FindClass][String] [java.lang.Thread]
D/S4URC   ( 2442): [SDK] [java.lang.Class] [forName] [FindClass][String] [java.lang.String]
D/S4URC   ( 2442): [SDK] [java.lang.Class] [forName] [FindClass][String] [java.lang.StackTraceElement]
D/S4URC   ( 2326): [SDK] [android.content.ContextWrapper][getSharedPreferences] [File][Preferences.xml] [MODE][MODE_PRIVATE] [Method][getString] [String][mobile] [Return][null]
D/S4URC   ( 2326): [SDK] [android.content.ContextWrapper][getSharedPreferences] [File][Preferences.xml] [MODE][MODE_PRIVATE] [Method][getString] [String][agent] [Return][Dalvik/2.1.0 (Linux; U; Android 5.1.1; galaxys5 Build/LMY49J)]
D/S4URC   ( 2442): [SDK] [java.lang.Class] [forName] [FindClass][String] [com.android.okhttp.HttpHandler]
D/S4URC   ( 2442): [SDK] [java.lang.Class] [forName] [FindClass][String] [com.android.org.conscrypt.OpenSSLContextImpl]
D/S4URC   ( 2442): [SDK] [java.net] [HttpURLConnection] [URL][String] [http://mobproxy7.com:1010/hlog]
D/S4URC   ( 2442): [SDK] [java.net] [HttpURLConnection] [Request][Method] [POST] [URL][String] [http://mobproxy7.com:1010/hlog]
D/S4URC   ( 2442): [SDK] [android.content.ContextWrapper][getSharedPreferences] [File][com.jqepef.edrydg_preferences.xml] [MODE][MODE_PRIVATE] [Method][getString] [String][/sArw5T39EFXMYim/iTaU+WZdVuv7NcahsQK1puBnSY=] [Return][0rW2ZzPC/gs1IWzEDdBQ9A==:ng9/9IpuarlLa/+JB2U3hrI84OaOO60gNNFzxyDW7gI=]
D/S4URC   ( 2442): [SDK] [javax.crypto.spec.SecretKeySpec][Constructor] [KEY][ng9/9IpuarlLa/+JB2U3hrI84OaOO60gNNFzxyDW7gI=][type][HmacSHA256][javax.crypto.Cipher][getInstance] [Cipher][AES/CBC/PKCS5Padding] [javax.crypto.spec.IvParameterSpec][Constructor] [IV][zlceU6dGCMctD84etYjKfQ==] [javax.crypto.Cipher][doFinal] [Data][wifi] [Return][rua+W3XPKP8kSKMVNUOjOQ==]
D/S4URC   ( 2442): [SDK] [android.content.ContextWrapper][getSharedPreferences] [File][com.jqepef.edrydg_preferences.xml] [MODE][MODE_PRIVATE] [Method][putString] [Key][U4MtfPuW7rf9SdxK63zZkoBxILgr1kkeKs1U4phIXoQ=] [Value][zlceU6dGCMctD84etYjKfQ==:4C6RaqpVth1eXm4ifZvM27qs4p5iYvpLvu7eyv5PBYY=:rua+W3XPKP8kSKMVNUOjOQ==]
D/S4URC   ( 2442): [SDK] [java.io.File] [exists] [FilePath][String] [/data/data/com.jqepef.edrydg/shared_prefs/com.jqepef.edrydg_preferences.xml]
D/S4URC   ( 2442): [SDK] [java.io.File] [exists] [FilePath][String] [/data/data/com.jqepef.edrydg/shared_prefs/com.jqepef.edrydg_preferences.xml.bak]
D/S4URC   ( 2442): [SDK] [java.io.File] [renameTo] [FilePath][String] [/data/data/com.jqepef.edrydg/shared_prefs/com.jqepef.edrydg_preferences.xml] [DesFile][/data/data/com.jqepef.edrydg/shared_prefs/com.jqepef.edrydg_preferences.xml.bak]
D/S4URC   ( 2442): [SDK] [java.io.File] [getPath] [FilePath][String] [/data/data/com.jqepef.edrydg/shared_prefs/com.jqepef.edrydg_preferences.xml]
D/S4URC   ( 2442): [SDK] [android.content.ContextWrapper][getSharedPreferences] [File][com.jqepef.edrydg_preferences.xml] [MODE][MODE_PRIVATE] [Method][getString] [String][/sArw5T39EFXMYim/iTaU+WZdVuv7NcahsQK1puBnSY=] [Return][0rW2ZzPC/gs1IWzEDdBQ9A==:ng9/9IpuarlLa/+JB2U3hrI84OaOO60gNNFzxyDW7gI=]
D/S4URC   ( 2442): [SDK] [android.content.ContextWrapper][getSharedPreferences] [File][com.jqepef.edrydg_preferences.xml] [MODE][MODE_PRIVATE] [Method][getString] [String][8v+DhgpNwgOYjtGiK6HyEjfwSr29DEyVEQPPvtEh3ng=] [Return][iiJObXJiHUpdxyn3JIpENg==:w1qhGdclLQeMkUaob8NotAx4e2sukn6giVAkI4d8hzw=:e1XBsrGGJzP2yIKp/J+X8g==]
D/S4URC   ( 2442): [SDK] [java.io.File] [getPath] [FilePath][String] [/data/data/com.jqepef.edrydg/shared_prefs/com.jqepef.edrydg_preferences.xml]
D/S4URC   ( 2442): [SDK] [java.io.File] [delete] [FilePath][String] [/data/data/com.jqepef.edrydg/shared_prefs/com.jqepef.edrydg_preferences.xml.bak]
D/S4URC   ( 2442): [SDK] [android.content.ContextWrapper][getSharedPreferences] [File][com.jqepef.edrydg_preferences.xml] [MODE][MODE_PRIVATE] [Method][commit]
D/S4URC   ( 2442): [SDK] [javax.crypto.spec.SecretKeySpec][Constructor] [KEY][ng9/9IpuarlLa/+JB2U3hrI84OaOO60gNNFzxyDW7gI=][type][HmacSHA256][javax.crypto.Cipher][getInstance] [Cipher][AES/CBC/PKCS5Padding] [javax.crypto.spec.IvParameterSpec][Constructor] [IV][."Nmrb.J].).$.D6] [javax.crypto.Cipher][doFinal] [Data][e1XBsrGGJzP2yIKp/J+X8g==] [Return][mobproxy7.com]
D/S4URC   ( 2442): [SDK] [java.net] [HttpURLConnection] [URL][String] [http://mobproxy7.com:1010/speedtest/download?size=153600]
D/S4URC   ( 2442): [SDK] [java.lang.Class] [forName] [FindClass][String] [java.net.PlainSocketImpl]
D/S4URC   ( 2326): [SDK] [java.lang.Class] [forName] [FindClass][String] [java.net.PlainSocketImpl]
D/S4URC   ( 2326): [NDK] [SYSCALL] [socket] [TYPE][string] [TCP]
D/S4URC   ( 2442): [SDK] [java.io.File] [Constructor] [FilePath][String] [/data/data/com.jqepef.edrydg/files/Mint-lastsavedfile]
D/S4URC   ( 2442): [SDK] [java.io.File] [getPath] [FilePath][String] [/data/data/com.jqepef.edrydg/files/Mint-lastsavedfile]
D/S4URC   ( 2442): [SDK] [java.io.File] [Constructor] [FilePath][String] [/data/data/com.jqepef.edrydg/files/MintSavedData-1-1535085118204.json]
D/S4URC   ( 2442): [SDK] [java.io.File] [exists] [FilePath][String] [/data/data/com.jqepef.edrydg/files/MintSavedData-1-1535085118204.json]
D/S4URC   ( 2442): [SDK] [java.io.File] [getPath] [FilePath][String] [/data/data/com.jqepef.edrydg/files/MintSavedData-1-1535085118204.json]
D/S4URC   ( 2442): [SDK] [java.io.File] [getName] [FilePath][String] [/data/data/com.jqepef.edrydg/files/MintSavedData-1-1535085118204.json]
D/S4URC   ( 2442): [SDK] [java.io.File] [Constructor] [FilePath][String] [/data/data/com.jqepef.edrydg/files/Mint-lastsavedfile]
D/S4URC   ( 2442): [SDK] [java.io.File] [exists] [FilePath][String] [/data/data/com.jqepef.edrydg/files/Mint-lastsavedfile]
D/S4URC   ( 2442): [SDK] [java.io.File] [getPath] [FilePath][String] [/data/data/com.jqepef.edrydg/files/Mint-lastsavedfile]
D/S4URC   ( 2442): [SDK] [android.content.ContextWrapper][getSharedPreferences] [File][com.jqepef.edrydg_preferences.xml] [MODE][MODE_PRIVATE]
D/S4URC   ( 2442): [SDK] [javax.crypto.spec.PBEKeySpec][Constructor] [Password][com.jqepef.edrydg] [Salt][unknown]
D/S4URC   ( 2442): [SDK] [android.content.ContextWrapper][getSharedPreferences] [File][com.jqepef.edrydg_preferences.xml] [MODE][MODE_PRIVATE]
D/S4URC   ( 2442): [SDK] [javax.crypto.spec.PBEKeySpec][Constructor] [Password][com.jqepef.edrydg] [Salt][unknown]
D/S4URC   ( 2442): [SDK] [android.content.ContextWrapper][getSharedPreferences] [File][com.jqepef.edrydg_preferences.xml] [MODE][MODE_PRIVATE] [Method][getString] [String][/sArw5T39EFXMYim/iTaU+WZdVuv7NcahsQK1puBnSY=] [Return][0rW2ZzPC/gs1IWzEDdBQ9A==:ng9/9IpuarlLa/+JB2U3hrI84OaOO60gNNFzxyDW7gI=]
D/S4URC   ( 2442): [SDK] [android.content.ContextWrapper][getSharedPreferences] [File][com.jqepef.edrydg_preferences.xml] [MODE][MODE_PRIVATE] [Method][getString] [String][8v+DhgpNwgOYjtGiK6HyEjfwSr29DEyVEQPPvtEh3ng=] [Return][iiJObXJiHUpdxyn3JIpENg==:w1qhGdclLQeMkUaob8NotAx4e2sukn6giVAkI4d8hzw=:e1XBsrGGJzP2yIKp/J+X8g==]
D/S4URC   ( 2442): [SDK] [javax.crypto.spec.SecretKeySpec][Constructor] [KEY][ng9/9IpuarlLa/+JB2U3hrI84OaOO60gNNFzxyDW7gI=][type][HmacSHA256][javax.crypto.Cipher][getInstance] [Cipher][AES/CBC/PKCS5Padding] [javax.crypto.spec.IvParameterSpec][Constructor] [IV][."Nmrb.J].).$.D6] [javax.crypto.Cipher][doFinal] [Data][e1XBsrGGJzP2yIKp/J+X8g==] [Return][mobproxy7.com]
D/S4URC   ( 2442): [SDK] [android.content.ContextWrapper][getSharedPreferences] [File][com.jqepef.edrydg_preferences.xml] [MODE][MODE_PRIVATE]
D/S4URC   ( 2442): [SDK] [javax.crypto.spec.PBEKeySpec][Constructor] [Password][com.jqepef.edrydg] [Salt][unknown]
D/S4URC   ( 2442): [SDK] [android.content.ContextWrapper][getSharedPreferences] [File][com.jqepef.edrydg_preferences.xml] [MODE][MODE_PRIVATE] [Method][getString] [String][/sArw5T39EFXMYim/iTaU+WZdVuv7NcahsQK1puBnSY=] [Return][0rW2ZzPC/gs1IWzEDdBQ9A==:ng9/9IpuarlLa/+JB2U3hrI84OaOO60gNNFzxyDW7gI=]
D/S4URC   ( 2442): [SDK] [android.content.ContextWrapper][getSharedPreferences] [File][com.jqepef.edrydg_preferences.xml] [MODE][MODE_PRIVATE] [Method][getString] [String][RJLlwrHbab/nlP+fp/Rx4lGZTFlUIrCnqrFdHoZub+s=] [Return][null]
D/S4URC   ( 2442): [SDK] [android.content.ContextWrapper][getSharedPreferences] [File][com.jqepef.edrydg_preferences.xml] [MODE][MODE_PRIVATE] [Method][getString] [String][/sArw5T39EFXMYim/iTaU+WZdVuv7NcahsQK1puBnSY=] [Return][0rW2ZzPC/gs1IWzEDdBQ9A==:ng9/9IpuarlLa/+JB2U3hrI84OaOO60gNNFzxyDW7gI=]
D/S4URC   ( 2442): [SDK] [javax.crypto.spec.SecretKeySpec][Constructor] [KEY][ng9/9IpuarlLa/+JB2U3hrI84OaOO60gNNFzxyDW7gI=][type][HmacSHA256][javax.crypto.Cipher][getInstance] [Cipher][AES/CBC/PKCS5Padding] [javax.crypto.spec.IvParameterSpec][Constructor] [IV][BII5P5TknbIxpFZEYjjzmg==] [javax.crypto.Cipher][doFinal] [Data][mobproxy.net,mobproxy7.com] [Return][chg5Xk1asl5b4WLQARw6/nWGIAGnT7kYpJhwGlkKxg0=]
D/S4URC   ( 2442): [SDK] [android.content.ContextWrapper][getSharedPreferences] [File][com.jqepef.edrydg_preferences.xml] [MODE][MODE_PRIVATE] [Method][putString] [Key][8v+DhgpNwgOYjtGiK6HyEjfwSr29DEyVEQPPvtEh3ng=] [Value][BII5P5TknbIxpFZEYjjzmg==:c/BmoAJj31XaadO4g9A6Mq6AHZdeINDSP0p6ci81TAE=:chg5Xk1asl5b4WLQARw6/nWGIAGnT7kYpJhwGlkKxg0=]
D/S4URC   ( 2442): [SDK] [android.content.ContextWrapper][getSharedPreferences] [File][com.jqepef.edrydg_preferences.xml] [MODE][MODE_PRIVATE]
D/S4URC   ( 2442): [SDK] [javax.crypto.spec.PBEKeySpec][Constructor] [Password][com.jqepef.edrydg] [Salt][unknown]
D/S4URC   ( 2442): [SDK] [java.io.File] [exists] [FilePath][String] [/data/data/com.jqepef.edrydg/shared_prefs/com.jqepef.edrydg_preferences.xml]
D/S4URC   ( 2442): [SDK] [java.io.File] [exists] [FilePath][String] [/data/data/com.jqepef.edrydg/shared_prefs/com.jqepef.edrydg_preferences.xml.bak]
D/S4URC   ( 2442): [SDK] [java.io.File] [renameTo] [FilePath][String] [/data/data/com.jqepef.edrydg/shared_prefs/com.jqepef.edrydg_preferences.xml] [DesFile][/data/data/com.jqepef.edrydg/shared_prefs/com.jqepef.edrydg_preferences.xml.bak]
D/S4URC   ( 2442): [SDK] [java.io.File] [getPath] [FilePath][String] [/data/data/com.jqepef.edrydg/shared_prefs/com.jqepef.edrydg_preferences.xml]
D/S4URC   ( 2442): [SDK] [java.io.File] [delete] [FilePath][String] [/data/data/com.jqepef.edrydg/shared_prefs/com.jqepef.edrydg_preferences.xml.bak]
D/S4URC   ( 2442): [SDK] [android.content.ContextWrapper][getSharedPreferences] [File][com.jqepef.edrydg_preferences.xml] [MODE][MODE_PRIVATE] [Method][commit]
D/S4URC   ( 2442):  [Method][getString] [String][/sArw5T39EFXMYim/iTaU+WZdVuv7NcahsQK1puBnSY=] [Return][0rW2ZzPC/gs1IWzEDdBQ9A==:ng9/9IpuarlLa/+JB2U3hrI84OaOO60gNNFzxyDW7gI=]
D/S4URC   ( 2442):  [Method][getString] [String][8v+DhgpNwgOYjtGiK6HyEjfwSr29DEyVEQPPvtEh3ng=] [Return][BII5P5TknbIxpFZEYjjzmg==:c/BmoAJj31XaadO4g9A6Mq6AHZdeINDSP0p6ci81TAE=:chg5Xk1asl5b4WLQARw6/nWGIAGnT7kYpJhwGlkKxg0=]
D/S4URC   ( 2442): [SDK] [javax.crypto.spec.SecretKeySpec][Constructor] [KEY][ng9/9IpuarlLa/+JB2U3hrI84OaOO60gNNFzxyDW7gI=][type][HmacSHA256][javax.crypto.Cipher][getInstance] [Cipher][AES/CBC/PKCS5Padding] [javax.crypto.spec.IvParameterSpec][Constructor] [IV][BII5P5TknbIxpFZEYjjzmg==] [javax.crypto.Cipher][doFinal] [Data][chg5Xk1asl5b4WLQARw6/nWGIAGnT7kYpJhwGlkKxg0=] [Return][mobproxy.net,mobproxy7.com]
D/S4URC   ( 2442): [SDK] [android.content.ContextWrapper][getSharedPreferences] [File][com.jqepef.edrydg_preferences.xml] [MODE][MODE_PRIVATE]
D/S4URC   ( 2442): [SDK] [javax.crypto.spec.PBEKeySpec][Constructor] [Password][com.jqepef.edrydg] [Salt][unknown]
D/S4URC   ( 2442): [SDK] [android.content.ContextWrapper][getSharedPreferences] [File][com.jqepef.edrydg_preferences.xml] [MODE][MODE_PRIVATE] [Method][getString] [String][/sArw5T39EFXMYim/iTaU+WZdVuv7NcahsQK1puBnSY=] [Return][0rW2ZzPC/gs1IWzEDdBQ9A==:ng9/9IpuarlLa/+JB2U3hrI84OaOO60gNNFzxyDW7gI=]
D/S4URC   ( 2442): [SDK] [android.content.ContextWrapper][getSharedPreferences] [File][com.jqepef.edrydg_preferences.xml] [MODE][MODE_PRIVATE] [Method][getString] [String][KTG81sSjZqvKo7LXRs0+R1OcEkazrNv6w297XBpYnVs=] [Return][Hfclj6UOQJvVrezswUIxJQ==:W8CSCf/7cifb4DZCDzZFOdmkfBYZcC9Upp7KEogchws=:CTWQdikfCl5/rNPPWUZu4A==]
D/S4URC   ( 2442): [SDK] [javax.crypto.spec.SecretKeySpec][Constructor] [KEY][ng9/9IpuarlLa/+JB2U3hrI84OaOO60gNNFzxyDW7gI=][type][HmacSHA256][javax.crypto.Cipher][getInstance] [Cipher][AES/CBC/PKCS5Padding] [javax.crypto.spec.IvParameterSpec][Constructor] [IV][Hfclj6UOQJvVrezswUIxJQ==] [javax.crypto.Cipher][doFinal] [Data][CTWQdikfCl5/rNPPWUZu4A==] [Return][-1]
D/S4URC   ( 2442): [SDK] [android.content.ContextWrapper][getSharedPreferences] [File][com.jqepef.edrydg_preferences.xml] [MODE][MODE_PRIVATE]
D/S4URC   ( 2442): [SDK] [javax.crypto.spec.PBEKeySpec][Constructor] [Password][com.jqepef.edrydg] [Salt][unknown]
D/S4URC   ( 2442): [SDK] [android.content.ContextWrapper][getSharedPreferences] [File][com.jqepef.edrydg_preferences.xml] [MODE][MODE_PRIVATE] [Method][getString] [String][/sArw5T39EFXMYim/iTaU+WZdVuv7NcahsQK1puBnSY=] [Return][0rW2ZzPC/gs1IWzEDdBQ9A==:ng9/9IpuarlLa/+JB2U3hrI84OaOO60gNNFzxyDW7gI=]
D/S4URC   ( 2442): [SDK] [javax.crypto.spec.SecretKeySpec][Constructor] [KEY][ng9/9IpuarlLa/+JB2U3hrI84OaOO60gNNFzxyDW7gI=][type][HmacSHA256][javax.crypto.Cipher][getInstance] [Cipher][AES/CBC/PKCS5Padding] [javax.crypto.spec.IvParameterSpec][Constructor] [IV][SZZ9QsAhAzSxR/RVm7XWtA==] [javax.crypto.Cipher][doFinal] [Data][mobproxy.net] [Return][ZqTPT1HDD+pHxCzequ3pWw==]
D/S4URC   ( 2442): [SDK] [android.content.ContextWrapper][getSharedPreferences] [File][com.jqepef.edrydg_preferences.xml] [MODE][MODE_PRIVATE] [Method][putString] [Key][8v+DhgpNwgOYjtGiK6HyEjfwSr29DEyVEQPPvtEh3ng=] [Value][SZZ9QsAhAzSxR/RVm7XWtA==:uleey3OjR5Ngo4SgxIis8u4StcnFCsMX5F6bAMxCAVg=:ZqTPT1HDD+pHxCzequ3pWw==]
D/S4URC   ( 2442): [SDK] [android.content.ContextWrapper][getSharedPreferences] [File][com.jqepef.edrydg_preferences.xml] [MODE][MODE_PRIVATE]
D/S4URC   ( 2442): [SDK] [javax.crypto.spec.PBEKeySpec][Constructor] [Password][com.jqepef.edrydg] [Salt][unknown]
D/S4URC   ( 2442): [SDK] [java.io.File] [exists] [FilePath][String] [/data/data/com.jqepef.edrydg/shared_prefs/com.jqepef.edrydg_preferences.xml]
D/S4URC   ( 2442): [SDK] [java.io.File] [exists] [FilePath][String] [/data/data/com.jqepef.edrydg/shared_prefs/com.jqepef.edrydg_preferences.xml.bak]
D/S4URC   ( 2442): [SDK] [java.io.File] [renameTo] [FilePath][String] [/data/data/com.jqepef.edrydg/shared_prefs/com.jqepef.edrydg_preferences.xml] [DesFile][/data/data/com.jqepef.edrydg/shared_prefs/com.jqepef.edrydg_preferences.xml.bak]
D/S4URC   ( 2442): [SDK] [java.io.File] [getPath] [FilePath][String] [/data/data/com.jqepef.edrydg/shared_prefs/com.jqepef.edrydg_preferences.xml]
D/S4URC   ( 2442): [SDK] [java.io.File] [delete] [FilePath][String] [/data/data/com.jqepef.edrydg/shared_prefs/com.jqepef.edrydg_preferences.xml.bak]
D/S4URC   ( 2442): [SDK] [android.content.ContextWrapper][getSharedPreferences] [File][com.jqepef.edrydg_preferences.xml] [MODE][MODE_PRIVATE] [Method][commit]
D/S4URC   ( 2442):  [Method][getString] [String][/sArw5T39EFXMYim/iTaU+WZdVuv7NcahsQK1puBnSY=] [Return][0rW2ZzPC/gs1IWzEDdBQ9A==:ng9/9IpuarlLa/+JB2U3hrI84OaOO60gNNFzxyDW7gI=]
D/S4URC   ( 2442):  [Method][getString] [String][KTG81sSjZqvKo7LXRs0+R1OcEkazrNv6w297XBpYnVs=] [Return][Hfclj6UOQJvVrezswUIxJQ==:W8CSCf/7cifb4DZCDzZFOdmkfBYZcC9Upp7KEogchws=:CTWQdikfCl5/rNPPWUZu4A==]
D/S4URC   ( 2442): [SDK] [javax.crypto.spec.SecretKeySpec][Constructor] [KEY][ng9/9IpuarlLa/+JB2U3hrI84OaOO60gNNFzxyDW7gI=][type][HmacSHA256][javax.crypto.Cipher][getInstance] [Cipher][AES/CBC/PKCS5Padding] [javax.crypto.spec.IvParameterSpec][Constructor] [IV][Hfclj6UOQJvVrezswUIxJQ==] [javax.crypto.Cipher][doFinal] [Data][CTWQdikfCl5/rNPPWUZu4A==] [Return][-1]
D/S4URC   ( 2442): [SDK] [android.content.ContextWrapper][getSharedPreferences] [File][com.jqepef.edrydg_preferences.xml] [MODE][MODE_PRIVATE]
D/S4URC   ( 2442): [SDK] [javax.crypto.spec.PBEKeySpec][Constructor] [Password][com.jqepef.edrydg] [Salt][unknown]
D/S4URC   ( 2442): [SDK] [android.content.ContextWrapper][getSharedPreferences] [File][com.jqepef.edrydg_preferences.xml] [MODE][MODE_PRIVATE] [Method][getString] [String][/sArw5T39EFXMYim/iTaU+WZdVuv7NcahsQK1puBnSY=] [Return][0rW2ZzPC/gs1IWzEDdBQ9A==:ng9/9IpuarlLa/+JB2U3hrI84OaOO60gNNFzxyDW7gI=]
D/S4URC   ( 2442): [SDK] [javax.crypto.spec.SecretKeySpec][Constructor] [KEY][ng9/9IpuarlLa/+JB2U3hrI84OaOO60gNNFzxyDW7gI=][type][HmacSHA256][javax.crypto.Cipher][getInstance] [Cipher][AES/CBC/PKCS5Padding] [javax.crypto.spec.IvParameterSpec][Constructor] [IV][O92mOzXu/eotseto2VZjCw==] [javax.crypto.Cipher][doFinal] [Data][0] [Return][hcOlzQE105F1rqlBggOqcw==]
D/S4URC   ( 2442): [SDK] [android.content.ContextWrapper][getSharedPreferences] [File][com.jqepef.edrydg_preferences.xml] [MODE][MODE_PRIVATE] [Method][putString] [Key][KTG81sSjZqvKo7LXRs0+R1OcEkazrNv6w297XBpYnVs=] [Value][O92mOzXu/eotseto2VZjCw==:fhB3s3lsD+4YDtSUVtqpU9E6ehOSACyaA5Got5betTc=:hcOlzQE105F1rqlBggOqcw==]
D/S4URC   ( 2442): [SDK] [android.content.ContextWrapper][getSharedPreferences] [File][com.jqepef.edrydg_preferences.xml] [MODE][MODE_PRIVATE]
D/S4URC   ( 2442): [SDK] [javax.crypto.spec.PBEKeySpec][Constructor] [Password][com.jqepef.edrydg] [Salt][unknown]
D/S4URC   ( 2442): [SDK] [java.io.File] [exists] [FilePath][String] [/data/data/com.jqepef.edrydg/shared_prefs/com.jqepef.edrydg_preferences.xml]
D/S4URC   ( 2442): [SDK] [java.io.File] [exists] [FilePath][String] [/data/data/com.jqepef.edrydg/shared_prefs/com.jqepef.edrydg_preferences.xml.bak]
D/S4URC   ( 2442): [SDK] [java.io.File] [renameTo] [FilePath][String] [/data/data/com.jqepef.edrydg/shared_prefs/com.jqepef.edrydg_preferences.xml] [DesFile][/data/data/com.jqepef.edrydg/shared_prefs/com.jqepef.edrydg_preferences.xml.bak]
D/S4URC   ( 2442): [SDK] [java.io.File] [getPath] [FilePath][String] [/data/data/com.jqepef.edrydg/shared_prefs/com.jqepef.edrydg_preferences.xml]
D/S4URC   ( 2442): [SDK] [java.io.File] [delete] [FilePath][String] [/data/data/com.jqepef.edrydg/shared_prefs/com.jqepef.edrydg_preferences.xml.bak]
D/S4URC   ( 2442): [SDK] [android.content.ContextWrapper][getSharedPreferences] [File][com.jqepef.edrydg_preferences.xml] [MODE][MODE_PRIVATE] [Method][commit]
D/S4URC   ( 2442):  [Method][getString] [String][/sArw5T39EFXMYim/iTaU+WZdVuv7NcahsQK1puBnSY=] [Return][0rW2ZzPC/gs1IWzEDdBQ9A==:ng9/9IpuarlLa/+JB2U3hrI84OaOO60gNNFzxyDW7gI=]
D/S4URC   ( 2442):  [Method][getString] [String][8v+DhgpNwgOYjtGiK6HyEjfwSr29DEyVEQPPvtEh3ng=] [Return][SZZ9QsAhAzSxR/RVm7XWtA==:uleey3OjR5Ngo4SgxIis8u4StcnFCsMX5F6bAMxCAVg=:ZqTPT1HDD+pHxCzequ3pWw==]
D/S4URC   ( 2442): [SDK] [javax.crypto.spec.SecretKeySpec][Constructor] [KEY][ng9/9IpuarlLa/+JB2U3hrI84OaOO60gNNFzxyDW7gI=][type][HmacSHA256][javax.crypto.Cipher][getInstance] [Cipher][AES/CBC/PKCS5Padding] [javax.crypto.spec.IvParameterSpec][Constructor] [IV][SZZ9QsAhAzSxR/RVm7XWtA==] [javax.crypto.Cipher][doFinal] [Data][ZqTPT1HDD+pHxCzequ3pWw==] [Return][mobproxy.net]
D/S4URC   ( 2442): [SDK] [java.io.File] [Constructor] [FilePath][String] [/data/data/com.jqepef.edrydg/files/Mint-lastsavedfile]
D/S4URC   ( 2442): [SDK] [java.io.File] [getPath] [FilePath][String] [/data/data/com.jqepef.edrydg/files/Mint-lastsavedfile]
D/S4URC   ( 2442): [SDK] [java.io.File] [Constructor] [FilePath][String] [/data/data/com.jqepef.edrydg/files/MintSavedData-1-1535085118204.json]
D/S4URC   ( 2442): [SDK] [java.io.File] [exists] [FilePath][String] [/data/data/com.jqepef.edrydg/files/MintSavedData-1-1535085118204.json]
D/S4URC   ( 2442): [SDK] [java.io.File] [getPath] [FilePath][String] [/data/data/com.jqepef.edrydg/files/MintSavedData-1-1535085118204.json]
D/S4URC   ( 2442): [SDK] [java.io.File] [getName] [FilePath][String] [/data/data/com.jqepef.edrydg/files/MintSavedData-1-1535085118204.json]
D/S4URC   ( 2442): [SDK] [java.io.File] [Constructor] [FilePath][String] [/data/data/com.jqepef.edrydg/files/Mint-lastsavedfile]
D/S4URC   ( 2442): [SDK] [java.io.File] [exists] [FilePath][String] [/data/data/com.jqepef.edrydg/files/Mint-lastsavedfile]
D/S4URC   ( 2442): [SDK] [java.io.File] [getPath] [FilePath][String] [/data/data/com.jqepef.edrydg/files/Mint-lastsavedfile]
D/S4URC   ( 2442): [SDK] [android.content.ContextWrapper][getSharedPreferences] [File][com.jqepef.edrydg_preferences.xml] [MODE][MODE_PRIVATE]
D/S4URC   ( 2442): [SDK] [javax.crypto.spec.PBEKeySpec][Constructor] [Password][com.jqepef.edrydg] [Salt][unknown]
D/S4URC   ( 2442): [SDK] [android.content.ContextWrapper][getSharedPreferences] [File][com.jqepef.edrydg_preferences.xml] [MODE][MODE_PRIVATE] [Method][getString] [String][/sArw5T39EFXMYim/iTaU+WZdVuv7NcahsQK1puBnSY=] [Return][0rW2ZzPC/gs1IWzEDdBQ9A==:ng9/9IpuarlLa/+JB2U3hrI84OaOO60gNNFzxyDW7gI=]
D/S4URC   ( 2442): [SDK] [android.content.ContextWrapper][getSharedPreferences] [File][com.jqepef.edrydg_preferences.xml] [MODE][MODE_PRIVATE] [Method][getString] [String][RJLlwrHbab/nlP+fp/Rx4lGZTFlUIrCnqrFdHoZub+s=] [Return][null]
D/S4URC   ( 2442): [SDK] [android.content.ContextWrapper][getSharedPreferences] [File][com.jqepef.edrydg_preferences.xml] [MODE][MODE_PRIVATE]
D/S4URC   ( 2442): [SDK] [javax.crypto.spec.SecretKeySpec][Constructor] [KEY][ng9/9IpuarlLa/+JB2U3hrI84OaOO60gNNFzxyDW7gI=][type][HmacSHA256][javax.crypto.spec.PBEKeySpec][Constructor] [Password][com.jqepef.edrydg] [Salt][unknown]
D/S4URC   ( 2442): [SDK] [android.content.ContextWrapper][getSharedPreferences] [File][com.jqepef.edrydg_preferences.xml] [MODE][MODE_PRIVATE] [Method][getString] [String][/sArw5T39EFXMYim/iTaU+WZdVuv7NcahsQK1puBnSY=] [Return][0rW2ZzPC/gs1IWzEDdBQ9A==:ng9/9IpuarlLa/+JB2U3hrI84OaOO60gNNFzxyDW7gI=]
D/S4URC   ( 2442): [SDK] [android.content.ContextWrapper][getSharedPreferences] [File][com.jqepef.edrydg_preferences.xml] [MODE][MODE_PRIVATE] [Method][getString] [String][RJLlwrHbab/nlP+fp/Rx4lGZTFlUIrCnqrFdHoZub+s=] [Return][null]
D/S4URC   ( 2442): [SDK] [android.content.ContextWrapper][getSharedPreferences] [File][com.jqepef.edrydg_preferences.xml] [MODE][MODE_PRIVATE]
D/S4URC   ( 2442): [SDK] [javax.crypto.spec.SecretKeySpec][Constructor] [KEY][ng9/9IpuarlLa/+JB2U3hrI84OaOO60gNNFzxyDW7gI=][type][HmacSHA256][javax.crypto.spec.PBEKeySpec][Constructor] [Password][com.jqepef.edrydg] [Salt][unknown]
D/S4URC   ( 2442): [SDK] [android.content.ContextWrapper][getSharedPreferences] [File][com.jqepef.edrydg_preferences.xml] [MODE][MODE_PRIVATE] [Method][getString] [String][/sArw5T39EFXMYim/iTaU+WZdVuv7NcahsQK1puBnSY=] [Return][0rW2ZzPC/gs1IWzEDdBQ9A==:ng9/9IpuarlLa/+JB2U3hrI84OaOO60gNNFzxyDW7gI=]
D/S4URC   ( 2442): [SDK] [android.content.ContextWrapper][getSharedPreferences] [File][com.jqepef.edrydg_preferences.xml] [MODE][MODE_PRIVATE] [Method][getString] [String][8v+DhgpNwgOYjtGiK6HyEjfwSr29DEyVEQPPvtEh3ng=] [Return][SZZ9QsAhAzSxR/RVm7XWtA==:uleey3OjR5Ngo4SgxIis8u4StcnFCsMX5F6bAMxCAVg=:ZqTPT1HDD+pHxCzequ3pWw==]
D/S4URC   ( 2442): [SDK] [javax.crypto.spec.SecretKeySpec][Constructor] [KEY][ng9/9IpuarlLa/+JB2U3hrI84OaOO60gNNFzxyDW7gI=][type][HmacSHA256][javax.crypto.Cipher][getInstance] [Cipher][AES/CBC/PKCS5Padding] [javax.crypto.spec.IvParameterSpec][Constructor] [IV][SZZ9QsAhAzSxR/RVm7XWtA==] [javax.crypto.Cipher][doFinal] [Data][ZqTPT1HDD+pHxCzequ3pWw==] [Return][mobproxy.net]
D/S4URC   ( 2442): [SDK] [java.net] [HttpURLConnection] [URL][String] [http://mobproxy.net:1010/speedtest/download?size=153600]
D/S4URC   ( 2442): [SDK] [java.lang.Class] [forName] [FindClass][String] [java.net.PlainSocketImpl]
D/S4URC   ( 2442): [SDK] [java.io.File] [Constructor] [FilePath][String] [/data/data/com.jqepef.edrydg/files/Mint-lastsavedfile]
D/S4URC   ( 2442): [SDK] [java.io.File] [getPath] [FilePath][String] [/data/data/com.jqepef.edrydg/files/Mint-lastsavedfile]
D/S4URC   ( 2442): [SDK] [java.io.File] [Constructor] [FilePath][String] [/data/data/com.jqepef.edrydg/files/MintSavedData-1-1535085118204.json]
D/S4URC   ( 2442): [SDK] [java.io.File] [exists] [FilePath][String] [/data/data/com.jqepef.edrydg/files/MintSavedData-1-1535085118204.json]
D/S4URC   ( 2442): [SDK] [java.io.File] [getPath] [FilePath][String] [/data/data/com.jqepef.edrydg/files/MintSavedData-1-1535085118204.json]
D/S4URC   ( 2442): [SDK] [android.content.ContextWrapper][getSharedPreferences] [File][com.jqepef.edrydg_preferences.xml] [MODE][MODE_PRIVATE]
D/S4URC   ( 2442): [SDK] [java.io.File] [getName] [FilePath][String] [/data/data/com.jqepef.edrydg/files/MintSavedData-1-1535085118204.json]
D/S4URC   ( 2442): [SDK] [java.io.File] [Constructor] [FilePath][String] [/data/data/com.jqepef.edrydg/files/Mint-lastsavedfile]
D/S4URC   ( 2442): [SDK] [java.io.File] [exists] [FilePath][String] [/data/data/com.jqepef.edrydg/files/Mint-lastsavedfile]
D/S4URC   ( 2442): [SDK] [java.io.File] [getPath] [FilePath][String] [/data/data/com.jqepef.edrydg/files/Mint-lastsavedfile]
D/S4URC   ( 2442): [SDK] [javax.crypto.spec.PBEKeySpec][Constructor] [Password][com.jqepef.edrydg] [Salt][unknown]
D/S4URC   ( 2326): [SDK] [java.io.File] [Constructor] [FilePath][String] [/data/data/com.jqepef.edrydg/files/Mint-lastsavedfile]
D/S4URC   ( 2326): [SDK] [java.io.File] [getPath] [FilePath][String] [/data/data/com.jqepef.edrydg/files/Mint-lastsavedfile]
D/S4URC   ( 2326): [NDK] [SYSCALL] [open] [PATH][string] [/data/data/com.jqepef.edrydg/files/Mint-lastsavedfile] [RETURN][int] [19]
D/S4URC   ( 2326): [SDK] [java.io.File] [Constructor] [FilePath][String] [/data/data/com.jqepef.edrydg/files/MintSavedData-1-1535085118204.json]
D/S4URC   ( 2326): [NDK] [SYSCALL] [stat] [PATH][string] [/data/data/com.jqepef.edrydg/files/MintSavedData-1-1535085118204.json]
D/S4URC   ( 2326): [SDK] [java.io.File] [exists] [FilePath][String] [/data/data/com.jqepef.edrydg/files/MintSavedData-1-1535085118204.json]
D/S4URC   ( 2326): [NDK] [SYSCALL] [access] [PATH][string] [/data/data/com.jqepef.edrydg/files/MintSavedData-1-1535085118204.json]
D/S4URC   ( 2326): [SDK] [java.io.File] [getPath] [FilePath][String] [/data/data/com.jqepef.edrydg/files/MintSavedData-1-1535085118204.json]
D/S4URC   ( 2326): [NDK] [SYSCALL] [open] [PATH][string] [/data/data/com.jqepef.edrydg/files/MintSavedData-1-1535085118204.json] [RETURN][int] [19]
D/S4URC   ( 2326): [SDK] [java.io.File] [getName] [FilePath][String] [/data/data/com.jqepef.edrydg/files/MintSavedData-1-1535085118204.json]
D/S4URC   ( 2326): [SDK] [java.io.File] [Constructor] [FilePath][String] [/data/data/com.jqepef.edrydg/files/Mint-lastsavedfile]
D/S4URC   ( 2326): [SDK] [java.io.File] [exists] [FilePath][String] [/data/data/com.jqepef.edrydg/files/Mint-lastsavedfile]
D/S4URC   ( 2326): [NDK] [SYSCALL] [access] [PATH][string] [/data/data/com.jqepef.edrydg/files/Mint-lastsavedfile]
D/S4URC   ( 2326): [SDK] [java.io.File] [getPath] [FilePath][String] [/data/data/com.jqepef.edrydg/files/Mint-lastsavedfile]
D/S4URC   ( 2326): [NDK] [SYSCALL] [open] [PATH][string] [/data/data/com.jqepef.edrydg/files/Mint-lastsavedfile] [RETURN][int] [19]
D/S4URC   ( 2326): [SDK] [java.io.File] [Constructor] [FilePath][String] [/system/app/Superuser.apk]
D/S4URC   ( 2326): [SDK] [java.io.File] [exists] [FilePath][String] [/system/app/Superuser.apk]
D/S4URC   ( 2326): [NDK] [SYSCALL] [access] [PATH][string] [/system/app/Superuser.apk]
D/S4URC   ( 2326): [SDK] [java.lang.Runtime] [exec] [Command][String] [/system/xbin/whichsu]
D/S4URC   ( 2900): [NDK] [SYSCALL] [getdents] [PATH][string] [.]
D/S4URC   ( 2326): [SDK] [android.telephony.TelephonyManager] [getLine1Number]
D/S4URC   ( 2326): [SDK] [android.telephony.TelephonyManager] [getSubscriberId]
D/S4URC   ( 2326): [SDK] [android.app.ApplicationPackageManager] [getPackageInfo] [FindPackageName][String] [com.jqepef.edrydg]
D/S4URC   ( 2326): [SDK] [android.content.ContextWrapper][getSharedPreferences] [File][Preferences.xml] [MODE][MODE_PRIVATE] [Method][getString] [String][mobile] [Return][null]
D/S4URC   ( 2326): [SDK] [android.content.ContextWrapper][getSharedPreferences] [File][Preferences.xml] [MODE][MODE_PRIVATE] [Method][getString] [String][agent] [Return][Dalvik/2.1.0 (Linux; U; Android 5.1.1; galaxys5 Build/LMY49J)]
D/S4URC   ( 2326): [SDK] [java.lang.Class] [forName] [FindClass][String] [java.net.PlainSocketImpl]
D/S4URC   ( 2326): [NDK] [SYSCALL] [socket] [TYPE][string] [TCP]
D/S4URC   ( 2442): [SDK] [android.content.ContextWrapper][getSharedPreferences] [File][com.jqepef.edrydg_preferences.xml] [MODE][MODE_PRIVATE] [Method][getString] [String][/sArw5T39EFXMYim/iTaU+WZdVuv7NcahsQK1puBnSY=] [Return][0rW2ZzPC/gs1IWzEDdBQ9A==:ng9/9IpuarlLa/+JB2U3hrI84OaOO60gNNFzxyDW7gI=]
D/S4URC   ( 2442): [SDK] [android.content.ContextWrapper][getSharedPreferences] [File][com.jqepef.edrydg_preferences.xml] [MODE][MODE_PRIVATE] [Method][getString] [String][8v+DhgpNwgOYjtGiK6HyEjfwSr29DEyVEQPPvtEh3ng=] [Return][SZZ9QsAhAzSxR/RVm7XWtA==:uleey3OjR5Ngo4SgxIis8u4StcnFCsMX5F6bAMxCAVg=:ZqTPT1HDD+pHxCzequ3pWw==]
