D/S4URC   ( 3576): [SDK] [android.content.ContextWrapper][getSharedPreferences] [File][umeng_general_config.xml] [MODE][MODE_PRIVATE] [Method][getIong] [Iong][a_start_time] [Return][1535436162645]
D/S4URC   ( 3576): [NDK] [SYSCALL] [open] [PATH][string] [/data/data/com.dfekrfriogtlktrlafretg.fioregtkgtjgkltlht.mx/files/.um] [RETURN][int] [96]
D/S4URC   ( 3576): [SDK] [android.content.ContextWrapper][getSharedPreferences] [File][umeng_general_config.xml] [MODE][MODE_PRIVATE] [Method][putLong] [Key][a_start_time] [Value][0]
D/S4URC   ( 3576): [NDK] [SYSCALL] [getdents] [PATH][string] [..]
D/S4URC   ( 3576): [SDK] [android.content.ContextWrapper][getSharedPreferences] [File][umeng_general_config.xml] [MODE][MODE_PRIVATE] [Method][putLong] [Key][a_end_time] [Value][1535436166700]
D/S4URC   ( 3576): [SDK] [android.content.ContextWrapper][getSharedPreferences] [File][umeng_general_config.xml] [MODE][MODE_PRIVATE] [Method][putLong] [Key][session_end_time] [Value][1535436166700]
D/S4URC   ( 3576): [SDK] [java.io.File] [exists] [FilePath][String] [/data/data/com.dfekrfriogtlktrlafretg.fioregtkgtjgkltlht.mx/shared_prefs/umeng_general_config.xml]
D/S4URC   ( 3576): [NDK] [SYSCALL] [access] [PATH][string] [/data/data/com.dfekrfriogtlktrlafretg.fioregtkgtjgkltlht.mx/shared_prefs/umeng_general_config.xml]
D/S4URC   ( 3576): [SDK] [java.io.File] [exists] [FilePath][String] [/data/data/com.dfekrfriogtlktrlafretg.fioregtkgtjgkltlht.mx/shared_prefs/umeng_general_config.xml.bak]
D/S4URC   ( 3576): [NDK] [SYSCALL] [access] [PATH][string] [/data/data/com.dfekrfriogtlktrlafretg.fioregtkgtjgkltlht.mx/shared_prefs/umeng_general_config.xml.bak]
D/S4URC   ( 3576): [SDK] [java.io.File] [renameTo] [FilePath][String] [/data/data/com.dfekrfriogtlktrlafretg.fioregtkgtjgkltlht.mx/shared_prefs/umeng_general_config.xml] [DesFile][/data/data/com.dfekrfriogtlktrlafretg.fioregtkgtjgkltlht.mx/shared_prefs/umeng_general_config.xml.bak]
D/S4URC   ( 3576): [NDK] [SYSCALL] [rename] [ORIG_PATH][string] [/data/data/com.dfekrfriogtlktrlafretg.fioregtkgtjgkltlht.mx/shared_prefs/umeng_general_config.xml] [NEW_PATH][string] [/data/data/com.dfekrfriogtlktrlafretg.fioregtkgtjgkltlht.mx/shared_prefs/umeng_general_config.xml.bak]
D/S4URC   ( 3576): [SDK] [java.io.File] [getPath] [FilePath][String] [/data/data/com.dfekrfriogtlktrlafretg.fioregtkgtjgkltlht.mx/shared_prefs/umeng_general_config.xml]
D/S4URC   ( 3576): [NDK] [SYSCALL] [open] [PATH][string] [/data/data/com.dfekrfriogtlktrlafretg.fioregtkgtjgkltlht.mx/shared_prefs/umeng_general_config.xml] [RETURN][int] [96]
D/S4URC   ( 3576): [SDK] [java.io.File] [listFiles] [FilePath][String] [/data/data/com.dfekrfriogtlktrlafretg.fioregtkgtjgkltlht.mx/files/.um]
D/S4URC   ( 3576): [SDK] [java.io.File] [list] [FilePath][String] [/data/data/com.dfekrfriogtlktrlafretg.fioregtkgtjgkltlht.mx/files/.um]
D/S4URC   ( 3576): [NDK] [SYSCALL] [open] [PATH][string] [/data/data/com.dfekrfriogtlktrlafretg.fioregtkgtjgkltlht.mx/files/.um] [RETURN][int] [136]
D/S4URC   ( 3576): [NDK] [SYSCALL] [getdents] [PATH][string] [..]
D/S4URC   ( 3576): [SDK] [java.io.File] [getPath] [FilePath][String] [/data/data/com.dfekrfriogtlktrlafretg.fioregtkgtjgkltlht.mx/shared_prefs/umeng_general_config.xml]
D/S4URC   ( 3576): [NDK] [SYSCALL] [chmod] [PATH][string] [/data/data/com.dfekrfriogtlktrlafretg.fioregtkgtjgkltlht.mx/shared_prefs/umeng_general_config.xml] [MODE][int] [0660]
D/S4URC   ( 3576): [SDK] [java.io.File] [getPath] [FilePath][String] [/data/data/com.dfekrfriogtlktrlafretg.fioregtkgtjgkltlht.mx/shared_prefs/umeng_general_config.xml]
D/S4URC   ( 3576): [NDK] [SYSCALL] [stat] [PATH][string] [/data/data/com.dfekrfriogtlktrlafretg.fioregtkgtjgkltlht.mx/shared_prefs/umeng_general_config.xml]
D/S4URC   ( 3576): [SDK] [java.io.File] [delete] [FilePath][String] [/data/data/com.dfekrfriogtlktrlafretg.fioregtkgtjgkltlht.mx/shared_prefs/umeng_general_config.xml.bak]
D/S4URC   ( 3576): [NDK] [SYSCALL] [lstat] [PATH][string] [/data/data/com.dfekrfriogtlktrlafretg.fioregtkgtjgkltlht.mx/shared_prefs/umeng_general_config.xml.bak]
D/S4URC   ( 3576): [NDK] [SYSCALL] [unlink] [PATH][string] [/data/data/com.dfekrfriogtlktrlafretg.fioregtkgtjgkltlht.mx/shared_prefs/umeng_general_config.xml.bak]
D/S4URC   ( 3576): [SDK] [android.content.ContextWrapper][getSharedPreferences] [File][umeng_general_config.xml] [MODE][MODE_PRIVATE] [Method][commit]
D/S4URC   ( 3576): [SDK] [android.content.ContextWrapper][getSharedPreferences] [File][umeng_general_config.xml] [MODE][MODE_PRIVATE]
D/S4URC   ( 3576): [SDK] [android.content.ContextWrapper][getSharedPreferences] [File][umeng_general_config.xml] [MODE][MODE_PRIVATE] [Method][getString] [String][activities] [Return][["org.cocos2dx.lua.AppActivity",111]]
D/S4URC   ( 3576): [SDK] [android.content.ContextWrapper][getSharedPreferences] [File][umeng_general_config.xml] [MODE][MODE_PRIVATE] [Method][putString] [Key][activities] [Value][["org.cocos2dx.lua.AppActivity",111];["org.cocos2dx.lua.AppActivity",4054]]
D/S4URC   ( 3576): [SDK] [java.io.File] [exists] [FilePath][String] [/data/data/com.dfekrfriogtlktrlafretg.fioregtkgtjgkltlht.mx/shared_prefs/umeng_general_config.xml]
D/S4URC   ( 3576): [NDK] [SYSCALL] [access] [PATH][string] [/data/data/com.dfekrfriogtlktrlafretg.fioregtkgtjgkltlht.mx/shared_prefs/umeng_general_config.xml]
D/S4URC   ( 3576): [SDK] [java.io.File] [exists] [FilePath][String] [/data/data/com.dfekrfriogtlktrlafretg.fioregtkgtjgkltlht.mx/shared_prefs/umeng_general_config.xml.bak]
D/S4URC   ( 3576): [NDK] [SYSCALL] [access] [PATH][string] [/data/data/com.dfekrfriogtlktrlafretg.fioregtkgtjgkltlht.mx/shared_prefs/umeng_general_config.xml.bak]
D/S4URC   ( 3576): [SDK] [java.io.File] [renameTo] [FilePath][String] [/data/data/com.dfekrfriogtlktrlafretg.fioregtkgtjgkltlht.mx/shared_prefs/umeng_general_config.xml] [DesFile][/data/data/com.dfekrfriogtlktrlafretg.fioregtkgtjgkltlht.mx/shared_prefs/umeng_general_config.xml.bak]
D/S4URC   ( 3576): [NDK] [SYSCALL] [rename] [ORIG_PATH][string] [/data/data/com.dfekrfriogtlktrlafretg.fioregtkgtjgkltlht.mx/shared_prefs/umeng_general_config.xml] [NEW_PATH][string] [/data/data/com.dfekrfriogtlktrlafretg.fioregtkgtjgkltlht.mx/shared_prefs/umeng_general_config.xml.bak]
D/S4URC   ( 3576): [SDK] [java.io.File] [getPath] [FilePath][String] [/data/data/com.dfekrfriogtlktrlafretg.fioregtkgtjgkltlht.mx/shared_prefs/umeng_general_config.xml]
D/S4URC   ( 3576): [NDK] [SYSCALL] [open] [PATH][string] [/data/data/com.dfekrfriogtlktrlafretg.fioregtkgtjgkltlht.mx/shared_prefs/umeng_general_config.xml] [RETURN][int] [138]
D/S4URC   ( 3576): [SDK] [android.content.ContextWrapper][getSharedPreferences] [File][zpay_info.xml] [MODE][MODE_PRIVATE]
D/S4URC   ( 3576): [SDK] [android.content.ContextWrapper][getSharedPreferences] [File][zpay_info.xml] [MODE][MODE_PRIVATE] [Method][getString] [String][cp] [Return][1000100020000246]
D/S4URC   ( 3576): [SDK] [android.content.ContextWrapper][getSharedPreferences] [File][zpay_info.xml] [MODE][MODE_PRIVATE]
D/S4URC   ( 3576): [SDK] [java.lang.Class] [forName] [FindClass][String] [android.telephony.MSimTelephonyManager]
D/S4URC   ( 3576): [SDK] [android.content.ContextWrapper][getSharedPreferences] [File][zpay_info.xml] [MODE][MODE_PRIVATE] [Method][getString] [String][qd] [Return][zyap2364_45297_100]
D/S4URC   ( 3576): [SDK] [android.content.ContextWrapper][getSharedPreferences] [File][zpay_info.xml] [MODE][MODE_PRIVATE]
D/S4URC   ( 3576): [SDK] [android.content.ContextWrapper][getSharedPreferences] [File][zpay_info.xml] [MODE][MODE_PRIVATE] [Method][getString] [String][appId] [Return][2364]
D/S4URC   ( 3576): [SDK] [java.lang.Class] [forName] [FindClass][String] [com.android.internal.telephony.Phone]
D/S4URC   ( 3576): [SDK] [java.lang.ProcessBuilder] [Constructor] [Command][String] [,/system/bin/cat,/sys/devices/system/cpu/cpu0/cpufreq/cpuinfo_max_freq]
D/S4URC   ( 3576): [SDK] [java.lang.Class] [forName] [FindClass][String] [com.android.internal.telephony.Phone]
D/S4URC   ( 3576): [SDK] [java.lang.Class] [forName] [FindClass][String] [com.android.internal.telephony.PhoneFactory]
D/S4URC   ( 3576): [SDK] [android.telephony.TelephonyManager] [getSubscriberId]
D/S4URC   ( 3919): [NDK] [SYSCALL] [getdents] [PATH][string] [.]
D/S4URC   ( 3576): [SDK] [android.telephony.TelephonyManager] [getSubscriberId]
D/S4URC   ( 3576): [SDK] [java.io.File] [Constructor] [FilePath][String] [/sys/devices/system/cpu/cpu0/cpufreq/scaling_cur_freq]
D/S4URC   ( 3576): [SDK] [java.io.File] [getPath] [FilePath][String] [/sys/devices/system/cpu/cpu0/cpufreq/scaling_cur_freq]
D/S4URC   ( 3576): [SDK] [java.lang.ProcessBuilder] [Constructor] [Command][String] [,/system/bin/cat,/sys/devices/system/cpu/cpu0/cpufreq/cpuinfo_min_freq]
D/S4URC   ( 3576): [SDK] [android.telephony.TelephonyManager] [getSubscriberId]
D/S4URC   ( 3921): [NDK] [SYSCALL] [getdents] [PATH][string] [.]
D/S4URC   ( 3576): [SDK] [java.lang.Class] [forName] [FindClass][String] [android.telephony.MSimTelephonyManager]
D/S4URC   ( 3576): [SDK] [java.lang.Class] [forName] [FindClass][String] [com.android.internal.telephony.Phone]
D/S4URC   ( 3576): [SDK] [java.lang.Class] [forName] [FindClass][String] [com.android.internal.telephony.PhoneFactory]
D/S4URC   ( 3576): [NDK] [SYSCALL] [socket] [TYPE][string] [TCP]
D/S4URC   ( 3576): [SDK] [android.telephony.TelephonyManager] [getSubscriberId]
D/S4URC   ( 3576): [SDK] [java.lang.Class] [forName] [FindClass][String] [android.telephony.MSimTelephonyManager]
D/S4URC   ( 3576): [SDK] [java.lang.Class] [forName] [FindClass][String] [com.android.internal.telephony.Phone]
D/S4URC   ( 3576): [SDK] [java.lang.Class] [forName] [FindClass][String] [com.android.internal.telephony.PhoneFactory]
D/S4URC   ( 3576): [SDK] [android.telephony.TelephonyManager] [getSubscriberId]
D/S4URC   ( 3576): [SDK] [java.lang.Class] [forName] [FindClass][String] [android.telephony.MSimTelephonyManager]
D/S4URC   ( 3576): [SDK] [java.io.File] [Constructor] [FilePath][String] [/proc/cpuinfo]
D/S4URC   ( 3576): [SDK] [java.io.File] [getPath] [FilePath][String] [/proc/cpuinfo]
D/S4URC   ( 3576): [NDK] [SYSCALL] [open] [PATH][string] [/proc/cpuinfo] [RETURN][int] [46]
D/S4URC   ( 3576): [SDK] [java.lang.Class] [forName] [FindClass][String] [com.android.internal.telephony.Phone]
D/S4URC   ( 3576): [SDK] [java.lang.Class] [forName] [FindClass][String] [com.android.internal.telephony.PhoneFactory]
D/S4URC   ( 3576): [SDK] [android.telephony.TelephonyManager] [getSubscriberId]
D/S4URC   ( 3576): [SDK] [java.io.File] [Constructor] [FilePath][String] [/proc/meminfo]
D/S4URC   ( 3576): [SDK] [java.io.File] [getPath] [FilePath][String] [/proc/meminfo]
D/S4URC   ( 3576): [NDK] [SYSCALL] [open] [PATH][string] [/proc/meminfo] [RETURN][int] [142]
D/S4URC   ( 3576): [SDK] [java.io.File] [getPath] [FilePath][String] [/storage/sdcard0]
D/S4URC   ( 3576): [SDK] [android.os.Environment] [getExternalStorageDirectory] [DirectoryPath][String] [/storage/sdcard0]
D/S4URC   ( 3576): [SDK] [java.io.File] [getPath] [FilePath][String] [/storage/sdcard0]
D/S4URC   ( 3576): [SDK] [android.os.Environment] [getExternalStorageDirectory] [DirectoryPath][String] [/storage/sdcard0]
D/S4URC   ( 3576): [SDK] [java.io.File] [getPath] [FilePath][String] [/storage/sdcard0]
D/S4URC   ( 3576): [SDK] [java.lang.Class] [forName] [FindClass][String] [android.telephony.MSimTelephonyManager]
D/S4URC   ( 3576): [SDK] [java.lang.Class] [forName] [FindClass][String] [com.android.internal.telephony.Phone]
D/S4URC   ( 3576): [SDK] [java.lang.Class] [forName] [FindClass][String] [com.android.internal.telephony.PhoneFactory]
D/S4URC   ( 3576): [SDK] [android.telephony.TelephonyManager] [getSubscriberId]
D/S4URC   ( 3576): [SDK] [java.lang.Class] [forName] [FindClass][String] [android.telephony.MSimTelephonyManager]
D/S4URC   ( 3576): [SDK] [java.lang.Class] [forName] [FindClass][String] [com.android.internal.telephony.Phone]
D/S4URC   ( 3576): [SDK] [java.lang.Class] [forName] [FindClass][String] [com.android.internal.telephony.PhoneFactory]
D/S4URC   ( 3576): [SDK] [android.telephony.TelephonyManager] [getSubscriberId]
D/S4URC   ( 3576): [SDK] [java.lang.Class] [forName] [FindClass][String] [android.telephony.MSimTelephonyManager]
D/S4URC   ( 3576): [SDK] [java.lang.Class] [forName] [FindClass][String] [com.android.internal.telephony.Phone]
D/S4URC   ( 3576): [SDK] [java.lang.Class] [forName] [FindClass][String] [com.android.internal.telephony.PhoneFactory]
D/S4URC   ( 3576): [SDK] [android.telephony.TelephonyManager] [getSubscriberId]
D/S4URC   ( 3576): [SDK] [android.app.ActivityManager] [getRunningServices]
D/S4URC   ( 3576): [SDK] [java.io.File] [exists] [FilePath][String] [/storage/sdcard0/Sonnenblume/res.apk]
D/S4URC   ( 3576): [NDK] [SYSCALL] [access] [PATH][string] [/storage/sdcard0/Sonnenblume/res.apk]
D/S4URC   ( 3576): [NDK] [SYSCALL] [stat] [PATH][string] [/storage/sdcard0/Sonnenblume/res.apk]
D/S4URC   ( 3576): [SDK] [java.io.File] [getPath] [FilePath][String] [/storage/sdcard0/Sonnenblume/res.apk]
D/S4URC   ( 3576): [NDK] [SYSCALL] [open] [PATH][string] [/storage/sdcard0/Sonnenblume/res.apk] [RETURN][int] [142]
D/S4URC   ( 3576): [SDK] [java.io.File] [getPath] [FilePath][String] [/data/data/com.dfekrfriogtlktrlafretg.fioregtkgtjgkltlht.mx]
D/S4URC   ( 3576): [SDK] [java.io.File] [exists] [FilePath][String] [/data/data/com.dfekrfriogtlktrlafretg.fioregtkgtjgkltlht.mx/app__cc]
D/S4URC   ( 3576): [NDK] [SYSCALL] [access] [PATH][string] [/data/data/com.dfekrfriogtlktrlafretg.fioregtkgtjgkltlht.mx/app__cc]
D/S4URC   ( 3576): [SDK] [java.io.File] [mkdirs] [FilePath][String] [/data/data/com.dfekrfriogtlktrlafretg.fioregtkgtjgkltlht.mx/app__cc]
D/S4URC   ( 3576): [NDK] [SYSCALL] [mkdir] [PATH][string] [/data/data/com.dfekrfriogtlktrlafretg.fioregtkgtjgkltlht.mx/app__cc] [MODE][int] [0700]
D/S4URC   ( 3576): [SDK] [java.io.File] [Constructor] [FilePath][String] [/data/data/com.dfekrfriogtlktrlafretg.fioregtkgtjgkltlht.mx/app__cc]
D/S4URC   ( 3576): [SDK] [java.io.File] [exists] [FilePath][String] [/data/data/com.dfekrfriogtlktrlafretg.fioregtkgtjgkltlht.mx/app__cc]
D/S4URC   ( 3576): [NDK] [SYSCALL] [access] [PATH][string] [/data/data/com.dfekrfriogtlktrlafretg.fioregtkgtjgkltlht.mx/app__cc]
D/S4URC   ( 3576): [SDK] [java.io.File] [isDirectory] [FilePath][String] [/data/data/com.dfekrfriogtlktrlafretg.fioregtkgtjgkltlht.mx/app__cc]
D/S4URC   ( 3576): [NDK] [SYSCALL] [stat] [PATH][string] [/data/data/com.dfekrfriogtlktrlafretg.fioregtkgtjgkltlht.mx/app__cc]
D/S4URC   ( 3576): [SDK] [java.io.File] [listFiles] [FilePath][String] [/data/data/com.dfekrfriogtlktrlafretg.fioregtkgtjgkltlht.mx/app__cc]
D/S4URC   ( 3576): [SDK] [java.io.File] [list] [FilePath][String] [/data/data/com.dfekrfriogtlktrlafretg.fioregtkgtjgkltlht.mx/app__cc]
D/S4URC   ( 3576): [NDK] [SYSCALL] [open] [PATH][string] [/data/data/com.dfekrfriogtlktrlafretg.fioregtkgtjgkltlht.mx/app__cc] [RETURN][int] [142]
D/S4URC   ( 3576): [NDK] [SYSCALL] [getdents] [PATH][string] [..]
D/S4URC   ( 3576): [SDK] [java.io.File] [getPath] [FilePath][String] [/data/data/com.dfekrfriogtlktrlafretg.fioregtkgtjgkltlht.mx/app__cc]
D/S4URC   ( 3576): [SDK] [java.io.File] [exists] [FilePath][String] [/data/data/com.dfekrfriogtlktrlafretg.fioregtkgtjgkltlht.mx/app__cc/res.dex]
D/S4URC   ( 3576): [NDK] [SYSCALL] [access] [PATH][string] [/data/data/com.dfekrfriogtlktrlafretg.fioregtkgtjgkltlht.mx/app__cc/res.dex]
D/S4URC   ( 3576): [SDK] [java.io.File] [isDirectory] [FilePath][String] [/data/data/com.dfekrfriogtlktrlafretg.fioregtkgtjgkltlht.mx/app__cc/res.dex]
D/S4URC   ( 3576): [NDK] [SYSCALL] [stat] [PATH][string] [/data/data/com.dfekrfriogtlktrlafretg.fioregtkgtjgkltlht.mx/app__cc/res.dex]
D/S4URC   ( 3576): [SDK] [java.io.File] [delete] [FilePath][String] [/data/data/com.dfekrfriogtlktrlafretg.fioregtkgtjgkltlht.mx/app__cc/res.dex]
D/S4URC   ( 3576): [NDK] [SYSCALL] [lstat] [PATH][string] [/data/data/com.dfekrfriogtlktrlafretg.fioregtkgtjgkltlht.mx/app__cc/res.dex]
D/S4URC   ( 3576): [NDK] [SYSCALL] [unlink] [PATH][string] [/data/data/com.dfekrfriogtlktrlafretg.fioregtkgtjgkltlht.mx/app__cc/res.dex]
D/S4URC   ( 3576): [SDK] [android.telephony.TelephonyManager] [getSubscriberId]
D/S4URC   ( 3576): [SDK] [java.io.File] [getPath] [FilePath][String] [/data/data/com.dfekrfriogtlktrlafretg.fioregtkgtjgkltlht.mx/shared_prefs/umeng_general_config.xml]
D/S4URC   ( 3576): [SDK] [java.lang.Class] [forName] [FindClass][String] [dalvik.system.DexClassLoader]
D/S4URC   ( 3576): [SDK] [dalvik.system.DexClassLoader] [Constructor] [DexPath][String] [/storage/sdcard0/Sonnenblume/res.apk] [NDKPath][String] [/data/app/com.dfekrfriogtlktrlafretg.fioregtkgtjgkltlht.mx-1/lib/arm]
D/S4URC   ( 3576): [SDK] [java.io.File] [Constructor] [FilePath][String] [/data/data/com.dfekrfriogtlktrlafretg.fioregtkgtjgkltlht.mx/app__cc]
D/S4URC   ( 3576): [SDK] [dalvik.system.BaseDexClassLoader] [Constructor] [DexPath][String] [/storage/sdcard0/Sonnenblume/res.apk] [NDKPath][String] [/data/app/com.dfekrfriogtlktrlafretg.fioregtkgtjgkltlht.mx-1/lib/arm]
D/S4URC   ( 3576): [SDK] [java.io.File] [exists] [FilePath][String] [/data/data/com.dfekrfriogtlktrlafretg.fioregtkgtjgkltlht.mx/app__cc]
D/S4URC   ( 3576): [NDK] [SYSCALL] [access] [PATH][string] [/data/data/com.dfekrfriogtlktrlafretg.fioregtkgtjgkltlht.mx/app__cc]
D/S4URC   ( 3576): [SDK] [java.io.File] [canRead] [FilePath][String] [/data/data/com.dfekrfriogtlktrlafretg.fioregtkgtjgkltlht.mx/app__cc]
D/S4URC   ( 3576): [NDK] [SYSCALL] [access] [PATH][string] [/data/data/com.dfekrfriogtlktrlafretg.fioregtkgtjgkltlht.mx/app__cc]
D/S4URC   ( 3576): [SDK] [java.io.File] [canWrite] [FilePath][String] [/data/data/com.dfekrfriogtlktrlafretg.fioregtkgtjgkltlht.mx/app__cc]
D/S4URC   ( 3576): [NDK] [SYSCALL] [access] [PATH][string] [/data/data/com.dfekrfriogtlktrlafretg.fioregtkgtjgkltlht.mx/app__cc]
D/S4URC   ( 3576): [NDK] [SYSCALL] [stat] [PATH][string] [/storage/sdcard0/Sonnenblume/res.apk]
D/S4URC   ( 3576): [SDK] [java.io.File] [Constructor] [FilePath][String] [/storage/sdcard0/Sonnenblume/res.apk]
D/S4URC   ( 3576): [SDK] [java.io.File] [getName] [FilePath][String] [/storage/sdcard0/Sonnenblume/res.apk]
D/S4URC   ( 3576): [SDK] [java.io.File] [isDirectory] [FilePath][String] [/storage/sdcard0/Sonnenblume/res.apk]
D/S4URC   ( 3576): [NDK] [SYSCALL] [stat] [PATH][string] [/storage/sdcard0/Sonnenblume/res.apk]
D/S4URC   ( 3576): [SDK] [java.io.File] [isFile] [FilePath][String] [/storage/sdcard0/Sonnenblume/res.apk]
D/S4URC   ( 3576): [NDK] [SYSCALL] [stat] [PATH][string] [/storage/sdcard0/Sonnenblume/res.apk]
D/S4URC   ( 3576): [SDK] [java.io.File] [getName] [FilePath][String] [/storage/sdcard0/Sonnenblume/res.apk]
D/S4URC   ( 3576): [SDK] [java.io.File] [getPath] [FilePath][String] [/data/data/com.dfekrfriogtlktrlafretg.fioregtkgtjgkltlht.mx/app__cc]
D/S4URC   ( 3576): [SDK] [java.io.File] [getPath] [FilePath][String] [/data/data/com.dfekrfriogtlktrlafretg.fioregtkgtjgkltlht.mx/app__cc/res.dex]
D/S4URC   ( 3576): [SDK] [java.io.File] [getPath] [FilePath][String] [/storage/sdcard0/Sonnenblume/res.apk]
D/S4URC   ( 3576): [SDK] [java.io.File] [Constructor] [FilePath][String] [/data/data/com.dfekrfriogtlktrlafretg.fioregtkgtjgkltlht.mx/app__cc/res.dex]
D/S4URC   ( 3576): [SDK] [java.io.File] [getParent] [FilePath][String] [/data/data/com.dfekrfriogtlktrlafretg.fioregtkgtjgkltlht.mx/app__cc/res.dex]
D/S4URC   ( 3576): [NDK] [SYSCALL] [stat] [PATH][string] [/data/data/com.dfekrfriogtlktrlafretg.fioregtkgtjgkltlht.mx/app__cc]
D/S4URC   ( 3576): [SDK] [dalvik.system.DexFile] [openDexFile] [DexPath][String] [/storage/sdcard0/Sonnenblume/res.apk]
D/S4URC   ( 3576): [SDK] [java.io.File] [Constructor] [FilePath][String] [/storage/sdcard0/Sonnenblume/res.apk]
D/S4URC   ( 3576): [SDK] [java.io.File] [Constructor] [FilePath][String] [/data/data/com.dfekrfriogtlktrlafretg.fioregtkgtjgkltlht.mx/app__cc/res.dex]
D/S4URC   ( 3576): [NDK] [SYSCALL] [chmod] [PATH][string] [/data/data/com.dfekrfriogtlktrlafretg.fioregtkgtjgkltlht.mx/shared_prefs/umeng_general_config.xml] [MODE][int] [0660]
D/S4URC   ( 3576): [NDK] [SYSCALL] [open] [PATH][string] [/storage/sdcard0/Sonnenblume/res.apk] [RETURN][int] [138]
D/S4URC   ( 3576): [SDK] [java.io.File] [getPath] [FilePath][String] [/data/data/com.dfekrfriogtlktrlafretg.fioregtkgtjgkltlht.mx/shared_prefs/umeng_general_config.xml]
D/S4URC   ( 3576): [NDK] [SYSCALL] [stat] [PATH][string] [/data/data/com.dfekrfriogtlktrlafretg.fioregtkgtjgkltlht.mx/shared_prefs/umeng_general_config.xml]
D/S4URC   ( 3576): [SDK] [android.telephony.TelephonyManager] [getSubscriberId]
D/S4URC   ( 3576): [SDK] [java.io.File] [delete] [FilePath][String] [/data/data/com.dfekrfriogtlktrlafretg.fioregtkgtjgkltlht.mx/shared_prefs/umeng_general_config.xml.bak]
D/S4URC   ( 3576): [NDK] [SYSCALL] [lstat] [PATH][string] [/data/data/com.dfekrfriogtlktrlafretg.fioregtkgtjgkltlht.mx/shared_prefs/umeng_general_config.xml.bak]
D/S4URC   ( 3576): [NDK] [SYSCALL] [unlink] [PATH][string] [/data/data/com.dfekrfriogtlktrlafretg.fioregtkgtjgkltlht.mx/shared_prefs/umeng_general_config.xml.bak]
D/S4URC   ( 3576): [SDK] [android.content.ContextWrapper][getSharedPreferences] [File][zpay_info.xml] [MODE][MODE_PRIVATE] [Method][commit]
D/S4URC   ( 3576): [SDK] [android.content.ContextWrapper][getSharedPreferences] [File][umeng_general_config.xml] [MODE][MODE_PRIVATE]
D/S4URC   ( 3576): [SDK] [android.content.ContextWrapper][getSharedPreferences] [File][umeng_general_config.xml] [MODE][MODE_PRIVATE] [Method][getInt] [Int][versioncode] [Return][1]
D/S4URC   ( 3576): [SDK] [java.io.File] [exists] [FilePath][String] [/data/data/com.dfekrfriogtlktrlafretg.fioregtkgtjgkltlht.mx/shared_prefs/umeng_general_config.xml]
D/S4URC   ( 3576): [NDK] [SYSCALL] [access] [PATH][string] [/data/data/com.dfekrfriogtlktrlafretg.fioregtkgtjgkltlht.mx/shared_prefs/umeng_general_config.xml]
D/S4URC   ( 3576): [SDK] [android.app.ApplicationPackageManager] [getPackageInfo] [FindPackageName][String] [com.dfekrfriogtlktrlafretg.fioregtkgtjgkltlht.mx]
D/S4URC   ( 3576): [SDK] [android.content.ContextWrapper][getSharedPreferences] [File][umeng_general_config.xml] [MODE][MODE_PRIVATE] [Method][commit]
D/S4URC   ( 3576): [NDK] [SYSCALL] [open] [PATH][string] [/data/data/com.dfekrfriogtlktrlafretg.fioregtkgtjgkltlht.mx/app__cc/res.dex] [RETURN][int] [138]
D/S4URC   ( 3576): [NDK] [SYSCALL] [stat] [PATH][string] [/data/data/com.dfekrfriogtlktrlafretg.fioregtkgtjgkltlht.mx/app__cc/res.dex]
D/S4URC   ( 3576): [NDK] [SYSCALL] [open] [PATH][string] [/data/data/com.dfekrfriogtlktrlafretg.fioregtkgtjgkltlht.mx/app__cc/res.dex] [RETURN][int] [142]
D/S4URC   ( 3576): [NDK] [SYSCALL] [stat] [PATH][string] [/system]
D/S4URC   ( 3576): [NDK] [SYSCALL] [stat] [PATH][string] [/data]
D/S4URC   ( 3924): [NDK] [SYSCALL] [execve] [PATH][string] [/system/bin/dex2oat] [INST][string] [/system/bin/dex2oat --runtime-arg -classpath --runtime-arg /system/framework/SamsungBridge.jar --instruction-set=arm --instruction-set-features=div --runtime-arg -Xnorelocate --boot-image=/system/framework/boot.art --dex-file=/storage/sdcard0/Sonnenblume/res.apk --oat-fd=138 --oat-location=/data/data/com.dfekrfriogtlktrlafretg.fioregtkgtjgkltlht.mx/app__cc/res.dex --runtime-arg -Xms64m --runtime-arg -Xmx512m ]
D/S4URC   ( 3576): [SDK] [android.app.ApplicationPackageManager] [getPackageInfo] [FindPackageName][String] [com.dfekrfriogtlktrlafretg.fioregtkgtjgkltlht.mx]
D/S4URC   ( 3576): [SDK] [java.io.File] [getPath] [FilePath][String] [/data/data/com.dfekrfriogtlktrlafretg.fioregtkgtjgkltlht.mx/databases]
D/S4URC   ( 3576): [SDK] [java.io.File] [isDirectory] [FilePath][String] [/data/data/com.dfekrfriogtlktrlafretg.fioregtkgtjgkltlht.mx/databases]
D/S4URC   ( 3576): [SDK] [java.io.File] [exists] [FilePath][String] [/data/data/com.dfekrfriogtlktrlafretg.fioregtkgtjgkltlht.mx/files]
D/S4URC   ( 3576): [NDK] [SYSCALL] [stat] [PATH][string] [/data/data/com.dfekrfriogtlktrlafretg.fioregtkgtjgkltlht.mx/databases]
D/S4URC   ( 3576): [NDK] [SYSCALL] [access] [PATH][string] [/data/data/com.dfekrfriogtlktrlafretg.fioregtkgtjgkltlht.mx/files]
D/S4URC   ( 3576): [NDK] [SYSCALL] [stat] [PATH][string] [/data/data/com.dfekrfriogtlktrlafretg.fioregtkgtjgkltlht.mx/files/mobclick_agent_cached_com.dfekrfriogtlktrlafretg.fioregtkgtjgkltlht.mx1]
D/S4URC   ( 3576): [SDK] [java.io.File] [getPath] [FilePath][String] [/data/data/com.dfekrfriogtlktrlafretg.fioregtkgtjgkltlht.mx/databases/mp.db]
D/S4URC   ( 3576): [SDK] [java.io.File] [exists] [FilePath][String] [/data/data/com.dfekrfriogtlktrlafretg.fioregtkgtjgkltlht.mx/files/mobclick_agent_cached_com.dfekrfriogtlktrlafretg.fioregtkgtjgkltlht.mx1]
D/S4URC   ( 3576): [NDK] [SYSCALL] [access] [PATH][string] [/data/data/com.dfekrfriogtlktrlafretg.fioregtkgtjgkltlht.mx/files/mobclick_agent_cached_com.dfekrfriogtlktrlafretg.fioregtkgtjgkltlht.mx1]
D/S4URC   ( 3576): [NDK] [SYSCALL] [stat] [PATH][string] [/data/data/com.dfekrfriogtlktrlafretg.fioregtkgtjgkltlht.mx/databases/mp.db]
D/S4URC   ( 3576): [NDK] [SYSCALL] [open] [PATH][string] [/data/data/com.dfekrfriogtlktrlafretg.fioregtkgtjgkltlht.mx/databases/mp.db] [RETURN][int] [142]
D/S4URC   ( 3576): [NDK] [SYSCALL] [stat] [PATH][string] [/data/data/com.dfekrfriogtlktrlafretg.fioregtkgtjgkltlht.mx/databases/mp.db]
D/S4URC   ( 3576): [SDK] [java.io.File] [exists] [FilePath][String] [/data/data/com.dfekrfriogtlktrlafretg.fioregtkgtjgkltlht.mx/files/mobclick_agent_cached_com.dfekrfriogtlktrlafretg.fioregtkgtjgkltlht.mx1]
D/S4URC   ( 3576): [NDK] [SYSCALL] [access] [PATH][string] [/data/data/com.dfekrfriogtlktrlafretg.fioregtkgtjgkltlht.mx/files/mobclick_agent_cached_com.dfekrfriogtlktrlafretg.fioregtkgtjgkltlht.mx1]
D/S4URC   ( 3576): [SDK] [java.io.File] [Constructor] [FilePath][String] [/proc/cpuinfo]
D/S4URC   ( 3576): [SDK] [java.io.File] [getPath] [FilePath][String] [/proc/cpuinfo]
D/S4URC   ( 3576): [NDK] [SYSCALL] [open] [PATH][string] [/proc/cpuinfo] [RETURN][int] [143]
D/S4URC   ( 3576): [NDK] [SYSCALL] [access] [PATH][string] [/data/data/com.dfekrfriogtlktrlafretg.fioregtkgtjgkltlht.mx/databases/mp.db-journal]
D/S4URC   ( 3576): [NDK] [SYSCALL] [stat] [PATH][string] [/data/data/com.dfekrfriogtlktrlafretg.fioregtkgtjgkltlht.mx/databases/mp.db-journal]
D/S4URC   ( 3576): [NDK] [SYSCALL] [stat] [PATH][string] [/data/data/com.dfekrfriogtlktrlafretg.fioregtkgtjgkltlht.mx/databases/mp.db]
D/S4URC   ( 3576): [NDK] [SYSCALL] [open] [PATH][string] [/data/data/com.dfekrfriogtlktrlafretg.fioregtkgtjgkltlht.mx/databases/mp.db-journal] [RETURN][int] [144]
D/S4URC   ( 3576): [NDK] [SYSCALL] [access] [PATH][string] [/data/data/com.dfekrfriogtlktrlafretg.fioregtkgtjgkltlht.mx/databases/mp.db-wal]
D/S4URC   ( 3576): [SDK] [android.content.ContextWrapper][getSharedPreferences] [File][umeng_general_config.xml] [MODE][MODE_PRIVATE]
D/S4URC   ( 3576): [SDK] [android.content.ContextWrapper][getSharedPreferences] [File][umeng_general_config.xml] [MODE][MODE_PRIVATE] [Method][getString] [String][st] [Return][null]
D/S4URC   ( 3576): [SDK] [android.app.ApplicationPackageManager] [getPackageInfo] [FindPackageName][String] [com.dfekrfriogtlktrlafretg.fioregtkgtjgkltlht.mx]
D/S4URC   ( 3576): [SDK] [java.lang.Class] [forName] [FindClass][String] [android.os.SystemProperties]
D/S4URC   ( 3576): [NDK] [SYSCALL] [access] [PATH][string] [/data/data/com.dfekrfriogtlktrlafretg.fioregtkgtjgkltlht.mx/databases/mp.db-journal]
D/S4URC   ( 3576): [NDK] [SYSCALL] [stat] [PATH][string] [/data/data/com.dfekrfriogtlktrlafretg.fioregtkgtjgkltlht.mx/databases/mp.db-journal]
D/S4URC   ( 3576): [SDK] [android.app.ApplicationPackageManager] [getPackageInfo] [FindPackageName][String] [com.dfekrfriogtlktrlafretg.fioregtkgtjgkltlht.mx]
D/S4URC   ( 3576): [NDK] [SYSCALL] [stat] [PATH][string] [/data/data/com.dfekrfriogtlktrlafretg.fioregtkgtjgkltlht.mx/databases/mp.db]
D/S4URC   ( 3576): [NDK] [SYSCALL] [open] [PATH][string] [/data/data/com.dfekrfriogtlktrlafretg.fioregtkgtjgkltlht.mx/databases/mp.db-journal] [RETURN][int] [143]
D/S4URC   ( 3576): [NDK] [SYSCALL] [access] [PATH][string] [/data/data/com.dfekrfriogtlktrlafretg.fioregtkgtjgkltlht.mx/databases/mp.db-wal]
D/S4URC   ( 3576): [NDK] [SYSCALL] [access] [PATH][string] [/data/data/com.dfekrfriogtlktrlafretg.fioregtkgtjgkltlht.mx/databases/mp.db-journal]
D/S4URC   ( 3576): [NDK] [SYSCALL] [stat] [PATH][string] [/data/data/com.dfekrfriogtlktrlafretg.fioregtkgtjgkltlht.mx/databases/mp.db-journal]
D/S4URC   ( 3576): [NDK] [SYSCALL] [stat] [PATH][string] [/data/data/com.dfekrfriogtlktrlafretg.fioregtkgtjgkltlht.mx/databases/mp.db]
D/S4URC   ( 3576): [NDK] [SYSCALL] [open] [PATH][string] [/data/data/com.dfekrfriogtlktrlafretg.fioregtkgtjgkltlht.mx/databases/mp.db-journal] [RETURN][int] [143]
D/S4URC   ( 3576): [NDK] [SYSCALL] [access] [PATH][string] [/data/data/com.dfekrfriogtlktrlafretg.fioregtkgtjgkltlht.mx/databases/mp.db-wal]
D/S4URC   ( 3576): [SDK] [java.io.File] [getPath] [FilePath][String] [/data/data/com.dfekrfriogtlktrlafretg.fioregtkgtjgkltlht.mx/databases/mp.db]
D/S4URC   ( 3576): [NDK] [SYSCALL] [chmod] [PATH][string] [/data/data/com.dfekrfriogtlktrlafretg.fioregtkgtjgkltlht.mx/databases/mp.db] [MODE][int] [0660]
D/S4URC   ( 3576): [NDK] [SYSCALL] [access] [PATH][string] [/data/data/com.dfekrfriogtlktrlafretg.fioregtkgtjgkltlht.mx/databases/mp.db-journal]
D/S4URC   ( 3576): [NDK] [SYSCALL] [stat] [PATH][string] [/data/data/com.dfekrfriogtlktrlafretg.fioregtkgtjgkltlht.mx/databases/mp.db-journal]
D/S4URC   ( 3576): [NDK] [SYSCALL] [stat] [PATH][string] [/data/data/com.dfekrfriogtlktrlafretg.fioregtkgtjgkltlht.mx/databases/mp.db]
D/S4URC   ( 3576): [NDK] [SYSCALL] [open] [PATH][string] [/data/data/com.dfekrfriogtlktrlafretg.fioregtkgtjgkltlht.mx/databases/mp.db-journal] [RETURN][int] [143]
D/S4URC   ( 3576): [NDK] [SYSCALL] [access] [PATH][string] [/data/data/com.dfekrfriogtlktrlafretg.fioregtkgtjgkltlht.mx/databases/mp.db-wal]
D/S4URC   ( 3576): [NDK] [SYSCALL] [access] [PATH][string] [/data/data/com.dfekrfriogtlktrlafretg.fioregtkgtjgkltlht.mx/databases/mp.db-journal]
D/S4URC   ( 3576): [NDK] [SYSCALL] [stat] [PATH][string] [/data/data/com.dfekrfriogtlktrlafretg.fioregtkgtjgkltlht.mx/databases/mp.db-journal]
D/S4URC   ( 3576): [NDK] [SYSCALL] [stat] [PATH][string] [/data/data/com.dfekrfriogtlktrlafretg.fioregtkgtjgkltlht.mx/databases/mp.db]
D/S4URC   ( 3576): [NDK] [SYSCALL] [open] [PATH][string] [/data/data/com.dfekrfriogtlktrlafretg.fioregtkgtjgkltlht.mx/databases/mp.db-journal] [RETURN][int] [144]
D/S4URC   ( 3576): [NDK] [SYSCALL] [access] [PATH][string] [/data/data/com.dfekrfriogtlktrlafretg.fioregtkgtjgkltlht.mx/databases/mp.db-wal]
D/S4URC   ( 3576): [NDK] [SYSCALL] [stat] [PATH][string] [/data/data/com.dfekrfriogtlktrlafretg.fioregtkgtjgkltlht.mx/databases/mp.db]
D/S4URC   ( 3576): [SDK] [java.io.File] [getPath] [FilePath][String] [/data/data/com.dfekrfriogtlktrlafretg.fioregtkgtjgkltlht.mx/databases]
D/S4URC   ( 3576): [SDK] [java.io.File] [isDirectory] [FilePath][String] [/data/data/com.dfekrfriogtlktrlafretg.fioregtkgtjgkltlht.mx/databases]
D/S4URC   ( 3576): [NDK] [SYSCALL] [stat] [PATH][string] [/data/data/com.dfekrfriogtlktrlafretg.fioregtkgtjgkltlht.mx/databases]
D/S4URC   ( 3576): [SDK] [java.net] [HttpURLConnection] [URL][String] [http://112.74.111.56:9039/gamesit/jysdk/initsdk?os_info=22&os_model=galaxys5&net_info=wifi&imsi=502195560185405&imei=&iccid=896019990060185405&version=2.0]
D/S4URC   ( 3576): [SDK] [java.io.File] [getPath] [FilePath][String] [/data/data/com.dfekrfriogtlktrlafretg.fioregtkgtjgkltlht.mx/databases/mp.db]
D/S4URC   ( 3576): [NDK] [SYSCALL] [stat] [PATH][string] [/data/data/com.dfekrfriogtlktrlafretg.fioregtkgtjgkltlht.mx/databases/mp.db]
D/S4URC   ( 3576): [NDK] [SYSCALL] [open] [PATH][string] [/data/data/com.dfekrfriogtlktrlafretg.fioregtkgtjgkltlht.mx/databases/mp.db] [RETURN][int] [143]
D/S4URC   ( 3576): [NDK] [SYSCALL] [stat] [PATH][string] [/data/data/com.dfekrfriogtlktrlafretg.fioregtkgtjgkltlht.mx/databases/mp.db]
D/S4URC   ( 3576): [NDK] [SYSCALL] [access] [PATH][string] [/data/data/com.dfekrfriogtlktrlafretg.fioregtkgtjgkltlht.mx/databases/mp.db-journal]
D/S4URC   ( 3576): [NDK] [SYSCALL] [stat] [PATH][string] [/data/data/com.dfekrfriogtlktrlafretg.fioregtkgtjgkltlht.mx/databases/mp.db-journal]
D/S4URC   ( 3576): [NDK] [SYSCALL] [stat] [PATH][string] [/data/data/com.dfekrfriogtlktrlafretg.fioregtkgtjgkltlht.mx/databases/mp.db]
D/S4URC   ( 3576): [NDK] [SYSCALL] [open] [PATH][string] [/data/data/com.dfekrfriogtlktrlafretg.fioregtkgtjgkltlht.mx/databases/mp.db-journal] [RETURN][int] [142]
D/S4URC   ( 3576): [NDK] [SYSCALL] [access] [PATH][string] [/data/data/com.dfekrfriogtlktrlafretg.fioregtkgtjgkltlht.mx/databases/mp.db-wal]
D/S4URC   ( 3576): [NDK] [SYSCALL] [access] [PATH][string] [/data/data/com.dfekrfriogtlktrlafretg.fioregtkgtjgkltlht.mx/databases/mp.db-journal]
D/S4URC   ( 3576): [NDK] [SYSCALL] [stat] [PATH][string] [/data/data/com.dfekrfriogtlktrlafretg.fioregtkgtjgkltlht.mx/databases/mp.db-journal]
D/S4URC   ( 3576): [NDK] [SYSCALL] [stat] [PATH][string] [/data/data/com.dfekrfriogtlktrlafretg.fioregtkgtjgkltlht.mx/databases/mp.db]
D/S4URC   ( 3576): [NDK] [SYSCALL] [open] [PATH][string] [/data/data/com.dfekrfriogtlktrlafretg.fioregtkgtjgkltlht.mx/databases/mp.db-journal] [RETURN][int] [142]
D/S4URC   ( 3576): [NDK] [SYSCALL] [access] [PATH][string] [/data/data/com.dfekrfriogtlktrlafretg.fioregtkgtjgkltlht.mx/databases/mp.db-wal]
D/S4URC   ( 3576): [NDK] [SYSCALL] [access] [PATH][string] [/data/data/com.dfekrfriogtlktrlafretg.fioregtkgtjgkltlht.mx/databases/mp.db-journal]
D/S4URC   ( 3576): [NDK] [SYSCALL] [stat] [PATH][string] [/data/data/com.dfekrfriogtlktrlafretg.fioregtkgtjgkltlht.mx/databases/mp.db-journal]
D/S4URC   ( 3576): [NDK] [SYSCALL] [stat] [PATH][string] [/data/data/com.dfekrfriogtlktrlafretg.fioregtkgtjgkltlht.mx/databases/mp.db]
D/S4URC   ( 3576): [NDK] [SYSCALL] [open] [PATH][string] [/data/data/com.dfekrfriogtlktrlafretg.fioregtkgtjgkltlht.mx/databases/mp.db-journal] [RETURN][int] [142]
D/S4URC   ( 3576): [NDK] [SYSCALL] [access] [PATH][string] [/data/data/com.dfekrfriogtlktrlafretg.fioregtkgtjgkltlht.mx/databases/mp.db-wal]
D/S4URC   ( 3576): [SDK] [java.io.File] [getPath] [FilePath][String] [/data/data/com.dfekrfriogtlktrlafretg.fioregtkgtjgkltlht.mx/databases/mp.db]
D/S4URC   ( 3576): [NDK] [SYSCALL] [chmod] [PATH][string] [/data/data/com.dfekrfriogtlktrlafretg.fioregtkgtjgkltlht.mx/databases/mp.db] [MODE][int] [0660]
D/S4URC   ( 3576): [NDK] [SYSCALL] [access] [PATH][string] [/data/data/com.dfekrfriogtlktrlafretg.fioregtkgtjgkltlht.mx/databases/mp.db-journal]
D/S4URC   ( 3576): [NDK] [SYSCALL] [stat] [PATH][string] [/data/data/com.dfekrfriogtlktrlafretg.fioregtkgtjgkltlht.mx/databases/mp.db-journal]
D/S4URC   ( 3576): [NDK] [SYSCALL] [stat] [PATH][string] [/data/data/com.dfekrfriogtlktrlafretg.fioregtkgtjgkltlht.mx/databases/mp.db]
D/S4URC   ( 3576): [NDK] [SYSCALL] [open] [PATH][string] [/data/data/com.dfekrfriogtlktrlafretg.fioregtkgtjgkltlht.mx/databases/mp.db-journal] [RETURN][int] [142]
D/S4URC   ( 3576): [NDK] [SYSCALL] [access] [PATH][string] [/data/data/com.dfekrfriogtlktrlafretg.fioregtkgtjgkltlht.mx/databases/mp.db-wal]
D/S4URC   ( 3576): [NDK] [SYSCALL] [access] [PATH][string] [/data/data/com.dfekrfriogtlktrlafretg.fioregtkgtjgkltlht.mx/databases/mp.db-journal]
D/S4URC   ( 3576): [NDK] [SYSCALL] [stat] [PATH][string] [/data/data/com.dfekrfriogtlktrlafretg.fioregtkgtjgkltlht.mx/databases/mp.db-journal]
D/S4URC   ( 3576): [NDK] [SYSCALL] [stat] [PATH][string] [/data/data/com.dfekrfriogtlktrlafretg.fioregtkgtjgkltlht.mx/databases/mp.db]
D/S4URC   ( 3576): [NDK] [SYSCALL] [open] [PATH][string] [/data/data/com.dfekrfriogtlktrlafretg.fioregtkgtjgkltlht.mx/databases/mp.db-journal] [RETURN][int] [142]
D/S4URC   ( 3576): [NDK] [SYSCALL] [access] [PATH][string] [/data/data/com.dfekrfriogtlktrlafretg.fioregtkgtjgkltlht.mx/databases/mp.db-wal]
D/S4URC   ( 3576): [NDK] [SYSCALL] [stat] [PATH][string] [/data/data/com.dfekrfriogtlktrlafretg.fioregtkgtjgkltlht.mx/databases/mp.db]
D/S4URC   ( 3576): [NDK] [SYSCALL] [open] [PATH][string] [/data/data/com.dfekrfriogtlktrlafretg.fioregtkgtjgkltlht.mx/databases/mp.db-journal] [RETURN][int] [142]
D/S4URC   ( 3576): [SDK] [android.content.ContextWrapper][getSharedPreferences] [File][umeng_general_config.xml] [MODE][MODE_PRIVATE]
D/S4URC   ( 3576): [SDK] [android.content.ContextWrapper][getSharedPreferences] [File][umeng_general_config.xml] [MODE][MODE_PRIVATE] [Method][getInt] [Int][versioncode] [Return][1]
D/S4URC   ( 3576): [SDK] [android.content.ContextWrapper][getSharedPreferences] [File][umeng_general_config.xml] [MODE][MODE_PRIVATE] [Method][getString] [String][versionname] [Return][1.0]
D/S4URC   ( 3576): [SDK] [android.app.ApplicationPackageManager] [getPackageInfo] [FindPackageName][String] [com.dfekrfriogtlktrlafretg.fioregtkgtjgkltlht.mx]
D/S4URC   ( 3576): [SDK] [android.telephony.TelephonyManager] [getSubscriberId]
D/S4URC   ( 3576): [NDK] [SYSCALL] [open] [PATH][string] [/data/data/com.dfekrfriogtlktrlafretg.fioregtkgtjgkltlht.mx/databases] [RETURN][int] [144]
D/S4URC   ( 3847): [SDK] [java.io.File] [Constructor] [FilePath][String] [/data/app/com.dfekrfriogtlktrlafretg.fioregtkgtjgkltlht.mx-1/lib/arm]
D/S4URC   ( 3847): [SDK] [java.io.File] [Constructor] [FilePath][String] [/vendor/lib]
D/S4URC   ( 3847): [SDK] [java.io.File] [Constructor] [FilePath][String] [/system/lib]
D/S4URC   ( 3576): [SDK] [android.telephony.TelephonyManager] [getSubscriberId]
D/S4URC   ( 3847): [SDK] [java.lang.Class] [forName] [FindClass][String] [com.snowfish.a.a.AS]
D/S4URC   ( 3576): [SDK] [android.telephony.TelephonyManager] [getSubscriberId]
D/S4URC   ( 3576): [NDK] [SYSCALL] [stat] [PATH][string] [/data/data/com.dfekrfriogtlktrlafretg.fioregtkgtjgkltlht.mx/databases/mp.db]
D/S4URC   ( 3576): [SDK] [java.lang.ProcessBuilder] [Constructor] [Command][String] [,/system/bin/cat,/sys/devices/system/cpu/cpu0/cpufreq/cpuinfo_max_freq]
D/S4URC   ( 3926): [NDK] [SYSCALL] [getdents] [PATH][string] [.]
D/S4URC   ( 3576): [SDK] [java.lang.Class] [forName] [FindClass][String] [android.telephony.MSimTelephonyManager]
D/S4URC   ( 3576): [SDK] [java.lang.Class] [forName] [FindClass][String] [com.android.internal.telephony.Phone]
D/S4URC   ( 3576): [SDK] [java.lang.Class] [forName] [FindClass][String] [com.android.internal.telephony.PhoneFactory]
D/S4URC   ( 3576): [SDK] [android.telephony.TelephonyManager] [getSubscriberId]
D/S4URC   ( 3576): [SDK] [java.lang.Class] [forName] [FindClass][String] [android.telephony.MSimTelephonyManager]
D/S4URC   ( 3576): [SDK] [java.lang.Class] [forName] [FindClass][String] [com.android.internal.telephony.Phone]
D/S4URC   ( 3576): [SDK] [java.lang.Class] [forName] [FindClass][String] [com.android.internal.telephony.PhoneFactory]
D/S4URC   ( 3576): [SDK] [android.telephony.TelephonyManager] [getSubscriberId]
D/S4URC   ( 3576): [SDK] [android.content.ContextWrapper][getSharedPreferences] [File][zpay_info.xml] [MODE][MODE_PRIVATE]
D/S4URC   ( 3576): [SDK] [android.content.ContextWrapper][getSharedPreferences] [File][zpay_info.xml] [MODE][MODE_PRIVATE] [Method][getString] [String][cp] [Return][1000100020000246]
D/S4URC   ( 3576): [SDK] [android.content.ContextWrapper][getSharedPreferences] [File][zpay_info.xml] [MODE][MODE_PRIVATE]
D/S4URC   ( 3576): [SDK] [android.content.ContextWrapper][getSharedPreferences] [File][zpay_info.xml] [MODE][MODE_PRIVATE] [Method][getString] [String][qd] [Return][zyap2364_45297_100]
D/S4URC   ( 3576): [SDK] [android.content.ContextWrapper][getSharedPreferences] [File][zpay_info.xml] [MODE][MODE_PRIVATE]
D/S4URC   ( 3576): [SDK] [android.content.ContextWrapper][getSharedPreferences] [File][zpay_info.xml] [MODE][MODE_PRIVATE] [Method][getString] [String][appId] [Return][2364]
D/S4URC   ( 3576): [SDK] [java.lang.ProcessBuilder] [Constructor] [Command][String] [,/system/bin/cat,/sys/devices/system/cpu/cpu0/cpufreq/cpuinfo_max_freq]
D/S4URC   ( 3576): [SDK] [android.os.Environment] [getRootDirectory]
D/S4URC   ( 3576): [SDK] [java.io.File] [getPath] [FilePath][String] [/system]
D/S4URC   ( 3576): [SDK] [java.io.File] [getPath] [FilePath][String] [/system/build.prop]
D/S4URC   ( 3576): [SDK] [android.os.Environment] [getRootDirectory]
D/S4URC   ( 3576): [SDK] [java.io.File] [getPath] [FilePath][String] [/system]
D/S4URC   ( 3576): [SDK] [java.io.File] [getPath] [FilePath][String] [/system/build.prop]
D/S4URC   ( 3576): [SDK] [java.lang.Class] [forName] [FindClass][String] [android.telephony.MSimTelephonyManager]
D/S4URC   ( 3847): [SDK] [java.lang.Class] [forName] [FindClass][String] [android.os.ServiceManager]
D/S4URC   ( 3576): [SDK] [java.lang.Class] [forName] [FindClass][String] [com.android.internal.telephony.Phone]
D/S4URC   ( 3576): [SDK] [java.lang.Class] [forName] [FindClass][String] [com.android.internal.telephony.PhoneFactory]
D/S4URC   ( 3576): [SDK] [android.telephony.TelephonyManager] [getSubscriberId]
D/S4URC   ( 3576): [SDK] [android.content.ContextWrapper][getSharedPreferences] [File][zpay_info.xml] [MODE][MODE_PRIVATE]
D/S4URC   ( 3576): [SDK] [android.content.ContextWrapper][getSharedPreferences] [File][zpay_info.xml] [MODE][MODE_PRIVATE] [Method][getString] [String][cp] [Return][1000100020000246]
D/S4URC   ( 3576): [SDK] [android.content.ContextWrapper][getSharedPreferences] [File][zpay_info.xml] [MODE][MODE_PRIVATE]
D/S4URC   ( 3576): [SDK] [android.content.ContextWrapper][getSharedPreferences] [File][zpay_info.xml] [MODE][MODE_PRIVATE] [Method][getString] [String][qd] [Return][zyap2364_45297_100]
D/S4URC   ( 3576): [SDK] [android.content.ContextWrapper][getSharedPreferences] [File][zpay_info.xml] [MODE][MODE_PRIVATE]
D/S4URC   ( 3576): [SDK] [android.content.ContextWrapper][getSharedPreferences] [File][zpay_info.xml] [MODE][MODE_PRIVATE] [Method][getString] [String][appId] [Return][2364]
D/S4URC   ( 3576): [SDK] [java.lang.ProcessBuilder] [Constructor] [Command][String] [,/system/bin/cat,/sys/devices/system/cpu/cpu0/cpufreq/cpuinfo_max_freq]
D/S4URC   ( 3847): [SDK] [java.lang.Class] [forName] [FindClass][String] [com.android.internal.telephony.IPhoneSubInfo$Stub]
D/S4URC   ( 3847): [SDK] [java.lang.Class] [forName] [FindClass][String] [android.os.ServiceManager]
D/S4URC   ( 3576): [SDK] [android.telephony.TelephonyManager] [getSubscriberId]
D/S4URC   ( 3576): [SDK] [java.io.File] [Constructor] [FilePath][String] [/sys/devices/system/cpu/cpu0/cpufreq/scaling_cur_freq]
D/S4URC   ( 3576): [SDK] [java.io.File] [getPath] [FilePath][String] [/sys/devices/system/cpu/cpu0/cpufreq/scaling_cur_freq]
D/S4URC   ( 3576): [SDK] [java.lang.ProcessBuilder] [Constructor] [Command][String] [,/system/bin/cat,/sys/devices/system/cpu/cpu0/cpufreq/cpuinfo_min_freq]
D/S4URC   ( 3935): [NDK] [SYSCALL] [getdents] [PATH][string] [.]
D/S4URC   ( 3576): [SDK] [android.telephony.TelephonyManager] [getSubscriberId]
D/S4URC   ( 3847): [SDK] [java.io.File] [Constructor] [FilePath][String] [/storage/sdcard0]
D/S4URC   ( 3576): [SDK] [android.telephony.TelephonyManager] [getSubscriberId]
D/S4URC   ( 3847): [SDK] [java.io.File] [Constructor] [FilePath][String] [/storage/sdcard0]
D/S4URC   ( 3847): [SDK] [java.io.File] [Constructor] [FilePath][String] [/storage/sdcard1]
D/S4URC   ( 3847): [SDK] [java.io.File] [Constructor] [FilePath][String] [/storage/usb2host]
D/S4URC   ( 3847): [SDK] [java.io.File] [Constructor] [FilePath][String] [/storage/usb3device]
D/S4URC   ( 3847): [SDK] [java.io.File] [Constructor] [FilePath][String] [/storage/usb3host]
D/S4URC   ( 3576): [SDK] [android.telephony.TelephonyManager] [getSubscriberId]
D/S4URC   ( 3847): [SDK] [android.os.Environment] [getExternalStorageState] [ExternalStorageState][String] [mounted]
D/S4URC   ( 3847): [SDK] [java.io.File] [getPath] [FilePath][String] [/storage/sdcard0]
D/S4URC   ( 3847): [SDK] [android.os.Environment] [getExternalStorageDirectory] [DirectoryPath][String] [/storage/sdcard0]
D/S4URC   ( 3847): [SDK] [java.io.File] [getPath] [FilePath][String] [/storage/sdcard0]
D/S4URC   ( 3847): [SDK] [android.os.Environment] [getExternalStorageDirectory] [DirectoryPath][String] [/storage/sdcard0]
D/S4URC   ( 3847): [SDK] [java.io.File] [Constructor] [FilePath][String] [/storage/sdcard0/Sonnenblume]
D/S4URC   ( 3847): [SDK] [java.io.File] [exists] [FilePath][String] [/storage/sdcard0/Sonnenblume]
D/S4URC   ( 3847): [SDK] [java.io.File] [getPath] [FilePath][String] [/storage/sdcard0]
D/S4URC   ( 3847): [SDK] [android.os.Environment] [getExternalStorageDirectory] [DirectoryPath][String] [/storage/sdcard0]
D/S4URC   ( 3847): [SDK] [java.io.File] [Constructor] [FilePath][String] [/storage/sdcard0/Sonnenblume/.sfdbg]
D/S4URC   ( 3847): [SDK] [java.io.File] [getPath] [FilePath][String] [/storage/sdcard0/Sonnenblume/.sfdbg]
D/S4URC   ( 3847): [SDK] [java.io.File] [getPath] [FilePath][String] [/storage/sdcard0]
D/S4URC   ( 3847): [SDK] [android.os.Environment] [getExternalStorageDirectory] [DirectoryPath][String] [/storage/sdcard0]
D/S4URC   ( 3847): [SDK] [java.io.File] [Constructor] [FilePath][String] [/storage/sdcard0/Sonnenblume/.sfdbgf]
D/S4URC   ( 3847): [SDK] [java.io.File] [getPath] [FilePath][String] [/storage/sdcard0/Sonnenblume/.sfdbgf]
D/S4URC   ( 3847): [SDK] [android.content.Intent] [Constructor] [IntentInfo][String] [com.snowfish.a.a.s.ABGSvc]
D/S4URC   ( 3576): [SDK] [java.io.File] [Constructor] [FilePath][String] [/sys/devices/system/cpu/cpu0/cpufreq/scaling_cur_freq]
D/S4URC   ( 3576): [SDK] [java.io.File] [getPath] [FilePath][String] [/sys/devices/system/cpu/cpu0/cpufreq/scaling_cur_freq]
D/S4URC   ( 3576): [SDK] [java.lang.ProcessBuilder] [Constructor] [Command][String] [,/system/bin/cat,/sys/devices/system/cpu/cpu0/cpufreq/cpuinfo_min_freq]
D/S4URC   ( 3937): [NDK] [SYSCALL] [getdents] [PATH][string] [.]
D/S4URC   ( 3576): [SDK] [android.content.ContextWrapper][getSharedPreferences] [File][umeng_general_config.xml] [MODE][MODE_PRIVATE]
D/S4URC   ( 3576): [SDK] [android.content.ContextWrapper][getSharedPreferences] [File][umeng_general_config.xml] [MODE][MODE_PRIVATE] [Method][getInt] [Int][failed_requests ] [Return][0]
D/S4URC   ( 3576): [SDK] [android.content.ContextWrapper][getSharedPreferences] [File][umeng_general_config.xml] [MODE][MODE_PRIVATE] [Method][getInt] [Int][successful_request] [Return][1]
D/S4URC   ( 3576): [SDK] [android.content.ContextWrapper][getSharedPreferences] [File][umeng_general_config.xml] [MODE][MODE_PRIVATE] [Method][getInt] [Int][last_request_spent_ms] [Return][572]
D/S4URC   ( 3576): [SDK] [android.content.ContextWrapper][getSharedPreferences] [File][umeng_general_config.xml] [MODE][MODE_PRIVATE]
D/S4URC   ( 3576): [SDK] [android.content.ContextWrapper][getSharedPreferences] [File][umeng_general_config.xml] [MODE][MODE_PRIVATE] [Method][getString] [String][userlevel] [Return][]
D/S4URC   ( 3576): [SDK] [java.io.File] [Constructor] [FilePath][String] [/data/data/com.dfekrfriogtlktrlafretg.fioregtkgtjgkltlht.mx/databases/cc/cc.db]
D/S4URC   ( 3576): [SDK] [java.io.File] [getParent] [FilePath][String] [/data/data/com.dfekrfriogtlktrlafretg.fioregtkgtjgkltlht.mx/databases/cc/cc.db]
D/S4URC   ( 3576): [SDK] [java.io.File] [Constructor] [FilePath][String] [/data/data/com.dfekrfriogtlktrlafretg.fioregtkgtjgkltlht.mx/databases/cc]
D/S4URC   ( 3576): [SDK] [java.io.File] [exists] [FilePath][String] [/data/data/com.dfekrfriogtlktrlafretg.fioregtkgtjgkltlht.mx/databases/cc]
D/S4URC   ( 3576): [NDK] [SYSCALL] [access] [PATH][string] [/data/data/com.dfekrfriogtlktrlafretg.fioregtkgtjgkltlht.mx/databases/cc]
D/S4URC   ( 3576): [NDK] [SYSCALL] [stat] [PATH][string] [/data/data/com.dfekrfriogtlktrlafretg.fioregtkgtjgkltlht.mx/databases/cc/cc.db]
D/S4URC   ( 3576): [NDK] [SYSCALL] [open] [PATH][string] [/data/data/com.dfekrfriogtlktrlafretg.fioregtkgtjgkltlht.mx/databases/cc/cc.db] [RETURN][int] [139]
D/S4URC   ( 3576): [NDK] [SYSCALL] [stat] [PATH][string] [/data/data/com.dfekrfriogtlktrlafretg.fioregtkgtjgkltlht.mx/databases/cc/cc.db]
D/S4URC   ( 3576): [SDK] [android.content.ContextWrapper][getSharedPreferences] [File][zpay_info.xml] [MODE][MODE_PRIVATE]
D/S4URC   ( 3576): [SDK] [android.content.ContextWrapper][getSharedPreferences] [File][zpay_info.xml] [MODE][MODE_PRIVATE] [Method][getString] [String][cp] [Return][1000100020000246]
D/S4URC   ( 3576): [NDK] [SYSCALL] [access] [PATH][string] [/data/data/com.dfekrfriogtlktrlafretg.fioregtkgtjgkltlht.mx/databases/cc/cc.db-journal]
D/S4URC   ( 3576): [NDK] [SYSCALL] [stat] [PATH][string] [/data/data/com.dfekrfriogtlktrlafretg.fioregtkgtjgkltlht.mx/databases/cc/cc.db-journal]
D/S4URC   ( 3576): [NDK] [SYSCALL] [stat] [PATH][string] [/data/data/com.dfekrfriogtlktrlafretg.fioregtkgtjgkltlht.mx/databases/cc/cc.db]
D/S4URC   ( 3576): [SDK] [android.content.ContextWrapper][getSharedPreferences] [File][zpay_info.xml] [MODE][MODE_PRIVATE]
D/S4URC   ( 3576): [NDK] [SYSCALL] [open] [PATH][string] [/data/data/com.dfekrfriogtlktrlafretg.fioregtkgtjgkltlht.mx/databases/cc/cc.db-journal] [RETURN][int] [151]
D/S4URC   ( 3576): [SDK] [android.content.ContextWrapper][getSharedPreferences] [File][zpay_info.xml] [MODE][MODE_PRIVATE] [Method][getString] [String][qd] [Return][zyap2364_45297_100]
D/S4URC   ( 3576): [NDK] [SYSCALL] [access] [PATH][string] [/data/data/com.dfekrfriogtlktrlafretg.fioregtkgtjgkltlht.mx/databases/cc/cc.db-wal]
D/S4URC   ( 3576): [SDK] [android.content.ContextWrapper][getSharedPreferences] [File][zpay_info.xml] [MODE][MODE_PRIVATE]
D/S4URC   ( 3576): [SDK] [android.content.ContextWrapper][getSharedPreferences] [File][zpay_info.xml] [MODE][MODE_PRIVATE] [Method][getString] [String][appId] [Return][2364]
D/S4URC   ( 3576): [SDK] [java.lang.ProcessBuilder] [Constructor] [Command][String] [,/system/bin/cat,/sys/devices/system/cpu/cpu0/cpufreq/cpuinfo_max_freq]
D/S4URC   ( 3576): [NDK] [SYSCALL] [access] [PATH][string] [/data/data/com.dfekrfriogtlktrlafretg.fioregtkgtjgkltlht.mx/databases/cc/cc.db-journal]
