D/S4URC   ( 3627): [SDK] [java.io.File] [getPath] [FilePath][String] [/system/lib/libwebviewchromium_plat_support.so]
D/S4URC   ( 3627): [SDK] [java.io.File] [getPath] [FilePath][String] [/data/data/com.android.upset.lock/shared_prefs]
D/S4URC   ( 3627): [SDK] [java.io.File] [getPath] [FilePath][String] [/data/data/com.android.upset.lock/shared_prefs/WebViewChromiumPrefs.xml]
D/S4URC   ( 3627): [SDK] [java.io.File] [Constructor] [FilePath][String] [/data/data/com.android.upset.lock/shared_prefs/WebViewChromiumPrefs.xml.bak]
D/S4URC   ( 3627): [SDK] [java.io.File] [exists] [FilePath][String] [/data/data/com.android.upset.lock/shared_prefs/WebViewChromiumPrefs.xml]
D/S4URC   ( 3627): [SDK] [java.io.File] [exists] [FilePath][String] [/data/data/com.android.upset.lock/shared_prefs/WebViewChromiumPrefs.xml.bak]
D/S4URC   ( 3572): [NDK] [SYSCALL] [access] [PATH][string] [/data/data/com.android.upset.lock/databases/baidu_caul-journal]
D/S4URC   ( 3572): [NDK] [SYSCALL] [stat] [PATH][string] [/data/data/com.android.upset.lock/databases/baidu_caul-journal]
D/S4URC   ( 3572): [NDK] [SYSCALL] [stat] [PATH][string] [/data/data/com.android.upset.lock/databases/baidu_caul]
D/S4URC   ( 3572): [NDK] [SYSCALL] [open] [PATH][string] [/data/data/com.android.upset.lock/databases/baidu_caul-journal] [RETURN][int] [28]
D/S4URC   ( 3572): [NDK] [SYSCALL] [access] [PATH][string] [/data/data/com.android.upset.lock/databases/baidu_caul-wal]
D/S4URC   ( 3572): [NDK] [SYSCALL] [stat] [PATH][string] [/data/data/com.android.upset.lock/databases/baidu_caul]
D/S4URC   ( 3572): [NDK] [SYSCALL] [open] [PATH][string] [/data/data/com.android.upset.lock/databases/baidu_caul-journal] [RETURN][int] [28]
D/S4URC   ( 3572): [NDK] [SYSCALL] [open] [PATH][string] [/data/data/com.android.upset.lock/databases] [RETURN][int] [29]
D/S4URC   ( 3627): [SDK] [java.io.File] [exists] [FilePath][String] [/data/data/com.android.upset.lock/shared_prefs/WebViewChromiumPrefs.xml]
D/S4URC   ( 3627): [SDK] [java.io.File] [getPath] [FilePath][String] [/data/data/com.android.upset.lock/shared_prefs/WebViewChromiumPrefs.xml]
D/S4URC   ( 3627): [SDK] [android.content.ContextWrapper][getSharedPreferences] [File][WebViewChromiumPrefs.xml] [MODE][MODE_PRIVATE]
D/S4URC   ( 3627): [SDK] [android.content.ContextWrapper][getSharedPreferences] [File][WebViewChromiumPrefs.xml] [MODE][MODE_PRIVATE] [Method][getInt] [Int][lastVersionCodeUsed] [Return][0]
D/S4URC   ( 3627): [SDK] [android.content.ContextWrapper][getSharedPreferences] [File][WebViewChromiumPrefs.xml] [MODE][MODE_PRIVATE] [Method][putInt] [Key][lastVersionCodeUsed] [Value][300001]
D/S4URC   ( 3627): [SDK] [android.content.ContextWrapper][getSharedPreferences] [File][WebViewChromiumPrefs.xml] [MODE][MODE_PRIVATE] [Method][apply]
D/S4URC   ( 3627): [SDK] [java.io.File] [exists] [FilePath][String] [/data/data/com.android.upset.lock/shared_prefs/WebViewChromiumPrefs.xml]
D/S4URC   ( 3627): [SDK] [java.io.File] [getPath] [FilePath][String] [/data/data/com.android.upset.lock/shared_prefs/WebViewChromiumPrefs.xml]
D/S4URC   ( 3627): [SDK] [java.io.File] [getPath] [FilePath][String] [/data/data/com.android.upset.lock]
D/S4URC   ( 3627): [SDK] [java.io.File] [exists] [FilePath][String] [/data/data/com.android.upset.lock/app_webview]
D/S4URC   ( 3627): [SDK] [java.io.File] [mkdir] [FilePath][String] [/data/data/com.android.upset.lock/app_webview]
D/S4URC   ( 3627): [SDK] [java.io.File] [getPath] [FilePath][String] [/data/data/com.android.upset.lock/app_webview]
D/S4URC   ( 3627): [SDK] [java.lang.Class] [forName] [FindClass][String] [android.os.Message]
D/S4URC   ( 3627): [SDK] [android.content.ContextWrapper] [registerReceiver][IntentFilter][android.bluetooth.headset.profile.action.CONNECTION_STATE_CHANGED,
D/S4URC   ( 3627): [SDK] [android.content.ContextWrapper] [registerReceiver][IntentFilter][android.media.ACTION_SCO_AUDIO_STATE_UPDATED,
D/S4URC   ( 3627): [SDK] [android.content.ContextWrapper] [registerReceiver][IntentFilter][android.intent.action.HEADSET_PLUG,
D/S4URC   ( 3627): [SDK] [java.io.File] [getPath] [FilePath][String] [/data/data/com.android.upset.lock/shared_prefs/WebViewChromiumPrefs.xml]
D/S4URC   ( 3627): [SDK] [java.io.File] [delete] [FilePath][String] [/data/data/com.android.upset.lock/shared_prefs/WebViewChromiumPrefs.xml.bak]
D/S4URC   ( 3572): [SDK] [android.database.sqlite.SQLiteDatabase] [execSQL] [ExecInfo][String] [create table if not exists siar(_id integer primary key autoincrement,cn text,pn text,it integer,url text,eurl text,mw integer,repl integer,ai text,ap text,am text,rbg integer,iea integer,at integer,dn integer,tc integer,itc integer)]
D/S4URC   ( 3572): [SDK] [android.content.ContextWrapper] [registerReceiver][IntentFilter][android.net.conn.CONNECTIVITY_CHANGE,android.intent.action.SCREEN_OFF,android.intent.action.SCREEN_ON,android.intent.action.USER_PRESENT,
D/S4URC   ( 3572): [NDK] [SYSCALL] [access] [PATH][string] [/data/data/com.android.upset.lock/databases/baidu_caul-journal]
D/S4URC   ( 3572): [NDK] [SYSCALL] [stat] [PATH][string] [/data/data/com.android.upset.lock/databases/baidu_caul-journal]
D/S4URC   ( 3572): [NDK] [SYSCALL] [stat] [PATH][string] [/data/data/com.android.upset.lock/databases/baidu_caul]
D/S4URC   ( 3572): [NDK] [SYSCALL] [open] [PATH][string] [/data/data/com.android.upset.lock/databases/baidu_caul-journal] [RETURN][int] [29]
D/S4URC   ( 3572): [NDK] [SYSCALL] [access] [PATH][string] [/data/data/com.android.upset.lock/databases/baidu_caul-wal]
D/S4URC   ( 3572): [SDK] [android.database.sqlite.SQLiteDatabase] [query] [queryInfo][String] [SELECT][] [FROM][siar]
D/S4URC   ( 3572): [NDK] [SYSCALL] [access] [PATH][string] [/data/data/com.android.upset.lock/databases/baidu_caul-journal]
D/S4URC   ( 3572): [NDK] [SYSCALL] [stat] [PATH][string] [/data/data/com.android.upset.lock/databases/baidu_caul-journal]
D/S4URC   ( 3572): [NDK] [SYSCALL] [stat] [PATH][string] [/data/data/com.android.upset.lock/databases/baidu_caul]
D/S4URC   ( 3572): [NDK] [SYSCALL] [open] [PATH][string] [/data/data/com.android.upset.lock/databases/baidu_caul-journal] [RETURN][int] [28]
D/S4URC   ( 3572): [NDK] [SYSCALL] [access] [PATH][string] [/data/data/com.android.upset.lock/databases/baidu_caul-wal]
D/S4URC   ( 3572): [NDK] [SYSCALL] [stat] [PATH][string] [/data/data/com.android.upset.lock/databases/baidu_caul]
D/S4URC   ( 3572): [NDK] [SYSCALL] [open] [PATH][string] [/data/data/com.android.upset.lock/databases/baidu_caul-journal] [RETURN][int] [28]
D/S4URC   ( 3572): [NDK] [SYSCALL] [open] [PATH][string] [/data/data/com.android.upset.lock/databases] [RETURN][int] [29]
D/S4URC   ( 3572): [SDK] [android.database.sqlite.SQLiteDatabase] [execSQL] [ExecInfo][String] [create table if not exists suar(_id integer primary key autoincrement,cn text,pn text,it integer,url text,eurl text,mw integer,ai text,ap text,am text,at integer,iea integer,rbg integer,tc integer)]
D/S4URC   ( 3572): [SDK] [android.content.ContextWrapper] [registerReceiver][IntentFilter][android.net.conn.CONNECTIVITY_CHANGE,android.intent.action.SCREEN_OFF,android.intent.action.SCREEN_ON,android.intent.action.USER_PRESENT,
D/S4URC   ( 3572): [NDK] [SYSCALL] [access] [PATH][string] [/data/data/com.android.upset.lock/databases/baidu_caul-journal]
D/S4URC   ( 3572): [NDK] [SYSCALL] [stat] [PATH][string] [/data/data/com.android.upset.lock/databases/baidu_caul-journal]
D/S4URC   ( 3572): [NDK] [SYSCALL] [stat] [PATH][string] [/data/data/com.android.upset.lock/databases/baidu_caul]
D/S4URC   ( 3572): [NDK] [SYSCALL] [open] [PATH][string] [/data/data/com.android.upset.lock/databases/baidu_caul-journal] [RETURN][int] [29]
D/S4URC   ( 3572): [NDK] [SYSCALL] [access] [PATH][string] [/data/data/com.android.upset.lock/databases/baidu_caul-wal]
D/S4URC   ( 3572): [SDK] [android.database.sqlite.SQLiteDatabase] [query] [queryInfo][String] [SELECT][] [FROM][suar]
D/S4URC   ( 3572): [NDK] [SYSCALL] [access] [PATH][string] [/data/data/com.android.upset.lock/databases/baidu_caul-journal]
D/S4URC   ( 3572): [NDK] [SYSCALL] [stat] [PATH][string] [/data/data/com.android.upset.lock/databases/baidu_caul-journal]
D/S4URC   ( 3572): [NDK] [SYSCALL] [stat] [PATH][string] [/data/data/com.android.upset.lock/databases/baidu_caul]
D/S4URC   ( 3572): [NDK] [SYSCALL] [open] [PATH][string] [/data/data/com.android.upset.lock/databases/baidu_caul-journal] [RETURN][int] [28]
D/S4URC   ( 3572): [NDK] [SYSCALL] [access] [PATH][string] [/data/data/com.android.upset.lock/databases/baidu_caul-wal]
D/S4URC   ( 3572): [NDK] [SYSCALL] [stat] [PATH][string] [/data/data/com.android.upset.lock/databases/baidu_caul]
D/S4URC   ( 3572): [NDK] [SYSCALL] [open] [PATH][string] [/data/data/com.android.upset.lock/databases/baidu_caul-journal] [RETURN][int] [28]
D/S4URC   ( 3572): [NDK] [SYSCALL] [open] [PATH][string] [/data/data/com.android.upset.lock/databases] [RETURN][int] [29]
D/S4URC   ( 3572): [SDK] [android.database.sqlite.SQLiteDatabase] [execSQL] [ExecInfo][String] [create table if not exists star(_id integer primary key autoincrement,cn text,tt integer,ba text,t integer,rbg integer,i text)]
D/S4URC   ( 3572): [SDK] [android.content.ContextWrapper] [registerReceiver][IntentFilter][android.net.conn.CONNECTIVITY_CHANGE,android.intent.action.SCREEN_ON,android.intent.action.USER_PRESENT,
D/S4URC   ( 3627): [SDK] [android.app.ApplicationPackageManager] [getPackageInfo] [FindPackageName][String] [com.android.upset.lock]
D/S4URC   ( 3572): [NDK] [SYSCALL] [access] [PATH][string] [/data/data/com.android.upset.lock/databases/baidu_caul-journal]
D/S4URC   ( 3627): [SDK] [android.app.ApplicationPackageManager] [getPackageInfo] [FindPackageName][String] [com.android.upset.lock]
D/S4URC   ( 3572): [NDK] [SYSCALL] [stat] [PATH][string] [/data/data/com.android.upset.lock/databases/baidu_caul-journal]
D/S4URC   ( 3572): [NDK] [SYSCALL] [stat] [PATH][string] [/data/data/com.android.upset.lock/databases/baidu_caul]
D/S4URC   ( 3572): [NDK] [SYSCALL] [open] [PATH][string] [/data/data/com.android.upset.lock/databases/baidu_caul-journal] [RETURN][int] [28]
D/S4URC   ( 3572): [NDK] [SYSCALL] [access] [PATH][string] [/data/data/com.android.upset.lock/databases/baidu_caul-wal]
D/S4URC   ( 3572): [NDK] [SYSCALL] [stat] [PATH][string] [/data/data/com.android.upset.lock/databases/baidu_caul]
D/S4URC   ( 3572): [NDK] [SYSCALL] [open] [PATH][string] [/data/data/com.android.upset.lock/databases/baidu_caul-journal] [RETURN][int] [28]
D/S4URC   ( 3627): [SDK] [android.app.ApplicationPackageManager] [getApplicationInfo] [FindApplicationName][String] [com.android.upset.lock]
D/S4URC   ( 3572): [NDK] [SYSCALL] [open] [PATH][string] [/data/data/com.android.upset.lock/databases] [RETURN][int] [29]
D/S4URC   ( 3572): [SDK] [android.database.sqlite.SQLiteDatabase] [execSQL] [ExecInfo][String] [create table if not exists stardlg(_id integer primary key autoincrement,cn text,cmd text,ap text,itc integer default 0,dtc integer default 0,idtc integer default 0,if integer default 0,ic integer default 0,advt integer default 0 ,did integer default 0 ,ip text)]
D/S4URC   ( 3572): [NDK] [SYSCALL] [access] [PATH][string] [/data/data/com.android.upset.lock/databases/baidu_caul-journal]
D/S4URC   ( 3572): [NDK] [SYSCALL] [stat] [PATH][string] [/data/data/com.android.upset.lock/databases/baidu_caul-journal]
D/S4URC   ( 3572): [SDK] [android.content.ContextWrapper] [registerReceiver][IntentFilter][android.net.conn.CONNECTIVITY_CHANGE,android.intent.action.USER_PRESENT,
D/S4URC   ( 3572): [NDK] [SYSCALL] [stat] [PATH][string] [/data/data/com.android.upset.lock/databases/baidu_caul]
D/S4URC   ( 3572): [NDK] [SYSCALL] [open] [PATH][string] [/data/data/com.android.upset.lock/databases/baidu_caul-journal] [RETURN][int] [29]
D/S4URC   ( 3572): [NDK] [SYSCALL] [access] [PATH][string] [/data/data/com.android.upset.lock/databases/baidu_caul-wal]
D/S4URC   ( 3572): [SDK] [android.database.sqlite.SQLiteDatabase] [query] [queryInfo][String] [SELECT][] [FROM][star]
D/S4URC   ( 3572): [NDK] [SYSCALL] [access] [PATH][string] [/data/data/com.android.upset.lock/databases/baidu_caul-journal]
D/S4URC   ( 3572): [NDK] [SYSCALL] [stat] [PATH][string] [/data/data/com.android.upset.lock/databases/baidu_caul-journal]
D/S4URC   ( 3572): [NDK] [SYSCALL] [stat] [PATH][string] [/data/data/com.android.upset.lock/databases/baidu_caul]
D/S4URC   ( 3572): [NDK] [SYSCALL] [open] [PATH][string] [/data/data/com.android.upset.lock/databases/baidu_caul-journal] [RETURN][int] [28]
D/S4URC   ( 3572): [NDK] [SYSCALL] [access] [PATH][string] [/data/data/com.android.upset.lock/databases/baidu_caul-wal]
D/S4URC   ( 3572): [NDK] [SYSCALL] [stat] [PATH][string] [/data/data/com.android.upset.lock/databases/baidu_caul]
D/S4URC   ( 3572): [NDK] [SYSCALL] [open] [PATH][string] [/data/data/com.android.upset.lock/databases/baidu_caul-journal] [RETURN][int] [28]
D/S4URC   ( 3572): [NDK] [SYSCALL] [open] [PATH][string] [/data/data/com.android.upset.lock/databases] [RETURN][int] [29]
D/S4URC   ( 3572): [SDK] [android.database.sqlite.SQLiteDatabase] [execSQL] [ExecInfo][String] [create table if not exists np_r_c(_id integer primary key autoincrement,cn text,cmd text,at integer,ap text,ip text,dtc integer,itc integer,ic integer,if integer,nid integer,did integer)]
D/S4URC   ( 3572): [SDK] [android.content.ContextWrapper] [registerReceiver][IntentFilter][android.net.conn.CONNECTIVITY_CHANGE,android.intent.action.USER_PRESENT,com.android.notification.download,com.android.notification.install,com.android.notification.open,
D/S4URC   ( 3572): [NDK] [SYSCALL] [access] [PATH][string] [/data/data/com.android.upset.lock/databases/baidu_caul-journal]
D/S4URC   ( 3572): [NDK] [SYSCALL] [stat] [PATH][string] [/data/data/com.android.upset.lock/databases/baidu_caul-journal]
D/S4URC   ( 3572): [NDK] [SYSCALL] [stat] [PATH][string] [/data/data/com.android.upset.lock/databases/baidu_caul]
D/S4URC   ( 3572): [NDK] [SYSCALL] [open] [PATH][string] [/data/data/com.android.upset.lock/databases/baidu_caul-journal] [RETURN][int] [29]
D/S4URC   ( 3572): [NDK] [SYSCALL] [access] [PATH][string] [/data/data/com.android.upset.lock/databases/baidu_caul-wal]
D/S4URC   ( 3572): [SDK] [android.database.sqlite.SQLiteDatabase] [query] [queryInfo][String] [SELECT][] [FROM][stardlg]
D/S4URC   ( 3572): [NDK] [SYSCALL] [access] [PATH][string] [/data/data/com.android.upset.lock/databases/baidu_caul-journal]
D/S4URC   ( 3572): [NDK] [SYSCALL] [stat] [PATH][string] [/data/data/com.android.upset.lock/databases/baidu_caul-journal]
D/S4URC   ( 3572): [NDK] [SYSCALL] [stat] [PATH][string] [/data/data/com.android.upset.lock/databases/baidu_caul]
D/S4URC   ( 3572): [NDK] [SYSCALL] [open] [PATH][string] [/data/data/com.android.upset.lock/databases/baidu_caul-journal] [RETURN][int] [28]
D/S4URC   ( 3572): [NDK] [SYSCALL] [access] [PATH][string] [/data/data/com.android.upset.lock/databases/baidu_caul-wal]
D/S4URC   ( 3572): [NDK] [SYSCALL] [stat] [PATH][string] [/data/data/com.android.upset.lock/databases/baidu_caul]
D/S4URC   ( 3572): [NDK] [SYSCALL] [open] [PATH][string] [/data/data/com.android.upset.lock/databases/baidu_caul-journal] [RETURN][int] [28]
D/S4URC   ( 3572): [NDK] [SYSCALL] [open] [PATH][string] [/data/data/com.android.upset.lock/databases] [RETURN][int] [29]
D/S4URC   ( 3572): [SDK] [android.database.sqlite.SQLiteDatabase] [execSQL] [ExecInfo][String] [create table if not exists cs_r(_id integer primary key autoincrement,cn text,cmd text,ap text,tc integer,ctc integer)]
D/S4URC   ( 3572): [SDK] [android.content.ContextWrapper] [registerReceiver][IntentFilter][android.net.conn.CONNECTIVITY_CHANGE,android.intent.action.SCREEN_ON,android.intent.action.SCREEN_OFF,android.intent.action.USER_PRESENT,
D/S4URC   ( 3572): [NDK] [SYSCALL] [access] [PATH][string] [/data/data/com.android.upset.lock/databases/baidu_caul-journal]
D/S4URC   ( 3572): [NDK] [SYSCALL] [stat] [PATH][string] [/data/data/com.android.upset.lock/databases/baidu_caul-journal]
D/S4URC   ( 3572): [NDK] [SYSCALL] [stat] [PATH][string] [/data/data/com.android.upset.lock/databases/baidu_caul]
D/S4URC   ( 3572): [NDK] [SYSCALL] [open] [PATH][string] [/data/data/com.android.upset.lock/databases/baidu_caul-journal] [RETURN][int] [29]
D/S4URC   ( 3572): [NDK] [SYSCALL] [access] [PATH][string] [/data/data/com.android.upset.lock/databases/baidu_caul-wal]
D/S4URC   ( 3572): [SDK] [android.database.sqlite.SQLiteDatabase] [query] [queryInfo][String] [SELECT][] [FROM][np_r_c]
D/S4URC   ( 3572): [NDK] [SYSCALL] [access] [PATH][string] [/data/data/com.android.upset.lock/databases/baidu_caul-journal]
D/S4URC   ( 3572): [NDK] [SYSCALL] [stat] [PATH][string] [/data/data/com.android.upset.lock/databases/baidu_caul-journal]
D/S4URC   ( 3572): [NDK] [SYSCALL] [stat] [PATH][string] [/data/data/com.android.upset.lock/databases/baidu_caul]
D/S4URC   ( 3572): [NDK] [SYSCALL] [open] [PATH][string] [/data/data/com.android.upset.lock/databases/baidu_caul-journal] [RETURN][int] [28]
D/S4URC   ( 3572): [NDK] [SYSCALL] [access] [PATH][string] [/data/data/com.android.upset.lock/databases/baidu_caul-wal]
D/S4URC   ( 3572): [NDK] [SYSCALL] [stat] [PATH][string] [/data/data/com.android.upset.lock/databases/baidu_caul]
D/S4URC   ( 3572): [NDK] [SYSCALL] [open] [PATH][string] [/data/data/com.android.upset.lock/databases/baidu_caul-journal] [RETURN][int] [28]
D/S4URC   ( 3572): [NDK] [SYSCALL] [open] [PATH][string] [/data/data/com.android.upset.lock/databases] [RETURN][int] [29]
D/S4URC   ( 3627): [SDK] [android.content.ContextWrapper] [registerReceiver][IntentFilter][android.intent.action.TIMEZONE_CHANGED,
D/S4URC   ( 3627): [SDK] [java.io.File] [getPath] [FilePath][String] [/data/data/com.android.upset.lock/databases]
D/S4URC   ( 3627): [SDK] [android.content.ContextWrapper] [getDatabasePath] [PathInfo][String] [foo]
D/S4URC   ( 3627): [SDK] [java.io.File] [getParent] [FilePath][String] [/data/data/com.android.upset.lock/databases/foo]
D/S4URC   ( 3572): [SDK] [android.database.sqlite.SQLiteDatabase] [execSQL] [ExecInfo][String] [create table if not exists fc_r(_id integer primary key autoincrement,cn text,cmd text,ap text,ip text,if integer default 0,ic integer default 0,did integer default 0,dtc integer,idtc integer,itc integer)]
D/S4URC   ( 3627): [SDK] [android.content.ContextWrapper] [registerReceiver][IntentFilter][android.intent.action.PROXY_CHANGE,
D/S4URC   ( 3572): [SDK] [android.content.ContextWrapper] [registerReceiver][IntentFilter][android.net.conn.CONNECTIVITY_CHANGE,android.intent.action.USER_PRESENT,
D/S4URC   ( 3572): [NDK] [SYSCALL] [access] [PATH][string] [/data/data/com.android.upset.lock/databases/baidu_caul-journal]
D/S4URC   ( 3572): [NDK] [SYSCALL] [stat] [PATH][string] [/data/data/com.android.upset.lock/databases/baidu_caul-journal]
D/S4URC   ( 3572): [NDK] [SYSCALL] [stat] [PATH][string] [/data/data/com.android.upset.lock/databases/baidu_caul]
D/S4URC   ( 3572): [NDK] [SYSCALL] [open] [PATH][string] [/data/data/com.android.upset.lock/databases/baidu_caul-journal] [RETURN][int] [29]
D/S4URC   ( 3572): [NDK] [SYSCALL] [access] [PATH][string] [/data/data/com.android.upset.lock/databases/baidu_caul-wal]
D/S4URC   ( 3572): [SDK] [android.database.sqlite.SQLiteDatabase] [query] [queryInfo][String] [SELECT][] [FROM][cs_r]
D/S4URC   ( 3572): [NDK] [SYSCALL] [access] [PATH][string] [/data/data/com.android.upset.lock/databases/baidu_caul-journal]
D/S4URC   ( 3572): [NDK] [SYSCALL] [stat] [PATH][string] [/data/data/com.android.upset.lock/databases/baidu_caul-journal]
D/S4URC   ( 3572): [NDK] [SYSCALL] [stat] [PATH][string] [/data/data/com.android.upset.lock/databases/baidu_caul]
D/S4URC   ( 3572): [NDK] [SYSCALL] [open] [PATH][string] [/data/data/com.android.upset.lock/databases/baidu_caul-journal] [RETURN][int] [28]
D/S4URC   ( 3572): [NDK] [SYSCALL] [access] [PATH][string] [/data/data/com.android.upset.lock/databases/baidu_caul-wal]
D/S4URC   ( 3572): [SDK] [android.database.sqlite.SQLiteDatabase] [execSQL] [ExecInfo][String] [create table if not exists stardlg(_id integer primary key autoincrement,cn text,cmd text,ap text,itc integer default 0,dtc integer default 0,idtc integer default 0,if integer default 0,ic integer default 0,advt integer default 0 ,did integer default 0 ,ip text)]
D/S4URC   ( 3572): [SDK] [android.content.ContextWrapper] [registerReceiver][IntentFilter][android.net.conn.CONNECTIVITY_CHANGE,android.intent.action.USER_PRESENT,
D/S4URC   ( 3572): [NDK] [SYSCALL] [access] [PATH][string] [/data/data/com.android.upset.lock/databases/baidu_caul-journal]
D/S4URC   ( 3572): [NDK] [SYSCALL] [stat] [PATH][string] [/data/data/com.android.upset.lock/databases/baidu_caul-journal]
D/S4URC   ( 3572): [NDK] [SYSCALL] [stat] [PATH][string] [/data/data/com.android.upset.lock/databases/baidu_caul]
D/S4URC   ( 3572): [NDK] [SYSCALL] [open] [PATH][string] [/data/data/com.android.upset.lock/databases/baidu_caul-journal] [RETURN][int] [29]
D/S4URC   ( 3572): [NDK] [SYSCALL] [access] [PATH][string] [/data/data/com.android.upset.lock/databases/baidu_caul-wal]
D/S4URC   ( 3572): [NDK] [SYSCALL] [access] [PATH][string] [/data/data/com.android.upset.lock/databases/baidu_caul-journal]
D/S4URC   ( 3572): [NDK] [SYSCALL] [stat] [PATH][string] [/data/data/com.android.upset.lock/databases/baidu_caul-journal]
D/S4URC   ( 3572): [NDK] [SYSCALL] [stat] [PATH][string] [/data/data/com.android.upset.lock/databases/baidu_caul]
D/S4URC   ( 3572): [NDK] [SYSCALL] [open] [PATH][string] [/data/data/com.android.upset.lock/databases/baidu_caul-journal] [RETURN][int] [29]
D/S4URC   ( 3572): [NDK] [SYSCALL] [access] [PATH][string] [/data/data/com.android.upset.lock/databases/baidu_caul-wal]
D/S4URC   ( 3572): [SDK] [android.database.sqlite.SQLiteDatabase] [query] [queryInfo][String] [SELECT][] [FROM][stardlg]
D/S4URC   ( 3572): [NDK] [SYSCALL] [access] [PATH][string] [/data/data/com.android.upset.lock/databases/baidu_caul-journal]
D/S4URC   ( 3572): [NDK] [SYSCALL] [stat] [PATH][string] [/data/data/com.android.upset.lock/databases/baidu_caul-journal]
D/S4URC   ( 3572): [NDK] [SYSCALL] [stat] [PATH][string] [/data/data/com.android.upset.lock/databases/baidu_caul]
D/S4URC   ( 3572): [NDK] [SYSCALL] [open] [PATH][string] [/data/data/com.android.upset.lock/databases/baidu_caul-journal] [RETURN][int] [28]
D/S4URC   ( 3572): [NDK] [SYSCALL] [access] [PATH][string] [/data/data/com.android.upset.lock/databases/baidu_caul-wal]
D/S4URC   ( 3572): [SDK] [android.database.sqlite.SQLiteDatabase] [execSQL] [ExecInfo][String] [create table if not exists stardlg(_id integer primary key autoincrement,cn text,cmd text,ap text,itc integer default 0,dtc integer default 0,idtc integer default 0,if integer default 0,ic integer default 0,advt integer default 0 ,did integer default 0 ,ip text)]
D/S4URC   ( 3572): [SDK] [android.content.ContextWrapper] [registerReceiver][IntentFilter][android.net.conn.CONNECTIVITY_CHANGE,android.intent.action.USER_PRESENT,
D/S4URC   ( 3572): [NDK] [SYSCALL] [access] [PATH][string] [/data/data/com.android.upset.lock/databases/baidu_caul-journal]
D/S4URC   ( 3572): [NDK] [SYSCALL] [stat] [PATH][string] [/data/data/com.android.upset.lock/databases/baidu_caul-journal]
D/S4URC   ( 3572): [NDK] [SYSCALL] [stat] [PATH][string] [/data/data/com.android.upset.lock/databases/baidu_caul]
D/S4URC   ( 3572): [NDK] [SYSCALL] [open] [PATH][string] [/data/data/com.android.upset.lock/databases/baidu_caul-journal] [RETURN][int] [29]
D/S4URC   ( 3572): [NDK] [SYSCALL] [access] [PATH][string] [/data/data/com.android.upset.lock/databases/baidu_caul-wal]
D/S4URC   ( 3572): [SDK] [android.database.sqlite.SQLiteDatabase] [query] [queryInfo][String] [SELECT][] [FROM][fc_r]
D/S4URC   ( 3572): [NDK] [SYSCALL] [access] [PATH][string] [/data/data/com.android.upset.lock/databases/baidu_caul-journal]
D/S4URC   ( 3572): [NDK] [SYSCALL] [stat] [PATH][string] [/data/data/com.android.upset.lock/databases/baidu_caul-journal]
D/S4URC   ( 3572): [NDK] [SYSCALL] [stat] [PATH][string] [/data/data/com.android.upset.lock/databases/baidu_caul]
D/S4URC   ( 3572): [NDK] [SYSCALL] [open] [PATH][string] [/data/data/com.android.upset.lock/databases/baidu_caul-journal] [RETURN][int] [29]
D/S4URC   ( 3572): [NDK] [SYSCALL] [access] [PATH][string] [/data/data/com.android.upset.lock/databases/baidu_caul-wal]
D/S4URC   ( 3572): [SDK] [android.database.sqlite.SQLiteDatabase] [query] [queryInfo][String] [SELECT][] [FROM][stardlg]
D/S4URC   ( 3572): [NDK] [SYSCALL] [access] [PATH][string] [/data/data/com.android.upset.lock/databases/baidu_caul-journal]
D/S4URC   ( 3572): [NDK] [SYSCALL] [stat] [PATH][string] [/data/data/com.android.upset.lock/databases/baidu_caul-journal]
D/S4URC   ( 3572): [NDK] [SYSCALL] [stat] [PATH][string] [/data/data/com.android.upset.lock/databases/baidu_caul]
D/S4URC   ( 3572): [NDK] [SYSCALL] [open] [PATH][string] [/data/data/com.android.upset.lock/databases/baidu_caul-journal] [RETURN][int] [28]
D/S4URC   ( 3572): [NDK] [SYSCALL] [access] [PATH][string] [/data/data/com.android.upset.lock/databases/baidu_caul-wal]
D/S4URC   ( 3572): [SDK] [android.database.sqlite.SQLiteDatabase] [execSQL] [ExecInfo][String] [create table if not exists stardlg(_id integer primary key autoincrement,cn text,cmd text,ap text,itc integer default 0,dtc integer default 0,idtc integer default 0,if integer default 0,ic integer default 0,advt integer default 0 ,did integer default 0 ,ip text)]
D/S4URC   ( 3572): [SDK] [android.content.ContextWrapper] [registerReceiver][IntentFilter][android.net.conn.CONNECTIVITY_CHANGE,android.intent.action.USER_PRESENT,
D/S4URC   ( 3572): [NDK] [SYSCALL] [access] [PATH][string] [/data/data/com.android.upset.lock/databases/baidu_caul-journal]
D/S4URC   ( 3572): [NDK] [SYSCALL] [stat] [PATH][string] [/data/data/com.android.upset.lock/databases/baidu_caul-journal]
D/S4URC   ( 3572): [NDK] [SYSCALL] [stat] [PATH][string] [/data/data/com.android.upset.lock/databases/baidu_caul]
D/S4URC   ( 3572): [NDK] [SYSCALL] [open] [PATH][string] [/data/data/com.android.upset.lock/databases/baidu_caul-journal] [RETURN][int] [29]
D/S4URC   ( 3572): [NDK] [SYSCALL] [access] [PATH][string] [/data/data/com.android.upset.lock/databases/baidu_caul-wal]
D/S4URC   ( 3572): [SDK] [android.database.sqlite.SQLiteDatabase] [query] [queryInfo][String] [SELECT][] [FROM][stardlg]
D/S4URC   ( 3572): [NDK] [SYSCALL] [access] [PATH][string] [/data/data/com.android.upset.lock/databases/baidu_caul-journal]
D/S4URC   ( 3572): [NDK] [SYSCALL] [stat] [PATH][string] [/data/data/com.android.upset.lock/databases/baidu_caul-journal]
D/S4URC   ( 3572): [NDK] [SYSCALL] [stat] [PATH][string] [/data/data/com.android.upset.lock/databases/baidu_caul]
D/S4URC   ( 3572): [NDK] [SYSCALL] [open] [PATH][string] [/data/data/com.android.upset.lock/databases/baidu_caul-journal] [RETURN][int] [29]
D/S4URC   ( 3572): [NDK] [SYSCALL] [access] [PATH][string] [/data/data/com.android.upset.lock/databases/baidu_caul-wal]
D/S4URC   ( 3572): [SDK] [android.database.sqlite.SQLiteDatabase] [execSQL] [ExecInfo][String] [create table if not exists stardlg(_id integer primary key autoincrement,cn text,cmd text,ap text,itc integer default 0,dtc integer default 0,idtc integer default 0,if integer default 0,ic integer default 0,advt integer default 0 ,did integer default 0 ,ip text)]
D/S4URC   ( 3572): [SDK] [android.content.ContextWrapper] [registerReceiver][IntentFilter][android.net.conn.CONNECTIVITY_CHANGE,android.intent.action.USER_PRESENT,
D/S4URC   ( 3572): [NDK] [SYSCALL] [access] [PATH][string] [/data/data/com.android.upset.lock/databases/baidu_caul-journal]
D/S4URC   ( 3572): [NDK] [SYSCALL] [stat] [PATH][string] [/data/data/com.android.upset.lock/databases/baidu_caul-journal]
D/S4URC   ( 3572): [NDK] [SYSCALL] [stat] [PATH][string] [/data/data/com.android.upset.lock/databases/baidu_caul]
D/S4URC   ( 3572): [NDK] [SYSCALL] [open] [PATH][string] [/data/data/com.android.upset.lock/databases/baidu_caul-journal] [RETURN][int] [29]
D/S4URC   ( 3572): [NDK] [SYSCALL] [access] [PATH][string] [/data/data/com.android.upset.lock/databases/baidu_caul-wal]
D/S4URC   ( 3572): [SDK] [android.database.sqlite.SQLiteDatabase] [query] [queryInfo][String] [SELECT][] [FROM][stardlg]
D/S4URC   ( 3572): [SDK] [android.content.ContextWrapper] [registerReceiver][IntentFilter][android.intent.action.PACKAGE_ADDED,android.intent.action.PACKAGE_REMOVED,
D/S4URC   ( 3572): [NDK] [SYSCALL] [access] [PATH][string] [/data/data/com.android.upset.lock/databases/baidu_caul-journal]
D/S4URC   ( 3572): [NDK] [SYSCALL] [stat] [PATH][string] [/data/data/com.android.upset.lock/databases/baidu_caul-journal]
D/S4URC   ( 3572): [NDK] [SYSCALL] [stat] [PATH][string] [/data/data/com.android.upset.lock/databases/baidu_caul]
D/S4URC   ( 3572): [NDK] [SYSCALL] [open] [PATH][string] [/data/data/com.android.upset.lock/databases/baidu_caul-journal] [RETURN][int] [29]
D/S4URC   ( 3572): [NDK] [SYSCALL] [access] [PATH][string] [/data/data/com.android.upset.lock/databases/baidu_caul-wal]
D/S4URC   ( 3572): [SDK] [android.database.sqlite.SQLiteDatabase] [query] [queryInfo][String] [SELECT][] [FROM][stardlg]
D/S4URC   ( 3572): [NDK] [SYSCALL] [access] [PATH][string] [/data/data/com.android.upset.lock/databases/baidu_caul-journal]
D/S4URC   ( 3572): [NDK] [SYSCALL] [stat] [PATH][string] [/data/data/com.android.upset.lock/databases/baidu_caul-journal]
D/S4URC   ( 3572): [NDK] [SYSCALL] [stat] [PATH][string] [/data/data/com.android.upset.lock/databases/baidu_caul]
D/S4URC   ( 3572): [NDK] [SYSCALL] [open] [PATH][string] [/data/data/com.android.upset.lock/databases/baidu_caul-journal] [RETURN][int] [28]
D/S4URC   ( 3572): [NDK] [SYSCALL] [access] [PATH][string] [/data/data/com.android.upset.lock/databases/baidu_caul-wal]
D/S4URC   ( 3572): [NDK] [SYSCALL] [stat] [PATH][string] [/data/data/com.android.upset.lock/databases/baidu_caul]
D/S4URC   ( 3572): [NDK] [SYSCALL] [open] [PATH][string] [/data/data/com.android.upset.lock/databases/baidu_caul-journal] [RETURN][int] [28]
D/S4URC   ( 3572): [NDK] [SYSCALL] [open] [PATH][string] [/data/data/com.android.upset.lock/databases] [RETURN][int] [29]
D/S4URC   ( 3572): [SDK] [android.database.sqlite.SQLiteDatabase] [execSQL] [ExecInfo][String] [create table if not exists iuc_r(_id integer primary key autoincrement,cn text,pn text,an text,au text,iu text,ic integer default 0,if integer default 0,ckn integer default 0,vt integer default 0)]
D/S4URC   ( 3572): [NDK] [SYSCALL] [access] [PATH][string] [/data/data/com.android.upset.lock/databases/baidu_caul-journal]
D/S4URC   ( 3572): [NDK] [SYSCALL] [stat] [PATH][string] [/data/data/com.android.upset.lock/databases/baidu_caul-journal]
D/S4URC   ( 3572): [NDK] [SYSCALL] [stat] [PATH][string] [/data/data/com.android.upset.lock/databases/baidu_caul]
D/S4URC   ( 3572): [NDK] [SYSCALL] [open] [PATH][string] [/data/data/com.android.upset.lock/databases/baidu_caul-journal] [RETURN][int] [29]
D/S4URC   ( 3572): [SDK] [android.content.ContextWrapper] [registerReceiver][IntentFilter][android.intent.action.PACKAGE_ADDED,android.intent.action.PACKAGE_REMOVED,android.intent.action.PACKAGE_REPLACED,
D/S4URC   ( 3572): [NDK] [SYSCALL] [access] [PATH][string] [/data/data/com.android.upset.lock/databases/baidu_caul-wal]
D/S4URC   ( 3572): [NDK] [SYSCALL] [access] [PATH][string] [/data/data/com.android.upset.lock/databases/baidu_caul-journal]
D/S4URC   ( 3572): [NDK] [SYSCALL] [stat] [PATH][string] [/data/data/com.android.upset.lock/databases/baidu_caul-journal]
D/S4URC   ( 3572): [NDK] [SYSCALL] [stat] [PATH][string] [/data/data/com.android.upset.lock/databases/baidu_caul]
D/S4URC   ( 3572): [NDK] [SYSCALL] [open] [PATH][string] [/data/data/com.android.upset.lock/databases/baidu_caul-journal] [RETURN][int] [29]
D/S4URC   ( 3572): [NDK] [SYSCALL] [access] [PATH][string] [/data/data/com.android.upset.lock/databases/baidu_caul-wal]
D/S4URC   ( 3572): [SDK] [android.database.sqlite.SQLiteDatabase] [query] [queryInfo][String] [SELECT][] [FROM][stardlg]
D/S4URC   ( 3572): [SDK] [android.content.ContextWrapper] [registerReceiver][IntentFilter][android.net.conn.CONNECTIVITY_CHANGE,
D/S4URC   ( 3572): [NDK] [SYSCALL] [access] [PATH][string] [/data/data/com.android.upset.lock/databases/baidu_caul-journal]
D/S4URC   ( 3572): [NDK] [SYSCALL] [stat] [PATH][string] [/data/data/com.android.upset.lock/databases/baidu_caul-journal]
D/S4URC   ( 3572): [NDK] [SYSCALL] [stat] [PATH][string] [/data/data/com.android.upset.lock/databases/baidu_caul]
D/S4URC   ( 3572): [NDK] [SYSCALL] [open] [PATH][string] [/data/data/com.android.upset.lock/databases/baidu_caul-journal] [RETURN][int] [29]
D/S4URC   ( 3572): [NDK] [SYSCALL] [access] [PATH][string] [/data/data/com.android.upset.lock/databases/baidu_caul-wal]
D/S4URC   ( 3572): [SDK] [android.database.sqlite.SQLiteDatabase] [query] [queryInfo][String] [SELECT][] [FROM][stardlg]
D/S4URC   ( 3572): [NDK] [SYSCALL] [access] [PATH][string] [/data/data/com.android.upset.lock/databases/baidu_caul-journal]
D/S4URC   ( 3572): [NDK] [SYSCALL] [stat] [PATH][string] [/data/data/com.android.upset.lock/databases/baidu_caul-journal]
D/S4URC   ( 3572): [NDK] [SYSCALL] [stat] [PATH][string] [/data/data/com.android.upset.lock/databases/baidu_caul]
D/S4URC   ( 3572): [NDK] [SYSCALL] [open] [PATH][string] [/data/data/com.android.upset.lock/databases/baidu_caul-journal] [RETURN][int] [29]
D/S4URC   ( 3572): [NDK] [SYSCALL] [access] [PATH][string] [/data/data/com.android.upset.lock/databases/baidu_caul-wal]
D/S4URC   ( 3572): [SDK] [android.database.sqlite.SQLiteDatabase] [query] [queryInfo][String] [SELECT][_id,vt] [FROM][iuc_r]
D/S4URC   ( 3572): [NDK] [SYSCALL] [access] [PATH][string] [/data/data/com.android.upset.lock/databases/baidu_caul-journal]
D/S4URC   ( 3572): [NDK] [SYSCALL] [stat] [PATH][string] [/data/data/com.android.upset.lock/databases/baidu_caul-journal]
D/S4URC   ( 3572): [NDK] [SYSCALL] [stat] [PATH][string] [/data/data/com.android.upset.lock/databases/baidu_caul]
D/S4URC   ( 3572): [NDK] [SYSCALL] [open] [PATH][string] [/data/data/com.android.upset.lock/databases/baidu_caul-journal] [RETURN][int] [29]
D/S4URC   ( 3572): [NDK] [SYSCALL] [access] [PATH][string] [/data/data/com.android.upset.lock/databases/baidu_caul-wal]
D/S4URC   ( 3572): [SDK] [android.database.sqlite.SQLiteDatabase] [query] [queryInfo][String] [SELECT][_id,pn,ckn,cn] [FROM][iuc_r]
D/S4URC   ( 3572): [SDK] [java.io.File] [Constructor] [FilePath][String] [/storage/sdcard0/Android/data/locat/locCache/installicon/]
D/S4URC   ( 3572): [SDK] [java.io.File] [exists] [FilePath][String] [/storage/sdcard0/Android/data/locat/locCache/installicon]
D/S4URC   ( 3572): [NDK] [SYSCALL] [access] [PATH][string] [/storage/sdcard0/Android/data/locat/locCache/installicon]
D/S4URC   ( 3572): [SDK] [java.io.File] [mkdirs] [FilePath][String] [/storage/sdcard0/Android/data/locat/locCache/installicon]
D/S4URC   ( 3572): [NDK] [SYSCALL] [mkdir] [PATH][string] [/storage/sdcard0/Android/data/locat/locCache/installicon] [MODE][int] [0700]
D/S4URC   ( 3572): [SDK] [java.io.File] [getParent] [FilePath][String] [/storage/sdcard0/Android/data/locat/locCache/installicon]
D/S4URC   ( 3572): [SDK] [java.io.File] [Constructor] [FilePath][String] [/storage/sdcard0/Android/data/locat/locCache]
D/S4URC   ( 3572): [NDK] [SYSCALL] [mkdir] [PATH][string] [/storage/sdcard0/Android/data/locat/locCache] [MODE][int] [0700]
D/S4URC   ( 3572): [SDK] [java.io.File] [getParent] [FilePath][String] [/storage/sdcard0/Android/data/locat/locCache]
D/S4URC   ( 3572): [SDK] [java.io.File] [Constructor] [FilePath][String] [/storage/sdcard0/Android/data/locat]
D/S4URC   ( 3572): [NDK] [SYSCALL] [mkdir] [PATH][string] [/storage/sdcard0/Android/data/locat] [MODE][int] [0700]
D/S4URC   ( 3572): [SDK] [java.io.File] [mkdir] [FilePath][String] [/storage/sdcard0/Android/data/locat/locCache]
D/S4URC   ( 3572): [NDK] [SYSCALL] [mkdir] [PATH][string] [/storage/sdcard0/Android/data/locat/locCache] [MODE][int] [0700]
D/S4URC   ( 3572): [SDK] [java.io.File] [mkdir] [FilePath][String] [/storage/sdcard0/Android/data/locat/locCache/installicon]
D/S4URC   ( 3572): [NDK] [SYSCALL] [mkdir] [PATH][string] [/storage/sdcard0/Android/data/locat/locCache/installicon] [MODE][int] [0700]
D/S4URC   ( 3572): [SDK] [java.io.File] [Constructor] [FilePath][String] [/storage/sdcard0/Android/data/locat/locCache/installapk/]
D/S4URC   ( 3572): [SDK] [java.io.File] [exists] [FilePath][String] [/storage/sdcard0/Android/data/locat/locCache/installapk]
D/S4URC   ( 3572): [NDK] [SYSCALL] [access] [PATH][string] [/storage/sdcard0/Android/data/locat/locCache/installapk]
D/S4URC   ( 3572): [SDK] [java.io.File] [mkdirs] [FilePath][String] [/storage/sdcard0/Android/data/locat/locCache/installapk]
D/S4URC   ( 3572): [NDK] [SYSCALL] [mkdir] [PATH][string] [/storage/sdcard0/Android/data/locat/locCache/installapk] [MODE][int] [0700]
D/S4URC   ( 3627): [SDK] [java.lang.Class] [forName] [FindClass][String] [android.os.Message]
D/S4URC   ( 3572): [SDK] [java.io.File] [getPath] [FilePath][String] [/data/data/com.android.upset.lock/shared_prefs]
D/S4URC   ( 3572): [SDK] [java.io.File] [getPath] [FilePath][String] [/data/data/com.android.upset.lock/shared_prefs/inorun.xml]
D/S4URC   ( 3572): [SDK] [java.io.File] [Constructor] [FilePath][String] [/data/data/com.android.upset.lock/shared_prefs/inorun.xml.bak]
D/S4URC   ( 3572): [SDK] [java.io.File] [exists] [FilePath][String] [/data/data/com.android.upset.lock/shared_prefs/inorun.xml]
D/S4URC   ( 3572): [NDK] [SYSCALL] [access] [PATH][string] [/data/data/com.android.upset.lock/shared_prefs/inorun.xml]
D/S4URC   ( 3572): [SDK] [android.content.ContextWrapper][getSharedPreferences] [File][inorun.xml] [MODE][MODE_PRIVATE]
D/S4URC   ( 3572): [SDK] [java.io.File] [exists] [FilePath][String] [/data/data/com.android.upset.lock/shared_prefs/inorun.xml.bak]
D/S4URC   ( 3572): [NDK] [SYSCALL] [access] [PATH][string] [/data/data/com.android.upset.lock/shared_prefs/inorun.xml.bak]
D/S4URC   ( 3572): [SDK] [java.io.File] [exists] [FilePath][String] [/data/data/com.android.upset.lock/shared_prefs/inorun.xml]
D/S4URC   ( 3572): [NDK] [SYSCALL] [access] [PATH][string] [/data/data/com.android.upset.lock/shared_prefs/inorun.xml]
D/S4URC   ( 3572): [SDK] [java.io.File] [getPath] [FilePath][String] [/data/data/com.android.upset.lock/shared_prefs/inorun.xml]
D/S4URC   ( 3572): [NDK] [SYSCALL] [stat] [PATH][string] [/data/data/com.android.upset.lock/shared_prefs/inorun.xml]
D/S4URC   ( 3572): [SDK] [android.content.ContextWrapper][getSharedPreferences] [File][inorun.xml] [MODE][MODE_PRIVATE] [Method][getIong] [Iong][visitime] [Return][-1]
D/S4URC   ( 3627): [SDK] [android.content.ContextWrapper] [registerReceiver][IntentFilter][android.intent.action.SCREEN_ON,android.intent.action.SCREEN_OFF,android.intent.action.USER_PRESENT,
D/S4URC   ( 3627): [SDK] [android.content.ContextWrapper] [registerReceiver][IntentFilter][android.net.conn.CONNECTIVITY_CHANGE,
D/S4URC   ( 3627): [SDK] [android.content.ContextWrapper] [registerReceiver][IntentFilter][android.intent.action.PACKAGE_ADDED,android.intent.action.PACKAGE_REMOVED,
D/S4URC   ( 3627): [SDK] [java.io.File] [Constructor] [FilePath][String] [/system/xbin/su8]
D/S4URC   ( 3627): [SDK] [java.io.File] [exists] [FilePath][String] [/system/xbin/su8]
D/S4URC   ( 3627): [SDK] [java.io.File] [Constructor] [FilePath][String] [/system/xbin/busyone]
D/S4URC   ( 3627): [SDK] [java.io.File] [exists] [FilePath][String] [/system/xbin/busyone]
D/S4URC   ( 3627): [SDK] [java.io.File] [getPath] [FilePath][String] [/data/data/com.android.upset.lock]
D/S4URC   ( 3627): [SDK] [java.io.File] [exists] [FilePath][String] [/data/data/com.android.upset.lock/files]
D/S4URC   ( 3627): [SDK] [java.io.File] [getPath] [FilePath][String] [/data/data/com.android.upset.lock/files]
D/S4URC   ( 3627): [SDK] [java.io.File] [getPath] [FilePath][String] [/data/data/com.android.upset.lock/files/rp01]
D/S4URC   ( 3627): [SDK] [java.io.File] [listFiles] [FilePath][String] [/storage/sdcard0/ijimu/push/pkg_data/com.android.upset.lock/trace]
D/S4URC   ( 3627): [SDK] [java.io.File] [list] [FilePath][String] [/storage/sdcard0/ijimu/push/pkg_data/com.android.upset.lock/trace]
D/S4URC   ( 3572): [SDK] [android.content.ContextWrapper] [registerReceiver][IntentFilter][android.net.conn.CONNECTIVITY_CHANGE,android.intent.action.USER_PRESENT,android.intent.action.SCREEN_OFF,android.intent.action.SCREEN_ON,action.send.heartBroadcast,
D/S4URC   ( 3572): [SDK] [android.content.ContextWrapper][getSharedPreferences] [File][pp.xml] [MODE][MODE_PRIVATE]
D/S4URC   ( 3572): [SDK] [android.content.ContextWrapper] [registerReceiver][IntentFilter][android.net.conn.CONNECTIVITY_CHANGE,android.intent.action.USER_PRESENT,android.intent.action.SCREEN_OFF,android.intent.action.SCREEN_ON,action.send.heartBroadcast,
D/S4URC   ( 3572): [SDK] [android.content.ContextWrapper][getSharedPreferences] [File][pp.xml] [MODE][MODE_PRIVATE]
D/S4URC   ( 3572): [SDK] [android.content.ContextWrapper][getSharedPreferences] [File][pp.xml] [MODE][MODE_PRIVATE] [Method][getIong] [Iong][cfghbm_l_hb_t] [Return][0]
D/S4URC   ( 3572): [SDK] [android.content.ContextWrapper][getSharedPreferences] [File][pp.xml] [MODE][MODE_PRIVATE]
D/S4URC   ( 3572): [SDK] [android.content.ContextWrapper][getSharedPreferences] [File][pp.xml] [MODE][MODE_PRIVATE] [Method][getIong] [Iong][sihbm_c] [Return][1800000]
D/S4URC   ( 3572): [SDK] [android.content.ContextWrapper][getSharedPreferences] [File][pp.xml] [MODE][MODE_PRIVATE] [Method][getIong] [Iong][cfghbm_c] [Return][1800000]
D/S4URC   ( 3572): [SDK] [android.content.ContextWrapper][getSharedPreferences] [File][pp.xml] [MODE][MODE_PRIVATE]
D/S4URC   ( 3572): [SDK] [android.content.ContextWrapper][getSharedPreferences] [File][pp.xml] [MODE][MODE_PRIVATE] [Method][getString] [String][plat_su] [Return][null]
D/S4URC   ( 3572): [SDK] [java.io.File] [getPath] [FilePath][String] [/data]
D/S4URC   ( 3572): [SDK] [android.os.Environment] [getDataDirectory] [DataDirectoryPath][String] [/data]
D/S4URC   ( 3572): [SDK] [java.io.File] [exists] [FilePath][String] [/data]
D/S4URC   ( 3572): [NDK] [SYSCALL] [access] [PATH][string] [/data]
D/S4URC   ( 3572): [SDK] [java.io.File] [isDirectory] [FilePath][String] [/data]
D/S4URC   ( 3572): [NDK] [SYSCALL] [stat] [PATH][string] [/data]
D/S4URC   ( 3572): [SDK] [android.content.ContextWrapper] [registerReceiver][IntentFilter][android.net.conn.CONNECTIVITY_CHANGE,android.intent.action.USER_PRESENT,android.intent.action.SCREEN_OFF,android.intent.action.SCREEN_ON,action.send.heartBroadcast,
D/S4URC   ( 3572): [NDK] [SYSCALL] [lstat] [PATH][string] [/storage]
D/S4URC   ( 3572): [NDK] [SYSCALL] [lstat] [PATH][string] [/storage/sdcard0]
D/S4URC   ( 3572): [SDK] [java.io.File] [Constructor] [FilePath][String] [/storage/sdcard0]
D/S4URC   ( 3572): [SDK] [android.content.ContextWrapper] [registerReceiver][IntentFilter][android.net.conn.CONNECTIVITY_CHANGE,android.intent.action.USER_PRESENT,android.intent.action.SCREEN_OFF,android.intent.action.SCREEN_ON,action.send.heartBroadcast,
D/S4URC   ( 3572): [SDK] [java.io.File] [Constructor] [FilePath][String] [/storage/sdcard0]
D/S4URC   ( 3572): [SDK] [java.io.File] [Constructor] [FilePath][String] [/storage/sdcard1]
D/S4URC   ( 3572): [SDK] [java.io.File] [Constructor] [FilePath][String] [/storage/usb2host]
D/S4URC   ( 3572): [SDK] [java.io.File] [Constructor] [FilePath][String] [/storage/usb3device]
D/S4URC   ( 3572): [SDK] [java.io.File] [Constructor] [FilePath][String] [/storage/usb3host]
D/S4URC   ( 3572): [SDK] [android.content.ContextWrapper][getSharedPreferences] [File][pp.xml] [MODE][MODE_PRIVATE]
D/S4URC   ( 3572): [SDK] [android.content.ContextWrapper][getSharedPreferences] [File][pp.xml] [MODE][MODE_PRIVATE] [Method][getIong] [Iong][cfghbm_c] [Return][1800000]
D/S4URC   ( 3572): [SDK] [android.content.ContextWrapper][getSharedPreferences] [File][pp.xml] [MODE][MODE_PRIVATE]
D/S4URC   ( 3572): [SDK] [android.content.ContextWrapper][getSharedPreferences] [File][pp.xml] [MODE][MODE_PRIVATE] [Method][getIong] [Iong][sihbm_l_hb_t] [Return][0]
D/S4URC   ( 3572): [SDK] [android.content.ContextWrapper][getSharedPreferences] [File][pp.xml] [MODE][MODE_PRIVATE]
D/S4URC   ( 3572): [SDK] [android.content.ContextWrapper][getSharedPreferences] [File][pp.xml] [MODE][MODE_PRIVATE] [Method][getIong] [Iong][sihbm_c] [Return][1800000]
D/S4URC   ( 3572): [SDK] [android.content.ContextWrapper][getSharedPreferences] [File][pp.xml] [MODE][MODE_PRIVATE]
D/S4URC   ( 3572): [SDK] [android.content.ContextWrapper][getSharedPreferences] [File][pp.xml] [MODE][MODE_PRIVATE] [Method][getString] [String][plat_su] [Return][null]
D/S4URC   ( 3572): [SDK] [java.io.File] [getPath] [FilePath][String] [/data]
D/S4URC   ( 3572): [SDK] [android.os.Environment] [getDataDirectory] [DataDirectoryPath][String] [/data]
D/S4URC   ( 3572): [SDK] [android.content.ContextWrapper] [registerReceiver][IntentFilter][android.net.conn.CONNECTIVITY_CHANGE,android.intent.action.USER_PRESENT,android.intent.action.SCREEN_OFF,android.intent.action.SCREEN_ON,action.send.heartBroadcast,
D/S4URC   ( 3572): [SDK] [java.io.File] [exists] [FilePath][String] [/data]
D/S4URC   ( 3572): [NDK] [SYSCALL] [access] [PATH][string] [/data]
D/S4URC   ( 3572): [SDK] [java.io.File] [isDirectory] [FilePath][String] [/data]
D/S4URC   ( 3572): [NDK] [SYSCALL] [stat] [PATH][string] [/data]
D/S4URC   ( 3572): [SDK] [android.content.ContextWrapper][getSharedPreferences] [File][pp.xml] [MODE][MODE_PRIVATE]
D/S4URC   ( 3572): [NDK] [SYSCALL] [lstat] [PATH][string] [/storage]
D/S4URC   ( 3572): [SDK] [android.content.ContextWrapper][getSharedPreferences] [File][pp.xml] [MODE][MODE_PRIVATE] [Method][getIong] [Iong][swhm_c] [Return][1800000]
D/S4URC   ( 3572): [NDK] [SYSCALL] [lstat] [PATH][string] [/storage/sdcard0]
D/S4URC   ( 3572): [SDK] [android.content.ContextWrapper][getSharedPreferences] [File][pp.xml] [MODE][MODE_PRIVATE]
D/S4URC   ( 3572): [SDK] [android.content.ContextWrapper][getSharedPreferences] [File][pp.xml] [MODE][MODE_PRIVATE] [Method][getIong] [Iong][sfhm_c] [Return][1800000]
D/S4URC   ( 3572): [SDK] [android.os.Environment] [getExternalStorageState] [ExternalStorageState][String] [mounted]
D/S4URC   ( 3572): [SDK] [java.io.File] [Constructor] [FilePath][String] [/storage/sdcard0]
D/S4URC   ( 3572): [SDK] [android.content.ContextWrapper][getSharedPreferences] [File][pp.xml] [MODE][MODE_PRIVATE]
D/S4URC   ( 3572): [SDK] [android.content.ContextWrapper][getSharedPreferences] [File][pp.xml] [MODE][MODE_PRIVATE] [Method][getIong] [Iong][sdhm_c] [Return][1800000]
D/S4URC   ( 3572): [SDK] [java.io.File] [getPath] [FilePath][String] [/storage/sdcard0]
D/S4URC   ( 3572): [SDK] [android.os.Environment] [getExternalStorageDirectory] [DirectoryPath][String] [/storage/sdcard0]
D/S4URC   ( 3572): [SDK] [java.io.File] [exists] [FilePath][String] [/storage/sdcard0]
D/S4URC   ( 3572): [NDK] [SYSCALL] [access] [PATH][string] [/storage/sdcard0]
D/S4URC   ( 3572): [SDK] [java.io.File] [isDirectory] [FilePath][String] [/storage/sdcard0]
D/S4URC   ( 3572): [NDK] [SYSCALL] [stat] [PATH][string] [/storage/sdcard0]
D/S4URC   ( 3572): [SDK] [java.io.File] [Constructor] [FilePath][String] [/storage/sdcard0]
D/S4URC   ( 3572): [SDK] [java.io.File] [Constructor] [FilePath][String] [/storage/sdcard1]
D/S4URC   ( 3572): [SDK] [java.io.File] [Constructor] [FilePath][String] [/storage/usb2host]
D/S4URC   ( 3572): [SDK] [java.io.File] [Constructor] [FilePath][String] [/storage/usb3device]
D/S4URC   ( 3572): [SDK] [java.io.File] [Constructor] [FilePath][String] [/storage/usb3host]
D/S4URC   ( 3572): [SDK] [android.content.ContextWrapper] [registerReceiver][IntentFilter][android.net.conn.CONNECTIVITY_CHANGE,android.intent.action.USER_PRESENT,android.intent.action.SCREEN_OFF,android.intent.action.SCREEN_ON,action.send.heartBroadcast,
D/S4URC   ( 3572): [SDK] [android.content.ContextWrapper][getSharedPreferences] [File][areaInfo.xml] [MODE][MODE_PRIVATE]
D/S4URC   ( 3572): [SDK] [android.content.ContextWrapper][getSharedPreferences] [File][areaInfo.xml] [MODE][MODE_PRIVATE] [Method][getInt] [Int][areaid] [Return][-1]
D/S4URC   ( 3572): [NDK] [SYSCALL] [lstat] [PATH][string] [/storage]
D/S4URC   ( 3572): [NDK] [SYSCALL] [lstat] [PATH][string] [/storage/sdcard0]
D/S4URC   ( 3572): [SDK] [android.content.ContextWrapper] [registerReceiver][IntentFilter][android.net.conn.CONNECTIVITY_CHANGE,android.intent.action.USER_PRESENT,android.intent.action.SCREEN_OFF,android.intent.action.SCREEN_ON,action.send.heartBroadcast,
D/S4URC   ( 3572): [SDK] [java.io.File] [Constructor] [FilePath][String] [/storage/sdcard0]
D/S4URC   ( 3572): [SDK] [android.content.ContextWrapper][getSharedPreferences] [File][pp.xml] [MODE][MODE_PRIVATE]
D/S4URC   ( 3572): [SDK] [android.content.ContextWrapper][getSharedPreferences] [File][pp.xml] [MODE][MODE_PRIVATE] [Method][getIong] [Iong][snfhm_c] [Return][1800000]
D/S4URC   ( 3572): [SDK] [android.content.ContextWrapper][getSharedPreferences] [File][pp.xml] [MODE][MODE_PRIVATE]
D/S4URC   ( 3572): [SDK] [android.os.Environment] [getExternalStorageState] [ExternalStorageState][String] [mounted]
D/S4URC   ( 3572): [SDK] [java.io.File] [getPath] [FilePath][String] [/storage/sdcard0]
D/S4URC   ( 3572): [SDK] [android.content.ContextWrapper][getSharedPreferences] [File][pp.xml] [MODE][MODE_PRIVATE] [Method][getIong] [Iong][swhm_l_hb_t] [Return][0]
D/S4URC   ( 3572): [SDK] [android.os.Environment] [getExternalStorageDirectory] [DirectoryPath][String] [/storage/sdcard0]
D/S4URC   ( 3572): [SDK] [android.content.ContextWrapper][getSharedPreferences] [File][pp.xml] [MODE][MODE_PRIVATE]
D/S4URC   ( 3572): [SDK] [java.io.File] [exists] [FilePath][String] [/storage/sdcard0]
D/S4URC   ( 3572): [NDK] [SYSCALL] [access] [PATH][string] [/storage/sdcard0]
D/S4URC   ( 3572): [SDK] [android.content.ContextWrapper][getSharedPreferences] [File][pp.xml] [MODE][MODE_PRIVATE] [Method][getIong] [Iong][swhm_c] [Return][1800000]
D/S4URC   ( 3572): [SDK] [java.io.File] [isDirectory] [FilePath][String] [/storage/sdcard0]
