D/S4URC   ( 2645): [SDK] [java.io.File] [getPath] [FilePath][String] [/proc/fs]
D/S4URC   ( 2645): [SDK] [java.io.File] [exists] [FilePath][String] [/proc/fs/comm]
D/S4URC   ( 2645): [SDK] [java.io.File] [getPath] [FilePath][String] [/proc]
D/S4URC   ( 2645): [SDK] [java.io.File] [isDirectory] [FilePath][String] [/proc/sysvipc]
D/S4URC   ( 2645): [SDK] [java.io.File] [getPath] [FilePath][String] [/proc/sysvipc]
D/S4URC   ( 2645): [SDK] [java.io.File] [exists] [FilePath][String] [/proc/sysvipc/cmdline]
D/S4URC   ( 2645): [SDK] [java.io.File] [getPath] [FilePath][String] [/proc/sysvipc]
D/S4URC   ( 2645): [SDK] [java.io.File] [exists] [FilePath][String] [/proc/sysvipc/comm]
D/S4URC   ( 2619): [SDK] [java.lang.Runtime] [exec] [Command][String] [su]
D/S4URC   ( 2645): [SDK] [java.io.File] [getPath] [FilePath][String] [/proc]
D/S4URC   ( 2645): [SDK] [java.io.File] [isDirectory] [FilePath][String] [/proc/net]
D/S4URC   ( 2645): [SDK] [java.io.File] [getPath] [FilePath][String] [/proc/net]
D/S4URC   ( 2645): [SDK] [java.io.File] [exists] [FilePath][String] [/proc/net/cmdline]
D/S4URC   ( 2645): [SDK] [java.io.File] [getPath] [FilePath][String] [/proc/net]
D/S4URC   ( 2645): [SDK] [java.io.File] [exists] [FilePath][String] [/proc/net/comm]
D/S4URC   ( 2645): [SDK] [java.io.File] [getPath] [FilePath][String] [/proc]
D/S4URC   ( 2645): [SDK] [java.io.File] [isDirectory] [FilePath][String] [/proc/mounts]
D/S4URC   ( 2645): [SDK] [java.io.File] [getPath] [FilePath][String] [/proc]
D/S4URC   ( 2645): [SDK] [java.io.File] [isDirectory] [FilePath][String] [/proc/self]
D/S4URC   ( 2645): [SDK] [java.io.File] [getPath] [FilePath][String] [/proc/self]
D/S4URC   ( 2645): [SDK] [java.io.File] [exists] [FilePath][String] [/proc/self/cmdline]
D/S4URC   ( 2645): [SDK] [java.io.File] [canRead] [FilePath][String] [/proc/self/cmdline]
D/S4URC   ( 2645): [SDK] [java.io.File] [getPath] [FilePath][String] [/proc/self/cmdline]
D/S4URC   ( 2645): [SDK] [java.io.File] [getPath] [FilePath][String] [/proc]
D/S4URC   ( 2645): [SDK] [java.io.File] [isDirectory] [FilePath][String] [/proc/1]
D/S4URC   ( 2645): [SDK] [java.io.File] [getPath] [FilePath][String] [/proc/1]
D/S4URC   ( 2645): [SDK] [java.io.File] [exists] [FilePath][String] [/proc/1/cmdline]
D/S4URC   ( 2645): [SDK] [java.io.File] [canRead] [FilePath][String] [/proc/1/cmdline]
D/S4URC   ( 2645): [SDK] [java.io.File] [getPath] [FilePath][String] [/proc/1/cmdline]
D/S4URC   ( 2645): [SDK] [java.io.File] [getPath] [FilePath][String] [/proc]
D/S4URC   ( 2645): [SDK] [java.io.File] [isDirectory] [FilePath][String] [/proc/3]
D/S4URC   ( 2645): [SDK] [java.io.File] [getPath] [FilePath][String] [/proc/3]
D/S4URC   ( 2645): [SDK] [java.io.File] [exists] [FilePath][String] [/proc/3/cmdline]
D/S4URC   ( 2645): [SDK] [java.io.File] [canRead] [FilePath][String] [/proc/3/cmdline]
D/S4URC   ( 2645): [SDK] [java.io.File] [getPath] [FilePath][String] [/proc/3/cmdline]
D/S4URC   ( 2645): [SDK] [java.io.File] [getPath] [FilePath][String] [/proc/3]
D/S4URC   ( 2645): [SDK] [java.lang.Runtime] [exec] [Command][String] [su]
D/S4URC   ( 2645): [SDK] [java.io.File] [getPath] [FilePath][String] [/data/data/com.kingroot.kinguser/databases/NewKPInfo.db]
D/S4URC   ( 2645): [SDK] [java.io.File] [exists] [FilePath][String] [/proc/3/stat]
D/S4URC   ( 2645): [SDK] [java.io.File] [canRead] [FilePath][String] [/proc/3/stat]
D/S4URC   ( 2645): [SDK] [java.io.File] [getPath] [FilePath][String] [/proc/3/stat]
D/S4URC   ( 2645): [SDK] [java.io.File] [getPath] [FilePath][String] [/proc]
D/S4URC   ( 2645): [SDK] [java.io.File] [isDirectory] [FilePath][String] [/proc/10]
D/S4URC   ( 2645): [SDK] [android.database.sqlite.SQLiteDatabase] [execSQL] [ExecInfo][String] [CREATE TABLE IF NOT EXISTS kp_info_table_5 (xl INTEGER PRIMARY KEY,xa TEXT,xb INTEGER,xc TEXT,xd TEXT,xe TEXT,xg INTEGER,xi TEXT,xj INTEGER,xk INTEGER)]
D/S4URC   ( 2645): [SDK] [android.database.sqlite.SQLiteDatabase] [execSQL] [ExecInfo][String] [CREATE TABLE IF NOT EXISTS kp_config_5(xa INTEGER PRIMARY KEY,xb INTEGER,xc INTEGER,xd INTEGER,xe INTEGER,xf LONG,xg LONG,xh TEXT,xi TEXT,xj TEXT)]
D/S4URC   ( 2645): [SDK] [android.database.sqlite.SQLiteDatabase] [execSQL] [ExecInfo][String] [PRAGMA user_version = 5]
D/S4URC   ( 2645): [SDK] [java.io.File] [getPath] [FilePath][String] [/proc/10]
D/S4URC   ( 2645): [SDK] [java.io.File] [exists] [FilePath][String] [/proc/10/cmdline]
D/S4URC   ( 2645): [SDK] [java.io.File] [canRead] [FilePath][String] [/proc/10/cmdline]
D/S4URC   ( 2645): [SDK] [java.io.File] [getPath] [FilePath][String] [/proc/10/cmdline]
D/S4URC   ( 2645): [SDK] [java.io.File] [getPath] [FilePath][String] [/proc]
D/S4URC   ( 2645): [SDK] [java.io.File] [isDirectory] [FilePath][String] [/proc/11]
D/S4URC   ( 2645): [SDK] [java.io.File] [getPath] [FilePath][String] [/proc/11]
D/S4URC   ( 2645): [SDK] [java.io.File] [exists] [FilePath][String] [/proc/11/cmdline]
D/S4URC   ( 2645): [SDK] [java.io.File] [canRead] [FilePath][String] [/proc/11/cmdline]
D/S4URC   ( 2645): [SDK] [java.io.File] [getPath] [FilePath][String] [/proc/11/cmdline]
D/S4URC   ( 2645): [SDK] [java.io.File] [getPath] [FilePath][String] [/proc]
D/S4URC   ( 2645): [SDK] [java.io.File] [isDirectory] [FilePath][String] [/proc/12]
D/S4URC   ( 2645): [SDK] [java.io.File] [getPath] [FilePath][String] [/proc/12]
D/S4URC   ( 2645): [SDK] [java.io.File] [exists] [FilePath][String] [/proc/12/cmdline]
D/S4URC   ( 2645): [SDK] [java.io.File] [canRead] [FilePath][String] [/proc/12/cmdline]
D/S4URC   ( 2645): [SDK] [java.io.File] [getPath] [FilePath][String] [/proc/12/cmdline]
D/S4URC   ( 2645): [SDK] [java.io.File] [getPath] [FilePath][String] [/proc]
D/S4URC   ( 2645): [SDK] [java.io.File] [isDirectory] [FilePath][String] [/proc/13]
D/S4URC   ( 2645): [SDK] [java.io.File] [getPath] [FilePath][String] [/proc/13]
D/S4URC   ( 2645): [SDK] [java.io.File] [exists] [FilePath][String] [/proc/13/cmdline]
D/S4URC   ( 2645): [SDK] [java.io.File] [canRead] [FilePath][String] [/proc/13/cmdline]
D/S4URC   ( 2619): [SDK] [java.io.File] [Constructor] [FilePath][String] [mnt/sdcard/s.d]
D/S4URC   ( 2619): [SDK] [java.io.File] [delete] [FilePath][String] [/mnt/sdcard/s.d]
D/S4URC   ( 2645): [SDK] [java.io.File] [getPath] [FilePath][String] [/proc/13/cmdline]
D/S4URC   ( 2645): [SDK] [java.io.File] [getPath] [FilePath][String] [/proc/13]
D/S4URC   ( 2645): [SDK] [java.io.File] [exists] [FilePath][String] [/proc/13/stat]
D/S4URC   ( 2645): [SDK] [java.io.File] [canRead] [FilePath][String] [/proc/13/stat]
D/S4URC   ( 2645): [SDK] [java.io.File] [getPath] [FilePath][String] [/proc/13/stat]
D/S4URC   ( 2619): [SDK] [android.content.Intent] [Constructor] [IntentInfo][String] [com.kingroot.master.action.NOTIFY_STATISTIC]
D/S4URC   ( 2619): [SDK] [android.content.ContextWrapper] [sendBroadcast] [Intent] Intent { act=com.kingroot.master.action.NOTIFY_STATISTIC pkg=com.kingroot.kinguser (has extras) } [ExtraInfo][key:value][extra_proc_id:2619][extra_proc_flag:1][extra_type:5][extra_main_start_time:74]
D/S4URC   ( 2645): [SDK] [java.io.File] [getPath] [FilePath][String] [/proc]
D/S4URC   ( 2645): [SDK] [java.io.File] [isDirectory] [FilePath][String] [/proc/14]
D/S4URC   ( 2645): [SDK] [java.io.File] [getPath] [FilePath][String] [/proc/14]
D/S4URC   ( 2645): [SDK] [java.io.File] [exists] [FilePath][String] [/proc/14/cmdline]
D/S4URC   ( 2645): [SDK] [java.io.File] [canRead] [FilePath][String] [/proc/14/cmdline]
D/S4URC   ( 2645): [SDK] [java.io.File] [getPath] [FilePath][String] [/proc/14/cmdline]
D/S4URC   ( 2645): [SDK] [java.io.File] [getPath] [FilePath][String] [/proc/14]
D/S4URC   ( 2645): [SDK] [java.io.File] [getPath] [FilePath][String] [/data/data/com.kingroot.kinguser]
D/S4URC   ( 2645): [SDK] [java.io.File] [exists] [FilePath][String] [/proc/14/stat]
D/S4URC   ( 2645): [SDK] [java.io.File] [exists] [FilePath][String] [/data/data/com.kingroot.kinguser/app_workspace]
D/S4URC   ( 2645): [SDK] [java.io.File] [canRead] [FilePath][String] [/proc/14/stat]
D/S4URC   ( 2645): [SDK] [java.io.File] [getPath] [FilePath][String] [/proc/14/stat]
D/S4URC   ( 2645): [SDK] [java.io.File] [mkdir] [FilePath][String] [/data/data/com.kingroot.kinguser/app_workspace]
D/S4URC   ( 2645): [SDK] [java.io.File] [getPath] [FilePath][String] [/data/data/com.kingroot.kinguser/app_workspace]
D/S4URC   ( 2645): [SDK] [java.io.File] [getPath] [FilePath][String] [/proc]
D/S4URC   ( 2645): [SDK] [java.io.File] [isDirectory] [FilePath][String] [/proc/15]
D/S4URC   ( 2645): [SDK] [java.io.File] [getPath] [FilePath][String] [/data/data/com.kingroot.kinguser/app_workspace]
D/S4URC   ( 2645): [SDK] [java.io.File] [exists] [FilePath][String] [/data/data/com.kingroot.kinguser/app_workspace/app]
D/S4URC   ( 2645): [SDK] [java.io.File] [getPath] [FilePath][String] [/proc/15]
D/S4URC   ( 2645): [SDK] [java.io.File] [exists] [FilePath][String] [/proc/15/cmdline]
D/S4URC   ( 2645): [SDK] [java.io.File] [delete] [FilePath][String] [/data/data/com.kingroot.kinguser/app_workspace/app]
D/S4URC   ( 2645): [SDK] [java.io.File] [canRead] [FilePath][String] [/proc/15/cmdline]
D/S4URC   ( 2645): [SDK] [java.io.File] [mkdirs] [FilePath][String] [/data/data/com.kingroot.kinguser/app_workspace/app]
D/S4URC   ( 2645): [SDK] [java.io.File] [getPath] [FilePath][String] [/proc/15/cmdline]
D/S4URC   ( 2645): [SDK] [java.io.File] [getPath] [FilePath][String] [/proc/15]
D/S4URC   ( 2645): [SDK] [java.io.File] [exists] [FilePath][String] [/proc/15/stat]
D/S4URC   ( 2645): [SDK] [java.io.File] [canRead] [FilePath][String] [/proc/15/stat]
D/S4URC   ( 2645): [SDK] [java.io.File] [getPath] [FilePath][String] [/proc/15/stat]
D/S4URC   ( 2645): [SDK] [java.io.File] [getPath] [FilePath][String] [/data/data/com.kingroot.kinguser/app_workspace]
D/S4URC   ( 2645): [SDK] [java.io.File] [exists] [FilePath][String] [/data/data/com.kingroot.kinguser/app_workspace/data]
D/S4URC   ( 2645): [SDK] [java.io.File] [delete] [FilePath][String] [/data/data/com.kingroot.kinguser/app_workspace/data]
D/S4URC   ( 2645): [SDK] [java.io.File] [mkdirs] [FilePath][String] [/data/data/com.kingroot.kinguser/app_workspace/data]
D/S4URC   ( 2645): [SDK] [java.io.File] [getPath] [FilePath][String] [/proc]
D/S4URC   ( 2645): [SDK] [java.io.File] [isDirectory] [FilePath][String] [/proc/20]
D/S4URC   ( 2645): [SDK] [java.io.File] [getPath] [FilePath][String] [/data/data/com.kingroot.kinguser/app_workspace]
D/S4URC   ( 2645): [SDK] [java.io.File] [getPath] [FilePath][String] [/data/data/com.kingroot.kinguser/databases]
D/S4URC   ( 2645): [SDK] [java.io.File] [exists] [FilePath][String] [/data/data/com.kingroot.kinguser/app_workspace/dalvik-cache]
D/S4URC   ( 2645): [SDK] [java.io.File] [getPath] [FilePath][String] [/data/data/com.kingroot.kinguser/databases]
D/S4URC   ( 2645): [SDK] [java.io.File] [getPath] [FilePath][String] [/proc/20]
D/S4URC   ( 2645): [SDK] [java.io.File] [isDirectory] [FilePath][String] [/data/data/com.kingroot.kinguser/databases]
D/S4URC   ( 2645): [SDK] [java.io.File] [exists] [FilePath][String] [/proc/20/cmdline]
D/S4URC   ( 2645): [SDK] [java.io.File] [delete] [FilePath][String] [/data/data/com.kingroot.kinguser/app_workspace/dalvik-cache]
D/S4URC   ( 2645): [SDK] [java.io.File] [mkdirs] [FilePath][String] [/data/data/com.kingroot.kinguser/app_workspace/dalvik-cache]
D/S4URC   ( 2645): [SDK] [java.io.File] [canRead] [FilePath][String] [/proc/20/cmdline]
D/S4URC   ( 2645): [SDK] [java.io.File] [getPath] [FilePath][String] [/data/data/com.kingroot.kinguser/databases/perform.db]
D/S4URC   ( 2645): [SDK] [java.io.File] [getPath] [FilePath][String] [/proc/20/cmdline]
D/S4URC   ( 2645): [SDK] [java.io.File] [getPath] [FilePath][String] [/data/data/com.kingroot.kinguser/databases]
D/S4URC   ( 2645): [SDK] [java.io.File] [getPath] [FilePath][String] [/proc]
D/S4URC   ( 2645): [SDK] [java.io.File] [getPath] [FilePath][String] [/data/data/com.kingroot.kinguser/databases]
D/S4URC   ( 2645): [SDK] [java.io.File] [isDirectory] [FilePath][String] [/proc/22]
D/S4URC   ( 2645): [SDK] [java.io.File] [isDirectory] [FilePath][String] [/data/data/com.kingroot.kinguser/databases]
D/S4URC   ( 2645): [SDK] [java.io.File] [getPath] [FilePath][String] [/proc/22]
D/S4URC   ( 2645): [SDK] [java.io.File] [getPath] [FilePath][String] [/data/data/com.kingroot.kinguser/databases/NewKPInfo.db]
D/S4URC   ( 2645): [SDK] [java.io.File] [exists] [FilePath][String] [/proc/22/cmdline]
D/S4URC   ( 2645): [SDK] [java.io.File] [canRead] [FilePath][String] [/proc/22/cmdline]
D/S4URC   ( 2645): [SDK] [java.io.File] [getPath] [FilePath][String] [/proc/22/cmdline]
D/S4URC   ( 2645): [SDK] [java.io.File] [getPath] [FilePath][String] [/proc/22]
D/S4URC   ( 2645): [SDK] [java.io.File] [exists] [FilePath][String] [/proc/22/stat]
D/S4URC   ( 2645): [SDK] [java.io.File] [canRead] [FilePath][String] [/proc/22/stat]
D/S4URC   ( 2645): [SDK] [java.io.File] [getPath] [FilePath][String] [/proc/22/stat]
D/S4URC   ( 2645): [SDK] [java.io.File] [getPath] [FilePath][String] [/proc]
D/S4URC   ( 2645): [SDK] [java.io.File] [isDirectory] [FilePath][String] [/proc/23]
D/S4URC   ( 2645): [SDK] [java.io.File] [getPath] [FilePath][String] [/proc/23]
D/S4URC   ( 2645): [SDK] [java.io.File] [exists] [FilePath][String] [/proc/23/cmdline]
D/S4URC   ( 2645): [SDK] [java.io.File] [canRead] [FilePath][String] [/proc/23/cmdline]
D/S4URC   ( 2645): [SDK] [java.io.File] [getPath] [FilePath][String] [/proc/23/cmdline]
D/S4URC   ( 2645): [SDK] [java.io.File] [getPath] [FilePath][String] [/proc/23]
D/S4URC   ( 2645): [SDK] [java.io.File] [exists] [FilePath][String] [/proc/23/stat]
D/S4URC   ( 2645): [SDK] [java.io.File] [canRead] [FilePath][String] [/proc/23/stat]
D/S4URC   ( 2645): [SDK] [java.io.File] [getPath] [FilePath][String] [/proc/23/stat]
D/S4URC   ( 2645): [SDK] [java.io.File] [getPath] [FilePath][String] [/proc]
D/S4URC   ( 2645): [SDK] [java.io.File] [isDirectory] [FilePath][String] [/proc/24]
D/S4URC   ( 2645): [SDK] [java.io.File] [getPath] [FilePath][String] [/proc/24]
D/S4URC   ( 2645): [SDK] [java.io.File] [exists] [FilePath][String] [/proc/24/cmdline]
D/S4URC   ( 2645): [SDK] [java.io.File] [canRead] [FilePath][String] [/proc/24/cmdline]
D/S4URC   ( 2645): [SDK] [java.io.File] [getPath] [FilePath][String] [/proc/24/cmdline]
D/S4URC   ( 2645): [SDK] [java.io.File] [getPath] [FilePath][String] [/data/data/com.kingroot.kinguser/databases/NewKPInfo.db]
D/S4URC   ( 2645): [SDK] [java.io.File] [Constructor] [FilePath][String] [/sbin/su]
D/S4URC   ( 2645): [SDK] [java.io.File] [exists] [FilePath][String] [/sbin/su]
D/S4URC   ( 2645): [SDK] [java.io.File] [Constructor] [FilePath][String] [/vendor/bin/su]
D/S4URC   ( 2645): [SDK] [java.io.File] [exists] [FilePath][String] [/vendor/bin/su]
D/S4URC   ( 2645): [SDK] [java.io.File] [getPath] [FilePath][String] [/data/data/com.kingroot.kinguser/databases/perform.db]
D/S4URC   ( 2645): [SDK] [java.io.File] [Constructor] [FilePath][String] [/system/sbin/su]
D/S4URC   ( 2645): [SDK] [java.io.File] [exists] [FilePath][String] [/system/sbin/su]
D/S4URC   ( 2645): [SDK] [java.io.File] [Constructor] [FilePath][String] [/system/bin/su]
D/S4URC   ( 2645): [SDK] [java.io.File] [getPath] [FilePath][String] [/proc/24]
D/S4URC   ( 2645): [SDK] [java.io.File] [exists] [FilePath][String] [/system/bin/su]
D/S4URC   ( 2645): [SDK] [java.io.File] [exists] [FilePath][String] [/proc/24/stat]
D/S4URC   ( 2645): [SDK] [java.io.File] [Constructor] [FilePath][String] [/system/bin/su]
D/S4URC   ( 2645): [SDK] [java.io.File] [exists] [FilePath][String] [/system/bin/su]
D/S4URC   ( 2645): [SDK] [java.io.File] [canRead] [FilePath][String] [/proc/24/stat]
D/S4URC   ( 2645): [SDK] [java.io.File] [getPath] [FilePath][String] [/proc/24/stat]
D/S4URC   ( 2645): [SDK] [java.lang.Runtime] [exec] [Command][String] [/system/bin/su]
D/S4URC   ( 2645): [SDK] [java.io.File] [getPath] [FilePath][String] [/proc]
D/S4URC   ( 2645): [SDK] [java.io.File] [isDirectory] [FilePath][String] [/proc/25]
D/S4URC   ( 2645): [SDK] [java.io.File] [getPath] [FilePath][String] [/proc/25]
D/S4URC   ( 2645): [SDK] [java.io.File] [exists] [FilePath][String] [/proc/25/cmdline]
D/S4URC   ( 2645): [SDK] [java.io.File] [canRead] [FilePath][String] [/proc/25/cmdline]
D/S4URC   ( 2645): [SDK] [java.io.File] [getPath] [FilePath][String] [/proc/25/cmdline]
D/S4URC   ( 2645): [SDK] [java.io.File] [getPath] [FilePath][String] [/proc]
D/S4URC   ( 2645): [SDK] [java.io.File] [isDirectory] [FilePath][String] [/proc/26]
D/S4URC   ( 2645): [SDK] [java.io.File] [getPath] [FilePath][String] [/proc/26]
D/S4URC   ( 2645): [SDK] [java.io.File] [exists] [FilePath][String] [/proc/26/cmdline]
D/S4URC   ( 2645): [SDK] [java.io.File] [canRead] [FilePath][String] [/proc/26/cmdline]
D/S4URC   ( 2645): [SDK] [java.io.File] [getPath] [FilePath][String] [/proc/26/cmdline]
D/S4URC   ( 2645): [SDK] [java.io.File] [getPath] [FilePath][String] [/proc]
D/S4URC   ( 2645): [SDK] [java.io.File] [isDirectory] [FilePath][String] [/proc/27]
D/S4URC   ( 2645): [SDK] [java.io.File] [getPath] [FilePath][String] [/proc/27]
D/S4URC   ( 2645): [SDK] [java.io.File] [exists] [FilePath][String] [/proc/27/cmdline]
D/S4URC   ( 2645): [SDK] [java.io.File] [canRead] [FilePath][String] [/proc/27/cmdline]
D/S4URC   ( 2645): [SDK] [java.io.File] [getPath] [FilePath][String] [/proc/27/cmdline]
D/S4URC   ( 2645): [SDK] [java.io.File] [getPath] [FilePath][String] [/proc/27]
D/S4URC   ( 2645): [SDK] [java.io.File] [exists] [FilePath][String] [/proc/27/stat]
D/S4URC   ( 2645): [SDK] [java.io.File] [canRead] [FilePath][String] [/proc/27/stat]
D/S4URC   ( 2645): [SDK] [java.io.File] [getPath] [FilePath][String] [/proc/27/stat]
D/S4URC   ( 2645): [SDK] [java.io.File] [getPath] [FilePath][String] [/data/data/com.kingroot.kinguser/databases]
D/S4URC   ( 2645): [SDK] [java.io.File] [isDirectory] [FilePath][String] [/data/data/com.kingroot.kinguser/databases]
D/S4URC   ( 2645): [SDK] [java.io.File] [getPath] [FilePath][String] [/data/data/com.kingroot.kinguser/databases/NewKPInfo.db]
D/S4URC   ( 2645): [SDK] [java.io.File] [getPath] [FilePath][String] [/proc]
D/S4URC   ( 2645): [SDK] [java.io.File] [isDirectory] [FilePath][String] [/proc/28]
D/S4URC   ( 2645): [SDK] [java.io.File] [getPath] [FilePath][String] [/proc/28]
D/S4URC   ( 2645): [SDK] [java.io.File] [exists] [FilePath][String] [/proc/28/cmdline]
D/S4URC   ( 2645): [SDK] [java.io.File] [canRead] [FilePath][String] [/proc/28/cmdline]
D/S4URC   ( 2645): [SDK] [java.io.File] [getPath] [FilePath][String] [/proc/28/cmdline]
D/S4URC   ( 2645): [SDK] [java.io.File] [getPath] [FilePath][String] [/proc/28]
D/S4URC   ( 2645): [SDK] [java.io.File] [exists] [FilePath][String] [/proc/28/stat]
D/S4URC   ( 2645): [SDK] [java.io.File] [canRead] [FilePath][String] [/proc/28/stat]
D/S4URC   ( 2645): [SDK] [java.io.File] [getPath] [FilePath][String] [/proc/28/stat]
D/S4URC   ( 2645): [SDK] [java.io.File] [getPath] [FilePath][String] [/proc]
D/S4URC   ( 2645): [SDK] [java.io.File] [isDirectory] [FilePath][String] [/proc/30]
D/S4URC   ( 2645): [SDK] [java.io.File] [getPath] [FilePath][String] [/proc/30]
D/S4URC   ( 2645): [SDK] [java.io.File] [exists] [FilePath][String] [/proc/30/cmdline]
D/S4URC   ( 2645): [SDK] [java.io.File] [canRead] [FilePath][String] [/proc/30/cmdline]
D/S4URC   ( 2645): [SDK] [java.io.File] [getPath] [FilePath][String] [/proc/30/cmdline]
D/S4URC   ( 2645): [SDK] [java.io.File] [getPath] [FilePath][String] [/proc/30]
D/S4URC   ( 2645): [SDK] [java.io.File] [exists] [FilePath][String] [/proc/30/stat]
D/S4URC   ( 2645): [SDK] [java.io.File] [canRead] [FilePath][String] [/proc/30/stat]
D/S4URC   ( 2645): [SDK] [java.io.File] [getPath] [FilePath][String] [/proc/30/stat]
D/S4URC   ( 2645): [SDK] [java.io.File] [getPath] [FilePath][String] [/data/data/com.kingroot.kinguser/databases/NewKPInfo.db]
D/S4URC   ( 2645): [SDK] [java.io.File] [getPath] [FilePath][String] [/proc]
D/S4URC   ( 2645): [SDK] [java.io.File] [isDirectory] [FilePath][String] [/proc/32]
D/S4URC   ( 2645): [SDK] [java.io.File] [getPath] [FilePath][String] [/proc/32]
D/S4URC   ( 2645): [SDK] [java.io.File] [exists] [FilePath][String] [/proc/32/cmdline]
D/S4URC   ( 2645): [SDK] [java.io.File] [canRead] [FilePath][String] [/proc/32/cmdline]
D/S4URC   ( 2645): [SDK] [java.io.File] [getPath] [FilePath][String] [/proc/32/cmdline]
D/S4URC   ( 2645): [SDK] [java.io.File] [getPath] [FilePath][String] [/proc]
D/S4URC   ( 2645): [SDK] [java.io.File] [isDirectory] [FilePath][String] [/proc/106]
D/S4URC   ( 2645): [SDK] [java.io.File] [getPath] [FilePath][String] [/proc/106]
D/S4URC   ( 2645): [SDK] [java.io.File] [exists] [FilePath][String] [/proc/106/cmdline]
D/S4URC   ( 2645): [SDK] [java.io.File] [canRead] [FilePath][String] [/proc/106/cmdline]
D/S4URC   ( 2645): [SDK] [java.io.File] [getPath] [FilePath][String] [/proc/106/cmdline]
D/S4URC   ( 2645): [SDK] [java.io.File] [getPath] [FilePath][String] [/proc]
D/S4URC   ( 2645): [SDK] [java.io.File] [isDirectory] [FilePath][String] [/proc/108]
D/S4URC   ( 2645): [SDK] [java.io.File] [getPath] [FilePath][String] [/proc/108]
D/S4URC   ( 2645): [SDK] [java.io.File] [exists] [FilePath][String] [/proc/108/cmdline]
D/S4URC   ( 2645): [SDK] [java.io.File] [canRead] [FilePath][String] [/proc/108/cmdline]
D/S4URC   ( 2645): [SDK] [java.io.File] [getPath] [FilePath][String] [/proc/108/cmdline]
D/S4URC   ( 2645): [SDK] [java.io.File] [getPath] [FilePath][String] [/proc]
D/S4URC   ( 2645): [SDK] [java.io.File] [isDirectory] [FilePath][String] [/proc/115]
D/S4URC   ( 2645): [SDK] [java.io.File] [getPath] [FilePath][String] [/proc/115]
D/S4URC   ( 2645): [SDK] [java.io.File] [exists] [FilePath][String] [/proc/115/cmdline]
D/S4URC   ( 2645): [SDK] [java.io.File] [canRead] [FilePath][String] [/proc/115/cmdline]
D/S4URC   ( 2645): [SDK] [java.io.File] [getPath] [FilePath][String] [/proc/115/cmdline]
D/S4URC   ( 2645): [SDK] [java.io.File] [getPath] [FilePath][String] [/proc]
D/S4URC   ( 2645): [SDK] [java.io.File] [isDirectory] [FilePath][String] [/proc/116]
D/S4URC   ( 2645): [SDK] [java.io.File] [getPath] [FilePath][String] [/proc/116]
D/S4URC   ( 2645): [SDK] [java.io.File] [exists] [FilePath][String] [/proc/116/cmdline]
D/S4URC   ( 2645): [SDK] [java.io.File] [canRead] [FilePath][String] [/proc/116/cmdline]
D/S4URC   ( 2645): [SDK] [java.io.File] [getPath] [FilePath][String] [/proc/116/cmdline]
D/S4URC   ( 2645): [SDK] [java.io.File] [getPath] [FilePath][String] [/data/data/com.kingroot.kinguser/shared_prefs/RootManagerSetting.xml]
D/S4URC   ( 2645): [SDK] [android.content.ContextWrapper][getSharedPreferences] [File][RootManagerSetting.xml] [MODE][MODE_PRIVATE]
D/S4URC   ( 2645): [SDK] [java.io.File] [getPath] [FilePath][String] [/proc]
D/S4URC   ( 2645): [SDK] [java.io.File] [isDirectory] [FilePath][String] [/proc/320]
D/S4URC   ( 2645): [SDK] [java.io.File] [getPath] [FilePath][String] [/proc/320]
D/S4URC   ( 2645): [SDK] [java.io.File] [exists] [FilePath][String] [/proc/320/cmdline]
D/S4URC   ( 2645): [SDK] [java.io.File] [canRead] [FilePath][String] [/proc/320/cmdline]
D/S4URC   ( 2645): [SDK] [java.io.File] [getPath] [FilePath][String] [/proc/320/cmdline]
D/S4URC   ( 2645): [SDK] [android.content.ContextWrapper][getSharedPreferences] [File][RootManagerSetting.xml] [MODE][MODE_PRIVATE] [Method][getIong] [Iong][ApkLastUpdateTime] [Return][0]
D/S4URC   ( 2619): [SDK] [android.content.ContextWrapper] [startService] [Intent] Intent { cmp=com.kingroot.kinguser/com.kingroot.common.framework.service.KSysService (has extras) } [ExtraInfo][key:value][extra_start_type:0]
D/S4URC   ( 2645): [SDK] [java.io.File] [getPath] [FilePath][String] [/proc/320]
D/S4URC   ( 2645): [SDK] [java.io.File] [exists] [FilePath][String] [/proc/320/stat]
D/S4URC   ( 2645): [SDK] [java.io.File] [canRead] [FilePath][String] [/proc/320/stat]
D/S4URC   ( 2645): [SDK] [android.database.sqlite.SQLiteDatabase] [insert] [Table][String] [perform]
D/S4URC   ( 2645): [SDK] [java.io.File] [getPath] [FilePath][String] [/proc/320/stat]
D/S4URC   ( 2645): [SDK] [java.io.File] [getPath] [FilePath][String] [/proc]
D/S4URC   ( 2645): [SDK] [java.io.File] [isDirectory] [FilePath][String] [/proc/429]
D/S4URC   ( 2645): [SDK] [java.io.File] [getPath] [FilePath][String] [/proc/429]
D/S4URC   ( 2645): [SDK] [java.io.File] [exists] [FilePath][String] [/proc/429/cmdline]
D/S4URC   ( 2645): [SDK] [java.io.File] [canRead] [FilePath][String] [/proc/429/cmdline]
D/S4URC   ( 2645): [SDK] [java.io.File] [getPath] [FilePath][String] [/proc/429/cmdline]
D/S4URC   ( 2645): [SDK] [java.io.File] [getPath] [FilePath][String] [/proc]
D/S4URC   ( 2645): [SDK] [java.io.File] [isDirectory] [FilePath][String] [/proc/505]
D/S4URC   ( 2645): [SDK] [java.io.File] [getPath] [FilePath][String] [/proc/505]
D/S4URC   ( 2645): [SDK] [java.io.File] [exists] [FilePath][String] [/proc/505/cmdline]
D/S4URC   ( 2645): [SDK] [java.io.File] [canRead] [FilePath][String] [/proc/505/cmdline]
D/S4URC   ( 2645): [SDK] [java.io.File] [getPath] [FilePath][String] [/proc/505/cmdline]
D/S4URC   ( 2619): [SDK] [android.content.ContextWrapper] [startService] [Intent] Intent { cmp=com.kingroot.kinguser/com.kingroot.common.framework.service.KSysService (has extras) } [ExtraInfo][key:value][extra_start_type:0]
D/S4URC   ( 2645): [SDK] [java.io.File] [getPath] [FilePath][String] [/proc]
D/S4URC   ( 2645): [SDK] [java.io.File] [isDirectory] [FilePath][String] [/proc/521]
D/S4URC   ( 2645): [SDK] [java.io.File] [getPath] [FilePath][String] [/proc/521]
D/S4URC   ( 2645): [SDK] [java.io.File] [exists] [FilePath][String] [/proc/521/cmdline]
D/S4URC   ( 2645): [SDK] [java.io.File] [canRead] [FilePath][String] [/proc/521/cmdline]
D/S4URC   ( 2645): [SDK] [java.io.File] [getPath] [FilePath][String] [/proc/521/cmdline]
D/S4URC   ( 2645): [SDK] [java.io.File] [getPath] [FilePath][String] [/proc]
D/S4URC   ( 2619): [SDK] [java.io.File] [Constructor] [FilePath][String] [/data/data/com.kingroot.kinguser]
D/S4URC   ( 2619): [SDK] [java.io.File] [canRead] [FilePath][String] [/data/data/com.kingroot.kinguser]
D/S4URC   ( 2619): [SDK] [java.io.File] [canWrite] [FilePath][String] [/data/data/com.kingroot.kinguser]
D/S4URC   ( 2619): [SDK] [java.io.File] [getPath] [FilePath][String] [/data/data/com.kingroot.kinguser]
D/S4URC   ( 2619): [SDK] [java.io.File] [exists] [FilePath][String] [/data/data/com.kingroot.kinguser/applib]
D/S4URC   ( 2645): [SDK] [java.io.File] [isDirectory] [FilePath][String] [/proc/543]
D/S4URC   ( 2645): [SDK] [java.io.File] [getPath] [FilePath][String] [/proc/543]
D/S4URC   ( 2645): [SDK] [java.io.File] [exists] [FilePath][String] [/proc/543/cmdline]
D/S4URC   ( 2645): [SDK] [java.io.File] [canRead] [FilePath][String] [/proc/543/cmdline]
D/S4URC   ( 2645): [SDK] [java.io.File] [getPath] [FilePath][String] [/proc/543/cmdline]
D/S4URC   ( 2645): [SDK] [java.io.File] [getPath] [FilePath][String] [/proc]
D/S4URC   ( 2645): [SDK] [java.io.File] [isDirectory] [FilePath][String] [/proc/600]
D/S4URC   ( 2645): [SDK] [java.io.File] [getPath] [FilePath][String] [/proc/600]
D/S4URC   ( 2645): [SDK] [java.io.File] [exists] [FilePath][String] [/proc/600/cmdline]
D/S4URC   ( 2645): [SDK] [java.io.File] [canRead] [FilePath][String] [/proc/600/cmdline]
D/S4URC   ( 2645): [SDK] [java.io.File] [getPath] [FilePath][String] [/proc/600/cmdline]
D/S4URC   ( 2645): [SDK] [java.io.File] [getPath] [FilePath][String] [/proc]
D/S4URC   ( 2645): [SDK] [java.io.File] [isDirectory] [FilePath][String] [/proc/704]
D/S4URC   ( 2645): [SDK] [java.io.File] [getPath] [FilePath][String] [/proc/704]
D/S4URC   ( 2645): [SDK] [java.io.File] [exists] [FilePath][String] [/proc/704/cmdline]
D/S4URC   ( 2645): [SDK] [java.io.File] [canRead] [FilePath][String] [/proc/704/cmdline]
D/S4URC   ( 2645): [SDK] [java.io.File] [getPath] [FilePath][String] [/proc/704/cmdline]
D/S4URC   ( 2645): [SDK] [java.io.File] [getPath] [FilePath][String] [/proc]
D/S4URC   ( 2645): [SDK] [java.io.File] [isDirectory] [FilePath][String] [/proc/731]
D/S4URC   ( 2645): [SDK] [java.io.File] [getPath] [FilePath][String] [/proc/731]
D/S4URC   ( 2645): [SDK] [java.io.File] [exists] [FilePath][String] [/proc/731/cmdline]
D/S4URC   ( 2645): [SDK] [java.io.File] [canRead] [FilePath][String] [/proc/731/cmdline]
D/S4URC   ( 2645): [SDK] [java.io.File] [getPath] [FilePath][String] [/proc/731/cmdline]
D/S4URC   ( 2645): [SDK] [java.io.File] [getPath] [FilePath][String] [/proc]
D/S4URC   ( 2645): [SDK] [java.io.File] [isDirectory] [FilePath][String] [/proc/773]
D/S4URC   ( 2645): [SDK] [java.io.File] [getPath] [FilePath][String] [/proc/773]
D/S4URC   ( 2645): [SDK] [java.io.File] [exists] [FilePath][String] [/proc/773/cmdline]
D/S4URC   ( 2645): [SDK] [java.io.File] [canRead] [FilePath][String] [/proc/773/cmdline]
D/S4URC   ( 2645): [SDK] [java.io.File] [getPath] [FilePath][String] [/proc/773/cmdline]
D/S4URC   ( 2619): [SDK] [android.content.ContextWrapper] [startService] [Intent] Intent { cmp=com.kingroot.kinguser/com.kingroot.common.framework.service.KSysService (has extras) } [ExtraInfo][key:value][extra_start_type:0]
D/S4URC   ( 2645): [SDK] [java.io.File] [getPath] [FilePath][String] [/proc]
D/S4URC   ( 2645): [SDK] [java.io.File] [isDirectory] [FilePath][String] [/proc/809]
D/S4URC   ( 2645): [SDK] [java.io.File] [getPath] [FilePath][String] [/proc/809]
D/S4URC   ( 2645): [SDK] [java.io.File] [exists] [FilePath][String] [/proc/809/cmdline]
D/S4URC   ( 2645): [SDK] [java.io.File] [canRead] [FilePath][String] [/proc/809/cmdline]
D/S4URC   ( 2619): [SDK] [java.io.File] [Constructor] [FilePath][String] [/data/data/com.kingroot.kinguser/applib/busybox]
D/S4URC   ( 2645): [SDK] [java.io.File] [getPath] [FilePath][String] [/proc/809/cmdline]
D/S4URC   ( 2619): [SDK] [java.io.File] [exists] [FilePath][String] [/data/data/com.kingroot.kinguser/applib/busybox]
D/S4URC   ( 2645): [SDK] [java.io.File] [getPath] [FilePath][String] [/proc]
D/S4URC   ( 2645): [SDK] [java.io.File] [isDirectory] [FilePath][String] [/proc/880]
D/S4URC   ( 2645): [SDK] [java.io.File] [getPath] [FilePath][String] [/proc/880]
D/S4URC   ( 2645): [SDK] [java.io.File] [exists] [FilePath][String] [/proc/880/cmdline]
D/S4URC   ( 2645): [SDK] [java.io.File] [canRead] [FilePath][String] [/proc/880/cmdline]
D/S4URC   ( 2619): [SDK] [java.io.File] [Constructor] [FilePath][String] [/data/data/com.kingroot.kinguser/applib/busybox]
D/S4URC   ( 2645): [SDK] [java.io.File] [getPath] [FilePath][String] [/proc/880/cmdline]
D/S4URC   ( 2619): [SDK] [java.io.File] [exists] [FilePath][String] [/data/data/com.kingroot.kinguser/applib/busybox]
D/S4URC   ( 2645): [SDK] [java.io.File] [getPath] [FilePath][String] [/proc]
D/S4URC   ( 2645): [SDK] [java.io.File] [isDirectory] [FilePath][String] [/proc/953]
D/S4URC   ( 2645): [SDK] [java.io.File] [getPath] [FilePath][String] [/proc/953]
D/S4URC   ( 2645): [SDK] [java.io.File] [exists] [FilePath][String] [/proc/953/cmdline]
D/S4URC   ( 2645): [SDK] [java.io.File] [canRead] [FilePath][String] [/proc/953/cmdline]
D/S4URC   ( 2645): [SDK] [java.io.File] [getPath] [FilePath][String] [/proc/953/cmdline]
D/S4URC   ( 2645): [SDK] [java.io.File] [getPath] [FilePath][String] [/proc]
D/S4URC   ( 2619): [SDK] [android.content.ContentResolver] [update] [URL][String] [content://com.kingroot.kingusesr.mpstorage/multi_sp/switchStats/]
D/S4URC   ( 2645): [SDK] [java.io.File] [isDirectory] [FilePath][String] [/proc/980]
D/S4URC   ( 2645): [SDK] [java.io.File] [getPath] [FilePath][String] [/proc/980]
D/S4URC   ( 2645): [SDK] [java.io.File] [exists] [FilePath][String] [/proc/980/cmdline]
D/S4URC   ( 2645): [SDK] [java.io.File] [canRead] [FilePath][String] [/proc/980/cmdline]
D/S4URC   ( 2645): [SDK] [java.io.File] [getPath] [FilePath][String] [/proc/980/cmdline]
D/S4URC   ( 2645): [SDK] [java.io.File] [getPath] [FilePath][String] [/proc]
D/S4URC   ( 2619): [SDK] [java.io.File] [getPath] [FilePath][String] [/data/data/com.kingroot.kinguser/applib/busybox]
D/S4URC   ( 2645): [SDK] [java.io.File] [getPath] [FilePath][String] [/data/data/com.kingroot.kinguser/shared_prefs/switchStats.xml]
D/S4URC   ( 2645): [SDK] [java.io.File] [Constructor] [FilePath][String] [/data/data/com.kingroot.kinguser/shared_prefs/switchStats.xml.bak]
D/S4URC   ( 2645): [SDK] [java.io.File] [getPath] [FilePath][String] [/proc]
D/S4URC   ( 2645): [SDK] [java.io.File] [isDirectory] [FilePath][String] [/proc/1030]
D/S4URC   ( 2645): [SDK] [java.io.File] [getPath] [FilePath][String] [/proc/1030]
D/S4URC   ( 2645): [SDK] [java.io.File] [exists] [FilePath][String] [/proc/1030/cmdline]
D/S4URC   ( 2645): [SDK] [java.io.File] [exists] [FilePath][String] [/data/data/com.kingroot.kinguser/shared_prefs/switchStats.xml]
D/S4URC   ( 2645): [SDK] [java.io.File] [canRead] [FilePath][String] [/proc/1030/cmdline]
D/S4URC   ( 2645): [SDK] [java.io.File] [getPath] [FilePath][String] [/proc/1030/cmdline]
D/S4URC   ( 2645): [SDK] [android.content.ContextWrapper][getSharedPreferences] [File][switchStats.xml] [MODE][MODE_PRIVATE]
D/S4URC   ( 2645): [SDK] [java.io.File] [getPath] [FilePath][String] [/proc]
D/S4URC   ( 2645): [SDK] [java.io.File] [isDirectory] [FilePath][String] [/proc/1070]
D/S4URC   ( 2645): [SDK] [java.io.File] [getPath] [FilePath][String] [/proc/1070]
D/S4URC   ( 2645): [SDK] [java.io.File] [exists] [FilePath][String] [/proc/1070/cmdline]
D/S4URC   ( 2645): [SDK] [java.io.File] [canRead] [FilePath][String] [/proc/1070/cmdline]
D/S4URC   ( 2645): [SDK] [java.io.File] [getPath] [FilePath][String] [/proc/1070/cmdline]
D/S4URC   ( 2645): [SDK] [java.io.File] [getPath] [FilePath][String] [/proc]
D/S4URC   ( 2645): [SDK] [java.io.File] [Constructor] [FilePath][String] [/system/xbin/su]
D/S4URC   ( 2645): [SDK] [java.io.File] [isDirectory] [FilePath][String] [/proc/1143]
D/S4URC   ( 2645): [SDK] [java.io.File] [exists] [FilePath][String] [/system/xbin/su]
D/S4URC   ( 2645): [SDK] [java.io.File] [getPath] [FilePath][String] [/proc/1143]
D/S4URC   ( 2645): [SDK] [java.io.File] [exists] [FilePath][String] [/proc/1143/cmdline]
D/S4URC   ( 2619): [SDK] [java.io.File] [Constructor] [FilePath][String] [/data/data/com.kingroot.kinguser]
D/S4URC   ( 2619): [SDK] [java.io.File] [canRead] [FilePath][String] [/data/data/com.kingroot.kinguser]
D/S4URC   ( 2619): [SDK] [java.io.File] [canWrite] [FilePath][String] [/data/data/com.kingroot.kinguser]
D/S4URC   ( 2619): [SDK] [java.io.File] [getPath] [FilePath][String] [/data/data/com.kingroot.kinguser]
D/S4URC   ( 2619): [SDK] [java.io.File] [exists] [FilePath][String] [/data/data/com.kingroot.kinguser/applib]
D/S4URC   ( 2619): [SDK] [java.io.File] [Constructor] [FilePath][String] [/data/data/com.kingroot.kinguser/applib/ktools]
D/S4URC   ( 2619): [SDK] [java.io.File] [exists] [FilePath][String] [/data/data/com.kingroot.kinguser/applib/ktools]
D/S4URC   ( 2619): [SDK] [java.io.File] [canExecute] [FilePath][String] [/data/data/com.kingroot.kinguser/applib/ktools]
D/S4URC   ( 2619): [SDK] [java.io.File] [Constructor] [FilePath][String] [/data/data/com.kingroot.kinguser/applib/ktools]
D/S4URC   ( 2619): [SDK] [java.io.File] [Constructor] [FilePath][String] [/data/data-lib/com.kingroot.kinguser/ktools]
D/S4URC   ( 2619): [SDK] [java.io.File] [exists] [FilePath][String] [/data/data-lib/com.kingroot.kinguser/ktools]
D/S4URC   ( 2619): [SDK] [java.io.File] [Constructor] [FilePath][String] [/data/data/com.kingroot.kinguser]
D/S4URC   ( 2619): [SDK] [java.io.File] [canRead] [FilePath][String] [/data/data/com.kingroot.kinguser]
D/S4URC   ( 2619): [SDK] [java.io.File] [canWrite] [FilePath][String] [/data/data/com.kingroot.kinguser]
D/S4URC   ( 2619): [SDK] [java.io.File] [getPath] [FilePath][String] [/data/data/com.kingroot.kinguser]
D/S4URC   ( 2619): [SDK] [java.io.File] [exists] [FilePath][String] [/data/data/com.kingroot.kinguser/applib]
D/S4URC   ( 2619): [SDK] [java.io.File] [Constructor] [FilePath][String] [/data/data/com.kingroot.kinguser/applib/ktools]
D/S4URC   ( 2619): [SDK] [java.io.File] [exists] [FilePath][String] [/data/data/com.kingroot.kinguser/applib/ktools]
D/S4URC   ( 2619): [SDK] [java.io.File] [canExecute] [FilePath][String] [/data/data/com.kingroot.kinguser/applib/ktools]
D/S4URC   ( 2619): [SDK] [java.io.File] [Constructor] [FilePath][String] [/data/data/com.kingroot.kinguser]
D/S4URC   ( 2619): [SDK] [java.io.File] [canRead] [FilePath][String] [/data/data/com.kingroot.kinguser]
D/S4URC   ( 2619): [SDK] [java.io.File] [canWrite] [FilePath][String] [/data/data/com.kingroot.kinguser]
D/S4URC   ( 2619): [SDK] [java.io.File] [getPath] [FilePath][String] [/data/data/com.kingroot.kinguser]
D/S4URC   ( 2619): [SDK] [java.io.File] [exists] [FilePath][String] [/data/data/com.kingroot.kinguser/applib]
D/S4URC   ( 2619): [SDK] [java.io.File] [Constructor] [FilePath][String] [/data/data/com.kingroot.kinguser/applib/ktools]
D/S4URC   ( 2619): [SDK] [java.io.File] [exists] [FilePath][String] [/data/data/com.kingroot.kinguser/applib/ktools]
D/S4URC   ( 2619): [SDK] [java.io.File] [canExecute] [FilePath][String] [/data/data/com.kingroot.kinguser/applib/ktools]
D/S4URC   ( 2619): [SDK] [java.io.File] [Constructor] [FilePath][String] [/data/data-lib/com.kingroot.kinguser/ktools]
D/S4URC   ( 2619): [SDK] [java.io.File] [exists] [FilePath][String] [/data/data-lib/com.kingroot.kinguser/ktools]
D/S4URC   ( 2619): [SDK] [java.io.File] [Constructor] [FilePath][String] [/data/data/com.kingroot.kinguser]
D/S4URC   ( 2619): [SDK] [java.io.File] [canRead] [FilePath][String] [/data/data/com.kingroot.kinguser]
D/S4URC   ( 2619): [SDK] [java.io.File] [canWrite] [FilePath][String] [/data/data/com.kingroot.kinguser]
D/S4URC   ( 2619): [SDK] [java.io.File] [getPath] [FilePath][String] [/data/data/com.kingroot.kinguser]
D/S4URC   ( 2619): [SDK] [java.io.File] [exists] [FilePath][String] [/data/data/com.kingroot.kinguser/applib]
D/S4URC   ( 2619): [SDK] [java.io.File] [Constructor] [FilePath][String] [/data/data/com.kingroot.kinguser/applib/ktools]
D/S4URC   ( 2619): [SDK] [java.io.File] [exists] [FilePath][String] [/data/data/com.kingroot.kinguser/applib/ktools]
D/S4URC   ( 2645): [SDK] [java.io.File] [getPath] [FilePath][String] [/proc]
D/S4URC   ( 2645): [SDK] [java.io.File] [isDirectory] [FilePath][String] [/proc/1208]
D/S4URC   ( 2645): [SDK] [java.io.File] [getPath] [FilePath][String] [/proc/1208]
D/S4URC   ( 2645): [SDK] [java.io.File] [exists] [FilePath][String] [/proc/1208/cmdline]
D/S4URC   ( 2645): [SDK] [java.io.File] [canRead] [FilePath][String] [/proc/1208/cmdline]
D/S4URC   ( 2645): [SDK] [java.io.File] [getPath] [FilePath][String] [/proc/1208/cmdline]
D/S4URC   ( 2645): [SDK] [java.io.File] [getPath] [FilePath][String] [/proc]
D/S4URC   ( 2645): [SDK] [java.io.File] [isDirectory] [FilePath][String] [/proc/1270]
D/S4URC   ( 2645): [SDK] [java.io.File] [getPath] [FilePath][String] [/proc/1270]
D/S4URC   ( 2645): [SDK] [java.io.File] [exists] [FilePath][String] [/proc/1270/cmdline]
D/S4URC   ( 2645): [SDK] [java.io.File] [canRead] [FilePath][String] [/proc/1270/cmdline]
D/S4URC   ( 2645): [SDK] [java.io.File] [getPath] [FilePath][String] [/proc/1270/cmdline]
D/S4URC   ( 2645): [SDK] [java.io.File] [getPath] [FilePath][String] [/proc]
D/S4URC   ( 2645): [SDK] [java.io.File] [isDirectory] [FilePath][String] [/proc/1570]
D/S4URC   ( 2645): [SDK] [java.io.File] [getPath] [FilePath][String] [/proc]
D/S4URC   ( 2645): [SDK] [java.io.File] [isDirectory] [FilePath][String] [/proc/1746]
D/S4URC   ( 2619): [SDK] [java.io.File] [exists] [FilePath][String] [/data/data/com.kingroot.kinguser/applib/ktools]
D/S4URC   ( 2619): [SDK] [java.io.File] [canExecute] [FilePath][String] [/data/data/com.kingroot.kinguser/applib/ktools]
D/S4URC   ( 2619): [SDK] [java.io.File] [Constructor] [FilePath][String] [/data/data/com.kingroot.kinguser/applib/ktools]
D/S4URC   ( 2619): [SDK] [java.io.File] [Constructor] [FilePath][String] [/data/data-lib/com.kingroot.kinguser/ktools]
D/S4URC   ( 2619): [SDK] [java.io.File] [exists] [FilePath][String] [/data/data-lib/com.kingroot.kinguser/ktools]
D/S4URC   ( 2619): [SDK] [java.io.File] [Constructor] [FilePath][String] [/data/data/com.kingroot.kinguser]
D/S4URC   ( 2619): [SDK] [java.io.File] [canRead] [FilePath][String] [/data/data/com.kingroot.kinguser]
D/S4URC   ( 2619): [SDK] [java.io.File] [canWrite] [FilePath][String] [/data/data/com.kingroot.kinguser]
D/S4URC   ( 2619): [SDK] [java.io.File] [getPath] [FilePath][String] [/data/data/com.kingroot.kinguser]
D/S4URC   ( 2619): [SDK] [java.io.File] [exists] [FilePath][String] [/data/data/com.kingroot.kinguser/applib]
D/S4URC   ( 2619): [SDK] [java.io.File] [Constructor] [FilePath][String] [/data/data/com.kingroot.kinguser/applib/ktools]
D/S4URC   ( 2619): [SDK] [java.io.File] [Constructor] [FilePath][String] [/data/data/com.kingroot.kinguser]
D/S4URC   ( 2619): [SDK] [java.io.File] [canRead] [FilePath][String] [/data/data/com.kingroot.kinguser]
D/S4URC   ( 2619): [SDK] [java.io.File] [getPath] [FilePath][String] [/data/data/com.kingroot.kinguser]
D/S4URC   ( 2619): [SDK] [java.io.File] [exists] [FilePath][String] [/data/data/com.kingroot.kinguser/applib]
D/S4URC   ( 2619): [SDK] [java.io.File] [exists] [FilePath][String] [/data/data/com.kingroot.kinguser/applib/ktools]
D/S4URC   ( 2645): [SDK] [java.io.File] [getPath] [FilePath][String] [/proc]
D/S4URC   ( 2645): [SDK] [java.io.File] [isDirectory] [FilePath][String] [/proc/1833]
D/S4URC   ( 2645): [SDK] [java.io.File] [getPath] [FilePath][String] [/proc]
D/S4URC   ( 2645): [SDK] [java.io.File] [isDirectory] [FilePath][String] [/proc/1928]
D/S4URC   ( 2645): [SDK] [java.io.File] [getPath] [FilePath][String] [/proc/1928]
D/S4URC   ( 2619): [SDK] [java.io.File] [Constructor] [FilePath][String] [/data/data/com.kingroot.kinguser]
D/S4URC   ( 2645): [SDK] [java.io.File] [exists] [FilePath][String] [/proc/1928/cmdline]
D/S4URC   ( 2619): [SDK] [java.io.File] [canRead] [FilePath][String] [/data/data/com.kingroot.kinguser]
D/S4URC   ( 2619): [SDK] [java.io.File] [canWrite] [FilePath][String] [/data/data/com.kingroot.kinguser]
D/S4URC   ( 2645): [SDK] [java.io.File] [canRead] [FilePath][String] [/proc/1928/cmdline]
D/S4URC   ( 2619): [SDK] [java.io.File] [getPath] [FilePath][String] [/data/data/com.kingroot.kinguser]
D/S4URC   ( 2645): [SDK] [java.io.File] [getPath] [FilePath][String] [/proc/1928/cmdline]
D/S4URC   ( 2619): [SDK] [java.io.File] [exists] [FilePath][String] [/data/data/com.kingroot.kinguser/applib]
D/S4URC   ( 2619): [SDK] [java.io.File] [Constructor] [FilePath][String] [/data/data/com.kingroot.kinguser/applib/ktools]
D/S4URC   ( 2619): [SDK] [java.io.File] [exists] [FilePath][String] [/data/data/com.kingroot.kinguser/applib/ktools]
D/S4URC   ( 2619): [SDK] [java.io.File] [canExecute] [FilePath][String] [/data/data/com.kingroot.kinguser/applib/ktools]
D/S4URC   ( 2619): [SDK] [java.io.File] [Constructor] [FilePath][String] [/data/data/com.kingroot.kinguser]
D/S4URC   ( 2619): [SDK] [java.io.File] [canRead] [FilePath][String] [/data/data/com.kingroot.kinguser]
D/S4URC   ( 2619): [SDK] [java.io.File] [canWrite] [FilePath][String] [/data/data/com.kingroot.kinguser]
D/S4URC   ( 2619): [SDK] [java.io.File] [getPath] [FilePath][String] [/data/data/com.kingroot.kinguser]
D/S4URC   ( 2619): [SDK] [android.content.ContextWrapper] [startService] [Intent] Intent { cmp=com.kingroot.kinguser/com.kingroot.common.framework.service.KSysService (has extras) } [ExtraInfo][key:value][extra_start_type:0]
D/S4URC   ( 2619): [SDK] [java.io.File] [exists] [FilePath][String] [/data/data/com.kingroot.kinguser/applib]
D/S4URC   ( 2619): [SDK] [java.io.File] [Constructor] [FilePath][String] [/data/data/com.kingroot.kinguser/applib/ktools]
D/S4URC   ( 2619): [SDK] [java.io.File] [exists] [FilePath][String] [/data/data/com.kingroot.kinguser/applib/ktools]
D/S4URC   ( 2619): [SDK] [java.io.File] [canExecute] [FilePath][String] [/data/data/com.kingroot.kinguser/applib/ktools]
D/S4URC   ( 2619): [SDK] [java.io.File] [Constructor] [FilePath][String] [/data/data/com.kingroot.kinguser/applib/ktools]
D/S4URC   ( 2619): [SDK] [java.io.File] [Constructor] [FilePath][String] [/data/data-lib/com.kingroot.kinguser/ktools]
D/S4URC   ( 2619): [SDK] [java.io.File] [exists] [FilePath][String] [/data/data-lib/com.kingroot.kinguser/ktools]
D/S4URC   ( 2619): [SDK] [java.io.File] [Constructor] [FilePath][String] [/data/data/com.kingroot.kinguser]
D/S4URC   ( 2619): [SDK] [java.io.File] [canRead] [FilePath][String] [/data/data/com.kingroot.kinguser]
D/S4URC   ( 2619): [SDK] [java.io.File] [canWrite] [FilePath][String] [/data/data/com.kingroot.kinguser]
D/S4URC   ( 2645): [SDK] [java.io.File] [getPath] [FilePath][String] [/proc]
D/S4URC   ( 2619): [SDK] [java.io.File] [getPath] [FilePath][String] [/data/data/com.kingroot.kinguser]
D/S4URC   ( 2645): [SDK] [java.io.File] [isDirectory] [FilePath][String] [/proc/1959]
D/S4URC   ( 2619): [SDK] [java.io.File] [exists] [FilePath][String] [/data/data/com.kingroot.kinguser/applib]
D/S4URC   ( 2645): [SDK] [android.content.ContextWrapper][getSharedPreferences] [File][switchStats.xml] [MODE][MODE_PRIVATE] [Method][apply]
D/S4URC   ( 2619): [SDK] [java.io.File] [Constructor] [FilePath][String] [/data/data/com.kingroot.kinguser/applib/ktools]
D/S4URC   ( 2645): [SDK] [java.io.File] [getPath] [FilePath][String] [/proc/1959]
D/S4URC   ( 2619): [SDK] [java.io.File] [exists] [FilePath][String] [/data/data/com.kingroot.kinguser/applib/ktools]
D/S4URC   ( 2645): [SDK] [java.io.File] [exists] [FilePath][String] [/proc/1959/cmdline]
D/S4URC   ( 2619): [SDK] [java.io.File] [exists] [FilePath][String] [/data/data/com.kingroot.kinguser/applib/ktools]
D/S4URC   ( 2645): [SDK] [java.io.File] [exists] [FilePath][String] [/data/data/com.kingroot.kinguser/shared_prefs/switchStats.xml]
D/S4URC   ( 2645): [SDK] [java.io.File] [canRead] [FilePath][String] [/proc/1959/cmdline]
D/S4URC   ( 2619): [SDK] [java.io.File] [canExecute] [FilePath][String] [/data/data/com.kingroot.kinguser/applib/ktools]
D/S4URC   ( 2645): [SDK] [java.io.File] [getPath] [FilePath][String] [/proc/1959/cmdline]
D/S4URC   ( 2645): [SDK] [java.io.File] [getPath] [FilePath][String] [/data/data/com.kingroot.kinguser/shared_prefs/switchStats.xml]
D/S4URC   ( 2619): [SDK] [java.io.File] [Constructor] [FilePath][String] [/system/xbin/otasurvival.sh]
D/S4URC   ( 2619): [SDK] [java.io.File] [exists] [FilePath][String] [/system/xbin/otasurvival.sh]
D/S4URC   ( 2619): [SDK] [android.content.ContentResolver] [update] [URL][String] [content://com.kingroot.kingusesr.mpstorage/multi_sp/RootManagerSetting/]
D/S4URC   ( 2645): [SDK] [java.io.File] [getPath] [FilePath][String] [/proc]
D/S4URC   ( 2645): [SDK] [java.io.File] [isDirectory] [FilePath][String] [/proc/1992]
D/S4URC   ( 2645): [SDK] [java.io.File] [getPath] [FilePath][String] [/proc/1992]
D/S4URC   ( 2645): [SDK] [java.io.File] [exists] [FilePath][String] [/proc/1992/cmdline]
D/S4URC   ( 2645): [SDK] [java.io.File] [canRead] [FilePath][String] [/proc/1992/cmdline]
D/S4URC   ( 2645): [SDK] [java.io.File] [getPath] [FilePath][String] [/proc/1992/cmdline]
D/S4URC   ( 2645): [SDK] [java.io.File] [getPath] [FilePath][String] [/proc]
D/S4URC   ( 2645): [SDK] [java.io.File] [isDirectory] [FilePath][String] [/proc/2152]
D/S4URC   ( 2645): [SDK] [java.io.File] [getPath] [FilePath][String] [/proc/2152]
D/S4URC   ( 2645): [SDK] [java.io.File] [exists] [FilePath][String] [/proc/2152/cmdline]
D/S4URC   ( 2645): [SDK] [java.io.File] [canRead] [FilePath][String] [/proc/2152/cmdline]
D/S4URC   ( 2645): [SDK] [java.io.File] [getPath] [FilePath][String] [/proc/2152/cmdline]
D/S4URC   ( 2645): [SDK] [java.io.File] [getPath] [FilePath][String] [/proc]
D/S4URC   ( 2645): [SDK] [java.io.File] [isDirectory] [FilePath][String] [/proc/2236]
D/S4URC   ( 2645): [SDK] [java.io.File] [getPath] [FilePath][String] [/proc/2236]
D/S4URC   ( 2645): [SDK] [java.io.File] [exists] [FilePath][String] [/proc/2236/cmdline]
D/S4URC   ( 2645): [SDK] [java.io.File] [canRead] [FilePath][String] [/proc/2236/cmdline]
D/S4URC   ( 2645): [SDK] [java.io.File] [getPath] [FilePath][String] [/proc/2236/cmdline]
D/S4URC   ( 2645): [SDK] [java.io.File] [getPath] [FilePath][String] [/proc]
D/S4URC   ( 2645): [SDK] [java.io.File] [isDirectory] [FilePath][String] [/proc/2351]
D/S4URC   ( 2645): [SDK] [java.io.File] [getPath] [FilePath][String] [/proc/2351]
D/S4URC   ( 2645): [SDK] [java.io.File] [exists] [FilePath][String] [/proc/2351/cmdline]
D/S4URC   ( 2645): [SDK] [java.io.File] [canRead] [FilePath][String] [/proc/2351/cmdline]
D/S4URC   ( 2645): [SDK] [java.io.File] [getPath] [FilePath][String] [/proc/2351/cmdline]
D/S4URC   ( 2645): [SDK] [java.io.File] [getPath] [FilePath][String] [/proc]
D/S4URC   ( 2645): [SDK] [java.io.File] [isDirectory] [FilePath][String] [/proc/2501]
D/S4URC   ( 2645): [SDK] [java.io.File] [getPath] [FilePath][String] [/proc/2501]
D/S4URC   ( 2645): [SDK] [java.io.File] [exists] [FilePath][String] [/proc/2501/cmdline]
D/S4URC   ( 2645): [SDK] [java.io.File] [canRead] [FilePath][String] [/proc/2501/cmdline]
D/S4URC   ( 2645): [SDK] [java.io.File] [getPath] [FilePath][String] [/proc/2501/cmdline]
D/S4URC   ( 2645): [SDK] [java.io.File] [getPath] [FilePath][String] [/proc]
D/S4URC   ( 2645): [SDK] [java.io.File] [isDirectory] [FilePath][String] [/proc/2538]
D/S4URC   ( 2645): [SDK] [java.io.File] [getPath] [FilePath][String] [/proc/2538]
D/S4URC   ( 2645): [SDK] [java.io.File] [exists] [FilePath][String] [/proc/2538/cmdline]
D/S4URC   ( 2645): [SDK] [java.io.File] [canRead] [FilePath][String] [/proc/2538/cmdline]
D/S4URC   ( 2645): [SDK] [java.io.File] [getPath] [FilePath][String] [/proc/2538/cmdline]
D/S4URC   ( 2645): [SDK] [java.io.File] [getPath] [FilePath][String] [/data/data/com.kingroot.kinguser]
D/S4URC   ( 2645): [SDK] [java.io.File] [exists] [FilePath][String] [/data/data/com.kingroot.kinguser/app_kpex]
D/S4URC   ( 2645): [SDK] [java.io.File] [getPath] [FilePath][String] [/proc]
D/S4URC   ( 2645): [SDK] [java.io.File] [mkdir] [FilePath][String] [/data/data/com.kingroot.kinguser/app_kpex]
