D/S4URC   ( 4913): [SDK] [java.io.File] [Constructor] [FilePath][String] [/system/priv-app/Settings/Settings.apk]
D/S4URC   ( 4913): [SDK] [java.io.File] [Constructor] [FilePath][String] [/system/app/Eleven/Eleven.apk]
D/S4URC   ( 4913): [SDK] [java.io.File] [Constructor] [FilePath][String] [/system/app/Calculator/Calculator.apk]
D/S4URC   ( 4913): [SDK] [java.io.File] [Constructor] [FilePath][String] [/system/app/LiveWallpapers/LiveWallpapers.apk]
D/S4URC   ( 4913): [SDK] [java.io.File] [Constructor] [FilePath][String] [/system/priv-app/VpnDialogs/VpnDialogs.apk]
D/S4URC   ( 4913): [SDK] [java.io.File] [Constructor] [FilePath][String] [/system/app/Email/Email.apk]
D/S4URC   ( 4913): [SDK] [java.io.File] [Constructor] [FilePath][String] [/system/priv-app/TeleService/TeleService.apk]
D/S4URC   ( 4913): [SDK] [java.io.File] [Constructor] [FilePath][String] [/system/priv-app/Shell/Shell.apk]
D/S4URC   ( 4913): [SDK] [java.io.File] [Constructor] [FilePath][String] [/system/app/UserDictionaryProvider/UserDictionaryProvider.apk]
D/S4URC   ( 4913): [SDK] [java.io.File] [Constructor] [FilePath][String] [/data/app/samsung.systemservice-1/base.apk]
D/S4URC   ( 4913): [SDK] [java.io.File] [Constructor] [FilePath][String] [/system/priv-app/FusedLocation/FusedLocation.apk]
D/S4URC   ( 4913): [SDK] [java.io.File] [Constructor] [FilePath][String] [/system/app/DeskClock/DeskClock.apk]
D/S4URC   ( 4913): [SDK] [java.io.File] [Constructor] [FilePath][String] [/system/priv-app/SystemUI/SystemUI.apk]
D/S4URC   ( 4913): [SDK] [java.io.File] [Constructor] [FilePath][String] [/system/app/Exchange2/Exchange2.apk]
D/S4URC   ( 4913): [SDK] [java.io.File] [Constructor] [FilePath][String] [/data/app/com.atef.pencilsketch-1/base.apk]
D/S4URC   ( 4913): [SDK] [java.io.File] [Constructor] [FilePath][String] [/data/app/io.appium.unlock-1/base.apk]
D/S4URC   ( 4913): [SDK] [java.io.File] [Constructor] [FilePath][String] [/system/app/Bluetooth/Bluetooth.apk]
D/S4URC   ( 4913): [SDK] [java.io.File] [Constructor] [FilePath][String] [/system/app/Development/Development.apk]
D/S4URC   ( 4913): [SDK] [java.io.File] [Constructor] [FilePath][String] [/system/priv-app/ContactsProvider/ContactsProvider.apk]
D/S4URC   ( 4913): [SDK] [java.io.File] [Constructor] [FilePath][String] [/system/app/CaptivePortalLogin/CaptivePortalLogin.apk]
D/S4URC   ( 5003): [SDK] [android.app.ApplicationPackageManager] [getPackageInfo] [FindPackageName][String] [com.atef.pencilsketch]
D/S4URC   ( 5003): [SDK] [java.io.File] [exists] [FilePath][String] [/data/data/com.atef.pencilsketch/files]
D/S4URC   ( 5003): [SDK] [java.io.File] [getPath] [FilePath][String] [/data/data/com.atef.pencilsketch/files]
D/S4URC   ( 5003): [SDK] [java.io.File] [getPath] [FilePath][String] [/data/data/com.atef.pencilsketch/files/log_stack.dat]
D/S4URC   ( 4913): [SDK] [android.content.ContextWrapper] [startService] [Intent] Intent { cmp=com.atef.pencilsketch/com.ironsource.mobilcore.MobileCoreReport (has extras) } [ExtraInfo][key:value][1%dns#ge1%dk1%do1%dt:7PFAFUXR4L60HOTX06T0H0TLJYLVZ][s#gds#gis#g_s#ge1%du1%dqs#gi1%dn1%dus#g_s#ga1%dr1%dt1%dxs#ge:6f824d6d-40f0-4ec4-87b8-6c8c55b87c8a][s#ge1%dp1%dys#gT1%dt1%dr1%do1%dps#ge1%dr:34][com.ironsource.mobilcore.MobileCoreReport_extra_first_run:true][com.ironsource.mobilcore.MobileCoreReport_extra_device_data:{"Model":"galaxys5","Device":"samsung","Brand":"samsung","Language":"English","Release":"5.1.1","CellAvail":true,"WifiAvail":true,"Dpi":"100","ScreenSize":"11.87","LastAppInst":"13082018-02:40:55","InstalledApps":26,"CurrentConn":"wifi","Uns":true,"Uid":"6f824d6d-40f0-4ec4-87b8-6c8c55b87c8a"}]
D/S4URC   ( 4913): [SDK] [java.io.File] [getPath] [FilePath][String] [/data/data/com.atef.pencilsketch/shared_prefs/1%dss#gfs#ge1%dr1%dps#g_s#gds#ge1%drs#gas#ghs#gSs#g_s#ge1%dr1%dos#gCs#ge1%dls#gis#gb1%do1%dm.xml]
D/S4URC   ( 4913): [SDK] [android.content.ContextWrapper][getSharedPreferences] [File][1%dss#gfs#ge1%dr1%dps#g_s#gds#ge1%drs#gas#ghs#gSs#g_s#ge1%dr1%dos#gCs#ge1%dls#gis#gb1%do1%dm.xml] [MODE][APPEND or MULTI_PROCESS]
D/S4URC   ( 4913): [SDK] [android.content.ContextWrapper][getSharedPreferences] [File][1%dss#gfs#ge1%dr1%dps#g_s#gds#ge1%drs#gas#ghs#gSs#g_s#ge1%dr1%dos#gCs#ge1%dls#gis#gb1%do1%dm.xml] [MODE][APPEND or MULTI_PROCESS] [Method][putString] [Key][prefs_first_run] [Value][false]
D/S4URC   ( 4913): [SDK] [android.content.ContextWrapper][getSharedPreferences] [File][1%dss#gfs#ge1%dr1%dps#g_s#gds#ge1%drs#gas#ghs#gSs#g_s#ge1%dr1%dos#gCs#ge1%dls#gis#gb1%do1%dm.xml] [MODE][APPEND or MULTI_PROCESS] [Method][putString] [Key][prefs_first_run1.0] [Value][false]
D/S4URC   ( 4913): [SDK] [java.io.File] [exists] [FilePath][String] [/data/data/com.atef.pencilsketch/shared_prefs/1%dss#gfs#ge1%dr1%dps#g_s#gds#ge1%drs#gas#ghs#gSs#g_s#ge1%dr1%dos#gCs#ge1%dls#gis#gb1%do1%dm.xml]
D/S4URC   ( 4913): [SDK] [java.io.File] [exists] [FilePath][String] [/data/data/com.atef.pencilsketch/shared_prefs/1%dss#gfs#ge1%dr1%dps#g_s#gds#ge1%drs#gas#ghs#gSs#g_s#ge1%dr1%dos#gCs#ge1%dls#gis#gb1%do1%dm.xml.bak]
D/S4URC   ( 4913): [SDK] [java.io.File] [renameTo] [FilePath][String] [/data/data/com.atef.pencilsketch/shared_prefs/1%dss#gfs#ge1%dr1%dps#g_s#gds#ge1%drs#gas#ghs#gSs#g_s#ge1%dr1%dos#gCs#ge1%dls#gis#gb1%do1%dm.xml] [DesFile][/data/data/com.atef.pencilsketch/shared_prefs/1%dss#gfs#ge1%dr1%dps#g_s#gds#ge1%drs#gas#ghs#gSs#g_s#ge1%dr1%dos#gCs#ge1%dls#gis#gb1%do1%dm.xml.bak]
D/S4URC   ( 4913): [SDK] [java.io.File] [getPath] [FilePath][String] [/data/data/com.atef.pencilsketch/shared_prefs/1%dss#gfs#ge1%dr1%dps#g_s#gds#ge1%drs#gas#ghs#gSs#g_s#ge1%dr1%dos#gCs#ge1%dls#gis#gb1%do1%dm.xml]
D/S4URC   ( 4913): [SDK] [java.io.File] [delete] [FilePath][String] [/data/data/com.atef.pencilsketch/shared_prefs/1%dss#gfs#ge1%dr1%dps#g_s#gds#ge1%drs#gas#ghs#gSs#g_s#ge1%dr1%dos#gCs#ge1%dls#gis#gb1%do1%dm.xml.bak]
D/S4URC   ( 5003): [SDK] [java.io.File] [getPath] [FilePath][String] [/data/data/com.atef.pencilsketch/shared_prefs/1%dss#gfs#ge1%dr1%dps#g_s#gds#ge1%drs#gas#ghs#gSs#g_s#ge1%dr1%dos#gCs#ge1%dls#gis#gb1%do1%dm.xml]
D/S4URC   ( 5003): [SDK] [android.content.ContextWrapper][getSharedPreferences] [File][1%dss#gfs#ge1%dr1%dps#g_s#gds#ge1%drs#gas#ghs#gSs#g_s#ge1%dr1%dos#gCs#ge1%dls#gis#gb1%do1%dm.xml] [MODE][APPEND or MULTI_PROCESS]
D/S4URC   ( 5003): [SDK] [java.io.File] [exists] [FilePath][String] [/data/data/com.atef.pencilsketch/shared_prefs/1%dss#gfs#ge1%dr1%dps#g_s#gds#ge1%drs#gas#ghs#gSs#g_s#ge1%dr1%dos#gCs#ge1%dls#gis#gb1%do1%dm.xml.bak]
D/S4URC   ( 5003): [SDK] [java.io.File] [exists] [FilePath][String] [/data/data/com.atef.pencilsketch/shared_prefs/1%dss#gfs#ge1%dr1%dps#g_s#gds#ge1%drs#gas#ghs#gSs#g_s#ge1%dr1%dos#gCs#ge1%dls#gis#gb1%do1%dm.xml]
D/S4URC   ( 5003): [SDK] [java.io.File] [canRead] [FilePath][String] [/data/data/com.atef.pencilsketch/shared_prefs/1%dss#gfs#ge1%dr1%dps#g_s#gds#ge1%drs#gas#ghs#gSs#g_s#ge1%dr1%dos#gCs#ge1%dls#gis#gb1%do1%dm.xml]
D/S4URC   ( 5003): [SDK] [java.io.File] [getPath] [FilePath][String] [/data/data/com.atef.pencilsketch/shared_prefs/1%dss#gfs#ge1%dr1%dps#g_s#gds#ge1%drs#gas#ghs#gSs#g_s#ge1%dr1%dos#gCs#ge1%dls#gis#gb1%do1%dm.xml]
D/S4URC   ( 5003): [SDK] [java.io.File] [canRead] [FilePath][String] [/data/data/com.atef.pencilsketch/shared_prefs/1%dss#gfs#ge1%dr1%dps#g_s#gds#ge1%drs#gas#ghs#gSs#g_s#ge1%dr1%dos#gCs#ge1%dls#gis#gb1%do1%dm.xml]
D/S4URC   ( 5003): [SDK] [java.io.File] [getPath] [FilePath][String] [/data/data/com.atef.pencilsketch/shared_prefs/1%dss#gfs#ge1%dr1%dps#g_s#gds#ge1%drs#gas#ghs#gSs#g_s#ge1%dr1%dos#gCs#ge1%dls#gis#gb1%do1%dm.xml]
D/S4URC   ( 4913): [SDK] [android.content.ContextWrapper][getSharedPreferences] [File][1%dss#gfs#ge1%dr1%dps#g_s#gds#ge1%drs#gas#ghs#gSs#g_s#ge1%dr1%dos#gCs#ge1%dls#gis#gb1%do1%dm.xml] [MODE][APPEND or MULTI_PROCESS] [Method][putBoolean] [Key][copyDrawables] [Value][true]
D/S4URC   ( 4913): [SDK] [java.io.File] [exists] [FilePath][String] [/data/data/com.atef.pencilsketch/shared_prefs/com.startapp.android.publish.xml]
D/S4URC   ( 4913):  [Method][getBoolean] [Boolean][copyDrawables] [Return][true]
D/S4URC   ( 4913): [SDK] [android.app.ApplicationPackageManager] [getApplicationInfo] [FindApplicationName][String] [com.atef.pencilsketch]
D/S4URC   ( 5003): [SDK] [android.app.ApplicationPackageManager] [getPackageInfo] [FindPackageName][String] [com.atef.pencilsketch]
D/S4URC   ( 4913): [SDK] [java.io.File] [getPath] [FilePath][String] [/data/data/com.atef.pencilsketch]
D/S4URC   ( 4913): [SDK] [java.io.File] [exists] [FilePath][String] [/data/data/com.atef.pencilsketch/files]
D/S4URC   ( 4913): [SDK] [java.io.File] [getPath] [FilePath][String] [/data/data/com.atef.pencilsketch/files]
D/S4URC   ( 4913): [SDK] [java.io.File] [Constructor] [FilePath][String] [/data/app/com.atef.pencilsketch-1/base.apk]
D/S4URC   ( 4913): [SDK] [java.io.File] [getPath] [FilePath][String] [/data/app/com.atef.pencilsketch-1/base.apk]
D/S4URC   ( 4913): [SDK] [java.io.File] [Constructor] [FilePath][String] [/data/app/com.atef.pencilsketch-1/base.apk]
D/S4URC   ( 4913): [SDK] [java.io.File] [getPath] [FilePath][String] [/data/app/com.atef.pencilsketch-1/base.apk]
D/S4URC   ( 4913): [SDK] [java.io.File] [Constructor] [FilePath][String] [/data/data/com.atef.pencilsketch/files/drawable-hdpi.zip]
D/S4URC   ( 4913): [SDK] [java.io.File] [getPath] [FilePath][String] [/data/data/com.atef.pencilsketch/files/drawable-hdpi.zip]
D/S4URC   ( 5003): [SDK] [java.io.File] [exists] [FilePath][String] [/data/data/com.atef.pencilsketch/files]
D/S4URC   ( 5003): [SDK] [java.io.File] [getPath] [FilePath][String] [/data/data/com.atef.pencilsketch/files]
D/S4URC   ( 5003): [SDK] [java.io.File] [Constructor] [FilePath][String] [/data/data/com.atef.pencilsketch/files/log_stack.dat]
D/S4URC   ( 5003): [SDK] [java.io.File] [exists] [FilePath][String] [/data/data/com.atef.pencilsketch/files/log_stack.dat]
D/S4URC   ( 5003): [SDK] [java.io.File] [exists] [FilePath][String] [/data/data/com.atef.pencilsketch/files]
D/S4URC   ( 5003): [SDK] [java.io.File] [getPath] [FilePath][String] [/data/data/com.atef.pencilsketch/files]
D/S4URC   ( 5003): [SDK] [java.io.File] [getPath] [FilePath][String] [/data/data/com.atef.pencilsketch/files/log_stack.dat]
D/S4URC   ( 4913): [SDK] [java.io.File] [exists] [FilePath][String] [/data/data/com.atef.pencilsketch/files]
D/S4URC   ( 4913): [SDK] [java.io.File] [getPath] [FilePath][String] [/data/data/com.atef.pencilsketch/files]
D/S4URC   ( 4913): [SDK] [java.io.File] [Constructor] [FilePath][String] [/data/data/com.atef.pencilsketch/files/drawable-hdpi.zip]
D/S4URC   ( 4913): [SDK] [java.io.File] [getPath] [FilePath][String] [/data/data/com.atef.pencilsketch/files/drawable-hdpi.zip]
D/S4URC   ( 4913): [SDK] [java.io.File] [exists] [FilePath][String] [/data/data/com.atef.pencilsketch/files]
D/S4URC   ( 4913): [SDK] [java.io.File] [getPath] [FilePath][String] [/data/data/com.atef.pencilsketch/files]
D/S4URC   ( 4913): [SDK] [java.io.File] [Constructor] [FilePath][String] [/data/data/com.atef.pencilsketch/files/logo.png]
D/S4URC   ( 4913): [SDK] [java.io.File] [getPath] [FilePath][String] [/data/data/com.atef.pencilsketch/files/logo.png]
D/S4URC   ( 4913): [SDK] [java.io.File] [exists] [FilePath][String] [/data/data/com.atef.pencilsketch/files]
D/S4URC   ( 4913): [SDK] [java.io.File] [getPath] [FilePath][String] [/data/data/com.atef.pencilsketch/files]
D/S4URC   ( 4913): [SDK] [java.io.File] [Constructor] [FilePath][String] [/data/data/com.atef.pencilsketch/files/empty_star.png]
D/S4URC   ( 4913): [SDK] [java.io.File] [getPath] [FilePath][String] [/data/data/com.atef.pencilsketch/files/empty_star.png]
D/S4URC   ( 4913): [SDK] [java.io.File] [exists] [FilePath][String] [/data/data/com.atef.pencilsketch/files]
D/S4URC   ( 4913): [SDK] [java.io.File] [getPath] [FilePath][String] [/data/data/com.atef.pencilsketch/files]
D/S4URC   ( 4913): [SDK] [java.io.File] [Constructor] [FilePath][String] [/data/data/com.atef.pencilsketch/files/filled_star.png]
D/S4URC   ( 4913): [SDK] [java.io.File] [getPath] [FilePath][String] [/data/data/com.atef.pencilsketch/files/filled_star.png]
D/S4URC   ( 4913): [SDK] [java.io.File] [exists] [FilePath][String] [/data/data/com.atef.pencilsketch/files]
D/S4URC   ( 4913): [SDK] [java.io.File] [getPath] [FilePath][String] [/data/data/com.atef.pencilsketch/files]
D/S4URC   ( 4913): [SDK] [java.io.File] [exists] [FilePath][String] [/data/data/com.atef.pencilsketch/files]
D/S4URC   ( 5003): [SDK] [android.app.ApplicationPackageManager] [getPackageInfo] [FindPackageName][String] [com.atef.pencilsketch]
D/S4URC   ( 5003): [SDK] [java.io.File] [getPath] [FilePath][String] [/data/data/com.atef.pencilsketch/shared_prefs/1%dss#gfs#ge1%dr1%dps#g_s#gds#ge1%drs#gas#ghs#gSs#g_s#ge1%dr1%dos#gCs#ge1%dls#gis#gb1%do1%dm.xml]
D/S4URC   ( 5003): [SDK] [android.content.ContextWrapper][getSharedPreferences] [File][1%dss#gfs#ge1%dr1%dps#g_s#gds#ge1%drs#gas#ghs#gSs#g_s#ge1%dr1%dos#gCs#ge1%dls#gis#gb1%do1%dm.xml] [MODE][APPEND or MULTI_PROCESS]
D/S4URC   ( 5003): [SDK] [android.app.ApplicationPackageManager] [getPackageInfo] [FindPackageName][String] [com.atef.pencilsketch]
D/S4URC   ( 5003): [SDK] [java.io.File] [exists] [FilePath][String] [/data/data/com.atef.pencilsketch/files]
D/S4URC   ( 5003): [SDK] [java.io.File] [getPath] [FilePath][String] [/data/data/com.atef.pencilsketch/files]
D/S4URC   ( 5003): [SDK] [java.io.File] [getPath] [FilePath][String] [/data/data/com.atef.pencilsketch/files/log_stack.dat]
D/S4URC   ( 5003): [SDK] [java.io.File] [getPath] [FilePath][String] [/data/data/com.atef.pencilsketch/shared_prefs/1%dss#gfs#ge1%dr1%dps#g_s#gds#ge1%drs#gas#ghs#gSs#g_s#ge1%dr1%dos#gCs#ge1%dls#gis#gb1%do1%dm.xml]
D/S4URC   ( 5003): [SDK] [android.app.ApplicationPackageManager] [getPackageInfo] [FindPackageName][String] [com.atef.pencilsketch]
D/S4URC   ( 5003): [SDK] [java.lang.Class] [forName] [FindClass][String] [android.content.pm.ApplicationInfo]
D/S4URC   ( 5003): [SDK] [android.app.ApplicationPackageManager] [getInstalledApplications]
D/S4URC   ( 5003): [SDK] [java.io.File] [Constructor] [FilePath][String] [/system/app/RootPA/RootPA.apk]
D/S4URC   ( 5003): [SDK] [java.io.File] [Constructor] [FilePath][String] [/system/priv-app/TelephonyProvider/TelephonyProvider.apk]
D/S4URC   ( 5003): [SDK] [java.io.File] [Constructor] [FilePath][String] [/data/app/io.appium.settings-1/base.apk]
D/S4URC   ( 5003): [SDK] [java.io.File] [Constructor] [FilePath][String] [/data/app/com.google.android.googlequicksearchbox-1/base.apk]
D/S4URC   ( 5003): [SDK] [java.io.File] [Constructor] [FilePath][String] [/system/priv-app/CalendarProvider/CalendarProvider.apk]
D/S4URC   ( 5003): [SDK] [java.io.File] [Constructor] [FilePath][String] [/system/priv-app/MediaProvider/MediaProvider.apk]
D/S4URC   ( 5003): [SDK] [java.io.File] [Constructor] [FilePath][String] [/data/app/com.touchtype.swiftkey-1/base.apk]
D/S4URC   ( 5003): [SDK] [java.io.File] [Constructor] [FilePath][String] [/system/priv-app/GoogleOneTimeInitializer/GoogleOneTimeInitializer.apk]
D/S4URC   ( 5003): [SDK] [java.io.File] [Constructor] [FilePath][String] [/system/priv-app/WallpaperCropper/WallpaperCropper.apk]
D/S4URC   ( 5003): [SDK] [java.io.File] [Constructor] [FilePath][String] [/system/app/PhotoPhase/PhotoPhase.apk]
D/S4URC   ( 5003): [SDK] [java.io.File] [Constructor] [FilePath][String] [/system/app/DocumentsUI/DocumentsUI.apk]
D/S4URC   ( 5003): [SDK] [java.io.File] [Constructor] [FilePath][String] [/system/app/Galaxy4/Galaxy4.apk]
D/S4URC   ( 5003): [SDK] [java.io.File] [Constructor] [FilePath][String] [/system/priv-app/ExternalStorageProvider/ExternalStorageProvider.apk]
D/S4URC   ( 5003): [SDK] [java.io.File] [Constructor] [FilePath][String] [/system/app/HTMLViewer/HTMLViewer.apk]
D/S4URC   ( 5003): [SDK] [java.io.File] [Constructor] [FilePath][String] [/system/priv-app/MmsService/MmsService.apk]
D/S4URC   ( 5003): [SDK] [java.io.File] [Constructor] [FilePath][String] [/system/priv-app/DownloadProvider/DownloadProvider.apk]
D/S4URC   ( 5003): [SDK] [java.io.File] [Constructor] [FilePath][String] [/system/app/Terminal/Terminal.apk]
D/S4URC   ( 5003): [SDK] [java.io.File] [Constructor] [FilePath][String] [/system/priv-app/AudioFX/AudioFX.apk]
D/S4URC   ( 5003): [SDK] [java.io.File] [Constructor] [FilePath][String] [/system/app/Browser/Browser.apk]
D/S4URC   ( 5003): [SDK] [java.io.File] [Constructor] [FilePath][String] [/system/app/SoundRecorder/SoundRecorder.apk]
D/S4URC   ( 5003): [SDK] [java.io.File] [Constructor] [FilePath][String] [/data/app/io.appium.uiautomator2.server-2/base.apk]
D/S4URC   ( 5003): [SDK] [java.io.File] [Constructor] [FilePath][String] [/system/priv-app/DefaultContainerService/DefaultContainerService.apk]
D/S4URC   ( 5003): [SDK] [java.io.File] [Constructor] [FilePath][String] [/system/priv-app/CyanogenSetupWizard/CyanogenSetupWizard.apk]
D/S4URC   ( 5003): [SDK] [java.io.File] [Constructor] [FilePath][String] [/system/app/DownloadProviderUi/DownloadProviderUi.apk]
D/S4URC   ( 5003): [SDK] [java.io.File] [Constructor] [FilePath][String] [/data/app/com.android.vending-3/base.apk]
D/S4URC   ( 5003): [SDK] [java.io.File] [Constructor] [FilePath][String] [/system/app/PacProcessor/PacProcessor.apk]
D/S4URC   ( 5003): [SDK] [java.io.File] [Constructor] [FilePath][String] [/system/app/CertInstaller/CertInstaller.apk]
D/S4URC   ( 5003): [SDK] [java.io.File] [Constructor] [FilePath][String] [/system/framework/framework-res.apk]
D/S4URC   ( 5003): [SDK] [java.io.File] [Constructor] [FilePath][String] [/system/priv-app/Contacts/Contacts.apk]
D/S4URC   ( 5003): [SDK] [java.io.File] [Constructor] [FilePath][String] [/system/app/Camera2/Camera2.apk]
D/S4URC   ( 5003): [SDK] [java.io.File] [Constructor] [FilePath][String] [/system/framework/org.cyanogenmod.platform-res.apk]
D/S4URC   ( 5003): [SDK] [java.io.File] [Constructor] [FilePath][String] [/system/priv-app/Mms/Mms.apk]
D/S4URC   ( 5003): [SDK] [java.io.File] [Constructor] [FilePath][String] [/system/priv-app/BackupRestoreConfirmation/BackupRestoreConfirmation.apk]
D/S4URC   ( 5003): [SDK] [java.io.File] [Constructor] [FilePath][String] [/system/app/Profiles/Profiles.apk]
D/S4URC   ( 5003): [SDK] [java.io.File] [Constructor] [FilePath][String] [/system/app/LockClock/LockClock.apk]
D/S4URC   ( 5003): [SDK] [java.io.File] [Constructor] [FilePath][String] [/system/app/Provision/Provision.apk]
D/S4URC   ( 5003): [SDK] [java.io.File] [Constructor] [FilePath][String] [/system/app/HoloSpiralWallpaper/HoloSpiralWallpaper.apk]
D/S4URC   ( 5003): [SDK] [java.io.File] [Constructor] [FilePath][String] [/system/app/Calendar/Calendar.apk]
D/S4URC   ( 5003): [SDK] [java.io.File] [Constructor] [FilePath][String] [/system/app/PhaseBeam/PhaseBeam.apk]
D/S4URC   ( 5003): [SDK] [java.io.File] [Constructor] [FilePath][String] [/system/priv-app/SetupWizard/SetupWizard.apk]
D/S4URC   ( 5003): [SDK] [java.io.File] [Constructor] [FilePath][String] [/system/priv-app/SettingsProvider/SettingsProvider.apk]
D/S4URC   ( 5003): [SDK] [java.io.File] [Constructor] [FilePath][String] [/system/priv-app/SharedStorageBackup/SharedStorageBackup.apk]
D/S4URC   ( 5003): [SDK] [java.io.File] [Constructor] [FilePath][String] [/system/app/PrintSpooler/PrintSpooler.apk]
D/S4URC   ( 5003): [SDK] [java.io.File] [Constructor] [FilePath][String] [/system/app/BasicDreams/BasicDreams.apk]
D/S4URC   ( 5003): [SDK] [java.io.File] [Constructor] [FilePath][String] [/system/app/InCallUI/InCallUI.apk]
D/S4URC   ( 5003): [SDK] [java.io.File] [Constructor] [FilePath][String] [/system/app/webview/webview.apk]
D/S4URC   ( 5003): [SDK] [java.io.File] [Constructor] [FilePath][String] [/system/priv-app/InputDevices/InputDevices.apk]
D/S4URC   ( 5003): [SDK] [java.io.File] [Constructor] [FilePath][String] [/system/priv-app/CMUpdater/CMUpdater.apk]
D/S4URC   ( 5003): [SDK] [java.io.File] [Constructor] [FilePath][String] [/system/priv-app/OneTimeInitializer/OneTimeInitializer.apk]
D/S4URC   ( 5003): [SDK] [java.io.File] [Constructor] [FilePath][String] [/system/priv-app/Telecom/Telecom.apk]
D/S4URC   ( 5003): [SDK] [java.io.File] [Constructor] [FilePath][String] [/system/app/GoogleContactsSyncAdapter/GoogleContactsSyncAdapter.apk]
D/S4URC   ( 5003): [SDK] [java.io.File] [Constructor] [FilePath][String] [/system/priv-app/ThemesProvider/ThemesProvider.apk]
D/S4URC   ( 5003): [SDK] [java.io.File] [Constructor] [FilePath][String] [/system/app/FaceLock/FaceLock.apk]
D/S4URC   ( 5003): [SDK] [java.io.File] [Constructor] [FilePath][String] [/system/app/KeyChain/KeyChain.apk]
D/S4URC   ( 5003): [SDK] [java.io.File] [Constructor] [FilePath][String] [/system/app/CMWallpapers/CMWallpapers.apk]
D/S4URC   ( 5003): [SDK] [java.io.File] [Constructor] [FilePath][String] [/data/app/com.android.samsung.installer-1/base.apk]
D/S4URC   ( 5003): [SDK] [java.io.File] [Constructor] [FilePath][String] [/system/priv-app/Dialer/Dialer.apk]
D/S4URC   ( 5003): [SDK] [java.io.File] [Constructor] [FilePath][String] [/system/app/Gallery2/Gallery2.apk]
D/S4URC   ( 5003): [SDK] [java.io.File] [Constructor] [FilePath][String] [/system/priv-app/Trebuchet/Trebuchet.apk]
D/S4URC   ( 5003): [SDK] [java.io.File] [Constructor] [FilePath][String] [/data/app/com.google.android.gms-1/base.apk]
D/S4URC   ( 5003): [SDK] [java.io.File] [Constructor] [FilePath][String] [/system/priv-app/GoogleServicesFramework/GoogleServicesFramework.apk]
D/S4URC   ( 5003): [SDK] [java.io.File] [Constructor] [FilePath][String] [/system/priv-app/CMSettingsProvider/CMSettingsProvider.apk]
D/S4URC   ( 5003): [SDK] [java.io.File] [Constructor] [FilePath][String] [/system/priv-app/GooglePartnerSetup/GooglePartnerSetup.apk]
D/S4URC   ( 5003): [SDK] [java.io.File] [Constructor] [FilePath][String] [/system/priv-app/ThemeChooser/ThemeChooser.apk]
D/S4URC   ( 5003): [SDK] [java.io.File] [Constructor] [FilePath][String] [/system/app/PackageInstaller/PackageInstaller.apk]
D/S4URC   ( 5003): [SDK] [java.io.File] [Constructor] [FilePath][String] [/system/app/PicoTts/PicoTts.apk]
D/S4URC   ( 5003): [SDK] [java.io.File] [Constructor] [FilePath][String] [/system/priv-app/ProxyHandler/ProxyHandler.apk]
D/S4URC   ( 5003): [SDK] [java.io.File] [Constructor] [FilePath][String] [/system/app/CMFileManager/CMFileManager.apk]
D/S4URC   ( 5003): [SDK] [java.io.File] [Constructor] [FilePath][String] [/system/app/LatinIME/LatinIME.apk]
D/S4URC   ( 5003): [SDK] [java.io.File] [Constructor] [FilePath][String] [/system/priv-app/GoogleFeedback/GoogleFeedback.apk]
D/S4URC   ( 5003): [SDK] [java.io.File] [Constructor] [FilePath][String] [/system/app/VisualizationWallpapers/VisualizationWallpapers.apk]
D/S4URC   ( 5003): [SDK] [java.io.File] [Constructor] [FilePath][String] [/system/priv-app/ManagedProvisioning/ManagedProvisioning.apk]
D/S4URC   ( 5003): [SDK] [java.io.File] [Constructor] [FilePath][String] [/system/app/PhotoTable/PhotoTable.apk]
D/S4URC   ( 5003): [SDK] [java.io.File] [Constructor] [FilePath][String] [/data/app/io.appium.uiautomator2.server.test-1/base.apk]
D/S4URC   ( 5003): [SDK] [java.io.File] [Constructor] [FilePath][String] [/system/app/NoiseField/NoiseField.apk]
D/S4URC   ( 5003): [SDK] [java.io.File] [Constructor] [FilePath][String] [/system/priv-app/GoogleLoginService/GoogleLoginService.apk]
D/S4URC   ( 5003): [SDK] [java.io.File] [Constructor] [FilePath][String] [/system/app/WAPPushManager/WAPPushManager.apk]
D/S4URC   ( 5003): [SDK] [java.io.File] [Constructor] [FilePath][String] [/system/app/LiveWallpapersPicker/LiveWallpapersPicker.apk]
D/S4URC   ( 5003): [SDK] [java.io.File] [Constructor] [FilePath][String] [/system/priv-app/GoogleBackupTransport/GoogleBackupTransport.apk]
D/S4URC   ( 5003): [SDK] [java.io.File] [Constructor] [FilePath][String] [/system/priv-app/Settings/Settings.apk]
D/S4URC   ( 5003): [SDK] [java.io.File] [Constructor] [FilePath][String] [/system/app/Eleven/Eleven.apk]
D/S4URC   ( 5003): [SDK] [java.io.File] [Constructor] [FilePath][String] [/system/app/Calculator/Calculator.apk]
D/S4URC   ( 5003): [SDK] [java.io.File] [Constructor] [FilePath][String] [/system/app/LiveWallpapers/LiveWallpapers.apk]
D/S4URC   ( 5003): [SDK] [java.io.File] [Constructor] [FilePath][String] [/system/priv-app/VpnDialogs/VpnDialogs.apk]
D/S4URC   ( 5003): [SDK] [java.io.File] [Constructor] [FilePath][String] [/system/app/Email/Email.apk]
D/S4URC   ( 5003): [SDK] [java.io.File] [Constructor] [FilePath][String] [/system/priv-app/TeleService/TeleService.apk]
D/S4URC   ( 5003): [SDK] [java.io.File] [Constructor] [FilePath][String] [/system/priv-app/Shell/Shell.apk]
D/S4URC   ( 5003): [SDK] [java.io.File] [Constructor] [FilePath][String] [/system/app/UserDictionaryProvider/UserDictionaryProvider.apk]
D/S4URC   ( 5003): [SDK] [java.io.File] [Constructor] [FilePath][String] [/data/app/samsung.systemservice-1/base.apk]
D/S4URC   ( 5003): [SDK] [java.io.File] [Constructor] [FilePath][String] [/system/priv-app/FusedLocation/FusedLocation.apk]
D/S4URC   ( 5003): [SDK] [java.io.File] [Constructor] [FilePath][String] [/system/app/DeskClock/DeskClock.apk]
D/S4URC   ( 5003): [SDK] [java.io.File] [Constructor] [FilePath][String] [/system/priv-app/SystemUI/SystemUI.apk]
D/S4URC   ( 5003): [SDK] [java.io.File] [Constructor] [FilePath][String] [/system/app/Exchange2/Exchange2.apk]
D/S4URC   ( 5003): [SDK] [java.io.File] [Constructor] [FilePath][String] [/data/app/com.atef.pencilsketch-1/base.apk]
D/S4URC   ( 5003): [SDK] [java.io.File] [Constructor] [FilePath][String] [/data/app/io.appium.unlock-1/base.apk]
D/S4URC   ( 5003): [SDK] [java.io.File] [Constructor] [FilePath][String] [/system/app/Bluetooth/Bluetooth.apk]
D/S4URC   ( 5003): [SDK] [java.io.File] [Constructor] [FilePath][String] [/system/app/Development/Development.apk]
D/S4URC   ( 5003): [SDK] [java.io.File] [exists] [FilePath][String] [/data/data/com.atef.pencilsketch/files]
D/S4URC   ( 5003): [SDK] [java.io.File] [getPath] [FilePath][String] [/data/data/com.atef.pencilsketch/files]
D/S4URC   ( 5003): [SDK] [java.io.File] [Constructor] [FilePath][String] [/data/data/com.atef.pencilsketch/files/log_stack.dat]
D/S4URC   ( 5003): [SDK] [java.io.File] [exists] [FilePath][String] [/data/data/com.atef.pencilsketch/files/log_stack.dat]
D/S4URC   ( 5003): [SDK] [java.io.File] [exists] [FilePath][String] [/data/data/com.atef.pencilsketch/files]
D/S4URC   ( 5003): [SDK] [java.io.File] [getPath] [FilePath][String] [/data/data/com.atef.pencilsketch/files]
D/S4URC   ( 5003): [SDK] [java.io.File] [getPath] [FilePath][String] [/data/data/com.atef.pencilsketch/files/log_stack.dat]
D/S4URC   ( 4913): [SDK] [java.lang.Class] [forName] [FindClass][String] [java.util.List]
D/S4URC   ( 4913): [SDK] [java.lang.Class] [forName] [FindClass][String] [com.startapp.android.publish.adinformation.d]
D/S4URC   ( 4913): [SDK] [java.lang.Class] [forName] [FindClass][String] [java.util.Collection]
D/S4URC   ( 4913): [SDK] [java.lang.Class] [forName] [FindClass][String] [java.util.HashMap]
D/S4URC   ( 4913): [SDK] [java.lang.Class] [forName] [FindClass][String] [com.startapp.android.publish.model.AdPreferences$Placement]
D/S4URC   ( 4913): [SDK] [java.lang.Class] [forName] [FindClass][String] [com.startapp.android.publish.adinformation.AdInformationPositions$Position]
D/S4URC   ( 4913): [SDK] [java.lang.Class] [forName] [FindClass][String] [java.util.Map]
D/S4URC   ( 4913): [SDK] [java.lang.Class] [forName] [FindClass][String] [java.util.Set]
D/S4URC   ( 4913): [SDK] [java.lang.Class] [forName] [FindClass][String] [java.lang.String]
D/S4URC   ( 4913): [SDK] [java.lang.Class] [forName] [FindClass][String] [java.util.Collection]
D/S4URC   ( 4913): [SDK] [java.lang.Class] [forName] [FindClass][String] [java.util.Set]
D/S4URC   ( 4913): [SDK] [java.lang.Class] [forName] [FindClass][String] [java.lang.String]
D/S4URC   ( 4913): [SDK] [java.lang.Class] [forName] [FindClass][String] [java.util.HashMap]
D/S4URC   ( 4913): [SDK] [java.lang.Class] [forName] [FindClass][String] [java.lang.String]
D/S4URC   ( 4913): [SDK] [java.lang.Class] [forName] [FindClass][String] [com.startapp.android.publish.model.MetaDataStyle]
D/S4URC   ( 4913): [SDK] [java.lang.Class] [forName] [FindClass][String] [java.util.Set]
D/S4URC   ( 4913): [SDK] [java.lang.Class] [forName] [FindClass][String] [java.lang.String]
D/S4URC   ( 4913): [SDK] [java.lang.Class] [forName] [FindClass][String] [java.util.Set]
D/S4URC   ( 4913): [SDK] [java.lang.Class] [forName] [FindClass][String] [java.lang.String]
D/S4URC   ( 4913): [SDK] [java.lang.Class] [forName] [FindClass][String] [java.util.Set]
D/S4URC   ( 4913): [SDK] [java.lang.Class] [forName] [FindClass][String] [java.lang.String]
D/S4URC   ( 4913): [SDK] [java.lang.Class] [forName] [FindClass][String] [java.util.Map]
D/S4URC   ( 4913): [SDK] [java.lang.Class] [forName] [FindClass][String] [java.lang.String]
D/S4URC   ( 4913): [SDK] [java.io.File] [Constructor] [FilePath][String] [/data/app/com.atef.pencilsketch-1/base.apk]
D/S4URC   ( 4913): [SDK] [java.io.File] [getPath] [FilePath][String] [/data/app/com.atef.pencilsketch-1/base.apk]
D/S4URC   ( 4913): [SDK] [java.io.File] [isDirectory] [FilePath][String] [/data/app/com.atef.pencilsketch-1/base.apk]
D/S4URC   ( 4913): [SDK] [java.lang.Class] [forName] [FindClass][String] [com.apperhand.unity.wrapper.InAppWrapper]
D/S4URC   ( 4913): [SDK] [java.lang.Class] [forName] [FindClass][String] [org.apache.cordova.CordovaPlugin]
D/S4URC   ( 4913): [SDK] [java.lang.Class] [forName] [FindClass][String] [com.startapp.android.mediation.admob.StartAppCustomEvent]
D/S4URC   ( 4913): [SDK] [java.lang.Class] [forName] [FindClass][String] [com.startapp.android.mediation.mopub.StartAppCustomEventInterstitial]
D/S4URC   ( 4913): [SDK] [android.app.ApplicationPackageManager] [getPackageInfo] [FindPackageName][String] [com.atef.pencilsketch]
D/S4URC   ( 4913): [SDK] [android.content.Intent] [Constructor] [IntentInfo][String] [com.google.android.gms.gass.START]
D/S4URC   ( 5003): [SDK] [android.app.ApplicationPackageManager] [getPackageInfo] [FindPackageName][String] [com.atef.pencilsketch]
D/S4URC   ( 5003): [SDK] [java.io.File] [exists] [FilePath][String] [/data/data/com.atef.pencilsketch/files]
D/S4URC   ( 5003): [SDK] [java.io.File] [getPath] [FilePath][String] [/data/data/com.atef.pencilsketch/files]
D/S4URC   ( 5003): [SDK] [java.io.File] [getPath] [FilePath][String] [/data/data/com.atef.pencilsketch/files/log_stack.dat]
D/S4URC   ( 5003): [SDK] [android.app.ApplicationPackageManager] [getPackageInfo] [FindPackageName][String] [com.atef.pencilsketch]
D/S4URC   ( 4913):  [Method][getBoolean] [Boolean][gass:enable_int_signal] [Return][true]
D/S4URC   ( 4913):  [Method][getBoolean] [Boolean][gass:enable_ad_attestation_signal] [Return][true]
D/S4URC   ( 5003): [SDK] [java.io.File] [exists] [FilePath][String] [/data/data/com.atef.pencilsketch/files]
D/S4URC   ( 5003): [SDK] [java.io.File] [getPath] [FilePath][String] [/data/data/com.atef.pencilsketch/files]
D/S4URC   ( 5003): [SDK] [java.io.File] [getPath] [FilePath][String] [/data/data/com.atef.pencilsketch/files/log_stack.dat]
D/S4URC   ( 5003): [SDK] [android.app.ApplicationPackageManager] [getPackageInfo] [FindPackageName][String] [com.atef.pencilsketch]
D/S4URC   ( 5003): [SDK] [java.io.File] [exists] [FilePath][String] [/data/data/com.atef.pencilsketch/files]
D/S4URC   ( 5003): [SDK] [java.io.File] [getPath] [FilePath][String] [/data/data/com.atef.pencilsketch/files]
D/S4URC   ( 5003): [SDK] [java.io.File] [getPath] [FilePath][String] [/data/data/com.atef.pencilsketch/files/log_stack.dat]
D/S4URC   ( 5003): [SDK] [android.app.ApplicationPackageManager] [getPackageInfo] [FindPackageName][String] [com.atef.pencilsketch]
D/S4URC   ( 5003): [SDK] [java.io.File] [exists] [FilePath][String] [/data/data/com.atef.pencilsketch/files]
D/S4URC   ( 5003): [SDK] [java.io.File] [getPath] [FilePath][String] [/data/data/com.atef.pencilsketch/files]
D/S4URC   ( 5003): [SDK] [java.io.File] [getPath] [FilePath][String] [/data/data/com.atef.pencilsketch/files/log_stack.dat]
D/S4URC   ( 5003): [SDK] [android.app.ApplicationPackageManager] [getPackageInfo] [FindPackageName][String] [com.atef.pencilsketch]
D/S4URC   ( 5003): [SDK] [java.io.File] [exists] [FilePath][String] [/data/data/com.atef.pencilsketch/files]
D/S4URC   ( 5003): [SDK] [java.io.File] [getPath] [FilePath][String] [/data/data/com.atef.pencilsketch/files]
D/S4URC   ( 5003): [SDK] [java.io.File] [getPath] [FilePath][String] [/data/data/com.atef.pencilsketch/files/log_stack.dat]
D/S4URC   ( 4913):  [Method][getBoolean] [Boolean][gads:interstitial_ad_pool:enabled] [Return][false]
D/S4URC   ( 4913): [SDK] [android.app.ApplicationPackageManager] [getPackageInfo] [FindPackageName][String] [com.atef.pencilsketch]
D/S4URC   ( 4913): [SDK] [android.content.Intent] [Constructor] [IntentInfo][String] [com.google.android.gms.gass.START]
D/S4URC   ( 4913):  [Method][getBoolean] [Boolean][gass:enable_int_signal] [Return][true]
D/S4URC   ( 4913):  [Method][getBoolean] [Boolean][gass:enable_ad_attestation_signal] [Return][true]
D/S4URC   ( 4913): [SDK] [android.app.ApplicationPackageManager] [getPackageInfo] [FindPackageName][String] [com.atef.pencilsketch]
D/S4URC   ( 4913): [SDK] [android.content.Intent] [Constructor] [IntentInfo][String] [com.google.android.gms.gass.START]
D/S4URC   ( 4913):  [Method][getBoolean] [Boolean][gass:enable_int_signal] [Return][true]
D/S4URC   ( 4913):  [Method][getBoolean] [Boolean][gass:enable_ad_attestation_signal] [Return][true]
D/S4URC   ( 4913): [SDK] [android.app.ApplicationPackageManager] [getPackageInfo] [FindPackageName][String] [com.atef.pencilsketch]
D/S4URC   ( 4913): [SDK] [android.content.Intent] [Constructor] [IntentInfo][String] [com.google.android.gms.gass.START]
D/S4URC   ( 5321): [SDK] [java.lang.Class] [forName] [FindClass][String] [java.net.HttpURLConnection]
D/S4URC   ( 5321): [SDK] [java.lang.Class] [forName] [FindClass][String] [com.android.okhttp.internal.http.HttpURLConnectionImpl]
D/S4URC   ( 5321): [SDK] [java.lang.Class] [forName] [FindClass][String] [java.net.Socket]
D/S4URC   ( 5321): [SDK] [java.lang.Class] [forName] [FindClass][String] [android.telephony.TelephonyManager]
D/S4URC   ( 5321): [SDK] [java.lang.Class] [forName] [FindClass][String] [android.os.Debug]
D/S4URC   ( 5321): [SDK] [java.lang.Class] [forName] [FindClass][String] [android.hardware.SensorManager]
D/S4URC   ( 5321): [SDK] [java.lang.Class] [forName] [FindClass][String] [android.content.res.ResourcesKey]
D/S4URC   ( 5321): [SDK] [java.lang.Class] [forName] [FindClass][String] [android.app.ResourcesManager]
D/S4URC   ( 5321): [SDK] [java.io.File] [Constructor] [FilePath][String] [/data/app/com.atef.pencilsketch-1/base.apk]
D/S4URC   ( 5321): [SDK] [java.io.File] [getPath] [FilePath][String] [/data/data/com.atef.pencilsketch]
D/S4URC   ( 5321): [SDK] [java.io.File] [exists] [FilePath][String] [/data/data/com.atef.pencilsketch/cache]
D/S4URC   ( 5321): [SDK] [java.io.File] [getPath] [FilePath][String] [/data/data/com.atef.pencilsketch/cache]
D/S4URC   ( 5321): [SDK] [android.app.Activity][onCrate] [Class][ComponentInfo{com.atef.pencilsketch/com.atef.pencilsketch.MainActivity}]
D/S4URC   ( 5321): [SDK] [java.io.File] [getPath] [FilePath][String] [/data/data/com.atef.pencilsketch]
D/S4URC   ( 5321): [SDK] [java.io.File] [getPath] [FilePath][String] [/data/data/com.atef.pencilsketch/shared_prefs]
D/S4URC   ( 5321): [SDK] [java.io.File] [getPath] [FilePath][String] [/data/data/com.atef.pencilsketch/shared_prefs/com.startapp.android.publish.xml]
D/S4URC   ( 5321): [SDK] [java.io.File] [Constructor] [FilePath][String] [/data/data/com.atef.pencilsketch/shared_prefs/com.startapp.android.publish.xml.bak]
D/S4URC   ( 5321): [SDK] [java.io.File] [exists] [FilePath][String] [/data/data/com.atef.pencilsketch/shared_prefs/com.startapp.android.publish.xml]
D/S4URC   ( 5321): [SDK] [java.io.File] [canRead] [FilePath][String] [/data/data/com.atef.pencilsketch/shared_prefs/com.startapp.android.publish.xml]
D/S4URC   ( 5321): [SDK] [java.io.File] [getPath] [FilePath][String] [/data/data/com.atef.pencilsketch/shared_prefs/com.startapp.android.publish.xml]
D/S4URC   ( 5321): [SDK] [android.content.ContextWrapper][getSharedPreferences] [File][com.startapp.android.publish.xml] [MODE][MODE_PRIVATE]
D/S4URC   ( 5321): [SDK] [java.io.File] [exists] [FilePath][String] [/data/data/com.atef.pencilsketch/shared_prefs/com.startapp.android.publish.xml.bak]
D/S4URC   ( 5321): [SDK] [java.io.File] [exists] [FilePath][String] [/data/data/com.atef.pencilsketch/shared_prefs/com.startapp.android.publish.xml]
D/S4URC   ( 5321): [SDK] [java.io.File] [canRead] [FilePath][String] [/data/data/com.atef.pencilsketch/shared_prefs/com.startapp.android.publish.xml]
D/S4URC   ( 5321): [SDK] [java.io.File] [getPath] [FilePath][String] [/data/data/com.atef.pencilsketch/shared_prefs/com.startapp.android.publish.xml]
D/S4URC   ( 5321): [SDK] [java.io.File] [canRead] [FilePath][String] [/data/data/com.atef.pencilsketch/shared_prefs/com.startapp.android.publish.xml]
D/S4URC   ( 5321): [SDK] [java.io.File] [getPath] [FilePath][String] [/data/data/com.atef.pencilsketch/shared_prefs/com.startapp.android.publish.xml]
D/S4URC   ( 5321): [SDK] [android.content.ContextWrapper][getSharedPreferences] [File][com.startapp.android.publish.xml] [MODE][MODE_PRIVATE] [Method][getString] [String][metaData] [Return][]
D/S4URC   ( 5321): [SDK] [java.io.File] [getPath] [FilePath][String] [/data/app/com.atef.pencilsketch-1/base.apk]
D/S4URC   ( 5321): [SDK] [java.io.File] [Constructor] [FilePath][String] [/data/app/com.atef.pencilsketch-1/base.apk]
D/S4URC   ( 5321): [SDK] [java.io.File] [getPath] [FilePath][String] [/data/app/com.atef.pencilsketch-1/base.apk]
D/S4URC   ( 5321): [SDK] [java.io.File] [Constructor] [FilePath][String] [/data/app/com.atef.pencilsketch-1/base.apk]
D/S4URC   ( 5321): [SDK] [java.io.File] [getPath] [FilePath][String] [/data/app/com.atef.pencilsketch-1/base.apk]
D/S4URC   ( 5321): [SDK] [java.io.File] [isDirectory] [FilePath][String] [/data/app/com.atef.pencilsketch-1/base.apk]
D/S4URC   ( 5321): [SDK] [java.io.File] [Constructor] [FilePath][String] [/data/app/com.atef.pencilsketch-1/base.apk]
D/S4URC   ( 5321): [SDK] [java.io.File] [getPath] [FilePath][String] [/data/app/com.atef.pencilsketch-1/base.apk]
D/S4URC   ( 5321): [SDK] [java.io.File] [Constructor] [FilePath][String] [/data/app/com.atef.pencilsketch-1/base.apk]
D/S4URC   ( 5321): [SDK] [java.io.File] [getPath] [FilePath][String] [/data/app/com.atef.pencilsketch-1/base.apk]
D/S4URC   ( 5321): [SDK] [java.lang.Class] [forName] [FindClass][String] [com.android.org.conscrypt.OpenSSLSignature$SHA1RSA]
D/S4URC   ( 5321): [SDK] [java.lang.Class] [forName] [FindClass][String] [com.android.org.conscrypt.OpenSSLMessageDigestJDK$SHA1]
D/S4URC   ( 5321): [SDK] [java.lang.Class] [forName] [FindClass][String] [com.apperhand.unity.wrapper.InAppWrapper]
D/S4URC   ( 5321): [SDK] [java.lang.Class] [forName] [FindClass][String] [org.apache.cordova.CordovaPlugin]
D/S4URC   ( 5321): [SDK] [java.lang.Class] [forName] [FindClass][String] [com.startapp.android.mediation.admob.StartAppCustomEvent]
D/S4URC   ( 5321): [SDK] [java.lang.Class] [forName] [FindClass][String] [com.startapp.android.mediation.mopub.StartAppCustomEventInterstitial]
D/S4URC   ( 5321): [SDK] [java.io.File] [Constructor] [FilePath][String] [/data/app/com.atef.pencilsketch-1/base.apk]
D/S4URC   ( 5321): [SDK] [java.io.File] [getPath] [FilePath][String] [/data/app/com.atef.pencilsketch-1/base.apk]
D/S4URC   ( 5321): [SDK] [java.io.File] [isDirectory] [FilePath][String] [/data/app/com.atef.pencilsketch-1/base.apk]
D/S4URC   ( 5321): [SDK] [android.content.ContextWrapper][getSharedPreferences] [File][com.startapp.android.publish.xml] [MODE][MODE_PRIVATE]
D/S4URC   ( 5321): [SDK] [android.content.ContextWrapper][getSharedPreferences] [File][com.startapp.android.publish.xml] [MODE][MODE_PRIVATE] [Method][putString] [Key][shared_prefs_devId] [Value][112666577]
D/S4URC   ( 5321): [SDK] [java.io.File] [exists] [FilePath][String] [/data/data/com.atef.pencilsketch/shared_prefs/com.startapp.android.publish.xml]
D/S4URC   ( 5321): [SDK] [android.content.ContextWrapper][getSharedPreferences] [File][com.startapp.android.publish.xml] [MODE][MODE_PRIVATE] [Method][commit]
D/S4URC   ( 5321): [SDK] [android.content.ContextWrapper][getSharedPreferences] [File][com.startapp.android.publish.xml] [MODE][MODE_PRIVATE] [Method][putString] [Key][shared_prefs_appId] [Value][203214224]
D/S4URC   ( 5321): [SDK] [java.io.File] [exists] [FilePath][String] [/data/data/com.atef.pencilsketch/shared_prefs/com.startapp.android.publish.xml]
D/S4URC   ( 5321): [SDK] [android.content.ContextWrapper][getSharedPreferences] [File][com.startapp.android.publish.xml] [MODE][MODE_PRIVATE] [Method][putString] [Key][shared_prefs_sdk_ad_prefs] [Value][{}]
D/S4URC   ( 5321): [SDK] [java.io.File] [exists] [FilePath][String] [/data/data/com.atef.pencilsketch/shared_prefs/com.startapp.android.publish.xml]
D/S4URC   ( 5321):  [Method][getBoolean] [Boolean][shared_prefs_first_init] [Return][false]
D/S4URC   ( 5321):  [Method][getString] [String][shared_prefs_devId] [Return][112666577]
D/S4URC   ( 5321):  [Method][getString] [String][shared_prefs_appId] [Return][203214224]
D/S4URC   ( 5321): [SDK] [java.io.File] [Constructor] [FilePath][String] [/data/app/com.atef.pencilsketch-1/base.apk]
D/S4URC   ( 5321): [SDK] [java.io.File] [getPath] [FilePath][String] [/data/app/com.atef.pencilsketch-1/base.apk]
D/S4URC   ( 5321): [SDK] [java.io.File] [isDirectory] [FilePath][String] [/data/app/com.atef.pencilsketch-1/base.apk]
D/S4URC   ( 5321): [SDK] [java.lang.Class] [forName] [FindClass][String] [com.apperhand.unity.wrapper.InAppWrapper]
D/S4URC   ( 5321): [SDK] [java.lang.Class] [forName] [FindClass][String] [org.apache.cordova.CordovaPlugin]
D/S4URC   ( 5321): [SDK] [java.lang.Class] [forName] [FindClass][String] [com.startapp.android.mediation.admob.StartAppCustomEvent]
D/S4URC   ( 5321): [SDK] [java.lang.Class] [forName] [FindClass][String] [com.startapp.android.mediation.mopub.StartAppCustomEventInterstitial]
D/S4URC   ( 5321): [SDK] [android.app.ApplicationPackageManager] [getPackageInfo] [FindPackageName][String] [com.android.vending]
D/S4URC   ( 5321): [SDK] [android.content.Intent] [Constructor] [IntentInfo][String] [com.google.android.gms.ads.identifier.service.START]
D/S4URC   ( 5321): [SDK] [android.app.Activity] [startActivityForResult] [Intent][Intent { flg=0x44008000 cmp=com.atef.pencilsketch/com.startapp.android.publish.AppWallActivity (has extras) }] [Exrar][[key:value][testMode:false][AdPreference:AdPreferences [publisherId=null, productId=null, testMode=false, longitude=null, latitude=null, keywords=null, adTag=null, categories=null, categoriesExclude=null]][placement:4][SplashConfig:com.startapp.android.publish.splash.SplashConfig@de4950d]]
D/S4URC   ( 5321): [SDK] [android.content.ContextWrapper] [registerReceiver][IntentFilter][com.startapp.android.splashHidden,
D/S4URC   ( 5321): [SDK] [java.io.File] [getPath] [FilePath][String] [/data/data/com.atef.pencilsketch/shared_prefs]
D/S4URC   ( 5321): [SDK] [java.io.File] [getPath] [FilePath][String] [/data/data/com.atef.pencilsketch/shared_prefs/1%dss#gfs#ge1%dr1%dps#g_s#gds#ge1%drs#gas#ghs#gSs#g_s#ge1%dr1%dos#gCs#ge1%dls#gis#gb1%do1%dm.xml]
D/S4URC   ( 5321): [SDK] [java.io.File] [Constructor] [FilePath][String] [/data/data/com.atef.pencilsketch/shared_prefs/1%dss#gfs#ge1%dr1%dps#g_s#gds#ge1%drs#gas#ghs#gSs#g_s#ge1%dr1%dos#gCs#ge1%dls#gis#gb1%do1%dm.xml.bak]
D/S4URC   ( 5321): [SDK] [java.io.File] [exists] [FilePath][String] [/data/data/com.atef.pencilsketch/shared_prefs/1%dss#gfs#ge1%dr1%dps#g_s#gds#ge1%drs#gas#ghs#gSs#g_s#ge1%dr1%dos#gCs#ge1%dls#gis#gb1%do1%dm.xml]
D/S4URC   ( 5321): [SDK] [java.io.File] [canRead] [FilePath][String] [/data/data/com.atef.pencilsketch/shared_prefs/1%dss#gfs#ge1%dr1%dps#g_s#gds#ge1%drs#gas#ghs#gSs#g_s#ge1%dr1%dos#gCs#ge1%dls#gis#gb1%do1%dm.xml]
D/S4URC   ( 5321): [SDK] [java.io.File] [getPath] [FilePath][String] [/data/data/com.atef.pencilsketch/shared_prefs/1%dss#gfs#ge1%dr1%dps#g_s#gds#ge1%drs#gas#ghs#gSs#g_s#ge1%dr1%dos#gCs#ge1%dls#gis#gb1%do1%dm.xml]
D/S4URC   ( 5321): [SDK] [android.content.ContextWrapper][getSharedPreferences] [File][1%dss#gfs#ge1%dr1%dps#g_s#gds#ge1%drs#gas#ghs#gSs#g_s#ge1%dr1%dos#gCs#ge1%dls#gis#gb1%do1%dm.xml] [MODE][APPEND or MULTI_PROCESS]
D/S4URC   ( 5321): [SDK] [java.io.File] [exists] [FilePath][String] [/data/data/com.atef.pencilsketch/shared_prefs/1%dss#gfs#ge1%dr1%dps#g_s#gds#ge1%drs#gas#ghs#gSs#g_s#ge1%dr1%dos#gCs#ge1%dls#gis#gb1%do1%dm.xml.bak]
D/S4URC   ( 5321): [SDK] [java.io.File] [exists] [FilePath][String] [/data/data/com.atef.pencilsketch/shared_prefs/1%dss#gfs#ge1%dr1%dps#g_s#gds#ge1%drs#gas#ghs#gSs#g_s#ge1%dr1%dos#gCs#ge1%dls#gis#gb1%do1%dm.xml]
D/S4URC   ( 5321): [SDK] [java.io.File] [canRead] [FilePath][String] [/data/data/com.atef.pencilsketch/shared_prefs/1%dss#gfs#ge1%dr1%dps#g_s#gds#ge1%drs#gas#ghs#gSs#g_s#ge1%dr1%dos#gCs#ge1%dls#gis#gb1%do1%dm.xml]
D/S4URC   ( 5321): [SDK] [java.io.File] [getPath] [FilePath][String] [/data/data/com.atef.pencilsketch/shared_prefs/1%dss#gfs#ge1%dr1%dps#g_s#gds#ge1%drs#gas#ghs#gSs#g_s#ge1%dr1%dos#gCs#ge1%dls#gis#gb1%do1%dm.xml]
D/S4URC   ( 5321): [SDK] [java.io.File] [canRead] [FilePath][String] [/data/data/com.atef.pencilsketch/shared_prefs/1%dss#gfs#ge1%dr1%dps#g_s#gds#ge1%drs#gas#ghs#gSs#g_s#ge1%dr1%dos#gCs#ge1%dls#gis#gb1%do1%dm.xml]
D/S4URC   ( 5321): [SDK] [java.io.File] [getPath] [FilePath][String] [/data/data/com.atef.pencilsketch/shared_prefs/1%dss#gfs#ge1%dr1%dps#g_s#gds#ge1%drs#gas#ghs#gSs#g_s#ge1%dr1%dos#gCs#ge1%dls#gis#gb1%do1%dm.xml]
D/S4URC   ( 5321): [SDK] [android.content.ContextWrapper][getSharedPreferences] [File][1%dss#gfs#ge1%dr1%dps#g_s#gds#ge1%drs#gas#ghs#gSs#g_s#ge1%dr1%dos#gCs#ge1%dls#gis#gb1%do1%dm.xml] [MODE][APPEND or MULTI_PROCESS] [Method][putString] [Key][s#ge1%dms#ga1%dns#g_1%dt1%dn1%du1%dos#gcs#gcs#gas#g_1%dss#gfs#ge1%dr1%dp] [Value][s#gfs#g4s#gas#gds#g4]
D/S4URC   ( 5321): [SDK] [android.content.ContextWrapper][getSharedPreferences] [File][1%dss#gfs#ge1%dr1%dps#g_s#gds#ge1%drs#gas#ghs#gSs#g_s#ge1%dr1%dos#gCs#ge1%dls#gis#gb1%do1%dm.xml] [MODE][APPEND or MULTI_PROCESS] [Method][putString] [Key][1%dns#ge1%dk1%do1%dts#g_1%dss#gfs#ge1%dr1%dp] [Value][s#gZs#gVs#gLs#gYs#gJs#gLs#gTs#g0s#gHs#g0s#gTs#g6s#g0s#gXs#gTs#gOs#gHs#g0s#g6s#gLs#g4s#gRs#gXs#gUs#gFs#gAs#gFs#gPs#g7]
D/S4URC   ( 5321): [SDK] [java.io.File] [exists] [FilePath][String] [/data/data/com.atef.pencilsketch/shared_prefs/1%dss#gfs#ge1%dr1%dps#g_s#gds#ge1%drs#gas#ghs#gSs#g_s#ge1%dr1%dos#gCs#ge1%dls#gis#gb1%do1%dm.xml]
D/S4URC   ( 5321): [SDK] [android.content.ContextWrapper][getSharedPreferences] [File][1%dss#gfs#ge1%dr1%dps#g_s#gds#ge1%drs#gas#ghs#gSs#g_s#ge1%dr1%dos#gCs#ge1%dls#gis#gb1%do1%dm.xml] [MODE][APPEND or MULTI_PROCESS] [Method][commit]
D/S4URC   ( 5321): [SDK] [java.io.File] [getPath] [FilePath][String] [/data/data/com.atef.pencilsketch/shared_prefs/1%dss#gfs#ge1%dr1%dps#g_s#gds#ge1%drs#gas#ghs#gSs#g_s#ge1%dr1%dos#gCs#ge1%dls#gis#gb1%do1%dm.xml]
D/S4URC   ( 5321): [SDK] [android.content.ContextWrapper][getSharedPreferences] [File][1%dss#gfs#ge1%dr1%dps#g_s#gds#ge1%drs#gas#ghs#gSs#g_s#ge1%dr1%dos#gCs#ge1%dls#gis#gb1%do1%dm.xml] [MODE][APPEND or MULTI_PROCESS]
D/S4URC   ( 5321): [SDK] [android.content.ContextWrapper][getSharedPreferences] [File][1%dss#gfs#ge1%dr1%dps#g_s#gds#ge1%drs#gas#ghs#gSs#g_s#ge1%dr1%dos#gCs#ge1%dls#gis#gb1%do1%dm.xml] [MODE][APPEND or MULTI_PROCESS] [Method][getString] [String][prefs_first_run] [Return][false]
D/S4URC   ( 5321): [SDK] [java.io.File] [getPath] [FilePath][String] [/data/data/com.atef.pencilsketch/shared_prefs/1%dss#gfs#ge1%dr1%dps#g_s#gds#ge1%drs#gas#ghs#gSs#g_s#ge1%dr1%dos#gCs#ge1%dls#gis#gb1%do1%dm.xml]
D/S4URC   ( 5321): [SDK] [android.content.ContextWrapper][getSharedPreferences] [File][1%dss#gfs#ge1%dr1%dps#g_s#gds#ge1%drs#gas#ghs#gSs#g_s#ge1%dr1%dos#gCs#ge1%dls#gis#gb1%do1%dm.xml] [MODE][APPEND or MULTI_PROCESS]
D/S4URC   ( 5321): [SDK] [android.content.ContextWrapper][getSharedPreferences] [File][1%dss#gfs#ge1%dr1%dps#g_s#gds#ge1%drs#gas#ghs#gSs#g_s#ge1%dr1%dos#gCs#ge1%dls#gis#gb1%do1%dm.xml] [MODE][APPEND or MULTI_PROCESS] [Method][getString] [String][prefs_first_run1.0] [Return][false]
D/S4URC   ( 5321): [SDK] [java.io.File] [getPath] [FilePath][String] [/data/data/com.atef.pencilsketch]
D/S4URC   ( 5321): [SDK] [java.io.File] [exists] [FilePath][String] [/data/data/com.atef.pencilsketch/files]
D/S4URC   ( 5321): [SDK] [java.io.File] [getPath] [FilePath][String] [/data/data/com.atef.pencilsketch/files]
D/S4URC   ( 5321): [SDK] [java.io.File] [exists] [FilePath][String] [/data/data/com.atef.pencilsketch/files/offerwall]
D/S4URC   ( 5321): [SDK] [java.io.File] [exists] [FilePath][String] [/data/data/com.atef.pencilsketch/files]
D/S4URC   ( 5321): [SDK] [java.io.File] [getPath] [FilePath][String] [/data/data/com.atef.pencilsketch/files]
D/S4URC   ( 5321): [SDK] [java.io.File] [exists] [FilePath][String] [/data/data/com.atef.pencilsketch/files/cached_feeds]
D/S4URC   ( 5321): [SDK] [java.io.File] [exists] [FilePath][String] [/data/data/com.atef.pencilsketch/files]
D/S4URC   ( 5321): [SDK] [java.io.File] [getPath] [FilePath][String] [/data/data/com.atef.pencilsketch/files]
D/S4URC   ( 5321): [SDK] [java.io.File] [exists] [FilePath][String] [/data/data/com.atef.pencilsketch/files/cached_media]
D/S4URC   ( 5321): [SDK] [java.io.File] [getPath] [FilePath][String] [/data/data/com.atef.pencilsketch/files/cached_feeds/cache_offerwall-feed.json]
D/S4URC   ( 5321): [SDK] [java.io.File] [Constructor] [FilePath][String] [/data/app/com.atef.pencilsketch-1/base.apk]
D/S4URC   ( 5321): [SDK] [java.io.File] [getPath] [FilePath][String] [/data/app/com.atef.pencilsketch-1/base.apk]
D/S4URC   ( 5321): [SDK] [java.io.File] [isDirectory] [FilePath][String] [/data/app/com.atef.pencilsketch-1/base.apk]
D/S4URC   ( 5321): [SDK] [java.io.File] [exists] [FilePath][String] [/data/data/com.atef.pencilsketch/files]
