D/S4URC   ( 3762): [SDK] [android.content.ContextWrapper][getSharedPreferences] [File][umeng_general_config.xml] [MODE][MODE_PRIVATE]
D/S4URC   ( 3762): [SDK] [android.content.ContextWrapper][getSharedPreferences] [File][umeng_general_config.xml] [MODE][MODE_PRIVATE] [Method][getString] [String][activities] [Return][]
D/S4URC   ( 3762): [SDK] [android.content.ContextWrapper][getSharedPreferences] [File][umeng_general_config.xml] [MODE][MODE_PRIVATE] [Method][putString] [Key][activities] [Value][["org.extent.merrily.downward",3212]]
D/S4URC   ( 3762): [SDK] [java.io.File] [exists] [FilePath][String] [/data/data/org.extent.merrily/shared_prefs/umeng_general_config.xml]
D/S4URC   ( 3762): [NDK] [SYSCALL] [access] [PATH][string] [/data/data/org.extent.merrily/shared_prefs/umeng_general_config.xml]
D/S4URC   ( 3762): [SDK] [java.io.File] [exists] [FilePath][String] [/data/data/org.extent.merrily/shared_prefs/umeng_general_config.xml.bak]
D/S4URC   ( 3762): [NDK] [SYSCALL] [access] [PATH][string] [/data/data/org.extent.merrily/shared_prefs/umeng_general_config.xml.bak]
D/S4URC   ( 3762): [SDK] [java.io.File] [renameTo] [FilePath][String] [/data/data/org.extent.merrily/shared_prefs/umeng_general_config.xml] [DesFile][/data/data/org.extent.merrily/shared_prefs/umeng_general_config.xml.bak]
D/S4URC   ( 3762): [NDK] [SYSCALL] [rename] [ORIG_PATH][string] [/data/data/org.extent.merrily/shared_prefs/umeng_general_config.xml] [NEW_PATH][string] [/data/data/org.extent.merrily/shared_prefs/umeng_general_config.xml.bak]
D/S4URC   ( 3762): [SDK] [java.io.File] [getPath] [FilePath][String] [/data/data/org.extent.merrily/shared_prefs/umeng_general_config.xml]
D/S4URC   ( 3762): [NDK] [SYSCALL] [open] [PATH][string] [/data/data/org.extent.merrily/shared_prefs/umeng_general_config.xml] [RETURN][int] [97]
D/S4URC   ( 3762): [SDK] [java.io.File] [getPath] [FilePath][String] [/data/data/org.extent.merrily/shared_prefs/umeng_general_config.xml]
D/S4URC   ( 3762): [NDK] [SYSCALL] [chmod] [PATH][string] [/data/data/org.extent.merrily/shared_prefs/umeng_general_config.xml] [MODE][int] [0660]
D/S4URC   ( 3762): [SDK] [java.io.File] [getPath] [FilePath][String] [/data/data/org.extent.merrily/shared_prefs/umeng_general_config.xml]
D/S4URC   ( 3762): [NDK] [SYSCALL] [stat] [PATH][string] [/data/data/org.extent.merrily/shared_prefs/umeng_general_config.xml]
D/S4URC   ( 3762): [SDK] [java.io.File] [delete] [FilePath][String] [/data/data/org.extent.merrily/shared_prefs/umeng_general_config.xml.bak]
D/S4URC   ( 3762): [NDK] [SYSCALL] [lstat] [PATH][string] [/data/data/org.extent.merrily/shared_prefs/umeng_general_config.xml.bak]
D/S4URC   ( 3762): [NDK] [SYSCALL] [unlink] [PATH][string] [/data/data/org.extent.merrily/shared_prefs/umeng_general_config.xml.bak]
D/S4URC   ( 3762): [SDK] [java.io.File] [getPath] [FilePath][String] [/data/data/org.extent.merrily/shared_prefs/umeng_general_config.xml]
D/S4URC   ( 3762): [NDK] [SYSCALL] [stat] [PATH][string] [/data/data/org.extent.merrily/shared_prefs/umeng_general_config.xml]
D/S4URC   ( 3762): [SDK] [android.content.ContextWrapper][getSharedPreferences] [File][umeng_general_config.xml] [MODE][MODE_PRIVATE]
D/S4URC   ( 3762): [SDK] [java.io.File] [exists] [FilePath][String] [/data/data/org.extent.merrily/shared_prefs/umeng_general_config.xml]
D/S4URC   ( 3762): [NDK] [SYSCALL] [access] [PATH][string] [/data/data/org.extent.merrily/shared_prefs/umeng_general_config.xml]
D/S4URC   ( 3762): [SDK] [java.io.File] [getPath] [FilePath][String] [/data/data/org.extent.merrily/shared_prefs/umeng_general_config.xml]
D/S4URC   ( 3762): [NDK] [SYSCALL] [stat] [PATH][string] [/data/data/org.extent.merrily/shared_prefs/umeng_general_config.xml]
D/S4URC   ( 3762): [SDK] [android.content.ContextWrapper][getSharedPreferences] [File][umeng_general_config.xml] [MODE][MODE_PRIVATE]
D/S4URC   ( 3762): [SDK] [java.io.File] [exists] [FilePath][String] [/data/data/org.extent.merrily/shared_prefs/umeng_general_config.xml]
D/S4URC   ( 3762): [NDK] [SYSCALL] [access] [PATH][string] [/data/data/org.extent.merrily/shared_prefs/umeng_general_config.xml]
D/S4URC   ( 3762): [NDK] [SYSCALL] [socket] [TYPE][string] [TCP]
D/S4URC   ( 3762): [SDK] [java.io.File] [getPath] [FilePath][String] [/data/data/org.extent.merrily/shared_prefs/twc.xml]
D/S4URC   ( 3762): [NDK] [SYSCALL] [stat] [PATH][string] [/data/data/org.extent.merrily/shared_prefs/twc.xml]
D/S4URC   ( 3762): [SDK] [android.content.ContextWrapper][getSharedPreferences] [File][twc.xml] [MODE][MODE_PRIVATE]
D/S4URC   ( 3762): [NDK] [SYSCALL] [socket] [TYPE][string] [TCP]
D/S4URC   ( 3762): [SDK] [java.io.File] [exists] [FilePath][String] [/data/data/org.extent.merrily/shared_prefs/twc.xml.bak]
D/S4URC   ( 3762): [NDK] [SYSCALL] [access] [PATH][string] [/data/data/org.extent.merrily/shared_prefs/twc.xml.bak]
D/S4URC   ( 3762): [SDK] [java.io.File] [exists] [FilePath][String] [/data/data/org.extent.merrily/shared_prefs/twc.xml]
D/S4URC   ( 3762): [NDK] [SYSCALL] [access] [PATH][string] [/data/data/org.extent.merrily/shared_prefs/twc.xml]
D/S4URC   ( 3762): [SDK] [java.io.File] [getPath] [FilePath][String] [/data/data/org.extent.merrily/shared_prefs/twc.xml]
D/S4URC   ( 3762): [NDK] [SYSCALL] [stat] [PATH][string] [/data/data/org.extent.merrily/shared_prefs/twc.xml]
D/S4URC   ( 3762): [SDK] [android.content.ContextWrapper][getSharedPreferences] [File][twc.xml] [MODE][MODE_PRIVATE] [Method][putLong] [Key][ic_domain_min] [Value][1534142787035]
D/S4URC   ( 3762): [SDK] [java.io.File] [exists] [FilePath][String] [/data/data/org.extent.merrily/shared_prefs/twc.xml]
D/S4URC   ( 3762): [NDK] [SYSCALL] [access] [PATH][string] [/data/data/org.extent.merrily/shared_prefs/twc.xml]
D/S4URC   ( 3762): [SDK] [java.io.File] [getPath] [FilePath][String] [/data/data/org.extent.merrily/shared_prefs/twc.xml]
D/S4URC   ( 3762): [NDK] [SYSCALL] [open] [PATH][string] [/data/data/org.extent.merrily/shared_prefs/twc.xml] [RETURN][int] [75]
D/S4URC   ( 3762): [NDK] [SYSCALL] [socket] [TYPE][string] [TCP]
D/S4URC   ( 3762): [SDK] [java.io.File] [getPath] [FilePath][String] [/data/data/org.extent.merrily/shared_prefs/twc.xml]
D/S4URC   ( 3762): [NDK] [SYSCALL] [chmod] [PATH][string] [/data/data/org.extent.merrily/shared_prefs/twc.xml] [MODE][int] [0660]
D/S4URC   ( 3762): [SDK] [java.io.File] [getPath] [FilePath][String] [/data/data/org.extent.merrily/shared_prefs/twc.xml]
D/S4URC   ( 3762): [NDK] [SYSCALL] [stat] [PATH][string] [/data/data/org.extent.merrily/shared_prefs/twc.xml]
D/S4URC   ( 3762): [SDK] [java.io.File] [delete] [FilePath][String] [/data/data/org.extent.merrily/shared_prefs/twc.xml.bak]
D/S4URC   ( 3762): [NDK] [SYSCALL] [lstat] [PATH][string] [/data/data/org.extent.merrily/shared_prefs/twc.xml.bak]
D/S4URC   ( 3762): [NDK] [SYSCALL] [socket] [TYPE][string] [TCP]
D/S4URC   ( 3762): [SDK] [java.io.File] [exists] [FilePath][String] [/data/data/org.extent.merrily/files]
D/S4URC   ( 3762): [NDK] [SYSCALL] [access] [PATH][string] [/data/data/org.extent.merrily/files]
D/S4URC   ( 3762): [SDK] [java.io.File] [getPath] [FilePath][String] [/data/data/org.extent.merrily/files]
D/S4URC   ( 3762): [SDK] [java.io.File] [getPath] [FilePath][String] [/data/data/org.extent.merrily/files/getlei.info]
D/S4URC   ( 3762): [NDK] [SYSCALL] [open] [PATH][string] [/data/data/org.extent.merrily/files/getlei.info] [RETURN][int] [75]
D/S4URC   ( 3762): [SDK] [java.io.File] [getPath] [FilePath][String] [/data/data/org.extent.merrily/files/getlei.info]
D/S4URC   ( 3762): [NDK] [SYSCALL] [chmod] [PATH][string] [/data/data/org.extent.merrily/files/getlei.info] [MODE][int] [0660]
D/S4URC   ( 3762): [SDK] [java.io.File] [getPath] [FilePath][String] [/data/data/org.extent.merrily/shared_prefs/umeng_general_config.xml]
D/S4URC   ( 3762): [NDK] [SYSCALL] [stat] [PATH][string] [/data/data/org.extent.merrily/shared_prefs/umeng_general_config.xml]
D/S4URC   ( 3762): [SDK] [android.content.ContextWrapper][getSharedPreferences] [File][umeng_general_config.xml] [MODE][MODE_PRIVATE]
D/S4URC   ( 3762): [SDK] [android.content.ContextWrapper][getSharedPreferences] [File][umeng_general_config.xml] [MODE][MODE_PRIVATE] [Method][getString] [String][signature] [Return][3e29d23216d3be899026d5cd9c0a418db2d77261b5d0e882c557afa62275715b]
D/S4URC   ( 3762): [SDK] [java.io.File] [exists] [FilePath][String] [/data/data/org.extent.merrily/files]
D/S4URC   ( 3762): [NDK] [SYSCALL] [access] [PATH][string] [/data/data/org.extent.merrily/files]
D/S4URC   ( 3762): [SDK] [java.io.File] [getPath] [FilePath][String] [/data/data/org.extent.merrily/files]
D/S4URC   ( 3762): [SDK] [java.io.File] [getPath] [FilePath][String] [/data/data/org.extent.merrily/files/.imprint]
D/S4URC   ( 3762): [NDK] [SYSCALL] [open] [PATH][string] [/data/data/org.extent.merrily/files/.imprint] [RETURN][int] [75]
D/S4URC   ( 3762): [SDK] [java.io.File] [getPath] [FilePath][String] [/data/data/org.extent.merrily/files/umeng_it.cache]
D/S4URC   ( 3762): [NDK] [SYSCALL] [open] [PATH][string] [/data/data/org.extent.merrily/files/umeng_it.cache] [RETURN][int] [75]
D/S4URC   ( 3762): [SDK] [java.io.File] [getPath] [FilePath][String] [/data/data/org.extent.merrily/shared_prefs/umeng_general_config.xml]
D/S4URC   ( 3762): [NDK] [SYSCALL] [stat] [PATH][string] [/data/data/org.extent.merrily/shared_prefs/umeng_general_config.xml]
D/S4URC   ( 3762): [SDK] [android.content.ContextWrapper][getSharedPreferences] [File][umeng_general_config.xml] [MODE][MODE_PRIVATE]
D/S4URC   ( 3762): [SDK] [android.content.ContextWrapper][getSharedPreferences] [File][umeng_general_config.xml] [MODE][MODE_PRIVATE] [Method][putInt] [Key][successful_request] [Value][1]
D/S4URC   ( 3762): [SDK] [android.content.ContextWrapper][getSharedPreferences] [File][umeng_general_config.xml] [MODE][MODE_PRIVATE] [Method][putInt] [Key][failed_requests ] [Value][0]
D/S4URC   ( 3762): [SDK] [android.content.ContextWrapper][getSharedPreferences] [File][umeng_general_config.xml] [MODE][MODE_PRIVATE] [Method][putInt] [Key][last_request_spent_ms] [Value][4219]
D/S4URC   ( 3762): [SDK] [android.content.ContextWrapper][getSharedPreferences] [File][umeng_general_config.xml] [MODE][MODE_PRIVATE] [Method][putLong] [Key][last_request_time] [Value][1534142782854]
D/S4URC   ( 3762): [SDK] [android.content.ContextWrapper][getSharedPreferences] [File][umeng_general_config.xml] [MODE][MODE_PRIVATE] [Method][putLong] [Key][last_req] [Value][1534142782854]
D/S4URC   ( 3762): [SDK] [java.io.File] [exists] [FilePath][String] [/data/data/org.extent.merrily/shared_prefs/umeng_general_config.xml]
D/S4URC   ( 3762): [NDK] [SYSCALL] [access] [PATH][string] [/data/data/org.extent.merrily/shared_prefs/umeng_general_config.xml]
D/S4URC   ( 3762): [SDK] [java.io.File] [exists] [FilePath][String] [/data/data/org.extent.merrily/shared_prefs/umeng_general_config.xml.bak]
D/S4URC   ( 3762): [NDK] [SYSCALL] [access] [PATH][string] [/data/data/org.extent.merrily/shared_prefs/umeng_general_config.xml.bak]
D/S4URC   ( 3762): [SDK] [java.io.File] [renameTo] [FilePath][String] [/data/data/org.extent.merrily/shared_prefs/umeng_general_config.xml] [DesFile][/data/data/org.extent.merrily/shared_prefs/umeng_general_config.xml.bak]
D/S4URC   ( 3762): [NDK] [SYSCALL] [rename] [ORIG_PATH][string] [/data/data/org.extent.merrily/shared_prefs/umeng_general_config.xml] [NEW_PATH][string] [/data/data/org.extent.merrily/shared_prefs/umeng_general_config.xml.bak]
D/S4URC   ( 3762): [SDK] [java.io.File] [getPath] [FilePath][String] [/data/data/org.extent.merrily/shared_prefs/umeng_general_config.xml]
D/S4URC   ( 3762): [NDK] [SYSCALL] [open] [PATH][string] [/data/data/org.extent.merrily/shared_prefs/umeng_general_config.xml] [RETURN][int] [75]
D/S4URC   ( 3762): [SDK] [android.content.ContextWrapper][getSharedPreferences] [File][umeng_general_config.xml] [MODE][MODE_PRIVATE] [Method][putLong] [Key][QueryDataReciveTime] [Value][1534142787195]
D/S4URC   ( 3762): [SDK] [java.io.File] [exists] [FilePath][String] [/data/data/org.extent.merrily/shared_prefs/zplugin_query.xml]
D/S4URC   ( 3762): [NDK] [SYSCALL] [access] [PATH][string] [/data/data/org.extent.merrily/shared_prefs/zplugin_query.xml]
D/S4URC   ( 3762): [SDK] [java.io.File] [getPath] [FilePath][String] [/data/data/org.extent.merrily/shared_prefs/zplugin_query.xml]
D/S4URC   ( 3762): [NDK] [SYSCALL] [open] [PATH][string] [/data/data/org.extent.merrily/shared_prefs/zplugin_query.xml] [RETURN][int] [77]
D/S4URC   ( 3762): [SDK] [java.io.File] [getPath] [FilePath][String] [/data/data/org.extent.merrily/shared_prefs/umeng_general_config.xml]
D/S4URC   ( 3762): [NDK] [SYSCALL] [chmod] [PATH][string] [/data/data/org.extent.merrily/shared_prefs/umeng_general_config.xml] [MODE][int] [0660]
D/S4URC   ( 3762): [SDK] [java.io.File] [getPath] [FilePath][String] [/data/data/org.extent.merrily/shared_prefs/umeng_general_config.xml]
D/S4URC   ( 3762): [NDK] [SYSCALL] [stat] [PATH][string] [/data/data/org.extent.merrily/shared_prefs/umeng_general_config.xml]
D/S4URC   ( 3762): [SDK] [java.io.File] [delete] [FilePath][String] [/data/data/org.extent.merrily/shared_prefs/umeng_general_config.xml.bak]
D/S4URC   ( 3762): [NDK] [SYSCALL] [lstat] [PATH][string] [/data/data/org.extent.merrily/shared_prefs/umeng_general_config.xml.bak]
D/S4URC   ( 3762): [NDK] [SYSCALL] [unlink] [PATH][string] [/data/data/org.extent.merrily/shared_prefs/umeng_general_config.xml.bak]
D/S4URC   ( 3762): [SDK] [java.io.File] [listFiles] [FilePath][String] [/data/data/org.extent.merrily/files/.um]
D/S4URC   ( 3762): [SDK] [java.io.File] [list] [FilePath][String] [/data/data/org.extent.merrily/files/.um]
D/S4URC   ( 3762): [NDK] [SYSCALL] [open] [PATH][string] [/data/data/org.extent.merrily/files/.um] [RETURN][int] [75]
D/S4URC   ( 3762): [NDK] [SYSCALL] [getdents] [PATH][string] [..]
D/S4URC   ( 3762): [SDK] [java.io.File] [listFiles] [FilePath][String] [/data/data/org.extent.merrily/files/.um]
D/S4URC   ( 3762): [SDK] [java.io.File] [list] [FilePath][String] [/data/data/org.extent.merrily/files/.um]
D/S4URC   ( 3762): [NDK] [SYSCALL] [open] [PATH][string] [/data/data/org.extent.merrily/files/.um] [RETURN][int] [75]
D/S4URC   ( 3762): [NDK] [SYSCALL] [getdents] [PATH][string] [..]
D/S4URC   ( 3762): [SDK] [java.io.File] [getPath] [FilePath][String] [/data/data/org.extent.merrily/shared_prefs/umeng_general_config.xml]
D/S4URC   ( 3762): [NDK] [SYSCALL] [stat] [PATH][string] [/data/data/org.extent.merrily/shared_prefs/umeng_general_config.xml]
D/S4URC   ( 3762): [SDK] [android.content.ContextWrapper][getSharedPreferences] [File][umeng_general_config.xml] [MODE][MODE_PRIVATE]
D/S4URC   ( 3762): [SDK] [android.content.ContextWrapper][getSharedPreferences] [File][umeng_general_config.xml] [MODE][MODE_PRIVATE] [Method][getInt] [Int][versioncode] [Return][0]
D/S4URC   ( 3762): [SDK] [android.app.ApplicationPackageManager] [getPackageInfo] [FindPackageName][String] [org.extent.merrily]
D/S4URC   ( 3762): [SDK] [java.io.File] [exists] [FilePath][String] [/data/data/org.extent.merrily/files]
D/S4URC   ( 3762): [NDK] [SYSCALL] [access] [PATH][string] [/data/data/org.extent.merrily/files]
D/S4URC   ( 3762): [SDK] [java.io.File] [getPath] [FilePath][String] [/data/data/org.extent.merrily/shared_prefs/zplugin_query.xml]
D/S4URC   ( 3762): [NDK] [SYSCALL] [chmod] [PATH][string] [/data/data/org.extent.merrily/shared_prefs/zplugin_query.xml] [MODE][int] [0660]
D/S4URC   ( 3762): [NDK] [SYSCALL] [stat] [PATH][string] [/data/data/org.extent.merrily/files/mobclick_agent_cached_org.extent.merrily0]
D/S4URC   ( 3762): [SDK] [java.io.File] [getPath] [FilePath][String] [/data/data/org.extent.merrily/shared_prefs/zplugin_query.xml]
D/S4URC   ( 3762): [SDK] [java.io.File] [exists] [FilePath][String] [/data/data/org.extent.merrily/files/mobclick_agent_cached_org.extent.merrily0]
D/S4URC   ( 3762): [NDK] [SYSCALL] [stat] [PATH][string] [/data/data/org.extent.merrily/shared_prefs/zplugin_query.xml]
D/S4URC   ( 3762): [NDK] [SYSCALL] [access] [PATH][string] [/data/data/org.extent.merrily/files/mobclick_agent_cached_org.extent.merrily0]
D/S4URC   ( 3762): [SDK] [java.io.File] [delete] [FilePath][String] [/data/data/org.extent.merrily/shared_prefs/zplugin_query.xml.bak]
D/S4URC   ( 3762): [NDK] [SYSCALL] [lstat] [PATH][string] [/data/data/org.extent.merrily/shared_prefs/zplugin_query.xml.bak]
D/S4URC   ( 3762): [SDK] [java.io.File] [exists] [FilePath][String] [/data/data/org.extent.merrily/files/mobclick_agent_cached_org.extent.merrily0]
D/S4URC   ( 3762): [NDK] [SYSCALL] [access] [PATH][string] [/data/data/org.extent.merrily/files/mobclick_agent_cached_org.extent.merrily0]
D/S4URC   ( 3762): [SDK] [java.io.File] [Constructor] [FilePath][String] [/proc/cpuinfo]
D/S4URC   ( 3762): [SDK] [java.io.File] [getPath] [FilePath][String] [/proc/cpuinfo]
D/S4URC   ( 3762): [SDK] [android.content.ContextWrapper][getSharedPreferences] [File][umeng_general_config.xml] [MODE][MODE_PRIVATE] [Method][putLong] [Key][NextReqInterval] [Value][86400]
D/S4URC   ( 3762): [NDK] [SYSCALL] [open] [PATH][string] [/proc/cpuinfo] [RETURN][int] [75]
D/S4URC   ( 3762): [SDK] [java.io.File] [exists] [FilePath][String] [/data/data/org.extent.merrily/shared_prefs/zplugin_query.xml]
D/S4URC   ( 3762): [NDK] [SYSCALL] [access] [PATH][string] [/data/data/org.extent.merrily/shared_prefs/zplugin_query.xml]
D/S4URC   ( 3762): [SDK] [java.io.File] [exists] [FilePath][String] [/data/data/org.extent.merrily/shared_prefs/zplugin_query.xml.bak]
D/S4URC   ( 3762): [NDK] [SYSCALL] [access] [PATH][string] [/data/data/org.extent.merrily/shared_prefs/zplugin_query.xml.bak]
D/S4URC   ( 3762): [SDK] [java.io.File] [renameTo] [FilePath][String] [/data/data/org.extent.merrily/shared_prefs/zplugin_query.xml] [DesFile][/data/data/org.extent.merrily/shared_prefs/zplugin_query.xml.bak]
D/S4URC   ( 3762): [NDK] [SYSCALL] [rename] [ORIG_PATH][string] [/data/data/org.extent.merrily/shared_prefs/zplugin_query.xml] [NEW_PATH][string] [/data/data/org.extent.merrily/shared_prefs/zplugin_query.xml.bak]
D/S4URC   ( 3762): [SDK] [java.io.File] [getPath] [FilePath][String] [/data/data/org.extent.merrily/shared_prefs/zplugin_query.xml]
D/S4URC   ( 3762): [NDK] [SYSCALL] [open] [PATH][string] [/data/data/org.extent.merrily/shared_prefs/zplugin_query.xml] [RETURN][int] [75]
D/S4URC   ( 3762): [SDK] [java.io.File] [getPath] [FilePath][String] [/data/data/org.extent.merrily/shared_prefs/umeng_general_config.xml]
D/S4URC   ( 3762): [NDK] [SYSCALL] [stat] [PATH][string] [/data/data/org.extent.merrily/shared_prefs/umeng_general_config.xml]
D/S4URC   ( 3762): [SDK] [android.content.ContextWrapper][getSharedPreferences] [File][umeng_general_config.xml] [MODE][MODE_PRIVATE]
D/S4URC   ( 3762): [SDK] [android.content.ContextWrapper][getSharedPreferences] [File][umeng_general_config.xml] [MODE][MODE_PRIVATE] [Method][getString] [String][st] [Return][null]
D/S4URC   ( 3762): [SDK] [java.io.File] [getPath] [FilePath][String] [/data/data/org.extent.merrily/shared_prefs/umeng_general_config.xml]
D/S4URC   ( 3762): [NDK] [SYSCALL] [stat] [PATH][string] [/data/data/org.extent.merrily/shared_prefs/umeng_general_config.xml]
D/S4URC   ( 3762): [SDK] [android.content.ContextWrapper][getSharedPreferences] [File][umeng_general_config.xml] [MODE][MODE_PRIVATE]
D/S4URC   ( 3762): [SDK] [android.content.ContextWrapper][getSharedPreferences] [File][umeng_general_config.xml] [MODE][MODE_PRIVATE] [Method][getInt] [Int][vt] [Return][0]
D/S4URC   ( 3762): [SDK] [java.io.File] [getPath] [FilePath][String] [/data/data/org.extent.merrily/shared_prefs/umeng_general_config.xml]
D/S4URC   ( 3762): [NDK] [SYSCALL] [stat] [PATH][string] [/data/data/org.extent.merrily/shared_prefs/umeng_general_config.xml]
D/S4URC   ( 3762): [SDK] [android.content.ContextWrapper][getSharedPreferences] [File][umeng_general_config.xml] [MODE][MODE_PRIVATE]
D/S4URC   ( 3762): [SDK] [android.app.ApplicationPackageManager] [getPackageInfo] [FindPackageName][String] [org.extent.merrily]
D/S4URC   ( 3762): [SDK] [java.io.File] [getPath] [FilePath][String] [/data/data/org.extent.merrily/shared_prefs/zplugin_query.xml]
D/S4URC   ( 3762): [NDK] [SYSCALL] [chmod] [PATH][string] [/data/data/org.extent.merrily/shared_prefs/zplugin_query.xml] [MODE][int] [0660]
D/S4URC   ( 3762): [SDK] [java.io.File] [getPath] [FilePath][String] [/data/data/org.extent.merrily/shared_prefs/zplugin_query.xml]
D/S4URC   ( 3762): [NDK] [SYSCALL] [stat] [PATH][string] [/data/data/org.extent.merrily/shared_prefs/zplugin_query.xml]
D/S4URC   ( 3762): [SDK] [java.io.File] [delete] [FilePath][String] [/data/data/org.extent.merrily/shared_prefs/zplugin_query.xml.bak]
D/S4URC   ( 3762): [NDK] [SYSCALL] [lstat] [PATH][string] [/data/data/org.extent.merrily/shared_prefs/zplugin_query.xml.bak]
D/S4URC   ( 3762): [NDK] [SYSCALL] [unlink] [PATH][string] [/data/data/org.extent.merrily/shared_prefs/zplugin_query.xml.bak]
D/S4URC   ( 3762): [SDK] [java.io.File] [getPath] [FilePath][String] [/storage/sdcard0]
D/S4URC   ( 3762): [SDK] [android.app.ApplicationPackageManager] [getPackageInfo] [FindPackageName][String] [org.extent.merrily]
D/S4URC   ( 3762): [SDK] [android.os.Environment] [getExternalStorageDirectory] [DirectoryPath][String] [/storage/sdcard0]
D/S4URC   ( 3762): [SDK] [android.content.ContextWrapper] [registerReceiver][IntentFilter][download_action_10ADC.94.new.data,
D/S4URC   ( 3762):  [Method][getInt] [Int][versioncode] [Return][0]
D/S4URC   ( 3762):  [Method][getString] [String][versionname] [Return][1.2.5]
D/S4URC   ( 3762): [SDK] [android.app.ApplicationPackageManager] [getPackageInfo] [FindPackageName][String] [org.extent.merrily]
D/S4URC   ( 3762): [SDK] [java.io.File] [Constructor] [FilePath][String] [/storage/sdcard0/Android/data/3949BA59/10ADC.94.new.data]
D/S4URC   ( 3762): [SDK] [java.io.File] [exists] [FilePath][String] [/storage/sdcard0/Android/data/3949BA59/10ADC.94.new.data]
D/S4URC   ( 3762): [NDK] [SYSCALL] [access] [PATH][string] [/storage/sdcard0/Android/data/3949BA59/10ADC.94.new.data]
D/S4URC   ( 3762): [SDK] [java.io.File] [Constructor] [FilePath][String] [/storage/sdcard0/Android/data/3949BA59/10ADC.94.new.data.temp]
D/S4URC   ( 3762): [SDK] [java.io.File] [exists] [FilePath][String] [/storage/sdcard0/Android/data/3949BA59/10ADC.94.new.data.temp]
D/S4URC   ( 3762): [NDK] [SYSCALL] [access] [PATH][string] [/storage/sdcard0/Android/data/3949BA59/10ADC.94.new.data.temp]
D/S4URC   ( 3762): [SDK] [java.io.File] [getPath] [FilePath][String] [/data/data/org.extent.merrily/shared_prefs/umeng_general_config.xml]
D/S4URC   ( 3762): [NDK] [SYSCALL] [stat] [PATH][string] [/data/data/org.extent.merrily/shared_prefs/umeng_general_config.xml]
D/S4URC   ( 3762): [SDK] [android.content.ContextWrapper][getSharedPreferences] [File][umeng_general_config.xml] [MODE][MODE_PRIVATE]
D/S4URC   ( 3762): [SDK] [android.content.ContextWrapper][getSharedPreferences] [File][umeng_general_config.xml] [MODE][MODE_PRIVATE] [Method][getInt] [Int][vt] [Return][0]
D/S4URC   ( 3762): [SDK] [java.io.File] [getPath] [FilePath][String] [/data/data/org.extent.merrily/shared_prefs/umeng_general_config.xml]
D/S4URC   ( 3762): [NDK] [SYSCALL] [stat] [PATH][string] [/data/data/org.extent.merrily/shared_prefs/umeng_general_config.xml]
D/S4URC   ( 3762): [SDK] [android.content.ContextWrapper][getSharedPreferences] [File][umeng_general_config.xml] [MODE][MODE_PRIVATE]
D/S4URC   ( 3762): [SDK] [java.net] [HttpURLConnection] [URL][String] [http://dl.elevensky.net/apkf/3rdapk2/M01/17/59/wKhklVm7xkKARPATAACct46a37k919.apk]
D/S4URC   ( 3762): [SDK] [android.content.ContextWrapper][getSharedPreferences] [File][umeng_general_config.xml] [MODE][MODE_PRIVATE] [Method][getInt] [Int][vt] [Return][0]
D/S4URC   ( 3762): [SDK] [java.io.File] [getPath] [FilePath][String] [/data/data/org.extent.merrily/shared_prefs/umeng_general_config.xml]
D/S4URC   ( 3762): [NDK] [SYSCALL] [stat] [PATH][string] [/data/data/org.extent.merrily/shared_prefs/umeng_general_config.xml]
D/S4URC   ( 3762): [SDK] [android.content.ContextWrapper][getSharedPreferences] [File][umeng_general_config.xml] [MODE][MODE_PRIVATE]
D/S4URC   ( 3762): [SDK] [android.content.ContextWrapper][getSharedPreferences] [File][umeng_general_config.xml] [MODE][MODE_PRIVATE] [Method][getInt] [Int][vt] [Return][0]
D/S4URC   ( 3762): [SDK] [java.io.File] [getPath] [FilePath][String] [/data/data/org.extent.merrily/shared_prefs/umeng_general_config.xml]
D/S4URC   ( 3762): [NDK] [SYSCALL] [stat] [PATH][string] [/data/data/org.extent.merrily/shared_prefs/umeng_general_config.xml]
D/S4URC   ( 3762): [SDK] [android.content.ContextWrapper][getSharedPreferences] [File][umeng_general_config.xml] [MODE][MODE_PRIVATE]
D/S4URC   ( 3762): [SDK] [android.content.ContextWrapper][getSharedPreferences] [File][umeng_general_config.xml] [MODE][MODE_PRIVATE] [Method][getInt] [Int][vt] [Return][0]
D/S4URC   ( 3762): [SDK] [android.os.Environment] [getRootDirectory]
D/S4URC   ( 3762): [SDK] [java.io.File] [getPath] [FilePath][String] [/system]
D/S4URC   ( 3762): [SDK] [java.io.File] [getPath] [FilePath][String] [/system/build.prop]
D/S4URC   ( 3762): [SDK] [android.os.Environment] [getRootDirectory]
D/S4URC   ( 3762): [SDK] [java.io.File] [getPath] [FilePath][String] [/system]
D/S4URC   ( 3762): [SDK] [java.io.File] [getPath] [FilePath][String] [/system/build.prop]
D/S4URC   ( 3878): [SDK] [android.content.ContextWrapper][getSharedPreferences] [File][WebViewChromiumPrefs.xml] [MODE][MODE_PRIVATE] [Method][putLong] [Key][QueryDataReciveTime] [Value][1534142787259]
D/S4URC   ( 3878): [SDK] [java.io.File] [exists] [FilePath][String] [/data/data/org.extent.merrily/shared_prefs/zplugin_query.xml]
D/S4URC   ( 3878): [SDK] [java.io.File] [exists] [FilePath][String] [/data/data/org.extent.merrily/shared_prefs/zplugin_query.xml.bak]
D/S4URC   ( 3878): [SDK] [java.io.File] [renameTo] [FilePath][String] [/data/data/org.extent.merrily/shared_prefs/zplugin_query.xml] [DesFile][/data/data/org.extent.merrily/shared_prefs/zplugin_query.xml.bak]
D/S4URC   ( 3878): [SDK] [java.io.File] [getPath] [FilePath][String] [/data/data/org.extent.merrily/shared_prefs/zplugin_query.xml]
D/S4URC   ( 3762): [SDK] [android.telephony.TelephonyManager] [getSubscriberId]
D/S4URC   ( 3878): [SDK] [java.io.File] [getPath] [FilePath][String] [/data/data/org.extent.merrily/shared_prefs/zplugin_query.xml]
D/S4URC   ( 3878): [SDK] [java.io.File] [delete] [FilePath][String] [/data/data/org.extent.merrily/shared_prefs/zplugin_query.xml.bak]
D/S4URC   ( 3762): [SDK] [java.io.File] [getPath] [FilePath][String] [/data/data/org.extent.merrily/shared_prefs/umeng_general_config.xml]
D/S4URC   ( 3762): [NDK] [SYSCALL] [stat] [PATH][string] [/data/data/org.extent.merrily/shared_prefs/umeng_general_config.xml]
D/S4URC   ( 3878): [SDK] [android.content.ContextWrapper][getSharedPreferences] [File][WebViewChromiumPrefs.xml] [MODE][MODE_PRIVATE] [Method][commit]
D/S4URC   ( 3762): [SDK] [android.content.ContextWrapper][getSharedPreferences] [File][umeng_general_config.xml] [MODE][MODE_PRIVATE]
D/S4URC   ( 3762): [SDK] [android.content.ContextWrapper][getSharedPreferences] [File][umeng_general_config.xml] [MODE][MODE_PRIVATE] [Method][getInt] [Int][failed_requests ] [Return][0]
D/S4URC   ( 3878): [SDK] [android.content.ContextWrapper][getSharedPreferences] [File][WebViewChromiumPrefs.xml] [MODE][MODE_PRIVATE] [Method][putLong] [Key][NextReqInterval] [Value][86400]
D/S4URC   ( 3762): [SDK] [android.content.ContextWrapper][getSharedPreferences] [File][umeng_general_config.xml] [MODE][MODE_PRIVATE] [Method][getInt] [Int][successful_request] [Return][1]
D/S4URC   ( 3762): [SDK] [android.content.ContextWrapper][getSharedPreferences] [File][umeng_general_config.xml] [MODE][MODE_PRIVATE] [Method][getInt] [Int][last_request_spent_ms] [Return][4219]
D/S4URC   ( 3878): [SDK] [java.io.File] [exists] [FilePath][String] [/data/data/org.extent.merrily/shared_prefs/zplugin_query.xml]
D/S4URC   ( 3878): [SDK] [java.io.File] [exists] [FilePath][String] [/data/data/org.extent.merrily/shared_prefs/zplugin_query.xml.bak]
D/S4URC   ( 3762): [SDK] [java.io.File] [getPath] [FilePath][String] [/data/data/org.extent.merrily/shared_prefs/umeng_general_config.xml]
D/S4URC   ( 3878): [SDK] [java.io.File] [renameTo] [FilePath][String] [/data/data/org.extent.merrily/shared_prefs/zplugin_query.xml] [DesFile][/data/data/org.extent.merrily/shared_prefs/zplugin_query.xml.bak]
D/S4URC   ( 3762): [NDK] [SYSCALL] [stat] [PATH][string] [/data/data/org.extent.merrily/shared_prefs/umeng_general_config.xml]
D/S4URC   ( 3762): [SDK] [android.content.ContextWrapper][getSharedPreferences] [File][umeng_general_config.xml] [MODE][MODE_PRIVATE]
D/S4URC   ( 3762): [SDK] [android.content.ContextWrapper][getSharedPreferences] [File][umeng_general_config.xml] [MODE][MODE_PRIVATE] [Method][getString] [String][userlevel] [Return][]
D/S4URC   ( 3762): [SDK] [java.io.File] [Constructor] [FilePath][String] [/data/data/org.extent.merrily/databases/cc/cc.db]
D/S4URC   ( 3878): [SDK] [java.io.File] [getPath] [FilePath][String] [/data/data/org.extent.merrily/shared_prefs/zplugin_query.xml]
D/S4URC   ( 3762): [SDK] [java.io.File] [getParent] [FilePath][String] [/data/data/org.extent.merrily/databases/cc/cc.db]
D/S4URC   ( 3762): [SDK] [java.io.File] [Constructor] [FilePath][String] [/data/data/org.extent.merrily/databases/cc]
D/S4URC   ( 3762): [SDK] [java.io.File] [exists] [FilePath][String] [/data/data/org.extent.merrily/databases/cc]
D/S4URC   ( 3762): [NDK] [SYSCALL] [access] [PATH][string] [/data/data/org.extent.merrily/databases/cc]
D/S4URC   ( 3762): [NDK] [SYSCALL] [stat] [PATH][string] [/data/data/org.extent.merrily/databases/cc/cc.db]
D/S4URC   ( 3762): [NDK] [SYSCALL] [open] [PATH][string] [/data/data/org.extent.merrily/databases/cc/cc.db] [RETURN][int] [77]
D/S4URC   ( 3762): [NDK] [SYSCALL] [stat] [PATH][string] [/data/data/org.extent.merrily/databases/cc/cc.db]
D/S4URC   ( 3762): [NDK] [SYSCALL] [access] [PATH][string] [/data/data/org.extent.merrily/databases/cc/cc.db-journal]
D/S4URC   ( 3762): [NDK] [SYSCALL] [stat] [PATH][string] [/data/data/org.extent.merrily/databases/cc/cc.db-journal]
D/S4URC   ( 3762): [NDK] [SYSCALL] [stat] [PATH][string] [/data/data/org.extent.merrily/databases/cc/cc.db]
D/S4URC   ( 3762): [NDK] [SYSCALL] [open] [PATH][string] [/data/data/org.extent.merrily/databases/cc/cc.db-journal] [RETURN][int] [86]
D/S4URC   ( 3762): [NDK] [SYSCALL] [access] [PATH][string] [/data/data/org.extent.merrily/databases/cc/cc.db-wal]
D/S4URC   ( 3762): [NDK] [SYSCALL] [access] [PATH][string] [/data/data/org.extent.merrily/databases/cc/cc.db-journal]
D/S4URC   ( 3762): [NDK] [SYSCALL] [stat] [PATH][string] [/data/data/org.extent.merrily/databases/cc/cc.db-journal]
D/S4URC   ( 3762): [NDK] [SYSCALL] [stat] [PATH][string] [/data/data/org.extent.merrily/databases/cc/cc.db]
D/S4URC   ( 3762): [NDK] [SYSCALL] [open] [PATH][string] [/data/data/org.extent.merrily/databases/cc/cc.db-journal] [RETURN][int] [92]
D/S4URC   ( 3762): [NDK] [SYSCALL] [access] [PATH][string] [/data/data/org.extent.merrily/databases/cc/cc.db-wal]
D/S4URC   ( 3762): [NDK] [SYSCALL] [access] [PATH][string] [/data/data/org.extent.merrily/databases/cc/cc.db-journal]
D/S4URC   ( 3762): [NDK] [SYSCALL] [stat] [PATH][string] [/data/data/org.extent.merrily/databases/cc/cc.db-journal]
D/S4URC   ( 3762): [NDK] [SYSCALL] [stat] [PATH][string] [/data/data/org.extent.merrily/databases/cc/cc.db]
D/S4URC   ( 3762): [NDK] [SYSCALL] [open] [PATH][string] [/data/data/org.extent.merrily/databases/cc/cc.db-journal] [RETURN][int] [94]
D/S4URC   ( 3762): [NDK] [SYSCALL] [access] [PATH][string] [/data/data/org.extent.merrily/databases/cc/cc.db-wal]
D/S4URC   ( 3762): [NDK] [SYSCALL] [access] [PATH][string] [/data/data/org.extent.merrily/databases/cc/cc.db-journal]
D/S4URC   ( 3762): [NDK] [SYSCALL] [stat] [PATH][string] [/data/data/org.extent.merrily/databases/cc/cc.db-journal]
D/S4URC   ( 3762): [NDK] [SYSCALL] [stat] [PATH][string] [/data/data/org.extent.merrily/databases/cc/cc.db]
D/S4URC   ( 3762): [NDK] [SYSCALL] [open] [PATH][string] [/data/data/org.extent.merrily/databases/cc/cc.db-journal] [RETURN][int] [86]
D/S4URC   ( 3762): [NDK] [SYSCALL] [access] [PATH][string] [/data/data/org.extent.merrily/databases/cc/cc.db-wal]
D/S4URC   ( 3762): [NDK] [SYSCALL] [access] [PATH][string] [/data/data/org.extent.merrily/databases/cc/cc.db-journal]
D/S4URC   ( 3762): [NDK] [SYSCALL] [stat] [PATH][string] [/data/data/org.extent.merrily/databases/cc/cc.db-journal]
D/S4URC   ( 3762): [NDK] [SYSCALL] [stat] [PATH][string] [/data/data/org.extent.merrily/databases/cc/cc.db]
D/S4URC   ( 3762): [NDK] [SYSCALL] [open] [PATH][string] [/data/data/org.extent.merrily/databases/cc/cc.db-journal] [RETURN][int] [92]
D/S4URC   ( 3762): [NDK] [SYSCALL] [access] [PATH][string] [/data/data/org.extent.merrily/databases/cc/cc.db-wal]
D/S4URC   ( 3762): [NDK] [SYSCALL] [stat] [PATH][string] [/data/data/org.extent.merrily/databases/cc/cc.db]
D/S4URC   ( 3762): [SDK] [java.io.File] [Constructor] [FilePath][String] [/data/data/org.extent.merrily/databases/cc/cc.db]
D/S4URC   ( 3762): [SDK] [java.io.File] [getParent] [FilePath][String] [/data/data/org.extent.merrily/databases/cc/cc.db]
D/S4URC   ( 3762): [SDK] [java.io.File] [Constructor] [FilePath][String] [/data/data/org.extent.merrily/databases/cc]
D/S4URC   ( 3762): [SDK] [java.io.File] [exists] [FilePath][String] [/data/data/org.extent.merrily/databases/cc]
D/S4URC   ( 3762): [NDK] [SYSCALL] [access] [PATH][string] [/data/data/org.extent.merrily/databases/cc]
D/S4URC   ( 3762): [NDK] [SYSCALL] [stat] [PATH][string] [/data/data/org.extent.merrily/databases/cc/cc.db]
D/S4URC   ( 3762): [NDK] [SYSCALL] [open] [PATH][string] [/data/data/org.extent.merrily/databases/cc/cc.db] [RETURN][int] [86]
D/S4URC   ( 3762): [NDK] [SYSCALL] [stat] [PATH][string] [/data/data/org.extent.merrily/databases/cc/cc.db]
D/S4URC   ( 3762): [NDK] [SYSCALL] [access] [PATH][string] [/data/data/org.extent.merrily/databases/cc/cc.db-journal]
D/S4URC   ( 3762): [NDK] [SYSCALL] [stat] [PATH][string] [/data/data/org.extent.merrily/databases/cc/cc.db-journal]
D/S4URC   ( 3762): [NDK] [SYSCALL] [stat] [PATH][string] [/data/data/org.extent.merrily/databases/cc/cc.db]
D/S4URC   ( 3762): [NDK] [SYSCALL] [open] [PATH][string] [/data/data/org.extent.merrily/databases/cc/cc.db-journal] [RETURN][int] [97]
D/S4URC   ( 3762): [NDK] [SYSCALL] [access] [PATH][string] [/data/data/org.extent.merrily/databases/cc/cc.db-wal]
D/S4URC   ( 3878): [SDK] [java.io.File] [getPath] [FilePath][String] [/data/data/org.extent.merrily/shared_prefs/zplugin_query.xml]
D/S4URC   ( 3762): [NDK] [SYSCALL] [access] [PATH][string] [/data/data/org.extent.merrily/databases/cc/cc.db-journal]
D/S4URC   ( 3762): [NDK] [SYSCALL] [stat] [PATH][string] [/data/data/org.extent.merrily/databases/cc/cc.db-journal]
D/S4URC   ( 3762): [NDK] [SYSCALL] [stat] [PATH][string] [/data/data/org.extent.merrily/databases/cc/cc.db]
D/S4URC   ( 3762): [NDK] [SYSCALL] [open] [PATH][string] [/data/data/org.extent.merrily/databases/cc/cc.db-journal] [RETURN][int] [77]
D/S4URC   ( 3762): [NDK] [SYSCALL] [access] [PATH][string] [/data/data/org.extent.merrily/databases/cc/cc.db-wal]
D/S4URC   ( 3762): [NDK] [SYSCALL] [access] [PATH][string] [/data/data/org.extent.merrily/databases/cc/cc.db-journal]
D/S4URC   ( 3762): [NDK] [SYSCALL] [stat] [PATH][string] [/data/data/org.extent.merrily/databases/cc/cc.db-journal]
D/S4URC   ( 3762): [NDK] [SYSCALL] [stat] [PATH][string] [/data/data/org.extent.merrily/databases/cc/cc.db]
D/S4URC   ( 3762): [NDK] [SYSCALL] [open] [PATH][string] [/data/data/org.extent.merrily/databases/cc/cc.db-journal] [RETURN][int] [77]
D/S4URC   ( 3762): [NDK] [SYSCALL] [access] [PATH][string] [/data/data/org.extent.merrily/databases/cc/cc.db-wal]
D/S4URC   ( 3762): [NDK] [SYSCALL] [access] [PATH][string] [/data/data/org.extent.merrily/databases/cc/cc.db-journal]
D/S4URC   ( 3762): [NDK] [SYSCALL] [stat] [PATH][string] [/data/data/org.extent.merrily/databases/cc/cc.db-journal]
D/S4URC   ( 3762): [NDK] [SYSCALL] [stat] [PATH][string] [/data/data/org.extent.merrily/databases/cc/cc.db]
D/S4URC   ( 3762): [NDK] [SYSCALL] [open] [PATH][string] [/data/data/org.extent.merrily/databases/cc/cc.db-journal] [RETURN][int] [77]
D/S4URC   ( 3762): [NDK] [SYSCALL] [access] [PATH][string] [/data/data/org.extent.merrily/databases/cc/cc.db-wal]
D/S4URC   ( 3762): [NDK] [SYSCALL] [access] [PATH][string] [/data/data/org.extent.merrily/databases/cc/cc.db-journal]
D/S4URC   ( 3762): [NDK] [SYSCALL] [stat] [PATH][string] [/data/data/org.extent.merrily/databases/cc/cc.db-journal]
D/S4URC   ( 3762): [NDK] [SYSCALL] [stat] [PATH][string] [/data/data/org.extent.merrily/databases/cc/cc.db]
D/S4URC   ( 3762): [NDK] [SYSCALL] [open] [PATH][string] [/data/data/org.extent.merrily/databases/cc/cc.db-journal] [RETURN][int] [92]
D/S4URC   ( 3762): [NDK] [SYSCALL] [access] [PATH][string] [/data/data/org.extent.merrily/databases/cc/cc.db-wal]
D/S4URC   ( 3762): [NDK] [SYSCALL] [stat] [PATH][string] [/data/data/org.extent.merrily/databases/cc/cc.db]
D/S4URC   ( 3878): [SDK] [java.io.File] [getPath] [FilePath][String] [/data/data/org.extent.merrily/shared_prefs/zplugin_query.xml]
D/S4URC   ( 3762): [SDK] [java.io.File] [getPath] [FilePath][String] [/data/data/org.extent.merrily/shared_prefs/mobclick_agent_user_org.extent.merrily.xml]
D/S4URC   ( 3762): [NDK] [SYSCALL] [stat] [PATH][string] [/data/data/org.extent.merrily/shared_prefs/mobclick_agent_user_org.extent.merrily.xml]
D/S4URC   ( 3878): [SDK] [java.io.File] [delete] [FilePath][String] [/data/data/org.extent.merrily/shared_prefs/zplugin_query.xml.bak]
D/S4URC   ( 3762): [SDK] [android.content.ContextWrapper][getSharedPreferences] [File][mobclick_agent_user_org.extent.merrily.xml] [MODE][MODE_PRIVATE]
D/S4URC   ( 3878): [SDK] [java.io.File] [getPath] [FilePath][String] [/storage/sdcard0]
D/S4URC   ( 3762): [SDK] [android.app.ApplicationPackageManager] [getPackageInfo] [FindPackageName][String] [org.extent.merrily]
D/S4URC   ( 3878): [SDK] [java.io.File] [Constructor] [FilePath][String] [/storage/sdcard0/Android/data/3949BA59/10ADC.94.new.data]
D/S4URC   ( 3878): [SDK] [java.net] [HttpURLConnection] [URL][String] [http://dl.elevensky.net/apkf/3rdapk2/M01/17/59/wKhklVm7xkKARPATAACct46a37k919.apk]
D/S4URC   ( 3762): [SDK] [java.io.File] [getPath] [FilePath][String] [/data/data/org.extent.merrily/shared_prefs/umeng_general_config.xml]
D/S4URC   ( 3762): [NDK] [SYSCALL] [stat] [PATH][string] [/data/data/org.extent.merrily/shared_prefs/umeng_general_config.xml]
D/S4URC   ( 3762): [SDK] [android.content.ContextWrapper][getSharedPreferences] [File][umeng_general_config.xml] [MODE][MODE_PRIVATE]
D/S4URC   ( 3762): [NDK] [SYSCALL] [rename] [ORIG_PATH][string] [/data/data/org.extent.merrily/shared_prefs/umeng_general_config.xml] [NEW_PATH][string] [/data/data/org.extent.merrily/shared_prefs/umeng_general_config.xml.bak]
D/S4URC   ( 3762): [NDK] [SYSCALL] [socket] [TYPE][string] [TCP]
D/S4URC   ( 3762): [SDK] [java.io.File] [Constructor] [FilePath][String] [/storage/sdcard0/Android/data/3949BA59/]
D/S4URC   ( 3762): [SDK] [java.io.File] [mkdirs] [FilePath][String] [/storage/sdcard0/Android/data/3949BA59]
D/S4URC   ( 3762): [NDK] [SYSCALL] [mkdir] [PATH][string] [/storage/sdcard0/Android/data/3949BA59] [MODE][int] [0700]
D/S4URC   ( 3878): [SDK] [java.io.File] [Constructor] [FilePath][String] [/storage/sdcard0/Android/data/3949BA59/]
D/S4URC   ( 3878): [SDK] [java.io.File] [mkdirs] [FilePath][String] [/storage/sdcard0/Android/data/3949BA59]
D/S4URC   ( 3762): [SDK] [java.io.File] [Constructor] [FilePath][String] [/storage/sdcard0/Android/data/3949BA59/10ADC.94.new.data.temp]
D/S4URC   ( 3762): [SDK] [java.io.File] [exists] [FilePath][String] [/storage/sdcard0/Android/data/3949BA59/10ADC.94.new.data.temp]
D/S4URC   ( 3762): [NDK] [SYSCALL] [access] [PATH][string] [/storage/sdcard0/Android/data/3949BA59/10ADC.94.new.data.temp]
D/S4URC   ( 3878): [SDK] [java.io.File] [Constructor] [FilePath][String] [/storage/sdcard0/Android/data/3949BA59/10ADC.94.new.data.temp]
D/S4URC   ( 3878): [SDK] [java.io.File] [exists] [FilePath][String] [/storage/sdcard0/Android/data/3949BA59/10ADC.94.new.data.temp]
D/S4URC   ( 3762): [SDK] [java.io.File] [createNewFile] [FilePath][String] [/storage/sdcard0/Android/data/3949BA59/10ADC.94.new.data.temp]
D/S4URC   ( 3762): [NDK] [SYSCALL] [open] [PATH][string] [/storage/sdcard0/Android/data/3949BA59/10ADC.94.new.data.temp] [RETURN][int] [77]
D/S4URC   ( 3762): [NDK] [SYSCALL] [stat] [PATH][string] [/storage/sdcard0/Android/data/3949BA59/10ADC.94.new.data.temp]
D/S4URC   ( 3878): [SDK] [java.io.File] [canWrite] [FilePath][String] [/storage/sdcard0/Android/data/3949BA59/10ADC.94.new.data.temp]
D/S4URC   ( 3762): [SDK] [java.io.File] [getPath] [FilePath][String] [/storage/sdcard0/Android/data/3949BA59/10ADC.94.new.data.temp]
D/S4URC   ( 3878): [SDK] [java.io.File] [getPath] [FilePath][String] [/storage/sdcard0/Android/data/3949BA59/10ADC.94.new.data.temp]
D/S4URC   ( 3762): [NDK] [SYSCALL] [open] [PATH][string] [/storage/sdcard0/Android/data/3949BA59/10ADC.94.new.data.temp] [RETURN][int] [86]
D/S4URC   ( 3762): [SDK] [android.content.Intent] [Constructor] [IntentInfo][String] [download_action_10ADC.94.new.data]
D/S4URC   ( 3762): [SDK] [android.content.ContextWrapper] [sendBroadcast] [Intent] Intent { act=download_action_10ADC.94.new.data (has extras) } [ExtraInfo][key:value][download_totalsize:40119][download_cursize:961][download_status:0]
D/S4URC   ( 3878): [SDK] [android.content.Intent] [Constructor] [IntentInfo][String] [download_action_10ADC.94.new.data]
D/S4URC   ( 3878): [SDK] [android.content.ContextWrapper] [sendBroadcast] [Intent] Intent { act=download_action_10ADC.94.new.data (has extras) } [ExtraInfo][key:value][download_totalsize:40119][download_cursize:1549][download_status:0]
D/S4URC   ( 3762): [SDK] [java.io.File] [Constructor] [FilePath][String] [/storage/sdcard0/Android/data/3949BA59/10ADC.94.new.data]
D/S4URC   ( 3762): [SDK] [java.io.File] [renameTo] [FilePath][String] [/storage/sdcard0/Android/data/3949BA59/10ADC.94.new.data.temp] [DesFile][/storage/sdcard0/Android/data/3949BA59/10ADC.94.new.data]
D/S4URC   ( 3762): [NDK] [SYSCALL] [rename] [ORIG_PATH][string] [/storage/sdcard0/Android/data/3949BA59/10ADC.94.new.data.temp] [NEW_PATH][string] [/storage/sdcard0/Android/data/3949BA59/10ADC.94.new.data]
D/S4URC   ( 3878): [SDK] [java.io.File] [Constructor] [FilePath][String] [/storage/sdcard0/Android/data/3949BA59/10ADC.94.new.data]
D/S4URC   ( 3878): [SDK] [java.io.File] [renameTo] [FilePath][String] [/storage/sdcard0/Android/data/3949BA59/10ADC.94.new.data.temp] [DesFile][/storage/sdcard0/Android/data/3949BA59/10ADC.94.new.data]
D/S4URC   ( 3762): [SDK] [android.content.Intent] [Constructor] [IntentInfo][String] [download_action_10ADC.94.new.data]
D/S4URC   ( 3878): [SDK] [java.io.File] [delete] [FilePath][String] [/storage/sdcard0/Android/data/3949BA59/10ADC.94.new.data.temp]
D/S4URC   ( 3762): [SDK] [android.content.ContextWrapper] [sendBroadcast] [Intent] Intent { act=download_action_10ADC.94.new.data (has extras) } [ExtraInfo][key:value][download_totalsize:40119][download_cursize:40119][download_status:1][download_exstr:null]
D/S4URC   ( 3878): [SDK] [android.content.Intent] [Constructor] [IntentInfo][String] [download_action_10ADC.94.new.data]
