D/S4URC   ( 3681): [SDK] [java.lang.Class] [forName] [FindClass][String] [java.net.HttpURLConnection]
D/S4URC   ( 3681): [SDK] [java.lang.Class] [forName] [FindClass][String] [com.android.okhttp.internal.http.HttpURLConnectionImpl]
D/S4URC   ( 3681): [SDK] [java.lang.Class] [forName] [FindClass][String] [java.net.Socket]
D/S4URC   ( 3681): [SDK] [java.lang.Class] [forName] [FindClass][String] [android.telephony.TelephonyManager]
D/S4URC   ( 3681): [SDK] [java.lang.Class] [forName] [FindClass][String] [android.os.Debug]
D/S4URC   ( 3681): [SDK] [java.lang.Class] [forName] [FindClass][String] [android.hardware.SensorManager]
D/S4URC   ( 3681): [SDK] [java.lang.Class] [forName] [FindClass][String] [android.content.res.ResourcesKey]
D/S4URC   ( 3681): [SDK] [java.lang.Class] [forName] [FindClass][String] [android.app.ResourcesManager]
D/S4URC   ( 3681): [SDK] [java.io.File] [Constructor] [FilePath][String] [/data/app/com.sd.manerg-1/base.apk]
D/S4URC   ( 3681): [SDK] [java.io.File] [getPath] [FilePath][String] [/data/data/com.sd.manerg]
D/S4URC   ( 3681): [SDK] [java.io.File] [exists] [FilePath][String] [/data/data/com.sd.manerg/cache]
D/S4URC   ( 3681): [SDK] [java.io.File] [mkdirs] [FilePath][String] [/data/data/com.sd.manerg/cache]
D/S4URC   ( 3681): [SDK] [java.io.File] [getPath] [FilePath][String] [/data/data/com.sd.manerg/cache]
D/S4URC   ( 3681): [SDK] [java.io.File] [getPath] [FilePath][String] [/data/data/com.sd.manerg]
D/S4URC   ( 3681): [SDK] [java.io.File] [getPath] [FilePath][String] [/data/data/com.sd.manerg/shared_prefs]
D/S4URC   ( 3681): [SDK] [java.io.File] [getPath] [FilePath][String] [/data/data/com.sd.manerg/shared_prefs/umeng_event_snapshot.xml]
D/S4URC   ( 3681): [SDK] [java.io.File] [Constructor] [FilePath][String] [/data/data/com.sd.manerg/shared_prefs/umeng_event_snapshot.xml.bak]
D/S4URC   ( 3681): [SDK] [java.io.File] [exists] [FilePath][String] [/data/data/com.sd.manerg/shared_prefs/umeng_event_snapshot.xml]
D/S4URC   ( 3681): [SDK] [android.content.ContextWrapper][getSharedPreferences] [File][umeng_event_snapshot.xml] [MODE][MODE_PRIVATE]
D/S4URC   ( 3681): [SDK] [java.io.File] [exists] [FilePath][String] [/data/data/com.sd.manerg/shared_prefs/umeng_event_snapshot.xml.bak]
D/S4URC   ( 3681): [SDK] [java.io.File] [exists] [FilePath][String] [/data/data/com.sd.manerg/shared_prefs/umeng_event_snapshot.xml]
D/S4URC   ( 3681): [SDK] [java.io.File] [getPath] [FilePath][String] [/data/data/com.sd.manerg/shared_prefs/umeng_event_snapshot.xml]
D/S4URC   ( 3681): [SDK] [java.io.File] [getPath] [FilePath][String] [/data/data/com.sd.manerg/shared_prefs]
D/S4URC   ( 3681): [SDK] [java.io.File] [getPath] [FilePath][String] [/data/data/com.sd.manerg/shared_prefs/umeng_general_config.xml]
D/S4URC   ( 3681): [SDK] [java.io.File] [Constructor] [FilePath][String] [/data/data/com.sd.manerg/shared_prefs/umeng_general_config.xml.bak]
D/S4URC   ( 3681): [SDK] [java.io.File] [exists] [FilePath][String] [/data/data/com.sd.manerg/shared_prefs/umeng_general_config.xml]
D/S4URC   ( 3681): [SDK] [android.content.ContextWrapper][getSharedPreferences] [File][umeng_general_config.xml] [MODE][MODE_PRIVATE]
D/S4URC   ( 3681): [SDK] [java.io.File] [exists] [FilePath][String] [/data/data/com.sd.manerg/shared_prefs/umeng_general_config.xml.bak]
D/S4URC   ( 3681): [SDK] [java.io.File] [exists] [FilePath][String] [/data/data/com.sd.manerg/shared_prefs/umeng_general_config.xml]
D/S4URC   ( 3681): [SDK] [java.io.File] [getPath] [FilePath][String] [/data/data/com.sd.manerg/shared_prefs/umeng_general_config.xml]
D/S4URC   ( 3681): [SDK] [android.content.ContextWrapper][getSharedPreferences] [File][umeng_general_config.xml] [MODE][MODE_PRIVATE] [Method][getInt] [Int][successful_request] [Return][0]
D/S4URC   ( 3681): [SDK] [android.content.ContextWrapper][getSharedPreferences] [File][umeng_general_config.xml] [MODE][MODE_PRIVATE] [Method][getInt] [Int][failed_requests ] [Return][0]
D/S4URC   ( 3681): [SDK] [android.content.ContextWrapper][getSharedPreferences] [File][umeng_general_config.xml] [MODE][MODE_PRIVATE] [Method][getInt] [Int][last_request_spent_ms] [Return][0]
D/S4URC   ( 3681): [SDK] [android.content.ContextWrapper][getSharedPreferences] [File][umeng_general_config.xml] [MODE][MODE_PRIVATE] [Method][getIong] [Iong][last_request_time] [Return][0]
D/S4URC   ( 3681): [SDK] [android.content.ContextWrapper][getSharedPreferences] [File][umeng_general_config.xml] [MODE][MODE_PRIVATE] [Method][getIong] [Iong][last_req] [Return][0]
D/S4URC   ( 3681): [SDK] [java.io.File] [getPath] [FilePath][String] [/data/data/com.sd.manerg]
D/S4URC   ( 3681): [SDK] [java.io.File] [exists] [FilePath][String] [/data/data/com.sd.manerg/files]
D/S4URC   ( 3681): [SDK] [java.io.File] [mkdirs] [FilePath][String] [/data/data/com.sd.manerg/files]
D/S4URC   ( 3681): [SDK] [java.io.File] [getPath] [FilePath][String] [/data/data/com.sd.manerg/files]
D/S4URC   ( 3681): [SDK] [java.io.File] [exists] [FilePath][String] [/data/data/com.sd.manerg/files/.um]
D/S4URC   ( 3681): [SDK] [java.io.File] [mkdir] [FilePath][String] [/data/data/com.sd.manerg/files/.um]
D/S4URC   ( 3681): [SDK] [java.io.File] [exists] [FilePath][String] [/data/data/com.sd.manerg/files]
D/S4URC   ( 3681): [SDK] [java.io.File] [getPath] [FilePath][String] [/data/data/com.sd.manerg/files]
D/S4URC   ( 3681): [SDK] [java.io.File] [exists] [FilePath][String] [/data/data/com.sd.manerg/files/.imprint]
D/S4URC   ( 3681): [SDK] [java.io.File] [getPath] [FilePath][String] [/data/data/com.sd.manerg/shared_prefs/umeng_general_config.xml]
D/S4URC   ( 3681): [SDK] [android.content.ContextWrapper][getSharedPreferences] [File][umeng_general_config.xml] [MODE][MODE_PRIVATE]
D/S4URC   ( 3681): [SDK] [java.io.File] [exists] [FilePath][String] [/data/data/com.sd.manerg/shared_prefs/umeng_general_config.xml.bak]
D/S4URC   ( 3681): [SDK] [java.io.File] [exists] [FilePath][String] [/data/data/com.sd.manerg/shared_prefs/umeng_general_config.xml]
D/S4URC   ( 3681): [SDK] [java.io.File] [getPath] [FilePath][String] [/data/data/com.sd.manerg/shared_prefs/umeng_general_config.xml]
D/S4URC   ( 3681): [SDK] [android.content.ContextWrapper][getSharedPreferences] [File][umeng_general_config.xml] [MODE][MODE_PRIVATE] [Method][getString] [String][signature] [Return][null]
D/S4URC   ( 3681): [SDK] [java.io.File] [getPath] [FilePath][String] [/data/data/com.sd.manerg/shared_prefs/umeng_general_config.xml]
D/S4URC   ( 3681): [SDK] [android.content.ContextWrapper][getSharedPreferences] [File][umeng_general_config.xml] [MODE][MODE_PRIVATE]
D/S4URC   ( 3681): [SDK] [java.io.File] [exists] [FilePath][String] [/data/data/com.sd.manerg/shared_prefs/umeng_general_config.xml.bak]
D/S4URC   ( 3681): [SDK] [java.io.File] [exists] [FilePath][String] [/data/data/com.sd.manerg/shared_prefs/umeng_general_config.xml]
D/S4URC   ( 3681): [SDK] [java.io.File] [getPath] [FilePath][String] [/data/data/com.sd.manerg/shared_prefs/umeng_general_config.xml]
D/S4URC   ( 3681): [SDK] [android.content.ContextWrapper][getSharedPreferences] [File][umeng_general_config.xml] [MODE][MODE_PRIVATE] [Method][getIong] [Iong][thtstart] [Return][0]
D/S4URC   ( 3681): [SDK] [android.content.ContextWrapper][getSharedPreferences] [File][umeng_general_config.xml] [MODE][MODE_PRIVATE] [Method][getInt] [Int][gkvc] [Return][0]
D/S4URC   ( 3681): [SDK] [android.content.ContextWrapper][getSharedPreferences] [File][umeng_general_config.xml] [MODE][MODE_PRIVATE] [Method][getInt] [Int][ekvc] [Return][0]
D/S4URC   ( 3681): [SDK] [java.io.File] [getPath] [FilePath][String] [/data/data/com.sd.manerg/shared_prefs/umeng_general_config.xml]
D/S4URC   ( 3681): [SDK] [android.content.ContextWrapper][getSharedPreferences] [File][umeng_general_config.xml] [MODE][MODE_PRIVATE]
D/S4URC   ( 3681): [SDK] [java.io.File] [exists] [FilePath][String] [/data/data/com.sd.manerg/shared_prefs/umeng_general_config.xml.bak]
D/S4URC   ( 3681): [SDK] [java.io.File] [exists] [FilePath][String] [/data/data/com.sd.manerg/shared_prefs/umeng_general_config.xml]
D/S4URC   ( 3681): [SDK] [java.io.File] [getPath] [FilePath][String] [/data/data/com.sd.manerg/shared_prefs/umeng_general_config.xml]
D/S4URC   ( 3681): [SDK] [android.content.ContextWrapper][getSharedPreferences] [File][umeng_general_config.xml] [MODE][MODE_PRIVATE] [Method][getIong] [Iong][a_start_time] [Return][0]
D/S4URC   ( 3681): [SDK] [android.content.ContextWrapper][getSharedPreferences] [File][umeng_general_config.xml] [MODE][MODE_PRIVATE] [Method][getIong] [Iong][a_end_time] [Return][0]
D/S4URC   ( 3681): [SDK] [java.io.File] [getPath] [FilePath][String] [/data/data/com.sd.manerg/shared_prefs]
D/S4URC   ( 3681): [SDK] [java.io.File] [getPath] [FilePath][String] [/data/data/com.sd.manerg/shared_prefs/d_permit.xml]
D/S4URC   ( 3681): [SDK] [java.io.File] [Constructor] [FilePath][String] [/data/data/com.sd.manerg/shared_prefs/d_permit.xml.bak]
D/S4URC   ( 3681): [SDK] [java.io.File] [exists] [FilePath][String] [/data/data/com.sd.manerg/shared_prefs/d_permit.xml]
D/S4URC   ( 3681): [SDK] [android.content.ContextWrapper][getSharedPreferences] [File][d_permit.xml] [MODE][MODE_PRIVATE]
D/S4URC   ( 3681): [SDK] [java.io.File] [exists] [FilePath][String] [/data/data/com.sd.manerg/shared_prefs/d_permit.xml.bak]
D/S4URC   ( 3681): [SDK] [java.io.File] [exists] [FilePath][String] [/data/data/com.sd.manerg/shared_prefs/d_permit.xml]
D/S4URC   ( 3681): [SDK] [java.io.File] [getPath] [FilePath][String] [/data/data/com.sd.manerg/shared_prefs/d_permit.xml]
D/S4URC   ( 3681): [SDK] [android.content.ContextWrapper][getSharedPreferences] [File][d_permit.xml] [MODE][MODE_PRIVATE] [Method][getBoolean] [Boolean][permitted] [Return][true]
D/S4URC   ( 3681): [SDK] [java.io.File] [Constructor] [FilePath][String] [/proc/3681/cmdline]
D/S4URC   ( 3681): [SDK] [java.io.File] [getPath] [FilePath][String] [/proc/3681/cmdline]
D/S4URC   ( 3681): [SDK] [java.io.File] [getPath] [FilePath][String] [/data/data/com.sd.manerg]
D/S4URC   ( 3681): [SDK] [java.io.File] [exists] [FilePath][String] [/data/data/com.sd.manerg/app_bin]
D/S4URC   ( 3681): [SDK] [java.io.File] [mkdir] [FilePath][String] [/data/data/com.sd.manerg/app_bin]
D/S4URC   ( 3681): [SDK] [java.io.File] [getPath] [FilePath][String] [/data/data/com.sd.manerg/app_bin]
D/S4URC   ( 3681): [SDK] [java.io.File] [exists] [FilePath][String] [/data/data/com.sd.manerg/app_bin/libvdp_a1.so]
D/S4URC   ( 3681): [SDK] [java.io.File] [getParent] [FilePath][String] [/data/data/com.sd.manerg/app_bin/libvdp_a1.so]
D/S4URC   ( 3681): [SDK] [java.io.File] [Constructor] [FilePath][String] [/data/data/com.sd.manerg/app_bin]
D/S4URC   ( 3681): [SDK] [java.io.File] [exists] [FilePath][String] [/data/data/com.sd.manerg/app_bin]
D/S4URC   ( 3681): [SDK] [java.io.File] [getPath] [FilePath][String] [/data/data/com.sd.manerg/app_bin/libvdp_a1.so]
D/S4URC   ( 3681): [SDK] [java.io.File] [getPath] [FilePath][String] [/data/data/com.sd.manerg]
D/S4URC   ( 3681): [SDK] [java.io.File] [exists] [FilePath][String] [/data/data/com.sd.manerg/app_vdp_indicators]
D/S4URC   ( 3681): [SDK] [java.io.File] [mkdir] [FilePath][String] [/data/data/com.sd.manerg/app_vdp_indicators]
D/S4URC   ( 3681): [SDK] [java.io.File] [getPath] [FilePath][String] [/data/data/com.sd.manerg/app_vdp_indicators]
D/S4URC   ( 3681): [SDK] [java.io.File] [exists] [FilePath][String] [/data/data/com.sd.manerg/app_vdp_indicators]
D/S4URC   ( 3681): [SDK] [java.io.File] [getPath] [FilePath][String] [/data/data/com.sd.manerg/app_vdp_indicators]
D/S4URC   ( 3681): [SDK] [java.io.File] [exists] [FilePath][String] [/data/data/com.sd.manerg/app_vdp_indicators/vdp_indicator_p]
D/S4URC   ( 3681): [SDK] [java.io.File] [createNewFile] [FilePath][String] [/data/data/com.sd.manerg/app_vdp_indicators/vdp_indicator_p]
D/S4URC   ( 3681): [SDK] [java.io.File] [getPath] [FilePath][String] [/data/data/com.sd.manerg/app_vdp_indicators]
D/S4URC   ( 3681): [SDK] [java.io.File] [exists] [FilePath][String] [/data/data/com.sd.manerg/app_vdp_indicators/vdp_indicator_d]
D/S4URC   ( 3681): [SDK] [java.io.File] [createNewFile] [FilePath][String] [/data/data/com.sd.manerg/app_vdp_indicators/vdp_indicator_d]
D/S4URC   ( 3681): [SDK] [android.app.ApplicationPackageManager] [getApplicationInfo] [FindApplicationName][String] [com.sd.manerg]
D/S4URC   ( 3681): [SDK] [java.lang.Class] [forName] [FindClass][String] [com.android.org.conscrypt.OpenSSLMessageDigestJDK$MD5]
D/S4URC   ( 3681): [SDK] [java.io.File] [getPath] [FilePath][String] [/data/data/com.sd.manerg/shared_prefs/umeng_general_config.xml]
D/S4URC   ( 3681): [SDK] [android.content.ContextWrapper][getSharedPreferences] [File][umeng_general_config.xml] [MODE][MODE_PRIVATE]
D/S4URC   ( 3681): [SDK] [java.io.File] [exists] [FilePath][String] [/data/data/com.sd.manerg/shared_prefs/umeng_general_config.xml.bak]
D/S4URC   ( 3681): [SDK] [java.io.File] [exists] [FilePath][String] [/data/data/com.sd.manerg/shared_prefs/umeng_general_config.xml]
D/S4URC   ( 3681): [SDK] [java.io.File] [getPath] [FilePath][String] [/data/data/com.sd.manerg/shared_prefs/umeng_general_config.xml]
D/S4URC   ( 3681): [SDK] [android.content.ContextWrapper][getSharedPreferences] [File][umeng_general_config.xml] [MODE][MODE_PRIVATE] [Method][getString] [String][session_id] [Return][null]
D/S4URC   ( 3681): [SDK] [android.content.ContextWrapper][getSharedPreferences] [File][umeng_general_config.xml] [MODE][MODE_PRIVATE] [Method][putString] [Key][session_id] [Value][87D6F062A409B60FF0ADCCC11D074851]
D/S4URC   ( 3681): [SDK] [android.content.ContextWrapper][getSharedPreferences] [File][umeng_general_config.xml] [MODE][MODE_PRIVATE] [Method][putLong] [Key][session_start_time] [Value][1535744097413]
D/S4URC   ( 3681): [SDK] [android.content.ContextWrapper][getSharedPreferences] [File][umeng_general_config.xml] [MODE][MODE_PRIVATE] [Method][putLong] [Key][session_end_time] [Value][0]
D/S4URC   ( 3681): [SDK] [android.content.ContextWrapper][getSharedPreferences] [File][umeng_general_config.xml] [MODE][MODE_PRIVATE] [Method][putLong] [Key][a_start_time] [Value][1535744097413]
D/S4URC   ( 3681): [SDK] [android.content.ContextWrapper][getSharedPreferences] [File][umeng_general_config.xml] [MODE][MODE_PRIVATE] [Method][putLong] [Key][a_end_time] [Value][0]
D/S4URC   ( 3681): [SDK] [java.io.File] [exists] [FilePath][String] [/data/data/com.sd.manerg/shared_prefs/umeng_general_config.xml]
D/S4URC   ( 3681): [SDK] [java.io.File] [getPath] [FilePath][String] [/data/data/com.sd.manerg/shared_prefs/umeng_general_config.xml]
D/S4URC   ( 3681): [SDK] [java.io.File] [getParent] [FilePath][String] [/data/data/com.sd.manerg/shared_prefs/umeng_general_config.xml]
D/S4URC   ( 3681): [SDK] [java.io.File] [Constructor] [FilePath][String] [/data/data/com.sd.manerg/shared_prefs]
D/S4URC   ( 3681): [SDK] [java.io.File] [mkdir] [FilePath][String] [/data/data/com.sd.manerg/shared_prefs]
D/S4URC   ( 3681): [SDK] [java.io.File] [getPath] [FilePath][String] [/data/data/com.sd.manerg/shared_prefs]
D/S4URC   ( 3681): [SDK] [java.io.File] [getPath] [FilePath][String] [/data/data/com.sd.manerg/shared_prefs/umeng_general_config.xml]
D/S4URC   ( 3681): [SDK] [java.io.File] [delete] [FilePath][String] [/data/data/com.sd.manerg/shared_prefs/umeng_general_config.xml.bak]
D/S4URC   ( 3681): [SDK] [android.content.ContextWrapper][getSharedPreferences] [File][umeng_general_config.xml] [MODE][MODE_PRIVATE] [Method][commit]
D/S4URC   ( 3681): [SDK] [java.io.File] [listFiles] [FilePath][String] [/data/data/com.sd.manerg/files/.um]
D/S4URC   ( 3681): [SDK] [java.io.File] [list] [FilePath][String] [/data/data/com.sd.manerg/files/.um]
D/S4URC   ( 3681): [SDK] [java.io.File] [getPath] [FilePath][String] [/data/data/com.sd.manerg/shared_prefs/umeng_general_config.xml]
D/S4URC   ( 3681): [SDK] [android.content.ContextWrapper][getSharedPreferences] [File][umeng_general_config.xml] [MODE][MODE_PRIVATE]
D/S4URC   ( 3681): [SDK] [android.content.ContextWrapper][getSharedPreferences] [File][umeng_general_config.xml] [MODE][MODE_PRIVATE] [Method][getIong] [Iong][first_activate_time] [Return][0]
D/S4URC   ( 3681): [SDK] [java.io.File] [listFiles] [FilePath][String] [/data/data/com.sd.manerg/files/.um]
D/S4URC   ( 3681): [SDK] [java.io.File] [list] [FilePath][String] [/data/data/com.sd.manerg/files/.um]
D/S4URC   ( 3681): [SDK] [java.io.File] [listFiles] [FilePath][String] [/data/data/com.sd.manerg/files/.um]
D/S4URC   ( 3681): [SDK] [java.io.File] [list] [FilePath][String] [/data/data/com.sd.manerg/files/.um]
D/S4URC   ( 3681): [SDK] [android.app.ApplicationPackageManager] [getPackageInfo] [FindPackageName][String] [com.sd.manerg]
D/S4URC   ( 3681): [SDK] [java.io.File] [exists] [FilePath][String] [/data/data/com.sd.manerg/files]
D/S4URC   ( 3681): [SDK] [java.io.File] [getPath] [FilePath][String] [/data/data/com.sd.manerg/files]
D/S4URC   ( 3681): [SDK] [java.io.File] [exists] [FilePath][String] [/data/data/com.sd.manerg/files/mobclick_agent_cached_com.sd.manerg84]
D/S4URC   ( 3681): [SDK] [android.app.Activity][onCrate] [Class][ComponentInfo{com.sd.manerg/com.apn.set.ApnSetActivity}]
D/S4URC   ( 3681): [SDK] [java.io.File] [getPath] [FilePath][String] [/data/data/com.sd.manerg/shared_prefs/umeng_general_config.xml]
D/S4URC   ( 3681): [SDK] [android.content.ContextWrapper][getSharedPreferences] [File][umeng_general_config.xml] [MODE][MODE_PRIVATE]
D/S4URC   ( 3681): [SDK] [android.content.ContextWrapper][getSharedPreferences] [File][umeng_general_config.xml] [MODE][MODE_PRIVATE] [Method][getInt] [Int][successful_request] [Return][0]
D/S4URC   ( 3681): [SDK] [android.content.ContextWrapper][getSharedPreferences] [File][umeng_general_config.xml] [MODE][MODE_PRIVATE] [Method][getInt] [Int][failed_requests ] [Return][0]
D/S4URC   ( 3681): [SDK] [android.content.ContextWrapper][getSharedPreferences] [File][umeng_general_config.xml] [MODE][MODE_PRIVATE] [Method][getInt] [Int][last_request_spent_ms] [Return][0]
D/S4URC   ( 3681): [SDK] [android.content.ContextWrapper][getSharedPreferences] [File][umeng_general_config.xml] [MODE][MODE_PRIVATE] [Method][getIong] [Iong][last_request_time] [Return][0]
D/S4URC   ( 3681): [SDK] [android.content.ContextWrapper][getSharedPreferences] [File][umeng_general_config.xml] [MODE][MODE_PRIVATE] [Method][getIong] [Iong][last_req] [Return][0]
D/S4URC   ( 3681): [SDK] [java.io.File] [listFiles] [FilePath][String] [/data/data/com.sd.manerg/files/.um]
D/S4URC   ( 3681): [SDK] [java.io.File] [list] [FilePath][String] [/data/data/com.sd.manerg/files/.um]
D/S4URC   ( 3681): [SDK] [java.lang.Class] [forName] [FindClass][String] [com.android.org.bouncycastle.jcajce.provider.symmetric.DES$PBEWithMD5KeyFactory]
D/S4URC   ( 3681): [SDK] [android.app.ApplicationPackageManager] [getApplicationInfo] [FindApplicationName][String] [com.sd.manerg]
D/S4URC   ( 3681): [SDK] [android.app.ApplicationPackageManager] [getPackageInfo] [FindPackageName][String] [com.sd.manerg]
D/S4URC   ( 3681): [SDK] [java.lang.Class] [forName] [FindClass][String] [com.android.org.bouncycastle.jcajce.provider.symmetric.DES$PBEWithMD5]
D/S4URC   ( 3681): [SDK] [java.io.File] [Constructor] [FilePath][String] [/proc/cpuinfo]
D/S4URC   ( 3681): [SDK] [java.io.File] [getPath] [FilePath][String] [/proc/cpuinfo]
D/S4URC   ( 3681): [SDK] [java.lang.Class] [forName] [FindClass][String] [com.android.org.conscrypt.OpenSSLRandom]
D/S4URC   ( 3681): [SDK] [javax.crypto.Cipher][getInstance] [Cipher][PBEWITHMD5andDES] [javax.crypto.Cipher][doFinal] [Data][2255b3b4ab9fdc0a] [Return][0Y1onZ46hm1GSJ6MZ2IMsEdT7Kv9A8Pk]
D/S4URC   ( 3681): [SDK] [java.io.File] [getPath] [FilePath][String] [/data/data/com.sd.manerg]
D/S4URC   ( 3681): [SDK] [java.io.File] [getPath] [FilePath][String] [/data/data/com.sd.manerg/shared_prefs]
D/S4URC   ( 3681): [SDK] [java.io.File] [getPath] [FilePath][String] [/data/data/com.sd.manerg/shared_prefs/CE94557724F842149D690D0E8CBB1CBD.xml]
D/S4URC   ( 3681): [SDK] [java.io.File] [Constructor] [FilePath][String] [/data/data/com.sd.manerg/shared_prefs/CE94557724F842149D690D0E8CBB1CBD.xml.bak]
D/S4URC   ( 3681): [SDK] [java.io.File] [exists] [FilePath][String] [/data/data/com.sd.manerg/shared_prefs/CE94557724F842149D690D0E8CBB1CBD.xml]
D/S4URC   ( 3681): [SDK] [android.content.ContextWrapper][getSharedPreferences] [File][CE94557724F842149D690D0E8CBB1CBD.xml] [MODE][MODE_PRIVATE]
D/S4URC   ( 3681): [SDK] [java.io.File] [exists] [FilePath][String] [/data/data/com.sd.manerg/shared_prefs/CE94557724F842149D690D0E8CBB1CBD.xml.bak]
D/S4URC   ( 3681): [SDK] [java.io.File] [exists] [FilePath][String] [/data/data/com.sd.manerg/shared_prefs/CE94557724F842149D690D0E8CBB1CBD.xml]
D/S4URC   ( 3681): [SDK] [java.io.File] [getPath] [FilePath][String] [/data/data/com.sd.manerg/shared_prefs/CE94557724F842149D690D0E8CBB1CBD.xml]
D/S4URC   ( 3681): [SDK] [android.content.ContextWrapper][getSharedPreferences] [File][CE94557724F842149D690D0E8CBB1CBD.xml] [MODE][MODE_PRIVATE] [Method][putString] [Key][C97CE45F9A5A447c98BBB83D88790503] [Value][8GKgIRZ4t9U=]
D/S4URC   ( 3681): [SDK] [android.content.ContextWrapper][getSharedPreferences] [File][CE94557724F842149D690D0E8CBB1CBD.xml] [MODE][MODE_PRIVATE] [Method][putString] [Key][A33E523A1CEF496dB37ABD886CBCB005] [Value][0Y1onZ46hm1GSJ6MZ2IMsEdT7Kv9A8Pk]
D/S4URC   ( 3681): [SDK] [java.io.File] [exists] [FilePath][String] [/data/data/com.sd.manerg/shared_prefs/CE94557724F842149D690D0E8CBB1CBD.xml]
D/S4URC   ( 3681): [SDK] [java.io.File] [getPath] [FilePath][String] [/data/data/com.sd.manerg/shared_prefs/CE94557724F842149D690D0E8CBB1CBD.xml]
D/S4URC   ( 3681): [SDK] [android.app.ApplicationPackageManager] [getPackageInfo] [FindPackageName][String] [com.sd.manerg]
D/S4URC   ( 3681): [SDK] [java.io.File] [getPath] [FilePath][String] [/data/data/com.sd.manerg/shared_prefs/umeng_general_config.xml]
D/S4URC   ( 3681): [SDK] [android.content.ContextWrapper][getSharedPreferences] [File][umeng_general_config.xml] [MODE][MODE_PRIVATE]
D/S4URC   ( 3681): [SDK] [android.content.ContextWrapper][getSharedPreferences] [File][umeng_general_config.xml] [MODE][MODE_PRIVATE] [Method][getInt] [Int][failed_requests ] [Return][0]
D/S4URC   ( 3681): [SDK] [android.content.ContextWrapper][getSharedPreferences] [File][umeng_general_config.xml] [MODE][MODE_PRIVATE] [Method][getInt] [Int][last_request_spent_ms] [Return][0]
D/S4URC   ( 3681): [SDK] [android.content.ContextWrapper][getSharedPreferences] [File][umeng_general_config.xml] [MODE][MODE_PRIVATE] [Method][getInt] [Int][successful_request] [Return][0]
D/S4URC   ( 3681): [SDK] [java.io.File] [exists] [FilePath][String] [/data/data/com.sd.manerg/files]
D/S4URC   ( 3681): [SDK] [java.io.File] [getPath] [FilePath][String] [/data/data/com.sd.manerg/files]
D/S4URC   ( 3681): [SDK] [java.io.File] [getPath] [FilePath][String] [/data/data/com.sd.manerg/shared_prefs/umeng_general_config.xml]
D/S4URC   ( 3681): [SDK] [android.content.ContextWrapper][getSharedPreferences] [File][umeng_general_config.xml] [MODE][MODE_PRIVATE]
D/S4URC   ( 3681): [SDK] [android.content.ContextWrapper][getSharedPreferences] [File][umeng_general_config.xml] [MODE][MODE_PRIVATE] [Method][getString] [String][invld_id] [Return][null]
D/S4URC   ( 3681): [SDK] [java.io.File] [exists] [FilePath][String] [/data/data/com.sd.manerg/files/umeng_it.cache]
D/S4URC   ( 3681): [SDK] [java.io.File] [getPath] [FilePath][String] [/data/data/com.sd.manerg/shared_prefs]
D/S4URC   ( 3681): [SDK] [java.io.File] [getPath] [FilePath][String] [/data/data/com.sd.manerg/shared_prefs/mobclick_agent_user_com.sd.manerg.xml]
D/S4URC   ( 3681): [SDK] [java.io.File] [Constructor] [FilePath][String] [/data/data/com.sd.manerg/shared_prefs/mobclick_agent_user_com.sd.manerg.xml.bak]
D/S4URC   ( 3681): [SDK] [java.io.File] [exists] [FilePath][String] [/data/data/com.sd.manerg/shared_prefs/mobclick_agent_user_com.sd.manerg.xml]
D/S4URC   ( 3681): [SDK] [android.content.ContextWrapper][getSharedPreferences] [File][mobclick_agent_user_com.sd.manerg.xml] [MODE][MODE_PRIVATE]
D/S4URC   ( 3681): [SDK] [java.io.File] [exists] [FilePath][String] [/data/data/com.sd.manerg/shared_prefs/mobclick_agent_user_com.sd.manerg.xml.bak]
D/S4URC   ( 3681): [SDK] [java.io.File] [exists] [FilePath][String] [/data/data/com.sd.manerg/shared_prefs/mobclick_agent_user_com.sd.manerg.xml]
D/S4URC   ( 3681): [SDK] [java.io.File] [getPath] [FilePath][String] [/data/data/com.sd.manerg/shared_prefs/mobclick_agent_user_com.sd.manerg.xml]
D/S4URC   ( 3681): [SDK] [android.content.ContextWrapper][getSharedPreferences] [File][mobclick_agent_user_com.sd.manerg.xml] [MODE][MODE_PRIVATE] [Method][getString] [String][au_p] [Return][null]
D/S4URC   ( 3681): [SDK] [android.content.ContextWrapper][getSharedPreferences] [File][mobclick_agent_user_com.sd.manerg.xml] [MODE][MODE_PRIVATE] [Method][getString] [String][au_u] [Return][null]
D/S4URC   ( 3681): [SDK] [android.app.ApplicationPackageManager] [getPackageInfo] [FindPackageName][String] [com.sd.manerg]
D/S4URC   ( 3681): [SDK] [java.io.File] [getPath] [FilePath][String] [/data/data/com.sd.manerg/shared_prefs/CE94557724F842149D690D0E8CBB1CBD.xml]
D/S4URC   ( 3681): [SDK] [java.io.File] [delete] [FilePath][String] [/data/data/com.sd.manerg/shared_prefs/CE94557724F842149D690D0E8CBB1CBD.xml.bak]
D/S4URC   ( 3681): [SDK] [android.content.ContextWrapper][getSharedPreferences] [File][mobclick_agent_user_com.sd.manerg.xml] [MODE][MODE_PRIVATE] [Method][commit]
D/S4URC   ( 3681): [SDK] [android.app.ApplicationPackageManager] [getPackageInfo] [FindPackageName][String] [com.sd.manerg]
D/S4URC   ( 3681): [SDK] [android.app.ApplicationPackageManager] [getApplicationInfo] [FindApplicationName][String] [com.sd.manerg]
D/S4URC   ( 3681): [SDK] [android.telephony.TelephonyManager] [getSubscriberId]
D/S4URC   ( 3681): [SDK] [java.io.File] [Constructor] [FilePath][String] [/storage/sdcard0]
D/S4URC   ( 3681): [SDK] [java.io.File] [Constructor] [FilePath][String] [/storage/sdcard1]
D/S4URC   ( 3681): [SDK] [java.io.File] [Constructor] [FilePath][String] [/storage/usb2host]
D/S4URC   ( 3681): [SDK] [java.io.File] [Constructor] [FilePath][String] [/storage/usb3device]
D/S4URC   ( 3681): [SDK] [java.io.File] [Constructor] [FilePath][String] [/storage/usb3host]
D/S4URC   ( 3681): [SDK] [android.os.Environment] [getExternalStorageState] [ExternalStorageState][String] [mounted]
D/S4URC   ( 3681): [SDK] [java.io.File] [getPath] [FilePath][String] [/storage/sdcard0]
D/S4URC   ( 3681): [SDK] [android.os.Environment] [getExternalStorageDirectory] [DirectoryPath][String] [/storage/sdcard0]
D/S4URC   ( 3681): [SDK] [java.io.File] [exists] [FilePath][String] [/storage/sdcard0/.UTSystemConfig/Global/Alvin2.xml]
D/S4URC   ( 3681): [SDK] [android.app.ApplicationPackageManager] [getPackageInfo] [FindPackageName][String] [com.android.vending]
D/S4URC   ( 3681): [SDK] [android.content.Intent] [Constructor] [IntentInfo][String] [com.google.android.gms.ads.identifier.service.START]
D/S4URC   ( 3717): [SDK] [java.lang.Class] [forName] [FindClass][String] [java.net.HttpURLConnection]
D/S4URC   ( 3717): [SDK] [java.lang.Class] [forName] [FindClass][String] [com.android.okhttp.internal.http.HttpURLConnectionImpl]
D/S4URC   ( 3681): [SDK] [java.io.File] [getPath] [FilePath][String] [/storage/sdcard0]
D/S4URC   ( 3717): [SDK] [java.lang.Class] [forName] [FindClass][String] [com.android.okhttp.internal.http.HttpURLConnectionImpl]
D/S4URC   ( 3681): [SDK] [android.os.Environment] [getExternalStorageDirectory] [DirectoryPath][String] [/storage/sdcard0]
D/S4URC   ( 3717): [SDK] [java.lang.Class] [forName] [FindClass][String] [java.net.Socket]
D/S4URC   ( 3681): [SDK] [java.io.File] [getPath] [FilePath][String] [/storage/sdcard0]
D/S4URC   ( 3717): [SDK] [java.lang.Class] [forName] [FindClass][String] [android.telephony.TelephonyManager]
D/S4URC   ( 3681): [SDK] [java.io.File] [getPath] [FilePath][String] [/storage/sdcard0]
D/S4URC   ( 3681): [SDK] [android.os.Environment] [getExternalStorageDirectory] [DirectoryPath][String] [/storage/sdcard0]
D/S4URC   ( 3681): [SDK] [java.io.File] [getPath] [FilePath][String] [/storage/sdcard0]
D/S4URC   ( 3717): [SDK] [java.lang.Class] [forName] [FindClass][String] [android.telephony.TelephonyManager]
D/S4URC   ( 3717): [SDK] [java.lang.Class] [forName] [FindClass][String] [android.os.Debug]
D/S4URC   ( 3717): [SDK] [java.lang.Class] [forName] [FindClass][String] [android.hardware.SensorManager]
D/S4URC   ( 3681): [SDK] [java.io.File] [getPath] [FilePath][String] [/data/data/com.sd.manerg/shared_prefs]
D/S4URC   ( 3681): [SDK] [java.io.File] [getPath] [FilePath][String] [/data/data/com.sd.manerg/shared_prefs/online.xml]
D/S4URC   ( 3681): [SDK] [java.io.File] [Constructor] [FilePath][String] [/data/data/com.sd.manerg/shared_prefs/online.xml.bak]
D/S4URC   ( 3681): [SDK] [java.io.File] [exists] [FilePath][String] [/data/data/com.sd.manerg/shared_prefs/online.xml]
D/S4URC   ( 3681): [SDK] [android.content.ContextWrapper][getSharedPreferences] [File][online.xml] [MODE][MODE_PRIVATE]
D/S4URC   ( 3681): [SDK] [java.io.File] [getPath] [FilePath][String] [/data/data/com.sd.manerg/shared_prefs]
D/S4URC   ( 3681): [SDK] [java.io.File] [getPath] [FilePath][String] [/data/data/com.sd.manerg/shared_prefs/areaInfo.xml]
D/S4URC   ( 3681): [SDK] [java.io.File] [Constructor] [FilePath][String] [/data/data/com.sd.manerg/shared_prefs/areaInfo.xml.bak]
D/S4URC   ( 3681): [SDK] [java.io.File] [exists] [FilePath][String] [/data/data/com.sd.manerg/shared_prefs/online.xml.bak]
D/S4URC   ( 3681): [SDK] [java.io.File] [exists] [FilePath][String] [/data/data/com.sd.manerg/shared_prefs/areaInfo.xml]
D/S4URC   ( 3681): [SDK] [java.io.File] [exists] [FilePath][String] [/data/data/com.sd.manerg/shared_prefs/online.xml]
D/S4URC   ( 3681): [SDK] [android.content.ContextWrapper][getSharedPreferences] [File][areaInfo.xml] [MODE][MODE_PRIVATE]
D/S4URC   ( 3681): [SDK] [java.io.File] [getPath] [FilePath][String] [/data/data/com.sd.manerg/shared_prefs/online.xml]
D/S4URC   ( 3681): [SDK] [android.content.ContextWrapper][getSharedPreferences] [File][areaInfo.xml] [MODE][MODE_PRIVATE] [Method][getIong] [Iong][20180831] [Return][0]
D/S4URC   ( 3681): [SDK] [java.io.File] [getPath] [FilePath][String] [/data/data/com.sd.manerg/shared_prefs/online.xml]
D/S4URC   ( 3681): [SDK] [java.io.File] [exists] [FilePath][String] [/data/data/com.sd.manerg/shared_prefs/areaInfo.xml.bak]
D/S4URC   ( 3681): [SDK] [java.io.File] [exists] [FilePath][String] [/data/data/com.sd.manerg/shared_prefs/areaInfo.xml]
D/S4URC   ( 3681): [SDK] [android.content.ContextWrapper][getSharedPreferences] [File][online.xml] [MODE][MODE_PRIVATE]
D/S4URC   ( 3681): [SDK] [java.io.File] [getPath] [FilePath][String] [/data/data/com.sd.manerg/shared_prefs/areaInfo.xml]
D/S4URC   ( 3681): [SDK] [android.content.ContextWrapper][getSharedPreferences] [File][online.xml] [MODE][MODE_PRIVATE] [Method][getInt] [Int][areaid] [Return][-1]
D/S4URC   ( 3681): [SDK] [java.io.File] [exists] [FilePath][String] [/data/data/com.sd.manerg/shared_prefs/online.xml.bak]
D/S4URC   ( 3681): [SDK] [java.io.File] [exists] [FilePath][String] [/data/data/com.sd.manerg/shared_prefs/online.xml]
D/S4URC   ( 3681): [SDK] [android.content.ContextWrapper] [registerReceiver][IntentFilter][android.net.conn.CONNECTIVITY_CHANGE,
D/S4URC   ( 3681): [SDK] [java.io.File] [getPath] [FilePath][String] [/data/data/com.sd.manerg/shared_prefs/online.xml]
D/S4URC   ( 3681): [SDK] [java.io.File] [exists] [FilePath][String] [/data/data/com.sd.manerg/shared_prefs/online.xml]
D/S4URC   ( 3681): [SDK] [java.io.File] [getPath] [FilePath][String] [/data/data/com.sd.manerg/shared_prefs/online.xml]
D/S4URC   ( 3681): [SDK] [java.io.File] [getPath] [FilePath][String] [/data/data/com.sd.manerg/shared_prefs/areaInfo.xml]
D/S4URC   ( 3681): [SDK] [android.content.ContextWrapper][getSharedPreferences] [File][areaInfo.xml] [MODE][MODE_PRIVATE]
D/S4URC   ( 3681): [SDK] [java.io.File] [exists] [FilePath][String] [/data/data/com.sd.manerg/shared_prefs/areaInfo.xml.bak]
D/S4URC   ( 3681): [SDK] [android.content.ContextWrapper] [registerReceiver][IntentFilter][android.net.conn.CONNECTIVITY_CHANGE,android.intent.action.SCREEN_OFF,android.intent.action.SCREEN_ON,android.intent.action.USER_PRESENT,
D/S4URC   ( 3717): [SDK] [java.lang.Class] [forName] [FindClass][String] [android.content.res.ResourcesKey]
D/S4URC   ( 3717): [SDK] [java.lang.Class] [forName] [FindClass][String] [android.app.ResourcesManager]
D/S4URC   ( 3717): [SDK] [java.io.File] [Constructor] [FilePath][String] [/data/app/com.sd.manerg-1/base.apk]
D/S4URC   ( 3717): [SDK] [java.io.File] [getPath] [FilePath][String] [/data/data/com.sd.manerg]
D/S4URC   ( 3681): [SDK] [java.io.File] [Constructor] [FilePath][String] [/storage/sdcard0]
D/S4URC   ( 3717): [SDK] [java.io.File] [exists] [FilePath][String] [/data/data/com.sd.manerg/cache]
D/S4URC   ( 3681): [SDK] [java.io.File] [exists] [FilePath][String] [/data/data/com.sd.manerg/shared_prefs/areaInfo.xml]
D/S4URC   ( 3681): [SDK] [java.io.File] [getPath] [FilePath][String] [/data/data/com.sd.manerg/shared_prefs/areaInfo.xml]
D/S4URC   ( 3681): [SDK] [android.content.ContextWrapper][getSharedPreferences] [File][areaInfo.xml] [MODE][MODE_PRIVATE] [Method][getString] [String][province] [Return][]
D/S4URC   ( 3681): [SDK] [java.io.File] [getPath] [FilePath][String] [/data/data/com.sd.manerg/shared_prefs/areaInfo.xml]
D/S4URC   ( 3717): [SDK] [java.io.File] [getPath] [FilePath][String] [/data/data/com.sd.manerg/cache]
D/S4URC   ( 3681): [SDK] [android.content.ContextWrapper][getSharedPreferences] [File][areaInfo.xml] [MODE][MODE_PRIVATE]
D/S4URC   ( 3681): [SDK] [java.io.File] [getPath] [FilePath][String] [/data/data/com.sd.manerg/shared_prefs/online.xml]
D/S4URC   ( 3681): [SDK] [java.io.File] [Constructor] [FilePath][String] [/storage/sdcard0]
D/S4URC   ( 3681): [SDK] [java.io.File] [delete] [FilePath][String] [/data/data/com.sd.manerg/shared_prefs/online.xml.bak]
D/S4URC   ( 3681): [SDK] [java.io.File] [Constructor] [FilePath][String] [/storage/sdcard1]
D/S4URC   ( 3681): [SDK] [java.io.File] [Constructor] [FilePath][String] [/storage/usb2host]
D/S4URC   ( 3681): [SDK] [java.io.File] [Constructor] [FilePath][String] [/storage/usb3device]
D/S4URC   ( 3681): [SDK] [java.io.File] [Constructor] [FilePath][String] [/storage/usb3host]
D/S4URC   ( 3681): [SDK] [android.content.ContextWrapper][getSharedPreferences] [File][areaInfo.xml] [MODE][MODE_PRIVATE] [Method][commit]
D/S4URC   ( 3681): [SDK] [java.io.File] [getPath] [FilePath][String] [/data/data/com.sd.manerg/shared_prefs/online.xml]
D/S4URC   ( 3681): [SDK] [android.content.ContextWrapper][getSharedPreferences] [File][online.xml] [MODE][MODE_PRIVATE]
D/S4URC   ( 3681): [SDK] [android.content.ContextWrapper][getSharedPreferences] [File][online.xml] [MODE][MODE_PRIVATE] [Method][putLong] [Key][20180831] [Value][0]
D/S4URC   ( 3681): [SDK] [java.io.File] [exists] [FilePath][String] [/data/data/com.sd.manerg/shared_prefs/online.xml]
D/S4URC   ( 3681): [SDK] [java.io.File] [exists] [FilePath][String] [/data/data/com.sd.manerg/shared_prefs/online.xml.bak]
D/S4URC   ( 3681): [SDK] [android.os.Environment] [getExternalStorageState] [ExternalStorageState][String] [mounted]
D/S4URC   ( 3681): [SDK] [java.io.File] [exists] [FilePath][String] [/data/data/com.sd.manerg/shared_prefs/areaInfo.xml.bak]
D/S4URC   ( 3681): [SDK] [java.io.File] [renameTo] [FilePath][String] [/data/data/com.sd.manerg/shared_prefs/online.xml] [DesFile][/data/data/com.sd.manerg/shared_prefs/online.xml.bak]
D/S4URC   ( 3681): [SDK] [java.io.File] [exists] [FilePath][String] [/data/data/com.sd.manerg/shared_prefs/areaInfo.xml]
D/S4URC   ( 3681): [SDK] [java.io.File] [getPath] [FilePath][String] [/storage/sdcard0]
D/S4URC   ( 3681): [SDK] [android.os.Environment] [getExternalStorageDirectory] [DirectoryPath][String] [/storage/sdcard0]
D/S4URC   ( 3681): [SDK] [java.io.File] [getPath] [FilePath][String] [/storage/sdcard0]
D/S4URC   ( 3681): [SDK] [java.io.File] [getPath] [FilePath][String] [/data/data/com.sd.manerg/shared_prefs/areaInfo.xml]
D/S4URC   ( 3681): [SDK] [android.content.ContextWrapper][getSharedPreferences] [File][online.xml] [MODE][MODE_PRIVATE] [Method][getString] [String][city] [Return][]
D/S4URC   ( 3681): [SDK] [java.io.File] [Constructor] [FilePath][String] [/storage/sdcard0]
D/S4URC   ( 3681): [SDK] [java.lang.Class] [forName] [FindClass][String] [com.android.okhttp.HttpHandler]
D/S4URC   ( 3717): [SDK] [java.io.File] [getPath] [FilePath][String] [/data/data/com.sd.manerg]
D/S4URC   ( 3717): [SDK] [java.io.File] [getPath] [FilePath][String] [/data/data/com.sd.manerg/shared_prefs]
D/S4URC   ( 3717): [SDK] [java.io.File] [getPath] [FilePath][String] [/data/data/com.sd.manerg/shared_prefs/umeng_event_snapshot.xml]
D/S4URC   ( 3681): [SDK] [java.io.File] [getPath] [FilePath][String] [/data/data/com.sd.manerg/shared_prefs/online.xml]
D/S4URC   ( 3717): [SDK] [java.io.File] [Constructor] [FilePath][String] [/data/data/com.sd.manerg/shared_prefs/umeng_event_snapshot.xml.bak]
D/S4URC   ( 3681): [SDK] [java.lang.Class] [forName] [FindClass][String] [com.android.org.conscrypt.OpenSSLContextImpl]
D/S4URC   ( 3717): [SDK] [java.io.File] [exists] [FilePath][String] [/data/data/com.sd.manerg/shared_prefs/umeng_event_snapshot.xml]
D/S4URC   ( 3681): [SDK] [java.io.File] [Constructor] [FilePath][String] [/storage/sdcard0]
D/S4URC   ( 3681): [SDK] [java.io.File] [Constructor] [FilePath][String] [/storage/sdcard1]
D/S4URC   ( 3717): [SDK] [android.content.ContextWrapper][getSharedPreferences] [File][umeng_event_snapshot.xml] [MODE][MODE_PRIVATE]
D/S4URC   ( 3681): [SDK] [java.io.File] [Constructor] [FilePath][String] [/storage/usb2host]
D/S4URC   ( 3717): [SDK] [java.io.File] [exists] [FilePath][String] [/data/data/com.sd.manerg/shared_prefs/umeng_event_snapshot.xml.bak]
D/S4URC   ( 3681): [SDK] [java.io.File] [Constructor] [FilePath][String] [/storage/usb3device]
D/S4URC   ( 3681): [SDK] [java.io.File] [Constructor] [FilePath][String] [/storage/usb3host]
D/S4URC   ( 3717): [SDK] [java.io.File] [exists] [FilePath][String] [/data/data/com.sd.manerg/shared_prefs/umeng_event_snapshot.xml]
D/S4URC   ( 3717): [SDK] [java.io.File] [getPath] [FilePath][String] [/data/data/com.sd.manerg/shared_prefs/umeng_event_snapshot.xml]
D/S4URC   ( 3681): [SDK] [java.lang.Class] [forName] [FindClass][String] [com.android.org.conscrypt.KeyManagerFactoryImpl]
D/S4URC   ( 3681): [SDK] [java.lang.Class] [forName] [FindClass][String] [com.android.org.bouncycastle.jcajce.provider.keystore.bc.BcKeyStoreSpi$Std]
D/S4URC   ( 3681): [SDK] [java.lang.Class] [forName] [FindClass][String] [com.android.org.conscrypt.TrustManagerFactoryImpl]
D/S4URC   ( 3681): [SDK] [java.lang.Class] [forName] [FindClass][String] [com.android.org.conscrypt.TrustedCertificateKeyStoreSpi]
D/S4URC   ( 3681): [SDK] [java.lang.Class] [forName] [FindClass][String] [com.android.org.bouncycastle.jce.provider.PKIXCertPathValidatorSpi]
D/S4URC   ( 3681): [SDK] [java.io.File] [Constructor] [FilePath][String] [/data/misc/keychain/pins]
D/S4URC   ( 3681): [SDK] [java.net] [HttpURLConnection] [URL][String] [http://int.dpool.sina.com.cn/iplookup/iplookup.php?format=json]
D/S4URC   ( 3681): [SDK] [android.os.Environment] [getExternalStorageState] [ExternalStorageState][String] [mounted]
D/S4URC   ( 3681): [SDK] [java.io.File] [getPath] [FilePath][String] [/storage/sdcard0]
D/S4URC   ( 3681): [SDK] [android.os.Environment] [getExternalStorageDirectory] [DirectoryPath][String] [/storage/sdcard0]
D/S4URC   ( 3681): [SDK] [java.io.File] [Constructor] [FilePath][String] [/storage/sdcard0/.xxx/]
D/S4URC   ( 3681): [SDK] [java.io.File] [exists] [FilePath][String] [/storage/sdcard0/.xxx]
D/S4URC   ( 3717): [SDK] [java.io.File] [getPath] [FilePath][String] [/data/data/com.sd.manerg/shared_prefs]
D/S4URC   ( 3717): [SDK] [java.io.File] [getPath] [FilePath][String] [/data/data/com.sd.manerg/shared_prefs/umeng_general_config.xml]
D/S4URC   ( 3717): [SDK] [java.io.File] [Constructor] [FilePath][String] [/data/data/com.sd.manerg/shared_prefs/umeng_general_config.xml.bak]
D/S4URC   ( 3717): [SDK] [java.io.File] [exists] [FilePath][String] [/data/data/com.sd.manerg/shared_prefs/umeng_general_config.xml]
D/S4URC   ( 3717): [SDK] [java.io.File] [canRead] [FilePath][String] [/data/data/com.sd.manerg/shared_prefs/umeng_general_config.xml]
D/S4URC   ( 3717): [SDK] [java.io.File] [getPath] [FilePath][String] [/data/data/com.sd.manerg/shared_prefs/umeng_general_config.xml]
D/S4URC   ( 3681): [SDK] [java.io.File] [mkdirs] [FilePath][String] [/storage/sdcard0/.xxx]
D/S4URC   ( 3681): [SDK] [java.io.File] [getPath] [FilePath][String] [/data/data/com.sd.manerg/shared_prefs/online.xml]
D/S4URC   ( 3681): [SDK] [java.io.File] [delete] [FilePath][String] [/data/data/com.sd.manerg/shared_prefs/online.xml.bak]
D/S4URC   ( 3717): [SDK] [java.io.File] [exists] [FilePath][String] [/data/data/com.sd.manerg/shared_prefs/umeng_general_config.xml.bak]
D/S4URC   ( 3717): [SDK] [java.io.File] [exists] [FilePath][String] [/data/data/com.sd.manerg/shared_prefs/umeng_general_config.xml]
D/S4URC   ( 3717): [SDK] [java.io.File] [canRead] [FilePath][String] [/data/data/com.sd.manerg/shared_prefs/umeng_general_config.xml]
D/S4URC   ( 3717): [SDK] [java.io.File] [getPath] [FilePath][String] [/data/data/com.sd.manerg/shared_prefs/umeng_general_config.xml]
D/S4URC   ( 3717): [SDK] [java.io.File] [canRead] [FilePath][String] [/data/data/com.sd.manerg/shared_prefs/umeng_general_config.xml]
D/S4URC   ( 3717): [SDK] [android.content.ContextWrapper][getSharedPreferences] [File][umeng_general_config.xml] [MODE][MODE_PRIVATE]
D/S4URC   ( 3717): [SDK] [java.io.File] [getPath] [FilePath][String] [/data/data/com.sd.manerg/shared_prefs/umeng_general_config.xml]
D/S4URC   ( 3681): [SDK] [android.content.ContextWrapper][getSharedPreferences] [File][online.xml] [MODE][MODE_PRIVATE] [Method][commit]
D/S4URC   ( 3717): [SDK] [android.content.ContextWrapper][getSharedPreferences] [File][umeng_general_config.xml] [MODE][MODE_PRIVATE] [Method][getInt] [Int][successful_request] [Return][0]
D/S4URC   ( 3717): [SDK] [android.content.ContextWrapper][getSharedPreferences] [File][umeng_general_config.xml] [MODE][MODE_PRIVATE] [Method][getInt] [Int][failed_requests ] [Return][0]
D/S4URC   ( 3717): [SDK] [android.content.ContextWrapper][getSharedPreferences] [File][umeng_general_config.xml] [MODE][MODE_PRIVATE] [Method][getInt] [Int][last_request_spent_ms] [Return][0]
D/S4URC   ( 3717): [SDK] [android.content.ContextWrapper][getSharedPreferences] [File][umeng_general_config.xml] [MODE][MODE_PRIVATE] [Method][getIong] [Iong][last_request_time] [Return][0]
D/S4URC   ( 3717): [SDK] [android.content.ContextWrapper][getSharedPreferences] [File][umeng_general_config.xml] [MODE][MODE_PRIVATE] [Method][getIong] [Iong][last_req] [Return][0]
D/S4URC   ( 3681): [SDK] [java.io.File] [Constructor] [FilePath][String] [/storage/sdcard0/.xxx/sh.jar]
D/S4URC   ( 3681): [SDK] [java.io.File] [exists] [FilePath][String] [/storage/sdcard0/.xxx/sh.jar]
D/S4URC   ( 3717): [SDK] [java.io.File] [getPath] [FilePath][String] [/data/data/com.sd.manerg]
D/S4URC   ( 3717): [SDK] [java.io.File] [exists] [FilePath][String] [/data/data/com.sd.manerg/files]
D/S4URC   ( 3717): [SDK] [java.io.File] [getPath] [FilePath][String] [/data/data/com.sd.manerg/files]
D/S4URC   ( 3717): [SDK] [java.io.File] [exists] [FilePath][String] [/data/data/com.sd.manerg/files/.um]
D/S4URC   ( 3717): [SDK] [java.io.File] [isDirectory] [FilePath][String] [/data/data/com.sd.manerg/files/.um]
D/S4URC   ( 3717): [SDK] [java.io.File] [exists] [FilePath][String] [/data/data/com.sd.manerg/files]
D/S4URC   ( 3717): [SDK] [java.io.File] [getPath] [FilePath][String] [/data/data/com.sd.manerg/files]
D/S4URC   ( 3717): [SDK] [java.io.File] [exists] [FilePath][String] [/data/data/com.sd.manerg/files/.imprint]
D/S4URC   ( 3717): [SDK] [java.io.File] [getPath] [FilePath][String] [/data/data/com.sd.manerg/shared_prefs/umeng_general_config.xml]
D/S4URC   ( 3717): [SDK] [android.content.ContextWrapper][getSharedPreferences] [File][umeng_general_config.xml] [MODE][MODE_PRIVATE]
D/S4URC   ( 3681): [SDK] [android.app.ApplicationPackageManager] [getPackageInfo] [FindPackageName][String] [com.sd.manerg]
D/S4URC   ( 3717): [SDK] [android.content.ContextWrapper][getSharedPreferences] [File][umeng_general_config.xml] [MODE][MODE_PRIVATE] [Method][getString] [String][signature] [Return][null]
D/S4URC   ( 3717): [SDK] [java.io.File] [getPath] [FilePath][String] [/data/data/com.sd.manerg/shared_prefs/umeng_general_config.xml]
D/S4URC   ( 3717): [SDK] [android.content.ContextWrapper][getSharedPreferences] [File][umeng_general_config.xml] [MODE][MODE_PRIVATE]
D/S4URC   ( 3717): [SDK] [android.content.ContextWrapper][getSharedPreferences] [File][umeng_general_config.xml] [MODE][MODE_PRIVATE] [Method][getIong] [Iong][thtstart] [Return][0]
D/S4URC   ( 3717): [SDK] [android.content.ContextWrapper][getSharedPreferences] [File][umeng_general_config.xml] [MODE][MODE_PRIVATE] [Method][getInt] [Int][gkvc] [Return][0]
D/S4URC   ( 3717): [SDK] [android.content.ContextWrapper][getSharedPreferences] [File][umeng_general_config.xml] [MODE][MODE_PRIVATE] [Method][getInt] [Int][ekvc] [Return][0]
D/S4URC   ( 3681): [SDK] [android.content.Intent] [Constructor] [IntentInfo][String] [android.intent.action.MAIN]
D/S4URC   ( 3681): [SDK] [java.net] [HttpURLConnection] [URL][String] [http://v4api.android369.com:9004/api/serverUrlCheck.jsp]
D/S4URC   ( 3717): [SDK] [java.io.File] [getPath] [FilePath][String] [/data/data/com.sd.manerg/shared_prefs/umeng_general_config.xml]
D/S4URC   ( 3717): [SDK] [android.content.ContextWrapper][getSharedPreferences] [File][umeng_general_config.xml] [MODE][MODE_PRIVATE]
D/S4URC   ( 3717): [SDK] [android.content.ContextWrapper][getSharedPreferences] [File][umeng_general_config.xml] [MODE][MODE_PRIVATE] [Method][getIong] [Iong][a_start_time] [Return][1535744097413]
D/S4URC   ( 3717): [SDK] [android.content.ContextWrapper][getSharedPreferences] [File][umeng_general_config.xml] [MODE][MODE_PRIVATE] [Method][getIong] [Iong][a_end_time] [Return][0]
D/S4URC   ( 3681): [SDK] [java.io.File] [getPath] [FilePath][String] [/data/data/com.sd.manerg/shared_prefs]
D/S4URC   ( 3681): [SDK] [java.io.File] [getPath] [FilePath][String] [/data/data/com.sd.manerg/shared_prefs/pp.xml]
D/S4URC   ( 3717): [SDK] [android.content.ContextWrapper][getSharedPreferences] [File][umeng_general_config.xml] [MODE][MODE_PRIVATE] [Method][getString] [String][session_id] [Return][87D6F062A409B60FF0ADCCC11D074851]
D/S4URC   ( 3681): [SDK] [java.io.File] [Constructor] [FilePath][String] [/data/data/com.sd.manerg/shared_prefs/pp.xml.bak]
D/S4URC   ( 3717): [SDK] [android.content.ContextWrapper][getSharedPreferences] [File][umeng_general_config.xml] [MODE][MODE_PRIVATE] [Method][putLong] [Key][a_start_time] [Value][1535744097682]
D/S4URC   ( 3717): [SDK] [android.content.ContextWrapper][getSharedPreferences] [File][umeng_general_config.xml] [MODE][MODE_PRIVATE] [Method][putLong] [Key][a_end_time] [Value][0]
D/S4URC   ( 3717): [SDK] [java.io.File] [exists] [FilePath][String] [/data/data/com.sd.manerg/shared_prefs/umeng_general_config.xml]
D/S4URC   ( 3717): [SDK] [java.io.File] [exists] [FilePath][String] [/data/data/com.sd.manerg/shared_prefs/umeng_general_config.xml.bak]
D/S4URC   ( 3717): [SDK] [java.io.File] [renameTo] [FilePath][String] [/data/data/com.sd.manerg/shared_prefs/umeng_general_config.xml] [DesFile][/data/data/com.sd.manerg/shared_prefs/umeng_general_config.xml.bak]
D/S4URC   ( 3717): [SDK] [java.io.File] [getPath] [FilePath][String] [/data/data/com.sd.manerg/shared_prefs/umeng_general_config.xml]
D/S4URC   ( 3717): [SDK] [java.io.File] [getPath] [FilePath][String] [/data/data/com.sd.manerg/shared_prefs]
D/S4URC   ( 3717): [SDK] [java.io.File] [getPath] [FilePath][String] [/data/data/com.sd.manerg/shared_prefs/d_permit.xml]
D/S4URC   ( 3717): [SDK] [java.io.File] [Constructor] [FilePath][String] [/data/data/com.sd.manerg/shared_prefs/d_permit.xml.bak]
D/S4URC   ( 3717): [SDK] [java.io.File] [exists] [FilePath][String] [/data/data/com.sd.manerg/shared_prefs/d_permit.xml]
D/S4URC   ( 3681): [SDK] [java.io.File] [exists] [FilePath][String] [/data/data/com.sd.manerg/shared_prefs/pp.xml]
D/S4URC   ( 3717): [SDK] [android.content.ContextWrapper][getSharedPreferences] [File][d_permit.xml] [MODE][MODE_PRIVATE]
D/S4URC   ( 3681): [SDK] [android.content.ContextWrapper][getSharedPreferences] [File][pp.xml] [MODE][MODE_PRIVATE]
D/S4URC   ( 3717): [SDK] [java.io.File] [exists] [FilePath][String] [/data/data/com.sd.manerg/shared_prefs/d_permit.xml.bak]
D/S4URC   ( 3717): [SDK] [java.io.File] [exists] [FilePath][String] [/data/data/com.sd.manerg/shared_prefs/d_permit.xml]
D/S4URC   ( 3717): [SDK] [java.io.File] [getPath] [FilePath][String] [/data/data/com.sd.manerg/shared_prefs/d_permit.xml]
D/S4URC   ( 3717): [SDK] [android.content.ContextWrapper][getSharedPreferences] [File][d_permit.xml] [MODE][MODE_PRIVATE] [Method][getBoolean] [Boolean][permitted] [Return][true]
D/S4URC   ( 3717): [SDK] [java.io.File] [Constructor] [FilePath][String] [/proc/3717/cmdline]
D/S4URC   ( 3717): [SDK] [java.io.File] [getPath] [FilePath][String] [/proc/3717/cmdline]
D/S4URC   ( 3717): [SDK] [java.lang.Class] [forName] [FindClass][String] [android.app.ActivityManagerNative]
D/S4URC   ( 3717): [SDK] [java.io.File] [getPath] [FilePath][String] [/data/data/com.sd.manerg/shared_prefs/umeng_general_config.xml]
D/S4URC   ( 3717): [SDK] [java.io.File] [delete] [FilePath][String] [/data/data/com.sd.manerg/shared_prefs/umeng_general_config.xml.bak]
D/S4URC   ( 3717): [SDK] [android.content.ContextWrapper][getSharedPreferences] [File][d_permit.xml] [MODE][MODE_PRIVATE] [Method][commit]
D/S4URC   ( 3681): [SDK] [java.io.File] [exists] [FilePath][String] [/data/data/com.sd.manerg/shared_prefs/pp.xml.bak]
