D/S4URC   ( 3618): [SDK] [java.io.File] [isFile] [FilePath][String] [/data/data/uviyju.xlugh.oemwdco.kljln/app_dex/utopay.jar]
D/S4URC   ( 3618): [NDK] [SYSCALL] [stat] [PATH][string] [/data/data/uviyju.xlugh.oemwdco.kljln/app_dex/utopay.jar]
D/S4URC   ( 3618): [SDK] [java.io.File] [getName] [FilePath][String] [/data/data/uviyju.xlugh.oemwdco.kljln/app_dex/utopay.jar]
D/S4URC   ( 3618): [SDK] [java.io.File] [getPath] [FilePath][String] [/data/data/uviyju.xlugh.oemwdco.kljln/app_dex]
D/S4URC   ( 3618): [SDK] [java.io.File] [getPath] [FilePath][String] [/data/data/uviyju.xlugh.oemwdco.kljln/app_dex/utopay.dex]
D/S4URC   ( 3618): [SDK] [java.io.File] [getPath] [FilePath][String] [/data/data/uviyju.xlugh.oemwdco.kljln/app_dex/utopay.jar]
D/S4URC   ( 3618): [SDK] [java.io.File] [Constructor] [FilePath][String] [/data/data/uviyju.xlugh.oemwdco.kljln/app_dex/utopay.dex]
D/S4URC   ( 3618): [SDK] [java.io.File] [getParent] [FilePath][String] [/data/data/uviyju.xlugh.oemwdco.kljln/app_dex/utopay.dex]
D/S4URC   ( 3618): [NDK] [SYSCALL] [stat] [PATH][string] [/data/data/uviyju.xlugh.oemwdco.kljln/app_dex]
D/S4URC   ( 3618): [SDK] [dalvik.system.DexFile] [openDexFile] [DexPath][String] [/data/data/uviyju.xlugh.oemwdco.kljln/app_dex/utopay.jar]
D/S4URC   ( 3618): [SDK] [java.io.File] [Constructor] [FilePath][String] [/data/data/uviyju.xlugh.oemwdco.kljln/app_dex/utopay.jar]
D/S4URC   ( 3618): [SDK] [java.io.File] [Constructor] [FilePath][String] [/data/data/uviyju.xlugh.oemwdco.kljln/app_dex/utopay.dex]
D/S4URC   ( 3618): [NDK] [SYSCALL] [open] [PATH][string] [/data/data/uviyju.xlugh.oemwdco.kljln/app_dex/utopay.jar] [RETURN][int] [92]
D/S4URC   ( 3618): [NDK] [SYSCALL] [open] [PATH][string] [/data/data/uviyju.xlugh.oemwdco.kljln/app_dex/utopay.dex] [RETURN][int] [92]
D/S4URC   ( 3618): [NDK] [SYSCALL] [stat] [PATH][string] [/data/data/uviyju.xlugh.oemwdco.kljln/app_dex/utopay.dex]
D/S4URC   ( 3618): [NDK] [SYSCALL] [open] [PATH][string] [/data/data/uviyju.xlugh.oemwdco.kljln/app_dex/utopay.dex] [RETURN][int] [93]
D/S4URC   ( 3618): [NDK] [SYSCALL] [stat] [PATH][string] [/system]
D/S4URC   ( 3618): [NDK] [SYSCALL] [stat] [PATH][string] [/data]
D/S4URC   ( 3787): [NDK] [SYSCALL] [execve] [PATH][string] [/system/bin/dex2oat] [INST][string] [/system/bin/dex2oat --runtime-arg -classpath --runtime-arg /system/framework/SamsungBridge.jar --instruction-set=arm --instruction-set-features=div --runtime-arg -Xnorelocate --boot-image=/system/framework/boot.art --dex-file=/data/data/uviyju.xlugh.oemwdco.kljln/app_dex/utopay.jar --oat-fd=92 --oat-location=/data/data/uviyju.xlugh.oemwdco.kljln/app_dex/utopay.dex --runtime-arg -Xms64m --runtime-arg -Xmx512m ]
D/S4URC   ( 3618): [SDK] [java.lang.Class] [forName] [FindClass][String] [android.content.pm.PackageInfo]
D/S4URC   ( 3618): [SDK] [android.app.ApplicationPackageManager] [getInstalledPackages]
D/S4URC   ( 3618): [SDK] [java.lang.Class] [forName] [FindClass][String] [com.android.org.bouncycastle.jcajce.provider.symmetric.DES$KeyFactory]
D/S4URC   ( 3618): [SDK] [javax.crypto.spec.SecretKeySpec][Constructor] [KEY][gvTyY9Pf][type][DES][javax.crypto.Cipher][getInstance] [Cipher][DES] [javax.crypto.Cipher][getInstance] [Cipher][DES] [javax.crypto.Cipher][doFinal] [Data][{"cmd":102,"pcount":1,"pname":"uviyju.xlugh.oemwdco.kljln","sver":"1.3.5","ntype":"wifi","mix":0,"soper":"","gid":"fdade03ca45c4d7ab935e575261eed63","tps":[{"type":100,"subtype":[101,102,103,104,105,106,107,108,109,110,111,112,113,119,121,127,128,132,134,136,138,139]}],"su":0,"imei":"9dd4736125bf4d04","cpid":1326,"uid":"","pkg":["com.touchtype.swiftkey","io.appium.uiautomator2.server","com.android.samsung.installer","uviyju.xlugh.oemwdco.kljln","samsung.systemservice"],"aid":101922,"imsi":"","prod":"galaxys5","chid":"C0QV8"}] [Return][BdVYCxuQFHsZe95CguOafEDIQzMKLhynizC4kXMs6sLZGosE8rDvnKmuLwNXABabXfz0GbKR7Qb5bbQ6+5z8xvTOpNutXQ/4LZVWSh0WsJr07k91UdFus1l8vyOyBpeqszMCp6ZSKIpUR/TPlKlEfY+/FlPtAmd0u8V1rOvX7g3AEx8YZrqOHb8YC6GnOY1xsUNSfXVC8J53+bpQJzmlCY/wWaqjCK01MCDeFPYhIxrLTpdBGrTyGVzYzYMnic80i6AFq+qEX35ijdy0uJOtCrIgoXoLrioDg4AXpOvaxtfk0je1dy9IVc3w7cynZ+HwY1EvrAdDxu9v68cVWSGYxuTT0+i5xT3g2W8oPAjHEw9k33EiWE1U0fM/84y7vaw/3AhMkouRfH21S07KikQvQPH93B6JolFdTs4d/+LA9yHMmBfP496bRMIXwUjwwRLKCNqMb+CUjvtjKhnV9dh3Ti3TAB29W0a+xESldl/aaeq9N6CkG7j89xQrQLALEOCPXh7BoyV3c4AwFZ3fOw6Mvs1WXNpPvdTJAcroiyqKlmLjhwobPgetRF2kT6xqycg3ChPFj/J/xZzV3DmdFcSPCltaQZrvrStcJyGReB+iclRF9oocM2SDz1MQBSpQpujQjzIhAdMvOCcdFjcdtdjvloNikLiCH+TQh9amhx6SF2HhtZ+1sVjr/48I08qOFFNNbyMEDcrSdGo=]
D/S4URC   ( 3618): [NDK] [SYSCALL] [open] [PATH][string] [/data/data/uviyju.xlugh.oemwdco.kljln/app_dex/utopay.dex] [RETURN][int] [94]
D/S4URC   ( 3618): [NDK] [SYSCALL] [lstat] [PATH][string] [/data]
D/S4URC   ( 3618): [NDK] [SYSCALL] [lstat] [PATH][string] [/data/data]
D/S4URC   ( 3618): [NDK] [SYSCALL] [lstat] [PATH][string] [/data/data/uviyju.xlugh.oemwdco.kljln]
D/S4URC   ( 3618): [NDK] [SYSCALL] [lstat] [PATH][string] [/data/data/uviyju.xlugh.oemwdco.kljln/app_dex]
D/S4URC   ( 3618): [NDK] [SYSCALL] [lstat] [PATH][string] [/data/data/uviyju.xlugh.oemwdco.kljln/app_dex/utopay.jar]
D/S4URC   ( 3618): [NDK] [SYSCALL] [open] [PATH][string] [/data/data/uviyju.xlugh.oemwdco.kljln/app_dex/utopay.jar] [RETURN][int] [94]
D/S4URC   ( 3618): [NDK] [SYSCALL] [lstat] [PATH][string] [/data]
D/S4URC   ( 3618): [NDK] [SYSCALL] [lstat] [PATH][string] [/data/data]
D/S4URC   ( 3618): [NDK] [SYSCALL] [lstat] [PATH][string] [/data/data/uviyju.xlugh.oemwdco.kljln]
D/S4URC   ( 3618): [NDK] [SYSCALL] [lstat] [PATH][string] [/data/data/uviyju.xlugh.oemwdco.kljln/app_dex]
D/S4URC   ( 3618): [NDK] [SYSCALL] [lstat] [PATH][string] [/data/data/uviyju.xlugh.oemwdco.kljln/app_dex/utopay.jar]
D/S4URC   ( 3618): [NDK] [SYSCALL] [stat] [PATH][string] [/vendor/lib]
D/S4URC   ( 3618): [SDK] [java.io.File] [Constructor] [FilePath][String] [/vendor/lib]
D/S4URC   ( 3618): [NDK] [SYSCALL] [stat] [PATH][string] [/system/lib]
D/S4URC   ( 3618): [SDK] [java.io.File] [Constructor] [FilePath][String] [/system/lib]
D/S4URC   ( 3618): [NDK] [SYSCALL] [lstat] [PATH][string] [/data]
D/S4URC   ( 3618): [NDK] [SYSCALL] [lstat] [PATH][string] [/data/data]
D/S4URC   ( 3618): [NDK] [SYSCALL] [lstat] [PATH][string] [/data/data/uviyju.xlugh.oemwdco.kljln]
D/S4URC   ( 3618): [NDK] [SYSCALL] [lstat] [PATH][string] [/data/data/uviyju.xlugh.oemwdco.kljln/app_dex]
D/S4URC   ( 3618): [NDK] [SYSCALL] [lstat] [PATH][string] [/data/data/uviyju.xlugh.oemwdco.kljln/app_dex/utopay.jar]
D/S4URC   ( 3618): [NDK] [SYSCALL] [lstat] [PATH][string] [/data]
D/S4URC   ( 3618): [NDK] [SYSCALL] [lstat] [PATH][string] [/data/data]
D/S4URC   ( 3618): [NDK] [SYSCALL] [lstat] [PATH][string] [/data/data/uviyju.xlugh.oemwdco.kljln]
D/S4URC   ( 3618): [NDK] [SYSCALL] [lstat] [PATH][string] [/data/data/uviyju.xlugh.oemwdco.kljln/app_dex]
D/S4URC   ( 3618): [NDK] [SYSCALL] [lstat] [PATH][string] [/data/data/uviyju.xlugh.oemwdco.kljln/app_dex/utopay.jar]
D/S4URC   ( 3618): [NDK] [SYSCALL] [lstat] [PATH][string] [/data]
D/S4URC   ( 3618): [NDK] [SYSCALL] [lstat] [PATH][string] [/data/data]
D/S4URC   ( 3618): [NDK] [SYSCALL] [lstat] [PATH][string] [/data/data/uviyju.xlugh.oemwdco.kljln]
D/S4URC   ( 3618): [NDK] [SYSCALL] [lstat] [PATH][string] [/data/data/uviyju.xlugh.oemwdco.kljln/app_dex]
D/S4URC   ( 3618): [NDK] [SYSCALL] [lstat] [PATH][string] [/data/data/uviyju.xlugh.oemwdco.kljln/app_dex/utopay.jar]
D/S4URC   ( 3618): [NDK] [SYSCALL] [lstat] [PATH][string] [/data]
D/S4URC   ( 3618): [NDK] [SYSCALL] [lstat] [PATH][string] [/data/data]
D/S4URC   ( 3618): [NDK] [SYSCALL] [lstat] [PATH][string] [/data/data/uviyju.xlugh.oemwdco.kljln]
D/S4URC   ( 3618): [NDK] [SYSCALL] [lstat] [PATH][string] [/data/data/uviyju.xlugh.oemwdco.kljln/app_dex]
D/S4URC   ( 3618): [NDK] [SYSCALL] [lstat] [PATH][string] [/data/data/uviyju.xlugh.oemwdco.kljln/app_dex/utopay.jar]
D/S4URC   ( 3618): [NDK] [SYSCALL] [lstat] [PATH][string] [/data]
D/S4URC   ( 3618): [NDK] [SYSCALL] [lstat] [PATH][string] [/data/data]
D/S4URC   ( 3618): [NDK] [SYSCALL] [lstat] [PATH][string] [/data/data/uviyju.xlugh.oemwdco.kljln]
D/S4URC   ( 3618): [NDK] [SYSCALL] [lstat] [PATH][string] [/data/data/uviyju.xlugh.oemwdco.kljln/app_dex]
D/S4URC   ( 3618): [NDK] [SYSCALL] [lstat] [PATH][string] [/data/data/uviyju.xlugh.oemwdco.kljln/app_dex/utopay.jar]
D/S4URC   ( 3618): [NDK] [SYSCALL] [lstat] [PATH][string] [/data]
D/S4URC   ( 3618): [NDK] [SYSCALL] [lstat] [PATH][string] [/data/data]
D/S4URC   ( 3618): [NDK] [SYSCALL] [lstat] [PATH][string] [/data/data/uviyju.xlugh.oemwdco.kljln]
D/S4URC   ( 3618): [NDK] [SYSCALL] [lstat] [PATH][string] [/data/data/uviyju.xlugh.oemwdco.kljln/app_dex]
D/S4URC   ( 3618): [NDK] [SYSCALL] [lstat] [PATH][string] [/data/data/uviyju.xlugh.oemwdco.kljln/app_dex/utopay.jar]
D/S4URC   ( 3618): [NDK] [SYSCALL] [lstat] [PATH][string] [/data]
D/S4URC   ( 3618): [NDK] [SYSCALL] [lstat] [PATH][string] [/data/data]
D/S4URC   ( 3618): [NDK] [SYSCALL] [lstat] [PATH][string] [/data/data/uviyju.xlugh.oemwdco.kljln]
D/S4URC   ( 3618): [NDK] [SYSCALL] [lstat] [PATH][string] [/data/data/uviyju.xlugh.oemwdco.kljln/app_dex]
D/S4URC   ( 3618): [NDK] [SYSCALL] [lstat] [PATH][string] [/data/data/uviyju.xlugh.oemwdco.kljln/app_dex/utopay.jar]
D/S4URC   ( 3618): [NDK] [SYSCALL] [lstat] [PATH][string] [/data]
D/S4URC   ( 3618): [NDK] [SYSCALL] [lstat] [PATH][string] [/data/data]
D/S4URC   ( 3618): [NDK] [SYSCALL] [lstat] [PATH][string] [/data/data/uviyju.xlugh.oemwdco.kljln]
D/S4URC   ( 3618): [NDK] [SYSCALL] [lstat] [PATH][string] [/data/data/uviyju.xlugh.oemwdco.kljln/app_dex]
D/S4URC   ( 3618): [NDK] [SYSCALL] [lstat] [PATH][string] [/data/data/uviyju.xlugh.oemwdco.kljln/app_dex/utopay.jar]
D/S4URC   ( 3618): [SDK] [android.app.ApplicationPackageManager] [getApplicationInfo] [FindApplicationName][String] [uviyju.xlugh.oemwdco.kljln]
D/S4URC   ( 3618): [SDK] [java.lang.Runtime] [exec] [Command][String] [getpropapps.customerservice.device]
D/S4URC   ( 3797): [NDK] [SYSCALL] [getdents] [PATH][string] [.]
D/S4URC   ( 3618): [SDK] [java.lang.Class] [forName] [FindClass][String] [android.os.ServiceManager]
D/S4URC   ( 3618): [SDK] [java.lang.Class] [forName] [FindClass][String] [com.android.internal.telephony.IPhoneSubInfo$Stub]
D/S4URC   ( 3618): [SDK] [java.lang.Class] [forName] [FindClass][String] [android.os.ServiceManager]
D/S4URC   ( 3618): [SDK] [java.lang.Class] [forName] [FindClass][String] [com.android.internal.telephony.IPhoneSubInfo$Stub]
D/S4URC   ( 3618): [SDK] [java.lang.Class] [forName] [FindClass][String] [android.os.ServiceManager]
D/S4URC   ( 3618): [SDK] [android.telephony.TelephonyManager] [getSubscriberId]
D/S4URC   ( 3618): [SDK] [java.lang.Class] [forName] [FindClass][String] [android.telephony.MSimTelephonyManage]
D/S4URC   ( 3618): [SDK] [java.io.File] [getPath] [FilePath][String] [/data/data/uviyju.xlugh.oemwdco.kljln/shared_prefs]
D/S4URC   ( 3618): [SDK] [java.io.File] [getPath] [FilePath][String] [/data/data/uviyju.xlugh.oemwdco.kljln/shared_prefs/uviyju.xlugh.oemwdco.kljln_preferences.xml]
D/S4URC   ( 3618): [SDK] [java.io.File] [Constructor] [FilePath][String] [/data/data/uviyju.xlugh.oemwdco.kljln/shared_prefs/uviyju.xlugh.oemwdco.kljln_preferences.xml.bak]
D/S4URC   ( 3618): [SDK] [java.io.File] [exists] [FilePath][String] [/data/data/uviyju.xlugh.oemwdco.kljln/shared_prefs/uviyju.xlugh.oemwdco.kljln_preferences.xml]
D/S4URC   ( 3618): [NDK] [SYSCALL] [access] [PATH][string] [/data/data/uviyju.xlugh.oemwdco.kljln/shared_prefs/uviyju.xlugh.oemwdco.kljln_preferences.xml]
D/S4URC   ( 3618): [SDK] [java.io.File] [exists] [FilePath][String] [/data/data/uviyju.xlugh.oemwdco.kljln/shared_prefs/uviyju.xlugh.oemwdco.kljln_preferences.xml]
D/S4URC   ( 3618): [NDK] [SYSCALL] [access] [PATH][string] [/data/data/uviyju.xlugh.oemwdco.kljln/shared_prefs/uviyju.xlugh.oemwdco.kljln_preferences.xml]
D/S4URC   ( 3618): [SDK] [android.content.ContextWrapper][getSharedPreferences] [File][uviyju.xlugh.oemwdco.kljln_preferences.xml] [MODE][MODE_PRIVATE]
D/S4URC   ( 3618): [SDK] [java.io.File] [exists] [FilePath][String] [/data/data/uviyju.xlugh.oemwdco.kljln/shared_prefs/uviyju.xlugh.oemwdco.kljln_preferences.xml.bak]
D/S4URC   ( 3618): [NDK] [SYSCALL] [access] [PATH][string] [/data/data/uviyju.xlugh.oemwdco.kljln/shared_prefs/uviyju.xlugh.oemwdco.kljln_preferences.xml.bak]
D/S4URC   ( 3618): [SDK] [java.io.File] [exists] [FilePath][String] [/data/data/uviyju.xlugh.oemwdco.kljln/shared_prefs/uviyju.xlugh.oemwdco.kljln_preferences.xml]
D/S4URC   ( 3618): [NDK] [SYSCALL] [access] [PATH][string] [/data/data/uviyju.xlugh.oemwdco.kljln/shared_prefs/uviyju.xlugh.oemwdco.kljln_preferences.xml]
D/S4URC   ( 3618): [SDK] [java.io.File] [getPath] [FilePath][String] [/data/data/uviyju.xlugh.oemwdco.kljln/shared_prefs/uviyju.xlugh.oemwdco.kljln_preferences.xml]
D/S4URC   ( 3618): [NDK] [SYSCALL] [stat] [PATH][string] [/data/data/uviyju.xlugh.oemwdco.kljln/shared_prefs/uviyju.xlugh.oemwdco.kljln_preferences.xml]
D/S4URC   ( 3618): [SDK] [android.content.ContextWrapper][getSharedPreferences] [File][uviyju.xlugh.oemwdco.kljln_preferences.xml] [MODE][MODE_PRIVATE] [Method][getString] [String][YQWY_PAY_CHANNEL] [Return][]
D/S4URC   ( 3618): [SDK] [android.app.ApplicationPackageManager] [getApplicationInfo] [FindApplicationName][String] [uviyju.xlugh.oemwdco.kljln]
D/S4URC   ( 3618): [SDK] [android.content.ContextWrapper][getSharedPreferences] [File][uviyju.xlugh.oemwdco.kljln_preferences.xml] [MODE][MODE_PRIVATE] [Method][getString] [String][YQWY_PAY_APPID] [Return][]
D/S4URC   ( 3618): [SDK] [android.app.ApplicationPackageManager] [getApplicationInfo] [FindApplicationName][String] [uviyju.xlugh.oemwdco.kljln]
D/S4URC   ( 3618): [SDK] [java.io.File] [getPath] [FilePath][String] [/data/data/uviyju.xlugh.oemwdco.kljln/shared_prefs/uviyju.xlugh.oemwdco.kljln_preferences.xml]
D/S4URC   ( 3618): [NDK] [SYSCALL] [stat] [PATH][string] [/data/data/uviyju.xlugh.oemwdco.kljln/shared_prefs/uviyju.xlugh.oemwdco.kljln_preferences.xml]
D/S4URC   ( 3618): [SDK] [android.content.ContextWrapper][getSharedPreferences] [File][uviyju.xlugh.oemwdco.kljln_preferences.xml] [MODE][MODE_PRIVATE]
D/S4URC   ( 3618): [SDK] [java.io.File] [exists] [FilePath][String] [/data/data/uviyju.xlugh.oemwdco.kljln/shared_prefs/uviyju.xlugh.oemwdco.kljln_preferences.xml.bak]
D/S4URC   ( 3618): [NDK] [SYSCALL] [access] [PATH][string] [/data/data/uviyju.xlugh.oemwdco.kljln/shared_prefs/uviyju.xlugh.oemwdco.kljln_preferences.xml.bak]
D/S4URC   ( 3618): [SDK] [java.io.File] [exists] [FilePath][String] [/data/data/uviyju.xlugh.oemwdco.kljln/shared_prefs/uviyju.xlugh.oemwdco.kljln_preferences.xml]
D/S4URC   ( 3618): [NDK] [SYSCALL] [access] [PATH][string] [/data/data/uviyju.xlugh.oemwdco.kljln/shared_prefs/uviyju.xlugh.oemwdco.kljln_preferences.xml]
D/S4URC   ( 3618): [SDK] [java.io.File] [getPath] [FilePath][String] [/data/data/uviyju.xlugh.oemwdco.kljln/shared_prefs/uviyju.xlugh.oemwdco.kljln_preferences.xml]
D/S4URC   ( 3618): [NDK] [SYSCALL] [stat] [PATH][string] [/data/data/uviyju.xlugh.oemwdco.kljln/shared_prefs/uviyju.xlugh.oemwdco.kljln_preferences.xml]
D/S4URC   ( 3618): [SDK] [android.content.ContextWrapper] [registerReceiver][IntentFilter][SMS_SEND_ACTIOIN,NEW_SMS_ARRIVAL_ACTION,
D/S4URC   ( 3618): [NDK] [SYSCALL] [socket] [TYPE][string] [TCP]
D/S4URC   ( 3618): [SDK] [java.lang.Runtime] [exec] [Command][String] [getpropapps.customerservice.device]
D/S4URC   ( 3827): [NDK] [SYSCALL] [getdents] [PATH][string] [.]
D/S4URC   ( 3618): [SDK] [java.lang.Class] [forName] [FindClass][String] [android.telephony.MSimTelephonyManager]
D/S4URC   ( 3618): [SDK] [android.telephony.TelephonyManager] [getSubscriberId]
D/S4URC   ( 3618): [NDK] [SYSCALL] [socket] [TYPE][string] [TCP]
D/S4URC   ( 3618): [SDK] [java.lang.Class] [forName] [FindClass][String] [com.adobe.fre.FREObject]
D/S4URC   ( 3618): [SDK] [java.lang.Class] [forName] [FindClass][String] [org.cocos2d.lib.Cocos2dxActivity]
D/S4URC   ( 3618): [SDK] [java.lang.Class] [forName] [FindClass][String] [com.unity3d.player.UnityPlayer]
D/S4URC   ( 3618): [SDK] [java.lang.Class] [forName] [FindClass][String] [android.telephony.MSimTelephonyManager]
D/S4URC   ( 3618): [SDK] [java.lang.Class] [forName] [FindClass][String] [com.android.internal.telephony.Phone]
D/S4URC   ( 3618): [NDK] [SYSCALL] [socket] [TYPE][string] [TCP]
D/S4URC   ( 3618): [SDK] [java.lang.Class] [forName] [FindClass][String] [com.android.internal.telephony.Phone]
D/S4URC   ( 3618): [SDK] [java.lang.Class] [forName] [FindClass][String] [com.android.internal.telephony.PhoneFactory]
D/S4URC   ( 3618): [SDK] [android.telephony.TelephonyManager] [getSubscriberId]
D/S4URC   ( 3618): [SDK] [java.io.File] [getPath] [FilePath][String] [/data/data/uviyju.xlugh.oemwdco.kljln/shared_prefs]
D/S4URC   ( 3618): [SDK] [java.io.File] [getPath] [FilePath][String] [/data/data/uviyju.xlugh.oemwdco.kljln/shared_prefs/tally_util_msg.xml]
D/S4URC   ( 3618): [SDK] [java.io.File] [Constructor] [FilePath][String] [/data/data/uviyju.xlugh.oemwdco.kljln/shared_prefs/tally_util_msg.xml.bak]
D/S4URC   ( 3618): [SDK] [java.io.File] [exists] [FilePath][String] [/data/data/uviyju.xlugh.oemwdco.kljln/shared_prefs/tally_util_msg.xml]
D/S4URC   ( 3618): [NDK] [SYSCALL] [access] [PATH][string] [/data/data/uviyju.xlugh.oemwdco.kljln/shared_prefs/tally_util_msg.xml]
D/S4URC   ( 3618): [SDK] [java.io.File] [exists] [FilePath][String] [/data/data/uviyju.xlugh.oemwdco.kljln/shared_prefs/tally_util_msg.xml]
D/S4URC   ( 3618): [NDK] [SYSCALL] [access] [PATH][string] [/data/data/uviyju.xlugh.oemwdco.kljln/shared_prefs/tally_util_msg.xml]
D/S4URC   ( 3618): [SDK] [android.content.ContextWrapper][getSharedPreferences] [File][tally_util_msg.xml] [MODE][MODE_PRIVATE]
D/S4URC   ( 3618): [SDK] [java.io.File] [exists] [FilePath][String] [/data/data/uviyju.xlugh.oemwdco.kljln/shared_prefs/tally_util_msg.xml.bak]
D/S4URC   ( 3618): [NDK] [SYSCALL] [access] [PATH][string] [/data/data/uviyju.xlugh.oemwdco.kljln/shared_prefs/tally_util_msg.xml.bak]
D/S4URC   ( 3618): [SDK] [java.io.File] [exists] [FilePath][String] [/data/data/uviyju.xlugh.oemwdco.kljln/shared_prefs/tally_util_msg.xml]
D/S4URC   ( 3618): [NDK] [SYSCALL] [access] [PATH][string] [/data/data/uviyju.xlugh.oemwdco.kljln/shared_prefs/tally_util_msg.xml]
D/S4URC   ( 3618): [SDK] [android.telephony.TelephonyManager] [getSubscriberId]
D/S4URC   ( 3618): [SDK] [java.io.File] [getPath] [FilePath][String] [/data/data/uviyju.xlugh.oemwdco.kljln/shared_prefs/tally_util_msg.xml]
D/S4URC   ( 3618): [NDK] [SYSCALL] [stat] [PATH][string] [/data/data/uviyju.xlugh.oemwdco.kljln/shared_prefs/tally_util_msg.xml]
D/S4URC   ( 3618): [SDK] [android.content.ContextWrapper][getSharedPreferences] [File][tally_util_msg.xml] [MODE][MODE_PRIVATE] [Method][getBoolean] [Boolean][push_succ] [Return][false]
D/S4URC   ( 3618): [SDK] [java.lang.Class] [forName] [FindClass][String] [android.telephony.MSimTelephonyManager]
D/S4URC   ( 3618): [SDK] [java.lang.Class] [forName] [FindClass][String] [com.android.internal.telephony.Phone]
D/S4URC   ( 3618): [SDK] [java.lang.Class] [forName] [FindClass][String] [com.android.internal.telephony.PhoneFactory]
D/S4URC   ( 3618): [SDK] [android.telephony.TelephonyManager] [getSubscriberId]
D/S4URC   ( 3618): [SDK] [android.app.ActivityManager] [getRunningAppProcesses]
D/S4URC   ( 3618): [SDK] [android.telephony.TelephonyManager] [getSubscriberId]
D/S4URC   ( 3618): [NDK] [SYSCALL] [lstat] [PATH][string] [/storage]
D/S4URC   ( 3618): [NDK] [SYSCALL] [lstat] [PATH][string] [/storage/sdcard0]
D/S4URC   ( 3618): [SDK] [java.io.File] [Constructor] [FilePath][String] [/storage/sdcard0]
D/S4URC   ( 3618): [SDK] [java.io.File] [Constructor] [FilePath][String] [/storage/sdcard1]
D/S4URC   ( 3618): [SDK] [java.io.File] [Constructor] [FilePath][String] [/storage/usb2host]
D/S4URC   ( 3618): [SDK] [java.io.File] [Constructor] [FilePath][String] [/storage/usb3device]
D/S4URC   ( 3618): [SDK] [java.io.File] [Constructor] [FilePath][String] [/storage/usb3host]
D/S4URC   ( 3618): [SDK] [android.os.Environment] [getExternalStorageState] [ExternalStorageState][String] [mounted]
D/S4URC   ( 3618): [SDK] [java.io.File] [getPath] [FilePath][String] [/storage/sdcard0]
D/S4URC   ( 3618): [SDK] [android.os.Environment] [getExternalStorageDirectory] [DirectoryPath][String] [/storage/sdcard0]
D/S4URC   ( 3618): [NDK] [SYSCALL] [lstat] [PATH][string] [/storage]
D/S4URC   ( 3618): [NDK] [SYSCALL] [lstat] [PATH][string] [/storage/sdcard0]
D/S4URC   ( 3618): [SDK] [java.io.File] [Constructor] [FilePath][String] [/storage/sdcard0]
D/S4URC   ( 3618): [SDK] [java.io.File] [getPath] [FilePath][String] [/data/data/uviyju.xlugh.oemwdco.kljln/shared_prefs]
D/S4URC   ( 3618): [SDK] [java.io.File] [Constructor] [FilePath][String] [/storage/sdcard0]
D/S4URC   ( 3618): [SDK] [java.io.File] [getPath] [FilePath][String] [/data/data/uviyju.xlugh.oemwdco.kljln/shared_prefs/zpay_info.xml]
D/S4URC   ( 3618): [SDK] [java.io.File] [Constructor] [FilePath][String] [/storage/sdcard1]
D/S4URC   ( 3618): [SDK] [java.io.File] [Constructor] [FilePath][String] [/data/data/uviyju.xlugh.oemwdco.kljln/shared_prefs/zpay_info.xml.bak]
D/S4URC   ( 3618): [SDK] [java.io.File] [Constructor] [FilePath][String] [/storage/usb2host]
D/S4URC   ( 3618): [SDK] [java.io.File] [exists] [FilePath][String] [/data/data/uviyju.xlugh.oemwdco.kljln/shared_prefs/zpay_info.xml]
D/S4URC   ( 3618): [SDK] [java.io.File] [Constructor] [FilePath][String] [/storage/usb3device]
D/S4URC   ( 3618): [NDK] [SYSCALL] [access] [PATH][string] [/data/data/uviyju.xlugh.oemwdco.kljln/shared_prefs/zpay_info.xml]
D/S4URC   ( 3618): [SDK] [java.io.File] [Constructor] [FilePath][String] [/storage/usb3host]
D/S4URC   ( 3618): [SDK] [java.io.File] [exists] [FilePath][String] [/data/data/uviyju.xlugh.oemwdco.kljln/shared_prefs/zpay_info.xml]
D/S4URC   ( 3618): [NDK] [SYSCALL] [access] [PATH][string] [/data/data/uviyju.xlugh.oemwdco.kljln/shared_prefs/zpay_info.xml]
D/S4URC   ( 3618): [SDK] [android.content.ContextWrapper][getSharedPreferences] [File][zpay_info.xml] [MODE][MODE_PRIVATE]
D/S4URC   ( 3618): [SDK] [android.os.Environment] [getExternalStorageState] [ExternalStorageState][String] [mounted]
D/S4URC   ( 3618): [SDK] [java.io.File] [getPath] [FilePath][String] [/storage/sdcard0]
D/S4URC   ( 3618): [SDK] [android.os.Environment] [getExternalStorageDirectory] [DirectoryPath][String] [/storage/sdcard0]
D/S4URC   ( 3618): [SDK] [java.io.File] [Constructor] [FilePath][String] [/storage/sdcard0/AbcDEfghijklmnopqrsTuvwxYz.tag]
D/S4URC   ( 3618): [SDK] [java.io.File] [exists] [FilePath][String] [/storage/sdcard0/AbcDEfghijklmnopqrsTuvwxYz.tag]
D/S4URC   ( 3618): [NDK] [SYSCALL] [access] [PATH][string] [/storage/sdcard0/AbcDEfghijklmnopqrsTuvwxYz.tag]
D/S4URC   ( 3618): [SDK] [android.app.ApplicationPackageManager] [getApplicationInfo] [FindApplicationName][String] [uviyju.xlugh.oemwdco.kljln]
D/S4URC   ( 3618): [SDK] [java.io.File] [exists] [FilePath][String] [/data/data/uviyju.xlugh.oemwdco.kljln/shared_prefs/zpay_info.xml.bak]
D/S4URC   ( 3618): [NDK] [SYSCALL] [access] [PATH][string] [/data/data/uviyju.xlugh.oemwdco.kljln/shared_prefs/zpay_info.xml.bak]
D/S4URC   ( 3618): [SDK] [java.io.File] [exists] [FilePath][String] [/data/data/uviyju.xlugh.oemwdco.kljln/shared_prefs/zpay_info.xml]
D/S4URC   ( 3618): [NDK] [SYSCALL] [access] [PATH][string] [/data/data/uviyju.xlugh.oemwdco.kljln/shared_prefs/zpay_info.xml]
D/S4URC   ( 3618): [SDK] [java.io.File] [getPath] [FilePath][String] [/data/data/uviyju.xlugh.oemwdco.kljln/shared_prefs/zpay_info.xml]
D/S4URC   ( 3618): [NDK] [SYSCALL] [stat] [PATH][string] [/data/data/uviyju.xlugh.oemwdco.kljln/shared_prefs/zpay_info.xml]
D/S4URC   ( 3618): [SDK] [android.content.ContextWrapper][getSharedPreferences] [File][zpay_info.xml] [MODE][MODE_PRIVATE] [Method][putString] [Key][cp] [Value][1000100020001204]
D/S4URC   ( 3618): [SDK] [android.app.ApplicationPackageManager] [getApplicationInfo] [FindApplicationName][String] [uviyju.xlugh.oemwdco.kljln]
D/S4URC   ( 3618): [SDK] [android.content.ContextWrapper][getSharedPreferences] [File][zpay_info.xml] [MODE][MODE_PRIVATE] [Method][apply]
D/S4URC   ( 3618): [SDK] [android.content.ContextWrapper][getSharedPreferences] [File][zpay_info.xml] [MODE][MODE_PRIVATE]
D/S4URC   ( 3618): [SDK] [java.io.File] [exists] [FilePath][String] [/data/data/uviyju.xlugh.oemwdco.kljln/shared_prefs/zpay_info.xml]
D/S4URC   ( 3618): [SDK] [android.content.ContextWrapper][getSharedPreferences] [File][zpay_info.xml] [MODE][MODE_PRIVATE] [Method][putString] [Key][qd] [Value][zyap3030_58470_100]
D/S4URC   ( 3618): [SDK] [android.content.ContextWrapper][getSharedPreferences] [File][zpay_info.xml] [MODE][MODE_PRIVATE] [Method][apply]
D/S4URC   ( 3618): [NDK] [SYSCALL] [access] [PATH][string] [/data/data/uviyju.xlugh.oemwdco.kljln/shared_prefs/zpay_info.xml]
D/S4URC   ( 3618): [SDK] [android.content.ContextWrapper][getSharedPreferences] [File][zpay_info.xml] [MODE][MODE_PRIVATE]
D/S4URC   ( 3618): [SDK] [android.content.ContextWrapper][getSharedPreferences] [File][zpay_info.xml] [MODE][MODE_PRIVATE] [Method][putString] [Key][appId] [Value][3030]
D/S4URC   ( 3618): [SDK] [java.io.File] [getPath] [FilePath][String] [/data/data/uviyju.xlugh.oemwdco.kljln/shared_prefs/zpay_info.xml]
D/S4URC   ( 3618): [SDK] [android.content.ContextWrapper][getSharedPreferences] [File][zpay_info.xml] [MODE][MODE_PRIVATE] [Method][apply]
D/S4URC   ( 3618): [NDK] [SYSCALL] [open] [PATH][string] [/data/data/uviyju.xlugh.oemwdco.kljln/shared_prefs/zpay_info.xml] [RETURN][int] [99]
D/S4URC   ( 3618): [NDK] [SYSCALL] [socket] [TYPE][string] [TCP]
D/S4URC   ( 3618): [SDK] [java.io.File] [getPath] [FilePath][String] [/data/data/uviyju.xlugh.oemwdco.kljln/shared_prefs]
D/S4URC   ( 3618): [SDK] [java.io.File] [getPath] [FilePath][String] [/data/data/uviyju.xlugh.oemwdco.kljln/shared_prefs/dc.preferences.xml]
D/S4URC   ( 3618): [SDK] [java.io.File] [Constructor] [FilePath][String] [/data/data/uviyju.xlugh.oemwdco.kljln/shared_prefs/dc.preferences.xml.bak]
D/S4URC   ( 3618): [SDK] [java.io.File] [getPath] [FilePath][String] [/data/data/uviyju.xlugh.oemwdco.kljln/shared_prefs/zpay_info.xml]
D/S4URC   ( 3618): [NDK] [SYSCALL] [chmod] [PATH][string] [/data/data/uviyju.xlugh.oemwdco.kljln/shared_prefs/zpay_info.xml] [MODE][int] [0660]
D/S4URC   ( 3618): [SDK] [java.io.File] [getPath] [FilePath][String] [/data/data/uviyju.xlugh.oemwdco.kljln/shared_prefs/zpay_info.xml]
D/S4URC   ( 3618): [NDK] [SYSCALL] [stat] [PATH][string] [/data/data/uviyju.xlugh.oemwdco.kljln/shared_prefs/zpay_info.xml]
D/S4URC   ( 3618): [SDK] [java.io.File] [delete] [FilePath][String] [/data/data/uviyju.xlugh.oemwdco.kljln/shared_prefs/zpay_info.xml.bak]
D/S4URC   ( 3618): [NDK] [SYSCALL] [lstat] [PATH][string] [/data/data/uviyju.xlugh.oemwdco.kljln/shared_prefs/zpay_info.xml.bak]
D/S4URC   ( 3618): [SDK] [java.io.File] [exists] [FilePath][String] [/data/data/uviyju.xlugh.oemwdco.kljln/shared_prefs/zpay_info.xml]
D/S4URC   ( 3618): [NDK] [SYSCALL] [access] [PATH][string] [/data/data/uviyju.xlugh.oemwdco.kljln/shared_prefs/zpay_info.xml]
D/S4URC   ( 3618): [SDK] [java.io.File] [exists] [FilePath][String] [/data/data/uviyju.xlugh.oemwdco.kljln/shared_prefs/zpay_info.xml.bak]
D/S4URC   ( 3618): [NDK] [SYSCALL] [access] [PATH][string] [/data/data/uviyju.xlugh.oemwdco.kljln/shared_prefs/zpay_info.xml.bak]
D/S4URC   ( 3618): [SDK] [java.io.File] [renameTo] [FilePath][String] [/data/data/uviyju.xlugh.oemwdco.kljln/shared_prefs/zpay_info.xml] [DesFile][/data/data/uviyju.xlugh.oemwdco.kljln/shared_prefs/zpay_info.xml.bak]
D/S4URC   ( 3618): [NDK] [SYSCALL] [rename] [ORIG_PATH][string] [/data/data/uviyju.xlugh.oemwdco.kljln/shared_prefs/zpay_info.xml] [NEW_PATH][string] [/data/data/uviyju.xlugh.oemwdco.kljln/shared_prefs/zpay_info.xml.bak]
D/S4URC   ( 3618): [SDK] [java.io.File] [getPath] [FilePath][String] [/data/data/uviyju.xlugh.oemwdco.kljln/shared_prefs/zpay_info.xml]
D/S4URC   ( 3618): [NDK] [SYSCALL] [open] [PATH][string] [/data/data/uviyju.xlugh.oemwdco.kljln/shared_prefs/zpay_info.xml] [RETURN][int] [99]
D/S4URC   ( 3618): [SDK] [java.io.File] [exists] [FilePath][String] [/data/data/uviyju.xlugh.oemwdco.kljln/shared_prefs/dc.preferences.xml]
D/S4URC   ( 3618): [NDK] [SYSCALL] [access] [PATH][string] [/data/data/uviyju.xlugh.oemwdco.kljln/shared_prefs/dc.preferences.xml]
D/S4URC   ( 3618): [SDK] [java.io.File] [exists] [FilePath][String] [/data/data/uviyju.xlugh.oemwdco.kljln/shared_prefs/dc.preferences.xml]
D/S4URC   ( 3618): [NDK] [SYSCALL] [access] [PATH][string] [/data/data/uviyju.xlugh.oemwdco.kljln/shared_prefs/dc.preferences.xml]
D/S4URC   ( 3618): [SDK] [android.content.ContextWrapper][getSharedPreferences] [File][zpay_info.xml] [MODE][MODE_PRIVATE]
D/S4URC   ( 3618): [SDK] [android.content.ContextWrapper][getSharedPreferences] [File][dc.preferences.xml] [MODE][MODE_PRIVATE]
D/S4URC   ( 3618): [SDK] [android.content.ContextWrapper][getSharedPreferences] [File][zpay_info.xml] [MODE][MODE_PRIVATE] [Method][getString] [String][cp] [Return][1000100020001204]
D/S4URC   ( 3618): [SDK] [java.io.File] [getPath] [FilePath][String] [/data/data/uviyju.xlugh.oemwdco.kljln/shared_prefs]
D/S4URC   ( 3618): [SDK] [java.io.File] [getPath] [FilePath][String] [/data/data/uviyju.xlugh.oemwdco.kljln/shared_prefs/dc.053CE9326103161DC37854ECE8E0DBE2.preferences.xml]
D/S4URC   ( 3618): [SDK] [java.io.File] [Constructor] [FilePath][String] [/data/data/uviyju.xlugh.oemwdco.kljln/shared_prefs/dc.053CE9326103161DC37854ECE8E0DBE2.preferences.xml.bak]
D/S4URC   ( 3618): [SDK] [java.io.File] [exists] [FilePath][String] [/data/data/uviyju.xlugh.oemwdco.kljln/shared_prefs/dc.preferences.xml.bak]
D/S4URC   ( 3618): [NDK] [SYSCALL] [access] [PATH][string] [/data/data/uviyju.xlugh.oemwdco.kljln/shared_prefs/dc.preferences.xml.bak]
D/S4URC   ( 3618): [SDK] [java.io.File] [exists] [FilePath][String] [/data/data/uviyju.xlugh.oemwdco.kljln/shared_prefs/dc.053CE9326103161DC37854ECE8E0DBE2.preferences.xml]
D/S4URC   ( 3618): [SDK] [java.io.File] [exists] [FilePath][String] [/data/data/uviyju.xlugh.oemwdco.kljln/shared_prefs/dc.preferences.xml]
D/S4URC   ( 3618): [NDK] [SYSCALL] [access] [PATH][string] [/data/data/uviyju.xlugh.oemwdco.kljln/shared_prefs/dc.preferences.xml]
D/S4URC   ( 3618): [NDK] [SYSCALL] [access] [PATH][string] [/data/data/uviyju.xlugh.oemwdco.kljln/shared_prefs/dc.053CE9326103161DC37854ECE8E0DBE2.preferences.xml]
D/S4URC   ( 3618): [SDK] [java.io.File] [getPath] [FilePath][String] [/data/data/uviyju.xlugh.oemwdco.kljln/shared_prefs/dc.preferences.xml]
D/S4URC   ( 3618): [NDK] [SYSCALL] [stat] [PATH][string] [/data/data/uviyju.xlugh.oemwdco.kljln/shared_prefs/dc.preferences.xml]
D/S4URC   ( 3618): [SDK] [java.io.File] [exists] [FilePath][String] [/data/data/uviyju.xlugh.oemwdco.kljln/shared_prefs/dc.053CE9326103161DC37854ECE8E0DBE2.preferences.xml]
D/S4URC   ( 3618): [NDK] [SYSCALL] [access] [PATH][string] [/data/data/uviyju.xlugh.oemwdco.kljln/shared_prefs/dc.053CE9326103161DC37854ECE8E0DBE2.preferences.xml]
D/S4URC   ( 3618): [SDK] [android.content.ContextWrapper][getSharedPreferences] [File][zpay_info.xml] [MODE][MODE_PRIVATE]
D/S4URC   ( 3618): [SDK] [java.io.File] [getPath] [FilePath][String] [/data/data/uviyju.xlugh.oemwdco.kljln/shared_prefs/zpay_info.xml]
D/S4URC   ( 3618): [NDK] [SYSCALL] [chmod] [PATH][string] [/data/data/uviyju.xlugh.oemwdco.kljln/shared_prefs/zpay_info.xml] [MODE][int] [0660]
D/S4URC   ( 3618): [NDK] [SYSCALL] [stat] [PATH][string] [/data/data/uviyju.xlugh.oemwdco.kljln/shared_prefs/zpay_info.xml]
D/S4URC   ( 3618): [NDK] [SYSCALL] [lstat] [PATH][string] [/data/data/uviyju.xlugh.oemwdco.kljln/shared_prefs/zpay_info.xml.bak]
D/S4URC   ( 3618): [NDK] [SYSCALL] [unlink] [PATH][string] [/data/data/uviyju.xlugh.oemwdco.kljln/shared_prefs/zpay_info.xml.bak]
D/S4URC   ( 3618): [NDK] [SYSCALL] [access] [PATH][string] [/data/data/uviyju.xlugh.oemwdco.kljln/shared_prefs/zpay_info.xml]
D/S4URC   ( 3618): [NDK] [SYSCALL] [access] [PATH][string] [/data/data/uviyju.xlugh.oemwdco.kljln/shared_prefs/zpay_info.xml.bak]
D/S4URC   ( 3618): [NDK] [SYSCALL] [rename] [ORIG_PATH][string] [/data/data/uviyju.xlugh.oemwdco.kljln/shared_prefs/zpay_info.xml] [NEW_PATH][string] [/data/data/uviyju.xlugh.oemwdco.kljln/shared_prefs/zpay_info.xml.bak]
D/S4URC   ( 3618): [NDK] [SYSCALL] [open] [PATH][string] [/data/data/uviyju.xlugh.oemwdco.kljln/shared_prefs/zpay_info.xml] [RETURN][int] [99]
D/S4URC   ( 3618): [SDK] [java.io.File] [exists] [FilePath][String] [/data/data/uviyju.xlugh.oemwdco.kljln/shared_prefs/dc.053CE9326103161DC37854ECE8E0DBE2.preferences.xml.bak]
D/S4URC   ( 3618): [NDK] [SYSCALL] [access] [PATH][string] [/data/data/uviyju.xlugh.oemwdco.kljln/shared_prefs/dc.053CE9326103161DC37854ECE8E0DBE2.preferences.xml.bak]
D/S4URC   ( 3618): [SDK] [java.io.File] [exists] [FilePath][String] [/data/data/uviyju.xlugh.oemwdco.kljln/shared_prefs/dc.053CE9326103161DC37854ECE8E0DBE2.preferences.xml]
D/S4URC   ( 3618): [NDK] [SYSCALL] [access] [PATH][string] [/data/data/uviyju.xlugh.oemwdco.kljln/shared_prefs/dc.053CE9326103161DC37854ECE8E0DBE2.preferences.xml]
D/S4URC   ( 3618): [SDK] [java.io.File] [getPath] [FilePath][String] [/data/data/uviyju.xlugh.oemwdco.kljln/shared_prefs/dc.053CE9326103161DC37854ECE8E0DBE2.preferences.xml]
D/S4URC   ( 3618): [NDK] [SYSCALL] [stat] [PATH][string] [/data/data/uviyju.xlugh.oemwdco.kljln/shared_prefs/dc.053CE9326103161DC37854ECE8E0DBE2.preferences.xml]
D/S4URC   ( 3618): [SDK] [android.content.ContextWrapper][getSharedPreferences] [File][zpay_info.xml] [MODE][MODE_PRIVATE] [Method][getString] [String][DC_CURRENT_HOST] [Return][rd.gdatacube.net]
D/S4URC   ( 3618): [SDK] [android.content.ContextWrapper][getSharedPreferences] [File][zpay_info.xml] [MODE][MODE_PRIVATE] [Method][getString] [String][DC_APPVERSION] [Return][]
D/S4URC   ( 3618): [SDK] [android.app.ApplicationPackageManager] [getPackageInfo] [FindPackageName][String] [uviyju.xlugh.oemwdco.kljln]
D/S4URC   ( 3618): [SDK] [android.content.ContextWrapper][getSharedPreferences] [File][zpay_info.xml] [MODE][MODE_PRIVATE] [Method][getString] [String][DC_CONFIGPARAMS] [Return][]
D/S4URC   ( 3618): [SDK] [java.io.File] [getPath] [FilePath][String] [/data/data/uviyju.xlugh.oemwdco.kljln/shared_prefs/zpay_info.xml]
D/S4URC   ( 3618): [NDK] [SYSCALL] [chmod] [PATH][string] [/data/data/uviyju.xlugh.oemwdco.kljln/shared_prefs/zpay_info.xml] [MODE][int] [0660]
D/S4URC   ( 3618): [SDK] [java.io.File] [getPath] [FilePath][String] [/data/data/uviyju.xlugh.oemwdco.kljln/shared_prefs/zpay_info.xml]
D/S4URC   ( 3618): [NDK] [SYSCALL] [stat] [PATH][string] [/data/data/uviyju.xlugh.oemwdco.kljln/shared_prefs/zpay_info.xml]
D/S4URC   ( 3618): [SDK] [java.io.File] [delete] [FilePath][String] [/data/data/uviyju.xlugh.oemwdco.kljln/shared_prefs/zpay_info.xml.bak]
D/S4URC   ( 3618): [NDK] [SYSCALL] [lstat] [PATH][string] [/data/data/uviyju.xlugh.oemwdco.kljln/shared_prefs/zpay_info.xml.bak]
D/S4URC   ( 3618): [NDK] [SYSCALL] [unlink] [PATH][string] [/data/data/uviyju.xlugh.oemwdco.kljln/shared_prefs/zpay_info.xml.bak]
D/S4URC   ( 3618): [NDK] [SYSCALL] [lstat] [PATH][string] [/storage]
D/S4URC   ( 3618): [NDK] [SYSCALL] [lstat] [PATH][string] [/storage/sdcard0]
D/S4URC   ( 3618): [SDK] [java.io.File] [Constructor] [FilePath][String] [/storage/sdcard0]
D/S4URC   ( 3805): [SDK] [java.lang.Class] [forName] [FindClass][String] [java.net.HttpURLConnection]
D/S4URC   ( 3805): [SDK] [java.lang.Class] [forName] [FindClass][String] [com.android.okhttp.internal.http.HttpURLConnectionImpl]
D/S4URC   ( 3618): [SDK] [java.io.File] [Constructor] [FilePath][String] [oid]
D/S4URC   ( 3618): [SDK] [java.io.File] [getPath] [FilePath][String] [/oid]
D/S4URC   ( 3618): [SDK] [java.io.File] [Constructor] [FilePath][String] [/storage/usb3host]
D/S4URC   ( 3805): [SDK] [java.lang.Class] [forName] [FindClass][String] [android.hardware.SensorManager]
D/S4URC   ( 3857): [NDK] [SYSCALL] [getdents] [PATH][string] [.]
D/S4URC   ( 3618): [SDK] [android.os.Environment] [getExternalStorageState] [ExternalStorageState][String] [mounted]
D/S4URC   ( 3618): [SDK] [java.io.File] [getPath] [FilePath][String] [/storage/sdcard0]
D/S4URC   ( 3618): [SDK] [java.io.File] [mkdirs] [FilePath][String] [/storage/sdcard0/.SystemService/DEID/uviyju.xlugh.oemwdco.kljln]
D/S4URC   ( 3618): [SDK] [java.io.File] [getParent] [FilePath][String] [/storage/sdcard0/.SystemService/DEID/uviyju.xlugh.oemwdco.kljln]
D/S4URC   ( 3618): [SDK] [java.io.File] [mkdir] [FilePath][String] [/storage/sdcard0/.SystemService/DEID]
D/S4URC   ( 3618): [SDK] [java.io.File] [mkdirs] [FilePath][String] [/storage/sdcard0/.SystemService/053CE9326103161DC37854ECE8E0DBE2]
D/S4URC   ( 3805): [SDK] [java.lang.Class] [forName] [FindClass][String] [android.content.res.ResourcesKey]
D/S4URC   ( 3618): [SDK] [android.telephony.TelephonyManager] [getLine1Number]
D/S4URC   ( 3618): [SDK] [java.io.File] [exists] [FilePath][String] [/data/data/uviyju.xlugh.oemwdco.kljln/files/.SystemService/053CE9326103161DC37854ECE8E0DBE2/.account]
D/S4URC   ( 3618): [SDK] [android.telephony.TelephonyManager] [getLine1Number]
D/S4URC   ( 3618): [NDK] [SYSCALL] [lstat] [PATH][string] [/storage]
D/S4URC   ( 3618): [SDK] [android.os.Environment] [getExternalStorageState] [ExternalStorageState][String] [mounted]
D/S4URC   ( 3618): [SDK] [java.io.File] [getPath] [FilePath][String] [/storage/sdcard0/Android/data/com.door.pay.app/uu.dat]
D/S4URC   ( 3618): [SDK] [android.content.ContextWrapper][getSharedPreferences] [File][zpay_info.xml] [MODE][MODE_PRIVATE] [Method][getString] [String][DC_ETAG] [Return][]
D/S4URC   ( 3618): [SDK] [java.io.File] [Constructor] [FilePath][String] [/storage/sdcard0]
D/S4URC   ( 3805): [SDK] [java.io.File] [Constructor] [FilePath][String] [/storage/sdcard0/zhimeng123.evn]
D/S4URC   ( 3618): [SDK] [java.io.File] [getPath] [FilePath][String] [/data/data/uviyju.xlugh.oemwdco.kljln/shared_prefs/dc.053CE9326103161DC37854ECE8E0DBE2.preferences.xml]
D/S4URC   ( 3618): [NDK] [SYSCALL] [chmod] [PATH][string] [/data/data/uviyju.xlugh.oemwdco.kljln/shared_prefs/dc.053CE9326103161DC37854ECE8E0DBE2.preferences.xml] [MODE][int] [0660]
D/S4URC   ( 3805): [SDK] [java.lang.Class] [forName] [FindClass][String] [com.android.org.conscrypt.OpenSSLMessageDigestJDK$MD5]
D/S4URC   ( 3805): [SDK] [java.io.File] [getPath] [FilePath][String] [/storage/sdcard0]
D/S4URC   ( 3618): [SDK] [android.telephony.TelephonyManager] [getSubscriberId]
D/S4URC   ( 3618): [SDK] [java.lang.Class] [forName] [FindClass][String] [com.android.internal.telephony.PhoneFactory]
D/S4URC   ( 3618): [SDK] [java.lang.Class] [forName] [FindClass][String] [android.telephony.MSimTelephonyManager]
D/S4URC   ( 3618): [SDK] [java.lang.Class] [forName] [FindClass][String] [com.android.internal.telephony.Phone]
D/S4URC   ( 3618): [SDK] [java.lang.Class] [forName] [FindClass][String] [com.android.internal.telephony.PhoneConstants]
D/S4URC   ( 3618): [SDK] [android.telephony.TelephonyManager] [getDeviceId]
D/S4URC   ( 3618): [SDK] [java.lang.Class] [forName] [FindClass][String] [android.telephony.MSimTelephonyManager]
D/S4URC   ( 3618): [SDK] [java.lang.Class] [forName] [FindClass][String] [com.android.internal.telephony.Phone]
D/S4URC   ( 3618): [SDK] [java.lang.Class] [forName] [FindClass][String] [com.android.internal.telephony.PhoneFactory]
D/S4URC   ( 3805): [SDK] [java.io.File] [getPath] [FilePath][String] [/storage/sdcard0]
D/S4URC   ( 3805): [SDK] [java.io.File] [Constructor] [FilePath][String] [/storage/sdcard0/Android/data/3949BA59/10ADC.94]
D/S4URC   ( 3618):  [Method][getString] [String][DC_APP_VERSIONCODE] [Return][]
D/S4URC   ( 3618):  [Method][getString] [String][DC_APP_VERSIONNAME] [Return][]
D/S4URC   ( 3618): [SDK] [android.telephony.TelephonyManager] [getSubscriberId]
D/S4URC   ( 3618): [NDK] [SYSCALL] [open] [PATH][string] [/data/data/uviyju.xlugh.oemwdco.kljln/shared_prefs/dc.053CE9326103161DC37854ECE8E0DBE2.preferences.xml] [RETURN][int] [107]
D/S4URC   ( 3618): [SDK] [java.io.File] [exists] [FilePath][String] [/data/data/uviyju.xlugh.oemwdco.kljln/app_Wyzf_plg/wyzf_plg_5.1.9.jar]
D/S4URC   ( 3618): [SDK] [android.app.ApplicationPackageManager] [getApplicationInfo] [FindApplicationName][String] [uviyju.xlugh.oemwdco.kljln]
D/S4URC   ( 3618): [NDK] [SYSCALL] [open] [PATH][string] [/data/data/uviyju.xlugh.oemwdco.kljln/app_Wyzf_plg/wyzf_plg_5.1.9.dex] [RETURN][int] [107]
D/S4URC   ( 3618): [SDK] [java.io.File] [getPath] [FilePath][String] [/data/data/uviyju.xlugh.oemwdco.kljln/shared_prefs/dc.053CE9326103161DC37854ECE8E0DBE2.preferences.xml]
D/S4URC   ( 3872): [NDK] [SYSCALL] [execve] [PATH][string] [/system/bin/dex2oat] [INST][string] [/system/bin/dex2oat --runtime-arg -classpath --runtime-arg /system/framework/SamsungBridge.jar --instruction-set=arm --instruction-set-features=div --runtime-arg -Xnorelocate --boot-image=/system/framework/boot.art --dex-file=/data/data/uviyju.xlugh.oemwdco.kljln/app_Wyzf_plg/wyzf_plg_5.1.9.jar --oat-fd=107 --oat-location=/data/data/uviyju.xlugh.oemwdco.kljln/app_Wyzf_plg/wyzf_plg_5.1.9.dex --runtime-arg -Xms64m --runtime-arg -Xmx512m ]
D/S4URC   ( 3618): [NDK] [SYSCALL] [chmod] [PATH][string] [/data/data/uviyju.xlugh.oemwdco.kljln/shared_prefs/dc.053CE9326103161DC37854ECE8E0DBE2.preferences.xml] [MODE][int] [0660]
D/S4URC   ( 3618): [SDK] [java.lang.Class] [forName] [FindClass][String] [com.android.internal.telephony.Phone]
D/S4URC   ( 3618): [NDK] [SYSCALL] [socket] [TYPE][string] [TCP]
D/S4URC   ( 3618): [SDK] [android.telephony.TelephonyManager] [getSubscriberId]
D/S4URC   ( 3618): [SDK] [java.io.File] [getPath] [FilePath][String] [/data/data/uviyju.xlugh.oemwdco.kljln/shared_prefs/zpay_info.xml]
D/S4URC   ( 3618): [NDK] [SYSCALL] [socket] [TYPE][string] [TCP]
D/S4URC   ( 3876): [NDK] [SYSCALL] [getdents] [PATH][string] [.]
D/S4URC   ( 3618): [SDK] [java.io.File] [getPath] [FilePath][String] [/data/data/uviyju.xlugh.oemwdco.kljln/shared_prefs/zpay_info.xml]
D/S4URC   ( 3618): [NDK] [SYSCALL] [stat] [PATH][string] [/data/data/uviyju.xlugh.oemwdco.kljln/shared_prefs/zpay_info.xml]
D/S4URC   ( 3618): [SDK] [android.content.ContextWrapper][getSharedPreferences] [File][zpay_info.xml] [MODE][MODE_PRIVATE]
D/S4URC   ( 3618): [SDK] [android.content.ContextWrapper][getSharedPreferences] [File][zpay_info.xml] [MODE][MODE_PRIVATE] [Method][getString] [String][cp] [Return][1000100020001204]
D/S4URC   ( 3618): [SDK] [java.io.File] [getPath] [FilePath][String] [/data/data/uviyju.xlugh.oemwdco.kljln/shared_prefs/zpay_info.xml]
D/S4URC   ( 3618): [NDK] [SYSCALL] [stat] [PATH][string] [/data/data/uviyju.xlugh.oemwdco.kljln/shared_prefs/zpay_info.xml]
D/S4URC   ( 3618): [SDK] [android.content.ContextWrapper][getSharedPreferences] [File][zpay_info.xml] [MODE][MODE_PRIVATE]
D/S4URC   ( 3618): [SDK] [android.content.ContextWrapper][getSharedPreferences] [File][zpay_info.xml] [MODE][MODE_PRIVATE] [Method][getString] [String][qd] [Return][zyap3030_58470_100]
D/S4URC   ( 3618): [SDK] [java.io.File] [getPath] [FilePath][String] [/data/data/uviyju.xlugh.oemwdco.kljln/shared_prefs/zpay_info.xml]
D/S4URC   ( 3618): [NDK] [SYSCALL] [stat] [PATH][string] [/data/data/uviyju.xlugh.oemwdco.kljln/shared_prefs/zpay_info.xml]
D/S4URC   ( 3618): [SDK] [android.content.ContextWrapper][getSharedPreferences] [File][zpay_info.xml] [MODE][MODE_PRIVATE]
D/S4URC   ( 3618): [SDK] [android.content.ContextWrapper][getSharedPreferences] [File][zpay_info.xml] [MODE][MODE_PRIVATE] [Method][getString] [String][appId] [Return][3030]
D/S4URC   ( 3618): [SDK] [java.lang.ProcessBuilder] [Constructor] [Command][String] [,/system/bin/cat,/sys/devices/system/cpu/cpu0/cpufreq/cpuinfo_max_freq]
D/S4URC   ( 3618): [SDK] [java.io.File] [getPath] [FilePath][String] [/data/data/uviyju.xlugh.oemwdco.kljln/shared_prefs/zpay_info.xml]
D/S4URC   ( 3618): [NDK] [SYSCALL] [stat] [PATH][string] [/data/data/uviyju.xlugh.oemwdco.kljln/shared_prefs/zpay_info.xml]
D/S4URC   ( 3618): [SDK] [android.content.ContextWrapper][getSharedPreferences] [File][zpay_info.xml] [MODE][MODE_PRIVATE]
D/S4URC   ( 3618): [SDK] [android.content.ContextWrapper][getSharedPreferences] [File][zpay_info.xml] [MODE][MODE_PRIVATE] [Method][getString] [String][cp] [Return][1000100020001204]
D/S4URC   ( 3618): [SDK] [java.io.File] [getPath] [FilePath][String] [/data/data/uviyju.xlugh.oemwdco.kljln/shared_prefs/zpay_info.xml]
D/S4URC   ( 3618): [NDK] [SYSCALL] [stat] [PATH][string] [/data/data/uviyju.xlugh.oemwdco.kljln/shared_prefs/zpay_info.xml]
D/S4URC   ( 3618): [SDK] [android.content.ContextWrapper][getSharedPreferences] [File][zpay_info.xml] [MODE][MODE_PRIVATE]
D/S4URC   ( 3618): [SDK] [android.content.ContextWrapper][getSharedPreferences] [File][zpay_info.xml] [MODE][MODE_PRIVATE] [Method][getString] [String][qd] [Return][zyap3030_58470_100]
D/S4URC   ( 3618): [SDK] [java.io.File] [getPath] [FilePath][String] [/data/data/uviyju.xlugh.oemwdco.kljln/shared_prefs/zpay_info.xml]
D/S4URC   ( 3618): [NDK] [SYSCALL] [stat] [PATH][string] [/data/data/uviyju.xlugh.oemwdco.kljln/shared_prefs/zpay_info.xml]
D/S4URC   ( 3618): [SDK] [android.content.ContextWrapper][getSharedPreferences] [File][zpay_info.xml] [MODE][MODE_PRIVATE]
D/S4URC   ( 3618): [SDK] [android.content.ContextWrapper][getSharedPreferences] [File][zpay_info.xml] [MODE][MODE_PRIVATE] [Method][getString] [String][appId] [Return][3030]
D/S4URC   ( 3805): [SDK] [android.app.ApplicationPackageManager] [getPackageInfo] [FindPackageName][String] [com.google.android.webview]
D/S4URC   ( 3618): [SDK] [java.lang.ProcessBuilder] [Constructor] [Command][String] [,/system/bin/cat,/sys/devices/system/cpu/cpu0/cpufreq/cpuinfo_max_freq]
D/S4URC   ( 3618): [SDK] [java.io.File] [getPath] [FilePath][String] [/data/data/uviyju.xlugh.oemwdco.kljln]
D/S4URC   ( 3618): [SDK] [java.io.File] [getPath] [FilePath][String] [/data/data/uviyju.xlugh.oemwdco.kljln/shared_prefs]
D/S4URC   ( 3805): [SDK] [android.app.ApplicationPackageManager] [getPackageInfo] [FindPackageName][String] [com.android.webview]
D/S4URC   ( 3618): [SDK] [java.io.File] [getPath] [FilePath][String] [/data/data/uviyju.xlugh.oemwdco.kljln/shared_prefs/pz_sharedpre.xml]
D/S4URC   ( 3618): [SDK] [java.io.File] [Constructor] [FilePath][String] [/data/data/uviyju.xlugh.oemwdco.kljln/shared_prefs/pz_sharedpre.xml.bak]
D/S4URC   ( 3618): [SDK] [java.io.File] [exists] [FilePath][String] [/data/data/uviyju.xlugh.oemwdco.kljln/shared_prefs/pz_sharedpre.xml]
D/S4URC   ( 3618): [NDK] [SYSCALL] [access] [PATH][string] [/data/data/uviyju.xlugh.oemwdco.kljln/shared_prefs/pz_sharedpre.xml]
D/S4URC   ( 3618): [SDK] [java.io.File] [exists] [FilePath][String] [/data/data/uviyju.xlugh.oemwdco.kljln/shared_prefs/pz_sharedpre.xml]
D/S4URC   ( 3618): [NDK] [SYSCALL] [access] [PATH][string] [/data/data/uviyju.xlugh.oemwdco.kljln/shared_prefs/pz_sharedpre.xml]
D/S4URC   ( 3805): [SDK] [java.io.File] [Constructor] [FilePath][String] [/data/data/com.android.webview]
D/S4URC   ( 3618): [SDK] [android.content.ContextWrapper][getSharedPreferences] [File][pz_sharedpre.xml] [MODE][MODE_PRIVATE]
D/S4URC   ( 3618): [SDK] [java.io.File] [exists] [FilePath][String] [/data/data/uviyju.xlugh.oemwdco.kljln/shared_prefs/pz_sharedpre.xml.bak]
D/S4URC   ( 3618): [NDK] [SYSCALL] [access] [PATH][string] [/data/data/uviyju.xlugh.oemwdco.kljln/shared_prefs/pz_sharedpre.xml.bak]
D/S4URC   ( 3618): [SDK] [java.io.File] [exists] [FilePath][String] [/data/data/uviyju.xlugh.oemwdco.kljln/shared_prefs/pz_sharedpre.xml]
D/S4URC   ( 3618): [NDK] [SYSCALL] [access] [PATH][string] [/data/data/uviyju.xlugh.oemwdco.kljln/shared_prefs/pz_sharedpre.xml]
D/S4URC   ( 3618): [SDK] [java.io.File] [getPath] [FilePath][String] [/data/data/uviyju.xlugh.oemwdco.kljln/shared_prefs/pz_sharedpre.xml]
D/S4URC   ( 3618): [NDK] [SYSCALL] [stat] [PATH][string] [/data/data/uviyju.xlugh.oemwdco.kljln/shared_prefs/pz_sharedpre.xml]
D/S4URC   ( 3618): [SDK] [android.content.ContextWrapper][getSharedPreferences] [File][pz_sharedpre.xml] [MODE][MODE_PRIVATE] [Method][getString] [String][null] [Return][]
D/S4URC   ( 3805): [SDK] [dalvik.system.BaseDexClassLoader] [Constructor] [DexPath][String] [/system/app/webview/webview.apk] [NDKPath][String] [/system/app/webview/lib/arm]
D/S4URC   ( 3805): [SDK] [java.io.File] [Constructor] [FilePath][String] [/system/app/webview/webview.apk]
D/S4URC   ( 3805): [SDK] [java.io.File] [getName] [FilePath][String] [/system/app/webview/webview.apk]
D/S4URC   ( 3805): [SDK] [java.io.File] [isDirectory] [FilePath][String] [/system/app/webview/webview.apk]
D/S4URC   ( 3805): [SDK] [java.io.File] [isFile] [FilePath][String] [/system/app/webview/webview.apk]
D/S4URC   ( 3805): [SDK] [java.io.File] [getPath] [FilePath][String] [/system/app/webview/webview.apk]
D/S4URC   ( 3805): [SDK] [dalvik.system.DexFile] [openDexFile] [DexPath][String] [/system/app/webview/webview.apk]
D/S4URC   ( 3805): [SDK] [java.io.File] [Constructor] [FilePath][String] [/system/app/webview/webview.apk]
D/S4URC   ( 3805): [SDK] [java.io.File] [Constructor] [FilePath][String] [/system/app/webview/lib/arm]
D/S4URC   ( 3805): [SDK] [java.io.File] [Constructor] [FilePath][String] [/vendor/lib]
D/S4URC   ( 3805): [SDK] [java.io.File] [Constructor] [FilePath][String] [/system/lib]
D/S4URC   ( 3805): [SDK] [java.lang.Class] [forName] [FindClass][String] [net.sqlcipher.database.SQLiteDatabase]
D/S4URC   ( 3805): [SDK] [java.lang.Class] [forName] [FindClass][String] [net.sqlcipher.database$SQLiteDatabase]
D/S4URC   ( 3805): [SDK] [java.lang.Class] [forName] [FindClass][String] [net.sqlcipher$database$SQLiteDatabase]
D/S4URC   ( 3805): [SDK] [java.lang.Class] [forName] [FindClass][String] [net$sqlcipher$database$SQLiteDatabase]
D/S4URC   ( 3805): [SDK] [java.lang.Class] [forName] [FindClass][String] [[I]
D/S4URC   ( 3805): [SDK] [java.lang.Class] [forName] [FindClass][String] [android.app.SharedPreferencesImpl]
D/S4URC   ( 3805): [SDK] [java.lang.Class] [forName] [FindClass][String] [[I]
