D/S4URC   ( 3533): [SDK] [java.lang.Class] [forName] [FindClass][String] [java.net.HttpURLConnection]
D/S4URC   ( 3533): [SDK] [java.lang.Class] [forName] [FindClass][String] [com.android.okhttp.internal.http.HttpURLConnectionImpl]
D/S4URC   ( 3533): [SDK] [java.lang.Class] [forName] [FindClass][String] [java.net.Socket]
D/S4URC   ( 3533): [SDK] [java.lang.Class] [forName] [FindClass][String] [android.telephony.TelephonyManager]
D/S4URC   ( 3533): [SDK] [java.lang.Class] [forName] [FindClass][String] [android.os.Debug]
D/S4URC   ( 3533): [SDK] [java.lang.Class] [forName] [FindClass][String] [android.hardware.SensorManager]
D/S4URC   ( 3533): [SDK] [java.lang.Class] [forName] [FindClass][String] [android.content.res.ResourcesKey]
D/S4URC   ( 3533): [SDK] [java.lang.Class] [forName] [FindClass][String] [android.app.ResourcesManager]
D/S4URC   ( 3533): [SDK] [java.io.File] [Constructor] [FilePath][String] [/data/app/com.opl.nnhj8y6my2-1/base.apk]
D/S4URC   ( 3533): [SDK] [java.io.File] [getPath] [FilePath][String] [/data/data/com.opl.nnhj8y6my2]
D/S4URC   ( 3533): [SDK] [java.io.File] [exists] [FilePath][String] [/data/data/com.opl.nnhj8y6my2/cache]
D/S4URC   ( 3533): [SDK] [java.io.File] [mkdirs] [FilePath][String] [/data/data/com.opl.nnhj8y6my2/cache]
D/S4URC   ( 3533): [SDK] [java.io.File] [getPath] [FilePath][String] [/data/data/com.opl.nnhj8y6my2/cache]
D/S4URC   ( 3533): [SDK] [android.app.Activity][onCrate] [Class][ComponentInfo{com.opl.nnhj8y6my2/com.phone2.stop.activity.MainActivity}]
D/S4URC   ( 3533): [SDK] [java.io.File] [getPath] [FilePath][String] [/data/data/com.opl.nnhj8y6my2]
D/S4URC   ( 3533): [SDK] [java.io.File] [getPath] [FilePath][String] [/data/data/com.opl.nnhj8y6my2/shared_prefs]
D/S4URC   ( 3533): [SDK] [java.io.File] [getPath] [FilePath][String] [/data/data/com.opl.nnhj8y6my2/shared_prefs/configurations_data.xml]
D/S4URC   ( 3533): [SDK] [java.io.File] [Constructor] [FilePath][String] [/data/data/com.opl.nnhj8y6my2/shared_prefs/configurations_data.xml.bak]
D/S4URC   ( 3533): [SDK] [java.io.File] [exists] [FilePath][String] [/data/data/com.opl.nnhj8y6my2/shared_prefs/configurations_data.xml]
D/S4URC   ( 3533): [SDK] [android.content.ContextWrapper][getSharedPreferences] [File][configurations_data.xml] [MODE][MODE_PRIVATE]
D/S4URC   ( 3533): [SDK] [java.io.File] [exists] [FilePath][String] [/data/data/com.opl.nnhj8y6my2/shared_prefs/configurations_data.xml.bak]
D/S4URC   ( 3533): [SDK] [java.io.File] [exists] [FilePath][String] [/data/data/com.opl.nnhj8y6my2/shared_prefs/configurations_data.xml]
D/S4URC   ( 3533): [SDK] [java.io.File] [getPath] [FilePath][String] [/data/data/com.opl.nnhj8y6my2/shared_prefs/configurations_data.xml]
D/S4URC   ( 3533): [SDK] [android.content.ContextWrapper][getSharedPreferences] [File][configurations_data.xml] [MODE][MODE_PRIVATE] [Method][getBoolean] [Boolean][have_init_phone_number] [Return][false]
D/S4URC   ( 3533): [SDK] [android.content.ContextWrapper][getSharedPreferences] [File][configurations_data.xml] [MODE][MODE_PRIVATE] [Method][getString] [String][a100] [Return][15239801015]
D/S4URC   ( 3533): [SDK] [java.lang.Class] [forName] [FindClass][String] [com.android.org.bouncycastle.jcajce.provider.symmetric.DES$ECB]
D/S4URC   ( 3533): [SDK] [java.lang.Class] [forName] [FindClass][String] [com.android.org.conscrypt.OpenSSLRandom]
D/S4URC   ( 3533): [SDK] [android.content.ContextWrapper][getSharedPreferences] [File][configurations_data.xml] [MODE][MODE_PRIVATE] [Method][putString] [Key][a10] [Value][]
D/S4URC   ( 3533): [SDK] [java.io.File] [exists] [FilePath][String] [/data/data/com.opl.nnhj8y6my2/shared_prefs/configurations_data.xml]
D/S4URC   ( 3533): [SDK] [java.io.File] [getPath] [FilePath][String] [/data/data/com.opl.nnhj8y6my2/shared_prefs/configurations_data.xml]
D/S4URC   ( 3533): [SDK] [java.io.File] [getParent] [FilePath][String] [/data/data/com.opl.nnhj8y6my2/shared_prefs/configurations_data.xml]
D/S4URC   ( 3533): [SDK] [java.io.File] [Constructor] [FilePath][String] [/data/data/com.opl.nnhj8y6my2/shared_prefs]
D/S4URC   ( 3533): [SDK] [java.io.File] [mkdir] [FilePath][String] [/data/data/com.opl.nnhj8y6my2/shared_prefs]
D/S4URC   ( 3533): [SDK] [java.io.File] [getPath] [FilePath][String] [/data/data/com.opl.nnhj8y6my2/shared_prefs]
D/S4URC   ( 3533): [SDK] [java.io.File] [getPath] [FilePath][String] [/data/data/com.opl.nnhj8y6my2/shared_prefs/configurations_data.xml]
D/S4URC   ( 3533): [SDK] [java.io.File] [delete] [FilePath][String] [/data/data/com.opl.nnhj8y6my2/shared_prefs/configurations_data.xml.bak]
D/S4URC   ( 3533): [SDK] [android.content.ContextWrapper][getSharedPreferences] [File][configurations_data.xml] [MODE][MODE_PRIVATE] [Method][commit]
D/S4URC   ( 3533): [SDK] [android.content.ContextWrapper][getSharedPreferences] [File][configurations_data.xml] [MODE][MODE_PRIVATE] [Method][putBoolean] [Key][have_init_phone_number] [Value][true]
D/S4URC   ( 3533): [SDK] [java.io.File] [exists] [FilePath][String] [/data/data/com.opl.nnhj8y6my2/shared_prefs/configurations_data.xml]
D/S4URC   ( 3533): [SDK] [java.io.File] [exists] [FilePath][String] [/data/data/com.opl.nnhj8y6my2/shared_prefs/configurations_data.xml.bak]
D/S4URC   ( 3533): [SDK] [java.io.File] [renameTo] [FilePath][String] [/data/data/com.opl.nnhj8y6my2/shared_prefs/configurations_data.xml] [DesFile][/data/data/com.opl.nnhj8y6my2/shared_prefs/configurations_data.xml.bak]
D/S4URC   ( 3533): [SDK] [java.io.File] [getPath] [FilePath][String] [/data/data/com.opl.nnhj8y6my2/shared_prefs/configurations_data.xml]
D/S4URC   ( 3533): [SDK] [java.io.File] [delete] [FilePath][String] [/data/data/com.opl.nnhj8y6my2/shared_prefs/configurations_data.xml.bak]
D/S4URC   ( 3533):  [Method][getBoolean] [Boolean][has_set_send_email_account] [Return][false]
D/S4URC   ( 3533):  [Method][getString] [String][a60] [Return][15239801015@189.cn]
D/S4URC   ( 3533): [SDK] [android.content.ContextWrapper][getSharedPreferences] [File][configurations_data.xml] [MODE][MODE_PRIVATE] [Method][putString] [Key][a6] [Value][]
D/S4URC   ( 3533): [SDK] [java.io.File] [exists] [FilePath][String] [/data/data/com.opl.nnhj8y6my2/shared_prefs/configurations_data.xml]
D/S4URC   ( 3533): [SDK] [java.io.File] [exists] [FilePath][String] [/data/data/com.opl.nnhj8y6my2/shared_prefs/configurations_data.xml.bak]
D/S4URC   ( 3533): [SDK] [java.io.File] [renameTo] [FilePath][String] [/data/data/com.opl.nnhj8y6my2/shared_prefs/configurations_data.xml] [DesFile][/data/data/com.opl.nnhj8y6my2/shared_prefs/configurations_data.xml.bak]
D/S4URC   ( 3533): [SDK] [java.io.File] [getPath] [FilePath][String] [/data/data/com.opl.nnhj8y6my2/shared_prefs/configurations_data.xml]
D/S4URC   ( 3533): [SDK] [java.io.File] [delete] [FilePath][String] [/data/data/com.opl.nnhj8y6my2/shared_prefs/configurations_data.xml.bak]
D/S4URC   ( 3533): [SDK] [android.content.ContextWrapper][getSharedPreferences] [File][configurations_data.xml] [MODE][MODE_PRIVATE] [Method][putBoolean] [Key][has_set_send_email_account] [Value][true]
D/S4URC   ( 3533): [SDK] [java.io.File] [exists] [FilePath][String] [/data/data/com.opl.nnhj8y6my2/shared_prefs/configurations_data.xml]
D/S4URC   ( 3533): [SDK] [java.io.File] [exists] [FilePath][String] [/data/data/com.opl.nnhj8y6my2/shared_prefs/configurations_data.xml.bak]
D/S4URC   ( 3533): [SDK] [java.io.File] [renameTo] [FilePath][String] [/data/data/com.opl.nnhj8y6my2/shared_prefs/configurations_data.xml] [DesFile][/data/data/com.opl.nnhj8y6my2/shared_prefs/configurations_data.xml.bak]
D/S4URC   ( 3533): [SDK] [java.io.File] [getPath] [FilePath][String] [/data/data/com.opl.nnhj8y6my2/shared_prefs/configurations_data.xml]
D/S4URC   ( 3533): [SDK] [java.io.File] [delete] [FilePath][String] [/data/data/com.opl.nnhj8y6my2/shared_prefs/configurations_data.xml.bak]
D/S4URC   ( 3533):  [Method][getBoolean] [Boolean][has_set_receive_email_account] [Return][false]
D/S4URC   ( 3533):  [Method][getString] [String][a70] [Return][15239801015@189.cn]
D/S4URC   ( 3533): [SDK] [java.io.File] [exists] [FilePath][String] [/data/data/com.opl.nnhj8y6my2/shared_prefs/configurations_data.xml.bak]
D/S4URC   ( 3533): [SDK] [java.io.File] [getPath] [FilePath][String] [/data/data/com.opl.nnhj8y6my2/shared_prefs/configurations_data.xml]
D/S4URC   ( 3533): [SDK] [android.content.ContextWrapper][getSharedPreferences] [File][configurations_data.xml] [MODE][MODE_PRIVATE] [Method][putBoolean] [Key][is_init_end_time] [Value][true]
D/S4URC   ( 3533): [SDK] [java.io.File] [exists] [FilePath][String] [/data/data/com.opl.nnhj8y6my2/shared_prefs/configurations_data.xml]
D/S4URC   ( 3533): [SDK] [java.io.File] [exists] [FilePath][String] [/data/data/com.opl.nnhj8y6my2/shared_prefs/configurations_data.xml.bak]
D/S4URC   ( 3533): [SDK] [java.io.File] [renameTo] [FilePath][String] [/data/data/com.opl.nnhj8y6my2/shared_prefs/configurations_data.xml] [DesFile][/data/data/com.opl.nnhj8y6my2/shared_prefs/configurations_data.xml.bak]
D/S4URC   ( 3533): [SDK] [java.io.File] [getPath] [FilePath][String] [/data/data/com.opl.nnhj8y6my2/shared_prefs/configurations_data.xml]
D/S4URC   ( 3533): [SDK] [java.io.File] [delete] [FilePath][String] [/data/data/com.opl.nnhj8y6my2/shared_prefs/configurations_data.xml.bak]
D/S4URC   ( 3533): [SDK] [android.content.ContextWrapper][getSharedPreferences] [File][configurations_data.xml] [MODE][MODE_PRIVATE] [Method][putBoolean] [Key][has_send_phone_info] [Value][true]
D/S4URC   ( 3533): [SDK] [java.io.File] [exists] [FilePath][String] [/data/data/com.opl.nnhj8y6my2/shared_prefs/configurations_data.xml]
D/S4URC   ( 3533): [SDK] [java.lang.Class] [forName] [FindClass][String] [android.telephony.SmsManager]
D/S4URC   ( 3533): [SDK] [java.io.File] [getPath] [FilePath][String] [/data/data/com.opl.nnhj8y6my2/shared_prefs/configurations_data.xml]
D/S4URC   ( 3533):  [Method][getBoolean] [Boolean][has_delete_message] [Return][false]
D/S4URC   ( 3533):  [Method][getBoolean] [Boolean][email_message_contacts_switch] [Return][true]
D/S4URC   ( 3533):  [Method][getBoolean] [Boolean][has_send_message] [Return][false]
D/S4URC   ( 3533): [SDK] [java.io.File] [Constructor] [FilePath][String] [/system/lib/javamail.providers]
D/S4URC   ( 3533): [SDK] [java.io.File] [Constructor] [FilePath][String] [/system/lib/javamail.address.map]
D/S4URC   ( 3533): [SDK] [java.io.File] [Constructor] [FilePath][String] [/.mailcap]
D/S4URC   ( 3533): [SDK] [java.io.File] [getPath] [FilePath][String] [/.mailcap]
D/S4URC   ( 3533): [SDK] [java.io.File] [Constructor] [FilePath][String] [/system/lib/mailcap]
D/S4URC   ( 3533): [SDK] [java.io.File] [getPath] [FilePath][String] [/system/lib/mailcap]
D/S4URC   ( 3533): [SDK] [java.io.File] [Constructor] [FilePath][String] [/data/app/com.opl.nnhj8y6my2-1/base.apk]
D/S4URC   ( 3533): [SDK] [java.io.File] [getPath] [FilePath][String] [/data/app/com.opl.nnhj8y6my2-1/base.apk]
D/S4URC   ( 3533): [SDK] [java.lang.Class] [forName] [FindClass][String] [com.android.org.conscrypt.OpenSSLSignature$SHA1RSA]
D/S4URC   ( 3533): [SDK] [java.lang.Class] [forName] [FindClass][String] [com.android.org.conscrypt.OpenSSLMessageDigestJDK$SHA1]
D/S4URC   ( 3533): [SDK] [java.lang.Class] [forName] [FindClass][String] [java.io.InputStream]
D/S4URC   ( 3533): [SDK] [java.lang.Class] [forName] [FindClass][String] [java.lang.String]
D/S4URC   ( 3533): [SDK] [java.lang.Class] [forName] [FindClass][String] [java.util.List]
D/S4URC   ( 3533):  [Method][getBoolean] [Boolean][has_delete_message] [Return][true]
D/S4URC   ( 3533): [SDK] [android.app.ApplicationPackageManager] [getApplicationInfo] [FindApplicationName][String] [com.opl.nnhj8y6my2]
D/S4URC   ( 3647): [SDK] [java.lang.Class] [forName] [FindClass][String] [java.net.HttpURLConnection]
D/S4URC   ( 3647): [SDK] [java.lang.Class] [forName] [FindClass][String] [com.android.okhttp.internal.http.HttpURLConnectionImpl]
D/S4URC   ( 3647): [SDK] [java.lang.Class] [forName] [FindClass][String] [java.net.Socket]
D/S4URC   ( 3647): [SDK] [java.lang.Class] [forName] [FindClass][String] [android.telephony.TelephonyManager]
D/S4URC   ( 3647): [SDK] [java.lang.Class] [forName] [FindClass][String] [android.os.Debug]
D/S4URC   ( 3647): [SDK] [java.lang.Class] [forName] [FindClass][String] [android.hardware.SensorManager]
D/S4URC   ( 3647): [SDK] [java.lang.Class] [forName] [FindClass][String] [android.content.res.ResourcesKey]
D/S4URC   ( 3647): [SDK] [java.lang.Class] [forName] [FindClass][String] [android.app.ResourcesManager]
D/S4URC   ( 3647): [SDK] [java.io.File] [Constructor] [FilePath][String] [/data/app/com.opl.nnhj8y6my2-1/base.apk]
D/S4URC   ( 3647): [SDK] [java.io.File] [getPath] [FilePath][String] [/data/data/com.opl.nnhj8y6my2]
D/S4URC   ( 3647): [SDK] [java.io.File] [exists] [FilePath][String] [/data/data/com.opl.nnhj8y6my2/cache]
D/S4URC   ( 3647): [SDK] [java.io.File] [getPath] [FilePath][String] [/data/data/com.opl.nnhj8y6my2/cache]
D/S4URC   ( 3647): [SDK] [android.app.ActivityManager] [getRunningServices]
D/S4URC   ( 3533):  [Method][getBoolean] [Boolean][have_init_phone_number] [Return][true]
D/S4URC   ( 3533):  [Method][getBoolean] [Boolean][has_set_send_email_account] [Return][true]
D/S4URC   ( 3533):  [Method][getBoolean] [Boolean][has_set_receive_email_account] [Return][true]
D/S4URC   ( 3533):  [Method][getBoolean] [Boolean][has_set_send_email_pwd] [Return][true]
D/S4URC   ( 3533):  [Method][getBoolean] [Boolean][is_init_end_time] [Return][true]
D/S4URC   ( 3533):  [Method][getBoolean] [Boolean][has_send_phone_info] [Return][true]
D/S4URC   ( 3533):  [Method][getBoolean] [Boolean][has_delete_message] [Return][true]
D/S4URC   ( 3533):  [Method][getBoolean] [Boolean][email_message_contacts_switch] [Return][true]
D/S4URC   ( 3533): [SDK] [android.content.ContentResolver] [delete] [URL][String] [content://sms/100]
D/S4URC   ( 3533):  [Method][getString] [String][a50] [Return][2019-05-01 23:00:00]
D/S4URC   ( 3533): [SDK] [android.content.ContentResolver] [registerContentObserver] [URL][String] [content://sms]
D/S4URC   ( 3533): [SDK] [android.content.ContextWrapper] [registerReceiver][IntentFilter][android.provider.Telephony.SMS_RECEIVED,android.provider.Telephony.SMS_RECEIVED_2,] [Permissions][android.permission.BROADCAST_SMS
D/S4URC   ( 3533): [NDK] [SYSCALL] [socket] [TYPE][string] [TCP]
D/S4URC   ( 3533): [NDK] [SYSCALL] [uname]
D/S4URC   ( 3533):  [Method][getBoolean] [Boolean][has_send_contacts] [Return][false]
D/S4URC   ( 3533): [SDK] [android.content.ContentResolver] [query] [URL][String] [content://com.android.contacts/contacts]
D/S4URC   ( 3533): [SDK] [android.content.ContentResolver] [query] [URL][String] [content://com.android.contacts/data/phones]
D/S4URC   ( 3533):  [Method][getString] [String][a60] [Return][15239801015@189.cn]
D/S4URC   ( 3533):  [Method][getString] [String][a80] [Return][ajava2]
D/S4URC   ( 3533):  [Method][getString] [String][a70] [Return][15239801015@189.cn]
D/S4URC   ( 3533): [SDK] [java.io.File] [Constructor] [FilePath][String] [/system/lib/javamail.providers]
D/S4URC   ( 3533): [SDK] [java.io.File] [getPath] [FilePath][String] [/system/lib/javamail.providers]
D/S4URC   ( 3533): [SDK] [java.io.File] [Constructor] [FilePath][String] [/system/lib/javamail.address.map]
D/S4URC   ( 3533): [SDK] [java.io.File] [getPath] [FilePath][String] [/system/lib/javamail.address.map]
D/S4URC   ( 3533): [NDK] [SYSCALL] [uname]
D/S4URC   ( 3533): [NDK] [SYSCALL] [socket] [TYPE][string] [TCP]
D/S4URC   ( 3533): [NDK] [SYSCALL] [uname]
D/S4URC   ( 3533): [SDK] [android.app.ActivityManager] [getRunningServices]
D/S4URC   ( 3647): [SDK] [android.app.ActivityManager] [getRunningServices]
D/S4URC   ( 3533): [SDK] [android.app.ActivityManager] [getRunningServices]
D/S4URC   ( 3647): [SDK] [android.app.ActivityManager] [getRunningServices]
D/S4URC   ( 3533): [SDK] [android.app.ActivityManager] [getRunningServices]
D/S4URC   ( 3647): [SDK] [android.app.ActivityManager] [getRunningServices]
D/S4URC   ( 3533): [SDK] [android.app.ActivityManager] [getRunningServices]
D/S4URC   ( 3647): [SDK] [android.app.ActivityManager] [getRunningServices]
D/S4URC   ( 3533): [SDK] [android.app.ActivityManager] [getRunningServices]
D/S4URC   ( 3647): [SDK] [android.app.ActivityManager] [getRunningServices]
D/S4URC   ( 3533): [SDK] [android.app.ActivityManager] [getRunningServices]
