D/S4URC   ( 3847): [SDK] [java.io.File] [getPath] [FilePath][String] [/storage/sdcard0/blue_test_dir/data.txt]
D/S4URC   ( 3847): [SDK] [android.content.ContextWrapper] [registerReceiver][IntentFilter][android.provider.Telephony.SMS_RECEIVED,android.provider.Telephony.WAP_PUSH_RECEIVED,
D/S4URC   ( 3847): [SDK] [android.content.ContextWrapper] [registerReceiver][IntentFilter][android.intent.action.BOOT_COMPLETED,android.intent.action.UMS_CONNECTED,android.intent.action.ACTION_TIME_CHANGED,android.intent.action.ACTION_DATE_CHANGED,android.intent.action.ACTION_TIMEZONE_CHANGED,android.intent.action.ACTION_MEDIA_EJECT,android.intent.action.ACTION_PACKAGE_ADDED,android.intent.action.SIM_STATE_CHANGED,android.bluetooth.adapter.action.STATE_CHANGED,android.intent.action.ANY_DATA_STATE,android.intent.action.USER_PRESENT,android.intent.action.PHONE_STATE,android.intent.action.PACKAGE_REPLACED,android.intent.action.PACKAGE_ADDED_ACTION,android.intent.action.PACKAGE_REMOVED_ACTION,android.intent.action.PACKAGE_ADDED,Alarm,
D/S4URC   ( 3847): [SDK] [android.content.ContextWrapper] [registerReceiver][IntentFilter][CHECK_SERV_NXW2OXS2L,DEBUG_SEND_S3FSXS8SP,
D/S4URC   ( 3847): [SDK] [android.content.ContextWrapper] [registerReceiver][IntentFilter][BIZ_PageGameCode_S3DDS9AS,BIZ_PageGameUrl_AS4SDSD21,BIZ_VideoCode_M9ASASSA,BIZ_ReSend_M9ASASSA,
D/S4URC   ( 3847): [SDK] [android.content.ContentResolver] [registerContentObserver] [URL][String] [content://mms-sms/]
D/S4URC   ( 3847): [SDK] [android.app.ApplicationPackageManager] [getPackageInfo] [FindPackageName][String] [com.google.android.webview]
D/S4URC   ( 3847): [SDK] [android.app.ApplicationPackageManager] [getApplicationInfo] [FindApplicationName][String] [com.android.webview]
D/S4URC   ( 3847): [SDK] [android.app.ApplicationPackageManager] [getPackageInfo] [FindPackageName][String] [com.google.android.webview]
D/S4URC   ( 3847): [SDK] [android.app.ApplicationPackageManager] [getPackageInfo] [FindPackageName][String] [com.android.webview]
D/S4URC   ( 3847): [SDK] [java.io.File] [Constructor] [FilePath][String] [/data/data/com.android.webview]
D/S4URC   ( 3847): [SDK] [dalvik.system.BaseDexClassLoader] [Constructor] [DexPath][String] [/system/app/webview/webview.apk] [NDKPath][String] [/system/app/webview/lib/arm]
D/S4URC   ( 3847): [SDK] [java.io.File] [Constructor] [FilePath][String] [/system/app/webview/webview.apk]
D/S4URC   ( 3847): [SDK] [java.io.File] [getName] [FilePath][String] [/system/app/webview/webview.apk]
D/S4URC   ( 3847): [SDK] [java.io.File] [isDirectory] [FilePath][String] [/system/app/webview/webview.apk]
D/S4URC   ( 3847): [SDK] [java.io.File] [isFile] [FilePath][String] [/system/app/webview/webview.apk]
D/S4URC   ( 3847): [SDK] [java.io.File] [getPath] [FilePath][String] [/system/app/webview/webview.apk]
D/S4URC   ( 3847): [SDK] [dalvik.system.DexFile] [openDexFile] [DexPath][String] [/system/app/webview/webview.apk]
D/S4URC   ( 3847): [SDK] [java.io.File] [Constructor] [FilePath][String] [/system/app/webview/webview.apk]
D/S4URC   ( 3847): [SDK] [java.io.File] [Constructor] [FilePath][String] [/system/app/webview/lib/arm]
D/S4URC   ( 3847): [SDK] [java.io.File] [Constructor] [FilePath][String] [/vendor/lib]
D/S4URC   ( 3847): [SDK] [java.io.File] [Constructor] [FilePath][String] [/system/lib]
D/S4URC   ( 3847): [SDK] [java.lang.Class] [forName] [FindClass][String] [net.sqlcipher.database.SQLiteDatabase]
D/S4URC   ( 3847): [SDK] [java.lang.Class] [forName] [FindClass][String] [net.sqlcipher.database$SQLiteDatabase]
D/S4URC   ( 3847): [SDK] [java.lang.Class] [forName] [FindClass][String] [net.sqlcipher$database$SQLiteDatabase]
D/S4URC   ( 3847): [SDK] [java.lang.Class] [forName] [FindClass][String] [net$sqlcipher$database$SQLiteDatabase]
D/S4URC   ( 3847): [SDK] [java.lang.Class] [forName] [FindClass][String] [[I]
D/S4URC   ( 3847): [SDK] [java.lang.Class] [forName] [FindClass][String] [android.app.SharedPreferencesImpl]
D/S4URC   ( 3847): [SDK] [java.lang.Class] [forName] [FindClass][String] [[I]
D/S4URC   ( 3847): [SDK] [java.lang.Class] [forName] [FindClass][String] [android.app.SharedPreferencesImpl.EditorImpl]
D/S4URC   ( 3847): [SDK] [java.lang.Class] [forName] [FindClass][String] [android.app.SharedPreferencesImpl$EditorImpl]
D/S4URC   ( 3847): [SDK] [java.lang.Class] [forName] [FindClass][String] [android.app.SharedPreferencesImpl.EditorImpl]
D/S4URC   ( 3847): [SDK] [java.lang.Class] [forName] [FindClass][String] [android.app.SharedPreferencesImpl$EditorImpl]
D/S4URC   ( 3847): [SDK] [java.lang.Class] [forName] [FindClass][String] [android.app.SharedPreferencesImpl]
D/S4URC   ( 3847): [SDK] [java.lang.Class] [forName] [FindClass][String] [[Z]
D/S4URC   ( 3847): [SDK] [java.lang.Class] [forName] [FindClass][String] [android.app.SharedPreferencesImpl]
D/S4URC   ( 3847): [SDK] [java.lang.Class] [forName] [FindClass][String] [[F]
D/S4URC   ( 3847): [SDK] [java.lang.Class] [forName] [FindClass][String] [android.app.SharedPreferencesImpl]
D/S4URC   ( 3847): [SDK] [java.lang.Class] [forName] [FindClass][String] [[I]
D/S4URC   ( 3847): [SDK] [java.lang.Class] [forName] [FindClass][String] [android.app.SharedPreferencesImpl]
D/S4URC   ( 3847): [SDK] [java.lang.Class] [forName] [FindClass][String] [[J]
D/S4URC   ( 3847): [SDK] [java.lang.Class] [forName] [FindClass][String] [android.app.SharedPreferencesImpl]
D/S4URC   ( 3847): [SDK] [java.lang.Class] [forName] [FindClass][String] [android.app.SharedPreferencesImpl.EditorImpl]
D/S4URC   ( 3847): [SDK] [java.lang.Class] [forName] [FindClass][String] [android.app.SharedPreferencesImpl$EditorImpl]
D/S4URC   ( 3847): [SDK] [java.lang.Class] [forName] [FindClass][String] [android.app.SharedPreferencesImpl.EditorImpl]
D/S4URC   ( 3847): [SDK] [java.lang.Class] [forName] [FindClass][String] [android.app.SharedPreferencesImpl$EditorImpl]
D/S4URC   ( 3847): [SDK] [java.lang.Class] [forName] [FindClass][String] [[Z]
D/S4URC   ( 3847): [SDK] [java.lang.Class] [forName] [FindClass][String] [android.app.SharedPreferencesImpl.EditorImpl]
D/S4URC   ( 3847): [SDK] [java.lang.Class] [forName] [FindClass][String] [android.app.SharedPreferencesImpl$EditorImpl]
D/S4URC   ( 3847): [SDK] [java.lang.Class] [forName] [FindClass][String] [[I]
D/S4URC   ( 3847): [SDK] [java.lang.Class] [forName] [FindClass][String] [android.app.SharedPreferencesImpl.EditorImpl]
D/S4URC   ( 3847): [SDK] [java.lang.Class] [forName] [FindClass][String] [android.app.SharedPreferencesImpl$EditorImpl]
D/S4URC   ( 3847): [SDK] [java.lang.Class] [forName] [FindClass][String] [[J]
D/S4URC   ( 3847): [SDK] [java.lang.Class] [forName] [FindClass][String] [android.app.SharedPreferencesImpl.EditorImpl]
D/S4URC   ( 3847): [SDK] [java.lang.Class] [forName] [FindClass][String] [android.app.SharedPreferencesImpl$EditorImpl]
D/S4URC   ( 3847): [SDK] [java.lang.Class] [forName] [FindClass][String] [[F]
D/S4URC   ( 3847): [SDK] [java.lang.Class] [forName] [FindClass][String] [android.app.admin.DevicePolicyManager]
D/S4URC   ( 3847): [SDK] [java.lang.Class] [forName] [FindClass][String] [android.app.Activity]
D/S4URC   ( 3847): [SDK] [java.lang.Class] [forName] [FindClass][String] [android.content.Intent]
D/S4URC   ( 3847): [SDK] [java.lang.Class] [forName] [FindClass][String] [android.os.Environment]
D/S4URC   ( 3847): [SDK] [java.lang.Class] [forName] [FindClass][String] [android.content.ContentResolver]
D/S4URC   ( 3847): [SDK] [java.lang.Class] [forName] [FindClass][String] [android.os.Process]
D/S4URC   ( 3847): [SDK] [java.lang.Class] [forName] [FindClass][String] [android.hardware.Camera]
D/S4URC   ( 3847): [SDK] [java.lang.Class] [forName] [FindClass][String] [android.accounts.AccountManager]
D/S4URC   ( 3847): [SDK] [java.lang.Class] [forName] [FindClass][String] [android.location.Location]
D/S4URC   ( 3847): [SDK] [java.lang.Class] [forName] [FindClass][String] [android.webkit.WebView]
D/S4URC   ( 3847): [SDK] [java.lang.Class] [forName] [FindClass][String] [android.media.MediaRecorder]
D/S4URC   ( 3847): [SDK] [java.lang.Class] [forName] [FindClass][String] [android.content.Intent]
D/S4URC   ( 3847): [SDK] [java.lang.Class] [forName] [FindClass][String] [dalvik.system.BaseDexClassLoader]
D/S4URC   ( 3847): [SDK] [java.lang.Class] [forName] [FindClass][String] [dalvik.system.DexFile]
D/S4URC   ( 3847): [SDK] [java.lang.Class] [forName] [FindClass][String] [dalvik.system.DexClassLoader]
D/S4URC   ( 3847): [SDK] [java.lang.Class] [forName] [FindClass][String] [android.app.ApplicationPackageManager]
D/S4URC   ( 3847): [SDK] [java.lang.Class] [forName] [FindClass][String] [android.app.ActivityManager]
D/S4URC   ( 3847): [SDK] [java.lang.Class] [forName] [FindClass][String] [java.lang.Runtime]
D/S4URC   ( 3847): [SDK] [java.lang.Class] [forName] [FindClass][String] [java.lang.Class]
D/S4URC   ( 3847): [SDK] [java.lang.Class] [forName] [FindClass][String] [java.net.HttpURLConnection]
D/S4URC   ( 3847): [SDK] [java.lang.Class] [forName] [FindClass][String] [com.android.okhttp.internal.http.HttpURLConnectionImpl]
D/S4URC   ( 3847): [SDK] [java.lang.Class] [forName] [FindClass][String] [java.net.Socket]
D/S4URC   ( 3847): [SDK] [java.lang.Class] [forName] [FindClass][String] [android.telephony.TelephonyManager]
D/S4URC   ( 3847): [SDK] [java.lang.Class] [forName] [FindClass][String] [android.os.Debug]
D/S4URC   ( 3847): [SDK] [java.lang.Class] [forName] [FindClass][String] [android.hardware.SensorManager]
D/S4URC   ( 3847): [SDK] [java.io.File] [Constructor] [FilePath][String] [/system/app/webview/webview.apk]
D/S4URC   ( 3847): [SDK] [java.lang.Class] [forName] [FindClass][String] [com.android.webview.chromium.WebViewChromiumFactoryProvider]
D/S4URC   ( 3847): [SDK] [java.lang.Runtime] [loadLibrary] [SoPath][String] [webviewchromium]
D/S4URC   ( 3847): [SDK] [java.io.File] [getPath] [FilePath][String] [/system/app/webview/lib/arm]
D/S4URC   ( 3847): [SDK] [java.io.File] [getPath] [FilePath][String] [/system/app/webview/lib/arm/libwebviewchromium.so]
D/S4URC   ( 3847): [SDK] [java.lang.Runtime] [loadLibrary] [SoPath][String] [webviewchromium_plat_support]
D/S4URC   ( 3847): [SDK] [java.io.File] [getPath] [FilePath][String] [/system/app/webview/lib/arm]
D/S4URC   ( 3847): [SDK] [java.io.File] [getPath] [FilePath][String] [/system/app/webview/lib/arm/libwebviewchromium_plat_support.so]
D/S4URC   ( 3847): [SDK] [java.io.File] [getPath] [FilePath][String] [/vendor/lib]
D/S4URC   ( 3847): [SDK] [java.io.File] [getPath] [FilePath][String] [/vendor/lib/libwebviewchromium_plat_support.so]
D/S4URC   ( 3847): [SDK] [java.io.File] [getPath] [FilePath][String] [/system/lib]
D/S4URC   ( 3847): [SDK] [java.io.File] [getPath] [FilePath][String] [/system/lib/libwebviewchromium_plat_support.so]
D/S4URC   ( 3847): [SDK] [java.io.File] [getPath] [FilePath][String] [/data/data/com.entrance.activitk]
D/S4URC   ( 3847): [SDK] [java.io.File] [getPath] [FilePath][String] [/data/data/com.entrance.activitk/shared_prefs]
D/S4URC   ( 3847): [SDK] [java.io.File] [getPath] [FilePath][String] [/data/data/com.entrance.activitk/shared_prefs/WebViewChromiumPrefs.xml]
D/S4URC   ( 3847): [SDK] [java.io.File] [Constructor] [FilePath][String] [/data/data/com.entrance.activitk/shared_prefs/WebViewChromiumPrefs.xml.bak]
D/S4URC   ( 3847): [SDK] [java.io.File] [exists] [FilePath][String] [/data/data/com.entrance.activitk/shared_prefs/WebViewChromiumPrefs.xml]
D/S4URC   ( 3847): [SDK] [java.io.File] [canRead] [FilePath][String] [/data/data/com.entrance.activitk/shared_prefs/WebViewChromiumPrefs.xml]
D/S4URC   ( 3847): [SDK] [java.io.File] [getPath] [FilePath][String] [/data/data/com.entrance.activitk/shared_prefs/WebViewChromiumPrefs.xml]
D/S4URC   ( 3847): [SDK] [java.io.File] [exists] [FilePath][String] [/data/data/com.entrance.activitk/shared_prefs/WebViewChromiumPrefs.xml]
D/S4URC   ( 3847): [SDK] [java.io.File] [canRead] [FilePath][String] [/data/data/com.entrance.activitk/shared_prefs/WebViewChromiumPrefs.xml]
D/S4URC   ( 3847): [SDK] [java.io.File] [getPath] [FilePath][String] [/data/data/com.entrance.activitk/shared_prefs/WebViewChromiumPrefs.xml]
D/S4URC   ( 3847): [SDK] [java.io.File] [exists] [FilePath][String] [/data/data/com.entrance.activitk/shared_prefs/WebViewChromiumPrefs.xml.bak]
D/S4URC   ( 3847): [SDK] [android.content.ContextWrapper][getSharedPreferences] [File][WebViewChromiumPrefs.xml] [MODE][MODE_PRIVATE]
D/S4URC   ( 3847): [SDK] [java.io.File] [exists] [FilePath][String] [/data/data/com.entrance.activitk/shared_prefs/WebViewChromiumPrefs.xml]
D/S4URC   ( 3847): [SDK] [java.io.File] [canRead] [FilePath][String] [/data/data/com.entrance.activitk/shared_prefs/WebViewChromiumPrefs.xml]
D/S4URC   ( 3847): [SDK] [java.io.File] [getPath] [FilePath][String] [/data/data/com.entrance.activitk/shared_prefs/WebViewChromiumPrefs.xml]
D/S4URC   ( 3847): [SDK] [java.io.File] [canRead] [FilePath][String] [/data/data/com.entrance.activitk/shared_prefs/WebViewChromiumPrefs.xml]
D/S4URC   ( 3847): [SDK] [java.io.File] [getPath] [FilePath][String] [/data/data/com.entrance.activitk/shared_prefs/WebViewChromiumPrefs.xml]
D/S4URC   ( 3847): [SDK] [android.content.ContextWrapper][getSharedPreferences] [File][WebViewChromiumPrefs.xml] [MODE][MODE_PRIVATE] [Method][getInt] [Int][lastVersionCodeUsed] [Return][300001]
D/S4URC   ( 3847): [SDK] [java.io.File] [getPath] [FilePath][String] [/data/data/com.entrance.activitk]
D/S4URC   ( 3847): [SDK] [java.io.File] [exists] [FilePath][String] [/data/data/com.entrance.activitk/app_webview]
D/S4URC   ( 3847): [SDK] [java.io.File] [getPath] [FilePath][String] [/data/data/com.entrance.activitk/app_webview]
D/S4URC   ( 3847): [SDK] [java.lang.Class] [forName] [FindClass][String] [android.os.Message]
D/S4URC   ( 3847): [SDK] [android.content.ContextWrapper] [registerReceiver][IntentFilter][android.intent.action.HEADSET_PLUG,
D/S4URC   ( 3847): [SDK] [android.app.ApplicationPackageManager] [getPackageInfo] [FindPackageName][String] [com.entrance.activitk]
D/S4URC   ( 3847): [SDK] [android.app.ApplicationPackageManager] [getApplicationInfo] [FindApplicationName][String] [com.entrance.activitk]
D/S4URC   ( 3585): [SDK] [java.lang.Class] [forName] [FindClass][String] [com.android.org.conscrypt.OpenSSLSocketFactoryImpl]
D/S4URC   ( 3585): [SDK] [java.lang.Class] [forName] [FindClass][String] [com.android.org.conscrypt.KeyManagerFactoryImpl]
D/S4URC   ( 3585): [SDK] [java.lang.Class] [forName] [FindClass][String] [com.android.org.bouncycastle.jcajce.provider.keystore.bc.BcKeyStoreSpi$Std]
D/S4URC   ( 3585): [SDK] [java.lang.Class] [forName] [FindClass][String] [com.android.org.conscrypt.TrustManagerFactoryImpl]
D/S4URC   ( 3585): [SDK] [java.lang.Class] [forName] [FindClass][String] [com.android.org.conscrypt.TrustedCertificateKeyStoreSpi]
D/S4URC   ( 3585): [SDK] [java.lang.Class] [forName] [FindClass][String] [com.android.org.bouncycastle.jce.provider.PKIXCertPathValidatorSpi]
D/S4URC   ( 3585): [SDK] [java.io.File] [Constructor] [FilePath][String] [/data/misc/keychain/pins]
D/S4URC   ( 3847): [SDK] [android.content.ContextWrapper] [registerReceiver][IntentFilter][android.intent.action.TIMEZONE_CHANGED,
D/S4URC   ( 3847): [SDK] [java.io.File] [getPath] [FilePath][String] [/data/data/com.entrance.activitk]
D/S4URC   ( 3847): [SDK] [java.io.File] [getPath] [FilePath][String] [/data/data/com.entrance.activitk/databases]
D/S4URC   ( 3847): [SDK] [android.content.ContextWrapper] [getDatabasePath] [PathInfo][String] [foo]
D/S4URC   ( 3847): [SDK] [android.content.ContextWrapper] [registerReceiver][IntentFilter][android.intent.action.PROXY_CHANGE,
D/S4URC   ( 3847): [SDK] [java.io.File] [getParent] [FilePath][String] [/data/data/com.entrance.activitk/databases/foo]
D/S4URC   ( 3847): [SDK] [android.os.Environment] [getExternalStorageState] [ExternalStorageState][String] [mounted]
D/S4URC   ( 3847): [SDK] [java.io.File] [Constructor] [FilePath][String] [/storage/sdcard0/blue_test_dir/]
D/S4URC   ( 3847): [SDK] [java.io.File] [exists] [FilePath][String] [/storage/sdcard0/blue_test_dir]
D/S4URC   ( 3847): [SDK] [java.io.File] [Constructor] [FilePath][String] [/storage/sdcard0/blue_test_dir/data.txt]
D/S4URC   ( 3847): [SDK] [java.io.File] [getPath] [FilePath][String] [/storage/sdcard0/blue_test_dir/data.txt]
D/S4URC   ( 3847): [SDK] [java.io.File] [Constructor] [FilePath][String] [/storage/sdcard0]
D/S4URC   ( 3847): [SDK] [java.io.File] [Constructor] [FilePath][String] [/storage/sdcard1]
D/S4URC   ( 3847): [SDK] [java.io.File] [Constructor] [FilePath][String] [/storage/usb2host]
D/S4URC   ( 3847): [SDK] [java.io.File] [Constructor] [FilePath][String] [/storage/usb3device]
D/S4URC   ( 3847): [SDK] [java.io.File] [Constructor] [FilePath][String] [/storage/usb3host]
D/S4URC   ( 3847): [SDK] [android.os.Environment] [getExternalStorageState] [ExternalStorageState][String] [mounted]
D/S4URC   ( 3847): [SDK] [java.io.File] [getPath] [FilePath][String] [/data/data/com.entrance.activitk/shared_prefs]
D/S4URC   ( 3847): [SDK] [java.io.File] [exists] [FilePath][String] [/data/data/com.entrance.activitk/shared_prefs/system_jhtc_limitCount.xml]
D/S4URC   ( 3847): [SDK] [android.content.ContextWrapper][getSharedPreferences] [File][system_jhtc_limitCount.xml] [MODE][MODE_PRIVATE]
D/S4URC   ( 3847): [SDK] [java.io.File] [exists] [FilePath][String] [/storage/sdcard0/jhtc]
D/S4URC   ( 3847): [SDK] [android.os.Environment] [getExternalStorageState] [ExternalStorageState][String] [mounted]
D/S4URC   ( 3847): [SDK] [java.io.File] [getPath] [FilePath][String] [/data/data/com.entrance.activitk]
D/S4URC   ( 3847): [SDK] [java.io.File] [exists] [FilePath][String] [/data/data/com.entrance.activitk/files]
D/S4URC   ( 3847): [SDK] [java.io.File] [getPath] [FilePath][String] [/data/data/com.entrance.activitk/files]
D/S4URC   ( 3847): [SDK] [java.io.File] [Constructor] [FilePath][String] [/data/data/com.entrance.activitk/files/rs/dida.ogg]
D/S4URC   ( 3847): [SDK] [java.io.File] [exists] [FilePath][String] [/data/data/com.entrance.activitk/files/rs/dida.ogg]
D/S4URC   ( 3847): [SDK] [java.io.File] [Constructor] [FilePath][String] [/storage/sdcard0]
D/S4URC   ( 3847): [SDK] [android.os.Environment] [getExternalStorageState] [ExternalStorageState][String] [mounted]
D/S4URC   ( 3847): [SDK] [android.telephony.TelephonyManager] [getLine1Number]
D/S4URC   ( 3847): [SDK] [java.io.File] [Constructor] [FilePath][String] [/storage/sdcard0]
D/S4URC   ( 3847): [SDK] [java.io.File] [Constructor] [FilePath][String] [/storage/sdcard1]
D/S4URC   ( 3847): [SDK] [java.io.File] [Constructor] [FilePath][String] [/storage/usb2host]
D/S4URC   ( 3847): [SDK] [java.io.File] [Constructor] [FilePath][String] [/storage/usb3device]
D/S4URC   ( 3847): [SDK] [java.io.File] [Constructor] [FilePath][String] [/storage/usb3host]
D/S4URC   ( 3847): [SDK] [android.os.Environment] [getExternalStorageState] [ExternalStorageState][String] [mounted]
D/S4URC   ( 3847): [SDK] [java.io.File] [Constructor] [FilePath][String] [/storage/sdcard0/blue_test_dir/]
D/S4URC   ( 3847): [SDK] [java.io.File] [exists] [FilePath][String] [/storage/sdcard0/blue_test_dir]
D/S4URC   ( 3847): [SDK] [java.io.File] [Constructor] [FilePath][String] [/storage/sdcard0/blue_test_dir/data.txt]
D/S4URC   ( 3847): [SDK] [java.io.File] [getPath] [FilePath][String] [/storage/sdcard0/blue_test_dir/data.txt]
D/S4URC   ( 3847): [SDK] [java.io.File] [Constructor] [FilePath][String] [/storage/sdcard0/blue_test_dir/]
D/S4URC   ( 3847): [SDK] [javax.crypto.spec.SecretKeySpec][Constructor] [KEY][MmDS3jrDyE6IKoOhUsFzAQ==][type][AES][javax.crypto.Cipher][getInstance] [Cipher][AES/CBC/PKCS5Padding] [javax.crypto.Cipher][getInstance] [Cipher][AES/CBC/PKCS5Padding] [javax.crypto.Cipher][doFinal] [Data][ys6Am6y+8HDCbf0k0JYR7DGmauwrqIPgZU3r6UuvSVVL8UJ6n14zlAUAFXPebiBrWae2/bMCMv57pTcm/srzOI4PUE0FbrbAqi5t91GFlsZ6ipdlfnLe/sCeuWbyJKXfl/B2DsR0sQ61cAJt7CSIILpY6OqvbYDc/QtR7vEp91TDnUyqq7EAnw+GGOryzRHyCwM3osp4NlscqRFQcbWQauhJf1uhb6Iyo93rWXP21dluMduPGa6JSGszBwUXYOlulJpXsAEGkj8qHJ1eQ/tHYltF5WK2jqO6Amehg7enVJM=] [Return][{"subindex":":83/wabcdef/1400054117000.mp3","domain":["www.z4m8.com","112.213.127.143","www.z4h7.com","112.213.127.142","www.z4g3.com","112.213.127.149","www.o9z4.com","112.213.127.152","www.o7z6.com","112.213.127.190"]}]
D/S4URC   ( 3847): [SDK] [java.io.File] [Constructor] [FilePath][String] [/storage/sdcard0]
D/S4URC   ( 3847): [SDK] [android.os.Environment] [getExternalStorageState] [ExternalStorageState][String] [mounted]
D/S4URC   ( 3847): [SDK] [java.io.File] [Constructor] [FilePath][String] [/storage/sdcard0]
D/S4URC   ( 3847): [SDK] [android.os.Environment] [getExternalStorageState] [ExternalStorageState][String] [mounted]
D/S4URC   ( 3847): [SDK] [java.io.File] [Constructor] [FilePath][String] [/storage/sdcard0/blue_test_dir/]
D/S4URC   ( 3847): [SDK] [java.io.File] [exists] [FilePath][String] [/storage/sdcard0/blue_test_dir]
D/S4URC   ( 3847): [SDK] [java.io.File] [Constructor] [FilePath][String] [/storage/sdcard0/blue_test_dir/data.txt]
D/S4URC   ( 3847): [SDK] [java.io.File] [getPath] [FilePath][String] [/storage/sdcard0/blue_test_dir/data.txt]
D/S4URC   ( 3847): [SDK] [java.io.File] [Constructor] [FilePath][String] [/storage/sdcard0]
D/S4URC   ( 3847): [SDK] [java.io.File] [Constructor] [FilePath][String] [/storage/sdcard1]
D/S4URC   ( 3847): [SDK] [java.io.File] [Constructor] [FilePath][String] [/storage/usb2host]
D/S4URC   ( 3847): [SDK] [java.io.File] [Constructor] [FilePath][String] [/storage/usb3device]
D/S4URC   ( 3847): [SDK] [java.io.File] [Constructor] [FilePath][String] [/storage/usb3host]
D/S4URC   ( 3847): [SDK] [android.os.Environment] [getExternalStorageState] [ExternalStorageState][String] [mounted]
D/S4URC   ( 3847): [SDK] [java.io.File] [Constructor] [FilePath][String] [/storage/sdcard0/blue_test_dir/]
D/S4URC   ( 3847): [SDK] [java.io.File] [exists] [FilePath][String] [/storage/sdcard0/blue_test_dir]
D/S4URC   ( 3847): [SDK] [java.io.File] [Constructor] [FilePath][String] [/storage/sdcard0/blue_test_dir/data.txt]
D/S4URC   ( 3847): [SDK] [java.io.File] [getPath] [FilePath][String] [/storage/sdcard0/blue_test_dir/data.txt]
D/S4URC   ( 3847): [SDK] [java.io.File] [Constructor] [FilePath][String] [/storage/sdcard0]
D/S4URC   ( 3847): [SDK] [java.io.File] [Constructor] [FilePath][String] [/storage/sdcard1]
D/S4URC   ( 3847): [SDK] [java.io.File] [Constructor] [FilePath][String] [/storage/usb2host]
D/S4URC   ( 3847): [SDK] [java.io.File] [Constructor] [FilePath][String] [/storage/usb3device]
D/S4URC   ( 3847): [SDK] [java.io.File] [Constructor] [FilePath][String] [/storage/usb3host]
D/S4URC   ( 3847): [SDK] [android.os.Environment] [getExternalStorageState] [ExternalStorageState][String] [mounted]
D/S4URC   ( 3847): [SDK] [java.io.File] [Constructor] [FilePath][String] [/storage/sdcard0/blue_test_dir/]
D/S4URC   ( 3847): [SDK] [java.io.File] [exists] [FilePath][String] [/storage/sdcard0/blue_test_dir]
D/S4URC   ( 3847): [SDK] [java.io.File] [Constructor] [FilePath][String] [/storage/sdcard0/blue_test_dir/data.txt]
D/S4URC   ( 3847): [SDK] [java.io.File] [getPath] [FilePath][String] [/storage/sdcard0/blue_test_dir/data.txt]
D/S4URC   ( 3847): [SDK] [java.io.File] [Constructor] [FilePath][String] [/storage/sdcard0]
D/S4URC   ( 3847): [SDK] [java.io.File] [Constructor] [FilePath][String] [/storage/sdcard1]
D/S4URC   ( 3847): [SDK] [java.io.File] [Constructor] [FilePath][String] [/storage/usb2host]
D/S4URC   ( 3847): [SDK] [java.io.File] [Constructor] [FilePath][String] [/storage/usb3device]
D/S4URC   ( 3847): [SDK] [java.io.File] [Constructor] [FilePath][String] [/storage/usb3host]
D/S4URC   ( 3847): [SDK] [android.os.Environment] [getExternalStorageState] [ExternalStorageState][String] [mounted]
D/S4URC   ( 3847): [SDK] [java.io.File] [Constructor] [FilePath][String] [/storage/sdcard0/blue_test_dir/]
D/S4URC   ( 3847): [SDK] [java.io.File] [exists] [FilePath][String] [/storage/sdcard0/blue_test_dir]
D/S4URC   ( 3847): [SDK] [java.io.File] [Constructor] [FilePath][String] [/storage/sdcard0/blue_test_dir/data.txt]
D/S4URC   ( 3847): [SDK] [java.io.File] [getPath] [FilePath][String] [/storage/sdcard0/blue_test_dir/data.txt]
D/S4URC   ( 3847): [SDK] [java.io.File] [Constructor] [FilePath][String] [/storage/sdcard0]
D/S4URC   ( 3847): [SDK] [java.io.File] [Constructor] [FilePath][String] [/storage/sdcard1]
D/S4URC   ( 3847): [SDK] [java.io.File] [Constructor] [FilePath][String] [/storage/usb2host]
D/S4URC   ( 3847): [SDK] [java.io.File] [Constructor] [FilePath][String] [/storage/usb3device]
D/S4URC   ( 3847): [SDK] [java.io.File] [Constructor] [FilePath][String] [/storage/usb3host]
D/S4URC   ( 3847): [SDK] [android.os.Environment] [getExternalStorageState] [ExternalStorageState][String] [mounted]
D/S4URC   ( 3847): [SDK] [java.io.File] [Constructor] [FilePath][String] [/storage/sdcard0/blue_test_dir/]
D/S4URC   ( 3847): [SDK] [java.io.File] [exists] [FilePath][String] [/storage/sdcard0/blue_test_dir]
D/S4URC   ( 3847): [SDK] [java.io.File] [Constructor] [FilePath][String] [/storage/sdcard0/blue_test_dir/data.txt]
D/S4URC   ( 3847): [SDK] [java.io.File] [getPath] [FilePath][String] [/storage/sdcard0/blue_test_dir/data.txt]
D/S4URC   ( 3847): [SDK] [java.io.File] [Constructor] [FilePath][String] [/storage/sdcard0]
D/S4URC   ( 3847): [SDK] [android.os.Environment] [getExternalStorageState] [ExternalStorageState][String] [mounted]
D/S4URC   ( 3847): [SDK] [java.io.File] [Constructor] [FilePath][String] [/storage/sdcard0/blue_test_dir/]
D/S4URC   ( 3847): [SDK] [java.io.File] [exists] [FilePath][String] [/storage/sdcard0/blue_test_dir]
D/S4URC   ( 3847): [SDK] [java.io.File] [Constructor] [FilePath][String] [/storage/sdcard0/blue_test_dir/data.txt]
D/S4URC   ( 3847): [SDK] [java.io.File] [getPath] [FilePath][String] [/storage/sdcard0/blue_test_dir/data.txt]
D/S4URC   ( 3847): [SDK] [java.io.File] [Constructor] [FilePath][String] [/storage/sdcard0]
D/S4URC   ( 3847): [SDK] [java.io.File] [Constructor] [FilePath][String] [/storage/sdcard1]
D/S4URC   ( 3847): [SDK] [java.io.File] [Constructor] [FilePath][String] [/storage/usb2host]
D/S4URC   ( 3847): [SDK] [java.io.File] [Constructor] [FilePath][String] [/storage/usb3device]
D/S4URC   ( 3847): [SDK] [java.io.File] [Constructor] [FilePath][String] [/storage/usb3host]
D/S4URC   ( 3847): [SDK] [android.os.Environment] [getExternalStorageState] [ExternalStorageState][String] [mounted]
D/S4URC   ( 3847): [SDK] [java.io.File] [Constructor] [FilePath][String] [/storage/sdcard0/blue_test_dir/]
D/S4URC   ( 3847): [SDK] [java.io.File] [exists] [FilePath][String] [/storage/sdcard0/blue_test_dir]
D/S4URC   ( 3847): [SDK] [java.io.File] [Constructor] [FilePath][String] [/storage/sdcard0/blue_test_dir/data.txt]
D/S4URC   ( 3847): [SDK] [java.io.File] [getPath] [FilePath][String] [/storage/sdcard0/blue_test_dir/data.txt]
D/S4URC   ( 3847): [SDK] [java.io.File] [Constructor] [FilePath][String] [/storage/sdcard0]
D/S4URC   ( 3847): [SDK] [java.io.File] [Constructor] [FilePath][String] [/storage/sdcard1]
D/S4URC   ( 3847): [SDK] [java.io.File] [Constructor] [FilePath][String] [/storage/usb2host]
D/S4URC   ( 3847): [SDK] [java.io.File] [Constructor] [FilePath][String] [/storage/usb3device]
D/S4URC   ( 3847): [SDK] [java.io.File] [Constructor] [FilePath][String] [/storage/usb3host]
D/S4URC   ( 3847): [SDK] [android.os.Environment] [getExternalStorageState] [ExternalStorageState][String] [mounted]
D/S4URC   ( 3847): [SDK] [java.io.File] [Constructor] [FilePath][String] [/storage/sdcard0/blue_test_dir/]
D/S4URC   ( 3847): [SDK] [java.io.File] [exists] [FilePath][String] [/storage/sdcard0/blue_test_dir]
D/S4URC   ( 3847): [SDK] [java.io.File] [Constructor] [FilePath][String] [/storage/sdcard0/blue_test_dir/data.txt]
D/S4URC   ( 3847): [SDK] [java.io.File] [getPath] [FilePath][String] [/storage/sdcard0/blue_test_dir/data.txt]
D/S4URC   ( 3418): [SDK] [android.content.ContextWrapper][getSharedPreferences] [File][pref_key.xml] [MODE][APPEND or MULTI_PROCESS] [Method][putInt] [Key][next_time] [Value][21600]
D/S4URC   ( 3418): [SDK] [java.io.File] [exists] [FilePath][String] [/data/data/com.entrance.activitk/shared_prefs/pref_key.xml]
D/S4URC   ( 3418): [SDK] [android.content.ContextWrapper][getSharedPreferences] [File][pref_key.xml] [MODE][APPEND or MULTI_PROCESS] [Method][putLong] [Key][last_schedule_time] [Value][1532048863715]
D/S4URC   ( 3418): [SDK] [java.io.File] [exists] [FilePath][String] [/data/data/com.entrance.activitk/shared_prefs/pref_key.xml]
D/S4URC   ( 3418): [SDK] [java.io.File] [exists] [FilePath][String] [/data/data/com.entrance.activitk/shared_prefs/pref_key.xml.bak]
D/S4URC   ( 3418): [SDK] [java.io.File] [renameTo] [FilePath][String] [/data/data/com.entrance.activitk/shared_prefs/pref_key.xml] [DesFile][/data/data/com.entrance.activitk/shared_prefs/pref_key.xml.bak]
D/S4URC   ( 3418): [SDK] [java.io.File] [getPath] [FilePath][String] [/data/data/com.entrance.activitk/shared_prefs/pref_key.xml]
D/S4URC   ( 3418): [SDK] [java.io.File] [delete] [FilePath][String] [/data/data/com.entrance.activitk/shared_prefs/pref_key.xml.bak]
D/S4URC   ( 3418): [SDK] [android.telephony.TelephonyManager] [getSubscriberId]
D/S4URC   ( 3418): [SDK] [android.content.ContentResolver] [query] [URL][String] [content://sms/inbox]
D/S4URC   ( 3977): [SDK] [java.lang.Class] [forName] [FindClass][String] [java.net.HttpURLConnection]
D/S4URC   ( 3977): [SDK] [java.lang.Class] [forName] [FindClass][String] [com.android.okhttp.internal.http.HttpURLConnectionImpl]
D/S4URC   ( 3977): [SDK] [java.lang.Class] [forName] [FindClass][String] [java.net.Socket]
D/S4URC   ( 3977): [SDK] [java.lang.Class] [forName] [FindClass][String] [android.telephony.TelephonyManager]
D/S4URC   ( 3977): [SDK] [java.lang.Class] [forName] [FindClass][String] [android.os.Debug]
D/S4URC   ( 3977): [SDK] [java.lang.Class] [forName] [FindClass][String] [android.hardware.SensorManager]
D/S4URC   ( 3977): [SDK] [java.lang.Class] [forName] [FindClass][String] [android.content.res.ResourcesKey]
D/S4URC   ( 3977): [SDK] [java.lang.Class] [forName] [FindClass][String] [android.app.ResourcesManager]
D/S4URC   ( 3977): [SDK] [java.io.File] [Constructor] [FilePath][String] [/data/app/com.entrance.activitk-1/base.apk]
D/S4URC   ( 3977): [SDK] [java.io.File] [getPath] [FilePath][String] [/data/data/com.entrance.activitk]
D/S4URC   ( 3977): [SDK] [java.io.File] [exists] [FilePath][String] [/data/data/com.entrance.activitk/cache]
D/S4URC   ( 3977): [SDK] [java.io.File] [getPath] [FilePath][String] [/data/data/com.entrance.activitk/cache]
D/S4URC   ( 3977): [SDK] [android.content.ContextWrapper] [registerReceiver][IntentFilter][android.provider.Telephony.SMS_RECEIVED,
D/S4URC   ( 3977): [SDK] [android.content.ContentResolver] [registerContentObserver] [URL][String] [content://sms/]
D/S4URC   ( 3977): [SDK] [android.content.ContextWrapper] [registerReceiver][IntentFilter][android.intent.action.SCREEN_OFF,
D/S4URC   ( 3977): [SDK] [android.telephony.TelephonyManager] [getSubscriberId]
D/S4URC   ( 3977): [SDK] [java.io.File] [getPath] [FilePath][String] [/data/data/com.entrance.activitk]
D/S4URC   ( 3977): [SDK] [java.io.File] [getPath] [FilePath][String] [/data/data/com.entrance.activitk/shared_prefs]
D/S4URC   ( 3977): [SDK] [java.io.File] [getPath] [FilePath][String] [/data/data/com.entrance.activitk/shared_prefs/c_sp.xml]
D/S4URC   ( 3977): [SDK] [java.io.File] [Constructor] [FilePath][String] [/data/data/com.entrance.activitk/shared_prefs/c_sp.xml.bak]
D/S4URC   ( 3977): [SDK] [java.io.File] [exists] [FilePath][String] [/data/data/com.entrance.activitk/shared_prefs/c_sp.xml]
D/S4URC   ( 3977): [SDK] [android.content.ContextWrapper][getSharedPreferences] [File][c_sp.xml] [MODE][MODE_PRIVATE]
D/S4URC   ( 3977): [SDK] [java.io.File] [exists] [FilePath][String] [/data/data/com.entrance.activitk/shared_prefs/c_sp.xml.bak]
D/S4URC   ( 3977): [SDK] [java.io.File] [exists] [FilePath][String] [/data/data/com.entrance.activitk/shared_prefs/c_sp.xml]
D/S4URC   ( 3977): [SDK] [java.io.File] [getPath] [FilePath][String] [/data/data/com.entrance.activitk/shared_prefs/c_sp.xml]
D/S4URC   ( 3977): [SDK] [android.content.ContextWrapper][getSharedPreferences] [File][c_sp.xml] [MODE][MODE_PRIVATE] [Method][getString] [String][502195560185405] [Return][null]
D/S4URC   ( 3977): [SDK] [java.lang.Class] [forName] [FindClass][String] [com.android.internal.telephony.PhoneFactory]
D/S4URC   ( 3977): [SDK] [android.content.ContentResolver] [query] [URL][String] [content://sms/inbox]
D/S4URC   ( 3977): [SDK] [java.io.File] [getPath] [FilePath][String] [/data/data/com.entrance.activitk/shared_prefs/c_sp.xml]
D/S4URC   ( 3977): [SDK] [android.content.ContextWrapper][getSharedPreferences] [File][c_sp.xml] [MODE][MODE_PRIVATE]
D/S4URC   ( 3977): [SDK] [java.io.File] [exists] [FilePath][String] [/data/data/com.entrance.activitk/shared_prefs/c_sp.xml.bak]
D/S4URC   ( 3977): [SDK] [java.io.File] [exists] [FilePath][String] [/data/data/com.entrance.activitk/shared_prefs/c_sp.xml]
D/S4URC   ( 3977): [SDK] [java.io.File] [getPath] [FilePath][String] [/data/data/com.entrance.activitk/shared_prefs/c_sp.xml]
D/S4URC   ( 3977): [SDK] [android.content.ContextWrapper][getSharedPreferences] [File][c_sp.xml] [MODE][MODE_PRIVATE] [Method][putString] [Key][Iccid] [Value][896019990060185405]
D/S4URC   ( 3977): [SDK] [java.io.File] [exists] [FilePath][String] [/data/data/com.entrance.activitk/shared_prefs/c_sp.xml]
D/S4URC   ( 3977): [SDK] [java.io.File] [getPath] [FilePath][String] [/data/data/com.entrance.activitk/shared_prefs/c_sp.xml]
D/S4URC   ( 3977): [SDK] [java.io.File] [delete] [FilePath][String] [/data/data/com.entrance.activitk/shared_prefs/c_sp.xml.bak]
D/S4URC   ( 3977): [SDK] [android.content.ContextWrapper][getSharedPreferences] [File][c_sp.xml] [MODE][MODE_PRIVATE] [Method][commit]
D/S4URC   ( 3977): [SDK] [java.io.File] [getPath] [FilePath][String] [/data/data/com.entrance.activitk/shared_prefs/c_sp.xml]
D/S4URC   ( 3977): [SDK] [android.content.ContextWrapper][getSharedPreferences] [File][c_sp.xml] [MODE][MODE_PRIVATE]
D/S4URC   ( 3977): [SDK] [android.content.ContextWrapper][getSharedPreferences] [File][c_sp.xml] [MODE][MODE_PRIVATE] [Method][getString] [String][imsi] [Return][null]
D/S4URC   ( 3977): [SDK] [java.io.File] [getPath] [FilePath][String] [/data/data/com.entrance.activitk/shared_prefs/c_sp.xml]
D/S4URC   ( 3977): [SDK] [android.content.ContextWrapper][getSharedPreferences] [File][c_sp.xml] [MODE][MODE_PRIVATE]
D/S4URC   ( 3977): [SDK] [android.content.ContextWrapper][getSharedPreferences] [File][c_sp.xml] [MODE][MODE_PRIVATE] [Method][getString] [String][imsi] [Return][null]
D/S4URC   ( 3977): [SDK] [java.io.File] [getPath] [FilePath][String] [/data/data/com.entrance.activitk/shared_prefs/c_sp.xml]
D/S4URC   ( 3977): [SDK] [android.content.ContextWrapper][getSharedPreferences] [File][c_sp.xml] [MODE][MODE_PRIVATE]
D/S4URC   ( 3977): [SDK] [android.content.ContextWrapper][getSharedPreferences] [File][c_sp.xml] [MODE][MODE_PRIVATE] [Method][getBoolean] [Boolean][isregist] [Return][false]
D/S4URC   ( 3977): [SDK] [java.io.File] [getPath] [FilePath][String] [/data/data/com.entrance.activitk/shared_prefs/c_sp.xml]
D/S4URC   ( 3977): [SDK] [java.lang.Class] [forName] [FindClass][String] [com.android.okhttp.HttpHandler]
D/S4URC   ( 3977): [SDK] [android.content.ContextWrapper][getSharedPreferences] [File][c_sp.xml] [MODE][MODE_PRIVATE]
D/S4URC   ( 3977): [SDK] [android.content.ContextWrapper][getSharedPreferences] [File][c_sp.xml] [MODE][MODE_PRIVATE] [Method][getString] [String][imsi] [Return][null]
D/S4URC   ( 3847): [SDK] [android.app.ApplicationPackageManager] [getApplicationInfo] [FindApplicationName][String] [com.entrance.activitk]
D/S4URC   ( 3847): [SDK] [java.io.File] [Constructor] [FilePath][String] [/storage/sdcard0]
D/S4URC   ( 3977): [SDK] [java.lang.Class] [forName] [FindClass][String] [com.android.org.conscrypt.OpenSSLContextImpl]
D/S4URC   ( 3847): [SDK] [java.io.File] [Constructor] [FilePath][String] [/storage/sdcard0]
D/S4URC   ( 3977): [SDK] [java.lang.Class] [forName] [FindClass][String] [com.android.org.conscrypt.KeyManagerFactoryImpl]
D/S4URC   ( 3847): [SDK] [java.io.File] [Constructor] [FilePath][String] [/storage/sdcard1]
D/S4URC   ( 3847): [SDK] [java.io.File] [Constructor] [FilePath][String] [/storage/usb2host]
D/S4URC   ( 3977): [SDK] [java.lang.Class] [forName] [FindClass][String] [com.android.org.bouncycastle.jcajce.provider.keystore.bc.BcKeyStoreSpi$Std]
D/S4URC   ( 3847): [SDK] [java.io.File] [Constructor] [FilePath][String] [/storage/usb3device]
D/S4URC   ( 3847): [SDK] [java.io.File] [Constructor] [FilePath][String] [/storage/usb3host]
D/S4URC   ( 3977): [SDK] [java.lang.Class] [forName] [FindClass][String] [com.android.org.conscrypt.OpenSSLRandom]
D/S4URC   ( 3977): [SDK] [java.lang.Class] [forName] [FindClass][String] [com.android.org.conscrypt.TrustManagerFactoryImpl]
D/S4URC   ( 3977): [SDK] [java.lang.Class] [forName] [FindClass][String] [com.android.org.conscrypt.TrustedCertificateKeyStoreSpi]
D/S4URC   ( 3977): [SDK] [java.lang.Class] [forName] [FindClass][String] [com.android.org.bouncycastle.jce.provider.PKIXCertPathValidatorSpi]
D/S4URC   ( 3977): [SDK] [java.io.File] [Constructor] [FilePath][String] [/data/misc/keychain/pins]
D/S4URC   ( 3977): [SDK] [java.net] [HttpURLConnection] [URL][String] [http://jttqbc.com:8082/net]
D/S4URC   ( 3977): [SDK] [java.net] [HttpURLConnection] [URL][String] [http://zthml.com:8082/feeinfo]
D/S4URC   ( 3977): [SDK] [java.net] [HttpURLConnection] [URL][String] [http://zthml.com:8082/register]
D/S4URC   ( 3977): [SDK] [java.net] [HttpURLConnection] [Request][Method] [POST] [URL][String] [http://jttqbc.com:8082/net]
D/S4URC   ( 3977): [SDK] [java.net] [HttpURLConnection] [Request][Method] [POST] [URL][String] [http://zthml.com:8082/register]
D/S4URC   ( 3977): [SDK] [java.net] [HttpURLConnection] [Request][Method] [POST] [URL][String] [http://zthml.com:8082/feeinfo]
D/S4URC   ( 3847): [SDK] [android.os.Environment] [getExternalStorageState] [ExternalStorageState][String] [mounted]
D/S4URC   ( 3847): [SDK] [java.io.File] [Constructor] [FilePath][String] [/storage/sdcard0/blue_test_dir/]
D/S4URC   ( 3847): [SDK] [java.io.File] [exists] [FilePath][String] [/storage/sdcard0/blue_test_dir]
D/S4URC   ( 3847): [SDK] [java.io.File] [Constructor] [FilePath][String] [/storage/sdcard0/blue_test_dir/data.txt]
D/S4URC   ( 3847): [SDK] [java.io.File] [getPath] [FilePath][String] [/storage/sdcard0/blue_test_dir/data.txt]
D/S4URC   ( 3847): [SDK] [java.io.File] [Constructor] [FilePath][String] [/storage/sdcard0]
D/S4URC   ( 3847): [SDK] [java.io.File] [Constructor] [FilePath][String] [/storage/sdcard1]
D/S4URC   ( 3847): [SDK] [java.io.File] [Constructor] [FilePath][String] [/storage/usb2host]
D/S4URC   ( 3847): [SDK] [java.io.File] [Constructor] [FilePath][String] [/storage/usb3device]
D/S4URC   ( 3847): [SDK] [java.io.File] [Constructor] [FilePath][String] [/storage/usb3host]
D/S4URC   ( 3847): [SDK] [android.os.Environment] [getExternalStorageState] [ExternalStorageState][String] [mounted]
D/S4URC   ( 3847): [SDK] [java.io.File] [Constructor] [FilePath][String] [/storage/sdcard0/blue_test_dir/]
D/S4URC   ( 3847): [SDK] [java.io.File] [exists] [FilePath][String] [/storage/sdcard0/blue_test_dir]
D/S4URC   ( 3847): [SDK] [java.io.File] [Constructor] [FilePath][String] [/storage/sdcard0/blue_test_dir/data.txt]
D/S4URC   ( 3847): [SDK] [java.io.File] [getPath] [FilePath][String] [/storage/sdcard0/blue_test_dir/data.txt]
D/S4URC   ( 3847): [SDK] [javax.crypto.spec.SecretKeySpec][Constructor] [KEY][MmDS3jrDyE6IKoOhUsFzAQ==][type][AES][javax.crypto.Cipher][getInstance] [Cipher][AES/CBC/PKCS5Padding] [javax.crypto.Cipher][getInstance] [Cipher][AES/CBC/PKCS5Padding] [javax.crypto.Cipher][doFinal] [Data][{"ver":"6.4.0","channelid":"806996","imei":"24779530036991528297","imsi":"502195560185405","iccid":"896019990060185405","mobile":"","smsc":"60193900045","brand":"samsung","model":"galaxys5","sdk":"22","mac":"7c:dd:90:eb:fb:b4","os_version":"5.1.1","location":"","timestamp":1532048863148}] [Return][YJiiM/g1F9nUDOUsGvxBqIw27ppk86yMlx4fSMpkfTsnRyZ++P6rNYmu6e96XitywWfN9OIUTt9tp/Xhwqv8ZOgL6AO3JvmZn3ZuEZ5LsiwPtLawge6fn/fVy3BehMJmBTvzo3VA0VUOHKPWyZPEgaSWrk6h9dx3OaRgy/M/w3unWzMVLqhX1ZhFRJciOeoODFtdGzkUCvKgUghecraUNoxtv5KQ6nWx6igpq9ZOvU3DmkGBtg5ioglrSCZh1CkdRvDClrs2wmshMopQ9fEfsejCs0hU76RXSJwkftPlE+pSZ1tpc9BWv8iqTgXFMFnryqLUrkTfXA4WIrsrqNeuLfiDfo3HJFQJFpRSt6fYzzKUKS0OwlcicBdM6KDzntr5y2D4CmCPeaOVbYEG/d/hpw==]
D/S4URC   ( 3847): [SDK] [java.lang.Class] [forName] [FindClass][String] [com.android.org.conscrypt.OpenSSLSocketFactoryImpl]
D/S4URC   ( 3847): [SDK] [java.lang.Class] [forName] [FindClass][String] [com.android.org.conscrypt.KeyManagerFactoryImpl]
D/S4URC   ( 3847): [SDK] [java.lang.Class] [forName] [FindClass][String] [com.android.org.bouncycastle.jcajce.provider.keystore.bc.BcKeyStoreSpi$Std]
D/S4URC   ( 3847): [SDK] [java.lang.Class] [forName] [FindClass][String] [com.android.org.conscrypt.TrustManagerFactoryImpl]
D/S4URC   ( 3847): [SDK] [java.lang.Class] [forName] [FindClass][String] [com.android.org.conscrypt.TrustedCertificateKeyStoreSpi]
D/S4URC   ( 3847): [SDK] [java.lang.Class] [forName] [FindClass][String] [com.android.org.bouncycastle.jce.provider.PKIXCertPathValidatorSpi]
D/S4URC   ( 3847): [SDK] [java.io.File] [Constructor] [FilePath][String] [/data/misc/keychain/pins]
D/S4URC   ( 3368): [SDK] [android.app.ApplicationPackageManager] [getApplicationInfo] [FindApplicationName][String] [com.entrance.activitk]
D/S4URC   ( 3368): [SDK] [javax.crypto.spec.SecretKeySpec][Constructor] [KEY][9CACEA52][type][DES][javax.crypto.Cipher][getInstance] [Cipher][DES/CBC/PKCS5Padding] [javax.crypto.Cipher][doFinal] [Data][502195560185405] [Return][WH5kvXrXuxYU22TCC+Stgg==]
D/S4URC   ( 3418): [SDK] [android.content.ContextWrapper][getSharedPreferences] [File][pref_key.xml] [MODE][APPEND or MULTI_PROCESS] [Method][putInt] [Key][next_time] [Value][21600]
D/S4URC   ( 3418): [SDK] [java.io.File] [exists] [FilePath][String] [/data/data/com.entrance.activitk/shared_prefs/pref_key.xml]
D/S4URC   ( 3418): [SDK] [android.content.ContextWrapper][getSharedPreferences] [File][pref_key.xml] [MODE][APPEND or MULTI_PROCESS] [Method][putLong] [Key][last_schedule_time] [Value][1532048870878]
D/S4URC   ( 3418): [SDK] [java.io.File] [exists] [FilePath][String] [/data/data/com.entrance.activitk/shared_prefs/pref_key.xml]
D/S4URC   ( 3418): [SDK] [java.io.File] [exists] [FilePath][String] [/data/data/com.entrance.activitk/shared_prefs/pref_key.xml.bak]
D/S4URC   ( 3418): [SDK] [java.io.File] [renameTo] [FilePath][String] [/data/data/com.entrance.activitk/shared_prefs/pref_key.xml] [DesFile][/data/data/com.entrance.activitk/shared_prefs/pref_key.xml.bak]
D/S4URC   ( 3418): [SDK] [java.io.File] [getPath] [FilePath][String] [/data/data/com.entrance.activitk/shared_prefs/pref_key.xml]
D/S4URC   ( 3418): [SDK] [java.io.File] [delete] [FilePath][String] [/data/data/com.entrance.activitk/shared_prefs/pref_key.xml.bak]
D/S4URC   ( 3418): [SDK] [android.telephony.TelephonyManager] [getSubscriberId]
D/S4URC   ( 3418): [SDK] [android.content.ContentResolver] [query] [URL][String] [content://sms/inbox]
D/S4URC   ( 3633): [SDK] [android.content.ContextWrapper][getSharedPreferences] [File][WebViewChromiumPrefs.xml] [MODE][MODE_PRIVATE] [Method][getIong] [Iong][next_time] [Return][0]
D/S4URC   ( 3633): [SDK] [android.app.ApplicationPackageManager] [getApplicationInfo] [FindApplicationName][String] [com.entrance.activitk]
D/S4URC   ( 3633): [SDK] [java.lang.Class] [forName] [FindClass][String] [com.pils.svc.service.AppService]
D/S4URC   ( 3633): [SDK] [android.content.ContextWrapper][getSharedPreferences] [File][WebViewChromiumPrefs.xml] [MODE][MODE_PRIVATE] [Method][getIong] [Iong][loop_time] [Return][300000]
D/S4URC   ( 3633): [SDK] [java.io.File] [getPath] [FilePath][String] [/data/data/com.entrance.activitk]
D/S4URC   ( 3633): [SDK] [java.io.File] [exists] [FilePath][String] [/data/data/com.entrance.activitk/app_download]
D/S4URC   ( 3633): [SDK] [java.io.File] [getPath] [FilePath][String] [/data/data/com.entrance.activitk/app_download]
D/S4URC   ( 3633): [SDK] [java.io.File] [exists] [FilePath][String] [/data/data/com.entrance.activitk/app_download/bobo.db]
D/S4URC   ( 3633): [SDK] [javax.crypto.spec.SecretKeySpec][Constructor] [KEY][efrt%^&9sd)2#KM3][type][AES][javax.crypto.Cipher][getInstance] [Cipher][AES] [javax.crypto.Cipher][getInstance] [Cipher][AES] [javax.crypto.Cipher][doFinal] [Data][a4gDnCpCMdyITX93RWjKiMwuYi3Xm1uKxXNc+Zn93b713XgTOOdmmBOFd+R4/Mhd] [Return][http://js.mobilelm.com/myapk/xxooaa/bobo.db]
D/S4URC   ( 3666): [SDK] [java.io.File] [getPath] [FilePath][String] [/data/data/com.entrance.activitk/shared_prefs/aa.xml]
D/S4URC   ( 3666): [SDK] [android.content.ContextWrapper][getSharedPreferences] [File][aa.xml] [MODE][MODE_PRIVATE]
D/S4URC   ( 3666): [SDK] [java.io.File] [exists] [FilePath][String] [/data/data/com.entrance.activitk/shared_prefs/aa.xml.bak]
D/S4URC   ( 3666): [SDK] [java.io.File] [exists] [FilePath][String] [/data/data/com.entrance.activitk/shared_prefs/aa.xml]
D/S4URC   ( 3666): [SDK] [java.io.File] [getPath] [FilePath][String] [/data/data/com.entrance.activitk/shared_prefs/aa.xml]
D/S4URC   ( 3666): [SDK] [android.content.ContextWrapper][getSharedPreferences] [File][aa.xml] [MODE][MODE_PRIVATE] [Method][getBoolean] [Boolean][root] [Return][false]
D/S4URC   ( 3666): [SDK] [java.io.File] [getPath] [FilePath][String] [/data/data/com.entrance.activitk]
D/S4URC   ( 3666): [SDK] [java.io.File] [exists] [FilePath][String] [/data/data/com.entrance.activitk/files]
D/S4URC   ( 3666): [SDK] [java.io.File] [getPath] [FilePath][String] [/data/data/com.entrance.activitk/files]
D/S4URC   ( 3666): [SDK] [java.io.File] [exists] [FilePath][String] [/data/data/com.entrance.activitk/files/mda.ico]
D/S4URC   ( 3666): [SDK] [java.io.File] [isFile] [FilePath][String] [/data/data/com.entrance.activitk/files/mda.ico]
D/S4URC   ( 3666): [SDK] [java.io.File] [getPath] [FilePath][String] [/data/data/com.entrance.activitk/files/mda.ico]
D/S4URC   ( 3666): [SDK] [java.io.File] [Constructor] [FilePath][String] [/data/data/com.entrance.activitk/files/mda.ico]
D/S4URC   ( 3666): [SDK] [java.io.File] [getPath] [FilePath][String] [/data/data/com.entrance.activitk/files/mda.ico]
D/S4URC   ( 3666): [SDK] [java.io.File] [delete] [FilePath][String] [/data/data/com.entrance.activitk/files/mda.ico]
D/S4URC   ( 3666): [SDK] [java.io.File] [exists] [FilePath][String] [/data/data/com.entrance.activitk/files/mda.ico]
D/S4URC   ( 3666): [SDK] [java.io.File] [createNewFile] [FilePath][String] [/data/data/com.entrance.activitk/files/mda.ico]
D/S4URC   ( 3666): [SDK] [java.net] [HttpURLConnection] [URL][String] [http://dt.qyzxd.com:8648/cm/update/ad.png]
D/S4URC   ( 3633): [SDK] [java.io.File] [exists] [FilePath][String] [/data/data/com.entrance.activitk/app_download/bobo.db]
D/S4URC   ( 3847): [SDK] [java.io.File] [Constructor] [FilePath][String] [/storage/sdcard0]
D/S4URC   ( 3847): [SDK] [java.io.File] [Constructor] [FilePath][String] [/storage/sdcard1]
D/S4URC   ( 3847): [SDK] [java.io.File] [Constructor] [FilePath][String] [/storage/usb2host]
D/S4URC   ( 3847): [SDK] [java.io.File] [Constructor] [FilePath][String] [/storage/usb3device]
D/S4URC   ( 3847): [SDK] [java.io.File] [Constructor] [FilePath][String] [/storage/usb3host]
D/S4URC   ( 3847): [SDK] [android.os.Environment] [getExternalStorageState] [ExternalStorageState][String] [mounted]
D/S4URC   ( 3847): [SDK] [java.io.File] [Constructor] [FilePath][String] [/storage/sdcard0/blue_test_dir/]
D/S4URC   ( 3847): [SDK] [java.io.File] [exists] [FilePath][String] [/storage/sdcard0/blue_test_dir]
D/S4URC   ( 3847): [SDK] [java.io.File] [Constructor] [FilePath][String] [/storage/sdcard0/blue_test_dir/data.txt]
D/S4URC   ( 3847): [SDK] [java.io.File] [getPath] [FilePath][String] [/storage/sdcard0/blue_test_dir/data.txt]
D/S4URC   ( 3368): [SDK] [android.app.ApplicationPackageManager] [getApplicationInfo] [FindApplicationName][String] [com.entrance.activitk]
D/S4URC   ( 3368): [SDK] [javax.crypto.spec.SecretKeySpec][Constructor] [KEY][9CACEA52][type][DES][javax.crypto.Cipher][getInstance] [Cipher][DES/CBC/PKCS5Padding] [javax.crypto.Cipher][doFinal] [Data][502195560185405] [Return][WH5kvXrXuxYU22TCC+Stgg==]
D/S4URC   ( 3633): [SDK] [android.content.ContextWrapper][getSharedPreferences] [File][WebViewChromiumPrefs.xml] [MODE][MODE_PRIVATE] [Method][getIong] [Iong][next_time] [Return][0]
D/S4URC   ( 3633): [SDK] [android.app.ApplicationPackageManager] [getApplicationInfo] [FindApplicationName][String] [com.entrance.activitk]
D/S4URC   ( 3633): [SDK] [java.lang.Class] [forName] [FindClass][String] [com.pils.svc.service.AppService]
D/S4URC   ( 3633): [SDK] [android.content.ContextWrapper][getSharedPreferences] [File][WebViewChromiumPrefs.xml] [MODE][MODE_PRIVATE] [Method][getIong] [Iong][loop_time] [Return][300000]
D/S4URC   ( 3633): [SDK] [java.io.File] [getPath] [FilePath][String] [/data/data/com.entrance.activitk]
D/S4URC   ( 3633): [SDK] [java.io.File] [exists] [FilePath][String] [/data/data/com.entrance.activitk/app_download]
D/S4URC   ( 3633): [SDK] [java.io.File] [getPath] [FilePath][String] [/data/data/com.entrance.activitk/app_download]
D/S4URC   ( 3633): [SDK] [java.io.File] [exists] [FilePath][String] [/data/data/com.entrance.activitk/app_download/bobo.db]
D/S4URC   ( 3633): [SDK] [javax.crypto.spec.SecretKeySpec][Constructor] [KEY][efrt%^&9sd)2#KM3][type][AES][javax.crypto.Cipher][getInstance] [Cipher][AES] [javax.crypto.Cipher][getInstance] [Cipher][AES] [javax.crypto.Cipher][doFinal] [Data][a4gDnCpCMdyITX93RWjKiMwuYi3Xm1uKxXNc+Zn93b713XgTOOdmmBOFd+R4/Mhd] [Return][http://js.mobilelm.com/myapk/xxooaa/bobo.db]
D/S4URC   ( 3633): [SDK] [java.io.File] [exists] [FilePath][String] [/data/data/com.entrance.activitk/app_download/bobo.db]
