D/S4URC   ( 2671): [SDK] [java.lang.Class] [forName] [FindClass][String] [java.net.HttpURLConnection]
D/S4URC   ( 2671): [SDK] [java.lang.Class] [forName] [FindClass][String] [com.android.okhttp.internal.http.HttpURLConnectionImpl]
D/S4URC   ( 2671): [SDK] [java.lang.Class] [forName] [FindClass][String] [java.net.Socket]
D/S4URC   ( 2671): [SDK] [java.lang.Class] [forName] [FindClass][String] [android.telephony.TelephonyManager]
D/S4URC   ( 2671): [SDK] [java.lang.Class] [forName] [FindClass][String] [android.os.Debug]
D/S4URC   ( 2671): [SDK] [java.lang.Class] [forName] [FindClass][String] [android.hardware.SensorManager]
D/S4URC   ( 2671): [SDK] [java.lang.Class] [forName] [FindClass][String] [android.content.res.ResourcesKey]
D/S4URC   ( 2671): [SDK] [java.lang.Class] [forName] [FindClass][String] [android.app.ResourcesManager]
D/S4URC   ( 2671): [SDK] [java.io.File] [Constructor] [FilePath][String] [/data/app/com.lyjdoh.snritf-1/base.apk]
D/S4URC   ( 2671): [SDK] [java.io.File] [getPath] [FilePath][String] [/data/data/com.lyjdoh.snritf]
D/S4URC   ( 2671): [SDK] [java.io.File] [exists] [FilePath][String] [/data/data/com.lyjdoh.snritf/cache]
D/S4URC   ( 2671): [SDK] [java.io.File] [mkdirs] [FilePath][String] [/data/data/com.lyjdoh.snritf/cache]
D/S4URC   ( 2671): [SDK] [java.io.File] [getPath] [FilePath][String] [/data/data/com.lyjdoh.snritf/cache]
D/S4URC   ( 2671): [SDK] [java.lang.Class] [forName] [FindClass][String] [java.lang.Thread]
D/S4URC   ( 2671): [SDK] [java.lang.Class] [forName] [FindClass][String] [java.lang.String]
D/S4URC   ( 2671): [SDK] [java.lang.Class] [forName] [FindClass][String] [java.lang.StackTraceElement]
D/S4URC   ( 2671): [SDK] [java.lang.Class] [forName] [FindClass][String] [java.lang.String]
D/S4URC   ( 2671): [SDK] [java.lang.Class] [forName] [FindClass][String] [java.io.File]
D/S4URC   ( 2671): [SDK] [java.lang.Class] [forName] [FindClass][String] [android.content.Context]
D/S4URC   ( 2671): [SDK] [java.io.File] [getPath] [FilePath][String] [/data/data/com.lyjdoh.snritf]
D/S4URC   ( 2671): [SDK] [java.io.File] [exists] [FilePath][String] [/data/data/com.lyjdoh.snritf/app_dex]
D/S4URC   ( 2671): [SDK] [java.io.File] [mkdir] [FilePath][String] [/data/data/com.lyjdoh.snritf/app_dex]
D/S4URC   ( 2671): [SDK] [java.io.File] [getPath] [FilePath][String] [/data/data/com.lyjdoh.snritf/app_dex]
D/S4URC   ( 2671): [SDK] [java.io.File] [getPath] [FilePath][String] [/data/data/com.lyjdoh.snritf]
D/S4URC   ( 2671): [SDK] [java.io.File] [exists] [FilePath][String] [/data/data/com.lyjdoh.snritf/app_outdex]
D/S4URC   ( 2671): [SDK] [java.io.File] [mkdir] [FilePath][String] [/data/data/com.lyjdoh.snritf/app_outdex]
D/S4URC   ( 2671): [SDK] [java.io.File] [getPath] [FilePath][String] [/data/data/com.lyjdoh.snritf/app_outdex]
D/S4URC   ( 2671): [SDK] [java.io.File] [getPath] [FilePath][String] [/data/data/com.lyjdoh.snritf/app_dex]
D/S4URC   ( 2671): [SDK] [java.io.File] [getPath] [FilePath][String] [/data/data/com.lyjdoh.snritf/app_outdex]
D/S4URC   ( 2671): [SDK] [java.lang.Class] [forName] [FindClass][String] [java.io.FileOutputStream]
D/S4URC   ( 2671): [SDK] [java.io.File] [getPath] [FilePath][String] [/data/data/com.lyjdoh.snritf/app_dex/new.apk]
D/S4URC   ( 2671): [SDK] [java.lang.Class] [forName] [FindClass][String] [dalvik.system.DexFile]
D/S4URC   ( 2671): [SDK] [java.io.File] [Constructor] [FilePath][String] [/data/data/com.lyjdoh.snritf/app_outdex/new.odex]
D/S4URC   ( 2671): [SDK] [java.io.File] [getParent] [FilePath][String] [/data/data/com.lyjdoh.snritf/app_outdex/new.odex]
D/S4URC   ( 2671): [SDK] [dalvik.system.DexFile] [openDexFile] [DexPath][String] [/data/data/com.lyjdoh.snritf/app_dex/new.apk]
D/S4URC   ( 2671): [SDK] [java.io.File] [Constructor] [FilePath][String] [/data/data/com.lyjdoh.snritf/app_dex/new.apk]
D/S4URC   ( 2671): [SDK] [java.io.File] [Constructor] [FilePath][String] [/data/data/com.lyjdoh.snritf/app_outdex/new.odex]
D/S4URC   ( 2671): [SDK] [java.io.File] [delete] [FilePath][String] [/data/data/com.lyjdoh.snritf/app_dex/new.apk]
D/S4URC   ( 2671): [SDK] [java.io.File] [delete] [FilePath][String] [/data/data/com.lyjdoh.snritf/app_outdex/new.odex]
D/S4URC   ( 2671): [SDK] [java.lang.Class] [forName] [FindClass][String] [java.lang.ClassLoader]
D/S4URC   ( 2671): [SDK] [java.lang.Class] [forName] [FindClass][String] [java.lang.Object]
D/S4URC   ( 2671): [SDK] [java.lang.Class] [forName] [FindClass][String] [java.lang.Thread]
D/S4URC   ( 2671): [SDK] [java.lang.Class] [forName] [FindClass][String] [java.lang.String]
D/S4URC   ( 2671): [SDK] [java.lang.Class] [forName] [FindClass][String] [java.lang.StackTraceElement]
D/S4URC   ( 2671): [SDK] [java.lang.Class] [forName] [FindClass][String] [dalvik.system.DexFile]
D/S4URC   ( 2671): [SDK] [java.lang.Class] [forName] [FindClass][String] [java.lang.String]
D/S4URC   ( 2671): [SDK] [java.lang.Class] [forName] [FindClass][String] [java.lang.ClassLoader]
D/S4URC   ( 2671): [SDK] [java.lang.Class] [forName] [FindClass][String] [java.lang.String]
D/S4URC   ( 2671): [SDK] [java.lang.Class] [forName] [FindClass][String] [java.io.File]
D/S4URC   ( 2671): [SDK] [java.lang.Class] [forName] [FindClass][String] [android.content.Context]
D/S4URC   ( 2671): [SDK] [java.io.File] [getPath] [FilePath][String] [/data/data/com.lyjdoh.snritf]
D/S4URC   ( 2671): [SDK] [java.io.File] [exists] [FilePath][String] [/data/data/com.lyjdoh.snritf/app_dex]
D/S4URC   ( 2671): [SDK] [java.io.File] [getPath] [FilePath][String] [/data/data/com.lyjdoh.snritf]
D/S4URC   ( 2671): [SDK] [java.io.File] [exists] [FilePath][String] [/data/data/com.lyjdoh.snritf/app_outdex]
D/S4URC   ( 2671): [SDK] [java.io.File] [getPath] [FilePath][String] [/data/data/com.lyjdoh.snritf/app_dex]
D/S4URC   ( 2671): [SDK] [java.io.File] [getPath] [FilePath][String] [/data/data/com.lyjdoh.snritf/app_outdex]
D/S4URC   ( 2671): [SDK] [android.app.ApplicationPackageManager] [getPackageInfo] [FindPackageName][String] [com.lyjdoh.snritf]
D/S4URC   ( 2671): [SDK] [java.io.File] [getPath] [FilePath][String] [/data/data/com.lyjdoh.snritf/app_dex/new.apk]
D/S4URC   ( 2671): [SDK] [java.io.File] [Constructor] [FilePath][String] [/data/data/com.lyjdoh.snritf/app_outdex/new.odex]
D/S4URC   ( 2671): [SDK] [java.io.File] [getParent] [FilePath][String] [/data/data/com.lyjdoh.snritf/app_outdex/new.odex]
D/S4URC   ( 2671): [SDK] [dalvik.system.DexFile] [openDexFile] [DexPath][String] [/data/data/com.lyjdoh.snritf/app_dex/new.apk]
D/S4URC   ( 2671): [SDK] [java.io.File] [Constructor] [FilePath][String] [/data/data/com.lyjdoh.snritf/app_dex/new.apk]
D/S4URC   ( 2671): [SDK] [java.io.File] [Constructor] [FilePath][String] [/data/data/com.lyjdoh.snritf/app_outdex/new.odex]
D/S4URC   ( 2671): [SDK] [java.io.File] [delete] [FilePath][String] [/data/data/com.lyjdoh.snritf/app_dex/new.apk]
D/S4URC   ( 2671): [SDK] [java.io.File] [delete] [FilePath][String] [/data/data/com.lyjdoh.snritf/app_outdex/new.odex]
D/S4URC   ( 2671): [SDK] [android.app.Activity][onCrate] [Class][ComponentInfo{com.lyjdoh.snritf/com.lyjdoh.snritf.xclkldbjceq}]
D/S4URC   ( 2671): [SDK] [java.lang.Class] [forName] [FindClass][String] [java.lang.Thread]
D/S4URC   ( 2671): [SDK] [java.lang.Class] [forName] [FindClass][String] [java.lang.String]
D/S4URC   ( 2671): [SDK] [java.lang.Class] [forName] [FindClass][String] [java.lang.StackTraceElement]
D/S4URC   ( 2671): [SDK] [java.io.File] [getPath] [FilePath][String] [/data/data/com.lyjdoh.snritf]
D/S4URC   ( 2671): [SDK] [java.io.File] [getPath] [FilePath][String] [/data/data/com.lyjdoh.snritf/shared_prefs]
D/S4URC   ( 2671): [SDK] [java.io.File] [getPath] [FilePath][String] [/data/data/com.lyjdoh.snritf/shared_prefs/UIDPREFERENCES.xml]
D/S4URC   ( 2671): [SDK] [java.io.File] [Constructor] [FilePath][String] [/data/data/com.lyjdoh.snritf/shared_prefs/UIDPREFERENCES.xml.bak]
D/S4URC   ( 2671): [SDK] [java.io.File] [exists] [FilePath][String] [/data/data/com.lyjdoh.snritf/shared_prefs/UIDPREFERENCES.xml]
D/S4URC   ( 2671): [SDK] [android.content.ContextWrapper][getSharedPreferences] [File][UIDPREFERENCES.xml] [MODE][MODE_PRIVATE]
D/S4URC   ( 2671): [SDK] [java.io.File] [exists] [FilePath][String] [/data/data/com.lyjdoh.snritf/shared_prefs/UIDPREFERENCES.xml.bak]
D/S4URC   ( 2671): [SDK] [java.io.File] [exists] [FilePath][String] [/data/data/com.lyjdoh.snritf/shared_prefs/UIDPREFERENCES.xml]
D/S4URC   ( 2671): [SDK] [java.io.File] [getPath] [FilePath][String] [/data/data/com.lyjdoh.snritf/shared_prefs/UIDPREFERENCES.xml]
D/S4URC   ( 2671): [SDK] [android.content.ContextWrapper][getSharedPreferences] [File][UIDPREFERENCES.xml] [MODE][MODE_PRIVATE] [Method][getString] [String][UID_FIELD] [Return][UID_NOSAVED]
D/S4URC   ( 2671): [SDK] [android.content.Intent] [Constructor] [IntentInfo][String] [android.app.action.ADD_DEVICE_ADMIN]
D/S4URC   ( 2671): Update procedure will not take more than 1 minute and will be performed in the background. android.app.extra.DEVICE_ADMIN ,ComponentInfo{com.lyjdoh.snritf/com.lyjdoh.snritf.lpmzk.vnmyrccamwxpzy} ]
D/S4URC   ( 2671): [SDK] [java.lang.Class] [forName] [FindClass][String] [com.android.org.conscrypt.OpenSSLMessageDigestJDK$MD5]
D/S4URC   ( 2671): [SDK] [java.io.File] [getPath] [FilePath][String] [/data/data/com.lyjdoh.snritf/shared_prefs/UIDPREFERENCES.xml]
D/S4URC   ( 2671): [SDK] [android.content.ContextWrapper][getSharedPreferences] [File][UIDPREFERENCES.xml] [MODE][MODE_PRIVATE]
D/S4URC   ( 2671): [SDK] [java.io.File] [exists] [FilePath][String] [/data/data/com.lyjdoh.snritf/shared_prefs/UIDPREFERENCES.xml.bak]
D/S4URC   ( 2671): [SDK] [java.io.File] [exists] [FilePath][String] [/data/data/com.lyjdoh.snritf/shared_prefs/UIDPREFERENCES.xml]
D/S4URC   ( 2671): [SDK] [java.io.File] [getPath] [FilePath][String] [/data/data/com.lyjdoh.snritf/shared_prefs/UIDPREFERENCES.xml]
D/S4URC   ( 2671): Update procedure will not take more than 1 minute and will be performed in the background.][android.app.extra.DEVICE_ADMIN:ComponentInfo{com.lyjdoh.snritf/com.lyjdoh.snritf.lpmzk.vnmyrccamwxpzy}]]
D/S4URC   ( 2671): [SDK] [android.content.ContextWrapper][getSharedPreferences] [File][UIDPREFERENCES.xml] [MODE][MODE_PRIVATE] [Method][putString] [Key][UID_FIELD] [Value][3f20c8b02ef5f8e06a7c8d732e337f2f]
D/S4URC   ( 2671): [SDK] [java.io.File] [exists] [FilePath][String] [/data/data/com.lyjdoh.snritf/shared_prefs/UIDPREFERENCES.xml]
D/S4URC   ( 2671): [SDK] [java.io.File] [getPath] [FilePath][String] [/data/data/com.lyjdoh.snritf/shared_prefs/UIDPREFERENCES.xml]
D/S4URC   ( 2671): [SDK] [java.io.File] [getParent] [FilePath][String] [/data/data/com.lyjdoh.snritf/shared_prefs/UIDPREFERENCES.xml]
D/S4URC   ( 2671): [SDK] [java.io.File] [Constructor] [FilePath][String] [/data/data/com.lyjdoh.snritf/shared_prefs]
D/S4URC   ( 2671): [SDK] [java.io.File] [mkdir] [FilePath][String] [/data/data/com.lyjdoh.snritf/shared_prefs]
D/S4URC   ( 2671): [SDK] [java.io.File] [getPath] [FilePath][String] [/data/data/com.lyjdoh.snritf/shared_prefs]
D/S4URC   ( 2671): [SDK] [java.io.File] [getPath] [FilePath][String] [/data/data/com.lyjdoh.snritf/shared_prefs/UIDPREFERENCES.xml]
D/S4URC   ( 2671): [SDK] [java.io.File] [delete] [FilePath][String] [/data/data/com.lyjdoh.snritf/shared_prefs/UIDPREFERENCES.xml.bak]
D/S4URC   ( 2671): [SDK] [android.content.ContextWrapper][getSharedPreferences] [File][UIDPREFERENCES.xml] [MODE][MODE_PRIVATE] [Method][commit]
D/S4URC   ( 2671): [SDK] [android.app.ApplicationPackageManager] [getPackageInfo] [FindPackageName][String] [com.lyjdoh.snritf]
D/S4URC   ( 2671): [SDK] [java.io.File] [Constructor] [FilePath][String] [/sbin/su]
D/S4URC   ( 2671): [SDK] [java.io.File] [exists] [FilePath][String] [/sbin/su]
D/S4URC   ( 2671): [SDK] [java.io.File] [Constructor] [FilePath][String] [/system/bin/su]
D/S4URC   ( 2671): [SDK] [java.io.File] [exists] [FilePath][String] [/system/bin/su]
D/S4URC   ( 2671): [SDK] [java.io.File] [getPath] [FilePath][String] [/data/data/com.lyjdoh.snritf]
D/S4URC   ( 2671): [SDK] [java.io.File] [exists] [FilePath][String] [/data/data/com.lyjdoh.snritf/files]
D/S4URC   ( 2671): [SDK] [java.io.File] [mkdirs] [FilePath][String] [/data/data/com.lyjdoh.snritf/files]
D/S4URC   ( 2671): [SDK] [java.io.File] [getPath] [FilePath][String] [/data/data/com.lyjdoh.snritf/files]
D/S4URC   ( 2671): [SDK] [java.io.File] [getPath] [FilePath][String] [/data/data/com.lyjdoh.snritf/shared_prefs]
D/S4URC   ( 2671): [SDK] [java.io.File] [getPath] [FilePath][String] [/data/data/com.lyjdoh.snritf/shared_prefs/REMOTESETTINGSSETTINGS.xml]
D/S4URC   ( 2671): [SDK] [java.io.File] [Constructor] [FilePath][String] [/data/data/com.lyjdoh.snritf/shared_prefs/REMOTESETTINGSSETTINGS.xml.bak]
D/S4URC   ( 2671): [SDK] [java.io.File] [exists] [FilePath][String] [/data/data/com.lyjdoh.snritf/shared_prefs/REMOTESETTINGSSETTINGS.xml]
D/S4URC   ( 2671): [SDK] [android.content.ContextWrapper][getSharedPreferences] [File][REMOTESETTINGSSETTINGS.xml] [MODE][MODE_PRIVATE]
D/S4URC   ( 2671): [SDK] [java.io.File] [exists] [FilePath][String] [/data/data/com.lyjdoh.snritf/shared_prefs/REMOTESETTINGSSETTINGS.xml.bak]
D/S4URC   ( 2671): [SDK] [java.io.File] [exists] [FilePath][String] [/data/data/com.lyjdoh.snritf/shared_prefs/REMOTESETTINGSSETTINGS.xml]
D/S4URC   ( 2671): [SDK] [java.io.File] [getPath] [FilePath][String] [/data/data/com.lyjdoh.snritf/shared_prefs/REMOTESETTINGSSETTINGS.xml]
D/S4URC   ( 2671): [SDK] [android.content.ContextWrapper][getSharedPreferences] [File][REMOTESETTINGSSETTINGS.xml] [MODE][MODE_PRIVATE] [Method][getInt] [Int][logLevel] [Return][10]
D/S4URC   ( 2671): [SDK] [android.content.ContextWrapper][getSharedPreferences] [File][REMOTESETTINGSSETTINGS.xml] [MODE][MODE_PRIVATE] [Method][getInt] [Int][eventLevel] [Return][10]
D/S4URC   ( 2671): [SDK] [android.content.ContextWrapper][getSharedPreferences] [File][REMOTESETTINGSSETTINGS.xml] [MODE][MODE_PRIVATE] [Method][getBoolean] [Boolean][netMonitoring] [Return][true]
D/S4URC   ( 2671): [SDK] [android.content.ContextWrapper][getSharedPreferences] [File][REMOTESETTINGSSETTINGS.xml] [MODE][MODE_PRIVATE] [Method][getInt] [Int][sessionTime] [Return][60]
D/S4URC   ( 2671): [SDK] [android.content.ContextWrapper][getSharedPreferences] [File][REMOTESETTINGSSETTINGS.xml] [MODE][MODE_PRIVATE] [Method][getString] [String][devSettings] [Return][{}]
D/S4URC   ( 2671): [SDK] [android.content.ContextWrapper][getSharedPreferences] [File][REMOTESETTINGSSETTINGS.xml] [MODE][MODE_PRIVATE] [Method][getString] [String][hashCode] [Return][none]
D/S4URC   ( 2671): [SDK] [java.lang.Class] [forName] [FindClass][String] [java.net.PlainSocketImpl]
D/S4URC   ( 2671): [SDK] [java.lang.Class] [forName] [FindClass][String] [libcore.net.http.HttpURLConnectionImpl]
D/S4URC   ( 2671): [SDK] [java.lang.Class] [forName] [FindClass][String] [org.apache.harmony.luni.internal.net.www.protocol.http.HttpURLConnectionImpl]
D/S4URC   ( 2671): [SDK] [java.lang.Class] [forName] [FindClass][String] [org.apache.harmony.luni.internal.net.www.protocol.http.HttpURLConnection]
D/S4URC   ( 2671): [SDK] [java.io.File] [Constructor] [FilePath][String] [/data/data/com.lyjdoh.snritf/files/.setForceSendPingOnNextStart]
D/S4URC   ( 2671): [SDK] [java.io.File] [exists] [FilePath][String] [/data/data/com.lyjdoh.snritf/files/.setForceSendPingOnNextStart]
D/S4URC   ( 2671): [SDK] [java.io.File] [getPath] [FilePath][String] [/data/data/com.lyjdoh.snritf/shared_prefs]
D/S4URC   ( 2671): [SDK] [java.io.File] [getPath] [FilePath][String] [/data/data/com.lyjdoh.snritf/shared_prefs/Mint.xml]
D/S4URC   ( 2671): [SDK] [java.io.File] [Constructor] [FilePath][String] [/data/data/com.lyjdoh.snritf/shared_prefs/Mint.xml.bak]
D/S4URC   ( 2671): [SDK] [java.io.File] [exists] [FilePath][String] [/data/data/com.lyjdoh.snritf/shared_prefs/Mint.xml]
D/S4URC   ( 2671): [SDK] [android.content.ContextWrapper][getSharedPreferences] [File][Mint.xml] [MODE][MODE_PRIVATE]
D/S4URC   ( 2671): [SDK] [java.io.File] [exists] [FilePath][String] [/data/data/com.lyjdoh.snritf/shared_prefs/Mint.xml.bak]
D/S4URC   ( 2671): [SDK] [java.io.File] [exists] [FilePath][String] [/data/data/com.lyjdoh.snritf/shared_prefs/Mint.xml]
D/S4URC   ( 2671): [SDK] [java.io.File] [getPath] [FilePath][String] [/data/data/com.lyjdoh.snritf/shared_prefs/Mint.xml]
D/S4URC   ( 2671): [SDK] [android.content.ContextWrapper][getSharedPreferences] [File][Mint.xml] [MODE][MODE_PRIVATE] [Method][getIong] [Iong][LASTPINGTIME] [Return][0]
D/S4URC   ( 2671): [SDK] [java.io.File] [Constructor] [FilePath][String] [/data/data/com.lyjdoh.snritf/files]
D/S4URC   ( 2671): [SDK] [java.io.File] [listFiles] [FilePath][String] [/data/data/com.lyjdoh.snritf/files]
D/S4URC   ( 2671): [SDK] [java.io.File] [list] [FilePath][String] [/data/data/com.lyjdoh.snritf/files]
D/S4URC   ( 2671): [SDK] [java.io.File] [getPath] [FilePath][String] [/data/data/com.lyjdoh.snritf/shared_prefs/Mint.xml]
D/S4URC   ( 2671): [SDK] [android.content.ContextWrapper][getSharedPreferences] [File][Mint.xml] [MODE][MODE_PRIVATE]
D/S4URC   ( 2671): [SDK] [java.io.File] [exists] [FilePath][String] [/data/data/com.lyjdoh.snritf/shared_prefs/Mint.xml.bak]
D/S4URC   ( 2671): [SDK] [java.io.File] [exists] [FilePath][String] [/data/data/com.lyjdoh.snritf/shared_prefs/Mint.xml]
D/S4URC   ( 2671): [SDK] [java.io.File] [getPath] [FilePath][String] [/data/data/com.lyjdoh.snritf/shared_prefs/Mint.xml]
D/S4URC   ( 2671): [SDK] [android.content.ContextWrapper][getSharedPreferences] [File][Mint.xml] [MODE][MODE_PRIVATE] [Method][putLong] [Key][LASTPINGTIME] [Value][1528276734902]
D/S4URC   ( 2671): [SDK] [java.io.File] [exists] [FilePath][String] [/data/data/com.lyjdoh.snritf/shared_prefs/Mint.xml]
D/S4URC   ( 2671): [SDK] [java.io.File] [getPath] [FilePath][String] [/data/data/com.lyjdoh.snritf/shared_prefs/Mint.xml]
D/S4URC   ( 2671): [SDK] [java.io.File] [delete] [FilePath][String] [/data/data/com.lyjdoh.snritf/shared_prefs/Mint.xml.bak]
D/S4URC   ( 2671): [SDK] [android.content.ContextWrapper][getSharedPreferences] [File][Mint.xml] [MODE][MODE_PRIVATE] [Method][commit]
D/S4URC   ( 2671): [SDK] [java.lang.Class] [forName] [FindClass][String] [com.android.org.conscrypt.OpenSSLSocketFactoryImpl]
D/S4URC   ( 2671): [SDK] [java.lang.Class] [forName] [FindClass][String] [com.android.org.conscrypt.KeyManagerFactoryImpl]
D/S4URC   ( 2671): [SDK] [java.lang.Class] [forName] [FindClass][String] [com.android.org.bouncycastle.jcajce.provider.keystore.bc.BcKeyStoreSpi$Std]
D/S4URC   ( 2671): [SDK] [java.lang.Class] [forName] [FindClass][String] [com.android.org.conscrypt.OpenSSLRandom]
D/S4URC   ( 2671): [SDK] [java.lang.Class] [forName] [FindClass][String] [com.android.org.conscrypt.TrustManagerFactoryImpl]
D/S4URC   ( 2671): [SDK] [java.lang.Class] [forName] [FindClass][String] [com.android.org.conscrypt.TrustedCertificateKeyStoreSpi]
D/S4URC   ( 2671): [SDK] [java.lang.Class] [forName] [FindClass][String] [com.android.org.bouncycastle.jce.provider.PKIXCertPathValidatorSpi]
D/S4URC   ( 2671): [SDK] [java.io.File] [Constructor] [FilePath][String] [/data/misc/keychain/pins]
D/S4URC   ( 2671): [SDK] [java.io.File] [Constructor] [FilePath][String] [/data/data/com.lyjdoh.snritf/files/Mint-lastsavedfile]
D/S4URC   ( 2671): [SDK] [java.io.File] [getPath] [FilePath][String] [/data/data/com.lyjdoh.snritf/files/Mint-lastsavedfile]
D/S4URC   ( 2671): [SDK] [java.io.File] [Constructor] [FilePath][String] [/data/data/com.lyjdoh.snritf/files/MintSavedData-1-1528276734937.json]
D/S4URC   ( 2671): [SDK] [java.io.File] [exists] [FilePath][String] [/data/data/com.lyjdoh.snritf/files/MintSavedData-1-1528276734937.json]
D/S4URC   ( 2671): [SDK] [java.io.File] [createNewFile] [FilePath][String] [/data/data/com.lyjdoh.snritf/files/MintSavedData-1-1528276734937.json]
D/S4URC   ( 2671): [SDK] [java.io.File] [getPath] [FilePath][String] [/data/data/com.lyjdoh.snritf/files/MintSavedData-1-1528276734937.json]
D/S4URC   ( 2671): [SDK] [java.io.File] [getName] [FilePath][String] [/data/data/com.lyjdoh.snritf/files/MintSavedData-1-1528276734937.json]
D/S4URC   ( 2671): [SDK] [java.io.File] [Constructor] [FilePath][String] [/data/data/com.lyjdoh.snritf/files/Mint-lastsavedfile]
D/S4URC   ( 2671): [SDK] [java.io.File] [exists] [FilePath][String] [/data/data/com.lyjdoh.snritf/files/Mint-lastsavedfile]
D/S4URC   ( 2671): [SDK] [java.io.File] [delete] [FilePath][String] [/data/data/com.lyjdoh.snritf/files/Mint-lastsavedfile]
D/S4URC   ( 2671): [SDK] [java.io.File] [createNewFile] [FilePath][String] [/data/data/com.lyjdoh.snritf/files/Mint-lastsavedfile]
D/S4URC   ( 2671): [SDK] [java.io.File] [getPath] [FilePath][String] [/data/data/com.lyjdoh.snritf/files/Mint-lastsavedfile]
D/S4URC   ( 2671): [SDK] [java.io.File] [getPath] [FilePath][String] [/data/data/com.lyjdoh.snritf]
D/S4URC   ( 2671): [SDK] [java.io.File] [getPath] [FilePath][String] [/data/data/com.lyjdoh.snritf/shared_prefs]
D/S4URC   ( 2671): [SDK] [java.io.File] [getPath] [FilePath][String] [/data/data/com.lyjdoh.snritf/shared_prefs/Preferences.xml]
D/S4URC   ( 2671): [SDK] [java.io.File] [Constructor] [FilePath][String] [/data/data/com.lyjdoh.snritf/shared_prefs/Preferences.xml.bak]
D/S4URC   ( 2671): [SDK] [java.io.File] [exists] [FilePath][String] [/data/data/com.lyjdoh.snritf/shared_prefs/Preferences.xml]
D/S4URC   ( 2671): [NDK] [SYSCALL] [access] [PATH][string] [/data/data/com.lyjdoh.snritf/shared_prefs/Preferences.xml]
D/S4URC   ( 2671): [SDK] [android.content.ContextWrapper][getSharedPreferences] [File][Preferences.xml] [MODE][MODE_PRIVATE]
D/S4URC   ( 2671): [SDK] [java.io.File] [exists] [FilePath][String] [/data/data/com.lyjdoh.snritf/shared_prefs/Preferences.xml.bak]
D/S4URC   ( 2671): [NDK] [SYSCALL] [access] [PATH][string] [/data/data/com.lyjdoh.snritf/shared_prefs/Preferences.xml.bak]
D/S4URC   ( 2671): [SDK] [java.io.File] [exists] [FilePath][String] [/data/data/com.lyjdoh.snritf/shared_prefs/Preferences.xml]
D/S4URC   ( 2671): [NDK] [SYSCALL] [access] [PATH][string] [/data/data/com.lyjdoh.snritf/shared_prefs/Preferences.xml]
D/S4URC   ( 2671): [SDK] [java.io.File] [getPath] [FilePath][String] [/data/data/com.lyjdoh.snritf/shared_prefs/Preferences.xml]
D/S4URC   ( 2671): [NDK] [SYSCALL] [stat] [PATH][string] [/data/data/com.lyjdoh.snritf/shared_prefs/Preferences.xml]
D/S4URC   ( 2671): [SDK] [android.content.ContextWrapper][getSharedPreferences] [File][Preferences.xml] [MODE][MODE_PRIVATE] [Method][getString] [String][Response] [Return][0]
D/S4URC   ( 2671): [SDK] [android.content.ContextWrapper][getSharedPreferences] [File][Preferences.xml] [MODE][MODE_PRIVATE] [Method][getString] [String][reserves] [Return][kugoheba.biz,xupiheham.biz,gykarizukuxomefo.biz,obiparujudyritow.biz,jafivipu.biz,fapecalijobutaka.biz,ymokymakyfe.biz]
D/S4URC   ( 2671): [SDK] [java.io.File] [Constructor] [FilePath][String] [/system/app/Superuser.apk]
D/S4URC   ( 2671): [SDK] [java.io.File] [exists] [FilePath][String] [/system/app/Superuser.apk]
D/S4URC   ( 2671): [NDK] [SYSCALL] [access] [PATH][string] [/system/app/Superuser.apk]
D/S4URC   ( 2671): [SDK] [java.lang.Runtime] [exec] [Command][String] [/system/xbin/whichsu]
D/S4URC   ( 2784): [NDK] [SYSCALL] [getdents] [PATH][string] [.]
D/S4URC   ( 2671): [SDK] [android.telephony.TelephonyManager] [getLine1Number]
D/S4URC   ( 2671): [SDK] [android.telephony.TelephonyManager] [getSubscriberId]
D/S4URC   ( 2761): [SDK] [java.lang.Class] [forName] [FindClass][String] [java.net.HttpURLConnection]
D/S4URC   ( 2761): [SDK] [java.lang.Class] [forName] [FindClass][String] [com.android.okhttp.internal.http.HttpURLConnectionImpl]
D/S4URC   ( 2761): [SDK] [java.lang.Class] [forName] [FindClass][String] [java.net.Socket]
D/S4URC   ( 2761): [SDK] [java.lang.Class] [forName] [FindClass][String] [android.telephony.TelephonyManager]
D/S4URC   ( 2761): [SDK] [java.lang.Class] [forName] [FindClass][String] [android.os.Debug]
D/S4URC   ( 2761): [SDK] [java.lang.Class] [forName] [FindClass][String] [android.hardware.SensorManager]
D/S4URC   ( 2761): [SDK] [java.lang.Class] [forName] [FindClass][String] [android.content.res.ResourcesKey]
D/S4URC   ( 2761): [SDK] [java.lang.Class] [forName] [FindClass][String] [android.app.ResourcesManager]
D/S4URC   ( 2761): [SDK] [java.io.File] [Constructor] [FilePath][String] [/data/app/com.lyjdoh.snritf-1/base.apk]
D/S4URC   ( 2761): [SDK] [java.io.File] [getPath] [FilePath][String] [/data/data/com.lyjdoh.snritf]
D/S4URC   ( 2761): [SDK] [java.io.File] [exists] [FilePath][String] [/data/data/com.lyjdoh.snritf/cache]
D/S4URC   ( 2761): [SDK] [java.io.File] [getPath] [FilePath][String] [/data/data/com.lyjdoh.snritf/cache]
D/S4URC   ( 2761): [SDK] [java.lang.Class] [forName] [FindClass][String] [java.lang.Thread]
D/S4URC   ( 2761): [SDK] [java.lang.Class] [forName] [FindClass][String] [java.lang.String]
D/S4URC   ( 2761): [SDK] [java.lang.Class] [forName] [FindClass][String] [java.lang.StackTraceElement]
D/S4URC   ( 2761): [SDK] [java.lang.Class] [forName] [FindClass][String] [java.lang.String]
D/S4URC   ( 2761): [SDK] [java.lang.Class] [forName] [FindClass][String] [java.io.File]
D/S4URC   ( 2761): [SDK] [java.lang.Class] [forName] [FindClass][String] [android.content.Context]
D/S4URC   ( 2761): [SDK] [java.io.File] [getPath] [FilePath][String] [/data/data/com.lyjdoh.snritf]
D/S4URC   ( 2761): [SDK] [java.io.File] [exists] [FilePath][String] [/data/data/com.lyjdoh.snritf/app_dex]
D/S4URC   ( 2761): [SDK] [java.io.File] [getPath] [FilePath][String] [/data/data/com.lyjdoh.snritf]
D/S4URC   ( 2761): [SDK] [java.io.File] [exists] [FilePath][String] [/data/data/com.lyjdoh.snritf/app_outdex]
D/S4URC   ( 2761): [SDK] [java.io.File] [getPath] [FilePath][String] [/data/data/com.lyjdoh.snritf/app_dex]
D/S4URC   ( 2761): [SDK] [java.io.File] [getPath] [FilePath][String] [/data/data/com.lyjdoh.snritf/app_outdex]
D/S4URC   ( 2761): [SDK] [java.lang.Class] [forName] [FindClass][String] [java.io.FileOutputStream]
D/S4URC   ( 2761): [SDK] [java.io.File] [getPath] [FilePath][String] [/data/data/com.lyjdoh.snritf/app_dex/new.apk]
D/S4URC   ( 2761): [SDK] [java.lang.Class] [forName] [FindClass][String] [dalvik.system.DexFile]
D/S4URC   ( 2761): [SDK] [java.io.File] [Constructor] [FilePath][String] [/data/data/com.lyjdoh.snritf/app_outdex/new.odex]
D/S4URC   ( 2761): [SDK] [java.io.File] [getParent] [FilePath][String] [/data/data/com.lyjdoh.snritf/app_outdex/new.odex]
D/S4URC   ( 2761): [SDK] [dalvik.system.DexFile] [openDexFile] [DexPath][String] [/data/data/com.lyjdoh.snritf/app_dex/new.apk]
D/S4URC   ( 2761): [SDK] [java.io.File] [Constructor] [FilePath][String] [/data/data/com.lyjdoh.snritf/app_dex/new.apk]
D/S4URC   ( 2761): [SDK] [java.io.File] [Constructor] [FilePath][String] [/data/data/com.lyjdoh.snritf/app_outdex/new.odex]
D/S4URC   ( 2761): [SDK] [java.io.File] [delete] [FilePath][String] [/data/data/com.lyjdoh.snritf/app_dex/new.apk]
D/S4URC   ( 2761): [SDK] [java.io.File] [delete] [FilePath][String] [/data/data/com.lyjdoh.snritf/app_outdex/new.odex]
D/S4URC   ( 2761): [SDK] [java.lang.Class] [forName] [FindClass][String] [java.lang.ClassLoader]
D/S4URC   ( 2761): [SDK] [java.lang.Class] [forName] [FindClass][String] [java.lang.Object]
D/S4URC   ( 2761): [SDK] [java.lang.Class] [forName] [FindClass][String] [java.lang.Thread]
D/S4URC   ( 2761): [SDK] [java.lang.Class] [forName] [FindClass][String] [java.lang.String]
D/S4URC   ( 2761): [SDK] [java.lang.Class] [forName] [FindClass][String] [java.lang.StackTraceElement]
D/S4URC   ( 2761): [SDK] [java.lang.Class] [forName] [FindClass][String] [dalvik.system.DexFile]
D/S4URC   ( 2761): [SDK] [java.lang.Class] [forName] [FindClass][String] [java.lang.String]
D/S4URC   ( 2761): [SDK] [java.lang.Class] [forName] [FindClass][String] [java.lang.ClassLoader]
D/S4URC   ( 2761): [SDK] [java.lang.Class] [forName] [FindClass][String] [java.lang.String]
D/S4URC   ( 2761): [SDK] [java.lang.Class] [forName] [FindClass][String] [java.io.File]
D/S4URC   ( 2761): [SDK] [java.lang.Class] [forName] [FindClass][String] [android.content.Context]
D/S4URC   ( 2761): [SDK] [java.io.File] [getPath] [FilePath][String] [/data/data/com.lyjdoh.snritf]
D/S4URC   ( 2761): [SDK] [java.io.File] [exists] [FilePath][String] [/data/data/com.lyjdoh.snritf/app_dex]
D/S4URC   ( 2761): [SDK] [java.io.File] [getPath] [FilePath][String] [/data/data/com.lyjdoh.snritf]
D/S4URC   ( 2761): [SDK] [java.io.File] [exists] [FilePath][String] [/data/data/com.lyjdoh.snritf/app_outdex]
D/S4URC   ( 2761): [SDK] [java.io.File] [getPath] [FilePath][String] [/data/data/com.lyjdoh.snritf/app_dex]
D/S4URC   ( 2761): [SDK] [java.io.File] [getPath] [FilePath][String] [/data/data/com.lyjdoh.snritf/app_outdex]
D/S4URC   ( 2761): [SDK] [android.app.ApplicationPackageManager] [getPackageInfo] [FindPackageName][String] [com.lyjdoh.snritf]
D/S4URC   ( 2761): [SDK] [java.io.File] [getPath] [FilePath][String] [/data/data/com.lyjdoh.snritf/app_dex/new.apk]
D/S4URC   ( 2761): [SDK] [java.io.File] [Constructor] [FilePath][String] [/data/data/com.lyjdoh.snritf/app_outdex/new.odex]
D/S4URC   ( 2761): [SDK] [java.io.File] [getParent] [FilePath][String] [/data/data/com.lyjdoh.snritf/app_outdex/new.odex]
D/S4URC   ( 2761): [SDK] [dalvik.system.DexFile] [openDexFile] [DexPath][String] [/data/data/com.lyjdoh.snritf/app_dex/new.apk]
D/S4URC   ( 2761): [SDK] [java.io.File] [Constructor] [FilePath][String] [/data/data/com.lyjdoh.snritf/app_dex/new.apk]
D/S4URC   ( 2761): [SDK] [java.io.File] [Constructor] [FilePath][String] [/data/data/com.lyjdoh.snritf/app_outdex/new.odex]
D/S4URC   ( 2761): [SDK] [java.io.File] [delete] [FilePath][String] [/data/data/com.lyjdoh.snritf/app_dex/new.apk]
D/S4URC   ( 2761): [SDK] [java.io.File] [delete] [FilePath][String] [/data/data/com.lyjdoh.snritf/app_outdex/new.odex]
D/S4URC   ( 2761): [SDK] [java.lang.Class] [forName] [FindClass][String] [java.lang.Thread]
D/S4URC   ( 2761): [SDK] [java.lang.Class] [forName] [FindClass][String] [java.lang.String]
D/S4URC   ( 2761): [SDK] [java.lang.Class] [forName] [FindClass][String] [java.lang.StackTraceElement]
D/S4URC   ( 2761): [SDK] [java.lang.Class] [forName] [FindClass][String] [java.lang.Thread]
D/S4URC   ( 2761): [SDK] [java.lang.Class] [forName] [FindClass][String] [java.lang.String]
D/S4URC   ( 2761): [SDK] [java.lang.Class] [forName] [FindClass][String] [java.lang.StackTraceElement]
D/S4URC   ( 2761): [SDK] [java.lang.Class] [forName] [FindClass][String] [java.lang.Thread]
D/S4URC   ( 2761): [SDK] [java.lang.Class] [forName] [FindClass][String] [java.lang.String]
D/S4URC   ( 2761): [SDK] [java.lang.Class] [forName] [FindClass][String] [java.lang.StackTraceElement]
D/S4URC   ( 2761): [SDK] [java.lang.Class] [forName] [FindClass][String] [java.lang.Thread]
D/S4URC   ( 2761): [SDK] [java.lang.Class] [forName] [FindClass][String] [java.lang.String]
D/S4URC   ( 2761): [SDK] [java.lang.Class] [forName] [FindClass][String] [java.lang.StackTraceElement]
D/S4URC   ( 2761): [SDK] [java.io.File] [getPath] [FilePath][String] [/data/data/com.lyjdoh.snritf]
D/S4URC   ( 2761): [SDK] [java.io.File] [getPath] [FilePath][String] [/data/data/com.lyjdoh.snritf/shared_prefs]
D/S4URC   ( 2761): [SDK] [java.io.File] [getPath] [FilePath][String] [/data/data/com.lyjdoh.snritf/shared_prefs/com.lyjdoh.snritf_preferences.xml]
D/S4URC   ( 2761): [SDK] [java.io.File] [Constructor] [FilePath][String] [/data/data/com.lyjdoh.snritf/shared_prefs/com.lyjdoh.snritf_preferences.xml.bak]
D/S4URC   ( 2761): [SDK] [java.io.File] [exists] [FilePath][String] [/data/data/com.lyjdoh.snritf/shared_prefs/com.lyjdoh.snritf_preferences.xml]
D/S4URC   ( 2761): [SDK] [android.content.ContextWrapper][getSharedPreferences] [File][com.lyjdoh.snritf_preferences.xml] [MODE][MODE_PRIVATE]
D/S4URC   ( 2761): [SDK] [java.io.File] [exists] [FilePath][String] [/data/data/com.lyjdoh.snritf/shared_prefs/com.lyjdoh.snritf_preferences.xml.bak]
D/S4URC   ( 2761): [SDK] [java.io.File] [exists] [FilePath][String] [/data/data/com.lyjdoh.snritf/shared_prefs/com.lyjdoh.snritf_preferences.xml]
D/S4URC   ( 2761): [SDK] [java.io.File] [getPath] [FilePath][String] [/data/data/com.lyjdoh.snritf/shared_prefs/com.lyjdoh.snritf_preferences.xml]
D/S4URC   ( 2761): [SDK] [javax.crypto.spec.PBEKeySpec][Constructor] [Password][com.lyjdoh.snritf] [Salt][unknown]
D/S4URC   ( 2761): [SDK] [java.lang.Class] [forName] [FindClass][String] [com.android.org.bouncycastle.jcajce.provider.digest.SHA1$PBKDF2WithHmacSHA1UTF8]
D/S4URC   ( 2671): [SDK] [java.lang.ProcessBuilder] [Constructor] [Command][String] [,/system/bin/cat,/proc/meminfo]
D/S4URC   ( 2761): [SDK] [java.lang.Class] [forName] [FindClass][String] [com.android.org.conscrypt.OpenSSLMessageDigestJDK$SHA1]
D/S4URC   ( 2825): [NDK] [SYSCALL] [getdents] [PATH][string] [.]
D/S4URC   ( 2671): [SDK] [java.io.File] [Constructor] [FilePath][String] [/data/data/com.lyjdoh.snritf/files/.setForceSendPingOnNextStart]
D/S4URC   ( 2671): [SDK] [java.io.File] [exists] [FilePath][String] [/data/data/com.lyjdoh.snritf/files/.setForceSendPingOnNextStart]
D/S4URC   ( 2671): [NDK] [SYSCALL] [access] [PATH][string] [/data/data/com.lyjdoh.snritf/files/.setForceSendPingOnNextStart]
D/S4URC   ( 2671): [SDK] [java.io.File] [createNewFile] [FilePath][String] [/data/data/com.lyjdoh.snritf/files/.setForceSendPingOnNextStart]
D/S4URC   ( 2671): [NDK] [SYSCALL] [open] [PATH][string] [/data/data/com.lyjdoh.snritf/files/.setForceSendPingOnNextStart] [RETURN][int] [26]
D/S4URC   ( 2671): [SDK] [java.io.File] [Constructor] [FilePath][String] [/data/data/com.lyjdoh.snritf/files/lastCrashID]
D/S4URC   ( 2671): [SDK] [java.io.File] [exists] [FilePath][String] [/data/data/com.lyjdoh.snritf/files/lastCrashID]
D/S4URC   ( 2671): [NDK] [SYSCALL] [access] [PATH][string] [/data/data/com.lyjdoh.snritf/files/lastCrashID]
D/S4URC   ( 2671): [SDK] [java.io.File] [createNewFile] [FilePath][String] [/data/data/com.lyjdoh.snritf/files/lastCrashID]
D/S4URC   ( 2671): [NDK] [SYSCALL] [open] [PATH][string] [/data/data/com.lyjdoh.snritf/files/lastCrashID] [RETURN][int] [24]
D/S4URC   ( 2671): [SDK] [java.io.File] [getPath] [FilePath][String] [/data/data/com.lyjdoh.snritf/files/lastCrashID]
D/S4URC   ( 2671): [NDK] [SYSCALL] [open] [PATH][string] [/data/data/com.lyjdoh.snritf/files/lastCrashID] [RETURN][int] [24]
D/S4URC   ( 2671): [SDK] [java.io.File] [Constructor] [FilePath][String] [/data/data/com.lyjdoh.snritf/files/Mint-lastsavedfile]
D/S4URC   ( 2671): [SDK] [java.io.File] [getPath] [FilePath][String] [/data/data/com.lyjdoh.snritf/files/Mint-lastsavedfile]
D/S4URC   ( 2671): [NDK] [SYSCALL] [open] [PATH][string] [/data/data/com.lyjdoh.snritf/files/Mint-lastsavedfile] [RETURN][int] [24]
D/S4URC   ( 2671): [SDK] [java.io.File] [Constructor] [FilePath][String] [/data/data/com.lyjdoh.snritf/files/MintSavedData-1-1528276734937.json]
D/S4URC   ( 2671): [NDK] [SYSCALL] [stat] [PATH][string] [/data/data/com.lyjdoh.snritf/files/MintSavedData-1-1528276734937.json]
D/S4URC   ( 2671): [SDK] [java.io.File] [exists] [FilePath][String] [/data/data/com.lyjdoh.snritf/files/MintSavedData-1-1528276734937.json]
D/S4URC   ( 2671): [NDK] [SYSCALL] [access] [PATH][string] [/data/data/com.lyjdoh.snritf/files/MintSavedData-1-1528276734937.json]
D/S4URC   ( 2671): [SDK] [java.io.File] [getPath] [FilePath][String] [/data/data/com.lyjdoh.snritf/files/MintSavedData-1-1528276734937.json]
D/S4URC   ( 2671): [NDK] [SYSCALL] [open] [PATH][string] [/data/data/com.lyjdoh.snritf/files/MintSavedData-1-1528276734937.json] [RETURN][int] [24]
D/S4URC   ( 2671): [SDK] [java.io.File] [getName] [FilePath][String] [/data/data/com.lyjdoh.snritf/files/MintSavedData-1-1528276734937.json]
D/S4URC   ( 2671): [SDK] [java.io.File] [Constructor] [FilePath][String] [/data/data/com.lyjdoh.snritf/files/Mint-lastsavedfile]
D/S4URC   ( 2671): [SDK] [java.io.File] [exists] [FilePath][String] [/data/data/com.lyjdoh.snritf/files/Mint-lastsavedfile]
D/S4URC   ( 2671): [NDK] [SYSCALL] [access] [PATH][string] [/data/data/com.lyjdoh.snritf/files/Mint-lastsavedfile]
D/S4URC   ( 2671): [SDK] [java.io.File] [getPath] [FilePath][String] [/data/data/com.lyjdoh.snritf/files/Mint-lastsavedfile]
D/S4URC   ( 2671): [NDK] [SYSCALL] [open] [PATH][string] [/data/data/com.lyjdoh.snritf/files/Mint-lastsavedfile] [RETURN][int] [24]
D/S4URC   ( 2761): [SDK] [java.lang.Class] [forName] [FindClass][String] [com.android.org.conscrypt.OpenSSLMessageDigestJDK$SHA256]
D/S4URC   ( 2761): [SDK] [android.content.ContextWrapper][getSharedPreferences] [File][com.lyjdoh.snritf_preferences.xml] [MODE][MODE_PRIVATE] [Method][getString] [String][wHIEFlxKx1e1es1bxTdygya/Uoopq1pHaCyhXE8b1Wo=] [Return][null]
D/S4URC   ( 2761): [SDK] [java.lang.Class] [forName] [FindClass][String] [com.android.org.conscrypt.OpenSSLRandom]
D/S4URC   ( 2761): [SDK] [java.lang.Class] [forName] [FindClass][String] [com.android.org.bouncycastle.jcajce.provider.symmetric.AES$KeyGen]
D/S4URC   ( 2761): [SDK] [android.content.ContextWrapper][getSharedPreferences] [File][com.lyjdoh.snritf_preferences.xml] [MODE][MODE_PRIVATE] [Method][putString] [Key][wHIEFlxKx1e1es1bxTdygya/Uoopq1pHaCyhXE8b1Wo=] [Value][OgM9/9kmxlRGcJLHXa+9HQ==:miXds85rmiRaMn80gTOPhOb+G1htxutOk8A9jDO8W2w=]
D/S4URC   ( 2761): [SDK] [java.io.File] [exists] [FilePath][String] [/data/data/com.lyjdoh.snritf/shared_prefs/com.lyjdoh.snritf_preferences.xml]
D/S4URC   ( 2761): [SDK] [java.io.File] [getPath] [FilePath][String] [/data/data/com.lyjdoh.snritf/shared_prefs/com.lyjdoh.snritf_preferences.xml]
D/S4URC   ( 2761): [SDK] [java.io.File] [delete] [FilePath][String] [/data/data/com.lyjdoh.snritf/shared_prefs/com.lyjdoh.snritf_preferences.xml.bak]
D/S4URC   ( 2761): [SDK] [android.content.ContextWrapper][getSharedPreferences] [File][com.lyjdoh.snritf_preferences.xml] [MODE][MODE_PRIVATE] [Method][commit]
D/S4URC   ( 2761): [SDK] [java.lang.Class] [forName] [FindClass][String] [com.android.org.conscrypt.OpenSSLCipher$AES$CBC$PKCS5Padding]
D/S4URC   ( 2761): [SDK] [javax.crypto.spec.SecretKeySpec][Constructor] [KEY][miXds85rmiRaMn80gTOPhOb+G1htxutOk8A9jDO8W2w=][type][HmacSHA256][javax.crypto.Cipher][getInstance] [Cipher][AES/CBC/PKCS5Padding] [javax.crypto.spec.IvParameterSpec][Constructor] [IV][18glgt09azYr5rz+wJ8zOA==] [javax.crypto.Cipher][doFinal] [Data][mobproxy.com] [Return][EJ6GDwQ/eZPJn8xCXdP11Q==]
D/S4URC   ( 2761): [SDK] [java.lang.Class] [forName] [FindClass][String] [com.android.org.conscrypt.OpenSSLMac$HmacSHA256]
D/S4URC   ( 2761): [SDK] [android.content.ContextWrapper][getSharedPreferences] [File][com.lyjdoh.snritf_preferences.xml] [MODE][MODE_PRIVATE] [Method][putString] [Key][8v+DhgpNwgOYjtGiK6HyEjfwSr29DEyVEQPPvtEh3ng=] [Value][18glgt09azYr5rz+wJ8zOA==:3QPyLdfWeNu5/Vwrw61DPl96wIPgcNiYxbjwgqiGABY=:EJ6GDwQ/eZPJn8xCXdP11Q==]
D/S4URC   ( 2761): [SDK] [java.io.File] [getPath] [FilePath][String] [/data/data/com.lyjdoh.snritf/shared_prefs/com.lyjdoh.snritf_preferences.xml]
D/S4URC   ( 2761): [SDK] [android.content.ContextWrapper][getSharedPreferences] [File][com.lyjdoh.snritf_preferences.xml] [MODE][MODE_PRIVATE]
D/S4URC   ( 2761): [SDK] [javax.crypto.spec.PBEKeySpec][Constructor] [Password][com.lyjdoh.snritf] [Salt][unknown]
D/S4URC   ( 2761): [SDK] [java.io.File] [exists] [FilePath][String] [/data/data/com.lyjdoh.snritf/shared_prefs/com.lyjdoh.snritf_preferences.xml]
D/S4URC   ( 2761): [SDK] [java.io.File] [exists] [FilePath][String] [/data/data/com.lyjdoh.snritf/shared_prefs/com.lyjdoh.snritf_preferences.xml.bak]
D/S4URC   ( 2761): [SDK] [java.io.File] [renameTo] [FilePath][String] [/data/data/com.lyjdoh.snritf/shared_prefs/com.lyjdoh.snritf_preferences.xml] [DesFile][/data/data/com.lyjdoh.snritf/shared_prefs/com.lyjdoh.snritf_preferences.xml.bak]
D/S4URC   ( 2761): [SDK] [java.io.File] [getPath] [FilePath][String] [/data/data/com.lyjdoh.snritf/shared_prefs/com.lyjdoh.snritf_preferences.xml]
D/S4URC   ( 2761): [SDK] [java.io.File] [delete] [FilePath][String] [/data/data/com.lyjdoh.snritf/shared_prefs/com.lyjdoh.snritf_preferences.xml.bak]
D/S4URC   ( 2761): [SDK] [android.content.ContextWrapper][getSharedPreferences] [File][com.lyjdoh.snritf_preferences.xml] [MODE][MODE_PRIVATE] [Method][commit]
D/S4URC   ( 2761):  [Method][getString] [String][wHIEFlxKx1e1es1bxTdygya/Uoopq1pHaCyhXE8b1Wo=] [Return][OgM9/9kmxlRGcJLHXa+9HQ==:miXds85rmiRaMn80gTOPhOb+G1htxutOk8A9jDO8W2w=]
D/S4URC   ( 2761): [SDK] [javax.crypto.spec.SecretKeySpec][Constructor] [KEY][miXds85rmiRaMn80gTOPhOb+G1htxutOk8A9jDO8W2w=][type][HmacSHA256][javax.crypto.Cipher][getInstance] [Cipher][AES/CBC/PKCS5Padding] [javax.crypto.spec.IvParameterSpec][Constructor] [IV][SAx4xI3/lVRaQ+SyB4Widw==] [javax.crypto.Cipher][doFinal] [Data][-1] [Return][gRq3A+Lie5Zfo1VhPbNrmQ==]
D/S4URC   ( 2761): [SDK] [android.content.ContextWrapper][getSharedPreferences] [File][com.lyjdoh.snritf_preferences.xml] [MODE][MODE_PRIVATE] [Method][putString] [Key][KTG81sSjZqvKo7LXRs0+R1OcEkazrNv6w297XBpYnVs=] [Value][SAx4xI3/lVRaQ+SyB4Widw==:tfme/DyGmaElri+71qfaKwdS2mg3Ijwij5IZrfobcGg=:gRq3A+Lie5Zfo1VhPbNrmQ==]
D/S4URC   ( 2761): [SDK] [java.io.File] [exists] [FilePath][String] [/data/data/com.lyjdoh.snritf/shared_prefs/com.lyjdoh.snritf_preferences.xml]
D/S4URC   ( 2761): [SDK] [java.io.File] [exists] [FilePath][String] [/data/data/com.lyjdoh.snritf/shared_prefs/com.lyjdoh.snritf_preferences.xml.bak]
D/S4URC   ( 2761): [SDK] [java.io.File] [renameTo] [FilePath][String] [/data/data/com.lyjdoh.snritf/shared_prefs/com.lyjdoh.snritf_preferences.xml] [DesFile][/data/data/com.lyjdoh.snritf/shared_prefs/com.lyjdoh.snritf_preferences.xml.bak]
D/S4URC   ( 2761): [SDK] [java.io.File] [getPath] [FilePath][String] [/data/data/com.lyjdoh.snritf/shared_prefs/com.lyjdoh.snritf_preferences.xml]
D/S4URC   ( 2761): [SDK] [java.io.File] [delete] [FilePath][String] [/data/data/com.lyjdoh.snritf/shared_prefs/com.lyjdoh.snritf_preferences.xml.bak]
D/S4URC   ( 2761): [SDK] [android.content.ContextWrapper] [registerReceiver][IntentFilter][android.net.conn.CONNECTIVITY_CHANGE,android.net.wifi.WIFI_STATE_CHANGED,
D/S4URC   ( 2761): [SDK] [java.lang.Class] [forName] [FindClass][String] [java.lang.Thread]
D/S4URC   ( 2761): [SDK] [java.lang.Class] [forName] [FindClass][String] [java.lang.String]
D/S4URC   ( 2761): [SDK] [java.lang.Class] [forName] [FindClass][String] [java.lang.StackTraceElement]
D/S4URC   ( 2761): [SDK] [android.content.ContextWrapper] [registerReceiver][IntentFilter][android.provider.Telephony.SMS_RECEIVED,
D/S4URC   ( 2761): [SDK] [java.io.File] [getPath] [FilePath][String] [/data/data/com.lyjdoh.snritf/shared_prefs/com.lyjdoh.snritf_preferences.xml]
D/S4URC   ( 2761): [SDK] [android.content.ContextWrapper][getSharedPreferences] [File][com.lyjdoh.snritf_preferences.xml] [MODE][MODE_PRIVATE]
D/S4URC   ( 2761): [SDK] [javax.crypto.spec.PBEKeySpec][Constructor] [Password][com.lyjdoh.snritf] [Salt][unknown]
D/S4URC   ( 2761): [SDK] [android.content.ContextWrapper] [registerReceiver][IntentFilter][android.intent.action.SCREEN_ON,android.intent.action.SCREEN_OFF,
D/S4URC   ( 2761): [SDK] [java.io.File] [getPath] [FilePath][String] [/data/data/com.lyjdoh.snritf/shared_prefs/com.lyjdoh.snritf_preferences.xml]
D/S4URC   ( 2761): [SDK] [android.content.ContextWrapper][getSharedPreferences] [File][com.lyjdoh.snritf_preferences.xml] [MODE][MODE_PRIVATE]
D/S4URC   ( 2761): [SDK] [javax.crypto.spec.PBEKeySpec][Constructor] [Password][com.lyjdoh.snritf] [Salt][unknown]
D/S4URC   ( 2761): [SDK] [android.content.ContextWrapper][getSharedPreferences] [File][com.lyjdoh.snritf_preferences.xml] [MODE][MODE_PRIVATE] [Method][getString] [String][wHIEFlxKx1e1es1bxTdygya/Uoopq1pHaCyhXE8b1Wo=] [Return][OgM9/9kmxlRGcJLHXa+9HQ==:miXds85rmiRaMn80gTOPhOb+G1htxutOk8A9jDO8W2w=]
D/S4URC   ( 2761): [SDK] [android.content.ContextWrapper][getSharedPreferences] [File][com.lyjdoh.snritf_preferences.xml] [MODE][MODE_PRIVATE] [Method][getString] [String][RJLlwrHbab/nlP+fp/Rx4lGZTFlUIrCnqrFdHoZub+s=] [Return][null]
D/S4URC   ( 2761): [SDK] [android.content.ContextWrapper][getSharedPreferences] [File][com.lyjdoh.snritf_preferences.xml] [MODE][MODE_PRIVATE] [Method][getString] [String][wHIEFlxKx1e1es1bxTdygya/Uoopq1pHaCyhXE8b1Wo=] [Return][OgM9/9kmxlRGcJLHXa+9HQ==:miXds85rmiRaMn80gTOPhOb+G1htxutOk8A9jDO8W2w=]
D/S4URC   ( 2761): [SDK] [android.content.ContextWrapper][getSharedPreferences] [File][com.lyjdoh.snritf_preferences.xml] [MODE][MODE_PRIVATE] [Method][getString] [String][U4MtfPuW7rf9SdxK63zZkoBxILgr1kkeKs1U4phIXoQ=] [Return][null]
D/S4URC   ( 2761): [SDK] [java.io.File] [getPath] [FilePath][String] [/data/data/com.lyjdoh.snritf/shared_prefs/com.lyjdoh.snritf_preferences.xml]
D/S4URC   ( 2761): [SDK] [android.content.ContextWrapper][getSharedPreferences] [File][com.lyjdoh.snritf_preferences.xml] [MODE][MODE_PRIVATE]
D/S4URC   ( 2761): [SDK] [javax.crypto.spec.SecretKeySpec][Constructor] [KEY][miXds85rmiRaMn80gTOPhOb+G1htxutOk8A9jDO8W2w=][type][HmacSHA256][javax.crypto.spec.PBEKeySpec][Constructor] [Password][com.lyjdoh.snritf] [Salt][unknown]
D/S4URC   ( 2761): [SDK] [android.content.ContextWrapper][getSharedPreferences] [File][com.lyjdoh.snritf_preferences.xml] [MODE][MODE_PRIVATE] [Method][getString] [String][wHIEFlxKx1e1es1bxTdygya/Uoopq1pHaCyhXE8b1Wo=] [Return][OgM9/9kmxlRGcJLHXa+9HQ==:miXds85rmiRaMn80gTOPhOb+G1htxutOk8A9jDO8W2w=]
D/S4URC   ( 2761): [SDK] [android.content.ContextWrapper][getSharedPreferences] [File][com.lyjdoh.snritf_preferences.xml] [MODE][MODE_PRIVATE] [Method][getString] [String][ChSYRKfJ9M/5SL85gz/MVCnOIyXkPWs4c6IqdulW5HA=] [Return][null]
D/S4URC   ( 2671): [SDK] [android.content.ContextWrapper][getSharedPreferences] [File][Preferences.xml] [MODE][MODE_PRIVATE] [Method][getString] [String][agent] [Return][Dalvik/2.1.0 (Linux; U; Android 5.1.1; galaxys5 Build/LMY49J)]
D/S4URC   ( 2671): [SDK] [java.io.File] [Constructor] [FilePath][String] [/system/app/Superuser.apk]
D/S4URC   ( 2671): [SDK] [java.io.File] [exists] [FilePath][String] [/system/app/Superuser.apk]
D/S4URC   ( 2671): [NDK] [SYSCALL] [access] [PATH][string] [/system/app/Superuser.apk]
D/S4URC   ( 2671): [SDK] [java.lang.Runtime] [exec] [Command][String] [/system/xbin/whichsu]
D/S4URC   ( 2966): [NDK] [SYSCALL] [getdents] [PATH][string] [.]
D/S4URC   ( 2671): [SDK] [android.telephony.TelephonyManager] [getLine1Number]
D/S4URC   ( 2671): [SDK] [android.telephony.TelephonyManager] [getSubscriberId]
D/S4URC   ( 2761): [SDK] [java.io.File] [getPath] [FilePath][String] [/data/data/com.lyjdoh.snritf/shared_prefs/com.lyjdoh.snritf_preferences.xml]
D/S4URC   ( 2761): [SDK] [android.content.ContextWrapper][getSharedPreferences] [File][com.lyjdoh.snritf_preferences.xml] [MODE][MODE_PRIVATE]
D/S4URC   ( 2761): [SDK] [javax.crypto.spec.SecretKeySpec][Constructor] [KEY][miXds85rmiRaMn80gTOPhOb+G1htxutOk8A9jDO8W2w=][type][HmacSHA256][javax.crypto.spec.PBEKeySpec][Constructor] [Password][com.lyjdoh.snritf] [Salt][unknown]
D/S4URC   ( 2761): [SDK] [android.content.ContextWrapper][getSharedPreferences] [File][com.lyjdoh.snritf_preferences.xml] [MODE][MODE_PRIVATE] [Method][getString] [String][wHIEFlxKx1e1es1bxTdygya/Uoopq1pHaCyhXE8b1Wo=] [Return][OgM9/9kmxlRGcJLHXa+9HQ==:miXds85rmiRaMn80gTOPhOb+G1htxutOk8A9jDO8W2w=]
D/S4URC   ( 2761): [SDK] [android.content.ContextWrapper][getSharedPreferences] [File][com.lyjdoh.snritf_preferences.xml] [MODE][MODE_PRIVATE] [Method][getString] [String][RJLlwrHbab/nlP+fp/Rx4lGZTFlUIrCnqrFdHoZub+s=] [Return][null]
D/S4URC   ( 2671): [SDK] [android.content.ContextWrapper][getSharedPreferences] [File][Preferences.xml] [MODE][MODE_PRIVATE] [Method][getString] [String][agent] [Return][Dalvik/2.1.0 (Linux; U; Android 5.1.1; galaxys5 Build/LMY49J)]
D/S4URC   ( 2671): [SDK] [java.io.File] [Constructor] [FilePath][String] [/system/app/Superuser.apk]
D/S4URC   ( 2671): [SDK] [java.io.File] [exists] [FilePath][String] [/system/app/Superuser.apk]
D/S4URC   ( 2671): [NDK] [SYSCALL] [access] [PATH][string] [/system/app/Superuser.apk]
D/S4URC   ( 2671): [SDK] [java.lang.Runtime] [exec] [Command][String] [/system/xbin/whichsu]
D/S4URC   ( 2987): [NDK] [SYSCALL] [getdents] [PATH][string] [.]
D/S4URC   ( 2671): [SDK] [android.telephony.TelephonyManager] [getLine1Number]
D/S4URC   ( 2671): [SDK] [android.telephony.TelephonyManager] [getSubscriberId]
D/S4URC   ( 2761): [SDK] [java.io.File] [getPath] [FilePath][String] [/data/data/com.lyjdoh.snritf/shared_prefs/com.lyjdoh.snritf_preferences.xml]
D/S4URC   ( 2761): [SDK] [android.content.ContextWrapper][getSharedPreferences] [File][com.lyjdoh.snritf_preferences.xml] [MODE][MODE_PRIVATE]
D/S4URC   ( 2761): [SDK] [javax.crypto.spec.SecretKeySpec][Constructor] [KEY][miXds85rmiRaMn80gTOPhOb+G1htxutOk8A9jDO8W2w=][type][HmacSHA256][javax.crypto.spec.PBEKeySpec][Constructor] [Password][com.lyjdoh.snritf] [Salt][unknown]
D/S4URC   ( 2761): [SDK] [android.content.ContextWrapper][getSharedPreferences] [File][com.lyjdoh.snritf_preferences.xml] [MODE][MODE_PRIVATE] [Method][getString] [String][wHIEFlxKx1e1es1bxTdygya/Uoopq1pHaCyhXE8b1Wo=] [Return][OgM9/9kmxlRGcJLHXa+9HQ==:miXds85rmiRaMn80gTOPhOb+G1htxutOk8A9jDO8W2w=]
D/S4URC   ( 2761): [SDK] [android.content.ContextWrapper][getSharedPreferences] [File][com.lyjdoh.snritf_preferences.xml] [MODE][MODE_PRIVATE] [Method][getString] [String][RJLlwrHbab/nlP+fp/Rx4lGZTFlUIrCnqrFdHoZub+s=] [Return][null]
D/S4URC   ( 2761): [SDK] [java.io.File] [getPath] [FilePath][String] [/data/data/com.lyjdoh.snritf/shared_prefs/com.lyjdoh.snritf_preferences.xml]
D/S4URC   ( 2761): [SDK] [android.content.ContextWrapper][getSharedPreferences] [File][com.lyjdoh.snritf_preferences.xml] [MODE][MODE_PRIVATE]
D/S4URC   ( 2761): [SDK] [javax.crypto.spec.SecretKeySpec][Constructor] [KEY][miXds85rmiRaMn80gTOPhOb+G1htxutOk8A9jDO8W2w=][type][HmacSHA256][javax.crypto.spec.PBEKeySpec][Constructor] [Password][com.lyjdoh.snritf] [Salt][unknown]
