D/S4URC   ( 3758): [SDK] [java.lang.Class] [forName] [FindClass][String] [java.net.HttpURLConnection]
D/S4URC   ( 3758): [SDK] [java.lang.Class] [forName] [FindClass][String] [com.android.okhttp.internal.http.HttpURLConnectionImpl]
D/S4URC   ( 3758): [SDK] [java.lang.Class] [forName] [FindClass][String] [java.net.Socket]
D/S4URC   ( 3758): [SDK] [java.lang.Class] [forName] [FindClass][String] [android.telephony.TelephonyManager]
D/S4URC   ( 3758): [SDK] [java.lang.Class] [forName] [FindClass][String] [android.os.Debug]
D/S4URC   ( 3758): [SDK] [java.lang.Class] [forName] [FindClass][String] [android.hardware.SensorManager]
D/S4URC   ( 3758): [SDK] [java.lang.Class] [forName] [FindClass][String] [android.content.res.ResourcesKey]
D/S4URC   ( 3758): [SDK] [java.lang.Class] [forName] [FindClass][String] [android.app.ResourcesManager]
D/S4URC   ( 3758): [SDK] [java.io.File] [Constructor] [FilePath][String] [/data/app/com.init.env-1/base.apk]
D/S4URC   ( 3758): [SDK] [java.io.File] [getPath] [FilePath][String] [/data/data/com.init.env]
D/S4URC   ( 3758): [SDK] [java.io.File] [exists] [FilePath][String] [/data/data/com.init.env/cache]
D/S4URC   ( 3758): [SDK] [java.io.File] [mkdirs] [FilePath][String] [/data/data/com.init.env/cache]
D/S4URC   ( 3758): [SDK] [java.io.File] [getPath] [FilePath][String] [/data/data/com.init.env/cache]
D/S4URC   ( 3758): [SDK] [android.app.Activity][onCrate] [Class][ComponentInfo{com.init.env/f.c0}]
D/S4URC   ( 3758): [SDK] [android.app.ApplicationPackageManager] [getApplicationInfo] [FindApplicationName][String] [com.init.env]
D/S4URC   ( 3758): [SDK] [android.content.ContentResolver] [registerContentObserver] [URL][String] [content://settings/system/enable_stylus_gestures]
D/S4URC   ( 3758): [NDK] [SYSCALL] [getdents] [PATH][string] [.]
D/S4URC   ( 3758): [SDK] [java.io.File] [getPath] [FilePath][String] [/data/data/com.init.env]
D/S4URC   ( 3758): [SDK] [java.io.File] [exists] [FilePath][String] [/data/data/com.init.env/files]
D/S4URC   ( 3758): [NDK] [SYSCALL] [access] [PATH][string] [/data/data/com.init.env/files]
D/S4URC   ( 3758): [SDK] [java.io.File] [mkdirs] [FilePath][String] [/data/data/com.init.env/files]
D/S4URC   ( 3758): [NDK] [SYSCALL] [mkdir] [PATH][string] [/data/data/com.init.env/files] [MODE][int] [0700]
D/S4URC   ( 3758): [SDK] [java.io.File] [getPath] [FilePath][String] [/data/data/com.init.env/files]
D/S4URC   ( 3758): [NDK] [SYSCALL] [chmod] [PATH][string] [/data/data/com.init.env/files] [MODE][int] [0771]
D/S4URC   ( 3758): [SDK] [java.io.File] [getParent] [FilePath][String] [/data/data/com.init.env/files]
D/S4URC   ( 3758): [SDK] [java.io.File] [Constructor] [FilePath][String] [/data/data/com.init.env]
D/S4URC   ( 3758): [SDK] [java.io.File] [getParent] [FilePath][String] [/data/data/com.init.env]
D/S4URC   ( 3758): [SDK] [java.io.File] [Constructor] [FilePath][String] [/data/data]
D/S4URC   ( 3758): [SDK] [java.io.File] [Constructor] [FilePath][String] [com.init.env/shared_prefs/20160121.xml]
D/S4URC   ( 3758): [SDK] [java.io.File] [exists] [FilePath][String] [/com.init.env/shared_prefs/20160121.xml]
D/S4URC   ( 3758): [NDK] [SYSCALL] [access] [PATH][string] [com.init.env/shared_prefs/20160121.xml]
D/S4URC   ( 3758): [SDK] [java.io.File] [exists] [FilePath][String] [/data/data/com.init.env/files]
D/S4URC   ( 3758): [NDK] [SYSCALL] [access] [PATH][string] [/data/data/com.init.env/files]
D/S4URC   ( 3758): [SDK] [java.io.File] [getParent] [FilePath][String] [/data/data/com.init.env/files]
D/S4URC   ( 3758): [SDK] [java.io.File] [Constructor] [FilePath][String] [/data/data/com.init.env]
D/S4URC   ( 3758): [SDK] [java.io.File] [getParent] [FilePath][String] [/data/data/com.init.env]
D/S4URC   ( 3758): [SDK] [java.io.File] [Constructor] [FilePath][String] [/data/data]
D/S4URC   ( 3758): [SDK] [java.io.File] [Constructor] [FilePath][String] [/data/data/shared_prefs/20160121.xml]
D/S4URC   ( 3758): [SDK] [java.io.File] [exists] [FilePath][String] [/data/data/shared_prefs/20160121.xml]
D/S4URC   ( 3758): [NDK] [SYSCALL] [access] [PATH][string] [/data/data/shared_prefs/20160121.xml]
D/S4URC   ( 3758): [SDK] [java.io.File] [exists] [FilePath][String] [/data/data/com.init.env/files]
D/S4URC   ( 3758): [NDK] [SYSCALL] [access] [PATH][string] [/data/data/com.init.env/files]
D/S4URC   ( 3758): [SDK] [java.io.File] [getParent] [FilePath][String] [/data/data/com.init.env/files]
D/S4URC   ( 3758): [SDK] [java.io.File] [Constructor] [FilePath][String] [/data/data/com.init.env]
D/S4URC   ( 3758): [SDK] [java.io.File] [getParent] [FilePath][String] [/data/data/com.init.env]
D/S4URC   ( 3758): [SDK] [java.io.File] [Constructor] [FilePath][String] [/data/data]
D/S4URC   ( 3758): [SDK] [java.lang.Class] [forName] [FindClass][String] [android.telephony.MSimTelephonyManager]
D/S4URC   ( 3758): [SDK] [java.lang.Class] [forName] [FindClass][String] [com.android.internal.telephony.PhoneFactory]
D/S4URC   ( 3758): [SDK] [java.io.File] [exists] [FilePath][String] [/data/data/com.init.env/files]
D/S4URC   ( 3758): [NDK] [SYSCALL] [access] [PATH][string] [/data/data/com.init.env/files]
D/S4URC   ( 3758): [SDK] [java.io.File] [getPath] [FilePath][String] [/data/data/com.init.env/files]
D/S4URC   ( 3758): [SDK] [java.io.File] [Constructor] [FilePath][String] [/data/data/com.init.env/files]
D/S4URC   ( 3758): [SDK] [java.io.File] [exists] [FilePath][String] [/data/data/com.init.env/files]
D/S4URC   ( 3758): [NDK] [SYSCALL] [access] [PATH][string] [/data/data/com.init.env/files]
D/S4URC   ( 3758): [SDK] [java.io.File] [isDirectory] [FilePath][String] [/data/data/com.init.env/files]
D/S4URC   ( 3758): [NDK] [SYSCALL] [stat] [PATH][string] [/data/data/com.init.env/files]
D/S4URC   ( 3758): [SDK] [java.lang.Runtime] [exec] [Command][String] [iftop_jiak_mc-cid]
D/S4URC   ( 3867): [NDK] [SYSCALL] [getdents] [PATH][string] [.]
D/S4URC   ( 3758): [SDK] [java.lang.Runtime] [exec] [Command][String] [iftop_jiak_mc]
D/S4URC   ( 3869): [NDK] [SYSCALL] [getdents] [PATH][string] [.]
D/S4URC   ( 3758): [SDK] [java.io.File] [exists] [FilePath][String] [/data/data/com.init.env/files]
D/S4URC   ( 3758): [NDK] [SYSCALL] [access] [PATH][string] [/data/data/com.init.env/files]
D/S4URC   ( 3758): [SDK] [java.io.File] [getPath] [FilePath][String] [/data/data/com.init.env/files]
D/S4URC   ( 3758): [SDK] [java.io.File] [Constructor] [FilePath][String] [/data/data/com.init.env/files]
D/S4URC   ( 3758): [SDK] [java.io.File] [isDirectory] [FilePath][String] [/data/data/com.init.env/files]
D/S4URC   ( 3758): [NDK] [SYSCALL] [stat] [PATH][string] [/data/data/com.init.env/files]
D/S4URC   ( 3758): [SDK] [java.lang.Runtime] [exec] [Command][String] [sh]
D/S4URC   ( 3758): [SDK] [android.content.ContextWrapper] [registerReceiver][IntentFilter][android.intent.action.BATTERY_CHANGED,
D/S4URC   ( 3875): [NDK] [SYSCALL] [getdents] [PATH][string] [.]
D/S4URC   ( 3758): [SDK] [java.io.File] [Constructor] [FilePath][String] [/data/data/com.init.env/files/kcol_ysy]
D/S4URC   ( 3758): [NDK] [SYSCALL] [stat] [PATH][string] [/data/data/com.init.env/files/kcol_ysy]
D/S4URC   ( 3758): [SDK] [java.io.File] [Constructor] [FilePath][String] [/data/data/com.init.env/files/elfm]
D/S4URC   ( 3758): [SDK] [java.io.File] [exists] [FilePath][String] [/data/data/com.init.env/files/elfm]
D/S4URC   ( 3758): [NDK] [SYSCALL] [access] [PATH][string] [/data/data/com.init.env/files/elfm]
D/S4URC   ( 3758): [SDK] [java.io.File] [Constructor] [FilePath][String] [/sys/class/net]
D/S4URC   ( 3758): [SDK] [java.io.File] [list] [FilePath][String] [/sys/class/net]
D/S4URC   ( 3758): [NDK] [SYSCALL] [open] [PATH][string] [/sys/class/net] [RETURN][int] [27]
D/S4URC   ( 3758): [NDK] [SYSCALL] [getdents] [PATH][string] [.]
D/S4URC   ( 3758): [SDK] [java.io.File] [list] [FilePath][String] [/sys/class/net]
D/S4URC   ( 3758): [NDK] [SYSCALL] [open] [PATH][string] [/sys/class/net] [RETURN][int] [27]
D/S4URC   ( 3758): [NDK] [SYSCALL] [getdents] [PATH][string] [.]
D/S4URC   ( 3758): [NDK] [SYSCALL] [open] [PATH][string] [/proc/net/if_inet6] [RETURN][int] [27]
D/S4URC   ( 3758): [NDK] [SYSCALL] [open] [PATH][string] [/sys/class/net/wlan0/ifindex] [RETURN][int] [27]
D/S4URC   ( 3758): [NDK] [SYSCALL] [socket] [TYPE][string] [UDP]
D/S4URC   ( 3758): [SDK] [java.io.File] [list] [FilePath][String] [/sys/class/net]
D/S4URC   ( 3758): [NDK] [SYSCALL] [open] [PATH][string] [/sys/class/net] [RETURN][int] [27]
D/S4URC   ( 3758): [NDK] [SYSCALL] [getdents] [PATH][string] [.]
D/S4URC   ( 3758): [SDK] [java.io.File] [list] [FilePath][String] [/sys/class/net]
D/S4URC   ( 3758): [NDK] [SYSCALL] [open] [PATH][string] [/sys/class/net] [RETURN][int] [27]
D/S4URC   ( 3758): [NDK] [SYSCALL] [getdents] [PATH][string] [.]
D/S4URC   ( 3758): [NDK] [SYSCALL] [open] [PATH][string] [/proc/net/if_inet6] [RETURN][int] [27]
D/S4URC   ( 3758): [SDK] [java.io.File] [Constructor] [FilePath][String] [/data/data/com.init.env/files/elfm1529803070985.zip]
D/S4URC   ( 3758): [NDK] [SYSCALL] [open] [PATH][string] [/sys/class/net/lo/ifindex] [RETURN][int] [27]
D/S4URC   ( 3758): [NDK] [SYSCALL] [socket] [TYPE][string] [UDP]
D/S4URC   ( 3758): [NDK] [SYSCALL] [open] [PATH][string] [/sys/class/net/sit0/ifindex] [RETURN][int] [27]
D/S4URC   ( 3758): [NDK] [SYSCALL] [socket] [TYPE][string] [UDP]
D/S4URC   ( 3758): [NDK] [SYSCALL] [open] [PATH][string] [/sys/class/net/wlan0/ifindex] [RETURN][int] [27]
D/S4URC   ( 3758): [NDK] [SYSCALL] [socket] [TYPE][string] [UDP]
D/S4URC   ( 3758): [NDK] [SYSCALL] [open] [PATH][string] [/sys/class/net/ip6tnl0/ifindex] [RETURN][int] [27]
D/S4URC   ( 3758): [NDK] [SYSCALL] [socket] [TYPE][string] [UDP]
D/S4URC   ( 3758): [NDK] [SYSCALL] [open] [PATH][string] [/sys/class/net/lo/flags] [RETURN][int] [41]
D/S4URC   ( 3758): [NDK] [SYSCALL] [open] [PATH][string] [/sys/class/net/sit0/flags] [RETURN][int] [41]
D/S4URC   ( 3758): [NDK] [SYSCALL] [open] [PATH][string] [/sys/class/net/wlan0/flags] [RETURN][int] [27]
D/S4URC   ( 3758): [SDK] [java.io.File] [Constructor] [FilePath][String] [/system/bin/su]
D/S4URC   ( 3758): [SDK] [java.io.File] [exists] [FilePath][String] [/system/bin/su]
D/S4URC   ( 3758): [NDK] [SYSCALL] [access] [PATH][string] [/system/bin/su]
D/S4URC   ( 3758): [SDK] [java.lang.Runtime] [exec] [Command][String] [sh]
D/S4URC   ( 3758): [SDK] [java.lang.Class] [forName] [FindClass][String] [com.android.okhttp.HttpHandler]
D/S4URC   ( 3877): [NDK] [SYSCALL] [getdents] [PATH][string] [.]
D/S4URC   ( 3758): [SDK] [java.lang.Class] [forName] [FindClass][String] [com.android.org.conscrypt.OpenSSLContextImpl]
D/S4URC   ( 3758): [NDK] [SYSCALL] [open] [PATH][string] [/dev/urandom] [RETURN][int] [27]
D/S4URC   ( 3758): [SDK] [java.lang.Class] [forName] [FindClass][String] [com.android.org.conscrypt.KeyManagerFactoryImpl]
D/S4URC   ( 3758): [SDK] [java.lang.Class] [forName] [FindClass][String] [com.android.org.bouncycastle.jcajce.provider.keystore.bc.BcKeyStoreSpi$Std]
D/S4URC   ( 3758): [SDK] [java.lang.Class] [forName] [FindClass][String] [com.android.org.conscrypt.OpenSSLRandom]
D/S4URC   ( 3758): [SDK] [java.lang.Class] [forName] [FindClass][String] [com.android.org.conscrypt.TrustManagerFactoryImpl]
D/S4URC   ( 3758): [SDK] [java.lang.Class] [forName] [FindClass][String] [com.android.org.conscrypt.TrustedCertificateKeyStoreSpi]
D/S4URC   ( 3758): [SDK] [java.lang.Class] [forName] [FindClass][String] [com.android.org.bouncycastle.jce.provider.PKIXCertPathValidatorSpi]
D/S4URC   ( 3758): [SDK] [java.io.File] [Constructor] [FilePath][String] [/data/misc/keychain/pins]
D/S4URC   ( 3758): [SDK] [java.net] [HttpURLConnection] [URL][String] [http://45.33.0.176/admin201506/uploadApkFile/rt/20170405/elfm21.zip]
D/S4URC   ( 3758): [NDK] [SYSCALL] [socket] [TYPE][string] [TCP]
D/S4URC   ( 3758): [SDK] [java.io.File] [Constructor] [FilePath][String] [/data/data/com.init.env/files/forever.sh]
D/S4URC   ( 3758): [SDK] [java.io.File] [delete] [FilePath][String] [/data/data/com.init.env/files/forever.sh]
D/S4URC   ( 3758): [NDK] [SYSCALL] [lstat] [PATH][string] [/data/data/com.init.env/files/forever.sh]
D/S4URC   ( 3758): [SDK] [java.io.File] [getPath] [FilePath][String] [/data/data/com.init.env/files/forever.sh]
D/S4URC   ( 3758): [NDK] [SYSCALL] [open] [PATH][string] [/data/data/com.init.env/files/forever.sh] [RETURN][int] [31]
D/S4URC   ( 3758): [SDK] [java.io.File] [list] [FilePath][String] [/sys/class/net]
D/S4URC   ( 3758): [NDK] [SYSCALL] [open] [PATH][string] [/sys/class/net] [RETURN][int] [33]
D/S4URC   ( 3758): [NDK] [SYSCALL] [getdents] [PATH][string] [.]
D/S4URC   ( 3758): [NDK] [SYSCALL] [open] [PATH][string] [/proc/net/if_inet6] [RETURN][int] [33]
D/S4URC   ( 3758): [NDK] [SYSCALL] [open] [PATH][string] [/sys/class/net/lo/ifindex] [RETURN][int] [33]
D/S4URC   ( 3758): [NDK] [SYSCALL] [socket] [TYPE][string] [UDP]
D/S4URC   ( 3758): [NDK] [SYSCALL] [open] [PATH][string] [/sys/class/net/sit0/ifindex] [RETURN][int] [33]
D/S4URC   ( 3758): [NDK] [SYSCALL] [socket] [TYPE][string] [UDP]
D/S4URC   ( 3758): [SDK] [java.io.File] [Constructor] [FilePath][String] [/data/data/com.init.env/files/tinyplay_ikaj_ddrtest]
D/S4URC   ( 3758): [NDK] [SYSCALL] [open] [PATH][string] [/sys/class/net/wlan0/ifindex] [RETURN][int] [31]
D/S4URC   ( 3758): [SDK] [java.io.File] [getPath] [FilePath][String] [/data/data/com.init.env/files/tinyplay_ikaj_ddrtest]
D/S4URC   ( 3758): [NDK] [SYSCALL] [open] [PATH][string] [/data/data/com.init.env/files/tinyplay_ikaj_ddrtest] [RETURN][int] [33]
D/S4URC   ( 3758): [NDK] [SYSCALL] [socket] [TYPE][string] [UDP]
D/S4URC   ( 3758): [NDK] [SYSCALL] [open] [PATH][string] [/sys/class/net/ip6tnl0/ifindex] [RETURN][int] [31]
D/S4URC   ( 3758): [NDK] [SYSCALL] [socket] [TYPE][string] [UDP]
D/S4URC   ( 3758): [NDK] [SYSCALL] [open] [PATH][string] [/sys/class/net/wlan0/address] [RETURN][int] [31]
D/S4URC   ( 3758): [SDK] [java.io.File] [Constructor] [FilePath][String] [/data/data/com.init.env/files/tinyplay_ikaj_ddrtest]
D/S4URC   ( 3758): [NDK] [SYSCALL] [stat] [PATH][string] [/data/data/com.init.env/files/tinyplay_ikaj_ddrtest]
D/S4URC   ( 3758): [SDK] [java.io.File] [Constructor] [FilePath][String] [/data/data/com.init.env/files/iftop_jiak_mc]
D/S4URC   ( 3758): [SDK] [java.io.File] [getPath] [FilePath][String] [/data/data/com.init.env/files/iftop_jiak_mc]
D/S4URC   ( 3758): [NDK] [SYSCALL] [open] [PATH][string] [/data/data/com.init.env/files/iftop_jiak_mc] [RETURN][int] [31]
D/S4URC   ( 3758): [SDK] [java.io.File] [Constructor] [FilePath][String] [/data/data/com.init.env/files/tinyplay_ikaj_ddrtest]
D/S4URC   ( 3758): [SDK] [java.io.File] [exists] [FilePath][String] [/data/data/com.init.env/files/tinyplay_ikaj_ddrtest]
D/S4URC   ( 3758): [NDK] [SYSCALL] [access] [PATH][string] [/data/data/com.init.env/files/tinyplay_ikaj_ddrtest]
D/S4URC   ( 3758): [SDK] [java.io.File] [getPath] [FilePath][String] [/data/data/com.init.env/files/tinyplay_ikaj_ddrtest]
D/S4URC   ( 3758): [NDK] [SYSCALL] [open] [PATH][string] [/data/data/com.init.env/files/tinyplay_ikaj_ddrtest] [RETURN][int] [33]
D/S4URC   ( 3758): [SDK] [java.io.File] [Constructor] [FilePath][String] [/data/data/com.init.env/files/iftop_jiak_mc]
D/S4URC   ( 3758): [NDK] [SYSCALL] [stat] [PATH][string] [/data/data/com.init.env/files/iftop_jiak_mc]
D/S4URC   ( 3758): [SDK] [java.io.File] [Constructor] [FilePath][String] [/data/data/com.init.env/files/install-recovery.sh]
D/S4URC   ( 3758): [SDK] [java.io.File] [delete] [FilePath][String] [/data/data/com.init.env/files/install-recovery.sh]
D/S4URC   ( 3758): [NDK] [SYSCALL] [lstat] [PATH][string] [/data/data/com.init.env/files/install-recovery.sh]
D/S4URC   ( 3758): [SDK] [java.io.File] [getPath] [FilePath][String] [/data/data/com.init.env/files/install-recovery.sh]
D/S4URC   ( 3758): [NDK] [SYSCALL] [open] [PATH][string] [/data/data/com.init.env/files/install-recovery.sh] [RETURN][int] [31]
D/S4URC   ( 3758): [SDK] [java.io.File] [Constructor] [FilePath][String] [/data/data/com.init.env/files/debuggerd_hulu]
D/S4URC   ( 3758): [SDK] [java.io.File] [getPath] [FilePath][String] [/data/data/com.init.env/files/debuggerd_hulu]
D/S4URC   ( 3758): [NDK] [SYSCALL] [open] [PATH][string] [/data/data/com.init.env/files/debuggerd_hulu] [RETURN][int] [31]
D/S4URC   ( 3758): [SDK] [java.lang.Runtime] [exec] [Command][String] [sh]
D/S4URC   ( 3889): [NDK] [SYSCALL] [getdents] [PATH][string] [.]
D/S4URC   ( 3758): [SDK] [java.lang.Class] [forName] [FindClass][String] [android.telephony.MSimTelephonyManager]
D/S4URC   ( 3758): [SDK] [java.lang.Class] [forName] [FindClass][String] [com.android.internal.telephony.Phone]
D/S4URC   ( 3758): [SDK] [java.lang.Class] [forName] [FindClass][String] [com.android.internal.telephony.PhoneFactory]
D/S4URC   ( 3758): [SDK] [android.telephony.TelephonyManager] [getSubscriberId]
D/S4URC   ( 3758): [SDK] [java.lang.Runtime] [exec] [Command][String] [sh]
D/S4URC   ( 3896): [NDK] [SYSCALL] [getdents] [PATH][string] [.]
D/S4URC   ( 3758): [SDK] [android.app.ApplicationPackageManager] [getApplicationInfo] [FindApplicationName][String] [com.init.env]
D/S4URC   ( 3758): [SDK] [java.io.File] [Constructor] [FilePath][String] [/data/data/com.init.env/files/toolbox]
D/S4URC   ( 3758): [SDK] [java.io.File] [exists] [FilePath][String] [/data/data/com.init.env/files/toolbox]
D/S4URC   ( 3758): [NDK] [SYSCALL] [access] [PATH][string] [/data/data/com.init.env/files/toolbox]
D/S4URC   ( 3758): [SDK] [java.io.File] [exists] [FilePath][String] [/data/data/com.init.env/files]
D/S4URC   ( 3758): [NDK] [SYSCALL] [access] [PATH][string] [/data/data/com.init.env/files]
D/S4URC   ( 3758): [SDK] [java.io.File] [getParent] [FilePath][String] [/data/data/com.init.env/files]
D/S4URC   ( 3758): [SDK] [java.io.File] [Constructor] [FilePath][String] [/data/data/com.init.env]
D/S4URC   ( 3758): [SDK] [java.io.File] [getParent] [FilePath][String] [/data/data/com.init.env]
D/S4URC   ( 3758): [SDK] [java.io.File] [Constructor] [FilePath][String] [/data/data]
D/S4URC   ( 3758): [SDK] [java.io.File] [exists] [FilePath][String] [/data/data/com.init.env/files]
D/S4URC   ( 3758): [NDK] [SYSCALL] [access] [PATH][string] [/data/data/com.init.env/files]
D/S4URC   ( 3758): [SDK] [java.io.File] [getParent] [FilePath][String] [/data/data/com.init.env/files]
D/S4URC   ( 3758): [SDK] [java.io.File] [Constructor] [FilePath][String] [/data/data/com.init.env]
D/S4URC   ( 3758): [SDK] [java.io.File] [getParent] [FilePath][String] [/data/data/com.init.env]
D/S4URC   ( 3758): [SDK] [java.io.File] [Constructor] [FilePath][String] [/data/data]
D/S4URC   ( 3758): [SDK] [java.io.File] [Constructor] [FilePath][String] [/data/data/com.init.env/files/toolbox1529803071263.zip]
D/S4URC   ( 3758): [SDK] [java.net] [HttpURLConnection] [URL][String] [http://45.33.0.123/admin201506/uploadApkFile/rt/20160823/ToolboxAndSupolicy19.zip]
D/S4URC   ( 3758): [NDK] [SYSCALL] [socket] [TYPE][string] [TCP]
D/S4URC   ( 3758): [SDK] [java.io.File] [exists] [FilePath][String] [/data/data/com.init.env/files]
D/S4URC   ( 3758): [NDK] [SYSCALL] [access] [PATH][string] [/data/data/com.init.env/files]
D/S4URC   ( 3758): [SDK] [java.io.File] [getParent] [FilePath][String] [/data/data/com.init.env/files]
D/S4URC   ( 3758): [SDK] [java.io.File] [Constructor] [FilePath][String] [/data/data/com.init.env]
D/S4URC   ( 3758): [SDK] [java.io.File] [getParent] [FilePath][String] [/data/data/com.init.env]
D/S4URC   ( 3758): [SDK] [java.io.File] [Constructor] [FilePath][String] [/data/data]
D/S4URC   ( 3758): [SDK] [java.io.File] [Constructor] [FilePath][String] [com.init.env/shared_prefs/20160121.xml]
D/S4URC   ( 3758): [SDK] [java.io.File] [exists] [FilePath][String] [/com.init.env/shared_prefs/20160121.xml]
D/S4URC   ( 3758): [NDK] [SYSCALL] [access] [PATH][string] [com.init.env/shared_prefs/20160121.xml]
D/S4URC   ( 3758): [SDK] [java.io.File] [exists] [FilePath][String] [/data/data/com.init.env/files]
D/S4URC   ( 3758): [NDK] [SYSCALL] [access] [PATH][string] [/data/data/com.init.env/files]
D/S4URC   ( 3758): [SDK] [java.io.File] [getParent] [FilePath][String] [/data/data/com.init.env/files]
D/S4URC   ( 3758): [SDK] [java.io.File] [Constructor] [FilePath][String] [/data/data/com.init.env]
D/S4URC   ( 3758): [SDK] [java.io.File] [getParent] [FilePath][String] [/data/data/com.init.env]
D/S4URC   ( 3758): [SDK] [java.io.File] [Constructor] [FilePath][String] [/data/data]
D/S4URC   ( 3758): [SDK] [java.io.File] [Constructor] [FilePath][String] [/data/data/shared_prefs/20160121.xml]
D/S4URC   ( 3758): [SDK] [java.io.File] [exists] [FilePath][String] [/data/data/shared_prefs/20160121.xml]
D/S4URC   ( 3758): [NDK] [SYSCALL] [access] [PATH][string] [/data/data/shared_prefs/20160121.xml]
D/S4URC   ( 3758): [SDK] [java.io.File] [exists] [FilePath][String] [/data/data/com.init.env/files]
D/S4URC   ( 3758): [NDK] [SYSCALL] [access] [PATH][string] [/data/data/com.init.env/files]
D/S4URC   ( 3758): [SDK] [java.io.File] [getParent] [FilePath][String] [/data/data/com.init.env/files]
D/S4URC   ( 3758): [SDK] [java.io.File] [Constructor] [FilePath][String] [/data/data/com.init.env]
D/S4URC   ( 3758): [SDK] [java.io.File] [getParent] [FilePath][String] [/data/data/com.init.env]
D/S4URC   ( 3758): [SDK] [java.io.File] [Constructor] [FilePath][String] [/data/data]
D/S4URC   ( 3758): [SDK] [java.io.File] [exists] [FilePath][String] [/data/data/com.init.env/files]
D/S4URC   ( 3758): [NDK] [SYSCALL] [access] [PATH][string] [/data/data/com.init.env/files]
D/S4URC   ( 3758): [SDK] [java.io.File] [getPath] [FilePath][String] [/data/data/com.init.env/files]
D/S4URC   ( 3758): [SDK] [java.io.File] [Constructor] [FilePath][String] [/data/data/com.init.env/files]
D/S4URC   ( 3758): [SDK] [java.io.File] [exists] [FilePath][String] [/data/data/com.init.env/files]
D/S4URC   ( 3758): [NDK] [SYSCALL] [access] [PATH][string] [/data/data/com.init.env/files]
D/S4URC   ( 3758): [SDK] [java.io.File] [isDirectory] [FilePath][String] [/data/data/com.init.env/files]
D/S4URC   ( 3758): [NDK] [SYSCALL] [stat] [PATH][string] [/data/data/com.init.env/files]
D/S4URC   ( 3758): [SDK] [java.lang.Runtime] [exec] [Command][String] [iftop_jiak_mc-cid]
D/S4URC   ( 3903): [NDK] [SYSCALL] [getdents] [PATH][string] [.]
D/S4URC   ( 3758): [SDK] [java.lang.Runtime] [exec] [Command][String] [iftop_jiak_mc]
D/S4URC   ( 3904): [NDK] [SYSCALL] [getdents] [PATH][string] [.]
D/S4URC   ( 3758): [SDK] [android.content.ContextWrapper] [registerReceiver][IntentFilter][android.intent.action.BATTERY_CHANGED,
D/S4URC   ( 3758): [SDK] [java.io.File] [exists] [FilePath][String] [/data/data/com.init.env/files]
D/S4URC   ( 3758): [NDK] [SYSCALL] [access] [PATH][string] [/data/data/com.init.env/files]
D/S4URC   ( 3758): [SDK] [java.io.File] [getPath] [FilePath][String] [/data/data/com.init.env/files]
D/S4URC   ( 3758): [SDK] [java.io.File] [Constructor] [FilePath][String] [/data/data/com.init.env/files]
D/S4URC   ( 3758): [SDK] [java.io.File] [isDirectory] [FilePath][String] [/data/data/com.init.env/files]
D/S4URC   ( 3758): [NDK] [SYSCALL] [stat] [PATH][string] [/data/data/com.init.env/files]
D/S4URC   ( 3758): [SDK] [java.io.File] [list] [FilePath][String] [/sys/class/net]
D/S4URC   ( 3758): [SDK] [java.lang.Runtime] [exec] [Command][String] [sh]
D/S4URC   ( 3758): [NDK] [SYSCALL] [open] [PATH][string] [/sys/class/net] [RETURN][int] [37]
D/S4URC   ( 3758): [NDK] [SYSCALL] [getdents] [PATH][string] [.]
D/S4URC   ( 3758): [SDK] [java.io.File] [list] [FilePath][String] [/sys/class/net]
D/S4URC   ( 3758): [NDK] [SYSCALL] [open] [PATH][string] [/sys/class/net] [RETURN][int] [37]
D/S4URC   ( 3758): [NDK] [SYSCALL] [getdents] [PATH][string] [.]
D/S4URC   ( 3758): [NDK] [SYSCALL] [open] [PATH][string] [/proc/net/if_inet6] [RETURN][int] [37]
D/S4URC   ( 3758): [NDK] [SYSCALL] [open] [PATH][string] [/sys/class/net/wlan0/ifindex] [RETURN][int] [37]
D/S4URC   ( 3909): [NDK] [SYSCALL] [getdents] [PATH][string] [.]
D/S4URC   ( 3758): [NDK] [SYSCALL] [socket] [TYPE][string] [UDP]
D/S4URC   ( 3758): [SDK] [java.io.File] [list] [FilePath][String] [/sys/class/net]
D/S4URC   ( 3758): [SDK] [java.io.File] [Constructor] [FilePath][String] [/data/data/com.init.env/files/kcol_ysy]
D/S4URC   ( 3758): [NDK] [SYSCALL] [open] [PATH][string] [/sys/class/net] [RETURN][int] [37]
D/S4URC   ( 3758): [NDK] [SYSCALL] [getdents] [PATH][string] [.]
D/S4URC   ( 3758): [NDK] [SYSCALL] [stat] [PATH][string] [/data/data/com.init.env/files/kcol_ysy]
D/S4URC   ( 3758): [NDK] [SYSCALL] [getdents] [PATH][string] [.]
D/S4URC   ( 3758): [SDK] [java.io.File] [list] [FilePath][String] [/sys/class/net]
D/S4URC   ( 3758): [NDK] [SYSCALL] [open] [PATH][string] [/sys/class/net] [RETURN][int] [37]
D/S4URC   ( 3758): [NDK] [SYSCALL] [getdents] [PATH][string] [.]
D/S4URC   ( 3758): [SDK] [java.io.File] [Constructor] [FilePath][String] [/data/data/com.init.env/files/elfm]
D/S4URC   ( 3758): [SDK] [java.io.File] [exists] [FilePath][String] [/data/data/com.init.env/files/elfm]
D/S4URC   ( 3758): [NDK] [SYSCALL] [open] [PATH][string] [/proc/net/if_inet6] [RETURN][int] [37]
D/S4URC   ( 3758): [NDK] [SYSCALL] [access] [PATH][string] [/data/data/com.init.env/files/elfm]
D/S4URC   ( 3758): [NDK] [SYSCALL] [open] [PATH][string] [/sys/class/net/lo/ifindex] [RETURN][int] [37]
D/S4URC   ( 3758): [NDK] [SYSCALL] [socket] [TYPE][string] [UDP]
D/S4URC   ( 3758): [NDK] [SYSCALL] [open] [PATH][string] [/sys/class/net/sit0/ifindex] [RETURN][int] [37]
D/S4URC   ( 3758): [NDK] [SYSCALL] [socket] [TYPE][string] [UDP]
D/S4URC   ( 3758): [NDK] [SYSCALL] [open] [PATH][string] [/sys/class/net/wlan0/ifindex] [RETURN][int] [37]
D/S4URC   ( 3758): [NDK] [SYSCALL] [socket] [TYPE][string] [UDP]
D/S4URC   ( 3758): [NDK] [SYSCALL] [open] [PATH][string] [/sys/class/net/ip6tnl0/ifindex] [RETURN][int] [37]
D/S4URC   ( 3758): [NDK] [SYSCALL] [socket] [TYPE][string] [UDP]
D/S4URC   ( 3758): [NDK] [SYSCALL] [open] [PATH][string] [/sys/class/net/lo/flags] [RETURN][int] [37]
D/S4URC   ( 3758): [NDK] [SYSCALL] [open] [PATH][string] [/sys/class/net/sit0/flags] [RETURN][int] [37]
D/S4URC   ( 3758): [NDK] [SYSCALL] [open] [PATH][string] [/sys/class/net/wlan0/flags] [RETURN][int] [37]
D/S4URC   ( 3758): [SDK] [java.io.File] [Constructor] [FilePath][String] [/system/bin/su]
D/S4URC   ( 3758): [SDK] [java.io.File] [exists] [FilePath][String] [/system/bin/su]
D/S4URC   ( 3758): [NDK] [SYSCALL] [access] [PATH][string] [/system/bin/su]
D/S4URC   ( 3758): [SDK] [java.lang.Runtime] [exec] [Command][String] [sh]
D/S4URC   ( 3910): [NDK] [SYSCALL] [getdents] [PATH][string] [.]
D/S4URC   ( 3758): [SDK] [java.io.File] [Constructor] [FilePath][String] [/data/data/com.init.env/files/elfm1529803071487.zip]
D/S4URC   ( 3758): [SDK] [java.net] [HttpURLConnection] [URL][String] [http://45.79.151.241/admin201506/uploadApkFile/rt/20170405/elfm21.zip]
D/S4URC   ( 3758): [NDK] [SYSCALL] [socket] [TYPE][string] [TCP]
D/S4URC   ( 3758): [SDK] [java.io.File] [list] [FilePath][String] [/sys/class/net]
D/S4URC   ( 3758): [NDK] [SYSCALL] [open] [PATH][string] [/sys/class/net] [RETURN][int] [43]
D/S4URC   ( 3758): [NDK] [SYSCALL] [getdents] [PATH][string] [.]
D/S4URC   ( 3758): [NDK] [SYSCALL] [open] [PATH][string] [/proc/net/if_inet6] [RETURN][int] [39]
D/S4URC   ( 3758): [NDK] [SYSCALL] [open] [PATH][string] [/sys/class/net/lo/ifindex] [RETURN][int] [39]
D/S4URC   ( 3758): [NDK] [SYSCALL] [socket] [TYPE][string] [UDP]
D/S4URC   ( 3758): [NDK] [SYSCALL] [open] [PATH][string] [/sys/class/net/sit0/ifindex] [RETURN][int] [39]
D/S4URC   ( 3758): [NDK] [SYSCALL] [socket] [TYPE][string] [UDP]
D/S4URC   ( 3758): [NDK] [SYSCALL] [open] [PATH][string] [/sys/class/net/wlan0/ifindex] [RETURN][int] [39]
D/S4URC   ( 3758): [NDK] [SYSCALL] [socket] [TYPE][string] [UDP]
D/S4URC   ( 3758): [NDK] [SYSCALL] [open] [PATH][string] [/sys/class/net/ip6tnl0/ifindex] [RETURN][int] [39]
D/S4URC   ( 3758): [NDK] [SYSCALL] [socket] [TYPE][string] [UDP]
D/S4URC   ( 3758): [NDK] [SYSCALL] [open] [PATH][string] [/sys/class/net/wlan0/address] [RETURN][int] [39]
D/S4URC   ( 3758): [SDK] [java.io.File] [Constructor] [FilePath][String] [/data/data/com.init.env/files/forever.sh]
D/S4URC   ( 3758): [SDK] [java.io.File] [delete] [FilePath][String] [/data/data/com.init.env/files/forever.sh]
D/S4URC   ( 3758): [NDK] [SYSCALL] [lstat] [PATH][string] [/data/data/com.init.env/files/forever.sh]
D/S4URC   ( 3758): [NDK] [SYSCALL] [unlink] [PATH][string] [/data/data/com.init.env/files/forever.sh]
D/S4URC   ( 3758): [SDK] [java.io.File] [getPath] [FilePath][String] [/data/data/com.init.env/files/forever.sh]
D/S4URC   ( 3758): [NDK] [SYSCALL] [open] [PATH][string] [/data/data/com.init.env/files/forever.sh] [RETURN][int] [42]
D/S4URC   ( 3758): [SDK] [java.io.File] [Constructor] [FilePath][String] [/data/data/com.init.env/files/tinyplay_ikaj_ddrtest]
D/S4URC   ( 3758): [SDK] [java.io.File] [getPath] [FilePath][String] [/data/data/com.init.env/files/tinyplay_ikaj_ddrtest]
D/S4URC   ( 3758): [NDK] [SYSCALL] [open] [PATH][string] [/data/data/com.init.env/files/tinyplay_ikaj_ddrtest] [RETURN][int] [37]
D/S4URC   ( 3758): [SDK] [java.io.File] [exists] [FilePath][String] [/data/data/com.init.env/files]
D/S4URC   ( 3758): [NDK] [SYSCALL] [access] [PATH][string] [/data/data/com.init.env/files]
D/S4URC   ( 3758): [SDK] [java.io.File] [getParent] [FilePath][String] [/data/data/com.init.env/files]
D/S4URC   ( 3758): [SDK] [java.io.File] [Constructor] [FilePath][String] [/data/data/com.init.env]
D/S4URC   ( 3758): [SDK] [java.io.File] [getParent] [FilePath][String] [/data/data/com.init.env]
D/S4URC   ( 3758): [SDK] [java.io.File] [Constructor] [FilePath][String] [/data/data]
D/S4URC   ( 3758): [SDK] [java.io.File] [exists] [FilePath][String] [/data/data/com.init.env/files]
D/S4URC   ( 3758): [NDK] [SYSCALL] [access] [PATH][string] [/data/data/com.init.env/files]
D/S4URC   ( 3758): [SDK] [java.io.File] [getParent] [FilePath][String] [/data/data/com.init.env/files]
D/S4URC   ( 3758): [SDK] [java.io.File] [Constructor] [FilePath][String] [/data/data/com.init.env]
D/S4URC   ( 3758): [SDK] [java.io.File] [getParent] [FilePath][String] [/data/data/com.init.env]
D/S4URC   ( 3758): [SDK] [java.io.File] [Constructor] [FilePath][String] [/data/data]
D/S4URC   ( 3758): [SDK] [java.io.File] [Constructor] [FilePath][String] [/data/data/com.init.env/files/tinyplay_ikaj_ddrtest]
D/S4URC   ( 3758): [NDK] [SYSCALL] [stat] [PATH][string] [/data/data/com.init.env/files/tinyplay_ikaj_ddrtest]
D/S4URC   ( 3758): [SDK] [java.io.File] [Constructor] [FilePath][String] [/data/data/com.init.env/files/iftop_jiak_mc]
D/S4URC   ( 3758): [SDK] [java.io.File] [getPath] [FilePath][String] [/data/data/com.init.env/files/iftop_jiak_mc]
D/S4URC   ( 3758): [NDK] [SYSCALL] [open] [PATH][string] [/data/data/com.init.env/files/iftop_jiak_mc] [RETURN][int] [37]
D/S4URC   ( 3758): [SDK] [java.io.File] [Constructor] [FilePath][String] [/data/data/com.init.env/files/tinyplay_ikaj_ddrtest]
D/S4URC   ( 3758): [SDK] [java.io.File] [exists] [FilePath][String] [/data/data/com.init.env/files/tinyplay_ikaj_ddrtest]
D/S4URC   ( 3758): [NDK] [SYSCALL] [access] [PATH][string] [/data/data/com.init.env/files/tinyplay_ikaj_ddrtest]
D/S4URC   ( 3758): [SDK] [java.io.File] [getPath] [FilePath][String] [/data/data/com.init.env/files/tinyplay_ikaj_ddrtest]
D/S4URC   ( 3758): [NDK] [SYSCALL] [open] [PATH][string] [/data/data/com.init.env/files/tinyplay_ikaj_ddrtest] [RETURN][int] [39]
D/S4URC   ( 3758): [SDK] [java.io.File] [Constructor] [FilePath][String] [/data/data/com.init.env/files/iftop_jiak_mc]
D/S4URC   ( 3758): [NDK] [SYSCALL] [stat] [PATH][string] [/data/data/com.init.env/files/iftop_jiak_mc]
D/S4URC   ( 3758): [SDK] [java.io.File] [Constructor] [FilePath][String] [/data/data/com.init.env/files/install-recovery.sh]
D/S4URC   ( 3758): [SDK] [java.io.File] [delete] [FilePath][String] [/data/data/com.init.env/files/install-recovery.sh]
D/S4URC   ( 3758): [NDK] [SYSCALL] [lstat] [PATH][string] [/data/data/com.init.env/files/install-recovery.sh]
D/S4URC   ( 3758): [NDK] [SYSCALL] [unlink] [PATH][string] [/data/data/com.init.env/files/install-recovery.sh]
D/S4URC   ( 3758): [SDK] [java.io.File] [getPath] [FilePath][String] [/data/data/com.init.env/files/install-recovery.sh]
D/S4URC   ( 3758): [NDK] [SYSCALL] [open] [PATH][string] [/data/data/com.init.env/files/install-recovery.sh] [RETURN][int] [37]
D/S4URC   ( 3758): [SDK] [java.io.File] [Constructor] [FilePath][String] [/data/data/com.init.env/files/debuggerd_hulu]
D/S4URC   ( 3758): [SDK] [java.io.File] [getPath] [FilePath][String] [/data/data/com.init.env/files/debuggerd_hulu]
D/S4URC   ( 3758): [NDK] [SYSCALL] [open] [PATH][string] [/data/data/com.init.env/files/debuggerd_hulu] [RETURN][int] [37]
D/S4URC   ( 3758): [SDK] [java.lang.Runtime] [exec] [Command][String] [sh]
D/S4URC   ( 3920): [NDK] [SYSCALL] [getdents] [PATH][string] [.]
D/S4URC   ( 3758): [SDK] [java.lang.Runtime] [exec] [Command][String] [sh]
D/S4URC   ( 3927): [NDK] [SYSCALL] [getdents] [PATH][string] [.]
D/S4URC   ( 3758): [SDK] [java.io.File] [Constructor] [FilePath][String] [/data/data/com.init.env/files/toolbox]
D/S4URC   ( 3758): [SDK] [java.io.File] [exists] [FilePath][String] [/data/data/com.init.env/files/toolbox]
D/S4URC   ( 3758): [NDK] [SYSCALL] [access] [PATH][string] [/data/data/com.init.env/files/toolbox]
D/S4URC   ( 3758): [SDK] [java.io.File] [Constructor] [FilePath][String] [/data/data/com.init.env/files/toolbox1529803071673.zip]
D/S4URC   ( 3758): [SDK] [java.net] [HttpURLConnection] [URL][String] [http://45.33.120.75/admin201506/uploadApkFile/rt/20160823/ToolboxAndSupolicy19.zip]
D/S4URC   ( 3758): [NDK] [SYSCALL] [socket] [TYPE][string] [TCP]
D/S4URC   ( 3758): [SDK] [java.io.File] [exists] [FilePath][String] [/data/data/com.init.env/files]
D/S4URC   ( 3758): [NDK] [SYSCALL] [access] [PATH][string] [/data/data/com.init.env/files]
D/S4URC   ( 3758): [SDK] [java.io.File] [getParent] [FilePath][String] [/data/data/com.init.env/files]
D/S4URC   ( 3758): [SDK] [java.io.File] [Constructor] [FilePath][String] [/data/data/com.init.env]
D/S4URC   ( 3758): [SDK] [java.io.File] [getParent] [FilePath][String] [/data/data/com.init.env]
D/S4URC   ( 3758): [SDK] [java.io.File] [Constructor] [FilePath][String] [/data/data]
D/S4URC   ( 3758): [SDK] [java.io.File] [Constructor] [FilePath][String] [com.init.env/shared_prefs/20160121.xml]
D/S4URC   ( 3758): [SDK] [java.io.File] [exists] [FilePath][String] [/com.init.env/shared_prefs/20160121.xml]
D/S4URC   ( 3758): [NDK] [SYSCALL] [access] [PATH][string] [com.init.env/shared_prefs/20160121.xml]
D/S4URC   ( 3758): [SDK] [java.io.File] [exists] [FilePath][String] [/data/data/com.init.env/files]
D/S4URC   ( 3758): [NDK] [SYSCALL] [access] [PATH][string] [/data/data/com.init.env/files]
D/S4URC   ( 3758): [SDK] [java.io.File] [getParent] [FilePath][String] [/data/data/com.init.env/files]
D/S4URC   ( 3758): [SDK] [java.io.File] [Constructor] [FilePath][String] [/data/data/com.init.env]
D/S4URC   ( 3758): [SDK] [java.io.File] [getParent] [FilePath][String] [/data/data/com.init.env]
D/S4URC   ( 3758): [SDK] [java.io.File] [Constructor] [FilePath][String] [/data/data]
D/S4URC   ( 3758): [SDK] [java.io.File] [Constructor] [FilePath][String] [/data/data/shared_prefs/20160121.xml]
D/S4URC   ( 3758): [SDK] [java.io.File] [exists] [FilePath][String] [/data/data/shared_prefs/20160121.xml]
D/S4URC   ( 3758): [NDK] [SYSCALL] [access] [PATH][string] [/data/data/shared_prefs/20160121.xml]
D/S4URC   ( 3758): [SDK] [java.io.File] [exists] [FilePath][String] [/data/data/com.init.env/files]
D/S4URC   ( 3758): [NDK] [SYSCALL] [access] [PATH][string] [/data/data/com.init.env/files]
D/S4URC   ( 3758): [SDK] [java.io.File] [getParent] [FilePath][String] [/data/data/com.init.env/files]
D/S4URC   ( 3758): [SDK] [java.io.File] [Constructor] [FilePath][String] [/data/data/com.init.env]
D/S4URC   ( 3758): [SDK] [java.io.File] [getParent] [FilePath][String] [/data/data/com.init.env]
D/S4URC   ( 3758): [SDK] [java.io.File] [Constructor] [FilePath][String] [/data/data]
D/S4URC   ( 3758): [SDK] [java.io.File] [exists] [FilePath][String] [/data/data/com.init.env/files]
D/S4URC   ( 3758): [NDK] [SYSCALL] [access] [PATH][string] [/data/data/com.init.env/files]
D/S4URC   ( 3758): [SDK] [java.io.File] [getPath] [FilePath][String] [/data/data/com.init.env/files]
D/S4URC   ( 3758): [SDK] [java.io.File] [Constructor] [FilePath][String] [/data/data/com.init.env/files]
D/S4URC   ( 3758): [SDK] [java.io.File] [exists] [FilePath][String] [/data/data/com.init.env/files]
D/S4URC   ( 3758): [NDK] [SYSCALL] [access] [PATH][string] [/data/data/com.init.env/files]
D/S4URC   ( 3758): [SDK] [java.io.File] [isDirectory] [FilePath][String] [/data/data/com.init.env/files]
D/S4URC   ( 3758): [NDK] [SYSCALL] [stat] [PATH][string] [/data/data/com.init.env/files]
D/S4URC   ( 3758): [SDK] [java.lang.Runtime] [exec] [Command][String] [iftop_jiak_mc-cid]
D/S4URC   ( 3933): [NDK] [SYSCALL] [getdents] [PATH][string] [.]
D/S4URC   ( 3758): [SDK] [java.lang.Runtime] [exec] [Command][String] [iftop_jiak_mc]
D/S4URC   ( 3935): [NDK] [SYSCALL] [getdents] [PATH][string] [.]
D/S4URC   ( 3758): [SDK] [java.io.File] [exists] [FilePath][String] [/data/data/com.init.env/files]
D/S4URC   ( 3758): [NDK] [SYSCALL] [access] [PATH][string] [/data/data/com.init.env/files]
D/S4URC   ( 3758): [SDK] [java.io.File] [getPath] [FilePath][String] [/data/data/com.init.env/files]
D/S4URC   ( 3758): [SDK] [java.io.File] [Constructor] [FilePath][String] [/data/data/com.init.env/files]
D/S4URC   ( 3758): [SDK] [java.io.File] [isDirectory] [FilePath][String] [/data/data/com.init.env/files]
D/S4URC   ( 3758): [NDK] [SYSCALL] [stat] [PATH][string] [/data/data/com.init.env/files]
D/S4URC   ( 3758): [SDK] [android.content.ContextWrapper] [registerReceiver][IntentFilter][android.intent.action.BATTERY_CHANGED,
D/S4URC   ( 3758): [SDK] [java.lang.Runtime] [exec] [Command][String] [sh]
D/S4URC   ( 3758): [SDK] [java.io.File] [Constructor] [FilePath][String] [/data/data/com.init.env/files/kcol_ysy]
D/S4URC   ( 3941): [NDK] [SYSCALL] [getdents] [PATH][string] [.]
D/S4URC   ( 3758): [NDK] [SYSCALL] [stat] [PATH][string] [/data/data/com.init.env/files/kcol_ysy]
D/S4URC   ( 3758): [SDK] [java.io.File] [list] [FilePath][String] [/sys/class/net]
D/S4URC   ( 3758): [NDK] [SYSCALL] [open] [PATH][string] [/sys/class/net] [RETURN][int] [39]
D/S4URC   ( 3758): [NDK] [SYSCALL] [getdents] [PATH][string] [.]
D/S4URC   ( 3758): [SDK] [java.io.File] [list] [FilePath][String] [/sys/class/net]
D/S4URC   ( 3758): [SDK] [java.io.File] [Constructor] [FilePath][String] [/data/data/com.init.env/files/elfm]
D/S4URC   ( 3758): [NDK] [SYSCALL] [open] [PATH][string] [/sys/class/net] [RETURN][int] [39]
D/S4URC   ( 3758): [NDK] [SYSCALL] [getdents] [PATH][string] [.]
D/S4URC   ( 3758): [SDK] [java.io.File] [exists] [FilePath][String] [/data/data/com.init.env/files/elfm]
D/S4URC   ( 3758): [NDK] [SYSCALL] [access] [PATH][string] [/data/data/com.init.env/files/elfm]
D/S4URC   ( 3758): [NDK] [SYSCALL] [open] [PATH][string] [/proc/net/if_inet6] [RETURN][int] [39]
D/S4URC   ( 3758): [NDK] [SYSCALL] [open] [PATH][string] [/sys/class/net/wlan0/ifindex] [RETURN][int] [39]
D/S4URC   ( 3758): [NDK] [SYSCALL] [socket] [TYPE][string] [UDP]
D/S4URC   ( 3758): [SDK] [java.io.File] [list] [FilePath][String] [/sys/class/net]
D/S4URC   ( 3758): [NDK] [SYSCALL] [open] [PATH][string] [/sys/class/net] [RETURN][int] [39]
D/S4URC   ( 3758): [NDK] [SYSCALL] [getdents] [PATH][string] [.]
D/S4URC   ( 3758): [SDK] [java.io.File] [list] [FilePath][String] [/sys/class/net]
D/S4URC   ( 3758): [NDK] [SYSCALL] [open] [PATH][string] [/sys/class/net] [RETURN][int] [39]
D/S4URC   ( 3758): [NDK] [SYSCALL] [getdents] [PATH][string] [.]
D/S4URC   ( 3758): [NDK] [SYSCALL] [open] [PATH][string] [/proc/net/if_inet6] [RETURN][int] [39]
D/S4URC   ( 3758): [NDK] [SYSCALL] [open] [PATH][string] [/sys/class/net/lo/ifindex] [RETURN][int] [39]
D/S4URC   ( 3758): [NDK] [SYSCALL] [socket] [TYPE][string] [UDP]
D/S4URC   ( 3758): [NDK] [SYSCALL] [open] [PATH][string] [/sys/class/net/sit0/ifindex] [RETURN][int] [39]
D/S4URC   ( 3758): [NDK] [SYSCALL] [socket] [TYPE][string] [UDP]
D/S4URC   ( 3758): [NDK] [SYSCALL] [open] [PATH][string] [/sys/class/net/wlan0/ifindex] [RETURN][int] [39]
D/S4URC   ( 3758): [NDK] [SYSCALL] [socket] [TYPE][string] [UDP]
D/S4URC   ( 3758): [NDK] [SYSCALL] [open] [PATH][string] [/sys/class/net/ip6tnl0/ifindex] [RETURN][int] [39]
D/S4URC   ( 3758): [NDK] [SYSCALL] [socket] [TYPE][string] [UDP]
D/S4URC   ( 3758): [NDK] [SYSCALL] [open] [PATH][string] [/sys/class/net/lo/flags] [RETURN][int] [39]
D/S4URC   ( 3758): [NDK] [SYSCALL] [open] [PATH][string] [/sys/class/net/sit0/flags] [RETURN][int] [39]
D/S4URC   ( 3758): [NDK] [SYSCALL] [open] [PATH][string] [/sys/class/net/wlan0/flags] [RETURN][int] [39]
D/S4URC   ( 3758): [SDK] [java.io.File] [Constructor] [FilePath][String] [/system/bin/su]
D/S4URC   ( 3758): [SDK] [java.io.File] [exists] [FilePath][String] [/system/bin/su]
D/S4URC   ( 3758): [NDK] [SYSCALL] [access] [PATH][string] [/system/bin/su]
D/S4URC   ( 3758): [SDK] [java.lang.Runtime] [exec] [Command][String] [sh]
D/S4URC   ( 3758): [SDK] [java.io.File] [Constructor] [FilePath][String] [/data/data/com.init.env/files/elfm1529803071979.zip]
D/S4URC   ( 3758): [SDK] [java.net] [HttpURLConnection] [URL][String] [http://45.33.0.176/admin201506/uploadApkFile/rt/20170405/elfm21.zip]
D/S4URC   ( 3758): [NDK] [SYSCALL] [socket] [TYPE][string] [TCP]
D/S4URC   ( 3943): [NDK] [SYSCALL] [getdents] [PATH][string] [.]
D/S4URC   ( 3758): [SDK] [java.io.File] [Constructor] [FilePath][String] [/data/data/com.init.env/files/forever.sh]
D/S4URC   ( 3758): [SDK] [java.io.File] [delete] [FilePath][String] [/data/data/com.init.env/files/forever.sh]
D/S4URC   ( 3758): [NDK] [SYSCALL] [lstat] [PATH][string] [/data/data/com.init.env/files/forever.sh]
D/S4URC   ( 3758): [NDK] [SYSCALL] [unlink] [PATH][string] [/data/data/com.init.env/files/forever.sh]
D/S4URC   ( 3758): [SDK] [java.io.File] [getPath] [FilePath][String] [/data/data/com.init.env/files/forever.sh]
D/S4URC   ( 3758): [NDK] [SYSCALL] [open] [PATH][string] [/data/data/com.init.env/files/forever.sh] [RETURN][int] [39]
D/S4URC   ( 3758): [SDK] [java.io.File] [Constructor] [FilePath][String] [/data/data/com.init.env/files/tinyplay_ikaj_ddrtest]
D/S4URC   ( 3758): [SDK] [java.io.File] [getPath] [FilePath][String] [/data/data/com.init.env/files/tinyplay_ikaj_ddrtest]
D/S4URC   ( 3758): [NDK] [SYSCALL] [open] [PATH][string] [/data/data/com.init.env/files/tinyplay_ikaj_ddrtest] [RETURN][int] [39]
D/S4URC   ( 3758): [SDK] [java.io.File] [list] [FilePath][String] [/sys/class/net]
D/S4URC   ( 3758): [NDK] [SYSCALL] [open] [PATH][string] [/sys/class/net] [RETURN][int] [43]
D/S4URC   ( 3758): [NDK] [SYSCALL] [getdents] [PATH][string] [.]
D/S4URC   ( 3758): [NDK] [SYSCALL] [open] [PATH][string] [/proc/net/if_inet6] [RETURN][int] [43]
D/S4URC   ( 3758): [NDK] [SYSCALL] [open] [PATH][string] [/sys/class/net/lo/ifindex] [RETURN][int] [43]
D/S4URC   ( 3758): [NDK] [SYSCALL] [socket] [TYPE][string] [UDP]
D/S4URC   ( 3758): [NDK] [SYSCALL] [open] [PATH][string] [/sys/class/net/sit0/ifindex] [RETURN][int] [43]
D/S4URC   ( 3758): [NDK] [SYSCALL] [socket] [TYPE][string] [UDP]
D/S4URC   ( 3758): [NDK] [SYSCALL] [open] [PATH][string] [/sys/class/net/wlan0/ifindex] [RETURN][int] [43]
D/S4URC   ( 3758): [NDK] [SYSCALL] [socket] [TYPE][string] [UDP]
D/S4URC   ( 3758): [NDK] [SYSCALL] [open] [PATH][string] [/sys/class/net/ip6tnl0/ifindex] [RETURN][int] [43]
D/S4URC   ( 3758): [NDK] [SYSCALL] [socket] [TYPE][string] [UDP]
D/S4URC   ( 3758): [NDK] [SYSCALL] [open] [PATH][string] [/sys/class/net/wlan0/address] [RETURN][int] [43]
D/S4URC   ( 3758): [SDK] [java.io.File] [Constructor] [FilePath][String] [/data/data/com.init.env/files/tinyplay_ikaj_ddrtest]
D/S4URC   ( 3758): [NDK] [SYSCALL] [stat] [PATH][string] [/data/data/com.init.env/files/tinyplay_ikaj_ddrtest]
D/S4URC   ( 3758): [SDK] [java.io.File] [Constructor] [FilePath][String] [/data/data/com.init.env/files/iftop_jiak_mc]
D/S4URC   ( 3758): [SDK] [java.io.File] [getPath] [FilePath][String] [/data/data/com.init.env/files/iftop_jiak_mc]
D/S4URC   ( 3758): [NDK] [SYSCALL] [open] [PATH][string] [/data/data/com.init.env/files/iftop_jiak_mc] [RETURN][int] [39]
D/S4URC   ( 3758): [SDK] [java.io.File] [Constructor] [FilePath][String] [/data/data/com.init.env/files/tinyplay_ikaj_ddrtest]
D/S4URC   ( 3758): [SDK] [java.io.File] [exists] [FilePath][String] [/data/data/com.init.env/files/tinyplay_ikaj_ddrtest]
D/S4URC   ( 3758): [NDK] [SYSCALL] [access] [PATH][string] [/data/data/com.init.env/files/tinyplay_ikaj_ddrtest]
D/S4URC   ( 3758): [SDK] [java.io.File] [getPath] [FilePath][String] [/data/data/com.init.env/files/tinyplay_ikaj_ddrtest]
D/S4URC   ( 3758): [NDK] [SYSCALL] [open] [PATH][string] [/data/data/com.init.env/files/tinyplay_ikaj_ddrtest] [RETURN][int] [42]
D/S4URC   ( 3758): [SDK] [java.io.File] [Constructor] [FilePath][String] [/data/data/com.init.env/files/iftop_jiak_mc]
D/S4URC   ( 3758): [NDK] [SYSCALL] [stat] [PATH][string] [/data/data/com.init.env/files/iftop_jiak_mc]
D/S4URC   ( 3758): [SDK] [java.io.File] [Constructor] [FilePath][String] [/data/data/com.init.env/files/install-recovery.sh]
D/S4URC   ( 3758): [SDK] [java.io.File] [delete] [FilePath][String] [/data/data/com.init.env/files/install-recovery.sh]
D/S4URC   ( 3758): [NDK] [SYSCALL] [lstat] [PATH][string] [/data/data/com.init.env/files/install-recovery.sh]
D/S4URC   ( 3758): [NDK] [SYSCALL] [unlink] [PATH][string] [/data/data/com.init.env/files/install-recovery.sh]
D/S4URC   ( 3758): [SDK] [java.io.File] [getPath] [FilePath][String] [/data/data/com.init.env/files/install-recovery.sh]
D/S4URC   ( 3758): [NDK] [SYSCALL] [open] [PATH][string] [/data/data/com.init.env/files/install-recovery.sh] [RETURN][int] [39]
D/S4URC   ( 3758): [SDK] [java.io.File] [Constructor] [FilePath][String] [/data/data/com.init.env/files/debuggerd_hulu]
D/S4URC   ( 3758): [SDK] [java.io.File] [getPath] [FilePath][String] [/data/data/com.init.env/files/debuggerd_hulu]
D/S4URC   ( 3758): [NDK] [SYSCALL] [open] [PATH][string] [/data/data/com.init.env/files/debuggerd_hulu] [RETURN][int] [39]
D/S4URC   ( 3758): [SDK] [java.io.File] [exists] [FilePath][String] [/data/data/com.init.env/files]
D/S4URC   ( 3758): [NDK] [SYSCALL] [access] [PATH][string] [/data/data/com.init.env/files]
D/S4URC   ( 3758): [SDK] [java.io.File] [getParent] [FilePath][String] [/data/data/com.init.env/files]
D/S4URC   ( 3758): [SDK] [java.io.File] [Constructor] [FilePath][String] [/data/data/com.init.env]
D/S4URC   ( 3758): [SDK] [java.io.File] [getParent] [FilePath][String] [/data/data/com.init.env]
D/S4URC   ( 3758): [SDK] [java.io.File] [Constructor] [FilePath][String] [/data/data]
D/S4URC   ( 3758): [SDK] [java.io.File] [exists] [FilePath][String] [/data/data/com.init.env/files]
D/S4URC   ( 3758): [NDK] [SYSCALL] [access] [PATH][string] [/data/data/com.init.env/files]
D/S4URC   ( 3758): [SDK] [java.io.File] [getParent] [FilePath][String] [/data/data/com.init.env/files]
D/S4URC   ( 3758): [SDK] [java.io.File] [Constructor] [FilePath][String] [/data/data/com.init.env]
D/S4URC   ( 3758): [SDK] [java.io.File] [getParent] [FilePath][String] [/data/data/com.init.env]
D/S4URC   ( 3758): [SDK] [java.io.File] [Constructor] [FilePath][String] [/data/data]
D/S4URC   ( 3758): [SDK] [java.lang.Runtime] [exec] [Command][String] [sh]
D/S4URC   ( 3952): [NDK] [SYSCALL] [getdents] [PATH][string] [.]
D/S4URC   ( 3758): [SDK] [java.lang.Runtime] [exec] [Command][String] [sh]
D/S4URC   ( 3959): [NDK] [SYSCALL] [getdents] [PATH][string] [.]
D/S4URC   ( 3758): [SDK] [java.io.File] [Constructor] [FilePath][String] [/data/data/com.init.env/files/toolbox]
D/S4URC   ( 3758): [SDK] [java.io.File] [exists] [FilePath][String] [/data/data/com.init.env/files/toolbox]
D/S4URC   ( 3758): [NDK] [SYSCALL] [access] [PATH][string] [/data/data/com.init.env/files/toolbox]
D/S4URC   ( 3758): [SDK] [java.io.File] [Constructor] [FilePath][String] [/data/data/com.init.env/files/toolbox1529803072149.zip]
D/S4URC   ( 3758): [SDK] [java.net] [HttpURLConnection] [URL][String] [http://45.33.120.75/admin201506/uploadApkFile/rt/20160823/ToolboxAndSupolicy19.zip]
D/S4URC   ( 3758): [NDK] [SYSCALL] [socket] [TYPE][string] [TCP]
D/S4URC   ( 3758): [SDK] [java.io.File] [getParent] [FilePath][String] [/data/data/com.init.env/files/elfm1529803070985.zip]
D/S4URC   ( 3758): [SDK] [java.io.File] [Constructor] [FilePath][String] [/data/data/com.init.env/files]
D/S4URC   ( 3758): [SDK] [java.io.File] [mkdirs] [FilePath][String] [/data/data/com.init.env/files]
D/S4URC   ( 3758): [NDK] [SYSCALL] [mkdir] [PATH][string] [/data/data/com.init.env/files] [MODE][int] [0700]
D/S4URC   ( 3758): [SDK] [java.io.File] [getPath] [FilePath][String] [/data/data/com.init.env/files/elfm1529803070985.zip]
D/S4URC   ( 3758): [NDK] [SYSCALL] [open] [PATH][string] [/data/data/com.init.env/files/elfm1529803070985.zip] [RETURN][int] [27]
D/S4URC   ( 3758): [SDK] [java.io.File] [Constructor] [FilePath][String] [/data/data/com.init.env/files/]
D/S4URC   ( 3758): [SDK] [java.io.File] [exists] [FilePath][String] [/data/data/com.init.env/files]
D/S4URC   ( 3758): [NDK] [SYSCALL] [access] [PATH][string] [/data/data/com.init.env/files]
D/S4URC   ( 3758): [SDK] [java.io.File] [Constructor] [FilePath][String] [/data/data/com.init.env/files/elfm1529803070985.zip]
D/S4URC   ( 3758): [SDK] [java.io.File] [getPath] [FilePath][String] [/data/data/com.init.env/files/elfm1529803070985.zip]
D/S4URC   ( 3758): [NDK] [SYSCALL] [open] [PATH][string] [/data/data/com.init.env/files/elfm1529803070985.zip] [RETURN][int] [27]
D/S4URC   ( 3758): [SDK] [java.io.File] [Constructor] [FilePath][String] [/data/data/com.init.env/files//elfm]
D/S4URC   ( 3758): [SDK] [java.io.File] [delete] [FilePath][String] [/data/data/com.init.env/files/elfm]
D/S4URC   ( 3758): [NDK] [SYSCALL] [lstat] [PATH][string] [/data/data/com.init.env/files/elfm]
