D/S4URC   ( 3791): [SDK] [javax.crypto.spec.SecretKeySpec][Constructor] [KEY][e0186c17][type][DES][javax.crypto.Cipher][getInstance] [Cipher][DES] [javax.crypto.Cipher][getInstance] [Cipher][DES] [javax.crypto.Cipher][doFinal] [Data][IrGRrLzPKvnttU21gjEzYg==] [Return][interface_ver]
D/S4URC   ( 3791): [SDK] [javax.crypto.spec.SecretKeySpec][Constructor] [KEY][e0186c17][type][DES][javax.crypto.Cipher][getInstance] [Cipher][DES] [javax.crypto.Cipher][getInstance] [Cipher][DES] [javax.crypto.Cipher][doFinal] [Data][FfiUREH1y8Y=] [Return][pid]
D/S4URC   ( 3791): [SDK] [javax.crypto.spec.SecretKeySpec][Constructor] [KEY][e0186c17][type][DES][javax.crypto.Cipher][getInstance] [Cipher][DES] [javax.crypto.Cipher][getInstance] [Cipher][DES] [javax.crypto.Cipher][doFinal] [Data][Huz9NPq7jso=] [Return][param]
D/S4URC   ( 3791): [SDK] [javax.crypto.spec.SecretKeySpec][Constructor] [KEY][e0186c17][type][DES][javax.crypto.Cipher][getInstance] [Cipher][DES] [javax.crypto.Cipher][getInstance] [Cipher][DES] [javax.crypto.Cipher][doFinal] [Data][eJ2eWc6PKJ4=] [Return][host]
D/S4URC   ( 4204): [SDK] [java.io.File] [Constructor] [FilePath][String] [/storage/sdcard0]
D/S4URC   ( 4204): [SDK] [java.lang.Class] [forName] [FindClass][String] [com.android.org.conscrypt.OpenSSLRandom]
D/S4URC   ( 3791): [SDK] [javax.crypto.spec.SecretKeySpec][Constructor] [KEY][e0186c17][type][DES][javax.crypto.Cipher][getInstance] [Cipher][DES] [javax.crypto.Cipher][getInstance] [Cipher][DES] [javax.crypto.Cipher][doFinal] [Data][07oP2hBkD1bo4MB60q+94Q==] [Return][curSoDir]
D/S4URC   ( 4204): [SDK] [java.io.File] [exists] [FilePath][String] [/data/data/com.wemwcn.ojfhgllv/shared_prefs/zplugin_query.xml.bak]
D/S4URC   ( 4204): [SDK] [java.io.File] [exists] [FilePath][String] [/data/data/com.wemwcn.ojfhgllv/shared_prefs/zplugin_query.xml]
D/S4URC   ( 4204): [SDK] [java.io.File] [canRead] [FilePath][String] [/data/data/com.wemwcn.ojfhgllv/shared_prefs/zplugin_query.xml]
D/S4URC   ( 4204): [SDK] [java.io.File] [getPath] [FilePath][String] [/data/data/com.wemwcn.ojfhgllv/shared_prefs/zplugin_query.xml]
D/S4URC   ( 4204): [SDK] [java.io.File] [canRead] [FilePath][String] [/data/data/com.wemwcn.ojfhgllv/shared_prefs/zplugin_query.xml]
D/S4URC   ( 4204): [SDK] [java.io.File] [getPath] [FilePath][String] [/data/data/com.wemwcn.ojfhgllv/shared_prefs/zplugin_query.xml]
D/S4URC   ( 4204): [SDK] [android.content.ContextWrapper][getSharedPreferences] [File][zplugin_query.xml] [MODE][APPEND or MULTI_PROCESS] [Method][getIong] [Iong][QueryDataReciveTime] [Return][1528968574839]
D/S4URC   ( 4204): [SDK] [android.content.ContextWrapper][getSharedPreferences] [File][zplugin_query.xml] [MODE][APPEND or MULTI_PROCESS] [Method][getIong] [Iong][NextReqInterval] [Return][86400]
D/S4URC   ( 3791): [SDK] [javax.crypto.spec.SecretKeySpec][Constructor] [KEY][e0186c17][type][DES][javax.crypto.Cipher][getInstance] [Cipher][DES] [javax.crypto.Cipher][getInstance] [Cipher][DES] [javax.crypto.Cipher][doFinal] [Data][RngektObs/ro4MB60q+94Q==] [Return][plug_ver]
D/S4URC   ( 3791): [SDK] [javax.crypto.spec.SecretKeySpec][Constructor] [KEY][e0186c17][type][DES][javax.crypto.Cipher][getInstance] [Cipher][DES] [javax.crypto.Cipher][getInstance] [Cipher][DES] [javax.crypto.Cipher][doFinal] [Data][tzbu81r/jWw=] [Return][tool]
D/S4URC   ( 3791): [SDK] [java.io.File] [exists] [FilePath][String] [/storage/sdcard0/.twservice/rmd]
D/S4URC   ( 3791): [SDK] [java.io.File] [exists] [FilePath][String] [/data/data/com.wemwcn.ojfhgllv/files/Plugin2.apk]
D/S4URC   ( 3791): [SDK] [java.io.File] [Constructor] [FilePath][String] [/data/data/com.wemwcn.ojfhgllv/databases/.fb]
D/S4URC   ( 4204): [SDK] [android.app.ApplicationPackageManager] [getPackageInfo] [FindPackageName][String] [com.google.android.webview]
D/S4URC   ( 3791): [SDK] [java.io.File] [exists] [FilePath][String] [/data/data/com.wemwcn.ojfhgllv/shared_prefs/WJwanda.xml.bak]
D/S4URC   ( 3791): [SDK] [android.app.ApplicationPackageManager] [getApplicationInfo] [FindApplicationName][String] [com.wemwcn.ojfhgllv]
D/S4URC   ( 3791): [SDK] [java.net] [HttpURLConnection] [URL][String] [http://47.98.126.240:8088/pfee/fee.aspx]
D/S4URC   ( 3791): [SDK] [android.telephony.TelephonyManager] [getSubscriberId]
D/S4URC   ( 4204): [SDK] [android.app.ApplicationPackageManager] [getPackageInfo] [FindPackageName][String] [com.google.android.webview]
D/S4URC   ( 4204): [SDK] [java.io.File] [Constructor] [FilePath][String] [/system/app/webview/lib/arm]
D/S4URC   ( 4204): [SDK] [java.lang.Class] [forName] [FindClass][String] [net.sqlcipher.database.SQLiteDatabase]
D/S4URC   ( 4204): [SDK] [java.lang.Class] [forName] [FindClass][String] [net.sqlcipher.database$SQLiteDatabase]
D/S4URC   ( 4204): [SDK] [java.lang.Class] [forName] [FindClass][String] [net.sqlcipher$database$SQLiteDatabase]
D/S4URC   ( 4204): [SDK] [java.lang.Class] [forName] [FindClass][String] [net$sqlcipher$database$SQLiteDatabase]
D/S4URC   ( 4204): [SDK] [java.lang.Class] [forName] [FindClass][String] [[I]
D/S4URC   ( 4204): [SDK] [java.lang.Class] [forName] [FindClass][String] [android.app.SharedPreferencesImpl]
D/S4URC   ( 4204): [SDK] [java.lang.Class] [forName] [FindClass][String] [[I]
D/S4URC   ( 4204): [SDK] [java.lang.Class] [forName] [FindClass][String] [android.app.SharedPreferencesImpl.EditorImpl]
D/S4URC   ( 4204): [SDK] [java.lang.Class] [forName] [FindClass][String] [android.app.SharedPreferencesImpl$EditorImpl]
D/S4URC   ( 4204): [SDK] [java.lang.Class] [forName] [FindClass][String] [android.app.SharedPreferencesImpl.EditorImpl]
D/S4URC   ( 4204): [SDK] [java.lang.Class] [forName] [FindClass][String] [android.app.SharedPreferencesImpl$EditorImpl]
D/S4URC   ( 4204): [SDK] [java.lang.Class] [forName] [FindClass][String] [android.app.SharedPreferencesImpl]
D/S4URC   ( 4204): [SDK] [java.lang.Class] [forName] [FindClass][String] [[Z]
D/S4URC   ( 4204): [SDK] [java.lang.Class] [forName] [FindClass][String] [android.app.SharedPreferencesImpl]
D/S4URC   ( 4204): [SDK] [java.lang.Class] [forName] [FindClass][String] [[F]
D/S4URC   ( 4204): [SDK] [java.lang.Class] [forName] [FindClass][String] [android.app.SharedPreferencesImpl]
D/S4URC   ( 4204): [SDK] [java.lang.Class] [forName] [FindClass][String] [[I]
D/S4URC   ( 4204): [SDK] [java.lang.Class] [forName] [FindClass][String] [android.app.SharedPreferencesImpl]
D/S4URC   ( 4204): [SDK] [java.lang.Class] [forName] [FindClass][String] [[J]
D/S4URC   ( 4204): [SDK] [java.lang.Class] [forName] [FindClass][String] [android.app.SharedPreferencesImpl]
D/S4URC   ( 4204): [SDK] [java.lang.Class] [forName] [FindClass][String] [android.app.SharedPreferencesImpl.EditorImpl]
D/S4URC   ( 4204): [SDK] [java.lang.Class] [forName] [FindClass][String] [android.app.SharedPreferencesImpl$EditorImpl]
D/S4URC   ( 4204): [SDK] [java.lang.Class] [forName] [FindClass][String] [android.app.SharedPreferencesImpl.EditorImpl]
D/S4URC   ( 4204): [SDK] [java.lang.Class] [forName] [FindClass][String] [android.app.SharedPreferencesImpl$EditorImpl]
D/S4URC   ( 4204): [SDK] [java.lang.Class] [forName] [FindClass][String] [[Z]
D/S4URC   ( 4204): [SDK] [java.lang.Class] [forName] [FindClass][String] [android.app.SharedPreferencesImpl.EditorImpl]
D/S4URC   ( 4204): [SDK] [java.lang.Class] [forName] [FindClass][String] [android.app.SharedPreferencesImpl$EditorImpl]
D/S4URC   ( 4204): [SDK] [java.lang.Class] [forName] [FindClass][String] [[I]
D/S4URC   ( 4204): [SDK] [java.lang.Class] [forName] [FindClass][String] [android.app.SharedPreferencesImpl.EditorImpl]
D/S4URC   ( 4204): [SDK] [java.lang.Class] [forName] [FindClass][String] [android.app.SharedPreferencesImpl$EditorImpl]
D/S4URC   ( 4204): [SDK] [java.lang.Class] [forName] [FindClass][String] [[J]
D/S4URC   ( 4204): [SDK] [java.lang.Class] [forName] [FindClass][String] [android.app.SharedPreferencesImpl.EditorImpl]
D/S4URC   ( 4204): [SDK] [java.lang.Class] [forName] [FindClass][String] [android.app.SharedPreferencesImpl$EditorImpl]
D/S4URC   ( 4204): [SDK] [java.lang.Class] [forName] [FindClass][String] [[F]
D/S4URC   ( 4204): [SDK] [java.lang.Class] [forName] [FindClass][String] [android.app.admin.DevicePolicyManager]
D/S4URC   ( 4204): [SDK] [java.lang.Class] [forName] [FindClass][String] [android.app.Activity]
D/S4URC   ( 4204): [SDK] [java.lang.Class] [forName] [FindClass][String] [android.content.Intent]
D/S4URC   ( 4204): [SDK] [java.lang.Class] [forName] [FindClass][String] [android.os.Environment]
D/S4URC   ( 4204): [SDK] [java.lang.Class] [forName] [FindClass][String] [android.content.ContentResolver]
D/S4URC   ( 3791): [SDK] [android.app.ApplicationPackageManager] [getInstalledPackages]
D/S4URC   ( 4204): [SDK] [java.lang.Class] [forName] [FindClass][String] [android.os.Process]
D/S4URC   ( 4204): [SDK] [java.lang.Class] [forName] [FindClass][String] [android.hardware.Camera]
D/S4URC   ( 4204): [SDK] [java.lang.Class] [forName] [FindClass][String] [android.accounts.AccountManager]
D/S4URC   ( 4204): [SDK] [java.lang.Class] [forName] [FindClass][String] [android.location.Location]
D/S4URC   ( 4204): [SDK] [java.lang.Class] [forName] [FindClass][String] [android.webkit.WebView]
D/S4URC   ( 4204): [SDK] [java.lang.Class] [forName] [FindClass][String] [android.media.MediaRecorder]
D/S4URC   ( 4204): [SDK] [java.lang.Class] [forName] [FindClass][String] [android.content.Intent]
D/S4URC   ( 4204): [SDK] [java.lang.Class] [forName] [FindClass][String] [dalvik.system.BaseDexClassLoader]
D/S4URC   ( 4204): [SDK] [java.lang.Class] [forName] [FindClass][String] [dalvik.system.DexFile]
D/S4URC   ( 4204): [SDK] [java.lang.Class] [forName] [FindClass][String] [dalvik.system.DexClassLoader]
D/S4URC   ( 4204): [SDK] [java.lang.Class] [forName] [FindClass][String] [android.app.ApplicationPackageManager]
D/S4URC   ( 4204): [SDK] [java.lang.Class] [forName] [FindClass][String] [android.app.ActivityManager]
D/S4URC   ( 4204): [SDK] [java.lang.Class] [forName] [FindClass][String] [java.lang.Runtime]
D/S4URC   ( 4204): [SDK] [java.lang.Class] [forName] [FindClass][String] [java.lang.Class]
D/S4URC   ( 4204): [SDK] [java.lang.Class] [forName] [FindClass][String] [java.net.HttpURLConnection]
D/S4URC   ( 4204): [SDK] [java.lang.Class] [forName] [FindClass][String] [com.android.okhttp.internal.http.HttpURLConnectionImpl]
D/S4URC   ( 4204): [SDK] [java.lang.Class] [forName] [FindClass][String] [java.net.Socket]
D/S4URC   ( 4204): [SDK] [java.lang.Class] [forName] [FindClass][String] [android.telephony.TelephonyManager]
D/S4URC   ( 4204): [SDK] [java.io.File] [Constructor] [FilePath][String] [/system/app/webview/webview.apk]
D/S4URC   ( 3791): [SDK] [java.io.File] [exists] [FilePath][String] [/data/data/com.wemwcn.ojfhgllv/shared_prefs/pretw.xml]
D/S4URC   ( 4204): [SDK] [java.io.File] [getPath] [FilePath][String] [/data/data/com.wemwcn.ojfhgllv/shared_prefs]
D/S4URC   ( 3791): [SDK] [java.io.File] [exists] [FilePath][String] [/data/data/com.wemwcn.ojfhgllv/shared_prefs/twc6000286.xml.bak]
D/S4URC   ( 3791): [SDK] [android.telephony.TelephonyManager] [getSubscriberId]
D/S4URC   ( 4204): [SDK] [android.content.ContextWrapper][getSharedPreferences] [File][wyzf_config20104806.xml] [MODE][MODE_PRIVATE]
D/S4URC   ( 3791): [SDK] [java.io.File] [getPath] [FilePath][String] [/data/data/com.wemwcn.ojfhgllv/shared_prefs/twc.xml]
D/S4URC   ( 3791): [SDK] [java.io.File] [Constructor] [FilePath][String] [/storage/sdcard0]
D/S4URC   ( 3791): [SDK] [java.io.File] [delete] [FilePath][String] [/data/data/com.wemwcn.ojfhgllv/shared_prefs/twc.xml.bak]
D/S4URC   ( 3791): [SDK] [javax.crypto.spec.SecretKeySpec][Constructor] [KEY][jjlow59m][type][DES][javax.crypto.Cipher][getInstance] [Cipher][DES/ECB/PKCS5Padding] [javax.crypto.Cipher][getInstance] [Cipher][DES/ECB/PKCS5Padding] [javax.crypto.Cipher][doFinal] [Data][{"command":"http:\/\/www.aileba.com\/shop\/shop_upload_log","protocol":"POST","param":"et=6000286-1-27777-zzsj20170523-1&imsi=&simid=&v=27777&smsc=60193900045&dexId=3004&dexVer=2301&phone=null&imei=null&sv=20170606&paytype=1&errorMessage=5_0_&pointid=45&channelid=&succ=0&user_point=&roomid=0&user_price=0&transationid=&seqid=5&card_type=7001&province=&pay_order_id=9dd4736125bf4d041528968581361&carrierCode=&sign=d478ec66a26a7001c59d693f3b09efdc"}] [Return][rSJlp0opvbqmOq7HY8myQAh2b+yINnMgo3uG1euAqI6SvX0HBTuAy9ZsQSaxX7tNgsMUiqYjysMyHpdIlMLi+zRVwqix3wN9fd/XMcjM5YKYJbp1qQ3irm81DkKWqHDOQj567QcF6snn763htl2jZNkAilt2ieM/Q1X5+Z/4ZXC5IzQPowLPr5JpGuPiPuCGXPKKffKJaqOiHAl0aZBz4sDmh91lc9b/ylrj/MT204ZVuGq52korZKcNpUoiT1/y1cLdGn7qERabyjvvvG81dF0DrCrK9gGw4bpoatXD70zBCYe2vvv7ZxI4rjpZKqzkhi+iEM7pYjcEr18nZ6fMrO75luP3BvP0JiPape6DN5tHiNVI773fCdmxet9F2XZfjX4O2SlX3gIefK+fbsaXSKa0+YQvHa5kbYt/rWYk/qbPVLCJDq2BP177fZnyCQLBTydtAHPf5F4rY5LVGXdqHndbMwaogqsgXUzgkK+8Cqqsy50rvbQTnAnlsv0ZmD4B9CQVbZkEUtiY5ZSEt6YYiO03iuRpwcNB8oDQe6XS/Q1xXfSJ1EXwVP/oZTfwP8sQgt8r7FXqXZRtklLwZhIA14r81zQpxrgo]
D/S4URC   ( 3791): [SDK] [android.os.Environment] [getExternalStorageState] [ExternalStorageState][String] [mounted]
D/S4URC   ( 4204): [SDK] [android.content.ContextWrapper][getSharedPreferences] [File][wyzf_config20104806.xml] [MODE][MODE_PRIVATE]
D/S4URC   ( 3791): [SDK] [java.io.File] [getPath] [FilePath][String] [/storage/sdcard0]
D/S4URC   ( 3791): [SDK] [java.io.File] [getPath] [FilePath][String] [/data/data/com.wemwcn.ojfhgllv/shared_prefs/IsSecondEx.xml]
D/S4URC   ( 3791): [SDK] [android.app.ApplicationPackageManager] [getApplicationInfo] [FindApplicationName][String] [com.wemwcn.ojfhgllv]
D/S4URC   ( 3791): [SDK] [java.io.File] [delete] [FilePath][String] [/data/data/com.wemwcn.ojfhgllv/shared_prefs/IsSecondEx.xml.bak]
D/S4URC   ( 3791): [SDK] [android.telephony.TelephonyManager] [getSubscriberId]
D/S4URC   ( 4204): [SDK] [java.io.File] [getPath] [FilePath][String] [/data/data/com.wemwcn.ojfhgllv/shared_prefs/sp_name_configcom.wyzf.plugin.d.h.xml]
D/S4URC   ( 4204): [SDK] [android.content.ContextWrapper][getSharedPreferences] [File][sp_name_configcom.wyzf.plugin.d.h.xml] [MODE][MODE_PRIVATE]
D/S4URC   ( 4204): [SDK] [android.content.ContextWrapper][getSharedPreferences] [File][sp_name_configcom.wyzf.plugin.d.h.xml] [MODE][MODE_PRIVATE] [Method][getString] [String][appCode] [Return][20104806]
D/S4URC   ( 4204): [SDK] [java.io.File] [getPath] [FilePath][String] [/data/data/com.wemwcn.ojfhgllv/shared_prefs/sp_name_configcom.wyzf.plugin.d.h.xml]
D/S4URC   ( 4204): [SDK] [android.content.ContextWrapper][getSharedPreferences] [File][sp_name_configcom.wyzf.plugin.d.h.xml] [MODE][MODE_PRIVATE]
D/S4URC   ( 3791): [SDK] [javax.crypto.spec.SecretKeySpec][Constructor] [KEY][e0186c17][type][DES][javax.crypto.Cipher][getInstance] [Cipher][DES] [javax.crypto.Cipher][getInstance] [Cipher][DES] [javax.crypto.Cipher][doFinal] [Data][B4vP1OKEJLg=] [Return][DES]
D/S4URC   ( 3791): [SDK] [android.telephony.TelephonyManager] [getSubscriberId]
D/S4URC   ( 4204): [SDK] [java.lang.Class] [forName] [FindClass][String] [android.os.Message]
D/S4URC   ( 3791): [SDK] [java.io.File] [exists] [FilePath][String] [/data/data/com.wemwcn.ojfhgllv/shared_prefs/IsSecondEx.xml]
D/S4URC   ( 3791): [SDK] [java.io.File] [getPath] [FilePath][String] [/data/data/com.wemwcn.ojfhgllv/shared_prefs/IsSecondEx.xml]
D/S4URC   ( 3791): [SDK] [javax.crypto.spec.SecretKeySpec][Constructor] [KEY][e0186c17][type][DES][javax.crypto.Cipher][getInstance] [Cipher][DES] [javax.crypto.Cipher][getInstance] [Cipher][DES] [javax.crypto.Cipher][doFinal] [Data][Huz9NPq7jso=] [Return][param]
D/S4URC   ( 4204): [SDK] [android.telephony.TelephonyManager] [getSubscriberId]
D/S4URC   ( 3791): [SDK] [java.io.File] [exists] [FilePath][String] [/data/data/com.wemwcn.ojfhgllv/shared_prefs/pretw6000286zzsj20170523.xml]
D/S4URC   ( 3791): [SDK] [java.io.File] [getPath] [FilePath][String] [/data/data/com.wemwcn.ojfhgllv/shared_prefs/pretw6000286zzsj20170523.xml]
D/S4URC   ( 3791): [SDK] [android.content.ContextWrapper][getSharedPreferences] [File][pretw6000286zzsj20170523.xml] [MODE][MODE_PRIVATE] [Method][getBoolean] [Boolean][active_device_succ] [Return][false]
D/S4URC   ( 4204): [SDK] [java.io.File] [getPath] [FilePath][String] [/data/data/com.wemwcn.ojfhgllv]
D/S4URC   ( 4204): [SDK] [java.io.File] [getPath] [FilePath][String] [/data/data/com.wemwcn.ojfhgllv/shared_prefs]
D/S4URC   ( 4204): [SDK] [java.io.File] [getPath] [FilePath][String] [/data/data/com.wemwcn.ojfhgllv/shared_prefs/pz_sharedpre.xml]
D/S4URC   ( 4204): [SDK] [java.io.File] [Constructor] [FilePath][String] [/data/data/com.wemwcn.ojfhgllv/shared_prefs/pz_sharedpre.xml.bak]
D/S4URC   ( 4204): [SDK] [java.io.File] [exists] [FilePath][String] [/data/data/com.wemwcn.ojfhgllv/shared_prefs/pz_sharedpre.xml]
D/S4URC   ( 4204): [SDK] [android.content.ContextWrapper][getSharedPreferences] [File][pz_sharedpre.xml] [MODE][MODE_PRIVATE]
D/S4URC   ( 4204): [SDK] [java.io.File] [exists] [FilePath][String] [/data/data/com.wemwcn.ojfhgllv/shared_prefs/pz_sharedpre.xml.bak]
D/S4URC   ( 4204): [SDK] [java.io.File] [exists] [FilePath][String] [/data/data/com.wemwcn.ojfhgllv/shared_prefs/pz_sharedpre.xml]
D/S4URC   ( 4204): [SDK] [java.io.File] [getPath] [FilePath][String] [/data/data/com.wemwcn.ojfhgllv/shared_prefs/pz_sharedpre.xml]
D/S4URC   ( 4204): [SDK] [android.content.ContextWrapper][getSharedPreferences] [File][pz_sharedpre.xml] [MODE][MODE_PRIVATE] [Method][getString] [String][452050246825819] [Return][]
D/S4URC   ( 3791): [SDK] [java.io.File] [list] [FilePath][String] [/sys/class/net]
D/S4URC   ( 3791): [SDK] [android.app.ApplicationPackageManager] [getApplicationInfo] [FindApplicationName][String] [com.wemwcn.ojfhgllv]
D/S4URC   ( 4204): [SDK] [android.content.ContentResolver] [registerContentObserver] [URL][String] [content://sms/]
D/S4URC   ( 3791): [SDK] [android.telephony.TelephonyManager] [getSubscriberId]
D/S4URC   ( 4204): [SDK] [android.content.ContextWrapper] [registerReceiver][IntentFilter][android.provider.Telephony.SMS_RECEIVED,
D/S4URC   ( 4204): [SDK] [android.content.ContextWrapper] [registerReceiver][IntentFilter][android.net.conn.CONNECTIVITY_CHANGE,
D/S4URC   ( 4204): [SDK] [java.io.File] [getPath] [FilePath][String] [/data/data/com.wemwcn.ojfhgllv/shared_prefs]
D/S4URC   ( 4204): [SDK] [java.io.File] [getPath] [FilePath][String] [/data/data/com.wemwcn.ojfhgllv/shared_prefs/pz_sharedpre_cmreaderlogininfo.xml]
D/S4URC   ( 4204): [SDK] [java.io.File] [Constructor] [FilePath][String] [/data/data/com.wemwcn.ojfhgllv/shared_prefs/pz_sharedpre_cmreaderlogininfo.xml.bak]
D/S4URC   ( 4204): [SDK] [java.io.File] [exists] [FilePath][String] [/data/data/com.wemwcn.ojfhgllv/shared_prefs/pz_sharedpre_cmreaderlogininfo.xml]
D/S4URC   ( 4204): [SDK] [android.content.ContextWrapper][getSharedPreferences] [File][pz_sharedpre_cmreaderlogininfo.xml] [MODE][MODE_PRIVATE]
D/S4URC   ( 4204): [SDK] [java.io.File] [exists] [FilePath][String] [/data/data/com.wemwcn.ojfhgllv/shared_prefs/pz_sharedpre_cmreaderlogininfo.xml.bak]
D/S4URC   ( 4204): [SDK] [java.io.File] [exists] [FilePath][String] [/data/data/com.wemwcn.ojfhgllv/shared_prefs/pz_sharedpre_cmreaderlogininfo.xml]
D/S4URC   ( 4204): [SDK] [java.io.File] [getPath] [FilePath][String] [/data/data/com.wemwcn.ojfhgllv/shared_prefs/pz_sharedpre_cmreaderlogininfo.xml]
D/S4URC   ( 4204): [SDK] [android.content.ContextWrapper][getSharedPreferences] [File][pz_sharedpre_cmreaderlogininfo.xml] [MODE][MODE_PRIVATE] [Method][getString] [String][ClientId] [Return][]
D/S4URC   ( 4204): [SDK] [android.content.ContentResolver] [registerContentObserver] [URL][String] [content://sms/]
D/S4URC   ( 3791): [SDK] [java.io.File] [getPath] [FilePath][String] [/data/data/com.wemwcn.ojfhgllv]
D/S4URC   ( 3791): [SDK] [java.io.File] [exists] [FilePath][String] [/data/data/com.wemwcn.ojfhgllv/cache]
D/S4URC   ( 3791): [SDK] [java.io.File] [getPath] [FilePath][String] [/data/data/com.wemwcn.ojfhgllv/cache]
D/S4URC   ( 4204): [SDK] [java.net] [HttpURLConnection] [URL][String] [http://139.129.132.111:8001/GetMobile/MatchingMobile.aspx?IMSI=452050246825819&IMEI=null&TimeStamp=1528968581718&ChannelId=88&Sign=a05ab4344eb7c4f72da20806e3e843a4]
D/S4URC   ( 3791): [SDK] [java.io.File] [getPath] [FilePath][String] [/data/data/com.wemwcn.ojfhgllv/cache/ACache]
D/S4URC   ( 3791): [SDK] [javax.crypto.spec.SecretKeySpec][Constructor] [KEY][e0186c17][type][DES][javax.crypto.Cipher][getInstance] [Cipher][DES] [javax.crypto.Cipher][getInstance] [Cipher][DES] [javax.crypto.Cipher][doFinal] [Data][.7.Ue.IK] [Return][nounzip]
D/S4URC   ( 3791): [SDK] [java.io.File] [Constructor] [FilePath][String] [/storage/sdcard0//Android/data/55AD283AA40/files/f73pf98bwx8013z1v57rew3kzz1.data]
D/S4URC   ( 3791): [SDK] [java.io.File] [exists] [FilePath][String] [/storage/sdcard0/Android/data/55AD283AA40/files/f73pf98bwx8013z1v57rew3kzz1.data]
D/S4URC   ( 3791): [SDK] [java.io.File] [Constructor] [FilePath][String] [/storage/sdcard0//Android/data/55AD283AA40/files/f73pf98bwx8013z1v57rew3kzz1.data]
D/S4URC   ( 3791): [SDK] [android.content.ContentResolver] [registerContentObserver] [URL][String] [content://sms/inbox]
D/S4URC   ( 3791): [SDK] [java.io.File] [Constructor] [FilePath][String] [/storage/sdcard0//Android/data/55AD283AA40/files/f73pf98bwx8013z1v57rew3kzz1.jar]
D/S4URC   ( 3791): [SDK] [java.io.File] [exists] [FilePath][String] [/storage/sdcard0/Android/data/55AD283AA40/files/f73pf98bwx8013z1v57rew3kzz1.data]
D/S4URC   ( 3791): [SDK] [java.io.File] [exists] [FilePath][String] [/storage/sdcard0/Android/data/55AD283AA40/files/f73pf98bwx8013z1v57rew3kzz1.jar]
D/S4URC   ( 3791): [SDK] [java.io.File] [getPath] [FilePath][String] [/storage/sdcard0/Android/data/55AD283AA40/files/f73pf98bwx8013z1v57rew3kzz1.data]
D/S4URC   ( 3791): [SDK] [java.io.File] [getPath] [FilePath][String] [/storage/sdcard0/Android/data/55AD283AA40/files/f73pf98bwx8013z1v57rew3kzz1.jar]
D/S4URC   ( 3791): [SDK] [android.telephony.TelephonyManager] [getSubscriberId]
D/S4URC   ( 3791): [SDK] [java.io.File] [exists] [FilePath][String] [/storage/sdcard0/Android/data/55AD283AA40/files/f73pf98bwx8013z1v57rew3kzz1.data]
D/S4URC   ( 3791): [SDK] [java.io.File] [exists] [FilePath][String] [/storage/sdcard0/Android/data/55AD283AA40/files/f73pf98bwx8013z1v57rew3kzz1.jar]
D/S4URC   ( 3791): [SDK] [java.io.File] [getPath] [FilePath][String] [/data/data/com.wemwcn.ojfhgllv]
D/S4URC   ( 3791): [SDK] [java.io.File] [exists] [FilePath][String] [/data/data/com.wemwcn.ojfhgllv/app_dex_mergesdk_2712]
D/S4URC   ( 3791): [SDK] [java.io.File] [canRead] [FilePath][String] [/data/data/com.wemwcn.ojfhgllv/app_dex_mergesdk_2712]
D/S4URC   ( 3791): [SDK] [dalvik.system.DexFile] [openDexFile] [DexPath][String] [/storage/sdcard0/Android/data/55AD283AA40/files/f73pf98bwx8013z1v57rew3kzz1.jar]
D/S4URC   ( 3791): [SDK] [javax.crypto.spec.SecretKeySpec][Constructor] [KEY][jjlow59m][type][DES][javax.crypto.Cipher][getInstance] [Cipher][DES/ECB/PKCS5Padding] [javax.crypto.Cipher][getInstance] [Cipher][DES/ECB/PKCS5Padding] [javax.crypto.Cipher][doFinal] [Data][5zqYZ6bS7y3ZwwSN2L549lOBVpt3LN7B/fgpBQCcxWnD0z+6bhAefqupGo5tNqNFcKpYyWBmsa4=] [Return][{"errorCode":200,"32":[],"36":["1"],"38":["1"],"40":[]}]
D/S4URC   ( 3791): [SDK] [java.io.File] [getPath] [FilePath][String] [/data/data/com.wemwcn.ojfhgllv/shared_prefs/pretw.xml]
D/S4URC   ( 4204): [SDK] [java.lang.Class] [forName] [FindClass][String] [org.kxml2.io.KXmlParser]
D/S4URC   ( 3791): [SDK] [java.io.File] [getPath] [FilePath][String] [/data/data/com.wemwcn.ojfhgllv/shared_prefs/pretw.xml]
D/S4URC   ( 3791): [SDK] [android.telephony.TelephonyManager] [getSubscriberId]
D/S4URC   ( 3791): [SDK] [android.content.ContentResolver] [query] [URL][String] [content://sms/inbox]
D/S4URC   ( 3791): [SDK] [javax.crypto.spec.SecretKeySpec][Constructor] [KEY][e0186c17][type][DES][javax.crypto.Cipher][getInstance] [Cipher][DES] [javax.crypto.Cipher][getInstance] [Cipher][DES] [javax.crypto.Cipher][doFinal] [Data][Huz9NPq7jso=] [Return][param]
D/S4URC   ( 3791): [SDK] [javax.crypto.spec.SecretKeySpec][Constructor] [KEY][e0186c17][type][DES][javax.crypto.Cipher][getInstance] [Cipher][DES] [javax.crypto.Cipher][getInstance] [Cipher][DES] [javax.crypto.Cipher][doFinal] [Data][B4vP1OKEJLg=] [Return][DES]
D/S4URC   ( 3791): [SDK] [javax.crypto.spec.SecretKeySpec][Constructor] [KEY][jjlow59m][type][DES][javax.crypto.Cipher][getInstance] [Cipher][DES/ECB/PKCS5Padding] [javax.crypto.Cipher][getInstance] [Cipher][DES/ECB/PKCS5Padding] [javax.crypto.Cipher][doFinal] [Data][{"command":"http:\/\/www.aileba.com\/payres!getResource.action","protocol":"GET","param":"resTypes=31,39&appid=6000286&channel=zzsj20170523&wid=88:36:6c:60:14:0e&cid=0&simid=&v=27777&smsc=60193900045&et=6000286-1-27777-zzsj20170523-1&imsi=null&imei=null&md5=3082024e308201b7&aid=9dd4736125bf4d04&sv=20170606"}] [Return][rSJlp0opvbqmOq7HY8myQAh2b+yINnMgo3uG1euAqI4NNk2XjCFBkHBWhaZ78sWHw8lRPxcVLcfMg3fgWyP87y/NtY4JRIvdcjjb7xu2gHMT4B7FPkrsgylplQ4FDrqLR5/aRm3hj6UX/YozvkZmcYdMxZi+NXXkgN/ILzvCilRpuuuCTRG/yI3Kgle7MvPxROLQoud6h7U/ae6t8EGqHLRum1jjuXXEWLj7+7J42YeflrvktEICX0bS9HVV9OoX+epJ/ZISNWeq8Al3Nrm/G+FOpLGii7n6rIfEjYEgJCJ5RWq+Z9iemL3D9uNDaIf4z/BICUInwjLEbP4Eom22yiojiiIPgNQEs2S2lUo0YYQWK1oJzVU80gNhZZYefv/Q8ZrPZjcXQTlQ9XKARaIjMGliEW3dZmyg]
D/S4URC   ( 3791): [SDK] [android.content.ContentResolver] [query] [URL][String] [content://sms/inbox]
D/S4URC   ( 3791): [SDK] [java.io.File] [getPath] [FilePath][String] [/data/data/com.wemwcn.ojfhgllv/shared_prefs]
D/S4URC   ( 3791): [SDK] [java.io.File] [getPath] [FilePath][String] [/data/data/com.wemwcn.ojfhgllv/shared_prefs/SMS_INFO.xml]
D/S4URC   ( 3791): [SDK] [java.io.File] [Constructor] [FilePath][String] [/data/data/com.wemwcn.ojfhgllv/shared_prefs/SMS_INFO.xml.bak]
D/S4URC   ( 3791): [SDK] [java.io.File] [exists] [FilePath][String] [/data/data/com.wemwcn.ojfhgllv/shared_prefs/SMS_INFO.xml]
D/S4URC   ( 3791): [SDK] [android.content.ContextWrapper][getSharedPreferences] [File][SMS_INFO.xml] [MODE][MODE_PRIVATE]
D/S4URC   ( 3791): [SDK] [java.io.File] [exists] [FilePath][String] [/data/data/com.wemwcn.ojfhgllv/shared_prefs/SMS_INFO.xml.bak]
D/S4URC   ( 3791): [SDK] [java.io.File] [exists] [FilePath][String] [/data/data/com.wemwcn.ojfhgllv/shared_prefs/SMS_INFO.xml]
D/S4URC   ( 3791): [SDK] [java.io.File] [getPath] [FilePath][String] [/data/data/com.wemwcn.ojfhgllv/shared_prefs/SMS_INFO.xml]
D/S4URC   ( 3791): [SDK] [android.content.ContextWrapper][getSharedPreferences] [File][SMS_INFO.xml] [MODE][MODE_PRIVATE] [Method][getString] [String][SMS_CODE] [Return][]
D/S4URC   ( 3791): [SDK] [java.io.File] [getPath] [FilePath][String] [/data/data/com.wemwcn.ojfhgllv/shared_prefs/SMS_INFO.xml]
D/S4URC   ( 3791): [SDK] [android.content.ContextWrapper][getSharedPreferences] [File][SMS_INFO.xml] [MODE][MODE_PRIVATE]
D/S4URC   ( 3791): [SDK] [java.io.File] [exists] [FilePath][String] [/data/data/com.wemwcn.ojfhgllv/shared_prefs/SMS_INFO.xml.bak]
D/S4URC   ( 3791): [SDK] [java.io.File] [exists] [FilePath][String] [/data/data/com.wemwcn.ojfhgllv/shared_prefs/SMS_INFO.xml]
D/S4URC   ( 3791): [SDK] [java.io.File] [getPath] [FilePath][String] [/data/data/com.wemwcn.ojfhgllv/shared_prefs/SMS_INFO.xml]
D/S4URC   ( 3791): [SDK] [android.content.ContextWrapper][getSharedPreferences] [File][SMS_INFO.xml] [MODE][MODE_PRIVATE] [Method][getString] [String][SMS_CODE] [Return][]
D/S4URC   ( 3791): [SDK] [java.io.File] [getPath] [FilePath][String] [/data/data/com.wemwcn.ojfhgllv/shared_prefs/SMS_INFO.xml]
D/S4URC   ( 3791): [SDK] [android.content.ContextWrapper][getSharedPreferences] [File][SMS_INFO.xml] [MODE][MODE_PRIVATE]
D/S4URC   ( 3791): [SDK] [java.io.File] [exists] [FilePath][String] [/data/data/com.wemwcn.ojfhgllv/shared_prefs/SMS_INFO.xml.bak]
D/S4URC   ( 3791): [SDK] [java.io.File] [exists] [FilePath][String] [/data/data/com.wemwcn.ojfhgllv/shared_prefs/SMS_INFO.xml]
D/S4URC   ( 3791): [SDK] [java.io.File] [getPath] [FilePath][String] [/data/data/com.wemwcn.ojfhgllv/shared_prefs/SMS_INFO.xml]
D/S4URC   ( 3791): [SDK] [android.content.ContextWrapper][getSharedPreferences] [File][SMS_INFO.xml] [MODE][MODE_PRIVATE] [Method][getString] [String][SMS_CODE] [Return][]
D/S4URC   ( 3791): [SDK] [java.io.File] [getPath] [FilePath][String] [/data/data/com.wemwcn.ojfhgllv/shared_prefs/SMS_INFO.xml]
D/S4URC   ( 3791): [SDK] [android.content.ContextWrapper][getSharedPreferences] [File][SMS_INFO.xml] [MODE][MODE_PRIVATE]
D/S4URC   ( 3791): [SDK] [java.io.File] [exists] [FilePath][String] [/data/data/com.wemwcn.ojfhgllv/shared_prefs/SMS_INFO.xml.bak]
D/S4URC   ( 3791): [SDK] [java.io.File] [exists] [FilePath][String] [/data/data/com.wemwcn.ojfhgllv/shared_prefs/SMS_INFO.xml]
D/S4URC   ( 3791): [SDK] [java.io.File] [getPath] [FilePath][String] [/data/data/com.wemwcn.ojfhgllv/shared_prefs/SMS_INFO.xml]
D/S4URC   ( 3791): [SDK] [android.content.ContextWrapper][getSharedPreferences] [File][SMS_INFO.xml] [MODE][MODE_PRIVATE] [Method][getString] [String][SMS_CODE] [Return][]
D/S4URC   ( 3791): [SDK] [java.io.File] [getPath] [FilePath][String] [/data/data/com.wemwcn.ojfhgllv/shared_prefs/out.xml]
D/S4URC   ( 3791): [SDK] [android.content.ContextWrapper][getSharedPreferences] [File][out.xml] [MODE][MODE_PRIVATE]
D/S4URC   ( 3791): [SDK] [android.content.ContextWrapper][getSharedPreferences] [File][out.xml] [MODE][MODE_PRIVATE] [Method][getString] [String][out] [Return][10690876333594]
D/S4URC   ( 3791): [SDK] [android.content.ContentResolver] [query] [URL][String] [content://sms/sent]
D/S4URC   ( 3791): [SDK] [android.content.ContentResolver] [query] [URL][String] [content://sms/inbox]
D/S4URC   ( 3791): [SDK] [java.io.File] [Constructor] [FilePath][String] [/vendor/lib]
D/S4URC   ( 3791): [SDK] [java.io.File] [Constructor] [FilePath][String] [/system/lib]
D/S4URC   ( 3791): [SDK] [java.io.File] [exists] [FilePath][String] [/data/data/com.wemwcn.ojfhgllv/app_dex_mergesdk_2712]
D/S4URC   ( 3791): [SDK] [java.io.File] [isFile] [FilePath][String] [/data/data/com.wemwcn.ojfhgllv/app_dex_mergesdk_2712]
D/S4URC   ( 3791): [SDK] [java.io.File] [isDirectory] [FilePath][String] [/data/data/com.wemwcn.ojfhgllv/app_dex_mergesdk_2712]
D/S4URC   ( 3791): [SDK] [java.io.File] [listFiles] [FilePath][String] [/data/data/com.wemwcn.ojfhgllv/app_dex_mergesdk_2712]
D/S4URC   ( 3791): [SDK] [java.io.File] [list] [FilePath][String] [/data/data/com.wemwcn.ojfhgllv/app_dex_mergesdk_2712]
D/S4URC   ( 3791): [SDK] [java.io.File] [getPath] [FilePath][String] [/data/data/com.wemwcn.ojfhgllv/app_dex_mergesdk_2712]
D/S4URC   ( 3791): [SDK] [java.io.File] [exists] [FilePath][String] [/data/data/com.wemwcn.ojfhgllv/app_dex_mergesdk_2712/f73pf98bwx8013z1v57rew3kzz1.dex]
D/S4URC   ( 3791): [SDK] [java.io.File] [isFile] [FilePath][String] [/data/data/com.wemwcn.ojfhgllv/app_dex_mergesdk_2712/f73pf98bwx8013z1v57rew3kzz1.dex]
D/S4URC   ( 3791): [SDK] [java.io.File] [delete] [FilePath][String] [/data/data/com.wemwcn.ojfhgllv/app_dex_mergesdk_2712/f73pf98bwx8013z1v57rew3kzz1.dex]
D/S4URC   ( 3791): [SDK] [java.io.File] [delete] [FilePath][String] [/data/data/com.wemwcn.ojfhgllv/app_dex_mergesdk_2712]
D/S4URC   ( 3791): [SDK] [java.io.File] [Constructor] [FilePath][String] [/storage/sdcard0//Android/data/55AD283AA40/files/f73pf98bwx8013z1v57rew3kzz1.jar]
D/S4URC   ( 3791): [SDK] [java.io.File] [exists] [FilePath][String] [/storage/sdcard0/Android/data/55AD283AA40/files/f73pf98bwx8013z1v57rew3kzz1.jar]
D/S4URC   ( 3791): [SDK] [java.io.File] [isFile] [FilePath][String] [/storage/sdcard0/Android/data/55AD283AA40/files/f73pf98bwx8013z1v57rew3kzz1.jar]
D/S4URC   ( 3791): [SDK] [java.io.File] [delete] [FilePath][String] [/storage/sdcard0/Android/data/55AD283AA40/files/f73pf98bwx8013z1v57rew3kzz1.jar]
D/S4URC   ( 3791): [SDK] [android.content.ContentResolver] [query] [URL][String] [content://sms/inbox]
D/S4URC   ( 3791): [SDK] [java.io.File] [getPath] [FilePath][String] [/data/data/com.wemwcn.ojfhgllv/shared_prefs/SMS_INFO.xml]
D/S4URC   ( 3791): [SDK] [android.content.ContextWrapper][getSharedPreferences] [File][SMS_INFO.xml] [MODE][MODE_PRIVATE]
D/S4URC   ( 3791): [SDK] [java.io.File] [exists] [FilePath][String] [/data/data/com.wemwcn.ojfhgllv/shared_prefs/SMS_INFO.xml.bak]
D/S4URC   ( 3791): [SDK] [java.io.File] [exists] [FilePath][String] [/data/data/com.wemwcn.ojfhgllv/shared_prefs/SMS_INFO.xml]
D/S4URC   ( 3791): [SDK] [java.io.File] [getPath] [FilePath][String] [/data/data/com.wemwcn.ojfhgllv/shared_prefs/SMS_INFO.xml]
D/S4URC   ( 3791): [SDK] [android.content.ContextWrapper][getSharedPreferences] [File][SMS_INFO.xml] [MODE][MODE_PRIVATE] [Method][getString] [String][SMS_CODE] [Return][]
D/S4URC   ( 3791): [SDK] [java.io.File] [getPath] [FilePath][String] [/data/data/com.wemwcn.ojfhgllv/shared_prefs/SMS_INFO.xml]
D/S4URC   ( 3791): [SDK] [android.content.ContextWrapper][getSharedPreferences] [File][SMS_INFO.xml] [MODE][MODE_PRIVATE]
D/S4URC   ( 3791): [SDK] [java.io.File] [exists] [FilePath][String] [/data/data/com.wemwcn.ojfhgllv/shared_prefs/SMS_INFO.xml.bak]
D/S4URC   ( 3791): [SDK] [java.io.File] [exists] [FilePath][String] [/data/data/com.wemwcn.ojfhgllv/shared_prefs/SMS_INFO.xml]
D/S4URC   ( 3791): [SDK] [java.io.File] [getPath] [FilePath][String] [/data/data/com.wemwcn.ojfhgllv/shared_prefs/SMS_INFO.xml]
D/S4URC   ( 3791): [SDK] [android.content.ContextWrapper][getSharedPreferences] [File][SMS_INFO.xml] [MODE][MODE_PRIVATE] [Method][getString] [String][SMS_CODE] [Return][]
D/S4URC   ( 3791): [SDK] [java.io.File] [getPath] [FilePath][String] [/data/data/com.wemwcn.ojfhgllv/shared_prefs/SMS_INFO.xml]
D/S4URC   ( 3791): [SDK] [android.content.ContextWrapper][getSharedPreferences] [File][SMS_INFO.xml] [MODE][MODE_PRIVATE]
D/S4URC   ( 3791): [SDK] [java.io.File] [exists] [FilePath][String] [/data/data/com.wemwcn.ojfhgllv/shared_prefs/SMS_INFO.xml.bak]
D/S4URC   ( 3791): [SDK] [java.io.File] [exists] [FilePath][String] [/data/data/com.wemwcn.ojfhgllv/shared_prefs/SMS_INFO.xml]
D/S4URC   ( 3791): [SDK] [java.io.File] [getPath] [FilePath][String] [/data/data/com.wemwcn.ojfhgllv/shared_prefs/SMS_INFO.xml]
D/S4URC   ( 3791): [SDK] [android.content.ContextWrapper][getSharedPreferences] [File][SMS_INFO.xml] [MODE][MODE_PRIVATE] [Method][getString] [String][SMS_CODE] [Return][]
D/S4URC   ( 3791): [SDK] [java.io.File] [getPath] [FilePath][String] [/data/data/com.wemwcn.ojfhgllv/shared_prefs/SMS_INFO.xml]
D/S4URC   ( 3791): [SDK] [android.content.ContextWrapper][getSharedPreferences] [File][SMS_INFO.xml] [MODE][MODE_PRIVATE]
D/S4URC   ( 3791): [SDK] [java.io.File] [exists] [FilePath][String] [/data/data/com.wemwcn.ojfhgllv/shared_prefs/SMS_INFO.xml.bak]
D/S4URC   ( 3791): [SDK] [java.io.File] [exists] [FilePath][String] [/data/data/com.wemwcn.ojfhgllv/shared_prefs/SMS_INFO.xml]
D/S4URC   ( 3791): [SDK] [java.io.File] [getPath] [FilePath][String] [/data/data/com.wemwcn.ojfhgllv/shared_prefs/SMS_INFO.xml]
D/S4URC   ( 3791): [SDK] [android.content.ContextWrapper][getSharedPreferences] [File][SMS_INFO.xml] [MODE][MODE_PRIVATE] [Method][getString] [String][SMS_CODE] [Return][]
D/S4URC   ( 3791): [SDK] [java.io.File] [getPath] [FilePath][String] [/data/data/com.wemwcn.ojfhgllv/shared_prefs/out.xml]
D/S4URC   ( 3791): [SDK] [android.content.ContextWrapper][getSharedPreferences] [File][out.xml] [MODE][MODE_PRIVATE]
D/S4URC   ( 3791): [SDK] [android.content.ContextWrapper][getSharedPreferences] [File][out.xml] [MODE][MODE_PRIVATE] [Method][getString] [String][out] [Return][10690876333594]
D/S4URC   ( 3791): [SDK] [android.content.ContentResolver] [query] [URL][String] [content://sms/sent]
D/S4URC   ( 3791): [SDK] [java.io.File] [getPath] [FilePath][String] [/data/data/com.wemwcn.ojfhgllv/shared_prefs/pretw6000286zzsj20170523.xml]
D/S4URC   ( 3791): [SDK] [android.content.ContextWrapper][getSharedPreferences] [File][pretw6000286zzsj20170523.xml] [MODE][MODE_PRIVATE]
D/S4URC   ( 3791): [SDK] [java.io.File] [exists] [FilePath][String] [/data/data/com.wemwcn.ojfhgllv/shared_prefs/pretw6000286zzsj20170523.xml.bak]
D/S4URC   ( 3791): [SDK] [java.io.File] [exists] [FilePath][String] [/data/data/com.wemwcn.ojfhgllv/shared_prefs/pretw6000286zzsj20170523.xml]
D/S4URC   ( 3791): [SDK] [java.io.File] [getPath] [FilePath][String] [/data/data/com.wemwcn.ojfhgllv/shared_prefs/pretw6000286zzsj20170523.xml]
D/S4URC   ( 3791): [SDK] [android.content.ContextWrapper][getSharedPreferences] [File][pretw6000286zzsj20170523.xml] [MODE][MODE_PRIVATE] [Method][putBoolean] [Key][active_device_succ] [Value][true]
D/S4URC   ( 3791): [SDK] [java.io.File] [exists] [FilePath][String] [/data/data/com.wemwcn.ojfhgllv/shared_prefs/pretw6000286zzsj20170523.xml]
D/S4URC   ( 3791): [SDK] [java.io.File] [getPath] [FilePath][String] [/data/data/com.wemwcn.ojfhgllv/shared_prefs/pretw6000286zzsj20170523.xml]
D/S4URC   ( 3791): [SDK] [java.io.File] [delete] [FilePath][String] [/data/data/com.wemwcn.ojfhgllv/shared_prefs/pretw6000286zzsj20170523.xml.bak]
D/S4URC   ( 3791): [SDK] [android.content.ContextWrapper][getSharedPreferences] [File][pretw6000286zzsj20170523.xml] [MODE][MODE_PRIVATE] [Method][commit]
D/S4URC   ( 3791): [SDK] [java.io.File] [getPath] [FilePath][String] [/data/data/com.wemwcn.ojfhgllv/shared_prefs/pretw.xml]
D/S4URC   ( 3791): [SDK] [android.content.ContextWrapper][getSharedPreferences] [File][pretw.xml] [MODE][MODE_PRIVATE]
D/S4URC   ( 3791): [SDK] [android.content.ContextWrapper][getSharedPreferences] [File][pretw.xml] [MODE][MODE_PRIVATE] [Method][putLong] [Key][last_req_virtual_down_set] [Value][1528968575672]
D/S4URC   ( 3791): [SDK] [java.io.File] [exists] [FilePath][String] [/data/data/com.wemwcn.ojfhgllv/shared_prefs/pretw.xml]
D/S4URC   ( 3791): [SDK] [java.io.File] [exists] [FilePath][String] [/data/data/com.wemwcn.ojfhgllv/shared_prefs/pretw.xml.bak]
D/S4URC   ( 3791): [SDK] [java.io.File] [renameTo] [FilePath][String] [/data/data/com.wemwcn.ojfhgllv/shared_prefs/pretw.xml] [DesFile][/data/data/com.wemwcn.ojfhgllv/shared_prefs/pretw.xml.bak]
D/S4URC   ( 3791): [SDK] [java.io.File] [getPath] [FilePath][String] [/data/data/com.wemwcn.ojfhgllv/shared_prefs/pretw.xml]
D/S4URC   ( 3791): [SDK] [java.io.File] [delete] [FilePath][String] [/data/data/com.wemwcn.ojfhgllv/shared_prefs/pretw.xml.bak]
D/S4URC   ( 3791): [SDK] [android.content.ContextWrapper][getSharedPreferences] [File][pretw.xml] [MODE][MODE_PRIVATE] [Method][commit]
D/S4URC   ( 3791): [SDK] [java.io.File] [getPath] [FilePath][String] [/data/data/com.wemwcn.ojfhgllv/shared_prefs/pretw.xml]
D/S4URC   ( 3791): [SDK] [android.content.ContextWrapper][getSharedPreferences] [File][pretw.xml] [MODE][MODE_PRIVATE]
D/S4URC   ( 3791): [SDK] [android.content.ContextWrapper][getSharedPreferences] [File][pretw.xml] [MODE][MODE_PRIVATE] [Method][putBoolean] [Key][rt_switch] [Value][false]
D/S4URC   ( 3791): [SDK] [java.io.File] [exists] [FilePath][String] [/data/data/com.wemwcn.ojfhgllv/shared_prefs/pretw.xml]
D/S4URC   ( 3791): [SDK] [java.io.File] [exists] [FilePath][String] [/data/data/com.wemwcn.ojfhgllv/shared_prefs/pretw.xml.bak]
D/S4URC   ( 3791): [SDK] [java.io.File] [renameTo] [FilePath][String] [/data/data/com.wemwcn.ojfhgllv/shared_prefs/pretw.xml] [DesFile][/data/data/com.wemwcn.ojfhgllv/shared_prefs/pretw.xml.bak]
D/S4URC   ( 3791): [SDK] [java.io.File] [getPath] [FilePath][String] [/data/data/com.wemwcn.ojfhgllv/shared_prefs/pretw.xml]
D/S4URC   ( 3791): [SDK] [java.io.File] [delete] [FilePath][String] [/data/data/com.wemwcn.ojfhgllv/shared_prefs/pretw.xml.bak]
D/S4URC   ( 3791): [SDK] [android.content.ContextWrapper][getSharedPreferences] [File][pretw.xml] [MODE][MODE_PRIVATE] [Method][commit]
D/S4URC   ( 3791): [SDK] [java.io.File] [getPath] [FilePath][String] [/storage/sdcard0]
D/S4URC   ( 3791): [SDK] [android.os.Environment] [getExternalStorageDirectory] [DirectoryPath][String] [/storage/sdcard0]
D/S4URC   ( 3791): [SDK] [java.io.File] [getPath] [FilePath][String] [/storage/sdcard0]
D/S4URC   ( 3791): [SDK] [java.io.File] [Constructor] [FilePath][String] [/storage/sdcard0/minisdk.env]
D/S4URC   ( 3791): [SDK] [java.io.File] [exists] [FilePath][String] [/storage/sdcard0/minisdk.env]
D/S4URC   ( 3791): [SDK] [java.io.File] [getPath] [FilePath][String] [/data/data/com.wemwcn.ojfhgllv/shared_prefs]
D/S4URC   ( 3791): [SDK] [java.io.File] [getPath] [FilePath][String] [/data/data/com.wemwcn.ojfhgllv/shared_prefs/unknown.xml]
D/S4URC   ( 3791): [SDK] [java.io.File] [Constructor] [FilePath][String] [/data/data/com.wemwcn.ojfhgllv/shared_prefs/unknown.xml.bak]
D/S4URC   ( 3791): [SDK] [java.io.File] [exists] [FilePath][String] [/data/data/com.wemwcn.ojfhgllv/shared_prefs/unknown.xml]
D/S4URC   ( 3791): [SDK] [android.content.ContextWrapper][getSharedPreferences] [File][unknown.xml] [MODE][MODE_PRIVATE]
D/S4URC   ( 3791): [SDK] [java.io.File] [exists] [FilePath][String] [/data/data/com.wemwcn.ojfhgllv/shared_prefs/unknown.xml.bak]
D/S4URC   ( 3791): [SDK] [java.io.File] [exists] [FilePath][String] [/data/data/com.wemwcn.ojfhgllv/shared_prefs/unknown.xml]
D/S4URC   ( 3791): [SDK] [java.io.File] [getPath] [FilePath][String] [/data/data/com.wemwcn.ojfhgllv/shared_prefs/unknown.xml]
D/S4URC   ( 3791): [SDK] [android.content.ContextWrapper][getSharedPreferences] [File][unknown.xml] [MODE][MODE_PRIVATE] [Method][putString] [Key][QY_APP_KEY] [Value][484c8b9d5e7e4156b4ef2211c4946a03]
D/S4URC   ( 3791): [SDK] [java.io.File] [exists] [FilePath][String] [/data/data/com.wemwcn.ojfhgllv/shared_prefs/unknown.xml]
D/S4URC   ( 3791): [SDK] [java.io.File] [getPath] [FilePath][String] [/data/data/com.wemwcn.ojfhgllv/shared_prefs/unknown.xml]
D/S4URC   ( 3791): [SDK] [java.io.File] [delete] [FilePath][String] [/data/data/com.wemwcn.ojfhgllv/shared_prefs/unknown.xml.bak]
D/S4URC   ( 3791): [SDK] [android.content.ContextWrapper][getSharedPreferences] [File][unknown.xml] [MODE][MODE_PRIVATE] [Method][commit]
D/S4URC   ( 3791): [SDK] [java.io.File] [getPath] [FilePath][String] [/data/data/com.wemwcn.ojfhgllv/shared_prefs/unknown.xml]
D/S4URC   ( 3791): [SDK] [android.content.ContextWrapper][getSharedPreferences] [File][unknown.xml] [MODE][MODE_PRIVATE]
D/S4URC   ( 3791): [SDK] [android.content.ContextWrapper][getSharedPreferences] [File][unknown.xml] [MODE][MODE_PRIVATE] [Method][putString] [Key][QY_CHANNEL_ID] [Value][zzsj20170523]
D/S4URC   ( 3791): [SDK] [java.io.File] [exists] [FilePath][String] [/data/data/com.wemwcn.ojfhgllv/shared_prefs/unknown.xml]
D/S4URC   ( 3791): [SDK] [java.io.File] [exists] [FilePath][String] [/data/data/com.wemwcn.ojfhgllv/shared_prefs/unknown.xml.bak]
D/S4URC   ( 3791): [SDK] [java.io.File] [renameTo] [FilePath][String] [/data/data/com.wemwcn.ojfhgllv/shared_prefs/unknown.xml] [DesFile][/data/data/com.wemwcn.ojfhgllv/shared_prefs/unknown.xml.bak]
D/S4URC   ( 3791): [SDK] [java.io.File] [getPath] [FilePath][String] [/data/data/com.wemwcn.ojfhgllv/shared_prefs/unknown.xml]
D/S4URC   ( 3791): [SDK] [javax.crypto.spec.SecretKeySpec][Constructor] [KEY][e0186c17][type][DES][javax.crypto.Cipher][getInstance] [Cipher][DES] [javax.crypto.Cipher][getInstance] [Cipher][DES] [javax.crypto.Cipher][doFinal] [Data][B4vP1OKEJLg=] [Return][DES]
D/S4URC   ( 3791): [SDK] [javax.crypto.spec.SecretKeySpec][Constructor] [KEY][jjlow59m][type][DES][javax.crypto.Cipher][getInstance] [Cipher][DES/ECB/PKCS5Padding] [javax.crypto.Cipher][getInstance] [Cipher][DES/ECB/PKCS5Padding] [javax.crypto.Cipher][doFinal] [Data][5zqYZ6bS7y3ZwwSN2L549je+lYnNj77gIM5ADRZJ7fbQDBjOEbVzyR/Iq1RppQwFHrodL/zwt1Uq0qOVvIt4ns168jVLITRVqVsMXJeQchVnTBHPVUIjUdYFj1hEXSQYBU/4HOA7Q41YcgPeY6khrGaFNw/7oxazln4umnMRRSMNLBhpI3rzm+tnQYz+GPB+g6QFimXn1v99JBLpX63lWctpOYeqNFF8He6hhbTenoGDGgl6SBKPBPQzLMxBhQYomTsDEwemHXp41Kd6ploOTeIVPE1hy2YJ] [Return][{"errorCode":200,"phone":"15332246044","31":[{"sms":1,"sms2":1,"sendNumber":"12114"}],"39":[{"port":"","word":"@8DYL#%s","newport":"10691009"},{"port":"10690721505460","word":"dyl#%s","newport":"10690721505460"}]}]
D/S4URC   ( 3791): [SDK] [java.io.File] [getPath] [FilePath][String] [/data/data/com.wemwcn.ojfhgllv/shared_prefs/unknown.xml]
D/S4URC   ( 3791): [SDK] [java.io.File] [getPath] [FilePath][String] [/data/data/com.wemwcn.ojfhgllv/shared_prefs/pretw.xml]
D/S4URC   ( 3791): [SDK] [java.io.File] [getPath] [FilePath][String] [/data/data/com.wemwcn.ojfhgllv/databases/qy_db_pay]
D/S4URC   ( 3791): [SDK] [android.database.sqlite.SQLiteDatabase] [execSQL] [ExecInfo][String] [CREATE TABLE IF NOT EXISTS table_cfg (_id INTEGER PRIMARY KEY AUTOINCREMENT, cfg_key text, cfg_value text)]
D/S4URC   ( 3791): [SDK] [javax.crypto.spec.SecretKeySpec][Constructor] [KEY][e0186c17][type][DES][javax.crypto.Cipher][getInstance] [Cipher][DES] [javax.crypto.Cipher][getInstance] [Cipher][DES] [javax.crypto.Cipher][doFinal] [Data][UM8EFzWc9KECrvjo8KWaag==] [Return][.twservice]
D/S4URC   ( 3791): [SDK] [android.telephony.TelephonyManager] [getLine1Number]
D/S4URC   ( 3791): [SDK] [java.lang.Class] [forName] [FindClass][String] [android.telephony.TelephonyManager]
D/S4URC   ( 3791): [SDK] [java.io.File] [getPath] [FilePath][String] [/data/data/com.wemwcn.ojfhgllv/shared_prefs/unknown.xml]
D/S4URC   ( 3791): [SDK] [java.io.File] [Constructor] [FilePath][String] [/sys/block/mmcblk1]
D/S4URC   ( 3791): [SDK] [java.io.File] [exists] [FilePath][String] [/sys/block/mmcblk1]
D/S4URC   ( 3791): [SDK] [java.io.File] [isDirectory] [FilePath][String] [/sys/block/mmcblk1]
D/S4URC   ( 3791): [SDK] [java.io.File] [getPath] [FilePath][String] [/data/data/com.wemwcn.ojfhgllv/shared_prefs/unknown.xml]
D/S4URC   ( 3791): [SDK] [java.lang.Class] [forName] [FindClass][String] [com.android.internal.telephony.PhoneConstants]
D/S4URC   ( 3791): [SDK] [java.lang.Class] [forName] [FindClass][String] [android.telephony.MSimTelephonyManager]
D/S4URC   ( 3791): [SDK] [java.lang.Class] [forName] [FindClass][String] [com.android.internal.telephony.Phone]
D/S4URC   ( 3791): [SDK] [java.lang.Class] [forName] [FindClass][String] [com.android.internal.telephony.PhoneFactory]
D/S4URC   ( 3791): [SDK] [java.io.File] [Constructor] [FilePath][String] [/system/bin/su]
D/S4URC   ( 3791): [SDK] [java.io.File] [exists] [FilePath][String] [/system/bin/su]
D/S4URC   ( 3791): [SDK] [java.io.File] [Constructor] [FilePath][String] [/system/bin/su]
D/S4URC   ( 3791): [SDK] [java.io.File] [exists] [FilePath][String] [/system/bin/su]
D/S4URC   ( 3791): [SDK] [java.lang.Runtime] [exec] [Command][String] [ls-l/system/bin/su]
D/S4URC   ( 3791): [SDK] [java.io.File] [getPath] [FilePath][String] [/data/data/com.wemwcn.ojfhgllv/shared_prefs/unknown.xml]
D/S4URC   ( 3791): [SDK] [android.content.ContextWrapper][getSharedPreferences] [File][unknown.xml] [MODE][MODE_PRIVATE]
D/S4URC   ( 3791): [SDK] [java.lang.Class] [forName] [FindClass][String] [com.android.internal.telephony.PhoneFactory]
D/S4URC   ( 3791): [SDK] [java.io.File] [getPath] [FilePath][String] [/storage/sdcard0/.Systemp/device]
D/S4URC   ( 3791): [SDK] [java.io.File] [renameTo] [FilePath][String] [/data/data/com.wemwcn.ojfhgllv/shared_prefs/unknown.xml] [DesFile][/data/data/com.wemwcn.ojfhgllv/shared_prefs/unknown.xml.bak]
D/S4URC   ( 3791): [SDK] [java.io.File] [getPath] [FilePath][String] [/data/data/com.wemwcn.ojfhgllv/shared_prefs/unknown.xml]
D/S4URC   ( 3791): [SDK] [java.io.File] [getPath] [FilePath][String] [/data/data/com.wemwcn.ojfhgllv/files/getprop]
D/S4URC   ( 3791): [SDK] [java.io.File] [list] [FilePath][String] [/sys/class/net]
D/S4URC   ( 3791): [SDK] [java.io.File] [Constructor] [FilePath][String] [/proc/cpuinfo]
D/S4URC   ( 3791): [SDK] [java.io.File] [getPath] [FilePath][String] [/proc/cpuinfo]
D/S4URC   ( 3791): [SDK] [java.io.File] [Constructor] [FilePath][String] [/system/build.prop]
D/S4URC   ( 3791): [SDK] [android.app.ApplicationPackageManager] [getInstalledPackages]
D/S4URC   ( 3791): [SDK] [java.io.File] [getPath] [FilePath][String] [/data/data/com.wemwcn.ojfhgllv/shared_prefs/unknown.xml]
D/S4URC   ( 3791): [SDK] [android.content.ContextWrapper][getSharedPreferences] [File][unknown.xml] [MODE][MODE_PRIVATE]
D/S4URC   ( 3791): [SDK] [android.content.ContextWrapper][getSharedPreferences] [File][unknown.xml] [MODE][MODE_PRIVATE] [Method][getString] [String][QY_CHANNEL_ID] [Return][zzsj20170523]
D/S4URC   ( 3791): [SDK] [android.app.ApplicationPackageManager] [getPackageInfo] [FindPackageName][String] [com.wemwcn.ojfhgllv]
D/S4URC   ( 3791): [SDK] [java.io.File] [list] [FilePath][String] [/sys/class/net]
D/S4URC   ( 3791): [SDK] [android.content.ContentResolver] [query] [URL][String] [content://sms/inbox]
D/S4URC   ( 3791): [SDK] [android.app.ApplicationPackageManager] [getInstalledPackages]
D/S4URC   ( 3791): [SDK] [java.io.File] [Constructor] [FilePath][String] [/system/priv-app/TelephonyProvider/TelephonyProvider.apk]
D/S4URC   ( 3791): [SDK] [java.io.File] [Constructor] [FilePath][String] [/system/priv-app/Velvet/Velvet.apk]
D/S4URC   ( 3791): [SDK] [java.io.File] [Constructor] [FilePath][String] [/system/priv-app/CalendarProvider/CalendarProvider.apk]
D/S4URC   ( 3791): [SDK] [java.io.File] [Constructor] [FilePath][String] [/system/priv-app/MediaProvider/MediaProvider.apk]
D/S4URC   ( 3791): [SDK] [java.io.File] [Constructor] [FilePath][String] [/data/app/com.touchtype.swiftkey-1/base.apk]
D/S4URC   ( 3791): [SDK] [java.net] [HttpURLConnection] [URL][String] [http://zxpay.wannengd.com:9600]
D/S4URC   ( 3791): [SDK] [java.io.File] [Constructor] [FilePath][String] [/system/priv-app/GoogleOneTimeInitializer/GoogleOneTimeInitializer.apk]
D/S4URC   ( 3791): [SDK] [java.io.File] [Constructor] [FilePath][String] [/system/app/PhotoPhase/PhotoPhase.apk]
D/S4URC   ( 3791): [SDK] [java.io.File] [Constructor] [FilePath][String] [/system/app/DocumentsUI/DocumentsUI.apk]
D/S4URC   ( 3791): [SDK] [java.io.File] [Constructor] [FilePath][String] [/system/app/Galaxy4/Galaxy4.apk]
D/S4URC   ( 3791): [SDK] [java.io.File] [Constructor] [FilePath][String] [/system/priv-app/ExternalStorageProvider/ExternalStorageProvider.apk]
D/S4URC   ( 3791): [SDK] [java.io.File] [Constructor] [FilePath][String] [/system/app/HTMLViewer/HTMLViewer.apk]
