D/S4URC   ( 3749): [SDK] [java.lang.Class] [forName] [FindClass][String] [com.android.org.bouncycastle.jcajce.provider.symmetric.DES$KeyFactory]
D/S4URC   ( 3749): [SDK] [javax.crypto.Cipher][doFinal] [Data][*v'..i.k] [Return][rushId]
D/S4URC   ( 3749): [SDK] [javax.crypto.Cipher][doFinal] [Data][VO7XR8o5/9E=] [Return][qsh_pid]
D/S4URC   ( 3749): [SDK] [android.app.ApplicationPackageManager] [getPackageInfo] [FindPackageName][String] [org.decade.polkan]
D/S4URC   ( 3749): [SDK] [javax.crypto.Cipher][doFinal] [Data][fOhSN7EXqbWcGQiyYPNR4A==] [Return][qshp_3001_2257]
D/S4URC   ( 3749): [SDK] [javax.crypto.Cipher][doFinal] [Data][O/yAWgmo5n6BRVlg3ne5wg==] [Return][adopentype]
D/S4URC   ( 3877): [SDK] [java.lang.Class] [forName] [FindClass][String] [java.net.HttpURLConnection]
D/S4URC   ( 3877): [SDK] [java.lang.Class] [forName] [FindClass][String] [com.android.okhttp.internal.http.HttpURLConnectionImpl]
D/S4URC   ( 3749): [SDK] [javax.crypto.Cipher][doFinal] [Data][O/yAWgmo5n6BRVlg3ne5wg==] [Return][adopentype]
D/S4URC   ( 3877): [SDK] [java.lang.Class] [forName] [FindClass][String] [com.android.okhttp.internal.http.HttpURLConnectionImpl]
D/S4URC   ( 3877): [SDK] [java.lang.Class] [forName] [FindClass][String] [java.net.Socket]
D/S4URC   ( 3877): [SDK] [java.lang.Class] [forName] [FindClass][String] [android.telephony.TelephonyManager]
D/S4URC   ( 3877): [SDK] [java.lang.Class] [forName] [FindClass][String] [android.os.Debug]
D/S4URC   ( 3877): [SDK] [java.lang.Class] [forName] [FindClass][String] [android.hardware.SensorManager]
D/S4URC   ( 3749): [SDK] [android.telephony.TelephonyManager] [getLine1Number]
D/S4URC   ( 3877): [SDK] [java.lang.Class] [forName] [FindClass][String] [android.content.res.ResourcesKey]
D/S4URC   ( 3877): [SDK] [java.lang.Class] [forName] [FindClass][String] [android.app.ResourcesManager]
D/S4URC   ( 3877): [SDK] [java.io.File] [Constructor] [FilePath][String] [/data/app/org.decade.polkan-1/base.apk]
D/S4URC   ( 3877): [SDK] [java.io.File] [getPath] [FilePath][String] [/data/data/org.decade.polkan]
D/S4URC   ( 3877): [SDK] [java.io.File] [exists] [FilePath][String] [/data/data/org.decade.polkan/cache]
D/S4URC   ( 3877): [SDK] [java.io.File] [getPath] [FilePath][String] [/data/data/org.decade.polkan/cache]
D/S4URC   ( 3749): [SDK] [android.app.ApplicationPackageManager] [getPackageInfo] [FindPackageName][String] [org.decade.polkan]
D/S4URC   ( 3749): [SDK] [java.io.File] [list] [FilePath][String] [/sys/class/net]
D/S4URC   ( 3749): [SDK] [java.lang.Class] [forName] [FindClass][String] [com.umeng.analytics.MobclickAgent]
D/S4URC   ( 3749): [SDK] [java.io.File] [getPath] [FilePath][String] [/data/data/org.decade.polkan/shared_prefs]
D/S4URC   ( 3749): [SDK] [java.io.File] [getPath] [FilePath][String] [/data/data/org.decade.polkan/shared_prefs/umeng_general_config.xml]
D/S4URC   ( 3749): [SDK] [java.io.File] [Constructor] [FilePath][String] [/data/data/org.decade.polkan/shared_prefs/umeng_general_config.xml.bak]
D/S4URC   ( 3749): [SDK] [java.io.File] [exists] [FilePath][String] [/data/data/org.decade.polkan/shared_prefs/umeng_general_config.xml]
D/S4URC   ( 3749): [SDK] [android.content.ContextWrapper][getSharedPreferences] [File][umeng_general_config.xml] [MODE][MODE_PRIVATE]
D/S4URC   ( 3749): [SDK] [java.io.File] [exists] [FilePath][String] [/data/data/org.decade.polkan/shared_prefs/umeng_general_config.xml.bak]
D/S4URC   ( 3749): [SDK] [java.io.File] [exists] [FilePath][String] [/data/data/org.decade.polkan/shared_prefs/umeng_general_config.xml]
D/S4URC   ( 3749): [SDK] [java.io.File] [getPath] [FilePath][String] [/data/data/org.decade.polkan/shared_prefs/umeng_general_config.xml]
D/S4URC   ( 3749): [SDK] [android.content.ContextWrapper][getSharedPreferences] [File][umeng_general_config.xml] [MODE][MODE_PRIVATE] [Method][getInt] [Int][successful_request] [Return][0]
D/S4URC   ( 3749): [SDK] [android.content.ContextWrapper][getSharedPreferences] [File][umeng_general_config.xml] [MODE][MODE_PRIVATE] [Method][getInt] [Int][failed_requests ] [Return][0]
D/S4URC   ( 3749): [SDK] [android.content.ContextWrapper][getSharedPreferences] [File][umeng_general_config.xml] [MODE][MODE_PRIVATE] [Method][getInt] [Int][last_request_spent_ms] [Return][0]
D/S4URC   ( 3749): [SDK] [android.content.ContextWrapper][getSharedPreferences] [File][umeng_general_config.xml] [MODE][MODE_PRIVATE] [Method][getIong] [Iong][last_request_time] [Return][0]
D/S4URC   ( 3749): [SDK] [android.content.ContextWrapper][getSharedPreferences] [File][umeng_general_config.xml] [MODE][MODE_PRIVATE] [Method][getIong] [Iong][last_req] [Return][0]
D/S4URC   ( 3749): [SDK] [java.io.File] [exists] [FilePath][String] [/data/data/org.decade.polkan/files]
D/S4URC   ( 3749): [SDK] [java.io.File] [getPath] [FilePath][String] [/data/data/org.decade.polkan/files]
D/S4URC   ( 3749): [SDK] [java.io.File] [exists] [FilePath][String] [/data/data/org.decade.polkan/files/.um]
D/S4URC   ( 3749): [SDK] [java.io.File] [mkdir] [FilePath][String] [/data/data/org.decade.polkan/files/.um]
D/S4URC   ( 3749): [SDK] [java.io.File] [exists] [FilePath][String] [/data/data/org.decade.polkan/files]
D/S4URC   ( 3749): [SDK] [java.io.File] [getPath] [FilePath][String] [/data/data/org.decade.polkan/files]
D/S4URC   ( 3749): [SDK] [java.io.File] [exists] [FilePath][String] [/data/data/org.decade.polkan/files/.imprint]
D/S4URC   ( 3749): [SDK] [java.io.File] [getPath] [FilePath][String] [/data/data/org.decade.polkan/shared_prefs/umeng_general_config.xml]
D/S4URC   ( 3749): [SDK] [android.content.ContextWrapper][getSharedPreferences] [File][umeng_general_config.xml] [MODE][MODE_PRIVATE]
D/S4URC   ( 3749): [SDK] [java.io.File] [exists] [FilePath][String] [/data/data/org.decade.polkan/shared_prefs/umeng_general_config.xml.bak]
D/S4URC   ( 3749): [SDK] [java.io.File] [exists] [FilePath][String] [/data/data/org.decade.polkan/shared_prefs/umeng_general_config.xml]
D/S4URC   ( 3749): [SDK] [java.io.File] [getPath] [FilePath][String] [/data/data/org.decade.polkan/shared_prefs/umeng_general_config.xml]
D/S4URC   ( 3749): [SDK] [android.content.ContextWrapper][getSharedPreferences] [File][umeng_general_config.xml] [MODE][MODE_PRIVATE] [Method][getString] [String][signature] [Return][null]
D/S4URC   ( 3749): [SDK] [java.io.File] [getPath] [FilePath][String] [/data/data/org.decade.polkan/shared_prefs/umeng_general_config.xml]
D/S4URC   ( 3749): [SDK] [android.content.ContextWrapper][getSharedPreferences] [File][umeng_general_config.xml] [MODE][MODE_PRIVATE]
D/S4URC   ( 3749): [SDK] [java.io.File] [exists] [FilePath][String] [/data/data/org.decade.polkan/shared_prefs/umeng_general_config.xml.bak]
D/S4URC   ( 3749): [SDK] [java.io.File] [exists] [FilePath][String] [/data/data/org.decade.polkan/shared_prefs/umeng_general_config.xml]
D/S4URC   ( 3749): [SDK] [java.io.File] [getPath] [FilePath][String] [/data/data/org.decade.polkan/shared_prefs/umeng_general_config.xml]
D/S4URC   ( 3749): [SDK] [android.content.ContextWrapper][getSharedPreferences] [File][umeng_general_config.xml] [MODE][MODE_PRIVATE] [Method][getIong] [Iong][thtstart] [Return][0]
D/S4URC   ( 3749): [SDK] [android.content.ContextWrapper][getSharedPreferences] [File][umeng_general_config.xml] [MODE][MODE_PRIVATE] [Method][getInt] [Int][gkvc] [Return][0]
D/S4URC   ( 3749): [SDK] [android.content.ContextWrapper][getSharedPreferences] [File][umeng_general_config.xml] [MODE][MODE_PRIVATE] [Method][getInt] [Int][ekvc] [Return][0]
D/S4URC   ( 3749): [SDK] [java.io.File] [getPath] [FilePath][String] [/data/data/org.decade.polkan/shared_prefs/umeng_general_config.xml]
D/S4URC   ( 3749): [SDK] [android.content.ContextWrapper][getSharedPreferences] [File][umeng_general_config.xml] [MODE][MODE_PRIVATE]
D/S4URC   ( 3749): [SDK] [java.io.File] [exists] [FilePath][String] [/data/data/org.decade.polkan/shared_prefs/umeng_general_config.xml.bak]
D/S4URC   ( 3749): [SDK] [java.io.File] [exists] [FilePath][String] [/data/data/org.decade.polkan/shared_prefs/umeng_general_config.xml]
D/S4URC   ( 3749): [SDK] [java.io.File] [getPath] [FilePath][String] [/data/data/org.decade.polkan/shared_prefs/umeng_general_config.xml]
D/S4URC   ( 3749): [SDK] [android.content.ContextWrapper][getSharedPreferences] [File][umeng_general_config.xml] [MODE][MODE_PRIVATE] [Method][getString] [String][fs_lc_tl] [Return][null]
D/S4URC   ( 3749): [SDK] [java.io.File] [getPath] [FilePath][String] [/data/data/org.decade.polkan/shared_prefs/umeng_general_config.xml]
D/S4URC   ( 3877): [SDK] [java.io.File] [getPath] [FilePath][String] [/data/data/org.decade.polkan]
D/S4URC   ( 3877): [SDK] [java.io.File] [exists] [FilePath][String] [/data/data/org.decade.polkan/files]
D/S4URC   ( 3749): [SDK] [android.content.ContextWrapper][getSharedPreferences] [File][umeng_general_config.xml] [MODE][MODE_PRIVATE]
D/S4URC   ( 3877): [SDK] [java.io.File] [Constructor] [FilePath][String] [/data/data/org.decade.polkan/files/decade.jar]
D/S4URC   ( 3877): [SDK] [java.io.File] [exists] [FilePath][String] [/data/data/org.decade.polkan/files/decade.jar]
D/S4URC   ( 3877): [SDK] [dalvik.system.DexClassLoader] [Constructor] [DexPath][String] [/data/data/org.decade.polkan/files/decade.jar] [NDKPath][String] [null]
D/S4URC   ( 3877): [SDK] [java.io.File] [Constructor] [FilePath][String] [/data/data/org.decade.polkan/files]
D/S4URC   ( 3877): [SDK] [dalvik.system.BaseDexClassLoader] [Constructor] [DexPath][String] [/data/data/org.decade.polkan/files/decade.jar] [NDKPath][String] [null]
D/S4URC   ( 3877): [SDK] [java.io.File] [exists] [FilePath][String] [/data/data/org.decade.polkan/files]
D/S4URC   ( 3877): [SDK] [java.io.File] [canRead] [FilePath][String] [/data/data/org.decade.polkan/files]
D/S4URC   ( 3877): [SDK] [java.io.File] [canWrite] [FilePath][String] [/data/data/org.decade.polkan/files]
D/S4URC   ( 3877): [SDK] [java.io.File] [Constructor] [FilePath][String] [/data/data/org.decade.polkan/files/decade.jar]
D/S4URC   ( 3877): [SDK] [java.io.File] [getName] [FilePath][String] [/data/data/org.decade.polkan/files/decade.jar]
D/S4URC   ( 3877): [SDK] [java.io.File] [isDirectory] [FilePath][String] [/data/data/org.decade.polkan/files/decade.jar]
D/S4URC   ( 3877): [SDK] [java.io.File] [isFile] [FilePath][String] [/data/data/org.decade.polkan/files/decade.jar]
D/S4URC   ( 3877): [SDK] [java.io.File] [getName] [FilePath][String] [/data/data/org.decade.polkan/files/decade.jar]
D/S4URC   ( 3877): [SDK] [java.io.File] [getPath] [FilePath][String] [/data/data/org.decade.polkan/files]
D/S4URC   ( 3877): [SDK] [java.io.File] [getPath] [FilePath][String] [/data/data/org.decade.polkan/files/decade.dex]
D/S4URC   ( 3877): [SDK] [java.io.File] [getPath] [FilePath][String] [/data/data/org.decade.polkan/files/decade.jar]
D/S4URC   ( 3877): [SDK] [java.io.File] [Constructor] [FilePath][String] [/data/data/org.decade.polkan/files/decade.dex]
D/S4URC   ( 3877): [SDK] [java.io.File] [getParent] [FilePath][String] [/data/data/org.decade.polkan/files/decade.dex]
D/S4URC   ( 3877): [SDK] [dalvik.system.DexFile] [openDexFile] [DexPath][String] [/data/data/org.decade.polkan/files/decade.jar]
D/S4URC   ( 3877): [SDK] [java.io.File] [Constructor] [FilePath][String] [/data/data/org.decade.polkan/files/decade.jar]
D/S4URC   ( 3877): [SDK] [java.io.File] [Constructor] [FilePath][String] [/data/data/org.decade.polkan/files/decade.dex]
D/S4URC   ( 3749): [SDK] [java.io.File] [exists] [FilePath][String] [/data/data/org.decade.polkan/shared_prefs/umeng_general_config.xml.bak]
D/S4URC   ( 3749): [SDK] [java.io.File] [exists] [FilePath][String] [/data/data/org.decade.polkan/shared_prefs/umeng_general_config.xml]
D/S4URC   ( 3749): [SDK] [java.io.File] [getPath] [FilePath][String] [/data/data/org.decade.polkan/shared_prefs/umeng_general_config.xml]
D/S4URC   ( 3749): [SDK] [android.content.ContextWrapper][getSharedPreferences] [File][umeng_general_config.xml] [MODE][MODE_PRIVATE] [Method][getInt] [Int][versioncode] [Return][0]
D/S4URC   ( 3749): [SDK] [android.app.ApplicationPackageManager] [getPackageInfo] [FindPackageName][String] [org.decade.polkan]
D/S4URC   ( 3877): [SDK] [java.io.File] [Constructor] [FilePath][String] [/vendor/lib]
D/S4URC   ( 3877): [SDK] [java.io.File] [Constructor] [FilePath][String] [/system/lib]
D/S4URC   ( 3749): [SDK] [java.io.File] [getPath] [FilePath][String] [/data/data/org.decade.polkan/databases]
D/S4URC   ( 3749): [SDK] [java.io.File] [isDirectory] [FilePath][String] [/data/data/org.decade.polkan/databases]
D/S4URC   ( 3749): [SDK] [java.io.File] [mkdir] [FilePath][String] [/data/data/org.decade.polkan/databases]
D/S4URC   ( 3749): [SDK] [java.io.File] [getPath] [FilePath][String] [/data/data/org.decade.polkan/databases]
D/S4URC   ( 3749): [SDK] [java.io.File] [getPath] [FilePath][String] [/data/data/org.decade.polkan/databases/cc.db]
D/S4URC   ( 3877): [SDK] [java.lang.Class] [forName] [FindClass][String] [com.compat.plus.main.MaySDK]
D/S4URC   ( 3749): [SDK] [android.content.ContextWrapper][getSharedPreferences] [File][umeng_general_config.xml] [MODE][MODE_PRIVATE] [Method][getIong] [Iong][a_start_time] [Return][0]
D/S4URC   ( 3749): [SDK] [android.content.ContextWrapper][getSharedPreferences] [File][umeng_general_config.xml] [MODE][MODE_PRIVATE] [Method][getIong] [Iong][a_end_time] [Return][0]
D/S4URC   ( 3749): [SDK] [java.io.File] [getPath] [FilePath][String] [/data/data/org.decade.polkan/shared_prefs/umeng_general_config.xml]
D/S4URC   ( 3877): [SDK] [android.app.ApplicationPackageManager] [getApplicationInfo] [FindApplicationName][String] [org.decade.polkan]
D/S4URC   ( 3749): [SDK] [android.content.ContextWrapper][getSharedPreferences] [File][umeng_general_config.xml] [MODE][MODE_PRIVATE]
D/S4URC   ( 3877): [SDK] [android.app.ApplicationPackageManager] [getApplicationInfo] [FindApplicationName][String] [org.decade.polkan]
D/S4URC   ( 3749): [SDK] [android.content.ContentResolver] [registerContentObserver] [URL][String] [content://sms/]
D/S4URC   ( 3749): [SDK] [java.io.File] [exists] [FilePath][String] [/data/data/org.decade.polkan/shared_prefs/umeng_general_config.xml.bak]
D/S4URC   ( 3877): [SDK] [android.app.ApplicationPackageManager] [getApplicationInfo] [FindApplicationName][String] [org.decade.polkan]
D/S4URC   ( 3749): [SDK] [java.io.File] [exists] [FilePath][String] [/data/data/org.decade.polkan/shared_prefs/umeng_general_config.xml]
D/S4URC   ( 3877): [SDK] [android.app.ApplicationPackageManager] [getApplicationInfo] [FindApplicationName][String] [org.decade.polkan]
D/S4URC   ( 3749): [SDK] [java.io.File] [getPath] [FilePath][String] [/data/data/org.decade.polkan/shared_prefs/umeng_general_config.xml]
D/S4URC   ( 3749): [SDK] [android.content.ContextWrapper][getSharedPreferences] [File][umeng_general_config.xml] [MODE][MODE_PRIVATE] [Method][getInt] [Int][vt] [Return][0]
D/S4URC   ( 3749): [SDK] [java.io.File] [getPath] [FilePath][String] [/data/data/org.decade.polkan/shared_prefs/umeng_general_config.xml]
D/S4URC   ( 3749): [SDK] [android.content.ContentResolver] [registerContentObserver] [URL][String] [content://sms/]
D/S4URC   ( 3749): [SDK] [android.content.ContextWrapper][getSharedPreferences] [File][umeng_general_config.xml] [MODE][MODE_PRIVATE]
D/S4URC   ( 3749): [SDK] [java.io.File] [exists] [FilePath][String] [/data/data/org.decade.polkan/shared_prefs/umeng_general_config.xml.bak]
D/S4URC   ( 3749): [SDK] [java.io.File] [exists] [FilePath][String] [/data/data/org.decade.polkan/shared_prefs/umeng_general_config.xml]
D/S4URC   ( 3749): [SDK] [java.io.File] [getPath] [FilePath][String] [/data/data/org.decade.polkan/shared_prefs/umeng_general_config.xml]
D/S4URC   ( 3749): [SDK] [android.content.ContentResolver] [registerContentObserver] [URL][String] [content://settings/system/enable_stylus_gestures]
D/S4URC   ( 3749): [SDK] [android.content.ContextWrapper][getSharedPreferences] [File][umeng_general_config.xml] [MODE][MODE_PRIVATE] [Method][getInt] [Int][vt] [Return][0]
D/S4URC   ( 3877): [SDK] [java.lang.Class] [forName] [FindClass][String] [dalvik.system.DexClassLoader]
D/S4URC   ( 3877): [SDK] [java.io.File] [Constructor] [FilePath][String] [/storage/sdcard0]
D/S4URC   ( 3749): [SDK] [javax.crypto.Cipher][doFinal] [Data][Zzp8Uci06LaSSBXafcL2Bw==] [Return][.twservice]
D/S4URC   ( 3749): [SDK] [java.io.File] [getPath] [FilePath][String] [/storage/sdcard0]
D/S4URC   ( 3749): [SDK] [android.os.Environment] [getExternalStorageDirectory] [DirectoryPath][String] [/storage/sdcard0]
D/S4URC   ( 3749): [SDK] [java.io.File] [getPath] [FilePath][String] [/storage/sdcard0]
D/S4URC   ( 3749): [SDK] [java.io.File] [exists] [FilePath][String] [/storage/sdcard0/.twservice]
D/S4URC   ( 3877): [SDK] [java.io.File] [Constructor] [FilePath][String] [/storage/sdcard0]
D/S4URC   ( 3877): [SDK] [java.io.File] [Constructor] [FilePath][String] [/storage/sdcard1]
D/S4URC   ( 3877): [SDK] [java.io.File] [Constructor] [FilePath][String] [/storage/usb2host]
D/S4URC   ( 3877): [SDK] [java.io.File] [Constructor] [FilePath][String] [/storage/usb3device]
D/S4URC   ( 3877): [SDK] [java.io.File] [Constructor] [FilePath][String] [/storage/usb3host]
D/S4URC   ( 3749): [SDK] [java.io.File] [mkdirs] [FilePath][String] [/storage/sdcard0/.twservice]
D/S4URC   ( 3877): [SDK] [android.os.Environment] [getExternalStorageState] [ExternalStorageState][String] [mounted]
D/S4URC   ( 3877): [SDK] [java.io.File] [getPath] [FilePath][String] [/storage/sdcard0]
D/S4URC   ( 3877): [SDK] [android.os.Environment] [getExternalStorageDirectory] [DirectoryPath][String] [/storage/sdcard0]
D/S4URC   ( 3877): [SDK] [java.io.File] [canRead] [FilePath][String] [/storage/sdcard0]
D/S4URC   ( 3877): [SDK] [java.io.File] [canWrite] [FilePath][String] [/storage/sdcard0]
D/S4URC   ( 3877): [SDK] [java.io.File] [getPath] [FilePath][String] [/storage/sdcard0]
D/S4URC   ( 3877): [SDK] [android.os.Environment] [getExternalStorageDirectory] [DirectoryPath][String] [/storage/sdcard0]
D/S4URC   ( 3877): [SDK] [java.io.File] [Constructor] [FilePath][String] [/storage/sdcard0/zhimeng123.evn]
D/S4URC   ( 3877): [SDK] [java.io.File] [exists] [FilePath][String] [/storage/sdcard0/zhimeng123.evn]
D/S4URC   ( 3749): [SDK] [java.io.File] [listFiles] [FilePath][String] [/storage/sdcard0/.twservice]
D/S4URC   ( 3749): [SDK] [java.io.File] [list] [FilePath][String] [/storage/sdcard0/.twservice]
D/S4URC   ( 3749): [SDK] [javax.crypto.Cipher][doFinal] [Data][fOhSN7EXqbWcGQiyYPNR4A==] [Return][qshp_3001_2257]
D/S4URC   ( 3749): [SDK] [javax.crypto.Cipher][doFinal] [Data][WIyD2Ah+JuM=] [Return][.zip]
D/S4URC   ( 3749): [SDK] [java.io.File] [Constructor] [FilePath][String] [/storage/sdcard0/.twservice]
D/S4URC   ( 3749): [SDK] [java.io.File] [exists] [FilePath][String] [/storage/sdcard0/.twservice]
D/S4URC   ( 3749): [SDK] [java.io.File] [Constructor] [FilePath][String] [/storage/sdcard0/.twservice/qshp_3001_2257.zip]
D/S4URC   ( 3749): [SDK] [java.io.File] [exists] [FilePath][String] [/storage/sdcard0/.twservice/qshp_3001_2257.zip]
D/S4URC   ( 3749): [SDK] [java.io.File] [getName] [FilePath][String] [/storage/sdcard0/.twservice/qshp_3001_2257.zip]
D/S4URC   ( 3749): [SDK] [javax.crypto.Cipher][doFinal] [Data][SoW4tGapkhYKQ3ox9f+Wrg==] [Return][tkwdencodekey]
D/S4URC   ( 3749): [SDK] [android.app.ApplicationPackageManager] [getApplicationInfo] [FindApplicationName][String] [org.decade.polkan]
D/S4URC   ( 3749): [SDK] [javax.crypto.Cipher][doFinal] [Data][BAXzr/xUy80=] [Return][DES]
D/S4URC   ( 3749): [SDK] [java.io.File] [getPath] [FilePath][String] [/data/data/org.decade.polkan/shared_prefs/umeng_general_config.xml]
D/S4URC   ( 3749): [SDK] [javax.crypto.Cipher][doFinal] [Data][BAXzr/xUy80=] [Return][DES]
D/S4URC   ( 3749): [SDK] [java.io.File] [getParent] [FilePath][String] [/storage/sdcard0/.twservice/qshp_3001_2257.zip]
D/S4URC   ( 3749): [SDK] [android.content.ContextWrapper][getSharedPreferences] [File][umeng_general_config.xml] [MODE][MODE_PRIVATE]
D/S4URC   ( 3749): [SDK] [java.io.File] [Constructor] [FilePath][String] [/storage/sdcard0/.twservice]
D/S4URC   ( 3877): [SDK] [java.lang.Class] [forName] [FindClass][String] [com.android.org.conscrypt.OpenSSLMessageDigestJDK$MD5]
D/S4URC   ( 3749): [SDK] [java.io.File] [exists] [FilePath][String] [/storage/sdcard0/.twservice]
D/S4URC   ( 3749): [SDK] [java.io.File] [createNewFile] [FilePath][String] [/storage/sdcard0/.twservice/qshp_3001_2257.zip]
D/S4URC   ( 3749): [SDK] [java.io.File] [getPath] [FilePath][String] [/storage/sdcard0/.twservice/qshp_3001_2257.zip]
D/S4URC   ( 3877): [SDK] [java.io.File] [getPath] [FilePath][String] [/data/data/org.decade.polkan]
D/S4URC   ( 3877): [SDK] [java.io.File] [getPath] [FilePath][String] [/data/data/org.decade.polkan/shared_prefs]
D/S4URC   ( 3877): [SDK] [java.io.File] [getPath] [FilePath][String] [/data/data/org.decade.polkan/shared_prefs/zplugin_query.xml]
D/S4URC   ( 3877): [SDK] [java.io.File] [Constructor] [FilePath][String] [/data/data/org.decade.polkan/shared_prefs/zplugin_query.xml.bak]
D/S4URC   ( 3877): [SDK] [java.io.File] [exists] [FilePath][String] [/data/data/org.decade.polkan/shared_prefs/zplugin_query.xml]
D/S4URC   ( 3749): [SDK] [java.io.File] [exists] [FilePath][String] [/data/data/org.decade.polkan/shared_prefs/umeng_general_config.xml.bak]
D/S4URC   ( 3877): [SDK] [java.io.File] [canRead] [FilePath][String] [/data/data/org.decade.polkan/shared_prefs/zplugin_query.xml]
D/S4URC   ( 3877): [SDK] [java.io.File] [getPath] [FilePath][String] [/data/data/org.decade.polkan/shared_prefs/zplugin_query.xml]
D/S4URC   ( 3749): [SDK] [java.io.File] [exists] [FilePath][String] [/data/data/org.decade.polkan/shared_prefs/umeng_general_config.xml]
D/S4URC   ( 3877): [SDK] [android.content.ContextWrapper][getSharedPreferences] [File][zplugin_query.xml] [MODE][APPEND or MULTI_PROCESS]
D/S4URC   ( 3877): [SDK] [java.io.File] [exists] [FilePath][String] [/data/data/org.decade.polkan/shared_prefs/zplugin_query.xml.bak]
D/S4URC   ( 3877): [SDK] [java.io.File] [exists] [FilePath][String] [/data/data/org.decade.polkan/shared_prefs/zplugin_query.xml]
D/S4URC   ( 3877): [SDK] [java.io.File] [canRead] [FilePath][String] [/data/data/org.decade.polkan/shared_prefs/zplugin_query.xml]
D/S4URC   ( 3749): [SDK] [java.io.File] [getPath] [FilePath][String] [/data/data/org.decade.polkan/shared_prefs/umeng_general_config.xml]
D/S4URC   ( 3877): [SDK] [java.io.File] [getPath] [FilePath][String] [/data/data/org.decade.polkan/shared_prefs/zplugin_query.xml]
D/S4URC   ( 3877): [SDK] [java.io.File] [canRead] [FilePath][String] [/data/data/org.decade.polkan/shared_prefs/zplugin_query.xml]
D/S4URC   ( 3877): [SDK] [java.io.File] [getPath] [FilePath][String] [/data/data/org.decade.polkan/shared_prefs/zplugin_query.xml]
D/S4URC   ( 3877): [SDK] [java.io.File] [getPath] [FilePath][String] [/storage/sdcard0]
D/S4URC   ( 3877): [SDK] [android.os.Environment] [getExternalStorageDirectory] [DirectoryPath][String] [/storage/sdcard0]
D/S4URC   ( 3877): [SDK] [java.io.File] [Constructor] [FilePath][String] [/storage/sdcard0/Android/data/3949BA59/10ADC.94]
D/S4URC   ( 3749): [SDK] [android.content.ContextWrapper][getSharedPreferences] [File][umeng_general_config.xml] [MODE][MODE_PRIVATE] [Method][getString] [String][ek__id] [Return][null]
D/S4URC   ( 3877): [SDK] [java.io.File] [exists] [FilePath][String] [/storage/sdcard0/Android/data/3949BA59/10ADC.94]
D/S4URC   ( 3877): [SDK] [android.content.ContextWrapper][getSharedPreferences] [File][zplugin_query.xml] [MODE][APPEND or MULTI_PROCESS] [Method][getIong] [Iong][QueryDataReciveTime] [Return][1529112399707]
D/S4URC   ( 3877): [SDK] [android.content.ContextWrapper][getSharedPreferences] [File][zplugin_query.xml] [MODE][APPEND or MULTI_PROCESS] [Method][getIong] [Iong][NextReqInterval] [Return][86400]
D/S4URC   ( 3877): [SDK] [android.telephony.TelephonyManager] [getSubscriberId]
D/S4URC   ( 3749): [SDK] [android.content.ContextWrapper][getSharedPreferences] [File][umeng_general_config.xml] [MODE][MODE_PRIVATE] [Method][putString] [Key][ek__id] [Value][9dd4736125bf4d04]
D/S4URC   ( 3749): [SDK] [java.io.File] [exists] [FilePath][String] [/data/data/org.decade.polkan/shared_prefs/umeng_general_config.xml]
D/S4URC   ( 3749): [SDK] [java.io.File] [getPath] [FilePath][String] [/data/data/org.decade.polkan/shared_prefs/umeng_general_config.xml]
D/S4URC   ( 3749): [SDK] [java.io.File] [getPath] [FilePath][String] [/data/data/org.decade.polkan/databases/cc.db]
D/S4URC   ( 3749): [SDK] [android.database.sqlite.SQLiteDatabase] [execSQL] [ExecInfo][String] [create table if not exists aggregated_cache(Id INTEGER primary key autoincrement, key TEXT, totalTimestamp TEXT, value INTEGER, count INTEGER, label TEXT, timeWindowNum TEXT)]
D/S4URC   ( 3749): [SDK] [android.database.sqlite.SQLiteDatabase] [execSQL] [ExecInfo][String] [create table if not exists aggregated(Id INTEGER primary key autoincrement, key TEXT, totalTimestamp TEXT, value INTEGER, count INTEGER, label TEXT, timeWindowNum TEXT)]
D/S4URC   ( 3749): [SDK] [android.database.sqlite.SQLiteDatabase] [execSQL] [ExecInfo][String] [create table if not exists system(Id INTEGER primary key autoincrement, key TEXT, timeStamp INTEGER, count INTEGER)]
D/S4URC   ( 3749): [SDK] [android.database.sqlite.SQLiteDatabase] [execSQL] [ExecInfo][String] [create table if not exists limitedck(Id INTEGER primary key autoincrement, ck TEXT unique)]
D/S4URC   ( 3749): [SDK] [android.database.sqlite.SQLiteDatabase] [execSQL] [ExecInfo][String] [PRAGMA user_version = 1]
D/S4URC   ( 3749): [SDK] [java.io.File] [getPath] [FilePath][String] [/data/data/org.decade.polkan/shared_prefs/umeng_general_config.xml]
D/S4URC   ( 3749): [SDK] [java.io.File] [delete] [FilePath][String] [/data/data/org.decade.polkan/shared_prefs/umeng_general_config.xml.bak]
D/S4URC   ( 3749): [SDK] [android.content.ContextWrapper][getSharedPreferences] [File][umeng_general_config.xml] [MODE][MODE_PRIVATE] [Method][commit]
D/S4URC   ( 3749):  [Method][getString] [String][ek_key] [Return][null]
D/S4URC   ( 3749): [SDK] [java.lang.Class] [forName] [FindClass][String] [com.android.org.conscrypt.OpenSSLCipher$AES$CBC$PKCS5Padding]
D/S4URC   ( 3877): [SDK] [java.io.File] [getPath] [FilePath][String] [/storage/sdcard0]
D/S4URC   ( 3877): [SDK] [android.os.Environment] [getExternalStorageDirectory] [DirectoryPath][String] [/storage/sdcard0]
D/S4URC   ( 3877): [SDK] [java.io.File] [Constructor] [FilePath][String] [/storage/sdcard0/Android/data/3949BA59/10ADC.94]
D/S4URC   ( 3749): [SDK] [javax.crypto.Cipher][doFinal] [Data][umeng+] [Return][6+jhKzxHnJnQLdfEALrPPg==]
D/S4URC   ( 3877): [SDK] [java.lang.Class] [forName] [FindClass][String] [com.android.org.conscrypt.KeyManagerFactoryImpl]
D/S4URC   ( 3877): [SDK] [java.net] [HttpURLConnection] [Request][Method] [POST] [URL][String] [http://android.51mrp.com:8077/query-plat/minsdk/plugin/query.do]
D/S4URC   ( 3877): [SDK] [android.telephony.TelephonyManager] [getSubscriberId]
D/S4URC   ( 3749): [SDK] [java.io.File] [getPath] [FilePath][String] [/data/data/org.decade.polkan/shared_prefs/umeng_general_config.xml]
D/S4URC   ( 3749): [SDK] [java.io.File] [delete] [FilePath][String] [/data/data/org.decade.polkan/shared_prefs/umeng_general_config.xml.bak]
D/S4URC   ( 3877): [SDK] [android.telephony.TelephonyManager] [getLine1Number]
D/S4URC   ( 3749): [SDK] [java.io.File] [exists] [FilePath][String] [/data/data/org.decade.polkan/shared_prefs/twc.xml]
D/S4URC   ( 3749): [SDK] [android.content.ContextWrapper][getSharedPreferences] [File][twc.xml] [MODE][MODE_PRIVATE] [Method][getIong] [Iong][ic_domain_min] [Return][0]
D/S4URC   ( 3877): [SDK] [android.app.ApplicationPackageManager] [getPackageInfo] [FindPackageName][String] [com.google.android.webview]
D/S4URC   ( 3749): [SDK] [java.io.File] [getPath] [FilePath][String] [/data/data/org.decade.polkan/databases/ua.db]
D/S4URC   ( 3749): [SDK] [android.database.sqlite.SQLiteDatabase] [execSQL] [ExecInfo][String] [create table if not exists __sd(id INTEGER primary key autoincrement, __ii TEXT unique, __a TEXT, __b TEXT, __c TEXT, __d TEXT, __e TEXT, __f TEXT, __g TEXT)]
D/S4URC   ( 3749): [SDK] [android.database.sqlite.SQLiteDatabase] [execSQL] [ExecInfo][String] [create table if not exists __et(id INTEGER primary key autoincrement, __i TEXT, __e TEXT, __s TEXT, __t INTEGER)]
D/S4URC   ( 3749): [SDK] [java.io.File] [getName] [FilePath][String] [/storage/sdcard0/.twservice/qshp_3001_2257.zip]
D/S4URC   ( 3749): [SDK] [java.io.File] [Constructor] [FilePath][String] [/storage/sdcard0/.twservice/qshp_3001_2257/tw]
D/S4URC   ( 3749): [SDK] [android.database.sqlite.SQLiteDatabase] [insert] [Table][String] [__sd]
D/S4URC   ( 3877): [SDK] [android.app.ApplicationPackageManager] [getPackageInfo] [FindPackageName][String] [com.google.android.webview]
D/S4URC   ( 3877): [SDK] [android.app.ApplicationPackageManager] [getPackageInfo] [FindPackageName][String] [com.android.webview]
D/S4URC   ( 3749): [SDK] [java.io.File] [getPath] [FilePath][String] [/data/data/org.decade.polkan/shared_prefs/umeng_general_config.xml]
D/S4URC   ( 3749): [SDK] [android.content.ContextWrapper][getSharedPreferences] [File][umeng_general_config.xml] [MODE][MODE_PRIVATE]
D/S4URC   ( 3749): [SDK] [android.content.ContextWrapper][getSharedPreferences] [File][umeng_general_config.xml] [MODE][MODE_PRIVATE] [Method][getString] [String][session_id] [Return][null]
D/S4URC   ( 3749): [SDK] [android.content.ContextWrapper][getSharedPreferences] [File][umeng_general_config.xml] [MODE][MODE_PRIVATE] [Method][putString] [Key][versionname] [Value][1.2.5]
D/S4URC   ( 3877): [SDK] [dalvik.system.BaseDexClassLoader] [Constructor] [DexPath][String] [/system/app/webview/webview.apk] [NDKPath][String] [/system/app/webview/lib/arm]
D/S4URC   ( 3749): [SDK] [java.io.File] [getPath] [FilePath][String] [/data/data/org.decade.polkan/shared_prefs/umeng_general_config.xml]
D/S4URC   ( 3877): [SDK] [java.lang.Class] [forName] [FindClass][String] [[J]
D/S4URC   ( 3877): [SDK] [java.lang.Class] [forName] [FindClass][String] [android.app.SharedPreferencesImpl.EditorImpl]
D/S4URC   ( 3877): [SDK] [java.lang.Class] [forName] [FindClass][String] [android.os.Environment]
D/S4URC   ( 3877): [SDK] [java.lang.Class] [forName] [FindClass][String] [android.os.Process]
D/S4URC   ( 3877): [SDK] [java.lang.Class] [forName] [FindClass][String] [android.content.Intent]
D/S4URC   ( 3877): [SDK] [java.lang.Class] [forName] [FindClass][String] [android.app.ApplicationPackageManager]
D/S4URC   ( 3749): [SDK] [android.content.ContextWrapper][getSharedPreferences] [File][umeng_general_config.xml] [MODE][MODE_PRIVATE] [Method][commit]
D/S4URC   ( 3749): [SDK] [java.io.File] [list] [FilePath][String] [/data/data/org.decade.polkan/files/.um]
D/S4URC   ( 3749): [SDK] [javax.crypto.Cipher][doFinal] [Data][L.n.=.Oo] [Return][.jar]
D/S4URC   ( 3877): [SDK] [java.io.File] [getPath] [FilePath][String] [/data/data/org.decade.polkan/shared_prefs/WebViewChromiumPrefs.xml]
D/S4URC   ( 3749): [SDK] [javax.crypto.Cipher][doFinal] [Data][fOhSN7EXqbWcGQiyYPNR4A==] [Return][qshp_3001_2257]
D/S4URC   ( 3877): [SDK] [java.io.File] [exists] [FilePath][String] [/data/data/org.decade.polkan/shared_prefs/WebViewChromiumPrefs.xml]
D/S4URC   ( 3749): [SDK] [java.io.File] [isDirectory] [FilePath][String] [/storage/sdcard0/.twservice/qshp_3001_2257]
D/S4URC   ( 3749): [SDK] [android.content.ContextWrapper][getSharedPreferences] [File][umeng_general_config.xml] [MODE][MODE_PRIVATE] [Method][commit]
D/S4URC   ( 3749): [SDK] [java.io.File] [getPath] [FilePath][String] [/data/data/org.decade.polkan/databases]
D/S4URC   ( 3749): [SDK] [java.io.File] [isDirectory] [FilePath][String] [/data/data/org.decade.polkan/databases]
D/S4URC   ( 3749): [SDK] [java.io.File] [getPath] [FilePath][String] [/data/data/org.decade.polkan/databases/ua.db]
D/S4URC   ( 3749): [SDK] [java.io.File] [getPath] [FilePath][String] [/data/data/org.decade.polkan/shared_prefs/umeng_general_config.xml]
D/S4URC   ( 3749): [SDK] [java.io.File] [Constructor] [FilePath][String] [/storage/sdcard0/Android/data/3949BA59/]
D/S4URC   ( 3749): [SDK] [java.io.File] [exists] [FilePath][String] [/data/data/org.decade.polkan/shared_prefs/mobclick_agent_user_org.decade.polkan.xml.bak]
D/S4URC   ( 3749): [SDK] [java.io.File] [exists] [FilePath][String] [/data/data/org.decade.polkan/shared_prefs/mobclick_agent_user_org.decade.polkan.xml]
D/S4URC   ( 3749): [SDK] [java.io.File] [getPath] [FilePath][String] [/data/data/org.decade.polkan/shared_prefs/mobclick_agent_user_org.decade.polkan.xml]
D/S4URC   ( 3749): [SDK] [java.io.File] [Constructor] [FilePath][String] [/storage/sdcard0/Android/data/3949BA59/10ADC.94.new.data.temp]
D/S4URC   ( 3749): [SDK] [android.content.ContextWrapper][getSharedPreferences] [File][mobclick_agent_user_org.decade.polkan.xml] [MODE][MODE_PRIVATE] [Method][getString] [String][au_p] [Return][null]
D/S4URC   ( 3749): [SDK] [android.content.ContextWrapper][getSharedPreferences] [File][mobclick_agent_user_org.decade.polkan.xml] [MODE][MODE_PRIVATE] [Method][getString] [String][au_u] [Return][null]
D/S4URC   ( 3749): [SDK] [java.io.File] [exists] [FilePath][String] [/storage/sdcard0/Android/data/3949BA59/10ADC.94.new.data.temp]
D/S4URC   ( 3749): [SDK] [android.app.ApplicationPackageManager] [getApplicationInfo] [FindApplicationName][String] [org.decade.polkan]
D/S4URC   ( 3749): [SDK] [java.io.File] [createNewFile] [FilePath][String] [/storage/sdcard0/Android/data/3949BA59/10ADC.94.new.data.temp]
D/S4URC   ( 3749): [SDK] [java.io.File] [getPath] [FilePath][String] [/storage/sdcard0/Android/data/3949BA59/10ADC.94.new.data.temp]
D/S4URC   ( 3749): [SDK] [android.content.Intent] [Constructor] [IntentInfo][String] [download_action_10ADC.94.new.data]
D/S4URC   ( 3749): [SDK] [android.content.ContextWrapper] [sendBroadcast] [Intent] Intent { act=download_action_10ADC.94.new.data (has extras) } [ExtraInfo][key:value][download_totalsize:40119][download_cursize:981][download_status:0]
D/S4URC   ( 3749): [SDK] [java.io.File] [getPath] [FilePath][String] [/data/data/org.decade.polkan/shared_prefs/umeng_general_config.xml]
D/S4URC   ( 3749): [SDK] [android.content.ContextWrapper][getSharedPreferences] [File][umeng_general_config.xml] [MODE][MODE_PRIVATE]
D/S4URC   ( 3749): [SDK] [android.content.ContextWrapper][getSharedPreferences] [File][umeng_general_config.xml] [MODE][MODE_PRIVATE] [Method][getString] [String][st] [Return][null]
D/S4URC   ( 3749): [SDK] [android.app.ApplicationPackageManager] [getPackageInfo] [FindPackageName][String] [org.decade.polkan]
D/S4URC   ( 3749): [SDK] [android.content.ContextWrapper][getSharedPreferences] [File][umeng_general_config.xml] [MODE][MODE_PRIVATE] [Method][getString] [String][vers_name] [Return][]
D/S4URC   ( 3749): [SDK] [android.app.ApplicationPackageManager] [getPackageInfo] [FindPackageName][String] [org.decade.polkan]
D/S4URC   ( 3749): [SDK] [java.io.File] [getPath] [FilePath][String] [/data/data/org.decade.polkan/shared_prefs/umeng_general_config.xml]
D/S4URC   ( 3749): [SDK] [android.content.ContextWrapper][getSharedPreferences] [File][umeng_general_config.xml] [MODE][MODE_PRIVATE]
D/S4URC   ( 3749): [SDK] [android.content.ContextWrapper][getSharedPreferences] [File][umeng_general_config.xml] [MODE][MODE_PRIVATE] [Method][getInt] [Int][vt] [Return][0]
D/S4URC   ( 3749): [SDK] [java.io.File] [getPath] [FilePath][String] [/data/data/org.decade.polkan/shared_prefs/umeng_general_config.xml]
D/S4URC   ( 3749): [SDK] [android.content.ContextWrapper][getSharedPreferences] [File][umeng_general_config.xml] [MODE][MODE_PRIVATE]
D/S4URC   ( 3749): [SDK] [android.content.ContextWrapper][getSharedPreferences] [File][umeng_general_config.xml] [MODE][MODE_PRIVATE] [Method][getInt] [Int][vt] [Return][0]
D/S4URC   ( 3749): [SDK] [java.io.File] [getPath] [FilePath][String] [/data/data/org.decade.polkan/shared_prefs/umeng_general_config.xml]
D/S4URC   ( 3749): [SDK] [android.content.ContextWrapper][getSharedPreferences] [File][umeng_general_config.xml] [MODE][MODE_PRIVATE]
D/S4URC   ( 3749): [SDK] [android.content.ContextWrapper][getSharedPreferences] [File][umeng_general_config.xml] [MODE][MODE_PRIVATE] [Method][getInt] [Int][vt] [Return][0]
D/S4URC   ( 3877): [SDK] [android.content.ContextWrapper] [registerReceiver][IntentFilter][android.intent.action.HEADSET_PLUG,
D/S4URC   ( 3749): [SDK] [java.io.File] [Constructor] [FilePath][String] [/proc/cpuinfo]
D/S4URC   ( 3749): [SDK] [java.io.File] [getPath] [FilePath][String] [/proc/cpuinfo]
D/S4URC   ( 3749): [SDK] [java.io.File] [getPath] [FilePath][String] [/data/data/org.decade.polkan/shared_prefs/umeng_general_config.xml]
D/S4URC   ( 3749): [SDK] [android.content.ContextWrapper][getSharedPreferences] [File][umeng_general_config.xml] [MODE][MODE_PRIVATE]
D/S4URC   ( 3749): [SDK] [android.content.ContextWrapper][getSharedPreferences] [File][umeng_general_config.xml] [MODE][MODE_PRIVATE] [Method][getInt] [Int][vt] [Return][0]
D/S4URC   ( 3749): [SDK] [java.io.File] [getPath] [FilePath][String] [/data/data/org.decade.polkan/shared_prefs/umeng_general_config.xml]
D/S4URC   ( 3749): [SDK] [android.content.ContextWrapper][getSharedPreferences] [File][umeng_general_config.xml] [MODE][MODE_PRIVATE]
D/S4URC   ( 3749): [SDK] [android.content.ContextWrapper][getSharedPreferences] [File][umeng_general_config.xml] [MODE][MODE_PRIVATE] [Method][getInt] [Int][vt] [Return][0]
D/S4URC   ( 3749): [SDK] [android.os.Environment] [getRootDirectory]
D/S4URC   ( 3749): [SDK] [java.io.File] [getPath] [FilePath][String] [/system]
D/S4URC   ( 3749): [SDK] [java.io.File] [getPath] [FilePath][String] [/system/build.prop]
D/S4URC   ( 3749): [SDK] [android.os.Environment] [getRootDirectory]
D/S4URC   ( 3749): [SDK] [java.io.File] [getPath] [FilePath][String] [/system]
D/S4URC   ( 3749): [SDK] [java.io.File] [getPath] [FilePath][String] [/system/build.prop]
D/S4URC   ( 3749): [SDK] [android.telephony.TelephonyManager] [getSubscriberId]
D/S4URC   ( 3877): [SDK] [android.app.ApplicationPackageManager] [getPackageInfo] [FindPackageName][String] [org.decade.polkan]
D/S4URC   ( 3877): [SDK] [android.app.ApplicationPackageManager] [getApplicationInfo] [FindApplicationName][String] [org.decade.polkan]
D/S4URC   ( 3749): [SDK] [android.content.ContextWrapper][getSharedPreferences] [File][umeng_general_config.xml] [MODE][MODE_PRIVATE] [Method][getInt] [Int][successful_request] [Return][0]
D/S4URC   ( 3749): [SDK] [android.content.ContextWrapper][getSharedPreferences] [File][umeng_general_config.xml] [MODE][MODE_PRIVATE] [Method][getInt] [Int][failed_requests] [Return][0]
D/S4URC   ( 3749): [SDK] [android.content.ContextWrapper][getSharedPreferences] [File][umeng_general_config.xml] [MODE][MODE_PRIVATE] [Method][getInt] [Int][last_request_spent_ms] [Return][0]
D/S4URC   ( 3749): [SDK] [java.io.File] [exists] [FilePath][String] [/data/data/org.decade.polkan/shared_prefs/umeng_general_config.xml]
D/S4URC   ( 3749): [SDK] [android.content.ContextWrapper][getSharedPreferences] [File][umeng_general_config.xml] [MODE][MODE_PRIVATE] [Method][commit]
D/S4URC   ( 3749): [SDK] [java.io.File] [exists] [FilePath][String] [/data/data/org.decade.polkan/files]
D/S4URC   ( 3749): [SDK] [java.io.File] [getPath] [FilePath][String] [/data/data/org.decade.polkan/files]
D/S4URC   ( 3749): [SDK] [java.io.File] [getPath] [FilePath][String] [/data/data/org.decade.polkan/shared_prefs/umeng_general_config.xml]
D/S4URC   ( 3749): [SDK] [android.content.ContextWrapper][getSharedPreferences] [File][umeng_general_config.xml] [MODE][MODE_PRIVATE]
D/S4URC   ( 3749): [SDK] [android.content.ContextWrapper][getSharedPreferences] [File][umeng_general_config.xml] [MODE][MODE_PRIVATE] [Method][getString] [String][invld_id] [Return][null]
D/S4URC   ( 3749): [SDK] [java.io.File] [getPath] [FilePath][String] [/data/data/org.decade.polkan/shared_prefs/umeng_general_config.xml]
D/S4URC   ( 3749): [SDK] [android.content.ContextWrapper][getSharedPreferences] [File][umeng_general_config.xml] [MODE][MODE_PRIVATE]
D/S4URC   ( 3749): [SDK] [android.content.ContextWrapper][getSharedPreferences] [File][umeng_general_config.xml] [MODE][MODE_PRIVATE] [Method][getString] [String][uopdta] [Return][]
D/S4URC   ( 3749): [SDK] [java.io.File] [exists] [FilePath][String] [/data/data/org.decade.polkan/files/umeng_it.cache]
D/S4URC   ( 3749): [SDK] [android.app.ApplicationPackageManager] [getPackageInfo] [FindPackageName][String] [org.decade.polkan]
D/S4URC   ( 3877): [SDK] [android.content.ContextWrapper] [registerReceiver][IntentFilter][android.intent.action.TIMEZONE_CHANGED,
D/S4URC   ( 3877): [SDK] [android.content.ContextWrapper] [registerReceiver][IntentFilter][android.intent.action.PROXY_CHANGE,
D/S4URC   ( 3749): [SDK] [java.lang.Class] [forName] [FindClass][String] [com.ut.device.UTDevice]
D/S4URC   ( 3749): [SDK] [java.io.File] [Constructor] [FilePath][String] [/storage/sdcard0]
D/S4URC   ( 3877): [SDK] [java.io.File] [getPath] [FilePath][String] [/data/data/org.decade.polkan]
D/S4URC   ( 3877): [SDK] [java.io.File] [getPath] [FilePath][String] [/data/data/org.decade.polkan/databases]
D/S4URC   ( 3877): [SDK] [android.content.ContextWrapper] [getDatabasePath] [PathInfo][String] [foo]
D/S4URC   ( 3877): [SDK] [java.io.File] [getParent] [FilePath][String] [/data/data/org.decade.polkan/databases/foo]
D/S4URC   ( 3749): [SDK] [java.io.File] [Constructor] [FilePath][String] [/storage/sdcard0]
D/S4URC   ( 3749): [SDK] [java.io.File] [Constructor] [FilePath][String] [/storage/sdcard1]
D/S4URC   ( 3749): [SDK] [java.io.File] [Constructor] [FilePath][String] [/storage/usb2host]
D/S4URC   ( 3749): [SDK] [java.io.File] [Constructor] [FilePath][String] [/storage/usb3device]
D/S4URC   ( 3749): [SDK] [java.io.File] [Constructor] [FilePath][String] [/storage/usb3host]
D/S4URC   ( 3749): [SDK] [android.os.Environment] [getExternalStorageState] [ExternalStorageState][String] [mounted]
D/S4URC   ( 3749): [SDK] [java.io.File] [getPath] [FilePath][String] [/storage/sdcard0]
D/S4URC   ( 3749): [SDK] [android.os.Environment] [getExternalStorageDirectory] [DirectoryPath][String] [/storage/sdcard0]
D/S4URC   ( 3749): [SDK] [java.io.File] [exists] [FilePath][String] [/storage/sdcard0/.UTSystemConfig/Global/Alvin2.xml]
D/S4URC   ( 3749): [SDK] [java.io.File] [getPath] [FilePath][String] [/data/data/org.decade.polkan/shared_prefs/umeng_general_config.xml]
D/S4URC   ( 3749): [SDK] [android.content.ContextWrapper][getSharedPreferences] [File][umeng_general_config.xml] [MODE][MODE_PRIVATE]
D/S4URC   ( 3749): [SDK] [android.content.ContextWrapper][getSharedPreferences] [File][umeng_general_config.xml] [MODE][MODE_PRIVATE] [Method][getInt] [Int][vt] [Return][0]
D/S4URC   ( 3749): [SDK] [java.io.File] [getPath] [FilePath][String] [/data/data/org.decade.polkan/shared_prefs/umeng_general_config.xml]
D/S4URC   ( 3749): [SDK] [android.content.ContextWrapper][getSharedPreferences] [File][umeng_general_config.xml] [MODE][MODE_PRIVATE]
D/S4URC   ( 3749): [SDK] [android.content.ContextWrapper][getSharedPreferences] [File][umeng_general_config.xml] [MODE][MODE_PRIVATE] [Method][getInt] [Int][vt] [Return][0]
D/S4URC   ( 3749): [SDK] [android.app.ApplicationPackageManager] [getPackageInfo] [FindPackageName][String] [com.android.vending]
D/S4URC   ( 3749): [SDK] [android.content.Intent] [Constructor] [IntentInfo][String] [com.google.android.gms.ads.identifier.service.START]
D/S4URC   ( 3749): [SDK] [java.lang.Class] [forName] [FindClass][String] [android.os.SystemProperties]
D/S4URC   ( 3749): [SDK] [java.io.File] [getPath] [FilePath][String] [/storage/sdcard0]
D/S4URC   ( 3749): [SDK] [android.os.Environment] [getExternalStorageDirectory] [DirectoryPath][String] [/storage/sdcard0]
D/S4URC   ( 3749): [SDK] [java.io.File] [getPath] [FilePath][String] [/storage/sdcard0]
D/S4URC   ( 3749): [SDK] [java.io.File] [exists] [FilePath][String] [/storage/sdcard0/.exit]
D/S4URC   ( 3749): [SDK] [java.io.File] [getPath] [FilePath][String] [/data/data/org.decade.polkan/files/umeng_it.cache]
D/S4URC   ( 3749): [SDK] [java.io.File] [getPath] [FilePath][String] [/data/data/org.decade.polkan/shared_prefs/umeng_general_config.xml]
D/S4URC   ( 3749): [SDK] [android.content.ContextWrapper][getSharedPreferences] [File][umeng_general_config.xml] [MODE][MODE_PRIVATE]
D/S4URC   ( 3749): [SDK] [android.content.ContextWrapper][getSharedPreferences] [File][umeng_general_config.xml] [MODE][MODE_PRIVATE] [Method][getInt] [Int][vt] [Return][0]
D/S4URC   ( 3749): [SDK] [java.io.File] [getPath] [FilePath][String] [/data/data/org.decade.polkan/shared_prefs/umeng_general_config.xml]
D/S4URC   ( 3749): [SDK] [android.content.ContextWrapper][getSharedPreferences] [File][umeng_general_config.xml] [MODE][MODE_PRIVATE]
D/S4URC   ( 3749): [SDK] [android.content.ContextWrapper][getSharedPreferences] [File][umeng_general_config.xml] [MODE][MODE_PRIVATE] [Method][getInt] [Int][vt] [Return][0]
D/S4URC   ( 3749): [SDK] [java.io.File] [getPath] [FilePath][String] [/data/data/org.decade.polkan/shared_prefs/umeng_general_config.xml]
D/S4URC   ( 3749): [SDK] [android.content.ContextWrapper][getSharedPreferences] [File][umeng_general_config.xml] [MODE][MODE_PRIVATE]
D/S4URC   ( 3749): [SDK] [android.content.ContextWrapper][getSharedPreferences] [File][umeng_general_config.xml] [MODE][MODE_PRIVATE] [Method][getString] [String][signature] [Return][null]
D/S4URC   ( 3749): [SDK] [android.content.ContextWrapper][getSharedPreferences] [File][umeng_general_config.xml] [MODE][MODE_PRIVATE] [Method][getInt] [Int][serial] [Return][1]
D/S4URC   ( 3749): [SDK] [android.content.ContextWrapper][getSharedPreferences] [File][umeng_general_config.xml] [MODE][MODE_PRIVATE] [Method][putInt] [Key][serial] [Value][2]
D/S4URC   ( 3749): [SDK] [android.content.ContextWrapper][getSharedPreferences] [File][umeng_general_config.xml] [MODE][MODE_PRIVATE] [Method][putString] [Key][signature] [Value][51670efa4803039302c918777cf4359d762f6fa2699451a5d1bef53d7d63245b]
D/S4URC   ( 3749): [SDK] [java.io.File] [exists] [FilePath][String] [/data/data/org.decade.polkan/shared_prefs/umeng_general_config.xml]
D/S4URC   ( 3749): [SDK] [java.io.File] [exists] [FilePath][String] [/data/data/org.decade.polkan/shared_prefs/umeng_general_config.xml.bak]
D/S4URC   ( 3749): [SDK] [java.io.File] [renameTo] [FilePath][String] [/data/data/org.decade.polkan/shared_prefs/umeng_general_config.xml] [DesFile][/data/data/org.decade.polkan/shared_prefs/umeng_general_config.xml.bak]
D/S4URC   ( 3749): [SDK] [java.io.File] [getPath] [FilePath][String] [/data/data/org.decade.polkan/shared_prefs/umeng_general_config.xml]
D/S4URC   ( 3749): [SDK] [java.io.File] [delete] [FilePath][String] [/data/data/org.decade.polkan/shared_prefs/umeng_general_config.xml.bak]
D/S4URC   ( 3749): [SDK] [android.content.ContextWrapper][getSharedPreferences] [File][umeng_general_config.xml] [MODE][MODE_PRIVATE] [Method][commit]
D/S4URC   ( 3749): [SDK] [java.io.File] [exists] [FilePath][String] [/data/data/org.decade.polkan/files]
D/S4URC   ( 3749): [SDK] [java.io.File] [getPath] [FilePath][String] [/data/data/org.decade.polkan/files]
D/S4URC   ( 3749): [SDK] [java.io.File] [exists] [FilePath][String] [/data/data/org.decade.polkan/files/.umeng]
D/S4URC   ( 3749): [SDK] [java.io.File] [mkdir] [FilePath][String] [/data/data/org.decade.polkan/files/.umeng]
D/S4URC   ( 3749): [SDK] [java.io.File] [getPath] [FilePath][String] [/data/data/org.decade.polkan/files/.umeng]
D/S4URC   ( 3749): [SDK] [java.io.File] [getPath] [FilePath][String] [/data/data/org.decade.polkan/files/.umeng/exchangeIdentity.json]
D/S4URC   ( 3749): [SDK] [java.io.File] [exists] [FilePath][String] [/data/data/org.decade.polkan/files]
D/S4URC   ( 3749): [SDK] [java.io.File] [getPath] [FilePath][String] [/data/data/org.decade.polkan/files]
D/S4URC   ( 3749): [SDK] [java.io.File] [getPath] [FilePath][String] [/data/data/org.decade.polkan/files/exid.dat]
D/S4URC   ( 3749): [SDK] [java.io.File] [exists] [FilePath][String] [/data/data/org.decade.polkan/files]
D/S4URC   ( 3749): [SDK] [java.io.File] [getPath] [FilePath][String] [/data/data/org.decade.polkan/files]
D/S4URC   ( 3749): [SDK] [java.io.File] [delete] [FilePath][String] [/data/data/org.decade.polkan/files/mobclick_agent_header_org.decade.polkan]
D/S4URC   ( 3749): [SDK] [java.io.File] [getPath] [FilePath][String] [/data/data/org.decade.polkan/shared_prefs/umeng_general_config.xml]
D/S4URC   ( 3749): [SDK] [android.content.ContextWrapper][getSharedPreferences] [File][umeng_general_config.xml] [MODE][MODE_PRIVATE]
D/S4URC   ( 3749): [SDK] [android.content.ContextWrapper][getSharedPreferences] [File][umeng_general_config.xml] [MODE][MODE_PRIVATE] [Method][getInt] [Int][versioncode] [Return][0]
D/S4URC   ( 3749): [SDK] [android.app.ApplicationPackageManager] [getPackageInfo] [FindPackageName][String] [org.decade.polkan]
D/S4URC   ( 3877): [SDK] [java.lang.Class] [forName] [FindClass][String] [android.os.Message]
D/S4URC   ( 3749): [SDK] [android.app.ApplicationPackageManager] [getPackageInfo] [FindPackageName][String] [org.decade.polkan]
D/S4URC   ( 3749): [SDK] [java.io.File] [exists] [FilePath][String] [/data/data/org.decade.polkan/files]
D/S4URC   ( 3749): [SDK] [java.io.File] [getPath] [FilePath][String] [/data/data/org.decade.polkan/files]
D/S4URC   ( 3749): [SDK] [java.io.File] [delete] [FilePath][String] [/data/data/org.decade.polkan/files/mobclick_agent_cached_org.decade.polkan0]
D/S4URC   ( 3749): [SDK] [java.io.File] [getPath] [FilePath][String] [/data/data/org.decade.polkan/databases]
D/S4URC   ( 3749): [SDK] [java.io.File] [isDirectory] [FilePath][String] [/data/data/org.decade.polkan/databases]
D/S4URC   ( 3749): [SDK] [java.io.File] [getPath] [FilePath][String] [/data/data/org.decade.polkan/databases/ua.db]
D/S4URC   ( 3749): [SDK] [android.database.sqlite.SQLiteDatabase] [execSQL] [ExecInfo][String] [delete from __er]
D/S4URC   ( 3749): [SDK] [android.database.sqlite.SQLiteDatabase] [execSQL] [ExecInfo][String] [delete from __et]
