D/S4URC   ( 3723): [SDK] [java.io.File] [isFile] [FilePath][String] [/system/etc/security/cacerts/81b9768f.0]
D/S4URC   ( 3723): [SDK] [java.io.File] [getPath] [FilePath][String] [/system/etc/security/cacerts/81b9768f.0]
D/S4URC   ( 3723): [SDK] [java.io.File] [getPath] [FilePath][String] [/data/misc/user/0/cacerts-removed]
D/S4URC   ( 3723): [SDK] [java.io.File] [isFile] [FilePath][String] [/data/misc/user/0/cacerts-removed/81b9768f.0]
D/S4URC   ( 3723): [SDK] [java.io.File] [exists] [FilePath][String] [/data/misc/user/0/cacerts-removed/81b9768f.0]
D/S4URC   ( 3723): [SDK] [java.io.File] [getPath] [FilePath][String] [/data/misc/user/0/cacerts-removed]
D/S4URC   ( 3723): [SDK] [java.io.File] [isFile] [FilePath][String] [/data/misc/user/0/cacerts-removed/81b9768f.0]
D/S4URC   ( 3723): [SDK] [java.io.File] [getPath] [FilePath][String] [/data/misc/keychain/pins]
D/S4URC   ( 3723): [SDK] [java.io.File] [exists] [FilePath][String] [/data/misc/user/0/cacerts-removed/81b9768f.0]
D/S4URC   ( 3723): [SDK] [java.io.File] [Constructor] [FilePath][String] [/data/misc/keychain/pubkey_blacklist.txt]
D/S4URC   ( 3723): [SDK] [java.io.File] [getPath] [FilePath][String] [/data/misc/keychain/pubkey_blacklist.txt]
D/S4URC   ( 3723): [SDK] [java.io.File] [getPath] [FilePath][String] [/data/misc/keychain/pins]
D/S4URC   ( 3723): [SDK] [java.io.File] [Constructor] [FilePath][String] [/data/misc/keychain/serial_blacklist.txt]
D/S4URC   ( 3723): [SDK] [java.io.File] [getPath] [FilePath][String] [/data/misc/keychain/serial_blacklist.txt]
D/S4URC   ( 3723): [SDK] [java.io.File] [exists] [FilePath][String] [/data/data/li.qiu.shui/files]
D/S4URC   ( 3723): [SDK] [java.io.File] [getPath] [FilePath][String] [/data/data/li.qiu.shui/files]
D/S4URC   ( 3723): [SDK] [java.io.File] [getPath] [FilePath][String] [/data/data/li.qiu.shui/files/AdjustIoPackageQueue]
D/S4URC   ( 3723): [SDK] [java.io.File] [exists] [FilePath][String] [/data/data/li.qiu.shui/files]
D/S4URC   ( 3723): [SDK] [java.io.File] [getPath] [FilePath][String] [/data/data/li.qiu.shui/files]
D/S4URC   ( 3723): [SDK] [java.io.File] [getPath] [FilePath][String] [/data/data/li.qiu.shui/files/AdjustIoActivityState]
D/S4URC   ( 3723): [SDK] [java.io.File] [exists] [FilePath][String] [/data/data/li.qiu.shui/files]
D/S4URC   ( 3723): [SDK] [java.io.File] [getPath] [FilePath][String] [/data/data/li.qiu.shui/files]
D/S4URC   ( 3723): [SDK] [java.io.File] [getPath] [FilePath][String] [/data/data/li.qiu.shui/files/AdjustIoActivityState]
D/S4URC   ( 3723): [SDK] [java.io.File] [Constructor] [FilePath][String] [/proc/meminfo]
D/S4URC   ( 3723): [SDK] [java.io.File] [getPath] [FilePath][String] [/proc/meminfo]
D/S4URC   ( 3723): [NDK] [SYSCALL] [open] [PATH][string] [/proc/meminfo] [RETURN][int] [38]
D/S4URC   ( 3723): [SDK] [java.io.File] [getPath] [FilePath][String] [/data]
D/S4URC   ( 3723): [SDK] [android.os.Environment] [getDataDirectory] [DataDirectoryPath][String] [/data]
D/S4URC   ( 3723): [SDK] [java.io.File] [getPath] [FilePath][String] [/data]
D/S4URC   ( 3723): [NDK] [SYSCALL] [lstat] [PATH][string] [/storage]
D/S4URC   ( 3723): [NDK] [SYSCALL] [lstat] [PATH][string] [/storage/sdcard0]
D/S4URC   ( 3723): [SDK] [java.io.File] [Constructor] [FilePath][String] [/storage/sdcard0]
D/S4URC   ( 3723): [SDK] [java.io.File] [Constructor] [FilePath][String] [/storage/sdcard1]
D/S4URC   ( 3723): [SDK] [java.io.File] [Constructor] [FilePath][String] [/storage/usb2host]
D/S4URC   ( 3723): [SDK] [java.io.File] [Constructor] [FilePath][String] [/storage/usb3device]
D/S4URC   ( 3723): [SDK] [java.io.File] [Constructor] [FilePath][String] [/storage/usb3host]
D/S4URC   ( 3723): [SDK] [android.os.Environment] [getExternalStorageState] [ExternalStorageState][String] [mounted]
D/S4URC   ( 3723): [SDK] [java.io.File] [getPath] [FilePath][String] [/storage/sdcard0]
D/S4URC   ( 3723): [SDK] [android.os.Environment] [getExternalStorageDirectory] [DirectoryPath][String] [/storage/sdcard0]
D/S4URC   ( 3723): [SDK] [java.io.File] [getPath] [FilePath][String] [/storage/sdcard0]
D/S4URC   ( 3723): [SDK] [java.io.File] [getPath] [FilePath][String] [/data]
D/S4URC   ( 3723): [SDK] [android.os.Environment] [getDataDirectory] [DataDirectoryPath][String] [/data]
D/S4URC   ( 3723): [SDK] [java.io.File] [getPath] [FilePath][String] [/data]
D/S4URC   ( 3723): [SDK] [android.app.ApplicationPackageManager] [getPackageInfo] [FindPackageName][String] [li.qiu.shui]
D/S4URC   ( 3723): [SDK] [java.lang.Runtime] [exec] [Command][String] [logcat-d-vthreadtime]
D/S4URC   ( 3883): [SDK] [java.lang.Class] [forName] [FindClass][String] [java.net.HttpURLConnection]
D/S4URC   ( 3883): [SDK] [java.lang.Class] [forName] [FindClass][String] [com.android.okhttp.internal.http.HttpURLConnectionImpl]
D/S4URC   ( 3883): [SDK] [java.lang.Class] [forName] [FindClass][String] [java.net.Socket]
D/S4URC   ( 3883): [SDK] [java.lang.Class] [forName] [FindClass][String] [android.telephony.TelephonyManager]
D/S4URC   ( 3907): [NDK] [SYSCALL] [getdents] [PATH][string] [.]
D/S4URC   ( 3883): [SDK] [java.lang.Class] [forName] [FindClass][String] [android.os.Debug]
D/S4URC   ( 3883): [SDK] [java.lang.Class] [forName] [FindClass][String] [android.hardware.SensorManager]
D/S4URC   ( 3883): [SDK] [java.lang.Class] [forName] [FindClass][String] [android.content.res.ResourcesKey]
D/S4URC   ( 3883): [SDK] [java.lang.Class] [forName] [FindClass][String] [android.app.ResourcesManager]
D/S4URC   ( 3883): [SDK] [java.io.File] [Constructor] [FilePath][String] [/data/app/li.qiu.shui-1/base.apk]
D/S4URC   ( 3883): [SDK] [java.io.File] [getPath] [FilePath][String] [/data/data/li.qiu.shui]
D/S4URC   ( 3883): [SDK] [java.io.File] [exists] [FilePath][String] [/data/data/li.qiu.shui/cache]
D/S4URC   ( 3883): [SDK] [java.io.File] [getPath] [FilePath][String] [/data/data/li.qiu.shui/cache]
D/S4URC   ( 3883): [SDK] [android.app.ApplicationPackageManager] [getApplicationInfo] [FindApplicationName][String] [li.qiu.shui]
D/S4URC   ( 3883): [SDK] [android.app.ApplicationPackageManager] [getPackageInfo] [FindPackageName][String] [li.qiu.shui]
D/S4URC   ( 3883): [SDK] [java.io.File] [Constructor] [FilePath][String] [/data/data/li.qiu.shui/tx_shell/]
D/S4URC   ( 3883): [SDK] [java.io.File] [exists] [FilePath][String] [/data/data/li.qiu.shui/tx_shell]
D/S4URC   ( 3883): [SDK] [java.io.File] [Constructor] [FilePath][String] [/proc/3883/cmdline]
D/S4URC   ( 3883): [SDK] [java.io.File] [getPath] [FilePath][String] [/proc/3883/cmdline]
D/S4URC   ( 3883): [SDK] [android.app.ApplicationPackageManager] [getPackageInfo] [FindPackageName][String] [li.qiu.shui]
D/S4URC   ( 3883): [SDK] [android.app.ApplicationPackageManager] [getApplicationInfo] [FindApplicationName][String] [li.qiu.shui]
D/S4URC   ( 3883): [SDK] [java.lang.Class] [forName] [FindClass][String] [com.android.org.conscrypt.OpenSSLRandom]
D/S4URC   ( 3883): [SDK] [java.lang.Class] [forName] [FindClass][String] [com.tencent.bugly.crashreport.CrashReport]
D/S4URC   ( 3883): [SDK] [java.lang.Class] [forName] [FindClass][String] [com.tencent.bugly.msdk.crashreport.CrashReport]
D/S4URC   ( 3883): [SDK] [java.lang.Class] [forName] [FindClass][String] [com.tencent.bugly.imsdk.crashreport.CrashReport]
D/S4URC   ( 3883): [SDK] [java.lang.Class] [forName] [FindClass][String] [com.tencent.bugly.tbscore.crashreport.CrashReport]
D/S4URC   ( 3883): [SDK] [java.lang.Class] [forName] [FindClass][String] [com.tencent.bugly.lejiagu.crashreport.CrashReport]
D/S4URC   ( 3883): [SDK] [java.lang.Class] [forName] [FindClass][String] [com.tencent.bugly.opengame.crashreport.CrashReport]
D/S4URC   ( 3883): [SDK] [java.io.File] [getPath] [FilePath][String] [/data/data/li.qiu.shui]
D/S4URC   ( 3883): [SDK] [java.io.File] [exists] [FilePath][String] [/data/data/li.qiu.shui/files]
D/S4URC   ( 3883): [SDK] [java.io.File] [getPath] [FilePath][String] [/data/data/li.qiu.shui/files]
D/S4URC   ( 3883): [SDK] [java.io.File] [getPath] [FilePath][String] [/data/data/li.qiu.shui]
D/S4URC   ( 3883): [SDK] [java.io.File] [getPath] [FilePath][String] [/data/data/li.qiu.shui/shared_prefs]
D/S4URC   ( 3883): [SDK] [java.io.File] [getPath] [FilePath][String] [/data/data/li.qiu.shui/shared_prefs/bugly_data.xml]
D/S4URC   ( 3883): [SDK] [java.io.File] [Constructor] [FilePath][String] [/data/data/li.qiu.shui/shared_prefs/bugly_data.xml.bak]
D/S4URC   ( 3883): [SDK] [java.io.File] [exists] [FilePath][String] [/data/data/li.qiu.shui/shared_prefs/bugly_data.xml]
D/S4URC   ( 3883): [SDK] [android.content.ContextWrapper][getSharedPreferences] [File][bugly_data.xml] [MODE][MODE_PRIVATE]
D/S4URC   ( 3883): [SDK] [java.io.File] [exists] [FilePath][String] [/data/data/li.qiu.shui/shared_prefs/bugly_data.xml.bak]
D/S4URC   ( 3883): [SDK] [java.io.File] [exists] [FilePath][String] [/data/data/li.qiu.shui/shared_prefs/bugly_data.xml]
D/S4URC   ( 3883): [SDK] [java.io.File] [getPath] [FilePath][String] [/data/data/li.qiu.shui/shared_prefs/bugly_data.xml]
D/S4URC   ( 3883): [SDK] [java.io.File] [getPath] [FilePath][String] [/data/data/li.qiu.shui]
D/S4URC   ( 3883): [SDK] [java.io.File] [getPath] [FilePath][String] [/data/data/li.qiu.shui/databases]
D/S4URC   ( 3883): [SDK] [java.io.File] [isDirectory] [FilePath][String] [/data/data/li.qiu.shui/databases]
D/S4URC   ( 3883): [SDK] [java.io.File] [getPath] [FilePath][String] [/data/data/li.qiu.shui/databases/bugly_db_lejiagu]
D/S4URC   ( 3883): [SDK] [java.io.File] [getPath] [FilePath][String] [/data/data/li.qiu.shui]
D/S4URC   ( 3883): [SDK] [java.io.File] [exists] [FilePath][String] [/data/data/li.qiu.shui/app_bugly]
D/S4URC   ( 3883): [SDK] [java.io.File] [getPath] [FilePath][String] [/data/data/li.qiu.shui]
D/S4URC   ( 3883): [SDK] [java.io.File] [exists] [FilePath][String] [/data/data/li.qiu.shui/app_bugly]
D/S4URC   ( 3883): [SDK] [java.lang.Runtime] [loadLibrary] [SoPath][String] [Bugly]
D/S4URC   ( 3883): [SDK] [java.io.File] [getPath] [FilePath][String] [/data/app/li.qiu.shui-1/lib/arm]
D/S4URC   ( 3883): [SDK] [java.io.File] [getPath] [FilePath][String] [/data/app/li.qiu.shui-1/lib/arm/libBugly.so]
D/S4URC   ( 3883): [SDK] [java.io.File] [getPath] [FilePath][String] [/data/data/li.qiu.shui/databases/bugly_db_lejiagu]
D/S4URC   ( 3883): [SDK] [java.io.File] [exists] [FilePath][String] [/data/data/li.qiu.shui/app_bugly/rqd_record.eup]
D/S4URC   ( 3883): [SDK] [java.io.File] [Constructor] [FilePath][String] [/data/data/li.qiu.shui/app_bugly]
D/S4URC   ( 3883): [SDK] [java.io.File] [exists] [FilePath][String] [/data/data/li.qiu.shui/app_bugly]
D/S4URC   ( 3883): [SDK] [java.io.File] [isDirectory] [FilePath][String] [/data/data/li.qiu.shui/app_bugly]
D/S4URC   ( 3883): [SDK] [java.io.File] [listFiles] [FilePath][String] [/data/data/li.qiu.shui/app_bugly]
D/S4URC   ( 3883): [SDK] [java.io.File] [list] [FilePath][String] [/data/data/li.qiu.shui/app_bugly]
D/S4URC   ( 3883): [SDK] [android.telephony.TelephonyManager] [getSubscriberId]
D/S4URC   ( 3883): [SDK] [android.content.ContextWrapper][getSharedPreferences] [File][bugly_data.xml] [MODE][MODE_PRIVATE] [Method][getString] [String][ip] [Return][]
D/S4URC   ( 3883): [SDK] [android.content.ContextWrapper][getSharedPreferences] [File][bugly_data.xml] [MODE][MODE_PRIVATE] [Method][getString] [String][qim] [Return][]
D/S4URC   ( 3883): [SDK] [java.lang.Runtime] [exec] [Command][String] [/system/bin/sh-cgetprop ro.board.platform]
D/S4URC   ( 3883): [SDK] [java.io.File] [Constructor] [FilePath][String] [/data/data/li.qiu.shui/app_bugly]
D/S4URC   ( 3883): [SDK] [java.io.File] [exists] [FilePath][String] [/data/data/li.qiu.shui/app_bugly]
D/S4URC   ( 3883): [SDK] [android.content.ContextWrapper] [registerReceiver][IntentFilter][android.net.conn.CONNECTIVITY_CHANGE,
D/S4URC   ( 3883): [SDK] [java.io.File] [isDirectory] [FilePath][String] [/data/data/li.qiu.shui/app_bugly]
D/S4URC   ( 3883): [SDK] [java.io.File] [listFiles] [FilePath][String] [/data/data/li.qiu.shui/app_bugly]
D/S4URC   ( 3883): [SDK] [java.io.File] [list] [FilePath][String] [/data/data/li.qiu.shui/app_bugly]
D/S4URC   ( 3723): [SDK] [java.lang.Runtime] [exec] [Command][String] [/system/bin/sh-cgetprop ro.miui.ui.version.name]
D/S4URC   ( 3883): [SDK] [java.lang.Class] [forName] [FindClass][String] [com.tencent.bugly.unity.UnityAgent]
D/S4URC   ( 3883): [SDK] [java.lang.Class] [forName] [FindClass][String] [com.android.okhttp.HttpHandler]
D/S4URC   ( 3883): [SDK] [java.lang.Class] [forName] [FindClass][String] [com.tencent.bugly.cococs.Cocos2dxAgent]
D/S4URC   ( 3883): [SDK] [java.lang.Class] [forName] [FindClass][String] [com.android.org.conscrypt.OpenSSLContextImpl]
D/S4URC   ( 3883): [SDK] [java.lang.Class] [forName] [FindClass][String] [com.android.org.conscrypt.KeyManagerFactoryImpl]
D/S4URC   ( 3883): [SDK] [java.lang.Class] [forName] [FindClass][String] [com.android.org.bouncycastle.jcajce.provider.keystore.bc.BcKeyStoreSpi$Std]
D/S4URC   ( 3883): [SDK] [java.io.File] [Constructor] [FilePath][String] [/data/app/li.qiu.shui-1/lib/arm/libshella-2.2.5.so]
D/S4URC   ( 3883): [SDK] [java.io.File] [Constructor] [FilePath][String] [/data/data/li.qiu.shui/tx_shell/lib.so]
D/S4URC   ( 3883): [SDK] [java.io.File] [exists] [FilePath][String] [/data/app/li.qiu.shui-1/lib/arm/libshella-2.2.5.so]
D/S4URC   ( 3883): [SDK] [java.lang.Runtime] [loadLibrary] [SoPath][String] [shella-2.2.5]
D/S4URC   ( 3883): [SDK] [java.io.File] [getPath] [FilePath][String] [/data/app/li.qiu.shui-1/lib/arm]
D/S4URC   ( 3883): [SDK] [java.io.File] [getPath] [FilePath][String] [/data/app/li.qiu.shui-1/lib/arm/libshella-2.2.5.so]
D/S4URC   ( 3922): [NDK] [SYSCALL] [getdents] [PATH][string] [.]
D/S4URC   ( 3883): [SDK] [java.lang.Class] [forName] [FindClass][String] [com.android.org.conscrypt.TrustManagerFactoryImpl]
D/S4URC   ( 3883): [SDK] [java.lang.Class] [forName] [FindClass][String] [com.android.org.conscrypt.TrustedCertificateKeyStoreSpi]
D/S4URC   ( 3883): [SDK] [java.lang.Class] [forName] [FindClass][String] [com.android.org.bouncycastle.jce.provider.PKIXCertPathValidatorSpi]
D/S4URC   ( 3883): [SDK] [java.io.File] [Constructor] [FilePath][String] [/system/lib/libdvm.so]
D/S4URC   ( 3883): [SDK] [java.io.File] [exists] [FilePath][String] [/system/lib/libdvm.so]
D/S4URC   ( 3883): [SDK] [java.io.File] [Constructor] [FilePath][String] [/system/lib/libart.so]
D/S4URC   ( 3883): [SDK] [java.io.File] [exists] [FilePath][String] [/system/lib/libart.so]
D/S4URC   ( 3883): [SDK] [java.io.File] [Constructor] [FilePath][String] [/system/lib/libart.so]
D/S4URC   ( 3883): [SDK] [java.io.File] [getPath] [FilePath][String] [/system/lib/libart.so]
D/S4URC   ( 3883): [SDK] [java.io.File] [Constructor] [FilePath][String] [/data/misc/keychain/pins]
D/S4URC   ( 3883): [SDK] [java.lang.Class] [forName] [FindClass][String] [com.android.org.conscrypt.OpenSSLMessageDigestJDK$MD5]
D/S4URC   ( 3883): [SDK] [java.net] [HttpURLConnection] [URL][String] [http://rqd.uu.qq.com/rqd/sync]
D/S4URC   ( 3883): [SDK] [java.io.File] [Constructor] [FilePath][String] [/proc/meminfo]
D/S4URC   ( 3883): [SDK] [java.io.File] [getPath] [FilePath][String] [/proc/meminfo]
D/S4URC   ( 3883): [SDK] [java.io.File] [Constructor] [FilePath][String] [/storage/sdcard0]
D/S4URC   ( 3883): [SDK] [java.io.File] [Constructor] [FilePath][String] [/storage/sdcard1]
D/S4URC   ( 3883): [SDK] [java.io.File] [Constructor] [FilePath][String] [/storage/usb2host]
D/S4URC   ( 3883): [SDK] [java.io.File] [Constructor] [FilePath][String] [/storage/usb3device]
D/S4URC   ( 3883): [SDK] [java.io.File] [Constructor] [FilePath][String] [/storage/usb3host]
D/S4URC   ( 3883): [SDK] [android.os.Environment] [getExternalStorageState] [ExternalStorageState][String] [mounted]
D/S4URC   ( 3883): [SDK] [java.io.File] [getPath] [FilePath][String] [/storage/sdcard0]
D/S4URC   ( 3883): [SDK] [android.os.Environment] [getExternalStorageDirectory] [DirectoryPath][String] [/storage/sdcard0]
D/S4URC   ( 3883): [SDK] [java.io.File] [getPath] [FilePath][String] [/storage/sdcard0]
D/S4URC   ( 3883): [SDK] [java.io.File] [Constructor] [FilePath][String] [/system/app/Superuser.apk]
D/S4URC   ( 3883): [SDK] [java.io.File] [exists] [FilePath][String] [/system/app/Superuser.apk]
D/S4URC   ( 3883): [SDK] [java.lang.Runtime] [exec] [Command][String] [/system/bin/sh-ctype su]
D/S4URC   ( 3723): [SDK] [java.lang.Runtime] [exec] [Command][String] [/system/bin/sh-cgetprop ro.build.version.emui]
D/S4URC   ( 3929): [NDK] [SYSCALL] [getdents] [PATH][string] [.]
D/S4URC   ( 3883): [SDK] [android.content.ContextWrapper][getSharedPreferences] [File][bugly_data.xml] [MODE][MODE_PRIVATE] [Method][getString] [String][qim] [Return][]
D/S4URC   ( 3883): [SDK] [java.io.File] [Constructor] [FilePath][String] [/system/lib64/libdvm.so]
D/S4URC   ( 3883): [SDK] [java.io.File] [exists] [FilePath][String] [/system/lib64/libdvm.so]
D/S4URC   ( 3883): [SDK] [java.lang.Class] [forName] [FindClass][String] [com.android.org.bouncycastle.jcajce.provider.symmetric.DES$ECB]
D/S4URC   ( 3883): [SDK] [java.io.File] [Constructor] [FilePath][String] [/system/lib64/libart.so]
D/S4URC   ( 3883): [SDK] [java.io.File] [exists] [FilePath][String] [/system/lib64/libart.so]
D/S4URC   ( 3883): [SDK] [java.io.File] [Constructor] [FilePath][String] [/data/app/li.qiu.shui-1/base.apk]
D/S4URC   ( 3883): [SDK] [java.io.File] [exists] [FilePath][String] [/data/app/li.qiu.shui-1/base.apk]
D/S4URC   ( 3883): [SDK] [java.io.File] [Constructor] [FilePath][String] [/data/app/li.qiu.shui-1/base.apk]
D/S4URC   ( 3883): [SDK] [java.io.File] [getPath] [FilePath][String] [/data/app/li.qiu.shui-1/base.apk]
D/S4URC   ( 3883): [SDK] [java.io.File] [Constructor] [FilePath][String] [/data/data/li.qiu.shui/mix.so]
D/S4URC   ( 3883): [SDK] [java.lang.Class] [forName] [FindClass][String] [com.android.org.bouncycastle.jcajce.provider.symmetric.DES$KeyFactory]
D/S4URC   ( 3883): [SDK] [java.io.File] [getParent] [FilePath][String] [/data/data/li.qiu.shui/mix.so]
D/S4URC   ( 3883): [SDK] [dalvik.system.DexFile] [openDexFile] [DexPath][String] [/data/data/li.qiu.shui/mix.dex]
D/S4URC   ( 3883): [SDK] [java.io.File] [Constructor] [FilePath][String] [/data/data/li.qiu.shui/mix.dex]
D/S4URC   ( 3883): [SDK] [java.io.File] [Constructor] [FilePath][String] [/data/data/li.qiu.shui/mix.so]
D/S4URC   ( 3883): [SDK] [javax.crypto.spec.SecretKeySpec][Constructor] [KEY][*^@K#K@!][type][DES][javax.crypto.spec.IvParameterSpec][Constructor] [IV][*^@K#K@!] [javax.crypto.Cipher][doFinal] [Data][H4sIAAAAAAAAAG2Nv2sCMRzFEy139CzYxe/QSVpwKkeSyw8dbyndRXC9XnJSGhNJPFvBP95UJ8Hl8T5v+DyEYdI4Hfy3LnfBtybGsml9MLMX11t7usRCa64qSZn46rgmfIFwMUQI6/H67fUZz/Le/Tj/6+R91QdaP3Voh0ef6DEb1Ary2Gxj7zYJBGRN2B6UTV1Cbv6OzkeRDWtawcM+9Oa/KigoUVRWrJrzNDAOUF+fpqKkJX235mDslLFkYVAwwqkkc0JIYnrDySZgsFqeAdTNzAX4AAAA] [Return][SIhLOr+HRvIdo/C7ccaJSmwgkYUvYqLAIEsMGKKApQOIop8bP8zTQXctKCyn0W/SbS42XeMVZLWHzyHGv+hZqcLUZfbq5rWRyQFlbScjyFAQjDE0rxfxZ97CAx/zaPx6KYdYiBhfiKhonCsIrWga8zgArzfj3HAWOWprxmyGH3EtOgBMwQwHQMtO1E9Rs7PYV/LroGF2KU2VYR/D/X7y7at8ZK11FdYSRC4YHzxWTejLvVvW09tDnpehvzQhVM7p5xw8t+Kj5CDDlf3rQCvpySkduhLqJJ7DH1x1o4S+d/Q=]
D/S4URC   ( 3723): [SDK] [java.lang.Runtime] [exec] [Command][String] [/system/bin/sh-cgetprop ro.lenovo.series]
D/S4URC   ( 3883): [SDK] [java.net] [HttpURLConnection] [URL][String] [http://rqd.uu.qq.com/rqd/sync]
D/S4URC   ( 3883): [SDK] [android.app.ApplicationPackageManager] [getApplicationInfo] [FindApplicationName][String] [li.qiu.shui]
D/S4URC   ( 3883): [SDK] [android.telephony.TelephonyManager] [getSubscriberId]
D/S4URC   ( 3930): [NDK] [SYSCALL] [getdents] [PATH][string] [.]
D/S4URC   ( 3883): [SDK] [java.io.File] [getPath] [FilePath][String] [/data/data/li.qiu.shui]
D/S4URC   ( 3883): [SDK] [java.io.File] [getPath] [FilePath][String] [/data/data/li.qiu.shui/shared_prefs]
D/S4URC   ( 3883): [SDK] [java.io.File] [getPath] [FilePath][String] [/data/data/li.qiu.shui/shared_prefs/verifity.xml]
D/S4URC   ( 3883): [SDK] [java.io.File] [Constructor] [FilePath][String] [/data/data/li.qiu.shui/shared_prefs/verifity.xml.bak]
D/S4URC   ( 3883): [SDK] [java.io.File] [exists] [FilePath][String] [/data/data/li.qiu.shui/shared_prefs/verifity.xml]
D/S4URC   ( 3883): [SDK] [android.content.ContextWrapper][getSharedPreferences] [File][verifity.xml] [MODE][MODE_PRIVATE]
D/S4URC   ( 3883): [SDK] [java.io.File] [exists] [FilePath][String] [/data/data/li.qiu.shui/shared_prefs/verifity.xml.bak]
D/S4URC   ( 3883): [SDK] [java.io.File] [exists] [FilePath][String] [/data/data/li.qiu.shui/shared_prefs/verifity.xml]
D/S4URC   ( 3883): [SDK] [java.io.File] [getPath] [FilePath][String] [/data/data/li.qiu.shui/shared_prefs/verifity.xml]
D/S4URC   ( 3723): [SDK] [java.lang.Runtime] [exec] [Command][String] [/system/bin/sh-cgetprop ro.build.nubia.rom.name]
D/S4URC   ( 3883): [SDK] [java.lang.Class] [forName] [FindClass][String] [android.content.pm.PackageInfo]
D/S4URC   ( 3932): [NDK] [SYSCALL] [getdents] [PATH][string] [.]
D/S4URC   ( 3883): [SDK] [android.app.ApplicationPackageManager] [getInstalledPackages]
D/S4URC   ( 3883): [SDK] [android.content.ContextWrapper][getSharedPreferences] [File][verifity.xml] [MODE][MODE_PRIVATE] [Method][getBoolean] [Boolean][result] [Return][false]
D/S4URC   ( 3883): [SDK] [android.content.ContextWrapper][getSharedPreferences] [File][verifity.xml] [MODE][MODE_PRIVATE] [Method][getBoolean] [Boolean][success] [Return][false]
D/S4URC   ( 3883): [SDK] [android.content.ContextWrapper][getSharedPreferences] [File][verifity.xml] [MODE][MODE_PRIVATE] [Method][getString] [String][ONEDAY] [Return][null]
D/S4URC   ( 3883): [SDK] [android.app.ApplicationPackageManager] [getApplicationInfo] [FindApplicationName][String] [com.android.vending]
D/S4URC   ( 3883): [SDK] [java.io.File] [getPath] [FilePath][String] [/data/data/li.qiu.shui/shared_prefs]
D/S4URC   ( 3883): [SDK] [java.io.File] [getPath] [FilePath][String] [/data/data/li.qiu.shui/shared_prefs/qvod.xml]
D/S4URC   ( 3883): [SDK] [java.io.File] [Constructor] [FilePath][String] [/data/data/li.qiu.shui/shared_prefs/qvod.xml.bak]
D/S4URC   ( 3883): [SDK] [java.io.File] [exists] [FilePath][String] [/data/data/li.qiu.shui/shared_prefs/qvod.xml]
D/S4URC   ( 3883): [SDK] [java.io.File] [canRead] [FilePath][String] [/data/data/li.qiu.shui/shared_prefs/qvod.xml]
D/S4URC   ( 3883): [SDK] [java.io.File] [getPath] [FilePath][String] [/data/data/li.qiu.shui/shared_prefs/qvod.xml]
D/S4URC   ( 3883): [SDK] [android.content.ContextWrapper][getSharedPreferences] [File][qvod.xml] [MODE][MODE_PRIVATE]
D/S4URC   ( 3883): [SDK] [java.io.File] [exists] [FilePath][String] [/data/data/li.qiu.shui/shared_prefs/qvod.xml.bak]
D/S4URC   ( 3883): [SDK] [java.io.File] [exists] [FilePath][String] [/data/data/li.qiu.shui/shared_prefs/qvod.xml]
D/S4URC   ( 3883): [SDK] [java.io.File] [canRead] [FilePath][String] [/data/data/li.qiu.shui/shared_prefs/qvod.xml]
D/S4URC   ( 3883): [SDK] [java.io.File] [getPath] [FilePath][String] [/data/data/li.qiu.shui/shared_prefs/qvod.xml]
D/S4URC   ( 3883): [SDK] [java.io.File] [canRead] [FilePath][String] [/data/data/li.qiu.shui/shared_prefs/qvod.xml]
D/S4URC   ( 3883): [SDK] [java.io.File] [getPath] [FilePath][String] [/data/data/li.qiu.shui/shared_prefs/qvod.xml]
D/S4URC   ( 3883): [SDK] [android.content.ContextWrapper][getSharedPreferences] [File][qvod.xml] [MODE][MODE_PRIVATE] [Method][getString] [String][device_uniqueid] [Return][d28b59f1804be8ebf936cd7a547a0d04]
D/S4URC   ( 3883): [SDK] [android.app.ApplicationPackageManager] [getApplicationInfo] [FindApplicationName][String] [li.qiu.shui]
D/S4URC   ( 3883): [SDK] [android.app.ApplicationPackageManager] [getPackageInfo] [FindPackageName][String] [li.qiu.shui]
D/S4URC   ( 3723): [SDK] [java.lang.Runtime] [exec] [Command][String] [/system/bin/sh-cgetprop ro.meizu.product.model]
D/S4URC   ( 3883): [SDK] [android.app.ApplicationPackageManager] [getInstalledPackages]
D/S4URC   ( 3936): [NDK] [SYSCALL] [getdents] [PATH][string] [.]
D/S4URC   ( 3883): [SDK] [java.io.File] [getPath] [FilePath][String] [/storage/sdcard0]
D/S4URC   ( 3883): [SDK] [android.os.Environment] [getExternalStorageDirectory] [DirectoryPath][String] [/storage/sdcard0]
D/S4URC   ( 3883): [SDK] [java.io.File] [getPath] [FilePath][String] [/storage/sdcard0]
D/S4URC   ( 3883): [SDK] [java.io.File] [exists] [FilePath][String] [/storage/sdcard0/qvod/img]
D/S4URC   ( 3883): [SDK] [java.io.File] [getPath] [FilePath][String] [/storage/sdcard0/qvod/img]
D/S4URC   ( 3883): [SDK] [android.app.ApplicationPackageManager] [getApplicationInfo] [FindApplicationName][String] [li.qiu.shui]
D/S4URC   ( 3883): [SDK] [java.io.File] [Constructor] [FilePath][String] [/data/app/com.touchtype.swiftkey-1/base.apk]
D/S4URC   ( 3723): [SDK] [java.lang.Runtime] [exec] [Command][String] [/system/bin/sh-cgetprop ro.build.version.opporom]
D/S4URC   ( 3883): [SDK] [java.io.File] [Constructor] [FilePath][String] [/data/app/com.android.samsung.installer-1/base.apk]
D/S4URC   ( 3942): [NDK] [SYSCALL] [getdents] [PATH][string] [.]
D/S4URC   ( 3883): [SDK] [java.io.File] [Constructor] [FilePath][String] [/data/app/samsung.systemservice-1/base.apk]
D/S4URC   ( 3883): [SDK] [java.lang.Class] [forName] [FindClass][String] [com.android.org.conscrypt.OpenSSLSocketFactoryImpl]
D/S4URC   ( 3883): [SDK] [java.lang.Class] [forName] [FindClass][String] [com.google.android.gms.common.GooglePlayServicesUtil]
D/S4URC   ( 3883): [SDK] [java.lang.Class] [forName] [FindClass][String] [com.adjust.sdk.plugin.MacAddressUtil]
D/S4URC   ( 3883): [SDK] [java.io.File] [Constructor] [FilePath][String] [/sys/class/net/wlan0/address]
D/S4URC   ( 3883): [SDK] [java.io.File] [getPath] [FilePath][String] [/sys/class/net/wlan0/address]
D/S4URC   ( 3883): [SDK] [android.app.ApplicationPackageManager] [getPackageInfo] [FindPackageName][String] [li.qiu.shui]
D/S4URC   ( 3883): [SDK] [java.lang.Class] [forName] [FindClass][String] [com.adjust.sdk.plugin.AndroidIdUtil]
D/S4URC   ( 3723): [SDK] [java.lang.Runtime] [exec] [Command][String] [/system/bin/sh-cgetprop ro.vivo.os.build.display.id]
D/S4URC   ( 3883): [SDK] [android.app.ApplicationPackageManager] [getApplicationInfo] [FindApplicationName][String] [com.android.vending]
D/S4URC   ( 3945): [NDK] [SYSCALL] [getdents] [PATH][string] [.]
D/S4URC   ( 3883): [SDK] [android.app.ApplicationPackageManager] [getInstalledPackages]
D/S4URC   ( 3723): [SDK] [java.lang.Runtime] [exec] [Command][String] [/system/bin/sh-cgetprop ro.aa.romver]
D/S4URC   ( 3883): [SDK] [android.app.ApplicationPackageManager] [getApplicationInfo] [FindApplicationName][String] [com.android.vending]
D/S4URC   ( 3948): [NDK] [SYSCALL] [getdents] [PATH][string] [.]
D/S4URC   ( 3883): [SDK] [java.lang.Class] [forName] [FindClass][String] [com.android.org.conscrypt.OpenSSLMessageDigestJDK$SHA1]
D/S4URC   ( 3883): [SDK] [java.lang.Class] [forName] [FindClass][String] [com.google.android.gms.ads.identifier.AdvertisingIdClient]
D/S4URC   ( 3883): [SDK] [java.io.File] [getPath] [FilePath][String] [/data/data/li.qiu.shui]
D/S4URC   ( 3883): [SDK] [java.io.File] [exists] [FilePath][String] [/data/data/li.qiu.shui/files]
D/S4URC   ( 3883): [SDK] [java.io.File] [getPath] [FilePath][String] [/data/data/li.qiu.shui/files]
D/S4URC   ( 3883): [SDK] [java.io.File] [getPath] [FilePath][String] [/data/data/li.qiu.shui/files/AdjustAttribution]
D/S4URC   ( 3883): [SDK] [java.io.File] [exists] [FilePath][String] [/data/data/li.qiu.shui/files]
D/S4URC   ( 3883): [SDK] [java.io.File] [getPath] [FilePath][String] [/data/data/li.qiu.shui/files]
D/S4URC   ( 3883): [SDK] [java.io.File] [getPath] [FilePath][String] [/data/data/li.qiu.shui/files/AdjustIoActivityState]
D/S4URC   ( 3883): [SDK] [java.lang.Class] [forName] [FindClass][String] [com.adjust.sdk.ActivityState]
D/S4URC   ( 3883): [SDK] [java.lang.Class] [forName] [FindClass][String] [java.lang.String]
D/S4URC   ( 3883): [SDK] [javax.crypto.spec.SecretKeySpec][Constructor] [KEY][S(@L@L@)][type][DES][javax.crypto.spec.SecretKeySpec][Constructor] [KEY][S(@L@L@)][type][DES][javax.crypto.spec.IvParameterSpec][Constructor] [IV][S(@L@L@)] [javax.crypto.spec.IvParameterSpec][Constructor] [IV][S(@L@L@)] [javax.crypto.Cipher][doFinal] [Data][W00uzcjDTP5o0AyT8AeOAAe9ysSnY9dM/GLTgVvMIuwNV1l5IiXsai+gJt+NMLp4hs4ReCKtVOO+7QTbch8ypxgTd3E1LYlxcRxPPbK9c+qNB1K6xjLyKTZxOxxoxNKOphq89D/hXIgsfIhl2mp2zDx4l6jwmveRU9roNPt9VcRtrX6rOmXTGm8ob8YFatAIvyg4CHRRg6YhlI9fMc+Au3KGISBPxynidbdl9YdVIYE=] [Return][H4sIAAAAAAAAAC2Muw7CMAxFnbSqKiEkxOAZxAJMsfNo2KIOLO3GBAMzIxIjez+B7+ATiWns4dyHdEGt1EYFOMOtaY/3NOyGtMX2sk9j/sPiAeum6slgTYadSEJFQkZlhLbQzWRfel98wCU5F6ztopGTLkin+/+U7nmGxZq9kdyh7oR5ImYErNiHLDrUJHnEyhNnccqBfwGo6/R9Pyf4wA/Raoru0AAAAA==]
D/S4URC   ( 3883): [SDK] [javax.crypto.Cipher][doFinal] [Data][W00uzcjDTP5o0AyT8AeOAAe9ysSnY9dM/GLTgVvMIuwNV1l5IiXsai+gJt+NMLp4hs4ReCKtVOO+7QTbch8ypxgTd3E1LYlxcRxPPbK9c+qNB1K6xjLyKTZxOxxoxNKOphq89D/hXIgsfIhl2mp2zDx4l6jwmveRU9roNPt9VcRtrX6rOmXTGm8ob8YFatAIvyg4CHRRg6YhlI9fMc+Au3KGISBPxynidbdl9YdVIYE=] [Return][H4sIAAAAAAAAAC2Muw7CMAxFnbSqKiEkxOAZxAJMsfNo2KIOLO3GBAMzIxIjez+B7+ATiWns4dyHdEGt1EYFOMOtaY/3NOyGtMX2sk9j/sPiAeum6slgTYadSEJFQkZlhLbQzWRfel98wCU5F6ztopGTLkin+/+U7nmGxZq9kdyh7oR5ImYErNiHLDrUJHnEyhNnccqBfwGo6/R9Pyf4wA/Raoru0AAAAA==]
D/S4URC   ( 3883): [SDK] [android.content.ContextWrapper][getSharedPreferences] [File][qvod.xml] [MODE][MODE_PRIVATE] [Method][putString] [Key][ip] [Value][203.253.17.237]
D/S4URC   ( 3883): [SDK] [android.content.ContextWrapper][getSharedPreferences] [File][qvod.xml] [MODE][MODE_PRIVATE] [Method][apply]
D/S4URC   ( 3883): [SDK] [android.content.ContextWrapper][getSharedPreferences] [File][qvod.xml] [MODE][MODE_PRIVATE] [Method][putString] [Key][qim] [Value][9dd4736125bf4d04]
D/S4URC   ( 3883): [SDK] [android.content.ContextWrapper][getSharedPreferences] [File][qvod.xml] [MODE][MODE_PRIVATE] [Method][putString] [Key][ip] [Value][203.253.17.237]
D/S4URC   ( 3883): [SDK] [java.io.File] [exists] [FilePath][String] [/data/data/li.qiu.shui/shared_prefs/bugly_data.xml]
D/S4URC   ( 3883): [SDK] [java.io.File] [getPath] [FilePath][String] [/data/data/li.qiu.shui/shared_prefs/bugly_data.xml]
D/S4URC   ( 3883): [SDK] [java.io.File] [exists] [FilePath][String] [/data/data/li.qiu.shui/files]
D/S4URC   ( 3883): [SDK] [java.io.File] [getPath] [FilePath][String] [/data/data/li.qiu.shui/files]
D/S4URC   ( 3883): [SDK] [java.io.File] [getPath] [FilePath][String] [/data/data/li.qiu.shui/files/AdjustIoActivityState]
D/S4URC   ( 3723): [SDK] [java.lang.Runtime] [exec] [Command][String] [/system/bin/sh-cgetprop ro.lewa.version]
D/S4URC   ( 3883): [SDK] [java.io.File] [getPath] [FilePath][String] [/data/data/li.qiu.shui/shared_prefs/bugly_data.xml]
D/S4URC   ( 3883): [SDK] [java.io.File] [delete] [FilePath][String] [/data/data/li.qiu.shui/shared_prefs/bugly_data.xml.bak]
D/S4URC   ( 3883): [SDK] [java.io.File] [exists] [FilePath][String] [/data/data/li.qiu.shui/shared_prefs/bugly_data.xml]
D/S4URC   ( 3883): [SDK] [java.io.File] [exists] [FilePath][String] [/data/data/li.qiu.shui/shared_prefs/bugly_data.xml.bak]
D/S4URC   ( 3883): [SDK] [java.io.File] [renameTo] [FilePath][String] [/data/data/li.qiu.shui/shared_prefs/bugly_data.xml] [DesFile][/data/data/li.qiu.shui/shared_prefs/bugly_data.xml.bak]
D/S4URC   ( 3883): [SDK] [java.lang.Class] [forName] [FindClass][String] [com.google.android.gms.ads.identifier.AdvertisingIdClient]
D/S4URC   ( 3883): [SDK] [android.app.ApplicationPackageManager] [getInstalledPackages]
D/S4URC   ( 3883): [SDK] [java.lang.Class] [forName] [FindClass][String] [com.google.android.gms.ads.identifier.AdvertisingIdClient]
D/S4URC   ( 3883): [SDK] [java.io.File] [getPath] [FilePath][String] [/data/data/li.qiu.shui/shared_prefs/bugly_data.xml]
D/S4URC   ( 3883): [SDK] [java.io.File] [exists] [FilePath][String] [/data/data/li.qiu.shui/files]
D/S4URC   ( 3883): [SDK] [java.io.File] [getPath] [FilePath][String] [/data/data/li.qiu.shui/files]
D/S4URC   ( 3883): [SDK] [java.io.File] [getPath] [FilePath][String] [/data/data/li.qiu.shui/files/AdjustIoPackageQueue]
D/S4URC   ( 3883): [SDK] [java.lang.Class] [forName] [FindClass][String] [java.util.ArrayList]
D/S4URC   ( 3883): [SDK] [java.io.File] [exists] [FilePath][String] [/data/data/li.qiu.shui/files]
D/S4URC   ( 3883): [SDK] [java.io.File] [getPath] [FilePath][String] [/data/data/li.qiu.shui/files]
D/S4URC   ( 3883): [SDK] [java.io.File] [getPath] [FilePath][String] [/data/data/li.qiu.shui/files/AdjustIoActivityState]
D/S4URC   ( 3952): [NDK] [SYSCALL] [getdents] [PATH][string] [.]
D/S4URC   ( 3883): [SDK] [java.io.File] [getPath] [FilePath][String] [/data/data/li.qiu.shui/files/AdjustIoActivityState]
D/S4URC   ( 3883): [SDK] [java.io.File] [getPath] [FilePath][String] [/data/data/li.qiu.shui/shared_prefs/bugly_data.xml]
D/S4URC   ( 3883): [SDK] [java.io.File] [delete] [FilePath][String] [/data/data/li.qiu.shui/shared_prefs/bugly_data.xml.bak]
D/S4URC   ( 3883): [SDK] [java.io.File] [exists] [FilePath][String] [/data/data/li.qiu.shui/shared_prefs/bugly_data.xml]
D/S4URC   ( 3723): [SDK] [java.lang.Runtime] [exec] [Command][String] [/system/bin/sh-cgetprop ro.gn.gnromvernumber]
D/S4URC   ( 3956): [NDK] [SYSCALL] [getdents] [PATH][string] [.]
D/S4URC   ( 3723): [SDK] [java.lang.Runtime] [exec] [Command][String] [/system/bin/sh-cgetprop ro.build.tyd.kbstyle_version]
D/S4URC   ( 3957): [NDK] [SYSCALL] [getdents] [PATH][string] [.]
D/S4URC   ( 3723): [SDK] [java.lang.Runtime] [exec] [Command][String] [/system/bin/sh-cgetprop ro.build.fingerprint]
D/S4URC   ( 3958): [NDK] [SYSCALL] [getdents] [PATH][string] [.]
D/S4URC   ( 3723): [SDK] [java.lang.Runtime] [exec] [Command][String] [/system/bin/sh-cgetprop ro.build.rom.id]
D/S4URC   ( 3959): [NDK] [SYSCALL] [getdents] [PATH][string] [.]
D/S4URC   ( 3723): [NDK] [SYSCALL] [access] [PATH][string] [/data/data/li.qiu.shui/databases/bugly_db_lejiagu-journal]
D/S4URC   ( 3723): [NDK] [SYSCALL] [stat] [PATH][string] [/data/data/li.qiu.shui/databases/bugly_db_lejiagu-journal]
D/S4URC   ( 3723): [NDK] [SYSCALL] [stat] [PATH][string] [/data/data/li.qiu.shui/databases/bugly_db_lejiagu]
D/S4URC   ( 3723): [NDK] [SYSCALL] [open] [PATH][string] [/data/data/li.qiu.shui/databases/bugly_db_lejiagu-journal] [RETURN][int] [52]
D/S4URC   ( 3723): [NDK] [SYSCALL] [access] [PATH][string] [/data/data/li.qiu.shui/databases/bugly_db_lejiagu-wal]
D/S4URC   ( 3723): [NDK] [SYSCALL] [access] [PATH][string] [/data/data/li.qiu.shui/databases/bugly_db_lejiagu-journal]
D/S4URC   ( 3723): [NDK] [SYSCALL] [stat] [PATH][string] [/data/data/li.qiu.shui/databases/bugly_db_lejiagu-journal]
D/S4URC   ( 3723): [NDK] [SYSCALL] [stat] [PATH][string] [/data/data/li.qiu.shui/databases/bugly_db_lejiagu]
D/S4URC   ( 3723): [NDK] [SYSCALL] [open] [PATH][string] [/data/data/li.qiu.shui/databases/bugly_db_lejiagu-journal] [RETURN][int] [38]
D/S4URC   ( 3723): [NDK] [SYSCALL] [access] [PATH][string] [/data/data/li.qiu.shui/databases/bugly_db_lejiagu-wal]
D/S4URC   ( 3723): [NDK] [SYSCALL] [stat] [PATH][string] [/data/data/li.qiu.shui/databases/bugly_db_lejiagu]
D/S4URC   ( 3723): [NDK] [SYSCALL] [open] [PATH][string] [/data/data/li.qiu.shui/databases/bugly_db_lejiagu-journal] [RETURN][int] [38]
D/S4URC   ( 3723): [NDK] [SYSCALL] [open] [PATH][string] [/data/data/li.qiu.shui/databases] [RETURN][int] [52]
D/S4URC   ( 3723):  [Method][getString] [String][ip] [Return][203.253.17.237]
D/S4URC   ( 3723):  [Method][getString] [String][qim] [Return][]
D/S4URC   ( 3883): [SDK] [java.io.File] [Constructor] [FilePath][String] [/proc/meminfo]
D/S4URC   ( 3883): [SDK] [java.io.File] [getPath] [FilePath][String] [/proc/meminfo]
D/S4URC   ( 3883): [SDK] [java.io.File] [getPath] [FilePath][String] [/data]
D/S4URC   ( 3883): [SDK] [android.os.Environment] [getDataDirectory] [DataDirectoryPath][String] [/data]
D/S4URC   ( 3883): [SDK] [java.io.File] [getPath] [FilePath][String] [/data]
D/S4URC   ( 3883): [SDK] [java.io.File] [Constructor] [FilePath][String] [/storage/sdcard0]
D/S4URC   ( 3883): [SDK] [java.io.File] [Constructor] [FilePath][String] [/storage/sdcard1]
D/S4URC   ( 3883): [SDK] [java.io.File] [Constructor] [FilePath][String] [/storage/usb2host]
D/S4URC   ( 3883): [SDK] [java.io.File] [Constructor] [FilePath][String] [/storage/usb3device]
D/S4URC   ( 3883): [SDK] [java.io.File] [Constructor] [FilePath][String] [/storage/usb3host]
D/S4URC   ( 3883): [SDK] [android.os.Environment] [getExternalStorageState] [ExternalStorageState][String] [mounted]
D/S4URC   ( 3883): [SDK] [java.io.File] [getPath] [FilePath][String] [/storage/sdcard0]
D/S4URC   ( 3883): [SDK] [android.os.Environment] [getExternalStorageDirectory] [DirectoryPath][String] [/storage/sdcard0]
D/S4URC   ( 3883): [SDK] [java.io.File] [getPath] [FilePath][String] [/storage/sdcard0]
D/S4URC   ( 3883): [SDK] [java.io.File] [getPath] [FilePath][String] [/data]
D/S4URC   ( 3883): [SDK] [android.os.Environment] [getDataDirectory] [DataDirectoryPath][String] [/data]
D/S4URC   ( 3883): [SDK] [java.io.File] [getPath] [FilePath][String] [/data]
D/S4URC   ( 3883): [SDK] [android.app.ApplicationPackageManager] [getPackageInfo] [FindPackageName][String] [li.qiu.shui]
D/S4URC   ( 3883): [SDK] [java.lang.Runtime] [exec] [Command][String] [logcat-d-vthreadtime]
D/S4URC   ( 3883): [SDK] [java.lang.Runtime] [exec] [Command][String] [/system/bin/sh-cgetprop ro.miui.ui.version.name]
D/S4URC   ( 3883): [SDK] [java.lang.Runtime] [exec] [Command][String] [/system/bin/sh-cgetprop ro.build.version.emui]
D/S4URC   ( 3883): [SDK] [java.lang.Runtime] [exec] [Command][String] [/system/bin/sh-cgetprop ro.lenovo.series]
D/S4URC   ( 3883): [SDK] [java.lang.Runtime] [exec] [Command][String] [/system/bin/sh-cgetprop ro.build.nubia.rom.name]
D/S4URC   ( 3883): [SDK] [java.lang.Runtime] [exec] [Command][String] [/system/bin/sh-cgetprop ro.meizu.product.model]
D/S4URC   ( 3883): [SDK] [java.lang.Runtime] [exec] [Command][String] [/system/bin/sh-cgetprop ro.build.version.opporom]
D/S4URC   ( 3883): [SDK] [java.lang.Runtime] [exec] [Command][String] [/system/bin/sh-cgetprop ro.vivo.os.build.display.id]
D/S4URC   ( 3883): [SDK] [java.lang.Runtime] [exec] [Command][String] [/system/bin/sh-cgetprop ro.aa.romver]
D/S4URC   ( 3883): [SDK] [java.lang.Runtime] [exec] [Command][String] [/system/bin/sh-cgetprop ro.lewa.version]
D/S4URC   ( 3883): [SDK] [java.lang.Runtime] [exec] [Command][String] [/system/bin/sh-cgetprop ro.gn.gnromvernumber]
D/S4URC   ( 3883): [SDK] [java.lang.Runtime] [exec] [Command][String] [/system/bin/sh-cgetprop ro.build.tyd.kbstyle_version]
D/S4URC   ( 3883): [SDK] [java.lang.Runtime] [exec] [Command][String] [/system/bin/sh-cgetprop ro.build.fingerprint]
D/S4URC   ( 3883): [SDK] [java.io.File] [getPath] [FilePath][String] [/data/misc/user/0/cacerts-added]
D/S4URC   ( 3883): [SDK] [java.io.File] [isFile] [FilePath][String] [/data/misc/user/0/cacerts-added/f9dccb9d.0]
D/S4URC   ( 3883): [SDK] [java.io.File] [getPath] [FilePath][String] [/system/etc/security/cacerts]
D/S4URC   ( 3883): [SDK] [java.io.File] [isFile] [FilePath][String] [/system/etc/security/cacerts/f9dccb9d.0]
D/S4URC   ( 3883): [SDK] [java.io.File] [getPath] [FilePath][String] [/data/misc/user/0/cacerts-added]
D/S4URC   ( 3883): [SDK] [java.io.File] [isFile] [FilePath][String] [/data/misc/user/0/cacerts-added/e8c58f0d.0]
D/S4URC   ( 3883): [SDK] [java.io.File] [getPath] [FilePath][String] [/system/etc/security/cacerts]
D/S4URC   ( 3883): [SDK] [java.io.File] [isFile] [FilePath][String] [/system/etc/security/cacerts/e8c58f0d.0]
D/S4URC   ( 3883): [SDK] [java.io.File] [getPath] [FilePath][String] [/data/misc/user/0/cacerts-added]
D/S4URC   ( 3883): [SDK] [java.io.File] [isFile] [FilePath][String] [/data/misc/user/0/cacerts-added/81b9768f.0]
D/S4URC   ( 3883): [SDK] [java.io.File] [getPath] [FilePath][String] [/system/etc/security/cacerts]
D/S4URC   ( 3883): [SDK] [java.io.File] [isFile] [FilePath][String] [/system/etc/security/cacerts/81b9768f.0]
D/S4URC   ( 3883): [SDK] [java.io.File] [getPath] [FilePath][String] [/system/etc/security/cacerts/81b9768f.0]
D/S4URC   ( 3883): [SDK] [java.io.File] [getPath] [FilePath][String] [/data/misc/user/0/cacerts-removed]
D/S4URC   ( 3883): [SDK] [java.io.File] [isFile] [FilePath][String] [/data/misc/user/0/cacerts-removed/81b9768f.0]
D/S4URC   ( 3883): [SDK] [java.io.File] [exists] [FilePath][String] [/data/misc/user/0/cacerts-removed/81b9768f.0]
D/S4URC   ( 3883): [SDK] [java.lang.Runtime] [exec] [Command][String] [/system/bin/sh-cgetprop ro.build.rom.id]
D/S4URC   ( 3883): [SDK] [java.io.File] [getPath] [FilePath][String] [/data/misc/keychain/pins]
D/S4URC   ( 3883): [SDK] [java.io.File] [Constructor] [FilePath][String] [/data/misc/keychain/pubkey_blacklist.txt]
D/S4URC   ( 3883): [SDK] [java.io.File] [getPath] [FilePath][String] [/data/misc/keychain/pubkey_blacklist.txt]
D/S4URC   ( 3883): [SDK] [java.io.File] [Constructor] [FilePath][String] [/data/misc/keychain/serial_blacklist.txt]
D/S4URC   ( 3883): [SDK] [java.io.File] [getPath] [FilePath][String] [/data/misc/keychain/serial_blacklist.txt]
D/S4URC   ( 3883):  [Method][getString] [String][ip] [Return][203.253.17.237]
D/S4URC   ( 3883):  [Method][getString] [String][qim] [Return][9dd4736125bf4d04]
D/S4URC   ( 3883): [SDK] [java.net] [HttpURLConnection] [URL][String] [http://rqd.uu.qq.com/rqd/sync]
D/S4URC   ( 3883): [SDK] [android.content.ContextWrapper][getSharedPreferences] [File][qvod.xml] [MODE][MODE_PRIVATE] [Method][putString] [Key][ip] [Value][203.253.17.237]
D/S4URC   ( 3883): [SDK] [android.content.ContextWrapper][getSharedPreferences] [File][qvod.xml] [MODE][MODE_PRIVATE] [Method][putString] [Key][qim] [Value][9dd4736125bf4d04]
D/S4URC   ( 3883): [SDK] [java.io.File] [exists] [FilePath][String] [/data/data/li.qiu.shui/shared_prefs/bugly_data.xml]
D/S4URC   ( 3883): [SDK] [java.io.File] [exists] [FilePath][String] [/data/data/li.qiu.shui/files]
D/S4URC   ( 3883): [SDK] [java.io.File] [getPath] [FilePath][String] [/data/data/li.qiu.shui/files]
D/S4URC   ( 3883): [SDK] [java.io.File] [getPath] [FilePath][String] [/data/data/li.qiu.shui/files/AdjustIoActivityState]
D/S4URC   ( 3723): [SDK] [java.io.File] [exists] [FilePath][String] [/data/data/li.qiu.shui/files]
D/S4URC   ( 3723): [NDK] [SYSCALL] [access] [PATH][string] [/data/data/li.qiu.shui/files]
D/S4URC   ( 3723): [SDK] [java.io.File] [getPath] [FilePath][String] [/data/data/li.qiu.shui/files]
D/S4URC   ( 3723): [SDK] [java.io.File] [getPath] [FilePath][String] [/data/data/li.qiu.shui/files/AdjustIoActivityState]
D/S4URC   ( 3723): [NDK] [SYSCALL] [open] [PATH][string] [/data/data/li.qiu.shui/files/AdjustIoActivityState] [RETURN][int] [38]
D/S4URC   ( 3723): [SDK] [java.io.File] [getPath] [FilePath][String] [/data/data/li.qiu.shui/files/AdjustIoActivityState]
D/S4URC   ( 3723): [NDK] [SYSCALL] [chmod] [PATH][string] [/data/data/li.qiu.shui/files/AdjustIoActivityState] [MODE][int] [0660]
D/S4URC   ( 3883): [SDK] [java.io.File] [exists] [FilePath][String] [/data/data/li.qiu.shui/files]
D/S4URC   ( 3883): [SDK] [java.io.File] [getPath] [FilePath][String] [/data/data/li.qiu.shui/files]
D/S4URC   ( 3883): [SDK] [java.io.File] [getPath] [FilePath][String] [/data/data/li.qiu.shui/files/AdjustIoActivityState]
D/S4URC   ( 3723): [SDK] [java.io.File] [exists] [FilePath][String] [/data/data/li.qiu.shui/files]
D/S4URC   ( 3723): [NDK] [SYSCALL] [access] [PATH][string] [/data/data/li.qiu.shui/files]
D/S4URC   ( 3723): [SDK] [java.io.File] [getPath] [FilePath][String] [/data/data/li.qiu.shui/files]
D/S4URC   ( 3723): [SDK] [java.io.File] [getPath] [FilePath][String] [/data/data/li.qiu.shui/files/AdjustIoActivityState]
D/S4URC   ( 3723): [NDK] [SYSCALL] [open] [PATH][string] [/data/data/li.qiu.shui/files/AdjustIoActivityState] [RETURN][int] [38]
D/S4URC   ( 3723): [SDK] [java.io.File] [getPath] [FilePath][String] [/data/data/li.qiu.shui/files/AdjustIoActivityState]
D/S4URC   ( 3723): [NDK] [SYSCALL] [chmod] [PATH][string] [/data/data/li.qiu.shui/files/AdjustIoActivityState] [MODE][int] [0660]
D/S4URC   ( 3883): [SDK] [java.io.File] [exists] [FilePath][String] [/data/data/li.qiu.shui/files]
D/S4URC   ( 3883): [SDK] [java.io.File] [getPath] [FilePath][String] [/data/data/li.qiu.shui/files]
D/S4URC   ( 3883): [SDK] [java.io.File] [getPath] [FilePath][String] [/data/data/li.qiu.shui/files/AdjustIoActivityState]
D/S4URC   ( 3723): [SDK] [java.io.File] [exists] [FilePath][String] [/data/data/li.qiu.shui/files]
D/S4URC   ( 3723): [NDK] [SYSCALL] [access] [PATH][string] [/data/data/li.qiu.shui/files]
D/S4URC   ( 3723): [SDK] [java.io.File] [getPath] [FilePath][String] [/data/data/li.qiu.shui/files]
D/S4URC   ( 3723): [SDK] [java.io.File] [getPath] [FilePath][String] [/data/data/li.qiu.shui/files/AdjustIoActivityState]
D/S4URC   ( 3723): [NDK] [SYSCALL] [open] [PATH][string] [/data/data/li.qiu.shui/files/AdjustIoActivityState] [RETURN][int] [38]
D/S4URC   ( 3723): [SDK] [java.io.File] [getPath] [FilePath][String] [/data/data/li.qiu.shui/files/AdjustIoActivityState]
D/S4URC   ( 3723): [NDK] [SYSCALL] [chmod] [PATH][string] [/data/data/li.qiu.shui/files/AdjustIoActivityState] [MODE][int] [0660]
D/S4URC   ( 3883): [SDK] [java.io.File] [exists] [FilePath][String] [/data/data/li.qiu.shui/files]
D/S4URC   ( 3883): [SDK] [java.io.File] [getPath] [FilePath][String] [/data/data/li.qiu.shui/files]
D/S4URC   ( 3883): [SDK] [java.io.File] [getPath] [FilePath][String] [/data/data/li.qiu.shui/files/AdjustIoActivityState]
D/S4URC   ( 3723): [SDK] [java.io.File] [exists] [FilePath][String] [/data/data/li.qiu.shui/files]
D/S4URC   ( 3723): [NDK] [SYSCALL] [access] [PATH][string] [/data/data/li.qiu.shui/files]
D/S4URC   ( 3723): [SDK] [java.io.File] [getPath] [FilePath][String] [/data/data/li.qiu.shui/files]
D/S4URC   ( 3723): [SDK] [java.io.File] [getPath] [FilePath][String] [/data/data/li.qiu.shui/files/AdjustIoActivityState]
D/S4URC   ( 3723): [NDK] [SYSCALL] [open] [PATH][string] [/data/data/li.qiu.shui/files/AdjustIoActivityState] [RETURN][int] [38]
D/S4URC   ( 3723): [SDK] [java.io.File] [getPath] [FilePath][String] [/data/data/li.qiu.shui/files/AdjustIoActivityState]
D/S4URC   ( 3723): [NDK] [SYSCALL] [chmod] [PATH][string] [/data/data/li.qiu.shui/files/AdjustIoActivityState] [MODE][int] [0660]
D/S4URC   ( 3883): [SDK] [java.io.File] [exists] [FilePath][String] [/data/data/li.qiu.shui/files]
D/S4URC   ( 3883): [SDK] [java.io.File] [getPath] [FilePath][String] [/data/data/li.qiu.shui/files]
D/S4URC   ( 3883): [SDK] [java.io.File] [getPath] [FilePath][String] [/data/data/li.qiu.shui/files/AdjustIoActivityState]
D/S4URC   ( 3723): [SDK] [java.io.File] [exists] [FilePath][String] [/data/data/li.qiu.shui/files]
D/S4URC   ( 3723): [NDK] [SYSCALL] [access] [PATH][string] [/data/data/li.qiu.shui/files]
D/S4URC   ( 3723): [SDK] [java.io.File] [getPath] [FilePath][String] [/data/data/li.qiu.shui/files]
D/S4URC   ( 3723): [SDK] [java.io.File] [getPath] [FilePath][String] [/data/data/li.qiu.shui/files/AdjustIoActivityState]
D/S4URC   ( 3723): [NDK] [SYSCALL] [open] [PATH][string] [/data/data/li.qiu.shui/files/AdjustIoActivityState] [RETURN][int] [38]
D/S4URC   ( 3723): [SDK] [java.io.File] [getPath] [FilePath][String] [/data/data/li.qiu.shui/files/AdjustIoActivityState]
D/S4URC   ( 3723): [NDK] [SYSCALL] [chmod] [PATH][string] [/data/data/li.qiu.shui/files/AdjustIoActivityState] [MODE][int] [0660]
D/S4URC   ( 3883): [SDK] [java.io.File] [exists] [FilePath][String] [/data/data/li.qiu.shui/files]
D/S4URC   ( 3883): [SDK] [java.io.File] [getPath] [FilePath][String] [/data/data/li.qiu.shui/files]
D/S4URC   ( 3883): [SDK] [java.io.File] [getPath] [FilePath][String] [/data/data/li.qiu.shui/files/AdjustIoActivityState]
