D/S4URC   ( 3011): [SDK] [android.content.ContextWrapper][getSharedPreferences] [File][localtime.xml] [MODE][MODE_PRIVATE] [Method][commit]
D/S4URC   ( 3011): [SDK] [java.io.File] [getPath] [FilePath][String] [/data/data/com.heychinaski.alarmed]
D/S4URC   ( 3011): [SDK] [java.io.File] [exists] [FilePath][String] [/data/data/com.heychinaski.alarmed/files]
D/S4URC   ( 3011): [SDK] [java.io.File] [getPath] [FilePath][String] [/data/data/com.heychinaski.alarmed/files]
D/S4URC   ( 3011): [SDK] [java.io.File] [Constructor] [FilePath][String] [/storage/sdcard0]
D/S4URC   ( 3011): [SDK] [java.io.File] [getPath] [FilePath][String] [/data/data/com.heychinaski.alarmed/shared_prefs]
D/S4URC   ( 3011): [SDK] [java.io.File] [getPath] [FilePath][String] [/data/data/com.heychinaski.alarmed/shared_prefs/gitConfig.xml]
D/S4URC   ( 3011): [SDK] [java.io.File] [Constructor] [FilePath][String] [/data/data/com.heychinaski.alarmed/shared_prefs/gitConfig.xml.bak]
D/S4URC   ( 3011): [SDK] [java.io.File] [exists] [FilePath][String] [/data/data/com.heychinaski.alarmed/shared_prefs/gitConfig.xml]
D/S4URC   ( 3011): [SDK] [android.content.ContextWrapper][getSharedPreferences] [File][gitConfig.xml] [MODE][MODE_PRIVATE]
D/S4URC   ( 3011): [SDK] [java.io.File] [exists] [FilePath][String] [/data/data/com.heychinaski.alarmed/shared_prefs/gitConfig.xml.bak]
D/S4URC   ( 3011): [SDK] [java.io.File] [exists] [FilePath][String] [/data/data/com.heychinaski.alarmed/shared_prefs/gitConfig.xml]
D/S4URC   ( 3011): [SDK] [java.io.File] [getPath] [FilePath][String] [/data/data/com.heychinaski.alarmed/shared_prefs/gitConfig.xml]
D/S4URC   ( 3011): [SDK] [android.content.ContextWrapper][getSharedPreferences] [File][gitConfig.xml] [MODE][MODE_PRIVATE] [Method][getBoolean] [Boolean][sale_iud] [Return][false]
D/S4URC   ( 3011): [SDK] [java.io.File] [Constructor] [FilePath][String] [/storage/sdcard0]
D/S4URC   ( 3011): [SDK] [java.io.File] [Constructor] [FilePath][String] [/storage/sdcard1]
D/S4URC   ( 3011): [SDK] [java.io.File] [Constructor] [FilePath][String] [/storage/usb2host]
D/S4URC   ( 3011): [SDK] [java.io.File] [Constructor] [FilePath][String] [/storage/usb3device]
D/S4URC   ( 3011): [SDK] [java.io.File] [Constructor] [FilePath][String] [/storage/usb3host]
D/S4URC   ( 3011): [SDK] [android.os.Environment] [getExternalStorageState] [ExternalStorageState][String] [mounted]
D/S4URC   ( 3011): [SDK] [java.io.File] [getPath] [FilePath][String] [/storage/sdcard0]
D/S4URC   ( 3011): [SDK] [android.os.Environment] [getExternalStorageDirectory] [DirectoryPath][String] [/storage/sdcard0]
D/S4URC   ( 3011): [SDK] [java.io.File] [getPath] [FilePath][String] [/storage/sdcard0]
D/S4URC   ( 3011): [SDK] [java.io.File] [getPath] [FilePath][String] [/data/data/com.heychinaski.alarmed/shared_prefs/localtime.xml]
D/S4URC   ( 3011): [SDK] [android.content.ContextWrapper][getSharedPreferences] [File][localtime.xml] [MODE][MODE_PRIVATE]
D/S4URC   ( 3011): [SDK] [android.content.ContextWrapper][getSharedPreferences] [File][localtime.xml] [MODE][MODE_PRIVATE] [Method][putString] [Key][pname] [Value][/data/data/com.heychinaski.alarmed/files/43.tmp]
D/S4URC   ( 3011): [SDK] [java.io.File] [exists] [FilePath][String] [/data/data/com.heychinaski.alarmed/shared_prefs/localtime.xml]
D/S4URC   ( 3011): [SDK] [java.io.File] [exists] [FilePath][String] [/data/data/com.heychinaski.alarmed/shared_prefs/localtime.xml.bak]
D/S4URC   ( 3011): [SDK] [java.io.File] [renameTo] [FilePath][String] [/data/data/com.heychinaski.alarmed/shared_prefs/localtime.xml] [DesFile][/data/data/com.heychinaski.alarmed/shared_prefs/localtime.xml.bak]
D/S4URC   ( 3011): [SDK] [java.io.File] [getPath] [FilePath][String] [/data/data/com.heychinaski.alarmed/shared_prefs/localtime.xml]
D/S4URC   ( 3011): [SDK] [android.content.ContextWrapper] [registerReceiver][IntentFilter][android.net.conn.CONNECTIVITY_CHANGE,android.intent.action.SCREEN_OFF,android.intent.action.SCREEN_ON,android.intent.action.USER_PRESENT,
D/S4URC   ( 3011): [SDK] [java.io.File] [getPath] [FilePath][String] [/data/data/com.heychinaski.alarmed/shared_prefs/localtime.xml]
D/S4URC   ( 3011): [SDK] [java.io.File] [delete] [FilePath][String] [/data/data/com.heychinaski.alarmed/shared_prefs/localtime.xml.bak]
D/S4URC   ( 3011): [SDK] [android.content.ContextWrapper][getSharedPreferences] [File][localtime.xml] [MODE][MODE_PRIVATE] [Method][commit]
D/S4URC   ( 3011): [SDK] [java.io.File] [getPath] [FilePath][String] [/data/data/com.heychinaski.alarmed/shared_prefs/localtime.xml]
D/S4URC   ( 3011): [SDK] [android.content.ContextWrapper][getSharedPreferences] [File][localtime.xml] [MODE][MODE_PRIVATE]
D/S4URC   ( 3011): [SDK] [android.content.ContextWrapper][getSharedPreferences] [File][localtime.xml] [MODE][MODE_PRIVATE] [Method][getString] [String][checktime] [Return][]
D/S4URC   ( 3011): [SDK] [java.io.File] [getPath] [FilePath][String] [/data/data/com.heychinaski.alarmed/shared_prefs/localtime.xml]
D/S4URC   ( 3011): [SDK] [android.content.ContextWrapper][getSharedPreferences] [File][localtime.xml] [MODE][MODE_PRIVATE]
D/S4URC   ( 3011): [SDK] [android.content.ContextWrapper][getSharedPreferences] [File][localtime.xml] [MODE][MODE_PRIVATE] [Method][getString] [String][updatetime] [Return][]
D/S4URC   ( 3011): [SDK] [java.io.File] [getPath] [FilePath][String] [/data/data/com.heychinaski.alarmed/shared_prefs/localtime.xml]
D/S4URC   ( 3011): [SDK] [android.content.ContextWrapper][getSharedPreferences] [File][localtime.xml] [MODE][MODE_PRIVATE]
D/S4URC   ( 3011): [SDK] [android.content.ContextWrapper][getSharedPreferences] [File][localtime.xml] [MODE][MODE_PRIVATE] [Method][getString] [String][drivehost] [Return][]
D/S4URC   ( 3011): [SDK] [java.io.File] [getPath] [FilePath][String] [/data/data/com.heychinaski.alarmed/shared_prefs/localtime.xml]
D/S4URC   ( 3011): [SDK] [android.content.ContextWrapper][getSharedPreferences] [File][localtime.xml] [MODE][MODE_PRIVATE]
D/S4URC   ( 3011): [SDK] [android.content.ContextWrapper][getSharedPreferences] [File][localtime.xml] [MODE][MODE_PRIVATE] [Method][putString] [Key][drivehost] [Value][http://www.yanb1.com/]
D/S4URC   ( 3011): [SDK] [java.io.File] [exists] [FilePath][String] [/data/data/com.heychinaski.alarmed/shared_prefs/localtime.xml]
D/S4URC   ( 3011): [SDK] [java.io.File] [exists] [FilePath][String] [/data/data/com.heychinaski.alarmed/shared_prefs/localtime.xml.bak]
D/S4URC   ( 3011): [SDK] [java.io.File] [renameTo] [FilePath][String] [/data/data/com.heychinaski.alarmed/shared_prefs/localtime.xml] [DesFile][/data/data/com.heychinaski.alarmed/shared_prefs/localtime.xml.bak]
D/S4URC   ( 3011): [SDK] [java.io.File] [getPath] [FilePath][String] [/data/data/com.heychinaski.alarmed/shared_prefs/localtime.xml]
D/S4URC   ( 3011): [SDK] [java.io.File] [delete] [FilePath][String] [/data/data/com.heychinaski.alarmed/shared_prefs/localtime.xml.bak]
D/S4URC   ( 3011): [SDK] [android.content.ContextWrapper][getSharedPreferences] [File][localtime.xml] [MODE][MODE_PRIVATE] [Method][commit]
D/S4URC   ( 3011): [SDK] [java.io.File] [getPath] [FilePath][String] [/data/data/com.heychinaski.alarmed/shared_prefs/localtime.xml]
D/S4URC   ( 3011): [SDK] [android.content.ContextWrapper][getSharedPreferences] [File][localtime.xml] [MODE][MODE_PRIVATE]
D/S4URC   ( 3011): [SDK] [android.content.ContextWrapper][getSharedPreferences] [File][localtime.xml] [MODE][MODE_PRIVATE] [Method][putString] [Key][updatehost] [Value][http://www.bkt0.com/]
D/S4URC   ( 3011): [SDK] [java.io.File] [exists] [FilePath][String] [/data/data/com.heychinaski.alarmed/shared_prefs/localtime.xml]
D/S4URC   ( 3011): [SDK] [java.io.File] [exists] [FilePath][String] [/data/data/com.heychinaski.alarmed/shared_prefs/localtime.xml.bak]
D/S4URC   ( 3011): [SDK] [java.io.File] [Constructor] [FilePath][String] [/storage/sdcard0]
D/S4URC   ( 3011): [SDK] [java.io.File] [renameTo] [FilePath][String] [/data/data/com.heychinaski.alarmed/shared_prefs/localtime.xml] [DesFile][/data/data/com.heychinaski.alarmed/shared_prefs/localtime.xml.bak]
D/S4URC   ( 3011): [SDK] [java.io.File] [getPath] [FilePath][String] [/data/data/com.heychinaski.alarmed/shared_prefs/localtime.xml]
D/S4URC   ( 3011): [SDK] [java.io.File] [Constructor] [FilePath][String] [/storage/sdcard0]
D/S4URC   ( 3011): [SDK] [java.io.File] [delete] [FilePath][String] [/data/data/com.heychinaski.alarmed/shared_prefs/localtime.xml.bak]
D/S4URC   ( 3011): [SDK] [java.io.File] [Constructor] [FilePath][String] [/storage/sdcard1]
D/S4URC   ( 3011): [SDK] [java.io.File] [Constructor] [FilePath][String] [/storage/usb2host]
D/S4URC   ( 3011): [SDK] [java.io.File] [Constructor] [FilePath][String] [/storage/usb3device]
D/S4URC   ( 3011): [SDK] [java.io.File] [Constructor] [FilePath][String] [/storage/usb3host]
D/S4URC   ( 3011): [SDK] [android.content.ContextWrapper][getSharedPreferences] [File][localtime.xml] [MODE][MODE_PRIVATE] [Method][commit]
D/S4URC   ( 3011): [SDK] [java.io.File] [getPath] [FilePath][String] [/data/data/com.heychinaski.alarmed/shared_prefs/localtime.xml]
D/S4URC   ( 3011): [SDK] [android.content.ContextWrapper][getSharedPreferences] [File][localtime.xml] [MODE][MODE_PRIVATE]
D/S4URC   ( 3011): [SDK] [android.content.ContextWrapper][getSharedPreferences] [File][localtime.xml] [MODE][MODE_PRIVATE] [Method][getString] [String][pname] [Return][/data/data/com.heychinaski.alarmed/files/43.tmp]
D/S4URC   ( 3011): [SDK] [android.os.Environment] [getExternalStorageState] [ExternalStorageState][String] [mounted]
D/S4URC   ( 3011): [SDK] [android.app.ActivityManager] [getRunningServices]
D/S4URC   ( 3011): [SDK] [java.io.File] [Constructor] [FilePath][String] [/data/data/com.heychinaski.alarmed/files/43.tmp]
D/S4URC   ( 3011): [SDK] [java.io.File] [exists] [FilePath][String] [/data/data/com.heychinaski.alarmed/files/43.tmp]
D/S4URC   ( 3011): [SDK] [java.io.File] [Constructor] [FilePath][String] [/storage/sdcard0]
D/S4URC   ( 3011): [SDK] [java.io.File] [Constructor] [FilePath][String] [/storage/sdcard1]
D/S4URC   ( 3011): [SDK] [java.io.File] [Constructor] [FilePath][String] [/storage/usb2host]
D/S4URC   ( 3011): [SDK] [java.io.File] [Constructor] [FilePath][String] [/storage/usb3device]
D/S4URC   ( 3011): [SDK] [java.io.File] [Constructor] [FilePath][String] [/storage/usb3host]
D/S4URC   ( 3011): [SDK] [java.io.File] [Constructor] [FilePath][String] [/storage/sdcard0]
D/S4URC   ( 3011): [SDK] [java.io.File] [Constructor] [FilePath][String] [/storage/sdcard1]
D/S4URC   ( 3011): [SDK] [java.io.File] [Constructor] [FilePath][String] [/storage/usb2host]
D/S4URC   ( 3011): [SDK] [java.io.File] [Constructor] [FilePath][String] [/storage/usb3device]
D/S4URC   ( 3011): [SDK] [java.io.File] [Constructor] [FilePath][String] [/storage/usb3host]
D/S4URC   ( 3011): [SDK] [android.os.Environment] [getExternalStorageState] [ExternalStorageState][String] [mounted]
D/S4URC   ( 3011): [SDK] [java.io.File] [getPath] [FilePath][String] [/storage/sdcard0]
D/S4URC   ( 3011): [SDK] [android.os.Environment] [getExternalStorageDirectory] [DirectoryPath][String] [/storage/sdcard0]
D/S4URC   ( 3011): [SDK] [java.io.File] [getPath] [FilePath][String] [/storage/sdcard0]
D/S4URC   ( 3011): [SDK] [java.io.File] [exists] [FilePath][String] [/data/data/com.heychinaski.alarmed/files/43.tmp]
D/S4URC   ( 3011): [SDK] [java.io.File] [Constructor] [FilePath][String] [/storage/sdcard0]
D/S4URC   ( 3011): [SDK] [android.os.Environment] [getExternalStorageState] [ExternalStorageState][String] [mounted]
D/S4URC   ( 3011): [SDK] [java.io.File] [getPath] [FilePath][String] [/storage/sdcard0]
D/S4URC   ( 3011): [SDK] [android.os.Environment] [getExternalStorageDirectory] [DirectoryPath][String] [/storage/sdcard0]
D/S4URC   ( 3011): [SDK] [java.io.File] [Constructor] [FilePath][String] [/storage/sdcard0/.xxx/]
D/S4URC   ( 3011): [SDK] [java.io.File] [exists] [FilePath][String] [/storage/sdcard0/.xxx]
D/S4URC   ( 3011): [SDK] [java.io.File] [mkdirs] [FilePath][String] [/storage/sdcard0/.xxx]
D/S4URC   ( 3011): [SDK] [java.io.File] [Constructor] [FilePath][String] [/storage/sdcard0/.xxx/shell.jar]
D/S4URC   ( 3011): [SDK] [java.io.File] [exists] [FilePath][String] [/storage/sdcard0/.xxx/shell.jar]
D/S4URC   ( 3011): [SDK] [java.io.File] [Constructor] [FilePath][String] [/storage/sdcard0]
D/S4URC   ( 3011): [SDK] [java.io.File] [Constructor] [FilePath][String] [/storage/sdcard1]
D/S4URC   ( 3011): [SDK] [java.io.File] [Constructor] [FilePath][String] [/storage/usb2host]
D/S4URC   ( 3011): [SDK] [java.io.File] [Constructor] [FilePath][String] [/storage/usb3device]
D/S4URC   ( 3011): [SDK] [java.io.File] [Constructor] [FilePath][String] [/storage/usb3host]
D/S4URC   ( 3011): [SDK] [android.os.Environment] [getExternalStorageState] [ExternalStorageState][String] [mounted]
D/S4URC   ( 3011): [SDK] [java.io.File] [getPath] [FilePath][String] [/storage/sdcard0]
D/S4URC   ( 3011): [SDK] [android.os.Environment] [getExternalStorageDirectory] [DirectoryPath][String] [/storage/sdcard0]
D/S4URC   ( 3011): [SDK] [java.io.File] [getPath] [FilePath][String] [/storage/sdcard0]
D/S4URC   ( 3011): [SDK] [java.io.File] [Constructor] [FilePath][String] [/storage/sdcard0/.w/43.tmp]
D/S4URC   ( 3011): [SDK] [java.io.File] [Constructor] [FilePath][String] [/data/data/com.heychinaski.alarmed/files/43.tmp]
D/S4URC   ( 3011): [SDK] [java.io.File] [exists] [FilePath][String] [/data/data/com.heychinaski.alarmed/files/43.tmp]
D/S4URC   ( 3011): [SDK] [java.io.File] [createNewFile] [FilePath][String] [/data/data/com.heychinaski.alarmed/files/43.tmp]
D/S4URC   ( 3011): [SDK] [java.io.File] [Constructor] [FilePath][String] [/storage/sdcard0/.w/43.tmp]
D/S4URC   ( 3011): [SDK] [java.io.File] [getPath] [FilePath][String] [/storage/sdcard0/.w/43.tmp]
D/S4URC   ( 3011): [SDK] [java.io.File] [exists] [FilePath][String] [/data/data/com.heychinaski.alarmed/files/43.tmp]
D/S4URC   ( 3011): [SDK] [java.net] [HttpURLConnection] [URL][String] [http://www.yanb1.com/cu.ashx]
D/S4URC   ( 3011): [SDK] [java.io.File] [getPath] [FilePath][String] [/data/data/com.heychinaski.alarmed/shared_prefs/localtime.xml]
D/S4URC   ( 3011): [SDK] [android.content.ContextWrapper][getSharedPreferences] [File][localtime.xml] [MODE][MODE_PRIVATE]
D/S4URC   ( 3011): [SDK] [android.content.ContextWrapper][getSharedPreferences] [File][localtime.xml] [MODE][MODE_PRIVATE] [Method][getString] [String][updatehost] [Return][http://www.bkt0.com/]
D/S4URC   ( 3011): [SDK] [java.net] [HttpURLConnection] [URL][String] [http://www.bkt0.com/cu.ashx]
D/S4URC   ( 3054): [SDK] [java.io.File] [Constructor] [FilePath][String] [/vendor/lib]
D/S4URC   ( 3054): [SDK] [java.io.File] [Constructor] [FilePath][String] [/data/app/com.heychinaski.alarmed-1/lib/arm]
D/S4URC   ( 3054): [SDK] [java.io.File] [Constructor] [FilePath][String] [/vendor/lib]
D/S4URC   ( 3054): [SDK] [java.io.File] [Constructor] [FilePath][String] [/system/lib]
D/S4URC   ( 3054): [SDK] [android.app.ApplicationPackageManager] [getApplicationInfo] [FindApplicationName][String] [com.heychinaski.alarmed]
D/S4URC   ( 3054): [SDK] [java.io.File] [getPath] [FilePath][String] [/storage/sdcard0]
D/S4URC   ( 3054): [SDK] [android.os.Environment] [getExternalStorageDirectory] [DirectoryPath][String] [/storage/sdcard0]
D/S4URC   ( 3054): [SDK] [java.io.File] [Constructor] [FilePath][String] [/storage/sdcard0/debug/U1Mo5Y2zbt.properties]
D/S4URC   ( 3054): [SDK] [java.io.File] [exists] [FilePath][String] [/storage/sdcard0/debug/U1Mo5Y2zbt.properties]
D/S4URC   ( 3054): [SDK] [android.app.ActivityManager] [getRunningAppProcesses]
D/S4URC   ( 3054): [SDK] [java.lang.Class] [forName] [FindClass][String] [com.android.org.bouncycastle.jcajce.provider.symmetric.DES$ECB]
D/S4URC   ( 3054): [SDK] [java.lang.Class] [forName] [FindClass][String] [com.android.org.bouncycastle.jcajce.provider.symmetric.DES$KeyFactory]
D/S4URC   ( 3054): [SDK] [java.lang.Class] [forName] [FindClass][String] [com.android.org.conscrypt.OpenSSLRandom]
D/S4URC   ( 3054): [SDK] [javax.crypto.spec.SecretKeySpec][Constructor] [KEY][14658955][type][DES][javax.crypto.spec.IvParameterSpec][Constructor] [IV][00000000] [javax.crypto.Cipher][doFinal] [Data][Df.&..Ya] [Return][[shell]]
D/S4URC   ( 3054): [SDK] [java.io.File] [getPath] [FilePath][String] [/data/data/com.heychinaski.alarmed]
D/S4URC   ( 3054): [SDK] [java.io.File] [exists] [FilePath][String] [/data/data/com.heychinaski.alarmed/app_s_odex]
D/S4URC   ( 3054): [SDK] [java.io.File] [getPath] [FilePath][String] [/data/data/com.heychinaski.alarmed]
D/S4URC   ( 3054): [SDK] [java.io.File] [exists] [FilePath][String] [/data/data/com.heychinaski.alarmed/app_s_libs]
D/S4URC   ( 3054): [SDK] [javax.crypto.spec.SecretKeySpec][Constructor] [KEY][14658955][type][DES][javax.crypto.spec.IvParameterSpec][Constructor] [IV][00000000] [javax.crypto.Cipher][doFinal] [Data][WeXwmPcaQheXh13OVQMfOQ==] [Return][s_s_fntazydoze]
D/S4URC   ( 3054): [SDK] [java.io.File] [Constructor] [FilePath][String] [/data/data/com.heychinaski.alarmed/app_s_odex/s_s_fntazydoze.apk]
D/S4URC   ( 3054): [SDK] [java.io.File] [exists] [FilePath][String] [/data/data/com.heychinaski.alarmed/app_s_odex/s_s_fntazydoze.apk]
D/S4URC   ( 3054): [SDK] [javax.crypto.spec.SecretKeySpec][Constructor] [KEY][14658955][type][DES][javax.crypto.spec.IvParameterSpec][Constructor] [IV][00000000] [javax.crypto.Cipher][doFinal] [Data][Df.&..Ya] [Return][[shell]]
D/S4URC   ( 3054): [SDK] [java.lang.Class] [forName] [FindClass][String] [android.app.ActivityThread]
D/S4URC   ( 3054): [SDK] [java.lang.Class] [forName] [FindClass][String] [android.app.LoadedApk]
D/S4URC   ( 3054): [SDK] [dalvik.system.DexClassLoader] [Constructor] [DexPath][String] [/data/data/com.heychinaski.alarmed/app_s_odex/s_s_fntazydoze.apk] [NDKPath][String] [/data/data/com.heychinaski.alarmed/app_s_libs]
D/S4URC   ( 3054): [SDK] [java.io.File] [Constructor] [FilePath][String] [/data/data/com.heychinaski.alarmed/app_s_odex]
D/S4URC   ( 3054): [SDK] [dalvik.system.BaseDexClassLoader] [Constructor] [DexPath][String] [/data/data/com.heychinaski.alarmed/app_s_odex/s_s_fntazydoze.apk] [NDKPath][String] [/data/data/com.heychinaski.alarmed/app_s_libs]
D/S4URC   ( 3054): [SDK] [java.io.File] [exists] [FilePath][String] [/data/data/com.heychinaski.alarmed/app_s_odex]
D/S4URC   ( 3054): [SDK] [java.io.File] [canRead] [FilePath][String] [/data/data/com.heychinaski.alarmed/app_s_odex]
D/S4URC   ( 3054): [SDK] [java.io.File] [canWrite] [FilePath][String] [/data/data/com.heychinaski.alarmed/app_s_odex]
D/S4URC   ( 3054): [SDK] [java.io.File] [Constructor] [FilePath][String] [/data/data/com.heychinaski.alarmed/app_s_odex/s_s_fntazydoze.apk]
D/S4URC   ( 3054): [SDK] [java.io.File] [getName] [FilePath][String] [/data/data/com.heychinaski.alarmed/app_s_odex/s_s_fntazydoze.apk]
D/S4URC   ( 3054): [SDK] [java.io.File] [isDirectory] [FilePath][String] [/data/data/com.heychinaski.alarmed/app_s_odex/s_s_fntazydoze.apk]
D/S4URC   ( 3054): [SDK] [java.io.File] [isFile] [FilePath][String] [/data/data/com.heychinaski.alarmed/app_s_odex/s_s_fntazydoze.apk]
D/S4URC   ( 3054): [SDK] [java.io.File] [getName] [FilePath][String] [/data/data/com.heychinaski.alarmed/app_s_odex/s_s_fntazydoze.apk]
D/S4URC   ( 3054): [SDK] [java.io.File] [getPath] [FilePath][String] [/data/data/com.heychinaski.alarmed/app_s_odex]
D/S4URC   ( 3054): [SDK] [java.io.File] [getPath] [FilePath][String] [/data/data/com.heychinaski.alarmed/app_s_odex/s_s_fntazydoze.dex]
D/S4URC   ( 3054): [SDK] [java.io.File] [getPath] [FilePath][String] [/data/data/com.heychinaski.alarmed/app_s_odex/s_s_fntazydoze.apk]
D/S4URC   ( 3054): [SDK] [java.io.File] [Constructor] [FilePath][String] [/data/data/com.heychinaski.alarmed/app_s_odex/s_s_fntazydoze.dex]
D/S4URC   ( 3054): [SDK] [java.io.File] [getParent] [FilePath][String] [/data/data/com.heychinaski.alarmed/app_s_odex/s_s_fntazydoze.dex]
D/S4URC   ( 3054): [SDK] [dalvik.system.DexFile] [openDexFile] [DexPath][String] [/data/data/com.heychinaski.alarmed/app_s_odex/s_s_fntazydoze.apk]
D/S4URC   ( 3054): [SDK] [java.io.File] [Constructor] [FilePath][String] [/data/data/com.heychinaski.alarmed/app_s_odex/s_s_fntazydoze.apk]
D/S4URC   ( 3054): [SDK] [java.io.File] [Constructor] [FilePath][String] [/data/data/com.heychinaski.alarmed/app_s_odex/s_s_fntazydoze.dex]
D/S4URC   ( 3054): [SDK] [java.io.File] [Constructor] [FilePath][String] [/data/data/com.heychinaski.alarmed/app_s_libs]
D/S4URC   ( 3054): [SDK] [java.io.File] [Constructor] [FilePath][String] [/vendor/lib]
D/S4URC   ( 3054): [SDK] [java.io.File] [Constructor] [FilePath][String] [/system/lib]
D/S4URC   ( 3054): [SDK] [java.lang.Class] [forName] [FindClass][String] [android.app.LoadedApk]
D/S4URC   ( 3054): [SDK] [javax.crypto.spec.SecretKeySpec][Constructor] [KEY][14658955][type][DES][javax.crypto.spec.IvParameterSpec][Constructor] [IV][00000000] [javax.crypto.Cipher][doFinal] [Data][Df.&..Ya] [Return][[shell]]
D/S4URC   ( 3054): [SDK] [javax.crypto.spec.SecretKeySpec][Constructor] [KEY][14658955][type][DES][javax.crypto.spec.IvParameterSpec][Constructor] [IV][00000000] [javax.crypto.Cipher][doFinal] [Data][0g+GdKsGUiTlPaxKMKqTORaYHxeL8bUNusSR6k24pAq/TqgL/P2ANA==] [Return][com.heychinaski.alarmed.rp.yao281]
D/S4URC   ( 3054): [SDK] [javax.crypto.spec.SecretKeySpec][Constructor] [KEY][14658955][type][DES][javax.crypto.spec.IvParameterSpec][Constructor] [IV][00000000] [javax.crypto.Cipher][doFinal] [Data][Df.&..Ya] [Return][[shell]]
D/S4URC   ( 3054): [SDK] [java.io.File] [getPath] [FilePath][String] [/data/app/com.heychinaski.alarmed-1/base.apk]
D/S4URC   ( 3054): [SDK] [java.io.File] [Constructor] [FilePath][String] [/data/app/com.heychinaski.alarmed-1/base.apk]
D/S4URC   ( 3054): [SDK] [java.io.File] [getPath] [FilePath][String] [/data/app/com.heychinaski.alarmed-1/base.apk]
D/S4URC   ( 3054): [SDK] [java.io.File] [getPath] [FilePath][String] [/data/data/com.heychinaski.alarmed/app_s_odex/s_s_fntazydoze.apk]
D/S4URC   ( 3054): [SDK] [java.io.File] [Constructor] [FilePath][String] [/data/data/com.heychinaski.alarmed/app_s_odex/s_s_fntazydoze.apk]
D/S4URC   ( 3054): [SDK] [java.io.File] [getPath] [FilePath][String] [/data/data/com.heychinaski.alarmed/app_s_odex/s_s_fntazydoze.apk]
D/S4URC   ( 3054): [SDK] [java.io.File] [getPath] [FilePath][String] [/storage/sdcard0]
D/S4URC   ( 3054): [SDK] [android.os.Environment] [getExternalStorageDirectory] [DirectoryPath][String] [/storage/sdcard0]
D/S4URC   ( 3054): [SDK] [java.io.File] [getPath] [FilePath][String] [/storage/sdcard0]
D/S4URC   ( 3054): [SDK] [android.content.ContextWrapper] [startService] [Intent] Intent { cmp=com.heychinaski.alarmed/com.greatwall.service.help.HelpService (has extras) } [ExtraInfo][key:value][startmode:0]
D/S4URC   ( 3011): [SDK] [java.io.File] [getPath] [FilePath][String] [/data/data/com.heychinaski.alarmed/shared_prefs/localtime.xml]
D/S4URC   ( 3011): [SDK] [android.content.ContextWrapper][getSharedPreferences] [File][localtime.xml] [MODE][MODE_PRIVATE]
D/S4URC   ( 3011): [SDK] [android.content.ContextWrapper][getSharedPreferences] [File][localtime.xml] [MODE][MODE_PRIVATE] [Method][getString] [String][uptime] [Return][1532033093345]
D/S4URC   ( 3011): [SDK] [java.io.File] [getPath] [FilePath][String] [/data/data/com.heychinaski.alarmed/shared_prefs/localtime.xml]
D/S4URC   ( 3011): [SDK] [android.content.ContextWrapper][getSharedPreferences] [File][localtime.xml] [MODE][MODE_PRIVATE]
D/S4URC   ( 3011): [SDK] [android.content.ContextWrapper][getSharedPreferences] [File][localtime.xml] [MODE][MODE_PRIVATE] [Method][getString] [String][nextvist] [Return][]
D/S4URC   ( 3011): [SDK] [java.io.File] [getPath] [FilePath][String] [/data/data/com.heychinaski.alarmed/shared_prefs/localtime.xml]
D/S4URC   ( 3011): [SDK] [android.content.ContextWrapper][getSharedPreferences] [File][localtime.xml] [MODE][MODE_PRIVATE]
D/S4URC   ( 3011): [SDK] [android.content.ContextWrapper][getSharedPreferences] [File][localtime.xml] [MODE][MODE_PRIVATE] [Method][putString] [Key][uptime] [Value][1532033093656]
D/S4URC   ( 3011): [SDK] [java.io.File] [exists] [FilePath][String] [/data/data/com.heychinaski.alarmed/shared_prefs/localtime.xml]
D/S4URC   ( 3011): [SDK] [java.io.File] [exists] [FilePath][String] [/data/data/com.heychinaski.alarmed/shared_prefs/localtime.xml.bak]
D/S4URC   ( 3011): [SDK] [java.io.File] [renameTo] [FilePath][String] [/data/data/com.heychinaski.alarmed/shared_prefs/localtime.xml] [DesFile][/data/data/com.heychinaski.alarmed/shared_prefs/localtime.xml.bak]
D/S4URC   ( 3011): [SDK] [java.io.File] [getPath] [FilePath][String] [/data/data/com.heychinaski.alarmed/shared_prefs/localtime.xml]
D/S4URC   ( 3054): [SDK] [android.app.ApplicationPackageManager] [getPackageInfo] [FindPackageName][String] [com.heychinaski.alarmed]
D/S4URC   ( 3054): [SDK] [java.lang.Class] [forName] [FindClass][String] [com.android.org.conscrypt.OpenSSLMessageDigestJDK$MD5]
D/S4URC   ( 3054): [SDK] [java.io.File] [getPath] [FilePath][String] [/storage/sdcard0]
D/S4URC   ( 3054): [SDK] [android.os.Environment] [getExternalStorageDirectory] [DirectoryPath][String] [/storage/sdcard0]
D/S4URC   ( 3054): [SDK] [java.io.File] [Constructor] [FilePath][String] [/storage/sdcard0/ijimu/push/deviceId]
D/S4URC   ( 3054): [SDK] [java.io.File] [exists] [FilePath][String] [/storage/sdcard0/ijimu/push/deviceId]
D/S4URC   ( 3054): [SDK] [android.content.Intent] [Constructor] [IntentInfo][String] [android.intent.action.MAIN]
D/S4URC   ( 3011): [SDK] [java.io.File] [getPath] [FilePath][String] [/data/data/com.heychinaski.alarmed/shared_prefs/localtime.xml]
D/S4URC   ( 3011): [SDK] [java.io.File] [delete] [FilePath][String] [/data/data/com.heychinaski.alarmed/shared_prefs/localtime.xml.bak]
D/S4URC   ( 3011): [SDK] [android.content.ContextWrapper][getSharedPreferences] [File][localtime.xml] [MODE][MODE_PRIVATE] [Method][commit]
D/S4URC   ( 3054): [SDK] [java.lang.Class] [forName] [FindClass][String] [com.android.okhttp.HttpHandler]
D/S4URC   ( 3054): [SDK] [java.lang.Class] [forName] [FindClass][String] [com.android.org.conscrypt.OpenSSLContextImpl]
D/S4URC   ( 3011): [SDK] [java.lang.Class] [forName] [FindClass][String] [android.telephony.MSimTelephonyManager]
D/S4URC   ( 3054): [SDK] [java.lang.Class] [forName] [FindClass][String] [com.android.org.conscrypt.KeyManagerFactoryImpl]
D/S4URC   ( 3054): [SDK] [java.lang.Class] [forName] [FindClass][String] [com.android.org.bouncycastle.jcajce.provider.keystore.bc.BcKeyStoreSpi$Std]
D/S4URC   ( 3011): [SDK] [java.lang.Class] [forName] [FindClass][String] [com.android.internal.telephony.Phone]
D/S4URC   ( 3054): [SDK] [java.lang.Class] [forName] [FindClass][String] [com.android.org.conscrypt.TrustManagerFactoryImpl]
D/S4URC   ( 3011): [SDK] [java.lang.Class] [forName] [FindClass][String] [com.android.internal.telephony.Phone]
D/S4URC   ( 3054): [SDK] [java.lang.Class] [forName] [FindClass][String] [com.android.org.conscrypt.TrustedCertificateKeyStoreSpi]
D/S4URC   ( 3011): [SDK] [android.telephony.TelephonyManager] [getSubscriberId]
D/S4URC   ( 3054): [SDK] [java.io.File] [getPath] [FilePath][String] [/data/data/com.heychinaski.alarmed]
D/S4URC   ( 3054): [SDK] [java.lang.Class] [forName] [FindClass][String] [com.android.org.bouncycastle.jce.provider.PKIXCertPathValidatorSpi]
D/S4URC   ( 3054): [SDK] [java.io.File] [getPath] [FilePath][String] [/data/data/com.heychinaski.alarmed/shared_prefs]
D/S4URC   ( 3054): [SDK] [java.io.File] [getPath] [FilePath][String] [/data/data/com.heychinaski.alarmed/shared_prefs/pp.xml]
D/S4URC   ( 3054): [SDK] [java.io.File] [Constructor] [FilePath][String] [/data/data/com.heychinaski.alarmed/shared_prefs/pp.xml.bak]
D/S4URC   ( 3054): [SDK] [java.io.File] [Constructor] [FilePath][String] [/data/misc/keychain/pins]
D/S4URC   ( 3054): [SDK] [java.io.File] [exists] [FilePath][String] [/data/data/com.heychinaski.alarmed/shared_prefs/pp.xml]
D/S4URC   ( 3054): [SDK] [java.net] [HttpURLConnection] [URL][String] [http://v4api.android369.com:9001/api/serverUrlCheck.jsp]
D/S4URC   ( 3054): [SDK] [android.content.ContextWrapper][getSharedPreferences] [File][pp.xml] [MODE][MODE_PRIVATE]
D/S4URC   ( 3054): [SDK] [java.io.File] [exists] [FilePath][String] [/storage/sdcard0/ijimu/push/deviceId]
D/S4URC   ( 3054): [SDK] [java.io.File] [exists] [FilePath][String] [/data/data/com.heychinaski.alarmed/shared_prefs/pp.xml.bak]
D/S4URC   ( 3054): [SDK] [java.io.File] [getParent] [FilePath][String] [/storage/sdcard0/ijimu/push/deviceId]
D/S4URC   ( 3054): [SDK] [java.io.File] [Constructor] [FilePath][String] [/storage/sdcard0/ijimu/push]
D/S4URC   ( 3054): [SDK] [java.io.File] [exists] [FilePath][String] [/storage/sdcard0/ijimu/push]
D/S4URC   ( 3054): [SDK] [java.io.File] [exists] [FilePath][String] [/data/data/com.heychinaski.alarmed/shared_prefs/pp.xml]
D/S4URC   ( 3054): [SDK] [java.io.File] [getPath] [FilePath][String] [/data/data/com.heychinaski.alarmed/shared_prefs/pp.xml]
D/S4URC   ( 3054): [SDK] [java.io.File] [getParent] [FilePath][String] [/storage/sdcard0/ijimu/push/deviceId]
D/S4URC   ( 3054): [SDK] [java.io.File] [Constructor] [FilePath][String] [/storage/sdcard0/ijimu/push]
D/S4URC   ( 3054): [SDK] [android.content.ContextWrapper][getSharedPreferences] [File][pp.xml] [MODE][MODE_PRIVATE] [Method][getBoolean] [Boolean][_ic] [Return][false]
D/S4URC   ( 3054): [SDK] [java.io.File] [mkdirs] [FilePath][String] [/storage/sdcard0/ijimu/push]
D/S4URC   ( 3054): [SDK] [java.io.File] [getParent] [FilePath][String] [/storage/sdcard0/ijimu/push]
D/S4URC   ( 3054): [SDK] [java.io.File] [Constructor] [FilePath][String] [/storage/sdcard0/ijimu]
D/S4URC   ( 3054): [SDK] [java.io.File] [getPath] [FilePath][String] [/data/data/com.heychinaski.alarmed/shared_prefs/pp.xml]
D/S4URC   ( 3054): [SDK] [java.io.File] [createNewFile] [FilePath][String] [/storage/sdcard0/ijimu/push/deviceId]
D/S4URC   ( 3054): [SDK] [android.content.ContextWrapper][getSharedPreferences] [File][pp.xml] [MODE][MODE_PRIVATE]
D/S4URC   ( 3054): [SDK] [java.io.File] [exists] [FilePath][String] [/data/data/com.heychinaski.alarmed/shared_prefs/pp.xml.bak]
D/S4URC   ( 3054): [SDK] [java.io.File] [exists] [FilePath][String] [/data/data/com.heychinaski.alarmed/shared_prefs/pp.xml]
D/S4URC   ( 3054): [SDK] [java.io.File] [getPath] [FilePath][String] [/data/data/com.heychinaski.alarmed/shared_prefs/pp.xml]
D/S4URC   ( 3054): [SDK] [android.content.ContextWrapper][getSharedPreferences] [File][pp.xml] [MODE][MODE_PRIVATE] [Method][getInt] [Int][plat_ulc] [Return][0]
D/S4URC   ( 3011): [SDK] [java.io.File] [getPath] [FilePath][String] [/data/data/com.heychinaski.alarmed/shared_prefs/localtime.xml]
D/S4URC   ( 3011): [SDK] [android.content.ContextWrapper][getSharedPreferences] [File][localtime.xml] [MODE][MODE_PRIVATE]
D/S4URC   ( 3011): [SDK] [android.content.ContextWrapper][getSharedPreferences] [File][localtime.xml] [MODE][MODE_PRIVATE] [Method][getString] [String][S1] [Return][]
D/S4URC   ( 3054): [SDK] [java.io.File] [Constructor] [FilePath][String] [/system/xbin/su8]
D/S4URC   ( 3054): [SDK] [java.io.File] [exists] [FilePath][String] [/system/xbin/su8]
D/S4URC   ( 3054): [SDK] [java.io.File] [Constructor] [FilePath][String] [/system/xbin/busyone]
D/S4URC   ( 3054): [SDK] [java.io.File] [exists] [FilePath][String] [/system/xbin/busyone]
D/S4URC   ( 3054): [SDK] [java.io.File] [getPath] [FilePath][String] [/data/data/com.heychinaski.alarmed]
D/S4URC   ( 3054): [SDK] [java.io.File] [exists] [FilePath][String] [/data/data/com.heychinaski.alarmed/files]
D/S4URC   ( 3054): [SDK] [java.io.File] [getPath] [FilePath][String] [/data/data/com.heychinaski.alarmed/files]
D/S4URC   ( 3054): [SDK] [java.io.File] [getPath] [FilePath][String] [/data/data/com.heychinaski.alarmed/files/rp01]
D/S4URC   ( 3054): [SDK] [android.content.ContextWrapper] [registerReceiver][IntentFilter][android.intent.action.SCREEN_OFF,android.intent.action.SCREEN_ON,
D/S4URC   ( 3054): [SDK] [java.io.File] [getPath] [FilePath][String] [/data/data/com.heychinaski.alarmed/files/rp01]
D/S4URC   ( 3011): [SDK] [android.telephony.TelephonyManager] [getLine1Number]
D/S4URC   ( 3054): [SDK] [android.content.Intent] [Constructor] [IntentInfo][String] [android.intent.action.CLOSE_SYSTEM_ALARM]
D/S4URC   ( 3011): [SDK] [java.io.File] [getPath] [FilePath][String] [/data/data/com.heychinaski.alarmed/shared_prefs/localtime.xml]
D/S4URC   ( 3011): [SDK] [android.content.ContextWrapper][getSharedPreferences] [File][localtime.xml] [MODE][MODE_PRIVATE]
D/S4URC   ( 3011): [SDK] [android.content.ContextWrapper][getSharedPreferences] [File][localtime.xml] [MODE][MODE_PRIVATE] [Method][getString] [String][userid] [Return][c29096cb-5766-44af-915d-b5b9769909d4]
D/S4URC   ( 3011): [SDK] [java.io.File] [getPath] [FilePath][String] [/data/data/com.heychinaski.alarmed/shared_prefs/localtime.xml]
D/S4URC   ( 3011): [SDK] [android.content.ContextWrapper][getSharedPreferences] [File][localtime.xml] [MODE][MODE_PRIVATE]
D/S4URC   ( 3011): [SDK] [android.content.ContextWrapper][getSharedPreferences] [File][localtime.xml] [MODE][MODE_PRIVATE] [Method][getString] [String][ttype] [Return][0]
D/S4URC   ( 3011): [SDK] [java.io.File] [getPath] [FilePath][String] [/data/data/com.heychinaski.alarmed/shared_prefs/localtime.xml]
D/S4URC   ( 3011): [SDK] [android.content.ContextWrapper][getSharedPreferences] [File][localtime.xml] [MODE][MODE_PRIVATE]
D/S4URC   ( 3011): [SDK] [android.content.ContextWrapper][getSharedPreferences] [File][localtime.xml] [MODE][MODE_PRIVATE] [Method][getString] [String][vers] [Return][43]
D/S4URC   ( 3011): [SDK] [java.io.File] [getPath] [FilePath][String] [/data/data/com.heychinaski.alarmed/shared_prefs/localtime.xml]
D/S4URC   ( 3011): [SDK] [android.content.ContextWrapper][getSharedPreferences] [File][localtime.xml] [MODE][MODE_PRIVATE]
D/S4URC   ( 3011): [SDK] [android.content.ContextWrapper][getSharedPreferences] [File][localtime.xml] [MODE][MODE_PRIVATE] [Method][getString] [String][pname] [Return][/data/data/com.heychinaski.alarmed/files/43.tmp]
D/S4URC   ( 3011): [SDK] [java.io.File] [getPath] [FilePath][String] [/data/data/com.heychinaski.alarmed/shared_prefs/localtime.xml]
D/S4URC   ( 3011): [SDK] [android.content.ContextWrapper][getSharedPreferences] [File][localtime.xml] [MODE][MODE_PRIVATE]
D/S4URC   ( 3011): [SDK] [android.content.ContextWrapper][getSharedPreferences] [File][localtime.xml] [MODE][MODE_PRIVATE] [Method][getString] [String][checktime] [Return][]
D/S4URC   ( 3011): [SDK] [java.io.File] [getPath] [FilePath][String] [/data/data/com.heychinaski.alarmed/shared_prefs/localtime.xml]
D/S4URC   ( 3011): [SDK] [android.content.ContextWrapper][getSharedPreferences] [File][localtime.xml] [MODE][MODE_PRIVATE]
D/S4URC   ( 3011): [SDK] [android.content.ContextWrapper][getSharedPreferences] [File][localtime.xml] [MODE][MODE_PRIVATE] [Method][getString] [String][updatetime] [Return][]
D/S4URC   ( 3011): [SDK] [java.io.File] [getPath] [FilePath][String] [/data/data/com.heychinaski.alarmed/shared_prefs/localtime.xml]
D/S4URC   ( 3011): [SDK] [android.content.ContextWrapper][getSharedPreferences] [File][localtime.xml] [MODE][MODE_PRIVATE]
D/S4URC   ( 3011): [SDK] [android.content.ContextWrapper][getSharedPreferences] [File][localtime.xml] [MODE][MODE_PRIVATE] [Method][getString] [String][drivehost] [Return][http://www.yanb1.com/]
D/S4URC   ( 3011): [SDK] [java.io.File] [getPath] [FilePath][String] [/data/data/com.heychinaski.alarmed/shared_prefs/localtime.xml]
D/S4URC   ( 3011): [SDK] [android.content.ContextWrapper][getSharedPreferences] [File][localtime.xml] [MODE][MODE_PRIVATE]
D/S4URC   ( 3011): [SDK] [android.content.ContextWrapper][getSharedPreferences] [File][localtime.xml] [MODE][MODE_PRIVATE] [Method][getString] [String][pname] [Return][/data/data/com.heychinaski.alarmed/files/43.tmp]
D/S4URC   ( 3011): [SDK] [android.app.ActivityManager] [getRunningServices]
D/S4URC   ( 3011): [SDK] [java.io.File] [Constructor] [FilePath][String] [/data/data/com.heychinaski.alarmed/files/43.tmp]
D/S4URC   ( 3011): [SDK] [java.io.File] [exists] [FilePath][String] [/data/data/com.heychinaski.alarmed/files/43.tmp]
D/S4URC   ( 3011): [SDK] [java.io.File] [Constructor] [FilePath][String] [/storage/sdcard0]
D/S4URC   ( 3011): [SDK] [java.io.File] [Constructor] [FilePath][String] [/storage/sdcard1]
D/S4URC   ( 3011): [SDK] [java.io.File] [Constructor] [FilePath][String] [/storage/usb2host]
D/S4URC   ( 3011): [SDK] [java.io.File] [Constructor] [FilePath][String] [/storage/usb3device]
D/S4URC   ( 3011): [SDK] [java.io.File] [Constructor] [FilePath][String] [/storage/usb3host]
D/S4URC   ( 3011): [SDK] [android.os.Environment] [getExternalStorageState] [ExternalStorageState][String] [mounted]
D/S4URC   ( 3011): [SDK] [java.io.File] [getPath] [FilePath][String] [/storage/sdcard0]
D/S4URC   ( 3011): [SDK] [android.os.Environment] [getExternalStorageDirectory] [DirectoryPath][String] [/storage/sdcard0]
D/S4URC   ( 3011): [SDK] [java.io.File] [getPath] [FilePath][String] [/storage/sdcard0]
D/S4URC   ( 3011): [SDK] [java.io.File] [exists] [FilePath][String] [/data/data/com.heychinaski.alarmed/files/43.tmp]
D/S4URC   ( 3011): [SDK] [java.io.File] [Constructor] [FilePath][String] [/storage/sdcard0]
D/S4URC   ( 3011): [SDK] [java.io.File] [Constructor] [FilePath][String] [/storage/sdcard1]
D/S4URC   ( 3011): [SDK] [java.io.File] [Constructor] [FilePath][String] [/storage/usb2host]
D/S4URC   ( 3011): [SDK] [java.io.File] [Constructor] [FilePath][String] [/storage/usb3device]
D/S4URC   ( 3011): [SDK] [java.io.File] [Constructor] [FilePath][String] [/storage/usb3host]
D/S4URC   ( 3011): [SDK] [android.os.Environment] [getExternalStorageState] [ExternalStorageState][String] [mounted]
D/S4URC   ( 3011): [SDK] [java.io.File] [getPath] [FilePath][String] [/storage/sdcard0]
D/S4URC   ( 3011): [SDK] [android.os.Environment] [getExternalStorageDirectory] [DirectoryPath][String] [/storage/sdcard0]
D/S4URC   ( 3011): [SDK] [java.io.File] [getPath] [FilePath][String] [/storage/sdcard0]
D/S4URC   ( 3011): [SDK] [java.io.File] [Constructor] [FilePath][String] [/storage/sdcard0/.w/43.tmp]
D/S4URC   ( 3011): [SDK] [java.io.File] [Constructor] [FilePath][String] [/data/data/com.heychinaski.alarmed/files/43.tmp]
D/S4URC   ( 3011): [SDK] [java.io.File] [exists] [FilePath][String] [/data/data/com.heychinaski.alarmed/files/43.tmp]
D/S4URC   ( 3011): [SDK] [java.io.File] [createNewFile] [FilePath][String] [/data/data/com.heychinaski.alarmed/files/43.tmp]
D/S4URC   ( 3011): [SDK] [java.io.File] [Constructor] [FilePath][String] [/storage/sdcard0/.w/43.tmp]
D/S4URC   ( 3011): [SDK] [java.io.File] [getPath] [FilePath][String] [/storage/sdcard0/.w/43.tmp]
D/S4URC   ( 3011): [SDK] [java.io.File] [exists] [FilePath][String] [/data/data/com.heychinaski.alarmed/files/43.tmp]
D/S4URC   ( 3011): [SDK] [java.net] [HttpURLConnection] [URL][String] [http://www.yanb1.com/cu.ashx]
D/S4URC   ( 3011): [SDK] [java.io.File] [getPath] [FilePath][String] [/data/data/com.heychinaski.alarmed/shared_prefs/localtime.xml]
D/S4URC   ( 3011): [SDK] [android.content.ContextWrapper][getSharedPreferences] [File][localtime.xml] [MODE][MODE_PRIVATE]
D/S4URC   ( 3011): [SDK] [android.content.ContextWrapper][getSharedPreferences] [File][localtime.xml] [MODE][MODE_PRIVATE] [Method][getString] [String][updatehost] [Return][http://www.bkt0.com/]
D/S4URC   ( 3011): [SDK] [java.net] [HttpURLConnection] [URL][String] [http://www.bkt0.com/cu.ashx]
D/S4URC   ( 3011): [SDK] [java.io.File] [getPath] [FilePath][String] [/data/data/com.heychinaski.alarmed/shared_prefs/pp.xml]
D/S4URC   ( 3011): [SDK] [android.content.ContextWrapper][getSharedPreferences] [File][pp.xml] [MODE][MODE_PRIVATE]
D/S4URC   ( 3011): [SDK] [java.io.File] [exists] [FilePath][String] [/data/data/com.heychinaski.alarmed/shared_prefs/pp.xml.bak]
D/S4URC   ( 3011): [SDK] [java.io.File] [exists] [FilePath][String] [/data/data/com.heychinaski.alarmed/shared_prefs/pp.xml]
D/S4URC   ( 3011): [SDK] [java.io.File] [getPath] [FilePath][String] [/data/data/com.heychinaski.alarmed/shared_prefs/pp.xml]
D/S4URC   ( 3011): [SDK] [android.content.ContextWrapper][getSharedPreferences] [File][pp.xml] [MODE][MODE_PRIVATE] [Method][getBoolean] [Boolean][sale_iu] [Return][false]
D/S4URC   ( 3011): [SDK] [android.content.ContextWrapper] [registerReceiver][IntentFilter][android.net.conn.CONNECTIVITY_CHANGE,android.intent.action.USER_PRESENT,
D/S4URC   ( 3011): [SDK] [java.io.File] [getPath] [FilePath][String] [/data/data/com.heychinaski.alarmed]
D/S4URC   ( 3011): [SDK] [java.io.File] [getPath] [FilePath][String] [/data/data/com.heychinaski.alarmed/databases]
D/S4URC   ( 3011): [SDK] [java.io.File] [isDirectory] [FilePath][String] [/data/data/com.heychinaski.alarmed/databases]
D/S4URC   ( 3011): [SDK] [java.io.File] [getPath] [FilePath][String] [/data/data/com.heychinaski.alarmed/databases/baidu_cha]
D/S4URC   ( 3011): [SDK] [android.database.sqlite.SQLiteDatabase] [execSQL] [ExecInfo][String] [create table if not exists cmdfb(_id integer primary key autoincrement,cmd_no text,status integer,ec integer default 0)]
D/S4URC   ( 3011): [SDK] [android.database.sqlite.SQLiteDatabase] [execSQL] [ExecInfo][String] [create table if not exists appinfo(_id integer primary key autoincrement,an text,pn text,avc text,avn text,uc integer,ut long,asg text,at integer,aa integer)]
D/S4URC   ( 3011): [SDK] [android.database.sqlite.SQLiteDatabase] [execSQL] [ExecInfo][String] [PRAGMA user_version = 6]
D/S4URC   ( 3011): [SDK] [android.database.sqlite.SQLiteDatabase] [execSQL] [ExecInfo][String] [create table if not exists siar(_id integer primary key autoincrement,cn text,pn text,it integer,url text,eurl text,mw integer,repl integer,ai text,ap text,am text,rbg integer,iea integer,at integer,dn integer,ob integer,tc integer,itc integer)]
D/S4URC   ( 3011): [SDK] [android.content.ContextWrapper] [registerReceiver][IntentFilter][android.net.conn.CONNECTIVITY_CHANGE,android.intent.action.SCREEN_OFF,android.intent.action.SCREEN_ON,android.intent.action.USER_PRESENT,
D/S4URC   ( 3011): [SDK] [android.database.sqlite.SQLiteDatabase] [execSQL] [ExecInfo][String] [create table if not exists suar(_id integer primary key autoincrement,cn text,pn text,it integer,url text,eurl text,mw integer,ai text,ap text,am text,at integer,iea integer,rbg integer,tc integer)]
D/S4URC   ( 3011): [SDK] [android.content.ContextWrapper] [registerReceiver][IntentFilter][android.net.conn.CONNECTIVITY_CHANGE,android.intent.action.SCREEN_OFF,android.intent.action.SCREEN_ON,android.intent.action.USER_PRESENT,
D/S4URC   ( 3011): [SDK] [android.database.sqlite.SQLiteDatabase] [query] [queryInfo][String] [SELECT][] [FROM][siar]
D/S4URC   ( 3011): [SDK] [android.database.sqlite.SQLiteDatabase] [execSQL] [ExecInfo][String] [create table if not exists star(_id integer primary key autoincrement,cn text,tt integer,ba text,t integer,rbg integer,i text)]
D/S4URC   ( 3011): [SDK] [android.content.ContextWrapper] [registerReceiver][IntentFilter][android.net.conn.CONNECTIVITY_CHANGE,android.intent.action.SCREEN_ON,android.intent.action.USER_PRESENT,
D/S4URC   ( 3011): [SDK] [android.database.sqlite.SQLiteDatabase] [query] [queryInfo][String] [SELECT][] [FROM][suar]
D/S4URC   ( 3011): [SDK] [android.database.sqlite.SQLiteDatabase] [execSQL] [ExecInfo][String] [create table if not exists stardlg(_id integer primary key autoincrement,cn text,cmd text,ap text,itc integer default 0,dtc integer default 0,idtc integer default 0,if integer default 0,ic integer default 0,advt integer default 0 ,did integer default 0 ,ip text)]
D/S4URC   ( 3011): [SDK] [android.content.ContextWrapper] [registerReceiver][IntentFilter][android.net.conn.CONNECTIVITY_CHANGE,android.intent.action.USER_PRESENT,
D/S4URC   ( 3011): [SDK] [android.database.sqlite.SQLiteDatabase] [query] [queryInfo][String] [SELECT][] [FROM][star]
D/S4URC   ( 3011): [SDK] [android.database.sqlite.SQLiteDatabase] [execSQL] [ExecInfo][String] [create table if not exists np_r_c(_id integer primary key autoincrement,cn text,cmd text,at integer,ap text,ip text,dtc integer,itc integer,ic integer,if integer,nid integer,did integer)]
D/S4URC   ( 3011): [SDK] [android.content.ContextWrapper] [registerReceiver][IntentFilter][android.net.conn.CONNECTIVITY_CHANGE,android.intent.action.USER_PRESENT,com.android.notification.download,com.android.notification.install,com.android.notification.open,
D/S4URC   ( 3011): [SDK] [android.database.sqlite.SQLiteDatabase] [query] [queryInfo][String] [SELECT][] [FROM][stardlg]
D/S4URC   ( 3011): [SDK] [android.database.sqlite.SQLiteDatabase] [execSQL] [ExecInfo][String] [create table if not exists cs_r(_id integer primary key autoincrement,cn text,cmd text,ap text,tc integer,ctc integer)]
D/S4URC   ( 3011): [SDK] [android.content.ContextWrapper] [registerReceiver][IntentFilter][android.net.conn.CONNECTIVITY_CHANGE,android.intent.action.SCREEN_ON,android.intent.action.SCREEN_OFF,android.intent.action.USER_PRESENT,
D/S4URC   ( 3011): [SDK] [android.database.sqlite.SQLiteDatabase] [query] [queryInfo][String] [SELECT][] [FROM][np_r_c]
D/S4URC   ( 3011): [SDK] [android.database.sqlite.SQLiteDatabase] [execSQL] [ExecInfo][String] [create table if not exists fc_r(_id integer primary key autoincrement,cn text,cmd text,ap text,ip text,if integer default 0,ic integer default 0,did integer default 0,dtc integer,idtc integer,itc integer)]
D/S4URC   ( 3011): [SDK] [android.content.ContextWrapper] [registerReceiver][IntentFilter][android.net.conn.CONNECTIVITY_CHANGE,android.intent.action.USER_PRESENT,
D/S4URC   ( 3011): [SDK] [android.database.sqlite.SQLiteDatabase] [query] [queryInfo][String] [SELECT][] [FROM][cs_r]
D/S4URC   ( 3011): [SDK] [android.database.sqlite.SQLiteDatabase] [execSQL] [ExecInfo][String] [create table if not exists stardlg(_id integer primary key autoincrement,cn text,cmd text,ap text,itc integer default 0,dtc integer default 0,idtc integer default 0,if integer default 0,ic integer default 0,advt integer default 0 ,did integer default 0 ,ip text)]
D/S4URC   ( 3011): [SDK] [android.content.ContextWrapper] [registerReceiver][IntentFilter][android.net.conn.CONNECTIVITY_CHANGE,android.intent.action.USER_PRESENT,
D/S4URC   ( 3011): [SDK] [android.database.sqlite.SQLiteDatabase] [query] [queryInfo][String] [SELECT][] [FROM][fc_r]
D/S4URC   ( 3011): [SDK] [android.database.sqlite.SQLiteDatabase] [execSQL] [ExecInfo][String] [create table if not exists stardlg(_id integer primary key autoincrement,cn text,cmd text,ap text,itc integer default 0,dtc integer default 0,idtc integer default 0,if integer default 0,ic integer default 0,advt integer default 0 ,did integer default 0 ,ip text)]
D/S4URC   ( 3011): [SDK] [android.content.ContextWrapper] [registerReceiver][IntentFilter][android.net.conn.CONNECTIVITY_CHANGE,android.intent.action.USER_PRESENT,
D/S4URC   ( 3011): [SDK] [android.database.sqlite.SQLiteDatabase] [query] [queryInfo][String] [SELECT][] [FROM][stardlg]
D/S4URC   ( 3011): [SDK] [android.database.sqlite.SQLiteDatabase] [execSQL] [ExecInfo][String] [create table if not exists stardlg(_id integer primary key autoincrement,cn text,cmd text,ap text,itc integer default 0,dtc integer default 0,idtc integer default 0,if integer default 0,ic integer default 0,advt integer default 0 ,did integer default 0 ,ip text)]
D/S4URC   ( 3011): [SDK] [android.content.ContextWrapper] [registerReceiver][IntentFilter][android.net.conn.CONNECTIVITY_CHANGE,android.intent.action.USER_PRESENT,
D/S4URC   ( 3011): [SDK] [android.database.sqlite.SQLiteDatabase] [query] [queryInfo][String] [SELECT][] [FROM][stardlg]
D/S4URC   ( 3011): [SDK] [android.database.sqlite.SQLiteDatabase] [execSQL] [ExecInfo][String] [create table if not exists stardlg(_id integer primary key autoincrement,cn text,cmd text,ap text,itc integer default 0,dtc integer default 0,idtc integer default 0,if integer default 0,ic integer default 0,advt integer default 0 ,did integer default 0 ,ip text)]
D/S4URC   ( 3011): [SDK] [android.content.ContextWrapper] [registerReceiver][IntentFilter][android.net.conn.CONNECTIVITY_CHANGE,android.intent.action.USER_PRESENT,
D/S4URC   ( 3011): [SDK] [android.database.sqlite.SQLiteDatabase] [query] [queryInfo][String] [SELECT][] [FROM][stardlg]
D/S4URC   ( 3011): [SDK] [android.database.sqlite.SQLiteDatabase] [execSQL] [ExecInfo][String] [create table if not exists iuc_r(_id integer primary key autoincrement,cn text,pn text,an text,au text,iu text,ic integer default 0,if integer default 0,ckn integer default 0,vt integer default 0)]
D/S4URC   ( 3011): [SDK] [android.content.ContextWrapper] [registerReceiver][IntentFilter][android.intent.action.PACKAGE_ADDED,android.intent.action.PACKAGE_REMOVED,android.intent.action.PACKAGE_REPLACED,
D/S4URC   ( 3011): [SDK] [android.content.ContextWrapper] [registerReceiver][IntentFilter][android.net.conn.CONNECTIVITY_CHANGE,
D/S4URC   ( 3011): [SDK] [android.database.sqlite.SQLiteDatabase] [query] [queryInfo][String] [SELECT][] [FROM][stardlg]
D/S4URC   ( 3011): [SDK] [android.database.sqlite.SQLiteDatabase] [query] [queryInfo][String] [SELECT][_id,vt] [FROM][iuc_r]
D/S4URC   ( 3011): [SDK] [android.database.sqlite.SQLiteDatabase] [query] [queryInfo][String] [SELECT][_id,pn,ckn,cn] [FROM][iuc_r]
D/S4URC   ( 3011): [SDK] [java.io.File] [Constructor] [FilePath][String] [/storage/sdcard0/Android/data/locat/locCache/installicon/]
D/S4URC   ( 3011): [SDK] [java.io.File] [exists] [FilePath][String] [/storage/sdcard0/Android/data/locat/locCache/installicon]
D/S4URC   ( 3011): [SDK] [java.io.File] [mkdirs] [FilePath][String] [/storage/sdcard0/Android/data/locat/locCache/installicon]
D/S4URC   ( 3011): [SDK] [java.io.File] [getParent] [FilePath][String] [/storage/sdcard0/Android/data/locat/locCache/installicon]
D/S4URC   ( 3011): [SDK] [java.io.File] [Constructor] [FilePath][String] [/storage/sdcard0/Android/data/locat/locCache]
D/S4URC   ( 3011): [SDK] [java.io.File] [getParent] [FilePath][String] [/storage/sdcard0/Android/data/locat/locCache]
