D/S4URC   (22773): [SDK] [java.io.File] [Constructor] [FilePath][String] [/storage/sdcard0]
D/S4URC   (22773): [SDK] [java.io.File] [Constructor] [FilePath][String] [/storage/sdcard1]
D/S4URC   (22773): [SDK] [java.io.File] [Constructor] [FilePath][String] [/storage/usb2host]
D/S4URC   (22773): [SDK] [java.io.File] [Constructor] [FilePath][String] [/storage/usb3device]
D/S4URC   (22751): [SDK] [java.io.File] [isDirectory] [FilePath][String] [/mnt/sdcard/Android/data/com.google.android.googlequicksearchbox]
D/S4URC   (22773): [SDK] [java.io.File] [Constructor] [FilePath][String] [/storage/usb3host]
D/S4URC   (22773): [SDK] [android.os.Environment] [getExternalStorageState] [ExternalStorageState][String] [mounted]
D/S4URC   (22751): [SDK] [java.io.File] [isDirectory] [FilePath][String] [/mnt/sdcard/Android/data/com.android.samsung.installer]
D/S4URC   (22751): [SDK] [java.io.File] [listFiles] [FilePath][String] [/mnt/sdcard/astroplayer/skins]
D/S4URC   (22751): [SDK] [java.io.File] [list] [FilePath][String] [/mnt/sdcard/astroplayer/skins]
D/S4URC   (22751): [SDK] [java.io.File] [getPath] [FilePath][String] [/mnt/sdcard/astroplayer/skins]
D/S4URC   (22751): [SDK] [java.io.File] [isDirectory] [FilePath][String] [/mnt/sdcard/astroplayer/skins/Music]
D/S4URC   (22751): [SDK] [java.io.File] [isDirectory] [FilePath][String] [/mnt/sdcard/astroplayer/skins/cold_light]
D/S4URC   (22751): [SDK] [java.io.File] [isDirectory] [FilePath][String] [/mnt/sdcard/astroplayer/skins/midori]
D/S4URC   (22751): [SDK] [java.io.File] [isDirectory] [FilePath][String] [/mnt/sdcard/astroplayer/skins/plain]
D/S4URC   (22751): [SDK] [java.io.File] [isDirectory] [FilePath][String] [/mnt/sdcard/astroplayer/skins/dar_fm]
D/S4URC   (22751): [SDK] [java.io.File] [isDirectory] [FilePath][String] [/mnt/sdcard/astroplayer/skins/car_skin]
D/S4URC   (22751): [SDK] [java.io.File] [isDirectory] [FilePath][String] [/mnt/sdcard/astroplayer/skins/huge_play_button]
D/S4URC   (22751): [SDK] [java.io.File] [isDirectory] [FilePath][String] [/mnt/sdcard/astroplayer/skins/gkatsev]
D/S4URC   (22751): [SDK] [java.io.File] [listFiles] [FilePath][String] [/mnt/sdcard/astroplayer/languages]
D/S4URC   (22751): [SDK] [java.io.File] [list] [FilePath][String] [/mnt/sdcard/astroplayer/languages]
D/S4URC   (22773): [SDK] [java.io.File] [Constructor] [FilePath][String] [/storage/sdcard0/astroplayer/rss2Podcast.txt]
D/S4URC   (22773): [SDK] [java.io.File] [exists] [FilePath][String] [/storage/sdcard0/astroplayer/rss2Podcast.txt]
D/S4URC   (22773): [SDK] [java.io.File] [getParent] [FilePath][String] [/storage/sdcard0/astroplayer/rss2Podcast.txt]
D/S4URC   (22751): [SDK] [java.io.File] [getPath] [FilePath][String] [/mnt/sdcard/astroplayer/languages]
D/S4URC   (22773): [SDK] [java.io.File] [Constructor] [FilePath][String] [/storage/sdcard0/astroplayer]
D/S4URC   (22773): [SDK] [java.io.File] [exists] [FilePath][String] [/storage/sdcard0/astroplayer]
D/S4URC   (22751): [SDK] [java.io.File] [isDirectory] [FilePath][String] [/mnt/sdcard/astroplayer/languages/traditional_chinese.properties]
D/S4URC   (22773): [SDK] [java.io.File] [createNewFile] [FilePath][String] [/storage/sdcard0/astroplayer/rss2Podcast.txt]
D/S4URC   (22751): [SDK] [java.io.File] [getName] [FilePath][String] [/mnt/sdcard/astroplayer/languages/traditional_chinese.properties]
D/S4URC   (22751): [SDK] [java.io.File] [listFiles] [FilePath][String] [/mnt/sdcard/astroplayer/CoverArts]
D/S4URC   (22751): [SDK] [java.io.File] [list] [FilePath][String] [/mnt/sdcard/astroplayer/CoverArts]
D/S4URC   (22773): [SDK] [java.io.File] [Constructor] [FilePath][String] [/storage/sdcard0/astroplayer/rss2Podcast.txt]
D/S4URC   (22773): [SDK] [java.io.File] [getPath] [FilePath][String] [/storage/sdcard0/astroplayer/rss2Podcast.txt]
D/S4URC   (22751): [SDK] [java.io.File] [getPath] [FilePath][String] [/mnt/sdcard/astroplayer/CoverArts]
D/S4URC   (22751): [SDK] [java.io.File] [isDirectory] [FilePath][String] [/mnt/sdcard/astroplayer/CoverArts/.nomedia]
D/S4URC   (22751): [SDK] [java.io.File] [getName] [FilePath][String] [/mnt/sdcard/astroplayer/CoverArts/.nomedia]
D/S4URC   (22751): [SDK] [java.io.File] [listFiles] [FilePath][String] [/mnt/sdcard/astroplayer/presets]
D/S4URC   (22751): [SDK] [java.io.File] [list] [FilePath][String] [/mnt/sdcard/astroplayer/presets]
D/S4URC   (22773): [SDK] [java.io.File] [Constructor] [FilePath][String] [/storage/sdcard0]
D/S4URC   (22773): [SDK] [java.io.File] [Constructor] [FilePath][String] [/storage/sdcard1]
D/S4URC   (22773): [SDK] [java.io.File] [Constructor] [FilePath][String] [/storage/usb2host]
D/S4URC   (22773): [SDK] [java.io.File] [Constructor] [FilePath][String] [/storage/usb3device]
D/S4URC   (22773): [SDK] [java.io.File] [Constructor] [FilePath][String] [/storage/usb3host]
D/S4URC   (22751): [SDK] [java.io.File] [getPath] [FilePath][String] [/mnt/sdcard/astroplayer/presets]
D/S4URC   (22751): [SDK] [java.io.File] [isDirectory] [FilePath][String] [/mnt/sdcard/astroplayer/presets/Bass.eq]
D/S4URC   (22751): [SDK] [java.io.File] [getName] [FilePath][String] [/mnt/sdcard/astroplayer/presets/Bass.eq]
D/S4URC   (22773): [SDK] [android.os.Environment] [getExternalStorageState] [ExternalStorageState][String] [mounted]
D/S4URC   (22751): [SDK] [java.io.File] [isDirectory] [FilePath][String] [/mnt/sdcard/astroplayer/presets/Rock.eq]
D/S4URC   (22751): [SDK] [java.io.File] [getName] [FilePath][String] [/mnt/sdcard/astroplayer/presets/Rock.eq]
D/S4URC   (22751): [SDK] [java.io.File] [isDirectory] [FilePath][String] [/mnt/sdcard/astroplayer/presets/Pop.eq]
D/S4URC   (22751): [SDK] [java.io.File] [getName] [FilePath][String] [/mnt/sdcard/astroplayer/presets/Pop.eq]
D/S4URC   (22751): [SDK] [java.io.File] [isDirectory] [FilePath][String] [/mnt/sdcard/astroplayer/presets/WolfHD.eq]
D/S4URC   (22751): [SDK] [java.io.File] [getName] [FilePath][String] [/mnt/sdcard/astroplayer/presets/WolfHD.eq]
D/S4URC   (22751): [SDK] [java.io.File] [listFiles] [FilePath][String] [/mnt/sdcard/net.ib.android.smcard/.intro]
D/S4URC   (22751): [SDK] [java.io.File] [list] [FilePath][String] [/mnt/sdcard/net.ib.android.smcard/.intro]
D/S4URC   (22773): [SDK] [android.content.Intent] [Constructor] [IntentInfo][String] [com.skylocker.AP_ON]
D/S4URC   (22751): [SDK] [java.io.File] [getPath] [FilePath][String] [/mnt/sdcard/net.ib.android.smcard/.intro]
D/S4URC   (22751): [SDK] [java.io.File] [isDirectory] [FilePath][String] [/mnt/sdcard/net.ib.android.smcard/.intro/image]
D/S4URC   (22751): [SDK] [java.io.File] [isDirectory] [FilePath][String] [/mnt/sdcard/net.ib.android.smcard/.intro/zip]
D/S4URC   (22751): [SDK] [java.io.File] [listFiles] [FilePath][String] [/mnt/sdcard/KakaoTalk/Backup]
D/S4URC   (22751): [SDK] [java.io.File] [list] [FilePath][String] [/mnt/sdcard/KakaoTalk/Backup]
D/S4URC   (22751): [SDK] [java.io.File] [listFiles] [FilePath][String] [/mnt/sdcard/KakaoTalk/cookie]
D/S4URC   (22751): [SDK] [java.io.File] [list] [FilePath][String] [/mnt/sdcard/KakaoTalk/cookie]
D/S4URC   (22751): [SDK] [java.io.File] [getPath] [FilePath][String] [/mnt/sdcard/KakaoTalk/cookie]
D/S4URC   (22751): [SDK] [java.io.File] [isDirectory] [FilePath][String] [/mnt/sdcard/KakaoTalk/cookie/.57f323da7592b0b5de1360de3da701b0d1aa6627]
D/S4URC   (22751): [SDK] [java.io.File] [getName] [FilePath][String] [/mnt/sdcard/KakaoTalk/cookie/.57f323da7592b0b5de1360de3da701b0d1aa6627]
D/S4URC   (22751): [SDK] [java.io.File] [listFiles] [FilePath][String] [/mnt/sdcard/KakaoTalk/store_cache]
D/S4URC   (22751): [SDK] [java.io.File] [list] [FilePath][String] [/mnt/sdcard/KakaoTalk/store_cache]
D/S4URC   (22751): [SDK] [java.io.File] [getPath] [FilePath][String] [/mnt/sdcard/KakaoTalk/store_cache]
D/S4URC   (22751): [SDK] [java.io.File] [isDirectory] [FilePath][String] [/mnt/sdcard/KakaoTalk/store_cache/299a7c5e7f7074e17209c631ed757a0]
D/S4URC   (22751): [SDK] [java.io.File] [getName] [FilePath][String] [/mnt/sdcard/KakaoTalk/store_cache/299a7c5e7f7074e17209c631ed757a0]
D/S4URC   (22751): [SDK] [java.io.File] [listFiles] [FilePath][String] [/mnt/sdcard/roms/sfc]
D/S4URC   (22751): [SDK] [java.io.File] [list] [FilePath][String] [/mnt/sdcard/roms/sfc]
D/S4URC   (22751): [SDK] [java.io.File] [getPath] [FilePath][String] [/mnt/sdcard/roms/sfc]
D/S4URC   (22751): [SDK] [java.io.File] [isDirectory] [FilePath][String] [/mnt/sdcard/roms/sfc/glgs2.sfc]
D/S4URC   (22751): [SDK] [java.io.File] [getName] [FilePath][String] [/mnt/sdcard/roms/sfc/glgs2.sfc]
D/S4URC   (22751): [SDK] [java.io.File] [isDirectory] [FilePath][String] [/mnt/sdcard/roms/sfc/sgz3.sfc]
D/S4URC   (22751): [SDK] [java.io.File] [getName] [FilePath][String] [/mnt/sdcard/roms/sfc/sgz3.sfc]
D/S4URC   (22751): [SDK] [java.io.File] [isDirectory] [FilePath][String] [/mnt/sdcard/roms/sfc/aagt.sfc]
D/S4URC   (22751): [SDK] [java.io.File] [getName] [FilePath][String] [/mnt/sdcard/roms/sfc/aagt.sfc]
D/S4URC   (22751): [SDK] [java.io.File] [listFiles] [FilePath][String] [/mnt/sdcard/Android/data/com.cyanogenmod.eleven]
D/S4URC   (22751): [SDK] [java.io.File] [list] [FilePath][String] [/mnt/sdcard/Android/data/com.cyanogenmod.eleven]
D/S4URC   (22751): [SDK] [java.io.File] [getPath] [FilePath][String] [/mnt/sdcard/Android/data/com.cyanogenmod.eleven]
D/S4URC   (22751): [SDK] [java.io.File] [isDirectory] [FilePath][String] [/mnt/sdcard/Android/data/com.cyanogenmod.eleven/cache]
D/S4URC   (22751): [SDK] [java.io.File] [listFiles] [FilePath][String] [/mnt/sdcard/Android/data/com.android.camera2]
D/S4URC   (22751): [SDK] [java.io.File] [list] [FilePath][String] [/mnt/sdcard/Android/data/com.android.camera2]
D/S4URC   (22708): [SDK] [android.content.ContentResolver] [registerContentObserver] [URL][String] [content://settings/system/enable_stylus_gestures]
D/S4URC   (22751): [SDK] [java.io.File] [getPath] [FilePath][String] [/mnt/sdcard/Android/data/com.android.camera2]
D/S4URC   (22751): [SDK] [java.io.File] [isDirectory] [FilePath][String] [/mnt/sdcard/Android/data/com.android.camera2/cache]
D/S4URC   (22751): [SDK] [java.io.File] [isDirectory] [FilePath][String] [/mnt/sdcard/Android/data/com.android.camera2/files]
D/S4URC   (22751): [SDK] [java.io.File] [listFiles] [FilePath][String] [/mnt/sdcard/Android/data/com.cyanogenmod.filemanager]
D/S4URC   (22751): [SDK] [java.io.File] [list] [FilePath][String] [/mnt/sdcard/Android/data/com.cyanogenmod.filemanager]
D/S4URC   (22751): [SDK] [java.io.File] [getPath] [FilePath][String] [/mnt/sdcard/Android/data/com.cyanogenmod.filemanager]
D/S4URC   (22751): [SDK] [java.io.File] [isDirectory] [FilePath][String] [/mnt/sdcard/Android/data/com.cyanogenmod.filemanager/files]
D/S4URC   (22751): [SDK] [java.io.File] [isDirectory] [FilePath][String] [/mnt/sdcard/Android/data/com.cyanogenmod.filemanager/cache]
D/S4URC   (22751): [SDK] [java.io.File] [listFiles] [FilePath][String] [/mnt/sdcard/Android/data/de.robv.android.xposed.installer]
D/S4URC   (22751): [SDK] [java.io.File] [list] [FilePath][String] [/mnt/sdcard/Android/data/de.robv.android.xposed.installer]
D/S4URC   (22751): [SDK] [java.io.File] [getPath] [FilePath][String] [/mnt/sdcard/Android/data/de.robv.android.xposed.installer]
D/S4URC   (22751): [SDK] [java.io.File] [isDirectory] [FilePath][String] [/mnt/sdcard/Android/data/de.robv.android.xposed.installer/cache]
D/S4URC   (22751): [SDK] [java.io.File] [listFiles] [FilePath][String] [/mnt/sdcard/Android/data/com.android.gallery3d]
D/S4URC   (22751): [SDK] [java.io.File] [list] [FilePath][String] [/mnt/sdcard/Android/data/com.android.gallery3d]
D/S4URC   (22751): [SDK] [java.io.File] [getPath] [FilePath][String] [/mnt/sdcard/Android/data/com.android.gallery3d]
D/S4URC   (22751): [SDK] [java.io.File] [isDirectory] [FilePath][String] [/mnt/sdcard/Android/data/com.android.gallery3d/cache]
D/S4URC   (22751): [SDK] [java.io.File] [listFiles] [FilePath][String] [/mnt/sdcard/Android/data/com.android.browser]
D/S4URC   (22751): [SDK] [java.io.File] [list] [FilePath][String] [/mnt/sdcard/Android/data/com.android.browser]
D/S4URC   (22751): [SDK] [java.io.File] [getPath] [FilePath][String] [/mnt/sdcard/Android/data/com.android.browser]
D/S4URC   (22751): [SDK] [java.io.File] [isDirectory] [FilePath][String] [/mnt/sdcard/Android/data/com.android.browser/files]
D/S4URC   (22751): [SDK] [java.io.File] [listFiles] [FilePath][String] [/mnt/sdcard/Android/data/com.google.android.gms]
D/S4URC   (22751): [SDK] [java.io.File] [list] [FilePath][String] [/mnt/sdcard/Android/data/com.google.android.gms]
D/S4URC   (22751): [SDK] [java.io.File] [getPath] [FilePath][String] [/mnt/sdcard/Android/data/com.google.android.gms]
D/S4URC   (22751): [SDK] [java.io.File] [isDirectory] [FilePath][String] [/mnt/sdcard/Android/data/com.google.android.gms/files]
D/S4URC   (22751): [SDK] [java.io.File] [listFiles] [FilePath][String] [/mnt/sdcard/Android/data/com.android.vending]
D/S4URC   (22751): [SDK] [java.io.File] [list] [FilePath][String] [/mnt/sdcard/Android/data/com.android.vending]
D/S4URC   (22751): [SDK] [java.io.File] [getPath] [FilePath][String] [/mnt/sdcard/Android/data/com.android.vending]
D/S4URC   (22751): [SDK] [java.io.File] [isDirectory] [FilePath][String] [/mnt/sdcard/Android/data/com.android.vending/files]
D/S4URC   (22751): [SDK] [java.io.File] [listFiles] [FilePath][String] [/mnt/sdcard/Android/data/com.touchtype.swiftkey]
D/S4URC   (22751): [SDK] [java.io.File] [list] [FilePath][String] [/mnt/sdcard/Android/data/com.touchtype.swiftkey]
D/S4URC   (22751): [SDK] [java.io.File] [getPath] [FilePath][String] [/mnt/sdcard/Android/data/com.touchtype.swiftkey]
D/S4URC   (22751): [SDK] [java.io.File] [isDirectory] [FilePath][String] [/mnt/sdcard/Android/data/com.touchtype.swiftkey/files]
D/S4URC   (22751): [SDK] [java.io.File] [listFiles] [FilePath][String] [/mnt/sdcard/Android/data/com.google.android.youtube]
D/S4URC   (22751): [SDK] [java.io.File] [list] [FilePath][String] [/mnt/sdcard/Android/data/com.google.android.youtube]
D/S4URC   (22751): [SDK] [java.io.File] [getPath] [FilePath][String] [/mnt/sdcard/Android/data/com.google.android.youtube]
D/S4URC   (22751): [SDK] [java.io.File] [isDirectory] [FilePath][String] [/mnt/sdcard/Android/data/com.google.android.youtube/files]
D/S4URC   (22751): [SDK] [java.io.File] [isDirectory] [FilePath][String] [/mnt/sdcard/Android/data/com.google.android.youtube/cache]
D/S4URC   (22751): [SDK] [java.io.File] [listFiles] [FilePath][String] [/mnt/sdcard/Android/data/com.google.android.googlequicksearchbox]
D/S4URC   (22751): [SDK] [java.io.File] [list] [FilePath][String] [/mnt/sdcard/Android/data/com.google.android.googlequicksearchbox]
D/S4URC   (22751): [SDK] [java.io.File] [getPath] [FilePath][String] [/mnt/sdcard/Android/data/com.google.android.googlequicksearchbox]
D/S4URC   (22751): [SDK] [java.io.File] [isDirectory] [FilePath][String] [/mnt/sdcard/Android/data/com.google.android.googlequicksearchbox/files]
D/S4URC   (22751): [SDK] [java.io.File] [listFiles] [FilePath][String] [/mnt/sdcard/Android/data/com.android.samsung.installer]
D/S4URC   (22751): [SDK] [java.io.File] [list] [FilePath][String] [/mnt/sdcard/Android/data/com.android.samsung.installer]
D/S4URC   (22751): [SDK] [java.io.File] [getPath] [FilePath][String] [/mnt/sdcard/Android/data/com.android.samsung.installer]
D/S4URC   (22751): [SDK] [java.io.File] [isDirectory] [FilePath][String] [/mnt/sdcard/Android/data/com.android.samsung.installer/cache]
D/S4URC   (22751): [SDK] [java.io.File] [listFiles] [FilePath][String] [/mnt/sdcard/astroplayer/skins/Music]
D/S4URC   (22751): [SDK] [java.io.File] [list] [FilePath][String] [/mnt/sdcard/astroplayer/skins/Music]
D/S4URC   (22751): [SDK] [java.io.File] [listFiles] [FilePath][String] [/mnt/sdcard/astroplayer/skins/cold_light]
D/S4URC   (22751): [SDK] [java.io.File] [list] [FilePath][String] [/mnt/sdcard/astroplayer/skins/cold_light]
D/S4URC   (22751): [SDK] [java.io.File] [getPath] [FilePath][String] [/mnt/sdcard/astroplayer/skins/cold_light]
D/S4URC   (22751): [SDK] [java.io.File] [isDirectory] [FilePath][String] [/mnt/sdcard/astroplayer/skins/cold_light/default_preview.png]
D/S4URC   (22751): [SDK] [java.io.File] [getName] [FilePath][String] [/mnt/sdcard/astroplayer/skins/cold_light/default_preview.png]
D/S4URC   (22751): [SDK] [java.io.File] [isDirectory] [FilePath][String] [/mnt/sdcard/astroplayer/skins/cold_light/description.xml]
D/S4URC   (22751): [SDK] [java.io.File] [getName] [FilePath][String] [/mnt/sdcard/astroplayer/skins/cold_light/description.xml]
D/S4URC   (22751): [SDK] [java.io.File] [isDirectory] [FilePath][String] [/mnt/sdcard/astroplayer/skins/cold_light/description.xml~]
D/S4URC   (22751): [SDK] [java.io.File] [getName] [FilePath][String] [/mnt/sdcard/astroplayer/skins/cold_light/description.xml~]
D/S4URC   (22751): [SDK] [java.io.File] [isDirectory] [FilePath][String] [/mnt/sdcard/astroplayer/skins/cold_light/hdpi]
D/S4URC   (22751): [SDK] [java.io.File] [isDirectory] [FilePath][String] [/mnt/sdcard/astroplayer/skins/cold_light/ldpi]
D/S4URC   (22751): [SDK] [java.io.File] [isDirectory] [FilePath][String] [/mnt/sdcard/astroplayer/skins/cold_light/mdpi]
D/S4URC   (22751): [SDK] [java.io.File] [isDirectory] [FilePath][String] [/mnt/sdcard/astroplayer/skins/cold_light/xhdpi]
D/S4URC   (22751): [SDK] [java.io.File] [listFiles] [FilePath][String] [/mnt/sdcard/astroplayer/skins/midori]
D/S4URC   (22751): [SDK] [java.io.File] [list] [FilePath][String] [/mnt/sdcard/astroplayer/skins/midori]
D/S4URC   (22751): [SDK] [java.io.File] [getPath] [FilePath][String] [/mnt/sdcard/astroplayer/skins/midori]
D/S4URC   (22751): [SDK] [java.io.File] [isDirectory] [FilePath][String] [/mnt/sdcard/astroplayer/skins/midori/description.xml]
D/S4URC   (22751): [SDK] [java.io.File] [getName] [FilePath][String] [/mnt/sdcard/astroplayer/skins/midori/description.xml]
D/S4URC   (22751): [SDK] [java.io.File] [isDirectory] [FilePath][String] [/mnt/sdcard/astroplayer/skins/midori/description.xml~]
D/S4URC   (22751): [SDK] [java.io.File] [getName] [FilePath][String] [/mnt/sdcard/astroplayer/skins/midori/description.xml~]
D/S4URC   (22751): [SDK] [java.io.File] [isDirectory] [FilePath][String] [/mnt/sdcard/astroplayer/skins/midori/hdpi]
D/S4URC   (22751): [SDK] [java.io.File] [isDirectory] [FilePath][String] [/mnt/sdcard/astroplayer/skins/midori/ldpi]
D/S4URC   (22751): [SDK] [java.io.File] [isDirectory] [FilePath][String] [/mnt/sdcard/astroplayer/skins/midori/mdpi]
D/S4URC   (22751): [SDK] [java.io.File] [isDirectory] [FilePath][String] [/mnt/sdcard/astroplayer/skins/midori/midori_preview.png]
D/S4URC   (22751): [SDK] [java.io.File] [getName] [FilePath][String] [/mnt/sdcard/astroplayer/skins/midori/midori_preview.png]
D/S4URC   (22751): [SDK] [java.io.File] [isDirectory] [FilePath][String] [/mnt/sdcard/astroplayer/skins/midori/xhdpi]
D/S4URC   (22751): [SDK] [java.io.File] [listFiles] [FilePath][String] [/mnt/sdcard/astroplayer/skins/plain]
D/S4URC   (22751): [SDK] [java.io.File] [list] [FilePath][String] [/mnt/sdcard/astroplayer/skins/plain]
D/S4URC   (22751): [SDK] [java.io.File] [getPath] [FilePath][String] [/mnt/sdcard/astroplayer/skins/plain]
D/S4URC   (22751): [SDK] [java.io.File] [isDirectory] [FilePath][String] [/mnt/sdcard/astroplayer/skins/plain/plain_preview.png]
D/S4URC   (22751): [SDK] [java.io.File] [getName] [FilePath][String] [/mnt/sdcard/astroplayer/skins/plain/plain_preview.png]
D/S4URC   (22751): [SDK] [java.io.File] [isDirectory] [FilePath][String] [/mnt/sdcard/astroplayer/skins/plain/standard.xml]
D/S4URC   (22751): [SDK] [java.io.File] [getName] [FilePath][String] [/mnt/sdcard/astroplayer/skins/plain/standard.xml]
D/S4URC   (22751): [SDK] [java.io.File] [isDirectory] [FilePath][String] [/mnt/sdcard/astroplayer/skins/plain/standard.xml~]
D/S4URC   (22751): [SDK] [java.io.File] [getName] [FilePath][String] [/mnt/sdcard/astroplayer/skins/plain/standard.xml~]
D/S4URC   (22751): [SDK] [java.io.File] [isDirectory] [FilePath][String] [/mnt/sdcard/astroplayer/skins/plain/standard_landscape.xml]
D/S4URC   (22751): [SDK] [java.io.File] [getName] [FilePath][String] [/mnt/sdcard/astroplayer/skins/plain/standard_landscape.xml]
D/S4URC   (22751): [SDK] [java.io.File] [isDirectory] [FilePath][String] [/mnt/sdcard/astroplayer/skins/plain/standard_landscape.xml~]
D/S4URC   (22751): [SDK] [java.io.File] [getName] [FilePath][String] [/mnt/sdcard/astroplayer/skins/plain/standard_landscape.xml~]
D/S4URC   (22751): [SDK] [java.io.File] [listFiles] [FilePath][String] [/mnt/sdcard/astroplayer/skins/dar_fm]
D/S4URC   (22751): [SDK] [java.io.File] [list] [FilePath][String] [/mnt/sdcard/astroplayer/skins/dar_fm]
D/S4URC   (22751): [SDK] [java.io.File] [getPath] [FilePath][String] [/mnt/sdcard/astroplayer/skins/dar_fm]
D/S4URC   (22751): [SDK] [java.io.File] [isDirectory] [FilePath][String] [/mnt/sdcard/astroplayer/skins/dar_fm/dar_fm.xml]
D/S4URC   (22751): [SDK] [java.io.File] [getName] [FilePath][String] [/mnt/sdcard/astroplayer/skins/dar_fm/dar_fm.xml]
D/S4URC   (22751): [SDK] [java.io.File] [isDirectory] [FilePath][String] [/mnt/sdcard/astroplayer/skins/dar_fm/dar_fm.xml~]
D/S4URC   (22751): [SDK] [java.io.File] [getName] [FilePath][String] [/mnt/sdcard/astroplayer/skins/dar_fm/dar_fm.xml~]
D/S4URC   (22751): [SDK] [java.io.File] [isDirectory] [FilePath][String] [/mnt/sdcard/astroplayer/skins/dar_fm/dar_fm_preview.png]
D/S4URC   (22751): [SDK] [java.io.File] [getName] [FilePath][String] [/mnt/sdcard/astroplayer/skins/dar_fm/dar_fm_preview.png]
D/S4URC   (22751): [SDK] [java.io.File] [listFiles] [FilePath][String] [/mnt/sdcard/astroplayer/skins/car_skin]
D/S4URC   (22751): [SDK] [java.io.File] [list] [FilePath][String] [/mnt/sdcard/astroplayer/skins/car_skin]
D/S4URC   (22751): [SDK] [java.io.File] [getPath] [FilePath][String] [/mnt/sdcard/astroplayer/skins/car_skin]
D/S4URC   (22751): [SDK] [java.io.File] [isDirectory] [FilePath][String] [/mnt/sdcard/astroplayer/skins/car_skin/car_skin.xml]
D/S4URC   (22751): [SDK] [java.io.File] [getName] [FilePath][String] [/mnt/sdcard/astroplayer/skins/car_skin/car_skin.xml]
D/S4URC   (22751): [SDK] [java.io.File] [isDirectory] [FilePath][String] [/mnt/sdcard/astroplayer/skins/car_skin/car_skin.xml~]
D/S4URC   (22751): [SDK] [java.io.File] [getName] [FilePath][String] [/mnt/sdcard/astroplayer/skins/car_skin/car_skin.xml~]
D/S4URC   (22751): [SDK] [java.io.File] [isDirectory] [FilePath][String] [/mnt/sdcard/astroplayer/skins/car_skin/car_skin_landscape.xml]
D/S4URC   (22751): [SDK] [java.io.File] [getName] [FilePath][String] [/mnt/sdcard/astroplayer/skins/car_skin/car_skin_landscape.xml]
D/S4URC   (22751): [SDK] [java.io.File] [isDirectory] [FilePath][String] [/mnt/sdcard/astroplayer/skins/car_skin/car_skin_landscape.xml~]
D/S4URC   (22751): [SDK] [java.io.File] [getName] [FilePath][String] [/mnt/sdcard/astroplayer/skins/car_skin/car_skin_landscape.xml~]
D/S4URC   (22751): [SDK] [java.io.File] [isDirectory] [FilePath][String] [/mnt/sdcard/astroplayer/skins/car_skin/car_skin_preview.png]
D/S4URC   (22751): [SDK] [java.io.File] [getName] [FilePath][String] [/mnt/sdcard/astroplayer/skins/car_skin/car_skin_preview.png]
D/S4URC   (22751): [SDK] [java.io.File] [listFiles] [FilePath][String] [/mnt/sdcard/astroplayer/skins/huge_play_button]
D/S4URC   (22751): [SDK] [java.io.File] [list] [FilePath][String] [/mnt/sdcard/astroplayer/skins/huge_play_button]
D/S4URC   (22751): [SDK] [java.io.File] [getPath] [FilePath][String] [/mnt/sdcard/astroplayer/skins/huge_play_button]
D/S4URC   (22751): [SDK] [java.io.File] [isDirectory] [FilePath][String] [/mnt/sdcard/astroplayer/skins/huge_play_button/huge_play_button.xml]
D/S4URC   (22751): [SDK] [java.io.File] [getName] [FilePath][String] [/mnt/sdcard/astroplayer/skins/huge_play_button/huge_play_button.xml]
D/S4URC   (22751): [SDK] [java.io.File] [isDirectory] [FilePath][String] [/mnt/sdcard/astroplayer/skins/huge_play_button/huge_play_button.xml~]
D/S4URC   (22751): [SDK] [java.io.File] [getName] [FilePath][String] [/mnt/sdcard/astroplayer/skins/huge_play_button/huge_play_button.xml~]
D/S4URC   (22751): [SDK] [java.io.File] [isDirectory] [FilePath][String] [/mnt/sdcard/astroplayer/skins/huge_play_button/huge_play_button_preview.png]
D/S4URC   (22751): [SDK] [java.io.File] [getName] [FilePath][String] [/mnt/sdcard/astroplayer/skins/huge_play_button/huge_play_button_preview.png]
D/S4URC   (22751): [SDK] [java.io.File] [listFiles] [FilePath][String] [/mnt/sdcard/astroplayer/skins/gkatsev]
D/S4URC   (22751): [SDK] [java.io.File] [list] [FilePath][String] [/mnt/sdcard/astroplayer/skins/gkatsev]
D/S4URC   (22751): [SDK] [java.io.File] [getPath] [FilePath][String] [/mnt/sdcard/astroplayer/skins/gkatsev]
D/S4URC   (22751): [SDK] [java.io.File] [isDirectory] [FilePath][String] [/mnt/sdcard/astroplayer/skins/gkatsev/gkatsev.png]
D/S4URC   (22751): [SDK] [java.io.File] [getName] [FilePath][String] [/mnt/sdcard/astroplayer/skins/gkatsev/gkatsev.png]
D/S4URC   (22751): [SDK] [java.io.File] [isDirectory] [FilePath][String] [/mnt/sdcard/astroplayer/skins/gkatsev/gkatsev.xml]
D/S4URC   (22751): [SDK] [java.io.File] [getName] [FilePath][String] [/mnt/sdcard/astroplayer/skins/gkatsev/gkatsev.xml]
D/S4URC   (22751): [SDK] [java.io.File] [isDirectory] [FilePath][String] [/mnt/sdcard/astroplayer/skins/gkatsev/gkatsev.xml~]
D/S4URC   (22751): [SDK] [java.io.File] [getName] [FilePath][String] [/mnt/sdcard/astroplayer/skins/gkatsev/gkatsev.xml~]
D/S4URC   (22751): [SDK] [java.io.File] [isDirectory] [FilePath][String] [/mnt/sdcard/astroplayer/skins/gkatsev/test.xml~]
D/S4URC   (22751): [SDK] [java.io.File] [getName] [FilePath][String] [/mnt/sdcard/astroplayer/skins/gkatsev/test.xml~]
D/S4URC   (22751): [SDK] [java.io.File] [listFiles] [FilePath][String] [/mnt/sdcard/net.ib.android.smcard/.intro/image]
D/S4URC   (22751): [SDK] [java.io.File] [list] [FilePath][String] [/mnt/sdcard/net.ib.android.smcard/.intro/image]
D/S4URC   (22751): [SDK] [java.io.File] [getPath] [FilePath][String] [/mnt/sdcard/net.ib.android.smcard/.intro/image]
D/S4URC   (22751): [SDK] [java.io.File] [isDirectory] [FilePath][String] [/mnt/sdcard/net.ib.android.smcard/.intro/image/1.png]
D/S4URC   (22751): [SDK] [java.io.File] [getName] [FilePath][String] [/mnt/sdcard/net.ib.android.smcard/.intro/image/1.png]
D/S4URC   (22751): [SDK] [java.io.File] [isDirectory] [FilePath][String] [/mnt/sdcard/net.ib.android.smcard/.intro/image/2.png]
D/S4URC   (22751): [SDK] [java.io.File] [getName] [FilePath][String] [/mnt/sdcard/net.ib.android.smcard/.intro/image/2.png]
D/S4URC   (22751): [SDK] [java.io.File] [listFiles] [FilePath][String] [/mnt/sdcard/net.ib.android.smcard/.intro/zip]
D/S4URC   (22751): [SDK] [java.io.File] [list] [FilePath][String] [/mnt/sdcard/net.ib.android.smcard/.intro/zip]
D/S4URC   (22751): [SDK] [java.io.File] [listFiles] [FilePath][String] [/mnt/sdcard/Android/data/com.cyanogenmod.eleven/cache]
D/S4URC   (22751): [SDK] [java.io.File] [list] [FilePath][String] [/mnt/sdcard/Android/data/com.cyanogenmod.eleven/cache]
D/S4URC   (22751): [SDK] [java.io.File] [getPath] [FilePath][String] [/mnt/sdcard/Android/data/com.cyanogenmod.eleven/cache]
D/S4URC   (22751): [SDK] [java.io.File] [isDirectory] [FilePath][String] [/mnt/sdcard/Android/data/com.cyanogenmod.eleven/cache/ImageCache]
D/S4URC   (22751): [SDK] [java.io.File] [listFiles] [FilePath][String] [/mnt/sdcard/Android/data/com.android.camera2/cache]
D/S4URC   (22751): [SDK] [java.io.File] [list] [FilePath][String] [/mnt/sdcard/Android/data/com.android.camera2/cache]
D/S4URC   (22751): [SDK] [java.io.File] [listFiles] [FilePath][String] [/mnt/sdcard/Android/data/com.android.camera2/files]
D/S4URC   (22751): [SDK] [java.io.File] [list] [FilePath][String] [/mnt/sdcard/Android/data/com.android.camera2/files]
D/S4URC   (22751): [SDK] [java.io.File] [listFiles] [FilePath][String] [/mnt/sdcard/Android/data/com.cyanogenmod.filemanager/files]
D/S4URC   (22751): [SDK] [java.io.File] [list] [FilePath][String] [/mnt/sdcard/Android/data/com.cyanogenmod.filemanager/files]
D/S4URC   (22751): [SDK] [java.io.File] [listFiles] [FilePath][String] [/mnt/sdcard/Android/data/com.cyanogenmod.filemanager/cache]
D/S4URC   (22751): [SDK] [java.io.File] [list] [FilePath][String] [/mnt/sdcard/Android/data/com.cyanogenmod.filemanager/cache]
D/S4URC   (22751): [SDK] [java.io.File] [listFiles] [FilePath][String] [/mnt/sdcard/Android/data/de.robv.android.xposed.installer/cache]
D/S4URC   (22751): [SDK] [java.io.File] [list] [FilePath][String] [/mnt/sdcard/Android/data/de.robv.android.xposed.installer/cache]
D/S4URC   (22751): [SDK] [java.io.File] [listFiles] [FilePath][String] [/mnt/sdcard/Android/data/com.android.gallery3d/cache]
D/S4URC   (22751): [SDK] [java.io.File] [list] [FilePath][String] [/mnt/sdcard/Android/data/com.android.gallery3d/cache]
D/S4URC   (22751): [SDK] [java.io.File] [getPath] [FilePath][String] [/mnt/sdcard/Android/data/com.android.gallery3d/cache]
D/S4URC   (22751): [SDK] [java.io.File] [getName] [FilePath][String] [/mnt/sdcard/Android/data/com.android.gallery3d/cache/imgcache.idx]
D/S4URC   (22751): [SDK] [java.io.File] [getName] [FilePath][String] [/mnt/sdcard/Android/data/com.android.gallery3d/cache/imgcache.0]
D/S4URC   (22751): [SDK] [java.io.File] [listFiles] [FilePath][String] [/mnt/sdcard/Android/data/com.google.android.gms/files]
D/S4URC   (22751): [SDK] [java.io.File] [listFiles] [FilePath][String] [/mnt/sdcard/Android/data/com.touchtype.swiftkey/files]
D/S4URC   (22751): [SDK] [java.io.File] [listFiles] [FilePath][String] [/mnt/sdcard/Android/data/com.google.android.youtube/files]
D/S4URC   (22751): [SDK] [java.io.File] [list] [FilePath][String] [/mnt/sdcard/Android/data/com.google.android.youtube/files]
D/S4URC   (22751): [SDK] [java.io.File] [listFiles] [FilePath][String] [/mnt/sdcard/Android/data/com.google.android.youtube/cache]
D/S4URC   (22751): [SDK] [java.io.File] [list] [FilePath][String] [/mnt/sdcard/Android/data/com.google.android.youtube/cache]
D/S4URC   (22751): [SDK] [java.io.File] [getPath] [FilePath][String] [/mnt/sdcard/Android/data/com.google.android.youtube/cache]
D/S4URC   (22751): [SDK] [java.io.File] [isDirectory] [FilePath][String] [/mnt/sdcard/Android/data/com.google.android.youtube/cache/exo]
D/S4URC   (22751): [SDK] [java.io.File] [isDirectory] [FilePath][String] [/mnt/sdcard/Android/data/com.google.android.youtube/cache/cronet_media_cache]
D/S4URC   (22751): [SDK] [java.io.File] [listFiles] [FilePath][String] [/mnt/sdcard/Android/data/com.google.android.googlequicksearchbox/files]
D/S4URC   (22751): [SDK] [java.io.File] [list] [FilePath][String] [/mnt/sdcard/Android/data/com.google.android.googlequicksearchbox/files]
D/S4URC   (22773): [SDK] [android.app.ApplicationPackageManager] [getPackageInfo] [FindPackageName][String] [com.astroplayer]
D/S4URC   (22751): [SDK] [java.io.File] [getPath] [FilePath][String] [/mnt/sdcard/Android/data/com.google.android.googlequicksearchbox/files]
D/S4URC   (22773): [SDK] [java.io.File] [getPath] [FilePath][String] [/data/data/com.astroplayer]
D/S4URC   (22751): [SDK] [java.io.File] [getPath] [FilePath][String] [/mnt/sdcard/Android/data/com.google.android.googlequicksearchbox/files]
D/S4URC   (22751): [SDK] [java.io.File] [isDirectory] [FilePath][String] [/mnt/sdcard/Android/data/com.google.android.googlequicksearchbox/files/pending_blobs]
D/S4URC   (22773): [SDK] [java.io.File] [exists] [FilePath][String] [/data/data/com.astroplayer/files]
D/S4URC   (22773): [SDK] [java.io.File] [Constructor] [FilePath][String] [/data/data/com.astroplayer/files/]
D/S4URC   (22773): [SDK] [java.io.File] [mkdir] [FilePath][String] [/data/data/com.astroplayer/files]
D/S4URC   (22773): [SDK] [java.io.File] [list] [FilePath][String] [/data/data/com.astroplayer/files]
D/S4URC   (22751): [SDK] [java.io.File] [isDirectory] [FilePath][String] [/mnt/sdcard/Android/data/com.google.android.googlequicksearchbox/files/download_cache]
D/S4URC   (22751): [SDK] [java.io.File] [listFiles] [FilePath][String] [/mnt/sdcard/Android/data/com.android.samsung.installer/cache]
D/S4URC   (22751): [SDK] [java.io.File] [list] [FilePath][String] [/mnt/sdcard/Android/data/com.android.samsung.installer/cache]
D/S4URC   (22751): [SDK] [java.io.File] [listFiles] [FilePath][String] [/mnt/sdcard/astroplayer/skins/cold_light/hdpi]
D/S4URC   (22751): [SDK] [java.io.File] [list] [FilePath][String] [/mnt/sdcard/astroplayer/skins/cold_light/hdpi]
D/S4URC   (22751): [SDK] [java.io.File] [getPath] [FilePath][String] [/mnt/sdcard/astroplayer/skins/cold_light/hdpi]
D/S4URC   (22751): [SDK] [java.io.File] [isDirectory] [FilePath][String] [/mnt/sdcard/astroplayer/skins/cold_light/hdpi/cold_light.xml]
D/S4URC   (22751): [SDK] [java.io.File] [getName] [FilePath][String] [/mnt/sdcard/astroplayer/skins/cold_light/hdpi/cold_light.xml]
D/S4URC   (22751): [SDK] [java.io.File] [isDirectory] [FilePath][String] [/mnt/sdcard/astroplayer/skins/cold_light/hdpi/cold_light.xml~]
D/S4URC   (22751): [SDK] [java.io.File] [getName] [FilePath][String] [/mnt/sdcard/astroplayer/skins/cold_light/hdpi/cold_light.xml~]
D/S4URC   (22751): [SDK] [java.io.File] [isDirectory] [FilePath][String] [/mnt/sdcard/astroplayer/skins/cold_light/hdpi/cold_light_.bak]
D/S4URC   (22751): [SDK] [java.io.File] [getName] [FilePath][String] [/mnt/sdcard/astroplayer/skins/cold_light/hdpi/cold_light_.bak]
D/S4URC   (22751): [SDK] [java.io.File] [isDirectory] [FilePath][String] [/mnt/sdcard/astroplayer/skins/cold_light/hdpi/cold_light_landscape.xml]
D/S4URC   (22751): [SDK] [java.io.File] [getName] [FilePath][String] [/mnt/sdcard/astroplayer/skins/cold_light/hdpi/cold_light_landscape.xml]
D/S4URC   (22751): [SDK] [java.io.File] [listFiles] [FilePath][String] [/mnt/sdcard/astroplayer/skins/cold_light/ldpi]
D/S4URC   (22751): [SDK] [java.io.File] [list] [FilePath][String] [/mnt/sdcard/astroplayer/skins/cold_light/ldpi]
D/S4URC   (22751): [SDK] [java.io.File] [getPath] [FilePath][String] [/mnt/sdcard/astroplayer/skins/cold_light/ldpi]
D/S4URC   (22751): [SDK] [java.io.File] [isDirectory] [FilePath][String] [/mnt/sdcard/astroplayer/skins/cold_light/ldpi/cold_light.xml]
D/S4URC   (22751): [SDK] [java.io.File] [getName] [FilePath][String] [/mnt/sdcard/astroplayer/skins/cold_light/ldpi/cold_light.xml]
D/S4URC   (22751): [SDK] [java.io.File] [isDirectory] [FilePath][String] [/mnt/sdcard/astroplayer/skins/cold_light/ldpi/cold_light.xml~]
D/S4URC   (22773): [SDK] [java.io.File] [Constructor] [FilePath][String] [/storage/sdcard0/astroplayer/astroplayer.properties]
D/S4URC   (22773): [SDK] [java.io.File] [exists] [FilePath][String] [/storage/sdcard0/astroplayer/astroplayer.properties]
D/S4URC   (22751): [SDK] [java.io.File] [getName] [FilePath][String] [/mnt/sdcard/astroplayer/skins/cold_light/ldpi/cold_light.xml~]
D/S4URC   (22751): [SDK] [java.io.File] [isDirectory] [FilePath][String] [/mnt/sdcard/astroplayer/skins/cold_light/ldpi/cold_light_landscape.xml]
D/S4URC   (22751): [SDK] [java.io.File] [getName] [FilePath][String] [/mnt/sdcard/astroplayer/skins/cold_light/ldpi/cold_light_landscape.xml]
D/S4URC   (22751): [SDK] [java.io.File] [isDirectory] [FilePath][String] [/mnt/sdcard/astroplayer/skins/cold_light/ldpi/cold_light_landscape.xml~]
D/S4URC   (22773): [SDK] [java.io.File] [Constructor] [FilePath][String] [/storage/sdcard0/astroplayer/astroplayer.properties]
D/S4URC   (22773): [SDK] [java.io.File] [exists] [FilePath][String] [/storage/sdcard0/astroplayer/astroplayer.properties]
D/S4URC   (22773): [SDK] [java.io.File] [getPath] [FilePath][String] [/storage/sdcard0/astroplayer/astroplayer.properties]
D/S4URC   (22751): [SDK] [java.io.File] [getName] [FilePath][String] [/mnt/sdcard/astroplayer/skins/cold_light/ldpi/cold_light_landscape.xml~]
D/S4URC   (22751): [SDK] [java.io.File] [listFiles] [FilePath][String] [/mnt/sdcard/astroplayer/skins/cold_light/mdpi]
D/S4URC   (22751): [SDK] [java.io.File] [list] [FilePath][String] [/mnt/sdcard/astroplayer/skins/cold_light/mdpi]
D/S4URC   (22751): [SDK] [java.io.File] [getPath] [FilePath][String] [/mnt/sdcard/astroplayer/skins/cold_light/mdpi]
D/S4URC   (22751): [SDK] [java.io.File] [isDirectory] [FilePath][String] [/mnt/sdcard/astroplayer/skins/cold_light/mdpi/cold_light.xml]
D/S4URC   (22751): [SDK] [java.io.File] [getName] [FilePath][String] [/mnt/sdcard/astroplayer/skins/cold_light/mdpi/cold_light.xml]
D/S4URC   (22751): [SDK] [java.io.File] [isDirectory] [FilePath][String] [/mnt/sdcard/astroplayer/skins/cold_light/mdpi/cold_light.xml~]
D/S4URC   (22751): [SDK] [java.io.File] [getName] [FilePath][String] [/mnt/sdcard/astroplayer/skins/cold_light/mdpi/cold_light.xml~]
D/S4URC   (22751): [SDK] [java.io.File] [isDirectory] [FilePath][String] [/mnt/sdcard/astroplayer/skins/cold_light/mdpi/cold_light_landscape.xml]
D/S4URC   (22751): [SDK] [java.io.File] [getName] [FilePath][String] [/mnt/sdcard/astroplayer/skins/cold_light/mdpi/cold_light_landscape.xml]
D/S4URC   (22751): [SDK] [java.io.File] [isDirectory] [FilePath][String] [/mnt/sdcard/astroplayer/skins/cold_light/mdpi/cold_light_landscape.xml~]
D/S4URC   (22751): [SDK] [java.io.File] [getName] [FilePath][String] [/mnt/sdcard/astroplayer/skins/cold_light/mdpi/cold_light_landscape.xml~]
D/S4URC   (22751): [SDK] [java.io.File] [listFiles] [FilePath][String] [/mnt/sdcard/astroplayer/skins/cold_light/xhdpi]
D/S4URC   (22751): [SDK] [java.io.File] [list] [FilePath][String] [/mnt/sdcard/astroplayer/skins/cold_light/xhdpi]
D/S4URC   (22751): [SDK] [java.io.File] [getPath] [FilePath][String] [/mnt/sdcard/astroplayer/skins/cold_light/xhdpi]
D/S4URC   (22751): [SDK] [java.io.File] [isDirectory] [FilePath][String] [/mnt/sdcard/astroplayer/skins/cold_light/xhdpi/cold_light.xml]
D/S4URC   (22751): [SDK] [java.io.File] [getName] [FilePath][String] [/mnt/sdcard/astroplayer/skins/cold_light/xhdpi/cold_light.xml]
D/S4URC   (22751): [SDK] [java.io.File] [isDirectory] [FilePath][String] [/mnt/sdcard/astroplayer/skins/cold_light/xhdpi/cold_light_landscape.xml]
D/S4URC   (22751): [SDK] [java.io.File] [getName] [FilePath][String] [/mnt/sdcard/astroplayer/skins/cold_light/xhdpi/cold_light_landscape.xml]
D/S4URC   (22751): [SDK] [java.io.File] [listFiles] [FilePath][String] [/mnt/sdcard/astroplayer/skins/midori/hdpi]
D/S4URC   (22751): [SDK] [java.io.File] [list] [FilePath][String] [/mnt/sdcard/astroplayer/skins/midori/hdpi]
D/S4URC   (22751): [SDK] [java.io.File] [getPath] [FilePath][String] [/mnt/sdcard/astroplayer/skins/midori/hdpi]
D/S4URC   (22751): [SDK] [java.io.File] [getName] [FilePath][String] [/mnt/sdcard/astroplayer/skins/midori/hdpi/midori_landscape.xml]
D/S4URC   (22751): [SDK] [java.io.File] [getPath] [FilePath][String] [/mnt/sdcard/astroplayer/skins/midori/ldpi]
D/S4URC   (22751): [SDK] [java.io.File] [getName] [FilePath][String] [/mnt/sdcard/astroplayer/skins/midori/ldpi/midori_landscape.xml]
D/S4URC   (22751): [SDK] [java.io.File] [getPath] [FilePath][String] [/mnt/sdcard/astroplayer/skins/midori/mdpi]
D/S4URC   (22751): [SDK] [java.io.File] [getName] [FilePath][String] [/mnt/sdcard/astroplayer/skins/midori/mdpi/midori.xml]
D/S4URC   (22751): [SDK] [java.io.File] [getName] [FilePath][String] [/mnt/sdcard/astroplayer/skins/midori/mdpi/midori_landscape.xml]
D/S4URC   (22773): [SDK] [java.lang.Class] [forName] [FindClass][String] [com.astroplayer.actions.ActionContainer$ActionBeginPlayList]
D/S4URC   (22751): [SDK] [java.io.File] [getPath] [FilePath][String] [/mnt/sdcard/astroplayer/skins/midori/xhdpi]
D/S4URC   (22751): [SDK] [java.io.File] [getName] [FilePath][String] [/mnt/sdcard/astroplayer/skins/midori/xhdpi/midori.xml~]
D/S4URC   (22751): [SDK] [java.io.File] [getPath] [FilePath][String] [/mnt/sdcard/Android/data/com.cyanogenmod.eleven/cache/ImageCache]
D/S4URC   (22773): [SDK] [java.lang.Class] [forName] [FindClass][String] [com.astroplayer.actions.ActionContainer$ActionBookmarkContextMenu]
D/S4URC   (22751): [SDK] [java.io.File] [getName] [FilePath][String] [/mnt/sdcard/Android/data/com.cyanogenmod.eleven/cache/ImageCache/journal]
D/S4URC   (22773): [SDK] [java.lang.Class] [forName] [FindClass][String] [com.astroplayer.actions.ActionContainer$ActionChangeView]
D/S4URC   (22773): [SDK] [java.lang.Class] [forName] [FindClass][String] [com.astroplayer.actions.ActionContainer$ActionCoverNext]
D/S4URC   (22773): [SDK] [java.lang.Class] [forName] [FindClass][String] [com.astroplayer.actions.ActionContainer$ActionCoverPrevious]
D/S4URC   (22773): [SDK] [java.lang.Class] [forName] [FindClass][String] [com.astroplayer.actions.ActionContainer$ActionFastForward]
D/S4URC   (22773): [SDK] [java.lang.Class] [forName] [FindClass][String] [com.astroplayer.actions.ActionContainer$ActionForward15sec]
D/S4URC   (22773): [SDK] [java.lang.Class] [forName] [FindClass][String] [com.astroplayer.actions.ActionContainer$ActionForward1min]
D/S4URC   (22773): [SDK] [java.lang.Class] [forName] [FindClass][String] [com.astroplayer.actions.ActionContainer$ActionForward2min]
D/S4URC   (22773): [SDK] [java.lang.Class] [forName] [FindClass][String] [com.astroplayer.actions.ActionContainer$ActionForward3min]
D/S4URC   (22773): [SDK] [java.lang.Class] [forName] [FindClass][String] [com.astroplayer.actions.ActionContainer$ActionGoTo]
D/S4URC   (22773): [SDK] [java.lang.Class] [forName] [FindClass][String] [com.astroplayer.actions.ActionContainer$ActionGoToTrackStart]
D/S4URC   (22773): [SDK] [java.lang.Class] [forName] [FindClass][String] [com.astroplayer.actions.ActionContainer$ActionMusicBrowser]
D/S4URC   (22773): [SDK] [java.lang.Class] [forName] [FindClass][String] [com.astroplayer.actions.ActionContainer$ActionNextPlayList]
D/S4URC   (22773): [SDK] [java.lang.Class] [forName] [FindClass][String] [com.astroplayer.actions.ActionContainer$ActionNextTrack]
D/S4URC   (22773): [SDK] [java.lang.Class] [forName] [FindClass][String] [com.astroplayer.actions.ActionContainer$ActionOpenEq]
D/S4URC   (22773): [SDK] [java.lang.Class] [forName] [FindClass][String] [com.astroplayer.actions.ActionContainer$ActionOpenFiles]
D/S4URC   (22773): [SDK] [java.lang.Class] [forName] [FindClass][String] [com.astroplayer.actions.ActionContainer$ActionOpenFullScreenCoverArt]
D/S4URC   (22773): [SDK] [java.lang.Class] [forName] [FindClass][String] [com.astroplayer.actions.ActionContainer$ActionOpenFullScreenLyrics]
D/S4URC   (22773): [SDK] [java.lang.Class] [forName] [FindClass][String] [com.astroplayer.actions.ActionContainer$ActionOpenPlaylists]
D/S4URC   (22773): [SDK] [java.lang.Class] [forName] [FindClass][String] [com.astroplayer.actions.ActionContainer$ActionOptions]
D/S4URC   (22773): [SDK] [java.lang.Class] [forName] [FindClass][String] [com.astroplayer.actions.ActionContainer$ActionPlayPause]
D/S4URC   (22773): [SDK] [java.lang.Class] [forName] [FindClass][String] [com.astroplayer.actions.ActionContainer$ActionPrevPlayList]
D/S4URC   (22773): [SDK] [java.lang.Class] [forName] [FindClass][String] [com.astroplayer.actions.ActionContainer$ActionPreviousTrack]
D/S4URC   (22773): [SDK] [java.lang.Class] [forName] [FindClass][String] [com.astroplayer.actions.ActionContainer$ActionQuickHelp]
D/S4URC   (22773): [SDK] [java.lang.Class] [forName] [FindClass][String] [com.astroplayer.actions.ActionContainer$ActionQuit]
D/S4URC   (22773): [SDK] [java.lang.Class] [forName] [FindClass][String] [com.astroplayer.actions.ActionContainer$ActionRedo]
D/S4URC   (22773): [SDK] [java.lang.Class] [forName] [FindClass][String] [com.astroplayer.actions.ActionContainer$ActionRenewSleepTimer]
D/S4URC   (22773): [SDK] [java.lang.Class] [forName] [FindClass][String] [com.astroplayer.actions.ActionContainer$ActionRewind]
D/S4URC   (22773): [SDK] [java.lang.Class] [forName] [FindClass][String] [com.astroplayer.actions.ActionContainer$ActionRewind15sec]
D/S4URC   (22773): [SDK] [java.lang.Class] [forName] [FindClass][String] [com.astroplayer.actions.ActionContainer$ActionRewind1min]
D/S4URC   (22773): [SDK] [java.lang.Class] [forName] [FindClass][String] [com.astroplayer.actions.ActionContainer$ActionRewind2min]
D/S4URC   (22773): [SDK] [java.lang.Class] [forName] [FindClass][String] [com.astroplayer.actions.ActionContainer$ActionRewind3min]
D/S4URC   (22773): [SDK] [java.lang.Class] [forName] [FindClass][String] [com.astroplayer.actions.ActionContainer$ActionSaveBookmark]
D/S4URC   (22773): [SDK] [java.lang.Class] [forName] [FindClass][String] [com.astroplayer.actions.ActionContainer$ActionSearchSong]
D/S4URC   (22773): [SDK] [java.lang.Class] [forName] [FindClass][String] [com.astroplayer.actions.ActionContainer$ActionSelectSkin]
D/S4URC   (22773): [SDK] [java.lang.Class] [forName] [FindClass][String] [com.astroplayer.actions.ActionContainer$ActionSelectSkinFromCode]
D/S4URC   (22773): [SDK] [java.lang.Class] [forName] [FindClass][String] [com.astroplayer.actions.ActionContainer$ActionSetLike]
D/S4URC   (22773): [SDK] [java.lang.Class] [forName] [FindClass][String] [com.astroplayer.actions.ActionContainer$ActionSetRating]
D/S4URC   (22773): [SDK] [java.lang.Class] [forName] [FindClass][String] [com.astroplayer.actions.ActionContainer$ActionShowBookmarks]
D/S4URC   (22773): [SDK] [java.lang.Class] [forName] [FindClass][String] [com.astroplayer.actions.ActionContainer$ActionShowHistory]
D/S4URC   (22773): [SDK] [java.lang.Class] [forName] [FindClass][String] [com.astroplayer.actions.ActionContainer$ActionShowHistoryActionsDialog]
D/S4URC   (22773): [SDK] [java.lang.Class] [forName] [FindClass][String] [com.astroplayer.actions.ActionContainer$ActionShowPlaybackSpeedScreen]
D/S4URC   (22773): [SDK] [java.lang.Class] [forName] [FindClass][String] [com.astroplayer.actions.ActionContainer$ActionShowPodcasts]
D/S4URC   (22773): [SDK] [java.lang.Class] [forName] [FindClass][String] [com.astroplayer.actions.ActionContainer$ActionSleepTimer]
D/S4URC   (22773): [SDK] [java.lang.Class] [forName] [FindClass][String] [com.astroplayer.actions.ActionContainer$ActionSoundControl]
D/S4URC   (22773): [SDK] [java.lang.Class] [forName] [FindClass][String] [com.astroplayer.actions.ActionContainer$ActionStartVoiceRecognition]
D/S4URC   (22773): [SDK] [java.lang.Class] [forName] [FindClass][String] [com.astroplayer.actions.ActionContainer$ActionStop]
D/S4URC   (22773): [SDK] [java.lang.Class] [forName] [FindClass][String] [com.astroplayer.actions.ActionContainer$ActionToggleRepeat]
D/S4URC   (22773): [SDK] [java.lang.Class] [forName] [FindClass][String] [com.astroplayer.actions.ActionContainer$ActionToggleScreenLyrics]
D/S4URC   (22773): [SDK] [java.lang.Class] [forName] [FindClass][String] [com.astroplayer.actions.ActionContainer$ActionUndo]
D/S4URC   (22773): [SDK] [java.lang.Class] [forName] [FindClass][String] [com.astroplayer.actions.ActionContainer$ActionViewCoverArtGallery]
D/S4URC   (22751): [SDK] [java.io.File] [listFiles] [FilePath][String] [/mnt/sdcard/Android/data/com.google.android.youtube/cache/exo]
D/S4URC   (22751): [SDK] [java.io.File] [listFiles] [FilePath][String] [/mnt/sdcard/Android/data/com.google.android.youtube/cache/cronet_media_cache]
D/S4URC   (22751): [SDK] [java.io.File] [listFiles] [FilePath][String] [/mnt/sdcard/Android/data/com.google.android.googlequicksearchbox/files/pending_blobs]
D/S4URC   (22751): [SDK] [java.io.File] [listFiles] [FilePath][String] [/mnt/sdcard/Android/data/com.google.android.googlequicksearchbox/files/download_cache]
D/S4URC   (22751): [SDK] [java.io.File] [Constructor] [FilePath][String] [/storage]
D/S4URC   (22751): [SDK] [java.io.File] [exists] [FilePath][String] [/storage]
D/S4URC   (22773): [SDK] [java.io.File] [Constructor] [FilePath][String] [/storage/sdcard0/astroplayer/skins/Music]
D/S4URC   (22751): [SDK] [java.io.File] [getPath] [FilePath][String] [/storage/sdcard0]
D/S4URC   (22751): [SDK] [java.io.File] [isDirectory] [FilePath][String] [/storage/sdcard0/.android_secure]
D/S4URC   (22751): [SDK] [java.io.File] [isDirectory] [FilePath][String] [/storage/sdcard0/Ringtones]
D/S4URC   (22751): [SDK] [java.io.File] [isDirectory] [FilePath][String] [/storage/sdcard0/Download]
D/S4URC   (22751): [SDK] [java.io.File] [getName] [FilePath][String] [/storage/sdcard0/swiftkey.apk]
D/S4URC   (22751): [SDK] [java.io.File] [listFiles] [FilePath][String] [/storage/sdcard0/Music]
D/S4URC   (22751): [SDK] [java.io.File] [listFiles] [FilePath][String] [/storage/sdcard0/Ringtones]
D/S4URC   (22751): [SDK] [java.io.File] [listFiles] [FilePath][String] [/storage/sdcard0/Alarms]
D/S4URC   (22751): [SDK] [java.io.File] [listFiles] [FilePath][String] [/storage/sdcard0/Notifications]
D/S4URC   (22751): [SDK] [java.io.File] [listFiles] [FilePath][String] [/storage/sdcard0/Pictures]
D/S4URC   (22751): [SDK] [java.io.File] [getPath] [FilePath][String] [/storage/sdcard0/Pictures]
D/S4URC   (22751): [SDK] [java.io.File] [getName] [FilePath][String] [/storage/sdcard0/Pictures/11315_lores.jpg]
D/S4URC   (22751): [SDK] [java.io.File] [isDirectory] [FilePath][String] [/storage/sdcard0/Pictures/15575_lores.jpg]
D/S4URC   (22751): [SDK] [java.io.File] [isDirectory] [FilePath][String] [/storage/sdcard0/Pictures/18673_lores.jpg]
D/S4URC   (22751): [SDK] [java.io.File] [list] [FilePath][String] [/storage/sdcard0/Movies]
D/S4URC   (22751): [SDK] [java.io.File] [listFiles] [FilePath][String] [/storage/sdcard0/DCIM]
D/S4URC   (22751): [SDK] [java.io.File] [listFiles] [FilePath][String] [/storage/sdcard0/Android]
D/S4URC   (22773): [SDK] [java.io.File] [Constructor] [FilePath][String] [/storage/sdcard0]
D/S4URC   (22751): [SDK] [java.io.File] [listFiles] [FilePath][String] [/storage/sdcard0/astroplayer]
D/S4URC   (22751): [SDK] [java.io.File] [getPath] [FilePath][String] [/storage/sdcard0/astroplayer]
D/S4URC   (22773): [SDK] [java.io.File] [Constructor] [FilePath][String] [/storage/sdcard0/astroplayer/languages/chinese.properties]
D/S4URC   (22751): [SDK] [java.io.File] [getPath] [FilePath][String] [/storage/sdcard0/astroplayer]
D/S4URC   (22751): [SDK] [java.io.File] [getName] [FilePath][String] [/storage/sdcard0/astroplayer/nocover_big.png]
D/S4URC   (22751): [SDK] [java.io.File] [getName] [FilePath][String] [/storage/sdcard0/pms_file/Log.txt]
