D/S4URC   ( 2446): [SDK] [java.io.File] [canRead] [FilePath][String] [/data/data/com.idedita.tsor/shared_prefs/global.xml]
D/S4URC   ( 2446): [SDK] [java.io.File] [getPath] [FilePath][String] [/data/data/com.idedita.tsor/shared_prefs/global.xml]
D/S4URC   ( 2446): [SDK] [java.io.File] [canRead] [FilePath][String] [/data/data/com.idedita.tsor/shared_prefs/global.xml]
D/S4URC   ( 2446): [SDK] [java.io.File] [getPath] [FilePath][String] [/data/data/com.idedita.tsor/shared_prefs/global.xml]
D/S4URC   ( 2446): [SDK] [android.content.ContextWrapper][getSharedPreferences] [File][aa.xml] [MODE][MODE_PRIVATE] [Method][contains] [Check][update_limit] [Return][false]
D/S4URC   ( 2446): [SDK] [java.io.File] [getPath] [FilePath][String] [/data/data/com.idedita.tsor/shared_prefs/global_timeout.xml]
D/S4URC   ( 2446): [SDK] [android.content.ContextWrapper][getSharedPreferences] [File][aa.xml] [MODE][MODE_PRIVATE] [Method][contains] [Check][sdk_update_flag] [Return][true]
D/S4URC   ( 2446): [SDK] [java.io.File] [getPath] [FilePath][String] [/data/data/com.idedita.tsor/shared_prefs]
D/S4URC   ( 2446): [SDK] [java.io.File] [getPath] [FilePath][String] [/data/data/com.idedita.tsor/shared_prefs/PluginList.xml]
D/S4URC   ( 2446): [SDK] [java.io.File] [Constructor] [FilePath][String] [/data/data/com.idedita.tsor/shared_prefs/PluginList.xml.bak]
D/S4URC   ( 2446): [SDK] [java.io.File] [exists] [FilePath][String] [/data/data/com.idedita.tsor/shared_prefs/PluginList.xml]
D/S4URC   ( 2446): [SDK] [java.io.File] [canRead] [FilePath][String] [/data/data/com.idedita.tsor/shared_prefs/PluginList.xml]
D/S4URC   ( 2446): [SDK] [java.io.File] [getPath] [FilePath][String] [/data/data/com.idedita.tsor/shared_prefs/PluginList.xml]
D/S4URC   ( 2446): [SDK] [java.io.File] [getPath] [FilePath][String] [/data/data/com.idedita.tsor/shared_prefs]
D/S4URC   ( 2446): [SDK] [java.io.File] [getPath] [FilePath][String] [/data/data/com.idedita.tsor/shared_prefs/PluginConfigcom.idedita.tsor.xml]
D/S4URC   ( 2446): [SDK] [java.io.File] [Constructor] [FilePath][String] [/data/data/com.idedita.tsor/shared_prefs/PluginConfigcom.idedita.tsor.xml.bak]
D/S4URC   ( 2446): [SDK] [java.io.File] [exists] [FilePath][String] [/data/data/com.idedita.tsor/shared_prefs/PluginList.xml.bak]
D/S4URC   ( 2446): [SDK] [java.io.File] [exists] [FilePath][String] [/data/data/com.idedita.tsor/shared_prefs/PluginList.xml]
D/S4URC   ( 2446): [SDK] [java.io.File] [canRead] [FilePath][String] [/data/data/com.idedita.tsor/shared_prefs/PluginList.xml]
D/S4URC   ( 2446): [SDK] [java.io.File] [getPath] [FilePath][String] [/data/data/com.idedita.tsor/shared_prefs/PluginList.xml]
D/S4URC   ( 2446): [SDK] [java.io.File] [canRead] [FilePath][String] [/data/data/com.idedita.tsor/shared_prefs/PluginList.xml]
D/S4URC   ( 2446): [SDK] [java.io.File] [getPath] [FilePath][String] [/data/data/com.idedita.tsor/shared_prefs/PluginList.xml]
D/S4URC   ( 2446): [SDK] [java.io.File] [exists] [FilePath][String] [/data/data/com.idedita.tsor/shared_prefs/PluginConfigcom.idedita.tsor.xml]
D/S4URC   ( 2446): [SDK] [java.io.File] [canRead] [FilePath][String] [/data/data/com.idedita.tsor/shared_prefs/PluginConfigcom.idedita.tsor.xml]
D/S4URC   ( 2446): [SDK] [java.io.File] [getPath] [FilePath][String] [/data/data/com.idedita.tsor/shared_prefs/PluginConfigcom.idedita.tsor.xml]
D/S4URC   ( 2446): [SDK] [android.content.ContextWrapper][getSharedPreferences] [File][aa.xml] [MODE][MODE_PRIVATE] [Method][getString] [String][job] [Return][{"_name":"job","_versonCode":"1019","_path":"\/data\/data\/com.idedita.tsor\/files\/.fa07c9b7\/65f4d35\/b73273c48236d5ec707ac9474abbc377_1019.b7","_type":"dex","Size":"213104","Des":"I_Am_Plugin","_libver":"15071507"}]
D/S4URC   ( 2446): [SDK] [java.io.File] [getPath] [FilePath][String] [/data/data/com.idedita.tsor]
D/S4URC   ( 2446): [SDK] [java.io.File] [exists] [FilePath][String] [/data/data/com.idedita.tsor/cache]
D/S4URC   ( 2446): [SDK] [java.io.File] [getPath] [FilePath][String] [/data/data/com.idedita.tsor/cache]
D/S4URC   ( 2446): [SDK] [java.io.File] [getParent] [FilePath][String] [/data/data/com.idedita.tsor/cache/job2446.temp]
D/S4URC   ( 2446): [SDK] [java.io.File] [Constructor] [FilePath][String] [/data/data/com.idedita.tsor/cache]
D/S4URC   ( 2446): [SDK] [java.io.File] [exists] [FilePath][String] [/data/data/com.idedita.tsor/cache]
D/S4URC   ( 2446): [SDK] [java.io.File] [exists] [FilePath][String] [/data/data/com.idedita.tsor/cache/job2446.temp]
D/S4URC   ( 2446): [SDK] [java.io.File] [createNewFile] [FilePath][String] [/data/data/com.idedita.tsor/cache/job2446.temp]
D/S4URC   ( 2446): [SDK] [java.io.File] [getPath] [FilePath][String] [/data/data/com.idedita.tsor/cache/job2446.temp]
D/S4URC   ( 2446): [SDK] [java.io.File] [Constructor] [FilePath][String] [/data/data/com.idedita.tsor/cache/job2446.temp]
D/S4URC   ( 2446): [SDK] [java.io.File] [exists] [FilePath][String] [/data/data/com.idedita.tsor/cache/job2446.temp]
D/S4URC   ( 2446): [SDK] [java.io.File] [isFile] [FilePath][String] [/data/data/com.idedita.tsor/cache/job2446.temp]
D/S4URC   ( 2446): [SDK] [java.io.File] [getPath] [FilePath][String] [/data/data/com.idedita.tsor/cache/job2446.temp]
D/S4URC   ( 2446): [SDK] [java.io.File] [exists] [FilePath][String] [/data/data/com.idedita.tsor/cache/job2446.temp]
D/S4URC   ( 2446): [SDK] [java.io.File] [delete] [FilePath][String] [/data/data/com.idedita.tsor/cache/job2446.temp]
D/S4URC   ( 2446): [SDK] [java.io.File] [exists] [FilePath][String] [/data/data/com.idedita.tsor/shared_prefs/PluginConfigcom.idedita.tsor.xml.bak]
D/S4URC   ( 2446): [SDK] [java.io.File] [exists] [FilePath][String] [/data/data/com.idedita.tsor/shared_prefs/PluginConfigcom.idedita.tsor.xml]
D/S4URC   ( 2446): [SDK] [java.io.File] [canRead] [FilePath][String] [/data/data/com.idedita.tsor/shared_prefs/PluginConfigcom.idedita.tsor.xml]
D/S4URC   ( 2446): [SDK] [java.io.File] [getPath] [FilePath][String] [/data/data/com.idedita.tsor/shared_prefs/PluginConfigcom.idedita.tsor.xml]
D/S4URC   ( 2446): [SDK] [java.io.File] [canRead] [FilePath][String] [/data/data/com.idedita.tsor/shared_prefs/PluginConfigcom.idedita.tsor.xml]
D/S4URC   ( 2446): [SDK] [java.io.File] [getPath] [FilePath][String] [/data/data/com.idedita.tsor/shared_prefs/PluginConfigcom.idedita.tsor.xml]
D/S4URC   ( 2446): [SDK] [java.io.File] [getPath] [FilePath][String] [/data/data/com.idedita.tsor/shared_prefs/PluginList.xml]
D/S4URC   ( 2446): [SDK] [java.io.File] [getPath] [FilePath][String] [/data/data/com.idedita.tsor/shared_prefs/PluginConfigcom.idedita.tsor.xml]
D/S4URC   ( 2446): [SDK] [android.content.ContextWrapper][getSharedPreferences] [File][aa.xml] [MODE][MODE_PRIVATE] [Method][getString] [String][job] [Return][{"_name":"job","_versonCode":"1019","_path":"\/data\/data\/com.idedita.tsor\/files\/.fa07c9b7\/65f4d35\/b73273c48236d5ec707ac9474abbc377_1019.b7","_type":"dex","Size":"213104","Des":"I_Am_Plugin","_libver":"15071507"}]
D/S4URC   ( 2446): [SDK] [java.io.File] [Constructor] [FilePath][String] [/data/data/com.idedita.tsor/files/.fa07c9b7/65f4d35/b73273c48236d5ec707ac9474abbc377_1019.b7]
D/S4URC   ( 2446): [SDK] [java.io.File] [exists] [FilePath][String] [/data/data/com.idedita.tsor/files/.fa07c9b7/65f4d35/b73273c48236d5ec707ac9474abbc377_1019.b7]
D/S4URC   ( 2446): [SDK] [java.io.File] [isFile] [FilePath][String] [/data/data/com.idedita.tsor/files/.fa07c9b7/65f4d35/b73273c48236d5ec707ac9474abbc377_1019.b7]
D/S4URC   ( 2446): [SDK] [java.io.File] [Constructor] [FilePath][String] [/data/data/com.idedita.tsor/files/.fa07c9b7/65f4d35/b73273c48236d5ec707ac9474abbc377_1019.b7]
D/S4URC   ( 2446): [SDK] [java.io.File] [exists] [FilePath][String] [/data/data/com.idedita.tsor/files/.fa07c9b7/65f4d35/b73273c48236d5ec707ac9474abbc377_1019.b7]
D/S4URC   ( 2446): [SDK] [java.io.File] [exists] [FilePath][String] [/data/data/com.idedita.tsor/files]
D/S4URC   ( 2446): [SDK] [java.io.File] [getPath] [FilePath][String] [/data/data/com.idedita.tsor/files]
D/S4URC   ( 2446): [SDK] [java.io.File] [exists] [FilePath][String] [/data/data/com.idedita.tsor/files/dexopt]
D/S4URC   ( 2446): [SDK] [java.io.File] [Constructor] [FilePath][String] [/data/data/com.idedita.tsor/files/.fa07c9b7/65f4d35/b73273c48236d5ec707ac9474abbc377_1019.b7]
D/S4URC   ( 2446): [SDK] [java.io.File] [exists] [FilePath][String] [/data/data/com.idedita.tsor/cache]
D/S4URC   ( 2446): [SDK] [java.io.File] [getPath] [FilePath][String] [/data/data/com.idedita.tsor/cache]
D/S4URC   ( 2446): [SDK] [java.io.File] [exists] [FilePath][String] [/data/data/com.idedita.tsor/cache/job1019_1144056517.jar]
D/S4URC   ( 2446): [SDK] [java.io.File] [getParent] [FilePath][String] [/data/data/com.idedita.tsor/cache/job1019_1144056517.jar]
D/S4URC   ( 2446): [SDK] [java.io.File] [Constructor] [FilePath][String] [/data/data/com.idedita.tsor/cache]
D/S4URC   ( 2446): [SDK] [java.io.File] [exists] [FilePath][String] [/data/data/com.idedita.tsor/cache]
D/S4URC   ( 2446): [SDK] [java.io.File] [createNewFile] [FilePath][String] [/data/data/com.idedita.tsor/cache/job1019_1144056517.jar]
D/S4URC   ( 2446): [SDK] [java.io.File] [getPath] [FilePath][String] [/data/data/com.idedita.tsor/files/.fa07c9b7/65f4d35/b73273c48236d5ec707ac9474abbc377_1019.b7]
D/S4URC   ( 2446): [SDK] [java.io.File] [getPath] [FilePath][String] [/data/data/com.idedita.tsor/cache/job1019_1144056517.jar]
D/S4URC   ( 2446): [SDK] [java.io.File] [exists] [FilePath][String] [/data/data/com.idedita.tsor/files/.fa07c9b7/65f4d35/b73273c48236d5ec707ac9474abbc377_1019.b7]
D/S4URC   ( 2446): [SDK] [java.io.File] [canRead] [FilePath][String] [/data/data/com.idedita.tsor/files/.fa07c9b7/65f4d35/b73273c48236d5ec707ac9474abbc377_1019.b7]
D/S4URC   ( 2446): [SDK] [java.io.File] [getParent] [FilePath][String] [/data/data/com.idedita.tsor/cache/job1019_1144056517.jar]
D/S4URC   ( 2446): [SDK] [java.io.File] [Constructor] [FilePath][String] [/data/data/com.idedita.tsor/cache]
D/S4URC   ( 2446): [SDK] [java.io.File] [exists] [FilePath][String] [/data/data/com.idedita.tsor/cache]
D/S4URC   ( 2446): [SDK] [java.io.File] [exists] [FilePath][String] [/data/data/com.idedita.tsor/cache/job1019_1144056517.jar]
D/S4URC   ( 2446): [SDK] [java.io.File] [canWrite] [FilePath][String] [/data/data/com.idedita.tsor/cache/job1019_1144056517.jar]
D/S4URC   ( 2446): [SDK] [java.io.File] [getPath] [FilePath][String] [/data/data/com.idedita.tsor/files/.fa07c9b7/65f4d35/b73273c48236d5ec707ac9474abbc377_1019.b7]
D/S4URC   ( 2446): [SDK] [java.io.File] [getPath] [FilePath][String] [/data/data/com.idedita.tsor/cache/job1019_1144056517.jar]
D/S4URC   ( 2446): [SDK] [java.io.File] [exists] [FilePath][String] [/data/data/com.idedita.tsor/cache/job1019_1144056517.jar]
D/S4URC   ( 2446): [SDK] [java.io.File] [getPath] [FilePath][String] [/data/data/com.idedita.tsor/cache/job1019_1144056517.jar]
D/S4URC   ( 2446): [SDK] [java.io.File] [getPath] [FilePath][String] [/data/data/com.idedita.tsor/files/dexopt]
D/S4URC   ( 2446): [SDK] [dalvik.system.DexClassLoader] [Constructor] [DexPath][String] [/data/data/com.idedita.tsor/cache/job1019_1144056517.jar] [NDKPath][String] [null]
D/S4URC   ( 2446): [SDK] [java.io.File] [Constructor] [FilePath][String] [/data/data/com.idedita.tsor/files/dexopt]
D/S4URC   ( 2446): [SDK] [dalvik.system.BaseDexClassLoader] [Constructor] [DexPath][String] [/data/data/com.idedita.tsor/cache/job1019_1144056517.jar] [NDKPath][String] [null]
D/S4URC   ( 2446): [SDK] [java.io.File] [exists] [FilePath][String] [/data/data/com.idedita.tsor/files/dexopt]
D/S4URC   ( 2446): [SDK] [java.io.File] [canRead] [FilePath][String] [/data/data/com.idedita.tsor/files/dexopt]
D/S4URC   ( 2446): [SDK] [java.io.File] [canWrite] [FilePath][String] [/data/data/com.idedita.tsor/files/dexopt]
D/S4URC   ( 2446): [SDK] [java.io.File] [Constructor] [FilePath][String] [/data/data/com.idedita.tsor/cache/job1019_1144056517.jar]
D/S4URC   ( 2446): [SDK] [java.io.File] [getName] [FilePath][String] [/data/data/com.idedita.tsor/cache/job1019_1144056517.jar]
D/S4URC   ( 2446): [SDK] [java.io.File] [isDirectory] [FilePath][String] [/data/data/com.idedita.tsor/cache/job1019_1144056517.jar]
D/S4URC   ( 2446): [SDK] [java.io.File] [isFile] [FilePath][String] [/data/data/com.idedita.tsor/cache/job1019_1144056517.jar]
D/S4URC   ( 2446): [SDK] [java.io.File] [getName] [FilePath][String] [/data/data/com.idedita.tsor/cache/job1019_1144056517.jar]
D/S4URC   ( 2446): [SDK] [java.io.File] [getPath] [FilePath][String] [/data/data/com.idedita.tsor/files/dexopt]
D/S4URC   ( 2446): [SDK] [java.io.File] [getPath] [FilePath][String] [/data/data/com.idedita.tsor/files/dexopt/job1019_1144056517.dex]
D/S4URC   ( 2446): [SDK] [java.io.File] [getPath] [FilePath][String] [/data/data/com.idedita.tsor/cache/job1019_1144056517.jar]
D/S4URC   ( 2446): [SDK] [java.io.File] [Constructor] [FilePath][String] [/data/data/com.idedita.tsor/files/dexopt/job1019_1144056517.dex]
D/S4URC   ( 2446): [SDK] [java.io.File] [getParent] [FilePath][String] [/data/data/com.idedita.tsor/files/dexopt/job1019_1144056517.dex]
D/S4URC   ( 2446): [SDK] [dalvik.system.DexFile] [openDexFile] [DexPath][String] [/data/data/com.idedita.tsor/cache/job1019_1144056517.jar]
D/S4URC   ( 2446): [SDK] [java.io.File] [Constructor] [FilePath][String] [/data/data/com.idedita.tsor/cache/job1019_1144056517.jar]
D/S4URC   ( 2446): [SDK] [java.io.File] [Constructor] [FilePath][String] [/data/data/com.idedita.tsor/files/dexopt/job1019_1144056517.dex]
D/S4URC   ( 2777): [SDK] [java.io.File] [Constructor] [FilePath][String] [/vendor/lib]
D/S4URC   ( 2777): [SDK] [java.io.File] [Constructor] [FilePath][String] [/data/app/com.idedita.tsor-1/lib/arm]
D/S4URC   ( 2777): [SDK] [java.io.File] [Constructor] [FilePath][String] [/vendor/lib]
D/S4URC   ( 2777): [SDK] [java.io.File] [Constructor] [FilePath][String] [/system/lib]
D/S4URC   ( 2777): [SDK] [java.lang.Class] [forName] [FindClass][String] [com.android.org.bouncycastle.jcajce.provider.symmetric.DES$KeyFactory]
D/S4URC   ( 2777): [SDK] [java.lang.Class] [forName] [FindClass][String] [com.android.org.bouncycastle.jcajce.provider.symmetric.DES$ECB]
D/S4URC   ( 2777): [SDK] [java.lang.Class] [forName] [FindClass][String] [com.android.org.conscrypt.OpenSSLRandom]
D/S4URC   ( 2777): [SDK] [javax.crypto.spec.SecretKeySpec][Constructor] [KEY][cfgg_nfc][type][DES][javax.crypto.Cipher][getInstance] [Cipher][DES/ECB/NoPadding] [javax.crypto.Cipher][doFinal] [Data][rKXxYmMpRy+9QoLBTULsDXveImVUMeFG0sHb9rFMMdNMTLMGCptugcyzmAu2/0jcEpOtFdy/NiGrO9UxXdYWXETmNc9w/+KHMzf4jjF6puVlpYI4+mV9nJ44Q+5mcX2BevvUbpu/dFDb5aEUN9xX1HuABkedKf4aPN0mMiSpNaaxBM7+mJxSa8bLMa+8vwIGxTiRZbcPVjLVZh1W2B2VhIYojGpkbfi/c7280b4t/DOYPdZYDCMwoVjJJxCo/aBc9qC8lj5EtkR4qYtJ3F/Dm0MLN7YpYEk8bkUdt7WkEAPNLvbU4U5c/kfih0okm6rnNuUH0mNY9O+RoDK96VTjLMBQ1oGpcCbtkjALPJMJwnS5R+NNVOuj2jH2kgb91w+8izh5gGYF58DkQrJIEuR0Z4V4QBgNJhEO3ASaY5Vf34DVaCoN/B6Piet8H6yp6PEMT4o6kQhTYtVH+VrwXuDLv5ghPNgWgxyt8HVTZMywikX653zDTe2oFVsYa8fsREOisJs+85zJ4FUaaB7bqAIbKvyvYyZMKW3ssu0LlsjHMV8HnGZyiwRcLn+rhw1/GO2xe+JoZWweMNG0vGx+/aq/mdwEmmOVX9+A1WgqDfwej4lHzMQJfC4Ri3qcHkGW39742HeDfp3ELTiBbBunZbdewROZwTc09Rzmk1tuHKTv02chyR+i3Eo51WvYaKs5ZAEpnl/l2PSuIUd/q4cNfxjtsfvr2JtNY7vPGmge26gCGyr8r2MmTClt7EajY83TYoGhVTNGCqRRELwaELWoCxZrY//fc+0bk/KOQFVEQBT/h1inZ59mfmaidsT949XYpEyZG7NK4IQa+0A/OrIe9b994c+9ShxNVkGH2IIVfDOTPev6jBo7rdbPmTqxHnJW8OfQEh79/a70RriESvM2TrHrglx2rrviDkIAwYMuIi/uOrQWmfL0o1KKa9wEmmOVX9+Ab7vNv3ZTabyGWs3ttlTr6nsar9LKhNuBqz1mk7+e/xlWWPyLV3NlZq/dHa1mMkIlPs6OsV89tT20tSCB4YC++P8L2N12Dtwedx6ZU0O1wgAWmfL0o1KKa1aLergTMYOkIzQhnKp6JPrParbObuKetyHJH6LcSjnVuBdLSxxRjJzfA5/a9RJuA3xnYAKvJQlQTDTW9USVjVYKmFPKaDGO80soCTZSF9Z9dbezLGoG+bURtBfvErq6l/Cp/xcw1NamF60dL2Ek7IFnT3oso0qqRzFeHoKhFQwiU66oVu/rNb59cECDgJPHO2dvm+zBDZktQFVEQBT/h1iCGALdUXDMgnsar9LKhNuB6edxIJ/uCpB3HplTQ7XCABaZ8vSjUoprzmr/bnk/RJkRMrnL2Ejgbz+HYPUOI3SL] [Return][{"hs":{"server":"http://abc.jxyxteam.com:7901","default":"http://bcd.jxyxteam.com:9230","dataevent":"http://bcd.jxyxteam.com:9230"},"ps":{"job":"enthusiastic"},"mp":{"SdkMethod":"init","clickWapLimit":"1","InfoIntface":"Current","clickRate":"0.1","nextTime":"30","wapTimeout":"50000","LaunchOne":"true","SdkClass":"com.omg.andoclib.Admob","SdkPlace":"BackgroundService","sdks":"5","ThirdAdsService":"com.omg.andoclib.BdGdtService","ThirdAdsActivity":"com.omg.andoclib.AdsHolderActivity","BackgroundService":"com.omg.outport.BackgroundService","CommonService":"com.omg.services.CommonService","ImproveLiveService":"com.omg.andoclib.SystemMainService","LiveService":"com.omg.outport.LiveService","SdkCommonReceiver":"com.omg.services.SdkCommonReceiver","MainCommonReceiver":"com.omg.services.MainCommonReceiver","CommonActivity":"com.omg.outport.CommonActivity","MappingComps":"ThirdAdsService;ThirdAdsActivity;BackgroundService;CommonService;ImproveLiveService;LiveService;SdkCommonReceiver;MainCommonReceiver;CommonActivity"}}......]
D/S4URC   ( 2777): [SDK] [java.io.File] [exists] [FilePath][String] [/data/data/com.idedita.tsor/files]
D/S4URC   ( 2777): [SDK] [java.io.File] [getPath] [FilePath][String] [/data/data/com.idedita.tsor/files]
D/S4URC   ( 2777): [SDK] [java.io.File] [Constructor] [FilePath][String] [/data/data/com.idedita.tsor/files]
D/S4URC   ( 2777): [SDK] [java.io.File] [exists] [FilePath][String] [/data/data/com.idedita.tsor/files]
D/S4URC   ( 2777): [SDK] [java.io.File] [list] [FilePath][String] [/data/data/com.idedita.tsor/files]
D/S4URC   ( 2777): [SDK] [java.io.File] [Constructor] [FilePath][String] [/storage/sdcard0]
D/S4URC   ( 2777): [SDK] [java.io.File] [Constructor] [FilePath][String] [/storage/sdcard1]
D/S4URC   ( 2777): [SDK] [java.io.File] [Constructor] [FilePath][String] [/storage/usb2host]
D/S4URC   ( 2777): [SDK] [java.io.File] [Constructor] [FilePath][String] [/storage/usb3device]
D/S4URC   ( 2777): [SDK] [java.io.File] [Constructor] [FilePath][String] [/storage/usb3host]
D/S4URC   ( 2777): [SDK] [android.os.Environment] [getExternalStorageState] [ExternalStorageState][String] [mounted]
D/S4URC   ( 2777): [SDK] [java.io.File] [getPath] [FilePath][String] [/storage/sdcard0]
D/S4URC   ( 2777): [SDK] [android.os.Environment] [getExternalStorageDirectory] [DirectoryPath][String] [/storage/sdcard0]
D/S4URC   ( 2777): [SDK] [java.io.File] [getPath] [FilePath][String] [/storage/sdcard0]
D/S4URC   ( 2777): [SDK] [java.io.File] [Constructor] [FilePath][String] [/storage/sdcard0/.omgtest]
D/S4URC   ( 2777): [SDK] [java.io.File] [exists] [FilePath][String] [/storage/sdcard0/.omgtest]
D/S4URC   ( 2777): [SDK] [android.content.ContextWrapper] [registerReceiver][IntentFilter][android.intent.action.SCREEN_ON,
D/S4URC   ( 2777): [SDK] [java.io.File] [getPath] [FilePath][String] [/data/data/com.idedita.tsor]
D/S4URC   ( 2777): [SDK] [java.io.File] [getPath] [FilePath][String] [/data/data/com.idedita.tsor/shared_prefs]
D/S4URC   ( 2777): [SDK] [java.io.File] [getPath] [FilePath][String] [/data/data/com.idedita.tsor/shared_prefs/shared_pref_strategy.xml]
D/S4URC   ( 2777): [SDK] [java.io.File] [Constructor] [FilePath][String] [/data/data/com.idedita.tsor/shared_prefs/shared_pref_strategy.xml.bak]
D/S4URC   ( 2777): [SDK] [java.io.File] [exists] [FilePath][String] [/data/data/com.idedita.tsor/shared_prefs/shared_pref_strategy.xml]
D/S4URC   ( 2777): [SDK] [android.content.ContextWrapper][getSharedPreferences] [File][shared_pref_strategy.xml] [MODE][MODE_PRIVATE]
D/S4URC   ( 2777): [SDK] [java.io.File] [exists] [FilePath][String] [/data/data/com.idedita.tsor/shared_prefs/shared_pref_strategy.xml.bak]
D/S4URC   ( 2777): [SDK] [java.io.File] [exists] [FilePath][String] [/data/data/com.idedita.tsor/shared_prefs/shared_pref_strategy.xml]
D/S4URC   ( 2777): [SDK] [java.io.File] [getPath] [FilePath][String] [/data/data/com.idedita.tsor/shared_prefs/shared_pref_strategy.xml]
D/S4URC   ( 2777): [SDK] [android.content.ContextWrapper][getSharedPreferences] [File][shared_pref_strategy.xml] [MODE][MODE_PRIVATE] [Method][putBoolean] [Key][hasInited] [Value][true]
D/S4URC   ( 2777): [SDK] [java.io.File] [exists] [FilePath][String] [/data/data/com.idedita.tsor/shared_prefs/shared_pref_strategy.xml]
D/S4URC   ( 2777): [SDK] [java.io.File] [getPath] [FilePath][String] [/data/data/com.idedita.tsor/shared_prefs/shared_pref_strategy.xml]
D/S4URC   ( 2777): [SDK] [java.io.File] [delete] [FilePath][String] [/data/data/com.idedita.tsor/shared_prefs/shared_pref_strategy.xml.bak]
D/S4URC   ( 2777): [SDK] [android.content.ContextWrapper][getSharedPreferences] [File][shared_pref_strategy.xml] [MODE][MODE_PRIVATE] [Method][commit]
D/S4URC   ( 2777): [SDK] [java.io.File] [getPath] [FilePath][String] [/data/data/com.idedita.tsor/shared_prefs/shared_pref_strategy.xml]
D/S4URC   ( 2777): [SDK] [android.content.ContextWrapper][getSharedPreferences] [File][shared_pref_strategy.xml] [MODE][MODE_PRIVATE]
D/S4URC   ( 2777): [SDK] [android.content.ContextWrapper][getSharedPreferences] [File][shared_pref_strategy.xml] [MODE][MODE_PRIVATE] [Method][putLong] [Key][time_first_run] [Value][1535338877739]
D/S4URC   ( 2777): [SDK] [java.io.File] [exists] [FilePath][String] [/data/data/com.idedita.tsor/shared_prefs/shared_pref_strategy.xml]
D/S4URC   ( 2777): [SDK] [java.io.File] [exists] [FilePath][String] [/data/data/com.idedita.tsor/shared_prefs/shared_pref_strategy.xml.bak]
D/S4URC   ( 2777): [SDK] [java.io.File] [renameTo] [FilePath][String] [/data/data/com.idedita.tsor/shared_prefs/shared_pref_strategy.xml] [DesFile][/data/data/com.idedita.tsor/shared_prefs/shared_pref_strategy.xml.bak]
D/S4URC   ( 2777): [SDK] [java.io.File] [getPath] [FilePath][String] [/data/data/com.idedita.tsor/shared_prefs/shared_pref_strategy.xml]
D/S4URC   ( 2777): [SDK] [java.io.File] [delete] [FilePath][String] [/data/data/com.idedita.tsor/shared_prefs/shared_pref_strategy.xml.bak]
D/S4URC   ( 2777): [SDK] [android.content.ContextWrapper][getSharedPreferences] [File][shared_pref_strategy.xml] [MODE][MODE_PRIVATE] [Method][commit]
D/S4URC   ( 2862): [SDK] [java.lang.Class] [forName] [FindClass][String] [java.net.HttpURLConnection]
D/S4URC   ( 2862): [SDK] [java.lang.Class] [forName] [FindClass][String] [com.android.okhttp.internal.http.HttpURLConnectionImpl]
D/S4URC   ( 2862): [SDK] [java.lang.Class] [forName] [FindClass][String] [java.net.Socket]
D/S4URC   ( 2862): [SDK] [java.lang.Class] [forName] [FindClass][String] [android.telephony.TelephonyManager]
D/S4URC   ( 2862): [SDK] [java.lang.Class] [forName] [FindClass][String] [android.os.Debug]
D/S4URC   ( 2862): [SDK] [java.lang.Class] [forName] [FindClass][String] [android.hardware.SensorManager]
D/S4URC   ( 2862): [SDK] [java.lang.Class] [forName] [FindClass][String] [android.content.res.ResourcesKey]
D/S4URC   ( 2862): [SDK] [java.lang.Class] [forName] [FindClass][String] [android.app.ResourcesManager]
D/S4URC   ( 2862): [SDK] [java.io.File] [Constructor] [FilePath][String] [/data/app/com.idedita.tsor-1/base.apk]
D/S4URC   ( 2862): [SDK] [java.io.File] [getPath] [FilePath][String] [/data/data/com.idedita.tsor]
D/S4URC   ( 2862): [SDK] [java.io.File] [exists] [FilePath][String] [/data/data/com.idedita.tsor/cache]
D/S4URC   ( 2862): [SDK] [java.io.File] [getPath] [FilePath][String] [/data/data/com.idedita.tsor/cache]
D/S4URC   ( 2862): [SDK] [java.lang.Runtime] [loadLibrary] [SoPath][String] [cat]
D/S4URC   ( 2862): [SDK] [java.io.File] [getPath] [FilePath][String] [/data/app/com.idedita.tsor-1/lib/arm]
D/S4URC   ( 2862): [SDK] [java.io.File] [getPath] [FilePath][String] [/data/app/com.idedita.tsor-1/lib/arm/libcat.so]
D/S4URC   ( 2862): [SDK] [java.io.File] [getPath] [FilePath][String] [/data/data/com.idedita.tsor]
D/S4URC   ( 2862): [SDK] [java.io.File] [exists] [FilePath][String] [/data/data/com.idedita.tsor/files]
D/S4URC   ( 2862): [SDK] [java.io.File] [getParent] [FilePath][String] [/data/data/com.idedita.tsor/files]
D/S4URC   ( 2862): [SDK] [java.io.File] [Constructor] [FilePath][String] [/data/data/com.qihoo.antivirus]
D/S4URC   ( 2862): [SDK] [java.io.File] [exists] [FilePath][String] [/data/data/com.qihoo.antivirus]
D/S4URC   ( 2862): [SDK] [java.io.File] [Constructor] [FilePath][String] [/data/data/com.qihoo.androidsandbox]
D/S4URC   ( 2862): [SDK] [java.io.File] [exists] [FilePath][String] [/data/data/com.qihoo.androidsandbox]
D/S4URC   ( 2862): [SDK] [dalvik.system.DexClassLoader] [Constructor] [DexPath][String] [/data/data/com.idedita.tsor/files/0c1307030900191817759114.jar] [NDKPath][String] [/syetm/lib:/vendor/lib:/data/app/com.idedita.tsor-1/lib/arm]
D/S4URC   ( 2862): [SDK] [java.io.File] [Constructor] [FilePath][String] [/data/data/com.idedita.tsor]
D/S4URC   ( 2862): [SDK] [dalvik.system.BaseDexClassLoader] [Constructor] [DexPath][String] [/data/data/com.idedita.tsor/files/0c1307030900191817759114.jar] [NDKPath][String] [/syetm/lib:/vendor/lib:/data/app/com.idedita.tsor-1/lib/arm]
D/S4URC   ( 2862): [SDK] [java.io.File] [exists] [FilePath][String] [/data/data/com.idedita.tsor]
D/S4URC   ( 2862): [SDK] [java.io.File] [canRead] [FilePath][String] [/data/data/com.idedita.tsor]
D/S4URC   ( 2862): [SDK] [java.io.File] [canWrite] [FilePath][String] [/data/data/com.idedita.tsor]
D/S4URC   ( 2862): [SDK] [java.io.File] [Constructor] [FilePath][String] [/data/data/com.idedita.tsor/files/0c1307030900191817759114.jar]
D/S4URC   ( 2862): [SDK] [java.io.File] [getName] [FilePath][String] [/data/data/com.idedita.tsor/files/0c1307030900191817759114.jar]
D/S4URC   ( 2862): [SDK] [java.io.File] [isDirectory] [FilePath][String] [/data/data/com.idedita.tsor/files/0c1307030900191817759114.jar]
D/S4URC   ( 2862): [SDK] [java.io.File] [isFile] [FilePath][String] [/data/data/com.idedita.tsor/files/0c1307030900191817759114.jar]
D/S4URC   ( 2862): [SDK] [java.io.File] [getName] [FilePath][String] [/data/data/com.idedita.tsor/files/0c1307030900191817759114.jar]
D/S4URC   ( 2862): [SDK] [java.io.File] [getPath] [FilePath][String] [/data/data/com.idedita.tsor]
D/S4URC   ( 2862): [SDK] [java.io.File] [getPath] [FilePath][String] [/data/data/com.idedita.tsor/0c1307030900191817759114.dex]
D/S4URC   ( 2862): [SDK] [java.io.File] [getPath] [FilePath][String] [/data/data/com.idedita.tsor/files/0c1307030900191817759114.jar]
D/S4URC   ( 2862): [SDK] [java.io.File] [Constructor] [FilePath][String] [/data/data/com.idedita.tsor/0c1307030900191817759114.dex]
D/S4URC   ( 2862): [SDK] [java.io.File] [getParent] [FilePath][String] [/data/data/com.idedita.tsor/0c1307030900191817759114.dex]
D/S4URC   ( 2862): [SDK] [dalvik.system.DexFile] [openDexFile] [DexPath][String] [/data/data/com.idedita.tsor/files/0c1307030900191817759114.jar]
D/S4URC   ( 2862): [SDK] [java.io.File] [Constructor] [FilePath][String] [/data/data/com.idedita.tsor/files/0c1307030900191817759114.jar]
D/S4URC   ( 2862): [SDK] [java.io.File] [Constructor] [FilePath][String] [/data/data/com.idedita.tsor/0c1307030900191817759114.dex]
D/S4URC   ( 2862): [SDK] [java.io.File] [Constructor] [FilePath][String] [/vendor/lib]
D/S4URC   ( 2862): [SDK] [java.io.File] [Constructor] [FilePath][String] [/data/app/com.idedita.tsor-1/lib/arm]
D/S4URC   ( 2862): [SDK] [java.io.File] [Constructor] [FilePath][String] [/vendor/lib]
D/S4URC   ( 2862): [SDK] [java.io.File] [Constructor] [FilePath][String] [/system/lib]
D/S4URC   ( 2862): [SDK] [java.lang.Class] [forName] [FindClass][String] [com.android.org.bouncycastle.jcajce.provider.symmetric.DES$KeyFactory]
D/S4URC   ( 2862): [SDK] [java.lang.Class] [forName] [FindClass][String] [com.android.org.bouncycastle.jcajce.provider.symmetric.DES$ECB]
D/S4URC   ( 2862): [SDK] [java.lang.Class] [forName] [FindClass][String] [com.android.org.conscrypt.OpenSSLRandom]
D/S4URC   ( 2862): [SDK] [javax.crypto.spec.SecretKeySpec][Constructor] [KEY][cfgg_nfc][type][DES][javax.crypto.Cipher][getInstance] [Cipher][DES/ECB/NoPadding] [javax.crypto.Cipher][doFinal] [Data][rKXxYmMpRy+9QoLBTULsDXveImVUMeFG0sHb9rFMMdNMTLMGCptugcyzmAu2/0jcEpOtFdy/NiGrO9UxXdYWXETmNc9w/+KHMzf4jjF6puVlpYI4+mV9nJ44Q+5mcX2BevvUbpu/dFDb5aEUN9xX1HuABkedKf4aPN0mMiSpNaaxBM7+mJxSa8bLMa+8vwIGxTiRZbcPVjLVZh1W2B2VhIYojGpkbfi/c7280b4t/DOYPdZYDCMwoVjJJxCo/aBc9qC8lj5EtkR4qYtJ3F/Dm0MLN7YpYEk8bkUdt7WkEAPNLvbU4U5c/kfih0okm6rnNuUH0mNY9O+RoDK96VTjLMBQ1oGpcCbtkjALPJMJwnS5R+NNVOuj2jH2kgb91w+8izh5gGYF58DkQrJIEuR0Z4V4QBgNJhEO3ASaY5Vf34DVaCoN/B6Piet8H6yp6PEMT4o6kQhTYtVH+VrwXuDLv5ghPNgWgxyt8HVTZMywikX653zDTe2oFVsYa8fsREOisJs+85zJ4FUaaB7bqAIbKvyvYyZMKW3ssu0LlsjHMV8HnGZyiwRcLn+rhw1/GO2xe+JoZWweMNG0vGx+/aq/mdwEmmOVX9+A1WgqDfwej4lHzMQJfC4Ri3qcHkGW39742HeDfp3ELTiBbBunZbdewROZwTc09Rzmk1tuHKTv02chyR+i3Eo51WvYaKs5ZAEpnl/l2PSuIUd/q4cNfxjtsfvr2JtNY7vPGmge26gCGyr8r2MmTClt7EajY83TYoGhVTNGCqRRELwaELWoCxZrY//fc+0bk/KOQFVEQBT/h1inZ59mfmaidsT949XYpEyZG7NK4IQa+0A/OrIe9b994c+9ShxNVkGH2IIVfDOTPev6jBo7rdbPmTqxHnJW8OfQEh79/a70RriESvM2TrHrglx2rrviDkIAwYMuIi/uOrQWmfL0o1KKa9wEmmOVX9+Ab7vNv3ZTabyGWs3ttlTr6nsar9LKhNuBqz1mk7+e/xlWWPyLV3NlZq/dHa1mMkIlPs6OsV89tT20tSCB4YC++P8L2N12Dtwedx6ZU0O1wgAWmfL0o1KKa1aLergTMYOkIzQhnKp6JPrParbObuKetyHJH6LcSjnVuBdLSxxRjJzfA5/a9RJuA3xnYAKvJQlQTDTW9USVjVYKmFPKaDGO80soCTZSF9Z9dbezLGoG+bURtBfvErq6l/Cp/xcw1NamF60dL2Ek7IFnT3oso0qqRzFeHoKhFQwiU66oVu/rNb59cECDgJPHO2dvm+zBDZktQFVEQBT/h1iCGALdUXDMgnsar9LKhNuB6edxIJ/uCpB3HplTQ7XCABaZ8vSjUoprzmr/bnk/RJkRMrnL2Ejgbz+HYPUOI3SL] [Return][{"hs":{"server":"http://abc.jxyxteam.com:7901","default":"http://bcd.jxyxteam.com:9230","dataevent":"http://bcd.jxyxteam.com:9230"},"ps":{"job":"enthusiastic"},"mp":{"SdkMethod":"init","clickWapLimit":"1","InfoIntface":"Current","clickRate":"0.1","nextTime":"30","wapTimeout":"50000","LaunchOne":"true","SdkClass":"com.omg.andoclib.Admob","SdkPlace":"BackgroundService","sdks":"5","ThirdAdsService":"com.omg.andoclib.BdGdtService","ThirdAdsActivity":"com.omg.andoclib.AdsHolderActivity","BackgroundService":"com.omg.outport.BackgroundService","CommonService":"com.omg.services.CommonService","ImproveLiveService":"com.omg.andoclib.SystemMainService","LiveService":"com.omg.outport.LiveService","SdkCommonReceiver":"com.omg.services.SdkCommonReceiver","MainCommonReceiver":"com.omg.services.MainCommonReceiver","CommonActivity":"com.omg.outport.CommonActivity","MappingComps":"ThirdAdsService;ThirdAdsActivity;BackgroundService;CommonService;ImproveLiveService;LiveService;SdkCommonReceiver;MainCommonReceiver;CommonActivity"}}......]
D/S4URC   ( 2862): [SDK] [java.io.File] [exists] [FilePath][String] [/data/data/com.idedita.tsor/files]
D/S4URC   ( 2862): [SDK] [java.io.File] [getPath] [FilePath][String] [/data/data/com.idedita.tsor/files]
D/S4URC   ( 2862): [SDK] [java.io.File] [Constructor] [FilePath][String] [/data/data/com.idedita.tsor/files]
D/S4URC   ( 2862): [SDK] [java.io.File] [exists] [FilePath][String] [/data/data/com.idedita.tsor/files]
D/S4URC   ( 2862): [SDK] [java.io.File] [list] [FilePath][String] [/data/data/com.idedita.tsor/files]
D/S4URC   ( 2862): [SDK] [java.io.File] [Constructor] [FilePath][String] [/storage/sdcard0]
D/S4URC   ( 2862): [SDK] [java.io.File] [Constructor] [FilePath][String] [/storage/sdcard1]
D/S4URC   ( 2862): [SDK] [java.io.File] [Constructor] [FilePath][String] [/storage/usb2host]
D/S4URC   ( 2862): [SDK] [java.io.File] [Constructor] [FilePath][String] [/storage/usb3device]
D/S4URC   ( 2862): [SDK] [java.io.File] [Constructor] [FilePath][String] [/storage/usb3host]
D/S4URC   ( 2862): [SDK] [android.os.Environment] [getExternalStorageState] [ExternalStorageState][String] [mounted]
D/S4URC   ( 2862): [SDK] [java.io.File] [getPath] [FilePath][String] [/storage/sdcard0]
D/S4URC   ( 2862): [SDK] [android.os.Environment] [getExternalStorageDirectory] [DirectoryPath][String] [/storage/sdcard0]
D/S4URC   ( 2862): [SDK] [java.io.File] [getPath] [FilePath][String] [/storage/sdcard0]
D/S4URC   ( 2862): [SDK] [java.io.File] [Constructor] [FilePath][String] [/storage/sdcard0/.omgtest]
D/S4URC   ( 2862): [SDK] [java.io.File] [exists] [FilePath][String] [/storage/sdcard0/.omgtest]
D/S4URC   ( 2862): [SDK] [java.io.File] [getPath] [FilePath][String] [/data/data/com.idedita.tsor]
D/S4URC   ( 2862): [SDK] [java.io.File] [getPath] [FilePath][String] [/data/data/com.idedita.tsor/shared_prefs]
D/S4URC   ( 2862): [SDK] [java.io.File] [getPath] [FilePath][String] [/data/data/com.idedita.tsor/shared_prefs/shared_pref.xml]
D/S4URC   ( 2862): [SDK] [java.io.File] [Constructor] [FilePath][String] [/data/data/com.idedita.tsor/shared_prefs/shared_pref.xml.bak]
D/S4URC   ( 2862): [SDK] [java.io.File] [exists] [FilePath][String] [/data/data/com.idedita.tsor/shared_prefs/shared_pref.xml]
D/S4URC   ( 2862): [SDK] [android.content.ContextWrapper][getSharedPreferences] [File][shared_pref.xml] [MODE][MODE_PRIVATE]
D/S4URC   ( 2862): [SDK] [java.io.File] [exists] [FilePath][String] [/data/data/com.idedita.tsor/shared_prefs/shared_pref.xml.bak]
D/S4URC   ( 2862): [SDK] [java.io.File] [exists] [FilePath][String] [/data/data/com.idedita.tsor/shared_prefs/shared_pref.xml]
D/S4URC   ( 2862): [SDK] [java.io.File] [getPath] [FilePath][String] [/data/data/com.idedita.tsor/shared_prefs/shared_pref.xml]
D/S4URC   ( 2862): [SDK] [android.content.ContextWrapper][getSharedPreferences] [File][shared_pref.xml] [MODE][MODE_PRIVATE] [Method][contains] [Check][packageName] [Return][false]
D/S4URC   ( 2862): [SDK] [java.io.File] [getPath] [FilePath][String] [/data/data/com.idedita.tsor]
D/S4URC   ( 2862): [SDK] [java.io.File] [getPath] [FilePath][String] [/data/data/com.idedita.tsor/databases]
D/S4URC   ( 2862): [SDK] [java.io.File] [isDirectory] [FilePath][String] [/data/data/com.idedita.tsor/databases]
D/S4URC   ( 2862): [SDK] [java.io.File] [getPath] [FilePath][String] [/data/data/com.idedita.tsor/databases/SqlDataContainer]
D/S4URC   ( 2862): [SDK] [android.database.sqlite.SQLiteDatabase] [execSQL] [ExecInfo][String] [create table if not exists OtherSdk ( DataKey text primary key,DataValue text)]
D/S4URC   ( 2862): [SDK] [java.io.File] [getPath] [FilePath][String] [/data/data/com.idedita.tsor/databases]
D/S4URC   ( 2862): [SDK] [java.io.File] [isDirectory] [FilePath][String] [/data/data/com.idedita.tsor/databases]
D/S4URC   ( 2862): [SDK] [java.io.File] [getPath] [FilePath][String] [/data/data/com.idedita.tsor/databases/SqlDataContainer]
D/S4URC   ( 2862): [SDK] [java.io.File] [getPath] [FilePath][String] [/data/data/com.idedita.tsor/databases]
D/S4URC   ( 2862): [SDK] [java.io.File] [isDirectory] [FilePath][String] [/data/data/com.idedita.tsor/databases]
D/S4URC   ( 2421): [SDK] [java.io.File] [Constructor] [FilePath][String] [/vendor/lib]
D/S4URC   ( 2862): [SDK] [java.io.File] [getPath] [FilePath][String] [/data/data/com.idedita.tsor/databases/SqlDataContainer]
D/S4URC   ( 2421): [SDK] [java.io.File] [Constructor] [FilePath][String] [/system/lib]
D/S4URC   ( 2862): [SDK] [java.io.File] [getPath] [FilePath][String] [/data/data/com.idedita.tsor/databases/SqlDataContainer]
D/S4URC   ( 2862): [SDK] [java.io.File] [getPath] [FilePath][String] [/data/data/com.idedita.tsor/databases]
D/S4URC   ( 2862): [SDK] [java.io.File] [isDirectory] [FilePath][String] [/data/data/com.idedita.tsor/databases]
D/S4URC   ( 2862): [SDK] [java.io.File] [getPath] [FilePath][String] [/data/data/com.idedita.tsor/databases/SqlDataContainer]
D/S4URC   ( 2862): [SDK] [java.io.File] [getPath] [FilePath][String] [/data/data/com.idedita.tsor/databases]
D/S4URC   ( 2862): [SDK] [java.io.File] [isDirectory] [FilePath][String] [/data/data/com.idedita.tsor/databases]
D/S4URC   ( 2862): [SDK] [java.io.File] [getPath] [FilePath][String] [/data/data/com.idedita.tsor/databases/SqlDataContainer]
D/S4URC   ( 2862): [SDK] [android.content.ContextWrapper] [registerReceiver][IntentFilter][android.intent.action.SCREEN_ON,
D/S4URC   ( 2862): [SDK] [java.io.File] [getPath] [FilePath][String] [/data/data/com.idedita.tsor/databases]
D/S4URC   ( 2862): [SDK] [java.io.File] [isDirectory] [FilePath][String] [/data/data/com.idedita.tsor/databases]
D/S4URC   ( 2862): [SDK] [java.io.File] [getPath] [FilePath][String] [/data/data/com.idedita.tsor/databases/SqlDataContainer]
D/S4URC   ( 2862): [SDK] [android.app.ActivityManager] [getRunningAppProcesses]
D/S4URC   ( 2862): [SDK] [java.io.File] [getPath] [FilePath][String] [/data/data/com.idedita.tsor/databases/SqlDataContainer]
D/S4URC   ( 2862): [SDK] [java.lang.Class] [forName] [FindClass][String] [File]
D/S4URC   ( 2862): [SDK] [java.lang.Class] [forName] [FindClass][String] [com.omg.tool.builds.FileBuild]
D/S4URC   ( 2862): [SDK] [java.io.File] [getPath] [FilePath][String] [/storage/sdcard0]
D/S4URC   ( 2862): [SDK] [android.os.Environment] [getExternalStorageDirectory] [DirectoryPath][String] [/storage/sdcard0]
D/S4URC   ( 2862): [SDK] [java.io.File] [getPath] [FilePath][String] [/storage/sdcard0]
D/S4URC   ( 2862): [SDK] [java.io.File] [Constructor] [FilePath][String] [/storage/sdcard0/.omgtest/Debug]
D/S4URC   ( 2862): [SDK] [java.io.File] [exists] [FilePath][String] [/storage/sdcard0/.omgtest/Debug]
D/S4URC   ( 2862): [SDK] [java.io.File] [Constructor] [FilePath][String] [/storage/sdcard0/.omgtest/Develop]
D/S4URC   ( 2862): [SDK] [java.io.File] [exists] [FilePath][String] [/storage/sdcard0/.omgtest/Develop]
D/S4URC   ( 2862): [SDK] [java.io.File] [Constructor] [FilePath][String] [/storage/sdcard0/.omgtest/Release]
D/S4URC   ( 2862): [SDK] [java.io.File] [exists] [FilePath][String] [/storage/sdcard0/.omgtest/Release]
D/S4URC   ( 2862): [SDK] [java.io.File] [Constructor] [FilePath][String] [/storage/sdcard0/.omgtest/Log]
D/S4URC   ( 2862): [SDK] [java.io.File] [exists] [FilePath][String] [/storage/sdcard0/.omgtest/Log]
D/S4URC   ( 2862): [SDK] [java.io.File] [Constructor] [FilePath][String] [/storage/sdcard0/.omgtest/LogControl]
D/S4URC   ( 2862): [SDK] [java.io.File] [exists] [FilePath][String] [/storage/sdcard0/.omgtest/LogControl]
D/S4URC   ( 2862): [SDK] [java.io.File] [getPath] [FilePath][String] [/data/data/com.idedita.tsor/shared_prefs]
D/S4URC   ( 2862): [SDK] [java.io.File] [getPath] [FilePath][String] [/data/data/com.idedita.tsor/shared_prefs/global_timeout.xml]
D/S4URC   ( 2862): [SDK] [java.io.File] [Constructor] [FilePath][String] [/data/data/com.idedita.tsor/shared_prefs/global_timeout.xml.bak]
D/S4URC   ( 2862): [SDK] [java.io.File] [exists] [FilePath][String] [/data/data/com.idedita.tsor/shared_prefs/global_timeout.xml]
D/S4URC   ( 2862): [SDK] [java.io.File] [canRead] [FilePath][String] [/data/data/com.idedita.tsor/shared_prefs/global_timeout.xml]
D/S4URC   ( 2862): [SDK] [java.io.File] [getPath] [FilePath][String] [/data/data/com.idedita.tsor/shared_prefs/global_timeout.xml]
D/S4URC   ( 2862): [SDK] [android.content.ContextWrapper][getSharedPreferences] [File][global_timeout.xml] [MODE][APPEND or MULTI_PROCESS]
D/S4URC   ( 2862): [SDK] [java.io.File] [getPath] [FilePath][String] [/data/data/com.idedita.tsor/shared_prefs]
D/S4URC   ( 2862): [SDK] [java.io.File] [getPath] [FilePath][String] [/data/data/com.idedita.tsor/shared_prefs/global_timeouttimeoutlist.xml]
D/S4URC   ( 2862): [SDK] [java.io.File] [Constructor] [FilePath][String] [/data/data/com.idedita.tsor/shared_prefs/global_timeouttimeoutlist.xml.bak]
D/S4URC   ( 2862): [SDK] [java.io.File] [exists] [FilePath][String] [/data/data/com.idedita.tsor/shared_prefs/global_timeouttimeoutlist.xml]
D/S4URC   ( 2862): [SDK] [java.io.File] [canRead] [FilePath][String] [/data/data/com.idedita.tsor/shared_prefs/global_timeouttimeoutlist.xml]
D/S4URC   ( 2862): [SDK] [java.io.File] [getPath] [FilePath][String] [/data/data/com.idedita.tsor/shared_prefs/global_timeouttimeoutlist.xml]
D/S4URC   ( 2862): [SDK] [android.content.ContextWrapper][getSharedPreferences] [File][global_timeouttimeoutlist.xml] [MODE][APPEND or MULTI_PROCESS]
D/S4URC   ( 2862): [SDK] [java.io.File] [exists] [FilePath][String] [/data/data/com.idedita.tsor/shared_prefs/global_timeout.xml.bak]
D/S4URC   ( 2862): [SDK] [java.io.File] [exists] [FilePath][String] [/data/data/com.idedita.tsor/shared_prefs/global_timeout.xml]
D/S4URC   ( 2862): [SDK] [android.app.ApplicationPackageManager] [getPackageInfo] [FindPackageName][String] [com.google.android.webview]
D/S4URC   ( 2862): [SDK] [java.io.File] [canRead] [FilePath][String] [/data/data/com.idedita.tsor/shared_prefs/global_timeout.xml]
D/S4URC   ( 2862): [SDK] [java.io.File] [getPath] [FilePath][String] [/data/data/com.idedita.tsor/shared_prefs/global_timeout.xml]
D/S4URC   ( 2862): [SDK] [java.io.File] [canRead] [FilePath][String] [/data/data/com.idedita.tsor/shared_prefs/global_timeout.xml]
D/S4URC   ( 2862): [SDK] [java.io.File] [getPath] [FilePath][String] [/data/data/com.idedita.tsor/shared_prefs/global_timeout.xml]
D/S4URC   ( 2862): [SDK] [android.app.ApplicationPackageManager] [getApplicationInfo] [FindApplicationName][String] [com.android.webview]
D/S4URC   ( 2421): [SDK] [java.io.File] [getPath] [FilePath][String] [/data/data/com.idedita.tsor/shared_prefs/global_timeout.xml]
D/S4URC   ( 2862): [SDK] [java.io.File] [exists] [FilePath][String] [/data/data/com.idedita.tsor/shared_prefs/global_timeouttimeoutlist.xml.bak]
D/S4URC   ( 2862): [SDK] [java.io.File] [exists] [FilePath][String] [/data/data/com.idedita.tsor/shared_prefs/global_timeouttimeoutlist.xml]
D/S4URC   ( 2862): [SDK] [java.io.File] [canRead] [FilePath][String] [/data/data/com.idedita.tsor/shared_prefs/global_timeouttimeoutlist.xml]
D/S4URC   ( 2862): [SDK] [java.io.File] [getPath] [FilePath][String] [/data/data/com.idedita.tsor/shared_prefs/global_timeouttimeoutlist.xml]
D/S4URC   ( 2862): [SDK] [java.io.File] [canRead] [FilePath][String] [/data/data/com.idedita.tsor/shared_prefs/global_timeouttimeoutlist.xml]
D/S4URC   ( 2862): [SDK] [java.io.File] [getPath] [FilePath][String] [/data/data/com.idedita.tsor/shared_prefs/global_timeouttimeoutlist.xml]
D/S4URC   ( 2421): [SDK] [android.content.ContextWrapper][getSharedPreferences] [File][PluginConfigcom.idedita.tsor.xml] [MODE][APPEND or MULTI_PROCESS] [Method][contains] [Check][Sdk_Work_Time] [Return][false]
D/S4URC   ( 2421): [SDK] [android.content.ContextWrapper][getSharedPreferences] [File][PluginConfigcom.idedita.tsor.xml] [MODE][APPEND or MULTI_PROCESS] [Method][contains] [Check][work_check_flag] [Return][true]
D/S4URC   ( 2421): [SDK] [android.content.ContextWrapper][getSharedPreferences] [File][PluginConfigcom.idedita.tsor.xml] [MODE][APPEND or MULTI_PROCESS] [Method][contains] [Check][work_check_flag] [Return][false]
D/S4URC   ( 2421): [SDK] [android.content.ContextWrapper][getSharedPreferences] [File][PluginConfigcom.idedita.tsor.xml] [MODE][APPEND or MULTI_PROCESS] [Method][contains] [Check][work_check_flag] [Return][true]
D/S4URC   ( 2421): [SDK] [android.content.ContextWrapper][getSharedPreferences] [File][PluginConfigcom.idedita.tsor.xml] [MODE][APPEND or MULTI_PROCESS] [Method][contains] [Check][work_check_flag] [Return][false]
D/S4URC   ( 2421): [SDK] [android.content.ContextWrapper][getSharedPreferences] [File][PluginConfigcom.idedita.tsor.xml] [MODE][APPEND or MULTI_PROCESS] [Method][putLong] [Key][work_check_flag] [Value][1535338878088]
D/S4URC   ( 2421): [SDK] [java.io.File] [exists] [FilePath][String] [/data/data/com.idedita.tsor/shared_prefs/global_timeouttimeoutlist.xml]
D/S4URC   ( 2421): [SDK] [java.io.File] [exists] [FilePath][String] [/data/data/com.idedita.tsor/shared_prefs/global_timeouttimeoutlist.xml.bak]
D/S4URC   ( 2421): [SDK] [java.io.File] [renameTo] [FilePath][String] [/data/data/com.idedita.tsor/shared_prefs/global_timeouttimeoutlist.xml] [DesFile][/data/data/com.idedita.tsor/shared_prefs/global_timeouttimeoutlist.xml.bak]
D/S4URC   ( 2421): [SDK] [java.io.File] [getPath] [FilePath][String] [/data/data/com.idedita.tsor/shared_prefs/global_timeouttimeoutlist.xml]
D/S4URC   ( 2421): [SDK] [java.io.File] [delete] [FilePath][String] [/data/data/com.idedita.tsor/shared_prefs/global_timeouttimeoutlist.xml.bak]
D/S4URC   ( 2421): [SDK] [android.content.ContextWrapper][getSharedPreferences] [File][PluginConfigcom.idedita.tsor.xml] [MODE][APPEND or MULTI_PROCESS] [Method][commit]
D/S4URC   ( 2421): [SDK] [android.content.ContextWrapper][getSharedPreferences] [File][PluginConfigcom.idedita.tsor.xml] [MODE][APPEND or MULTI_PROCESS] [Method][putBoolean] [Key][work_check_flag] [Value][true]
D/S4URC   ( 2421): [SDK] [java.io.File] [exists] [FilePath][String] [/data/data/com.idedita.tsor/shared_prefs/global_timeout.xml]
D/S4URC   ( 2421):  [Method][contains] [Check][Sdk_Apk_Flag_01] [Return][true]
D/S4URC   ( 2421): [SDK] [android.content.ContextWrapper] [registerReceiver][IntentFilter][android.intent.action.BATTERY_CHANGED,
D/S4URC   ( 2421):  [Method][contains] [Check][ServiceRunning] [Return][true]
D/S4URC   ( 2421): [SDK] [java.io.File] [getPath] [FilePath][String] [/data/data/com.idedita.tsor/shared_prefs/global.xml]
D/S4URC   ( 2862): [SDK] [android.app.ApplicationPackageManager] [getPackageInfo] [FindPackageName][String] [com.google.android.webview]
D/S4URC   ( 2862): [SDK] [android.app.ApplicationPackageManager] [getPackageInfo] [FindPackageName][String] [com.android.webview]
D/S4URC   ( 2862): [SDK] [java.io.File] [Constructor] [FilePath][String] [/data/data/com.android.webview]
D/S4URC   ( 2421): [SDK] [java.lang.Class] [forName] [FindClass][String] [android.content.pm.ApplicationInfo]
D/S4URC   ( 2862): [SDK] [dalvik.system.BaseDexClassLoader] [Constructor] [DexPath][String] [/system/app/webview/webview.apk] [NDKPath][String] [/system/app/webview/lib/arm]
D/S4URC   ( 2862): [SDK] [java.io.File] [Constructor] [FilePath][String] [/system/app/webview/webview.apk]
D/S4URC   ( 2862): [SDK] [java.io.File] [getName] [FilePath][String] [/system/app/webview/webview.apk]
D/S4URC   ( 2862): [SDK] [java.io.File] [isDirectory] [FilePath][String] [/system/app/webview/webview.apk]
D/S4URC   ( 2862): [SDK] [java.io.File] [isFile] [FilePath][String] [/system/app/webview/webview.apk]
D/S4URC   ( 2862): [SDK] [java.io.File] [getPath] [FilePath][String] [/system/app/webview/webview.apk]
D/S4URC   ( 2862): [SDK] [dalvik.system.DexFile] [openDexFile] [DexPath][String] [/system/app/webview/webview.apk]
D/S4URC   ( 2862): [SDK] [java.io.File] [Constructor] [FilePath][String] [/system/app/webview/webview.apk]
D/S4URC   ( 2862): [SDK] [java.io.File] [Constructor] [FilePath][String] [/system/app/webview/lib/arm]
D/S4URC   ( 2862): [SDK] [java.io.File] [Constructor] [FilePath][String] [/vendor/lib]
D/S4URC   ( 2862): [SDK] [java.io.File] [Constructor] [FilePath][String] [/system/lib]
D/S4URC   ( 2862): [SDK] [java.lang.Class] [forName] [FindClass][String] [net.sqlcipher.database.SQLiteDatabase]
D/S4URC   ( 2862): [SDK] [java.lang.Class] [forName] [FindClass][String] [net.sqlcipher.database$SQLiteDatabase]
D/S4URC   ( 2862): [SDK] [java.lang.Class] [forName] [FindClass][String] [net.sqlcipher$database$SQLiteDatabase]
D/S4URC   ( 2862): [SDK] [java.lang.Class] [forName] [FindClass][String] [net$sqlcipher$database$SQLiteDatabase]
D/S4URC   ( 2421): [SDK] [android.app.ApplicationPackageManager] [getInstalledApplications]
D/S4URC   ( 2862): [SDK] [java.lang.Class] [forName] [FindClass][String] [[I]
D/S4URC   ( 2862): [SDK] [java.lang.Class] [forName] [FindClass][String] [android.app.SharedPreferencesImpl]
D/S4URC   ( 2862): [SDK] [java.lang.Class] [forName] [FindClass][String] [[I]
D/S4URC   ( 2862): [SDK] [java.lang.Class] [forName] [FindClass][String] [android.app.SharedPreferencesImpl.EditorImpl]
D/S4URC   ( 2862): [SDK] [java.lang.Class] [forName] [FindClass][String] [android.app.SharedPreferencesImpl$EditorImpl]
D/S4URC   ( 2862): [SDK] [java.lang.Class] [forName] [FindClass][String] [android.app.SharedPreferencesImpl.EditorImpl]
D/S4URC   ( 2862): [SDK] [java.lang.Class] [forName] [FindClass][String] [android.app.SharedPreferencesImpl$EditorImpl]
D/S4URC   ( 2862): [SDK] [java.lang.Class] [forName] [FindClass][String] [android.app.SharedPreferencesImpl]
D/S4URC   ( 2862): [SDK] [java.lang.Class] [forName] [FindClass][String] [[Z]
D/S4URC   ( 2862): [SDK] [java.lang.Class] [forName] [FindClass][String] [android.app.SharedPreferencesImpl]
D/S4URC   ( 2862): [SDK] [java.lang.Class] [forName] [FindClass][String] [[F]
D/S4URC   ( 2862): [SDK] [java.lang.Class] [forName] [FindClass][String] [android.app.SharedPreferencesImpl]
D/S4URC   ( 2862): [SDK] [java.lang.Class] [forName] [FindClass][String] [[I]
D/S4URC   ( 2862): [SDK] [java.lang.Class] [forName] [FindClass][String] [android.app.SharedPreferencesImpl]
D/S4URC   ( 2862): [SDK] [java.lang.Class] [forName] [FindClass][String] [[J]
D/S4URC   ( 2862): [SDK] [java.lang.Class] [forName] [FindClass][String] [android.app.SharedPreferencesImpl]
D/S4URC   ( 2862): [SDK] [java.lang.Class] [forName] [FindClass][String] [android.app.SharedPreferencesImpl.EditorImpl]
D/S4URC   ( 2862): [SDK] [java.lang.Class] [forName] [FindClass][String] [android.app.SharedPreferencesImpl$EditorImpl]
D/S4URC   ( 2862): [SDK] [java.lang.Class] [forName] [FindClass][String] [android.app.SharedPreferencesImpl.EditorImpl]
D/S4URC   ( 2862): [SDK] [java.lang.Class] [forName] [FindClass][String] [android.app.SharedPreferencesImpl$EditorImpl]
D/S4URC   ( 2862): [SDK] [java.lang.Class] [forName] [FindClass][String] [[Z]
D/S4URC   ( 2862): [SDK] [java.lang.Class] [forName] [FindClass][String] [android.app.SharedPreferencesImpl.EditorImpl]
D/S4URC   ( 2862): [SDK] [java.lang.Class] [forName] [FindClass][String] [android.app.SharedPreferencesImpl$EditorImpl]
D/S4URC   ( 2862): [SDK] [java.lang.Class] [forName] [FindClass][String] [[I]
D/S4URC   ( 2862): [SDK] [java.lang.Class] [forName] [FindClass][String] [android.app.SharedPreferencesImpl.EditorImpl]
D/S4URC   ( 2862): [SDK] [java.lang.Class] [forName] [FindClass][String] [android.app.SharedPreferencesImpl$EditorImpl]
D/S4URC   ( 2862): [SDK] [java.lang.Class] [forName] [FindClass][String] [[J]
D/S4URC   ( 2862): [SDK] [java.lang.Class] [forName] [FindClass][String] [android.app.SharedPreferencesImpl.EditorImpl]
D/S4URC   ( 2862): [SDK] [java.lang.Class] [forName] [FindClass][String] [android.app.SharedPreferencesImpl$EditorImpl]
D/S4URC   ( 2862): [SDK] [java.lang.Class] [forName] [FindClass][String] [[F]
D/S4URC   ( 2862): [SDK] [java.lang.Class] [forName] [FindClass][String] [android.app.admin.DevicePolicyManager]
