D/S4URC   ( 2758): [SDK] [java.io.File] [getPath] [FilePath][String] [/data/data/com.haitui.slotsmania/app_jc/fx.jar]
D/S4URC   ( 2758): [SDK] [java.io.File] [Constructor] [FilePath][String] [/data/data/com.haitui.slotsmania/app_jc/fx.jar]
D/S4URC   ( 2758): [SDK] [java.io.File] [getPath] [FilePath][String] [/data/data/com.haitui.slotsmania/app_jc/fx.jar]
D/S4URC   ( 2578): [SDK] [java.io.File] [exists] [FilePath][String] [/storage/sdcard0/Android/data/fp/debug.config]
D/S4URC   ( 2758): [SDK] [java.io.File] [Constructor] [FilePath][String] [/data/data/com.haitui.slotsmania/app_jc/fx.jar]
D/S4URC   ( 2758): [SDK] [java.io.File] [getPath] [FilePath][String] [/data/data/com.haitui.slotsmania/app_jc/fx.jar]
D/S4URC   ( 2758): [SDK] [java.io.File] [isDirectory] [FilePath][String] [/data/data/com.haitui.slotsmania/app_jc/fx.jar]
D/S4URC   ( 2758): [SDK] [java.io.File] [Constructor] [FilePath][String] [/data/data/com.haitui.slotsmania/app_jc/fx.jar]
D/S4URC   ( 2758): [SDK] [java.io.File] [getPath] [FilePath][String] [/data/data/com.haitui.slotsmania/app_jc/fx.jar]
D/S4URC   ( 2758): [SDK] [java.io.File] [Constructor] [FilePath][String] [/data/data/com.haitui.slotsmania/app_jc/fx.jar]
D/S4URC   ( 2758): [SDK] [java.io.File] [getPath] [FilePath][String] [/data/data/com.haitui.slotsmania/app_jc/fx.jar]
D/S4URC   ( 2578):  [Method][getBoolean] [Boolean][debug] [Return][false]
D/S4URC   ( 2758): [SDK] [java.io.File] [getPath] [FilePath][String] [/data/data/com.haitui.slotsmania/files/armeabi/temp_monitor.so]
D/S4URC   ( 2578): [SDK] [android.content.Intent] [Constructor] [IntentInfo][String] [com.zdt.action]
D/S4URC   ( 2758): [SDK] [java.io.File] [Constructor] [FilePath][String] [/data/data/com.haitui.slotsmania/files/armeabi/temp_monitor.so]
D/S4URC   ( 2758): [SDK] [java.io.File] [Constructor] [FilePath][String] [/data/data/com.haitui.slotsmania/files/armeabi/libmonitor.so]
D/S4URC   ( 2758): [SDK] [java.io.File] [exists] [FilePath][String] [/data/data/com.haitui.slotsmania/files/armeabi/temp_monitor.so]
D/S4URC   ( 2758): [SDK] [java.io.File] [createNewFile] [FilePath][String] [/data/data/com.haitui.slotsmania/files/armeabi/libmonitor.so]
D/S4URC   ( 2758): [SDK] [java.io.File] [getPath] [FilePath][String] [/data/data/com.haitui.slotsmania/files/armeabi/temp_monitor.so]
D/S4URC   ( 2758): [SDK] [java.io.File] [getPath] [FilePath][String] [/data/data/com.haitui.slotsmania/files/armeabi/libmonitor.so]
D/S4URC   ( 2578): [SDK] [android.content.ContextWrapper] [registerReceiver][IntentFilter][android.intent.action.SCREEN_OFF,android.intent.action.SCREEN_ON,com.zdt.screenON,com.zdt.screenOFF,android.intent.action.PACKAGE_ADDED,android.intent.action.PACKAGE_REMOVED,
D/S4URC   ( 2578): [SDK] [java.io.File] [getPath] [FilePath][String] [/data/data/com.haitui.slotsmania/shared_prefs/fpssp.xml]
D/S4URC   ( 2578): [SDK] [android.content.ContextWrapper][getSharedPreferences] [File][fpssp.xml] [MODE][MODE_PRIVATE]
D/S4URC   ( 2578): [SDK] [java.io.File] [getPath] [FilePath][String] [/data/data/com.haitui.slotsmania/shared_prefs]
D/S4URC   ( 2578): [SDK] [java.io.File] [getPath] [FilePath][String] [/data/data/com.haitui.slotsmania/shared_prefs/fpksp.xml]
D/S4URC   ( 2578): [SDK] [java.io.File] [Constructor] [FilePath][String] [/data/data/com.haitui.slotsmania/shared_prefs/fpksp.xml.bak]
D/S4URC   ( 2578): [SDK] [java.io.File] [exists] [FilePath][String] [/data/data/com.haitui.slotsmania/shared_prefs/fpksp.xml]
D/S4URC   ( 2578): [SDK] [android.content.ContextWrapper][getSharedPreferences] [File][fpksp.xml] [MODE][MODE_PRIVATE]
D/S4URC   ( 2578): [SDK] [java.io.File] [exists] [FilePath][String] [/data/data/com.haitui.slotsmania/shared_prefs/fpksp.xml.bak]
D/S4URC   ( 2578): [SDK] [java.io.File] [exists] [FilePath][String] [/data/data/com.haitui.slotsmania/shared_prefs/fpksp.xml]
D/S4URC   ( 2578): [SDK] [java.io.File] [getPath] [FilePath][String] [/data/data/com.haitui.slotsmania/shared_prefs/fpksp.xml]
D/S4URC   ( 2578): [SDK] [android.content.ContextWrapper][getSharedPreferences] [File][fpksp.xml] [MODE][MODE_PRIVATE] [Method][getString] [String][pushVersion] [Return][]
D/S4URC   ( 2578): [SDK] [android.content.ContextWrapper][getSharedPreferences] [File][fpksp.xml] [MODE][MODE_PRIVATE] [Method][putString] [Key][pushVersion] [Value][123]
D/S4URC   ( 2578): [SDK] [java.io.File] [exists] [FilePath][String] [/data/data/com.haitui.slotsmania/shared_prefs/fpksp.xml]
D/S4URC   ( 2578): [SDK] [java.io.File] [getPath] [FilePath][String] [/data/data/com.haitui.slotsmania/shared_prefs/fpksp.xml]
D/S4URC   ( 2578): [SDK] [java.io.File] [delete] [FilePath][String] [/data/data/com.haitui.slotsmania/shared_prefs/fpksp.xml.bak]
D/S4URC   ( 2578):  [Method][getInt] [Int][debugMode] [Return][-1000]
D/S4URC   ( 2578):  [Method][getInt] [Int][dety] [Return][-1000]
D/S4URC   ( 2578):  [Method][getBoolean] [Boolean][isinit] [Return][false]
D/S4URC   ( 2578): [SDK] [java.io.File] [getPath] [FilePath][String] [/storage/sdcard0]
D/S4URC   ( 2578): [SDK] [android.os.Environment] [getExternalStorageDirectory] [DirectoryPath][String] [/storage/sdcard0]
D/S4URC   ( 2578): [SDK] [java.io.File] [getPath] [FilePath][String] [/storage/sdcard0]
D/S4URC   ( 2578): [SDK] [java.io.File] [getPath] [FilePath][String] [/storage/sdcard0/1m]
D/S4URC   ( 2578):  [Method][getInt] [Int][dety] [Return][-1000]
D/S4URC   ( 2578): [SDK] [java.io.File] [getPath] [FilePath][String] [/data/data/com.haitui.slotsmania/shared_prefs/OverseaSDK.xml]
D/S4URC   ( 2578): [SDK] [android.content.ContextWrapper][getSharedPreferences] [File][OverseaSDK.xml] [MODE][MODE_PRIVATE]
D/S4URC   ( 2578): [SDK] [android.content.ContextWrapper][getSharedPreferences] [File][OverseaSDK.xml] [MODE][MODE_PRIVATE] [Method][getIong] [Iong][ten_minuteb] [Return][0]
D/S4URC   ( 2578): [SDK] [java.io.File] [getPath] [FilePath][String] [/data/data/com.haitui.slotsmania/shared_prefs/OverseaSDK.xml]
D/S4URC   ( 2578): [SDK] [android.content.ContextWrapper][getSharedPreferences] [File][OverseaSDK.xml] [MODE][MODE_PRIVATE]
D/S4URC   ( 2578): [SDK] [android.content.ContextWrapper][getSharedPreferences] [File][OverseaSDK.xml] [MODE][MODE_PRIVATE] [Method][getBoolean] [Boolean][firsttimeb] [Return][false]
D/S4URC   ( 2578): [SDK] [java.io.File] [getPath] [FilePath][String] [/data/data/com.haitui.slotsmania/shared_prefs/OverseaSDK.xml]
D/S4URC   ( 2578): [SDK] [android.content.ContextWrapper][getSharedPreferences] [File][OverseaSDK.xml] [MODE][MODE_PRIVATE]
D/S4URC   ( 2578): [SDK] [android.content.ContextWrapper][getSharedPreferences] [File][OverseaSDK.xml] [MODE][MODE_PRIVATE] [Method][getIong] [Iong][serviceTimeb] [Return][1534949650916]
D/S4URC   ( 2578): [SDK] [java.io.File] [getPath] [FilePath][String] [/data/data/com.haitui.slotsmania/shared_prefs/OverseaSDK.xml]
D/S4URC   ( 2578): [SDK] [android.content.ContextWrapper][getSharedPreferences] [File][OverseaSDK.xml] [MODE][MODE_PRIVATE]
D/S4URC   ( 2578): [SDK] [android.content.ContextWrapper][getSharedPreferences] [File][OverseaSDK.xml] [MODE][MODE_PRIVATE] [Method][putLong] [Key][ten_minuteb] [Value][1534949652106]
D/S4URC   ( 2578): [SDK] [java.io.File] [exists] [FilePath][String] [/data/data/com.haitui.slotsmania/shared_prefs/OverseaSDK.xml]
D/S4URC   ( 2578): [SDK] [java.io.File] [exists] [FilePath][String] [/data/data/com.haitui.slotsmania/shared_prefs/OverseaSDK.xml.bak]
D/S4URC   ( 2578): [SDK] [java.io.File] [renameTo] [FilePath][String] [/data/data/com.haitui.slotsmania/shared_prefs/OverseaSDK.xml] [DesFile][/data/data/com.haitui.slotsmania/shared_prefs/OverseaSDK.xml.bak]
D/S4URC   ( 2578): [SDK] [java.io.File] [getPath] [FilePath][String] [/data/data/com.haitui.slotsmania/shared_prefs/OverseaSDK.xml]
D/S4URC   ( 2578): [SDK] [java.io.File] [delete] [FilePath][String] [/data/data/com.haitui.slotsmania/shared_prefs/OverseaSDK.xml.bak]
D/S4URC   ( 2578): [SDK] [java.io.File] [getPath] [FilePath][String] [/data/data/com.haitui.slotsmania/databases]
D/S4URC   ( 2578): [SDK] [java.io.File] [isDirectory] [FilePath][String] [/data/data/com.haitui.slotsmania/databases]
D/S4URC   ( 2578): [SDK] [java.io.File] [getPath] [FilePath][String] [/data/data/com.haitui.slotsmania/databases/fxlock.db]
D/S4URC   ( 2578): [SDK] [java.io.File] [getPath] [FilePath][String] [/data/data/com.haitui.slotsmania/databases]
D/S4URC   ( 2578): [SDK] [java.io.File] [isDirectory] [FilePath][String] [/data/data/com.haitui.slotsmania/databases]
D/S4URC   ( 2578): [SDK] [java.io.File] [getPath] [FilePath][String] [/data/data/com.haitui.slotsmania/databases/fp.db]
D/S4URC   ( 2578): [SDK] [android.database.sqlite.SQLiteDatabase] [execSQL] [ExecInfo][String] [CREATE TABLE IF NOT EXISTS ad (_id INTEGER PRIMARY KEY,adkind TEXT,gid TEXT,icon TEXT,title TEXT,content TEXT,info TEXT,tid TEXT ,url TEXT,pname TEXT,status TEXT,gpflash INTEGER DEFAULT 0,lock TEXT DEFAULT 1,downurl TEXT,clickcount INTEGER DEFAULT 0,thirdstart INTEGER DEFAULT 0,notifiShowTime LONG DEFAULT 0,receivetime LONG DEFAULT 0);]
D/S4URC   ( 2578): [SDK] [android.database.sqlite.SQLiteDatabase] [execSQL] [ExecInfo][String] [CREATE TABLE IF NOT EXISTS adre (_id INTEGER PRIMARY KEY,timeMillise DATETIME,timeZone Text,tid Text,gid TEXT,action INTEGER,status INTEGER DEFAULT 0);]
D/S4URC   ( 2578): [SDK] [android.database.sqlite.SQLiteDatabase] [execSQL] [ExecInfo][String] [CREATE TABLE IF NOT EXISTS appre (_id INTEGER PRIMARY KEY,pname TEXT,name TEXT,verCode TEXT,verName TEXT,status TEXT,time TEXT);]
D/S4URC   ( 2578): [SDK] [android.database.sqlite.SQLiteDatabase] [execSQL] [ExecInfo][String] [PRAGMA user_version = 11]
D/S4URC   ( 2578): [SDK] [android.database.sqlite.SQLiteDatabase] [query] [queryInfo][String] [SELECT][] [FROM][ad]
D/S4URC   ( 2578): [SDK] [java.io.File] [getPath] [FilePath][String] [/data/data/com.haitui.slotsmania]
D/S4URC   ( 2578): [SDK] [java.io.File] [getPath] [FilePath][String] [/data/data/com.haitui.slotsmania/shared_prefs]
D/S4URC   ( 2578): [SDK] [java.io.File] [getPath] [FilePath][String] [/data/data/com.haitui.slotsmania/shared_prefs/Cocos2dxPrefsFile.xml]
D/S4URC   ( 2578): [SDK] [java.io.File] [Constructor] [FilePath][String] [/data/data/com.haitui.slotsmania/shared_prefs/Cocos2dxPrefsFile.xml.bak]
D/S4URC   ( 2578): [SDK] [java.io.File] [exists] [FilePath][String] [/data/data/com.haitui.slotsmania/shared_prefs/Cocos2dxPrefsFile.xml]
D/S4URC   ( 2578): [SDK] [android.content.ContextWrapper][getSharedPreferences] [File][Cocos2dxPrefsFile.xml] [MODE][MODE_PRIVATE]
D/S4URC   ( 2578): [SDK] [java.io.File] [exists] [FilePath][String] [/data/data/com.haitui.slotsmania/shared_prefs/Cocos2dxPrefsFile.xml.bak]
D/S4URC   ( 2578): [SDK] [java.io.File] [exists] [FilePath][String] [/data/data/com.haitui.slotsmania/shared_prefs/Cocos2dxPrefsFile.xml]
D/S4URC   ( 2578): [SDK] [java.io.File] [getPath] [FilePath][String] [/data/data/com.haitui.slotsmania/shared_prefs/Cocos2dxPrefsFile.xml]
D/S4URC   ( 2578): [SDK] [android.content.ContextWrapper][getSharedPreferences] [File][Cocos2dxPrefsFile.xml] [MODE][MODE_PRIVATE] [Method][getBoolean] [Boolean][vip] [Return][false]
D/S4URC   ( 2578): [SDK] [java.io.File] [getPath] [FilePath][String] [/data/data/com.haitui.slotsmania/shared_prefs/Cocos2dxPrefsFile.xml]
D/S4URC   ( 2578): [SDK] [android.content.ContextWrapper][getSharedPreferences] [File][Cocos2dxPrefsFile.xml] [MODE][MODE_PRIVATE]
D/S4URC   ( 2578): [SDK] [java.io.File] [exists] [FilePath][String] [/data/data/com.haitui.slotsmania/shared_prefs/Cocos2dxPrefsFile.xml.bak]
D/S4URC   ( 2578): [SDK] [java.io.File] [exists] [FilePath][String] [/data/data/com.haitui.slotsmania/shared_prefs/Cocos2dxPrefsFile.xml]
D/S4URC   ( 2578): [SDK] [java.io.File] [getPath] [FilePath][String] [/data/data/com.haitui.slotsmania/shared_prefs/Cocos2dxPrefsFile.xml]
D/S4URC   ( 2578): [SDK] [android.content.ContextWrapper][getSharedPreferences] [File][Cocos2dxPrefsFile.xml] [MODE][MODE_PRIVATE] [Method][getBoolean] [Boolean][vip] [Return][false]
D/S4URC   ( 2578): [SDK] [java.io.File] [getPath] [FilePath][String] [/data/data/com.haitui.slotsmania/shared_prefs/Cocos2dxPrefsFile.xml]
D/S4URC   ( 2578): [SDK] [android.content.ContextWrapper][getSharedPreferences] [File][Cocos2dxPrefsFile.xml] [MODE][MODE_PRIVATE]
D/S4URC   ( 2578): [SDK] [java.io.File] [exists] [FilePath][String] [/data/data/com.haitui.slotsmania/shared_prefs/Cocos2dxPrefsFile.xml.bak]
D/S4URC   ( 2578): [SDK] [java.io.File] [exists] [FilePath][String] [/data/data/com.haitui.slotsmania/shared_prefs/Cocos2dxPrefsFile.xml]
D/S4URC   ( 2578): [SDK] [java.io.File] [getPath] [FilePath][String] [/data/data/com.haitui.slotsmania/shared_prefs/Cocos2dxPrefsFile.xml]
D/S4URC   ( 2578): [SDK] [android.content.ContextWrapper][getSharedPreferences] [File][Cocos2dxPrefsFile.xml] [MODE][MODE_PRIVATE] [Method][getBoolean] [Boolean][vip] [Return][false]
D/S4URC   ( 2578): [SDK] [java.io.File] [getPath] [FilePath][String] [/data/data/com.haitui.slotsmania/shared_prefs/Cocos2dxPrefsFile.xml]
D/S4URC   ( 2578): [SDK] [android.content.ContextWrapper][getSharedPreferences] [File][Cocos2dxPrefsFile.xml] [MODE][MODE_PRIVATE]
D/S4URC   ( 2578): [SDK] [java.io.File] [exists] [FilePath][String] [/data/data/com.haitui.slotsmania/shared_prefs/Cocos2dxPrefsFile.xml.bak]
D/S4URC   ( 2578): [SDK] [java.io.File] [exists] [FilePath][String] [/data/data/com.haitui.slotsmania/shared_prefs/Cocos2dxPrefsFile.xml]
D/S4URC   ( 2578): [SDK] [java.io.File] [getPath] [FilePath][String] [/data/data/com.haitui.slotsmania/shared_prefs/Cocos2dxPrefsFile.xml]
D/S4URC   ( 2578): [SDK] [android.content.ContextWrapper][getSharedPreferences] [File][Cocos2dxPrefsFile.xml] [MODE][MODE_PRIVATE] [Method][getInt] [Int][TODAY] [Return][21]
D/S4URC   ( 2578): [SDK] [java.io.File] [getPath] [FilePath][String] [/data/data/com.haitui.slotsmania/shared_prefs/Cocos2dxPrefsFile.xml]
D/S4URC   ( 2578): [SDK] [android.content.ContextWrapper][getSharedPreferences] [File][Cocos2dxPrefsFile.xml] [MODE][MODE_PRIVATE]
D/S4URC   ( 2578): [SDK] [java.io.File] [exists] [FilePath][String] [/data/data/com.haitui.slotsmania/shared_prefs/Cocos2dxPrefsFile.xml.bak]
D/S4URC   ( 2578): [SDK] [java.io.File] [exists] [FilePath][String] [/data/data/com.haitui.slotsmania/shared_prefs/Cocos2dxPrefsFile.xml]
D/S4URC   ( 2578): [SDK] [java.io.File] [getPath] [FilePath][String] [/data/data/com.haitui.slotsmania/shared_prefs/Cocos2dxPrefsFile.xml]
D/S4URC   ( 2578): [SDK] [android.content.ContextWrapper][getSharedPreferences] [File][Cocos2dxPrefsFile.xml] [MODE][MODE_PRIVATE] [Method][getBoolean] [Boolean][vip] [Return][false]
D/S4URC   ( 2578): [SDK] [java.io.File] [getPath] [FilePath][String] [/data/data/com.haitui.slotsmania/shared_prefs/Cocos2dxPrefsFile.xml]
D/S4URC   ( 2578): [SDK] [android.content.ContextWrapper][getSharedPreferences] [File][Cocos2dxPrefsFile.xml] [MODE][MODE_PRIVATE]
D/S4URC   ( 2578): [SDK] [java.io.File] [exists] [FilePath][String] [/data/data/com.haitui.slotsmania/shared_prefs/Cocos2dxPrefsFile.xml.bak]
D/S4URC   ( 2578): [SDK] [java.io.File] [exists] [FilePath][String] [/data/data/com.haitui.slotsmania/shared_prefs/Cocos2dxPrefsFile.xml]
D/S4URC   ( 2578): [SDK] [java.io.File] [getPath] [FilePath][String] [/data/data/com.haitui.slotsmania/shared_prefs/Cocos2dxPrefsFile.xml]
D/S4URC   ( 2578): [SDK] [android.content.ContextWrapper][getSharedPreferences] [File][Cocos2dxPrefsFile.xml] [MODE][MODE_PRIVATE] [Method][putInt] [Key][TODAY] [Value][22]
D/S4URC   ( 2578): [SDK] [java.io.File] [exists] [FilePath][String] [/data/data/com.haitui.slotsmania/shared_prefs/Cocos2dxPrefsFile.xml]
D/S4URC   ( 2578): [SDK] [java.io.File] [getPath] [FilePath][String] [/data/data/com.haitui.slotsmania/shared_prefs/Cocos2dxPrefsFile.xml]
D/S4URC   ( 2578): [SDK] [java.io.File] [delete] [FilePath][String] [/data/data/com.haitui.slotsmania/shared_prefs/Cocos2dxPrefsFile.xml.bak]
D/S4URC   ( 2578): [SDK] [java.io.File] [getPath] [FilePath][String] [/data/data/com.haitui.slotsmania/shared_prefs/Cocos2dxPrefsFile.xml]
D/S4URC   ( 2578): [SDK] [android.content.ContextWrapper][getSharedPreferences] [File][Cocos2dxPrefsFile.xml] [MODE][MODE_PRIVATE]
D/S4URC   ( 2578): [SDK] [android.content.ContextWrapper][getSharedPreferences] [File][Cocos2dxPrefsFile.xml] [MODE][MODE_PRIVATE] [Method][getInt] [Int][coin] [Return][200]
D/S4URC   ( 2578): [SDK] [android.content.ContextWrapper][getSharedPreferences] [File][Cocos2dxPrefsFile.xml] [MODE][MODE_PRIVATE] [Method][getBoolean] [Boolean][iid] [Return][true]
D/S4URC   ( 2578): [SDK] [android.content.Intent] [Constructor] [IntentInfo][String] [com.zdt.action]
D/S4URC   ( 2578): [SDK] [android.content.ContextWrapper][getSharedPreferences] [File][Cocos2dxPrefsFile.xml] [MODE][MODE_PRIVATE] [Method][getString] [String][unlockVersion] [Return][751]
D/S4URC   ( 2758): [SDK] [java.io.File] [exists] [FilePath][String] [/data/data/com.haitui.slotsmania/files]
D/S4URC   ( 2578): [SDK] [android.content.ContextWrapper][getSharedPreferences] [File][Cocos2dxPrefsFile.xml] [MODE][MODE_PRIVATE] [Method][getInt] [Int][debugMode] [Return][-1000]
D/S4URC   ( 2578): [SDK] [android.content.ContextWrapper][getSharedPreferences] [File][Cocos2dxPrefsFile.xml] [MODE][MODE_PRIVATE] [Method][getInt] [Int][dety] [Return][-1000]
D/S4URC   ( 2758): [SDK] [java.io.File] [getParent] [FilePath][String] [/data/data/com.haitui.slotsmania/files]
D/S4URC   ( 2578): [SDK] [android.content.ContextWrapper][getSharedPreferences] [File][Cocos2dxPrefsFile.xml] [MODE][MODE_PRIVATE] [Method][getBoolean] [Boolean][isinit] [Return][false]
D/S4URC   ( 2758): [SDK] [java.io.File] [Constructor] [FilePath][String] [/data/data/com.haitui.slotsmania/files/armeabi/]
D/S4URC   ( 2578): [SDK] [java.io.File] [getPath] [FilePath][String] [/storage/sdcard0]
D/S4URC   ( 2758): [SDK] [java.io.File] [exists] [FilePath][String] [/data/data/com.haitui.slotsmania/files/armeabi]
D/S4URC   ( 2578): [SDK] [android.os.Environment] [getExternalStorageDirectory] [DirectoryPath][String] [/storage/sdcard0]
D/S4URC   ( 2578): [SDK] [java.io.File] [getPath] [FilePath][String] [/storage/sdcard0]
D/S4URC   ( 2758): [SDK] [java.io.File] [Constructor] [FilePath][String] [/data/data/com.haitui.slotsmania/files/armeabi/libmonitor.so]
D/S4URC   ( 2578): [SDK] [java.io.File] [getPath] [FilePath][String] [/storage/sdcard0/1m]
D/S4URC   ( 2758): [SDK] [java.io.File] [exists] [FilePath][String] [/data/data/com.haitui.slotsmania/files/armeabi/libmonitor.so]
D/S4URC   ( 2578): [SDK] [android.content.ContextWrapper][getSharedPreferences] [File][Cocos2dxPrefsFile.xml] [MODE][MODE_PRIVATE] [Method][getInt] [Int][dety] [Return][-1000]
D/S4URC   ( 2578): [SDK] [android.content.ContextWrapper][getSharedPreferences] [File][Cocos2dxPrefsFile.xml] [MODE][MODE_PRIVATE] [Method][getIong] [Iong][siltim] [Return][0]
D/S4URC   ( 2578): [SDK] [java.io.File] [Constructor] [FilePath][String] [/data/data/com.haitui.slotsmania/app_jc/ufx.jar]
D/S4URC   ( 2578): [SDK] [java.io.File] [exists] [FilePath][String] [/data/data/com.haitui.slotsmania/app_jc/ufx.jar]
D/S4URC   ( 2578): [SDK] [android.content.ContextWrapper][getSharedPreferences] [File][Cocos2dxPrefsFile.xml] [MODE][MODE_PRIVATE] [Method][getInt] [Int][check_shard_uuid_date] [Return][234]
D/S4URC   ( 2578): [SDK] [android.content.ContextWrapper][getSharedPreferences] [File][Cocos2dxPrefsFile.xml] [MODE][MODE_PRIVATE] [Method][getString] [String][key_shard_uuid] [Return][4334ff2c-a99f-4c05-97c8-02d62843a49d]
D/S4URC   ( 2578): [SDK] [android.app.ApplicationPackageManager] [getPackageInfo] [FindPackageName][String] [com.haitui.slotsmania]
D/S4URC   ( 2578): [SDK] [android.content.ContextWrapper][getSharedPreferences] [File][Cocos2dxPrefsFile.xml] [MODE][MODE_PRIVATE] [Method][getInt] [Int][remind_count] [Return][0]
D/S4URC   ( 2578): [SDK] [android.content.ContextWrapper][getSharedPreferences] [File][Cocos2dxPrefsFile.xml] [MODE][MODE_PRIVATE] [Method][getInt] [Int][remind_date] [Return][0]
D/S4URC   ( 2578): [SDK] [android.content.ContextWrapper][getSharedPreferences] [File][Cocos2dxPrefsFile.xml] [MODE][MODE_PRIVATE] [Method][getIong] [Iong][remind_time] [Return][0]
D/S4URC   ( 2578): [SDK] [android.content.ContextWrapper][getSharedPreferences] [File][Cocos2dxPrefsFile.xml] [MODE][MODE_PRIVATE] [Method][getIong] [Iong][create_go_shopping_time] [Return][0]
D/S4URC   ( 2578): [SDK] [android.content.ContextWrapper][getSharedPreferences] [File][Cocos2dxPrefsFile.xml] [MODE][MODE_PRIVATE] [Method][getString] [String][toggle_date] [Return][2018-08-22]
D/S4URC   ( 2578): [SDK] [android.content.ContextWrapper][getSharedPreferences] [File][Cocos2dxPrefsFile.xml] [MODE][MODE_PRIVATE] [Method][getString] [String][toggle_status] [Return][]
D/S4URC   ( 2578): [SDK] [android.content.ContextWrapper][getSharedPreferences] [File][Cocos2dxPrefsFile.xml] [MODE][MODE_PRIVATE] [Method][putString] [Key][appkey] [Value][B0F74E4D6567B421520BA1D2044186D8]
D/S4URC   ( 2578): [SDK] [java.io.File] [exists] [FilePath][String] [/data/data/com.haitui.slotsmania/shared_prefs/flowapp_shared.xml.xml]
D/S4URC   ( 2578): [SDK] [java.io.File] [getPath] [FilePath][String] [/storage/sdcard0]
D/S4URC   ( 2578): [SDK] [android.os.Environment] [getExternalStorageDirectory] [DirectoryPath][String] [/storage/sdcard0]
D/S4URC   ( 2578): [SDK] [java.io.File] [getPath] [FilePath][String] [/storage/sdcard0]
D/S4URC   ( 2578): [SDK] [java.io.File] [Constructor] [FilePath][String] [/storage/sdcard0/Android/data/flow]
D/S4URC   ( 2578): [SDK] [java.io.File] [exists] [FilePath][String] [/storage/sdcard0/Android/data/flow]
D/S4URC   ( 2578): [SDK] [java.io.File] [mkdirs] [FilePath][String] [/storage/sdcard0/Android/data/flow]
D/S4URC   ( 2578): [SDK] [java.io.File] [getPath] [FilePath][String] [/storage/sdcard0/Android/data/flow]
D/S4URC   ( 2578): [SDK] [java.io.File] [exists] [FilePath][String] [/storage/sdcard0/Android/data/flow/success_mark.bat]
D/S4URC   ( 2578): [SDK] [android.content.ContextWrapper][getSharedPreferences] [File][Cocos2dxPrefsFile.xml] [MODE][MODE_PRIVATE] [Method][putString] [Key][receiver_name_key] [Value][com.lx.a.er]
D/S4URC   ( 2578): [SDK] [java.io.File] [exists] [FilePath][String] [/data/data/com.haitui.slotsmania/shared_prefs/flowapp_shared.xml.xml]
D/S4URC   ( 2578): [SDK] [android.content.Intent] [Constructor] [IntentInfo][String] [com.zdt.action]
D/S4URC   ( 2578):  [Method][getBoolean] [Boolean][iid] [Return][true]
D/S4URC   ( 2578):  [Method][getString] [String][pushVersion] [Return][123]
D/S4URC   ( 2578):  [Method][getInt] [Int][debugMode] [Return][-1000]
D/S4URC   ( 2578):  [Method][getInt] [Int][dety] [Return][-1000]
D/S4URC   ( 2578):  [Method][getBoolean] [Boolean][isinit] [Return][false]
D/S4URC   ( 2578): [SDK] [java.io.File] [getPath] [FilePath][String] [/storage/sdcard0]
D/S4URC   ( 2578): [SDK] [android.os.Environment] [getExternalStorageDirectory] [DirectoryPath][String] [/storage/sdcard0]
D/S4URC   ( 2578): [SDK] [java.io.File] [getPath] [FilePath][String] [/storage/sdcard0]
D/S4URC   ( 2578): [SDK] [java.io.File] [getPath] [FilePath][String] [/storage/sdcard0/1m]
D/S4URC   ( 2578):  [Method][getInt] [Int][dety] [Return][-1000]
D/S4URC   ( 2578): [SDK] [java.io.File] [exists] [FilePath][String] [/data/data/com.haitui.slotsmania/app_jc/fx.jar]
D/S4URC   ( 2578): [NDK] [SYSCALL] [access] [PATH][string] [/data/data/com.haitui.slotsmania/app_jc/fx.jar]
D/S4URC   ( 2578): [SDK] [java.io.File] [getPath] [FilePath][String] [/data/data/com.haitui.slotsmania/app_dc]
D/S4URC   ( 2578): [SDK] [java.io.File] [exists] [FilePath][String] [/data/data/com.haitui.slotsmania/app_dc/fx.dex]
D/S4URC   ( 2578): [NDK] [SYSCALL] [access] [PATH][string] [/data/data/com.haitui.slotsmania/app_dc/fx.dex]
D/S4URC   ( 2578): [SDK] [java.io.File] [getPath] [FilePath][String] [/data/app/com.haitui.slotsmania-1/base.apk]
D/S4URC   ( 2578): [SDK] [java.io.File] [Constructor] [FilePath][String] [/data/app/com.haitui.slotsmania-1/base.apk]
D/S4URC   ( 2578): [SDK] [java.io.File] [getPath] [FilePath][String] [/data/app/com.haitui.slotsmania-1/base.apk]
D/S4URC   ( 2578): [SDK] [java.io.File] [getPath] [FilePath][String] [/data/data/com.haitui.slotsmania/app_jc/fx.jar]
D/S4URC   ( 2578): [SDK] [java.io.File] [Constructor] [FilePath][String] [/data/data/com.haitui.slotsmania/app_jc/fx.jar]
D/S4URC   ( 2578): [SDK] [java.io.File] [getPath] [FilePath][String] [/data/data/com.haitui.slotsmania/app_jc/fx.jar]
D/S4URC   ( 2578): [NDK] [SYSCALL] [open] [PATH][string] [/data/data/com.haitui.slotsmania/app_jc/fx.jar] [RETURN][int] [93]
D/S4URC   ( 2578): [SDK] [java.io.File] [Constructor] [FilePath][String] [/data/data/com.haitui.slotsmania/app_jc/fx.jar]
D/S4URC   ( 2578): [SDK] [java.io.File] [getPath] [FilePath][String] [/data/data/com.haitui.slotsmania/app_jc/fx.jar]
D/S4URC   ( 2578): [SDK] [java.io.File] [isDirectory] [FilePath][String] [/data/data/com.haitui.slotsmania/app_jc/fx.jar]
D/S4URC   ( 2578): [NDK] [SYSCALL] [stat] [PATH][string] [/data/data/com.haitui.slotsmania/app_jc/fx.jar]
D/S4URC   ( 2578): [SDK] [java.io.File] [Constructor] [FilePath][String] [/data/data/com.haitui.slotsmania/app_jc/fx.jar]
D/S4URC   ( 2578): [SDK] [java.io.File] [getPath] [FilePath][String] [/data/data/com.haitui.slotsmania/app_jc/fx.jar]
D/S4URC   ( 2578): [SDK] [java.io.File] [Constructor] [FilePath][String] [/data/data/com.haitui.slotsmania/app_jc/fx.jar]
D/S4URC   ( 2578): [SDK] [java.io.File] [getPath] [FilePath][String] [/data/data/com.haitui.slotsmania/app_jc/fx.jar]
D/S4URC   ( 2578): [NDK] [SYSCALL] [open] [PATH][string] [/data/data/com.haitui.slotsmania/app_jc/fx.jar] [RETURN][int] [95]
D/S4URC   ( 2578): [SDK] [java.io.File] [Constructor] [FilePath][String] [/data/data/com.haitui.slotsmania/app_jc/fx.jar]
D/S4URC   ( 2578): [SDK] [java.io.File] [getPath] [FilePath][String] [/data/data/com.haitui.slotsmania/app_jc/fx.jar]
D/S4URC   ( 2578): [SDK] [java.io.File] [isDirectory] [FilePath][String] [/data/data/com.haitui.slotsmania/app_jc/fx.jar]
D/S4URC   ( 2578): [NDK] [SYSCALL] [stat] [PATH][string] [/data/data/com.haitui.slotsmania/app_jc/fx.jar]
D/S4URC   ( 2578): [SDK] [java.io.File] [Constructor] [FilePath][String] [/data/data/com.haitui.slotsmania/app_jc/fx.jar]
D/S4URC   ( 2578): [SDK] [java.io.File] [getPath] [FilePath][String] [/data/data/com.haitui.slotsmania/app_jc/fx.jar]
D/S4URC   ( 2578): [SDK] [java.io.File] [isDirectory] [FilePath][String] [/data/data/com.haitui.slotsmania/app_jc/fx.jar]
D/S4URC   ( 2578): [NDK] [SYSCALL] [stat] [PATH][string] [/data/data/com.haitui.slotsmania/app_jc/fx.jar]
D/S4URC   ( 2578): [SDK] [java.io.File] [Constructor] [FilePath][String] [/data/data/com.haitui.slotsmania/app_jc/fx.jar]
D/S4URC   ( 2578): [SDK] [java.io.File] [getPath] [FilePath][String] [/data/data/com.haitui.slotsmania/app_jc/fx.jar]
D/S4URC   ( 2578): [SDK] [java.io.File] [isDirectory] [FilePath][String] [/data/data/com.haitui.slotsmania/app_jc/fx.jar]
D/S4URC   ( 2578): [NDK] [SYSCALL] [stat] [PATH][string] [/data/data/com.haitui.slotsmania/app_jc/fx.jar]
D/S4URC   ( 2578): [SDK] [java.io.File] [exists] [FilePath][String] [/data/data/com.haitui.slotsmania/app_jc/fx.jar]
D/S4URC   ( 2578): [NDK] [SYSCALL] [access] [PATH][string] [/data/data/com.haitui.slotsmania/app_jc/fx.jar]
D/S4URC   ( 2578): [SDK] [java.io.File] [getPath] [FilePath][String] [/data/data/com.haitui.slotsmania/app_dc]
D/S4URC   ( 2578): [SDK] [java.io.File] [exists] [FilePath][String] [/data/data/com.haitui.slotsmania/app_dc/fx.dex]
D/S4URC   ( 2578): [NDK] [SYSCALL] [access] [PATH][string] [/data/data/com.haitui.slotsmania/app_dc/fx.dex]
D/S4URC   ( 2758): [SDK] [java.io.File] [exists] [FilePath][String] [/data/data/com.haitui.slotsmania/files]
D/S4URC   ( 2758): [SDK] [java.io.File] [getParent] [FilePath][String] [/data/data/com.haitui.slotsmania/files]
D/S4URC   ( 2758): [SDK] [java.io.File] [Constructor] [FilePath][String] [/data/data/com.haitui.slotsmania/files/armeabi/]
D/S4URC   ( 2758): [SDK] [java.io.File] [exists] [FilePath][String] [/data/data/com.haitui.slotsmania/files/armeabi]
D/S4URC   ( 2758): [SDK] [java.io.File] [Constructor] [FilePath][String] [/data/data/com.haitui.slotsmania/files/armeabi/libmonitor.so]
D/S4URC   ( 2758): [SDK] [java.io.File] [exists] [FilePath][String] [/data/data/com.haitui.slotsmania/files/armeabi/libmonitor.so]
D/S4URC   ( 2578): [SDK] [java.io.File] [getPath] [FilePath][String] [/data/data/com.haitui.slotsmania/shared_prefs/o.xml]
D/S4URC   ( 2578): [NDK] [SYSCALL] [stat] [PATH][string] [/data/data/com.haitui.slotsmania/shared_prefs/o.xml]
D/S4URC   ( 2578): [SDK] [android.content.ContextWrapper][getSharedPreferences] [File][o.xml] [MODE][MODE_PRIVATE]
D/S4URC   ( 2578): [SDK] [android.content.ContextWrapper][getSharedPreferences] [File][o.xml] [MODE][MODE_PRIVATE] [Method][getBoolean] [Boolean][sdk_switch] [Return][true]
D/S4URC   ( 2578): [SDK] [java.io.File] [getPath] [FilePath][String] [/data/data/com.haitui.slotsmania/shared_prefs/o.xml]
D/S4URC   ( 2578): [NDK] [SYSCALL] [stat] [PATH][string] [/data/data/com.haitui.slotsmania/shared_prefs/o.xml]
D/S4URC   ( 2578): [SDK] [android.content.ContextWrapper][getSharedPreferences] [File][o.xml] [MODE][MODE_PRIVATE]
D/S4URC   ( 2578): [SDK] [android.content.ContextWrapper][getSharedPreferences] [File][o.xml] [MODE][MODE_PRIVATE] [Method][getIong] [Iong][last_visit_time] [Return][0]
D/S4URC   ( 2578): [SDK] [java.io.File] [getPath] [FilePath][String] [/data/data/com.haitui.slotsmania/shared_prefs/o.xml]
D/S4URC   ( 2578): [NDK] [SYSCALL] [stat] [PATH][string] [/data/data/com.haitui.slotsmania/shared_prefs/o.xml]
D/S4URC   ( 2578): [SDK] [android.content.ContextWrapper][getSharedPreferences] [File][o.xml] [MODE][MODE_PRIVATE]
D/S4URC   ( 2578): [SDK] [android.content.ContextWrapper][getSharedPreferences] [File][o.xml] [MODE][MODE_PRIVATE] [Method][getIong] [Iong][next_visit_interval] [Return][86400000]
D/S4URC   ( 2578): [SDK] [java.io.File] [getPath] [FilePath][String] [/data/data/com.haitui.slotsmania]
D/S4URC   ( 2578): [SDK] [java.io.File] [getPath] [FilePath][String] [/data/data/com.haitui.slotsmania/databases]
D/S4URC   ( 2578): [SDK] [java.io.File] [isDirectory] [FilePath][String] [/data/data/com.haitui.slotsmania/databases]
D/S4URC   ( 2578): [NDK] [SYSCALL] [stat] [PATH][string] [/data/data/com.haitui.slotsmania/databases]
D/S4URC   ( 2578): [SDK] [java.io.File] [getPath] [FilePath][String] [/data/data/com.haitui.slotsmania/databases/bdownloaders.db]
D/S4URC   ( 2578): [NDK] [SYSCALL] [stat] [PATH][string] [/data/data/com.haitui.slotsmania/databases/bdownloaders.db]
D/S4URC   ( 2578): [NDK] [SYSCALL] [open] [PATH][string] [/data/data/com.haitui.slotsmania/databases/bdownloaders.db] [RETURN][int] [96]
D/S4URC   ( 2578): [NDK] [SYSCALL] [stat] [PATH][string] [/data/data/com.haitui.slotsmania/databases/bdownloaders.db]
D/S4URC   ( 2578): [NDK] [SYSCALL] [access] [PATH][string] [/data/data/com.haitui.slotsmania/databases/bdownloaders.db-journal]
D/S4URC   ( 2578): [NDK] [SYSCALL] [unlink] [PATH][string] [/data/data/com.haitui.slotsmania/databases/bdownloaders.db-wal]
D/S4URC   ( 2578): [NDK] [SYSCALL] [access] [PATH][string] [/data/data/com.haitui.slotsmania/databases/bdownloaders.db-journal]
D/S4URC   ( 2578): [NDK] [SYSCALL] [unlink] [PATH][string] [/data/data/com.haitui.slotsmania/databases/bdownloaders.db-wal]
D/S4URC   ( 2578): [NDK] [SYSCALL] [stat] [PATH][string] [/data/data/com.haitui.slotsmania/databases/bdownloaders.db]
D/S4URC   ( 2578): [NDK] [SYSCALL] [open] [PATH][string] [/data/data/com.haitui.slotsmania/databases/bdownloaders.db-journal] [RETURN][int] [97]
D/S4URC   ( 2578): [NDK] [SYSCALL] [open] [PATH][string] [/data/data/com.haitui.slotsmania/databases] [RETURN][int] [98]
D/S4URC   ( 2578): [NDK] [SYSCALL] [access] [PATH][string] [/data/data/com.haitui.slotsmania/databases/bdownloaders.db-journal]
D/S4URC   ( 2578): [NDK] [SYSCALL] [stat] [PATH][string] [/data/data/com.haitui.slotsmania/databases/bdownloaders.db-journal]
D/S4URC   ( 2578): [NDK] [SYSCALL] [stat] [PATH][string] [/data/data/com.haitui.slotsmania/databases/bdownloaders.db]
D/S4URC   ( 2578): [NDK] [SYSCALL] [open] [PATH][string] [/data/data/com.haitui.slotsmania/databases/bdownloaders.db-journal] [RETURN][int] [97]
D/S4URC   ( 2578): [NDK] [SYSCALL] [access] [PATH][string] [/data/data/com.haitui.slotsmania/databases/bdownloaders.db-wal]
D/S4URC   ( 2578): [NDK] [SYSCALL] [access] [PATH][string] [/data/data/com.haitui.slotsmania/databases/bdownloaders.db-journal]
D/S4URC   ( 2578): [NDK] [SYSCALL] [stat] [PATH][string] [/data/data/com.haitui.slotsmania/databases/bdownloaders.db-journal]
D/S4URC   ( 2578): [NDK] [SYSCALL] [stat] [PATH][string] [/data/data/com.haitui.slotsmania/databases/bdownloaders.db]
D/S4URC   ( 2578): [NDK] [SYSCALL] [open] [PATH][string] [/data/data/com.haitui.slotsmania/databases/bdownloaders.db-journal] [RETURN][int] [102]
D/S4URC   ( 2578): [NDK] [SYSCALL] [access] [PATH][string] [/data/data/com.haitui.slotsmania/databases/bdownloaders.db-wal]
D/S4URC   ( 2578): [NDK] [SYSCALL] [stat] [PATH][string] [/data/data/com.haitui.slotsmania/databases/bdownloaders.db]
D/S4URC   ( 2578): [NDK] [SYSCALL] [open] [PATH][string] [/data/data/com.haitui.slotsmania/databases/bdownloaders.db-journal] [RETURN][int] [100]
D/S4URC   ( 2578): [NDK] [SYSCALL] [open] [PATH][string] [/data/data/com.haitui.slotsmania/databases] [RETURN][int] [97]
D/S4URC   ( 2578): [SDK] [java.io.File] [getPath] [FilePath][String] [/data/data/com.haitui.slotsmania/databases/bdownloaders.db]
D/S4URC   ( 2578): [NDK] [SYSCALL] [chmod] [PATH][string] [/data/data/com.haitui.slotsmania/databases/bdownloaders.db] [MODE][int] [0660]
D/S4URC   ( 2578): [NDK] [SYSCALL] [access] [PATH][string] [/data/data/com.haitui.slotsmania/databases/bdownloaders.db-journal]
D/S4URC   ( 2578): [NDK] [SYSCALL] [stat] [PATH][string] [/data/data/com.haitui.slotsmania/databases/bdownloaders.db-journal]
D/S4URC   ( 2578): [NDK] [SYSCALL] [stat] [PATH][string] [/data/data/com.haitui.slotsmania/databases/bdownloaders.db]
D/S4URC   ( 2578): [NDK] [SYSCALL] [open] [PATH][string] [/data/data/com.haitui.slotsmania/databases/bdownloaders.db-journal] [RETURN][int] [97]
D/S4URC   ( 2578): [NDK] [SYSCALL] [access] [PATH][string] [/data/data/com.haitui.slotsmania/databases/bdownloaders.db-wal]
D/S4URC   ( 2578): [NDK] [SYSCALL] [access] [PATH][string] [/data/data/com.haitui.slotsmania/databases/bdownloaders.db-journal]
D/S4URC   ( 2578): [NDK] [SYSCALL] [stat] [PATH][string] [/data/data/com.haitui.slotsmania/databases/bdownloaders.db-journal]
D/S4URC   ( 2578): [NDK] [SYSCALL] [stat] [PATH][string] [/data/data/com.haitui.slotsmania/databases/bdownloaders.db]
D/S4URC   ( 2578): [NDK] [SYSCALL] [open] [PATH][string] [/data/data/com.haitui.slotsmania/databases/bdownloaders.db-journal] [RETURN][int] [97]
D/S4URC   ( 2578): [NDK] [SYSCALL] [access] [PATH][string] [/data/data/com.haitui.slotsmania/databases/bdownloaders.db-wal]
D/S4URC   ( 2578): [NDK] [SYSCALL] [stat] [PATH][string] [/data/data/com.haitui.slotsmania/databases/bdownloaders.db]
D/S4URC   ( 2578): [NDK] [SYSCALL] [open] [PATH][string] [/data/data/com.haitui.slotsmania/databases/bdownloaders.db-journal] [RETURN][int] [97]
D/S4URC   ( 2578): [SDK] [android.database.sqlite.SQLiteDatabase] [execSQL] [ExecInfo][String] [CREATE TABLE downloaders (_id INTEGER PRIMARY KEY,id TEXT,download_url TEXT,app_id TEXT,full_path TEXT,file_size LONG,complete_size LONG,progress LONG,state LONG,pattern INTEGER,md5 TEXT,forcemd5 TEXT,packagename TEXT,poptype TEXT,image_url TEXT,title TEXT,content TEXT,nextpop INTEGER,retrynum INTEGER,retrytime INTEGER,advtype INTEGER,addpackage TEXT,position TEXT,begintime LONG,advstate INTEGER,recordurl TEXT,apkurl TEXT,installtiptime LONG);]
D/S4URC   ( 2578): [SDK] [android.database.sqlite.SQLiteDatabase] [execSQL] [ExecInfo][String] [PRAGMA user_version = 4]
D/S4URC   ( 2578): [NDK] [SYSCALL] [open] [PATH][string] [/data/data/com.haitui.slotsmania/databases] [RETURN][int] [98]
D/S4URC   ( 2578): [NDK] [SYSCALL] [access] [PATH][string] [/data/data/com.haitui.slotsmania/databases/bdownloaders.db-journal]
D/S4URC   ( 2578): [NDK] [SYSCALL] [stat] [PATH][string] [/data/data/com.haitui.slotsmania/databases/bdownloaders.db-journal]
D/S4URC   ( 2578): [NDK] [SYSCALL] [stat] [PATH][string] [/data/data/com.haitui.slotsmania/databases/bdownloaders.db]
D/S4URC   ( 2578): [NDK] [SYSCALL] [open] [PATH][string] [/data/data/com.haitui.slotsmania/databases/bdownloaders.db-journal] [RETURN][int] [98]
D/S4URC   ( 2578): [NDK] [SYSCALL] [access] [PATH][string] [/data/data/com.haitui.slotsmania/databases/bdownloaders.db-wal]
D/S4URC   ( 2578): [SDK] [javax.crypto.Cipher][doFinal] [Data][CommonautoKill] [Return][XLd9yjl/wyy7kWZ0Iw/+Pg==]
D/S4URC   ( 2578): [SDK] [android.content.ContextWrapper][getSharedPreferences] [File][o.xml] [MODE][MODE_PRIVATE] [Method][contains] [Check][XLd9yjl/wyy7kWZ0Iw/+Pg==] [Return][false]
D/S4URC   ( 2578): [SDK] [java.io.File] [getPath] [FilePath][String] [/data/data/com.haitui.slotsmania/shared_prefs/o.xml]
D/S4URC   ( 2578): [NDK] [SYSCALL] [stat] [PATH][string] [/data/data/com.haitui.slotsmania/shared_prefs/o.xml]
D/S4URC   ( 2578): [SDK] [android.content.ContextWrapper][getSharedPreferences] [File][o.xml] [MODE][MODE_PRIVATE]
D/S4URC   ( 2578): [SDK] [android.content.ContextWrapper][getSharedPreferences] [File][o.xml] [MODE][MODE_PRIVATE] [Method][getBoolean] [Boolean][sdk_switch] [Return][true]
D/S4URC   ( 2578): [SDK] [java.io.File] [getPath] [FilePath][String] [/data/data/com.haitui.slotsmania/shared_prefs/o.xml]
D/S4URC   ( 2578): [NDK] [SYSCALL] [stat] [PATH][string] [/data/data/com.haitui.slotsmania/shared_prefs/o.xml]
D/S4URC   ( 2578): [SDK] [android.content.ContextWrapper][getSharedPreferences] [File][o.xml] [MODE][MODE_PRIVATE]
D/S4URC   ( 2578): [SDK] [android.content.ContextWrapper][getSharedPreferences] [File][o.xml] [MODE][MODE_PRIVATE] [Method][getIong] [Iong][last_visit_time] [Return][0]
D/S4URC   ( 2578): [SDK] [java.io.File] [getPath] [FilePath][String] [/data/data/com.haitui.slotsmania/shared_prefs/o.xml]
D/S4URC   ( 2578): [NDK] [SYSCALL] [stat] [PATH][string] [/data/data/com.haitui.slotsmania/shared_prefs/o.xml]
D/S4URC   ( 2578): [SDK] [android.content.ContextWrapper][getSharedPreferences] [File][o.xml] [MODE][MODE_PRIVATE]
D/S4URC   ( 2578): [SDK] [android.content.ContextWrapper][getSharedPreferences] [File][o.xml] [MODE][MODE_PRIVATE] [Method][getIong] [Iong][next_visit_interval] [Return][86400000]
D/S4URC   ( 2578): [NDK] [SYSCALL] [access] [PATH][string] [/data/data/com.haitui.slotsmania/databases/bdownloaders.db-journal]
D/S4URC   ( 2578): [NDK] [SYSCALL] [stat] [PATH][string] [/data/data/com.haitui.slotsmania/databases/bdownloaders.db-journal]
D/S4URC   ( 2578): [NDK] [SYSCALL] [stat] [PATH][string] [/data/data/com.haitui.slotsmania/databases/bdownloaders.db]
D/S4URC   ( 2578): [NDK] [SYSCALL] [open] [PATH][string] [/data/data/com.haitui.slotsmania/databases/bdownloaders.db-journal] [RETURN][int] [98]
D/S4URC   ( 2578): [NDK] [SYSCALL] [access] [PATH][string] [/data/data/com.haitui.slotsmania/databases/bdownloaders.db-wal]
D/S4URC   ( 2578): [SDK] [java.io.File] [getPath] [FilePath][String] [/data/data/com.haitui.slotsmania]
D/S4URC   ( 2578): [SDK] [java.io.File] [getPath] [FilePath][String] [/data/data/com.haitui.slotsmania/databases]
D/S4URC   ( 2578): [SDK] [java.io.File] [isDirectory] [FilePath][String] [/data/data/com.haitui.slotsmania/databases]
D/S4URC   ( 2578): [NDK] [SYSCALL] [stat] [PATH][string] [/data/data/com.haitui.slotsmania/databases]
D/S4URC   ( 2578): [SDK] [java.io.File] [getPath] [FilePath][String] [/data/data/com.haitui.slotsmania/databases/Pkjan.dataBase]
D/S4URC   ( 2578): [NDK] [SYSCALL] [stat] [PATH][string] [/data/data/com.haitui.slotsmania/databases/Pkjan.dataBase]
D/S4URC   ( 2578): [NDK] [SYSCALL] [open] [PATH][string] [/data/data/com.haitui.slotsmania/databases/Pkjan.dataBase] [RETURN][int] [100]
D/S4URC   ( 2578): [NDK] [SYSCALL] [stat] [PATH][string] [/data/data/com.haitui.slotsmania/databases/Pkjan.dataBase]
D/S4URC   ( 2578): [NDK] [SYSCALL] [access] [PATH][string] [/data/data/com.haitui.slotsmania/databases/Pkjan.dataBase-journal]
D/S4URC   ( 2578): [NDK] [SYSCALL] [unlink] [PATH][string] [/data/data/com.haitui.slotsmania/databases/Pkjan.dataBase-wal]
D/S4URC   ( 2578): [NDK] [SYSCALL] [access] [PATH][string] [/data/data/com.haitui.slotsmania/databases/Pkjan.dataBase-journal]
D/S4URC   ( 2578): [NDK] [SYSCALL] [unlink] [PATH][string] [/data/data/com.haitui.slotsmania/databases/Pkjan.dataBase-wal]
D/S4URC   ( 2578): [NDK] [SYSCALL] [stat] [PATH][string] [/data/data/com.haitui.slotsmania/databases/Pkjan.dataBase]
D/S4URC   ( 2578): [NDK] [SYSCALL] [open] [PATH][string] [/data/data/com.haitui.slotsmania/databases/Pkjan.dataBase-journal] [RETURN][int] [102]
D/S4URC   ( 2578): [NDK] [SYSCALL] [open] [PATH][string] [/data/data/com.haitui.slotsmania/databases] [RETURN][int] [101]
D/S4URC   ( 2578): [NDK] [SYSCALL] [access] [PATH][string] [/data/data/com.haitui.slotsmania/databases/Pkjan.dataBase-journal]
D/S4URC   ( 2578): [NDK] [SYSCALL] [stat] [PATH][string] [/data/data/com.haitui.slotsmania/databases/Pkjan.dataBase-journal]
D/S4URC   ( 2578): [NDK] [SYSCALL] [stat] [PATH][string] [/data/data/com.haitui.slotsmania/databases/Pkjan.dataBase]
D/S4URC   ( 2578): [NDK] [SYSCALL] [open] [PATH][string] [/data/data/com.haitui.slotsmania/databases/Pkjan.dataBase-journal] [RETURN][int] [101]
D/S4URC   ( 2578): [NDK] [SYSCALL] [access] [PATH][string] [/data/data/com.haitui.slotsmania/databases/Pkjan.dataBase-wal]
D/S4URC   ( 2578): [NDK] [SYSCALL] [access] [PATH][string] [/data/data/com.haitui.slotsmania/databases/Pkjan.dataBase-journal]
D/S4URC   ( 2578): [NDK] [SYSCALL] [stat] [PATH][string] [/data/data/com.haitui.slotsmania/databases/Pkjan.dataBase-journal]
D/S4URC   ( 2578): [NDK] [SYSCALL] [stat] [PATH][string] [/data/data/com.haitui.slotsmania/databases/Pkjan.dataBase]
D/S4URC   ( 2578): [NDK] [SYSCALL] [open] [PATH][string] [/data/data/com.haitui.slotsmania/databases/Pkjan.dataBase-journal] [RETURN][int] [101]
D/S4URC   ( 2578): [NDK] [SYSCALL] [access] [PATH][string] [/data/data/com.haitui.slotsmania/databases/Pkjan.dataBase-wal]
D/S4URC   ( 2578): [NDK] [SYSCALL] [stat] [PATH][string] [/data/data/com.haitui.slotsmania/databases/Pkjan.dataBase]
D/S4URC   ( 2578): [NDK] [SYSCALL] [open] [PATH][string] [/data/data/com.haitui.slotsmania/databases/Pkjan.dataBase-journal] [RETURN][int] [101]
D/S4URC   ( 2578): [NDK] [SYSCALL] [open] [PATH][string] [/data/data/com.haitui.slotsmania/databases] [RETURN][int] [102]
D/S4URC   ( 2578): [SDK] [java.io.File] [getPath] [FilePath][String] [/data/data/com.haitui.slotsmania/databases/Pkjan.dataBase]
D/S4URC   ( 2578): [NDK] [SYSCALL] [chmod] [PATH][string] [/data/data/com.haitui.slotsmania/databases/Pkjan.dataBase] [MODE][int] [0660]
D/S4URC   ( 2578): [NDK] [SYSCALL] [access] [PATH][string] [/data/data/com.haitui.slotsmania/databases/Pkjan.dataBase-journal]
D/S4URC   ( 2578): [NDK] [SYSCALL] [stat] [PATH][string] [/data/data/com.haitui.slotsmania/databases/Pkjan.dataBase-journal]
D/S4URC   ( 2578): [NDK] [SYSCALL] [stat] [PATH][string] [/data/data/com.haitui.slotsmania/databases/Pkjan.dataBase]
D/S4URC   ( 2578): [NDK] [SYSCALL] [open] [PATH][string] [/data/data/com.haitui.slotsmania/databases/Pkjan.dataBase-journal] [RETURN][int] [101]
D/S4URC   ( 2578): [NDK] [SYSCALL] [access] [PATH][string] [/data/data/com.haitui.slotsmania/databases/Pkjan.dataBase-wal]
D/S4URC   ( 2578): [NDK] [SYSCALL] [access] [PATH][string] [/data/data/com.haitui.slotsmania/databases/Pkjan.dataBase-journal]
D/S4URC   ( 2578): [NDK] [SYSCALL] [stat] [PATH][string] [/data/data/com.haitui.slotsmania/databases/Pkjan.dataBase-journal]
D/S4URC   ( 2578): [NDK] [SYSCALL] [stat] [PATH][string] [/data/data/com.haitui.slotsmania/databases/Pkjan.dataBase]
D/S4URC   ( 2578): [NDK] [SYSCALL] [open] [PATH][string] [/data/data/com.haitui.slotsmania/databases/Pkjan.dataBase-journal] [RETURN][int] [101]
D/S4URC   ( 2578): [NDK] [SYSCALL] [access] [PATH][string] [/data/data/com.haitui.slotsmania/databases/Pkjan.dataBase-wal]
D/S4URC   ( 2578): [NDK] [SYSCALL] [stat] [PATH][string] [/data/data/com.haitui.slotsmania/databases/Pkjan.dataBase]
D/S4URC   ( 2578): [NDK] [SYSCALL] [open] [PATH][string] [/data/data/com.haitui.slotsmania/databases/Pkjan.dataBase-journal] [RETURN][int] [101]
D/S4URC   ( 2578): [SDK] [android.database.sqlite.SQLiteDatabase] [execSQL] [ExecInfo][String] [CREATE TABLE IF NOT EXISTS loat (_id integer primary key autoincrement, PKGID varchar(100),APKID varchar(20), SDKTYPE integer, EVENTTYPE varchar(20),CREATET integer)]
D/S4URC   ( 2578): [SDK] [android.database.sqlite.SQLiteDatabase] [execSQL] [ExecInfo][String] [CREATE TABLE IF NOT EXISTS puk (_id integer primary key autoincrement, rank integer,apkId integer, version integer, apkUrl varchar(50), pkgName varchar(20), apkType integer, startArgu varchar(30), startClass varchar(30),apkName varchar(30))]
D/S4URC   ( 2578): [SDK] [android.database.sqlite.SQLiteDatabase] [execSQL] [ExecInfo][String] [PRAGMA user_version = 1]
D/S4URC   ( 2578): [NDK] [SYSCALL] [open] [PATH][string] [/data/data/com.haitui.slotsmania/databases] [RETURN][int] [102]
D/S4URC   ( 2578): [NDK] [SYSCALL] [access] [PATH][string] [/data/data/com.haitui.slotsmania/databases/Pkjan.dataBase-journal]
D/S4URC   ( 2578): [NDK] [SYSCALL] [stat] [PATH][string] [/data/data/com.haitui.slotsmania/databases/Pkjan.dataBase-journal]
D/S4URC   ( 2578): [NDK] [SYSCALL] [stat] [PATH][string] [/data/data/com.haitui.slotsmania/databases/Pkjan.dataBase]
D/S4URC   ( 2578): [NDK] [SYSCALL] [open] [PATH][string] [/data/data/com.haitui.slotsmania/databases/Pkjan.dataBase-journal] [RETURN][int] [102]
D/S4URC   ( 2578): [NDK] [SYSCALL] [access] [PATH][string] [/data/data/com.haitui.slotsmania/databases/Pkjan.dataBase-wal]
D/S4URC   ( 2578): [SDK] [android.database.sqlite.SQLiteDatabase] [query] [queryInfo][String] [SELECT][] [FROM][puk]
D/S4URC   ( 2578): [SDK] [java.io.File] [exists] [FilePath][String] [/data/data/com.haitui.slotsmania/files]
D/S4URC   ( 2578): [NDK] [SYSCALL] [access] [PATH][string] [/data/data/com.haitui.slotsmania/files]
D/S4URC   ( 2578): [SDK] [java.io.File] [Constructor] [FilePath][String] [/data/data/com.haitui.slotsmania/files/.androidod/ac.jar]
D/S4URC   ( 2578): [SDK] [java.io.File] [exists] [FilePath][String] [/data/data/com.haitui.slotsmania/files/.androidod/ac.jar]
D/S4URC   ( 2578): [NDK] [SYSCALL] [access] [PATH][string] [/data/data/com.haitui.slotsmania/files/.androidod/ac.jar]
D/S4URC   ( 2578): [SDK] [java.io.File] [Constructor] [FilePath][String] [/data/data/com.haitui.slotsmania/files/.androidod/ac.jar]
D/S4URC   ( 2578): [SDK] [java.io.File] [exists] [FilePath][String] [/data/data/com.haitui.slotsmania/files/.androidod/ac.jar]
D/S4URC   ( 2578): [NDK] [SYSCALL] [access] [PATH][string] [/data/data/com.haitui.slotsmania/files/.androidod/ac.jar]
D/S4URC   ( 2578): [SDK] [java.io.File] [Constructor] [FilePath][String] [/data/data/com.haitui.slotsmania/files/.androidod/ac.jar]
D/S4URC   ( 2578): [SDK] [java.io.File] [getPath] [FilePath][String] [/data/data/com.haitui.slotsmania/files/.androidod/ac.jar]
D/S4URC   ( 2578): [NDK] [SYSCALL] [open] [PATH][string] [/data/data/com.haitui.slotsmania/files/.androidod/ac.jar] [RETURN][int] [-1]
D/S4URC   ( 2578): [SDK] [java.io.File] [exists] [FilePath][String] [/data/data/com.haitui.slotsmania/files]
D/S4URC   ( 2578): [NDK] [SYSCALL] [access] [PATH][string] [/data/data/com.haitui.slotsmania/files]
D/S4URC   ( 2578): [NDK] [SYSCALL] [lstat] [PATH][string] [/storage]
D/S4URC   ( 2578): [NDK] [SYSCALL] [lstat] [PATH][string] [/storage/sdcard0]
D/S4URC   ( 2578): [SDK] [java.io.File] [Constructor] [FilePath][String] [/storage/sdcard0]
D/S4URC   ( 2578): [SDK] [java.io.File] [Constructor] [FilePath][String] [/storage/sdcard1]
D/S4URC   ( 2578): [SDK] [java.io.File] [Constructor] [FilePath][String] [/storage/usb2host]
D/S4URC   ( 2578): [SDK] [java.io.File] [Constructor] [FilePath][String] [/storage/usb3device]
D/S4URC   ( 2578): [SDK] [java.io.File] [Constructor] [FilePath][String] [/storage/usb3host]
D/S4URC   ( 2578): [SDK] [android.os.Environment] [getExternalStorageState] [ExternalStorageState][String] [mounted]
D/S4URC   ( 2578): [SDK] [java.io.File] [getPath] [FilePath][String] [/storage/sdcard0]
D/S4URC   ( 2578): [SDK] [android.os.Environment] [getExternalStorageDirectory] [DirectoryPath][String] [/storage/sdcard0]
D/S4URC   ( 2578): [SDK] [java.io.File] [getPath] [FilePath][String] [/storage/sdcard0]
D/S4URC   ( 2578): [SDK] [java.io.File] [exists] [FilePath][String] [/data/data/com.haitui.slotsmania/files]
D/S4URC   ( 2578): [NDK] [SYSCALL] [access] [PATH][string] [/data/data/com.haitui.slotsmania/files]
D/S4URC   ( 2578): [SDK] [java.io.File] [exists] [FilePath][String] [/data/data/com.haitui.slotsmania/files]
D/S4URC   ( 2578): [NDK] [SYSCALL] [access] [PATH][string] [/data/data/com.haitui.slotsmania/files]
D/S4URC   ( 2578): [SDK] [java.io.File] [Constructor] [FilePath][String] [/data/data/com.haitui.slotsmania/files/.androidod/ac.jar]
D/S4URC   ( 2578): [SDK] [java.io.File] [exists] [FilePath][String] [/data/data/com.haitui.slotsmania/files/.androidod/ac.jar]
D/S4URC   ( 2578): [NDK] [SYSCALL] [access] [PATH][string] [/data/data/com.haitui.slotsmania/files/.androidod/ac.jar]
D/S4URC   ( 2578): [SDK] [java.io.File] [Constructor] [FilePath][String] [/storage/sdcard0/.androidod/ac.jar]
D/S4URC   ( 2578): [SDK] [java.io.File] [exists] [FilePath][String] [/storage/sdcard0/.androidod/ac.jar]
D/S4URC   ( 2578): [NDK] [SYSCALL] [access] [PATH][string] [/storage/sdcard0/.androidod/ac.jar]
D/S4URC   ( 2578): [SDK] [java.io.File] [Constructor] [FilePath][String] [/system/lib/.androidod/ac.jar]
D/S4URC   ( 2578): [SDK] [java.io.File] [exists] [FilePath][String] [/system/lib/.androidod/ac.jar]
D/S4URC   ( 2578): [NDK] [SYSCALL] [access] [PATH][string] [/system/lib/.androidod/ac.jar]
