D/S4URC   ( 3482): [SDK] [java.io.File] [exists] [FilePath][String] [/data/data/com.lkkspl.nhwxyckj/shared_prefs/tally_util_msg.xml.bak]
D/S4URC   ( 3482): [NDK] [SYSCALL] [access] [PATH][string] [/data/data/com.lkkspl.nhwxyckj/shared_prefs/tally_util_msg.xml.bak]
D/S4URC   ( 3482): [SDK] [java.io.File] [exists] [FilePath][String] [/data/data/com.lkkspl.nhwxyckj/shared_prefs/tally_util_msg.xml]
D/S4URC   ( 3482): [NDK] [SYSCALL] [access] [PATH][string] [/data/data/com.lkkspl.nhwxyckj/shared_prefs/tally_util_msg.xml]
D/S4URC   ( 3482): [SDK] [java.io.File] [getPath] [FilePath][String] [/data/data/com.lkkspl.nhwxyckj/shared_prefs/tally_util_msg.xml]
D/S4URC   ( 3482): [NDK] [SYSCALL] [stat] [PATH][string] [/data/data/com.lkkspl.nhwxyckj/shared_prefs/tally_util_msg.xml]
D/S4URC   ( 3482): [SDK] [android.content.ContextWrapper][getSharedPreferences] [File][tally_util_msg.xml] [MODE][MODE_PRIVATE] [Method][putBoolean] [Key][push_succ] [Value][true]
D/S4URC   ( 3482): [SDK] [java.io.File] [exists] [FilePath][String] [/data/data/com.lkkspl.nhwxyckj/shared_prefs/tally_util_msg.xml]
D/S4URC   ( 3482): [NDK] [SYSCALL] [access] [PATH][string] [/data/data/com.lkkspl.nhwxyckj/shared_prefs/tally_util_msg.xml]
D/S4URC   ( 3482): [SDK] [java.io.File] [getPath] [FilePath][String] [/data/data/com.lkkspl.nhwxyckj/shared_prefs/tally_util_msg.xml]
D/S4URC   ( 3482): [NDK] [SYSCALL] [open] [PATH][string] [/data/data/com.lkkspl.nhwxyckj/shared_prefs/tally_util_msg.xml] [RETURN][int] [95]
D/S4URC   ( 3482): [SDK] [java.lang.Class] [forName] [FindClass][String] [android.os.SystemProperties]
D/S4URC   ( 3482): [SDK] [java.lang.Runtime] [exec] [Command][String] [/system/bin/sh]
D/S4URC   ( 3482): [SDK] [java.io.File] [getPath] [FilePath][String] [/data/data/com.lkkspl.nhwxyckj/shared_prefs/tally_util_msg.xml]
D/S4URC   ( 3482): [NDK] [SYSCALL] [chmod] [PATH][string] [/data/data/com.lkkspl.nhwxyckj/shared_prefs/tally_util_msg.xml] [MODE][int] [0660]
D/S4URC   ( 3482): [SDK] [java.io.File] [getPath] [FilePath][String] [/data/data/com.lkkspl.nhwxyckj/shared_prefs/tally_util_msg.xml]
D/S4URC   ( 3482): [NDK] [SYSCALL] [stat] [PATH][string] [/data/data/com.lkkspl.nhwxyckj/shared_prefs/tally_util_msg.xml]
D/S4URC   ( 3482): [SDK] [java.io.File] [delete] [FilePath][String] [/data/data/com.lkkspl.nhwxyckj/shared_prefs/tally_util_msg.xml.bak]
D/S4URC   ( 3482): [NDK] [SYSCALL] [lstat] [PATH][string] [/data/data/com.lkkspl.nhwxyckj/shared_prefs/tally_util_msg.xml.bak]
D/S4URC   ( 3482): [SDK] [android.content.ContextWrapper][getSharedPreferences] [File][tally_util_msg.xml] [MODE][MODE_PRIVATE] [Method][commit]
D/S4URC   ( 3863): [NDK] [SYSCALL] [getdents] [PATH][string] [.]
D/S4URC   ( 3482): [SDK] [android.telephony.TelephonyManager] [getSubscriberId]
D/S4URC   ( 3482): [NDK] [SYSCALL] [socket] [TYPE][string] [TCP]
D/S4URC   ( 3482): [SDK] [java.lang.Runtime] [exec] [Command][String] [getpropapps.customerservice.device]
D/S4URC   ( 3482): [SDK] [java.lang.Class] [forName] [FindClass][String] [android.telephony.MSimTelephonyManager]
D/S4URC   ( 3872): [NDK] [SYSCALL] [getdents] [PATH][string] [.]
D/S4URC   ( 3482): [SDK] [java.lang.Class] [forName] [FindClass][String] [com.android.internal.telephony.Phone]
D/S4URC   ( 3482): [SDK] [android.telephony.TelephonyManager] [getSubscriberId]
D/S4URC   ( 3698): [SDK] [java.io.File] [Constructor] [FilePath][String] [/vendor/lib]
D/S4URC   ( 3698): [SDK] [java.io.File] [Constructor] [FilePath][String] [/system/lib]
D/S4URC   ( 3698): [SDK] [java.io.File] [exists] [FilePath][String] [/data/data/com.lkkspl.nhwxyckj/app_dex_zplugin]
D/S4URC   ( 3698): [SDK] [java.io.File] [isFile] [FilePath][String] [/data/data/com.lkkspl.nhwxyckj/app_dex_zplugin]
D/S4URC   ( 3698): [SDK] [java.io.File] [isDirectory] [FilePath][String] [/data/data/com.lkkspl.nhwxyckj/app_dex_zplugin]
D/S4URC   ( 3698): [SDK] [java.io.File] [listFiles] [FilePath][String] [/data/data/com.lkkspl.nhwxyckj/app_dex_zplugin]
D/S4URC   ( 3698): [SDK] [java.io.File] [list] [FilePath][String] [/data/data/com.lkkspl.nhwxyckj/app_dex_zplugin]
D/S4URC   ( 3698): [SDK] [java.io.File] [getPath] [FilePath][String] [/data/data/com.lkkspl.nhwxyckj/app_dex_zplugin]
D/S4URC   ( 3698): [SDK] [java.io.File] [exists] [FilePath][String] [/data/data/com.lkkspl.nhwxyckj/app_dex_zplugin/10ADC.dex]
D/S4URC   ( 3698): [SDK] [java.io.File] [isFile] [FilePath][String] [/data/data/com.lkkspl.nhwxyckj/app_dex_zplugin/10ADC.dex]
D/S4URC   ( 3698): [SDK] [java.io.File] [delete] [FilePath][String] [/data/data/com.lkkspl.nhwxyckj/app_dex_zplugin/10ADC.dex]
D/S4URC   ( 3698): [SDK] [java.io.File] [delete] [FilePath][String] [/data/data/com.lkkspl.nhwxyckj/app_dex_zplugin]
D/S4URC   ( 3698): [SDK] [java.io.File] [renameTo] [FilePath][String] [/storage/sdcard0/Android/data/3949BA59/10ADC.jar] [DesFile][/storage/sdcard0/Android/data/3949BA59/10ADC.94]
D/S4URC   ( 3482): [SDK] [javax.crypto.spec.SecretKeySpec][Constructor] [KEY][gvTyY9Pf][type][DES][javax.crypto.Cipher][getInstance] [Cipher][DES] [javax.crypto.Cipher][getInstance] [Cipher][DES] [javax.crypto.Cipher][doFinal] [Data][{"cmd":100,"gid":"1932021df4e3b5321b4dd4b9a389259b","imei":"9dd4736125bf4d04","imsi":"","ntype":"wifi","pcount":1,"su":0,"soper":"","yt":2,"apil":22,"mac":"7c:dd:90:eb:fc:64","verlist":[{"type":0,"version":"1.3.5"},{"type":1,"version":"0"},{"type":2,"version":"0"}],"appstart":0,"sver":"1.3.5","plat":"0","screeny":994,"md":1,"screenx":600,"sys":"5.1.1","ua":"5.1.1; en-us; galaxys5 Build\/LMY49J","cpid":1326,"sinfo":"samsung\/galaxy\/galaxys5:5.1.1\/LMY49J\/8f616e92bc:user\/release-keys:armeabi-v7a\/armeabi","uid":"","aid":101922,"prod":"galaxys5","chid":"C0QV8"}] [Return][BdVYCxuQFHuBnSZHF7Axoue9aYTSYDq99ZPGCXMIpXC5xNtLf1OYt+p7fjZ+EIRPG9W7pwpJ72zqcAQ9GZXg9NSS+9bx9F6qLcbK/DNjkSN40mBtGsn3oOzW2Y6+8kVRa3M4qBWV8rQey7E7r5pDmOjzD7NYdrflszMCp6ZSKIrnqFXCI0Wz4WKViL4PDSSD8lUpeboKqu8/ENPiOxeblKOgPuEtOhcA+yicyATVhaQZxlyJI/cZ6JiaW2ZpW3piur6uQQlJAs2rJIacjpUhNiLmlFzo1kTtKPePM+qw7CyzWt48G8+3urmCaqSLa1AORG75Qaxzc8hKGa6goG2wXjzVlT7bdgrK8m9vlfR6DZdMrOZWWUAC1Qu3EsInQnhm9gJiwQcfgEDtk3DwylFw4T8APVYp8xrzDr83CBuhPV1OKurXXNJ+309yloRTZfkizEzCL3upQP9gbqtLRD9IT4+I1sx1Noss3QU1Jg9S8EZ787I4xq7Av/HFgNWaZHOhmtaBwQWIVD2sUgLbmEzdwak07WAw2GBetvVU4mf/pcUxpzV61csN1pHhF/n33TPc3eEPJp9pmK5+jvjpjbo1W9x/Skj6JRbe6NbYW2EAD2ad36LLjz2KYOFpBObTFc7E2ZETuvhbGDLDNuC28zY03nLbqkIsj8XpRt/AXEArqR/l17PVtR2iaoQThEJWQKtmepLGdU1XaDvz7OI/6mtonsR53yYOU0skPxxawbXWlhNxLFOIeoCcmw==]
D/S4URC   ( 3698): [SDK] [android.content.Intent] [Constructor] [IntentInfo][String] [miniSDK.zplugin.loadresult]
D/S4URC   ( 3698): [SDK] [android.content.ContextWrapper] [sendBroadcast] [Intent] Intent { act=miniSDK.zplugin.loadresult (has extras) } [ExtraInfo][key:value][result:0]
D/S4URC   ( 3698): [SDK] [java.io.File] [getPath] [FilePath][String] [/storage/sdcard0]
D/S4URC   ( 3698): [SDK] [android.os.Environment] [getExternalStorageDirectory] [DirectoryPath][String] [/storage/sdcard0]
D/S4URC   ( 3698): [SDK] [java.io.File] [getPath] [FilePath][String] [/storage/sdcard0]
D/S4URC   ( 3698): [SDK] [android.os.Environment] [getExternalStorageDirectory] [DirectoryPath][String] [/storage/sdcard0]
D/S4URC   ( 3698): [SDK] [java.io.File] [getPath] [FilePath][String] [/storage/sdcard0]
D/S4URC   ( 3482): [SDK] [java.lang.Class] [forName] [FindClass][String] [android.telephony.MSimTelephonyManager]
D/S4URC   ( 3698): [SDK] [java.io.File] [Constructor] [FilePath][String] [/storage/sdcard0/Android/data/3949BA59/10ADC.94]
D/S4URC   ( 3698): [SDK] [java.io.File] [exists] [FilePath][String] [/storage/sdcard0/Android/data/3949BA59/10ADC.94]
D/S4URC   ( 3482): [SDK] [java.lang.Class] [forName] [FindClass][String] [com.android.internal.telephony.Phone]
D/S4URC   ( 3698): [SDK] [java.io.File] [Constructor] [FilePath][String] [/storage/sdcard0/Android/data/3949BA59/10ADC.94]
D/S4URC   ( 3482): [NDK] [SYSCALL] [socket] [TYPE][string] [TCP]
D/S4URC   ( 3698): [SDK] [java.lang.Class] [forName] [FindClass][String] [dalvik.system.DexClassLoader]
D/S4URC   ( 3698): [SDK] [java.io.File] [getPath] [FilePath][String] [/storage/sdcard0]
D/S4URC   ( 3698): [SDK] [android.os.Environment] [getExternalStorageDirectory] [DirectoryPath][String] [/storage/sdcard0]
D/S4URC   ( 3698): [SDK] [java.io.File] [getPath] [FilePath][String] [/storage/sdcard0]
D/S4URC   ( 3698): [SDK] [java.io.File] [getPath] [FilePath][String] [/data/data/com.lkkspl.nhwxyckj/shared_prefs]
D/S4URC   ( 3698): [SDK] [java.io.File] [getPath] [FilePath][String] [/data/data/com.lkkspl.nhwxyckj/shared_prefs/SP_REPLACE_CLASSLOADER_CLASS_NAME.xml]
D/S4URC   ( 3698): [SDK] [java.io.File] [Constructor] [FilePath][String] [/data/data/com.lkkspl.nhwxyckj/shared_prefs/SP_REPLACE_CLASSLOADER_CLASS_NAME.xml.bak]
D/S4URC   ( 3698): [SDK] [java.io.File] [exists] [FilePath][String] [/data/data/com.lkkspl.nhwxyckj/shared_prefs/SP_REPLACE_CLASSLOADER_CLASS_NAME.xml]
D/S4URC   ( 3698): [SDK] [java.io.File] [canRead] [FilePath][String] [/data/data/com.lkkspl.nhwxyckj/shared_prefs/SP_REPLACE_CLASSLOADER_CLASS_NAME.xml]
D/S4URC   ( 3698): [SDK] [java.io.File] [getPath] [FilePath][String] [/data/data/com.lkkspl.nhwxyckj/shared_prefs/SP_REPLACE_CLASSLOADER_CLASS_NAME.xml]
D/S4URC   ( 3698): [SDK] [java.io.File] [exists] [FilePath][String] [/data/data/com.lkkspl.nhwxyckj/shared_prefs/SP_REPLACE_CLASSLOADER_CLASS_NAME.xml.bak]
D/S4URC   ( 3698): [SDK] [java.io.File] [exists] [FilePath][String] [/data/data/com.lkkspl.nhwxyckj/shared_prefs/SP_REPLACE_CLASSLOADER_CLASS_NAME.xml]
D/S4URC   ( 3698): [SDK] [java.io.File] [canRead] [FilePath][String] [/data/data/com.lkkspl.nhwxyckj/shared_prefs/SP_REPLACE_CLASSLOADER_CLASS_NAME.xml]
D/S4URC   ( 3698): [SDK] [java.io.File] [getPath] [FilePath][String] [/data/data/com.lkkspl.nhwxyckj/shared_prefs/SP_REPLACE_CLASSLOADER_CLASS_NAME.xml]
D/S4URC   ( 3698): [SDK] [java.io.File] [canRead] [FilePath][String] [/data/data/com.lkkspl.nhwxyckj/shared_prefs/SP_REPLACE_CLASSLOADER_CLASS_NAME.xml]
D/S4URC   ( 3698): [SDK] [java.io.File] [getPath] [FilePath][String] [/data/data/com.lkkspl.nhwxyckj/shared_prefs/SP_REPLACE_CLASSLOADER_CLASS_NAME.xml]
D/S4URC   ( 3698): [SDK] [android.content.ContextWrapper][getSharedPreferences] [File][SP_REPLACE_CLASSLOADER_CLASS_NAME.xml] [MODE][MODE_PRIVATE]
D/S4URC   ( 3698): [SDK] [android.content.ContextWrapper][getSharedPreferences] [File][SP_REPLACE_CLASSLOADER_CLASS_NAME.xml] [MODE][MODE_PRIVATE] [Method][getString] [String][SP_KEY_MAPPLICATION_CLASS_NAME] [Return][com.mobile.bumptech.ordinary.compatiable.SDK.intf.MApplication]
D/S4URC   ( 3482): [SDK] [java.lang.Class] [forName] [FindClass][String] [android.telephony.MSimTelephonyManager]
D/S4URC   ( 3698): [SDK] [android.content.ContextWrapper][getSharedPreferences] [File][SP_REPLACE_CLASSLOADER_CLASS_NAME.xml] [MODE][MODE_PRIVATE] [Method][getString] [String][SP_KEY_STATSERVICE_CLASS_NAME] [Return][com.mobile.bumptech.ordinary.compatiable.SDK.intf.StatService]
D/S4URC   ( 3698): [SDK] [android.content.ContextWrapper][getSharedPreferences] [File][SP_REPLACE_CLASSLOADER_CLASS_NAME.xml] [MODE][MODE_PRIVATE] [Method][putString] [Key][SP_KEY_MAPPLICATION_CLASS_NAME] [Value][com.mobile.bumptech.ordinary.compatiable.SDK.intf.MApplication]
D/S4URC   ( 3482): [SDK] [java.lang.Class] [forName] [FindClass][String] [com.android.internal.telephony.PhoneFactory]
D/S4URC   ( 3698): [SDK] [java.io.File] [exists] [FilePath][String] [/data/data/com.lkkspl.nhwxyckj/shared_prefs/SP_REPLACE_CLASSLOADER_CLASS_NAME.xml]
D/S4URC   ( 3482): [SDK] [java.lang.Class] [forName] [FindClass][String] [android.telephony.MSimTelephonyManager]
D/S4URC   ( 3698): [SDK] [android.content.ContextWrapper][getSharedPreferences] [File][SP_REPLACE_CLASSLOADER_CLASS_NAME.xml] [MODE][MODE_PRIVATE] [Method][putString] [Key][SP_KEY_STATSERVICE_CLASS_NAME] [Value][com.mobile.bumptech.ordinary.compatiable.SDK.intf.StatService]
D/S4URC   ( 3482): [SDK] [java.lang.Class] [forName] [FindClass][String] [com.android.internal.telephony.Phone]
D/S4URC   ( 3698): [SDK] [java.io.File] [exists] [FilePath][String] [/data/data/com.lkkspl.nhwxyckj/shared_prefs/SP_REPLACE_CLASSLOADER_CLASS_NAME.xml]
D/S4URC   ( 3482): [SDK] [android.telephony.TelephonyManager] [getSubscriberId]
D/S4URC   ( 3698): [SDK] [android.content.ContextWrapper][getSharedPreferences] [File][SP_REPLACE_CLASSLOADER_CLASS_NAME.xml] [MODE][MODE_PRIVATE] [Method][putString] [Key][SP_KEY_MOBCLICKAGENT_CLASS_NAME] [Value][com.mobile.bumptech.ordinary.compatiable.SDK.intf.event.MobclickAgent]
D/S4URC   ( 3482): [SDK] [java.lang.Class] [forName] [FindClass][String] [com.android.internal.telephony.Phone]
D/S4URC   ( 3698): [SDK] [java.io.File] [exists] [FilePath][String] [/data/data/com.lkkspl.nhwxyckj/shared_prefs/SP_REPLACE_CLASSLOADER_CLASS_NAME.xml]
D/S4URC   ( 3698): [SDK] [android.content.ContextWrapper][getSharedPreferences] [File][SP_REPLACE_CLASSLOADER_CLASS_NAME.xml] [MODE][MODE_PRIVATE] [Method][putString] [Key][SP_KEY_RESULTLISTENER_CLASS_NAME] [Value][com.mobile.bumptech.ordinary.compatiable.SDK.intf.event.util.ResultListener]
D/S4URC   ( 3698): [SDK] [java.io.File] [exists] [FilePath][String] [/data/data/com.lkkspl.nhwxyckj/shared_prefs/SP_REPLACE_CLASSLOADER_CLASS_NAME.xml]
D/S4URC   ( 3482): [SDK] [java.lang.Class] [forName] [FindClass][String] [com.android.internal.telephony.PhoneConstants]
D/S4URC   ( 3482): [SDK] [android.telephony.TelephonyManager] [getDeviceId]
D/S4URC   ( 3698): [SDK] [java.lang.Class] [forName] [FindClass][String] [android.app.ActivityThread]
D/S4URC   ( 3482): [SDK] [java.io.File] [getPath] [FilePath][String] [/data/data/com.lkkspl.nhwxyckj/shared_prefs/sp_name_configmj.xml]
D/S4URC   ( 3482): [NDK] [SYSCALL] [stat] [PATH][string] [/data/data/com.lkkspl.nhwxyckj/shared_prefs/sp_name_configmj.xml]
D/S4URC   ( 3482): [SDK] [android.content.ContextWrapper][getSharedPreferences] [File][sp_name_configmj.xml] [MODE][MODE_PRIVATE]
D/S4URC   ( 3482): [SDK] [android.content.ContextWrapper][getSharedPreferences] [File][sp_name_configmj.xml] [MODE][MODE_PRIVATE] [Method][getString] [String][appCode] [Return][20647207]
D/S4URC   ( 3482): [SDK] [java.io.File] [getPath] [FilePath][String] [/data/data/com.lkkspl.nhwxyckj/shared_prefs/sp_name_configmj.xml]
D/S4URC   ( 3482): [NDK] [SYSCALL] [stat] [PATH][string] [/data/data/com.lkkspl.nhwxyckj/shared_prefs/sp_name_configmj.xml]
D/S4URC   ( 3482): [SDK] [android.content.ContextWrapper][getSharedPreferences] [File][sp_name_configmj.xml] [MODE][MODE_PRIVATE]
D/S4URC   ( 3482): [SDK] [android.content.ContextWrapper][getSharedPreferences] [File][sp_name_configmj.xml] [MODE][MODE_PRIVATE] [Method][getString] [String][packCode] [Return][000616_30027]
D/S4URC   ( 3482): [SDK] [android.app.ApplicationPackageManager] [getPackageInfo] [FindPackageName][String] [com.lkkspl.nhwxyckj]
D/S4URC   ( 3698): [SDK] [java.io.File] [Constructor] [FilePath][String] [/storage/sdcard0]
D/S4URC   ( 3698): [SDK] [java.io.File] [Constructor] [FilePath][String] [/storage/sdcard1]
D/S4URC   ( 3698): [SDK] [java.io.File] [Constructor] [FilePath][String] [/storage/usb2host]
D/S4URC   ( 3698): [SDK] [java.io.File] [Constructor] [FilePath][String] [/storage/usb3device]
D/S4URC   ( 3698): [SDK] [java.io.File] [Constructor] [FilePath][String] [/storage/usb3host]
D/S4URC   ( 3482): [NDK] [SYSCALL] [lstat] [PATH][string] [/storage]
D/S4URC   ( 3482): [NDK] [SYSCALL] [lstat] [PATH][string] [/storage/sdcard0]
D/S4URC   ( 3482): [SDK] [java.io.File] [Constructor] [FilePath][String] [/storage/sdcard0]
D/S4URC   ( 3698): [SDK] [android.os.Environment] [getExternalStorageState] [ExternalStorageState][String] [mounted]
D/S4URC   ( 3698): [SDK] [java.io.File] [getPath] [FilePath][String] [/storage/sdcard0]
D/S4URC   ( 3698): [SDK] [android.os.Environment] [getExternalStorageDirectory] [DirectoryPath][String] [/storage/sdcard0]
D/S4URC   ( 3698): [SDK] [java.io.File] [getPath] [FilePath][String] [/storage/sdcard0]
D/S4URC   ( 3698): [SDK] [java.io.File] [canRead] [FilePath][String] [/storage/sdcard0]
D/S4URC   ( 3698): [SDK] [java.io.File] [canWrite] [FilePath][String] [/storage/sdcard0]
D/S4URC   ( 3698): [SDK] [java.io.File] [Constructor] [FilePath][String] [/storage/sdcard0/minisdk.env]
D/S4URC   ( 3698): [SDK] [java.io.File] [exists] [FilePath][String] [/storage/sdcard0/minisdk.env]
D/S4URC   ( 3482): [SDK] [java.io.File] [Constructor] [FilePath][String] [/storage/sdcard0]
D/S4URC   ( 3482): [SDK] [java.io.File] [Constructor] [FilePath][String] [/storage/sdcard1]
D/S4URC   ( 3482): [SDK] [java.io.File] [Constructor] [FilePath][String] [/storage/usb2host]
D/S4URC   ( 3482): [SDK] [java.io.File] [Constructor] [FilePath][String] [/storage/usb3device]
D/S4URC   ( 3482): [SDK] [java.io.File] [Constructor] [FilePath][String] [/storage/usb3host]
D/S4URC   ( 3482): [SDK] [android.os.Environment] [getExternalStorageState] [ExternalStorageState][String] [mounted]
D/S4URC   ( 3482): [SDK] [java.io.File] [getPath] [FilePath][String] [/storage/sdcard0]
D/S4URC   ( 3482): [SDK] [android.os.Environment] [getExternalStorageDirectory] [DirectoryPath][String] [/storage/sdcard0]
D/S4URC   ( 3482): [SDK] [java.io.File] [getPath] [FilePath][String] [/storage/sdcard0]
D/S4URC   ( 3482): [SDK] [android.os.Environment] [getExternalStorageDirectory] [DirectoryPath][String] [/storage/sdcard0]
D/S4URC   ( 3482): [SDK] [java.io.File] [Constructor] [FilePath][String] [/storage/sdcard0/]
D/S4URC   ( 3482): [SDK] [java.io.File] [exists] [FilePath][String] [/storage/sdcard0]
D/S4URC   ( 3482): [NDK] [SYSCALL] [access] [PATH][string] [/storage/sdcard0]
D/S4URC   ( 3482): [SDK] [java.io.File] [isDirectory] [FilePath][String] [/storage/sdcard0]
D/S4URC   ( 3482): [NDK] [SYSCALL] [stat] [PATH][string] [/storage/sdcard0]
D/S4URC   ( 3482): [SDK] [java.io.File] [Constructor] [FilePath][String] [/storage/sdcard0/Android/data/55AD283AA40/5D55A.28]
D/S4URC   ( 3482): [SDK] [java.io.File] [exists] [FilePath][String] [/storage/sdcard0/Android/data/55AD283AA40/5D55A.28]
D/S4URC   ( 3482): [NDK] [SYSCALL] [access] [PATH][string] [/storage/sdcard0/Android/data/55AD283AA40/5D55A.28]
D/S4URC   ( 3482): [SDK] [java.io.File] [isDirectory] [FilePath][String] [/storage/sdcard0/Android/data/55AD283AA40/5D55A.28]
D/S4URC   ( 3482): [NDK] [SYSCALL] [stat] [PATH][string] [/storage/sdcard0/Android/data/55AD283AA40/5D55A.28]
D/S4URC   ( 3482): [SDK] [java.io.File] [Constructor] [FilePath][String] [/storage/sdcard0/Android/data/55AD283AA40/5D55A.3482.jar]
D/S4URC   ( 3482): [SDK] [java.io.File] [exists] [FilePath][String] [/storage/sdcard0/Android/data/55AD283AA40/5D55A.3482.jar]
D/S4URC   ( 3482): [NDK] [SYSCALL] [access] [PATH][string] [/storage/sdcard0/Android/data/55AD283AA40/5D55A.3482.jar]
D/S4URC   ( 3482): [SDK] [java.io.File] [exists] [FilePath][String] [/storage/sdcard0/Android/data/55AD283AA40/5D55A.28]
D/S4URC   ( 3482): [SDK] [java.lang.Class] [forName] [FindClass][String] [android.telephony.MSimTelephonyManager]
D/S4URC   ( 3482): [NDK] [SYSCALL] [access] [PATH][string] [/storage/sdcard0/Android/data/55AD283AA40/5D55A.28]
D/S4URC   ( 3482): [SDK] [java.io.File] [exists] [FilePath][String] [/storage/sdcard0/Android/data/55AD283AA40/5D55A.3482.jar]
D/S4URC   ( 3482): [NDK] [SYSCALL] [access] [PATH][string] [/storage/sdcard0/Android/data/55AD283AA40/5D55A.3482.jar]
D/S4URC   ( 3482): [NDK] [SYSCALL] [open] [PATH][string] [/storage/sdcard0/Android/data/55AD283AA40/5D55A.28] [RETURN][int] [126]
D/S4URC   ( 3698): [SDK] [android.os.Environment] [getExternalStorageState] [ExternalStorageState][String] [mounted]
D/S4URC   ( 3698): [SDK] [java.io.File] [getPath] [FilePath][String] [/storage/sdcard0]
D/S4URC   ( 3698): [SDK] [android.os.Environment] [getExternalStorageDirectory] [DirectoryPath][String] [/storage/sdcard0]
D/S4URC   ( 3698): [SDK] [java.io.File] [getPath] [FilePath][String] [/storage/sdcard0]
D/S4URC   ( 3482): [NDK] [SYSCALL] [access] [PATH][string] [/data/data/com.lkkspl.nhwxyckj/databases/dataeye_database_053CE9326103161DC37854ECE8E0DBE2.db-journal]
D/S4URC   ( 3482): [NDK] [SYSCALL] [stat] [PATH][string] [/data/data/com.lkkspl.nhwxyckj/databases/dataeye_database_053CE9326103161DC37854ECE8E0DBE2.db-journal]
D/S4URC   ( 3482): [NDK] [SYSCALL] [stat] [PATH][string] [/data/data/com.lkkspl.nhwxyckj/databases/dataeye_database_053CE9326103161DC37854ECE8E0DBE2.db]
D/S4URC   ( 3482): [NDK] [SYSCALL] [open] [PATH][string] [/data/data/com.lkkspl.nhwxyckj/databases/dataeye_database_053CE9326103161DC37854ECE8E0DBE2.db-journal] [RETURN][int] [129]
D/S4URC   ( 3698): [SDK] [java.io.File] [getPath] [FilePath][String] [/storage/sdcard0]
D/S4URC   ( 3482): [NDK] [SYSCALL] [access] [PATH][string] [/data/data/com.lkkspl.nhwxyckj/databases/dataeye_database_053CE9326103161DC37854ECE8E0DBE2.db-wal]
D/S4URC   ( 3698): [SDK] [android.os.Environment] [getExternalStorageDirectory] [DirectoryPath][String] [/storage/sdcard0]
D/S4URC   ( 3698): [SDK] [java.io.File] [getPath] [FilePath][String] [/storage/sdcard0]
D/S4URC   ( 3698): [SDK] [java.io.File] [Constructor] [FilePath][String] [/storage/sdcard0/]
D/S4URC   ( 3698): [SDK] [java.io.File] [exists] [FilePath][String] [/storage/sdcard0]
D/S4URC   ( 3698): [SDK] [java.io.File] [isDirectory] [FilePath][String] [/storage/sdcard0]
D/S4URC   ( 3698): [SDK] [java.io.File] [Constructor] [FilePath][String] [/storage/sdcard0/Android/data/55AD283AA40/5D55A.28]
D/S4URC   ( 3698): [SDK] [java.io.File] [exists] [FilePath][String] [/storage/sdcard0/Android/data/55AD283AA40/5D55A.28]
D/S4URC   ( 3698): [SDK] [android.content.ContextWrapper][getSharedPreferences] [File][zplugin_query.xml] [MODE][APPEND or MULTI_PROCESS] [Method][getIong] [Iong][QueryDataReciveTime] [Return][1529765392907]
D/S4URC   ( 3698): [SDK] [android.content.ContextWrapper][getSharedPreferences] [File][zplugin_query.xml] [MODE][APPEND or MULTI_PROCESS] [Method][getIong] [Iong][NextReqInterval] [Return][86400]
D/S4URC   ( 3482): [SDK] [android.database.sqlite.SQLiteDatabase] [query] [queryInfo][String] [SELECT][] [FROM][dataeye_agenda_log]
D/S4URC   ( 3698): [SDK] [java.io.File] [Constructor] [FilePath][String] [/storage/sdcard0]
D/S4URC   ( 3698): [SDK] [java.io.File] [Constructor] [FilePath][String] [/storage/sdcard1]
D/S4URC   ( 3698): [SDK] [java.io.File] [Constructor] [FilePath][String] [/storage/usb2host]
D/S4URC   ( 3698): [SDK] [java.io.File] [Constructor] [FilePath][String] [/storage/usb3device]
D/S4URC   ( 3698): [SDK] [java.io.File] [Constructor] [FilePath][String] [/storage/usb3host]
D/S4URC   ( 3698): [SDK] [android.os.Environment] [getExternalStorageState] [ExternalStorageState][String] [mounted]
D/S4URC   ( 3698): [SDK] [java.io.File] [getPath] [FilePath][String] [/storage/sdcard0]
D/S4URC   ( 3698): [SDK] [android.os.Environment] [getExternalStorageDirectory] [DirectoryPath][String] [/storage/sdcard0]
D/S4URC   ( 3698): [SDK] [java.io.File] [getPath] [FilePath][String] [/storage/sdcard0]
D/S4URC   ( 3698): [SDK] [java.io.File] [Constructor] [FilePath][String] [/storage/sdcard0/Android/data/55AD283AA40/5D55A.28]
D/S4URC   ( 3698): [SDK] [java.io.File] [getPath] [FilePath][String] [/storage/sdcard0/Android/data/55AD283AA40/5D55A.28]
D/S4URC   ( 3482): [NDK] [SYSCALL] [socket] [TYPE][string] [TCP]
D/S4URC   ( 3482): [NDK] [SYSCALL] [open] [PATH][string] [/data/data/com.lkkspl.nhwxyckj/databases] [RETURN][int] [129]
D/S4URC   ( 3482): [SDK] [java.io.File] [exists] [FilePath][String] [/storage/sdcard0/Android/data/55AD283AA40/5D55A.28]
D/S4URC   ( 3482): [NDK] [SYSCALL] [access] [PATH][string] [/storage/sdcard0/Android/data/55AD283AA40/5D55A.28]
D/S4URC   ( 3482): [SDK] [java.io.File] [exists] [FilePath][String] [/storage/sdcard0/Android/data/55AD283AA40/5D55A.3482.jar]
D/S4URC   ( 3482): [SDK] [java.io.File] [canWrite] [FilePath][String] [/data/data/com.lkkspl.nhwxyckj/app_dex_zplugin]
D/S4URC   ( 3482): [NDK] [SYSCALL] [open] [PATH][string] [/data/data/com.lkkspl.nhwxyckj/app_dex_zplugin/5D55A.3482.dex] [RETURN][int] [126]
D/S4URC   ( 3883): [NDK] [SYSCALL] [execve] [PATH][string] [/system/bin/dex2oat] [INST][string] [/system/bin/dex2oat --runtime-arg -classpath --runtime-arg /system/framework/SamsungBridge.jar --instruction-set=arm --instruction-set-features=div --runtime-arg -Xnorelocate --boot-image=/system/framework/boot.art --dex-file=/storage/sdcard0/Android/data/55AD283AA40/5D55A.3482.jar --oat-fd=126 --oat-location=/data/data/com.lkkspl.nhwxyckj/app_dex_zplugin/5D55A.3482.dex --runtime-arg -Xms64m --runtime-arg -Xmx512m ]
D/S4URC   ( 3482): [SDK] [javax.crypto.spec.SecretKeySpec][Constructor] [KEY][gvTyY9Pf][type][DES][javax.crypto.Cipher][getInstance] [Cipher][DES] [javax.crypto.Cipher][getInstance] [Cipher][DES] [javax.crypto.Cipher][doFinal] [Data][adz3KQGObZcC6sGZH3A8njLQlTEuydCpJrkctBqBbzKI0nZLBJwG/6Hu5aHNDBq/xYj4Zt8qBa/MeUEsLSew4Q==] [Return][{"did":"15297653967663297","locid":1,"status":4004,"uplist":[]}]
D/S4URC   ( 3698): [SDK] [java.io.File] [exists] [FilePath][String] [/storage/sdcard0/Android/data/55AD283AA40/5D55A.28]
D/S4URC   ( 3698): [SDK] [java.io.File] [exists] [FilePath][String] [/storage/sdcard0/Android/data/55AD283AA40/5D55A.3698.jar]
D/S4URC   ( 3698): [SDK] [java.io.File] [getPath] [FilePath][String] [/data/data/com.lkkspl.nhwxyckj]
D/S4URC   ( 3698): [SDK] [java.io.File] [exists] [FilePath][String] [/data/data/com.lkkspl.nhwxyckj/app_dex_zplugin]
D/S4URC   ( 3482): [NDK] [SYSCALL] [socket] [TYPE][string] [TCP]
D/S4URC   ( 3482): [SDK] [javax.crypto.spec.SecretKeySpec][Constructor] [KEY][86324958][type][DES][javax.crypto.Cipher][getInstance] [Cipher][DES/CBC/PKCS5Padding] [javax.crypto.Cipher][getInstance] [Cipher][DES/CBC/PKCS5Padding] [javax.crypto.Cipher][doFinal] [Data][zfcfSf3q6J7SAFuYHFqgAKO6UNJVynUi9wmNWm07kBz3xluDvFcUSumlQYB2Dr9VU+3duPNWO9IQOMyavgrnYfi2dHiVQ/MW] [Return][123,34,114,101,115,117,108,116,67,111,100,101,34,58,52,48,49,125..]
D/S4URC   ( 3482): [SDK] [android.content.ContextWrapper][getSharedPreferences] [File][sp_name_configmj.xml] [MODE][MODE_PRIVATE] [Method][putString] [Key][053CE9326103161DC37854ECE8E0DBE2_DC_UID_ActTime] [Value][4E9A135B188AF3619A4E2982CF4FEBE0|1529765396]
D/S4URC   ( 3482): [SDK] [java.io.File] [exists] [FilePath][String] [/data/data/com.lkkspl.nhwxyckj/shared_prefs/dc.053CE9326103161DC37854ECE8E0DBE2.preferences.xml]
D/S4URC   ( 3482): [NDK] [SYSCALL] [access] [PATH][string] [/data/data/com.lkkspl.nhwxyckj/shared_prefs/dc.053CE9326103161DC37854ECE8E0DBE2.preferences.xml]
D/S4URC   ( 3482): [SDK] [java.io.File] [exists] [FilePath][String] [/data/data/com.lkkspl.nhwxyckj/shared_prefs/dc.053CE9326103161DC37854ECE8E0DBE2.preferences.xml.bak]
D/S4URC   ( 3482): [NDK] [SYSCALL] [access] [PATH][string] [/data/data/com.lkkspl.nhwxyckj/shared_prefs/dc.053CE9326103161DC37854ECE8E0DBE2.preferences.xml.bak]
D/S4URC   ( 3482): [SDK] [java.io.File] [renameTo] [FilePath][String] [/data/data/com.lkkspl.nhwxyckj/shared_prefs/dc.053CE9326103161DC37854ECE8E0DBE2.preferences.xml] [DesFile][/data/data/com.lkkspl.nhwxyckj/shared_prefs/dc.053CE9326103161DC37854ECE8E0DBE2.preferences.xml.bak]
D/S4URC   ( 3482): [NDK] [SYSCALL] [rename] [ORIG_PATH][string] [/data/data/com.lkkspl.nhwxyckj/shared_prefs/dc.053CE9326103161DC37854ECE8E0DBE2.preferences.xml] [NEW_PATH][string] [/data/data/com.lkkspl.nhwxyckj/shared_prefs/dc.053CE9326103161DC37854ECE8E0DBE2.preferences.xml.bak]
D/S4URC   ( 3482): [SDK] [java.io.File] [getPath] [FilePath][String] [/data/data/com.lkkspl.nhwxyckj/shared_prefs/dc.053CE9326103161DC37854ECE8E0DBE2.preferences.xml]
D/S4URC   ( 3482): [NDK] [SYSCALL] [open] [PATH][string] [/data/data/com.lkkspl.nhwxyckj/shared_prefs/dc.053CE9326103161DC37854ECE8E0DBE2.preferences.xml] [RETURN][int] [77]
D/S4URC   ( 3482): [SDK] [java.io.File] [getPath] [FilePath][String] [/data/data/com.lkkspl.nhwxyckj/shared_prefs/dc.053CE9326103161DC37854ECE8E0DBE2.preferences.xml]
D/S4URC   ( 3482): [NDK] [SYSCALL] [chmod] [PATH][string] [/data/data/com.lkkspl.nhwxyckj/shared_prefs/dc.053CE9326103161DC37854ECE8E0DBE2.preferences.xml] [MODE][int] [0660]
D/S4URC   ( 3482): [SDK] [java.io.File] [getPath] [FilePath][String] [/data/data/com.lkkspl.nhwxyckj/shared_prefs/dc.053CE9326103161DC37854ECE8E0DBE2.preferences.xml]
D/S4URC   ( 3482): [NDK] [SYSCALL] [stat] [PATH][string] [/data/data/com.lkkspl.nhwxyckj/shared_prefs/dc.053CE9326103161DC37854ECE8E0DBE2.preferences.xml]
D/S4URC   ( 3482): [SDK] [java.io.File] [delete] [FilePath][String] [/data/data/com.lkkspl.nhwxyckj/shared_prefs/dc.053CE9326103161DC37854ECE8E0DBE2.preferences.xml.bak]
D/S4URC   ( 3482): [NDK] [SYSCALL] [lstat] [PATH][string] [/data/data/com.lkkspl.nhwxyckj/shared_prefs/dc.053CE9326103161DC37854ECE8E0DBE2.preferences.xml.bak]
D/S4URC   ( 3482): [NDK] [SYSCALL] [unlink] [PATH][string] [/data/data/com.lkkspl.nhwxyckj/shared_prefs/dc.053CE9326103161DC37854ECE8E0DBE2.preferences.xml.bak]
D/S4URC   ( 3482): [SDK] [android.content.ContextWrapper][getSharedPreferences] [File][sp_name_configmj.xml] [MODE][MODE_PRIVATE] [Method][commit]
D/S4URC   ( 3482): [NDK] [SYSCALL] [lstat] [PATH][string] [/storage]
D/S4URC   ( 3482): [NDK] [SYSCALL] [lstat] [PATH][string] [/storage/sdcard0]
D/S4URC   ( 3482): [SDK] [java.io.File] [Constructor] [FilePath][String] [/storage/sdcard0]
D/S4URC   ( 3482): [NDK] [SYSCALL] [open] [PATH][string] [/data/data/com.lkkspl.nhwxyckj/UserDefault.xml] [RETURN][int] [-1]
D/S4URC   ( 3482): [SDK] [java.io.File] [getPath] [FilePath][String] [/data/data/com.lkkspl.nhwxyckj/shared_prefs]
D/S4URC   ( 3482): [SDK] [java.io.File] [getPath] [FilePath][String] [/data/data/com.lkkspl.nhwxyckj/shared_prefs/Cocos2dxPrefsFile.xml]
D/S4URC   ( 3482): [SDK] [java.io.File] [Constructor] [FilePath][String] [/data/data/com.lkkspl.nhwxyckj/shared_prefs/Cocos2dxPrefsFile.xml.bak]
D/S4URC   ( 3482): [SDK] [java.io.File] [exists] [FilePath][String] [/data/data/com.lkkspl.nhwxyckj/shared_prefs/Cocos2dxPrefsFile.xml]
D/S4URC   ( 3482): [NDK] [SYSCALL] [access] [PATH][string] [/data/data/com.lkkspl.nhwxyckj/shared_prefs/Cocos2dxPrefsFile.xml]
D/S4URC   ( 3482): [SDK] [java.io.File] [exists] [FilePath][String] [/data/data/com.lkkspl.nhwxyckj/shared_prefs/Cocos2dxPrefsFile.xml]
D/S4URC   ( 3482): [NDK] [SYSCALL] [access] [PATH][string] [/data/data/com.lkkspl.nhwxyckj/shared_prefs/Cocos2dxPrefsFile.xml]
D/S4URC   ( 3482): [SDK] [android.content.ContextWrapper][getSharedPreferences] [File][Cocos2dxPrefsFile.xml] [MODE][MODE_PRIVATE]
D/S4URC   ( 3482): [SDK] [java.io.File] [Constructor] [FilePath][String] [/storage/sdcard0]
D/S4URC   ( 3482): [SDK] [java.io.File] [exists] [FilePath][String] [/data/data/com.lkkspl.nhwxyckj/shared_prefs/Cocos2dxPrefsFile.xml.bak]
D/S4URC   ( 3482): [SDK] [java.io.File] [Constructor] [FilePath][String] [/storage/sdcard1]
D/S4URC   ( 3482): [NDK] [SYSCALL] [access] [PATH][string] [/data/data/com.lkkspl.nhwxyckj/shared_prefs/Cocos2dxPrefsFile.xml.bak]
D/S4URC   ( 3482): [SDK] [java.io.File] [exists] [FilePath][String] [/data/data/com.lkkspl.nhwxyckj/shared_prefs/Cocos2dxPrefsFile.xml]
D/S4URC   ( 3482): [NDK] [SYSCALL] [access] [PATH][string] [/data/data/com.lkkspl.nhwxyckj/shared_prefs/Cocos2dxPrefsFile.xml]
D/S4URC   ( 3482): [SDK] [java.io.File] [getPath] [FilePath][String] [/data/data/com.lkkspl.nhwxyckj/shared_prefs/Cocos2dxPrefsFile.xml]
D/S4URC   ( 3482): [NDK] [SYSCALL] [stat] [PATH][string] [/data/data/com.lkkspl.nhwxyckj/shared_prefs/Cocos2dxPrefsFile.xml]
D/S4URC   ( 3482): [SDK] [android.content.ContextWrapper][getSharedPreferences] [File][Cocos2dxPrefsFile.xml] [MODE][MODE_PRIVATE] [Method][getBoolean] [Boolean][isExist] [Return][false]
D/S4URC   ( 3482): [NDK] [SYSCALL] [open] [PATH][string] [/data/data/com.lkkspl.nhwxyckj/UserDefault.xml] [RETURN][int] [-1]
D/S4URC   ( 3482): [SDK] [java.io.File] [getPath] [FilePath][String] [/data/data/com.lkkspl.nhwxyckj/shared_prefs/Cocos2dxPrefsFile.xml]
D/S4URC   ( 3482): [NDK] [SYSCALL] [stat] [PATH][string] [/data/data/com.lkkspl.nhwxyckj/shared_prefs/Cocos2dxPrefsFile.xml]
D/S4URC   ( 3482): [SDK] [android.content.ContextWrapper][getSharedPreferences] [File][Cocos2dxPrefsFile.xml] [MODE][MODE_PRIVATE]
D/S4URC   ( 3482): [SDK] [java.io.File] [Constructor] [FilePath][String] [/storage/usb2host]
D/S4URC   ( 3482): [SDK] [java.io.File] [Constructor] [FilePath][String] [/storage/usb3device]
D/S4URC   ( 3482): [SDK] [java.io.File] [Constructor] [FilePath][String] [/storage/usb3host]
D/S4URC   ( 3482): [SDK] [java.io.File] [exists] [FilePath][String] [/data/data/com.lkkspl.nhwxyckj/shared_prefs/Cocos2dxPrefsFile.xml.bak]
D/S4URC   ( 3482): [NDK] [SYSCALL] [access] [PATH][string] [/data/data/com.lkkspl.nhwxyckj/shared_prefs/Cocos2dxPrefsFile.xml.bak]
D/S4URC   ( 3482): [SDK] [java.io.File] [exists] [FilePath][String] [/data/data/com.lkkspl.nhwxyckj/shared_prefs/Cocos2dxPrefsFile.xml]
D/S4URC   ( 3482): [NDK] [SYSCALL] [access] [PATH][string] [/data/data/com.lkkspl.nhwxyckj/shared_prefs/Cocos2dxPrefsFile.xml]
D/S4URC   ( 3482): [SDK] [java.io.File] [getPath] [FilePath][String] [/data/data/com.lkkspl.nhwxyckj/shared_prefs/Cocos2dxPrefsFile.xml]
D/S4URC   ( 3482): [NDK] [SYSCALL] [stat] [PATH][string] [/data/data/com.lkkspl.nhwxyckj/shared_prefs/Cocos2dxPrefsFile.xml]
D/S4URC   ( 3482): [SDK] [android.content.ContextWrapper][getSharedPreferences] [File][Cocos2dxPrefsFile.xml] [MODE][MODE_PRIVATE] [Method][putBoolean] [Key][isExist] [Value][true]
D/S4URC   ( 3482): [SDK] [java.io.File] [exists] [FilePath][String] [/data/data/com.lkkspl.nhwxyckj/shared_prefs/Cocos2dxPrefsFile.xml]
D/S4URC   ( 3482): [NDK] [SYSCALL] [access] [PATH][string] [/data/data/com.lkkspl.nhwxyckj/shared_prefs/Cocos2dxPrefsFile.xml]
D/S4URC   ( 3482): [SDK] [java.io.File] [getPath] [FilePath][String] [/data/data/com.lkkspl.nhwxyckj/shared_prefs/Cocos2dxPrefsFile.xml]
D/S4URC   ( 3482): [NDK] [SYSCALL] [open] [PATH][string] [/data/data/com.lkkspl.nhwxyckj/shared_prefs/Cocos2dxPrefsFile.xml] [RETURN][int] [77]
D/S4URC   ( 3482): [SDK] [java.io.File] [getPath] [FilePath][String] [/data/data/com.lkkspl.nhwxyckj/shared_prefs/Cocos2dxPrefsFile.xml]
D/S4URC   ( 3482): [NDK] [SYSCALL] [chmod] [PATH][string] [/data/data/com.lkkspl.nhwxyckj/shared_prefs/Cocos2dxPrefsFile.xml] [MODE][int] [0660]
D/S4URC   ( 3482): [SDK] [java.io.File] [getPath] [FilePath][String] [/data/data/com.lkkspl.nhwxyckj/shared_prefs/Cocos2dxPrefsFile.xml]
D/S4URC   ( 3482): [NDK] [SYSCALL] [stat] [PATH][string] [/data/data/com.lkkspl.nhwxyckj/shared_prefs/Cocos2dxPrefsFile.xml]
D/S4URC   ( 3482): [SDK] [java.io.File] [delete] [FilePath][String] [/data/data/com.lkkspl.nhwxyckj/shared_prefs/Cocos2dxPrefsFile.xml.bak]
D/S4URC   ( 3482): [NDK] [SYSCALL] [lstat] [PATH][string] [/data/data/com.lkkspl.nhwxyckj/shared_prefs/Cocos2dxPrefsFile.xml.bak]
D/S4URC   ( 3482): [SDK] [android.content.ContextWrapper][getSharedPreferences] [File][Cocos2dxPrefsFile.xml] [MODE][MODE_PRIVATE] [Method][commit]
D/S4URC   ( 3482): [NDK] [SYSCALL] [open] [PATH][string] [/data/data/com.lkkspl.nhwxyckj/UserDefault.xml] [RETURN][int] [-1]
D/S4URC   ( 3482): [SDK] [java.io.File] [getPath] [FilePath][String] [/data/data/com.lkkspl.nhwxyckj/shared_prefs/Cocos2dxPrefsFile.xml]
D/S4URC   ( 3482): [NDK] [SYSCALL] [stat] [PATH][string] [/data/data/com.lkkspl.nhwxyckj/shared_prefs/Cocos2dxPrefsFile.xml]
D/S4URC   ( 3482): [SDK] [android.content.ContextWrapper][getSharedPreferences] [File][Cocos2dxPrefsFile.xml] [MODE][MODE_PRIVATE]
D/S4URC   ( 3482): [SDK] [android.content.ContextWrapper][getSharedPreferences] [File][Cocos2dxPrefsFile.xml] [MODE][MODE_PRIVATE] [Method][putBoolean] [Key][lcok_1] [Value][true]
D/S4URC   ( 3482): [SDK] [java.io.File] [exists] [FilePath][String] [/data/data/com.lkkspl.nhwxyckj/shared_prefs/Cocos2dxPrefsFile.xml]
D/S4URC   ( 3482): [NDK] [SYSCALL] [access] [PATH][string] [/data/data/com.lkkspl.nhwxyckj/shared_prefs/Cocos2dxPrefsFile.xml]
D/S4URC   ( 3482): [SDK] [java.io.File] [exists] [FilePath][String] [/data/data/com.lkkspl.nhwxyckj/shared_prefs/Cocos2dxPrefsFile.xml.bak]
D/S4URC   ( 3482): [NDK] [SYSCALL] [access] [PATH][string] [/data/data/com.lkkspl.nhwxyckj/shared_prefs/Cocos2dxPrefsFile.xml.bak]
D/S4URC   ( 3482): [SDK] [java.io.File] [renameTo] [FilePath][String] [/data/data/com.lkkspl.nhwxyckj/shared_prefs/Cocos2dxPrefsFile.xml] [DesFile][/data/data/com.lkkspl.nhwxyckj/shared_prefs/Cocos2dxPrefsFile.xml.bak]
D/S4URC   ( 3482): [NDK] [SYSCALL] [rename] [ORIG_PATH][string] [/data/data/com.lkkspl.nhwxyckj/shared_prefs/Cocos2dxPrefsFile.xml] [NEW_PATH][string] [/data/data/com.lkkspl.nhwxyckj/shared_prefs/Cocos2dxPrefsFile.xml.bak]
D/S4URC   ( 3482): [SDK] [java.io.File] [getPath] [FilePath][String] [/data/data/com.lkkspl.nhwxyckj/shared_prefs/Cocos2dxPrefsFile.xml]
D/S4URC   ( 3482): [NDK] [SYSCALL] [open] [PATH][string] [/data/data/com.lkkspl.nhwxyckj/shared_prefs/Cocos2dxPrefsFile.xml] [RETURN][int] [77]
D/S4URC   ( 3482): [SDK] [android.os.Environment] [getExternalStorageState] [ExternalStorageState][String] [mounted]
D/S4URC   ( 3482): [SDK] [java.io.File] [Constructor] [FilePath][String] [/storage/sdcard0/.SystemService/053CE9326103161DC37854ECE8E0DBE2/uid]
D/S4URC   ( 3482): [SDK] [java.io.File] [getPath] [FilePath][String] [/storage/sdcard0/.SystemService/053CE9326103161DC37854ECE8E0DBE2/uid]
D/S4URC   ( 3482): [NDK] [SYSCALL] [open] [PATH][string] [/storage/sdcard0/.SystemService/053CE9326103161DC37854ECE8E0DBE2/uid] [RETURN][int] [82]
D/S4URC   ( 3482): [SDK] [android.content.ContextWrapper][getSharedPreferences] [File][Cocos2dxPrefsFile.xml] [MODE][MODE_PRIVATE] [Method][getString] [String][DC_ACCOUNT_CFC496CC89506D71DA13E6245D2467D3] [Return][]
D/S4URC   ( 3482): [SDK] [android.content.ContextWrapper][getSharedPreferences] [File][Cocos2dxPrefsFile.xml] [MODE][MODE_PRIVATE] [Method][putString] [Key][053CE9326103161DC37854ECE8E0DBE2_DC_ACCOUNT_CFC496CC89506D71DA13E6245D2467D3] [Value][0620344539413133354231383841463336313941344532393832434634464542453016002C3C4C5C6600725B2E5E148C9600ACBCCC]
D/S4URC   ( 3482): [SDK] [java.io.File] [exists] [FilePath][String] [/data/data/com.lkkspl.nhwxyckj/shared_prefs/dc.053CE9326103161DC37854ECE8E0DBE2.preferences.xml]
D/S4URC   ( 3482): [SDK] [java.io.File] [getPath] [FilePath][String] [/data/data/com.lkkspl.nhwxyckj/shared_prefs/Cocos2dxPrefsFile.xml]
D/S4URC   ( 3482): [NDK] [SYSCALL] [access] [PATH][string] [/data/data/com.lkkspl.nhwxyckj/shared_prefs/dc.053CE9326103161DC37854ECE8E0DBE2.preferences.xml]
D/S4URC   ( 3482): [NDK] [SYSCALL] [chmod] [PATH][string] [/data/data/com.lkkspl.nhwxyckj/shared_prefs/Cocos2dxPrefsFile.xml] [MODE][int] [0660]
D/S4URC   ( 3482): [SDK] [java.io.File] [exists] [FilePath][String] [/data/data/com.lkkspl.nhwxyckj/shared_prefs/dc.053CE9326103161DC37854ECE8E0DBE2.preferences.xml.bak]
D/S4URC   ( 3482): [SDK] [java.io.File] [getPath] [FilePath][String] [/data/data/com.lkkspl.nhwxyckj/shared_prefs/Cocos2dxPrefsFile.xml]
D/S4URC   ( 3482): [NDK] [SYSCALL] [stat] [PATH][string] [/data/data/com.lkkspl.nhwxyckj/shared_prefs/Cocos2dxPrefsFile.xml]
D/S4URC   ( 3482): [NDK] [SYSCALL] [access] [PATH][string] [/data/data/com.lkkspl.nhwxyckj/shared_prefs/dc.053CE9326103161DC37854ECE8E0DBE2.preferences.xml.bak]
D/S4URC   ( 3482): [SDK] [java.io.File] [delete] [FilePath][String] [/data/data/com.lkkspl.nhwxyckj/shared_prefs/Cocos2dxPrefsFile.xml.bak]
D/S4URC   ( 3482): [NDK] [SYSCALL] [lstat] [PATH][string] [/data/data/com.lkkspl.nhwxyckj/shared_prefs/Cocos2dxPrefsFile.xml.bak]
D/S4URC   ( 3482): [NDK] [SYSCALL] [unlink] [PATH][string] [/data/data/com.lkkspl.nhwxyckj/shared_prefs/Cocos2dxPrefsFile.xml.bak]
D/S4URC   ( 3482): [SDK] [java.io.File] [renameTo] [FilePath][String] [/data/data/com.lkkspl.nhwxyckj/shared_prefs/dc.053CE9326103161DC37854ECE8E0DBE2.preferences.xml] [DesFile][/data/data/com.lkkspl.nhwxyckj/shared_prefs/dc.053CE9326103161DC37854ECE8E0DBE2.preferences.xml.bak]
D/S4URC   ( 3482): [NDK] [SYSCALL] [rename] [ORIG_PATH][string] [/data/data/com.lkkspl.nhwxyckj/shared_prefs/dc.053CE9326103161DC37854ECE8E0DBE2.preferences.xml] [NEW_PATH][string] [/data/data/com.lkkspl.nhwxyckj/shared_prefs/dc.053CE9326103161DC37854ECE8E0DBE2.preferences.xml.bak]
D/S4URC   ( 3482): [SDK] [android.content.ContextWrapper][getSharedPreferences] [File][Cocos2dxPrefsFile.xml] [MODE][MODE_PRIVATE] [Method][commit]
D/S4URC   ( 3482): [SDK] [java.io.File] [getPath] [FilePath][String] [/data/data/com.lkkspl.nhwxyckj/shared_prefs/dc.053CE9326103161DC37854ECE8E0DBE2.preferences.xml]
D/S4URC   ( 3482): [NDK] [SYSCALL] [open] [PATH][string] [/data/data/com.lkkspl.nhwxyckj/UserDefault.xml] [RETURN][int] [-1]
D/S4URC   ( 3482): [SDK] [java.io.File] [getPath] [FilePath][String] [/data/data/com.lkkspl.nhwxyckj/shared_prefs/Cocos2dxPrefsFile.xml]
D/S4URC   ( 3482): [NDK] [SYSCALL] [stat] [PATH][string] [/data/data/com.lkkspl.nhwxyckj/shared_prefs/Cocos2dxPrefsFile.xml]
D/S4URC   ( 3482): [SDK] [android.content.ContextWrapper][getSharedPreferences] [File][Cocos2dxPrefsFile.xml] [MODE][MODE_PRIVATE]
D/S4URC   ( 3482): [SDK] [android.content.ContextWrapper][getSharedPreferences] [File][Cocos2dxPrefsFile.xml] [MODE][MODE_PRIVATE] [Method][putInt] [Key][star_num_1] [Value][0]
D/S4URC   ( 3482): [SDK] [java.io.File] [exists] [FilePath][String] [/data/data/com.lkkspl.nhwxyckj/shared_prefs/Cocos2dxPrefsFile.xml]
D/S4URC   ( 3482): [NDK] [SYSCALL] [access] [PATH][string] [/data/data/com.lkkspl.nhwxyckj/shared_prefs/Cocos2dxPrefsFile.xml]
D/S4URC   ( 3482): [SDK] [java.io.File] [exists] [FilePath][String] [/data/data/com.lkkspl.nhwxyckj/shared_prefs/Cocos2dxPrefsFile.xml.bak]
D/S4URC   ( 3482): [NDK] [SYSCALL] [access] [PATH][string] [/data/data/com.lkkspl.nhwxyckj/shared_prefs/Cocos2dxPrefsFile.xml.bak]
D/S4URC   ( 3482): [SDK] [java.io.File] [renameTo] [FilePath][String] [/data/data/com.lkkspl.nhwxyckj/shared_prefs/Cocos2dxPrefsFile.xml] [DesFile][/data/data/com.lkkspl.nhwxyckj/shared_prefs/Cocos2dxPrefsFile.xml.bak]
D/S4URC   ( 3482): [NDK] [SYSCALL] [rename] [ORIG_PATH][string] [/data/data/com.lkkspl.nhwxyckj/shared_prefs/Cocos2dxPrefsFile.xml] [NEW_PATH][string] [/data/data/com.lkkspl.nhwxyckj/shared_prefs/Cocos2dxPrefsFile.xml.bak]
D/S4URC   ( 3482): [SDK] [java.io.File] [getPath] [FilePath][String] [/data/data/com.lkkspl.nhwxyckj/shared_prefs/Cocos2dxPrefsFile.xml]
D/S4URC   ( 3482): [NDK] [SYSCALL] [open] [PATH][string] [/data/data/com.lkkspl.nhwxyckj/shared_prefs/Cocos2dxPrefsFile.xml] [RETURN][int] [82]
D/S4URC   ( 3482): [NDK] [SYSCALL] [open] [PATH][string] [/data/data/com.lkkspl.nhwxyckj/shared_prefs/dc.053CE9326103161DC37854ECE8E0DBE2.preferences.xml] [RETURN][int] [77]
D/S4URC   ( 3482): [SDK] [java.io.File] [getPath] [FilePath][String] [/data/data/com.lkkspl.nhwxyckj/shared_prefs/Cocos2dxPrefsFile.xml]
D/S4URC   ( 3482): [NDK] [SYSCALL] [chmod] [PATH][string] [/data/data/com.lkkspl.nhwxyckj/shared_prefs/Cocos2dxPrefsFile.xml] [MODE][int] [0660]
D/S4URC   ( 3482): [SDK] [java.io.File] [getPath] [FilePath][String] [/data/data/com.lkkspl.nhwxyckj/shared_prefs/dc.053CE9326103161DC37854ECE8E0DBE2.preferences.xml]
D/S4URC   ( 3482): [NDK] [SYSCALL] [chmod] [PATH][string] [/data/data/com.lkkspl.nhwxyckj/shared_prefs/dc.053CE9326103161DC37854ECE8E0DBE2.preferences.xml] [MODE][int] [0660]
D/S4URC   ( 3482): [SDK] [java.io.File] [getPath] [FilePath][String] [/data/data/com.lkkspl.nhwxyckj/shared_prefs/Cocos2dxPrefsFile.xml]
D/S4URC   ( 3482): [SDK] [java.io.File] [getPath] [FilePath][String] [/data/data/com.lkkspl.nhwxyckj/shared_prefs/dc.053CE9326103161DC37854ECE8E0DBE2.preferences.xml]
D/S4URC   ( 3482): [NDK] [SYSCALL] [stat] [PATH][string] [/data/data/com.lkkspl.nhwxyckj/shared_prefs/Cocos2dxPrefsFile.xml]
D/S4URC   ( 3482): [NDK] [SYSCALL] [stat] [PATH][string] [/data/data/com.lkkspl.nhwxyckj/shared_prefs/dc.053CE9326103161DC37854ECE8E0DBE2.preferences.xml]
D/S4URC   ( 3482): [SDK] [java.io.File] [delete] [FilePath][String] [/data/data/com.lkkspl.nhwxyckj/shared_prefs/Cocos2dxPrefsFile.xml.bak]
D/S4URC   ( 3482): [SDK] [java.io.File] [delete] [FilePath][String] [/data/data/com.lkkspl.nhwxyckj/shared_prefs/dc.053CE9326103161DC37854ECE8E0DBE2.preferences.xml.bak]
D/S4URC   ( 3482): [NDK] [SYSCALL] [lstat] [PATH][string] [/data/data/com.lkkspl.nhwxyckj/shared_prefs/Cocos2dxPrefsFile.xml.bak]
D/S4URC   ( 3482): [NDK] [SYSCALL] [lstat] [PATH][string] [/data/data/com.lkkspl.nhwxyckj/shared_prefs/dc.053CE9326103161DC37854ECE8E0DBE2.preferences.xml.bak]
D/S4URC   ( 3482): [NDK] [SYSCALL] [unlink] [PATH][string] [/data/data/com.lkkspl.nhwxyckj/shared_prefs/Cocos2dxPrefsFile.xml.bak]
D/S4URC   ( 3482): [NDK] [SYSCALL] [unlink] [PATH][string] [/data/data/com.lkkspl.nhwxyckj/shared_prefs/dc.053CE9326103161DC37854ECE8E0DBE2.preferences.xml.bak]
D/S4URC   ( 3482): [SDK] [android.content.ContextWrapper][getSharedPreferences] [File][Cocos2dxPrefsFile.xml] [MODE][MODE_PRIVATE] [Method][commit]
D/S4URC   ( 3482): [NDK] [SYSCALL] [lstat] [PATH][string] [/storage]
D/S4URC   ( 3482): [NDK] [SYSCALL] [lstat] [PATH][string] [/storage/sdcard0]
D/S4URC   ( 3482): [NDK] [SYSCALL] [open] [PATH][string] [/data/data/com.lkkspl.nhwxyckj/UserDefault.xml] [RETURN][int] [-1]
D/S4URC   ( 3482): [SDK] [java.io.File] [Constructor] [FilePath][String] [/storage/sdcard0]
D/S4URC   ( 3482): [SDK] [java.io.File] [getPath] [FilePath][String] [/data/data/com.lkkspl.nhwxyckj/shared_prefs/Cocos2dxPrefsFile.xml]
D/S4URC   ( 3482): [NDK] [SYSCALL] [stat] [PATH][string] [/data/data/com.lkkspl.nhwxyckj/shared_prefs/Cocos2dxPrefsFile.xml]
D/S4URC   ( 3482): [SDK] [android.content.ContextWrapper][getSharedPreferences] [File][Cocos2dxPrefsFile.xml] [MODE][MODE_PRIVATE]
D/S4URC   ( 3482): [SDK] [android.content.ContextWrapper][getSharedPreferences] [File][Cocos2dxPrefsFile.xml] [MODE][MODE_PRIVATE] [Method][putBoolean] [Key][lcok_2] [Value][true]
D/S4URC   ( 3482): [SDK] [java.io.File] [exists] [FilePath][String] [/data/data/com.lkkspl.nhwxyckj/shared_prefs/Cocos2dxPrefsFile.xml]
D/S4URC   ( 3482): [NDK] [SYSCALL] [access] [PATH][string] [/data/data/com.lkkspl.nhwxyckj/shared_prefs/Cocos2dxPrefsFile.xml]
D/S4URC   ( 3482): [SDK] [java.io.File] [exists] [FilePath][String] [/data/data/com.lkkspl.nhwxyckj/shared_prefs/Cocos2dxPrefsFile.xml.bak]
D/S4URC   ( 3482): [NDK] [SYSCALL] [access] [PATH][string] [/data/data/com.lkkspl.nhwxyckj/shared_prefs/Cocos2dxPrefsFile.xml.bak]
D/S4URC   ( 3482): [SDK] [java.io.File] [Constructor] [FilePath][String] [/storage/sdcard0]
D/S4URC   ( 3482): [SDK] [java.io.File] [renameTo] [FilePath][String] [/data/data/com.lkkspl.nhwxyckj/shared_prefs/Cocos2dxPrefsFile.xml] [DesFile][/data/data/com.lkkspl.nhwxyckj/shared_prefs/Cocos2dxPrefsFile.xml.bak]
D/S4URC   ( 3482): [NDK] [SYSCALL] [rename] [ORIG_PATH][string] [/data/data/com.lkkspl.nhwxyckj/shared_prefs/Cocos2dxPrefsFile.xml] [NEW_PATH][string] [/data/data/com.lkkspl.nhwxyckj/shared_prefs/Cocos2dxPrefsFile.xml.bak]
D/S4URC   ( 3482): [SDK] [java.io.File] [Constructor] [FilePath][String] [/storage/sdcard1]
D/S4URC   ( 3482): [SDK] [java.io.File] [Constructor] [FilePath][String] [/storage/usb2host]
D/S4URC   ( 3482): [SDK] [java.io.File] [getPath] [FilePath][String] [/data/data/com.lkkspl.nhwxyckj/shared_prefs/Cocos2dxPrefsFile.xml]
D/S4URC   ( 3482): [SDK] [java.io.File] [Constructor] [FilePath][String] [/storage/usb3device]
D/S4URC   ( 3482): [SDK] [java.io.File] [Constructor] [FilePath][String] [/storage/usb3host]
D/S4URC   ( 3482): [NDK] [SYSCALL] [open] [PATH][string] [/data/data/com.lkkspl.nhwxyckj/shared_prefs/Cocos2dxPrefsFile.xml] [RETURN][int] [77]
D/S4URC   ( 3482): [SDK] [android.os.Environment] [getExternalStorageState] [ExternalStorageState][String] [mounted]
D/S4URC   ( 3482): [NDK] [SYSCALL] [access] [PATH][string] [/data/data/com.lkkspl.nhwxyckj/databases/dataeye_database_053CE9326103161DC37854ECE8E0DBE2.db-journal]
D/S4URC   ( 3482): [NDK] [SYSCALL] [stat] [PATH][string] [/data/data/com.lkkspl.nhwxyckj/databases/dataeye_database_053CE9326103161DC37854ECE8E0DBE2.db-journal]
D/S4URC   ( 3482): [NDK] [SYSCALL] [stat] [PATH][string] [/data/data/com.lkkspl.nhwxyckj/databases/dataeye_database_053CE9326103161DC37854ECE8E0DBE2.db]
D/S4URC   ( 3482): [NDK] [SYSCALL] [open] [PATH][string] [/data/data/com.lkkspl.nhwxyckj/databases/dataeye_database_053CE9326103161DC37854ECE8E0DBE2.db-journal] [RETURN][int] [99]
D/S4URC   ( 3482): [NDK] [SYSCALL] [access] [PATH][string] [/data/data/com.lkkspl.nhwxyckj/databases/dataeye_database_053CE9326103161DC37854ECE8E0DBE2.db-wal]
D/S4URC   ( 3482): [SDK] [android.database.sqlite.SQLiteDatabase] [query] [queryInfo][String] [SELECT][*] [FROM][dataeye_history_log]
D/S4URC   ( 3482): [NDK] [SYSCALL] [stat] [PATH][string] [/data/data/com.lkkspl.nhwxyckj/databases/dataeye_database_053CE9326103161DC37854ECE8E0DBE2.db]
D/S4URC   ( 3482): [SDK] [java.io.File] [getPath] [FilePath][String] [/data/data/com.lkkspl.nhwxyckj/databases]
D/S4URC   ( 3482): [SDK] [java.io.File] [isDirectory] [FilePath][String] [/data/data/com.lkkspl.nhwxyckj/databases]
D/S4URC   ( 3482): [NDK] [SYSCALL] [stat] [PATH][string] [/data/data/com.lkkspl.nhwxyckj/databases]
D/S4URC   ( 3482): [SDK] [java.io.File] [getPath] [FilePath][String] [/data/data/com.lkkspl.nhwxyckj/databases/dataeye_database_053CE9326103161DC37854ECE8E0DBE2.db]
D/S4URC   ( 3482): [NDK] [SYSCALL] [stat] [PATH][string] [/data/data/com.lkkspl.nhwxyckj/databases/dataeye_database_053CE9326103161DC37854ECE8E0DBE2.db]
D/S4URC   ( 3482): [NDK] [SYSCALL] [open] [PATH][string] [/data/data/com.lkkspl.nhwxyckj/databases/dataeye_database_053CE9326103161DC37854ECE8E0DBE2.db] [RETURN][int] [22]
D/S4URC   ( 3482): [NDK] [SYSCALL] [stat] [PATH][string] [/data/data/com.lkkspl.nhwxyckj/databases/dataeye_database_053CE9326103161DC37854ECE8E0DBE2.db]
D/S4URC   ( 3482): [NDK] [SYSCALL] [access] [PATH][string] [/data/data/com.lkkspl.nhwxyckj/databases/dataeye_database_053CE9326103161DC37854ECE8E0DBE2.db-journal]
D/S4URC   ( 3482): [NDK] [SYSCALL] [stat] [PATH][string] [/data/data/com.lkkspl.nhwxyckj/databases/dataeye_database_053CE9326103161DC37854ECE8E0DBE2.db-journal]
