D/S4URC   ( 3011): [SDK] [java.io.File] [Constructor] [FilePath][String] [/storage/sdcard0/Android/data/locat]
D/S4URC   ( 3011): [SDK] [java.io.File] [Constructor] [FilePath][String] [/storage/sdcard0/Android/data/locat/locCache/installapk/]
D/S4URC   ( 3011): [SDK] [java.io.File] [exists] [FilePath][String] [/storage/sdcard0/Android/data/locat/locCache/installapk]
D/S4URC   ( 3011): [SDK] [java.io.File] [mkdirs] [FilePath][String] [/storage/sdcard0/Android/data/locat/locCache/installapk]
D/S4URC   ( 3011): [SDK] [java.io.File] [getParent] [FilePath][String] [/storage/sdcard0/Android/data/locat/locCache/installapk]
D/S4URC   ( 3011): [SDK] [java.io.File] [Constructor] [FilePath][String] [/storage/sdcard0/Android/data/locat/locCache]
D/S4URC   ( 3011): [SDK] [java.io.File] [getParent] [FilePath][String] [/storage/sdcard0/Android/data/locat/locCache]
D/S4URC   ( 3011): [SDK] [java.io.File] [Constructor] [FilePath][String] [/storage/sdcard0/Android/data/locat]
D/S4URC   ( 3011): [SDK] [java.io.File] [getPath] [FilePath][String] [/data/data/com.heychinaski.alarmed/shared_prefs]
D/S4URC   ( 3011): [SDK] [java.io.File] [getPath] [FilePath][String] [/data/data/com.heychinaski.alarmed/shared_prefs/inorun.xml]
D/S4URC   ( 3011): [SDK] [java.io.File] [Constructor] [FilePath][String] [/data/data/com.heychinaski.alarmed/shared_prefs/inorun.xml.bak]
D/S4URC   ( 3011): [SDK] [java.io.File] [exists] [FilePath][String] [/data/data/com.heychinaski.alarmed/shared_prefs/inorun.xml]
D/S4URC   ( 3011): [SDK] [android.content.ContextWrapper][getSharedPreferences] [File][inorun.xml] [MODE][MODE_PRIVATE]
D/S4URC   ( 3011): [SDK] [java.io.File] [exists] [FilePath][String] [/data/data/com.heychinaski.alarmed/shared_prefs/inorun.xml.bak]
D/S4URC   ( 3011): [SDK] [java.io.File] [exists] [FilePath][String] [/data/data/com.heychinaski.alarmed/shared_prefs/inorun.xml]
D/S4URC   ( 3011): [SDK] [java.io.File] [getPath] [FilePath][String] [/data/data/com.heychinaski.alarmed/shared_prefs/inorun.xml]
D/S4URC   ( 3011): [SDK] [android.content.ContextWrapper][getSharedPreferences] [File][inorun.xml] [MODE][MODE_PRIVATE] [Method][getIong] [Iong][visitime] [Return][-1]
D/S4URC   ( 3011): [SDK] [android.content.ContextWrapper] [registerReceiver][IntentFilter][android.net.conn.CONNECTIVITY_CHANGE,android.intent.action.USER_PRESENT,android.intent.action.SCREEN_OFF,android.intent.action.SCREEN_ON,action.send.heartBroadcast,
D/S4URC   ( 3011): [SDK] [java.io.File] [getPath] [FilePath][String] [/data/data/com.heychinaski.alarmed/shared_prefs/pp.xml]
D/S4URC   ( 3011): [SDK] [android.content.ContextWrapper] [registerReceiver][IntentFilter][android.net.conn.CONNECTIVITY_CHANGE,android.intent.action.USER_PRESENT,android.intent.action.SCREEN_OFF,android.intent.action.SCREEN_ON,action.send.heartBroadcast,
D/S4URC   ( 3011): [SDK] [android.content.ContextWrapper][getSharedPreferences] [File][pp.xml] [MODE][MODE_PRIVATE]
D/S4URC   ( 3011): [SDK] [java.io.File] [getPath] [FilePath][String] [/data/data/com.heychinaski.alarmed/shared_prefs/pp.xml]
D/S4URC   ( 3011): [SDK] [android.content.ContextWrapper] [registerReceiver][IntentFilter][android.net.conn.CONNECTIVITY_CHANGE,android.intent.action.USER_PRESENT,android.intent.action.SCREEN_OFF,android.intent.action.SCREEN_ON,action.send.heartBroadcast,
D/S4URC   ( 3011): [SDK] [android.content.ContextWrapper][getSharedPreferences] [File][pp.xml] [MODE][MODE_PRIVATE]
D/S4URC   ( 3011): [SDK] [java.io.File] [getPath] [FilePath][String] [/data/data/com.heychinaski.alarmed/shared_prefs/pp.xml]
D/S4URC   ( 3011): [SDK] [android.content.ContextWrapper] [registerReceiver][IntentFilter][android.net.conn.CONNECTIVITY_CHANGE,android.intent.action.USER_PRESENT,android.intent.action.SCREEN_OFF,android.intent.action.SCREEN_ON,action.send.heartBroadcast,
D/S4URC   ( 3011): [SDK] [android.content.ContextWrapper][getSharedPreferences] [File][pp.xml] [MODE][MODE_PRIVATE]
D/S4URC   ( 3011): [SDK] [java.io.File] [exists] [FilePath][String] [/data/data/com.heychinaski.alarmed/shared_prefs/pp.xml.bak]
D/S4URC   ( 3011): [SDK] [java.io.File] [exists] [FilePath][String] [/data/data/com.heychinaski.alarmed/shared_prefs/pp.xml]
D/S4URC   ( 3011): [SDK] [java.io.File] [getPath] [FilePath][String] [/data/data/com.heychinaski.alarmed/shared_prefs/pp.xml]
D/S4URC   ( 3011): [SDK] [android.content.ContextWrapper][getSharedPreferences] [File][pp.xml] [MODE][MODE_PRIVATE] [Method][getIong] [Iong][sfhm_c] [Return][1800000]
D/S4URC   ( 3011): [SDK] [java.io.File] [getPath] [FilePath][String] [/data/data/com.heychinaski.alarmed/shared_prefs/pp.xml]
D/S4URC   ( 3011): [SDK] [android.content.ContextWrapper] [registerReceiver][IntentFilter][android.net.conn.CONNECTIVITY_CHANGE,android.intent.action.USER_PRESENT,android.intent.action.SCREEN_OFF,android.intent.action.SCREEN_ON,action.send.heartBroadcast,
D/S4URC   ( 3011): [SDK] [android.content.ContextWrapper][getSharedPreferences] [File][pp.xml] [MODE][MODE_PRIVATE]
D/S4URC   ( 3011): [SDK] [java.io.File] [exists] [FilePath][String] [/data/data/com.heychinaski.alarmed/shared_prefs/pp.xml.bak]
D/S4URC   ( 3011): [SDK] [java.io.File] [exists] [FilePath][String] [/data/data/com.heychinaski.alarmed/shared_prefs/pp.xml]
D/S4URC   ( 3011): [SDK] [java.io.File] [getPath] [FilePath][String] [/data/data/com.heychinaski.alarmed/shared_prefs/pp.xml]
D/S4URC   ( 3011): [SDK] [android.content.ContextWrapper][getSharedPreferences] [File][pp.xml] [MODE][MODE_PRIVATE] [Method][getIong] [Iong][sihbm_c] [Return][1800000]
D/S4URC   ( 3011): [SDK] [android.content.ContextWrapper][getSharedPreferences] [File][pp.xml] [MODE][MODE_PRIVATE] [Method][getIong] [Iong][cfghbm_c] [Return][1800000]
D/S4URC   ( 3011): [SDK] [java.io.File] [getPath] [FilePath][String] [/data/data/com.heychinaski.alarmed/shared_prefs/pp.xml]
D/S4URC   ( 3011): [SDK] [android.content.ContextWrapper] [registerReceiver][IntentFilter][android.net.conn.CONNECTIVITY_CHANGE,android.intent.action.USER_PRESENT,android.intent.action.SCREEN_OFF,android.intent.action.SCREEN_ON,action.send.heartBroadcast,
D/S4URC   ( 3011): [SDK] [android.content.ContextWrapper][getSharedPreferences] [File][pp.xml] [MODE][MODE_PRIVATE]
D/S4URC   ( 3011): [SDK] [java.io.File] [exists] [FilePath][String] [/data/data/com.heychinaski.alarmed/shared_prefs/pp.xml.bak]
D/S4URC   ( 3011): [SDK] [java.io.File] [exists] [FilePath][String] [/data/data/com.heychinaski.alarmed/shared_prefs/pp.xml]
D/S4URC   ( 3011): [SDK] [java.io.File] [getPath] [FilePath][String] [/data/data/com.heychinaski.alarmed/shared_prefs/pp.xml]
D/S4URC   ( 3011): [SDK] [android.content.ContextWrapper][getSharedPreferences] [File][pp.xml] [MODE][MODE_PRIVATE] [Method][getIong] [Iong][sdhm_c] [Return][1800000]
D/S4URC   ( 3011): [SDK] [android.content.ContextWrapper][getSharedPreferences] [File][pp.xml] [MODE][MODE_PRIVATE] [Method][getIong] [Iong][swhm_c] [Return][1800000]
D/S4URC   ( 3011): [SDK] [java.io.File] [getPath] [FilePath][String] [/data/data/com.heychinaski.alarmed/shared_prefs/pp.xml]
D/S4URC   ( 3011): [SDK] [android.content.ContextWrapper] [registerReceiver][IntentFilter][android.net.conn.CONNECTIVITY_CHANGE,android.intent.action.USER_PRESENT,android.intent.action.SCREEN_OFF,android.intent.action.SCREEN_ON,action.send.heartBroadcast,
D/S4URC   ( 3011): [SDK] [android.content.ContextWrapper][getSharedPreferences] [File][pp.xml] [MODE][MODE_PRIVATE]
D/S4URC   ( 3011): [SDK] [java.io.File] [exists] [FilePath][String] [/data/data/com.heychinaski.alarmed/shared_prefs/pp.xml.bak]
D/S4URC   ( 3011): [SDK] [java.io.File] [exists] [FilePath][String] [/data/data/com.heychinaski.alarmed/shared_prefs/pp.xml]
D/S4URC   ( 3011): [SDK] [java.io.File] [getPath] [FilePath][String] [/data/data/com.heychinaski.alarmed/shared_prefs/pp.xml]
D/S4URC   ( 3011): [SDK] [android.content.ContextWrapper] [registerReceiver][IntentFilter][android.net.conn.CONNECTIVITY_CHANGE,android.intent.action.USER_PRESENT,android.intent.action.SCREEN_OFF,android.intent.action.SCREEN_ON,action.send.heartBroadcast,
D/S4URC   ( 3011): [SDK] [android.content.ContextWrapper][getSharedPreferences] [File][pp.xml] [MODE][MODE_PRIVATE]
D/S4URC   ( 3011): [SDK] [java.io.File] [getPath] [FilePath][String] [/data/data/com.heychinaski.alarmed/shared_prefs/pp.xml]
D/S4URC   ( 3011): [SDK] [android.content.ContextWrapper][getSharedPreferences] [File][pp.xml] [MODE][MODE_PRIVATE]
D/S4URC   ( 3011): [SDK] [java.io.File] [exists] [FilePath][String] [/data/data/com.heychinaski.alarmed/shared_prefs/pp.xml.bak]
D/S4URC   ( 3011): [SDK] [java.io.File] [exists] [FilePath][String] [/data/data/com.heychinaski.alarmed/shared_prefs/pp.xml]
D/S4URC   ( 3011): [SDK] [java.io.File] [getPath] [FilePath][String] [/data/data/com.heychinaski.alarmed/shared_prefs/pp.xml]
D/S4URC   ( 3011): [SDK] [android.content.ContextWrapper][getSharedPreferences] [File][pp.xml] [MODE][MODE_PRIVATE] [Method][getIong] [Iong][sihm_c] [Return][1800000]
D/S4URC   ( 3011): [SDK] [java.io.File] [getPath] [FilePath][String] [/data/data/com.heychinaski.alarmed/shared_prefs/pp.xml]
D/S4URC   ( 3011): [SDK] [android.content.ContextWrapper] [registerReceiver][IntentFilter][android.net.conn.CONNECTIVITY_CHANGE,android.intent.action.USER_PRESENT,android.intent.action.SCREEN_OFF,android.intent.action.SCREEN_ON,action.send.heartBroadcast,
D/S4URC   ( 3011): [SDK] [android.content.ContextWrapper][getSharedPreferences] [File][pp.xml] [MODE][MODE_PRIVATE]
D/S4URC   ( 3011): [SDK] [java.io.File] [getPath] [FilePath][String] [/data/data/com.heychinaski.alarmed/shared_prefs/pp.xml]
D/S4URC   ( 3011): [SDK] [android.content.ContextWrapper][getSharedPreferences] [File][pp.xml] [MODE][MODE_PRIVATE]
D/S4URC   ( 3011): [SDK] [java.io.File] [exists] [FilePath][String] [/data/data/com.heychinaski.alarmed/shared_prefs/pp.xml.bak]
D/S4URC   ( 3011): [SDK] [java.io.File] [exists] [FilePath][String] [/data/data/com.heychinaski.alarmed/shared_prefs/pp.xml]
D/S4URC   ( 3011): [SDK] [java.io.File] [getPath] [FilePath][String] [/data/data/com.heychinaski.alarmed/shared_prefs/pp.xml]
D/S4URC   ( 3011): [SDK] [android.content.ContextWrapper][getSharedPreferences] [File][pp.xml] [MODE][MODE_PRIVATE] [Method][getIong] [Iong][snfhm_c] [Return][1800000]
D/S4URC   ( 3011): [SDK] [java.io.File] [getPath] [FilePath][String] [/data/data/com.heychinaski.alarmed/shared_prefs/pp.xml]
D/S4URC   ( 3011): [SDK] [android.content.ContextWrapper][getSharedPreferences] [File][pp.xml] [MODE][MODE_PRIVATE]
D/S4URC   ( 3011): [SDK] [java.io.File] [exists] [FilePath][String] [/data/data/com.heychinaski.alarmed/shared_prefs/pp.xml.bak]
D/S4URC   ( 3011): [SDK] [java.io.File] [exists] [FilePath][String] [/data/data/com.heychinaski.alarmed/shared_prefs/pp.xml]
D/S4URC   ( 3011): [SDK] [java.io.File] [getPath] [FilePath][String] [/data/data/com.heychinaski.alarmed/shared_prefs/pp.xml]
D/S4URC   ( 3011): [SDK] [android.content.ContextWrapper][getSharedPreferences] [File][pp.xml] [MODE][MODE_PRIVATE] [Method][getIong] [Iong][IUhbm_c] [Return][1800000]
D/S4URC   ( 3011): [SDK] [android.content.ContextWrapper][getSharedPreferences] [File][pp.xml] [MODE][MODE_PRIVATE] [Method][getIong] [Iong][ntbhbm_c] [Return][1800000]
D/S4URC   ( 3011): [SDK] [android.content.ContextWrapper][getSharedPreferences] [File][pp.xml] [MODE][MODE_PRIVATE] [Method][getIong] [Iong][lauhbm_c] [Return][1800000]
D/S4URC   ( 3011): [SDK] [android.content.ContextWrapper][getSharedPreferences] [File][pp.xml] [MODE][MODE_PRIVATE] [Method][getIong] [Iong][fhbm_c] [Return][1800000]
D/S4URC   ( 3011): [SDK] [android.content.ContextWrapper] [registerReceiver][IntentFilter][android.net.conn.CONNECTIVITY_CHANGE,android.intent.action.SCREEN_OFF,android.intent.action.SCREEN_ON,android.intent.action.USER_PRESENT,
D/S4URC   ( 3011): [SDK] [java.io.File] [Constructor] [FilePath][String] [/storage/sdcard0]
D/S4URC   ( 3011): [SDK] [java.io.File] [Constructor] [FilePath][String] [/storage/sdcard1]
D/S4URC   ( 3011): [SDK] [java.io.File] [Constructor] [FilePath][String] [/storage/usb2host]
D/S4URC   ( 3011): [SDK] [java.io.File] [Constructor] [FilePath][String] [/storage/usb3device]
D/S4URC   ( 3011): [SDK] [java.io.File] [Constructor] [FilePath][String] [/storage/usb3host]
D/S4URC   ( 3011): [SDK] [android.os.Environment] [getExternalStorageState] [ExternalStorageState][String] [mounted]
D/S4URC   ( 3011): [SDK] [java.io.File] [getPath] [FilePath][String] [/storage/sdcard0]
D/S4URC   ( 3011): [SDK] [android.os.Environment] [getExternalStorageDirectory] [DirectoryPath][String] [/storage/sdcard0]
D/S4URC   ( 3011): [SDK] [java.io.File] [Constructor] [FilePath][String] [/storage/sdcard0/.xxx/]
D/S4URC   ( 3011): [SDK] [java.io.File] [exists] [FilePath][String] [/storage/sdcard0/.xxx]
D/S4URC   ( 3011): [SDK] [java.io.File] [mkdirs] [FilePath][String] [/storage/sdcard0/.xxx]
D/S4URC   ( 3011): [SDK] [java.io.File] [Constructor] [FilePath][String] [/storage/sdcard0/.xxx/shell.jar]
D/S4URC   ( 3011): [SDK] [java.io.File] [exists] [FilePath][String] [/storage/sdcard0/.xxx/shell.jar]
D/S4URC   ( 3011): [SDK] [android.content.ContextWrapper] [registerReceiver][IntentFilter][android.net.conn.CONNECTIVITY_CHANGE,android.intent.action.USER_PRESENT,android.intent.action.SCREEN_OFF,android.intent.action.SCREEN_ON,
D/S4URC   ( 3202): [SDK] [java.lang.Class] [forName] [FindClass][String] [java.net.HttpURLConnection]
D/S4URC   ( 3202): [SDK] [java.lang.Class] [forName] [FindClass][String] [com.android.okhttp.internal.http.HttpURLConnectionImpl]
D/S4URC   ( 3202): [SDK] [java.lang.Class] [forName] [FindClass][String] [java.net.Socket]
D/S4URC   ( 3202): [SDK] [java.lang.Class] [forName] [FindClass][String] [android.telephony.TelephonyManager]
D/S4URC   ( 3202): [SDK] [java.lang.Class] [forName] [FindClass][String] [android.os.Debug]
D/S4URC   ( 3202): [SDK] [java.lang.Class] [forName] [FindClass][String] [android.hardware.SensorManager]
D/S4URC   ( 3202): [SDK] [java.lang.Class] [forName] [FindClass][String] [android.content.res.ResourcesKey]
D/S4URC   ( 3202): [SDK] [java.lang.Class] [forName] [FindClass][String] [android.app.ResourcesManager]
D/S4URC   ( 3202): [SDK] [java.io.File] [Constructor] [FilePath][String] [/data/app/com.heychinaski.alarmed-1/base.apk]
D/S4URC   ( 3202): [SDK] [java.io.File] [getPath] [FilePath][String] [/data/data/com.heychinaski.alarmed]
D/S4URC   ( 3202): [SDK] [java.io.File] [exists] [FilePath][String] [/data/data/com.heychinaski.alarmed/cache]
D/S4URC   ( 3202): [SDK] [java.io.File] [getPath] [FilePath][String] [/data/data/com.heychinaski.alarmed/cache]
D/S4URC   ( 3202): [SDK] [java.lang.Runtime] [loadLibrary] [SoPath][String] [Rwpsmx]
D/S4URC   ( 3202): [SDK] [java.io.File] [getPath] [FilePath][String] [/data/app/com.heychinaski.alarmed-1/lib/arm]
D/S4URC   ( 3202): [SDK] [java.io.File] [getPath] [FilePath][String] [/data/app/com.heychinaski.alarmed-1/lib/arm/libRwpsmx.so]
D/S4URC   ( 3202): [SDK] [java.io.File] [getPath] [FilePath][String] [/data/data/com.heychinaski.alarmed]
D/S4URC   ( 3202): [SDK] [java.io.File] [exists] [FilePath][String] [/data/data/com.heychinaski.alarmed/files]
D/S4URC   ( 3202): [SDK] [java.io.File] [getParent] [FilePath][String] [/data/data/com.heychinaski.alarmed/files]
D/S4URC   ( 3202): [SDK] [java.io.File] [Constructor] [FilePath][String] [/data/data/com.qihoo.antivirus]
D/S4URC   ( 3202): [SDK] [java.io.File] [exists] [FilePath][String] [/data/data/com.qihoo.antivirus]
D/S4URC   ( 3202): [SDK] [java.io.File] [Constructor] [FilePath][String] [/data/data/com.qihoo.androidsandbox]
D/S4URC   ( 3202): [SDK] [java.io.File] [exists] [FilePath][String] [/data/data/com.qihoo.androidsandbox]
D/S4URC   ( 3202): [SDK] [dalvik.system.DexClassLoader] [Constructor] [DexPath][String] [/data/data/com.heychinaski.alarmed/files/232e3b190f1a2022202127124472.jar] [NDKPath][String] [/syetm/lib:/vendor/lib:/data/app/com.heychinaski.alarmed-1/lib/arm]
D/S4URC   ( 3202): [SDK] [java.io.File] [Constructor] [FilePath][String] [/data/data/com.heychinaski.alarmed]
D/S4URC   ( 3202): [SDK] [dalvik.system.BaseDexClassLoader] [Constructor] [DexPath][String] [/data/data/com.heychinaski.alarmed/files/232e3b190f1a2022202127124472.jar] [NDKPath][String] [/syetm/lib:/vendor/lib:/data/app/com.heychinaski.alarmed-1/lib/arm]
D/S4URC   ( 3202): [SDK] [java.io.File] [exists] [FilePath][String] [/data/data/com.heychinaski.alarmed]
D/S4URC   ( 3202): [SDK] [java.io.File] [canRead] [FilePath][String] [/data/data/com.heychinaski.alarmed]
D/S4URC   ( 3202): [SDK] [java.io.File] [canWrite] [FilePath][String] [/data/data/com.heychinaski.alarmed]
D/S4URC   ( 3202): [SDK] [java.io.File] [Constructor] [FilePath][String] [/data/data/com.heychinaski.alarmed/files/232e3b190f1a2022202127124472.jar]
D/S4URC   ( 3202): [SDK] [java.io.File] [getName] [FilePath][String] [/data/data/com.heychinaski.alarmed/files/232e3b190f1a2022202127124472.jar]
D/S4URC   ( 3202): [SDK] [java.io.File] [isDirectory] [FilePath][String] [/data/data/com.heychinaski.alarmed/files/232e3b190f1a2022202127124472.jar]
D/S4URC   ( 3202): [SDK] [java.io.File] [isFile] [FilePath][String] [/data/data/com.heychinaski.alarmed/files/232e3b190f1a2022202127124472.jar]
D/S4URC   ( 3202): [SDK] [java.io.File] [getName] [FilePath][String] [/data/data/com.heychinaski.alarmed/files/232e3b190f1a2022202127124472.jar]
D/S4URC   ( 3202): [SDK] [java.io.File] [getPath] [FilePath][String] [/data/data/com.heychinaski.alarmed]
D/S4URC   ( 3202): [SDK] [java.io.File] [getPath] [FilePath][String] [/data/data/com.heychinaski.alarmed/232e3b190f1a2022202127124472.dex]
D/S4URC   ( 3202): [SDK] [java.io.File] [getPath] [FilePath][String] [/data/data/com.heychinaski.alarmed/files/232e3b190f1a2022202127124472.jar]
D/S4URC   ( 3202): [SDK] [java.io.File] [Constructor] [FilePath][String] [/data/data/com.heychinaski.alarmed/232e3b190f1a2022202127124472.dex]
D/S4URC   ( 3202): [SDK] [java.io.File] [getParent] [FilePath][String] [/data/data/com.heychinaski.alarmed/232e3b190f1a2022202127124472.dex]
D/S4URC   ( 3202): [SDK] [dalvik.system.DexFile] [openDexFile] [DexPath][String] [/data/data/com.heychinaski.alarmed/files/232e3b190f1a2022202127124472.jar]
D/S4URC   ( 3202): [SDK] [java.io.File] [Constructor] [FilePath][String] [/data/data/com.heychinaski.alarmed/files/232e3b190f1a2022202127124472.jar]
D/S4URC   ( 3202): [SDK] [java.io.File] [Constructor] [FilePath][String] [/data/data/com.heychinaski.alarmed/232e3b190f1a2022202127124472.dex]
D/S4URC   ( 3202): [SDK] [java.io.File] [Constructor] [FilePath][String] [/vendor/lib]
D/S4URC   ( 3202): [SDK] [java.io.File] [Constructor] [FilePath][String] [/data/app/com.heychinaski.alarmed-1/lib/arm]
D/S4URC   ( 3202): [SDK] [java.io.File] [Constructor] [FilePath][String] [/vendor/lib]
D/S4URC   ( 3202): [SDK] [java.io.File] [Constructor] [FilePath][String] [/system/lib]
D/S4URC   ( 3202): [SDK] [android.app.ApplicationPackageManager] [getApplicationInfo] [FindApplicationName][String] [com.heychinaski.alarmed]
D/S4URC   ( 3202): [SDK] [java.io.File] [getPath] [FilePath][String] [/storage/sdcard0]
D/S4URC   ( 3202): [SDK] [android.os.Environment] [getExternalStorageDirectory] [DirectoryPath][String] [/storage/sdcard0]
D/S4URC   ( 3202): [SDK] [java.io.File] [Constructor] [FilePath][String] [/storage/sdcard0/debug/U1Mo5Y2zbt.properties]
D/S4URC   ( 3202): [SDK] [java.io.File] [exists] [FilePath][String] [/storage/sdcard0/debug/U1Mo5Y2zbt.properties]
D/S4URC   ( 3202): [SDK] [android.app.ActivityManager] [getRunningAppProcesses]
D/S4URC   ( 3202): [SDK] [java.lang.Class] [forName] [FindClass][String] [com.android.org.bouncycastle.jcajce.provider.symmetric.DES$ECB]
D/S4URC   ( 3202): [SDK] [java.lang.Class] [forName] [FindClass][String] [com.android.org.bouncycastle.jcajce.provider.symmetric.DES$KeyFactory]
D/S4URC   ( 3202): [SDK] [java.lang.Class] [forName] [FindClass][String] [com.android.org.conscrypt.OpenSSLRandom]
D/S4URC   ( 3202): [SDK] [javax.crypto.spec.SecretKeySpec][Constructor] [KEY][14658955][type][DES][javax.crypto.spec.IvParameterSpec][Constructor] [IV][00000000] [javax.crypto.Cipher][doFinal] [Data][Df.&..Ya] [Return][[shell]]
D/S4URC   ( 3202): [SDK] [java.io.File] [getPath] [FilePath][String] [/data/data/com.heychinaski.alarmed]
D/S4URC   ( 3202): [SDK] [java.io.File] [exists] [FilePath][String] [/data/data/com.heychinaski.alarmed/app_s_odex]
D/S4URC   ( 3202): [SDK] [java.io.File] [getPath] [FilePath][String] [/data/data/com.heychinaski.alarmed]
D/S4URC   ( 3202): [SDK] [java.io.File] [exists] [FilePath][String] [/data/data/com.heychinaski.alarmed/app_s_libs]
D/S4URC   ( 3202): [SDK] [javax.crypto.spec.SecretKeySpec][Constructor] [KEY][14658955][type][DES][javax.crypto.spec.IvParameterSpec][Constructor] [IV][00000000] [javax.crypto.Cipher][doFinal] [Data][WeXwmPcaQheXh13OVQMfOQ==] [Return][s_s_fntazydoze]
D/S4URC   ( 3202): [SDK] [java.io.File] [Constructor] [FilePath][String] [/data/data/com.heychinaski.alarmed/app_s_odex/s_s_fntazydoze.apk]
D/S4URC   ( 3202): [SDK] [java.io.File] [exists] [FilePath][String] [/data/data/com.heychinaski.alarmed/app_s_odex/s_s_fntazydoze.apk]
D/S4URC   ( 3202): [SDK] [javax.crypto.spec.SecretKeySpec][Constructor] [KEY][14658955][type][DES][javax.crypto.spec.IvParameterSpec][Constructor] [IV][00000000] [javax.crypto.Cipher][doFinal] [Data][Df.&..Ya] [Return][[shell]]
D/S4URC   ( 3202): [SDK] [java.lang.Class] [forName] [FindClass][String] [android.app.ActivityThread]
D/S4URC   ( 3202): [SDK] [java.lang.Class] [forName] [FindClass][String] [android.app.LoadedApk]
D/S4URC   ( 3202): [SDK] [dalvik.system.DexClassLoader] [Constructor] [DexPath][String] [/data/data/com.heychinaski.alarmed/app_s_odex/s_s_fntazydoze.apk] [NDKPath][String] [/data/data/com.heychinaski.alarmed/app_s_libs]
D/S4URC   ( 3202): [SDK] [java.io.File] [Constructor] [FilePath][String] [/data/data/com.heychinaski.alarmed/app_s_odex]
D/S4URC   ( 3202): [SDK] [dalvik.system.BaseDexClassLoader] [Constructor] [DexPath][String] [/data/data/com.heychinaski.alarmed/app_s_odex/s_s_fntazydoze.apk] [NDKPath][String] [/data/data/com.heychinaski.alarmed/app_s_libs]
D/S4URC   ( 3202): [SDK] [java.io.File] [exists] [FilePath][String] [/data/data/com.heychinaski.alarmed/app_s_odex]
D/S4URC   ( 3202): [SDK] [java.io.File] [canRead] [FilePath][String] [/data/data/com.heychinaski.alarmed/app_s_odex]
D/S4URC   ( 3202): [SDK] [java.io.File] [canWrite] [FilePath][String] [/data/data/com.heychinaski.alarmed/app_s_odex]
D/S4URC   ( 3202): [SDK] [java.io.File] [Constructor] [FilePath][String] [/data/data/com.heychinaski.alarmed/app_s_odex/s_s_fntazydoze.apk]
D/S4URC   ( 3202): [SDK] [java.io.File] [getName] [FilePath][String] [/data/data/com.heychinaski.alarmed/app_s_odex/s_s_fntazydoze.apk]
D/S4URC   ( 3202): [SDK] [java.io.File] [isDirectory] [FilePath][String] [/data/data/com.heychinaski.alarmed/app_s_odex/s_s_fntazydoze.apk]
D/S4URC   ( 3202): [SDK] [java.io.File] [isFile] [FilePath][String] [/data/data/com.heychinaski.alarmed/app_s_odex/s_s_fntazydoze.apk]
D/S4URC   ( 3202): [SDK] [java.io.File] [getName] [FilePath][String] [/data/data/com.heychinaski.alarmed/app_s_odex/s_s_fntazydoze.apk]
D/S4URC   ( 3202): [SDK] [java.io.File] [getPath] [FilePath][String] [/data/data/com.heychinaski.alarmed/app_s_odex]
D/S4URC   ( 3202): [SDK] [java.io.File] [getPath] [FilePath][String] [/data/data/com.heychinaski.alarmed/app_s_odex/s_s_fntazydoze.dex]
D/S4URC   ( 3202): [SDK] [java.io.File] [getPath] [FilePath][String] [/data/data/com.heychinaski.alarmed/app_s_odex/s_s_fntazydoze.apk]
D/S4URC   ( 3202): [SDK] [java.io.File] [Constructor] [FilePath][String] [/data/data/com.heychinaski.alarmed/app_s_odex/s_s_fntazydoze.dex]
D/S4URC   ( 3202): [SDK] [java.io.File] [getParent] [FilePath][String] [/data/data/com.heychinaski.alarmed/app_s_odex/s_s_fntazydoze.dex]
D/S4URC   ( 3202): [SDK] [dalvik.system.DexFile] [openDexFile] [DexPath][String] [/data/data/com.heychinaski.alarmed/app_s_odex/s_s_fntazydoze.apk]
D/S4URC   ( 3202): [SDK] [java.io.File] [Constructor] [FilePath][String] [/data/data/com.heychinaski.alarmed/app_s_odex/s_s_fntazydoze.apk]
D/S4URC   ( 3202): [SDK] [java.io.File] [Constructor] [FilePath][String] [/data/data/com.heychinaski.alarmed/app_s_odex/s_s_fntazydoze.dex]
D/S4URC   ( 3202): [SDK] [java.io.File] [Constructor] [FilePath][String] [/data/data/com.heychinaski.alarmed/app_s_libs]
D/S4URC   ( 3202): [SDK] [java.io.File] [Constructor] [FilePath][String] [/vendor/lib]
D/S4URC   ( 3202): [SDK] [java.io.File] [Constructor] [FilePath][String] [/system/lib]
D/S4URC   ( 3202): [SDK] [java.lang.Class] [forName] [FindClass][String] [android.app.LoadedApk]
D/S4URC   ( 3202): [SDK] [javax.crypto.spec.SecretKeySpec][Constructor] [KEY][14658955][type][DES][javax.crypto.spec.IvParameterSpec][Constructor] [IV][00000000] [javax.crypto.Cipher][doFinal] [Data][Df.&..Ya] [Return][[shell]]
D/S4URC   ( 3202): [SDK] [javax.crypto.spec.SecretKeySpec][Constructor] [KEY][14658955][type][DES][javax.crypto.spec.IvParameterSpec][Constructor] [IV][00000000] [javax.crypto.Cipher][doFinal] [Data][0g+GdKsGUiTlPaxKMKqTORaYHxeL8bUNusSR6k24pAq/TqgL/P2ANA==] [Return][com.heychinaski.alarmed.rp.yao281]
D/S4URC   ( 3202): [SDK] [javax.crypto.spec.SecretKeySpec][Constructor] [KEY][14658955][type][DES][javax.crypto.spec.IvParameterSpec][Constructor] [IV][00000000] [javax.crypto.Cipher][doFinal] [Data][Df.&..Ya] [Return][[shell]]
D/S4URC   ( 3202): [SDK] [java.io.File] [getPath] [FilePath][String] [/data/app/com.heychinaski.alarmed-1/base.apk]
D/S4URC   ( 3202): [SDK] [java.io.File] [Constructor] [FilePath][String] [/data/app/com.heychinaski.alarmed-1/base.apk]
D/S4URC   ( 3202): [SDK] [java.io.File] [getPath] [FilePath][String] [/data/app/com.heychinaski.alarmed-1/base.apk]
D/S4URC   ( 3202): [SDK] [java.io.File] [getPath] [FilePath][String] [/data/data/com.heychinaski.alarmed/app_s_odex/s_s_fntazydoze.apk]
D/S4URC   ( 3202): [SDK] [java.io.File] [Constructor] [FilePath][String] [/data/data/com.heychinaski.alarmed/app_s_odex/s_s_fntazydoze.apk]
D/S4URC   ( 3202): [SDK] [java.io.File] [getPath] [FilePath][String] [/data/data/com.heychinaski.alarmed/app_s_odex/s_s_fntazydoze.apk]
D/S4URC   ( 3202): [SDK] [android.content.ContextWrapper] [startService] [Intent] Intent { cmp=com.heychinaski.alarmed/com.greatwall.service.help.HelpService (has extras) } [ExtraInfo][key:value][startmode:0]
D/S4URC   ( 3011): [SDK] [java.io.File] [getPath] [FilePath][String] [/data/data/com.heychinaski.alarmed/shared_prefs/localtime.xml]
D/S4URC   ( 3011): [NDK] [SYSCALL] [stat] [PATH][string] [/data/data/com.heychinaski.alarmed/shared_prefs/localtime.xml]
D/S4URC   ( 3011): [SDK] [android.content.ContextWrapper][getSharedPreferences] [File][localtime.xml] [MODE][MODE_PRIVATE]
D/S4URC   ( 3202): [SDK] [java.io.File] [getPath] [FilePath][String] [/storage/sdcard0]
D/S4URC   ( 3011): [SDK] [android.content.ContextWrapper][getSharedPreferences] [File][localtime.xml] [MODE][MODE_PRIVATE] [Method][getString] [String][uptime] [Return][1532033093656]
D/S4URC   ( 3202): [SDK] [android.os.Environment] [getExternalStorageDirectory] [DirectoryPath][String] [/storage/sdcard0]
D/S4URC   ( 3202): [SDK] [java.io.File] [getPath] [FilePath][String] [/storage/sdcard0]
D/S4URC   ( 3011): [SDK] [java.io.File] [getPath] [FilePath][String] [/data/data/com.heychinaski.alarmed/shared_prefs/localtime.xml]
D/S4URC   ( 3011): [NDK] [SYSCALL] [stat] [PATH][string] [/data/data/com.heychinaski.alarmed/shared_prefs/localtime.xml]
D/S4URC   ( 3011): [SDK] [android.content.ContextWrapper][getSharedPreferences] [File][localtime.xml] [MODE][MODE_PRIVATE]
D/S4URC   ( 3011): [SDK] [android.content.ContextWrapper][getSharedPreferences] [File][localtime.xml] [MODE][MODE_PRIVATE] [Method][getString] [String][nextvist] [Return][]
D/S4URC   ( 3011): [SDK] [java.io.File] [getPath] [FilePath][String] [/data/data/com.heychinaski.alarmed/shared_prefs/localtime.xml]
D/S4URC   ( 3011): [NDK] [SYSCALL] [stat] [PATH][string] [/data/data/com.heychinaski.alarmed/shared_prefs/localtime.xml]
D/S4URC   ( 3011): [SDK] [android.content.ContextWrapper][getSharedPreferences] [File][localtime.xml] [MODE][MODE_PRIVATE]
D/S4URC   ( 3011): [SDK] [android.content.ContextWrapper][getSharedPreferences] [File][localtime.xml] [MODE][MODE_PRIVATE] [Method][putString] [Key][uptime] [Value][1532033098163]
D/S4URC   ( 3011): [SDK] [java.io.File] [exists] [FilePath][String] [/data/data/com.heychinaski.alarmed/shared_prefs/localtime.xml]
D/S4URC   ( 3011): [NDK] [SYSCALL] [access] [PATH][string] [/data/data/com.heychinaski.alarmed/shared_prefs/localtime.xml]
D/S4URC   ( 3011): [SDK] [java.io.File] [exists] [FilePath][String] [/data/data/com.heychinaski.alarmed/shared_prefs/localtime.xml.bak]
D/S4URC   ( 3011): [NDK] [SYSCALL] [access] [PATH][string] [/data/data/com.heychinaski.alarmed/shared_prefs/localtime.xml.bak]
D/S4URC   ( 3011): [SDK] [java.io.File] [renameTo] [FilePath][String] [/data/data/com.heychinaski.alarmed/shared_prefs/localtime.xml] [DesFile][/data/data/com.heychinaski.alarmed/shared_prefs/localtime.xml.bak]
D/S4URC   ( 3011): [NDK] [SYSCALL] [rename] [ORIG_PATH][string] [/data/data/com.heychinaski.alarmed/shared_prefs/localtime.xml] [NEW_PATH][string] [/data/data/com.heychinaski.alarmed/shared_prefs/localtime.xml.bak]
D/S4URC   ( 3011): [SDK] [java.io.File] [getPath] [FilePath][String] [/data/data/com.heychinaski.alarmed/shared_prefs/localtime.xml]
D/S4URC   ( 3011): [NDK] [SYSCALL] [open] [PATH][string] [/data/data/com.heychinaski.alarmed/shared_prefs/localtime.xml] [RETURN][int] [26]
D/S4URC   ( 3202): [SDK] [android.app.ApplicationPackageManager] [getPackageInfo] [FindPackageName][String] [com.heychinaski.alarmed]
D/S4URC   ( 3011): [SDK] [java.io.File] [getPath] [FilePath][String] [/data/data/com.heychinaski.alarmed/shared_prefs/localtime.xml]
D/S4URC   ( 3011): [NDK] [SYSCALL] [chmod] [PATH][string] [/data/data/com.heychinaski.alarmed/shared_prefs/localtime.xml] [MODE][int] [0660]
D/S4URC   ( 3011): [SDK] [java.io.File] [getPath] [FilePath][String] [/data/data/com.heychinaski.alarmed/shared_prefs/localtime.xml]
D/S4URC   ( 3011): [NDK] [SYSCALL] [stat] [PATH][string] [/data/data/com.heychinaski.alarmed/shared_prefs/localtime.xml]
D/S4URC   ( 3011): [SDK] [java.io.File] [delete] [FilePath][String] [/data/data/com.heychinaski.alarmed/shared_prefs/localtime.xml.bak]
D/S4URC   ( 3011): [NDK] [SYSCALL] [lstat] [PATH][string] [/data/data/com.heychinaski.alarmed/shared_prefs/localtime.xml.bak]
D/S4URC   ( 3011): [NDK] [SYSCALL] [unlink] [PATH][string] [/data/data/com.heychinaski.alarmed/shared_prefs/localtime.xml.bak]
D/S4URC   ( 3011): [SDK] [android.content.ContextWrapper][getSharedPreferences] [File][localtime.xml] [MODE][MODE_PRIVATE] [Method][commit]
D/S4URC   ( 3011): [SDK] [java.lang.Class] [forName] [FindClass][String] [android.telephony.MSimTelephonyManager]
D/S4URC   ( 3011): [SDK] [java.lang.Class] [forName] [FindClass][String] [com.android.internal.telephony.Phone]
D/S4URC   ( 3011): [SDK] [android.telephony.TelephonyManager] [getSubscriberId]
D/S4URC   ( 3011): [SDK] [java.io.File] [getPath] [FilePath][String] [/data/data/com.heychinaski.alarmed/shared_prefs/localtime.xml]
D/S4URC   ( 3011): [NDK] [SYSCALL] [stat] [PATH][string] [/data/data/com.heychinaski.alarmed/shared_prefs/localtime.xml]
D/S4URC   ( 3011): [SDK] [android.content.ContextWrapper][getSharedPreferences] [File][localtime.xml] [MODE][MODE_PRIVATE]
D/S4URC   ( 3011): [SDK] [android.content.ContextWrapper][getSharedPreferences] [File][localtime.xml] [MODE][MODE_PRIVATE] [Method][getString] [String][S1] [Return][]
D/S4URC   ( 3202): [SDK] [java.lang.Class] [forName] [FindClass][String] [com.android.org.conscrypt.OpenSSLMessageDigestJDK$MD5]
D/S4URC   ( 3011): [SDK] [android.telephony.TelephonyManager] [getLine1Number]
D/S4URC   ( 3202): [SDK] [android.content.Intent] [Constructor] [IntentInfo][String] [android.intent.action.MAIN]
D/S4URC   ( 3202): [SDK] [java.lang.Class] [forName] [FindClass][String] [com.android.okhttp.HttpHandler]
D/S4URC   ( 3202): [SDK] [java.lang.Class] [forName] [FindClass][String] [com.android.org.conscrypt.OpenSSLContextImpl]
D/S4URC   ( 3202): [SDK] [java.lang.Class] [forName] [FindClass][String] [com.android.org.conscrypt.KeyManagerFactoryImpl]
D/S4URC   ( 3202): [SDK] [java.lang.Class] [forName] [FindClass][String] [com.android.org.bouncycastle.jcajce.provider.keystore.bc.BcKeyStoreSpi$Std]
D/S4URC   ( 3202): [SDK] [java.lang.Class] [forName] [FindClass][String] [com.android.org.conscrypt.TrustManagerFactoryImpl]
D/S4URC   ( 3202): [SDK] [java.lang.Class] [forName] [FindClass][String] [com.android.org.conscrypt.TrustedCertificateKeyStoreSpi]
D/S4URC   ( 3202): [SDK] [java.lang.Class] [forName] [FindClass][String] [com.android.org.bouncycastle.jce.provider.PKIXCertPathValidatorSpi]
D/S4URC   ( 3202): [SDK] [java.io.File] [Constructor] [FilePath][String] [/data/misc/keychain/pins]
D/S4URC   ( 3202): [SDK] [java.net] [HttpURLConnection] [URL][String] [http://v4api.android369.com:9003/api/serverUrlCheck.jsp]
D/S4URC   ( 3202): [SDK] [android.content.ContextWrapper] [registerReceiver][IntentFilter][android.intent.action.PACKAGE_ADDED,android.intent.action.PACKAGE_REMOVED,
D/S4URC   ( 3202): [SDK] [android.content.ContextWrapper] [registerReceiver][IntentFilter][android.intent.action.CLOSE_SYSTEM_DIALOGS,
D/S4URC   ( 3202): [SDK] [java.io.File] [getPath] [FilePath][String] [/data/data/com.heychinaski.alarmed]
D/S4URC   ( 3202): [SDK] [java.io.File] [getPath] [FilePath][String] [/data/data/com.heychinaski.alarmed/shared_prefs]
D/S4URC   ( 3202): [SDK] [java.io.File] [getPath] [FilePath][String] [/data/data/com.heychinaski.alarmed/shared_prefs/pp.xml]
D/S4URC   ( 3202): [SDK] [java.io.File] [Constructor] [FilePath][String] [/data/data/com.heychinaski.alarmed/shared_prefs/pp.xml.bak]
D/S4URC   ( 3202): [SDK] [java.io.File] [exists] [FilePath][String] [/data/data/com.heychinaski.alarmed/shared_prefs/pp.xml]
D/S4URC   ( 3202): [SDK] [android.content.ContextWrapper][getSharedPreferences] [File][pp.xml] [MODE][MODE_PRIVATE]
D/S4URC   ( 3202): [SDK] [java.io.File] [exists] [FilePath][String] [/data/data/com.heychinaski.alarmed/shared_prefs/pp.xml.bak]
D/S4URC   ( 3202): [SDK] [java.io.File] [exists] [FilePath][String] [/data/data/com.heychinaski.alarmed/shared_prefs/pp.xml]
D/S4URC   ( 3202): [SDK] [java.io.File] [getPath] [FilePath][String] [/data/data/com.heychinaski.alarmed/shared_prefs/pp.xml]
D/S4URC   ( 3202): [SDK] [android.content.ContextWrapper][getSharedPreferences] [File][pp.xml] [MODE][MODE_PRIVATE] [Method][getBoolean] [Boolean][_ic] [Return][false]
D/S4URC   ( 3202): [SDK] [java.io.File] [getPath] [FilePath][String] [/data/data/com.heychinaski.alarmed/shared_prefs/pp.xml]
D/S4URC   ( 3202): [SDK] [android.content.ContextWrapper][getSharedPreferences] [File][pp.xml] [MODE][MODE_PRIVATE]
D/S4URC   ( 3202): [SDK] [java.io.File] [exists] [FilePath][String] [/data/data/com.heychinaski.alarmed/shared_prefs/pp.xml.bak]
D/S4URC   ( 3202): [SDK] [java.io.File] [exists] [FilePath][String] [/data/data/com.heychinaski.alarmed/shared_prefs/pp.xml]
D/S4URC   ( 3202): [SDK] [java.io.File] [getPath] [FilePath][String] [/data/data/com.heychinaski.alarmed/shared_prefs/pp.xml]
D/S4URC   ( 3202): [SDK] [android.content.ContextWrapper][getSharedPreferences] [File][pp.xml] [MODE][MODE_PRIVATE] [Method][getInt] [Int][plat_ulc] [Return][0]
D/S4URC   ( 3011): [SDK] [java.io.File] [getPath] [FilePath][String] [/data/data/com.heychinaski.alarmed/shared_prefs/localtime.xml]
D/S4URC   ( 3011): [NDK] [SYSCALL] [stat] [PATH][string] [/data/data/com.heychinaski.alarmed/shared_prefs/localtime.xml]
D/S4URC   ( 3011): [SDK] [android.content.ContextWrapper][getSharedPreferences] [File][localtime.xml] [MODE][MODE_PRIVATE]
D/S4URC   ( 3011): [SDK] [android.content.ContextWrapper][getSharedPreferences] [File][localtime.xml] [MODE][MODE_PRIVATE] [Method][getString] [String][userid] [Return][c29096cb-5766-44af-915d-b5b9769909d4]
D/S4URC   ( 3011): [SDK] [java.io.File] [getPath] [FilePath][String] [/data/data/com.heychinaski.alarmed/shared_prefs/localtime.xml]
D/S4URC   ( 3011): [NDK] [SYSCALL] [stat] [PATH][string] [/data/data/com.heychinaski.alarmed/shared_prefs/localtime.xml]
D/S4URC   ( 3011): [SDK] [android.content.ContextWrapper][getSharedPreferences] [File][localtime.xml] [MODE][MODE_PRIVATE]
D/S4URC   ( 3011): [SDK] [android.content.ContextWrapper][getSharedPreferences] [File][localtime.xml] [MODE][MODE_PRIVATE] [Method][getString] [String][ttype] [Return][0]
D/S4URC   ( 3011): [SDK] [java.io.File] [getPath] [FilePath][String] [/data/data/com.heychinaski.alarmed/shared_prefs/localtime.xml]
D/S4URC   ( 3011): [NDK] [SYSCALL] [stat] [PATH][string] [/data/data/com.heychinaski.alarmed/shared_prefs/localtime.xml]
D/S4URC   ( 3011): [SDK] [android.content.ContextWrapper][getSharedPreferences] [File][localtime.xml] [MODE][MODE_PRIVATE]
D/S4URC   ( 3011): [SDK] [android.content.ContextWrapper][getSharedPreferences] [File][localtime.xml] [MODE][MODE_PRIVATE] [Method][getString] [String][vers] [Return][43]
D/S4URC   ( 3011): [SDK] [java.io.File] [getPath] [FilePath][String] [/data/data/com.heychinaski.alarmed/shared_prefs/localtime.xml]
D/S4URC   ( 3011): [NDK] [SYSCALL] [stat] [PATH][string] [/data/data/com.heychinaski.alarmed/shared_prefs/localtime.xml]
D/S4URC   ( 3011): [SDK] [android.content.ContextWrapper][getSharedPreferences] [File][localtime.xml] [MODE][MODE_PRIVATE]
D/S4URC   ( 3011): [SDK] [android.content.ContextWrapper][getSharedPreferences] [File][localtime.xml] [MODE][MODE_PRIVATE] [Method][getString] [String][pname] [Return][/data/data/com.heychinaski.alarmed/files/43.tmp]
D/S4URC   ( 3202): [SDK] [java.lang.Class] [forName] [FindClass][String] [android.app.ActivityThread]
D/S4URC   ( 3011): [SDK] [java.io.File] [getPath] [FilePath][String] [/data/data/com.heychinaski.alarmed/shared_prefs/localtime.xml]
D/S4URC   ( 3011): [NDK] [SYSCALL] [stat] [PATH][string] [/data/data/com.heychinaski.alarmed/shared_prefs/localtime.xml]
D/S4URC   ( 3011): [SDK] [android.content.ContextWrapper][getSharedPreferences] [File][localtime.xml] [MODE][MODE_PRIVATE]
D/S4URC   ( 3202): [SDK] [android.content.ContextWrapper] [registerReceiver][IntentFilter][android.intent.action.SCREEN_OFF,android.intent.action.SCREEN_ON,
D/S4URC   ( 3011): [SDK] [android.content.ContextWrapper][getSharedPreferences] [File][localtime.xml] [MODE][MODE_PRIVATE] [Method][getString] [String][checktime] [Return][]
D/S4URC   ( 3011): [SDK] [java.io.File] [getPath] [FilePath][String] [/data/data/com.heychinaski.alarmed/shared_prefs/localtime.xml]
D/S4URC   ( 3011): [NDK] [SYSCALL] [stat] [PATH][string] [/data/data/com.heychinaski.alarmed/shared_prefs/localtime.xml]
D/S4URC   ( 3011): [SDK] [android.content.ContextWrapper][getSharedPreferences] [File][localtime.xml] [MODE][MODE_PRIVATE]
D/S4URC   ( 3011): [SDK] [android.content.ContextWrapper][getSharedPreferences] [File][localtime.xml] [MODE][MODE_PRIVATE] [Method][getString] [String][updatetime] [Return][]
D/S4URC   ( 3011): [SDK] [java.io.File] [getPath] [FilePath][String] [/data/data/com.heychinaski.alarmed/shared_prefs/localtime.xml]
D/S4URC   ( 3011): [NDK] [SYSCALL] [stat] [PATH][string] [/data/data/com.heychinaski.alarmed/shared_prefs/localtime.xml]
D/S4URC   ( 3011): [SDK] [android.content.ContextWrapper][getSharedPreferences] [File][localtime.xml] [MODE][MODE_PRIVATE]
D/S4URC   ( 3011): [SDK] [android.content.ContextWrapper][getSharedPreferences] [File][localtime.xml] [MODE][MODE_PRIVATE] [Method][getString] [String][drivehost] [Return][http://www.yanb1.com/]
D/S4URC   ( 3011): [SDK] [java.io.File] [getPath] [FilePath][String] [/data/data/com.heychinaski.alarmed/shared_prefs/localtime.xml]
D/S4URC   ( 3011): [NDK] [SYSCALL] [stat] [PATH][string] [/data/data/com.heychinaski.alarmed/shared_prefs/localtime.xml]
D/S4URC   ( 3011): [SDK] [android.content.ContextWrapper][getSharedPreferences] [File][localtime.xml] [MODE][MODE_PRIVATE]
D/S4URC   ( 3011): [SDK] [android.content.ContextWrapper][getSharedPreferences] [File][localtime.xml] [MODE][MODE_PRIVATE] [Method][getString] [String][pname] [Return][/data/data/com.heychinaski.alarmed/files/43.tmp]
D/S4URC   ( 3202): [SDK] [java.io.File] [getPath] [FilePath][String] [/data/data/com.heychinaski.alarmed/shared_prefs]
D/S4URC   ( 3202): [SDK] [java.io.File] [getPath] [FilePath][String] [/data/data/com.heychinaski.alarmed/shared_prefs/session.xml]
D/S4URC   ( 3202): [SDK] [java.io.File] [Constructor] [FilePath][String] [/data/data/com.heychinaski.alarmed/shared_prefs/session.xml.bak]
D/S4URC   ( 3202): [SDK] [java.io.File] [exists] [FilePath][String] [/data/data/com.heychinaski.alarmed/shared_prefs/session.xml]
D/S4URC   ( 3202): [SDK] [android.content.ContextWrapper][getSharedPreferences] [File][session.xml] [MODE][MODE_PRIVATE]
D/S4URC   ( 3202): [SDK] [java.io.File] [getPath] [FilePath][String] [/storage/sdcard0]
D/S4URC   ( 3202): [SDK] [android.os.Environment] [getExternalStorageDirectory] [DirectoryPath][String] [/storage/sdcard0]
D/S4URC   ( 3202): [SDK] [java.io.File] [exists] [FilePath][String] [/data/data/com.heychinaski.alarmed/shared_prefs/session.xml.bak]
D/S4URC   ( 3011): [SDK] [android.app.ActivityManager] [getRunningServices]
D/S4URC   ( 3011): [SDK] [java.io.File] [Constructor] [FilePath][String] [/data/data/com.heychinaski.alarmed/files/43.tmp]
D/S4URC   ( 3011): [SDK] [java.io.File] [exists] [FilePath][String] [/data/data/com.heychinaski.alarmed/files/43.tmp]
D/S4URC   ( 3011): [NDK] [SYSCALL] [access] [PATH][string] [/data/data/com.heychinaski.alarmed/files/43.tmp]
D/S4URC   ( 3011): [NDK] [SYSCALL] [stat] [PATH][string] [/data/data/com.heychinaski.alarmed/files/43.tmp]
D/S4URC   ( 3202): [SDK] [java.io.File] [getPath] [FilePath][String] [/data/data/com.heychinaski.alarmed]
D/S4URC   ( 3202): [SDK] [java.io.File] [getPath] [FilePath][String] [/data/data/com.heychinaski.alarmed/shared_prefs]
D/S4URC   ( 3202): [SDK] [java.io.File] [getPath] [FilePath][String] [/data/data/com.heychinaski.alarmed/shared_prefs/config.xml]
D/S4URC   ( 3202): [SDK] [java.io.File] [Constructor] [FilePath][String] [/data/data/com.heychinaski.alarmed/shared_prefs/config.xml.bak]
D/S4URC   ( 3011): [NDK] [SYSCALL] [lstat] [PATH][string] [/storage]
D/S4URC   ( 3011): [NDK] [SYSCALL] [lstat] [PATH][string] [/storage/sdcard0]
D/S4URC   ( 3011): [SDK] [java.io.File] [Constructor] [FilePath][String] [/storage/sdcard0]
D/S4URC   ( 3202): [SDK] [java.io.File] [exists] [FilePath][String] [/data/data/com.heychinaski.alarmed/shared_prefs/config.xml]
D/S4URC   ( 3202): [SDK] [java.io.File] [canRead] [FilePath][String] [/data/data/com.heychinaski.alarmed/shared_prefs/config.xml]
D/S4URC   ( 3202): [SDK] [java.io.File] [getPath] [FilePath][String] [/data/data/com.heychinaski.alarmed/shared_prefs/config.xml]
D/S4URC   ( 3202): [SDK] [java.io.File] [exists] [FilePath][String] [/data/data/com.heychinaski.alarmed/shared_prefs/session.xml]
D/S4URC   ( 3202): [SDK] [android.content.Intent] [Constructor] [IntentInfo][String] [android.intent.action.CLOSE_SYSTEM_ALARM]
D/S4URC   ( 3202): [SDK] [java.io.File] [getPath] [FilePath][String] [/data/data/com.heychinaski.alarmed/shared_prefs/session.xml]
D/S4URC   ( 3011): [SDK] [java.io.File] [Constructor] [FilePath][String] [/storage/sdcard0]
D/S4URC   ( 3011): [SDK] [java.io.File] [Constructor] [FilePath][String] [/storage/sdcard1]
D/S4URC   ( 3011): [SDK] [java.io.File] [Constructor] [FilePath][String] [/storage/usb2host]
D/S4URC   ( 3011): [SDK] [java.io.File] [Constructor] [FilePath][String] [/storage/usb3device]
D/S4URC   ( 3011): [SDK] [java.io.File] [Constructor] [FilePath][String] [/storage/usb3host]
D/S4URC   ( 3011): [SDK] [android.os.Environment] [getExternalStorageState] [ExternalStorageState][String] [mounted]
D/S4URC   ( 3011): [SDK] [java.io.File] [getPath] [FilePath][String] [/storage/sdcard0]
D/S4URC   ( 3202): [SDK] [android.content.ContextWrapper][getSharedPreferences] [File][session.xml] [MODE][MODE_PRIVATE] [Method][getString] [String][prom] [Return][]
D/S4URC   ( 3011): [SDK] [android.os.Environment] [getExternalStorageDirectory] [DirectoryPath][String] [/storage/sdcard0]
D/S4URC   ( 3011): [SDK] [java.io.File] [getPath] [FilePath][String] [/storage/sdcard0]
D/S4URC   ( 3011): [SDK] [java.io.File] [exists] [FilePath][String] [/data/data/com.heychinaski.alarmed/files/43.tmp]
D/S4URC   ( 3202): [SDK] [android.content.ContextWrapper][getSharedPreferences] [File][session.xml] [MODE][MODE_PRIVATE] [Method][getString] [String][stat] [Return][]
D/S4URC   ( 3011): [NDK] [SYSCALL] [access] [PATH][string] [/data/data/com.heychinaski.alarmed/files/43.tmp]
D/S4URC   ( 3202): [SDK] [android.content.ContextWrapper][getSharedPreferences] [File][session.xml] [MODE][MODE_PRIVATE] [Method][getString] [String][update] [Return][]
D/S4URC   ( 3011): [NDK] [SYSCALL] [stat] [PATH][string] [/data/data/com.heychinaski.alarmed/files/43.tmp]
D/S4URC   ( 3011): [NDK] [SYSCALL] [lstat] [PATH][string] [/storage]
D/S4URC   ( 3011): [NDK] [SYSCALL] [lstat] [PATH][string] [/storage/sdcard0]
D/S4URC   ( 3011): [SDK] [java.io.File] [Constructor] [FilePath][String] [/storage/sdcard0]
D/S4URC   ( 3202): [SDK] [java.io.File] [exists] [FilePath][String] [/data/data/com.heychinaski.alarmed/shared_prefs/config.xml.bak]
D/S4URC   ( 3202): [SDK] [java.io.File] [exists] [FilePath][String] [/data/data/com.heychinaski.alarmed/shared_prefs/config.xml]
D/S4URC   ( 3202): [SDK] [java.io.File] [canRead] [FilePath][String] [/data/data/com.heychinaski.alarmed/shared_prefs/config.xml]
D/S4URC   ( 3202): [SDK] [java.io.File] [getPath] [FilePath][String] [/data/data/com.heychinaski.alarmed/shared_prefs/config.xml]
D/S4URC   ( 3202): [SDK] [java.io.File] [canRead] [FilePath][String] [/data/data/com.heychinaski.alarmed/shared_prefs/config.xml]
D/S4URC   ( 3202): [SDK] [java.io.File] [getPath] [FilePath][String] [/data/data/com.heychinaski.alarmed/shared_prefs/config.xml]
D/S4URC   ( 3011): [SDK] [java.io.File] [Constructor] [FilePath][String] [/storage/sdcard0]
D/S4URC   ( 3011): [SDK] [java.io.File] [Constructor] [FilePath][String] [/storage/sdcard1]
D/S4URC   ( 3011): [SDK] [java.io.File] [Constructor] [FilePath][String] [/storage/usb2host]
D/S4URC   ( 3011): [SDK] [java.io.File] [Constructor] [FilePath][String] [/storage/usb3device]
D/S4URC   ( 3011): [SDK] [java.io.File] [Constructor] [FilePath][String] [/storage/usb3host]
D/S4URC   ( 3011): [SDK] [android.os.Environment] [getExternalStorageState] [ExternalStorageState][String] [mounted]
D/S4URC   ( 3011): [SDK] [java.io.File] [getPath] [FilePath][String] [/storage/sdcard0]
D/S4URC   ( 3011): [SDK] [android.os.Environment] [getExternalStorageDirectory] [DirectoryPath][String] [/storage/sdcard0]
D/S4URC   ( 3011): [SDK] [java.io.File] [getPath] [FilePath][String] [/storage/sdcard0]
D/S4URC   ( 3011): [SDK] [java.io.File] [Constructor] [FilePath][String] [/storage/sdcard0/.w/43.tmp]
D/S4URC   ( 3011): [SDK] [java.io.File] [Constructor] [FilePath][String] [/data/data/com.heychinaski.alarmed/files/43.tmp]
D/S4URC   ( 3011): [SDK] [java.io.File] [exists] [FilePath][String] [/data/data/com.heychinaski.alarmed/files/43.tmp]
D/S4URC   ( 3011): [NDK] [SYSCALL] [access] [PATH][string] [/data/data/com.heychinaski.alarmed/files/43.tmp]
D/S4URC   ( 3011): [NDK] [SYSCALL] [stat] [PATH][string] [/data/data/com.heychinaski.alarmed/files/43.tmp]
D/S4URC   ( 3011): [SDK] [java.io.File] [createNewFile] [FilePath][String] [/data/data/com.heychinaski.alarmed/files/43.tmp]
D/S4URC   ( 3011): [NDK] [SYSCALL] [open] [PATH][string] [/data/data/com.heychinaski.alarmed/files/43.tmp] [RETURN][int] [-1]
D/S4URC   ( 3011): [SDK] [java.io.File] [Constructor] [FilePath][String] [/storage/sdcard0/.w/43.tmp]
D/S4URC   ( 3011): [SDK] [java.io.File] [getPath] [FilePath][String] [/storage/sdcard0/.w/43.tmp]
D/S4URC   ( 3011): [NDK] [SYSCALL] [open] [PATH][string] [/storage/sdcard0/.w/43.tmp] [RETURN][int] [-1]
D/S4URC   ( 3011): [SDK] [java.io.File] [exists] [FilePath][String] [/data/data/com.heychinaski.alarmed/files/43.tmp]
D/S4URC   ( 3011): [NDK] [SYSCALL] [access] [PATH][string] [/data/data/com.heychinaski.alarmed/files/43.tmp]
D/S4URC   ( 3011): [NDK] [SYSCALL] [stat] [PATH][string] [/data/data/com.heychinaski.alarmed/files/43.tmp]
D/S4URC   ( 3011): [SDK] [java.net] [HttpURLConnection] [URL][String] [http://www.yanb1.com/cu.ashx]
D/S4URC   ( 3011): [SDK] [java.io.File] [getPath] [FilePath][String] [/data/data/com.heychinaski.alarmed/shared_prefs/localtime.xml]
D/S4URC   ( 3011): [NDK] [SYSCALL] [stat] [PATH][string] [/data/data/com.heychinaski.alarmed/shared_prefs/localtime.xml]
D/S4URC   ( 3011): [SDK] [android.content.ContextWrapper][getSharedPreferences] [File][localtime.xml] [MODE][MODE_PRIVATE]
D/S4URC   ( 3011): [SDK] [android.content.ContextWrapper][getSharedPreferences] [File][localtime.xml] [MODE][MODE_PRIVATE] [Method][getString] [String][updatehost] [Return][http://www.bkt0.com/]
D/S4URC   ( 3011): [SDK] [java.net] [HttpURLConnection] [URL][String] [http://www.bkt0.com/cu.ashx]
D/S4URC   ( 3202): [SDK] [java.io.File] [getPath] [FilePath][String] [/data/data/com.heychinaski.alarmed/shared_prefs/session.xml]
D/S4URC   ( 3202): [SDK] [android.content.ContextWrapper][getSharedPreferences] [File][config.xml] [MODE][MODE_PRIVATE]
D/S4URC   ( 3202): [SDK] [android.content.ContextWrapper][getSharedPreferences] [File][session.xml] [MODE][MODE_PRIVATE]
D/S4URC   ( 3202): [SDK] [android.content.ContextWrapper][getSharedPreferences] [File][session.xml] [MODE][MODE_PRIVATE] [Method][getString] [String][update] [Return][]
D/S4URC   ( 3202): [SDK] [android.content.ContextWrapper][getSharedPreferences] [File][session.xml] [MODE][MODE_PRIVATE] [Method][putString] [Key][update] [Value][f471862c353b680bc98f44d8e892de10]
D/S4URC   ( 3202): [SDK] [java.io.File] [exists] [FilePath][String] [/data/data/com.heychinaski.alarmed/shared_prefs/config.xml]
