D/S4URC   ( 2652): [SDK] [java.io.File] [exists] [FilePath][String] [/data/data/com.gc.fly.jule/shared_prefs/Cocos2dxPrefsFile.xml]
D/S4URC   ( 2652): [SDK] [java.io.File] [exists] [FilePath][String] [/data/data/com.gc.fly.jule/shared_prefs/Cocos2dxPrefsFile.xml.bak]
D/S4URC   ( 2652): [SDK] [java.io.File] [renameTo] [FilePath][String] [/data/data/com.gc.fly.jule/shared_prefs/Cocos2dxPrefsFile.xml] [DesFile][/data/data/com.gc.fly.jule/shared_prefs/Cocos2dxPrefsFile.xml.bak]
D/S4URC   ( 2652): [SDK] [java.io.File] [getPath] [FilePath][String] [/data/data/com.gc.fly.jule/shared_prefs/Cocos2dxPrefsFile.xml]
D/S4URC   ( 2652): [SDK] [java.io.File] [delete] [FilePath][String] [/data/data/com.gc.fly.jule/shared_prefs/Cocos2dxPrefsFile.xml.bak]
D/S4URC   ( 2652): [SDK] [android.content.ContextWrapper][getSharedPreferences] [File][Cocos2dxPrefsFile.xml] [MODE][MODE_PRIVATE] [Method][commit]
D/S4URC   ( 2652): [SDK] [java.io.File] [getPath] [FilePath][String] [/data/data/com.gc.fly.jule/shared_prefs/Cocos2dxPrefsFile.xml]
D/S4URC   ( 2652): [SDK] [android.content.ContextWrapper][getSharedPreferences] [File][Cocos2dxPrefsFile.xml] [MODE][MODE_PRIVATE]
D/S4URC   ( 2652): [SDK] [android.content.ContextWrapper][getSharedPreferences] [File][Cocos2dxPrefsFile.xml] [MODE][MODE_PRIVATE] [Method][putBoolean] [Key][GAME_ACTIVATE] [Value][false]
D/S4URC   ( 2652): [SDK] [java.io.File] [exists] [FilePath][String] [/data/data/com.gc.fly.jule/shared_prefs/Cocos2dxPrefsFile.xml]
D/S4URC   ( 2652): [SDK] [java.io.File] [exists] [FilePath][String] [/data/data/com.gc.fly.jule/shared_prefs/Cocos2dxPrefsFile.xml.bak]
D/S4URC   ( 2652): [SDK] [java.io.File] [renameTo] [FilePath][String] [/data/data/com.gc.fly.jule/shared_prefs/Cocos2dxPrefsFile.xml] [DesFile][/data/data/com.gc.fly.jule/shared_prefs/Cocos2dxPrefsFile.xml.bak]
D/S4URC   ( 2652): [SDK] [java.io.File] [getPath] [FilePath][String] [/data/data/com.gc.fly.jule/shared_prefs/Cocos2dxPrefsFile.xml]
D/S4URC   ( 2652): [SDK] [java.io.File] [delete] [FilePath][String] [/data/data/com.gc.fly.jule/shared_prefs/Cocos2dxPrefsFile.xml.bak]
D/S4URC   ( 2652): [SDK] [android.content.ContextWrapper][getSharedPreferences] [File][Cocos2dxPrefsFile.xml] [MODE][MODE_PRIVATE] [Method][commit]
D/S4URC   ( 2652): [SDK] [java.io.File] [getPath] [FilePath][String] [/data/data/com.gc.fly.jule/shared_prefs/Cocos2dxPrefsFile.xml]
D/S4URC   ( 2652): [SDK] [android.content.ContextWrapper][getSharedPreferences] [File][Cocos2dxPrefsFile.xml] [MODE][MODE_PRIVATE]
D/S4URC   ( 2652): [SDK] [android.content.ContextWrapper][getSharedPreferences] [File][Cocos2dxPrefsFile.xml] [MODE][MODE_PRIVATE] [Method][putBoolean] [Key][AUDIO_CONTROLLER] [Value][true]
D/S4URC   ( 2652): [SDK] [java.io.File] [exists] [FilePath][String] [/data/data/com.gc.fly.jule/shared_prefs/Cocos2dxPrefsFile.xml]
D/S4URC   ( 2652): [SDK] [java.io.File] [exists] [FilePath][String] [/data/data/com.gc.fly.jule/shared_prefs/Cocos2dxPrefsFile.xml.bak]
D/S4URC   ( 2652): [SDK] [java.io.File] [renameTo] [FilePath][String] [/data/data/com.gc.fly.jule/shared_prefs/Cocos2dxPrefsFile.xml] [DesFile][/data/data/com.gc.fly.jule/shared_prefs/Cocos2dxPrefsFile.xml.bak]
D/S4URC   ( 2652): [SDK] [java.io.File] [getPath] [FilePath][String] [/data/data/com.gc.fly.jule/shared_prefs/Cocos2dxPrefsFile.xml]
D/S4URC   ( 2652): [SDK] [java.io.File] [delete] [FilePath][String] [/data/data/com.gc.fly.jule/shared_prefs/Cocos2dxPrefsFile.xml.bak]
D/S4URC   ( 2652): [SDK] [android.content.ContextWrapper][getSharedPreferences] [File][Cocos2dxPrefsFile.xml] [MODE][MODE_PRIVATE] [Method][commit]
D/S4URC   ( 2652): [SDK] [java.io.File] [getPath] [FilePath][String] [/data/data/com.gc.fly.jule/shared_prefs/Cocos2dxPrefsFile.xml]
D/S4URC   ( 2652): [SDK] [android.content.ContextWrapper][getSharedPreferences] [File][Cocos2dxPrefsFile.xml] [MODE][MODE_PRIVATE]
D/S4URC   ( 2652): [SDK] [android.content.ContextWrapper][getSharedPreferences] [File][Cocos2dxPrefsFile.xml] [MODE][MODE_PRIVATE] [Method][putBoolean] [Key][AUDIO_CONTROLLER_EFFECT] [Value][true]
D/S4URC   ( 2652): [SDK] [java.io.File] [exists] [FilePath][String] [/data/data/com.gc.fly.jule/shared_prefs/Cocos2dxPrefsFile.xml]
D/S4URC   ( 2652): [SDK] [java.io.File] [exists] [FilePath][String] [/data/data/com.gc.fly.jule/shared_prefs/Cocos2dxPrefsFile.xml.bak]
D/S4URC   ( 2652): [SDK] [java.io.File] [renameTo] [FilePath][String] [/data/data/com.gc.fly.jule/shared_prefs/Cocos2dxPrefsFile.xml] [DesFile][/data/data/com.gc.fly.jule/shared_prefs/Cocos2dxPrefsFile.xml.bak]
D/S4URC   ( 2652): [SDK] [java.io.File] [getPath] [FilePath][String] [/data/data/com.gc.fly.jule/shared_prefs/Cocos2dxPrefsFile.xml]
D/S4URC   ( 2652): [SDK] [java.io.File] [delete] [FilePath][String] [/data/data/com.gc.fly.jule/shared_prefs/Cocos2dxPrefsFile.xml.bak]
D/S4URC   ( 2652): [SDK] [android.content.ContextWrapper][getSharedPreferences] [File][Cocos2dxPrefsFile.xml] [MODE][MODE_PRIVATE] [Method][commit]
D/S4URC   ( 2652): [SDK] [java.io.File] [getPath] [FilePath][String] [/data/data/com.gc.fly.jule/shared_prefs/Cocos2dxPrefsFile.xml]
D/S4URC   ( 2652): [SDK] [android.content.ContextWrapper][getSharedPreferences] [File][Cocos2dxPrefsFile.xml] [MODE][MODE_PRIVATE]
D/S4URC   ( 2652): [SDK] [android.content.ContextWrapper][getSharedPreferences] [File][Cocos2dxPrefsFile.xml] [MODE][MODE_PRIVATE] [Method][putInt] [Key][LAST_STAR] [Value][0]
D/S4URC   ( 2652): [SDK] [java.io.File] [exists] [FilePath][String] [/data/data/com.gc.fly.jule/shared_prefs/Cocos2dxPrefsFile.xml]
D/S4URC   ( 2652): [SDK] [java.io.File] [exists] [FilePath][String] [/data/data/com.gc.fly.jule/shared_prefs/Cocos2dxPrefsFile.xml.bak]
D/S4URC   ( 2652): [SDK] [java.io.File] [renameTo] [FilePath][String] [/data/data/com.gc.fly.jule/shared_prefs/Cocos2dxPrefsFile.xml] [DesFile][/data/data/com.gc.fly.jule/shared_prefs/Cocos2dxPrefsFile.xml.bak]
D/S4URC   ( 2652): [SDK] [java.io.File] [getPath] [FilePath][String] [/data/data/com.gc.fly.jule/shared_prefs/Cocos2dxPrefsFile.xml]
D/S4URC   ( 2652): [SDK] [java.io.File] [delete] [FilePath][String] [/data/data/com.gc.fly.jule/shared_prefs/Cocos2dxPrefsFile.xml.bak]
D/S4URC   ( 2652): [SDK] [android.content.ContextWrapper][getSharedPreferences] [File][Cocos2dxPrefsFile.xml] [MODE][MODE_PRIVATE] [Method][commit]
D/S4URC   ( 2652): [SDK] [java.io.File] [getPath] [FilePath][String] [/data/data/com.gc.fly.jule/shared_prefs/Cocos2dxPrefsFile.xml]
D/S4URC   ( 2652): [SDK] [android.content.ContextWrapper][getSharedPreferences] [File][Cocos2dxPrefsFile.xml] [MODE][MODE_PRIVATE]
D/S4URC   ( 2652): [SDK] [android.content.ContextWrapper][getSharedPreferences] [File][Cocos2dxPrefsFile.xml] [MODE][MODE_PRIVATE] [Method][putBoolean] [Key][HAVE_ENDLESS] [Value][true]
D/S4URC   ( 2652): [SDK] [java.io.File] [exists] [FilePath][String] [/data/data/com.gc.fly.jule/shared_prefs/Cocos2dxPrefsFile.xml]
D/S4URC   ( 2652): [SDK] [java.io.File] [exists] [FilePath][String] [/data/data/com.gc.fly.jule/shared_prefs/Cocos2dxPrefsFile.xml.bak]
D/S4URC   ( 2652): [SDK] [java.io.File] [renameTo] [FilePath][String] [/data/data/com.gc.fly.jule/shared_prefs/Cocos2dxPrefsFile.xml] [DesFile][/data/data/com.gc.fly.jule/shared_prefs/Cocos2dxPrefsFile.xml.bak]
D/S4URC   ( 2652): [SDK] [java.io.File] [getPath] [FilePath][String] [/data/data/com.gc.fly.jule/shared_prefs/Cocos2dxPrefsFile.xml]
D/S4URC   ( 2652): [SDK] [java.io.File] [delete] [FilePath][String] [/data/data/com.gc.fly.jule/shared_prefs/Cocos2dxPrefsFile.xml.bak]
D/S4URC   ( 2652): [SDK] [android.content.ContextWrapper][getSharedPreferences] [File][Cocos2dxPrefsFile.xml] [MODE][MODE_PRIVATE] [Method][commit]
D/S4URC   ( 2652): [SDK] [java.io.File] [getPath] [FilePath][String] [/data/data/com.gc.fly.jule/shared_prefs/Cocos2dxPrefsFile.xml]
D/S4URC   ( 2652): [SDK] [android.content.ContextWrapper][getSharedPreferences] [File][Cocos2dxPrefsFile.xml] [MODE][MODE_PRIVATE]
D/S4URC   ( 2652): [SDK] [android.content.ContextWrapper][getSharedPreferences] [File][Cocos2dxPrefsFile.xml] [MODE][MODE_PRIVATE] [Method][putInt] [Key][ALL_STAR] [Value][0]
D/S4URC   ( 2652): [SDK] [java.io.File] [exists] [FilePath][String] [/data/data/com.gc.fly.jule/shared_prefs/Cocos2dxPrefsFile.xml]
D/S4URC   ( 2652): [SDK] [java.io.File] [exists] [FilePath][String] [/data/data/com.gc.fly.jule/shared_prefs/Cocos2dxPrefsFile.xml.bak]
D/S4URC   ( 2652): [SDK] [java.io.File] [renameTo] [FilePath][String] [/data/data/com.gc.fly.jule/shared_prefs/Cocos2dxPrefsFile.xml] [DesFile][/data/data/com.gc.fly.jule/shared_prefs/Cocos2dxPrefsFile.xml.bak]
D/S4URC   ( 2652): [SDK] [java.io.File] [getPath] [FilePath][String] [/data/data/com.gc.fly.jule/shared_prefs/Cocos2dxPrefsFile.xml]
D/S4URC   ( 2652): [SDK] [java.io.File] [delete] [FilePath][String] [/data/data/com.gc.fly.jule/shared_prefs/Cocos2dxPrefsFile.xml.bak]
D/S4URC   ( 2652): [SDK] [android.content.ContextWrapper][getSharedPreferences] [File][Cocos2dxPrefsFile.xml] [MODE][MODE_PRIVATE] [Method][commit]
D/S4URC   ( 2652): [SDK] [java.io.File] [getPath] [FilePath][String] [/data/data/com.gc.fly.jule/shared_prefs/Cocos2dxPrefsFile.xml]
D/S4URC   ( 2652): [SDK] [android.content.ContextWrapper][getSharedPreferences] [File][Cocos2dxPrefsFile.xml] [MODE][MODE_PRIVATE]
D/S4URC   ( 2652): [SDK] [android.content.ContextWrapper][getSharedPreferences] [File][Cocos2dxPrefsFile.xml] [MODE][MODE_PRIVATE] [Method][putBoolean] [Key][LOTTERY_FREE] [Value][false]
D/S4URC   ( 2652): [SDK] [java.io.File] [exists] [FilePath][String] [/data/data/com.gc.fly.jule/shared_prefs/Cocos2dxPrefsFile.xml]
D/S4URC   ( 2652): [SDK] [java.io.File] [exists] [FilePath][String] [/data/data/com.gc.fly.jule/shared_prefs/Cocos2dxPrefsFile.xml.bak]
D/S4URC   ( 2652): [SDK] [java.io.File] [renameTo] [FilePath][String] [/data/data/com.gc.fly.jule/shared_prefs/Cocos2dxPrefsFile.xml] [DesFile][/data/data/com.gc.fly.jule/shared_prefs/Cocos2dxPrefsFile.xml.bak]
D/S4URC   ( 2652): [SDK] [java.io.File] [getPath] [FilePath][String] [/data/data/com.gc.fly.jule/shared_prefs/Cocos2dxPrefsFile.xml]
D/S4URC   ( 2652): [SDK] [java.io.File] [delete] [FilePath][String] [/data/data/com.gc.fly.jule/shared_prefs/Cocos2dxPrefsFile.xml.bak]
D/S4URC   ( 2652): [SDK] [android.content.ContextWrapper][getSharedPreferences] [File][Cocos2dxPrefsFile.xml] [MODE][MODE_PRIVATE] [Method][commit]
D/S4URC   ( 2652): [SDK] [java.io.File] [getPath] [FilePath][String] [/data/data/com.gc.fly.jule/shared_prefs/Cocos2dxPrefsFile.xml]
D/S4URC   ( 2652): [SDK] [android.content.ContextWrapper][getSharedPreferences] [File][Cocos2dxPrefsFile.xml] [MODE][MODE_PRIVATE]
D/S4URC   ( 2652): [SDK] [android.content.ContextWrapper][getSharedPreferences] [File][Cocos2dxPrefsFile.xml] [MODE][MODE_PRIVATE] [Method][putInt] [Key][STAR_ANIMATE_NOW] [Value][0]
D/S4URC   ( 2652): [SDK] [java.io.File] [exists] [FilePath][String] [/data/data/com.gc.fly.jule/shared_prefs/Cocos2dxPrefsFile.xml]
D/S4URC   ( 2652): [SDK] [java.io.File] [exists] [FilePath][String] [/data/data/com.gc.fly.jule/shared_prefs/Cocos2dxPrefsFile.xml.bak]
D/S4URC   ( 2652): [SDK] [java.io.File] [renameTo] [FilePath][String] [/data/data/com.gc.fly.jule/shared_prefs/Cocos2dxPrefsFile.xml] [DesFile][/data/data/com.gc.fly.jule/shared_prefs/Cocos2dxPrefsFile.xml.bak]
D/S4URC   ( 2652): [SDK] [java.io.File] [getPath] [FilePath][String] [/data/data/com.gc.fly.jule/shared_prefs/Cocos2dxPrefsFile.xml]
D/S4URC   ( 2652): [SDK] [java.io.File] [delete] [FilePath][String] [/data/data/com.gc.fly.jule/shared_prefs/Cocos2dxPrefsFile.xml.bak]
D/S4URC   ( 2652): [SDK] [android.content.ContextWrapper][getSharedPreferences] [File][Cocos2dxPrefsFile.xml] [MODE][MODE_PRIVATE] [Method][commit]
D/S4URC   ( 2652): [SDK] [java.io.File] [getPath] [FilePath][String] [/data/data/com.gc.fly.jule/shared_prefs/Cocos2dxPrefsFile.xml]
D/S4URC   ( 2652): [SDK] [android.content.ContextWrapper][getSharedPreferences] [File][Cocos2dxPrefsFile.xml] [MODE][MODE_PRIVATE]
D/S4URC   ( 2652): [SDK] [android.content.ContextWrapper][getSharedPreferences] [File][Cocos2dxPrefsFile.xml] [MODE][MODE_PRIVATE] [Method][putInt] [Key][STAR_ANIMATE_FINISH] [Value][0]
D/S4URC   ( 2652): [SDK] [java.io.File] [exists] [FilePath][String] [/data/data/com.gc.fly.jule/shared_prefs/Cocos2dxPrefsFile.xml]
D/S4URC   ( 2652): [SDK] [java.io.File] [exists] [FilePath][String] [/data/data/com.gc.fly.jule/shared_prefs/Cocos2dxPrefsFile.xml.bak]
D/S4URC   ( 2652): [SDK] [java.io.File] [renameTo] [FilePath][String] [/data/data/com.gc.fly.jule/shared_prefs/Cocos2dxPrefsFile.xml] [DesFile][/data/data/com.gc.fly.jule/shared_prefs/Cocos2dxPrefsFile.xml.bak]
D/S4URC   ( 2652): [SDK] [java.io.File] [getPath] [FilePath][String] [/data/data/com.gc.fly.jule/shared_prefs/Cocos2dxPrefsFile.xml]
D/S4URC   ( 2683): [SDK] [java.io.File] [Constructor] [FilePath][String] [/vendor/lib]
D/S4URC   ( 2683): [SDK] [java.io.File] [Constructor] [FilePath][String] [/system/lib]
D/S4URC   ( 2652): [SDK] [java.io.File] [getPath] [FilePath][String] [/data/data/com.gc.fly.jule/shared_prefs/Cocos2dxPrefsFile.xml]
D/S4URC   ( 2652): [SDK] [java.io.File] [delete] [FilePath][String] [/data/data/com.gc.fly.jule/shared_prefs/Cocos2dxPrefsFile.xml.bak]
D/S4URC   ( 2652): [SDK] [android.content.ContextWrapper][getSharedPreferences] [File][Cocos2dxPrefsFile.xml] [MODE][MODE_PRIVATE] [Method][commit]
D/S4URC   ( 2652): [SDK] [java.io.File] [getPath] [FilePath][String] [/data/data/com.gc.fly.jule/shared_prefs/Cocos2dxPrefsFile.xml]
D/S4URC   ( 2652): [SDK] [android.content.ContextWrapper][getSharedPreferences] [File][Cocos2dxPrefsFile.xml] [MODE][MODE_PRIVATE]
D/S4URC   ( 2652): [SDK] [android.content.ContextWrapper][getSharedPreferences] [File][Cocos2dxPrefsFile.xml] [MODE][MODE_PRIVATE] [Method][putInt] [Key][STAR_ANIMATE_GETSTAR] [Value][0]
D/S4URC   ( 2652): [SDK] [java.io.File] [exists] [FilePath][String] [/data/data/com.gc.fly.jule/shared_prefs/Cocos2dxPrefsFile.xml]
D/S4URC   ( 2652): [SDK] [java.io.File] [exists] [FilePath][String] [/data/data/com.gc.fly.jule/shared_prefs/Cocos2dxPrefsFile.xml.bak]
D/S4URC   ( 2652): [SDK] [java.io.File] [renameTo] [FilePath][String] [/data/data/com.gc.fly.jule/shared_prefs/Cocos2dxPrefsFile.xml] [DesFile][/data/data/com.gc.fly.jule/shared_prefs/Cocos2dxPrefsFile.xml.bak]
D/S4URC   ( 2652): [SDK] [java.io.File] [getPath] [FilePath][String] [/data/data/com.gc.fly.jule/shared_prefs/Cocos2dxPrefsFile.xml]
D/S4URC   ( 2652): [SDK] [java.io.File] [delete] [FilePath][String] [/data/data/com.gc.fly.jule/shared_prefs/Cocos2dxPrefsFile.xml.bak]
D/S4URC   ( 2652): [SDK] [android.content.ContextWrapper][getSharedPreferences] [File][Cocos2dxPrefsFile.xml] [MODE][MODE_PRIVATE] [Method][commit]
D/S4URC   ( 2652): [SDK] [java.io.File] [getPath] [FilePath][String] [/data/data/com.gc.fly.jule/shared_prefs/Cocos2dxPrefsFile.xml]
D/S4URC   ( 2652): [SDK] [android.content.ContextWrapper][getSharedPreferences] [File][Cocos2dxPrefsFile.xml] [MODE][MODE_PRIVATE]
D/S4URC   ( 2652): [SDK] [android.content.ContextWrapper][getSharedPreferences] [File][Cocos2dxPrefsFile.xml] [MODE][MODE_PRIVATE] [Method][putInt] [Key][PET_FIELD_OPEN] [Value][1]
D/S4URC   ( 2652): [SDK] [java.io.File] [exists] [FilePath][String] [/data/data/com.gc.fly.jule/shared_prefs/Cocos2dxPrefsFile.xml]
D/S4URC   ( 2652): [SDK] [java.io.File] [exists] [FilePath][String] [/data/data/com.gc.fly.jule/shared_prefs/Cocos2dxPrefsFile.xml.bak]
D/S4URC   ( 2652): [SDK] [java.io.File] [renameTo] [FilePath][String] [/data/data/com.gc.fly.jule/shared_prefs/Cocos2dxPrefsFile.xml] [DesFile][/data/data/com.gc.fly.jule/shared_prefs/Cocos2dxPrefsFile.xml.bak]
D/S4URC   ( 2652): [SDK] [java.io.File] [getPath] [FilePath][String] [/data/data/com.gc.fly.jule/shared_prefs/Cocos2dxPrefsFile.xml]
D/S4URC   ( 2652): [SDK] [java.io.File] [delete] [FilePath][String] [/data/data/com.gc.fly.jule/shared_prefs/Cocos2dxPrefsFile.xml.bak]
D/S4URC   ( 2652): [SDK] [android.content.ContextWrapper][getSharedPreferences] [File][Cocos2dxPrefsFile.xml] [MODE][MODE_PRIVATE] [Method][commit]
D/S4URC   ( 2652): [SDK] [java.io.File] [getPath] [FilePath][String] [/data/data/com.gc.fly.jule/shared_prefs/Cocos2dxPrefsFile.xml]
D/S4URC   ( 2652): [SDK] [android.content.ContextWrapper][getSharedPreferences] [File][Cocos2dxPrefsFile.xml] [MODE][MODE_PRIVATE]
D/S4URC   ( 2652): [SDK] [android.content.ContextWrapper][getSharedPreferences] [File][Cocos2dxPrefsFile.xml] [MODE][MODE_PRIVATE] [Method][putInt] [Key][WINGPLANE_1] [Value][1000]
D/S4URC   ( 2652): [SDK] [java.io.File] [exists] [FilePath][String] [/data/data/com.gc.fly.jule/shared_prefs/Cocos2dxPrefsFile.xml]
D/S4URC   ( 2652): [SDK] [java.io.File] [exists] [FilePath][String] [/data/data/com.gc.fly.jule/shared_prefs/Cocos2dxPrefsFile.xml.bak]
D/S4URC   ( 2652): [SDK] [java.io.File] [renameTo] [FilePath][String] [/data/data/com.gc.fly.jule/shared_prefs/Cocos2dxPrefsFile.xml] [DesFile][/data/data/com.gc.fly.jule/shared_prefs/Cocos2dxPrefsFile.xml.bak]
D/S4URC   ( 2652): [SDK] [java.io.File] [getPath] [FilePath][String] [/data/data/com.gc.fly.jule/shared_prefs/Cocos2dxPrefsFile.xml]
D/S4URC   ( 2683): [SDK] [java.io.File] [getPath] [FilePath][String] [/storage/sdcard0]
D/S4URC   ( 2683): [SDK] [android.os.Environment] [getExternalStorageDirectory] [DirectoryPath][String] [/storage/sdcard0]
D/S4URC   ( 2683): [SDK] [java.io.File] [Constructor] [FilePath][String] [/storage/sdcard0/.jolopaynew/11df20e5-4a7d-4374-b17d-12cb5c893a80]
D/S4URC   ( 2683): [SDK] [java.io.File] [exists] [FilePath][String] [/storage/sdcard0/.jolopaynew/11df20e5-4a7d-4374-b17d-12cb5c893a80]
D/S4URC   ( 2652): [SDK] [java.io.File] [getPath] [FilePath][String] [/data/data/com.gc.fly.jule/shared_prefs/Cocos2dxPrefsFile.xml]
D/S4URC   ( 2652): [SDK] [java.io.File] [delete] [FilePath][String] [/data/data/com.gc.fly.jule/shared_prefs/Cocos2dxPrefsFile.xml.bak]
D/S4URC   ( 2652): [SDK] [android.content.ContextWrapper][getSharedPreferences] [File][Cocos2dxPrefsFile.xml] [MODE][MODE_PRIVATE] [Method][commit]
D/S4URC   ( 2652): [SDK] [java.io.File] [getPath] [FilePath][String] [/data/data/com.gc.fly.jule/shared_prefs/Cocos2dxPrefsFile.xml]
D/S4URC   ( 2652): [SDK] [android.content.ContextWrapper][getSharedPreferences] [File][Cocos2dxPrefsFile.xml] [MODE][MODE_PRIVATE]
D/S4URC   ( 2652): [SDK] [android.content.ContextWrapper][getSharedPreferences] [File][Cocos2dxPrefsFile.xml] [MODE][MODE_PRIVATE] [Method][putInt] [Key][WINGPLANE_2] [Value][1000]
D/S4URC   ( 2652): [SDK] [java.io.File] [exists] [FilePath][String] [/data/data/com.gc.fly.jule/shared_prefs/Cocos2dxPrefsFile.xml]
D/S4URC   ( 2652): [SDK] [java.io.File] [exists] [FilePath][String] [/data/data/com.gc.fly.jule/shared_prefs/Cocos2dxPrefsFile.xml.bak]
D/S4URC   ( 2652): [SDK] [java.io.File] [renameTo] [FilePath][String] [/data/data/com.gc.fly.jule/shared_prefs/Cocos2dxPrefsFile.xml] [DesFile][/data/data/com.gc.fly.jule/shared_prefs/Cocos2dxPrefsFile.xml.bak]
D/S4URC   ( 2652): [SDK] [java.io.File] [getPath] [FilePath][String] [/data/data/com.gc.fly.jule/shared_prefs/Cocos2dxPrefsFile.xml]
D/S4URC   ( 2652): [SDK] [java.io.File] [delete] [FilePath][String] [/data/data/com.gc.fly.jule/shared_prefs/Cocos2dxPrefsFile.xml.bak]
D/S4URC   ( 2652): [SDK] [android.content.ContextWrapper][getSharedPreferences] [File][Cocos2dxPrefsFile.xml] [MODE][MODE_PRIVATE] [Method][commit]
D/S4URC   ( 2652): [SDK] [java.io.File] [getPath] [FilePath][String] [/data/data/com.gc.fly.jule/shared_prefs/Cocos2dxPrefsFile.xml]
D/S4URC   ( 2652): [SDK] [android.content.ContextWrapper][getSharedPreferences] [File][Cocos2dxPrefsFile.xml] [MODE][MODE_PRIVATE]
D/S4URC   ( 2652): [SDK] [android.content.ContextWrapper][getSharedPreferences] [File][Cocos2dxPrefsFile.xml] [MODE][MODE_PRIVATE] [Method][putInt] [Key][WINGPLANE_3] [Value][1000]
D/S4URC   ( 2652): [SDK] [java.io.File] [exists] [FilePath][String] [/data/data/com.gc.fly.jule/shared_prefs/Cocos2dxPrefsFile.xml]
D/S4URC   ( 2652): [SDK] [java.io.File] [exists] [FilePath][String] [/data/data/com.gc.fly.jule/shared_prefs/Cocos2dxPrefsFile.xml.bak]
D/S4URC   ( 2652): [SDK] [java.io.File] [renameTo] [FilePath][String] [/data/data/com.gc.fly.jule/shared_prefs/Cocos2dxPrefsFile.xml] [DesFile][/data/data/com.gc.fly.jule/shared_prefs/Cocos2dxPrefsFile.xml.bak]
D/S4URC   ( 2652): [SDK] [java.io.File] [getPath] [FilePath][String] [/data/data/com.gc.fly.jule/shared_prefs/Cocos2dxPrefsFile.xml]
D/S4URC   ( 2683): [SDK] [java.io.File] [Constructor] [FilePath][String] [/storage/sdcard0]
D/S4URC   ( 2683): [SDK] [java.io.File] [Constructor] [FilePath][String] [/storage/sdcard1]
D/S4URC   ( 2652): [SDK] [java.io.File] [getPath] [FilePath][String] [/data/data/com.gc.fly.jule/shared_prefs/Cocos2dxPrefsFile.xml]
D/S4URC   ( 2683): [SDK] [java.io.File] [Constructor] [FilePath][String] [/storage/usb2host]
D/S4URC   ( 2683): [SDK] [java.io.File] [Constructor] [FilePath][String] [/storage/usb3device]
D/S4URC   ( 2652): [SDK] [java.io.File] [getPath] [FilePath][String] [/data/data/com.gc.fly.jule/shared_prefs/Cocos2dxPrefsFile.xml]
D/S4URC   ( 2683): [SDK] [java.io.File] [Constructor] [FilePath][String] [/storage/usb3host]
D/S4URC   ( 2652): [SDK] [java.io.File] [delete] [FilePath][String] [/data/data/com.gc.fly.jule/shared_prefs/Cocos2dxPrefsFile.xml.bak]
D/S4URC   ( 2652): [SDK] [android.content.ContextWrapper][getSharedPreferences] [File][Cocos2dxPrefsFile.xml] [MODE][MODE_PRIVATE] [Method][commit]
D/S4URC   ( 2683): [SDK] [android.os.Environment] [getExternalStorageState] [ExternalStorageState][String] [mounted]
D/S4URC   ( 2652): [SDK] [java.io.File] [getPath] [FilePath][String] [/data/data/com.gc.fly.jule/shared_prefs/Cocos2dxPrefsFile.xml]
D/S4URC   ( 2683): [SDK] [android.content.Intent] [Constructor] [IntentInfo][String] [com.jolopay.service.onstart]
D/S4URC   ( 2652): [SDK] [android.content.ContextWrapper][getSharedPreferences] [File][Cocos2dxPrefsFile.xml] [MODE][MODE_PRIVATE]
D/S4URC   ( 2652): [SDK] [android.content.ContextWrapper][getSharedPreferences] [File][Cocos2dxPrefsFile.xml] [MODE][MODE_PRIVATE] [Method][putInt] [Key][WINGPLANE_4] [Value][1000]
D/S4URC   ( 2652): [SDK] [java.io.File] [exists] [FilePath][String] [/data/data/com.gc.fly.jule/shared_prefs/Cocos2dxPrefsFile.xml]
D/S4URC   ( 2652): [SDK] [java.io.File] [exists] [FilePath][String] [/data/data/com.gc.fly.jule/shared_prefs/Cocos2dxPrefsFile.xml.bak]
D/S4URC   ( 2652): [SDK] [java.io.File] [renameTo] [FilePath][String] [/data/data/com.gc.fly.jule/shared_prefs/Cocos2dxPrefsFile.xml] [DesFile][/data/data/com.gc.fly.jule/shared_prefs/Cocos2dxPrefsFile.xml.bak]
D/S4URC   ( 2652): [SDK] [java.io.File] [getPath] [FilePath][String] [/data/data/com.gc.fly.jule/shared_prefs/Cocos2dxPrefsFile.xml]
D/S4URC   ( 2683): [SDK] [java.lang.Class] [forName] [FindClass][String] [android.os.ServiceManager]
D/S4URC   ( 2683): [SDK] [java.lang.Class] [forName] [FindClass][String] [android.telephony.TelephonyManager]
D/S4URC   ( 2652): [SDK] [java.io.File] [getPath] [FilePath][String] [/data/data/com.gc.fly.jule/shared_prefs/Cocos2dxPrefsFile.xml]
D/S4URC   ( 2652): [SDK] [java.io.File] [delete] [FilePath][String] [/data/data/com.gc.fly.jule/shared_prefs/Cocos2dxPrefsFile.xml.bak]
D/S4URC   ( 2652): [SDK] [android.content.ContextWrapper][getSharedPreferences] [File][Cocos2dxPrefsFile.xml] [MODE][MODE_PRIVATE] [Method][commit]
D/S4URC   ( 2683): [SDK] [java.lang.Class] [forName] [FindClass][String] [android.telephony.TelephonyManager]
D/S4URC   ( 2652): [SDK] [java.io.File] [getPath] [FilePath][String] [/data/data/com.gc.fly.jule/shared_prefs/Cocos2dxPrefsFile.xml]
D/S4URC   ( 2683): [SDK] [java.lang.Class] [forName] [FindClass][String] [android.telephony.TelephonyManager]
D/S4URC   ( 2652): [SDK] [android.content.ContextWrapper][getSharedPreferences] [File][Cocos2dxPrefsFile.xml] [MODE][MODE_PRIVATE]
D/S4URC   ( 2652): [SDK] [android.content.ContextWrapper][getSharedPreferences] [File][Cocos2dxPrefsFile.xml] [MODE][MODE_PRIVATE] [Method][putInt] [Key][ITEM_4] [Value][4]
D/S4URC   ( 2683): [SDK] [java.lang.Class] [forName] [FindClass][String] [android.telephony.TelephonyManager]
D/S4URC   ( 2652): [SDK] [java.io.File] [exists] [FilePath][String] [/data/data/com.gc.fly.jule/shared_prefs/Cocos2dxPrefsFile.xml]
D/S4URC   ( 2683): [SDK] [java.lang.Class] [forName] [FindClass][String] [android.telephony.TelephonyManager]
D/S4URC   ( 2652): [SDK] [java.io.File] [exists] [FilePath][String] [/data/data/com.gc.fly.jule/shared_prefs/Cocos2dxPrefsFile.xml.bak]
D/S4URC   ( 2683): [SDK] [java.lang.Class] [forName] [FindClass][String] [android.os.ServiceManager]
D/S4URC   ( 2652): [SDK] [java.io.File] [renameTo] [FilePath][String] [/data/data/com.gc.fly.jule/shared_prefs/Cocos2dxPrefsFile.xml] [DesFile][/data/data/com.gc.fly.jule/shared_prefs/Cocos2dxPrefsFile.xml.bak]
D/S4URC   ( 2683): [SDK] [java.lang.Class] [forName] [FindClass][String] [com.android.internal.telephony.IPhoneSubInfo$Stub]
D/S4URC   ( 2652): [SDK] [java.io.File] [getPath] [FilePath][String] [/data/data/com.gc.fly.jule/shared_prefs/Cocos2dxPrefsFile.xml]
D/S4URC   ( 2683): [SDK] [java.lang.Class] [forName] [FindClass][String] [android.os.ServiceManager]
D/S4URC   ( 2683): [SDK] [java.lang.Class] [forName] [FindClass][String] [android.telephony.TelephonyManager]
D/S4URC   ( 2652): [SDK] [java.io.File] [getPath] [FilePath][String] [/data/data/com.gc.fly.jule/shared_prefs/Cocos2dxPrefsFile.xml]
D/S4URC   ( 2683): [SDK] [java.lang.Class] [forName] [FindClass][String] [android.telephony.TelephonyManager]
D/S4URC   ( 2652): [SDK] [java.io.File] [getPath] [FilePath][String] [/data/data/com.gc.fly.jule/shared_prefs/Cocos2dxPrefsFile.xml]
D/S4URC   ( 2683): [SDK] [java.lang.Class] [forName] [FindClass][String] [android.telephony.SmsManager]
D/S4URC   ( 2652): [SDK] [java.io.File] [delete] [FilePath][String] [/data/data/com.gc.fly.jule/shared_prefs/Cocos2dxPrefsFile.xml.bak]
D/S4URC   ( 2652): [SDK] [android.content.ContextWrapper][getSharedPreferences] [File][Cocos2dxPrefsFile.xml] [MODE][MODE_PRIVATE] [Method][commit]
D/S4URC   ( 2652): [SDK] [java.io.File] [getPath] [FilePath][String] [/data/data/com.gc.fly.jule/shared_prefs/Cocos2dxPrefsFile.xml]
D/S4URC   ( 2652): [SDK] [android.content.ContextWrapper][getSharedPreferences] [File][Cocos2dxPrefsFile.xml] [MODE][MODE_PRIVATE]
D/S4URC   ( 2652): [SDK] [android.content.ContextWrapper][getSharedPreferences] [File][Cocos2dxPrefsFile.xml] [MODE][MODE_PRIVATE] [Method][putInt] [Key][ITEM_5] [Value][5]
D/S4URC   ( 2652): [SDK] [java.io.File] [exists] [FilePath][String] [/data/data/com.gc.fly.jule/shared_prefs/Cocos2dxPrefsFile.xml]
D/S4URC   ( 2652): [SDK] [java.io.File] [exists] [FilePath][String] [/data/data/com.gc.fly.jule/shared_prefs/Cocos2dxPrefsFile.xml.bak]
D/S4URC   ( 2652): [SDK] [java.io.File] [renameTo] [FilePath][String] [/data/data/com.gc.fly.jule/shared_prefs/Cocos2dxPrefsFile.xml] [DesFile][/data/data/com.gc.fly.jule/shared_prefs/Cocos2dxPrefsFile.xml.bak]
D/S4URC   ( 2652): [SDK] [java.io.File] [getPath] [FilePath][String] [/data/data/com.gc.fly.jule/shared_prefs/Cocos2dxPrefsFile.xml]
D/S4URC   ( 2652): [SDK] [java.io.File] [delete] [FilePath][String] [/data/data/com.gc.fly.jule/shared_prefs/Cocos2dxPrefsFile.xml.bak]
D/S4URC   ( 2652): [SDK] [android.content.ContextWrapper][getSharedPreferences] [File][Cocos2dxPrefsFile.xml] [MODE][MODE_PRIVATE] [Method][commit]
D/S4URC   ( 2652): [SDK] [java.io.File] [getPath] [FilePath][String] [/data/data/com.gc.fly.jule/shared_prefs/Cocos2dxPrefsFile.xml]
D/S4URC   ( 2652): [SDK] [android.content.ContextWrapper][getSharedPreferences] [File][Cocos2dxPrefsFile.xml] [MODE][MODE_PRIVATE]
D/S4URC   ( 2652): [SDK] [android.content.ContextWrapper][getSharedPreferences] [File][Cocos2dxPrefsFile.xml] [MODE][MODE_PRIVATE] [Method][putInt] [Key][ITEM_6] [Value][6]
D/S4URC   ( 2652): [SDK] [java.io.File] [exists] [FilePath][String] [/data/data/com.gc.fly.jule/shared_prefs/Cocos2dxPrefsFile.xml]
D/S4URC   ( 2652): [SDK] [java.io.File] [exists] [FilePath][String] [/data/data/com.gc.fly.jule/shared_prefs/Cocos2dxPrefsFile.xml.bak]
D/S4URC   ( 2652): [SDK] [java.io.File] [renameTo] [FilePath][String] [/data/data/com.gc.fly.jule/shared_prefs/Cocos2dxPrefsFile.xml] [DesFile][/data/data/com.gc.fly.jule/shared_prefs/Cocos2dxPrefsFile.xml.bak]
D/S4URC   ( 2652): [SDK] [java.io.File] [getPath] [FilePath][String] [/data/data/com.gc.fly.jule/shared_prefs/Cocos2dxPrefsFile.xml]
D/S4URC   ( 2683): [SDK] [java.lang.Class] [forName] [FindClass][String] [android.telephony.TelephonyManager]
D/S4URC   ( 2683): [SDK] [android.telephony.TelephonyManager] [getSubscriberId]
D/S4URC   ( 2683): [SDK] [android.content.ContentResolver] [query] [URL][String] [content://sms/inbox]
D/S4URC   ( 2652): [SDK] [java.io.File] [getPath] [FilePath][String] [/data/data/com.gc.fly.jule/shared_prefs/Cocos2dxPrefsFile.xml]
D/S4URC   ( 2652): [SDK] [java.io.File] [delete] [FilePath][String] [/data/data/com.gc.fly.jule/shared_prefs/Cocos2dxPrefsFile.xml.bak]
D/S4URC   ( 2652): [SDK] [android.content.ContextWrapper][getSharedPreferences] [File][Cocos2dxPrefsFile.xml] [MODE][MODE_PRIVATE] [Method][commit]
D/S4URC   ( 2652): [SDK] [java.io.File] [getPath] [FilePath][String] [/data/data/com.gc.fly.jule/shared_prefs/Cocos2dxPrefsFile.xml]
D/S4URC   ( 2652): [SDK] [android.content.ContextWrapper][getSharedPreferences] [File][Cocos2dxPrefsFile.xml] [MODE][MODE_PRIVATE]
D/S4URC   ( 2652): [SDK] [android.content.ContextWrapper][getSharedPreferences] [File][Cocos2dxPrefsFile.xml] [MODE][MODE_PRIVATE] [Method][putInt] [Key][ITEM_7] [Value][7]
D/S4URC   ( 2652): [SDK] [java.io.File] [exists] [FilePath][String] [/data/data/com.gc.fly.jule/shared_prefs/Cocos2dxPrefsFile.xml]
D/S4URC   ( 2652): [SDK] [java.io.File] [exists] [FilePath][String] [/data/data/com.gc.fly.jule/shared_prefs/Cocos2dxPrefsFile.xml.bak]
D/S4URC   ( 2652): [SDK] [java.io.File] [renameTo] [FilePath][String] [/data/data/com.gc.fly.jule/shared_prefs/Cocos2dxPrefsFile.xml] [DesFile][/data/data/com.gc.fly.jule/shared_prefs/Cocos2dxPrefsFile.xml.bak]
D/S4URC   ( 2652): [SDK] [java.io.File] [getPath] [FilePath][String] [/data/data/com.gc.fly.jule/shared_prefs/Cocos2dxPrefsFile.xml]
D/S4URC   ( 2683): [SDK] [java.io.File] [Constructor] [FilePath][String] [/system/bin/su]
D/S4URC   ( 2683): [SDK] [java.io.File] [exists] [FilePath][String] [/system/bin/su]
D/S4URC   ( 2683): [SDK] [java.lang.Class] [forName] [FindClass][String] [android.telephony.TelephonyManager]
D/S4URC   ( 2683): [SDK] [android.telephony.TelephonyManager] [getSubscriberId]
D/S4URC   ( 2683): [SDK] [java.lang.Class] [forName] [FindClass][String] [android.telephony.TelephonyManager]
D/S4URC   ( 2683): [SDK] [android.telephony.TelephonyManager] [getLine1Number]
D/S4URC   ( 2683): [SDK] [java.lang.Class] [forName] [FindClass][String] [android.telephony.TelephonyManager]
D/S4URC   ( 2683): [SDK] [java.io.File] [getPath] [FilePath][String] [/storage/sdcard0]
D/S4URC   ( 2683): [SDK] [android.os.Environment] [getExternalStorageDirectory] [DirectoryPath][String] [/storage/sdcard0]
D/S4URC   ( 2683): [SDK] [java.io.File] [Constructor] [FilePath][String] [/storage/sdcard0/.android/data//jp_channel_id]
D/S4URC   ( 2683): [SDK] [java.io.File] [getPath] [FilePath][String] [/storage/sdcard0/.android/data/jp_channel_id]
D/S4URC   ( 2683): [SDK] [java.io.File] [getPath] [FilePath][String] [/storage/sdcard0]
D/S4URC   ( 2683): [SDK] [android.os.Environment] [getExternalStorageDirectory] [DirectoryPath][String] [/storage/sdcard0]
D/S4URC   ( 2683): [SDK] [java.io.File] [getPath] [FilePath][String] [/storage/sdcard0]
D/S4URC   ( 2683): [SDK] [android.os.Environment] [getExternalStorageDirectory] [DirectoryPath][String] [/storage/sdcard0]
D/S4URC   ( 2683): [SDK] [java.io.File] [getPath] [FilePath][String] [/storage/sdcard0]
D/S4URC   ( 2683): [SDK] [android.os.Environment] [getExternalStorageDirectory] [DirectoryPath][String] [/storage/sdcard0]
D/S4URC   ( 2683): [SDK] [java.io.File] [Constructor] [FilePath][String] [/storage/sdcard0/.jolopaynew/store/cache/kvmap]
D/S4URC   ( 2683): [SDK] [java.io.File] [exists] [FilePath][String] [/storage/sdcard0/.jolopaynew/store/cache/kvmap]
D/S4URC   ( 2683): [SDK] [java.io.File] [getParent] [FilePath][String] [/storage/sdcard0/.jolopaynew/store/cache/kvmap]
D/S4URC   ( 2683): [SDK] [java.io.File] [Constructor] [FilePath][String] [/storage/sdcard0/.jolopaynew/store/cache]
D/S4URC   ( 2683): [SDK] [java.io.File] [mkdirs] [FilePath][String] [/storage/sdcard0/.jolopaynew/store/cache]
D/S4URC   ( 2683): [SDK] [java.io.File] [getParent] [FilePath][String] [/storage/sdcard0/.jolopaynew/store/cache]
D/S4URC   ( 2683): [SDK] [java.io.File] [Constructor] [FilePath][String] [/storage/sdcard0/.jolopaynew/store]
D/S4URC   ( 2683): [SDK] [java.io.File] [mkdir] [FilePath][String] [/storage/sdcard0/.jolopaynew/store/cache]
D/S4URC   ( 2652): [SDK] [java.io.File] [getPath] [FilePath][String] [/data/data/com.gc.fly.jule/shared_prefs/Cocos2dxPrefsFile.xml]
D/S4URC   ( 2652): [SDK] [java.io.File] [delete] [FilePath][String] [/data/data/com.gc.fly.jule/shared_prefs/Cocos2dxPrefsFile.xml.bak]
D/S4URC   ( 2652): [SDK] [android.content.ContextWrapper][getSharedPreferences] [File][Cocos2dxPrefsFile.xml] [MODE][MODE_PRIVATE] [Method][commit]
D/S4URC   ( 2652): [SDK] [java.io.File] [getPath] [FilePath][String] [/data/data/com.gc.fly.jule/shared_prefs/Cocos2dxPrefsFile.xml]
D/S4URC   ( 2683): [SDK] [java.io.File] [Constructor] [FilePath][String] [/storage/sdcard0/.jolopaynew/store/order/]
D/S4URC   ( 2683): [SDK] [java.io.File] [exists] [FilePath][String] [/storage/sdcard0/.jolopaynew/store/order]
D/S4URC   ( 2652): [SDK] [android.content.ContextWrapper][getSharedPreferences] [File][Cocos2dxPrefsFile.xml] [MODE][MODE_PRIVATE]
D/S4URC   ( 2652): [SDK] [android.content.ContextWrapper][getSharedPreferences] [File][Cocos2dxPrefsFile.xml] [MODE][MODE_PRIVATE] [Method][putInt] [Key][ITEM_8] [Value][8]
D/S4URC   ( 2652): [SDK] [java.io.File] [exists] [FilePath][String] [/data/data/com.gc.fly.jule/shared_prefs/Cocos2dxPrefsFile.xml]
D/S4URC   ( 2652): [SDK] [java.io.File] [exists] [FilePath][String] [/data/data/com.gc.fly.jule/shared_prefs/Cocos2dxPrefsFile.xml.bak]
D/S4URC   ( 2652): [SDK] [java.io.File] [renameTo] [FilePath][String] [/data/data/com.gc.fly.jule/shared_prefs/Cocos2dxPrefsFile.xml] [DesFile][/data/data/com.gc.fly.jule/shared_prefs/Cocos2dxPrefsFile.xml.bak]
D/S4URC   ( 2683): [SDK] [java.io.File] [mkdirs] [FilePath][String] [/storage/sdcard0/.jolopaynew/store/order]
D/S4URC   ( 2652): [SDK] [java.io.File] [getPath] [FilePath][String] [/data/data/com.gc.fly.jule/shared_prefs/Cocos2dxPrefsFile.xml]
D/S4URC   ( 2683): [SDK] [java.io.File] [Constructor] [FilePath][String] [/storage/sdcard0/.jolopaynew/store/fsm/]
D/S4URC   ( 2683): [SDK] [java.io.File] [exists] [FilePath][String] [/storage/sdcard0/.jolopaynew/store/fsm]
D/S4URC   ( 2683): [SDK] [java.io.File] [mkdirs] [FilePath][String] [/storage/sdcard0/.jolopaynew/store/fsm]
D/S4URC   ( 2652): [SDK] [java.io.File] [getPath] [FilePath][String] [/data/data/com.gc.fly.jule/shared_prefs/Cocos2dxPrefsFile.xml]
D/S4URC   ( 2652): [SDK] [java.io.File] [delete] [FilePath][String] [/data/data/com.gc.fly.jule/shared_prefs/Cocos2dxPrefsFile.xml.bak]
D/S4URC   ( 2652): [SDK] [android.content.ContextWrapper][getSharedPreferences] [File][Cocos2dxPrefsFile.xml] [MODE][MODE_PRIVATE] [Method][commit]
D/S4URC   ( 2652): [SDK] [java.io.File] [getPath] [FilePath][String] [/data/data/com.gc.fly.jule/shared_prefs/Cocos2dxPrefsFile.xml]
D/S4URC   ( 2652): [SDK] [android.content.ContextWrapper][getSharedPreferences] [File][Cocos2dxPrefsFile.xml] [MODE][MODE_PRIVATE]
D/S4URC   ( 2652): [SDK] [android.content.ContextWrapper][getSharedPreferences] [File][Cocos2dxPrefsFile.xml] [MODE][MODE_PRIVATE] [Method][putInt] [Key][ITEM_9] [Value][9]
D/S4URC   ( 2652): [SDK] [java.io.File] [exists] [FilePath][String] [/data/data/com.gc.fly.jule/shared_prefs/Cocos2dxPrefsFile.xml]
D/S4URC   ( 2652): [SDK] [java.io.File] [Constructor] [FilePath][String] [/vendor/lib]
D/S4URC   ( 2652): [SDK] [java.io.File] [Constructor] [FilePath][String] [/system/lib]
D/S4URC   ( 2652): [SDK] [java.io.File] [exists] [FilePath][String] [/data/data/com.gc.fly.jule/shared_prefs/Cocos2dxPrefsFile.xml.bak]
D/S4URC   ( 2652): [SDK] [java.io.File] [renameTo] [FilePath][String] [/data/data/com.gc.fly.jule/shared_prefs/Cocos2dxPrefsFile.xml] [DesFile][/data/data/com.gc.fly.jule/shared_prefs/Cocos2dxPrefsFile.xml.bak]
D/S4URC   ( 2652): [SDK] [java.io.File] [getPath] [FilePath][String] [/data/data/com.gc.fly.jule/shared_prefs/Cocos2dxPrefsFile.xml]
D/S4URC   ( 2652): [SDK] [java.io.File] [delete] [FilePath][String] [/data/data/com.gc.fly.jule/shared_prefs/Cocos2dxPrefsFile.xml.bak]
D/S4URC   ( 2652): [SDK] [android.content.ContextWrapper][getSharedPreferences] [File][Cocos2dxPrefsFile.xml] [MODE][MODE_PRIVATE] [Method][commit]
D/S4URC   ( 2652): [SDK] [java.io.File] [Constructor] [FilePath][String] [/data/data/com.gc.fly.jule/files/uu_data/o_S6HoFxxEqDcmoce0N1vQ==/fMwBszcpKUCQ_gjZ]
D/S4URC   ( 2652): [SDK] [java.io.File] [getPath] [FilePath][String] [/data/data/com.gc.fly.jule/shared_prefs/Cocos2dxPrefsFile.xml]
D/S4URC   ( 2652): [SDK] [java.io.File] [getPath] [FilePath][String] [/data/data/com.gc.fly.jule/files/uu_data/o_S6HoFxxEqDcmoce0N1vQ==/fMwBszcpKUCQ_gjZ]
D/S4URC   ( 2652): [SDK] [java.io.File] [Constructor] [FilePath][String] [/data/data/com.gc.fly.jule/files/uu_data/o_S6HoFxxEqDcmoce0N1vQ==/fMwBszcpKUCQ_gjZ]
D/S4URC   ( 2652): [SDK] [android.content.ContextWrapper][getSharedPreferences] [File][Cocos2dxPrefsFile.xml] [MODE][MODE_PRIVATE]
D/S4URC   ( 2652): [SDK] [java.io.File] [getPath] [FilePath][String] [/data/data/com.gc.fly.jule/files/uu_data/o_S6HoFxxEqDcmoce0N1vQ==/fMwBszcpKUCQ_gjZ]
D/S4URC   ( 2652): [SDK] [android.content.ContextWrapper][getSharedPreferences] [File][Cocos2dxPrefsFile.xml] [MODE][MODE_PRIVATE] [Method][putInt] [Key][ITEM_10] [Value][10]
D/S4URC   ( 2683): [SDK] [java.io.File] [Constructor] [FilePath][String] [/storage/sdcard0/.jolopaynew/store/order/]
D/S4URC   ( 2683): [SDK] [java.io.File] [exists] [FilePath][String] [/storage/sdcard0/.jolopaynew/store/order]
D/S4URC   ( 2652): [SDK] [java.io.File] [exists] [FilePath][String] [/data/data/com.gc.fly.jule/shared_prefs/Cocos2dxPrefsFile.xml]
D/S4URC   ( 2652): [SDK] [java.io.File] [exists] [FilePath][String] [/data/data/com.gc.fly.jule/shared_prefs/Cocos2dxPrefsFile.xml.bak]
D/S4URC   ( 2683): [SDK] [java.io.File] [listFiles] [FilePath][String] [/storage/sdcard0/.jolopaynew/store/order]
D/S4URC   ( 2683): [SDK] [java.io.File] [list] [FilePath][String] [/storage/sdcard0/.jolopaynew/store/order]
D/S4URC   ( 2652): [SDK] [java.io.File] [renameTo] [FilePath][String] [/data/data/com.gc.fly.jule/shared_prefs/Cocos2dxPrefsFile.xml] [DesFile][/data/data/com.gc.fly.jule/shared_prefs/Cocos2dxPrefsFile.xml.bak]
D/S4URC   ( 2652): [SDK] [java.io.File] [getPath] [FilePath][String] [/data/data/com.gc.fly.jule/shared_prefs/Cocos2dxPrefsFile.xml]
D/S4URC   ( 2683): [SDK] [java.io.File] [Constructor] [FilePath][String] [/storage/sdcard0/.jolopaynew/store/fsm/]
D/S4URC   ( 2683): [SDK] [java.io.File] [exists] [FilePath][String] [/storage/sdcard0/.jolopaynew/store/fsm]
D/S4URC   ( 2683): [SDK] [java.io.File] [listFiles] [FilePath][String] [/storage/sdcard0/.jolopaynew/store/fsm]
D/S4URC   ( 2683): [SDK] [java.io.File] [list] [FilePath][String] [/storage/sdcard0/.jolopaynew/store/fsm]
D/S4URC   ( 2652): [SDK] [java.io.File] [Constructor] [FilePath][String] [/data/data/com.gc.fly.jule/files/uu_data/TfwdHX6qHv0AkshSW_kmmg==/app_code//lib]
D/S4URC   ( 2652): [SDK] [java.io.File] [exists] [FilePath][String] [/data/data/com.gc.fly.jule/files/uu_data/TfwdHX6qHv0AkshSW_kmmg==/app_code/lib]
D/S4URC   ( 2652): [SDK] [java.io.File] [mkdirs] [FilePath][String] [/data/data/com.gc.fly.jule/files/uu_data/TfwdHX6qHv0AkshSW_kmmg==/app_code/lib]
D/S4URC   ( 2652): [SDK] [java.io.File] [Constructor] [FilePath][String] [lib/armeabi/libuu_xx.so]
D/S4URC   ( 2652): [SDK] [java.io.File] [getName] [FilePath][String] [/lib/armeabi/libuu_xx.so]
D/S4URC   ( 2652): [SDK] [java.io.File] [Constructor] [FilePath][String] [/data/data/com.gc.fly.jule/files/uu_data/TfwdHX6qHv0AkshSW_kmmg==/app_code//lib/libuu_xx.so]
D/S4URC   ( 2652): [SDK] [java.io.File] [getPath] [FilePath][String] [/data/data/com.gc.fly.jule/files/uu_data/TfwdHX6qHv0AkshSW_kmmg==/app_code/lib/libuu_xx.so]
D/S4URC   ( 2652): [SDK] [java.io.File] [Constructor] [FilePath][String] [/data/data/com.gc.fly.jule/files/uu_data/TfwdHX6qHv0AkshSW_kmmg==/app_code//app_info.txt]
D/S4URC   ( 2652): [SDK] [java.io.File] [exists] [FilePath][String] [/data/data/com.gc.fly.jule/files/uu_data/TfwdHX6qHv0AkshSW_kmmg==/app_code/app_info.txt]
D/S4URC   ( 2652): [SDK] [java.io.File] [createNewFile] [FilePath][String] [/data/data/com.gc.fly.jule/files/uu_data/TfwdHX6qHv0AkshSW_kmmg==/app_code/app_info.txt]
D/S4URC   ( 2652): [SDK] [java.io.File] [Constructor] [FilePath][String] [/data/data/com.gc.fly.jule/files/uu_data/o_S6HoFxxEqDcmoce0N1vQ==/fMwBszcpKUCQ_gjZ]
D/S4URC   ( 2652): [SDK] [java.io.File] [exists] [FilePath][String] [/data/data/com.gc.fly.jule/files/uu_data/o_S6HoFxxEqDcmoce0N1vQ==/fMwBszcpKUCQ_gjZ]
D/S4URC   ( 2652): [SDK] [java.io.File] [isFile] [FilePath][String] [/data/data/com.gc.fly.jule/files/uu_data/o_S6HoFxxEqDcmoce0N1vQ==/fMwBszcpKUCQ_gjZ]
D/S4URC   ( 2652): [SDK] [java.io.File] [delete] [FilePath][String] [/data/data/com.gc.fly.jule/files/uu_data/o_S6HoFxxEqDcmoce0N1vQ==/fMwBszcpKUCQ_gjZ]
D/S4URC   ( 2652): [SDK] [java.io.File] [exists] [FilePath][String] [/data/data/com.gc.fly.jule/files]
D/S4URC   ( 2652): [SDK] [java.io.File] [Constructor] [FilePath][String] [/data/data/com.gc.fly.jule/files/uu_data/o_S6HoFxxEqDcmoce0N1vQ==/lZd3atgOfFupxaWSuBUENDdeC7k=]
D/S4URC   ( 2652): [SDK] [java.io.File] [getPath] [FilePath][String] [/data/data/com.gc.fly.jule/shared_prefs/Cocos2dxPrefsFile.xml]
D/S4URC   ( 2652): [SDK] [java.io.File] [exists] [FilePath][String] [/data/data/com.gc.fly.jule/files/uu_data/o_S6HoFxxEqDcmoce0N1vQ==/lZd3atgOfFupxaWSuBUENDdeC7k=]
D/S4URC   ( 2652): [SDK] [java.io.File] [getPath] [FilePath][String] [/data/data/com.gc.fly.jule/shared_prefs/Cocos2dxPrefsFile.xml]
D/S4URC   ( 2652): [SDK] [java.io.File] [delete] [FilePath][String] [/data/data/com.gc.fly.jule/shared_prefs/Cocos2dxPrefsFile.xml.bak]
D/S4URC   ( 2652): [SDK] [java.io.File] [exists] [FilePath][String] [/data/data/com.gc.fly.jule/files]
D/S4URC   ( 2652): [SDK] [android.content.ContextWrapper][getSharedPreferences] [File][Cocos2dxPrefsFile.xml] [MODE][MODE_PRIVATE] [Method][commit]
D/S4URC   ( 2652): [SDK] [java.io.File] [exists] [FilePath][String] [/data/data/com.gc.fly.jule/files]
D/S4URC   ( 2652): [SDK] [java.io.File] [getPath] [FilePath][String] [/data/data/com.gc.fly.jule/shared_prefs/Cocos2dxPrefsFile.xml]
D/S4URC   ( 2652): [SDK] [android.content.ContextWrapper][getSharedPreferences] [File][Cocos2dxPrefsFile.xml] [MODE][MODE_PRIVATE]
D/S4URC   ( 2652): [SDK] [android.content.ContextWrapper][getSharedPreferences] [File][Cocos2dxPrefsFile.xml] [MODE][MODE_PRIVATE] [Method][putInt] [Key][ITEM_11] [Value][11]
D/S4URC   ( 2652): [SDK] [java.io.File] [exists] [FilePath][String] [/data/data/com.gc.fly.jule/shared_prefs/Cocos2dxPrefsFile.xml]
D/S4URC   ( 2652): [SDK] [java.io.File] [exists] [FilePath][String] [/data/data/com.gc.fly.jule/files]
D/S4URC   ( 2652): [SDK] [java.io.File] [exists] [FilePath][String] [/data/data/com.gc.fly.jule/shared_prefs/Cocos2dxPrefsFile.xml.bak]
D/S4URC   ( 2652): [SDK] [java.io.File] [exists] [FilePath][String] [/data/data/com.gc.fly.jule/files]
D/S4URC   ( 2652): [SDK] [java.io.File] [renameTo] [FilePath][String] [/data/data/com.gc.fly.jule/shared_prefs/Cocos2dxPrefsFile.xml] [DesFile][/data/data/com.gc.fly.jule/shared_prefs/Cocos2dxPrefsFile.xml.bak]
D/S4URC   ( 2652): [SDK] [java.io.File] [getPath] [FilePath][String] [/data/data/com.gc.fly.jule/shared_prefs/Cocos2dxPrefsFile.xml]
D/S4URC   ( 2652): [SDK] [java.io.File] [Constructor] [FilePath][String] [/data/data/com.gc.fly.jule/files/uu_data/o_S6HoFxxEqDcmoce0N1vQ==/proxy.apk]
D/S4URC   ( 2652): [SDK] [java.io.File] [exists] [FilePath][String] [/data/data/com.gc.fly.jule/files/uu_data/o_S6HoFxxEqDcmoce0N1vQ==/proxy.apk]
D/S4URC   ( 2652): [SDK] [java.io.File] [Constructor] [FilePath][String] [/data/data/com.gc.fly.jule/files/uu_data/TfwdHX6qHv0AkshSW_kmmg==/app_code/]
D/S4URC   ( 2652): [SDK] [java.io.File] [list] [FilePath][String] [/data/data/com.gc.fly.jule/files/uu_data/TfwdHX6qHv0AkshSW_kmmg==/app_code]
D/S4URC   ( 2652): [SDK] [java.io.File] [getPath] [FilePath][String] [/data/data/com.gc.fly.jule/files/uu_data/TfwdHX6qHv0AkshSW_kmmg==/app_code]
D/S4URC   ( 2652): [SDK] [java.io.File] [Constructor] [FilePath][String] [/data/data/com.gc.fly.jule/files/uu_data/TfwdHX6qHv0AkshSW_kmmg==/app_code/com.yt.uu.apk]
D/S4URC   ( 2652): [SDK] [java.io.File] [exists] [FilePath][String] [/data/data/com.gc.fly.jule/files/uu_data/TfwdHX6qHv0AkshSW_kmmg==/app_code/com.yt.uu.apk]
D/S4URC   ( 2652): [SDK] [dalvik.system.DexClassLoader] [Constructor] [DexPath][String] [/data/data/com.gc.fly.jule/files/uu_data/TfwdHX6qHv0AkshSW_kmmg==/app_code/com.yt.uu.apk] [NDKPath][String] [null]
D/S4URC   ( 2652): [SDK] [java.io.File] [Constructor] [FilePath][String] [/data/data/com.gc.fly.jule/files/uu_data/TfwdHX6qHv0AkshSW_kmmg==/app_code/]
D/S4URC   ( 2652): [SDK] [dalvik.system.BaseDexClassLoader] [Constructor] [DexPath][String] [/data/data/com.gc.fly.jule/files/uu_data/TfwdHX6qHv0AkshSW_kmmg==/app_code/com.yt.uu.apk] [NDKPath][String] [null]
D/S4URC   ( 2652): [SDK] [java.io.File] [exists] [FilePath][String] [/data/data/com.gc.fly.jule/files/uu_data/TfwdHX6qHv0AkshSW_kmmg==/app_code]
D/S4URC   ( 2652): [SDK] [java.io.File] [getPath] [FilePath][String] [/data/data/com.gc.fly.jule/shared_prefs/Cocos2dxPrefsFile.xml]
D/S4URC   ( 2652): [SDK] [java.io.File] [canRead] [FilePath][String] [/data/data/com.gc.fly.jule/files/uu_data/TfwdHX6qHv0AkshSW_kmmg==/app_code]
D/S4URC   ( 2652): [SDK] [java.io.File] [getPath] [FilePath][String] [/data/data/com.gc.fly.jule/shared_prefs/Cocos2dxPrefsFile.xml]
D/S4URC   ( 2652): [SDK] [java.io.File] [canWrite] [FilePath][String] [/data/data/com.gc.fly.jule/files/uu_data/TfwdHX6qHv0AkshSW_kmmg==/app_code]
D/S4URC   ( 2652): [SDK] [java.io.File] [delete] [FilePath][String] [/data/data/com.gc.fly.jule/shared_prefs/Cocos2dxPrefsFile.xml.bak]
D/S4URC   ( 2652): [SDK] [java.io.File] [Constructor] [FilePath][String] [/data/data/com.gc.fly.jule/files/uu_data/TfwdHX6qHv0AkshSW_kmmg==/app_code/com.yt.uu.apk]
D/S4URC   ( 2652): [SDK] [java.io.File] [getName] [FilePath][String] [/data/data/com.gc.fly.jule/files/uu_data/TfwdHX6qHv0AkshSW_kmmg==/app_code/com.yt.uu.apk]
D/S4URC   ( 2652): [SDK] [java.io.File] [isDirectory] [FilePath][String] [/data/data/com.gc.fly.jule/files/uu_data/TfwdHX6qHv0AkshSW_kmmg==/app_code/com.yt.uu.apk]
D/S4URC   ( 2652): [SDK] [java.io.File] [isFile] [FilePath][String] [/data/data/com.gc.fly.jule/files/uu_data/TfwdHX6qHv0AkshSW_kmmg==/app_code/com.yt.uu.apk]
D/S4URC   ( 2652): [SDK] [android.content.ContextWrapper][getSharedPreferences] [File][Cocos2dxPrefsFile.xml] [MODE][MODE_PRIVATE] [Method][commit]
D/S4URC   ( 2652): [SDK] [java.io.File] [getName] [FilePath][String] [/data/data/com.gc.fly.jule/files/uu_data/TfwdHX6qHv0AkshSW_kmmg==/app_code/com.yt.uu.apk]
D/S4URC   ( 2652): [SDK] [java.io.File] [getPath] [FilePath][String] [/data/data/com.gc.fly.jule/files/uu_data/TfwdHX6qHv0AkshSW_kmmg==/app_code]
D/S4URC   ( 2652): [SDK] [java.io.File] [getPath] [FilePath][String] [/data/data/com.gc.fly.jule/files/uu_data/TfwdHX6qHv0AkshSW_kmmg==/app_code/com.yt.uu.dex]
D/S4URC   ( 2652): [SDK] [java.io.File] [getPath] [FilePath][String] [/data/data/com.gc.fly.jule/files/uu_data/TfwdHX6qHv0AkshSW_kmmg==/app_code/com.yt.uu.apk]
D/S4URC   ( 2652): [SDK] [java.io.File] [getPath] [FilePath][String] [/data/data/com.gc.fly.jule/shared_prefs/Cocos2dxPrefsFile.xml]
D/S4URC   ( 2652): [SDK] [java.io.File] [Constructor] [FilePath][String] [/data/data/com.gc.fly.jule/files/uu_data/TfwdHX6qHv0AkshSW_kmmg==/app_code/com.yt.uu.dex]
D/S4URC   ( 2652): [SDK] [java.io.File] [getParent] [FilePath][String] [/data/data/com.gc.fly.jule/files/uu_data/TfwdHX6qHv0AkshSW_kmmg==/app_code/com.yt.uu.dex]
D/S4URC   ( 2652): [SDK] [dalvik.system.DexFile] [openDexFile] [DexPath][String] [/data/data/com.gc.fly.jule/files/uu_data/TfwdHX6qHv0AkshSW_kmmg==/app_code/com.yt.uu.apk]
D/S4URC   ( 2652): [SDK] [java.io.File] [Constructor] [FilePath][String] [/data/data/com.gc.fly.jule/files/uu_data/TfwdHX6qHv0AkshSW_kmmg==/app_code/com.yt.uu.apk]
D/S4URC   ( 2652): [SDK] [java.io.File] [Constructor] [FilePath][String] [/data/data/com.gc.fly.jule/files/uu_data/TfwdHX6qHv0AkshSW_kmmg==/app_code/com.yt.uu.dex]
D/S4URC   ( 2652): [SDK] [android.content.ContextWrapper][getSharedPreferences] [File][Cocos2dxPrefsFile.xml] [MODE][MODE_PRIVATE]
D/S4URC   ( 2652): [SDK] [android.content.ContextWrapper][getSharedPreferences] [File][Cocos2dxPrefsFile.xml] [MODE][MODE_PRIVATE] [Method][putInt] [Key][ITEM_12] [Value][12]
D/S4URC   ( 2652): [SDK] [java.io.File] [exists] [FilePath][String] [/data/data/com.gc.fly.jule/shared_prefs/Cocos2dxPrefsFile.xml]
D/S4URC   ( 2652): [SDK] [java.io.File] [exists] [FilePath][String] [/data/data/com.gc.fly.jule/shared_prefs/Cocos2dxPrefsFile.xml.bak]
D/S4URC   ( 2652): [SDK] [java.io.File] [renameTo] [FilePath][String] [/data/data/com.gc.fly.jule/shared_prefs/Cocos2dxPrefsFile.xml] [DesFile][/data/data/com.gc.fly.jule/shared_prefs/Cocos2dxPrefsFile.xml.bak]
D/S4URC   ( 2652): [SDK] [java.io.File] [getPath] [FilePath][String] [/data/data/com.gc.fly.jule/shared_prefs/Cocos2dxPrefsFile.xml]
D/S4URC   ( 2652): [SDK] [java.io.File] [Constructor] [FilePath][String] [/vendor/lib]
D/S4URC   ( 2652): [SDK] [java.io.File] [Constructor] [FilePath][String] [/system/lib]
