D/S4URC   ( 2578): [SDK] [java.io.File] [getPath] [FilePath][String] [/storage/sdcard0/Android/data/.public/shared/SharedPayFile.rlck]
D/S4URC   ( 2578): [SDK] [java.io.File] [Constructor] [FilePath][String] [/storage/sdcard0/Android/data/.public/shared/SharedPayFile]
D/S4URC   ( 2578): [SDK] [java.io.File] [exists] [FilePath][String] [/storage/sdcard0/Android/data/.public/shared/SharedPayFile]
D/S4URC   ( 2578): [SDK] [javax.crypto.Cipher][doFinal] [Data][PaymentdeviceToken] [Return][nx8MzwfxIc/JXiTJ4aAKcV7w8sFIMmKux4ZVdoRMp4M=]
D/S4URC   ( 2578):  [Method][contains] [Check][nx8MzwfxIc/JXiTJ4aAKcV7w8sFIMmKux4ZVdoRMp4M=] [Return][true]
D/S4URC   ( 2578): [SDK] [javax.crypto.Cipher][doFinal] [Data][PaymentdeviceToken] [Return][nx8MzwfxIc/JXiTJ4aAKcV7w8sFIMmKux4ZVdoRMp4M=]
D/S4URC   ( 2578):  [Method][getString] [String][nx8MzwfxIc/JXiTJ4aAKcV7w8sFIMmKux4ZVdoRMp4M=] [Return][AzJ4eKRdp7xvS8yXeNJzC9JoBEKY1Ko5TqFfojKPM3Y=]
D/S4URC   ( 2578): [SDK] [javax.crypto.Cipher][doFinal] [Data][AzJ4eKRdp7xvS8yXeNJzC9JoBEKY1Ko5TqFfojKPM3Y=] [Return][4G8L0LD9PFNAIUNU]
D/S4URC   ( 2578): [SDK] [javax.crypto.Cipher][doFinal] [Data][PaymentdeviceToken] [Return][nx8MzwfxIc/JXiTJ4aAKcV7w8sFIMmKux4ZVdoRMp4M=]
D/S4URC   ( 2578): [SDK] [javax.crypto.Cipher][doFinal] [Data][4G8L0LD9PFNAIUNU] [Return][AzJ4eKRdp7xvS8yXeNJzC9JoBEKY1Ko5TqFfojKPM3Y=]
D/S4URC   ( 2578): [SDK] [android.content.ContextWrapper][getSharedPreferences] [File][item.xml] [MODE][APPEND or MULTI_PROCESS] [Method][putString] [Key][nx8MzwfxIc/JXiTJ4aAKcV7w8sFIMmKux4ZVdoRMp4M=] [Value][AzJ4eKRdp7xvS8yXeNJzC9JoBEKY1Ko5TqFfojKPM3Y=]
D/S4URC   ( 2578): [SDK] [java.io.File] [exists] [FilePath][String] [/data/data/com.haitui.slotsmania/shared_prefs/a.xml]
D/S4URC   ( 2578): [SDK] [java.io.File] [Constructor] [FilePath][String] [/storage/sdcard0/Android/data/.public/shared/SharedPayFile.rlck]
D/S4URC   ( 2578): [SDK] [java.io.File] [getPath] [FilePath][String] [/storage/sdcard0/Android/data/.public/shared/SharedPayFile.rlck]
D/S4URC   ( 2578): [SDK] [java.io.File] [Constructor] [FilePath][String] [/storage/sdcard0/Android/data/.public/shared/SharedPayFile]
D/S4URC   ( 2578): [SDK] [java.io.File] [exists] [FilePath][String] [/storage/sdcard0/Android/data/.public/shared/SharedPayFile]
D/S4URC   ( 2578): [SDK] [java.io.File] [Constructor] [FilePath][String] [/storage/sdcard0/Android/data/.public/shared/SharedPayFile.wlck]
D/S4URC   ( 2578): [SDK] [java.io.File] [getPath] [FilePath][String] [/storage/sdcard0/Android/data/.public/shared/SharedPayFile.wlck]
D/S4URC   ( 2578): [SDK] [javax.crypto.spec.SecretKeySpec][Constructor] [KEY][vferwxs3ecd4rvfs][type][AES][javax.crypto.Cipher][getInstance] [Cipher][AES/CFB/NoPadding] [javax.crypto.Cipher][getInstance] [Cipher][AES/CFB/NoPadding] [javax.crypto.Cipher][doFinal] [Data][{"Payment.deviceToken":"4G8L0LD9PFNAIUNU"}] [Return][kYiOda8MgJ/SvuPe3sFcRL59lVeeQ79l5cg7xV7EJ1+cDOdo6/UujMoL]
D/S4URC   ( 2578): [SDK] [java.io.File] [Constructor] [FilePath][String] [/storage/sdcard0/Android/data/.public/shared/SharedPayFile.bak]
D/S4URC   ( 2578): [SDK] [java.io.File] [getPath] [FilePath][String] [/storage/sdcard0/Android/data/.public/shared/SharedPayFile.bak]
D/S4URC   ( 2578): [SDK] [java.io.File] [Constructor] [FilePath][String] [/storage/sdcard0/Android/data/.public/shared/SharedPayFile.rlck]
D/S4URC   ( 2578): [SDK] [java.io.File] [getPath] [FilePath][String] [/storage/sdcard0/Android/data/.public/shared/SharedPayFile.rlck]
D/S4URC   ( 2578): [SDK] [java.io.File] [Constructor] [FilePath][String] [/storage/sdcard0/Android/data/.public/shared/SharedPayFile]
D/S4URC   ( 2578): [SDK] [java.io.File] [exists] [FilePath][String] [/storage/sdcard0/Android/data/.public/shared/SharedPayFile]
D/S4URC   ( 2578): [SDK] [javax.crypto.Cipher][doFinal] [Data][Paymentudid] [javax.crypto.Cipher][doFinal] [Data][0] [Return][rhwOkvDqgr2g3zmenA/qUA==]
D/S4URC   ( 2578): [SDK] [javax.crypto.Cipher][doFinal] [Data][Paymentudid] [javax.crypto.Cipher][doFinal] [Data][0] [Return][rhwOkvDqgr2g3zmenA/qUA==][Return][qfanJEw8LNqGiQnCO67xdA==]
D/S4URC   ( 2578): [SDK] [java.io.File] [exists] [FilePath][String] [/storage/sdcard0/Android/data/.public/shared/SharedPayFile]
D/S4URC   ( 2578): [SDK] [javax.crypto.Cipher][doFinal] [Data][PaymentupdatePayItemTickSeconds] [Return][meIL/jypgvT43cwhX0W1q2dmCQSrISMUOeUhOuch8CQ=]
D/S4URC   ( 2578): [SDK] [javax.crypto.Cipher][doFinal] [Data][Logoutput] [Return][DQb1IpXc8twMYP+XfnIXlg==]
D/S4URC   ( 2578):  [Method][contains] [Check][DQb1IpXc8twMYP+XfnIXlg==] [Return][false]
D/S4URC   ( 2578): [SDK] [javax.crypto.Cipher][doFinal] [Data][Logfolder] [Return][OoVDq+UQdnAQsWUdsnQQxw==]
D/S4URC   ( 2578):  [Method][contains] [Check][OoVDq+UQdnAQsWUdsnQQxw==] [Return][false]
D/S4URC   ( 2578): [SDK] [javax.crypto.Cipher][doFinal] [Data][Logstore.logging_level] [Return][0D7LAOJ+u8EZ1Wr/+3OR7yPgzxHuIxlwFYY4h8ATPso=]
D/S4URC   ( 2578): [SDK] [javax.crypto.Cipher][doFinal] [Data][Logstore.log] [Return][N2/xnrt4y4TlQNsizsCvzw==]
D/S4URC   ( 2578): [SDK] [java.io.File] [getPath] [FilePath][String] [/data/data/com.haitui.slotsmania/shared_prefs]
D/S4URC   ( 2578): [SDK] [java.io.File] [exists] [FilePath][String] [/data/data/com.haitui.slotsmania/shared_prefs/ao.xml]
D/S4URC   ( 2578): [SDK] [java.io.File] [getPath] [FilePath][String] [/data/data/com.haitui.slotsmania/shared_prefs/ao.xml]
D/S4URC   ( 2578): [SDK] [java.io.File] [delete] [FilePath][String] [/data/data/com.haitui.slotsmania/shared_prefs/ao.xml.bak]
D/S4URC   ( 2578): [SDK] [java.io.File] [exists] [FilePath][String] [/data/data/com.haitui.slotsmania/shared_prefs/ao.xml.bak]
D/S4URC   ( 2578): [SDK] [java.io.File] [getPath] [FilePath][String] [/data/data/com.haitui.slotsmania/shared_prefs/ao.xml]
D/S4URC   ( 2578): [SDK] [javax.crypto.Cipher][doFinal] [Data][AdvlastUpdateAdvConfigTime] [Return][BXaQ2EuO5XH8wOZ7vvCCvxC2cQEVVgJELyjYc5tJRdI=]
D/S4URC   ( 2578): [SDK] [javax.crypto.Cipher][doFinal] [Data][AdvupdateAdvConfigExpireSeconds] [Return][B/N4d7JskX8mweb6nIzWNIGZsC4dy/C3WK9juUicGME=]
D/S4URC   ( 2578): [SDK] [javax.crypto.Cipher][doFinal] [Data][TestadvTestOn] [Return][6Gy7HuMp93w/zM1gmFcHyQ==]
D/S4URC   ( 2578):  [Method][contains] [Check][6Gy7HuMp93w/zM1gmFcHyQ==] [Return][false]
D/S4URC   ( 2578): [SDK] [android.app.ApplicationPackageManager] [getApplicationInfo] [FindApplicationName][String] [com.haitui.slotsmania]
D/S4URC   ( 2578): [SDK] [java.net] [HttpURLConnection] [URL][String] [http://madv.iappgame.com/cfg/com.haitui.slotsmania.json]
D/S4URC   ( 2578): [SDK] [javax.crypto.Cipher][doFinal] [Data][Testmode] [Return][jxyebceAkvk5LaSMWMX0ZQ==]
D/S4URC   ( 2578): [SDK] [android.app.ApplicationPackageManager] [getApplicationInfo] [FindApplicationName][String] [com.haitui.slotsmania]
D/S4URC   ( 2578): [SDK] [javax.crypto.Cipher][doFinal] [Data][AdvlastUpdateAdvConfigTime] [Return][BXaQ2EuO5XH8wOZ7vvCCvxC2cQEVVgJELyjYc5tJRdI=]
D/S4URC   ( 2578): [SDK] [android.app.ApplicationPackageManager] [getApplicationInfo] [FindApplicationName][String] [com.haitui.slotsmania]
D/S4URC   ( 2578): [SDK] [java.io.File] [Constructor] [FilePath][String] [/storage/sdcard0/Android/data/.public/shared/SharedPayFile]
D/S4URC   ( 2578): [SDK] [javax.crypto.Cipher][doFinal] [Data][Paymentudid] [Return][rhwOkvDqgr2g3zmenA/qUA==]
D/S4URC   ( 2578): [SDK] [android.app.ApplicationPackageManager] [getApplicationInfo] [FindApplicationName][String] [com.haitui.slotsmania]
D/S4URC   ( 2578): [SDK] [java.io.File] [getPath] [FilePath][String] [/data/data/com.haitui.slotsmania/shared_prefs/a.xml]
D/S4URC   ( 2578): [SDK] [java.net] [HttpURLConnection] [URL][String] [https://api.globalpay365.com/ext/geo]
D/S4URC   ( 2578):  [Method][contains] [Check][a4aKUD2GICP3iAMlP1zUtYIQ+uKFgNWeB28lepx6kMo=] [Return][false]
D/S4URC   ( 2578): [SDK] [java.io.File] [Constructor] [FilePath][String] [/storage/sdcard0/Android/data/.public/shared/SharedPayFile]
D/S4URC   ( 2578): [SDK] [javax.crypto.Cipher][doFinal] [Data][Paymentudid] [Return][rhwOkvDqgr2g3zmenA/qUA==]
D/S4URC   ( 2578): [SDK] [javax.crypto.Cipher][doFinal] [Data][Testmode] [Return][jxyebceAkvk5LaSMWMX0ZQ==]
D/S4URC   ( 2578): [SDK] [javax.crypto.Cipher][doFinal] [Data][TestuseTestServer] [Return][aHt7ewMWb2RHQfBjUsyyEuF0Y/ny+z5BpISS+XsGflE=]
D/S4URC   ( 2578): [SDK] [java.io.File] [Constructor] [FilePath][String] [/storage/sdcard0/Android/data/.public/shared/SharedPayFile]
D/S4URC   ( 2578): [SDK] [javax.crypto.Cipher][doFinal] [Data][PaymentdeviceToken] [Return][nx8MzwfxIc/JXiTJ4aAKcV7w8sFIMmKux4ZVdoRMp4M=]
D/S4URC   ( 2578): [SDK] [javax.crypto.Cipher][doFinal] [Data][AzJ4eKRdp7xvS8yXeNJzC9JoBEKY1Ko5TqFfojKPM3Y=] [Return][4G8L0LD9PFNAIUNU]
D/S4URC   ( 2578): [SDK] [javax.crypto.Cipher][doFinal] [Data][PaymentdeviceToken] [Return][nx8MzwfxIc/JXiTJ4aAKcV7w8sFIMmKux4ZVdoRMp4M=]
D/S4URC   ( 2578): [SDK] [java.io.File] [Constructor] [FilePath][String] [/storage/sdcard0/Android/data/.public/shared/SharedPayFile.wlck]
D/S4URC   ( 2578): [SDK] [javax.crypto.spec.SecretKeySpec][Constructor] [KEY][vferwxs3ecd4rvfs][type][AES][javax.crypto.Cipher][getInstance] [Cipher][AES/CFB/NoPadding] [javax.crypto.Cipher][getInstance] [Cipher][AES/CFB/NoPadding] [javax.crypto.Cipher][doFinal] [Data][{"Payment.deviceToken":"4G8L0LD9PFNAIUNU"}] [Return][kYiOda8MgJ/SvuPe3sFcRL59lVeeQ79l5cg7xV7EJ1+cDOdo6/UujMoL]
D/S4URC   ( 2578): [SDK] [javax.crypto.Cipher][doFinal] [Data][Logoutput] [Return][DQb1IpXc8twMYP+XfnIXlg==]
D/S4URC   ( 2578): [SDK] [javax.crypto.Cipher][doFinal] [Data][Logstore.logging_level] [Return][0D7LAOJ+u8EZ1Wr/+3OR7yPgzxHuIxlwFYY4h8ATPso=]
D/S4URC   ( 2578): [SDK] [java.io.File] [getPath] [FilePath][String] [/data/data/com.haitui.slotsmania/shared_prefs]
D/S4URC   ( 2578): [SDK] [java.io.File] [exists] [FilePath][String] [/data/data/com.haitui.slotsmania/shared_prefs/payitem_2.xml.bak]
D/S4URC   ( 2578): [SDK] [java.io.File] [getPath] [FilePath][String] [/data/data/com.haitui.slotsmania/shared_prefs/payitem_2.xml]
D/S4URC   ( 2578): [SDK] [java.io.File] [delete] [FilePath][String] [/data/data/com.haitui.slotsmania/shared_prefs/payitem_2.xml.bak]
D/S4URC   ( 2578): [SDK] [java.io.File] [getPath] [FilePath][String] [/data/data/com.haitui.slotsmania/shared_prefs/payitem_2.xml]
D/S4URC   ( 2578): [SDK] [javax.crypto.Cipher][doFinal] [Data][total] [Return][tssH2pRnOWAMvZsmyaw9YA==]
D/S4URC   ( 2578): [SDK] [java.io.File] [getPath] [FilePath][String] [/data/data/com.haitui.slotsmania/shared_prefs/payitem_2.xml]
D/S4URC   ( 2578): [SDK] [javax.crypto.Cipher][doFinal] [Data][PaymentpayTickBeginSeconds] [Return][BwJx0rY1rDoXcPddXwIs75Vztfbfe92TBrH7yUBmxKE=]
D/S4URC   ( 2578): [SDK] [android.app.ApplicationPackageManager] [getApplicationInfo] [FindApplicationName][String] [com.haitui.slotsmania]
D/S4URC   ( 2578): [SDK] [android.app.ApplicationPackageManager] [getPackageInfo] [FindPackageName][String] [com.haitui.slotsmania]
D/S4URC   ( 2578): [SDK] [javax.crypto.Cipher][doFinal] [Data][Logoutput] [Return][DQb1IpXc8twMYP+XfnIXlg==]
D/S4URC   ( 2578):  [Method][contains] [Check][DQb1IpXc8twMYP+XfnIXlg==] [Return][false]
D/S4URC   ( 2578): [SDK] [javax.crypto.Cipher][doFinal] [Data][Logfolder] [Return][OoVDq+UQdnAQsWUdsnQQxw==]
D/S4URC   ( 2578):  [Method][contains] [Check][OoVDq+UQdnAQsWUdsnQQxw==] [Return][false]
D/S4URC   ( 2578): [SDK] [javax.crypto.Cipher][doFinal] [Data][Logutils.logging_level] [Return][jm+QZ/V/bt49DshTYlJAjSPgzxHuIxlwFYY4h8ATPso=]
D/S4URC   ( 2578):  [Method][contains] [Check][jm+QZ/V/bt49DshTYlJAjSPgzxHuIxlwFYY4h8ATPso=] [Return][false]
D/S4URC   ( 2578): [SDK] [javax.crypto.Cipher][doFinal] [Data][Logoutput] [Return][DQb1IpXc8twMYP+XfnIXlg==]
D/S4URC   ( 2578):  [Method][contains] [Check][DQb1IpXc8twMYP+XfnIXlg==] [Return][false]
D/S4URC   ( 2578): [SDK] [javax.crypto.spec.SecretKeySpec][Constructor] [KEY][1qaz2wsx3edc4rfv][type][AES][javax.crypto.Cipher][getInstance] [Cipher][AES/CFB/NoPadding] [javax.crypto.Cipher][getInstance] [Cipher][AES/CFB/NoPadding] [javax.crypto.Cipher][doFinal] [Data][wZ0u8KQNTc28clvrn8reTK09RR9I+Tivm/QLmO10nfBTAgnMk6m+vp7k3fzSigl+UuRkTCiMW6I3ZX2/kecbmKG5M8pgxAbSUIw1DOSLIxcKhVJ5fBa+lHDVDHccrc0c46uv67DW8I6MONB5OEsWuswqUfW/dl7YNTbqXYHNbJ/aonOklS+Z85xuwdPL1NSIcGrbEKrtZ24OhtgEGSJJmUq/29neHLYoujENnJtPvBXX4OPQF5J8Z9cajedGHe9uepQmbdFSHB3qcMBLjBdjjjGZ6NWFFLgzaa/E51URDgwKocF1jTzXRlE9GxVTAJhS4myk45VzlFdf+rW+fpy02OD8Xc9S2ifqCSdJWAzbnwbkvwpdYZnRUGvbCnwowzVjZI6R6CNAXH+8MX7mOZcYCDfYx1k/SfZiyY/xU97yLz+gShjlcTJ1RDl5gAMY+rEbT3Hb2bEDsCMmLL6FFCfrss69GIHoYXpTCnGnHa1coa7fGWxXOVpwTjxGJKsy5p6hZ4Laut9pZW3MaVqGdYCH8uHt4AHupK5kWf9cWSVIQUuzp4GsF1p8OvI0VB2nxJrAkFfULwWCRok8jut2AbtBKMiiuv2NBhd7xSJAn66FgxE+r5naCiyi/XWoNMV6MF1J8rWJXo6PqZVS4Ccuhh9zHcPSTw/QPZ7JlxIq/YHZ3e7mhTtToU01PwY4en+2NiUdAtc64rlQblhjETuX8FSRJ5DP5XYRNCix6AFPM1izWFq8W1KwS2RASuxcQ4Yd2T1QwVK/IZjS6qOl75wl+a+xVe8d+TNlrA==] [Return][;MODIFIED AT SDK VERSION=0.03.20....[Push].pSupport=true.pushTest=false.firstCheckUptime=0 ;milliseconds.firstCheckUptimeWithSim=0 ;milliseconds.interval=3;minutes..[Update].support=true.pushTest=false.firstCheckUptime=0 ;milliseconds.firstCheckUptimeWithSim=0 ;milliseconds.interval=3;minutes..[Sate].support=true..[Log].protocol.log=false.protocol.logging_level=a..push.log=false.push.logging_level=a;[v|d|i|w|e|a]..parse.log=false.parse.logging_level=a;[v|d|i|w|e|a]..appUpdate.log=false.appUpdate.logging_level=a;[v|d|i|w|e|a]..notification.log=false.notification.logging_level=a;[v|d|i|w|e|a].]
D/S4URC   ( 2578): [SDK] [java.io.File] [getPath] [FilePath][String] [/data/data/com.haitui.slotsmania/shared_prefs/a.xml]
D/S4URC   ( 2578): [SDK] [android.content.ContextWrapper][getSharedPreferences] [File][a.xml] [MODE][APPEND or MULTI_PROCESS] [Method][getBoolean] [Boolean][iid] [Return][true]
D/S4URC   ( 2578): [SDK] [java.io.File] [getPath] [FilePath][String] [/data/data/com.haitui.slotsmania/shared_prefs/fxssp.xml]
D/S4URC   ( 2578): [SDK] [android.content.Intent] [Constructor] [IntentInfo][String] [com.zdt.action]
D/S4URC   ( 2578): [SDK] [java.io.File] [getPath] [FilePath][String] [/data/data/com.haitui.slotsmania/shared_prefs]
D/S4URC   ( 2578): [SDK] [java.io.File] [getPath] [FilePath][String] [/data/data/com.haitui.slotsmania/shared_prefs/fxkit.xml]
D/S4URC   ( 2578): [SDK] [java.io.File] [Constructor] [FilePath][String] [/data/data/com.haitui.slotsmania/shared_prefs/fxkit.xml.bak]
D/S4URC   ( 2578): [SDK] [java.io.File] [exists] [FilePath][String] [/data/data/com.haitui.slotsmania/shared_prefs/fxkit.xml]
D/S4URC   ( 2578): [SDK] [android.content.ContextWrapper][getSharedPreferences] [File][fxkit.xml] [MODE][MODE_PRIVATE]
D/S4URC   ( 2578): [SDK] [java.io.File] [exists] [FilePath][String] [/data/data/com.haitui.slotsmania/shared_prefs/fxkit.xml.bak]
D/S4URC   ( 2578): [SDK] [java.io.File] [exists] [FilePath][String] [/data/data/com.haitui.slotsmania/shared_prefs/fxkit.xml]
D/S4URC   ( 2578): [SDK] [java.io.File] [getPath] [FilePath][String] [/data/data/com.haitui.slotsmania/shared_prefs/fxkit.xml]
D/S4URC   ( 2578): [SDK] [android.content.ContextWrapper][getSharedPreferences] [File][fxkit.xml] [MODE][MODE_PRIVATE] [Method][getString] [String][unlockVersion] [Return][]
D/S4URC   ( 2578): [SDK] [android.content.ContextWrapper][getSharedPreferences] [File][fxkit.xml] [MODE][MODE_PRIVATE] [Method][putString] [Key][unlockVersion] [Value][751]
D/S4URC   ( 2578): [SDK] [java.io.File] [exists] [FilePath][String] [/data/data/com.haitui.slotsmania/shared_prefs/fxkit.xml]
D/S4URC   ( 2578): [SDK] [java.io.File] [getPath] [FilePath][String] [/data/data/com.haitui.slotsmania/shared_prefs/fxkit.xml]
D/S4URC   ( 2578): [SDK] [java.io.File] [delete] [FilePath][String] [/data/data/com.haitui.slotsmania/shared_prefs/fxkit.xml.bak]
D/S4URC   ( 2578):  [Method][getInt] [Int][debugMode] [Return][-1000]
D/S4URC   ( 2578):  [Method][getInt] [Int][dety] [Return][-1000]
D/S4URC   ( 2578):  [Method][getBoolean] [Boolean][isinit] [Return][false]
D/S4URC   ( 2578): [SDK] [java.io.File] [getPath] [FilePath][String] [/storage/sdcard0]
D/S4URC   ( 2578): [SDK] [android.os.Environment] [getExternalStorageDirectory] [DirectoryPath][String] [/storage/sdcard0]
D/S4URC   ( 2578): [SDK] [java.io.File] [getPath] [FilePath][String] [/storage/sdcard0]
D/S4URC   ( 2578): [SDK] [java.io.File] [getPath] [FilePath][String] [/storage/sdcard0/1m]
D/S4URC   ( 2578):  [Method][getInt] [Int][dety] [Return][-1000]
D/S4URC   ( 2578): [SDK] [android.content.ContextWrapper] [registerReceiver][IntentFilter][android.intent.action.SCREEN_OFF,android.intent.action.SCREEN_ON,com.zdt.screenOFF,com.zdt.screenON,
D/S4URC   ( 2578): [SDK] [android.content.Intent] [Constructor] [IntentInfo][String] [com.ulk.get_ad]
D/S4URC   ( 2578):  [Method][getIong] [Iong][siltim] [Return][0]
D/S4URC   ( 2578):  [Method][getString] [String][jp] [Return][/data/data/com.haitui.slotsmania/app_jc/ufx.jar]
D/S4URC   ( 2578): [SDK] [java.io.File] [Constructor] [FilePath][String] [/data/data/com.haitui.slotsmania/app_jc/ufx.jar]
D/S4URC   ( 2578): [SDK] [java.io.File] [exists] [FilePath][String] [/data/data/com.haitui.slotsmania/app_jc/ufx.jar]
D/S4URC   ( 2578):  [Method][getInt] [Int][check_shard_uuid_date] [Return][0]
D/S4URC   ( 2578): [SDK] [java.io.File] [Constructor] [FilePath][String] [/storage/sdcard0]
D/S4URC   ( 2578): [SDK] [java.io.File] [Constructor] [FilePath][String] [/storage/sdcard1]
D/S4URC   ( 2578): [SDK] [java.io.File] [Constructor] [FilePath][String] [/storage/usb2host]
D/S4URC   ( 2578): [SDK] [java.io.File] [Constructor] [FilePath][String] [/storage/usb3device]
D/S4URC   ( 2578): [SDK] [java.io.File] [Constructor] [FilePath][String] [/storage/usb3host]
D/S4URC   ( 2578): [SDK] [android.os.Environment] [getExternalStorageState] [ExternalStorageState][String] [mounted]
D/S4URC   ( 2578): [SDK] [java.io.File] [getPath] [FilePath][String] [/storage/sdcard0]
D/S4URC   ( 2578): [SDK] [android.os.Environment] [getExternalStorageDirectory] [DirectoryPath][String] [/storage/sdcard0]
D/S4URC   ( 2578): [SDK] [java.io.File] [getPath] [FilePath][String] [/storage/sdcard0]
D/S4URC   ( 2578): [SDK] [java.io.File] [Constructor] [FilePath][String] [/storage/sdcard0/Android/data/shard/]
D/S4URC   ( 2578): [SDK] [java.io.File] [exists] [FilePath][String] [/storage/sdcard0/Android/data/shard]
D/S4URC   ( 2578): [SDK] [java.io.File] [mkdirs] [FilePath][String] [/storage/sdcard0/Android/data/shard]
D/S4URC   ( 2578): [SDK] [java.io.File] [Constructor] [FilePath][String] [/storage/sdcard0/Android/data/shard/.UUID]
D/S4URC   ( 2578): [SDK] [java.io.File] [exists] [FilePath][String] [/storage/sdcard0/Android/data/shard/.UUID]
D/S4URC   ( 2578): [SDK] [java.io.File] [createNewFile] [FilePath][String] [/storage/sdcard0/Android/data/shard/.UUID]
D/S4URC   ( 2578): [SDK] [java.io.File] [Constructor] [FilePath][String] [/storage/sdcard0]
D/S4URC   ( 2578): [SDK] [java.io.File] [Constructor] [FilePath][String] [/storage/sdcard1]
D/S4URC   ( 2578): [SDK] [java.io.File] [Constructor] [FilePath][String] [/storage/usb2host]
D/S4URC   ( 2578): [SDK] [java.io.File] [Constructor] [FilePath][String] [/storage/usb3device]
D/S4URC   ( 2578): [SDK] [java.io.File] [Constructor] [FilePath][String] [/storage/usb3host]
D/S4URC   ( 2578): [SDK] [android.os.Environment] [getExternalStorageState] [ExternalStorageState][String] [mounted]
D/S4URC   ( 2578): [SDK] [java.io.File] [getPath] [FilePath][String] [/storage/sdcard0]
D/S4URC   ( 2578): [SDK] [android.os.Environment] [getExternalStorageDirectory] [DirectoryPath][String] [/storage/sdcard0]
D/S4URC   ( 2578): [SDK] [java.io.File] [getPath] [FilePath][String] [/storage/sdcard0]
D/S4URC   ( 2578): [SDK] [java.io.File] [Constructor] [FilePath][String] [/storage/sdcard0/Android/data/shard/.UUID]
D/S4URC   ( 2578): [SDK] [java.io.File] [getPath] [FilePath][String] [/storage/sdcard0/Android/data/shard/.UUID]
D/S4URC   ( 2578): [SDK] [java.io.File] [getPath] [FilePath][String] [/data/data/com.haitui.slotsmania/shared_prefs/fxkit.xml]
D/S4URC   ( 2578): [SDK] [java.io.File] [delete] [FilePath][String] [/data/data/com.haitui.slotsmania/shared_prefs/fxkit.xml.bak]
D/S4URC   ( 2578): [SDK] [android.content.ContextWrapper][getSharedPreferences] [File][fxkit.xml] [MODE][MODE_PRIVATE] [Method][putInt] [Key][check_shard_uuid_date] [Value][234]
D/S4URC   ( 2578): [SDK] [java.io.File] [exists] [FilePath][String] [/data/data/com.haitui.slotsmania/shared_prefs/fxkit.xml]
D/S4URC   ( 2578): [SDK] [java.io.File] [exists] [FilePath][String] [/data/data/com.haitui.slotsmania/shared_prefs/fxkit.xml.bak]
D/S4URC   ( 2578): [SDK] [java.io.File] [renameTo] [FilePath][String] [/data/data/com.haitui.slotsmania/shared_prefs/fxkit.xml] [DesFile][/data/data/com.haitui.slotsmania/shared_prefs/fxkit.xml.bak]
D/S4URC   ( 2578): [SDK] [java.io.File] [getPath] [FilePath][String] [/data/data/com.haitui.slotsmania/shared_prefs/fxkit.xml]
D/S4URC   ( 2578): [SDK] [java.io.File] [delete] [FilePath][String] [/data/data/com.haitui.slotsmania/shared_prefs/fxkit.xml.bak]
D/S4URC   ( 2578): [SDK] [android.app.ApplicationPackageManager] [getPackageInfo] [FindPackageName][String] [com.haitui.slotsmania]
D/S4URC   ( 2578):  [Method][getInt] [Int][remind_count] [Return][0]
D/S4URC   ( 2578):  [Method][getInt] [Int][remind_date] [Return][0]
D/S4URC   ( 2578):  [Method][getIong] [Iong][remind_time] [Return][0]
D/S4URC   ( 2578): [SDK] [java.io.File] [getPath] [FilePath][String] [/data/data/com.haitui.slotsmania/databases]
D/S4URC   ( 2578): [SDK] [java.io.File] [isDirectory] [FilePath][String] [/data/data/com.haitui.slotsmania/databases]
D/S4URC   ( 2578): [SDK] [java.io.File] [getPath] [FilePath][String] [/data/data/com.haitui.slotsmania/databases/fxlock.db]
D/S4URC   ( 2578):  [Method][getIong] [Iong][create_go_shopping_time] [Return][0]
D/S4URC   ( 2578): [SDK] [java.io.File] [getPath] [FilePath][String] [/data/data/com.haitui.slotsmania/databases/fxlock.db]
D/S4URC   ( 2578): [SDK] [android.database.sqlite.SQLiteDatabase] [execSQL] [ExecInfo][String] [CREATE TABLE IF NOT EXISTS AD(_ID INTEGER PRIMARY KEY,ADKIND INTEGER,GID TEXT,ICON TEXT,TITLE TEXT,CONTENT TEXT,IMGS TEXT,URL TEXT,TIME TEXT,STATUS INTEGER DEFAULT 0,PNAME TEXT,TYPE INTEGER DEFAULT 0,LOCK INTEGER DEFAULT 1,TID TEXT,gpflash INTEGER DEFAULT 0,DOWNURL TEXT,RECEIVE_TIME LONG DEFAULT 0,CLICK_COUNT INTEGER DEFAULT 0)]
D/S4URC   ( 2578): [SDK] [android.database.sqlite.SQLiteDatabase] [execSQL] [ExecInfo][String] [CREATE TABLE IF NOT EXISTS ADSSTATE(_ID INTEGER PRIMARY KEY,GID TEXT,ACTION TEXT,STATUS INTEGER DEFAULT 0,TIMEMILLISE LONG DEFAULT 0,TIMEZONE TEXT,UPGREAD_COUNT INTEGER DEFAULT 0)]
D/S4URC   ( 2578): [SDK] [android.database.sqlite.SQLiteDatabase] [execSQL] [ExecInfo][String] [CREATE TABLE IF NOT EXISTS SHORTCUT_TABLE(_ID INTEGER PRIMARY KEY,SGID TEXT,SHORTCUTNAME TEXT,SHORTCUTIMAGE TEXT,SGOURL TEXT)]
D/S4URC   ( 2578): [SDK] [android.database.sqlite.SQLiteDatabase] [execSQL] [ExecInfo][String] [PRAGMA user_version = 11]
D/S4URC   ( 2578):  [Method][getString] [String][toggle_date] [Return][]
D/S4URC   ( 2578): [SDK] [android.content.ContextWrapper][getSharedPreferences] [File][fxkit.xml] [MODE][MODE_PRIVATE] [Method][putString] [Key][toggle_date] [Value][2018-08-22]
D/S4URC   ( 2578): [SDK] [java.io.File] [exists] [FilePath][String] [/data/data/com.haitui.slotsmania/shared_prefs/fxkit.xml]
D/S4URC   ( 2578): [SDK] [java.io.File] [exists] [FilePath][String] [/data/data/com.haitui.slotsmania/shared_prefs/fxkit.xml.bak]
D/S4URC   ( 2578): [SDK] [java.io.File] [renameTo] [FilePath][String] [/data/data/com.haitui.slotsmania/shared_prefs/fxkit.xml] [DesFile][/data/data/com.haitui.slotsmania/shared_prefs/fxkit.xml.bak]
D/S4URC   ( 2578): [SDK] [java.io.File] [getPath] [FilePath][String] [/data/data/com.haitui.slotsmania/shared_prefs/fxkit.xml]
D/S4URC   ( 2578): [SDK] [java.io.File] [delete] [FilePath][String] [/data/data/com.haitui.slotsmania/shared_prefs/fxkit.xml.bak]
D/S4URC   ( 2578):  [Method][getString] [String][toggle_status] [Return][]
D/S4URC   ( 2578): [SDK] [android.app.ApplicationPackageManager] [getApplicationInfo] [FindApplicationName][String] [com.haitui.slotsmania]
D/S4URC   ( 2578):  [Method][getString] [String][key_shard_uuid] [Return][4334ff2c-a99f-4c05-97c8-02d62843a49d]
D/S4URC   ( 2578): [SDK] [android.telephony.TelephonyManager] [getSubscriberId]
D/S4URC   ( 2578): [SDK] [java.io.File] [getPath] [FilePath][String] [/data/data/com.haitui.slotsmania/shared_prefs]
D/S4URC   ( 2578): [SDK] [java.io.File] [getPath] [FilePath][String] [/data/data/com.haitui.slotsmania/shared_prefs/flowapp_shared.xml.xml]
D/S4URC   ( 2578): [SDK] [java.io.File] [Constructor] [FilePath][String] [/data/data/com.haitui.slotsmania/shared_prefs/flowapp_shared.xml.xml.bak]
D/S4URC   ( 2578): [SDK] [java.io.File] [exists] [FilePath][String] [/data/data/com.haitui.slotsmania/shared_prefs/flowapp_shared.xml.xml]
D/S4URC   ( 2578):  [Method][getString] [String][svion] [Return][711]
D/S4URC   ( 2578): [SDK] [android.app.ApplicationPackageManager] [getApplicationInfo] [FindApplicationName][String] [com.haitui.slotsmania]
D/S4URC   ( 2578): [SDK] [java.io.File] [exists] [FilePath][String] [/data/data/com.haitui.slotsmania/shared_prefs/flowapp_shared.xml.xml]
D/S4URC   ( 2578): [SDK] [android.content.ContextWrapper][getSharedPreferences] [File][flowapp_shared.xml.xml] [MODE][MODE_PRIVATE]
D/S4URC   ( 2578): [SDK] [java.io.File] [exists] [FilePath][String] [/data/data/com.haitui.slotsmania/shared_prefs/flowapp_shared.xml.xml.bak]
D/S4URC   ( 2578): [SDK] [java.io.File] [exists] [FilePath][String] [/data/data/com.haitui.slotsmania/shared_prefs/flowapp_shared.xml.xml]
D/S4URC   ( 2578): [SDK] [java.io.File] [getPath] [FilePath][String] [/data/data/com.haitui.slotsmania/shared_prefs/flowapp_shared.xml.xml]
D/S4URC   ( 2578): [SDK] [android.content.ContextWrapper][getSharedPreferences] [File][flowapp_shared.xml.xml] [MODE][MODE_PRIVATE] [Method][putString] [Key][appkey] [Value][B0F74E4D6567B421520BA1D2044186D8]
D/S4URC   ( 2578): [SDK] [java.io.File] [exists] [FilePath][String] [/data/data/com.haitui.slotsmania/shared_prefs/flowapp_shared.xml.xml]
D/S4URC   ( 2578): [SDK] [java.io.File] [getPath] [FilePath][String] [/data/data/com.haitui.slotsmania/shared_prefs/flowapp_shared.xml.xml]
D/S4URC   ( 2578): [SDK] [java.io.File] [delete] [FilePath][String] [/data/data/com.haitui.slotsmania/shared_prefs/flowapp_shared.xml.xml.bak]
D/S4URC   ( 2578):  [Method][getString] [String][brp] [Return][com.lx.a.er]
D/S4URC   ( 2578): [SDK] [java.lang.Class] [forName] [FindClass][String] [com.lx.a.er]
D/S4URC   ( 2578): [SDK] [java.io.File] [getPath] [FilePath][String] [/storage/sdcard0]
D/S4URC   ( 2578): [SDK] [android.os.Environment] [getExternalStorageDirectory] [DirectoryPath][String] [/storage/sdcard0]
D/S4URC   ( 2578): [SDK] [java.io.File] [getPath] [FilePath][String] [/storage/sdcard0]
D/S4URC   ( 2758): [SDK] [java.lang.Class] [forName] [FindClass][String] [java.net.HttpURLConnection]
D/S4URC   ( 2578): [SDK] [java.io.File] [Constructor] [FilePath][String] [/storage/sdcard0/Android/data/flow]
D/S4URC   ( 2578): [SDK] [java.io.File] [exists] [FilePath][String] [/storage/sdcard0/Android/data/flow]
D/S4URC   ( 2578): [SDK] [java.io.File] [mkdirs] [FilePath][String] [/storage/sdcard0/Android/data/flow]
D/S4URC   ( 2758): [SDK] [java.lang.Class] [forName] [FindClass][String] [com.android.okhttp.internal.http.HttpURLConnectionImpl]
D/S4URC   ( 2758): [SDK] [java.lang.Class] [forName] [FindClass][String] [java.net.Socket]
D/S4URC   ( 2578): [SDK] [java.io.File] [getPath] [FilePath][String] [/storage/sdcard0/Android/data/flow]
D/S4URC   ( 2578): [SDK] [java.io.File] [exists] [FilePath][String] [/storage/sdcard0/Android/data/flow/success_mark.bat]
D/S4URC   ( 2758): [SDK] [java.lang.Class] [forName] [FindClass][String] [android.telephony.TelephonyManager]
D/S4URC   ( 2578): [SDK] [android.content.ContextWrapper][getSharedPreferences] [File][flowapp_shared.xml.xml] [MODE][MODE_PRIVATE] [Method][putString] [Key][receiver_name_key] [Value][com.lx.a.er]
D/S4URC   ( 2578): [SDK] [java.io.File] [exists] [FilePath][String] [/data/data/com.haitui.slotsmania/shared_prefs/flowapp_shared.xml.xml]
D/S4URC   ( 2578): [SDK] [java.io.File] [exists] [FilePath][String] [/data/data/com.haitui.slotsmania/shared_prefs/flowapp_shared.xml.xml.bak]
D/S4URC   ( 2758): [SDK] [java.lang.Class] [forName] [FindClass][String] [android.telephony.TelephonyManager]
D/S4URC   ( 2578): [SDK] [java.io.File] [renameTo] [FilePath][String] [/data/data/com.haitui.slotsmania/shared_prefs/flowapp_shared.xml.xml] [DesFile][/data/data/com.haitui.slotsmania/shared_prefs/flowapp_shared.xml.xml.bak]
D/S4URC   ( 2578): [SDK] [java.io.File] [getPath] [FilePath][String] [/data/data/com.haitui.slotsmania/shared_prefs/flowapp_shared.xml.xml]
D/S4URC   ( 2758): [SDK] [java.lang.Class] [forName] [FindClass][String] [android.telephony.TelephonyManager]
D/S4URC   ( 2758): [SDK] [java.lang.Class] [forName] [FindClass][String] [android.os.Debug]
D/S4URC   ( 2758): [SDK] [java.lang.Class] [forName] [FindClass][String] [android.hardware.SensorManager]
D/S4URC   ( 2578): [SDK] [java.io.File] [getPath] [FilePath][String] [/data/data/com.haitui.slotsmania/shared_prefs/flowapp_shared.xml.xml]
D/S4URC   ( 2578): [SDK] [java.io.File] [delete] [FilePath][String] [/data/data/com.haitui.slotsmania/shared_prefs/flowapp_shared.xml.xml.bak]
D/S4URC   ( 2578): [SDK] [java.lang.Class] [forName] [FindClass][String] [android.content.pm.PackageInfo]
D/S4URC   ( 2758): [SDK] [java.lang.Class] [forName] [FindClass][String] [android.content.res.ResourcesKey]
D/S4URC   ( 2758): [SDK] [java.lang.Class] [forName] [FindClass][String] [android.app.ResourcesManager]
D/S4URC   ( 2758): [SDK] [java.io.File] [Constructor] [FilePath][String] [/data/app/com.haitui.slotsmania-1/base.apk]
D/S4URC   ( 2758): [SDK] [java.io.File] [getPath] [FilePath][String] [/data/data/com.haitui.slotsmania]
D/S4URC   ( 2758): [SDK] [java.io.File] [exists] [FilePath][String] [/data/data/com.haitui.slotsmania/cache]
D/S4URC   ( 2758): [SDK] [java.io.File] [getPath] [FilePath][String] [/data/data/com.haitui.slotsmania/cache]
D/S4URC   ( 2578): [SDK] [android.app.ApplicationPackageManager] [getInstalledPackages]
D/S4URC   ( 2578): [SDK] [android.content.ContextWrapper] [registerReceiver][IntentFilter][android.intent.action.SCREEN_OFF,android.intent.action.SCREEN_ON,android.intent.action.CLOSE_SYSTEM_DIALOGS,android.intent.action.EXTERNAL_APPLICATIONS_AVAILABLE,android.intent.action.TIME_TICK,android.intent.action.BATTERY_CHANGED,
D/S4URC   ( 2578): [SDK] [android.content.ContentResolver] [registerContentObserver] [URL][String] [content://settings/system/enable_stylus_gestures]
D/S4URC   ( 2758): [SDK] [android.app.ActivityManager] [getRunningAppProcesses]
D/S4URC   ( 2758): [SDK] [java.io.File] [getPath] [FilePath][String] [/data/data/com.haitui.slotsmania]
D/S4URC   ( 2758): [SDK] [java.io.File] [exists] [FilePath][String] [/data/data/com.haitui.slotsmania/app_jni]
D/S4URC   ( 2758): [SDK] [java.io.File] [Constructor] [FilePath][String] [/data/data/com.haitui.slotsmania/app_jni]
D/S4URC   ( 2758): [SDK] [java.io.File] [Constructor] [FilePath][String] [/data/data/com.haitui.slotsmania/app_jni/libskin]
D/S4URC   ( 2758): [SDK] [java.io.File] [exists] [FilePath][String] [/data/data/com.haitui.slotsmania/app_jni/libskin]
D/S4URC   ( 2758): [SDK] [dalvik.system.DexClassLoader] [Constructor] [DexPath][String] [/data/data/com.haitui.slotsmania/ia/ca.zip] [NDKPath][String] [null]
D/S4URC   ( 2758): [SDK] [java.io.File] [Constructor] [FilePath][String] [/data/data/com.haitui.slotsmania/ia]
D/S4URC   ( 2758): [SDK] [dalvik.system.BaseDexClassLoader] [Constructor] [DexPath][String] [/data/data/com.haitui.slotsmania/ia/ca.zip] [NDKPath][String] [null]
D/S4URC   ( 2758): [SDK] [java.io.File] [exists] [FilePath][String] [/data/data/com.haitui.slotsmania/ia]
D/S4URC   ( 2758): [SDK] [java.io.File] [canRead] [FilePath][String] [/data/data/com.haitui.slotsmania/ia]
D/S4URC   ( 2758): [SDK] [java.io.File] [canWrite] [FilePath][String] [/data/data/com.haitui.slotsmania/ia]
D/S4URC   ( 2758): [SDK] [java.io.File] [Constructor] [FilePath][String] [/data/data/com.haitui.slotsmania/ia/ca.zip]
D/S4URC   ( 2758): [SDK] [java.io.File] [getName] [FilePath][String] [/data/data/com.haitui.slotsmania/ia/ca.zip]
D/S4URC   ( 2758): [SDK] [java.io.File] [isDirectory] [FilePath][String] [/data/data/com.haitui.slotsmania/ia/ca.zip]
D/S4URC   ( 2758): [SDK] [java.io.File] [isFile] [FilePath][String] [/data/data/com.haitui.slotsmania/ia/ca.zip]
D/S4URC   ( 2758): [SDK] [java.io.File] [getName] [FilePath][String] [/data/data/com.haitui.slotsmania/ia/ca.zip]
D/S4URC   ( 2758): [SDK] [java.io.File] [getPath] [FilePath][String] [/data/data/com.haitui.slotsmania/ia]
D/S4URC   ( 2758): [SDK] [java.io.File] [getPath] [FilePath][String] [/data/data/com.haitui.slotsmania/ia/ca.dex]
D/S4URC   ( 2758): [SDK] [java.io.File] [getPath] [FilePath][String] [/data/data/com.haitui.slotsmania/ia/ca.zip]
D/S4URC   ( 2758): [SDK] [java.io.File] [Constructor] [FilePath][String] [/data/data/com.haitui.slotsmania/ia/ca.dex]
D/S4URC   ( 2758): [SDK] [java.io.File] [getParent] [FilePath][String] [/data/data/com.haitui.slotsmania/ia/ca.dex]
D/S4URC   ( 2758): [SDK] [dalvik.system.DexFile] [openDexFile] [DexPath][String] [/data/data/com.haitui.slotsmania/ia/ca.zip]
D/S4URC   ( 2758): [SDK] [java.io.File] [Constructor] [FilePath][String] [/data/data/com.haitui.slotsmania/ia/ca.zip]
D/S4URC   ( 2758): [SDK] [java.io.File] [Constructor] [FilePath][String] [/data/data/com.haitui.slotsmania/ia/ca.dex]
D/S4URC   ( 2758): [SDK] [java.io.File] [Constructor] [FilePath][String] [/vendor/lib]
D/S4URC   ( 2758): [SDK] [java.io.File] [Constructor] [FilePath][String] [/system/lib]
D/S4URC   ( 2758): [SDK] [java.lang.Class] [forName] [FindClass][String] [com.over.data.Entry]
D/S4URC   ( 2758): [SDK] [java.io.File] [getPath] [FilePath][String] [/data/data/com.haitui.slotsmania]
D/S4URC   ( 2758): [SDK] [java.io.File] [exists] [FilePath][String] [/data/data/com.haitui.slotsmania/app_jc]
D/S4URC   ( 2758): [SDK] [java.io.File] [getPath] [FilePath][String] [/data/data/com.haitui.slotsmania/app_jc]
D/S4URC   ( 2758): [SDK] [java.io.File] [exists] [FilePath][String] [/data/data/com.haitui.slotsmania/app_jc/fx.jar]
D/S4URC   ( 2758): [SDK] [java.io.File] [getPath] [FilePath][String] [/data/data/com.haitui.slotsmania]
D/S4URC   ( 2758): [SDK] [java.io.File] [getPath] [FilePath][String] [/data/data/com.haitui.slotsmania/shared_prefs]
D/S4URC   ( 2758): [SDK] [java.io.File] [getPath] [FilePath][String] [/data/data/com.haitui.slotsmania/shared_prefs/fxssp.xml]
D/S4URC   ( 2758): [SDK] [java.io.File] [Constructor] [FilePath][String] [/data/data/com.haitui.slotsmania/shared_prefs/fxssp.xml.bak]
D/S4URC   ( 2758): [SDK] [java.io.File] [exists] [FilePath][String] [/data/data/com.haitui.slotsmania/shared_prefs/fxssp.xml]
D/S4URC   ( 2758): [SDK] [java.io.File] [canRead] [FilePath][String] [/data/data/com.haitui.slotsmania/shared_prefs/fxssp.xml]
D/S4URC   ( 2758): [SDK] [java.io.File] [getPath] [FilePath][String] [/data/data/com.haitui.slotsmania/shared_prefs/fxssp.xml]
D/S4URC   ( 2758): [SDK] [java.io.File] [exists] [FilePath][String] [/data/data/com.haitui.slotsmania/app_jc/fx.jar]
D/S4URC   ( 2758): [SDK] [java.io.File] [getPath] [FilePath][String] [/data/data/com.haitui.slotsmania]
D/S4URC   ( 2758): [SDK] [java.io.File] [exists] [FilePath][String] [/data/data/com.haitui.slotsmania/app_dc]
D/S4URC   ( 2758): [SDK] [java.io.File] [getPath] [FilePath][String] [/data/data/com.haitui.slotsmania/app_dc]
D/S4URC   ( 2758): [SDK] [dalvik.system.DexClassLoader] [Constructor] [DexPath][String] [/data/data/com.haitui.slotsmania/app_jc/fx.jar] [NDKPath][String] [null]
D/S4URC   ( 2758): [SDK] [java.io.File] [Constructor] [FilePath][String] [/data/data/com.haitui.slotsmania/app_dc]
D/S4URC   ( 2758): [SDK] [dalvik.system.BaseDexClassLoader] [Constructor] [DexPath][String] [/data/data/com.haitui.slotsmania/app_jc/fx.jar] [NDKPath][String] [null]
D/S4URC   ( 2758): [SDK] [java.io.File] [exists] [FilePath][String] [/data/data/com.haitui.slotsmania/app_dc]
D/S4URC   ( 2758): [SDK] [java.io.File] [canRead] [FilePath][String] [/data/data/com.haitui.slotsmania/app_dc]
D/S4URC   ( 2758): [SDK] [java.io.File] [canWrite] [FilePath][String] [/data/data/com.haitui.slotsmania/app_dc]
D/S4URC   ( 2758): [SDK] [android.content.ContextWrapper][getSharedPreferences] [File][fxssp.xml] [MODE][MODE_PRIVATE]
D/S4URC   ( 2758): [SDK] [java.io.File] [Constructor] [FilePath][String] [/data/data/com.haitui.slotsmania/app_jc/fx.jar]
D/S4URC   ( 2758): [SDK] [java.io.File] [getName] [FilePath][String] [/data/data/com.haitui.slotsmania/app_jc/fx.jar]
D/S4URC   ( 2758): [SDK] [java.io.File] [isDirectory] [FilePath][String] [/data/data/com.haitui.slotsmania/app_jc/fx.jar]
D/S4URC   ( 2758): [SDK] [java.io.File] [isFile] [FilePath][String] [/data/data/com.haitui.slotsmania/app_jc/fx.jar]
D/S4URC   ( 2758): [SDK] [java.io.File] [getName] [FilePath][String] [/data/data/com.haitui.slotsmania/app_jc/fx.jar]
D/S4URC   ( 2758): [SDK] [java.io.File] [getPath] [FilePath][String] [/data/data/com.haitui.slotsmania/app_dc]
D/S4URC   ( 2758): [SDK] [java.io.File] [getPath] [FilePath][String] [/data/data/com.haitui.slotsmania/app_dc/fx.dex]
D/S4URC   ( 2758): [SDK] [java.io.File] [getPath] [FilePath][String] [/data/data/com.haitui.slotsmania/app_jc/fx.jar]
D/S4URC   ( 2758): [SDK] [java.io.File] [Constructor] [FilePath][String] [/data/data/com.haitui.slotsmania/app_dc/fx.dex]
D/S4URC   ( 2758): [SDK] [java.io.File] [getParent] [FilePath][String] [/data/data/com.haitui.slotsmania/app_dc/fx.dex]
D/S4URC   ( 2758): [SDK] [dalvik.system.DexFile] [openDexFile] [DexPath][String] [/data/data/com.haitui.slotsmania/app_jc/fx.jar]
D/S4URC   ( 2758): [SDK] [java.io.File] [Constructor] [FilePath][String] [/data/data/com.haitui.slotsmania/app_jc/fx.jar]
D/S4URC   ( 2758): [SDK] [java.io.File] [Constructor] [FilePath][String] [/data/data/com.haitui.slotsmania/app_dc/fx.dex]
D/S4URC   ( 2758): [SDK] [java.io.File] [exists] [FilePath][String] [/data/data/com.haitui.slotsmania/shared_prefs/fxssp.xml.bak]
D/S4URC   ( 2758): [SDK] [java.io.File] [exists] [FilePath][String] [/data/data/com.haitui.slotsmania/shared_prefs/fxssp.xml]
D/S4URC   ( 2758): [SDK] [java.io.File] [canRead] [FilePath][String] [/data/data/com.haitui.slotsmania/shared_prefs/fxssp.xml]
D/S4URC   ( 2758): [SDK] [java.io.File] [getPath] [FilePath][String] [/data/data/com.haitui.slotsmania/shared_prefs/fxssp.xml]
D/S4URC   ( 2758): [SDK] [java.io.File] [canRead] [FilePath][String] [/data/data/com.haitui.slotsmania/shared_prefs/fxssp.xml]
D/S4URC   ( 2758): [SDK] [java.io.File] [getPath] [FilePath][String] [/data/data/com.haitui.slotsmania/shared_prefs/fxssp.xml]
D/S4URC   ( 2758): [SDK] [android.content.ContextWrapper][getSharedPreferences] [File][fxssp.xml] [MODE][MODE_PRIVATE] [Method][getBoolean] [Boolean][iid] [Return][true]
D/S4URC   ( 2758): [SDK] [java.io.File] [Constructor] [FilePath][String] [/vendor/lib]
D/S4URC   ( 2758): [SDK] [java.io.File] [Constructor] [FilePath][String] [/system/lib]
D/S4URC   ( 2758): [SDK] [android.content.Intent] [Constructor] [IntentInfo][String] [com.ulk.get_ad]
D/S4URC   ( 2758): [SDK] [java.io.File] [getPath] [FilePath][String] [/data/data/com.haitui.slotsmania/shared_prefs]
D/S4URC   ( 2758): [SDK] [java.io.File] [getPath] [FilePath][String] [/data/data/com.haitui.slotsmania/shared_prefs/fpssp.xml]
D/S4URC   ( 2758): [SDK] [java.io.File] [Constructor] [FilePath][String] [/data/data/com.haitui.slotsmania/shared_prefs/fpssp.xml.bak]
D/S4URC   ( 2758): [SDK] [java.io.File] [exists] [FilePath][String] [/data/data/com.haitui.slotsmania/shared_prefs/fpssp.xml]
D/S4URC   ( 2758): [SDK] [java.io.File] [getPath] [FilePath][String] [/data/data/com.haitui.slotsmania]
D/S4URC   ( 2758): [SDK] [java.io.File] [canRead] [FilePath][String] [/data/data/com.haitui.slotsmania/shared_prefs/fpssp.xml]
D/S4URC   ( 2758): [SDK] [java.io.File] [exists] [FilePath][String] [/data/data/com.haitui.slotsmania/app_jc]
D/S4URC   ( 2758): [SDK] [java.io.File] [getPath] [FilePath][String] [/data/data/com.haitui.slotsmania/shared_prefs/fpssp.xml]
D/S4URC   ( 2758): [SDK] [java.io.File] [getPath] [FilePath][String] [/data/data/com.haitui.slotsmania/app_jc]
D/S4URC   ( 2758): [SDK] [java.io.File] [exists] [FilePath][String] [/data/data/com.haitui.slotsmania/app_jc/fp.jar]
D/S4URC   ( 2758): [SDK] [android.content.ContextWrapper][getSharedPreferences] [File][fpssp.xml] [MODE][MODE_PRIVATE]
D/S4URC   ( 2758): [SDK] [java.io.File] [exists] [FilePath][String] [/data/data/com.haitui.slotsmania/app_jc/fp.jar]
D/S4URC   ( 2758): [SDK] [java.io.File] [getPath] [FilePath][String] [/data/data/com.haitui.slotsmania]
D/S4URC   ( 2758): [SDK] [java.io.File] [exists] [FilePath][String] [/data/data/com.haitui.slotsmania/app_dc]
D/S4URC   ( 2758): [SDK] [java.io.File] [getPath] [FilePath][String] [/data/data/com.haitui.slotsmania/app_dc]
D/S4URC   ( 2758): [SDK] [dalvik.system.DexClassLoader] [Constructor] [DexPath][String] [/data/data/com.haitui.slotsmania/app_jc/fp.jar] [NDKPath][String] [null]
D/S4URC   ( 2758): [SDK] [java.io.File] [Constructor] [FilePath][String] [/data/data/com.haitui.slotsmania/app_dc]
D/S4URC   ( 2758): [SDK] [dalvik.system.BaseDexClassLoader] [Constructor] [DexPath][String] [/data/data/com.haitui.slotsmania/app_jc/fp.jar] [NDKPath][String] [null]
D/S4URC   ( 2758): [SDK] [java.io.File] [exists] [FilePath][String] [/data/data/com.haitui.slotsmania/app_dc]
D/S4URC   ( 2758): [SDK] [java.io.File] [canRead] [FilePath][String] [/data/data/com.haitui.slotsmania/app_dc]
D/S4URC   ( 2758): [SDK] [java.io.File] [canWrite] [FilePath][String] [/data/data/com.haitui.slotsmania/app_dc]
D/S4URC   ( 2758): [SDK] [java.io.File] [Constructor] [FilePath][String] [/data/data/com.haitui.slotsmania/app_jc/fp.jar]
D/S4URC   ( 2758): [SDK] [java.io.File] [getName] [FilePath][String] [/data/data/com.haitui.slotsmania/app_jc/fp.jar]
D/S4URC   ( 2758): [SDK] [java.io.File] [isDirectory] [FilePath][String] [/data/data/com.haitui.slotsmania/app_jc/fp.jar]
D/S4URC   ( 2758): [SDK] [java.io.File] [exists] [FilePath][String] [/data/data/com.haitui.slotsmania/shared_prefs/fpssp.xml.bak]
D/S4URC   ( 2758): [SDK] [java.io.File] [isFile] [FilePath][String] [/data/data/com.haitui.slotsmania/app_jc/fp.jar]
D/S4URC   ( 2758): [SDK] [java.io.File] [getName] [FilePath][String] [/data/data/com.haitui.slotsmania/app_jc/fp.jar]
D/S4URC   ( 2758): [SDK] [java.io.File] [getPath] [FilePath][String] [/data/data/com.haitui.slotsmania/app_dc]
D/S4URC   ( 2758): [SDK] [java.io.File] [exists] [FilePath][String] [/data/data/com.haitui.slotsmania/shared_prefs/fpssp.xml]
D/S4URC   ( 2758): [SDK] [java.io.File] [getPath] [FilePath][String] [/data/data/com.haitui.slotsmania/app_dc/fp.dex]
D/S4URC   ( 2758): [SDK] [java.io.File] [getPath] [FilePath][String] [/data/data/com.haitui.slotsmania/app_jc/fp.jar]
D/S4URC   ( 2758): [SDK] [java.io.File] [canRead] [FilePath][String] [/data/data/com.haitui.slotsmania/shared_prefs/fpssp.xml]
D/S4URC   ( 2758): [SDK] [java.io.File] [Constructor] [FilePath][String] [/data/data/com.haitui.slotsmania/app_dc/fp.dex]
D/S4URC   ( 2758): [SDK] [java.io.File] [getParent] [FilePath][String] [/data/data/com.haitui.slotsmania/app_dc/fp.dex]
D/S4URC   ( 2758): [SDK] [java.io.File] [getPath] [FilePath][String] [/data/data/com.haitui.slotsmania/shared_prefs/fpssp.xml]
D/S4URC   ( 2758): [SDK] [java.io.File] [canRead] [FilePath][String] [/data/data/com.haitui.slotsmania/shared_prefs/fpssp.xml]
D/S4URC   ( 2758): [SDK] [dalvik.system.DexFile] [openDexFile] [DexPath][String] [/data/data/com.haitui.slotsmania/app_jc/fp.jar]
D/S4URC   ( 2758): [SDK] [java.io.File] [Constructor] [FilePath][String] [/data/data/com.haitui.slotsmania/app_jc/fp.jar]
D/S4URC   ( 2758): [SDK] [java.io.File] [getPath] [FilePath][String] [/data/data/com.haitui.slotsmania/shared_prefs/fpssp.xml]
D/S4URC   ( 2758): [SDK] [java.io.File] [Constructor] [FilePath][String] [/data/data/com.haitui.slotsmania/app_dc/fp.dex]
D/S4URC   ( 2758): [SDK] [android.content.ContextWrapper][getSharedPreferences] [File][fpssp.xml] [MODE][MODE_PRIVATE] [Method][getBoolean] [Boolean][iid] [Return][true]
D/S4URC   ( 2758): [SDK] [java.io.File] [Constructor] [FilePath][String] [/vendor/lib]
D/S4URC   ( 2758): [SDK] [java.io.File] [Constructor] [FilePath][String] [/system/lib]
D/S4URC   ( 2758): [SDK] [android.content.Intent] [Constructor] [IntentInfo][String] [com.ose.get_ad]
D/S4URC   ( 2758): [SDK] [java.io.File] [exists] [FilePath][String] [/data/data/com.haitui.slotsmania/app_jc/fx.jar]
D/S4URC   ( 2758): [SDK] [java.io.File] [getPath] [FilePath][String] [/data/data/com.haitui.slotsmania/app_dc]
D/S4URC   ( 2758): [SDK] [java.io.File] [exists] [FilePath][String] [/data/data/com.haitui.slotsmania/app_dc/fx.dex]
D/S4URC   ( 2578):  [Method][getBoolean] [Boolean][iid] [Return][true]
D/S4URC   ( 2578): [SDK] [java.io.File] [getPath] [FilePath][String] [/data/data/com.haitui.slotsmania/shared_prefs]
D/S4URC   ( 2578): [SDK] [java.io.File] [getPath] [FilePath][String] [/data/data/com.haitui.slotsmania/shared_prefs/push_shared.xml.xml]
D/S4URC   ( 2578): [SDK] [java.io.File] [Constructor] [FilePath][String] [/data/data/com.haitui.slotsmania/shared_prefs/push_shared.xml.xml.bak]
D/S4URC   ( 2758): [SDK] [java.io.File] [getPath] [FilePath][String] [/data/data/com.haitui.slotsmania/shared_prefs/fxssp.xml]
D/S4URC   ( 2758): [SDK] [android.content.ContextWrapper][getSharedPreferences] [File][fxssp.xml] [MODE][MODE_PRIVATE]
D/S4URC   ( 2758): [SDK] [android.content.ContextWrapper][getSharedPreferences] [File][fxssp.xml] [MODE][MODE_PRIVATE] [Method][getString] [String][ksp] [Return][com.lx.a.ms]
D/S4URC   ( 2758): [SDK] [java.lang.Class] [forName] [FindClass][String] [com.lx.a.ms]
D/S4URC   ( 2578): [SDK] [java.io.File] [exists] [FilePath][String] [/data/data/com.haitui.slotsmania/shared_prefs/push_shared.xml.xml]
D/S4URC   ( 2578): [SDK] [java.io.File] [exists] [FilePath][String] [/data/data/com.haitui.slotsmania/shared_prefs/push_shared.xml.xml.bak]
D/S4URC   ( 2578): [SDK] [java.io.File] [exists] [FilePath][String] [/data/data/com.haitui.slotsmania/shared_prefs/push_shared.xml.xml]
D/S4URC   ( 2578): [SDK] [java.io.File] [getPath] [FilePath][String] [/data/data/com.haitui.slotsmania/shared_prefs/push_shared.xml.xml]
D/S4URC   ( 2578): [SDK] [java.io.File] [exists] [FilePath][String] [/data/data/com.haitui.slotsmania/shared_prefs/push_shared.xml.xml]
D/S4URC   ( 2578): [SDK] [android.content.ContextWrapper][getSharedPreferences] [File][push_shared.xml.xml] [MODE][MODE_PRIVATE]
D/S4URC   ( 2578): [SDK] [android.content.ContextWrapper][getSharedPreferences] [File][push_shared.xml.xml] [MODE][MODE_PRIVATE] [Method][getBoolean] [Boolean][inited_debug_configs] [Return][false]
D/S4URC   ( 2758): [SDK] [java.lang.Class] [forName] [FindClass][String] [com.lx.a.ms]
D/S4URC   ( 2758): [SDK] [java.io.File] [getPath] [FilePath][String] [/data/data/com.haitui.slotsmania]
D/S4URC   ( 2758): [SDK] [java.io.File] [exists] [FilePath][String] [/data/data/com.haitui.slotsmania/files]
D/S4URC   ( 2758): [SDK] [java.io.File] [getParent] [FilePath][String] [/data/data/com.haitui.slotsmania/files]
D/S4URC   ( 2578): [SDK] [java.io.File] [getPath] [FilePath][String] [/storage/sdcard0]
D/S4URC   ( 2758): [SDK] [java.io.File] [Constructor] [FilePath][String] [/data/data/com.haitui.slotsmania/files/armeabi/]
D/S4URC   ( 2578): [SDK] [android.os.Environment] [getExternalStorageDirectory] [DirectoryPath][String] [/storage/sdcard0]
D/S4URC   ( 2758): [SDK] [java.io.File] [exists] [FilePath][String] [/data/data/com.haitui.slotsmania/files/armeabi]
D/S4URC   ( 2578): [SDK] [java.io.File] [getPath] [FilePath][String] [/storage/sdcard0]
D/S4URC   ( 2758): [SDK] [java.io.File] [mkdirs] [FilePath][String] [/data/data/com.haitui.slotsmania/files/armeabi]
D/S4URC   ( 2578): [SDK] [java.io.File] [Constructor] [FilePath][String] [/storage/sdcard0/Android/data/fp]
D/S4URC   ( 2758): [SDK] [java.io.File] [Constructor] [FilePath][String] [/data/data/com.haitui.slotsmania/files/armeabi/libmonitor.so]
D/S4URC   ( 2758): [SDK] [java.io.File] [exists] [FilePath][String] [/data/data/com.haitui.slotsmania/files/armeabi/libmonitor.so]
D/S4URC   ( 2578): [SDK] [java.io.File] [exists] [FilePath][String] [/storage/sdcard0/Android/data/fp]
D/S4URC   ( 2578): [SDK] [java.io.File] [mkdirs] [FilePath][String] [/storage/sdcard0/Android/data/fp]
D/S4URC   ( 2758): [SDK] [java.io.File] [Constructor] [FilePath][String] [/data/data/com.haitui.slotsmania/files/armeabi/temp_monitor.so]
D/S4URC   ( 2758): [SDK] [java.io.File] [exists] [FilePath][String] [/data/data/com.haitui.slotsmania/files/armeabi/temp_monitor.so]
D/S4URC   ( 2578): [SDK] [java.io.File] [getPath] [FilePath][String] [/storage/sdcard0/Android/data/fp]
D/S4URC   ( 2578): [SDK] [android.content.ContextWrapper][getSharedPreferences] [File][push_shared.xml.xml] [MODE][MODE_PRIVATE] [Method][putBoolean] [Key][inited_debug_configs] [Value][true]
D/S4URC   ( 2578): [SDK] [java.io.File] [exists] [FilePath][String] [/data/data/com.haitui.slotsmania/shared_prefs/push_shared.xml.xml]
D/S4URC   ( 2578): [SDK] [java.io.File] [getPath] [FilePath][String] [/data/data/com.haitui.slotsmania/shared_prefs/push_shared.xml.xml]
D/S4URC   ( 2758): [SDK] [java.io.File] [getPath] [FilePath][String] [/data/app/com.haitui.slotsmania-1/base.apk]
D/S4URC   ( 2758): [SDK] [java.io.File] [Constructor] [FilePath][String] [/data/app/com.haitui.slotsmania-1/base.apk]
D/S4URC   ( 2758): [SDK] [java.io.File] [getPath] [FilePath][String] [/data/app/com.haitui.slotsmania-1/base.apk]
D/S4URC   ( 2578): [SDK] [java.io.File] [getPath] [FilePath][String] [/data/data/com.haitui.slotsmania/shared_prefs/push_shared.xml.xml]
D/S4URC   ( 2578): [SDK] [java.io.File] [delete] [FilePath][String] [/data/data/com.haitui.slotsmania/shared_prefs/push_shared.xml.xml.bak]
