D/S4URC   ( 2706): [NDK] [SYSCALL] [getdents] [PATH][string] [.]
D/S4URC   ( 2538): [SDK] [java.lang.Runtime] [exec] [Command][String] [/system/bin/sh-cgetprop ro.lenovo.series]
D/S4URC   ( 2713): [NDK] [SYSCALL] [getdents] [PATH][string] [.]
D/S4URC   ( 2538): [SDK] [java.lang.Runtime] [exec] [Command][String] [/system/bin/sh-cgetprop ro.build.nubia.rom.name]
D/S4URC   ( 2714): [NDK] [SYSCALL] [getdents] [PATH][string] [.]
D/S4URC   ( 2538): [SDK] [java.lang.Runtime] [exec] [Command][String] [/system/bin/sh-cgetprop ro.meizu.product.model]
D/S4URC   ( 2717): [NDK] [SYSCALL] [getdents] [PATH][string] [.]
D/S4URC   ( 2538): [SDK] [java.lang.Runtime] [exec] [Command][String] [/system/bin/sh-cgetprop ro.build.version.opporom]
D/S4URC   ( 2719): [NDK] [SYSCALL] [getdents] [PATH][string] [.]
D/S4URC   ( 2538): [SDK] [java.lang.Runtime] [exec] [Command][String] [/system/bin/sh-cgetprop ro.vivo.os.build.display.id]
D/S4URC   ( 2720): [NDK] [SYSCALL] [getdents] [PATH][string] [.]
D/S4URC   ( 2538): [SDK] [java.lang.Runtime] [exec] [Command][String] [/system/bin/sh-cgetprop ro.aa.romver]
D/S4URC   ( 2743): [NDK] [SYSCALL] [getdents] [PATH][string] [.]
D/S4URC   ( 2538): [SDK] [java.lang.Runtime] [exec] [Command][String] [/system/bin/sh-cgetprop ro.lewa.version]
D/S4URC   ( 2744): [NDK] [SYSCALL] [getdents] [PATH][string] [.]
D/S4URC   ( 2538): [SDK] [java.lang.Runtime] [exec] [Command][String] [/system/bin/sh-cgetprop ro.gn.gnromvernumber]
D/S4URC   ( 2745): [NDK] [SYSCALL] [getdents] [PATH][string] [.]
D/S4URC   ( 2538): [SDK] [java.lang.Runtime] [exec] [Command][String] [/system/bin/sh-cgetprop ro.build.tyd.kbstyle_version]
D/S4URC   ( 2746): [NDK] [SYSCALL] [getdents] [PATH][string] [.]
D/S4URC   ( 2721): [SDK] [java.lang.Class] [forName] [FindClass][String] [java.net.HttpURLConnection]
D/S4URC   ( 2721): [SDK] [java.lang.Class] [forName] [FindClass][String] [com.android.okhttp.internal.http.HttpURLConnectionImpl]
D/S4URC   ( 2721): [SDK] [java.lang.Class] [forName] [FindClass][String] [java.net.Socket]
D/S4URC   ( 2721): [SDK] [java.lang.Class] [forName] [FindClass][String] [android.telephony.TelephonyManager]
D/S4URC   ( 2538): [SDK] [java.lang.Runtime] [exec] [Command][String] [/system/bin/sh-cgetprop ro.build.fingerprint]
D/S4URC   ( 2721): [SDK] [java.lang.Class] [forName] [FindClass][String] [android.telephony.TelephonyManager]
D/S4URC   ( 2721): [SDK] [java.lang.Class] [forName] [FindClass][String] [android.os.Debug]
D/S4URC   ( 2721): [SDK] [java.lang.Class] [forName] [FindClass][String] [android.hardware.SensorManager]
D/S4URC   ( 2747): [NDK] [SYSCALL] [getdents] [PATH][string] [.]
D/S4URC   ( 2721): [SDK] [java.lang.Class] [forName] [FindClass][String] [android.content.res.ResourcesKey]
D/S4URC   ( 2721): [SDK] [java.lang.Class] [forName] [FindClass][String] [android.app.ResourcesManager]
D/S4URC   ( 2721): [SDK] [java.io.File] [Constructor] [FilePath][String] [/data/app/zhao.tian.wasdasd2-1/base.apk]
D/S4URC   ( 2721): [SDK] [java.io.File] [getPath] [FilePath][String] [/data/data/zhao.tian.wasdasd2]
D/S4URC   ( 2721): [SDK] [java.io.File] [exists] [FilePath][String] [/data/data/zhao.tian.wasdasd2/cache]
D/S4URC   ( 2721): [SDK] [java.io.File] [getPath] [FilePath][String] [/data/data/zhao.tian.wasdasd2/cache]
D/S4URC   ( 2721): [SDK] [android.app.ApplicationPackageManager] [getApplicationInfo] [FindApplicationName][String] [zhao.tian.wasdasd2]
D/S4URC   ( 2721): [SDK] [android.app.ApplicationPackageManager] [getPackageInfo] [FindPackageName][String] [zhao.tian.wasdasd2]
D/S4URC   ( 2721): [SDK] [java.io.File] [Constructor] [FilePath][String] [/data/data/zhao.tian.wasdasd2/tx_shell/]
D/S4URC   ( 2721): [SDK] [java.io.File] [exists] [FilePath][String] [/data/data/zhao.tian.wasdasd2/tx_shell]
D/S4URC   ( 2721): [SDK] [java.io.File] [Constructor] [FilePath][String] [/proc/2721/cmdline]
D/S4URC   ( 2721): [SDK] [java.io.File] [getPath] [FilePath][String] [/proc/2721/cmdline]
D/S4URC   ( 2538): [SDK] [java.lang.Runtime] [exec] [Command][String] [/system/bin/sh-cgetprop ro.build.rom.id]
D/S4URC   ( 2721): [SDK] [android.app.ApplicationPackageManager] [getPackageInfo] [FindPackageName][String] [zhao.tian.wasdasd2]
D/S4URC   ( 2721): [SDK] [android.app.ApplicationPackageManager] [getApplicationInfo] [FindApplicationName][String] [zhao.tian.wasdasd2]
D/S4URC   ( 2721): [SDK] [java.lang.Class] [forName] [FindClass][String] [com.tencent.bugly.crashreport.CrashReport]
D/S4URC   ( 2721): [SDK] [java.lang.Class] [forName] [FindClass][String] [com.tencent.bugly.msdk.crashreport.CrashReport]
D/S4URC   ( 2721): [SDK] [java.lang.Class] [forName] [FindClass][String] [com.tencent.bugly.imsdk.crashreport.CrashReport]
D/S4URC   ( 2721): [SDK] [java.lang.Class] [forName] [FindClass][String] [com.tencent.bugly.tbscore.crashreport.CrashReport]
D/S4URC   ( 2721): [SDK] [java.lang.Class] [forName] [FindClass][String] [com.tencent.bugly.lejiagu.crashreport.CrashReport]
D/S4URC   ( 2721): [SDK] [java.lang.Class] [forName] [FindClass][String] [com.tencent.bugly.opengame.crashreport.CrashReport]
D/S4URC   ( 2721): [SDK] [java.io.File] [getPath] [FilePath][String] [/data/data/zhao.tian.wasdasd2]
D/S4URC   ( 2721): [SDK] [java.io.File] [exists] [FilePath][String] [/data/data/zhao.tian.wasdasd2/files]
D/S4URC   ( 2721): [SDK] [java.io.File] [getPath] [FilePath][String] [/data/data/zhao.tian.wasdasd2/files]
D/S4URC   ( 2721): [SDK] [java.lang.Class] [forName] [FindClass][String] [com.android.org.conscrypt.OpenSSLRandom]
D/S4URC   ( 2749): [NDK] [SYSCALL] [getdents] [PATH][string] [.]
D/S4URC   ( 2721): [SDK] [java.io.File] [getPath] [FilePath][String] [/data/data/zhao.tian.wasdasd2]
D/S4URC   ( 2721): [SDK] [java.io.File] [getPath] [FilePath][String] [/data/data/zhao.tian.wasdasd2/shared_prefs]
D/S4URC   ( 2721): [SDK] [java.io.File] [getPath] [FilePath][String] [/data/data/zhao.tian.wasdasd2/shared_prefs/bugly_data.xml]
D/S4URC   ( 2721): [SDK] [java.io.File] [Constructor] [FilePath][String] [/data/data/zhao.tian.wasdasd2/shared_prefs/bugly_data.xml.bak]
D/S4URC   ( 2721): [SDK] [java.io.File] [exists] [FilePath][String] [/data/data/zhao.tian.wasdasd2/shared_prefs/bugly_data.xml]
D/S4URC   ( 2721): [SDK] [android.content.ContextWrapper][getSharedPreferences] [File][bugly_data.xml] [MODE][MODE_PRIVATE]
D/S4URC   ( 2721): [SDK] [java.io.File] [exists] [FilePath][String] [/data/data/zhao.tian.wasdasd2/shared_prefs/bugly_data.xml.bak]
D/S4URC   ( 2721): [SDK] [java.io.File] [exists] [FilePath][String] [/data/data/zhao.tian.wasdasd2/shared_prefs/bugly_data.xml]
D/S4URC   ( 2721): [SDK] [java.io.File] [getPath] [FilePath][String] [/data/data/zhao.tian.wasdasd2/shared_prefs/bugly_data.xml]
D/S4URC   ( 2721): [SDK] [java.io.File] [getPath] [FilePath][String] [/data/data/zhao.tian.wasdasd2]
D/S4URC   ( 2721): [SDK] [java.io.File] [getPath] [FilePath][String] [/data/data/zhao.tian.wasdasd2/databases]
D/S4URC   ( 2721): [SDK] [java.io.File] [isDirectory] [FilePath][String] [/data/data/zhao.tian.wasdasd2/databases]
D/S4URC   ( 2721): [SDK] [java.io.File] [getPath] [FilePath][String] [/data/data/zhao.tian.wasdasd2/databases/bugly_db_lejiagu]
D/S4URC   ( 2721): [SDK] [java.io.File] [getPath] [FilePath][String] [/data/data/zhao.tian.wasdasd2]
D/S4URC   ( 2721): [SDK] [java.io.File] [exists] [FilePath][String] [/data/data/zhao.tian.wasdasd2/app_bugly]
D/S4URC   ( 2721): [SDK] [java.io.File] [getPath] [FilePath][String] [/data/data/zhao.tian.wasdasd2]
D/S4URC   ( 2721): [SDK] [java.io.File] [exists] [FilePath][String] [/data/data/zhao.tian.wasdasd2/app_bugly]
D/S4URC   ( 2721): [SDK] [java.lang.Runtime] [loadLibrary] [SoPath][String] [Bugly]
D/S4URC   ( 2721): [SDK] [java.io.File] [getPath] [FilePath][String] [/data/app/zhao.tian.wasdasd2-1/lib/arm]
D/S4URC   ( 2721): [SDK] [java.io.File] [getPath] [FilePath][String] [/data/app/zhao.tian.wasdasd2-1/lib/arm/libBugly.so]
D/S4URC   ( 2721): [SDK] [java.io.File] [getPath] [FilePath][String] [/data/data/zhao.tian.wasdasd2/databases/bugly_db_lejiagu]
D/S4URC   ( 2721): [SDK] [java.io.File] [exists] [FilePath][String] [/data/data/zhao.tian.wasdasd2/app_bugly/rqd_record.eup]
D/S4URC   ( 2721): [SDK] [java.io.File] [Constructor] [FilePath][String] [/data/data/zhao.tian.wasdasd2/app_bugly]
D/S4URC   ( 2721): [SDK] [java.io.File] [exists] [FilePath][String] [/data/data/zhao.tian.wasdasd2/app_bugly]
D/S4URC   ( 2721): [SDK] [java.io.File] [isDirectory] [FilePath][String] [/data/data/zhao.tian.wasdasd2/app_bugly]
D/S4URC   ( 2721): [SDK] [java.io.File] [listFiles] [FilePath][String] [/data/data/zhao.tian.wasdasd2/app_bugly]
D/S4URC   ( 2721): [SDK] [java.io.File] [list] [FilePath][String] [/data/data/zhao.tian.wasdasd2/app_bugly]
D/S4URC   ( 2538): [NDK] [SYSCALL] [access] [PATH][string] [/data/data/zhao.tian.wasdasd2/databases/bugly_db_lejiagu-journal]
D/S4URC   ( 2538): [NDK] [SYSCALL] [stat] [PATH][string] [/data/data/zhao.tian.wasdasd2/databases/bugly_db_lejiagu-journal]
D/S4URC   ( 2538): [NDK] [SYSCALL] [stat] [PATH][string] [/data/data/zhao.tian.wasdasd2/databases/bugly_db_lejiagu]
D/S4URC   ( 2538): [NDK] [SYSCALL] [open] [PATH][string] [/data/data/zhao.tian.wasdasd2/databases/bugly_db_lejiagu-journal] [RETURN][int] [47]
D/S4URC   ( 2538): [NDK] [SYSCALL] [access] [PATH][string] [/data/data/zhao.tian.wasdasd2/databases/bugly_db_lejiagu-wal]
D/S4URC   ( 2538): [NDK] [SYSCALL] [access] [PATH][string] [/data/data/zhao.tian.wasdasd2/databases/bugly_db_lejiagu-journal]
D/S4URC   ( 2538): [NDK] [SYSCALL] [stat] [PATH][string] [/data/data/zhao.tian.wasdasd2/databases/bugly_db_lejiagu-journal]
D/S4URC   ( 2538): [NDK] [SYSCALL] [stat] [PATH][string] [/data/data/zhao.tian.wasdasd2/databases/bugly_db_lejiagu]
D/S4URC   ( 2538): [NDK] [SYSCALL] [open] [PATH][string] [/data/data/zhao.tian.wasdasd2/databases/bugly_db_lejiagu-journal] [RETURN][int] [13]
D/S4URC   ( 2538): [NDK] [SYSCALL] [access] [PATH][string] [/data/data/zhao.tian.wasdasd2/databases/bugly_db_lejiagu-wal]
D/S4URC   ( 2538): [NDK] [SYSCALL] [stat] [PATH][string] [/data/data/zhao.tian.wasdasd2/databases/bugly_db_lejiagu]
D/S4URC   ( 2538): [NDK] [SYSCALL] [open] [PATH][string] [/data/data/zhao.tian.wasdasd2/databases/bugly_db_lejiagu-journal] [RETURN][int] [13]
D/S4URC   ( 2721): [SDK] [android.telephony.TelephonyManager] [getSubscriberId]
D/S4URC   ( 2721): [SDK] [android.content.ContextWrapper][getSharedPreferences] [File][bugly_data.xml] [MODE][MODE_PRIVATE] [Method][getString] [String][ip] [Return][]
D/S4URC   ( 2721): [SDK] [android.content.ContextWrapper][getSharedPreferences] [File][bugly_data.xml] [MODE][MODE_PRIVATE] [Method][getString] [String][qim] [Return][]
D/S4URC   ( 2538): [NDK] [SYSCALL] [open] [PATH][string] [/data/data/zhao.tian.wasdasd2/databases] [RETURN][int] [47]
D/S4URC   ( 2721): [SDK] [java.io.File] [Constructor] [FilePath][String] [/data/data/zhao.tian.wasdasd2/app_bugly]
D/S4URC   ( 2721): [SDK] [java.io.File] [exists] [FilePath][String] [/data/data/zhao.tian.wasdasd2/app_bugly]
D/S4URC   ( 2721): [SDK] [java.io.File] [isDirectory] [FilePath][String] [/data/data/zhao.tian.wasdasd2/app_bugly]
D/S4URC   ( 2721): [SDK] [java.io.File] [listFiles] [FilePath][String] [/data/data/zhao.tian.wasdasd2/app_bugly]
D/S4URC   ( 2721): [SDK] [java.io.File] [list] [FilePath][String] [/data/data/zhao.tian.wasdasd2/app_bugly]
D/S4URC   ( 2721): [SDK] [java.lang.Runtime] [exec] [Command][String] [/system/bin/sh-cgetprop ro.board.platform]
D/S4URC   ( 2721): [SDK] [android.content.ContextWrapper] [registerReceiver][IntentFilter][android.net.conn.CONNECTIVITY_CHANGE,
D/S4URC   ( 2721): [SDK] [java.lang.Class] [forName] [FindClass][String] [com.tencent.bugly.unity.UnityAgent]
D/S4URC   ( 2721): [SDK] [java.lang.Class] [forName] [FindClass][String] [com.tencent.bugly.cococs.Cocos2dxAgent]
D/S4URC   ( 2721): [SDK] [java.io.File] [Constructor] [FilePath][String] [/data/app/zhao.tian.wasdasd2-1/lib/arm/libshella-2.2.5.so]
D/S4URC   ( 2721): [SDK] [java.io.File] [Constructor] [FilePath][String] [/data/data/zhao.tian.wasdasd2/tx_shell/lib.so]
D/S4URC   ( 2721): [SDK] [java.io.File] [exists] [FilePath][String] [/data/app/zhao.tian.wasdasd2-1/lib/arm/libshella-2.2.5.so]
D/S4URC   ( 2721): [SDK] [java.lang.Runtime] [loadLibrary] [SoPath][String] [shella-2.2.5]
D/S4URC   ( 2721): [SDK] [java.io.File] [getPath] [FilePath][String] [/data/app/zhao.tian.wasdasd2-1/lib/arm]
D/S4URC   ( 2721): [SDK] [java.io.File] [getPath] [FilePath][String] [/data/app/zhao.tian.wasdasd2-1/lib/arm/libshella-2.2.5.so]
D/S4URC   ( 2538): [SDK] [android.content.ContextWrapper][getSharedPreferences] [File][com.android.com.prefs.xml] [MODE][APPEND or MULTI_PROCESS] [Method][getString] [String][ip] [Return][]
D/S4URC   ( 2721): [SDK] [java.io.File] [Constructor] [FilePath][String] [/system/lib/libdvm.so]
D/S4URC   ( 2721): [SDK] [java.io.File] [exists] [FilePath][String] [/system/lib/libdvm.so]
D/S4URC   ( 2721): [SDK] [java.io.File] [Constructor] [FilePath][String] [/system/lib/libart.so]
D/S4URC   ( 2721): [SDK] [java.io.File] [exists] [FilePath][String] [/system/lib/libart.so]
D/S4URC   ( 2721): [SDK] [java.io.File] [Constructor] [FilePath][String] [/system/lib/libart.so]
D/S4URC   ( 2721): [SDK] [java.io.File] [getPath] [FilePath][String] [/system/lib/libart.so]
D/S4URC   ( 2721): [SDK] [java.lang.Class] [forName] [FindClass][String] [com.android.org.conscrypt.OpenSSLMessageDigestJDK$MD5]
D/S4URC   ( 2538): [SDK] [android.content.ContextWrapper][getSharedPreferences] [File][com.android.com.prefs.xml] [MODE][APPEND or MULTI_PROCESS] [Method][getString] [String][qim] [Return][]
D/S4URC   ( 2721): [SDK] [java.io.File] [Constructor] [FilePath][String] [/proc/meminfo]
D/S4URC   ( 2721): [SDK] [java.io.File] [getPath] [FilePath][String] [/proc/meminfo]
D/S4URC   ( 2721): [SDK] [java.io.File] [Constructor] [FilePath][String] [/storage/sdcard0]
D/S4URC   ( 2721): [SDK] [java.io.File] [Constructor] [FilePath][String] [/storage/sdcard1]
D/S4URC   ( 2721): [SDK] [java.io.File] [Constructor] [FilePath][String] [/storage/usb2host]
D/S4URC   ( 2721): [SDK] [java.io.File] [Constructor] [FilePath][String] [/storage/usb3device]
D/S4URC   ( 2721): [SDK] [java.io.File] [Constructor] [FilePath][String] [/storage/usb3host]
D/S4URC   ( 2721): [SDK] [android.os.Environment] [getExternalStorageState] [ExternalStorageState][String] [mounted]
D/S4URC   ( 2721): [SDK] [java.io.File] [getPath] [FilePath][String] [/storage/sdcard0]
D/S4URC   ( 2721): [SDK] [android.os.Environment] [getExternalStorageDirectory] [DirectoryPath][String] [/storage/sdcard0]
D/S4URC   ( 2721): [SDK] [java.io.File] [getPath] [FilePath][String] [/storage/sdcard0]
D/S4URC   ( 2721): [SDK] [java.io.File] [Constructor] [FilePath][String] [/system/app/Superuser.apk]
D/S4URC   ( 2721): [SDK] [java.io.File] [exists] [FilePath][String] [/system/app/Superuser.apk]
D/S4URC   ( 2721): [SDK] [java.lang.Runtime] [exec] [Command][String] [/system/bin/sh-ctype su]
D/S4URC   ( 2721): [SDK] [java.io.File] [Constructor] [FilePath][String] [/system/lib64/libdvm.so]
D/S4URC   ( 2721): [SDK] [java.io.File] [exists] [FilePath][String] [/system/lib64/libdvm.so]
D/S4URC   ( 2721): [SDK] [java.io.File] [Constructor] [FilePath][String] [/system/lib64/libart.so]
D/S4URC   ( 2721): [SDK] [java.io.File] [exists] [FilePath][String] [/system/lib64/libart.so]
D/S4URC   ( 2721): [SDK] [java.io.File] [Constructor] [FilePath][String] [/data/app/zhao.tian.wasdasd2-1/base.apk]
D/S4URC   ( 2721): [SDK] [java.io.File] [exists] [FilePath][String] [/data/app/zhao.tian.wasdasd2-1/base.apk]
D/S4URC   ( 2721): [SDK] [java.io.File] [Constructor] [FilePath][String] [/data/app/zhao.tian.wasdasd2-1/base.apk]
D/S4URC   ( 2721): [SDK] [java.io.File] [getPath] [FilePath][String] [/data/app/zhao.tian.wasdasd2-1/base.apk]
D/S4URC   ( 2721): [SDK] [java.io.File] [Constructor] [FilePath][String] [/data/data/zhao.tian.wasdasd2/mix.so]
D/S4URC   ( 2721): [SDK] [java.io.File] [getParent] [FilePath][String] [/data/data/zhao.tian.wasdasd2/mix.so]
D/S4URC   ( 2721): [SDK] [dalvik.system.DexFile] [openDexFile] [DexPath][String] [/data/data/zhao.tian.wasdasd2/mix.dex]
D/S4URC   ( 2721): [SDK] [java.io.File] [Constructor] [FilePath][String] [/data/data/zhao.tian.wasdasd2/mix.dex]
D/S4URC   ( 2721): [SDK] [java.io.File] [Constructor] [FilePath][String] [/data/data/zhao.tian.wasdasd2/mix.so]
D/S4URC   ( 2721): [SDK] [android.content.ContextWrapper][getSharedPreferences] [File][bugly_data.xml] [MODE][MODE_PRIVATE] [Method][getString] [String][qim] [Return][]
D/S4URC   ( 2721): [SDK] [android.app.ApplicationPackageManager] [getApplicationInfo] [FindApplicationName][String] [zhao.tian.wasdasd2]
D/S4URC   ( 2721): [SDK] [java.lang.Class] [forName] [FindClass][String] [com.android.org.bouncycastle.jcajce.provider.symmetric.DES$ECB]
D/S4URC   ( 2721): [SDK] [java.lang.Class] [forName] [FindClass][String] [com.android.org.bouncycastle.jcajce.provider.symmetric.DES$KeyFactory]
D/S4URC   ( 2721): [SDK] [javax.crypto.spec.SecretKeySpec][Constructor] [KEY][*^@K#K@!][type][DES][javax.crypto.spec.IvParameterSpec][Constructor] [IV][*^@K#K@!] [javax.crypto.Cipher][doFinal] [Data][H4sIAAAAAAAAAG2NvW7CMBhFbUCJCAxd+g2dmJhQZDv+gTELYkdIjARsUFVjI7uhrdSX4CF4T1yYkLpc3XOHcxGG18bp4N91eQp+Z2Ism50PZvzmWmt/7zHTmqtKUia2e64JnyFcdBHC5uI21xc8zlv34fyXk/+r5mg93KMTHixQP+vUCvLYHGPrDgkEZE04npVNXUJuvn+cjyLr1rSC3mdozV9VUFCiqKxYNeVpYBygfjyNRElLOrHmbOyIsWRhUDDCqSRTQkhi+sTJJqCzWt4AixIcMvgAAAA=] [Return][SIhLOr+HRvL+jwD0sk8S69KEmQl8kgybBvDDJb4Y7ANwBD6aCDCoFVxJM/UtzofdDatGEZ0I+sZEFgPJEod6RcnYuzpXWO2sTfuxj2RJ3ALIGn0IxeY3r1RWd3+/3wIeUA8q40MCDcoPOmmOb5erQAR0jtK23hDPpa2AsxuJxGnB2DVTy5OMdRIfQaFanWulJqZwowP3+32PVZbnFmh9ReCOGTVXq6RzylBohHhl2Q21O3jaSPmhG9jeWfpVsDcvx5pbnWYrJYuimy5hpLeP/ERb4dSdX7nmFej/+KIKvD0=]
D/S4URC   ( 2721): [SDK] [android.telephony.TelephonyManager] [getSubscriberId]
D/S4URC   ( 2721): [SDK] [java.io.File] [getPath] [FilePath][String] [/data/data/zhao.tian.wasdasd2]
D/S4URC   ( 2721): [SDK] [java.io.File] [getPath] [FilePath][String] [/data/data/zhao.tian.wasdasd2/shared_prefs]
D/S4URC   ( 2721): [SDK] [java.io.File] [getPath] [FilePath][String] [/data/data/zhao.tian.wasdasd2/shared_prefs/verifity.xml]
D/S4URC   ( 2721): [SDK] [java.io.File] [Constructor] [FilePath][String] [/data/data/zhao.tian.wasdasd2/shared_prefs/verifity.xml.bak]
D/S4URC   ( 2721): [SDK] [java.io.File] [exists] [FilePath][String] [/data/data/zhao.tian.wasdasd2/shared_prefs/verifity.xml]
D/S4URC   ( 2721): [SDK] [android.content.ContextWrapper][getSharedPreferences] [File][verifity.xml] [MODE][MODE_PRIVATE]
D/S4URC   ( 2721): [SDK] [java.io.File] [exists] [FilePath][String] [/data/data/zhao.tian.wasdasd2/shared_prefs/verifity.xml.bak]
D/S4URC   ( 2721): [SDK] [java.io.File] [exists] [FilePath][String] [/data/data/zhao.tian.wasdasd2/shared_prefs/verifity.xml]
D/S4URC   ( 2721): [SDK] [java.io.File] [getPath] [FilePath][String] [/data/data/zhao.tian.wasdasd2/shared_prefs/verifity.xml]
D/S4URC   ( 2721): [SDK] [java.lang.Class] [forName] [FindClass][String] [android.content.pm.PackageInfo]
D/S4URC   ( 2721): [SDK] [android.app.ApplicationPackageManager] [getInstalledPackages]
D/S4URC   ( 2721): [SDK] [android.content.ContextWrapper][getSharedPreferences] [File][verifity.xml] [MODE][MODE_PRIVATE] [Method][getBoolean] [Boolean][result] [Return][false]
D/S4URC   ( 2721): [SDK] [android.content.ContextWrapper][getSharedPreferences] [File][verifity.xml] [MODE][MODE_PRIVATE] [Method][getBoolean] [Boolean][success] [Return][false]
D/S4URC   ( 2721): [SDK] [android.content.ContextWrapper][getSharedPreferences] [File][verifity.xml] [MODE][MODE_PRIVATE] [Method][getString] [String][ONEDAY] [Return][null]
D/S4URC   ( 2721): [SDK] [android.app.ApplicationPackageManager] [getApplicationInfo] [FindApplicationName][String] [com.android.vending]
D/S4URC   ( 2721): [SDK] [java.io.File] [getPath] [FilePath][String] [/data/data/zhao.tian.wasdasd2/shared_prefs]
D/S4URC   ( 2721): [SDK] [java.io.File] [getPath] [FilePath][String] [/data/data/zhao.tian.wasdasd2/shared_prefs/qvod.xml]
D/S4URC   ( 2721): [SDK] [java.io.File] [Constructor] [FilePath][String] [/data/data/zhao.tian.wasdasd2/shared_prefs/qvod.xml.bak]
D/S4URC   ( 2721): [SDK] [java.io.File] [exists] [FilePath][String] [/data/data/zhao.tian.wasdasd2/shared_prefs/qvod.xml]
D/S4URC   ( 2721): [SDK] [java.io.File] [canRead] [FilePath][String] [/data/data/zhao.tian.wasdasd2/shared_prefs/qvod.xml]
D/S4URC   ( 2721): [SDK] [java.io.File] [getPath] [FilePath][String] [/data/data/zhao.tian.wasdasd2/shared_prefs/qvod.xml]
D/S4URC   ( 2721): [SDK] [android.content.ContextWrapper][getSharedPreferences] [File][qvod.xml] [MODE][MODE_PRIVATE]
D/S4URC   ( 2721): [SDK] [java.io.File] [exists] [FilePath][String] [/data/data/zhao.tian.wasdasd2/shared_prefs/qvod.xml.bak]
D/S4URC   ( 2721): [SDK] [java.io.File] [exists] [FilePath][String] [/data/data/zhao.tian.wasdasd2/shared_prefs/qvod.xml]
D/S4URC   ( 2721): [SDK] [java.io.File] [canRead] [FilePath][String] [/data/data/zhao.tian.wasdasd2/shared_prefs/qvod.xml]
D/S4URC   ( 2721): [SDK] [java.io.File] [getPath] [FilePath][String] [/data/data/zhao.tian.wasdasd2/shared_prefs/qvod.xml]
D/S4URC   ( 2721): [SDK] [java.io.File] [canRead] [FilePath][String] [/data/data/zhao.tian.wasdasd2/shared_prefs/qvod.xml]
D/S4URC   ( 2721): [SDK] [java.io.File] [getPath] [FilePath][String] [/data/data/zhao.tian.wasdasd2/shared_prefs/qvod.xml]
D/S4URC   ( 2721): [SDK] [android.content.ContextWrapper][getSharedPreferences] [File][qvod.xml] [MODE][MODE_PRIVATE] [Method][getString] [String][device_uniqueid] [Return][d28b59f1804be8ebf936cd7a547a0d04]
D/S4URC   ( 2721): [SDK] [android.app.ApplicationPackageManager] [getApplicationInfo] [FindApplicationName][String] [zhao.tian.wasdasd2]
D/S4URC   ( 2721): [SDK] [android.app.ApplicationPackageManager] [getPackageInfo] [FindPackageName][String] [zhao.tian.wasdasd2]
D/S4URC   ( 2721): [SDK] [android.app.ApplicationPackageManager] [getInstalledPackages]
D/S4URC   ( 2721): [SDK] [java.io.File] [Constructor] [FilePath][String] [/data/app/com.android.samsung.installer-1/base.apk]
D/S4URC   ( 2721): [SDK] [java.io.File] [Constructor] [FilePath][String] [/data/app/samsung.systemservice-1/base.apk]
D/S4URC   ( 2721): [SDK] [java.io.File] [getPath] [FilePath][String] [/storage/sdcard0]
D/S4URC   ( 2721): [SDK] [android.os.Environment] [getExternalStorageDirectory] [DirectoryPath][String] [/storage/sdcard0]
D/S4URC   ( 2721): [SDK] [java.io.File] [getPath] [FilePath][String] [/storage/sdcard0]
D/S4URC   ( 2721): [SDK] [java.io.File] [exists] [FilePath][String] [/storage/sdcard0/qvod/img]
D/S4URC   ( 2721): [SDK] [java.lang.Class] [forName] [FindClass][String] [com.android.org.conscrypt.OpenSSLSocketFactoryImpl]
D/S4URC   ( 2721): [SDK] [java.io.File] [mkdirs] [FilePath][String] [/storage/sdcard0/qvod/img]
D/S4URC   ( 2721): [SDK] [java.lang.Class] [forName] [FindClass][String] [com.android.org.conscrypt.KeyManagerFactoryImpl]
D/S4URC   ( 2721): [SDK] [java.lang.Class] [forName] [FindClass][String] [com.android.org.bouncycastle.jcajce.provider.keystore.bc.BcKeyStoreSpi$Std]
D/S4URC   ( 2721): [SDK] [java.lang.Class] [forName] [FindClass][String] [com.android.org.conscrypt.TrustManagerFactoryImpl]
D/S4URC   ( 2721): [SDK] [java.lang.Class] [forName] [FindClass][String] [com.android.org.conscrypt.TrustedCertificateKeyStoreSpi]
D/S4URC   ( 2721): [SDK] [java.lang.Class] [forName] [FindClass][String] [com.android.org.bouncycastle.jce.provider.PKIXCertPathValidatorSpi]
D/S4URC   ( 2721): [SDK] [java.io.File] [getParent] [FilePath][String] [/storage/sdcard0/qvod/img]
D/S4URC   ( 2721): [SDK] [java.io.File] [Constructor] [FilePath][String] [/storage/sdcard0/qvod]
D/S4URC   ( 2721): [SDK] [java.io.File] [Constructor] [FilePath][String] [/data/misc/keychain/pins]
D/S4URC   ( 2721): [SDK] [java.io.File] [exists] [FilePath][String] [/storage/sdcard0/qvod/img]
D/S4URC   ( 2721): [SDK] [java.io.File] [getPath] [FilePath][String] [/data/data/zhao.tian.wasdasd2]
D/S4URC   ( 2721): [SDK] [java.io.File] [exists] [FilePath][String] [/data/data/zhao.tian.wasdasd2/cache]
D/S4URC   ( 2721): [SDK] [java.io.File] [getPath] [FilePath][String] [/data/data/zhao.tian.wasdasd2/cache]
D/S4URC   ( 2721): [SDK] [android.app.ApplicationPackageManager] [getApplicationInfo] [FindApplicationName][String] [zhao.tian.wasdasd2]
D/S4URC   ( 2721): [SDK] [android.app.ApplicationPackageManager] [getApplicationInfo] [FindApplicationName][String] [com.android.vending]
D/S4URC   ( 2721): [SDK] [java.lang.Class] [forName] [FindClass][String] [com.google.android.gms.common.GooglePlayServicesUtil]
D/S4URC   ( 2721): [SDK] [java.lang.Class] [forName] [FindClass][String] [com.adjust.sdk.plugin.MacAddressUtil]
D/S4URC   ( 2721): [SDK] [java.io.File] [Constructor] [FilePath][String] [/sys/class/net/wlan0/address]
D/S4URC   ( 2721): [SDK] [java.io.File] [getPath] [FilePath][String] [/sys/class/net/wlan0/address]
D/S4URC   ( 2721): [SDK] [java.io.File] [Constructor] [FilePath][String] [/sys/class/net/eth0/address]
D/S4URC   ( 2721): [SDK] [java.io.File] [getPath] [FilePath][String] [/sys/class/net/eth0/address]
D/S4URC   ( 2721): [SDK] [android.app.ApplicationPackageManager] [getInstalledPackages]
D/S4URC   ( 2721): [SDK] [android.app.ApplicationPackageManager] [getPackageInfo] [FindPackageName][String] [zhao.tian.wasdasd2]
D/S4URC   ( 2721): [SDK] [java.lang.Class] [forName] [FindClass][String] [com.adjust.sdk.plugin.AndroidIdUtil]
D/S4URC   ( 2721): [SDK] [android.app.ApplicationPackageManager] [getApplicationInfo] [FindApplicationName][String] [com.android.vending]
D/S4URC   ( 2721): [SDK] [android.app.ApplicationPackageManager] [getInstalledPackages]
D/S4URC   ( 2721): [SDK] [java.lang.Class] [forName] [FindClass][String] [com.google.android.gms.ads.identifier.AdvertisingIdClient]
D/S4URC   ( 2721): [SDK] [java.io.File] [getPath] [FilePath][String] [/data/data/zhao.tian.wasdasd2]
D/S4URC   ( 2721): [SDK] [java.io.File] [exists] [FilePath][String] [/data/data/zhao.tian.wasdasd2/files]
D/S4URC   ( 2721): [SDK] [java.io.File] [getPath] [FilePath][String] [/data/data/zhao.tian.wasdasd2/files]
D/S4URC   ( 2721): [SDK] [java.io.File] [getPath] [FilePath][String] [/data/data/zhao.tian.wasdasd2/files/AdjustAttribution]
D/S4URC   ( 2721): [SDK] [java.io.File] [exists] [FilePath][String] [/data/data/zhao.tian.wasdasd2/files]
D/S4URC   ( 2721): [SDK] [java.io.File] [getPath] [FilePath][String] [/data/data/zhao.tian.wasdasd2/files]
D/S4URC   ( 2721): [SDK] [java.io.File] [getPath] [FilePath][String] [/data/data/zhao.tian.wasdasd2/files/AdjustIoActivityState]
D/S4URC   ( 2721): [SDK] [java.lang.Class] [forName] [FindClass][String] [com.adjust.sdk.ActivityState]
D/S4URC   ( 2721): [SDK] [java.lang.Class] [forName] [FindClass][String] [java.lang.String]
D/S4URC   ( 2721): [SDK] [java.io.File] [exists] [FilePath][String] [/data/data/zhao.tian.wasdasd2/files]
D/S4URC   ( 2721): [SDK] [java.io.File] [getPath] [FilePath][String] [/data/data/zhao.tian.wasdasd2/files]
D/S4URC   ( 2721): [SDK] [java.io.File] [getPath] [FilePath][String] [/data/data/zhao.tian.wasdasd2/files/AdjustIoActivityState]
D/S4URC   ( 2721): [SDK] [java.lang.Class] [forName] [FindClass][String] [com.google.android.gms.ads.identifier.AdvertisingIdClient]
D/S4URC   ( 2721): [SDK] [java.io.File] [exists] [FilePath][String] [/data/data/zhao.tian.wasdasd2/files]
D/S4URC   ( 2721): [SDK] [java.io.File] [getPath] [FilePath][String] [/data/data/zhao.tian.wasdasd2/files]
D/S4URC   ( 2721): [SDK] [java.io.File] [getPath] [FilePath][String] [/data/data/zhao.tian.wasdasd2/files/AdjustIoPackageQueue]
D/S4URC   ( 2721): [SDK] [java.lang.Class] [forName] [FindClass][String] [java.util.ArrayList]
D/S4URC   ( 2721): [SDK] [java.lang.Class] [forName] [FindClass][String] [com.adjust.sdk.ActivityPackage]
D/S4URC   ( 2721): [SDK] [java.lang.Class] [forName] [FindClass][String] [com.adjust.sdk.ActivityKind]
D/S4URC   ( 2721): [SDK] [java.lang.Class] [forName] [FindClass][String] [java.lang.String]
D/S4URC   ( 2721): [SDK] [java.lang.Class] [forName] [FindClass][String] [java.util.Map]
D/S4URC   ( 2721): [SDK] [java.lang.Class] [forName] [FindClass][String] [java.lang.String]
D/S4URC   ( 2721): [SDK] [java.lang.Class] [forName] [FindClass][String] [com.adjust.sdk.ActivityKind]
D/S4URC   ( 2721): [SDK] [java.lang.Class] [forName] [FindClass][String] [java.lang.Enum]
D/S4URC   ( 2721): [SDK] [java.lang.Class] [forName] [FindClass][String] [java.util.HashMap]
D/S4URC   ( 2721): [SDK] [java.io.File] [exists] [FilePath][String] [/data/data/zhao.tian.wasdasd2/files]
D/S4URC   ( 2721): [SDK] [java.io.File] [getPath] [FilePath][String] [/data/data/zhao.tian.wasdasd2/files]
D/S4URC   ( 2721): [SDK] [java.io.File] [getPath] [FilePath][String] [/data/data/zhao.tian.wasdasd2/files/AdjustIoActivityState]
D/S4URC   ( 2721): [SDK] [java.io.File] [Constructor] [FilePath][String] [/proc/meminfo]
D/S4URC   ( 2721): [SDK] [java.io.File] [getPath] [FilePath][String] [/proc/meminfo]
D/S4URC   ( 2721): [SDK] [java.io.File] [getPath] [FilePath][String] [/data]
D/S4URC   ( 2721): [SDK] [android.os.Environment] [getDataDirectory] [DataDirectoryPath][String] [/data]
D/S4URC   ( 2721): [SDK] [java.io.File] [getPath] [FilePath][String] [/data]
D/S4URC   ( 2721): [SDK] [java.io.File] [Constructor] [FilePath][String] [/storage/sdcard0]
D/S4URC   ( 2721): [SDK] [java.io.File] [Constructor] [FilePath][String] [/storage/sdcard1]
D/S4URC   ( 2721): [SDK] [java.io.File] [Constructor] [FilePath][String] [/storage/usb2host]
D/S4URC   ( 2721): [SDK] [java.io.File] [Constructor] [FilePath][String] [/storage/usb3device]
D/S4URC   ( 2721): [SDK] [java.io.File] [Constructor] [FilePath][String] [/storage/usb3host]
D/S4URC   ( 2721): [SDK] [android.os.Environment] [getExternalStorageState] [ExternalStorageState][String] [mounted]
D/S4URC   ( 2721): [SDK] [java.io.File] [getPath] [FilePath][String] [/storage/sdcard0]
D/S4URC   ( 2721): [SDK] [android.os.Environment] [getExternalStorageDirectory] [DirectoryPath][String] [/storage/sdcard0]
D/S4URC   ( 2721): [SDK] [java.io.File] [getPath] [FilePath][String] [/storage/sdcard0]
D/S4URC   ( 2721): [SDK] [java.io.File] [getPath] [FilePath][String] [/data]
D/S4URC   ( 2721): [SDK] [android.os.Environment] [getDataDirectory] [DataDirectoryPath][String] [/data]
D/S4URC   ( 2721): [SDK] [java.io.File] [getPath] [FilePath][String] [/data]
D/S4URC   ( 2721): [SDK] [android.app.ApplicationPackageManager] [getPackageInfo] [FindPackageName][String] [zhao.tian.wasdasd2]
D/S4URC   ( 2721): [SDK] [java.lang.Runtime] [exec] [Command][String] [logcat-d-vthreadtime]
D/S4URC   ( 2721): [SDK] [java.lang.Class] [forName] [FindClass][String] [com.android.org.conscrypt.OpenSSLMessageDigestJDK$SHA1]
D/S4URC   ( 2721): [SDK] [java.lang.Runtime] [exec] [Command][String] [/system/bin/sh-cgetprop ro.miui.ui.version.name]
D/S4URC   ( 2721): [SDK] [java.lang.Runtime] [exec] [Command][String] [/system/bin/sh-cgetprop ro.build.version.emui]
D/S4URC   ( 2721): [SDK] [java.lang.Runtime] [exec] [Command][String] [/system/bin/sh-cgetprop ro.lenovo.series]
D/S4URC   ( 2721): [SDK] [java.lang.Runtime] [exec] [Command][String] [/system/bin/sh-cgetprop ro.build.nubia.rom.name]
D/S4URC   ( 2721): [SDK] [java.lang.Runtime] [exec] [Command][String] [/system/bin/sh-cgetprop ro.meizu.product.model]
D/S4URC   ( 2721): [SDK] [java.lang.Runtime] [exec] [Command][String] [/system/bin/sh-cgetprop ro.build.version.opporom]
D/S4URC   ( 2721): [SDK] [java.lang.Runtime] [exec] [Command][String] [/system/bin/sh-cgetprop ro.vivo.os.build.display.id]
D/S4URC   ( 2721): [SDK] [java.lang.Runtime] [exec] [Command][String] [/system/bin/sh-cgetprop ro.aa.romver]
D/S4URC   ( 2721): [SDK] [java.lang.Runtime] [exec] [Command][String] [/system/bin/sh-cgetprop ro.lewa.version]
D/S4URC   ( 2721): [SDK] [java.lang.Runtime] [exec] [Command][String] [/system/bin/sh-cgetprop ro.gn.gnromvernumber]
D/S4URC   ( 2721): [SDK] [java.lang.Runtime] [exec] [Command][String] [/system/bin/sh-cgetprop ro.build.tyd.kbstyle_version]
D/S4URC   ( 2721): [SDK] [java.lang.Runtime] [exec] [Command][String] [/system/bin/sh-cgetprop ro.build.fingerprint]
D/S4URC   ( 2721): [SDK] [java.lang.Runtime] [exec] [Command][String] [/system/bin/sh-cgetprop ro.build.rom.id]
D/S4URC   ( 2721): [SDK] [android.content.ContextWrapper][getSharedPreferences] [File][qvod.xml] [MODE][MODE_PRIVATE] [Method][getString] [String][ip] [Return][]
D/S4URC   ( 2721): [SDK] [android.content.ContextWrapper][getSharedPreferences] [File][qvod.xml] [MODE][MODE_PRIVATE] [Method][getString] [String][qim] [Return][]
