D/S4URC   ( 2645): [SDK] [java.io.File] [exists] [FilePath][String] [/vendor/bin/su]
D/S4URC   ( 2645): [SDK] [java.io.File] [Constructor] [FilePath][String] [/system/sbin/su]
D/S4URC   ( 2645): [SDK] [java.io.File] [exists] [FilePath][String] [/system/sbin/su]
D/S4URC   ( 2645): [SDK] [java.io.File] [Constructor] [FilePath][String] [/system/bin/su]
D/S4URC   ( 2645): [SDK] [java.io.File] [exists] [FilePath][String] [/system/bin/su]
D/S4URC   ( 2645): [SDK] [java.io.File] [Constructor] [FilePath][String] [/system/bin/su]
D/S4URC   ( 2645): [SDK] [java.io.File] [exists] [FilePath][String] [/system/bin/su]
D/S4URC   ( 2645): [SDK] [java.lang.Runtime] [exec] [Command][String] [/system/bin/su]
D/S4URC   ( 2645): [SDK] [java.io.File] [Constructor] [FilePath][String] [/system/xbin/su]
D/S4URC   ( 2645): [SDK] [java.io.File] [exists] [FilePath][String] [/system/xbin/su]
D/S4URC   ( 2645): [SDK] [java.io.File] [Constructor] [FilePath][String] [/system/xbin/su]
D/S4URC   ( 2645): [SDK] [java.io.File] [exists] [FilePath][String] [/system/xbin/su]
D/S4URC   ( 2645): [SDK] [java.lang.Runtime] [exec] [Command][String] [/system/xbin/su]
D/S4URC   ( 2645): [SDK] [java.io.File] [Constructor] [FilePath][String] [/system/usr/iku/isu]
D/S4URC   ( 2645): [SDK] [java.io.File] [exists] [FilePath][String] [/system/usr/iku/isu]
D/S4URC   ( 2645): [SDK] [java.io.File] [Constructor] [FilePath][String] [/system/bin/.usr/.ku]
D/S4URC   ( 2645): [SDK] [java.io.File] [exists] [FilePath][String] [/system/bin/.usr/.ku]
D/S4URC   ( 2645):  [Method][getInt] [Int][SettingMode] [Return][1]
D/S4URC   ( 2645): [SDK] [java.io.File] [exists] [FilePath][String] [/data/data/com.kingroot.kinguser/applib]
D/S4URC   ( 2645): [SDK] [java.io.File] [getPath] [FilePath][String] [/data/data/com.kingroot.kinguser/applib]
D/S4URC   ( 2645): [SDK] [java.io.File] [exists] [FilePath][String] [/data/data/com.kingroot.kinguser/applib/kd]
D/S4URC   ( 2645): [SDK] [java.io.File] [canExecute] [FilePath][String] [/data/data/com.kingroot.kinguser/applib/kd]
D/S4URC   ( 2645):  [Method][getInt] [Int][SettingMode] [Return][1]
D/S4URC   ( 2645): [SDK] [android.content.Intent] [Constructor] [IntentInfo][String] [com.tencent.qqpimsecure.TMS_LITE_SERVICE]
D/S4URC   ( 2645): [SDK] [java.io.File] [exists] [FilePath][String] [/data/data/com.kingroot.kinguser/applib]
D/S4URC   ( 2645): [SDK] [java.io.File] [getPath] [FilePath][String] [/data/data/com.kingroot.kinguser/applib]
D/S4URC   ( 2645): [SDK] [java.io.File] [exists] [FilePath][String] [/data/data/com.kingroot.kinguser/applib/kd]
D/S4URC   ( 2645): [SDK] [java.io.File] [canExecute] [FilePath][String] [/data/data/com.kingroot.kinguser/applib/kd]
D/S4URC   ( 2645): [SDK] [java.io.File] [Constructor] [FilePath][String] [/data/data/com.kingroot.kinguser/applib/kd]
D/S4URC   ( 2645): [SDK] [java.io.File] [exists] [FilePath][String] [/data/data/com.kingroot.kinguser/applib/kd]
D/S4URC   ( 2645): [SDK] [java.lang.Runtime] [exec] [Command][String] [/data/data/com.kingroot.kinguser/applib/kd]
D/S4URC   ( 2645): [SDK] [android.content.Intent] [Constructor] [IntentInfo][String] [com.kingroot.master.action.NOTIFY_STATISTIC]
D/S4URC   ( 2645): [SDK] [android.content.ContextWrapper] [sendBroadcast] [Intent] Intent { act=com.kingroot.master.action.NOTIFY_STATISTIC pkg=com.kingroot.kinguser (has extras) } [ExtraInfo][key:value][extra_root_apply_result:false][extra_root_apply_interval:2031][extra_proc_id:2645][extra_root_apply_procedure:7][extra_proc_flag:2][extra_type:33]
D/S4URC   ( 2645): [SDK] [java.io.File] [exists] [FilePath][String] [/data/data/com.kingroot.kinguser/applib]
D/S4URC   ( 2645): [SDK] [java.io.File] [getPath] [FilePath][String] [/data/data/com.kingroot.kinguser/applib]
D/S4URC   ( 2645): [SDK] [java.io.File] [exists] [FilePath][String] [/data/data/com.kingroot.kinguser/applib/kd]
D/S4URC   ( 2645): [SDK] [java.io.File] [canExecute] [FilePath][String] [/data/data/com.kingroot.kinguser/applib/kd]
D/S4URC   ( 2645): [SDK] [java.io.File] [Constructor] [FilePath][String] [/data/data/com.kingroot.kinguser/applib/kd]
D/S4URC   ( 2645): [SDK] [java.io.File] [exists] [FilePath][String] [/data/data/com.kingroot.kinguser/applib/kd]
D/S4URC   ( 2645): [SDK] [java.lang.Runtime] [exec] [Command][String] [/data/data/com.kingroot.kinguser/applib/kd]
D/S4URC   ( 2645): [SDK] [java.io.File] [Constructor] [FilePath][String] [/data/data/com.kingroot.master/applib/kd]
D/S4URC   ( 2645): [SDK] [java.io.File] [exists] [FilePath][String] [/data/data/com.kingroot.master/applib/kd]
D/S4URC   ( 2645): [SDK] [java.lang.Runtime] [exec] [Command][String] [ku.sud]
D/S4URC   ( 2645): [SDK] [java.lang.Runtime] [exec] [Command][String] [su]
D/S4URC   ( 2645): [SDK] [java.io.File] [Constructor] [FilePath][String] [/sbin/su]
D/S4URC   ( 2645): [SDK] [java.io.File] [exists] [FilePath][String] [/sbin/su]
D/S4URC   ( 2645): [SDK] [java.io.File] [Constructor] [FilePath][String] [/vendor/bin/su]
D/S4URC   ( 2645): [SDK] [java.io.File] [exists] [FilePath][String] [/vendor/bin/su]
D/S4URC   ( 2645): [SDK] [java.io.File] [Constructor] [FilePath][String] [/system/sbin/su]
D/S4URC   ( 2645): [SDK] [java.io.File] [exists] [FilePath][String] [/system/sbin/su]
D/S4URC   ( 2645): [SDK] [java.io.File] [Constructor] [FilePath][String] [/system/bin/su]
D/S4URC   ( 2645): [SDK] [java.io.File] [exists] [FilePath][String] [/system/bin/su]
D/S4URC   ( 2645): [SDK] [java.io.File] [Constructor] [FilePath][String] [/system/bin/su]
D/S4URC   ( 2645): [SDK] [java.io.File] [exists] [FilePath][String] [/system/bin/su]
D/S4URC   ( 2645): [SDK] [java.lang.Runtime] [exec] [Command][String] [/system/bin/su]
D/S4URC   ( 2645): [SDK] [java.io.File] [Constructor] [FilePath][String] [/system/xbin/su]
D/S4URC   ( 2645): [SDK] [java.io.File] [exists] [FilePath][String] [/system/xbin/su]
D/S4URC   ( 2645): [SDK] [java.io.File] [Constructor] [FilePath][String] [/system/xbin/su]
D/S4URC   ( 2645): [SDK] [java.io.File] [exists] [FilePath][String] [/system/xbin/su]
D/S4URC   ( 2645): [SDK] [java.lang.Runtime] [exec] [Command][String] [/system/xbin/su]
D/S4URC   ( 2645): [SDK] [java.io.File] [Constructor] [FilePath][String] [/system/usr/iku/isu]
D/S4URC   ( 2645): [SDK] [java.io.File] [exists] [FilePath][String] [/system/usr/iku/isu]
D/S4URC   ( 2645): [SDK] [java.io.File] [Constructor] [FilePath][String] [/system/bin/.usr/.ku]
D/S4URC   ( 2645): [SDK] [java.io.File] [exists] [FilePath][String] [/system/bin/.usr/.ku]
D/S4URC   ( 2645):  [Method][getInt] [Int][SettingMode] [Return][1]
D/S4URC   ( 2645): [SDK] [java.io.File] [exists] [FilePath][String] [/data/data/com.kingroot.kinguser/applib]
D/S4URC   ( 2645): [SDK] [java.io.File] [getPath] [FilePath][String] [/data/data/com.kingroot.kinguser/applib]
D/S4URC   ( 2645): [SDK] [java.io.File] [exists] [FilePath][String] [/data/data/com.kingroot.kinguser/applib/kd]
D/S4URC   ( 2645): [SDK] [java.io.File] [canExecute] [FilePath][String] [/data/data/com.kingroot.kinguser/applib/kd]
D/S4URC   ( 2645):  [Method][getInt] [Int][SettingMode] [Return][1]
D/S4URC   ( 2849): [SDK] [java.lang.Class] [forName] [FindClass][String] [java.net.HttpURLConnection]
D/S4URC   ( 2849): [SDK] [java.lang.Class] [forName] [FindClass][String] [com.android.okhttp.internal.http.HttpURLConnectionImpl]
D/S4URC   ( 2849): [SDK] [java.lang.Class] [forName] [FindClass][String] [java.net.Socket]
D/S4URC   ( 2849): [SDK] [java.lang.Class] [forName] [FindClass][String] [android.telephony.TelephonyManager]
D/S4URC   ( 2849): [SDK] [java.lang.Class] [forName] [FindClass][String] [android.os.Debug]
D/S4URC   ( 2849): [SDK] [java.lang.Class] [forName] [FindClass][String] [android.hardware.SensorManager]
D/S4URC   ( 2849): [SDK] [java.lang.Class] [forName] [FindClass][String] [android.content.res.ResourcesKey]
D/S4URC   ( 2849): [SDK] [java.lang.Class] [forName] [FindClass][String] [android.app.ResourcesManager]
D/S4URC   ( 2849): [SDK] [java.io.File] [Constructor] [FilePath][String] [/data/app/com.kingroot.kinguser-1/base.apk]
D/S4URC   ( 2849): [SDK] [java.io.File] [getPath] [FilePath][String] [/data/data/com.kingroot.kinguser]
D/S4URC   ( 2849): [SDK] [java.io.File] [exists] [FilePath][String] [/data/data/com.kingroot.kinguser/cache]
D/S4URC   ( 2849): [SDK] [java.io.File] [getPath] [FilePath][String] [/data/data/com.kingroot.kinguser/cache]
D/S4URC   ( 2849): [SDK] [android.app.ApplicationPackageManager] [getPackageInfo] [FindPackageName][String] [com.kingroot.kinguser]
D/S4URC   ( 2849): [SDK] [android.app.ActivityManager] [getRunningAppProcesses]
D/S4URC   ( 2849): [SDK] [java.io.File] [getPath] [FilePath][String] [/storage/sdcard0]
D/S4URC   ( 2849): [SDK] [android.os.Environment] [getExternalStorageDirectory] [DirectoryPath][String] [/storage/sdcard0]
D/S4URC   ( 2849): [SDK] [java.io.File] [getPath] [FilePath][String] [/data/data/com.kingroot.kinguser]
D/S4URC   ( 2849): [SDK] [java.io.File] [exists] [FilePath][String] [/data/data/com.kingroot.kinguser/files]
D/S4URC   ( 2849): [SDK] [java.io.File] [Constructor] [FilePath][String] [/storage/sdcard0/Kingroot/user/xda_config.dat]
D/S4URC   ( 2849): [SDK] [java.io.File] [Constructor] [FilePath][String] [/data/data/com.kingroot.kinguser/files/xda_config.dat]
D/S4URC   ( 2849): [SDK] [java.io.File] [exists] [FilePath][String] [/storage/sdcard0/Kingroot/user/xda_config.dat]
D/S4URC   ( 2849): [SDK] [java.io.File] [exists] [FilePath][String] [/data/data/com.kingroot.kinguser/files/xda_config.dat]
D/S4URC   ( 2849): [SDK] [android.content.Intent] [Constructor] [IntentInfo][String] [com.kingroot.master.action.NOTIFY_STATISTIC]
D/S4URC   ( 2849): [SDK] [android.content.ContextWrapper] [sendBroadcast] [Intent] Intent { act=com.kingroot.master.action.NOTIFY_STATISTIC pkg=com.kingroot.kinguser (has extras) } [ExtraInfo][key:value][extra_proc_id:2849][extra_proc_flag:3][extra_type:1]
D/S4URC   ( 2849): [SDK] [java.io.File] [Constructor] [FilePath][String] [/data/data/com.kingroot.kinguser]
D/S4URC   ( 2849): [SDK] [java.io.File] [canRead] [FilePath][String] [/data/data/com.kingroot.kinguser]
D/S4URC   ( 2849): [SDK] [java.io.File] [canWrite] [FilePath][String] [/data/data/com.kingroot.kinguser]
D/S4URC   ( 2849): [SDK] [java.io.File] [getPath] [FilePath][String] [/data/data/com.kingroot.kinguser]
D/S4URC   ( 2849): [SDK] [java.io.File] [exists] [FilePath][String] [/data/data/com.kingroot.kinguser/applib]
D/S4URC   ( 2849): [SDK] [java.io.File] [getPath] [FilePath][String] [/data/data/com.kingroot.kinguser/applib]
D/S4URC   ( 2849): [SDK] [java.io.File] [exists] [FilePath][String] [/data/data/com.kingroot.kinguser/applib/libpu.so]
D/S4URC   ( 2849): [SDK] [java.io.File] [Constructor] [FilePath][String] [/data/data/com.kingroot.kinguser/applib/libpu.so]
D/S4URC   ( 2849): [SDK] [java.io.File] [exists] [FilePath][String] [/data/data/com.kingroot.kinguser/applib/libpu.so]
D/S4URC   ( 2645): [SDK] [java.io.File] [getPath] [FilePath][String] [/data/data/com.kingroot.kinguser/databases]
D/S4URC   ( 2645): [SDK] [java.io.File] [isDirectory] [FilePath][String] [/data/data/com.kingroot.kinguser/databases]
D/S4URC   ( 2645): [SDK] [java.io.File] [getPath] [FilePath][String] [/data/data/com.kingroot.kinguser/databases/perform.db]
D/S4URC   ( 2849): [SDK] [java.io.File] [exists] [FilePath][String] [/data/data/com.kingroot.kinguser/files]
D/S4URC   ( 2849): [SDK] [java.io.File] [Constructor] [FilePath][String] [/data/data/com.kingroot.kinguser/files/kulibs.conf]
D/S4URC   ( 2849): [SDK] [java.io.File] [exists] [FilePath][String] [/data/data/com.kingroot.kinguser/files/kulibs.conf]
D/S4URC   ( 2645): [SDK] [java.io.File] [getPath] [FilePath][String] [/data/data/com.kingroot.kinguser/databases/perform.db]
D/S4URC   ( 2849): [SDK] [java.lang.Class] [forName] [FindClass][String] [com.android.org.conscrypt.OpenSSLMessageDigestJDK$MD5]
D/S4URC   ( 2849): [SDK] [java.io.File] [Constructor] [FilePath][String] [/data/data/com.kingroot.kinguser/files/kulibs.conf]
D/S4URC   ( 2849): [SDK] [java.io.File] [exists] [FilePath][String] [/data/data/com.kingroot.kinguser/files/kulibs.conf]
D/S4URC   ( 2849): [SDK] [java.io.File] [Constructor] [FilePath][String] [/data/data/com.kingroot.kinguser/files/kulibs.conf]
D/S4URC   ( 2849): [SDK] [java.io.File] [getPath] [FilePath][String] [/data/data/com.kingroot.kinguser/files/kulibs.conf]
D/S4URC   ( 2849): [SDK] [java.lang.Class] [forName] [FindClass][String] [com.android.org.bouncycastle.jcajce.provider.symmetric.AES$ECB]
D/S4URC   ( 2849): [SDK] [java.lang.Class] [forName] [FindClass][String] [com.android.org.conscrypt.OpenSSLRandom]
D/S4URC   ( 2849): [SDK] [javax.crypto.spec.SecretKeySpec][Constructor] [KEY][3EB4CCC395CDCC229E340094F1A971B2][type][AES][javax.crypto.Cipher][getInstance] [Cipher][AES] [javax.crypto.Cipher][doFinal] [Data][cfPqmzCf1Zl/W0+VPtURSaE5lDs632OUvk3LTh8KdsUkcVaaZVKn1Zw7Zvk5JuuJeU0OakBCa6w+B6fb6zmc5dMefn0OQKRDByExJLgJrMstVeZs9IKmzXG3kWcWIOTSJGCi/WFQY78s4gKBBHCyi2k6yZsnITFA6asRMR+8KxQtcpRwholHAnwFmZT8jm045x+OosK3D5kyp3mMqOweX+ymM900HK1zdxM2pqFpJKdqfzjUAhAVg6kVnxHn1OzRijHDfCvmYjgITirrwEAedQuDFrR08JsjvBxPiYlOoMWr+QoD0ijCjUeSJxwk6G/baTrJmychMUDpqxExH7wrFJ+7fq8r0WAq6H6OcF/UZKZcDnFnWVK3rUpMFMAZttOP5VkLstmvrxGz0Z4gJ+HgqOWosju1fDz7wp/Vxn2MTedFlX+fQoG4/1dsJkEU2A05Zwlm0gp2JMDyxLw/z5xSOJmTeSfNTVaTvvYZ9HQcEhFpOsmbJyExQOmrETEfvCsUSyxdZc3O/VZ2nm6mHmJrMl88r4JTAUZbfzC+yJtsi/1oo+s53jok8gAbh8kJBRORXq+3F9qY70JcFCMqOGL2nM/03F0iuifErem6V7SIgIlHfc0xAAISN1Iq/RdCRrXAKXoqV79J+XjjKzoGTnX4nx97uPmG+FEokRfC/4tGA7h9iGE5+v2Poj25yQsiNaVDcUOCL60u1c1uuAylXZe0BJ9AY9SAErC3jgiWMomvScIfe7j5hvhRKJEXwv+LRgO44CeuMegMBBib3mD7VjFRcvKH8FriztnSt1rNV1Cbybz/xi4Ez1zpXYS8dSe7Kawk] [Return][#.#Thu Jun 28 02:28:24 GMT-11:00 2018./data/data/com.kingroot.kinguser/applib/ktools=233|2474610761./data/data/com.kingroot.kinguser/applib/libNativeRQD.so=233|3962955270./data/data/com.kingroot.kinguser/applib/kd=233|382237293./data/data/com.kingroot.kinguser/applib/busybox=233|1483531274./data/data/com.kingroot.kinguser/applib/libhxy.so=233|3980540494./data/data/com.kingroot.kinguser/applib/otasurvival.sh=233|2254977324./data/data/com.kingroot.kinguser/applib/tools=233|1535623958./data/data/com.kingroot.kinguser/applib/libai.so=233|3445627144./data/data/com.kingroot.kinguser/applib/su=233|2061667841.]
D/S4URC   ( 2849): [SDK] [java.io.File] [Constructor] [FilePath][String] [/data/data/com.kingroot.kinguser/applib/libpu.so]
D/S4URC   ( 2849): [SDK] [java.io.File] [exists] [FilePath][String] [/data/data/com.kingroot.kinguser/applib/libpu.so]
D/S4URC   ( 2645): [SDK] [android.database.sqlite.SQLiteDatabase] [insert] [Table][String] [perform]
D/S4URC   ( 2849): [SDK] [java.io.File] [isDirectory] [FilePath][String] [/data/data/com.kingroot.kinguser/applib/libpu.so]
D/S4URC   ( 2849): [SDK] [java.io.File] [exists] [FilePath][String] [/data/data/com.kingroot.kinguser/applib/libpu.so]
D/S4URC   ( 2849): [SDK] [java.io.File] [delete] [FilePath][String] [/data/data/com.kingroot.kinguser/applib/libpu.so]
D/S4URC   ( 2849): [SDK] [java.io.File] [Constructor] [FilePath][String] [/data/data/com.kingroot.kinguser/applib/libpu.so]
D/S4URC   ( 2849): [SDK] [java.io.File] [getPath] [FilePath][String] [/data/data/com.kingroot.kinguser/applib/libpu.so]
D/S4URC   ( 2645): [SDK] [android.content.Intent] [Constructor] [IntentInfo][String] [com.kingroot.master.action.NOTIFY_STATISTIC]
D/S4URC   ( 2645): [SDK] [android.content.ContextWrapper] [sendBroadcast] [Intent] Intent { act=com.kingroot.master.action.NOTIFY_STATISTIC pkg=com.kingroot.kinguser (has extras) } [ExtraInfo][key:value][extra_proc_id:2645][extra_proc_flag:2][extra_type:17]
D/S4URC   ( 2849): [SDK] [android.content.ContextWrapper] [startService] [Intent] Intent { cmp=com.kingroot.kinguser/com.kingroot.common.framework.service.KSysService (has extras) } [ExtraInfo][key:value][extra_start_type:0]
D/S4URC   ( 2849): [SDK] [java.lang.Runtime] [exec] [Command][String] [sh]
D/S4URC   ( 2849): [SDK] [java.io.File] [Constructor] [FilePath][String] [/data/data/com.kingroot.kinguser/applib/libpu.so]
D/S4URC   ( 2849): [SDK] [java.io.File] [exists] [FilePath][String] [/data/data/com.kingroot.kinguser/applib/libpu.so]
D/S4URC   ( 2849): [SDK] [java.io.File] [isFile] [FilePath][String] [/data/data/com.kingroot.kinguser/applib/libpu.so]
D/S4URC   ( 2849): [SDK] [java.io.File] [getPath] [FilePath][String] [/data/data/com.kingroot.kinguser/applib/libpu.so]
D/S4URC   ( 2849): [SDK] [java.io.File] [exists] [FilePath][String] [/data/data/com.kingroot.kinguser/files]
D/S4URC   ( 2849): [SDK] [javax.crypto.spec.SecretKeySpec][Constructor] [KEY][3EB4CCC395CDCC229E340094F1A971B2][type][AES][javax.crypto.Cipher][getInstance] [Cipher][AES] [javax.crypto.Cipher][doFinal] [Data][#.#Thu Jun 28 02:28:28 GMT-11:00 2018./data/data/com.kingroot.kinguser/applib/ktools=233|2474610761./data/data/com.kingroot.kinguser/applib/libNativeRQD.so=233|3962955270./data/data/com.kingroot.kinguser/applib/kd=233|382237293./data/data/com.kingroot.kinguser/applib/busybox=233|1483531274./data/data/com.kingroot.kinguser/applib/libhxy.so=233|3980540494./data/data/com.kingroot.kinguser/applib/otasurvival.sh=233|2254977324./data/data/com.kingroot.kinguser/applib/libpu.so=233|2512569168./data/data/com.kingroot.kinguser/applib/tools=233|1535623958./data/data/com.kingroot.kinguser/applib/su=233|2061667841./data/data/com.kingroot.kinguser/applib/libai.so=233|3445627144.] [Return][cfPqmzCf1Zl/W0+VPtURSfP4+Qw9AhFjsjkrO+ClXSQkcVaaZVKn1Zw7Zvk5JuuJeU0OakBCa6w+B6fb6zmc5dMefn0OQKRDByExJLgJrMstVeZs9IKmzXG3kWcWIOTSJGCi/WFQY78s4gKBBHCyi2k6yZsnITFA6asRMR+8KxQtcpRwholHAnwFmZT8jm045x+OosK3D5kyp3mMqOweX+ymM900HK1zdxM2pqFpJKdqfzjUAhAVg6kVnxHn1OzRijHDfCvmYjgITirrwEAedQuDFrR08JsjvBxPiYlOoMWr+QoD0ijCjUeSJxwk6G/baTrJmychMUDpqxExH7wrFJ+7fq8r0WAq6H6OcF/UZKZcDnFnWVK3rUpMFMAZttOP5VkLstmvrxGz0Z4gJ+HgqOWosju1fDz7wp/Vxn2MTedFlX+fQoG4/1dsJkEU2A05Zwlm0gp2JMDyxLw/z5xSOJmTeSfNTVaTvvYZ9HQcEhFpOsmbJyExQOmrETEfvCsUSyxdZc3O/VZ2nm6mHmJrMl88r4JTAUZbfzC+yJtsi/1oo+s53jok8gAbh8kJBRORXq+3F9qY70JcFCMqOGL2nM/03F0iuifErem6V7SIgImtb5Dm1Zif3RkmBE8ld6UryEJXOg2MHhej6UbLH6oqnl6vtxfamO9CXBQjKjhi9pzP9NxdIronxK3pule0iICJR33NMQACEjdSKv0XQka1wCl6Kle/Sfl44ys6Bk51+J8fe7j5hvhRKJEXwv+LRgO44CeuMegMBBib3mD7VjFRcvKH8FriztnSt1rNV1CbybyoqeQ+BNgySlKjizrzksUs2TI71q0ReFsyCH/myYFdnYGKjoMqDGrYouB+eEKfO192mtaP/HYiIkQ+85Mm1bWW/8YuBM9c6V2EvHUnuymsJA==]
D/S4URC   ( 2849): [SDK] [java.io.File] [Constructor] [FilePath][String] [/data/data/com.kingroot.kinguser/files/kulibs.conf]
D/S4URC   ( 2849): [SDK] [java.io.File] [getPath] [FilePath][String] [/data/data/com.kingroot.kinguser/files/kulibs.conf]
D/S4URC   ( 2849): [SDK] [java.io.File] [getPath] [FilePath][String] [/data/data/com.kingroot.kinguser/applib]
D/S4URC   ( 2849): [SDK] [java.io.File] [exists] [FilePath][String] [/data/data/com.kingroot.kinguser/applib/libpu.so]
D/S4URC   ( 2849): [SDK] [android.app.ApplicationPackageManager] [getPackageInfo] [FindPackageName][String] [com.kingroot.kinguser]
D/S4URC   ( 2849): [SDK] [android.app.ActivityManager] [getRunningAppProcesses]
D/S4URC   ( 2849): [SDK] [java.io.File] [getPath] [FilePath][String] [/data/data/com.kingroot.kinguser]
D/S4URC   ( 2849): [SDK] [java.io.File] [getPath] [FilePath][String] [/data/data/com.kingroot.kinguser/databases]
D/S4URC   ( 2849): [SDK] [java.io.File] [isDirectory] [FilePath][String] [/data/data/com.kingroot.kinguser/databases]
D/S4URC   ( 2849): [SDK] [java.io.File] [getPath] [FilePath][String] [/data/data/com.kingroot.kinguser/databases/eup_db]
D/S4URC   ( 2849): [SDK] [java.io.File] [getPath] [FilePath][String] [/data]
D/S4URC   ( 2849): [SDK] [android.os.Environment] [getDataDirectory] [DataDirectoryPath][String] [/data]
D/S4URC   ( 2849): [SDK] [java.io.File] [getPath] [FilePath][String] [/data/data/com.kingroot.kinguser]
D/S4URC   ( 2849): [SDK] [java.io.File] [exists] [FilePath][String] [/data/data/com.kingroot.kinguser/app_tomb]
D/S4URC   ( 2849): [SDK] [java.io.File] [Constructor] [FilePath][String] [/data/data/com.kingroot.kinguser]
D/S4URC   ( 2849): [SDK] [java.io.File] [canRead] [FilePath][String] [/data/data/com.kingroot.kinguser]
D/S4URC   ( 2849): [SDK] [java.io.File] [canWrite] [FilePath][String] [/data/data/com.kingroot.kinguser]
D/S4URC   ( 2849): [SDK] [java.io.File] [getPath] [FilePath][String] [/data/data/com.kingroot.kinguser]
D/S4URC   ( 2849): [SDK] [java.io.File] [exists] [FilePath][String] [/data/data/com.kingroot.kinguser/applib]
D/S4URC   ( 2849): [SDK] [java.io.File] [Constructor] [FilePath][String] [/data/data/com.kingroot.kinguser/applib/libNativeRQD.so]
D/S4URC   ( 2849): [SDK] [java.io.File] [Constructor] [FilePath][String] [/data/data/com.kingroot.kinguser/applib/libxy.so]
D/S4URC   ( 2849): [SDK] [java.io.File] [getPath] [FilePath][String] [/data/data/com.kingroot.kinguser]
D/S4URC   ( 2849): [SDK] [java.io.File] [exists] [FilePath][String] [/data/data/com.kingroot.kinguser/app_uranus]
D/S4URC   ( 2849): [SDK] [java.io.File] [Constructor] [FilePath][String] [/data/data/com.kingroot.kinguser/applib/libNativeRQD.so]
D/S4URC   ( 2849): [SDK] [java.io.File] [exists] [FilePath][String] [/data/data/com.kingroot.kinguser/applib/libNativeRQD.so]
D/S4URC   ( 2849): [SDK] [java.io.File] [exists] [FilePath][String] [/data/data/com.kingroot.kinguser/app_uranus]
D/S4URC   ( 2849): [SDK] [java.io.File] [exists] [FilePath][String] [/data/data/com.kingroot.kinguser/applib/libNativeRQD.so]
D/S4URC   ( 2849): [SDK] [java.io.File] [isFile] [FilePath][String] [/data/data/com.kingroot.kinguser/applib/libNativeRQD.so]
D/S4URC   ( 2849): [SDK] [java.io.File] [getPath] [FilePath][String] [/data/data/com.kingroot.kinguser/applib/libNativeRQD.so]
D/S4URC   ( 2849): [SDK] [java.lang.Runtime] [loadLibrary] [SoPath][String] [NativeRQD]
D/S4URC   ( 2849): [SDK] [java.io.File] [getPath] [FilePath][String] [/vendor/lib]
D/S4URC   ( 2849): [SDK] [java.io.File] [getPath] [FilePath][String] [/vendor/lib/libNativeRQD.so]
D/S4URC   ( 2849): [SDK] [java.io.File] [getPath] [FilePath][String] [/system/lib]
D/S4URC   ( 2849): [SDK] [java.io.File] [getPath] [FilePath][String] [/system/lib/libNativeRQD.so]
D/S4URC   ( 2849): [SDK] [java.io.File] [getPath] [FilePath][String] [/data/data/com.kingroot.kinguser/databases/eup_db]
D/S4URC   ( 2849): [SDK] [android.app.ApplicationPackageManager] [getApplicationInfo] [FindApplicationName][String] [com.kingroot.kinguser]
D/S4URC   ( 2849): [SDK] [java.io.File] [Constructor] [FilePath][String] [/data/app/com.kingroot.kinguser-1/base.apk]
D/S4URC   ( 2849): [SDK] [java.io.File] [exists] [FilePath][String] [/data/app/com.kingroot.kinguser-1/base.apk]
D/S4URC   ( 2849): [SDK] [java.io.File] [canRead] [FilePath][String] [/data/app/com.kingroot.kinguser-1/base.apk]
D/S4URC   ( 2849): [SDK] [java.io.File] [getPath] [FilePath][String] [/data/data/com.kingroot.kinguser/databases]
D/S4URC   ( 2849): [SDK] [java.io.File] [isDirectory] [FilePath][String] [/data/data/com.kingroot.kinguser/databases]
D/S4URC   ( 2849): [SDK] [java.io.File] [getPath] [FilePath][String] [/data/data/com.kingroot.kinguser/databases/eup_db]
D/S4URC   ( 2849): [SDK] [android.database.sqlite.SQLiteDatabase] [query] [queryInfo][String] [SELECT][] [FROM][file]
D/S4URC   ( 2849): [SDK] [android.app.ApplicationPackageManager] [getApplicationInfo] [FindApplicationName][String] [com.kingroot.kinguser]
D/S4URC   ( 2849): [SDK] [java.io.File] [Constructor] [FilePath][String] [/data/app/com.kingroot.kinguser-1/base.apk]
D/S4URC   ( 2849): [SDK] [java.io.File] [exists] [FilePath][String] [/data/app/com.kingroot.kinguser-1/base.apk]
D/S4URC   ( 2849): [SDK] [java.io.File] [canRead] [FilePath][String] [/data/app/com.kingroot.kinguser-1/base.apk]
D/S4URC   ( 2849): [SDK] [java.io.File] [getPath] [FilePath][String] [/data/app/com.kingroot.kinguser-1/base.apk]
D/S4URC   ( 2849): [SDK] [java.lang.Class] [forName] [FindClass][String] [com.android.org.conscrypt.OpenSSLMessageDigestJDK$SHA1]
D/S4URC   ( 2849): [SDK] [android.content.ContextWrapper] [registerReceiver][IntentFilter][android.intent.action.SCREEN_ON,android.intent.action.SCREEN_OFF,android.intent.action.USER_PRESENT,android.net.conn.CONNECTIVITY_CHANGE,
D/S4URC   ( 2849): [SDK] [java.lang.Class] [forName] [FindClass][String] [android.content.pm.ApplicationInfo]
D/S4URC   ( 2849): [SDK] [java.io.File] [getPath] [FilePath][String] [/data/data/com.kingroot.kinguser/databases]
D/S4URC   ( 2849): [SDK] [java.io.File] [isDirectory] [FilePath][String] [/data/data/com.kingroot.kinguser/databases]
D/S4URC   ( 2849): [SDK] [java.io.File] [getPath] [FilePath][String] [/data/data/com.kingroot.kinguser/databases/eup_db]
D/S4URC   ( 2849): [SDK] [android.database.sqlite.SQLiteDatabase] [insert] [Table][String] [file]
D/S4URC   ( 2849): [SDK] [android.app.ApplicationPackageManager] [getApplicationInfo] [FindApplicationName][String] [com.kingroot.kinguser]
D/S4URC   ( 2849): [SDK] [java.io.File] [getPath] [FilePath][String] [/data/data/com.kingroot.kinguser/databases]
D/S4URC   ( 2849): [SDK] [java.io.File] [isDirectory] [FilePath][String] [/data/data/com.kingroot.kinguser/databases]
D/S4URC   ( 2849): [SDK] [java.io.File] [getPath] [FilePath][String] [/data/data/com.kingroot.kinguser/databases/eup_db]
D/S4URC   ( 2849): [SDK] [java.io.File] [getPath] [FilePath][String] [/data/data/com.kingroot.kinguser/databases]
D/S4URC   ( 2849): [SDK] [java.io.File] [isDirectory] [FilePath][String] [/data/data/com.kingroot.kinguser/databases]
D/S4URC   ( 2849): [SDK] [java.io.File] [getPath] [FilePath][String] [/data/data/com.kingroot.kinguser/databases/eup_db]
D/S4URC   ( 2849): [SDK] [java.io.File] [getPath] [FilePath][String] [/data/data/com.kingroot.kinguser/databases]
D/S4URC   ( 2849): [SDK] [java.io.File] [isDirectory] [FilePath][String] [/data/data/com.kingroot.kinguser/databases]
D/S4URC   ( 2849): [SDK] [java.io.File] [getPath] [FilePath][String] [/data/data/com.kingroot.kinguser/databases/eup_db]
D/S4URC   ( 2849): [SDK] [android.app.ActivityManager] [getRunningAppProcesses]
D/S4URC   ( 2849): [SDK] [java.io.File] [getPath] [FilePath][String] [/data/data/com.kingroot.kinguser/databases]
D/S4URC   ( 2849): [SDK] [java.io.File] [isDirectory] [FilePath][String] [/data/data/com.kingroot.kinguser/databases]
D/S4URC   ( 2849): [SDK] [java.io.File] [getPath] [FilePath][String] [/data/data/com.kingroot.kinguser/databases/eup_db]
D/S4URC   ( 2849): [SDK] [android.database.sqlite.SQLiteDatabase] [query] [queryInfo][String] [SELECT][_id,_length] [FROM][ao]
D/S4URC   ( 2849): [SDK] [java.io.File] [getPath] [FilePath][String] [/data/data/com.kingroot.kinguser/databases]
D/S4URC   ( 2849): [SDK] [java.io.File] [isDirectory] [FilePath][String] [/data/data/com.kingroot.kinguser/databases]
D/S4URC   ( 2849): [SDK] [java.io.File] [getPath] [FilePath][String] [/data/data/com.kingroot.kinguser/databases/eup_db]
D/S4URC   ( 2849): [SDK] [android.database.sqlite.SQLiteDatabase] [query] [queryInfo][String] [SELECT][_id,_length] [FROM][ao]
D/S4URC   ( 2849): [SDK] [java.io.File] [getPath] [FilePath][String] [/data/data/com.kingroot.kinguser/databases]
D/S4URC   ( 2849): [SDK] [java.io.File] [isDirectory] [FilePath][String] [/data/data/com.kingroot.kinguser/databases]
D/S4URC   ( 2849): [SDK] [java.io.File] [getPath] [FilePath][String] [/data/data/com.kingroot.kinguser/databases/eup_db]
D/S4URC   ( 2849): [SDK] [android.database.sqlite.SQLiteDatabase] [query] [queryInfo][String] [SELECT][_id,_length] [FROM][ao]
D/S4URC   ( 2849): [SDK] [java.io.File] [getPath] [FilePath][String] [/data/data/com.kingroot.kinguser/databases]
D/S4URC   ( 2849): [SDK] [java.io.File] [isDirectory] [FilePath][String] [/data/data/com.kingroot.kinguser/databases]
D/S4URC   ( 2849): [SDK] [java.io.File] [getPath] [FilePath][String] [/data/data/com.kingroot.kinguser/databases/eup_db]
D/S4URC   ( 2645): [SDK] [android.content.Intent] [Constructor] [IntentInfo][String] [com.tencent.qqpimsecure.TMS_LITE_SERVICE]
D/S4URC   ( 2849): [SDK] [java.io.File] [getPath] [FilePath][String] [/data/data/com.kingroot.kinguser/databases/eup_db]
D/S4URC   ( 2619): [SDK] [android.app.ApplicationPackageManager] [getPackageInfo] [FindPackageName][String] [com.kingroot.kinguser]
D/S4URC   ( 2645): [SDK] [java.lang.Class] [forName] [FindClass][String] [com.kingroot.kinguser.asm]
D/S4URC   ( 2645): [SDK] [android.content.ContextWrapper] [startService] [Intent] Intent { cmp=com.kingroot.kinguser/com.kingroot.common.framework.service.KSysService (has extras) } [ExtraInfo][key:value][extra_start_type:0]
D/S4URC   ( 2645): [SDK] [android.app.ApplicationPackageManager] [getPackageInfo] [FindPackageName][String] [com.kingroot.kinguser]
D/S4URC   ( 2645): [SDK] [java.io.File] [getPath] [FilePath][String] [/data/data/com.kingroot.kinguser/shared_prefs/actionStats.xml]
D/S4URC   ( 2645): [SDK] [android.content.ContextWrapper][getSharedPreferences] [File][actionStats.xml] [MODE][MODE_PRIVATE]
D/S4URC   ( 2645): [SDK] [android.content.ContextWrapper][getSharedPreferences] [File][actionStats.xml] [MODE][MODE_PRIVATE] [Method][getString] [String][100029] [Return][1530192503567&1;1530192503576&1;1530192503831&1;1530192503843&1;1530192503847&1;1530192503923&1;1530192503931&1;1530192503992&1;1530192504332&1;1530192504368&1;1530192504415&1;1530192504449&1;]
D/S4URC   ( 2645): [SDK] [java.io.File] [getPath] [FilePath][String] [/data/data/com.kingroot.kinguser/shared_prefs/actionStats.xml]
D/S4URC   ( 2645): [SDK] [android.content.ContextWrapper][getSharedPreferences] [File][actionStats.xml] [MODE][MODE_PRIVATE]
D/S4URC   ( 2645): [SDK] [android.content.ContextWrapper][getSharedPreferences] [File][actionStats.xml] [MODE][MODE_PRIVATE] [Method][putString] [Key][100029] [Value][1530192503567&1;1530192503576&1;1530192503831&1;1530192503843&1;1530192503847&1;1530192503923&1;1530192503931&1;1530192503992&1;1530192504332&1;1530192504368&1;1530192504415&1;1530192504449&1;1530192509523&1;]
D/S4URC   ( 2645): [SDK] [java.io.File] [exists] [FilePath][String] [/data/data/com.kingroot.kinguser/shared_prefs/actionStats.xml]
D/S4URC   ( 2645): [SDK] [java.io.File] [exists] [FilePath][String] [/data/data/com.kingroot.kinguser/shared_prefs/actionStats.xml.bak]
D/S4URC   ( 2645): [SDK] [java.io.File] [renameTo] [FilePath][String] [/data/data/com.kingroot.kinguser/shared_prefs/actionStats.xml] [DesFile][/data/data/com.kingroot.kinguser/shared_prefs/actionStats.xml.bak]
D/S4URC   ( 2645): [SDK] [java.io.File] [getPath] [FilePath][String] [/data/data/com.kingroot.kinguser/shared_prefs/actionStats.xml]
D/S4URC   ( 2645): [SDK] [android.content.ContextWrapper][getSharedPreferences] [File][actionStats.xml] [MODE][MODE_PRIVATE] [Method][getInt] [Int][KuCurrentBuildNo] [Return][0]
D/S4URC   ( 2645): [SDK] [java.io.File] [getPath] [FilePath][String] [/data/data/com.kingroot.kinguser/shared_prefs/actionStats.xml]
D/S4URC   ( 2645): [SDK] [java.io.File] [delete] [FilePath][String] [/data/data/com.kingroot.kinguser/shared_prefs/actionStats.xml.bak]
D/S4URC   ( 2645): [SDK] [android.content.ContextWrapper][getSharedPreferences] [File][actionStats.xml] [MODE][MODE_PRIVATE] [Method][putBoolean] [Key][IsUpdateV3GuidAndProfile] [Value][true]
D/S4URC   ( 2645): [SDK] [android.content.ContextWrapper][getSharedPreferences] [File][actionStats.xml] [MODE][MODE_PRIVATE] [Method][commit]
D/S4URC   ( 2645): [SDK] [android.content.ContextWrapper][getSharedPreferences] [File][actionStats.xml] [MODE][MODE_PRIVATE] [Method][putInt] [Key][KuCurrentBuildNo] [Value][233]
D/S4URC   ( 2645): [SDK] [java.io.File] [exists] [FilePath][String] [/data/data/com.kingroot.kinguser/shared_prefs/RootManagerSetting.xml]
D/S4URC   ( 2645): [SDK] [java.io.File] [exists] [FilePath][String] [/data/data/com.kingroot.kinguser/shared_prefs/RootManagerSetting.xml.bak]
D/S4URC   ( 2645): [SDK] [android.content.ContextWrapper][getSharedPreferences] [File][actionStats.xml] [MODE][MODE_PRIVATE] [Method][putInt] [Key][KuSilentUpdateCount] [Value][0]
D/S4URC   ( 2645): [SDK] [java.io.File] [renameTo] [FilePath][String] [/data/data/com.kingroot.kinguser/shared_prefs/RootManagerSetting.xml] [DesFile][/data/data/com.kingroot.kinguser/shared_prefs/RootManagerSetting.xml.bak]
D/S4URC   ( 2645): [SDK] [java.io.File] [getPath] [FilePath][String] [/data/data/com.kingroot.kinguser/shared_prefs/RootManagerSetting.xml]
D/S4URC   ( 2645): [SDK] [java.io.File] [delete] [FilePath][String] [/data/data/com.kingroot.kinguser/shared_prefs/RootManagerSetting.xml.bak]
D/S4URC   ( 2645): [SDK] [java.io.File] [exists] [FilePath][String] [/data/data/com.kingroot.kinguser/shared_prefs/RootManagerSetting.xml]
D/S4URC   ( 2645): [SDK] [java.io.File] [exists] [FilePath][String] [/data/data/com.kingroot.kinguser/shared_prefs/RootManagerSetting.xml.bak]
D/S4URC   ( 2645): [SDK] [java.io.File] [getPath] [FilePath][String] [/data/data/com.kingroot.kinguser/shared_prefs/actionStats.xml]
D/S4URC   ( 2645): [SDK] [java.io.File] [renameTo] [FilePath][String] [/data/data/com.kingroot.kinguser/shared_prefs/RootManagerSetting.xml] [DesFile][/data/data/com.kingroot.kinguser/shared_prefs/RootManagerSetting.xml.bak]
D/S4URC   ( 2645):  [Method][getBoolean] [Boolean][isKuSilentUpdate] [Return][false]
D/S4URC   ( 2645): [SDK] [android.content.ContextWrapper][getSharedPreferences] [File][actionStats.xml] [MODE][MODE_PRIVATE]
D/S4URC   ( 2645): [SDK] [android.content.ContextWrapper][getSharedPreferences] [File][actionStats.xml] [MODE][MODE_PRIVATE] [Method][getString] [String][100029] [Return][1530192503567&1;1530192503576&1;1530192503831&1;1530192503843&1;1530192503847&1;1530192503923&1;1530192503931&1;1530192503992&1;1530192504332&1;1530192504368&1;1530192504415&1;1530192504449&1;1530192509523&1;]
D/S4URC   ( 2645): [SDK] [java.io.File] [getPath] [FilePath][String] [/data/data/com.kingroot.kinguser/shared_prefs/RootManagerSetting.xml]
D/S4URC   ( 2645): [SDK] [java.io.File] [getPath] [FilePath][String] [/data/data/com.kingroot.kinguser/shared_prefs/actionStats.xml]
D/S4URC   ( 2645): [SDK] [android.content.ContextWrapper][getSharedPreferences] [File][actionStats.xml] [MODE][MODE_PRIVATE]
D/S4URC   ( 2645): [SDK] [android.content.ContextWrapper][getSharedPreferences] [File][actionStats.xml] [MODE][MODE_PRIVATE] [Method][putString] [Key][100029] [Value][1530192503567&1;1530192503576&1;1530192503831&1;1530192503843&1;1530192503847&1;1530192503923&1;1530192503931&1;1530192503992&1;1530192504332&1;1530192504368&1;1530192504415&1;1530192504449&1;1530192509523&1;1530192509539&1;]
D/S4URC   ( 2645): [SDK] [java.io.File] [exists] [FilePath][String] [/data/data/com.kingroot.kinguser/shared_prefs/actionStats.xml]
D/S4URC   ( 2645): [SDK] [java.io.File] [exists] [FilePath][String] [/data/data/com.kingroot.kinguser/shared_prefs/actionStats.xml.bak]
D/S4URC   ( 2645): [SDK] [java.io.File] [renameTo] [FilePath][String] [/data/data/com.kingroot.kinguser/shared_prefs/actionStats.xml] [DesFile][/data/data/com.kingroot.kinguser/shared_prefs/actionStats.xml.bak]
D/S4URC   ( 2645): [SDK] [java.io.File] [getPath] [FilePath][String] [/data/data/com.kingroot.kinguser/shared_prefs/actionStats.xml]
D/S4URC   ( 2645): [SDK] [java.io.File] [getPath] [FilePath][String] [/data/data/com.kingroot.kinguser/shared_prefs/RootManagerSetting.xml]
D/S4URC   ( 2645): [SDK] [java.io.File] [delete] [FilePath][String] [/data/data/com.kingroot.kinguser/shared_prefs/actionStats.xml.bak]
D/S4URC   ( 2645): [SDK] [java.io.File] [getPath] [FilePath][String] [/data/data/com.kingroot.kinguser/shared_prefs/RootManagerSetting.xml]
D/S4URC   ( 2645): [SDK] [android.content.ContextWrapper][getSharedPreferences] [File][actionStats.xml] [MODE][MODE_PRIVATE] [Method][commit]
D/S4URC   ( 2645): [SDK] [java.io.File] [delete] [FilePath][String] [/data/data/com.kingroot.kinguser/shared_prefs/RootManagerSetting.xml.bak]
D/S4URC   ( 2645): [SDK] [java.io.File] [exists] [FilePath][String] [/data/data/com.kingroot.kinguser/shared_prefs/RootManagerSetting.xml]
D/S4URC   ( 2645): [SDK] [java.io.File] [exists] [FilePath][String] [/data/data/com.kingroot.kinguser/shared_prefs/RootManagerSetting.xml.bak]
D/S4URC   ( 2645): [SDK] [java.io.File] [renameTo] [FilePath][String] [/data/data/com.kingroot.kinguser/shared_prefs/RootManagerSetting.xml] [DesFile][/data/data/com.kingroot.kinguser/shared_prefs/RootManagerSetting.xml.bak]
D/S4URC   ( 2645): [SDK] [java.io.File] [getPath] [FilePath][String] [/data/data/com.kingroot.kinguser/shared_prefs/RootManagerSetting.xml]
D/S4URC   ( 2645): [SDK] [java.io.File] [delete] [FilePath][String] [/data/data/com.kingroot.kinguser/shared_prefs/RootManagerSetting.xml.bak]
D/S4URC   ( 2619): [SDK] [android.app.ActivityManager] [getRunningAppProcesses]
D/S4URC   ( 2619): [NDK] [SYSCALL] [stat] [PATH][string] [/dev/urandom]
D/S4URC   ( 2619): [NDK] [SYSCALL] [open] [PATH][string] [/dev/urandom] [RETURN][int] [34]
D/S4URC   ( 2619): [SDK] [java.io.File] [Constructor] [FilePath][String] [/proc/meminfo]
D/S4URC   ( 2619): [SDK] [java.io.File] [getPath] [FilePath][String] [/proc/meminfo]
D/S4URC   ( 2619): [NDK] [SYSCALL] [open] [PATH][string] [/proc/meminfo] [RETURN][int] [34]
D/S4URC   ( 2619): [NDK] [SYSCALL] [lstat] [PATH][string] [/storage]
D/S4URC   ( 2619): [NDK] [SYSCALL] [lstat] [PATH][string] [/storage/sdcard0]
D/S4URC   ( 2619): [SDK] [java.io.File] [Constructor] [FilePath][String] [/storage/sdcard0]
D/S4URC   ( 2645): [SDK] [java.io.File] [exists] [FilePath][String] [/data/data/com.kingroot.kinguser/applib]
D/S4URC   ( 2645): [SDK] [java.io.File] [getPath] [FilePath][String] [/data/data/com.kingroot.kinguser/applib]
D/S4URC   ( 2645): [SDK] [java.io.File] [exists] [FilePath][String] [/data/data/com.kingroot.kinguser/applib/kd]
D/S4URC   ( 2645): [SDK] [java.io.File] [canExecute] [FilePath][String] [/data/data/com.kingroot.kinguser/applib/kd]
D/S4URC   ( 2645): [SDK] [java.io.File] [Constructor] [FilePath][String] [/data/data/com.kingroot.kinguser/applib/kd]
D/S4URC   ( 2645): [SDK] [java.io.File] [exists] [FilePath][String] [/data/data/com.kingroot.kinguser/applib/kd]
D/S4URC   ( 2645): [SDK] [java.lang.Runtime] [exec] [Command][String] [/data/data/com.kingroot.kinguser/applib/kd]
D/S4URC   ( 2619): [SDK] [java.io.File] [Constructor] [FilePath][String] [/storage/sdcard0]
D/S4URC   ( 2619): [SDK] [java.io.File] [Constructor] [FilePath][String] [/storage/sdcard1]
D/S4URC   ( 2619): [SDK] [java.io.File] [Constructor] [FilePath][String] [/storage/usb2host]
D/S4URC   ( 2619): [SDK] [java.io.File] [Constructor] [FilePath][String] [/storage/usb3device]
D/S4URC   ( 2619): [SDK] [java.io.File] [Constructor] [FilePath][String] [/storage/usb3host]
D/S4URC   ( 2619): [SDK] [android.os.Environment] [getExternalStorageState] [ExternalStorageState][String] [mounted]
D/S4URC   ( 2619): [SDK] [java.io.File] [getPath] [FilePath][String] [/storage/sdcard0]
D/S4URC   ( 2619): [SDK] [android.os.Environment] [getExternalStorageDirectory] [DirectoryPath][String] [/storage/sdcard0]
D/S4URC   ( 2619): [SDK] [java.io.File] [getPath] [FilePath][String] [/storage/sdcard0]
D/S4URC   ( 2619): [SDK] [java.io.File] [getPath] [FilePath][String] [/data]
D/S4URC   ( 2619): [SDK] [android.os.Environment] [getDataDirectory] [DataDirectoryPath][String] [/data]
D/S4URC   ( 2619): [SDK] [java.io.File] [getPath] [FilePath][String] [/data]
D/S4URC   ( 2619): [SDK] [java.io.File] [Constructor] [FilePath][String] [/proc/2619/maps]
D/S4URC   ( 2619): [SDK] [java.io.File] [getPath] [FilePath][String] [/proc/2619/maps]
D/S4URC   ( 2619): [SDK] [java.io.File] [Constructor] [FilePath][String] [/proc/2619/maps]
D/S4URC   ( 2619): [SDK] [java.io.File] [getPath] [FilePath][String] [/proc/2619/maps]
D/S4URC   ( 2645): [SDK] [android.content.Intent] [Constructor] [IntentInfo][String] [com.kingroot.master.action.NOTIFY_STATISTIC]
D/S4URC   ( 2645): [SDK] [android.content.ContextWrapper] [sendBroadcast] [Intent] Intent { act=com.kingroot.master.action.NOTIFY_STATISTIC pkg=com.kingroot.kinguser (has extras) } [ExtraInfo][key:value][extra_root_apply_result:false][extra_root_apply_interval:2035][extra_proc_id:2645][extra_root_apply_procedure:7][extra_proc_flag:2][extra_type:33]
D/S4URC   ( 2645): [SDK] [java.io.File] [exists] [FilePath][String] [/data/data/com.kingroot.kinguser/applib]
D/S4URC   ( 2645): [SDK] [java.io.File] [getPath] [FilePath][String] [/data/data/com.kingroot.kinguser/applib]
D/S4URC   ( 2645): [SDK] [java.io.File] [exists] [FilePath][String] [/data/data/com.kingroot.kinguser/applib/kd]
D/S4URC   ( 2645): [SDK] [java.io.File] [canExecute] [FilePath][String] [/data/data/com.kingroot.kinguser/applib/kd]
D/S4URC   ( 2645): [SDK] [java.io.File] [Constructor] [FilePath][String] [/data/data/com.kingroot.kinguser/applib/kd]
D/S4URC   ( 2645): [SDK] [java.io.File] [exists] [FilePath][String] [/data/data/com.kingroot.kinguser/applib/kd]
D/S4URC   ( 2645): [SDK] [java.lang.Runtime] [exec] [Command][String] [/data/data/com.kingroot.kinguser/applib/kd]
D/S4URC   ( 2619): [SDK] [java.io.File] [Constructor] [FilePath][String] [/proc/meminfo]
D/S4URC   ( 2619): [SDK] [java.io.File] [getPath] [FilePath][String] [/proc/meminfo]
D/S4URC   ( 2619): [NDK] [SYSCALL] [open] [PATH][string] [/proc/meminfo] [RETURN][int] [34]
D/S4URC   ( 2619): [SDK] [java.io.File] [getPath] [FilePath][String] [/data]
D/S4URC   ( 2619): [SDK] [android.os.Environment] [getDataDirectory] [DataDirectoryPath][String] [/data]
D/S4URC   ( 2619): [SDK] [java.io.File] [getPath] [FilePath][String] [/data]
D/S4URC   ( 2619): [NDK] [SYSCALL] [lstat] [PATH][string] [/storage]
D/S4URC   ( 2619): [NDK] [SYSCALL] [lstat] [PATH][string] [/storage/sdcard0]
D/S4URC   ( 2619): [SDK] [java.io.File] [Constructor] [FilePath][String] [/storage/sdcard0]
D/S4URC   ( 2645): [SDK] [java.io.File] [getPath] [FilePath][String] [/data/data/com.kingroot.kinguser/shared_prefs/common_setting.xml]
D/S4URC   ( 2645): [SDK] [android.content.ContextWrapper][getSharedPreferences] [File][common_setting.xml] [MODE][MODE_PRIVATE]
D/S4URC   ( 2645): [SDK] [android.content.ContextWrapper][getSharedPreferences] [File][common_setting.xml] [MODE][MODE_PRIVATE] [Method][putBoolean] [Key][S04] [Value][false]
D/S4URC   ( 2645): [SDK] [java.io.File] [exists] [FilePath][String] [/data/data/com.kingroot.kinguser/shared_prefs/common_setting.xml]
D/S4URC   ( 2645): [SDK] [android.content.ContextWrapper][getSharedPreferences] [File][common_setting.xml] [MODE][MODE_PRIVATE] [Method][commit]
D/S4URC   ( 2619): [SDK] [java.io.File] [Constructor] [FilePath][String] [/storage/sdcard0]
D/S4URC   ( 2619): [SDK] [java.io.File] [Constructor] [FilePath][String] [/storage/sdcard1]
D/S4URC   ( 2619): [SDK] [java.io.File] [Constructor] [FilePath][String] [/storage/usb2host]
D/S4URC   ( 2619): [SDK] [java.io.File] [Constructor] [FilePath][String] [/storage/usb3device]
D/S4URC   ( 2619): [SDK] [java.io.File] [Constructor] [FilePath][String] [/storage/usb3host]
D/S4URC   ( 2645): [SDK] [java.io.File] [getPath] [FilePath][String] [/data/data/com.kingroot.kinguser/shared_prefs/actionStats.xml]
D/S4URC   ( 2645): [SDK] [android.content.ContextWrapper][getSharedPreferences] [File][actionStats.xml] [MODE][MODE_PRIVATE]
D/S4URC   ( 2645): [SDK] [android.content.ContextWrapper][getSharedPreferences] [File][actionStats.xml] [MODE][MODE_PRIVATE] [Method][getString] [String][100029] [Return][1530192503567&1;1530192503576&1;1530192503831&1;1530192503843&1;1530192503847&1;1530192503923&1;1530192503931&1;1530192503992&1;1530192504332&1;1530192504368&1;1530192504415&1;1530192504449&1;1530192509523&1;1530192509539&1;]
D/S4URC   ( 2619): [SDK] [android.os.Environment] [getExternalStorageState] [ExternalStorageState][String] [mounted]
D/S4URC   ( 2619): [SDK] [java.io.File] [getPath] [FilePath][String] [/storage/sdcard0]
D/S4URC   ( 2619): [SDK] [android.os.Environment] [getExternalStorageDirectory] [DirectoryPath][String] [/storage/sdcard0]
D/S4URC   ( 2619): [SDK] [java.io.File] [getPath] [FilePath][String] [/storage/sdcard0]
D/S4URC   ( 2645): [SDK] [java.io.File] [getPath] [FilePath][String] [/data/data/com.kingroot.kinguser/shared_prefs/actionStats.xml]
D/S4URC   ( 2645): [SDK] [android.content.ContextWrapper][getSharedPreferences] [File][actionStats.xml] [MODE][MODE_PRIVATE]
D/S4URC   ( 2645): [SDK] [android.content.ContextWrapper][getSharedPreferences] [File][actionStats.xml] [MODE][MODE_PRIVATE] [Method][putString] [Key][100029] [Value][1530192503567&1;1530192503576&1;1530192503831&1;1530192503843&1;1530192503847&1;1530192503923&1;1530192503931&1;1530192503992&1;1530192504332&1;1530192504368&1;1530192504415&1;1530192504449&1;1530192509523&1;1530192509539&1;1530192510256&1;]
D/S4URC   ( 2645): [SDK] [java.io.File] [exists] [FilePath][String] [/data/data/com.kingroot.kinguser/shared_prefs/actionStats.xml]
D/S4URC   ( 2645): [SDK] [java.io.File] [exists] [FilePath][String] [/data/data/com.kingroot.kinguser/shared_prefs/actionStats.xml.bak]
D/S4URC   ( 2619): [SDK] [java.lang.Runtime] [exec] [Command][String] [/system/bin/sh-cgetprop ro.build.fingerprint]
D/S4URC   ( 2645): [SDK] [java.io.File] [renameTo] [FilePath][String] [/data/data/com.kingroot.kinguser/shared_prefs/actionStats.xml] [DesFile][/data/data/com.kingroot.kinguser/shared_prefs/actionStats.xml.bak]
D/S4URC   ( 2645): [SDK] [java.io.File] [getPath] [FilePath][String] [/data/data/com.kingroot.kinguser/shared_prefs/actionStats.xml]
D/S4URC   ( 2645): [SDK] [java.io.File] [delete] [FilePath][String] [/data/data/com.kingroot.kinguser/shared_prefs/actionStats.xml.bak]
D/S4URC   ( 2645): [SDK] [android.content.ContextWrapper][getSharedPreferences] [File][actionStats.xml] [MODE][MODE_PRIVATE] [Method][commit]
D/S4URC   ( 2954): [NDK] [SYSCALL] [getdents] [PATH][string] [.]
D/S4URC   ( 2645): [SDK] [java.io.File] [Constructor] [FilePath][String] [/data/data/com.kingroot.master/applib/kd]
D/S4URC   ( 2645): [SDK] [java.io.File] [exists] [FilePath][String] [/data/data/com.kingroot.master/applib/kd]
D/S4URC   ( 2645): [SDK] [java.lang.Runtime] [exec] [Command][String] [ku.sud]
D/S4URC   ( 2645): [SDK] [java.lang.Runtime] [exec] [Command][String] [su]
D/S4URC   ( 2619): [SDK] [java.io.File] [getPath] [FilePath][String] [/data/data/com.kingroot.kinguser/databases]
D/S4URC   ( 2619): [SDK] [java.io.File] [isDirectory] [FilePath][String] [/data/data/com.kingroot.kinguser/databases]
D/S4URC   ( 2619): [NDK] [SYSCALL] [stat] [PATH][string] [/data/data/com.kingroot.kinguser/databases]
D/S4URC   ( 2619): [SDK] [java.io.File] [getPath] [FilePath][String] [/data/data/com.kingroot.kinguser/databases/eup_db]
D/S4URC   ( 2619): [NDK] [SYSCALL] [stat] [PATH][string] [/data/data/com.kingroot.kinguser/databases/eup_db]
D/S4URC   ( 2619): [NDK] [SYSCALL] [open] [PATH][string] [/data/data/com.kingroot.kinguser/databases/eup_db] [RETURN][int] [34]
D/S4URC   ( 2619): [NDK] [SYSCALL] [stat] [PATH][string] [/data/data/com.kingroot.kinguser/databases/eup_db]
D/S4URC   ( 2619): [NDK] [SYSCALL] [access] [PATH][string] [/data/data/com.kingroot.kinguser/databases/eup_db-journal]
D/S4URC   ( 2619): [NDK] [SYSCALL] [stat] [PATH][string] [/data/data/com.kingroot.kinguser/databases/eup_db-journal]
D/S4URC   ( 2619): [NDK] [SYSCALL] [stat] [PATH][string] [/data/data/com.kingroot.kinguser/databases/eup_db]
D/S4URC   ( 2619): [NDK] [SYSCALL] [open] [PATH][string] [/data/data/com.kingroot.kinguser/databases/eup_db-journal] [RETURN][int] [40]
D/S4URC   ( 2619): [NDK] [SYSCALL] [access] [PATH][string] [/data/data/com.kingroot.kinguser/databases/eup_db-wal]
D/S4URC   ( 2619): [NDK] [SYSCALL] [access] [PATH][string] [/data/data/com.kingroot.kinguser/databases/eup_db-journal]
D/S4URC   ( 2619): [NDK] [SYSCALL] [stat] [PATH][string] [/data/data/com.kingroot.kinguser/databases/eup_db-journal]
D/S4URC   ( 2619): [NDK] [SYSCALL] [stat] [PATH][string] [/data/data/com.kingroot.kinguser/databases/eup_db]
D/S4URC   ( 2619): [NDK] [SYSCALL] [open] [PATH][string] [/data/data/com.kingroot.kinguser/databases/eup_db-journal] [RETURN][int] [40]
D/S4URC   ( 2619): [NDK] [SYSCALL] [access] [PATH][string] [/data/data/com.kingroot.kinguser/databases/eup_db-wal]
D/S4URC   ( 2619): [NDK] [SYSCALL] [access] [PATH][string] [/data/data/com.kingroot.kinguser/databases/eup_db-journal]
D/S4URC   ( 2619): [NDK] [SYSCALL] [stat] [PATH][string] [/data/data/com.kingroot.kinguser/databases/eup_db-journal]
D/S4URC   ( 2619): [NDK] [SYSCALL] [stat] [PATH][string] [/data/data/com.kingroot.kinguser/databases/eup_db]
D/S4URC   ( 2619): [NDK] [SYSCALL] [open] [PATH][string] [/data/data/com.kingroot.kinguser/databases/eup_db-journal] [RETURN][int] [40]
D/S4URC   ( 2619): [NDK] [SYSCALL] [access] [PATH][string] [/data/data/com.kingroot.kinguser/databases/eup_db-wal]
D/S4URC   ( 2619): [SDK] [java.io.File] [getPath] [FilePath][String] [/data/data/com.kingroot.kinguser/databases/eup_db]
D/S4URC   ( 2619): [NDK] [SYSCALL] [chmod] [PATH][string] [/data/data/com.kingroot.kinguser/databases/eup_db] [MODE][int] [0660]
D/S4URC   ( 2619): [NDK] [SYSCALL] [access] [PATH][string] [/data/data/com.kingroot.kinguser/databases/eup_db-journal]
D/S4URC   ( 2619): [NDK] [SYSCALL] [stat] [PATH][string] [/data/data/com.kingroot.kinguser/databases/eup_db-journal]
D/S4URC   ( 2619): [NDK] [SYSCALL] [stat] [PATH][string] [/data/data/com.kingroot.kinguser/databases/eup_db]
D/S4URC   ( 2619): [NDK] [SYSCALL] [open] [PATH][string] [/data/data/com.kingroot.kinguser/databases/eup_db-journal] [RETURN][int] [40]
D/S4URC   ( 2619): [NDK] [SYSCALL] [access] [PATH][string] [/data/data/com.kingroot.kinguser/databases/eup_db-wal]
D/S4URC   ( 2619): [NDK] [SYSCALL] [access] [PATH][string] [/data/data/com.kingroot.kinguser/databases/eup_db-journal]
D/S4URC   ( 2619): [NDK] [SYSCALL] [stat] [PATH][string] [/data/data/com.kingroot.kinguser/databases/eup_db-journal]
D/S4URC   ( 2619): [NDK] [SYSCALL] [stat] [PATH][string] [/data/data/com.kingroot.kinguser/databases/eup_db]
D/S4URC   ( 2619): [NDK] [SYSCALL] [open] [PATH][string] [/data/data/com.kingroot.kinguser/databases/eup_db-journal] [RETURN][int] [41]
D/S4URC   ( 2619): [NDK] [SYSCALL] [access] [PATH][string] [/data/data/com.kingroot.kinguser/databases/eup_db-wal]
