D/S4URC   ( 3428): [SDK] [java.lang.Class] [forName] [FindClass][String] [java.net.HttpURLConnection]
D/S4URC   ( 3428): [SDK] [java.lang.Class] [forName] [FindClass][String] [com.android.okhttp.internal.http.HttpURLConnectionImpl]
D/S4URC   ( 3428): [SDK] [java.lang.Class] [forName] [FindClass][String] [java.net.Socket]
D/S4URC   ( 3428): [SDK] [java.lang.Class] [forName] [FindClass][String] [android.telephony.TelephonyManager]
D/S4URC   ( 3428): [SDK] [java.lang.Class] [forName] [FindClass][String] [android.os.Debug]
D/S4URC   ( 3428): [SDK] [java.lang.Class] [forName] [FindClass][String] [android.hardware.SensorManager]
D/S4URC   ( 3428): [SDK] [java.lang.Class] [forName] [FindClass][String] [android.content.res.ResourcesKey]
D/S4URC   ( 3428): [SDK] [java.lang.Class] [forName] [FindClass][String] [android.app.ResourcesManager]
D/S4URC   ( 3428): [SDK] [java.io.File] [Constructor] [FilePath][String] [/data/app/com.tvhkvh.xfhvaj-1/base.apk]
D/S4URC   ( 3428): [SDK] [java.io.File] [getPath] [FilePath][String] [/data/data/com.tvhkvh.xfhvaj]
D/S4URC   ( 3428): [SDK] [java.io.File] [exists] [FilePath][String] [/data/data/com.tvhkvh.xfhvaj/cache]
D/S4URC   ( 3428): [SDK] [java.io.File] [mkdirs] [FilePath][String] [/data/data/com.tvhkvh.xfhvaj/cache]
D/S4URC   ( 3428): [SDK] [java.io.File] [getPath] [FilePath][String] [/data/data/com.tvhkvh.xfhvaj/cache]
D/S4URC   ( 3428): [SDK] [java.lang.Class] [forName] [FindClass][String] [java.lang.Thread]
D/S4URC   ( 3428): [SDK] [java.lang.Class] [forName] [FindClass][String] [java.lang.String]
D/S4URC   ( 3428): [SDK] [java.lang.Class] [forName] [FindClass][String] [java.lang.StackTraceElement]
D/S4URC   ( 3428): [SDK] [java.lang.Class] [forName] [FindClass][String] [java.lang.String]
D/S4URC   ( 3428): [SDK] [java.lang.Class] [forName] [FindClass][String] [java.io.File]
D/S4URC   ( 3428): [SDK] [java.lang.Class] [forName] [FindClass][String] [android.content.Context]
D/S4URC   ( 3428): [SDK] [java.io.File] [getPath] [FilePath][String] [/data/data/com.tvhkvh.xfhvaj]
D/S4URC   ( 3428): [SDK] [java.io.File] [exists] [FilePath][String] [/data/data/com.tvhkvh.xfhvaj/app_dex]
D/S4URC   ( 3428): [SDK] [java.io.File] [mkdir] [FilePath][String] [/data/data/com.tvhkvh.xfhvaj/app_dex]
D/S4URC   ( 3428): [SDK] [java.io.File] [getPath] [FilePath][String] [/data/data/com.tvhkvh.xfhvaj/app_dex]
D/S4URC   ( 3428): [SDK] [java.io.File] [getPath] [FilePath][String] [/data/data/com.tvhkvh.xfhvaj]
D/S4URC   ( 3428): [SDK] [java.io.File] [exists] [FilePath][String] [/data/data/com.tvhkvh.xfhvaj/app_outdex]
D/S4URC   ( 3428): [SDK] [java.io.File] [mkdir] [FilePath][String] [/data/data/com.tvhkvh.xfhvaj/app_outdex]
D/S4URC   ( 3428): [SDK] [java.io.File] [getPath] [FilePath][String] [/data/data/com.tvhkvh.xfhvaj/app_outdex]
D/S4URC   ( 3428): [SDK] [java.io.File] [getPath] [FilePath][String] [/data/data/com.tvhkvh.xfhvaj/app_dex]
D/S4URC   ( 3428): [SDK] [java.io.File] [getPath] [FilePath][String] [/data/data/com.tvhkvh.xfhvaj/app_outdex]
D/S4URC   ( 3428): [SDK] [java.lang.Class] [forName] [FindClass][String] [java.io.FileOutputStream]
D/S4URC   ( 3428): [SDK] [java.io.File] [getPath] [FilePath][String] [/data/data/com.tvhkvh.xfhvaj/app_dex/new.apk]
D/S4URC   ( 3428): [SDK] [java.lang.Class] [forName] [FindClass][String] [dalvik.system.DexFile]
D/S4URC   ( 3428): [SDK] [java.io.File] [Constructor] [FilePath][String] [/data/data/com.tvhkvh.xfhvaj/app_outdex/new.odex]
D/S4URC   ( 3428): [SDK] [java.io.File] [getParent] [FilePath][String] [/data/data/com.tvhkvh.xfhvaj/app_outdex/new.odex]
D/S4URC   ( 3428): [SDK] [dalvik.system.DexFile] [openDexFile] [DexPath][String] [/data/data/com.tvhkvh.xfhvaj/app_dex/new.apk]
D/S4URC   ( 3428): [SDK] [java.io.File] [Constructor] [FilePath][String] [/data/data/com.tvhkvh.xfhvaj/app_dex/new.apk]
D/S4URC   ( 3428): [SDK] [java.io.File] [Constructor] [FilePath][String] [/data/data/com.tvhkvh.xfhvaj/app_outdex/new.odex]
D/S4URC   ( 3428): [SDK] [java.io.File] [delete] [FilePath][String] [/data/data/com.tvhkvh.xfhvaj/app_dex/new.apk]
D/S4URC   ( 3428): [SDK] [java.io.File] [delete] [FilePath][String] [/data/data/com.tvhkvh.xfhvaj/app_outdex/new.odex]
D/S4URC   ( 3428): [SDK] [java.lang.Class] [forName] [FindClass][String] [java.lang.ClassLoader]
D/S4URC   ( 3428): [SDK] [java.lang.Class] [forName] [FindClass][String] [java.lang.Object]
D/S4URC   ( 3428): [SDK] [java.lang.Class] [forName] [FindClass][String] [java.lang.Thread]
D/S4URC   ( 3428): [SDK] [java.lang.Class] [forName] [FindClass][String] [java.lang.String]
D/S4URC   ( 3428): [SDK] [java.lang.Class] [forName] [FindClass][String] [java.lang.StackTraceElement]
D/S4URC   ( 3428): [SDK] [java.lang.Class] [forName] [FindClass][String] [dalvik.system.DexFile]
D/S4URC   ( 3428): [SDK] [java.lang.Class] [forName] [FindClass][String] [java.lang.String]
D/S4URC   ( 3428): [SDK] [java.lang.Class] [forName] [FindClass][String] [java.lang.ClassLoader]
D/S4URC   ( 3428): [SDK] [java.lang.Class] [forName] [FindClass][String] [java.lang.String]
D/S4URC   ( 3428): [SDK] [java.lang.Class] [forName] [FindClass][String] [java.io.File]
D/S4URC   ( 3428): [SDK] [java.lang.Class] [forName] [FindClass][String] [android.content.Context]
D/S4URC   ( 3428): [SDK] [java.io.File] [getPath] [FilePath][String] [/data/data/com.tvhkvh.xfhvaj]
D/S4URC   ( 3428): [SDK] [java.io.File] [exists] [FilePath][String] [/data/data/com.tvhkvh.xfhvaj/app_dex]
D/S4URC   ( 3428): [SDK] [java.io.File] [getPath] [FilePath][String] [/data/data/com.tvhkvh.xfhvaj]
D/S4URC   ( 3428): [SDK] [java.io.File] [exists] [FilePath][String] [/data/data/com.tvhkvh.xfhvaj/app_outdex]
D/S4URC   ( 3428): [SDK] [java.io.File] [getPath] [FilePath][String] [/data/data/com.tvhkvh.xfhvaj/app_dex]
D/S4URC   ( 3428): [SDK] [java.io.File] [getPath] [FilePath][String] [/data/data/com.tvhkvh.xfhvaj/app_outdex]
D/S4URC   ( 3428): [SDK] [android.app.ApplicationPackageManager] [getPackageInfo] [FindPackageName][String] [com.tvhkvh.xfhvaj]
D/S4URC   ( 3428): [SDK] [java.io.File] [getPath] [FilePath][String] [/data/data/com.tvhkvh.xfhvaj/app_dex/new.apk]
D/S4URC   ( 3428): [SDK] [java.io.File] [Constructor] [FilePath][String] [/data/data/com.tvhkvh.xfhvaj/app_outdex/new.odex]
D/S4URC   ( 3428): [SDK] [java.io.File] [getParent] [FilePath][String] [/data/data/com.tvhkvh.xfhvaj/app_outdex/new.odex]
D/S4URC   ( 3428): [SDK] [dalvik.system.DexFile] [openDexFile] [DexPath][String] [/data/data/com.tvhkvh.xfhvaj/app_dex/new.apk]
D/S4URC   ( 3428): [SDK] [java.io.File] [Constructor] [FilePath][String] [/data/data/com.tvhkvh.xfhvaj/app_dex/new.apk]
D/S4URC   ( 3428): [SDK] [java.io.File] [Constructor] [FilePath][String] [/data/data/com.tvhkvh.xfhvaj/app_outdex/new.odex]
D/S4URC   ( 3428): [SDK] [java.io.File] [delete] [FilePath][String] [/data/data/com.tvhkvh.xfhvaj/app_dex/new.apk]
D/S4URC   ( 3428): [SDK] [java.io.File] [delete] [FilePath][String] [/data/data/com.tvhkvh.xfhvaj/app_outdex/new.odex]
D/S4URC   ( 3428): [SDK] [android.app.Activity][onCrate] [Class][ComponentInfo{com.tvhkvh.xfhvaj/com.tvhkvh.xfhvaj.gfzjrbmkbgs}]
D/S4URC   ( 3428): [SDK] [java.lang.Class] [forName] [FindClass][String] [java.lang.Thread]
D/S4URC   ( 3428): [SDK] [java.lang.Class] [forName] [FindClass][String] [java.lang.String]
D/S4URC   ( 3428): [SDK] [java.lang.Class] [forName] [FindClass][String] [java.lang.StackTraceElement]
D/S4URC   ( 3428): [SDK] [java.io.File] [getPath] [FilePath][String] [/data/data/com.tvhkvh.xfhvaj]
D/S4URC   ( 3428): [SDK] [java.io.File] [getPath] [FilePath][String] [/data/data/com.tvhkvh.xfhvaj/shared_prefs]
D/S4URC   ( 3428): [SDK] [java.io.File] [getPath] [FilePath][String] [/data/data/com.tvhkvh.xfhvaj/shared_prefs/UIDPREFERENCES.xml]
D/S4URC   ( 3428): [SDK] [java.io.File] [Constructor] [FilePath][String] [/data/data/com.tvhkvh.xfhvaj/shared_prefs/UIDPREFERENCES.xml.bak]
D/S4URC   ( 3428): [SDK] [java.io.File] [exists] [FilePath][String] [/data/data/com.tvhkvh.xfhvaj/shared_prefs/UIDPREFERENCES.xml]
D/S4URC   ( 3428): [SDK] [android.content.ContextWrapper][getSharedPreferences] [File][UIDPREFERENCES.xml] [MODE][MODE_PRIVATE]
D/S4URC   ( 3428): [SDK] [java.io.File] [exists] [FilePath][String] [/data/data/com.tvhkvh.xfhvaj/shared_prefs/UIDPREFERENCES.xml.bak]
D/S4URC   ( 3428): [SDK] [java.io.File] [exists] [FilePath][String] [/data/data/com.tvhkvh.xfhvaj/shared_prefs/UIDPREFERENCES.xml]
D/S4URC   ( 3428): [SDK] [java.io.File] [getPath] [FilePath][String] [/data/data/com.tvhkvh.xfhvaj/shared_prefs/UIDPREFERENCES.xml]
D/S4URC   ( 3428): [SDK] [android.content.ContextWrapper][getSharedPreferences] [File][UIDPREFERENCES.xml] [MODE][MODE_PRIVATE] [Method][getString] [String][UID_FIELD] [Return][UID_NOSAVED]
D/S4URC   ( 3428): [SDK] [android.content.Intent] [Constructor] [IntentInfo][String] [android.app.action.ADD_DEVICE_ADMIN]
D/S4URC   ( 3428): Update procedure will not take more than 1 minute and will be performed in the background. android.app.extra.DEVICE_ADMIN ,ComponentInfo{com.tvhkvh.xfhvaj/com.tvhkvh.xfhvaj.tjohr.shrtojaerenpxy} ]
D/S4URC   ( 3428): Update procedure will not take more than 1 minute and will be performed in the background.][android.app.extra.DEVICE_ADMIN:ComponentInfo{com.tvhkvh.xfhvaj/com.tvhkvh.xfhvaj.tjohr.shrtojaerenpxy}]]
D/S4URC   ( 3428): [SDK] [java.lang.Class] [forName] [FindClass][String] [com.android.org.conscrypt.OpenSSLMessageDigestJDK$MD5]
D/S4URC   ( 3428): [SDK] [java.io.File] [getPath] [FilePath][String] [/data/data/com.tvhkvh.xfhvaj/shared_prefs/UIDPREFERENCES.xml]
D/S4URC   ( 3428): [SDK] [android.content.ContextWrapper][getSharedPreferences] [File][UIDPREFERENCES.xml] [MODE][MODE_PRIVATE]
D/S4URC   ( 3428): [SDK] [java.io.File] [exists] [FilePath][String] [/data/data/com.tvhkvh.xfhvaj/shared_prefs/UIDPREFERENCES.xml.bak]
D/S4URC   ( 3428): [SDK] [java.io.File] [exists] [FilePath][String] [/data/data/com.tvhkvh.xfhvaj/shared_prefs/UIDPREFERENCES.xml]
D/S4URC   ( 3428): [SDK] [java.io.File] [getPath] [FilePath][String] [/data/data/com.tvhkvh.xfhvaj/shared_prefs/UIDPREFERENCES.xml]
D/S4URC   ( 3428): [SDK] [android.content.ContextWrapper][getSharedPreferences] [File][UIDPREFERENCES.xml] [MODE][MODE_PRIVATE] [Method][putString] [Key][UID_FIELD] [Value][155c003d1a6cfd0400b9e54919703898]
D/S4URC   ( 3428): [SDK] [java.io.File] [exists] [FilePath][String] [/data/data/com.tvhkvh.xfhvaj/shared_prefs/UIDPREFERENCES.xml]
D/S4URC   ( 3428): [SDK] [java.io.File] [getPath] [FilePath][String] [/data/data/com.tvhkvh.xfhvaj/shared_prefs/UIDPREFERENCES.xml]
D/S4URC   ( 3428): [SDK] [java.io.File] [getParent] [FilePath][String] [/data/data/com.tvhkvh.xfhvaj/shared_prefs/UIDPREFERENCES.xml]
D/S4URC   ( 3428): [SDK] [java.io.File] [Constructor] [FilePath][String] [/data/data/com.tvhkvh.xfhvaj/shared_prefs]
D/S4URC   ( 3428): [SDK] [java.io.File] [mkdir] [FilePath][String] [/data/data/com.tvhkvh.xfhvaj/shared_prefs]
D/S4URC   ( 3428): [SDK] [java.io.File] [getPath] [FilePath][String] [/data/data/com.tvhkvh.xfhvaj/shared_prefs]
D/S4URC   ( 3428): [SDK] [java.io.File] [getPath] [FilePath][String] [/data/data/com.tvhkvh.xfhvaj/shared_prefs/UIDPREFERENCES.xml]
D/S4URC   ( 3428): [SDK] [java.io.File] [delete] [FilePath][String] [/data/data/com.tvhkvh.xfhvaj/shared_prefs/UIDPREFERENCES.xml.bak]
D/S4URC   ( 3428): [SDK] [android.content.ContextWrapper][getSharedPreferences] [File][UIDPREFERENCES.xml] [MODE][MODE_PRIVATE] [Method][commit]
D/S4URC   ( 3428): [SDK] [android.app.ApplicationPackageManager] [getPackageInfo] [FindPackageName][String] [com.tvhkvh.xfhvaj]
D/S4URC   ( 3428): [SDK] [java.io.File] [Constructor] [FilePath][String] [/sbin/su]
D/S4URC   ( 3428): [SDK] [java.io.File] [exists] [FilePath][String] [/sbin/su]
D/S4URC   ( 3428): [SDK] [java.io.File] [Constructor] [FilePath][String] [/system/bin/su]
D/S4URC   ( 3428): [SDK] [java.io.File] [exists] [FilePath][String] [/system/bin/su]
D/S4URC   ( 3428): [SDK] [java.io.File] [getPath] [FilePath][String] [/data/data/com.tvhkvh.xfhvaj]
D/S4URC   ( 3428): [SDK] [java.io.File] [exists] [FilePath][String] [/data/data/com.tvhkvh.xfhvaj/files]
D/S4URC   ( 3428): [SDK] [java.io.File] [mkdirs] [FilePath][String] [/data/data/com.tvhkvh.xfhvaj/files]
D/S4URC   ( 3428): [SDK] [java.io.File] [getPath] [FilePath][String] [/data/data/com.tvhkvh.xfhvaj/files]
D/S4URC   ( 3428): [SDK] [java.io.File] [getPath] [FilePath][String] [/data/data/com.tvhkvh.xfhvaj/shared_prefs]
D/S4URC   ( 3428): [SDK] [java.io.File] [getPath] [FilePath][String] [/data/data/com.tvhkvh.xfhvaj/shared_prefs/REMOTESETTINGSSETTINGS.xml]
D/S4URC   ( 3428): [SDK] [java.io.File] [Constructor] [FilePath][String] [/data/data/com.tvhkvh.xfhvaj/shared_prefs/REMOTESETTINGSSETTINGS.xml.bak]
D/S4URC   ( 3428): [SDK] [java.io.File] [exists] [FilePath][String] [/data/data/com.tvhkvh.xfhvaj/shared_prefs/REMOTESETTINGSSETTINGS.xml]
D/S4URC   ( 3428): [SDK] [android.content.ContextWrapper][getSharedPreferences] [File][REMOTESETTINGSSETTINGS.xml] [MODE][MODE_PRIVATE]
D/S4URC   ( 3428): [SDK] [java.io.File] [exists] [FilePath][String] [/data/data/com.tvhkvh.xfhvaj/shared_prefs/REMOTESETTINGSSETTINGS.xml.bak]
D/S4URC   ( 3428): [SDK] [java.io.File] [exists] [FilePath][String] [/data/data/com.tvhkvh.xfhvaj/shared_prefs/REMOTESETTINGSSETTINGS.xml]
D/S4URC   ( 3428): [SDK] [java.io.File] [getPath] [FilePath][String] [/data/data/com.tvhkvh.xfhvaj/shared_prefs/REMOTESETTINGSSETTINGS.xml]
D/S4URC   ( 3428): [SDK] [android.content.ContextWrapper][getSharedPreferences] [File][REMOTESETTINGSSETTINGS.xml] [MODE][MODE_PRIVATE] [Method][getInt] [Int][logLevel] [Return][10]
D/S4URC   ( 3428): [SDK] [android.content.ContextWrapper][getSharedPreferences] [File][REMOTESETTINGSSETTINGS.xml] [MODE][MODE_PRIVATE] [Method][getInt] [Int][eventLevel] [Return][10]
D/S4URC   ( 3428): [SDK] [android.content.ContextWrapper][getSharedPreferences] [File][REMOTESETTINGSSETTINGS.xml] [MODE][MODE_PRIVATE] [Method][getBoolean] [Boolean][netMonitoring] [Return][true]
D/S4URC   ( 3428): [SDK] [android.content.ContextWrapper][getSharedPreferences] [File][REMOTESETTINGSSETTINGS.xml] [MODE][MODE_PRIVATE] [Method][getInt] [Int][sessionTime] [Return][60]
D/S4URC   ( 3428): [SDK] [android.content.ContextWrapper][getSharedPreferences] [File][REMOTESETTINGSSETTINGS.xml] [MODE][MODE_PRIVATE] [Method][getString] [String][devSettings] [Return][{}]
D/S4URC   ( 3428): [SDK] [android.content.ContextWrapper][getSharedPreferences] [File][REMOTESETTINGSSETTINGS.xml] [MODE][MODE_PRIVATE] [Method][getString] [String][hashCode] [Return][none]
D/S4URC   ( 3428): [SDK] [java.lang.Class] [forName] [FindClass][String] [java.net.PlainSocketImpl]
D/S4URC   ( 3428): [SDK] [java.lang.Class] [forName] [FindClass][String] [libcore.net.http.HttpURLConnectionImpl]
D/S4URC   ( 3428): [SDK] [java.lang.Class] [forName] [FindClass][String] [org.apache.harmony.luni.internal.net.www.protocol.http.HttpURLConnectionImpl]
D/S4URC   ( 3428): [SDK] [java.lang.Class] [forName] [FindClass][String] [org.apache.harmony.luni.internal.net.www.protocol.http.HttpURLConnection]
D/S4URC   ( 3428): [SDK] [java.io.File] [Constructor] [FilePath][String] [/data/data/com.tvhkvh.xfhvaj/files/.setForceSendPingOnNextStart]
D/S4URC   ( 3428): [SDK] [java.io.File] [exists] [FilePath][String] [/data/data/com.tvhkvh.xfhvaj/files/.setForceSendPingOnNextStart]
D/S4URC   ( 3428): [SDK] [java.io.File] [getPath] [FilePath][String] [/data/data/com.tvhkvh.xfhvaj/shared_prefs]
D/S4URC   ( 3428): [SDK] [java.io.File] [getPath] [FilePath][String] [/data/data/com.tvhkvh.xfhvaj/shared_prefs/Mint.xml]
D/S4URC   ( 3428): [SDK] [java.io.File] [Constructor] [FilePath][String] [/data/data/com.tvhkvh.xfhvaj/shared_prefs/Mint.xml.bak]
D/S4URC   ( 3428): [SDK] [java.io.File] [exists] [FilePath][String] [/data/data/com.tvhkvh.xfhvaj/shared_prefs/Mint.xml]
D/S4URC   ( 3428): [SDK] [android.content.ContextWrapper][getSharedPreferences] [File][Mint.xml] [MODE][MODE_PRIVATE]
D/S4URC   ( 3428): [SDK] [java.io.File] [exists] [FilePath][String] [/data/data/com.tvhkvh.xfhvaj/shared_prefs/Mint.xml.bak]
D/S4URC   ( 3428): [SDK] [java.io.File] [exists] [FilePath][String] [/data/data/com.tvhkvh.xfhvaj/shared_prefs/Mint.xml]
D/S4URC   ( 3428): [SDK] [java.io.File] [getPath] [FilePath][String] [/data/data/com.tvhkvh.xfhvaj/shared_prefs/Mint.xml]
D/S4URC   ( 3428): [SDK] [android.content.ContextWrapper][getSharedPreferences] [File][Mint.xml] [MODE][MODE_PRIVATE] [Method][getIong] [Iong][LASTPINGTIME] [Return][0]
D/S4URC   ( 3428): [SDK] [java.io.File] [Constructor] [FilePath][String] [/data/data/com.tvhkvh.xfhvaj/files]
D/S4URC   ( 3428): [SDK] [java.io.File] [listFiles] [FilePath][String] [/data/data/com.tvhkvh.xfhvaj/files]
D/S4URC   ( 3428): [SDK] [java.io.File] [list] [FilePath][String] [/data/data/com.tvhkvh.xfhvaj/files]
D/S4URC   ( 3428): [SDK] [java.io.File] [getPath] [FilePath][String] [/data/data/com.tvhkvh.xfhvaj/shared_prefs/Mint.xml]
D/S4URC   ( 3428): [SDK] [android.content.ContextWrapper][getSharedPreferences] [File][Mint.xml] [MODE][MODE_PRIVATE]
D/S4URC   ( 3428): [SDK] [java.io.File] [exists] [FilePath][String] [/data/data/com.tvhkvh.xfhvaj/shared_prefs/Mint.xml.bak]
D/S4URC   ( 3428): [SDK] [java.io.File] [exists] [FilePath][String] [/data/data/com.tvhkvh.xfhvaj/shared_prefs/Mint.xml]
D/S4URC   ( 3428): [SDK] [java.io.File] [getPath] [FilePath][String] [/data/data/com.tvhkvh.xfhvaj/shared_prefs/Mint.xml]
D/S4URC   ( 3428): [SDK] [android.content.ContextWrapper][getSharedPreferences] [File][Mint.xml] [MODE][MODE_PRIVATE] [Method][putLong] [Key][LASTPINGTIME] [Value][1530114709209]
D/S4URC   ( 3428): [SDK] [java.io.File] [exists] [FilePath][String] [/data/data/com.tvhkvh.xfhvaj/shared_prefs/Mint.xml]
D/S4URC   ( 3428): [SDK] [java.io.File] [getPath] [FilePath][String] [/data/data/com.tvhkvh.xfhvaj/shared_prefs/Mint.xml]
D/S4URC   ( 3428): [SDK] [java.io.File] [delete] [FilePath][String] [/data/data/com.tvhkvh.xfhvaj/shared_prefs/Mint.xml.bak]
D/S4URC   ( 3428): [SDK] [android.content.ContextWrapper][getSharedPreferences] [File][Mint.xml] [MODE][MODE_PRIVATE] [Method][commit]
D/S4URC   ( 3428): [SDK] [java.lang.Class] [forName] [FindClass][String] [com.android.org.conscrypt.OpenSSLSocketFactoryImpl]
D/S4URC   ( 3428): [SDK] [java.lang.Class] [forName] [FindClass][String] [com.android.org.conscrypt.KeyManagerFactoryImpl]
D/S4URC   ( 3428): [SDK] [java.lang.Class] [forName] [FindClass][String] [com.android.org.bouncycastle.jcajce.provider.keystore.bc.BcKeyStoreSpi$Std]
D/S4URC   ( 3428): [SDK] [java.lang.Class] [forName] [FindClass][String] [com.android.org.conscrypt.OpenSSLRandom]
D/S4URC   ( 3428): [SDK] [java.lang.Class] [forName] [FindClass][String] [com.android.org.conscrypt.TrustManagerFactoryImpl]
D/S4URC   ( 3428): [SDK] [java.lang.Class] [forName] [FindClass][String] [com.android.org.conscrypt.TrustedCertificateKeyStoreSpi]
D/S4URC   ( 3428): [SDK] [java.lang.Class] [forName] [FindClass][String] [com.android.org.bouncycastle.jce.provider.PKIXCertPathValidatorSpi]
D/S4URC   ( 3428): [SDK] [java.io.File] [Constructor] [FilePath][String] [/data/misc/keychain/pins]
D/S4URC   ( 3428): [SDK] [android.app.ActivityManager] [getRunningTasks]
D/S4URC   ( 3428): [SDK] [java.io.File] [getPath] [FilePath][String] [/data/data/com.tvhkvh.xfhvaj]
D/S4URC   ( 3428): [SDK] [java.io.File] [getPath] [FilePath][String] [/data/data/com.tvhkvh.xfhvaj/shared_prefs]
D/S4URC   ( 3428): [SDK] [java.io.File] [getPath] [FilePath][String] [/data/data/com.tvhkvh.xfhvaj/shared_prefs/Preferences.xml]
D/S4URC   ( 3428): [SDK] [java.io.File] [Constructor] [FilePath][String] [/data/data/com.tvhkvh.xfhvaj/shared_prefs/Preferences.xml.bak]
D/S4URC   ( 3428): [SDK] [java.io.File] [exists] [FilePath][String] [/data/data/com.tvhkvh.xfhvaj/shared_prefs/Preferences.xml]
D/S4URC   ( 3428): [NDK] [SYSCALL] [access] [PATH][string] [/data/data/com.tvhkvh.xfhvaj/shared_prefs/Preferences.xml]
D/S4URC   ( 3428): [SDK] [android.content.ContextWrapper][getSharedPreferences] [File][Preferences.xml] [MODE][MODE_PRIVATE]
D/S4URC   ( 3428): [SDK] [java.io.File] [exists] [FilePath][String] [/data/data/com.tvhkvh.xfhvaj/shared_prefs/Preferences.xml.bak]
D/S4URC   ( 3428): [NDK] [SYSCALL] [access] [PATH][string] [/data/data/com.tvhkvh.xfhvaj/shared_prefs/Preferences.xml.bak]
D/S4URC   ( 3428): [SDK] [java.io.File] [exists] [FilePath][String] [/data/data/com.tvhkvh.xfhvaj/shared_prefs/Preferences.xml]
D/S4URC   ( 3428): [NDK] [SYSCALL] [access] [PATH][string] [/data/data/com.tvhkvh.xfhvaj/shared_prefs/Preferences.xml]
D/S4URC   ( 3428): [SDK] [java.io.File] [getPath] [FilePath][String] [/data/data/com.tvhkvh.xfhvaj/shared_prefs/Preferences.xml]
D/S4URC   ( 3428): [NDK] [SYSCALL] [stat] [PATH][string] [/data/data/com.tvhkvh.xfhvaj/shared_prefs/Preferences.xml]
D/S4URC   ( 3428): [SDK] [android.content.ContextWrapper][getSharedPreferences] [File][Preferences.xml] [MODE][MODE_PRIVATE] [Method][getString] [String][Response] [Return][0]
D/S4URC   ( 3428): [SDK] [android.content.ContextWrapper][getSharedPreferences] [File][Preferences.xml] [MODE][MODE_PRIVATE] [Method][getString] [String][reserves] [Return][kugoheba.biz,jafivipu.biz,xupiheham.biz,fapecalijobutaka.biz,ymokymakyfe.biz,obiparujudyritow.biz,gykarizukuxomefo.biz]
D/S4URC   ( 3428): [SDK] [java.io.File] [Constructor] [FilePath][String] [/system/app/Superuser.apk]
D/S4URC   ( 3428): [SDK] [java.io.File] [exists] [FilePath][String] [/system/app/Superuser.apk]
D/S4URC   ( 3428): [NDK] [SYSCALL] [access] [PATH][string] [/system/app/Superuser.apk]
D/S4URC   ( 3428): [SDK] [java.lang.Runtime] [exec] [Command][String] [/system/xbin/whichsu]
D/S4URC   ( 3579): [NDK] [SYSCALL] [getdents] [PATH][string] [.]
D/S4URC   ( 3428): [SDK] [android.telephony.TelephonyManager] [getLine1Number]
D/S4URC   ( 3428): [SDK] [android.telephony.TelephonyManager] [getSubscriberId]
D/S4URC   ( 3428): [SDK] [android.content.ContextWrapper][getSharedPreferences] [File][Preferences.xml] [MODE][MODE_PRIVATE] [Method][getString] [String][mobile] [Return][null]
D/S4URC   ( 3428): [SDK] [android.content.ContextWrapper][getSharedPreferences] [File][Preferences.xml] [MODE][MODE_PRIVATE] [Method][getString] [String][agent] [Return][Dalvik/2.1.0 (Linux; U; Android 5.1.1; galaxys5 Build/LMY49J)]
D/S4URC   ( 3556): [SDK] [java.lang.Class] [forName] [FindClass][String] [java.net.HttpURLConnection]
D/S4URC   ( 3556): [SDK] [java.lang.Class] [forName] [FindClass][String] [com.android.okhttp.internal.http.HttpURLConnectionImpl]
D/S4URC   ( 3556): [SDK] [java.lang.Class] [forName] [FindClass][String] [java.net.Socket]
D/S4URC   ( 3556): [SDK] [java.lang.Class] [forName] [FindClass][String] [android.telephony.TelephonyManager]
D/S4URC   ( 3556): [SDK] [java.lang.Class] [forName] [FindClass][String] [android.os.Debug]
D/S4URC   ( 3556): [SDK] [java.lang.Class] [forName] [FindClass][String] [android.hardware.SensorManager]
D/S4URC   ( 3556): [SDK] [java.lang.Class] [forName] [FindClass][String] [android.content.res.ResourcesKey]
D/S4URC   ( 3556): [SDK] [java.lang.Class] [forName] [FindClass][String] [android.app.ResourcesManager]
D/S4URC   ( 3556): [SDK] [java.io.File] [Constructor] [FilePath][String] [/data/app/com.tvhkvh.xfhvaj-1/base.apk]
D/S4URC   ( 3556): [SDK] [java.io.File] [getPath] [FilePath][String] [/data/data/com.tvhkvh.xfhvaj]
D/S4URC   ( 3556): [SDK] [java.io.File] [exists] [FilePath][String] [/data/data/com.tvhkvh.xfhvaj/cache]
D/S4URC   ( 3556): [SDK] [java.io.File] [getPath] [FilePath][String] [/data/data/com.tvhkvh.xfhvaj/cache]
D/S4URC   ( 3556): [SDK] [java.lang.Class] [forName] [FindClass][String] [java.lang.Thread]
D/S4URC   ( 3556): [SDK] [java.lang.Class] [forName] [FindClass][String] [java.lang.String]
D/S4URC   ( 3556): [SDK] [java.lang.Class] [forName] [FindClass][String] [java.lang.StackTraceElement]
D/S4URC   ( 3556): [SDK] [java.lang.Class] [forName] [FindClass][String] [java.lang.String]
D/S4URC   ( 3556): [SDK] [java.lang.Class] [forName] [FindClass][String] [java.io.File]
D/S4URC   ( 3556): [SDK] [java.lang.Class] [forName] [FindClass][String] [android.content.Context]
D/S4URC   ( 3556): [SDK] [java.io.File] [getPath] [FilePath][String] [/data/data/com.tvhkvh.xfhvaj]
D/S4URC   ( 3556): [SDK] [java.io.File] [exists] [FilePath][String] [/data/data/com.tvhkvh.xfhvaj/app_dex]
D/S4URC   ( 3556): [SDK] [java.io.File] [getPath] [FilePath][String] [/data/data/com.tvhkvh.xfhvaj]
D/S4URC   ( 3556): [SDK] [java.io.File] [exists] [FilePath][String] [/data/data/com.tvhkvh.xfhvaj/app_outdex]
D/S4URC   ( 3556): [SDK] [java.io.File] [getPath] [FilePath][String] [/data/data/com.tvhkvh.xfhvaj/app_dex]
D/S4URC   ( 3556): [SDK] [java.io.File] [getPath] [FilePath][String] [/data/data/com.tvhkvh.xfhvaj/app_outdex]
D/S4URC   ( 3556): [SDK] [java.lang.Class] [forName] [FindClass][String] [java.io.FileOutputStream]
D/S4URC   ( 3556): [SDK] [java.io.File] [getPath] [FilePath][String] [/data/data/com.tvhkvh.xfhvaj/app_dex/new.apk]
D/S4URC   ( 3556): [SDK] [java.lang.Class] [forName] [FindClass][String] [dalvik.system.DexFile]
D/S4URC   ( 3556): [SDK] [java.io.File] [Constructor] [FilePath][String] [/data/data/com.tvhkvh.xfhvaj/app_outdex/new.odex]
D/S4URC   ( 3556): [SDK] [java.io.File] [getParent] [FilePath][String] [/data/data/com.tvhkvh.xfhvaj/app_outdex/new.odex]
D/S4URC   ( 3556): [SDK] [dalvik.system.DexFile] [openDexFile] [DexPath][String] [/data/data/com.tvhkvh.xfhvaj/app_dex/new.apk]
D/S4URC   ( 3556): [SDK] [java.io.File] [Constructor] [FilePath][String] [/data/data/com.tvhkvh.xfhvaj/app_dex/new.apk]
D/S4URC   ( 3556): [SDK] [java.io.File] [Constructor] [FilePath][String] [/data/data/com.tvhkvh.xfhvaj/app_outdex/new.odex]
D/S4URC   ( 3556): [SDK] [java.io.File] [delete] [FilePath][String] [/data/data/com.tvhkvh.xfhvaj/app_dex/new.apk]
D/S4URC   ( 3556): [SDK] [java.io.File] [delete] [FilePath][String] [/data/data/com.tvhkvh.xfhvaj/app_outdex/new.odex]
D/S4URC   ( 3556): [SDK] [java.lang.Class] [forName] [FindClass][String] [java.lang.ClassLoader]
D/S4URC   ( 3556): [SDK] [java.lang.Class] [forName] [FindClass][String] [java.lang.Object]
D/S4URC   ( 3556): [SDK] [java.lang.Class] [forName] [FindClass][String] [java.lang.Thread]
D/S4URC   ( 3556): [SDK] [java.lang.Class] [forName] [FindClass][String] [java.lang.String]
D/S4URC   ( 3556): [SDK] [java.lang.Class] [forName] [FindClass][String] [java.lang.StackTraceElement]
D/S4URC   ( 3556): [SDK] [java.lang.Class] [forName] [FindClass][String] [dalvik.system.DexFile]
D/S4URC   ( 3556): [SDK] [java.lang.Class] [forName] [FindClass][String] [java.lang.String]
D/S4URC   ( 3556): [SDK] [java.lang.Class] [forName] [FindClass][String] [java.lang.ClassLoader]
D/S4URC   ( 3556): [SDK] [java.lang.Class] [forName] [FindClass][String] [java.lang.String]
D/S4URC   ( 3556): [SDK] [java.lang.Class] [forName] [FindClass][String] [java.io.File]
D/S4URC   ( 3556): [SDK] [java.lang.Class] [forName] [FindClass][String] [android.content.Context]
D/S4URC   ( 3556): [SDK] [java.io.File] [getPath] [FilePath][String] [/data/data/com.tvhkvh.xfhvaj]
D/S4URC   ( 3556): [SDK] [java.io.File] [exists] [FilePath][String] [/data/data/com.tvhkvh.xfhvaj/app_dex]
D/S4URC   ( 3556): [SDK] [java.io.File] [getPath] [FilePath][String] [/data/data/com.tvhkvh.xfhvaj]
D/S4URC   ( 3556): [SDK] [java.io.File] [exists] [FilePath][String] [/data/data/com.tvhkvh.xfhvaj/app_outdex]
D/S4URC   ( 3556): [SDK] [java.io.File] [getPath] [FilePath][String] [/data/data/com.tvhkvh.xfhvaj/app_dex]
D/S4URC   ( 3556): [SDK] [java.io.File] [getPath] [FilePath][String] [/data/data/com.tvhkvh.xfhvaj/app_outdex]
D/S4URC   ( 3556): [SDK] [android.app.ApplicationPackageManager] [getPackageInfo] [FindPackageName][String] [com.tvhkvh.xfhvaj]
D/S4URC   ( 3556): [SDK] [java.io.File] [getPath] [FilePath][String] [/data/data/com.tvhkvh.xfhvaj/app_dex/new.apk]
D/S4URC   ( 3556): [SDK] [java.io.File] [Constructor] [FilePath][String] [/data/data/com.tvhkvh.xfhvaj/app_outdex/new.odex]
D/S4URC   ( 3556): [SDK] [java.io.File] [getParent] [FilePath][String] [/data/data/com.tvhkvh.xfhvaj/app_outdex/new.odex]
D/S4URC   ( 3556): [SDK] [dalvik.system.DexFile] [openDexFile] [DexPath][String] [/data/data/com.tvhkvh.xfhvaj/app_dex/new.apk]
D/S4URC   ( 3556): [SDK] [java.io.File] [Constructor] [FilePath][String] [/data/data/com.tvhkvh.xfhvaj/app_dex/new.apk]
D/S4URC   ( 3556): [SDK] [java.io.File] [Constructor] [FilePath][String] [/data/data/com.tvhkvh.xfhvaj/app_outdex/new.odex]
D/S4URC   ( 3428): [SDK] [java.lang.Class] [forName] [FindClass][String] [java.net.PlainSocketImpl]
D/S4URC   ( 3428): [NDK] [SYSCALL] [socket] [TYPE][string] [TCP]
D/S4URC   ( 3428): [SDK] [java.lang.ProcessBuilder] [Constructor] [Command][String] [,/system/bin/cat,/proc/meminfo]
D/S4URC   ( 3620): [NDK] [SYSCALL] [getdents] [PATH][string] [.]
D/S4URC   ( 3556): [SDK] [java.io.File] [delete] [FilePath][String] [/data/data/com.tvhkvh.xfhvaj/app_dex/new.apk]
D/S4URC   ( 3556): [SDK] [java.io.File] [delete] [FilePath][String] [/data/data/com.tvhkvh.xfhvaj/app_outdex/new.odex]
D/S4URC   ( 3428): [SDK] [java.io.File] [Constructor] [FilePath][String] [/data/data/com.tvhkvh.xfhvaj/files/.setForceSendPingOnNextStart]
D/S4URC   ( 3428): [SDK] [java.io.File] [exists] [FilePath][String] [/data/data/com.tvhkvh.xfhvaj/files/.setForceSendPingOnNextStart]
D/S4URC   ( 3428): [NDK] [SYSCALL] [access] [PATH][string] [/data/data/com.tvhkvh.xfhvaj/files/.setForceSendPingOnNextStart]
D/S4URC   ( 3556): [SDK] [java.lang.Class] [forName] [FindClass][String] [java.lang.Thread]
D/S4URC   ( 3556): [SDK] [java.lang.Class] [forName] [FindClass][String] [java.lang.String]
D/S4URC   ( 3556): [SDK] [java.lang.Class] [forName] [FindClass][String] [java.lang.StackTraceElement]
D/S4URC   ( 3556): [SDK] [java.lang.Class] [forName] [FindClass][String] [java.lang.Thread]
D/S4URC   ( 3556): [SDK] [java.lang.Class] [forName] [FindClass][String] [java.lang.String]
D/S4URC   ( 3556): [SDK] [java.lang.Class] [forName] [FindClass][String] [java.lang.StackTraceElement]
D/S4URC   ( 3428): [SDK] [java.io.File] [createNewFile] [FilePath][String] [/data/data/com.tvhkvh.xfhvaj/files/.setForceSendPingOnNextStart]
D/S4URC   ( 3428): [NDK] [SYSCALL] [open] [PATH][string] [/data/data/com.tvhkvh.xfhvaj/files/.setForceSendPingOnNextStart] [RETURN][int] [29]
D/S4URC   ( 3556): [SDK] [java.lang.Class] [forName] [FindClass][String] [java.lang.Thread]
D/S4URC   ( 3556): [SDK] [java.lang.Class] [forName] [FindClass][String] [java.lang.String]
D/S4URC   ( 3556): [SDK] [java.lang.Class] [forName] [FindClass][String] [java.lang.StackTraceElement]
D/S4URC   ( 3556): [SDK] [java.lang.Class] [forName] [FindClass][String] [java.lang.Thread]
D/S4URC   ( 3556): [SDK] [java.lang.Class] [forName] [FindClass][String] [java.lang.String]
D/S4URC   ( 3556): [SDK] [java.lang.Class] [forName] [FindClass][String] [java.lang.StackTraceElement]
D/S4URC   ( 3556): [SDK] [java.io.File] [getPath] [FilePath][String] [/data/data/com.tvhkvh.xfhvaj]
D/S4URC   ( 3556): [SDK] [java.io.File] [getPath] [FilePath][String] [/data/data/com.tvhkvh.xfhvaj/shared_prefs]
D/S4URC   ( 3556): [SDK] [java.io.File] [getPath] [FilePath][String] [/data/data/com.tvhkvh.xfhvaj/shared_prefs/com.tvhkvh.xfhvaj_preferences.xml]
D/S4URC   ( 3556): [SDK] [java.io.File] [Constructor] [FilePath][String] [/data/data/com.tvhkvh.xfhvaj/shared_prefs/com.tvhkvh.xfhvaj_preferences.xml.bak]
D/S4URC   ( 3556): [SDK] [java.io.File] [exists] [FilePath][String] [/data/data/com.tvhkvh.xfhvaj/shared_prefs/com.tvhkvh.xfhvaj_preferences.xml]
D/S4URC   ( 3556): [SDK] [android.content.ContextWrapper][getSharedPreferences] [File][com.tvhkvh.xfhvaj_preferences.xml] [MODE][MODE_PRIVATE]
D/S4URC   ( 3556): [SDK] [java.io.File] [exists] [FilePath][String] [/data/data/com.tvhkvh.xfhvaj/shared_prefs/com.tvhkvh.xfhvaj_preferences.xml.bak]
D/S4URC   ( 3556): [SDK] [java.io.File] [exists] [FilePath][String] [/data/data/com.tvhkvh.xfhvaj/shared_prefs/com.tvhkvh.xfhvaj_preferences.xml]
D/S4URC   ( 3556): [SDK] [java.io.File] [getPath] [FilePath][String] [/data/data/com.tvhkvh.xfhvaj/shared_prefs/com.tvhkvh.xfhvaj_preferences.xml]
D/S4URC   ( 3556): [SDK] [javax.crypto.spec.PBEKeySpec][Constructor] [Password][com.tvhkvh.xfhvaj] [Salt][unknown]
D/S4URC   ( 3556): [SDK] [java.lang.Class] [forName] [FindClass][String] [com.android.org.bouncycastle.jcajce.provider.digest.SHA1$PBKDF2WithHmacSHA1UTF8]
D/S4URC   ( 3556): [SDK] [java.lang.Class] [forName] [FindClass][String] [com.android.org.conscrypt.OpenSSLMessageDigestJDK$SHA1]
D/S4URC   ( 3428): [NDK] [SYSCALL] [open] [PATH][string] [/dev/urandom] [RETURN][int] [20]
D/S4URC   ( 3428): [NDK] [SYSCALL] [uname]
D/S4URC   ( 3428): [SDK] [java.lang.Class] [forName] [FindClass][String] [java.net.PlainSocketImpl]
D/S4URC   ( 3428): [NDK] [SYSCALL] [socket] [TYPE][string] [TCP]
D/S4URC   ( 3428): [NDK] [SYSCALL] [open] [PATH][string] [/dev/urandom] [RETURN][int] [26]
D/S4URC   ( 3428): [NDK] [SYSCALL] [uname]
D/S4URC   ( 3428): [NDK] [SYSCALL] [open] [PATH][string] [/dev/urandom] [RETURN][int] [23]
D/S4URC   ( 3428): [NDK] [SYSCALL] [uname]
D/S4URC   ( 3556): [SDK] [java.lang.Class] [forName] [FindClass][String] [com.android.org.conscrypt.OpenSSLMessageDigestJDK$SHA256]
D/S4URC   ( 3556): [SDK] [android.content.ContextWrapper][getSharedPreferences] [File][com.tvhkvh.xfhvaj_preferences.xml] [MODE][MODE_PRIVATE] [Method][getString] [String][NGul1wEMRYsp/yhR0EAd+dOtENBFFNunDk5kZmK/RyY=] [Return][null]
D/S4URC   ( 3556): [SDK] [java.lang.Class] [forName] [FindClass][String] [com.android.org.conscrypt.OpenSSLRandom]
D/S4URC   ( 3556): [SDK] [java.lang.Class] [forName] [FindClass][String] [com.android.org.bouncycastle.jcajce.provider.symmetric.AES$KeyGen]
D/S4URC   ( 3556): [SDK] [android.content.ContextWrapper][getSharedPreferences] [File][com.tvhkvh.xfhvaj_preferences.xml] [MODE][MODE_PRIVATE] [Method][putString] [Key][NGul1wEMRYsp/yhR0EAd+dOtENBFFNunDk5kZmK/RyY=] [Value][2Ecuzdc02C6eOt6SNyqCzA==:wCBorWBOdwZrvVyfSy0sRGkSBFje9+6+txjR+Akyxl0=]
D/S4URC   ( 3556): [SDK] [java.io.File] [exists] [FilePath][String] [/data/data/com.tvhkvh.xfhvaj/shared_prefs/com.tvhkvh.xfhvaj_preferences.xml]
D/S4URC   ( 3556): [SDK] [java.io.File] [getPath] [FilePath][String] [/data/data/com.tvhkvh.xfhvaj/shared_prefs/com.tvhkvh.xfhvaj_preferences.xml]
D/S4URC   ( 3556): [SDK] [java.io.File] [delete] [FilePath][String] [/data/data/com.tvhkvh.xfhvaj/shared_prefs/com.tvhkvh.xfhvaj_preferences.xml.bak]
D/S4URC   ( 3556): [SDK] [android.content.ContextWrapper][getSharedPreferences] [File][com.tvhkvh.xfhvaj_preferences.xml] [MODE][MODE_PRIVATE] [Method][commit]
D/S4URC   ( 3556): [SDK] [java.lang.Class] [forName] [FindClass][String] [com.android.org.conscrypt.OpenSSLCipher$AES$CBC$PKCS5Padding]
D/S4URC   ( 3556): [SDK] [javax.crypto.spec.SecretKeySpec][Constructor] [KEY][wCBorWBOdwZrvVyfSy0sRGkSBFje9+6+txjR+Akyxl0=][type][HmacSHA256][javax.crypto.Cipher][getInstance] [Cipher][AES/CBC/PKCS5Padding] [javax.crypto.spec.IvParameterSpec][Constructor] [IV][Y+qLY3kNkeQrNojhk0QVkA==] [javax.crypto.Cipher][doFinal] [Data][mobproxy.com] [Return][RdJi9iau84C51aagNX/ygA==]
D/S4URC   ( 3556): [SDK] [java.lang.Class] [forName] [FindClass][String] [com.android.org.conscrypt.OpenSSLMac$HmacSHA256]
D/S4URC   ( 3556): [SDK] [android.content.ContextWrapper][getSharedPreferences] [File][com.tvhkvh.xfhvaj_preferences.xml] [MODE][MODE_PRIVATE] [Method][putString] [Key][8v+DhgpNwgOYjtGiK6HyEjfwSr29DEyVEQPPvtEh3ng=] [Value][Y+qLY3kNkeQrNojhk0QVkA==:kyJZf19OQfJvH67GzIVm0jZB1Q70MAMQjKsD9XdBGOg=:RdJi9iau84C51aagNX/ygA==]
D/S4URC   ( 3556): [SDK] [java.io.File] [exists] [FilePath][String] [/data/data/com.tvhkvh.xfhvaj/shared_prefs/com.tvhkvh.xfhvaj_preferences.xml]
D/S4URC   ( 3556): [SDK] [java.io.File] [exists] [FilePath][String] [/data/data/com.tvhkvh.xfhvaj/shared_prefs/com.tvhkvh.xfhvaj_preferences.xml.bak]
D/S4URC   ( 3556): [SDK] [java.io.File] [renameTo] [FilePath][String] [/data/data/com.tvhkvh.xfhvaj/shared_prefs/com.tvhkvh.xfhvaj_preferences.xml] [DesFile][/data/data/com.tvhkvh.xfhvaj/shared_prefs/com.tvhkvh.xfhvaj_preferences.xml.bak]
D/S4URC   ( 3556): [SDK] [java.io.File] [getPath] [FilePath][String] [/data/data/com.tvhkvh.xfhvaj/shared_prefs/com.tvhkvh.xfhvaj_preferences.xml]
D/S4URC   ( 3556): [SDK] [java.io.File] [delete] [FilePath][String] [/data/data/com.tvhkvh.xfhvaj/shared_prefs/com.tvhkvh.xfhvaj_preferences.xml.bak]
D/S4URC   ( 3556): [SDK] [java.io.File] [getPath] [FilePath][String] [/data/data/com.tvhkvh.xfhvaj/shared_prefs/com.tvhkvh.xfhvaj_preferences.xml]
D/S4URC   ( 3556): [SDK] [android.content.ContextWrapper][getSharedPreferences] [File][com.tvhkvh.xfhvaj_preferences.xml] [MODE][MODE_PRIVATE]
D/S4URC   ( 3556): [SDK] [javax.crypto.spec.PBEKeySpec][Constructor] [Password][com.tvhkvh.xfhvaj] [Salt][unknown]
D/S4URC   ( 3428): [SDK] [java.lang.Class] [forName] [FindClass][String] [java.net.PlainSocketImpl]
D/S4URC   ( 3428): [NDK] [SYSCALL] [stat] [PATH][string] [/dev/urandom]
D/S4URC   ( 3428): [NDK] [SYSCALL] [open] [PATH][string] [/dev/urandom] [RETURN][int] [20]
D/S4URC   ( 3428): [NDK] [SYSCALL] [open] [PATH][string] [/dev/urandom] [RETURN][int] [23]
D/S4URC   ( 3556): [SDK] [android.content.ContextWrapper][getSharedPreferences] [File][com.tvhkvh.xfhvaj_preferences.xml] [MODE][MODE_PRIVATE] [Method][getString] [String][NGul1wEMRYsp/yhR0EAd+dOtENBFFNunDk5kZmK/RyY=] [Return][2Ecuzdc02C6eOt6SNyqCzA==:wCBorWBOdwZrvVyfSy0sRGkSBFje9+6+txjR+Akyxl0=]
D/S4URC   ( 3556): [SDK] [javax.crypto.spec.SecretKeySpec][Constructor] [KEY][wCBorWBOdwZrvVyfSy0sRGkSBFje9+6+txjR+Akyxl0=][type][HmacSHA256][javax.crypto.Cipher][getInstance] [Cipher][AES/CBC/PKCS5Padding] [javax.crypto.spec.IvParameterSpec][Constructor] [IV][b0go/xu7amdhB//vNQtMDQ==] [javax.crypto.Cipher][doFinal] [Data][-1] [Return][xGFaYuUzyX1lirBnJroDMQ==]
D/S4URC   ( 3556): [SDK] [android.content.ContextWrapper][getSharedPreferences] [File][com.tvhkvh.xfhvaj_preferences.xml] [MODE][MODE_PRIVATE] [Method][putString] [Key][KTG81sSjZqvKo7LXRs0+R1OcEkazrNv6w297XBpYnVs=] [Value][b0go/xu7amdhB//vNQtMDQ==:lw22F+4VPEGXOO/4TRpuQgWs0pZNS7o8hh7RabmvUBI=:xGFaYuUzyX1lirBnJroDMQ==]
D/S4URC   ( 3556): [SDK] [java.io.File] [exists] [FilePath][String] [/data/data/com.tvhkvh.xfhvaj/shared_prefs/com.tvhkvh.xfhvaj_preferences.xml]
D/S4URC   ( 3556): [SDK] [java.io.File] [exists] [FilePath][String] [/data/data/com.tvhkvh.xfhvaj/shared_prefs/com.tvhkvh.xfhvaj_preferences.xml.bak]
D/S4URC   ( 3556): [SDK] [java.io.File] [renameTo] [FilePath][String] [/data/data/com.tvhkvh.xfhvaj/shared_prefs/com.tvhkvh.xfhvaj_preferences.xml] [DesFile][/data/data/com.tvhkvh.xfhvaj/shared_prefs/com.tvhkvh.xfhvaj_preferences.xml.bak]
D/S4URC   ( 3556): [SDK] [java.io.File] [getPath] [FilePath][String] [/data/data/com.tvhkvh.xfhvaj/shared_prefs/com.tvhkvh.xfhvaj_preferences.xml]
D/S4URC   ( 3556): [SDK] [java.io.File] [delete] [FilePath][String] [/data/data/com.tvhkvh.xfhvaj/shared_prefs/com.tvhkvh.xfhvaj_preferences.xml.bak]
D/S4URC   ( 3556): [SDK] [android.content.ContextWrapper][getSharedPreferences] [File][com.tvhkvh.xfhvaj_preferences.xml] [MODE][MODE_PRIVATE] [Method][commit]
D/S4URC   ( 3556): [SDK] [android.content.ContextWrapper] [registerReceiver][IntentFilter][android.net.conn.CONNECTIVITY_CHANGE,android.net.wifi.WIFI_STATE_CHANGED,
D/S4URC   ( 3556): [SDK] [java.io.File] [getPath] [FilePath][String] [/data/data/com.tvhkvh.xfhvaj/shared_prefs/com.tvhkvh.xfhvaj_preferences.xml]
D/S4URC   ( 3556): [SDK] [android.content.ContextWrapper][getSharedPreferences] [File][com.tvhkvh.xfhvaj_preferences.xml] [MODE][MODE_PRIVATE]
D/S4URC   ( 3556): [SDK] [javax.crypto.spec.PBEKeySpec][Constructor] [Password][com.tvhkvh.xfhvaj] [Salt][unknown]
D/S4URC   ( 3556): [SDK] [java.lang.Class] [forName] [FindClass][String] [java.lang.Thread]
D/S4URC   ( 3556): [SDK] [java.lang.Class] [forName] [FindClass][String] [java.lang.String]
D/S4URC   ( 3556): [SDK] [java.lang.Class] [forName] [FindClass][String] [java.lang.StackTraceElement]
D/S4URC   ( 3556): [SDK] [android.content.ContextWrapper] [registerReceiver][IntentFilter][android.provider.Telephony.SMS_RECEIVED,
D/S4URC   ( 3556): [SDK] [android.content.ContextWrapper] [registerReceiver][IntentFilter][android.intent.action.SCREEN_ON,android.intent.action.SCREEN_OFF,
D/S4URC   ( 3556): [SDK] [java.lang.Class] [forName] [FindClass][String] [android.net.NetworkInfo]
D/S4URC   ( 3556): [SDK] [java.io.File] [getPath] [FilePath][String] [/data/data/com.tvhkvh.xfhvaj/shared_prefs/com.tvhkvh.xfhvaj_preferences.xml]
D/S4URC   ( 3556): [SDK] [android.content.ContextWrapper][getSharedPreferences] [File][com.tvhkvh.xfhvaj_preferences.xml] [MODE][MODE_PRIVATE]
D/S4URC   ( 3556): [SDK] [javax.crypto.spec.PBEKeySpec][Constructor] [Password][com.tvhkvh.xfhvaj] [Salt][unknown]
D/S4URC   ( 3428): [SDK] [java.io.File] [getPath] [FilePath][String] [/data/misc/user/0/cacerts-added]
D/S4URC   ( 3428): [SDK] [java.io.File] [isFile] [FilePath][String] [/data/misc/user/0/cacerts-added/bc465a65.0]
D/S4URC   ( 3428): [NDK] [SYSCALL] [stat] [PATH][string] [/data/misc/user/0/cacerts-added/bc465a65.0]
D/S4URC   ( 3428): [SDK] [java.io.File] [getPath] [FilePath][String] [/system/etc/security/cacerts]
D/S4URC   ( 3428): [SDK] [java.io.File] [isFile] [FilePath][String] [/system/etc/security/cacerts/bc465a65.0]
D/S4URC   ( 3428): [NDK] [SYSCALL] [stat] [PATH][string] [/system/etc/security/cacerts/bc465a65.0]
D/S4URC   ( 3428): [SDK] [java.io.File] [getPath] [FilePath][String] [/data/misc/user/0/cacerts-added]
D/S4URC   ( 3428): [SDK] [java.io.File] [isFile] [FilePath][String] [/data/misc/user/0/cacerts-added/4bcd7fc4.0]
D/S4URC   ( 3428): [NDK] [SYSCALL] [stat] [PATH][string] [/data/misc/user/0/cacerts-added/4bcd7fc4.0]
D/S4URC   ( 3428): [SDK] [java.io.File] [getPath] [FilePath][String] [/system/etc/security/cacerts]
D/S4URC   ( 3428): [SDK] [java.io.File] [isFile] [FilePath][String] [/system/etc/security/cacerts/4bcd7fc4.0]
D/S4URC   ( 3428): [NDK] [SYSCALL] [stat] [PATH][string] [/system/etc/security/cacerts/4bcd7fc4.0]
D/S4URC   ( 3428): [SDK] [java.io.File] [getPath] [FilePath][String] [/data/misc/user/0/cacerts-added]
D/S4URC   ( 3428): [SDK] [java.io.File] [isFile] [FilePath][String] [/data/misc/user/0/cacerts-added/399e7759.0]
D/S4URC   ( 3428): [NDK] [SYSCALL] [stat] [PATH][string] [/data/misc/user/0/cacerts-added/399e7759.0]
D/S4URC   ( 3428): [SDK] [java.io.File] [getPath] [FilePath][String] [/data/misc/user/0/cacerts-added]
D/S4URC   ( 3428): [SDK] [java.io.File] [getPath] [FilePath][String] [/system/etc/security/cacerts]
D/S4URC   ( 3428): [SDK] [java.io.File] [isFile] [FilePath][String] [/data/misc/user/0/cacerts-added/bc465a65.0]
D/S4URC   ( 3428): [NDK] [SYSCALL] [stat] [PATH][string] [/data/misc/user/0/cacerts-added/bc465a65.0]
D/S4URC   ( 3428): [SDK] [java.io.File] [isFile] [FilePath][String] [/system/etc/security/cacerts/399e7759.0]
D/S4URC   ( 3428): [NDK] [SYSCALL] [stat] [PATH][string] [/system/etc/security/cacerts/399e7759.0]
D/S4URC   ( 3428): [SDK] [java.io.File] [isFile] [FilePath][String] [/system/etc/security/cacerts/399e7759.0]
D/S4URC   ( 3428): [NDK] [SYSCALL] [stat] [PATH][string] [/system/etc/security/cacerts/399e7759.0]
D/S4URC   ( 3428): [SDK] [java.io.File] [getPath] [FilePath][String] [/system/etc/security/cacerts/399e7759.0]
D/S4URC   ( 3428): [SDK] [java.io.File] [getPath] [FilePath][String] [/system/etc/security/cacerts]
D/S4URC   ( 3428): [SDK] [java.io.File] [isFile] [FilePath][String] [/system/etc/security/cacerts/bc465a65.0]
D/S4URC   ( 3428): [NDK] [SYSCALL] [stat] [PATH][string] [/system/etc/security/cacerts/bc465a65.0]
D/S4URC   ( 3428): [SDK] [java.io.File] [getPath] [FilePath][String] [/data/misc/user/0/cacerts-added]
D/S4URC   ( 3428): [SDK] [java.io.File] [isFile] [FilePath][String] [/data/misc/user/0/cacerts-added/4bcd7fc4.0]
D/S4URC   ( 3428): [NDK] [SYSCALL] [stat] [PATH][string] [/data/misc/user/0/cacerts-added/4bcd7fc4.0]
D/S4URC   ( 3428): [SDK] [java.io.File] [getPath] [FilePath][String] [/system/etc/security/cacerts]
D/S4URC   ( 3428): [SDK] [java.io.File] [isFile] [FilePath][String] [/system/etc/security/cacerts/4bcd7fc4.0]
D/S4URC   ( 3428): [NDK] [SYSCALL] [stat] [PATH][string] [/system/etc/security/cacerts/4bcd7fc4.0]
D/S4URC   ( 3428): [SDK] [java.io.File] [getPath] [FilePath][String] [/data/misc/user/0/cacerts-added]
D/S4URC   ( 3428): [SDK] [java.io.File] [isFile] [FilePath][String] [/data/misc/user/0/cacerts-added/399e7759.0]
D/S4URC   ( 3428): [NDK] [SYSCALL] [stat] [PATH][string] [/data/misc/user/0/cacerts-added/399e7759.0]
D/S4URC   ( 3428): [SDK] [java.io.File] [getPath] [FilePath][String] [/data/misc/user/0/cacerts-removed]
D/S4URC   ( 3428): [SDK] [java.io.File] [getPath] [FilePath][String] [/system/etc/security/cacerts]
D/S4URC   ( 3428): [SDK] [java.io.File] [isFile] [FilePath][String] [/data/misc/user/0/cacerts-removed/399e7759.0]
D/S4URC   ( 3428): [NDK] [SYSCALL] [stat] [PATH][string] [/data/misc/user/0/cacerts-removed/399e7759.0]
D/S4URC   ( 3428): [SDK] [java.io.File] [isFile] [FilePath][String] [/system/etc/security/cacerts/399e7759.0]
D/S4URC   ( 3428): [NDK] [SYSCALL] [stat] [PATH][string] [/system/etc/security/cacerts/399e7759.0]
D/S4URC   ( 3428): [SDK] [java.io.File] [isFile] [FilePath][String] [/system/etc/security/cacerts/399e7759.0]
D/S4URC   ( 3428): [SDK] [java.io.File] [exists] [FilePath][String] [/data/misc/user/0/cacerts-removed/399e7759.0]
D/S4URC   ( 3428): [NDK] [SYSCALL] [stat] [PATH][string] [/system/etc/security/cacerts/399e7759.0]
D/S4URC   ( 3428): [NDK] [SYSCALL] [access] [PATH][string] [/data/misc/user/0/cacerts-removed/399e7759.0]
D/S4URC   ( 3428): [SDK] [java.io.File] [getPath] [FilePath][String] [/system/etc/security/cacerts/399e7759.0]
D/S4URC   ( 3428): [SDK] [java.io.File] [getPath] [FilePath][String] [/data/misc/keychain/pins]
D/S4URC   ( 3428): [NDK] [SYSCALL] [open] [PATH][string] [/data/misc/keychain/pins] [RETURN][int] [-1]
D/S4URC   ( 3428): [SDK] [java.io.File] [Constructor] [FilePath][String] [/data/misc/keychain/pubkey_blacklist.txt]
D/S4URC   ( 3428): [SDK] [java.io.File] [getPath] [FilePath][String] [/data/misc/keychain/pubkey_blacklist.txt]
D/S4URC   ( 3428): [NDK] [SYSCALL] [open] [PATH][string] [/data/misc/keychain/pubkey_blacklist.txt] [RETURN][int] [28]
D/S4URC   ( 3428): [SDK] [java.io.File] [getPath] [FilePath][String] [/data/misc/user/0/cacerts-removed]
D/S4URC   ( 3428): [SDK] [java.io.File] [isFile] [FilePath][String] [/data/misc/user/0/cacerts-removed/399e7759.0]
D/S4URC   ( 3428): [NDK] [SYSCALL] [stat] [PATH][string] [/data/misc/user/0/cacerts-removed/399e7759.0]
D/S4URC   ( 3428): [SDK] [java.io.File] [exists] [FilePath][String] [/data/misc/user/0/cacerts-removed/399e7759.0]
D/S4URC   ( 3428): [NDK] [SYSCALL] [access] [PATH][string] [/data/misc/user/0/cacerts-removed/399e7759.0]
D/S4URC   ( 3428): [SDK] [java.io.File] [Constructor] [FilePath][String] [/data/misc/keychain/serial_blacklist.txt]
D/S4URC   ( 3428): [SDK] [java.io.File] [getPath] [FilePath][String] [/data/misc/keychain/serial_blacklist.txt]
D/S4URC   ( 3428): [NDK] [SYSCALL] [open] [PATH][string] [/data/misc/keychain/serial_blacklist.txt] [RETURN][int] [28]
D/S4URC   ( 3428): [SDK] [java.io.File] [getPath] [FilePath][String] [/data/misc/keychain/pins]
D/S4URC   ( 3428): [NDK] [SYSCALL] [open] [PATH][string] [/data/misc/keychain/pins] [RETURN][int] [-1]
D/S4URC   ( 3428): [SDK] [java.lang.Class] [forName] [FindClass][String] [com.android.org.conscrypt.OpenSSLMessageDigestJDK$SHA1]
D/S4URC   ( 3556): [SDK] [android.content.ContextWrapper][getSharedPreferences] [File][com.tvhkvh.xfhvaj_preferences.xml] [MODE][MODE_PRIVATE] [Method][getString] [String][NGul1wEMRYsp/yhR0EAd+dOtENBFFNunDk5kZmK/RyY=] [Return][2Ecuzdc02C6eOt6SNyqCzA==:wCBorWBOdwZrvVyfSy0sRGkSBFje9+6+txjR+Akyxl0=]
D/S4URC   ( 3556): [SDK] [android.content.ContextWrapper][getSharedPreferences] [File][com.tvhkvh.xfhvaj_preferences.xml] [MODE][MODE_PRIVATE] [Method][getString] [String][RJLlwrHbab/nlP+fp/Rx4lGZTFlUIrCnqrFdHoZub+s=] [Return][null]
D/S4URC   ( 3556): [SDK] [java.lang.Class] [forName] [FindClass][String] [java.lang.Thread]
D/S4URC   ( 3556): [SDK] [java.lang.Class] [forName] [FindClass][String] [java.lang.String]
D/S4URC   ( 3556): [SDK] [java.lang.Class] [forName] [FindClass][String] [java.lang.StackTraceElement]
D/S4URC   ( 3556): [SDK] [android.content.ContextWrapper][getSharedPreferences] [File][com.tvhkvh.xfhvaj_preferences.xml] [MODE][MODE_PRIVATE] [Method][getString] [String][NGul1wEMRYsp/yhR0EAd+dOtENBFFNunDk5kZmK/RyY=] [Return][2Ecuzdc02C6eOt6SNyqCzA==:wCBorWBOdwZrvVyfSy0sRGkSBFje9+6+txjR+Akyxl0=]
D/S4URC   ( 3556): [SDK] [java.io.File] [getPath] [FilePath][String] [/data/data/com.tvhkvh.xfhvaj/shared_prefs/com.tvhkvh.xfhvaj_preferences.xml]
D/S4URC   ( 3556): [SDK] [android.content.ContextWrapper][getSharedPreferences] [File][com.tvhkvh.xfhvaj_preferences.xml] [MODE][MODE_PRIVATE]
D/S4URC   ( 3556): [SDK] [android.content.ContextWrapper][getSharedPreferences] [File][com.tvhkvh.xfhvaj_preferences.xml] [MODE][MODE_PRIVATE] [Method][getString] [String][ChSYRKfJ9M/5SL85gz/MVCnOIyXkPWs4c6IqdulW5HA=] [Return][null]
D/S4URC   ( 3556): [SDK] [javax.crypto.spec.SecretKeySpec][Constructor] [KEY][wCBorWBOdwZrvVyfSy0sRGkSBFje9+6+txjR+Akyxl0=][type][HmacSHA256][javax.crypto.spec.PBEKeySpec][Constructor] [Password][com.tvhkvh.xfhvaj] [Salt][unknown]
D/S4URC   ( 3556): [SDK] [android.telephony.TelephonyManager] [getSubscriberId]
D/S4URC   ( 3556): [SDK] [java.lang.Class] [forName] [FindClass][String] [java.lang.Thread]
D/S4URC   ( 3556): [SDK] [java.lang.Class] [forName] [FindClass][String] [java.lang.String]
D/S4URC   ( 3556): [SDK] [java.lang.Class] [forName] [FindClass][String] [java.lang.StackTraceElement]
D/S4URC   ( 3556): [SDK] [java.lang.Class] [forName] [FindClass][String] [com.android.okhttp.HttpHandler]
D/S4URC   ( 3556): [SDK] [java.lang.Class] [forName] [FindClass][String] [com.android.org.conscrypt.OpenSSLContextImpl]
D/S4URC   ( 3556): [SDK] [java.lang.Class] [forName] [FindClass][String] [com.android.org.conscrypt.KeyManagerFactoryImpl]
