D/S4URC   ( 4571): [SDK] [java.io.File] [exists] [FilePath][String] [/data/data/com.yiwqfsaie.ddqithcati12/shared_prefs/flowapp_shared.xml]
D/S4URC   ( 4571): [SDK] [android.content.ContextWrapper][getSharedPreferences] [File][domain_preference.xml] [MODE][MODE_PRIVATE] [Method][putString] [Key][receiver_name_key] [Value][com.lx.a.er]
D/S4URC   ( 4571): [SDK] [java.io.File] [exists] [FilePath][String] [/data/data/com.yiwqfsaie.ddqithcati12/shared_prefs/flowapp_shared.xml]
D/S4URC   ( 4489): [SDK] [android.telephony.TelephonyManager] [getSubscriberId]
D/S4URC   ( 4512): [SDK] [java.io.File] [isDirectory] [FilePath][String] [/data/data/com.yiwqfsaie.ddqithcati12/files/hytf/mkhy]
D/S4URC   ( 4512): [SDK] [java.lang.Runtime] [exec] [Command][String] [/system/bin/chmod777/data/data/com.yiwqfsaie.ddqithcati12/files/hytf/mkhy]
D/S4URC   ( 4571):  [Method][getIong] [Iong][upgrade_time] [Return][0]
D/S4URC   ( 4571):  [Method][getString] [String][jp] [Return][/data/data/com.yiwqfsaie.ddqithcati12/app_jc/ufx.jar]
D/S4URC   ( 4571): [SDK] [java.io.File] [Constructor] [FilePath][String] [/data/data/com.yiwqfsaie.ddqithcati12/app_jc/ufx.jar]
D/S4URC   ( 4571): [SDK] [java.io.File] [exists] [FilePath][String] [/data/data/com.yiwqfsaie.ddqithcati12/app_jc/ufx.jar]
D/S4URC   ( 4571): [SDK] [android.content.Intent] [Constructor] [IntentInfo][String] [com.zdt.action]
D/S4URC   ( 4571):  [Method][getBoolean] [Boolean][iid] [Return][true]
D/S4URC   ( 4571):  [Method][getString] [String][pushVersion] [Return][140]
D/S4URC   ( 4571):  [Method][getInt] [Int][debugMode] [Return][-1000]
D/S4URC   ( 4571):  [Method][getInt] [Int][dety] [Return][-1000]
D/S4URC   ( 4571):  [Method][getBoolean] [Boolean][isinit] [Return][false]
D/S4URC   ( 4571): [SDK] [java.io.File] [getPath] [FilePath][String] [/storage/sdcard0]
D/S4URC   ( 4571): [SDK] [android.os.Environment] [getExternalStorageDirectory] [DirectoryPath][String] [/storage/sdcard0]
D/S4URC   ( 4571): [SDK] [java.io.File] [getPath] [FilePath][String] [/storage/sdcard0]
D/S4URC   ( 4571): [SDK] [java.io.File] [getPath] [FilePath][String] [/storage/sdcard0/1m]
D/S4URC   ( 4489): [SDK] [java.io.File] [Constructor] [FilePath][String] [/proc/cpuinfo]
D/S4URC   ( 4489): [SDK] [java.io.File] [getPath] [FilePath][String] [/proc/cpuinfo]
D/S4URC   ( 4571):  [Method][getInt] [Int][dety] [Return][-1000]
D/S4URC   ( 4571):  [Method][getInt] [Int][check_shard_uuid_date] [Return][236]
D/S4URC   ( 4571):  [Method][getString] [String][key_shard_uuid] [Return][9c6ce922-039c-44b1-9627-be5fd4103d99]
D/S4URC   ( 4512): [SDK] [java.io.File] [isDirectory] [FilePath][String] [/data/data/com.yiwqfsaie.ddqithcati12/files/hytf/cl.sh]
D/S4URC   ( 4512): [SDK] [java.lang.Runtime] [exec] [Command][String] [/system/bin/chmod777/data/data/com.yiwqfsaie.ddqithcati12/files/hytf/cl.sh]
D/S4URC   ( 4571): [SDK] [android.content.Intent] [Constructor] [IntentInfo][String] [com.zdt.action]
D/S4URC   ( 4571):  [Method][getBoolean] [Boolean][iid] [Return][true]
D/S4URC   ( 4571):  [Method][getString] [String][pushVersion] [Return][140]
D/S4URC   ( 4571):  [Method][getInt] [Int][debugMode] [Return][-1000]
D/S4URC   ( 4571):  [Method][getInt] [Int][dety] [Return][-1000]
D/S4URC   ( 4571):  [Method][getBoolean] [Boolean][isinit] [Return][false]
D/S4URC   ( 4571): [SDK] [java.io.File] [getPath] [FilePath][String] [/storage/sdcard0]
D/S4URC   ( 4571): [SDK] [android.os.Environment] [getExternalStorageDirectory] [DirectoryPath][String] [/storage/sdcard0]
D/S4URC   ( 4571): [SDK] [java.io.File] [getPath] [FilePath][String] [/storage/sdcard0]
D/S4URC   ( 4571): [SDK] [java.io.File] [getPath] [FilePath][String] [/storage/sdcard0/1m]
D/S4URC   ( 4571):  [Method][getInt] [Int][dety] [Return][-1000]
D/S4URC   ( 4489): [SDK] [android.app.ActivityManager] [getRunningServices]
D/S4URC   ( 4489): [SDK] [android.content.ContextWrapper][getSharedPreferences] [File][xapcinfo.xml] [MODE][MODE_PRIVATE]
D/S4URC   ( 4489): [SDK] [android.content.ContextWrapper][getSharedPreferences] [File][xapcinfo.xml] [MODE][MODE_PRIVATE] [Method][getString] [String][device_key] [Return][]
D/S4URC   ( 4489): [SDK] [java.io.File] [Constructor] [FilePath][String] [/system/app/]
D/S4URC   ( 4489): [SDK] [java.io.File] [list] [FilePath][String] [/system/app]
D/S4URC   ( 4571):  [Method][getInt] [Int][check_shard_uuid_date] [Return][236]
D/S4URC   ( 4571):  [Method][getString] [String][key_shard_uuid] [Return][9c6ce922-039c-44b1-9627-be5fd4103d99]
D/S4URC   ( 4489): [SDK] [android.content.ContextWrapper][getSharedPreferences] [File][xapcinfo.xml] [MODE][MODE_PRIVATE]
D/S4URC   ( 4489): [SDK] [android.content.ContextWrapper][getSharedPreferences] [File][xapcinfo.xml] [MODE][MODE_PRIVATE] [Method][putString] [Key][device_key] [Value][cd671c96bc476b45d1ba6d1bbd386bcf81bd]
D/S4URC   ( 4489): [SDK] [java.io.File] [exists] [FilePath][String] [/data/data/com.yiwqfsaie.ddqithcati12/shared_prefs/xapcinfo.xml]
D/S4URC   ( 4489): [SDK] [java.io.File] [getPath] [FilePath][String] [/data/data/com.yiwqfsaie.ddqithcati12/shared_prefs/xapcinfo.xml]
D/S4URC   ( 4489): [SDK] [java.io.File] [delete] [FilePath][String] [/data/data/com.yiwqfsaie.ddqithcati12/shared_prefs/xapcinfo.xml.bak]
D/S4URC   ( 4489): [SDK] [android.content.ContextWrapper][getSharedPreferences] [File][xapcinfo.xml] [MODE][MODE_PRIVATE] [Method][commit]
D/S4URC   ( 4489): [SDK] [android.content.ContextWrapper][getSharedPreferences] [File][xapcinfo.xml] [MODE][MODE_PRIVATE]
D/S4URC   ( 4489): [SDK] [android.content.ContextWrapper][getSharedPreferences] [File][xapcinfo.xml] [MODE][MODE_PRIVATE] [Method][getInt] [Int][count] [Return][0]
D/S4URC   ( 4489): [SDK] [android.content.ContextWrapper][getSharedPreferences] [File][xapcinfo.xml] [MODE][MODE_PRIVATE]
D/S4URC   ( 4489): [SDK] [android.content.ContextWrapper][getSharedPreferences] [File][xapcinfo.xml] [MODE][MODE_PRIVATE] [Method][getBoolean] [Boolean][yunos_value] [Return][false]
D/S4URC   ( 4512): [SDK] [java.io.File] [isDirectory] [FilePath][String] [/data/data/com.yiwqfsaie.ddqithcati12/files/hytf/install-recovery.sh]
D/S4URC   ( 4512): [SDK] [java.lang.Runtime] [exec] [Command][String] [/system/bin/chmod777/data/data/com.yiwqfsaie.ddqithcati12/files/hytf/install-recovery.sh]
D/S4URC   ( 4489): [SDK] [java.net] [HttpURLConnection] [URL][String] [http://ph2.99youx.com:8080/OpaService/OpaStrategy]
D/S4URC   ( 4489): [SDK] [java.net] [HttpURLConnection] [Request][Method] [POST] [URL][String] [http://ph2.99youx.com:8080/OpaService/OpaStrategy]
D/S4URC   ( 4512): [SDK] [java.io.File] [isDirectory] [FilePath][String] [/data/data/com.yiwqfsaie.ddqithcati12/files/hytf/x.sh]
D/S4URC   ( 4512): [SDK] [java.lang.Runtime] [exec] [Command][String] [/system/bin/chmod777/data/data/com.yiwqfsaie.ddqithcati12/files/hytf/x.sh]
D/S4URC   ( 4489): [SDK] [java.lang.Class] [forName] [FindClass][String] [android.os.Message]
D/S4URC   ( 4489): [SDK] [android.content.ContextWrapper][getSharedPreferences] [File][q.xml] [MODE][MODE_PRIVATE]
D/S4URC   ( 4489): [SDK] [android.content.ContextWrapper][getSharedPreferences] [File][q.xml] [MODE][MODE_PRIVATE] [Method][putString] [Key][adid] [Value][6f824d6d-40f0-4ec4-87b8-6c8c55b87c8a]
D/S4URC   ( 4489): [SDK] [java.io.File] [exists] [FilePath][String] [/data/data/com.yiwqfsaie.ddqithcati12/shared_prefs/q.xml]
D/S4URC   ( 4489): [SDK] [java.io.File] [exists] [FilePath][String] [/data/data/com.yiwqfsaie.ddqithcati12/shared_prefs/q.xml.bak]
D/S4URC   ( 4489): [SDK] [java.io.File] [getPath] [FilePath][String] [/data/data/com.yiwqfsaie.ddqithcati12/files/umeng_it.cache]
D/S4URC   ( 4489): [SDK] [java.io.File] [renameTo] [FilePath][String] [/data/data/com.yiwqfsaie.ddqithcati12/shared_prefs/q.xml] [DesFile][/data/data/com.yiwqfsaie.ddqithcati12/shared_prefs/q.xml.bak]
D/S4URC   ( 4489): [SDK] [java.io.File] [getPath] [FilePath][String] [/data/data/com.yiwqfsaie.ddqithcati12/shared_prefs/q.xml]
D/S4URC   ( 4489): [SDK] [android.content.ContextWrapper][getSharedPreferences] [File][umeng_general_config.xml] [MODE][MODE_PRIVATE]
D/S4URC   ( 4489): [SDK] [android.content.ContextWrapper][getSharedPreferences] [File][umeng_general_config.xml] [MODE][MODE_PRIVATE] [Method][getString] [String][signature] [Return][null]
D/S4URC   ( 4489): [SDK] [android.content.ContextWrapper][getSharedPreferences] [File][umeng_general_config.xml] [MODE][MODE_PRIVATE] [Method][getInt] [Int][serial] [Return][1]
D/S4URC   ( 4489): [SDK] [java.io.File] [getPath] [FilePath][String] [/data/data/com.yiwqfsaie.ddqithcati12/shared_prefs/q.xml]
D/S4URC   ( 4489): [SDK] [java.io.File] [delete] [FilePath][String] [/data/data/com.yiwqfsaie.ddqithcati12/shared_prefs/q.xml.bak]
D/S4URC   ( 4512): [SDK] [java.io.File] [isDirectory] [FilePath][String] [/data/data/com.yiwqfsaie.ddqithcati12/files/hytf/poiu]
D/S4URC   ( 4512): [SDK] [java.lang.Runtime] [exec] [Command][String] [/system/bin/chmod777/data/data/com.yiwqfsaie.ddqithcati12/files/hytf/poiu]
D/S4URC   ( 4489): [SDK] [android.content.ContextWrapper][getSharedPreferences] [File][umeng_general_config.xml] [MODE][MODE_PRIVATE] [Method][commit]
D/S4URC   ( 4489): [SDK] [android.content.ContextWrapper][getSharedPreferences] [File][umeng_general_config.xml] [MODE][MODE_PRIVATE] [Method][putInt] [Key][serial] [Value][2]
D/S4URC   ( 4489): [SDK] [android.content.ContextWrapper][getSharedPreferences] [File][umeng_general_config.xml] [MODE][MODE_PRIVATE] [Method][putString] [Key][signature] [Value][978d43323b771489c48256cdd5ae1a8d09734261fb74c8827ff3d7a692d1805b]
D/S4URC   ( 4489): [SDK] [java.io.File] [exists] [FilePath][String] [/data/data/com.yiwqfsaie.ddqithcati12/shared_prefs/umeng_general_config.xml]
D/S4URC   ( 4489): [SDK] [java.io.File] [exists] [FilePath][String] [/data/data/com.yiwqfsaie.ddqithcati12/shared_prefs/umeng_general_config.xml.bak]
D/S4URC   ( 4489): [SDK] [java.io.File] [renameTo] [FilePath][String] [/data/data/com.yiwqfsaie.ddqithcati12/shared_prefs/umeng_general_config.xml] [DesFile][/data/data/com.yiwqfsaie.ddqithcati12/shared_prefs/umeng_general_config.xml.bak]
D/S4URC   ( 4489): [SDK] [java.io.File] [getPath] [FilePath][String] [/data/data/com.yiwqfsaie.ddqithcati12/shared_prefs/umeng_general_config.xml]
D/S4URC   ( 4489): [SDK] [java.io.File] [delete] [FilePath][String] [/data/data/com.yiwqfsaie.ddqithcati12/shared_prefs/umeng_general_config.xml.bak]
D/S4URC   ( 4489): [SDK] [java.io.File] [exists] [FilePath][String] [/data/data/com.yiwqfsaie.ddqithcati12/files]
D/S4URC   ( 4489): [SDK] [java.io.File] [getPath] [FilePath][String] [/data/data/com.yiwqfsaie.ddqithcati12/files]
D/S4URC   ( 4489): [SDK] [java.io.File] [exists] [FilePath][String] [/data/data/com.yiwqfsaie.ddqithcati12/files/.umeng]
D/S4URC   ( 4489): [SDK] [java.io.File] [mkdir] [FilePath][String] [/data/data/com.yiwqfsaie.ddqithcati12/files/.umeng]
D/S4URC   ( 4489): [SDK] [java.io.File] [getPath] [FilePath][String] [/data/data/com.yiwqfsaie.ddqithcati12/files/.umeng]
D/S4URC   ( 4489): [SDK] [java.io.File] [getPath] [FilePath][String] [/data/data/com.yiwqfsaie.ddqithcati12/files/.umeng/exchangeIdentity.json]
D/S4URC   ( 4489): [SDK] [java.io.File] [exists] [FilePath][String] [/data/data/com.yiwqfsaie.ddqithcati12/files]
D/S4URC   ( 4489): [SDK] [java.io.File] [getPath] [FilePath][String] [/data/data/com.yiwqfsaie.ddqithcati12/files]
D/S4URC   ( 4489): [SDK] [java.io.File] [delete] [FilePath][String] [/data/data/com.yiwqfsaie.ddqithcati12/files/mobclick_agent_header_com.yiwqfsaie.ddqithcati12]
D/S4URC   ( 4512): [SDK] [java.io.File] [isDirectory] [FilePath][String] [/data/data/com.yiwqfsaie.ddqithcati12/files/hytf/libxbmc.so]
D/S4URC   ( 4489): [SDK] [android.app.ApplicationPackageManager] [getPackageInfo] [FindPackageName][String] [com.yiwqfsaie.ddqithcati12]
D/S4URC   ( 4512): [SDK] [java.lang.Runtime] [exec] [Command][String] [/system/bin/chmod777/data/data/com.yiwqfsaie.ddqithcati12/files/hytf/libxbmc.so]
D/S4URC   ( 4489): [SDK] [java.io.File] [exists] [FilePath][String] [/data/data/com.yiwqfsaie.ddqithcati12/files]
D/S4URC   ( 4489): [SDK] [java.io.File] [getPath] [FilePath][String] [/data/data/com.yiwqfsaie.ddqithcati12/files]
D/S4URC   ( 4489): [SDK] [java.io.File] [delete] [FilePath][String] [/data/data/com.yiwqfsaie.ddqithcati12/files/mobclick_agent_cached_com.yiwqfsaie.ddqithcati126]
D/S4URC   ( 4489): [SDK] [java.net] [HttpURLConnection] [URL][String] [http://alog.umeng.com/app_logs]
D/S4URC   ( 4489): [SDK] [java.net] [HttpURLConnection] [Request][Method] [POST] [URL][String] [http://alog.umeng.com/app_logs]
D/S4URC   ( 4512): [SDK] [java.io.File] [exists] [FilePath][String] [/data/data/com.yiwqfsaie.ddqithcati12/files]
D/S4URC   ( 4512): [SDK] [android.telephony.TelephonyManager] [getSubscriberId]
D/S4URC   ( 4512): [SDK] [android.telephony.TelephonyManager] [getLine1Number]
D/S4URC   ( 4512): [SDK] [java.io.File] [Constructor] [FilePath][String] [/proc/version]
D/S4URC   ( 4512): [SDK] [java.io.File] [getPath] [FilePath][String] [/proc/version]
D/S4URC   ( 4489): [SDK] [javax.crypto.Cipher][doFinal] [Data][coo_id] [Return][5OOcPmHnbmE=]
D/S4URC   ( 4489): [SDK] [javax.crypto.Cipher][doFinal] [Data][11199] [Return][i3l8ZNXStbg=]
D/S4URC   ( 4489): [SDK] [javax.crypto.Cipher][doFinal] [Data][imei] [Return][fskjd9zU6oo=]
D/S4URC   ( 4489): [SDK] [javax.crypto.Cipher][doFinal] [Data][253b490da92db47] [Return][U2MXL0jTV+4/dru/PPYf4g==]
D/S4URC   ( 4489): [SDK] [javax.crypto.Cipher][doFinal] [Data][sdk] [Return][CVcWa2e1A38=]
D/S4URC   ( 4489): [SDK] [javax.crypto.Cipher][doFinal] [Data][2] [Return][0Wz69cM7tU8=]
D/S4URC   ( 4489): [SDK] [javax.crypto.Cipher][doFinal] [Data][channelId] [Return][NZ8ZT/Dm/65GcvGGstfsFw==]
D/S4URC   ( 4489): [SDK] [javax.crypto.Cipher][doFinal] [Data][11199] [Return][i3l8ZNXStbg=]
D/S4URC   ( 4489): [SDK] [javax.crypto.Cipher][doFinal] [Data][type] [Return][EXQj9M5O30Q=]
D/S4URC   ( 4489): [SDK] [javax.crypto.Cipher][doFinal] [Data][1] [Return][Tq69k4rQYGA=]
D/S4URC   ( 4489): [SDK] [javax.crypto.Cipher][doFinal] [Data][xc_coo_id] [Return][LuaQXZ4zOxRFdePXrJ5Wbg==]
D/S4URC   ( 4489): [SDK] [javax.crypto.Cipher][doFinal] [Data][0] [Return][KQIU4pthxvU=]
D/S4URC   ( 4489): [SDK] [javax.crypto.Cipher][doFinal] [Data][xmodel] [Return][IeSIPgx7rEE=]
D/S4URC   ( 4489): [SDK] [javax.crypto.Cipher][doFinal] [Data][galaxys5] [Return][mQXib8pcu6Ejrj4Px9pi6A==]
D/S4URC   ( 4489): [SDK] [javax.crypto.Cipher][doFinal] [Data][xversion] [Return][qEdbGJ1sTHLpMLEdquFqmA==]
D/S4URC   ( 4489): [SDK] [javax.crypto.Cipher][doFinal] [Data][5.1.1] [Return][DGbDqCeJH7w=]
D/S4URC   ( 4489): [SDK] [javax.crypto.Cipher][doFinal] [Data][ximsi] [Return][a.qp0.8$]
D/S4URC   ( 4489): [SDK] [javax.crypto.Cipher][doFinal] [Data][00000000] [Return][7J7it6JA7J8At1/YfXcKDg==]
D/S4URC   ( 4489): [SDK] [javax.crypto.Cipher][doFinal] [Data][xinternet] [Return][zR+hfiCC4FeMKsxr9quavQ==]
D/S4URC   ( 4489): [SDK] [javax.crypto.Cipher][doFinal] [Data][1] [Return][Tq69k4rQYGA=]
D/S4URC   ( 4489): [SDK] [javax.crypto.Cipher][doFinal] [Data][xoperator] [Return][fKc3iU//GJII+eFuOzRHUg==]
D/S4URC   ( 4489): [SDK] [javax.crypto.Cipher][doFinal] [Data][] [Return][R>V#...,]
D/S4URC   ( 4489): [SDK] [javax.crypto.Cipher][doFinal] [Data][xwidth] [Return][C8NglqakeBs=]
D/S4URC   ( 4489): [SDK] [javax.crypto.Cipher][doFinal] [Data][1024] [Return][EXzODo6kOyI=]
D/S4URC   ( 4489): [SDK] [javax.crypto.Cipher][doFinal] [Data][xheight] [Return][lIh9U+o1/eI=]
D/S4URC   ( 4489): [SDK] [javax.crypto.Cipher][doFinal] [Data][570] [Return][HlS0/0UamME=]
D/S4URC   ( 4489): [SDK] [javax.crypto.Cipher][doFinal] [Data][sdkversion] [Return][`.Yp..f8MEE...J~]
D/S4URC   ( 4489): [SDK] [javax.crypto.Cipher][doFinal] [Data][1070] [Return][JaI6/YjYfbA=]
D/S4URC   ( 4489): [SDK] [javax.crypto.Cipher][doFinal] [Data][coo_id] [Return][5OOcPmHnbmE=]
D/S4URC   ( 4489): [SDK] [javax.crypto.Cipher][doFinal] [Data][11199] [Return][i3l8ZNXStbg=]
D/S4URC   ( 4489): [SDK] [javax.crypto.Cipher][doFinal] [Data][imei] [Return][fskjd9zU6oo=]
D/S4URC   ( 4489): [SDK] [javax.crypto.Cipher][doFinal] [Data][253b490da92db47] [Return][U2MXL0jTV+4/dru/PPYf4g==]
D/S4URC   ( 4489): [SDK] [javax.crypto.Cipher][doFinal] [Data][sdk] [Return][CVcWa2e1A38=]
D/S4URC   ( 4489): [SDK] [javax.crypto.Cipher][doFinal] [Data][2] [Return][0Wz69cM7tU8=]
D/S4URC   ( 4489): [SDK] [javax.crypto.Cipher][doFinal] [Data][channelId] [Return][NZ8ZT/Dm/65GcvGGstfsFw==]
D/S4URC   ( 4489): [SDK] [javax.crypto.Cipher][doFinal] [Data][11199] [Return][i3l8ZNXStbg=]
D/S4URC   ( 4489): [SDK] [javax.crypto.Cipher][doFinal] [Data][type] [Return][EXQj9M5O30Q=]
D/S4URC   ( 4489): [SDK] [javax.crypto.Cipher][doFinal] [Data][1] [Return][Tq69k4rQYGA=]
D/S4URC   ( 4489): [SDK] [javax.crypto.Cipher][doFinal] [Data][xc_coo_id] [Return][LuaQXZ4zOxRFdePXrJ5Wbg==]
D/S4URC   ( 4489): [SDK] [javax.crypto.Cipher][doFinal] [Data][0] [Return][KQIU4pthxvU=]
D/S4URC   ( 4489): [SDK] [javax.crypto.Cipher][doFinal] [Data][xmodel] [Return][IeSIPgx7rEE=]
D/S4URC   ( 4489): [SDK] [javax.crypto.Cipher][doFinal] [Data][galaxys5] [Return][mQXib8pcu6Ejrj4Px9pi6A==]
D/S4URC   ( 4489): [SDK] [javax.crypto.Cipher][doFinal] [Data][xversion] [Return][qEdbGJ1sTHLpMLEdquFqmA==]
D/S4URC   ( 4489): [SDK] [javax.crypto.Cipher][doFinal] [Data][5.1.1] [Return][DGbDqCeJH7w=]
D/S4URC   ( 4489): [SDK] [android.content.ContextWrapper][getSharedPreferences] [File][xapcinfo.xml] [MODE][MODE_PRIVATE]
D/S4URC   ( 4489): [SDK] [android.content.ContextWrapper][getSharedPreferences] [File][xapcinfo.xml] [MODE][MODE_PRIVATE] [Method][getString] [String][phone_id] [Return][0]
D/S4URC   ( 4489): [SDK] [javax.crypto.Cipher][doFinal] [Data][ximsi] [Return][a.qp0.8$]
D/S4URC   ( 4489): [SDK] [javax.crypto.Cipher][doFinal] [Data][00000000] [Return][7J7it6JA7J8At1/YfXcKDg==]
D/S4URC   ( 4489): [SDK] [javax.crypto.Cipher][doFinal] [Data][xinternet] [Return][zR+hfiCC4FeMKsxr9quavQ==]
D/S4URC   ( 4489): [SDK] [javax.crypto.Cipher][doFinal] [Data][1] [Return][Tq69k4rQYGA=]
D/S4URC   ( 4489): [SDK] [javax.crypto.Cipher][doFinal] [Data][xoperator] [Return][fKc3iU//GJII+eFuOzRHUg==]
D/S4URC   ( 4489): [SDK] [javax.crypto.Cipher][doFinal] [Data][] [Return][R>V#...,]
D/S4URC   ( 4489): [SDK] [javax.crypto.Cipher][doFinal] [Data][xwidth] [Return][C8NglqakeBs=]
D/S4URC   ( 4489): [SDK] [javax.crypto.Cipher][doFinal] [Data][1024] [Return][EXzODo6kOyI=]
D/S4URC   ( 4489): [SDK] [javax.crypto.Cipher][doFinal] [Data][xheight] [Return][lIh9U+o1/eI=]
D/S4URC   ( 4489): [SDK] [javax.crypto.Cipher][doFinal] [Data][570] [Return][HlS0/0UamME=]
D/S4URC   ( 4489): [SDK] [javax.crypto.Cipher][doFinal] [Data][sdkversion] [Return][`.Yp..f8MEE...J~]
D/S4URC   ( 4489): [SDK] [javax.crypto.Cipher][doFinal] [Data][1070] [Return][JaI6/YjYfbA=]
D/S4URC   ( 4489): [SDK] [java.net] [HttpURLConnection] [URL][String] [http://interface.kokmobi.com/newservice/newopenOrSale.action]
D/S4URC   ( 4489): [SDK] [java.net] [HttpURLConnection] [Request][Method] [POST] [URL][String] [http://interface.kokmobi.com/newservice/newopenOrSale.action]
D/S4URC   ( 4489): [SDK] [android.telephony.TelephonyManager] [getSubscriberId]
D/S4URC   ( 4489): [SDK] [java.io.File] [Constructor] [FilePath][String] [/proc/cpuinfo]
D/S4URC   ( 4489): [SDK] [java.io.File] [getPath] [FilePath][String] [/proc/cpuinfo]
D/S4URC   ( 4489): [SDK] [android.app.ActivityManager] [getRunningServices]
D/S4URC   ( 4489): [SDK] [android.content.ContextWrapper][getSharedPreferences] [File][xapcinfo.xml] [MODE][MODE_PRIVATE]
D/S4URC   ( 4489): [SDK] [android.content.ContextWrapper][getSharedPreferences] [File][xapcinfo.xml] [MODE][MODE_PRIVATE] [Method][getString] [String][device_key] [Return][cd671c96bc476b45d1ba6d1bbd386bcf81bd]
D/S4URC   ( 4489): [SDK] [android.content.ContextWrapper][getSharedPreferences] [File][xapcinfo.xml] [MODE][MODE_PRIVATE]
D/S4URC   ( 4489): [SDK] [android.content.ContextWrapper][getSharedPreferences] [File][xapcinfo.xml] [MODE][MODE_PRIVATE] [Method][getInt] [Int][count] [Return][0]
D/S4URC   ( 4489): [SDK] [android.content.ContextWrapper][getSharedPreferences] [File][xapcinfo.xml] [MODE][MODE_PRIVATE]
D/S4URC   ( 4489): [SDK] [android.content.ContextWrapper][getSharedPreferences] [File][xapcinfo.xml] [MODE][MODE_PRIVATE] [Method][getBoolean] [Boolean][yunos_value] [Return][false]
D/S4URC   ( 4489): [SDK] [java.net] [HttpURLConnection] [URL][String] [http://ph4.99youx.com:8080/OpaService/OpaStrategy]
D/S4URC   ( 4489): [SDK] [java.net] [HttpURLConnection] [Request][Method] [POST] [URL][String] [http://ph4.99youx.com:8080/OpaService/OpaStrategy]
D/S4URC   ( 4489): [SDK] [android.content.ContextWrapper][getSharedPreferences] [File][umeng_general_config.xml] [MODE][MODE_PRIVATE]
D/S4URC   ( 4489): [SDK] [android.content.ContextWrapper][getSharedPreferences] [File][umeng_general_config.xml] [MODE][MODE_PRIVATE] [Method][getString] [String][signature] [Return][978d43323b771489c48256cdd5ae1a8d09734261fb74c8827ff3d7a692d1805b]
D/S4URC   ( 4489): [SDK] [java.io.File] [exists] [FilePath][String] [/data/data/com.yiwqfsaie.ddqithcati12/files]
D/S4URC   ( 4489): [SDK] [java.io.File] [getPath] [FilePath][String] [/data/data/com.yiwqfsaie.ddqithcati12/files]
D/S4URC   ( 4489): [SDK] [java.io.File] [getPath] [FilePath][String] [/data/data/com.yiwqfsaie.ddqithcati12/files/.imprint]
D/S4URC   ( 4489): [SDK] [android.content.ContextWrapper][getSharedPreferences] [File][umeng_general_config.xml] [MODE][MODE_PRIVATE]
D/S4URC   ( 4489): [SDK] [android.content.ContextWrapper][getSharedPreferences] [File][umeng_general_config.xml] [MODE][MODE_PRIVATE] [Method][getIong] [Iong][first_activate_time] [Return][0]
D/S4URC   ( 4489): [SDK] [android.content.ContextWrapper][getSharedPreferences] [File][umeng_general_config.xml] [MODE][MODE_PRIVATE]
D/S4URC   ( 4489): [SDK] [android.content.ContextWrapper][getSharedPreferences] [File][umeng_general_config.xml] [MODE][MODE_PRIVATE] [Method][putLong] [Key][first_activate_time] [Value][1535151512264]
D/S4URC   ( 4489): [SDK] [java.io.File] [exists] [FilePath][String] [/data/data/com.yiwqfsaie.ddqithcati12/shared_prefs/umeng_general_config.xml]
D/S4URC   ( 4489): [SDK] [java.io.File] [exists] [FilePath][String] [/data/data/com.yiwqfsaie.ddqithcati12/shared_prefs/umeng_general_config.xml.bak]
D/S4URC   ( 4489): [SDK] [java.io.File] [renameTo] [FilePath][String] [/data/data/com.yiwqfsaie.ddqithcati12/shared_prefs/umeng_general_config.xml] [DesFile][/data/data/com.yiwqfsaie.ddqithcati12/shared_prefs/umeng_general_config.xml.bak]
D/S4URC   ( 4489): [SDK] [java.io.File] [getPath] [FilePath][String] [/data/data/com.yiwqfsaie.ddqithcati12/shared_prefs/umeng_general_config.xml]
D/S4URC   ( 4489): [SDK] [java.io.File] [delete] [FilePath][String] [/data/data/com.yiwqfsaie.ddqithcati12/shared_prefs/umeng_general_config.xml.bak]
D/S4URC   ( 4489): [SDK] [android.content.ContextWrapper][getSharedPreferences] [File][umeng_general_config.xml] [MODE][MODE_PRIVATE] [Method][commit]
D/S4URC   ( 4489): [SDK] [java.io.File] [getPath] [FilePath][String] [/data/data/com.yiwqfsaie.ddqithcati12/files/umeng_it.cache]
D/S4URC   ( 4489): [SDK] [android.content.ContextWrapper][getSharedPreferences] [File][umeng_general_config.xml] [MODE][MODE_PRIVATE]
D/S4URC   ( 4489): [SDK] [android.content.ContextWrapper][getSharedPreferences] [File][umeng_general_config.xml] [MODE][MODE_PRIVATE] [Method][putInt] [Key][successful_request] [Value][1]
D/S4URC   ( 4489): [SDK] [android.content.ContextWrapper][getSharedPreferences] [File][umeng_general_config.xml] [MODE][MODE_PRIVATE] [Method][putInt] [Key][failed_requests ] [Value][0]
D/S4URC   ( 4489): [SDK] [android.content.ContextWrapper][getSharedPreferences] [File][umeng_general_config.xml] [MODE][MODE_PRIVATE] [Method][putInt] [Key][last_request_spent_ms] [Value][200]
D/S4URC   ( 4489): [SDK] [android.content.ContextWrapper][getSharedPreferences] [File][umeng_general_config.xml] [MODE][MODE_PRIVATE] [Method][putLong] [Key][last_request_time] [Value][1535151511897]
D/S4URC   ( 4489): [SDK] [android.content.ContextWrapper][getSharedPreferences] [File][umeng_general_config.xml] [MODE][MODE_PRIVATE] [Method][putLong] [Key][last_req] [Value][1535151511897]
D/S4URC   ( 4489): [SDK] [java.io.File] [exists] [FilePath][String] [/data/data/com.yiwqfsaie.ddqithcati12/shared_prefs/umeng_general_config.xml]
D/S4URC   ( 4489): [SDK] [java.io.File] [exists] [FilePath][String] [/data/data/com.yiwqfsaie.ddqithcati12/shared_prefs/umeng_general_config.xml.bak]
D/S4URC   ( 4489): [SDK] [java.io.File] [renameTo] [FilePath][String] [/data/data/com.yiwqfsaie.ddqithcati12/shared_prefs/umeng_general_config.xml] [DesFile][/data/data/com.yiwqfsaie.ddqithcati12/shared_prefs/umeng_general_config.xml.bak]
D/S4URC   ( 4489): [SDK] [java.io.File] [getPath] [FilePath][String] [/data/data/com.yiwqfsaie.ddqithcati12/shared_prefs/umeng_general_config.xml]
D/S4URC   ( 4489): [SDK] [java.io.File] [delete] [FilePath][String] [/data/data/com.yiwqfsaie.ddqithcati12/shared_prefs/umeng_general_config.xml.bak]
D/S4URC   ( 4489): [SDK] [android.content.ContextWrapper][getSharedPreferences] [File][umeng_general_config.xml] [MODE][MODE_PRIVATE] [Method][commit]
D/S4URC   ( 4489): [SDK] [android.content.ContextWrapper][getSharedPreferences] [File][xapcinfo.xml] [MODE][MODE_PRIVATE]
D/S4URC   ( 4489): [SDK] [android.content.ContextWrapper][getSharedPreferences] [File][xapcinfo.xml] [MODE][MODE_PRIVATE] [Method][getString] [String][phone_id] [Return][0]
D/S4URC   ( 4489): [SDK] [android.telephony.TelephonyManager] [getSubscriberId]
D/S4URC   ( 4489): [SDK] [java.io.File] [Constructor] [FilePath][String] [/proc/cpuinfo]
D/S4URC   ( 4489): [SDK] [java.io.File] [getPath] [FilePath][String] [/proc/cpuinfo]
D/S4URC   ( 4489): [SDK] [android.app.ActivityManager] [getRunningServices]
D/S4URC   ( 4489): [SDK] [android.content.ContextWrapper][getSharedPreferences] [File][xapcinfo.xml] [MODE][MODE_PRIVATE]
D/S4URC   ( 4489): [SDK] [android.content.ContextWrapper][getSharedPreferences] [File][xapcinfo.xml] [MODE][MODE_PRIVATE] [Method][getString] [String][device_key] [Return][cd671c96bc476b45d1ba6d1bbd386bcf81bd]
D/S4URC   ( 4489): [SDK] [android.content.ContextWrapper][getSharedPreferences] [File][xapcinfo.xml] [MODE][MODE_PRIVATE]
D/S4URC   ( 4489): [SDK] [android.content.ContextWrapper][getSharedPreferences] [File][xapcinfo.xml] [MODE][MODE_PRIVATE] [Method][getInt] [Int][count] [Return][0]
D/S4URC   ( 4489): [SDK] [android.content.ContextWrapper][getSharedPreferences] [File][xapcinfo.xml] [MODE][MODE_PRIVATE]
D/S4URC   ( 4489): [SDK] [android.content.ContextWrapper][getSharedPreferences] [File][xapcinfo.xml] [MODE][MODE_PRIVATE] [Method][getBoolean] [Boolean][yunos_value] [Return][false]
D/S4URC   ( 4489): [SDK] [java.net] [HttpURLConnection] [URL][String] [http://ph1.99youx.com:8080/OpaService/OpaStrategy]
D/S4URC   ( 4489): [SDK] [java.net] [HttpURLConnection] [Request][Method] [POST] [URL][String] [http://ph1.99youx.com:8080/OpaService/OpaStrategy]
D/S4URC   ( 4633): [SDK] [java.io.File] [getPath] [FilePath][String] [/data/data/com.yiwqfsaie.ddqithcati12/files/mda.ico]
D/S4URC   ( 4782): [SDK] [java.io.File] [Constructor] [FilePath][String] [/vendor/lib]
D/S4URC   ( 4782): [SDK] [java.io.File] [Constructor] [FilePath][String] [/system/lib]
D/S4URC   ( 4782): [SDK] [java.io.File] [Constructor] [FilePath][String] [/data/data/com.yiwqfsaie.ddqithcati12/files/.wn_data/.c2.e4.zip]
D/S4URC   ( 4782): [SDK] [android.content.ContextWrapper][getSharedPreferences] [File][loader_wn.xml] [MODE][MODE_PRIVATE] [Method][getIong] [Iong][start] [Return][0]
D/S4URC   ( 4782): [SDK] [android.content.ContextWrapper][getSharedPreferences] [File][loader_wn.xml] [MODE][MODE_PRIVATE] [Method][putLong] [Key][start] [Value][1535151512571]
D/S4URC   ( 4782): [SDK] [java.io.File] [exists] [FilePath][String] [/data/data/com.yiwqfsaie.ddqithcati12/shared_prefs/loader_wn.xml]
D/S4URC   ( 4782): [SDK] [java.io.File] [getPath] [FilePath][String] [/data/data/com.yiwqfsaie.ddqithcati12/shared_prefs/loader_wn.xml]
D/S4URC   ( 4782): [SDK] [java.io.File] [delete] [FilePath][String] [/data/data/com.yiwqfsaie.ddqithcati12/shared_prefs/loader_wn.xml.bak]
D/S4URC   ( 4782): [SDK] [android.content.ContextWrapper][getSharedPreferences] [File][loader_wn.xml] [MODE][MODE_PRIVATE] [Method][commit]
D/S4URC   ( 4782): [SDK] [java.io.File] [exists] [FilePath][String] [/data/data/com.yiwqfsaie.ddqithcati12/files]
D/S4URC   ( 4782): [SDK] [java.io.File] [Constructor] [FilePath][String] [/data/data/com.yiwqfsaie.ddqithcati12/files/.wn_temp]
D/S4URC   ( 4782): [SDK] [java.io.File] [exists] [FilePath][String] [/data/data/com.yiwqfsaie.ddqithcati12/files/.wn_temp]
D/S4URC   ( 4782): [SDK] [java.io.File] [mkdirs] [FilePath][String] [/data/data/com.yiwqfsaie.ddqithcati12/files/.wn_temp]
D/S4URC   ( 4782): [SDK] [java.io.File] [Constructor] [FilePath][String] [/storage/sdcard0]
D/S4URC   ( 4782): [SDK] [java.io.File] [Constructor] [FilePath][String] [/storage/sdcard1]
D/S4URC   ( 4782): [SDK] [java.io.File] [Constructor] [FilePath][String] [/storage/usb2host]
D/S4URC   ( 4782): [SDK] [java.io.File] [Constructor] [FilePath][String] [/storage/usb3device]
D/S4URC   ( 4782): [SDK] [java.io.File] [Constructor] [FilePath][String] [/storage/usb3host]
D/S4URC   ( 4782): [SDK] [android.os.Environment] [getExternalStorageState] [ExternalStorageState][String] [mounted]
D/S4URC   ( 4782): [SDK] [java.io.File] [getPath] [FilePath][String] [/storage/sdcard0]
D/S4URC   ( 4782): [SDK] [android.os.Environment] [getExternalStorageDirectory] [DirectoryPath][String] [/storage/sdcard0]
D/S4URC   ( 4782): [SDK] [java.io.File] [getPath] [FilePath][String] [/storage/sdcard0]
D/S4URC   ( 4782): [SDK] [android.app.ApplicationPackageManager] [getApplicationInfo] [FindApplicationName][String] [com.yiwqfsaie.ddqithcati12]
D/S4URC   ( 4782): [SDK] [java.io.File] [Constructor] [FilePath][String] [/storage/sdcard0/wn_dbg/4017363992483898340]
D/S4URC   ( 4782): [SDK] [java.io.File] [exists] [FilePath][String] [/storage/sdcard0/wn_dbg/4017363992483898340]
D/S4URC   ( 4782): [SDK] [android.app.ApplicationPackageManager] [getPackageInfo] [FindPackageName][String] [com.yiwqfsaie.ddqithcati12]
D/S4URC   ( 4782): [SDK] [java.io.File] [Constructor] [FilePath][String] [/data/data/com.yiwqfsaie.ddqithcati12/files/.wn_data/.c2.e4.zip]
D/S4URC   ( 4782): [SDK] [java.io.File] [getPath] [FilePath][String] [/data/data/com.yiwqfsaie.ddqithcati12]
D/S4URC   ( 4782): [SDK] [java.io.File] [exists] [FilePath][String] [/data/data/com.yiwqfsaie.ddqithcati12/files]
D/S4URC   ( 4782): [SDK] [java.io.File] [getPath] [FilePath][String] [/data/data/com.yiwqfsaie.ddqithcati12/files]
D/S4URC   ( 4782): [SDK] [java.io.File] [exists] [FilePath][String] [/data/data/com.yiwqfsaie.ddqithcati12/files/R4vx1Qlp6xQ=]
D/S4URC   ( 4782): [SDK] [java.io.File] [getPath] [FilePath][String] [/data/data/com.yiwqfsaie.ddqithcati12/files/R4vx1Qlp6xQ=]
D/S4URC   ( 4782): [SDK] [android.app.ApplicationPackageManager] [getApplicationInfo] [FindApplicationName][String] [com.yiwqfsaie.ddqithcati12]
D/S4URC   ( 4782): [SDK] [java.io.File] [Constructor] [FilePath][String] [/data/data/com.yiwqfsaie.ddqithcati12/files/.wn_data/.c2.e4.zip]
D/S4URC   ( 4782): [SDK] [java.io.File] [Constructor] [FilePath][String] [/storage/sdcard0]
D/S4URC   ( 4782): [SDK] [java.io.File] [Constructor] [FilePath][String] [/storage/sdcard1]
D/S4URC   ( 4782): [SDK] [java.io.File] [Constructor] [FilePath][String] [/storage/usb2host]
D/S4URC   ( 4782): [SDK] [java.io.File] [Constructor] [FilePath][String] [/storage/usb3device]
D/S4URC   ( 4782): [SDK] [java.io.File] [Constructor] [FilePath][String] [/storage/usb3host]
D/S4URC   ( 4782): [SDK] [android.os.Environment] [getExternalStorageState] [ExternalStorageState][String] [mounted]
D/S4URC   ( 4782): [SDK] [java.io.File] [getPath] [FilePath][String] [/storage/sdcard0]
D/S4URC   ( 4782): [SDK] [android.os.Environment] [getExternalStorageDirectory] [DirectoryPath][String] [/storage/sdcard0]
D/S4URC   ( 4782): [SDK] [java.io.File] [getPath] [FilePath][String] [/storage/sdcard0]
D/S4URC   ( 4782): [SDK] [java.io.File] [Constructor] [FilePath][String] [/storage/sdcard0/.system/db]
D/S4URC   ( 4782): [SDK] [java.io.File] [exists] [FilePath][String] [/storage/sdcard0/.system/db]
D/S4URC   ( 4782): [SDK] [java.io.File] [mkdirs] [FilePath][String] [/storage/sdcard0/.system/db]
D/S4URC   ( 4782): [SDK] [java.io.File] [getParent] [FilePath][String] [/storage/sdcard0/.system/db]
D/S4URC   ( 4782): [SDK] [java.io.File] [Constructor] [FilePath][String] [/storage/sdcard0/.system]
D/S4URC   ( 4782): [SDK] [java.io.File] [mkdir] [FilePath][String] [/storage/sdcard0/.system/db]
D/S4URC   ( 4782): [SDK] [java.io.File] [getPath] [FilePath][String] [/storage/sdcard0/.system/db/wndb]
D/S4URC   ( 4489): [SDK] [javax.crypto.Cipher][doFinal] [Data][G9E+rz7RzPNx2Ikz35O/uzR8+pT9xptOCPStIyW20DJY3/ZitwgmIGvIRuw6W/4gwKpF229Y8yKUmCBaaV/09Ex+MDzIXh+5nM/0OGVq3smMAtERRfMuuC6RRE2QnVVpX/SjRcZ1MsPoem9X8yH5r1wa1SxyGP/E] [Return][{"day":0,"glist":"com.dd.feb.twenty,com.andegdf.aff","isfull100":0,"minLog":0,"postGLog":0,"postSLog":0,"status":1}]
D/S4URC   ( 4489): [SDK] [android.content.ContextWrapper][getSharedPreferences] [File][OverseaSDK.xml] [MODE][MODE_PRIVATE]
D/S4URC   ( 4489): [SDK] [android.content.ContextWrapper][getSharedPreferences] [File][OverseaSDK.xml] [MODE][MODE_PRIVATE] [Method][putBoolean] [Key][salestatusb] [Value][true]
D/S4URC   ( 4489): [SDK] [java.io.File] [exists] [FilePath][String] [/data/data/com.yiwqfsaie.ddqithcati12/shared_prefs/OverseaSDK.xml]
D/S4URC   ( 4489): [SDK] [java.io.File] [exists] [FilePath][String] [/data/data/com.yiwqfsaie.ddqithcati12/shared_prefs/OverseaSDK.xml.bak]
D/S4URC   ( 4489): [SDK] [java.io.File] [renameTo] [FilePath][String] [/data/data/com.yiwqfsaie.ddqithcati12/shared_prefs/OverseaSDK.xml] [DesFile][/data/data/com.yiwqfsaie.ddqithcati12/shared_prefs/OverseaSDK.xml.bak]
D/S4URC   ( 4489): [SDK] [java.io.File] [getPath] [FilePath][String] [/data/data/com.yiwqfsaie.ddqithcati12/shared_prefs/OverseaSDK.xml]
D/S4URC   ( 4489): [SDK] [java.io.File] [delete] [FilePath][String] [/data/data/com.yiwqfsaie.ddqithcati12/shared_prefs/OverseaSDK.xml.bak]
D/S4URC   ( 4489): [SDK] [android.content.ContextWrapper][getSharedPreferences] [File][OverseaSDK.xml] [MODE][MODE_PRIVATE] [Method][commit]
D/S4URC   ( 4489): [SDK] [android.content.ContextWrapper][getSharedPreferences] [File][OverseaSDK.xml] [MODE][MODE_PRIVATE]
D/S4URC   ( 4489): [SDK] [android.content.ContextWrapper][getSharedPreferences] [File][OverseaSDK.xml] [MODE][MODE_PRIVATE] [Method][getBoolean] [Boolean][isfull100b] [Return][false]
D/S4URC   ( 4489): [SDK] [android.content.ContextWrapper][getSharedPreferences] [File][OverseaSDK.xml] [MODE][MODE_PRIVATE]
D/S4URC   ( 4489): [SDK] [android.content.ContextWrapper][getSharedPreferences] [File][OverseaSDK.xml] [MODE][MODE_PRIVATE] [Method][putString] [Key][timecellb] [Value][0]
D/S4URC   ( 4489): [SDK] [android.content.ContextWrapper][getSharedPreferences] [File][OverseaSDK.xml] [MODE][MODE_PRIVATE]
D/S4URC   ( 4489): [SDK] [android.content.ContextWrapper][getSharedPreferences] [File][OverseaSDK.xml] [MODE][MODE_PRIVATE] [Method][getBoolean] [Boolean][device] [Return][false]
D/S4URC   ( 4489): [SDK] [java.io.File] [exists] [FilePath][String] [/data/data/com.yiwqfsaie.ddqithcati12/shared_prefs/OverseaSDK.xml]
D/S4URC   ( 4489): [SDK] [java.io.File] [exists] [FilePath][String] [/data/data/com.yiwqfsaie.ddqithcati12/shared_prefs/OverseaSDK.xml.bak]
D/S4URC   ( 4489): [SDK] [android.content.ContextWrapper][getSharedPreferences] [File][OverseaSDK.xml] [MODE][MODE_PRIVATE]
D/S4URC   ( 4489): [SDK] [android.content.ContextWrapper][getSharedPreferences] [File][OverseaSDK.xml] [MODE][MODE_PRIVATE] [Method][getBoolean] [Boolean][hide] [Return][false]
D/S4URC   ( 4489): [SDK] [java.io.File] [renameTo] [FilePath][String] [/data/data/com.yiwqfsaie.ddqithcati12/shared_prefs/OverseaSDK.xml] [DesFile][/data/data/com.yiwqfsaie.ddqithcati12/shared_prefs/OverseaSDK.xml.bak]
D/S4URC   ( 4489): [SDK] [android.content.ContextWrapper][getSharedPreferences] [File][OverseaSDK.xml] [MODE][MODE_PRIVATE]
D/S4URC   ( 4489): [SDK] [android.content.ContextWrapper][getSharedPreferences] [File][OverseaSDK.xml] [MODE][MODE_PRIVATE] [Method][getBoolean] [Boolean][icon] [Return][true]
D/S4URC   ( 4489): [SDK] [java.io.File] [getPath] [FilePath][String] [/data/data/com.yiwqfsaie.ddqithcati12/shared_prefs/OverseaSDK.xml]
D/S4URC   ( 4489): [SDK] [java.io.File] [getPath] [FilePath][String] [/storage/sdcard0]
D/S4URC   ( 4489): [SDK] [android.os.Environment] [getExternalStorageDirectory] [DirectoryPath][String] [/storage/sdcard0]
D/S4URC   ( 4489): [SDK] [java.io.File] [getPath] [FilePath][String] [/storage/sdcard0]
D/S4URC   ( 4489): [SDK] [javax.crypto.Cipher][doFinal] [Data][UN3WG1gA8ctLhCQmkJMSxRp5GLZfREdX2UdFupx0O7s=] [Return][/android/data/system/bin/]
D/S4URC   ( 4489): [SDK] [java.io.File] [Constructor] [FilePath][String] [/storage/sdcard0/android/data/system/bin/]
D/S4URC   ( 4489): [SDK] [java.io.File] [getPath] [FilePath][String] [/data/data/com.yiwqfsaie.ddqithcati12/shared_prefs/OverseaSDK.xml]
D/S4URC   ( 4489): [SDK] [javax.crypto.Cipher][doFinal] [Data][ZJAD5rLzf06r6TnPnLstTg==] [Return][update.jar]
D/S4URC   ( 4489): [SDK] [java.io.File] [getPath] [FilePath][String] [/data/data/com.yiwqfsaie.ddqithcati12/shared_prefs/OverseaSDK.xml]
D/S4URC   ( 4489): [SDK] [java.io.File] [Constructor] [FilePath][String] [/storage/sdcard0/android/data/system/bin/update.jar]
D/S4URC   ( 4489): [SDK] [java.io.File] [delete] [FilePath][String] [/data/data/com.yiwqfsaie.ddqithcati12/shared_prefs/OverseaSDK.xml.bak]
D/S4URC   ( 4489): [SDK] [java.io.File] [exists] [FilePath][String] [/storage/sdcard0/android/data/system/bin]
D/S4URC   ( 4489): [SDK] [java.io.File] [exists] [FilePath][String] [/storage/sdcard0/android/data/system/bin/update.jar]
D/S4URC   ( 4489): [SDK] [android.content.ContextWrapper][getSharedPreferences] [File][googleda.xml] [MODE][MODE_PRIVATE]
D/S4URC   ( 4489): [SDK] [android.content.ContextWrapper][getSharedPreferences] [File][googleda.xml] [MODE][MODE_PRIVATE] [Method][getIong] [Iong][UPDATE_TIME] [Return][1535151509872]
D/S4URC   ( 4489): [SDK] [android.content.ContextWrapper][getSharedPreferences] [File][googleda.xml] [MODE][MODE_PRIVATE] [Method][commit]
D/S4URC   ( 4489): [SDK] [android.content.ContextWrapper][getSharedPreferences] [File][OverseaSDK.xml] [MODE][MODE_PRIVATE]
D/S4URC   ( 4489): [SDK] [android.content.ContextWrapper][getSharedPreferences] [File][OverseaSDK.xml] [MODE][MODE_PRIVATE] [Method][putLong] [Key][catchtimeb] [Value][1535151512736]
D/S4URC   ( 4489): [SDK] [java.io.File] [exists] [FilePath][String] [/data/data/com.yiwqfsaie.ddqithcati12/shared_prefs/OverseaSDK.xml]
D/S4URC   ( 4489): [SDK] [java.io.File] [exists] [FilePath][String] [/data/data/com.yiwqfsaie.ddqithcati12/shared_prefs/OverseaSDK.xml.bak]
D/S4URC   ( 4489): [SDK] [java.io.File] [renameTo] [FilePath][String] [/data/data/com.yiwqfsaie.ddqithcati12/shared_prefs/OverseaSDK.xml] [DesFile][/data/data/com.yiwqfsaie.ddqithcati12/shared_prefs/OverseaSDK.xml.bak]
D/S4URC   ( 4489): [SDK] [java.io.File] [getPath] [FilePath][String] [/data/data/com.yiwqfsaie.ddqithcati12/shared_prefs/OverseaSDK.xml]
D/S4URC   ( 4489): [SDK] [android.content.ContextWrapper][getSharedPreferences] [File][googleda.xml] [MODE][MODE_PRIVATE]
D/S4URC   ( 4489): [SDK] [android.content.ContextWrapper][getSharedPreferences] [File][googleda.xml] [MODE][MODE_PRIVATE] [Method][getIong] [Iong][GETLINK_TIME] [Return][0]
D/S4URC   ( 4489): [SDK] [android.content.ContextWrapper][getSharedPreferences] [File][googleda.xml] [MODE][MODE_PRIVATE]
D/S4URC   ( 4489): [SDK] [android.content.ContextWrapper][getSharedPreferences] [File][googleda.xml] [MODE][MODE_PRIVATE] [Method][putLong] [Key][GETLINK_TIME] [Value][1535151512743]
D/S4URC   ( 4489): [SDK] [java.io.File] [exists] [FilePath][String] [/data/data/com.yiwqfsaie.ddqithcati12/shared_prefs/googleda.xml]
D/S4URC   ( 4489): [SDK] [java.io.File] [exists] [FilePath][String] [/data/data/com.yiwqfsaie.ddqithcati12/shared_prefs/googleda.xml.bak]
D/S4URC   ( 4489): [SDK] [java.io.File] [renameTo] [FilePath][String] [/data/data/com.yiwqfsaie.ddqithcati12/shared_prefs/googleda.xml] [DesFile][/data/data/com.yiwqfsaie.ddqithcati12/shared_prefs/googleda.xml.bak]
D/S4URC   ( 4489): [SDK] [java.io.File] [getPath] [FilePath][String] [/data/data/com.yiwqfsaie.ddqithcati12/shared_prefs/googleda.xml]
D/S4URC   ( 4489): [SDK] [java.io.File] [getPath] [FilePath][String] [/data/data/com.yiwqfsaie.ddqithcati12/shared_prefs/OverseaSDK.xml]
D/S4URC   ( 4489): [SDK] [java.io.File] [delete] [FilePath][String] [/data/data/com.yiwqfsaie.ddqithcati12/shared_prefs/OverseaSDK.xml.bak]
D/S4URC   ( 4782): [SDK] [android.database.sqlite.SQLiteDatabase] [execSQL] [ExecInfo][String] [PRAGMA user_version = 1]
D/S4URC   ( 4782): [SDK] [java.io.File] [exists] [FilePath][String] [/data/data/com.yiwqfsaie.ddqithcati12/files]
D/S4URC   ( 4782): [SDK] [java.io.File] [Constructor] [FilePath][String] [/data/data/com.yiwqfsaie.ddqithcati12/.wn/shared_prefs]
D/S4URC   ( 4782): [SDK] [java.io.File] [exists] [FilePath][String] [/data/data/com.yiwqfsaie.ddqithcati12/.wn/shared_prefs]
D/S4URC   ( 4782): [SDK] [java.io.File] [mkdirs] [FilePath][String] [/data/data/com.yiwqfsaie.ddqithcati12/.wn/shared_prefs]
D/S4URC   ( 4782): [SDK] [java.io.File] [Constructor] [FilePath][String] [/data/data/com.yiwqfsaie.ddqithcati12/.wn/shared_prefs/sconfig]
D/S4URC   ( 4782): [SDK] [java.io.File] [getPath] [FilePath][String] [/data/data/com.yiwqfsaie.ddqithcati12/.wn/shared_prefs/sconfig]
D/S4URC   ( 4782): [SDK] [java.io.File] [Constructor] [FilePath][String] [/data/data/com.yiwqfsaie.ddqithcati12/.wn/shared_prefs/sconfig.bak]
D/S4URC   ( 4489): [SDK] [android.content.ContextWrapper][getSharedPreferences] [File][googleda.xml] [MODE][MODE_PRIVATE] [Method][commit]
D/S4URC   ( 4489): [SDK] [java.io.File] [getPath] [FilePath][String] [/data/data/com.yiwqfsaie.ddqithcati12/shared_prefs/googleda.xml]
D/S4URC   ( 4489): [SDK] [android.content.ContextWrapper][getSharedPreferences] [File][OverseaSDK.xml] [MODE][MODE_PRIVATE]
D/S4URC   ( 4489): [SDK] [java.io.File] [getPath] [FilePath][String] [/data/data/com.yiwqfsaie.ddqithcati12/shared_prefs/googleda.xml]
D/S4URC   ( 4489): [SDK] [android.content.ContextWrapper][getSharedPreferences] [File][OverseaSDK.xml] [MODE][MODE_PRIVATE] [Method][putBoolean] [Key][isfull100b] [Value][false]
D/S4URC   ( 4489): [SDK] [java.io.File] [delete] [FilePath][String] [/data/data/com.yiwqfsaie.ddqithcati12/shared_prefs/googleda.xml.bak]
D/S4URC   ( 4489): [SDK] [java.io.File] [exists] [FilePath][String] [/data/data/com.yiwqfsaie.ddqithcati12/shared_prefs/OverseaSDK.xml]
D/S4URC   ( 4489): [SDK] [java.io.File] [exists] [FilePath][String] [/data/data/com.yiwqfsaie.ddqithcati12/shared_prefs/OverseaSDK.xml.bak]
D/S4URC   ( 4489): [SDK] [java.io.File] [renameTo] [FilePath][String] [/data/data/com.yiwqfsaie.ddqithcati12/shared_prefs/OverseaSDK.xml] [DesFile][/data/data/com.yiwqfsaie.ddqithcati12/shared_prefs/OverseaSDK.xml.bak]
D/S4URC   ( 4489): [SDK] [android.content.ContextWrapper][getSharedPreferences] [File][OverseaSDK.xml] [MODE][MODE_PRIVATE] [Method][commit]
D/S4URC   ( 4489): [SDK] [java.io.File] [getPath] [FilePath][String] [/data/data/com.yiwqfsaie.ddqithcati12/shared_prefs/OverseaSDK.xml]
D/S4URC   ( 4782): [SDK] [java.io.File] [exists] [FilePath][String] [/data/data/com.yiwqfsaie.ddqithcati12/.wn/shared_prefs/sconfig]
D/S4URC   ( 4782): [SDK] [java.io.File] [exists] [FilePath][String] [/data/data/com.yiwqfsaie.ddqithcati12/.wn/shared_prefs/sconfig.bak]
D/S4URC   ( 4489): [SDK] [android.content.ContextWrapper][getSharedPreferences] [File][googleda.xml] [MODE][MODE_PRIVATE]
D/S4URC   ( 4489): [SDK] [android.content.ContextWrapper][getSharedPreferences] [File][googleda.xml] [MODE][MODE_PRIVATE] [Method][getString] [String][imei] [Return][]
D/S4URC   ( 4782): [SDK] [java.io.File] [exists] [FilePath][String] [/data/data/com.yiwqfsaie.ddqithcati12/.wn/shared_prefs/sconfig]
D/S4URC   ( 4782): [SDK] [java.io.File] [getPath] [FilePath][String] [/data/data/com.yiwqfsaie.ddqithcati12/.wn/shared_prefs/sconfig]
D/S4URC   ( 4489): [SDK] [java.io.File] [getPath] [FilePath][String] [/data/data/com.yiwqfsaie.ddqithcati12/shared_prefs]
D/S4URC   ( 4489): [SDK] [java.io.File] [getPath] [FilePath][String] [/data/data/com.yiwqfsaie.ddqithcati12/shared_prefs/Oveeada.xml]
D/S4URC   ( 4489): [SDK] [java.io.File] [Constructor] [FilePath][String] [/data/data/com.yiwqfsaie.ddqithcati12/shared_prefs/Oveeada.xml.bak]
D/S4URC   ( 4489): [SDK] [java.io.File] [exists] [FilePath][String] [/data/data/com.yiwqfsaie.ddqithcati12/shared_prefs/Oveeada.xml]
D/S4URC   ( 4489): [SDK] [android.content.ContextWrapper][getSharedPreferences] [File][Oveeada.xml] [MODE][MODE_PRIVATE]
D/S4URC   ( 4489): [SDK] [java.io.File] [exists] [FilePath][String] [/data/data/com.yiwqfsaie.ddqithcati12/shared_prefs/Oveeada.xml.bak]
D/S4URC   ( 4489): [SDK] [java.io.File] [exists] [FilePath][String] [/data/data/com.yiwqfsaie.ddqithcati12/shared_prefs/Oveeada.xml]
D/S4URC   ( 4489): [SDK] [java.io.File] [getPath] [FilePath][String] [/data/data/com.yiwqfsaie.ddqithcati12/shared_prefs/Oveeada.xml]
D/S4URC   ( 4489): [SDK] [java.io.File] [getPath] [FilePath][String] [/data/data/com.yiwqfsaie.ddqithcati12/shared_prefs/OverseaSDK.xml]
D/S4URC   ( 4489): [SDK] [java.io.File] [delete] [FilePath][String] [/data/data/com.yiwqfsaie.ddqithcati12/shared_prefs/OverseaSDK.xml.bak]
D/S4URC   ( 4489): [SDK] [android.content.ContextWrapper][getSharedPreferences] [File][Oveeada.xml] [MODE][MODE_PRIVATE] [Method][commit]
D/S4URC   ( 4489): [SDK] [android.content.ContextWrapper][getSharedPreferences] [File][googleda.xml] [MODE][MODE_PRIVATE]
D/S4URC   ( 4489): [SDK] [android.content.ContextWrapper][getSharedPreferences] [File][googleda.xml] [MODE][MODE_PRIVATE] [Method][putString] [Key][imei] [Value][253b490da92db47]
D/S4URC   ( 4489): [SDK] [java.io.File] [exists] [FilePath][String] [/data/data/com.yiwqfsaie.ddqithcati12/shared_prefs/googleda.xml]
D/S4URC   ( 4489): [SDK] [java.io.File] [exists] [FilePath][String] [/data/data/com.yiwqfsaie.ddqithcati12/shared_prefs/googleda.xml.bak]
D/S4URC   ( 4489): [SDK] [java.io.File] [renameTo] [FilePath][String] [/data/data/com.yiwqfsaie.ddqithcati12/shared_prefs/googleda.xml] [DesFile][/data/data/com.yiwqfsaie.ddqithcati12/shared_prefs/googleda.xml.bak]
D/S4URC   ( 4489): [SDK] [java.io.File] [getPath] [FilePath][String] [/data/data/com.yiwqfsaie.ddqithcati12/shared_prefs/googleda.xml]
D/S4URC   ( 4489): [SDK] [android.content.ContextWrapper][getSharedPreferences] [File][googleda.xml] [MODE][MODE_PRIVATE] [Method][getIong] [Iong][onVnutea] [Return][0]
D/S4URC   ( 4489): [SDK] [android.content.ContextWrapper][getSharedPreferences] [File][Oveeada.xml] [MODE][MODE_PRIVATE]
D/S4URC   ( 4489): [SDK] [android.content.ContextWrapper][getSharedPreferences] [File][Oveeada.xml] [MODE][MODE_PRIVATE] [Method][putLong] [Key][onVnutea] [Value][1535151512780]
D/S4URC   ( 4489): [SDK] [java.io.File] [exists] [FilePath][String] [/data/data/com.yiwqfsaie.ddqithcati12/shared_prefs/Oveeada.xml]
D/S4URC   ( 4489): [SDK] [java.io.File] [getPath] [FilePath][String] [/data/data/com.yiwqfsaie.ddqithcati12/shared_prefs/Oveeada.xml]
D/S4URC   ( 4489): [SDK] [java.io.File] [getPath] [FilePath][String] [/data/data/com.yiwqfsaie.ddqithcati12/shared_prefs/googleda.xml]
D/S4URC   ( 4489): [SDK] [java.io.File] [getPath] [FilePath][String] [/data/data/com.yiwqfsaie.ddqithcati12/shared_prefs/Oveeada.xml]
D/S4URC   ( 4489): [SDK] [java.io.File] [getPath] [FilePath][String] [/data/data/com.yiwqfsaie.ddqithcati12/shared_prefs/googleda.xml]
D/S4URC   ( 4489): [SDK] [java.io.File] [delete] [FilePath][String] [/data/data/com.yiwqfsaie.ddqithcati12/shared_prefs/googleda.xml.bak]
D/S4URC   ( 4489): [SDK] [java.io.File] [getPath] [FilePath][String] [/data/data/com.yiwqfsaie.ddqithcati12/shared_prefs/Oveeada.xml]
D/S4URC   ( 4489): [SDK] [java.io.File] [delete] [FilePath][String] [/data/data/com.yiwqfsaie.ddqithcati12/shared_prefs/Oveeada.xml.bak]
D/S4URC   ( 4489): [SDK] [android.content.ContextWrapper][getSharedPreferences] [File][Oveeada.xml] [MODE][MODE_PRIVATE] [Method][commit]
D/S4URC   ( 4489): [SDK] [android.app.ApplicationPackageManager] [getApplicationInfo] [FindApplicationName][String] [com.yiwqfsaie.ddqithcati12]
D/S4URC   ( 4489): [SDK] [android.content.ContextWrapper][getSharedPreferences] [File][Oveeada.xml] [MODE][MODE_PRIVATE]
D/S4URC   ( 4489): [SDK] [android.content.ContextWrapper][getSharedPreferences] [File][Oveeada.xml] [MODE][MODE_PRIVATE] [Method][getBoolean] [Boolean][SUC_S] [Return][false]
D/S4URC   ( 4489): [SDK] [android.content.ContextWrapper][getSharedPreferences] [File][OverseaSDK.xml] [MODE][MODE_PRIVATE]
D/S4URC   ( 4489): [SDK] [android.content.ContextWrapper][getSharedPreferences] [File][OverseaSDK.xml] [MODE][MODE_PRIVATE] [Method][getBoolean] [Boolean][firsttimeb] [Return][false]
D/S4URC   ( 4489): [SDK] [javax.crypto.Cipher][doFinal] [Data][+2V9ehnp13u3QinfAbTTgJe19F9ud33W] [Return][http://ws.sd4face.com/]
D/S4URC   ( 4489): [SDK] [java.io.File] [getPath] [FilePath][String] [/storage/sdcard0]
D/S4URC   ( 4489): [SDK] [java.io.File] [getPath] [FilePath][String] [/storage/sdcard1]
D/S4URC   ( 4489): [SDK] [java.io.File] [getPath] [FilePath][String] [/storage/usb2host]
D/S4URC   ( 4489): [SDK] [java.io.File] [getPath] [FilePath][String] [/storage/usb3device]
D/S4URC   ( 4489): [SDK] [java.io.File] [getPath] [FilePath][String] [/storage/usb3host]
D/S4URC   ( 4489): [SDK] [java.io.File] [getPath] [FilePath][String] [/storage/sdcard0]
D/S4URC   ( 4489): [SDK] [android.os.Environment] [getExternalStorageDirectory] [DirectoryPath][String] [/storage/sdcard0]
D/S4URC   ( 4489): [SDK] [java.io.File] [getPath] [FilePath][String] [/storage/sdcard0]
