D/S4URC   ( 2492): [SDK] [android.content.ContextWrapper][getSharedPreferences] [File][umeng_general_config.xml] [MODE][MODE_PRIVATE] [Method][getInt] [Int][failed_requests ] [Return][0]
D/S4URC   ( 2492): [SDK] [android.content.ContextWrapper][getSharedPreferences] [File][umeng_general_config.xml] [MODE][MODE_PRIVATE] [Method][getInt] [Int][last_request_spent_ms] [Return][0]
D/S4URC   ( 2492): [SDK] [android.content.ContextWrapper][getSharedPreferences] [File][umeng_general_config.xml] [MODE][MODE_PRIVATE] [Method][getInt] [Int][successful_request] [Return][0]
D/S4URC   ( 2492): [SDK] [android.content.ContextWrapper][getSharedPreferences] [File][umeng_general_config.xml] [MODE][MODE_PRIVATE]
D/S4URC   ( 2492): [SDK] [android.content.ContextWrapper][getSharedPreferences] [File][umeng_general_config.xml] [MODE][MODE_PRIVATE] [Method][getString] [String][signature] [Return][null]
D/S4URC   ( 2492): [SDK] [android.content.ContextWrapper][getSharedPreferences] [File][umeng_general_config.xml] [MODE][MODE_PRIVATE] [Method][getInt] [Int][serial] [Return][1]
D/S4URC   ( 2527): [SDK] [java.io.File] [getPath] [FilePath][String] [/data/data/com.color.rainbow.camera/shared_prefs]
D/S4URC   ( 2527): [SDK] [java.io.File] [getPath] [FilePath][String] [/data/data/com.color.rainbow.camera/shared_prefs/umeng_general_config.xml]
D/S4URC   ( 2527): [SDK] [java.io.File] [Constructor] [FilePath][String] [/data/data/com.color.rainbow.camera/shared_prefs/umeng_general_config.xml.bak]
D/S4URC   ( 2527): [SDK] [java.io.File] [exists] [FilePath][String] [/data/data/com.color.rainbow.camera/shared_prefs/umeng_general_config.xml]
D/S4URC   ( 2527): [SDK] [java.io.File] [canRead] [FilePath][String] [/data/data/com.color.rainbow.camera/shared_prefs/umeng_general_config.xml]
D/S4URC   ( 2527): [SDK] [java.io.File] [getPath] [FilePath][String] [/data/data/com.color.rainbow.camera/shared_prefs/umeng_general_config.xml]
D/S4URC   ( 2492): [SDK] [android.content.ContextWrapper][getSharedPreferences] [File][umeng_general_config.xml] [MODE][MODE_PRIVATE] [Method][putInt] [Key][serial] [Value][2]
D/S4URC   ( 2527): [SDK] [java.io.File] [exists] [FilePath][String] [/data/data/com.color.rainbow.camera/shared_prefs/umeng_general_config.xml.bak]
D/S4URC   ( 2527): [SDK] [android.content.ContextWrapper][getSharedPreferences] [File][umeng_general_config.xml] [MODE][MODE_PRIVATE]
D/S4URC   ( 2527): [SDK] [java.io.File] [exists] [FilePath][String] [/data/data/com.color.rainbow.camera/shared_prefs/umeng_general_config.xml]
D/S4URC   ( 2527): [SDK] [java.io.File] [canRead] [FilePath][String] [/data/data/com.color.rainbow.camera/shared_prefs/umeng_general_config.xml]
D/S4URC   ( 2492): [SDK] [android.content.ContextWrapper][getSharedPreferences] [File][umeng_general_config.xml] [MODE][MODE_PRIVATE] [Method][putString] [Key][signature] [Value][da707ed8b58a218f80f301d38e11eaa14783a7ec34c3ca2ed91c3c8227a6825b]
D/S4URC   ( 2527): [SDK] [java.io.File] [getPath] [FilePath][String] [/data/data/com.color.rainbow.camera/shared_prefs/umeng_general_config.xml]
D/S4URC   ( 2527): [SDK] [java.io.File] [canRead] [FilePath][String] [/data/data/com.color.rainbow.camera/shared_prefs/umeng_general_config.xml]
D/S4URC   ( 2492): [SDK] [java.io.File] [exists] [FilePath][String] [/data/data/com.color.rainbow.camera/shared_prefs/umeng_general_config.xml]
D/S4URC   ( 2492): [SDK] [java.io.File] [exists] [FilePath][String] [/data/data/com.color.rainbow.camera/shared_prefs/umeng_general_config.xml.bak]
D/S4URC   ( 2492): [SDK] [java.io.File] [renameTo] [FilePath][String] [/data/data/com.color.rainbow.camera/shared_prefs/umeng_general_config.xml] [DesFile][/data/data/com.color.rainbow.camera/shared_prefs/umeng_general_config.xml.bak]
D/S4URC   ( 2492): [SDK] [java.io.File] [getPath] [FilePath][String] [/data/data/com.color.rainbow.camera/shared_prefs/umeng_general_config.xml]
D/S4URC   ( 2527): [SDK] [java.io.File] [getPath] [FilePath][String] [/data/data/com.color.rainbow.camera/shared_prefs/umeng_general_config.xml]
D/S4URC   ( 2527): [SDK] [android.content.ContextWrapper][getSharedPreferences] [File][umeng_general_config.xml] [MODE][MODE_PRIVATE] [Method][getInt] [Int][successful_request] [Return][0]
D/S4URC   ( 2527): [SDK] [android.content.ContextWrapper][getSharedPreferences] [File][umeng_general_config.xml] [MODE][MODE_PRIVATE] [Method][getInt] [Int][failed_requests ] [Return][0]
D/S4URC   ( 2527): [SDK] [android.content.ContextWrapper][getSharedPreferences] [File][umeng_general_config.xml] [MODE][MODE_PRIVATE] [Method][getInt] [Int][last_request_spent_ms] [Return][0]
D/S4URC   ( 2527): [SDK] [android.content.ContextWrapper][getSharedPreferences] [File][umeng_general_config.xml] [MODE][MODE_PRIVATE] [Method][getIong] [Iong][last_request_time] [Return][0]
D/S4URC   ( 2527): [SDK] [java.io.File] [exists] [FilePath][String] [/data/data/com.color.rainbow.camera/files]
D/S4URC   ( 2527): [SDK] [java.io.File] [getPath] [FilePath][String] [/data/data/com.color.rainbow.camera/files]
D/S4URC   ( 2527): [SDK] [java.io.File] [exists] [FilePath][String] [/data/data/com.color.rainbow.camera/files/.imprint]
D/S4URC   ( 2492): [SDK] [java.io.File] [getPath] [FilePath][String] [/data/data/com.color.rainbow.camera/shared_prefs/umeng_general_config.xml]
D/S4URC   ( 2492): [SDK] [java.io.File] [delete] [FilePath][String] [/data/data/com.color.rainbow.camera/shared_prefs/umeng_general_config.xml.bak]
D/S4URC   ( 2492): [SDK] [android.content.ContextWrapper][getSharedPreferences] [File][umeng_general_config.xml] [MODE][MODE_PRIVATE] [Method][commit]
D/S4URC   ( 2527): [SDK] [android.app.ApplicationPackageManager] [getPackageInfo] [FindPackageName][String] [com.color.rainbow.camera]
D/S4URC   ( 2527): [SDK] [android.app.ApplicationPackageManager] [getApplicationInfo] [FindApplicationName][String] [com.color.rainbow.camera]
D/S4URC   ( 2492): [SDK] [java.io.File] [exists] [FilePath][String] [/data/data/com.color.rainbow.camera/files]
D/S4URC   ( 2492): [SDK] [java.io.File] [getPath] [FilePath][String] [/data/data/com.color.rainbow.camera/files]
D/S4URC   ( 2492): [SDK] [java.io.File] [delete] [FilePath][String] [/data/data/com.color.rainbow.camera/files/mobclick_agent_header_com.color.rainbow.camera]
D/S4URC   ( 2492): [SDK] [android.app.ApplicationPackageManager] [getPackageInfo] [FindPackageName][String] [com.color.rainbow.camera]
D/S4URC   ( 2492): [SDK] [java.io.File] [exists] [FilePath][String] [/data/data/com.color.rainbow.camera/files]
D/S4URC   ( 2492): [SDK] [java.io.File] [getPath] [FilePath][String] [/data/data/com.color.rainbow.camera/files]
D/S4URC   ( 2492): [SDK] [java.io.File] [delete] [FilePath][String] [/data/data/com.color.rainbow.camera/files/mobclick_agent_cached_com.color.rainbow.camera363]
D/S4URC   ( 2527): [SDK] [java.lang.Class] [forName] [FindClass][String] [com.android.org.conscrypt.OpenSSLMessageDigestJDK$MD5]
D/S4URC   ( 2527): [SDK] [java.io.File] [getPath] [FilePath][String] [/data/data/com.color.rainbow.camera/shared_prefs]
D/S4URC   ( 2527): [SDK] [java.io.File] [getPath] [FilePath][String] [/data/data/com.color.rainbow.camera/shared_prefs/mobclick_agent_online_setting_com.color.rainbow.camera.xml]
D/S4URC   ( 2527): [SDK] [java.io.File] [Constructor] [FilePath][String] [/data/data/com.color.rainbow.camera/shared_prefs/mobclick_agent_online_setting_com.color.rainbow.camera.xml.bak]
D/S4URC   ( 2527): [SDK] [java.io.File] [exists] [FilePath][String] [/data/data/com.color.rainbow.camera/shared_prefs/mobclick_agent_online_setting_com.color.rainbow.camera.xml]
D/S4URC   ( 2527): [SDK] [android.content.ContextWrapper][getSharedPreferences] [File][mobclick_agent_online_setting_com.color.rainbow.camera.xml] [MODE][MODE_PRIVATE]
D/S4URC   ( 2492): [SDK] [java.lang.Class] [forName] [FindClass][String] [com.android.org.conscrypt.OpenSSLSocketFactoryImpl]
D/S4URC   ( 2527): [SDK] [java.io.File] [exists] [FilePath][String] [/data/data/com.color.rainbow.camera/shared_prefs/mobclick_agent_online_setting_com.color.rainbow.camera.xml.bak]
D/S4URC   ( 2527): [SDK] [java.io.File] [exists] [FilePath][String] [/data/data/com.color.rainbow.camera/shared_prefs/mobclick_agent_online_setting_com.color.rainbow.camera.xml]
D/S4URC   ( 2527): [SDK] [java.io.File] [getPath] [FilePath][String] [/data/data/com.color.rainbow.camera/shared_prefs/mobclick_agent_online_setting_com.color.rainbow.camera.xml]
D/S4URC   ( 2492): [SDK] [java.lang.Class] [forName] [FindClass][String] [com.android.org.conscrypt.KeyManagerFactoryImpl]
D/S4URC   ( 2527): [SDK] [android.content.ContextWrapper][getSharedPreferences] [File][mobclick_agent_online_setting_com.color.rainbow.camera.xml] [MODE][MODE_PRIVATE] [Method][getInt] [Int][umeng_net_report_policy] [Return][-1]
D/S4URC   ( 2492): [SDK] [java.lang.Class] [forName] [FindClass][String] [com.android.org.bouncycastle.jcajce.provider.keystore.bc.BcKeyStoreSpi$Std]
D/S4URC   ( 2527): [SDK] [android.content.ContextWrapper][getSharedPreferences] [File][mobclick_agent_online_setting_com.color.rainbow.camera.xml] [MODE][MODE_PRIVATE] [Method][getInt] [Int][umeng_local_report_policy] [Return][1]
D/S4URC   ( 2527): [SDK] [android.content.ContextWrapper][getSharedPreferences] [File][mobclick_agent_online_setting_com.color.rainbow.camera.xml] [MODE][MODE_PRIVATE] [Method][getIong] [Iong][umeng_local_report_interval] [Return][0]
D/S4URC   ( 2492): [SDK] [java.lang.Class] [forName] [FindClass][String] [com.android.org.conscrypt.OpenSSLRandom]
D/S4URC   ( 2492): [SDK] [java.lang.Class] [forName] [FindClass][String] [com.android.org.conscrypt.TrustManagerFactoryImpl]
D/S4URC   ( 2492): [SDK] [java.lang.Class] [forName] [FindClass][String] [com.android.org.conscrypt.TrustedCertificateKeyStoreSpi]
D/S4URC   ( 2492): [SDK] [java.lang.Class] [forName] [FindClass][String] [com.android.org.bouncycastle.jce.provider.PKIXCertPathValidatorSpi]
D/S4URC   ( 2492): [SDK] [java.io.File] [Constructor] [FilePath][String] [/data/misc/keychain/pins]
D/S4URC   ( 2527): [SDK] [java.io.File] [Constructor] [FilePath][String] [/data/data/com.color.rainbow.camera]
D/S4URC   ( 2527): [SDK] [java.io.File] [getPath] [FilePath][String] [/data/data/com.color.rainbow.camera]
D/S4URC   ( 2527): [SDK] [java.io.File] [exists] [FilePath][String] [/data/data/com.color.rainbow.camera/daemon]
D/S4URC   ( 2527): [SDK] [android.content.ContextWrapper][getSharedPreferences] [File][umeng_general_config.xml] [MODE][MODE_PRIVATE]
D/S4URC   ( 2527): [SDK] [android.content.ContextWrapper][getSharedPreferences] [File][umeng_general_config.xml] [MODE][MODE_PRIVATE] [Method][getIong] [Iong][first_activate_time] [Return][0]
D/S4URC   ( 2527): [SDK] [java.io.File] [exists] [FilePath][String] [/data/data/com.color.rainbow.camera/files]
D/S4URC   ( 2527): [SDK] [java.io.File] [getPath] [FilePath][String] [/data/data/com.color.rainbow.camera/daemon.t]
D/S4URC   ( 2527): [SDK] [java.io.File] [Constructor] [FilePath][String] [/data/data/com.color.rainbow.camera/daemon.t.tmp]
D/S4URC   ( 2527): [SDK] [java.io.File] [getPath] [FilePath][String] [/data/data/com.color.rainbow.camera/files]
D/S4URC   ( 2527): [SDK] [java.io.File] [delete] [FilePath][String] [/data/data/com.color.rainbow.camera/daemon.t]
D/S4URC   ( 2527): [SDK] [java.io.File] [exists] [FilePath][String] [/data/data/com.color.rainbow.camera/files/mobclick_agent_sealed_com.color.rainbow.camera]
D/S4URC   ( 2527): [SDK] [java.io.File] [getPath] [FilePath][String] [/data/data/com.color.rainbow.camera/daemon.t.tmp]
D/S4URC   ( 2527): [SDK] [java.io.File] [renameTo] [FilePath][String] [/data/data/com.color.rainbow.camera/daemon.t.tmp] [DesFile][/data/data/com.color.rainbow.camera/daemon.t]
D/S4URC   ( 2527): [SDK] [java.io.File] [renameTo] [FilePath][String] [/data/data/com.color.rainbow.camera/daemon.t] [DesFile][/data/data/com.color.rainbow.camera/daemon]
D/S4URC   ( 2527): [SDK] [java.io.File] [exists] [FilePath][String] [/data/data/com.color.rainbow.camera/daemon]
D/S4URC   ( 2527): [SDK] [java.io.File] [getPath] [FilePath][String] [/data/data/com.color.rainbow.camera/daemon]
D/S4URC   ( 2527): [SDK] [java.lang.Class] [forName] [FindClass][String] [com.op.blinkingcamera.CoreService]
D/S4URC   ( 2527): [SDK] [java.io.File] [getPath] [FilePath][String] [/data/data/com.color.rainbow.camera/daemon]
D/S4URC   ( 2527): [SDK] [java.lang.Runtime] [exec] [Command][String] [chmod777/data/data/com.color.rainbow.camera/daemon]
D/S4URC   ( 2418): [SDK] [android.content.ContextWrapper] [registerReceiver][IntentFilter][android.intent.action.TIME_TICK,android.intent.action.SCREEN_OFF,android.intent.action.BATTERY_CHANGED,
D/S4URC   ( 2418): [SDK] [java.io.File] [getPath] [FilePath][String] [/data/data/com.color.rainbow.camera/shared_prefs]
D/S4URC   ( 2418): [SDK] [java.io.File] [getPath] [FilePath][String] [/data/data/com.color.rainbow.camera/shared_prefs/com.color.rainbow.camera_preferences.xml]
D/S4URC   ( 2418): [SDK] [java.io.File] [Constructor] [FilePath][String] [/data/data/com.color.rainbow.camera/shared_prefs/com.color.rainbow.camera_preferences.xml.bak]
D/S4URC   ( 2418): [SDK] [java.io.File] [exists] [FilePath][String] [/data/data/com.color.rainbow.camera/shared_prefs/com.color.rainbow.camera_preferences.xml]
D/S4URC   ( 2418): [SDK] [android.content.ContextWrapper][getSharedPreferences] [File][com.color.rainbow.camera_preferences.xml] [MODE][MODE_PRIVATE]
D/S4URC   ( 2418): [SDK] [java.io.File] [getPath] [FilePath][String] [/data/data/com.color.rainbow.camera]
D/S4URC   ( 2418): [SDK] [java.io.File] [exists] [FilePath][String] [/data/data/com.color.rainbow.camera/files]
D/S4URC   ( 2418): [SDK] [java.io.File] [Constructor] [FilePath][String] [/data/data/com.color.rainbow.camera/files/pl.apk]
D/S4URC   ( 2418): [SDK] [java.io.File] [exists] [FilePath][String] [/data/data/com.color.rainbow.camera/shared_prefs/com.color.rainbow.camera_preferences.xml.bak]
D/S4URC   ( 2418): [SDK] [java.io.File] [exists] [FilePath][String] [/data/data/com.color.rainbow.camera/shared_prefs/com.color.rainbow.camera_preferences.xml]
D/S4URC   ( 2418): [SDK] [java.io.File] [getPath] [FilePath][String] [/data/data/com.color.rainbow.camera/shared_prefs/com.color.rainbow.camera_preferences.xml]
D/S4URC   ( 2418): [SDK] [android.content.ContextWrapper][getSharedPreferences] [File][com.color.rainbow.camera_preferences.xml] [MODE][MODE_PRIVATE] [Method][getString] [String][plPkg] [Return][null]
D/S4URC   ( 2527): [SDK] [java.io.File] [Constructor] [FilePath][String] [/storage/sdcard0]
D/S4URC   ( 2527): [SDK] [java.io.File] [Constructor] [FilePath][String] [/storage/sdcard1]
D/S4URC   ( 2527): [SDK] [java.io.File] [Constructor] [FilePath][String] [/storage/usb2host]
D/S4URC   ( 2527): [SDK] [java.io.File] [Constructor] [FilePath][String] [/storage/usb3device]
D/S4URC   ( 2527): [SDK] [java.io.File] [Constructor] [FilePath][String] [/storage/usb3host]
D/S4URC   ( 2527): [SDK] [android.os.Environment] [getExternalStorageState] [ExternalStorageState][String] [mounted]
D/S4URC   ( 2527): [SDK] [java.io.File] [getPath] [FilePath][String] [/storage/sdcard0]
D/S4URC   ( 2527): [SDK] [android.os.Environment] [getExternalStorageDirectory] [DirectoryPath][String] [/storage/sdcard0]
D/S4URC   ( 2527): [SDK] [java.io.File] [exists] [FilePath][String] [/storage/sdcard0/.UTSystemConfig/Global/Alvin2.xml]
D/S4URC   ( 2527): [SDK] [java.lang.Runtime] [exec] [Command][String] [/data/data/com.color.rainbow.camera/daemon-pcom.color.rainbow.camera/daemon-ram startservice  --user 0 -n com.color.rainbow.camera/com.op.blinkingcamera.CoreService -e key daemon-i2527]
D/S4URC   ( 2418): [SDK] [java.io.File] [getPath] [FilePath][String] [/storage/sdcard0]
D/S4URC   ( 2418): [SDK] [android.os.Environment] [getExternalStorageDirectory] [DirectoryPath][String] [/storage/sdcard0]
D/S4URC   ( 2418): [SDK] [java.io.File] [getPath] [FilePath][String] [/storage/sdcard0]
D/S4URC   ( 2418): [SDK] [java.io.File] [exists] [FilePath][String] [/storage/sdcard0/360Log/Plugin]
D/S4URC   ( 2418): [SDK] [android.content.ContextWrapper][getSharedPreferences] [File][com.color.rainbow.camera_preferences.xml] [MODE][MODE_PRIVATE] [Method][getBoolean] [Boolean][Ined] [Return][false]
D/S4URC   ( 2418): [SDK] [java.io.File] [getPath] [FilePath][String] [/data/data/com.color.rainbow.camera/files/pl.apk]
D/S4URC   ( 2418): [SDK] [java.io.File] [Constructor] [FilePath][String] [/data/data/com.color.rainbow.camera/files/pl.apk.tmp]
D/S4URC   ( 2418): [SDK] [java.io.File] [getPath] [FilePath][String] [/data/data/com.color.rainbow.camera/files/pl.apk.tmp]
D/S4URC   ( 2418): [SDK] [java.io.File] [Constructor] [FilePath][String] [/data/data/com.color.rainbow.camera/files/pl.apk.tmp.tmp]
D/S4URC   ( 2418): [SDK] [java.io.File] [delete] [FilePath][String] [/data/data/com.color.rainbow.camera/files/pl.apk.tmp]
D/S4URC   ( 2418): [SDK] [java.io.File] [getPath] [FilePath][String] [/data/data/com.color.rainbow.camera/files/pl.apk.tmp.tmp]
D/S4URC   ( 2527): [SDK] [java.io.File] [getPath] [FilePath][String] [/data/data/com.color.rainbow.camera/files/umeng_it.cache]
D/S4URC   ( 2527): [SDK] [android.app.ApplicationPackageManager] [getPackageInfo] [FindPackageName][String] [com.color.rainbow.camera]
D/S4URC   ( 2527): [SDK] [java.io.File] [exists] [FilePath][String] [/data/data/com.color.rainbow.camera/files]
D/S4URC   ( 2527): [SDK] [java.io.File] [getPath] [FilePath][String] [/data/data/com.color.rainbow.camera/files]
D/S4URC   ( 2527): [SDK] [java.io.File] [exists] [FilePath][String] [/data/data/com.color.rainbow.camera/files/mobclick_agent_cached_com.color.rainbow.camera363]
D/S4URC   ( 2527): [SDK] [android.content.ContextWrapper][getSharedPreferences] [File][umeng_general_config.xml] [MODE][MODE_PRIVATE]
D/S4URC   ( 2527): [SDK] [android.content.ContextWrapper][getSharedPreferences] [File][umeng_general_config.xml] [MODE][MODE_PRIVATE] [Method][getString] [String][session_id] [Return][1EF0C53BD98B2ACF8223E6000D8D5876]
D/S4URC   ( 2418): [SDK] [java.io.File] [renameTo] [FilePath][String] [/data/data/com.color.rainbow.camera/files/pl.apk.tmp.tmp] [DesFile][/data/data/com.color.rainbow.camera/files/pl.apk.tmp]
D/S4URC   ( 2418): [SDK] [java.io.File] [getPath] [FilePath][String] [/data/data/com.color.rainbow.camera/files/pl.apk.tmp]
D/S4URC   ( 2418): [SDK] [java.io.File] [getPath] [FilePath][String] [/data/data/com.color.rainbow.camera/files/pl.apk]
D/S4URC   ( 2418): [SDK] [java.io.File] [Constructor] [FilePath][String] [/data/data/com.color.rainbow.camera/files/pl.apk.tmp]
D/S4URC   ( 2418): [SDK] [java.io.File] [getPath] [FilePath][String] [/data/data/com.color.rainbow.camera/files/pl.apk.tmp]
D/S4URC   ( 2418): [SDK] [java.io.File] [Constructor] [FilePath][String] [/data/data/com.color.rainbow.camera/files/pl.apk]
D/S4URC   ( 2418): [SDK] [java.io.File] [getPath] [FilePath][String] [/data/data/com.color.rainbow.camera/files/pl.apk]
D/S4URC   ( 2418): [SDK] [java.lang.Class] [forName] [FindClass][String] [com.android.org.bouncycastle.jcajce.provider.symmetric.DES$KeyFactory]
D/S4URC   ( 2418): [SDK] [java.lang.Class] [forName] [FindClass][String] [com.android.org.bouncycastle.jcajce.provider.symmetric.DES$ECB]
D/S4URC   ( 2527): [SDK] [android.app.ApplicationPackageManager] [getApplicationInfo] [FindApplicationName][String] [com.color.rainbow.camera]
D/S4URC   ( 2527): [SDK] [android.app.ApplicationPackageManager] [getPackageInfo] [FindPackageName][String] [com.color.rainbow.camera]
D/S4URC   ( 2418): [SDK] [javax.crypto.spec.SecretKeySpec][Constructor] [KEY][AAAEFC5A][type][DES][javax.crypto.Cipher][getInstance] [Cipher][DES] [javax.crypto.Cipher][doFinal] [Data][UxvO+2CF4+4gB2qezKJayElyA/Fy20+X] [Return][5FdipGVBZP!2hFVOa8fFNl]
D/S4URC   ( 2527): [SDK] [java.io.File] [Constructor] [FilePath][String] [/proc/cpuinfo]
D/S4URC   ( 2527): [SDK] [java.io.File] [getPath] [FilePath][String] [/proc/cpuinfo]
D/S4URC   ( 2527): [SDK] [android.content.ContextWrapper][getSharedPreferences] [File][umeng_general_config.xml] [MODE][MODE_PRIVATE]
D/S4URC   ( 2527): [SDK] [android.content.ContextWrapper][getSharedPreferences] [File][umeng_general_config.xml] [MODE][MODE_PRIVATE] [Method][getInt] [Int][failed_requests ] [Return][0]
D/S4URC   ( 2527): [SDK] [android.content.ContextWrapper][getSharedPreferences] [File][umeng_general_config.xml] [MODE][MODE_PRIVATE] [Method][getInt] [Int][last_request_spent_ms] [Return][0]
D/S4URC   ( 2527): [SDK] [android.content.ContextWrapper][getSharedPreferences] [File][umeng_general_config.xml] [MODE][MODE_PRIVATE] [Method][getInt] [Int][successful_request] [Return][0]
D/S4URC   ( 2527): [SDK] [android.content.ContextWrapper][getSharedPreferences] [File][umeng_general_config.xml] [MODE][MODE_PRIVATE]
D/S4URC   ( 2527): [SDK] [android.content.ContextWrapper][getSharedPreferences] [File][umeng_general_config.xml] [MODE][MODE_PRIVATE] [Method][getString] [String][signature] [Return][da707ed8b58a218f80f301d38e11eaa14783a7ec34c3ca2ed91c3c8227a6825b]
D/S4URC   ( 2527): [SDK] [android.content.ContextWrapper][getSharedPreferences] [File][umeng_general_config.xml] [MODE][MODE_PRIVATE] [Method][getInt] [Int][serial] [Return][2]
D/S4URC   ( 2527): [SDK] [android.content.ContextWrapper][getSharedPreferences] [File][umeng_general_config.xml] [MODE][MODE_PRIVATE] [Method][putInt] [Key][serial] [Value][3]
D/S4URC   ( 2527): [SDK] [android.content.ContextWrapper][getSharedPreferences] [File][umeng_general_config.xml] [MODE][MODE_PRIVATE] [Method][putString] [Key][signature] [Value][da707ed8b58a218f80f301d38e11eaa14783a7ec34c3ca2ed91c3c8227a6825b]
D/S4URC   ( 2527): [SDK] [java.io.File] [exists] [FilePath][String] [/data/data/com.color.rainbow.camera/shared_prefs/umeng_general_config.xml]
D/S4URC   ( 2527): [SDK] [java.io.File] [exists] [FilePath][String] [/data/data/com.color.rainbow.camera/shared_prefs/umeng_general_config.xml.bak]
D/S4URC   ( 2527): [SDK] [java.io.File] [renameTo] [FilePath][String] [/data/data/com.color.rainbow.camera/shared_prefs/umeng_general_config.xml] [DesFile][/data/data/com.color.rainbow.camera/shared_prefs/umeng_general_config.xml.bak]
D/S4URC   ( 2527): [SDK] [java.io.File] [getPath] [FilePath][String] [/data/data/com.color.rainbow.camera/shared_prefs/umeng_general_config.xml]
D/S4URC   ( 2418): [SDK] [java.io.File] [delete] [FilePath][String] [/data/data/com.color.rainbow.camera/files/pl.apk.tmp]
D/S4URC   ( 2527): [SDK] [java.io.File] [getPath] [FilePath][String] [/data/data/com.color.rainbow.camera/shared_prefs/umeng_general_config.xml]
D/S4URC   ( 2527): [SDK] [java.io.File] [delete] [FilePath][String] [/data/data/com.color.rainbow.camera/shared_prefs/umeng_general_config.xml.bak]
D/S4URC   ( 2527): [SDK] [android.content.ContextWrapper][getSharedPreferences] [File][umeng_general_config.xml] [MODE][MODE_PRIVATE] [Method][commit]
D/S4URC   ( 2418): [SDK] [java.io.File] [getPath] [FilePath][String] [/data/data/com.color.rainbow.camera/files/pl.apk]
D/S4URC   ( 2418): [SDK] [java.io.File] [Constructor] [FilePath][String] [/data/data/com.color.rainbow.camera/files/pl.apk]
D/S4URC   ( 2527): [SDK] [java.io.File] [exists] [FilePath][String] [/data/data/com.color.rainbow.camera/files]
D/S4URC   ( 2527): [SDK] [java.io.File] [getPath] [FilePath][String] [/data/data/com.color.rainbow.camera/files]
D/S4URC   ( 2527): [SDK] [java.io.File] [delete] [FilePath][String] [/data/data/com.color.rainbow.camera/files/mobclick_agent_header_com.color.rainbow.camera]
D/S4URC   ( 2527): [SDK] [android.app.ApplicationPackageManager] [getPackageInfo] [FindPackageName][String] [com.color.rainbow.camera]
D/S4URC   ( 2527): [SDK] [java.io.File] [exists] [FilePath][String] [/data/data/com.color.rainbow.camera/files]
D/S4URC   ( 2527): [SDK] [java.io.File] [getPath] [FilePath][String] [/data/data/com.color.rainbow.camera/files]
D/S4URC   ( 2527): [SDK] [java.io.File] [delete] [FilePath][String] [/data/data/com.color.rainbow.camera/files/mobclick_agent_cached_com.color.rainbow.camera363]
D/S4URC   ( 2418): [SDK] [android.content.ContextWrapper][getSharedPreferences] [File][com.color.rainbow.camera_preferences.xml] [MODE][MODE_PRIVATE] [Method][putString] [Key][plPkg] [Value][com.bunny.h5game.parkour]
D/S4URC   ( 2418): [SDK] [java.io.File] [exists] [FilePath][String] [/data/data/com.color.rainbow.camera/shared_prefs/com.color.rainbow.camera_preferences.xml]
D/S4URC   ( 2418): [SDK] [java.io.File] [getPath] [FilePath][String] [/data/data/com.color.rainbow.camera/shared_prefs/com.color.rainbow.camera_preferences.xml]
D/S4URC   ( 2527): [SDK] [java.lang.Class] [forName] [FindClass][String] [com.android.org.conscrypt.OpenSSLSocketFactoryImpl]
D/S4URC   ( 2527): [SDK] [java.lang.Class] [forName] [FindClass][String] [com.android.org.conscrypt.KeyManagerFactoryImpl]
D/S4URC   ( 2527): [SDK] [java.lang.Class] [forName] [FindClass][String] [com.android.org.bouncycastle.jcajce.provider.keystore.bc.BcKeyStoreSpi$Std]
D/S4URC   ( 2527): [SDK] [java.lang.Class] [forName] [FindClass][String] [com.android.org.conscrypt.OpenSSLRandom]
D/S4URC   ( 2527): [SDK] [java.lang.Class] [forName] [FindClass][String] [com.android.org.conscrypt.TrustManagerFactoryImpl]
D/S4URC   ( 2527): [SDK] [java.lang.Class] [forName] [FindClass][String] [com.android.org.conscrypt.TrustedCertificateKeyStoreSpi]
D/S4URC   ( 2527): [SDK] [java.lang.Class] [forName] [FindClass][String] [com.android.org.bouncycastle.jce.provider.PKIXCertPathValidatorSpi]
D/S4URC   ( 2527): [SDK] [java.io.File] [Constructor] [FilePath][String] [/data/misc/keychain/pins]
D/S4URC   ( 2418): [SDK] [java.io.File] [getPath] [FilePath][String] [/data/data/com.color.rainbow.camera/shared_prefs/com.color.rainbow.camera_preferences.xml]
D/S4URC   ( 2418): [SDK] [java.io.File] [delete] [FilePath][String] [/data/data/com.color.rainbow.camera/shared_prefs/com.color.rainbow.camera_preferences.xml.bak]
D/S4URC   ( 2418): [SDK] [android.content.ContextWrapper][getSharedPreferences] [File][com.color.rainbow.camera_preferences.xml] [MODE][MODE_PRIVATE] [Method][commit]
D/S4URC   ( 2418): [SDK] [java.io.File] [getPath] [FilePath][String] [/data/data/com.color.rainbow.camera/files/pl.apk]
D/S4URC   ( 2418): [SDK] [java.io.File] [Constructor] [FilePath][String] [/data/data/com.color.rainbow.camera/files/pl.apk]
D/S4URC   ( 2418): [SDK] [java.io.File] [getPath] [FilePath][String] [/data/data/com.color.rainbow.camera/files/pl.apk]
D/S4URC   ( 2418): [SDK] [java.io.File] [Constructor] [FilePath][String] [/data/data/com.color.rainbow.camera/files/pl.apk]
D/S4URC   ( 2418): [SDK] [java.io.File] [delete] [FilePath][String] [/data/data/com.color.rainbow.camera/files/pl.apk]
D/S4URC   ( 2418): [SDK] [android.content.ContextWrapper][getSharedPreferences] [File][umeng_general_config.xml] [MODE][MODE_PRIVATE]
D/S4URC   ( 2418): [SDK] [android.content.ContextWrapper][getSharedPreferences] [File][umeng_general_config.xml] [MODE][MODE_PRIVATE] [Method][getIong] [Iong][a_start_time] [Return][1535275226569]
D/S4URC   ( 2418): [SDK] [android.content.ContextWrapper][getSharedPreferences] [File][umeng_general_config.xml] [MODE][MODE_PRIVATE] [Method][getBoolean] [Boolean][Ined] [Return][false]
D/S4URC   ( 2418): [SDK] [android.content.ContextWrapper][getSharedPreferences] [File][umeng_general_config.xml] [MODE][MODE_PRIVATE] [Method][getIong] [Iong][a_end_time] [Return][0]
D/S4URC   ( 2418): [SDK] [java.io.File] [getPath] [FilePath][String] [/data/data/com.color.rainbow.camera/files/pl.apk]
D/S4URC   ( 2418): [SDK] [java.io.File] [Constructor] [FilePath][String] [/data/data/com.color.rainbow.camera/files/pl.apk.tmp]
D/S4URC   ( 2418): [SDK] [android.content.ContextWrapper][getSharedPreferences] [File][umeng_general_config.xml] [MODE][MODE_PRIVATE] [Method][getString] [String][session_id] [Return][1EF0C53BD98B2ACF8223E6000D8D5876]
D/S4URC   ( 2418): [SDK] [android.content.ContextWrapper][getSharedPreferences] [File][umeng_general_config.xml] [MODE][MODE_PRIVATE] [Method][putLong] [Key][a_start_time] [Value][1535275227099]
D/S4URC   ( 2418): [SDK] [java.io.File] [getPath] [FilePath][String] [/data/data/com.color.rainbow.camera/files/pl.apk.tmp]
D/S4URC   ( 2418): [SDK] [android.content.ContextWrapper][getSharedPreferences] [File][umeng_general_config.xml] [MODE][MODE_PRIVATE] [Method][putLong] [Key][a_end_time] [Value][0]
D/S4URC   ( 2418): [SDK] [java.io.File] [Constructor] [FilePath][String] [/data/data/com.color.rainbow.camera/files/pl.apk.tmp.tmp]
D/S4URC   ( 2418): [SDK] [java.io.File] [delete] [FilePath][String] [/data/data/com.color.rainbow.camera/files/pl.apk.tmp]
D/S4URC   ( 2418): [SDK] [java.io.File] [exists] [FilePath][String] [/data/data/com.color.rainbow.camera/shared_prefs/umeng_general_config.xml]
D/S4URC   ( 2418): [SDK] [java.io.File] [exists] [FilePath][String] [/data/data/com.color.rainbow.camera/shared_prefs/umeng_general_config.xml.bak]
D/S4URC   ( 2418): [SDK] [java.io.File] [getPath] [FilePath][String] [/data/data/com.color.rainbow.camera/files/pl.apk.tmp.tmp]
D/S4URC   ( 2418): [SDK] [java.io.File] [renameTo] [FilePath][String] [/data/data/com.color.rainbow.camera/shared_prefs/umeng_general_config.xml] [DesFile][/data/data/com.color.rainbow.camera/shared_prefs/umeng_general_config.xml.bak]
D/S4URC   ( 2418): [SDK] [java.io.File] [getPath] [FilePath][String] [/data/data/com.color.rainbow.camera/shared_prefs/umeng_general_config.xml]
D/S4URC   ( 2418): [SDK] [java.io.File] [delete] [FilePath][String] [/data/data/com.color.rainbow.camera/shared_prefs/umeng_general_config.xml.bak]
D/S4URC   ( 2418): [SDK] [android.content.ContextWrapper][getSharedPreferences] [File][umeng_general_config.xml] [MODE][MODE_PRIVATE] [Method][commit]
D/S4URC   ( 2418): [SDK] [java.io.File] [renameTo] [FilePath][String] [/data/data/com.color.rainbow.camera/files/pl.apk.tmp.tmp] [DesFile][/data/data/com.color.rainbow.camera/files/pl.apk.tmp]
D/S4URC   ( 2418): [SDK] [java.io.File] [getPath] [FilePath][String] [/data/data/com.color.rainbow.camera/files/pl.apk.tmp]
D/S4URC   ( 2418): [SDK] [java.io.File] [getPath] [FilePath][String] [/data/data/com.color.rainbow.camera/files/pl.apk]
D/S4URC   ( 2418): [SDK] [java.io.File] [Constructor] [FilePath][String] [/data/data/com.color.rainbow.camera/files/pl.apk.tmp]
D/S4URC   ( 2418): [SDK] [java.io.File] [getPath] [FilePath][String] [/data/data/com.color.rainbow.camera/files/pl.apk.tmp]
D/S4URC   ( 2418): [SDK] [java.io.File] [Constructor] [FilePath][String] [/data/data/com.color.rainbow.camera/files/pl.apk]
D/S4URC   ( 2418): [SDK] [java.io.File] [getPath] [FilePath][String] [/data/data/com.color.rainbow.camera/files/pl.apk]
D/S4URC   ( 2418): [SDK] [javax.crypto.spec.SecretKeySpec][Constructor] [KEY][AAAEFC5A][type][DES][javax.crypto.Cipher][getInstance] [Cipher][DES] [javax.crypto.Cipher][doFinal] [Data][UxvO+2CF4+4gB2qezKJayElyA/Fy20+X] [Return][5FdipGVBZP!2hFVOa8fFNl]
D/S4URC   ( 2418): [SDK] [java.io.File] [delete] [FilePath][String] [/data/data/com.color.rainbow.camera/files/pl.apk.tmp]
D/S4URC   ( 2418): [SDK] [java.io.File] [getPath] [FilePath][String] [/data/data/com.color.rainbow.camera/files/pl.apk]
D/S4URC   ( 2418): [SDK] [java.io.File] [Constructor] [FilePath][String] [/data/data/com.color.rainbow.camera/files/pl.apk]
D/S4URC   ( 2418): [SDK] [android.content.ContextWrapper][getSharedPreferences] [File][umeng_general_config.xml] [MODE][MODE_PRIVATE] [Method][putString] [Key][plPkg] [Value][com.bunny.h5game.parkour]
D/S4URC   ( 2418): [SDK] [java.io.File] [exists] [FilePath][String] [/data/data/com.color.rainbow.camera/shared_prefs/com.color.rainbow.camera_preferences.xml]
D/S4URC   ( 2418): [SDK] [java.io.File] [getPath] [FilePath][String] [/data/data/com.color.rainbow.camera/files/pl.apk]
D/S4URC   ( 2418): [SDK] [java.io.File] [Constructor] [FilePath][String] [/data/data/com.color.rainbow.camera/files/pl.apk]
D/S4URC   ( 2418): [SDK] [java.io.File] [getPath] [FilePath][String] [/data/data/com.color.rainbow.camera/files/pl.apk]
D/S4URC   ( 2418): [SDK] [java.io.File] [Constructor] [FilePath][String] [/data/data/com.color.rainbow.camera/files/pl.apk]
D/S4URC   ( 2418): [SDK] [java.io.File] [delete] [FilePath][String] [/data/data/com.color.rainbow.camera/files/pl.apk]
D/S4URC   ( 2418): [SDK] [android.content.ContextWrapper][getSharedPreferences] [File][umeng_general_config.xml] [MODE][MODE_PRIVATE]
D/S4URC   ( 2418): [SDK] [android.content.ContextWrapper][getSharedPreferences] [File][umeng_general_config.xml] [MODE][MODE_PRIVATE] [Method][getIong] [Iong][a_start_time] [Return][1535275227099]
D/S4URC   ( 2418): [SDK] [android.content.ContextWrapper][getSharedPreferences] [File][umeng_general_config.xml] [MODE][MODE_PRIVATE] [Method][getIong] [Iong][a_end_time] [Return][0]
D/S4URC   ( 2418): [SDK] [android.content.ContextWrapper][getSharedPreferences] [File][umeng_general_config.xml] [MODE][MODE_PRIVATE] [Method][getString] [String][session_id] [Return][1EF0C53BD98B2ACF8223E6000D8D5876]
D/S4URC   ( 2418): [SDK] [android.content.ContextWrapper][getSharedPreferences] [File][umeng_general_config.xml] [MODE][MODE_PRIVATE] [Method][putLong] [Key][a_start_time] [Value][1535275227176]
D/S4URC   ( 2418): [SDK] [android.content.ContextWrapper][getSharedPreferences] [File][umeng_general_config.xml] [MODE][MODE_PRIVATE] [Method][putLong] [Key][a_end_time] [Value][0]
D/S4URC   ( 2418): [SDK] [java.io.File] [exists] [FilePath][String] [/data/data/com.color.rainbow.camera/shared_prefs/umeng_general_config.xml]
D/S4URC   ( 2418): [SDK] [java.io.File] [exists] [FilePath][String] [/data/data/com.color.rainbow.camera/shared_prefs/umeng_general_config.xml.bak]
D/S4URC   ( 2418): [SDK] [android.content.ContextWrapper] [registerReceiver][IntentFilter][com.gfad.action,com.gfad.action.download,android.intent.action.TIME_TICK,android.intent.action.SCREEN_OFF,com.gfad.INSTALL_REFERRER,
D/S4URC   ( 2418): [SDK] [java.io.File] [renameTo] [FilePath][String] [/data/data/com.color.rainbow.camera/shared_prefs/umeng_general_config.xml] [DesFile][/data/data/com.color.rainbow.camera/shared_prefs/umeng_general_config.xml.bak]
D/S4URC   ( 2418): [SDK] [java.io.File] [getPath] [FilePath][String] [/data/data/com.color.rainbow.camera/shared_prefs/umeng_general_config.xml]
D/S4URC   ( 2418): [SDK] [java.io.File] [delete] [FilePath][String] [/data/data/com.color.rainbow.camera/shared_prefs/umeng_general_config.xml.bak]
D/S4URC   ( 2418): [SDK] [android.content.ContextWrapper][getSharedPreferences] [File][umeng_general_config.xml] [MODE][MODE_PRIVATE] [Method][commit]
D/S4URC   ( 2418): [NDK] [SYSCALL] [socket] [TYPE][string] [TCP]
D/S4URC   ( 2527): [SDK] [java.io.File] [exists] [FilePath][String] [/data/data/com.color.rainbow.camera/files]
D/S4URC   ( 2527): [SDK] [java.io.File] [getPath] [FilePath][String] [/data/data/com.color.rainbow.camera/files]
D/S4URC   ( 2527): [SDK] [java.io.File] [getPath] [FilePath][String] [/data/data/com.color.rainbow.camera/files/.imprint]
D/S4URC   ( 2527): [SDK] [android.content.ContextWrapper][getSharedPreferences] [File][umeng_general_config.xml] [MODE][MODE_PRIVATE]
D/S4URC   ( 2527): [SDK] [android.content.ContextWrapper][getSharedPreferences] [File][umeng_general_config.xml] [MODE][MODE_PRIVATE] [Method][getIong] [Iong][first_activate_time] [Return][0]
D/S4URC   ( 2527): [SDK] [android.content.ContextWrapper][getSharedPreferences] [File][umeng_general_config.xml] [MODE][MODE_PRIVATE]
D/S4URC   ( 2527): [SDK] [android.content.ContextWrapper][getSharedPreferences] [File][umeng_general_config.xml] [MODE][MODE_PRIVATE] [Method][putLong] [Key][first_activate_time] [Value][1535275230825]
D/S4URC   ( 2527): [SDK] [java.io.File] [exists] [FilePath][String] [/data/data/com.color.rainbow.camera/shared_prefs/umeng_general_config.xml]
D/S4URC   ( 2527): [SDK] [java.io.File] [exists] [FilePath][String] [/data/data/com.color.rainbow.camera/shared_prefs/umeng_general_config.xml.bak]
D/S4URC   ( 2527): [SDK] [java.io.File] [renameTo] [FilePath][String] [/data/data/com.color.rainbow.camera/shared_prefs/umeng_general_config.xml] [DesFile][/data/data/com.color.rainbow.camera/shared_prefs/umeng_general_config.xml.bak]
D/S4URC   ( 2527): [SDK] [java.io.File] [getPath] [FilePath][String] [/data/data/com.color.rainbow.camera/shared_prefs/umeng_general_config.xml]
D/S4URC   ( 2492): [SDK] [java.io.File] [exists] [FilePath][String] [/data/data/com.color.rainbow.camera/files]
D/S4URC   ( 2492): [SDK] [java.io.File] [getPath] [FilePath][String] [/data/data/com.color.rainbow.camera/files]
D/S4URC   ( 2492): [SDK] [java.io.File] [getPath] [FilePath][String] [/data/data/com.color.rainbow.camera/files/.imprint]
D/S4URC   ( 2492): [SDK] [android.content.ContextWrapper][getSharedPreferences] [File][umeng_general_config.xml] [MODE][MODE_PRIVATE]
D/S4URC   ( 2492): [SDK] [android.content.ContextWrapper][getSharedPreferences] [File][umeng_general_config.xml] [MODE][MODE_PRIVATE] [Method][getIong] [Iong][first_activate_time] [Return][0]
D/S4URC   ( 2492): [SDK] [android.content.ContextWrapper][getSharedPreferences] [File][umeng_general_config.xml] [MODE][MODE_PRIVATE]
D/S4URC   ( 2492): [SDK] [android.content.ContextWrapper][getSharedPreferences] [File][umeng_general_config.xml] [MODE][MODE_PRIVATE] [Method][putLong] [Key][first_activate_time] [Value][1535275230829]
D/S4URC   ( 2492): [SDK] [java.io.File] [exists] [FilePath][String] [/data/data/com.color.rainbow.camera/shared_prefs/umeng_general_config.xml]
D/S4URC   ( 2492): [SDK] [java.io.File] [exists] [FilePath][String] [/data/data/com.color.rainbow.camera/shared_prefs/umeng_general_config.xml.bak]
D/S4URC   ( 2492): [SDK] [java.io.File] [delete] [FilePath][String] [/data/data/com.color.rainbow.camera/shared_prefs/umeng_general_config.xml]
D/S4URC   ( 2492): [SDK] [java.io.File] [getPath] [FilePath][String] [/data/data/com.color.rainbow.camera/shared_prefs/umeng_general_config.xml]
D/S4URC   ( 2418): [SDK] [java.io.File] [exists] [FilePath][String] [/data/data/com.color.rainbow.camera/files]
D/S4URC   ( 2418): [NDK] [SYSCALL] [access] [PATH][string] [/data/data/com.color.rainbow.camera/files]
D/S4URC   ( 2418): [SDK] [java.io.File] [getPath] [FilePath][String] [/data/data/com.color.rainbow.camera/files]
D/S4URC   ( 2418): [SDK] [java.io.File] [getPath] [FilePath][String] [/data/data/com.color.rainbow.camera/files/.imprint]
D/S4URC   ( 2418): [NDK] [SYSCALL] [open] [PATH][string] [/data/data/com.color.rainbow.camera/files/.imprint] [RETURN][int] [18]
D/S4URC   ( 2418): [SDK] [android.content.ContextWrapper][getSharedPreferences] [File][umeng_general_config.xml] [MODE][MODE_PRIVATE]
D/S4URC   ( 2418): [SDK] [android.content.ContextWrapper][getSharedPreferences] [File][umeng_general_config.xml] [MODE][MODE_PRIVATE] [Method][getIong] [Iong][first_activate_time] [Return][0]
D/S4URC   ( 2418): [SDK] [android.content.ContextWrapper][getSharedPreferences] [File][umeng_general_config.xml] [MODE][MODE_PRIVATE]
D/S4URC   ( 2418): [SDK] [android.content.ContextWrapper][getSharedPreferences] [File][umeng_general_config.xml] [MODE][MODE_PRIVATE] [Method][putLong] [Key][first_activate_time] [Value][1535275230835]
D/S4URC   ( 2418): [SDK] [java.io.File] [exists] [FilePath][String] [/data/data/com.color.rainbow.camera/shared_prefs/umeng_general_config.xml]
D/S4URC   ( 2418): [NDK] [SYSCALL] [access] [PATH][string] [/data/data/com.color.rainbow.camera/shared_prefs/umeng_general_config.xml]
D/S4URC   ( 2418): [SDK] [java.io.File] [exists] [FilePath][String] [/data/data/com.color.rainbow.camera/shared_prefs/umeng_general_config.xml.bak]
D/S4URC   ( 2418): [NDK] [SYSCALL] [access] [PATH][string] [/data/data/com.color.rainbow.camera/shared_prefs/umeng_general_config.xml.bak]
D/S4URC   ( 2418): [SDK] [java.io.File] [delete] [FilePath][String] [/data/data/com.color.rainbow.camera/shared_prefs/umeng_general_config.xml]
D/S4URC   ( 2418): [NDK] [SYSCALL] [lstat] [PATH][string] [/data/data/com.color.rainbow.camera/shared_prefs/umeng_general_config.xml]
D/S4URC   ( 2418): [NDK] [SYSCALL] [unlink] [PATH][string] [/data/data/com.color.rainbow.camera/shared_prefs/umeng_general_config.xml]
D/S4URC   ( 2492): [SDK] [java.io.File] [getPath] [FilePath][String] [/data/data/com.color.rainbow.camera/shared_prefs/umeng_general_config.xml]
D/S4URC   ( 2492): [SDK] [java.io.File] [delete] [FilePath][String] [/data/data/com.color.rainbow.camera/shared_prefs/umeng_general_config.xml.bak]
D/S4URC   ( 2492): [SDK] [android.content.ContextWrapper][getSharedPreferences] [File][umeng_general_config.xml] [MODE][MODE_PRIVATE] [Method][commit]
D/S4URC   ( 2418): [SDK] [java.io.File] [getPath] [FilePath][String] [/data/data/com.color.rainbow.camera/shared_prefs/umeng_general_config.xml]
D/S4URC   ( 2492): [SDK] [java.io.File] [getPath] [FilePath][String] [/data/data/com.color.rainbow.camera/files/umeng_it.cache]
D/S4URC   ( 2418): [NDK] [SYSCALL] [open] [PATH][string] [/data/data/com.color.rainbow.camera/shared_prefs/umeng_general_config.xml] [RETURN][int] [18]
D/S4URC   ( 2492): [SDK] [android.content.ContextWrapper][getSharedPreferences] [File][umeng_general_config.xml] [MODE][MODE_PRIVATE]
D/S4URC   ( 2492): [SDK] [android.content.ContextWrapper][getSharedPreferences] [File][umeng_general_config.xml] [MODE][MODE_PRIVATE] [Method][putInt] [Key][successful_request] [Value][1]
D/S4URC   ( 2492): [SDK] [android.content.ContextWrapper][getSharedPreferences] [File][umeng_general_config.xml] [MODE][MODE_PRIVATE] [Method][putInt] [Key][failed_requests ] [Value][0]
D/S4URC   ( 2527): [SDK] [java.io.File] [getPath] [FilePath][String] [/data/data/com.color.rainbow.camera/shared_prefs/umeng_general_config.xml]
D/S4URC   ( 2492): [SDK] [android.content.ContextWrapper][getSharedPreferences] [File][umeng_general_config.xml] [MODE][MODE_PRIVATE] [Method][putInt] [Key][last_request_spent_ms] [Value][3946]
D/S4URC   ( 2492): [SDK] [android.content.ContextWrapper][getSharedPreferences] [File][umeng_general_config.xml] [MODE][MODE_PRIVATE] [Method][putLong] [Key][last_request_time] [Value][1535275226850]
D/S4URC   ( 2492): [SDK] [java.io.File] [exists] [FilePath][String] [/data/data/com.color.rainbow.camera/shared_prefs/umeng_general_config.xml]
D/S4URC   ( 2492): [SDK] [java.io.File] [exists] [FilePath][String] [/data/data/com.color.rainbow.camera/shared_prefs/umeng_general_config.xml.bak]
D/S4URC   ( 2492): [SDK] [java.io.File] [renameTo] [FilePath][String] [/data/data/com.color.rainbow.camera/shared_prefs/umeng_general_config.xml] [DesFile][/data/data/com.color.rainbow.camera/shared_prefs/umeng_general_config.xml.bak]
D/S4URC   ( 2492): [SDK] [java.io.File] [getPath] [FilePath][String] [/data/data/com.color.rainbow.camera/shared_prefs/umeng_general_config.xml]
D/S4URC   ( 2418): [SDK] [java.io.File] [getPath] [FilePath][String] [/data/data/com.color.rainbow.camera/shared_prefs/umeng_general_config.xml]
D/S4URC   ( 2418): [NDK] [SYSCALL] [chmod] [PATH][string] [/data/data/com.color.rainbow.camera/shared_prefs/umeng_general_config.xml] [MODE][int] [0660]
D/S4URC   ( 2418): [SDK] [java.io.File] [getPath] [FilePath][String] [/data/data/com.color.rainbow.camera/shared_prefs/umeng_general_config.xml]
D/S4URC   ( 2418): [NDK] [SYSCALL] [stat] [PATH][string] [/data/data/com.color.rainbow.camera/shared_prefs/umeng_general_config.xml]
D/S4URC   ( 2418): [SDK] [java.io.File] [delete] [FilePath][String] [/data/data/com.color.rainbow.camera/shared_prefs/umeng_general_config.xml.bak]
D/S4URC   ( 2418): [NDK] [SYSCALL] [lstat] [PATH][string] [/data/data/com.color.rainbow.camera/shared_prefs/umeng_general_config.xml.bak]
D/S4URC   ( 2418): [NDK] [SYSCALL] [unlink] [PATH][string] [/data/data/com.color.rainbow.camera/shared_prefs/umeng_general_config.xml.bak]
D/S4URC   ( 2418): [SDK] [android.content.ContextWrapper][getSharedPreferences] [File][umeng_general_config.xml] [MODE][MODE_PRIVATE] [Method][commit]
D/S4URC   ( 2527): [SDK] [java.io.File] [getPath] [FilePath][String] [/data/data/com.color.rainbow.camera/shared_prefs/umeng_general_config.xml]
D/S4URC   ( 2418): [SDK] [java.io.File] [getPath] [FilePath][String] [/data/data/com.color.rainbow.camera/files/umeng_it.cache]
D/S4URC   ( 2527): [SDK] [java.io.File] [delete] [FilePath][String] [/data/data/com.color.rainbow.camera/shared_prefs/umeng_general_config.xml.bak]
D/S4URC   ( 2527): [SDK] [android.content.ContextWrapper][getSharedPreferences] [File][umeng_general_config.xml] [MODE][MODE_PRIVATE] [Method][commit]
D/S4URC   ( 2418): [NDK] [SYSCALL] [open] [PATH][string] [/data/data/com.color.rainbow.camera/files/umeng_it.cache] [RETURN][int] [18]
D/S4URC   ( 2527): [SDK] [java.io.File] [getPath] [FilePath][String] [/data/data/com.color.rainbow.camera/files/umeng_it.cache]
D/S4URC   ( 2418): [SDK] [android.content.ContextWrapper][getSharedPreferences] [File][umeng_general_config.xml] [MODE][MODE_PRIVATE]
D/S4URC   ( 2527): [SDK] [android.content.ContextWrapper][getSharedPreferences] [File][umeng_general_config.xml] [MODE][MODE_PRIVATE]
D/S4URC   ( 2418): [SDK] [android.content.ContextWrapper][getSharedPreferences] [File][umeng_general_config.xml] [MODE][MODE_PRIVATE] [Method][putInt] [Key][successful_request] [Value][1]
D/S4URC   ( 2527): [SDK] [android.content.ContextWrapper][getSharedPreferences] [File][umeng_general_config.xml] [MODE][MODE_PRIVATE] [Method][putInt] [Key][successful_request] [Value][1]
D/S4URC   ( 2418): [SDK] [android.content.ContextWrapper][getSharedPreferences] [File][umeng_general_config.xml] [MODE][MODE_PRIVATE] [Method][putInt] [Key][failed_requests ] [Value][0]
D/S4URC   ( 2527): [SDK] [android.content.ContextWrapper][getSharedPreferences] [File][umeng_general_config.xml] [MODE][MODE_PRIVATE] [Method][putInt] [Key][failed_requests ] [Value][0]
D/S4URC   ( 2418): [SDK] [android.content.ContextWrapper][getSharedPreferences] [File][umeng_general_config.xml] [MODE][MODE_PRIVATE] [Method][putInt] [Key][last_request_spent_ms] [Value][4099]
D/S4URC   ( 2527): [SDK] [android.content.ContextWrapper][getSharedPreferences] [File][umeng_general_config.xml] [MODE][MODE_PRIVATE] [Method][putInt] [Key][last_request_spent_ms] [Value][3708]
D/S4URC   ( 2418): [SDK] [android.content.ContextWrapper][getSharedPreferences] [File][umeng_general_config.xml] [MODE][MODE_PRIVATE] [Method][putLong] [Key][last_request_time] [Value][1535275226700]
D/S4URC   ( 2527): [SDK] [android.content.ContextWrapper][getSharedPreferences] [File][umeng_general_config.xml] [MODE][MODE_PRIVATE] [Method][putLong] [Key][last_request_time] [Value][1535275227084]
D/S4URC   ( 2527): [SDK] [java.io.File] [exists] [FilePath][String] [/data/data/com.color.rainbow.camera/shared_prefs/umeng_general_config.xml]
D/S4URC   ( 2418): [SDK] [java.io.File] [exists] [FilePath][String] [/data/data/com.color.rainbow.camera/shared_prefs/umeng_general_config.xml]
D/S4URC   ( 2418): [NDK] [SYSCALL] [access] [PATH][string] [/data/data/com.color.rainbow.camera/shared_prefs/umeng_general_config.xml]
D/S4URC   ( 2418): [SDK] [java.io.File] [exists] [FilePath][String] [/data/data/com.color.rainbow.camera/shared_prefs/umeng_general_config.xml.bak]
D/S4URC   ( 2527): [SDK] [java.io.File] [exists] [FilePath][String] [/data/data/com.color.rainbow.camera/shared_prefs/umeng_general_config.xml.bak]
D/S4URC   ( 2418): [NDK] [SYSCALL] [access] [PATH][string] [/data/data/com.color.rainbow.camera/shared_prefs/umeng_general_config.xml.bak]
D/S4URC   ( 2527): [SDK] [java.io.File] [renameTo] [FilePath][String] [/data/data/com.color.rainbow.camera/shared_prefs/umeng_general_config.xml] [DesFile][/data/data/com.color.rainbow.camera/shared_prefs/umeng_general_config.xml.bak]
D/S4URC   ( 2418): [SDK] [java.io.File] [renameTo] [FilePath][String] [/data/data/com.color.rainbow.camera/shared_prefs/umeng_general_config.xml] [DesFile][/data/data/com.color.rainbow.camera/shared_prefs/umeng_general_config.xml.bak]
D/S4URC   ( 2418): [NDK] [SYSCALL] [rename] [ORIG_PATH][string] [/data/data/com.color.rainbow.camera/shared_prefs/umeng_general_config.xml] [NEW_PATH][string] [/data/data/com.color.rainbow.camera/shared_prefs/umeng_general_config.xml.bak]
D/S4URC   ( 2527): [SDK] [java.io.File] [getPath] [FilePath][String] [/data/data/com.color.rainbow.camera/shared_prefs/umeng_general_config.xml]
D/S4URC   ( 2492): [SDK] [java.io.File] [getPath] [FilePath][String] [/data/data/com.color.rainbow.camera/shared_prefs/umeng_general_config.xml]
D/S4URC   ( 2492): [SDK] [java.io.File] [delete] [FilePath][String] [/data/data/com.color.rainbow.camera/shared_prefs/umeng_general_config.xml.bak]
D/S4URC   ( 2418): [SDK] [java.io.File] [getPath] [FilePath][String] [/data/data/com.color.rainbow.camera/shared_prefs/umeng_general_config.xml]
D/S4URC   ( 2492): [SDK] [android.content.ContextWrapper][getSharedPreferences] [File][umeng_general_config.xml] [MODE][MODE_PRIVATE] [Method][commit]
D/S4URC   ( 2418): [NDK] [SYSCALL] [open] [PATH][string] [/data/data/com.color.rainbow.camera/shared_prefs/umeng_general_config.xml] [RETURN][int] [18]
D/S4URC   ( 2418): [SDK] [java.io.File] [getPath] [FilePath][String] [/data/data/com.color.rainbow.camera/shared_prefs/umeng_general_config.xml]
D/S4URC   ( 2418): [NDK] [SYSCALL] [chmod] [PATH][string] [/data/data/com.color.rainbow.camera/shared_prefs/umeng_general_config.xml] [MODE][int] [0660]
D/S4URC   ( 2418): [SDK] [java.io.File] [getPath] [FilePath][String] [/data/data/com.color.rainbow.camera/shared_prefs/umeng_general_config.xml]
D/S4URC   ( 2418): [NDK] [SYSCALL] [stat] [PATH][string] [/data/data/com.color.rainbow.camera/shared_prefs/umeng_general_config.xml]
D/S4URC   ( 2527): [SDK] [java.io.File] [getPath] [FilePath][String] [/data/data/com.color.rainbow.camera/shared_prefs/umeng_general_config.xml]
D/S4URC   ( 2418): [SDK] [java.io.File] [delete] [FilePath][String] [/data/data/com.color.rainbow.camera/shared_prefs/umeng_general_config.xml.bak]
D/S4URC   ( 2527): [SDK] [java.io.File] [getPath] [FilePath][String] [/data/data/com.color.rainbow.camera/shared_prefs/umeng_general_config.xml]
D/S4URC   ( 2418): [NDK] [SYSCALL] [lstat] [PATH][string] [/data/data/com.color.rainbow.camera/shared_prefs/umeng_general_config.xml.bak]
