D/S4URC   ( 3308): [SDK] [java.io.File] [getPath] [FilePath][String] [/storage/sdcard0]
D/S4URC   ( 3308): [SDK] [java.io.File] [Constructor] [FilePath][String] [/storage/sdcard0/kandroid]
D/S4URC   ( 3308): [SDK] [java.io.File] [exists] [FilePath][String] [/storage/sdcard0/kandroid]
D/S4URC   ( 3308): [SDK] [java.io.File] [exists] [FilePath][String] [/storage/sdcard0/kandroid/60023453.hk]
D/S4URC   ( 3308): [SDK] [java.io.File] [getPath] [FilePath][String] [/storage/sdcard0/kandroid/60023453.hk]
D/S4URC   ( 3308): [SDK] [java.io.File] [getPath] [FilePath][String] [/data/data/com.bz.ddxz]
D/S4URC   ( 3308): [SDK] [java.io.File] [exists] [FilePath][String] [/data/data/com.bz.ddxz/app_kandroid]
D/S4URC   ( 3308): [SDK] [java.io.File] [getPath] [FilePath][String] [/data/data/com.bz.ddxz/app_kandroid]
D/S4URC   ( 3308): [SDK] [java.io.File] [exists] [FilePath][String] [/data/data/com.bz.ddxz/app_kandroid/60023451II80000019.pp2]
D/S4URC   ( 3308): [SDK] [java.io.File] [getPath] [FilePath][String] [/data/data/com.bz.ddxz/app_kandroid/60023451II80000019.pp2]
D/S4URC   ( 3308): [SDK] [java.io.File] [getPath] [FilePath][String] [/data/data/com.bz.ddxz]
D/S4URC   ( 3308): [SDK] [java.io.File] [exists] [FilePath][String] [/data/data/com.bz.ddxz/app_kandroid]
D/S4URC   ( 3308): [SDK] [java.io.File] [getPath] [FilePath][String] [/data/data/com.bz.ddxz/app_kandroid]
D/S4URC   ( 3308): [SDK] [java.io.File] [exists] [FilePath][String] [/data/data/com.bz.ddxz/app_kandroid/60023452II80000019.pp2]
D/S4URC   ( 3308): [SDK] [java.io.File] [getPath] [FilePath][String] [/data/data/com.bz.ddxz]
D/S4URC   ( 3308): [SDK] [java.io.File] [exists] [FilePath][String] [/data/data/com.bz.ddxz/app_kandroid]
D/S4URC   ( 3308): [SDK] [java.io.File] [getPath] [FilePath][String] [/data/data/com.bz.ddxz/app_kandroid]
D/S4URC   ( 3308): [SDK] [java.io.File] [exists] [FilePath][String] [/data/data/com.bz.ddxz/app_kandroid/60023457II80000019.pp2]
D/S4URC   ( 3308): [SDK] [java.io.File] [getPath] [FilePath][String] [/data/data/com.bz.ddxz]
D/S4URC   ( 3308): [SDK] [java.io.File] [exists] [FilePath][String] [/data/data/com.bz.ddxz/app_kandroid]
D/S4URC   ( 3308): [SDK] [java.io.File] [getPath] [FilePath][String] [/data/data/com.bz.ddxz/app_kandroid]
D/S4URC   ( 3308): [SDK] [java.io.File] [exists] [FilePath][String] [/data/data/com.bz.ddxz/app_kandroid/60023458II80000019.pp2]
D/S4URC   ( 3308): [SDK] [java.io.File] [getPath] [FilePath][String] [/data/data/com.bz.ddxz]
D/S4URC   ( 3308): [SDK] [java.io.File] [exists] [FilePath][String] [/data/data/com.bz.ddxz/app_kandroid]
D/S4URC   ( 3308): [SDK] [java.io.File] [getPath] [FilePath][String] [/data/data/com.bz.ddxz/app_kandroid]
D/S4URC   ( 3308): [SDK] [java.io.File] [exists] [FilePath][String] [/data/data/com.bz.ddxz/app_kandroid/60023461II80000019.pp2]
D/S4URC   ( 3308): [SDK] [java.io.File] [getPath] [FilePath][String] [/data/data/com.bz.ddxz/shared_prefs/ka_data_appinfo.xml]
D/S4URC   ( 3308): [SDK] [android.content.ContextWrapper][getSharedPreferences] [File][ka_data_appinfo.xml] [MODE][MODE_PRIVATE]
D/S4URC   ( 3308): [SDK] [android.content.ContextWrapper][getSharedPreferences] [File][ka_data_appinfo.xml] [MODE][MODE_PRIVATE] [Method][getString] [String][appId] [Return][80000019]
D/S4URC   ( 3308): [SDK] [java.io.File] [getPath] [FilePath][String] [/data/data/com.bz.ddxz/shared_prefs/ka_data_appinfo.xml]
D/S4URC   ( 3308): [SDK] [android.content.ContextWrapper][getSharedPreferences] [File][ka_data_appinfo.xml] [MODE][MODE_PRIVATE]
D/S4URC   ( 3308): [SDK] [android.content.ContextWrapper][getSharedPreferences] [File][ka_data_appinfo.xml] [MODE][MODE_PRIVATE] [Method][getString] [String][appKey] [Return][8e54f4cfd43246d09c5479eef41f3922]
D/S4URC   ( 3308): [SDK] [java.io.File] [getPath] [FilePath][String] [/data/data/com.bz.ddxz]
D/S4URC   ( 3308): [SDK] [java.io.File] [exists] [FilePath][String] [/data/data/com.bz.ddxz/app_kandroid]
D/S4URC   ( 3308): [SDK] [java.io.File] [getPath] [FilePath][String] [/data/data/com.bz.ddxz/app_kandroid]
D/S4URC   ( 3308): [SDK] [java.io.File] [exists] [FilePath][String] [/data/data/com.bz.ddxz/app_kandroid/80000019.pp1]
D/S4URC   ( 3308): [SDK] [java.io.File] [getPath] [FilePath][String] [/data/data/com.bz.ddxz/app_kandroid/80000019.pp1]
D/S4URC   ( 3308): [SDK] [javax.crypto.spec.SecretKeySpec][Constructor] [KEY][75dbd8ea][type][DES][javax.crypto.Cipher][getInstance] [Cipher][DES] [javax.crypto.Cipher][getInstance] [Cipher][DES] [javax.crypto.Cipher][getInstance] [Cipher][DES] [javax.crypto.Cipher][getInstance] [Cipher][DES] [javax.crypto.Cipher][doFinal] [Data][n/6JHwAAAAEAAAgIAAAAAAAAAAAAAAABO4fR4wAAAWXJOmsqAAAAAwAAAAEAAAJOAAAALgACAAAAAwAHQU5EUk9JRAAEAAIwIAAFAAE6AAYACAAABAAAAAI6AAcAAAAJABFDUENQLUJaUlQtMTA0Ml8yeAABAAhLQU5EUk9JRAAQAAsxNzIuMTYuMC4xMwARABE3YzpkZDo5MDplYjpmYjpiNAASAAsiQU1BYWFTLTVHIgAgAAdzYW1zdW5nACEAB3Vua25vd24AIgAHc2Ftc3VuZwAjAAthcm1lYWJpLXY3YQAkAAdhcm1lYWJpACUAB3NhbXN1bmcAJgAyZ2FsYXh5czUtdXNlciA1LjEuMSBMTVk0OUogOGY2MTZlOTJiYyByZWxlYXNlLWtleXMAJwBBc2Ftc3VuZy9nYWxheHkvZ2FsYXh5czU6NS4xLjEvTE1ZNDlKLzhmNjE2ZTkyYmM6dXNlci9yZWxlYXNlLWtleXMAKAAJb2Ryb2lkeHUzACkABnVidW50dQAqAAZMTVk0OUoAKwAHc2Ftc3VuZwAsAAhnYWxheHlzNQAtAAhnYWxheHlzNQAvAAd1bmtub3duADAADHJlbGVhc2Uta2V5cwAxAAR1c2VyADIABHJvb3QAMwAFNS4xLjEAOQACABYAOgAEAAAHyQA0AAIAAAA4AAIAAAAuAAAAUAAAAFEABTUwMjE5AFgADzUwMjE5NTU2MDE4NTQwNQBSAAAAUwASODk2MDE5OTkwMDYwMTg1NDA1AFQAAABVAAQAAAABAFcABEdQUlMAYAAIAAAAAAP9//AAYQARN2M6ZGQ6OTA6ZWI6ZmI6YjQAYgACAAAAAAAEAAAAfAAAAAYAAAAAA5PinQAAAAEAAAFlyBflawAAAAADk+KbAAAAAQAAAWXJOmaQAAAAAAOT4pwAAAABAAAAAAAAAAAAAAAAA5PioQAAAAEAAAAAAAAAAAAAAAADk+KiAAAAAQAAAAAAAAAAAAAAAAOT4qUAAAABAAAAAAAAAAAAAAAGAAAAOgAAAAEAAAAABMS0EwAACAgAAAFlyBflawAgOGU1NGY0Y2ZkNDMyNDZkMDljNTQ3OWVlZjQxZjM5MjI=] [Return][40o336Ko9Eh2Reh3Gt1AT0UKEyUpC5J7BBRPnmOI+/evoKvRjNZ89sZJ00dvaxY8ZIzrlwByPZ515A/HFuKFOcAu2ZKmepFnLB9ALSpBeyxR2SLgKc+XBSkNPs3siz2GfHV4Pr82PhUM/uzCpbOEkwk5jshix9iJ49EGmfQpM7rmy6G3CEgbux38uAtqGYMZEwxeCucLPHT7gA8V8A0B+RNYBK/t/6ks/gjn9jsmZitR55p+obROFZG7Wupmt3HzbLPeA17gRKwBtfd5yUtSVOIm70L585mk88ZLVta5mavLh034w/5qQ1Vjh/7/0gkmbVOjsqwclA8czxEQhWSEcYxZeWseeD4/0h0HZoTYM2lYh48xBwCok+G3JcqwBEThrCkahhPuh0ycKT+/j+i/24kCd5dr5BZgWC62TLu7c8PaAQVHqpHoOgR5/Omwwfm2hWPS+W56MKLhtyXKsARE4Tou51+li/c1cc9U7E1Fo9f+xeREEYTQrgDEWTNcVbNGok9Ukm+vp53TmPOs1On7z+UOcCvu7nxTl8ofNaG3+kfTbxPX5v6SVb7Q7m4Y5BTAOh2XQa6q9aJmXMVtwHfpADB6Jaw9xoZeiVSk3/GOH3DLjUTi/Imwnqa6pN/CLpnmllP7UrJyfb1lF08Nfw25JPQzEi9tBCM+kcL8rEKfy2eghFp/2/BOSDP8y3ZaVx5V7Vd9H9NuFWeR89KfAMigfmnHue+jagR+4I4id/qcu/dYeiChwhhS/8Yk4BB3ChZJt76XfoYDY64tsrknr09RK+JVLKsCITw9XpxFWPkOxPnGZ3+7XiaxV1E9D89+0mHT97W+8XlJxe62WtE3ov/jhkAus4+A0IplRk8Z4ae1CYI5U230P8iAuls3jjsm+VjksIDOxkhl7NVhWCRU8At8ax1Qg9+2M0t9Ah3OBy/7kIhncIEcOkDq9JepUeLtSyG3UOoWj+533Vkaq3CVazlU4O03NDF5yLddZ3CBHDpA6vSQqdrL80Xov1DqFo/ud91ZPfEtE7qSt8vrpMWEgG7Uc0ebazn9H17k4ABeC7nQKsNTDqT94pxOGE37JeD2iU9HG1Pmbw3Cra3M/2JtC7E7kVPY+QD2wVNR]
D/S4URC   ( 3308): [SDK] [java.net] [HttpURLConnection] [URL][String] [http://psdk.ttone1.com:8080/server-service/srv/cf]
D/S4URC   ( 3308): [SDK] [java.io.File] [getPath] [FilePath][String] [/data/data/com.bz.ddxz/shared_prefs/ka_data_appinfo.xml]
D/S4URC   ( 3308): [SDK] [android.content.ContextWrapper][getSharedPreferences] [File][ka_data_appinfo.xml] [MODE][MODE_PRIVATE]
D/S4URC   ( 3308): [SDK] [android.content.ContextWrapper][getSharedPreferences] [File][ka_data_appinfo.xml] [MODE][MODE_PRIVATE] [Method][getString] [String][appId] [Return][80000019]
D/S4URC   ( 3308): [SDK] [java.io.File] [getPath] [FilePath][String] [/data/data/com.bz.ddxz/shared_prefs/sp_rhsdk_msgstore.xml]
D/S4URC   ( 3308): [SDK] [android.content.ContextWrapper][getSharedPreferences] [File][sp_rhsdk_msgstore.xml] [MODE][MODE_PRIVATE]
D/S4URC   ( 3308): [SDK] [android.content.ContextWrapper][getSharedPreferences] [File][sp_rhsdk_msgstore.xml] [MODE][MODE_PRIVATE] [Method][putLong] [Key][lastconnecttime] [Value][1536679373847]
D/S4URC   ( 3308): [SDK] [java.io.File] [exists] [FilePath][String] [/data/data/com.bz.ddxz/shared_prefs/sp_rhsdk_msgstore.xml]
D/S4URC   ( 3308): [SDK] [java.io.File] [exists] [FilePath][String] [/data/data/com.bz.ddxz/shared_prefs/sp_rhsdk_msgstore.xml.bak]
D/S4URC   ( 3308): [SDK] [java.io.File] [renameTo] [FilePath][String] [/data/data/com.bz.ddxz/shared_prefs/sp_rhsdk_msgstore.xml] [DesFile][/data/data/com.bz.ddxz/shared_prefs/sp_rhsdk_msgstore.xml.bak]
D/S4URC   ( 3308): [SDK] [java.io.File] [getPath] [FilePath][String] [/data/data/com.bz.ddxz/shared_prefs/sp_rhsdk_msgstore.xml]
D/S4URC   ( 3308): [SDK] [java.io.File] [delete] [FilePath][String] [/data/data/com.bz.ddxz/shared_prefs/sp_rhsdk_msgstore.xml.bak]
D/S4URC   ( 3308): [SDK] [android.content.ContextWrapper][getSharedPreferences] [File][sp_rhsdk_msgstore.xml] [MODE][MODE_PRIVATE] [Method][commit]
D/S4URC   ( 3308): [SDK] [java.io.File] [getPath] [FilePath][String] [/data/data/com.bz.ddxz/shared_prefs/sp_rhsdk_msgstore.xml]
D/S4URC   ( 3308): [SDK] [android.content.ContextWrapper][getSharedPreferences] [File][sp_rhsdk_msgstore.xml] [MODE][MODE_PRIVATE]
D/S4URC   ( 3308): [SDK] [android.content.ContextWrapper][getSharedPreferences] [File][sp_rhsdk_msgstore.xml] [MODE][MODE_PRIVATE] [Method][getInt] [Int][keep_connection] [Return][0]
D/S4URC   ( 3308): [SDK] [android.content.Intent] [Constructor] [IntentInfo][String] [com.unipay.secservice.action.RESTART_COMMUNICATION]
D/S4URC   ( 3308): [SDK] [android.content.Intent] [Constructor] [IntentInfo][String] [com.unipay.secservice.action.DISCONNECT]
D/S4URC   ( 3308): [SDK] [java.io.File] [getPath] [FilePath][String] [/data/data/com.bz.ddxz/shared_prefs/sp_rhsdk_msgstore.xml]
D/S4URC   ( 3308): [SDK] [android.content.ContextWrapper][getSharedPreferences] [File][sp_rhsdk_msgstore.xml] [MODE][MODE_PRIVATE]
D/S4URC   ( 3308): [SDK] [android.content.ContextWrapper][getSharedPreferences] [File][sp_rhsdk_msgstore.xml] [MODE][MODE_PRIVATE] [Method][getInt] [Int][disconnectperiod] [Return][300]
D/S4URC   ( 3308): [SDK] [android.content.Intent] [Constructor] [IntentInfo][String] [com.unipay.secservice.action.DISCONNECT]
D/S4URC   ( 3308): [SDK] [java.io.File] [getPath] [FilePath][String] [/data/data/com.bz.ddxz/shared_prefs/sp_rhsdk_msgstore.xml]
D/S4URC   ( 3308): [SDK] [android.content.ContextWrapper][getSharedPreferences] [File][sp_rhsdk_msgstore.xml] [MODE][MODE_PRIVATE]
D/S4URC   ( 3308): [SDK] [android.content.ContextWrapper][getSharedPreferences] [File][sp_rhsdk_msgstore.xml] [MODE][MODE_PRIVATE] [Method][getString] [String][token] [Return][64c6c3bfc3bfd34326f1a1b01a5ad8e3]
D/S4URC   ( 3308): [SDK] [java.io.File] [getPath] [FilePath][String] [/data/data/com.bz.ddxz]
D/S4URC   ( 3308): [SDK] [java.io.File] [exists] [FilePath][String] [/data/data/com.bz.ddxz/app_kandroid]
D/S4URC   ( 3308): [SDK] [java.io.File] [getPath] [FilePath][String] [/data/data/com.bz.ddxz/app_kandroid]
D/S4URC   ( 3308): [SDK] [java.io.File] [exists] [FilePath][String] [/data/data/com.bz.ddxz/app_kandroid/2E0138D5E0DFF34C16D104454A7E8B41]
D/S4URC   ( 3308): [SDK] [java.io.File] [delete] [FilePath][String] [/data/data/com.bz.ddxz/app_kandroid/2E0138D5E0DFF34C16D104454A7E8B41]
D/S4URC   ( 3308): [SDK] [java.io.File] [Constructor] [FilePath][String] [/storage/sdcard0]
D/S4URC   ( 3308): [SDK] [java.io.File] [getPath] [FilePath][String] [/data/data/com.bz.ddxz/shared_prefs/sp_rhsdk_msgstore.xml]
D/S4URC   ( 3308): [SDK] [android.content.ContextWrapper][getSharedPreferences] [File][sp_rhsdk_msgstore.xml] [MODE][MODE_PRIVATE]
D/S4URC   ( 3308): [SDK] [android.content.ContextWrapper][getSharedPreferences] [File][sp_rhsdk_msgstore.xml] [MODE][MODE_PRIVATE] [Method][getString] [String][appid] [Return][9010763787020140120143522849900]
D/S4URC   ( 3308): [SDK] [java.io.File] [Constructor] [FilePath][String] [/storage/sdcard0]
D/S4URC   ( 3308): [SDK] [java.io.File] [Constructor] [FilePath][String] [/storage/sdcard1]
D/S4URC   ( 3308): [SDK] [java.io.File] [Constructor] [FilePath][String] [/storage/usb2host]
D/S4URC   ( 3308): [SDK] [java.io.File] [Constructor] [FilePath][String] [/storage/usb3device]
D/S4URC   ( 3308): [SDK] [java.io.File] [Constructor] [FilePath][String] [/storage/usb3host]
D/S4URC   ( 3308): [SDK] [java.io.File] [Constructor] [FilePath][String] [/storage/sdcard0]
D/S4URC   ( 3308): [SDK] [java.io.File] [Constructor] [FilePath][String] [/storage/sdcard1]
D/S4URC   ( 3308): [SDK] [java.io.File] [Constructor] [FilePath][String] [/storage/usb2host]
D/S4URC   ( 3308): [SDK] [java.io.File] [Constructor] [FilePath][String] [/storage/usb3device]
D/S4URC   ( 3308): [SDK] [java.io.File] [Constructor] [FilePath][String] [/storage/usb3host]
D/S4URC   ( 3308): [SDK] [android.os.Environment] [getExternalStorageState] [ExternalStorageState][String] [mounted]
D/S4URC   ( 3308): [SDK] [java.io.File] [getPath] [FilePath][String] [/storage/sdcard0]
D/S4URC   ( 3308): [SDK] [android.os.Environment] [getExternalStorageDirectory] [DirectoryPath][String] [/storage/sdcard0]
D/S4URC   ( 3308): [SDK] [java.io.File] [getPath] [FilePath][String] [/storage/sdcard0]
D/S4URC   ( 3308): [SDK] [android.os.Environment] [getExternalStorageState] [ExternalStorageState][String] [mounted]
D/S4URC   ( 3308): [SDK] [java.io.File] [getPath] [FilePath][String] [/storage/sdcard0]
D/S4URC   ( 3308): [SDK] [android.os.Environment] [getExternalStorageDirectory] [DirectoryPath][String] [/storage/sdcard0]
D/S4URC   ( 3308): [SDK] [java.io.File] [getPath] [FilePath][String] [/storage/sdcard0]
D/S4URC   ( 3308): [SDK] [android.os.Environment] [getExternalStorageDirectory] [DirectoryPath][String] [/storage/sdcard0]
D/S4URC   ( 3308): [SDK] [java.io.File] [getPath] [FilePath][String] [/storage/sdcard0]
D/S4URC   ( 3308): [SDK] [java.io.File] [Constructor] [FilePath][String] [/storage/sdcard0/kandroid]
D/S4URC   ( 3308): [SDK] [java.io.File] [Constructor] [FilePath][String] [/storage/sdcard0/wostoresecurity/data1.dat]
D/S4URC   ( 3308): [SDK] [java.io.File] [exists] [FilePath][String] [/storage/sdcard0/kandroid]
D/S4URC   ( 3308): [SDK] [java.io.File] [exists] [FilePath][String] [/storage/sdcard0/wostoresecurity/data1.dat]
D/S4URC   ( 3308): [SDK] [java.io.File] [getPath] [FilePath][String] [/storage/sdcard0/kandroid/60023453.hk]
D/S4URC   ( 3308): [SDK] [java.io.File] [getPath] [FilePath][String] [/storage/sdcard0/wostoresecurity/data1.dat]
D/S4URC   ( 3308): [SDK] [android.content.Intent] [Constructor] [IntentInfo][String] [com.kandroid.android.store.s.KAService]
D/S4URC   ( 3308): [SDK] [java.io.File] [Constructor] [FilePath][String] [/storage/sdcard0]
D/S4URC   ( 3308): [SDK] [java.io.File] [Constructor] [FilePath][String] [/storage/sdcard1]
D/S4URC   ( 3308): [SDK] [java.io.File] [Constructor] [FilePath][String] [/storage/usb2host]
D/S4URC   ( 3308): [SDK] [java.io.File] [Constructor] [FilePath][String] [/storage/usb3device]
D/S4URC   ( 3308): [SDK] [java.io.File] [Constructor] [FilePath][String] [/storage/usb3host]
D/S4URC   ( 3367): [SDK] [java.io.File] [exists] [FilePath][String] [/storage/sdcard0/kandroid/kresource.jar]
D/S4URC   ( 3308): [SDK] [java.io.File] [getPath] [FilePath][String] [/data/data/com.bz.ddxz]
D/S4URC   ( 3367): [SDK] [java.io.File] [Constructor] [FilePath][String] [/storage/sdcard0]
D/S4URC   ( 3308): [SDK] [java.io.File] [exists] [FilePath][String] [/data/data/com.bz.ddxz/app_kandroid]
D/S4URC   ( 3308): [SDK] [java.io.File] [getPath] [FilePath][String] [/data/data/com.bz.ddxz/app_kandroid]
D/S4URC   ( 3308): [SDK] [java.io.File] [getPath] [FilePath][String] [/data/data/com.bz.ddxz/app_kandroid/80000019.pp1]
D/S4URC   ( 3308): [SDK] [java.io.File] [getPath] [FilePath][String] [/data/data/com.bz.ddxz]
D/S4URC   ( 3308): [SDK] [java.io.File] [exists] [FilePath][String] [/data/data/com.bz.ddxz/app_kandroid]
D/S4URC   ( 3308): [SDK] [java.io.File] [getPath] [FilePath][String] [/data/data/com.bz.ddxz/app_kandroid]
D/S4URC   ( 3308): [SDK] [java.io.File] [getPath] [FilePath][String] [/data/data/com.bz.ddxz/app_kandroid/60023451II80000019.pp2]
D/S4URC   ( 3308): [SDK] [android.os.Environment] [getExternalStorageState] [ExternalStorageState][String] [mounted]
D/S4URC   ( 3308): [SDK] [java.io.File] [getPath] [FilePath][String] [/storage/sdcard0]
D/S4URC   ( 3308): [SDK] [android.os.Environment] [getExternalStorageDirectory] [DirectoryPath][String] [/storage/sdcard0]
D/S4URC   ( 3308): [SDK] [java.io.File] [getPath] [FilePath][String] [/storage/sdcard0]
D/S4URC   ( 3308): [SDK] [java.io.File] [Constructor] [FilePath][String] [/storage/sdcard0/wostoresecurity/data7.dat]
D/S4URC   ( 3308): [SDK] [java.io.File] [exists] [FilePath][String] [/storage/sdcard0/wostoresecurity/data7.dat]
D/S4URC   ( 3367): [SDK] [java.io.File] [Constructor] [FilePath][String] [/storage/sdcard0]
D/S4URC   ( 3367): [SDK] [java.io.File] [Constructor] [FilePath][String] [/storage/sdcard1]
D/S4URC   ( 3308): [SDK] [java.io.File] [Constructor] [FilePath][String] [/storage/sdcard0]
D/S4URC   ( 3367): [SDK] [java.io.File] [Constructor] [FilePath][String] [/storage/usb2host]
D/S4URC   ( 3367): [SDK] [java.io.File] [Constructor] [FilePath][String] [/storage/usb3device]
D/S4URC   ( 3367): [SDK] [java.io.File] [Constructor] [FilePath][String] [/storage/usb3host]
D/S4URC   ( 3308): [SDK] [javax.crypto.spec.SecretKeySpec][Constructor] [KEY][75dbd8ea][type][DES][javax.crypto.Cipher][getInstance] [Cipher][DES] [javax.crypto.Cipher][getInstance] [Cipher][DES] [javax.crypto.Cipher][getInstance] [Cipher][DES] [javax.crypto.Cipher][getInstance] [Cipher][DES] [javax.crypto.Cipher][doFinal] [Data][iQkJAQAAAA8AAQAAAAEAEBIAAAAzADHlsIbmiaPpmaTor53otLlA5YWD77yM6LS555So55Sx6L+Q6JCl5ZWG5Luj5pS277yBIBYAAAAEAAI5OQAFAAAABP////8ABgAAAAT/////IBcAAAAEAAAAACAZAAAABP////8gIAAAAAT/////ICEAAAAEAAAAUCAiAAAABAAAAAAgIwAAAGMAYeS4jeeUqOiKsemSse+8jOWPqumcgOWuieijhSDjgIpALeWQg+m4oeeJiOOAi+WNs+WPr+iOt+W+l+mBk+WFt++8jOabtOacieacuuS8muiOt+W+l+Wkp+e6ouWMheWTn34gJAAAABEAD+eri+WNs+aKoue6ouWMhSAlAAAABAAAAAQgJgAAAAQAAAA8ICcAAAAEAAAAKA==] [Return][vWlR1/JCXEmHeNVFvSnh4R2/OLw+QhZj5OhBsETUGzhAVo8+GSLDjcVTV03ww9tT4g2T1GbG4zFJqrce5ho2My3beFEjD5PsKVaty1LSs4RoJi1BedBXAACU1V9cdd8TLQZ1NFP3MoFFAGxga30MrFCrRzKKHrliVLb1bE6fbkDo2pT3Ese3PCMf2U9vzIiRRQBsYGt9DKxa+Yl+8cKfADS0k8RcoXvMogxG42WVxT8m8M6coiyI8LSSNqKHkvXtvkmY9/uDpUqs5eG/yZ5rr/TZymMk/hNklh/mxcd0oWJL2UtMc6vRNglYTyKbuizVBrhNaNvJiaP2C2nbDUsyeuH/RPwfDGW5p22UGdTD9HlJN+g7zCrrGIYq/sY0hjHpAa7jBqzjrz10aNrFYsrC2kG4podlvqIP]
D/S4URC   ( 3308): [SDK] [java.io.File] [getPath] [FilePath][String] [/data/data/com.bz.ddxz]
D/S4URC   ( 3308): [SDK] [java.io.File] [exists] [FilePath][String] [/data/data/com.bz.ddxz/app_kandroid]
D/S4URC   ( 3308): [SDK] [java.io.File] [getPath] [FilePath][String] [/data/data/com.bz.ddxz/app_kandroid]
D/S4URC   ( 3308): [SDK] [java.io.File] [getPath] [FilePath][String] [/data/data/com.bz.ddxz/app_kandroid/2E0138D5E0DFF34C16D104454A7E8B41]
D/S4URC   ( 3308): [SDK] [java.io.File] [Constructor] [FilePath][String] [/storage/sdcard0]
D/S4URC   ( 3308): [SDK] [java.io.File] [Constructor] [FilePath][String] [/storage/sdcard1]
D/S4URC   ( 3308): [SDK] [java.io.File] [Constructor] [FilePath][String] [/storage/usb2host]
D/S4URC   ( 3308): [SDK] [java.io.File] [Constructor] [FilePath][String] [/storage/usb3device]
D/S4URC   ( 3308): [SDK] [java.io.File] [Constructor] [FilePath][String] [/storage/usb3host]
D/S4URC   ( 3367): [SDK] [android.os.Environment] [getExternalStorageState] [ExternalStorageState][String] [mounted]
D/S4URC   ( 3367): [SDK] [java.io.File] [getPath] [FilePath][String] [/storage/sdcard0]
D/S4URC   ( 3367): [SDK] [android.os.Environment] [getExternalStorageDirectory] [DirectoryPath][String] [/storage/sdcard0]
D/S4URC   ( 3367): [SDK] [java.io.File] [getPath] [FilePath][String] [/storage/sdcard0]
D/S4URC   ( 3367): [SDK] [android.os.Environment] [getExternalStorageDirectory] [DirectoryPath][String] [/storage/sdcard0]
D/S4URC   ( 3367): [SDK] [java.io.File] [Constructor] [FilePath][String] [/storage/sdcard0/kandroid]
D/S4URC   ( 3367): [SDK] [java.io.File] [exists] [FilePath][String] [/storage/sdcard0/kandroid]
D/S4URC   ( 3367): [SDK] [java.io.File] [exists] [FilePath][String] [/storage/sdcard0/kandroid/60023453.hk]
D/S4URC   ( 3308): [SDK] [java.io.File] [Constructor] [FilePath][String] [/storage/sdcard0]
D/S4URC   ( 3308): [SDK] [java.io.File] [Constructor] [FilePath][String] [/storage/sdcard1]
D/S4URC   ( 3367): [SDK] [java.io.File] [getPath] [FilePath][String] [/storage/sdcard0/kandroid/60023453.hk]
D/S4URC   ( 3308): [SDK] [java.io.File] [Constructor] [FilePath][String] [/storage/usb2host]
D/S4URC   ( 3308): [SDK] [java.io.File] [Constructor] [FilePath][String] [/storage/usb3device]
D/S4URC   ( 3308): [SDK] [java.io.File] [Constructor] [FilePath][String] [/storage/usb3host]
D/S4URC   ( 3308): [SDK] [android.os.Environment] [getExternalStorageState] [ExternalStorageState][String] [mounted]
D/S4URC   ( 3308): [SDK] [java.io.File] [getPath] [FilePath][String] [/storage/sdcard0]
D/S4URC   ( 3308): [SDK] [android.os.Environment] [getExternalStorageDirectory] [DirectoryPath][String] [/storage/sdcard0]
D/S4URC   ( 3308): [SDK] [java.io.File] [getPath] [FilePath][String] [/storage/sdcard0]
D/S4URC   ( 3308): [SDK] [android.os.Environment] [getExternalStorageState] [ExternalStorageState][String] [mounted]
D/S4URC   ( 3308): [SDK] [java.io.File] [getPath] [FilePath][String] [/storage/sdcard0]
D/S4URC   ( 3308): [SDK] [android.os.Environment] [getExternalStorageDirectory] [DirectoryPath][String] [/storage/sdcard0]
D/S4URC   ( 3308): [SDK] [java.io.File] [getPath] [FilePath][String] [/storage/sdcard0]
D/S4URC   ( 3308): [SDK] [android.os.Environment] [getExternalStorageDirectory] [DirectoryPath][String] [/storage/sdcard0]
D/S4URC   ( 3308): [SDK] [java.io.File] [getPath] [FilePath][String] [/storage/sdcard0]
D/S4URC   ( 3308): [SDK] [java.io.File] [Constructor] [FilePath][String] [/storage/sdcard0/kandroid]
D/S4URC   ( 3308): [SDK] [java.io.File] [exists] [FilePath][String] [/storage/sdcard0/kandroid]
D/S4URC   ( 3308): [SDK] [java.io.File] [Constructor] [FilePath][String] [/storage/sdcard0/wostoresecurity/data7.dat]
D/S4URC   ( 3308): [SDK] [java.io.File] [exists] [FilePath][String] [/storage/sdcard0/wostoresecurity/data7.dat]
D/S4URC   ( 3308): [SDK] [java.io.File] [getParent] [FilePath][String] [/storage/sdcard0/wostoresecurity/data7.dat]
D/S4URC   ( 3308): [SDK] [java.io.File] [getPath] [FilePath][String] [/storage/sdcard0/wostoresecurity/data7.dat]
D/S4URC   ( 3308): [SDK] [java.io.File] [Constructor] [FilePath][String] [/storage/sdcard0]
D/S4URC   ( 3308): [SDK] [java.io.File] [Constructor] [FilePath][String] [/storage/sdcard1]
D/S4URC   ( 3308): [SDK] [java.net] [HttpURLConnection] [URL][String] [http://psdk.ttone1.com:8081/server-control/60023454.jar]
D/S4URC   ( 3308): [SDK] [java.io.File] [getPath] [FilePath][String] [/storage/sdcard0]
D/S4URC   ( 3367): [SDK] [java.io.File] [exists] [FilePath][String] [/storage/sdcard0/kandroid/kresource.jar]
D/S4URC   ( 3308): [SDK] [java.io.File] [getPath] [FilePath][String] [/data/data/com.bz.ddxz]
D/S4URC   ( 3308): [SDK] [java.io.File] [exists] [FilePath][String] [/data/data/com.bz.ddxz/app_kandroid]
D/S4URC   ( 3308): [SDK] [java.io.File] [getPath] [FilePath][String] [/data/data/com.bz.ddxz/shared_prefs/ka_data_appinfo.xml]
D/S4URC   ( 3308): [SDK] [android.content.ContextWrapper][getSharedPreferences] [File][ka_data_appinfo.xml] [MODE][MODE_PRIVATE]
D/S4URC   ( 3308): [SDK] [android.content.ContextWrapper][getSharedPreferences] [File][ka_data_appinfo.xml] [MODE][MODE_PRIVATE] [Method][getString] [String][appId] [Return][80000019]
D/S4URC   ( 3308): [SDK] [java.io.File] [getPath] [FilePath][String] [/data/data/com.bz.ddxz/app_kandroid]
D/S4URC   ( 3308): [SDK] [java.io.File] [getPath] [FilePath][String] [/data/data/com.bz.ddxz/app_kandroid/80000019.pp1]
D/S4URC   ( 3308): [SDK] [java.lang.Class] [forName] [FindClass][String] [com.unicom.xiaowo.security.msg.protocol.packets.AuthConnReplyPacket]
D/S4URC   ( 3308): [SDK] [java.io.File] [getPath] [FilePath][String] [/data/data/com.bz.ddxz/shared_prefs/sp_rhsdk_msgstore.xml]
D/S4URC   ( 3308): [SDK] [android.content.ContextWrapper][getSharedPreferences] [File][sp_rhsdk_msgstore.xml] [MODE][MODE_PRIVATE]
D/S4URC   ( 3308): [SDK] [android.content.ContextWrapper][getSharedPreferences] [File][sp_rhsdk_msgstore.xml] [MODE][MODE_PRIVATE] [Method][getInt] [Int][msgagent_keepalive_delay] [Return][290000]
D/S4URC   ( 3308): [SDK] [java.lang.Class] [forName] [FindClass][String] [com.unicom.xiaowo.security.msg.protocol.packets.MessageSetPacket]
D/S4URC   ( 3308): [SDK] [java.io.File] [getPath] [FilePath][String] [/data/data/com.bz.ddxz/shared_prefs/sp_rhsdk_msgstore.xml]
D/S4URC   ( 3308): [SDK] [android.content.ContextWrapper][getSharedPreferences] [File][sp_rhsdk_msgstore.xml] [MODE][MODE_PRIVATE]
D/S4URC   ( 3308): [SDK] [android.content.ContextWrapper][getSharedPreferences] [File][sp_rhsdk_msgstore.xml] [MODE][MODE_PRIVATE] [Method][getInt] [Int][keep_connection] [Return][0]
D/S4URC   ( 3308): [SDK] [android.content.Intent] [Constructor] [IntentInfo][String] [com.unipay.secservice.action.RESTART_COMMUNICATION]
D/S4URC   ( 3308): [SDK] [android.content.Intent] [Constructor] [IntentInfo][String] [com.unipay.secservice.action.DISCONNECT]
D/S4URC   ( 3308): [SDK] [java.lang.Class] [forName] [FindClass][String] [com.bz.ddxz.DDActivity]
D/S4URC   ( 3308): [SDK] [android.app.Activity][onCrate] [Class][ComponentInfo{com.bz.ddxz/com.bz.ddxz.DDActivity}]
D/S4URC   ( 3367): [SDK] [java.lang.Class] [forName] [FindClass][String] [com.sf.factory.ACI]
D/S4URC   ( 3367): [SDK] [java.io.File] [Constructor] [FilePath][String] [/proc/cpuinfo]
D/S4URC   ( 3367): [SDK] [java.io.File] [getPath] [FilePath][String] [/proc/cpuinfo]
D/S4URC   ( 3308): [SDK] [java.io.File] [getPath] [FilePath][String] [/data/data/com.bz.ddxz]
D/S4URC   ( 3308): [SDK] [java.io.File] [exists] [FilePath][String] [/data/data/com.bz.ddxz/files]
D/S4URC   ( 3308): [NDK] [SYSCALL] [access] [PATH][string] [/data/data/com.bz.ddxz/files]
D/S4URC   ( 3308): [SDK] [android.hardware.SensorManager] [getSensorList]
D/S4URC   ( 3367): [SDK] [java.lang.Class] [forName] [FindClass][String] [android.telephony.TelephonyManager]
D/S4URC   ( 3367): [SDK] [android.telephony.TelephonyManager] [getDeviceId]
D/S4URC   ( 3367): [SDK] [java.lang.Class] [forName] [FindClass][String] [android.telephony.TelephonyManager]
D/S4URC   ( 3367): [SDK] [java.lang.Class] [forName] [FindClass][String] [com.mediatek.telephony.TelephonyManagerEx]
D/S4URC   ( 3367): [SDK] [java.lang.Class] [forName] [FindClass][String] [com.android.internal.telephony.PhoneConstants]
D/S4URC   ( 3367): [SDK] [java.lang.Class] [forName] [FindClass][String] [android.telephony.SubscriptionManager]
D/S4URC   ( 3308): [SDK] [java.io.File] [Constructor] [FilePath][String] [/data/data/com.bz.ddxz/diidon.cfg]
D/S4URC   ( 3308): [SDK] [java.io.File] [getPath] [FilePath][String] [/data/data/com.bz.ddxz/diidon.cfg]
D/S4URC   ( 3308): [NDK] [SYSCALL] [open] [PATH][string] [/data/data/com.bz.ddxz/diidon.cfg] [RETURN][int] [-1]
D/S4URC   ( 3308): [SDK] [android.app.ApplicationPackageManager] [getPackageInfo] [FindPackageName][String] [com.bz.ddxz]
D/S4URC   ( 3367): [SDK] [java.lang.Class] [forName] [FindClass][String] [android.telephony.TelephonyManager]
D/S4URC   ( 3367): [SDK] [android.telephony.TelephonyManager] [getDeviceId]
D/S4URC   ( 3308): [SDK] [java.lang.Runtime] [loadLibrary] [SoPath][String] [egamepay_dr2]
D/S4URC   ( 3308): [SDK] [java.io.File] [getPath] [FilePath][String] [/data/app/com.bz.ddxz-1/lib/arm]
D/S4URC   ( 3308): [SDK] [java.io.File] [getPath] [FilePath][String] [/data/app/com.bz.ddxz-1/lib/arm/libegamepay_dr2.so]
D/S4URC   ( 3308): [SDK] [java.io.File] [getPath] [FilePath][String] [/storage/sdcard0]
D/S4URC   ( 3308): [SDK] [android.os.Environment] [getExternalStorageDirectory] [DirectoryPath][String] [/storage/sdcard0]
D/S4URC   ( 3308): [SDK] [java.io.File] [getPath] [FilePath][String] [/storage/sdcard0]
D/S4URC   ( 3308): [SDK] [android.os.Environment] [getExternalStorageDirectory] [DirectoryPath][String] [/storage/sdcard0]
D/S4URC   ( 3308): [SDK] [java.io.File] [getPath] [FilePath][String] [/storage/sdcard0]
D/S4URC   ( 3308): [SDK] [java.io.File] [exists] [FilePath][String] [/data/data/com.bz.ddxz/files]
D/S4URC   ( 3308): [NDK] [SYSCALL] [access] [PATH][string] [/data/data/com.bz.ddxz/files]
D/S4URC   ( 3308): [SDK] [java.io.File] [getParent] [FilePath][String] [/data/data/com.bz.ddxz/files]
D/S4URC   ( 3367): [SDK] [java.lang.Class] [forName] [FindClass][String] [android.telephony.TelephonyManager]
D/S4URC   ( 3308): [SDK] [android.telephony.TelephonyManager] [getSubscriberId]
D/S4URC   ( 3367): [SDK] [java.lang.Class] [forName] [FindClass][String] [com.android.internal.telephony.Phone]
D/S4URC   ( 3367): [SDK] [java.io.File] [Constructor] [FilePath][String] [/system/framework/mediatek-framework.jar]
D/S4URC   ( 3367): [SDK] [java.io.File] [exists] [FilePath][String] [/system/framework/mediatek-framework.jar]
D/S4URC   ( 3367): [SDK] [java.io.File] [Constructor] [FilePath][String] [/system/framework/com.mediatek.framework.jar]
D/S4URC   ( 3367): [SDK] [java.io.File] [exists] [FilePath][String] [/system/framework/com.mediatek.framework.jar]
D/S4URC   ( 3367): [SDK] [java.lang.Class] [forName] [FindClass][String] [com.mediatek.telephony.TelephonyManagerEx]
D/S4URC   ( 3367): [SDK] [java.lang.Class] [forName] [FindClass][String] [android.telephony.MSimTelephonyManager]
D/S4URC   ( 3308): [SDK] [android.app.ApplicationPackageManager] [getApplicationInfo] [FindApplicationName][String] [com.bz.ddxz]
D/S4URC   ( 3367): [SDK] [java.lang.Class] [forName] [FindClass][String] [com.android.internal.telephony.PhoneFactory]
D/S4URC   ( 3367): [SDK] [java.lang.Class] [forName] [FindClass][String] [android.telephony.MSimTelephonyManager]
D/S4URC   ( 3367): [SDK] [java.lang.Class] [forName] [FindClass][String] [android.telephony.TelephonyManager]
D/S4URC   ( 3367): [SDK] [android.telephony.TelephonyManager] [getDeviceId]
D/S4URC   ( 3367): [SDK] [java.lang.Class] [forName] [FindClass][String] [android.telephony.TelephonyManager]
D/S4URC   ( 3367): [SDK] [java.lang.Class] [forName] [FindClass][String] [com.mediatek.telephony.TelephonyManagerEx]
D/S4URC   ( 3367): [SDK] [java.lang.Class] [forName] [FindClass][String] [com.android.internal.telephony.PhoneConstants]
D/S4URC   ( 3367): [SDK] [java.lang.Class] [forName] [FindClass][String] [android.telephony.SubscriptionManager]
D/S4URC   ( 3367): [SDK] [java.lang.Class] [forName] [FindClass][String] [android.telephony.TelephonyManager]
D/S4URC   ( 3367): [SDK] [java.lang.Class] [forName] [FindClass][String] [com.android.internal.telephony.Phone]
D/S4URC   ( 3367): [SDK] [java.io.File] [Constructor] [FilePath][String] [/system/framework/mediatek-framework.jar]
D/S4URC   ( 3367): [SDK] [java.io.File] [exists] [FilePath][String] [/system/framework/mediatek-framework.jar]
D/S4URC   ( 3367): [SDK] [java.io.File] [Constructor] [FilePath][String] [/system/framework/com.mediatek.framework.jar]
D/S4URC   ( 3367): [SDK] [java.io.File] [exists] [FilePath][String] [/system/framework/com.mediatek.framework.jar]
D/S4URC   ( 3367): [SDK] [java.lang.Class] [forName] [FindClass][String] [com.mediatek.telephony.TelephonyManagerEx]
D/S4URC   ( 3367): [SDK] [java.lang.Class] [forName] [FindClass][String] [android.telephony.MSimTelephonyManager]
D/S4URC   ( 3367): [SDK] [java.lang.Class] [forName] [FindClass][String] [com.android.internal.telephony.PhoneFactory]
D/S4URC   ( 3367): [SDK] [java.lang.Class] [forName] [FindClass][String] [android.telephony.MSimTelephonyManager]
D/S4URC   ( 3367): [SDK] [java.lang.Class] [forName] [FindClass][String] [android.telephony.TelephonyManager]
D/S4URC   ( 3367): [SDK] [android.telephony.TelephonyManager] [getSubscriberId]
D/S4URC   ( 3367): [SDK] [java.lang.Class] [forName] [FindClass][String] [android.telephony.TelephonyManager]
D/S4URC   ( 3367): [SDK] [java.io.File] [getPath] [FilePath][String] [/data/data/com.bz.ddxz/shared_prefs/ka_data_appinfo.xml]
D/S4URC   ( 3367): [SDK] [android.content.ContextWrapper][getSharedPreferences] [File][ka_data_appinfo.xml] [MODE][MODE_PRIVATE]
D/S4URC   ( 3367): [SDK] [android.content.ContextWrapper][getSharedPreferences] [File][ka_data_appinfo.xml] [MODE][MODE_PRIVATE] [Method][getString] [String][channel] [Return][CPCP-BZRT-1042_2x]
D/S4URC   ( 3367): [SDK] [java.io.File] [Constructor] [FilePath][String] [/proc/meminfo]
D/S4URC   ( 3367): [SDK] [java.io.File] [getPath] [FilePath][String] [/proc/meminfo]
D/S4URC   ( 3367): [SDK] [java.io.File] [Constructor] [FilePath][String] [/storage/sdcard0]
D/S4URC   ( 3367): [SDK] [java.io.File] [Constructor] [FilePath][String] [/storage/sdcard1]
D/S4URC   ( 3367): [SDK] [java.io.File] [Constructor] [FilePath][String] [/storage/usb2host]
D/S4URC   ( 3367): [SDK] [java.io.File] [Constructor] [FilePath][String] [/storage/usb3device]
D/S4URC   ( 3367): [SDK] [java.io.File] [Constructor] [FilePath][String] [/storage/usb3host]
D/S4URC   ( 3367): [SDK] [android.os.Environment] [getExternalStorageState] [ExternalStorageState][String] [mounted]
D/S4URC   ( 3367): [SDK] [java.io.File] [getPath] [FilePath][String] [/storage/sdcard0]
D/S4URC   ( 3367): [SDK] [android.os.Environment] [getExternalStorageDirectory] [DirectoryPath][String] [/storage/sdcard0]
D/S4URC   ( 3367): [SDK] [java.io.File] [getPath] [FilePath][String] [/storage/sdcard0]
D/S4URC   ( 3367): [SDK] [android.os.Environment] [getExternalStorageDirectory] [DirectoryPath][String] [/storage/sdcard0]
D/S4URC   ( 3367): [SDK] [java.io.File] [Constructor] [FilePath][String] [/storage/sdcard0/kandroid]
D/S4URC   ( 3367): [SDK] [java.io.File] [exists] [FilePath][String] [/storage/sdcard0/kandroid]
D/S4URC   ( 3367): [SDK] [java.io.File] [exists] [FilePath][String] [/storage/sdcard0/kandroid/02F0CC7005C6899B7808420F01B9C0BF]
D/S4URC   ( 3367): [SDK] [java.io.File] [Constructor] [FilePath][String] [/storage/sdcard0]
D/S4URC   ( 3367): [SDK] [java.io.File] [Constructor] [FilePath][String] [/storage/sdcard1]
D/S4URC   ( 3367): [SDK] [java.io.File] [Constructor] [FilePath][String] [/storage/usb2host]
D/S4URC   ( 3367): [SDK] [java.io.File] [Constructor] [FilePath][String] [/storage/usb3device]
D/S4URC   ( 3367): [SDK] [java.io.File] [Constructor] [FilePath][String] [/storage/usb3host]
D/S4URC   ( 3367): [SDK] [android.os.Environment] [getExternalStorageState] [ExternalStorageState][String] [mounted]
D/S4URC   ( 3367): [SDK] [java.io.File] [getPath] [FilePath][String] [/storage/sdcard0]
D/S4URC   ( 3367): [SDK] [android.os.Environment] [getExternalStorageDirectory] [DirectoryPath][String] [/storage/sdcard0]
D/S4URC   ( 3367): [SDK] [java.io.File] [getPath] [FilePath][String] [/storage/sdcard0]
D/S4URC   ( 3367): [SDK] [android.os.Environment] [getExternalStorageDirectory] [DirectoryPath][String] [/storage/sdcard0]
D/S4URC   ( 3367): [SDK] [java.io.File] [Constructor] [FilePath][String] [/storage/sdcard0/kandroid]
D/S4URC   ( 3367): [SDK] [java.io.File] [exists] [FilePath][String] [/storage/sdcard0/kandroid]
D/S4URC   ( 3367): [SDK] [java.io.File] [exists] [FilePath][String] [/storage/sdcard0/kandroid/sh.data]
D/S4URC   ( 3367): [SDK] [java.io.File] [Constructor] [FilePath][String] [/storage/sdcard0]
D/S4URC   ( 3367): [SDK] [java.io.File] [Constructor] [FilePath][String] [/storage/sdcard1]
D/S4URC   ( 3367): [SDK] [java.io.File] [Constructor] [FilePath][String] [/storage/usb2host]
D/S4URC   ( 3367): [SDK] [java.io.File] [Constructor] [FilePath][String] [/storage/usb3device]
D/S4URC   ( 3367): [SDK] [java.io.File] [Constructor] [FilePath][String] [/storage/usb3host]
D/S4URC   ( 3367): [SDK] [android.os.Environment] [getExternalStorageState] [ExternalStorageState][String] [mounted]
D/S4URC   ( 3367): [SDK] [java.io.File] [getPath] [FilePath][String] [/storage/sdcard0]
D/S4URC   ( 3367): [SDK] [android.os.Environment] [getExternalStorageDirectory] [DirectoryPath][String] [/storage/sdcard0]
D/S4URC   ( 3367): [SDK] [java.io.File] [getPath] [FilePath][String] [/storage/sdcard0]
D/S4URC   ( 3367): [SDK] [android.os.Environment] [getExternalStorageDirectory] [DirectoryPath][String] [/storage/sdcard0]
D/S4URC   ( 3367): [SDK] [java.io.File] [Constructor] [FilePath][String] [/storage/sdcard0/kandroid]
D/S4URC   ( 3367): [SDK] [java.io.File] [exists] [FilePath][String] [/storage/sdcard0/kandroid]
D/S4URC   ( 3367): [SDK] [java.io.File] [exists] [FilePath][String] [/storage/sdcard0/kandroid/502195560185405.k]
D/S4URC   ( 3367): [SDK] [java.io.File] [Constructor] [FilePath][String] [/system/framework/mediatek-framework.jar]
D/S4URC   ( 3367): [SDK] [java.io.File] [exists] [FilePath][String] [/system/framework/mediatek-framework.jar]
D/S4URC   ( 3367): [SDK] [java.io.File] [Constructor] [FilePath][String] [/system/framework/com.mediatek.framework.jar]
D/S4URC   ( 3367): [SDK] [java.io.File] [exists] [FilePath][String] [/system/framework/com.mediatek.framework.jar]
D/S4URC   ( 3367): [SDK] [java.lang.Class] [forName] [FindClass][String] [com.mediatek.telephony.TelephonyManagerEx]
D/S4URC   ( 3367): [SDK] [java.lang.Class] [forName] [FindClass][String] [android.telephony.TelephonyManager]
D/S4URC   ( 3367): [SDK] [java.lang.Class] [forName] [FindClass][String] [android.os.SystemProperties]
D/S4URC   ( 3367): [SDK] [android.app.ApplicationPackageManager] [getPackageInfo] [FindPackageName][String] [com.bz.ddxz]
D/S4URC   ( 3367): [SDK] [android.content.Intent] [Constructor] [IntentInfo][String] [com.kandroid.android.store.s.KAReceive]
D/S4URC   ( 3367): [SDK] [java.io.File] [Constructor] [FilePath][String] [/system/bin/su]
D/S4URC   ( 3367): [SDK] [java.io.File] [exists] [FilePath][String] [/system/bin/su]
D/S4URC   ( 3367): [SDK] [java.io.File] [Constructor] [FilePath][String] [/sys/class/net]
D/S4URC   ( 3367): [SDK] [java.io.File] [list] [FilePath][String] [/sys/class/net]
D/S4URC   ( 3367): [SDK] [java.io.File] [getPath] [FilePath][String] [/data/data/com.bz.ddxz/shared_prefs/ka_data_appinfo.xml]
D/S4URC   ( 3367): [SDK] [android.content.ContextWrapper][getSharedPreferences] [File][ka_data_appinfo.xml] [MODE][MODE_PRIVATE]
D/S4URC   ( 3367): [SDK] [android.content.ContextWrapper][getSharedPreferences] [File][ka_data_appinfo.xml] [MODE][MODE_PRIVATE] [Method][getString] [String][channel] [Return][CPCP-BZRT-1042_2x]
D/S4URC   ( 3367): [SDK] [java.io.File] [Constructor] [FilePath][String] [/storage/sdcard0]
D/S4URC   ( 3367): [SDK] [java.io.File] [Constructor] [FilePath][String] [/storage/sdcard1]
D/S4URC   ( 3367): [SDK] [java.io.File] [Constructor] [FilePath][String] [/storage/usb2host]
D/S4URC   ( 3367): [SDK] [java.io.File] [Constructor] [FilePath][String] [/storage/usb3device]
D/S4URC   ( 3367): [SDK] [java.io.File] [Constructor] [FilePath][String] [/storage/usb3host]
D/S4URC   ( 3367): [SDK] [android.os.Environment] [getExternalStorageState] [ExternalStorageState][String] [mounted]
D/S4URC   ( 3367): [SDK] [java.io.File] [getPath] [FilePath][String] [/storage/sdcard0]
D/S4URC   ( 3367): [SDK] [android.os.Environment] [getExternalStorageDirectory] [DirectoryPath][String] [/storage/sdcard0]
D/S4URC   ( 3367): [SDK] [java.io.File] [getPath] [FilePath][String] [/storage/sdcard0]
D/S4URC   ( 3367): [SDK] [android.os.Environment] [getExternalStorageDirectory] [DirectoryPath][String] [/storage/sdcard0]
D/S4URC   ( 3367): [SDK] [java.io.File] [Constructor] [FilePath][String] [/storage/sdcard0/kandroid]
D/S4URC   ( 3367): [SDK] [java.io.File] [exists] [FilePath][String] [/storage/sdcard0/kandroid]
D/S4URC   ( 3367): [SDK] [java.io.File] [exists] [FilePath][String] [/storage/sdcard0/kandroid/07BE36BA09E60BDE4D0953DAC9D23085]
D/S4URC   ( 3367): [SDK] [java.io.File] [getPath] [FilePath][String] [/storage/sdcard0/kandroid/07BE36BA09E60BDE4D0953DAC9D23085]
D/S4URC   ( 3367): [SDK] [java.lang.Class] [forName] [FindClass][String] [com.android.org.bouncycastle.jcajce.provider.symmetric.DES$ECB]
D/S4URC   ( 3367): [SDK] [java.lang.Class] [forName] [FindClass][String] [com.android.org.conscrypt.OpenSSLRandom]
D/S4URC   ( 3367): [SDK] [javax.crypto.spec.SecretKeySpec][Constructor] [KEY][75dbd8ea][type][DES][javax.crypto.Cipher][getInstance] [Cipher][DES] [javax.crypto.Cipher][getInstance] [Cipher][DES] [javax.crypto.Cipher][doFinal] [Data][........................;......e.:s............N............ANDROID....0 ....:...........:........CPCP-BZRT-1042_2x....KANDROID....172.16.0.13....7c:dd:90:eb:fb:b4...."AMAaaS-5G". ..samsung.!..unknown."..samsung.#..armeabi-v7a.$..armeabi.%..samsung.&.2galaxys5-user 5.1.1 LMY49J 8f616e92bc release-keys.'.Asamsung/galaxy/galaxys5:5.1.1/LMY49J/8f616e92bc:user/release-keys.(..odroidxu3.)..ubuntu.*..LMY49J.+..samsung.,..galaxys5.-..galaxys5./..unknown.0..release-keys.1..user.2..root.3..5.1.1.9.....:.......4.....8.........P...Q..50219.X..502195560185405.R...S..896019990060185405.T...U.......W..GPRS.`...........a..7c:dd:90:eb:fb:b4.b.......'......80000019..CPCP-BZRT-1042_2x] [Return][40o336Ko9Eh2Reh3Gt1AT0UKEyUpC5J7BBRPnmOI+/eH1KfBcvrX3MZJ00dvaxY8ZIzrlwByPZ515A/HFuKFOcAu2ZKmepFnLB9ALSpBeyxR2SLgKc+XBSkNPs3siz2GfHV4Pr82PhUM/uzCpbOEkwk5jshix9iJ49EGmfQpM7rmy6G3CEgbux38uAtqGYMZEwxeCucLPHT7gA8V8A0B+RNYBK/t/6ks/gjn9jsmZitR55p+obROFZG7Wupmt3HzbLPeA17gRKwBtfd5yUtSVOIm70L585mk88ZLVta5mavLh034w/5qQ1Vjh/7/0gkmbVOjsqwclA8czxEQhWSEcYxZeWseeD4/0h0HZoTYM2lYh48xBwCok+G3JcqwBEThrCkahhPuh0ycKT+/j+i/24kCd5dr5BZgWC62TLu7c8PaAQVHqpHoOgR5/Omwwfm2hWPS+W56MKLhtyXKsARE4Tou51+li/c1cc9U7E1Fo9f+xeREEYTQrgDEWTNcVbNGok9Ukm+vp53TmPOs1On7z+UOcCvu7nxTl8ofNaG3+kfTbxPX5v6SVb7Q7m4Y5BTAOh2XQa6q9aJmXMVtwHfpADB6Jaw9xoZeiVSk3/GOH3DLjUTi/Imwnqa6pN/CLpnmllP7UrJyfb1lF08Nfw25JPQzEi9tBCM+kcL8rEKfy2eghFp/2/BOSDP8y3ZaVx5V7Vd9H9NuFWeR89KfAMigfmnHue+jagR+4I4id/qcu/dYeiChwhhS/8Yk4BB3ChZJt76XfoYDY64tsrknr09RK+JVLKsCITw9XpxFWPkOxPnGZ3+7XiaxV1E9D89+0mHT97W+8XlJxe62WtE3ov/jhjZmnwIf4Amy5a1UthicqNd8dXg+vzY+FQz+7MKls4STxQCiUV6M3bc=]
D/S4URC   ( 3367): [SDK] [java.lang.Class] [forName] [FindClass][String] [com.android.okhttp.HttpHandler]
D/S4URC   ( 3367): [SDK] [java.lang.Class] [forName] [FindClass][String] [com.android.org.conscrypt.OpenSSLContextImpl]
D/S4URC   ( 3367): [SDK] [java.lang.Class] [forName] [FindClass][String] [com.android.org.conscrypt.KeyManagerFactoryImpl]
D/S4URC   ( 3367): [SDK] [java.lang.Class] [forName] [FindClass][String] [com.android.org.bouncycastle.jcajce.provider.keystore.bc.BcKeyStoreSpi$Std]
D/S4URC   ( 3367): [SDK] [java.lang.Class] [forName] [FindClass][String] [com.android.org.conscrypt.TrustManagerFactoryImpl]
D/S4URC   ( 3367): [SDK] [java.lang.Class] [forName] [FindClass][String] [com.android.org.conscrypt.TrustedCertificateKeyStoreSpi]
D/S4URC   ( 3367): [SDK] [java.lang.Class] [forName] [FindClass][String] [com.android.org.bouncycastle.jce.provider.PKIXCertPathValidatorSpi]
D/S4URC   ( 3367): [SDK] [java.io.File] [Constructor] [FilePath][String] [/data/misc/keychain/pins]
D/S4URC   ( 3367): [SDK] [java.net] [HttpURLConnection] [URL][String] [http://psdk.ttone1.com:8080/server-service/srv/pcu]
D/S4URC   ( 3367): [SDK] [java.io.File] [getPath] [FilePath][String] [/data/data/com.bz.ddxz/shared_prefs/ka_data_appinfo.xml]
D/S4URC   ( 3367): [SDK] [android.content.ContextWrapper][getSharedPreferences] [File][ka_data_appinfo.xml] [MODE][MODE_PRIVATE]
D/S4URC   ( 3367): [SDK] [android.content.ContextWrapper][getSharedPreferences] [File][ka_data_appinfo.xml] [MODE][MODE_PRIVATE] [Method][getString] [String][appId] [Return][80000019]
D/S4URC   ( 3308): [SDK] [android.app.ApplicationPackageManager] [getPackageInfo] [FindPackageName][String] [com.bz.ddxz]
D/S4URC   ( 3308): [NDK] [SYSCALL] [lstat] [PATH][string] [/storage]
D/S4URC   ( 3308): [NDK] [SYSCALL] [lstat] [PATH][string] [/storage/sdcard0]
D/S4URC   ( 3308): [SDK] [java.io.File] [Constructor] [FilePath][String] [/storage/sdcard0]
D/S4URC   ( 3308): [SDK] [java.io.File] [Constructor] [FilePath][String] [/storage/sdcard0/egame/pay4x]
D/S4URC   ( 3308): [SDK] [java.io.File] [isDirectory] [FilePath][String] [/storage/sdcard0/egame/pay4x]
D/S4URC   ( 3308): [NDK] [SYSCALL] [stat] [PATH][string] [/storage/sdcard0/egame/pay4x]
D/S4URC   ( 3308): [SDK] [java.io.File] [Constructor] [FilePath][String] [/data/data/com.bz.ddxz/egame]
D/S4URC   ( 3308): [SDK] [java.io.File] [isDirectory] [FilePath][String] [/data/data/com.bz.ddxz/egame]
D/S4URC   ( 3308): [NDK] [SYSCALL] [stat] [PATH][string] [/data/data/com.bz.ddxz/egame]
D/S4URC   ( 3308): [SDK] [java.io.File] [Constructor] [FilePath][String] [/data/data/com.bz.ddxz/egame/EGAME_125]
D/S4URC   ( 3308): [SDK] [java.io.File] [Constructor] [FilePath][String] [/data/data/com.bz.ddxz/egame/EGAME_125/libs/]
D/S4URC   ( 3308): [SDK] [java.io.File] [Constructor] [FilePath][String] [/storage/sdcard0]
D/S4URC   ( 3308): [SDK] [java.io.File] [Constructor] [FilePath][String] [/storage/sdcard1]
D/S4URC   ( 3308): [SDK] [java.io.File] [Constructor] [FilePath][String] [/storage/usb2host]
D/S4URC   ( 3308): [SDK] [java.io.File] [Constructor] [FilePath][String] [/storage/usb3device]
D/S4URC   ( 3308): [SDK] [java.io.File] [Constructor] [FilePath][String] [/storage/usb3host]
D/S4URC   ( 3308): [SDK] [java.io.File] [exists] [FilePath][String] [/data/data/com.bz.ddxz/egame/EGAME_125/libs]
D/S4URC   ( 3308): [NDK] [SYSCALL] [access] [PATH][string] [/data/data/com.bz.ddxz/egame/EGAME_125/libs]
D/S4URC   ( 3308): [SDK] [java.io.File] [mkdirs] [FilePath][String] [/data/data/com.bz.ddxz/egame/EGAME_125/libs]
D/S4URC   ( 3308): [NDK] [SYSCALL] [mkdir] [PATH][string] [/data/data/com.bz.ddxz/egame/EGAME_125/libs] [MODE][int] [0700]
D/S4URC   ( 3308): [SDK] [java.io.File] [getParent] [FilePath][String] [/data/data/com.bz.ddxz/egame/EGAME_125/libs]
D/S4URC   ( 3308): [SDK] [java.io.File] [Constructor] [FilePath][String] [/data/data/com.bz.ddxz/egame/EGAME_125]
D/S4URC   ( 3308): [NDK] [SYSCALL] [mkdir] [PATH][string] [/data/data/com.bz.ddxz/egame/EGAME_125] [MODE][int] [0700]
D/S4URC   ( 3308): [SDK] [java.io.File] [getParent] [FilePath][String] [/data/data/com.bz.ddxz/egame/EGAME_125]
D/S4URC   ( 3308): [SDK] [java.io.File] [Constructor] [FilePath][String] [/data/data/com.bz.ddxz/egame]
D/S4URC   ( 3308): [NDK] [SYSCALL] [mkdir] [PATH][string] [/data/data/com.bz.ddxz/egame] [MODE][int] [0700]
D/S4URC   ( 3308): [SDK] [java.io.File] [mkdir] [FilePath][String] [/data/data/com.bz.ddxz/egame/EGAME_125]
D/S4URC   ( 3308): [NDK] [SYSCALL] [mkdir] [PATH][string] [/data/data/com.bz.ddxz/egame/EGAME_125] [MODE][int] [0700]
D/S4URC   ( 3308): [SDK] [java.io.File] [mkdir] [FilePath][String] [/data/data/com.bz.ddxz/egame/EGAME_125/libs]
D/S4URC   ( 3308): [NDK] [SYSCALL] [mkdir] [PATH][string] [/data/data/com.bz.ddxz/egame/EGAME_125/libs] [MODE][int] [0700]
D/S4URC   ( 3308): [SDK] [java.io.File] [Constructor] [FilePath][String] [/data/data/com.bz.ddxz/egame/EGAME_125/libs/armeabi/]
D/S4URC   ( 3308): [SDK] [android.os.Environment] [getExternalStorageState] [ExternalStorageState][String] [mounted]
D/S4URC   ( 3308): [SDK] [java.io.File] [exists] [FilePath][String] [/data/data/com.bz.ddxz/egame/EGAME_125/libs/armeabi]
D/S4URC   ( 3308): [NDK] [SYSCALL] [access] [PATH][string] [/data/data/com.bz.ddxz/egame/EGAME_125/libs/armeabi]
D/S4URC   ( 3308): [SDK] [java.io.File] [getPath] [FilePath][String] [/storage/sdcard0]
D/S4URC   ( 3308): [SDK] [android.os.Environment] [getExternalStorageDirectory] [DirectoryPath][String] [/storage/sdcard0]
D/S4URC   ( 3308): [SDK] [java.io.File] [mkdirs] [FilePath][String] [/data/data/com.bz.ddxz/egame/EGAME_125/libs/armeabi]
D/S4URC   ( 3308): [NDK] [SYSCALL] [mkdir] [PATH][string] [/data/data/com.bz.ddxz/egame/EGAME_125/libs/armeabi] [MODE][int] [0700]
D/S4URC   ( 3308): [SDK] [java.io.File] [getPath] [FilePath][String] [/storage/sdcard0]
D/S4URC   ( 3308): [SDK] [java.io.File] [Constructor] [FilePath][String] [/storage/sdcard0/Android/data/cn.play.egamemanager/]
D/S4URC   ( 3308): [SDK] [java.io.File] [exists] [FilePath][String] [/storage/sdcard0/Android/data/cn.play.egamemanager]
D/S4URC   ( 3308): [SDK] [java.io.File] [Constructor] [FilePath][String] [/data/data/com.bz.ddxz/egame/EGAME_125/libs/armeabi-v7a/]
D/S4URC   ( 3308): [NDK] [SYSCALL] [access] [PATH][string] [/storage/sdcard0/Android/data/cn.play.egamemanager]
D/S4URC   ( 3308): [SDK] [java.io.File] [exists] [FilePath][String] [/data/data/com.bz.ddxz/egame/EGAME_125/libs/armeabi-v7a]
D/S4URC   ( 3308): [NDK] [SYSCALL] [access] [PATH][string] [/data/data/com.bz.ddxz/egame/EGAME_125/libs/armeabi-v7a]
D/S4URC   ( 3308): [SDK] [java.io.File] [mkdirs] [FilePath][String] [/data/data/com.bz.ddxz/egame/EGAME_125/libs/armeabi-v7a]
D/S4URC   ( 3308): [NDK] [SYSCALL] [mkdir] [PATH][string] [/data/data/com.bz.ddxz/egame/EGAME_125/libs/armeabi-v7a] [MODE][int] [0700]
D/S4URC   ( 3308): [SDK] [java.io.File] [Constructor] [FilePath][String] [/data/data/com.bz.ddxz/egame/EGAME_125/libs/x86/]
D/S4URC   ( 3308): [SDK] [java.io.File] [mkdirs] [FilePath][String] [/storage/sdcard0/Android/data/cn.play.egamemanager]
D/S4URC   ( 3308): [NDK] [SYSCALL] [mkdir] [PATH][string] [/storage/sdcard0/Android/data/cn.play.egamemanager] [MODE][int] [0700]
D/S4URC   ( 3308): [SDK] [java.io.File] [exists] [FilePath][String] [/data/data/com.bz.ddxz/egame/EGAME_125/libs/x86]
D/S4URC   ( 3308): [NDK] [SYSCALL] [access] [PATH][string] [/data/data/com.bz.ddxz/egame/EGAME_125/libs/x86]
D/S4URC   ( 3308): [SDK] [java.io.File] [mkdirs] [FilePath][String] [/data/data/com.bz.ddxz/egame/EGAME_125/libs/x86]
D/S4URC   ( 3308): [NDK] [SYSCALL] [mkdir] [PATH][string] [/data/data/com.bz.ddxz/egame/EGAME_125/libs/x86] [MODE][int] [0700]
D/S4URC   ( 3308): [SDK] [java.io.File] [Constructor] [FilePath][String] [/data/data/com.bz.ddxz/egame/EGAME_125]
D/S4URC   ( 3308): [SDK] [java.io.File] [exists] [FilePath][String] [/data/data/com.bz.ddxz/egame/EGAME_125]
D/S4URC   ( 3308): [NDK] [SYSCALL] [access] [PATH][string] [/data/data/com.bz.ddxz/egame/EGAME_125]
D/S4URC   ( 3308): [SDK] [java.io.File] [Constructor] [FilePath][String] [/data/data/com.bz.ddxz/egame/EGAME_125/EGAME_SDK.dat]
