D/S4URC   ( 2662): [SDK] [java.lang.Class] [forName] [FindClass][String] [java.net.HttpURLConnection]
D/S4URC   ( 2662): [SDK] [java.lang.Class] [forName] [FindClass][String] [com.android.okhttp.internal.http.HttpURLConnectionImpl]
D/S4URC   ( 2662): [SDK] [java.lang.Class] [forName] [FindClass][String] [java.net.Socket]
D/S4URC   ( 2662): [SDK] [java.lang.Class] [forName] [FindClass][String] [android.telephony.TelephonyManager]
D/S4URC   ( 2662): [SDK] [java.lang.Class] [forName] [FindClass][String] [android.os.Debug]
D/S4URC   ( 2662): [SDK] [java.lang.Class] [forName] [FindClass][String] [android.hardware.SensorManager]
D/S4URC   ( 2662): [SDK] [java.lang.Class] [forName] [FindClass][String] [android.content.res.ResourcesKey]
D/S4URC   ( 2662): [SDK] [java.lang.Class] [forName] [FindClass][String] [android.app.ResourcesManager]
D/S4URC   ( 2662): [SDK] [java.io.File] [Constructor] [FilePath][String] [/data/app/com.dump.cute-1/base.apk]
D/S4URC   ( 2662): [SDK] [java.io.File] [getPath] [FilePath][String] [/data/data/com.dump.cute]
D/S4URC   ( 2662): [SDK] [java.io.File] [exists] [FilePath][String] [/data/data/com.dump.cute/cache]
D/S4URC   ( 2662): [SDK] [java.io.File] [mkdirs] [FilePath][String] [/data/data/com.dump.cute/cache]
D/S4URC   ( 2662): [SDK] [java.io.File] [getPath] [FilePath][String] [/data/data/com.dump.cute/cache]
D/S4URC   ( 2662): [SDK] [java.io.File] [getPath] [FilePath][String] [/storage/sdcard0]
D/S4URC   ( 2662): [SDK] [java.io.File] [getPath] [FilePath][String] [/storage/sdcard1]
D/S4URC   ( 2662): [SDK] [java.io.File] [getPath] [FilePath][String] [/storage/usb2host]
D/S4URC   ( 2662): [SDK] [java.io.File] [getPath] [FilePath][String] [/storage/usb3device]
D/S4URC   ( 2662): [SDK] [java.io.File] [getPath] [FilePath][String] [/storage/usb3host]
D/S4URC   ( 2662): [SDK] [java.lang.Class] [forName] [FindClass][String] [com.tencent.bugly.crashreport.crash.jni.NativeCrashHandler]
D/S4URC   ( 2662): [SDK] [android.app.ApplicationPackageManager] [getPackageInfo] [FindPackageName][String] [com.dump.cute]
D/S4URC   ( 2662): [SDK] [java.io.File] [Constructor] [FilePath][String] [/proc/2662/cmdline]
D/S4URC   ( 2662): [SDK] [java.io.File] [getPath] [FilePath][String] [/proc/2662/cmdline]
D/S4URC   ( 2662): [SDK] [android.app.ApplicationPackageManager] [getApplicationInfo] [FindApplicationName][String] [com.dump.cute]
D/S4URC   ( 2662): [SDK] [java.io.File] [getPath] [FilePath][String] [/data/data/com.dump.cute]
D/S4URC   ( 2662): [SDK] [java.io.File] [getPath] [FilePath][String] [/data/data/com.dump.cute/databases]
D/S4URC   ( 2662): [SDK] [android.content.ContextWrapper] [getDatabasePath] [PathInfo][String] [bugly_db_]
D/S4URC   ( 2662): [SDK] [java.io.File] [exists] [FilePath][String] [/data/data/com.dump.cute/databases/bugly_db_]
D/S4URC   ( 2662): [SDK] [java.io.File] [getPath] [FilePath][String] [/data/data/com.dump.cute]
D/S4URC   ( 2662): [SDK] [java.io.File] [exists] [FilePath][String] [/data/data/com.dump.cute/files]
D/S4URC   ( 2662): [SDK] [java.io.File] [mkdirs] [FilePath][String] [/data/data/com.dump.cute/files]
D/S4URC   ( 2662): [SDK] [java.io.File] [getPath] [FilePath][String] [/data/data/com.dump.cute/files]
D/S4URC   ( 2662): [SDK] [java.lang.Class] [forName] [FindClass][String] [android.util.Base64]
D/S4URC   ( 2662): [SDK] [java.io.File] [getPath] [FilePath][String] [/data/data/com.dump.cute/databases]
D/S4URC   ( 2662): [SDK] [java.io.File] [isDirectory] [FilePath][String] [/data/data/com.dump.cute/databases]
D/S4URC   ( 2662): [SDK] [java.io.File] [mkdir] [FilePath][String] [/data/data/com.dump.cute/databases]
D/S4URC   ( 2662): [SDK] [java.io.File] [getPath] [FilePath][String] [/data/data/com.dump.cute/databases]
D/S4URC   ( 2662): [SDK] [java.io.File] [getPath] [FilePath][String] [/data/data/com.dump.cute/databases/bugly_db_]
D/S4URC   ( 2662): [SDK] [java.lang.Class] [forName] [FindClass][String] [com.android.org.conscrypt.OpenSSLRandom]
D/S4URC   ( 2662): [SDK] [java.io.File] [getPath] [FilePath][String] [/data/data/com.dump.cute/databases/bugly_db_]
D/S4URC   ( 2662): [SDK] [android.database.sqlite.SQLiteDatabase] [execSQL] [ExecInfo][String] [ CREATE TABLE IF NOT EXISTS t_ui ( _id INTEGER PRIMARY KEY , _tm int , _ut int , _tp int , _dt blob , _pc text ) ]
D/S4URC   ( 2662): [SDK] [android.database.sqlite.SQLiteDatabase] [execSQL] [ExecInfo][String] [ CREATE TABLE IF NOT EXISTS t_lr ( _id INTEGER PRIMARY KEY , _tp int , _tm int , _pc text , _th text , _dt blob ) ]
D/S4URC   ( 2662): [SDK] [android.database.sqlite.SQLiteDatabase] [execSQL] [ExecInfo][String] [ CREATE TABLE IF NOT EXISTS t_pf ( _id integer , _tp text , _tm int , _dt blob,primary key(_id,_tp )) ]
D/S4URC   ( 2662): [SDK] [android.database.sqlite.SQLiteDatabase] [execSQL] [ExecInfo][String] [ CREATE TABLE IF NOT EXISTS t_crd ( _id integer , _pc text , _tm int , _fl int , _sv text , _av text , _uid integer,primary key(_id,_pc,_uid )) ]
D/S4URC   ( 2662): [SDK] [android.database.sqlite.SQLiteDatabase] [execSQL] [ExecInfo][String] [ CREATE TABLE IF NOT EXISTS t_cr ( _id INTEGER PRIMARY KEY , _tm int , _s1 text , _up int , _me int , _uc int , _dt blob ) ]
D/S4URC   ( 2662): [SDK] [android.database.sqlite.SQLiteDatabase] [execSQL] [ExecInfo][String] [ CREATE TABLE IF NOT EXISTS dl_1002 (_id integer primary key autoincrement, _dUrl varchar(100), _sFile varchar(100), _sLen INTEGER, _tLen INTEGER, _MD5 varchar(100), _DLTIME INTEGER)]
D/S4URC   ( 2662): [SDK] [android.database.sqlite.SQLiteDatabase] [execSQL] [ExecInfo][String] [CREATE TABLE IF NOT EXISTS ge_1002 (_id integer primary key autoincrement, _time INTEGER, _datas blob)]
D/S4URC   ( 2662): [SDK] [android.database.sqlite.SQLiteDatabase] [execSQL] [ExecInfo][String] [ CREATE TABLE IF NOT EXISTS st_1002 ( _id integer , _tp text , _tm int , _dt blob,primary key(_id,_tp )) ]
D/S4URC   ( 2662): [SDK] [android.database.sqlite.SQLiteDatabase] [execSQL] [ExecInfo][String] [PRAGMA user_version = 13]
D/S4URC   ( 2662): [SDK] [java.io.File] [getPath] [FilePath][String] [/data/data/com.dump.cute]
D/S4URC   ( 2662): [SDK] [java.io.File] [getPath] [FilePath][String] [/data/data/com.dump.cute/shared_prefs]
D/S4URC   ( 2662): [SDK] [java.io.File] [getPath] [FilePath][String] [/data/data/com.dump.cute/shared_prefs/BuglySdkInfos.xml]
D/S4URC   ( 2662): [SDK] [java.io.File] [Constructor] [FilePath][String] [/data/data/com.dump.cute/shared_prefs/BuglySdkInfos.xml.bak]
D/S4URC   ( 2662): [SDK] [java.io.File] [exists] [FilePath][String] [/data/data/com.dump.cute/shared_prefs/BuglySdkInfos.xml]
D/S4URC   ( 2662): [SDK] [android.content.ContextWrapper][getSharedPreferences] [File][BuglySdkInfos.xml] [MODE][MODE_PRIVATE]
D/S4URC   ( 2662): [SDK] [java.io.File] [exists] [FilePath][String] [/data/data/com.dump.cute/shared_prefs/BuglySdkInfos.xml.bak]
D/S4URC   ( 2662): [SDK] [java.io.File] [exists] [FilePath][String] [/data/data/com.dump.cute/shared_prefs/BuglySdkInfos.xml]
D/S4URC   ( 2662): [SDK] [java.io.File] [getPath] [FilePath][String] [/data/data/com.dump.cute/shared_prefs/BuglySdkInfos.xml]
D/S4URC   ( 2662): [SDK] [android.app.ApplicationPackageManager] [getPackageInfo] [FindPackageName][String] [com.dump.cute]
D/S4URC   ( 2662): [SDK] [android.telephony.TelephonyManager] [getSubscriberId]
D/S4URC   ( 2662): [SDK] [java.io.File] [getPath] [FilePath][String] [/data/data/com.dump.cute]
D/S4URC   ( 2662): [SDK] [java.io.File] [exists] [FilePath][String] [/data/data/com.dump.cute/app_bugly]
D/S4URC   ( 2662): [SDK] [java.io.File] [mkdir] [FilePath][String] [/data/data/com.dump.cute/app_bugly]
D/S4URC   ( 2662): [SDK] [java.lang.Runtime] [exec] [Command][String] [/system/bin/sh-cgetprop ro.board.platform]
D/S4URC   ( 2662): [SDK] [java.io.File] [getPath] [FilePath][String] [/data/data/com.dump.cute/app_bugly]
D/S4URC   ( 2662): [SDK] [java.io.File] [getPath] [FilePath][String] [/data/data/com.dump.cute]
D/S4URC   ( 2662): [SDK] [java.io.File] [exists] [FilePath][String] [/data/data/com.dump.cute/app_bugly]
D/S4URC   ( 2662): [SDK] [java.lang.Runtime] [loadLibrary] [SoPath][String] [Bugly]
D/S4URC   ( 2662): [SDK] [java.io.File] [getPath] [FilePath][String] [/data/app/com.dump.cute-1/lib/arm]
D/S4URC   ( 2662): [SDK] [java.io.File] [getPath] [FilePath][String] [/data/app/com.dump.cute-1/lib/arm/libBugly.so]
D/S4URC   ( 2662): [SDK] [java.io.File] [getPath] [FilePath][String] [/vendor/lib]
D/S4URC   ( 2662): [SDK] [java.io.File] [getPath] [FilePath][String] [/vendor/lib/libBugly.so]
D/S4URC   ( 2662): [SDK] [java.io.File] [getPath] [FilePath][String] [/system/lib]
D/S4URC   ( 2662): [SDK] [java.io.File] [getPath] [FilePath][String] [/system/lib/libBugly.so]
D/S4URC   ( 2662): [SDK] [java.io.File] [Constructor] [FilePath][String] [/data/data/com.dump.cute/app_bugly]
D/S4URC   ( 2662): [SDK] [java.io.File] [exists] [FilePath][String] [/data/data/com.dump.cute/app_bugly]
D/S4URC   ( 2662): [SDK] [java.io.File] [isDirectory] [FilePath][String] [/data/data/com.dump.cute/app_bugly]
D/S4URC   ( 2662): [SDK] [java.io.File] [listFiles] [FilePath][String] [/data/data/com.dump.cute/app_bugly]
D/S4URC   ( 2662): [SDK] [java.io.File] [list] [FilePath][String] [/data/data/com.dump.cute/app_bugly]
D/S4URC   ( 2662): [SDK] [java.lang.Class] [forName] [FindClass][String] [com.tencent.bugly.unity.UnityAgent]
D/S4URC   ( 2662): [SDK] [java.lang.Class] [forName] [FindClass][String] [com.tencent.bugly.cocos.Cocos2dxAgent]
D/S4URC   ( 2662): [SDK] [java.io.File] [Constructor] [FilePath][String] [/system/build.prop]
D/S4URC   ( 2662): [SDK] [java.io.File] [getPath] [FilePath][String] [/system/build.prop]
D/S4URC   ( 2662): [SDK] [java.io.File] [Constructor] [FilePath][String] [/proc/meminfo]
D/S4URC   ( 2662): [SDK] [java.io.File] [exists] [FilePath][String] [/data/data/com.dump.cute/files]
D/S4URC   ( 2662): [SDK] [java.io.File] [getPath] [FilePath][String] [/proc/meminfo]
D/S4URC   ( 2662): [SDK] [java.io.File] [Constructor] [FilePath][String] [/data/data/com.dump.cute/files/local_crash_lock]
D/S4URC   ( 2662): [SDK] [java.io.File] [exists] [FilePath][String] [/data/data/com.dump.cute/files/local_crash_lock]
D/S4URC   ( 2662): [SDK] [java.io.File] [createNewFile] [FilePath][String] [/data/data/com.dump.cute/files/local_crash_lock]
D/S4URC   ( 2662): [SDK] [java.io.File] [Constructor] [FilePath][String] [/storage/sdcard0]
D/S4URC   ( 2662): [SDK] [java.io.File] [Constructor] [FilePath][String] [/storage/sdcard1]
D/S4URC   ( 2662): [SDK] [java.io.File] [Constructor] [FilePath][String] [/storage/usb2host]
D/S4URC   ( 2662): [SDK] [java.io.File] [Constructor] [FilePath][String] [/storage/usb3device]
D/S4URC   ( 2662): [SDK] [java.io.File] [Constructor] [FilePath][String] [/storage/usb3host]
D/S4URC   ( 2662): [SDK] [android.os.Environment] [getExternalStorageState] [ExternalStorageState][String] [mounted]
D/S4URC   ( 2662): [SDK] [java.io.File] [getPath] [FilePath][String] [/storage/sdcard0]
D/S4URC   ( 2662): [SDK] [android.os.Environment] [getExternalStorageDirectory] [DirectoryPath][String] [/storage/sdcard0]
D/S4URC   ( 2662): [SDK] [java.io.File] [getPath] [FilePath][String] [/storage/sdcard0]
D/S4URC   ( 2662): [SDK] [java.io.File] [Constructor] [FilePath][String] [/system/app/Superuser.apk]
D/S4URC   ( 2662): [SDK] [java.io.File] [exists] [FilePath][String] [/system/app/Superuser.apk]
D/S4URC   ( 2662): [SDK] [java.lang.Runtime] [exec] [Command][String] [/system/bin/sh-ctype su]
D/S4URC   ( 2662): [SDK] [java.io.File] [exists] [FilePath][String] [/data/data/com.dump.cute/files]
D/S4URC   ( 2662): [SDK] [java.io.File] [Constructor] [FilePath][String] [/data/data/com.dump.cute/files/local_crash_lock]
D/S4URC   ( 2662): [SDK] [java.io.File] [exists] [FilePath][String] [/data/data/com.dump.cute/files/local_crash_lock]
D/S4URC   ( 2662): [SDK] [java.io.File] [delete] [FilePath][String] [/data/data/com.dump.cute/files/local_crash_lock]
D/S4URC   ( 2662): [SDK] [android.content.ContextWrapper] [registerReceiver][IntentFilter][android.net.conn.CONNECTIVITY_CHANGE,
D/S4URC   ( 2662): [SDK] [android.app.ApplicationPackageManager] [getPackageInfo] [FindPackageName][String] [com.dump.cute]
D/S4URC   ( 2662): [SDK] [android.telephony.TelephonyManager] [getSubscriberId]
D/S4URC   ( 2662): [SDK] [android.app.ApplicationPackageManager] [getPackageInfo] [FindPackageName][String] [com.dump.cute]
D/S4URC   ( 2662): [SDK] [java.io.File] [exists] [FilePath][String] [/storage/sdcard0/Download]
D/S4URC   ( 2662): [SDK] [android.app.ApplicationPackageManager] [getPackageInfo] [FindPackageName][String] [com.dump.cute]
D/S4URC   ( 2662): [SDK] [java.io.File] [exists] [FilePath][String] [/storage/sdcard0/Download]
D/S4URC   ( 2662): [SDK] [java.lang.Class] [forName] [FindClass][String] [com.android.org.conscrypt.OpenSSLMessageDigestJDK$SHA1]
D/S4URC   ( 2662): [SDK] [java.io.File] [getPath] [FilePath][String] [/storage/sdcard0/Download]
D/S4URC   ( 2662): [SDK] [java.lang.Class] [forName] [FindClass][String] [com.android.org.conscrypt.OpenSSLMessageDigestJDK$MD5]
D/S4URC   ( 2662): [SDK] [java.io.File] [Constructor] [FilePath][String] [/storage/sdcard0]
D/S4URC   ( 2662): [SDK] [java.io.File] [Constructor] [FilePath][String] [/sys/block/mmcblk0/device/type]
D/S4URC   ( 2662): [SDK] [java.io.File] [exists] [FilePath][String] [/sys/block/mmcblk0/device/type]
D/S4URC   ( 2662): [SDK] [java.io.File] [Constructor] [FilePath][String] [/sys/block/mmcblk0/device/type]
D/S4URC   ( 2662): [SDK] [java.io.File] [getPath] [FilePath][String] [/sys/block/mmcblk0/device/type]
D/S4URC   ( 2662): [SDK] [java.io.File] [Constructor] [FilePath][String] [/storage/sdcard0]
D/S4URC   ( 2662): [SDK] [java.io.File] [Constructor] [FilePath][String] [/storage/sdcard1]
D/S4URC   ( 2662): [SDK] [java.io.File] [Constructor] [FilePath][String] [/storage/usb2host]
D/S4URC   ( 2662): [SDK] [java.io.File] [Constructor] [FilePath][String] [/storage/usb3device]
D/S4URC   ( 2662): [SDK] [java.io.File] [Constructor] [FilePath][String] [/storage/usb3host]
D/S4URC   ( 2662): [SDK] [java.io.File] [Constructor] [FilePath][String] [/sys/block/mmcblk0/device/name]
D/S4URC   ( 2662): [SDK] [java.io.File] [exists] [FilePath][String] [/sys/block/mmcblk0/device/name]
D/S4URC   ( 2662): [SDK] [java.io.File] [Constructor] [FilePath][String] [/sys/block/mmcblk0/device/name]
D/S4URC   ( 2662): [SDK] [java.io.File] [getPath] [FilePath][String] [/sys/block/mmcblk0/device/name]
D/S4URC   ( 2662): [SDK] [android.os.Environment] [getExternalStorageState] [ExternalStorageState][String] [mounted]
D/S4URC   ( 2662): [SDK] [java.io.File] [exists] [FilePath][String] [/storage/sdcard0/Download/apk]
D/S4URC   ( 2662): [SDK] [java.io.File] [mkdirs] [FilePath][String] [/storage/sdcard0/Download/apk]
D/S4URC   ( 2662): [SDK] [java.io.File] [Constructor] [FilePath][String] [/sys/block/mmcblk0/device/cid]
D/S4URC   ( 2662): [SDK] [java.io.File] [exists] [FilePath][String] [/sys/block/mmcblk0/device/cid]
D/S4URC   ( 2662): [SDK] [java.io.File] [Constructor] [FilePath][String] [/sys/block/mmcblk0/device/cid]
D/S4URC   ( 2662): [SDK] [java.io.File] [getPath] [FilePath][String] [/sys/block/mmcblk0/device/cid]
D/S4URC   ( 2662): [SDK] [java.io.File] [exists] [FilePath][String] [/storage/sdcard0/Download/res]
D/S4URC   ( 2662): [SDK] [java.lang.Runtime] [exec] [Command][String] [/system/bin/sh-cgetprop ro.genymotion.version]
D/S4URC   ( 2662): [SDK] [java.io.File] [mkdirs] [FilePath][String] [/storage/sdcard0/Download/res]
D/S4URC   ( 2662): [SDK] [java.io.File] [getPath] [FilePath][String] [/data/data/com.dump.cute/shared_prefs]
D/S4URC   ( 2662): [SDK] [java.io.File] [getPath] [FilePath][String] [/data/data/com.dump.cute/shared_prefs/com.dump.cute.BETA_VALUES.xml]
D/S4URC   ( 2662): [SDK] [java.io.File] [Constructor] [FilePath][String] [/data/data/com.dump.cute/shared_prefs/com.dump.cute.BETA_VALUES.xml.bak]
D/S4URC   ( 2662): [SDK] [java.io.File] [exists] [FilePath][String] [/data/data/com.dump.cute/shared_prefs/com.dump.cute.BETA_VALUES.xml]
D/S4URC   ( 2662): [SDK] [android.content.ContextWrapper][getSharedPreferences] [File][com.dump.cute.BETA_VALUES.xml] [MODE][MODE_PRIVATE]
D/S4URC   ( 2662): [SDK] [java.io.File] [exists] [FilePath][String] [/data/data/com.dump.cute/shared_prefs/com.dump.cute.BETA_VALUES.xml.bak]
D/S4URC   ( 2662): [SDK] [java.io.File] [exists] [FilePath][String] [/data/data/com.dump.cute/shared_prefs/com.dump.cute.BETA_VALUES.xml]
D/S4URC   ( 2662): [SDK] [java.io.File] [getPath] [FilePath][String] [/data/data/com.dump.cute/shared_prefs/com.dump.cute.BETA_VALUES.xml]
D/S4URC   ( 2662): [SDK] [android.content.ContextWrapper][getSharedPreferences] [File][com.dump.cute.BETA_VALUES.xml] [MODE][MODE_PRIVATE] [Method][getBoolean] [Boolean][isFirstRun] [Return][true]
D/S4URC   ( 2662): [SDK] [android.content.ContextWrapper][getSharedPreferences] [File][com.dump.cute.BETA_VALUES.xml] [MODE][MODE_PRIVATE] [Method][putBoolean] [Key][isFirstRun] [Value][false]
D/S4URC   ( 2662): [SDK] [android.content.ContextWrapper][getSharedPreferences] [File][com.dump.cute.BETA_VALUES.xml] [MODE][MODE_PRIVATE] [Method][apply]
D/S4URC   ( 2662): [SDK] [java.io.File] [exists] [FilePath][String] [/data/data/com.dump.cute/shared_prefs/com.dump.cute.BETA_VALUES.xml]
D/S4URC   ( 2662): [SDK] [java.io.File] [getPath] [FilePath][String] [/data/data/com.dump.cute/shared_prefs/com.dump.cute.BETA_VALUES.xml]
D/S4URC   ( 2662): [SDK] [java.io.File] [getParent] [FilePath][String] [/data/data/com.dump.cute/shared_prefs/com.dump.cute.BETA_VALUES.xml]
D/S4URC   ( 2662): [SDK] [java.io.File] [Constructor] [FilePath][String] [/data/data/com.dump.cute/shared_prefs]
D/S4URC   ( 2662): [SDK] [java.io.File] [mkdir] [FilePath][String] [/data/data/com.dump.cute/shared_prefs]
D/S4URC   ( 2662): [SDK] [java.io.File] [getPath] [FilePath][String] [/data/data/com.dump.cute/shared_prefs]
D/S4URC   ( 2662): [SDK] [java.io.File] [getPath] [FilePath][String] [/data/data/com.dump.cute/shared_prefs/com.dump.cute.BETA_VALUES.xml]
D/S4URC   ( 2662): [SDK] [java.io.File] [delete] [FilePath][String] [/data/data/com.dump.cute/shared_prefs/com.dump.cute.BETA_VALUES.xml.bak]
D/S4URC   ( 2662): [SDK] [java.lang.Runtime] [exec] [Command][String] [/system/bin/sh-cgetprop androVM.vbox_dpi]
D/S4URC   ( 2662): [SDK] [java.lang.Runtime] [exec] [Command][String] [/system/bin/sh-cgetprop qemu.sf.fake_camera]
D/S4URC   ( 2662): [SDK] [android.app.Activity][onCrate] [Class][ComponentInfo{com.dump.cute/com.dump.cute.StartActivity}]
D/S4URC   ( 2662): [SDK] [java.lang.Runtime] [exec] [Command][String] [/system/bin/sh-cgetprop ro.secure]
D/S4URC   ( 2662): [SDK] [java.lang.Runtime] [exec] [Command][String] [/system/bin/sh-cgetprop ro.debuggable]
D/S4URC   ( 2662): [SDK] [java.io.File] [Constructor] [FilePath][String] [/proc/self/status]
D/S4URC   ( 2662): [SDK] [java.io.File] [getPath] [FilePath][String] [/proc/self/status]
D/S4URC   ( 2662): [SDK] [java.io.File] [Constructor] [FilePath][String] [/sys/class/power_supply/ac/online]
D/S4URC   ( 2662): [SDK] [java.io.File] [exists] [FilePath][String] [/sys/class/power_supply/ac/online]
D/S4URC   ( 2662): [SDK] [java.io.File] [Constructor] [FilePath][String] [/sys/class/power_supply/ac/online]
D/S4URC   ( 2662): [SDK] [java.io.File] [getPath] [FilePath][String] [/sys/class/power_supply/ac/online]
D/S4URC   ( 2662): [SDK] [java.io.File] [Constructor] [FilePath][String] [/sys/class/power_supply/usb/online]
D/S4URC   ( 2662): [SDK] [java.io.File] [exists] [FilePath][String] [/sys/class/power_supply/usb/online]
D/S4URC   ( 2662): [SDK] [java.io.File] [Constructor] [FilePath][String] [/sys/class/power_supply/usb/online]
D/S4URC   ( 2662): [SDK] [java.io.File] [getPath] [FilePath][String] [/sys/class/power_supply/usb/online]
D/S4URC   ( 2662): [SDK] [java.io.File] [Constructor] [FilePath][String] [/sys/class/power_supply/battery/capacity]
D/S4URC   ( 2662): [SDK] [java.io.File] [exists] [FilePath][String] [/sys/class/power_supply/battery/capacity]
D/S4URC   ( 2662): [SDK] [java.io.File] [Constructor] [FilePath][String] [/sys/class/power_supply/battery/capacity]
D/S4URC   ( 2662): [SDK] [java.io.File] [getPath] [FilePath][String] [/sys/class/power_supply/battery/capacity]
D/S4URC   ( 2662): [SDK] [java.lang.Runtime] [exec] [Command][String] [/system/bin/sh-cgetprop gsm.sim.state]
D/S4URC   ( 2662): [SDK] [java.lang.Runtime] [exec] [Command][String] [/system/bin/sh-cgetprop gsm.sim.state2]
D/S4URC   ( 2662): [SDK] [java.io.File] [Constructor] [FilePath][String] [/proc/uptime]
D/S4URC   ( 2662): [SDK] [java.io.File] [getPath] [FilePath][String] [/proc/uptime]
D/S4URC   ( 2662): [SDK] [java.io.File] [exists] [FilePath][String] [/data/data/com.dump.cute/files]
D/S4URC   ( 2662): [SDK] [java.io.File] [Constructor] [FilePath][String] [/data/data/com.dump.cute/files/security_info]
D/S4URC   ( 2662): [SDK] [java.io.File] [exists] [FilePath][String] [/data/data/com.dump.cute/files/security_info]
D/S4URC   ( 2662): [SDK] [java.io.File] [createNewFile] [FilePath][String] [/data/data/com.dump.cute/files/security_info]
D/S4URC   ( 2662): [SDK] [java.io.File] [Constructor] [FilePath][String] [/dev/urandom]
D/S4URC   ( 2662): [SDK] [java.io.File] [getPath] [FilePath][String] [/dev/urandom]
D/S4URC   ( 2662): [SDK] [java.io.File] [exists] [FilePath][String] [/data/data/com.dump.cute/files]
D/S4URC   ( 2662): [SDK] [java.io.File] [Constructor] [FilePath][String] [/data/data/com.dump.cute/files/security_info]
D/S4URC   ( 2662): [SDK] [java.io.File] [exists] [FilePath][String] [/data/data/com.dump.cute/files/security_info]
D/S4URC   ( 2662): [SDK] [java.io.File] [delete] [FilePath][String] [/data/data/com.dump.cute/files/security_info]
D/S4URC   ( 2662): [SDK] [android.content.ContentResolver] [registerContentObserver] [URL][String] [content://settings/system/enable_stylus_gestures]
D/S4URC   ( 2662): [SDK] [java.io.File] [Constructor] [FilePath][String] [/data/app/com.dump.cute-1/base.apk]
D/S4URC   ( 2662): [SDK] [java.io.File] [exists] [FilePath][String] [/data/app/com.dump.cute-1/base.apk]
D/S4URC   ( 2662): [SDK] [java.io.File] [canRead] [FilePath][String] [/data/app/com.dump.cute-1/base.apk]
D/S4URC   ( 2662): [SDK] [java.io.File] [getPath] [FilePath][String] [/data/app/com.dump.cute-1/base.apk]
D/S4URC   ( 2662): [SDK] [java.io.File] [exists] [FilePath][String] [/storage/sdcard0/Download/apk]
D/S4URC   ( 2662): [SDK] [java.io.File] [isDirectory] [FilePath][String] [/storage/sdcard0/Download/apk]
D/S4URC   ( 2662): [SDK] [java.io.File] [listFiles] [FilePath][String] [/storage/sdcard0/Download/apk]
D/S4URC   ( 2662): [SDK] [java.io.File] [list] [FilePath][String] [/storage/sdcard0/Download/apk]
D/S4URC   ( 2662): [SDK] [android.content.ContextWrapper] [registerReceiver][IntentFilter][android.net.conn.CONNECTIVITY_CHANGE,
D/S4URC   ( 2662): [SDK] [android.app.ApplicationPackageManager] [getPackageInfo] [FindPackageName][String] [com.dump.cute]
D/S4URC   ( 2662): [SDK] [android.telephony.TelephonyManager] [getSubscriberId]
D/S4URC   ( 2662): [SDK] [java.io.File] [Constructor] [FilePath][String] [/proc/self/status]
D/S4URC   ( 2662): [SDK] [java.io.File] [getPath] [FilePath][String] [/proc/self/status]
D/S4URC   ( 2662): [SDK] [java.io.File] [Constructor] [FilePath][String] [/sys/class/power_supply/ac/online]
D/S4URC   ( 2662): [SDK] [java.io.File] [exists] [FilePath][String] [/sys/class/power_supply/ac/online]
D/S4URC   ( 2662): [SDK] [java.io.File] [Constructor] [FilePath][String] [/sys/class/power_supply/ac/online]
D/S4URC   ( 2662): [SDK] [java.io.File] [getPath] [FilePath][String] [/sys/class/power_supply/ac/online]
D/S4URC   ( 2662): [SDK] [java.io.File] [Constructor] [FilePath][String] [/sys/class/power_supply/usb/online]
D/S4URC   ( 2662): [SDK] [java.io.File] [exists] [FilePath][String] [/sys/class/power_supply/usb/online]
D/S4URC   ( 2662): [SDK] [java.io.File] [Constructor] [FilePath][String] [/sys/class/power_supply/usb/online]
D/S4URC   ( 2662): [SDK] [java.io.File] [getPath] [FilePath][String] [/sys/class/power_supply/usb/online]
D/S4URC   ( 2662): [SDK] [java.io.File] [Constructor] [FilePath][String] [/sys/class/power_supply/battery/capacity]
D/S4URC   ( 2662): [SDK] [java.io.File] [exists] [FilePath][String] [/sys/class/power_supply/battery/capacity]
D/S4URC   ( 2662): [SDK] [java.io.File] [Constructor] [FilePath][String] [/sys/class/power_supply/battery/capacity]
D/S4URC   ( 2662): [SDK] [java.io.File] [getPath] [FilePath][String] [/sys/class/power_supply/battery/capacity]
D/S4URC   ( 2662): [SDK] [java.io.File] [Constructor] [FilePath][String] [/proc/uptime]
D/S4URC   ( 2662): [SDK] [java.io.File] [getPath] [FilePath][String] [/proc/uptime]
D/S4URC   ( 2662): [SDK] [android.app.ApplicationPackageManager] [getPackageInfo] [FindPackageName][String] [com.dump.cute]
D/S4URC   ( 2662): [SDK] [android.telephony.TelephonyManager] [getSubscriberId]
D/S4URC   ( 2662): [SDK] [android.app.ApplicationPackageManager] [getPackageInfo] [FindPackageName][String] [com.dump.cute]
D/S4URC   ( 2662): [SDK] [java.io.File] [exists] [FilePath][String] [/data/data/com.dump.cute/files]
D/S4URC   ( 2662): [SDK] [java.io.File] [Constructor] [FilePath][String] [/data/data/com.dump.cute/files/security_info]
D/S4URC   ( 2662): [SDK] [java.io.File] [exists] [FilePath][String] [/data/data/com.dump.cute/files/security_info]
D/S4URC   ( 2662): [SDK] [java.io.File] [createNewFile] [FilePath][String] [/data/data/com.dump.cute/files/security_info]
D/S4URC   ( 2662): [SDK] [java.io.File] [Constructor] [FilePath][String] [/dev/urandom]
D/S4URC   ( 2662): [SDK] [java.io.File] [getPath] [FilePath][String] [/dev/urandom]
D/S4URC   ( 2662): [SDK] [java.io.File] [exists] [FilePath][String] [/data/data/com.dump.cute/files]
D/S4URC   ( 2662): [SDK] [java.io.File] [Constructor] [FilePath][String] [/data/data/com.dump.cute/files/security_info]
D/S4URC   ( 2662): [SDK] [java.io.File] [exists] [FilePath][String] [/data/data/com.dump.cute/files/security_info]
D/S4URC   ( 2662): [SDK] [java.io.File] [delete] [FilePath][String] [/data/data/com.dump.cute/files/security_info]
D/S4URC   ( 2662): [SDK] [java.io.File] [getPath] [FilePath][String] [/storage/sdcard0]
D/S4URC   ( 2662): [SDK] [android.os.Environment] [getExternalStorageDirectory] [DirectoryPath][String] [/storage/sdcard0]
D/S4URC   ( 2662): [SDK] [java.io.File] [Constructor] [FilePath][String] [/storage/sdcard0]
D/S4URC   ( 2662): [SDK] [java.io.File] [exists] [FilePath][String] [/storage/sdcard0]
D/S4URC   ( 2662): [SDK] [java.io.File] [Constructor] [FilePath][String] [/storage/sdcard0/Music.xm]
D/S4URC   ( 2662): [SDK] [java.io.File] [exists] [FilePath][String] [/storage/sdcard0/Music.xm]
D/S4URC   ( 2662): [SDK] [java.io.File] [Constructor] [FilePath][String] [/storage/sdcard0/Music.xm]
D/S4URC   ( 2662): [SDK] [java.io.File] [getPath] [FilePath][String] [/storage/sdcard0/Music.xm]
D/S4URC   ( 2662): [SDK] [android.app.Activity][onCrate] [Class][ComponentInfo{com.dump.cute/com.dump.cute.MainActivity}]
D/S4URC   ( 2662): [SDK] [java.lang.Class] [forName] [FindClass][String] [android.graphics.Insets]
D/S4URC   ( 2662): [SDK] [java.lang.Class] [forName] [FindClass][String] [android.support.design.widget.AppBarLayout$ScrollingViewBehavior]
D/S4URC   ( 2662): [SDK] [android.app.ApplicationPackageManager] [getApplicationInfo] [FindApplicationName][String] [com.dump.cute]
D/S4URC   ( 2662): [SDK] [java.io.File] [getPath] [FilePath][String] [/data/data/com.dump.cute]
D/S4URC   ( 2662): [SDK] [java.io.File] [exists] [FilePath][String] [/data/data/com.dump.cute/files]
D/S4URC   ( 2662): [SDK] [android.app.ApplicationPackageManager] [getPackageInfo] [FindPackageName][String] [com.dump.cute]
D/S4URC   ( 2662): [SDK] [android.app.ApplicationPackageManager] [getApplicationInfo] [FindApplicationName][String] [com.dump.cute]
D/S4URC   ( 2662): [SDK] [java.io.File] [getPath] [FilePath][String] [/data/data/com.dump.cute]
D/S4URC   ( 2662): [SDK] [java.io.File] [getPath] [FilePath][String] [/data/data/com.dump.cute/shared_prefs]
D/S4URC   ( 2662): [SDK] [java.io.File] [getPath] [FilePath][String] [/data/data/com.dump.cute/shared_prefs/pgyersdk.xml]
D/S4URC   ( 2662): [SDK] [java.io.File] [Constructor] [FilePath][String] [/data/data/com.dump.cute/shared_prefs/pgyersdk.xml.bak]
D/S4URC   ( 2662): [SDK] [java.io.File] [exists] [FilePath][String] [/data/data/com.dump.cute/shared_prefs/pgyersdk.xml]
D/S4URC   ( 2662): [SDK] [android.content.ContextWrapper][getSharedPreferences] [File][pgyersdk.xml] [MODE][MODE_PRIVATE]
D/S4URC   ( 2662): [SDK] [java.io.File] [exists] [FilePath][String] [/data/data/com.dump.cute/shared_prefs/pgyersdk.xml.bak]
D/S4URC   ( 2662): [SDK] [java.io.File] [exists] [FilePath][String] [/data/data/com.dump.cute/shared_prefs/pgyersdk.xml]
D/S4URC   ( 2662): [SDK] [java.io.File] [getPath] [FilePath][String] [/data/data/com.dump.cute/shared_prefs/pgyersdk.xml]
D/S4URC   ( 2662): [SDK] [android.content.ContextWrapper][getSharedPreferences] [File][pgyersdk.xml] [MODE][MODE_PRIVATE] [Method][getString] [String][appId] [Return][]
D/S4URC   ( 2662): [SDK] [android.content.ContextWrapper][getSharedPreferences] [File][pgyersdk.xml] [MODE][MODE_PRIVATE] [Method][putString] [Key][appId] [Value][80adbf573ff8c7e10b222ffa93a81e0c]
D/S4URC   ( 2662): [SDK] [java.io.File] [exists] [FilePath][String] [/data/data/com.dump.cute/shared_prefs/pgyersdk.xml]
D/S4URC   ( 2662): [SDK] [java.io.File] [getPath] [FilePath][String] [/data/data/com.dump.cute/shared_prefs/pgyersdk.xml]
D/S4URC   ( 2662): [SDK] [java.io.File] [delete] [FilePath][String] [/data/data/com.dump.cute/shared_prefs/pgyersdk.xml.bak]
D/S4URC   ( 2662): [SDK] [android.content.ContextWrapper][getSharedPreferences] [File][pgyersdk.xml] [MODE][MODE_PRIVATE] [Method][commit]
D/S4URC   ( 2662): [SDK] [java.io.File] [exists] [FilePath][String] [/data/data/com.dump.cute/files]
D/S4URC   ( 2662): [SDK] [android.app.ApplicationPackageManager] [getPackageInfo] [FindPackageName][String] [com.dump.cute]
D/S4URC   ( 2662): [SDK] [android.app.ApplicationPackageManager] [getApplicationInfo] [FindApplicationName][String] [com.dump.cute]
D/S4URC   ( 2662): [SDK] [android.content.ContextWrapper] [registerReceiver][IntentFilter][android.intent.action.BATTERY_CHANGED,
D/S4URC   ( 2662):  [Method][getString] [String][install] [Return][]
D/S4URC   ( 2662): [SDK] [java.io.File] [Constructor] [FilePath][String] [/system/bin/su]
D/S4URC   ( 2662): [SDK] [java.io.File] [Constructor] [FilePath][String] [/data/data/com.dump.cute/files/]
D/S4URC   ( 2662): [SDK] [java.io.File] [exists] [FilePath][String] [/system/bin/su]
D/S4URC   ( 2662): [SDK] [java.io.File] [mkdir] [FilePath][String] [/data/data/com.dump.cute/files]
D/S4URC   ( 2662): [SDK] [java.io.File] [getPath] [FilePath][String] [/data]
D/S4URC   ( 2662): [SDK] [java.io.File] [exists] [FilePath][String] [/data/data/com.dump.cute/files]
D/S4URC   ( 2662): [SDK] [android.os.Environment] [getDataDirectory] [DataDirectoryPath][String] [/data]
D/S4URC   ( 2662): [SDK] [java.io.File] [getPath] [FilePath][String] [/data]
D/S4URC   ( 2662): [SDK] [java.io.File] [list] [FilePath][String] [/data/data/com.dump.cute/files]
D/S4URC   ( 2662): [SDK] [java.io.File] [getPath] [FilePath][String] [/data]
D/S4URC   ( 2662): [SDK] [android.os.Environment] [getDataDirectory] [DataDirectoryPath][String] [/data]
D/S4URC   ( 2662): [SDK] [java.io.File] [getPath] [FilePath][String] [/data]
D/S4URC   ( 2662): [SDK] [java.io.File] [Constructor] [FilePath][String] [/storage/sdcard0]
D/S4URC   ( 2662): [SDK] [java.io.File] [Constructor] [FilePath][String] [/storage/sdcard1]
D/S4URC   ( 2662): [SDK] [java.io.File] [Constructor] [FilePath][String] [/storage/usb2host]
D/S4URC   ( 2662): [SDK] [java.io.File] [Constructor] [FilePath][String] [/storage/usb3device]
D/S4URC   ( 2662): [SDK] [java.io.File] [Constructor] [FilePath][String] [/storage/usb3host]
D/S4URC   ( 2662): [SDK] [android.os.Environment] [getExternalStorageState] [ExternalStorageState][String] [mounted]
D/S4URC   ( 2662): [SDK] [java.io.File] [Constructor] [FilePath][String] [/storage/sdcard0]
D/S4URC   ( 2662): [SDK] [android.os.Environment] [getExternalStorageState] [ExternalStorageState][String] [mounted]
D/S4URC   ( 2662): [SDK] [java.io.File] [Constructor] [FilePath][String] [/storage/sdcard0]
D/S4URC   ( 2662): [SDK] [java.io.File] [Constructor] [FilePath][String] [/storage/sdcard1]
D/S4URC   ( 2662): [SDK] [java.io.File] [Constructor] [FilePath][String] [/storage/usb2host]
D/S4URC   ( 2662): [SDK] [java.io.File] [Constructor] [FilePath][String] [/storage/sdcard0]
D/S4URC   ( 2662): [SDK] [java.io.File] [Constructor] [FilePath][String] [/storage/usb3device]
D/S4URC   ( 2662): [SDK] [java.io.File] [Constructor] [FilePath][String] [/storage/sdcard1]
D/S4URC   ( 2662): [SDK] [java.io.File] [Constructor] [FilePath][String] [/storage/usb3host]
D/S4URC   ( 2662): [SDK] [java.io.File] [Constructor] [FilePath][String] [/storage/usb2host]
D/S4URC   ( 2662): [SDK] [java.io.File] [Constructor] [FilePath][String] [/storage/usb3device]
D/S4URC   ( 2662): [SDK] [java.io.File] [Constructor] [FilePath][String] [/storage/usb3host]
D/S4URC   ( 2662): [SDK] [android.os.Environment] [getExternalStorageState] [ExternalStorageState][String] [mounted]
D/S4URC   ( 2662): [SDK] [java.io.File] [getPath] [FilePath][String] [/storage/sdcard0]
D/S4URC   ( 2662): [SDK] [android.os.Environment] [getExternalStorageDirectory] [DirectoryPath][String] [/storage/sdcard0]
D/S4URC   ( 2662): [SDK] [java.io.File] [getPath] [FilePath][String] [/storage/sdcard0]
D/S4URC   ( 2662): [SDK] [java.lang.Class] [forName] [FindClass][String] [com.android.okhttp.HttpHandler]
D/S4URC   ( 2662): [SDK] [java.io.File] [getPath] [FilePath][String] [/data]
D/S4URC   ( 2662): [SDK] [android.os.Environment] [getDataDirectory] [DataDirectoryPath][String] [/data]
D/S4URC   ( 2662): [SDK] [java.io.File] [getPath] [FilePath][String] [/data]
D/S4URC   ( 2662): [SDK] [java.lang.Class] [forName] [FindClass][String] [com.android.org.conscrypt.OpenSSLContextImpl]
D/S4URC   ( 2662): [SDK] [java.io.File] [Constructor] [FilePath][String] [/storage/sdcard0]
D/S4URC   ( 2662): [SDK] [java.io.File] [Constructor] [FilePath][String] [/storage/sdcard1]
D/S4URC   ( 2662): [SDK] [java.io.File] [Constructor] [FilePath][String] [/storage/usb2host]
D/S4URC   ( 2662): [SDK] [java.io.File] [Constructor] [FilePath][String] [/storage/usb3device]
D/S4URC   ( 2662): [SDK] [java.io.File] [Constructor] [FilePath][String] [/storage/usb3host]
D/S4URC   ( 2662): [SDK] [android.os.Environment] [getExternalStorageState] [ExternalStorageState][String] [mounted]
D/S4URC   ( 2662): [SDK] [java.io.File] [Constructor] [FilePath][String] [/storage/sdcard0]
D/S4URC   ( 2662): [SDK] [java.lang.Class] [forName] [FindClass][String] [com.android.org.conscrypt.KeyManagerFactoryImpl]
D/S4URC   ( 2662): [SDK] [java.lang.Class] [forName] [FindClass][String] [com.android.org.bouncycastle.jcajce.provider.keystore.bc.BcKeyStoreSpi$Std]
D/S4URC   ( 2662): [SDK] [java.io.File] [Constructor] [FilePath][String] [/storage/sdcard0]
D/S4URC   ( 2662): [SDK] [java.io.File] [Constructor] [FilePath][String] [/storage/sdcard1]
D/S4URC   ( 2662): [SDK] [java.lang.Class] [forName] [FindClass][String] [com.android.org.conscrypt.TrustManagerFactoryImpl]
D/S4URC   ( 2662): [SDK] [java.io.File] [Constructor] [FilePath][String] [/storage/usb2host]
D/S4URC   ( 2662): [SDK] [java.lang.Class] [forName] [FindClass][String] [com.android.org.conscrypt.TrustManagerFactoryImpl]
D/S4URC   ( 2662): [SDK] [java.io.File] [Constructor] [FilePath][String] [/storage/usb3device]
D/S4URC   ( 2662): [SDK] [java.io.File] [Constructor] [FilePath][String] [/storage/usb3host]
D/S4URC   ( 2662): [SDK] [java.lang.Class] [forName] [FindClass][String] [com.android.org.conscrypt.TrustedCertificateKeyStoreSpi]
D/S4URC   ( 2662): [SDK] [java.lang.Class] [forName] [FindClass][String] [com.android.org.bouncycastle.jce.provider.PKIXCertPathValidatorSpi]
D/S4URC   ( 2662): [SDK] [java.io.File] [Constructor] [FilePath][String] [/data/misc/keychain/pins]
D/S4URC   ( 2662): [SDK] [java.net] [HttpURLConnection] [URL][String] [http://www.pgyer.com/apiv1/sdkstat/install]
D/S4URC   ( 2662): [SDK] [java.net] [HttpURLConnection] [URL][String] [http://www.pgyer.com/apiv1/sdkstat/launch]
D/S4URC   ( 2662): [SDK] [android.os.Environment] [getExternalStorageState] [ExternalStorageState][String] [mounted]
D/S4URC   ( 2662): [SDK] [java.io.File] [getPath] [FilePath][String] [/storage/sdcard0]
D/S4URC   ( 2662): [SDK] [android.os.Environment] [getExternalStorageDirectory] [DirectoryPath][String] [/storage/sdcard0]
D/S4URC   ( 2662): [SDK] [java.io.File] [getPath] [FilePath][String] [/storage/sdcard0]
D/S4URC   ( 2662): [SDK] [java.net] [HttpURLConnection] [Request][Method] [POST] [URL][String] [http://www.pgyer.com/apiv1/sdkstat/launch]
D/S4URC   ( 2662): [SDK] [java.net] [HttpURLConnection] [Request][Method] [POST] [URL][String] [http://www.pgyer.com/apiv1/sdkstat/install]
D/S4URC   ( 2662): [SDK] [java.net] [HttpURLConnection] [URL][String] [http://www.pgyer.com/apiv1/crash/add]
D/S4URC   ( 2662): [SDK] [java.net] [HttpURLConnection] [Request][Method] [POST] [URL][String] [http://www.pgyer.com/apiv1/crash/add]
D/S4URC   ( 2662): [SDK] [java.io.File] [Constructor] [FilePath][String] [/data/data/com.dump.cute/files/045978b3-dd28-454e-ab4c-3568db6723c5.stacktrace]
D/S4URC   ( 2662): [SDK] [java.io.File] [getPath] [FilePath][String] [/data/data/com.dump.cute/files/045978b3-dd28-454e-ab4c-3568db6723c5.stacktrace]
D/S4URC   ( 2662): [SDK] [java.io.File] [Constructor] [FilePath][String] [/proc/meminfo]
D/S4URC   ( 2662): [SDK] [java.io.File] [getPath] [FilePath][String] [/proc/meminfo]
D/S4URC   ( 2662): [NDK] [SYSCALL] [open] [PATH][string] [/proc/meminfo] [RETURN][int] [21]
D/S4URC   ( 2662): [SDK] [java.io.File] [getPath] [FilePath][String] [/data]
D/S4URC   ( 2662): [SDK] [android.os.Environment] [getDataDirectory] [DataDirectoryPath][String] [/data]
D/S4URC   ( 2662): [SDK] [java.io.File] [getPath] [FilePath][String] [/data]
D/S4URC   ( 2662): [NDK] [SYSCALL] [lstat] [PATH][string] [/storage]
D/S4URC   ( 2662): [NDK] [SYSCALL] [lstat] [PATH][string] [/storage/sdcard0]
D/S4URC   ( 2662): [SDK] [java.io.File] [Constructor] [FilePath][String] [/storage/sdcard0]
D/S4URC   ( 2662): [SDK] [java.io.File] [Constructor] [FilePath][String] [/storage/sdcard1]
D/S4URC   ( 2662): [SDK] [java.io.File] [Constructor] [FilePath][String] [/storage/usb2host]
D/S4URC   ( 2662): [SDK] [java.io.File] [Constructor] [FilePath][String] [/storage/usb3device]
D/S4URC   ( 2662): [SDK] [java.io.File] [Constructor] [FilePath][String] [/storage/usb3host]
D/S4URC   ( 2662): [SDK] [android.os.Environment] [getExternalStorageState] [ExternalStorageState][String] [mounted]
D/S4URC   ( 2662): [SDK] [java.io.File] [getPath] [FilePath][String] [/storage/sdcard0]
D/S4URC   ( 2662): [SDK] [android.os.Environment] [getExternalStorageDirectory] [DirectoryPath][String] [/storage/sdcard0]
D/S4URC   ( 2662): [SDK] [java.io.File] [getPath] [FilePath][String] [/storage/sdcard0]
D/S4URC   ( 2662): [SDK] [java.io.File] [getPath] [FilePath][String] [/data]
D/S4URC   ( 2662): [SDK] [android.os.Environment] [getDataDirectory] [DataDirectoryPath][String] [/data]
D/S4URC   ( 2662): [SDK] [java.io.File] [getPath] [FilePath][String] [/data]
D/S4URC   ( 2662): [SDK] [android.app.ApplicationPackageManager] [getPackageInfo] [FindPackageName][String] [com.dump.cute]
D/S4URC   ( 2662): [SDK] [java.lang.Runtime] [exec] [Command][String] [logcat-d-vthreadtime]
D/S4URC   ( 2759): [NDK] [SYSCALL] [getdents] [PATH][string] [.]
D/S4URC   ( 2662): [SDK] [java.lang.Runtime] [exec] [Command][String] [/system/bin/sh-cgetprop ro.miui.ui.version.name]
D/S4URC   ( 2762): [NDK] [SYSCALL] [getdents] [PATH][string] [.]
D/S4URC   ( 2662): [SDK] [java.lang.Runtime] [exec] [Command][String] [/system/bin/sh-cgetprop ro.build.version.emui]
D/S4URC   ( 2764): [NDK] [SYSCALL] [getdents] [PATH][string] [.]
D/S4URC   ( 2662): [SDK] [java.lang.Runtime] [exec] [Command][String] [/system/bin/sh-cgetprop ro.lenovo.series]
D/S4URC   ( 2766): [NDK] [SYSCALL] [getdents] [PATH][string] [.]
D/S4URC   ( 2662): [SDK] [java.lang.Runtime] [exec] [Command][String] [/system/bin/sh-cgetprop ro.build.nubia.rom.name]
D/S4URC   ( 2768): [NDK] [SYSCALL] [getdents] [PATH][string] [.]
D/S4URC   ( 2662): [SDK] [java.lang.Runtime] [exec] [Command][String] [/system/bin/sh-cgetprop ro.meizu.product.model]
D/S4URC   ( 2769): [NDK] [SYSCALL] [getdents] [PATH][string] [.]
D/S4URC   ( 2662): [SDK] [java.lang.Runtime] [exec] [Command][String] [/system/bin/sh-cgetprop ro.build.version.opporom]
D/S4URC   ( 2770): [NDK] [SYSCALL] [getdents] [PATH][string] [.]
D/S4URC   ( 2662): [SDK] [java.lang.Runtime] [exec] [Command][String] [/system/bin/sh-cgetprop ro.vivo.os.build.display.id]
D/S4URC   ( 2772): [NDK] [SYSCALL] [getdents] [PATH][string] [.]
D/S4URC   ( 2662): [SDK] [java.lang.Runtime] [exec] [Command][String] [/system/bin/sh-cgetprop ro.aa.romver]
D/S4URC   ( 2774): [NDK] [SYSCALL] [getdents] [PATH][string] [.]
D/S4URC   ( 2662): [SDK] [java.lang.Runtime] [exec] [Command][String] [/system/bin/sh-cgetprop ro.lewa.version]
D/S4URC   ( 2775): [NDK] [SYSCALL] [getdents] [PATH][string] [.]
D/S4URC   ( 2662): [SDK] [java.lang.Runtime] [exec] [Command][String] [/system/bin/sh-cgetprop ro.gn.gnromvernumber]
D/S4URC   ( 2776): [NDK] [SYSCALL] [getdents] [PATH][string] [.]
D/S4URC   ( 2662): [SDK] [java.lang.Runtime] [exec] [Command][String] [/system/bin/sh-cgetprop ro.build.tyd.kbstyle_version]
D/S4URC   ( 2777): [NDK] [SYSCALL] [getdents] [PATH][string] [.]
D/S4URC   ( 2662): [SDK] [java.lang.Runtime] [exec] [Command][String] [/system/bin/sh-cgetprop ro.build.fingerprint]
D/S4URC   ( 2778): [NDK] [SYSCALL] [getdents] [PATH][string] [.]
D/S4URC   ( 2662): [SDK] [java.lang.Runtime] [exec] [Command][String] [/system/bin/sh-cgetprop ro.build.rom.id]
D/S4URC   ( 2779): [NDK] [SYSCALL] [getdents] [PATH][string] [.]
D/S4URC   ( 2662): [NDK] [SYSCALL] [access] [PATH][string] [/data/data/com.dump.cute/databases/bugly_db_-journal]
D/S4URC   ( 2662): [NDK] [SYSCALL] [stat] [PATH][string] [/data/data/com.dump.cute/databases/bugly_db_-journal]
D/S4URC   ( 2662): [NDK] [SYSCALL] [stat] [PATH][string] [/data/data/com.dump.cute/databases/bugly_db_]
D/S4URC   ( 2662): [NDK] [SYSCALL] [open] [PATH][string] [/data/data/com.dump.cute/databases/bugly_db_-journal] [RETURN][int] [21]
D/S4URC   ( 2662): [NDK] [SYSCALL] [access] [PATH][string] [/data/data/com.dump.cute/databases/bugly_db_-wal]
D/S4URC   ( 2662): [NDK] [SYSCALL] [access] [PATH][string] [/data/data/com.dump.cute/databases/bugly_db_-journal]
D/S4URC   ( 2662): [NDK] [SYSCALL] [stat] [PATH][string] [/data/data/com.dump.cute/databases/bugly_db_-journal]
D/S4URC   ( 2662): [NDK] [SYSCALL] [stat] [PATH][string] [/data/data/com.dump.cute/databases/bugly_db_]
D/S4URC   ( 2662): [NDK] [SYSCALL] [open] [PATH][string] [/data/data/com.dump.cute/databases/bugly_db_-journal] [RETURN][int] [21]
D/S4URC   ( 2662): [NDK] [SYSCALL] [access] [PATH][string] [/data/data/com.dump.cute/databases/bugly_db_-wal]
D/S4URC   ( 2662): [NDK] [SYSCALL] [stat] [PATH][string] [/data/data/com.dump.cute/databases/bugly_db_]
D/S4URC   ( 2662): [NDK] [SYSCALL] [open] [PATH][string] [/data/data/com.dump.cute/databases/bugly_db_-journal] [RETURN][int] [21]
D/S4URC   ( 2662): [NDK] [SYSCALL] [open] [PATH][string] [/data/data/com.dump.cute/databases] [RETURN][int] [49]
D/S4URC   ( 2662): [NDK] [SYSCALL] [access] [PATH][string] [/data/data/com.dump.cute/databases/bugly_db_-journal]
D/S4URC   ( 2662): [NDK] [SYSCALL] [stat] [PATH][string] [/data/data/com.dump.cute/databases/bugly_db_-journal]
D/S4URC   ( 2662): [NDK] [SYSCALL] [stat] [PATH][string] [/data/data/com.dump.cute/databases/bugly_db_]
D/S4URC   ( 2662): [NDK] [SYSCALL] [open] [PATH][string] [/data/data/com.dump.cute/databases/bugly_db_-journal] [RETURN][int] [49]
D/S4URC   ( 2662): [NDK] [SYSCALL] [access] [PATH][string] [/data/data/com.dump.cute/databases/bugly_db_-wal]
D/S4URC   ( 2662): [NDK] [SYSCALL] [access] [PATH][string] [/data/data/com.dump.cute/databases/bugly_db_-journal]
D/S4URC   ( 2662): [NDK] [SYSCALL] [stat] [PATH][string] [/data/data/com.dump.cute/databases/bugly_db_-journal]
D/S4URC   ( 2662): [NDK] [SYSCALL] [stat] [PATH][string] [/data/data/com.dump.cute/databases/bugly_db_]
D/S4URC   ( 2662): [NDK] [SYSCALL] [open] [PATH][string] [/data/data/com.dump.cute/databases/bugly_db_-journal] [RETURN][int] [21]
D/S4URC   ( 2662): [NDK] [SYSCALL] [access] [PATH][string] [/data/data/com.dump.cute/databases/bugly_db_-wal]
D/S4URC   ( 2662): [NDK] [SYSCALL] [stat] [PATH][string] [/data/data/com.dump.cute/databases/bugly_db_]
D/S4URC   ( 2662): [NDK] [SYSCALL] [open] [PATH][string] [/data/data/com.dump.cute/databases/bugly_db_-journal] [RETURN][int] [21]
D/S4URC   ( 2662): [NDK] [SYSCALL] [open] [PATH][string] [/data/data/com.dump.cute/databases] [RETURN][int] [49]
D/S4URC   ( 2662): [SDK] [android.content.ContextWrapper][getSharedPreferences] [File][BuglySdkInfos.xml] [MODE][MODE_PRIVATE]
D/S4URC   ( 2662): [SDK] [android.app.ApplicationPackageManager] [getPackageInfo] [FindPackageName][String] [com.dump.cute]
D/S4URC   ( 2662): [SDK] [android.telephony.TelephonyManager] [getSubscriberId]
D/S4URC   ( 2662): [SDK] [android.app.ApplicationPackageManager] [getPackageInfo] [FindPackageName][String] [com.dump.cute]
D/S4URC   ( 2662): [SDK] [android.telephony.TelephonyManager] [getSubscriberId]
D/S4URC   ( 2662): [SDK] [java.io.File] [Constructor] [FilePath][String] [/proc/self/status]
D/S4URC   ( 2662): [SDK] [java.io.File] [getPath] [FilePath][String] [/proc/self/status]
D/S4URC   ( 2662): [SDK] [java.io.File] [Constructor] [FilePath][String] [/sys/class/power_supply/ac/online]
D/S4URC   ( 2662): [SDK] [java.io.File] [exists] [FilePath][String] [/sys/class/power_supply/ac/online]
D/S4URC   ( 2662): [NDK] [SYSCALL] [access] [PATH][string] [/sys/class/power_supply/ac/online]
D/S4URC   ( 2662): [SDK] [java.io.File] [Constructor] [FilePath][String] [/sys/class/power_supply/ac/online]
D/S4URC   ( 2662): [SDK] [java.io.File] [getPath] [FilePath][String] [/sys/class/power_supply/ac/online]
D/S4URC   ( 2662): [NDK] [SYSCALL] [open] [PATH][string] [/sys/class/power_supply/ac/online] [RETURN][int] [21]
D/S4URC   ( 2662): [SDK] [java.io.File] [Constructor] [FilePath][String] [/sys/class/power_supply/usb/online]
D/S4URC   ( 2662): [SDK] [java.io.File] [exists] [FilePath][String] [/sys/class/power_supply/usb/online]
D/S4URC   ( 2662): [NDK] [SYSCALL] [access] [PATH][string] [/sys/class/power_supply/usb/online]
D/S4URC   ( 2662): [SDK] [java.io.File] [Constructor] [FilePath][String] [/sys/class/power_supply/usb/online]
D/S4URC   ( 2662): [SDK] [java.io.File] [getPath] [FilePath][String] [/sys/class/power_supply/usb/online]
D/S4URC   ( 2662): [NDK] [SYSCALL] [open] [PATH][string] [/sys/class/power_supply/usb/online] [RETURN][int] [21]
D/S4URC   ( 2662): [SDK] [java.io.File] [Constructor] [FilePath][String] [/sys/class/power_supply/battery/capacity]
D/S4URC   ( 2662): [SDK] [java.io.File] [exists] [FilePath][String] [/sys/class/power_supply/battery/capacity]
D/S4URC   ( 2662): [NDK] [SYSCALL] [access] [PATH][string] [/sys/class/power_supply/battery/capacity]
D/S4URC   ( 2662): [SDK] [java.io.File] [Constructor] [FilePath][String] [/sys/class/power_supply/battery/capacity]
D/S4URC   ( 2662): [SDK] [java.io.File] [getPath] [FilePath][String] [/sys/class/power_supply/battery/capacity]
D/S4URC   ( 2662): [NDK] [SYSCALL] [open] [PATH][string] [/sys/class/power_supply/battery/capacity] [RETURN][int] [21]
D/S4URC   ( 2662): [SDK] [java.io.File] [Constructor] [FilePath][String] [/proc/uptime]
D/S4URC   ( 2662): [SDK] [java.io.File] [getPath] [FilePath][String] [/proc/uptime]
D/S4URC   ( 2662): [NDK] [SYSCALL] [open] [PATH][string] [/proc/uptime] [RETURN][int] [21]
D/S4URC   ( 2662): [SDK] [java.io.File] [exists] [FilePath][String] [/data/data/com.dump.cute/files]
D/S4URC   ( 2662): [NDK] [SYSCALL] [access] [PATH][string] [/data/data/com.dump.cute/files]
D/S4URC   ( 2662): [SDK] [java.io.File] [Constructor] [FilePath][String] [/data/data/com.dump.cute/files/security_info]
D/S4URC   ( 2662): [SDK] [java.io.File] [exists] [FilePath][String] [/data/data/com.dump.cute/files/security_info]
D/S4URC   ( 2662): [NDK] [SYSCALL] [access] [PATH][string] [/data/data/com.dump.cute/files/security_info]
D/S4URC   ( 2662): [SDK] [java.io.File] [createNewFile] [FilePath][String] [/data/data/com.dump.cute/files/security_info]
D/S4URC   ( 2662): [NDK] [SYSCALL] [open] [PATH][string] [/data/data/com.dump.cute/files/security_info] [RETURN][int] [21]
D/S4URC   ( 2662): [NDK] [SYSCALL] [access] [PATH][string] [/data/data/com.dump.cute/databases/bugly_db_-journal]
D/S4URC   ( 2662): [NDK] [SYSCALL] [stat] [PATH][string] [/data/data/com.dump.cute/databases/bugly_db_-journal]
D/S4URC   ( 2662): [NDK] [SYSCALL] [stat] [PATH][string] [/data/data/com.dump.cute/databases/bugly_db_]
D/S4URC   ( 2662): [NDK] [SYSCALL] [open] [PATH][string] [/data/data/com.dump.cute/databases/bugly_db_-journal] [RETURN][int] [49]
D/S4URC   ( 2662): [NDK] [SYSCALL] [access] [PATH][string] [/data/data/com.dump.cute/databases/bugly_db_-wal]
D/S4URC   ( 2662): [SDK] [java.io.File] [Constructor] [FilePath][String] [/dev/urandom]
D/S4URC   ( 2662): [SDK] [java.io.File] [getPath] [FilePath][String] [/dev/urandom]
D/S4URC   ( 2662): [NDK] [SYSCALL] [open] [PATH][string] [/dev/urandom] [RETURN][int] [21]
D/S4URC   ( 2662): [SDK] [java.io.File] [exists] [FilePath][String] [/data/data/com.dump.cute/files]
D/S4URC   ( 2662): [NDK] [SYSCALL] [access] [PATH][string] [/data/data/com.dump.cute/files]
D/S4URC   ( 2662): [SDK] [java.io.File] [Constructor] [FilePath][String] [/data/data/com.dump.cute/files/security_info]
D/S4URC   ( 2662): [SDK] [java.io.File] [exists] [FilePath][String] [/data/data/com.dump.cute/files/security_info]
