D/S4URC   ( 3585): [SDK] [java.io.File] [exists] [FilePath][String] [/data/data/com.entrance.activitk/cache/com.entrance.activitk/store2LvA.st]
D/S4URC   ( 3585): [SDK] [java.io.File] [Constructor] [FilePath][String] [/data/data/com.entrance.activitk/cache/com.entrance.activitk/store2LvA.st]
D/S4URC   ( 3585): [SDK] [java.io.File] [createNewFile] [FilePath][String] [/data/data/com.entrance.activitk/cache/com.entrance.activitk/store2LvA.st]
D/S4URC   ( 3585): [SDK] [java.io.File] [Constructor] [FilePath][String] [/data/data/com.entrance.activitk/cache/com.entrance.activitk/store2LvA.st]
D/S4URC   ( 3585): [SDK] [java.io.File] [getPath] [FilePath][String] [/data/data/com.entrance.activitk/cache/com.entrance.activitk/store2LvA.st]
D/S4URC   ( 3585): [SDK] [java.io.File] [Constructor] [FilePath][String] [/storage/sdcard0]
D/S4URC   ( 3585): [SDK] [java.io.File] [Constructor] [FilePath][String] [/storage/sdcard1]
D/S4URC   ( 3585): [SDK] [java.io.File] [Constructor] [FilePath][String] [/storage/usb2host]
D/S4URC   ( 3585): [SDK] [java.io.File] [Constructor] [FilePath][String] [/storage/usb3device]
D/S4URC   ( 3585): [SDK] [java.io.File] [Constructor] [FilePath][String] [/storage/usb3host]
D/S4URC   ( 3585): [SDK] [android.os.Environment] [getExternalStorageState] [ExternalStorageState][String] [mounted]
D/S4URC   ( 3585): [SDK] [java.io.File] [getPath] [FilePath][String] [/storage/sdcard0]
D/S4URC   ( 3585): [SDK] [android.os.Environment] [getExternalStorageDirectory] [DirectoryPath][String] [/storage/sdcard0]
D/S4URC   ( 3585): [SDK] [java.io.File] [getPath] [FilePath][String] [/storage/sdcard0]
D/S4URC   ( 3585): [SDK] [javax.crypto.Cipher][doFinal] [Data][8Fi1I2dQHgRs6LFr1ODH+N4PTHOV8uP8] [Return][getExternalCacheDir]
D/S4URC   ( 3585): [SDK] [java.io.File] [Constructor] [FilePath][String] [/storage/sdcard0/Android/data/com.entrance.activitk/cache]
D/S4URC   ( 3585): [SDK] [java.io.File] [Constructor] [FilePath][String] [/storage/sdcard0]
D/S4URC   ( 3585): [SDK] [java.io.File] [Constructor] [FilePath][String] [/storage/sdcard1]
D/S4URC   ( 3585): [SDK] [java.io.File] [Constructor] [FilePath][String] [/storage/usb2host]
D/S4URC   ( 3585): [SDK] [java.io.File] [Constructor] [FilePath][String] [/storage/usb3device]
D/S4URC   ( 3585): [SDK] [java.io.File] [Constructor] [FilePath][String] [/storage/usb3host]
D/S4URC   ( 3585): [SDK] [java.io.File] [exists] [FilePath][String] [/storage/sdcard0/Android/data/com.entrance.activitk/cache]
D/S4URC   ( 3585): [SDK] [java.io.File] [Constructor] [FilePath][String] [/storage/sdcard1/Android/data/com.entrance.activitk/cache]
D/S4URC   ( 3585): [SDK] [java.io.File] [Constructor] [FilePath][String] [/storage/sdcard0]
D/S4URC   ( 3585): [SDK] [java.io.File] [Constructor] [FilePath][String] [/storage/sdcard1]
D/S4URC   ( 3585): [SDK] [java.io.File] [Constructor] [FilePath][String] [/storage/usb2host]
D/S4URC   ( 3585): [SDK] [java.io.File] [Constructor] [FilePath][String] [/storage/usb3device]
D/S4URC   ( 3585): [SDK] [java.io.File] [Constructor] [FilePath][String] [/storage/usb3host]
D/S4URC   ( 3585): [SDK] [java.io.File] [exists] [FilePath][String] [/storage/sdcard1/Android/data/com.entrance.activitk/cache]
D/S4URC   ( 3585): [SDK] [java.io.File] [mkdirs] [FilePath][String] [/storage/sdcard1/Android/data/com.entrance.activitk/cache]
D/S4URC   ( 3585): [SDK] [java.io.File] [exists] [FilePath][String] [/storage/sdcard1/Android/data/com.entrance.activitk/cache]
D/S4URC   ( 3585): [SDK] [java.io.File] [Constructor] [FilePath][String] [/storage/usb2host/Android/data/com.entrance.activitk/cache]
D/S4URC   ( 3585): [SDK] [java.io.File] [Constructor] [FilePath][String] [/storage/sdcard0]
D/S4URC   ( 3585): [SDK] [java.io.File] [Constructor] [FilePath][String] [/storage/sdcard1]
D/S4URC   ( 3585): [SDK] [java.io.File] [Constructor] [FilePath][String] [/storage/usb2host]
D/S4URC   ( 3585): [SDK] [java.io.File] [Constructor] [FilePath][String] [/storage/usb3device]
D/S4URC   ( 3585): [SDK] [java.io.File] [Constructor] [FilePath][String] [/storage/usb3host]
D/S4URC   ( 3585): [SDK] [java.io.File] [exists] [FilePath][String] [/storage/usb2host/Android/data/com.entrance.activitk/cache]
D/S4URC   ( 3585): [SDK] [java.io.File] [mkdirs] [FilePath][String] [/storage/usb2host/Android/data/com.entrance.activitk/cache]
D/S4URC   ( 3585): [SDK] [java.io.File] [exists] [FilePath][String] [/storage/usb2host/Android/data/com.entrance.activitk/cache]
D/S4URC   ( 3585): [SDK] [java.io.File] [Constructor] [FilePath][String] [/storage/usb3device/Android/data/com.entrance.activitk/cache]
D/S4URC   ( 3585): [SDK] [java.io.File] [Constructor] [FilePath][String] [/storage/sdcard0]
D/S4URC   ( 3585): [SDK] [java.io.File] [Constructor] [FilePath][String] [/storage/sdcard1]
D/S4URC   ( 3585): [SDK] [java.io.File] [Constructor] [FilePath][String] [/storage/usb2host]
D/S4URC   ( 3585): [SDK] [java.io.File] [Constructor] [FilePath][String] [/storage/usb3device]
D/S4URC   ( 3585): [SDK] [java.io.File] [Constructor] [FilePath][String] [/storage/usb3host]
D/S4URC   ( 3585): [SDK] [java.io.File] [exists] [FilePath][String] [/storage/usb3device/Android/data/com.entrance.activitk/cache]
D/S4URC   ( 3585): [SDK] [java.io.File] [mkdirs] [FilePath][String] [/storage/usb3device/Android/data/com.entrance.activitk/cache]
D/S4URC   ( 3585): [SDK] [java.io.File] [exists] [FilePath][String] [/storage/usb3device/Android/data/com.entrance.activitk/cache]
D/S4URC   ( 3585): [SDK] [java.io.File] [Constructor] [FilePath][String] [/storage/usb3host/Android/data/com.entrance.activitk/cache]
D/S4URC   ( 3585): [SDK] [java.io.File] [Constructor] [FilePath][String] [/storage/sdcard0]
D/S4URC   ( 3585): [SDK] [java.io.File] [Constructor] [FilePath][String] [/storage/sdcard1]
D/S4URC   ( 3585): [SDK] [java.io.File] [Constructor] [FilePath][String] [/storage/usb2host]
D/S4URC   ( 3585): [SDK] [java.io.File] [Constructor] [FilePath][String] [/storage/usb3device]
D/S4URC   ( 3585): [SDK] [java.io.File] [Constructor] [FilePath][String] [/storage/usb3host]
D/S4URC   ( 3585): [SDK] [java.io.File] [exists] [FilePath][String] [/storage/usb3host/Android/data/com.entrance.activitk/cache]
D/S4URC   ( 3585): [SDK] [java.io.File] [mkdirs] [FilePath][String] [/storage/usb3host/Android/data/com.entrance.activitk/cache]
D/S4URC   ( 3585): [SDK] [java.io.File] [exists] [FilePath][String] [/storage/usb3host/Android/data/com.entrance.activitk/cache]
D/S4URC   ( 3585): [SDK] [java.io.File] [Constructor] [FilePath][String] [/storage/sdcard0/Android/data/com.entrance.activitk/cache]
D/S4URC   ( 3585): [SDK] [java.io.File] [exists] [FilePath][String] [/storage/sdcard0/Android/data/com.entrance.activitk/cache]
D/S4URC   ( 3585): [SDK] [java.io.File] [Constructor] [FilePath][String] [/storage/sdcard0/Android/data/com.entrance.activitk/cache/com.entrance.activitk]
D/S4URC   ( 3585): [SDK] [java.io.File] [exists] [FilePath][String] [/storage/sdcard0/Android/data/com.entrance.activitk/cache/com.entrance.activitk]
D/S4URC   ( 3585): [SDK] [java.io.File] [Constructor] [FilePath][String] [/storage/sdcard0/Android/data/com.entrance.activitk/cache/com.entrance.activitk/store2LvA.st]
D/S4URC   ( 3585): [SDK] [java.io.File] [exists] [FilePath][String] [/storage/sdcard0/Android/data/com.entrance.activitk/cache/com.entrance.activitk/store2LvA.st]
D/S4URC   ( 3585): [SDK] [java.io.File] [Constructor] [FilePath][String] [/storage/sdcard0/Android/data/com.entrance.activitk/cache/com.entrance.activitk/store2LvA.st]
D/S4URC   ( 3585): [SDK] [java.io.File] [createNewFile] [FilePath][String] [/storage/sdcard0/Android/data/com.entrance.activitk/cache/com.entrance.activitk/store2LvA.st]
D/S4URC   ( 3585): [SDK] [java.io.File] [Constructor] [FilePath][String] [/storage/sdcard0/Android/data/com.entrance.activitk/cache/com.entrance.activitk/store2LvA.st]
D/S4URC   ( 3585): [SDK] [java.io.File] [getPath] [FilePath][String] [/storage/sdcard0/Android/data/com.entrance.activitk/cache/com.entrance.activitk/store2LvA.st]
D/S4URC   ( 3585): [SDK] [java.io.File] [Constructor] [FilePath][String] [/storage/sdcard0]
D/S4URC   ( 3585): [SDK] [java.io.File] [Constructor] [FilePath][String] [/storage/sdcard1]
D/S4URC   ( 3585): [SDK] [java.io.File] [Constructor] [FilePath][String] [/storage/usb2host]
D/S4URC   ( 3585): [SDK] [java.io.File] [Constructor] [FilePath][String] [/storage/usb3device]
D/S4URC   ( 3585): [SDK] [java.io.File] [Constructor] [FilePath][String] [/storage/usb3host]
D/S4URC   ( 3585): [SDK] [android.os.Environment] [getExternalStorageState] [ExternalStorageState][String] [mounted]
D/S4URC   ( 3585): [SDK] [java.io.File] [getPath] [FilePath][String] [/storage/sdcard0]
D/S4URC   ( 3585): [SDK] [android.os.Environment] [getExternalStorageDirectory] [DirectoryPath][String] [/storage/sdcard0]
D/S4URC   ( 3585): [SDK] [java.io.File] [getPath] [FilePath][String] [/storage/sdcard0]
D/S4URC   ( 3585): [SDK] [java.io.File] [Constructor] [FilePath][String] [/storage/sdcard0/com.entrance.activitk]
D/S4URC   ( 3585): [SDK] [java.io.File] [exists] [FilePath][String] [/storage/sdcard0/com.entrance.activitk]
D/S4URC   ( 3585): [SDK] [java.io.File] [Constructor] [FilePath][String] [/storage/sdcard0/com.entrance.activitk/com.entrance.activitk]
D/S4URC   ( 3585): [SDK] [java.io.File] [exists] [FilePath][String] [/storage/sdcard0/com.entrance.activitk/com.entrance.activitk]
D/S4URC   ( 3585): [SDK] [java.io.File] [Constructor] [FilePath][String] [/storage/sdcard0/com.entrance.activitk/com.entrance.activitk/store2LvA.st]
D/S4URC   ( 3585): [SDK] [java.io.File] [exists] [FilePath][String] [/storage/sdcard0/com.entrance.activitk/com.entrance.activitk/store2LvA.st]
D/S4URC   ( 3585): [SDK] [java.io.File] [Constructor] [FilePath][String] [/storage/sdcard0/com.entrance.activitk/com.entrance.activitk/store2LvA.st]
D/S4URC   ( 3585): [SDK] [java.io.File] [createNewFile] [FilePath][String] [/storage/sdcard0/com.entrance.activitk/com.entrance.activitk/store2LvA.st]
D/S4URC   ( 3585): [SDK] [java.io.File] [Constructor] [FilePath][String] [/storage/sdcard0/com.entrance.activitk/com.entrance.activitk/store2LvA.st]
D/S4URC   ( 3585): [SDK] [java.io.File] [getPath] [FilePath][String] [/storage/sdcard0/com.entrance.activitk/com.entrance.activitk/store2LvA.st]
D/S4URC   ( 3585): [SDK] [javax.crypto.Cipher][doFinal] [Data][eFfez0OZDIjOnqIQZevsaQ==] [Return][absolute]
D/S4URC   ( 3585): [SDK] [javax.crypto.Cipher][doFinal] [Data][wu0fuupspvI=] [Return][cnt]
D/S4URC   ( 3585): [SDK] [java.io.File] [Constructor] [FilePath][String] [/storage/sdcard0]
D/S4URC   ( 3585): [SDK] [java.io.File] [Constructor] [FilePath][String] [/storage/sdcard1]
D/S4URC   ( 3585): [SDK] [java.io.File] [Constructor] [FilePath][String] [/storage/usb2host]
D/S4URC   ( 3585): [SDK] [java.io.File] [Constructor] [FilePath][String] [/storage/usb3device]
D/S4URC   ( 3585): [SDK] [java.io.File] [Constructor] [FilePath][String] [/storage/usb3host]
D/S4URC   ( 3585): [SDK] [android.os.Environment] [getExternalStorageState] [ExternalStorageState][String] [mounted]
D/S4URC   ( 3585): [SDK] [java.io.File] [getPath] [FilePath][String] [/storage/sdcard0]
D/S4URC   ( 3585): [SDK] [android.os.Environment] [getExternalStorageDirectory] [DirectoryPath][String] [/storage/sdcard0]
D/S4URC   ( 3585): [SDK] [java.io.File] [getPath] [FilePath][String] [/storage/sdcard0]
D/S4URC   ( 3585): [SDK] [java.io.File] [exists] [FilePath][String] [/data/data/com.entrance.activitk/cache]
D/S4URC   ( 3585): [SDK] [java.io.File] [Constructor] [FilePath][String] [/data/data/com.entrance.activitk/cache]
D/S4URC   ( 3585): [SDK] [java.io.File] [exists] [FilePath][String] [/data/data/com.entrance.activitk/cache]
D/S4URC   ( 3585): [SDK] [java.io.File] [Constructor] [FilePath][String] [/data/data/com.entrance.activitk/cache/com.entrance.activitk]
D/S4URC   ( 3585): [SDK] [java.io.File] [exists] [FilePath][String] [/data/data/com.entrance.activitk/cache/com.entrance.activitk]
D/S4URC   ( 3585): [SDK] [java.io.File] [Constructor] [FilePath][String] [/data/data/com.entrance.activitk/cache/com.entrance.activitk/store2cnt.st]
D/S4URC   ( 3585): [SDK] [java.io.File] [exists] [FilePath][String] [/data/data/com.entrance.activitk/cache/com.entrance.activitk/store2cnt.st]
D/S4URC   ( 3585): [SDK] [java.io.File] [isFile] [FilePath][String] [/data/data/com.entrance.activitk/cache/com.entrance.activitk/store2cnt.st]
D/S4URC   ( 3585): [SDK] [java.io.File] [Constructor] [FilePath][String] [/data/data/com.entrance.activitk/cache/com.entrance.activitk/store2cnt.st]
D/S4URC   ( 3585): [SDK] [java.io.File] [isFile] [FilePath][String] [/data/data/com.entrance.activitk/cache/com.entrance.activitk/store2cnt.st]
D/S4URC   ( 3585): [SDK] [java.io.File] [getPath] [FilePath][String] [/data/data/com.entrance.activitk/cache/com.entrance.activitk/store2cnt.st]
D/S4URC   ( 3585): [SDK] [java.io.File] [Constructor] [FilePath][String] [/storage/sdcard0]
D/S4URC   ( 3585): [SDK] [java.io.File] [Constructor] [FilePath][String] [/storage/sdcard1]
D/S4URC   ( 3585): [SDK] [java.io.File] [Constructor] [FilePath][String] [/storage/usb2host]
D/S4URC   ( 3585): [SDK] [java.io.File] [Constructor] [FilePath][String] [/storage/usb3device]
D/S4URC   ( 3585): [SDK] [java.io.File] [Constructor] [FilePath][String] [/storage/usb3host]
D/S4URC   ( 3585): [SDK] [android.os.Environment] [getExternalStorageState] [ExternalStorageState][String] [mounted]
D/S4URC   ( 3585): [SDK] [java.io.File] [getPath] [FilePath][String] [/storage/sdcard0]
D/S4URC   ( 3585): [SDK] [android.os.Environment] [getExternalStorageDirectory] [DirectoryPath][String] [/storage/sdcard0]
D/S4URC   ( 3585): [SDK] [java.io.File] [getPath] [FilePath][String] [/storage/sdcard0]
D/S4URC   ( 3585): [SDK] [javax.crypto.Cipher][doFinal] [Data][8Fi1I2dQHgRs6LFr1ODH+N4PTHOV8uP8] [Return][getExternalCacheDir]
D/S4URC   ( 3585): [SDK] [java.io.File] [Constructor] [FilePath][String] [/storage/sdcard0/Android/data/com.entrance.activitk/cache]
D/S4URC   ( 3585): [SDK] [java.io.File] [Constructor] [FilePath][String] [/storage/sdcard0]
D/S4URC   ( 3585): [SDK] [java.io.File] [Constructor] [FilePath][String] [/storage/sdcard1]
D/S4URC   ( 3585): [SDK] [java.io.File] [Constructor] [FilePath][String] [/storage/usb2host]
D/S4URC   ( 3585): [SDK] [java.io.File] [Constructor] [FilePath][String] [/storage/usb3device]
D/S4URC   ( 3585): [SDK] [java.io.File] [Constructor] [FilePath][String] [/storage/usb3host]
D/S4URC   ( 3585): [SDK] [java.io.File] [exists] [FilePath][String] [/storage/sdcard0/Android/data/com.entrance.activitk/cache]
D/S4URC   ( 3585): [SDK] [java.io.File] [Constructor] [FilePath][String] [/storage/sdcard1/Android/data/com.entrance.activitk/cache]
D/S4URC   ( 3585): [SDK] [java.io.File] [Constructor] [FilePath][String] [/storage/sdcard0]
D/S4URC   ( 3585): [SDK] [java.io.File] [Constructor] [FilePath][String] [/storage/sdcard1]
D/S4URC   ( 3585): [SDK] [java.io.File] [Constructor] [FilePath][String] [/storage/usb2host]
D/S4URC   ( 3585): [SDK] [java.io.File] [Constructor] [FilePath][String] [/storage/usb3device]
D/S4URC   ( 3585): [SDK] [java.io.File] [Constructor] [FilePath][String] [/storage/usb3host]
D/S4URC   ( 3585): [SDK] [java.io.File] [exists] [FilePath][String] [/storage/sdcard1/Android/data/com.entrance.activitk/cache]
D/S4URC   ( 3585): [SDK] [java.io.File] [mkdirs] [FilePath][String] [/storage/sdcard1/Android/data/com.entrance.activitk/cache]
D/S4URC   ( 3585): [SDK] [java.io.File] [exists] [FilePath][String] [/storage/sdcard1/Android/data/com.entrance.activitk/cache]
D/S4URC   ( 3585): [SDK] [java.io.File] [Constructor] [FilePath][String] [/storage/usb2host/Android/data/com.entrance.activitk/cache]
D/S4URC   ( 3585): [SDK] [java.io.File] [Constructor] [FilePath][String] [/storage/sdcard0]
D/S4URC   ( 3585): [SDK] [java.io.File] [Constructor] [FilePath][String] [/storage/sdcard1]
D/S4URC   ( 3585): [SDK] [java.io.File] [Constructor] [FilePath][String] [/storage/usb2host]
D/S4URC   ( 3585): [SDK] [java.io.File] [Constructor] [FilePath][String] [/storage/usb3device]
D/S4URC   ( 3585): [SDK] [java.io.File] [Constructor] [FilePath][String] [/storage/usb3host]
D/S4URC   ( 3585): [SDK] [java.io.File] [exists] [FilePath][String] [/storage/usb2host/Android/data/com.entrance.activitk/cache]
D/S4URC   ( 3585): [SDK] [java.io.File] [mkdirs] [FilePath][String] [/storage/usb2host/Android/data/com.entrance.activitk/cache]
D/S4URC   ( 3585): [SDK] [java.io.File] [exists] [FilePath][String] [/storage/usb2host/Android/data/com.entrance.activitk/cache]
D/S4URC   ( 3585): [SDK] [java.io.File] [Constructor] [FilePath][String] [/storage/usb3device/Android/data/com.entrance.activitk/cache]
D/S4URC   ( 3585): [SDK] [java.io.File] [Constructor] [FilePath][String] [/storage/sdcard0]
D/S4URC   ( 3585): [SDK] [java.io.File] [Constructor] [FilePath][String] [/storage/sdcard1]
D/S4URC   ( 3585): [SDK] [java.io.File] [Constructor] [FilePath][String] [/storage/usb2host]
D/S4URC   ( 3585): [SDK] [java.io.File] [Constructor] [FilePath][String] [/storage/usb3device]
D/S4URC   ( 3585): [SDK] [java.io.File] [Constructor] [FilePath][String] [/storage/usb3host]
D/S4URC   ( 3585): [SDK] [java.io.File] [exists] [FilePath][String] [/storage/usb3device/Android/data/com.entrance.activitk/cache]
D/S4URC   ( 3585): [SDK] [java.io.File] [mkdirs] [FilePath][String] [/storage/usb3device/Android/data/com.entrance.activitk/cache]
D/S4URC   ( 3585): [SDK] [java.io.File] [exists] [FilePath][String] [/storage/usb3device/Android/data/com.entrance.activitk/cache]
D/S4URC   ( 3585): [SDK] [java.io.File] [Constructor] [FilePath][String] [/storage/usb3host/Android/data/com.entrance.activitk/cache]
D/S4URC   ( 3585): [SDK] [java.io.File] [Constructor] [FilePath][String] [/storage/sdcard0]
D/S4URC   ( 3585): [SDK] [java.io.File] [Constructor] [FilePath][String] [/storage/sdcard1]
D/S4URC   ( 3585): [SDK] [java.io.File] [Constructor] [FilePath][String] [/storage/usb2host]
D/S4URC   ( 3585): [SDK] [java.io.File] [Constructor] [FilePath][String] [/storage/usb3device]
D/S4URC   ( 3585): [SDK] [java.io.File] [Constructor] [FilePath][String] [/storage/usb3host]
D/S4URC   ( 3585): [SDK] [java.io.File] [exists] [FilePath][String] [/storage/usb3host/Android/data/com.entrance.activitk/cache]
D/S4URC   ( 3585): [SDK] [java.io.File] [mkdirs] [FilePath][String] [/storage/usb3host/Android/data/com.entrance.activitk/cache]
D/S4URC   ( 3585): [SDK] [java.io.File] [exists] [FilePath][String] [/storage/usb3host/Android/data/com.entrance.activitk/cache]
D/S4URC   ( 3585): [SDK] [java.io.File] [Constructor] [FilePath][String] [/storage/sdcard0/Android/data/com.entrance.activitk/cache]
D/S4URC   ( 3585): [SDK] [java.io.File] [exists] [FilePath][String] [/storage/sdcard0/Android/data/com.entrance.activitk/cache]
D/S4URC   ( 3585): [SDK] [java.io.File] [Constructor] [FilePath][String] [/storage/sdcard0/Android/data/com.entrance.activitk/cache/com.entrance.activitk]
D/S4URC   ( 3585): [SDK] [java.io.File] [exists] [FilePath][String] [/storage/sdcard0/Android/data/com.entrance.activitk/cache/com.entrance.activitk]
D/S4URC   ( 3585): [SDK] [java.io.File] [Constructor] [FilePath][String] [/storage/sdcard0/Android/data/com.entrance.activitk/cache/com.entrance.activitk/store2cnt.st]
D/S4URC   ( 3585): [SDK] [java.io.File] [exists] [FilePath][String] [/storage/sdcard0/Android/data/com.entrance.activitk/cache/com.entrance.activitk/store2cnt.st]
D/S4URC   ( 3585): [SDK] [java.io.File] [isFile] [FilePath][String] [/storage/sdcard0/Android/data/com.entrance.activitk/cache/com.entrance.activitk/store2cnt.st]
D/S4URC   ( 3585): [SDK] [java.io.File] [Constructor] [FilePath][String] [/storage/sdcard0/Android/data/com.entrance.activitk/cache/com.entrance.activitk/store2cnt.st]
D/S4URC   ( 3585): [SDK] [java.io.File] [isFile] [FilePath][String] [/storage/sdcard0/Android/data/com.entrance.activitk/cache/com.entrance.activitk/store2cnt.st]
D/S4URC   ( 3585): [SDK] [java.io.File] [getPath] [FilePath][String] [/storage/sdcard0/Android/data/com.entrance.activitk/cache/com.entrance.activitk/store2cnt.st]
D/S4URC   ( 3585): [SDK] [java.io.File] [Constructor] [FilePath][String] [/storage/sdcard0]
D/S4URC   ( 3585): [SDK] [java.io.File] [Constructor] [FilePath][String] [/storage/sdcard1]
D/S4URC   ( 3585): [SDK] [java.io.File] [Constructor] [FilePath][String] [/storage/usb2host]
D/S4URC   ( 3585): [SDK] [java.io.File] [Constructor] [FilePath][String] [/storage/usb3device]
D/S4URC   ( 3585): [SDK] [java.io.File] [Constructor] [FilePath][String] [/storage/usb3host]
D/S4URC   ( 3585): [SDK] [android.os.Environment] [getExternalStorageState] [ExternalStorageState][String] [mounted]
D/S4URC   ( 3585): [SDK] [java.io.File] [getPath] [FilePath][String] [/storage/sdcard0]
D/S4URC   ( 3585): [SDK] [android.os.Environment] [getExternalStorageDirectory] [DirectoryPath][String] [/storage/sdcard0]
D/S4URC   ( 3585): [SDK] [java.io.File] [getPath] [FilePath][String] [/storage/sdcard0]
D/S4URC   ( 3585): [SDK] [java.io.File] [Constructor] [FilePath][String] [/storage/sdcard0/com.entrance.activitk]
D/S4URC   ( 3585): [SDK] [java.io.File] [exists] [FilePath][String] [/storage/sdcard0/com.entrance.activitk]
D/S4URC   ( 3585): [SDK] [java.io.File] [Constructor] [FilePath][String] [/storage/sdcard0/com.entrance.activitk/com.entrance.activitk]
D/S4URC   ( 3585): [SDK] [java.io.File] [exists] [FilePath][String] [/storage/sdcard0/com.entrance.activitk/com.entrance.activitk]
D/S4URC   ( 3585): [SDK] [java.io.File] [Constructor] [FilePath][String] [/storage/sdcard0/com.entrance.activitk/com.entrance.activitk/store2cnt.st]
D/S4URC   ( 3585): [SDK] [java.io.File] [exists] [FilePath][String] [/storage/sdcard0/com.entrance.activitk/com.entrance.activitk/store2cnt.st]
D/S4URC   ( 3585): [SDK] [java.io.File] [isFile] [FilePath][String] [/storage/sdcard0/com.entrance.activitk/com.entrance.activitk/store2cnt.st]
D/S4URC   ( 3585): [SDK] [java.io.File] [Constructor] [FilePath][String] [/storage/sdcard0/com.entrance.activitk/com.entrance.activitk/store2cnt.st]
D/S4URC   ( 3585): [SDK] [java.io.File] [isFile] [FilePath][String] [/storage/sdcard0/com.entrance.activitk/com.entrance.activitk/store2cnt.st]
D/S4URC   ( 3585): [SDK] [java.io.File] [getPath] [FilePath][String] [/storage/sdcard0/com.entrance.activitk/com.entrance.activitk/store2cnt.st]
D/S4URC   ( 3585): [SDK] [javax.crypto.Cipher][doFinal] [Data][18QGMD2xBJDOnqIQZevsaQ==] [Return][relative]
D/S4URC   ( 3585): [SDK] [javax.crypto.Cipher][doFinal] [Data][wu0fuupspvI=] [Return][cnt]
D/S4URC   ( 3585): [SDK] [java.io.File] [Constructor] [FilePath][String] [/storage/sdcard0]
D/S4URC   ( 3585): [SDK] [java.io.File] [Constructor] [FilePath][String] [/storage/sdcard1]
D/S4URC   ( 3585): [SDK] [java.io.File] [Constructor] [FilePath][String] [/storage/usb2host]
D/S4URC   ( 3585): [SDK] [java.io.File] [Constructor] [FilePath][String] [/storage/usb3device]
D/S4URC   ( 3585): [SDK] [java.io.File] [Constructor] [FilePath][String] [/storage/usb3host]
D/S4URC   ( 3585): [SDK] [android.os.Environment] [getExternalStorageState] [ExternalStorageState][String] [mounted]
D/S4URC   ( 3585): [SDK] [java.io.File] [getPath] [FilePath][String] [/storage/sdcard0]
D/S4URC   ( 3585): [SDK] [android.os.Environment] [getExternalStorageDirectory] [DirectoryPath][String] [/storage/sdcard0]
D/S4URC   ( 3585): [SDK] [java.io.File] [getPath] [FilePath][String] [/storage/sdcard0]
D/S4URC   ( 3585): [SDK] [java.io.File] [exists] [FilePath][String] [/data/data/com.entrance.activitk/cache]
D/S4URC   ( 3585): [SDK] [java.io.File] [Constructor] [FilePath][String] [/data/data/com.entrance.activitk/cache]
D/S4URC   ( 3585): [SDK] [java.io.File] [exists] [FilePath][String] [/data/data/com.entrance.activitk/cache]
D/S4URC   ( 3585): [SDK] [java.io.File] [Constructor] [FilePath][String] [/data/data/com.entrance.activitk/cache/com.entrance.activitk]
D/S4URC   ( 3585): [SDK] [java.io.File] [exists] [FilePath][String] [/data/data/com.entrance.activitk/cache/com.entrance.activitk]
D/S4URC   ( 3585): [SDK] [java.io.File] [Constructor] [FilePath][String] [/data/data/com.entrance.activitk/cache/com.entrance.activitk/store2cnt.st]
D/S4URC   ( 3585): [SDK] [java.io.File] [exists] [FilePath][String] [/data/data/com.entrance.activitk/cache/com.entrance.activitk/store2cnt.st]
D/S4URC   ( 3585): [SDK] [java.io.File] [isFile] [FilePath][String] [/data/data/com.entrance.activitk/cache/com.entrance.activitk/store2cnt.st]
D/S4URC   ( 3585): [SDK] [java.io.File] [Constructor] [FilePath][String] [/data/data/com.entrance.activitk/cache/com.entrance.activitk/store2cnt.st]
D/S4URC   ( 3585): [SDK] [java.io.File] [isFile] [FilePath][String] [/data/data/com.entrance.activitk/cache/com.entrance.activitk/store2cnt.st]
D/S4URC   ( 3585): [SDK] [java.io.File] [getPath] [FilePath][String] [/data/data/com.entrance.activitk/cache/com.entrance.activitk/store2cnt.st]
D/S4URC   ( 3585): [SDK] [java.io.File] [Constructor] [FilePath][String] [/storage/sdcard0]
D/S4URC   ( 3585): [SDK] [java.io.File] [Constructor] [FilePath][String] [/storage/sdcard1]
D/S4URC   ( 3585): [SDK] [java.io.File] [Constructor] [FilePath][String] [/storage/usb2host]
D/S4URC   ( 3585): [SDK] [java.io.File] [Constructor] [FilePath][String] [/storage/usb3device]
D/S4URC   ( 3585): [SDK] [java.io.File] [Constructor] [FilePath][String] [/storage/usb3host]
D/S4URC   ( 3585): [SDK] [android.os.Environment] [getExternalStorageState] [ExternalStorageState][String] [mounted]
D/S4URC   ( 3585): [SDK] [java.io.File] [getPath] [FilePath][String] [/storage/sdcard0]
D/S4URC   ( 3585): [SDK] [android.os.Environment] [getExternalStorageDirectory] [DirectoryPath][String] [/storage/sdcard0]
D/S4URC   ( 3585): [SDK] [java.io.File] [getPath] [FilePath][String] [/storage/sdcard0]
D/S4URC   ( 3585): [SDK] [javax.crypto.Cipher][doFinal] [Data][8Fi1I2dQHgRs6LFr1ODH+N4PTHOV8uP8] [Return][getExternalCacheDir]
D/S4URC   ( 3585): [SDK] [java.io.File] [Constructor] [FilePath][String] [/storage/sdcard0/Android/data/com.entrance.activitk/cache]
D/S4URC   ( 3585): [SDK] [java.io.File] [Constructor] [FilePath][String] [/storage/sdcard0]
D/S4URC   ( 3585): [SDK] [java.io.File] [Constructor] [FilePath][String] [/storage/sdcard1]
D/S4URC   ( 3585): [SDK] [java.io.File] [Constructor] [FilePath][String] [/storage/usb2host]
D/S4URC   ( 3585): [SDK] [java.io.File] [Constructor] [FilePath][String] [/storage/usb3device]
D/S4URC   ( 3585): [SDK] [java.io.File] [Constructor] [FilePath][String] [/storage/usb3host]
D/S4URC   ( 3633): [SDK] [java.io.File] [Constructor] [FilePath][String] [/vendor/lib]
D/S4URC   ( 3633): [SDK] [java.io.File] [Constructor] [FilePath][String] [/system/lib]
D/S4URC   ( 3633): [SDK] [java.io.File] [delete] [FilePath][String] [/data/data/com.entrance.activitk/files/dex/apus_en.jar]
D/S4URC   ( 3633): [SDK] [java.io.File] [getPath] [FilePath][String] [/data/data/com.entrance.activitk/files]
D/S4URC   ( 3633): [SDK] [java.io.File] [delete] [FilePath][String] [/data/data/com.entrance.activitk/files/apus_en.dex]
D/S4URC   ( 3585): [SDK] [java.io.File] [exists] [FilePath][String] [/storage/sdcard0/Android/data/com.entrance.activitk/cache]
D/S4URC   ( 3585): [SDK] [java.io.File] [Constructor] [FilePath][String] [/storage/sdcard1/Android/data/com.entrance.activitk/cache]
D/S4URC   ( 3585): [SDK] [java.io.File] [Constructor] [FilePath][String] [/storage/sdcard0]
D/S4URC   ( 3585): [SDK] [java.io.File] [Constructor] [FilePath][String] [/storage/sdcard1]
D/S4URC   ( 3585): [SDK] [java.io.File] [Constructor] [FilePath][String] [/storage/usb2host]
D/S4URC   ( 3585): [SDK] [java.io.File] [Constructor] [FilePath][String] [/storage/usb3device]
D/S4URC   ( 3585): [SDK] [java.io.File] [Constructor] [FilePath][String] [/storage/usb3host]
D/S4URC   ( 3633): [SDK] [java.io.File] [getPath] [FilePath][String] [/storage/sdcard0]
D/S4URC   ( 3633): [SDK] [android.os.Environment] [getExternalStorageDirectory] [DirectoryPath][String] [/storage/sdcard0]
D/S4URC   ( 3633): [SDK] [java.io.File] [getPath] [FilePath][String] [/storage/sdcard0]
D/S4URC   ( 3585): [SDK] [java.io.File] [exists] [FilePath][String] [/storage/sdcard1/Android/data/com.entrance.activitk/cache]
D/S4URC   ( 3585): [SDK] [java.io.File] [mkdirs] [FilePath][String] [/storage/sdcard1/Android/data/com.entrance.activitk/cache]
D/S4URC   ( 3585): [SDK] [java.io.File] [exists] [FilePath][String] [/storage/sdcard1/Android/data/com.entrance.activitk/cache]
D/S4URC   ( 3633): [SDK] [java.io.File] [Constructor] [FilePath][String] [/storage/sdcard0]
D/S4URC   ( 3585): [SDK] [java.io.File] [Constructor] [FilePath][String] [/storage/usb2host/Android/data/com.entrance.activitk/cache]
D/S4URC   ( 3585): [SDK] [java.io.File] [Constructor] [FilePath][String] [/storage/sdcard0]
D/S4URC   ( 3585): [SDK] [java.io.File] [Constructor] [FilePath][String] [/storage/sdcard1]
D/S4URC   ( 3585): [SDK] [java.io.File] [Constructor] [FilePath][String] [/storage/usb2host]
D/S4URC   ( 3585): [SDK] [java.io.File] [Constructor] [FilePath][String] [/storage/usb3device]
D/S4URC   ( 3585): [SDK] [java.io.File] [Constructor] [FilePath][String] [/storage/usb3host]
D/S4URC   ( 3585): [SDK] [java.io.File] [exists] [FilePath][String] [/storage/usb2host/Android/data/com.entrance.activitk/cache]
D/S4URC   ( 3585): [SDK] [java.io.File] [mkdirs] [FilePath][String] [/storage/usb2host/Android/data/com.entrance.activitk/cache]
D/S4URC   ( 3585): [SDK] [java.io.File] [exists] [FilePath][String] [/storage/usb2host/Android/data/com.entrance.activitk/cache]
D/S4URC   ( 3585): [SDK] [java.io.File] [Constructor] [FilePath][String] [/storage/usb3device/Android/data/com.entrance.activitk/cache]
D/S4URC   ( 3633): [SDK] [java.io.File] [Constructor] [FilePath][String] [/storage/sdcard0]
D/S4URC   ( 3633): [SDK] [java.io.File] [Constructor] [FilePath][String] [/storage/sdcard1]
D/S4URC   ( 3633): [SDK] [java.io.File] [Constructor] [FilePath][String] [/storage/usb2host]
D/S4URC   ( 3585): [SDK] [java.io.File] [Constructor] [FilePath][String] [/storage/sdcard0]
D/S4URC   ( 3585): [SDK] [java.io.File] [Constructor] [FilePath][String] [/storage/sdcard1]
D/S4URC   ( 3585): [SDK] [java.io.File] [Constructor] [FilePath][String] [/storage/usb2host]
D/S4URC   ( 3585): [SDK] [java.io.File] [Constructor] [FilePath][String] [/storage/usb3device]
D/S4URC   ( 3633): [SDK] [java.io.File] [Constructor] [FilePath][String] [/storage/usb3device]
D/S4URC   ( 3585): [SDK] [java.io.File] [Constructor] [FilePath][String] [/storage/usb3host]
D/S4URC   ( 3633): [SDK] [java.io.File] [Constructor] [FilePath][String] [/storage/usb3host]
D/S4URC   ( 3585): [SDK] [java.io.File] [exists] [FilePath][String] [/storage/usb3device/Android/data/com.entrance.activitk/cache]
D/S4URC   ( 3585): [SDK] [java.io.File] [mkdirs] [FilePath][String] [/storage/usb3device/Android/data/com.entrance.activitk/cache]
D/S4URC   ( 3585): [SDK] [java.io.File] [exists] [FilePath][String] [/storage/usb3device/Android/data/com.entrance.activitk/cache]
D/S4URC   ( 3633): [SDK] [android.os.Environment] [getExternalStorageState] [ExternalStorageState][String] [mounted]
D/S4URC   ( 3633): [SDK] [java.io.File] [Constructor] [FilePath][String] [/storage/sdcard0/google/description/system/log]
D/S4URC   ( 3633): [SDK] [java.io.File] [exists] [FilePath][String] [/storage/sdcard0/google/description/system/log]
D/S4URC   ( 3633): [SDK] [java.io.File] [Constructor] [FilePath][String] [/storage/sdcard0]
D/S4URC   ( 3585): [SDK] [java.io.File] [Constructor] [FilePath][String] [/storage/usb3host/Android/data/com.entrance.activitk/cache]
D/S4URC   ( 3633): [SDK] [java.io.File] [Constructor] [FilePath][String] [/storage/sdcard0]
D/S4URC   ( 3633): [SDK] [java.io.File] [Constructor] [FilePath][String] [/storage/sdcard1]
D/S4URC   ( 3633): [SDK] [java.io.File] [Constructor] [FilePath][String] [/storage/usb2host]
D/S4URC   ( 3633): [SDK] [java.io.File] [Constructor] [FilePath][String] [/storage/usb3device]
D/S4URC   ( 3633): [SDK] [java.io.File] [Constructor] [FilePath][String] [/storage/usb3host]
D/S4URC   ( 3585): [SDK] [java.io.File] [Constructor] [FilePath][String] [/storage/sdcard0]
D/S4URC   ( 3585): [SDK] [java.io.File] [Constructor] [FilePath][String] [/storage/sdcard1]
D/S4URC   ( 3585): [SDK] [java.io.File] [Constructor] [FilePath][String] [/storage/usb2host]
D/S4URC   ( 3585): [SDK] [java.io.File] [Constructor] [FilePath][String] [/storage/usb3device]
D/S4URC   ( 3585): [SDK] [java.io.File] [Constructor] [FilePath][String] [/storage/usb3host]
D/S4URC   ( 3585): [SDK] [java.io.File] [Constructor] [FilePath][String] [/storage/sdcard0]
D/S4URC   ( 3585): [SDK] [javax.crypto.Cipher][doFinal] [Data][18QGMD2xBJDOnqIQZevsaQ==] [Return][relative]
D/S4URC   ( 3585): [SDK] [javax.crypto.Cipher][doFinal] [Data][wu0fuupspvI=] [Return][cnt]
D/S4URC   ( 3585): [SDK] [java.io.File] [Constructor] [FilePath][String] [/storage/sdcard0]
D/S4URC   ( 3633): [SDK] [android.telephony.TelephonyManager] [getSubscriberId]
D/S4URC   ( 3666): [SDK] [java.lang.Class] [forName] [FindClass][String] [java.net.HttpURLConnection]
D/S4URC   ( 3666): [SDK] [java.lang.Class] [forName] [FindClass][String] [com.android.okhttp.internal.http.HttpURLConnectionImpl]
D/S4URC   ( 3585): [SDK] [java.io.File] [Constructor] [FilePath][String] [/storage/sdcard0]
D/S4URC   ( 3666): [SDK] [java.lang.Class] [forName] [FindClass][String] [com.android.okhttp.internal.http.HttpURLConnectionImpl]
D/S4URC   ( 3585): [SDK] [java.io.File] [Constructor] [FilePath][String] [/storage/sdcard1]
D/S4URC   ( 3585): [SDK] [java.io.File] [Constructor] [FilePath][String] [/storage/usb2host]
D/S4URC   ( 3585): [SDK] [java.io.File] [Constructor] [FilePath][String] [/storage/usb3device]
D/S4URC   ( 3666): [SDK] [java.lang.Class] [forName] [FindClass][String] [java.net.Socket]
D/S4URC   ( 3585): [SDK] [java.io.File] [Constructor] [FilePath][String] [/storage/usb3host]
D/S4URC   ( 3666): [SDK] [java.lang.Class] [forName] [FindClass][String] [android.telephony.TelephonyManager]
D/S4URC   ( 3585): [SDK] [android.os.Environment] [getExternalStorageState] [ExternalStorageState][String] [mounted]
D/S4URC   ( 3585): [SDK] [java.io.File] [getPath] [FilePath][String] [/storage/sdcard0]
D/S4URC   ( 3585): [SDK] [android.os.Environment] [getExternalStorageDirectory] [DirectoryPath][String] [/storage/sdcard0]
D/S4URC   ( 3585): [SDK] [java.io.File] [getPath] [FilePath][String] [/storage/sdcard0]
D/S4URC   ( 3585): [SDK] [java.io.File] [exists] [FilePath][String] [/data/data/com.entrance.activitk/cache]
D/S4URC   ( 3585): [SDK] [java.io.File] [Constructor] [FilePath][String] [/data/data/com.entrance.activitk/cache]
D/S4URC   ( 3666): [SDK] [java.lang.Class] [forName] [FindClass][String] [android.telephony.TelephonyManager]
D/S4URC   ( 3585): [SDK] [java.io.File] [exists] [FilePath][String] [/data/data/com.entrance.activitk/cache]
D/S4URC   ( 3585): [SDK] [java.io.File] [Constructor] [FilePath][String] [/data/data/com.entrance.activitk/cache/com.entrance.activitk]
D/S4URC   ( 3585): [SDK] [java.io.File] [exists] [FilePath][String] [/data/data/com.entrance.activitk/cache/com.entrance.activitk]
D/S4URC   ( 3585): [SDK] [java.io.File] [Constructor] [FilePath][String] [/data/data/com.entrance.activitk/cache/com.entrance.activitk/store2cnt.st]
D/S4URC   ( 3585): [SDK] [java.io.File] [exists] [FilePath][String] [/data/data/com.entrance.activitk/cache/com.entrance.activitk/store2cnt.st]
D/S4URC   ( 3585): [SDK] [java.io.File] [isFile] [FilePath][String] [/data/data/com.entrance.activitk/cache/com.entrance.activitk/store2cnt.st]
D/S4URC   ( 3585): [SDK] [java.io.File] [Constructor] [FilePath][String] [/data/data/com.entrance.activitk/cache/com.entrance.activitk/store2cnt.st]
D/S4URC   ( 3585): [SDK] [java.io.File] [isFile] [FilePath][String] [/data/data/com.entrance.activitk/cache/com.entrance.activitk/store2cnt.st]
D/S4URC   ( 3666): [SDK] [java.lang.Class] [forName] [FindClass][String] [android.os.Debug]
D/S4URC   ( 3585): [SDK] [java.io.File] [getPath] [FilePath][String] [/data/data/com.entrance.activitk/cache/com.entrance.activitk/store2cnt.st]
D/S4URC   ( 3666): [SDK] [java.lang.Class] [forName] [FindClass][String] [android.hardware.SensorManager]
D/S4URC   ( 3585): [SDK] [java.io.File] [Constructor] [FilePath][String] [/storage/sdcard0]
D/S4URC   ( 3585): [SDK] [android.os.Environment] [getExternalStorageState] [ExternalStorageState][String] [mounted]
D/S4URC   ( 3585): [SDK] [javax.crypto.Cipher][doFinal] [Data][8Fi1I2dQHgRs6LFr1ODH+N4PTHOV8uP8] [Return][getExternalCacheDir]
D/S4URC   ( 3585): [SDK] [java.io.File] [Constructor] [FilePath][String] [/storage/sdcard0]
D/S4URC   ( 3585): [SDK] [java.io.File] [Constructor] [FilePath][String] [/storage/sdcard1]
D/S4URC   ( 3585): [SDK] [java.io.File] [exists] [FilePath][String] [/storage/sdcard0/Android/data/com.entrance.activitk/cache]
D/S4URC   ( 3585): [SDK] [java.io.File] [Constructor] [FilePath][String] [/storage/sdcard1/Android/data/com.entrance.activitk/cache]
D/S4URC   ( 3666): [SDK] [java.lang.Class] [forName] [FindClass][String] [android.content.res.ResourcesKey]
D/S4URC   ( 3666): [SDK] [java.lang.Class] [forName] [FindClass][String] [android.app.ResourcesManager]
D/S4URC   ( 3666): [SDK] [java.io.File] [Constructor] [FilePath][String] [/data/app/com.entrance.activitk-1/base.apk]
D/S4URC   ( 3666): [SDK] [java.io.File] [getPath] [FilePath][String] [/data/data/com.entrance.activitk]
D/S4URC   ( 3666): [SDK] [java.io.File] [getPath] [FilePath][String] [/data/data/com.entrance.activitk/cache]
D/S4URC   ( 3633): [SDK] [java.io.File] [getPath] [FilePath][String] [/data/data/com.entrance.activitk]
D/S4URC   ( 3585): [SDK] [java.io.File] [Constructor] [FilePath][String] [/storage/sdcard1]
D/S4URC   ( 3585): [SDK] [java.io.File] [Constructor] [FilePath][String] [/storage/usb2host]
D/S4URC   ( 3666): [SDK] [java.io.File] [getPath] [FilePath][String] [/data/data/com.entrance.activitk/shared_prefs]
D/S4URC   ( 3666): [SDK] [java.io.File] [getPath] [FilePath][String] [/data/data/com.entrance.activitk/shared_prefs/aa.xml]
D/S4URC   ( 3666): [SDK] [java.io.File] [exists] [FilePath][String] [/data/data/com.entrance.activitk/shared_prefs/aa.xml.bak]
D/S4URC   ( 3666): [SDK] [java.io.File] [exists] [FilePath][String] [/data/data/com.entrance.activitk/shared_prefs/aa.xml]
D/S4URC   ( 3666): [SDK] [java.io.File] [getPath] [FilePath][String] [/data/data/com.entrance.activitk/shared_prefs/aa.xml]
D/S4URC   ( 3666): [SDK] [android.content.ContextWrapper][getSharedPreferences] [File][aa.xml] [MODE][MODE_PRIVATE] [Method][getBoolean] [Boolean][root] [Return][false]
D/S4URC   ( 3666): [SDK] [java.io.File] [getPath] [FilePath][String] [/data/data/com.entrance.activitk]
D/S4URC   ( 3666): [SDK] [java.io.File] [exists] [FilePath][String] [/data/data/com.entrance.activitk/files]
D/S4URC   ( 3666): [SDK] [java.io.File] [getPath] [FilePath][String] [/data/data/com.entrance.activitk/files]
D/S4URC   ( 3633): [SDK] [java.io.File] [getPath] [FilePath][String] [/data/data/com.entrance.activitk/shared_prefs/setting.xml]
D/S4URC   ( 3666): [SDK] [java.lang.Class] [forName] [FindClass][String] [com.android.org.conscrypt.OpenSSLContextImpl]
D/S4URC   ( 3633): [SDK] [java.io.File] [getPath] [FilePath][String] [/data/data/com.entrance.activitk/shared_prefs/setting.xml]
D/S4URC   ( 3633): [SDK] [java.lang.Class] [forName] [FindClass][String] [android.telephony.TelephonyManager]
D/S4URC   ( 3585): [SDK] [java.io.File] [exists] [FilePath][String] [/storage/usb2host/Android/data/com.entrance.activitk/cache]
D/S4URC   ( 3585): [SDK] [java.io.File] [mkdirs] [FilePath][String] [/storage/usb2host/Android/data/com.entrance.activitk/cache]
D/S4URC   ( 3585): [SDK] [java.io.File] [exists] [FilePath][String] [/storage/usb2host/Android/data/com.entrance.activitk/cache]
D/S4URC   ( 3585): [SDK] [java.io.File] [Constructor] [FilePath][String] [/storage/usb3device/Android/data/com.entrance.activitk/cache]
D/S4URC   ( 3633): [SDK] [java.lang.Class] [forName] [FindClass][String] [android.telephony.TelephonyManager]
D/S4URC   ( 3585): [SDK] [java.io.File] [Constructor] [FilePath][String] [/storage/sdcard0]
D/S4URC   ( 3585): [SDK] [java.io.File] [Constructor] [FilePath][String] [/storage/sdcard1]
D/S4URC   ( 3585): [SDK] [java.io.File] [Constructor] [FilePath][String] [/storage/usb2host]
D/S4URC   ( 3585): [SDK] [java.io.File] [Constructor] [FilePath][String] [/storage/usb3device]
D/S4URC   ( 3585): [SDK] [java.io.File] [Constructor] [FilePath][String] [/storage/usb3host]
D/S4URC   ( 3585): [SDK] [java.io.File] [exists] [FilePath][String] [/storage/usb3device/Android/data/com.entrance.activitk/cache]
D/S4URC   ( 3585): [SDK] [java.io.File] [mkdirs] [FilePath][String] [/storage/usb3device/Android/data/com.entrance.activitk/cache]
D/S4URC   ( 3585): [SDK] [java.io.File] [exists] [FilePath][String] [/storage/usb3device/Android/data/com.entrance.activitk/cache]
D/S4URC   ( 3585): [SDK] [java.io.File] [Constructor] [FilePath][String] [/storage/usb3host/Android/data/com.entrance.activitk/cache]
D/S4URC   ( 3633): [SDK] [android.app.ApplicationPackageManager] [getPackageInfo] [FindPackageName][String] [com.google.android.webview]
D/S4URC   ( 3585): [SDK] [java.io.File] [Constructor] [FilePath][String] [/storage/sdcard0]
D/S4URC   ( 3585): [SDK] [java.io.File] [Constructor] [FilePath][String] [/storage/sdcard1]
D/S4URC   ( 3585): [SDK] [java.io.File] [Constructor] [FilePath][String] [/storage/usb2host]
D/S4URC   ( 3585): [SDK] [java.io.File] [Constructor] [FilePath][String] [/storage/usb3device]
D/S4URC   ( 3585): [SDK] [java.io.File] [Constructor] [FilePath][String] [/storage/usb3host]
D/S4URC   ( 3633): [SDK] [android.app.ApplicationPackageManager] [getApplicationInfo] [FindApplicationName][String] [com.android.webview]
D/S4URC   ( 3585): [SDK] [java.io.File] [exists] [FilePath][String] [/storage/usb3host/Android/data/com.entrance.activitk/cache]
D/S4URC   ( 3585): [SDK] [java.io.File] [mkdirs] [FilePath][String] [/storage/usb3host/Android/data/com.entrance.activitk/cache]
D/S4URC   ( 3585): [SDK] [java.io.File] [exists] [FilePath][String] [/storage/usb3host/Android/data/com.entrance.activitk/cache]
D/S4URC   ( 3585): [SDK] [java.io.File] [Constructor] [FilePath][String] [/storage/sdcard0/Android/data/com.entrance.activitk/cache]
D/S4URC   ( 3585): [SDK] [java.io.File] [exists] [FilePath][String] [/storage/sdcard0/Android/data/com.entrance.activitk/cache]
D/S4URC   ( 3585): [SDK] [java.io.File] [Constructor] [FilePath][String] [/storage/sdcard0/Android/data/com.entrance.activitk/cache/com.entrance.activitk]
D/S4URC   ( 3585): [SDK] [java.io.File] [exists] [FilePath][String] [/storage/sdcard0/Android/data/com.entrance.activitk/cache/com.entrance.activitk]
D/S4URC   ( 3585): [SDK] [java.io.File] [Constructor] [FilePath][String] [/storage/sdcard0/Android/data/com.entrance.activitk/cache/com.entrance.activitk/store2cnt.st]
D/S4URC   ( 3585): [SDK] [java.io.File] [exists] [FilePath][String] [/storage/sdcard0/Android/data/com.entrance.activitk/cache/com.entrance.activitk/store2cnt.st]
D/S4URC   ( 3585): [SDK] [java.io.File] [isFile] [FilePath][String] [/storage/sdcard0/Android/data/com.entrance.activitk/cache/com.entrance.activitk/store2cnt.st]
D/S4URC   ( 3585): [SDK] [java.io.File] [Constructor] [FilePath][String] [/storage/sdcard0/Android/data/com.entrance.activitk/cache/com.entrance.activitk/store2cnt.st]
D/S4URC   ( 3585): [SDK] [java.io.File] [isFile] [FilePath][String] [/storage/sdcard0/Android/data/com.entrance.activitk/cache/com.entrance.activitk/store2cnt.st]
D/S4URC   ( 3585): [SDK] [java.io.File] [getPath] [FilePath][String] [/storage/sdcard0/Android/data/com.entrance.activitk/cache/com.entrance.activitk/store2cnt.st]
D/S4URC   ( 3585): [SDK] [java.io.File] [Constructor] [FilePath][String] [/storage/sdcard0]
D/S4URC   ( 3585): [SDK] [java.io.File] [Constructor] [FilePath][String] [/storage/sdcard1]
D/S4URC   ( 3585): [SDK] [java.io.File] [Constructor] [FilePath][String] [/storage/usb2host]
D/S4URC   ( 3585): [SDK] [java.io.File] [Constructor] [FilePath][String] [/storage/usb3device]
D/S4URC   ( 3585): [SDK] [java.io.File] [Constructor] [FilePath][String] [/storage/usb3host]
D/S4URC   ( 3585): [SDK] [android.os.Environment] [getExternalStorageState] [ExternalStorageState][String] [mounted]
D/S4URC   ( 3585): [SDK] [java.io.File] [getPath] [FilePath][String] [/storage/sdcard0]
D/S4URC   ( 3585): [SDK] [android.os.Environment] [getExternalStorageDirectory] [DirectoryPath][String] [/storage/sdcard0]
D/S4URC   ( 3585): [SDK] [java.io.File] [getPath] [FilePath][String] [/storage/sdcard0]
D/S4URC   ( 3585): [SDK] [java.io.File] [Constructor] [FilePath][String] [/storage/sdcard0/com.entrance.activitk]
D/S4URC   ( 3585): [SDK] [java.io.File] [exists] [FilePath][String] [/storage/sdcard0/com.entrance.activitk]
D/S4URC   ( 3585): [SDK] [java.io.File] [Constructor] [FilePath][String] [/storage/sdcard0/com.entrance.activitk/com.entrance.activitk]
D/S4URC   ( 3585): [SDK] [java.io.File] [exists] [FilePath][String] [/storage/sdcard0/com.entrance.activitk/com.entrance.activitk]
D/S4URC   ( 3585): [SDK] [java.io.File] [Constructor] [FilePath][String] [/storage/sdcard0/com.entrance.activitk/com.entrance.activitk/store2cnt.st]
D/S4URC   ( 3585): [SDK] [java.io.File] [exists] [FilePath][String] [/storage/sdcard0/com.entrance.activitk/com.entrance.activitk/store2cnt.st]
D/S4URC   ( 3585): [SDK] [java.io.File] [isFile] [FilePath][String] [/storage/sdcard0/com.entrance.activitk/com.entrance.activitk/store2cnt.st]
D/S4URC   ( 3585): [SDK] [java.io.File] [Constructor] [FilePath][String] [/storage/sdcard0/com.entrance.activitk/com.entrance.activitk/store2cnt.st]
D/S4URC   ( 3585): [SDK] [java.io.File] [isFile] [FilePath][String] [/storage/sdcard0/com.entrance.activitk/com.entrance.activitk/store2cnt.st]
D/S4URC   ( 3585): [SDK] [java.io.File] [getPath] [FilePath][String] [/storage/sdcard0/com.entrance.activitk/com.entrance.activitk/store2cnt.st]
D/S4URC   ( 3585): [SDK] [javax.crypto.Cipher][doFinal] [Data][Z2XmCsFFta4=] [Return][LvA]
D/S4URC   ( 3585): [SDK] [javax.crypto.Cipher][doFinal] [Data][24qV1nOdvLYoD9HzXlFf+A==] [Return][libmyplug.jar]
D/S4URC   ( 3585): [SDK] [javax.crypto.Cipher][doFinal] [Data][24qV1nOdvLaaxQHxDNMPHQ==] [Return][libmyplug2.jar]
D/S4URC   ( 3585): [SDK] [javax.crypto.Cipher][doFinal] [Data][24qV1nOdvLYoD9HzXlFf+A==] [Return][libmyplug.jar]
D/S4URC   ( 3585): [SDK] [javax.crypto.Cipher][doFinal] [Data][24qV1nOdvLaaxQHxDNMPHQ==] [Return][libmyplug2.jar]
D/S4URC   ( 3585): [SDK] [javax.crypto.Cipher][doFinal] [Data][vPBrA4MTgabOnqIQZevsaQ==] [Return][last.png]
D/S4URC   ( 3585): [SDK] [javax.crypto.Cipher][doFinal] [Data][rejAOMQ/Vco=] [Return][old.png]
D/S4URC   ( 3585): [SDK] [java.io.File] [Constructor] [FilePath][String] [/storage/sdcard0]
D/S4URC   ( 3585): [SDK] [java.io.File] [Constructor] [FilePath][String] [/storage/sdcard1]
D/S4URC   ( 3585): [SDK] [java.io.File] [Constructor] [FilePath][String] [/storage/usb2host]
D/S4URC   ( 3585): [SDK] [java.io.File] [Constructor] [FilePath][String] [/storage/usb3device]
D/S4URC   ( 3585): [SDK] [java.io.File] [Constructor] [FilePath][String] [/storage/usb3host]
D/S4URC   ( 3585): [SDK] [android.os.Environment] [getExternalStorageState] [ExternalStorageState][String] [mounted]
D/S4URC   ( 3585): [SDK] [java.io.File] [getPath] [FilePath][String] [/storage/sdcard0]
D/S4URC   ( 3585): [SDK] [android.os.Environment] [getExternalStorageDirectory] [DirectoryPath][String] [/storage/sdcard0]
D/S4URC   ( 3585): [SDK] [java.io.File] [getPath] [FilePath][String] [/storage/sdcard0]
D/S4URC   ( 3585): [SDK] [java.io.File] [exists] [FilePath][String] [/data/data/com.entrance.activitk/cache]
D/S4URC   ( 3585): [SDK] [java.io.File] [Constructor] [FilePath][String] [/data/data/com.entrance.activitk/cache]
D/S4URC   ( 3585): [SDK] [java.io.File] [exists] [FilePath][String] [/data/data/com.entrance.activitk/cache]
D/S4URC   ( 3585): [SDK] [javax.crypto.Cipher][doFinal] [Data][/+c7Dnzp2Sc=] [Return][mypng]
D/S4URC   ( 3585): [SDK] [java.io.File] [Constructor] [FilePath][String] [/data/data/com.entrance.activitk/cache/mypng]
D/S4URC   ( 3585): [SDK] [java.io.File] [exists] [FilePath][String] [/data/data/com.entrance.activitk/cache/mypng]
D/S4URC   ( 3585): [SDK] [java.io.File] [Constructor] [FilePath][String] [/data/data/com.entrance.activitk/cache/mypng/last.png]
D/S4URC   ( 3585): [SDK] [java.io.File] [Constructor] [FilePath][String] [/data/data/com.entrance.activitk/cache/mypng/old.png]
D/S4URC   ( 3585): [SDK] [java.io.File] [exists] [FilePath][String] [/data/data/com.entrance.activitk/cache/mypng/last.png]
D/S4URC   ( 3585): [SDK] [java.io.File] [exists] [FilePath][String] [/data/data/com.entrance.activitk/cache/mypng/old.png]
D/S4URC   ( 3585): [SDK] [java.io.File] [Constructor] [FilePath][String] [/storage/sdcard0]
D/S4URC   ( 3585): [SDK] [java.io.File] [Constructor] [FilePath][String] [/storage/sdcard1]
D/S4URC   ( 3585): [SDK] [java.io.File] [Constructor] [FilePath][String] [/storage/usb2host]
D/S4URC   ( 3585): [SDK] [java.io.File] [Constructor] [FilePath][String] [/storage/usb3device]
D/S4URC   ( 3585): [SDK] [java.io.File] [Constructor] [FilePath][String] [/storage/usb3host]
D/S4URC   ( 3585): [SDK] [android.os.Environment] [getExternalStorageState] [ExternalStorageState][String] [mounted]
D/S4URC   ( 3585): [SDK] [java.io.File] [getPath] [FilePath][String] [/storage/sdcard0]
D/S4URC   ( 3585): [SDK] [android.os.Environment] [getExternalStorageDirectory] [DirectoryPath][String] [/storage/sdcard0]
D/S4URC   ( 3585): [SDK] [java.io.File] [getPath] [FilePath][String] [/storage/sdcard0]
D/S4URC   ( 3585): [SDK] [javax.crypto.Cipher][doFinal] [Data][8Fi1I2dQHgRs6LFr1ODH+N4PTHOV8uP8] [Return][getExternalCacheDir]
D/S4URC   ( 3585): [SDK] [java.io.File] [Constructor] [FilePath][String] [/storage/sdcard0/Android/data/com.entrance.activitk/cache]
D/S4URC   ( 3633): [SDK] [android.app.ApplicationPackageManager] [getPackageInfo] [FindPackageName][String] [com.google.android.webview]
