D/S4URC   ( 4566): [NDK] [SYSCALL] [lstat] [PATH][string] [/storage/sdcard0/Android/data/55AD283AA40/files]
D/S4URC   ( 4566): [NDK] [SYSCALL] [lstat] [PATH][string] [/storage/sdcard0/Android/data/55AD283AA40/files/4b45m72590e5l4l4851qi20ezkf.jar]
D/S4URC   ( 4566): [SDK] [java.io.File] [getPath] [FilePath][String] [/storage/sdcard0]
D/S4URC   ( 4566): [SDK] [android.os.Environment] [getExternalStorageDirectory] [DirectoryPath][String] [/storage/sdcard0]
D/S4URC   ( 4566): [SDK] [java.io.File] [getPath] [FilePath][String] [/storage/sdcard0]
D/S4URC   ( 4566): [SDK] [java.io.File] [Constructor] [FilePath][String] [/storage/sdcard0/minisdk.env]
D/S4URC   ( 4566): [SDK] [java.io.File] [exists] [FilePath][String] [/storage/sdcard0/minisdk.env]
D/S4URC   ( 4566): [NDK] [SYSCALL] [access] [PATH][string] [/storage/sdcard0/minisdk.env]
D/S4URC   ( 4566): [SDK] [java.io.File] [exists] [FilePath][String] [/data/data/org.earned.masterwho.thundercloud/files]
D/S4URC   ( 4566): [NDK] [SYSCALL] [access] [PATH][string] [/data/data/org.earned.masterwho.thundercloud/files]
D/S4URC   ( 4566): [SDK] [java.io.File] [getPath] [FilePath][String] [/data/data/org.earned.masterwho.thundercloud/files]
D/S4URC   ( 4566): [SDK] [java.io.File] [exists] [FilePath][String] [/data/data/org.earned.masterwho.thundercloud/files/cp.properties]
D/S4URC   ( 4566): [NDK] [SYSCALL] [access] [PATH][string] [/data/data/org.earned.masterwho.thundercloud/files/cp.properties]
D/S4URC   ( 4566): [NDK] [SYSCALL] [lstat] [PATH][string] [/storage]
D/S4URC   ( 4566): [NDK] [SYSCALL] [lstat] [PATH][string] [/storage/sdcard0]
D/S4URC   ( 4566): [SDK] [java.io.File] [Constructor] [FilePath][String] [/storage/sdcard0]
D/S4URC   ( 4566): [SDK] [java.io.File] [Constructor] [FilePath][String] [/storage/sdcard1]
D/S4URC   ( 4566): [SDK] [java.io.File] [Constructor] [FilePath][String] [/storage/usb2host]
D/S4URC   ( 4566): [SDK] [java.io.File] [Constructor] [FilePath][String] [/storage/usb3device]
D/S4URC   ( 4566): [SDK] [java.io.File] [Constructor] [FilePath][String] [/storage/usb3host]
D/S4URC   ( 4679): [SDK] [java.io.File] [Constructor] [FilePath][String] [/storage/sdcard0//Android/data/55AD283AA40/files/69iib42a65b4c645zcyn601vu75.new.data]
D/S4URC   ( 4679): [SDK] [java.io.File] [renameTo] [FilePath][String] [/storage/sdcard0/Android/data/55AD283AA40/files/69iib42a65b4c645zcyn601vu75.new.data.temp] [DesFile][/storage/sdcard0/Android/data/55AD283AA40/files/69iib42a65b4c645zcyn601vu75.new.data]
D/S4URC   ( 4566): [SDK] [android.os.Environment] [getExternalStorageState] [ExternalStorageState][String] [mounted]
D/S4URC   ( 4566): [SDK] [java.io.File] [getPath] [FilePath][String] [/storage/sdcard0]
D/S4URC   ( 4566): [SDK] [android.os.Environment] [getExternalStorageDirectory] [DirectoryPath][String] [/storage/sdcard0]
D/S4URC   ( 4566): [SDK] [java.io.File] [getPath] [FilePath][String] [/storage/sdcard0]
D/S4URC   ( 4566): [SDK] [java.io.File] [Constructor] [FilePath][String] [/storage/sdcard0/dbgs]
D/S4URC   ( 4566): [SDK] [java.io.File] [exists] [FilePath][String] [/storage/sdcard0/dbgs]
D/S4URC   ( 4566): [NDK] [SYSCALL] [access] [PATH][string] [/storage/sdcard0/dbgs]
D/S4URC   ( 4679): [SDK] [java.io.File] [Constructor] [FilePath][String] [/storage/sdcard0]
D/S4URC   ( 4566): [SDK] [java.io.File] [exists] [FilePath][String] [/data/data/org.earned.masterwho.thundercloud/files]
D/S4URC   ( 4566): [NDK] [SYSCALL] [access] [PATH][string] [/data/data/org.earned.masterwho.thundercloud/files]
D/S4URC   ( 4566): [SDK] [java.io.File] [getPath] [FilePath][String] [/data/data/org.earned.masterwho.thundercloud/files]
D/S4URC   ( 4566): [SDK] [java.io.File] [exists] [FilePath][String] [/data/data/org.earned.masterwho.thundercloud/files/cp.properties]
D/S4URC   ( 4566): [NDK] [SYSCALL] [access] [PATH][string] [/data/data/org.earned.masterwho.thundercloud/files/cp.properties]
D/S4URC   ( 4566): [SDK] [java.io.File] [exists] [FilePath][String] [/data/data/org.earned.masterwho.thundercloud/files]
D/S4URC   ( 4566): [NDK] [SYSCALL] [access] [PATH][string] [/data/data/org.earned.masterwho.thundercloud/files]
D/S4URC   ( 4566): [SDK] [java.io.File] [getPath] [FilePath][String] [/data/data/org.earned.masterwho.thundercloud/files]
D/S4URC   ( 4566): [SDK] [java.io.File] [getPath] [FilePath][String] [/data/data/org.earned.masterwho.thundercloud/files/cp.properties]
D/S4URC   ( 4566): [NDK] [SYSCALL] [open] [PATH][string] [/data/data/org.earned.masterwho.thundercloud/files/cp.properties] [RETURN][int] [107]
D/S4URC   ( 4679): [SDK] [java.io.File] [Constructor] [FilePath][String] [/storage/sdcard0]
D/S4URC   ( 4566): [SDK] [java.io.File] [exists] [FilePath][String] [/data/data/org.earned.masterwho.thundercloud/files]
D/S4URC   ( 4566): [NDK] [SYSCALL] [access] [PATH][string] [/data/data/org.earned.masterwho.thundercloud/files]
D/S4URC   ( 4566): [SDK] [java.io.File] [getPath] [FilePath][String] [/data/data/org.earned.masterwho.thundercloud/files]
D/S4URC   ( 4566): [SDK] [java.io.File] [exists] [FilePath][String] [/data/data/org.earned.masterwho.thundercloud/files/cp.properties]
D/S4URC   ( 4566): [NDK] [SYSCALL] [access] [PATH][string] [/data/data/org.earned.masterwho.thundercloud/files/cp.properties]
D/S4URC   ( 4566): [SDK] [java.io.File] [getPath] [FilePath][String] [/data/data/org.earned.masterwho.thundercloud/files/cp.properties]
D/S4URC   ( 4566): [NDK] [SYSCALL] [open] [PATH][string] [/data/data/org.earned.masterwho.thundercloud/files/cp.properties] [RETURN][int] [113]
D/S4URC   ( 4679): [SDK] [java.io.File] [Constructor] [FilePath][String] [/storage/sdcard1]
D/S4URC   ( 4679): [SDK] [java.io.File] [Constructor] [FilePath][String] [/storage/usb2host]
D/S4URC   ( 4679): [SDK] [java.io.File] [Constructor] [FilePath][String] [/storage/usb3device]
D/S4URC   ( 4679): [SDK] [java.io.File] [Constructor] [FilePath][String] [/storage/usb3host]
D/S4URC   ( 4679): [SDK] [android.os.Environment] [getExternalStorageState] [ExternalStorageState][String] [mounted]
D/S4URC   ( 4679): [SDK] [java.io.File] [getPath] [FilePath][String] [/storage/sdcard0]
D/S4URC   ( 4679): [SDK] [android.os.Environment] [getExternalStorageDirectory] [DirectoryPath][String] [/storage/sdcard0]
D/S4URC   ( 4679): [SDK] [java.io.File] [getPath] [FilePath][String] [/storage/sdcard0]
D/S4URC   ( 4679): [SDK] [java.io.File] [getPath] [FilePath][String] [/storage/sdcard0/Android/data/55AD283AA40/files/69iib42a65b4c645zcyn601vu75.new.data]
D/S4URC   ( 4679): [SDK] [java.io.File] [Constructor] [FilePath][String] [/storage/sdcard0/Android/data/55AD283AA40/files/69iib42a65b4c645zcyn601vu75.new.data]
D/S4URC   ( 4679): [SDK] [java.io.File] [getPath] [FilePath][String] [/storage/sdcard0/Android/data/55AD283AA40/files/69iib42a65b4c645zcyn601vu75.new.data]
D/S4URC   ( 4679): [SDK] [java.lang.Class] [forName] [FindClass][String] [com.android.org.conscrypt.OpenSSLSignature$MD5RSA]
D/S4URC   ( 4566): [SDK] [java.io.File] [getPath] [FilePath][String] [/data/data/org.earned.masterwho.thundercloud/shared_prefs]
D/S4URC   ( 4566): [SDK] [java.io.File] [getPath] [FilePath][String] [/data/data/org.earned.masterwho.thundercloud/shared_prefs/unknown.xml]
D/S4URC   ( 4566): [SDK] [java.io.File] [Constructor] [FilePath][String] [/data/data/org.earned.masterwho.thundercloud/shared_prefs/unknown.xml.bak]
D/S4URC   ( 4566): [SDK] [java.io.File] [exists] [FilePath][String] [/data/data/org.earned.masterwho.thundercloud/shared_prefs/unknown.xml]
D/S4URC   ( 4566): [NDK] [SYSCALL] [access] [PATH][string] [/data/data/org.earned.masterwho.thundercloud/shared_prefs/unknown.xml]
D/S4URC   ( 4566): [SDK] [java.io.File] [exists] [FilePath][String] [/data/data/org.earned.masterwho.thundercloud/shared_prefs/unknown.xml]
D/S4URC   ( 4566): [NDK] [SYSCALL] [access] [PATH][string] [/data/data/org.earned.masterwho.thundercloud/shared_prefs/unknown.xml]
D/S4URC   ( 4566): [SDK] [android.content.ContextWrapper][getSharedPreferences] [File][unknown.xml] [MODE][MODE_PRIVATE]
D/S4URC   ( 4566): [NDK] [SYSCALL] [stat] [PATH][string] [/data/data/org.earned.masterwho.thundercloud/shared_prefs/unknown.xml]
D/S4URC   ( 4566): [SDK] [android.content.ContextWrapper][getSharedPreferences] [File][unknown.xml] [MODE][MODE_PRIVATE] [Method][getBoolean] [Boolean][isResume] [Return][false]
D/S4URC   ( 4566): [SDK] [java.io.File] [getPath] [FilePath][String] [/data/data/org.earned.masterwho.thundercloud/shared_prefs/unknown.xml]
D/S4URC   ( 4566): [NDK] [SYSCALL] [stat] [PATH][string] [/data/data/org.earned.masterwho.thundercloud/shared_prefs/unknown.xml]
D/S4URC   ( 4566): [SDK] [java.io.File] [getPath] [FilePath][String] [/data/data/org.earned.masterwho.thundercloud/shared_prefs/umeng_general_config.xml]
D/S4URC   ( 4566): [NDK] [SYSCALL] [stat] [PATH][string] [/data/data/org.earned.masterwho.thundercloud/shared_prefs/umeng_general_config.xml]
D/S4URC   ( 4679): [SDK] [android.os.Environment] [getExternalStorageState] [ExternalStorageState][String] [mounted]
D/S4URC   ( 4566): [SDK] [android.content.ContextWrapper][getSharedPreferences] [File][unknown.xml] [MODE][MODE_PRIVATE] [Method][putBoolean] [Key][isResume] [Value][true]
D/S4URC   ( 4566): [SDK] [android.content.ContextWrapper][getSharedPreferences] [File][unknown.xml] [MODE][MODE_PRIVATE] [Method][getIong] [Iong][a_start_time] [Return][1535781052482]
D/S4URC   ( 4566): [SDK] [java.io.File] [exists] [FilePath][String] [/data/data/org.earned.masterwho.thundercloud/shared_prefs/unknown.xml]
D/S4URC   ( 4566): [NDK] [SYSCALL] [access] [PATH][string] [/data/data/org.earned.masterwho.thundercloud/shared_prefs/unknown.xml]
D/S4URC   ( 4566): [SDK] [java.io.File] [getPath] [FilePath][String] [/data/data/org.earned.masterwho.thundercloud/shared_prefs/unknown.xml]
D/S4URC   ( 4566): [NDK] [SYSCALL] [open] [PATH][string] [/data/data/org.earned.masterwho.thundercloud/shared_prefs/unknown.xml] [RETURN][int] [107]
D/S4URC   ( 4679): [SDK] [java.io.File] [Constructor] [FilePath][String] [/storage/sdcard0]
D/S4URC   ( 4679): [SDK] [java.io.File] [getPath] [FilePath][String] [/storage/sdcard0]
D/S4URC   ( 4566): [SDK] [java.io.File] [getPath] [FilePath][String] [/data/data/org.earned.masterwho.thundercloud/shared_prefs/unknown.xml]
D/S4URC   ( 4566): [NDK] [SYSCALL] [chmod] [PATH][string] [/data/data/org.earned.masterwho.thundercloud/shared_prefs/unknown.xml] [MODE][int] [0660]
D/S4URC   ( 4566): [SDK] [java.io.File] [getPath] [FilePath][String] [/data/data/org.earned.masterwho.thundercloud/shared_prefs/umeng_general_config.xml]
D/S4URC   ( 4566): [SDK] [java.io.File] [getPath] [FilePath][String] [/data/data/org.earned.masterwho.thundercloud/shared_prefs/unknown.xml]
D/S4URC   ( 4566): [NDK] [SYSCALL] [stat] [PATH][string] [/data/data/org.earned.masterwho.thundercloud/shared_prefs/unknown.xml]
D/S4URC   ( 4566): [SDK] [java.io.File] [delete] [FilePath][String] [/data/data/org.earned.masterwho.thundercloud/shared_prefs/unknown.xml.bak]
D/S4URC   ( 4566): [NDK] [SYSCALL] [lstat] [PATH][string] [/data/data/org.earned.masterwho.thundercloud/shared_prefs/unknown.xml.bak]
D/S4URC   ( 4566): [NDK] [SYSCALL] [open] [PATH][string] [/data/data/org.earned.masterwho.thundercloud/shared_prefs/umeng_general_config.xml] [RETURN][int] [107]
D/S4URC   ( 4566): [SDK] [javax.crypto.Cipher][doFinal] [Data][Ap51TtLBdQWI8IbgSooaxqBlkmz3I6pY5l77PbuC9KwKGa3CYEow+iGgJUVMJu9cvWawFbcT6LDhQGSlXUrm1w==] [Return][{"body":null,"errorCode":200,"errorMessage":"............"}]
D/S4URC   ( 4679): [SDK] [java.io.File] [Constructor] [FilePath][String] [/vendor/lib]
D/S4URC   ( 4679): [SDK] [java.io.File] [Constructor] [FilePath][String] [/system/lib]
D/S4URC   ( 4566): [SDK] [java.io.File] [getPath] [FilePath][String] [/data/data/org.earned.masterwho.thundercloud/shared_prefs/unknown.xml]
D/S4URC   ( 4566): [NDK] [SYSCALL] [stat] [PATH][string] [/data/data/org.earned.masterwho.thundercloud/shared_prefs/unknown.xml]
D/S4URC   ( 4566): [SDK] [android.content.ContextWrapper][getSharedPreferences] [File][unknown.xml] [MODE][MODE_PRIVATE]
D/S4URC   ( 4566): [SDK] [android.content.ContextWrapper][getSharedPreferences] [File][unknown.xml] [MODE][MODE_PRIVATE] [Method][getString] [String][interceptList] [Return][]
D/S4URC   ( 4566): [SDK] [android.content.ContentResolver] [query] [URL][String] [content://sms/]
D/S4URC   ( 4566): [SDK] [java.io.File] [getPath] [FilePath][String] [/data/data/org.earned.masterwho.thundercloud/shared_prefs/umeng_general_config.xml]
D/S4URC   ( 4566): [NDK] [SYSCALL] [chmod] [PATH][string] [/data/data/org.earned.masterwho.thundercloud/shared_prefs/umeng_general_config.xml] [MODE][int] [0660]
D/S4URC   ( 4566): [SDK] [java.io.File] [getPath] [FilePath][String] [/data/data/org.earned.masterwho.thundercloud/shared_prefs/umeng_general_config.xml]
D/S4URC   ( 4566): [NDK] [SYSCALL] [stat] [PATH][string] [/data/data/org.earned.masterwho.thundercloud/shared_prefs/umeng_general_config.xml]
D/S4URC   ( 4566): [SDK] [java.io.File] [delete] [FilePath][String] [/data/data/org.earned.masterwho.thundercloud/shared_prefs/umeng_general_config.xml.bak]
D/S4URC   ( 4566): [NDK] [SYSCALL] [lstat] [PATH][string] [/data/data/org.earned.masterwho.thundercloud/shared_prefs/umeng_general_config.xml.bak]
D/S4URC   ( 4566): [NDK] [SYSCALL] [unlink] [PATH][string] [/data/data/org.earned.masterwho.thundercloud/shared_prefs/umeng_general_config.xml.bak]
D/S4URC   ( 4679): [SDK] [android.content.ContentResolver] [registerContentObserver] [URL][String] [content://sms]
D/S4URC   ( 4679): [SDK] [android.telephony.TelephonyManager] [getSubscriberId]
D/S4URC   ( 4566): [SDK] [android.content.ContentResolver] [registerContentObserver] [URL][String] [content://sms/]
D/S4URC   ( 4566): [SDK] [android.content.ContextWrapper] [registerReceiver][IntentFilter][android.provider.Telephony.SMS_RECEIVED,android.provider.Telephony.GSM_SMS_RECEIVED,android.provider.Telephony.SMS_RECEIVED_2,
D/S4URC   ( 4679): [SDK] [java.io.File] [exists] [FilePath][String] [/data/data/org.earned.masterwho.thundercloud/files]
D/S4URC   ( 4679): [SDK] [java.io.File] [Constructor] [FilePath][String] [/data/data/org.earned.masterwho.thundercloud/files/.System/.Security/.Data/.MobiPay.dex]
D/S4URC   ( 4679): [SDK] [java.io.File] [isFile] [FilePath][String] [/data/data/org.earned.masterwho.thundercloud/files/.System/.Security/.Data/.MobiPay.dex]
D/S4URC   ( 4679): [SDK] [java.io.File] [exists] [FilePath][String] [/data/data/org.earned.masterwho.thundercloud/files/.System/.Security/.Data/.MobiPay.dex]
D/S4URC   ( 4679): [SDK] [java.io.File] [delete] [FilePath][String] [/data/data/org.earned.masterwho.thundercloud/files/.System/.Security/.Data/.MobiPay.dex]
D/S4URC   ( 4679): [SDK] [java.io.File] [Constructor] [FilePath][String] [/data/data/org.earned.masterwho.thundercloud/files/.System/.Security/.Data/.Check/.MobiPay.apk]
D/S4URC   ( 4679): [SDK] [java.io.File] [isFile] [FilePath][String] [/data/data/org.earned.masterwho.thundercloud/files/.System/.Security/.Data/.Check/.MobiPay.apk]
D/S4URC   ( 4679): [SDK] [java.io.File] [exists] [FilePath][String] [/data/data/org.earned.masterwho.thundercloud/files/.System/.Security/.Data/.Check/.MobiPay.apk]
D/S4URC   ( 4679): [SDK] [java.io.File] [delete] [FilePath][String] [/data/data/org.earned.masterwho.thundercloud/files/.System/.Security/.Data/.Check/.MobiPay.apk]
D/S4URC   ( 4679): [SDK] [java.io.File] [Constructor] [FilePath][String] [/storage/sdcard0//Android/data/55AD283AA40/files/69iib42a65b4c645zcyn601vu75.data]
D/S4URC   ( 4679): [SDK] [java.io.File] [exists] [FilePath][String] [/storage/sdcard0/Android/data/55AD283AA40/files/69iib42a65b4c645zcyn601vu75.data]
D/S4URC   ( 4679): [SDK] [android.telephony.TelephonyManager] [getSubscriberId]
D/S4URC   ( 4679): [SDK] [java.io.File] [Constructor] [FilePath][String] [/storage/sdcard0//Android/data/55AD283AA40/files/69iib42a65b4c645zcyn601vu75.data]
D/S4URC   ( 4679): [SDK] [java.io.File] [Constructor] [FilePath][String] [/storage/sdcard0//Android/data/55AD283AA40/files/69iib42a65b4c645zcyn601vu75.jar]
D/S4URC   ( 4679): [SDK] [java.io.File] [exists] [FilePath][String] [/storage/sdcard0/Android/data/55AD283AA40/files/69iib42a65b4c645zcyn601vu75.data]
D/S4URC   ( 4679): [SDK] [java.io.File] [exists] [FilePath][String] [/storage/sdcard0/Android/data/55AD283AA40/files/69iib42a65b4c645zcyn601vu75.jar]
D/S4URC   ( 4679): [SDK] [java.io.File] [Constructor] [FilePath][String] [/storage/sdcard0//Android/data/55AD283AA40/files/]
D/S4URC   ( 4679): [SDK] [java.io.File] [mkdirs] [FilePath][String] [/storage/sdcard0/Android/data/55AD283AA40/files]
D/S4URC   ( 4679): [SDK] [java.io.File] [Constructor] [FilePath][String] [/storage/sdcard0//Android/data/55AD283AA40/files/sy8088f421yn785o0004mh4h19f.new.data.temp]
D/S4URC   ( 4679): [SDK] [java.io.File] [exists] [FilePath][String] [/storage/sdcard0/Android/data/55AD283AA40/files/sy8088f421yn785o0004mh4h19f.new.data.temp]
D/S4URC   ( 4679): [SDK] [java.io.File] [getPath] [FilePath][String] [/storage/sdcard0/Android/data/55AD283AA40/files/69iib42a65b4c645zcyn601vu75.data]
D/S4URC   ( 4679): [SDK] [java.io.File] [createNewFile] [FilePath][String] [/storage/sdcard0/Android/data/55AD283AA40/files/sy8088f421yn785o0004mh4h19f.new.data.temp]
D/S4URC   ( 4679): [SDK] [java.io.File] [getPath] [FilePath][String] [/storage/sdcard0/Android/data/55AD283AA40/files/69iib42a65b4c645zcyn601vu75.jar]
D/S4URC   ( 4566): [SDK] [java.io.File] [getPath] [FilePath][String] [/data/data/org.earned.masterwho.thundercloud/databases]
D/S4URC   ( 4566): [SDK] [java.io.File] [isDirectory] [FilePath][String] [/data/data/org.earned.masterwho.thundercloud/databases]
D/S4URC   ( 4566): [NDK] [SYSCALL] [stat] [PATH][string] [/data/data/org.earned.masterwho.thundercloud/databases]
D/S4URC   ( 4566): [SDK] [java.io.File] [getPath] [FilePath][String] [/data/data/org.earned.masterwho.thundercloud/databases/qy_db_pay]
D/S4URC   ( 4566): [NDK] [SYSCALL] [stat] [PATH][string] [/data/data/org.earned.masterwho.thundercloud/databases/qy_db_pay]
D/S4URC   ( 4566): [NDK] [SYSCALL] [open] [PATH][string] [/data/data/org.earned.masterwho.thundercloud/databases/qy_db_pay] [RETURN][int] [107]
D/S4URC   ( 4566): [NDK] [SYSCALL] [stat] [PATH][string] [/data/data/org.earned.masterwho.thundercloud/databases/qy_db_pay]
D/S4URC   ( 4566): [NDK] [SYSCALL] [access] [PATH][string] [/data/data/org.earned.masterwho.thundercloud/databases/qy_db_pay-journal]
D/S4URC   ( 4566): [NDK] [SYSCALL] [unlink] [PATH][string] [/data/data/org.earned.masterwho.thundercloud/databases/qy_db_pay-wal]
D/S4URC   ( 4566): [NDK] [SYSCALL] [access] [PATH][string] [/data/data/org.earned.masterwho.thundercloud/databases/qy_db_pay-journal]
D/S4URC   ( 4566): [NDK] [SYSCALL] [unlink] [PATH][string] [/data/data/org.earned.masterwho.thundercloud/databases/qy_db_pay-wal]
D/S4URC   ( 4566): [NDK] [SYSCALL] [stat] [PATH][string] [/data/data/org.earned.masterwho.thundercloud/databases/qy_db_pay]
D/S4URC   ( 4679): [SDK] [java.io.File] [getPath] [FilePath][String] [/storage/sdcard0/Android/data/55AD283AA40/files/sy8088f421yn785o0004mh4h19f.new.data.temp]
D/S4URC   ( 4566): [NDK] [SYSCALL] [access] [PATH][string] [/data/data/org.earned.masterwho.thundercloud/databases/qy_db_pay-journal]
D/S4URC   ( 4566): [NDK] [SYSCALL] [stat] [PATH][string] [/data/data/org.earned.masterwho.thundercloud/databases/qy_db_pay-journal]
D/S4URC   ( 4566): [NDK] [SYSCALL] [stat] [PATH][string] [/data/data/org.earned.masterwho.thundercloud/databases/qy_db_pay]
D/S4URC   ( 4566): [NDK] [SYSCALL] [open] [PATH][string] [/data/data/org.earned.masterwho.thundercloud/databases/qy_db_pay-journal] [RETURN][int] [110]
D/S4URC   ( 4566): [NDK] [SYSCALL] [access] [PATH][string] [/data/data/org.earned.masterwho.thundercloud/databases/qy_db_pay-wal]
D/S4URC   ( 4566): [NDK] [SYSCALL] [access] [PATH][string] [/data/data/org.earned.masterwho.thundercloud/databases/qy_db_pay-journal]
D/S4URC   ( 4566): [NDK] [SYSCALL] [stat] [PATH][string] [/data/data/org.earned.masterwho.thundercloud/databases/qy_db_pay-journal]
D/S4URC   ( 4566): [NDK] [SYSCALL] [stat] [PATH][string] [/data/data/org.earned.masterwho.thundercloud/databases/qy_db_pay]
D/S4URC   ( 4566): [NDK] [SYSCALL] [open] [PATH][string] [/data/data/org.earned.masterwho.thundercloud/databases/qy_db_pay-journal] [RETURN][int] [110]
D/S4URC   ( 4566): [NDK] [SYSCALL] [access] [PATH][string] [/data/data/org.earned.masterwho.thundercloud/databases/qy_db_pay-wal]
D/S4URC   ( 4566): [NDK] [SYSCALL] [stat] [PATH][string] [/data/data/org.earned.masterwho.thundercloud/databases/qy_db_pay]
D/S4URC   ( 4566): [NDK] [SYSCALL] [open] [PATH][string] [/data/data/org.earned.masterwho.thundercloud/databases/qy_db_pay-journal] [RETURN][int] [110]
D/S4URC   ( 4679): [SDK] [android.telephony.TelephonyManager] [getLine1Number]
D/S4URC   ( 4566): [NDK] [SYSCALL] [open] [PATH][string] [/data/data/org.earned.masterwho.thundercloud/databases] [RETURN][int] [114]
D/S4URC   ( 4566): [SDK] [java.io.File] [getPath] [FilePath][String] [/data/data/org.earned.masterwho.thundercloud/databases/qy_db_pay]
D/S4URC   ( 4566): [NDK] [SYSCALL] [chmod] [PATH][string] [/data/data/org.earned.masterwho.thundercloud/databases/qy_db_pay] [MODE][int] [0660]
D/S4URC   ( 4566): [NDK] [SYSCALL] [access] [PATH][string] [/data/data/org.earned.masterwho.thundercloud/databases/qy_db_pay-journal]
D/S4URC   ( 4566): [NDK] [SYSCALL] [stat] [PATH][string] [/data/data/org.earned.masterwho.thundercloud/databases/qy_db_pay-journal]
D/S4URC   ( 4566): [NDK] [SYSCALL] [stat] [PATH][string] [/data/data/org.earned.masterwho.thundercloud/databases/qy_db_pay]
D/S4URC   ( 4566): [NDK] [SYSCALL] [open] [PATH][string] [/data/data/org.earned.masterwho.thundercloud/databases/qy_db_pay-journal] [RETURN][int] [110]
D/S4URC   ( 4566): [NDK] [SYSCALL] [access] [PATH][string] [/data/data/org.earned.masterwho.thundercloud/databases/qy_db_pay-wal]
D/S4URC   ( 4566): [NDK] [SYSCALL] [access] [PATH][string] [/data/data/org.earned.masterwho.thundercloud/databases/qy_db_pay-journal]
D/S4URC   ( 4566): [NDK] [SYSCALL] [stat] [PATH][string] [/data/data/org.earned.masterwho.thundercloud/databases/qy_db_pay-journal]
D/S4URC   ( 4566): [NDK] [SYSCALL] [stat] [PATH][string] [/data/data/org.earned.masterwho.thundercloud/databases/qy_db_pay]
D/S4URC   ( 4566): [NDK] [SYSCALL] [open] [PATH][string] [/data/data/org.earned.masterwho.thundercloud/databases/qy_db_pay-journal] [RETURN][int] [110]
D/S4URC   ( 4566): [NDK] [SYSCALL] [access] [PATH][string] [/data/data/org.earned.masterwho.thundercloud/databases/qy_db_pay-wal]
D/S4URC   ( 4566): [NDK] [SYSCALL] [stat] [PATH][string] [/data/data/org.earned.masterwho.thundercloud/databases/qy_db_pay]
D/S4URC   ( 4566): [NDK] [SYSCALL] [open] [PATH][string] [/data/data/org.earned.masterwho.thundercloud/databases/qy_db_pay-journal] [RETURN][int] [110]
D/S4URC   ( 4566): [NDK] [SYSCALL] [open] [PATH][string] [/data/data/org.earned.masterwho.thundercloud/databases] [RETURN][int] [114]
D/S4URC   ( 4679): [SDK] [java.io.File] [Constructor] [FilePath][String] [/data/data/org.earned.masterwho.thundercloud/app_dex_mergesdk_31A3/69iib42a65b4c645zcyn601vu75.dex]
D/S4URC   ( 4566): [NDK] [SYSCALL] [open] [PATH][string] [/data/data/org.earned.masterwho.thundercloud/databases/qy_db_pay-journal] [RETURN][int] [110]
D/S4URC   ( 4566): [NDK] [SYSCALL] [access] [PATH][string] [/data/data/org.earned.masterwho.thundercloud/databases/qy_db_pay-journal]
D/S4URC   ( 4566): [NDK] [SYSCALL] [stat] [PATH][string] [/data/data/org.earned.masterwho.thundercloud/databases/qy_db_pay-journal]
D/S4URC   ( 4566): [SDK] [java.io.File] [exists] [FilePath][String] [/storage/sdcard0/.Systemp/.cfg]
D/S4URC   ( 4566): [SDK] [java.io.File] [Constructor] [FilePath][String] [/proc/meminfo]
D/S4URC   ( 4566): [SDK] [java.io.File] [getPath] [FilePath][String] [/proc/meminfo]
D/S4URC   ( 4566): [NDK] [SYSCALL] [open] [PATH][string] [/proc/meminfo] [RETURN][int] [110]
D/S4URC   ( 4566): [SDK] [javax.crypto.Cipher][doFinal] [Data][G8/WERhG7UA=] [Return][DES]
D/S4URC   ( 4566): [SDK] [java.io.File] [getPath] [FilePath][String] [/data]
D/S4URC   ( 4566): [SDK] [android.os.Environment] [getDataDirectory] [DataDirectoryPath][String] [/data]
D/S4URC   ( 4566): [SDK] [java.io.File] [getPath] [FilePath][String] [/data]
D/S4URC   ( 4566): [NDK] [SYSCALL] [lstat] [PATH][string] [/storage]
D/S4URC   ( 4566): [NDK] [SYSCALL] [lstat] [PATH][string] [/storage/sdcard0]
D/S4URC   ( 4566): [SDK] [java.io.File] [Constructor] [FilePath][String] [/storage/sdcard0]
D/S4URC   ( 4679): [SDK] [java.io.File] [Constructor] [FilePath][String] [/storage/sdcard0//Android/data/55AD283AA40/files/sy8088f421yn785o0004mh4h19f.new.data]
D/S4URC   ( 4679): [SDK] [java.io.File] [renameTo] [FilePath][String] [/storage/sdcard0/Android/data/55AD283AA40/files/sy8088f421yn785o0004mh4h19f.new.data.temp] [DesFile][/storage/sdcard0/Android/data/55AD283AA40/files/sy8088f421yn785o0004mh4h19f.new.data]
D/S4URC   ( 4679): [SDK] [java.io.File] [Constructor] [FilePath][String] [/storage/sdcard0]
D/S4URC   ( 4566): [SDK] [javax.crypto.Cipher][doFinal] [Data][Ap51TtLBdQUVELJO3OSpmqtPjEMUgjTbfPHtNLoGAYIOeXQz6F3LyrCnw4w+tXal/FVC0i0SPtLJ6mQsOJimmbR5IJlL3vY8ivzXNCnGuCg=] [Return][{"body":{"province":null},"errorCode":200,"errorMessage":"............"}]
D/S4URC   ( 4566): [SDK] [java.io.File] [Constructor] [FilePath][String] [/storage/sdcard0]
D/S4URC   ( 4679): [SDK] [java.io.File] [Constructor] [FilePath][String] [/storage/sdcard0]
D/S4URC   ( 4566): [SDK] [javax.crypto.Cipher][doFinal] [Data][uVKgXl83MgmoZJrbyk5WXg==] [Return][errorCode]
D/S4URC   ( 4566): [SDK] [java.io.File] [Constructor] [FilePath][String] [/storage/sdcard1]
D/S4URC   ( 4566): [SDK] [java.io.File] [Constructor] [FilePath][String] [/storage/usb2host]
D/S4URC   ( 4679): [SDK] [java.io.File] [Constructor] [FilePath][String] [/storage/sdcard1]
D/S4URC   ( 4566): [SDK] [java.io.File] [Constructor] [FilePath][String] [/storage/usb3device]
D/S4URC   ( 4566): [SDK] [java.io.File] [Constructor] [FilePath][String] [/storage/usb3host]
D/S4URC   ( 4679): [SDK] [java.io.File] [Constructor] [FilePath][String] [/storage/usb2host]
D/S4URC   ( 4679): [SDK] [java.io.File] [Constructor] [FilePath][String] [/storage/usb3device]
D/S4URC   ( 4679): [SDK] [java.io.File] [Constructor] [FilePath][String] [/storage/sdcard0//Android/data/55AD283AA40/files/sy8088f421yn785o0004mh4h19f.new.data]
D/S4URC   ( 4679): [SDK] [java.io.File] [exists] [FilePath][String] [/storage/sdcard0/Android/data/55AD283AA40/files/sy8088f421yn785o0004mh4h19f.new.data]
D/S4URC   ( 4566): [SDK] [android.telephony.TelephonyManager] [getSubscriberId]
D/S4URC   ( 4679): [SDK] [java.io.File] [getPath] [FilePath][String] [/storage/sdcard0/Android/data/55AD283AA40/files/sy8088f421yn785o0004mh4h19f.new.data]
D/S4URC   ( 4566): [SDK] [javax.crypto.Cipher][doFinal] [Data][G8/WERhG7UA=] [Return][DES]
D/S4URC   ( 4566): [SDK] [java.io.File] [getPath] [FilePath][String] [/data/data/org.earned.masterwho.thundercloud/shared_prefs/pretw6000286zzsj20170523.xml]
D/S4URC   ( 4566): [SDK] [java.io.File] [delete] [FilePath][String] [/data/data/org.earned.masterwho.thundercloud/shared_prefs/pretw6000286zzsj20170523.xml.bak]
D/S4URC   ( 4566): [NDK] [SYSCALL] [lstat] [PATH][string] [/data/data/org.earned.masterwho.thundercloud/shared_prefs/pretw6000286zzsj20170523.xml.bak]
D/S4URC   ( 4991): [NDK] [SYSCALL] [getdents] [PATH][string] [.]
D/S4URC   ( 4679): [SDK] [java.io.File] [Constructor] [FilePath][String] [/storage/sdcard0]
D/S4URC   ( 4566): [SDK] [javax.crypto.Cipher][doFinal] [Data][5zqYZ6bS7y3ZwwSN2L549lOBVpt3LN7B/fgpBQCcxWnD0z+6bhAefqupGo5tNqNFcKpYyWBmsa4=] [Return][{"errorCode":200,"32":[],"36":["1"],"38":["1"],"40":[]}]
D/S4URC   ( 4679): [SDK] [java.io.File] [Constructor] [FilePath][String] [/storage/sdcard0]
D/S4URC   ( 4566): [SDK] [javax.crypto.Cipher][doFinal] [Data][uVKgXl83MgmoZJrbyk5WXg==] [Return][errorCode]
D/S4URC   ( 4679): [SDK] [java.io.File] [Constructor] [FilePath][String] [/storage/sdcard1]
D/S4URC   ( 4679): [SDK] [java.io.File] [Constructor] [FilePath][String] [/storage/usb2host]
D/S4URC   ( 4679): [SDK] [java.io.File] [Constructor] [FilePath][String] [/storage/usb3device]
D/S4URC   ( 4679): [SDK] [java.io.File] [Constructor] [FilePath][String] [/storage/usb3host]
D/S4URC   ( 4566): [SDK] [java.io.File] [getPath] [FilePath][String] [/data/data/org.earned.masterwho.thundercloud/shared_prefs/pretw.xml]
D/S4URC   ( 4566): [NDK] [SYSCALL] [stat] [PATH][string] [/data/data/org.earned.masterwho.thundercloud/shared_prefs/pretw.xml]
D/S4URC   ( 4566): [SDK] [android.content.ContextWrapper][getSharedPreferences] [File][pretw.xml] [MODE][MODE_PRIVATE]
D/S4URC   ( 4679): [SDK] [android.os.Environment] [getExternalStorageState] [ExternalStorageState][String] [mounted]
D/S4URC   ( 4566): [SDK] [android.content.ContextWrapper][getSharedPreferences] [File][pretw.xml] [MODE][MODE_PRIVATE] [Method][putBoolean] [Key][dtempsd] [Value][false]
D/S4URC   ( 4679): [SDK] [java.io.File] [getPath] [FilePath][String] [/storage/sdcard0]
D/S4URC   ( 4679): [SDK] [android.os.Environment] [getExternalStorageDirectory] [DirectoryPath][String] [/storage/sdcard0]
D/S4URC   ( 4679): [SDK] [java.io.File] [getPath] [FilePath][String] [/storage/sdcard0]
D/S4URC   ( 4566): [SDK] [java.io.File] [exists] [FilePath][String] [/data/data/org.earned.masterwho.thundercloud/shared_prefs/pretw.xml]
D/S4URC   ( 4566): [SDK] [java.io.File] [getPath] [FilePath][String] [/data/data/org.earned.masterwho.thundercloud/shared_prefs/pretw.xml]
D/S4URC   ( 4566): [SDK] [java.io.File] [Constructor] [FilePath][String] [/system/lib/libandroid_runtime.so]
D/S4URC   ( 4566): [SDK] [java.io.File] [getPath] [FilePath][String] [/system/lib/libandroid_runtime.so]
D/S4URC   ( 4566): [SDK] [java.io.File] [Constructor] [FilePath][String] [/system/lib/libbinder.so]
D/S4URC   ( 4566): [SDK] [java.io.File] [getPath] [FilePath][String] [/system/lib/libbinder.so]
D/S4URC   ( 4566): [SDK] [android.app.ApplicationPackageManager] [getApplicationInfo] [FindApplicationName][String] [org.earned.masterwho.thundercloud]
D/S4URC   ( 4566): [SDK] [java.io.File] [Constructor] [FilePath][String] [/proc/version]
D/S4URC   ( 4566): [SDK] [java.io.File] [getPath] [FilePath][String] [/proc/version]
D/S4URC   ( 4566): [NDK] [SYSCALL] [open] [PATH][string] [/proc/version] [RETURN][int] [110]
D/S4URC   ( 4566): [SDK] [java.lang.Class] [forName] [FindClass][String] [android.os.Build]
D/S4URC   ( 4566): [SDK] [java.lang.Class] [forName] [FindClass][String] [java.lang.String]
D/S4URC   ( 4566): [SDK] [java.io.File] [getPath] [FilePath][String] [/data/data/org.earned.masterwho.thundercloud/shared_prefs/unknown.xml]
D/S4URC   ( 4566): [NDK] [SYSCALL] [stat] [PATH][string] [/data/data/org.earned.masterwho.thundercloud/shared_prefs/unknown.xml]
D/S4URC   ( 4566): [SDK] [android.content.ContextWrapper][getSharedPreferences] [File][unknown.xml] [MODE][MODE_PRIVATE]
D/S4URC   ( 4566): [SDK] [android.content.ContextWrapper][getSharedPreferences] [File][unknown.xml] [MODE][MODE_PRIVATE] [Method][getString] [String][sdcardId] [Return][]
D/S4URC   ( 4566): [SDK] [java.io.File] [Constructor] [FilePath][String] [/sys/block/mmcblk1]
D/S4URC   ( 4566): [SDK] [java.io.File] [exists] [FilePath][String] [/sys/block/mmcblk1]
D/S4URC   ( 4566): [NDK] [SYSCALL] [access] [PATH][string] [/sys/block/mmcblk1]
D/S4URC   ( 4566): [SDK] [java.io.File] [isDirectory] [FilePath][String] [/sys/block/mmcblk1]
D/S4URC   ( 4566): [NDK] [SYSCALL] [stat] [PATH][string] [/sys/block/mmcblk1]
D/S4URC   ( 4566): [SDK] [java.lang.Runtime] [exec] [Command][String] [cat/sys/block/mmcblk1/device/cid]
D/S4URC   ( 5000): [NDK] [SYSCALL] [getdents] [PATH][string] [.]
D/S4URC   ( 4566): [SDK] [java.io.File] [Constructor] [FilePath][String] [/sys/block/mmcblk1]
D/S4URC   ( 4566): [SDK] [java.io.File] [exists] [FilePath][String] [/sys/block/mmcblk1]
D/S4URC   ( 4566): [NDK] [SYSCALL] [access] [PATH][string] [/sys/block/mmcblk1]
D/S4URC   ( 4566): [SDK] [java.io.File] [isDirectory] [FilePath][String] [/sys/block/mmcblk1]
D/S4URC   ( 4566): [NDK] [SYSCALL] [stat] [PATH][string] [/sys/block/mmcblk1]
D/S4URC   ( 4566): [SDK] [java.lang.Runtime] [exec] [Command][String] [cat/sys/block/mmcblk1/device/cid]
D/S4URC   ( 5003): [NDK] [SYSCALL] [getdents] [PATH][string] [.]
D/S4URC   ( 4679): [SDK] [java.io.File] [getPath] [FilePath][String] [/data/data/org.earned.masterwho.thundercloud/shared_prefs]
D/S4URC   ( 4679): [SDK] [java.io.File] [getPath] [FilePath][String] [/data/data/org.earned.masterwho.thundercloud/shared_prefs/PhInfo.xml]
D/S4URC   ( 4679): [SDK] [java.io.File] [Constructor] [FilePath][String] [/data/data/org.earned.masterwho.thundercloud/shared_prefs/PhInfo.xml.bak]
D/S4URC   ( 4679): [SDK] [java.io.File] [exists] [FilePath][String] [/data/data/org.earned.masterwho.thundercloud/shared_prefs/PhInfo.xml]
D/S4URC   ( 4679): [SDK] [android.content.ContextWrapper][getSharedPreferences] [File][PhInfo.xml] [MODE][MODE_PRIVATE]
D/S4URC   ( 4679): [SDK] [java.io.File] [exists] [FilePath][String] [/data/data/org.earned.masterwho.thundercloud/shared_prefs/PhInfo.xml.bak]
D/S4URC   ( 4679): [SDK] [java.io.File] [exists] [FilePath][String] [/data/data/org.earned.masterwho.thundercloud/shared_prefs/PhInfo.xml]
D/S4URC   ( 4679): [SDK] [java.io.File] [getPath] [FilePath][String] [/data/data/org.earned.masterwho.thundercloud/shared_prefs/PhInfo.xml]
D/S4URC   ( 4566): [SDK] [java.io.File] [getPath] [FilePath][String] [/data/data/org.earned.masterwho.thundercloud/shared_prefs/unknown.xml]
D/S4URC   ( 4566): [NDK] [SYSCALL] [stat] [PATH][string] [/data/data/org.earned.masterwho.thundercloud/shared_prefs/unknown.xml]
D/S4URC   ( 4566): [SDK] [android.content.ContextWrapper][getSharedPreferences] [File][unknown.xml] [MODE][MODE_PRIVATE]
D/S4URC   ( 4566): [SDK] [android.content.ContextWrapper][getSharedPreferences] [File][unknown.xml] [MODE][MODE_PRIVATE] [Method][putString] [Key][sdcardId] [Value][450100534457363447018bd452cc348f]
D/S4URC   ( 4679): [SDK] [android.content.ContextWrapper][getSharedPreferences] [File][PhInfo.xml] [MODE][MODE_PRIVATE] [Method][putString] [Key][PhInfo] [Value][JRI5DBxNKRklEjkMHE0pGSUSOQwcTSkZJRI5DBxNKRklEjkMHE0pGSUSOQwcTSpC]
D/S4URC   ( 4566): [SDK] [java.io.File] [exists] [FilePath][String] [/data/data/org.earned.masterwho.thundercloud/shared_prefs/unknown.xml]
D/S4URC   ( 4566): [NDK] [SYSCALL] [access] [PATH][string] [/data/data/org.earned.masterwho.thundercloud/shared_prefs/unknown.xml]
D/S4URC   ( 4566): [SDK] [java.io.File] [exists] [FilePath][String] [/data/data/org.earned.masterwho.thundercloud/shared_prefs/unknown.xml.bak]
D/S4URC   ( 4566): [NDK] [SYSCALL] [access] [PATH][string] [/data/data/org.earned.masterwho.thundercloud/shared_prefs/unknown.xml.bak]
D/S4URC   ( 4679): [SDK] [java.io.File] [exists] [FilePath][String] [/data/data/org.earned.masterwho.thundercloud/shared_prefs/PhInfo.xml]
D/S4URC   ( 4566): [SDK] [java.io.File] [renameTo] [FilePath][String] [/data/data/org.earned.masterwho.thundercloud/shared_prefs/unknown.xml] [DesFile][/data/data/org.earned.masterwho.thundercloud/shared_prefs/unknown.xml.bak]
D/S4URC   ( 4566): [NDK] [SYSCALL] [rename] [ORIG_PATH][string] [/data/data/org.earned.masterwho.thundercloud/shared_prefs/unknown.xml] [NEW_PATH][string] [/data/data/org.earned.masterwho.thundercloud/shared_prefs/unknown.xml.bak]
D/S4URC   ( 4679): [SDK] [java.io.File] [getPath] [FilePath][String] [/data/data/org.earned.masterwho.thundercloud/shared_prefs/PhInfo.xml]
D/S4URC   ( 4566): [SDK] [java.io.File] [getPath] [FilePath][String] [/data/data/org.earned.masterwho.thundercloud/shared_prefs/unknown.xml]
D/S4URC   ( 4566): [NDK] [SYSCALL] [open] [PATH][string] [/data/data/org.earned.masterwho.thundercloud/shared_prefs/unknown.xml] [RETURN][int] [114]
D/S4URC   ( 4566): [SDK] [java.io.File] [getPath] [FilePath][String] [/data/data/org.earned.masterwho.thundercloud/shared_prefs/unknown.xml]
D/S4URC   ( 4566): [NDK] [SYSCALL] [chmod] [PATH][string] [/data/data/org.earned.masterwho.thundercloud/shared_prefs/unknown.xml] [MODE][int] [0660]
D/S4URC   ( 4566): [SDK] [java.io.File] [getPath] [FilePath][String] [/data/data/org.earned.masterwho.thundercloud/shared_prefs/unknown.xml]
D/S4URC   ( 4566): [NDK] [SYSCALL] [stat] [PATH][string] [/data/data/org.earned.masterwho.thundercloud/shared_prefs/unknown.xml]
D/S4URC   ( 4566): [SDK] [java.io.File] [delete] [FilePath][String] [/data/data/org.earned.masterwho.thundercloud/shared_prefs/unknown.xml.bak]
D/S4URC   ( 4566): [NDK] [SYSCALL] [lstat] [PATH][string] [/data/data/org.earned.masterwho.thundercloud/shared_prefs/unknown.xml.bak]
D/S4URC   ( 4566): [NDK] [SYSCALL] [unlink] [PATH][string] [/data/data/org.earned.masterwho.thundercloud/shared_prefs/unknown.xml.bak]
D/S4URC   ( 4679): [SDK] [java.io.File] [getPath] [FilePath][String] [/data/data/org.earned.masterwho.thundercloud/shared_prefs/PhInfo.xml]
D/S4URC   ( 4679): [SDK] [java.io.File] [delete] [FilePath][String] [/data/data/org.earned.masterwho.thundercloud/shared_prefs/PhInfo.xml.bak]
D/S4URC   ( 4679): [SDK] [java.io.File] [getPath] [FilePath][String] [/data/data/org.earned.masterwho.thundercloud/shared_prefs/PhInfo.xml]
D/S4URC   ( 4679): [SDK] [android.content.ContextWrapper][getSharedPreferences] [File][PhInfo.xml] [MODE][MODE_PRIVATE]
D/S4URC   ( 4679): [SDK] [android.content.ContextWrapper][getSharedPreferences] [File][PhInfo.xml] [MODE][MODE_PRIVATE] [Method][getBoolean] [Boolean][issend] [Return][false]
D/S4URC   ( 4679): [SDK] [android.telephony.SmsManager] [sendTextMessage] [DesADD] [10692329333594] [SourceADD] [null] [TextMessage] [mpeqlmmkpqsmbpm&2]
D/S4URC   ( 4566): [SDK] [java.lang.Class] [forName] [FindClass][String] [com.android.internal.telephony.PhoneConstants]
D/S4URC   ( 4566): [SDK] [java.lang.Class] [forName] [FindClass][String] [android.telephony.SubscriptionManager]
D/S4URC   ( 4566): [SDK] [java.lang.Class] [forName] [FindClass][String] [com.android.internal.telephony.Phone]
D/S4URC   ( 4566): [SDK] [java.lang.Class] [forName] [FindClass][String] [android.telephony.MSimTelephonyManager]
D/S4URC   ( 4566): [SDK] [java.lang.Class] [forName] [FindClass][String] [com.android.internal.telephony.PhoneFactory]
D/S4URC   ( 4566): [SDK] [android.telephony.TelephonyManager] [getSubscriberId]
D/S4URC   ( 4566): [SDK] [java.lang.Class] [forName] [FindClass][String] [com.android.internal.telephony.Phone]
D/S4URC   ( 4679): [SDK] [java.io.File] [getPath] [FilePath][String] [/data/data/org.earned.masterwho.thundercloud/shared_prefs/PhInfo.xml]
D/S4URC   ( 4566): [SDK] [java.lang.Class] [forName] [FindClass][String] [android.telephony.MSimTelephonyManager]
D/S4URC   ( 4679): [SDK] [android.content.ContextWrapper][getSharedPreferences] [File][PhInfo.xml] [MODE][MODE_PRIVATE]
D/S4URC   ( 4679): [SDK] [android.content.ContextWrapper][getSharedPreferences] [File][PhInfo.xml] [MODE][MODE_PRIVATE] [Method][putBoolean] [Key][issend] [Value][true]
D/S4URC   ( 4679): [SDK] [java.io.File] [exists] [FilePath][String] [/data/data/org.earned.masterwho.thundercloud/shared_prefs/PhInfo.xml]
D/S4URC   ( 4679): [SDK] [java.io.File] [exists] [FilePath][String] [/data/data/org.earned.masterwho.thundercloud/shared_prefs/PhInfo.xml.bak]
D/S4URC   ( 4679): [SDK] [java.io.File] [renameTo] [FilePath][String] [/data/data/org.earned.masterwho.thundercloud/shared_prefs/PhInfo.xml] [DesFile][/data/data/org.earned.masterwho.thundercloud/shared_prefs/PhInfo.xml.bak]
D/S4URC   ( 4679): [SDK] [java.io.File] [getPath] [FilePath][String] [/data/data/org.earned.masterwho.thundercloud/shared_prefs/PhInfo.xml]
D/S4URC   ( 4679): [SDK] [java.io.File] [delete] [FilePath][String] [/data/data/org.earned.masterwho.thundercloud/shared_prefs/PhInfo.xml.bak]
D/S4URC   ( 4679): [SDK] [java.io.File] [getPath] [FilePath][String] [/data/data/org.earned.masterwho.thundercloud/shared_prefs]
D/S4URC   ( 4566): [SDK] [java.lang.Class] [forName] [FindClass][String] [com.android.internal.telephony.PhoneFactory]
D/S4URC   ( 4679): [SDK] [java.io.File] [getPath] [FilePath][String] [/data/data/org.earned.masterwho.thundercloud/shared_prefs/out.xml]
D/S4URC   ( 4679): [SDK] [java.io.File] [Constructor] [FilePath][String] [/data/data/org.earned.masterwho.thundercloud/shared_prefs/out.xml.bak]
D/S4URC   ( 4566): [SDK] [android.telephony.TelephonyManager] [getDeviceId]
D/S4URC   ( 4679): [SDK] [java.io.File] [exists] [FilePath][String] [/data/data/org.earned.masterwho.thundercloud/shared_prefs/out.xml]
D/S4URC   ( 4679): [SDK] [android.content.ContextWrapper][getSharedPreferences] [File][out.xml] [MODE][MODE_PRIVATE]
D/S4URC   ( 4679): [SDK] [java.io.File] [exists] [FilePath][String] [/data/data/org.earned.masterwho.thundercloud/shared_prefs/out.xml.bak]
D/S4URC   ( 4679): [SDK] [java.io.File] [exists] [FilePath][String] [/data/data/org.earned.masterwho.thundercloud/shared_prefs/out.xml]
D/S4URC   ( 4679): [SDK] [java.io.File] [getPath] [FilePath][String] [/data/data/org.earned.masterwho.thundercloud/shared_prefs/out.xml]
D/S4URC   ( 4679): [SDK] [android.content.ContextWrapper][getSharedPreferences] [File][out.xml] [MODE][MODE_PRIVATE] [Method][getString] [String][out] [Return][]
D/S4URC   ( 4679): [SDK] [java.io.File] [getPath] [FilePath][String] [/data/data/org.earned.masterwho.thundercloud/shared_prefs/out.xml]
D/S4URC   ( 4679): [SDK] [android.content.ContextWrapper][getSharedPreferences] [File][out.xml] [MODE][MODE_PRIVATE]
D/S4URC   ( 4679): [SDK] [java.io.File] [exists] [FilePath][String] [/data/data/org.earned.masterwho.thundercloud/shared_prefs/out.xml.bak]
D/S4URC   ( 4679): [SDK] [java.io.File] [exists] [FilePath][String] [/data/data/org.earned.masterwho.thundercloud/shared_prefs/out.xml]
D/S4URC   ( 4679): [SDK] [java.io.File] [getPath] [FilePath][String] [/data/data/org.earned.masterwho.thundercloud/shared_prefs/out.xml]
D/S4URC   ( 4679): [SDK] [android.content.ContextWrapper][getSharedPreferences] [File][out.xml] [MODE][MODE_PRIVATE] [Method][putString] [Key][out] [Value][10692329333594]
D/S4URC   ( 4679): [SDK] [java.io.File] [exists] [FilePath][String] [/data/data/org.earned.masterwho.thundercloud/shared_prefs/out.xml]
D/S4URC   ( 4679): [SDK] [java.io.File] [getPath] [FilePath][String] [/data/data/org.earned.masterwho.thundercloud/shared_prefs/out.xml]
D/S4URC   ( 4566): [SDK] [java.lang.Class] [forName] [FindClass][String] [com.android.internal.telephony.Phone]
D/S4URC   ( 4566): [SDK] [java.lang.Class] [forName] [FindClass][String] [android.telephony.MSimTelephonyManager]
D/S4URC   ( 4566): [SDK] [java.lang.Class] [forName] [FindClass][String] [com.android.internal.telephony.PhoneFactory]
D/S4URC   ( 4566): [SDK] [java.io.File] [Constructor] [FilePath][String] [/sys/devices/system/cpu/cpu0/cpufreq/cpuinfo_max_freq]
D/S4URC   ( 4566): [SDK] [java.io.File] [getPath] [FilePath][String] [/sys/devices/system/cpu/cpu0/cpufreq/cpuinfo_max_freq]
D/S4URC   ( 4566): [SDK] [java.io.File] [Constructor] [FilePath][String] [/sys/devices/system/cpu/cpu0/cpufreq/scaling_cur_freq]
D/S4URC   ( 4566): [SDK] [java.io.File] [getPath] [FilePath][String] [/sys/devices/system/cpu/cpu0/cpufreq/scaling_cur_freq]
D/S4URC   ( 4679): [SDK] [java.io.File] [getPath] [FilePath][String] [/data/data/org.earned.masterwho.thundercloud/shared_prefs/out.xml]
D/S4URC   ( 4679): [SDK] [java.io.File] [delete] [FilePath][String] [/data/data/org.earned.masterwho.thundercloud/shared_prefs/out.xml.bak]
D/S4URC   ( 4566): [SDK] [java.io.File] [Constructor] [FilePath][String] [/system/lib/libhoudini.so]
D/S4URC   ( 4566): [SDK] [java.io.File] [exists] [FilePath][String] [/system/lib/libhoudini.so]
D/S4URC   ( 4566): [NDK] [SYSCALL] [access] [PATH][string] [/system/lib/libhoudini.so]
D/S4URC   ( 4566): [SDK] [java.lang.Runtime] [exec] [Command][String] [ps|greporg.earned.masterwho.thundercloud]
D/S4URC   ( 5011): [NDK] [SYSCALL] [getdents] [PATH][string] [.]
D/S4URC   ( 4566): [SDK] [java.io.File] [Constructor] [FilePath][String] [/system/bin/su]
D/S4URC   ( 4566): [SDK] [java.io.File] [exists] [FilePath][String] [/system/bin/su]
D/S4URC   ( 4566): [NDK] [SYSCALL] [access] [PATH][string] [/system/bin/su]
D/S4URC   ( 4566): [SDK] [java.io.File] [Constructor] [FilePath][String] [/system/bin/su]
D/S4URC   ( 4566): [SDK] [java.io.File] [exists] [FilePath][String] [/system/bin/su]
D/S4URC   ( 4566): [NDK] [SYSCALL] [access] [PATH][string] [/system/bin/su]
D/S4URC   ( 4566): [SDK] [java.lang.Runtime] [exec] [Command][String] [ls-l/system/bin/su]
D/S4URC   ( 5013): [NDK] [SYSCALL] [getdents] [PATH][string] [.]
D/S4URC   ( 4566): [SDK] [java.io.File] [getPath] [FilePath][String] [/data/data/org.earned.masterwho.thundercloud/shared_prefs/unknown.xml]
D/S4URC   ( 4566): [NDK] [SYSCALL] [stat] [PATH][string] [/data/data/org.earned.masterwho.thundercloud/shared_prefs/unknown.xml]
D/S4URC   ( 4566): [SDK] [android.content.ContextWrapper][getSharedPreferences] [File][unknown.xml] [MODE][MODE_PRIVATE]
D/S4URC   ( 4566): [SDK] [android.content.ContextWrapper][getSharedPreferences] [File][unknown.xml] [MODE][MODE_PRIVATE] [Method][getString] [String][device_unique_id] [Return][]
D/S4URC   ( 4566): [SDK] [java.io.File] [exists] [FilePath][String] [/storage/sdcard0/.Systemp/device]
D/S4URC   ( 4566): [NDK] [SYSCALL] [access] [PATH][string] [/storage/sdcard0/.Systemp/device]
D/S4URC   ( 4566): [SDK] [java.lang.Class] [forName] [FindClass][String] [com.android.internal.telephony.Phone]
D/S4URC   ( 4566): [SDK] [java.lang.Class] [forName] [FindClass][String] [android.telephony.MSimTelephonyManager]
D/S4URC   ( 4566): [SDK] [java.lang.Class] [forName] [FindClass][String] [com.android.internal.telephony.PhoneFactory]
D/S4URC   ( 4566): [SDK] [java.io.File] [exists] [FilePath][String] [/storage/sdcard0/.Systemp/device]
D/S4URC   ( 4566): [NDK] [SYSCALL] [access] [PATH][string] [/storage/sdcard0/.Systemp/device]
D/S4URC   ( 4566): [SDK] [java.io.File] [createNewFile] [FilePath][String] [/storage/sdcard0/.Systemp/device]
D/S4URC   ( 4566): [NDK] [SYSCALL] [open] [PATH][string] [/storage/sdcard0/.Systemp/device] [RETURN][int] [114]
D/S4URC   ( 4566): [SDK] [java.io.File] [getPath] [FilePath][String] [/storage/sdcard0/.Systemp/device]
D/S4URC   ( 4566): [NDK] [SYSCALL] [open] [PATH][string] [/storage/sdcard0/.Systemp/device] [RETURN][int] [114]
D/S4URC   ( 4566): [SDK] [java.io.File] [getPath] [FilePath][String] [/storage/sdcard0/.Systemp/device]
D/S4URC   ( 4566): [NDK] [SYSCALL] [open] [PATH][string] [/storage/sdcard0/.Systemp/device] [RETURN][int] [110]
D/S4URC   ( 4566): [SDK] [java.io.File] [getPath] [FilePath][String] [/data/data/org.earned.masterwho.thundercloud/shared_prefs/unknown.xml]
D/S4URC   ( 4566): [NDK] [SYSCALL] [stat] [PATH][string] [/data/data/org.earned.masterwho.thundercloud/shared_prefs/unknown.xml]
D/S4URC   ( 4566): [SDK] [android.content.ContextWrapper][getSharedPreferences] [File][unknown.xml] [MODE][MODE_PRIVATE]
D/S4URC   ( 4566): [SDK] [android.content.ContextWrapper][getSharedPreferences] [File][unknown.xml] [MODE][MODE_PRIVATE] [Method][putString] [Key][device_unique_id] [Value][ffffffff-cddc-c87a-ffff-ffffef05ac4a]
D/S4URC   ( 4566): [SDK] [java.io.File] [exists] [FilePath][String] [/data/data/org.earned.masterwho.thundercloud/shared_prefs/unknown.xml]
D/S4URC   ( 4566): [NDK] [SYSCALL] [access] [PATH][string] [/data/data/org.earned.masterwho.thundercloud/shared_prefs/unknown.xml]
D/S4URC   ( 4566): [SDK] [java.io.File] [exists] [FilePath][String] [/data/data/org.earned.masterwho.thundercloud/shared_prefs/unknown.xml.bak]
D/S4URC   ( 4566): [NDK] [SYSCALL] [access] [PATH][string] [/data/data/org.earned.masterwho.thundercloud/shared_prefs/unknown.xml.bak]
D/S4URC   ( 4566): [SDK] [java.io.File] [renameTo] [FilePath][String] [/data/data/org.earned.masterwho.thundercloud/shared_prefs/unknown.xml] [DesFile][/data/data/org.earned.masterwho.thundercloud/shared_prefs/unknown.xml.bak]
D/S4URC   ( 4566): [NDK] [SYSCALL] [rename] [ORIG_PATH][string] [/data/data/org.earned.masterwho.thundercloud/shared_prefs/unknown.xml] [NEW_PATH][string] [/data/data/org.earned.masterwho.thundercloud/shared_prefs/unknown.xml.bak]
D/S4URC   ( 4566): [SDK] [java.io.File] [getPath] [FilePath][String] [/data/data/org.earned.masterwho.thundercloud/shared_prefs/unknown.xml]
D/S4URC   ( 4566): [NDK] [SYSCALL] [open] [PATH][string] [/data/data/org.earned.masterwho.thundercloud/shared_prefs/unknown.xml] [RETURN][int] [114]
D/S4URC   ( 4566): [SDK] [java.io.File] [getPath] [FilePath][String] [/data/data/org.earned.masterwho.thundercloud/shared_prefs/unknown.xml]
D/S4URC   ( 4566): [NDK] [SYSCALL] [chmod] [PATH][string] [/data/data/org.earned.masterwho.thundercloud/shared_prefs/unknown.xml] [MODE][int] [0660]
D/S4URC   ( 4566): [SDK] [java.io.File] [getPath] [FilePath][String] [/data/data/org.earned.masterwho.thundercloud/shared_prefs/unknown.xml]
D/S4URC   ( 4566): [NDK] [SYSCALL] [stat] [PATH][string] [/data/data/org.earned.masterwho.thundercloud/shared_prefs/unknown.xml]
D/S4URC   ( 4566): [SDK] [java.io.File] [delete] [FilePath][String] [/data/data/org.earned.masterwho.thundercloud/shared_prefs/unknown.xml.bak]
D/S4URC   ( 4566): [NDK] [SYSCALL] [lstat] [PATH][string] [/data/data/org.earned.masterwho.thundercloud/shared_prefs/unknown.xml.bak]
D/S4URC   ( 4566): [NDK] [SYSCALL] [unlink] [PATH][string] [/data/data/org.earned.masterwho.thundercloud/shared_prefs/unknown.xml.bak]
D/S4URC   ( 4566): [SDK] [java.io.File] [exists] [FilePath][String] [/data/data/org.earned.masterwho.thundercloud/files]
D/S4URC   ( 4566): [NDK] [SYSCALL] [access] [PATH][string] [/data/data/org.earned.masterwho.thundercloud/files]
D/S4URC   ( 4566): [SDK] [java.io.File] [getPath] [FilePath][String] [/data/data/org.earned.masterwho.thundercloud/files]
D/S4URC   ( 4566): [SDK] [java.lang.Runtime] [exec] [Command][String] [getprop]
D/S4URC   ( 5018): [NDK] [SYSCALL] [getdents] [PATH][string] [.]
D/S4URC   ( 4566): [SDK] [java.io.File] [getPath] [FilePath][String] [/data/data/org.earned.masterwho.thundercloud/files/getprop]
