D/S4URC   ( 2534): [SDK] [java.io.File] [Constructor] [FilePath][String] [/storage/sdcard1]
D/S4URC   ( 2534): [SDK] [java.io.File] [Constructor] [FilePath][String] [/storage/usb2host]
D/S4URC   ( 2534): [SDK] [java.io.File] [Constructor] [FilePath][String] [/storage/usb3device]
D/S4URC   ( 2534): [SDK] [java.io.File] [Constructor] [FilePath][String] [/storage/usb3host]
D/S4URC   ( 2366): [SDK] [java.lang.Class] [forName] [FindClass][String] [com.android.internal.telephony.PhoneFactory]
D/S4URC   ( 2366): [SDK] [java.lang.Class] [forName] [FindClass][String] [android.telephony.MSimTelephonyManager]
D/S4URC   ( 2366): [SDK] [java.lang.Class] [forName] [FindClass][String] [com.android.internal.telephony.Phone]
D/S4URC   ( 2534): [SDK] [android.os.Environment] [getExternalStorageState] [ExternalStorageState][String] [mounted]
D/S4URC   ( 2534): [SDK] [java.io.File] [getPath] [FilePath][String] [/storage/sdcard0]
D/S4URC   ( 2534): [SDK] [android.os.Environment] [getExternalStorageDirectory] [DirectoryPath][String] [/storage/sdcard0]
D/S4URC   ( 2534): [SDK] [java.io.File] [canRead] [FilePath][String] [/storage/sdcard0]
D/S4URC   ( 2534): [SDK] [java.io.File] [canWrite] [FilePath][String] [/storage/sdcard0]
D/S4URC   ( 2534): [SDK] [java.io.File] [getPath] [FilePath][String] [/storage/sdcard0]
D/S4URC   ( 2534): [SDK] [android.os.Environment] [getExternalStorageDirectory] [DirectoryPath][String] [/storage/sdcard0]
D/S4URC   ( 2366): [SDK] [java.lang.Class] [forName] [FindClass][String] [com.android.internal.telephony.PhoneConstants]
D/S4URC   ( 2534): [SDK] [java.io.File] [Constructor] [FilePath][String] [/storage/sdcard0/zhimeng123.evn]
D/S4URC   ( 2534): [SDK] [java.io.File] [exists] [FilePath][String] [/storage/sdcard0/zhimeng123.evn]
D/S4URC   ( 2366): [SDK] [android.telephony.TelephonyManager] [getDeviceId]
D/S4URC   ( 2366): [SDK] [java.lang.Class] [forName] [FindClass][String] [com.android.internal.telephony.PhoneFactory]
D/S4URC   ( 2366): [SDK] [java.lang.Class] [forName] [FindClass][String] [android.telephony.MSimTelephonyManager]
D/S4URC   ( 2366): [SDK] [java.lang.Class] [forName] [FindClass][String] [com.android.internal.telephony.Phone]
D/S4URC   ( 2534): [SDK] [java.lang.Class] [forName] [FindClass][String] [com.android.org.conscrypt.OpenSSLMessageDigestJDK$MD5]
D/S4URC   ( 2366): [SDK] [java.lang.Class] [forName] [FindClass][String] [com.android.internal.telephony.Phone]
D/S4URC   ( 2366): [SDK] [java.lang.Class] [forName] [FindClass][String] [com.android.internal.telephony.PhoneConstants]
D/S4URC   ( 2534): [SDK] [java.io.File] [getPath] [FilePath][String] [/data/data/com.pdkbic.ttijlhyo/shared_prefs]
D/S4URC   ( 2534): [SDK] [java.io.File] [getPath] [FilePath][String] [/data/data/com.pdkbic.ttijlhyo/shared_prefs/zplugin_query.xml]
D/S4URC   ( 2366): [SDK] [android.telephony.TelephonyManager] [getDeviceId]
D/S4URC   ( 2534): [SDK] [java.io.File] [Constructor] [FilePath][String] [/data/data/com.pdkbic.ttijlhyo/shared_prefs/zplugin_query.xml.bak]
D/S4URC   ( 2534): [SDK] [java.io.File] [exists] [FilePath][String] [/data/data/com.pdkbic.ttijlhyo/shared_prefs/zplugin_query.xml]
D/S4URC   ( 2534): [SDK] [java.io.File] [canRead] [FilePath][String] [/data/data/com.pdkbic.ttijlhyo/shared_prefs/zplugin_query.xml]
D/S4URC   ( 2534): [SDK] [java.io.File] [getPath] [FilePath][String] [/data/data/com.pdkbic.ttijlhyo/shared_prefs/zplugin_query.xml]
D/S4URC   ( 2534): [SDK] [android.content.ContextWrapper][getSharedPreferences] [File][zplugin_query.xml] [MODE][APPEND or MULTI_PROCESS]
D/S4URC   ( 2534): [SDK] [java.io.File] [exists] [FilePath][String] [/data/data/com.pdkbic.ttijlhyo/shared_prefs/zplugin_query.xml.bak]
D/S4URC   ( 2534): [SDK] [java.io.File] [exists] [FilePath][String] [/data/data/com.pdkbic.ttijlhyo/shared_prefs/zplugin_query.xml]
D/S4URC   ( 2534): [SDK] [java.io.File] [canRead] [FilePath][String] [/data/data/com.pdkbic.ttijlhyo/shared_prefs/zplugin_query.xml]
D/S4URC   ( 2534): [SDK] [java.io.File] [getPath] [FilePath][String] [/data/data/com.pdkbic.ttijlhyo/shared_prefs/zplugin_query.xml]
D/S4URC   ( 2534): [SDK] [java.io.File] [canRead] [FilePath][String] [/data/data/com.pdkbic.ttijlhyo/shared_prefs/zplugin_query.xml]
D/S4URC   ( 2534): [SDK] [java.io.File] [getPath] [FilePath][String] [/data/data/com.pdkbic.ttijlhyo/shared_prefs/zplugin_query.xml]
D/S4URC   ( 2366):  [Method][getString] [String][DC_APP_VERSIONCODE] [Return][]
D/S4URC   ( 2366):  [Method][getString] [String][DC_APP_VERSIONNAME] [Return][]
D/S4URC   ( 2366): [SDK] [android.app.ApplicationPackageManager] [getPackageInfo] [FindPackageName][String] [com.pdkbic.ttijlhyo]
D/S4URC   ( 2366): [SDK] [android.content.ContextWrapper][getSharedPreferences] [File][zpay_info.xml] [MODE][MODE_PRIVATE] [Method][putString] [Key][DC_APP_VERSIONCODE] [Value][66894]
D/S4URC   ( 2366): [SDK] [java.io.File] [exists] [FilePath][String] [/data/data/com.pdkbic.ttijlhyo/shared_prefs/dc.053CE9326103161DC37854ECE8E0DBE2.preferences.xml]
D/S4URC   ( 2366): [NDK] [SYSCALL] [access] [PATH][string] [/data/data/com.pdkbic.ttijlhyo/shared_prefs/dc.053CE9326103161DC37854ECE8E0DBE2.preferences.xml]
D/S4URC   ( 2366): [SDK] [java.io.File] [exists] [FilePath][String] [/data/data/com.pdkbic.ttijlhyo/shared_prefs/dc.053CE9326103161DC37854ECE8E0DBE2.preferences.xml.bak]
D/S4URC   ( 2366): [NDK] [SYSCALL] [access] [PATH][string] [/data/data/com.pdkbic.ttijlhyo/shared_prefs/dc.053CE9326103161DC37854ECE8E0DBE2.preferences.xml.bak]
D/S4URC   ( 2534): [SDK] [java.io.File] [getPath] [FilePath][String] [/storage/sdcard0]
D/S4URC   ( 2534): [SDK] [android.os.Environment] [getExternalStorageDirectory] [DirectoryPath][String] [/storage/sdcard0]
D/S4URC   ( 2366): [SDK] [java.io.File] [renameTo] [FilePath][String] [/data/data/com.pdkbic.ttijlhyo/shared_prefs/dc.053CE9326103161DC37854ECE8E0DBE2.preferences.xml] [DesFile][/data/data/com.pdkbic.ttijlhyo/shared_prefs/dc.053CE9326103161DC37854ECE8E0DBE2.preferences.xml.bak]
D/S4URC   ( 2366): [NDK] [SYSCALL] [rename] [ORIG_PATH][string] [/data/data/com.pdkbic.ttijlhyo/shared_prefs/dc.053CE9326103161DC37854ECE8E0DBE2.preferences.xml] [NEW_PATH][string] [/data/data/com.pdkbic.ttijlhyo/shared_prefs/dc.053CE9326103161DC37854ECE8E0DBE2.preferences.xml.bak]
D/S4URC   ( 2534): [SDK] [java.io.File] [Constructor] [FilePath][String] [/storage/sdcard0/Android/data/3949BA59/10ADC.94]
D/S4URC   ( 2534): [SDK] [java.io.File] [exists] [FilePath][String] [/storage/sdcard0/Android/data/3949BA59/10ADC.94]
D/S4URC   ( 2366): [SDK] [java.io.File] [getPath] [FilePath][String] [/data/data/com.pdkbic.ttijlhyo/shared_prefs/dc.053CE9326103161DC37854ECE8E0DBE2.preferences.xml]
D/S4URC   ( 2366): [NDK] [SYSCALL] [open] [PATH][string] [/data/data/com.pdkbic.ttijlhyo/shared_prefs/dc.053CE9326103161DC37854ECE8E0DBE2.preferences.xml] [RETURN][int] [109]
D/S4URC   ( 2534): [SDK] [android.content.ContextWrapper][getSharedPreferences] [File][zplugin_query.xml] [MODE][APPEND or MULTI_PROCESS] [Method][getIong] [Iong][QueryDataReciveTime] [Return][1534126864236]
D/S4URC   ( 2534): [SDK] [android.content.ContextWrapper][getSharedPreferences] [File][zplugin_query.xml] [MODE][APPEND or MULTI_PROCESS] [Method][getIong] [Iong][NextReqInterval] [Return][86400]
D/S4URC   ( 2534): [SDK] [android.telephony.TelephonyManager] [getSubscriberId]
D/S4URC   ( 2366): [SDK] [java.io.File] [getPath] [FilePath][String] [/data/data/com.pdkbic.ttijlhyo/shared_prefs/dc.053CE9326103161DC37854ECE8E0DBE2.preferences.xml]
D/S4URC   ( 2366): [NDK] [SYSCALL] [chmod] [PATH][string] [/data/data/com.pdkbic.ttijlhyo/shared_prefs/dc.053CE9326103161DC37854ECE8E0DBE2.preferences.xml] [MODE][int] [0660]
D/S4URC   ( 2366): [SDK] [java.io.File] [getPath] [FilePath][String] [/data/data/com.pdkbic.ttijlhyo/shared_prefs/dc.053CE9326103161DC37854ECE8E0DBE2.preferences.xml]
D/S4URC   ( 2366): [NDK] [SYSCALL] [stat] [PATH][string] [/data/data/com.pdkbic.ttijlhyo/shared_prefs/dc.053CE9326103161DC37854ECE8E0DBE2.preferences.xml]
D/S4URC   ( 2366): [SDK] [java.io.File] [delete] [FilePath][String] [/data/data/com.pdkbic.ttijlhyo/shared_prefs/dc.053CE9326103161DC37854ECE8E0DBE2.preferences.xml.bak]
D/S4URC   ( 2366): [NDK] [SYSCALL] [lstat] [PATH][string] [/data/data/com.pdkbic.ttijlhyo/shared_prefs/dc.053CE9326103161DC37854ECE8E0DBE2.preferences.xml.bak]
D/S4URC   ( 2366): [NDK] [SYSCALL] [unlink] [PATH][string] [/data/data/com.pdkbic.ttijlhyo/shared_prefs/dc.053CE9326103161DC37854ECE8E0DBE2.preferences.xml.bak]
D/S4URC   ( 2366): [SDK] [android.content.ContextWrapper][getSharedPreferences] [File][zpay_info.xml] [MODE][MODE_PRIVATE] [Method][putString] [Key][DC_APP_VERSIONNAME] [Value][6.8.5--93113]
D/S4URC   ( 2366): [SDK] [java.io.File] [exists] [FilePath][String] [/data/data/com.pdkbic.ttijlhyo/shared_prefs/dc.053CE9326103161DC37854ECE8E0DBE2.preferences.xml]
D/S4URC   ( 2366): [NDK] [SYSCALL] [access] [PATH][string] [/data/data/com.pdkbic.ttijlhyo/shared_prefs/dc.053CE9326103161DC37854ECE8E0DBE2.preferences.xml]
D/S4URC   ( 2366): [SDK] [java.io.File] [exists] [FilePath][String] [/data/data/com.pdkbic.ttijlhyo/shared_prefs/dc.053CE9326103161DC37854ECE8E0DBE2.preferences.xml.bak]
D/S4URC   ( 2366): [NDK] [SYSCALL] [access] [PATH][string] [/data/data/com.pdkbic.ttijlhyo/shared_prefs/dc.053CE9326103161DC37854ECE8E0DBE2.preferences.xml.bak]
D/S4URC   ( 2366): [SDK] [java.io.File] [renameTo] [FilePath][String] [/data/data/com.pdkbic.ttijlhyo/shared_prefs/dc.053CE9326103161DC37854ECE8E0DBE2.preferences.xml] [DesFile][/data/data/com.pdkbic.ttijlhyo/shared_prefs/dc.053CE9326103161DC37854ECE8E0DBE2.preferences.xml.bak]
D/S4URC   ( 2366): [NDK] [SYSCALL] [rename] [ORIG_PATH][string] [/data/data/com.pdkbic.ttijlhyo/shared_prefs/dc.053CE9326103161DC37854ECE8E0DBE2.preferences.xml] [NEW_PATH][string] [/data/data/com.pdkbic.ttijlhyo/shared_prefs/dc.053CE9326103161DC37854ECE8E0DBE2.preferences.xml.bak]
D/S4URC   ( 2366): [SDK] [java.io.File] [getPath] [FilePath][String] [/data/data/com.pdkbic.ttijlhyo/shared_prefs/dc.053CE9326103161DC37854ECE8E0DBE2.preferences.xml]
D/S4URC   ( 2366): [NDK] [SYSCALL] [open] [PATH][string] [/data/data/com.pdkbic.ttijlhyo/shared_prefs/dc.053CE9326103161DC37854ECE8E0DBE2.preferences.xml] [RETURN][int] [109]
D/S4URC   ( 2366): [SDK] [java.io.File] [getPath] [FilePath][String] [/data/data/com.pdkbic.ttijlhyo/shared_prefs/dc.053CE9326103161DC37854ECE8E0DBE2.preferences.xml]
D/S4URC   ( 2366): [NDK] [SYSCALL] [chmod] [PATH][string] [/data/data/com.pdkbic.ttijlhyo/shared_prefs/dc.053CE9326103161DC37854ECE8E0DBE2.preferences.xml] [MODE][int] [0660]
D/S4URC   ( 2366): [SDK] [java.io.File] [getPath] [FilePath][String] [/data/data/com.pdkbic.ttijlhyo/shared_prefs/dc.053CE9326103161DC37854ECE8E0DBE2.preferences.xml]
D/S4URC   ( 2366): [NDK] [SYSCALL] [stat] [PATH][string] [/data/data/com.pdkbic.ttijlhyo/shared_prefs/dc.053CE9326103161DC37854ECE8E0DBE2.preferences.xml]
D/S4URC   ( 2366): [SDK] [java.io.File] [delete] [FilePath][String] [/data/data/com.pdkbic.ttijlhyo/shared_prefs/dc.053CE9326103161DC37854ECE8E0DBE2.preferences.xml.bak]
D/S4URC   ( 2366): [NDK] [SYSCALL] [lstat] [PATH][string] [/data/data/com.pdkbic.ttijlhyo/shared_prefs/dc.053CE9326103161DC37854ECE8E0DBE2.preferences.xml.bak]
D/S4URC   ( 2366): [NDK] [SYSCALL] [unlink] [PATH][string] [/data/data/com.pdkbic.ttijlhyo/shared_prefs/dc.053CE9326103161DC37854ECE8E0DBE2.preferences.xml.bak]
D/S4URC   ( 2366):  [Method][getString] [String][DC_JPush_Registed] [Return][]
D/S4URC   ( 2366):  [Method][getString] [String][DC_XinGe_Registed] [Return][]
D/S4URC   ( 2366): [SDK] [android.content.Intent] [Constructor] [IntentInfo][String] [com.zqsdk.SMS_SENT_SERVICE]
