D/S4URC   ( 3696): [SDK] [android.database.sqlite.SQLiteDatabase] [execSQL] [ExecInfo][String] [create table if not exists download_ad_new (_id integer primary key autoincrement, packagename text, apk_path text, ApkLink text, HistoryId long, ApkSize double, PolicyId long, AdminStatus integer);]
D/S4URC   ( 3743): [SDK] [java.io.File] [renameTo] [FilePath][String] [/data/data/com.kekemobile.facerecog/shared_prefs/googleda.xml] [DesFile][/data/data/com.kekemobile.facerecog/shared_prefs/googleda.xml.bak]
D/S4URC   ( 3743): [SDK] [java.io.File] [getPath] [FilePath][String] [/data/data/com.kekemobile.facerecog/shared_prefs/googleda.xml]
D/S4URC   ( 3696): [SDK] [android.database.sqlite.SQLiteDatabase] [execSQL] [ExecInfo][String] [create table if not exists interstitial_ad_new (_id integer primary key autoincrement, AdType integer, Title text, Content text, ApkLink text, ImageLink text, HistoryId long, ApkSize double, ShowType integer, InstallType integer, PolicyId long, AdminStatus integer);]
D/S4URC   ( 3696): [SDK] [android.database.sqlite.SQLiteDatabase] [execSQL] [ExecInfo][String] [create table if not exists push_apk_new (_id integer primary key autoincrement, packagename text, packageversion integer, packagelabel text, history_id Long, p_policy Long);]
D/S4URC   ( 3696): [SDK] [android.database.sqlite.SQLiteDatabase] [execSQL] [ExecInfo][String] [create table if not exists apk_statics_new (_id integer primary key autoincrement, statics_type text, packagename text, history_id Long, p_policy Long);]
D/S4URC   ( 3696): [SDK] [android.database.sqlite.SQLiteDatabase] [execSQL] [ExecInfo][String] [create table if not exists present_again_new (_id integer primary key autoincrement, insert_time long, packagename text, apk_path text, ApkLink text, HistoryId long, ApkSize double, PolicyId long, AdminStatus integer);]
D/S4URC   ( 3696): [SDK] [android.database.sqlite.SQLiteDatabase] [execSQL] [ExecInfo][String] [create table if not exists mobi_ad_new (_id integer primary key autoincrement, ShowType integer, packagename text, apk_path text, ApkLink text, click_link text, track_link text, ApkSize double, HistoryId long, PolicyId long, AdminStatus integer);]
D/S4URC   ( 3743): [SDK] [java.io.File] [getPath] [FilePath][String] [/data/data/com.kekemobile.facerecog/shared_prefs/googleda.xml]
D/S4URC   ( 3696): [SDK] [android.database.sqlite.SQLiteDatabase] [execSQL] [ExecInfo][String] [create table if not exists install_record_new (_id integer primary key autoincrement, packagename text);]
D/S4URC   ( 3743): [SDK] [java.io.File] [delete] [FilePath][String] [/data/data/com.kekemobile.facerecog/shared_prefs/googleda.xml.bak]
D/S4URC   ( 3696): [SDK] [android.database.sqlite.SQLiteDatabase] [execSQL] [ExecInfo][String] [PRAGMA user_version = 5]
D/S4URC   ( 3743): [SDK] [android.content.ContextWrapper][getSharedPreferences] [File][googleda.xml] [MODE][MODE_PRIVATE] [Method][commit]
D/S4URC   ( 3743): [SDK] [android.database.sqlite.SQLiteDatabase] [execSQL] [ExecInfo][String] [delete from datatable]
D/S4URC   ( 3696):  [Method][getIong] [Iong][upload_applist] [Return][0]
D/S4URC   ( 3696):  [Method][getIong] [Iong][pull_ad_heartbeat] [Return][0]
D/S4URC   ( 3696):  [Method][getIong] [Iong][pull_ad_success] [Return][0]
D/S4URC   ( 3696):  [Method][getIong] [Iong][ad_present] [Return][0]
D/S4URC   ( 3696): [SDK] [android.content.Intent] [Constructor] [IntentInfo][String] [android.intent.action.MAIN]
D/S4URC   ( 3696): [SDK] [android.content.ContextWrapper][getSharedPreferences] [File][moertry.xml] [MODE][MODE_PRIVATE] [Method][putLong] [Key][upload_applist] [Value][1529146075068]
D/S4URC   ( 3696): [SDK] [java.io.File] [exists] [FilePath][String] [/data/data/com.kekemobile.facerecog/shared_prefs/gfprf.xml]
D/S4URC   ( 3743): [SDK] [android.app.ApplicationPackageManager] [getPackageInfo] [FindPackageName][String] [com.kekemobile.facerecog]
D/S4URC   ( 3696): [SDK] [java.io.File] [getPath] [FilePath][String] [/data/data/com.kekemobile.facerecog/shared_prefs/gfprf.xml]
D/S4URC   ( 3743): [SDK] [android.content.ContextWrapper][getSharedPreferences] [File][googleda.xml] [MODE][MODE_PRIVATE]
D/S4URC   ( 3743): [SDK] [android.content.ContextWrapper][getSharedPreferences] [File][googleda.xml] [MODE][MODE_PRIVATE] [Method][getString] [String][imei] [Return][]
D/S4URC   ( 3696): [SDK] [java.io.File] [delete] [FilePath][String] [/data/data/com.kekemobile.facerecog/shared_prefs/gfprf.xml.bak]
D/S4URC   ( 3743): [SDK] [java.io.File] [getPath] [FilePath][String] [/data/data/com.kekemobile.facerecog/shared_prefs]
D/S4URC   ( 3743): [SDK] [java.io.File] [getPath] [FilePath][String] [/data/data/com.kekemobile.facerecog/shared_prefs/kkweb.xml]
D/S4URC   ( 3743): [SDK] [java.io.File] [Constructor] [FilePath][String] [/data/data/com.kekemobile.facerecog/shared_prefs/kkweb.xml.bak]
D/S4URC   ( 3743): [SDK] [java.io.File] [exists] [FilePath][String] [/data/data/com.kekemobile.facerecog/shared_prefs/kkweb.xml]
D/S4URC   ( 3743): [SDK] [android.content.ContextWrapper][getSharedPreferences] [File][kkweb.xml] [MODE][MODE_PRIVATE]
D/S4URC   ( 3696):  [Method][getIong] [Iong][upload_applist] [Return][1529146075068]
D/S4URC   ( 3743): [SDK] [java.io.File] [exists] [FilePath][String] [/data/data/com.kekemobile.facerecog/shared_prefs/kkweb.xml.bak]
D/S4URC   ( 3743): [SDK] [java.io.File] [exists] [FilePath][String] [/data/data/com.kekemobile.facerecog/shared_prefs/kkweb.xml]
D/S4URC   ( 3743): [SDK] [java.io.File] [getPath] [FilePath][String] [/data/data/com.kekemobile.facerecog/shared_prefs/kkweb.xml]
D/S4URC   ( 3743): [SDK] [android.content.ContextWrapper][getSharedPreferences] [File][kkweb.xml] [MODE][MODE_PRIVATE] [Method][getInt] [Int][minlog] [Return][0]
D/S4URC   ( 3696): [SDK] [android.app.ActivityManager] [getRunningTasks]
D/S4URC   ( 3696): [SDK] [android.app.ApplicationPackageManager] [getInstalledPackages]
D/S4URC   ( 3696): [SDK] [android.telephony.TelephonyManager] [getSubscriberId]
D/S4URC   ( 3696):  [Method][getString] [String][phone_id] [Return][]
D/S4URC   ( 3696): [SDK] [android.app.ApplicationPackageManager] [getPackageInfo] [FindPackageName][String] [com.kekemobile.facerecog]
D/S4URC   ( 3696): [SDK] [java.io.File] [Constructor] [FilePath][String] [/storage/sdcard0]
D/S4URC   ( 3696): [SDK] [java.io.File] [Constructor] [FilePath][String] [/proc/version]
D/S4URC   ( 3696): [SDK] [java.io.File] [getPath] [FilePath][String] [/proc/version]
D/S4URC   ( 3696): [SDK] [android.telephony.TelephonyManager] [getSubscriberId]
D/S4URC   ( 3696): [SDK] [java.io.File] [Constructor] [FilePath][String] [/storage/sdcard0]
D/S4URC   ( 3696): [SDK] [java.io.File] [Constructor] [FilePath][String] [/storage/sdcard1]
D/S4URC   ( 3696): [SDK] [java.io.File] [Constructor] [FilePath][String] [/storage/usb2host]
D/S4URC   ( 3743): [SDK] [android.content.ContextWrapper][getSharedPreferences] [File][googleda.xml] [MODE][MODE_PRIVATE]
D/S4URC   ( 3696): [SDK] [java.io.File] [Constructor] [FilePath][String] [/storage/usb3device]
D/S4URC   ( 3743): [SDK] [android.content.ContextWrapper][getSharedPreferences] [File][googleda.xml] [MODE][MODE_PRIVATE] [Method][putString] [Key][imei] [Value][8781d14d0161424]
D/S4URC   ( 3696): [SDK] [java.io.File] [Constructor] [FilePath][String] [/storage/usb3host]
D/S4URC   ( 3743): [SDK] [java.io.File] [exists] [FilePath][String] [/data/data/com.kekemobile.facerecog/shared_prefs/googleda.xml]
D/S4URC   ( 3743): [SDK] [java.io.File] [exists] [FilePath][String] [/data/data/com.kekemobile.facerecog/shared_prefs/googleda.xml.bak]
D/S4URC   ( 3743): [SDK] [java.io.File] [renameTo] [FilePath][String] [/data/data/com.kekemobile.facerecog/shared_prefs/googleda.xml] [DesFile][/data/data/com.kekemobile.facerecog/shared_prefs/googleda.xml.bak]
D/S4URC   ( 3743): [SDK] [java.io.File] [getPath] [FilePath][String] [/data/data/com.kekemobile.facerecog/shared_prefs/googleda.xml]
D/S4URC   ( 3696): [SDK] [android.os.Environment] [getExternalStorageState] [ExternalStorageState][String] [mounted]
D/S4URC   ( 3696): [SDK] [java.io.File] [getPath] [FilePath][String] [/storage/sdcard0]
D/S4URC   ( 3696): [SDK] [android.os.Environment] [getExternalStorageDirectory] [DirectoryPath][String] [/storage/sdcard0]
D/S4URC   ( 3696): [SDK] [java.io.File] [getPath] [FilePath][String] [/storage/sdcard0]
D/S4URC   ( 3696): [SDK] [android.app.ApplicationPackageManager] [getPackageInfo] [FindPackageName][String] [com.kekemobile.facerecog]
D/S4URC   ( 3696): [SDK] [android.telephony.TelephonyManager] [getLine1Number]
D/S4URC   ( 3696): [SDK] [java.lang.Class] [forName] [FindClass][String] [android.os.ServiceManager]
D/S4URC   ( 3696): [SDK] [java.lang.Class] [forName] [FindClass][String] [com.android.internal.app.IUsageStats$Stub]
D/S4URC   ( 3743): [SDK] [java.io.File] [getPath] [FilePath][String] [/data/data/com.kekemobile.facerecog/shared_prefs/googleda.xml]
D/S4URC   ( 3743): [SDK] [java.io.File] [delete] [FilePath][String] [/data/data/com.kekemobile.facerecog/shared_prefs/googleda.xml.bak]
D/S4URC   ( 3743): [SDK] [android.content.ContextWrapper][getSharedPreferences] [File][googleda.xml] [MODE][MODE_PRIVATE] [Method][commit]
D/S4URC   ( 3743): [SDK] [android.app.ApplicationPackageManager] [getApplicationInfo] [FindApplicationName][String] [com.kekemobile.facerecog]
D/S4URC   ( 3743): [SDK] [java.lang.Class] [forName] [FindClass][String] [android.content.pm.PackageInfo]
D/S4URC   ( 3743): [SDK] [android.app.ApplicationPackageManager] [getApplicationInfo] [FindApplicationName][String] [com.kekemobile.facerecog]
D/S4URC   ( 3743): [SDK] [android.telephony.TelephonyManager] [getSubscriberId]
D/S4URC   ( 3743): [SDK] [android.app.ApplicationPackageManager] [getInstalledPackages]
D/S4URC   ( 3743): [SDK] [android.content.ContextWrapper][getSharedPreferences] [File][googleda.xml] [MODE][MODE_PRIVATE]
D/S4URC   ( 3743): [SDK] [android.content.ContextWrapper][getSharedPreferences] [File][googleda.xml] [MODE][MODE_PRIVATE] [Method][getIong] [Iong][GETLINK_TIME] [Return][0]
D/S4URC   ( 3743): [SDK] [android.content.ContextWrapper][getSharedPreferences] [File][googleda.xml] [MODE][MODE_PRIVATE]
D/S4URC   ( 3743): [SDK] [android.content.ContextWrapper][getSharedPreferences] [File][googleda.xml] [MODE][MODE_PRIVATE] [Method][putLong] [Key][GETLINK_TIME] [Value][1529146075173]
D/S4URC   ( 3743): [SDK] [java.io.File] [exists] [FilePath][String] [/data/data/com.kekemobile.facerecog/shared_prefs/googleda.xml]
D/S4URC   ( 3743): [SDK] [java.io.File] [exists] [FilePath][String] [/data/data/com.kekemobile.facerecog/shared_prefs/googleda.xml.bak]
D/S4URC   ( 3743): [SDK] [java.io.File] [renameTo] [FilePath][String] [/data/data/com.kekemobile.facerecog/shared_prefs/googleda.xml] [DesFile][/data/data/com.kekemobile.facerecog/shared_prefs/googleda.xml.bak]
D/S4URC   ( 3743): [SDK] [java.io.File] [getPath] [FilePath][String] [/data/data/com.kekemobile.facerecog/shared_prefs/googleda.xml]
D/S4URC   ( 3696): [SDK] [java.io.File] [Constructor] [FilePath][String] [/proc/cpuinfo]
D/S4URC   ( 3696): [SDK] [java.io.File] [getPath] [FilePath][String] [/proc/cpuinfo]
D/S4URC   ( 3696): [SDK] [java.io.File] [Constructor] [FilePath][String] [/sys/devices/system/cpu/]
D/S4URC   ( 3696): [SDK] [java.io.File] [listFiles] [FilePath][String] [/sys/devices/system/cpu]
D/S4URC   ( 3696): [SDK] [java.io.File] [list] [FilePath][String] [/sys/devices/system/cpu]
D/S4URC   ( 3696): [SDK] [java.io.File] [getPath] [FilePath][String] [/sys/devices/system/cpu]
D/S4URC   ( 3743): [SDK] [java.io.File] [getPath] [FilePath][String] [/data/data/com.kekemobile.facerecog/shared_prefs/googleda.xml]
D/S4URC   ( 3743): [SDK] [java.lang.Class] [forName] [FindClass][String] [com.android.org.bouncycastle.jcajce.provider.symmetric.DES$ECB]
D/S4URC   ( 3743): [SDK] [javax.crypto.spec.SecretKeySpec][Constructor] [KEY][googleda][type][DES][javax.crypto.Cipher][getInstance] [Cipher][DES/CBC/PKCS5Padding] [javax.crypto.Cipher][doFinal] [Data][+2V9ehnp13u3QinfAbTTgJe19F9ud33W] [Return][http://ws.sd4face.com/]
D/S4URC   ( 3743): [SDK] [java.lang.Class] [forName] [FindClass][String] [com.android.org.conscrypt.OpenSSLSocketFactoryImpl]
D/S4URC   ( 3743): [SDK] [java.io.File] [Constructor] [FilePath][String] [/storage/sdcard0]
D/S4URC   ( 3743): [SDK] [android.os.Environment] [getExternalStorageState] [ExternalStorageState][String] [mounted]
D/S4URC   ( 3696): [SDK] [android.os.Environment] [getDataDirectory] [DataDirectoryPath][String] [/data]
D/S4URC   ( 3696): [SDK] [java.io.File] [getPath] [FilePath][String] [/data/data/com.kekemobile.facerecog/shared_prefs/gpac.xml]
D/S4URC   ( 3696): [SDK] [java.io.File] [delete] [FilePath][String] [/data/data/com.kekemobile.facerecog/shared_prefs/gpac.xml.bak]
D/S4URC   ( 3696): [SDK] [android.app.ApplicationPackageManager] [getPackageInfo] [FindPackageName][String] [com.kekemobile.facerecog]
D/S4URC   ( 3696): [SDK] [android.content.ContextWrapper][getSharedPreferences] [File][gpac.xml] [MODE][MODE_PRIVATE] [Method][putLong] [Key][pull_ad_check] [Value][1529146075065]
D/S4URC   ( 3696): [SDK] [java.io.File] [getPath] [FilePath][String] [/data/data/com.kekemobile.facerecog/shared_prefs/gfprf.xml]
D/S4URC   ( 3696): [SDK] [android.content.ContextWrapper] [startService] [Intent] Intent { cmp=com.kekemobile.facerecog/com.gms.push.service.KoalaService (has extras) } [ExtraInfo][key:value][empty:start]
D/S4URC   ( 3696): [SDK] [android.content.ContextWrapper][getSharedPreferences] [File][koala.backend.ylt_sdk_sub26.xml] [MODE][MODE_PRIVATE]
D/S4URC   ( 3696): [SDK] [android.content.ContextWrapper][getSharedPreferences] [File][koala.backend.ylt_sdk_sub26.xml] [MODE][MODE_PRIVATE] [Method][getInt] [Int][date_commit] [Return][166]
D/S4URC   ( 3696): [SDK] [android.app.ApplicationPackageManager] [getApplicationInfo] [FindApplicationName][String] [com.kekemobile.facerecog]
D/S4URC   ( 3696): [SDK] [android.content.ContextWrapper][getSharedPreferences] [File][koala.backend.ylt_sdk_sub26.xml] [MODE][MODE_PRIVATE]
D/S4URC   ( 3696): [SDK] [android.content.ContextWrapper][getSharedPreferences] [File][koala.backend.ylt_sdk_sub26.xml] [MODE][MODE_PRIVATE] [Method][getInt] [Int][data_committed] [Return][0]
D/S4URC   ( 3696): [SDK] [android.content.Intent] [Constructor] [IntentInfo][String] [koala.commit]
D/S4URC   ( 3696): [SDK] [android.app.ApplicationPackageManager] [getApplicationInfo] [FindApplicationName][String] [com.kekemobile.facerecog]
D/S4URC   ( 3696): [SDK] [android.content.ContextWrapper][getSharedPreferences] [File][koala.backend.ylt_sdk_sub26.xml] [MODE][MODE_PRIVATE]
D/S4URC   ( 3696): [SDK] [android.content.ContextWrapper][getSharedPreferences] [File][koala.backend.ylt_sdk_sub26.xml] [MODE][MODE_PRIVATE] [Method][getInt] [Int][koala_new] [Return][-1]
D/S4URC   ( 3696): [SDK] [android.app.ApplicationPackageManager] [getApplicationInfo] [FindApplicationName][String] [com.kekemobile.facerecog]
D/S4URC   ( 3696): [SDK] [android.content.ContextWrapper][getSharedPreferences] [File][koala.backend.ylt_sdk_sub26.xml] [MODE][MODE_PRIVATE]
D/S4URC   ( 3696): [SDK] [android.content.ContextWrapper][getSharedPreferences] [File][koala.backend.ylt_sdk_sub26.xml] [MODE][MODE_PRIVATE] [Method][getString] [String][uid] [Return][6f824d6d-40f0-4ec4-87b8-6c8c55b87c8a]
D/S4URC   ( 3696): [SDK] [android.app.ApplicationPackageManager] [getPackageInfo] [FindPackageName][String] [com.android.vending]
D/S4URC   ( 3696): [SDK] [android.app.ApplicationPackageManager] [getApplicationInfo] [FindApplicationName][String] [com.kekemobile.facerecog]
D/S4URC   ( 3696): [SDK] [java.net] [HttpURLConnection] [URL][String] [http://pidc.acekoala.com/sdk_trc/SDK_NEWUSER_01?app_key=3d2e643922a25686272e97627bf0db95&app_version=4.2&app_channel=ylt_sdk_sub26&uid=6f824d6d-40f0-4ec4-87b8-6c8c55b87c8a&device_api=22&device_model=galaxys5&gp_store=gp_store&next_url=http://123.56.234.134:8080/postData.do]
D/S4URC   ( 3696): [SDK] [android.telephony.TelephonyManager] [getSubscriberId]
D/S4URC   ( 3696): [SDK] [android.content.ContextWrapper][getSharedPreferences] [File][koala.backend.ylt_sdk_sub26.xml] [MODE][MODE_PRIVATE] [Method][getString] [String][phone_id] [Return][]
D/S4URC   ( 3696): [SDK] [android.app.ApplicationPackageManager] [getPackageInfo] [FindPackageName][String] [com.kekemobile.facerecog]
D/S4URC   ( 3696): [SDK] [java.io.File] [getPath] [FilePath][String] [/data/data/com.kekemobile.facerecog/databases]
D/S4URC   ( 3696): [SDK] [java.io.File] [isDirectory] [FilePath][String] [/data/data/com.kekemobile.facerecog/databases]
D/S4URC   ( 3696): [SDK] [java.io.File] [getPath] [FilePath][String] [/data/data/com.kekemobile.facerecog/databases/gpab.db]
D/S4URC   ( 3696): [SDK] [android.content.ContextWrapper][getSharedPreferences] [File][moertry.xml] [MODE][MODE_PRIVATE]
D/S4URC   ( 3696): [SDK] [android.content.ContextWrapper][getSharedPreferences] [File][moertry.xml] [MODE][MODE_PRIVATE] [Method][getIong] [Iong][ppaInstalltime] [Return][1529146074932]
D/S4URC   ( 3696): [SDK] [android.content.ContextWrapper][getSharedPreferences] [File][gpac.xml] [MODE][MODE_PRIVATE]
D/S4URC   ( 3696): [SDK] [android.content.ContextWrapper][getSharedPreferences] [File][gpac.xml] [MODE][MODE_PRIVATE] [Method][getIong] [Iong][installtime] [Return][1529146075237]
D/S4URC   ( 3696): [SDK] [android.content.ContextWrapper][getSharedPreferences] [File][gpac.xml] [MODE][MODE_PRIVATE]
D/S4URC   ( 3696): [SDK] [android.content.ContextWrapper][getSharedPreferences] [File][gpac.xml] [MODE][MODE_PRIVATE] [Method][getIong] [Iong][installtime] [Return][1529146075237]
D/S4URC   ( 3696): [SDK] [android.content.ContextWrapper][getSharedPreferences] [File][gpac.xml] [MODE][MODE_PRIVATE]
D/S4URC   ( 3696): [SDK] [android.content.ContextWrapper][getSharedPreferences] [File][gpac.xml] [MODE][MODE_PRIVATE] [Method][getIong] [Iong][installtime] [Return][1529146075237]
D/S4URC   ( 3696): [SDK] [android.app.ApplicationPackageManager] [getPackageInfo] [FindPackageName][String] [com.kekemobile.facerecog]
D/S4URC   ( 3696): [SDK] [android.content.ContextWrapper][getSharedPreferences] [File][gpac.xml] [MODE][MODE_PRIVATE] [Method][getString] [String][day_policyIds] [Return][]
D/S4URC   ( 3696): [SDK] [java.net] [HttpURLConnection] [URL][String] [http://m.AEDXDRCB.COM/gcview/api/910]
D/S4URC   ( 3696): [SDK] [java.net] [HttpURLConnection] [Request][Method] [POST] [URL][String] [http://m.AEDXDRCB.COM/gcview/api/910]
D/S4URC   ( 3696): [SDK] [android.app.ApplicationPackageManager] [getApplicationInfo] [FindApplicationName][String] [com.kekemobile.facerecog]
D/S4URC   ( 3696): [SDK] [android.content.ContextWrapper][getSharedPreferences] [File][koala.backend.ylt_sdk_sub26.xml] [MODE][MODE_PRIVATE]
D/S4URC   ( 3696): [SDK] [android.content.ContextWrapper][getSharedPreferences] [File][koala.backend.ylt_sdk_sub26.xml] [MODE][MODE_PRIVATE] [Method][putInt] [Key][data_committed] [Value][1]
D/S4URC   ( 3696): [SDK] [java.io.File] [exists] [FilePath][String] [/data/data/com.kekemobile.facerecog/shared_prefs/koala.backend.ylt_sdk_sub26.xml]
D/S4URC   ( 3696): [SDK] [java.io.File] [exists] [FilePath][String] [/data/data/com.kekemobile.facerecog/shared_prefs/koala.backend.ylt_sdk_sub26.xml.bak]
D/S4URC   ( 3696): [SDK] [java.io.File] [renameTo] [FilePath][String] [/data/data/com.kekemobile.facerecog/shared_prefs/koala.backend.ylt_sdk_sub26.xml] [DesFile][/data/data/com.kekemobile.facerecog/shared_prefs/koala.backend.ylt_sdk_sub26.xml.bak]
D/S4URC   ( 3696): [SDK] [java.io.File] [getPath] [FilePath][String] [/data/data/com.kekemobile.facerecog/shared_prefs/koala.backend.ylt_sdk_sub26.xml]
D/S4URC   ( 3696): [SDK] [android.app.ApplicationPackageManager] [getApplicationInfo] [FindApplicationName][String] [com.kekemobile.facerecog]
D/S4URC   ( 3696): [SDK] [android.content.ContextWrapper][getSharedPreferences] [File][koala.backend.ylt_sdk_sub26.xml] [MODE][MODE_PRIVATE]
D/S4URC   ( 3696): [SDK] [android.content.ContextWrapper][getSharedPreferences] [File][koala.backend.ylt_sdk_sub26.xml] [MODE][MODE_PRIVATE] [Method][putInt] [Key][data_committed] [Value][1]
D/S4URC   ( 3696): [SDK] [java.io.File] [exists] [FilePath][String] [/data/data/com.kekemobile.facerecog/shared_prefs/koala.backend.ylt_sdk_sub26.xml]
D/S4URC   ( 3696): [SDK] [android.app.ApplicationPackageManager] [getApplicationInfo] [FindApplicationName][String] [com.kekemobile.facerecog]
D/S4URC   ( 3696): [SDK] [android.content.ContextWrapper][getSharedPreferences] [File][koala.backend.ylt_sdk_sub26.xml] [MODE][MODE_PRIVATE]
D/S4URC   ( 3696): [SDK] [android.content.ContextWrapper][getSharedPreferences] [File][koala.backend.ylt_sdk_sub26.xml] [MODE][MODE_PRIVATE] [Method][putInt] [Key][koala_new] [Value][1]
D/S4URC   ( 3696): [SDK] [java.io.File] [exists] [FilePath][String] [/data/data/com.kekemobile.facerecog/shared_prefs/koala.backend.ylt_sdk_sub26.xml]
D/S4URC   ( 3696): [SDK] [android.telephony.TelephonyManager] [getSubscriberId]
D/S4URC   ( 3696):  [Method][getString] [String][phone_id] [Return][]
D/S4URC   ( 3696): [SDK] [android.app.ApplicationPackageManager] [getPackageInfo] [FindPackageName][String] [com.kekemobile.facerecog]
D/S4URC   ( 3696): [SDK] [java.io.File] [getPath] [FilePath][String] [/data/data/com.kekemobile.facerecog/databases]
D/S4URC   ( 3696): [SDK] [java.io.File] [isDirectory] [FilePath][String] [/data/data/com.kekemobile.facerecog/databases]
D/S4URC   ( 3696): [SDK] [java.io.File] [getPath] [FilePath][String] [/data/data/com.kekemobile.facerecog/databases/gpab.db]
D/S4URC   ( 3696): [SDK] [android.content.ContextWrapper][getSharedPreferences] [File][moertry.xml] [MODE][MODE_PRIVATE]
D/S4URC   ( 3696): [SDK] [android.content.ContextWrapper][getSharedPreferences] [File][moertry.xml] [MODE][MODE_PRIVATE] [Method][getIong] [Iong][ppaInstalltime] [Return][1529146074932]
D/S4URC   ( 3696): [SDK] [android.content.ContextWrapper][getSharedPreferences] [File][gpac.xml] [MODE][MODE_PRIVATE]
D/S4URC   ( 3696): [SDK] [android.content.ContextWrapper][getSharedPreferences] [File][gpac.xml] [MODE][MODE_PRIVATE] [Method][getIong] [Iong][installtime] [Return][1529146075237]
D/S4URC   ( 3696): [SDK] [android.content.ContextWrapper][getSharedPreferences] [File][gpac.xml] [MODE][MODE_PRIVATE]
D/S4URC   ( 3696): [SDK] [android.content.ContextWrapper][getSharedPreferences] [File][gpac.xml] [MODE][MODE_PRIVATE] [Method][getIong] [Iong][installtime] [Return][1529146075237]
D/S4URC   ( 3696): [SDK] [android.content.ContextWrapper][getSharedPreferences] [File][gpac.xml] [MODE][MODE_PRIVATE]
D/S4URC   ( 3696): [SDK] [android.content.ContextWrapper][getSharedPreferences] [File][gpac.xml] [MODE][MODE_PRIVATE] [Method][getIong] [Iong][installtime] [Return][1529146075237]
D/S4URC   ( 3696): [SDK] [android.app.ApplicationPackageManager] [getPackageInfo] [FindPackageName][String] [com.kekemobile.facerecog]
D/S4URC   ( 3696): [SDK] [android.content.ContextWrapper][getSharedPreferences] [File][gpac.xml] [MODE][MODE_PRIVATE] [Method][getString] [String][day_policyIds] [Return][]
D/S4URC   ( 3696): [SDK] [java.net] [HttpURLConnection] [URL][String] [http://m.AEDXDRCB.COM/gcview/api/910]
D/S4URC   ( 3696): [SDK] [java.net] [HttpURLConnection] [Request][Method] [POST] [URL][String] [http://m.AEDXDRCB.COM/gcview/api/910]
D/S4URC   ( 3743): [SDK] [android.content.ContextWrapper][getSharedPreferences] [File][googleda.xml] [MODE][MODE_PRIVATE]
D/S4URC   ( 3743): [SDK] [android.content.ContextWrapper][getSharedPreferences] [File][googleda.xml] [MODE][MODE_PRIVATE] [Method][putBoolean] [Key][sale_state] [Value][false]
D/S4URC   ( 3743): [SDK] [java.io.File] [exists] [FilePath][String] [/data/data/com.kekemobile.facerecog/shared_prefs/googleda.xml]
D/S4URC   ( 3743): [SDK] [android.content.ContextWrapper][getSharedPreferences] [File][googleda.xml] [MODE][MODE_PRIVATE] [Method][commit]
D/S4URC   ( 3743): [SDK] [java.io.File] [getPath] [FilePath][String] [/data/data/com.kekemobile.facerecog/databases]
D/S4URC   ( 3743): [SDK] [java.io.File] [isDirectory] [FilePath][String] [/data/data/com.kekemobile.facerecog/databases]
D/S4URC   ( 3743): [SDK] [java.io.File] [getPath] [FilePath][String] [/data/data/com.kekemobile.facerecog/databases/offline.dataBase]
D/S4URC   ( 3743): [SDK] [java.io.File] [Constructor] [FilePath][String] [/storage/sdcard0]
D/S4URC   ( 3743): [SDK] [java.io.File] [Constructor] [FilePath][String] [/storage/sdcard1]
D/S4URC   ( 3743): [SDK] [java.io.File] [Constructor] [FilePath][String] [/storage/usb2host]
D/S4URC   ( 3743): [SDK] [java.io.File] [Constructor] [FilePath][String] [/storage/usb3device]
D/S4URC   ( 3743): [SDK] [java.io.File] [Constructor] [FilePath][String] [/storage/usb3host]
D/S4URC   ( 3743): [SDK] [android.os.Environment] [getExternalStorageState] [ExternalStorageState][String] [mounted]
D/S4URC   ( 3743): [SDK] [java.io.File] [getPath] [FilePath][String] [/storage/sdcard0]
D/S4URC   ( 3743): [SDK] [android.os.Environment] [getExternalStorageDirectory] [DirectoryPath][String] [/storage/sdcard0]
D/S4URC   ( 3743): [SDK] [java.io.File] [Constructor] [FilePath][String] [/storage/sdcard0/dexfile/300008.jar]
D/S4URC   ( 3743): [SDK] [java.io.File] [exists] [FilePath][String] [/storage/sdcard0/dexfile/300008.jar]
D/S4URC   ( 3743): [SDK] [java.io.File] [Constructor] [FilePath][String] [/storage/sdcard0/dexfile/300008.jar]
D/S4URC   ( 3743): [SDK] [java.io.File] [exists] [FilePath][String] [/storage/sdcard0/dexfile/300008.jar]
D/S4URC   ( 3743): [SDK] [java.io.File] [Constructor] [FilePath][String] [/storage/sdcard0/dexfile/300008.jar]
D/S4URC   ( 3743): [SDK] [java.io.File] [getPath] [FilePath][String] [/storage/sdcard0/dexfile/300008.jar]
D/S4URC   ( 3743): [SDK] [java.io.File] [Constructor] [FilePath][String] [/storage/sdcard0]
D/S4URC   ( 3743): [SDK] [java.io.File] [Constructor] [FilePath][String] [/storage/sdcard1]
D/S4URC   ( 3743): [SDK] [java.io.File] [Constructor] [FilePath][String] [/storage/usb2host]
D/S4URC   ( 3743): [SDK] [java.io.File] [Constructor] [FilePath][String] [/storage/usb3device]
D/S4URC   ( 3743): [SDK] [java.io.File] [Constructor] [FilePath][String] [/storage/usb3host]
D/S4URC   ( 3743): [SDK] [android.os.Environment] [getExternalStorageState] [ExternalStorageState][String] [mounted]
D/S4URC   ( 3743): [SDK] [java.io.File] [getPath] [FilePath][String] [/storage/sdcard0]
D/S4URC   ( 3743): [SDK] [android.os.Environment] [getExternalStorageDirectory] [DirectoryPath][String] [/storage/sdcard0]
D/S4URC   ( 3743): [SDK] [java.io.File] [Constructor] [FilePath][String] [/storage/sdcard0/dexfile/300008.jar]
D/S4URC   ( 3743): [SDK] [java.io.File] [exists] [FilePath][String] [/storage/sdcard0/dexfile/300008.jar]
D/S4URC   ( 3743): [SDK] [java.io.File] [Constructor] [FilePath][String] [/storage/sdcard0/dexfile/300008.jar]
D/S4URC   ( 3743): [SDK] [java.io.File] [exists] [FilePath][String] [/storage/sdcard0/dexfile/300008.jar]
D/S4URC   ( 3743): [SDK] [java.io.File] [Constructor] [FilePath][String] [/storage/sdcard0/dexfile/300008.jar]
D/S4URC   ( 3743): [SDK] [java.io.File] [getPath] [FilePath][String] [/storage/sdcard0/dexfile/300008.jar]
D/S4URC   ( 3743): [SDK] [java.io.File] [getPath] [FilePath][String] [/data/data/com.kekemobile.facerecog]
D/S4URC   ( 3743): [SDK] [java.io.File] [exists] [FilePath][String] [/data/data/com.kekemobile.facerecog/app_dex]
D/S4URC   ( 3743): [SDK] [dalvik.system.DexClassLoader] [Constructor] [DexPath][String] [/storage/sdcard0/dexfile/300008.jar] [NDKPath][String] [null]
D/S4URC   ( 3743): [SDK] [java.io.File] [Constructor] [FilePath][String] [/data/data/com.kekemobile.facerecog/app_dex]
D/S4URC   ( 3743): [SDK] [dalvik.system.BaseDexClassLoader] [Constructor] [DexPath][String] [/storage/sdcard0/dexfile/300008.jar] [NDKPath][String] [null]
D/S4URC   ( 3743): [SDK] [java.io.File] [exists] [FilePath][String] [/data/data/com.kekemobile.facerecog/app_dex]
D/S4URC   ( 3743): [SDK] [java.io.File] [canRead] [FilePath][String] [/data/data/com.kekemobile.facerecog/app_dex]
D/S4URC   ( 3743): [SDK] [java.io.File] [canWrite] [FilePath][String] [/data/data/com.kekemobile.facerecog/app_dex]
D/S4URC   ( 3743): [SDK] [java.io.File] [Constructor] [FilePath][String] [/storage/sdcard0/dexfile/300008.jar]
D/S4URC   ( 3743): [SDK] [java.io.File] [getName] [FilePath][String] [/storage/sdcard0/dexfile/300008.jar]
D/S4URC   ( 3743): [SDK] [java.io.File] [isDirectory] [FilePath][String] [/storage/sdcard0/dexfile/300008.jar]
D/S4URC   ( 3743): [SDK] [java.io.File] [isFile] [FilePath][String] [/storage/sdcard0/dexfile/300008.jar]
D/S4URC   ( 3743): [SDK] [java.io.File] [getName] [FilePath][String] [/storage/sdcard0/dexfile/300008.jar]
D/S4URC   ( 3743): [SDK] [java.io.File] [getPath] [FilePath][String] [/data/data/com.kekemobile.facerecog/app_dex]
D/S4URC   ( 3743): [SDK] [java.io.File] [getPath] [FilePath][String] [/data/data/com.kekemobile.facerecog/app_dex/300008.dex]
D/S4URC   ( 3743): [SDK] [java.io.File] [getPath] [FilePath][String] [/storage/sdcard0/dexfile/300008.jar]
D/S4URC   ( 3743): [SDK] [java.io.File] [Constructor] [FilePath][String] [/data/data/com.kekemobile.facerecog/app_dex/300008.dex]
D/S4URC   ( 3743): [SDK] [java.io.File] [getParent] [FilePath][String] [/data/data/com.kekemobile.facerecog/app_dex/300008.dex]
D/S4URC   ( 3743): [SDK] [dalvik.system.DexFile] [openDexFile] [DexPath][String] [/storage/sdcard0/dexfile/300008.jar]
D/S4URC   ( 3743): [SDK] [java.io.File] [Constructor] [FilePath][String] [/storage/sdcard0/dexfile/300008.jar]
D/S4URC   ( 3743): [SDK] [java.io.File] [Constructor] [FilePath][String] [/data/data/com.kekemobile.facerecog/app_dex/300008.dex]
D/S4URC   ( 3743): [SDK] [java.io.File] [Constructor] [FilePath][String] [/vendor/lib]
D/S4URC   ( 3743): [SDK] [java.io.File] [Constructor] [FilePath][String] [/system/lib]
D/S4URC   ( 3743): [SDK] [android.content.ContextWrapper] [registerReceiver][IntentFilter][android.intent.action.TIME_TICK,android.net.conn.CONNECTIVITY_CHANGE,
D/S4URC   ( 3743): [SDK] [android.content.ContextWrapper][getSharedPreferences] [File][googleda.xml] [MODE][MODE_PRIVATE]
D/S4URC   ( 3743): [SDK] [android.content.ContextWrapper][getSharedPreferences] [File][googleda.xml] [MODE][MODE_PRIVATE] [Method][getIong] [Iong][gprs_sc_gp] [Return][1529146074911]
D/S4URC   ( 3743): [SDK] [android.content.ContextWrapper][getSharedPreferences] [File][googleda.xml] [MODE][MODE_PRIVATE]
D/S4URC   ( 3743): [SDK] [android.content.ContextWrapper][getSharedPreferences] [File][googleda.xml] [MODE][MODE_PRIVATE] [Method][getIong] [Iong][sale_gap] [Return][1529146075001]
D/S4URC   ( 3743): [SDK] [android.app.ApplicationPackageManager] [getPackageInfo] [FindPackageName][String] [com.kekemobile.facerecog]
D/S4URC   ( 3743): [SDK] [android.content.ContextWrapper][getSharedPreferences] [File][kkweb.xml] [MODE][MODE_PRIVATE]
D/S4URC   ( 3743): [SDK] [android.content.ContextWrapper][getSharedPreferences] [File][kkweb.xml] [MODE][MODE_PRIVATE] [Method][getInt] [Int][minlog] [Return][0]
D/S4URC   ( 3743): [SDK] [android.app.ApplicationPackageManager] [getInstalledPackages]
D/S4URC   ( 3743): [SDK] [android.content.ContextWrapper][getSharedPreferences] [File][googleda.xml] [MODE][MODE_PRIVATE]
D/S4URC   ( 3743): [SDK] [android.content.ContextWrapper][getSharedPreferences] [File][googleda.xml] [MODE][MODE_PRIVATE] [Method][getIong] [Iong][GETLINK_TIME] [Return][1529146075173]
D/S4URC   ( 3743): [SDK] [java.io.File] [getPath] [FilePath][String] [/data/data/com.kekemobile.facerecog/databases]
D/S4URC   ( 3743): [SDK] [java.io.File] [isDirectory] [FilePath][String] [/data/data/com.kekemobile.facerecog/databases]
D/S4URC   ( 3743): [SDK] [java.io.File] [getPath] [FilePath][String] [/data/data/com.kekemobile.facerecog/databases/link.dataBase]
D/S4URC   ( 3696): [SDK] [android.content.ContextWrapper][getSharedPreferences] [File][gpac.xml] [MODE][MODE_PRIVATE] [Method][getIong] [Iong][upload_applist] [Return][1529146075068]
D/S4URC   ( 3743): [SDK] [android.database.sqlite.SQLiteDatabase] [execSQL] [ExecInfo][String] [delete from configtable]
D/S4URC   ( 3743): [SDK] [java.io.File] [getPath] [FilePath][String] [/storage/sdcard0]
D/S4URC   ( 3743): [SDK] [android.os.Environment] [getExternalStorageDirectory] [DirectoryPath][String] [/storage/sdcard0]
D/S4URC   ( 3743): [SDK] [java.io.File] [getPath] [FilePath][String] [/storage/sdcard0]
D/S4URC   ( 3743): [SDK] [android.os.Environment] [getExternalStorageDirectory] [DirectoryPath][String] [/storage/sdcard0]
D/S4URC   ( 3743): [SDK] [javax.crypto.spec.SecretKeySpec][Constructor] [KEY][googleda][type][DES][javax.crypto.Cipher][getInstance] [Cipher][DES/CBC/PKCS5Padding] [javax.crypto.Cipher][doFinal] [Data][UN3WG1gA8ctLhCQmkJMSxRp5GLZfREdX2UdFupx0O7s=] [Return][/android/data/system/bin/]
D/S4URC   ( 3743): [SDK] [java.io.File] [getPath] [FilePath][String] [/storage/sdcard0]
D/S4URC   ( 3743): [SDK] [android.os.Environment] [getExternalStorageDirectory] [DirectoryPath][String] [/storage/sdcard0]
D/S4URC   ( 3743): [SDK] [java.io.File] [getPath] [FilePath][String] [/storage/sdcard0]
D/S4URC   ( 3743): [SDK] [android.os.Environment] [getExternalStorageDirectory] [DirectoryPath][String] [/storage/sdcard0]
D/S4URC   ( 3743): [SDK] [android.database.sqlite.SQLiteDatabase] [insert] [Table][String] [configtable]
D/S4URC   ( 3743): [SDK] [android.database.sqlite.SQLiteDatabase] [insert] [Table][String] [datatable]
D/S4URC   ( 3743): [SDK] [android.content.ContextWrapper][getSharedPreferences] [File][googleda.xml] [MODE][MODE_PRIVATE]
D/S4URC   ( 3743): [SDK] [android.content.ContextWrapper][getSharedPreferences] [File][googleda.xml] [MODE][MODE_PRIVATE] [Method][getBoolean] [Boolean][GOOGLE_ONE] [Return][false]
D/S4URC   ( 3743): [SDK] [android.content.ContextWrapper][getSharedPreferences] [File][googleda.xml] [MODE][MODE_PRIVATE]
D/S4URC   ( 3743): [SDK] [android.content.ContextWrapper][getSharedPreferences] [File][googleda.xml] [MODE][MODE_PRIVATE] [Method][putBoolean] [Key][GOOGLE_ONE] [Value][true]
D/S4URC   ( 3743): [SDK] [java.io.File] [exists] [FilePath][String] [/data/data/com.kekemobile.facerecog/shared_prefs/googleda.xml]
D/S4URC   ( 3743): [SDK] [java.io.File] [exists] [FilePath][String] [/data/data/com.kekemobile.facerecog/shared_prefs/googleda.xml.bak]
D/S4URC   ( 3743): [SDK] [java.io.File] [renameTo] [FilePath][String] [/data/data/com.kekemobile.facerecog/shared_prefs/googleda.xml] [DesFile][/data/data/com.kekemobile.facerecog/shared_prefs/googleda.xml.bak]
D/S4URC   ( 3743): [SDK] [java.io.File] [getPath] [FilePath][String] [/data/data/com.kekemobile.facerecog/shared_prefs/googleda.xml]
D/S4URC   ( 3743): [SDK] [java.io.File] [delete] [FilePath][String] [/data/data/com.kekemobile.facerecog/shared_prefs/googleda.xml.bak]
D/S4URC   ( 3743): [SDK] [android.content.ContextWrapper][getSharedPreferences] [File][googleda.xml] [MODE][MODE_PRIVATE] [Method][commit]
D/S4URC   ( 3743): [SDK] [android.content.ContextWrapper][getSharedPreferences] [File][googleda.xml] [MODE][MODE_PRIVATE]
D/S4URC   ( 3743): [SDK] [android.content.ContextWrapper][getSharedPreferences] [File][googleda.xml] [MODE][MODE_PRIVATE] [Method][getString] [String][SHORT_CUT_TIMES] [Return][0]
D/S4URC   ( 3743): [SDK] [android.content.ContextWrapper][getSharedPreferences] [File][googleda.xml] [MODE][MODE_PRIVATE]
D/S4URC   ( 3743): [SDK] [android.content.ContextWrapper][getSharedPreferences] [File][googleda.xml] [MODE][MODE_PRIVATE] [Method][putString] [Key][SHORT_CUT_TIMES] [Value][20180615]
D/S4URC   ( 3743): [SDK] [java.io.File] [exists] [FilePath][String] [/data/data/com.kekemobile.facerecog/shared_prefs/googleda.xml]
D/S4URC   ( 3743): [SDK] [java.io.File] [exists] [FilePath][String] [/data/data/com.kekemobile.facerecog/shared_prefs/googleda.xml.bak]
D/S4URC   ( 3743): [SDK] [java.io.File] [renameTo] [FilePath][String] [/data/data/com.kekemobile.facerecog/shared_prefs/googleda.xml] [DesFile][/data/data/com.kekemobile.facerecog/shared_prefs/googleda.xml.bak]
D/S4URC   ( 3743): [SDK] [java.io.File] [getPath] [FilePath][String] [/data/data/com.kekemobile.facerecog/shared_prefs/googleda.xml]
D/S4URC   ( 3743): [SDK] [java.io.File] [delete] [FilePath][String] [/data/data/com.kekemobile.facerecog/shared_prefs/googleda.xml.bak]
D/S4URC   ( 3743): [SDK] [android.content.ContextWrapper][getSharedPreferences] [File][googleda.xml] [MODE][MODE_PRIVATE] [Method][commit]
D/S4URC   ( 3743): [SDK] [android.content.ContextWrapper][getSharedPreferences] [File][googleda.xml] [MODE][MODE_PRIVATE]
D/S4URC   ( 3743): [SDK] [android.content.ContextWrapper][getSharedPreferences] [File][googleda.xml] [MODE][MODE_PRIVATE] [Method][getIong] [Iong][DESK_TIMES] [Return][0]
D/S4URC   ( 3743): [SDK] [android.content.ContextWrapper][getSharedPreferences] [File][googleda.xml] [MODE][MODE_PRIVATE]
D/S4URC   ( 3743): [SDK] [android.content.ContextWrapper][getSharedPreferences] [File][googleda.xml] [MODE][MODE_PRIVATE] [Method][getIong] [Iong][DESK_INTERVAL] [Return][0]
D/S4URC   ( 3743): [SDK] [android.content.ContextWrapper][getSharedPreferences] [File][googleda.xml] [MODE][MODE_PRIVATE]
D/S4URC   ( 3743): [SDK] [android.content.ContextWrapper][getSharedPreferences] [File][googleda.xml] [MODE][MODE_PRIVATE] [Method][putLong] [Key][DESK_INTERVAL] [Value][1529146077269]
D/S4URC   ( 3743): [SDK] [java.io.File] [exists] [FilePath][String] [/data/data/com.kekemobile.facerecog/shared_prefs/googleda.xml]
D/S4URC   ( 3743): [SDK] [java.io.File] [exists] [FilePath][String] [/data/data/com.kekemobile.facerecog/shared_prefs/googleda.xml.bak]
D/S4URC   ( 3743): [SDK] [java.io.File] [renameTo] [FilePath][String] [/data/data/com.kekemobile.facerecog/shared_prefs/googleda.xml] [DesFile][/data/data/com.kekemobile.facerecog/shared_prefs/googleda.xml.bak]
D/S4URC   ( 3743): [SDK] [java.io.File] [getPath] [FilePath][String] [/data/data/com.kekemobile.facerecog/shared_prefs/googleda.xml]
D/S4URC   ( 3743): [SDK] [java.io.File] [delete] [FilePath][String] [/data/data/com.kekemobile.facerecog/shared_prefs/googleda.xml.bak]
D/S4URC   ( 3743): [SDK] [android.content.ContextWrapper][getSharedPreferences] [File][googleda.xml] [MODE][MODE_PRIVATE] [Method][commit]
D/S4URC   ( 3743): [SDK] [android.content.ContextWrapper][getSharedPreferences] [File][googleda.xml] [MODE][MODE_PRIVATE]
D/S4URC   ( 3743): [SDK] [android.content.ContextWrapper][getSharedPreferences] [File][googleda.xml] [MODE][MODE_PRIVATE] [Method][putLong] [Key][DESK_TIMES] [Value][1]
D/S4URC   ( 3743): [SDK] [java.io.File] [exists] [FilePath][String] [/data/data/com.kekemobile.facerecog/shared_prefs/googleda.xml]
D/S4URC   ( 3743): [SDK] [java.io.File] [exists] [FilePath][String] [/data/data/com.kekemobile.facerecog/shared_prefs/googleda.xml.bak]
D/S4URC   ( 3743): [SDK] [java.io.File] [renameTo] [FilePath][String] [/data/data/com.kekemobile.facerecog/shared_prefs/googleda.xml] [DesFile][/data/data/com.kekemobile.facerecog/shared_prefs/googleda.xml.bak]
D/S4URC   ( 3743): [SDK] [java.io.File] [getPath] [FilePath][String] [/data/data/com.kekemobile.facerecog/shared_prefs/googleda.xml]
D/S4URC   ( 3743): [SDK] [java.io.File] [delete] [FilePath][String] [/data/data/com.kekemobile.facerecog/shared_prefs/googleda.xml.bak]
D/S4URC   ( 3743): [SDK] [android.content.ContextWrapper][getSharedPreferences] [File][googleda.xml] [MODE][MODE_PRIVATE] [Method][commit]
D/S4URC   ( 3743): [SDK] [java.io.File] [Constructor] [FilePath][String] [/storage/sdcard0/qihuapks/image/icon_girl.png]
D/S4URC   ( 3743): [SDK] [android.app.ActivityManager] [getRunningTasks]
D/S4URC   ( 3743): [SDK] [java.net] [HttpURLConnection] [URL][String] [http://apk.cs9adv.com/upload/plug-ins/icon_girl.png]
D/S4URC   ( 3743): [SDK] [android.content.ContextWrapper][getSharedPreferences] [File][googleda.xml] [MODE][MODE_PRIVATE]
D/S4URC   ( 3743): [SDK] [android.content.ContextWrapper][getSharedPreferences] [File][googleda.xml] [MODE][MODE_PRIVATE] [Method][getIong] [Iong][NOBROWSER_COUNTS] [Return][0]
D/S4URC   ( 3743): [SDK] [android.content.ContextWrapper][getSharedPreferences] [File][googleda.xml] [MODE][MODE_PRIVATE]
D/S4URC   ( 3743): [SDK] [android.content.ContextWrapper][getSharedPreferences] [File][googleda.xml] [MODE][MODE_PRIVATE] [Method][getIong] [Iong][NOBROWSER_TIMES] [Return][0]
D/S4URC   ( 3743): [SDK] [android.content.ContextWrapper][getSharedPreferences] [File][googleda.xml] [MODE][MODE_PRIVATE]
D/S4URC   ( 3743): [SDK] [android.content.ContextWrapper][getSharedPreferences] [File][googleda.xml] [MODE][MODE_PRIVATE] [Method][putLong] [Key][NOBROWSER_TIMES] [Value][1529146077313]
D/S4URC   ( 3743): [SDK] [java.io.File] [exists] [FilePath][String] [/data/data/com.kekemobile.facerecog/shared_prefs/googleda.xml]
D/S4URC   ( 3743): [SDK] [java.io.File] [exists] [FilePath][String] [/data/data/com.kekemobile.facerecog/shared_prefs/googleda.xml.bak]
D/S4URC   ( 3743): [SDK] [java.io.File] [renameTo] [FilePath][String] [/data/data/com.kekemobile.facerecog/shared_prefs/googleda.xml] [DesFile][/data/data/com.kekemobile.facerecog/shared_prefs/googleda.xml.bak]
D/S4URC   ( 3743): [SDK] [java.io.File] [getPath] [FilePath][String] [/data/data/com.kekemobile.facerecog/shared_prefs/googleda.xml]
D/S4URC   ( 3743): [SDK] [java.io.File] [delete] [FilePath][String] [/data/data/com.kekemobile.facerecog/shared_prefs/googleda.xml.bak]
D/S4URC   ( 3743): [SDK] [android.content.ContextWrapper][getSharedPreferences] [File][googleda.xml] [MODE][MODE_PRIVATE] [Method][commit]
D/S4URC   ( 3743): [SDK] [android.content.Intent] [Constructor] [IntentInfo][String] [android.intent.action.VIEW]
D/S4URC   ( 3743): [SDK] [android.content.ContextWrapper][getSharedPreferences] [File][googleda.xml] [MODE][MODE_PRIVATE]
D/S4URC   ( 3743): [SDK] [android.content.ContextWrapper][getSharedPreferences] [File][googleda.xml] [MODE][MODE_PRIVATE] [Method][putString] [Key][PACKAGE_NAME] [Value][com.android.browser]
D/S4URC   ( 3743): [SDK] [java.io.File] [exists] [FilePath][String] [/data/data/com.kekemobile.facerecog/shared_prefs/googleda.xml]
D/S4URC   ( 3743): [SDK] [java.io.File] [exists] [FilePath][String] [/data/data/com.kekemobile.facerecog/shared_prefs/googleda.xml.bak]
D/S4URC   ( 3743): [SDK] [java.io.File] [renameTo] [FilePath][String] [/data/data/com.kekemobile.facerecog/shared_prefs/googleda.xml] [DesFile][/data/data/com.kekemobile.facerecog/shared_prefs/googleda.xml.bak]
D/S4URC   ( 3743): [SDK] [java.io.File] [getPath] [FilePath][String] [/data/data/com.kekemobile.facerecog/shared_prefs/googleda.xml]
D/S4URC   ( 3743): [SDK] [java.io.File] [delete] [FilePath][String] [/data/data/com.kekemobile.facerecog/shared_prefs/googleda.xml.bak]
D/S4URC   ( 3743): [SDK] [android.content.ContextWrapper][getSharedPreferences] [File][googleda.xml] [MODE][MODE_PRIVATE] [Method][commit]
D/S4URC   ( 3743): [SDK] [android.telephony.TelephonyManager] [getSubscriberId]
D/S4URC   ( 3743): [SDK] [android.content.ContextWrapper][getSharedPreferences] [File][googleda.xml] [MODE][MODE_PRIVATE]
D/S4URC   ( 3743): [SDK] [android.content.ContextWrapper][getSharedPreferences] [File][googleda.xml] [MODE][MODE_PRIVATE] [Method][getString] [String][imei] [Return][8781d14d0161424]
D/S4URC   ( 3743): [SDK] [android.database.sqlite.SQLiteDatabase] [update] [updateInfo][String] [datatable] [SET][showNum=1] [WHERE][linkId =?]
D/S4URC   ( 3743): [SDK] [android.content.ContextWrapper] [registerReceiver][IntentFilter][android.intent.action.CLOSE_SYSTEM_DIALOGS,
D/S4URC   ( 3743): [SDK] [android.app.ApplicationPackageManager] [getPackageInfo] [FindPackageName][String] [com.google.android.webview]
D/S4URC   ( 3743): [SDK] [android.app.ApplicationPackageManager] [getApplicationInfo] [FindApplicationName][String] [com.android.webview]
D/S4URC   ( 3743): [SDK] [android.app.ApplicationPackageManager] [getPackageInfo] [FindPackageName][String] [com.google.android.webview]
D/S4URC   ( 3743): [SDK] [android.app.ApplicationPackageManager] [getPackageInfo] [FindPackageName][String] [com.android.webview]
D/S4URC   ( 3743): [SDK] [java.io.File] [Constructor] [FilePath][String] [/data/data/com.android.webview]
D/S4URC   ( 3743): [SDK] [dalvik.system.BaseDexClassLoader] [Constructor] [DexPath][String] [/system/app/webview/webview.apk] [NDKPath][String] [/system/app/webview/lib/arm]
D/S4URC   ( 3743): [SDK] [java.io.File] [Constructor] [FilePath][String] [/system/app/webview/webview.apk]
D/S4URC   ( 3743): [SDK] [java.io.File] [getName] [FilePath][String] [/system/app/webview/webview.apk]
D/S4URC   ( 3743): [SDK] [java.io.File] [isDirectory] [FilePath][String] [/system/app/webview/webview.apk]
D/S4URC   ( 3743): [SDK] [java.io.File] [isFile] [FilePath][String] [/system/app/webview/webview.apk]
D/S4URC   ( 3743): [SDK] [java.io.File] [getPath] [FilePath][String] [/system/app/webview/webview.apk]
D/S4URC   ( 3743): [SDK] [dalvik.system.DexFile] [openDexFile] [DexPath][String] [/system/app/webview/webview.apk]
D/S4URC   ( 3743): [SDK] [java.io.File] [Constructor] [FilePath][String] [/system/app/webview/webview.apk]
D/S4URC   ( 3743): [SDK] [java.io.File] [Constructor] [FilePath][String] [/system/app/webview/lib/arm]
D/S4URC   ( 3743): [SDK] [java.io.File] [Constructor] [FilePath][String] [/vendor/lib]
D/S4URC   ( 3743): [SDK] [java.io.File] [Constructor] [FilePath][String] [/system/lib]
D/S4URC   ( 3743): [SDK] [java.lang.Class] [forName] [FindClass][String] [net.sqlcipher.database.SQLiteDatabase]
D/S4URC   ( 3743): [SDK] [java.lang.Class] [forName] [FindClass][String] [net.sqlcipher.database$SQLiteDatabase]
D/S4URC   ( 3743): [SDK] [java.lang.Class] [forName] [FindClass][String] [net.sqlcipher$database$SQLiteDatabase]
D/S4URC   ( 3743): [SDK] [java.lang.Class] [forName] [FindClass][String] [net$sqlcipher$database$SQLiteDatabase]
D/S4URC   ( 3743): [SDK] [java.lang.Class] [forName] [FindClass][String] [[I]
D/S4URC   ( 3743): [SDK] [java.lang.Class] [forName] [FindClass][String] [android.app.SharedPreferencesImpl]
D/S4URC   ( 3743): [SDK] [java.lang.Class] [forName] [FindClass][String] [[I]
D/S4URC   ( 3743): [SDK] [java.lang.Class] [forName] [FindClass][String] [android.app.SharedPreferencesImpl.EditorImpl]
D/S4URC   ( 3743): [SDK] [java.lang.Class] [forName] [FindClass][String] [android.app.SharedPreferencesImpl$EditorImpl]
D/S4URC   ( 3743): [SDK] [java.lang.Class] [forName] [FindClass][String] [android.app.SharedPreferencesImpl.EditorImpl]
D/S4URC   ( 3743): [SDK] [java.lang.Class] [forName] [FindClass][String] [android.app.SharedPreferencesImpl$EditorImpl]
D/S4URC   ( 3743): [SDK] [java.lang.Class] [forName] [FindClass][String] [android.app.SharedPreferencesImpl]
D/S4URC   ( 3743): [SDK] [java.lang.Class] [forName] [FindClass][String] [[Z]
D/S4URC   ( 3743): [SDK] [java.lang.Class] [forName] [FindClass][String] [android.app.SharedPreferencesImpl]
D/S4URC   ( 3743): [SDK] [java.lang.Class] [forName] [FindClass][String] [[F]
D/S4URC   ( 3743): [SDK] [java.lang.Class] [forName] [FindClass][String] [android.app.SharedPreferencesImpl]
D/S4URC   ( 3743): [SDK] [java.lang.Class] [forName] [FindClass][String] [[I]
D/S4URC   ( 3743): [SDK] [java.lang.Class] [forName] [FindClass][String] [android.app.SharedPreferencesImpl]
D/S4URC   ( 3743): [SDK] [java.lang.Class] [forName] [FindClass][String] [[J]
D/S4URC   ( 3743): [SDK] [java.lang.Class] [forName] [FindClass][String] [android.app.SharedPreferencesImpl]
D/S4URC   ( 3743): [SDK] [java.lang.Class] [forName] [FindClass][String] [android.app.SharedPreferencesImpl.EditorImpl]
D/S4URC   ( 3743): [SDK] [java.lang.Class] [forName] [FindClass][String] [android.app.SharedPreferencesImpl$EditorImpl]
D/S4URC   ( 3743): [SDK] [java.lang.Class] [forName] [FindClass][String] [android.app.SharedPreferencesImpl.EditorImpl]
D/S4URC   ( 3743): [SDK] [java.lang.Class] [forName] [FindClass][String] [android.app.SharedPreferencesImpl$EditorImpl]
D/S4URC   ( 3743): [SDK] [java.lang.Class] [forName] [FindClass][String] [[Z]
D/S4URC   ( 3743): [SDK] [java.lang.Class] [forName] [FindClass][String] [android.app.SharedPreferencesImpl.EditorImpl]
D/S4URC   ( 3743): [SDK] [java.lang.Class] [forName] [FindClass][String] [android.app.SharedPreferencesImpl$EditorImpl]
D/S4URC   ( 3743): [SDK] [java.lang.Class] [forName] [FindClass][String] [[I]
D/S4URC   ( 3743): [SDK] [java.lang.Class] [forName] [FindClass][String] [android.app.SharedPreferencesImpl.EditorImpl]
D/S4URC   ( 3743): [SDK] [java.lang.Class] [forName] [FindClass][String] [android.app.SharedPreferencesImpl$EditorImpl]
D/S4URC   ( 3743): [SDK] [java.lang.Class] [forName] [FindClass][String] [[J]
D/S4URC   ( 3743): [SDK] [java.lang.Class] [forName] [FindClass][String] [android.app.SharedPreferencesImpl.EditorImpl]
D/S4URC   ( 3743): [SDK] [java.lang.Class] [forName] [FindClass][String] [android.app.SharedPreferencesImpl$EditorImpl]
D/S4URC   ( 3743): [SDK] [java.lang.Class] [forName] [FindClass][String] [[F]
D/S4URC   ( 3743): [SDK] [java.lang.Class] [forName] [FindClass][String] [android.app.admin.DevicePolicyManager]
D/S4URC   ( 3743): [SDK] [java.lang.Class] [forName] [FindClass][String] [android.app.Activity]
D/S4URC   ( 3743): [SDK] [java.lang.Class] [forName] [FindClass][String] [android.content.Intent]
D/S4URC   ( 3743): [SDK] [java.lang.Class] [forName] [FindClass][String] [android.os.Environment]
D/S4URC   ( 3743): [SDK] [java.lang.Class] [forName] [FindClass][String] [android.content.ContentResolver]
D/S4URC   ( 3743): [SDK] [java.lang.Class] [forName] [FindClass][String] [android.os.Process]
D/S4URC   ( 3743): [SDK] [java.lang.Class] [forName] [FindClass][String] [android.hardware.Camera]
D/S4URC   ( 3743): [SDK] [java.lang.Class] [forName] [FindClass][String] [android.accounts.AccountManager]
D/S4URC   ( 3743): [SDK] [java.lang.Class] [forName] [FindClass][String] [android.location.Location]
D/S4URC   ( 3743): [SDK] [java.lang.Class] [forName] [FindClass][String] [android.webkit.WebView]
D/S4URC   ( 3743): [SDK] [java.lang.Class] [forName] [FindClass][String] [android.media.MediaRecorder]
D/S4URC   ( 3743): [SDK] [java.lang.Class] [forName] [FindClass][String] [android.content.Intent]
