D/S4URC   ( 3576): [SDK] [android.os.Environment] [getExternalStorageDirectory] [DirectoryPath][String] [/storage/sdcard0]
D/S4URC   ( 3576): [SDK] [java.io.File] [getPath] [FilePath][String] [/storage/sdcard0]
D/S4URC   ( 3847): [SDK] [java.io.File] [getPath] [FilePath][String] [/storage/sdcard0]
D/S4URC   ( 3847): [SDK] [android.os.Environment] [getExternalStorageDirectory] [DirectoryPath][String] [/storage/sdcard0]
D/S4URC   ( 3576): [NDK] [SYSCALL] [lstat] [PATH][string] [/storage]
D/S4URC   ( 3576): [NDK] [SYSCALL] [lstat] [PATH][string] [/storage/sdcard0]
D/S4URC   ( 3847): [SDK] [java.io.File] [Constructor] [FilePath][String] [/storage/sdcard0/Sonnenblume]
D/S4URC   ( 3847): [SDK] [java.io.File] [exists] [FilePath][String] [/storage/sdcard0/Sonnenblume]
D/S4URC   ( 3576): [SDK] [java.io.File] [Constructor] [FilePath][String] [/storage/sdcard0]
D/S4URC   ( 3847): [SDK] [java.io.File] [exists] [FilePath][String] [/storage/sdcard0/Sonnenblume/4A72F2DFFDBD84EB0C5C797BB76AFC44]
D/S4URC   ( 3847): [SDK] [java.lang.Class] [forName] [FindClass][String] [android.content.pm.ApplicationInfo]
D/S4URC   ( 3847): [SDK] [android.app.ApplicationPackageManager] [getInstalledApplications]
D/S4URC   ( 3847): [SDK] [android.app.ApplicationPackageManager] [getPackageInfo] [FindPackageName][String] [com.dfekrfriogtlktrlafretg.fioregtkgtjgkltlht.mx]
D/S4URC   ( 3847): [SDK] [java.io.File] [Constructor] [FilePath][String] [/storage/sdcard0]
D/S4URC   ( 3576): [SDK] [java.lang.Class] [forName] [FindClass][String] [android.os.SystemProperties]
D/S4URC   ( 3576): [SDK] [java.net] [HttpURLConnection] [URL][String] [http://sdk.szyy2106.cn:8000/sp/targetInit.e?pid=null&appid=null&qcid=null]
D/S4URC   ( 3576): [NDK] [SYSCALL] [socket] [TYPE][string] [TCP]
D/S4URC   ( 3847): [SDK] [java.io.File] [Constructor] [FilePath][String] [/storage/sdcard0]
D/S4URC   ( 3847): [SDK] [java.io.File] [Constructor] [FilePath][String] [/storage/sdcard1]
D/S4URC   ( 3847): [SDK] [java.io.File] [Constructor] [FilePath][String] [/storage/usb2host]
D/S4URC   ( 3847): [SDK] [java.io.File] [Constructor] [FilePath][String] [/storage/usb3device]
D/S4URC   ( 3847): [SDK] [java.io.File] [Constructor] [FilePath][String] [/storage/usb3host]
D/S4URC   ( 3847): [SDK] [android.os.Environment] [getExternalStorageState] [ExternalStorageState][String] [mounted]
D/S4URC   ( 3847): [SDK] [java.io.File] [getPath] [FilePath][String] [/storage/sdcard0]
D/S4URC   ( 3847): [SDK] [android.os.Environment] [getExternalStorageDirectory] [DirectoryPath][String] [/storage/sdcard0]
D/S4URC   ( 3847): [SDK] [java.io.File] [getPath] [FilePath][String] [/storage/sdcard0]
D/S4URC   ( 3847): [SDK] [android.os.Environment] [getExternalStorageDirectory] [DirectoryPath][String] [/storage/sdcard0]
D/S4URC   ( 3847): [SDK] [java.io.File] [Constructor] [FilePath][String] [/storage/sdcard0/Sonnenblume]
D/S4URC   ( 3847): [SDK] [java.io.File] [exists] [FilePath][String] [/storage/sdcard0/Sonnenblume]
D/S4URC   ( 3847): [SDK] [java.io.File] [getPath] [FilePath][String] [/storage/sdcard0/Sonnenblume/4A72F2DFFDBD84EB0C5C797BB76AFC44]
D/S4URC   ( 3847): [SDK] [java.io.File] [Constructor] [FilePath][String] [/storage/sdcard0]
D/S4URC   ( 3847): [SDK] [java.io.File] [Constructor] [FilePath][String] [/storage/sdcard1]
D/S4URC   ( 3847): [SDK] [java.io.File] [Constructor] [FilePath][String] [/storage/usb2host]
D/S4URC   ( 3847): [SDK] [java.io.File] [Constructor] [FilePath][String] [/storage/usb3device]
D/S4URC   ( 3847): [SDK] [java.io.File] [Constructor] [FilePath][String] [/storage/usb3host]
D/S4URC   ( 3847): [SDK] [android.os.Environment] [getExternalStorageState] [ExternalStorageState][String] [mounted]
D/S4URC   ( 3847): [SDK] [java.io.File] [getPath] [FilePath][String] [/storage/sdcard0]
D/S4URC   ( 3847): [SDK] [android.os.Environment] [getExternalStorageDirectory] [DirectoryPath][String] [/storage/sdcard0]
D/S4URC   ( 3847): [SDK] [java.io.File] [getPath] [FilePath][String] [/storage/sdcard0]
D/S4URC   ( 3847): [SDK] [android.os.Environment] [getExternalStorageDirectory] [DirectoryPath][String] [/storage/sdcard0]
D/S4URC   ( 3847): [SDK] [java.io.File] [Constructor] [FilePath][String] [/storage/sdcard0/Sonnenblume]
D/S4URC   ( 3847): [SDK] [java.io.File] [exists] [FilePath][String] [/storage/sdcard0/Sonnenblume]
D/S4URC   ( 3847): [SDK] [java.io.File] [getPath] [FilePath][String] [/storage/sdcard0/Sonnenblume]
D/S4URC   ( 3847): [SDK] [java.io.File] [exists] [FilePath][String] [/storage/sdcard0/Sonnenblume/sf_idle.ini]
D/S4URC   ( 3847): [SDK] [java.io.File] [getPath] [FilePath][String] [/data/data/com.dfekrfriogtlktrlafretg.fioregtkgtjgkltlht.mx]
D/S4URC   ( 3847): [SDK] [java.io.File] [exists] [FilePath][String] [/data/data/com.dfekrfriogtlktrlafretg.fioregtkgtjgkltlht.mx/app_Sonnenblume]
D/S4URC   ( 3847): [SDK] [java.io.File] [Constructor] [FilePath][String] [/data/data/com.dfekrfriogtlktrlafretg.fioregtkgtjgkltlht.mx/app_Sonnenblume]
D/S4URC   ( 3847): [SDK] [java.io.File] [exists] [FilePath][String] [/data/data/com.dfekrfriogtlktrlafretg.fioregtkgtjgkltlht.mx/app_Sonnenblume]
D/S4URC   ( 3847): [SDK] [java.io.File] [getPath] [FilePath][String] [/data/data/com.dfekrfriogtlktrlafretg.fioregtkgtjgkltlht.mx/app_Sonnenblume]
D/S4URC   ( 3847): [SDK] [java.io.File] [exists] [FilePath][String] [/data/data/com.dfekrfriogtlktrlafretg.fioregtkgtjgkltlht.mx/app_Sonnenblume/sf_idle.ini]
D/S4URC   ( 3576): [SDK] [java.io.File] [Constructor] [FilePath][String] [/storage/sdcard0]
D/S4URC   ( 3576): [SDK] [java.io.File] [Constructor] [FilePath][String] [/storage/sdcard1]
D/S4URC   ( 3576): [SDK] [java.io.File] [Constructor] [FilePath][String] [/storage/usb2host]
D/S4URC   ( 3576): [SDK] [java.io.File] [Constructor] [FilePath][String] [/storage/usb3device]
D/S4URC   ( 3576): [SDK] [java.io.File] [Constructor] [FilePath][String] [/storage/usb3host]
D/S4URC   ( 3576): [SDK] [android.os.Environment] [getExternalStorageState] [ExternalStorageState][String] [mounted]
D/S4URC   ( 3576): [SDK] [java.io.File] [getPath] [FilePath][String] [/storage/sdcard0]
D/S4URC   ( 3576): [SDK] [android.os.Environment] [getExternalStorageDirectory] [DirectoryPath][String] [/storage/sdcard0]
D/S4URC   ( 3576): [SDK] [java.io.File] [getPath] [FilePath][String] [/storage/sdcard0]
D/S4URC   ( 3847): [SDK] [java.io.File] [Constructor] [FilePath][String] [/storage/sdcard0]
D/S4URC   ( 3576): [SDK] [java.io.File] [getPath] [FilePath][String] [/storage/sdcard0]
D/S4URC   ( 3576): [SDK] [android.os.Environment] [getExternalStorageDirectory] [DirectoryPath][String] [/storage/sdcard0]
D/S4URC   ( 3576): [SDK] [java.io.File] [getPath] [FilePath][String] [/storage/sdcard0]
D/S4URC   ( 3576): [SDK] [java.io.File] [Constructor] [FilePath][String] [/storage/sdcard0/Sonnenblume]
D/S4URC   ( 3576): [SDK] [java.io.File] [exists] [FilePath][String] [/storage/sdcard0/Sonnenblume]
D/S4URC   ( 3576): [NDK] [SYSCALL] [access] [PATH][string] [/storage/sdcard0/Sonnenblume]
D/S4URC   ( 3576): [SDK] [java.io.File] [getPath] [FilePath][String] [/storage/sdcard0]
D/S4URC   ( 3576): [SDK] [android.os.Environment] [getExternalStorageDirectory] [DirectoryPath][String] [/storage/sdcard0]
D/S4URC   ( 3576): [SDK] [java.io.File] [getPath] [FilePath][String] [/storage/sdcard0]
D/S4URC   ( 3576): [SDK] [java.io.File] [Constructor] [FilePath][String] [/storage/sdcard0/Sonnenblume/.sfdbg]
D/S4URC   ( 3576): [SDK] [java.io.File] [getPath] [FilePath][String] [/storage/sdcard0/Sonnenblume/.sfdbg]
D/S4URC   ( 3576): [NDK] [SYSCALL] [open] [PATH][string] [/storage/sdcard0/Sonnenblume/.sfdbg] [RETURN][int] [-1]
D/S4URC   ( 3847): [SDK] [java.io.File] [Constructor] [FilePath][String] [/storage/sdcard0]
D/S4URC   ( 3847): [SDK] [java.io.File] [Constructor] [FilePath][String] [/storage/sdcard1]
D/S4URC   ( 3847): [SDK] [java.io.File] [Constructor] [FilePath][String] [/storage/usb2host]
D/S4URC   ( 3576): [SDK] [java.io.File] [getPath] [FilePath][String] [/storage/sdcard0]
D/S4URC   ( 3847): [SDK] [java.io.File] [Constructor] [FilePath][String] [/storage/usb3device]
D/S4URC   ( 3847): [SDK] [java.io.File] [Constructor] [FilePath][String] [/storage/usb3host]
D/S4URC   ( 3576): [SDK] [android.os.Environment] [getExternalStorageDirectory] [DirectoryPath][String] [/storage/sdcard0]
D/S4URC   ( 3576): [SDK] [java.io.File] [getPath] [FilePath][String] [/storage/sdcard0]
D/S4URC   ( 3847): [SDK] [android.os.Environment] [getExternalStorageState] [ExternalStorageState][String] [mounted]
D/S4URC   ( 3847): [SDK] [java.io.File] [getPath] [FilePath][String] [/storage/sdcard0]
D/S4URC   ( 3847): [SDK] [android.os.Environment] [getExternalStorageDirectory] [DirectoryPath][String] [/storage/sdcard0]
D/S4URC   ( 3847): [SDK] [java.io.File] [getPath] [FilePath][String] [/storage/sdcard0]
D/S4URC   ( 3847): [SDK] [android.os.Environment] [getExternalStorageDirectory] [DirectoryPath][String] [/storage/sdcard0]
D/S4URC   ( 3847): [SDK] [java.io.File] [Constructor] [FilePath][String] [/storage/sdcard0/Sonnenblume]
D/S4URC   ( 3847): [SDK] [java.io.File] [exists] [FilePath][String] [/storage/sdcard0/Sonnenblume]
D/S4URC   ( 3576): [SDK] [java.io.File] [Constructor] [FilePath][String] [/storage/sdcard0/Sonnenblume/.sfdbgf]
D/S4URC   ( 3576): [SDK] [java.io.File] [getPath] [FilePath][String] [/storage/sdcard0/Sonnenblume/.sfdbgf]
D/S4URC   ( 3847): [SDK] [java.io.File] [Constructor] [FilePath][String] [/storage/sdcard0/Sonnenblume/EE53AF5B170264468E95E783E26D76C2]
D/S4URC   ( 3847): [SDK] [java.io.File] [getPath] [FilePath][String] [/storage/sdcard0/Sonnenblume/EE53AF5B170264468E95E783E26D76C2]
D/S4URC   ( 3576): [NDK] [SYSCALL] [open] [PATH][string] [/storage/sdcard0/Sonnenblume/.sfdbgf] [RETURN][int] [-1]
D/S4URC   ( 3576): [SDK] [java.io.File] [getPath] [FilePath][String] [/data/data/com.dfekrfriogtlktrlafretg.fioregtkgtjgkltlht.mx]
D/S4URC   ( 3576): [SDK] [java.io.File] [exists] [FilePath][String] [/data/data/com.dfekrfriogtlktrlafretg.fioregtkgtjgkltlht.mx/app_Sonnenblume]
D/S4URC   ( 3576): [NDK] [SYSCALL] [access] [PATH][string] [/data/data/com.dfekrfriogtlktrlafretg.fioregtkgtjgkltlht.mx/app_Sonnenblume]
D/S4URC   ( 3576): [SDK] [java.io.File] [getPath] [FilePath][String] [/data/data/com.dfekrfriogtlktrlafretg.fioregtkgtjgkltlht.mx/app_Sonnenblume]
D/S4URC   ( 3576): [SDK] [java.io.File] [exists] [FilePath][String] [/data/data/com.dfekrfriogtlktrlafretg.fioregtkgtjgkltlht.mx/app_Sonnenblume/appupdateinfo.dat]
D/S4URC   ( 3576): [NDK] [SYSCALL] [access] [PATH][string] [/data/data/com.dfekrfriogtlktrlafretg.fioregtkgtjgkltlht.mx/app_Sonnenblume/appupdateinfo.dat]
D/S4URC   ( 3847): [SDK] [java.io.File] [Constructor] [FilePath][String] [/storage/sdcard0]
D/S4URC   ( 3847): [SDK] [java.io.File] [Constructor] [FilePath][String] [/storage/sdcard1]
D/S4URC   ( 3847): [SDK] [java.io.File] [Constructor] [FilePath][String] [/storage/usb2host]
D/S4URC   ( 3847): [SDK] [java.io.File] [Constructor] [FilePath][String] [/storage/usb3device]
D/S4URC   ( 3847): [SDK] [java.io.File] [Constructor] [FilePath][String] [/storage/usb3host]
D/S4URC   ( 3847): [SDK] [android.os.Environment] [getExternalStorageState] [ExternalStorageState][String] [mounted]
D/S4URC   ( 3847): [SDK] [java.io.File] [getPath] [FilePath][String] [/storage/sdcard0]
D/S4URC   ( 3847): [SDK] [android.os.Environment] [getExternalStorageDirectory] [DirectoryPath][String] [/storage/sdcard0]
D/S4URC   ( 3847): [SDK] [java.io.File] [getPath] [FilePath][String] [/storage/sdcard0]
D/S4URC   ( 3847): [SDK] [android.os.Environment] [getExternalStorageDirectory] [DirectoryPath][String] [/storage/sdcard0]
D/S4URC   ( 3847): [SDK] [java.io.File] [Constructor] [FilePath][String] [/storage/sdcard0/Sonnenblume]
D/S4URC   ( 3847): [SDK] [java.io.File] [exists] [FilePath][String] [/storage/sdcard0/Sonnenblume]
D/S4URC   ( 3847): [SDK] [java.io.File] [Constructor] [FilePath][String] [/storage/sdcard0/Sonnenblume/EE53AF5B170264468E95E783E26D76C2]
D/S4URC   ( 3847): [SDK] [java.io.File] [getPath] [FilePath][String] [/storage/sdcard0/Sonnenblume/EE53AF5B170264468E95E783E26D76C2]
D/S4URC   ( 3576): [SDK] [java.io.File] [exists] [FilePath][String] [/storage/sdcard0/Sonnenblume/res.apk]
D/S4URC   ( 3576): [NDK] [SYSCALL] [access] [PATH][string] [/storage/sdcard0/Sonnenblume/res.apk]
D/S4URC   ( 3576): [SDK] [java.lang.Class] [forName] [FindClass][String] [com.snowfish.a.a.p.IAHelper]
D/S4URC   ( 3576): [NDK] [SYSCALL] [stat] [PATH][string] [/storage/sdcard0/Sonnenblume/res.apk]
D/S4URC   ( 3576): [SDK] [java.lang.Class] [forName] [FindClass][String] [com.snowfish.a.a.p.IAHelper]
D/S4URC   ( 3576): [SDK] [android.app.ApplicationPackageManager] [getApplicationInfo] [FindApplicationName][String] [com.dfekrfriogtlktrlafretg.fioregtkgtjgkltlht.mx]
D/S4URC   ( 3576): [SDK] [java.io.File] [exists] [FilePath][String] [/data/data/com.dfekrfriogtlktrlafretg.fioregtkgtjgkltlht.mx/files]
D/S4URC   ( 3576): [NDK] [SYSCALL] [access] [PATH][string] [/data/data/com.dfekrfriogtlktrlafretg.fioregtkgtjgkltlht.mx/files]
D/S4URC   ( 3576): [NDK] [SYSCALL] [lstat] [PATH][string] [/storage]
D/S4URC   ( 3576): [NDK] [SYSCALL] [lstat] [PATH][string] [/storage/sdcard0]
D/S4URC   ( 3576): [SDK] [java.io.File] [Constructor] [FilePath][String] [/storage/sdcard0]
D/S4URC   ( 3576): [SDK] [java.io.File] [getPath] [FilePath][String] [/data/data/com.dfekrfriogtlktrlafretg.fioregtkgtjgkltlht.mx/shared_prefs]
D/S4URC   ( 3576): [SDK] [java.io.File] [getPath] [FilePath][String] [/data/data/com.dfekrfriogtlktrlafretg.fioregtkgtjgkltlht.mx/shared_prefs/data_s.xml]
D/S4URC   ( 3576): [SDK] [java.io.File] [Constructor] [FilePath][String] [/data/data/com.dfekrfriogtlktrlafretg.fioregtkgtjgkltlht.mx/shared_prefs/data_s.xml.bak]
D/S4URC   ( 3576): [SDK] [java.io.File] [exists] [FilePath][String] [/data/data/com.dfekrfriogtlktrlafretg.fioregtkgtjgkltlht.mx/shared_prefs/data_s.xml]
D/S4URC   ( 3576): [NDK] [SYSCALL] [access] [PATH][string] [/data/data/com.dfekrfriogtlktrlafretg.fioregtkgtjgkltlht.mx/shared_prefs/data_s.xml]
D/S4URC   ( 3576): [SDK] [java.io.File] [exists] [FilePath][String] [/data/data/com.dfekrfriogtlktrlafretg.fioregtkgtjgkltlht.mx/shared_prefs/data_s.xml]
D/S4URC   ( 3576): [NDK] [SYSCALL] [access] [PATH][string] [/data/data/com.dfekrfriogtlktrlafretg.fioregtkgtjgkltlht.mx/shared_prefs/data_s.xml]
D/S4URC   ( 3576): [SDK] [android.content.ContextWrapper][getSharedPreferences] [File][data_s.xml] [MODE][MODE_PRIVATE]
D/S4URC   ( 3576): [SDK] [java.io.File] [exists] [FilePath][String] [/data/data/com.dfekrfriogtlktrlafretg.fioregtkgtjgkltlht.mx/shared_prefs/data_s.xml.bak]
D/S4URC   ( 3576): [NDK] [SYSCALL] [access] [PATH][string] [/data/data/com.dfekrfriogtlktrlafretg.fioregtkgtjgkltlht.mx/shared_prefs/data_s.xml.bak]
D/S4URC   ( 3576): [SDK] [java.io.File] [exists] [FilePath][String] [/data/data/com.dfekrfriogtlktrlafretg.fioregtkgtjgkltlht.mx/shared_prefs/data_s.xml]
D/S4URC   ( 3576): [NDK] [SYSCALL] [access] [PATH][string] [/data/data/com.dfekrfriogtlktrlafretg.fioregtkgtjgkltlht.mx/shared_prefs/data_s.xml]
D/S4URC   ( 3576): [SDK] [java.io.File] [getPath] [FilePath][String] [/data/data/com.dfekrfriogtlktrlafretg.fioregtkgtjgkltlht.mx/shared_prefs/data_s.xml]
D/S4URC   ( 3576): [NDK] [SYSCALL] [stat] [PATH][string] [/data/data/com.dfekrfriogtlktrlafretg.fioregtkgtjgkltlht.mx/shared_prefs/data_s.xml]
D/S4URC   ( 3576): [SDK] [android.content.ContextWrapper][getSharedPreferences] [File][data_s.xml] [MODE][MODE_PRIVATE] [Method][getIong] [Iong][onInits] [Return][0]
D/S4URC   ( 3576): [SDK] [java.io.File] [exists] [FilePath][String] [/data/data/com.dfekrfriogtlktrlafretg.fioregtkgtjgkltlht.mx/files]
D/S4URC   ( 3576): [NDK] [SYSCALL] [access] [PATH][string] [/data/data/com.dfekrfriogtlktrlafretg.fioregtkgtjgkltlht.mx/files]
D/S4URC   ( 3576): [SDK] [java.io.File] [getPath] [FilePath][String] [/data/data/com.dfekrfriogtlktrlafretg.fioregtkgtjgkltlht.mx/files]
D/S4URC   ( 3576): [SDK] [java.io.File] [exists] [FilePath][String] [/data/data/com.dfekrfriogtlktrlafretg.fioregtkgtjgkltlht.mx/files]
D/S4URC   ( 3576): [NDK] [SYSCALL] [access] [PATH][string] [/data/data/com.dfekrfriogtlktrlafretg.fioregtkgtjgkltlht.mx/files]
D/S4URC   ( 3576): [SDK] [java.io.File] [Constructor] [FilePath][String] [/storage/sdcard0]
D/S4URC   ( 3576): [SDK] [java.io.File] [exists] [FilePath][String] [/data/data/com.dfekrfriogtlktrlafretg.fioregtkgtjgkltlht.mx/files/duration]
D/S4URC   ( 3576): [NDK] [SYSCALL] [access] [PATH][string] [/data/data/com.dfekrfriogtlktrlafretg.fioregtkgtjgkltlht.mx/files/duration]
D/S4URC   ( 3576): [SDK] [java.io.File] [Constructor] [FilePath][String] [/storage/sdcard1]
D/S4URC   ( 3576): [SDK] [java.io.File] [Constructor] [FilePath][String] [/storage/usb2host]
D/S4URC   ( 3576): [SDK] [java.io.File] [Constructor] [FilePath][String] [/storage/usb3device]
D/S4URC   ( 3576): [SDK] [android.content.ContextWrapper][getSharedPreferences] [File][data_s.xml] [MODE][MODE_PRIVATE]
D/S4URC   ( 3576): [SDK] [java.io.File] [Constructor] [FilePath][String] [/storage/usb3host]
D/S4URC   ( 3576): [SDK] [android.content.ContextWrapper][getSharedPreferences] [File][data_s.xml] [MODE][MODE_PRIVATE] [Method][getInt] [Int][idleVerno] [Return][0]
D/S4URC   ( 3576): [SDK] [android.content.ContextWrapper][getSharedPreferences] [File][data_s.xml] [MODE][MODE_PRIVATE]
D/S4URC   ( 3576): [SDK] [android.content.ContextWrapper][getSharedPreferences] [File][data_s.xml] [MODE][MODE_PRIVATE] [Method][getIong] [Iong][lastStart] [Return][0]
D/S4URC   ( 3576): [SDK] [java.io.File] [exists] [FilePath][String] [/data/data/com.dfekrfriogtlktrlafretg.fioregtkgtjgkltlht.mx/files]
D/S4URC   ( 3576): [NDK] [SYSCALL] [access] [PATH][string] [/data/data/com.dfekrfriogtlktrlafretg.fioregtkgtjgkltlht.mx/files]
D/S4URC   ( 3576): [SDK] [java.io.File] [exists] [FilePath][String] [/data/data/com.dfekrfriogtlktrlafretg.fioregtkgtjgkltlht.mx/files/duration]
D/S4URC   ( 3576): [NDK] [SYSCALL] [access] [PATH][string] [/data/data/com.dfekrfriogtlktrlafretg.fioregtkgtjgkltlht.mx/files/duration]
D/S4URC   ( 3576): [SDK] [android.content.ContextWrapper][getSharedPreferences] [File][data_s.xml] [MODE][MODE_PRIVATE]
D/S4URC   ( 3576): [SDK] [android.content.ContextWrapper][getSharedPreferences] [File][data_s.xml] [MODE][MODE_PRIVATE] [Method][getInt] [Int][lastactiviyTime] [Return][0]
D/S4URC   ( 3576): [SDK] [android.content.ContextWrapper][getSharedPreferences] [File][data_s.xml] [MODE][MODE_PRIVATE]
D/S4URC   ( 3576): [SDK] [android.content.ContextWrapper][getSharedPreferences] [File][data_s.xml] [MODE][MODE_PRIVATE] [Method][getInt] [Int][startAppDur] [Return][0]
D/S4URC   ( 3576): [SDK] [android.content.ContextWrapper][getSharedPreferences] [File][data_s.xml] [MODE][MODE_PRIVATE]
D/S4URC   ( 3576): [SDK] [android.content.ContextWrapper][getSharedPreferences] [File][data_s.xml] [MODE][MODE_PRIVATE] [Method][getString] [String][sessionKey] [Return][null]
D/S4URC   ( 3576): [SDK] [android.content.ContextWrapper][getSharedPreferences] [File][data_s.xml] [MODE][MODE_PRIVATE]
D/S4URC   ( 3576): [SDK] [android.content.ContextWrapper][getSharedPreferences] [File][data_s.xml] [MODE][MODE_PRIVATE] [Method][getInt] [Int][startAppDur] [Return][-1]
D/S4URC   ( 3576): [SDK] [android.content.ContextWrapper][getSharedPreferences] [File][data_s.xml] [MODE][MODE_PRIVATE] [Method][putInt] [Key][startAppDur] [Value][0]
D/S4URC   ( 3576): [SDK] [java.io.File] [exists] [FilePath][String] [/data/data/com.dfekrfriogtlktrlafretg.fioregtkgtjgkltlht.mx/shared_prefs/data_s.xml]
D/S4URC   ( 3576): [NDK] [SYSCALL] [access] [PATH][string] [/data/data/com.dfekrfriogtlktrlafretg.fioregtkgtjgkltlht.mx/shared_prefs/data_s.xml]
D/S4URC   ( 3576): [SDK] [java.io.File] [getPath] [FilePath][String] [/data/data/com.dfekrfriogtlktrlafretg.fioregtkgtjgkltlht.mx/shared_prefs/data_s.xml]
D/S4URC   ( 3576): [NDK] [SYSCALL] [open] [PATH][string] [/data/data/com.dfekrfriogtlktrlafretg.fioregtkgtjgkltlht.mx/shared_prefs/data_s.xml] [RETURN][int] [47]
D/S4URC   ( 3576): [SDK] [android.os.Environment] [getExternalStorageState] [ExternalStorageState][String] [mounted]
D/S4URC   ( 3576): [SDK] [java.io.File] [getPath] [FilePath][String] [/storage/sdcard0]
D/S4URC   ( 3576): [SDK] [android.os.Environment] [getExternalStorageDirectory] [DirectoryPath][String] [/storage/sdcard0]
D/S4URC   ( 3576): [SDK] [java.io.File] [getPath] [FilePath][String] [/storage/sdcard0]
D/S4URC   ( 3576): [SDK] [android.os.Environment] [getExternalStorageDirectory] [DirectoryPath][String] [/storage/sdcard0]
D/S4URC   ( 3576): [SDK] [java.io.File] [getPath] [FilePath][String] [/storage/sdcard0]
D/S4URC   ( 3576): [SDK] [java.io.File] [Constructor] [FilePath][String] [/storage/sdcard0/Sonnenblume]
D/S4URC   ( 3576): [SDK] [java.io.File] [exists] [FilePath][String] [/storage/sdcard0/Sonnenblume]
D/S4URC   ( 3576): [NDK] [SYSCALL] [access] [PATH][string] [/storage/sdcard0/Sonnenblume]
D/S4URC   ( 3576): [SDK] [java.io.File] [getPath] [FilePath][String] [/storage/sdcard0/Sonnenblume]
D/S4URC   ( 3576): [SDK] [java.io.File] [exists] [FilePath][String] [/storage/sdcard0/Sonnenblume/sf_idle.ini]
D/S4URC   ( 3576): [NDK] [SYSCALL] [access] [PATH][string] [/storage/sdcard0/Sonnenblume/sf_idle.ini]
D/S4URC   ( 3576): [SDK] [java.io.File] [getPath] [FilePath][String] [/data/data/com.dfekrfriogtlktrlafretg.fioregtkgtjgkltlht.mx/shared_prefs/data_s.xml]
D/S4URC   ( 3576): [NDK] [SYSCALL] [chmod] [PATH][string] [/data/data/com.dfekrfriogtlktrlafretg.fioregtkgtjgkltlht.mx/shared_prefs/data_s.xml] [MODE][int] [0660]
D/S4URC   ( 3576): [SDK] [java.io.File] [getPath] [FilePath][String] [/data/data/com.dfekrfriogtlktrlafretg.fioregtkgtjgkltlht.mx/shared_prefs/data_s.xml]
D/S4URC   ( 3576): [NDK] [SYSCALL] [stat] [PATH][string] [/data/data/com.dfekrfriogtlktrlafretg.fioregtkgtjgkltlht.mx/shared_prefs/data_s.xml]
D/S4URC   ( 3576): [SDK] [java.io.File] [delete] [FilePath][String] [/data/data/com.dfekrfriogtlktrlafretg.fioregtkgtjgkltlht.mx/shared_prefs/data_s.xml.bak]
D/S4URC   ( 3576): [NDK] [SYSCALL] [lstat] [PATH][string] [/data/data/com.dfekrfriogtlktrlafretg.fioregtkgtjgkltlht.mx/shared_prefs/data_s.xml.bak]
D/S4URC   ( 3576): [SDK] [android.content.ContextWrapper][getSharedPreferences] [File][data_s.xml] [MODE][MODE_PRIVATE] [Method][commit]
D/S4URC   ( 3576): [SDK] [java.io.File] [getPath] [FilePath][String] [/data/data/com.dfekrfriogtlktrlafretg.fioregtkgtjgkltlht.mx]
D/S4URC   ( 3576): [NDK] [SYSCALL] [stat] [PATH][string] [/dev/urandom]
D/S4URC   ( 3576): [SDK] [java.io.File] [exists] [FilePath][String] [/data/data/com.dfekrfriogtlktrlafretg.fioregtkgtjgkltlht.mx/app_Sonnenblume]
D/S4URC   ( 3576): [NDK] [SYSCALL] [access] [PATH][string] [/data/data/com.dfekrfriogtlktrlafretg.fioregtkgtjgkltlht.mx/app_Sonnenblume]
D/S4URC   ( 3576): [NDK] [SYSCALL] [open] [PATH][string] [/dev/urandom] [RETURN][int] [47]
D/S4URC   ( 3576): [SDK] [java.io.File] [Constructor] [FilePath][String] [/data/data/com.dfekrfriogtlktrlafretg.fioregtkgtjgkltlht.mx/app_Sonnenblume]
D/S4URC   ( 3576): [SDK] [java.io.File] [exists] [FilePath][String] [/data/data/com.dfekrfriogtlktrlafretg.fioregtkgtjgkltlht.mx/app_Sonnenblume]
D/S4URC   ( 3576): [NDK] [SYSCALL] [access] [PATH][string] [/data/data/com.dfekrfriogtlktrlafretg.fioregtkgtjgkltlht.mx/app_Sonnenblume]
D/S4URC   ( 3576): [SDK] [java.io.File] [getPath] [FilePath][String] [/data/data/com.dfekrfriogtlktrlafretg.fioregtkgtjgkltlht.mx/app_Sonnenblume]
D/S4URC   ( 3576): [SDK] [java.io.File] [exists] [FilePath][String] [/data/data/com.dfekrfriogtlktrlafretg.fioregtkgtjgkltlht.mx/app_Sonnenblume/sf_idle.ini]
D/S4URC   ( 3576): [NDK] [SYSCALL] [access] [PATH][string] [/data/data/com.dfekrfriogtlktrlafretg.fioregtkgtjgkltlht.mx/app_Sonnenblume/sf_idle.ini]
D/S4URC   ( 3576): [SDK] [android.content.ContextWrapper][getSharedPreferences] [File][data_s.xml] [MODE][MODE_PRIVATE]
D/S4URC   ( 3576): [SDK] [android.content.ContextWrapper][getSharedPreferences] [File][data_s.xml] [MODE][MODE_PRIVATE] [Method][getIong] [Iong][onInits] [Return][0]
D/S4URC   ( 3576): [SDK] [android.content.ContextWrapper][getSharedPreferences] [File][data_s.xml] [MODE][MODE_PRIVATE]
D/S4URC   ( 3576): [SDK] [android.content.ContextWrapper][getSharedPreferences] [File][data_s.xml] [MODE][MODE_PRIVATE] [Method][getIong] [Iong][onInite] [Return][0]
D/S4URC   ( 3576): [SDK] [android.app.ActivityManager] [getRunningServices]
D/S4URC   ( 3576): [SDK] [android.app.ApplicationPackageManager] [getApplicationInfo] [FindApplicationName][String] [com.dfekrfriogtlktrlafretg.fioregtkgtjgkltlht.mx]
D/S4URC   ( 3576): [SDK] [java.io.File] [getPath] [FilePath][String] [/data/data/com.dfekrfriogtlktrlafretg.fioregtkgtjgkltlht.mx/files/st_database.db]
D/S4URC   ( 3576): [NDK] [SYSCALL] [stat] [PATH][string] [/data/data/com.dfekrfriogtlktrlafretg.fioregtkgtjgkltlht.mx/files/st_database.db]
D/S4URC   ( 3576): [NDK] [SYSCALL] [open] [PATH][string] [/data/data/com.dfekrfriogtlktrlafretg.fioregtkgtjgkltlht.mx/files/st_database.db] [RETURN][int] [47]
D/S4URC   ( 3576): [NDK] [SYSCALL] [stat] [PATH][string] [/data/data/com.dfekrfriogtlktrlafretg.fioregtkgtjgkltlht.mx/files/st_database.db]
D/S4URC   ( 3576): [NDK] [SYSCALL] [access] [PATH][string] [/data/data/com.dfekrfriogtlktrlafretg.fioregtkgtjgkltlht.mx/files/st_database.db-journal]
D/S4URC   ( 3576): [NDK] [SYSCALL] [unlink] [PATH][string] [/data/data/com.dfekrfriogtlktrlafretg.fioregtkgtjgkltlht.mx/files/st_database.db-wal]
D/S4URC   ( 3576): [NDK] [SYSCALL] [access] [PATH][string] [/data/data/com.dfekrfriogtlktrlafretg.fioregtkgtjgkltlht.mx/files/st_database.db-journal]
D/S4URC   ( 3576): [NDK] [SYSCALL] [unlink] [PATH][string] [/data/data/com.dfekrfriogtlktrlafretg.fioregtkgtjgkltlht.mx/files/st_database.db-wal]
D/S4URC   ( 3576): [NDK] [SYSCALL] [stat] [PATH][string] [/data/data/com.dfekrfriogtlktrlafretg.fioregtkgtjgkltlht.mx/files/st_database.db]
D/S4URC   ( 3576): [NDK] [SYSCALL] [open] [PATH][string] [/data/data/com.dfekrfriogtlktrlafretg.fioregtkgtjgkltlht.mx/files/st_database.db-journal] [RETURN][int] [98]
D/S4URC   ( 3576): [SDK] [java.lang.Class] [forName] [FindClass][String] [com.snowfish.android.ahelper.AHelperMetaData]
D/S4URC   ( 3576): [NDK] [SYSCALL] [open] [PATH][string] [/data/data/com.dfekrfriogtlktrlafretg.fioregtkgtjgkltlht.mx/files] [RETURN][int] [115]
D/S4URC   ( 3576): [SDK] [android.app.ApplicationPackageManager] [getApplicationInfo] [FindApplicationName][String] [com.dfekrfriogtlktrlafretg.fioregtkgtjgkltlht.mx]
D/S4URC   ( 3847): [SDK] [java.io.File] [Constructor] [FilePath][String] [/storage/sdcard0]
D/S4URC   ( 3576): [SDK] [java.lang.Class] [forName] [FindClass][String] [com.sf.factory.ACI]
D/S4URC   ( 3576): [SDK] [java.io.File] [Constructor] [FilePath][String] [/proc/cpuinfo]
D/S4URC   ( 3576): [SDK] [java.io.File] [getPath] [FilePath][String] [/proc/cpuinfo]
D/S4URC   ( 3576): [NDK] [SYSCALL] [open] [PATH][string] [/proc/cpuinfo] [RETURN][int] [148]
D/S4URC   ( 3847): [SDK] [java.io.File] [Constructor] [FilePath][String] [/storage/sdcard0]
D/S4URC   ( 3847): [SDK] [java.io.File] [Constructor] [FilePath][String] [/storage/sdcard1]
D/S4URC   ( 3847): [SDK] [java.io.File] [Constructor] [FilePath][String] [/storage/usb2host]
D/S4URC   ( 3847): [SDK] [java.io.File] [Constructor] [FilePath][String] [/storage/usb3device]
D/S4URC   ( 3847): [SDK] [java.io.File] [Constructor] [FilePath][String] [/storage/usb3host]
D/S4URC   ( 3576): [SDK] [java.lang.Class] [forName] [FindClass][String] [com.snowfish.android.ahelper.AHelperMetaData]
D/S4URC   ( 3576): [SDK] [android.app.ApplicationPackageManager] [getApplicationInfo] [FindApplicationName][String] [com.dfekrfriogtlktrlafretg.fioregtkgtjgkltlht.mx]
D/S4URC   ( 3576): [SDK] [android.app.ApplicationPackageManager] [getPackageInfo] [FindPackageName][String] [com.dfekrfriogtlktrlafretg.fioregtkgtjgkltlht.mx]
D/S4URC   ( 3847): [SDK] [android.os.Environment] [getExternalStorageState] [ExternalStorageState][String] [mounted]
D/S4URC   ( 3847): [SDK] [java.io.File] [getPath] [FilePath][String] [/storage/sdcard0]
D/S4URC   ( 3847): [SDK] [android.os.Environment] [getExternalStorageDirectory] [DirectoryPath][String] [/storage/sdcard0]
D/S4URC   ( 3847): [SDK] [java.io.File] [getPath] [FilePath][String] [/storage/sdcard0]
D/S4URC   ( 3576): [NDK] [SYSCALL] [access] [PATH][string] [/data/data/com.dfekrfriogtlktrlafretg.fioregtkgtjgkltlht.mx/files/st_database.db-journal]
D/S4URC   ( 3576): [NDK] [SYSCALL] [stat] [PATH][string] [/data/data/com.dfekrfriogtlktrlafretg.fioregtkgtjgkltlht.mx/files/st_database.db-journal]
D/S4URC   ( 3576): [NDK] [SYSCALL] [stat] [PATH][string] [/data/data/com.dfekrfriogtlktrlafretg.fioregtkgtjgkltlht.mx/files/st_database.db]
D/S4URC   ( 3576): [SDK] [android.app.ApplicationPackageManager] [getApplicationInfo] [FindApplicationName][String] [com.dfekrfriogtlktrlafretg.fioregtkgtjgkltlht.mx]
D/S4URC   ( 3576): [NDK] [SYSCALL] [open] [PATH][string] [/data/data/com.dfekrfriogtlktrlafretg.fioregtkgtjgkltlht.mx/files/st_database.db-journal] [RETURN][int] [98]
D/S4URC   ( 3576): [NDK] [SYSCALL] [access] [PATH][string] [/data/data/com.dfekrfriogtlktrlafretg.fioregtkgtjgkltlht.mx/files/st_database.db-wal]
D/S4URC   ( 3576): [NDK] [SYSCALL] [access] [PATH][string] [/data/data/com.dfekrfriogtlktrlafretg.fioregtkgtjgkltlht.mx/files/st_database.db-journal]
D/S4URC   ( 3576): [NDK] [SYSCALL] [stat] [PATH][string] [/data/data/com.dfekrfriogtlktrlafretg.fioregtkgtjgkltlht.mx/files/st_database.db-journal]
D/S4URC   ( 3576): [NDK] [SYSCALL] [stat] [PATH][string] [/data/data/com.dfekrfriogtlktrlafretg.fioregtkgtjgkltlht.mx/files/st_database.db]
D/S4URC   ( 3576): [NDK] [SYSCALL] [open] [PATH][string] [/data/data/com.dfekrfriogtlktrlafretg.fioregtkgtjgkltlht.mx/files/st_database.db-journal] [RETURN][int] [98]
D/S4URC   ( 3576): [NDK] [SYSCALL] [access] [PATH][string] [/data/data/com.dfekrfriogtlktrlafretg.fioregtkgtjgkltlht.mx/files/st_database.db-wal]
D/S4URC   ( 3576): [NDK] [SYSCALL] [lstat] [PATH][string] [/storage/sdcard0]
D/S4URC   ( 3576): [NDK] [SYSCALL] [access] [PATH][string] [/data/data/com.dfekrfriogtlktrlafretg.fioregtkgtjgkltlht.mx/files/st_database.db-journal]
D/S4URC   ( 3576): [NDK] [SYSCALL] [open] [PATH][string] [/data/data/com.dfekrfriogtlktrlafretg.fioregtkgtjgkltlht.mx/files] [RETURN][int] [115]
D/S4URC   ( 3576): [NDK] [SYSCALL] [access] [PATH][string] [/data/data/com.dfekrfriogtlktrlafretg.fioregtkgtjgkltlht.mx/files/st_database.db-journal]
D/S4URC   ( 3576): [NDK] [SYSCALL] [stat] [PATH][string] [/data/data/com.dfekrfriogtlktrlafretg.fioregtkgtjgkltlht.mx/files/st_database.db]
D/S4URC   ( 3576): [NDK] [SYSCALL] [open] [PATH][string] [/data/data/com.dfekrfriogtlktrlafretg.fioregtkgtjgkltlht.mx/files/st_database.db-journal] [RETURN][int] [115]
D/S4URC   ( 3576): [NDK] [SYSCALL] [access] [PATH][string] [/data/data/com.dfekrfriogtlktrlafretg.fioregtkgtjgkltlht.mx/files/st_database.db-wal]
D/S4URC   ( 3576): [NDK] [SYSCALL] [access] [PATH][string] [/data/data/com.dfekrfriogtlktrlafretg.fioregtkgtjgkltlht.mx/files/st_database.db-journal]
D/S4URC   ( 3576): [NDK] [SYSCALL] [stat] [PATH][string] [/data/data/com.dfekrfriogtlktrlafretg.fioregtkgtjgkltlht.mx/files/st_database.db-journal]
D/S4URC   ( 3576): [NDK] [SYSCALL] [stat] [PATH][string] [/data/data/com.dfekrfriogtlktrlafretg.fioregtkgtjgkltlht.mx/files/st_database.db]
D/S4URC   ( 3576): [NDK] [SYSCALL] [open] [PATH][string] [/data/data/com.dfekrfriogtlktrlafretg.fioregtkgtjgkltlht.mx/files/st_database.db-journal] [RETURN][int] [98]
D/S4URC   ( 3576): [NDK] [SYSCALL] [access] [PATH][string] [/data/data/com.dfekrfriogtlktrlafretg.fioregtkgtjgkltlht.mx/files/st_database.db-wal]
D/S4URC   ( 3576): [NDK] [SYSCALL] [stat] [PATH][string] [/data/data/com.dfekrfriogtlktrlafretg.fioregtkgtjgkltlht.mx/files/st_database.db]
D/S4URC   ( 3576): [NDK] [SYSCALL] [open] [PATH][string] [/data/data/com.dfekrfriogtlktrlafretg.fioregtkgtjgkltlht.mx/files/st_database.db-journal] [RETURN][int] [98]
D/S4URC   ( 3576): [SDK] [java.io.File] [Constructor] [FilePath][String] [/proc/meminfo]
D/S4URC   ( 3576): [SDK] [java.io.File] [getPath] [FilePath][String] [/proc/meminfo]
D/S4URC   ( 3576): [NDK] [SYSCALL] [open] [PATH][string] [/proc/meminfo] [RETURN][int] [115]
D/S4URC   ( 3576): [SDK] [java.lang.Class] [forName] [FindClass][String] [com.snowfish.a.a.p.IAHelper]
D/S4URC   ( 3576): [SDK] [android.app.ApplicationPackageManager] [getApplicationInfo] [FindApplicationName][String] [com.dfekrfriogtlktrlafretg.fioregtkgtjgkltlht.mx]
D/S4URC   ( 3576): [SDK] [java.lang.Class] [forName] [FindClass][String] [android.os.SystemProperties]
D/S4URC   ( 3576): [NDK] [SYSCALL] [open] [PATH][string] [/data/data/com.dfekrfriogtlktrlafretg.fioregtkgtjgkltlht.mx/files] [RETURN][int] [115]
D/S4URC   ( 3576): [SDK] [javax.crypto.spec.SecretKeySpec][Constructor] [KEY][cmwAAAAAAAA=][type][DES][javax.crypto.Cipher][getInstance] [Cipher][DES] [javax.crypto.Cipher][getInstance] [Cipher][DES] [javax.crypto.Cipher][getInstance] [Cipher][DES] [javax.crypto.Cipher][getInstance] [Cipher][DES] [javax.crypto.Cipher][doFinal] [Data][4jAmwdOHkPGrF//dA8A87E5Bh/7gieES] [Return][L2RhdGEvZGF0YS8=.]
D/S4URC   ( 3576): [SDK] [javax.crypto.spec.SecretKeySpec][Constructor] [KEY][cmwAAAAAAAA=][type][DES][javax.crypto.Cipher][getInstance] [Cipher][DES] [javax.crypto.Cipher][getInstance] [Cipher][DES] [javax.crypto.Cipher][getInstance] [Cipher][DES] [javax.crypto.Cipher][getInstance] [Cipher][DES] [javax.crypto.Cipher][doFinal] [Data][pfWb/NJPJypOQYf+4InhEg==] [Return][YmFlYQ==.]
D/S4URC   ( 3576): [SDK] [java.io.File] [Constructor] [FilePath][String] [/data/data/com.dfekrfriogtlktrlafretg.fioregtkgtjgkltlht.mx/baea]
D/S4URC   ( 3576): [SDK] [java.io.File] [exists] [FilePath][String] [/data/data/com.dfekrfriogtlktrlafretg.fioregtkgtjgkltlht.mx/baea]
D/S4URC   ( 3576): [NDK] [SYSCALL] [access] [PATH][string] [/data/data/com.dfekrfriogtlktrlafretg.fioregtkgtjgkltlht.mx/baea]
D/S4URC   ( 3576): [SDK] [java.io.File] [isFile] [FilePath][String] [/data/data/com.dfekrfriogtlktrlafretg.fioregtkgtjgkltlht.mx/baea]
D/S4URC   ( 3576): [SDK] [android.database.sqlite.SQLiteDatabase] [insert] [Table][String] [userevent]
D/S4URC   ( 3576): [NDK] [SYSCALL] [stat] [PATH][string] [/data/data/com.dfekrfriogtlktrlafretg.fioregtkgtjgkltlht.mx/baea]
D/S4URC   ( 3576): [NDK] [SYSCALL] [stat] [PATH][string] [/data/data/com.dfekrfriogtlktrlafretg.fioregtkgtjgkltlht.mx/files/st_database.db]
D/S4URC   ( 3576): [SDK] [android.content.ContextWrapper][getSharedPreferences] [File][data_s.xml] [MODE][MODE_PRIVATE]
D/S4URC   ( 3576): [SDK] [android.content.ContextWrapper][getSharedPreferences] [File][data_s.xml] [MODE][MODE_PRIVATE] [Method][getIong] [Iong][lastStart] [Return][-1]
D/S4URC   ( 3576): [NDK] [SYSCALL] [stat] [PATH][string] [/data/data/com.dfekrfriogtlktrlafretg.fioregtkgtjgkltlht.mx/baea/tmb.jar]
D/S4URC   ( 3576): [SDK] [java.io.File] [getPath] [FilePath][String] [/data/data/com.dfekrfriogtlktrlafretg.fioregtkgtjgkltlht.mx/shared_prefs/data_s.xml]
D/S4URC   ( 3576): [NDK] [SYSCALL] [lstat] [PATH][string] [/data/data/com.dfekrfriogtlktrlafretg.fioregtkgtjgkltlht.mx/shared_prefs/data_s.xml.bak]
D/S4URC   ( 3576): [NDK] [SYSCALL] [stat] [PATH][string] [/vendor/lib]
D/S4URC   ( 3576): [SDK] [java.io.File] [Constructor] [FilePath][String] [/storage/sdcard1]
D/S4URC   ( 3576): [NDK] [SYSCALL] [lstat] [PATH][string] [/storage]
D/S4URC   ( 3576): [NDK] [SYSCALL] [lstat] [PATH][string] [/storage/sdcard0]
D/S4URC   ( 3576): [SDK] [java.io.File] [Constructor] [FilePath][String] [/storage/sdcard0]
D/S4URC   ( 3576): [SDK] [android.os.Environment] [getExternalStorageState] [ExternalStorageState][String] [mounted]
D/S4URC   ( 3576): [SDK] [java.io.File] [getPath] [FilePath][String] [/data/data/com.dfekrfriogtlktrlafretg.fioregtkgtjgkltlht.mx]
D/S4URC   ( 3576): [NDK] [SYSCALL] [open] [PATH][string] [/data/data/com.dfekrfriogtlktrlafretg.fioregtkgtjgkltlht.mx/databases] [RETURN][int] [63]
D/S4URC   ( 3576): [NDK] [SYSCALL] [access] [PATH][string] [/data/data/com.dfekrfriogtlktrlafretg.fioregtkgtjgkltlht.mx/databases/MA_epay_db-journal]
D/S4URC   ( 3576): [NDK] [SYSCALL] [stat] [PATH][string] [/data/data/com.dfekrfriogtlktrlafretg.fioregtkgtjgkltlht.mx/databases/MA_epay_db-journal]
D/S4URC   ( 3576): [NDK] [SYSCALL] [stat] [PATH][string] [/data/data/com.dfekrfriogtlktrlafretg.fioregtkgtjgkltlht.mx/databases/MA_epay_db]
D/S4URC   ( 3576): [NDK] [SYSCALL] [access] [PATH][string] [/data/data/com.dfekrfriogtlktrlafretg.fioregtkgtjgkltlht.mx/databases/MA_epay_db-journal]
D/S4URC   ( 3576): [NDK] [SYSCALL] [open] [PATH][string] [/data/data/com.dfekrfriogtlktrlafretg.fioregtkgtjgkltlht.mx/databases] [RETURN][int] [66]
D/S4URC   ( 3576): [SDK] [java.lang.Class] [forName] [FindClass][String] [android.telephony.MSimTelephonyManager]
D/S4URC   ( 3576): [NDK] [SYSCALL] [access] [PATH][string] [/data/data/com.dfekrfriogtlktrlafretg.fioregtkgtjgkltlht.mx/databases/MA_epay_db-journal]
D/S4URC   ( 3576): [NDK] [SYSCALL] [stat] [PATH][string] [/data/data/com.dfekrfriogtlktrlafretg.fioregtkgtjgkltlht.mx/databases/MA_epay_db-journal]
D/S4URC   ( 3576): [NDK] [SYSCALL] [stat] [PATH][string] [/data/data/com.dfekrfriogtlktrlafretg.fioregtkgtjgkltlht.mx/databases/MA_epay_db]
D/S4URC   ( 3576): [NDK] [SYSCALL] [open] [PATH][string] [/data/data/com.dfekrfriogtlktrlafretg.fioregtkgtjgkltlht.mx/databases/MA_epay_db-journal] [RETURN][int] [66]
D/S4URC   ( 3576): [NDK] [SYSCALL] [access] [PATH][string] [/data/data/com.dfekrfriogtlktrlafretg.fioregtkgtjgkltlht.mx/databases/MA_epay_db-wal]
D/S4URC   ( 3576): [NDK] [SYSCALL] [stat] [PATH][string] [/data/data/com.dfekrfriogtlktrlafretg.fioregtkgtjgkltlht.mx/databases/MA_epay_db]
D/S4URC   ( 3576): [SDK] [android.app.ApplicationPackageManager] [getPackageInfo] [FindPackageName][String] [com.dfekrfriogtlktrlafretg.fioregtkgtjgkltlht.mx]
D/S4URC   ( 3576): [SDK] [java.io.File] [getPath] [FilePath][String] [/data/data/com.dfekrfriogtlktrlafretg.fioregtkgtjgkltlht.mx/databases]
D/S4URC   ( 3576): [SDK] [android.app.ApplicationPackageManager] [getPackageInfo] [FindPackageName][String] [com.vulnhunt.cloudscan]
D/S4URC   ( 3576): [SDK] [android.app.ApplicationPackageManager] [getPackageInfo] [FindPackageName][String] [com.ijinshan.duba]
D/S4URC   ( 3576): [SDK] [android.app.ApplicationPackageManager] [getPackageInfo] [FindPackageName][String] [org.antivirus]
D/S4URC   ( 3576): [SDK] [android.app.ApplicationPackageManager] [getPackageInfo] [FindPackageName][String] [com.kms.free]
D/S4URC   ( 3576): [SDK] [android.app.ApplicationPackageManager] [getPackageInfo] [FindPackageName][String] [com.tencent.qqpimsecure]
D/S4URC   ( 3576): [SDK] [android.app.ApplicationPackageManager] [getPackageInfo] [FindPackageName][String] [com.lbe.security]
D/S4URC   ( 3576): [SDK] [android.app.ApplicationPackageManager] [getPackageInfo] [FindPackageName][String] [com.trustgo.mobile.security]
D/S4URC   ( 3576): [SDK] [android.app.ApplicationPackageManager] [getPackageInfo] [FindPackageName][String] [cn.opda.a.phonoalbumshoushou]
D/S4URC   ( 3576): [SDK] [android.app.ApplicationPackageManager] [getPackageInfo] [FindPackageName][String] [com.qihoo360.mobilesafe]
D/S4URC   ( 3576): [SDK] [android.app.ApplicationPackageManager] [getPackageInfo] [FindPackageName][String] [project.rising]
D/S4URC   ( 3576): [SDK] [android.app.ApplicationPackageManager] [getPackageInfo] [FindPackageName][String] [com.eset.ems2.gp]
D/S4URC   ( 3576): [SDK] [android.app.ApplicationPackageManager] [getPackageInfo] [FindPackageName][String] [com.lookout]
D/S4URC   ( 3576): [SDK] [java.io.File] [Constructor] [FilePath][String] [/sys/class/net]
D/S4URC   ( 3576): [SDK] [java.io.File] [list] [FilePath][String] [/sys/class/net]
D/S4URC   ( 3576): [NDK] [SYSCALL] [open] [PATH][string] [/sys/class/net] [RETURN][int] [47]
D/S4URC   ( 3576): [NDK] [SYSCALL] [getdents] [PATH][string] [.]
D/S4URC   ( 3576): [NDK] [SYSCALL] [open] [PATH][string] [/proc/net/if_inet6] [RETURN][int] [47]
D/S4URC   ( 3576): [NDK] [SYSCALL] [open] [PATH][string] [/sys/class/net/ip6tnl0/ifindex] [RETURN][int] [47]
D/S4URC   ( 3576): [NDK] [SYSCALL] [socket] [TYPE][string] [UDP]
D/S4URC   ( 3576): [NDK] [SYSCALL] [open] [PATH][string] [/sys/class/net/lo/ifindex] [RETURN][int] [47]
D/S4URC   ( 3576): [NDK] [SYSCALL] [socket] [TYPE][string] [UDP]
D/S4URC   ( 3576): [NDK] [SYSCALL] [open] [PATH][string] [/sys/class/net/sit0/ifindex] [RETURN][int] [47]
D/S4URC   ( 3576): [NDK] [SYSCALL] [socket] [TYPE][string] [UDP]
D/S4URC   ( 3576): [NDK] [SYSCALL] [open] [PATH][string] [/sys/class/net/wlan0/ifindex] [RETURN][int] [47]
D/S4URC   ( 3576): [NDK] [SYSCALL] [socket] [TYPE][string] [UDP]
D/S4URC   ( 3576): [NDK] [SYSCALL] [open] [PATH][string] [/sys/class/net/ip6tnl0/flags] [RETURN][int] [47]
D/S4URC   ( 3576): [NDK] [SYSCALL] [open] [PATH][string] [/sys/class/net/lo/flags] [RETURN][int] [47]
D/S4URC   ( 3576): [NDK] [SYSCALL] [open] [PATH][string] [/sys/class/net/sit0/flags] [RETURN][int] [47]
D/S4URC   ( 3576): [NDK] [SYSCALL] [open] [PATH][string] [/sys/class/net/wlan0/flags] [RETURN][int] [47]
D/S4URC   ( 3576): [SDK] [android.app.ApplicationPackageManager] [getApplicationInfo] [FindApplicationName][String] [com.dfekrfriogtlktrlafretg.fioregtkgtjgkltlht.mx]
D/S4URC   ( 3576): [NDK] [SYSCALL] [lstat] [PATH][string] [/storage]
D/S4URC   ( 3576): [NDK] [SYSCALL] [lstat] [PATH][string] [/storage/sdcard0]
D/S4URC   ( 3576): [SDK] [java.io.File] [Constructor] [FilePath][String] [/storage/sdcard0]
D/S4URC   ( 3576): [SDK] [java.io.File] [Constructor] [FilePath][String] [/storage/sdcard1]
D/S4URC   ( 3576): [SDK] [java.io.File] [Constructor] [FilePath][String] [/storage/usb2host]
D/S4URC   ( 3576): [SDK] [java.io.File] [Constructor] [FilePath][String] [/storage/usb3device]
D/S4URC   ( 3576): [SDK] [java.io.File] [Constructor] [FilePath][String] [/storage/usb3host]
D/S4URC   ( 3576): [SDK] [android.os.Environment] [getExternalStorageState] [ExternalStorageState][String] [mounted]
D/S4URC   ( 3576): [SDK] [java.io.File] [getPath] [FilePath][String] [/storage/sdcard0]
D/S4URC   ( 3576): [SDK] [android.os.Environment] [getExternalStorageDirectory] [DirectoryPath][String] [/storage/sdcard0]
D/S4URC   ( 3576): [SDK] [java.io.File] [getPath] [FilePath][String] [/storage/sdcard0]
D/S4URC   ( 3576): [SDK] [android.os.Environment] [getExternalStorageDirectory] [DirectoryPath][String] [/storage/sdcard0]
D/S4URC   ( 3576): [SDK] [java.io.File] [getPath] [FilePath][String] [/storage/sdcard0]
D/S4URC   ( 3576): [SDK] [java.io.File] [Constructor] [FilePath][String] [/storage/sdcard0/Sonnenblume]
D/S4URC   ( 3576): [SDK] [java.io.File] [exists] [FilePath][String] [/storage/sdcard0/Sonnenblume]
D/S4URC   ( 3576): [NDK] [SYSCALL] [access] [PATH][string] [/storage/sdcard0/Sonnenblume]
D/S4URC   ( 3576): [SDK] [java.io.File] [exists] [FilePath][String] [/storage/sdcard0/Sonnenblume/{be2355db-d785e335}.PC1]
D/S4URC   ( 3576): [NDK] [SYSCALL] [access] [PATH][string] [/storage/sdcard0/Sonnenblume/{be2355db-d785e335}.PC1]
D/S4URC   ( 3576): [SDK] [java.io.File] [getPath] [FilePath][String] [/data/data/com.dfekrfriogtlktrlafretg.fioregtkgtjgkltlht.mx]
D/S4URC   ( 3576): [SDK] [java.io.File] [exists] [FilePath][String] [/data/data/com.dfekrfriogtlktrlafretg.fioregtkgtjgkltlht.mx/app_Sonnenblume]
D/S4URC   ( 3576): [NDK] [SYSCALL] [access] [PATH][string] [/data/data/com.dfekrfriogtlktrlafretg.fioregtkgtjgkltlht.mx/app_Sonnenblume]
D/S4URC   ( 3576): [SDK] [java.io.File] [getPath] [FilePath][String] [/data/data/com.dfekrfriogtlktrlafretg.fioregtkgtjgkltlht.mx/app_Sonnenblume]
D/S4URC   ( 3576): [SDK] [java.io.File] [exists] [FilePath][String] [/data/data/com.dfekrfriogtlktrlafretg.fioregtkgtjgkltlht.mx/app_Sonnenblume/{6109AB2B-769CFABF}_{A5B53295-3E6F0B2B}.P2]
D/S4URC   ( 3576): [NDK] [SYSCALL] [access] [PATH][string] [/data/data/com.dfekrfriogtlktrlafretg.fioregtkgtjgkltlht.mx/app_Sonnenblume/{6109AB2B-769CFABF}_{A5B53295-3E6F0B2B}.P2]
D/S4URC   ( 3576): [SDK] [java.io.File] [getPath] [FilePath][String] [/data/data/com.dfekrfriogtlktrlafretg.fioregtkgtjgkltlht.mx]
D/S4URC   ( 3576): [SDK] [java.io.File] [exists] [FilePath][String] [/data/data/com.dfekrfriogtlktrlafretg.fioregtkgtjgkltlht.mx/app_Sonnenblume]
D/S4URC   ( 3576): [NDK] [SYSCALL] [access] [PATH][string] [/data/data/com.dfekrfriogtlktrlafretg.fioregtkgtjgkltlht.mx/app_Sonnenblume]
D/S4URC   ( 3576): [SDK] [java.io.File] [getPath] [FilePath][String] [/data/data/com.dfekrfriogtlktrlafretg.fioregtkgtjgkltlht.mx/app_Sonnenblume]
D/S4URC   ( 3576): [SDK] [java.io.File] [getPath] [FilePath][String] [/data/data/com.dfekrfriogtlktrlafretg.fioregtkgtjgkltlht.mx]
D/S4URC   ( 3576): [SDK] [java.io.File] [getPath] [FilePath][String] [/storage/sdcard0/Sonnenblume/res.apk]
D/S4URC   ( 3576): [SDK] [android.app.ApplicationPackageManager] [getApplicationInfo] [FindApplicationName][String] [com.dfekrfriogtlktrlafretg.fioregtkgtjgkltlht.mx]
D/S4URC   ( 3576): [SDK] [java.net] [HttpURLConnection] [URL][String] [http://61.129.15.31:5284/android.frontserver/pcsvc]
D/S4URC   ( 3576): [SDK] [android.app.ApplicationPackageManager] [getApplicationInfo] [FindApplicationName][String] [com.dfekrfriogtlktrlafretg.fioregtkgtjgkltlht.mx]
D/S4URC   ( 3576): [NDK] [SYSCALL] [lstat] [PATH][string] [/storage]
D/S4URC   ( 3576): [NDK] [SYSCALL] [lstat] [PATH][string] [/storage/sdcard0]
D/S4URC   ( 3576): [SDK] [java.io.File] [Constructor] [FilePath][String] [/storage/sdcard0]
D/S4URC   ( 3847): [SDK] [java.io.File] [Constructor] [FilePath][String] [/storage/sdcard0]
D/S4URC   ( 3847): [SDK] [java.io.File] [Constructor] [FilePath][String] [/storage/sdcard1]
D/S4URC   ( 3847): [SDK] [java.io.File] [Constructor] [FilePath][String] [/storage/usb2host]
D/S4URC   ( 3847): [SDK] [java.io.File] [Constructor] [FilePath][String] [/storage/usb3device]
D/S4URC   ( 3847): [SDK] [java.io.File] [Constructor] [FilePath][String] [/storage/usb3host]
D/S4URC   ( 3847): [SDK] [android.os.Environment] [getExternalStorageState] [ExternalStorageState][String] [mounted]
D/S4URC   ( 3847): [SDK] [java.io.File] [getPath] [FilePath][String] [/storage/sdcard0]
D/S4URC   ( 3847): [SDK] [android.os.Environment] [getExternalStorageDirectory] [DirectoryPath][String] [/storage/sdcard0]
D/S4URC   ( 3847): [SDK] [java.io.File] [getPath] [FilePath][String] [/storage/sdcard0]
D/S4URC   ( 3847): [SDK] [android.os.Environment] [getExternalStorageDirectory] [DirectoryPath][String] [/storage/sdcard0]
D/S4URC   ( 3847): [SDK] [java.io.File] [Constructor] [FilePath][String] [/storage/sdcard0/Sonnenblume]
D/S4URC   ( 3847): [SDK] [java.io.File] [exists] [FilePath][String] [/storage/sdcard0/Sonnenblume]
D/S4URC   ( 3847): [SDK] [java.io.File] [getPath] [FilePath][String] [/storage/sdcard0/Sonnenblume]
D/S4URC   ( 3847): [SDK] [java.io.File] [exists] [FilePath][String] [/storage/sdcard0/Sonnenblume/sf_idle.ini]
D/S4URC   ( 3847): [SDK] [java.io.File] [getPath] [FilePath][String] [/data/data/com.dfekrfriogtlktrlafretg.fioregtkgtjgkltlht.mx]
D/S4URC   ( 3847): [SDK] [java.io.File] [exists] [FilePath][String] [/data/data/com.dfekrfriogtlktrlafretg.fioregtkgtjgkltlht.mx/app_Sonnenblume]
D/S4URC   ( 3847): [SDK] [java.io.File] [Constructor] [FilePath][String] [/data/data/com.dfekrfriogtlktrlafretg.fioregtkgtjgkltlht.mx/app_Sonnenblume]
D/S4URC   ( 3847): [SDK] [java.io.File] [exists] [FilePath][String] [/data/data/com.dfekrfriogtlktrlafretg.fioregtkgtjgkltlht.mx/app_Sonnenblume]
D/S4URC   ( 3847): [SDK] [java.io.File] [getPath] [FilePath][String] [/data/data/com.dfekrfriogtlktrlafretg.fioregtkgtjgkltlht.mx/app_Sonnenblume]
D/S4URC   ( 3847): [SDK] [java.io.File] [exists] [FilePath][String] [/data/data/com.dfekrfriogtlktrlafretg.fioregtkgtjgkltlht.mx/app_Sonnenblume/sf_idle.ini]
D/S4URC   ( 3847): [SDK] [java.lang.Class] [forName] [FindClass][String] [com.sf.factory.ACI]
D/S4URC   ( 3847): [SDK] [java.io.File] [Constructor] [FilePath][String] [/proc/cpuinfo]
D/S4URC   ( 3847): [SDK] [java.io.File] [getPath] [FilePath][String] [/proc/cpuinfo]
D/S4URC   ( 3847): [SDK] [java.lang.Class] [forName] [FindClass][String] [com.snowfish.android.ahelper.AHelperMetaData]
D/S4URC   ( 3847): [SDK] [android.app.ApplicationPackageManager] [getApplicationInfo] [FindApplicationName][String] [com.dfekrfriogtlktrlafretg.fioregtkgtjgkltlht.mx]
D/S4URC   ( 3847): [SDK] [java.io.File] [Constructor] [FilePath][String] [/storage/sdcard0]
D/S4URC   ( 3847): [SDK] [java.io.File] [Constructor] [FilePath][String] [/storage/sdcard1]
D/S4URC   ( 3847): [SDK] [java.io.File] [Constructor] [FilePath][String] [/storage/usb2host]
D/S4URC   ( 3847): [SDK] [java.io.File] [Constructor] [FilePath][String] [/storage/usb3device]
D/S4URC   ( 3847): [SDK] [java.io.File] [Constructor] [FilePath][String] [/storage/usb3host]
D/S4URC   ( 3847): [SDK] [android.os.Environment] [getExternalStorageState] [ExternalStorageState][String] [mounted]
D/S4URC   ( 3847): [SDK] [java.io.File] [getPath] [FilePath][String] [/storage/sdcard0]
D/S4URC   ( 3847): [SDK] [android.os.Environment] [getExternalStorageDirectory] [DirectoryPath][String] [/storage/sdcard0]
D/S4URC   ( 3576): [SDK] [android.app.ApplicationPackageManager] [getApplicationInfo] [FindApplicationName][String] [com.dfekrfriogtlktrlafretg.fioregtkgtjgkltlht.mx]
D/S4URC   ( 3576): [SDK] [android.app.ApplicationPackageManager] [getPackageInfo] [FindPackageName][String] [com.dfekrfriogtlktrlafretg.fioregtkgtjgkltlht.mx]
D/S4URC   ( 3847): [SDK] [java.io.File] [getPath] [FilePath][String] [/proc/meminfo]
D/S4URC   ( 3847): [SDK] [java.lang.Class] [forName] [FindClass][String] [android.os.SystemProperties]
D/S4URC   ( 3847): [SDK] [java.io.File] [Constructor] [FilePath][String] [/storage/sdcard0]
D/S4URC   ( 3576): [SDK] [android.content.Intent] [Constructor] [IntentInfo][String] [com.snowfish.a.a.s.ABGSvc]
D/S4URC   ( 3847): [SDK] [java.io.File] [Constructor] [FilePath][String] [/storage/sdcard0]
D/S4URC   ( 3847): [SDK] [java.io.File] [Constructor] [FilePath][String] [/storage/sdcard1]
