D/S4URC   ( 2302): [SDK] [android.content.Intent] [Constructor] [IntentInfo][String] [com.facebook.rti.mqtt.e.g.ACTION_ALARM.FBNS.com.facebook.lite]
D/S4URC   ( 2302): [SDK] [android.content.ContextWrapper] [registerReceiver][IntentFilter][com.facebook.rti.mqtt.e.a.ACTION_EXACT_ALARM.FBNS.com.facebook.lite,
D/S4URC   ( 2302): [SDK] [android.content.ContextWrapper] [registerReceiver][IntentFilter][com.facebook.rti.mqtt.e.a.ACTION_INEXACT_ALARM.FBNS.com.facebook.lite,
D/S4URC   ( 2302): [SDK] [android.content.ContextWrapper] [registerReceiver][IntentFilter][com.facebook.rti.mqtt.e.a.ACTION_BACKUP_ALARM.FBNS.com.facebook.lite,
D/S4URC   ( 2302): [SDK] [android.content.ContextWrapper] [registerReceiver][IntentFilter][com.facebook.rti.mqtt.e.g.ACTION_ALARM.FBNS.com.facebook.lite,
D/S4URC   ( 2302): [SDK] [java.io.File] [getPath] [FilePath][String] [/data/data/com.facebook.lite/shared_prefs/rti.mqtt.mqtt_config.xml]
D/S4URC   ( 2302): [SDK] [android.content.ContextWrapper][getSharedPreferences] [File][rti.mqtt.mqtt_config.xml] [MODE][APPEND or MULTI_PROCESS]
D/S4URC   ( 2302): [SDK] [java.io.File] [exists] [FilePath][String] [/data/data/com.facebook.lite/shared_prefs/rti.mqtt.mqtt_config.xml.bak]
D/S4URC   ( 2302): [SDK] [java.io.File] [exists] [FilePath][String] [/data/data/com.facebook.lite/shared_prefs/rti.mqtt.mqtt_config.xml]
D/S4URC   ( 2302): [SDK] [java.io.File] [getPath] [FilePath][String] [/data/data/com.facebook.lite/shared_prefs/rti.mqtt.mqtt_config.xml]
D/S4URC   ( 2302): [SDK] [android.content.ContextWrapper][getSharedPreferences] [File][rti.mqtt.mqtt_config.xml] [MODE][APPEND or MULTI_PROCESS] [Method][getString] [String][host_name_ipv6] [Return][null]
D/S4URC   ( 2302): [SDK] [java.io.File] [getPath] [FilePath][String] [/data/data/com.facebook.lite/shared_prefs]
D/S4URC   ( 2302): [SDK] [java.io.File] [getPath] [FilePath][String] [/data/data/com.facebook.lite/shared_prefs/rti.mqtt.fbns_state.xml]
D/S4URC   ( 2302): [SDK] [java.io.File] [Constructor] [FilePath][String] [/data/data/com.facebook.lite/shared_prefs/rti.mqtt.fbns_state.xml.bak]
D/S4URC   ( 2302): [SDK] [java.io.File] [exists] [FilePath][String] [/data/data/com.facebook.lite/shared_prefs/rti.mqtt.fbns_state.xml]
D/S4URC   ( 2302): [SDK] [android.content.ContextWrapper][getSharedPreferences] [File][rti.mqtt.fbns_state.xml] [MODE][APPEND or MULTI_PROCESS]
D/S4URC   ( 2302): [SDK] [java.io.File] [exists] [FilePath][String] [/data/data/com.facebook.lite/shared_prefs/rti.mqtt.fbns_state.xml.bak]
D/S4URC   ( 2302): [SDK] [java.io.File] [exists] [FilePath][String] [/data/data/com.facebook.lite/shared_prefs/rti.mqtt.fbns_state.xml]
D/S4URC   ( 2302): [SDK] [java.io.File] [getPath] [FilePath][String] [/data/data/com.facebook.lite/shared_prefs/rti.mqtt.fbns_state.xml]
D/S4URC   ( 2302): [SDK] [android.content.ContextWrapper][getSharedPreferences] [File][rti.mqtt.fbns_state.xml] [MODE][APPEND or MULTI_PROCESS] [Method][getString] [String][mqtt_version] [Return][]
D/S4URC   ( 2302): [SDK] [java.io.File] [getPath] [FilePath][String] [/data/data/com.facebook.lite/shared_prefs]
D/S4URC   ( 2302): [SDK] [java.io.File] [getPath] [FilePath][String] [/data/data/com.facebook.lite/shared_prefs/rti.mqtt.registrations.xml]
D/S4URC   ( 2302): [SDK] [java.io.File] [Constructor] [FilePath][String] [/data/data/com.facebook.lite/shared_prefs/rti.mqtt.registrations.xml.bak]
D/S4URC   ( 2302): [SDK] [java.io.File] [exists] [FilePath][String] [/data/data/com.facebook.lite/shared_prefs/rti.mqtt.registrations.xml]
D/S4URC   ( 2302): [SDK] [android.content.ContextWrapper][getSharedPreferences] [File][rti.mqtt.registrations.xml] [MODE][APPEND or MULTI_PROCESS]
D/S4URC   ( 2302): [SDK] [java.io.File] [exists] [FilePath][String] [/data/data/com.facebook.lite/shared_prefs/rti.mqtt.registrations.xml.bak]
D/S4URC   ( 2302): [SDK] [java.io.File] [exists] [FilePath][String] [/data/data/com.facebook.lite/shared_prefs/rti.mqtt.registrations.xml]
D/S4URC   ( 2302): [SDK] [java.io.File] [getPath] [FilePath][String] [/data/data/com.facebook.lite/shared_prefs/rti.mqtt.registrations.xml]
D/S4URC   ( 2302): [SDK] [android.content.ContextWrapper][getSharedPreferences] [File][rti.mqtt.registrations.xml] [MODE][APPEND or MULTI_PROCESS] [Method][apply]
D/S4URC   ( 2302): [SDK] [android.content.ContextWrapper][getSharedPreferences] [File][rti.mqtt.registrations.xml] [MODE][APPEND or MULTI_PROCESS] [Method][putString] [Key][mqtt_version] [Value][54882799]
D/S4URC   ( 2302): [SDK] [java.io.File] [exists] [FilePath][String] [/data/data/com.facebook.lite/shared_prefs/rti.mqtt.registrations.xml]
D/S4URC   ( 2302): [SDK] [java.io.File] [getPath] [FilePath][String] [/data/data/com.facebook.lite/shared_prefs]
D/S4URC   ( 2302): [SDK] [java.io.File] [getPath] [FilePath][String] [/data/data/com.facebook.lite/shared_prefs/rti.mqtt.retry.xml]
D/S4URC   ( 2302): [SDK] [java.io.File] [Constructor] [FilePath][String] [/data/data/com.facebook.lite/shared_prefs/rti.mqtt.retry.xml.bak]
D/S4URC   ( 2302): [SDK] [java.io.File] [getPath] [FilePath][String] [/data/data/com.facebook.lite/shared_prefs/rti.mqtt.registrations.xml]
D/S4URC   ( 2302): [SDK] [java.io.File] [exists] [FilePath][String] [/data/data/com.facebook.lite/shared_prefs/rti.mqtt.retry.xml]
D/S4URC   ( 2302): [SDK] [android.content.ContextWrapper][getSharedPreferences] [File][rti.mqtt.retry.xml] [MODE][MODE_PRIVATE]
D/S4URC   ( 2302): [SDK] [java.io.File] [exists] [FilePath][String] [/data/data/com.facebook.lite/shared_prefs/rti.mqtt.retry.xml.bak]
D/S4URC   ( 2302): [SDK] [java.io.File] [exists] [FilePath][String] [/data/data/com.facebook.lite/shared_prefs/rti.mqtt.retry.xml]
D/S4URC   ( 2302): [SDK] [java.io.File] [getPath] [FilePath][String] [/data/data/com.facebook.lite/shared_prefs/rti.mqtt.retry.xml]
D/S4URC   ( 2302): [SDK] [java.io.File] [getPath] [FilePath][String] [/data/data/com.facebook.lite/shared_prefs/rti.mqtt.mqtt_config.xml]
D/S4URC   ( 2302): [SDK] [android.content.ContextWrapper][getSharedPreferences] [File][rti.mqtt.mqtt_config.xml] [MODE][APPEND or MULTI_PROCESS]
D/S4URC   ( 2302): [SDK] [java.io.File] [exists] [FilePath][String] [/data/data/com.facebook.lite/shared_prefs/rti.mqtt.mqtt_config.xml.bak]
D/S4URC   ( 2302): [SDK] [java.io.File] [exists] [FilePath][String] [/data/data/com.facebook.lite/shared_prefs/rti.mqtt.mqtt_config.xml]
D/S4URC   ( 2302): [SDK] [java.io.File] [getPath] [FilePath][String] [/data/data/com.facebook.lite/shared_prefs/rti.mqtt.mqtt_config.xml]
D/S4URC   ( 2302): [SDK] [android.content.ContextWrapper][getSharedPreferences] [File][rti.mqtt.mqtt_config.xml] [MODE][APPEND or MULTI_PROCESS] [Method][putLong] [Key][mqtt/connect_state] [Value][-5764491]
D/S4URC   ( 2302): [SDK] [android.content.ContextWrapper][getSharedPreferences] [File][rti.mqtt.mqtt_config.xml] [MODE][APPEND or MULTI_PROCESS] [Method][apply]
D/S4URC   ( 2302): [SDK] [java.io.File] [getPath] [FilePath][String] [/data/data/com.facebook.lite/shared_prefs]
D/S4URC   ( 2302): [SDK] [java.io.File] [getPath] [FilePath][String] [/data/data/com.facebook.lite/shared_prefs/rti.mqtt.fbns_notification_store_FBNS_FBNS_LITE.xml]
D/S4URC   ( 2302): [SDK] [java.io.File] [Constructor] [FilePath][String] [/data/data/com.facebook.lite/shared_prefs/rti.mqtt.fbns_notification_store_FBNS_FBNS_LITE.xml.bak]
D/S4URC   ( 2302): [SDK] [java.io.File] [exists] [FilePath][String] [/data/data/com.facebook.lite/shared_prefs/rti.mqtt.fbns_notification_store_FBNS_FBNS_LITE.xml]
D/S4URC   ( 2302): [SDK] [android.content.ContextWrapper][getSharedPreferences] [File][rti.mqtt.fbns_notification_store_FBNS_FBNS_LITE.xml] [MODE][MODE_PRIVATE]
D/S4URC   ( 2302): [SDK] [java.io.File] [getPath] [FilePath][String] [/data/data/com.facebook.lite/shared_prefs]
D/S4URC   ( 2302): [SDK] [java.io.File] [getPath] [FilePath][String] [/data/data/com.facebook.lite/shared_prefs/rti.mqtt.flags.xml]
D/S4URC   ( 2302): [SDK] [java.io.File] [Constructor] [FilePath][String] [/data/data/com.facebook.lite/shared_prefs/rti.mqtt.flags.xml.bak]
D/S4URC   ( 2302): [SDK] [java.io.File] [exists] [FilePath][String] [/data/data/com.facebook.lite/shared_prefs/rti.mqtt.fbns_notification_store_FBNS_FBNS_LITE.xml.bak]
D/S4URC   ( 2302): [SDK] [java.io.File] [exists] [FilePath][String] [/data/data/com.facebook.lite/shared_prefs/rti.mqtt.flags.xml]
D/S4URC   ( 2302): [SDK] [java.io.File] [exists] [FilePath][String] [/data/data/com.facebook.lite/shared_prefs/rti.mqtt.fbns_notification_store_FBNS_FBNS_LITE.xml]
D/S4URC   ( 2302): [SDK] [android.content.ContextWrapper][getSharedPreferences] [File][rti.mqtt.flags.xml] [MODE][APPEND or MULTI_PROCESS]
D/S4URC   ( 2302): [SDK] [java.io.File] [getPath] [FilePath][String] [/data/data/com.facebook.lite/shared_prefs/rti.mqtt.fbns_notification_store_FBNS_FBNS_LITE.xml]
D/S4URC   ( 2302): [SDK] [java.io.File] [exists] [FilePath][String] [/data/data/com.facebook.lite/shared_prefs/rti.mqtt.flags.xml.bak]
D/S4URC   ( 2302): [SDK] [java.io.File] [exists] [FilePath][String] [/data/data/com.facebook.lite/shared_prefs/rti.mqtt.flags.xml]
D/S4URC   ( 2302): [SDK] [java.io.File] [getPath] [FilePath][String] [/data/data/com.facebook.lite/shared_prefs/rti.mqtt.flags.xml]
D/S4URC   ( 2302): [SDK] [android.content.ContextWrapper][getSharedPreferences] [File][rti.mqtt.flags.xml] [MODE][APPEND or MULTI_PROCESS] [Method][getBoolean] [Boolean][sharing_state_enabled] [Return][false]
D/S4URC   ( 2302): [SDK] [java.io.File] [getPath] [FilePath][String] [/data/data/com.facebook.lite/shared_prefs/rti.mqtt.shared_ids.xml]
D/S4URC   ( 2302): [SDK] [android.content.ContextWrapper][getSharedPreferences] [File][rti.mqtt.shared_ids.xml] [MODE][APPEND or MULTI_PROCESS]
D/S4URC   ( 2302): [SDK] [java.io.File] [getPath] [FilePath][String] [/data/data/com.facebook.lite/shared_prefs/rti.mqtt.registrations.xml]
D/S4URC   ( 2302): [SDK] [java.io.File] [delete] [FilePath][String] [/data/data/com.facebook.lite/shared_prefs/rti.mqtt.registrations.xml.bak]
D/S4URC   ( 2302): [SDK] [java.io.File] [exists] [FilePath][String] [/data/data/com.facebook.lite/shared_prefs/rti.mqtt.shared_ids.xml.bak]
D/S4URC   ( 2302): [SDK] [java.io.File] [exists] [FilePath][String] [/data/data/com.facebook.lite/shared_prefs/rti.mqtt.shared_ids.xml]
D/S4URC   ( 2302): [SDK] [java.io.File] [exists] [FilePath][String] [/data/data/com.facebook.lite/shared_prefs/rti.mqtt.fbns_state.xml]
D/S4URC   ( 2302): [SDK] [java.io.File] [getPath] [FilePath][String] [/data/data/com.facebook.lite/shared_prefs/rti.mqtt.shared_ids.xml]
D/S4URC   ( 2302): [SDK] [java.io.File] [getPath] [FilePath][String] [/data/data/com.facebook.lite/shared_prefs/rti.mqtt.fbns_state.xml]
D/S4URC   ( 2302): [SDK] [android.content.ContextWrapper][getSharedPreferences] [File][rti.mqtt.shared_ids.xml] [MODE][APPEND or MULTI_PROCESS] [Method][getString] [String][fbns_shared_id] [Return][]
D/S4URC   ( 2302): [SDK] [android.content.ContextWrapper][getSharedPreferences] [File][rti.mqtt.shared_ids.xml] [MODE][APPEND or MULTI_PROCESS] [Method][getString] [String][fbns_shared_secret] [Return][]
D/S4URC   ( 2302): [SDK] [android.content.ContextWrapper][getSharedPreferences] [File][rti.mqtt.shared_ids.xml] [MODE][APPEND or MULTI_PROCESS] [Method][getIong] [Iong][fbns_shared_timestamp] [Return][9223372036854775807]
D/S4URC   ( 2302): [SDK] [java.lang.Class] [forName] [FindClass][String] [android.app.PendingIntent]
D/S4URC   ( 2302): [SDK] [java.io.File] [getPath] [FilePath][String] [/data/data/com.facebook.lite/shared_prefs/rti.mqtt.fbns_state.xml]
D/S4URC   ( 2302): [SDK] [java.io.File] [getPath] [FilePath][String] [/data/data/com.facebook.lite/shared_prefs]
D/S4URC   ( 2302): [SDK] [java.io.File] [getPath] [FilePath][String] [/data/data/com.facebook.lite/shared_prefs/rti.mqtt.snapshot.xml]
D/S4URC   ( 2302): [SDK] [java.io.File] [Constructor] [FilePath][String] [/data/data/com.facebook.lite/shared_prefs/rti.mqtt.snapshot.xml.bak]
D/S4URC   ( 2302): [SDK] [java.io.File] [getPath] [FilePath][String] [/data/data/com.facebook.lite/shared_prefs/rti.mqtt.fbns_state.xml]
D/S4URC   ( 2302): [SDK] [java.io.File] [exists] [FilePath][String] [/data/data/com.facebook.lite/shared_prefs/rti.mqtt.snapshot.xml]
D/S4URC   ( 2302): [SDK] [java.io.File] [delete] [FilePath][String] [/data/data/com.facebook.lite/shared_prefs/rti.mqtt.fbns_state.xml.bak]
D/S4URC   ( 2302): [SDK] [android.content.ContextWrapper][getSharedPreferences] [File][rti.mqtt.snapshot.xml] [MODE][MODE_PRIVATE]
D/S4URC   ( 2302): [SDK] [java.io.File] [exists] [FilePath][String] [/data/data/com.facebook.lite/shared_prefs/rti.mqtt.mqtt_config.xml]
D/S4URC   ( 2302): [SDK] [java.io.File] [getPath] [FilePath][String] [/data/data/com.facebook.lite/shared_prefs/rti.mqtt.mqtt_config.xml]
D/S4URC   ( 2302): [SDK] [java.io.File] [exists] [FilePath][String] [/data/data/com.facebook.lite/shared_prefs/rti.mqtt.snapshot.xml.bak]
D/S4URC   ( 2302): [SDK] [java.io.File] [exists] [FilePath][String] [/data/data/com.facebook.lite/shared_prefs/rti.mqtt.snapshot.xml]
D/S4URC   ( 2302): [SDK] [java.io.File] [getPath] [FilePath][String] [/data/data/com.facebook.lite/shared_prefs/rti.mqtt.snapshot.xml]
D/S4URC   ( 2302): [SDK] [android.content.ContextWrapper][getSharedPreferences] [File][rti.mqtt.snapshot.xml] [MODE][MODE_PRIVATE] [Method][getIong] [Iong][last_seen] [Return][0]
D/S4URC   ( 2302): [SDK] [android.content.ContextWrapper][getSharedPreferences] [File][rti.mqtt.snapshot.xml] [MODE][MODE_PRIVATE]
D/S4URC   ( 2302): [SDK] [android.content.ContextWrapper][getSharedPreferences] [File][rti.mqtt.snapshot.xml] [MODE][MODE_PRIVATE] [Method][putLong] [Key][last_seen] [Value][1535756007199]
D/S4URC   ( 2302): [SDK] [android.content.ContextWrapper][getSharedPreferences] [File][rti.mqtt.snapshot.xml] [MODE][MODE_PRIVATE] [Method][apply]
D/S4URC   ( 2302): [SDK] [android.content.ContextWrapper] [registerReceiver][IntentFilter][com.facebook.rti.intent.ACTION_NOTIFICATION_ACK,
D/S4URC   ( 2302): [SDK] [android.content.ContextWrapper] [registerReceiver][IntentFilter][android.os.action.POWER_SAVE_MODE_CHANGED,
D/S4URC   ( 2302): [SDK] [android.content.ContextWrapper] [registerReceiver][IntentFilter][com.facebook.rti.mqtt.ACTION_MQTT_CONFIG_OVERRIDE,com.facebook.rti.mqtt.ACTION_MQTT_CONFIG_CHANGED,
D/S4URC   ( 2302): [SDK] [android.content.ContextWrapper] [registerReceiver][IntentFilter][com.facebook.rti.mqtt.ACTION_ZR_SWITCH,
D/S4URC   ( 2302): [SDK] [java.io.File] [getPath] [FilePath][String] [/data/data/com.facebook.lite/shared_prefs/rti.mqtt.mqtt_config.xml]
D/S4URC   ( 2302): [SDK] [java.io.File] [delete] [FilePath][String] [/data/data/com.facebook.lite/shared_prefs/rti.mqtt.mqtt_config.xml.bak]
D/S4URC   ( 2302): [SDK] [java.io.File] [exists] [FilePath][String] [/data/data/com.facebook.lite/shared_prefs/rti.mqtt.snapshot.xml]
D/S4URC   ( 2302): [SDK] [java.io.File] [getPath] [FilePath][String] [/data/data/com.facebook.lite/shared_prefs/rti.mqtt.snapshot.xml]
D/S4URC   ( 2302): [SDK] [java.io.File] [getPath] [FilePath][String] [/data/data/com.facebook.lite/shared_prefs/rti.mqtt.shared_ids.xml]
D/S4URC   ( 2302): [SDK] [java.io.File] [delete] [FilePath][String] [/data/data/com.facebook.lite/shared_prefs/rti.mqtt.snapshot.xml.bak]
D/S4URC   ( 2302): [SDK] [android.content.ContextWrapper][getSharedPreferences] [File][rti.mqtt.shared_ids.xml] [MODE][APPEND or MULTI_PROCESS]
D/S4URC   ( 2302): [SDK] [java.io.File] [exists] [FilePath][String] [/data/data/com.facebook.lite/shared_prefs/rti.mqtt.shared_ids.xml.bak]
D/S4URC   ( 2302): [SDK] [java.io.File] [exists] [FilePath][String] [/data/data/com.facebook.lite/shared_prefs/rti.mqtt.shared_ids.xml]
D/S4URC   ( 2302): [SDK] [java.io.File] [getPath] [FilePath][String] [/data/data/com.facebook.lite/shared_prefs/rti.mqtt.shared_ids.xml]
D/S4URC   ( 2302): [SDK] [android.content.ContextWrapper][getSharedPreferences] [File][rti.mqtt.shared_ids.xml] [MODE][APPEND or MULTI_PROCESS] [Method][getString] [String][fbns_shared_id] [Return][]
D/S4URC   ( 2302): [SDK] [android.content.ContextWrapper][getSharedPreferences] [File][rti.mqtt.shared_ids.xml] [MODE][APPEND or MULTI_PROCESS] [Method][getString] [String][fbns_shared_secret] [Return][]
D/S4URC   ( 2302): [SDK] [android.content.ContextWrapper][getSharedPreferences] [File][rti.mqtt.shared_ids.xml] [MODE][APPEND or MULTI_PROCESS] [Method][getIong] [Iong][fbns_shared_timestamp] [Return][9223372036854775807]
D/S4URC   ( 2302): [SDK] [java.lang.Class] [forName] [FindClass][String] [com.android.org.conscrypt.OpenSSLMessageDigestJDK$MD5]
D/S4URC   ( 2302): [SDK] [java.lang.Class] [forName] [FindClass][String] [com.android.org.conscrypt.OpenSSLRandom]
D/S4URC   ( 2302): [SDK] [java.io.File] [getPath] [FilePath][String] [/data/data/com.facebook.lite/shared_prefs/rti.mqtt.mqtt_config.xml]
D/S4URC   ( 2302): [SDK] [android.content.ContextWrapper][getSharedPreferences] [File][rti.mqtt.mqtt_config.xml] [MODE][APPEND or MULTI_PROCESS]
D/S4URC   ( 2302):  [Method][contains] [Check][/settings/mqtt/address] [Return][false]
D/S4URC   ( 2302): [SDK] [android.content.ContextWrapper][getSharedPreferences] [File][rti.mqtt.mqtt_config.xml] [MODE][APPEND or MULTI_PROCESS] [Method][putLong] [Key][mqtt/connect_state] [Value][0]
D/S4URC   ( 2302): [SDK] [android.content.ContextWrapper][getSharedPreferences] [File][rti.mqtt.mqtt_config.xml] [MODE][APPEND or MULTI_PROCESS] [Method][apply]
D/S4URC   ( 2302): [SDK] [java.io.File] [exists] [FilePath][String] [/data/data/com.facebook.lite/shared_prefs/rti.mqtt.mqtt_config.xml]
D/S4URC   ( 2302): [SDK] [java.io.File] [exists] [FilePath][String] [/data/data/com.facebook.lite/shared_prefs/rti.mqtt.mqtt_config.xml.bak]
D/S4URC   ( 2302): [SDK] [android.app.ApplicationPackageManager] [getPackageInfo] [FindPackageName][String] [com.facebook.services.dev]
D/S4URC   ( 2302): [SDK] [java.io.File] [renameTo] [FilePath][String] [/data/data/com.facebook.lite/shared_prefs/rti.mqtt.mqtt_config.xml] [DesFile][/data/data/com.facebook.lite/shared_prefs/rti.mqtt.mqtt_config.xml.bak]
D/S4URC   ( 2302): [SDK] [java.io.File] [getPath] [FilePath][String] [/data/data/com.facebook.lite/shared_prefs/rti.mqtt.mqtt_config.xml]
D/S4URC   ( 2302): [SDK] [android.app.ApplicationPackageManager] [getPackageInfo] [FindPackageName][String] [com.facebook.services]
D/S4URC   ( 2302): [SDK] [android.app.ApplicationPackageManager] [getPackageInfo] [FindPackageName][String] [com.instagram.android]
D/S4URC   ( 2302): [SDK] [android.app.ApplicationPackageManager] [getPackageInfo] [FindPackageName][String] [com.instagram.android.preload]
D/S4URC   ( 2302): [SDK] [android.content.Intent] [Constructor] [IntentInfo][String] [com.facebook.rti.intent.ACTION_FBNS_STARTED]
D/S4URC   ( 2302): [SDK] [android.content.Intent] [putExtra] [Intent]Intent { act=com.facebook.rti.intent.ACTION_FBNS_STARTED }[Extra] [[key:value] [auth_pending_intent:PendingIntent{2a9f7118: android.os.BinderProxy@ae8a771}]]
D/S4URC   ( 2302): [SDK] [android.app.ApplicationPackageManager] [getPackageInfo] [FindPackageName][String] [com.facebook.orca]
D/S4URC   ( 2302): [SDK] [android.app.ApplicationPackageManager] [getPackageInfo] [FindPackageName][String] [com.facebook.katana]
D/S4URC   ( 2302): [SDK] [android.app.ApplicationPackageManager] [getPackageInfo] [FindPackageName][String] [com.facebook.wakizashi]
D/S4URC   ( 2302): [SDK] [android.app.ApplicationPackageManager] [getPackageInfo] [FindPackageName][String] [com.instagram.android]
D/S4URC   ( 2302): [SDK] [android.app.ApplicationPackageManager] [getPackageInfo] [FindPackageName][String] [com.facebook.services.dev]
D/S4URC   ( 2302): [SDK] [android.app.ApplicationPackageManager] [getPackageInfo] [FindPackageName][String] [com.facebook.services]
D/S4URC   ( 2302): [SDK] [java.io.File] [getPath] [FilePath][String] [/data/data/com.facebook.lite/shared_prefs/rti.mqtt.mqtt_config.xml]
D/S4URC   ( 2302): [SDK] [java.io.File] [delete] [FilePath][String] [/data/data/com.facebook.lite/shared_prefs/rti.mqtt.mqtt_config.xml.bak]
D/S4URC   ( 2302): [SDK] [java.lang.Class] [forName] [FindClass][String] [android.net.NetworkInfo]
D/S4URC   ( 2302):  [Method][contains] [Check][/settings/mqtt/address] [Return][false]
D/S4URC   ( 2302): [SDK] [android.content.ContextWrapper][getSharedPreferences] [File][rti.mqtt.mqtt_config.xml] [MODE][APPEND or MULTI_PROCESS] [Method][putString] [Key][/settings/mqtt/address] [Value][{"address_entries":["{\"host_name\":\"mqtt-mini.facebook.com\",\"priority\":0,\"fail_count\":0,\"address_list_data\":[\"Hw1fIg==\\n\"]}"]}]
D/S4URC   ( 2302): [SDK] [java.io.File] [exists] [FilePath][String] [/data/data/com.facebook.lite/shared_prefs/rti.mqtt.addresses.xml]
D/S4URC   ( 2302): [SDK] [java.io.File] [getPath] [FilePath][String] [/data/data/com.facebook.lite/shared_prefs/rti.mqtt.addresses.xml]
D/S4URC   ( 2302): [SDK] [java.lang.Class] [forName] [FindClass][String] [com.android.org.conscrypt.OpenSSLSocketFactoryImpl]
D/S4URC   ( 2302): [SDK] [java.lang.Class] [forName] [FindClass][String] [com.android.org.conscrypt.KeyManagerFactoryImpl]
D/S4URC   ( 2302): [SDK] [java.lang.Class] [forName] [FindClass][String] [com.android.org.bouncycastle.jcajce.provider.keystore.bc.BcKeyStoreSpi$Std]
D/S4URC   ( 2302): [SDK] [java.lang.Class] [forName] [FindClass][String] [com.android.org.conscrypt.TrustManagerFactoryImpl]
D/S4URC   ( 2302): [SDK] [java.lang.Class] [forName] [FindClass][String] [com.android.org.conscrypt.TrustedCertificateKeyStoreSpi]
D/S4URC   ( 2302): [SDK] [java.lang.Class] [forName] [FindClass][String] [com.android.org.bouncycastle.jce.provider.PKIXCertPathValidatorSpi]
D/S4URC   ( 2302): [SDK] [java.io.File] [Constructor] [FilePath][String] [/data/misc/keychain/pins]
D/S4URC   ( 2302): [SDK] [java.io.File] [getPath] [FilePath][String] [/data/data/com.facebook.lite/shared_prefs/rti.mqtt.addresses.xml]
D/S4URC   ( 2302): [SDK] [java.io.File] [delete] [FilePath][String] [/data/data/com.facebook.lite/shared_prefs/rti.mqtt.addresses.xml.bak]
D/S4URC   ( 2251): [SDK] [java.lang.Class] [forName] [FindClass][String] [com.android.org.conscrypt.OpenSSLMessageDigestJDK$MD5]
D/S4URC   ( 2251): [SDK] [java.io.File] [getPath] [FilePath][String] [/data/misc/user/0/cacerts-added]
D/S4URC   ( 2251): [SDK] [java.io.File] [isFile] [FilePath][String] [/data/misc/user/0/cacerts-added/a7a703df.0]
D/S4URC   ( 2251): [SDK] [java.io.File] [getPath] [FilePath][String] [/system/etc/security/cacerts]
D/S4URC   ( 2251): [SDK] [java.io.File] [isFile] [FilePath][String] [/system/etc/security/cacerts/a7a703df.0]
D/S4URC   ( 2251): [SDK] [java.io.File] [getPath] [FilePath][String] [/data/misc/user/0/cacerts-added]
D/S4URC   ( 2251): [SDK] [java.io.File] [isFile] [FilePath][String] [/data/misc/user/0/cacerts-added/58754cf2.0]
D/S4URC   ( 2251): [SDK] [java.io.File] [getPath] [FilePath][String] [/system/etc/security/cacerts]
D/S4URC   ( 2251): [SDK] [java.io.File] [isFile] [FilePath][String] [/system/etc/security/cacerts/58754cf2.0]
D/S4URC   ( 2251): [SDK] [java.io.File] [getPath] [FilePath][String] [/data/misc/user/0/cacerts-added]
D/S4URC   ( 2251): [SDK] [java.io.File] [isFile] [FilePath][String] [/data/misc/user/0/cacerts-added/81b9768f.0]
D/S4URC   ( 2251): [SDK] [java.io.File] [getPath] [FilePath][String] [/system/etc/security/cacerts]
D/S4URC   ( 2251): [SDK] [java.io.File] [isFile] [FilePath][String] [/system/etc/security/cacerts/81b9768f.0]
D/S4URC   ( 2251): [SDK] [java.io.File] [getPath] [FilePath][String] [/system/etc/security/cacerts/81b9768f.0]
D/S4URC   ( 2251): [SDK] [java.io.File] [getPath] [FilePath][String] [/data/misc/user/0/cacerts-removed]
D/S4URC   ( 2251): [SDK] [java.io.File] [isFile] [FilePath][String] [/data/misc/user/0/cacerts-removed/81b9768f.0]
D/S4URC   ( 2251): [SDK] [java.io.File] [exists] [FilePath][String] [/data/misc/user/0/cacerts-removed/81b9768f.0]
D/S4URC   ( 2251): [SDK] [java.io.File] [getPath] [FilePath][String] [/data/misc/keychain/pins]
D/S4URC   ( 2251): [SDK] [java.io.File] [Constructor] [FilePath][String] [/data/misc/keychain/pubkey_blacklist.txt]
D/S4URC   ( 2251): [SDK] [java.io.File] [getPath] [FilePath][String] [/data/misc/keychain/pubkey_blacklist.txt]
D/S4URC   ( 2251): [SDK] [java.io.File] [Constructor] [FilePath][String] [/data/misc/keychain/serial_blacklist.txt]
D/S4URC   ( 2251): [SDK] [java.io.File] [getPath] [FilePath][String] [/data/misc/keychain/serial_blacklist.txt]
D/S4URC   ( 2251): [SDK] [java.lang.Class] [forName] [FindClass][String] [com.android.org.conscrypt.OpenSSLMessageDigestJDK$SHA1]
D/S4URC   ( 2251): [SDK] [java.io.File] [getPath] [FilePath][String] [/data/data/com.facebook.lite/app_sslcache]
D/S4URC   ( 2251): [SDK] [java.io.File] [exists] [FilePath][String] [/data/data/com.facebook.lite/app_sslcache/snaptu-z.facebook.com.443]
D/S4URC   ( 2251): [SDK] [java.io.File] [getPath] [FilePath][String] [/data/data/com.facebook.lite/app_sslcache/snaptu-z.facebook.com.443]
D/S4URC   ( 2251): [SDK] [android.content.ContextWrapper][getSharedPreferences] [File][com.facebook.lite.xml] [MODE][MODE_PRIVATE]
D/S4URC   ( 2251): [SDK] [android.content.ContextWrapper][getSharedPreferences] [File][com.facebook.lite.xml] [MODE][MODE_PRIVATE] [Method][putString] [Key][early_socket_connection_host] [Value][snaptu-z.facebook.com]
D/S4URC   ( 2251): [SDK] [android.content.ContextWrapper][getSharedPreferences] [File][com.facebook.lite.xml] [MODE][MODE_PRIVATE] [Method][apply]
D/S4URC   ( 2251): [SDK] [java.io.File] [exists] [FilePath][String] [/data/data/com.facebook.lite/shared_prefs/com.facebook.lite.xml]
D/S4URC   ( 2251): [SDK] [android.content.ContextWrapper][getSharedPreferences] [File][com.facebook.lite.xml] [MODE][MODE_PRIVATE]
D/S4URC   ( 2251): [SDK] [java.io.File] [exists] [FilePath][String] [/data/data/com.facebook.lite/shared_prefs/com.facebook.lite.xml.bak]
D/S4URC   ( 2251): [SDK] [android.content.ContextWrapper][getSharedPreferences] [File][com.facebook.lite.xml] [MODE][MODE_PRIVATE] [Method][putInt] [Key][early_socket_connection_port] [Value][8000]
D/S4URC   ( 2251): [SDK] [android.content.ContextWrapper][getSharedPreferences] [File][com.facebook.lite.xml] [MODE][MODE_PRIVATE] [Method][apply]
D/S4URC   ( 2251): [SDK] [java.io.File] [renameTo] [FilePath][String] [/data/data/com.facebook.lite/shared_prefs/com.facebook.lite.xml] [DesFile][/data/data/com.facebook.lite/shared_prefs/com.facebook.lite.xml.bak]
D/S4URC   ( 2251): [SDK] [android.content.ContextWrapper][getSharedPreferences] [File][com.facebook.lite.xml] [MODE][MODE_PRIVATE]
D/S4URC   ( 2251): [SDK] [android.content.ContextWrapper][getSharedPreferences] [File][com.facebook.lite.xml] [MODE][MODE_PRIVATE] [Method][putInt] [Key][early_socket_connection_timeout] [Value][2000]
D/S4URC   ( 2251): [SDK] [java.io.File] [getPath] [FilePath][String] [/data/data/com.facebook.lite/shared_prefs/com.facebook.lite.xml]
D/S4URC   ( 2251): [SDK] [android.content.ContextWrapper][getSharedPreferences] [File][com.facebook.lite.xml] [MODE][MODE_PRIVATE] [Method][apply]
D/S4URC   ( 2302): [SDK] [java.io.File] [getPath] [FilePath][String] [/data/misc/user/0/cacerts-added]
D/S4URC   ( 2302): [SDK] [java.io.File] [isFile] [FilePath][String] [/data/misc/user/0/cacerts-added/a7a703df.0]
D/S4URC   ( 2302): [SDK] [java.io.File] [getPath] [FilePath][String] [/system/etc/security/cacerts]
D/S4URC   ( 2302): [SDK] [java.io.File] [isFile] [FilePath][String] [/system/etc/security/cacerts/a7a703df.0]
D/S4URC   ( 2302): [SDK] [java.io.File] [getPath] [FilePath][String] [/data/misc/user/0/cacerts-added]
D/S4URC   ( 2302): [SDK] [java.io.File] [isFile] [FilePath][String] [/data/misc/user/0/cacerts-added/58754cf2.0]
D/S4URC   ( 2251): [SDK] [android.content.ContextWrapper][getSharedPreferences] [File][com.facebook.lite.xml] [MODE][MODE_PRIVATE]
D/S4URC   ( 2302): [SDK] [java.io.File] [getPath] [FilePath][String] [/system/etc/security/cacerts]
D/S4URC   ( 2302): [SDK] [java.io.File] [isFile] [FilePath][String] [/system/etc/security/cacerts/58754cf2.0]
D/S4URC   ( 2251): [SDK] [android.content.ContextWrapper][getSharedPreferences] [File][com.facebook.lite.xml] [MODE][MODE_PRIVATE] [Method][getInt] [Int][view_width] [Return][600]
D/S4URC   ( 2251): [SDK] [android.content.ContextWrapper][getSharedPreferences] [File][com.facebook.lite.xml] [MODE][MODE_PRIVATE]
D/S4URC   ( 2251): [SDK] [android.content.ContextWrapper][getSharedPreferences] [File][com.facebook.lite.xml] [MODE][MODE_PRIVATE] [Method][getInt] [Int][view_height] [Return][978]
D/S4URC   ( 2302): [SDK] [java.io.File] [getPath] [FilePath][String] [/data/misc/user/0/cacerts-added]
D/S4URC   ( 2302): [SDK] [java.io.File] [isFile] [FilePath][String] [/data/misc/user/0/cacerts-added/81b9768f.0]
D/S4URC   ( 2302): [SDK] [java.io.File] [getPath] [FilePath][String] [/system/etc/security/cacerts]
D/S4URC   ( 2302): [SDK] [java.io.File] [isFile] [FilePath][String] [/system/etc/security/cacerts/81b9768f.0]
D/S4URC   ( 2302): [SDK] [java.io.File] [getPath] [FilePath][String] [/system/etc/security/cacerts/81b9768f.0]
D/S4URC   ( 2251): [SDK] [java.io.File] [getPath] [FilePath][String] [/data/data/com.facebook.lite/shared_prefs/com.facebook.lite.xml]
D/S4URC   ( 2251): [SDK] [java.io.File] [delete] [FilePath][String] [/data/data/com.facebook.lite/shared_prefs/com.facebook.lite.xml.bak]
D/S4URC   ( 2251): [SDK] [android.content.ContextWrapper][getSharedPreferences] [File][com.facebook.lite_dns_cache.xml] [MODE][MODE_PRIVATE]
D/S4URC   ( 2251): [SDK] [android.content.ContextWrapper][getSharedPreferences] [File][com.facebook.lite_dns_cache.xml] [MODE][MODE_PRIVATE] [Method][putString] [Key][snaptu-z.facebook.com/true] [Value][31.13.95.33]
D/S4URC   ( 2251): [SDK] [android.content.ContextWrapper][getSharedPreferences] [File][com.facebook.lite_dns_cache.xml] [MODE][MODE_PRIVATE] [Method][apply]
D/S4URC   ( 2251): [SDK] [java.io.File] [exists] [FilePath][String] [/data/data/com.facebook.lite/shared_prefs/com.facebook.lite.xml]
D/S4URC   ( 2251): [SDK] [java.io.File] [exists] [FilePath][String] [/data/data/com.facebook.lite/shared_prefs/com.facebook.lite.xml.bak]
D/S4URC   ( 2251): [SDK] [java.io.File] [renameTo] [FilePath][String] [/data/data/com.facebook.lite/shared_prefs/com.facebook.lite.xml] [DesFile][/data/data/com.facebook.lite/shared_prefs/com.facebook.lite.xml.bak]
D/S4URC   ( 2251): [SDK] [java.io.File] [getPath] [FilePath][String] [/data/data/com.facebook.lite/shared_prefs/com.facebook.lite.xml]
D/S4URC   ( 2302): [SDK] [java.io.File] [getPath] [FilePath][String] [/data/misc/user/0/cacerts-removed]
D/S4URC   ( 2302): [SDK] [java.io.File] [isFile] [FilePath][String] [/data/misc/user/0/cacerts-removed/81b9768f.0]
D/S4URC   ( 2302): [SDK] [java.io.File] [exists] [FilePath][String] [/data/misc/user/0/cacerts-removed/81b9768f.0]
D/S4URC   ( 2251): [SDK] [android.telephony.TelephonyManager] [getLine1Number]
D/S4URC   ( 2302): [SDK] [java.io.File] [getPath] [FilePath][String] [/data/misc/keychain/pins]
D/S4URC   ( 2302): [SDK] [java.io.File] [Constructor] [FilePath][String] [/data/misc/keychain/pubkey_blacklist.txt]
D/S4URC   ( 2302): [SDK] [java.io.File] [getPath] [FilePath][String] [/data/misc/keychain/pubkey_blacklist.txt]
D/S4URC   ( 2302): [SDK] [java.io.File] [Constructor] [FilePath][String] [/data/misc/keychain/serial_blacklist.txt]
D/S4URC   ( 2302): [SDK] [java.io.File] [getPath] [FilePath][String] [/data/misc/keychain/serial_blacklist.txt]
D/S4URC   ( 2251): [SDK] [java.io.File] [getPath] [FilePath][String] [/data/data/com.facebook.lite/shared_prefs/com.facebook.lite.xml]
D/S4URC   ( 2251): [SDK] [java.io.File] [delete] [FilePath][String] [/data/data/com.facebook.lite/shared_prefs/com.facebook.lite.xml.bak]
D/S4URC   ( 2302): [SDK] [java.lang.Class] [forName] [FindClass][String] [com.android.org.conscrypt.OpenSSLMessageDigestJDK$SHA1]
D/S4URC   ( 2251): [SDK] [java.io.File] [exists] [FilePath][String] [/data/data/com.facebook.lite/shared_prefs/com.facebook.lite.xml]
D/S4URC   ( 2251): [SDK] [java.io.File] [exists] [FilePath][String] [/data/data/com.facebook.lite/shared_prefs/com.facebook.lite.xml.bak]
D/S4URC   ( 2251): [SDK] [java.io.File] [renameTo] [FilePath][String] [/data/data/com.facebook.lite/shared_prefs/com.facebook.lite.xml] [DesFile][/data/data/com.facebook.lite/shared_prefs/com.facebook.lite.xml.bak]
D/S4URC   ( 2251): [SDK] [java.io.File] [getPath] [FilePath][String] [/data/data/com.facebook.lite/shared_prefs/com.facebook.lite.xml]
D/S4URC   ( 2251): [SDK] [android.content.ContentResolver] [query] [URL][String] [content://com.android.contacts/profile/data]
D/S4URC   ( 2251): [SDK] [java.io.File] [getPath] [FilePath][String] [/data/data/com.facebook.lite/shared_prefs/com.facebook.lite.xml]
D/S4URC   ( 2251): [SDK] [java.io.File] [delete] [FilePath][String] [/data/data/com.facebook.lite/shared_prefs/com.facebook.lite.xml.bak]
D/S4URC   ( 2251): [SDK] [java.io.File] [exists] [FilePath][String] [/data/data/com.facebook.lite/shared_prefs/com.facebook.lite_dns_cache.xml]
D/S4URC   ( 2251): [SDK] [java.io.File] [getPath] [FilePath][String] [/data/data/com.facebook.lite/shared_prefs/com.facebook.lite_dns_cache.xml]
D/S4URC   ( 2251): [SDK] [java.io.File] [delete] [FilePath][String] [/data/data/com.facebook.lite/shared_prefs/com.facebook.lite_dns_cache.xml.bak]
D/S4URC   ( 2251): [SDK] [android.content.Intent] [Constructor] [IntentInfo][String] [com.google.android.gms.ads.identifier.service.START]
D/S4URC   ( 2251): [SDK] [android.content.ContextWrapper][getSharedPreferences] [File][com.facebook.lite.xml] [MODE][MODE_PRIVATE]
D/S4URC   ( 2251): [SDK] [android.content.ContextWrapper][getSharedPreferences] [File][com.facebook.lite.xml] [MODE][MODE_PRIVATE] [Method][getInt] [Int][consume_sso_from_fb4a_via_account_manager] [Return][-1]
D/S4URC   ( 2251): [SDK] [android.app.ApplicationPackageManager] [getApplicationInfo] [FindApplicationName][String] [com.facebook.lite]
D/S4URC   ( 2251): [SDK] [android.app.ApplicationPackageManager] [getApplicationInfo] [FindApplicationName][String] [com.facebook.katana]
D/S4URC   ( 2251): [SDK] [android.content.ContextWrapper][getSharedPreferences] [File][com.facebook.lite.xml] [MODE][MODE_PRIVATE]
D/S4URC   ( 2251): [SDK] [android.content.ContextWrapper][getSharedPreferences] [File][com.facebook.lite.xml] [MODE][MODE_PRIVATE] [Method][getInt] [Int][consume_sso_from_messenger_via_account_manager] [Return][-1]
D/S4URC   ( 2251): [SDK] [android.content.ContextWrapper][getSharedPreferences] [File][com.facebook.lite.xml] [MODE][MODE_PRIVATE]
D/S4URC   ( 2251): [SDK] [android.content.ContextWrapper][getSharedPreferences] [File][com.facebook.lite.xml] [MODE][MODE_PRIVATE] [Method][getInt] [Int][consume_sso_from_messenger_lite_via_account_manager] [Return][-1]
D/S4URC   ( 2251): [SDK] [android.content.ContextWrapper][getSharedPreferences] [File][com.facebook.lite.xml] [MODE][MODE_PRIVATE]
D/S4URC   ( 2251): [SDK] [android.content.ContextWrapper][getSharedPreferences] [File][com.facebook.lite.xml] [MODE][MODE_PRIVATE] [Method][getBoolean] [Boolean][fbmeta_info_sent] [Return][false]
D/S4URC   ( 2251): [SDK] [java.io.File] [getPath] [FilePath][String] [/data/app/com.facebook.lite-1/base.apk]
D/S4URC   ( 2251): [SDK] [java.io.File] [Constructor] [FilePath][String] [/data/app/com.facebook.lite-1/base.apk]
D/S4URC   ( 2251): [SDK] [java.io.File] [getPath] [FilePath][String] [/data/app/com.facebook.lite-1/base.apk]
D/S4URC   ( 2302): [SDK] [android.content.ContextWrapper][getSharedPreferences] [File][rti.mqtt.snapshot.xml] [MODE][MODE_PRIVATE]
D/S4URC   ( 2302): [SDK] [android.content.ContextWrapper][getSharedPreferences] [File][rti.mqtt.snapshot.xml] [MODE][MODE_PRIVATE] [Method][putLong] [Key][last_seen] [Value][1535756007577]
D/S4URC   ( 2302): [SDK] [android.content.ContextWrapper][getSharedPreferences] [File][rti.mqtt.snapshot.xml] [MODE][MODE_PRIVATE] [Method][apply]
D/S4URC   ( 2302): [SDK] [java.io.File] [exists] [FilePath][String] [/data/data/com.facebook.lite/shared_prefs/rti.mqtt.snapshot.xml]
D/S4URC   ( 2302): [SDK] [java.io.File] [exists] [FilePath][String] [/data/data/com.facebook.lite/shared_prefs/rti.mqtt.snapshot.xml.bak]
D/S4URC   ( 2302): [SDK] [java.io.File] [renameTo] [FilePath][String] [/data/data/com.facebook.lite/shared_prefs/rti.mqtt.snapshot.xml] [DesFile][/data/data/com.facebook.lite/shared_prefs/rti.mqtt.snapshot.xml.bak]
D/S4URC   ( 2302): [SDK] [java.io.File] [getPath] [FilePath][String] [/data/data/com.facebook.lite/shared_prefs/rti.mqtt.snapshot.xml]
D/S4URC   ( 2302): [SDK] [java.io.File] [getPath] [FilePath][String] [/data/data/com.facebook.lite/shared_prefs]
D/S4URC   ( 2302): [SDK] [java.io.File] [getPath] [FilePath][String] [/data/data/com.facebook.lite/shared_prefs/rti.mqtt.counter.FBNS.ts.xml]
D/S4URC   ( 2302): [SDK] [java.io.File] [Constructor] [FilePath][String] [/data/data/com.facebook.lite/shared_prefs/rti.mqtt.counter.FBNS.ts.xml.bak]
D/S4URC   ( 2302): [SDK] [java.io.File] [exists] [FilePath][String] [/data/data/com.facebook.lite/shared_prefs/rti.mqtt.counter.FBNS.ts.xml]
D/S4URC   ( 2302): [SDK] [android.content.ContextWrapper][getSharedPreferences] [File][rti.mqtt.counter.FBNS.ts.xml] [MODE][MODE_PRIVATE]
D/S4URC   ( 2302): [SDK] [java.io.File] [exists] [FilePath][String] [/data/data/com.facebook.lite/shared_prefs/rti.mqtt.counter.FBNS.ts.xml.bak]
D/S4URC   ( 2302): [SDK] [java.io.File] [exists] [FilePath][String] [/data/data/com.facebook.lite/shared_prefs/rti.mqtt.counter.FBNS.ts.xml]
D/S4URC   ( 2302): [SDK] [java.io.File] [getPath] [FilePath][String] [/data/data/com.facebook.lite/shared_prefs/rti.mqtt.counter.FBNS.ts.xml]
D/S4URC   ( 2302): [SDK] [android.content.ContextWrapper][getSharedPreferences] [File][rti.mqtt.counter.FBNS.ts.xml] [MODE][MODE_PRIVATE] [Method][getIong] [Iong][17774.tc.bg.rw.wifi] [Return][0]
D/S4URC   ( 2302): [SDK] [android.content.ContextWrapper][getSharedPreferences] [File][rti.mqtt.counter.FBNS.ts.xml] [MODE][MODE_PRIVATE] [Method][putLong] [Key][17774.tc.bg.rw.wifi] [Value][1]
D/S4URC   ( 2302): [SDK] [android.content.ContextWrapper][getSharedPreferences] [File][rti.mqtt.counter.FBNS.ts.xml] [MODE][MODE_PRIVATE] [Method][apply]
D/S4URC   ( 2302): [SDK] [java.io.File] [getPath] [FilePath][String] [/data/data/com.facebook.lite/shared_prefs/rti.mqtt.snapshot.xml]
D/S4URC   ( 2302): [SDK] [java.io.File] [getPath] [FilePath][String] [/data/data/com.facebook.lite/shared_prefs]
D/S4URC   ( 2302): [SDK] [java.io.File] [getPath] [FilePath][String] [/data/data/com.facebook.lite/shared_prefs/rti.mqtt.counter.FBNS.tp.xml]
D/S4URC   ( 2302): [SDK] [java.io.File] [getPath] [FilePath][String] [/data/data/com.facebook.lite/shared_prefs/rti.mqtt.snapshot.xml]
D/S4URC   ( 2302): [SDK] [java.io.File] [Constructor] [FilePath][String] [/data/data/com.facebook.lite/shared_prefs/rti.mqtt.counter.FBNS.tp.xml.bak]
D/S4URC   ( 2302): [SDK] [java.io.File] [delete] [FilePath][String] [/data/data/com.facebook.lite/shared_prefs/rti.mqtt.snapshot.xml.bak]
D/S4URC   ( 2302): [SDK] [java.io.File] [exists] [FilePath][String] [/data/data/com.facebook.lite/shared_prefs/rti.mqtt.counter.FBNS.tp.xml]
D/S4URC   ( 2302): [SDK] [java.io.File] [exists] [FilePath][String] [/data/data/com.facebook.lite/shared_prefs/rti.mqtt.counter.FBNS.ts.xml]
D/S4URC   ( 2302): [SDK] [android.content.ContextWrapper][getSharedPreferences] [File][rti.mqtt.counter.FBNS.tp.xml] [MODE][MODE_PRIVATE]
D/S4URC   ( 2302): [SDK] [java.io.File] [getPath] [FilePath][String] [/data/data/com.facebook.lite/shared_prefs/rti.mqtt.counter.FBNS.ts.xml]
D/S4URC   ( 2302): [SDK] [java.io.File] [exists] [FilePath][String] [/data/data/com.facebook.lite/shared_prefs/rti.mqtt.counter.FBNS.tp.xml.bak]
D/S4URC   ( 2302): [SDK] [java.io.File] [exists] [FilePath][String] [/data/data/com.facebook.lite/shared_prefs/rti.mqtt.counter.FBNS.tp.xml]
D/S4URC   ( 2302): [SDK] [java.io.File] [getPath] [FilePath][String] [/data/data/com.facebook.lite/shared_prefs/rti.mqtt.counter.FBNS.tp.xml]
D/S4URC   ( 2302): [SDK] [android.content.ContextWrapper][getSharedPreferences] [File][rti.mqtt.counter.FBNS.tp.xml] [MODE][MODE_PRIVATE] [Method][getIong] [Iong][17774.SSL_BG.bg] [Return][0]
D/S4URC   ( 2302): [SDK] [android.content.ContextWrapper][getSharedPreferences] [File][rti.mqtt.counter.FBNS.tp.xml] [MODE][MODE_PRIVATE] [Method][putLong] [Key][17774.SSL_BG.bg] [Value][1]
D/S4URC   ( 2302): [SDK] [android.content.ContextWrapper][getSharedPreferences] [File][rti.mqtt.counter.FBNS.tp.xml] [MODE][MODE_PRIVATE] [Method][apply]
D/S4URC   ( 2302): [SDK] [java.io.File] [getPath] [FilePath][String] [/data/data/com.facebook.lite/shared_prefs/rti.mqtt.counter.FBNS.ts.xml]
D/S4URC   ( 2302): [SDK] [java.io.File] [delete] [FilePath][String] [/data/data/com.facebook.lite/shared_prefs/rti.mqtt.counter.FBNS.ts.xml.bak]
D/S4URC   ( 2302): [SDK] [java.io.File] [exists] [FilePath][String] [/data/data/com.facebook.lite/shared_prefs/rti.mqtt.counter.FBNS.tp.xml]
D/S4URC   ( 2302): [SDK] [java.io.File] [getPath] [FilePath][String] [/data/data/com.facebook.lite/shared_prefs/rti.mqtt.counter.FBNS.tp.xml]
D/S4URC   ( 2302): [SDK] [java.io.File] [delete] [FilePath][String] [/data/data/com.facebook.lite/shared_prefs/rti.mqtt.counter.FBNS.tp.xml.bak]
D/S4URC   ( 2302): [SDK] [java.io.File] [getPath] [FilePath][String] [/data/data/com.facebook.lite/shared_prefs]
D/S4URC   ( 2302): [SDK] [java.io.File] [getPath] [FilePath][String] [/data/data/com.facebook.lite/shared_prefs/rti.mqtt.counter.FBNS.du.xml]
D/S4URC   ( 2302): [SDK] [java.io.File] [Constructor] [FilePath][String] [/data/data/com.facebook.lite/shared_prefs/rti.mqtt.counter.FBNS.du.xml.bak]
D/S4URC   ( 2302): [SDK] [java.io.File] [exists] [FilePath][String] [/data/data/com.facebook.lite/shared_prefs/rti.mqtt.counter.FBNS.du.xml]
D/S4URC   ( 2302): [SDK] [android.content.ContextWrapper][getSharedPreferences] [File][rti.mqtt.counter.FBNS.du.xml] [MODE][MODE_PRIVATE]
D/S4URC   ( 2302): [SDK] [java.io.File] [exists] [FilePath][String] [/data/data/com.facebook.lite/shared_prefs/rti.mqtt.counter.FBNS.du.xml.bak]
D/S4URC   ( 2302): [SDK] [java.io.File] [exists] [FilePath][String] [/data/data/com.facebook.lite/shared_prefs/rti.mqtt.counter.FBNS.du.xml]
D/S4URC   ( 2302): [SDK] [java.io.File] [getPath] [FilePath][String] [/data/data/com.facebook.lite/shared_prefs/rti.mqtt.counter.FBNS.du.xml]
D/S4URC   ( 2302): [SDK] [android.content.ContextWrapper][getSharedPreferences] [File][rti.mqtt.counter.FBNS.du.xml] [MODE][MODE_PRIVATE] [Method][getIong] [Iong][17774.wifi.m.s.b] [Return][0]
D/S4URC   ( 2302): [SDK] [android.content.ContextWrapper][getSharedPreferences] [File][rti.mqtt.counter.FBNS.du.xml] [MODE][MODE_PRIVATE] [Method][putLong] [Key][17774.wifi.m.s.b] [Value][284]
D/S4URC   ( 2302): [SDK] [android.content.ContextWrapper][getSharedPreferences] [File][rti.mqtt.counter.FBNS.du.xml] [MODE][MODE_PRIVATE] [Method][apply]
D/S4URC   ( 2302): [SDK] [java.io.File] [exists] [FilePath][String] [/data/data/com.facebook.lite/shared_prefs/rti.mqtt.counter.FBNS.du.xml]
D/S4URC   ( 2302): [SDK] [java.io.File] [getPath] [FilePath][String] [/data/data/com.facebook.lite/shared_prefs/rti.mqtt.counter.FBNS.du.xml]
D/S4URC   ( 2302): [SDK] [android.content.ContextWrapper][getSharedPreferences] [File][rti.mqtt.snapshot.xml] [MODE][MODE_PRIVATE]
D/S4URC   ( 2302): [SDK] [android.content.ContextWrapper][getSharedPreferences] [File][rti.mqtt.snapshot.xml] [MODE][MODE_PRIVATE] [Method][putLong] [Key][last_seen] [Value][1535756007607]
D/S4URC   ( 2302): [SDK] [android.content.ContextWrapper][getSharedPreferences] [File][rti.mqtt.snapshot.xml] [MODE][MODE_PRIVATE] [Method][apply]
D/S4URC   ( 2302): [SDK] [java.io.File] [getPath] [FilePath][String] [/data/data/com.facebook.lite/shared_prefs/rti.mqtt.counter.FBNS.du.xml]
D/S4URC   ( 2302): [SDK] [java.io.File] [delete] [FilePath][String] [/data/data/com.facebook.lite/shared_prefs/rti.mqtt.counter.FBNS.du.xml.bak]
D/S4URC   ( 2302): [SDK] [java.io.File] [exists] [FilePath][String] [/data/data/com.facebook.lite/shared_prefs/rti.mqtt.snapshot.xml]
D/S4URC   ( 2302): [SDK] [java.io.File] [exists] [FilePath][String] [/data/data/com.facebook.lite/shared_prefs/rti.mqtt.snapshot.xml.bak]
D/S4URC   ( 2302): [SDK] [java.io.File] [renameTo] [FilePath][String] [/data/data/com.facebook.lite/shared_prefs/rti.mqtt.snapshot.xml] [DesFile][/data/data/com.facebook.lite/shared_prefs/rti.mqtt.snapshot.xml.bak]
D/S4URC   ( 2302): [SDK] [java.io.File] [getPath] [FilePath][String] [/data/data/com.facebook.lite/shared_prefs/rti.mqtt.snapshot.xml]
D/S4URC   ( 2302): [SDK] [java.io.File] [delete] [FilePath][String] [/data/data/com.facebook.lite/shared_prefs/rti.mqtt.snapshot.xml.bak]
D/S4URC   ( 2302): [SDK] [android.content.ContextWrapper][getSharedPreferences] [File][rti.mqtt.snapshot.xml] [MODE][MODE_PRIVATE] [Method][putString] [Key][/settings/mqtt/address] [Value][{"address_entries":["{\"host_name\":\"mqtt-mini.facebook.com\",\"priority\":0,\"fail_count\":0,\"address_list_data\":[\"Hw1fIg==\\n\"]}"]}]
D/S4URC   ( 2302): [SDK] [java.io.File] [exists] [FilePath][String] [/data/data/com.facebook.lite/shared_prefs/rti.mqtt.addresses.xml]
D/S4URC   ( 2302): [SDK] [java.io.File] [getPath] [FilePath][String] [/data/data/com.facebook.lite/shared_prefs/rti.mqtt.ids.xml]
D/S4URC   ( 2302): [SDK] [android.content.ContextWrapper][getSharedPreferences] [File][rti.mqtt.ids.xml] [MODE][APPEND or MULTI_PROCESS]
D/S4URC   ( 2302): [SDK] [java.io.File] [exists] [FilePath][String] [/data/data/com.facebook.lite/shared_prefs/rti.mqtt.ids.xml.bak]
D/S4URC   ( 2302): [SDK] [java.io.File] [exists] [FilePath][String] [/data/data/com.facebook.lite/shared_prefs/rti.mqtt.ids.xml]
D/S4URC   ( 2302): [SDK] [java.io.File] [getPath] [FilePath][String] [/data/data/com.facebook.lite/shared_prefs/rti.mqtt.ids.xml]
D/S4URC   ( 2302): [SDK] [android.content.ContextWrapper][getSharedPreferences] [File][rti.mqtt.ids.xml] [MODE][APPEND or MULTI_PROCESS] [Method][putString] [Key][/settings/mqtt/id/connection_key] [Value][438461523892923]
D/S4URC   ( 2302): [SDK] [android.content.ContextWrapper][getSharedPreferences] [File][rti.mqtt.ids.xml] [MODE][APPEND or MULTI_PROCESS] [Method][putString] [Key][/settings/mqtt/id/connection_secret] [Value][1>FWJqH?OHYlGE@7;u?h]
D/S4URC   ( 2302): [SDK] [android.content.ContextWrapper][getSharedPreferences] [File][rti.mqtt.ids.xml] [MODE][APPEND or MULTI_PROCESS] [Method][apply]
D/S4URC   ( 2302): [SDK] [java.io.File] [exists] [FilePath][String] [/data/data/com.facebook.lite/shared_prefs/rti.mqtt.ids.xml]
D/S4URC   ( 2302): [SDK] [android.content.ContextWrapper][getSharedPreferences] [File][rti.mqtt.ids.xml] [MODE][APPEND or MULTI_PROCESS]
D/S4URC   ( 2302): [SDK] [java.io.File] [getPath] [FilePath][String] [/data/data/com.facebook.lite/shared_prefs/rti.mqtt.ids.xml]
D/S4URC   ( 2302): [SDK] [android.content.ContextWrapper][getSharedPreferences] [File][rti.mqtt.ids.xml] [MODE][APPEND or MULTI_PROCESS] [Method][putString] [Key][/settings/mqtt/id/mqtt_device_id] [Value][2e7b3041-25ae-4658-9cf7-59599b45825a]
D/S4URC   ( 2302): [SDK] [android.content.ContextWrapper][getSharedPreferences] [File][rti.mqtt.ids.xml] [MODE][APPEND or MULTI_PROCESS] [Method][putString] [Key][/settings/mqtt/id/mqtt_device_secret] [Value][uUaSKY@LcJ8Gh8zQj[Z:]
D/S4URC   ( 2302): [SDK] [android.content.ContextWrapper][getSharedPreferences] [File][rti.mqtt.ids.xml] [MODE][APPEND or MULTI_PROCESS] [Method][putLong] [Key][/settings/mqtt/id/timestamp] [Value][1535756008208]
D/S4URC   ( 2302): [SDK] [android.content.ContextWrapper][getSharedPreferences] [File][rti.mqtt.ids.xml] [MODE][APPEND or MULTI_PROCESS] [Method][apply]
D/S4URC   ( 2302): [SDK] [java.io.File] [getPath] [FilePath][String] [/data/data/com.facebook.lite/shared_prefs/rti.mqtt.registrations.xml]
D/S4URC   ( 2302): [SDK] [android.content.ContextWrapper][getSharedPreferences] [File][rti.mqtt.registrations.xml] [MODE][APPEND or MULTI_PROCESS]
D/S4URC   ( 2302): [SDK] [java.io.File] [getPath] [FilePath][String] [/data/data/com.facebook.lite/shared_prefs/rti.mqtt.registrations.xml]
D/S4URC   ( 2302): [SDK] [android.content.ContextWrapper][getSharedPreferences] [File][rti.mqtt.registrations.xml] [MODE][APPEND or MULTI_PROCESS]
D/S4URC   ( 2302): [SDK] [android.content.ContextWrapper][getSharedPreferences] [File][rti.mqtt.registrations.xml] [MODE][APPEND or MULTI_PROCESS] [Method][apply]
D/S4URC   ( 2302): [SDK] [java.io.File] [getPath] [FilePath][String] [/data/data/com.facebook.lite/shared_prefs/rti.mqtt.ids.xml]
D/S4URC   ( 2302): [SDK] [java.io.File] [delete] [FilePath][String] [/data/data/com.facebook.lite/shared_prefs/rti.mqtt.ids.xml.bak]
D/S4URC   ( 2302): [SDK] [java.io.File] [exists] [FilePath][String] [/data/data/com.facebook.lite/shared_prefs/rti.mqtt.ids.xml]
D/S4URC   ( 2302): [SDK] [java.io.File] [exists] [FilePath][String] [/data/data/com.facebook.lite/shared_prefs/rti.mqtt.ids.xml.bak]
D/S4URC   ( 2302): [SDK] [java.io.File] [renameTo] [FilePath][String] [/data/data/com.facebook.lite/shared_prefs/rti.mqtt.ids.xml] [DesFile][/data/data/com.facebook.lite/shared_prefs/rti.mqtt.ids.xml.bak]
D/S4URC   ( 2302): [SDK] [java.io.File] [getPath] [FilePath][String] [/data/data/com.facebook.lite/shared_prefs/rti.mqtt.ids.xml]
D/S4URC   ( 2302): [SDK] [java.io.File] [getPath] [FilePath][String] [/data/data/com.facebook.lite/shared_prefs/rti.mqtt.mqtt_config.xml]
D/S4URC   ( 2302): [SDK] [android.content.ContextWrapper][getSharedPreferences] [File][rti.mqtt.mqtt_config.xml] [MODE][APPEND or MULTI_PROCESS]
D/S4URC   ( 2302): [SDK] [android.content.ContextWrapper][getSharedPreferences] [File][rti.mqtt.mqtt_config.xml] [MODE][APPEND or MULTI_PROCESS] [Method][putLong] [Key][mqtt/connect_state] [Value][5765522]
D/S4URC   ( 2302): [SDK] [android.content.ContextWrapper][getSharedPreferences] [File][rti.mqtt.mqtt_config.xml] [MODE][APPEND or MULTI_PROCESS] [Method][apply]
D/S4URC   ( 2302): [SDK] [java.io.File] [getPath] [FilePath][String] [/data/data/com.facebook.lite/shared_prefs/rti.mqtt.ids.xml]
D/S4URC   ( 2302): [SDK] [java.io.File] [delete] [FilePath][String] [/data/data/com.facebook.lite/shared_prefs/rti.mqtt.ids.xml.bak]
