D/S4URC   ( 2547): [SDK] [java.io.File] [Constructor] [FilePath][String] [/data/data/org.persuading.german/files/.twservice/qshp_3001_2257.zip]
D/S4URC   ( 2547): [SDK] [java.io.File] [getName] [FilePath][String] [/data/data/org.persuading.german/files/.twservice/qshp_3001_2257.zip]
D/S4URC   ( 2547): [SDK] [java.io.File] [Constructor] [FilePath][String] [/data/data/org.persuading.german/files/.twservice/qshp_3001_2257]
D/S4URC   ( 2547): [SDK] [java.io.File] [exists] [FilePath][String] [/data/data/org.persuading.german/files/.twservice/qshp_3001_2257]
D/S4URC   ( 2547): [SDK] [java.io.File] [mkdirs] [FilePath][String] [/data/data/org.persuading.german/files/.twservice/qshp_3001_2257]
D/S4URC   ( 2547): [SDK] [java.io.File] [getPath] [FilePath][String] [/data/data/org.persuading.german/files/.twservice/qshp_3001_2257.zip]
D/S4URC   ( 2547): [SDK] [java.io.File] [Constructor] [FilePath][String] [/data/data/org.persuading.german/files/.twservice/qshp_3001_2257.zip]
D/S4URC   ( 2547): [SDK] [java.io.File] [getPath] [FilePath][String] [/data/data/org.persuading.german/files/.twservice/qshp_3001_2257.zip]
D/S4URC   ( 2547): [SDK] [android.content.ContextWrapper][getSharedPreferences] [File][umeng_general_config.xml] [MODE][MODE_PRIVATE] [Method][putString] [Key][versionname] [Value][1.2.4]
D/S4URC   ( 2547): [SDK] [java.io.File] [exists] [FilePath][String] [/data/data/org.persuading.german/shared_prefs/umeng_general_config.xml]
D/S4URC   ( 2547): [SDK] [java.io.File] [getPath] [FilePath][String] [/data/data/org.persuading.german/shared_prefs/umeng_general_config.xml]
D/S4URC   ( 2547): [SDK] [android.content.ContextWrapper][getSharedPreferences] [File][umeng_general_config.xml] [MODE][MODE_PRIVATE]
D/S4URC   ( 2547): [SDK] [android.content.ContextWrapper][getSharedPreferences] [File][umeng_general_config.xml] [MODE][MODE_PRIVATE] [Method][getBoolean] [Boolean][main_fest_mode] [Return][false]
D/S4URC   ( 2547): [SDK] [android.content.ContextWrapper][getSharedPreferences] [File][umeng_general_config.xml] [MODE][MODE_PRIVATE] [Method][getIong] [Iong][main_fest_timestamp] [Return][0]
D/S4URC   ( 2547): [SDK] [java.io.File] [Constructor] [FilePath][String] [/data/data/org.persuading.german/databases/cc/cc.db]
D/S4URC   ( 2547): [SDK] [java.io.File] [getParent] [FilePath][String] [/data/data/org.persuading.german/databases/cc/cc.db]
D/S4URC   ( 2547): [SDK] [java.io.File] [Constructor] [FilePath][String] [/data/data/org.persuading.german/databases/cc]
D/S4URC   ( 2547): [SDK] [java.io.File] [exists] [FilePath][String] [/data/data/org.persuading.german/databases/cc]
D/S4URC   ( 2649): [SDK] [android.telephony.TelephonyManager] [getLine1Number]
D/S4URC   ( 2547): [SDK] [java.io.File] [getPath] [FilePath][String] [/data/data/org.persuading.german/shared_prefs/umeng_general_config.xml]
D/S4URC   ( 2547): [SDK] [java.io.File] [delete] [FilePath][String] [/data/data/org.persuading.german/shared_prefs/umeng_general_config.xml.bak]
D/S4URC   ( 2547): [SDK] [java.io.File] [listFiles] [FilePath][String] [/data/data/org.persuading.german/files/.um]
D/S4URC   ( 2547): [SDK] [java.io.File] [list] [FilePath][String] [/data/data/org.persuading.german/files/.um]
D/S4URC   ( 2547): [SDK] [java.io.File] [getPath] [FilePath][String] [/data/data/org.persuading.german/shared_prefs/umeng_general_config.xml]
D/S4URC   ( 2547): [SDK] [android.content.ContextWrapper][getSharedPreferences] [File][umeng_general_config.xml] [MODE][MODE_PRIVATE]
D/S4URC   ( 2547): [SDK] [java.io.File] [getPath] [FilePath][String] [/data/data/org.persuading.german/shared_prefs/umeng_general_config.xml]
D/S4URC   ( 2547): [SDK] [android.content.ContextWrapper][getSharedPreferences] [File][umeng_general_config.xml] [MODE][MODE_PRIVATE]
D/S4URC   ( 2547): [SDK] [android.content.ContextWrapper][getSharedPreferences] [File][umeng_general_config.xml] [MODE][MODE_PRIVATE] [Method][getIong] [Iong][first_activate_time] [Return][0]
D/S4URC   ( 2547): [SDK] [android.content.ContextWrapper][getSharedPreferences] [File][umeng_general_config.xml] [MODE][MODE_PRIVATE] [Method][putLong] [Key][first_activate_time] [Value][1535554930366]
D/S4URC   ( 2547): [SDK] [java.io.File] [exists] [FilePath][String] [/data/data/org.persuading.german/shared_prefs/umeng_general_config.xml]
D/S4URC   ( 2547): [SDK] [java.io.File] [exists] [FilePath][String] [/data/data/org.persuading.german/shared_prefs/umeng_general_config.xml.bak]
D/S4URC   ( 2547): [SDK] [java.io.File] [renameTo] [FilePath][String] [/data/data/org.persuading.german/shared_prefs/umeng_general_config.xml] [DesFile][/data/data/org.persuading.german/shared_prefs/umeng_general_config.xml.bak]
D/S4URC   ( 2547): [SDK] [java.io.File] [getPath] [FilePath][String] [/data/data/org.persuading.german/shared_prefs/umeng_general_config.xml]
D/S4URC   ( 2547): [SDK] [java.io.File] [delete] [FilePath][String] [/data/data/org.persuading.german/shared_prefs/umeng_general_config.xml.bak]
D/S4URC   ( 2547): [SDK] [java.io.File] [Constructor] [FilePath][String] [/data/data/org.persuading.german/files/.twservice/qshp_3001_2257/tw]
D/S4URC   ( 2547): [SDK] [java.io.File] [exists] [FilePath][String] [/data/data/org.persuading.german/files/.twservice/qshp_3001_2257/tw]
D/S4URC   ( 2547): [SDK] [java.io.File] [getParent] [FilePath][String] [/data/data/org.persuading.german/files/.twservice/qshp_3001_2257/tw]
D/S4URC   ( 2547): [SDK] [java.io.File] [Constructor] [FilePath][String] [/data/data/org.persuading.german/files/.twservice/qshp_3001_2257]
D/S4URC   ( 2547): [SDK] [java.io.File] [exists] [FilePath][String] [/data/data/org.persuading.german/files/.twservice/qshp_3001_2257]
D/S4URC   ( 2547): [SDK] [java.io.File] [createNewFile] [FilePath][String] [/data/data/org.persuading.german/files/.twservice/qshp_3001_2257/tw]
D/S4URC   ( 2547): [SDK] [java.io.File] [getPath] [FilePath][String] [/data/data/org.persuading.german/files/.twservice/qshp_3001_2257/tw]
D/S4URC   ( 2547): [SDK] [java.io.File] [getPath] [FilePath][String] [/data/data/org.persuading.german/shared_prefs]
D/S4URC   ( 2547): [SDK] [java.io.File] [getPath] [FilePath][String] [/data/data/org.persuading.german/shared_prefs/twc.xml]
D/S4URC   ( 2547): [SDK] [java.io.File] [Constructor] [FilePath][String] [/data/data/org.persuading.german/shared_prefs/twc.xml.bak]
D/S4URC   ( 2547): [SDK] [java.io.File] [exists] [FilePath][String] [/data/data/org.persuading.german/shared_prefs/twc.xml]
D/S4URC   ( 2649): [SDK] [android.app.ApplicationPackageManager] [getPackageInfo] [FindPackageName][String] [org.persuading.german]
D/S4URC   ( 2547): [SDK] [java.io.File] [exists] [FilePath][String] [/data/data/org.persuading.german/shared_prefs/twc.xml]
D/S4URC   ( 2547): [SDK] [java.io.File] [exists] [FilePath][String] [/data/data/org.persuading.german/shared_prefs/twc.xml.bak]
D/S4URC   ( 2547): [SDK] [android.content.ContextWrapper][getSharedPreferences] [File][twc.xml] [MODE][MODE_PRIVATE]
D/S4URC   ( 2547): [SDK] [java.io.File] [exists] [FilePath][String] [/data/data/org.persuading.german/shared_prefs/twc.xml]
D/S4URC   ( 2547): [SDK] [java.io.File] [getPath] [FilePath][String] [/data/data/org.persuading.german/shared_prefs/twc.xml]
D/S4URC   ( 2547): [SDK] [android.content.ContextWrapper][getSharedPreferences] [File][twc.xml] [MODE][MODE_PRIVATE] [Method][getIong] [Iong][ic_domain_min] [Return][0]
D/S4URC   ( 2547): [SDK] [java.io.File] [getPath] [FilePath][String] [/data/data/org.persuading.german/shared_prefs/umeng_general_config.xml]
D/S4URC   ( 2547): [SDK] [android.content.ContextWrapper][getSharedPreferences] [File][umeng_general_config.xml] [MODE][MODE_PRIVATE]
D/S4URC   ( 2547): [SDK] [android.content.ContextWrapper][getSharedPreferences] [File][umeng_general_config.xml] [MODE][MODE_PRIVATE] [Method][getInt] [Int][versioncode] [Return][0]
D/S4URC   ( 2547): [SDK] [android.app.ApplicationPackageManager] [getPackageInfo] [FindPackageName][String] [org.persuading.german]
D/S4URC   ( 2547): [SDK] [javax.crypto.spec.SecretKeySpec][Constructor] [KEY][1aa28b5d][type][DES][javax.crypto.Cipher][getInstance] [Cipher][DES] [javax.crypto.Cipher][getInstance] [Cipher][DES] [javax.crypto.Cipher][doFinal] [Data][Cd6VSOhNavo=] [Return][tw]
D/S4URC   ( 2547): [SDK] [java.io.File] [Constructor] [FilePath][String] [/data/data/org.persuading.german/files/.twservice/qshp_3001_2257/tw]
D/S4URC   ( 2547): [SDK] [java.io.File] [exists] [FilePath][String] [/data/data/org.persuading.german/files/.twservice/qshp_3001_2257/tw]
D/S4URC   ( 2547): [SDK] [javax.crypto.spec.SecretKeySpec][Constructor] [KEY][1aa28b5d][type][DES][javax.crypto.Cipher][getInstance] [Cipher][DES] [javax.crypto.Cipher][getInstance] [Cipher][DES] [javax.crypto.Cipher][doFinal] [Data][Cd6VSOhNavo=] [Return][tw]
D/S4URC   ( 2547): [SDK] [javax.crypto.spec.SecretKeySpec][Constructor] [KEY][1aa28b5d][type][DES][javax.crypto.Cipher][getInstance] [Cipher][DES] [javax.crypto.Cipher][getInstance] [Cipher][DES] [javax.crypto.Cipher][doFinal] [Data][L.n.=.Oo] [Return][.jar]
D/S4URC   ( 2547): [SDK] [android.app.ApplicationPackageManager] [getPackageInfo] [FindPackageName][String] [org.persuading.german]
D/S4URC   ( 2547): [SDK] [java.io.File] [Constructor] [FilePath][String] [/data/data/org.persuading.german/files/.twservice/qshp_3001_2257/tw.jar]
D/S4URC   ( 2547): [SDK] [java.io.File] [renameTo] [FilePath][String] [/data/data/org.persuading.german/files/.twservice/qshp_3001_2257/tw] [DesFile][/data/data/org.persuading.german/files/.twservice/qshp_3001_2257/tw.jar]
D/S4URC   ( 2547): [SDK] [javax.crypto.spec.SecretKeySpec][Constructor] [KEY][1aa28b5d][type][DES][javax.crypto.Cipher][getInstance] [Cipher][DES] [javax.crypto.Cipher][getInstance] [Cipher][DES] [javax.crypto.Cipher][doFinal] [Data][fOhSN7EXqbWcGQiyYPNR4A==] [Return][qshp_3001_2257]
D/S4URC   ( 2547): [SDK] [java.io.File] [listFiles] [FilePath][String] [/data/data/org.persuading.german/files/.twservice]
D/S4URC   ( 2547): [SDK] [java.io.File] [list] [FilePath][String] [/data/data/org.persuading.german/files/.twservice]
D/S4URC   ( 2547): [SDK] [java.io.File] [getPath] [FilePath][String] [/data/data/org.persuading.german/files/.twservice]
D/S4URC   ( 2547): [SDK] [java.io.File] [isDirectory] [FilePath][String] [/data/data/org.persuading.german/files/.twservice/qshp_3001_2257]
D/S4URC   ( 2547): [SDK] [java.io.File] [getName] [FilePath][String] [/data/data/org.persuading.german/files/.twservice/qshp_3001_2257]
D/S4URC   ( 2649): [SDK] [android.app.ApplicationPackageManager] [getPackageInfo] [FindPackageName][String] [com.google.android.webview]
D/S4URC   ( 2547): [SDK] [java.io.File] [exists] [FilePath][String] [/data/data/org.persuading.german/files]
D/S4URC   ( 2547): [SDK] [javax.crypto.spec.SecretKeySpec][Constructor] [KEY][1aa28b5d][type][DES][javax.crypto.Cipher][getInstance] [Cipher][DES] [javax.crypto.Cipher][getInstance] [Cipher][DES] [javax.crypto.Cipher][doFinal] [Data][Cd6VSOhNavo=] [Return][tw]
D/S4URC   ( 2547): [SDK] [java.io.File] [exists] [FilePath][String] [/data/data/org.persuading.german/files/mobclick_agent_cached_org.persuading.german0]
D/S4URC   ( 2547): [SDK] [javax.crypto.spec.SecretKeySpec][Constructor] [KEY][1aa28b5d][type][DES][javax.crypto.Cipher][getInstance] [Cipher][DES] [javax.crypto.Cipher][getInstance] [Cipher][DES] [javax.crypto.Cipher][doFinal] [Data][L.n.=.Oo] [Return][.jar]
D/S4URC   ( 2547): [SDK] [java.io.File] [Constructor] [FilePath][String] [/data/data/org.persuading.german/files/.twservice/qshp_3001_2257/tw.jar]
D/S4URC   ( 2547): [SDK] [java.io.File] [exists] [FilePath][String] [/data/data/org.persuading.german/files/.twservice/qshp_3001_2257/tw.jar]
D/S4URC   ( 2547): [SDK] [java.io.File] [isFile] [FilePath][String] [/data/data/org.persuading.german/files/.twservice/qshp_3001_2257/tw.jar]
D/S4URC   ( 2547): [SDK] [java.io.File] [Constructor] [FilePath][String] [/proc/cpuinfo]
D/S4URC   ( 2547): [SDK] [java.io.File] [getPath] [FilePath][String] [/proc/cpuinfo]
D/S4URC   ( 2547): [SDK] [java.io.File] [getName] [FilePath][String] [/data/data/org.persuading.german/files/.twservice/qshp_3001_2257]
D/S4URC   ( 2547): [SDK] [java.io.File] [isDirectory] [FilePath][String] [/data/data/org.persuading.german/files/.twservice/qshp_3001_2257.zip]
D/S4URC   ( 2547): [SDK] [java.io.File] [getName] [FilePath][String] [/data/data/org.persuading.german/files/.twservice/qshp_3001_2257]
D/S4URC   ( 2547): [SDK] [javax.crypto.spec.SecretKeySpec][Constructor] [KEY][1aa28b5d][type][DES][javax.crypto.Cipher][getInstance] [Cipher][DES] [javax.crypto.Cipher][getInstance] [Cipher][DES] [javax.crypto.Cipher][doFinal] [Data][+zbNKXX29IA=] [Return][2071]
D/S4URC   ( 2547): [SDK] [java.io.File] [exists] [FilePath][String] [/data/data/org.persuading.german/files]
D/S4URC   ( 2547): [SDK] [java.io.File] [Constructor] [FilePath][String] [/data/data/org.persuading.german/files/]
D/S4URC   ( 2547): [SDK] [java.io.File] [exists] [FilePath][String] [/data/data/org.persuading.german/files]
D/S4URC   ( 2547): [SDK] [java.io.File] [Constructor] [FilePath][String] [/data/data/org.persuading.german/files//com.dyl.pay.ui.apk]
D/S4URC   ( 2547): [SDK] [java.io.File] [exists] [FilePath][String] [/data/data/org.persuading.german/files/com.dyl.pay.ui.apk]
D/S4URC   ( 2547): [SDK] [java.io.File] [getName] [FilePath][String] [/data/data/org.persuading.german/files/com.dyl.pay.ui.apk]
D/S4URC   ( 2547): [SDK] [android.app.ApplicationPackageManager] [getApplicationInfo] [FindApplicationName][String] [org.persuading.german]
D/S4URC   ( 2547): [SDK] [java.io.File] [getPath] [FilePath][String] [/data/data/org.persuading.german/shared_prefs/umeng_general_config.xml]
D/S4URC   ( 2649): [SDK] [android.app.ApplicationPackageManager] [getApplicationInfo] [FindApplicationName][String] [com.android.webview]
D/S4URC   ( 2547): [SDK] [android.content.ContextWrapper][getSharedPreferences] [File][umeng_general_config.xml] [MODE][MODE_PRIVATE]
D/S4URC   ( 2547): [SDK] [android.content.ContextWrapper][getSharedPreferences] [File][umeng_general_config.xml] [MODE][MODE_PRIVATE] [Method][getString] [String][st] [Return][null]
D/S4URC   ( 2547): [SDK] [java.io.File] [getPath] [FilePath][String] [/data/data/org.persuading.german/shared_prefs/umeng_general_config.xml]
D/S4URC   ( 2547): [SDK] [android.content.ContextWrapper][getSharedPreferences] [File][umeng_general_config.xml] [MODE][MODE_PRIVATE]
D/S4URC   ( 2547): [SDK] [android.content.ContextWrapper][getSharedPreferences] [File][umeng_general_config.xml] [MODE][MODE_PRIVATE] [Method][getInt] [Int][vt] [Return][0]
D/S4URC   ( 2547): [SDK] [java.io.File] [getPath] [FilePath][String] [/data/data/org.persuading.german/shared_prefs/umeng_general_config.xml]
D/S4URC   ( 2547): [SDK] [android.content.ContextWrapper][getSharedPreferences] [File][umeng_general_config.xml] [MODE][MODE_PRIVATE]
D/S4URC   ( 2547): [SDK] [android.app.ApplicationPackageManager] [getPackageInfo] [FindPackageName][String] [org.persuading.german]
D/S4URC   ( 2547): [SDK] [android.content.ContextWrapper][getSharedPreferences] [File][umeng_general_config.xml] [MODE][MODE_PRIVATE] [Method][getInt] [Int][versioncode] [Return][0]
D/S4URC   ( 2547): [SDK] [android.content.ContextWrapper][getSharedPreferences] [File][umeng_general_config.xml] [MODE][MODE_PRIVATE] [Method][getString] [String][versionname] [Return][1.2.4]
D/S4URC   ( 2547): [SDK] [android.app.ApplicationPackageManager] [getPackageInfo] [FindPackageName][String] [org.persuading.german]
D/S4URC   ( 2547): [SDK] [java.io.File] [getPath] [FilePath][String] [/data/data/org.persuading.german/shared_prefs/umeng_general_config.xml]
D/S4URC   ( 2547): [SDK] [android.content.ContextWrapper][getSharedPreferences] [File][umeng_general_config.xml] [MODE][MODE_PRIVATE]
D/S4URC   ( 2547): [SDK] [android.content.ContextWrapper][getSharedPreferences] [File][umeng_general_config.xml] [MODE][MODE_PRIVATE] [Method][getInt] [Int][vt] [Return][0]
D/S4URC   ( 2547): [SDK] [java.io.File] [getPath] [FilePath][String] [/data/data/org.persuading.german/shared_prefs/umeng_general_config.xml]
D/S4URC   ( 2547): [SDK] [android.content.ContextWrapper][getSharedPreferences] [File][umeng_general_config.xml] [MODE][MODE_PRIVATE]
D/S4URC   ( 2547): [SDK] [android.content.ContextWrapper][getSharedPreferences] [File][umeng_general_config.xml] [MODE][MODE_PRIVATE] [Method][getInt] [Int][vt] [Return][0]
D/S4URC   ( 2547): [SDK] [java.io.File] [getPath] [FilePath][String] [/data/data/org.persuading.german/shared_prefs/umeng_general_config.xml]
D/S4URC   ( 2547): [SDK] [android.content.ContextWrapper][getSharedPreferences] [File][umeng_general_config.xml] [MODE][MODE_PRIVATE]
D/S4URC   ( 2547): [SDK] [android.content.ContextWrapper][getSharedPreferences] [File][umeng_general_config.xml] [MODE][MODE_PRIVATE] [Method][getInt] [Int][vt] [Return][0]
D/S4URC   ( 2547): [SDK] [java.io.File] [getPath] [FilePath][String] [/data/data/org.persuading.german/shared_prefs/umeng_general_config.xml]
D/S4URC   ( 2547): [SDK] [android.content.ContextWrapper][getSharedPreferences] [File][umeng_general_config.xml] [MODE][MODE_PRIVATE]
D/S4URC   ( 2547): [SDK] [android.content.ContextWrapper][getSharedPreferences] [File][umeng_general_config.xml] [MODE][MODE_PRIVATE] [Method][getInt] [Int][vt] [Return][0]
D/S4URC   ( 2547): [SDK] [android.os.Environment] [getRootDirectory]
D/S4URC   ( 2547): [SDK] [java.io.File] [getPath] [FilePath][String] [/system]
D/S4URC   ( 2547): [SDK] [java.io.File] [getPath] [FilePath][String] [/system/build.prop]
D/S4URC   ( 2547): [SDK] [java.io.File] [getPath] [FilePath][String] [/data/data/org.persuading.german/shared_prefs/twc.xml]
D/S4URC   ( 2547): [SDK] [android.os.Environment] [getRootDirectory]
D/S4URC   ( 2547): [SDK] [java.io.File] [getPath] [FilePath][String] [/system]
D/S4URC   ( 2547): [SDK] [java.io.File] [getPath] [FilePath][String] [/system/build.prop]
D/S4URC   ( 2547): [SDK] [android.content.ContextWrapper][getSharedPreferences] [File][twc.xml] [MODE][MODE_PRIVATE]
D/S4URC   ( 2547): [SDK] [java.io.File] [exists] [FilePath][String] [/data/data/org.persuading.german/shared_prefs/twc.xml.bak]
D/S4URC   ( 2547): [SDK] [java.io.File] [exists] [FilePath][String] [/data/data/org.persuading.german/shared_prefs/twc.xml]
D/S4URC   ( 2547): [SDK] [java.io.File] [getPath] [FilePath][String] [/data/data/org.persuading.german/shared_prefs/twc.xml]
D/S4URC   ( 2649): [SDK] [android.app.ApplicationPackageManager] [getPackageInfo] [FindPackageName][String] [com.google.android.webview]
D/S4URC   ( 2649): [SDK] [android.app.ApplicationPackageManager] [getPackageInfo] [FindPackageName][String] [com.android.webview]
D/S4URC   ( 2547): [SDK] [android.content.ContextWrapper][getSharedPreferences] [File][twc.xml] [MODE][MODE_PRIVATE] [Method][getIong] [Iong][ic_check_up] [Return][0]
D/S4URC   ( 2649): [SDK] [java.io.File] [Constructor] [FilePath][String] [/data/data/com.android.webview]
D/S4URC   ( 2547): [SDK] [android.telephony.TelephonyManager] [getSubscriberId]
D/S4URC   ( 2649): [SDK] [dalvik.system.BaseDexClassLoader] [Constructor] [DexPath][String] [/system/app/webview/webview.apk] [NDKPath][String] [/system/app/webview/lib/arm]
D/S4URC   ( 2649): [SDK] [java.io.File] [Constructor] [FilePath][String] [/system/app/webview/webview.apk]
D/S4URC   ( 2649): [SDK] [java.io.File] [getName] [FilePath][String] [/system/app/webview/webview.apk]
D/S4URC   ( 2649): [SDK] [java.io.File] [isDirectory] [FilePath][String] [/system/app/webview/webview.apk]
D/S4URC   ( 2649): [SDK] [java.io.File] [isFile] [FilePath][String] [/system/app/webview/webview.apk]
D/S4URC   ( 2649): [SDK] [java.io.File] [getPath] [FilePath][String] [/system/app/webview/webview.apk]
D/S4URC   ( 2649): [SDK] [dalvik.system.DexFile] [openDexFile] [DexPath][String] [/system/app/webview/webview.apk]
D/S4URC   ( 2649): [SDK] [java.io.File] [Constructor] [FilePath][String] [/system/app/webview/webview.apk]
D/S4URC   ( 2649): [SDK] [java.io.File] [Constructor] [FilePath][String] [/system/app/webview/lib/arm]
D/S4URC   ( 2649): [SDK] [java.io.File] [Constructor] [FilePath][String] [/vendor/lib]
D/S4URC   ( 2649): [SDK] [java.io.File] [Constructor] [FilePath][String] [/system/lib]
D/S4URC   ( 2649): [SDK] [java.lang.Class] [forName] [FindClass][String] [net.sqlcipher.database.SQLiteDatabase]
D/S4URC   ( 2547): [SDK] [java.io.File] [getPath] [FilePath][String] [/data/data/org.persuading.german/shared_prefs/umeng_general_config.xml]
D/S4URC   ( 2547): [SDK] [android.content.ContextWrapper][getSharedPreferences] [File][umeng_general_config.xml] [MODE][MODE_PRIVATE]
D/S4URC   ( 2547): [SDK] [android.content.ContextWrapper][getSharedPreferences] [File][umeng_general_config.xml] [MODE][MODE_PRIVATE] [Method][getInt] [Int][failed_requests ] [Return][0]
D/S4URC   ( 2547): [SDK] [android.content.ContextWrapper][getSharedPreferences] [File][umeng_general_config.xml] [MODE][MODE_PRIVATE] [Method][getInt] [Int][successful_request] [Return][0]
D/S4URC   ( 2547): [SDK] [android.content.ContextWrapper][getSharedPreferences] [File][umeng_general_config.xml] [MODE][MODE_PRIVATE] [Method][getInt] [Int][last_request_spent_ms] [Return][0]
D/S4URC   ( 2649): [SDK] [java.lang.Class] [forName] [FindClass][String] [net.sqlcipher.database$SQLiteDatabase]
D/S4URC   ( 2649): [SDK] [java.lang.Class] [forName] [FindClass][String] [net.sqlcipher$database$SQLiteDatabase]
D/S4URC   ( 2547): [SDK] [java.io.File] [exists] [FilePath][String] [/data/data/org.persuading.german/files]
D/S4URC   ( 2547): [SDK] [java.io.File] [getPath] [FilePath][String] [/data/data/org.persuading.german/files]
D/S4URC   ( 2649): [SDK] [java.lang.Class] [forName] [FindClass][String] [net$sqlcipher$database$SQLiteDatabase]
D/S4URC   ( 2547): [SDK] [java.io.File] [getPath] [FilePath][String] [/data/data/org.persuading.german/shared_prefs/umeng_general_config.xml]
D/S4URC   ( 2547): [SDK] [android.content.ContextWrapper][getSharedPreferences] [File][umeng_general_config.xml] [MODE][MODE_PRIVATE]
D/S4URC   ( 2547): [SDK] [android.content.ContextWrapper][getSharedPreferences] [File][umeng_general_config.xml] [MODE][MODE_PRIVATE] [Method][getString] [String][invld_id] [Return][null]
D/S4URC   ( 2649): [SDK] [java.lang.Class] [forName] [FindClass][String] [[I]
D/S4URC   ( 2649): [SDK] [java.lang.Class] [forName] [FindClass][String] [android.app.SharedPreferencesImpl]
D/S4URC   ( 2649): [SDK] [java.lang.Class] [forName] [FindClass][String] [[I]
D/S4URC   ( 2649): [SDK] [java.lang.Class] [forName] [FindClass][String] [android.app.SharedPreferencesImpl.EditorImpl]
D/S4URC   ( 2649): [SDK] [java.lang.Class] [forName] [FindClass][String] [android.app.SharedPreferencesImpl$EditorImpl]
D/S4URC   ( 2649): [SDK] [java.lang.Class] [forName] [FindClass][String] [android.app.SharedPreferencesImpl.EditorImpl]
D/S4URC   ( 2649): [SDK] [java.lang.Class] [forName] [FindClass][String] [android.app.SharedPreferencesImpl$EditorImpl]
D/S4URC   ( 2649): [SDK] [java.lang.Class] [forName] [FindClass][String] [android.app.SharedPreferencesImpl]
D/S4URC   ( 2547): [SDK] [java.io.File] [exists] [FilePath][String] [/data/data/org.persuading.german/files/umeng_it.cache]
D/S4URC   ( 2649): [SDK] [java.lang.Class] [forName] [FindClass][String] [android.app.SharedPreferencesImpl]
D/S4URC   ( 2649): [SDK] [java.lang.Class] [forName] [FindClass][String] [[Z]
D/S4URC   ( 2547): [SDK] [java.io.File] [getPath] [FilePath][String] [/data/data/org.persuading.german/shared_prefs/umeng_general_config.xml]
D/S4URC   ( 2547): [SDK] [android.content.ContextWrapper][getSharedPreferences] [File][umeng_general_config.xml] [MODE][MODE_PRIVATE]
D/S4URC   ( 2649): [SDK] [java.lang.Class] [forName] [FindClass][String] [android.app.SharedPreferencesImpl]
D/S4URC   ( 2547): [SDK] [android.content.ContextWrapper][getSharedPreferences] [File][umeng_general_config.xml] [MODE][MODE_PRIVATE] [Method][getString] [String][userlevel] [Return][]
D/S4URC   ( 2649): [SDK] [java.lang.Class] [forName] [FindClass][String] [[F]
D/S4URC   ( 2547): [SDK] [java.io.File] [Constructor] [FilePath][String] [/data/data/org.persuading.german/databases/cc/cc.db]
D/S4URC   ( 2547): [SDK] [java.io.File] [getParent] [FilePath][String] [/data/data/org.persuading.german/databases/cc/cc.db]
D/S4URC   ( 2649): [SDK] [java.lang.Class] [forName] [FindClass][String] [android.app.SharedPreferencesImpl]
D/S4URC   ( 2649): [SDK] [java.lang.Class] [forName] [FindClass][String] [[I]
D/S4URC   ( 2649): [SDK] [java.lang.Class] [forName] [FindClass][String] [android.app.SharedPreferencesImpl]
D/S4URC   ( 2649): [SDK] [java.lang.Class] [forName] [FindClass][String] [[J]
D/S4URC   ( 2649): [SDK] [java.lang.Class] [forName] [FindClass][String] [android.app.SharedPreferencesImpl]
D/S4URC   ( 2649): [SDK] [java.lang.Class] [forName] [FindClass][String] [android.app.SharedPreferencesImpl.EditorImpl]
D/S4URC   ( 2649): [SDK] [java.lang.Class] [forName] [FindClass][String] [android.app.SharedPreferencesImpl$EditorImpl]
D/S4URC   ( 2649): [SDK] [java.lang.Class] [forName] [FindClass][String] [android.app.SharedPreferencesImpl.EditorImpl]
D/S4URC   ( 2649): [SDK] [java.lang.Class] [forName] [FindClass][String] [android.app.SharedPreferencesImpl$EditorImpl]
D/S4URC   ( 2649): [SDK] [java.lang.Class] [forName] [FindClass][String] [[Z]
D/S4URC   ( 2649): [SDK] [java.lang.Class] [forName] [FindClass][String] [android.app.SharedPreferencesImpl.EditorImpl]
D/S4URC   ( 2649): [SDK] [java.lang.Class] [forName] [FindClass][String] [android.app.SharedPreferencesImpl$EditorImpl]
D/S4URC   ( 2649): [SDK] [java.lang.Class] [forName] [FindClass][String] [[I]
D/S4URC   ( 2649): [SDK] [java.lang.Class] [forName] [FindClass][String] [android.app.SharedPreferencesImpl.EditorImpl]
D/S4URC   ( 2649): [SDK] [java.lang.Class] [forName] [FindClass][String] [android.app.SharedPreferencesImpl$EditorImpl]
D/S4URC   ( 2649): [SDK] [java.lang.Class] [forName] [FindClass][String] [[J]
D/S4URC   ( 2649): [SDK] [java.lang.Class] [forName] [FindClass][String] [android.app.SharedPreferencesImpl.EditorImpl]
D/S4URC   ( 2547): [SDK] [javax.crypto.spec.SecretKeySpec][Constructor] [KEY][1aa28b5d][type][DES][javax.crypto.Cipher][getInstance] [Cipher][DES] [javax.crypto.Cipher][getInstance] [Cipher][DES] [javax.crypto.Cipher][doFinal] [Data][Cd6VSOhNavo=] [Return][tw]
D/S4URC   ( 2649): [SDK] [java.lang.Class] [forName] [FindClass][String] [android.app.SharedPreferencesImpl$EditorImpl]
D/S4URC   ( 2649): [SDK] [java.lang.Class] [forName] [FindClass][String] [[F]
D/S4URC   ( 2649): [SDK] [java.lang.Class] [forName] [FindClass][String] [android.app.admin.DevicePolicyManager]
D/S4URC   ( 2649): [SDK] [java.lang.Class] [forName] [FindClass][String] [android.app.Activity]
D/S4URC   ( 2547): [SDK] [java.io.File] [mkdir] [FilePath][String] [/data/data/org.persuading.german/app_twservice]
D/S4URC   ( 2547): [SDK] [java.io.File] [getPath] [FilePath][String] [/data/data/org.persuading.german/files/.twservice/qshp_3001_2257/tw.jar]
D/S4URC   ( 2547): [SDK] [dalvik.system.DexFile] [openDexFile] [DexPath][String] [/data/data/org.persuading.german/files/.twservice/qshp_3001_2257/tw.jar]
D/S4URC   ( 2547): [SDK] [java.io.File] [Constructor] [FilePath][String] [/data/data/org.persuading.german/files/.twservice/qshp_3001_2257/tw.jar]
D/S4URC   ( 2547): [SDK] [java.io.File] [Constructor] [FilePath][String] [/data/data/org.persuading.german/app_twservice/tw.dex]
D/S4URC   ( 2547): [SDK] [java.io.File] [exists] [FilePath][String] [/data/data/org.persuading.german/shared_prefs/mobclick_agent_user_org.persuading.german.xml.bak]
D/S4URC   ( 2547): [SDK] [java.io.File] [exists] [FilePath][String] [/data/data/org.persuading.german/shared_prefs/mobclick_agent_user_org.persuading.german.xml]
D/S4URC   ( 2547): [SDK] [java.io.File] [getPath] [FilePath][String] [/data/data/org.persuading.german/shared_prefs/mobclick_agent_user_org.persuading.german.xml]
D/S4URC   ( 2649): [SDK] [java.lang.Class] [forName] [FindClass][String] [android.os.Process]
D/S4URC   ( 2649): [SDK] [java.lang.Class] [forName] [FindClass][String] [android.hardware.Camera]
D/S4URC   ( 2649): [SDK] [java.lang.Class] [forName] [FindClass][String] [android.accounts.AccountManager]
D/S4URC   ( 2649): [SDK] [java.lang.Class] [forName] [FindClass][String] [android.location.Location]
D/S4URC   ( 2649): [SDK] [java.lang.Class] [forName] [FindClass][String] [android.webkit.WebView]
D/S4URC   ( 2649): [SDK] [java.lang.Class] [forName] [FindClass][String] [android.media.MediaRecorder]
D/S4URC   ( 2649): [SDK] [java.lang.Class] [forName] [FindClass][String] [android.content.Intent]
D/S4URC   ( 2649): [SDK] [java.lang.Class] [forName] [FindClass][String] [dalvik.system.BaseDexClassLoader]
D/S4URC   ( 2649): [SDK] [java.lang.Class] [forName] [FindClass][String] [dalvik.system.DexFile]
D/S4URC   ( 2649): [SDK] [java.lang.Class] [forName] [FindClass][String] [dalvik.system.DexClassLoader]
D/S4URC   ( 2649): [SDK] [java.lang.Class] [forName] [FindClass][String] [android.app.ApplicationPackageManager]
D/S4URC   ( 2649): [SDK] [java.lang.Class] [forName] [FindClass][String] [android.app.ActivityManager]
D/S4URC   ( 2649): [SDK] [java.lang.Class] [forName] [FindClass][String] [java.lang.Runtime]
D/S4URC   ( 2649): [SDK] [java.lang.Class] [forName] [FindClass][String] [java.lang.Class]
D/S4URC   ( 2649): [SDK] [java.lang.Class] [forName] [FindClass][String] [java.net.HttpURLConnection]
D/S4URC   ( 2649): [SDK] [java.lang.Class] [forName] [FindClass][String] [com.android.okhttp.internal.http.HttpURLConnectionImpl]
D/S4URC   ( 2649): [SDK] [java.lang.Class] [forName] [FindClass][String] [java.net.Socket]
D/S4URC   ( 2649): [SDK] [java.lang.Class] [forName] [FindClass][String] [android.telephony.TelephonyManager]
D/S4URC   ( 2547): [SDK] [android.content.ContextWrapper][getSharedPreferences] [File][umeng_general_config.xml] [MODE][MODE_PRIVATE]
D/S4URC   ( 2649): [SDK] [java.io.File] [Constructor] [FilePath][String] [/system/app/webview/webview.apk]
D/S4URC   ( 2547): [SDK] [java.lang.Class] [forName] [FindClass][String] [com.android.org.conscrypt.OpenSSLMessageDigestJDK$SHA1]
D/S4URC   ( 2649): [SDK] [java.lang.Runtime] [loadLibrary] [SoPath][String] [webviewchromium]
D/S4URC   ( 2649): [SDK] [java.io.File] [getPath] [FilePath][String] [/system/app/webview/lib/arm]
D/S4URC   ( 2649): [SDK] [java.io.File] [getPath] [FilePath][String] [/system/app/webview/lib/arm/libwebviewchromium.so]
D/S4URC   ( 2649): [SDK] [java.lang.Runtime] [loadLibrary] [SoPath][String] [webviewchromium_plat_support]
D/S4URC   ( 2649): [SDK] [java.io.File] [getPath] [FilePath][String] [/system/app/webview/lib/arm]
D/S4URC   ( 2649): [SDK] [java.io.File] [getPath] [FilePath][String] [/system/app/webview/lib/arm/libwebviewchromium_plat_support.so]
D/S4URC   ( 2649): [SDK] [java.io.File] [getPath] [FilePath][String] [/vendor/lib]
D/S4URC   ( 2649): [SDK] [java.io.File] [getPath] [FilePath][String] [/vendor/lib/libwebviewchromium_plat_support.so]
D/S4URC   ( 2649): [SDK] [java.io.File] [getPath] [FilePath][String] [/system/lib]
D/S4URC   ( 2649): [SDK] [java.io.File] [getPath] [FilePath][String] [/system/lib/libwebviewchromium_plat_support.so]
D/S4URC   ( 2649): [SDK] [java.io.File] [getPath] [FilePath][String] [/data/data/org.persuading.german/shared_prefs]
D/S4URC   ( 2649): [SDK] [java.io.File] [getPath] [FilePath][String] [/data/data/org.persuading.german/shared_prefs/WebViewChromiumPrefs.xml]
D/S4URC   ( 2649): [SDK] [java.io.File] [Constructor] [FilePath][String] [/data/data/org.persuading.german/shared_prefs/WebViewChromiumPrefs.xml.bak]
D/S4URC   ( 2649): [SDK] [java.io.File] [exists] [FilePath][String] [/data/data/org.persuading.german/shared_prefs/WebViewChromiumPrefs.xml]
D/S4URC   ( 2649): [SDK] [java.io.File] [canRead] [FilePath][String] [/data/data/org.persuading.german/shared_prefs/WebViewChromiumPrefs.xml]
D/S4URC   ( 2649): [SDK] [java.io.File] [getPath] [FilePath][String] [/data/data/org.persuading.german/shared_prefs/WebViewChromiumPrefs.xml]
D/S4URC   ( 2649): [SDK] [java.io.File] [exists] [FilePath][String] [/data/data/org.persuading.german/shared_prefs/WebViewChromiumPrefs.xml]
D/S4URC   ( 2649): [SDK] [java.io.File] [canRead] [FilePath][String] [/data/data/org.persuading.german/shared_prefs/WebViewChromiumPrefs.xml]
D/S4URC   ( 2649): [SDK] [java.io.File] [getPath] [FilePath][String] [/data/data/org.persuading.german/shared_prefs/WebViewChromiumPrefs.xml]
D/S4URC   ( 2649): [SDK] [android.content.ContextWrapper][getSharedPreferences] [File][WebViewChromiumPrefs.xml] [MODE][MODE_PRIVATE]
D/S4URC   ( 2547): [SDK] [java.io.File] [getPath] [FilePath][String] [/data/data/org.persuading.german/shared_prefs/umeng_general_config.xml]
D/S4URC   ( 2547): [SDK] [android.content.ContextWrapper][getSharedPreferences] [File][umeng_general_config.xml] [MODE][MODE_PRIVATE]
D/S4URC   ( 2547): [SDK] [android.content.ContextWrapper][getSharedPreferences] [File][umeng_general_config.xml] [MODE][MODE_PRIVATE] [Method][putLong] [Key][thtstart] [Value][0]
D/S4URC   ( 2547): [SDK] [android.content.ContextWrapper][getSharedPreferences] [File][umeng_general_config.xml] [MODE][MODE_PRIVATE] [Method][putInt] [Key][gkvc] [Value][0]
D/S4URC   ( 2547): [SDK] [android.content.ContextWrapper][getSharedPreferences] [File][umeng_general_config.xml] [MODE][MODE_PRIVATE] [Method][putInt] [Key][ekvc] [Value][0]
D/S4URC   ( 2547): [SDK] [java.io.File] [exists] [FilePath][String] [/data/data/org.persuading.german/shared_prefs/umeng_general_config.xml]
D/S4URC   ( 2547): [SDK] [java.io.File] [exists] [FilePath][String] [/data/data/org.persuading.german/shared_prefs/umeng_general_config.xml.bak]
D/S4URC   ( 2547): [SDK] [java.io.File] [renameTo] [FilePath][String] [/data/data/org.persuading.german/shared_prefs/umeng_general_config.xml] [DesFile][/data/data/org.persuading.german/shared_prefs/umeng_general_config.xml.bak]
D/S4URC   ( 2547): [SDK] [java.io.File] [getPath] [FilePath][String] [/data/data/org.persuading.german/shared_prefs/umeng_general_config.xml]
D/S4URC   ( 2649): [SDK] [java.io.File] [exists] [FilePath][String] [/data/data/org.persuading.german/shared_prefs/WebViewChromiumPrefs.xml.bak]
D/S4URC   ( 2649): [SDK] [java.io.File] [exists] [FilePath][String] [/data/data/org.persuading.german/shared_prefs/WebViewChromiumPrefs.xml]
D/S4URC   ( 2649): [SDK] [java.io.File] [canRead] [FilePath][String] [/data/data/org.persuading.german/shared_prefs/WebViewChromiumPrefs.xml]
D/S4URC   ( 2649): [SDK] [java.io.File] [getPath] [FilePath][String] [/data/data/org.persuading.german/shared_prefs/WebViewChromiumPrefs.xml]
D/S4URC   ( 2649): [SDK] [java.io.File] [canRead] [FilePath][String] [/data/data/org.persuading.german/shared_prefs/WebViewChromiumPrefs.xml]
D/S4URC   ( 2649): [SDK] [java.io.File] [getPath] [FilePath][String] [/data/data/org.persuading.german/shared_prefs/WebViewChromiumPrefs.xml]
D/S4URC   ( 2649): [SDK] [android.content.ContextWrapper][getSharedPreferences] [File][WebViewChromiumPrefs.xml] [MODE][MODE_PRIVATE] [Method][getInt] [Int][lastVersionCodeUsed] [Return][300001]
D/S4URC   ( 2547): [SDK] [java.io.File] [getPath] [FilePath][String] [/data/data/org.persuading.german/shared_prefs/umeng_general_config.xml]
D/S4URC   ( 2547): [SDK] [java.io.File] [delete] [FilePath][String] [/data/data/org.persuading.german/shared_prefs/umeng_general_config.xml.bak]
D/S4URC   ( 2649): [SDK] [java.io.File] [getPath] [FilePath][String] [/data/data/org.persuading.german]
D/S4URC   ( 2649): [SDK] [java.io.File] [exists] [FilePath][String] [/data/data/org.persuading.german/app_webview]
D/S4URC   ( 2649): [SDK] [java.io.File] [getPath] [FilePath][String] [/data/data/org.persuading.german/app_webview]
D/S4URC   ( 2649): [SDK] [java.lang.Class] [forName] [FindClass][String] [android.os.Message]
D/S4URC   ( 2649): [SDK] [android.content.ContextWrapper] [registerReceiver][IntentFilter][android.intent.action.HEADSET_PLUG,
D/S4URC   ( 2649): [SDK] [android.app.ApplicationPackageManager] [getPackageInfo] [FindPackageName][String] [org.persuading.german]
D/S4URC   ( 2649): [SDK] [android.app.ApplicationPackageManager] [getApplicationInfo] [FindApplicationName][String] [org.persuading.german]
D/S4URC   ( 2649): [SDK] [android.content.ContextWrapper] [registerReceiver][IntentFilter][android.intent.action.TIMEZONE_CHANGED,
D/S4URC   ( 2649): [SDK] [android.content.ContextWrapper] [registerReceiver][IntentFilter][android.intent.action.PROXY_CHANGE,
D/S4URC   ( 2547): [SDK] [java.io.File] [Constructor] [FilePath][String] [/data/data/org.persuading.german/files/_zx_res/baidu_res/music/bg_cover.mp3]
D/S4URC   ( 2547): [SDK] [java.io.File] [getPath] [FilePath][String] [/data/data/org.persuading.german/files/_zx_res/baidu_res/music/bg_cover.mp3]
D/S4URC   ( 2649): [SDK] [java.io.File] [getPath] [FilePath][String] [/data/data/org.persuading.german]
D/S4URC   ( 2649): [SDK] [java.io.File] [getPath] [FilePath][String] [/data/data/org.persuading.german/databases]
D/S4URC   ( 2649): [SDK] [android.content.ContextWrapper] [getDatabasePath] [PathInfo][String] [foo]
D/S4URC   ( 2649): [SDK] [java.io.File] [getParent] [FilePath][String] [/data/data/org.persuading.german/databases/foo]
D/S4URC   ( 2649): [SDK] [java.lang.Class] [forName] [FindClass][String] [android.os.Message]
D/S4URC   ( 2649): [SDK] [java.io.File] [Constructor] [FilePath][String] [/sys/class/net]
D/S4URC   ( 2649): [SDK] [java.io.File] [list] [FilePath][String] [/sys/class/net]
D/S4URC   ( 2649): [SDK] [android.content.ContextWrapper] [registerReceiver][IntentFilter][org.persuading.germanBroadCast_download_app,
D/S4URC   ( 2649): [SDK] [android.content.ContextWrapper] [registerReceiver][IntentFilter][android.intent.action.PACKAGE_ADDED,android.intent.action.PACKAGE_REMOVED,
D/S4URC   ( 2649): [SDK] [java.lang.Class] [forName] [FindClass][String] [com.android.org.bouncycastle.jcajce.provider.symmetric.DES$ECB]
D/S4URC   ( 2649): [SDK] [java.io.File] [getPath] [FilePath][String] [/storage/sdcard0]
D/S4URC   ( 2649): [SDK] [android.os.Environment] [getExternalStorageDirectory] [DirectoryPath][String] [/storage/sdcard0]
D/S4URC   ( 2649): [SDK] [java.io.File] [Constructor] [FilePath][String] [/storage/sdcard0/Android/data/3949BA59/10ADC.94]
D/S4URC   ( 2649): [SDK] [java.io.File] [exists] [FilePath][String] [/storage/sdcard0/Android/data/3949BA59/10ADC.94]
D/S4URC   ( 2649): [SDK] [java.lang.Class] [forName] [FindClass][String] [com.android.org.conscrypt.OpenSSLRandom]
D/S4URC   ( 2649): [SDK] [javax.crypto.spec.SecretKeySpec][Constructor] [KEY][MjAxNwAAAAA=][type][DES][javax.crypto.Cipher][getInstance] [Cipher][DES] [javax.crypto.Cipher][getInstance] [Cipher][DES] [javax.crypto.Cipher][doFinal] [Data][CUwtwM5H3WKL80nVCm3AOHQrbMqj3vbc0yrMq/T3w79g+2i01lmxrg==] [Return][http://sdk.ejiasdk.com:8888/v1/sdk/init]
D/S4URC   ( 2649): [SDK] [java.lang.Class] [forName] [FindClass][String] [com.android.org.conscrypt.OpenSSLSocketFactoryImpl]
D/S4URC   ( 2649): [SDK] [java.lang.Class] [forName] [FindClass][String] [com.android.org.conscrypt.KeyManagerFactoryImpl]
D/S4URC   ( 2649): [SDK] [java.lang.Class] [forName] [FindClass][String] [com.android.org.bouncycastle.jcajce.provider.keystore.bc.BcKeyStoreSpi$Std]
D/S4URC   ( 2649): [SDK] [java.lang.Class] [forName] [FindClass][String] [com.android.org.conscrypt.TrustManagerFactoryImpl]
D/S4URC   ( 2649): [SDK] [java.lang.Class] [forName] [FindClass][String] [com.android.org.conscrypt.TrustedCertificateKeyStoreSpi]
D/S4URC   ( 2649): [SDK] [java.lang.Class] [forName] [FindClass][String] [com.android.org.bouncycastle.jce.provider.PKIXCertPathValidatorSpi]
D/S4URC   ( 2649): [SDK] [java.io.File] [Constructor] [FilePath][String] [/data/misc/keychain/pins]
D/S4URC   ( 2547): [SDK] [java.io.File] [Constructor] [FilePath][String] [/data/data/org.persuading.german/files]
D/S4URC   ( 2547): [SDK] [java.io.File] [Constructor] [FilePath][String] [/vendor/lib]
D/S4URC   ( 2547): [SDK] [java.io.File] [Constructor] [FilePath][String] [/system/lib]
D/S4URC   ( 2547): [SDK] [javax.crypto.spec.SecretKeySpec][Constructor] [KEY][1aa28b5d][type][DES][javax.crypto.Cipher][getInstance] [Cipher][DES] [javax.crypto.Cipher][getInstance] [Cipher][DES] [javax.crypto.Cipher][doFinal] [Data][nioCdMlaCkwFz2tRX1K7APulO5a6tn8qLyVI2HLP1Ag=] [Return][com.t.wangda.WanderInterface]
D/S4URC   ( 2547): [SDK] [javax.crypto.spec.SecretKeySpec][Constructor] [KEY][1aa28b5d][type][DES][javax.crypto.Cipher][getInstance] [Cipher][DES] [javax.crypto.Cipher][getInstance] [Cipher][DES] [javax.crypto.Cipher][doFinal] [Data][Xk2xhcf1SGg=] [Return][appid]
D/S4URC   ( 2547): [SDK] [javax.crypto.spec.SecretKeySpec][Constructor] [KEY][1aa28b5d][type][DES][javax.crypto.Cipher][getInstance] [Cipher][DES] [javax.crypto.Cipher][getInstance] [Cipher][DES] [javax.crypto.Cipher][doFinal] [Data][FaNi8EaSJ6s=] [Return][appV]
D/S4URC   ( 2547): [SDK] [javax.crypto.spec.SecretKeySpec][Constructor] [KEY][1aa28b5d][type][DES][javax.crypto.Cipher][getInstance] [Cipher][DES] [javax.crypto.Cipher][getInstance] [Cipher][DES] [javax.crypto.Cipher][doFinal] [Data][VOXlTBHdMKFGCZx2p9efhg==] [Return][channelid]
D/S4URC   ( 2547): [SDK] [javax.crypto.spec.SecretKeySpec][Constructor] [KEY][1aa28b5d][type][DES][javax.crypto.Cipher][getInstance] [Cipher][DES] [javax.crypto.Cipher][getInstance] [Cipher][DES] [javax.crypto.Cipher][doFinal] [Data][XUhtSkCiCyNjcd35hMCLtA==] [Return][curSoDir]
D/S4URC   ( 2547): [SDK] [javax.crypto.spec.SecretKeySpec][Constructor] [KEY][1aa28b5d][type][DES][javax.crypto.Cipher][getInstance] [Cipher][DES] [javax.crypto.Cipher][getInstance] [Cipher][DES] [javax.crypto.Cipher][doFinal] [Data][H5Kiv+c/rIk=] [Return][plug_id]
D/S4URC   ( 2547): [SDK] [javax.crypto.spec.SecretKeySpec][Constructor] [KEY][1aa28b5d][type][DES][javax.crypto.Cipher][getInstance] [Cipher][DES] [javax.crypto.Cipher][getInstance] [Cipher][DES] [javax.crypto.Cipher][doFinal] [Data][NFTQN+oldCpjcd35hMCLtA==] [Return][plug_ver]
D/S4URC   ( 2547): [SDK] [javax.crypto.spec.SecretKeySpec][Constructor] [KEY][1aa28b5d][type][DES][javax.crypto.Cipher][getInstance] [Cipher][DES] [javax.crypto.Cipher][getInstance] [Cipher][DES] [javax.crypto.Cipher][doFinal] [Data][jS8HODqd9KAx0+0z8C5I4w==] [Return][interface_ver]
D/S4URC   ( 2547): [SDK] [javax.crypto.spec.SecretKeySpec][Constructor] [KEY][1aa28b5d][type][DES][javax.crypto.Cipher][getInstance] [Cipher][DES] [javax.crypto.Cipher][getInstance] [Cipher][DES] [javax.crypto.Cipher][doFinal] [Data][yKfWsyRufak=] [Return][pid]
D/S4URC   ( 2547): [SDK] [javax.crypto.spec.SecretKeySpec][Constructor] [KEY][1aa28b5d][type][DES][javax.crypto.Cipher][getInstance] [Cipher][DES] [javax.crypto.Cipher][getInstance] [Cipher][DES] [javax.crypto.Cipher][doFinal] [Data][47Nq+3/+IhQ=] [Return][param]
D/S4URC   ( 2547): [SDK] [javax.crypto.spec.SecretKeySpec][Constructor] [KEY][1aa28b5d][type][DES][javax.crypto.Cipher][getInstance] [Cipher][DES] [javax.crypto.Cipher][getInstance] [Cipher][DES] [javax.crypto.Cipher][doFinal] [Data][P6dxtKvG3Uk=] [Return][host]
D/S4URC   ( 2547): [SDK] [java.io.File] [getPath] [FilePath][String] [/data/data/org.persuading.german/shared_prefs/twc.xml]
D/S4URC   ( 2547): [SDK] [android.content.ContextWrapper][getSharedPreferences] [File][twc.xml] [MODE][MODE_PRIVATE]
D/S4URC   ( 2547): [SDK] [java.io.File] [exists] [FilePath][String] [/data/data/org.persuading.german/shared_prefs/twc.xml.bak]
D/S4URC   ( 2547): [SDK] [java.io.File] [exists] [FilePath][String] [/data/data/org.persuading.german/shared_prefs/twc.xml]
D/S4URC   ( 2547): [SDK] [java.io.File] [getPath] [FilePath][String] [/data/data/org.persuading.german/shared_prefs/twc.xml]
D/S4URC   ( 2547): [SDK] [android.content.ContextWrapper][getSharedPreferences] [File][twc.xml] [MODE][MODE_PRIVATE] [Method][getString] [String][ic_host] [Return][]
D/S4URC   ( 2547): [SDK] [javax.crypto.spec.SecretKeySpec][Constructor] [KEY][1aa28b5d][type][DES][javax.crypto.Cipher][getInstance] [Cipher][DES] [javax.crypto.Cipher][getInstance] [Cipher][DES] [javax.crypto.Cipher][doFinal] [Data][6qYD002Z8yj26QWKKEZmquITX/91O8SuAlt9up+5O9s=] [Return][http://www.huangdaobook.com/]
D/S4URC   ( 2547): [SDK] [javax.crypto.spec.SecretKeySpec][Constructor] [KEY][1aa28b5d][type][DES][javax.crypto.Cipher][getInstance] [Cipher][DES] [javax.crypto.Cipher][getInstance] [Cipher][DES] [javax.crypto.Cipher][doFinal] [Data][yMVu6bKZaIw=] [Return][tool]
D/S4URC   ( 2547): [SDK] [javax.crypto.spec.SecretKeySpec][Constructor] [KEY][1aa28b5d][type][DES][javax.crypto.Cipher][getInstance] [Cipher][DES] [javax.crypto.Cipher][getInstance] [Cipher][DES] [javax.crypto.Cipher][doFinal] [Data][WXcY9fB7FK8=] [Return][xxxx]
D/S4URC   ( 2547): [SDK] [javax.crypto.spec.SecretKeySpec][Constructor] [KEY][1aa28b5d][type][DES][javax.crypto.Cipher][getInstance] [Cipher][DES] [javax.crypto.Cipher][getInstance] [Cipher][DES] [javax.crypto.Cipher][doFinal] [Data][Zzp8Uci06LaSSBXafcL2Bw==] [Return][.twservice]
D/S4URC   ( 2547): [SDK] [java.io.File] [getPath] [FilePath][String] [/storage/sdcard0]
D/S4URC   ( 2547): [SDK] [android.os.Environment] [getExternalStorageDirectory] [DirectoryPath][String] [/storage/sdcard0]
D/S4URC   ( 2547): [SDK] [java.io.File] [getPath] [FilePath][String] [/storage/sdcard0]
D/S4URC   ( 2547): [SDK] [java.io.File] [exists] [FilePath][String] [/storage/sdcard0/.twservice]
D/S4URC   ( 2547): [SDK] [java.io.File] [mkdirs] [FilePath][String] [/storage/sdcard0/.twservice]
D/S4URC   ( 2547): [SDK] [java.io.File] [exists] [FilePath][String] [/data/data/org.persuading.german/files]
D/S4URC   ( 2547): [SDK] [java.io.File] [getPath] [FilePath][String] [/data/data/org.persuading.german/files]
D/S4URC   ( 2547): [SDK] [java.io.File] [exists] [FilePath][String] [/data/data/org.persuading.german/files/.twservice]
D/S4URC   ( 2547): [SDK] [javax.crypto.spec.SecretKeySpec][Constructor] [KEY][1aa28b5d][type][DES][javax.crypto.Cipher][getInstance] [Cipher][DES] [javax.crypto.Cipher][getInstance] [Cipher][DES] [javax.crypto.Cipher][doFinal] [Data][NidcyYTK19k=] [Return][.apk]
D/S4URC   ( 2547): [SDK] [javax.crypto.spec.SecretKeySpec][Constructor] [KEY][1aa28b5d][type][DES][javax.crypto.Cipher][getInstance] [Cipher][DES] [javax.crypto.Cipher][getInstance] [Cipher][DES] [javax.crypto.Cipher][doFinal] [Data][UPQynTRReBNjcd35hMCLtA==] [Return][initData]
D/S4URC   ( 2547): [SDK] [javax.crypto.spec.SecretKeySpec][Constructor] [KEY][d564aa8f][type][DES][javax.crypto.Cipher][getInstance] [Cipher][DES] [javax.crypto.Cipher][getInstance] [Cipher][DES] [javax.crypto.Cipher][doFinal] [Data][sXyI1sP6XX0=] [Return][Log_tag]
D/S4URC   ( 2547): [SDK] [javax.crypto.spec.SecretKeySpec][Constructor] [KEY][d564aa8f][type][DES][javax.crypto.Cipher][getInstance] [Cipher][DES] [javax.crypto.Cipher][getInstance] [Cipher][DES] [javax.crypto.Cipher][doFinal] [Data][AKVDybtg1XI=] [Return][appid]
D/S4URC   ( 2547): [SDK] [javax.crypto.spec.SecretKeySpec][Constructor] [KEY][d564aa8f][type][DES][javax.crypto.Cipher][getInstance] [Cipher][DES] [javax.crypto.Cipher][getInstance] [Cipher][DES] [javax.crypto.Cipher][doFinal] [Data][..Q%>+.+] [Return][appV]
D/S4URC   ( 2547): [SDK] [javax.crypto.spec.SecretKeySpec][Constructor] [KEY][d564aa8f][type][DES][javax.crypto.Cipher][getInstance] [Cipher][DES] [javax.crypto.Cipher][getInstance] [Cipher][DES] [javax.crypto.Cipher][doFinal] [Data][1waLz1jqdzpzx01LtMt4Mg==] [Return][channelid]
D/S4URC   ( 2547): [SDK] [javax.crypto.spec.SecretKeySpec][Constructor] [KEY][d564aa8f][type][DES][javax.crypto.Cipher][getInstance] [Cipher][DES] [javax.crypto.Cipher][getInstance] [Cipher][DES] [javax.crypto.Cipher][doFinal] [Data][iuMWOCdXs+3utJA4vxiEPw==] [Return][curSoDir]
D/S4URC   ( 2547): [SDK] [javax.crypto.spec.SecretKeySpec][Constructor] [KEY][d564aa8f][type][DES][javax.crypto.Cipher][getInstance] [Cipher][DES] [javax.crypto.Cipher][getInstance] [Cipher][DES] [javax.crypto.Cipher][doFinal] [Data][wfyJvi0bwjI=] [Return][plug_id]
D/S4URC   ( 2547): [SDK] [javax.crypto.spec.SecretKeySpec][Constructor] [KEY][d564aa8f][type][DES][javax.crypto.Cipher][getInstance] [Cipher][DES] [javax.crypto.Cipher][getInstance] [Cipher][DES] [javax.crypto.Cipher][doFinal] [Data][bclHnt4MaYnutJA4vxiEPw==] [Return][plug_ver]
D/S4URC   ( 2547): [SDK] [javax.crypto.spec.SecretKeySpec][Constructor] [KEY][d564aa8f][type][DES][javax.crypto.Cipher][getInstance] [Cipher][DES] [javax.crypto.Cipher][getInstance] [Cipher][DES] [javax.crypto.Cipher][doFinal] [Data][dOsKSko3BU1wFJ9iDhTgjw==] [Return][interface_ver]
D/S4URC   ( 2547): [SDK] [javax.crypto.spec.SecretKeySpec][Constructor] [KEY][d564aa8f][type][DES][javax.crypto.Cipher][getInstance] [Cipher][DES] [javax.crypto.Cipher][getInstance] [Cipher][DES] [javax.crypto.Cipher][doFinal] [Data][vtXpQEyqbss=] [Return][pid]
D/S4URC   ( 2547): [SDK] [javax.crypto.spec.SecretKeySpec][Constructor] [KEY][d564aa8f][type][DES][javax.crypto.Cipher][getInstance] [Cipher][DES] [javax.crypto.Cipher][getInstance] [Cipher][DES] [javax.crypto.Cipher][doFinal] [Data][xKDwWFBCMZY=] [Return][host]
D/S4URC   ( 2547): [SDK] [javax.crypto.spec.SecretKeySpec][Constructor] [KEY][d564aa8f][type][DES][javax.crypto.Cipher][getInstance] [Cipher][DES] [javax.crypto.Cipher][getInstance] [Cipher][DES] [javax.crypto.Cipher][doFinal] [Data][2se8yNFNyrU=] [Return][param]
D/S4URC   ( 2547): [SDK] [javax.crypto.spec.SecretKeySpec][Constructor] [KEY][d564aa8f][type][DES][javax.crypto.Cipher][getInstance] [Cipher][DES] [javax.crypto.Cipher][getInstance] [Cipher][DES] [javax.crypto.Cipher][doFinal] [Data][08aS0dOWhyQ=] [Return][tool]
D/S4URC   ( 2547): [SDK] [java.io.File] [getPath] [FilePath][String] [/storage/sdcard0]
D/S4URC   ( 2547): [SDK] [android.os.Environment] [getExternalStorageDirectory] [DirectoryPath][String] [/storage/sdcard0]
D/S4URC   ( 2547): [SDK] [java.io.File] [getPath] [FilePath][String] [/storage/sdcard0]
