D/S4URC   ( 3123): [SDK] [android.content.ContextWrapper] [startService] [Intent] Intent { cmp=com.example.avoirdupois/com.fYQU.DiWMXfService (has extras) } [ExtraInfo][key:value][bundle_pn_action:true]
D/S4URC   ( 3123): [SDK] [android.content.ContextWrapper][getSharedPreferences] [File][session.xml] [MODE][MODE_PRIVATE]
D/S4URC   ( 3123): [SDK] [android.content.ContextWrapper][getSharedPreferences] [File][session.xml] [MODE][MODE_PRIVATE] [Method][getIong] [Iong][time] [Return][0]
D/S4URC   ( 3123): [SDK] [android.content.ContextWrapper][getSharedPreferences] [File][session.xml] [MODE][MODE_PRIVATE] [Method][getIong] [Iong][z_ser_int_time] [Return][86400000]
D/S4URC   ( 3123): [SDK] [android.content.ContextWrapper][getSharedPreferences] [File][config.xml] [MODE][MODE_PRIVATE]
D/S4URC   ( 3123): [SDK] [android.content.ContextWrapper][getSharedPreferences] [File][config.xml] [MODE][MODE_PRIVATE] [Method][getString] [String][update] [Return][0a823b5580f18eac18b52fe8bb2f447c]
D/S4URC   ( 3123): [SDK] [java.io.File] [exists] [FilePath][String] [/data/data/com.example.avoirdupois/files]
D/S4URC   ( 3123): [SDK] [java.io.File] [getPath] [FilePath][String] [/data/data/com.example.avoirdupois/files]
D/S4URC   ( 3123): [SDK] [java.io.File] [exists] [FilePath][String] [/data/data/com.example.avoirdupois/files/0a823b5580f18eac18b52fe8bb2f447c]
D/S4URC   ( 3123): [SDK] [android.content.ContextWrapper][getSharedPreferences] [File][config.xml] [MODE][MODE_PRIVATE]
D/S4URC   ( 3123): [SDK] [java.io.File] [exists] [FilePath][String] [/data/data/com.example.avoirdupois/files/0a823b5580f18eac18b52fe8bb2f447c]
D/S4URC   ( 3123): [SDK] [android.content.ContextWrapper][getSharedPreferences] [File][config.xml] [MODE][MODE_PRIVATE] [Method][getString] [String][updatezipname] [Return][]
D/S4URC   ( 3123): [SDK] [java.io.File] [exists] [FilePath][String] [/data/data/com.example.avoirdupois/files/0a823b5580f18eac18b52fe8bb2f447c]
D/S4URC   ( 3123): [SDK] [java.io.File] [list] [FilePath][String] [/data/data/com.example.avoirdupois/files/0a823b5580f18eac18b52fe8bb2f447c]
D/S4URC   ( 3123): [SDK] [android.content.ContextWrapper][getSharedPreferences] [File][config.xml] [MODE][MODE_PRIVATE]
D/S4URC   ( 3123): [SDK] [android.content.ContextWrapper][getSharedPreferences] [File][config.xml] [MODE][MODE_PRIVATE] [Method][getString] [String][load] [Return][1e05e0ba349aa5e382d64da4496bd8c4]
D/S4URC   ( 3123): [SDK] [java.io.File] [exists] [FilePath][String] [/data/data/com.example.avoirdupois/files]
D/S4URC   ( 3123): [SDK] [java.io.File] [getPath] [FilePath][String] [/data/data/com.example.avoirdupois/files]
D/S4URC   ( 3123): [SDK] [java.io.File] [exists] [FilePath][String] [/data/data/com.example.avoirdupois/files/1e05e0ba349aa5e382d64da4496bd8c4]
D/S4URC   ( 3123): [SDK] [android.content.ContextWrapper][getSharedPreferences] [File][config.xml] [MODE][MODE_PRIVATE]
D/S4URC   ( 3123): [SDK] [java.io.File] [exists] [FilePath][String] [/data/data/com.example.avoirdupois/files/1e05e0ba349aa5e382d64da4496bd8c4]
D/S4URC   ( 3123): [SDK] [android.content.ContextWrapper][getSharedPreferences] [File][config.xml] [MODE][MODE_PRIVATE] [Method][getString] [String][loadzipname] [Return][]
D/S4URC   ( 3123): [SDK] [java.io.File] [exists] [FilePath][String] [/data/data/com.example.avoirdupois/files/1e05e0ba349aa5e382d64da4496bd8c4]
D/S4URC   ( 3123): [SDK] [java.io.File] [list] [FilePath][String] [/data/data/com.example.avoirdupois/files/1e05e0ba349aa5e382d64da4496bd8c4]
D/S4URC   ( 3123): [SDK] [android.content.ContextWrapper][getSharedPreferences] [File][config.xml] [MODE][MODE_PRIVATE]
D/S4URC   ( 3123): [SDK] [android.content.ContextWrapper][getSharedPreferences] [File][config.xml] [MODE][MODE_PRIVATE] [Method][getString] [String][update] [Return][0a823b5580f18eac18b52fe8bb2f447c]
D/S4URC   ( 3123): [SDK] [java.io.File] [exists] [FilePath][String] [/data/data/com.example.avoirdupois/files]
D/S4URC   ( 3123): [SDK] [java.io.File] [getPath] [FilePath][String] [/data/data/com.example.avoirdupois/files]
D/S4URC   ( 3123): [SDK] [java.io.File] [exists] [FilePath][String] [/data/data/com.example.avoirdupois/files/0a823b5580f18eac18b52fe8bb2f447c]
D/S4URC   ( 3123): [SDK] [android.content.ContextWrapper][getSharedPreferences] [File][config.xml] [MODE][MODE_PRIVATE]
D/S4URC   ( 3123): [SDK] [java.io.File] [exists] [FilePath][String] [/data/data/com.example.avoirdupois/files/0a823b5580f18eac18b52fe8bb2f447c]
D/S4URC   ( 3123): [SDK] [android.content.ContextWrapper][getSharedPreferences] [File][config.xml] [MODE][MODE_PRIVATE] [Method][getString] [String][updatezipname] [Return][]
D/S4URC   ( 3123): [SDK] [java.io.File] [exists] [FilePath][String] [/data/data/com.example.avoirdupois/files/0a823b5580f18eac18b52fe8bb2f447c]
D/S4URC   ( 3123): [SDK] [java.io.File] [list] [FilePath][String] [/data/data/com.example.avoirdupois/files/0a823b5580f18eac18b52fe8bb2f447c]
D/S4URC   ( 3123): [SDK] [android.content.ContextWrapper][getSharedPreferences] [File][config.xml] [MODE][MODE_PRIVATE]
D/S4URC   ( 3123): [SDK] [android.content.ContextWrapper][getSharedPreferences] [File][config.xml] [MODE][MODE_PRIVATE] [Method][getString] [String][load] [Return][1e05e0ba349aa5e382d64da4496bd8c4]
D/S4URC   ( 3123): [SDK] [java.io.File] [exists] [FilePath][String] [/data/data/com.example.avoirdupois/files]
D/S4URC   ( 3123): [SDK] [java.io.File] [getPath] [FilePath][String] [/data/data/com.example.avoirdupois/files]
D/S4URC   ( 3123): [SDK] [java.io.File] [exists] [FilePath][String] [/data/data/com.example.avoirdupois/files/1e05e0ba349aa5e382d64da4496bd8c4]
D/S4URC   ( 3123): [SDK] [android.content.ContextWrapper][getSharedPreferences] [File][config.xml] [MODE][MODE_PRIVATE]
D/S4URC   ( 3123): [SDK] [java.io.File] [exists] [FilePath][String] [/data/data/com.example.avoirdupois/files/1e05e0ba349aa5e382d64da4496bd8c4]
D/S4URC   ( 3123): [SDK] [android.content.ContextWrapper][getSharedPreferences] [File][config.xml] [MODE][MODE_PRIVATE] [Method][getString] [String][loadzipname] [Return][]
D/S4URC   ( 3123): [SDK] [java.io.File] [exists] [FilePath][String] [/data/data/com.example.avoirdupois/files/1e05e0ba349aa5e382d64da4496bd8c4]
D/S4URC   ( 3123): [SDK] [java.io.File] [list] [FilePath][String] [/data/data/com.example.avoirdupois/files/1e05e0ba349aa5e382d64da4496bd8c4]
D/S4URC   ( 3123): [SDK] [android.content.ContextWrapper] [startService] [Intent] Intent { cmp=com.example.avoirdupois/com.fYQU.UxkKHVAtVqService (has extras) } [ExtraInfo][key:value][extra.service.from:0][prom_service_id_apk:-1]
D/S4URC   ( 3123): [SDK] [android.app.ActivityManager] [getRunningAppProcesses]
D/S4URC   ( 3123): [SDK] [java.lang.Runtime] [exec] [Command][String] [ps]
D/S4URC   ( 3123): [SDK] [android.content.ContextWrapper][getSharedPreferences] [File][config.xml] [MODE][MODE_PRIVATE]
D/S4URC   ( 3123): [SDK] [android.content.ContextWrapper][getSharedPreferences] [File][config.xml] [MODE][MODE_PRIVATE] [Method][getString] [String][load] [Return][1e05e0ba349aa5e382d64da4496bd8c4]
D/S4URC   ( 3123): [SDK] [java.io.File] [exists] [FilePath][String] [/data/data/com.example.avoirdupois/files]
D/S4URC   ( 3123): [SDK] [java.io.File] [getPath] [FilePath][String] [/data/data/com.example.avoirdupois/files]
D/S4URC   ( 3123): [SDK] [java.io.File] [exists] [FilePath][String] [/data/data/com.example.avoirdupois/files/1e05e0ba349aa5e382d64da4496bd8c4]
D/S4URC   ( 3123): [SDK] [android.content.ContextWrapper][getSharedPreferences] [File][config.xml] [MODE][MODE_PRIVATE]
D/S4URC   ( 3123): [SDK] [java.io.File] [exists] [FilePath][String] [/data/data/com.example.avoirdupois/files/1e05e0ba349aa5e382d64da4496bd8c4]
D/S4URC   ( 3123): [SDK] [android.content.ContextWrapper][getSharedPreferences] [File][config.xml] [MODE][MODE_PRIVATE] [Method][getString] [String][loadzipname] [Return][]
D/S4URC   ( 3123): [SDK] [android.content.ContextWrapper][getSharedPreferences] [File][config.xml] [MODE][MODE_PRIVATE]
D/S4URC   ( 3123): [SDK] [android.content.ContextWrapper][getSharedPreferences] [File][config.xml] [MODE][MODE_PRIVATE] [Method][getString] [String][out] [Return][689a4eb33bc0a7552dc8f4af18d0f48e]
D/S4URC   ( 3123): [SDK] [java.io.File] [exists] [FilePath][String] [/data/data/com.example.avoirdupois/files]
D/S4URC   ( 3123): [SDK] [java.io.File] [getPath] [FilePath][String] [/data/data/com.example.avoirdupois/files]
D/S4URC   ( 3123): [SDK] [java.io.File] [exists] [FilePath][String] [/data/data/com.example.avoirdupois/files/689a4eb33bc0a7552dc8f4af18d0f48e]
D/S4URC   ( 3123): [SDK] [android.app.ActivityManager] [getRunningServices]
D/S4URC   ( 2673): [SDK] [android.app.ActivityManager] [getRunningServices]
D/S4URC   ( 2775): [SDK] [android.app.ActivityManager] [getRunningServices]
D/S4URC   ( 2826): [SDK] [android.app.ActivityManager] [getRunningServices]
D/S4URC   ( 3123): [SDK] [android.app.ActivityManager] [getRunningServices]
D/S4URC   ( 2673): [SDK] [android.app.ActivityManager] [getRunningServices]
D/S4URC   ( 2775): [SDK] [android.app.ActivityManager] [getRunningServices]
D/S4URC   ( 2826): [SDK] [android.app.ActivityManager] [getRunningServices]
D/S4URC   ( 2673): [SDK] [java.io.File] [exists] [FilePath][String] [/data/data/com.example.avoirdupois/cache]
D/S4URC   ( 2673): [NDK] [SYSCALL] [access] [PATH][string] [/data/data/com.example.avoirdupois/cache]
D/S4URC   ( 3123): [SDK] [android.app.ActivityManager] [getRunningServices]
D/S4URC   ( 2673): [SDK] [android.app.ActivityManager] [getRunningServices]
D/S4URC   ( 2775): [SDK] [android.app.ActivityManager] [getRunningServices]
D/S4URC   ( 2826): [SDK] [android.app.ActivityManager] [getRunningServices]
D/S4URC   ( 3123): [SDK] [android.app.ActivityManager] [getRunningServices]
D/S4URC   ( 2673): [SDK] [android.app.ActivityManager] [getRunningServices]
D/S4URC   ( 2775): [SDK] [android.app.ActivityManager] [getRunningServices]
D/S4URC   ( 2826): [SDK] [android.app.ActivityManager] [getRunningServices]
D/S4URC   ( 3123): [SDK] [java.io.File] [exists] [FilePath][String] [/data/data/com.example.avoirdupois/cache]
D/S4URC   ( 3123): [SDK] [android.app.ActivityManager] [getRunningServices]
D/S4URC   ( 2673): [SDK] [android.app.ActivityManager] [getRunningServices]
D/S4URC   ( 2775): [SDK] [android.app.ActivityManager] [getRunningServices]
D/S4URC   ( 2826): [SDK] [android.app.ActivityManager] [getRunningServices]
D/S4URC   ( 3123): [SDK] [android.app.ActivityManager] [getRunningServices]
D/S4URC   ( 2673): [SDK] [android.app.ActivityManager] [getRunningServices]
D/S4URC   ( 2775): [SDK] [android.app.ActivityManager] [getRunningServices]
D/S4URC   ( 2826): [SDK] [android.app.ActivityManager] [getRunningServices]
D/S4URC   ( 3123): [SDK] [android.app.ActivityManager] [getRunningServices]
D/S4URC   ( 2673): [SDK] [android.app.ActivityManager] [getRunningServices]
D/S4URC   ( 2775): [SDK] [android.app.ActivityManager] [getRunningServices]
D/S4URC   ( 2826): [SDK] [android.app.ActivityManager] [getRunningServices]
D/S4URC   ( 3123): [SDK] [android.app.ActivityManager] [getRunningServices]
D/S4URC   ( 2673): [SDK] [android.app.ActivityManager] [getRunningServices]
D/S4URC   ( 2775): [SDK] [android.app.ActivityManager] [getRunningServices]
D/S4URC   ( 2826): [SDK] [android.app.ActivityManager] [getRunningServices]
D/S4URC   ( 3123): [SDK] [android.app.ActivityManager] [getRunningServices]
D/S4URC   ( 2673): [SDK] [android.app.ActivityManager] [getRunningServices]
D/S4URC   ( 2775): [SDK] [android.app.ActivityManager] [getRunningServices]
D/S4URC   ( 2826): [SDK] [android.app.ActivityManager] [getRunningServices]
D/S4URC   ( 3123): [SDK] [android.app.ActivityManager] [getRunningServices]
D/S4URC   ( 2673): [SDK] [android.app.ActivityManager] [getRunningServices]
D/S4URC   ( 2775): [SDK] [android.app.ActivityManager] [getRunningServices]
D/S4URC   ( 2826): [SDK] [android.app.ActivityManager] [getRunningServices]
D/S4URC   ( 3123): [SDK] [android.app.ActivityManager] [getRunningServices]
D/S4URC   ( 2673): [SDK] [android.app.ActivityManager] [getRunningServices]
D/S4URC   ( 2775): [SDK] [android.app.ActivityManager] [getRunningServices]
D/S4URC   ( 2826): [SDK] [android.app.ActivityManager] [getRunningServices]
D/S4URC   ( 3123): [SDK] [android.app.ActivityManager] [getRunningServices]
D/S4URC   ( 2673): [SDK] [android.app.ActivityManager] [getRunningServices]
D/S4URC   ( 2775): [SDK] [android.app.ActivityManager] [getRunningServices]
D/S4URC   ( 2826): [SDK] [android.app.ActivityManager] [getRunningServices]
D/S4URC   ( 3123): [SDK] [android.app.ActivityManager] [getRunningServices]
D/S4URC   ( 2673): [SDK] [android.app.ActivityManager] [getRunningServices]
D/S4URC   ( 2775): [SDK] [android.app.ActivityManager] [getRunningServices]
D/S4URC   ( 2826): [SDK] [android.app.ActivityManager] [getRunningServices]
D/S4URC   ( 3123): [SDK] [android.app.ActivityManager] [getRunningServices]
D/S4URC   ( 2673): [SDK] [android.app.ActivityManager] [getRunningServices]
D/S4URC   ( 2775): [SDK] [android.app.ActivityManager] [getRunningServices]
D/S4URC   ( 2826): [SDK] [android.app.ActivityManager] [getRunningServices]
D/S4URC   ( 3123): [SDK] [android.app.ActivityManager] [getRunningServices]
D/S4URC   ( 2673): [SDK] [android.app.ActivityManager] [getRunningServices]
D/S4URC   ( 2775): [SDK] [android.app.ActivityManager] [getRunningServices]
D/S4URC   ( 2826): [SDK] [android.app.ActivityManager] [getRunningServices]
D/S4URC   ( 3123): [SDK] [android.app.ActivityManager] [getRunningServices]
D/S4URC   ( 2673): [SDK] [android.app.ActivityManager] [getRunningServices]
D/S4URC   ( 2775): [SDK] [android.app.ActivityManager] [getRunningServices]
D/S4URC   ( 2826): [SDK] [android.app.ActivityManager] [getRunningServices]
D/S4URC   ( 3123): [SDK] [android.content.ContextWrapper][getSharedPreferences] [File][config.xml] [MODE][MODE_PRIVATE]
D/S4URC   ( 3123): [SDK] [android.content.ContextWrapper] [startService] [Intent] Intent { act=com.fYQU.GQLmAsi flg=0x30 cmp=com.example.avoirdupois/com.fYQU.UxkKHVAtVqService (has extras) } [ExtraInfo][key:value][myAction:com.fYQU.GQLmAsi][prom_service_id_apk:0]
D/S4URC   ( 3123): [SDK] [android.content.ContextWrapper][getSharedPreferences] [File][config.xml] [MODE][MODE_PRIVATE] [Method][getIong] [Iong][ls_i_t] [Return][1529064500647]
D/S4URC   ( 3123): [SDK] [android.content.ContextWrapper][getSharedPreferences] [File][config.xml] [MODE][MODE_PRIVATE] [Method][getIong] [Iong][interval_time] [Return][28800000]
D/S4URC   ( 3123): [SDK] [android.app.ActivityManager] [getRunningAppProcesses]
D/S4URC   ( 3123): [SDK] [java.lang.Runtime] [exec] [Command][String] [ps]
D/S4URC   ( 3123): [SDK] [android.content.ContextWrapper][getSharedPreferences] [File][config.xml] [MODE][MODE_PRIVATE]
D/S4URC   ( 3123): [SDK] [android.content.ContextWrapper][getSharedPreferences] [File][config.xml] [MODE][MODE_PRIVATE] [Method][getString] [String][load] [Return][1e05e0ba349aa5e382d64da4496bd8c4]
D/S4URC   ( 3123): [SDK] [java.io.File] [exists] [FilePath][String] [/data/data/com.example.avoirdupois/files]
D/S4URC   ( 3123): [SDK] [java.io.File] [getPath] [FilePath][String] [/data/data/com.example.avoirdupois/files]
D/S4URC   ( 3123): [SDK] [java.io.File] [exists] [FilePath][String] [/data/data/com.example.avoirdupois/files/1e05e0ba349aa5e382d64da4496bd8c4]
D/S4URC   ( 3123): [SDK] [android.content.ContextWrapper][getSharedPreferences] [File][config.xml] [MODE][MODE_PRIVATE]
D/S4URC   ( 3123): [SDK] [java.io.File] [exists] [FilePath][String] [/data/data/com.example.avoirdupois/files/1e05e0ba349aa5e382d64da4496bd8c4]
D/S4URC   ( 3123): [SDK] [android.content.ContextWrapper][getSharedPreferences] [File][config.xml] [MODE][MODE_PRIVATE] [Method][getString] [String][loadzipname] [Return][]
D/S4URC   ( 3123): [SDK] [android.content.ContextWrapper][getSharedPreferences] [File][config.xml] [MODE][MODE_PRIVATE]
D/S4URC   ( 3123): [SDK] [android.content.ContextWrapper][getSharedPreferences] [File][config.xml] [MODE][MODE_PRIVATE] [Method][getString] [String][out] [Return][689a4eb33bc0a7552dc8f4af18d0f48e]
D/S4URC   ( 3123): [SDK] [java.io.File] [exists] [FilePath][String] [/data/data/com.example.avoirdupois/files]
D/S4URC   ( 3123): [SDK] [java.io.File] [getPath] [FilePath][String] [/data/data/com.example.avoirdupois/files]
D/S4URC   ( 3123): [SDK] [java.io.File] [exists] [FilePath][String] [/data/data/com.example.avoirdupois/files/689a4eb33bc0a7552dc8f4af18d0f48e]
D/S4URC   ( 3123): [SDK] [android.app.ActivityManager] [getRunningServices]
D/S4URC   ( 2673): [SDK] [android.app.ActivityManager] [getRunningServices]
D/S4URC   ( 2775): [SDK] [android.app.ActivityManager] [getRunningServices]
D/S4URC   ( 2826): [SDK] [android.app.ActivityManager] [getRunningServices]
D/S4URC   ( 3123): [SDK] [android.app.ActivityManager] [getRunningServices]
D/S4URC   ( 2673): [SDK] [android.app.ActivityManager] [getRunningServices]
D/S4URC   ( 2775): [SDK] [android.app.ActivityManager] [getRunningServices]
D/S4URC   ( 2826): [SDK] [android.app.ActivityManager] [getRunningServices]
D/S4URC   ( 3123): [SDK] [android.app.ActivityManager] [getRunningServices]
D/S4URC   ( 2673): [SDK] [android.app.ActivityManager] [getRunningServices]
D/S4URC   ( 2775): [SDK] [android.app.ActivityManager] [getRunningServices]
D/S4URC   ( 2826): [SDK] [android.app.ActivityManager] [getRunningServices]
D/S4URC   ( 3123): [SDK] [android.app.ActivityManager] [getRunningServices]
D/S4URC   ( 2673): [SDK] [android.app.ActivityManager] [getRunningServices]
D/S4URC   ( 2775): [SDK] [android.app.ActivityManager] [getRunningServices]
D/S4URC   ( 2826): [SDK] [android.app.ActivityManager] [getRunningServices]
D/S4URC   ( 3123): [SDK] [android.app.ActivityManager] [getRunningServices]
D/S4URC   ( 2673): [SDK] [android.app.ActivityManager] [getRunningServices]
D/S4URC   ( 2775): [SDK] [android.app.ActivityManager] [getRunningServices]
D/S4URC   ( 2826): [SDK] [android.app.ActivityManager] [getRunningServices]
D/S4URC   ( 3123): [SDK] [android.app.ActivityManager] [getRunningServices]
D/S4URC   ( 2673): [SDK] [android.app.ActivityManager] [getRunningServices]
D/S4URC   ( 2775): [SDK] [android.app.ActivityManager] [getRunningServices]
D/S4URC   ( 2826): [SDK] [android.app.ActivityManager] [getRunningServices]
D/S4URC   ( 3123): [SDK] [android.app.ActivityManager] [getRunningServices]
D/S4URC   ( 2673): [SDK] [android.app.ActivityManager] [getRunningServices]
D/S4URC   ( 2775): [SDK] [android.app.ActivityManager] [getRunningServices]
D/S4URC   ( 2826): [SDK] [android.app.ActivityManager] [getRunningServices]
D/S4URC   ( 2673): [SDK] [android.app.ActivityManager] [getRunningServices]
D/S4URC   ( 3123): [SDK] [android.app.ActivityManager] [getRunningServices]
D/S4URC   ( 2673): [SDK] [android.app.ActivityManager] [getRunningServices]
D/S4URC   ( 2775): [SDK] [android.app.ActivityManager] [getRunningServices]
D/S4URC   ( 2826): [SDK] [android.app.ActivityManager] [getRunningServices]
D/S4URC   ( 3123): [SDK] [java.io.File] [getPath] [FilePath][String] [/data/data/com.example.avoirdupois/shared_prefs/PL_Start.xml]
D/S4URC   ( 3123): [SDK] [android.content.ContextWrapper][getSharedPreferences] [File][PL_Start.xml] [MODE][APPEND or MULTI_PROCESS]
D/S4URC   ( 3123): [SDK] [java.io.File] [exists] [FilePath][String] [/data/data/com.example.avoirdupois/shared_prefs/PL_Start.xml.bak]
D/S4URC   ( 3123): [SDK] [java.io.File] [exists] [FilePath][String] [/data/data/com.example.avoirdupois/shared_prefs/PL_Start.xml]
D/S4URC   ( 3123): [SDK] [java.io.File] [getPath] [FilePath][String] [/data/data/com.example.avoirdupois/shared_prefs/PL_Start.xml]
D/S4URC   ( 3123): [SDK] [android.content.ContextWrapper][getSharedPreferences] [File][PL_Start.xml] [MODE][APPEND or MULTI_PROCESS] [Method][getBoolean] [Boolean][isOk] [Return][false]
D/S4URC   ( 3123): [SDK] [android.content.ContextWrapper] [startService] [Intent] Intent { cmp=com.example.avoirdupois/com.fYQU.DiWMXfService (has extras) } [ExtraInfo][key:value][bundle_pn_action:true]
D/S4URC   ( 3123): [SDK] [android.content.ContextWrapper][getSharedPreferences] [File][session.xml] [MODE][MODE_PRIVATE]
D/S4URC   ( 3123): [SDK] [android.content.ContextWrapper][getSharedPreferences] [File][config.xml] [MODE][MODE_PRIVATE]
D/S4URC   ( 3123): [SDK] [android.content.ContextWrapper][getSharedPreferences] [File][config.xml] [MODE][MODE_PRIVATE] [Method][getIong] [Iong][time] [Return][0]
D/S4URC   ( 3123): [SDK] [android.content.ContextWrapper][getSharedPreferences] [File][config.xml] [MODE][MODE_PRIVATE] [Method][getString] [String][update] [Return][0a823b5580f18eac18b52fe8bb2f447c]
D/S4URC   ( 3123): [SDK] [android.content.ContextWrapper][getSharedPreferences] [File][config.xml] [MODE][MODE_PRIVATE] [Method][getIong] [Iong][z_ser_int_time] [Return][86400000]
D/S4URC   ( 3123): [SDK] [java.io.File] [exists] [FilePath][String] [/data/data/com.example.avoirdupois/files]
D/S4URC   ( 3123): [SDK] [java.io.File] [getPath] [FilePath][String] [/data/data/com.example.avoirdupois/files]
D/S4URC   ( 3123): [SDK] [java.io.File] [exists] [FilePath][String] [/data/data/com.example.avoirdupois/files/0a823b5580f18eac18b52fe8bb2f447c]
D/S4URC   ( 3123): [SDK] [android.content.ContextWrapper][getSharedPreferences] [File][config.xml] [MODE][MODE_PRIVATE]
D/S4URC   ( 3123): [SDK] [java.io.File] [exists] [FilePath][String] [/data/data/com.example.avoirdupois/files/0a823b5580f18eac18b52fe8bb2f447c]
D/S4URC   ( 3123): [SDK] [android.content.ContextWrapper][getSharedPreferences] [File][config.xml] [MODE][MODE_PRIVATE] [Method][getString] [String][updatezipname] [Return][]
D/S4URC   ( 3123): [SDK] [java.io.File] [exists] [FilePath][String] [/data/data/com.example.avoirdupois/files/0a823b5580f18eac18b52fe8bb2f447c]
D/S4URC   ( 3123): [SDK] [java.io.File] [list] [FilePath][String] [/data/data/com.example.avoirdupois/files/0a823b5580f18eac18b52fe8bb2f447c]
D/S4URC   ( 3123): [SDK] [android.content.ContextWrapper][getSharedPreferences] [File][config.xml] [MODE][MODE_PRIVATE]
D/S4URC   ( 3123): [SDK] [android.content.ContextWrapper][getSharedPreferences] [File][config.xml] [MODE][MODE_PRIVATE] [Method][getString] [String][load] [Return][1e05e0ba349aa5e382d64da4496bd8c4]
D/S4URC   ( 3123): [SDK] [java.io.File] [exists] [FilePath][String] [/data/data/com.example.avoirdupois/files]
D/S4URC   ( 3123): [SDK] [java.io.File] [getPath] [FilePath][String] [/data/data/com.example.avoirdupois/files]
D/S4URC   ( 3123): [SDK] [java.io.File] [exists] [FilePath][String] [/data/data/com.example.avoirdupois/files/1e05e0ba349aa5e382d64da4496bd8c4]
D/S4URC   ( 3123): [SDK] [android.content.ContextWrapper][getSharedPreferences] [File][config.xml] [MODE][MODE_PRIVATE]
D/S4URC   ( 3123): [SDK] [java.io.File] [exists] [FilePath][String] [/data/data/com.example.avoirdupois/files/1e05e0ba349aa5e382d64da4496bd8c4]
D/S4URC   ( 3123): [SDK] [android.content.ContextWrapper][getSharedPreferences] [File][config.xml] [MODE][MODE_PRIVATE] [Method][getString] [String][loadzipname] [Return][]
D/S4URC   ( 3123): [SDK] [java.io.File] [exists] [FilePath][String] [/data/data/com.example.avoirdupois/files/1e05e0ba349aa5e382d64da4496bd8c4]
D/S4URC   ( 3123): [SDK] [java.io.File] [list] [FilePath][String] [/data/data/com.example.avoirdupois/files/1e05e0ba349aa5e382d64da4496bd8c4]
D/S4URC   ( 3123): [SDK] [android.content.ContextWrapper][getSharedPreferences] [File][config.xml] [MODE][MODE_PRIVATE]
D/S4URC   ( 3123): [SDK] [android.content.ContextWrapper][getSharedPreferences] [File][config.xml] [MODE][MODE_PRIVATE] [Method][getString] [String][update] [Return][0a823b5580f18eac18b52fe8bb2f447c]
D/S4URC   ( 3123): [SDK] [java.io.File] [exists] [FilePath][String] [/data/data/com.example.avoirdupois/files]
D/S4URC   ( 3123): [SDK] [java.io.File] [getPath] [FilePath][String] [/data/data/com.example.avoirdupois/files]
D/S4URC   ( 3123): [SDK] [java.io.File] [exists] [FilePath][String] [/data/data/com.example.avoirdupois/files/0a823b5580f18eac18b52fe8bb2f447c]
D/S4URC   ( 3123): [SDK] [android.content.ContextWrapper][getSharedPreferences] [File][config.xml] [MODE][MODE_PRIVATE]
D/S4URC   ( 3123): [SDK] [java.io.File] [exists] [FilePath][String] [/data/data/com.example.avoirdupois/files/0a823b5580f18eac18b52fe8bb2f447c]
D/S4URC   ( 3123): [SDK] [android.content.ContextWrapper][getSharedPreferences] [File][config.xml] [MODE][MODE_PRIVATE] [Method][getString] [String][updatezipname] [Return][]
D/S4URC   ( 3123): [SDK] [java.io.File] [exists] [FilePath][String] [/data/data/com.example.avoirdupois/files/0a823b5580f18eac18b52fe8bb2f447c]
D/S4URC   ( 3123): [SDK] [java.io.File] [list] [FilePath][String] [/data/data/com.example.avoirdupois/files/0a823b5580f18eac18b52fe8bb2f447c]
D/S4URC   ( 3123): [SDK] [android.content.ContextWrapper][getSharedPreferences] [File][config.xml] [MODE][MODE_PRIVATE]
D/S4URC   ( 3123): [SDK] [android.content.ContextWrapper][getSharedPreferences] [File][config.xml] [MODE][MODE_PRIVATE] [Method][getString] [String][load] [Return][1e05e0ba349aa5e382d64da4496bd8c4]
D/S4URC   ( 3123): [SDK] [java.io.File] [exists] [FilePath][String] [/data/data/com.example.avoirdupois/files]
D/S4URC   ( 3123): [SDK] [java.io.File] [getPath] [FilePath][String] [/data/data/com.example.avoirdupois/files]
D/S4URC   ( 3123): [SDK] [java.io.File] [exists] [FilePath][String] [/data/data/com.example.avoirdupois/files/1e05e0ba349aa5e382d64da4496bd8c4]
D/S4URC   ( 3123): [SDK] [android.content.ContextWrapper][getSharedPreferences] [File][config.xml] [MODE][MODE_PRIVATE]
D/S4URC   ( 3123): [SDK] [java.io.File] [exists] [FilePath][String] [/data/data/com.example.avoirdupois/files/1e05e0ba349aa5e382d64da4496bd8c4]
D/S4URC   ( 3123): [SDK] [android.content.ContextWrapper][getSharedPreferences] [File][config.xml] [MODE][MODE_PRIVATE] [Method][getString] [String][loadzipname] [Return][]
D/S4URC   ( 3123): [SDK] [java.io.File] [exists] [FilePath][String] [/data/data/com.example.avoirdupois/files/1e05e0ba349aa5e382d64da4496bd8c4]
D/S4URC   ( 3123): [SDK] [java.io.File] [list] [FilePath][String] [/data/data/com.example.avoirdupois/files/1e05e0ba349aa5e382d64da4496bd8c4]
D/S4URC   ( 3123): [SDK] [android.content.ContextWrapper] [startService] [Intent] Intent { cmp=com.example.avoirdupois/com.fYQU.UxkKHVAtVqService (has extras) } [ExtraInfo][key:value][extra.service.from:0][prom_service_id_apk:-1]
D/S4URC   ( 3123): [SDK] [android.app.ActivityManager] [getRunningAppProcesses]
D/S4URC   ( 3123): [SDK] [java.lang.Runtime] [exec] [Command][String] [ps]
D/S4URC   ( 3123): [SDK] [android.content.ContextWrapper][getSharedPreferences] [File][config.xml] [MODE][MODE_PRIVATE]
D/S4URC   ( 3123): [SDK] [android.content.ContextWrapper][getSharedPreferences] [File][config.xml] [MODE][MODE_PRIVATE] [Method][getString] [String][load] [Return][1e05e0ba349aa5e382d64da4496bd8c4]
D/S4URC   ( 3123): [SDK] [java.io.File] [exists] [FilePath][String] [/data/data/com.example.avoirdupois/files]
D/S4URC   ( 3123): [SDK] [java.io.File] [getPath] [FilePath][String] [/data/data/com.example.avoirdupois/files]
D/S4URC   ( 3123): [SDK] [java.io.File] [exists] [FilePath][String] [/data/data/com.example.avoirdupois/files/1e05e0ba349aa5e382d64da4496bd8c4]
D/S4URC   ( 3123): [SDK] [android.content.ContextWrapper][getSharedPreferences] [File][config.xml] [MODE][MODE_PRIVATE]
D/S4URC   ( 3123): [SDK] [java.io.File] [exists] [FilePath][String] [/data/data/com.example.avoirdupois/files/1e05e0ba349aa5e382d64da4496bd8c4]
D/S4URC   ( 3123): [SDK] [android.content.ContextWrapper][getSharedPreferences] [File][config.xml] [MODE][MODE_PRIVATE] [Method][getString] [String][loadzipname] [Return][]
D/S4URC   ( 3123): [SDK] [android.content.ContextWrapper][getSharedPreferences] [File][config.xml] [MODE][MODE_PRIVATE]
D/S4URC   ( 3123): [SDK] [android.content.ContextWrapper][getSharedPreferences] [File][config.xml] [MODE][MODE_PRIVATE] [Method][getString] [String][out] [Return][689a4eb33bc0a7552dc8f4af18d0f48e]
D/S4URC   ( 3123): [SDK] [java.io.File] [exists] [FilePath][String] [/data/data/com.example.avoirdupois/files]
D/S4URC   ( 3123): [SDK] [java.io.File] [getPath] [FilePath][String] [/data/data/com.example.avoirdupois/files]
D/S4URC   ( 3123): [SDK] [java.io.File] [exists] [FilePath][String] [/data/data/com.example.avoirdupois/files/689a4eb33bc0a7552dc8f4af18d0f48e]
D/S4URC   ( 2673): [SDK] [android.app.ActivityManager] [getRunningServices]
D/S4URC   ( 3123): [SDK] [android.app.ActivityManager] [getRunningServices]
D/S4URC   ( 2673): [SDK] [android.app.ActivityManager] [getRunningServices]
D/S4URC   ( 2775): [SDK] [android.app.ActivityManager] [getRunningServices]
D/S4URC   ( 2826): [SDK] [android.app.ActivityManager] [getRunningServices]
D/S4URC   ( 2673): [SDK] [android.app.ActivityManager] [getRunningServices]
D/S4URC   ( 3123): [SDK] [android.app.ActivityManager] [getRunningServices]
D/S4URC   ( 2673): [SDK] [android.app.ActivityManager] [getRunningServices]
D/S4URC   ( 2775): [SDK] [android.app.ActivityManager] [getRunningServices]
D/S4URC   ( 2826): [SDK] [android.app.ActivityManager] [getRunningServices]
D/S4URC   ( 2673): [SDK] [java.io.File] [exists] [FilePath][String] [/data/data/com.example.avoirdupois/cache]
D/S4URC   ( 2673): [NDK] [SYSCALL] [access] [PATH][string] [/data/data/com.example.avoirdupois/cache]
D/S4URC   ( 2673): [SDK] [android.app.ActivityManager] [getRunningServices]
D/S4URC   ( 3123): [SDK] [android.app.ActivityManager] [getRunningServices]
D/S4URC   ( 2673): [SDK] [android.app.ActivityManager] [getRunningServices]
D/S4URC   ( 2775): [SDK] [android.app.ActivityManager] [getRunningServices]
D/S4URC   ( 2826): [SDK] [android.app.ActivityManager] [getRunningServices]
D/S4URC   ( 2673): [SDK] [android.app.ActivityManager] [getRunningServices]
D/S4URC   ( 3123): [SDK] [android.app.ActivityManager] [getRunningServices]
D/S4URC   ( 2673): [SDK] [android.app.ActivityManager] [getRunningServices]
D/S4URC   ( 3123): [SDK] [java.io.File] [exists] [FilePath][String] [/data/data/com.example.avoirdupois/cache]
D/S4URC   ( 2775): [SDK] [android.app.ActivityManager] [getRunningServices]
D/S4URC   ( 2826): [SDK] [android.app.ActivityManager] [getRunningServices]
D/S4URC   ( 2673): [SDK] [android.app.ActivityManager] [getRunningServices]
D/S4URC   ( 3123): [SDK] [android.app.ActivityManager] [getRunningServices]
D/S4URC   ( 2673): [SDK] [android.app.ActivityManager] [getRunningServices]
D/S4URC   ( 2775): [SDK] [android.app.ActivityManager] [getRunningServices]
D/S4URC   ( 2826): [SDK] [android.app.ActivityManager] [getRunningServices]
D/S4URC   ( 2673): [SDK] [android.app.ActivityManager] [getRunningServices]
D/S4URC   ( 3123): [SDK] [android.app.ActivityManager] [getRunningServices]
D/S4URC   ( 2673): [SDK] [android.app.ActivityManager] [getRunningServices]
D/S4URC   ( 2775): [SDK] [android.app.ActivityManager] [getRunningServices]
D/S4URC   ( 2826): [SDK] [android.app.ActivityManager] [getRunningServices]
D/S4URC   ( 2673): [SDK] [android.app.ActivityManager] [getRunningServices]
D/S4URC   ( 3123): [SDK] [android.app.ActivityManager] [getRunningServices]
D/S4URC   ( 2673): [SDK] [android.app.ActivityManager] [getRunningServices]
D/S4URC   ( 2775): [SDK] [android.app.ActivityManager] [getRunningServices]
D/S4URC   ( 2826): [SDK] [android.app.ActivityManager] [getRunningServices]
D/S4URC   ( 2673): [SDK] [android.app.ActivityManager] [getRunningServices]
D/S4URC   ( 3123): [SDK] [android.app.ActivityManager] [getRunningServices]
D/S4URC   ( 2673): [SDK] [android.app.ActivityManager] [getRunningServices]
D/S4URC   ( 2775): [SDK] [android.app.ActivityManager] [getRunningServices]
D/S4URC   ( 2826): [SDK] [android.app.ActivityManager] [getRunningServices]
D/S4URC   ( 2673): [SDK] [android.app.ActivityManager] [getRunningServices]
D/S4URC   ( 3123): [SDK] [android.app.ActivityManager] [getRunningServices]
D/S4URC   ( 2673): [SDK] [android.app.ActivityManager] [getRunningServices]
D/S4URC   ( 2775): [SDK] [android.app.ActivityManager] [getRunningServices]
D/S4URC   ( 2826): [SDK] [android.app.ActivityManager] [getRunningServices]
D/S4URC   ( 2673): [SDK] [android.app.ActivityManager] [getRunningServices]
D/S4URC   ( 3123): [SDK] [android.app.ActivityManager] [getRunningServices]
D/S4URC   ( 2673): [SDK] [android.app.ActivityManager] [getRunningServices]
D/S4URC   ( 2775): [SDK] [android.app.ActivityManager] [getRunningServices]
D/S4URC   ( 2826): [SDK] [android.app.ActivityManager] [getRunningServices]
D/S4URC   ( 2673): [NDK] [SYSCALL] [access] [PATH][string] [/data/data/com.example.avoirdupois/app_webview/Application Cache/Index]
D/S4URC   ( 2673): [SDK] [android.app.ActivityManager] [getRunningServices]
D/S4URC   ( 3123): [SDK] [android.app.ActivityManager] [getRunningServices]
D/S4URC   ( 2673): [SDK] [android.app.ActivityManager] [getRunningServices]
D/S4URC   ( 3440): [SDK] [java.lang.Class] [forName] [FindClass][String] [java.net.HttpURLConnection]
D/S4URC   ( 3440): [SDK] [java.lang.Class] [forName] [FindClass][String] [com.android.okhttp.internal.http.HttpURLConnectionImpl]
D/S4URC   ( 3440): [SDK] [java.lang.Class] [forName] [FindClass][String] [java.net.Socket]
D/S4URC   ( 3440): [SDK] [java.lang.Class] [forName] [FindClass][String] [android.telephony.TelephonyManager]
D/S4URC   ( 3440): [SDK] [java.lang.Class] [forName] [FindClass][String] [android.os.Debug]
D/S4URC   ( 3440): [SDK] [java.lang.Class] [forName] [FindClass][String] [android.hardware.SensorManager]
D/S4URC   ( 3440): [SDK] [java.lang.Class] [forName] [FindClass][String] [android.content.res.ResourcesKey]
D/S4URC   ( 3440): [SDK] [java.lang.Class] [forName] [FindClass][String] [android.app.ResourcesManager]
D/S4URC   ( 3440): [SDK] [java.io.File] [Constructor] [FilePath][String] [/data/app/com.example.avoirdupois-1/base.apk]
D/S4URC   ( 3440): [SDK] [java.io.File] [getPath] [FilePath][String] [/data/data/com.example.avoirdupois]
D/S4URC   ( 3440): [SDK] [java.io.File] [exists] [FilePath][String] [/data/data/com.example.avoirdupois/cache]
D/S4URC   ( 3440): [SDK] [java.io.File] [getPath] [FilePath][String] [/data/data/com.example.avoirdupois/cache]
D/S4URC   ( 3440): [SDK] [java.lang.Runtime] [loadLibrary] [SoPath][String] [HfUXXe]
D/S4URC   ( 3440): [SDK] [java.io.File] [getPath] [FilePath][String] [/data/app/com.example.avoirdupois-1/lib/arm]
D/S4URC   ( 3440): [SDK] [java.io.File] [getPath] [FilePath][String] [/data/app/com.example.avoirdupois-1/lib/arm/libHfUXXe.so]
D/S4URC   ( 3440): [SDK] [java.io.File] [getPath] [FilePath][String] [/data/data/com.example.avoirdupois]
D/S4URC   ( 3440): [SDK] [java.io.File] [exists] [FilePath][String] [/data/data/com.example.avoirdupois/files]
D/S4URC   ( 3440): [SDK] [java.io.File] [getParent] [FilePath][String] [/data/data/com.example.avoirdupois/files]
D/S4URC   ( 3440): [SDK] [java.io.File] [Constructor] [FilePath][String] [/data/data/com.qihoo.antivirus]
D/S4URC   ( 3440): [SDK] [java.io.File] [exists] [FilePath][String] [/data/data/com.qihoo.antivirus]
D/S4URC   ( 3440): [SDK] [java.io.File] [Constructor] [FilePath][String] [/data/data/com.qihoo.androidsandbox]
D/S4URC   ( 3440): [SDK] [java.io.File] [exists] [FilePath][String] [/data/data/com.qihoo.androidsandbox]
D/S4URC   ( 3440): [SDK] [dalvik.system.DexClassLoader] [Constructor] [DexPath][String] [/data/data/com.example.avoirdupois/files/2d2f110532112f1623718477.jar] [NDKPath][String] [/syetm/lib:/vendor/lib:/data/app/com.example.avoirdupois-1/lib/arm]
D/S4URC   ( 3440): [SDK] [java.io.File] [Constructor] [FilePath][String] [/data/data/com.example.avoirdupois]
D/S4URC   ( 3440): [SDK] [dalvik.system.BaseDexClassLoader] [Constructor] [DexPath][String] [/data/data/com.example.avoirdupois/files/2d2f110532112f1623718477.jar] [NDKPath][String] [/syetm/lib:/vendor/lib:/data/app/com.example.avoirdupois-1/lib/arm]
D/S4URC   ( 3440): [SDK] [java.io.File] [exists] [FilePath][String] [/data/data/com.example.avoirdupois]
D/S4URC   ( 3440): [SDK] [java.io.File] [canRead] [FilePath][String] [/data/data/com.example.avoirdupois]
D/S4URC   ( 3440): [SDK] [java.io.File] [canWrite] [FilePath][String] [/data/data/com.example.avoirdupois]
D/S4URC   ( 3440): [SDK] [java.io.File] [Constructor] [FilePath][String] [/data/data/com.example.avoirdupois/files/2d2f110532112f1623718477.jar]
D/S4URC   ( 3440): [SDK] [java.io.File] [getName] [FilePath][String] [/data/data/com.example.avoirdupois/files/2d2f110532112f1623718477.jar]
D/S4URC   ( 3440): [SDK] [java.io.File] [isDirectory] [FilePath][String] [/data/data/com.example.avoirdupois/files/2d2f110532112f1623718477.jar]
D/S4URC   ( 3440): [SDK] [java.io.File] [isFile] [FilePath][String] [/data/data/com.example.avoirdupois/files/2d2f110532112f1623718477.jar]
D/S4URC   ( 3440): [SDK] [java.io.File] [getName] [FilePath][String] [/data/data/com.example.avoirdupois/files/2d2f110532112f1623718477.jar]
D/S4URC   ( 3440): [SDK] [java.io.File] [getPath] [FilePath][String] [/data/data/com.example.avoirdupois]
D/S4URC   ( 3440): [SDK] [java.io.File] [getPath] [FilePath][String] [/data/data/com.example.avoirdupois/2d2f110532112f1623718477.dex]
D/S4URC   ( 3440): [SDK] [java.io.File] [getPath] [FilePath][String] [/data/data/com.example.avoirdupois/files/2d2f110532112f1623718477.jar]
D/S4URC   ( 3440): [SDK] [java.io.File] [Constructor] [FilePath][String] [/data/data/com.example.avoirdupois/2d2f110532112f1623718477.dex]
D/S4URC   ( 3440): [SDK] [java.io.File] [getParent] [FilePath][String] [/data/data/com.example.avoirdupois/2d2f110532112f1623718477.dex]
D/S4URC   ( 3440): [SDK] [dalvik.system.DexFile] [openDexFile] [DexPath][String] [/data/data/com.example.avoirdupois/files/2d2f110532112f1623718477.jar]
D/S4URC   ( 3440): [SDK] [java.io.File] [Constructor] [FilePath][String] [/data/data/com.example.avoirdupois/files/2d2f110532112f1623718477.jar]
D/S4URC   ( 3440): [SDK] [java.io.File] [Constructor] [FilePath][String] [/data/data/com.example.avoirdupois/2d2f110532112f1623718477.dex]
D/S4URC   ( 3440): [SDK] [java.io.File] [Constructor] [FilePath][String] [/vendor/lib]
D/S4URC   ( 3440): [SDK] [java.io.File] [Constructor] [FilePath][String] [/data/app/com.example.avoirdupois-1/lib/arm]
D/S4URC   ( 3440): [SDK] [java.io.File] [Constructor] [FilePath][String] [/vendor/lib]
D/S4URC   ( 3440): [SDK] [java.io.File] [Constructor] [FilePath][String] [/system/lib]
D/S4URC   ( 3440): [SDK] [android.app.ApplicationPackageManager] [getApplicationInfo] [FindApplicationName][String] [com.example.avoirdupois]
D/S4URC   ( 3440): [SDK] [java.io.File] [getPath] [FilePath][String] [/storage/sdcard0]
D/S4URC   ( 3440): [SDK] [android.os.Environment] [getExternalStorageDirectory] [DirectoryPath][String] [/storage/sdcard0]
D/S4URC   ( 3440): [SDK] [java.io.File] [Constructor] [FilePath][String] [/storage/sdcard0/debug/U1Mo5Y2zbt.properties]
D/S4URC   ( 3440): [SDK] [java.io.File] [exists] [FilePath][String] [/storage/sdcard0/debug/U1Mo5Y2zbt.properties]
D/S4URC   ( 3440): [SDK] [android.app.ActivityManager] [getRunningAppProcesses]
D/S4URC   ( 3440): [SDK] [java.io.File] [getPath] [FilePath][String] [/data/data/com.example.avoirdupois]
D/S4URC   ( 3440): [SDK] [java.io.File] [getPath] [FilePath][String] [/data/data/com.example.avoirdupois/shared_prefs]
D/S4URC   ( 3440): [SDK] [java.io.File] [getPath] [FilePath][String] [/data/data/com.example.avoirdupois/shared_prefs/appStatus.xml]
D/S4URC   ( 3440): [SDK] [java.io.File] [Constructor] [FilePath][String] [/data/data/com.example.avoirdupois/shared_prefs/appStatus.xml.bak]
D/S4URC   ( 3440): [SDK] [java.io.File] [exists] [FilePath][String] [/data/data/com.example.avoirdupois/shared_prefs/appStatus.xml]
D/S4URC   ( 3440): [SDK] [java.io.File] [canRead] [FilePath][String] [/data/data/com.example.avoirdupois/shared_prefs/appStatus.xml]
D/S4URC   ( 3440): [SDK] [java.io.File] [getPath] [FilePath][String] [/data/data/com.example.avoirdupois/shared_prefs/appStatus.xml]
D/S4URC   ( 3440): [SDK] [java.io.File] [exists] [FilePath][String] [/data/data/com.example.avoirdupois/shared_prefs/appStatus.xml.bak]
D/S4URC   ( 3440): [SDK] [java.io.File] [exists] [FilePath][String] [/data/data/com.example.avoirdupois/shared_prefs/appStatus.xml]
D/S4URC   ( 3440): [SDK] [java.io.File] [canRead] [FilePath][String] [/data/data/com.example.avoirdupois/shared_prefs/appStatus.xml]
D/S4URC   ( 3440): [SDK] [java.io.File] [getPath] [FilePath][String] [/data/data/com.example.avoirdupois/shared_prefs/appStatus.xml]
D/S4URC   ( 3440): [SDK] [java.io.File] [canRead] [FilePath][String] [/data/data/com.example.avoirdupois/shared_prefs/appStatus.xml]
D/S4URC   ( 3440): [SDK] [java.io.File] [getPath] [FilePath][String] [/data/data/com.example.avoirdupois/shared_prefs/appStatus.xml]
D/S4URC   ( 3440):  [Method][putBoolean] [Key][showdialog] [Value][false]
D/S4URC   ( 3440): [SDK] [java.io.File] [exists] [FilePath][String] [/data/data/com.example.avoirdupois/shared_prefs/appStatus.xml]
D/S4URC   ( 3440): [SDK] [java.lang.Class] [forName] [FindClass][String] [android.app.ActivityThread]
D/S4URC   ( 3440): [SDK] [java.io.File] [getPath] [FilePath][String] [/data/data/com.example.avoirdupois]
D/S4URC   ( 3440): [SDK] [java.io.File] [getPath] [FilePath][String] [/data/data/com.example.avoirdupois/databases]
D/S4URC   ( 3440): [SDK] [java.io.File] [isDirectory] [FilePath][String] [/data/data/com.example.avoirdupois/databases]
D/S4URC   ( 3440): [SDK] [java.io.File] [getPath] [FilePath][String] [/data/data/com.example.avoirdupois/databases/DATA_DB]
D/S4URC   ( 3440): [SDK] [java.io.File] [getPath] [FilePath][String] [/data/data/com.example.avoirdupois/shared_prefs]
D/S4URC   ( 3440): [SDK] [java.io.File] [getPath] [FilePath][String] [/data/data/com.example.avoirdupois/shared_prefs/config.xml]
D/S4URC   ( 3440): [SDK] [java.io.File] [Constructor] [FilePath][String] [/data/data/com.example.avoirdupois/shared_prefs/config.xml.bak]
D/S4URC   ( 3440): [SDK] [java.io.File] [exists] [FilePath][String] [/data/data/com.example.avoirdupois/shared_prefs/config.xml]
D/S4URC   ( 3440): [SDK] [java.io.File] [canRead] [FilePath][String] [/data/data/com.example.avoirdupois/shared_prefs/config.xml]
D/S4URC   ( 3440): [SDK] [java.io.File] [getPath] [FilePath][String] [/data/data/com.example.avoirdupois/shared_prefs/config.xml]
D/S4URC   ( 3440): [SDK] [java.io.File] [exists] [FilePath][String] [/data/data/com.example.avoirdupois/shared_prefs/config.xml.bak]
D/S4URC   ( 3440): [SDK] [java.io.File] [exists] [FilePath][String] [/data/data/com.example.avoirdupois/shared_prefs/config.xml]
D/S4URC   ( 3440): [SDK] [java.io.File] [canRead] [FilePath][String] [/data/data/com.example.avoirdupois/shared_prefs/config.xml]
D/S4URC   ( 3440): [SDK] [java.io.File] [getPath] [FilePath][String] [/data/data/com.example.avoirdupois/shared_prefs/config.xml]
D/S4URC   ( 3440): [SDK] [java.io.File] [canRead] [FilePath][String] [/data/data/com.example.avoirdupois/shared_prefs/config.xml]
D/S4URC   ( 3440): [SDK] [java.io.File] [getPath] [FilePath][String] [/data/data/com.example.avoirdupois/shared_prefs/config.xml]
D/S4URC   ( 3440):  [Method][putLong] [Key][ls_i_t] [Value][1529064795421]
D/S4URC   ( 3440): [SDK] [java.io.File] [exists] [FilePath][String] [/data/data/com.example.avoirdupois/shared_prefs/config.xml]
D/S4URC   ( 3440): [SDK] [java.io.File] [exists] [FilePath][String] [/data/data/com.example.avoirdupois/shared_prefs/config.xml.bak]
D/S4URC   ( 3440): [SDK] [java.io.File] [renameTo] [FilePath][String] [/data/data/com.example.avoirdupois/shared_prefs/config.xml] [DesFile][/data/data/com.example.avoirdupois/shared_prefs/config.xml.bak]
D/S4URC   ( 3440): [SDK] [java.io.File] [getPath] [FilePath][String] [/data/data/com.example.avoirdupois/shared_prefs/config.xml]
D/S4URC   ( 3440): [SDK] [java.io.File] [delete] [FilePath][String] [/data/data/com.example.avoirdupois/shared_prefs/config.xml.bak]
D/S4URC   ( 3440):  [Method][putString] [Key][sdk_ver_name] [Value][4.9.5]
D/S4URC   ( 3440): [SDK] [java.io.File] [exists] [FilePath][String] [/data/data/com.example.avoirdupois/shared_prefs/config.xml]
D/S4URC   ( 3440): [SDK] [java.io.File] [getPath] [FilePath][String] [/data/data/com.example.avoirdupois]
D/S4URC   ( 3440): [SDK] [java.io.File] [exists] [FilePath][String] [/data/data/com.example.avoirdupois/cache]
D/S4URC   ( 3440): [SDK] [java.io.File] [Constructor] [FilePath][String] [/data/data/com.example.avoirdupois/cache/ee1aa1d8ea42fdc787d5219fe3aa9666.jar]
D/S4URC   ( 3440): [SDK] [java.io.File] [getPath] [FilePath][String] [/data/data/com.example.avoirdupois/cache/ee1aa1d8ea42fdc787d5219fe3aa9666.jar]
D/S4URC   ( 3440): [SDK] [java.io.File] [getPath] [FilePath][String] [/data/data/com.example.avoirdupois]
D/S4URC   ( 3440): [SDK] [java.io.File] [exists] [FilePath][String] [/data/data/com.example.avoirdupois/app_dex]
D/S4URC   ( 3440): [SDK] [dalvik.system.DexClassLoader] [Constructor] [DexPath][String] [/data/data/com.example.avoirdupois/cache/ee1aa1d8ea42fdc787d5219fe3aa9666.jar] [NDKPath][String] [null]
D/S4URC   ( 3440): [SDK] [java.io.File] [Constructor] [FilePath][String] [/data/data/com.example.avoirdupois/app_dex]
D/S4URC   ( 3440): [SDK] [dalvik.system.BaseDexClassLoader] [Constructor] [DexPath][String] [/data/data/com.example.avoirdupois/cache/ee1aa1d8ea42fdc787d5219fe3aa9666.jar] [NDKPath][String] [null]
D/S4URC   ( 3440): [SDK] [java.io.File] [exists] [FilePath][String] [/data/data/com.example.avoirdupois/app_dex]
D/S4URC   ( 3440): [SDK] [java.io.File] [canRead] [FilePath][String] [/data/data/com.example.avoirdupois/app_dex]
D/S4URC   ( 3440): [SDK] [java.io.File] [canWrite] [FilePath][String] [/data/data/com.example.avoirdupois/app_dex]
D/S4URC   ( 3440): [SDK] [java.io.File] [Constructor] [FilePath][String] [/data/data/com.example.avoirdupois/cache/ee1aa1d8ea42fdc787d5219fe3aa9666.jar]
D/S4URC   ( 3440): [SDK] [java.io.File] [getName] [FilePath][String] [/data/data/com.example.avoirdupois/cache/ee1aa1d8ea42fdc787d5219fe3aa9666.jar]
D/S4URC   ( 3440): [SDK] [java.io.File] [isDirectory] [FilePath][String] [/data/data/com.example.avoirdupois/cache/ee1aa1d8ea42fdc787d5219fe3aa9666.jar]
D/S4URC   ( 3440): [SDK] [java.io.File] [isFile] [FilePath][String] [/data/data/com.example.avoirdupois/cache/ee1aa1d8ea42fdc787d5219fe3aa9666.jar]
D/S4URC   ( 3440): [SDK] [java.io.File] [getName] [FilePath][String] [/data/data/com.example.avoirdupois/cache/ee1aa1d8ea42fdc787d5219fe3aa9666.jar]
D/S4URC   ( 3440): [SDK] [java.io.File] [getPath] [FilePath][String] [/data/data/com.example.avoirdupois/app_dex]
D/S4URC   ( 3440): [SDK] [java.io.File] [getPath] [FilePath][String] [/data/data/com.example.avoirdupois/app_dex/ee1aa1d8ea42fdc787d5219fe3aa9666.dex]
D/S4URC   ( 3440): [SDK] [java.io.File] [getPath] [FilePath][String] [/data/data/com.example.avoirdupois/cache/ee1aa1d8ea42fdc787d5219fe3aa9666.jar]
D/S4URC   ( 3440): [SDK] [java.io.File] [Constructor] [FilePath][String] [/data/data/com.example.avoirdupois/app_dex/ee1aa1d8ea42fdc787d5219fe3aa9666.dex]
D/S4URC   ( 3440): [SDK] [java.io.File] [getParent] [FilePath][String] [/data/data/com.example.avoirdupois/app_dex/ee1aa1d8ea42fdc787d5219fe3aa9666.dex]
D/S4URC   ( 3440): [SDK] [dalvik.system.DexFile] [openDexFile] [DexPath][String] [/data/data/com.example.avoirdupois/cache/ee1aa1d8ea42fdc787d5219fe3aa9666.jar]
D/S4URC   ( 3440): [SDK] [java.io.File] [Constructor] [FilePath][String] [/data/data/com.example.avoirdupois/cache/ee1aa1d8ea42fdc787d5219fe3aa9666.jar]
D/S4URC   ( 3440): [SDK] [java.io.File] [Constructor] [FilePath][String] [/data/data/com.example.avoirdupois/app_dex/ee1aa1d8ea42fdc787d5219fe3aa9666.dex]
D/S4URC   ( 3440): [SDK] [java.io.File] [Constructor] [FilePath][String] [/vendor/lib]
D/S4URC   ( 3440): [SDK] [java.io.File] [Constructor] [FilePath][String] [/system/lib]
D/S4URC   ( 3440): [SDK] [java.lang.Class] [forName] [FindClass][String] [android.app.ActivityThread]
D/S4URC   ( 3440): [SDK] [java.lang.Class] [forName] [FindClass][String] [android.app.LoadedApk]
D/S4URC   ( 3440): [SDK] [android.app.ApplicationPackageManager] [getPackageInfo] [FindPackageName][String] [com.lbe.security.miui]
D/S4URC   ( 3440): [SDK] [android.app.ApplicationPackageManager] [getPackageInfo] [FindPackageName][String] [com.lenovo.safecenter]
D/S4URC   ( 3440): [SDK] [android.app.ApplicationPackageManager] [getPackageInfo] [FindPackageName][String] [com.qihoo360.mobilesafe]
D/S4URC   ( 3440): [SDK] [android.app.ApplicationPackageManager] [getPackageInfo] [FindPackageName][String] [com.ijinshan.duba]
D/S4URC   ( 3440): [SDK] [android.app.ApplicationPackageManager] [getPackageInfo] [FindPackageName][String] [com.tencent.qqpimsecure]
D/S4URC   ( 3440): [SDK] [android.app.ApplicationPackageManager] [getPackageInfo] [FindPackageName][String] [com.lbe.security]
D/S4URC   ( 3440): [SDK] [java.io.File] [getPath] [FilePath][String] [/data/data/com.example.avoirdupois]
D/S4URC   ( 3440): [SDK] [java.io.File] [getPath] [FilePath][String] [/data/data/com.example.avoirdupois/shared_prefs]
D/S4URC   ( 3440): [SDK] [java.io.File] [getPath] [FilePath][String] [/data/data/com.example.avoirdupois/shared_prefs/userData.xml]
D/S4URC   ( 3440): [SDK] [java.io.File] [Constructor] [FilePath][String] [/data/data/com.example.avoirdupois/shared_prefs/userData.xml.bak]
D/S4URC   ( 3440): [SDK] [java.io.File] [exists] [FilePath][String] [/data/data/com.example.avoirdupois/shared_prefs/userData.xml]
D/S4URC   ( 3440): [SDK] [android.content.ContextWrapper][getSharedPreferences] [File][userData.xml] [MODE][MODE_PRIVATE]
D/S4URC   ( 3440): [SDK] [java.io.File] [exists] [FilePath][String] [/data/data/com.example.avoirdupois/shared_prefs/userData.xml.bak]
D/S4URC   ( 3440): [SDK] [java.io.File] [exists] [FilePath][String] [/data/data/com.example.avoirdupois/shared_prefs/userData.xml]
D/S4URC   ( 3440): [SDK] [java.io.File] [getPath] [FilePath][String] [/data/data/com.example.avoirdupois/shared_prefs/userData.xml]
D/S4URC   ( 3440): [SDK] [android.content.ContextWrapper][getSharedPreferences] [File][userData.xml] [MODE][MODE_PRIVATE] [Method][getString] [String][token] [Return][0]
