D/S4URC   ( 2619): [SDK] [java.lang.Class] [forName] [FindClass][String] [java.net.HttpURLConnection]
D/S4URC   ( 2619): [SDK] [java.lang.Class] [forName] [FindClass][String] [com.android.okhttp.internal.http.HttpURLConnectionImpl]
D/S4URC   ( 2619): [SDK] [java.lang.Class] [forName] [FindClass][String] [java.net.Socket]
D/S4URC   ( 2619): [SDK] [java.lang.Class] [forName] [FindClass][String] [android.telephony.TelephonyManager]
D/S4URC   ( 2619): [SDK] [java.lang.Class] [forName] [FindClass][String] [android.os.Debug]
D/S4URC   ( 2619): [SDK] [java.lang.Class] [forName] [FindClass][String] [android.hardware.SensorManager]
D/S4URC   ( 2619): [SDK] [java.lang.Class] [forName] [FindClass][String] [android.content.res.ResourcesKey]
D/S4URC   ( 2619): [SDK] [java.lang.Class] [forName] [FindClass][String] [android.app.ResourcesManager]
D/S4URC   ( 2619): [SDK] [java.io.File] [Constructor] [FilePath][String] [/data/app/com.kingroot.kinguser-1/base.apk]
D/S4URC   ( 2619): [SDK] [java.io.File] [getPath] [FilePath][String] [/data/data/com.kingroot.kinguser]
D/S4URC   ( 2619): [SDK] [java.io.File] [exists] [FilePath][String] [/data/data/com.kingroot.kinguser/cache]
D/S4URC   ( 2619): [SDK] [java.io.File] [mkdirs] [FilePath][String] [/data/data/com.kingroot.kinguser/cache]
D/S4URC   ( 2619): [SDK] [java.io.File] [getPath] [FilePath][String] [/data/data/com.kingroot.kinguser/cache]
D/S4URC   ( 2619): [SDK] [android.app.ApplicationPackageManager] [getPackageInfo] [FindPackageName][String] [com.kingroot.kinguser]
D/S4URC   ( 2619): [SDK] [android.app.ActivityManager] [getRunningAppProcesses]
D/S4URC   ( 2619): [SDK] [java.io.File] [getPath] [FilePath][String] [/storage/sdcard0]
D/S4URC   ( 2619): [SDK] [android.os.Environment] [getExternalStorageDirectory] [DirectoryPath][String] [/storage/sdcard0]
D/S4URC   ( 2619): [SDK] [java.io.File] [getPath] [FilePath][String] [/data/data/com.kingroot.kinguser]
D/S4URC   ( 2619): [SDK] [java.io.File] [exists] [FilePath][String] [/data/data/com.kingroot.kinguser/files]
D/S4URC   ( 2619): [SDK] [java.io.File] [mkdirs] [FilePath][String] [/data/data/com.kingroot.kinguser/files]
D/S4URC   ( 2619): [SDK] [java.io.File] [getPath] [FilePath][String] [/data/data/com.kingroot.kinguser/files]
D/S4URC   ( 2619): [SDK] [java.io.File] [Constructor] [FilePath][String] [/storage/sdcard0/Kingroot/user/xda_config.dat]
D/S4URC   ( 2619): [SDK] [java.io.File] [Constructor] [FilePath][String] [/data/data/com.kingroot.kinguser/files/xda_config.dat]
D/S4URC   ( 2619): [SDK] [java.io.File] [exists] [FilePath][String] [/storage/sdcard0/Kingroot/user/xda_config.dat]
D/S4URC   ( 2619): [SDK] [java.io.File] [exists] [FilePath][String] [/data/data/com.kingroot.kinguser/files/xda_config.dat]
D/S4URC   ( 2619): [SDK] [android.content.Intent] [Constructor] [IntentInfo][String] [com.kingroot.master.action.NOTIFY_STATISTIC]
D/S4URC   ( 2619): [SDK] [android.content.ContextWrapper] [sendBroadcast] [Intent] Intent { act=com.kingroot.master.action.NOTIFY_STATISTIC pkg=com.kingroot.kinguser (has extras) } [ExtraInfo][key:value][extra_proc_id:2619][extra_proc_flag:1][extra_type:1]
D/S4URC   ( 2619): [SDK] [java.io.File] [Constructor] [FilePath][String] [/data/data/com.kingroot.kinguser]
D/S4URC   ( 2619): [SDK] [java.io.File] [canRead] [FilePath][String] [/data/data/com.kingroot.kinguser]
D/S4URC   ( 2619): [SDK] [java.io.File] [canWrite] [FilePath][String] [/data/data/com.kingroot.kinguser]
D/S4URC   ( 2619): [SDK] [java.io.File] [getPath] [FilePath][String] [/data/data/com.kingroot.kinguser]
D/S4URC   ( 2619): [SDK] [java.io.File] [exists] [FilePath][String] [/data/data/com.kingroot.kinguser/applib]
D/S4URC   ( 2619): [SDK] [java.io.File] [getPath] [FilePath][String] [/data/data/com.kingroot.kinguser]
D/S4URC   ( 2619): [SDK] [java.io.File] [exists] [FilePath][String] [/data/data/com.kingroot.kinguser/app_applibtemp]
D/S4URC   ( 2619): [SDK] [java.io.File] [mkdir] [FilePath][String] [/data/data/com.kingroot.kinguser/app_applibtemp]
D/S4URC   ( 2619): [SDK] [java.io.File] [getPath] [FilePath][String] [/data/data/com.kingroot.kinguser/app_applibtemp]
D/S4URC   ( 2619): [SDK] [java.io.File] [exists] [FilePath][String] [/data/data/com.kingroot.kinguser/app_applibtemp]
D/S4URC   ( 2619): [SDK] [java.io.File] [renameTo] [FilePath][String] [/data/data/com.kingroot.kinguser/app_applibtemp] [DesFile][/data/data/com.kingroot.kinguser/applib]
D/S4URC   ( 2619): [SDK] [java.io.File] [Constructor] [FilePath][String] [/data/data/com.kingroot.kinguser]
D/S4URC   ( 2619): [SDK] [java.io.File] [canRead] [FilePath][String] [/data/data/com.kingroot.kinguser]
D/S4URC   ( 2619): [SDK] [java.io.File] [canWrite] [FilePath][String] [/data/data/com.kingroot.kinguser]
D/S4URC   ( 2619): [SDK] [java.io.File] [getPath] [FilePath][String] [/data/data/com.kingroot.kinguser]
D/S4URC   ( 2619): [SDK] [java.io.File] [exists] [FilePath][String] [/data/data/com.kingroot.kinguser/applib]
D/S4URC   ( 2619): [SDK] [android.content.ContextWrapper] [startService] [Intent] Intent { cmp=com.kingroot.kinguser/com.kingroot.common.framework.service.KSysService (has extras) } [ExtraInfo][key:value][extra_start_type:0]
D/S4URC   ( 2619): [SDK] [java.lang.Class] [forName] [FindClass][String] [com.android.org.conscrypt.OpenSSLMessageDigestJDK$MD5]
D/S4URC   ( 2619): [SDK] [java.lang.Class] [forName] [FindClass][String] [com.android.org.bouncycastle.jcajce.provider.symmetric.AES$ECB]
D/S4URC   ( 2619): [SDK] [java.lang.Class] [forName] [FindClass][String] [com.android.org.conscrypt.OpenSSLRandom]
D/S4URC   ( 2619): [SDK] [android.content.ContextWrapper] [startService] [Intent] Intent { cmp=com.kingroot.kinguser/com.kingroot.common.framework.service.KSysService (has extras) } [ExtraInfo][key:value][extra_start_type:0]
D/S4URC   ( 2619): [SDK] [java.lang.Runtime] [exec] [Command][String] [sh]
D/S4URC   ( 2619): [SDK] [java.io.File] [getPath] [FilePath][String] [/data/data/com.kingroot.kinguser/applib]
D/S4URC   ( 2619): [SDK] [java.io.File] [exists] [FilePath][String] [/data/data/com.kingroot.kinguser/applib/libpu.so]
D/S4URC   ( 2619): [SDK] [java.io.File] [Constructor] [FilePath][String] [/data/data/com.kingroot.kinguser]
D/S4URC   ( 2619): [SDK] [java.io.File] [canRead] [FilePath][String] [/data/data/com.kingroot.kinguser]
D/S4URC   ( 2619): [SDK] [java.io.File] [canWrite] [FilePath][String] [/data/data/com.kingroot.kinguser]
D/S4URC   ( 2619): [SDK] [java.io.File] [getPath] [FilePath][String] [/data/data/com.kingroot.kinguser]
D/S4URC   ( 2619): [SDK] [java.io.File] [exists] [FilePath][String] [/data/data/com.kingroot.kinguser/applib]
D/S4URC   ( 2619): [SDK] [java.io.File] [getPath] [FilePath][String] [/data/data/com.kingroot.kinguser/applib]
D/S4URC   ( 2619): [SDK] [java.io.File] [getPath] [FilePath][String] [/data/data/com.kingroot.kinguser/applib/libpu.so]
D/S4URC   ( 2619): [SDK] [java.io.File] [getPath] [FilePath][String] [/data/data/com.kingroot.kinguser/applib]
D/S4URC   ( 2619): [SDK] [java.io.File] [exists] [FilePath][String] [/data/data/com.kingroot.kinguser/applib/libpu.so]
D/S4URC   ( 2619): [SDK] [java.io.File] [Constructor] [FilePath][String] [/data/data/com.kingroot.kinguser]
D/S4URC   ( 2619): [SDK] [java.io.File] [canRead] [FilePath][String] [/data/data/com.kingroot.kinguser]
D/S4URC   ( 2619): [SDK] [java.io.File] [canWrite] [FilePath][String] [/data/data/com.kingroot.kinguser]
D/S4URC   ( 2619): [SDK] [java.io.File] [getPath] [FilePath][String] [/data/data/com.kingroot.kinguser]
D/S4URC   ( 2619): [SDK] [java.io.File] [exists] [FilePath][String] [/data/data/com.kingroot.kinguser/applib]
D/S4URC   ( 2619): [SDK] [java.io.File] [getPath] [FilePath][String] [/data/data/com.kingroot.kinguser/applib]
D/S4URC   ( 2619): [SDK] [java.io.File] [exists] [FilePath][String] [/data/data/com.kingroot.kinguser/applib/libhxy.so]
D/S4URC   ( 2619): [SDK] [java.io.File] [Constructor] [FilePath][String] [/data/data/com.kingroot.kinguser]
D/S4URC   ( 2619): [SDK] [java.io.File] [canRead] [FilePath][String] [/data/data/com.kingroot.kinguser]
D/S4URC   ( 2619): [SDK] [java.io.File] [canWrite] [FilePath][String] [/data/data/com.kingroot.kinguser]
D/S4URC   ( 2619): [SDK] [java.io.File] [getPath] [FilePath][String] [/data/data/com.kingroot.kinguser]
D/S4URC   ( 2619): [SDK] [java.io.File] [exists] [FilePath][String] [/data/data/com.kingroot.kinguser/applib]
D/S4URC   ( 2619): [SDK] [java.io.File] [getPath] [FilePath][String] [/data/data/com.kingroot.kinguser/applib]
D/S4URC   ( 2619): [SDK] [java.io.File] [getPath] [FilePath][String] [/data/data/com.kingroot.kinguser/applib/libhxy.so]
D/S4URC   ( 2645): [SDK] [java.lang.Class] [forName] [FindClass][String] [java.net.HttpURLConnection]
D/S4URC   ( 2645): [SDK] [java.lang.Class] [forName] [FindClass][String] [com.android.okhttp.internal.http.HttpURLConnectionImpl]
D/S4URC   ( 2645): [SDK] [java.lang.Class] [forName] [FindClass][String] [java.net.Socket]
D/S4URC   ( 2645): [SDK] [java.lang.Class] [forName] [FindClass][String] [android.telephony.TelephonyManager]
D/S4URC   ( 2645): [SDK] [java.lang.Class] [forName] [FindClass][String] [android.os.Debug]
D/S4URC   ( 2645): [SDK] [java.lang.Class] [forName] [FindClass][String] [android.hardware.SensorManager]
D/S4URC   ( 2645): [SDK] [java.lang.Class] [forName] [FindClass][String] [android.content.res.ResourcesKey]
D/S4URC   ( 2619): [SDK] [java.io.File] [getPath] [FilePath][String] [/data/data/com.kingroot.kinguser/applib]
D/S4URC   ( 2619): [SDK] [java.io.File] [exists] [FilePath][String] [/data/data/com.kingroot.kinguser/applib/libhxy.so]
D/S4URC   ( 2645): [SDK] [java.lang.Class] [forName] [FindClass][String] [android.app.ResourcesManager]
D/S4URC   ( 2645): [SDK] [java.io.File] [Constructor] [FilePath][String] [/data/app/com.kingroot.kinguser-1/base.apk]
D/S4URC   ( 2645): [SDK] [java.io.File] [getPath] [FilePath][String] [/data/data/com.kingroot.kinguser]
D/S4URC   ( 2645): [SDK] [java.io.File] [exists] [FilePath][String] [/data/data/com.kingroot.kinguser/cache]
D/S4URC   ( 2645): [SDK] [java.io.File] [getPath] [FilePath][String] [/data/data/com.kingroot.kinguser/cache]
D/S4URC   ( 2619): [SDK] [android.app.ApplicationPackageManager] [getPackageInfo] [FindPackageName][String] [com.kingroot.kinguser]
D/S4URC   ( 2619): [SDK] [android.app.ActivityManager] [getRunningAppProcesses]
D/S4URC   ( 2645): [SDK] [android.app.ApplicationPackageManager] [getPackageInfo] [FindPackageName][String] [com.kingroot.kinguser]
D/S4URC   ( 2645): [SDK] [android.app.ActivityManager] [getRunningAppProcesses]
D/S4URC   ( 2645): [SDK] [java.io.File] [getPath] [FilePath][String] [/storage/sdcard0]
D/S4URC   ( 2645): [SDK] [android.os.Environment] [getExternalStorageDirectory] [DirectoryPath][String] [/storage/sdcard0]
D/S4URC   ( 2645): [SDK] [java.io.File] [getPath] [FilePath][String] [/data/data/com.kingroot.kinguser]
D/S4URC   ( 2645): [SDK] [java.io.File] [exists] [FilePath][String] [/data/data/com.kingroot.kinguser/files]
D/S4URC   ( 2645): [SDK] [java.io.File] [Constructor] [FilePath][String] [/storage/sdcard0/Kingroot/user/xda_config.dat]
D/S4URC   ( 2645): [SDK] [java.io.File] [Constructor] [FilePath][String] [/data/data/com.kingroot.kinguser/files/xda_config.dat]
D/S4URC   ( 2645): [SDK] [java.io.File] [exists] [FilePath][String] [/storage/sdcard0/Kingroot/user/xda_config.dat]
D/S4URC   ( 2645): [SDK] [java.io.File] [exists] [FilePath][String] [/data/data/com.kingroot.kinguser/files/xda_config.dat]
D/S4URC   ( 2619): [SDK] [java.io.File] [getPath] [FilePath][String] [/data/data/com.kingroot.kinguser]
D/S4URC   ( 2619): [SDK] [java.io.File] [getPath] [FilePath][String] [/data/data/com.kingroot.kinguser/databases]
D/S4URC   ( 2619): [SDK] [java.io.File] [isDirectory] [FilePath][String] [/data/data/com.kingroot.kinguser/databases]
D/S4URC   ( 2619): [SDK] [java.io.File] [mkdir] [FilePath][String] [/data/data/com.kingroot.kinguser/databases]
D/S4URC   ( 2619): [SDK] [java.io.File] [getPath] [FilePath][String] [/data/data/com.kingroot.kinguser/databases]
D/S4URC   ( 2619): [SDK] [java.io.File] [getPath] [FilePath][String] [/data/data/com.kingroot.kinguser/databases/eup_db]
D/S4URC   ( 2645): [SDK] [android.content.Intent] [Constructor] [IntentInfo][String] [com.kingroot.master.action.NOTIFY_STATISTIC]
D/S4URC   ( 2645): [SDK] [android.content.ContextWrapper] [sendBroadcast] [Intent] Intent { act=com.kingroot.master.action.NOTIFY_STATISTIC pkg=com.kingroot.kinguser (has extras) } [ExtraInfo][key:value][extra_proc_id:2645][extra_proc_flag:2][extra_type:1]
D/S4URC   ( 2619): [SDK] [java.io.File] [getPath] [FilePath][String] [/data/data/com.kingroot.kinguser]
D/S4URC   ( 2619): [SDK] [java.io.File] [exists] [FilePath][String] [/data/data/com.kingroot.kinguser/app_tomb]
D/S4URC   ( 2619): [SDK] [java.io.File] [mkdir] [FilePath][String] [/data/data/com.kingroot.kinguser/app_tomb]
D/S4URC   ( 2619): [SDK] [java.io.File] [getPath] [FilePath][String] [/data/data/com.kingroot.kinguser/app_tomb]
D/S4URC   ( 2619): [SDK] [java.io.File] [Constructor] [FilePath][String] [/data/data/com.kingroot.kinguser]
D/S4URC   ( 2619): [SDK] [java.io.File] [canRead] [FilePath][String] [/data/data/com.kingroot.kinguser]
D/S4URC   ( 2619): [SDK] [java.io.File] [canWrite] [FilePath][String] [/data/data/com.kingroot.kinguser]
D/S4URC   ( 2619): [SDK] [java.io.File] [getPath] [FilePath][String] [/data/data/com.kingroot.kinguser]
D/S4URC   ( 2619): [SDK] [java.io.File] [exists] [FilePath][String] [/data/data/com.kingroot.kinguser/applib]
D/S4URC   ( 2619): [SDK] [java.io.File] [Constructor] [FilePath][String] [/data/data/com.kingroot.kinguser/applib/libNativeRQD.so]
D/S4URC   ( 2619): [SDK] [java.io.File] [Constructor] [FilePath][String] [/data/data/com.kingroot.kinguser/applib/libxy.so]
D/S4URC   ( 2645): [SDK] [java.io.File] [Constructor] [FilePath][String] [/data/data/com.kingroot.kinguser]
D/S4URC   ( 2645): [SDK] [java.io.File] [canRead] [FilePath][String] [/data/data/com.kingroot.kinguser]
D/S4URC   ( 2645): [SDK] [java.io.File] [canWrite] [FilePath][String] [/data/data/com.kingroot.kinguser]
D/S4URC   ( 2645): [SDK] [java.io.File] [getPath] [FilePath][String] [/data/data/com.kingroot.kinguser]
D/S4URC   ( 2645): [SDK] [java.io.File] [exists] [FilePath][String] [/data/data/com.kingroot.kinguser/applib]
D/S4URC   ( 2645): [SDK] [java.io.File] [getPath] [FilePath][String] [/data/data/com.kingroot.kinguser/applib]
D/S4URC   ( 2645): [SDK] [java.io.File] [exists] [FilePath][String] [/data/data/com.kingroot.kinguser/applib/libpu.so]
D/S4URC   ( 2619): [SDK] [java.io.File] [Constructor] [FilePath][String] [/data/data/com.kingroot.kinguser/applib/libNativeRQD.so]
D/S4URC   ( 2619): [SDK] [java.io.File] [exists] [FilePath][String] [/data/data/com.kingroot.kinguser/applib/libNativeRQD.so]
D/S4URC   ( 2619): [SDK] [java.io.File] [Constructor] [FilePath][String] [/data/data/com.kingroot.kinguser/applib/libNativeRQD.so]
D/S4URC   ( 2619): [SDK] [java.io.File] [exists] [FilePath][String] [/data/data/com.kingroot.kinguser/applib/libNativeRQD.so]
D/S4URC   ( 2645): [SDK] [java.io.File] [Constructor] [FilePath][String] [/data/data/com.kingroot.kinguser/applib/libpu.so]
D/S4URC   ( 2619): [SDK] [java.io.File] [exists] [FilePath][String] [/data/data/com.kingroot.kinguser/applib/libNativeRQD.so]
D/S4URC   ( 2645): [SDK] [java.io.File] [exists] [FilePath][String] [/data/data/com.kingroot.kinguser/applib/libpu.so]
D/S4URC   ( 2619): [SDK] [java.io.File] [getPath] [FilePath][String] [/data/data/com.kingroot.kinguser/applib/libNativeRQD.so]
D/S4URC   ( 2645): [SDK] [java.io.File] [exists] [FilePath][String] [/data/data/com.kingroot.kinguser/files]
D/S4URC   ( 2645): [SDK] [java.io.File] [Constructor] [FilePath][String] [/data/data/com.kingroot.kinguser/files/kulibs.conf]
D/S4URC   ( 2645): [SDK] [java.io.File] [exists] [FilePath][String] [/data/data/com.kingroot.kinguser/files/kulibs.conf]
D/S4URC   ( 2645): [SDK] [java.io.File] [Constructor] [FilePath][String] [/data/data/com.kingroot.kinguser/applib/libpu.so]
D/S4URC   ( 2645): [SDK] [java.io.File] [exists] [FilePath][String] [/data/data/com.kingroot.kinguser/applib/libpu.so]
D/S4URC   ( 2645): [SDK] [java.io.File] [isDirectory] [FilePath][String] [/data/data/com.kingroot.kinguser/applib/libpu.so]
D/S4URC   ( 2645): [SDK] [java.io.File] [exists] [FilePath][String] [/data/data/com.kingroot.kinguser/applib/libpu.so]
D/S4URC   ( 2645): [SDK] [java.io.File] [delete] [FilePath][String] [/data/data/com.kingroot.kinguser/applib/libpu.so]
D/S4URC   ( 2645): [SDK] [java.io.File] [Constructor] [FilePath][String] [/data/data/com.kingroot.kinguser/applib/libpu.so]
D/S4URC   ( 2645): [SDK] [java.io.File] [getPath] [FilePath][String] [/data/data/com.kingroot.kinguser/applib/libpu.so]
D/S4URC   ( 2619): [SDK] [java.io.File] [Constructor] [FilePath][String] [/data/data/com.kingroot.kinguser]
D/S4URC   ( 2619): [SDK] [java.io.File] [canRead] [FilePath][String] [/data/data/com.kingroot.kinguser]
D/S4URC   ( 2619): [SDK] [java.io.File] [canWrite] [FilePath][String] [/data/data/com.kingroot.kinguser]
D/S4URC   ( 2619): [SDK] [java.io.File] [exists] [FilePath][String] [/data/data/com.kingroot.kinguser/files]
D/S4URC   ( 2619): [SDK] [java.io.File] [getPath] [FilePath][String] [/data/data/com.kingroot.kinguser]
D/S4URC   ( 2619): [SDK] [java.io.File] [exists] [FilePath][String] [/data/data/com.kingroot.kinguser/cache]
D/S4URC   ( 2619): [SDK] [java.io.File] [Constructor] [FilePath][String] [/data/data/com.kingroot.kinguser]
D/S4URC   ( 2619): [SDK] [java.io.File] [canRead] [FilePath][String] [/data/data/com.kingroot.kinguser]
D/S4URC   ( 2619): [SDK] [java.io.File] [canWrite] [FilePath][String] [/data/data/com.kingroot.kinguser]
D/S4URC   ( 2619): [SDK] [java.io.File] [getPath] [FilePath][String] [/data/data/com.kingroot.kinguser]
D/S4URC   ( 2619): [SDK] [java.io.File] [exists] [FilePath][String] [/data/data/com.kingroot.kinguser/applib]
D/S4URC   ( 2619): [SDK] [android.content.ContextWrapper] [startService] [Intent] Intent { cmp=com.kingroot.kinguser/com.kingroot.common.framework.service.KSysService (has extras) } [ExtraInfo][key:value][extra_start_type:0]
D/S4URC   ( 2619): [SDK] [java.io.File] [Constructor] [FilePath][String] [/data/data/com.kingroot.kinguser]
D/S4URC   ( 2619): [SDK] [android.content.ContextWrapper] [startService] [Intent] Intent { cmp=com.kingroot.kinguser/com.kingroot.common.framework.service.KSysService (has extras) } [ExtraInfo][key:value][extra_start_type:0]
D/S4URC   ( 2619): [SDK] [java.io.File] [canRead] [FilePath][String] [/data/data/com.kingroot.kinguser]
D/S4URC   ( 2619): [SDK] [java.io.File] [canWrite] [FilePath][String] [/data/data/com.kingroot.kinguser]
D/S4URC   ( 2619): [SDK] [java.io.File] [getPath] [FilePath][String] [/data/data/com.kingroot.kinguser]
D/S4URC   ( 2619): [SDK] [java.io.File] [exists] [FilePath][String] [/data/data/com.kingroot.kinguser/applib]
D/S4URC   ( 2619): [SDK] [java.io.File] [getPath] [FilePath][String] [/data]
D/S4URC   ( 2619): [SDK] [android.os.Environment] [getDataDirectory] [DataDirectoryPath][String] [/data]
D/S4URC   ( 2619): [SDK] [java.io.File] [Constructor] [FilePath][String] [/data/data/com.kingroot.kinguser]
D/S4URC   ( 2619): [SDK] [java.io.File] [canRead] [FilePath][String] [/data/data/com.kingroot.kinguser]
D/S4URC   ( 2619): [SDK] [java.io.File] [canWrite] [FilePath][String] [/data/data/com.kingroot.kinguser]
D/S4URC   ( 2619): [SDK] [java.io.File] [getPath] [FilePath][String] [/data/data/com.kingroot.kinguser]
D/S4URC   ( 2619): [SDK] [java.io.File] [exists] [FilePath][String] [/data/data/com.kingroot.kinguser/applib]
D/S4URC   ( 2619): [SDK] [java.io.File] [getPath] [FilePath][String] [/data]
D/S4URC   ( 2619): [SDK] [android.os.Environment] [getDataDirectory] [DataDirectoryPath][String] [/data]
D/S4URC   ( 2619): [SDK] [java.io.File] [Constructor] [FilePath][String] [/data/data/com.kingroot.kinguser]
D/S4URC   ( 2619): [SDK] [java.io.File] [canRead] [FilePath][String] [/data/data/com.kingroot.kinguser]
D/S4URC   ( 2619): [SDK] [java.io.File] [canWrite] [FilePath][String] [/data/data/com.kingroot.kinguser]
D/S4URC   ( 2619): [SDK] [java.io.File] [getPath] [FilePath][String] [/data/data/com.kingroot.kinguser]
D/S4URC   ( 2619): [SDK] [java.io.File] [exists] [FilePath][String] [/data/data/com.kingroot.kinguser/applib]
D/S4URC   ( 2619): [SDK] [java.io.File] [Constructor] [FilePath][String] [/data/data/com.kingroot.kinguser/applib/su]
D/S4URC   ( 2619): [SDK] [java.io.File] [exists] [FilePath][String] [/data/data/com.kingroot.kinguser/applib/su]
D/S4URC   ( 2619): [SDK] [java.io.File] [Constructor] [FilePath][String] [/data/data/com.kingroot.kinguser/applib/su]
D/S4URC   ( 2619): [SDK] [java.io.File] [exists] [FilePath][String] [/data/data/com.kingroot.kinguser/applib/su]
D/S4URC   ( 2619): [SDK] [java.io.File] [getPath] [FilePath][String] [/data/data/com.kingroot.kinguser/applib/su]
D/S4URC   ( 2645): [SDK] [java.io.File] [getPath] [FilePath][String] [/data/data/com.kingroot.kinguser]
D/S4URC   ( 2645): [SDK] [java.io.File] [getPath] [FilePath][String] [/data/data/com.kingroot.kinguser/shared_prefs]
D/S4URC   ( 2645): [SDK] [java.io.File] [getPath] [FilePath][String] [/data/data/com.kingroot.kinguser/shared_prefs/RootManagerSetting.xml]
D/S4URC   ( 2645): [SDK] [java.io.File] [Constructor] [FilePath][String] [/data/data/com.kingroot.kinguser/shared_prefs/RootManagerSetting.xml.bak]
D/S4URC   ( 2645): [SDK] [java.io.File] [exists] [FilePath][String] [/data/data/com.kingroot.kinguser/shared_prefs/RootManagerSetting.xml]
D/S4URC   ( 2645): [SDK] [android.content.ContextWrapper][getSharedPreferences] [File][RootManagerSetting.xml] [MODE][MODE_PRIVATE]
D/S4URC   ( 2619): [SDK] [java.io.File] [Constructor] [FilePath][String] [/data/data/com.kingroot.kinguser/applib/libNativeRQD.so]
D/S4URC   ( 2619): [SDK] [java.io.File] [exists] [FilePath][String] [/data/data/com.kingroot.kinguser/applib/libNativeRQD.so]
D/S4URC   ( 2619): [SDK] [java.io.File] [isFile] [FilePath][String] [/data/data/com.kingroot.kinguser/applib/libNativeRQD.so]
D/S4URC   ( 2619): [SDK] [java.io.File] [getPath] [FilePath][String] [/data/data/com.kingroot.kinguser/applib/libNativeRQD.so]
D/S4URC   ( 2645): [SDK] [java.io.File] [exists] [FilePath][String] [/data/data/com.kingroot.kinguser/shared_prefs/RootManagerSetting.xml.bak]
D/S4URC   ( 2645): [SDK] [java.io.File] [exists] [FilePath][String] [/data/data/com.kingroot.kinguser/shared_prefs/RootManagerSetting.xml]
D/S4URC   ( 2645): [SDK] [java.io.File] [getPath] [FilePath][String] [/data/data/com.kingroot.kinguser/shared_prefs/RootManagerSetting.xml]
D/S4URC   ( 2645): [SDK] [android.content.ContextWrapper][getSharedPreferences] [File][RootManagerSetting.xml] [MODE][MODE_PRIVATE] [Method][getInt] [Int][AutoReplacementFlag] [Return][2]
D/S4URC   ( 2619): [SDK] [java.io.File] [exists] [FilePath][String] [/data/data/com.kingroot.kinguser/files]
D/S4URC   ( 2619): [SDK] [java.io.File] [Constructor] [FilePath][String] [/data/data/com.kingroot.kinguser/files/kulibs.conf]
D/S4URC   ( 2619): [SDK] [java.io.File] [exists] [FilePath][String] [/data/data/com.kingroot.kinguser/files/kulibs.conf]
D/S4URC   ( 2619): [SDK] [java.io.File] [exists] [FilePath][String] [/data/data/com.kingroot.kinguser/files]
D/S4URC   ( 2619): [SDK] [javax.crypto.spec.SecretKeySpec][Constructor] [KEY][3EB4CCC395CDCC229E340094F1A971B2][type][AES][javax.crypto.Cipher][getInstance] [Cipher][AES] [javax.crypto.Cipher][doFinal] [Data][#.#Thu Jun 28 02:28:23 GMT-11:00 2018./data/data/com.kingroot.kinguser/applib/libNativeRQD.so=233|3962955270.] [Return][cfPqmzCf1Zl/W0+VPtURSdTxQAWC79LcPaT0+A2+g48kcVaaZVKn1Zw7Zvk5JuuJeU0OakBCa6w+B6fb6zmc5f1MCKooz29TA9z1vHzbnGyocgZlr/NqtlwRJJ/F4inOvx6lbZPqnXVOyH6yYmC/9g==]
D/S4URC   ( 2619): [SDK] [java.io.File] [Constructor] [FilePath][String] [/data/data/com.kingroot.kinguser/files/kulibs.conf]
D/S4URC   ( 2619): [SDK] [java.io.File] [getPath] [FilePath][String] [/data/data/com.kingroot.kinguser/files/kulibs.conf]
D/S4URC   ( 2645): [SDK] [java.io.File] [getPath] [FilePath][String] [/data/data/com.kingroot.kinguser/shared_prefs/RootManagerSetting.xml]
D/S4URC   ( 2645): [SDK] [android.content.ContextWrapper][getSharedPreferences] [File][RootManagerSetting.xml] [MODE][MODE_PRIVATE]
D/S4URC   ( 2645): [SDK] [java.io.File] [exists] [FilePath][String] [/data/data/com.kingroot.kinguser/shared_prefs/RootManagerSetting.xml.bak]
D/S4URC   ( 2645): [SDK] [java.io.File] [exists] [FilePath][String] [/data/data/com.kingroot.kinguser/shared_prefs/RootManagerSetting.xml]
D/S4URC   ( 2645): [SDK] [java.io.File] [getPath] [FilePath][String] [/data/data/com.kingroot.kinguser/shared_prefs/RootManagerSetting.xml]
D/S4URC   ( 2645): [SDK] [android.content.ContextWrapper][getSharedPreferences] [File][RootManagerSetting.xml] [MODE][MODE_PRIVATE] [Method][getString] [String][VcFtShow] [Return][]
D/S4URC   ( 2619): [SDK] [java.lang.Runtime] [loadLibrary] [SoPath][String] [NativeRQD]
D/S4URC   ( 2619): [SDK] [java.io.File] [getPath] [FilePath][String] [/vendor/lib]
D/S4URC   ( 2619): [SDK] [java.io.File] [getPath] [FilePath][String] [/vendor/lib/libNativeRQD.so]
D/S4URC   ( 2619): [SDK] [java.io.File] [getPath] [FilePath][String] [/system/lib]
D/S4URC   ( 2619): [SDK] [java.io.File] [getPath] [FilePath][String] [/system/lib/libNativeRQD.so]
D/S4URC   ( 2645): [SDK] [java.io.File] [getPath] [FilePath][String] [/data/data/com.kingroot.kinguser/shared_prefs]
D/S4URC   ( 2645): [SDK] [java.io.File] [getPath] [FilePath][String] [/data/data/com.kingroot.kinguser/shared_prefs/common_setting.xml]
D/S4URC   ( 2645): [SDK] [java.io.File] [Constructor] [FilePath][String] [/data/data/com.kingroot.kinguser/shared_prefs/common_setting.xml.bak]
D/S4URC   ( 2619): [SDK] [android.content.ContentResolver] [update] [URL][String] [content://com.kingroot.kingusesr.mpstorage/multi_sp/RootManagerSetting/]
D/S4URC   ( 2645): [SDK] [java.io.File] [exists] [FilePath][String] [/data/data/com.kingroot.kinguser/shared_prefs/common_setting.xml]
D/S4URC   ( 2645): [SDK] [android.content.ContextWrapper][getSharedPreferences] [File][common_setting.xml] [MODE][MODE_PRIVATE]
D/S4URC   ( 2645): [SDK] [java.io.File] [exists] [FilePath][String] [/data/data/com.kingroot.kinguser/shared_prefs/common_setting.xml.bak]
D/S4URC   ( 2645): [SDK] [java.io.File] [exists] [FilePath][String] [/data/data/com.kingroot.kinguser/shared_prefs/common_setting.xml]
D/S4URC   ( 2645): [SDK] [java.io.File] [getPath] [FilePath][String] [/data/data/com.kingroot.kinguser/shared_prefs/RootManagerSetting.xml]
D/S4URC   ( 2645): [SDK] [java.io.File] [getPath] [FilePath][String] [/data/data/com.kingroot.kinguser/shared_prefs/common_setting.xml]
D/S4URC   ( 2645): [SDK] [android.content.ContextWrapper][getSharedPreferences] [File][common_setting.xml] [MODE][MODE_PRIVATE] [Method][putBoolean] [Key][S04] [Value][false]
D/S4URC   ( 2645): [SDK] [android.content.ContextWrapper][getSharedPreferences] [File][RootManagerSetting.xml] [MODE][MODE_PRIVATE]
D/S4URC   ( 2645): [SDK] [java.io.File] [exists] [FilePath][String] [/data/data/com.kingroot.kinguser/shared_prefs/common_setting.xml]
D/S4URC   ( 2645): [SDK] [java.io.File] [getPath] [FilePath][String] [/data/data/com.kingroot.kinguser/shared_prefs/common_setting.xml]
D/S4URC   ( 2645): [SDK] [java.io.File] [getParent] [FilePath][String] [/data/data/com.kingroot.kinguser/shared_prefs/common_setting.xml]
D/S4URC   ( 2645): [SDK] [java.io.File] [Constructor] [FilePath][String] [/data/data/com.kingroot.kinguser/shared_prefs]
D/S4URC   ( 2645): [SDK] [java.io.File] [mkdir] [FilePath][String] [/data/data/com.kingroot.kinguser/shared_prefs]
D/S4URC   ( 2645): [SDK] [java.io.File] [getPath] [FilePath][String] [/data/data/com.kingroot.kinguser/shared_prefs]
D/S4URC   ( 2645): [SDK] [java.io.File] [getPath] [FilePath][String] [/data/data/com.kingroot.kinguser/shared_prefs/common_setting.xml]
D/S4URC   ( 2645): [SDK] [java.io.File] [exists] [FilePath][String] [/data/data/com.kingroot.kinguser/shared_prefs/RootManagerSetting.xml.bak]
D/S4URC   ( 2645): [SDK] [java.io.File] [exists] [FilePath][String] [/data/data/com.kingroot.kinguser/shared_prefs/RootManagerSetting.xml]
D/S4URC   ( 2645): [SDK] [java.io.File] [getPath] [FilePath][String] [/data/data/com.kingroot.kinguser/shared_prefs/RootManagerSetting.xml]
D/S4URC   ( 2645): [SDK] [android.content.ContextWrapper][getSharedPreferences] [File][RootManagerSetting.xml] [MODE][MODE_PRIVATE] [Method][putInt] [Key][AutoReplacementFlag] [Value][0]
D/S4URC   ( 2645): [SDK] [android.content.ContextWrapper][getSharedPreferences] [File][RootManagerSetting.xml] [MODE][MODE_PRIVATE] [Method][apply]
D/S4URC   ( 2645): [SDK] [java.io.File] [exists] [FilePath][String] [/data/data/com.kingroot.kinguser/shared_prefs/RootManagerSetting.xml]
D/S4URC   ( 2645): [SDK] [java.io.File] [getPath] [FilePath][String] [/data/data/com.kingroot.kinguser/shared_prefs/RootManagerSetting.xml]
D/S4URC   ( 2645): [SDK] [java.io.File] [getPath] [FilePath][String] [/data/data/com.kingroot.kinguser/shared_prefs/common_setting.xml]
D/S4URC   ( 2645): [SDK] [java.io.File] [delete] [FilePath][String] [/data/data/com.kingroot.kinguser/shared_prefs/common_setting.xml.bak]
D/S4URC   ( 2619): [SDK] [java.io.File] [getPath] [FilePath][String] [/data/data/com.kingroot.kinguser]
D/S4URC   ( 2619): [SDK] [java.io.File] [exists] [FilePath][String] [/data/data/com.kingroot.kinguser/app_uranus]
D/S4URC   ( 2619): [SDK] [java.io.File] [mkdir] [FilePath][String] [/data/data/com.kingroot.kinguser/app_uranus]
D/S4URC   ( 2619): [SDK] [java.io.File] [Constructor] [FilePath][String] [/data/data/com.kingroot.kinguser/applib/su]
D/S4URC   ( 2619): [SDK] [java.io.File] [exists] [FilePath][String] [/data/data/com.kingroot.kinguser/applib/su]
D/S4URC   ( 2619): [SDK] [java.io.File] [isFile] [FilePath][String] [/data/data/com.kingroot.kinguser/applib/su]
D/S4URC   ( 2619): [SDK] [java.io.File] [getPath] [FilePath][String] [/data/data/com.kingroot.kinguser/applib/su]
D/S4URC   ( 2619): [SDK] [java.io.File] [exists] [FilePath][String] [/data/data/com.kingroot.kinguser/files]
D/S4URC   ( 2645): [SDK] [java.lang.Class] [forName] [FindClass][String] [com.android.org.conscrypt.OpenSSLMessageDigestJDK$MD5]
D/S4URC   ( 2619): [SDK] [java.io.File] [getPath] [FilePath][String] [/data/data/com.kingroot.kinguser/app_uranus]
D/S4URC   ( 2619): [SDK] [java.io.File] [exists] [FilePath][String] [/data/data/com.kingroot.kinguser/app_uranus]
D/S4URC   ( 2619): [SDK] [javax.crypto.spec.SecretKeySpec][Constructor] [KEY][3EB4CCC395CDCC229E340094F1A971B2][type][AES][javax.crypto.Cipher][getInstance] [Cipher][AES] [javax.crypto.Cipher][doFinal] [Data][#.#Thu Jun 28 02:28:23 GMT-11:00 2018./data/data/com.kingroot.kinguser/applib/libNativeRQD.so=233|3962955270./data/data/com.kingroot.kinguser/applib/su=233|2061667841.] [Return][cfPqmzCf1Zl/W0+VPtURSdTxQAWC79LcPaT0+A2+g48kcVaaZVKn1Zw7Zvk5JuuJeU0OakBCa6w+B6fb6zmc5f1MCKooz29TA9z1vHzbnGyocgZlr/NqtlwRJJ/F4inOl0UWXbC1rmIzP+/YfcB2JihOPqaaQo8mBSNqdan+09JL8bsFOAYjjT6TjzOVxiK1CBCjcNU89E9CuLC82GHZeK+EchZahvq5P03d5nGUMuU=]
D/S4URC   ( 2619): [SDK] [java.io.File] [Constructor] [FilePath][String] [/data/data/com.kingroot.kinguser/files/kulibs.conf]
D/S4URC   ( 2619): [SDK] [java.io.File] [getPath] [FilePath][String] [/data/data/com.kingroot.kinguser/files/kulibs.conf]
D/S4URC   ( 2645): [SDK] [java.lang.Class] [forName] [FindClass][String] [com.android.org.bouncycastle.jcajce.provider.symmetric.AES$ECB]
D/S4URC   ( 2619): [SDK] [java.io.File] [Constructor] [FilePath][String] [/data/data/com.kingroot.kinguser/applib/otasurvival.sh]
D/S4URC   ( 2619): [SDK] [java.io.File] [exists] [FilePath][String] [/data/data/com.kingroot.kinguser/applib/otasurvival.sh]
D/S4URC   ( 2619): [SDK] [java.io.File] [Constructor] [FilePath][String] [/data/data/com.kingroot.kinguser/applib/otasurvival.sh]
D/S4URC   ( 2619): [SDK] [java.io.File] [exists] [FilePath][String] [/data/data/com.kingroot.kinguser/applib/otasurvival.sh]
D/S4URC   ( 2619): [SDK] [java.io.File] [getPath] [FilePath][String] [/data/data/com.kingroot.kinguser/applib/otasurvival.sh]
D/S4URC   ( 2645): [SDK] [java.lang.Class] [forName] [FindClass][String] [com.android.org.conscrypt.OpenSSLRandom]
D/S4URC   ( 2645): [SDK] [java.io.File] [getPath] [FilePath][String] [/data/data/com.kingroot.kinguser/shared_prefs/RootManagerSetting.xml]
D/S4URC   ( 2645): [SDK] [java.io.File] [delete] [FilePath][String] [/data/data/com.kingroot.kinguser/shared_prefs/RootManagerSetting.xml.bak]
D/S4URC   ( 2619): [SDK] [java.io.File] [getPath] [FilePath][String] [/data/data/com.kingroot.kinguser/databases/eup_db]
D/S4URC   ( 2619): [SDK] [android.database.sqlite.SQLiteDatabase] [execSQL] [ExecInfo][String] [CREATE TABLE ao ( _id INTEGER PRIMARY KEY , _time int , _type int , _prority int , _length int , _datas blob , _key text , _upCounts int ,_count int , _state int)]
D/S4URC   ( 2619): [SDK] [android.database.sqlite.SQLiteDatabase] [execSQL] [ExecInfo][String] [CREATE TABLE count ( _id INTEGER PRIMARY KEY , _countid text unique  , _prority int , _local int , _stime int , _utime int , _ctime int , _cparams text)]
D/S4URC   ( 2619): [SDK] [android.database.sqlite.SQLiteDatabase] [execSQL] [ExecInfo][String] [CREATE TABLE gray ( _id INTEGER PRIMARY KEY , _time int , _uid text unique )]
D/S4URC   ( 2619): [SDK] [android.database.sqlite.SQLiteDatabase] [execSQL] [ExecInfo][String] [CREATE TABLE file ( _id INTEGER PRIMARY KEY , _n text , _ut int , _sz int , _sa text , _t int , _ac text )]
D/S4URC   ( 2619): [SDK] [android.database.sqlite.SQLiteDatabase] [execSQL] [ExecInfo][String] [CREATE TABLE strategy ( _id INTEGER PRIMARY KEY , _key int unique , _ut int , _datas blob)]
D/S4URC   ( 2619): [SDK] [android.database.sqlite.SQLiteDatabase] [execSQL] [ExecInfo][String] [PRAGMA user_version = 14]
D/S4URC   ( 2619): [SDK] [java.io.File] [Constructor] [FilePath][String] [/data/data/com.kingroot.kinguser/applib/otasurvival.sh]
D/S4URC   ( 2619): [SDK] [java.io.File] [exists] [FilePath][String] [/data/data/com.kingroot.kinguser/applib/otasurvival.sh]
D/S4URC   ( 2619): [SDK] [java.io.File] [isFile] [FilePath][String] [/data/data/com.kingroot.kinguser/applib/otasurvival.sh]
D/S4URC   ( 2619): [SDK] [java.io.File] [getPath] [FilePath][String] [/data/data/com.kingroot.kinguser/applib/otasurvival.sh]
D/S4URC   ( 2619): [SDK] [java.io.File] [exists] [FilePath][String] [/data/data/com.kingroot.kinguser/files]
D/S4URC   ( 2619): [SDK] [javax.crypto.spec.SecretKeySpec][Constructor] [KEY][3EB4CCC395CDCC229E340094F1A971B2][type][AES][javax.crypto.Cipher][getInstance] [Cipher][AES] [javax.crypto.Cipher][doFinal] [Data][#.#Thu Jun 28 02:28:23 GMT-11:00 2018./data/data/com.kingroot.kinguser/applib/otasurvival.sh=233|2254977324./data/data/com.kingroot.kinguser/applib/libNativeRQD.so=233|3962955270./data/data/com.kingroot.kinguser/applib/su=233|2061667841.] [Return][cfPqmzCf1Zl/W0+VPtURSdTxQAWC79LcPaT0+A2+g48kcVaaZVKn1Zw7Zvk5JuuJeU0OakBCa6w+B6fb6zmc5SRE8qp90NgzWnfLJg2p6fr94OuPzw04WdsK8vqjVX6Rvzs3Hfwpk3m9DJhU8bAZdDlmxW9/NxRoDmiBazseZ+dAooYkdN6BoqgVKGyRqpLF63ZYIf4uY+x79HfDHc3hq466Y7KVcHc1xaJkT4XCYLh/8Uf6Km0UTgnwnEn2Rx5w5aiyO7V8PPvCn9XGfYxN5yJ+N2C/GmZ5FqGhvScJNOGBdoNpsBAHLa0z0Oxau0xz]
D/S4URC   ( 2619): [SDK] [java.io.File] [Constructor] [FilePath][String] [/data/data/com.kingroot.kinguser/files/kulibs.conf]
D/S4URC   ( 2619): [SDK] [java.io.File] [getPath] [FilePath][String] [/data/data/com.kingroot.kinguser/files/kulibs.conf]
D/S4URC   ( 2619): [SDK] [android.app.ApplicationPackageManager] [getApplicationInfo] [FindApplicationName][String] [com.kingroot.kinguser]
D/S4URC   ( 2619): [SDK] [java.io.File] [Constructor] [FilePath][String] [/data/data/com.kingroot.kinguser/applib/ktools]
D/S4URC   ( 2619): [SDK] [android.content.ContextWrapper] [registerReceiver][IntentFilter][android.intent.action.SCREEN_ON,android.intent.action.SCREEN_OFF,android.intent.action.USER_PRESENT,android.net.conn.CONNECTIVITY_CHANGE,
D/S4URC   ( 2619): [SDK] [java.io.File] [exists] [FilePath][String] [/data/data/com.kingroot.kinguser/applib/ktools]
D/S4URC   ( 2619): [SDK] [java.io.File] [Constructor] [FilePath][String] [/data/data/com.kingroot.kinguser/applib/ktools]
D/S4URC   ( 2619): [SDK] [java.io.File] [exists] [FilePath][String] [/data/data/com.kingroot.kinguser/applib/ktools]
D/S4URC   ( 2619): [SDK] [java.io.File] [getPath] [FilePath][String] [/data/data/com.kingroot.kinguser/applib/ktools]
D/S4URC   ( 2619): [SDK] [java.io.File] [Constructor] [FilePath][String] [/data/app/com.kingroot.kinguser-1/base.apk]
D/S4URC   ( 2619): [SDK] [java.io.File] [exists] [FilePath][String] [/data/app/com.kingroot.kinguser-1/base.apk]
D/S4URC   ( 2619): [SDK] [java.io.File] [canRead] [FilePath][String] [/data/app/com.kingroot.kinguser-1/base.apk]
D/S4URC   ( 2619): [SDK] [java.io.File] [getPath] [FilePath][String] [/data/data/com.kingroot.kinguser/databases]
D/S4URC   ( 2619): [SDK] [java.io.File] [isDirectory] [FilePath][String] [/data/data/com.kingroot.kinguser/databases]
D/S4URC   ( 2619): [SDK] [java.io.File] [getPath] [FilePath][String] [/data/data/com.kingroot.kinguser/databases/eup_db]
D/S4URC   ( 2619): [SDK] [android.database.sqlite.SQLiteDatabase] [query] [queryInfo][String] [SELECT][] [FROM][file]
D/S4URC   ( 2619): [SDK] [android.app.ApplicationPackageManager] [getApplicationInfo] [FindApplicationName][String] [com.kingroot.kinguser]
D/S4URC   ( 2619): [SDK] [java.io.File] [Constructor] [FilePath][String] [/data/app/com.kingroot.kinguser-1/base.apk]
D/S4URC   ( 2619): [SDK] [java.io.File] [exists] [FilePath][String] [/data/app/com.kingroot.kinguser-1/base.apk]
D/S4URC   ( 2619): [SDK] [java.io.File] [canRead] [FilePath][String] [/data/app/com.kingroot.kinguser-1/base.apk]
D/S4URC   ( 2619): [SDK] [java.io.File] [getPath] [FilePath][String] [/data/app/com.kingroot.kinguser-1/base.apk]
D/S4URC   ( 2619): [SDK] [java.lang.Class] [forName] [FindClass][String] [com.android.org.conscrypt.OpenSSLMessageDigestJDK$SHA1]
D/S4URC   ( 2645): [SDK] [java.lang.Runtime] [exec] [Command][String] [sh]
D/S4URC   ( 2619): [SDK] [android.app.Activity][onCrate] [Class][ComponentInfo{com.kingroot.kinguser/com.kingroot.kinguser.activitys.SliderMainActivity}]
D/S4URC   ( 2645): [SDK] [java.io.File] [getPath] [FilePath][String] [/data/data/com.kingroot.kinguser/shared_prefs/RootManagerSetting.xml]
D/S4URC   ( 2645): [SDK] [android.content.ContextWrapper][getSharedPreferences] [File][RootManagerSetting.xml] [MODE][MODE_PRIVATE]
D/S4URC   ( 2645): [SDK] [android.content.ContextWrapper][getSharedPreferences] [File][RootManagerSetting.xml] [MODE][MODE_PRIVATE] [Method][getBoolean] [Boolean][NeedEnterGuideView] [Return][true]
D/S4URC   ( 2619): [SDK] [java.io.File] [Constructor] [FilePath][String] [/data/data/com.kingroot.kinguser/applib/ktools]
D/S4URC   ( 2619): [SDK] [java.io.File] [exists] [FilePath][String] [/data/data/com.kingroot.kinguser/applib/ktools]
D/S4URC   ( 2619): [SDK] [java.io.File] [isFile] [FilePath][String] [/data/data/com.kingroot.kinguser/applib/ktools]
D/S4URC   ( 2619): [SDK] [java.io.File] [getPath] [FilePath][String] [/data/data/com.kingroot.kinguser/applib/ktools]
D/S4URC   ( 2619): [SDK] [java.io.File] [exists] [FilePath][String] [/data/data/com.kingroot.kinguser/files]
D/S4URC   ( 2645): [SDK] [java.io.File] [getPath] [FilePath][String] [/data/data/com.kingroot.kinguser/shared_prefs/RootManagerSetting.xml]
D/S4URC   ( 2645): [SDK] [android.content.ContextWrapper][getSharedPreferences] [File][RootManagerSetting.xml] [MODE][MODE_PRIVATE]
D/S4URC   ( 2645): [SDK] [android.content.ContextWrapper][getSharedPreferences] [File][RootManagerSetting.xml] [MODE][MODE_PRIVATE] [Method][getInt] [Int][SettingMode] [Return][1]
D/S4URC   ( 2645): [SDK] [java.io.File] [getPath] [FilePath][String] [/data/data/com.kingroot.kinguser/shared_prefs/RootManagerSetting.xml]
D/S4URC   ( 2645): [SDK] [android.content.ContextWrapper][getSharedPreferences] [File][RootManagerSetting.xml] [MODE][MODE_PRIVATE]
D/S4URC   ( 2645): [SDK] [android.content.ContextWrapper][getSharedPreferences] [File][RootManagerSetting.xml] [MODE][MODE_PRIVATE] [Method][getInt] [Int][is_need_show_update_guide_view] [Return][-1]
D/S4URC   ( 2619): [SDK] [java.io.File] [Constructor] [FilePath][String] [/sbin/su]
D/S4URC   ( 2619): [SDK] [javax.crypto.spec.SecretKeySpec][Constructor] [KEY][3EB4CCC395CDCC229E340094F1A971B2][type][AES][javax.crypto.Cipher][getInstance] [Cipher][AES] [javax.crypto.Cipher][doFinal] [Data][#.#Thu Jun 28 02:28:23 GMT-11:00 2018./data/data/com.kingroot.kinguser/applib/ktools=233|2474610761./data/data/com.kingroot.kinguser/applib/otasurvival.sh=233|2254977324./data/data/com.kingroot.kinguser/applib/libNativeRQD.so=233|3962955270./data/data/com.kingroot.kinguser/applib/su=233|2061667841.] [Return][cfPqmzCf1Zl/W0+VPtURSdTxQAWC79LcPaT0+A2+g48kcVaaZVKn1Zw7Zvk5JuuJeU0OakBCa6w+B6fb6zmc5dMefn0OQKRDByExJLgJrMstVeZs9IKmzXG3kWcWIOTSJGCi/WFQY78s4gKBBHCyi2k6yZsnITFA6asRMR+8KxRLLF1lzc79VnaebqYeYmsyXzyvglMBRlt/ML7Im2yL/Wij6zneOiTyABuHyQkFE5Fer7cX2pjvQlwUIyo4Yvacz/TcXSK6J8St6bpXtIiAiSYm/xhpVWISm7iVPjIf3hfHTIVLJ2lIOqa7JNMAlZ9EqKnkPgTYMkpSo4s685LFLNkyO9atEXhbMgh/5smBXZ15wDhk6EoHKKM+o9pWQ6G83CMYbYhbZavOoGOXRaquBg==]
D/S4URC   ( 2619): [SDK] [java.io.File] [Constructor] [FilePath][String] [/data/data/com.kingroot.kinguser/files/kulibs.conf]
D/S4URC   ( 2619): [SDK] [java.io.File] [exists] [FilePath][String] [/sbin/su]
D/S4URC   ( 2619): [SDK] [java.io.File] [getPath] [FilePath][String] [/data/data/com.kingroot.kinguser/files/kulibs.conf]
D/S4URC   ( 2619): [SDK] [java.io.File] [Constructor] [FilePath][String] [/vendor/bin/su]
D/S4URC   ( 2619): [SDK] [java.io.File] [exists] [FilePath][String] [/vendor/bin/su]
D/S4URC   ( 2619): [SDK] [java.io.File] [Constructor] [FilePath][String] [/system/sbin/su]
D/S4URC   ( 2619): [SDK] [java.io.File] [exists] [FilePath][String] [/system/sbin/su]
D/S4URC   ( 2619): [SDK] [java.io.File] [Constructor] [FilePath][String] [/system/bin/su]
D/S4URC   ( 2619): [SDK] [java.io.File] [exists] [FilePath][String] [/system/bin/su]
D/S4URC   ( 2619): [SDK] [java.io.File] [Constructor] [FilePath][String] [/data/data/com.kingroot.kinguser/applib/libai.so]
D/S4URC   ( 2619): [SDK] [java.io.File] [exists] [FilePath][String] [/data/data/com.kingroot.kinguser/applib/libai.so]
D/S4URC   ( 2619): [SDK] [java.io.File] [Constructor] [FilePath][String] [/data/data/com.kingroot.kinguser/applib/libai.so]
D/S4URC   ( 2619): [SDK] [java.io.File] [exists] [FilePath][String] [/data/data/com.kingroot.kinguser/applib/libai.so]
D/S4URC   ( 2619): [SDK] [java.io.File] [getPath] [FilePath][String] [/data/data/com.kingroot.kinguser/applib/libai.so]
D/S4URC   ( 2619): [SDK] [java.lang.Class] [forName] [FindClass][String] [android.os.SystemProperties]
D/S4URC   ( 2619): [SDK] [java.lang.Runtime] [exec] [Command][String] [sh]
D/S4URC   ( 2645): [SDK] [java.io.File] [getPath] [FilePath][String] [/data/data/com.kingroot.kinguser/shared_prefs/RootManagerSetting.xml]
D/S4URC   ( 2645): [SDK] [android.content.ContextWrapper][getSharedPreferences] [File][RootManagerSetting.xml] [MODE][MODE_PRIVATE]
D/S4URC   ( 2645): [SDK] [android.content.ContextWrapper][getSharedPreferences] [File][RootManagerSetting.xml] [MODE][MODE_PRIVATE] [Method][getString] [String][VcFtShow] [Return][]
D/S4URC   ( 2619): [SDK] [java.io.File] [getPath] [FilePath][String] [/data/data/com.kingroot.kinguser/databases]
D/S4URC   ( 2619): [SDK] [java.io.File] [isDirectory] [FilePath][String] [/data/data/com.kingroot.kinguser/databases]
D/S4URC   ( 2619): [SDK] [java.io.File] [getPath] [FilePath][String] [/data/data/com.kingroot.kinguser/databases/eup_db]
D/S4URC   ( 2619): [SDK] [java.io.File] [Constructor] [FilePath][String] [/data/data/com.kingroot.kinguser/applib/libai.so]
D/S4URC   ( 2619): [SDK] [java.io.File] [exists] [FilePath][String] [/data/data/com.kingroot.kinguser/applib/libai.so]
D/S4URC   ( 2619): [SDK] [java.io.File] [isFile] [FilePath][String] [/data/data/com.kingroot.kinguser/applib/libai.so]
D/S4URC   ( 2619): [SDK] [java.io.File] [getPath] [FilePath][String] [/data/data/com.kingroot.kinguser/applib/libai.so]
D/S4URC   ( 2619): [SDK] [java.io.File] [exists] [FilePath][String] [/data/data/com.kingroot.kinguser/files]
D/S4URC   ( 2619): [SDK] [javax.crypto.spec.SecretKeySpec][Constructor] [KEY][3EB4CCC395CDCC229E340094F1A971B2][type][AES][javax.crypto.Cipher][getInstance] [Cipher][AES] [javax.crypto.Cipher][doFinal] [Data][#.#Thu Jun 28 02:28:23 GMT-11:00 2018./data/data/com.kingroot.kinguser/applib/ktools=233|2474610761./data/data/com.kingroot.kinguser/applib/libNativeRQD.so=233|3962955270./data/data/com.kingroot.kinguser/applib/otasurvival.sh=233|2254977324./data/data/com.kingroot.kinguser/applib/libai.so=233|3445627144./data/data/com.kingroot.kinguser/applib/su=233|2061667841.] [Return][cfPqmzCf1Zl/W0+VPtURSdTxQAWC79LcPaT0+A2+g48kcVaaZVKn1Zw7Zvk5JuuJeU0OakBCa6w+B6fb6zmc5dMefn0OQKRDByExJLgJrMstVeZs9IKmzXG3kWcWIOTSJGCi/WFQY78s4gKBBHCyi2k6yZsnITFA6asRMR+8KxQtcpRwholHAnwFmZT8jm045x+OosK3D5kyp3mMqOweX+ymM900HK1zdxM2pqFpJKdqfzjUAhAVg6kVnxHn1OzRijHDfCvmYjgITirrwEAedcMHuv9tyzHjimrcZ9dthMS8pm58lAOfSPP9BGe+g2EfqKnkPgTYMkpSo4s685LFLNkyO9atEXhbMgh/5smBXZ2Bio6DKgxq2KLgfnhCnztfdprWj/x2IiJEPvOTJtW1lqip5D4E2DJKUqOLOvOSxSzZMjvWrRF4WzIIf+bJgV2decA4ZOhKByijPqPaVkOhvNwjGG2IW2WrzqBjl0WqrgY=]
D/S4URC   ( 2619): [SDK] [java.io.File] [Constructor] [FilePath][String] [/data/data/com.kingroot.kinguser/files/kulibs.conf]
D/S4URC   ( 2619): [SDK] [java.io.File] [getPath] [FilePath][String] [/data/data/com.kingroot.kinguser/files/kulibs.conf]
D/S4URC   ( 2619): [SDK] [java.io.File] [Constructor] [FilePath][String] [/data/data/com.kingroot.kinguser/applib/kd]
D/S4URC   ( 2619): [SDK] [java.io.File] [exists] [FilePath][String] [/data/data/com.kingroot.kinguser/applib/kd]
D/S4URC   ( 2619): [SDK] [java.io.File] [Constructor] [FilePath][String] [/data/data/com.kingroot.kinguser/applib/kd]
D/S4URC   ( 2619): [SDK] [java.io.File] [exists] [FilePath][String] [/data/data/com.kingroot.kinguser/applib/kd]
D/S4URC   ( 2619): [SDK] [java.io.File] [getPath] [FilePath][String] [/data/data/com.kingroot.kinguser/applib/kd]
D/S4URC   ( 2645): [SDK] [java.io.File] [Constructor] [FilePath][String] [/data/data/com.kingroot.kinguser/applib/libpu.so]
D/S4URC   ( 2645): [SDK] [java.io.File] [exists] [FilePath][String] [/data/data/com.kingroot.kinguser/applib/libpu.so]
D/S4URC   ( 2645): [SDK] [java.io.File] [isFile] [FilePath][String] [/data/data/com.kingroot.kinguser/applib/libpu.so]
D/S4URC   ( 2645): [SDK] [java.io.File] [getPath] [FilePath][String] [/data/data/com.kingroot.kinguser/applib/libpu.so]
D/S4URC   ( 2645): [SDK] [java.io.File] [exists] [FilePath][String] [/data/data/com.kingroot.kinguser/files]
D/S4URC   ( 2645): [SDK] [javax.crypto.spec.SecretKeySpec][Constructor] [KEY][3EB4CCC395CDCC229E340094F1A971B2][type][AES][javax.crypto.Cipher][getInstance] [Cipher][AES] [javax.crypto.Cipher][doFinal] [Data][#.#Thu Jun 28 02:28:23 GMT-11:00 2018./data/data/com.kingroot.kinguser/applib/libpu.so=233|2512569168.] [Return][cfPqmzCf1Zl/W0+VPtURSdTxQAWC79LcPaT0+A2+g48kcVaaZVKn1Zw7Zvk5JuuJeU0OakBCa6w+B6fb6zmc5f1MCKooz29TA9z1vHzbnGyfOmEf8OYee1oBND14l3/xKzFV5iDIkrlO0+TbyIwrYw==]
D/S4URC   ( 2645): [SDK] [java.io.File] [Constructor] [FilePath][String] [/data/data/com.kingroot.kinguser/files/kulibs.conf]
D/S4URC   ( 2645): [SDK] [java.io.File] [getPath] [FilePath][String] [/data/data/com.kingroot.kinguser/files/kulibs.conf]
D/S4URC   ( 2619): [SDK] [android.database.sqlite.SQLiteDatabase] [insert] [Table][String] [file]
D/S4URC   ( 2645): [SDK] [java.io.File] [getPath] [FilePath][String] [/data/data/com.kingroot.kinguser/applib]
D/S4URC   ( 2645): [SDK] [java.io.File] [exists] [FilePath][String] [/data/data/com.kingroot.kinguser/applib/libpu.so]
D/S4URC   ( 2619): [SDK] [android.app.ApplicationPackageManager] [getApplicationInfo] [FindApplicationName][String] [com.kingroot.kinguser]
D/S4URC   ( 2619): [SDK] [java.io.File] [getPath] [FilePath][String] [/data/data/com.kingroot.kinguser/databases]
D/S4URC   ( 2619): [SDK] [java.io.File] [isDirectory] [FilePath][String] [/data/data/com.kingroot.kinguser/databases]
D/S4URC   ( 2619): [SDK] [java.io.File] [getPath] [FilePath][String] [/data/data/com.kingroot.kinguser/databases/eup_db]
D/S4URC   ( 2645): [SDK] [java.io.File] [Constructor] [FilePath][String] [/data/data/com.kingroot.kinguser]
D/S4URC   ( 2645): [SDK] [java.io.File] [canRead] [FilePath][String] [/data/data/com.kingroot.kinguser]
D/S4URC   ( 2645): [SDK] [java.io.File] [canWrite] [FilePath][String] [/data/data/com.kingroot.kinguser]
D/S4URC   ( 2645): [SDK] [java.io.File] [getPath] [FilePath][String] [/data/data/com.kingroot.kinguser]
D/S4URC   ( 2645): [SDK] [java.io.File] [exists] [FilePath][String] [/data/data/com.kingroot.kinguser/applib]
D/S4URC   ( 2645): [SDK] [java.io.File] [getPath] [FilePath][String] [/data/data/com.kingroot.kinguser/applib]
D/S4URC   ( 2645): [SDK] [java.io.File] [exists] [FilePath][String] [/data/data/com.kingroot.kinguser/applib/libhxy.so]
D/S4URC   ( 2645): [SDK] [java.io.File] [Constructor] [FilePath][String] [/data/data/com.kingroot.kinguser/applib/libhxy.so]
D/S4URC   ( 2645): [SDK] [java.io.File] [exists] [FilePath][String] [/data/data/com.kingroot.kinguser/applib/libhxy.so]
D/S4URC   ( 2645): [SDK] [java.io.File] [Constructor] [FilePath][String] [/data/data/com.kingroot.kinguser/applib/libhxy.so]
D/S4URC   ( 2645): [SDK] [java.io.File] [exists] [FilePath][String] [/data/data/com.kingroot.kinguser/applib/libhxy.so]
D/S4URC   ( 2645): [SDK] [java.io.File] [isDirectory] [FilePath][String] [/data/data/com.kingroot.kinguser/applib/libhxy.so]
D/S4URC   ( 2645): [SDK] [java.io.File] [exists] [FilePath][String] [/data/data/com.kingroot.kinguser/applib/libhxy.so]
D/S4URC   ( 2645): [SDK] [java.io.File] [delete] [FilePath][String] [/data/data/com.kingroot.kinguser/applib/libhxy.so]
D/S4URC   ( 2645): [SDK] [java.io.File] [Constructor] [FilePath][String] [/data/data/com.kingroot.kinguser/applib/libhxy.so]
