D/S4URC   ( 2315): [SDK] [java.io.File] [getPath] [FilePath][String] [/data/data/com.joyme.qmqsgllb.egame/egame/EGAME_124/images/egame_sdk_icon_spread_out.png]
D/S4URC   ( 2315): [NDK] [SYSCALL] [open] [PATH][string] [/data/data/com.joyme.qmqsgllb.egame/egame/EGAME_124/images/egame_sdk_icon_spread_out.png] [RETURN][int] [85]
D/S4URC   ( 2315): [SDK] [java.io.File] [getPath] [FilePath][String] [/data/data/com.joyme.qmqsgllb.egame/egame/EGAME_124/images/egame_sdk_icon_ticket_more.png]
D/S4URC   ( 2315): [NDK] [SYSCALL] [open] [PATH][string] [/data/data/com.joyme.qmqsgllb.egame/egame/EGAME_124/images/egame_sdk_icon_ticket_more.png] [RETURN][int] [86]
D/S4URC   ( 2315): [SDK] [java.io.File] [getPath] [FilePath][String] [/data/data/com.joyme.qmqsgllb.egame/egame/EGAME_124/images/egame_sdk_icon_unselected.png]
D/S4URC   ( 2315): [NDK] [SYSCALL] [open] [PATH][string] [/data/data/com.joyme.qmqsgllb.egame/egame/EGAME_124/images/egame_sdk_icon_unselected.png] [RETURN][int] [87]
D/S4URC   ( 2315): [SDK] [java.io.File] [getPath] [FilePath][String] [/data/data/com.joyme.qmqsgllb.egame/egame/EGAME_124/images/egame_sdk_input_box.9.png]
D/S4URC   ( 2315): [NDK] [SYSCALL] [open] [PATH][string] [/data/data/com.joyme.qmqsgllb.egame/egame/EGAME_124/images/egame_sdk_input_box.9.png] [RETURN][int] [88]
D/S4URC   ( 2315): [SDK] [java.io.File] [getPath] [FilePath][String] [/data/data/com.joyme.qmqsgllb.egame/egame/EGAME_124/images/egame_sdk_logo_aibei.png]
D/S4URC   ( 2315): [NDK] [SYSCALL] [open] [PATH][string] [/data/data/com.joyme.qmqsgllb.egame/egame/EGAME_124/images/egame_sdk_logo_aibei.png] [RETURN][int] [89]
D/S4URC   ( 2315): [SDK] [java.io.File] [getPath] [FilePath][String] [/data/data/com.joyme.qmqsgllb.egame/egame/EGAME_124/images/egame_sdk_logo_chongzhika.png]
D/S4URC   ( 2315): [NDK] [SYSCALL] [open] [PATH][string] [/data/data/com.joyme.qmqsgllb.egame/egame/EGAME_124/images/egame_sdk_logo_chongzhika.png] [RETURN][int] [90]
D/S4URC   ( 2315): [SDK] [java.io.File] [getPath] [FilePath][String] [/data/data/com.joyme.qmqsgllb.egame/egame/EGAME_124/images/egame_sdk_logo_dianka.png]
D/S4URC   ( 2315): [NDK] [SYSCALL] [open] [PATH][string] [/data/data/com.joyme.qmqsgllb.egame/egame/EGAME_124/images/egame_sdk_logo_dianka.png] [RETURN][int] [91]
D/S4URC   ( 2315): [SDK] [java.io.File] [getPath] [FilePath][String] [/data/data/com.joyme.qmqsgllb.egame/egame/EGAME_124/images/egame_sdk_logo_huafei.png]
D/S4URC   ( 2315): [NDK] [SYSCALL] [open] [PATH][string] [/data/data/com.joyme.qmqsgllb.egame/egame/EGAME_124/images/egame_sdk_logo_huafei.png] [RETURN][int] [92]
D/S4URC   ( 2315): [SDK] [java.io.File] [getPath] [FilePath][String] [/data/data/com.joyme.qmqsgllb.egame/egame/EGAME_124/images/egame_sdk_logo_jdzhifu.png]
D/S4URC   ( 2315): [NDK] [SYSCALL] [open] [PATH][string] [/data/data/com.joyme.qmqsgllb.egame/egame/EGAME_124/images/egame_sdk_logo_jdzhifu.png] [RETURN][int] [93]
D/S4URC   ( 2315): [SDK] [java.io.File] [getPath] [FilePath][String] [/data/data/com.joyme.qmqsgllb.egame/egame/EGAME_124/images/egame_sdk_logo_more.png]
D/S4URC   ( 2315): [NDK] [SYSCALL] [open] [PATH][string] [/data/data/com.joyme.qmqsgllb.egame/egame/EGAME_124/images/egame_sdk_logo_more.png] [RETURN][int] [94]
D/S4URC   ( 2315): [SDK] [java.io.File] [getPath] [FilePath][String] [/data/data/com.joyme.qmqsgllb.egame/egame/EGAME_124/images/egame_sdk_logo_weixin.png]
D/S4URC   ( 2315): [NDK] [SYSCALL] [open] [PATH][string] [/data/data/com.joyme.qmqsgllb.egame/egame/EGAME_124/images/egame_sdk_logo_weixin.png] [RETURN][int] [95]
D/S4URC   ( 2315): [SDK] [java.io.File] [getPath] [FilePath][String] [/data/data/com.joyme.qmqsgllb.egame/egame/EGAME_124/images/egame_sdk_logo_yinlian.png]
D/S4URC   ( 2315): [NDK] [SYSCALL] [open] [PATH][string] [/data/data/com.joyme.qmqsgllb.egame/egame/EGAME_124/images/egame_sdk_logo_yinlian.png] [RETURN][int] [96]
D/S4URC   ( 2315): [SDK] [java.io.File] [getPath] [FilePath][String] [/data/data/com.joyme.qmqsgllb.egame/egame/EGAME_124/images/egame_sdk_logo_yizhifu.png]
D/S4URC   ( 2315): [NDK] [SYSCALL] [open] [PATH][string] [/data/data/com.joyme.qmqsgllb.egame/egame/EGAME_124/images/egame_sdk_logo_yizhifu.png] [RETURN][int] [97]
D/S4URC   ( 2315): [SDK] [java.io.File] [getPath] [FilePath][String] [/data/data/com.joyme.qmqsgllb.egame/egame/EGAME_124/images/egame_sdk_logo_zhifubao.png]
D/S4URC   ( 2315): [NDK] [SYSCALL] [open] [PATH][string] [/data/data/com.joyme.qmqsgllb.egame/egame/EGAME_124/images/egame_sdk_logo_zhifubao.png] [RETURN][int] [98]
D/S4URC   ( 2315): [SDK] [java.io.File] [getPath] [FilePath][String] [/data/data/com.joyme.qmqsgllb.egame/egame/EGAME_124/images/egame_sdk_password_input_box_left.9.png]
D/S4URC   ( 2315): [NDK] [SYSCALL] [open] [PATH][string] [/data/data/com.joyme.qmqsgllb.egame/egame/EGAME_124/images/egame_sdk_password_input_box_left.9.png] [RETURN][int] [99]
D/S4URC   ( 2315): [SDK] [java.io.File] [getPath] [FilePath][String] [/data/data/com.joyme.qmqsgllb.egame/egame/EGAME_124/images/egame_sdk_password_input_box_mid.9.png]
D/S4URC   ( 2315): [NDK] [SYSCALL] [open] [PATH][string] [/data/data/com.joyme.qmqsgllb.egame/egame/EGAME_124/images/egame_sdk_password_input_box_mid.9.png] [RETURN][int] [100]
D/S4URC   ( 2315): [SDK] [java.io.File] [getPath] [FilePath][String] [/data/data/com.joyme.qmqsgllb.egame/egame/EGAME_124/images/egame_sdk_password_input_box_right.9.png]
D/S4URC   ( 2315): [NDK] [SYSCALL] [open] [PATH][string] [/data/data/com.joyme.qmqsgllb.egame/egame/EGAME_124/images/egame_sdk_password_input_box_right.9.png] [RETURN][int] [101]
D/S4URC   ( 2315): [SDK] [java.io.File] [getPath] [FilePath][String] [/data/data/com.joyme.qmqsgllb.egame/egame/EGAME_124/images/egame_sdk_popup_btn_blue_normal.9.png]
D/S4URC   ( 2315): [NDK] [SYSCALL] [open] [PATH][string] [/data/data/com.joyme.qmqsgllb.egame/egame/EGAME_124/images/egame_sdk_popup_btn_blue_normal.9.png] [RETURN][int] [102]
D/S4URC   ( 2315): [SDK] [java.io.File] [getPath] [FilePath][String] [/data/data/com.joyme.qmqsgllb.egame/egame/EGAME_124/images/egame_sdk_popup_btn_blue_pressed.9.png]
D/S4URC   ( 2315): [NDK] [SYSCALL] [open] [PATH][string] [/data/data/com.joyme.qmqsgllb.egame/egame/EGAME_124/images/egame_sdk_popup_btn_blue_pressed.9.png] [RETURN][int] [103]
D/S4URC   ( 2315): [SDK] [java.io.File] [getPath] [FilePath][String] [/data/data/com.joyme.qmqsgllb.egame/egame/EGAME_124/images/egame_sdk_pressed.9.png]
D/S4URC   ( 2315): [NDK] [SYSCALL] [open] [PATH][string] [/data/data/com.joyme.qmqsgllb.egame/egame/EGAME_124/images/egame_sdk_pressed.9.png] [RETURN][int] [104]
D/S4URC   ( 2315): [SDK] [java.io.File] [getPath] [FilePath][String] [/data/data/com.joyme.qmqsgllb.egame/egame/EGAME_124/images/egame_sdk_tag_selected.9.png]
D/S4URC   ( 2315): [NDK] [SYSCALL] [open] [PATH][string] [/data/data/com.joyme.qmqsgllb.egame/egame/EGAME_124/images/egame_sdk_tag_selected.9.png] [RETURN][int] [105]
D/S4URC   ( 2315): [SDK] [java.io.File] [getPath] [FilePath][String] [/data/data/com.joyme.qmqsgllb.egame/egame/EGAME_124/images/egame_sdk_tag_unselected.9.png]
D/S4URC   ( 2315): [NDK] [SYSCALL] [open] [PATH][string] [/data/data/com.joyme.qmqsgllb.egame/egame/EGAME_124/images/egame_sdk_tag_unselected.9.png] [RETURN][int] [106]
D/S4URC   ( 2315): [SDK] [java.io.File] [getPath] [FilePath][String] [/data/data/com.joyme.qmqsgllb.egame/egame/EGAME_124/libs/armeabi-v7a/libegamepay_private_dr2.so]
D/S4URC   ( 2315): [SDK] [java.io.File] [getPath] [FilePath][String] [/data/data/com.joyme.qmqsgllb.egame/egame/EGAME_124/libs/armeabi/libegamepay_private_dr2.so]
D/S4URC   ( 2315): [SDK] [java.io.File] [getPath] [FilePath][String] [/data/data/com.joyme.qmqsgllb.egame/egame/EGAME_124/libs/x86/libegamepay_private_dr2.so]
D/S4URC   ( 2315): [SDK] [java.io.File] [getPath] [FilePath][String] [/data/data/com.joyme.qmqsgllb.egame/files/egame_s4008129.tmp]
D/S4URC   ( 2315): [NDK] [SYSCALL] [open] [PATH][string] [/data/data/com.joyme.qmqsgllb.egame/files/egame_s4008129.tmp] [RETURN][int] [38]
D/S4URC   ( 2315): [SDK] [java.io.File] [delete] [FilePath][String] [/data/data/com.joyme.qmqsgllb.egame/files/egame_s4008129.tmp]
D/S4URC   ( 2315): [NDK] [SYSCALL] [lstat] [PATH][string] [/data/data/com.joyme.qmqsgllb.egame/files/egame_s4008129.tmp]
D/S4URC   ( 2315): [NDK] [SYSCALL] [unlink] [PATH][string] [/data/data/com.joyme.qmqsgllb.egame/files/egame_s4008129.tmp]
D/S4URC   ( 2315): [NDK] [SYSCALL] [open] [PATH][string] [/data/data/com.joyme.qmqsgllb.egame/egame/EGAME_124/EGAME_SDK.dat] [RETURN][int] [110]
D/S4URC   ( 2315): [SDK] [java.io.File] [Constructor] [FilePath][String] [/data/data/com.joyme.qmqsgllb.egame/egame/EGAME_124/EGAME_SDK.dat]
D/S4URC   ( 2315): [SDK] [java.io.File] [getPath] [FilePath][String] [/data/data/com.joyme.qmqsgllb.egame/egame/EGAME_124/EGAME_SDK.dat]
D/S4URC   ( 2315): [NDK] [SYSCALL] [open] [PATH][string] [/data/data/com.joyme.qmqsgllb.egame/egame/EGAME_124/EGAME_SDK.dat] [RETURN][int] [110]
D/S4URC   ( 2315): [SDK] [java.io.File] [Constructor] [FilePath][String] [/data/data/com.joyme.qmqsgllb.egame/egame/EGAME_124/EGAME_SDK.jar]
D/S4URC   ( 2315): [SDK] [java.io.File] [getPath] [FilePath][String] [/data/data/com.joyme.qmqsgllb.egame/egame/EGAME_124/EGAME_SDK.jar]
D/S4URC   ( 2315): [NDK] [SYSCALL] [open] [PATH][string] [/data/data/com.joyme.qmqsgllb.egame/egame/EGAME_124/EGAME_SDK.jar] [RETURN][int] [110]
D/S4URC   ( 2315): [SDK] [java.io.File] [Constructor] [FilePath][String] [/data/data/com.joyme.qmqsgllb.egame/egame/EGAME_124/EGAME_SDK.jar]
D/S4URC   ( 2315): [SDK] [java.io.File] [getPath] [FilePath][String] [/data/data/com.joyme.qmqsgllb.egame/egame/EGAME_124/EGAME_SDK.jar]
D/S4URC   ( 2315): [NDK] [SYSCALL] [open] [PATH][string] [/data/data/com.joyme.qmqsgllb.egame/egame/EGAME_124/EGAME_SDK.jar] [RETURN][int] [111]
D/S4URC   ( 2315): [SDK] [java.io.File] [exists] [FilePath][String] [/data/data/com.joyme.qmqsgllb.egame/files]
D/S4URC   ( 2315): [NDK] [SYSCALL] [access] [PATH][string] [/data/data/com.joyme.qmqsgllb.egame/files]
D/S4URC   ( 2315): [SDK] [java.io.File] [getPath] [FilePath][String] [/data/data/com.joyme.qmqsgllb.egame/files]
D/S4URC   ( 2315): [SDK] [java.io.File] [getPath] [FilePath][String] [/data/data/com.joyme.qmqsgllb.egame/files/egame_temp_.jar]
D/S4URC   ( 2315): [NDK] [SYSCALL] [open] [PATH][string] [/data/data/com.joyme.qmqsgllb.egame/files/egame_temp_.jar] [RETURN][int] [112]
D/S4URC   ( 2315): [SDK] [java.io.File] [getPath] [FilePath][String] [/data/data/com.joyme.qmqsgllb.egame/files/egame_temp_.jar]
D/S4URC   ( 2315): [NDK] [SYSCALL] [chmod] [PATH][string] [/data/data/com.joyme.qmqsgllb.egame/files/egame_temp_.jar] [MODE][int] [0660]
D/S4URC   ( 2315): [SDK] [java.io.File] [exists] [FilePath][String] [/data/data/com.joyme.qmqsgllb.egame/files]
D/S4URC   ( 2315): [NDK] [SYSCALL] [access] [PATH][string] [/data/data/com.joyme.qmqsgllb.egame/files]
D/S4URC   ( 2315): [SDK] [java.io.File] [getPath] [FilePath][String] [/data/data/com.joyme.qmqsgllb.egame/files]
D/S4URC   ( 2315): [SDK] [java.io.File] [exists] [FilePath][String] [/data/data/com.joyme.qmqsgllb.egame/files]
D/S4URC   ( 2315): [NDK] [SYSCALL] [access] [PATH][string] [/data/data/com.joyme.qmqsgllb.egame/files]
D/S4URC   ( 2315): [SDK] [java.io.File] [getPath] [FilePath][String] [/data/data/com.joyme.qmqsgllb.egame/files]
D/S4URC   ( 2315): [SDK] [java.io.File] [getPath] [FilePath][String] [/data/data/com.joyme.qmqsgllb.egame/files/egame_temp_.jar]
D/S4URC   ( 2315): [NDK] [SYSCALL] [open] [PATH][string] [/data/data/com.joyme.qmqsgllb.egame/files/egame_temp_.jar] [RETURN][int] [111]
D/S4URC   ( 2315): [SDK] [java.io.File] [getPath] [FilePath][String] [/data/data/com.joyme.qmqsgllb.egame/files/egame_temp.jar]
D/S4URC   ( 2315): [NDK] [SYSCALL] [open] [PATH][string] [/data/data/com.joyme.qmqsgllb.egame/files/egame_temp.jar] [RETURN][int] [112]
D/S4URC   ( 2315): [SDK] [java.lang.Class] [forName] [FindClass][String] [com.android.org.bouncycastle.jcajce.provider.symmetric.AES$ECB]
D/S4URC   ( 2315): [NDK] [SYSCALL] [open] [PATH][string] [/proc/2340/stat] [RETURN][int] [113]
D/S4URC   ( 2315): [NDK] [SYSCALL] [open] [PATH][string] [/proc/2339/stat] [RETURN][int] [114]
D/S4URC   ( 2315): [SDK] [java.io.File] [delete] [FilePath][String] [/data/data/com.joyme.qmqsgllb.egame/files/egame_temp_.jar]
D/S4URC   ( 2315): [NDK] [SYSCALL] [lstat] [PATH][string] [/data/data/com.joyme.qmqsgllb.egame/files/egame_temp_.jar]
D/S4URC   ( 2315): [NDK] [SYSCALL] [unlink] [PATH][string] [/data/data/com.joyme.qmqsgllb.egame/files/egame_temp_.jar]
D/S4URC   ( 2315): [SDK] [dalvik.system.DexClassLoader] [Constructor] [DexPath][String] [/data/data/com.joyme.qmqsgllb.egame/files/egame_temp.jar] [NDKPath][String] [/data/data/com.joyme.qmqsgllb.egame/lib]
D/S4URC   ( 2315): [SDK] [java.io.File] [Constructor] [FilePath][String] [/data/data/com.joyme.qmqsgllb.egame/egame]
D/S4URC   ( 2315): [SDK] [dalvik.system.BaseDexClassLoader] [Constructor] [DexPath][String] [/data/data/com.joyme.qmqsgllb.egame/files/egame_temp.jar] [NDKPath][String] [/data/data/com.joyme.qmqsgllb.egame/lib]
D/S4URC   ( 2315): [SDK] [java.io.File] [exists] [FilePath][String] [/data/data/com.joyme.qmqsgllb.egame/egame]
D/S4URC   ( 2315): [NDK] [SYSCALL] [access] [PATH][string] [/data/data/com.joyme.qmqsgllb.egame/egame]
D/S4URC   ( 2315): [SDK] [java.io.File] [canRead] [FilePath][String] [/data/data/com.joyme.qmqsgllb.egame/egame]
D/S4URC   ( 2315): [NDK] [SYSCALL] [access] [PATH][string] [/data/data/com.joyme.qmqsgllb.egame/egame]
D/S4URC   ( 2315): [SDK] [java.io.File] [canWrite] [FilePath][String] [/data/data/com.joyme.qmqsgllb.egame/egame]
D/S4URC   ( 2315): [NDK] [SYSCALL] [access] [PATH][string] [/data/data/com.joyme.qmqsgllb.egame/egame]
D/S4URC   ( 2315): [NDK] [SYSCALL] [stat] [PATH][string] [/data/data/com.joyme.qmqsgllb.egame/files/egame_temp.jar]
D/S4URC   ( 2315): [SDK] [java.io.File] [Constructor] [FilePath][String] [/data/data/com.joyme.qmqsgllb.egame/files/egame_temp.jar]
D/S4URC   ( 2315): [SDK] [java.io.File] [getName] [FilePath][String] [/data/data/com.joyme.qmqsgllb.egame/files/egame_temp.jar]
D/S4URC   ( 2315): [SDK] [java.io.File] [isDirectory] [FilePath][String] [/data/data/com.joyme.qmqsgllb.egame/files/egame_temp.jar]
D/S4URC   ( 2315): [NDK] [SYSCALL] [stat] [PATH][string] [/data/data/com.joyme.qmqsgllb.egame/files/egame_temp.jar]
D/S4URC   ( 2315): [SDK] [java.io.File] [isFile] [FilePath][String] [/data/data/com.joyme.qmqsgllb.egame/files/egame_temp.jar]
D/S4URC   ( 2315): [NDK] [SYSCALL] [stat] [PATH][string] [/data/data/com.joyme.qmqsgllb.egame/files/egame_temp.jar]
D/S4URC   ( 2315): [SDK] [java.io.File] [getName] [FilePath][String] [/data/data/com.joyme.qmqsgllb.egame/files/egame_temp.jar]
D/S4URC   ( 2315): [SDK] [java.io.File] [getPath] [FilePath][String] [/data/data/com.joyme.qmqsgllb.egame/egame]
D/S4URC   ( 2315): [SDK] [java.io.File] [getPath] [FilePath][String] [/data/data/com.joyme.qmqsgllb.egame/egame/egame_temp.dex]
D/S4URC   ( 2315): [SDK] [java.io.File] [getPath] [FilePath][String] [/data/data/com.joyme.qmqsgllb.egame/files/egame_temp.jar]
D/S4URC   ( 2315): [SDK] [java.io.File] [Constructor] [FilePath][String] [/data/data/com.joyme.qmqsgllb.egame/egame/egame_temp.dex]
D/S4URC   ( 2315): [SDK] [java.io.File] [getParent] [FilePath][String] [/data/data/com.joyme.qmqsgllb.egame/egame/egame_temp.dex]
D/S4URC   ( 2315): [NDK] [SYSCALL] [stat] [PATH][string] [/data/data/com.joyme.qmqsgllb.egame/egame]
D/S4URC   ( 2315): [SDK] [dalvik.system.DexFile] [openDexFile] [DexPath][String] [/data/data/com.joyme.qmqsgllb.egame/files/egame_temp.jar]
D/S4URC   ( 2315): [SDK] [java.io.File] [Constructor] [FilePath][String] [/data/data/com.joyme.qmqsgllb.egame/files/egame_temp.jar]
D/S4URC   ( 2315): [SDK] [java.io.File] [Constructor] [FilePath][String] [/data/data/com.joyme.qmqsgllb.egame/egame/egame_temp.dex]
D/S4URC   ( 2315): [NDK] [SYSCALL] [open] [PATH][string] [/data/data/com.joyme.qmqsgllb.egame/files/egame_temp.jar] [RETURN][int] [111]
D/S4URC   ( 2315): [NDK] [SYSCALL] [open] [PATH][string] [/data/data/com.joyme.qmqsgllb.egame/egame/egame_temp.dex] [RETURN][int] [111]
D/S4URC   ( 2315): [NDK] [SYSCALL] [stat] [PATH][string] [/data/data/com.joyme.qmqsgllb.egame/egame/egame_temp.dex]
D/S4URC   ( 2315): [NDK] [SYSCALL] [open] [PATH][string] [/data/data/com.joyme.qmqsgllb.egame/egame/egame_temp.dex] [RETURN][int] [112]
D/S4URC   ( 2315): [NDK] [SYSCALL] [stat] [PATH][string] [/system]
D/S4URC   ( 2315): [NDK] [SYSCALL] [stat] [PATH][string] [/data]
D/S4URC   ( 2453): [NDK] [SYSCALL] [execve] [PATH][string] [/system/bin/dex2oat] [INST][string] [/system/bin/dex2oat --runtime-arg -classpath --runtime-arg /system/framework/SamsungBridge.jar --instruction-set=arm --instruction-set-features=div --runtime-arg -Xnorelocate --boot-image=/system/framework/boot.art --dex-file=/data/data/com.joyme.qmqsgllb.egame/files/egame_temp.jar --oat-fd=111 --oat-location=/data/data/com.joyme.qmqsgllb.egame/egame/egame_temp.dex --runtime-arg -Xms64m --runtime-arg -Xmx512m ]
D/S4URC   ( 2315): [NDK] [SYSCALL] [open] [PATH][string] [/proc/2339/stat] [RETURN][int] [113]
D/S4URC   ( 2315): [NDK] [SYSCALL] [open] [PATH][string] [/proc/2340/stat] [RETURN][int] [112]
D/S4URC   ( 2431): [SDK] [java.lang.Class] [forName] [FindClass][String] [java.net.HttpURLConnection]
D/S4URC   ( 2431): [SDK] [java.lang.Class] [forName] [FindClass][String] [com.android.okhttp.internal.http.HttpURLConnectionImpl]
D/S4URC   ( 2431): [SDK] [java.lang.Class] [forName] [FindClass][String] [java.net.Socket]
D/S4URC   ( 2431): [SDK] [java.lang.Class] [forName] [FindClass][String] [android.telephony.TelephonyManager]
D/S4URC   ( 2431): [SDK] [java.lang.Class] [forName] [FindClass][String] [android.os.Debug]
D/S4URC   ( 2431): [SDK] [java.lang.Class] [forName] [FindClass][String] [android.hardware.SensorManager]
D/S4URC   ( 2431): [SDK] [java.lang.Class] [forName] [FindClass][String] [android.content.res.ResourcesKey]
D/S4URC   ( 2431): [SDK] [java.lang.Class] [forName] [FindClass][String] [android.app.ResourcesManager]
D/S4URC   ( 2431): [SDK] [java.io.File] [Constructor] [FilePath][String] [/mnt/asec/com.joyme.qmqsgllb.egame-1/base.apk]
D/S4URC   ( 2431): [SDK] [java.io.File] [getPath] [FilePath][String] [/data/data/com.joyme.qmqsgllb.egame]
D/S4URC   ( 2431): [SDK] [java.io.File] [exists] [FilePath][String] [/data/data/com.joyme.qmqsgllb.egame/cache]
D/S4URC   ( 2431): [SDK] [java.io.File] [getPath] [FilePath][String] [/data/data/com.joyme.qmqsgllb.egame/cache]
D/S4URC   ( 2431): [SDK] [java.lang.Runtime] [loadLibrary] [SoPath][String] [megjb]
D/S4URC   ( 2431): [SDK] [java.io.File] [getPath] [FilePath][String] [/mnt/asec/com.joyme.qmqsgllb.egame-1/lib/arm]
D/S4URC   ( 2431): [SDK] [java.io.File] [getPath] [FilePath][String] [/mnt/asec/com.joyme.qmqsgllb.egame-1/lib/arm/libmegjb.so]
D/S4URC   ( 2315): [NDK] [SYSCALL] [open] [PATH][string] [/proc/2340/stat] [RETURN][int] [38]
D/S4URC   ( 2315): [NDK] [SYSCALL] [open] [PATH][string] [/proc/2339/stat] [RETURN][int] [40]
D/S4URC   ( 2431): [SDK] [java.io.File] [getPath] [FilePath][String] [/data/data/com.joyme.qmqsgllb.egame]
D/S4URC   ( 2431): [SDK] [java.io.File] [exists] [FilePath][String] [/data/data/com.joyme.qmqsgllb.egame/files]
D/S4URC   ( 2431): [SDK] [java.io.File] [getPath] [FilePath][String] [/data/data/com.joyme.qmqsgllb.egame/files]
D/S4URC   ( 2431): [SDK] [android.app.ApplicationPackageManager] [getApplicationInfo] [FindApplicationName][String] [com.joyme.qmqsgllb.egame]
D/S4URC   ( 2431): [SDK] [java.io.File] [Constructor] [FilePath][String] [/storage/sdcard0]
D/S4URC   ( 2431): [SDK] [java.io.File] [Constructor] [FilePath][String] [/storage/sdcard1]
D/S4URC   ( 2431): [SDK] [java.io.File] [Constructor] [FilePath][String] [/storage/usb2host]
D/S4URC   ( 2431): [SDK] [java.io.File] [Constructor] [FilePath][String] [/storage/usb3device]
D/S4URC   ( 2431): [SDK] [java.io.File] [Constructor] [FilePath][String] [/storage/usb3host]
D/S4URC   ( 2431): [SDK] [android.os.Environment] [getExternalStorageState] [ExternalStorageState][String] [mounted]
D/S4URC   ( 2431): [SDK] [java.io.File] [getPath] [FilePath][String] [/storage/sdcard0]
D/S4URC   ( 2431): [SDK] [android.os.Environment] [getExternalStorageDirectory] [DirectoryPath][String] [/storage/sdcard0]
D/S4URC   ( 2315): [NDK] [SYSCALL] [open] [PATH][string] [/data/data/com.joyme.qmqsgllb.egame/files/config.xml] [RETURN][int] [-1]
D/S4URC   ( 2315): [NDK] [SYSCALL] [open] [PATH][string] [/data/data/com.joyme.qmqsgllb.egame/UserDefault.xml] [RETURN][int] [-1]
D/S4URC   ( 2315): [SDK] [java.io.File] [getPath] [FilePath][String] [/data/data/com.joyme.qmqsgllb.egame]
D/S4URC   ( 2315): [SDK] [java.io.File] [getPath] [FilePath][String] [/data/data/com.joyme.qmqsgllb.egame/shared_prefs]
D/S4URC   ( 2315): [SDK] [java.io.File] [getPath] [FilePath][String] [/data/data/com.joyme.qmqsgllb.egame/shared_prefs/Cocos2dxPrefsFile.xml]
D/S4URC   ( 2315): [SDK] [java.io.File] [Constructor] [FilePath][String] [/data/data/com.joyme.qmqsgllb.egame/shared_prefs/Cocos2dxPrefsFile.xml.bak]
D/S4URC   ( 2315): [SDK] [java.io.File] [exists] [FilePath][String] [/data/data/com.joyme.qmqsgllb.egame/shared_prefs/Cocos2dxPrefsFile.xml]
D/S4URC   ( 2315): [NDK] [SYSCALL] [access] [PATH][string] [/data/data/com.joyme.qmqsgllb.egame/shared_prefs/Cocos2dxPrefsFile.xml]
D/S4URC   ( 2315): [SDK] [android.content.ContextWrapper][getSharedPreferences] [File][Cocos2dxPrefsFile.xml] [MODE][MODE_PRIVATE]
D/S4URC   ( 2315): [SDK] [java.io.File] [exists] [FilePath][String] [/data/data/com.joyme.qmqsgllb.egame/shared_prefs/Cocos2dxPrefsFile.xml.bak]
D/S4URC   ( 2315): [NDK] [SYSCALL] [access] [PATH][string] [/data/data/com.joyme.qmqsgllb.egame/shared_prefs/Cocos2dxPrefsFile.xml.bak]
D/S4URC   ( 2315): [SDK] [java.io.File] [exists] [FilePath][String] [/data/data/com.joyme.qmqsgllb.egame/shared_prefs/Cocos2dxPrefsFile.xml]
D/S4URC   ( 2315): [NDK] [SYSCALL] [access] [PATH][string] [/data/data/com.joyme.qmqsgllb.egame/shared_prefs/Cocos2dxPrefsFile.xml]
D/S4URC   ( 2315): [SDK] [java.io.File] [getPath] [FilePath][String] [/data/data/com.joyme.qmqsgllb.egame/shared_prefs/Cocos2dxPrefsFile.xml]
D/S4URC   ( 2315): [NDK] [SYSCALL] [stat] [PATH][string] [/data/data/com.joyme.qmqsgllb.egame/shared_prefs/Cocos2dxPrefsFile.xml]
D/S4URC   ( 2315): [SDK] [android.content.ContextWrapper][getSharedPreferences] [File][Cocos2dxPrefsFile.xml] [MODE][MODE_PRIVATE] [Method][putInt] [Key][m_firstLogin] [Value][1]
D/S4URC   ( 2315): [SDK] [java.io.File] [exists] [FilePath][String] [/data/data/com.joyme.qmqsgllb.egame/shared_prefs/Cocos2dxPrefsFile.xml]
D/S4URC   ( 2315): [NDK] [SYSCALL] [access] [PATH][string] [/data/data/com.joyme.qmqsgllb.egame/shared_prefs/Cocos2dxPrefsFile.xml]
D/S4URC   ( 2315): [SDK] [java.io.File] [getPath] [FilePath][String] [/data/data/com.joyme.qmqsgllb.egame/shared_prefs/Cocos2dxPrefsFile.xml]
D/S4URC   ( 2315): [NDK] [SYSCALL] [open] [PATH][string] [/data/data/com.joyme.qmqsgllb.egame/shared_prefs/Cocos2dxPrefsFile.xml] [RETURN][int] [-1]
D/S4URC   ( 2315): [SDK] [java.io.File] [getParent] [FilePath][String] [/data/data/com.joyme.qmqsgllb.egame/shared_prefs/Cocos2dxPrefsFile.xml]
D/S4URC   ( 2315): [SDK] [java.io.File] [Constructor] [FilePath][String] [/data/data/com.joyme.qmqsgllb.egame/shared_prefs]
D/S4URC   ( 2315): [SDK] [java.io.File] [mkdir] [FilePath][String] [/data/data/com.joyme.qmqsgllb.egame/shared_prefs]
D/S4URC   ( 2315): [NDK] [SYSCALL] [mkdir] [PATH][string] [/data/data/com.joyme.qmqsgllb.egame/shared_prefs] [MODE][int] [0700]
D/S4URC   ( 2315): [SDK] [java.io.File] [getPath] [FilePath][String] [/data/data/com.joyme.qmqsgllb.egame/shared_prefs]
D/S4URC   ( 2315): [NDK] [SYSCALL] [chmod] [PATH][string] [/data/data/com.joyme.qmqsgllb.egame/shared_prefs] [MODE][int] [0771]
D/S4URC   ( 2315): [SDK] [java.io.File] [getPath] [FilePath][String] [/data/data/com.joyme.qmqsgllb.egame/shared_prefs/Cocos2dxPrefsFile.xml]
D/S4URC   ( 2315): [NDK] [SYSCALL] [open] [PATH][string] [/data/data/com.joyme.qmqsgllb.egame/shared_prefs/Cocos2dxPrefsFile.xml] [RETURN][int] [38]
D/S4URC   ( 2315): [SDK] [java.io.File] [getPath] [FilePath][String] [/data/data/com.joyme.qmqsgllb.egame/shared_prefs/Cocos2dxPrefsFile.xml]
D/S4URC   ( 2315): [NDK] [SYSCALL] [chmod] [PATH][string] [/data/data/com.joyme.qmqsgllb.egame/shared_prefs/Cocos2dxPrefsFile.xml] [MODE][int] [0660]
D/S4URC   ( 2315): [SDK] [java.io.File] [getPath] [FilePath][String] [/data/data/com.joyme.qmqsgllb.egame/shared_prefs/Cocos2dxPrefsFile.xml]
D/S4URC   ( 2315): [NDK] [SYSCALL] [stat] [PATH][string] [/data/data/com.joyme.qmqsgllb.egame/shared_prefs/Cocos2dxPrefsFile.xml]
D/S4URC   ( 2315): [SDK] [java.io.File] [delete] [FilePath][String] [/data/data/com.joyme.qmqsgllb.egame/shared_prefs/Cocos2dxPrefsFile.xml.bak]
D/S4URC   ( 2315): [NDK] [SYSCALL] [lstat] [PATH][string] [/data/data/com.joyme.qmqsgllb.egame/shared_prefs/Cocos2dxPrefsFile.xml.bak]
D/S4URC   ( 2315): [SDK] [android.content.ContextWrapper][getSharedPreferences] [File][Cocos2dxPrefsFile.xml] [MODE][MODE_PRIVATE] [Method][commit]
D/S4URC   ( 2315): [NDK] [SYSCALL] [open] [PATH][string] [/data/data/com.joyme.qmqsgllb.egame/UserDefault.xml] [RETURN][int] [-1]
D/S4URC   ( 2315): [SDK] [android.content.ContextWrapper][getSharedPreferences] [File][Cocos2dxPrefsFile.xml] [MODE][MODE_PRIVATE]
D/S4URC   ( 2315): [SDK] [android.content.ContextWrapper][getSharedPreferences] [File][Cocos2dxPrefsFile.xml] [MODE][MODE_PRIVATE] [Method][putInt] [Key][m_gameTime] [Value][0]
D/S4URC   ( 2315): [SDK] [java.io.File] [exists] [FilePath][String] [/data/data/com.joyme.qmqsgllb.egame/shared_prefs/Cocos2dxPrefsFile.xml]
D/S4URC   ( 2315): [NDK] [SYSCALL] [access] [PATH][string] [/data/data/com.joyme.qmqsgllb.egame/shared_prefs/Cocos2dxPrefsFile.xml]
D/S4URC   ( 2315): [SDK] [java.io.File] [exists] [FilePath][String] [/data/data/com.joyme.qmqsgllb.egame/shared_prefs/Cocos2dxPrefsFile.xml.bak]
D/S4URC   ( 2315): [NDK] [SYSCALL] [access] [PATH][string] [/data/data/com.joyme.qmqsgllb.egame/shared_prefs/Cocos2dxPrefsFile.xml.bak]
D/S4URC   ( 2315): [SDK] [java.io.File] [renameTo] [FilePath][String] [/data/data/com.joyme.qmqsgllb.egame/shared_prefs/Cocos2dxPrefsFile.xml] [DesFile][/data/data/com.joyme.qmqsgllb.egame/shared_prefs/Cocos2dxPrefsFile.xml.bak]
D/S4URC   ( 2315): [NDK] [SYSCALL] [rename] [ORIG_PATH][string] [/data/data/com.joyme.qmqsgllb.egame/shared_prefs/Cocos2dxPrefsFile.xml] [NEW_PATH][string] [/data/data/com.joyme.qmqsgllb.egame/shared_prefs/Cocos2dxPrefsFile.xml.bak]
D/S4URC   ( 2315): [SDK] [java.io.File] [getPath] [FilePath][String] [/data/data/com.joyme.qmqsgllb.egame/shared_prefs/Cocos2dxPrefsFile.xml]
D/S4URC   ( 2315): [NDK] [SYSCALL] [open] [PATH][string] [/data/data/com.joyme.qmqsgllb.egame/shared_prefs/Cocos2dxPrefsFile.xml] [RETURN][int] [38]
D/S4URC   ( 2315): [SDK] [java.io.File] [getPath] [FilePath][String] [/data/data/com.joyme.qmqsgllb.egame/shared_prefs/Cocos2dxPrefsFile.xml]
D/S4URC   ( 2315): [NDK] [SYSCALL] [chmod] [PATH][string] [/data/data/com.joyme.qmqsgllb.egame/shared_prefs/Cocos2dxPrefsFile.xml] [MODE][int] [0660]
D/S4URC   ( 2315): [SDK] [java.io.File] [getPath] [FilePath][String] [/data/data/com.joyme.qmqsgllb.egame/shared_prefs/Cocos2dxPrefsFile.xml]
D/S4URC   ( 2315): [NDK] [SYSCALL] [stat] [PATH][string] [/data/data/com.joyme.qmqsgllb.egame/shared_prefs/Cocos2dxPrefsFile.xml]
D/S4URC   ( 2315): [SDK] [java.io.File] [delete] [FilePath][String] [/data/data/com.joyme.qmqsgllb.egame/shared_prefs/Cocos2dxPrefsFile.xml.bak]
D/S4URC   ( 2315): [NDK] [SYSCALL] [lstat] [PATH][string] [/data/data/com.joyme.qmqsgllb.egame/shared_prefs/Cocos2dxPrefsFile.xml.bak]
D/S4URC   ( 2315): [NDK] [SYSCALL] [unlink] [PATH][string] [/data/data/com.joyme.qmqsgllb.egame/shared_prefs/Cocos2dxPrefsFile.xml.bak]
D/S4URC   ( 2315): [SDK] [android.content.ContextWrapper][getSharedPreferences] [File][Cocos2dxPrefsFile.xml] [MODE][MODE_PRIVATE] [Method][commit]
D/S4URC   ( 2315): [NDK] [SYSCALL] [open] [PATH][string] [/data/data/com.joyme.qmqsgllb.egame/UserDefault.xml] [RETURN][int] [-1]
D/S4URC   ( 2315): [SDK] [android.content.ContextWrapper][getSharedPreferences] [File][Cocos2dxPrefsFile.xml] [MODE][MODE_PRIVATE]
D/S4URC   ( 2315): [SDK] [android.content.ContextWrapper][getSharedPreferences] [File][Cocos2dxPrefsFile.xml] [MODE][MODE_PRIVATE] [Method][putInt] [Key][m_firstPurchase] [Value][1]
D/S4URC   ( 2315): [SDK] [java.io.File] [exists] [FilePath][String] [/data/data/com.joyme.qmqsgllb.egame/shared_prefs/Cocos2dxPrefsFile.xml]
D/S4URC   ( 2315): [NDK] [SYSCALL] [access] [PATH][string] [/data/data/com.joyme.qmqsgllb.egame/shared_prefs/Cocos2dxPrefsFile.xml]
D/S4URC   ( 2315): [SDK] [java.io.File] [exists] [FilePath][String] [/data/data/com.joyme.qmqsgllb.egame/shared_prefs/Cocos2dxPrefsFile.xml.bak]
D/S4URC   ( 2315): [NDK] [SYSCALL] [access] [PATH][string] [/data/data/com.joyme.qmqsgllb.egame/shared_prefs/Cocos2dxPrefsFile.xml.bak]
D/S4URC   ( 2315): [SDK] [java.io.File] [renameTo] [FilePath][String] [/data/data/com.joyme.qmqsgllb.egame/shared_prefs/Cocos2dxPrefsFile.xml] [DesFile][/data/data/com.joyme.qmqsgllb.egame/shared_prefs/Cocos2dxPrefsFile.xml.bak]
D/S4URC   ( 2315): [NDK] [SYSCALL] [rename] [ORIG_PATH][string] [/data/data/com.joyme.qmqsgllb.egame/shared_prefs/Cocos2dxPrefsFile.xml] [NEW_PATH][string] [/data/data/com.joyme.qmqsgllb.egame/shared_prefs/Cocos2dxPrefsFile.xml.bak]
D/S4URC   ( 2315): [SDK] [java.io.File] [getPath] [FilePath][String] [/data/data/com.joyme.qmqsgllb.egame/shared_prefs/Cocos2dxPrefsFile.xml]
D/S4URC   ( 2315): [NDK] [SYSCALL] [open] [PATH][string] [/data/data/com.joyme.qmqsgllb.egame/shared_prefs/Cocos2dxPrefsFile.xml] [RETURN][int] [38]
D/S4URC   ( 2315): [SDK] [java.io.File] [getPath] [FilePath][String] [/data/data/com.joyme.qmqsgllb.egame/shared_prefs/Cocos2dxPrefsFile.xml]
D/S4URC   ( 2315): [NDK] [SYSCALL] [chmod] [PATH][string] [/data/data/com.joyme.qmqsgllb.egame/shared_prefs/Cocos2dxPrefsFile.xml] [MODE][int] [0660]
D/S4URC   ( 2315): [SDK] [java.io.File] [getPath] [FilePath][String] [/data/data/com.joyme.qmqsgllb.egame/shared_prefs/Cocos2dxPrefsFile.xml]
D/S4URC   ( 2315): [NDK] [SYSCALL] [stat] [PATH][string] [/data/data/com.joyme.qmqsgllb.egame/shared_prefs/Cocos2dxPrefsFile.xml]
D/S4URC   ( 2315): [SDK] [java.io.File] [delete] [FilePath][String] [/data/data/com.joyme.qmqsgllb.egame/shared_prefs/Cocos2dxPrefsFile.xml.bak]
D/S4URC   ( 2315): [NDK] [SYSCALL] [lstat] [PATH][string] [/data/data/com.joyme.qmqsgllb.egame/shared_prefs/Cocos2dxPrefsFile.xml.bak]
D/S4URC   ( 2315): [NDK] [SYSCALL] [unlink] [PATH][string] [/data/data/com.joyme.qmqsgllb.egame/shared_prefs/Cocos2dxPrefsFile.xml.bak]
D/S4URC   ( 2315): [SDK] [android.content.ContextWrapper][getSharedPreferences] [File][Cocos2dxPrefsFile.xml] [MODE][MODE_PRIVATE] [Method][commit]
D/S4URC   ( 2315): [NDK] [SYSCALL] [open] [PATH][string] [/data/data/com.joyme.qmqsgllb.egame/UserDefault.xml] [RETURN][int] [-1]
D/S4URC   ( 2315): [SDK] [android.content.ContextWrapper][getSharedPreferences] [File][Cocos2dxPrefsFile.xml] [MODE][MODE_PRIVATE]
D/S4URC   ( 2315): [SDK] [android.content.ContextWrapper][getSharedPreferences] [File][Cocos2dxPrefsFile.xml] [MODE][MODE_PRIVATE] [Method][putInt] [Key][m_totalPurTime] [Value][0]
D/S4URC   ( 2315): [SDK] [java.io.File] [exists] [FilePath][String] [/data/data/com.joyme.qmqsgllb.egame/shared_prefs/Cocos2dxPrefsFile.xml]
D/S4URC   ( 2315): [NDK] [SYSCALL] [access] [PATH][string] [/data/data/com.joyme.qmqsgllb.egame/shared_prefs/Cocos2dxPrefsFile.xml]
D/S4URC   ( 2315): [SDK] [java.io.File] [exists] [FilePath][String] [/data/data/com.joyme.qmqsgllb.egame/shared_prefs/Cocos2dxPrefsFile.xml.bak]
D/S4URC   ( 2315): [NDK] [SYSCALL] [access] [PATH][string] [/data/data/com.joyme.qmqsgllb.egame/shared_prefs/Cocos2dxPrefsFile.xml.bak]
D/S4URC   ( 2315): [SDK] [java.io.File] [renameTo] [FilePath][String] [/data/data/com.joyme.qmqsgllb.egame/shared_prefs/Cocos2dxPrefsFile.xml] [DesFile][/data/data/com.joyme.qmqsgllb.egame/shared_prefs/Cocos2dxPrefsFile.xml.bak]
D/S4URC   ( 2315): [NDK] [SYSCALL] [rename] [ORIG_PATH][string] [/data/data/com.joyme.qmqsgllb.egame/shared_prefs/Cocos2dxPrefsFile.xml] [NEW_PATH][string] [/data/data/com.joyme.qmqsgllb.egame/shared_prefs/Cocos2dxPrefsFile.xml.bak]
D/S4URC   ( 2315): [SDK] [java.io.File] [getPath] [FilePath][String] [/data/data/com.joyme.qmqsgllb.egame/shared_prefs/Cocos2dxPrefsFile.xml]
D/S4URC   ( 2315): [NDK] [SYSCALL] [open] [PATH][string] [/data/data/com.joyme.qmqsgllb.egame/shared_prefs/Cocos2dxPrefsFile.xml] [RETURN][int] [38]
D/S4URC   ( 2315): [SDK] [java.io.File] [getPath] [FilePath][String] [/data/data/com.joyme.qmqsgllb.egame/shared_prefs/Cocos2dxPrefsFile.xml]
D/S4URC   ( 2315): [NDK] [SYSCALL] [chmod] [PATH][string] [/data/data/com.joyme.qmqsgllb.egame/shared_prefs/Cocos2dxPrefsFile.xml] [MODE][int] [0660]
D/S4URC   ( 2315): [SDK] [java.io.File] [getPath] [FilePath][String] [/data/data/com.joyme.qmqsgllb.egame/shared_prefs/Cocos2dxPrefsFile.xml]
D/S4URC   ( 2315): [NDK] [SYSCALL] [stat] [PATH][string] [/data/data/com.joyme.qmqsgllb.egame/shared_prefs/Cocos2dxPrefsFile.xml]
D/S4URC   ( 2315): [SDK] [java.io.File] [delete] [FilePath][String] [/data/data/com.joyme.qmqsgllb.egame/shared_prefs/Cocos2dxPrefsFile.xml.bak]
D/S4URC   ( 2315): [NDK] [SYSCALL] [lstat] [PATH][string] [/data/data/com.joyme.qmqsgllb.egame/shared_prefs/Cocos2dxPrefsFile.xml.bak]
D/S4URC   ( 2315): [NDK] [SYSCALL] [unlink] [PATH][string] [/data/data/com.joyme.qmqsgllb.egame/shared_prefs/Cocos2dxPrefsFile.xml.bak]
D/S4URC   ( 2315): [SDK] [android.content.ContextWrapper][getSharedPreferences] [File][Cocos2dxPrefsFile.xml] [MODE][MODE_PRIVATE] [Method][commit]
D/S4URC   ( 2315): [NDK] [SYSCALL] [open] [PATH][string] [/data/data/com.joyme.qmqsgllb.egame/UserDefault.xml] [RETURN][int] [-1]
D/S4URC   ( 2315): [SDK] [android.content.ContextWrapper][getSharedPreferences] [File][Cocos2dxPrefsFile.xml] [MODE][MODE_PRIVATE]
D/S4URC   ( 2315): [SDK] [android.content.ContextWrapper][getSharedPreferences] [File][Cocos2dxPrefsFile.xml] [MODE][MODE_PRIVATE] [Method][putInt] [Key][m_active] [Value][0]
D/S4URC   ( 2315): [SDK] [java.io.File] [exists] [FilePath][String] [/data/data/com.joyme.qmqsgllb.egame/shared_prefs/Cocos2dxPrefsFile.xml]
D/S4URC   ( 2315): [NDK] [SYSCALL] [access] [PATH][string] [/data/data/com.joyme.qmqsgllb.egame/shared_prefs/Cocos2dxPrefsFile.xml]
D/S4URC   ( 2315): [SDK] [java.io.File] [exists] [FilePath][String] [/data/data/com.joyme.qmqsgllb.egame/shared_prefs/Cocos2dxPrefsFile.xml.bak]
D/S4URC   ( 2315): [NDK] [SYSCALL] [access] [PATH][string] [/data/data/com.joyme.qmqsgllb.egame/shared_prefs/Cocos2dxPrefsFile.xml.bak]
D/S4URC   ( 2315): [SDK] [java.io.File] [renameTo] [FilePath][String] [/data/data/com.joyme.qmqsgllb.egame/shared_prefs/Cocos2dxPrefsFile.xml] [DesFile][/data/data/com.joyme.qmqsgllb.egame/shared_prefs/Cocos2dxPrefsFile.xml.bak]
D/S4URC   ( 2315): [NDK] [SYSCALL] [rename] [ORIG_PATH][string] [/data/data/com.joyme.qmqsgllb.egame/shared_prefs/Cocos2dxPrefsFile.xml] [NEW_PATH][string] [/data/data/com.joyme.qmqsgllb.egame/shared_prefs/Cocos2dxPrefsFile.xml.bak]
D/S4URC   ( 2315): [SDK] [java.io.File] [getPath] [FilePath][String] [/data/data/com.joyme.qmqsgllb.egame/shared_prefs/Cocos2dxPrefsFile.xml]
D/S4URC   ( 2315): [NDK] [SYSCALL] [open] [PATH][string] [/data/data/com.joyme.qmqsgllb.egame/shared_prefs/Cocos2dxPrefsFile.xml] [RETURN][int] [38]
D/S4URC   ( 2315): [SDK] [java.io.File] [getPath] [FilePath][String] [/data/data/com.joyme.qmqsgllb.egame/shared_prefs/Cocos2dxPrefsFile.xml]
D/S4URC   ( 2315): [NDK] [SYSCALL] [chmod] [PATH][string] [/data/data/com.joyme.qmqsgllb.egame/shared_prefs/Cocos2dxPrefsFile.xml] [MODE][int] [0660]
D/S4URC   ( 2315): [SDK] [java.io.File] [getPath] [FilePath][String] [/data/data/com.joyme.qmqsgllb.egame/shared_prefs/Cocos2dxPrefsFile.xml]
D/S4URC   ( 2315): [NDK] [SYSCALL] [stat] [PATH][string] [/data/data/com.joyme.qmqsgllb.egame/shared_prefs/Cocos2dxPrefsFile.xml]
D/S4URC   ( 2315): [SDK] [java.io.File] [delete] [FilePath][String] [/data/data/com.joyme.qmqsgllb.egame/shared_prefs/Cocos2dxPrefsFile.xml.bak]
D/S4URC   ( 2315): [NDK] [SYSCALL] [lstat] [PATH][string] [/data/data/com.joyme.qmqsgllb.egame/shared_prefs/Cocos2dxPrefsFile.xml.bak]
D/S4URC   ( 2315): [NDK] [SYSCALL] [unlink] [PATH][string] [/data/data/com.joyme.qmqsgllb.egame/shared_prefs/Cocos2dxPrefsFile.xml.bak]
D/S4URC   ( 2315): [SDK] [android.content.ContextWrapper][getSharedPreferences] [File][Cocos2dxPrefsFile.xml] [MODE][MODE_PRIVATE] [Method][commit]
D/S4URC   ( 2315): [NDK] [SYSCALL] [open] [PATH][string] [/data/data/com.joyme.qmqsgllb.egame/UserDefault.xml] [RETURN][int] [-1]
D/S4URC   ( 2315): [SDK] [android.content.ContextWrapper][getSharedPreferences] [File][Cocos2dxPrefsFile.xml] [MODE][MODE_PRIVATE]
D/S4URC   ( 2315): [SDK] [android.content.ContextWrapper][getSharedPreferences] [File][Cocos2dxPrefsFile.xml] [MODE][MODE_PRIVATE] [Method][putInt] [Key][m_zengzhi] [Value][1]
D/S4URC   ( 2315): [SDK] [java.io.File] [exists] [FilePath][String] [/data/data/com.joyme.qmqsgllb.egame/shared_prefs/Cocos2dxPrefsFile.xml]
D/S4URC   ( 2315): [NDK] [SYSCALL] [access] [PATH][string] [/data/data/com.joyme.qmqsgllb.egame/shared_prefs/Cocos2dxPrefsFile.xml]
D/S4URC   ( 2315): [SDK] [java.io.File] [exists] [FilePath][String] [/data/data/com.joyme.qmqsgllb.egame/shared_prefs/Cocos2dxPrefsFile.xml.bak]
D/S4URC   ( 2315): [NDK] [SYSCALL] [access] [PATH][string] [/data/data/com.joyme.qmqsgllb.egame/shared_prefs/Cocos2dxPrefsFile.xml.bak]
D/S4URC   ( 2315): [SDK] [java.io.File] [renameTo] [FilePath][String] [/data/data/com.joyme.qmqsgllb.egame/shared_prefs/Cocos2dxPrefsFile.xml] [DesFile][/data/data/com.joyme.qmqsgllb.egame/shared_prefs/Cocos2dxPrefsFile.xml.bak]
D/S4URC   ( 2315): [NDK] [SYSCALL] [rename] [ORIG_PATH][string] [/data/data/com.joyme.qmqsgllb.egame/shared_prefs/Cocos2dxPrefsFile.xml] [NEW_PATH][string] [/data/data/com.joyme.qmqsgllb.egame/shared_prefs/Cocos2dxPrefsFile.xml.bak]
D/S4URC   ( 2315): [SDK] [java.io.File] [getPath] [FilePath][String] [/data/data/com.joyme.qmqsgllb.egame/shared_prefs/Cocos2dxPrefsFile.xml]
D/S4URC   ( 2315): [NDK] [SYSCALL] [open] [PATH][string] [/data/data/com.joyme.qmqsgllb.egame/shared_prefs/Cocos2dxPrefsFile.xml] [RETURN][int] [38]
D/S4URC   ( 2315): [NDK] [SYSCALL] [open] [PATH][string] [/proc/2339/stat] [RETURN][int] [40]
D/S4URC   ( 2315): [NDK] [SYSCALL] [open] [PATH][string] [/proc/2340/stat] [RETURN][int] [41]
D/S4URC   ( 2315): [SDK] [java.io.File] [getPath] [FilePath][String] [/data/data/com.joyme.qmqsgllb.egame/shared_prefs/Cocos2dxPrefsFile.xml]
D/S4URC   ( 2315): [NDK] [SYSCALL] [chmod] [PATH][string] [/data/data/com.joyme.qmqsgllb.egame/shared_prefs/Cocos2dxPrefsFile.xml] [MODE][int] [0660]
D/S4URC   ( 2315): [SDK] [java.io.File] [getPath] [FilePath][String] [/data/data/com.joyme.qmqsgllb.egame/shared_prefs/Cocos2dxPrefsFile.xml]
D/S4URC   ( 2315): [NDK] [SYSCALL] [stat] [PATH][string] [/data/data/com.joyme.qmqsgllb.egame/shared_prefs/Cocos2dxPrefsFile.xml]
D/S4URC   ( 2315): [SDK] [java.io.File] [delete] [FilePath][String] [/data/data/com.joyme.qmqsgllb.egame/shared_prefs/Cocos2dxPrefsFile.xml.bak]
D/S4URC   ( 2315): [NDK] [SYSCALL] [lstat] [PATH][string] [/data/data/com.joyme.qmqsgllb.egame/shared_prefs/Cocos2dxPrefsFile.xml.bak]
D/S4URC   ( 2315): [NDK] [SYSCALL] [unlink] [PATH][string] [/data/data/com.joyme.qmqsgllb.egame/shared_prefs/Cocos2dxPrefsFile.xml.bak]
D/S4URC   ( 2315): [SDK] [android.content.ContextWrapper][getSharedPreferences] [File][Cocos2dxPrefsFile.xml] [MODE][MODE_PRIVATE] [Method][commit]
D/S4URC   ( 2315): [NDK] [SYSCALL] [open] [PATH][string] [/data/data/com.joyme.qmqsgllb.egame/files/config.xml] [RETURN][int] [38]
D/S4URC   ( 2431): [SDK] [java.io.File] [exists] [FilePath][String] [/data/data/com.joyme.qmqsgllb.egame/files]
D/S4URC   ( 2431): [SDK] [java.io.File] [getPath] [FilePath][String] [/data/data/com.joyme.qmqsgllb.egame/files]
D/S4URC   ( 2431): [SDK] [android.app.ApplicationPackageManager] [getApplicationInfo] [FindApplicationName][String] [com.joyme.qmqsgllb.egame]
D/S4URC   ( 2315): [NDK] [SYSCALL] [open] [PATH][string] [/proc/2340/stat] [RETURN][int] [38]
D/S4URC   ( 2315): [NDK] [SYSCALL] [open] [PATH][string] [/proc/2339/stat] [RETURN][int] [38]
D/S4URC   ( 2431): [SDK] [java.io.File] [exists] [FilePath][String] [/data/data/com.joyme.qmqsgllb.egame/files]
D/S4URC   ( 2431): [SDK] [java.io.File] [getPath] [FilePath][String] [/data/data/com.joyme.qmqsgllb.egame/files]
D/S4URC   ( 2431): [SDK] [java.io.File] [exists] [FilePath][String] [/data/data/com.joyme.qmqsgllb.egame/files]
D/S4URC   ( 2431): [SDK] [java.io.File] [getPath] [FilePath][String] [/data/data/com.joyme.qmqsgllb.egame/files]
D/S4URC   ( 2431): [SDK] [java.io.File] [exists] [FilePath][String] [/data/data/com.joyme.qmqsgllb.egame/files]
D/S4URC   ( 2431): [SDK] [java.io.File] [getPath] [FilePath][String] [/data/data/com.joyme.qmqsgllb.egame/files]
D/S4URC   ( 2431): [SDK] [java.io.File] [exists] [FilePath][String] [/data/data/com.joyme.qmqsgllb.egame/files]
D/S4URC   ( 2431): [SDK] [java.io.File] [getPath] [FilePath][String] [/data/data/com.joyme.qmqsgllb.egame/files]
D/S4URC   ( 2315): [NDK] [SYSCALL] [open] [PATH][string] [/proc/2340/stat] [RETURN][int] [38]
D/S4URC   ( 2315): [NDK] [SYSCALL] [open] [PATH][string] [/proc/2339/stat] [RETURN][int] [43]
D/S4URC   ( 2315): [NDK] [SYSCALL] [open] [PATH][string] [/proc/2340/stat] [RETURN][int] [38]
D/S4URC   ( 2315): [NDK] [SYSCALL] [open] [PATH][string] [/proc/2339/stat] [RETURN][int] [35]
D/S4URC   ( 2315): [NDK] [SYSCALL] [open] [PATH][string] [/proc/2340/stat] [RETURN][int] [35]
D/S4URC   ( 2315): [NDK] [SYSCALL] [open] [PATH][string] [/proc/2339/stat] [RETURN][int] [35]
D/S4URC   ( 2315): [NDK] [SYSCALL] [open] [PATH][string] [/proc/2340/stat] [RETURN][int] [35]
D/S4URC   ( 2315): [NDK] [SYSCALL] [open] [PATH][string] [/proc/2339/stat] [RETURN][int] [35]
D/S4URC   ( 2315): [NDK] [SYSCALL] [open] [PATH][string] [/proc/2340/stat] [RETURN][int] [38]
D/S4URC   ( 2431): [SDK] [java.io.File] [exists] [FilePath][String] [/data/data/com.joyme.qmqsgllb.egame/files]
D/S4URC   ( 2431): [SDK] [java.io.File] [getPath] [FilePath][String] [/data/data/com.joyme.qmqsgllb.egame/files]
D/S4URC   ( 2315): [NDK] [SYSCALL] [open] [PATH][string] [/proc/2340/stat] [RETURN][int] [35]
D/S4URC   ( 2315): [NDK] [SYSCALL] [open] [PATH][string] [/proc/2339/stat] [RETURN][int] [35]
D/S4URC   ( 2315): [NDK] [SYSCALL] [open] [PATH][string] [/data/data/com.joyme.qmqsgllb.egame/egame/egame_temp.dex] [RETURN][int] [35]
D/S4URC   ( 2315): [NDK] [SYSCALL] [lstat] [PATH][string] [/data]
D/S4URC   ( 2315): [NDK] [SYSCALL] [lstat] [PATH][string] [/data/data]
D/S4URC   ( 2315): [NDK] [SYSCALL] [lstat] [PATH][string] [/data/data/com.joyme.qmqsgllb.egame]
D/S4URC   ( 2315): [NDK] [SYSCALL] [lstat] [PATH][string] [/data/data/com.joyme.qmqsgllb.egame/files]
D/S4URC   ( 2315): [NDK] [SYSCALL] [lstat] [PATH][string] [/data/data/com.joyme.qmqsgllb.egame/files/egame_temp.jar]
D/S4URC   ( 2315): [NDK] [SYSCALL] [open] [PATH][string] [/data/data/com.joyme.qmqsgllb.egame/files/egame_temp.jar] [RETURN][int] [35]
D/S4URC   ( 2315): [NDK] [SYSCALL] [lstat] [PATH][string] [/data]
D/S4URC   ( 2315): [NDK] [SYSCALL] [lstat] [PATH][string] [/data/data]
D/S4URC   ( 2315): [NDK] [SYSCALL] [lstat] [PATH][string] [/data/data/com.joyme.qmqsgllb.egame]
D/S4URC   ( 2315): [NDK] [SYSCALL] [lstat] [PATH][string] [/data/data/com.joyme.qmqsgllb.egame/files]
D/S4URC   ( 2315): [NDK] [SYSCALL] [lstat] [PATH][string] [/data/data/com.joyme.qmqsgllb.egame/files/egame_temp.jar]
D/S4URC   ( 2315): [NDK] [SYSCALL] [stat] [PATH][string] [/data/data/com.joyme.qmqsgllb.egame/lib]
D/S4URC   ( 2315): [SDK] [java.io.File] [Constructor] [FilePath][String] [/data/data/com.joyme.qmqsgllb.egame/lib]
D/S4URC   ( 2315): [NDK] [SYSCALL] [stat] [PATH][string] [/vendor/lib]
D/S4URC   ( 2315): [SDK] [java.io.File] [Constructor] [FilePath][String] [/vendor/lib]
D/S4URC   ( 2315): [NDK] [SYSCALL] [stat] [PATH][string] [/system/lib]
D/S4URC   ( 2315): [SDK] [java.io.File] [Constructor] [FilePath][String] [/system/lib]
D/S4URC   ( 2315): [SDK] [java.io.File] [delete] [FilePath][String] [/data/data/com.joyme.qmqsgllb.egame/files/egame_temp.jar]
D/S4URC   ( 2315): [NDK] [SYSCALL] [lstat] [PATH][string] [/data/data/com.joyme.qmqsgllb.egame/files/egame_temp.jar]
D/S4URC   ( 2315): [NDK] [SYSCALL] [unlink] [PATH][string] [/data/data/com.joyme.qmqsgllb.egame/files/egame_temp.jar]
D/S4URC   ( 2315): [SDK] [java.io.File] [Constructor] [FilePath][String] [/data/data/com.joyme.qmqsgllb.egame/egame/egame_temp.dex]
D/S4URC   ( 2315): [SDK] [java.io.File] [delete] [FilePath][String] [/data/data/com.joyme.qmqsgllb.egame/egame/egame_temp.dex]
D/S4URC   ( 2315): [NDK] [SYSCALL] [lstat] [PATH][string] [/data/data/com.joyme.qmqsgllb.egame/egame/egame_temp.dex]
D/S4URC   ( 2315): [NDK] [SYSCALL] [unlink] [PATH][string] [/data/data/com.joyme.qmqsgllb.egame/egame/egame_temp.dex]
D/S4URC   ( 2315): [NDK] [SYSCALL] [lstat] [PATH][string] [/data]
D/S4URC   ( 2315): [NDK] [SYSCALL] [lstat] [PATH][string] [/data/data]
D/S4URC   ( 2315): [NDK] [SYSCALL] [lstat] [PATH][string] [/data/data/com.joyme.qmqsgllb.egame]
D/S4URC   ( 2315): [NDK] [SYSCALL] [lstat] [PATH][string] [/data/data/com.joyme.qmqsgllb.egame/files]
D/S4URC   ( 2315): [NDK] [SYSCALL] [lstat] [PATH][string] [/data/data/com.joyme.qmqsgllb.egame/files/egame_temp.jar]
D/S4URC   ( 2315): [NDK] [SYSCALL] [lstat] [PATH][string] [/data]
D/S4URC   ( 2315): [NDK] [SYSCALL] [lstat] [PATH][string] [/data/data]
D/S4URC   ( 2315): [NDK] [SYSCALL] [lstat] [PATH][string] [/data/data/com.joyme.qmqsgllb.egame]
D/S4URC   ( 2315): [NDK] [SYSCALL] [lstat] [PATH][string] [/data/data/com.joyme.qmqsgllb.egame/files]
D/S4URC   ( 2315): [NDK] [SYSCALL] [lstat] [PATH][string] [/data/data/com.joyme.qmqsgllb.egame/files/egame_temp.jar]
D/S4URC   ( 2315): [NDK] [SYSCALL] [lstat] [PATH][string] [/data]
D/S4URC   ( 2315): [NDK] [SYSCALL] [lstat] [PATH][string] [/data/data]
D/S4URC   ( 2315): [NDK] [SYSCALL] [lstat] [PATH][string] [/data/data/com.joyme.qmqsgllb.egame]
D/S4URC   ( 2315): [NDK] [SYSCALL] [lstat] [PATH][string] [/data/data/com.joyme.qmqsgllb.egame/files]
D/S4URC   ( 2315): [NDK] [SYSCALL] [lstat] [PATH][string] [/data/data/com.joyme.qmqsgllb.egame/files/egame_temp.jar]
D/S4URC   ( 2315): [NDK] [SYSCALL] [lstat] [PATH][string] [/data]
D/S4URC   ( 2315): [NDK] [SYSCALL] [lstat] [PATH][string] [/data/data]
D/S4URC   ( 2315): [NDK] [SYSCALL] [lstat] [PATH][string] [/data/data/com.joyme.qmqsgllb.egame]
D/S4URC   ( 2315): [NDK] [SYSCALL] [lstat] [PATH][string] [/data/data/com.joyme.qmqsgllb.egame/files]
D/S4URC   ( 2315): [NDK] [SYSCALL] [lstat] [PATH][string] [/data/data/com.joyme.qmqsgllb.egame/files/egame_temp.jar]
D/S4URC   ( 2315): [NDK] [SYSCALL] [lstat] [PATH][string] [/data]
D/S4URC   ( 2315): [NDK] [SYSCALL] [lstat] [PATH][string] [/data/data]
D/S4URC   ( 2315): [NDK] [SYSCALL] [lstat] [PATH][string] [/data/data/com.joyme.qmqsgllb.egame]
D/S4URC   ( 2315): [NDK] [SYSCALL] [lstat] [PATH][string] [/data/data/com.joyme.qmqsgllb.egame/files]
D/S4URC   ( 2315): [NDK] [SYSCALL] [lstat] [PATH][string] [/data/data/com.joyme.qmqsgllb.egame/files/egame_temp.jar]
D/S4URC   ( 2315): [NDK] [SYSCALL] [lstat] [PATH][string] [/data]
D/S4URC   ( 2315): [NDK] [SYSCALL] [lstat] [PATH][string] [/data/data]
D/S4URC   ( 2315): [NDK] [SYSCALL] [lstat] [PATH][string] [/data/data/com.joyme.qmqsgllb.egame]
D/S4URC   ( 2315): [NDK] [SYSCALL] [lstat] [PATH][string] [/data/data/com.joyme.qmqsgllb.egame/files]
D/S4URC   ( 2315): [NDK] [SYSCALL] [lstat] [PATH][string] [/data/data/com.joyme.qmqsgllb.egame/files/egame_temp.jar]
D/S4URC   ( 2315): [SDK] [java.io.File] [exists] [FilePath][String] [/data/data/com.joyme.qmqsgllb.egame/files]
D/S4URC   ( 2315): [NDK] [SYSCALL] [access] [PATH][string] [/data/data/com.joyme.qmqsgllb.egame/files]
D/S4URC   ( 2315): [SDK] [java.io.File] [getParent] [FilePath][String] [/data/data/com.joyme.qmqsgllb.egame/files]
D/S4URC   ( 2315): [SDK] [java.io.File] [Constructor] [FilePath][String] [/data/data/com.joyme.qmqsgllb.egame/egame]
D/S4URC   ( 2315): [SDK] [java.io.File] [isDirectory] [FilePath][String] [/data/data/com.joyme.qmqsgllb.egame/egame]
D/S4URC   ( 2315): [NDK] [SYSCALL] [stat] [PATH][string] [/data/data/com.joyme.qmqsgllb.egame/egame]
D/S4URC   ( 2315): [SDK] [java.io.File] [exists] [FilePath][String] [/data/data/com.joyme.qmqsgllb.egame/egame]
D/S4URC   ( 2315): [NDK] [SYSCALL] [access] [PATH][string] [/data/data/com.joyme.qmqsgllb.egame/egame]
D/S4URC   ( 2315): [SDK] [java.io.File] [list] [FilePath][String] [/data/data/com.joyme.qmqsgllb.egame/egame]
D/S4URC   ( 2315): [NDK] [SYSCALL] [open] [PATH][string] [/data/data/com.joyme.qmqsgllb.egame/egame] [RETURN][int] [35]
D/S4URC   ( 2315): [NDK] [SYSCALL] [getdents] [PATH][string] [..]
D/S4URC   ( 2315): [SDK] [java.io.File] [getPath] [FilePath][String] [/data/data/com.joyme.qmqsgllb.egame/egame]
D/S4URC   ( 2315): [SDK] [java.io.File] [getName] [FilePath][String] [/data/data/com.joyme.qmqsgllb.egame/egame/EGAME_124]
D/S4URC   ( 2315): [SDK] [java.io.File] [exists] [FilePath][String] [/data/data/com.joyme.qmqsgllb.egame/files]
D/S4URC   ( 2315): [NDK] [SYSCALL] [access] [PATH][string] [/data/data/com.joyme.qmqsgllb.egame/files]
D/S4URC   ( 2315): [SDK] [java.io.File] [getParent] [FilePath][String] [/data/data/com.joyme.qmqsgllb.egame/files]
D/S4URC   ( 2315): [SDK] [java.io.File] [Constructor] [FilePath][String] [/data/data/com.joyme.qmqsgllb.egame/egame]
D/S4URC   ( 2315): [SDK] [java.io.File] [isDirectory] [FilePath][String] [/data/data/com.joyme.qmqsgllb.egame/egame]
D/S4URC   ( 2315): [NDK] [SYSCALL] [stat] [PATH][string] [/data/data/com.joyme.qmqsgllb.egame/egame]
D/S4URC   ( 2315): [SDK] [java.io.File] [exists] [FilePath][String] [/data/data/com.joyme.qmqsgllb.egame/egame]
