D/S4URC   ( 2189): [SDK] [java.lang.Class] [forName] [FindClass][String] [java.net.HttpURLConnection]
D/S4URC   ( 2189): [SDK] [java.lang.Class] [forName] [FindClass][String] [com.android.okhttp.internal.http.HttpURLConnectionImpl]
D/S4URC   ( 2189): [SDK] [java.lang.Class] [forName] [FindClass][String] [java.net.Socket]
D/S4URC   ( 2189): [SDK] [java.lang.Class] [forName] [FindClass][String] [android.telephony.TelephonyManager]
D/S4URC   ( 2189): [SDK] [java.lang.Class] [forName] [FindClass][String] [android.os.Debug]
D/S4URC   ( 2189): [SDK] [java.lang.Class] [forName] [FindClass][String] [android.hardware.SensorManager]
D/S4URC   ( 2189): [SDK] [java.lang.Class] [forName] [FindClass][String] [android.content.res.ResourcesKey]
D/S4URC   ( 2189): [SDK] [java.lang.Class] [forName] [FindClass][String] [android.app.ResourcesManager]
D/S4URC   ( 2189): [SDK] [java.io.File] [Constructor] [FilePath][String] [/data/app/com.android.tebsqf-1/base.apk]
D/S4URC   ( 2189): [SDK] [java.io.File] [getPath] [FilePath][String] [/data/data/com.android.tebsqf]
D/S4URC   ( 2189): [SDK] [java.io.File] [exists] [FilePath][String] [/data/data/com.android.tebsqf/cache]
D/S4URC   ( 2189): [SDK] [java.io.File] [mkdirs] [FilePath][String] [/data/data/com.android.tebsqf/cache]
D/S4URC   ( 2189): [SDK] [java.io.File] [getPath] [FilePath][String] [/data/data/com.android.tebsqf/cache]
D/S4URC   ( 2189): [SDK] [android.app.ApplicationPackageManager] [getApplicationInfo] [FindApplicationName][String] [com.android.tebsqf]
D/S4URC   ( 2189): [SDK] [android.app.ApplicationPackageManager] [getPackageInfo] [FindPackageName][String] [com.android.tebsqf]
D/S4URC   ( 2189): [SDK] [java.io.File] [Constructor] [FilePath][String] [/data/data/com.android.tebsqf/tx_shell/]
D/S4URC   ( 2189): [SDK] [java.io.File] [exists] [FilePath][String] [/data/data/com.android.tebsqf/tx_shell]
D/S4URC   ( 2189): [SDK] [java.io.File] [mkdir] [FilePath][String] [/data/data/com.android.tebsqf/tx_shell]
D/S4URC   ( 2189): [SDK] [java.io.File] [Constructor] [FilePath][String] [/proc/2189/cmdline]
D/S4URC   ( 2189): [SDK] [java.io.File] [getPath] [FilePath][String] [/proc/2189/cmdline]
D/S4URC   ( 2189): [SDK] [android.app.ApplicationPackageManager] [getPackageInfo] [FindPackageName][String] [com.android.tebsqf]
D/S4URC   ( 2189): [SDK] [android.app.ApplicationPackageManager] [getApplicationInfo] [FindApplicationName][String] [com.android.tebsqf]
D/S4URC   ( 2189): [SDK] [java.lang.Class] [forName] [FindClass][String] [com.android.org.conscrypt.OpenSSLRandom]
D/S4URC   ( 2189): [SDK] [java.lang.Class] [forName] [FindClass][String] [com.tencent.bugly.crashreport.CrashReport]
D/S4URC   ( 2189): [SDK] [java.lang.Class] [forName] [FindClass][String] [com.tencent.bugly.msdk.crashreport.CrashReport]
D/S4URC   ( 2189): [SDK] [java.lang.Class] [forName] [FindClass][String] [com.tencent.bugly.imsdk.crashreport.CrashReport]
D/S4URC   ( 2189): [SDK] [java.lang.Class] [forName] [FindClass][String] [com.tencent.bugly.tbscore.crashreport.CrashReport]
D/S4URC   ( 2189): [SDK] [java.lang.Class] [forName] [FindClass][String] [com.tencent.bugly.lejiagu.crashreport.CrashReport]
D/S4URC   ( 2189): [SDK] [java.lang.Class] [forName] [FindClass][String] [com.tencent.bugly.opengame.crashreport.CrashReport]
D/S4URC   ( 2189): [SDK] [java.io.File] [getPath] [FilePath][String] [/data/data/com.android.tebsqf]
D/S4URC   ( 2189): [SDK] [java.io.File] [exists] [FilePath][String] [/data/data/com.android.tebsqf/files]
D/S4URC   ( 2189): [SDK] [java.io.File] [mkdirs] [FilePath][String] [/data/data/com.android.tebsqf/files]
D/S4URC   ( 2189): [SDK] [java.io.File] [getPath] [FilePath][String] [/data/data/com.android.tebsqf/files]
D/S4URC   ( 2189): [SDK] [java.io.File] [getPath] [FilePath][String] [/data/data/com.android.tebsqf]
D/S4URC   ( 2189): [SDK] [java.io.File] [getPath] [FilePath][String] [/data/data/com.android.tebsqf/shared_prefs]
D/S4URC   ( 2189): [SDK] [java.io.File] [getPath] [FilePath][String] [/data/data/com.android.tebsqf/shared_prefs/bugly_data.xml]
D/S4URC   ( 2189): [SDK] [java.io.File] [Constructor] [FilePath][String] [/data/data/com.android.tebsqf/shared_prefs/bugly_data.xml.bak]
D/S4URC   ( 2189): [SDK] [java.io.File] [exists] [FilePath][String] [/data/data/com.android.tebsqf/shared_prefs/bugly_data.xml]
D/S4URC   ( 2189): [SDK] [android.content.ContextWrapper][getSharedPreferences] [File][bugly_data.xml] [MODE][MODE_PRIVATE]
D/S4URC   ( 2189): [SDK] [java.io.File] [exists] [FilePath][String] [/data/data/com.android.tebsqf/shared_prefs/bugly_data.xml.bak]
D/S4URC   ( 2189): [SDK] [java.io.File] [exists] [FilePath][String] [/data/data/com.android.tebsqf/shared_prefs/bugly_data.xml]
D/S4URC   ( 2189): [SDK] [java.io.File] [getPath] [FilePath][String] [/data/data/com.android.tebsqf/shared_prefs/bugly_data.xml]
D/S4URC   ( 2189): [SDK] [java.io.File] [getPath] [FilePath][String] [/data/data/com.android.tebsqf]
D/S4URC   ( 2189): [SDK] [java.io.File] [getPath] [FilePath][String] [/data/data/com.android.tebsqf/databases]
D/S4URC   ( 2189): [SDK] [java.io.File] [isDirectory] [FilePath][String] [/data/data/com.android.tebsqf/databases]
D/S4URC   ( 2189): [SDK] [java.io.File] [mkdir] [FilePath][String] [/data/data/com.android.tebsqf/databases]
D/S4URC   ( 2189): [SDK] [java.io.File] [getPath] [FilePath][String] [/data/data/com.android.tebsqf/databases]
D/S4URC   ( 2189): [SDK] [java.io.File] [getPath] [FilePath][String] [/data/data/com.android.tebsqf/databases/bugly_db_lejiagu]
D/S4URC   ( 2189): [SDK] [java.io.File] [getPath] [FilePath][String] [/data/data/com.android.tebsqf]
D/S4URC   ( 2189): [SDK] [java.io.File] [exists] [FilePath][String] [/data/data/com.android.tebsqf/app_bugly]
D/S4URC   ( 2189): [SDK] [java.io.File] [mkdir] [FilePath][String] [/data/data/com.android.tebsqf/app_bugly]
D/S4URC   ( 2189): [SDK] [java.io.File] [getPath] [FilePath][String] [/data/data/com.android.tebsqf/app_bugly]
D/S4URC   ( 2189): [SDK] [java.io.File] [getPath] [FilePath][String] [/data/data/com.android.tebsqf]
D/S4URC   ( 2189): [SDK] [java.io.File] [exists] [FilePath][String] [/data/data/com.android.tebsqf/app_bugly]
D/S4URC   ( 2189): [SDK] [java.lang.Runtime] [loadLibrary] [SoPath][String] [Bugly]
D/S4URC   ( 2189): [SDK] [java.io.File] [getPath] [FilePath][String] [/data/app/com.android.tebsqf-1/lib/arm]
D/S4URC   ( 2189): [SDK] [java.io.File] [getPath] [FilePath][String] [/data/app/com.android.tebsqf-1/lib/arm/libBugly.so]
D/S4URC   ( 2189): [SDK] [java.io.File] [exists] [FilePath][String] [/data/data/com.android.tebsqf/app_bugly/rqd_record.eup]
D/S4URC   ( 2189): [SDK] [java.io.File] [Constructor] [FilePath][String] [/data/data/com.android.tebsqf/app_bugly]
D/S4URC   ( 2189): [SDK] [java.io.File] [exists] [FilePath][String] [/data/data/com.android.tebsqf/app_bugly]
D/S4URC   ( 2189): [SDK] [java.io.File] [isDirectory] [FilePath][String] [/data/data/com.android.tebsqf/app_bugly]
D/S4URC   ( 2189): [SDK] [java.io.File] [listFiles] [FilePath][String] [/data/data/com.android.tebsqf/app_bugly]
D/S4URC   ( 2189): [SDK] [java.io.File] [list] [FilePath][String] [/data/data/com.android.tebsqf/app_bugly]
D/S4URC   ( 2189): [SDK] [java.io.File] [Constructor] [FilePath][String] [/data/data/com.android.tebsqf/app_bugly]
D/S4URC   ( 2189): [SDK] [java.io.File] [exists] [FilePath][String] [/data/data/com.android.tebsqf/app_bugly]
D/S4URC   ( 2189): [SDK] [java.io.File] [isDirectory] [FilePath][String] [/data/data/com.android.tebsqf/app_bugly]
D/S4URC   ( 2189): [SDK] [java.io.File] [listFiles] [FilePath][String] [/data/data/com.android.tebsqf/app_bugly]
D/S4URC   ( 2189): [SDK] [java.io.File] [list] [FilePath][String] [/data/data/com.android.tebsqf/app_bugly]
D/S4URC   ( 2189): [SDK] [android.content.ContextWrapper] [registerReceiver][IntentFilter][android.net.conn.CONNECTIVITY_CHANGE,
D/S4URC   ( 2189): [SDK] [java.lang.Class] [forName] [FindClass][String] [com.tencent.bugly.unity.UnityAgent]
D/S4URC   ( 2189): [SDK] [java.lang.Class] [forName] [FindClass][String] [com.tencent.bugly.cococs.Cocos2dxAgent]
D/S4URC   ( 2189): [SDK] [java.io.File] [getPath] [FilePath][String] [/data/data/com.android.tebsqf/databases/bugly_db_lejiagu]
D/S4URC   ( 2189): [SDK] [java.io.File] [Constructor] [FilePath][String] [/data/app/com.android.tebsqf-1/lib/arm/libshella-2.1.8.so]
D/S4URC   ( 2189): [SDK] [java.io.File] [Constructor] [FilePath][String] [/data/data/com.android.tebsqf/tx_shell/lib.so]
D/S4URC   ( 2189): [SDK] [java.io.File] [exists] [FilePath][String] [/data/app/com.android.tebsqf-1/lib/arm/libshella-2.1.8.so]
D/S4URC   ( 2189): [SDK] [java.lang.Runtime] [loadLibrary] [SoPath][String] [shella-2.1.8]
D/S4URC   ( 2189): [SDK] [java.io.File] [getPath] [FilePath][String] [/data/app/com.android.tebsqf-1/lib/arm]
D/S4URC   ( 2189): [SDK] [java.io.File] [getPath] [FilePath][String] [/data/app/com.android.tebsqf-1/lib/arm/libshella-2.1.8.so]
D/S4URC   ( 2189): [SDK] [android.database.sqlite.SQLiteDatabase] [execSQL] [ExecInfo][String] [ CREATE TABLE t_cr ( _id INTEGER PRIMARY KEY , _tm int , _s1 text , _up int , _me int , _uc int , _dt blob ) ]
D/S4URC   ( 2189): [SDK] [android.database.sqlite.SQLiteDatabase] [execSQL] [ExecInfo][String] [ CREATE TABLE t_ui ( _id INTEGER PRIMARY KEY , _tm int , _ut int , _tp int , _dt blob , _pc text ) ]
D/S4URC   ( 2189): [SDK] [java.io.File] [Constructor] [FilePath][String] [/system/lib/libdvm.so]
D/S4URC   ( 2189): [SDK] [java.io.File] [exists] [FilePath][String] [/system/lib/libdvm.so]
D/S4URC   ( 2189): [SDK] [android.database.sqlite.SQLiteDatabase] [execSQL] [ExecInfo][String] [ CREATE TABLE t_lr ( _id INTEGER PRIMARY KEY , _tp int , _tm int , _pc text , _th text , _dt blob ) ]
D/S4URC   ( 2189): [SDK] [java.io.File] [Constructor] [FilePath][String] [/system/lib/libart.so]
D/S4URC   ( 2189): [SDK] [java.io.File] [exists] [FilePath][String] [/system/lib/libart.so]
D/S4URC   ( 2189): [SDK] [java.io.File] [Constructor] [FilePath][String] [/system/lib/libart.so]
D/S4URC   ( 2189): [SDK] [java.io.File] [getPath] [FilePath][String] [/system/lib/libart.so]
D/S4URC   ( 2189): [SDK] [java.lang.Class] [forName] [FindClass][String] [com.android.org.conscrypt.OpenSSLMessageDigestJDK$MD5]
D/S4URC   ( 2189): [SDK] [android.database.sqlite.SQLiteDatabase] [execSQL] [ExecInfo][String] [ CREATE TABLE t_aclf ( _id integer PRIMARY KEY AUTOINCREMENT NOT NULL, _pn text(256) NOT NULL, _pid text(32) NOT NULL, _sspc integer, _sid text(64), _prsid text(64), _tr text(64) DEFAULT '-1', _tp text(64) DEFAULT '-1', _du text(64) DEFAULT '-1', _st INTEGER DEFAULT 0, _stda text(128), _or integer, _inst integer, _vf text )]
D/S4URC   ( 2189): [SDK] [android.database.sqlite.SQLiteDatabase] [execSQL] [ExecInfo][String] [ CREATE TABLE t_ss ( _id text PRIMARY KEY NOT NULL, _dt blob)]
D/S4URC   ( 2189): [SDK] [android.database.sqlite.SQLiteDatabase] [execSQL] [ExecInfo][String] [PRAGMA user_version = 4]
D/S4URC   ( 2189): [SDK] [java.io.File] [Constructor] [FilePath][String] [/data/data/com.android.tebsqf/mix.dex]
D/S4URC   ( 2189): [SDK] [java.io.File] [exists] [FilePath][String] [/data/data/com.android.tebsqf/mix.dex]
D/S4URC   ( 2189): [SDK] [java.io.File] [getPath] [FilePath][String] [/data/data/com.android.tebsqf/mix.dex]
D/S4URC   ( 2189): [SDK] [java.io.File] [Constructor] [FilePath][String] [/data/app/com.android.tebsqf-1/base.apk]
D/S4URC   ( 2189): [SDK] [java.io.File] [getPath] [FilePath][String] [/data/app/com.android.tebsqf-1/base.apk]
D/S4URC   ( 2189): [SDK] [java.io.File] [Constructor] [FilePath][String] [/data/app/com.android.tebsqf-1/base.apk]
D/S4URC   ( 2189): [SDK] [java.io.File] [getPath] [FilePath][String] [/data/app/com.android.tebsqf-1/base.apk]
D/S4URC   ( 2189): [SDK] [java.io.File] [Constructor] [FilePath][String] [/data/data/com.android.tebsqf/mix.so]
D/S4URC   ( 2189): [SDK] [java.io.File] [getParent] [FilePath][String] [/data/data/com.android.tebsqf/mix.so]
D/S4URC   ( 2189): [SDK] [dalvik.system.DexFile] [openDexFile] [DexPath][String] [/data/data/com.android.tebsqf/mix.dex]
D/S4URC   ( 2189): [SDK] [java.io.File] [Constructor] [FilePath][String] [/data/data/com.android.tebsqf/mix.dex]
D/S4URC   ( 2189): [SDK] [java.io.File] [Constructor] [FilePath][String] [/data/data/com.android.tebsqf/mix.so]
D/S4URC   ( 2189): [SDK] [java.io.File] [Constructor] [FilePath][String] [/system/lib64/libdvm.so]
D/S4URC   ( 2189): [SDK] [java.io.File] [exists] [FilePath][String] [/system/lib64/libdvm.so]
D/S4URC   ( 2189): [SDK] [java.io.File] [Constructor] [FilePath][String] [/system/lib64/libart.so]
D/S4URC   ( 2189): [SDK] [java.io.File] [exists] [FilePath][String] [/system/lib64/libart.so]
D/S4URC   ( 2189): [SDK] [java.io.File] [Constructor] [FilePath][String] [/data/app/com.android.tebsqf-1/base.apk]
D/S4URC   ( 2189): [SDK] [java.io.File] [exists] [FilePath][String] [/data/app/com.android.tebsqf-1/base.apk]
D/S4URC   ( 2189): [SDK] [java.io.File] [Constructor] [FilePath][String] [/data/app/com.android.tebsqf-1/base.apk]
D/S4URC   ( 2189): [SDK] [java.io.File] [getPath] [FilePath][String] [/data/app/com.android.tebsqf-1/base.apk]
D/S4URC   ( 2189): [SDK] [android.telephony.TelephonyManager] [getSubscriberId]
D/S4URC   ( 2189): [SDK] [android.content.ContextWrapper][getSharedPreferences] [File][bugly_data.xml] [MODE][MODE_PRIVATE] [Method][getString] [String][qim] [Return][]
D/S4URC   ( 2189): [SDK] [android.content.ContextWrapper][getSharedPreferences] [File][bugly_data.xml] [MODE][MODE_PRIVATE] [Method][getString] [String][ip] [Return][]
D/S4URC   ( 2189): [SDK] [java.lang.Runtime] [exec] [Command][String] [/system/bin/sh-cgetprop ro.board.platform]
D/S4URC   ( 2189): [SDK] [java.lang.Class] [forName] [FindClass][String] [com.android.okhttp.HttpHandler]
D/S4URC   ( 2189): [SDK] [java.lang.Class] [forName] [FindClass][String] [com.android.org.conscrypt.OpenSSLContextImpl]
D/S4URC   ( 2189): [SDK] [java.lang.Class] [forName] [FindClass][String] [com.android.org.conscrypt.KeyManagerFactoryImpl]
D/S4URC   ( 2189): [SDK] [java.lang.Class] [forName] [FindClass][String] [com.android.org.bouncycastle.jcajce.provider.keystore.bc.BcKeyStoreSpi$Std]
D/S4URC   ( 2189): [SDK] [java.lang.Class] [forName] [FindClass][String] [com.android.org.conscrypt.TrustManagerFactoryImpl]
D/S4URC   ( 2189): [SDK] [java.lang.Class] [forName] [FindClass][String] [com.android.org.conscrypt.TrustedCertificateKeyStoreSpi]
D/S4URC   ( 2189): [SDK] [java.lang.Class] [forName] [FindClass][String] [com.android.org.bouncycastle.jce.provider.PKIXCertPathValidatorSpi]
D/S4URC   ( 2189): [SDK] [java.io.File] [Constructor] [FilePath][String] [/data/misc/keychain/pins]
D/S4URC   ( 2189): [SDK] [java.net] [HttpURLConnection] [URL][String] [http://rqd.uu.qq.com/rqd/sync]
D/S4URC   ( 2189): [SDK] [java.io.File] [Constructor] [FilePath][String] [/proc/meminfo]
D/S4URC   ( 2189): [SDK] [java.io.File] [getPath] [FilePath][String] [/proc/meminfo]
D/S4URC   ( 2189): [SDK] [java.io.File] [Constructor] [FilePath][String] [/storage/sdcard0]
D/S4URC   ( 2189): [SDK] [java.io.File] [Constructor] [FilePath][String] [/storage/sdcard1]
D/S4URC   ( 2189): [SDK] [java.io.File] [Constructor] [FilePath][String] [/storage/usb2host]
D/S4URC   ( 2189): [SDK] [java.io.File] [Constructor] [FilePath][String] [/storage/usb3device]
D/S4URC   ( 2189): [SDK] [java.io.File] [Constructor] [FilePath][String] [/storage/usb3host]
D/S4URC   ( 2189): [SDK] [android.os.Environment] [getExternalStorageState] [ExternalStorageState][String] [mounted]
D/S4URC   ( 2189): [SDK] [java.io.File] [getPath] [FilePath][String] [/storage/sdcard0]
D/S4URC   ( 2189): [SDK] [android.os.Environment] [getExternalStorageDirectory] [DirectoryPath][String] [/storage/sdcard0]
D/S4URC   ( 2189): [SDK] [java.io.File] [getPath] [FilePath][String] [/storage/sdcard0]
D/S4URC   ( 2189): [SDK] [java.io.File] [Constructor] [FilePath][String] [/system/app/Superuser.apk]
D/S4URC   ( 2189): [SDK] [java.io.File] [exists] [FilePath][String] [/system/app/Superuser.apk]
D/S4URC   ( 2189): [SDK] [java.lang.Runtime] [exec] [Command][String] [/system/bin/sh-ctype su]
D/S4URC   ( 2189): [SDK] [android.content.ContextWrapper][getSharedPreferences] [File][bugly_data.xml] [MODE][MODE_PRIVATE] [Method][getString] [String][qim] [Return][]
D/S4URC   ( 2189): [SDK] [java.lang.Class] [forName] [FindClass][String] [com.android.org.bouncycastle.jcajce.provider.symmetric.DES$ECB]
D/S4URC   ( 2189): [SDK] [java.lang.Class] [forName] [FindClass][String] [com.android.org.bouncycastle.jcajce.provider.symmetric.DES$KeyFactory]
D/S4URC   ( 2189): [SDK] [javax.crypto.spec.SecretKeySpec][Constructor] [KEY][*^@K#K@!][type][DES][javax.crypto.spec.IvParameterSpec][Constructor] [IV][*^@K#K@!] [javax.crypto.Cipher][doFinal] [Data][H4sIAAAAAAAAAG2NvU7DMBRG7RYlImVADHfuQicUXV//pWMWxI6QWFPsIFTHaZOmgNQX4VF4MlaMmJDYzvmG8zEOV099VzbRDf2LKw9+M+7b1XWcQjgpTaiRlKlIV2ROa+eUlUaQ3rTKoVozXswZ4/5Dfn1e8lU+xW3sX6P5J3nLHi9atuOLO3aezWoL+dh04xSfk2jImqE72pDYQO7f3mM/6mxeCwlnh2HyP2ihEGiFkSQrlQZSAPXvxVKXohQ3wR99WBKlCkFBqITBChGTiz+eahpmD/ffcp62h/0AAAA=] [Return][SIhLOr+HRvKhqlHQj9wVsTkec/hTP1zbgS4fTiEXnKPOY5sWfefL/3n7jzFLiMxPkMiNflJwMSyHp6RnFZYwgIsbd8Uu4Q8anKFUR2EiSDI2ffWo2SDR6nETShSa1u4nBRbYzL00skm1U4wFR0KTZUFF/liu45xLVS7/NvsBF5qWkea2D3fFZVqu2hhNwo9fGOWkNqx2bDeul51Ea/pmNbaqlhYp/8OYrzGMsvTQYs07o/1i2X0q4ACXxx3HOtswv8u1ZA/fhFOn6jGirPkAX2AGH1SVwq6dICnrPlLPcfdEL4ce8cQCmw==]
D/S4URC   ( 2189): [SDK] [java.net] [HttpURLConnection] [URL][String] [http://rqd.uu.qq.com/rqd/sync]
D/S4URC   ( 2189): [SDK] [android.app.Activity][onCrate] [Class][ComponentInfo{com.android.tebsqf/com.android.tentna.activity.MainActivity}]
D/S4URC   ( 2189): [SDK] [android.app.ApplicationPackageManager] [getApplicationInfo] [FindApplicationName][String] [com.android.tebsqf]
D/S4URC   ( 2189): [SDK] [android.telephony.TelephonyManager] [getSubscriberId]
D/S4URC   ( 2189): [SDK] [java.io.File] [getPath] [FilePath][String] [/data/data/com.android.tebsqf]
D/S4URC   ( 2189): [SDK] [java.io.File] [getPath] [FilePath][String] [/data/data/com.android.tebsqf/shared_prefs]
D/S4URC   ( 2189): [SDK] [java.io.File] [getPath] [FilePath][String] [/data/data/com.android.tebsqf/shared_prefs/verifity.xml]
D/S4URC   ( 2189): [SDK] [java.io.File] [Constructor] [FilePath][String] [/data/data/com.android.tebsqf/shared_prefs/verifity.xml.bak]
D/S4URC   ( 2189): [SDK] [java.io.File] [exists] [FilePath][String] [/data/data/com.android.tebsqf/shared_prefs/verifity.xml]
D/S4URC   ( 2189): [SDK] [android.content.ContextWrapper][getSharedPreferences] [File][verifity.xml] [MODE][MODE_PRIVATE]
D/S4URC   ( 2189): [SDK] [java.io.File] [exists] [FilePath][String] [/data/data/com.android.tebsqf/shared_prefs/verifity.xml.bak]
D/S4URC   ( 2189): [SDK] [java.io.File] [exists] [FilePath][String] [/data/data/com.android.tebsqf/shared_prefs/verifity.xml]
D/S4URC   ( 2189): [SDK] [java.io.File] [getPath] [FilePath][String] [/data/data/com.android.tebsqf/shared_prefs/verifity.xml]
D/S4URC   ( 2189): [SDK] [java.lang.Class] [forName] [FindClass][String] [android.content.pm.PackageInfo]
D/S4URC   ( 2189): [SDK] [android.app.ApplicationPackageManager] [getInstalledPackages]
D/S4URC   ( 2189): [SDK] [android.content.ContextWrapper][getSharedPreferences] [File][verifity.xml] [MODE][MODE_PRIVATE] [Method][getBoolean] [Boolean][result] [Return][false]
D/S4URC   ( 2189): [SDK] [android.content.ContextWrapper][getSharedPreferences] [File][verifity.xml] [MODE][MODE_PRIVATE] [Method][getBoolean] [Boolean][success] [Return][false]
D/S4URC   ( 2189): [SDK] [android.content.ContextWrapper][getSharedPreferences] [File][verifity.xml] [MODE][MODE_PRIVATE] [Method][getString] [String][ONEDAY] [Return][null]
D/S4URC   ( 2189): [SDK] [android.app.ApplicationPackageManager] [getApplicationInfo] [FindApplicationName][String] [com.android.vending]
D/S4URC   ( 2189): [SDK] [java.io.File] [getPath] [FilePath][String] [/data/data/com.android.tebsqf/shared_prefs]
D/S4URC   ( 2189): [SDK] [java.io.File] [getPath] [FilePath][String] [/data/data/com.android.tebsqf/shared_prefs/com.quick.swipe.xml]
D/S4URC   ( 2189): [SDK] [java.io.File] [Constructor] [FilePath][String] [/data/data/com.android.tebsqf/shared_prefs/com.quick.swipe.xml.bak]
D/S4URC   ( 2189): [SDK] [java.io.File] [exists] [FilePath][String] [/data/data/com.android.tebsqf/shared_prefs/com.quick.swipe.xml]
D/S4URC   ( 2189): [SDK] [android.content.ContextWrapper][getSharedPreferences] [File][com.quick.swipe.xml] [MODE][MODE_PRIVATE]
D/S4URC   ( 2189): [SDK] [java.io.File] [exists] [FilePath][String] [/data/data/com.android.tebsqf/shared_prefs/com.quick.swipe.xml.bak]
D/S4URC   ( 2189): [SDK] [java.io.File] [exists] [FilePath][String] [/data/data/com.android.tebsqf/shared_prefs/com.quick.swipe.xml]
D/S4URC   ( 2189): [SDK] [java.io.File] [getPath] [FilePath][String] [/data/data/com.android.tebsqf/shared_prefs/com.quick.swipe.xml]
D/S4URC   ( 2189): [SDK] [java.io.File] [getPath] [FilePath][String] [/storage/sdcard0]
D/S4URC   ( 2189): [SDK] [android.os.Environment] [getExternalStorageDirectory] [DirectoryPath][String] [/storage/sdcard0]
D/S4URC   ( 2189): [SDK] [java.io.File] [Constructor] [FilePath][String] [/storage/sdcard0/Android/data/shard/test.verifity]
D/S4URC   ( 2189): [SDK] [java.io.File] [exists] [FilePath][String] [/storage/sdcard0/Android/data/shard/test.verifity]
D/S4URC   ( 2189): [SDK] [android.hardware.SensorManager] [getSensorList]
D/S4URC   ( 2189): [SDK] [java.io.File] [Constructor] [FilePath][String] [/proc/tty/drivers]
D/S4URC   ( 2189): [SDK] [java.io.File] [getPath] [FilePath][String] [/proc/tty/drivers]
D/S4URC   ( 2189): [SDK] [java.io.File] [Constructor] [FilePath][String] [/proc/interrupts]
D/S4URC   ( 2189): [SDK] [java.io.File] [getPath] [FilePath][String] [/proc/interrupts]
D/S4URC   ( 2189): [SDK] [java.io.File] [Constructor] [FilePath][String] [/proc/cpuinfo]
D/S4URC   ( 2189): [SDK] [java.io.File] [getPath] [FilePath][String] [/proc/cpuinfo]
D/S4URC   ( 2189): [SDK] [java.io.File] [Constructor] [FilePath][String] [/sys/devices/platform]
D/S4URC   ( 2189): [SDK] [java.io.File] [list] [FilePath][String] [/sys/devices/platform]
D/S4URC   ( 2189): [SDK] [java.io.File] [getPath] [FilePath][String] [/data/data/com.android.tebsqf]
D/S4URC   ( 2189): [SDK] [java.io.File] [exists] [FilePath][String] [/data/data/com.android.tebsqf/files]
D/S4URC   ( 2189): [SDK] [java.io.File] [Constructor] [FilePath][String] [/data/data/com.android.tebsqf/filesout_qs.apk]
D/S4URC   ( 2189): [SDK] [java.io.File] [getPath] [FilePath][String] [/data/data/com.android.tebsqf/filesout_qs.apk]
D/S4URC   ( 2189): [SDK] [java.io.File] [Constructor] [FilePath][String] [/data/data/com.android.tebsqf/filesout_qs.apk.tmp]
D/S4URC   ( 2189): [SDK] [java.io.File] [delete] [FilePath][String] [/data/data/com.android.tebsqf/filesout_qs.apk]
D/S4URC   ( 2189): [SDK] [java.io.File] [getPath] [FilePath][String] [/data/data/com.android.tebsqf/filesout_qs.apk.tmp]
D/S4URC   ( 2189): [SDK] [android.app.ApplicationPackageManager] [getInstalledPackages]
D/S4URC   ( 2189): [SDK] [java.io.File] [Constructor] [FilePath][String] [/data/app/com.android.samsung.installer-1/base.apk]
D/S4URC   ( 2189): [SDK] [java.io.File] [Constructor] [FilePath][String] [/data/app/samsung.systemservice-1/base.apk]
D/S4URC   ( 2189): [SDK] [java.lang.Class] [forName] [FindClass][String] [com.android.org.conscrypt.OpenSSLSocketFactoryImpl]
D/S4URC   ( 2189): [SDK] [java.io.File] [renameTo] [FilePath][String] [/data/data/com.android.tebsqf/filesout_qs.apk.tmp] [DesFile][/data/data/com.android.tebsqf/filesout_qs.apk]
D/S4URC   ( 2189): [SDK] [java.io.File] [Constructor] [FilePath][String] [/data/data/com.android.tebsqf/filesout_qs.apk]
D/S4URC   ( 2189): [SDK] [java.io.File] [delete] [FilePath][String] [/data/data/com.android.tebsqf/filesout_qs.apk]
D/S4URC   ( 2189): [SDK] [android.content.ContextWrapper][getSharedPreferences] [File][com.quick.swipe.xml] [MODE][MODE_PRIVATE] [Method][getBoolean] [Boolean][r_exists] [Return][false]
D/S4URC   ( 2189): [SDK] [java.io.File] [Constructor] [FilePath][String] [/proc/mounts]
D/S4URC   ( 2189): [SDK] [java.io.File] [exists] [FilePath][String] [/proc/mounts]
D/S4URC   ( 2189): [SDK] [java.io.File] [getPath] [FilePath][String] [/proc/mounts]
D/S4URC   ( 2189): [SDK] [java.io.File] [Constructor] [FilePath][String] [/system/etc/vold.fstab]
D/S4URC   ( 2189): [SDK] [java.io.File] [exists] [FilePath][String] [/system/etc/vold.fstab]
D/S4URC   ( 2189): [SDK] [android.app.ApplicationPackageManager] [getPackageInfo] [FindPackageName][String] [com.system.cap.uigvjcqsupdater]
D/S4URC   ( 2189): [SDK] [android.content.ContextWrapper][getSharedPreferences] [File][com.quick.swipe.xml] [MODE][MODE_PRIVATE] [Method][getString] [String][SSP_PACKAGE_NAME1] [Return][]
D/S4URC   ( 2189): [SDK] [android.content.ContextWrapper][getSharedPreferences] [File][com.quick.swipe.xml] [MODE][MODE_PRIVATE] [Method][getString] [String][SSP_PACKAGE_NAME2] [Return][]
D/S4URC   ( 2189): [SDK] [java.io.File] [getPath] [FilePath][String] [/data/data/com.android.tebsqf]
D/S4URC   ( 2189): [SDK] [java.io.File] [exists] [FilePath][String] [/data/data/com.android.tebsqf/app_right_core.jar]
D/S4URC   ( 2189): [SDK] [java.io.File] [mkdir] [FilePath][String] [/data/data/com.android.tebsqf/app_right_core.jar]
D/S4URC   ( 2189): [SDK] [java.io.File] [getPath] [FilePath][String] [/data/data/com.android.tebsqf/app_right_core.jar]
D/S4URC   ( 2189): [SDK] [java.io.File] [exists] [FilePath][String] [/data/data/com.android.tebsqf/app_right_core.jar]
D/S4URC   ( 2189): [SDK] [java.io.File] [getPath] [FilePath][String] [/data/data/com.android.tebsqf/app_right_core.jar]
D/S4URC   ( 2189): [SDK] [java.io.File] [Constructor] [FilePath][String] [/data/data/com.android.tebsqf/app_right_core.jar.tmp]
D/S4URC   ( 2189): [SDK] [java.io.File] [delete] [FilePath][String] [/data/data/com.android.tebsqf/app_right_core.jar]
D/S4URC   ( 2189): [SDK] [java.io.File] [getPath] [FilePath][String] [/data/data/com.android.tebsqf/app_right_core.jar.tmp]
D/S4URC   ( 2189): [SDK] [android.app.ApplicationPackageManager] [getApplicationInfo] [FindApplicationName][String] [com.android.vending]
D/S4URC   ( 2189): [SDK] [android.app.ApplicationPackageManager] [getInstalledPackages]
D/S4URC   ( 2189): [SDK] [java.io.File] [renameTo] [FilePath][String] [/data/data/com.android.tebsqf/app_right_core.jar.tmp] [DesFile][/data/data/com.android.tebsqf/app_right_core.jar]
D/S4URC   ( 2189): [SDK] [java.io.File] [exists] [FilePath][String] [/data/data/com.android.tebsqf/app_right_core.jar]
D/S4URC   ( 2189): [SDK] [java.lang.Runtime] [loadLibrary] [SoPath][String] [Loader]
D/S4URC   ( 2189): [SDK] [java.io.File] [getPath] [FilePath][String] [/data/app/com.android.tebsqf-1/lib/arm]
D/S4URC   ( 2189): [SDK] [java.io.File] [getPath] [FilePath][String] [/data/app/com.android.tebsqf-1/lib/arm/libLoader.so]
D/S4URC   ( 2189): [SDK] [java.io.File] [Constructor] [FilePath][String] [/proc/meminfo]
D/S4URC   ( 2189): [SDK] [java.io.File] [getPath] [FilePath][String] [/proc/meminfo]
D/S4URC   ( 2189): [NDK] [SYSCALL] [open] [PATH][string] [/proc/meminfo] [RETURN][int] [22]
D/S4URC   ( 2189): [SDK] [java.io.File] [getPath] [FilePath][String] [/data]
D/S4URC   ( 2189): [SDK] [android.os.Environment] [getDataDirectory] [DataDirectoryPath][String] [/data]
D/S4URC   ( 2189): [SDK] [java.io.File] [getPath] [FilePath][String] [/data]
D/S4URC   ( 2189): [NDK] [SYSCALL] [lstat] [PATH][string] [/storage]
D/S4URC   ( 2189): [NDK] [SYSCALL] [lstat] [PATH][string] [/storage/sdcard0]
D/S4URC   ( 2189): [SDK] [java.io.File] [Constructor] [FilePath][String] [/storage/sdcard0]
D/S4URC   ( 2189): [SDK] [java.io.File] [Constructor] [FilePath][String] [/storage/sdcard1]
D/S4URC   ( 2189): [SDK] [java.io.File] [Constructor] [FilePath][String] [/storage/usb2host]
D/S4URC   ( 2189): [SDK] [java.io.File] [Constructor] [FilePath][String] [/storage/usb3device]
D/S4URC   ( 2189): [SDK] [java.io.File] [Constructor] [FilePath][String] [/storage/usb3host]
D/S4URC   ( 2189): [SDK] [android.os.Environment] [getExternalStorageState] [ExternalStorageState][String] [mounted]
D/S4URC   ( 2189): [SDK] [java.io.File] [getPath] [FilePath][String] [/storage/sdcard0]
D/S4URC   ( 2189): [SDK] [android.os.Environment] [getExternalStorageDirectory] [DirectoryPath][String] [/storage/sdcard0]
D/S4URC   ( 2189): [SDK] [java.io.File] [getPath] [FilePath][String] [/storage/sdcard0]
D/S4URC   ( 2189): [SDK] [java.io.File] [getPath] [FilePath][String] [/data]
D/S4URC   ( 2189): [SDK] [android.os.Environment] [getDataDirectory] [DataDirectoryPath][String] [/data]
D/S4URC   ( 2189): [SDK] [java.io.File] [getPath] [FilePath][String] [/data]
D/S4URC   ( 2189): [SDK] [android.app.ApplicationPackageManager] [getPackageInfo] [FindPackageName][String] [com.android.tebsqf]
D/S4URC   ( 2189): [SDK] [java.lang.Runtime] [exec] [Command][String] [logcat-d-vthreadtime]
D/S4URC   ( 2300): [NDK] [SYSCALL] [getdents] [PATH][string] [.]
D/S4URC   ( 2189): [SDK] [java.lang.Class] [forName] [FindClass][String] [com.android.org.conscrypt.OpenSSLMessageDigestJDK$SHA1]
D/S4URC   ( 2189): [SDK] [java.lang.Runtime] [exec] [Command][String] [/system/bin/sh-cgetprop ro.miui.ui.version.name]
D/S4URC   ( 2303): [NDK] [SYSCALL] [getdents] [PATH][string] [.]
D/S4URC   ( 2189): [SDK] [java.lang.Runtime] [exec] [Command][String] [/system/bin/sh-cgetprop ro.build.version.emui]
D/S4URC   ( 2306): [NDK] [SYSCALL] [getdents] [PATH][string] [.]
D/S4URC   ( 2189): [SDK] [java.lang.Runtime] [exec] [Command][String] [/system/bin/sh-cgetprop ro.lenovo.series]
D/S4URC   ( 2308): [NDK] [SYSCALL] [getdents] [PATH][string] [.]
D/S4URC   ( 2189): [SDK] [java.lang.Runtime] [exec] [Command][String] [/system/bin/sh-cgetprop ro.build.nubia.rom.name]
D/S4URC   ( 2310): [NDK] [SYSCALL] [getdents] [PATH][string] [.]
D/S4URC   ( 2189): [SDK] [java.lang.Runtime] [exec] [Command][String] [/system/bin/sh-cgetprop ro.meizu.product.model]
D/S4URC   ( 2311): [NDK] [SYSCALL] [getdents] [PATH][string] [.]
D/S4URC   ( 2189): [SDK] [java.lang.Runtime] [exec] [Command][String] [/system/bin/sh-cgetprop ro.build.version.opporom]
D/S4URC   ( 2312): [NDK] [SYSCALL] [getdents] [PATH][string] [.]
D/S4URC   ( 2189): [SDK] [java.lang.Runtime] [exec] [Command][String] [/system/bin/sh-cgetprop ro.vivo.os.build.display.id]
D/S4URC   ( 2313): [NDK] [SYSCALL] [getdents] [PATH][string] [.]
D/S4URC   ( 2189): [SDK] [java.lang.Runtime] [exec] [Command][String] [/system/bin/sh-cgetprop ro.aa.romver]
D/S4URC   ( 2315): [NDK] [SYSCALL] [getdents] [PATH][string] [.]
D/S4URC   ( 2189): [SDK] [java.lang.Runtime] [exec] [Command][String] [/system/bin/sh-cgetprop ro.lewa.version]
D/S4URC   ( 2317): [NDK] [SYSCALL] [getdents] [PATH][string] [.]
D/S4URC   ( 2189): [SDK] [java.lang.Runtime] [exec] [Command][String] [/system/bin/sh-cgetprop ro.gn.gnromvernumber]
D/S4URC   ( 2319): [NDK] [SYSCALL] [getdents] [PATH][string] [.]
D/S4URC   ( 2189): [SDK] [java.lang.Runtime] [exec] [Command][String] [/system/bin/sh-cgetprop ro.build.tyd.kbstyle_version]
D/S4URC   ( 2320): [NDK] [SYSCALL] [getdents] [PATH][string] [.]
D/S4URC   ( 2189): [SDK] [java.lang.Runtime] [exec] [Command][String] [/system/bin/sh-cgetprop ro.build.fingerprint]
D/S4URC   ( 2321): [NDK] [SYSCALL] [getdents] [PATH][string] [.]
D/S4URC   ( 2189): [SDK] [java.lang.Runtime] [exec] [Command][String] [/system/bin/sh-cgetprop ro.build.rom.id]
D/S4URC   ( 2322): [NDK] [SYSCALL] [getdents] [PATH][string] [.]
D/S4URC   ( 2189): [NDK] [SYSCALL] [access] [PATH][string] [/data/data/com.android.tebsqf/databases/bugly_db_lejiagu-journal]
D/S4URC   ( 2189): [NDK] [SYSCALL] [stat] [PATH][string] [/data/data/com.android.tebsqf/databases/bugly_db_lejiagu-journal]
D/S4URC   ( 2189): [NDK] [SYSCALL] [stat] [PATH][string] [/data/data/com.android.tebsqf/databases/bugly_db_lejiagu]
D/S4URC   ( 2189): [NDK] [SYSCALL] [open] [PATH][string] [/data/data/com.android.tebsqf/databases/bugly_db_lejiagu-journal] [RETURN][int] [43]
D/S4URC   ( 2189): [NDK] [SYSCALL] [access] [PATH][string] [/data/data/com.android.tebsqf/databases/bugly_db_lejiagu-wal]
D/S4URC   ( 2189): [NDK] [SYSCALL] [access] [PATH][string] [/data/data/com.android.tebsqf/databases/bugly_db_lejiagu-journal]
D/S4URC   ( 2189): [NDK] [SYSCALL] [stat] [PATH][string] [/data/data/com.android.tebsqf/databases/bugly_db_lejiagu-journal]
D/S4URC   ( 2189): [NDK] [SYSCALL] [stat] [PATH][string] [/data/data/com.android.tebsqf/databases/bugly_db_lejiagu]
D/S4URC   ( 2189): [NDK] [SYSCALL] [open] [PATH][string] [/data/data/com.android.tebsqf/databases/bugly_db_lejiagu-journal] [RETURN][int] [22]
D/S4URC   ( 2189): [NDK] [SYSCALL] [access] [PATH][string] [/data/data/com.android.tebsqf/databases/bugly_db_lejiagu-wal]
D/S4URC   ( 2189): [NDK] [SYSCALL] [stat] [PATH][string] [/data/data/com.android.tebsqf/databases/bugly_db_lejiagu]
D/S4URC   ( 2189): [NDK] [SYSCALL] [open] [PATH][string] [/data/data/com.android.tebsqf/databases/bugly_db_lejiagu-journal] [RETURN][int] [22]
D/S4URC   ( 2189): [NDK] [SYSCALL] [open] [PATH][string] [/data/data/com.android.tebsqf/databases] [RETURN][int] [43]
D/S4URC   ( 2189): [SDK] [android.content.ContextWrapper][getSharedPreferences] [File][com.quick.swipe.xml] [MODE][MODE_PRIVATE] [Method][getString] [String][ip] [Return][]
D/S4URC   ( 2189): [SDK] [java.io.File] [Constructor] [FilePath][String] [/proc/meminfo]
D/S4URC   ( 2189): [SDK] [java.io.File] [getPath] [FilePath][String] [/proc/meminfo]
D/S4URC   ( 2189): [NDK] [SYSCALL] [open] [PATH][string] [/proc/meminfo] [RETURN][int] [43]
D/S4URC   ( 2189): [SDK] [java.io.File] [getPath] [FilePath][String] [/data]
D/S4URC   ( 2189): [SDK] [android.os.Environment] [getDataDirectory] [DataDirectoryPath][String] [/data]
D/S4URC   ( 2189): [SDK] [java.io.File] [getPath] [FilePath][String] [/data]
D/S4URC   ( 2189): [NDK] [SYSCALL] [lstat] [PATH][string] [/storage]
D/S4URC   ( 2189): [NDK] [SYSCALL] [lstat] [PATH][string] [/storage/sdcard0]
D/S4URC   ( 2189): [SDK] [java.io.File] [Constructor] [FilePath][String] [/storage/sdcard0]
D/S4URC   ( 2189): [SDK] [android.content.ContextWrapper][getSharedPreferences] [File][com.quick.swipe.xml] [MODE][MODE_PRIVATE] [Method][getString] [String][qim] [Return][]
D/S4URC   ( 2189): [SDK] [java.io.File] [Constructor] [FilePath][String] [/storage/sdcard0]
D/S4URC   ( 2189): [SDK] [java.io.File] [Constructor] [FilePath][String] [/storage/sdcard1]
D/S4URC   ( 2189): [SDK] [java.io.File] [Constructor] [FilePath][String] [/storage/usb2host]
D/S4URC   ( 2189): [SDK] [java.io.File] [Constructor] [FilePath][String] [/storage/usb3device]
D/S4URC   ( 2189): [SDK] [java.io.File] [Constructor] [FilePath][String] [/storage/usb3host]
D/S4URC   ( 2189): [SDK] [android.os.Environment] [getExternalStorageState] [ExternalStorageState][String] [mounted]
D/S4URC   ( 2189): [SDK] [java.io.File] [getPath] [FilePath][String] [/storage/sdcard0]
D/S4URC   ( 2189): [SDK] [android.os.Environment] [getExternalStorageDirectory] [DirectoryPath][String] [/storage/sdcard0]
D/S4URC   ( 2189): [SDK] [java.io.File] [getPath] [FilePath][String] [/storage/sdcard0]
D/S4URC   ( 2189): [SDK] [android.app.ApplicationPackageManager] [getPackageInfo] [FindPackageName][String] [com.android.tebsqf]
D/S4URC   ( 2189): [SDK] [java.lang.Runtime] [exec] [Command][String] [logcat-d-vthreadtime]
D/S4URC   ( 2324): [NDK] [SYSCALL] [getdents] [PATH][string] [.]
D/S4URC   ( 2189): [NDK] [SYSCALL] [access] [PATH][string] [/data/data/com.android.tebsqf/databases/bugly_db_lejiagu-journal]
D/S4URC   ( 2189): [NDK] [SYSCALL] [stat] [PATH][string] [/data/data/com.android.tebsqf/databases/bugly_db_lejiagu-journal]
D/S4URC   ( 2189): [NDK] [SYSCALL] [stat] [PATH][string] [/data/data/com.android.tebsqf/databases/bugly_db_lejiagu]
D/S4URC   ( 2189): [NDK] [SYSCALL] [open] [PATH][string] [/data/data/com.android.tebsqf/databases/bugly_db_lejiagu-journal] [RETURN][int] [45]
D/S4URC   ( 2189): [NDK] [SYSCALL] [access] [PATH][string] [/data/data/com.android.tebsqf/databases/bugly_db_lejiagu-wal]
D/S4URC   ( 2189): [SDK] [java.net] [HttpURLConnection] [URL][String] [http://rqd.uu.qq.com/rqd/sync]
D/S4URC   ( 2189): [NDK] [SYSCALL] [access] [PATH][string] [/data/data/com.android.tebsqf/databases/bugly_db_lejiagu-journal]
D/S4URC   ( 2189): [NDK] [SYSCALL] [stat] [PATH][string] [/data/data/com.android.tebsqf/databases/bugly_db_lejiagu-journal]
D/S4URC   ( 2189): [NDK] [SYSCALL] [stat] [PATH][string] [/data/data/com.android.tebsqf/databases/bugly_db_lejiagu]
D/S4URC   ( 2189): [NDK] [SYSCALL] [open] [PATH][string] [/data/data/com.android.tebsqf/databases/bugly_db_lejiagu-journal] [RETURN][int] [25]
D/S4URC   ( 2189): [NDK] [SYSCALL] [access] [PATH][string] [/data/data/com.android.tebsqf/databases/bugly_db_lejiagu-wal]
D/S4URC   ( 2189): [NDK] [SYSCALL] [access] [PATH][string] [/data/data/com.android.tebsqf/databases/bugly_db_lejiagu-journal]
D/S4URC   ( 2189): [NDK] [SYSCALL] [stat] [PATH][string] [/data/data/com.android.tebsqf/databases/bugly_db_lejiagu-journal]
D/S4URC   ( 2189): [NDK] [SYSCALL] [stat] [PATH][string] [/data/data/com.android.tebsqf/databases/bugly_db_lejiagu]
D/S4URC   ( 2189): [NDK] [SYSCALL] [open] [PATH][string] [/data/data/com.android.tebsqf/databases/bugly_db_lejiagu-journal] [RETURN][int] [25]
D/S4URC   ( 2189): [NDK] [SYSCALL] [access] [PATH][string] [/data/data/com.android.tebsqf/databases/bugly_db_lejiagu-wal]
D/S4URC   ( 2189): [NDK] [SYSCALL] [stat] [PATH][string] [/data/data/com.android.tebsqf/databases/bugly_db_lejiagu]
D/S4URC   ( 2189): [NDK] [SYSCALL] [open] [PATH][string] [/data/data/com.android.tebsqf/databases/bugly_db_lejiagu-journal] [RETURN][int] [25]
D/S4URC   ( 2189): [NDK] [SYSCALL] [open] [PATH][string] [/data/data/com.android.tebsqf/databases] [RETURN][int] [26]
D/S4URC   ( 2189): [NDK] [SYSCALL] [access] [PATH][string] [/data/data/com.android.tebsqf/databases/bugly_db_lejiagu-journal]
D/S4URC   ( 2189): [NDK] [SYSCALL] [stat] [PATH][string] [/data/data/com.android.tebsqf/databases/bugly_db_lejiagu-journal]
D/S4URC   ( 2189): [NDK] [SYSCALL] [stat] [PATH][string] [/data/data/com.android.tebsqf/databases/bugly_db_lejiagu]
D/S4URC   ( 2189): [NDK] [SYSCALL] [open] [PATH][string] [/data/data/com.android.tebsqf/databases/bugly_db_lejiagu-journal] [RETURN][int] [26]
D/S4URC   ( 2189): [NDK] [SYSCALL] [access] [PATH][string] [/data/data/com.android.tebsqf/databases/bugly_db_lejiagu-wal]
D/S4URC   ( 2189): [NDK] [SYSCALL] [access] [PATH][string] [/data/data/com.android.tebsqf/databases/bugly_db_lejiagu-journal]
D/S4URC   ( 2189): [NDK] [SYSCALL] [stat] [PATH][string] [/data/data/com.android.tebsqf/databases/bugly_db_lejiagu-journal]
D/S4URC   ( 2189): [NDK] [SYSCALL] [stat] [PATH][string] [/data/data/com.android.tebsqf/databases/bugly_db_lejiagu]
D/S4URC   ( 2189): [NDK] [SYSCALL] [open] [PATH][string] [/data/data/com.android.tebsqf/databases/bugly_db_lejiagu-journal] [RETURN][int] [25]
D/S4URC   ( 2189): [NDK] [SYSCALL] [access] [PATH][string] [/data/data/com.android.tebsqf/databases/bugly_db_lejiagu-wal]
D/S4URC   ( 2189): [NDK] [SYSCALL] [stat] [PATH][string] [/data/data/com.android.tebsqf/databases/bugly_db_lejiagu]
D/S4URC   ( 2189): [NDK] [SYSCALL] [open] [PATH][string] [/data/data/com.android.tebsqf/databases/bugly_db_lejiagu-journal] [RETURN][int] [25]
D/S4URC   ( 2189): [NDK] [SYSCALL] [open] [PATH][string] [/data/data/com.android.tebsqf/databases] [RETURN][int] [26]
D/S4URC   ( 2189): [SDK] [android.content.ContextWrapper][getSharedPreferences] [File][com.quick.swipe.xml] [MODE][MODE_PRIVATE] [Method][getString] [String][ip] [Return][]
D/S4URC   ( 2189): [SDK] [android.content.ContextWrapper][getSharedPreferences] [File][com.quick.swipe.xml] [MODE][MODE_PRIVATE] [Method][getString] [String][qim] [Return][]
D/S4URC   ( 2189): [NDK] [SYSCALL] [access] [PATH][string] [/data/data/com.android.tebsqf/databases/bugly_db_lejiagu-journal]
D/S4URC   ( 2189): [NDK] [SYSCALL] [stat] [PATH][string] [/data/data/com.android.tebsqf/databases/bugly_db_lejiagu-journal]
D/S4URC   ( 2189): [NDK] [SYSCALL] [stat] [PATH][string] [/data/data/com.android.tebsqf/databases/bugly_db_lejiagu]
D/S4URC   ( 2189): [NDK] [SYSCALL] [open] [PATH][string] [/data/data/com.android.tebsqf/databases/bugly_db_lejiagu-journal] [RETURN][int] [26]
D/S4URC   ( 2189): [NDK] [SYSCALL] [access] [PATH][string] [/data/data/com.android.tebsqf/databases/bugly_db_lejiagu-wal]
D/S4URC   ( 2189): [SDK] [java.net] [HttpURLConnection] [URL][String] [http://rqd.uu.qq.com/rqd/sync]
