D/S4URC   ( 2663): [NDK] [SYSCALL] [lstat] [PATH][string] [/data/data/uviyju.xlugh.oemwdco.kljln/app_dex]
D/S4URC   ( 2663): [NDK] [SYSCALL] [lstat] [PATH][string] [/data/data/uviyju.xlugh.oemwdco.kljln/app_dex/utopay.jar]
D/S4URC   ( 2663): [NDK] [SYSCALL] [lstat] [PATH][string] [/data]
D/S4URC   ( 2663): [NDK] [SYSCALL] [lstat] [PATH][string] [/data/data]
D/S4URC   ( 2663): [NDK] [SYSCALL] [lstat] [PATH][string] [/data/data/uviyju.xlugh.oemwdco.kljln]
D/S4URC   ( 2663): [NDK] [SYSCALL] [lstat] [PATH][string] [/data/data/uviyju.xlugh.oemwdco.kljln/app_dex]
D/S4URC   ( 2663): [NDK] [SYSCALL] [lstat] [PATH][string] [/data/data/uviyju.xlugh.oemwdco.kljln/app_dex/utopay.jar]
D/S4URC   ( 2663): [NDK] [SYSCALL] [lstat] [PATH][string] [/data]
D/S4URC   ( 2663): [NDK] [SYSCALL] [lstat] [PATH][string] [/data/data]
D/S4URC   ( 2663): [NDK] [SYSCALL] [lstat] [PATH][string] [/data/data/uviyju.xlugh.oemwdco.kljln]
D/S4URC   ( 2663): [NDK] [SYSCALL] [lstat] [PATH][string] [/data/data/uviyju.xlugh.oemwdco.kljln/app_dex]
D/S4URC   ( 2663): [NDK] [SYSCALL] [lstat] [PATH][string] [/data/data/uviyju.xlugh.oemwdco.kljln/app_dex/utopay.jar]
D/S4URC   ( 2663): [NDK] [SYSCALL] [lstat] [PATH][string] [/data]
D/S4URC   ( 2663): [NDK] [SYSCALL] [lstat] [PATH][string] [/data/data]
D/S4URC   ( 2663): [NDK] [SYSCALL] [lstat] [PATH][string] [/data/data/uviyju.xlugh.oemwdco.kljln]
D/S4URC   ( 2663): [NDK] [SYSCALL] [lstat] [PATH][string] [/data/data/uviyju.xlugh.oemwdco.kljln/app_dex]
D/S4URC   ( 2663): [NDK] [SYSCALL] [lstat] [PATH][string] [/data/data/uviyju.xlugh.oemwdco.kljln/app_dex/utopay.jar]
D/S4URC   ( 2663): [SDK] [android.app.ApplicationPackageManager] [getApplicationInfo] [FindApplicationName][String] [uviyju.xlugh.oemwdco.kljln]
D/S4URC   ( 2663): [SDK] [javax.crypto.spec.SecretKeySpec][Constructor] [KEY][gvTyY9Pf][type][DES][javax.crypto.Cipher][getInstance] [Cipher][DES] [javax.crypto.Cipher][getInstance] [Cipher][DES] [javax.crypto.Cipher][doFinal] [Data][{"cmd":102,"pcount":1,"pname":"uviyju.xlugh.oemwdco.kljln","sver":"1.3.5","ntype":"","mix":0,"soper":"","gid":"f6891639b3dee264f11fdc7396461929","tps":[{"type":100,"subtype":[101,102,103,104,105,106,107,108,109,110,111,112,113,119,121,127,128,132,134,136,138,139]}],"su":0,"imei":"9dd4736125bf4d04","cpid":1326,"uid":"","pkg":["com.touchtype.swiftkey","com.android.samsung.installer","uviyju.xlugh.oemwdco.kljln","samsung.systemservice"],"aid":101922,"imsi":"","prod":"galaxys5","chid":"C0QV8"}] [Return][BdVYCxuQFHsZe95CguOafEDIQzMKLhynizC4kXMs6sLZGosE8rDvnKmuLwNXABabXfz0GbKR7Qb5bbQ6+5z8xvTOpNutXQ/4LZVWSh0WsJqoaEBJbKI3AOcARtLy6BYVFYHwLYzNQbvQ+Nas8atMc1FnZ3O84PZm4B0b68s6E755O9KGPzJ3Ybd1o1n0bAZmHBpOgReoy+9EbvlBrHNzyD6XEA25Frd2mGuvBEllp99cMdLf0om4dBJVEJquH5RHuByqhX+LVuqBUrgz594HPMkHJPrx4Gk6swij9ENtmN0YK/BBBD1neoUfUR1fE8plFaEH1Gpg79/m4pluQ4LWWvjl9jq3K+2v92+lEWVB28edpQdTWlETTZ8+uA6mpMCEoaJDBDs8r3QHrnU7qsXaitiuFImlHyf/BYohyA2wy0lhwi+pC1ZaGnC4MJ/k8lFYfFV8XjgrvOzbBrSKgXoMyptk8DavyjslL85ePr7jyyw4+ALwzb9HP5V22cIx6PKgM4/ohOwIesuwnrd6l3ylHlOTs4WIojIo44QZUNDzRZbx74ryE27tddCXi54etjUBe+/ZMHwEza21YoEzRvihr9KjSYqhh9NXQN76+q9bHLVJnDxd8X8dxrP4/DZGDn5uNHWXVzhP3vGUXPdNuxPk6A==]
D/S4URC   ( 2663): [SDK] [java.lang.Runtime] [exec] [Command][String] [getpropapps.customerservice.device]
D/S4URC   ( 2816): [NDK] [SYSCALL] [getdents] [PATH][string] [.]
D/S4URC   ( 2663): [SDK] [java.lang.Class] [forName] [FindClass][String] [android.os.ServiceManager]
D/S4URC   ( 2663): [SDK] [java.lang.Class] [forName] [FindClass][String] [com.android.internal.telephony.IPhoneSubInfo$Stub]
D/S4URC   ( 2663): [SDK] [java.lang.Class] [forName] [FindClass][String] [android.os.ServiceManager]
D/S4URC   ( 2663): [SDK] [java.lang.Class] [forName] [FindClass][String] [com.android.internal.telephony.IPhoneSubInfo$Stub]
D/S4URC   ( 2663): [SDK] [java.lang.Class] [forName] [FindClass][String] [android.os.ServiceManager]
D/S4URC   ( 2663): [SDK] [android.telephony.TelephonyManager] [getSubscriberId]
D/S4URC   ( 2663): [SDK] [java.lang.Class] [forName] [FindClass][String] [android.telephony.MSimTelephonyManage]
D/S4URC   ( 2663): [SDK] [java.io.File] [getPath] [FilePath][String] [/data/data/uviyju.xlugh.oemwdco.kljln/shared_prefs]
D/S4URC   ( 2663): [SDK] [java.io.File] [getPath] [FilePath][String] [/data/data/uviyju.xlugh.oemwdco.kljln/shared_prefs/uviyju.xlugh.oemwdco.kljln_preferences.xml]
D/S4URC   ( 2663): [SDK] [java.io.File] [Constructor] [FilePath][String] [/data/data/uviyju.xlugh.oemwdco.kljln/shared_prefs/uviyju.xlugh.oemwdco.kljln_preferences.xml.bak]
D/S4URC   ( 2663): [SDK] [java.io.File] [exists] [FilePath][String] [/data/data/uviyju.xlugh.oemwdco.kljln/shared_prefs/uviyju.xlugh.oemwdco.kljln_preferences.xml]
D/S4URC   ( 2663): [NDK] [SYSCALL] [access] [PATH][string] [/data/data/uviyju.xlugh.oemwdco.kljln/shared_prefs/uviyju.xlugh.oemwdco.kljln_preferences.xml]
D/S4URC   ( 2663): [SDK] [java.io.File] [exists] [FilePath][String] [/data/data/uviyju.xlugh.oemwdco.kljln/shared_prefs/uviyju.xlugh.oemwdco.kljln_preferences.xml]
D/S4URC   ( 2663): [NDK] [SYSCALL] [access] [PATH][string] [/data/data/uviyju.xlugh.oemwdco.kljln/shared_prefs/uviyju.xlugh.oemwdco.kljln_preferences.xml]
D/S4URC   ( 2663): [SDK] [android.content.ContextWrapper][getSharedPreferences] [File][uviyju.xlugh.oemwdco.kljln_preferences.xml] [MODE][MODE_PRIVATE]
D/S4URC   ( 2663): [SDK] [java.io.File] [exists] [FilePath][String] [/data/data/uviyju.xlugh.oemwdco.kljln/shared_prefs/uviyju.xlugh.oemwdco.kljln_preferences.xml.bak]
D/S4URC   ( 2663): [NDK] [SYSCALL] [access] [PATH][string] [/data/data/uviyju.xlugh.oemwdco.kljln/shared_prefs/uviyju.xlugh.oemwdco.kljln_preferences.xml.bak]
D/S4URC   ( 2663): [SDK] [java.io.File] [exists] [FilePath][String] [/data/data/uviyju.xlugh.oemwdco.kljln/shared_prefs/uviyju.xlugh.oemwdco.kljln_preferences.xml]
D/S4URC   ( 2663): [NDK] [SYSCALL] [access] [PATH][string] [/data/data/uviyju.xlugh.oemwdco.kljln/shared_prefs/uviyju.xlugh.oemwdco.kljln_preferences.xml]
D/S4URC   ( 2663): [SDK] [java.io.File] [getPath] [FilePath][String] [/data/data/uviyju.xlugh.oemwdco.kljln/shared_prefs/uviyju.xlugh.oemwdco.kljln_preferences.xml]
D/S4URC   ( 2663): [NDK] [SYSCALL] [stat] [PATH][string] [/data/data/uviyju.xlugh.oemwdco.kljln/shared_prefs/uviyju.xlugh.oemwdco.kljln_preferences.xml]
D/S4URC   ( 2663): [SDK] [android.content.ContextWrapper][getSharedPreferences] [File][uviyju.xlugh.oemwdco.kljln_preferences.xml] [MODE][MODE_PRIVATE] [Method][getString] [String][YQWY_PAY_CHANNEL] [Return][]
D/S4URC   ( 2663): [SDK] [android.app.ApplicationPackageManager] [getApplicationInfo] [FindApplicationName][String] [uviyju.xlugh.oemwdco.kljln]
D/S4URC   ( 2663): [SDK] [android.content.ContextWrapper][getSharedPreferences] [File][uviyju.xlugh.oemwdco.kljln_preferences.xml] [MODE][MODE_PRIVATE] [Method][getString] [String][YQWY_PAY_APPID] [Return][]
D/S4URC   ( 2663): [SDK] [android.app.ApplicationPackageManager] [getApplicationInfo] [FindApplicationName][String] [uviyju.xlugh.oemwdco.kljln]
D/S4URC   ( 2663): [SDK] [java.io.File] [getPath] [FilePath][String] [/data/data/uviyju.xlugh.oemwdco.kljln/shared_prefs/uviyju.xlugh.oemwdco.kljln_preferences.xml]
D/S4URC   ( 2663): [NDK] [SYSCALL] [stat] [PATH][string] [/data/data/uviyju.xlugh.oemwdco.kljln/shared_prefs/uviyju.xlugh.oemwdco.kljln_preferences.xml]
D/S4URC   ( 2663): [SDK] [android.content.ContextWrapper][getSharedPreferences] [File][uviyju.xlugh.oemwdco.kljln_preferences.xml] [MODE][MODE_PRIVATE]
D/S4URC   ( 2663): [SDK] [java.io.File] [exists] [FilePath][String] [/data/data/uviyju.xlugh.oemwdco.kljln/shared_prefs/uviyju.xlugh.oemwdco.kljln_preferences.xml.bak]
D/S4URC   ( 2663): [NDK] [SYSCALL] [access] [PATH][string] [/data/data/uviyju.xlugh.oemwdco.kljln/shared_prefs/uviyju.xlugh.oemwdco.kljln_preferences.xml.bak]
D/S4URC   ( 2663): [SDK] [java.io.File] [exists] [FilePath][String] [/data/data/uviyju.xlugh.oemwdco.kljln/shared_prefs/uviyju.xlugh.oemwdco.kljln_preferences.xml]
D/S4URC   ( 2663): [NDK] [SYSCALL] [access] [PATH][string] [/data/data/uviyju.xlugh.oemwdco.kljln/shared_prefs/uviyju.xlugh.oemwdco.kljln_preferences.xml]
D/S4URC   ( 2663): [SDK] [java.io.File] [getPath] [FilePath][String] [/data/data/uviyju.xlugh.oemwdco.kljln/shared_prefs/uviyju.xlugh.oemwdco.kljln_preferences.xml]
D/S4URC   ( 2663): [NDK] [SYSCALL] [stat] [PATH][string] [/data/data/uviyju.xlugh.oemwdco.kljln/shared_prefs/uviyju.xlugh.oemwdco.kljln_preferences.xml]
D/S4URC   ( 2663): [SDK] [javax.crypto.spec.SecretKeySpec][Constructor] [KEY][gvTyY9Pf][type][DES][javax.crypto.Cipher][getInstance] [Cipher][DES] [javax.crypto.Cipher][getInstance] [Cipher][DES] [javax.crypto.Cipher][doFinal] [Data][{"cmd":102,"pcount":1,"pname":"uviyju.xlugh.oemwdco.kljln","sver":"1.3.5","ntype":"","mix":0,"soper":"","gid":"f6891639b3dee264f11fdc7396461929","tps":[{"type":100,"subtype":[101,102,103,104,105,106,107,108,109,110,111,112,113,119,121,127,128,132,134,136,138,139]}],"su":0,"imei":"9dd4736125bf4d04","cpid":1326,"uid":"","pkg":["com.touchtype.swiftkey","com.android.samsung.installer","uviyju.xlugh.oemwdco.kljln","samsung.systemservice"],"aid":101922,"imsi":"","prod":"galaxys5","chid":"C0QV8"}] [Return][BdVYCxuQFHsZe95CguOafEDIQzMKLhynizC4kXMs6sLZGosE8rDvnKmuLwNXABabXfz0GbKR7Qb5bbQ6+5z8xvTOpNutXQ/4LZVWSh0WsJqoaEBJbKI3AOcARtLy6BYVFYHwLYzNQbvQ+Nas8atMc1FnZ3O84PZm4B0b68s6E755O9KGPzJ3Ybd1o1n0bAZmHBpOgReoy+9EbvlBrHNzyD6XEA25Frd2mGuvBEllp99cMdLf0om4dBJVEJquH5RHuByqhX+LVuqBUrgz594HPMkHJPrx4Gk6swij9ENtmN0YK/BBBD1neoUfUR1fE8plFaEH1Gpg79/m4pluQ4LWWvjl9jq3K+2v92+lEWVB28edpQdTWlETTZ8+uA6mpMCEoaJDBDs8r3QHrnU7qsXaitiuFImlHyf/BYohyA2wy0lhwi+pC1ZaGnC4MJ/k8lFYfFV8XjgrvOzbBrSKgXoMyptk8DavyjslL85ePr7jyyw4+ALwzb9HP5V22cIx6PKgM4/ohOwIesuwnrd6l3ylHlOTs4WIojIo44QZUNDzRZbx74ryE27tddCXi54etjUBe+/ZMHwEza21YoEzRvihr9KjSYqhh9NXQN76+q9bHLVJnDxd8X8dxrP4/DZGDn5uNHWXVzhP3vGUXPdNuxPk6A==]
D/S4URC   ( 2663): [NDK] [SYSCALL] [socket] [TYPE][string] [TCP]
D/S4URC   ( 2663): [SDK] [android.content.ContextWrapper] [registerReceiver][IntentFilter][SMS_SEND_ACTIOIN,NEW_SMS_ARRIVAL_ACTION,
D/S4URC   ( 2663): [SDK] [java.lang.Runtime] [exec] [Command][String] [getpropapps.customerservice.device]
D/S4URC   ( 2843): [NDK] [SYSCALL] [getdents] [PATH][string] [.]
D/S4URC   ( 2663): [SDK] [java.lang.Class] [forName] [FindClass][String] [android.telephony.MSimTelephonyManager]
D/S4URC   ( 2663): [SDK] [android.telephony.TelephonyManager] [getSubscriberId]
D/S4URC   ( 2663): [SDK] [java.lang.Class] [forName] [FindClass][String] [com.adobe.fre.FREObject]
D/S4URC   ( 2663): [SDK] [java.lang.Class] [forName] [FindClass][String] [org.cocos2d.lib.Cocos2dxActivity]
D/S4URC   ( 2663): [SDK] [java.lang.Class] [forName] [FindClass][String] [com.unity3d.player.UnityPlayer]
D/S4URC   ( 2663): [SDK] [java.lang.Class] [forName] [FindClass][String] [android.telephony.MSimTelephonyManager]
D/S4URC   ( 2663): [SDK] [java.lang.Class] [forName] [FindClass][String] [com.android.internal.telephony.Phone]
D/S4URC   ( 2663): [SDK] [java.lang.Class] [forName] [FindClass][String] [com.android.internal.telephony.PhoneFactory]
D/S4URC   ( 2663): [SDK] [android.telephony.TelephonyManager] [getSubscriberId]
D/S4URC   ( 2663): [SDK] [java.io.File] [getPath] [FilePath][String] [/data/data/uviyju.xlugh.oemwdco.kljln/shared_prefs]
D/S4URC   ( 2663): [SDK] [java.io.File] [getPath] [FilePath][String] [/data/data/uviyju.xlugh.oemwdco.kljln/shared_prefs/tally_util_msg.xml]
D/S4URC   ( 2663): [SDK] [java.io.File] [Constructor] [FilePath][String] [/data/data/uviyju.xlugh.oemwdco.kljln/shared_prefs/tally_util_msg.xml.bak]
D/S4URC   ( 2663): [SDK] [java.io.File] [exists] [FilePath][String] [/data/data/uviyju.xlugh.oemwdco.kljln/shared_prefs/tally_util_msg.xml]
D/S4URC   ( 2663): [NDK] [SYSCALL] [access] [PATH][string] [/data/data/uviyju.xlugh.oemwdco.kljln/shared_prefs/tally_util_msg.xml]
D/S4URC   ( 2663): [SDK] [java.io.File] [exists] [FilePath][String] [/data/data/uviyju.xlugh.oemwdco.kljln/shared_prefs/tally_util_msg.xml]
D/S4URC   ( 2663): [NDK] [SYSCALL] [access] [PATH][string] [/data/data/uviyju.xlugh.oemwdco.kljln/shared_prefs/tally_util_msg.xml]
D/S4URC   ( 2663): [SDK] [android.content.ContextWrapper][getSharedPreferences] [File][tally_util_msg.xml] [MODE][MODE_PRIVATE]
D/S4URC   ( 2663): [SDK] [android.telephony.TelephonyManager] [getSubscriberId]
D/S4URC   ( 2663): [SDK] [java.io.File] [exists] [FilePath][String] [/data/data/uviyju.xlugh.oemwdco.kljln/shared_prefs/tally_util_msg.xml.bak]
D/S4URC   ( 2663): [NDK] [SYSCALL] [access] [PATH][string] [/data/data/uviyju.xlugh.oemwdco.kljln/shared_prefs/tally_util_msg.xml.bak]
D/S4URC   ( 2663): [SDK] [java.io.File] [exists] [FilePath][String] [/data/data/uviyju.xlugh.oemwdco.kljln/shared_prefs/tally_util_msg.xml]
D/S4URC   ( 2663): [NDK] [SYSCALL] [access] [PATH][string] [/data/data/uviyju.xlugh.oemwdco.kljln/shared_prefs/tally_util_msg.xml]
D/S4URC   ( 2663): [SDK] [java.io.File] [getPath] [FilePath][String] [/data/data/uviyju.xlugh.oemwdco.kljln/shared_prefs/tally_util_msg.xml]
D/S4URC   ( 2663): [NDK] [SYSCALL] [stat] [PATH][string] [/data/data/uviyju.xlugh.oemwdco.kljln/shared_prefs/tally_util_msg.xml]
D/S4URC   ( 2663): [SDK] [android.content.ContextWrapper][getSharedPreferences] [File][tally_util_msg.xml] [MODE][MODE_PRIVATE] [Method][getBoolean] [Boolean][push_succ] [Return][false]
D/S4URC   ( 2663): [SDK] [javax.crypto.spec.SecretKeySpec][Constructor] [KEY][gvTyY9Pf][type][DES][javax.crypto.Cipher][getInstance] [Cipher][DES] [javax.crypto.Cipher][getInstance] [Cipher][DES] [javax.crypto.Cipher][doFinal] [Data][{"cmd":102,"pcount":1,"pname":"uviyju.xlugh.oemwdco.kljln","sver":"1.3.5","ntype":"","mix":0,"soper":"","gid":"f6891639b3dee264f11fdc7396461929","tps":[{"type":100,"subtype":[101,102,103,104,105,106,107,108,109,110,111,112,113,119,121,127,128,132,134,136,138,139]}],"su":0,"imei":"9dd4736125bf4d04","cpid":1326,"uid":"","pkg":["com.touchtype.swiftkey","com.android.samsung.installer","uviyju.xlugh.oemwdco.kljln","samsung.systemservice"],"aid":101922,"imsi":"","prod":"galaxys5","chid":"C0QV8"}] [Return][BdVYCxuQFHsZe95CguOafEDIQzMKLhynizC4kXMs6sLZGosE8rDvnKmuLwNXABabXfz0GbKR7Qb5bbQ6+5z8xvTOpNutXQ/4LZVWSh0WsJqoaEBJbKI3AOcARtLy6BYVFYHwLYzNQbvQ+Nas8atMc1FnZ3O84PZm4B0b68s6E755O9KGPzJ3Ybd1o1n0bAZmHBpOgReoy+9EbvlBrHNzyD6XEA25Frd2mGuvBEllp99cMdLf0om4dBJVEJquH5RHuByqhX+LVuqBUrgz594HPMkHJPrx4Gk6swij9ENtmN0YK/BBBD1neoUfUR1fE8plFaEH1Gpg79/m4pluQ4LWWvjl9jq3K+2v92+lEWVB28edpQdTWlETTZ8+uA6mpMCEoaJDBDs8r3QHrnU7qsXaitiuFImlHyf/BYohyA2wy0lhwi+pC1ZaGnC4MJ/k8lFYfFV8XjgrvOzbBrSKgXoMyptk8DavyjslL85ePr7jyyw4+ALwzb9HP5V22cIx6PKgM4/ohOwIesuwnrd6l3ylHlOTs4WIojIo44QZUNDzRZbx74ryE27tddCXi54etjUBe+/ZMHwEza21YoEzRvihr9KjSYqhh9NXQN76+q9bHLVJnDxd8X8dxrP4/DZGDn5uNHWXVzhP3vGUXPdNuxPk6A==]
D/S4URC   ( 2663): [SDK] [java.lang.Class] [forName] [FindClass][String] [android.telephony.MSimTelephonyManager]
D/S4URC   ( 2663): [SDK] [java.lang.Class] [forName] [FindClass][String] [com.android.internal.telephony.Phone]
D/S4URC   ( 2663): [SDK] [java.lang.Class] [forName] [FindClass][String] [com.android.internal.telephony.PhoneFactory]
D/S4URC   ( 2663): [SDK] [android.app.ActivityManager] [getRunningAppProcesses]
D/S4URC   ( 2663): [SDK] [android.telephony.TelephonyManager] [getSubscriberId]
D/S4URC   ( 2663): [NDK] [SYSCALL] [lstat] [PATH][string] [/storage]
D/S4URC   ( 2663): [NDK] [SYSCALL] [lstat] [PATH][string] [/storage/sdcard0]
D/S4URC   ( 2663): [SDK] [android.telephony.TelephonyManager] [getSubscriberId]
D/S4URC   ( 2663): [SDK] [java.io.File] [Constructor] [FilePath][String] [/storage/sdcard0]
D/S4URC   ( 2663): [SDK] [java.io.File] [Constructor] [FilePath][String] [/storage/sdcard1]
D/S4URC   ( 2663): [SDK] [java.io.File] [Constructor] [FilePath][String] [/storage/usb2host]
D/S4URC   ( 2663): [SDK] [java.io.File] [Constructor] [FilePath][String] [/storage/usb3device]
D/S4URC   ( 2663): [SDK] [java.io.File] [Constructor] [FilePath][String] [/storage/usb3host]
D/S4URC   ( 2663): [SDK] [android.os.Environment] [getExternalStorageState] [ExternalStorageState][String] [mounted]
D/S4URC   ( 2663): [SDK] [java.io.File] [getPath] [FilePath][String] [/storage/sdcard0]
D/S4URC   ( 2663): [SDK] [android.os.Environment] [getExternalStorageDirectory] [DirectoryPath][String] [/storage/sdcard0]
D/S4URC   ( 2663): [SDK] [java.io.File] [getPath] [FilePath][String] [/storage/sdcard0]
D/S4URC   ( 2663): [NDK] [SYSCALL] [lstat] [PATH][string] [/storage]
D/S4URC   ( 2663): [NDK] [SYSCALL] [lstat] [PATH][string] [/storage/sdcard0]
D/S4URC   ( 2663): [SDK] [java.io.File] [Constructor] [FilePath][String] [/storage/sdcard0]
D/S4URC   ( 2663): [NDK] [SYSCALL] [socket] [TYPE][string] [TCP]
D/S4URC   ( 2663): [SDK] [java.io.File] [Constructor] [FilePath][String] [/storage/sdcard0]
D/S4URC   ( 2663): [SDK] [java.io.File] [Constructor] [FilePath][String] [/storage/sdcard1]
D/S4URC   ( 2663): [SDK] [java.io.File] [Constructor] [FilePath][String] [/storage/usb2host]
D/S4URC   ( 2663): [SDK] [java.io.File] [Constructor] [FilePath][String] [/storage/usb3device]
D/S4URC   ( 2663): [SDK] [java.io.File] [Constructor] [FilePath][String] [/storage/usb3host]
D/S4URC   ( 2663): [SDK] [android.os.Environment] [getExternalStorageState] [ExternalStorageState][String] [mounted]
D/S4URC   ( 2663): [SDK] [java.io.File] [getPath] [FilePath][String] [/storage/sdcard0]
D/S4URC   ( 2663): [SDK] [android.os.Environment] [getExternalStorageDirectory] [DirectoryPath][String] [/storage/sdcard0]
D/S4URC   ( 2663): [SDK] [java.io.File] [getPath] [FilePath][String] [/storage/sdcard0]
D/S4URC   ( 2663): [SDK] [java.io.File] [Constructor] [FilePath][String] [/storage/sdcard0/AbcDEfghijklmnopqrsTuvwxYz.tag]
D/S4URC   ( 2663): [SDK] [java.io.File] [exists] [FilePath][String] [/storage/sdcard0/AbcDEfghijklmnopqrsTuvwxYz.tag]
D/S4URC   ( 2663): [NDK] [SYSCALL] [access] [PATH][string] [/storage/sdcard0/AbcDEfghijklmnopqrsTuvwxYz.tag]
D/S4URC   ( 2663): [SDK] [android.app.ApplicationPackageManager] [getApplicationInfo] [FindApplicationName][String] [uviyju.xlugh.oemwdco.kljln]
D/S4URC   ( 2663): [SDK] [java.io.File] [getPath] [FilePath][String] [/data/data/uviyju.xlugh.oemwdco.kljln/shared_prefs]
D/S4URC   ( 2663): [SDK] [java.io.File] [getPath] [FilePath][String] [/data/data/uviyju.xlugh.oemwdco.kljln/shared_prefs/dc.preferences.xml]
D/S4URC   ( 2663): [SDK] [java.io.File] [Constructor] [FilePath][String] [/data/data/uviyju.xlugh.oemwdco.kljln/shared_prefs/dc.preferences.xml.bak]
D/S4URC   ( 2663): [SDK] [java.io.File] [exists] [FilePath][String] [/data/data/uviyju.xlugh.oemwdco.kljln/shared_prefs/dc.preferences.xml]
D/S4URC   ( 2663): [NDK] [SYSCALL] [access] [PATH][string] [/data/data/uviyju.xlugh.oemwdco.kljln/shared_prefs/dc.preferences.xml]
D/S4URC   ( 2663): [SDK] [java.io.File] [exists] [FilePath][String] [/data/data/uviyju.xlugh.oemwdco.kljln/shared_prefs/dc.preferences.xml]
D/S4URC   ( 2663): [NDK] [SYSCALL] [access] [PATH][string] [/data/data/uviyju.xlugh.oemwdco.kljln/shared_prefs/dc.preferences.xml]
D/S4URC   ( 2663): [SDK] [android.content.ContextWrapper][getSharedPreferences] [File][dc.preferences.xml] [MODE][MODE_PRIVATE]
D/S4URC   ( 2663): [SDK] [java.io.File] [getPath] [FilePath][String] [/data/data/uviyju.xlugh.oemwdco.kljln/shared_prefs]
D/S4URC   ( 2663): [SDK] [java.io.File] [exists] [FilePath][String] [/data/data/uviyju.xlugh.oemwdco.kljln/shared_prefs/dc.preferences.xml.bak]
D/S4URC   ( 2663): [NDK] [SYSCALL] [access] [PATH][string] [/data/data/uviyju.xlugh.oemwdco.kljln/shared_prefs/dc.preferences.xml.bak]
D/S4URC   ( 2663): [SDK] [java.io.File] [getPath] [FilePath][String] [/data/data/uviyju.xlugh.oemwdco.kljln/shared_prefs/dc.053CE9326103161DC37854ECE8E0DBE2.preferences.xml]
D/S4URC   ( 2663): [SDK] [java.io.File] [Constructor] [FilePath][String] [/data/data/uviyju.xlugh.oemwdco.kljln/shared_prefs/dc.053CE9326103161DC37854ECE8E0DBE2.preferences.xml.bak]
D/S4URC   ( 2663): [SDK] [java.io.File] [exists] [FilePath][String] [/data/data/uviyju.xlugh.oemwdco.kljln/shared_prefs/dc.preferences.xml]
D/S4URC   ( 2663): [NDK] [SYSCALL] [access] [PATH][string] [/data/data/uviyju.xlugh.oemwdco.kljln/shared_prefs/dc.preferences.xml]
D/S4URC   ( 2663): [SDK] [java.io.File] [getPath] [FilePath][String] [/data/data/uviyju.xlugh.oemwdco.kljln/shared_prefs/dc.preferences.xml]
D/S4URC   ( 2663): [NDK] [SYSCALL] [stat] [PATH][string] [/data/data/uviyju.xlugh.oemwdco.kljln/shared_prefs/dc.preferences.xml]
D/S4URC   ( 2663): [SDK] [java.io.File] [exists] [FilePath][String] [/data/data/uviyju.xlugh.oemwdco.kljln/shared_prefs/dc.053CE9326103161DC37854ECE8E0DBE2.preferences.xml]
D/S4URC   ( 2663): [NDK] [SYSCALL] [access] [PATH][string] [/data/data/uviyju.xlugh.oemwdco.kljln/shared_prefs/dc.053CE9326103161DC37854ECE8E0DBE2.preferences.xml]
D/S4URC   ( 2663): [SDK] [java.io.File] [exists] [FilePath][String] [/data/data/uviyju.xlugh.oemwdco.kljln/shared_prefs/dc.053CE9326103161DC37854ECE8E0DBE2.preferences.xml]
D/S4URC   ( 2663): [NDK] [SYSCALL] [access] [PATH][string] [/data/data/uviyju.xlugh.oemwdco.kljln/shared_prefs/dc.053CE9326103161DC37854ECE8E0DBE2.preferences.xml]
D/S4URC   ( 2663): [SDK] [android.content.ContextWrapper][getSharedPreferences] [File][dc.053CE9326103161DC37854ECE8E0DBE2.preferences.xml] [MODE][MODE_PRIVATE]
D/S4URC   ( 2663): [SDK] [java.io.File] [exists] [FilePath][String] [/data/data/uviyju.xlugh.oemwdco.kljln/shared_prefs/dc.053CE9326103161DC37854ECE8E0DBE2.preferences.xml.bak]
D/S4URC   ( 2663): [NDK] [SYSCALL] [access] [PATH][string] [/data/data/uviyju.xlugh.oemwdco.kljln/shared_prefs/dc.053CE9326103161DC37854ECE8E0DBE2.preferences.xml.bak]
D/S4URC   ( 2663): [SDK] [java.io.File] [exists] [FilePath][String] [/data/data/uviyju.xlugh.oemwdco.kljln/shared_prefs/dc.053CE9326103161DC37854ECE8E0DBE2.preferences.xml]
D/S4URC   ( 2663): [NDK] [SYSCALL] [access] [PATH][string] [/data/data/uviyju.xlugh.oemwdco.kljln/shared_prefs/dc.053CE9326103161DC37854ECE8E0DBE2.preferences.xml]
D/S4URC   ( 2663): [SDK] [java.io.File] [getPath] [FilePath][String] [/data/data/uviyju.xlugh.oemwdco.kljln/shared_prefs/dc.053CE9326103161DC37854ECE8E0DBE2.preferences.xml]
D/S4URC   ( 2663): [NDK] [SYSCALL] [stat] [PATH][string] [/data/data/uviyju.xlugh.oemwdco.kljln/shared_prefs/dc.053CE9326103161DC37854ECE8E0DBE2.preferences.xml]
D/S4URC   ( 2663): [SDK] [java.lang.Class] [forName] [FindClass][String] [com.android.internal.telephony.PhoneFactory]
D/S4URC   ( 2663): [SDK] [java.lang.Class] [forName] [FindClass][String] [android.telephony.MSimTelephonyManager]
D/S4URC   ( 2663): [SDK] [java.lang.Class] [forName] [FindClass][String] [com.android.internal.telephony.Phone]
D/S4URC   ( 2663): [SDK] [android.content.ContextWrapper][getSharedPreferences] [File][dc.053CE9326103161DC37854ECE8E0DBE2.preferences.xml] [MODE][MODE_PRIVATE] [Method][getString] [String][DC_CURRENT_HOST] [Return][rd.gdatacube.net]
D/S4URC   ( 2663): [SDK] [android.content.ContextWrapper][getSharedPreferences] [File][dc.053CE9326103161DC37854ECE8E0DBE2.preferences.xml] [MODE][MODE_PRIVATE] [Method][getString] [String][DC_APPVERSION] [Return][]
D/S4URC   ( 2663): [SDK] [java.lang.Class] [forName] [FindClass][String] [com.android.internal.telephony.Phone]
D/S4URC   ( 2663): [SDK] [android.app.ApplicationPackageManager] [getPackageInfo] [FindPackageName][String] [uviyju.xlugh.oemwdco.kljln]
D/S4URC   ( 2663): [SDK] [java.lang.Class] [forName] [FindClass][String] [com.android.internal.telephony.PhoneConstants]
D/S4URC   ( 2663): [SDK] [android.telephony.TelephonyManager] [getDeviceId]
D/S4URC   ( 2663): [SDK] [android.content.ContextWrapper][getSharedPreferences] [File][dc.053CE9326103161DC37854ECE8E0DBE2.preferences.xml] [MODE][MODE_PRIVATE] [Method][getString] [String][DC_CONFIGPARAMS] [Return][]
D/S4URC   ( 2663): [SDK] [java.io.File] [Constructor] [FilePath][String] [oid]
D/S4URC   ( 2663): [SDK] [java.io.File] [getPath] [FilePath][String] [/oid]
D/S4URC   ( 2663): [NDK] [SYSCALL] [open] [PATH][string] [oid] [RETURN][int] [-1]
D/S4URC   ( 2663): [SDK] [java.io.File] [Constructor] [FilePath][String] [oid]
D/S4URC   ( 2663): [SDK] [java.io.File] [getPath] [FilePath][String] [/oid]
D/S4URC   ( 2663): [NDK] [SYSCALL] [open] [PATH][string] [oid] [RETURN][int] [-1]
D/S4URC   ( 2663): [NDK] [SYSCALL] [lstat] [PATH][string] [/storage]
D/S4URC   ( 2663): [NDK] [SYSCALL] [lstat] [PATH][string] [/storage/sdcard0]
D/S4URC   ( 2663): [SDK] [java.io.File] [Constructor] [FilePath][String] [/storage/sdcard0]
D/S4URC   ( 2663): [SDK] [java.io.File] [Constructor] [FilePath][String] [/storage/sdcard1]
D/S4URC   ( 2663): [SDK] [java.io.File] [Constructor] [FilePath][String] [/storage/usb2host]
D/S4URC   ( 2663): [SDK] [java.io.File] [Constructor] [FilePath][String] [/storage/usb3device]
D/S4URC   ( 2663): [SDK] [java.io.File] [Constructor] [FilePath][String] [/storage/usb3host]
D/S4URC   ( 2853): [NDK] [SYSCALL] [getdents] [PATH][string] [.]
D/S4URC   ( 2663): [SDK] [android.os.Environment] [getExternalStorageState] [ExternalStorageState][String] [mounted]
D/S4URC   ( 2821): [SDK] [java.lang.Class] [forName] [FindClass][String] [java.net.HttpURLConnection]
D/S4URC   ( 2663): [NDK] [SYSCALL] [access] [PATH][string] [/storage/sdcard0/.SystemService/DEID/uviyju.xlugh.oemwdco.kljln]
D/S4URC   ( 2821): [SDK] [java.lang.Class] [forName] [FindClass][String] [com.android.okhttp.internal.http.HttpURLConnectionImpl]
D/S4URC   ( 2821): [SDK] [java.lang.Class] [forName] [FindClass][String] [java.net.Socket]
D/S4URC   ( 2821): [SDK] [java.lang.Class] [forName] [FindClass][String] [android.telephony.TelephonyManager]
D/S4URC   ( 2663): [SDK] [java.io.File] [mkdirs] [FilePath][String] [/storage/sdcard0/.SystemService/DEID/uviyju.xlugh.oemwdco.kljln]
D/S4URC   ( 2663): [NDK] [SYSCALL] [mkdir] [PATH][string] [/storage/sdcard0/.SystemService/DEID/uviyju.xlugh.oemwdco.kljln] [MODE][int] [0700]
D/S4URC   ( 2821): [SDK] [java.lang.Class] [forName] [FindClass][String] [android.telephony.TelephonyManager]
D/S4URC   ( 2663): [NDK] [SYSCALL] [mkdir] [PATH][string] [/storage/sdcard0/.SystemService/DEID] [MODE][int] [0700]
D/S4URC   ( 2821): [SDK] [java.lang.Class] [forName] [FindClass][String] [android.os.Debug]
D/S4URC   ( 2821): [SDK] [java.lang.Class] [forName] [FindClass][String] [android.hardware.SensorManager]
D/S4URC   ( 2663): [SDK] [java.io.File] [getParent] [FilePath][String] [/storage/sdcard0/.SystemService/DEID]
D/S4URC   ( 2663): [SDK] [java.io.File] [Constructor] [FilePath][String] [/storage/sdcard0/.SystemService]
D/S4URC   ( 2663): [NDK] [SYSCALL] [mkdir] [PATH][string] [/storage/sdcard0/.SystemService] [MODE][int] [0700]
D/S4URC   ( 2663): [SDK] [java.io.File] [mkdir] [FilePath][String] [/storage/sdcard0/.SystemService/DEID]
D/S4URC   ( 2663): [NDK] [SYSCALL] [mkdir] [PATH][string] [/storage/sdcard0/.SystemService/DEID] [MODE][int] [0700]
D/S4URC   ( 2663): [SDK] [java.io.File] [mkdir] [FilePath][String] [/storage/sdcard0/.SystemService/DEID/uviyju.xlugh.oemwdco.kljln]
D/S4URC   ( 2663): [NDK] [SYSCALL] [mkdir] [PATH][string] [/storage/sdcard0/.SystemService/DEID/uviyju.xlugh.oemwdco.kljln] [MODE][int] [0700]
D/S4URC   ( 2663): [SDK] [java.io.File] [getPath] [FilePath][String] [/storage/sdcard0]
D/S4URC   ( 2663): [SDK] [android.os.Environment] [getExternalStorageDirectory] [DirectoryPath][String] [/storage/sdcard0]
D/S4URC   ( 2663): [SDK] [java.io.File] [getPath] [FilePath][String] [/storage/sdcard0]
D/S4URC   ( 2663): [SDK] [java.io.File] [Constructor] [FilePath][String] [/storage/sdcard0/.SystemService/053CE9326103161DC37854ECE8E0DBE2/]
D/S4URC   ( 2663): [SDK] [java.io.File] [exists] [FilePath][String] [/storage/sdcard0/.SystemService/053CE9326103161DC37854ECE8E0DBE2]
D/S4URC   ( 2663): [NDK] [SYSCALL] [access] [PATH][string] [/storage/sdcard0/.SystemService/053CE9326103161DC37854ECE8E0DBE2]
D/S4URC   ( 2663): [SDK] [java.io.File] [mkdirs] [FilePath][String] [/storage/sdcard0/.SystemService/053CE9326103161DC37854ECE8E0DBE2]
D/S4URC   ( 2663): [NDK] [SYSCALL] [mkdir] [PATH][string] [/storage/sdcard0/.SystemService/053CE9326103161DC37854ECE8E0DBE2] [MODE][int] [0700]
D/S4URC   ( 2821): [SDK] [java.lang.Class] [forName] [FindClass][String] [android.content.res.ResourcesKey]
D/S4URC   ( 2663): [SDK] [java.io.File] [getPath] [FilePath][String] [/storage/sdcard0]
D/S4URC   ( 2663): [SDK] [android.os.Environment] [getExternalStorageDirectory] [DirectoryPath][String] [/storage/sdcard0]
D/S4URC   ( 2821): [SDK] [java.lang.Class] [forName] [FindClass][String] [android.app.ResourcesManager]
D/S4URC   ( 2663): [SDK] [java.io.File] [getPath] [FilePath][String] [/storage/sdcard0]
D/S4URC   ( 2663): [SDK] [java.io.File] [Constructor] [FilePath][String] [/storage/sdcard0/.SystemService/053CE9326103161DC37854ECE8E0DBE2/.account/]
D/S4URC   ( 2663): [SDK] [java.io.File] [exists] [FilePath][String] [/storage/sdcard0/.SystemService/053CE9326103161DC37854ECE8E0DBE2/.account]
D/S4URC   ( 2663): [NDK] [SYSCALL] [access] [PATH][string] [/storage/sdcard0/.SystemService/053CE9326103161DC37854ECE8E0DBE2/.account]
D/S4URC   ( 2821): [SDK] [java.io.File] [Constructor] [FilePath][String] [/data/app/uviyju.xlugh.oemwdco.kljln-1/base.apk]
D/S4URC   ( 2663): [SDK] [java.io.File] [mkdirs] [FilePath][String] [/storage/sdcard0/.SystemService/053CE9326103161DC37854ECE8E0DBE2/.account]
D/S4URC   ( 2663): [NDK] [SYSCALL] [mkdir] [PATH][string] [/storage/sdcard0/.SystemService/053CE9326103161DC37854ECE8E0DBE2/.account] [MODE][int] [0700]
D/S4URC   ( 2821): [SDK] [java.io.File] [getPath] [FilePath][String] [/data/data/uviyju.xlugh.oemwdco.kljln]
D/S4URC   ( 2821): [SDK] [java.io.File] [exists] [FilePath][String] [/data/data/uviyju.xlugh.oemwdco.kljln/cache]
D/S4URC   ( 2821): [SDK] [java.io.File] [getPath] [FilePath][String] [/data/data/uviyju.xlugh.oemwdco.kljln/cache]
D/S4URC   ( 2663): [SDK] [java.io.File] [exists] [FilePath][String] [/data/data/uviyju.xlugh.oemwdco.kljln/files]
D/S4URC   ( 2663): [NDK] [SYSCALL] [access] [PATH][string] [/data/data/uviyju.xlugh.oemwdco.kljln/files]
D/S4URC   ( 2663): [SDK] [java.io.File] [Constructor] [FilePath][String] [/data/data/uviyju.xlugh.oemwdco.kljln/files/.SystemService/053CE9326103161DC37854ECE8E0DBE2/]
D/S4URC   ( 2663): [SDK] [java.io.File] [exists] [FilePath][String] [/data/data/uviyju.xlugh.oemwdco.kljln/files/.SystemService/053CE9326103161DC37854ECE8E0DBE2]
D/S4URC   ( 2663): [NDK] [SYSCALL] [access] [PATH][string] [/data/data/uviyju.xlugh.oemwdco.kljln/files/.SystemService/053CE9326103161DC37854ECE8E0DBE2]
D/S4URC   ( 2663): [SDK] [java.io.File] [mkdirs] [FilePath][String] [/data/data/uviyju.xlugh.oemwdco.kljln/files/.SystemService/053CE9326103161DC37854ECE8E0DBE2]
D/S4URC   ( 2663): [NDK] [SYSCALL] [mkdir] [PATH][string] [/data/data/uviyju.xlugh.oemwdco.kljln/files/.SystemService/053CE9326103161DC37854ECE8E0DBE2] [MODE][int] [0700]
D/S4URC   ( 2663): [SDK] [java.io.File] [getParent] [FilePath][String] [/data/data/uviyju.xlugh.oemwdco.kljln/files/.SystemService/053CE9326103161DC37854ECE8E0DBE2]
D/S4URC   ( 2663): [SDK] [java.io.File] [Constructor] [FilePath][String] [/data/data/uviyju.xlugh.oemwdco.kljln/files/.SystemService]
D/S4URC   ( 2663): [NDK] [SYSCALL] [mkdir] [PATH][string] [/data/data/uviyju.xlugh.oemwdco.kljln/files/.SystemService] [MODE][int] [0700]
D/S4URC   ( 2663): [SDK] [java.io.File] [mkdir] [FilePath][String] [/data/data/uviyju.xlugh.oemwdco.kljln/files/.SystemService/053CE9326103161DC37854ECE8E0DBE2]
D/S4URC   ( 2663): [NDK] [SYSCALL] [mkdir] [PATH][string] [/data/data/uviyju.xlugh.oemwdco.kljln/files/.SystemService/053CE9326103161DC37854ECE8E0DBE2] [MODE][int] [0700]
D/S4URC   ( 2663): [SDK] [java.io.File] [exists] [FilePath][String] [/data/data/uviyju.xlugh.oemwdco.kljln/files]
D/S4URC   ( 2663): [NDK] [SYSCALL] [access] [PATH][string] [/data/data/uviyju.xlugh.oemwdco.kljln/files]
D/S4URC   ( 2663): [SDK] [java.io.File] [Constructor] [FilePath][String] [/data/data/uviyju.xlugh.oemwdco.kljln/files/.SystemService/053CE9326103161DC37854ECE8E0DBE2/.account/]
D/S4URC   ( 2663): [SDK] [java.io.File] [exists] [FilePath][String] [/data/data/uviyju.xlugh.oemwdco.kljln/files/.SystemService/053CE9326103161DC37854ECE8E0DBE2/.account]
D/S4URC   ( 2663): [NDK] [SYSCALL] [access] [PATH][string] [/data/data/uviyju.xlugh.oemwdco.kljln/files/.SystemService/053CE9326103161DC37854ECE8E0DBE2/.account]
D/S4URC   ( 2663): [SDK] [java.io.File] [mkdirs] [FilePath][String] [/data/data/uviyju.xlugh.oemwdco.kljln/files/.SystemService/053CE9326103161DC37854ECE8E0DBE2/.account]
D/S4URC   ( 2663): [NDK] [SYSCALL] [mkdir] [PATH][string] [/data/data/uviyju.xlugh.oemwdco.kljln/files/.SystemService/053CE9326103161DC37854ECE8E0DBE2/.account] [MODE][int] [0700]
D/S4URC   ( 2663): [SDK] [android.content.ContextWrapper][getSharedPreferences] [File][dc.053CE9326103161DC37854ECE8E0DBE2.preferences.xml] [MODE][MODE_PRIVATE] [Method][getString] [String][DC_UID_ActTime] [Return][null]
D/S4URC   ( 2663): [SDK] [android.content.ContextWrapper][getSharedPreferences] [File][dc.053CE9326103161DC37854ECE8E0DBE2.preferences.xml] [MODE][MODE_PRIVATE] [Method][getString] [String][053CE9326103161DC37854ECE8E0DBE2_DC_UID_ActTime] [Return][null]
D/S4URC   ( 2663): [SDK] [android.content.ContextWrapper][getSharedPreferences] [File][dc.053CE9326103161DC37854ECE8E0DBE2.preferences.xml] [MODE][MODE_PRIVATE] [Method][getString] [String][DC_UID_ActTime] [Return][null]
D/S4URC   ( 2663): [SDK] [android.content.ContextWrapper][getSharedPreferences] [File][dc.053CE9326103161DC37854ECE8E0DBE2.preferences.xml] [MODE][MODE_PRIVATE] [Method][getString] [String][053CE9326103161DC37854ECE8E0DBE2_DC_UID_ActTime] [Return][null]
D/S4URC   ( 2663): [SDK] [java.io.File] [Constructor] [FilePath][String] [/storage/sdcard0/.SystemService/uviyju.xlugh.oemwdco.kljln/uid]
D/S4URC   ( 2663): [SDK] [java.io.File] [getPath] [FilePath][String] [/storage/sdcard0/.SystemService/uviyju.xlugh.oemwdco.kljln/uid]
D/S4URC   ( 2821): [SDK] [android.app.ApplicationPackageManager] [getApplicationInfo] [FindApplicationName][String] [uviyju.xlugh.oemwdco.kljln]
D/S4URC   ( 2663): [NDK] [SYSCALL] [open] [PATH][string] [/storage/sdcard0/.SystemService/uviyju.xlugh.oemwdco.kljln/uid] [RETURN][int] [-1]
D/S4URC   ( 2663): [NDK] [SYSCALL] [lstat] [PATH][string] [/storage]
D/S4URC   ( 2663): [NDK] [SYSCALL] [lstat] [PATH][string] [/storage/sdcard0]
D/S4URC   ( 2663): [SDK] [java.io.File] [Constructor] [FilePath][String] [/storage/sdcard0]
D/S4URC   ( 2663): [SDK] [java.io.File] [Constructor] [FilePath][String] [/storage/sdcard1]
D/S4URC   ( 2663): [SDK] [java.io.File] [Constructor] [FilePath][String] [/storage/usb2host]
D/S4URC   ( 2663): [SDK] [java.io.File] [Constructor] [FilePath][String] [/storage/usb3device]
D/S4URC   ( 2663): [SDK] [java.io.File] [Constructor] [FilePath][String] [/storage/usb3host]
D/S4URC   ( 2663): [SDK] [android.os.Environment] [getExternalStorageState] [ExternalStorageState][String] [mounted]
D/S4URC   ( 2663): [SDK] [java.io.File] [Constructor] [FilePath][String] [/storage/sdcard0/.SystemService/053CE9326103161DC37854ECE8E0DBE2/uid]
D/S4URC   ( 2821): [SDK] [android.app.ApplicationPackageManager] [getApplicationInfo] [FindApplicationName][String] [uviyju.xlugh.oemwdco.kljln]
D/S4URC   ( 2663): [SDK] [java.io.File] [getPath] [FilePath][String] [/storage/sdcard0/.SystemService/053CE9326103161DC37854ECE8E0DBE2/uid]
D/S4URC   ( 2821): [SDK] [android.app.ApplicationPackageManager] [getApplicationInfo] [FindApplicationName][String] [uviyju.xlugh.oemwdco.kljln]
D/S4URC   ( 2663): [NDK] [SYSCALL] [open] [PATH][string] [/storage/sdcard0/.SystemService/053CE9326103161DC37854ECE8E0DBE2/uid] [RETURN][int] [-1]
D/S4URC   ( 2821): [SDK] [android.app.ApplicationPackageManager] [getApplicationInfo] [FindApplicationName][String] [uviyju.xlugh.oemwdco.kljln]
D/S4URC   ( 2663): [SDK] [java.io.File] [Constructor] [FilePath][String] [/storage/sdcard0/.SystemService/DEID/uviyju.xlugh.oemwdco.kljln/oid]
D/S4URC   ( 2663): [SDK] [java.io.File] [getPath] [FilePath][String] [/storage/sdcard0/.SystemService/DEID/uviyju.xlugh.oemwdco.kljln/oid]
D/S4URC   ( 2663): [NDK] [SYSCALL] [open] [PATH][string] [/storage/sdcard0/.SystemService/DEID/uviyju.xlugh.oemwdco.kljln/oid] [RETURN][int] [-1]
D/S4URC   ( 2663): [SDK] [java.io.File] [Constructor] [FilePath][String] [/storage/sdcard0/.SystemService/DEID/uviyju.xlugh.oemwdco.kljln/oid]
D/S4URC   ( 2663): [SDK] [java.io.File] [getPath] [FilePath][String] [/storage/sdcard0/.SystemService/DEID/uviyju.xlugh.oemwdco.kljln/oid]
D/S4URC   ( 2663): [NDK] [SYSCALL] [open] [PATH][string] [/storage/sdcard0/.SystemService/DEID/uviyju.xlugh.oemwdco.kljln/oid] [RETURN][int] [99]
D/S4URC   ( 2821): [SDK] [java.lang.Class] [forName] [FindClass][String] [dalvik.system.DexClassLoader]
D/S4URC   ( 2821): [SDK] [java.io.File] [Constructor] [FilePath][String] [/storage/sdcard0]
D/S4URC   ( 2663): [NDK] [SYSCALL] [lstat] [PATH][string] [/storage]
D/S4URC   ( 2663): [NDK] [SYSCALL] [lstat] [PATH][string] [/storage/sdcard0]
D/S4URC   ( 2663): [SDK] [java.io.File] [Constructor] [FilePath][String] [/storage/sdcard0]
D/S4URC   ( 2663): [SDK] [java.io.File] [Constructor] [FilePath][String] [/storage/sdcard1]
D/S4URC   ( 2663): [SDK] [java.io.File] [Constructor] [FilePath][String] [/storage/usb2host]
D/S4URC   ( 2663): [SDK] [java.io.File] [Constructor] [FilePath][String] [/storage/usb3device]
D/S4URC   ( 2663): [SDK] [java.io.File] [Constructor] [FilePath][String] [/storage/usb3host]
D/S4URC   ( 2821): [SDK] [java.io.File] [Constructor] [FilePath][String] [/storage/sdcard0]
D/S4URC   ( 2821): [SDK] [java.io.File] [Constructor] [FilePath][String] [/storage/sdcard1]
D/S4URC   ( 2821): [SDK] [java.io.File] [Constructor] [FilePath][String] [/storage/usb2host]
D/S4URC   ( 2821): [SDK] [java.io.File] [Constructor] [FilePath][String] [/storage/usb3device]
D/S4URC   ( 2821): [SDK] [java.io.File] [Constructor] [FilePath][String] [/storage/usb3host]
D/S4URC   ( 2663): [SDK] [android.os.Environment] [getExternalStorageState] [ExternalStorageState][String] [mounted]
D/S4URC   ( 2663): [SDK] [java.io.File] [Constructor] [FilePath][String] [/storage/sdcard0/.SystemService/053CE9326103161DC37854ECE8E0DBE2/uid]
D/S4URC   ( 2663): [SDK] [java.io.File] [getPath] [FilePath][String] [/storage/sdcard0/.SystemService/053CE9326103161DC37854ECE8E0DBE2/uid]
D/S4URC   ( 2821): [SDK] [android.os.Environment] [getExternalStorageState] [ExternalStorageState][String] [mounted]
D/S4URC   ( 2821): [SDK] [java.io.File] [getPath] [FilePath][String] [/storage/sdcard0]
D/S4URC   ( 2821): [SDK] [android.os.Environment] [getExternalStorageDirectory] [DirectoryPath][String] [/storage/sdcard0]
D/S4URC   ( 2821): [SDK] [java.io.File] [canRead] [FilePath][String] [/storage/sdcard0]
D/S4URC   ( 2821): [SDK] [java.io.File] [canWrite] [FilePath][String] [/storage/sdcard0]
D/S4URC   ( 2821): [SDK] [java.io.File] [getPath] [FilePath][String] [/storage/sdcard0]
D/S4URC   ( 2821): [SDK] [android.os.Environment] [getExternalStorageDirectory] [DirectoryPath][String] [/storage/sdcard0]
D/S4URC   ( 2663): [NDK] [SYSCALL] [open] [PATH][string] [/storage/sdcard0/.SystemService/053CE9326103161DC37854ECE8E0DBE2/uid] [RETURN][int] [99]
D/S4URC   ( 2821): [SDK] [java.io.File] [Constructor] [FilePath][String] [/storage/sdcard0/zhimeng123.evn]
D/S4URC   ( 2821): [SDK] [java.io.File] [exists] [FilePath][String] [/storage/sdcard0/zhimeng123.evn]
D/S4URC   ( 2663): [SDK] [android.content.ContextWrapper][getSharedPreferences] [File][dc.053CE9326103161DC37854ECE8E0DBE2.preferences.xml] [MODE][MODE_PRIVATE] [Method][putString] [Key][053CE9326103161DC37854ECE8E0DBE2_DC_UID_ActTime] [Value][24CB9431C1EA48C7B9E563C5F77E0CC6|0]
D/S4URC   ( 2663): [SDK] [java.io.File] [exists] [FilePath][String] [/data/data/uviyju.xlugh.oemwdco.kljln/shared_prefs/dc.053CE9326103161DC37854ECE8E0DBE2.preferences.xml]
D/S4URC   ( 2663): [NDK] [SYSCALL] [access] [PATH][string] [/data/data/uviyju.xlugh.oemwdco.kljln/shared_prefs/dc.053CE9326103161DC37854ECE8E0DBE2.preferences.xml]
D/S4URC   ( 2663): [SDK] [java.io.File] [getPath] [FilePath][String] [/data/data/uviyju.xlugh.oemwdco.kljln/shared_prefs/dc.053CE9326103161DC37854ECE8E0DBE2.preferences.xml]
D/S4URC   ( 2663): [NDK] [SYSCALL] [open] [PATH][string] [/data/data/uviyju.xlugh.oemwdco.kljln/shared_prefs/dc.053CE9326103161DC37854ECE8E0DBE2.preferences.xml] [RETURN][int] [99]
D/S4URC   ( 2663): [SDK] [java.io.File] [getPath] [FilePath][String] [/data/data/uviyju.xlugh.oemwdco.kljln/shared_prefs/dc.053CE9326103161DC37854ECE8E0DBE2.preferences.xml]
D/S4URC   ( 2663): [NDK] [SYSCALL] [chmod] [PATH][string] [/data/data/uviyju.xlugh.oemwdco.kljln/shared_prefs/dc.053CE9326103161DC37854ECE8E0DBE2.preferences.xml] [MODE][int] [0660]
D/S4URC   ( 2663): [SDK] [java.io.File] [getPath] [FilePath][String] [/data/data/uviyju.xlugh.oemwdco.kljln/shared_prefs/dc.053CE9326103161DC37854ECE8E0DBE2.preferences.xml]
D/S4URC   ( 2663): [NDK] [SYSCALL] [stat] [PATH][string] [/data/data/uviyju.xlugh.oemwdco.kljln/shared_prefs/dc.053CE9326103161DC37854ECE8E0DBE2.preferences.xml]
D/S4URC   ( 2663): [SDK] [java.io.File] [delete] [FilePath][String] [/data/data/uviyju.xlugh.oemwdco.kljln/shared_prefs/dc.053CE9326103161DC37854ECE8E0DBE2.preferences.xml.bak]
D/S4URC   ( 2663): [NDK] [SYSCALL] [lstat] [PATH][string] [/data/data/uviyju.xlugh.oemwdco.kljln/shared_prefs/dc.053CE9326103161DC37854ECE8E0DBE2.preferences.xml.bak]
D/S4URC   ( 2663):  [Method][getString] [String][DC_ACCOUNT_2E0983321776A6EE10FF3EAF0DDBD0D6] [Return][]
D/S4URC   ( 2663):  [Method][getString] [String][053CE9326103161DC37854ECE8E0DBE2_DC_ACCOUNT_2E0983321776A6EE10FF3EAF0DDBD0D6] [Return][]
D/S4URC   ( 2663): [SDK] [java.io.File] [Constructor] [FilePath][String] [/storage/sdcard0/uviyju.xlugh.oemwdco.kljln/.account/2E0983321776A6EE10FF3EAF0DDBD0D6]
D/S4URC   ( 2663): [SDK] [java.io.File] [getPath] [FilePath][String] [/storage/sdcard0/uviyju.xlugh.oemwdco.kljln/.account/2E0983321776A6EE10FF3EAF0DDBD0D6]
D/S4URC   ( 2663): [SDK] [javax.crypto.spec.SecretKeySpec][Constructor] [KEY][gvTyY9Pf][type][DES][javax.crypto.Cipher][getInstance] [Cipher][DES] [javax.crypto.Cipher][getInstance] [Cipher][DES] [javax.crypto.Cipher][doFinal] [Data][{"cmd":102,"pcount":1,"pname":"uviyju.xlugh.oemwdco.kljln","sver":"1.3.5","ntype":"","mix":0,"soper":"","gid":"f6891639b3dee264f11fdc7396461929","tps":[{"type":100,"subtype":[101,102,103,104,105,106,107,108,109,110,111,112,113,119,121,127,128,132,134,136,138,139]}],"su":0,"imei":"9dd4736125bf4d04","cpid":1326,"uid":"","pkg":["com.touchtype.swiftkey","com.android.samsung.installer","uviyju.xlugh.oemwdco.kljln","samsung.systemservice"],"aid":101922,"imsi":"","prod":"galaxys5","chid":"C0QV8"}] [Return][BdVYCxuQFHsZe95CguOafEDIQzMKLhynizC4kXMs6sLZGosE8rDvnKmuLwNXABabXfz0GbKR7Qb5bbQ6+5z8xvTOpNutXQ/4LZVWSh0WsJqoaEBJbKI3AOcARtLy6BYVFYHwLYzNQbvQ+Nas8atMc1FnZ3O84PZm4B0b68s6E755O9KGPzJ3Ybd1o1n0bAZmHBpOgReoy+9EbvlBrHNzyD6XEA25Frd2mGuvBEllp99cMdLf0om4dBJVEJquH5RHuByqhX+LVuqBUrgz594HPMkHJPrx4Gk6swij9ENtmN0YK/BBBD1neoUfUR1fE8plFaEH1Gpg79/m4pluQ4LWWvjl9jq3K+2v92+lEWVB28edpQdTWlETTZ8+uA6mpMCEoaJDBDs8r3QHrnU7qsXaitiuFImlHyf/BYohyA2wy0lhwi+pC1ZaGnC4MJ/k8lFYfFV8XjgrvOzbBrSKgXoMyptk8DavyjslL85ePr7jyyw4+ALwzb9HP5V22cIx6PKgM4/ohOwIesuwnrd6l3ylHlOTs4WIojIo44QZUNDzRZbx74ryE27tddCXi54etjUBe+/ZMHwEza21YoEzRvihr9KjSYqhh9NXQN76+q9bHLVJnDxd8X8dxrP4/DZGDn5uNHWXVzhP3vGUXPdNuxPk6A==]
D/S4URC   ( 2663): [NDK] [SYSCALL] [open] [PATH][string] [/storage/sdcard0/uviyju.xlugh.oemwdco.kljln/.account/2E0983321776A6EE10FF3EAF0DDBD0D6] [RETURN][int] [-1]
D/S4URC   ( 2663): [NDK] [SYSCALL] [lstat] [PATH][string] [/storage]
D/S4URC   ( 2663): [NDK] [SYSCALL] [lstat] [PATH][string] [/storage/sdcard0]
D/S4URC   ( 2663): [SDK] [java.io.File] [Constructor] [FilePath][String] [/storage/sdcard0]
D/S4URC   ( 2821): [SDK] [java.lang.Class] [forName] [FindClass][String] [com.android.org.conscrypt.OpenSSLMessageDigestJDK$MD5]
D/S4URC   ( 2663): [SDK] [java.io.File] [Constructor] [FilePath][String] [/storage/sdcard0]
D/S4URC   ( 2663): [SDK] [java.io.File] [Constructor] [FilePath][String] [/storage/sdcard1]
D/S4URC   ( 2663): [SDK] [java.io.File] [Constructor] [FilePath][String] [/storage/usb2host]
D/S4URC   ( 2663): [SDK] [java.io.File] [Constructor] [FilePath][String] [/storage/usb3device]
D/S4URC   ( 2663): [SDK] [java.io.File] [Constructor] [FilePath][String] [/storage/usb3host]
D/S4URC   ( 2821): [SDK] [java.io.File] [getPath] [FilePath][String] [/data/data/uviyju.xlugh.oemwdco.kljln]
D/S4URC   ( 2821): [SDK] [java.io.File] [getPath] [FilePath][String] [/data/data/uviyju.xlugh.oemwdco.kljln/shared_prefs]
D/S4URC   ( 2821): [SDK] [java.io.File] [getPath] [FilePath][String] [/data/data/uviyju.xlugh.oemwdco.kljln/shared_prefs/zplugin_query.xml]
D/S4URC   ( 2821): [SDK] [java.io.File] [Constructor] [FilePath][String] [/data/data/uviyju.xlugh.oemwdco.kljln/shared_prefs/zplugin_query.xml.bak]
D/S4URC   ( 2821): [SDK] [java.io.File] [exists] [FilePath][String] [/data/data/uviyju.xlugh.oemwdco.kljln/shared_prefs/zplugin_query.xml]
D/S4URC   ( 2663):  [Method][getString] [String][DC_ETAG] [Return][]
D/S4URC   ( 2821): [SDK] [android.content.ContextWrapper][getSharedPreferences] [File][zplugin_query.xml] [MODE][APPEND or MULTI_PROCESS]
D/S4URC   ( 2663): [SDK] [android.os.Environment] [getExternalStorageState] [ExternalStorageState][String] [mounted]
D/S4URC   ( 2821): [SDK] [java.io.File] [exists] [FilePath][String] [/data/data/uviyju.xlugh.oemwdco.kljln/shared_prefs/zplugin_query.xml.bak]
D/S4URC   ( 2821): [SDK] [java.io.File] [exists] [FilePath][String] [/data/data/uviyju.xlugh.oemwdco.kljln/shared_prefs/zplugin_query.xml]
D/S4URC   ( 2821): [SDK] [java.io.File] [getPath] [FilePath][String] [/data/data/uviyju.xlugh.oemwdco.kljln/shared_prefs/zplugin_query.xml]
D/S4URC   ( 2663): [SDK] [java.io.File] [Constructor] [FilePath][String] [/storage/sdcard0/.SystemService/053CE9326103161DC37854ECE8E0DBE2/.account/2E0983321776A6EE10FF3EAF0DDBD0D6]
D/S4URC   ( 2663): [SDK] [java.io.File] [getPath] [FilePath][String] [/storage/sdcard0/.SystemService/053CE9326103161DC37854ECE8E0DBE2/.account/2E0983321776A6EE10FF3EAF0DDBD0D6]
D/S4URC   ( 2821): [SDK] [android.telephony.TelephonyManager] [getSubscriberId]
D/S4URC   ( 2663): [NDK] [SYSCALL] [open] [PATH][string] [/storage/sdcard0/.SystemService/053CE9326103161DC37854ECE8E0DBE2/.account/2E0983321776A6EE10FF3EAF0DDBD0D6] [RETURN][int] [-1]
D/S4URC   ( 2663): [NDK] [SYSCALL] [socket] [TYPE][string] [TCP]
D/S4URC   ( 2663): [SDK] [java.io.File] [getPath] [FilePath][String] [/data/data/uviyju.xlugh.oemwdco.kljln]
D/S4URC   ( 2663): [SDK] [java.io.File] [getPath] [FilePath][String] [/data/data/uviyju.xlugh.oemwdco.kljln/databases]
D/S4URC   ( 2663): [SDK] [java.io.File] [isDirectory] [FilePath][String] [/data/data/uviyju.xlugh.oemwdco.kljln/databases]
D/S4URC   ( 2663): [NDK] [SYSCALL] [stat] [PATH][string] [/data/data/uviyju.xlugh.oemwdco.kljln/databases]
D/S4URC   ( 2663): [SDK] [java.io.File] [mkdir] [FilePath][String] [/data/data/uviyju.xlugh.oemwdco.kljln/databases]
D/S4URC   ( 2663): [NDK] [SYSCALL] [mkdir] [PATH][string] [/data/data/uviyju.xlugh.oemwdco.kljln/databases] [MODE][int] [0700]
D/S4URC   ( 2663): [SDK] [java.io.File] [getPath] [FilePath][String] [/data/data/uviyju.xlugh.oemwdco.kljln/databases]
D/S4URC   ( 2663): [NDK] [SYSCALL] [chmod] [PATH][string] [/data/data/uviyju.xlugh.oemwdco.kljln/databases] [MODE][int] [0771]
D/S4URC   ( 2663): [SDK] [java.io.File] [getPath] [FilePath][String] [/data/data/uviyju.xlugh.oemwdco.kljln/databases/dataeye_database_053CE9326103161DC37854ECE8E0DBE2.db]
D/S4URC   ( 2663): [NDK] [SYSCALL] [stat] [PATH][string] [/data/data/uviyju.xlugh.oemwdco.kljln/databases/dataeye_database_053CE9326103161DC37854ECE8E0DBE2.db]
D/S4URC   ( 2663): [NDK] [SYSCALL] [open] [PATH][string] [/data/data/uviyju.xlugh.oemwdco.kljln/databases/dataeye_database_053CE9326103161DC37854ECE8E0DBE2.db] [RETURN][int] [99]
D/S4URC   ( 2663): [NDK] [SYSCALL] [stat] [PATH][string] [/data/data/uviyju.xlugh.oemwdco.kljln/databases/dataeye_database_053CE9326103161DC37854ECE8E0DBE2.db]
D/S4URC   ( 2663): [SDK] [java.lang.Class] [forName] [FindClass][String] [com.android.internal.telephony.PhoneFactory]
D/S4URC   ( 2663): [SDK] [java.lang.Class] [forName] [FindClass][String] [android.telephony.MSimTelephonyManager]
D/S4URC   ( 2663): [SDK] [java.lang.Class] [forName] [FindClass][String] [com.android.internal.telephony.Phone]
D/S4URC   ( 2821): [SDK] [android.telephony.TelephonyManager] [getSubscriberId]
D/S4URC   ( 2663): [SDK] [java.lang.Class] [forName] [FindClass][String] [com.android.internal.telephony.PhoneConstants]
D/S4URC   ( 2663): [SDK] [android.telephony.TelephonyManager] [getDeviceId]
D/S4URC   ( 2663): [NDK] [SYSCALL] [access] [PATH][string] [/data/data/uviyju.xlugh.oemwdco.kljln/databases/dataeye_database_053CE9326103161DC37854ECE8E0DBE2.db-journal]
D/S4URC   ( 2663): [NDK] [SYSCALL] [unlink] [PATH][string] [/data/data/uviyju.xlugh.oemwdco.kljln/databases/dataeye_database_053CE9326103161DC37854ECE8E0DBE2.db-wal]
D/S4URC   ( 2821): [SDK] [android.telephony.TelephonyManager] [getLine1Number]
D/S4URC   ( 2663): [NDK] [SYSCALL] [access] [PATH][string] [/data/data/uviyju.xlugh.oemwdco.kljln/databases/dataeye_database_053CE9326103161DC37854ECE8E0DBE2.db-journal]
D/S4URC   ( 2663): [NDK] [SYSCALL] [unlink] [PATH][string] [/data/data/uviyju.xlugh.oemwdco.kljln/databases/dataeye_database_053CE9326103161DC37854ECE8E0DBE2.db-wal]
D/S4URC   ( 2663): [NDK] [SYSCALL] [stat] [PATH][string] [/data/data/uviyju.xlugh.oemwdco.kljln/databases/dataeye_database_053CE9326103161DC37854ECE8E0DBE2.db]
D/S4URC   ( 2663): [NDK] [SYSCALL] [open] [PATH][string] [/data/data/uviyju.xlugh.oemwdco.kljln/databases/dataeye_database_053CE9326103161DC37854ECE8E0DBE2.db-journal] [RETURN][int] [102]
D/S4URC   ( 2663): [NDK] [SYSCALL] [open] [PATH][string] [/dev/urandom] [RETURN][int] [104]
D/S4URC   ( 2663): [SDK] [android.telephony.TelephonyManager] [getDeviceId]
