D/S4URC   ( 2890): [SDK] [android.content.ContextWrapper] [sendBroadcast] [Intent] Intent { act=miniSDK.zplugin.loadresult (has extras) } [ExtraInfo][key:value][result:0]
D/S4URC   ( 2675): [NDK] [SYSCALL] [access] [PATH][string] [/data/data/uviyju.xlugh.oemwdco.kljln/shared_prefs/Cocos2dxPrefsFile.xml]
D/S4URC   ( 2675): [SDK] [java.io.File] [getPath] [FilePath][String] [/data/data/uviyju.xlugh.oemwdco.kljln/shared_prefs/Cocos2dxPrefsFile.xml]
D/S4URC   ( 2675): [NDK] [SYSCALL] [stat] [PATH][string] [/data/data/uviyju.xlugh.oemwdco.kljln/shared_prefs/Cocos2dxPrefsFile.xml]
D/S4URC   ( 2675): [SDK] [android.content.ContextWrapper][getSharedPreferences] [File][Cocos2dxPrefsFile.xml] [MODE][MODE_PRIVATE] [Method][getBoolean] [Boolean][isExist] [Return][false]
D/S4URC   ( 2675): [NDK] [SYSCALL] [open] [PATH][string] [/data/data/uviyju.xlugh.oemwdco.kljln/UserDefault.xml] [RETURN][int] [-1]
D/S4URC   ( 2675): [SDK] [java.io.File] [getPath] [FilePath][String] [/data/data/uviyju.xlugh.oemwdco.kljln/shared_prefs/Cocos2dxPrefsFile.xml]
D/S4URC   ( 2675): [NDK] [SYSCALL] [stat] [PATH][string] [/data/data/uviyju.xlugh.oemwdco.kljln/shared_prefs/Cocos2dxPrefsFile.xml]
D/S4URC   ( 2675): [SDK] [android.content.ContextWrapper][getSharedPreferences] [File][Cocos2dxPrefsFile.xml] [MODE][MODE_PRIVATE]
D/S4URC   ( 2890): [SDK] [java.io.File] [Constructor] [FilePath][String] [/storage/sdcard0]
D/S4URC   ( 2675): [SDK] [java.io.File] [exists] [FilePath][String] [/data/data/uviyju.xlugh.oemwdco.kljln/shared_prefs/Cocos2dxPrefsFile.xml.bak]
D/S4URC   ( 2675): [NDK] [SYSCALL] [access] [PATH][string] [/data/data/uviyju.xlugh.oemwdco.kljln/shared_prefs/Cocos2dxPrefsFile.xml.bak]
D/S4URC   ( 2675): [SDK] [java.io.File] [exists] [FilePath][String] [/data/data/uviyju.xlugh.oemwdco.kljln/shared_prefs/Cocos2dxPrefsFile.xml]
D/S4URC   ( 2675): [NDK] [SYSCALL] [access] [PATH][string] [/data/data/uviyju.xlugh.oemwdco.kljln/shared_prefs/Cocos2dxPrefsFile.xml]
D/S4URC   ( 2675): [SDK] [java.io.File] [getPath] [FilePath][String] [/data/data/uviyju.xlugh.oemwdco.kljln/shared_prefs/Cocos2dxPrefsFile.xml]
D/S4URC   ( 2675): [NDK] [SYSCALL] [stat] [PATH][string] [/data/data/uviyju.xlugh.oemwdco.kljln/shared_prefs/Cocos2dxPrefsFile.xml]
D/S4URC   ( 2675): [SDK] [android.content.ContextWrapper][getSharedPreferences] [File][Cocos2dxPrefsFile.xml] [MODE][MODE_PRIVATE] [Method][putBoolean] [Key][isExist] [Value][true]
D/S4URC   ( 2675): [SDK] [java.io.File] [exists] [FilePath][String] [/data/data/uviyju.xlugh.oemwdco.kljln/shared_prefs/Cocos2dxPrefsFile.xml]
D/S4URC   ( 2675): [NDK] [SYSCALL] [access] [PATH][string] [/data/data/uviyju.xlugh.oemwdco.kljln/shared_prefs/Cocos2dxPrefsFile.xml]
D/S4URC   ( 2675): [SDK] [java.io.File] [getPath] [FilePath][String] [/data/data/uviyju.xlugh.oemwdco.kljln/shared_prefs/Cocos2dxPrefsFile.xml]
D/S4URC   ( 2675): [NDK] [SYSCALL] [open] [PATH][string] [/data/data/uviyju.xlugh.oemwdco.kljln/shared_prefs/Cocos2dxPrefsFile.xml] [RETURN][int] [131]
D/S4URC   ( 2890): [SDK] [java.io.File] [Constructor] [FilePath][String] [/storage/sdcard0]
D/S4URC   ( 2890): [SDK] [java.io.File] [Constructor] [FilePath][String] [/storage/sdcard1]
D/S4URC   ( 2890): [SDK] [java.io.File] [Constructor] [FilePath][String] [/storage/usb2host]
D/S4URC   ( 2890): [SDK] [java.io.File] [Constructor] [FilePath][String] [/storage/usb3device]
D/S4URC   ( 2890): [SDK] [java.io.File] [Constructor] [FilePath][String] [/storage/usb3host]
D/S4URC   ( 2890): [SDK] [android.os.Environment] [getExternalStorageState] [ExternalStorageState][String] [mounted]
D/S4URC   ( 2890): [SDK] [java.io.File] [getPath] [FilePath][String] [/storage/sdcard0]
D/S4URC   ( 2890): [SDK] [android.os.Environment] [getExternalStorageDirectory] [DirectoryPath][String] [/storage/sdcard0]
D/S4URC   ( 2890): [SDK] [java.io.File] [getPath] [FilePath][String] [/storage/sdcard0]
D/S4URC   ( 2890): [SDK] [android.os.Environment] [getExternalStorageDirectory] [DirectoryPath][String] [/storage/sdcard0]
D/S4URC   ( 2890): [SDK] [java.io.File] [getPath] [FilePath][String] [/storage/sdcard0]
D/S4URC   ( 2890): [SDK] [java.io.File] [Constructor] [FilePath][String] [/storage/sdcard0/]
D/S4URC   ( 2890): [SDK] [java.io.File] [exists] [FilePath][String] [/storage/sdcard0]
D/S4URC   ( 2890): [SDK] [java.io.File] [isDirectory] [FilePath][String] [/storage/sdcard0]
D/S4URC   ( 2890): [SDK] [java.io.File] [Constructor] [FilePath][String] [/storage/sdcard0]
D/S4URC   ( 2890): [SDK] [java.io.File] [Constructor] [FilePath][String] [/storage/sdcard1]
D/S4URC   ( 2890): [SDK] [java.io.File] [Constructor] [FilePath][String] [/storage/usb2host]
D/S4URC   ( 2890): [SDK] [java.io.File] [Constructor] [FilePath][String] [/storage/usb3device]
D/S4URC   ( 2890): [SDK] [java.io.File] [Constructor] [FilePath][String] [/storage/usb3host]
D/S4URC   ( 2675): [SDK] [java.io.File] [getPath] [FilePath][String] [/data/data/uviyju.xlugh.oemwdco.kljln/shared_prefs/Cocos2dxPrefsFile.xml]
D/S4URC   ( 2675): [NDK] [SYSCALL] [chmod] [PATH][string] [/data/data/uviyju.xlugh.oemwdco.kljln/shared_prefs/Cocos2dxPrefsFile.xml] [MODE][int] [0660]
D/S4URC   ( 2675): [SDK] [java.io.File] [getPath] [FilePath][String] [/data/data/uviyju.xlugh.oemwdco.kljln/shared_prefs/Cocos2dxPrefsFile.xml]
D/S4URC   ( 2675): [NDK] [SYSCALL] [stat] [PATH][string] [/data/data/uviyju.xlugh.oemwdco.kljln/shared_prefs/Cocos2dxPrefsFile.xml]
D/S4URC   ( 2675): [SDK] [java.io.File] [delete] [FilePath][String] [/data/data/uviyju.xlugh.oemwdco.kljln/shared_prefs/Cocos2dxPrefsFile.xml.bak]
D/S4URC   ( 2675): [NDK] [SYSCALL] [lstat] [PATH][string] [/data/data/uviyju.xlugh.oemwdco.kljln/shared_prefs/Cocos2dxPrefsFile.xml.bak]
D/S4URC   ( 2675): [SDK] [android.content.ContextWrapper][getSharedPreferences] [File][Cocos2dxPrefsFile.xml] [MODE][MODE_PRIVATE] [Method][commit]
D/S4URC   ( 2675): [NDK] [SYSCALL] [open] [PATH][string] [/data/data/uviyju.xlugh.oemwdco.kljln/UserDefault.xml] [RETURN][int] [-1]
D/S4URC   ( 2675): [SDK] [java.io.File] [getPath] [FilePath][String] [/data/data/uviyju.xlugh.oemwdco.kljln/shared_prefs/Cocos2dxPrefsFile.xml]
D/S4URC   ( 2675): [NDK] [SYSCALL] [stat] [PATH][string] [/data/data/uviyju.xlugh.oemwdco.kljln/shared_prefs/Cocos2dxPrefsFile.xml]
D/S4URC   ( 2675): [SDK] [android.content.ContextWrapper][getSharedPreferences] [File][Cocos2dxPrefsFile.xml] [MODE][MODE_PRIVATE]
D/S4URC   ( 2675): [SDK] [android.content.ContextWrapper][getSharedPreferences] [File][Cocos2dxPrefsFile.xml] [MODE][MODE_PRIVATE] [Method][putBoolean] [Key][lcok_1] [Value][true]
D/S4URC   ( 2675): [SDK] [java.io.File] [exists] [FilePath][String] [/data/data/uviyju.xlugh.oemwdco.kljln/shared_prefs/Cocos2dxPrefsFile.xml]
D/S4URC   ( 2675): [NDK] [SYSCALL] [access] [PATH][string] [/data/data/uviyju.xlugh.oemwdco.kljln/shared_prefs/Cocos2dxPrefsFile.xml]
D/S4URC   ( 2675): [SDK] [java.io.File] [exists] [FilePath][String] [/data/data/uviyju.xlugh.oemwdco.kljln/shared_prefs/Cocos2dxPrefsFile.xml.bak]
D/S4URC   ( 2675): [NDK] [SYSCALL] [access] [PATH][string] [/data/data/uviyju.xlugh.oemwdco.kljln/shared_prefs/Cocos2dxPrefsFile.xml.bak]
D/S4URC   ( 2675): [SDK] [java.io.File] [renameTo] [FilePath][String] [/data/data/uviyju.xlugh.oemwdco.kljln/shared_prefs/Cocos2dxPrefsFile.xml] [DesFile][/data/data/uviyju.xlugh.oemwdco.kljln/shared_prefs/Cocos2dxPrefsFile.xml.bak]
D/S4URC   ( 2675): [NDK] [SYSCALL] [rename] [ORIG_PATH][string] [/data/data/uviyju.xlugh.oemwdco.kljln/shared_prefs/Cocos2dxPrefsFile.xml] [NEW_PATH][string] [/data/data/uviyju.xlugh.oemwdco.kljln/shared_prefs/Cocos2dxPrefsFile.xml.bak]
D/S4URC   ( 2890): [SDK] [android.os.Environment] [getExternalStorageState] [ExternalStorageState][String] [mounted]
D/S4URC   ( 2890): [SDK] [java.io.File] [getPath] [FilePath][String] [/storage/sdcard0]
D/S4URC   ( 2890): [SDK] [android.os.Environment] [getExternalStorageDirectory] [DirectoryPath][String] [/storage/sdcard0]
D/S4URC   ( 2890): [SDK] [java.io.File] [getPath] [FilePath][String] [/storage/sdcard0]
D/S4URC   ( 2675): [SDK] [java.io.File] [getPath] [FilePath][String] [/data/data/uviyju.xlugh.oemwdco.kljln/shared_prefs/Cocos2dxPrefsFile.xml]
D/S4URC   ( 2675): [NDK] [SYSCALL] [open] [PATH][string] [/data/data/uviyju.xlugh.oemwdco.kljln/shared_prefs/Cocos2dxPrefsFile.xml] [RETURN][int] [77]
D/S4URC   ( 2890): [SDK] [java.io.File] [getPath] [FilePath][String] [/storage/sdcard0]
D/S4URC   ( 2890): [SDK] [android.os.Environment] [getExternalStorageDirectory] [DirectoryPath][String] [/storage/sdcard0]
D/S4URC   ( 2890): [SDK] [java.io.File] [getPath] [FilePath][String] [/storage/sdcard0]
D/S4URC   ( 2890): [SDK] [java.io.File] [Constructor] [FilePath][String] [/storage/sdcard0/]
D/S4URC   ( 2890): [SDK] [java.io.File] [exists] [FilePath][String] [/storage/sdcard0]
D/S4URC   ( 2890): [SDK] [java.io.File] [isDirectory] [FilePath][String] [/storage/sdcard0]
D/S4URC   ( 2675): [SDK] [java.lang.Class] [forName] [FindClass][String] [com.android.internal.telephony.PhoneFactory]
D/S4URC   ( 2890): [SDK] [java.io.File] [Constructor] [FilePath][String] [/storage/sdcard0/Android/data/55AD283AA40/5D55A.28]
D/S4URC   ( 2890): [SDK] [java.io.File] [exists] [FilePath][String] [/storage/sdcard0/Android/data/55AD283AA40/5D55A.28]
D/S4URC   ( 2675): [SDK] [java.lang.Class] [forName] [FindClass][String] [android.telephony.MSimTelephonyManager]
D/S4URC   ( 2890): [SDK] [java.io.File] [Constructor] [FilePath][String] [/storage/sdcard0/Android/data/55AD283AA40/5D55A.28]
D/S4URC   ( 2675): [SDK] [java.lang.Class] [forName] [FindClass][String] [com.android.internal.telephony.Phone]
D/S4URC   ( 2675): [SDK] [java.io.File] [getPath] [FilePath][String] [/data/data/uviyju.xlugh.oemwdco.kljln/shared_prefs/Cocos2dxPrefsFile.xml]
D/S4URC   ( 2675): [NDK] [SYSCALL] [chmod] [PATH][string] [/data/data/uviyju.xlugh.oemwdco.kljln/shared_prefs/Cocos2dxPrefsFile.xml] [MODE][int] [0660]
D/S4URC   ( 2675): [SDK] [java.io.File] [getPath] [FilePath][String] [/data/data/uviyju.xlugh.oemwdco.kljln/shared_prefs/Cocos2dxPrefsFile.xml]
D/S4URC   ( 2675): [NDK] [SYSCALL] [stat] [PATH][string] [/data/data/uviyju.xlugh.oemwdco.kljln/shared_prefs/Cocos2dxPrefsFile.xml]
D/S4URC   ( 2675): [SDK] [java.io.File] [delete] [FilePath][String] [/data/data/uviyju.xlugh.oemwdco.kljln/shared_prefs/Cocos2dxPrefsFile.xml.bak]
D/S4URC   ( 2675): [NDK] [SYSCALL] [lstat] [PATH][string] [/data/data/uviyju.xlugh.oemwdco.kljln/shared_prefs/Cocos2dxPrefsFile.xml.bak]
D/S4URC   ( 2675): [NDK] [SYSCALL] [unlink] [PATH][string] [/data/data/uviyju.xlugh.oemwdco.kljln/shared_prefs/Cocos2dxPrefsFile.xml.bak]
D/S4URC   ( 2675): [SDK] [android.content.ContextWrapper][getSharedPreferences] [File][Cocos2dxPrefsFile.xml] [MODE][MODE_PRIVATE] [Method][commit]
D/S4URC   ( 2675): [SDK] [java.lang.Class] [forName] [FindClass][String] [com.android.internal.telephony.Phone]
D/S4URC   ( 2675): [NDK] [SYSCALL] [open] [PATH][string] [/data/data/uviyju.xlugh.oemwdco.kljln/UserDefault.xml] [RETURN][int] [-1]
D/S4URC   ( 2675): [SDK] [java.io.File] [getPath] [FilePath][String] [/data/data/uviyju.xlugh.oemwdco.kljln/shared_prefs/Cocos2dxPrefsFile.xml]
D/S4URC   ( 2675): [NDK] [SYSCALL] [stat] [PATH][string] [/data/data/uviyju.xlugh.oemwdco.kljln/shared_prefs/Cocos2dxPrefsFile.xml]
D/S4URC   ( 2675): [SDK] [android.content.ContextWrapper][getSharedPreferences] [File][Cocos2dxPrefsFile.xml] [MODE][MODE_PRIVATE]
D/S4URC   ( 2675): [SDK] [android.content.ContextWrapper][getSharedPreferences] [File][Cocos2dxPrefsFile.xml] [MODE][MODE_PRIVATE] [Method][putInt] [Key][star_num_1] [Value][0]
D/S4URC   ( 2675): [SDK] [java.io.File] [exists] [FilePath][String] [/data/data/uviyju.xlugh.oemwdco.kljln/shared_prefs/Cocos2dxPrefsFile.xml]
D/S4URC   ( 2675): [NDK] [SYSCALL] [access] [PATH][string] [/data/data/uviyju.xlugh.oemwdco.kljln/shared_prefs/Cocos2dxPrefsFile.xml]
D/S4URC   ( 2675): [SDK] [java.io.File] [exists] [FilePath][String] [/data/data/uviyju.xlugh.oemwdco.kljln/shared_prefs/Cocos2dxPrefsFile.xml.bak]
D/S4URC   ( 2675): [NDK] [SYSCALL] [access] [PATH][string] [/data/data/uviyju.xlugh.oemwdco.kljln/shared_prefs/Cocos2dxPrefsFile.xml.bak]
D/S4URC   ( 2675): [SDK] [java.io.File] [renameTo] [FilePath][String] [/data/data/uviyju.xlugh.oemwdco.kljln/shared_prefs/Cocos2dxPrefsFile.xml] [DesFile][/data/data/uviyju.xlugh.oemwdco.kljln/shared_prefs/Cocos2dxPrefsFile.xml.bak]
D/S4URC   ( 2675): [SDK] [java.lang.Class] [forName] [FindClass][String] [com.android.internal.telephony.PhoneConstants]
D/S4URC   ( 2675): [NDK] [SYSCALL] [rename] [ORIG_PATH][string] [/data/data/uviyju.xlugh.oemwdco.kljln/shared_prefs/Cocos2dxPrefsFile.xml] [NEW_PATH][string] [/data/data/uviyju.xlugh.oemwdco.kljln/shared_prefs/Cocos2dxPrefsFile.xml.bak]
D/S4URC   ( 2675): [SDK] [java.io.File] [getPath] [FilePath][String] [/data/data/uviyju.xlugh.oemwdco.kljln/shared_prefs/Cocos2dxPrefsFile.xml]
D/S4URC   ( 2675): [NDK] [SYSCALL] [open] [PATH][string] [/data/data/uviyju.xlugh.oemwdco.kljln/shared_prefs/Cocos2dxPrefsFile.xml] [RETURN][int] [77]
D/S4URC   ( 2675): [SDK] [android.telephony.TelephonyManager] [getDeviceId]
D/S4URC   ( 2675): [SDK] [javax.crypto.Cipher][doFinal] [Data][123,34,105,109,115,105,34,58,48,44,34,110,101,116,84,121,112,101,34,58,45,49,44,34,112,97,99,107,67,111,100,101,34,58,34,110,117,108,108,34,44,34,115,100,107,86,101,114,115,105,111,110,34,58,34,52,46,50,46,49,34,44,34,112,97,99,107,97,103,101,78,97,109,101,34,58,34,117,118,105,121,106,117,46,120,108,117,103,104,46,111,101,109,119,100,99,111,46,107,108,106,108,110,34,44,34,108,97,99,34,58,34,48,34,44,34,99,105,100,34,58,34,48,34,44,34,97,99,116,105,111,110,34,58,50,44,34,109,111,100,101,108,34,58,34,103,97,108,97,120,121,115,53,34,44,34,100,105,115,112,108,97,121,34,58,34,54,48,48,120,57,57,52,34,44,34,115,121,115,86,101,114,115,105,111,110,34,58,34,53,46,49,46,49,34,125] [Return][zfcfSf3q6J6f+NF3cmEKu/LTM/5Mke/zzM+XXCLTzEwRl6cpbs0G/asu3DdAmHt1dJ/eEDJ5bsdo0ZwnU3Ncz4nTcq+SXk+JYlgyJtYekjky/w51EO+2FrFbH9dTObYys8LBblDmqECEFd/b7L11OKcvJpSUhw0ZAB0n+j4W10+UqkC94kLVvmfz3tEHeJy9MpBD1cq1M14F90BLZAbEno4zzCmLfNubpMCEBSxFxi4RufVu1+EABPmVt18Yl0qM25Mx2aNzU1DdizZNyz8eLQZIRxARfbrZ0FnAY201MQj8QKDxvPWSZJFLKiXrXeXTNemxWKNcpGpv+bmkvBgBtMMLUUjwR8534z4YWqTUuho3tepY8DcRXYDvUctzvY8KNzYBAzrpB6dAFinnXqPpRryAiw8asd9ZkO/UyE/a/ddvxeyhOa7cv82ky4IRS4QMXjOragnVSQ6KVwjK5MNbb5yxhitKvFeRBjuruo838QmU7THBabxJDMYbPUhlffwYVvimBiIHZbz1v/BscpUeq9vlqnhe0xADcPdzYAWwfhRtSItt2zQgbGzu1Ulh3cjK3N3X4mW57v35zBJhWLvzhaKuJ2+lS0r9uHtahO/03qR/GH+K5Z3BqV+XVlFhDEZnjcssS5yfi+BlOM+PQheRIvbd3cGZ9un+FP3wS+0qpNmyTiFs+H7b/eaw+UqL6GXQO5HP384XMSl41Jcrgl+9gno7H+zMAJ/QNWL5GrgJxV4a+iQY2x69xXFO+KBXRYdUo1XiUEc2Jgfz5QR63htO8JhmxMUv5xftvfHyys43K+++IcsWjxSEpzHSS2+yr+r6jqHbFoook0pqE+hdZ5nGXerGDIq1WHZ+ktuPEfa0KkhLzY6yCzTd05WH2ZZCSCqhFJnjWQTy1yI=]
D/S4URC   ( 2675): [SDK] [java.io.File] [getPath] [FilePath][String] [/data/data/uviyju.xlugh.oemwdco.kljln/shared_prefs/Cocos2dxPrefsFile.xml]
D/S4URC   ( 2675): [NDK] [SYSCALL] [chmod] [PATH][string] [/data/data/uviyju.xlugh.oemwdco.kljln/shared_prefs/Cocos2dxPrefsFile.xml] [MODE][int] [0660]
D/S4URC   ( 2675): [SDK] [java.io.File] [getPath] [FilePath][String] [/data/data/uviyju.xlugh.oemwdco.kljln/shared_prefs/Cocos2dxPrefsFile.xml]
D/S4URC   ( 2675): [NDK] [SYSCALL] [stat] [PATH][string] [/data/data/uviyju.xlugh.oemwdco.kljln/shared_prefs/Cocos2dxPrefsFile.xml]
D/S4URC   ( 2675): [SDK] [java.io.File] [delete] [FilePath][String] [/data/data/uviyju.xlugh.oemwdco.kljln/shared_prefs/Cocos2dxPrefsFile.xml.bak]
D/S4URC   ( 2675): [NDK] [SYSCALL] [lstat] [PATH][string] [/data/data/uviyju.xlugh.oemwdco.kljln/shared_prefs/Cocos2dxPrefsFile.xml.bak]
D/S4URC   ( 2675): [NDK] [SYSCALL] [unlink] [PATH][string] [/data/data/uviyju.xlugh.oemwdco.kljln/shared_prefs/Cocos2dxPrefsFile.xml.bak]
D/S4URC   ( 2675): [SDK] [android.content.ContextWrapper][getSharedPreferences] [File][Cocos2dxPrefsFile.xml] [MODE][MODE_PRIVATE] [Method][commit]
D/S4URC   ( 2675): [NDK] [SYSCALL] [open] [PATH][string] [/data/data/uviyju.xlugh.oemwdco.kljln/UserDefault.xml] [RETURN][int] [-1]
D/S4URC   ( 2675): [SDK] [java.io.File] [getPath] [FilePath][String] [/data/data/uviyju.xlugh.oemwdco.kljln/shared_prefs/Cocos2dxPrefsFile.xml]
D/S4URC   ( 2675): [NDK] [SYSCALL] [stat] [PATH][string] [/data/data/uviyju.xlugh.oemwdco.kljln/shared_prefs/Cocos2dxPrefsFile.xml]
D/S4URC   ( 2675): [SDK] [android.content.ContextWrapper][getSharedPreferences] [File][Cocos2dxPrefsFile.xml] [MODE][MODE_PRIVATE]
D/S4URC   ( 2675): [SDK] [android.content.ContextWrapper][getSharedPreferences] [File][Cocos2dxPrefsFile.xml] [MODE][MODE_PRIVATE] [Method][putBoolean] [Key][lcok_2] [Value][true]
D/S4URC   ( 2675): [SDK] [java.io.File] [exists] [FilePath][String] [/data/data/uviyju.xlugh.oemwdco.kljln/shared_prefs/Cocos2dxPrefsFile.xml]
D/S4URC   ( 2675): [NDK] [SYSCALL] [access] [PATH][string] [/data/data/uviyju.xlugh.oemwdco.kljln/shared_prefs/Cocos2dxPrefsFile.xml]
D/S4URC   ( 2675): [SDK] [java.io.File] [exists] [FilePath][String] [/data/data/uviyju.xlugh.oemwdco.kljln/shared_prefs/Cocos2dxPrefsFile.xml.bak]
D/S4URC   ( 2675): [NDK] [SYSCALL] [access] [PATH][string] [/data/data/uviyju.xlugh.oemwdco.kljln/shared_prefs/Cocos2dxPrefsFile.xml.bak]
D/S4URC   ( 2675): [SDK] [java.io.File] [renameTo] [FilePath][String] [/data/data/uviyju.xlugh.oemwdco.kljln/shared_prefs/Cocos2dxPrefsFile.xml] [DesFile][/data/data/uviyju.xlugh.oemwdco.kljln/shared_prefs/Cocos2dxPrefsFile.xml.bak]
D/S4URC   ( 2675): [NDK] [SYSCALL] [rename] [ORIG_PATH][string] [/data/data/uviyju.xlugh.oemwdco.kljln/shared_prefs/Cocos2dxPrefsFile.xml] [NEW_PATH][string] [/data/data/uviyju.xlugh.oemwdco.kljln/shared_prefs/Cocos2dxPrefsFile.xml.bak]
D/S4URC   ( 2675): [SDK] [java.io.File] [getPath] [FilePath][String] [/data/data/uviyju.xlugh.oemwdco.kljln/shared_prefs/Cocos2dxPrefsFile.xml]
D/S4URC   ( 2675): [NDK] [SYSCALL] [open] [PATH][string] [/data/data/uviyju.xlugh.oemwdco.kljln/shared_prefs/Cocos2dxPrefsFile.xml] [RETURN][int] [77]
D/S4URC   ( 2675): [SDK] [android.app.ApplicationPackageManager] [getPackageInfo] [FindPackageName][String] [uviyju.xlugh.oemwdco.kljln]
D/S4URC   ( 2675): [NDK] [SYSCALL] [access] [PATH][string] [/data/data/uviyju.xlugh.oemwdco.kljln/databases/dataeye_database_053CE9326103161DC37854ECE8E0DBE2.db-journal]
D/S4URC   ( 2675): [SDK] [java.io.File] [getPath] [FilePath][String] [/data/data/uviyju.xlugh.oemwdco.kljln/shared_prefs/Cocos2dxPrefsFile.xml]
D/S4URC   ( 2890): [SDK] [java.io.File] [Constructor] [FilePath][String] [/storage/sdcard1]
D/S4URC   ( 2675): [SDK] [java.io.File] [getPath] [FilePath][String] [/data/data/uviyju.xlugh.oemwdco.kljln/shared_prefs/Cocos2dxPrefsFile.xml]
D/S4URC   ( 2675): [SDK] [java.io.File] [exists] [FilePath][String] [/data/data/uviyju.xlugh.oemwdco.kljln/shared_prefs/Cocos2dxPrefsFile.xml.bak]
D/S4URC   ( 2675): [SDK] [java.io.File] [getPath] [FilePath][String] [/data/data/uviyju.xlugh.oemwdco.kljln/shared_prefs/Cocos2dxPrefsFile.xml]
D/S4URC   ( 2675): [NDK] [SYSCALL] [open] [PATH][string] [/data/data/uviyju.xlugh.oemwdco.kljln/shared_prefs/Cocos2dxPrefsFile.xml] [RETURN][int] [77]
D/S4URC   ( 2675): [SDK] [android.database.sqlite.SQLiteDatabase] [execSQL] [ExecInfo][String] [insert  or replace into dataeye_history_log( history_data )  values( ? )] [Bind][1]
D/S4URC   ( 2675): [SDK] [java.io.File] [getPath] [FilePath][String] [/data/data/uviyju.xlugh.oemwdco.kljln/shared_prefs/Cocos2dxPrefsFile.xml]
D/S4URC   ( 2675): [NDK] [SYSCALL] [chmod] [PATH][string] [/data/data/uviyju.xlugh.oemwdco.kljln/shared_prefs/Cocos2dxPrefsFile.xml] [MODE][int] [0660]
D/S4URC   ( 2675): [SDK] [java.io.File] [getPath] [FilePath][String] [/data/data/uviyju.xlugh.oemwdco.kljln/shared_prefs/Cocos2dxPrefsFile.xml]
D/S4URC   ( 2675): [SDK] [android.content.ContextWrapper][getSharedPreferences] [File][Cocos2dxPrefsFile.xml] [MODE][MODE_PRIVATE] [Method][commit]
D/S4URC   ( 2890): [SDK] [java.io.File] [Constructor] [FilePath][String] [/storage/sdcard0]
D/S4URC   ( 2890): [SDK] [java.io.File] [getName] [FilePath][String] [/storage/sdcard0/Android/data/55AD283AA40/files/27by0jik033ccafea9h875i36ta.data]
D/S4URC   ( 2675): [SDK] [java.io.File] [getPath] [FilePath][String] [/data/data/uviyju.xlugh.oemwdco.kljln/shared_prefs/Cocos2dxPrefsFile.xml]
D/S4URC   ( 2675): [SDK] [android.content.ContextWrapper][getSharedPreferences] [File][Cocos2dxPrefsFile.xml] [MODE][MODE_PRIVATE]
D/S4URC   ( 2890): [SDK] [java.io.File] [Constructor] [FilePath][String] [/storage/sdcard0]
D/S4URC   ( 2675): [SDK] [android.content.ContextWrapper][getSharedPreferences] [File][Cocos2dxPrefsFile.xml] [MODE][MODE_PRIVATE] [Method][commit]
D/S4URC   ( 2675): [NDK] [SYSCALL] [chmod] [PATH][string] [/data/data/uviyju.xlugh.oemwdco.kljln/shared_prefs/Cocos2dxPrefsFile.xml] [MODE][int] [0660]
D/S4URC   ( 2675): [NDK] [SYSCALL] [open] [PATH][string] [/data/data/uviyju.xlugh.oemwdco.kljln/shared_prefs/Cocos2dxPrefsFile.xml] [RETURN][int] [77]
D/S4URC   ( 2675): [SDK] [java.io.File] [getPath] [FilePath][String] [/data/data/uviyju.xlugh.oemwdco.kljln/shared_prefs/Cocos2dxPrefsFile.xml]
D/S4URC   ( 2890): [SDK] [java.io.File] [Constructor] [FilePath][String] [/storage/sdcard0]
D/S4URC   ( 2890): [SDK] [java.io.File] [Constructor] [FilePath][String] [/storage/sdcard0//Android/data/55AD283AA40/files/]
D/S4URC   ( 2890): [SDK] [java.io.File] [getName] [FilePath][String] [/storage/sdcard0/Android/data/55AD283AA40/files/j661qv6hu00f9u2a4phr83817cu.data]
D/S4URC   ( 2890): [SDK] [java.io.File] [Constructor] [FilePath][String] [/storage/sdcard0/Android/data/55AD283AA40/files/j661qv6hu00f9u2a4phr83817cu.data]
D/S4URC   ( 2890): [SDK] [java.io.File] [Constructor] [FilePath][String] [/storage/sdcard0/Android/data/55AD283AA40/files/19p1ml7kvt73r612qx5qz6w4w4y.data]
D/S4URC   ( 2890): [SDK] [java.io.File] [Constructor] [FilePath][String] [/storage/sdcard0/Android/data/55AD283AA40/files/27by0jik033ccafea9h875i36ta.data]
D/S4URC   ( 2890): [SDK] [java.io.File] [Constructor] [FilePath][String] [/storage/sdcard0/Android/data/55AD283AA40/files/m35f39l950sr4d4o0ui09xol11t.data]
D/S4URC   ( 2890): [SDK] [java.net] [HttpURLConnection] [URL][String] [http://charge.51mrp.com/union-sdk-plat/plugin/query.do]
D/S4URC   ( 2890): [SDK] [java.net] [HttpURLConnection] [Request][Method] [POST] [URL][String] [http://charge.51mrp.com/union-sdk-plat/plugin/query.do]
D/S4URC   ( 2890): [SDK] [android.content.ContextWrapper][getSharedPreferences] [File][pay_plat.xml] [MODE][MODE_PRIVATE] [Method][getString] [String][query_cap_info_server] [Return][null]
D/S4URC   ( 2675): [NDK] [SYSCALL] [open] [PATH][string] [/data/data/uviyju.xlugh.oemwdco.kljln/UserDefault.xml] [RETURN][int] [-1]
D/S4URC   ( 2675): [SDK] [java.io.File] [getPath] [FilePath][String] [/data/data/uviyju.xlugh.oemwdco.kljln/shared_prefs/Cocos2dxPrefsFile.xml]
D/S4URC   ( 2675): [NDK] [SYSCALL] [stat] [PATH][string] [/data/data/uviyju.xlugh.oemwdco.kljln/shared_prefs/Cocos2dxPrefsFile.xml]
D/S4URC   ( 2675): [SDK] [android.content.ContextWrapper][getSharedPreferences] [File][Cocos2dxPrefsFile.xml] [MODE][MODE_PRIVATE]
D/S4URC   ( 2675): [SDK] [android.content.ContextWrapper][getSharedPreferences] [File][Cocos2dxPrefsFile.xml] [MODE][MODE_PRIVATE] [Method][getBoolean] [Boolean][buy_game] [Return][false]
D/S4URC   ( 2675): [SDK] [java.io.File] [getPath] [FilePath][String] [/data/data/uviyju.xlugh.oemwdco.kljln/databases]
D/S4URC   ( 2675): [SDK] [java.io.File] [isDirectory] [FilePath][String] [/data/data/uviyju.xlugh.oemwdco.kljln/databases]
D/S4URC   ( 2675): [NDK] [SYSCALL] [stat] [PATH][string] [/data/data/uviyju.xlugh.oemwdco.kljln/databases]
D/S4URC   ( 2675): [SDK] [java.io.File] [getPath] [FilePath][String] [/data/data/uviyju.xlugh.oemwdco.kljln/databases/dataeye_database_053CE9326103161DC37854ECE8E0DBE2.db]
D/S4URC   ( 2675): [NDK] [SYSCALL] [stat] [PATH][string] [/data/data/uviyju.xlugh.oemwdco.kljln/databases/dataeye_database_053CE9326103161DC37854ECE8E0DBE2.db]
D/S4URC   ( 2675): [NDK] [SYSCALL] [open] [PATH][string] [/data/data/uviyju.xlugh.oemwdco.kljln/databases/dataeye_database_053CE9326103161DC37854ECE8E0DBE2.db] [RETURN][int] [77]
D/S4URC   ( 2675): [NDK] [SYSCALL] [stat] [PATH][string] [/data/data/uviyju.xlugh.oemwdco.kljln/databases/dataeye_database_053CE9326103161DC37854ECE8E0DBE2.db]
D/S4URC   ( 2675): [NDK] [SYSCALL] [access] [PATH][string] [/data/data/uviyju.xlugh.oemwdco.kljln/databases/dataeye_database_053CE9326103161DC37854ECE8E0DBE2.db-journal]
D/S4URC   ( 2675): [NDK] [SYSCALL] [stat] [PATH][string] [/data/data/uviyju.xlugh.oemwdco.kljln/databases/dataeye_database_053CE9326103161DC37854ECE8E0DBE2.db-journal]
D/S4URC   ( 2675): [NDK] [SYSCALL] [stat] [PATH][string] [/data/data/uviyju.xlugh.oemwdco.kljln/databases/dataeye_database_053CE9326103161DC37854ECE8E0DBE2.db]
D/S4URC   ( 2675): [NDK] [SYSCALL] [open] [PATH][string] [/data/data/uviyju.xlugh.oemwdco.kljln/databases/dataeye_database_053CE9326103161DC37854ECE8E0DBE2.db-journal] [RETURN][int] [136]
D/S4URC   ( 2675): [NDK] [SYSCALL] [access] [PATH][string] [/data/data/uviyju.xlugh.oemwdco.kljln/databases/dataeye_database_053CE9326103161DC37854ECE8E0DBE2.db-wal]
D/S4URC   ( 2675): [NDK] [SYSCALL] [access] [PATH][string] [/data/data/uviyju.xlugh.oemwdco.kljln/databases/dataeye_database_053CE9326103161DC37854ECE8E0DBE2.db-journal]
D/S4URC   ( 2675): [NDK] [SYSCALL] [stat] [PATH][string] [/data/data/uviyju.xlugh.oemwdco.kljln/databases/dataeye_database_053CE9326103161DC37854ECE8E0DBE2.db-journal]
D/S4URC   ( 2675): [NDK] [SYSCALL] [stat] [PATH][string] [/data/data/uviyju.xlugh.oemwdco.kljln/databases/dataeye_database_053CE9326103161DC37854ECE8E0DBE2.db]
D/S4URC   ( 2675): [NDK] [SYSCALL] [open] [PATH][string] [/data/data/uviyju.xlugh.oemwdco.kljln/databases/dataeye_database_053CE9326103161DC37854ECE8E0DBE2.db-journal] [RETURN][int] [138]
D/S4URC   ( 2675): [NDK] [SYSCALL] [access] [PATH][string] [/data/data/uviyju.xlugh.oemwdco.kljln/databases/dataeye_database_053CE9326103161DC37854ECE8E0DBE2.db-wal]
D/S4URC   ( 2675): [NDK] [SYSCALL] [access] [PATH][string] [/data/data/uviyju.xlugh.oemwdco.kljln/databases/dataeye_database_053CE9326103161DC37854ECE8E0DBE2.db-journal]
D/S4URC   ( 2675): [NDK] [SYSCALL] [stat] [PATH][string] [/data/data/uviyju.xlugh.oemwdco.kljln/databases/dataeye_database_053CE9326103161DC37854ECE8E0DBE2.db-journal]
D/S4URC   ( 2675): [NDK] [SYSCALL] [stat] [PATH][string] [/data/data/uviyju.xlugh.oemwdco.kljln/databases/dataeye_database_053CE9326103161DC37854ECE8E0DBE2.db]
D/S4URC   ( 2675): [NDK] [SYSCALL] [open] [PATH][string] [/data/data/uviyju.xlugh.oemwdco.kljln/databases/dataeye_database_053CE9326103161DC37854ECE8E0DBE2.db-journal] [RETURN][int] [134]
D/S4URC   ( 2675): [NDK] [SYSCALL] [access] [PATH][string] [/data/data/uviyju.xlugh.oemwdco.kljln/databases/dataeye_database_053CE9326103161DC37854ECE8E0DBE2.db-wal]
D/S4URC   ( 2675): [SDK] [java.io.File] [getPath] [FilePath][String] [/data/data/uviyju.xlugh.oemwdco.kljln/databases/dataeye_database_053CE9326103161DC37854ECE8E0DBE2.db]
D/S4URC   ( 2675): [NDK] [SYSCALL] [chmod] [PATH][string] [/data/data/uviyju.xlugh.oemwdco.kljln/databases/dataeye_database_053CE9326103161DC37854ECE8E0DBE2.db] [MODE][int] [0660]
D/S4URC   ( 2675): [NDK] [SYSCALL] [access] [PATH][string] [/data/data/uviyju.xlugh.oemwdco.kljln/databases/dataeye_database_053CE9326103161DC37854ECE8E0DBE2.db-journal]
D/S4URC   ( 2675): [NDK] [SYSCALL] [stat] [PATH][string] [/data/data/uviyju.xlugh.oemwdco.kljln/databases/dataeye_database_053CE9326103161DC37854ECE8E0DBE2.db-journal]
D/S4URC   ( 2675): [NDK] [SYSCALL] [stat] [PATH][string] [/data/data/uviyju.xlugh.oemwdco.kljln/databases/dataeye_database_053CE9326103161DC37854ECE8E0DBE2.db]
D/S4URC   ( 2675): [NDK] [SYSCALL] [open] [PATH][string] [/data/data/uviyju.xlugh.oemwdco.kljln/databases/dataeye_database_053CE9326103161DC37854ECE8E0DBE2.db-journal] [RETURN][int] [134]
D/S4URC   ( 2675): [NDK] [SYSCALL] [access] [PATH][string] [/data/data/uviyju.xlugh.oemwdco.kljln/databases/dataeye_database_053CE9326103161DC37854ECE8E0DBE2.db-wal]
D/S4URC   ( 2675): [NDK] [SYSCALL] [access] [PATH][string] [/data/data/uviyju.xlugh.oemwdco.kljln/databases/dataeye_database_053CE9326103161DC37854ECE8E0DBE2.db-journal]
D/S4URC   ( 2675): [NDK] [SYSCALL] [stat] [PATH][string] [/data/data/uviyju.xlugh.oemwdco.kljln/databases/dataeye_database_053CE9326103161DC37854ECE8E0DBE2.db-journal]
D/S4URC   ( 2675): [NDK] [SYSCALL] [stat] [PATH][string] [/data/data/uviyju.xlugh.oemwdco.kljln/databases/dataeye_database_053CE9326103161DC37854ECE8E0DBE2.db]
D/S4URC   ( 2675): [NDK] [SYSCALL] [open] [PATH][string] [/data/data/uviyju.xlugh.oemwdco.kljln/databases/dataeye_database_053CE9326103161DC37854ECE8E0DBE2.db-journal] [RETURN][int] [134]
D/S4URC   ( 2675): [NDK] [SYSCALL] [access] [PATH][string] [/data/data/uviyju.xlugh.oemwdco.kljln/databases/dataeye_database_053CE9326103161DC37854ECE8E0DBE2.db-wal]
D/S4URC   ( 2675): [NDK] [SYSCALL] [stat] [PATH][string] [/data/data/uviyju.xlugh.oemwdco.kljln/databases/dataeye_database_053CE9326103161DC37854ECE8E0DBE2.db]
D/S4URC   ( 2675): [NDK] [SYSCALL] [open] [PATH][string] [/data/data/uviyju.xlugh.oemwdco.kljln/databases/dataeye_database_053CE9326103161DC37854ECE8E0DBE2.db-journal] [RETURN][int] [134]
D/S4URC   ( 2675): [NDK] [SYSCALL] [open] [PATH][string] [/data/data/uviyju.xlugh.oemwdco.kljln/databases] [RETURN][int] [138]
D/S4URC   ( 2675): [SDK] [android.database.sqlite.SQLiteDatabase] [execSQL] [ExecInfo][String] [insert  or replace into dataeye_agenda_log(type,account_id ,agenda_data)  values(?,?,?)] [Bind][3]
D/S4URC   ( 2675): [NDK] [SYSCALL] [stat] [PATH][string] [/data/data/uviyju.xlugh.oemwdco.kljln/databases/dataeye_database_053CE9326103161DC37854ECE8E0DBE2.db]
D/S4URC   ( 2675): [SDK] [java.io.File] [getPath] [FilePath][String] [/data/data/uviyju.xlugh.oemwdco.kljln/databases]
D/S4URC   ( 2675): [SDK] [java.io.File] [isDirectory] [FilePath][String] [/data/data/uviyju.xlugh.oemwdco.kljln/databases]
D/S4URC   ( 2675): [NDK] [SYSCALL] [stat] [PATH][string] [/data/data/uviyju.xlugh.oemwdco.kljln/databases]
D/S4URC   ( 2675): [SDK] [java.io.File] [getPath] [FilePath][String] [/data/data/uviyju.xlugh.oemwdco.kljln/databases/dataeye_database_053CE9326103161DC37854ECE8E0DBE2.db]
D/S4URC   ( 2675): [NDK] [SYSCALL] [stat] [PATH][string] [/data/data/uviyju.xlugh.oemwdco.kljln/databases/dataeye_database_053CE9326103161DC37854ECE8E0DBE2.db]
D/S4URC   ( 2675): [NDK] [SYSCALL] [open] [PATH][string] [/data/data/uviyju.xlugh.oemwdco.kljln/databases/dataeye_database_053CE9326103161DC37854ECE8E0DBE2.db] [RETURN][int] [77]
D/S4URC   ( 2675): [NDK] [SYSCALL] [stat] [PATH][string] [/data/data/uviyju.xlugh.oemwdco.kljln/databases/dataeye_database_053CE9326103161DC37854ECE8E0DBE2.db]
D/S4URC   ( 2675): [NDK] [SYSCALL] [access] [PATH][string] [/data/data/uviyju.xlugh.oemwdco.kljln/databases/dataeye_database_053CE9326103161DC37854ECE8E0DBE2.db-journal]
D/S4URC   ( 2675): [NDK] [SYSCALL] [stat] [PATH][string] [/data/data/uviyju.xlugh.oemwdco.kljln/databases/dataeye_database_053CE9326103161DC37854ECE8E0DBE2.db-journal]
D/S4URC   ( 2675): [NDK] [SYSCALL] [stat] [PATH][string] [/data/data/uviyju.xlugh.oemwdco.kljln/databases/dataeye_database_053CE9326103161DC37854ECE8E0DBE2.db]
D/S4URC   ( 2675): [NDK] [SYSCALL] [open] [PATH][string] [/data/data/uviyju.xlugh.oemwdco.kljln/databases/dataeye_database_053CE9326103161DC37854ECE8E0DBE2.db-journal] [RETURN][int] [134]
D/S4URC   ( 2675): [NDK] [SYSCALL] [access] [PATH][string] [/data/data/uviyju.xlugh.oemwdco.kljln/databases/dataeye_database_053CE9326103161DC37854ECE8E0DBE2.db-wal]
D/S4URC   ( 2675): [NDK] [SYSCALL] [access] [PATH][string] [/data/data/uviyju.xlugh.oemwdco.kljln/databases/dataeye_database_053CE9326103161DC37854ECE8E0DBE2.db-journal]
D/S4URC   ( 2675): [NDK] [SYSCALL] [stat] [PATH][string] [/data/data/uviyju.xlugh.oemwdco.kljln/databases/dataeye_database_053CE9326103161DC37854ECE8E0DBE2.db-journal]
D/S4URC   ( 2675): [NDK] [SYSCALL] [stat] [PATH][string] [/data/data/uviyju.xlugh.oemwdco.kljln/databases/dataeye_database_053CE9326103161DC37854ECE8E0DBE2.db]
D/S4URC   ( 2675): [NDK] [SYSCALL] [open] [PATH][string] [/data/data/uviyju.xlugh.oemwdco.kljln/databases/dataeye_database_053CE9326103161DC37854ECE8E0DBE2.db-journal] [RETURN][int] [134]
D/S4URC   ( 2675): [NDK] [SYSCALL] [access] [PATH][string] [/data/data/uviyju.xlugh.oemwdco.kljln/databases/dataeye_database_053CE9326103161DC37854ECE8E0DBE2.db-wal]
D/S4URC   ( 2675): [NDK] [SYSCALL] [access] [PATH][string] [/data/data/uviyju.xlugh.oemwdco.kljln/databases/dataeye_database_053CE9326103161DC37854ECE8E0DBE2.db-journal]
D/S4URC   ( 2675): [NDK] [SYSCALL] [stat] [PATH][string] [/data/data/uviyju.xlugh.oemwdco.kljln/databases/dataeye_database_053CE9326103161DC37854ECE8E0DBE2.db-journal]
D/S4URC   ( 2675): [NDK] [SYSCALL] [stat] [PATH][string] [/data/data/uviyju.xlugh.oemwdco.kljln/databases/dataeye_database_053CE9326103161DC37854ECE8E0DBE2.db]
D/S4URC   ( 2675): [NDK] [SYSCALL] [open] [PATH][string] [/data/data/uviyju.xlugh.oemwdco.kljln/databases/dataeye_database_053CE9326103161DC37854ECE8E0DBE2.db-journal] [RETURN][int] [134]
D/S4URC   ( 2675): [NDK] [SYSCALL] [access] [PATH][string] [/data/data/uviyju.xlugh.oemwdco.kljln/databases/dataeye_database_053CE9326103161DC37854ECE8E0DBE2.db-wal]
D/S4URC   ( 2675): [SDK] [java.io.File] [getPath] [FilePath][String] [/data/data/uviyju.xlugh.oemwdco.kljln/databases/dataeye_database_053CE9326103161DC37854ECE8E0DBE2.db]
D/S4URC   ( 2675): [NDK] [SYSCALL] [chmod] [PATH][string] [/data/data/uviyju.xlugh.oemwdco.kljln/databases/dataeye_database_053CE9326103161DC37854ECE8E0DBE2.db] [MODE][int] [0660]
D/S4URC   ( 2675): [NDK] [SYSCALL] [access] [PATH][string] [/data/data/uviyju.xlugh.oemwdco.kljln/databases/dataeye_database_053CE9326103161DC37854ECE8E0DBE2.db-journal]
D/S4URC   ( 2675): [NDK] [SYSCALL] [stat] [PATH][string] [/data/data/uviyju.xlugh.oemwdco.kljln/databases/dataeye_database_053CE9326103161DC37854ECE8E0DBE2.db-journal]
D/S4URC   ( 2675): [NDK] [SYSCALL] [stat] [PATH][string] [/data/data/uviyju.xlugh.oemwdco.kljln/databases/dataeye_database_053CE9326103161DC37854ECE8E0DBE2.db]
D/S4URC   ( 2675): [NDK] [SYSCALL] [open] [PATH][string] [/data/data/uviyju.xlugh.oemwdco.kljln/databases/dataeye_database_053CE9326103161DC37854ECE8E0DBE2.db-journal] [RETURN][int] [134]
D/S4URC   ( 2675): [NDK] [SYSCALL] [access] [PATH][string] [/data/data/uviyju.xlugh.oemwdco.kljln/databases/dataeye_database_053CE9326103161DC37854ECE8E0DBE2.db-wal]
D/S4URC   ( 2675): [SDK] [java.lang.Class] [forName] [FindClass][String] [com.android.internal.telephony.PhoneFactory]
D/S4URC   ( 2675): [SDK] [java.lang.Class] [forName] [FindClass][String] [android.telephony.MSimTelephonyManager]
D/S4URC   ( 2675): [SDK] [java.lang.Class] [forName] [FindClass][String] [com.android.internal.telephony.Phone]
D/S4URC   ( 2675): [SDK] [java.lang.Class] [forName] [FindClass][String] [com.android.internal.telephony.PhoneConstants]
D/S4URC   ( 2675): [SDK] [android.telephony.TelephonyManager] [getDeviceId]
D/S4URC   ( 2675): [SDK] [android.telephony.TelephonyManager] [getSubscriberId]
D/S4URC   ( 2675): [SDK] [java.lang.Class] [forName] [FindClass][String] [com.android.internal.telephony.PhoneFactory]
D/S4URC   ( 2675): [SDK] [java.lang.Class] [forName] [FindClass][String] [android.telephony.MSimTelephonyManager]
D/S4URC   ( 2675): [SDK] [java.lang.Class] [forName] [FindClass][String] [com.android.internal.telephony.Phone]
D/S4URC   ( 2675): [SDK] [java.lang.Class] [forName] [FindClass][String] [com.android.internal.telephony.PhoneConstants]
D/S4URC   ( 2675): [SDK] [java.lang.Class] [forName] [FindClass][String] [android.os.SystemProperties]
D/S4URC   ( 2675): [SDK] [java.lang.Runtime] [exec] [Command][String] [/system/bin/sh]
D/S4URC   ( 3114): [NDK] [SYSCALL] [getdents] [PATH][string] [.]
D/S4URC   ( 2675): [SDK] [javax.crypto.Cipher][doFinal] [Data][iAcl/nVmdVUgFhR7Mjl2LDtiBbyE6UE38JX/y+GGfAR0LT3mK/jeIW6af6EsKDOD] [Return][http://123.206.207.176:10002/v1/sdk/init]
D/S4URC   ( 2675): [NDK] [SYSCALL] [socket] [TYPE][string] [TCP]
D/S4URC   ( 2675): [SDK] [java.lang.Class] [forName] [FindClass][String] [com.android.internal.telephony.PhoneFactory]
D/S4URC   ( 2675): [SDK] [java.lang.Class] [forName] [FindClass][String] [android.telephony.MSimTelephonyManager]
D/S4URC   ( 2675): [SDK] [java.lang.Class] [forName] [FindClass][String] [com.android.internal.telephony.Phone]
D/S4URC   ( 2675): [SDK] [java.lang.Class] [forName] [FindClass][String] [com.android.internal.telephony.PhoneConstants]
D/S4URC   ( 2675): [SDK] [android.telephony.TelephonyManager] [getDeviceId]
D/S4URC   ( 2675): [SDK] [android.app.ApplicationPackageManager] [getPackageInfo] [FindPackageName][String] [uviyju.xlugh.oemwdco.kljln]
D/S4URC   ( 2675): [NDK] [SYSCALL] [access] [PATH][string] [/data/data/uviyju.xlugh.oemwdco.kljln/databases/dataeye_database_053CE9326103161DC37854ECE8E0DBE2.db-journal]
D/S4URC   ( 2675): [NDK] [SYSCALL] [stat] [PATH][string] [/data/data/uviyju.xlugh.oemwdco.kljln/databases/dataeye_database_053CE9326103161DC37854ECE8E0DBE2.db-journal]
D/S4URC   ( 2675): [NDK] [SYSCALL] [stat] [PATH][string] [/data/data/uviyju.xlugh.oemwdco.kljln/databases/dataeye_database_053CE9326103161DC37854ECE8E0DBE2.db]
D/S4URC   ( 2675): [NDK] [SYSCALL] [open] [PATH][string] [/data/data/uviyju.xlugh.oemwdco.kljln/databases/dataeye_database_053CE9326103161DC37854ECE8E0DBE2.db-journal] [RETURN][int] [140]
D/S4URC   ( 2675): [NDK] [SYSCALL] [access] [PATH][string] [/data/data/uviyju.xlugh.oemwdco.kljln/databases/dataeye_database_053CE9326103161DC37854ECE8E0DBE2.db-wal]
D/S4URC   ( 2675): [SDK] [android.database.sqlite.SQLiteDatabase] [query] [queryInfo][String] [SELECT][] [FROM][dataeye_agenda_log]
D/S4URC   ( 2675): [NDK] [SYSCALL] [access] [PATH][string] [/data/data/uviyju.xlugh.oemwdco.kljln/databases/dataeye_database_053CE9326103161DC37854ECE8E0DBE2.db-journal]
D/S4URC   ( 2675): [NDK] [SYSCALL] [stat] [PATH][string] [/data/data/uviyju.xlugh.oemwdco.kljln/databases/dataeye_database_053CE9326103161DC37854ECE8E0DBE2.db-journal]
D/S4URC   ( 2675): [NDK] [SYSCALL] [stat] [PATH][string] [/data/data/uviyju.xlugh.oemwdco.kljln/databases/dataeye_database_053CE9326103161DC37854ECE8E0DBE2.db]
D/S4URC   ( 2675): [NDK] [SYSCALL] [open] [PATH][string] [/data/data/uviyju.xlugh.oemwdco.kljln/databases/dataeye_database_053CE9326103161DC37854ECE8E0DBE2.db-journal] [RETURN][int] [140]
D/S4URC   ( 2675): [NDK] [SYSCALL] [access] [PATH][string] [/data/data/uviyju.xlugh.oemwdco.kljln/databases/dataeye_database_053CE9326103161DC37854ECE8E0DBE2.db-wal]
D/S4URC   ( 2675): [SDK] [android.database.sqlite.SQLiteDatabase] [query] [queryInfo][String] [SELECT][] [FROM][dataeye_agenda_log]
D/S4URC   ( 2675): [NDK] [SYSCALL] [access] [PATH][string] [/data/data/uviyju.xlugh.oemwdco.kljln/databases/dataeye_database_053CE9326103161DC37854ECE8E0DBE2.db-journal]
D/S4URC   ( 2675): [NDK] [SYSCALL] [stat] [PATH][string] [/data/data/uviyju.xlugh.oemwdco.kljln/databases/dataeye_database_053CE9326103161DC37854ECE8E0DBE2.db-journal]
D/S4URC   ( 2675): [NDK] [SYSCALL] [stat] [PATH][string] [/data/data/uviyju.xlugh.oemwdco.kljln/databases/dataeye_database_053CE9326103161DC37854ECE8E0DBE2.db]
D/S4URC   ( 2675): [NDK] [SYSCALL] [open] [PATH][string] [/data/data/uviyju.xlugh.oemwdco.kljln/databases/dataeye_database_053CE9326103161DC37854ECE8E0DBE2.db-journal] [RETURN][int] [140]
D/S4URC   ( 2675): [NDK] [SYSCALL] [access] [PATH][string] [/data/data/uviyju.xlugh.oemwdco.kljln/databases/dataeye_database_053CE9326103161DC37854ECE8E0DBE2.db-wal]
D/S4URC   ( 2675): [SDK] [android.database.sqlite.SQLiteDatabase] [query] [queryInfo][String] [SELECT][] [FROM][dataeye_agenda_log]
D/S4URC   ( 2675): [NDK] [SYSCALL] [access] [PATH][string] [/data/data/uviyju.xlugh.oemwdco.kljln/databases/dataeye_database_053CE9326103161DC37854ECE8E0DBE2.db-journal]
D/S4URC   ( 2675): [NDK] [SYSCALL] [stat] [PATH][string] [/data/data/uviyju.xlugh.oemwdco.kljln/databases/dataeye_database_053CE9326103161DC37854ECE8E0DBE2.db-journal]
D/S4URC   ( 2675): [NDK] [SYSCALL] [stat] [PATH][string] [/data/data/uviyju.xlugh.oemwdco.kljln/databases/dataeye_database_053CE9326103161DC37854ECE8E0DBE2.db]
D/S4URC   ( 2675): [NDK] [SYSCALL] [open] [PATH][string] [/data/data/uviyju.xlugh.oemwdco.kljln/databases/dataeye_database_053CE9326103161DC37854ECE8E0DBE2.db-journal] [RETURN][int] [140]
D/S4URC   ( 2675): [NDK] [SYSCALL] [access] [PATH][string] [/data/data/uviyju.xlugh.oemwdco.kljln/databases/dataeye_database_053CE9326103161DC37854ECE8E0DBE2.db-wal]
D/S4URC   ( 2675): [SDK] [android.database.sqlite.SQLiteDatabase] [query] [queryInfo][String] [SELECT][] [FROM][dataeye_agenda_log]
D/S4URC   ( 2675): [NDK] [SYSCALL] [access] [PATH][string] [/data/data/uviyju.xlugh.oemwdco.kljln/databases/dataeye_database_053CE9326103161DC37854ECE8E0DBE2.db-journal]
D/S4URC   ( 2675): [NDK] [SYSCALL] [stat] [PATH][string] [/data/data/uviyju.xlugh.oemwdco.kljln/databases/dataeye_database_053CE9326103161DC37854ECE8E0DBE2.db-journal]
D/S4URC   ( 2675): [NDK] [SYSCALL] [stat] [PATH][string] [/data/data/uviyju.xlugh.oemwdco.kljln/databases/dataeye_database_053CE9326103161DC37854ECE8E0DBE2.db]
D/S4URC   ( 2675): [NDK] [SYSCALL] [open] [PATH][string] [/data/data/uviyju.xlugh.oemwdco.kljln/databases/dataeye_database_053CE9326103161DC37854ECE8E0DBE2.db-journal] [RETURN][int] [140]
D/S4URC   ( 2675): [NDK] [SYSCALL] [access] [PATH][string] [/data/data/uviyju.xlugh.oemwdco.kljln/databases/dataeye_database_053CE9326103161DC37854ECE8E0DBE2.db-wal]
D/S4URC   ( 2675): [SDK] [android.database.sqlite.SQLiteDatabase] [query] [queryInfo][String] [SELECT][] [FROM][dataeye_agenda_log]
D/S4URC   ( 2675): [NDK] [SYSCALL] [access] [PATH][string] [/data/data/uviyju.xlugh.oemwdco.kljln/databases/dataeye_database_053CE9326103161DC37854ECE8E0DBE2.db-journal]
D/S4URC   ( 2675): [NDK] [SYSCALL] [stat] [PATH][string] [/data/data/uviyju.xlugh.oemwdco.kljln/databases/dataeye_database_053CE9326103161DC37854ECE8E0DBE2.db-journal]
D/S4URC   ( 2675): [NDK] [SYSCALL] [stat] [PATH][string] [/data/data/uviyju.xlugh.oemwdco.kljln/databases/dataeye_database_053CE9326103161DC37854ECE8E0DBE2.db]
D/S4URC   ( 2675): [NDK] [SYSCALL] [open] [PATH][string] [/data/data/uviyju.xlugh.oemwdco.kljln/databases/dataeye_database_053CE9326103161DC37854ECE8E0DBE2.db-journal] [RETURN][int] [138]
D/S4URC   ( 2675): [NDK] [SYSCALL] [access] [PATH][string] [/data/data/uviyju.xlugh.oemwdco.kljln/databases/dataeye_database_053CE9326103161DC37854ECE8E0DBE2.db-wal]
D/S4URC   ( 2675): [NDK] [SYSCALL] [stat] [PATH][string] [/data/data/uviyju.xlugh.oemwdco.kljln/databases/dataeye_database_053CE9326103161DC37854ECE8E0DBE2.db]
D/S4URC   ( 2675): [NDK] [SYSCALL] [open] [PATH][string] [/data/data/uviyju.xlugh.oemwdco.kljln/databases/dataeye_database_053CE9326103161DC37854ECE8E0DBE2.db-journal] [RETURN][int] [138]
D/S4URC   ( 2675): [NDK] [SYSCALL] [open] [PATH][string] [/data/data/uviyju.xlugh.oemwdco.kljln/databases] [RETURN][int] [134]
D/S4URC   ( 2675): [SDK] [android.database.sqlite.SQLiteDatabase] [execSQL] [ExecInfo][String] [DELETE FROM dataeye_agenda_log WHERE _id IN (2)]
D/S4URC   ( 2675): [NDK] [SYSCALL] [access] [PATH][string] [/data/data/uviyju.xlugh.oemwdco.kljln/databases/dataeye_database_053CE9326103161DC37854ECE8E0DBE2.db-journal]
D/S4URC   ( 2675): [NDK] [SYSCALL] [stat] [PATH][string] [/data/data/uviyju.xlugh.oemwdco.kljln/databases/dataeye_database_053CE9326103161DC37854ECE8E0DBE2.db-journal]
D/S4URC   ( 2675): [NDK] [SYSCALL] [stat] [PATH][string] [/data/data/uviyju.xlugh.oemwdco.kljln/databases/dataeye_database_053CE9326103161DC37854ECE8E0DBE2.db]
D/S4URC   ( 2675): [NDK] [SYSCALL] [open] [PATH][string] [/data/data/uviyju.xlugh.oemwdco.kljln/databases/dataeye_database_053CE9326103161DC37854ECE8E0DBE2.db-journal] [RETURN][int] [138]
D/S4URC   ( 2675): [NDK] [SYSCALL] [access] [PATH][string] [/data/data/uviyju.xlugh.oemwdco.kljln/databases/dataeye_database_053CE9326103161DC37854ECE8E0DBE2.db-wal]
D/S4URC   ( 2675): [NDK] [SYSCALL] [stat] [PATH][string] [/data/data/uviyju.xlugh.oemwdco.kljln/databases/dataeye_database_053CE9326103161DC37854ECE8E0DBE2.db]
D/S4URC   ( 2675): [NDK] [SYSCALL] [open] [PATH][string] [/data/data/uviyju.xlugh.oemwdco.kljln/databases/dataeye_database_053CE9326103161DC37854ECE8E0DBE2.db-journal] [RETURN][int] [138]
D/S4URC   ( 2675): [NDK] [SYSCALL] [open] [PATH][string] [/data/data/uviyju.xlugh.oemwdco.kljln/databases] [RETURN][int] [140]
D/S4URC   ( 2675): [SDK] [android.database.sqlite.SQLiteDatabase] [execSQL] [ExecInfo][String] [insert  or replace into dataeye_history_log( history_data )  values( ? )] [Bind][1]
D/S4URC   ( 2675): [NDK] [SYSCALL] [stat] [PATH][string] [/data/data/uviyju.xlugh.oemwdco.kljln/databases/dataeye_database_053CE9326103161DC37854ECE8E0DBE2.db]
D/S4URC   ( 2675): [NDK] [SYSCALL] [socket] [TYPE][string] [TCP]
D/S4URC   ( 2890): [SDK] [android.content.ContentResolver] [registerContentObserver] [URL][String] [content://sms/]
D/S4URC   ( 2675): [NDK] [SYSCALL] [socket] [TYPE][string] [TCP]
D/S4URC   ( 2675): [SDK] [java.io.File] [exists] [FilePath][String] [/data/data/uviyju.xlugh.oemwdco.kljln/files]
D/S4URC   ( 2675): [NDK] [SYSCALL] [access] [PATH][string] [/data/data/uviyju.xlugh.oemwdco.kljln/files]
D/S4URC   ( 2675): [SDK] [java.io.File] [Constructor] [FilePath][String] [/data/data/uviyju.xlugh.oemwdco.kljln/files/log.dat]
D/S4URC   ( 2675): [SDK] [java.io.File] [exists] [FilePath][String] [/data/data/uviyju.xlugh.oemwdco.kljln/files/log.dat]
D/S4URC   ( 2675): [NDK] [SYSCALL] [access] [PATH][string] [/data/data/uviyju.xlugh.oemwdco.kljln/files/log.dat]
D/S4URC   ( 2675): [SDK] [java.io.File] [getPath] [FilePath][String] [/data/data/uviyju.xlugh.oemwdco.kljln/files/log.dat]
D/S4URC   ( 2675): [NDK] [SYSCALL] [open] [PATH][string] [/data/data/uviyju.xlugh.oemwdco.kljln/files/log.dat] [RETURN][int] [134]
D/S4URC   ( 2675): [SDK] [java.io.File] [getPath] [FilePath][String] [/data/data/uviyju.xlugh.oemwdco.kljln/databases]
D/S4URC   ( 2675): [SDK] [java.io.File] [isDirectory] [FilePath][String] [/data/data/uviyju.xlugh.oemwdco.kljln/databases]
D/S4URC   ( 2675): [NDK] [SYSCALL] [stat] [PATH][string] [/data/data/uviyju.xlugh.oemwdco.kljln/databases]
D/S4URC   ( 2675): [SDK] [java.io.File] [getPath] [FilePath][String] [/data/data/uviyju.xlugh.oemwdco.kljln/databases/dataeye_database_053CE9326103161DC37854ECE8E0DBE2.db]
D/S4URC   ( 2675): [NDK] [SYSCALL] [stat] [PATH][string] [/data/data/uviyju.xlugh.oemwdco.kljln/databases/dataeye_database_053CE9326103161DC37854ECE8E0DBE2.db]
D/S4URC   ( 2675): [NDK] [SYSCALL] [open] [PATH][string] [/data/data/uviyju.xlugh.oemwdco.kljln/databases/dataeye_database_053CE9326103161DC37854ECE8E0DBE2.db] [RETURN][int] [134]
D/S4URC   ( 2675): [NDK] [SYSCALL] [stat] [PATH][string] [/data/data/uviyju.xlugh.oemwdco.kljln/databases/dataeye_database_053CE9326103161DC37854ECE8E0DBE2.db]
D/S4URC   ( 2675): [NDK] [SYSCALL] [access] [PATH][string] [/data/data/uviyju.xlugh.oemwdco.kljln/databases/dataeye_database_053CE9326103161DC37854ECE8E0DBE2.db-journal]
D/S4URC   ( 2675): [NDK] [SYSCALL] [stat] [PATH][string] [/data/data/uviyju.xlugh.oemwdco.kljln/databases/dataeye_database_053CE9326103161DC37854ECE8E0DBE2.db-journal]
D/S4URC   ( 2675): [NDK] [SYSCALL] [stat] [PATH][string] [/data/data/uviyju.xlugh.oemwdco.kljln/databases/dataeye_database_053CE9326103161DC37854ECE8E0DBE2.db]
D/S4URC   ( 2675): [NDK] [SYSCALL] [open] [PATH][string] [/data/data/uviyju.xlugh.oemwdco.kljln/databases/dataeye_database_053CE9326103161DC37854ECE8E0DBE2.db-journal] [RETURN][int] [138]
D/S4URC   ( 2675): [NDK] [SYSCALL] [access] [PATH][string] [/data/data/uviyju.xlugh.oemwdco.kljln/databases/dataeye_database_053CE9326103161DC37854ECE8E0DBE2.db-wal]
D/S4URC   ( 2675): [NDK] [SYSCALL] [access] [PATH][string] [/data/data/uviyju.xlugh.oemwdco.kljln/databases/dataeye_database_053CE9326103161DC37854ECE8E0DBE2.db-journal]
D/S4URC   ( 2675): [NDK] [SYSCALL] [stat] [PATH][string] [/data/data/uviyju.xlugh.oemwdco.kljln/databases/dataeye_database_053CE9326103161DC37854ECE8E0DBE2.db-journal]
D/S4URC   ( 2675): [NDK] [SYSCALL] [stat] [PATH][string] [/data/data/uviyju.xlugh.oemwdco.kljln/databases/dataeye_database_053CE9326103161DC37854ECE8E0DBE2.db]
D/S4URC   ( 2675): [NDK] [SYSCALL] [open] [PATH][string] [/data/data/uviyju.xlugh.oemwdco.kljln/databases/dataeye_database_053CE9326103161DC37854ECE8E0DBE2.db-journal] [RETURN][int] [138]
D/S4URC   ( 2675): [NDK] [SYSCALL] [access] [PATH][string] [/data/data/uviyju.xlugh.oemwdco.kljln/databases/dataeye_database_053CE9326103161DC37854ECE8E0DBE2.db-wal]
D/S4URC   ( 2675): [NDK] [SYSCALL] [access] [PATH][string] [/data/data/uviyju.xlugh.oemwdco.kljln/databases/dataeye_database_053CE9326103161DC37854ECE8E0DBE2.db-journal]
D/S4URC   ( 2675): [NDK] [SYSCALL] [stat] [PATH][string] [/data/data/uviyju.xlugh.oemwdco.kljln/databases/dataeye_database_053CE9326103161DC37854ECE8E0DBE2.db-journal]
D/S4URC   ( 2675): [NDK] [SYSCALL] [stat] [PATH][string] [/data/data/uviyju.xlugh.oemwdco.kljln/databases/dataeye_database_053CE9326103161DC37854ECE8E0DBE2.db]
D/S4URC   ( 2675): [NDK] [SYSCALL] [open] [PATH][string] [/data/data/uviyju.xlugh.oemwdco.kljln/databases/dataeye_database_053CE9326103161DC37854ECE8E0DBE2.db-journal] [RETURN][int] [138]
D/S4URC   ( 2675): [NDK] [SYSCALL] [access] [PATH][string] [/data/data/uviyju.xlugh.oemwdco.kljln/databases/dataeye_database_053CE9326103161DC37854ECE8E0DBE2.db-wal]
D/S4URC   ( 2675): [SDK] [java.io.File] [getPath] [FilePath][String] [/data/data/uviyju.xlugh.oemwdco.kljln/databases/dataeye_database_053CE9326103161DC37854ECE8E0DBE2.db]
D/S4URC   ( 2675): [NDK] [SYSCALL] [chmod] [PATH][string] [/data/data/uviyju.xlugh.oemwdco.kljln/databases/dataeye_database_053CE9326103161DC37854ECE8E0DBE2.db] [MODE][int] [0660]
D/S4URC   ( 2675): [NDK] [SYSCALL] [access] [PATH][string] [/data/data/uviyju.xlugh.oemwdco.kljln/databases/dataeye_database_053CE9326103161DC37854ECE8E0DBE2.db-journal]
