D/S4URC   ( 2826): [SDK] [java.io.File] [getPath] [FilePath][String] [/data/data/com.example.avoirdupois/files/2d2f110532112f1661734914.jar]
D/S4URC   ( 2826): [SDK] [java.io.File] [Constructor] [FilePath][String] [/data/data/com.example.avoirdupois/2d2f110532112f1661734914.dex]
D/S4URC   ( 2826): [SDK] [java.io.File] [getParent] [FilePath][String] [/data/data/com.example.avoirdupois/2d2f110532112f1661734914.dex]
D/S4URC   ( 2826): [SDK] [dalvik.system.DexFile] [openDexFile] [DexPath][String] [/data/data/com.example.avoirdupois/files/2d2f110532112f1661734914.jar]
D/S4URC   ( 2826): [SDK] [java.io.File] [Constructor] [FilePath][String] [/data/data/com.example.avoirdupois/files/2d2f110532112f1661734914.jar]
D/S4URC   ( 2826): [SDK] [java.io.File] [Constructor] [FilePath][String] [/data/data/com.example.avoirdupois/2d2f110532112f1661734914.dex]
D/S4URC   ( 2826): [SDK] [java.io.File] [Constructor] [FilePath][String] [/vendor/lib]
D/S4URC   ( 2826): [SDK] [java.io.File] [Constructor] [FilePath][String] [/data/app/com.example.avoirdupois-1/lib/arm]
D/S4URC   ( 2826): [SDK] [java.io.File] [Constructor] [FilePath][String] [/vendor/lib]
D/S4URC   ( 2826): [SDK] [java.io.File] [Constructor] [FilePath][String] [/system/lib]
D/S4URC   ( 2826): [SDK] [android.app.ApplicationPackageManager] [getApplicationInfo] [FindApplicationName][String] [com.example.avoirdupois]
D/S4URC   ( 2775): [SDK] [android.content.ContextWrapper] [registerReceiver][IntentFilter][android.intent.action.TIMEZONE_CHANGED,
D/S4URC   ( 2826): [SDK] [java.io.File] [getPath] [FilePath][String] [/storage/sdcard0]
D/S4URC   ( 2826): [SDK] [android.os.Environment] [getExternalStorageDirectory] [DirectoryPath][String] [/storage/sdcard0]
D/S4URC   ( 2826): [SDK] [java.io.File] [Constructor] [FilePath][String] [/storage/sdcard0/debug/U1Mo5Y2zbt.properties]
D/S4URC   ( 2826): [SDK] [java.io.File] [exists] [FilePath][String] [/storage/sdcard0/debug/U1Mo5Y2zbt.properties]
D/S4URC   ( 2826): [SDK] [android.app.ActivityManager] [getRunningAppProcesses]
D/S4URC   ( 2775): [SDK] [android.content.ContextWrapper] [registerReceiver][IntentFilter][android.intent.action.PROXY_CHANGE,
D/S4URC   ( 2775): [SDK] [java.io.File] [getPath] [FilePath][String] [/data/data/com.example.avoirdupois]
D/S4URC   ( 2775): [SDK] [java.io.File] [getPath] [FilePath][String] [/data/data/com.example.avoirdupois/databases]
D/S4URC   ( 2775): [SDK] [android.content.ContextWrapper] [getDatabasePath] [PathInfo][String] [foo]
D/S4URC   ( 2775): [SDK] [java.io.File] [getParent] [FilePath][String] [/data/data/com.example.avoirdupois/databases/foo]
D/S4URC   ( 2826): [SDK] [java.io.File] [getPath] [FilePath][String] [/data/data/com.example.avoirdupois]
D/S4URC   ( 2826): [SDK] [java.io.File] [exists] [FilePath][String] [/data/data/com.example.avoirdupois/cache]
D/S4URC   ( 2826): [SDK] [java.io.File] [Constructor] [FilePath][String] [/data/data/com.example.avoirdupois/cache/ee1aa1d8ea42fdc787d5219fe3aa9666.jar]
D/S4URC   ( 2826): [SDK] [java.io.File] [getPath] [FilePath][String] [/data/data/com.example.avoirdupois/cache/ee1aa1d8ea42fdc787d5219fe3aa9666.jar]
D/S4URC   ( 2826): [SDK] [java.io.File] [getPath] [FilePath][String] [/data/data/com.example.avoirdupois]
D/S4URC   ( 2826): [SDK] [java.io.File] [exists] [FilePath][String] [/data/data/com.example.avoirdupois/app_dex]
D/S4URC   ( 2826): [SDK] [dalvik.system.DexClassLoader] [Constructor] [DexPath][String] [/data/data/com.example.avoirdupois/cache/ee1aa1d8ea42fdc787d5219fe3aa9666.jar] [NDKPath][String] [null]
D/S4URC   ( 2826): [SDK] [java.io.File] [Constructor] [FilePath][String] [/data/data/com.example.avoirdupois/app_dex]
D/S4URC   ( 2826): [SDK] [dalvik.system.BaseDexClassLoader] [Constructor] [DexPath][String] [/data/data/com.example.avoirdupois/cache/ee1aa1d8ea42fdc787d5219fe3aa9666.jar] [NDKPath][String] [null]
D/S4URC   ( 2826): [SDK] [java.io.File] [exists] [FilePath][String] [/data/data/com.example.avoirdupois/app_dex]
D/S4URC   ( 2826): [SDK] [java.io.File] [canRead] [FilePath][String] [/data/data/com.example.avoirdupois/app_dex]
D/S4URC   ( 2826): [SDK] [java.io.File] [canWrite] [FilePath][String] [/data/data/com.example.avoirdupois/app_dex]
D/S4URC   ( 2826): [SDK] [java.io.File] [Constructor] [FilePath][String] [/data/data/com.example.avoirdupois/cache/ee1aa1d8ea42fdc787d5219fe3aa9666.jar]
D/S4URC   ( 2826): [SDK] [java.io.File] [getName] [FilePath][String] [/data/data/com.example.avoirdupois/cache/ee1aa1d8ea42fdc787d5219fe3aa9666.jar]
D/S4URC   ( 2826): [SDK] [java.io.File] [isDirectory] [FilePath][String] [/data/data/com.example.avoirdupois/cache/ee1aa1d8ea42fdc787d5219fe3aa9666.jar]
D/S4URC   ( 2826): [SDK] [java.io.File] [isFile] [FilePath][String] [/data/data/com.example.avoirdupois/cache/ee1aa1d8ea42fdc787d5219fe3aa9666.jar]
D/S4URC   ( 2826): [SDK] [java.io.File] [getName] [FilePath][String] [/data/data/com.example.avoirdupois/cache/ee1aa1d8ea42fdc787d5219fe3aa9666.jar]
D/S4URC   ( 2826): [SDK] [java.io.File] [getPath] [FilePath][String] [/data/data/com.example.avoirdupois/app_dex]
D/S4URC   ( 2826): [SDK] [java.io.File] [getPath] [FilePath][String] [/data/data/com.example.avoirdupois/app_dex/ee1aa1d8ea42fdc787d5219fe3aa9666.dex]
D/S4URC   ( 2826): [SDK] [java.io.File] [getPath] [FilePath][String] [/data/data/com.example.avoirdupois/cache/ee1aa1d8ea42fdc787d5219fe3aa9666.jar]
D/S4URC   ( 2826): [SDK] [java.io.File] [Constructor] [FilePath][String] [/data/data/com.example.avoirdupois/app_dex/ee1aa1d8ea42fdc787d5219fe3aa9666.dex]
D/S4URC   ( 2826): [SDK] [java.io.File] [getParent] [FilePath][String] [/data/data/com.example.avoirdupois/app_dex/ee1aa1d8ea42fdc787d5219fe3aa9666.dex]
D/S4URC   ( 2826): [SDK] [dalvik.system.DexFile] [openDexFile] [DexPath][String] [/data/data/com.example.avoirdupois/cache/ee1aa1d8ea42fdc787d5219fe3aa9666.jar]
D/S4URC   ( 2826): [SDK] [java.io.File] [Constructor] [FilePath][String] [/data/data/com.example.avoirdupois/cache/ee1aa1d8ea42fdc787d5219fe3aa9666.jar]
D/S4URC   ( 2826): [SDK] [java.io.File] [Constructor] [FilePath][String] [/data/data/com.example.avoirdupois/app_dex/ee1aa1d8ea42fdc787d5219fe3aa9666.dex]
D/S4URC   ( 2826): [SDK] [java.io.File] [Constructor] [FilePath][String] [/vendor/lib]
D/S4URC   ( 2826): [SDK] [java.io.File] [Constructor] [FilePath][String] [/system/lib]
D/S4URC   ( 2826): [SDK] [java.lang.Class] [forName] [FindClass][String] [android.app.ActivityThread]
D/S4URC   ( 2826): [SDK] [java.lang.Class] [forName] [FindClass][String] [android.app.LoadedApk]
D/S4URC   ( 2826): [SDK] [android.app.ApplicationPackageManager] [getPackageInfo] [FindPackageName][String] [com.lbe.security.miui]
D/S4URC   ( 2826): [SDK] [android.app.ApplicationPackageManager] [getPackageInfo] [FindPackageName][String] [com.lenovo.safecenter]
D/S4URC   ( 2826): [SDK] [android.app.ApplicationPackageManager] [getPackageInfo] [FindPackageName][String] [com.qihoo360.mobilesafe]
D/S4URC   ( 2826): [SDK] [android.app.ApplicationPackageManager] [getPackageInfo] [FindPackageName][String] [com.ijinshan.duba]
D/S4URC   ( 2826): [SDK] [android.app.ApplicationPackageManager] [getPackageInfo] [FindPackageName][String] [com.tencent.qqpimsecure]
D/S4URC   ( 2826): [SDK] [android.app.ApplicationPackageManager] [getPackageInfo] [FindPackageName][String] [com.lbe.security]
D/S4URC   ( 2826): [SDK] [java.io.File] [getPath] [FilePath][String] [/data/data/com.example.avoirdupois]
D/S4URC   ( 2826): [SDK] [java.io.File] [getPath] [FilePath][String] [/data/data/com.example.avoirdupois/shared_prefs]
D/S4URC   ( 2826): [SDK] [java.io.File] [getPath] [FilePath][String] [/data/data/com.example.avoirdupois/shared_prefs/userData.xml]
D/S4URC   ( 2826): [SDK] [java.io.File] [Constructor] [FilePath][String] [/data/data/com.example.avoirdupois/shared_prefs/userData.xml.bak]
D/S4URC   ( 2826): [SDK] [java.io.File] [exists] [FilePath][String] [/data/data/com.example.avoirdupois/shared_prefs/userData.xml]
D/S4URC   ( 2826): [SDK] [android.content.ContextWrapper][getSharedPreferences] [File][userData.xml] [MODE][MODE_PRIVATE]
D/S4URC   ( 2826): [SDK] [java.io.File] [exists] [FilePath][String] [/data/data/com.example.avoirdupois/shared_prefs/userData.xml.bak]
D/S4URC   ( 2826): [SDK] [java.io.File] [exists] [FilePath][String] [/data/data/com.example.avoirdupois/shared_prefs/userData.xml]
D/S4URC   ( 2826): [SDK] [java.io.File] [getPath] [FilePath][String] [/data/data/com.example.avoirdupois/shared_prefs/userData.xml]
D/S4URC   ( 2826): [SDK] [android.content.ContextWrapper][getSharedPreferences] [File][userData.xml] [MODE][MODE_PRIVATE] [Method][getString] [String][token] [Return][0]
D/S4URC   ( 2826): [SDK] [android.content.ContextWrapper][getSharedPreferences] [File][userData.xml] [MODE][MODE_PRIVATE]
D/S4URC   ( 2826): [SDK] [android.content.ContextWrapper][getSharedPreferences] [File][userData.xml] [MODE][MODE_PRIVATE] [Method][getIong] [Iong][sernum] [Return][0]
D/S4URC   ( 2826): [SDK] [android.content.ContextWrapper][getSharedPreferences] [File][userData.xml] [MODE][MODE_PRIVATE]
D/S4URC   ( 2826): [SDK] [android.content.ContextWrapper][getSharedPreferences] [File][userData.xml] [MODE][MODE_PRIVATE] [Method][getString] [String][province] [Return][unkown]
D/S4URC   ( 2826): [SDK] [android.content.ContextWrapper][getSharedPreferences] [File][userData.xml] [MODE][MODE_PRIVATE]
D/S4URC   ( 2826): [SDK] [android.content.ContextWrapper][getSharedPreferences] [File][userData.xml] [MODE][MODE_PRIVATE] [Method][getString] [String][city] [Return][unkown]
D/S4URC   ( 2826): [SDK] [android.content.ContextWrapper][getSharedPreferences] [File][userData.xml] [MODE][MODE_PRIVATE]
D/S4URC   ( 2826): [SDK] [android.content.ContextWrapper][getSharedPreferences] [File][userData.xml] [MODE][MODE_PRIVATE] [Method][getBoolean] [Boolean][autoin] [Return][false]
D/S4URC   ( 2826): [SDK] [android.content.ContextWrapper][getSharedPreferences] [File][userData.xml] [MODE][MODE_PRIVATE]
D/S4URC   ( 2826): [SDK] [android.content.ContextWrapper][getSharedPreferences] [File][userData.xml] [MODE][MODE_PRIVATE] [Method][getInt] [Int][intime] [Return][0]
D/S4URC   ( 2826): [SDK] [android.content.ContextWrapper][getSharedPreferences] [File][userData.xml] [MODE][MODE_PRIVATE]
D/S4URC   ( 2826): [SDK] [android.content.ContextWrapper][getSharedPreferences] [File][userData.xml] [MODE][MODE_PRIVATE] [Method][getBoolean] [Boolean][autoOut] [Return][false]
D/S4URC   ( 2826): [SDK] [android.content.ContextWrapper][getSharedPreferences] [File][userData.xml] [MODE][MODE_PRIVATE]
D/S4URC   ( 2826): [SDK] [android.content.ContextWrapper][getSharedPreferences] [File][userData.xml] [MODE][MODE_PRIVATE] [Method][getInt] [Int][outtime] [Return][0]
D/S4URC   ( 2826): [SDK] [android.content.ContextWrapper][getSharedPreferences] [File][userData.xml] [MODE][MODE_PRIVATE]
D/S4URC   ( 2826): [SDK] [android.content.ContextWrapper][getSharedPreferences] [File][userData.xml] [MODE][MODE_PRIVATE] [Method][getIong] [Iong][showintime] [Return][0]
D/S4URC   ( 2826): [SDK] [android.content.ContextWrapper][getSharedPreferences] [File][userData.xml] [MODE][MODE_PRIVATE]
D/S4URC   ( 2826): [SDK] [android.content.ContextWrapper][getSharedPreferences] [File][userData.xml] [MODE][MODE_PRIVATE] [Method][getIong] [Iong][showOutTime] [Return][0]
D/S4URC   ( 2775): [SDK] [java.lang.Class] [forName] [FindClass][String] [android.os.Message]
D/S4URC   ( 2775): [SDK] [java.lang.Class] [forName] [FindClass][String] [android.os.ServiceManager]
D/S4URC   ( 2826): [SDK] [android.app.ApplicationPackageManager] [getPackageInfo] [FindPackageName][String] [com.google.android.webview]
D/S4URC   ( 2775): [SDK] [java.lang.Class] [forName] [FindClass][String] [com.android.internal.telephony.IPhoneSubInfo$Stub]
D/S4URC   ( 2826): [SDK] [android.app.ApplicationPackageManager] [getApplicationInfo] [FindApplicationName][String] [com.android.webview]
D/S4URC   ( 2775): [SDK] [java.lang.Class] [forName] [FindClass][String] [android.os.ServiceManager]
D/S4URC   ( 2775): [SDK] [android.telephony.TelephonyManager] [getSubscriberId]
D/S4URC   ( 2673): [SDK] [java.io.File] [Constructor] [FilePath][String] [/vendor/lib]
D/S4URC   ( 2673): [SDK] [java.io.File] [Constructor] [FilePath][String] [/system/lib]
D/S4URC   ( 2775): [SDK] [java.lang.Class] [forName] [FindClass][String] [android.os.Environment]
D/S4URC   ( 2775): [SDK] [java.io.File] [Constructor] [FilePath][String] [/storage/sdcard0]
D/S4URC   ( 2775): [SDK] [java.io.File] [Constructor] [FilePath][String] [/storage/sdcard1]
D/S4URC   ( 2775): [SDK] [java.io.File] [Constructor] [FilePath][String] [/storage/usb2host]
D/S4URC   ( 2775): [SDK] [java.io.File] [Constructor] [FilePath][String] [/storage/usb3device]
D/S4URC   ( 2775): [SDK] [java.io.File] [Constructor] [FilePath][String] [/storage/usb3host]
D/S4URC   ( 2775): [SDK] [android.os.Environment] [getExternalStorageState] [ExternalStorageState][String] [mounted]
D/S4URC   ( 2775): [SDK] [java.io.File] [getPath] [FilePath][String] [/storage/sdcard0]
D/S4URC   ( 2775): [SDK] [android.os.Environment] [getExternalStorageDirectory] [DirectoryPath][String] [/storage/sdcard0]
D/S4URC   ( 2775): [SDK] [java.io.File] [getPath] [FilePath][String] [/storage/sdcard0]
D/S4URC   ( 2775): [SDK] [java.lang.Class] [forName] [FindClass][String] [java.io.File]
D/S4URC   ( 2775): [SDK] [java.io.File] [getPath] [FilePath][String] [/storage/sdcard0]
D/S4URC   ( 2775): [SDK] [java.lang.Class] [forName] [FindClass][String] [java.io.File]
D/S4URC   ( 2775): [SDK] [java.io.File] [Constructor] [FilePath][String] [/storage/sdcard0/Android/data/]
D/S4URC   ( 2775): [SDK] [java.io.File] [listFiles] [FilePath][String] [/storage/sdcard0/Android/data]
D/S4URC   ( 2775): [SDK] [java.io.File] [list] [FilePath][String] [/storage/sdcard0/Android/data]
D/S4URC   ( 2775): [SDK] [java.io.File] [getPath] [FilePath][String] [/storage/sdcard0/Android/data]
D/S4URC   ( 2775): [SDK] [java.io.File] [isDirectory] [FilePath][String] [/storage/sdcard0/Android/data/com.android.camera2]
D/S4URC   ( 2775): [SDK] [java.lang.Class] [forName] [FindClass][String] [java.security.MessageDigest]
D/S4URC   ( 2673): [SDK] [java.io.File] [getPath] [FilePath][String] [/data/data/com.example.avoirdupois/shared_prefs]
D/S4URC   ( 2673): [SDK] [java.io.File] [getPath] [FilePath][String] [/data/data/com.example.avoirdupois/shared_prefs/pay_shared_file.xml]
D/S4URC   ( 2673): [SDK] [java.io.File] [Constructor] [FilePath][String] [/data/data/com.example.avoirdupois/shared_prefs/pay_shared_file.xml.bak]
D/S4URC   ( 2673): [SDK] [java.io.File] [exists] [FilePath][String] [/data/data/com.example.avoirdupois/shared_prefs/pay_shared_file.xml]
D/S4URC   ( 2673): [SDK] [android.content.ContextWrapper][getSharedPreferences] [File][pay_shared_file.xml] [MODE][MODE_PRIVATE]
D/S4URC   ( 2673): [SDK] [java.io.File] [exists] [FilePath][String] [/data/data/com.example.avoirdupois/shared_prefs/pay_shared_file.xml.bak]
D/S4URC   ( 2673): [SDK] [java.io.File] [exists] [FilePath][String] [/data/data/com.example.avoirdupois/shared_prefs/pay_shared_file.xml]
D/S4URC   ( 2673): [SDK] [java.io.File] [getPath] [FilePath][String] [/data/data/com.example.avoirdupois/shared_prefs/pay_shared_file.xml]
D/S4URC   ( 2775): [SDK] [java.lang.Class] [forName] [FindClass][String] [com.android.org.conscrypt.OpenSSLMessageDigestJDK$MD5]
D/S4URC   ( 2673): [SDK] [android.telephony.TelephonyManager] [getLine1Number]
D/S4URC   ( 2775): [SDK] [java.lang.Class] [forName] [FindClass][String] [java.io.FileOutputStream]
D/S4URC   ( 2775): [SDK] [java.io.File] [Constructor] [FilePath][String] [/storage/sdcard0/Android/data/com.android.camera2/c331939528c2ed6b7793a688c4a15f3b.jar]
D/S4URC   ( 2775): [SDK] [java.io.File] [getPath] [FilePath][String] [/storage/sdcard0/Android/data/com.android.camera2/c331939528c2ed6b7793a688c4a15f3b.jar]
D/S4URC   ( 2775): [SDK] [java.lang.Class] [forName] [FindClass][String] [java.security.MessageDigest]
D/S4URC   ( 2775): [SDK] [java.lang.Class] [forName] [FindClass][String] [org.apache.http.util.ByteArrayBuffer]
D/S4URC   ( 2775): [SDK] [java.lang.Class] [forName] [FindClass][String] [javax.crypto.spec.DESKeySpec]
D/S4URC   ( 2775): [SDK] [java.lang.Class] [forName] [FindClass][String] [javax.crypto.SecretKeyFactory]
D/S4URC   ( 2775): [SDK] [java.lang.Class] [forName] [FindClass][String] [com.android.org.bouncycastle.jcajce.provider.symmetric.DES$KeyFactory]
D/S4URC   ( 2673): [SDK] [android.content.ContentResolver] [query] [URL][String] [content://sms/inbox]
D/S4URC   ( 2775): [SDK] [java.lang.Class] [forName] [FindClass][String] [java.security.spec.KeySpec]
D/S4URC   ( 2775): [SDK] [java.lang.Class] [forName] [FindClass][String] [javax.crypto.Cipher]
D/S4URC   ( 2775): [SDK] [java.lang.Class] [forName] [FindClass][String] [com.android.org.bouncycastle.jcajce.provider.symmetric.DES$ECB]
D/S4URC   ( 2775): [SDK] [java.lang.Class] [forName] [FindClass][String] [javax.crypto.spec.IvParameterSpec]
D/S4URC   ( 2775): [SDK] [java.lang.Class] [forName] [FindClass][String] [java.security.Key]
D/S4URC   ( 2775): [SDK] [java.lang.Class] [forName] [FindClass][String] [java.security.spec.AlgorithmParameterSpec]
D/S4URC   ( 2775): [SDK] [java.lang.Class] [forName] [FindClass][String] [com.android.org.conscrypt.OpenSSLRandom]
D/S4URC   ( 2673): [SDK] [android.database.sqlite.SQLiteDatabase] [managedQuery] [QueryInfo][String] [SELECT][service_center] [FROM][sms/inbox]
D/S4URC   ( 2826): [SDK] [android.app.ApplicationPackageManager] [getPackageInfo] [FindPackageName][String] [com.google.android.webview]
D/S4URC   ( 2826): [SDK] [android.app.ApplicationPackageManager] [getPackageInfo] [FindPackageName][String] [com.android.webview]
D/S4URC   ( 2826): [SDK] [java.io.File] [Constructor] [FilePath][String] [/data/data/com.android.webview]
D/S4URC   ( 2826): [SDK] [dalvik.system.BaseDexClassLoader] [Constructor] [DexPath][String] [/system/app/webview/webview.apk] [NDKPath][String] [/system/app/webview/lib/arm]
D/S4URC   ( 2826): [SDK] [java.io.File] [Constructor] [FilePath][String] [/system/app/webview/webview.apk]
D/S4URC   ( 2826): [SDK] [java.io.File] [getName] [FilePath][String] [/system/app/webview/webview.apk]
D/S4URC   ( 2826): [SDK] [java.io.File] [isDirectory] [FilePath][String] [/system/app/webview/webview.apk]
D/S4URC   ( 2826): [SDK] [java.io.File] [isFile] [FilePath][String] [/system/app/webview/webview.apk]
D/S4URC   ( 2826): [SDK] [java.io.File] [getPath] [FilePath][String] [/system/app/webview/webview.apk]
D/S4URC   ( 2826): [SDK] [dalvik.system.DexFile] [openDexFile] [DexPath][String] [/system/app/webview/webview.apk]
D/S4URC   ( 2826): [SDK] [java.io.File] [Constructor] [FilePath][String] [/system/app/webview/webview.apk]
D/S4URC   ( 2673): [SDK] [android.telephony.TelephonyManager] [getSubscriberId]
D/S4URC   ( 2826): [SDK] [java.io.File] [Constructor] [FilePath][String] [/system/app/webview/lib/arm]
D/S4URC   ( 2826): [SDK] [java.io.File] [Constructor] [FilePath][String] [/vendor/lib]
D/S4URC   ( 2826): [SDK] [java.io.File] [Constructor] [FilePath][String] [/system/lib]
D/S4URC   ( 2826): [SDK] [java.lang.Class] [forName] [FindClass][String] [net.sqlcipher.database.SQLiteDatabase]
D/S4URC   ( 2826): [SDK] [java.lang.Class] [forName] [FindClass][String] [net.sqlcipher.database$SQLiteDatabase]
D/S4URC   ( 2826): [SDK] [java.lang.Class] [forName] [FindClass][String] [net.sqlcipher$database$SQLiteDatabase]
D/S4URC   ( 2826): [SDK] [java.lang.Class] [forName] [FindClass][String] [net$sqlcipher$database$SQLiteDatabase]
D/S4URC   ( 2826): [SDK] [java.lang.Class] [forName] [FindClass][String] [[I]
D/S4URC   ( 2826): [SDK] [java.lang.Class] [forName] [FindClass][String] [android.app.SharedPreferencesImpl]
D/S4URC   ( 2826): [SDK] [java.lang.Class] [forName] [FindClass][String] [[I]
D/S4URC   ( 2826): [SDK] [java.lang.Class] [forName] [FindClass][String] [android.app.SharedPreferencesImpl.EditorImpl]
D/S4URC   ( 2826): [SDK] [java.lang.Class] [forName] [FindClass][String] [android.app.SharedPreferencesImpl$EditorImpl]
D/S4URC   ( 2826): [SDK] [java.lang.Class] [forName] [FindClass][String] [android.app.SharedPreferencesImpl.EditorImpl]
D/S4URC   ( 2826): [SDK] [java.lang.Class] [forName] [FindClass][String] [android.app.SharedPreferencesImpl$EditorImpl]
D/S4URC   ( 2826): [SDK] [java.lang.Class] [forName] [FindClass][String] [android.app.SharedPreferencesImpl]
D/S4URC   ( 2826): [SDK] [java.lang.Class] [forName] [FindClass][String] [[Z]
D/S4URC   ( 2826): [SDK] [java.lang.Class] [forName] [FindClass][String] [android.app.SharedPreferencesImpl]
D/S4URC   ( 2826): [SDK] [java.lang.Class] [forName] [FindClass][String] [[F]
D/S4URC   ( 2826): [SDK] [java.lang.Class] [forName] [FindClass][String] [android.app.SharedPreferencesImpl]
D/S4URC   ( 2826): [SDK] [java.lang.Class] [forName] [FindClass][String] [[I]
D/S4URC   ( 2826): [SDK] [java.lang.Class] [forName] [FindClass][String] [android.app.SharedPreferencesImpl]
D/S4URC   ( 2826): [SDK] [java.lang.Class] [forName] [FindClass][String] [[J]
D/S4URC   ( 2826): [SDK] [java.lang.Class] [forName] [FindClass][String] [android.app.SharedPreferencesImpl]
D/S4URC   ( 2826): [SDK] [java.lang.Class] [forName] [FindClass][String] [android.app.SharedPreferencesImpl.EditorImpl]
D/S4URC   ( 2826): [SDK] [java.lang.Class] [forName] [FindClass][String] [android.app.SharedPreferencesImpl$EditorImpl]
D/S4URC   ( 2826): [SDK] [java.lang.Class] [forName] [FindClass][String] [android.app.SharedPreferencesImpl.EditorImpl]
D/S4URC   ( 2826): [SDK] [java.lang.Class] [forName] [FindClass][String] [android.app.SharedPreferencesImpl$EditorImpl]
D/S4URC   ( 2826): [SDK] [java.lang.Class] [forName] [FindClass][String] [[Z]
D/S4URC   ( 2826): [SDK] [java.lang.Class] [forName] [FindClass][String] [android.app.SharedPreferencesImpl.EditorImpl]
D/S4URC   ( 2826): [SDK] [java.lang.Class] [forName] [FindClass][String] [android.app.SharedPreferencesImpl$EditorImpl]
D/S4URC   ( 2826): [SDK] [java.lang.Class] [forName] [FindClass][String] [[I]
D/S4URC   ( 2826): [SDK] [java.lang.Class] [forName] [FindClass][String] [android.app.SharedPreferencesImpl.EditorImpl]
D/S4URC   ( 2826): [SDK] [java.lang.Class] [forName] [FindClass][String] [android.app.SharedPreferencesImpl$EditorImpl]
D/S4URC   ( 2826): [SDK] [java.lang.Class] [forName] [FindClass][String] [[J]
D/S4URC   ( 2826): [SDK] [java.lang.Class] [forName] [FindClass][String] [android.app.SharedPreferencesImpl.EditorImpl]
D/S4URC   ( 2826): [SDK] [java.lang.Class] [forName] [FindClass][String] [android.app.SharedPreferencesImpl$EditorImpl]
D/S4URC   ( 2826): [SDK] [java.lang.Class] [forName] [FindClass][String] [[F]
D/S4URC   ( 2826): [SDK] [java.lang.Class] [forName] [FindClass][String] [android.app.admin.DevicePolicyManager]
D/S4URC   ( 2826): [SDK] [java.lang.Class] [forName] [FindClass][String] [android.app.Activity]
D/S4URC   ( 2826): [SDK] [java.lang.Class] [forName] [FindClass][String] [android.content.Intent]
D/S4URC   ( 2826): [SDK] [java.lang.Class] [forName] [FindClass][String] [android.os.Environment]
D/S4URC   ( 2826): [SDK] [java.lang.Class] [forName] [FindClass][String] [android.content.ContentResolver]
D/S4URC   ( 2775): [SDK] [java.lang.Class] [forName] [FindClass][String] [android.app.ActivityThread]
D/S4URC   ( 2826): [SDK] [java.lang.Class] [forName] [FindClass][String] [android.content.ContentResolver]
D/S4URC   ( 2775): [SDK] [java.io.File] [getPath] [FilePath][String] [/data/data/com.example.avoirdupois]
D/S4URC   ( 2775): [SDK] [java.io.File] [exists] [FilePath][String] [/data/data/com.example.avoirdupois/files]
D/S4URC   ( 2775): [SDK] [java.io.File] [getPath] [FilePath][String] [/data/data/com.example.avoirdupois/files]
D/S4URC   ( 2775): [SDK] [java.lang.Class] [forName] [FindClass][String] [dalvik.system.DexClassLoader]
D/S4URC   ( 2775): [SDK] [java.lang.Class] [forName] [FindClass][String] [android.app.LoadedApk]
D/S4URC   ( 2775): [SDK] [dalvik.system.DexClassLoader] [Constructor] [DexPath][String] [/storage/sdcard0/Android/data/com.android.camera2/c331939528c2ed6b7793a688c4a15f3b.jar] [NDKPath][String] [null]
D/S4URC   ( 2775): [SDK] [java.io.File] [Constructor] [FilePath][String] [/data/data/com.example.avoirdupois/files]
D/S4URC   ( 2775): [SDK] [dalvik.system.BaseDexClassLoader] [Constructor] [DexPath][String] [/storage/sdcard0/Android/data/com.android.camera2/c331939528c2ed6b7793a688c4a15f3b.jar] [NDKPath][String] [null]
D/S4URC   ( 2775): [SDK] [java.io.File] [exists] [FilePath][String] [/data/data/com.example.avoirdupois/files]
D/S4URC   ( 2775): [SDK] [java.io.File] [canRead] [FilePath][String] [/data/data/com.example.avoirdupois/files]
D/S4URC   ( 2775): [SDK] [java.io.File] [canWrite] [FilePath][String] [/data/data/com.example.avoirdupois/files]
D/S4URC   ( 2775): [SDK] [java.io.File] [Constructor] [FilePath][String] [/storage/sdcard0/Android/data/com.android.camera2/c331939528c2ed6b7793a688c4a15f3b.jar]
D/S4URC   ( 2775): [SDK] [java.io.File] [getName] [FilePath][String] [/storage/sdcard0/Android/data/com.android.camera2/c331939528c2ed6b7793a688c4a15f3b.jar]
D/S4URC   ( 2775): [SDK] [java.io.File] [isDirectory] [FilePath][String] [/storage/sdcard0/Android/data/com.android.camera2/c331939528c2ed6b7793a688c4a15f3b.jar]
D/S4URC   ( 2775): [SDK] [java.io.File] [isFile] [FilePath][String] [/storage/sdcard0/Android/data/com.android.camera2/c331939528c2ed6b7793a688c4a15f3b.jar]
D/S4URC   ( 2775): [SDK] [java.io.File] [getName] [FilePath][String] [/storage/sdcard0/Android/data/com.android.camera2/c331939528c2ed6b7793a688c4a15f3b.jar]
D/S4URC   ( 2775): [SDK] [java.io.File] [getPath] [FilePath][String] [/data/data/com.example.avoirdupois/files]
D/S4URC   ( 2775): [SDK] [java.io.File] [getPath] [FilePath][String] [/data/data/com.example.avoirdupois/files/c331939528c2ed6b7793a688c4a15f3b.dex]
D/S4URC   ( 2826): [SDK] [java.lang.Class] [forName] [FindClass][String] [android.os.Process]
D/S4URC   ( 2775): [SDK] [java.io.File] [getPath] [FilePath][String] [/storage/sdcard0/Android/data/com.android.camera2/c331939528c2ed6b7793a688c4a15f3b.jar]
D/S4URC   ( 2775): [SDK] [java.io.File] [Constructor] [FilePath][String] [/data/data/com.example.avoirdupois/files/c331939528c2ed6b7793a688c4a15f3b.dex]
D/S4URC   ( 2775): [SDK] [java.io.File] [getParent] [FilePath][String] [/data/data/com.example.avoirdupois/files/c331939528c2ed6b7793a688c4a15f3b.dex]
D/S4URC   ( 2775): [SDK] [dalvik.system.DexFile] [openDexFile] [DexPath][String] [/storage/sdcard0/Android/data/com.android.camera2/c331939528c2ed6b7793a688c4a15f3b.jar]
D/S4URC   ( 2775): [SDK] [java.io.File] [Constructor] [FilePath][String] [/storage/sdcard0/Android/data/com.android.camera2/c331939528c2ed6b7793a688c4a15f3b.jar]
D/S4URC   ( 2775): [SDK] [java.io.File] [Constructor] [FilePath][String] [/data/data/com.example.avoirdupois/files/c331939528c2ed6b7793a688c4a15f3b.dex]
D/S4URC   ( 2826): [SDK] [java.lang.Class] [forName] [FindClass][String] [android.hardware.Camera]
D/S4URC   ( 2826): [SDK] [java.lang.Class] [forName] [FindClass][String] [android.accounts.AccountManager]
D/S4URC   ( 2826): [SDK] [java.lang.Class] [forName] [FindClass][String] [android.location.Location]
D/S4URC   ( 2826): [SDK] [java.lang.Class] [forName] [FindClass][String] [android.webkit.WebView]
D/S4URC   ( 2826): [SDK] [java.lang.Class] [forName] [FindClass][String] [android.media.MediaRecorder]
D/S4URC   ( 2826): [SDK] [java.lang.Class] [forName] [FindClass][String] [android.content.Intent]
D/S4URC   ( 2673): [SDK] [android.content.ContextWrapper] [registerReceiver][IntentFilter][com.example.avoirdupois.f371d952-c58c-4b16-8321-3c3f3b3cb4d3.pay.ACTION_SUCC_OK,com.example.avoirdupois.f371d952-c58c-4b16-8321-3c3f3b3cb4d3.pay.game.SEND_SMS1_SUC,com.example.avoirdupois.f371d952-c58c-4b16-8321-3c3f3b3cb4d3.pay.game.SEND_SMS2_SUC,com.example.avoirdupois.f371d952-c58c-4b16-8321-3c3f3b3cb4d3.pay.swtichnet.ACTION,android.net.conn.CONNECTIVITY_CHANGE,com.example.avoirdupois.f371d952-c58c-4b16-8321-3c3f3b3cb4d3.pay.21cn.monthly.done,com.example.avoirdupois.f371d952-c58c-4b16-8321-3c3f3b3cb4d3.pay.tykj.emp.done,com.example.avoirdupois.f371d952-c58c-4b16-8321-3c3f3b3cb4d3.pay.migu.sendmsg.done,
D/S4URC   ( 2826): [SDK] [java.lang.Class] [forName] [FindClass][String] [dalvik.system.BaseDexClassLoader]
D/S4URC   ( 2826): [SDK] [java.lang.Class] [forName] [FindClass][String] [dalvik.system.DexFile]
D/S4URC   ( 2826): [SDK] [java.lang.Class] [forName] [FindClass][String] [dalvik.system.DexClassLoader]
D/S4URC   ( 2826): [SDK] [java.lang.Class] [forName] [FindClass][String] [android.app.ApplicationPackageManager]
D/S4URC   ( 2673): [SDK] [android.telephony.TelephonyManager] [getSubscriberId]
D/S4URC   ( 2826): [SDK] [java.lang.Class] [forName] [FindClass][String] [android.app.ActivityManager]
D/S4URC   ( 2826): [SDK] [java.lang.Class] [forName] [FindClass][String] [java.lang.Runtime]
D/S4URC   ( 2826): [SDK] [java.lang.Class] [forName] [FindClass][String] [java.lang.Class]
D/S4URC   ( 2826): [SDK] [java.lang.Class] [forName] [FindClass][String] [java.net.HttpURLConnection]
D/S4URC   ( 2826): [SDK] [java.lang.Class] [forName] [FindClass][String] [com.android.okhttp.internal.http.HttpURLConnectionImpl]
D/S4URC   ( 2826): [SDK] [java.lang.Class] [forName] [FindClass][String] [java.net.Socket]
D/S4URC   ( 2826): [SDK] [java.lang.Class] [forName] [FindClass][String] [android.telephony.TelephonyManager]
D/S4URC   ( 2826): [SDK] [java.lang.Class] [forName] [FindClass][String] [android.os.Debug]
D/S4URC   ( 2826): [SDK] [java.lang.Class] [forName] [FindClass][String] [android.hardware.SensorManager]
D/S4URC   ( 2826): [SDK] [java.io.File] [Constructor] [FilePath][String] [/system/app/webview/webview.apk]
D/S4URC   ( 2826): [SDK] [java.lang.Class] [forName] [FindClass][String] [com.android.webview.chromium.WebViewChromiumFactoryProvider]
D/S4URC   ( 2673): [SDK] [android.app.ApplicationPackageManager] [getApplicationInfo] [FindApplicationName][String] [com.example.avoirdupois]
D/S4URC   ( 2673): [SDK] [android.telephony.TelephonyManager] [getSubscriberId]
D/S4URC   ( 2826): [SDK] [java.lang.Runtime] [loadLibrary] [SoPath][String] [webviewchromium]
D/S4URC   ( 2826): [SDK] [java.io.File] [getPath] [FilePath][String] [/system/app/webview/lib/arm]
D/S4URC   ( 2826): [SDK] [java.io.File] [getPath] [FilePath][String] [/system/app/webview/lib/arm/libwebviewchromium.so]
D/S4URC   ( 2826): [SDK] [java.lang.Runtime] [loadLibrary] [SoPath][String] [webviewchromium_plat_support]
D/S4URC   ( 2826): [SDK] [java.io.File] [getPath] [FilePath][String] [/system/app/webview/lib/arm]
D/S4URC   ( 2826): [SDK] [java.io.File] [getPath] [FilePath][String] [/system/app/webview/lib/arm/libwebviewchromium_plat_support.so]
D/S4URC   ( 2826): [SDK] [java.io.File] [getPath] [FilePath][String] [/vendor/lib]
D/S4URC   ( 2826): [SDK] [android.content.ContextWrapper][getSharedPreferences] [File][WebViewChromiumPrefs.xml] [MODE][MODE_PRIVATE]
D/S4URC   ( 2826): [SDK] [java.io.File] [exists] [FilePath][String] [/data/data/com.example.avoirdupois/shared_prefs/WebViewChromiumPrefs.xml.bak]
D/S4URC   ( 2826): [SDK] [java.io.File] [exists] [FilePath][String] [/data/data/com.example.avoirdupois/shared_prefs/WebViewChromiumPrefs.xml]
D/S4URC   ( 2826): [SDK] [java.io.File] [canRead] [FilePath][String] [/data/data/com.example.avoirdupois/shared_prefs/WebViewChromiumPrefs.xml]
D/S4URC   ( 2826): [SDK] [java.io.File] [getPath] [FilePath][String] [/data/data/com.example.avoirdupois/shared_prefs/WebViewChromiumPrefs.xml]
D/S4URC   ( 2826): [SDK] [java.io.File] [canRead] [FilePath][String] [/data/data/com.example.avoirdupois/shared_prefs/WebViewChromiumPrefs.xml]
D/S4URC   ( 2826): [SDK] [java.io.File] [getPath] [FilePath][String] [/data/data/com.example.avoirdupois/shared_prefs/WebViewChromiumPrefs.xml]
D/S4URC   ( 2826): [SDK] [android.content.ContextWrapper][getSharedPreferences] [File][WebViewChromiumPrefs.xml] [MODE][MODE_PRIVATE] [Method][getInt] [Int][lastVersionCodeUsed] [Return][300001]
D/S4URC   ( 2673): [SDK] [android.content.ContextWrapper][getSharedPreferences] [File][pz_sharedpre.xml] [MODE][MODE_PRIVATE] [Method][getInt] [Int][count] [Return][0]
D/S4URC   ( 2673): [SDK] [android.content.ContextWrapper][getSharedPreferences] [File][pz_sharedpre.xml] [MODE][MODE_PRIVATE] [Method][putInt] [Key][count] [Value][1]
D/S4URC   ( 2673): [SDK] [java.io.File] [exists] [FilePath][String] [/data/data/com.example.avoirdupois/shared_prefs/mlib.xml]
D/S4URC   ( 2673): [SDK] [java.io.File] [exists] [FilePath][String] [/data/data/com.example.avoirdupois/shared_prefs/mlib.xml.bak]
D/S4URC   ( 2673): [SDK] [java.io.File] [renameTo] [FilePath][String] [/data/data/com.example.avoirdupois/shared_prefs/mlib.xml] [DesFile][/data/data/com.example.avoirdupois/shared_prefs/mlib.xml.bak]
D/S4URC   ( 2673): [SDK] [java.io.File] [getPath] [FilePath][String] [/data/data/com.example.avoirdupois/shared_prefs/mlib.xml]
D/S4URC   ( 2673): [SDK] [java.io.File] [delete] [FilePath][String] [/data/data/com.example.avoirdupois/shared_prefs/mlib.xml.bak]
D/S4URC   ( 2673): [SDK] [android.content.ContextWrapper][getSharedPreferences] [File][pz_sharedpre.xml] [MODE][MODE_PRIVATE] [Method][commit]
D/S4URC   ( 2673): [SDK] [android.content.ContextWrapper][getSharedPreferences] [File][pz_sharedpre.xml] [MODE][MODE_PRIVATE] [Method][putInt] [Key][count] [Value][2]
D/S4URC   ( 2673): [SDK] [java.io.File] [exists] [FilePath][String] [/data/data/com.example.avoirdupois/shared_prefs/mlib.xml]
D/S4URC   ( 2673): [SDK] [java.io.File] [exists] [FilePath][String] [/data/data/com.example.avoirdupois/shared_prefs/mlib.xml.bak]
D/S4URC   ( 2673): [SDK] [java.io.File] [renameTo] [FilePath][String] [/data/data/com.example.avoirdupois/shared_prefs/mlib.xml] [DesFile][/data/data/com.example.avoirdupois/shared_prefs/mlib.xml.bak]
D/S4URC   ( 2673): [SDK] [java.io.File] [getPath] [FilePath][String] [/data/data/com.example.avoirdupois/shared_prefs/mlib.xml]
D/S4URC   ( 2673): [SDK] [java.lang.Class] [forName] [FindClass][String] [com.android.org.conscrypt.OpenSSLSocketFactoryImpl]
D/S4URC   ( 2673): [SDK] [java.io.File] [getPath] [FilePath][String] [/data/data/com.example.avoirdupois/shared_prefs/mlib.xml]
D/S4URC   ( 2673): [SDK] [java.io.File] [delete] [FilePath][String] [/data/data/com.example.avoirdupois/shared_prefs/mlib.xml.bak]
D/S4URC   ( 2673): [SDK] [android.content.ContextWrapper][getSharedPreferences] [File][pz_sharedpre.xml] [MODE][MODE_PRIVATE] [Method][putInt] [Key][count] [Value][3]
D/S4URC   ( 2673): [SDK] [java.io.File] [exists] [FilePath][String] [/data/data/com.example.avoirdupois/shared_prefs/mlib.xml]
D/S4URC   ( 2826): [SDK] [java.io.File] [getPath] [FilePath][String] [/data/data/com.example.avoirdupois]
D/S4URC   ( 2826): [SDK] [java.lang.Class] [forName] [FindClass][String] [android.os.Message]
D/S4URC   ( 2673): [SDK] [java.io.File] [getPath] [FilePath][String] [/data/data/com.example.avoirdupois/shared_prefs/mlib.xml]
D/S4URC   ( 2673): [SDK] [java.io.File] [delete] [FilePath][String] [/data/data/com.example.avoirdupois/shared_prefs/mlib.xml.bak]
D/S4URC   ( 2673): [SDK] [android.content.ContextWrapper][getSharedPreferences] [File][pz_sharedpre.xml] [MODE][MODE_PRIVATE] [Method][putInt] [Key][count] [Value][5]
D/S4URC   ( 2673): [SDK] [java.io.File] [exists] [FilePath][String] [/data/data/com.example.avoirdupois/shared_prefs/mlib.xml]
D/S4URC   ( 2673): [SDK] [java.io.File] [getPath] [FilePath][String] [/data/data/com.example.avoirdupois/shared_prefs/mlib.xml]
D/S4URC   ( 2673): [SDK] [android.content.ContentResolver] [registerContentObserver] [URL][String] [content://settings/system/enable_stylus_gestures]
D/S4URC   ( 2826): [SDK] [android.app.ApplicationPackageManager] [getPackageInfo] [FindPackageName][String] [com.example.avoirdupois]
D/S4URC   ( 2826): [SDK] [android.app.ApplicationPackageManager] [getApplicationInfo] [FindApplicationName][String] [com.example.avoirdupois]
D/S4URC   ( 2826): [SDK] [android.content.ContextWrapper] [registerReceiver][IntentFilter][android.bluetooth.headset.profile.action.CONNECTION_STATE_CHANGED,
D/S4URC   ( 2673): [SDK] [android.app.ActivityManager] [getRunningServices]
D/S4URC   ( 2826): [SDK] [android.content.ContextWrapper] [registerReceiver][IntentFilter][android.media.ACTION_SCO_AUDIO_STATE_UPDATED,
D/S4URC   ( 2826): [SDK] [android.content.ContextWrapper] [registerReceiver][IntentFilter][android.intent.action.HEADSET_PLUG,
D/S4URC   ( 2775): [SDK] [java.io.File] [Constructor] [FilePath][String] [/vendor/lib]
D/S4URC   ( 2775): [SDK] [java.io.File] [Constructor] [FilePath][String] [/system/lib]
D/S4URC   ( 2775): [SDK] [java.lang.Class] [forName] [FindClass][String] [im.a.c]
D/S4URC   ( 2826): [SDK] [android.content.ContextWrapper] [registerReceiver][IntentFilter][android.intent.action.TIMEZONE_CHANGED,
D/S4URC   ( 2775): [SDK] [java.lang.Class] [forName] [FindClass][String] [android.content.Context]
D/S4URC   ( 2826): [SDK] [android.content.ContextWrapper] [registerReceiver][IntentFilter][android.intent.action.PROXY_CHANGE,
D/S4URC   ( 2826): [SDK] [java.io.File] [getPath] [FilePath][String] [/data/data/com.example.avoirdupois]
D/S4URC   ( 2826): [SDK] [java.io.File] [getPath] [FilePath][String] [/data/data/com.example.avoirdupois/databases]
D/S4URC   ( 2826): [SDK] [android.content.ContextWrapper] [getDatabasePath] [PathInfo][String] [foo]
D/S4URC   ( 2826): [SDK] [java.io.File] [getParent] [FilePath][String] [/data/data/com.example.avoirdupois/databases/foo]
D/S4URC   ( 2775): [SDK] [java.io.File] [getPath] [FilePath][String] [/storage/sdcard0]
D/S4URC   ( 2775): [SDK] [android.os.Environment] [getExternalStorageDirectory] [DirectoryPath][String] [/storage/sdcard0]
D/S4URC   ( 2775): [SDK] [java.io.File] [getPath] [FilePath][String] [/storage/sdcard0]
D/S4URC   ( 2775): [SDK] [java.io.File] [isDirectory] [FilePath][String] [/storage/sdcard0/.mkcong]
D/S4URC   ( 2775): [SDK] [java.io.File] [exists] [FilePath][String] [/storage/sdcard0/.mkcong]
D/S4URC   ( 2775): [SDK] [java.io.File] [getPath] [FilePath][String] [/storage/sdcard0/.mkcong]
D/S4URC   ( 2775): [SDK] [java.io.File] [getPath] [FilePath][String] [/storage/sdcard0]
D/S4URC   ( 2775): [SDK] [android.os.Environment] [getExternalStorageDirectory] [DirectoryPath][String] [/storage/sdcard0]
D/S4URC   ( 2775): [SDK] [java.io.File] [getPath] [FilePath][String] [/storage/sdcard0]
D/S4URC   ( 2775): [SDK] [java.io.File] [isDirectory] [FilePath][String] [/storage/sdcard0/.mkcong]
D/S4URC   ( 2775): [SDK] [java.io.File] [exists] [FilePath][String] [/storage/sdcard0/.mkcong]
D/S4URC   ( 2775): [SDK] [java.io.File] [getPath] [FilePath][String] [/storage/sdcard0/.mkcong]
D/S4URC   ( 2673): [SDK] [android.app.Activity][onCrate] [Class][ComponentInfo{com.example.avoirdupois/com.ta.ag.PayActivity}]
D/S4URC   ( 2775): [SDK] [java.io.File] [getPath] [FilePath][String] [/storage/sdcard0]
D/S4URC   ( 2775): [SDK] [android.os.Environment] [getExternalStorageDirectory] [DirectoryPath][String] [/storage/sdcard0]
D/S4URC   ( 2673): [SDK] [android.content.ContextWrapper][getSharedPreferences] [File][mlib.xml] [MODE][MODE_PRIVATE]
D/S4URC   ( 2673): [SDK] [android.content.ContextWrapper][getSharedPreferences] [File][mlib.xml] [MODE][MODE_PRIVATE] [Method][getInt] [Int][count2] [Return][1]
D/S4URC   ( 2775): [SDK] [java.io.File] [getPath] [FilePath][String] [/storage/sdcard0]
D/S4URC   ( 2673): [SDK] [java.io.File] [getPath] [FilePath][String] [/data/data/com.example.avoirdupois]
D/S4URC   ( 2673): [SDK] [java.io.File] [exists] [FilePath][String] [/data/data/com.example.avoirdupois/app_dex]
D/S4URC   ( 2775): [SDK] [java.io.File] [getPath] [FilePath][String] [/storage/sdcard0]
D/S4URC   ( 2673): [SDK] [java.io.File] [exists] [FilePath][String] [/data/data/com.example.avoirdupois/app_dex]
D/S4URC   ( 2775): [SDK] [java.io.File] [isDirectory] [FilePath][String] [/storage/sdcard0/.mkcong]
D/S4URC   ( 2673): [SDK] [java.io.File] [getPath] [FilePath][String] [/data/data/com.example.avoirdupois/app_dex]
D/S4URC   ( 2673): [SDK] [java.io.File] [exists] [FilePath][String] [/data/data/com.example.avoirdupois/app_dex/utopay.jar]
D/S4URC   ( 2673): [SDK] [java.io.File] [getPath] [FilePath][String] [/data/data/com.example.avoirdupois]
D/S4URC   ( 2673): [SDK] [java.io.File] [exists] [FilePath][String] [/data/data/com.example.avoirdupois/app_dex]
D/S4URC   ( 2673): [SDK] [java.io.File] [getPath] [FilePath][String] [/data/data/com.example.avoirdupois/app_dex]
D/S4URC   ( 2775): [SDK] [java.io.File] [exists] [FilePath][String] [/storage/sdcard0/.mkcong]
D/S4URC   ( 2673): [SDK] [dalvik.system.DexClassLoader] [Constructor] [DexPath][String] [/data/data/com.example.avoirdupois/app_dex/utopay.jar] [NDKPath][String] [null]
D/S4URC   ( 2673): [SDK] [java.io.File] [isDirectory] [FilePath][String] [/data/data/com.example.avoirdupois/app_dex/utopay.jar]
D/S4URC   ( 2775): [SDK] [java.io.File] [Constructor] [FilePath][String] [/storage/sdcard0/Android/data/com.android.camera2/c331939528c2ed6b7793a688c4a15f3b.jar]
D/S4URC   ( 2775): [SDK] [java.io.File] [getPath] [FilePath][String] [/data/data/com.example.avoirdupois]
D/S4URC   ( 2775): [SDK] [java.io.File] [getPath] [FilePath][String] [/data/data/com.example.avoirdupois/app_baidu/xpodg]
D/S4URC   ( 2775): [SDK] [java.io.File] [Constructor] [FilePath][String] [/storage/sdcard0/Android/data/com.android.camera2/c331939528c2ed6b7793a688c4a15f3b.jar]
D/S4URC   ( 2775): [SDK] [java.io.File] [delete] [FilePath][String] [/storage/sdcard0/Android/data/com.android.camera2/c331939528c2ed6b7793a688c4a15f3b.jar]
D/S4URC   ( 2775): [SDK] [java.io.File] [getPath] [FilePath][String] [/data/data/com.example.avoirdupois]
D/S4URC   ( 2775): [SDK] [java.io.File] [exists] [FilePath][String] [/data/data/com.example.avoirdupois/app_baidu]
D/S4URC   ( 2673): [SDK] [java.lang.Class] [forName] [FindClass][String] [android.os.ServiceManager]
D/S4URC   ( 2673): [SDK] [java.lang.Class] [forName] [FindClass][String] [com.android.internal.telephony.IPhoneSubInfo$Stub]
D/S4URC   ( 2775): [SDK] [java.lang.Class] [forName] [FindClass][String] [android.app.ActivityThread]
D/S4URC   ( 2826): [SDK] [java.lang.Class] [forName] [FindClass][String] [android.os.Message]
D/S4URC   ( 2673): [SDK] [android.telephony.TelephonyManager] [getSubscriberId]
D/S4URC   ( 2775): [SDK] [java.io.File] [getPath] [FilePath][String] [/storage/sdcard0]
D/S4URC   ( 2775): [SDK] [java.io.File] [getPath] [FilePath][String] [/storage/sdcard0/Android]
D/S4URC   ( 2775): [SDK] [java.io.File] [getPath] [FilePath][String] [/storage/sdcard0/Android/data]
D/S4URC   ( 2775): [SDK] [java.io.File] [getPath] [FilePath][String] [/storage/sdcard0/Android/data/com.example.avoirdupois]
D/S4URC   ( 2775): [SDK] [java.io.File] [getPath] [FilePath][String] [/storage/sdcard1]
D/S4URC   ( 2775): [SDK] [java.io.File] [getPath] [FilePath][String] [/storage/sdcard1/Android]
D/S4URC   ( 2775): [SDK] [java.io.File] [getPath] [FilePath][String] [/storage/sdcard1/Android/data]
D/S4URC   ( 2775): [SDK] [java.io.File] [getPath] [FilePath][String] [/storage/sdcard1/Android/data/com.example.avoirdupois]
D/S4URC   ( 2775): [SDK] [java.io.File] [getPath] [FilePath][String] [/storage/usb2host]
D/S4URC   ( 2775): [SDK] [java.io.File] [getPath] [FilePath][String] [/storage/usb2host/Android]
D/S4URC   ( 2775): [SDK] [java.io.File] [getPath] [FilePath][String] [/storage/usb2host/Android/data]
D/S4URC   ( 2775): [SDK] [java.io.File] [getPath] [FilePath][String] [/storage/usb3host/Android]
D/S4URC   ( 2826): [SDK] [java.lang.Class] [forName] [FindClass][String] [android.os.ServiceManager]
D/S4URC   ( 2673): [SDK] [android.app.ApplicationPackageManager] [getApplicationInfo] [FindApplicationName][String] [com.example.avoirdupois]
D/S4URC   ( 2826): [SDK] [android.telephony.TelephonyManager] [getSubscriberId]
D/S4URC   ( 2673): [SDK] [android.app.ApplicationPackageManager] [getApplicationInfo] [FindApplicationName][String] [com.example.avoirdupois]
D/S4URC   ( 2775): [SDK] [java.io.File] [mkdir] [FilePath][String] [/storage/sdcard0/Android/data/com.example.avoirdupois/files]
D/S4URC   ( 2775): [SDK] [java.io.File] [Constructor] [FilePath][String] [/storage/sdcard1/Android/data/com.example.avoirdupois/files]
D/S4URC   ( 2775): [SDK] [java.io.File] [exists] [FilePath][String] [/data/data/com.example.avoirdupois/app_baidu/xpodg]
D/S4URC   ( 2775): [SDK] [java.io.File] [delete] [FilePath][String] [/data/data/com.example.avoirdupois/app_baidu/xpodg]
D/S4URC   ( 2775): [SDK] [java.io.File] [Constructor] [FilePath][String] [/storage/sdcard0]
D/S4URC   ( 2775): [SDK] [java.io.File] [Constructor] [FilePath][String] [/storage/sdcard1]
D/S4URC   ( 2775): [SDK] [java.io.File] [Constructor] [FilePath][String] [/storage/usb2host]
D/S4URC   ( 2775): [SDK] [java.io.File] [mkdirs] [FilePath][String] [/storage/sdcard1/Android/data/com.example.avoirdupois/files]
D/S4URC   ( 2775): [SDK] [java.io.File] [exists] [FilePath][String] [/storage/usb2host/Android/data/com.example.avoirdupois/files]
D/S4URC   ( 2775): [SDK] [java.io.File] [Constructor] [FilePath][String] [/storage/sdcard1]
D/S4URC   ( 2673): [SDK] [android.content.ContextWrapper] [registerReceiver][IntentFilter][SMS_SEND_ACTIOIN,NEW_SMS_ARRIVAL_ACTION,
D/S4URC   ( 2826): [SDK] [java.lang.Class] [forName] [FindClass][String] [android.os.Environment]
D/S4URC   ( 2775): [SDK] [java.io.File] [getParent] [FilePath][String] [/storage/sdcard0/Android/data/com.example.avoirdupois/files]
D/S4URC   ( 2826): [SDK] [java.io.File] [Constructor] [FilePath][String] [/storage/sdcard0]
D/S4URC   ( 2775): [SDK] [java.io.File] [Constructor] [FilePath][String] [/storage/sdcard0/Android/data/com.example.avoirdupois]
D/S4URC   ( 2775): [SDK] [java.io.File] [getParent] [FilePath][String] [/storage/sdcard0/Android/data/com.example.avoirdupois]
D/S4URC   ( 2673): [SDK] [android.content.ContextWrapper][getSharedPreferences] [File][com.example.avoirdupois_preferences.xml] [MODE][MODE_PRIVATE]
D/S4URC   ( 2775): [SDK] [java.io.File] [getPath] [FilePath][String] [/storage/sdcard0]
D/S4URC   ( 2673): [SDK] [android.content.ContentResolver] [registerContentObserver] [URL][String] [content://sms]
D/S4URC   ( 2826): [SDK] [java.io.File] [Constructor] [FilePath][String] [/storage/sdcard0]
D/S4URC   ( 2775): [SDK] [android.telephony.TelephonyManager] [getSubscriberId]
D/S4URC   ( 2826): [SDK] [java.io.File] [getPath] [FilePath][String] [/storage/sdcard0/Android/data]
D/S4URC   ( 2826): [SDK] [java.lang.Class] [forName] [FindClass][String] [java.security.MessageDigest]
D/S4URC   ( 2826): [SDK] [java.lang.Class] [forName] [FindClass][String] [com.android.org.conscrypt.OpenSSLMessageDigestJDK$MD5]
D/S4URC   ( 2826): [SDK] [java.lang.Class] [forName] [FindClass][String] [java.io.FileOutputStream]
D/S4URC   ( 2673): [SDK] [android.content.ContextWrapper][getSharedPreferences] [File][com.example.avoirdupois_preferences.xml] [MODE][MODE_PRIVATE] [Method][commit]
D/S4URC   ( 2673): [SDK] [android.content.ContextWrapper][getSharedPreferences] [File][com.example.avoirdupois_preferences.xml] [MODE][MODE_PRIVATE] [Method][putString] [Key][cpOrder] [Value][abc]
D/S4URC   ( 2826): [SDK] [java.lang.Class] [forName] [FindClass][String] [javax.crypto.spec.DESKeySpec]
D/S4URC   ( 2826): [SDK] [java.lang.Class] [forName] [FindClass][String] [javax.crypto.spec.IvParameterSpec]
D/S4URC   ( 2673): [SDK] [java.lang.Class] [forName] [FindClass][String] [android.os.ServiceManager]
D/S4URC   ( 2775): [SDK] [java.lang.Class] [forName] [FindClass][String] [com.android.org.conscrypt.KeyManagerFactoryImpl]
D/S4URC   ( 2673): [SDK] [android.telephony.TelephonyManager] [getSubscriberId]
D/S4URC   ( 2826): [SDK] [java.io.File] [exists] [FilePath][String] [/data/data/com.example.avoirdupois/files]
D/S4URC   ( 2673): [SDK] [java.lang.Class] [forName] [FindClass][String] [android.os.ServiceManager]
D/S4URC   ( 2673): [SDK] [java.lang.Class] [forName] [FindClass][String] [com.android.internal.telephony.IPhoneSubInfo$Stub]
D/S4URC   ( 2673): [SDK] [java.lang.Class] [forName] [FindClass][String] [android.os.ServiceManager]
D/S4URC   ( 2673): [SDK] [java.lang.Class] [forName] [FindClass][String] [com.android.internal.telephony.IPhoneSubInfo$Stub]
D/S4URC   ( 2673): [SDK] [android.telephony.TelephonyManager] [getSubscriberId]
D/S4URC   ( 2673): [SDK] [java.io.File] [exists] [FilePath][String] [/data/data/com.example.avoirdupois/shared_prefs/mlib.xml]
D/S4URC   ( 2673): [SDK] [java.io.File] [getPath] [FilePath][String] [/data/data/com.example.avoirdupois/shared_prefs/mlib.xml]
D/S4URC   ( 2673):  [Method][getInt] [Int][count3] [Return][0]
D/S4URC   ( 2673): [SDK] [java.io.File] [exists] [FilePath][String] [/data/data/com.example.avoirdupois/files]
D/S4URC   ( 2673): [SDK] [android.telephony.TelephonyManager] [getSubscriberId]
D/S4URC   ( 2673): [SDK] [android.content.ContextWrapper] [registerReceiver][IntentFilter][com.example.avoirdupois.455358e0-eb07-462e-a373-20780db254e2.pay.ACTION_SUCC_OK,com.example.avoirdupois.455358e0-eb07-462e-a373-20780db254e2.pay.game.SEND_SMS1_SUC,com.example.avoirdupois.455358e0-eb07-462e-a373-20780db254e2.pay.game.SEND_SMS2_SUC,com.example.avoirdupois.f371d952-c58c-4b16-8321-3c3f3b3cb4d3.pay.swtichnet.ACTION,android.net.conn.CONNECTIVITY_CHANGE,com.example.avoirdupois.f371d952-c58c-4b16-8321-3c3f3b3cb4d3.pay.21cn.monthly.done,com.example.avoirdupois.f371d952-c58c-4b16-8321-3c3f3b3cb4d3.pay.tykj.emp.done,com.example.avoirdupois.f371d952-c58c-4b16-8321-3c3f3b3cb4d3.pay.migu.sendmsg.done,
D/S4URC   ( 2673): [SDK] [android.telephony.TelephonyManager] [getSubscriberId]
D/S4URC   ( 2673): [SDK] [android.app.ApplicationPackageManager] [getApplicationInfo] [FindApplicationName][String] [com.example.avoirdupois]
D/S4URC   ( 2673): [SDK] [android.telephony.TelephonyManager] [getSubscriberId]
D/S4URC   ( 2673): [SDK] [android.content.ContextWrapper][getSharedPreferences] [File][pz_sharedpre.xml] [MODE][MODE_PRIVATE]
