D/S4URC   ( 2456): [SDK] [java.lang.Class] [forName] [FindClass][String] [java.net.HttpURLConnection]
D/S4URC   ( 2456): [SDK] [java.lang.Class] [forName] [FindClass][String] [com.android.okhttp.internal.http.HttpURLConnectionImpl]
D/S4URC   ( 2456): [SDK] [java.lang.Class] [forName] [FindClass][String] [java.net.Socket]
D/S4URC   ( 2456): [SDK] [java.lang.Class] [forName] [FindClass][String] [android.telephony.TelephonyManager]
D/S4URC   ( 2456): [SDK] [java.lang.Class] [forName] [FindClass][String] [android.os.Debug]
D/S4URC   ( 2456): [SDK] [java.lang.Class] [forName] [FindClass][String] [android.hardware.SensorManager]
D/S4URC   ( 2456): [SDK] [java.lang.Class] [forName] [FindClass][String] [android.content.res.ResourcesKey]
D/S4URC   ( 2456): [SDK] [java.lang.Class] [forName] [FindClass][String] [android.app.ResourcesManager]
D/S4URC   ( 2456): [SDK] [java.io.File] [Constructor] [FilePath][String] [/data/app/com.uie.jk8e-1/base.apk]
D/S4URC   ( 2456): [SDK] [java.io.File] [getPath] [FilePath][String] [/data/data/com.uie.jk8e]
D/S4URC   ( 2456): [SDK] [java.io.File] [exists] [FilePath][String] [/data/data/com.uie.jk8e/cache]
D/S4URC   ( 2456): [SDK] [java.io.File] [mkdirs] [FilePath][String] [/data/data/com.uie.jk8e/cache]
D/S4URC   ( 2456): [SDK] [java.io.File] [getPath] [FilePath][String] [/data/data/com.uie.jk8e/cache]
D/S4URC   ( 2456): [SDK] [java.io.File] [getPath] [FilePath][String] [/data/data/com.uie.jk8e]
D/S4URC   ( 2456): [SDK] [java.io.File] [getPath] [FilePath][String] [/data/data/com.uie.jk8e/shared_prefs]
D/S4URC   ( 2456): [SDK] [java.io.File] [getPath] [FilePath][String] [/data/data/com.uie.jk8e/shared_prefs/umeng_event_snapshot.xml]
D/S4URC   ( 2456): [SDK] [java.io.File] [Constructor] [FilePath][String] [/data/data/com.uie.jk8e/shared_prefs/umeng_event_snapshot.xml.bak]
D/S4URC   ( 2456): [SDK] [java.io.File] [exists] [FilePath][String] [/data/data/com.uie.jk8e/shared_prefs/umeng_event_snapshot.xml]
D/S4URC   ( 2456): [SDK] [android.content.ContextWrapper][getSharedPreferences] [File][umeng_event_snapshot.xml] [MODE][MODE_PRIVATE]
D/S4URC   ( 2456): [SDK] [java.io.File] [exists] [FilePath][String] [/data/data/com.uie.jk8e/shared_prefs/umeng_event_snapshot.xml.bak]
D/S4URC   ( 2456): [SDK] [java.io.File] [exists] [FilePath][String] [/data/data/com.uie.jk8e/shared_prefs/umeng_event_snapshot.xml]
D/S4URC   ( 2456): [SDK] [java.io.File] [getPath] [FilePath][String] [/data/data/com.uie.jk8e/shared_prefs/umeng_event_snapshot.xml]
D/S4URC   ( 2456): [SDK] [java.io.File] [getPath] [FilePath][String] [/data/data/com.uie.jk8e/shared_prefs]
D/S4URC   ( 2456): [SDK] [java.io.File] [getPath] [FilePath][String] [/data/data/com.uie.jk8e/shared_prefs/umeng_general_config.xml]
D/S4URC   ( 2456): [SDK] [java.io.File] [Constructor] [FilePath][String] [/data/data/com.uie.jk8e/shared_prefs/umeng_general_config.xml.bak]
D/S4URC   ( 2456): [SDK] [java.io.File] [exists] [FilePath][String] [/data/data/com.uie.jk8e/shared_prefs/umeng_general_config.xml]
D/S4URC   ( 2456): [SDK] [android.content.ContextWrapper][getSharedPreferences] [File][umeng_general_config.xml] [MODE][MODE_PRIVATE]
D/S4URC   ( 2456): [SDK] [java.io.File] [exists] [FilePath][String] [/data/data/com.uie.jk8e/shared_prefs/umeng_general_config.xml.bak]
D/S4URC   ( 2456): [SDK] [java.io.File] [exists] [FilePath][String] [/data/data/com.uie.jk8e/shared_prefs/umeng_general_config.xml]
D/S4URC   ( 2456): [SDK] [java.io.File] [getPath] [FilePath][String] [/data/data/com.uie.jk8e/shared_prefs/umeng_general_config.xml]
D/S4URC   ( 2456): [SDK] [android.content.ContextWrapper][getSharedPreferences] [File][umeng_general_config.xml] [MODE][MODE_PRIVATE] [Method][getInt] [Int][successful_request] [Return][0]
D/S4URC   ( 2456): [SDK] [android.content.ContextWrapper][getSharedPreferences] [File][umeng_general_config.xml] [MODE][MODE_PRIVATE] [Method][getInt] [Int][failed_requests ] [Return][0]
D/S4URC   ( 2456): [SDK] [android.content.ContextWrapper][getSharedPreferences] [File][umeng_general_config.xml] [MODE][MODE_PRIVATE] [Method][getInt] [Int][last_request_spent_ms] [Return][0]
D/S4URC   ( 2456): [SDK] [android.content.ContextWrapper][getSharedPreferences] [File][umeng_general_config.xml] [MODE][MODE_PRIVATE] [Method][getIong] [Iong][last_request_time] [Return][0]
D/S4URC   ( 2456): [SDK] [android.content.ContextWrapper][getSharedPreferences] [File][umeng_general_config.xml] [MODE][MODE_PRIVATE] [Method][getIong] [Iong][last_req] [Return][0]
D/S4URC   ( 2456): [SDK] [java.io.File] [getPath] [FilePath][String] [/data/data/com.uie.jk8e]
D/S4URC   ( 2456): [SDK] [java.io.File] [exists] [FilePath][String] [/data/data/com.uie.jk8e/files]
D/S4URC   ( 2456): [SDK] [java.io.File] [mkdirs] [FilePath][String] [/data/data/com.uie.jk8e/files]
D/S4URC   ( 2456): [SDK] [java.io.File] [getPath] [FilePath][String] [/data/data/com.uie.jk8e/files]
D/S4URC   ( 2456): [SDK] [java.io.File] [exists] [FilePath][String] [/data/data/com.uie.jk8e/files/.um]
D/S4URC   ( 2456): [SDK] [java.io.File] [mkdir] [FilePath][String] [/data/data/com.uie.jk8e/files/.um]
D/S4URC   ( 2456): [SDK] [java.io.File] [exists] [FilePath][String] [/data/data/com.uie.jk8e/files]
D/S4URC   ( 2456): [SDK] [java.io.File] [getPath] [FilePath][String] [/data/data/com.uie.jk8e/files]
D/S4URC   ( 2456): [SDK] [java.io.File] [exists] [FilePath][String] [/data/data/com.uie.jk8e/files/.imprint]
D/S4URC   ( 2456): [SDK] [android.content.ContextWrapper][getSharedPreferences] [File][umeng_general_config.xml] [MODE][MODE_PRIVATE]
D/S4URC   ( 2456): [SDK] [android.content.ContextWrapper][getSharedPreferences] [File][umeng_general_config.xml] [MODE][MODE_PRIVATE] [Method][getString] [String][signature] [Return][null]
D/S4URC   ( 2456): [SDK] [android.content.ContextWrapper][getSharedPreferences] [File][umeng_general_config.xml] [MODE][MODE_PRIVATE]
D/S4URC   ( 2456): [SDK] [android.content.ContextWrapper][getSharedPreferences] [File][umeng_general_config.xml] [MODE][MODE_PRIVATE] [Method][getIong] [Iong][thtstart] [Return][0]
D/S4URC   ( 2456): [SDK] [android.content.ContextWrapper][getSharedPreferences] [File][umeng_general_config.xml] [MODE][MODE_PRIVATE] [Method][getInt] [Int][gkvc] [Return][0]
D/S4URC   ( 2456): [SDK] [android.content.ContextWrapper][getSharedPreferences] [File][umeng_general_config.xml] [MODE][MODE_PRIVATE] [Method][getInt] [Int][ekvc] [Return][0]
D/S4URC   ( 2456): [SDK] [android.content.ContextWrapper][getSharedPreferences] [File][umeng_general_config.xml] [MODE][MODE_PRIVATE]
D/S4URC   ( 2456): [SDK] [android.content.ContextWrapper][getSharedPreferences] [File][umeng_general_config.xml] [MODE][MODE_PRIVATE] [Method][getIong] [Iong][a_start_time] [Return][0]
D/S4URC   ( 2456): [SDK] [android.content.ContextWrapper][getSharedPreferences] [File][umeng_general_config.xml] [MODE][MODE_PRIVATE] [Method][getIong] [Iong][a_end_time] [Return][0]
D/S4URC   ( 2456): [SDK] [java.io.File] [getPath] [FilePath][String] [/data/data/com.uie.jk8e/shared_prefs]
D/S4URC   ( 2456): [SDK] [java.io.File] [getPath] [FilePath][String] [/data/data/com.uie.jk8e/shared_prefs/d_permit.xml]
D/S4URC   ( 2456): [SDK] [java.io.File] [Constructor] [FilePath][String] [/data/data/com.uie.jk8e/shared_prefs/d_permit.xml.bak]
D/S4URC   ( 2456): [SDK] [java.io.File] [exists] [FilePath][String] [/data/data/com.uie.jk8e/shared_prefs/d_permit.xml]
D/S4URC   ( 2456): [SDK] [android.content.ContextWrapper][getSharedPreferences] [File][d_permit.xml] [MODE][MODE_PRIVATE]
D/S4URC   ( 2456): [SDK] [java.io.File] [exists] [FilePath][String] [/data/data/com.uie.jk8e/shared_prefs/d_permit.xml.bak]
D/S4URC   ( 2456): [SDK] [java.io.File] [exists] [FilePath][String] [/data/data/com.uie.jk8e/shared_prefs/d_permit.xml]
D/S4URC   ( 2456): [SDK] [java.io.File] [getPath] [FilePath][String] [/data/data/com.uie.jk8e/shared_prefs/d_permit.xml]
D/S4URC   ( 2456): [SDK] [android.content.ContextWrapper][getSharedPreferences] [File][d_permit.xml] [MODE][MODE_PRIVATE] [Method][getBoolean] [Boolean][permitted] [Return][true]
D/S4URC   ( 2456): [SDK] [java.io.File] [Constructor] [FilePath][String] [/proc/2456/cmdline]
D/S4URC   ( 2456): [SDK] [java.io.File] [getPath] [FilePath][String] [/proc/2456/cmdline]
D/S4URC   ( 2456): [SDK] [java.io.File] [getPath] [FilePath][String] [/data/data/com.uie.jk8e]
D/S4URC   ( 2456): [SDK] [java.io.File] [exists] [FilePath][String] [/data/data/com.uie.jk8e/app_bin]
D/S4URC   ( 2456): [SDK] [java.io.File] [mkdir] [FilePath][String] [/data/data/com.uie.jk8e/app_bin]
D/S4URC   ( 2456): [SDK] [java.io.File] [getPath] [FilePath][String] [/data/data/com.uie.jk8e/app_bin]
D/S4URC   ( 2456): [SDK] [java.io.File] [exists] [FilePath][String] [/data/data/com.uie.jk8e/app_bin/libvdp_a1.so]
D/S4URC   ( 2456): [SDK] [java.io.File] [getParent] [FilePath][String] [/data/data/com.uie.jk8e/app_bin/libvdp_a1.so]
D/S4URC   ( 2456): [SDK] [java.io.File] [Constructor] [FilePath][String] [/data/data/com.uie.jk8e/app_bin]
D/S4URC   ( 2456): [SDK] [java.io.File] [exists] [FilePath][String] [/data/data/com.uie.jk8e/app_bin]
D/S4URC   ( 2456): [SDK] [java.io.File] [getPath] [FilePath][String] [/data/data/com.uie.jk8e/app_bin/libvdp_a1.so]
D/S4URC   ( 2456): [SDK] [java.io.File] [getPath] [FilePath][String] [/data/data/com.uie.jk8e]
D/S4URC   ( 2456): [SDK] [java.io.File] [exists] [FilePath][String] [/data/data/com.uie.jk8e/app_vdp_indicators]
D/S4URC   ( 2456): [SDK] [java.io.File] [mkdir] [FilePath][String] [/data/data/com.uie.jk8e/app_vdp_indicators]
D/S4URC   ( 2456): [SDK] [java.io.File] [getPath] [FilePath][String] [/data/data/com.uie.jk8e/app_vdp_indicators]
D/S4URC   ( 2456): [SDK] [java.io.File] [exists] [FilePath][String] [/data/data/com.uie.jk8e/app_vdp_indicators]
D/S4URC   ( 2456): [SDK] [java.io.File] [getPath] [FilePath][String] [/data/data/com.uie.jk8e/app_vdp_indicators]
D/S4URC   ( 2456): [SDK] [java.io.File] [exists] [FilePath][String] [/data/data/com.uie.jk8e/app_vdp_indicators/vdp_indicator_p]
D/S4URC   ( 2456): [SDK] [java.io.File] [createNewFile] [FilePath][String] [/data/data/com.uie.jk8e/app_vdp_indicators/vdp_indicator_p]
D/S4URC   ( 2456): [SDK] [java.io.File] [getPath] [FilePath][String] [/data/data/com.uie.jk8e/app_vdp_indicators]
D/S4URC   ( 2456): [SDK] [java.io.File] [exists] [FilePath][String] [/data/data/com.uie.jk8e/app_vdp_indicators/vdp_indicator_d]
D/S4URC   ( 2456): [SDK] [java.io.File] [createNewFile] [FilePath][String] [/data/data/com.uie.jk8e/app_vdp_indicators/vdp_indicator_d]
D/S4URC   ( 2456): [SDK] [android.app.ApplicationPackageManager] [getApplicationInfo] [FindApplicationName][String] [com.uie.jk8e]
D/S4URC   ( 2456): [SDK] [java.lang.Class] [forName] [FindClass][String] [com.android.org.conscrypt.OpenSSLMessageDigestJDK$MD5]
D/S4URC   ( 2456): [SDK] [android.content.ContextWrapper][getSharedPreferences] [File][umeng_general_config.xml] [MODE][MODE_PRIVATE]
D/S4URC   ( 2456): [SDK] [android.content.ContextWrapper][getSharedPreferences] [File][umeng_general_config.xml] [MODE][MODE_PRIVATE] [Method][getString] [String][session_id] [Return][null]
D/S4URC   ( 2456): [SDK] [android.content.ContextWrapper][getSharedPreferences] [File][umeng_general_config.xml] [MODE][MODE_PRIVATE] [Method][putString] [Key][session_id] [Value][988450BA8E48C296A3DBBC358393681D]
D/S4URC   ( 2456): [SDK] [android.content.ContextWrapper][getSharedPreferences] [File][umeng_general_config.xml] [MODE][MODE_PRIVATE] [Method][putLong] [Key][session_start_time] [Value][1535519383117]
D/S4URC   ( 2456): [SDK] [android.content.ContextWrapper][getSharedPreferences] [File][umeng_general_config.xml] [MODE][MODE_PRIVATE] [Method][putLong] [Key][session_end_time] [Value][0]
D/S4URC   ( 2456): [SDK] [android.content.ContextWrapper][getSharedPreferences] [File][umeng_general_config.xml] [MODE][MODE_PRIVATE] [Method][putLong] [Key][a_start_time] [Value][1535519383117]
D/S4URC   ( 2456): [SDK] [android.content.ContextWrapper][getSharedPreferences] [File][umeng_general_config.xml] [MODE][MODE_PRIVATE] [Method][putLong] [Key][a_end_time] [Value][0]
D/S4URC   ( 2456): [SDK] [java.io.File] [exists] [FilePath][String] [/data/data/com.uie.jk8e/shared_prefs/umeng_general_config.xml]
D/S4URC   ( 2456): [SDK] [java.io.File] [getPath] [FilePath][String] [/data/data/com.uie.jk8e/shared_prefs/umeng_general_config.xml]
D/S4URC   ( 2456): [SDK] [java.io.File] [getParent] [FilePath][String] [/data/data/com.uie.jk8e/shared_prefs/umeng_general_config.xml]
D/S4URC   ( 2456): [SDK] [java.io.File] [Constructor] [FilePath][String] [/data/data/com.uie.jk8e/shared_prefs]
D/S4URC   ( 2456): [SDK] [java.io.File] [mkdir] [FilePath][String] [/data/data/com.uie.jk8e/shared_prefs]
D/S4URC   ( 2456): [SDK] [java.io.File] [getPath] [FilePath][String] [/data/data/com.uie.jk8e/shared_prefs]
D/S4URC   ( 2456): [SDK] [java.io.File] [getPath] [FilePath][String] [/data/data/com.uie.jk8e/shared_prefs/umeng_general_config.xml]
D/S4URC   ( 2456): [SDK] [java.io.File] [delete] [FilePath][String] [/data/data/com.uie.jk8e/shared_prefs/umeng_general_config.xml.bak]
D/S4URC   ( 2456): [SDK] [android.content.ContextWrapper][getSharedPreferences] [File][umeng_general_config.xml] [MODE][MODE_PRIVATE] [Method][commit]
D/S4URC   ( 2456): [SDK] [java.io.File] [listFiles] [FilePath][String] [/data/data/com.uie.jk8e/files/.um]
D/S4URC   ( 2456): [SDK] [java.io.File] [list] [FilePath][String] [/data/data/com.uie.jk8e/files/.um]
D/S4URC   ( 2456): [SDK] [android.content.ContextWrapper][getSharedPreferences] [File][umeng_general_config.xml] [MODE][MODE_PRIVATE]
D/S4URC   ( 2456): [SDK] [android.content.ContextWrapper][getSharedPreferences] [File][umeng_general_config.xml] [MODE][MODE_PRIVATE] [Method][getIong] [Iong][first_activate_time] [Return][0]
D/S4URC   ( 2456): [SDK] [java.io.File] [listFiles] [FilePath][String] [/data/data/com.uie.jk8e/files/.um]
D/S4URC   ( 2456): [SDK] [java.io.File] [list] [FilePath][String] [/data/data/com.uie.jk8e/files/.um]
D/S4URC   ( 2456): [SDK] [java.io.File] [listFiles] [FilePath][String] [/data/data/com.uie.jk8e/files/.um]
D/S4URC   ( 2456): [SDK] [java.io.File] [list] [FilePath][String] [/data/data/com.uie.jk8e/files/.um]
D/S4URC   ( 2456): [SDK] [android.app.ApplicationPackageManager] [getPackageInfo] [FindPackageName][String] [com.uie.jk8e]
D/S4URC   ( 2456): [SDK] [java.io.File] [exists] [FilePath][String] [/data/data/com.uie.jk8e/files]
D/S4URC   ( 2456): [SDK] [java.io.File] [getPath] [FilePath][String] [/data/data/com.uie.jk8e/files]
D/S4URC   ( 2456): [SDK] [java.io.File] [exists] [FilePath][String] [/data/data/com.uie.jk8e/files/mobclick_agent_cached_com.uie.jk8e1]
D/S4URC   ( 2456): [SDK] [android.content.ContextWrapper][getSharedPreferences] [File][umeng_general_config.xml] [MODE][MODE_PRIVATE]
D/S4URC   ( 2456): [SDK] [android.content.ContextWrapper][getSharedPreferences] [File][umeng_general_config.xml] [MODE][MODE_PRIVATE] [Method][getInt] [Int][successful_request] [Return][0]
D/S4URC   ( 2456): [SDK] [android.content.ContextWrapper][getSharedPreferences] [File][umeng_general_config.xml] [MODE][MODE_PRIVATE] [Method][getInt] [Int][failed_requests ] [Return][0]
D/S4URC   ( 2456): [SDK] [android.content.ContextWrapper][getSharedPreferences] [File][umeng_general_config.xml] [MODE][MODE_PRIVATE] [Method][getInt] [Int][last_request_spent_ms] [Return][0]
D/S4URC   ( 2456): [SDK] [android.content.ContextWrapper][getSharedPreferences] [File][umeng_general_config.xml] [MODE][MODE_PRIVATE] [Method][getIong] [Iong][last_request_time] [Return][0]
D/S4URC   ( 2456): [SDK] [android.content.ContextWrapper][getSharedPreferences] [File][umeng_general_config.xml] [MODE][MODE_PRIVATE] [Method][getIong] [Iong][last_req] [Return][0]
D/S4URC   ( 2456): [SDK] [java.io.File] [listFiles] [FilePath][String] [/data/data/com.uie.jk8e/files/.um]
D/S4URC   ( 2456): [SDK] [java.io.File] [list] [FilePath][String] [/data/data/com.uie.jk8e/files/.um]
D/S4URC   ( 2456): [SDK] [android.app.ApplicationPackageManager] [getApplicationInfo] [FindApplicationName][String] [com.uie.jk8e]
D/S4URC   ( 2456): [SDK] [android.app.ApplicationPackageManager] [getPackageInfo] [FindPackageName][String] [com.uie.jk8e]
D/S4URC   ( 2456): [SDK] [java.io.File] [Constructor] [FilePath][String] [/proc/cpuinfo]
D/S4URC   ( 2456): [SDK] [java.io.File] [getPath] [FilePath][String] [/proc/cpuinfo]
D/S4URC   ( 2456): [SDK] [android.app.ApplicationPackageManager] [getPackageInfo] [FindPackageName][String] [com.uie.jk8e]
D/S4URC   ( 2456): [SDK] [android.content.ContextWrapper][getSharedPreferences] [File][umeng_general_config.xml] [MODE][MODE_PRIVATE]
D/S4URC   ( 2456): [SDK] [android.content.ContextWrapper][getSharedPreferences] [File][umeng_general_config.xml] [MODE][MODE_PRIVATE] [Method][getInt] [Int][failed_requests ] [Return][0]
D/S4URC   ( 2456): [SDK] [android.content.ContextWrapper][getSharedPreferences] [File][umeng_general_config.xml] [MODE][MODE_PRIVATE] [Method][getInt] [Int][last_request_spent_ms] [Return][0]
D/S4URC   ( 2456): [SDK] [android.content.ContextWrapper][getSharedPreferences] [File][umeng_general_config.xml] [MODE][MODE_PRIVATE] [Method][getInt] [Int][successful_request] [Return][0]
D/S4URC   ( 2456): [SDK] [java.io.File] [exists] [FilePath][String] [/data/data/com.uie.jk8e/files]
D/S4URC   ( 2456): [SDK] [java.io.File] [getPath] [FilePath][String] [/data/data/com.uie.jk8e/files]
D/S4URC   ( 2456): [SDK] [android.content.ContextWrapper][getSharedPreferences] [File][umeng_general_config.xml] [MODE][MODE_PRIVATE]
D/S4URC   ( 2456): [SDK] [android.content.ContextWrapper][getSharedPreferences] [File][umeng_general_config.xml] [MODE][MODE_PRIVATE] [Method][getString] [String][invld_id] [Return][null]
D/S4URC   ( 2456): [SDK] [java.io.File] [exists] [FilePath][String] [/data/data/com.uie.jk8e/files/umeng_it.cache]
D/S4URC   ( 2456): [SDK] [java.io.File] [getPath] [FilePath][String] [/data/data/com.uie.jk8e/shared_prefs]
D/S4URC   ( 2456): [SDK] [java.io.File] [getPath] [FilePath][String] [/data/data/com.uie.jk8e/shared_prefs/mobclick_agent_user_com.uie.jk8e.xml]
D/S4URC   ( 2456): [SDK] [java.io.File] [Constructor] [FilePath][String] [/data/data/com.uie.jk8e/shared_prefs/mobclick_agent_user_com.uie.jk8e.xml.bak]
D/S4URC   ( 2456): [SDK] [java.io.File] [exists] [FilePath][String] [/data/data/com.uie.jk8e/shared_prefs/mobclick_agent_user_com.uie.jk8e.xml]
D/S4URC   ( 2456): [SDK] [android.content.ContextWrapper][getSharedPreferences] [File][mobclick_agent_user_com.uie.jk8e.xml] [MODE][MODE_PRIVATE]
D/S4URC   ( 2456): [SDK] [java.io.File] [exists] [FilePath][String] [/data/data/com.uie.jk8e/shared_prefs/mobclick_agent_user_com.uie.jk8e.xml.bak]
D/S4URC   ( 2456): [SDK] [java.io.File] [exists] [FilePath][String] [/data/data/com.uie.jk8e/shared_prefs/mobclick_agent_user_com.uie.jk8e.xml]
D/S4URC   ( 2456): [SDK] [java.io.File] [getPath] [FilePath][String] [/data/data/com.uie.jk8e/shared_prefs/mobclick_agent_user_com.uie.jk8e.xml]
D/S4URC   ( 2456): [SDK] [android.content.ContextWrapper][getSharedPreferences] [File][mobclick_agent_user_com.uie.jk8e.xml] [MODE][MODE_PRIVATE] [Method][getString] [String][au_p] [Return][null]
D/S4URC   ( 2456): [SDK] [android.content.ContextWrapper][getSharedPreferences] [File][mobclick_agent_user_com.uie.jk8e.xml] [MODE][MODE_PRIVATE] [Method][getString] [String][au_u] [Return][null]
D/S4URC   ( 2456): [SDK] [android.app.ApplicationPackageManager] [getPackageInfo] [FindPackageName][String] [com.uie.jk8e]
D/S4URC   ( 2456): [SDK] [android.app.ApplicationPackageManager] [getPackageInfo] [FindPackageName][String] [com.android.vending]
D/S4URC   ( 2456): [SDK] [java.io.File] [Constructor] [FilePath][String] [/storage/sdcard0]
D/S4URC   ( 2456): [SDK] [java.io.File] [Constructor] [FilePath][String] [/storage/sdcard1]
D/S4URC   ( 2456): [SDK] [java.io.File] [Constructor] [FilePath][String] [/storage/usb2host]
D/S4URC   ( 2456): [SDK] [java.io.File] [Constructor] [FilePath][String] [/storage/usb3device]
D/S4URC   ( 2456): [SDK] [java.io.File] [Constructor] [FilePath][String] [/storage/usb3host]
D/S4URC   ( 2456): [SDK] [android.os.Environment] [getExternalStorageState] [ExternalStorageState][String] [mounted]
D/S4URC   ( 2456): [SDK] [java.io.File] [getPath] [FilePath][String] [/storage/sdcard0]
D/S4URC   ( 2456): [SDK] [android.os.Environment] [getExternalStorageDirectory] [DirectoryPath][String] [/storage/sdcard0]
D/S4URC   ( 2456): [SDK] [java.io.File] [exists] [FilePath][String] [/storage/sdcard0/.UTSystemConfig/Global/Alvin2.xml]
D/S4URC   ( 2456): [SDK] [java.io.File] [getPath] [FilePath][String] [/data/data/com.uie.jk8e/files/umeng_it.cache]
D/S4URC   ( 2456): [SDK] [android.app.Activity][onCrate] [Class][ComponentInfo{com.uie.jk8e/com.zhishang.navi.MainActivity}]
D/S4URC   ( 2456): [SDK] [android.content.ContextWrapper][getSharedPreferences] [File][umeng_general_config.xml] [MODE][MODE_PRIVATE]
D/S4URC   ( 2456): [SDK] [android.content.ContextWrapper][getSharedPreferences] [File][umeng_general_config.xml] [MODE][MODE_PRIVATE] [Method][getString] [String][signature] [Return][null]
D/S4URC   ( 2456): [SDK] [android.content.ContextWrapper][getSharedPreferences] [File][umeng_general_config.xml] [MODE][MODE_PRIVATE] [Method][getInt] [Int][serial] [Return][1]
D/S4URC   ( 2456): [SDK] [android.content.ContextWrapper][getSharedPreferences] [File][umeng_general_config.xml] [MODE][MODE_PRIVATE] [Method][putInt] [Key][serial] [Value][2]
D/S4URC   ( 2456): [SDK] [android.content.ContextWrapper][getSharedPreferences] [File][umeng_general_config.xml] [MODE][MODE_PRIVATE] [Method][putString] [Key][signature] [Value][972ab8fa844e7593ea84df7763b91e9de562bda29cd9e2a5c3f3ee3df82e865b]
D/S4URC   ( 2456): [SDK] [java.io.File] [exists] [FilePath][String] [/data/data/com.uie.jk8e/shared_prefs/umeng_general_config.xml]
D/S4URC   ( 2456): [SDK] [java.io.File] [exists] [FilePath][String] [/data/data/com.uie.jk8e/shared_prefs/umeng_general_config.xml.bak]
D/S4URC   ( 2456): [SDK] [java.io.File] [renameTo] [FilePath][String] [/data/data/com.uie.jk8e/shared_prefs/umeng_general_config.xml] [DesFile][/data/data/com.uie.jk8e/shared_prefs/umeng_general_config.xml.bak]
D/S4URC   ( 2456): [SDK] [java.io.File] [getPath] [FilePath][String] [/data/data/com.uie.jk8e/shared_prefs/umeng_general_config.xml]
D/S4URC   ( 2456): [SDK] [java.io.File] [delete] [FilePath][String] [/data/data/com.uie.jk8e/shared_prefs/umeng_general_config.xml.bak]
D/S4URC   ( 2456): [SDK] [android.content.ContextWrapper][getSharedPreferences] [File][umeng_general_config.xml] [MODE][MODE_PRIVATE] [Method][commit]
D/S4URC   ( 2456): [SDK] [java.io.File] [exists] [FilePath][String] [/data/data/com.uie.jk8e/files]
D/S4URC   ( 2456): [SDK] [java.io.File] [getPath] [FilePath][String] [/data/data/com.uie.jk8e/files]
D/S4URC   ( 2456): [SDK] [java.io.File] [exists] [FilePath][String] [/data/data/com.uie.jk8e/files/.umeng]
D/S4URC   ( 2456): [SDK] [java.io.File] [mkdir] [FilePath][String] [/data/data/com.uie.jk8e/files/.umeng]
D/S4URC   ( 2456): [SDK] [java.io.File] [getPath] [FilePath][String] [/data/data/com.uie.jk8e/files/.umeng]
D/S4URC   ( 2456): [SDK] [java.io.File] [getPath] [FilePath][String] [/data/data/com.uie.jk8e/files/.umeng/exchangeIdentity.json]
D/S4URC   ( 2456): [SDK] [android.app.ApplicationPackageManager] [getPackageInfo] [FindPackageName][String] [com.google.android.webview]
D/S4URC   ( 2456): [SDK] [android.app.ApplicationPackageManager] [getApplicationInfo] [FindApplicationName][String] [com.android.webview]
D/S4URC   ( 2456): [SDK] [java.io.File] [exists] [FilePath][String] [/data/data/com.uie.jk8e/files]
D/S4URC   ( 2456): [SDK] [java.io.File] [getPath] [FilePath][String] [/data/data/com.uie.jk8e/files]
D/S4URC   ( 2456): [SDK] [java.io.File] [delete] [FilePath][String] [/data/data/com.uie.jk8e/files/mobclick_agent_header_com.uie.jk8e]
D/S4URC   ( 2456): [SDK] [android.app.ApplicationPackageManager] [getPackageInfo] [FindPackageName][String] [com.uie.jk8e]
D/S4URC   ( 2456): [SDK] [java.io.File] [exists] [FilePath][String] [/data/data/com.uie.jk8e/files]
D/S4URC   ( 2456): [SDK] [java.io.File] [getPath] [FilePath][String] [/data/data/com.uie.jk8e/files]
D/S4URC   ( 2456): [SDK] [java.io.File] [delete] [FilePath][String] [/data/data/com.uie.jk8e/files/mobclick_agent_cached_com.uie.jk8e1]
D/S4URC   ( 2456): [SDK] [java.lang.Class] [forName] [FindClass][String] [com.android.okhttp.HttpHandler]
D/S4URC   ( 2456): [SDK] [java.lang.Class] [forName] [FindClass][String] [com.android.org.conscrypt.OpenSSLContextImpl]
D/S4URC   ( 2456): [SDK] [java.lang.Class] [forName] [FindClass][String] [com.android.org.conscrypt.KeyManagerFactoryImpl]
D/S4URC   ( 2456): [SDK] [java.lang.Class] [forName] [FindClass][String] [com.android.org.bouncycastle.jcajce.provider.keystore.bc.BcKeyStoreSpi$Std]
D/S4URC   ( 2456): [SDK] [java.lang.Class] [forName] [FindClass][String] [com.android.org.conscrypt.OpenSSLRandom]
D/S4URC   ( 2456): [SDK] [java.lang.Class] [forName] [FindClass][String] [com.android.org.conscrypt.TrustManagerFactoryImpl]
D/S4URC   ( 2456): [SDK] [java.lang.Class] [forName] [FindClass][String] [com.android.org.conscrypt.TrustedCertificateKeyStoreSpi]
D/S4URC   ( 2456): [SDK] [java.lang.Class] [forName] [FindClass][String] [com.android.org.bouncycastle.jce.provider.PKIXCertPathValidatorSpi]
D/S4URC   ( 2456): [SDK] [java.io.File] [Constructor] [FilePath][String] [/data/misc/keychain/pins]
D/S4URC   ( 2456): [SDK] [java.net] [HttpURLConnection] [URL][String] [http://alog.umeng.com/app_logs]
D/S4URC   ( 2456): [SDK] [java.net] [HttpURLConnection] [Request][Method] [POST] [URL][String] [http://alog.umeng.com/app_logs]
D/S4URC   ( 2456): [SDK] [android.app.ApplicationPackageManager] [getPackageInfo] [FindPackageName][String] [com.google.android.webview]
D/S4URC   ( 2456): [SDK] [android.app.ApplicationPackageManager] [getPackageInfo] [FindPackageName][String] [com.android.webview]
D/S4URC   ( 2456): [SDK] [java.io.File] [Constructor] [FilePath][String] [/data/data/com.android.webview]
D/S4URC   ( 2456): [SDK] [dalvik.system.BaseDexClassLoader] [Constructor] [DexPath][String] [/system/app/webview/webview.apk] [NDKPath][String] [/system/app/webview/lib/arm]
D/S4URC   ( 2456): [SDK] [java.io.File] [Constructor] [FilePath][String] [/system/app/webview/webview.apk]
D/S4URC   ( 2456): [SDK] [java.io.File] [getName] [FilePath][String] [/system/app/webview/webview.apk]
D/S4URC   ( 2456): [SDK] [java.io.File] [isDirectory] [FilePath][String] [/system/app/webview/webview.apk]
D/S4URC   ( 2456): [SDK] [java.io.File] [isFile] [FilePath][String] [/system/app/webview/webview.apk]
D/S4URC   ( 2456): [SDK] [java.io.File] [getPath] [FilePath][String] [/system/app/webview/webview.apk]
D/S4URC   ( 2456): [SDK] [dalvik.system.DexFile] [openDexFile] [DexPath][String] [/system/app/webview/webview.apk]
D/S4URC   ( 2456): [SDK] [java.io.File] [Constructor] [FilePath][String] [/system/app/webview/webview.apk]
D/S4URC   ( 2456): [SDK] [java.io.File] [Constructor] [FilePath][String] [/system/app/webview/lib/arm]
D/S4URC   ( 2456): [SDK] [java.io.File] [Constructor] [FilePath][String] [/vendor/lib]
D/S4URC   ( 2456): [SDK] [java.io.File] [Constructor] [FilePath][String] [/system/lib]
D/S4URC   ( 2485): [SDK] [java.lang.Class] [forName] [FindClass][String] [java.net.HttpURLConnection]
D/S4URC   ( 2485): [SDK] [java.lang.Class] [forName] [FindClass][String] [com.android.okhttp.internal.http.HttpURLConnectionImpl]
D/S4URC   ( 2485): [SDK] [java.lang.Class] [forName] [FindClass][String] [java.net.Socket]
D/S4URC   ( 2456): [SDK] [java.lang.Class] [forName] [FindClass][String] [net.sqlcipher.database.SQLiteDatabase]
D/S4URC   ( 2485): [SDK] [java.lang.Class] [forName] [FindClass][String] [android.telephony.TelephonyManager]
D/S4URC   ( 2456): [SDK] [java.lang.Class] [forName] [FindClass][String] [net.sqlcipher.database$SQLiteDatabase]
D/S4URC   ( 2456): [SDK] [java.lang.Class] [forName] [FindClass][String] [net.sqlcipher$database$SQLiteDatabase]
D/S4URC   ( 2485): [SDK] [java.lang.Class] [forName] [FindClass][String] [android.telephony.TelephonyManager]
D/S4URC   ( 2456): [SDK] [java.lang.Class] [forName] [FindClass][String] [net$sqlcipher$database$SQLiteDatabase]
D/S4URC   ( 2485): [SDK] [java.lang.Class] [forName] [FindClass][String] [android.telephony.TelephonyManager]
D/S4URC   ( 2456): [SDK] [java.lang.Class] [forName] [FindClass][String] [[I]
D/S4URC   ( 2456): [SDK] [java.lang.Class] [forName] [FindClass][String] [android.app.SharedPreferencesImpl]
D/S4URC   ( 2456): [SDK] [java.lang.Class] [forName] [FindClass][String] [[I]
D/S4URC   ( 2456): [SDK] [java.lang.Class] [forName] [FindClass][String] [android.app.SharedPreferencesImpl.EditorImpl]
D/S4URC   ( 2485): [SDK] [java.lang.Class] [forName] [FindClass][String] [android.os.Debug]
D/S4URC   ( 2456): [SDK] [java.lang.Class] [forName] [FindClass][String] [android.app.SharedPreferencesImpl$EditorImpl]
D/S4URC   ( 2456): [SDK] [java.lang.Class] [forName] [FindClass][String] [android.app.SharedPreferencesImpl.EditorImpl]
D/S4URC   ( 2456): [SDK] [java.lang.Class] [forName] [FindClass][String] [android.app.SharedPreferencesImpl$EditorImpl]
D/S4URC   ( 2485): [SDK] [java.lang.Class] [forName] [FindClass][String] [android.hardware.SensorManager]
D/S4URC   ( 2456): [SDK] [java.lang.Class] [forName] [FindClass][String] [android.app.SharedPreferencesImpl]
D/S4URC   ( 2456): [SDK] [java.lang.Class] [forName] [FindClass][String] [[Z]
D/S4URC   ( 2456): [SDK] [java.lang.Class] [forName] [FindClass][String] [android.app.SharedPreferencesImpl]
D/S4URC   ( 2456): [SDK] [java.lang.Class] [forName] [FindClass][String] [[F]
D/S4URC   ( 2456): [SDK] [java.lang.Class] [forName] [FindClass][String] [android.app.SharedPreferencesImpl]
D/S4URC   ( 2456): [SDK] [java.lang.Class] [forName] [FindClass][String] [[I]
D/S4URC   ( 2456): [SDK] [java.lang.Class] [forName] [FindClass][String] [android.app.SharedPreferencesImpl]
D/S4URC   ( 2456): [SDK] [java.lang.Class] [forName] [FindClass][String] [[J]
D/S4URC   ( 2456): [SDK] [java.lang.Class] [forName] [FindClass][String] [android.app.SharedPreferencesImpl]
D/S4URC   ( 2456): [SDK] [java.lang.Class] [forName] [FindClass][String] [android.app.SharedPreferencesImpl.EditorImpl]
D/S4URC   ( 2456): [SDK] [java.lang.Class] [forName] [FindClass][String] [android.app.SharedPreferencesImpl$EditorImpl]
D/S4URC   ( 2456): [SDK] [java.lang.Class] [forName] [FindClass][String] [android.app.SharedPreferencesImpl.EditorImpl]
D/S4URC   ( 2456): [SDK] [java.lang.Class] [forName] [FindClass][String] [android.app.SharedPreferencesImpl$EditorImpl]
D/S4URC   ( 2456): [SDK] [java.lang.Class] [forName] [FindClass][String] [[Z]
D/S4URC   ( 2456): [SDK] [java.lang.Class] [forName] [FindClass][String] [android.app.SharedPreferencesImpl.EditorImpl]
D/S4URC   ( 2456): [SDK] [java.lang.Class] [forName] [FindClass][String] [android.app.SharedPreferencesImpl$EditorImpl]
D/S4URC   ( 2456): [SDK] [java.lang.Class] [forName] [FindClass][String] [[I]
D/S4URC   ( 2456): [SDK] [java.lang.Class] [forName] [FindClass][String] [android.app.SharedPreferencesImpl.EditorImpl]
D/S4URC   ( 2456): [SDK] [java.lang.Class] [forName] [FindClass][String] [android.app.SharedPreferencesImpl$EditorImpl]
D/S4URC   ( 2456): [SDK] [java.lang.Class] [forName] [FindClass][String] [[J]
D/S4URC   ( 2456): [SDK] [java.lang.Class] [forName] [FindClass][String] [android.app.SharedPreferencesImpl.EditorImpl]
D/S4URC   ( 2456): [SDK] [java.lang.Class] [forName] [FindClass][String] [android.app.SharedPreferencesImpl$EditorImpl]
D/S4URC   ( 2456): [SDK] [java.lang.Class] [forName] [FindClass][String] [[F]
D/S4URC   ( 2456): [SDK] [java.lang.Class] [forName] [FindClass][String] [android.app.admin.DevicePolicyManager]
D/S4URC   ( 2456): [SDK] [java.lang.Class] [forName] [FindClass][String] [android.app.Activity]
D/S4URC   ( 2456): [SDK] [java.lang.Class] [forName] [FindClass][String] [android.content.Intent]
D/S4URC   ( 2508): [SDK] [java.lang.Class] [forName] [FindClass][String] [java.net.HttpURLConnection]
D/S4URC   ( 2456): [SDK] [java.lang.Class] [forName] [FindClass][String] [android.os.Environment]
D/S4URC   ( 2456): [SDK] [java.lang.Class] [forName] [FindClass][String] [android.content.ContentResolver]
D/S4URC   ( 2508): [SDK] [java.lang.Class] [forName] [FindClass][String] [com.android.okhttp.internal.http.HttpURLConnectionImpl]
D/S4URC   ( 2456): [SDK] [java.lang.Class] [forName] [FindClass][String] [android.content.ContentResolver]
D/S4URC   ( 2508): [SDK] [java.lang.Class] [forName] [FindClass][String] [com.android.okhttp.internal.http.HttpURLConnectionImpl]
D/S4URC   ( 2508): [SDK] [java.lang.Class] [forName] [FindClass][String] [java.net.Socket]
D/S4URC   ( 2456): [SDK] [java.lang.Class] [forName] [FindClass][String] [android.content.ContentResolver]
D/S4URC   ( 2485): [SDK] [java.lang.Class] [forName] [FindClass][String] [android.content.res.ResourcesKey]
D/S4URC   ( 2508): [SDK] [java.lang.Class] [forName] [FindClass][String] [android.telephony.TelephonyManager]
D/S4URC   ( 2485): [SDK] [java.lang.Class] [forName] [FindClass][String] [android.app.ResourcesManager]
D/S4URC   ( 2485): [SDK] [java.io.File] [Constructor] [FilePath][String] [/data/app/com.uie.jk8e-1/base.apk]
D/S4URC   ( 2508): [SDK] [java.lang.Class] [forName] [FindClass][String] [android.telephony.TelephonyManager]
D/S4URC   ( 2485): [SDK] [java.io.File] [getPath] [FilePath][String] [/data/data/com.uie.jk8e]
D/S4URC   ( 2485): [SDK] [java.io.File] [exists] [FilePath][String] [/data/data/com.uie.jk8e/cache]
D/S4URC   ( 2485): [SDK] [java.io.File] [getPath] [FilePath][String] [/data/data/com.uie.jk8e/cache]
D/S4URC   ( 2456): [SDK] [java.lang.Class] [forName] [FindClass][String] [android.os.Process]
D/S4URC   ( 2508): [SDK] [java.lang.Class] [forName] [FindClass][String] [android.telephony.TelephonyManager]
D/S4URC   ( 2456): [SDK] [java.lang.Class] [forName] [FindClass][String] [android.hardware.Camera]
D/S4URC   ( 2508): [SDK] [java.lang.Class] [forName] [FindClass][String] [android.os.Debug]
D/S4URC   ( 2508): [SDK] [java.lang.Class] [forName] [FindClass][String] [android.hardware.SensorManager]
D/S4URC   ( 2456): [SDK] [java.lang.Class] [forName] [FindClass][String] [android.accounts.AccountManager]
D/S4URC   ( 2456): [SDK] [java.lang.Class] [forName] [FindClass][String] [android.location.Location]
D/S4URC   ( 2456): [SDK] [java.lang.Class] [forName] [FindClass][String] [android.webkit.WebView]
D/S4URC   ( 2456): [SDK] [java.lang.Class] [forName] [FindClass][String] [android.media.MediaRecorder]
D/S4URC   ( 2456): [SDK] [java.lang.Class] [forName] [FindClass][String] [android.content.Intent]
D/S4URC   ( 2456): [SDK] [java.lang.Class] [forName] [FindClass][String] [dalvik.system.BaseDexClassLoader]
D/S4URC   ( 2456): [SDK] [java.lang.Class] [forName] [FindClass][String] [dalvik.system.DexFile]
D/S4URC   ( 2456): [SDK] [java.lang.Class] [forName] [FindClass][String] [dalvik.system.DexClassLoader]
D/S4URC   ( 2485): [SDK] [java.io.File] [getPath] [FilePath][String] [/data/data/com.uie.jk8e]
D/S4URC   ( 2485): [SDK] [java.io.File] [getPath] [FilePath][String] [/data/data/com.uie.jk8e/shared_prefs]
D/S4URC   ( 2456): [SDK] [java.lang.Class] [forName] [FindClass][String] [android.app.ApplicationPackageManager]
D/S4URC   ( 2485): [SDK] [java.io.File] [getPath] [FilePath][String] [/data/data/com.uie.jk8e/shared_prefs/umeng_event_snapshot.xml]
D/S4URC   ( 2485): [SDK] [java.io.File] [Constructor] [FilePath][String] [/data/data/com.uie.jk8e/shared_prefs/umeng_event_snapshot.xml.bak]
D/S4URC   ( 2456): [SDK] [java.lang.Class] [forName] [FindClass][String] [android.app.ApplicationPackageManager]
D/S4URC   ( 2485): [SDK] [java.io.File] [exists] [FilePath][String] [/data/data/com.uie.jk8e/shared_prefs/umeng_event_snapshot.xml]
D/S4URC   ( 2456): [SDK] [java.lang.Class] [forName] [FindClass][String] [android.app.ApplicationPackageManager]
D/S4URC   ( 2485): [SDK] [android.content.ContextWrapper][getSharedPreferences] [File][umeng_event_snapshot.xml] [MODE][MODE_PRIVATE]
D/S4URC   ( 2456): [SDK] [java.lang.Class] [forName] [FindClass][String] [android.app.ActivityManager]
D/S4URC   ( 2456): [SDK] [java.lang.Class] [forName] [FindClass][String] [java.lang.Runtime]
D/S4URC   ( 2485): [SDK] [java.io.File] [exists] [FilePath][String] [/data/data/com.uie.jk8e/shared_prefs/umeng_event_snapshot.xml.bak]
D/S4URC   ( 2456): [SDK] [java.lang.Class] [forName] [FindClass][String] [java.lang.Runtime]
D/S4URC   ( 2485): [SDK] [java.io.File] [exists] [FilePath][String] [/data/data/com.uie.jk8e/shared_prefs/umeng_event_snapshot.xml]
D/S4URC   ( 2485): [SDK] [java.io.File] [getPath] [FilePath][String] [/data/data/com.uie.jk8e/shared_prefs/umeng_event_snapshot.xml]
D/S4URC   ( 2456): [SDK] [java.lang.Class] [forName] [FindClass][String] [java.lang.Class]
D/S4URC   ( 2456): [SDK] [java.lang.Class] [forName] [FindClass][String] [java.net.HttpURLConnection]
D/S4URC   ( 2456): [SDK] [java.lang.Class] [forName] [FindClass][String] [com.android.okhttp.internal.http.HttpURLConnectionImpl]
D/S4URC   ( 2456): [SDK] [java.lang.Class] [forName] [FindClass][String] [java.net.Socket]
D/S4URC   ( 2456): [SDK] [java.lang.Class] [forName] [FindClass][String] [android.telephony.TelephonyManager]
D/S4URC   ( 2456): [SDK] [java.lang.Class] [forName] [FindClass][String] [android.os.Debug]
D/S4URC   ( 2456): [SDK] [java.lang.Class] [forName] [FindClass][String] [android.hardware.SensorManager]
D/S4URC   ( 2456): [SDK] [java.io.File] [Constructor] [FilePath][String] [/system/app/webview/webview.apk]
D/S4URC   ( 2456): [SDK] [java.lang.Class] [forName] [FindClass][String] [com.android.webview.chromium.WebViewChromiumFactoryProvider]
D/S4URC   ( 2485): [SDK] [java.io.File] [getPath] [FilePath][String] [/data/data/com.uie.jk8e/shared_prefs]
D/S4URC   ( 2485): [SDK] [java.io.File] [getPath] [FilePath][String] [/data/data/com.uie.jk8e/shared_prefs/umeng_general_config.xml]
D/S4URC   ( 2485): [SDK] [java.io.File] [Constructor] [FilePath][String] [/data/data/com.uie.jk8e/shared_prefs/umeng_general_config.xml.bak]
D/S4URC   ( 2485): [SDK] [java.io.File] [exists] [FilePath][String] [/data/data/com.uie.jk8e/shared_prefs/umeng_general_config.xml]
D/S4URC   ( 2485): [SDK] [java.io.File] [canRead] [FilePath][String] [/data/data/com.uie.jk8e/shared_prefs/umeng_general_config.xml]
D/S4URC   ( 2485): [SDK] [java.io.File] [getPath] [FilePath][String] [/data/data/com.uie.jk8e/shared_prefs/umeng_general_config.xml]
D/S4URC   ( 2485): [SDK] [java.io.File] [exists] [FilePath][String] [/data/data/com.uie.jk8e/shared_prefs/umeng_general_config.xml.bak]
D/S4URC   ( 2485): [SDK] [java.io.File] [exists] [FilePath][String] [/data/data/com.uie.jk8e/shared_prefs/umeng_general_config.xml]
D/S4URC   ( 2485): [SDK] [android.content.ContextWrapper][getSharedPreferences] [File][umeng_general_config.xml] [MODE][MODE_PRIVATE]
D/S4URC   ( 2485): [SDK] [java.io.File] [canRead] [FilePath][String] [/data/data/com.uie.jk8e/shared_prefs/umeng_general_config.xml]
D/S4URC   ( 2485): [SDK] [java.io.File] [getPath] [FilePath][String] [/data/data/com.uie.jk8e/shared_prefs/umeng_general_config.xml]
D/S4URC   ( 2485): [SDK] [java.io.File] [canRead] [FilePath][String] [/data/data/com.uie.jk8e/shared_prefs/umeng_general_config.xml]
D/S4URC   ( 2485): [SDK] [java.io.File] [getPath] [FilePath][String] [/data/data/com.uie.jk8e/shared_prefs/umeng_general_config.xml]
D/S4URC   ( 2508): [SDK] [java.lang.Class] [forName] [FindClass][String] [android.content.res.ResourcesKey]
D/S4URC   ( 2485): [SDK] [android.content.ContextWrapper][getSharedPreferences] [File][umeng_general_config.xml] [MODE][MODE_PRIVATE] [Method][getInt] [Int][successful_request] [Return][0]
D/S4URC   ( 2485): [SDK] [android.content.ContextWrapper][getSharedPreferences] [File][umeng_general_config.xml] [MODE][MODE_PRIVATE] [Method][getInt] [Int][failed_requests ] [Return][0]
D/S4URC   ( 2508): [SDK] [java.lang.Class] [forName] [FindClass][String] [android.app.ResourcesManager]
D/S4URC   ( 2485): [SDK] [android.content.ContextWrapper][getSharedPreferences] [File][umeng_general_config.xml] [MODE][MODE_PRIVATE] [Method][getInt] [Int][last_request_spent_ms] [Return][0]
D/S4URC   ( 2485): [SDK] [android.content.ContextWrapper][getSharedPreferences] [File][umeng_general_config.xml] [MODE][MODE_PRIVATE] [Method][getIong] [Iong][last_request_time] [Return][0]
D/S4URC   ( 2485): [SDK] [android.content.ContextWrapper][getSharedPreferences] [File][umeng_general_config.xml] [MODE][MODE_PRIVATE] [Method][getIong] [Iong][last_req] [Return][0]
D/S4URC   ( 2508): [SDK] [java.io.File] [Constructor] [FilePath][String] [/data/app/com.uie.jk8e-1/base.apk]
D/S4URC   ( 2508): [SDK] [java.io.File] [getPath] [FilePath][String] [/data/data/com.uie.jk8e]
D/S4URC   ( 2508): [SDK] [java.io.File] [exists] [FilePath][String] [/data/data/com.uie.jk8e/cache]
D/S4URC   ( 2485): [SDK] [java.io.File] [getPath] [FilePath][String] [/data/data/com.uie.jk8e]
D/S4URC   ( 2485): [SDK] [java.io.File] [exists] [FilePath][String] [/data/data/com.uie.jk8e/files]
D/S4URC   ( 2508): [SDK] [java.io.File] [getPath] [FilePath][String] [/data/data/com.uie.jk8e/cache]
D/S4URC   ( 2485): [SDK] [java.io.File] [getPath] [FilePath][String] [/data/data/com.uie.jk8e/files]
D/S4URC   ( 2485): [SDK] [java.io.File] [exists] [FilePath][String] [/data/data/com.uie.jk8e/files/.um]
D/S4URC   ( 2485): [SDK] [java.io.File] [isDirectory] [FilePath][String] [/data/data/com.uie.jk8e/files/.um]
D/S4URC   ( 2485): [SDK] [java.io.File] [exists] [FilePath][String] [/data/data/com.uie.jk8e/files]
D/S4URC   ( 2485): [SDK] [java.io.File] [getPath] [FilePath][String] [/data/data/com.uie.jk8e/files]
D/S4URC   ( 2485): [SDK] [java.io.File] [exists] [FilePath][String] [/data/data/com.uie.jk8e/files/.imprint]
D/S4URC   ( 2456): [SDK] [java.lang.Runtime] [loadLibrary] [SoPath][String] [webviewchromium]
D/S4URC   ( 2456): [SDK] [java.io.File] [getPath] [FilePath][String] [/system/app/webview/lib/arm]
D/S4URC   ( 2456): [SDK] [java.io.File] [getPath] [FilePath][String] [/system/app/webview/lib/arm/libwebviewchromium.so]
D/S4URC   ( 2485): [SDK] [android.content.ContextWrapper][getSharedPreferences] [File][umeng_general_config.xml] [MODE][MODE_PRIVATE]
D/S4URC   ( 2485): [SDK] [android.content.ContextWrapper][getSharedPreferences] [File][umeng_general_config.xml] [MODE][MODE_PRIVATE] [Method][getString] [String][signature] [Return][972ab8fa844e7593ea84df7763b91e9de562bda29cd9e2a5c3f3ee3df82e865b]
D/S4URC   ( 2485): [SDK] [android.content.ContextWrapper][getSharedPreferences] [File][umeng_general_config.xml] [MODE][MODE_PRIVATE]
D/S4URC   ( 2485): [SDK] [android.content.ContextWrapper][getSharedPreferences] [File][umeng_general_config.xml] [MODE][MODE_PRIVATE] [Method][getIong] [Iong][thtstart] [Return][0]
D/S4URC   ( 2485): [SDK] [android.content.ContextWrapper][getSharedPreferences] [File][umeng_general_config.xml] [MODE][MODE_PRIVATE] [Method][getInt] [Int][gkvc] [Return][0]
D/S4URC   ( 2485): [SDK] [android.content.ContextWrapper][getSharedPreferences] [File][umeng_general_config.xml] [MODE][MODE_PRIVATE] [Method][getInt] [Int][ekvc] [Return][0]
D/S4URC   ( 2456): [SDK] [java.lang.Runtime] [loadLibrary] [SoPath][String] [webviewchromium_plat_support]
D/S4URC   ( 2456): [SDK] [java.io.File] [getPath] [FilePath][String] [/system/app/webview/lib/arm]
D/S4URC   ( 2456): [SDK] [java.io.File] [getPath] [FilePath][String] [/system/app/webview/lib/arm/libwebviewchromium_plat_support.so]
D/S4URC   ( 2456): [SDK] [java.io.File] [getPath] [FilePath][String] [/vendor/lib]
D/S4URC   ( 2456): [SDK] [java.io.File] [getPath] [FilePath][String] [/vendor/lib/libwebviewchromium_plat_support.so]
D/S4URC   ( 2456): [SDK] [java.io.File] [getPath] [FilePath][String] [/system/lib]
D/S4URC   ( 2456): [SDK] [java.io.File] [getPath] [FilePath][String] [/system/lib/libwebviewchromium_plat_support.so]
D/S4URC   ( 2485): [SDK] [android.content.ContextWrapper][getSharedPreferences] [File][umeng_general_config.xml] [MODE][MODE_PRIVATE]
D/S4URC   ( 2485): [SDK] [android.content.ContextWrapper][getSharedPreferences] [File][umeng_general_config.xml] [MODE][MODE_PRIVATE] [Method][getIong] [Iong][a_start_time] [Return][1535519383117]
D/S4URC   ( 2485): [SDK] [android.content.ContextWrapper][getSharedPreferences] [File][umeng_general_config.xml] [MODE][MODE_PRIVATE] [Method][getIong] [Iong][a_end_time] [Return][0]
D/S4URC   ( 2485): [SDK] [android.content.ContextWrapper][getSharedPreferences] [File][umeng_general_config.xml] [MODE][MODE_PRIVATE] [Method][getString] [String][session_id] [Return][988450BA8E48C296A3DBBC358393681D]
D/S4URC   ( 2485): [SDK] [android.content.ContextWrapper][getSharedPreferences] [File][umeng_general_config.xml] [MODE][MODE_PRIVATE] [Method][putLong] [Key][a_start_time] [Value][1535519383427]
D/S4URC   ( 2485): [SDK] [android.content.ContextWrapper][getSharedPreferences] [File][umeng_general_config.xml] [MODE][MODE_PRIVATE] [Method][putLong] [Key][a_end_time] [Value][0]
D/S4URC   ( 2485): [SDK] [java.io.File] [exists] [FilePath][String] [/data/data/com.uie.jk8e/shared_prefs/umeng_general_config.xml]
D/S4URC   ( 2485): [SDK] [java.io.File] [exists] [FilePath][String] [/data/data/com.uie.jk8e/shared_prefs/umeng_general_config.xml.bak]
D/S4URC   ( 2508): [SDK] [java.io.File] [getPath] [FilePath][String] [/data/data/com.uie.jk8e]
D/S4URC   ( 2456): [SDK] [java.io.File] [getPath] [FilePath][String] [/data/data/com.uie.jk8e/shared_prefs]
D/S4URC   ( 2508): [SDK] [java.io.File] [getPath] [FilePath][String] [/data/data/com.uie.jk8e/shared_prefs]
D/S4URC   ( 2485): [SDK] [java.io.File] [renameTo] [FilePath][String] [/data/data/com.uie.jk8e/shared_prefs/umeng_general_config.xml] [DesFile][/data/data/com.uie.jk8e/shared_prefs/umeng_general_config.xml.bak]
D/S4URC   ( 2456): [SDK] [java.io.File] [getPath] [FilePath][String] [/data/data/com.uie.jk8e/shared_prefs/WebViewChromiumPrefs.xml]
D/S4URC   ( 2456): [SDK] [java.io.File] [Constructor] [FilePath][String] [/data/data/com.uie.jk8e/shared_prefs/WebViewChromiumPrefs.xml.bak]
D/S4URC   ( 2508): [SDK] [java.io.File] [getPath] [FilePath][String] [/data/data/com.uie.jk8e/shared_prefs/umeng_event_snapshot.xml]
D/S4URC   ( 2508): [SDK] [java.io.File] [Constructor] [FilePath][String] [/data/data/com.uie.jk8e/shared_prefs/umeng_event_snapshot.xml.bak]
D/S4URC   ( 2485): [SDK] [java.io.File] [getPath] [FilePath][String] [/data/data/com.uie.jk8e/shared_prefs/umeng_general_config.xml]
D/S4URC   ( 2456): [SDK] [java.io.File] [exists] [FilePath][String] [/data/data/com.uie.jk8e/shared_prefs/WebViewChromiumPrefs.xml]
D/S4URC   ( 2508): [SDK] [java.io.File] [exists] [FilePath][String] [/data/data/com.uie.jk8e/shared_prefs/umeng_event_snapshot.xml]
D/S4URC   ( 2456): [SDK] [java.io.File] [exists] [FilePath][String] [/data/data/com.uie.jk8e/shared_prefs/WebViewChromiumPrefs.xml]
D/S4URC   ( 2508): [SDK] [android.content.ContextWrapper][getSharedPreferences] [File][umeng_event_snapshot.xml] [MODE][MODE_PRIVATE]
D/S4URC   ( 2456): [SDK] [android.content.ContextWrapper][getSharedPreferences] [File][WebViewChromiumPrefs.xml] [MODE][MODE_PRIVATE]
D/S4URC   ( 2485): [SDK] [java.io.File] [getPath] [FilePath][String] [/data/data/com.uie.jk8e/shared_prefs]
D/S4URC   ( 2485): [SDK] [java.io.File] [getPath] [FilePath][String] [/data/data/com.uie.jk8e/shared_prefs/d_permit.xml]
D/S4URC   ( 2485): [SDK] [java.io.File] [Constructor] [FilePath][String] [/data/data/com.uie.jk8e/shared_prefs/d_permit.xml.bak]
D/S4URC   ( 2485): [SDK] [java.io.File] [exists] [FilePath][String] [/data/data/com.uie.jk8e/shared_prefs/d_permit.xml]
D/S4URC   ( 2485): [SDK] [android.content.ContextWrapper][getSharedPreferences] [File][d_permit.xml] [MODE][MODE_PRIVATE]
D/S4URC   ( 2456): [SDK] [java.io.File] [exists] [FilePath][String] [/data/data/com.uie.jk8e/shared_prefs/WebViewChromiumPrefs.xml.bak]
D/S4URC   ( 2456): [SDK] [java.io.File] [exists] [FilePath][String] [/data/data/com.uie.jk8e/shared_prefs/WebViewChromiumPrefs.xml]
D/S4URC   ( 2485): [SDK] [java.io.File] [exists] [FilePath][String] [/data/data/com.uie.jk8e/shared_prefs/d_permit.xml.bak]
D/S4URC   ( 2456): [SDK] [java.io.File] [getPath] [FilePath][String] [/data/data/com.uie.jk8e/shared_prefs/WebViewChromiumPrefs.xml]
D/S4URC   ( 2485): [SDK] [java.io.File] [exists] [FilePath][String] [/data/data/com.uie.jk8e/shared_prefs/d_permit.xml]
D/S4URC   ( 2456): [SDK] [android.content.ContextWrapper][getSharedPreferences] [File][WebViewChromiumPrefs.xml] [MODE][MODE_PRIVATE] [Method][getInt] [Int][lastVersionCodeUsed] [Return][0]
D/S4URC   ( 2508): [SDK] [java.io.File] [getPath] [FilePath][String] [/data/data/com.uie.jk8e/shared_prefs]
D/S4URC   ( 2456): [SDK] [android.content.ContextWrapper][getSharedPreferences] [File][WebViewChromiumPrefs.xml] [MODE][MODE_PRIVATE] [Method][putInt] [Key][lastVersionCodeUsed] [Value][300001]
D/S4URC   ( 2508): [SDK] [java.io.File] [getPath] [FilePath][String] [/data/data/com.uie.jk8e/shared_prefs/umeng_general_config.xml]
D/S4URC   ( 2508): [SDK] [java.io.File] [Constructor] [FilePath][String] [/data/data/com.uie.jk8e/shared_prefs/umeng_general_config.xml.bak]
D/S4URC   ( 2456): [SDK] [android.content.ContextWrapper][getSharedPreferences] [File][WebViewChromiumPrefs.xml] [MODE][MODE_PRIVATE] [Method][apply]
D/S4URC   ( 2508): [SDK] [java.io.File] [exists] [FilePath][String] [/data/data/com.uie.jk8e/shared_prefs/umeng_general_config.xml]
D/S4URC   ( 2508): [SDK] [java.io.File] [exists] [FilePath][String] [/data/data/com.uie.jk8e/shared_prefs/umeng_event_snapshot.xml.bak]
D/S4URC   ( 2508): [SDK] [java.io.File] [canRead] [FilePath][String] [/data/data/com.uie.jk8e/shared_prefs/umeng_general_config.xml]
D/S4URC   ( 2508): [SDK] [java.io.File] [exists] [FilePath][String] [/data/data/com.uie.jk8e/shared_prefs/umeng_event_snapshot.xml]
D/S4URC   ( 2508): [SDK] [java.io.File] [getPath] [FilePath][String] [/data/data/com.uie.jk8e/shared_prefs/umeng_general_config.xml]
