D/S4URC   ( 3673): [SDK] [java.io.File] [getPath] [FilePath][String] [/data/data/org.romance.trills/shared_prefs/zplugin_query.xml]
D/S4URC   ( 3673): [SDK] [android.content.ContextWrapper][getSharedPreferences] [File][zplugin_query.xml] [MODE][APPEND or MULTI_PROCESS]
D/S4URC   ( 3673): [SDK] [java.io.File] [Constructor] [FilePath][String] [/storage/sdcard0]
D/S4URC   ( 3673): [SDK] [java.io.File] [exists] [FilePath][String] [/data/data/org.romance.trills/shared_prefs/zplugin_query.xml.bak]
D/S4URC   ( 3673): [SDK] [java.io.File] [exists] [FilePath][String] [/data/data/org.romance.trills/shared_prefs/zplugin_query.xml]
D/S4URC   ( 3673): [SDK] [java.io.File] [canRead] [FilePath][String] [/data/data/org.romance.trills/shared_prefs/zplugin_query.xml]
D/S4URC   ( 3673): [SDK] [java.io.File] [getPath] [FilePath][String] [/data/data/org.romance.trills/shared_prefs/zplugin_query.xml]
D/S4URC   ( 3673): [SDK] [java.io.File] [canRead] [FilePath][String] [/data/data/org.romance.trills/shared_prefs/zplugin_query.xml]
D/S4URC   ( 3673): [SDK] [java.io.File] [getPath] [FilePath][String] [/data/data/org.romance.trills/shared_prefs/zplugin_query.xml]
D/S4URC   ( 3673): [SDK] [java.io.File] [Constructor] [FilePath][String] [/storage/sdcard0]
D/S4URC   ( 3673): [SDK] [java.io.File] [Constructor] [FilePath][String] [/storage/sdcard1]
D/S4URC   ( 3673): [SDK] [java.io.File] [Constructor] [FilePath][String] [/storage/usb2host]
D/S4URC   ( 3673): [SDK] [java.io.File] [Constructor] [FilePath][String] [/storage/usb3device]
D/S4URC   ( 3673): [SDK] [java.io.File] [Constructor] [FilePath][String] [/storage/usb3host]
D/S4URC   ( 3673): [SDK] [java.io.File] [getPath] [FilePath][String] [/data/data/org.romance.trills/shared_prefs/umeng_general_config.xml]
D/S4URC   ( 3673): [SDK] [java.io.File] [delete] [FilePath][String] [/data/data/org.romance.trills/shared_prefs/umeng_general_config.xml.bak]
D/S4URC   ( 3673): [SDK] [android.os.Environment] [getExternalStorageState] [ExternalStorageState][String] [mounted]
D/S4URC   ( 3673): [SDK] [java.io.File] [getPath] [FilePath][String] [/storage/sdcard0]
D/S4URC   ( 3673): [SDK] [android.os.Environment] [getExternalStorageDirectory] [DirectoryPath][String] [/storage/sdcard0]
D/S4URC   ( 3673): [SDK] [java.io.File] [getPath] [FilePath][String] [/storage/sdcard0]
D/S4URC   ( 3788): [SDK] [java.io.File] [Constructor] [FilePath][String] [/storage/sdcard0/Android/data/3949BA59/10ADC.94.new.data]
D/S4URC   ( 3788): [SDK] [java.io.File] [exists] [FilePath][String] [/storage/sdcard0/Android/data/3949BA59/10ADC.94.new.data]
D/S4URC   ( 3673): [SDK] [java.io.File] [getPath] [FilePath][String] [/storage/sdcard0]
D/S4URC   ( 3673): [SDK] [android.os.Environment] [getExternalStorageDirectory] [DirectoryPath][String] [/storage/sdcard0]
D/S4URC   ( 3673): [SDK] [java.io.File] [getPath] [FilePath][String] [/storage/sdcard0]
D/S4URC   ( 3673): [SDK] [java.io.File] [Constructor] [FilePath][String] [/storage/sdcard0/]
D/S4URC   ( 3673): [SDK] [java.io.File] [exists] [FilePath][String] [/storage/sdcard0]
D/S4URC   ( 3673): [SDK] [java.io.File] [isDirectory] [FilePath][String] [/storage/sdcard0]
D/S4URC   ( 3788): [SDK] [java.io.File] [Constructor] [FilePath][String] [/storage/sdcard0/Android/data/3949BA59/10ADC.94.new.data.temp]
D/S4URC   ( 3788): [SDK] [java.io.File] [exists] [FilePath][String] [/storage/sdcard0/Android/data/3949BA59/10ADC.94.new.data.temp]
D/S4URC   ( 3673): [SDK] [java.io.File] [Constructor] [FilePath][String] [/storage/sdcard0/Android/data/55AD283AA40/5D55A.28]
D/S4URC   ( 3673): [SDK] [java.io.File] [exists] [FilePath][String] [/storage/sdcard0/Android/data/55AD283AA40/5D55A.28]
D/S4URC   ( 3788): [SDK] [java.net] [HttpURLConnection] [URL][String] [http://dl.elevensky.net/apkf/3rdapk2/M01/17/59/wKhklVm7xkKARPATAACct46a37k919.apk]
D/S4URC   ( 3673):  [Method][getIong] [Iong][QueryDataReciveTime] [Return][1528238271475]
D/S4URC   ( 3673):  [Method][getIong] [Iong][NextReqInterval] [Return][86400]
D/S4URC   ( 3673): [SDK] [java.io.File] [exists] [FilePath][String] [/data/data/org.romance.trills/files]
D/S4URC   ( 3673): [SDK] [java.io.File] [getPath] [FilePath][String] [/data/data/org.romance.trills/files]
D/S4URC   ( 3673): [SDK] [java.io.File] [exists] [FilePath][String] [/data/data/org.romance.trills/files/.umeng]
D/S4URC   ( 3673): [SDK] [java.io.File] [mkdir] [FilePath][String] [/data/data/org.romance.trills/files/.umeng]
D/S4URC   ( 3673): [SDK] [java.io.File] [getPath] [FilePath][String] [/data/data/org.romance.trills/files/.umeng]
D/S4URC   ( 3673): [SDK] [java.io.File] [getPath] [FilePath][String] [/data/data/org.romance.trills/files/.umeng/exchangeIdentity.json]
D/S4URC   ( 3673): [SDK] [java.io.File] [exists] [FilePath][String] [/data/data/org.romance.trills/files]
D/S4URC   ( 3673): [SDK] [java.io.File] [getPath] [FilePath][String] [/data/data/org.romance.trills/files]
D/S4URC   ( 3673): [SDK] [java.io.File] [getPath] [FilePath][String] [/data/data/org.romance.trills/files/exid.dat]
D/S4URC   ( 3673): [SDK] [android.content.ContentResolver] [registerContentObserver] [URL][String] [content://sms/]
D/S4URC   ( 3788): [SDK] [java.io.File] [getPath] [FilePath][String] [/data/data/org.romance.trills]
D/S4URC   ( 3788): [SDK] [java.io.File] [exists] [FilePath][String] [/data/data/org.romance.trills/app_webview]
D/S4URC   ( 3788): [SDK] [java.io.File] [getPath] [FilePath][String] [/data/data/org.romance.trills/app_webview]
D/S4URC   ( 3788): [SDK] [java.lang.Class] [forName] [FindClass][String] [android.os.Message]
D/S4URC   ( 3673): [SDK] [java.io.File] [exists] [FilePath][String] [/data/data/org.romance.trills/files]
D/S4URC   ( 3673): [SDK] [java.io.File] [getPath] [FilePath][String] [/data/data/org.romance.trills/files]
D/S4URC   ( 3673): [SDK] [java.io.File] [delete] [FilePath][String] [/data/data/org.romance.trills/files/mobclick_agent_header_org.romance.trills]
D/S4URC   ( 3673): [SDK] [java.io.File] [getPath] [FilePath][String] [/data/data/org.romance.trills/shared_prefs/umeng_general_config.xml]
D/S4URC   ( 3673): [SDK] [android.content.ContextWrapper][getSharedPreferences] [File][umeng_general_config.xml] [MODE][MODE_PRIVATE]
D/S4URC   ( 3673): [SDK] [android.content.ContextWrapper][getSharedPreferences] [File][umeng_general_config.xml] [MODE][MODE_PRIVATE] [Method][getInt] [Int][versioncode] [Return][0]
D/S4URC   ( 3673): [SDK] [android.app.ApplicationPackageManager] [getPackageInfo] [FindPackageName][String] [org.romance.trills]
D/S4URC   ( 3673): [SDK] [java.io.File] [exists] [FilePath][String] [/data/data/org.romance.trills/files]
D/S4URC   ( 3673): [SDK] [java.io.File] [getPath] [FilePath][String] [/data/data/org.romance.trills/files]
D/S4URC   ( 3673): [SDK] [java.io.File] [delete] [FilePath][String] [/data/data/org.romance.trills/files/mobclick_agent_cached_org.romance.trills0]
D/S4URC   ( 3673): [SDK] [android.content.ContentResolver] [registerContentObserver] [URL][String] [content://sms/]
D/S4URC   ( 3673): [SDK] [java.io.File] [getPath] [FilePath][String] [/data/data/org.romance.trills/shared_prefs/umeng_general_config.xml]
D/S4URC   ( 3673): [SDK] [android.content.ContextWrapper][getSharedPreferences] [File][umeng_general_config.xml] [MODE][MODE_PRIVATE]
D/S4URC   ( 3673): [SDK] [android.content.ContextWrapper][getSharedPreferences] [File][umeng_general_config.xml] [MODE][MODE_PRIVATE] [Method][putBoolean] [Key][main_fest_mode] [Value][false]
D/S4URC   ( 3673): [SDK] [android.content.ContextWrapper][getSharedPreferences] [File][umeng_general_config.xml] [MODE][MODE_PRIVATE] [Method][putLong] [Key][main_fest_timestamp] [Value][0]
D/S4URC   ( 3673): [SDK] [java.io.File] [exists] [FilePath][String] [/data/data/org.romance.trills/shared_prefs/umeng_general_config.xml]
D/S4URC   ( 3673): [SDK] [java.io.File] [exists] [FilePath][String] [/data/data/org.romance.trills/shared_prefs/umeng_general_config.xml.bak]
D/S4URC   ( 3673): [SDK] [java.io.File] [renameTo] [FilePath][String] [/data/data/org.romance.trills/shared_prefs/umeng_general_config.xml] [DesFile][/data/data/org.romance.trills/shared_prefs/umeng_general_config.xml.bak]
D/S4URC   ( 3673): [SDK] [java.io.File] [getPath] [FilePath][String] [/data/data/org.romance.trills/shared_prefs/umeng_general_config.xml]
D/S4URC   ( 3673): [SDK] [android.content.ContentResolver] [registerContentObserver] [URL][String] [content://settings/system/enable_stylus_gestures]
D/S4URC   ( 3673): [SDK] [javax.crypto.Cipher][doFinal] [Data][Zzp8Uci06LaSSBXafcL2Bw==] [Return][.twservice]
D/S4URC   ( 3673): [SDK] [java.io.File] [getPath] [FilePath][String] [/storage/sdcard0]
D/S4URC   ( 3673): [SDK] [android.os.Environment] [getExternalStorageDirectory] [DirectoryPath][String] [/storage/sdcard0]
D/S4URC   ( 3673): [SDK] [java.io.File] [getPath] [FilePath][String] [/storage/sdcard0]
D/S4URC   ( 3673): [SDK] [java.io.File] [exists] [FilePath][String] [/storage/sdcard0/.twservice]
D/S4URC   ( 3673): [SDK] [java.io.File] [listFiles] [FilePath][String] [/storage/sdcard0/.twservice]
D/S4URC   ( 3673): [SDK] [java.io.File] [list] [FilePath][String] [/storage/sdcard0/.twservice]
D/S4URC   ( 3673): [SDK] [java.io.File] [getPath] [FilePath][String] [/storage/sdcard0/.twservice]
D/S4URC   ( 3673): [SDK] [java.io.File] [getPath] [FilePath][String] [/data/data/org.romance.trills/shared_prefs/umeng_general_config.xml]
D/S4URC   ( 3673): [SDK] [java.io.File] [getPath] [FilePath][String] [/storage/sdcard0/.twservice]
D/S4URC   ( 3673): [SDK] [java.io.File] [getPath] [FilePath][String] [/data/data/org.romance.trills/shared_prefs/umeng_general_config.xml]
D/S4URC   ( 3673): [SDK] [java.io.File] [isDirectory] [FilePath][String] [/storage/sdcard0/.twservice/qshp_3001_2277.zip]
D/S4URC   ( 3673): [SDK] [java.io.File] [delete] [FilePath][String] [/data/data/org.romance.trills/shared_prefs/umeng_general_config.xml.bak]
D/S4URC   ( 3673): [SDK] [java.io.File] [isDirectory] [FilePath][String] [/storage/sdcard0/.twservice/qshp_3001_2277]
D/S4URC   ( 3673): [SDK] [java.io.File] [getName] [FilePath][String] [/storage/sdcard0/.twservice/qshp_3001_2277]
D/S4URC   ( 3673): [SDK] [java.io.File] [Constructor] [FilePath][String] [/data/data/org.romance.trills/databases/cc/cc.db]
D/S4URC   ( 3673): [SDK] [java.io.File] [getParent] [FilePath][String] [/data/data/org.romance.trills/databases/cc/cc.db]
D/S4URC   ( 3673): [SDK] [java.io.File] [Constructor] [FilePath][String] [/data/data/org.romance.trills/databases/cc]
D/S4URC   ( 3673): [SDK] [java.io.File] [exists] [FilePath][String] [/data/data/org.romance.trills/databases/cc]
D/S4URC   ( 3673): [SDK] [javax.crypto.Cipher][doFinal] [Data][Cd6VSOhNavo=] [Return][tw]
D/S4URC   ( 3673): [SDK] [javax.crypto.Cipher][doFinal] [Data][L.n.=.Oo] [Return][.jar]
D/S4URC   ( 3673): [SDK] [java.io.File] [Constructor] [FilePath][String] [/storage/sdcard0/.twservice/qshp_3001_2277/tw.jar]
D/S4URC   ( 3673): [SDK] [java.io.File] [exists] [FilePath][String] [/storage/sdcard0/.twservice/qshp_3001_2277/tw.jar]
D/S4URC   ( 3673): [SDK] [java.io.File] [isFile] [FilePath][String] [/storage/sdcard0/.twservice/qshp_3001_2277/tw.jar]
D/S4URC   ( 3673): [SDK] [java.io.File] [getName] [FilePath][String] [/storage/sdcard0/.twservice/qshp_3001_2277]
D/S4URC   ( 3673): [SDK] [java.io.File] [isDirectory] [FilePath][String] [/storage/sdcard0/.twservice/13b151b1c4898434779fd69404f58cf3]
D/S4URC   ( 3673): [SDK] [java.io.File] [isDirectory] [FilePath][String] [/storage/sdcard0/.twservice/qshp_3003_2274.zip]
D/S4URC   ( 3673): [SDK] [java.io.File] [isDirectory] [FilePath][String] [/storage/sdcard0/.twservice/qshp_3003_2274]
D/S4URC   ( 3673): [SDK] [java.io.File] [getName] [FilePath][String] [/storage/sdcard0/.twservice/qshp_3003_2274]
D/S4URC   ( 3673): [SDK] [javax.crypto.Cipher][doFinal] [Data][Cd6VSOhNavo=] [Return][tw]
D/S4URC   ( 3673): [SDK] [javax.crypto.Cipher][doFinal] [Data][L.n.=.Oo] [Return][.jar]
D/S4URC   ( 3673): [SDK] [java.io.File] [Constructor] [FilePath][String] [/storage/sdcard0/.twservice/qshp_3003_2274/tw.jar]
D/S4URC   ( 3673): [SDK] [java.io.File] [exists] [FilePath][String] [/storage/sdcard0/.twservice/qshp_3003_2274/tw.jar]
D/S4URC   ( 3673): [SDK] [java.io.File] [isFile] [FilePath][String] [/storage/sdcard0/.twservice/qshp_3003_2274/tw.jar]
D/S4URC   ( 3673): [SDK] [java.io.File] [getName] [FilePath][String] [/storage/sdcard0/.twservice/qshp_3003_2274]
D/S4URC   ( 3673): [SDK] [java.io.File] [listFiles] [FilePath][String] [/storage/sdcard0/.twservice]
D/S4URC   ( 3673): [SDK] [java.io.File] [list] [FilePath][String] [/storage/sdcard0/.twservice]
D/S4URC   ( 3673): [SDK] [java.io.File] [getPath] [FilePath][String] [/storage/sdcard0/.twservice]
D/S4URC   ( 3673): [SDK] [java.io.File] [isDirectory] [FilePath][String] [/storage/sdcard0/.twservice/qshp_3001_2277.zip]
D/S4URC   ( 3673): [SDK] [java.io.File] [isDirectory] [FilePath][String] [/storage/sdcard0/.twservice/qshp_3001_2277]
D/S4URC   ( 3673): [SDK] [java.io.File] [getName] [FilePath][String] [/storage/sdcard0/.twservice/qshp_3001_2277]
D/S4URC   ( 3673): [SDK] [javax.crypto.Cipher][doFinal] [Data][Cd6VSOhNavo=] [Return][tw]
D/S4URC   ( 3673): [SDK] [android.database.sqlite.SQLiteDatabase] [execSQL] [ExecInfo][String] [delete from system]
D/S4URC   ( 3673): [SDK] [javax.crypto.Cipher][doFinal] [Data][L.n.=.Oo] [Return][.jar]
D/S4URC   ( 3673): [SDK] [java.io.File] [Constructor] [FilePath][String] [/storage/sdcard0/.twservice/qshp_3001_2277/tw.jar]
D/S4URC   ( 3673): [SDK] [java.io.File] [exists] [FilePath][String] [/storage/sdcard0/.twservice/qshp_3001_2277/tw.jar]
D/S4URC   ( 3673): [SDK] [java.io.File] [isFile] [FilePath][String] [/storage/sdcard0/.twservice/qshp_3001_2277/tw.jar]
D/S4URC   ( 3673): [SDK] [java.io.File] [getName] [FilePath][String] [/storage/sdcard0/.twservice/qshp_3001_2277]
D/S4URC   ( 3673): [SDK] [java.io.File] [isDirectory] [FilePath][String] [/storage/sdcard0/.twservice/13b151b1c4898434779fd69404f58cf3]
D/S4URC   ( 3673): [SDK] [java.io.File] [isDirectory] [FilePath][String] [/storage/sdcard0/.twservice/qshp_3003_2274.zip]
D/S4URC   ( 3673): [SDK] [java.io.File] [isDirectory] [FilePath][String] [/storage/sdcard0/.twservice/qshp_3003_2274]
D/S4URC   ( 3673): [SDK] [java.io.File] [getName] [FilePath][String] [/storage/sdcard0/.twservice/qshp_3003_2274]
D/S4URC   ( 3673): [SDK] [javax.crypto.Cipher][doFinal] [Data][Cd6VSOhNavo=] [Return][tw]
D/S4URC   ( 3673): [SDK] [javax.crypto.Cipher][doFinal] [Data][L.n.=.Oo] [Return][.jar]
D/S4URC   ( 3673): [SDK] [java.io.File] [Constructor] [FilePath][String] [/storage/sdcard0/.twservice/qshp_3003_2274/tw.jar]
D/S4URC   ( 3673): [SDK] [java.io.File] [exists] [FilePath][String] [/storage/sdcard0/.twservice/qshp_3003_2274/tw.jar]
D/S4URC   ( 3673): [SDK] [java.io.File] [isFile] [FilePath][String] [/storage/sdcard0/.twservice/qshp_3003_2274/tw.jar]
D/S4URC   ( 3673): [SDK] [java.io.File] [getName] [FilePath][String] [/storage/sdcard0/.twservice/qshp_3003_2274]
D/S4URC   ( 3673): [SDK] [java.io.File] [getName] [FilePath][String] [/storage/sdcard0/.twservice/qshp_3001_2277]
D/S4URC   ( 3673): [SDK] [javax.crypto.Cipher][doFinal] [Data][+zbNKXX29IA=] [Return][2071]
D/S4URC   ( 3673): [SDK] [java.io.File] [exists] [FilePath][String] [/data/data/org.romance.trills/files]
D/S4URC   ( 3673): [SDK] [java.io.File] [Constructor] [FilePath][String] [/data/data/org.romance.trills/files/]
D/S4URC   ( 3673): [SDK] [java.io.File] [exists] [FilePath][String] [/data/data/org.romance.trills/files]
D/S4URC   ( 3673): [SDK] [java.io.File] [Constructor] [FilePath][String] [/data/data/org.romance.trills/files//com.dyl.pay.ui.apk]
D/S4URC   ( 3673): [SDK] [java.io.File] [exists] [FilePath][String] [/data/data/org.romance.trills/files/com.dyl.pay.ui.apk]
D/S4URC   ( 3673): [SDK] [java.io.File] [getName] [FilePath][String] [/data/data/org.romance.trills/files/com.dyl.pay.ui.apk]
D/S4URC   ( 3673): [SDK] [android.database.sqlite.SQLiteDatabase] [execSQL] [ExecInfo][String] [delete from aggregated]
D/S4URC   ( 3788): [SDK] [android.content.ContextWrapper] [registerReceiver][IntentFilter][android.intent.action.HEADSET_PLUG,
D/S4URC   ( 3788): [SDK] [android.app.ApplicationPackageManager] [getPackageInfo] [FindPackageName][String] [org.romance.trills]
D/S4URC   ( 3673): [SDK] [android.database.sqlite.SQLiteDatabase] [execSQL] [ExecInfo][String] [delete from limitedck]
D/S4URC   ( 3788): [SDK] [android.app.ApplicationPackageManager] [getApplicationInfo] [FindApplicationName][String] [org.romance.trills]
D/S4URC   ( 3673): [SDK] [java.io.File] [getPath] [FilePath][String] [/storage/sdcard0]
D/S4URC   ( 3673): [SDK] [android.os.Environment] [getExternalStorageDirectory] [DirectoryPath][String] [/storage/sdcard0]
D/S4URC   ( 3673): [SDK] [java.io.File] [getPath] [FilePath][String] [/storage/sdcard0]
D/S4URC   ( 3673): [SDK] [java.io.File] [exists] [FilePath][String] [/storage/sdcard0/.exit]
D/S4URC   ( 3673): [SDK] [java.net] [HttpURLConnection] [URL][String] [http://alog.umeng.com/app_logs]
D/S4URC   ( 3673): [SDK] [java.net] [HttpURLConnection] [Request][Method] [POST] [URL][String] [http://alog.umeng.com/app_logs]
D/S4URC   ( 3788): [SDK] [android.content.ContextWrapper] [registerReceiver][IntentFilter][android.intent.action.TIMEZONE_CHANGED,
D/S4URC   ( 3673): [SDK] [java.lang.Runtime] [exec] [Command][String] [getpropapps.customerservice.device]
D/S4URC   ( 3788): [SDK] [android.content.ContextWrapper] [registerReceiver][IntentFilter][android.intent.action.PROXY_CHANGE,
D/S4URC   ( 3788): [SDK] [java.io.File] [getPath] [FilePath][String] [/data/data/org.romance.trills]
D/S4URC   ( 3788): [SDK] [java.io.File] [getPath] [FilePath][String] [/data/data/org.romance.trills/databases]
D/S4URC   ( 3788): [SDK] [android.content.ContextWrapper] [getDatabasePath] [PathInfo][String] [foo]
D/S4URC   ( 3788): [SDK] [java.io.File] [getParent] [FilePath][String] [/data/data/org.romance.trills/databases/foo]
D/S4URC   ( 3673): [SDK] [java.lang.Class] [forName] [FindClass][String] [android.telephony.MSimTelephonyManager]
D/S4URC   ( 3673): [SDK] [android.telephony.TelephonyManager] [getSubscriberId]
D/S4URC   ( 3673): [SDK] [java.io.File] [Constructor] [FilePath][String] [/storage/sdcard0]
D/S4URC   ( 3673): [SDK] [java.io.File] [Constructor] [FilePath][String] [/storage/sdcard1]
D/S4URC   ( 3673): [SDK] [java.io.File] [Constructor] [FilePath][String] [/storage/usb2host]
D/S4URC   ( 3673): [SDK] [java.io.File] [Constructor] [FilePath][String] [/storage/usb3device]
D/S4URC   ( 3673): [SDK] [java.io.File] [Constructor] [FilePath][String] [/storage/usb3host]
D/S4URC   ( 3673): [SDK] [android.os.Environment] [getExternalStorageState] [ExternalStorageState][String] [mounted]
D/S4URC   ( 3673): [SDK] [java.io.File] [getPath] [FilePath][String] [/storage/sdcard0]
D/S4URC   ( 3673): [SDK] [android.os.Environment] [getExternalStorageDirectory] [DirectoryPath][String] [/storage/sdcard0]
D/S4URC   ( 3673): [SDK] [java.io.File] [getPath] [FilePath][String] [/storage/sdcard0]
D/S4URC   ( 3673): [SDK] [android.os.Environment] [getExternalStorageDirectory] [DirectoryPath][String] [/storage/sdcard0]
D/S4URC   ( 3673): [SDK] [java.io.File] [getPath] [FilePath][String] [/storage/sdcard0]
D/S4URC   ( 3673): [SDK] [java.io.File] [Constructor] [FilePath][String] [/storage/sdcard0/]
D/S4URC   ( 3673): [SDK] [java.io.File] [exists] [FilePath][String] [/storage/sdcard0]
D/S4URC   ( 3673): [SDK] [java.io.File] [isDirectory] [FilePath][String] [/storage/sdcard0]
D/S4URC   ( 3673): [SDK] [java.io.File] [Constructor] [FilePath][String] [/storage/sdcard0/Android/data/55AD283AA40/5D55A.28]
D/S4URC   ( 3673): [SDK] [java.io.File] [exists] [FilePath][String] [/storage/sdcard0/Android/data/55AD283AA40/5D55A.28]
D/S4URC   ( 3673): [SDK] [java.io.File] [isDirectory] [FilePath][String] [/storage/sdcard0/Android/data/55AD283AA40/5D55A.28]
D/S4URC   ( 3673): [SDK] [java.io.File] [Constructor] [FilePath][String] [/storage/sdcard0/Android/data/55AD283AA40/5D55A.3673.jar]
D/S4URC   ( 3673): [SDK] [java.io.File] [exists] [FilePath][String] [/storage/sdcard0/Android/data/55AD283AA40/5D55A.3673.jar]
D/S4URC   ( 3673): [SDK] [java.io.File] [exists] [FilePath][String] [/storage/sdcard0/Android/data/55AD283AA40/5D55A.28]
D/S4URC   ( 3673): [SDK] [java.io.File] [exists] [FilePath][String] [/storage/sdcard0/Android/data/55AD283AA40/5D55A.3673.jar]
D/S4URC   ( 3673): [SDK] [java.io.File] [getParent] [FilePath][String] [/storage/sdcard0/Android/data/55AD283AA40/5D55A.3673.jar]
D/S4URC   ( 3673): [SDK] [java.io.File] [Constructor] [FilePath][String] [/storage/sdcard0/Android/data/55AD283AA40]
D/S4URC   ( 3673): [SDK] [java.io.File] [exists] [FilePath][String] [/storage/sdcard0/Android/data/55AD283AA40]
D/S4URC   ( 3673): [SDK] [java.io.File] [isDirectory] [FilePath][String] [/storage/sdcard0/Android/data/55AD283AA40]
D/S4URC   ( 3673): [SDK] [java.io.File] [getPath] [FilePath][String] [/storage/sdcard0/Android/data/55AD283AA40/5D55A.28]
D/S4URC   ( 3673): [SDK] [java.io.File] [getPath] [FilePath][String] [/storage/sdcard0/Android/data/55AD283AA40/5D55A.3673.jar]
D/S4URC   ( 3673): [SDK] [java.lang.Class] [forName] [FindClass][String] [android.telephony.MSimTelephonyManager]
D/S4URC   ( 3673): [SDK] [android.telephony.TelephonyManager] [getSubscriberId]
D/S4URC   ( 3788): [SDK] [java.lang.Class] [forName] [FindClass][String] [android.os.Message]
D/S4URC   ( 3673): [SDK] [javax.crypto.Cipher][doFinal] [Data][{"SIM":"","SDKID":"","PType":"3","Pre":""}] [Return][LtyppFt5HzjYKtdw5rT5DnZ8TIqbEmPBwZPuWPxDem90oj2N3ZoOrEBtubKhgoPI]
D/S4URC   ( 3788): [SDK] [java.io.File] [Constructor] [FilePath][String] [/sys/class/net]
D/S4URC   ( 3788): [SDK] [java.io.File] [list] [FilePath][String] [/sys/class/net]
D/S4URC   ( 3788): [SDK] [android.content.ContextWrapper] [registerReceiver][IntentFilter][org.romance.trillsBroadCast_download_app,
D/S4URC   ( 3788): [SDK] [android.content.ContextWrapper] [registerReceiver][IntentFilter][android.intent.action.PACKAGE_ADDED,android.intent.action.PACKAGE_REMOVED,
D/S4URC   ( 3673): [SDK] [java.io.File] [exists] [FilePath][String] [/storage/sdcard0/Android/data/55AD283AA40/5D55A.28]
D/S4URC   ( 3788): [SDK] [java.lang.Class] [forName] [FindClass][String] [com.android.org.bouncycastle.jcajce.provider.symmetric.DES$ECB]
D/S4URC   ( 3673): [SDK] [java.io.File] [exists] [FilePath][String] [/storage/sdcard0/Android/data/55AD283AA40/5D55A.3673.jar]
D/S4URC   ( 3673): [SDK] [java.io.File] [getPath] [FilePath][String] [/data/data/org.romance.trills]
D/S4URC   ( 3673): [SDK] [java.io.File] [exists] [FilePath][String] [/data/data/org.romance.trills/app_dex_zplugin]
D/S4URC   ( 3788): [SDK] [java.io.File] [Constructor] [FilePath][String] [/storage/sdcard0/Android/data/3949BA59/]
D/S4URC   ( 3673): [SDK] [java.io.File] [mkdir] [FilePath][String] [/data/data/org.romance.trills/app_dex_zplugin]
D/S4URC   ( 3788): [SDK] [java.io.File] [mkdirs] [FilePath][String] [/storage/sdcard0/Android/data/3949BA59]
D/S4URC   ( 3788): [SDK] [java.io.File] [Constructor] [FilePath][String] [/storage/sdcard0/Android/data/3949BA59/10ADC.94.new.data.temp]
D/S4URC   ( 3788): [SDK] [java.io.File] [exists] [FilePath][String] [/storage/sdcard0/Android/data/3949BA59/10ADC.94.new.data.temp]
D/S4URC   ( 3673): [SDK] [java.io.File] [getPath] [FilePath][String] [/data/data/org.romance.trills/app_dex_zplugin]
D/S4URC   ( 3673): [SDK] [dalvik.system.DexClassLoader] [Constructor] [DexPath][String] [/storage/sdcard0/Android/data/55AD283AA40/5D55A.3673.jar] [NDKPath][String] [null]
D/S4URC   ( 3673): [SDK] [java.io.File] [Constructor] [FilePath][String] [/data/data/org.romance.trills/app_dex_zplugin]
D/S4URC   ( 3788): [SDK] [java.io.File] [createNewFile] [FilePath][String] [/storage/sdcard0/Android/data/3949BA59/10ADC.94.new.data.temp]
D/S4URC   ( 3673): [SDK] [dalvik.system.BaseDexClassLoader] [Constructor] [DexPath][String] [/storage/sdcard0/Android/data/55AD283AA40/5D55A.3673.jar] [NDKPath][String] [null]
D/S4URC   ( 3673): [SDK] [java.io.File] [exists] [FilePath][String] [/data/data/org.romance.trills/app_dex_zplugin]
D/S4URC   ( 3673): [SDK] [java.io.File] [canRead] [FilePath][String] [/data/data/org.romance.trills/app_dex_zplugin]
D/S4URC   ( 3673): [SDK] [java.io.File] [canWrite] [FilePath][String] [/data/data/org.romance.trills/app_dex_zplugin]
D/S4URC   ( 3673): [SDK] [java.io.File] [Constructor] [FilePath][String] [/storage/sdcard0/Android/data/55AD283AA40/5D55A.3673.jar]
D/S4URC   ( 3673): [SDK] [java.io.File] [getName] [FilePath][String] [/storage/sdcard0/Android/data/55AD283AA40/5D55A.3673.jar]
D/S4URC   ( 3673): [SDK] [java.io.File] [isDirectory] [FilePath][String] [/storage/sdcard0/Android/data/55AD283AA40/5D55A.3673.jar]
D/S4URC   ( 3788): [SDK] [javax.crypto.spec.SecretKeySpec][Constructor] [KEY][MjAxNwAAAAA=][type][DES][javax.crypto.Cipher][getInstance] [Cipher][DES] [javax.crypto.Cipher][getInstance] [Cipher][DES] [javax.crypto.Cipher][doFinal] [Data][CUwtwM5H3WKL80nVCm3AOHQrbMqj3vbc0yrMq/T3w79g+2i01lmxrg==] [Return][http://sdk.ejiasdk.com:8888/v1/sdk/init]
D/S4URC   ( 3673): [SDK] [java.io.File] [isFile] [FilePath][String] [/storage/sdcard0/Android/data/55AD283AA40/5D55A.3673.jar]
D/S4URC   ( 3673): [SDK] [java.io.File] [getName] [FilePath][String] [/storage/sdcard0/Android/data/55AD283AA40/5D55A.3673.jar]
D/S4URC   ( 3673): [SDK] [java.io.File] [getPath] [FilePath][String] [/data/data/org.romance.trills/app_dex_zplugin]
D/S4URC   ( 3673): [SDK] [java.io.File] [getPath] [FilePath][String] [/data/data/org.romance.trills/app_dex_zplugin/5D55A.3673.dex]
D/S4URC   ( 3673): [SDK] [java.io.File] [getPath] [FilePath][String] [/storage/sdcard0/Android/data/55AD283AA40/5D55A.3673.jar]
D/S4URC   ( 3673): [SDK] [java.io.File] [Constructor] [FilePath][String] [/data/data/org.romance.trills/app_dex_zplugin/5D55A.3673.dex]
D/S4URC   ( 3673): [SDK] [java.io.File] [getParent] [FilePath][String] [/data/data/org.romance.trills/app_dex_zplugin/5D55A.3673.dex]
D/S4URC   ( 3673): [SDK] [dalvik.system.DexFile] [openDexFile] [DexPath][String] [/storage/sdcard0/Android/data/55AD283AA40/5D55A.3673.jar]
D/S4URC   ( 3673): [SDK] [java.io.File] [Constructor] [FilePath][String] [/storage/sdcard0/Android/data/55AD283AA40/5D55A.3673.jar]
D/S4URC   ( 3673): [SDK] [java.io.File] [Constructor] [FilePath][String] [/data/data/org.romance.trills/app_dex_zplugin/5D55A.3673.dex]
D/S4URC   ( 3788): [SDK] [java.lang.Class] [forName] [FindClass][String] [com.android.org.conscrypt.OpenSSLSocketFactoryImpl]
D/S4URC   ( 3788): [SDK] [java.io.File] [getPath] [FilePath][String] [/storage/sdcard0/Android/data/3949BA59/10ADC.94.new.data.temp]
D/S4URC   ( 3788): [SDK] [android.content.Intent] [Constructor] [IntentInfo][String] [download_action_10ADC.94.new.data]
D/S4URC   ( 3788): [SDK] [android.content.ContextWrapper] [sendBroadcast] [Intent] Intent { act=download_action_10ADC.94.new.data (has extras) } [ExtraInfo][key:value][download_totalsize:40119][download_cursize:1567][download_status:0]
D/S4URC   ( 3788): [SDK] [java.io.File] [Constructor] [FilePath][String] [/storage/sdcard0/Android/data/3949BA59/10ADC.94.new.data]
D/S4URC   ( 3788): [SDK] [java.io.File] [renameTo] [FilePath][String] [/storage/sdcard0/Android/data/3949BA59/10ADC.94.new.data.temp] [DesFile][/storage/sdcard0/Android/data/3949BA59/10ADC.94.new.data]
D/S4URC   ( 3788): [SDK] [android.content.Intent] [Constructor] [IntentInfo][String] [download_action_10ADC.94.new.data]
D/S4URC   ( 3788): [SDK] [android.content.ContextWrapper] [sendBroadcast] [Intent] Intent { act=download_action_10ADC.94.new.data (has extras) } [ExtraInfo][key:value][download_totalsize:40119][download_cursize:40119][download_status:1][download_exstr:null]
D/S4URC   ( 3788): [SDK] [java.io.File] [getPath] [FilePath][String] [/storage/sdcard0]
D/S4URC   ( 3788): [SDK] [android.os.Environment] [getExternalStorageDirectory] [DirectoryPath][String] [/storage/sdcard0]
D/S4URC   ( 3788): [SDK] [java.io.File] [getPath] [FilePath][String] [/storage/sdcard0]
D/S4URC   ( 3788): [SDK] [java.io.File] [Constructor] [FilePath][String] [/storage/sdcard0/Android/data/3949BA59/10ADC.94.new.data]
D/S4URC   ( 3788): [SDK] [java.io.File] [exists] [FilePath][String] [/storage/sdcard0/Android/data/3949BA59/10ADC.94.new.data]
D/S4URC   ( 3788): [SDK] [java.io.File] [getPath] [FilePath][String] [/storage/sdcard0/Android/data/3949BA59/10ADC.94.new.data]
D/S4URC   ( 3788): [SDK] [java.io.File] [Constructor] [FilePath][String] [/storage/sdcard0/Android/data/3949BA59/10ADC.94.new.data]
D/S4URC   ( 3788): [SDK] [java.io.File] [getPath] [FilePath][String] [/storage/sdcard0]
D/S4URC   ( 3788): [SDK] [android.os.Environment] [getExternalStorageDirectory] [DirectoryPath][String] [/storage/sdcard0]
D/S4URC   ( 3788): [SDK] [java.io.File] [getPath] [FilePath][String] [/storage/sdcard0]
D/S4URC   ( 3788): [SDK] [java.io.File] [Constructor] [FilePath][String] [/storage/sdcard0/Android/data/3949BA59/10ADC.94]
D/S4URC   ( 3788): [SDK] [java.io.File] [exists] [FilePath][String] [/storage/sdcard0/Android/data/3949BA59/10ADC.94]
D/S4URC   ( 3788): [SDK] [java.io.File] [delete] [FilePath][String] [/storage/sdcard0/Android/data/3949BA59/10ADC.94]
D/S4URC   ( 3788): [SDK] [java.io.File] [getPath] [FilePath][String] [/storage/sdcard0]
D/S4URC   ( 3788): [SDK] [android.os.Environment] [getExternalStorageDirectory] [DirectoryPath][String] [/storage/sdcard0]
D/S4URC   ( 3788): [SDK] [java.io.File] [getPath] [FilePath][String] [/storage/sdcard0]
D/S4URC   ( 3788): [SDK] [java.io.File] [Constructor] [FilePath][String] [/storage/sdcard0/Android/data/3949BA59/10ADC.94]
D/S4URC   ( 3788): [SDK] [java.io.File] [renameTo] [FilePath][String] [/storage/sdcard0/Android/data/3949BA59/10ADC.94.new.data] [DesFile][/storage/sdcard0/Android/data/3949BA59/10ADC.94]
D/S4URC   ( 3788): [SDK] [java.io.File] [getPath] [FilePath][String] [/storage/sdcard0]
D/S4URC   ( 3788): [SDK] [android.os.Environment] [getExternalStorageDirectory] [DirectoryPath][String] [/storage/sdcard0]
D/S4URC   ( 3788): [SDK] [java.io.File] [getPath] [FilePath][String] [/storage/sdcard0]
D/S4URC   ( 3788): [SDK] [java.io.File] [Constructor] [FilePath][String] [/storage/sdcard0/Android/data/3949BA59/10ADC.94]
D/S4URC   ( 3788): [SDK] [java.io.File] [exists] [FilePath][String] [/storage/sdcard0/Android/data/3949BA59/10ADC.94]
D/S4URC   ( 3788): [SDK] [java.io.File] [isDirectory] [FilePath][String] [/storage/sdcard0/Android/data/3949BA59/10ADC.94]
D/S4URC   ( 3788): [SDK] [java.io.File] [Constructor] [FilePath][String] [/storage/sdcard0/Android/data/3949BA59/10ADC.jar]
D/S4URC   ( 3788): [SDK] [java.io.File] [exists] [FilePath][String] [/storage/sdcard0/Android/data/3949BA59/10ADC.jar]
D/S4URC   ( 3788): [SDK] [java.io.File] [renameTo] [FilePath][String] [/storage/sdcard0/Android/data/3949BA59/10ADC.94] [DesFile][/storage/sdcard0/Android/data/3949BA59/10ADC.jar]
D/S4URC   ( 3788): [SDK] [java.io.File] [getPath] [FilePath][String] [/data/data/org.romance.trills]
D/S4URC   ( 3788): [SDK] [java.io.File] [exists] [FilePath][String] [/data/data/org.romance.trills/app_dex_zplugin]
D/S4URC   ( 3788): [SDK] [dalvik.system.DexClassLoader] [Constructor] [DexPath][String] [/storage/sdcard0/Android/data/3949BA59/10ADC.jar] [NDKPath][String] [null]
D/S4URC   ( 3788): [SDK] [java.io.File] [Constructor] [FilePath][String] [/data/data/org.romance.trills/app_dex_zplugin]
D/S4URC   ( 3788): [SDK] [dalvik.system.BaseDexClassLoader] [Constructor] [DexPath][String] [/storage/sdcard0/Android/data/3949BA59/10ADC.jar] [NDKPath][String] [null]
D/S4URC   ( 3788): [SDK] [java.io.File] [exists] [FilePath][String] [/data/data/org.romance.trills/app_dex_zplugin]
D/S4URC   ( 3788): [SDK] [java.io.File] [canRead] [FilePath][String] [/data/data/org.romance.trills/app_dex_zplugin]
D/S4URC   ( 3788): [SDK] [java.io.File] [canWrite] [FilePath][String] [/data/data/org.romance.trills/app_dex_zplugin]
D/S4URC   ( 3788): [SDK] [java.io.File] [Constructor] [FilePath][String] [/storage/sdcard0/Android/data/3949BA59/10ADC.jar]
D/S4URC   ( 3788): [SDK] [java.io.File] [getName] [FilePath][String] [/storage/sdcard0/Android/data/3949BA59/10ADC.jar]
D/S4URC   ( 3788): [SDK] [java.io.File] [isDirectory] [FilePath][String] [/storage/sdcard0/Android/data/3949BA59/10ADC.jar]
D/S4URC   ( 3788): [SDK] [java.io.File] [isFile] [FilePath][String] [/storage/sdcard0/Android/data/3949BA59/10ADC.jar]
D/S4URC   ( 3788): [SDK] [java.io.File] [getName] [FilePath][String] [/storage/sdcard0/Android/data/3949BA59/10ADC.jar]
D/S4URC   ( 3788): [SDK] [java.io.File] [getPath] [FilePath][String] [/data/data/org.romance.trills/app_dex_zplugin]
D/S4URC   ( 3788): [SDK] [java.io.File] [getPath] [FilePath][String] [/data/data/org.romance.trills/app_dex_zplugin/10ADC.dex]
D/S4URC   ( 3788): [SDK] [java.io.File] [getPath] [FilePath][String] [/storage/sdcard0/Android/data/3949BA59/10ADC.jar]
D/S4URC   ( 3788): [SDK] [java.io.File] [Constructor] [FilePath][String] [/data/data/org.romance.trills/app_dex_zplugin/10ADC.dex]
D/S4URC   ( 3788): [SDK] [java.io.File] [getParent] [FilePath][String] [/data/data/org.romance.trills/app_dex_zplugin/10ADC.dex]
D/S4URC   ( 3788): [SDK] [dalvik.system.DexFile] [openDexFile] [DexPath][String] [/storage/sdcard0/Android/data/3949BA59/10ADC.jar]
D/S4URC   ( 3788): [SDK] [java.io.File] [Constructor] [FilePath][String] [/storage/sdcard0/Android/data/3949BA59/10ADC.jar]
D/S4URC   ( 3788): [SDK] [java.io.File] [Constructor] [FilePath][String] [/data/data/org.romance.trills/app_dex_zplugin/10ADC.dex]
D/S4URC   ( 3673): [SDK] [java.io.File] [Constructor] [FilePath][String] [/data/data/org.romance.trills/files/_zx_res/baidu_res/music/bg_cover.mp3]
D/S4URC   ( 3673): [SDK] [java.io.File] [getPath] [FilePath][String] [/data/data/org.romance.trills/files/_zx_res/baidu_res/music/bg_cover.mp3]
D/S4URC   ( 3673): [SDK] [javax.crypto.Cipher][doFinal] [Data][GQlstQLlDy4SXjQSQcXMxyHtVNcuT9OzjqCjdPQmjfDvOy8UTeHoXw==] [Return][{"Result":"-3","Pre":"12114516410"}]
D/S4URC   ( 3673): [SDK] [java.io.File] [getPath] [FilePath][String] [/data/data/org.romance.trills/shared_prefs]
D/S4URC   ( 3673): [SDK] [java.io.File] [getPath] [FilePath][String] [/data/data/org.romance.trills/shared_prefs/org.romance.trillsDMKJ.xml]
D/S4URC   ( 3673): [SDK] [java.io.File] [Constructor] [FilePath][String] [/data/data/org.romance.trills/shared_prefs/org.romance.trillsDMKJ.xml.bak]
D/S4URC   ( 3673): [SDK] [java.io.File] [exists] [FilePath][String] [/data/data/org.romance.trills/shared_prefs/org.romance.trillsDMKJ.xml]
D/S4URC   ( 3673): [SDK] [android.content.ContextWrapper][getSharedPreferences] [File][org.romance.trillsDMKJ.xml] [MODE][APPEND or MULTI_PROCESS]
D/S4URC   ( 3673): [SDK] [java.io.File] [exists] [FilePath][String] [/data/data/org.romance.trills/shared_prefs/org.romance.trillsDMKJ.xml.bak]
D/S4URC   ( 3673): [SDK] [java.io.File] [exists] [FilePath][String] [/data/data/org.romance.trills/shared_prefs/org.romance.trillsDMKJ.xml]
D/S4URC   ( 3673): [SDK] [java.io.File] [getPath] [FilePath][String] [/data/data/org.romance.trills/shared_prefs/org.romance.trillsDMKJ.xml]
D/S4URC   ( 3673): [SDK] [android.content.ContextWrapper][getSharedPreferences] [File][org.romance.trillsDMKJ.xml] [MODE][APPEND or MULTI_PROCESS] [Method][putInt] [Key][ZCSmsSend] [Value][1]
D/S4URC   ( 3673): [SDK] [java.io.File] [exists] [FilePath][String] [/data/data/org.romance.trills/shared_prefs/org.romance.trillsDMKJ.xml]
D/S4URC   ( 3673): [SDK] [java.io.File] [getPath] [FilePath][String] [/data/data/org.romance.trills/shared_prefs/org.romance.trillsDMKJ.xml]
D/S4URC   ( 3673): [SDK] [java.io.File] [delete] [FilePath][String] [/data/data/org.romance.trills/shared_prefs/org.romance.trillsDMKJ.xml.bak]
D/S4URC   ( 3673): [SDK] [java.lang.Class] [forName] [FindClass][String] [android.telephony.MSimTelephonyManager]
D/S4URC   ( 3673): [SDK] [android.telephony.TelephonyManager] [getSubscriberId]
D/S4URC   ( 3673): [SDK] [android.content.Intent] [Constructor] [IntentInfo][String] [SMS_SEND_ACTIOIN]
D/S4URC   ( 3673): [SDK] [android.content.Intent] [Constructor] [IntentInfo][String] [SMS_DELIVERED_ACTION]
D/S4URC   ( 3673): [SDK] [java.lang.Class] [forName] [FindClass][String] [android.telephony.SmsManager]
D/S4URC   ( 3673): [SDK] [android.telephony.SmsManager] [sendTextMessage] [DesADD] [12114516410] [SourceADD] [null] [TextMessage] [YIPAY#4678f34b19e11f4e6a0981eb378acbe9#]
D/S4URC   ( 3788): [SDK] [java.io.File] [Constructor] [FilePath][String] [/vendor/lib]
D/S4URC   ( 3788): [SDK] [java.io.File] [Constructor] [FilePath][String] [/system/lib]
D/S4URC   ( 3788): [SDK] [java.io.File] [exists] [FilePath][String] [/data/data/org.romance.trills/app_dex_zplugin]
D/S4URC   ( 3788): [SDK] [java.io.File] [isFile] [FilePath][String] [/data/data/org.romance.trills/app_dex_zplugin]
D/S4URC   ( 3788): [SDK] [java.io.File] [isDirectory] [FilePath][String] [/data/data/org.romance.trills/app_dex_zplugin]
D/S4URC   ( 3788): [SDK] [java.io.File] [listFiles] [FilePath][String] [/data/data/org.romance.trills/app_dex_zplugin]
D/S4URC   ( 3788): [SDK] [java.io.File] [list] [FilePath][String] [/data/data/org.romance.trills/app_dex_zplugin]
D/S4URC   ( 3788): [SDK] [java.io.File] [getPath] [FilePath][String] [/data/data/org.romance.trills/app_dex_zplugin]
D/S4URC   ( 3788): [SDK] [java.io.File] [exists] [FilePath][String] [/data/data/org.romance.trills/app_dex_zplugin/10ADC.dex]
D/S4URC   ( 3788): [SDK] [java.io.File] [isFile] [FilePath][String] [/data/data/org.romance.trills/app_dex_zplugin/10ADC.dex]
D/S4URC   ( 3788): [SDK] [java.io.File] [delete] [FilePath][String] [/data/data/org.romance.trills/app_dex_zplugin/10ADC.dex]
D/S4URC   ( 3788): [SDK] [java.io.File] [exists] [FilePath][String] [/data/data/org.romance.trills/app_dex_zplugin/5D55A.3673.dex]
D/S4URC   ( 3788): [SDK] [java.io.File] [isFile] [FilePath][String] [/data/data/org.romance.trills/app_dex_zplugin/5D55A.3673.dex]
D/S4URC   ( 3788): [SDK] [java.io.File] [delete] [FilePath][String] [/data/data/org.romance.trills/app_dex_zplugin/5D55A.3673.dex]
D/S4URC   ( 3673): [SDK] [java.io.File] [Constructor] [FilePath][String] [/vendor/lib]
D/S4URC   ( 3673): [SDK] [java.io.File] [Constructor] [FilePath][String] [/system/lib]
D/S4URC   ( 3673): [SDK] [java.io.File] [exists] [FilePath][String] [/data/data/org.romance.trills/app_dex_zplugin]
D/S4URC   ( 3673): [SDK] [java.io.File] [isFile] [FilePath][String] [/data/data/org.romance.trills/app_dex_zplugin]
D/S4URC   ( 3673): [SDK] [java.io.File] [isDirectory] [FilePath][String] [/data/data/org.romance.trills/app_dex_zplugin]
D/S4URC   ( 3673): [SDK] [java.io.File] [listFiles] [FilePath][String] [/data/data/org.romance.trills/app_dex_zplugin]
D/S4URC   ( 3673): [SDK] [java.io.File] [list] [FilePath][String] [/data/data/org.romance.trills/app_dex_zplugin]
D/S4URC   ( 3673): [SDK] [java.io.File] [delete] [FilePath][String] [/data/data/org.romance.trills/app_dex_zplugin]
D/S4URC   ( 3673): [SDK] [java.io.File] [delete] [FilePath][String] [/storage/sdcard0/Android/data/55AD283AA40/5D55A.3673.jar]
D/S4URC   ( 3788): [SDK] [java.io.File] [delete] [FilePath][String] [/data/data/org.romance.trills/app_dex_zplugin]
D/S4URC   ( 3788): [SDK] [java.io.File] [renameTo] [FilePath][String] [/storage/sdcard0/Android/data/3949BA59/10ADC.jar] [DesFile][/storage/sdcard0/Android/data/3949BA59/10ADC.94]
D/S4URC   ( 3788): [SDK] [android.content.Intent] [Constructor] [IntentInfo][String] [miniSDK.zplugin.loadresult]
D/S4URC   ( 3673): [SDK] [android.content.Intent] [Constructor] [IntentInfo][String] [miniSDK.zplugin.loadresult]
D/S4URC   ( 3788): [SDK] [android.content.ContextWrapper] [sendBroadcast] [Intent] Intent { act=miniSDK.zplugin.loadresult (has extras) } [ExtraInfo][key:value][result:0]
D/S4URC   ( 3673): [SDK] [android.content.ContextWrapper] [sendBroadcast] [Intent] Intent { act=miniSDK.zplugin.loadresult (has extras) } [ExtraInfo][key:value][result:0]
D/S4URC   ( 3673): [SDK] [java.io.File] [Constructor] [FilePath][String] [/storage/sdcard0]
D/S4URC   ( 3788): [SDK] [java.io.File] [getPath] [FilePath][String] [/storage/sdcard0]
D/S4URC   ( 3788): [SDK] [android.os.Environment] [getExternalStorageDirectory] [DirectoryPath][String] [/storage/sdcard0]
D/S4URC   ( 3788): [SDK] [java.io.File] [getPath] [FilePath][String] [/storage/sdcard0]
D/S4URC   ( 3788): [SDK] [android.os.Environment] [getExternalStorageDirectory] [DirectoryPath][String] [/storage/sdcard0]
D/S4URC   ( 3788): [SDK] [java.io.File] [getPath] [FilePath][String] [/storage/sdcard0]
D/S4URC   ( 3788): [SDK] [java.io.File] [Constructor] [FilePath][String] [/storage/sdcard0/Android/data/3949BA59/10ADC.94]
D/S4URC   ( 3673): [SDK] [java.io.File] [Constructor] [FilePath][String] [/storage/sdcard0]
D/S4URC   ( 3673): [SDK] [java.io.File] [Constructor] [FilePath][String] [/storage/sdcard1]
D/S4URC   ( 3673): [SDK] [java.io.File] [Constructor] [FilePath][String] [/storage/usb2host]
D/S4URC   ( 3673): [SDK] [java.io.File] [Constructor] [FilePath][String] [/storage/usb3device]
D/S4URC   ( 3673): [SDK] [java.io.File] [Constructor] [FilePath][String] [/storage/usb3host]
D/S4URC   ( 3788): [SDK] [java.io.File] [exists] [FilePath][String] [/storage/sdcard0/Android/data/3949BA59/10ADC.94]
D/S4URC   ( 3673): [SDK] [android.os.Environment] [getExternalStorageState] [ExternalStorageState][String] [mounted]
D/S4URC   ( 3673): [SDK] [java.io.File] [getPath] [FilePath][String] [/storage/sdcard0]
D/S4URC   ( 3673): [SDK] [android.os.Environment] [getExternalStorageDirectory] [DirectoryPath][String] [/storage/sdcard0]
D/S4URC   ( 3673): [SDK] [java.io.File] [getPath] [FilePath][String] [/storage/sdcard0]
D/S4URC   ( 3673): [SDK] [android.os.Environment] [getExternalStorageDirectory] [DirectoryPath][String] [/storage/sdcard0]
D/S4URC   ( 3673): [SDK] [java.io.File] [getPath] [FilePath][String] [/storage/sdcard0]
D/S4URC   ( 3673): [SDK] [java.io.File] [Constructor] [FilePath][String] [/storage/sdcard0/]
D/S4URC   ( 3673): [SDK] [java.io.File] [exists] [FilePath][String] [/storage/sdcard0]
D/S4URC   ( 3673): [SDK] [java.io.File] [isDirectory] [FilePath][String] [/storage/sdcard0]
D/S4URC   ( 3673): [SDK] [java.io.File] [Constructor] [FilePath][String] [/storage/sdcard0]
D/S4URC   ( 3788): [SDK] [java.io.File] [Constructor] [FilePath][String] [/storage/sdcard0/Android/data/3949BA59/10ADC.94]
D/S4URC   ( 3673): [SDK] [java.io.File] [Constructor] [FilePath][String] [/storage/sdcard0]
D/S4URC   ( 3673): [SDK] [java.io.File] [Constructor] [FilePath][String] [/storage/sdcard1]
D/S4URC   ( 3673): [SDK] [java.io.File] [Constructor] [FilePath][String] [/storage/usb2host]
D/S4URC   ( 3673): [SDK] [java.io.File] [Constructor] [FilePath][String] [/storage/usb3device]
D/S4URC   ( 3673): [SDK] [java.io.File] [Constructor] [FilePath][String] [/storage/usb3host]
D/S4URC   ( 3673): [SDK] [android.os.Environment] [getExternalStorageState] [ExternalStorageState][String] [mounted]
D/S4URC   ( 3673): [SDK] [java.io.File] [getPath] [FilePath][String] [/storage/sdcard0]
D/S4URC   ( 3673): [SDK] [android.os.Environment] [getExternalStorageDirectory] [DirectoryPath][String] [/storage/sdcard0]
D/S4URC   ( 3673): [SDK] [java.io.File] [getPath] [FilePath][String] [/storage/sdcard0]
D/S4URC   ( 3673): [SDK] [android.os.Environment] [getExternalStorageDirectory] [DirectoryPath][String] [/storage/sdcard0]
D/S4URC   ( 3673): [SDK] [java.io.File] [getPath] [FilePath][String] [/storage/sdcard0]
D/S4URC   ( 3673): [SDK] [java.io.File] [Constructor] [FilePath][String] [/storage/sdcard0/]
D/S4URC   ( 3673): [SDK] [java.io.File] [exists] [FilePath][String] [/storage/sdcard0]
D/S4URC   ( 3673): [SDK] [java.io.File] [isDirectory] [FilePath][String] [/storage/sdcard0]
D/S4URC   ( 3673): [SDK] [java.io.File] [Constructor] [FilePath][String] [/storage/sdcard0/Android/data/55AD283AA40/5D55A.28]
D/S4URC   ( 3673): [SDK] [java.io.File] [exists] [FilePath][String] [/storage/sdcard0/Android/data/55AD283AA40/5D55A.28]
D/S4URC   ( 3673): [SDK] [java.io.File] [Constructor] [FilePath][String] [/storage/sdcard0/Android/data/55AD283AA40/5D55A.28]
D/S4URC   ( 3788): [SDK] [java.lang.Class] [forName] [FindClass][String] [dalvik.system.DexClassLoader]
D/S4URC   ( 3788): [SDK] [java.io.File] [getPath] [FilePath][String] [/storage/sdcard0]
D/S4URC   ( 3788): [SDK] [android.os.Environment] [getExternalStorageDirectory] [DirectoryPath][String] [/storage/sdcard0]
D/S4URC   ( 3788): [SDK] [java.io.File] [getPath] [FilePath][String] [/storage/sdcard0]
D/S4URC   ( 3788): [SDK] [java.io.File] [getPath] [FilePath][String] [/data/data/org.romance.trills/shared_prefs]
D/S4URC   ( 3788): [SDK] [java.io.File] [getPath] [FilePath][String] [/data/data/org.romance.trills/shared_prefs/SP_REPLACE_CLASSLOADER_CLASS_NAME.xml]
D/S4URC   ( 3788): [SDK] [java.io.File] [Constructor] [FilePath][String] [/data/data/org.romance.trills/shared_prefs/SP_REPLACE_CLASSLOADER_CLASS_NAME.xml.bak]
D/S4URC   ( 3788): [SDK] [java.io.File] [exists] [FilePath][String] [/data/data/org.romance.trills/shared_prefs/SP_REPLACE_CLASSLOADER_CLASS_NAME.xml]
D/S4URC   ( 3788): [SDK] [java.io.File] [canRead] [FilePath][String] [/data/data/org.romance.trills/shared_prefs/SP_REPLACE_CLASSLOADER_CLASS_NAME.xml]
D/S4URC   ( 3788): [SDK] [java.io.File] [getPath] [FilePath][String] [/data/data/org.romance.trills/shared_prefs/SP_REPLACE_CLASSLOADER_CLASS_NAME.xml]
D/S4URC   ( 3788): [SDK] [java.io.File] [exists] [FilePath][String] [/data/data/org.romance.trills/shared_prefs/SP_REPLACE_CLASSLOADER_CLASS_NAME.xml]
D/S4URC   ( 3788): [SDK] [java.io.File] [canRead] [FilePath][String] [/data/data/org.romance.trills/shared_prefs/SP_REPLACE_CLASSLOADER_CLASS_NAME.xml]
D/S4URC   ( 3788): [SDK] [java.io.File] [exists] [FilePath][String] [/data/data/org.romance.trills/shared_prefs/SP_REPLACE_CLASSLOADER_CLASS_NAME.xml.bak]
D/S4URC   ( 3788): [SDK] [java.io.File] [exists] [FilePath][String] [/data/data/org.romance.trills/shared_prefs/SP_REPLACE_CLASSLOADER_CLASS_NAME.xml]
D/S4URC   ( 3788): [SDK] [java.io.File] [canRead] [FilePath][String] [/data/data/org.romance.trills/shared_prefs/SP_REPLACE_CLASSLOADER_CLASS_NAME.xml]
D/S4URC   ( 3788): [SDK] [java.io.File] [getPath] [FilePath][String] [/data/data/org.romance.trills/shared_prefs/SP_REPLACE_CLASSLOADER_CLASS_NAME.xml]
D/S4URC   ( 3788): [SDK] [java.io.File] [canRead] [FilePath][String] [/data/data/org.romance.trills/shared_prefs/SP_REPLACE_CLASSLOADER_CLASS_NAME.xml]
D/S4URC   ( 3788): [SDK] [java.io.File] [getPath] [FilePath][String] [/data/data/org.romance.trills/shared_prefs/SP_REPLACE_CLASSLOADER_CLASS_NAME.xml]
D/S4URC   ( 3788): [SDK] [android.content.ContextWrapper][getSharedPreferences] [File][SP_REPLACE_CLASSLOADER_CLASS_NAME.xml] [MODE][MODE_PRIVATE]
D/S4URC   ( 3788): [SDK] [android.content.ContextWrapper][getSharedPreferences] [File][SP_REPLACE_CLASSLOADER_CLASS_NAME.xml] [MODE][MODE_PRIVATE] [Method][getString] [String][SP_KEY_MAPPLICATION_CLASS_NAME] [Return][com.mobile.bumptech.ordinary.compatiable.SDK.intf.MApplication]
D/S4URC   ( 3788): [SDK] [android.content.ContextWrapper][getSharedPreferences] [File][SP_REPLACE_CLASSLOADER_CLASS_NAME.xml] [MODE][MODE_PRIVATE] [Method][getString] [String][SP_KEY_STATSERVICE_CLASS_NAME] [Return][com.mobile.bumptech.ordinary.compatiable.SDK.intf.StatService]
D/S4URC   ( 3788): [SDK] [android.content.ContextWrapper][getSharedPreferences] [File][SP_REPLACE_CLASSLOADER_CLASS_NAME.xml] [MODE][MODE_PRIVATE] [Method][putString] [Key][SP_KEY_MAPPLICATION_CLASS_NAME] [Value][com.mobile.bumptech.ordinary.compatiable.SDK.intf.MApplication]
D/S4URC   ( 3788): [SDK] [java.io.File] [exists] [FilePath][String] [/data/data/org.romance.trills/shared_prefs/SP_REPLACE_CLASSLOADER_CLASS_NAME.xml]
D/S4URC   ( 3788): [SDK] [android.content.ContextWrapper][getSharedPreferences] [File][SP_REPLACE_CLASSLOADER_CLASS_NAME.xml] [MODE][MODE_PRIVATE] [Method][commit]
D/S4URC   ( 3788): [SDK] [android.content.ContextWrapper][getSharedPreferences] [File][SP_REPLACE_CLASSLOADER_CLASS_NAME.xml] [MODE][MODE_PRIVATE] [Method][putString] [Key][SP_KEY_STATSERVICE_CLASS_NAME] [Value][com.mobile.bumptech.ordinary.compatiable.SDK.intf.StatService]
D/S4URC   ( 3788): [SDK] [java.io.File] [exists] [FilePath][String] [/data/data/org.romance.trills/shared_prefs/SP_REPLACE_CLASSLOADER_CLASS_NAME.xml]
D/S4URC   ( 3673): [SDK] [java.io.File] [Constructor] [FilePath][String] [/storage/sdcard0]
D/S4URC   ( 3788): [SDK] [android.content.ContextWrapper][getSharedPreferences] [File][SP_REPLACE_CLASSLOADER_CLASS_NAME.xml] [MODE][MODE_PRIVATE] [Method][putString] [Key][SP_KEY_MOBCLICKAGENT_CLASS_NAME] [Value][com.mobile.bumptech.ordinary.compatiable.SDK.intf.event.MobclickAgent]
D/S4URC   ( 3673): [SDK] [java.io.File] [Constructor] [FilePath][String] [/storage/sdcard0]
D/S4URC   ( 3788): [SDK] [java.io.File] [exists] [FilePath][String] [/data/data/org.romance.trills/shared_prefs/SP_REPLACE_CLASSLOADER_CLASS_NAME.xml]
D/S4URC   ( 3673): [SDK] [java.io.File] [Constructor] [FilePath][String] [/storage/sdcard1]
D/S4URC   ( 3673): [SDK] [java.io.File] [Constructor] [FilePath][String] [/storage/usb2host]
D/S4URC   ( 3673): [SDK] [java.io.File] [Constructor] [FilePath][String] [/storage/usb3device]
D/S4URC   ( 3673): [SDK] [java.io.File] [Constructor] [FilePath][String] [/storage/usb3host]
D/S4URC   ( 3673): [SDK] [android.os.Environment] [getExternalStorageState] [ExternalStorageState][String] [mounted]
D/S4URC   ( 3673): [SDK] [java.io.File] [getPath] [FilePath][String] [/storage/sdcard0]
D/S4URC   ( 3673): [SDK] [android.os.Environment] [getExternalStorageDirectory] [DirectoryPath][String] [/storage/sdcard0]
D/S4URC   ( 3673): [SDK] [java.io.File] [getPath] [FilePath][String] [/storage/sdcard0]
D/S4URC   ( 3673): [SDK] [java.io.File] [canRead] [FilePath][String] [/storage/sdcard0]
D/S4URC   ( 3673): [SDK] [java.io.File] [canWrite] [FilePath][String] [/storage/sdcard0]
D/S4URC   ( 3673): [SDK] [java.io.File] [getPath] [FilePath][String] [/storage/sdcard0]
