D/S4URC   ( 6318): [SDK] [java.lang.Class] [forName] [FindClass][String] [java.net.HttpURLConnection]
D/S4URC   ( 6318): [SDK] [java.lang.Class] [forName] [FindClass][String] [com.android.okhttp.internal.http.HttpURLConnectionImpl]
D/S4URC   ( 6318): [SDK] [java.lang.Class] [forName] [FindClass][String] [java.net.Socket]
D/S4URC   ( 6318): [SDK] [java.lang.Class] [forName] [FindClass][String] [android.telephony.TelephonyManager]
D/S4URC   ( 6318): [SDK] [java.lang.Class] [forName] [FindClass][String] [android.os.Debug]
D/S4URC   ( 6318): [SDK] [java.lang.Class] [forName] [FindClass][String] [android.hardware.SensorManager]
D/S4URC   ( 6318): [SDK] [java.lang.Class] [forName] [FindClass][String] [android.content.res.ResourcesKey]
D/S4URC   ( 6318): [SDK] [java.lang.Class] [forName] [FindClass][String] [android.app.ResourcesManager]
D/S4URC   ( 6318): [SDK] [java.io.File] [Constructor] [FilePath][String] [/data/app/com.lserver.Main-1/base.apk]
D/S4URC   ( 6318): [SDK] [java.io.File] [getPath] [FilePath][String] [/data/data/com.lserver.Main]
D/S4URC   ( 6318): [SDK] [java.io.File] [exists] [FilePath][String] [/data/data/com.lserver.Main/cache]
D/S4URC   ( 6318): [SDK] [java.io.File] [mkdirs] [FilePath][String] [/data/data/com.lserver.Main/cache]
D/S4URC   ( 6318): [SDK] [java.io.File] [getPath] [FilePath][String] [/data/data/com.lserver.Main/cache]
D/S4URC   ( 6318): [SDK] [java.io.File] [Constructor] [FilePath][String] [/storage/sdcard0]
D/S4URC   ( 6318): [SDK] [java.io.File] [Constructor] [FilePath][String] [/storage/sdcard1]
D/S4URC   ( 6318): [SDK] [java.io.File] [Constructor] [FilePath][String] [/storage/usb2host]
D/S4URC   ( 6318): [SDK] [java.io.File] [Constructor] [FilePath][String] [/storage/usb3device]
D/S4URC   ( 6318): [SDK] [java.io.File] [Constructor] [FilePath][String] [/storage/usb3host]
D/S4URC   ( 6318): [SDK] [android.os.Environment] [getExternalStorageState] [ExternalStorageState][String] [mounted]
D/S4URC   ( 6318): [SDK] [java.io.File] [getPath] [FilePath][String] [/storage/sdcard0]
D/S4URC   ( 6318): [SDK] [android.os.Environment] [getExternalStorageDirectory] [DirectoryPath][String] [/storage/sdcard0]
D/S4URC   ( 6318): [SDK] [java.io.File] [getPath] [FilePath][String] [/data/data/com.lserver.Main]
D/S4URC   ( 6318): [SDK] [java.io.File] [getPath] [FilePath][String] [/data/data/com.lserver.Main/shared_prefs]
D/S4URC   ( 6318): [SDK] [java.io.File] [getPath] [FilePath][String] [/data/data/com.lserver.Main/shared_prefs/config.xml]
D/S4URC   ( 6318): [SDK] [java.io.File] [Constructor] [FilePath][String] [/data/data/com.lserver.Main/shared_prefs/config.xml.bak]
D/S4URC   ( 6318): [SDK] [java.io.File] [exists] [FilePath][String] [/data/data/com.lserver.Main/shared_prefs/config.xml]
D/S4URC   ( 6318): [SDK] [java.io.File] [exists] [FilePath][String] [/data/data/com.lserver.Main/shared_prefs/config.xml.bak]
D/S4URC   ( 6318): [SDK] [java.io.File] [exists] [FilePath][String] [/data/data/com.lserver.Main/shared_prefs/config.xml]
D/S4URC   ( 6318): [SDK] [java.io.File] [getPath] [FilePath][String] [/data/data/com.lserver.Main/shared_prefs/config.xml]
D/S4URC   ( 6318): [SDK] [java.io.File] [getPath] [FilePath][String] [/storage/sdcard0]
D/S4URC   ( 6318): [SDK] [android.os.Environment] [getExternalStorageDirectory] [DirectoryPath][String] [/storage/sdcard0]
D/S4URC   ( 6318): [SDK] [java.io.File] [Constructor] [FilePath][String] [/proc/6318/cmdline]
D/S4URC   ( 6318): [SDK] [java.io.File] [getPath] [FilePath][String] [/proc/6318/cmdline]
D/S4URC   ( 6318): [SDK] [java.io.File] [Constructor] [FilePath][String] [/storage/sdcard0/com.lserver.Main/nim]
D/S4URC   ( 6318): [SDK] [java.io.File] [exists] [FilePath][String] [/storage/sdcard0/com.lserver.Main/nim]
D/S4URC   ( 6318): [SDK] [java.io.File] [mkdirs] [FilePath][String] [/storage/sdcard0/com.lserver.Main/nim]
D/S4URC   ( 6318): [SDK] [java.io.File] [getParent] [FilePath][String] [/storage/sdcard0/com.lserver.Main/nim]
D/S4URC   ( 6318): [SDK] [java.io.File] [Constructor] [FilePath][String] [/storage/sdcard0/com.lserver.Main]
D/S4URC   ( 6318): [SDK] [java.io.File] [mkdir] [FilePath][String] [/storage/sdcard0/com.lserver.Main/nim]
D/S4URC   ( 6318): [SDK] [java.io.File] [exists] [FilePath][String] [/storage/sdcard0/com.lserver.Main/nim]
D/S4URC   ( 6318): [SDK] [java.io.File] [isFile] [FilePath][String] [/storage/sdcard0/com.lserver.Main/nim]
D/S4URC   ( 6318): [SDK] [java.io.File] [Constructor] [FilePath][String] [/storage/sdcard0/com.lserver.Main/nim/]
D/S4URC   ( 6318): [SDK] [java.io.File] [exists] [FilePath][String] [/storage/sdcard0/com.lserver.Main/nim]
D/S4URC   ( 6318): [SDK] [java.io.File] [isDirectory] [FilePath][String] [/storage/sdcard0/com.lserver.Main/nim]
D/S4URC   ( 6318): [SDK] [java.io.File] [Constructor] [FilePath][String] [/storage/sdcard0/com.lserver.Main/nim/log/]
D/S4URC   ( 6318): [SDK] [java.io.File] [exists] [FilePath][String] [/storage/sdcard0/com.lserver.Main/nim/log]
D/S4URC   ( 6318): [SDK] [java.io.File] [mkdirs] [FilePath][String] [/storage/sdcard0/com.lserver.Main/nim/log]
D/S4URC   ( 6318): [SDK] [java.io.File] [Constructor] [FilePath][String] [/storage/sdcard0/com.lserver.Main/nim/file/]
D/S4URC   ( 6318): [SDK] [java.io.File] [exists] [FilePath][String] [/storage/sdcard0/com.lserver.Main/nim/file]
D/S4URC   ( 6318): [SDK] [java.io.File] [mkdirs] [FilePath][String] [/storage/sdcard0/com.lserver.Main/nim/file]
D/S4URC   ( 6318): [SDK] [java.io.File] [Constructor] [FilePath][String] [/storage/sdcard0/com.lserver.Main/nim/audio/]
D/S4URC   ( 6318): [SDK] [java.io.File] [exists] [FilePath][String] [/storage/sdcard0/com.lserver.Main/nim/audio]
D/S4URC   ( 6318): [SDK] [java.io.File] [mkdirs] [FilePath][String] [/storage/sdcard0/com.lserver.Main/nim/audio]
D/S4URC   ( 6318): [SDK] [java.io.File] [Constructor] [FilePath][String] [/storage/sdcard0/com.lserver.Main/nim/image/]
D/S4URC   ( 6318): [SDK] [java.io.File] [exists] [FilePath][String] [/storage/sdcard0/com.lserver.Main/nim/image]
D/S4URC   ( 6318): [SDK] [java.io.File] [mkdirs] [FilePath][String] [/storage/sdcard0/com.lserver.Main/nim/image]
D/S4URC   ( 6318): [SDK] [java.io.File] [Constructor] [FilePath][String] [/storage/sdcard0/com.lserver.Main/nim/video/]
D/S4URC   ( 6318): [SDK] [java.io.File] [exists] [FilePath][String] [/storage/sdcard0/com.lserver.Main/nim/video]
D/S4URC   ( 6318): [SDK] [java.io.File] [mkdirs] [FilePath][String] [/storage/sdcard0/com.lserver.Main/nim/video]
D/S4URC   ( 6318): [SDK] [java.io.File] [Constructor] [FilePath][String] [/storage/sdcard0/com.lserver.Main/nim/thumb/]
D/S4URC   ( 6318): [SDK] [java.io.File] [exists] [FilePath][String] [/storage/sdcard0/com.lserver.Main/nim/thumb]
D/S4URC   ( 6318): [SDK] [java.io.File] [mkdirs] [FilePath][String] [/storage/sdcard0/com.lserver.Main/nim/thumb]
D/S4URC   ( 6318): [SDK] [java.io.File] [Constructor] [FilePath][String] [/storage/sdcard0/com.lserver.Main/nim//.nomedia]
D/S4URC   ( 6318): [SDK] [java.io.File] [exists] [FilePath][String] [/storage/sdcard0/com.lserver.Main/nim/.nomedia]
D/S4URC   ( 6318): [SDK] [java.io.File] [createNewFile] [FilePath][String] [/storage/sdcard0/com.lserver.Main/nim/.nomedia]
D/S4URC   ( 6318): [SDK] [java.io.File] [Constructor] [FilePath][String] [/storage/sdcard0/com.lserver.Main/nim/log/]
D/S4URC   ( 6318): [SDK] [java.io.File] [exists] [FilePath][String] [/storage/sdcard0/com.lserver.Main/nim/log]
D/S4URC   ( 6318): [SDK] [android.app.ApplicationPackageManager] [getApplicationInfo] [FindApplicationName][String] [com.lserver.Main]
D/S4URC   ( 6318): [SDK] [java.io.File] [getPath] [FilePath][String] [/data/data/com.lserver.Main]
D/S4URC   ( 6318): [SDK] [java.io.File] [exists] [FilePath][String] [/data/data/com.lserver.Main/cache]
D/S4URC   ( 6318): [SDK] [java.io.File] [Constructor] [FilePath][String] [/storage/sdcard0/com.lserver.Main/nim/log//nim_sdk.log]
D/S4URC   ( 6318): [SDK] [java.io.File] [getPath] [FilePath][String] [/storage/sdcard0/com.lserver.Main/nim/log/nim_sdk.log]
D/S4URC   ( 6318): [SDK] [java.io.File] [Constructor] [FilePath][String] [/storage/sdcard0/com.lserver.Main/nim/log//nim_sdk.log]
D/S4URC   ( 6318): [SDK] [java.io.File] [getPath] [FilePath][String] [/storage/sdcard0/com.lserver.Main/nim/log/nim_sdk.log]
D/S4URC   ( 6318): [SDK] [java.lang.Class] [forName] [FindClass][String] [com.android.org.conscrypt.OpenSSLRandom]
D/S4URC   ( 6318): [SDK] [java.io.File] [Constructor] [FilePath][String] [/storage/sdcard0/com.lserver.Main/nim/log//nim_sdk.log]
D/S4URC   ( 6318): [SDK] [java.io.File] [getPath] [FilePath][String] [/storage/sdcard0/com.lserver.Main/nim/log/nim_sdk.log]
D/S4URC   ( 6318): [SDK] [java.io.File] [Constructor] [FilePath][String] [/storage/sdcard0/com.lserver.Main/nim/log//nim_sdk.log]
D/S4URC   ( 6318): [SDK] [java.io.File] [getPath] [FilePath][String] [/storage/sdcard0/com.lserver.Main/nim/log/nim_sdk.log]
D/S4URC   ( 6318): [SDK] [java.io.File] [Constructor] [FilePath][String] [/storage/sdcard0/com.lserver.Main/nim/log//nim_sdk.log]
D/S4URC   ( 6318): [SDK] [java.io.File] [getPath] [FilePath][String] [/storage/sdcard0/com.lserver.Main/nim/log/nim_sdk.log]
D/S4URC   ( 6318): [SDK] [java.io.File] [Constructor] [FilePath][String] [/storage/sdcard0/com.lserver.Main/nim/log//nim_sdk.log]
D/S4URC   ( 6318): [SDK] [java.io.File] [getPath] [FilePath][String] [/storage/sdcard0/com.lserver.Main/nim/log/nim_sdk.log]
D/S4URC   ( 6318): [SDK] [java.io.File] [Constructor] [FilePath][String] [/storage/sdcard0/com.lserver.Main/nim/log//nim_sdk.log]
D/S4URC   ( 6318): [SDK] [java.io.File] [getPath] [FilePath][String] [/storage/sdcard0/com.lserver.Main/nim/log/nim_sdk.log]
D/S4URC   ( 6318): [SDK] [java.io.File] [Constructor] [FilePath][String] [/storage/sdcard0/com.lserver.Main/nim/log//nim_sdk.log]
D/S4URC   ( 6318): [SDK] [java.io.File] [getPath] [FilePath][String] [/storage/sdcard0/com.lserver.Main/nim/log/nim_sdk.log]
D/S4URC   ( 6318): [SDK] [android.content.ContextWrapper] [startService] [Intent] Intent { cmp=com.lserver.Main/com.netease.nimlib.service.NimService (has extras) } [ExtraInfo][key:value][EXTRA_FROM:1]
D/S4URC   ( 6318): [SDK] [java.io.File] [Constructor] [FilePath][String] [/storage/sdcard0/com.lserver.Main/nim/log//nim_sdk.log]
D/S4URC   ( 6318): [SDK] [java.io.File] [getPath] [FilePath][String] [/storage/sdcard0/com.lserver.Main/nim/log/nim_sdk.log]
D/S4URC   ( 6343): [SDK] [java.lang.Class] [forName] [FindClass][String] [java.net.HttpURLConnection]
D/S4URC   ( 6343): [SDK] [java.lang.Class] [forName] [FindClass][String] [com.android.okhttp.internal.http.HttpURLConnectionImpl]
D/S4URC   ( 6343): [SDK] [java.lang.Class] [forName] [FindClass][String] [java.net.Socket]
D/S4URC   ( 6343): [SDK] [java.lang.Class] [forName] [FindClass][String] [android.telephony.TelephonyManager]
D/S4URC   ( 6343): [SDK] [java.lang.Class] [forName] [FindClass][String] [android.os.Debug]
D/S4URC   ( 6318): [SDK] [android.app.Activity][onCrate] [Class][ComponentInfo{com.lserver.Main/com.lserver.Main.WelcomeActivity}]
D/S4URC   ( 6343): [SDK] [java.lang.Class] [forName] [FindClass][String] [android.hardware.SensorManager]
D/S4URC   ( 6343): [SDK] [java.lang.Class] [forName] [FindClass][String] [android.content.res.ResourcesKey]
D/S4URC   ( 6343): [SDK] [java.lang.Class] [forName] [FindClass][String] [android.app.ResourcesManager]
D/S4URC   ( 6343): [SDK] [java.io.File] [Constructor] [FilePath][String] [/data/app/com.lserver.Main-1/base.apk]
D/S4URC   ( 6343): [SDK] [java.io.File] [getPath] [FilePath][String] [/data/data/com.lserver.Main]
D/S4URC   ( 6343): [SDK] [java.io.File] [exists] [FilePath][String] [/data/data/com.lserver.Main/cache]
D/S4URC   ( 6343): [SDK] [java.io.File] [getPath] [FilePath][String] [/data/data/com.lserver.Main/cache]
D/S4URC   ( 6343): [SDK] [java.io.File] [Constructor] [FilePath][String] [/storage/sdcard0]
D/S4URC   ( 6343): [SDK] [java.io.File] [Constructor] [FilePath][String] [/storage/sdcard1]
D/S4URC   ( 6343): [SDK] [java.io.File] [Constructor] [FilePath][String] [/storage/usb2host]
D/S4URC   ( 6343): [SDK] [java.io.File] [Constructor] [FilePath][String] [/storage/usb3device]
D/S4URC   ( 6343): [SDK] [java.io.File] [Constructor] [FilePath][String] [/storage/usb3host]
D/S4URC   ( 6343): [SDK] [android.os.Environment] [getExternalStorageState] [ExternalStorageState][String] [mounted]
D/S4URC   ( 6343): [SDK] [java.io.File] [getPath] [FilePath][String] [/storage/sdcard0]
D/S4URC   ( 6343): [SDK] [android.os.Environment] [getExternalStorageDirectory] [DirectoryPath][String] [/storage/sdcard0]
D/S4URC   ( 6343): [SDK] [java.io.File] [getPath] [FilePath][String] [/data/data/com.lserver.Main]
D/S4URC   ( 6343): [SDK] [java.io.File] [getPath] [FilePath][String] [/data/data/com.lserver.Main/shared_prefs]
D/S4URC   ( 6343): [SDK] [java.io.File] [getPath] [FilePath][String] [/data/data/com.lserver.Main/shared_prefs/config.xml]
D/S4URC   ( 6343): [SDK] [java.io.File] [Constructor] [FilePath][String] [/data/data/com.lserver.Main/shared_prefs/config.xml.bak]
D/S4URC   ( 6343): [SDK] [java.io.File] [exists] [FilePath][String] [/data/data/com.lserver.Main/shared_prefs/config.xml]
D/S4URC   ( 6343): [SDK] [java.io.File] [exists] [FilePath][String] [/data/data/com.lserver.Main/shared_prefs/config.xml.bak]
D/S4URC   ( 6343): [SDK] [java.io.File] [exists] [FilePath][String] [/data/data/com.lserver.Main/shared_prefs/config.xml]
D/S4URC   ( 6343): [SDK] [java.io.File] [getPath] [FilePath][String] [/data/data/com.lserver.Main/shared_prefs/config.xml]
D/S4URC   ( 6343): [SDK] [java.io.File] [getPath] [FilePath][String] [/storage/sdcard0]
D/S4URC   ( 6343): [SDK] [android.os.Environment] [getExternalStorageDirectory] [DirectoryPath][String] [/storage/sdcard0]
D/S4URC   ( 6343): [SDK] [java.io.File] [Constructor] [FilePath][String] [/proc/6343/cmdline]
D/S4URC   ( 6343): [SDK] [java.io.File] [getPath] [FilePath][String] [/proc/6343/cmdline]
D/S4URC   ( 6343): [SDK] [java.io.File] [Constructor] [FilePath][String] [/storage/sdcard0/com.lserver.Main/nim]
D/S4URC   ( 6343): [SDK] [java.io.File] [exists] [FilePath][String] [/storage/sdcard0/com.lserver.Main/nim]
D/S4URC   ( 6343): [SDK] [java.io.File] [isFile] [FilePath][String] [/storage/sdcard0/com.lserver.Main/nim]
D/S4URC   ( 6343): [SDK] [java.io.File] [Constructor] [FilePath][String] [/storage/sdcard0/com.lserver.Main/nim/]
D/S4URC   ( 6343): [SDK] [java.io.File] [exists] [FilePath][String] [/storage/sdcard0/com.lserver.Main/nim]
D/S4URC   ( 6343): [SDK] [java.io.File] [isDirectory] [FilePath][String] [/storage/sdcard0/com.lserver.Main/nim]
D/S4URC   ( 6343): [SDK] [java.io.File] [Constructor] [FilePath][String] [/storage/sdcard0/com.lserver.Main/nim/log/]
D/S4URC   ( 6343): [SDK] [java.io.File] [exists] [FilePath][String] [/storage/sdcard0/com.lserver.Main/nim/log]
D/S4URC   ( 6343): [SDK] [java.io.File] [Constructor] [FilePath][String] [/storage/sdcard0/com.lserver.Main/nim/file/]
D/S4URC   ( 6343): [SDK] [java.io.File] [exists] [FilePath][String] [/storage/sdcard0/com.lserver.Main/nim/file]
D/S4URC   ( 6343): [SDK] [java.io.File] [Constructor] [FilePath][String] [/storage/sdcard0/com.lserver.Main/nim/audio/]
D/S4URC   ( 6343): [SDK] [java.io.File] [exists] [FilePath][String] [/storage/sdcard0/com.lserver.Main/nim/audio]
D/S4URC   ( 6343): [SDK] [java.io.File] [Constructor] [FilePath][String] [/storage/sdcard0/com.lserver.Main/nim/image/]
D/S4URC   ( 6343): [SDK] [java.io.File] [exists] [FilePath][String] [/storage/sdcard0/com.lserver.Main/nim/image]
D/S4URC   ( 6343): [SDK] [java.io.File] [Constructor] [FilePath][String] [/storage/sdcard0/com.lserver.Main/nim/video/]
D/S4URC   ( 6343): [SDK] [java.io.File] [exists] [FilePath][String] [/storage/sdcard0/com.lserver.Main/nim/video]
D/S4URC   ( 6343): [SDK] [java.io.File] [Constructor] [FilePath][String] [/storage/sdcard0/com.lserver.Main/nim/thumb/]
D/S4URC   ( 6343): [SDK] [java.io.File] [exists] [FilePath][String] [/storage/sdcard0/com.lserver.Main/nim/thumb]
D/S4URC   ( 6343): [SDK] [java.io.File] [Constructor] [FilePath][String] [/storage/sdcard0/com.lserver.Main/nim//.nomedia]
D/S4URC   ( 6343): [SDK] [java.io.File] [exists] [FilePath][String] [/storage/sdcard0/com.lserver.Main/nim/.nomedia]
D/S4URC   ( 6318): [SDK] [android.content.ContextWrapper][getSharedPreferences] [File][config.xml] [MODE][MODE_PRIVATE]
D/S4URC   ( 6343): [SDK] [java.io.File] [Constructor] [FilePath][String] [/storage/sdcard0/com.lserver.Main/nim/log/]
D/S4URC   ( 6343): [SDK] [java.io.File] [exists] [FilePath][String] [/storage/sdcard0/com.lserver.Main/nim/log]
D/S4URC   ( 6343): [SDK] [java.io.File] [Constructor] [FilePath][String] [/storage/sdcard0/com.lserver.Main/nim/log//nim_sdk.log]
D/S4URC   ( 6343): [SDK] [android.app.ApplicationPackageManager] [getApplicationInfo] [FindApplicationName][String] [com.lserver.Main]
D/S4URC   ( 6343): [SDK] [java.io.File] [Constructor] [FilePath][String] [/storage/sdcard0/com.lserver.Main/nim/log//nim_sdk.log]
D/S4URC   ( 6343): [SDK] [java.io.File] [getPath] [FilePath][String] [/storage/sdcard0/com.lserver.Main/nim/log/nim_sdk.log]
D/S4URC   ( 6343): [SDK] [java.io.File] [getPath] [FilePath][String] [/data/data/com.lserver.Main]
D/S4URC   ( 6343): [SDK] [java.io.File] [exists] [FilePath][String] [/data/data/com.lserver.Main/cache]
D/S4URC   ( 6343): [SDK] [java.lang.Class] [forName] [FindClass][String] [com.android.org.conscrypt.OpenSSLRandom]
D/S4URC   ( 6343): [SDK] [java.io.File] [Constructor] [FilePath][String] [/storage/sdcard0/com.lserver.Main/nim/log//nim_sdk.log]
D/S4URC   ( 6343): [SDK] [java.io.File] [getPath] [FilePath][String] [/storage/sdcard0/com.lserver.Main/nim/log/nim_sdk.log]
D/S4URC   ( 6343): [SDK] [java.io.File] [Constructor] [FilePath][String] [/storage/sdcard0/com.lserver.Main/nim/log//nim_sdk.log]
D/S4URC   ( 6343): [SDK] [java.io.File] [getPath] [FilePath][String] [/storage/sdcard0/com.lserver.Main/nim/log/nim_sdk.log]
D/S4URC   ( 6343): [SDK] [java.io.File] [getPath] [FilePath][String] [/data/data/com.lserver.Main/shared_prefs]
D/S4URC   ( 6343): [SDK] [java.io.File] [getPath] [FilePath][String] [/data/data/com.lserver.Main/shared_prefs/NIMSDK_Config_cbcb138a3eaf05e598162c563dbd670f.xml]
D/S4URC   ( 6343): [SDK] [java.io.File] [Constructor] [FilePath][String] [/data/data/com.lserver.Main/shared_prefs/NIMSDK_Config_cbcb138a3eaf05e598162c563dbd670f.xml.bak]
D/S4URC   ( 6343): [SDK] [java.io.File] [exists] [FilePath][String] [/data/data/com.lserver.Main/shared_prefs/NIMSDK_Config_cbcb138a3eaf05e598162c563dbd670f.xml]
D/S4URC   ( 6343): [SDK] [android.content.ContextWrapper][getSharedPreferences] [File][NIMSDK_Config_cbcb138a3eaf05e598162c563dbd670f.xml] [MODE][MODE_PRIVATE]
D/S4URC   ( 6343): [SDK] [java.io.File] [exists] [FilePath][String] [/data/data/com.lserver.Main/shared_prefs/NIMSDK_Config_cbcb138a3eaf05e598162c563dbd670f.xml.bak]
D/S4URC   ( 6343): [SDK] [java.io.File] [exists] [FilePath][String] [/data/data/com.lserver.Main/shared_prefs/NIMSDK_Config_cbcb138a3eaf05e598162c563dbd670f.xml]
D/S4URC   ( 6343): [SDK] [java.io.File] [getPath] [FilePath][String] [/data/data/com.lserver.Main/shared_prefs/NIMSDK_Config_cbcb138a3eaf05e598162c563dbd670f.xml]
D/S4URC   ( 6343): [SDK] [android.content.ContextWrapper][getSharedPreferences] [File][NIMSDK_Config_cbcb138a3eaf05e598162c563dbd670f.xml] [MODE][MODE_PRIVATE] [Method][getString] [String][k_link] [Return][null]
D/S4URC   ( 6343): [SDK] [android.content.ContextWrapper][getSharedPreferences] [File][NIMSDK_Config_cbcb138a3eaf05e598162c563dbd670f.xml] [MODE][MODE_PRIVATE]
D/S4URC   ( 6343): [SDK] [android.content.ContextWrapper][getSharedPreferences] [File][NIMSDK_Config_cbcb138a3eaf05e598162c563dbd670f.xml] [MODE][MODE_PRIVATE] [Method][getString] [String][k_default_link] [Return][null]
D/S4URC   ( 6343): [SDK] [java.io.File] [Constructor] [FilePath][String] [/storage/sdcard0/com.lserver.Main/nim/log//nim_sdk.log]
D/S4URC   ( 6343): [SDK] [java.io.File] [getPath] [FilePath][String] [/storage/sdcard0/com.lserver.Main/nim/log/nim_sdk.log]
D/S4URC   ( 6343): [SDK] [java.lang.Class] [forName] [FindClass][String] [com.android.okhttp.HttpsHandler]
D/S4URC   ( 6343): [SDK] [java.lang.Class] [forName] [FindClass][String] [com.android.org.conscrypt.OpenSSLSocketFactoryImpl]
D/S4URC   ( 6343): [SDK] [java.lang.Class] [forName] [FindClass][String] [com.android.org.conscrypt.KeyManagerFactoryImpl]
D/S4URC   ( 6343): [SDK] [java.lang.Class] [forName] [FindClass][String] [com.android.org.bouncycastle.jcajce.provider.keystore.bc.BcKeyStoreSpi$Std]
D/S4URC   ( 6343): [SDK] [java.lang.Class] [forName] [FindClass][String] [com.android.org.conscrypt.TrustManagerFactoryImpl]
D/S4URC   ( 6343): [SDK] [java.lang.Class] [forName] [FindClass][String] [com.android.org.conscrypt.TrustedCertificateKeyStoreSpi]
D/S4URC   ( 6343): [SDK] [java.lang.Class] [forName] [FindClass][String] [com.android.org.bouncycastle.jce.provider.PKIXCertPathValidatorSpi]
D/S4URC   ( 6343): [SDK] [java.io.File] [Constructor] [FilePath][String] [/data/misc/keychain/pins]
D/S4URC   ( 6343): [SDK] [java.net] [HttpURLConnection] [URL][String] [https://lbs.netease.im/lbs/conf.jsp?tp=1&sv=32&pv=1&k=cbcb138a3eaf05e598162c563dbd670f]
D/S4URC   ( 6343): [SDK] [java.lang.Class] [forName] [FindClass][String] [com.android.org.conscrypt.OpenSSLContextImpl]
D/S4URC   ( 6343): [SDK] [java.io.File] [Constructor] [FilePath][String] [/data/misc/keychain/pins]
D/S4URC   ( 6343): [SDK] [java.io.File] [Constructor] [FilePath][String] [/storage/sdcard0/com.lserver.Main/nim/log//nim_sdk.log]
D/S4URC   ( 6343): [SDK] [java.io.File] [getPath] [FilePath][String] [/storage/sdcard0/com.lserver.Main/nim/log/nim_sdk.log]
D/S4URC   ( 6343): [SDK] [java.io.File] [getPath] [FilePath][String] [/data/app/com.lserver.Main-1/base.apk]
D/S4URC   ( 6343): [SDK] [java.io.File] [Constructor] [FilePath][String] [/data/app/com.lserver.Main-1/base.apk]
D/S4URC   ( 6343): [SDK] [java.io.File] [getPath] [FilePath][String] [/data/app/com.lserver.Main-1/base.apk]
D/S4URC   ( 6318): [SDK] [android.content.ContentResolver] [registerContentObserver] [URL][String] [content://settings/system/enable_stylus_gestures]
D/S4URC   ( 6343): [SDK] [java.io.File] [Constructor] [FilePath][String] [/storage/sdcard0/com.lserver.Main/nim/log//nim_sdk.log]
D/S4URC   ( 6343): [SDK] [java.io.File] [getPath] [FilePath][String] [/storage/sdcard0/com.lserver.Main/nim/log/nim_sdk.log]
D/S4URC   ( 6343): [SDK] [java.io.File] [Constructor] [FilePath][String] [/storage/sdcard0/com.lserver.Main/nim/log//nim_sdk.log]
D/S4URC   ( 6343): [SDK] [java.io.File] [getPath] [FilePath][String] [/storage/sdcard0/com.lserver.Main/nim/log/nim_sdk.log]
D/S4URC   ( 6343): [SDK] [android.content.ContextWrapper][getSharedPreferences] [File][NIMSDK_Config_cbcb138a3eaf05e598162c563dbd670f.xml] [MODE][MODE_PRIVATE] [Method][getString] [String][Run] [Return][null]
D/S4URC   ( 6343): [SDK] [java.io.File] [Constructor] [FilePath][String] [/storage/sdcard0/com.lserver.Main/nim/log//nim_sdk.log]
D/S4URC   ( 6343): [SDK] [java.io.File] [getPath] [FilePath][String] [/storage/sdcard0/com.lserver.Main/nim/log/nim_sdk.log]
D/S4URC   ( 6343): [SDK] [android.content.ContextWrapper] [startService] [Intent] Intent { cmp=com.lserver.Main/com.netease.cosine.core.CosineService (has extras) } [ExtraInfo][key:value][action:true]
D/S4URC   ( 6318): [SDK] [java.io.File] [Constructor] [FilePath][String] [/storage/sdcard0/com.lserver.Main/nim/log//nim_sdk.log]
D/S4URC   ( 6318): [SDK] [java.io.File] [getPath] [FilePath][String] [/storage/sdcard0/com.lserver.Main/nim/log/nim_sdk.log]
D/S4URC   ( 6343): [SDK] [java.io.File] [Constructor] [FilePath][String] [/storage/sdcard0/com.lserver.Main/nim/log//nim_sdk.log]
D/S4URC   ( 6343): [SDK] [java.io.File] [getPath] [FilePath][String] [/storage/sdcard0/com.lserver.Main/nim/log/nim_sdk.log]
D/S4URC   ( 6343): [SDK] [java.io.File] [Constructor] [FilePath][String] [/storage/sdcard0/com.lserver.Main/nim/log//nim_sdk.log]
D/S4URC   ( 6343): [SDK] [java.io.File] [getPath] [FilePath][String] [/storage/sdcard0/com.lserver.Main/nim/log/nim_sdk.log]
D/S4URC   ( 6343): [SDK] [android.content.ContextWrapper] [startService] [Intent] Intent { cmp=com.lserver.Main/com.netease.cosine.core.CosineService (has extras) } [ExtraInfo][key:value][action:true]
D/S4URC   ( 6343): [SDK] [java.io.File] [Constructor] [FilePath][String] [/storage/sdcard0/com.lserver.Main/nim/log//nim_sdk.log]
D/S4URC   ( 6343): [SDK] [java.io.File] [getPath] [FilePath][String] [/storage/sdcard0/com.lserver.Main/nim/log/nim_sdk.log]
D/S4URC   ( 6343): [SDK] [java.io.File] [Constructor] [FilePath][String] [/storage/sdcard0/com.lserver.Main/nim/log//nim_sdk.log]
D/S4URC   ( 6343): [SDK] [java.io.File] [getPath] [FilePath][String] [/storage/sdcard0/com.lserver.Main/nim/log/nim_sdk.log]
D/S4URC   ( 6343): [SDK] [java.lang.Class] [forName] [FindClass][String] [com.android.org.conscrypt.OpenSSLMessageDigestJDK$SHA1]
D/S4URC   ( 6318): [SDK] [java.lang.Class] [forName] [FindClass][String] [com.netease.nimlib.h.a.d]
D/S4URC   ( 6318): [SDK] [java.lang.Class] [forName] [FindClass][String] [com.android.org.conscrypt.OpenSSLMessageDigestJDK$SHA1]
D/S4URC   ( 6318): [SDK] [java.lang.Class] [forName] [FindClass][String] [com.netease.nimlib.sdk.StatusCode]
D/S4URC   ( 6318): [SDK] [java.lang.Class] [forName] [FindClass][String] [com.netease.nimlib.sdk.auth.LoginInfo]
D/S4URC   ( 6318): [SDK] [java.lang.Class] [forName] [FindClass][String] [com.netease.nimlib.sdk.StatusCode]
D/S4URC   ( 6318): [SDK] [java.lang.Class] [forName] [FindClass][String] [java.lang.Enum]
D/S4URC   ( 6318): [SDK] [java.io.File] [Constructor] [FilePath][String] [/storage/sdcard0/com.lserver.Main/nim/log//nim_sdk.log]
D/S4URC   ( 6318): [SDK] [java.io.File] [getPath] [FilePath][String] [/storage/sdcard0/com.lserver.Main/nim/log/nim_sdk.log]
D/S4URC   ( 6318): [SDK] [java.io.File] [Constructor] [FilePath][String] [/storage/sdcard0/com.lserver.Main/nim/log//nim_sdk.log]
D/S4URC   ( 6318): [SDK] [java.io.File] [getPath] [FilePath][String] [/storage/sdcard0/com.lserver.Main/nim/log/nim_sdk.log]
D/S4URC   ( 6318): [SDK] [java.io.File] [Constructor] [FilePath][String] [/storage/sdcard0/com.lserver.Main/nim/log//nim_sdk.log]
D/S4URC   ( 6318): [SDK] [java.io.File] [getPath] [FilePath][String] [/storage/sdcard0/com.lserver.Main/nim/log/nim_sdk.log]
D/S4URC   ( 6318): [SDK] [java.io.File] [Constructor] [FilePath][String] [/storage/sdcard0/com.lserver.Main/nim/log//nim_sdk.log]
D/S4URC   ( 6318): [SDK] [java.io.File] [getPath] [FilePath][String] [/storage/sdcard0/com.lserver.Main/nim/log/nim_sdk.log]
D/S4URC   ( 6388): [SDK] [java.lang.Class] [forName] [FindClass][String] [java.net.HttpURLConnection]
D/S4URC   ( 6388): [SDK] [java.lang.Class] [forName] [FindClass][String] [com.android.okhttp.internal.http.HttpURLConnectionImpl]
D/S4URC   ( 6388): [SDK] [java.lang.Class] [forName] [FindClass][String] [java.net.Socket]
D/S4URC   ( 6388): [SDK] [java.lang.Class] [forName] [FindClass][String] [android.telephony.TelephonyManager]
D/S4URC   ( 6388): [SDK] [java.lang.Class] [forName] [FindClass][String] [android.os.Debug]
D/S4URC   ( 6388): [SDK] [java.lang.Class] [forName] [FindClass][String] [android.hardware.SensorManager]
D/S4URC   ( 6388): [SDK] [java.lang.Class] [forName] [FindClass][String] [android.content.res.ResourcesKey]
D/S4URC   ( 6388): [SDK] [java.lang.Class] [forName] [FindClass][String] [android.app.ResourcesManager]
D/S4URC   ( 6388): [SDK] [java.io.File] [Constructor] [FilePath][String] [/data/app/com.lserver.Main-1/base.apk]
D/S4URC   ( 6388): [SDK] [java.io.File] [getPath] [FilePath][String] [/data/data/com.lserver.Main]
D/S4URC   ( 6388): [SDK] [java.io.File] [exists] [FilePath][String] [/data/data/com.lserver.Main/cache]
D/S4URC   ( 6388): [SDK] [java.io.File] [getPath] [FilePath][String] [/data/data/com.lserver.Main/cache]
D/S4URC   ( 6388): [SDK] [java.io.File] [Constructor] [FilePath][String] [/storage/sdcard0]
D/S4URC   ( 6388): [SDK] [java.io.File] [Constructor] [FilePath][String] [/storage/sdcard1]
D/S4URC   ( 6388): [SDK] [java.io.File] [Constructor] [FilePath][String] [/storage/usb2host]
D/S4URC   ( 6388): [SDK] [java.io.File] [Constructor] [FilePath][String] [/storage/usb3device]
D/S4URC   ( 6388): [SDK] [java.io.File] [Constructor] [FilePath][String] [/storage/usb3host]
D/S4URC   ( 6388): [SDK] [android.os.Environment] [getExternalStorageState] [ExternalStorageState][String] [mounted]
D/S4URC   ( 6388): [SDK] [java.io.File] [getPath] [FilePath][String] [/storage/sdcard0]
D/S4URC   ( 6388): [SDK] [android.os.Environment] [getExternalStorageDirectory] [DirectoryPath][String] [/storage/sdcard0]
D/S4URC   ( 6388): [SDK] [java.io.File] [getPath] [FilePath][String] [/data/data/com.lserver.Main]
D/S4URC   ( 6388): [SDK] [java.io.File] [getPath] [FilePath][String] [/data/data/com.lserver.Main/shared_prefs]
D/S4URC   ( 6388): [SDK] [java.io.File] [getPath] [FilePath][String] [/data/data/com.lserver.Main/shared_prefs/config.xml]
D/S4URC   ( 6388): [SDK] [java.io.File] [Constructor] [FilePath][String] [/data/data/com.lserver.Main/shared_prefs/config.xml.bak]
D/S4URC   ( 6388): [SDK] [java.io.File] [exists] [FilePath][String] [/data/data/com.lserver.Main/shared_prefs/config.xml]
D/S4URC   ( 6388): [SDK] [java.io.File] [exists] [FilePath][String] [/data/data/com.lserver.Main/shared_prefs/config.xml.bak]
D/S4URC   ( 6388): [SDK] [java.io.File] [exists] [FilePath][String] [/data/data/com.lserver.Main/shared_prefs/config.xml]
D/S4URC   ( 6388): [SDK] [java.io.File] [getPath] [FilePath][String] [/data/data/com.lserver.Main/shared_prefs/config.xml]
D/S4URC   ( 6388): [SDK] [java.io.File] [getPath] [FilePath][String] [/storage/sdcard0]
D/S4URC   ( 6388): [SDK] [android.os.Environment] [getExternalStorageDirectory] [DirectoryPath][String] [/storage/sdcard0]
D/S4URC   ( 6388): [SDK] [java.io.File] [Constructor] [FilePath][String] [/proc/6388/cmdline]
D/S4URC   ( 6388): [SDK] [java.io.File] [getPath] [FilePath][String] [/proc/6388/cmdline]
D/S4URC   ( 6343): [SDK] [java.lang.Class] [forName] [FindClass][String] [com.android.org.conscrypt.OpenSSLMessageDigestJDK$MD5]
D/S4URC   ( 6343): [SDK] [java.io.File] [getPath] [FilePath][String] [/data/misc/user/0/cacerts-added]
D/S4URC   ( 6343): [SDK] [java.io.File] [isFile] [FilePath][String] [/data/misc/user/0/cacerts-added/2ef3065c.0]
D/S4URC   ( 6343): [SDK] [java.io.File] [getPath] [FilePath][String] [/system/etc/security/cacerts]
D/S4URC   ( 6343): [SDK] [java.io.File] [isFile] [FilePath][String] [/system/etc/security/cacerts/2ef3065c.0]
D/S4URC   ( 6343): [SDK] [java.io.File] [getPath] [FilePath][String] [/data/misc/user/0/cacerts-added]
D/S4URC   ( 6343): [SDK] [java.io.File] [isFile] [FilePath][String] [/data/misc/user/0/cacerts-added/e422605a.0]
D/S4URC   ( 6343): [SDK] [java.io.File] [getPath] [FilePath][String] [/system/etc/security/cacerts]
D/S4URC   ( 6343): [SDK] [java.io.File] [isFile] [FilePath][String] [/system/etc/security/cacerts/e422605a.0]
D/S4URC   ( 6343): [SDK] [java.io.File] [getPath] [FilePath][String] [/data/misc/user/0/cacerts-added]
D/S4URC   ( 6343): [SDK] [java.io.File] [isFile] [FilePath][String] [/data/misc/user/0/cacerts-added/399e7759.0]
D/S4URC   ( 6343): [SDK] [java.io.File] [getPath] [FilePath][String] [/system/etc/security/cacerts]
D/S4URC   ( 6343): [SDK] [java.io.File] [isFile] [FilePath][String] [/system/etc/security/cacerts/399e7759.0]
D/S4URC   ( 6343): [SDK] [java.io.File] [getPath] [FilePath][String] [/system/etc/security/cacerts/399e7759.0]
D/S4URC   ( 6343): [SDK] [java.io.File] [getPath] [FilePath][String] [/data/misc/user/0/cacerts-removed]
D/S4URC   ( 6343): [SDK] [java.io.File] [isFile] [FilePath][String] [/data/misc/user/0/cacerts-removed/399e7759.0]
D/S4URC   ( 6343): [SDK] [java.io.File] [exists] [FilePath][String] [/data/misc/user/0/cacerts-removed/399e7759.0]
D/S4URC   ( 6343): [SDK] [java.io.File] [Constructor] [FilePath][String] [/data/misc/keychain/pubkey_blacklist.txt]
D/S4URC   ( 6343): [SDK] [java.io.File] [getPath] [FilePath][String] [/data/misc/keychain/pubkey_blacklist.txt]
D/S4URC   ( 6343): [SDK] [java.io.File] [Constructor] [FilePath][String] [/data/misc/keychain/serial_blacklist.txt]
D/S4URC   ( 6343): [SDK] [java.io.File] [getPath] [FilePath][String] [/data/misc/keychain/serial_blacklist.txt]
D/S4URC   ( 6318): [SDK] [android.content.ContextWrapper][getSharedPreferences] [File][config.xml] [MODE][MODE_PRIVATE] [Method][getBoolean] [Boolean][loginFlag] [Return][false]
D/S4URC   ( 6318): [SDK] [android.app.Activity][onCrate] [Class][ComponentInfo{com.lserver.Main/com.lserver.Main.MainActivity}]
D/S4URC   ( 6318): [SDK] [android.content.ContentResolver] [registerContentObserver] [URL][String] [content://settings/system/enable_stylus_gestures]
D/S4URC   ( 6343): [SDK] [android.content.ContextWrapper][getSharedPreferences] [File][NIMSDK_Config_cbcb138a3eaf05e598162c563dbd670f.xml] [MODE][MODE_PRIVATE]
D/S4URC   ( 6343): [SDK] [android.content.ContextWrapper][getSharedPreferences] [File][NIMSDK_Config_cbcb138a3eaf05e598162c563dbd670f.xml] [MODE][MODE_PRIVATE] [Method][putString] [Key][k_link] [Value][["103.65.40.85:8000","103.65.40.85:8000","103.65.40.87:8000","103.65.40.85:8000","103.65.40.87:8000","103.65.40.87:8000"]]
D/S4URC   ( 6343): [SDK] [java.io.File] [exists] [FilePath][String] [/data/data/com.lserver.Main/shared_prefs/NIMSDK_Config_cbcb138a3eaf05e598162c563dbd670f.xml]
D/S4URC   ( 6343): [SDK] [java.io.File] [getPath] [FilePath][String] [/data/data/com.lserver.Main/shared_prefs/NIMSDK_Config_cbcb138a3eaf05e598162c563dbd670f.xml]
D/S4URC   ( 6343): [SDK] [java.io.File] [getParent] [FilePath][String] [/data/data/com.lserver.Main/shared_prefs/NIMSDK_Config_cbcb138a3eaf05e598162c563dbd670f.xml]
D/S4URC   ( 6343): [SDK] [java.io.File] [Constructor] [FilePath][String] [/data/data/com.lserver.Main/shared_prefs]
D/S4URC   ( 6343): [SDK] [java.io.File] [mkdir] [FilePath][String] [/data/data/com.lserver.Main/shared_prefs]
D/S4URC   ( 6343): [SDK] [java.io.File] [getPath] [FilePath][String] [/data/data/com.lserver.Main/shared_prefs]
D/S4URC   ( 6343): [SDK] [java.io.File] [getPath] [FilePath][String] [/data/data/com.lserver.Main/shared_prefs/NIMSDK_Config_cbcb138a3eaf05e598162c563dbd670f.xml]
D/S4URC   ( 6343): [SDK] [java.io.File] [delete] [FilePath][String] [/data/data/com.lserver.Main/shared_prefs/NIMSDK_Config_cbcb138a3eaf05e598162c563dbd670f.xml.bak]
D/S4URC   ( 6343): [SDK] [android.content.ContextWrapper][getSharedPreferences] [File][NIMSDK_Config_cbcb138a3eaf05e598162c563dbd670f.xml] [MODE][MODE_PRIVATE] [Method][commit]
D/S4URC   ( 6343): [SDK] [android.content.ContextWrapper][getSharedPreferences] [File][NIMSDK_Config_cbcb138a3eaf05e598162c563dbd670f.xml] [MODE][MODE_PRIVATE]
D/S4URC   ( 6343): [SDK] [android.content.ContextWrapper][getSharedPreferences] [File][NIMSDK_Config_cbcb138a3eaf05e598162c563dbd670f.xml] [MODE][MODE_PRIVATE] [Method][putString] [Key][k_default_link] [Value][["link.netease.im:8080"]]
D/S4URC   ( 6343): [SDK] [java.io.File] [exists] [FilePath][String] [/data/data/com.lserver.Main/shared_prefs/NIMSDK_Config_cbcb138a3eaf05e598162c563dbd670f.xml]
D/S4URC   ( 6343): [SDK] [java.io.File] [exists] [FilePath][String] [/data/data/com.lserver.Main/shared_prefs/NIMSDK_Config_cbcb138a3eaf05e598162c563dbd670f.xml.bak]
D/S4URC   ( 6343): [SDK] [java.io.File] [renameTo] [FilePath][String] [/data/data/com.lserver.Main/shared_prefs/NIMSDK_Config_cbcb138a3eaf05e598162c563dbd670f.xml] [DesFile][/data/data/com.lserver.Main/shared_prefs/NIMSDK_Config_cbcb138a3eaf05e598162c563dbd670f.xml.bak]
D/S4URC   ( 6343): [SDK] [java.io.File] [getPath] [FilePath][String] [/data/data/com.lserver.Main/shared_prefs/NIMSDK_Config_cbcb138a3eaf05e598162c563dbd670f.xml]
D/S4URC   ( 6343): [SDK] [java.io.File] [delete] [FilePath][String] [/data/data/com.lserver.Main/shared_prefs/NIMSDK_Config_cbcb138a3eaf05e598162c563dbd670f.xml.bak]
D/S4URC   ( 6343): [SDK] [android.content.ContextWrapper][getSharedPreferences] [File][NIMSDK_Config_cbcb138a3eaf05e598162c563dbd670f.xml] [MODE][MODE_PRIVATE] [Method][commit]
D/S4URC   ( 6343): [SDK] [android.content.ContextWrapper][getSharedPreferences] [File][NIMSDK_Config_cbcb138a3eaf05e598162c563dbd670f.xml] [MODE][MODE_PRIVATE]
D/S4URC   ( 6343): [SDK] [android.content.ContextWrapper][getSharedPreferences] [File][NIMSDK_Config_cbcb138a3eaf05e598162c563dbd670f.xml] [MODE][MODE_PRIVATE] [Method][getString] [String][k_default_link] [Return][["link.netease.im:8080"]]
D/S4URC   ( 6343): [SDK] [java.io.File] [Constructor] [FilePath][String] [/storage/sdcard0/com.lserver.Main/nim/log//nim_sdk.log]
D/S4URC   ( 6343): [SDK] [java.io.File] [getPath] [FilePath][String] [/storage/sdcard0/com.lserver.Main/nim/log/nim_sdk.log]
D/S4URC   ( 6318): [SDK] [java.io.File] [Constructor] [FilePath][String] [/storage/sdcard0/LServer/]
D/S4URC   ( 6318): [SDK] [java.io.File] [exists] [FilePath][String] [/storage/sdcard0/LServer]
D/S4URC   ( 6318): [NDK] [SYSCALL] [access] [PATH][string] [/storage/sdcard0/LServer]
D/S4URC   ( 6318): [SDK] [java.io.File] [mkdir] [FilePath][String] [/storage/sdcard0/LServer]
D/S4URC   ( 6318): [NDK] [SYSCALL] [mkdir] [PATH][string] [/storage/sdcard0/LServer] [MODE][int] [0700]
D/S4URC   ( 6318): [SDK] [java.io.File] [Constructor] [FilePath][String] [/storage/sdcard0/com.lserver.Main/nim/log//nim_sdk.log]
D/S4URC   ( 6318): [SDK] [java.io.File] [getPath] [FilePath][String] [/storage/sdcard0/com.lserver.Main/nim/log/nim_sdk.log]
D/S4URC   ( 6318): [NDK] [SYSCALL] [open] [PATH][string] [/storage/sdcard0/com.lserver.Main/nim/log/nim_sdk.log] [RETURN][int] [32]
D/S4URC   ( 6318): [SDK] [java.io.File] [Constructor] [FilePath][String] [/storage/sdcard0/com.lserver.Main/nim/log//nim_sdk.log]
D/S4URC   ( 6318): [SDK] [java.io.File] [getPath] [FilePath][String] [/storage/sdcard0/com.lserver.Main/nim/log/nim_sdk.log]
D/S4URC   ( 6318): [NDK] [SYSCALL] [open] [PATH][string] [/storage/sdcard0/com.lserver.Main/nim/log/nim_sdk.log] [RETURN][int] [32]
D/S4URC   ( 6318): [SDK] [android.content.ContextWrapper] [registerReceiver][IntentFilter][com.lserver.Main.BootService,
D/S4URC   ( 6318): [SDK] [android.content.Intent] [Constructor] [IntentInfo][String] [com.lserver.Main.BootService]
D/S4URC   ( 6318): [SDK] [java.lang.Class] [forName] [FindClass][String] [android.content.pm.ApplicationInfo]
D/S4URC   ( 6318): [SDK] [java.io.File] [Constructor] [FilePath][String] [/storage/sdcard0/com.lserver.Main/nim/log//nim_sdk.log]
D/S4URC   ( 6318): [SDK] [java.io.File] [getPath] [FilePath][String] [/storage/sdcard0/com.lserver.Main/nim/log/nim_sdk.log]
D/S4URC   ( 6343): [SDK] [java.lang.Class] [forName] [FindClass][String] [com.netease.nimlib.sdk.auth.LoginInfo]
D/S4URC   ( 6318): [NDK] [SYSCALL] [open] [PATH][string] [/storage/sdcard0/com.lserver.Main/nim/log/nim_sdk.log] [RETURN][int] [38]
D/S4URC   ( 6343): [SDK] [java.io.File] [Constructor] [FilePath][String] [/storage/sdcard0/com.lserver.Main/nim/log//nim_sdk.log]
D/S4URC   ( 6343): [SDK] [java.io.File] [getPath] [FilePath][String] [/storage/sdcard0/com.lserver.Main/nim/log/nim_sdk.log]
D/S4URC   ( 6318): [SDK] [java.io.File] [Constructor] [FilePath][String] [/storage/sdcard0/com.lserver.Main/nim/log//nim_sdk.log]
D/S4URC   ( 6318): [SDK] [java.io.File] [getPath] [FilePath][String] [/storage/sdcard0/com.lserver.Main/nim/log/nim_sdk.log]
D/S4URC   ( 6318): [NDK] [SYSCALL] [open] [PATH][string] [/storage/sdcard0/com.lserver.Main/nim/log/nim_sdk.log] [RETURN][int] [38]
D/S4URC   ( 6318): [SDK] [java.lang.Class] [forName] [FindClass][String] [com.netease.nimlib.h.a.d]
D/S4URC   ( 6318): [SDK] [java.lang.Class] [forName] [FindClass][String] [com.netease.nimlib.sdk.StatusCode]
D/S4URC   ( 6318): [SDK] [java.lang.Class] [forName] [FindClass][String] [com.netease.nimlib.sdk.auth.LoginInfo]
D/S4URC   ( 6343): [SDK] [java.io.File] [Constructor] [FilePath][String] [/storage/sdcard0/com.lserver.Main/nim/log//nim_sdk.log]
D/S4URC   ( 6318): [SDK] [java.lang.Class] [forName] [FindClass][String] [com.netease.nimlib.sdk.StatusCode]
D/S4URC   ( 6343): [SDK] [java.io.File] [getPath] [FilePath][String] [/storage/sdcard0/com.lserver.Main/nim/log/nim_sdk.log]
D/S4URC   ( 6318): [SDK] [java.lang.Class] [forName] [FindClass][String] [java.lang.Enum]
D/S4URC   ( 6318): [SDK] [java.lang.Class] [forName] [FindClass][String] [com.netease.nimlib.sdk.auth.LoginInfo]
D/S4URC   ( 6318): [SDK] [java.lang.Class] [forName] [FindClass][String] [java.lang.String]
D/S4URC   ( 6318): [SDK] [java.io.File] [Constructor] [FilePath][String] [/storage/sdcard0/com.lserver.Main/nim/log//nim_sdk.log]
D/S4URC   ( 6318): [SDK] [java.io.File] [getPath] [FilePath][String] [/storage/sdcard0/com.lserver.Main/nim/log/nim_sdk.log]
D/S4URC   ( 6318): [NDK] [SYSCALL] [open] [PATH][string] [/storage/sdcard0/com.lserver.Main/nim/log/nim_sdk.log] [RETURN][int] [38]
D/S4URC   ( 6318): [SDK] [java.io.File] [Constructor] [FilePath][String] [/storage/sdcard0/com.lserver.Main/nim/log//nim_sdk.log]
D/S4URC   ( 6318): [SDK] [java.io.File] [getPath] [FilePath][String] [/storage/sdcard0/com.lserver.Main/nim/log/nim_sdk.log]
D/S4URC   ( 6318): [NDK] [SYSCALL] [open] [PATH][string] [/storage/sdcard0/com.lserver.Main/nim/log/nim_sdk.log] [RETURN][int] [38]
D/S4URC   ( 6343): [SDK] [android.content.ContextWrapper] [registerReceiver][IntentFilter][android.net.conn.CONNECTIVITY_CHANGE,
D/S4URC   ( 6343): [SDK] [java.io.File] [Constructor] [FilePath][String] [/storage/sdcard0/com.lserver.Main/nim/log//nim_sdk.log]
D/S4URC   ( 6343): [SDK] [java.io.File] [getPath] [FilePath][String] [/storage/sdcard0/com.lserver.Main/nim/log/nim_sdk.log]
D/S4URC   ( 6343): [SDK] [java.io.File] [Constructor] [FilePath][String] [/data/data/com.lserver.Main/cache/cbcb138a3eaf05e598162c563dbd670f/bbgsvirgin]
D/S4URC   ( 6343): [SDK] [java.io.File] [exists] [FilePath][String] [/data/data/com.lserver.Main/cache/cbcb138a3eaf05e598162c563dbd670f/bbgsvirgin]
D/S4URC   ( 6343): [SDK] [java.lang.Class] [forName] [FindClass][String] [com.android.org.conscrypt.OpenSSLRSAKeyFactory]
D/S4URC   ( 6388): [SDK] [android.app.ApplicationPackageManager] [getPackageInfo] [FindPackageName][String] [com.lserver.Main]
D/S4URC   ( 6388): [SDK] [java.lang.Class] [forName] [FindClass][String] [android.content.pm.PackageInfo]
D/S4URC   ( 6388): [SDK] [android.app.ApplicationPackageManager] [getInstalledPackages]
D/S4URC   ( 6388): [SDK] [java.lang.Runtime] [loadLibrary] [SoPath][String] [cosine]
D/S4URC   ( 6388): [SDK] [java.io.File] [getPath] [FilePath][String] [/data/app/com.lserver.Main-1/lib/arm]
D/S4URC   ( 6388): [SDK] [java.io.File] [getPath] [FilePath][String] [/data/app/com.lserver.Main-1/lib/arm/libcosine.so]
D/S4URC   ( 6492): [SDK] [java.lang.Class] [forName] [FindClass][String] [com.android.internal.os.BinderInternal]
D/S4URC   ( 6492): [SDK] [java.lang.Class] [forName] [FindClass][String] [android.os.ServiceManagerNative]
D/S4URC   ( 6492): [SDK] [java.lang.Class] [forName] [FindClass][String] [android.app.ActivityManagerNative]
D/S4URC   ( 6343): [SDK] [java.io.File] [Constructor] [FilePath][String] [/storage/sdcard0/com.lserver.Main/nim/log//nim_sdk.log]
D/S4URC   ( 6343): [SDK] [java.io.File] [getPath] [FilePath][String] [/storage/sdcard0/com.lserver.Main/nim/log/nim_sdk.log]
D/S4URC   ( 6318): [SDK] [java.lang.Class] [forName] [FindClass][String] [com.netease.nimlib.h.a.d]
D/S4URC   ( 6318): [SDK] [java.lang.Class] [forName] [FindClass][String] [com.netease.nimlib.sdk.StatusCode]
D/S4URC   ( 6318): [SDK] [java.lang.Class] [forName] [FindClass][String] [com.netease.nimlib.sdk.auth.LoginInfo]
D/S4URC   ( 6318): [SDK] [java.lang.Class] [forName] [FindClass][String] [com.netease.nimlib.sdk.StatusCode]
D/S4URC   ( 6318): [SDK] [java.lang.Class] [forName] [FindClass][String] [java.lang.Enum]
D/S4URC   ( 6343): [SDK] [java.io.File] [Constructor] [FilePath][String] [/storage/sdcard0/com.lserver.Main/nim/log//nim_sdk.log]
D/S4URC   ( 6343): [SDK] [java.io.File] [getPath] [FilePath][String] [/storage/sdcard0/com.lserver.Main/nim/log/nim_sdk.log]
D/S4URC   ( 6318): [SDK] [java.lang.Class] [forName] [FindClass][String] [com.netease.nimlib.sdk.auth.LoginInfo]
D/S4URC   ( 6318): [SDK] [java.lang.Class] [forName] [FindClass][String] [java.lang.String]
D/S4URC   ( 6343): [SDK] [android.content.ContextWrapper][getSharedPreferences] [File][NIMSDK_Config_cbcb138a3eaf05e598162c563dbd670f.xml] [MODE][MODE_PRIVATE]
D/S4URC   ( 6318): [SDK] [java.io.File] [Constructor] [FilePath][String] [/storage/sdcard0/com.lserver.Main/nim/log//nim_sdk.log]
D/S4URC   ( 6318): [SDK] [java.io.File] [getPath] [FilePath][String] [/storage/sdcard0/com.lserver.Main/nim/log/nim_sdk.log]
D/S4URC   ( 6343): [SDK] [android.content.ContextWrapper][getSharedPreferences] [File][NIMSDK_Config_cbcb138a3eaf05e598162c563dbd670f.xml] [MODE][MODE_PRIVATE] [Method][getString] [String][k_s_did] [Return][null]
D/S4URC   ( 6343): [SDK] [android.content.ContextWrapper][getSharedPreferences] [File][NIMSDK_Config_cbcb138a3eaf05e598162c563dbd670f.xml] [MODE][MODE_PRIVATE]
D/S4URC   ( 6318): [NDK] [SYSCALL] [open] [PATH][string] [/storage/sdcard0/com.lserver.Main/nim/log/nim_sdk.log] [RETURN][int] [38]
D/S4URC   ( 6343): [SDK] [android.content.ContextWrapper][getSharedPreferences] [File][NIMSDK_Config_cbcb138a3eaf05e598162c563dbd670f.xml] [MODE][MODE_PRIVATE] [Method][putString] [Key][k_s_did] [Value][15dfb1ae-aca2-4051-a035-25caed6ab2d9]
D/S4URC   ( 6343): [SDK] [java.io.File] [exists] [FilePath][String] [/data/data/com.lserver.Main/shared_prefs/NIMSDK_Config_cbcb138a3eaf05e598162c563dbd670f.xml]
D/S4URC   ( 6343): [SDK] [java.io.File] [exists] [FilePath][String] [/data/data/com.lserver.Main/shared_prefs/NIMSDK_Config_cbcb138a3eaf05e598162c563dbd670f.xml.bak]
D/S4URC   ( 6343): [SDK] [java.io.File] [renameTo] [FilePath][String] [/data/data/com.lserver.Main/shared_prefs/NIMSDK_Config_cbcb138a3eaf05e598162c563dbd670f.xml] [DesFile][/data/data/com.lserver.Main/shared_prefs/NIMSDK_Config_cbcb138a3eaf05e598162c563dbd670f.xml.bak]
D/S4URC   ( 6343): [SDK] [java.io.File] [getPath] [FilePath][String] [/data/data/com.lserver.Main/shared_prefs/NIMSDK_Config_cbcb138a3eaf05e598162c563dbd670f.xml]
D/S4URC   ( 6318): [SDK] [java.io.File] [Constructor] [FilePath][String] [/storage/sdcard0/com.lserver.Main/nim/log//nim_sdk.log]
D/S4URC   ( 6318): [SDK] [java.io.File] [getPath] [FilePath][String] [/storage/sdcard0/com.lserver.Main/nim/log/nim_sdk.log]
D/S4URC   ( 6318): [NDK] [SYSCALL] [open] [PATH][string] [/storage/sdcard0/com.lserver.Main/nim/log/nim_sdk.log] [RETURN][int] [38]
D/S4URC   ( 6343): [SDK] [java.io.File] [getPath] [FilePath][String] [/data/data/com.lserver.Main/shared_prefs/NIMSDK_Config_cbcb138a3eaf05e598162c563dbd670f.xml]
D/S4URC   ( 6343): [SDK] [java.io.File] [delete] [FilePath][String] [/data/data/com.lserver.Main/shared_prefs/NIMSDK_Config_cbcb138a3eaf05e598162c563dbd670f.xml.bak]
D/S4URC   ( 6343): [SDK] [android.content.ContextWrapper][getSharedPreferences] [File][NIMSDK_Config_cbcb138a3eaf05e598162c563dbd670f.xml] [MODE][MODE_PRIVATE] [Method][commit]
D/S4URC   ( 6343): [SDK] [java.io.File] [Constructor] [FilePath][String] [/storage/sdcard0/com.lserver.Main/nim/log//nim_sdk.log]
D/S4URC   ( 6343): [SDK] [java.io.File] [getPath] [FilePath][String] [/storage/sdcard0/com.lserver.Main/nim/log/nim_sdk.log]
D/S4URC   ( 6343): [SDK] [java.lang.Class] [forName] [FindClass][String] [com.android.org.conscrypt.OpenSSLCipherRSA$PKCS1]
D/S4URC   ( 6343): [SDK] [java.io.File] [Constructor] [FilePath][String] [/storage/sdcard0/com.lserver.Main/nim/log//nim_sdk.log]
D/S4URC   ( 6343): [SDK] [java.io.File] [getPath] [FilePath][String] [/storage/sdcard0/com.lserver.Main/nim/log/nim_sdk.log]
D/S4URC   ( 6531): [SDK] [java.lang.Class] [forName] [FindClass][String] [java.net.HttpURLConnection]
D/S4URC   ( 6531): [SDK] [java.lang.Class] [forName] [FindClass][String] [com.android.okhttp.internal.http.HttpURLConnectionImpl]
D/S4URC   ( 6531): [SDK] [java.lang.Class] [forName] [FindClass][String] [java.net.Socket]
D/S4URC   ( 6531): [SDK] [java.lang.Class] [forName] [FindClass][String] [android.telephony.TelephonyManager]
D/S4URC   ( 6531): [SDK] [java.lang.Class] [forName] [FindClass][String] [android.os.Debug]
D/S4URC   ( 6531): [SDK] [java.lang.Class] [forName] [FindClass][String] [android.hardware.SensorManager]
D/S4URC   ( 6531): [SDK] [java.lang.Class] [forName] [FindClass][String] [android.content.res.ResourcesKey]
D/S4URC   ( 6531): [SDK] [java.lang.Class] [forName] [FindClass][String] [android.app.ResourcesManager]
D/S4URC   ( 6531): [SDK] [java.io.File] [Constructor] [FilePath][String] [/data/app/com.lserver.Main-1/base.apk]
D/S4URC   ( 6531): [SDK] [java.io.File] [getPath] [FilePath][String] [/data/data/com.lserver.Main]
D/S4URC   ( 6531): [SDK] [java.io.File] [exists] [FilePath][String] [/data/data/com.lserver.Main/cache]
D/S4URC   ( 6531): [SDK] [java.io.File] [getPath] [FilePath][String] [/data/data/com.lserver.Main/cache]
D/S4URC   ( 6531): [SDK] [java.io.File] [Constructor] [FilePath][String] [/storage/sdcard0]
D/S4URC   ( 6531): [SDK] [java.io.File] [Constructor] [FilePath][String] [/storage/sdcard1]
D/S4URC   ( 6531): [SDK] [java.io.File] [Constructor] [FilePath][String] [/storage/usb2host]
D/S4URC   ( 6531): [SDK] [java.io.File] [Constructor] [FilePath][String] [/storage/usb3device]
D/S4URC   ( 6531): [SDK] [java.io.File] [Constructor] [FilePath][String] [/storage/usb3host]
D/S4URC   ( 6531): [SDK] [android.os.Environment] [getExternalStorageState] [ExternalStorageState][String] [mounted]
D/S4URC   ( 6531): [SDK] [java.io.File] [getPath] [FilePath][String] [/storage/sdcard0]
D/S4URC   ( 6531): [SDK] [android.os.Environment] [getExternalStorageDirectory] [DirectoryPath][String] [/storage/sdcard0]
D/S4URC   ( 6531): [SDK] [java.io.File] [getPath] [FilePath][String] [/data/data/com.lserver.Main]
D/S4URC   ( 6531): [SDK] [java.io.File] [getPath] [FilePath][String] [/data/data/com.lserver.Main/shared_prefs]
