D/S4URC   ( 4170): [NDK] [SYSCALL] [stat] [PATH][string] [/data/data/com.ztapps.saverdoctor/databases/baidu_czs-journal]
D/S4URC   ( 4170): [NDK] [SYSCALL] [stat] [PATH][string] [/data/data/com.ztapps.saverdoctor/databases/baidu_czs]
D/S4URC   ( 4170): [NDK] [SYSCALL] [open] [PATH][string] [/data/data/com.ztapps.saverdoctor/databases/baidu_czs-journal] [RETURN][int] [100]
D/S4URC   ( 4170): [NDK] [SYSCALL] [access] [PATH][string] [/data/data/com.ztapps.saverdoctor/databases/baidu_czs-wal]
D/S4URC   ( 4170): [SDK] [android.app.ApplicationPackageManager] [getApplicationInfo] [FindApplicationName][String] [com.android.server.telecom]
D/S4URC   ( 4170): [SDK] [android.app.ApplicationPackageManager] [getApplicationInfo] [FindApplicationName][String] [com.android.bluetooth]
D/S4URC   ( 4170): [SDK] [android.database.sqlite.SQLiteDatabase] [execSQL] [ExecInfo][String] [create table if not exists stardlg(_id integer primary key autoincrement,cn text,cmd text,ap text,itc integer default 0,dtc integer default 0,idtc integer default 0,if integer default 0,ic integer default 0,advt integer default 0 ,did integer default 0 ,ip text)]
D/S4URC   ( 4170): [NDK] [SYSCALL] [access] [PATH][string] [/storage/sdcard0/mmt/widegets/data/droidinfo-journal]
D/S4URC   ( 4170): [NDK] [SYSCALL] [stat] [PATH][string] [/storage/sdcard0/mmt/widegets/data/droidinfo-journal]
D/S4URC   ( 4170): [NDK] [SYSCALL] [stat] [PATH][string] [/storage/sdcard0/mmt/widegets/data/droidinfo]
D/S4URC   ( 4170): [NDK] [SYSCALL] [open] [PATH][string] [/storage/sdcard0/mmt/widegets/data/droidinfo-journal] [RETURN][int] [100]
D/S4URC   ( 4170): [NDK] [SYSCALL] [access] [PATH][string] [/storage/sdcard0/mmt/widegets/data/droidinfo-wal]
D/S4URC   ( 4170): [SDK] [android.content.ContextWrapper] [registerReceiver][IntentFilter][android.net.conn.CONNECTIVITY_CHANGE,android.intent.action.USER_PRESENT,
D/S4URC   ( 4170): [SDK] [android.app.ApplicationPackageManager] [getApplicationInfo] [FindApplicationName][String] [com.android.bluetooth]
D/S4URC   ( 4170): [NDK] [SYSCALL] [access] [PATH][string] [/storage/sdcard0/mmt/widegets/data/droidinfo-journal]
D/S4URC   ( 4170): [NDK] [SYSCALL] [stat] [PATH][string] [/storage/sdcard0/mmt/widegets/data/droidinfo-journal]
D/S4URC   ( 4170): [NDK] [SYSCALL] [stat] [PATH][string] [/storage/sdcard0/mmt/widegets/data/droidinfo]
D/S4URC   ( 4170): [NDK] [SYSCALL] [open] [PATH][string] [/storage/sdcard0/mmt/widegets/data/droidinfo-journal] [RETURN][int] [97]
D/S4URC   ( 4170): [SDK] [android.app.ApplicationPackageManager] [getApplicationInfo] [FindApplicationName][String] [com.android.bluetooth]
D/S4URC   ( 4170): [NDK] [SYSCALL] [access] [PATH][string] [/storage/sdcard0/mmt/widegets/data/droidinfo-wal]
D/S4URC   ( 4170): [NDK] [SYSCALL] [stat] [PATH][string] [/storage/sdcard0/mmt/widegets/data/droidinfo]
D/S4URC   ( 4170): [NDK] [SYSCALL] [access] [PATH][string] [/data/data/com.ztapps.saverdoctor/databases/baidu_czs-journal]
D/S4URC   ( 4170): [NDK] [SYSCALL] [stat] [PATH][string] [/data/data/com.ztapps.saverdoctor/databases/baidu_czs-journal]
D/S4URC   ( 4170): [NDK] [SYSCALL] [stat] [PATH][string] [/data/data/com.ztapps.saverdoctor/databases/baidu_czs]
D/S4URC   ( 4170): [NDK] [SYSCALL] [open] [PATH][string] [/data/data/com.ztapps.saverdoctor/databases/baidu_czs-journal] [RETURN][int] [100]
D/S4URC   ( 4170): [SDK] [android.app.ApplicationPackageManager] [getApplicationInfo] [FindApplicationName][String] [com.android.bluetooth]
D/S4URC   ( 4170): [NDK] [SYSCALL] [access] [PATH][string] [/data/data/com.ztapps.saverdoctor/databases/baidu_czs-wal]
D/S4URC   ( 4170): [NDK] [SYSCALL] [stat] [PATH][string] [/data/data/com.ztapps.saverdoctor/databases/baidu_czs]
D/S4URC   ( 4170): [NDK] [SYSCALL] [open] [PATH][string] [/storage/sdcard0/mmt/widegets/data/droidinfo-journal] [RETURN][int] [97]
D/S4URC   ( 4170): [NDK] [SYSCALL] [open] [PATH][string] [/data/data/com.ztapps.saverdoctor/databases/baidu_czs-journal] [RETURN][int] [100]
D/S4URC   ( 4170): [SDK] [android.app.ApplicationPackageManager] [getApplicationInfo] [FindApplicationName][String] [com.android.bluetooth]
D/S4URC   ( 4170): [NDK] [SYSCALL] [open] [PATH][string] [/storage/sdcard0/mmt/widegets/data] [RETURN][int] [101]
D/S4URC   ( 4170): [NDK] [SYSCALL] [open] [PATH][string] [/data/data/com.ztapps.saverdoctor/databases] [RETURN][int] [101]
D/S4URC   ( 4170): [SDK] [android.content.ContextWrapper][getSharedPreferences] [File][gitConfig.xml] [MODE][MODE_PRIVATE] [Method][putString] [Key][last_run_time2] [Value][2018-09-11 03:47:20]
D/S4URC   ( 4170): [NDK] [SYSCALL] [access] [PATH][string] [/storage/sdcard0/mmt/widegets/data/droidinfo-journal]
D/S4URC   ( 4170): [NDK] [SYSCALL] [stat] [PATH][string] [/storage/sdcard0/mmt/widegets/data/droidinfo-journal]
D/S4URC   ( 4170): [SDK] [java.io.File] [exists] [FilePath][String] [/data/data/com.ztapps.saverdoctor/shared_prefs/database.xml]
D/S4URC   ( 4170): [NDK] [SYSCALL] [access] [PATH][string] [/data/data/com.ztapps.saverdoctor/shared_prefs/database.xml]
D/S4URC   ( 4170): [SDK] [java.io.File] [exists] [FilePath][String] [/data/data/com.ztapps.saverdoctor/shared_prefs/database.xml.bak]
D/S4URC   ( 4170): [NDK] [SYSCALL] [access] [PATH][string] [/data/data/com.ztapps.saverdoctor/shared_prefs/database.xml.bak]
D/S4URC   ( 4170): [SDK] [java.io.File] [renameTo] [FilePath][String] [/data/data/com.ztapps.saverdoctor/shared_prefs/database.xml] [DesFile][/data/data/com.ztapps.saverdoctor/shared_prefs/database.xml.bak]
D/S4URC   ( 4170): [NDK] [SYSCALL] [rename] [ORIG_PATH][string] [/data/data/com.ztapps.saverdoctor/shared_prefs/database.xml] [NEW_PATH][string] [/data/data/com.ztapps.saverdoctor/shared_prefs/database.xml.bak]
D/S4URC   ( 4170): [SDK] [java.io.File] [getPath] [FilePath][String] [/data/data/com.ztapps.saverdoctor/shared_prefs/database.xml]
D/S4URC   ( 4170): [NDK] [SYSCALL] [stat] [PATH][string] [/storage/sdcard0/mmt/widegets/data/droidinfo]
D/S4URC   ( 4170): [NDK] [SYSCALL] [open] [PATH][string] [/data/data/com.ztapps.saverdoctor/shared_prefs/database.xml] [RETURN][int] [101]
D/S4URC   ( 4170): [NDK] [SYSCALL] [open] [PATH][string] [/storage/sdcard0/mmt/widegets/data/droidinfo-journal] [RETURN][int] [102]
D/S4URC   ( 4170): [NDK] [SYSCALL] [access] [PATH][string] [/storage/sdcard0/mmt/widegets/data/droidinfo-wal]
D/S4URC   ( 4170): [SDK] [android.app.ApplicationPackageManager] [getApplicationInfo] [FindApplicationName][String] [com.android.bluetooth]
D/S4URC   ( 4170): [NDK] [SYSCALL] [access] [PATH][string] [/storage/sdcard0/mmt/widegets/data/droidinfo-journal]
D/S4URC   ( 4170): [NDK] [SYSCALL] [stat] [PATH][string] [/storage/sdcard0/mmt/widegets/data/droidinfo-journal]
D/S4URC   ( 4170): [NDK] [SYSCALL] [stat] [PATH][string] [/storage/sdcard0/mmt/widegets/data/droidinfo]
D/S4URC   ( 4170): [NDK] [SYSCALL] [open] [PATH][string] [/storage/sdcard0/mmt/widegets/data/droidinfo-journal] [RETURN][int] [102]
D/S4URC   ( 4170): [NDK] [SYSCALL] [access] [PATH][string] [/storage/sdcard0/mmt/widegets/data/droidinfo-wal]
D/S4URC   ( 4170): [SDK] [android.app.ApplicationPackageManager] [getApplicationInfo] [FindApplicationName][String] [com.touchtype.swiftkey]
D/S4URC   ( 4170): [SDK] [android.app.ApplicationPackageManager] [getApplicationInfo] [FindApplicationName][String] [com.android.bluetooth]
D/S4URC   ( 4170): [SDK] [android.app.ApplicationPackageManager] [getApplicationInfo] [FindApplicationName][String] [com.touchtype.swiftkey]
D/S4URC   ( 4170): [SDK] [android.database.sqlite.SQLiteDatabase] [execSQL] [ExecInfo][String] [create table if not exists iuc_r(_id integer primary key autoincrement,cn text,pn text,an text,au text,iu text,ic integer default 0,if integer default 0,ckn integer default 0,vt integer default 0)]
D/S4URC   ( 4170): [SDK] [android.content.ContextWrapper] [registerReceiver][IntentFilter][android.intent.action.PACKAGE_ADDED,android.intent.action.PACKAGE_REMOVED,android.intent.action.PACKAGE_REPLACED,
D/S4URC   ( 4170): [SDK] [android.app.ApplicationPackageManager] [getApplicationInfo] [FindApplicationName][String] [com.android.bluetooth]
D/S4URC   ( 4170): [SDK] [android.app.ApplicationPackageManager] [getApplicationInfo] [FindApplicationName][String] [com.touchtype.swiftkey]
D/S4URC   ( 4170): [SDK] [android.content.ContextWrapper] [registerReceiver][IntentFilter][android.net.conn.CONNECTIVITY_CHANGE,
D/S4URC   ( 4170): [NDK] [SYSCALL] [access] [PATH][string] [/data/data/com.ztapps.saverdoctor/databases/baidu_czs-journal]
D/S4URC   ( 4170): [NDK] [SYSCALL] [stat] [PATH][string] [/data/data/com.ztapps.saverdoctor/databases/baidu_czs-journal]
D/S4URC   ( 4170): [NDK] [SYSCALL] [stat] [PATH][string] [/data/data/com.ztapps.saverdoctor/databases/baidu_czs]
D/S4URC   ( 4170): [NDK] [SYSCALL] [open] [PATH][string] [/data/data/com.ztapps.saverdoctor/databases/baidu_czs-journal] [RETURN][int] [100]
D/S4URC   ( 4170): [NDK] [SYSCALL] [access] [PATH][string] [/data/data/com.ztapps.saverdoctor/databases/baidu_czs-wal]
D/S4URC   ( 4170): [SDK] [java.io.File] [getPath] [FilePath][String] [/data/data/com.ztapps.saverdoctor/shared_prefs/database.xml]
D/S4URC   ( 4170): [NDK] [SYSCALL] [chmod] [PATH][string] [/data/data/com.ztapps.saverdoctor/shared_prefs/database.xml] [MODE][int] [0660]
D/S4URC   ( 4170): [SDK] [java.io.File] [getPath] [FilePath][String] [/data/data/com.ztapps.saverdoctor/shared_prefs/database.xml]
D/S4URC   ( 4170): [NDK] [SYSCALL] [stat] [PATH][string] [/data/data/com.ztapps.saverdoctor/shared_prefs/database.xml]
D/S4URC   ( 4170): [NDK] [SYSCALL] [access] [PATH][string] [/data/data/com.ztapps.saverdoctor/databases/baidu_czs-journal]
D/S4URC   ( 4170): [NDK] [SYSCALL] [stat] [PATH][string] [/data/data/com.ztapps.saverdoctor/databases/baidu_czs-journal]
D/S4URC   ( 4170): [SDK] [java.io.File] [delete] [FilePath][String] [/data/data/com.ztapps.saverdoctor/shared_prefs/database.xml.bak]
D/S4URC   ( 4170): [NDK] [SYSCALL] [stat] [PATH][string] [/data/data/com.ztapps.saverdoctor/databases/baidu_czs]
D/S4URC   ( 4170): [NDK] [SYSCALL] [open] [PATH][string] [/data/data/com.ztapps.saverdoctor/databases/baidu_czs-journal] [RETURN][int] [100]
D/S4URC   ( 4170): [NDK] [SYSCALL] [lstat] [PATH][string] [/data/data/com.ztapps.saverdoctor/shared_prefs/database.xml.bak]
D/S4URC   ( 4170): [NDK] [SYSCALL] [unlink] [PATH][string] [/data/data/com.ztapps.saverdoctor/shared_prefs/database.xml.bak]
D/S4URC   ( 4170): [NDK] [SYSCALL] [access] [PATH][string] [/data/data/com.ztapps.saverdoctor/databases/baidu_czs-wal]
D/S4URC   ( 4170): [SDK] [android.database.sqlite.SQLiteDatabase] [query] [queryInfo][String] [SELECT][] [FROM][stardlg]
D/S4URC   ( 4170): [SDK] [android.content.ContextWrapper][getSharedPreferences] [File][gitConfig.xml] [MODE][MODE_PRIVATE] [Method][commit]
D/S4URC   ( 4170): [NDK] [SYSCALL] [access] [PATH][string] [/storage/sdcard0/mmt/widegets/data/droidinfo-journal]
D/S4URC   ( 4170): [NDK] [SYSCALL] [stat] [PATH][string] [/storage/sdcard0/mmt/widegets/data/droidinfo-journal]
D/S4URC   ( 4170): [NDK] [SYSCALL] [stat] [PATH][string] [/storage/sdcard0/mmt/widegets/data/droidinfo]
D/S4URC   ( 4170): [NDK] [SYSCALL] [open] [PATH][string] [/storage/sdcard0/mmt/widegets/data/droidinfo-journal] [RETURN][int] [100]
D/S4URC   ( 4170): [NDK] [SYSCALL] [access] [PATH][string] [/storage/sdcard0/mmt/widegets/data/droidinfo-wal]
D/S4URC   ( 4170): [SDK] [android.app.ApplicationPackageManager] [getApplicationInfo] [FindApplicationName][String] [com.ztapps.saverdoctor]
D/S4URC   ( 4170): [SDK] [android.app.ApplicationPackageManager] [getApplicationInfo] [FindApplicationName][String] [com.android.bluetooth]
D/S4URC   ( 4170): [SDK] [android.app.ApplicationPackageManager] [getApplicationInfo] [FindApplicationName][String] [com.touchtype.swiftkey]
D/S4URC   ( 4170): [NDK] [SYSCALL] [access] [PATH][string] [/data/data/com.ztapps.saverdoctor/databases/baidu_czs-journal]
D/S4URC   ( 4170): [NDK] [SYSCALL] [stat] [PATH][string] [/data/data/com.ztapps.saverdoctor/databases/baidu_czs-journal]
D/S4URC   ( 4170): [NDK] [SYSCALL] [stat] [PATH][string] [/data/data/com.ztapps.saverdoctor/databases/baidu_czs]
D/S4URC   ( 4170): [NDK] [SYSCALL] [open] [PATH][string] [/data/data/com.ztapps.saverdoctor/databases/baidu_czs-journal] [RETURN][int] [102]
D/S4URC   ( 4170): [NDK] [SYSCALL] [access] [PATH][string] [/data/data/com.ztapps.saverdoctor/databases/baidu_czs-wal]
D/S4URC   ( 4170): [NDK] [SYSCALL] [access] [PATH][string] [/storage/sdcard0/mmt/widegets/data/droidinfo-journal]
D/S4URC   ( 4170): [SDK] [android.database.sqlite.SQLiteDatabase] [query] [queryInfo][String] [SELECT][_id,vt] [FROM][iuc_r]
D/S4URC   ( 4170): [NDK] [SYSCALL] [stat] [PATH][string] [/storage/sdcard0/mmt/widegets/data/droidinfo-journal]
D/S4URC   ( 4170): [NDK] [SYSCALL] [stat] [PATH][string] [/storage/sdcard0/mmt/widegets/data/droidinfo]
D/S4URC   ( 4170): [SDK] [android.app.ApplicationPackageManager] [getApplicationInfo] [FindApplicationName][String] [com.touchtype.swiftkey]
D/S4URC   ( 4170): [NDK] [SYSCALL] [open] [PATH][string] [/storage/sdcard0/mmt/widegets/data/droidinfo-journal] [RETURN][int] [100]
D/S4URC   ( 4170): [NDK] [SYSCALL] [access] [PATH][string] [/data/data/com.ztapps.saverdoctor/databases/baidu_czs-journal]
D/S4URC   ( 4170): [NDK] [SYSCALL] [stat] [PATH][string] [/data/data/com.ztapps.saverdoctor/databases/baidu_czs-journal]
D/S4URC   ( 4170): [NDK] [SYSCALL] [stat] [PATH][string] [/data/data/com.ztapps.saverdoctor/databases/baidu_czs]
D/S4URC   ( 4170): [NDK] [SYSCALL] [open] [PATH][string] [/data/data/com.ztapps.saverdoctor/databases/baidu_czs-journal] [RETURN][int] [103]
D/S4URC   ( 4170): [NDK] [SYSCALL] [access] [PATH][string] [/data/data/com.ztapps.saverdoctor/databases/baidu_czs-wal]
D/S4URC   ( 4170): [SDK] [android.database.sqlite.SQLiteDatabase] [query] [queryInfo][String] [SELECT][_id,pn,ckn,cn] [FROM][iuc_r]
D/S4URC   ( 4170): [SDK] [java.io.File] [Constructor] [FilePath][String] [/storage/sdcard0/Android/data/locat/locCache/installicon/]
D/S4URC   ( 4170): [SDK] [java.io.File] [exists] [FilePath][String] [/storage/sdcard0/Android/data/locat/locCache/installicon]
D/S4URC   ( 4170): [NDK] [SYSCALL] [access] [PATH][string] [/storage/sdcard0/Android/data/locat/locCache/installicon]
D/S4URC   ( 4170): [NDK] [SYSCALL] [access] [PATH][string] [/storage/sdcard0/mmt/widegets/data/droidinfo-wal]
D/S4URC   ( 4170): [SDK] [android.app.ApplicationPackageManager] [getApplicationInfo] [FindApplicationName][String] [com.android.bluetooth]
D/S4URC   ( 4170): [SDK] [java.io.File] [mkdirs] [FilePath][String] [/storage/sdcard0/Android/data/locat/locCache/installicon]
D/S4URC   ( 4170): [NDK] [SYSCALL] [mkdir] [PATH][string] [/storage/sdcard0/Android/data/locat/locCache/installicon] [MODE][int] [0700]
D/S4URC   ( 4170): [NDK] [SYSCALL] [access] [PATH][string] [/storage/sdcard0/mmt/widegets/data/droidinfo-journal]
D/S4URC   ( 4170): [NDK] [SYSCALL] [stat] [PATH][string] [/storage/sdcard0/mmt/widegets/data/droidinfo-journal]
D/S4URC   ( 4170): [NDK] [SYSCALL] [stat] [PATH][string] [/storage/sdcard0/mmt/widegets/data/droidinfo]
D/S4URC   ( 4170): [NDK] [SYSCALL] [open] [PATH][string] [/storage/sdcard0/mmt/widegets/data/droidinfo-journal] [RETURN][int] [102]
D/S4URC   ( 4170): [SDK] [java.io.File] [getParent] [FilePath][String] [/storage/sdcard0/Android/data/locat/locCache/installicon]
D/S4URC   ( 4170): [SDK] [java.io.File] [Constructor] [FilePath][String] [/storage/sdcard0/Android/data/locat/locCache]
D/S4URC   ( 4170): [NDK] [SYSCALL] [mkdir] [PATH][string] [/storage/sdcard0/Android/data/locat/locCache] [MODE][int] [0700]
D/S4URC   ( 4170): [NDK] [SYSCALL] [access] [PATH][string] [/storage/sdcard0/mmt/widegets/data/droidinfo-wal]
D/S4URC   ( 4170): [SDK] [android.app.ApplicationPackageManager] [getApplicationInfo] [FindApplicationName][String] [com.android.bluetooth]
D/S4URC   ( 4170): [NDK] [SYSCALL] [access] [PATH][string] [/storage/sdcard0/mmt/widegets/data/droidinfo-journal]
D/S4URC   ( 4170): [SDK] [java.io.File] [getParent] [FilePath][String] [/storage/sdcard0/Android/data/locat/locCache]
D/S4URC   ( 4170): [SDK] [java.io.File] [Constructor] [FilePath][String] [/storage/sdcard0/Android/data/locat]
D/S4URC   ( 4170): [NDK] [SYSCALL] [mkdir] [PATH][string] [/storage/sdcard0/Android/data/locat] [MODE][int] [0700]
D/S4URC   ( 4170): [NDK] [SYSCALL] [stat] [PATH][string] [/storage/sdcard0/mmt/widegets/data/droidinfo-journal]
D/S4URC   ( 4170): [NDK] [SYSCALL] [stat] [PATH][string] [/storage/sdcard0/mmt/widegets/data/droidinfo]
D/S4URC   ( 4170): [NDK] [SYSCALL] [open] [PATH][string] [/storage/sdcard0/mmt/widegets/data/droidinfo-journal] [RETURN][int] [101]
D/S4URC   ( 4170): [NDK] [SYSCALL] [access] [PATH][string] [/storage/sdcard0/mmt/widegets/data/droidinfo-wal]
D/S4URC   ( 4170): [SDK] [java.io.File] [mkdir] [FilePath][String] [/storage/sdcard0/Android/data/locat/locCache]
D/S4URC   ( 4170): [NDK] [SYSCALL] [mkdir] [PATH][string] [/storage/sdcard0/Android/data/locat/locCache] [MODE][int] [0700]
D/S4URC   ( 4170): [NDK] [SYSCALL] [access] [PATH][string] [/storage/sdcard0/mmt/widegets/data/droidinfo-journal]
D/S4URC   ( 4170): [NDK] [SYSCALL] [stat] [PATH][string] [/storage/sdcard0/mmt/widegets/data/droidinfo-journal]
D/S4URC   ( 4170): [NDK] [SYSCALL] [stat] [PATH][string] [/storage/sdcard0/mmt/widegets/data/droidinfo]
D/S4URC   ( 4170): [SDK] [android.app.ApplicationPackageManager] [getApplicationInfo] [FindApplicationName][String] [com.ztapps.saverdoctor]
D/S4URC   ( 4607): [SDK] [java.io.File] [Constructor] [FilePath][String] [/system/media/audio/notifications/Upsilon.ogg]
D/S4URC   ( 4607): [SDK] [java.io.File] [exists] [FilePath][String] [/system/media/audio/notifications/Upsilon.ogg]
D/S4URC   ( 4607): [SDK] [java.io.File] [getPath] [FilePath][String] [/system/media/audio/notifications/Upsilon.ogg]
D/S4URC   ( 4170): [NDK] [SYSCALL] [open] [PATH][string] [/storage/sdcard0/mmt/widegets/data/droidinfo-journal] [RETURN][int] [102]
D/S4URC   ( 4170): [NDK] [SYSCALL] [access] [PATH][string] [/storage/sdcard0/mmt/widegets/data/droidinfo-wal]
D/S4URC   ( 4170): [SDK] [java.io.File] [mkdir] [FilePath][String] [/storage/sdcard0/Android/data/locat/locCache/installicon]
D/S4URC   ( 4170): [NDK] [SYSCALL] [mkdir] [PATH][string] [/storage/sdcard0/Android/data/locat/locCache/installicon] [MODE][int] [0700]
D/S4URC   ( 4170): [NDK] [SYSCALL] [stat] [PATH][string] [/storage/sdcard0/mmt/widegets/data/droidinfo]
D/S4URC   ( 4170): [NDK] [SYSCALL] [open] [PATH][string] [/storage/sdcard0/mmt/widegets/data/droidinfo-journal] [RETURN][int] [100]
D/S4URC   ( 4170): [NDK] [SYSCALL] [open] [PATH][string] [/storage/sdcard0/mmt/widegets/data] [RETURN][int] [102]
D/S4URC   ( 4170): [SDK] [java.io.File] [Constructor] [FilePath][String] [/storage/sdcard0/Android/data/locat/locCache/installapk/]
D/S4URC   ( 4170): [SDK] [java.io.File] [exists] [FilePath][String] [/storage/sdcard0/Android/data/locat/locCache/installapk]
D/S4URC   ( 4170): [NDK] [SYSCALL] [access] [PATH][string] [/storage/sdcard0/Android/data/locat/locCache/installapk]
D/S4URC   ( 4170): [NDK] [SYSCALL] [access] [PATH][string] [/storage/sdcard0/mmt/widegets/data/droidinfo-journal]
D/S4URC   ( 4170): [NDK] [SYSCALL] [stat] [PATH][string] [/storage/sdcard0/mmt/widegets/data/droidinfo-journal]
D/S4URC   ( 4170): [SDK] [android.database.sqlite.SQLiteDatabase] [update] [updateInfo][String] [settings_cust] [SET][enabled=1,key_value=,key_name=last_run_time2] [WHERE][_id=23]
D/S4URC   ( 4170): [SDK] [android.content.ContextWrapper][getSharedPreferences] [File][gitConfig.xml] [MODE][MODE_PRIVATE] [Method][putString] [Key][last_run_time2] [Value][]
D/S4URC   ( 4170): [NDK] [SYSCALL] [stat] [PATH][string] [/storage/sdcard0/mmt/widegets/data/droidinfo]
D/S4URC   ( 4170): [SDK] [java.io.File] [mkdirs] [FilePath][String] [/storage/sdcard0/Android/data/locat/locCache/installapk]
D/S4URC   ( 4170): [SDK] [java.io.File] [exists] [FilePath][String] [/data/data/com.ztapps.saverdoctor/shared_prefs/database.xml]
D/S4URC   ( 4170): [NDK] [SYSCALL] [access] [PATH][string] [/data/data/com.ztapps.saverdoctor/shared_prefs/database.xml]
D/S4URC   ( 4170): [NDK] [SYSCALL] [mkdir] [PATH][string] [/storage/sdcard0/Android/data/locat/locCache/installapk] [MODE][int] [0700]
D/S4URC   ( 4170): [NDK] [SYSCALL] [open] [PATH][string] [/storage/sdcard0/mmt/widegets/data/droidinfo-journal] [RETURN][int] [100]
D/S4URC   ( 4170): [SDK] [java.io.File] [exists] [FilePath][String] [/data/data/com.ztapps.saverdoctor/shared_prefs/database.xml.bak]
D/S4URC   ( 4170): [NDK] [SYSCALL] [access] [PATH][string] [/data/data/com.ztapps.saverdoctor/shared_prefs/database.xml.bak]
D/S4URC   ( 4170): [SDK] [java.io.File] [renameTo] [FilePath][String] [/data/data/com.ztapps.saverdoctor/shared_prefs/database.xml] [DesFile][/data/data/com.ztapps.saverdoctor/shared_prefs/database.xml.bak]
D/S4URC   ( 4170): [NDK] [SYSCALL] [rename] [ORIG_PATH][string] [/data/data/com.ztapps.saverdoctor/shared_prefs/database.xml] [NEW_PATH][string] [/data/data/com.ztapps.saverdoctor/shared_prefs/database.xml.bak]
D/S4URC   ( 4170): [SDK] [java.io.File] [getPath] [FilePath][String] [/data/data/com.ztapps.saverdoctor/shared_prefs/database.xml]
D/S4URC   ( 4170): [NDK] [SYSCALL] [access] [PATH][string] [/storage/sdcard0/mmt/widegets/data/droidinfo-wal]
D/S4URC   ( 4170): [NDK] [SYSCALL] [open] [PATH][string] [/data/data/com.ztapps.saverdoctor/shared_prefs/database.xml] [RETURN][int] [100]
D/S4URC   ( 4170): [SDK] [java.io.File] [getPath] [FilePath][String] [/data/data/com.ztapps.saverdoctor/shared_prefs]
D/S4URC   ( 4170): [SDK] [java.io.File] [getPath] [FilePath][String] [/data/data/com.ztapps.saverdoctor/shared_prefs/inorun.xml]
D/S4URC   ( 4170): [SDK] [java.io.File] [Constructor] [FilePath][String] [/data/data/com.ztapps.saverdoctor/shared_prefs/inorun.xml.bak]
D/S4URC   ( 4170): [SDK] [android.app.ApplicationPackageManager] [getApplicationInfo] [FindApplicationName][String] [com.touchtype.swiftkey]
D/S4URC   ( 4170): [SDK] [java.io.File] [exists] [FilePath][String] [/data/data/com.ztapps.saverdoctor/shared_prefs/inorun.xml]
D/S4URC   ( 4170): [NDK] [SYSCALL] [access] [PATH][string] [/data/data/com.ztapps.saverdoctor/shared_prefs/inorun.xml]
D/S4URC   ( 4170): [NDK] [SYSCALL] [access] [PATH][string] [/storage/sdcard0/mmt/widegets/data/droidinfo-journal]
D/S4URC   ( 4170): [SDK] [java.io.File] [exists] [FilePath][String] [/data/data/com.ztapps.saverdoctor/shared_prefs/inorun.xml]
D/S4URC   ( 4170): [NDK] [SYSCALL] [access] [PATH][string] [/data/data/com.ztapps.saverdoctor/shared_prefs/inorun.xml]
D/S4URC   ( 4170): [SDK] [android.content.ContextWrapper][getSharedPreferences] [File][inorun.xml] [MODE][MODE_PRIVATE]
D/S4URC   ( 4170): [NDK] [SYSCALL] [stat] [PATH][string] [/storage/sdcard0/mmt/widegets/data/droidinfo-journal]
D/S4URC   ( 4170): [NDK] [SYSCALL] [stat] [PATH][string] [/storage/sdcard0/mmt/widegets/data/droidinfo]
D/S4URC   ( 4170): [NDK] [SYSCALL] [open] [PATH][string] [/storage/sdcard0/mmt/widegets/data/droidinfo-journal] [RETURN][int] [102]
D/S4URC   ( 4170): [SDK] [java.io.File] [exists] [FilePath][String] [/data/data/com.ztapps.saverdoctor/shared_prefs/inorun.xml.bak]
D/S4URC   ( 4170): [NDK] [SYSCALL] [access] [PATH][string] [/data/data/com.ztapps.saverdoctor/shared_prefs/inorun.xml.bak]
D/S4URC   ( 4170): [SDK] [java.io.File] [exists] [FilePath][String] [/data/data/com.ztapps.saverdoctor/shared_prefs/inorun.xml]
D/S4URC   ( 4170): [NDK] [SYSCALL] [access] [PATH][string] [/data/data/com.ztapps.saverdoctor/shared_prefs/inorun.xml]
D/S4URC   ( 4170): [SDK] [java.io.File] [getPath] [FilePath][String] [/data/data/com.ztapps.saverdoctor/shared_prefs/inorun.xml]
D/S4URC   ( 4170): [NDK] [SYSCALL] [stat] [PATH][string] [/data/data/com.ztapps.saverdoctor/shared_prefs/inorun.xml]
D/S4URC   ( 4170): [NDK] [SYSCALL] [access] [PATH][string] [/storage/sdcard0/mmt/widegets/data/droidinfo-wal]
D/S4URC   ( 4170): [SDK] [android.app.ApplicationPackageManager] [getApplicationInfo] [FindApplicationName][String] [com.touchtype.swiftkey]
D/S4URC   ( 4170): [SDK] [android.content.ContextWrapper][getSharedPreferences] [File][inorun.xml] [MODE][MODE_PRIVATE] [Method][getIong] [Iong][visitime] [Return][-1]
D/S4URC   ( 4170): [SDK] [java.io.File] [getPath] [FilePath][String] [/data/data/com.ztapps.saverdoctor/shared_prefs/database.xml]
D/S4URC   ( 4170): [NDK] [SYSCALL] [chmod] [PATH][string] [/data/data/com.ztapps.saverdoctor/shared_prefs/database.xml] [MODE][int] [0660]
D/S4URC   ( 4170): [SDK] [android.app.ApplicationPackageManager] [getApplicationInfo] [FindApplicationName][String] [com.touchtype.swiftkey]
D/S4URC   ( 4170): [SDK] [java.io.File] [getPath] [FilePath][String] [/data/data/com.ztapps.saverdoctor/shared_prefs/database.xml]
D/S4URC   ( 4170): [NDK] [SYSCALL] [stat] [PATH][string] [/data/data/com.ztapps.saverdoctor/shared_prefs/database.xml]
D/S4URC   ( 4170): [SDK] [java.io.File] [delete] [FilePath][String] [/data/data/com.ztapps.saverdoctor/shared_prefs/database.xml.bak]
D/S4URC   ( 4170): [NDK] [SYSCALL] [lstat] [PATH][string] [/data/data/com.ztapps.saverdoctor/shared_prefs/database.xml.bak]
D/S4URC   ( 4170): [NDK] [SYSCALL] [unlink] [PATH][string] [/data/data/com.ztapps.saverdoctor/shared_prefs/database.xml.bak]
D/S4URC   ( 4170): [NDK] [SYSCALL] [access] [PATH][string] [/storage/sdcard0/mmt/widegets/data/droidinfo-journal]
D/S4URC   ( 4170): [NDK] [SYSCALL] [stat] [PATH][string] [/storage/sdcard0/mmt/widegets/data/droidinfo-journal]
D/S4URC   ( 4170): [SDK] [android.content.ContextWrapper][getSharedPreferences] [File][inorun.xml] [MODE][MODE_PRIVATE] [Method][commit]
D/S4URC   ( 4170): [NDK] [SYSCALL] [stat] [PATH][string] [/storage/sdcard0/mmt/widegets/data/droidinfo]
D/S4URC   ( 4170): [SDK] [android.app.ApplicationPackageManager] [getApplicationInfo] [FindApplicationName][String] [com.touchtype.swiftkey]
D/S4URC   ( 4170): [NDK] [SYSCALL] [open] [PATH][string] [/storage/sdcard0/mmt/widegets/data/droidinfo-journal] [RETURN][int] [102]
D/S4URC   ( 4170): [NDK] [SYSCALL] [access] [PATH][string] [/storage/sdcard0/mmt/widegets/data/droidinfo-wal]
D/S4URC   ( 4170): [SDK] [android.app.ApplicationPackageManager] [getApplicationInfo] [FindApplicationName][String] [com.touchtype.swiftkey]
D/S4URC   ( 4170): [NDK] [SYSCALL] [access] [PATH][string] [/storage/sdcard0/mmt/widegets/data/droidinfo-journal]
D/S4URC   ( 4170): [NDK] [SYSCALL] [stat] [PATH][string] [/storage/sdcard0/mmt/widegets/data/droidinfo-journal]
D/S4URC   ( 4170): [NDK] [SYSCALL] [stat] [PATH][string] [/storage/sdcard0/mmt/widegets/data/droidinfo]
D/S4URC   ( 4170): [NDK] [SYSCALL] [open] [PATH][string] [/storage/sdcard0/mmt/widegets/data/droidinfo-journal] [RETURN][int] [103]
D/S4URC   ( 4170): [NDK] [SYSCALL] [access] [PATH][string] [/storage/sdcard0/mmt/widegets/data/droidinfo-wal]
D/S4URC   ( 4170): [NDK] [SYSCALL] [access] [PATH][string] [/storage/sdcard0/mmt/widegets/data/droidinfo-journal]
D/S4URC   ( 4170): [NDK] [SYSCALL] [stat] [PATH][string] [/storage/sdcard0/mmt/widegets/data/droidinfo-journal]
D/S4URC   ( 4170): [NDK] [SYSCALL] [stat] [PATH][string] [/storage/sdcard0/mmt/widegets/data/droidinfo]
D/S4URC   ( 4170): [NDK] [SYSCALL] [open] [PATH][string] [/storage/sdcard0/mmt/widegets/data/droidinfo-journal] [RETURN][int] [104]
D/S4URC   ( 4170): [NDK] [SYSCALL] [access] [PATH][string] [/storage/sdcard0/mmt/widegets/data/droidinfo-wal]
D/S4URC   ( 4170): [NDK] [SYSCALL] [lstat] [PATH][string] [/storage]
D/S4URC   ( 4170): [NDK] [SYSCALL] [lstat] [PATH][string] [/storage/sdcard0]
D/S4URC   ( 4170): [SDK] [java.io.File] [Constructor] [FilePath][String] [/storage/sdcard0]
D/S4URC   ( 4170): [NDK] [SYSCALL] [access] [PATH][string] [/storage/sdcard0/mmt/widegets/data/droidinfo-journal]
D/S4URC   ( 4170): [NDK] [SYSCALL] [stat] [PATH][string] [/storage/sdcard0/mmt/widegets/data/droidinfo-journal]
D/S4URC   ( 4170): [NDK] [SYSCALL] [stat] [PATH][string] [/storage/sdcard0/mmt/widegets/data/droidinfo]
D/S4URC   ( 4170): [SDK] [java.io.File] [Constructor] [FilePath][String] [/storage/sdcard0]
D/S4URC   ( 4170): [NDK] [SYSCALL] [open] [PATH][string] [/storage/sdcard0/mmt/widegets/data/droidinfo-journal] [RETURN][int] [104]
D/S4URC   ( 4170): [SDK] [java.io.File] [Constructor] [FilePath][String] [/storage/sdcard1]
D/S4URC   ( 4170): [SDK] [java.io.File] [Constructor] [FilePath][String] [/storage/usb2host]
D/S4URC   ( 4170): [SDK] [java.io.File] [Constructor] [FilePath][String] [/storage/usb3device]
D/S4URC   ( 4170): [NDK] [SYSCALL] [access] [PATH][string] [/storage/sdcard0/mmt/widegets/data/droidinfo-wal]
D/S4URC   ( 4170): [SDK] [java.io.File] [Constructor] [FilePath][String] [/storage/usb3host]
D/S4URC   ( 4170): [SDK] [android.os.Environment] [getExternalStorageState] [ExternalStorageState][String] [mounted]
D/S4URC   ( 4170): [SDK] [java.io.File] [getPath] [FilePath][String] [/storage/sdcard0]
D/S4URC   ( 4170): [SDK] [android.os.Environment] [getExternalStorageDirectory] [DirectoryPath][String] [/storage/sdcard0]
D/S4URC   ( 4170): [SDK] [java.io.File] [getPath] [FilePath][String] [/storage/sdcard0]
D/S4URC   ( 4170): [SDK] [java.io.File] [Constructor] [FilePath][String] [/storage/sdcard0/.balt]
D/S4URC   ( 4170): [SDK] [java.io.File] [exists] [FilePath][String] [/storage/sdcard0/.balt]
D/S4URC   ( 4170): [NDK] [SYSCALL] [access] [PATH][string] [/storage/sdcard0/.balt]
D/S4URC   ( 4170): [SDK] [java.io.File] [Constructor] [FilePath][String] [/storage/sdcard0/.balt/sysds.dat]
D/S4URC   ( 4170): [SDK] [java.io.File] [getPath] [FilePath][String] [/storage/sdcard0/.balt/sysds.dat]
D/S4URC   ( 4170): [NDK] [SYSCALL] [open] [PATH][string] [/storage/sdcard0/.balt/sysds.dat] [RETURN][int] [103]
D/S4URC   ( 4170): [SDK] [java.io.File] [Constructor] [FilePath][String] [/system/bin/.nbwayxwzt]
D/S4URC   ( 4170): [SDK] [java.io.File] [exists] [FilePath][String] [/system/bin/.nbwayxwzt]
D/S4URC   ( 4170): [NDK] [SYSCALL] [access] [PATH][string] [/system/bin/.nbwayxwzt]
D/S4URC   ( 4170): [NDK] [SYSCALL] [access] [PATH][string] [/storage/sdcard0/mmt/widegets/data/droidinfo-journal]
D/S4URC   ( 4170): [NDK] [SYSCALL] [stat] [PATH][string] [/storage/sdcard0/mmt/widegets/data/droidinfo-journal]
D/S4URC   ( 4170): [NDK] [SYSCALL] [stat] [PATH][string] [/storage/sdcard0/mmt/widegets/data/droidinfo]
D/S4URC   ( 4170): [NDK] [SYSCALL] [open] [PATH][string] [/storage/sdcard0/mmt/widegets/data/droidinfo-journal] [RETURN][int] [104]
D/S4URC   ( 4170): [NDK] [SYSCALL] [access] [PATH][string] [/storage/sdcard0/mmt/widegets/data/droidinfo-wal]
D/S4URC   ( 4170): [NDK] [SYSCALL] [access] [PATH][string] [/storage/sdcard0/mmt/widegets/data/droidinfo-journal]
D/S4URC   ( 4170): [NDK] [SYSCALL] [stat] [PATH][string] [/storage/sdcard0/mmt/widegets/data/droidinfo-journal]
D/S4URC   ( 4170): [NDK] [SYSCALL] [stat] [PATH][string] [/storage/sdcard0/mmt/widegets/data/droidinfo]
D/S4URC   ( 4170): [NDK] [SYSCALL] [open] [PATH][string] [/storage/sdcard0/mmt/widegets/data/droidinfo-journal] [RETURN][int] [106]
D/S4URC   ( 4170): [NDK] [SYSCALL] [access] [PATH][string] [/storage/sdcard0/mmt/widegets/data/droidinfo-wal]
D/S4URC   ( 4607): [SDK] [java.io.File] [Constructor] [FilePath][String] [/system/media/audio/notifications/F1_New_SMS.ogg]
D/S4URC   ( 4607): [SDK] [java.io.File] [exists] [FilePath][String] [/system/media/audio/notifications/F1_New_SMS.ogg]
D/S4URC   ( 4170): [NDK] [SYSCALL] [access] [PATH][string] [/storage/sdcard0/mmt/widegets/data/droidinfo-journal]
D/S4URC   ( 4607): [SDK] [java.io.File] [getPath] [FilePath][String] [/system/media/audio/notifications/F1_New_SMS.ogg]
D/S4URC   ( 4170): [NDK] [SYSCALL] [stat] [PATH][string] [/storage/sdcard0/mmt/widegets/data/droidinfo-journal]
D/S4URC   ( 4170): [NDK] [SYSCALL] [stat] [PATH][string] [/storage/sdcard0/mmt/widegets/data/droidinfo]
D/S4URC   ( 4170): [NDK] [SYSCALL] [open] [PATH][string] [/storage/sdcard0/mmt/widegets/data/droidinfo-journal] [RETURN][int] [107]
D/S4URC   ( 4170): [NDK] [SYSCALL] [access] [PATH][string] [/storage/sdcard0/mmt/widegets/data/droidinfo-wal]
D/S4URC   ( 4170): [NDK] [SYSCALL] [access] [PATH][string] [/storage/sdcard0/mmt/widegets/data/droidinfo-journal]
D/S4URC   ( 4170): [NDK] [SYSCALL] [stat] [PATH][string] [/storage/sdcard0/mmt/widegets/data/droidinfo-journal]
D/S4URC   ( 4170): [NDK] [SYSCALL] [stat] [PATH][string] [/storage/sdcard0/mmt/widegets/data/droidinfo]
D/S4URC   ( 4170): [NDK] [SYSCALL] [open] [PATH][string] [/storage/sdcard0/mmt/widegets/data/droidinfo-journal] [RETURN][int] [109]
D/S4URC   ( 4170): [NDK] [SYSCALL] [access] [PATH][string] [/storage/sdcard0/mmt/widegets/data/droidinfo-wal]
D/S4URC   ( 4170): [SDK] [android.app.ActivityManager] [getRunningTasks]
D/S4URC   ( 4170): [NDK] [SYSCALL] [access] [PATH][string] [/storage/sdcard0/mmt/widegets/data/droidinfo-journal]
D/S4URC   ( 4170): [NDK] [SYSCALL] [stat] [PATH][string] [/storage/sdcard0/mmt/widegets/data/droidinfo-journal]
D/S4URC   ( 4170): [NDK] [SYSCALL] [stat] [PATH][string] [/storage/sdcard0/mmt/widegets/data/droidinfo]
D/S4URC   ( 4170): [NDK] [SYSCALL] [open] [PATH][string] [/storage/sdcard0/mmt/widegets/data/droidinfo-journal] [RETURN][int] [110]
D/S4URC   ( 4170): [NDK] [SYSCALL] [access] [PATH][string] [/storage/sdcard0/mmt/widegets/data/droidinfo-wal]
D/S4URC   ( 4170): [NDK] [SYSCALL] [access] [PATH][string] [/storage/sdcard0/mmt/widegets/data/droidinfo-journal]
D/S4URC   ( 4170): [NDK] [SYSCALL] [stat] [PATH][string] [/storage/sdcard0/mmt/widegets/data/droidinfo-journal]
D/S4URC   ( 4170): [NDK] [SYSCALL] [stat] [PATH][string] [/storage/sdcard0/mmt/widegets/data/droidinfo]
D/S4URC   ( 4170): [NDK] [SYSCALL] [open] [PATH][string] [/storage/sdcard0/mmt/widegets/data/droidinfo-journal] [RETURN][int] [113]
D/S4URC   ( 4170): [NDK] [SYSCALL] [access] [PATH][string] [/storage/sdcard0/mmt/widegets/data/droidinfo-wal]
D/S4URC   ( 4607): [SDK] [java.io.File] [Constructor] [FilePath][String] [/system/media/audio/notifications/Pollux.ogg]
D/S4URC   ( 4607): [SDK] [java.io.File] [exists] [FilePath][String] [/system/media/audio/notifications/Pollux.ogg]
D/S4URC   ( 4607): [SDK] [java.io.File] [getPath] [FilePath][String] [/system/media/audio/notifications/Pollux.ogg]
D/S4URC   ( 4607): [SDK] [java.io.File] [Constructor] [FilePath][String] [/system/media/audio/notifications/TaDa.ogg]
D/S4URC   ( 4607): [SDK] [java.io.File] [exists] [FilePath][String] [/system/media/audio/notifications/TaDa.ogg]
D/S4URC   ( 4607): [SDK] [java.io.File] [getPath] [FilePath][String] [/system/media/audio/notifications/TaDa.ogg]
D/S4URC   ( 4607): [SDK] [java.io.File] [Constructor] [FilePath][String] [/system/media/audio/notifications/Electra.ogg]
D/S4URC   ( 4607): [SDK] [java.io.File] [exists] [FilePath][String] [/system/media/audio/notifications/Electra.ogg]
D/S4URC   ( 4607): [SDK] [java.io.File] [getPath] [FilePath][String] [/system/media/audio/notifications/Electra.ogg]
D/S4URC   ( 4170): [SDK] [java.io.File] [Constructor] [FilePath][String] [/storage/sdcard0/saverdoctor/]
D/S4URC   ( 4170): [SDK] [java.io.File] [exists] [FilePath][String] [/storage/sdcard0/saverdoctor]
D/S4URC   ( 4170): [NDK] [SYSCALL] [access] [PATH][string] [/storage/sdcard0/saverdoctor]
D/S4URC   ( 4170): [SDK] [java.io.File] [list] [FilePath][String] [/storage/sdcard0/saverdoctor]
D/S4URC   ( 4170): [NDK] [SYSCALL] [open] [PATH][string] [/storage/sdcard0/saverdoctor] [RETURN][int] [113]
D/S4URC   ( 4170): [NDK] [SYSCALL] [getdents] [PATH][string] [.]
D/S4URC   ( 4170): [NDK] [SYSCALL] [getdents] [PATH][string] [..]
D/S4URC   ( 4170): [SDK] [java.io.File] [Constructor] [FilePath][String] [/storage/sdcard0/saverdoctor/crash_20180911_034720.txt]
D/S4URC   ( 4170): [SDK] [java.io.File] [getPath] [FilePath][String] [/storage/sdcard0/saverdoctor/crash_20180911_034720.txt]
D/S4URC   ( 4170): [NDK] [SYSCALL] [open] [PATH][string] [/storage/sdcard0/saverdoctor/crash_20180911_034720.txt] [RETURN][int] [113]
D/S4URC   ( 4170): [SDK] [android.app.ApplicationPackageManager] [getPackageInfo] [FindPackageName][String] [com.ztapps.saverdoctor]
D/S4URC   ( 4607): [SDK] [java.io.File] [Constructor] [FilePath][String] [/system/media/audio/notifications/CyanMail.ogg]
D/S4URC   ( 4607): [SDK] [java.io.File] [exists] [FilePath][String] [/system/media/audio/notifications/CyanMail.ogg]
D/S4URC   ( 4607): [SDK] [java.io.File] [getPath] [FilePath][String] [/system/media/audio/notifications/CyanMail.ogg]
D/S4URC   ( 4607): [SDK] [java.io.File] [Constructor] [FilePath][String] [/system/media/audio/notifications/sirius.ogg]
D/S4URC   ( 4607): [SDK] [java.io.File] [exists] [FilePath][String] [/system/media/audio/notifications/sirius.ogg]
D/S4URC   ( 4607): [SDK] [java.io.File] [getPath] [FilePath][String] [/system/media/audio/notifications/sirius.ogg]
D/S4URC   ( 4607): [SDK] [java.io.File] [Constructor] [FilePath][String] [/system/media/audio/notifications/Helium.ogg]
D/S4URC   ( 4607): [SDK] [java.io.File] [exists] [FilePath][String] [/system/media/audio/notifications/Helium.ogg]
D/S4URC   ( 4607): [SDK] [java.io.File] [getPath] [FilePath][String] [/system/media/audio/notifications/Helium.ogg]
D/S4URC   ( 4607): [SDK] [java.io.File] [Constructor] [FilePath][String] [/system/media/audio/notifications/Vega.ogg]
D/S4URC   ( 4607): [SDK] [java.io.File] [exists] [FilePath][String] [/system/media/audio/notifications/Vega.ogg]
D/S4URC   ( 4607): [SDK] [java.io.File] [getPath] [FilePath][String] [/system/media/audio/notifications/Vega.ogg]
D/S4URC   ( 4170): [NDK] [SYSCALL] [access] [PATH][string] [/storage/sdcard0/mmt/widegets/data/droidinfo-journal]
D/S4URC   ( 4170): [NDK] [SYSCALL] [stat] [PATH][string] [/storage/sdcard0/mmt/widegets/data/droidinfo-journal]
D/S4URC   ( 4170): [NDK] [SYSCALL] [stat] [PATH][string] [/storage/sdcard0/mmt/widegets/data/droidinfo]
D/S4URC   ( 4170): [NDK] [SYSCALL] [open] [PATH][string] [/storage/sdcard0/mmt/widegets/data/droidinfo-journal] [RETURN][int] [97]
D/S4URC   ( 4170): [NDK] [SYSCALL] [access] [PATH][string] [/storage/sdcard0/mmt/widegets/data/droidinfo-wal]
D/S4URC   ( 4170): [NDK] [SYSCALL] [access] [PATH][string] [/storage/sdcard0/mmt/widegets/data/droidinfo-journal]
D/S4URC   ( 4170): [NDK] [SYSCALL] [stat] [PATH][string] [/storage/sdcard0/mmt/widegets/data/droidinfo-journal]
D/S4URC   ( 4170): [NDK] [SYSCALL] [stat] [PATH][string] [/storage/sdcard0/mmt/widegets/data/droidinfo]
D/S4URC   ( 4170): [NDK] [SYSCALL] [open] [PATH][string] [/storage/sdcard0/mmt/widegets/data/droidinfo-journal] [RETURN][int] [100]
D/S4URC   ( 4170): [NDK] [SYSCALL] [access] [PATH][string] [/storage/sdcard0/mmt/widegets/data/droidinfo-wal]
D/S4URC   ( 4170): [SDK] [java.io.File] [Constructor] [FilePath][String] [/storage/sdcard0/tec/hin.da]
D/S4URC   ( 4170): [SDK] [java.io.File] [exists] [FilePath][String] [/storage/sdcard0/tec/hin.da]
D/S4URC   ( 4170): [NDK] [SYSCALL] [access] [PATH][string] [/storage/sdcard0/tec/hin.da]
D/S4URC   ( 4170): [SDK] [android.app.ApplicationPackageManager] [getApplicationInfo] [FindApplicationName][String] [com.ztapps.saverdoctor]
D/S4URC   ( 4607): [SDK] [java.io.File] [Constructor] [FilePath][String] [/system/media/audio/notifications/Sirrah.ogg]
D/S4URC   ( 4607): [SDK] [java.io.File] [exists] [FilePath][String] [/system/media/audio/notifications/Sirrah.ogg]
D/S4URC   ( 4607): [SDK] [java.io.File] [getPath] [FilePath][String] [/system/media/audio/notifications/Sirrah.ogg]
D/S4URC   ( 4170): [NDK] [SYSCALL] [access] [PATH][string] [/storage/sdcard0/mmt/widegets/data/droidinfo-journal]
D/S4URC   ( 4170): [NDK] [SYSCALL] [stat] [PATH][string] [/storage/sdcard0/mmt/widegets/data/droidinfo-journal]
D/S4URC   ( 4170): [NDK] [SYSCALL] [stat] [PATH][string] [/storage/sdcard0/mmt/widegets/data/droidinfo]
D/S4URC   ( 4170): [NDK] [SYSCALL] [open] [PATH][string] [/storage/sdcard0/mmt/widegets/data/droidinfo-journal] [RETURN][int] [104]
D/S4URC   ( 4170): [NDK] [SYSCALL] [access] [PATH][string] [/storage/sdcard0/mmt/widegets/data/droidinfo-wal]
D/S4URC   ( 4170): [SDK] [java.io.File] [Constructor] [FilePath][String] [/system/bin/.nbwayxwzt]
D/S4URC   ( 4170): [SDK] [java.io.File] [exists] [FilePath][String] [/system/bin/.nbwayxwzt]
D/S4URC   ( 4170): [NDK] [SYSCALL] [access] [PATH][string] [/system/bin/.nbwayxwzt]
D/S4URC   ( 4170): [NDK] [SYSCALL] [access] [PATH][string] [/storage/sdcard0/mmt/widegets/data/droidinfo-journal]
D/S4URC   ( 4170): [NDK] [SYSCALL] [stat] [PATH][string] [/storage/sdcard0/mmt/widegets/data/droidinfo-journal]
D/S4URC   ( 4170): [NDK] [SYSCALL] [stat] [PATH][string] [/storage/sdcard0/mmt/widegets/data/droidinfo]
D/S4URC   ( 4170): [NDK] [SYSCALL] [open] [PATH][string] [/storage/sdcard0/mmt/widegets/data/droidinfo-journal] [RETURN][int] [106]
D/S4URC   ( 4170): [NDK] [SYSCALL] [access] [PATH][string] [/storage/sdcard0/mmt/widegets/data/droidinfo-wal]
D/S4URC   ( 4607): [SDK] [java.io.File] [Constructor] [FilePath][String] [/system/media/audio/notifications/Krypton.ogg]
D/S4URC   ( 4607): [SDK] [java.io.File] [exists] [FilePath][String] [/system/media/audio/notifications/Krypton.ogg]
D/S4URC   ( 4607): [SDK] [java.io.File] [getPath] [FilePath][String] [/system/media/audio/notifications/Krypton.ogg]
D/S4URC   ( 4607): [SDK] [java.io.File] [Constructor] [FilePath][String] [/system/media/audio/notifications/Stone.ogg]
D/S4URC   ( 4607): [SDK] [java.io.File] [exists] [FilePath][String] [/system/media/audio/notifications/Stone.ogg]
D/S4URC   ( 4607): [SDK] [java.io.File] [getPath] [FilePath][String] [/system/media/audio/notifications/Stone.ogg]
D/S4URC   ( 4607): [SDK] [java.io.File] [Constructor] [FilePath][String] [/system/media/audio/notifications/Plastic_Pipe.ogg]
D/S4URC   ( 4607): [SDK] [java.io.File] [exists] [FilePath][String] [/system/media/audio/notifications/Plastic_Pipe.ogg]
D/S4URC   ( 4607): [SDK] [java.io.File] [getPath] [FilePath][String] [/system/media/audio/notifications/Plastic_Pipe.ogg]
D/S4URC   ( 4170): [NDK] [SYSCALL] [access] [PATH][string] [/storage/sdcard0/mmt/widegets/data/droidinfo-journal]
D/S4URC   ( 4170): [NDK] [SYSCALL] [stat] [PATH][string] [/storage/sdcard0/mmt/widegets/data/droidinfo-journal]
D/S4URC   ( 4170): [NDK] [SYSCALL] [stat] [PATH][string] [/storage/sdcard0/mmt/widegets/data/droidinfo]
D/S4URC   ( 4170): [NDK] [SYSCALL] [open] [PATH][string] [/storage/sdcard0/mmt/widegets/data/droidinfo-journal] [RETURN][int] [107]
D/S4URC   ( 4170): [NDK] [SYSCALL] [access] [PATH][string] [/storage/sdcard0/mmt/widegets/data/droidinfo-wal]
D/S4URC   ( 4170): [NDK] [SYSCALL] [access] [PATH][string] [/storage/sdcard0/mmt/widegets/data/droidinfo-journal]
D/S4URC   ( 4170): [NDK] [SYSCALL] [stat] [PATH][string] [/storage/sdcard0/mmt/widegets/data/droidinfo-journal]
D/S4URC   ( 4170): [NDK] [SYSCALL] [stat] [PATH][string] [/storage/sdcard0/mmt/widegets/data/droidinfo]
D/S4URC   ( 4170): [NDK] [SYSCALL] [open] [PATH][string] [/storage/sdcard0/mmt/widegets/data/droidinfo-journal] [RETURN][int] [109]
D/S4URC   ( 4170): [NDK] [SYSCALL] [access] [PATH][string] [/storage/sdcard0/mmt/widegets/data/droidinfo-wal]
D/S4URC   ( 4170): [NDK] [SYSCALL] [access] [PATH][string] [/storage/sdcard0/mmt/widegets/data/droidinfo-journal]
D/S4URC   ( 4170): [NDK] [SYSCALL] [stat] [PATH][string] [/storage/sdcard0/mmt/widegets/data/droidinfo-journal]
D/S4URC   ( 4170): [NDK] [SYSCALL] [stat] [PATH][string] [/storage/sdcard0/mmt/widegets/data/droidinfo]
D/S4URC   ( 4170): [NDK] [SYSCALL] [open] [PATH][string] [/storage/sdcard0/mmt/widegets/data/droidinfo-journal] [RETURN][int] [110]
D/S4URC   ( 4170): [NDK] [SYSCALL] [access] [PATH][string] [/storage/sdcard0/mmt/widegets/data/droidinfo-wal]
D/S4URC   ( 4170): [SDK] [java.net] [HttpURLConnection] [URL][String] [http://root.jmede.com:701/GetRoot.aspx]
D/S4URC   ( 4170): [NDK] [SYSCALL] [socket] [TYPE][string] [TCP]
D/S4URC   ( 4607): [SDK] [java.io.File] [Constructor] [FilePath][String] [/system/media/audio/notifications/Rubidium.ogg]
D/S4URC   ( 4607): [SDK] [java.io.File] [exists] [FilePath][String] [/system/media/audio/notifications/Rubidium.ogg]
D/S4URC   ( 4607): [SDK] [java.io.File] [getPath] [FilePath][String] [/system/media/audio/notifications/Rubidium.ogg]
D/S4URC   ( 4607): [SDK] [java.io.File] [Constructor] [FilePath][String] [/system/media/audio/notifications/Arcturus.ogg]
D/S4URC   ( 4607): [SDK] [java.io.File] [exists] [FilePath][String] [/system/media/audio/notifications/Arcturus.ogg]
D/S4URC   ( 4607): [SDK] [java.io.File] [getPath] [FilePath][String] [/system/media/audio/notifications/Arcturus.ogg]
D/S4URC   ( 4607): [SDK] [java.io.File] [Constructor] [FilePath][String] [/system/media/audio/notifications/Io.ogg]
D/S4URC   ( 4607): [SDK] [java.io.File] [exists] [FilePath][String] [/system/media/audio/notifications/Io.ogg]
D/S4URC   ( 4607): [SDK] [java.io.File] [getPath] [FilePath][String] [/system/media/audio/notifications/Io.ogg]
D/S4URC   ( 4607): [SDK] [java.io.File] [Constructor] [FilePath][String] [/system/media/audio/notifications/Antares.ogg]
D/S4URC   ( 4607): [SDK] [java.io.File] [exists] [FilePath][String] [/system/media/audio/notifications/Antares.ogg]
D/S4URC   ( 4607): [SDK] [java.io.File] [getPath] [FilePath][String] [/system/media/audio/notifications/Antares.ogg]
D/S4URC   ( 4170): [SDK] [android.app.ActivityManager] [getRunningTasks]
D/S4URC   ( 4607): [SDK] [java.io.File] [Constructor] [FilePath][String] [/system/media/audio/notifications/Beat_Box_Android.ogg]
D/S4URC   ( 4607): [SDK] [java.io.File] [exists] [FilePath][String] [/system/media/audio/notifications/Beat_Box_Android.ogg]
D/S4URC   ( 4607): [SDK] [java.io.File] [getPath] [FilePath][String] [/system/media/audio/notifications/Beat_Box_Android.ogg]
D/S4URC   ( 4607): [SDK] [java.io.File] [Constructor] [FilePath][String] [/system/media/audio/notifications/Europa.ogg]
D/S4URC   ( 4607): [SDK] [java.io.File] [exists] [FilePath][String] [/system/media/audio/notifications/Europa.ogg]
D/S4URC   ( 4607): [SDK] [java.io.File] [getPath] [FilePath][String] [/system/media/audio/notifications/Europa.ogg]
D/S4URC   ( 4607): [SDK] [java.io.File] [Constructor] [FilePath][String] [/system/media/audio/notifications/Cricket.ogg]
D/S4URC   ( 4607): [SDK] [java.io.File] [exists] [FilePath][String] [/system/media/audio/notifications/Cricket.ogg]
D/S4URC   ( 4607): [SDK] [java.io.File] [getPath] [FilePath][String] [/system/media/audio/notifications/Cricket.ogg]
D/S4URC   ( 4607): [SDK] [java.io.File] [Constructor] [FilePath][String] [/system/media/audio/notifications/Xenon.ogg]
D/S4URC   ( 4607): [SDK] [java.io.File] [exists] [FilePath][String] [/system/media/audio/notifications/Xenon.ogg]
D/S4URC   ( 4607): [SDK] [java.io.File] [getPath] [FilePath][String] [/system/media/audio/notifications/Xenon.ogg]
D/S4URC   ( 4607): [SDK] [java.io.File] [Constructor] [FilePath][String] [/system/media/audio/notifications/Rhea.ogg]
D/S4URC   ( 4607): [SDK] [java.io.File] [exists] [FilePath][String] [/system/media/audio/notifications/Rhea.ogg]
D/S4URC   ( 4607): [SDK] [java.io.File] [getPath] [FilePath][String] [/system/media/audio/notifications/Rhea.ogg]
D/S4URC   ( 4607): [SDK] [java.io.File] [Constructor] [FilePath][String] [/system/media/audio/notifications/Rang.ogg]
D/S4URC   ( 4607): [SDK] [java.io.File] [exists] [FilePath][String] [/system/media/audio/notifications/Rang.ogg]
D/S4URC   ( 4607): [SDK] [java.io.File] [getPath] [FilePath][String] [/system/media/audio/notifications/Rang.ogg]
D/S4URC   ( 4607): [SDK] [java.io.File] [Constructor] [FilePath][String] [/system/media/audio/notifications/DearDeer.ogg]
D/S4URC   ( 4607): [SDK] [java.io.File] [exists] [FilePath][String] [/system/media/audio/notifications/DearDeer.ogg]
D/S4URC   ( 4607): [SDK] [java.io.File] [getPath] [FilePath][String] [/system/media/audio/notifications/DearDeer.ogg]
D/S4URC   ( 4607): [SDK] [java.io.File] [Constructor] [FilePath][String] [/system/media/audio/notifications/CyanDoink.ogg]
D/S4URC   ( 4607): [SDK] [java.io.File] [exists] [FilePath][String] [/system/media/audio/notifications/CyanDoink.ogg]
D/S4URC   ( 4607): [SDK] [java.io.File] [getPath] [FilePath][String] [/system/media/audio/notifications/CyanDoink.ogg]
D/S4URC   ( 4607): [SDK] [java.io.File] [Constructor] [FilePath][String] [/system/media/audio/notifications/Doink.ogg]
D/S4URC   ( 4607): [SDK] [java.io.File] [exists] [FilePath][String] [/system/media/audio/notifications/Doink.ogg]
D/S4URC   ( 4607): [SDK] [java.io.File] [getPath] [FilePath][String] [/system/media/audio/notifications/Doink.ogg]
D/S4URC   ( 4607): [SDK] [java.io.File] [Constructor] [FilePath][String] [/system/media/audio/notifications/SpaceSeed.ogg]
D/S4URC   ( 4607): [SDK] [java.io.File] [exists] [FilePath][String] [/system/media/audio/notifications/SpaceSeed.ogg]
D/S4URC   ( 4607): [SDK] [java.io.File] [getPath] [FilePath][String] [/system/media/audio/notifications/SpaceSeed.ogg]
D/S4URC   ( 4607): [SDK] [java.io.File] [Constructor] [FilePath][String] [/system/media/audio/notifications/Zirconium.ogg]
D/S4URC   ( 4607): [SDK] [java.io.File] [exists] [FilePath][String] [/system/media/audio/notifications/Zirconium.ogg]
D/S4URC   ( 4607): [SDK] [java.io.File] [getPath] [FilePath][String] [/system/media/audio/notifications/Zirconium.ogg]
D/S4URC   ( 4170): [SDK] [android.content.ContextWrapper] [registerReceiver][IntentFilter][android.net.conn.CONNECTIVITY_CHANGE,android.intent.action.USER_PRESENT,android.intent.action.SCREEN_OFF,android.intent.action.SCREEN_ON,action.send.heartBroadcast,
D/S4URC   ( 4170): [SDK] [android.content.ContextWrapper][getSharedPreferences] [File][pp.xml] [MODE][MODE_PRIVATE]
D/S4URC   ( 4170): [SDK] [android.content.ContextWrapper][getSharedPreferences] [File][pp.xml] [MODE][MODE_PRIVATE] [Method][getIong] [Iong][cfghbm_c] [Return][1800000]
D/S4URC   ( 4170): [SDK] [android.content.ContextWrapper] [registerReceiver][IntentFilter][android.net.conn.CONNECTIVITY_CHANGE,android.intent.action.USER_PRESENT,android.intent.action.SCREEN_OFF,android.intent.action.SCREEN_ON,action.send.heartBroadcast,
