D/S4URC   ( 2435): [NDK] [SYSCALL] [lstat] [PATH][string] [/data/data/com.dnwgame.supertriangle.mi]
D/S4URC   ( 2435): [NDK] [SYSCALL] [lstat] [PATH][string] [/data/data/com.dnwgame.supertriangle.mi/app_analytics]
D/S4URC   ( 2435): [NDK] [SYSCALL] [lstat] [PATH][string] [/data/data/com.dnwgame.supertriangle.mi/app_analytics/analytics_asset.apk]
D/S4URC   ( 2435): [NDK] [SYSCALL] [lstat] [PATH][string] [/data]
D/S4URC   ( 2435): [NDK] [SYSCALL] [lstat] [PATH][string] [/data/data]
D/S4URC   ( 2435): [NDK] [SYSCALL] [lstat] [PATH][string] [/data/data/com.dnwgame.supertriangle.mi]
D/S4URC   ( 2435): [NDK] [SYSCALL] [lstat] [PATH][string] [/data/data/com.dnwgame.supertriangle.mi/app_analytics]
D/S4URC   ( 2435): [NDK] [SYSCALL] [lstat] [PATH][string] [/data/data/com.dnwgame.supertriangle.mi/app_analytics/analytics_asset.apk]
D/S4URC   ( 2435): [NDK] [SYSCALL] [lstat] [PATH][string] [/data]
D/S4URC   ( 2435): [NDK] [SYSCALL] [lstat] [PATH][string] [/data/data]
D/S4URC   ( 2435): [NDK] [SYSCALL] [lstat] [PATH][string] [/data/data/com.dnwgame.supertriangle.mi]
D/S4URC   ( 2435): [NDK] [SYSCALL] [lstat] [PATH][string] [/data/data/com.dnwgame.supertriangle.mi/app_analytics]
D/S4URC   ( 2435): [NDK] [SYSCALL] [lstat] [PATH][string] [/data/data/com.dnwgame.supertriangle.mi/app_analytics/analytics_asset.apk]
D/S4URC   ( 2435): [NDK] [SYSCALL] [lstat] [PATH][string] [/data]
D/S4URC   ( 2435): [NDK] [SYSCALL] [lstat] [PATH][string] [/data/data]
D/S4URC   ( 2435): [NDK] [SYSCALL] [lstat] [PATH][string] [/data/data/com.dnwgame.supertriangle.mi]
D/S4URC   ( 2435): [NDK] [SYSCALL] [lstat] [PATH][string] [/data/data/com.dnwgame.supertriangle.mi/app_analytics]
D/S4URC   ( 2435): [NDK] [SYSCALL] [lstat] [PATH][string] [/data/data/com.dnwgame.supertriangle.mi/app_analytics/analytics_asset.apk]
D/S4URC   ( 2435): [NDK] [SYSCALL] [lstat] [PATH][string] [/data]
D/S4URC   ( 2435): [NDK] [SYSCALL] [lstat] [PATH][string] [/data/data]
D/S4URC   ( 2435): [NDK] [SYSCALL] [lstat] [PATH][string] [/data/data/com.dnwgame.supertriangle.mi]
D/S4URC   ( 2435): [NDK] [SYSCALL] [lstat] [PATH][string] [/data/data/com.dnwgame.supertriangle.mi/app_analytics]
D/S4URC   ( 2435): [SDK] [android.telephony.TelephonyManager] [getDeviceId]
D/S4URC   ( 2435): [NDK] [SYSCALL] [lstat] [PATH][string] [/data/data/com.dnwgame.supertriangle.mi/app_analytics/analytics_asset.apk]
D/S4URC   ( 2435): [NDK] [SYSCALL] [lstat] [PATH][string] [/data]
D/S4URC   ( 2435): [NDK] [SYSCALL] [lstat] [PATH][string] [/data/data]
D/S4URC   ( 2435): [NDK] [SYSCALL] [lstat] [PATH][string] [/data/data/com.dnwgame.supertriangle.mi]
D/S4URC   ( 2435): [NDK] [SYSCALL] [lstat] [PATH][string] [/data/data/com.dnwgame.supertriangle.mi/app_analytics]
D/S4URC   ( 2435): [NDK] [SYSCALL] [lstat] [PATH][string] [/data/data/com.dnwgame.supertriangle.mi/app_analytics/analytics_asset.apk]
D/S4URC   ( 2435): [NDK] [SYSCALL] [lstat] [PATH][string] [/data]
D/S4URC   ( 2435): [NDK] [SYSCALL] [lstat] [PATH][string] [/data/data]
D/S4URC   ( 2435): [NDK] [SYSCALL] [lstat] [PATH][string] [/data/data/com.dnwgame.supertriangle.mi]
D/S4URC   ( 2435): [NDK] [SYSCALL] [lstat] [PATH][string] [/data/data/com.dnwgame.supertriangle.mi/app_analytics]
D/S4URC   ( 2435): [NDK] [SYSCALL] [lstat] [PATH][string] [/data/data/com.dnwgame.supertriangle.mi/app_analytics/analytics_asset.apk]
D/S4URC   ( 2435): [NDK] [SYSCALL] [lstat] [PATH][string] [/data]
D/S4URC   ( 2435): [NDK] [SYSCALL] [lstat] [PATH][string] [/data/data]
D/S4URC   ( 2435): [NDK] [SYSCALL] [lstat] [PATH][string] [/data/data/com.dnwgame.supertriangle.mi]
D/S4URC   ( 2435): [NDK] [SYSCALL] [lstat] [PATH][string] [/data/data/com.dnwgame.supertriangle.mi/app_analytics]
D/S4URC   ( 2435): [NDK] [SYSCALL] [lstat] [PATH][string] [/data/data/com.dnwgame.supertriangle.mi/app_analytics/analytics_asset.apk]
D/S4URC   ( 2435): [SDK] [java.lang.Class] [forName] [FindClass][String] [android.os.ServiceManager]
D/S4URC   ( 2435): [SDK] [java.lang.Class] [forName] [FindClass][String] [com.android.internal.telephony.ITelephony$Stub]
D/S4URC   ( 2435): [SDK] [java.lang.Class] [forName] [FindClass][String] [com.huawei.android.hwnv.HWNVFuncation]
D/S4URC   ( 2435): [SDK] [android.content.ContextWrapper][getSharedPreferences] [File][Uniplay.xml] [MODE][MODE_PRIVATE]
D/S4URC   ( 2435): [SDK] [android.content.ContextWrapper][getSharedPreferences] [File][Uniplay.xml] [MODE][MODE_PRIVATE] [Method][getString] [String][im] [Return][]
D/S4URC   ( 2435): [SDK] [android.content.ContextWrapper][getSharedPreferences] [File][Uniplay.xml] [MODE][MODE_PRIVATE] [Method][putString] [Key][im] [Value][]
D/S4URC   ( 2435): [SDK] [java.io.File] [exists] [FilePath][String] [/data/data/com.dnwgame.supertriangle.mi/shared_prefs/Uniplay.xml]
D/S4URC   ( 2435): [NDK] [SYSCALL] [access] [PATH][string] [/data/data/com.dnwgame.supertriangle.mi/shared_prefs/Uniplay.xml]
D/S4URC   ( 2435): [SDK] [android.content.ContextWrapper][getSharedPreferences] [File][Uniplay.xml] [MODE][MODE_PRIVATE] [Method][commit]
D/S4URC   ( 2435): [SDK] [java.io.File] [getPath] [FilePath][String] [/storage/sdcard0]
D/S4URC   ( 2435): [SDK] [android.os.Environment] [getExternalStorageDirectory] [DirectoryPath][String] [/storage/sdcard0]
D/S4URC   ( 2435): [SDK] [java.io.File] [getPath] [FilePath][String] [/storage/sdcard0]
D/S4URC   ( 2435): [SDK] [java.io.File] [Constructor] [FilePath][String] [/storage/sdcard0/Android/.sys]
D/S4URC   ( 2435): [SDK] [java.io.File] [getPath] [FilePath][String] [/storage/sdcard0/Android/.sys]
D/S4URC   ( 2435): [NDK] [SYSCALL] [open] [PATH][string] [/storage/sdcard0/Android/.sys] [RETURN][int] [-1]
D/S4URC   ( 2435): [SDK] [android.app.ApplicationPackageManager] [getPackageInfo] [FindPackageName][String] [com.miui.analytics]
D/S4URC   ( 2435): [SDK] [java.io.File] [getPath] [FilePath][String] [/data/data/com.dnwgame.supertriangle.mi/shared_prefs/Uniplay.xml]
D/S4URC   ( 2435): [NDK] [SYSCALL] [stat] [PATH][string] [/data/data/com.dnwgame.supertriangle.mi/shared_prefs/Uniplay.xml]
D/S4URC   ( 2435): [SDK] [android.content.ContextWrapper][getSharedPreferences] [File][Uniplay.xml] [MODE][APPEND or MULTI_PROCESS]
D/S4URC   ( 2435): [SDK] [android.content.ContextWrapper][getSharedPreferences] [File][Uniplay.xml] [MODE][APPEND or MULTI_PROCESS] [Method][getInt] [Int][collect_index] [Return][0]
D/S4URC   ( 2435): [SDK] [android.content.ContextWrapper][getSharedPreferences] [File][Uniplay.xml] [MODE][MODE_PRIVATE]
D/S4URC   ( 2435): [SDK] [android.content.ContextWrapper][getSharedPreferences] [File][Uniplay.xml] [MODE][MODE_PRIVATE] [Method][getString] [String][appid] [Return][1701400001]
D/S4URC   ( 2435): [SDK] [java.lang.Class] [forName] [FindClass][String] [com.android.internal.telephony.Phone]
D/S4URC   ( 2435): [SDK] [java.lang.Class] [forName] [FindClass][String] [com.android.internal.telephony.PhoneFactory]
D/S4URC   ( 2435): [SDK] [java.lang.Class] [forName] [FindClass][String] [android.telephony.MSimTelephonyManager]
D/S4URC   ( 2435): [SDK] [java.lang.Class] [forName] [FindClass][String] [android.telephony.TelephonyManager]
D/S4URC   ( 2435): [SDK] [java.io.File] [exists] [FilePath][String] [/data/data/com.dnwgame.supertriangle.mi/cache]
D/S4URC   ( 2435): [NDK] [SYSCALL] [access] [PATH][string] [/data/data/com.dnwgame.supertriangle.mi/cache]
D/S4URC   ( 2435): [SDK] [java.io.File] [exists] [FilePath][String] [/data/data/com.dnwgame.supertriangle.mi/cache]
D/S4URC   ( 2435): [NDK] [SYSCALL] [access] [PATH][string] [/data/data/com.dnwgame.supertriangle.mi/cache]
D/S4URC   ( 2435): [SDK] [java.io.File] [Constructor] [FilePath][String] [/data/data/com.dnwgame.supertriangle.mi/cache/39567340525A5574F48AEECE5F718027]
D/S4URC   ( 2435): [SDK] [java.io.File] [exists] [FilePath][String] [/data/data/com.dnwgame.supertriangle.mi/cache/39567340525A5574F48AEECE5F718027]
D/S4URC   ( 2435): [NDK] [SYSCALL] [access] [PATH][string] [/data/data/com.dnwgame.supertriangle.mi/cache/39567340525A5574F48AEECE5F718027]
D/S4URC   ( 2435): [SDK] [java.io.File] [mkdir] [FilePath][String] [/data/data/com.dnwgame.supertriangle.mi/cache/39567340525A5574F48AEECE5F718027]
D/S4URC   ( 2435): [NDK] [SYSCALL] [mkdir] [PATH][string] [/data/data/com.dnwgame.supertriangle.mi/cache/39567340525A5574F48AEECE5F718027] [MODE][int] [0700]
D/S4URC   ( 2435): [SDK] [android.telephony.TelephonyManager] [getDeviceId]
D/S4URC   ( 2435): [SDK] [java.io.File] [Constructor] [FilePath][String] [/data/data/com.dnwgame.supertriangle.mi/cache/39567340525A5574F48AEECE5F718027/policy.cache]
D/S4URC   ( 2435): [SDK] [android.content.ContextWrapper] [registerReceiver][IntentFilter][com.xiaomi.analytics.intent.DEBUG_ON,com.xiaomi.analytics.intent.DEBUG_OFF,com.xiaomi.analytics.intent.STAGING_ON,com.xiaomi.analytics.intent.STAGING_OFF,
D/S4URC   ( 2435): [SDK] [java.io.File] [exists] [FilePath][String] [/data/data/com.dnwgame.supertriangle.mi/cache/39567340525A5574F48AEECE5F718027/policy.cache]
D/S4URC   ( 2435): [NDK] [SYSCALL] [access] [PATH][string] [/data/data/com.dnwgame.supertriangle.mi/cache/39567340525A5574F48AEECE5F718027/policy.cache]
D/S4URC   ( 2435): [SDK] [java.lang.Class] [forName] [FindClass][String] [miui.os.Build]
D/S4URC   ( 2435): [SDK] [android.telephony.TelephonyManager] [getDeviceId]
D/S4URC   ( 2435): [SDK] [java.lang.Class] [forName] [FindClass][String] [android.os.ServiceManager]
D/S4URC   ( 2435): [SDK] [java.lang.Class] [forName] [FindClass][String] [com.android.internal.telephony.ITelephony$Stub]
D/S4URC   ( 2435): [SDK] [java.net] [HttpURLConnection] [URL][String] [http://sdkconfig.ad.xiaomi.com/api/detail/39567340525a5574f48aeece5f718027?ts=1535951096844&nonce=9A1668B5002692CDB9669EE6F4EDC146&sign=6b93e00f85bb9098fbaf63588fff8b74]
D/S4URC   ( 2435): [SDK] [java.lang.Class] [forName] [FindClass][String] [miui.os.Build]
D/S4URC   ( 2435): [SDK] [java.lang.Class] [forName] [FindClass][String] [com.huawei.android.hwnv.HWNVFuncation]
D/S4URC   ( 2435): [SDK] [java.io.File] [getPath] [FilePath][String] [/data/data/com.dnwgame.supertriangle.mi/shared_prefs]
D/S4URC   ( 2435): [SDK] [java.io.File] [getPath] [FilePath][String] [/data/data/com.dnwgame.supertriangle.mi/shared_prefs/heartbeat.xml]
D/S4URC   ( 2435): [SDK] [java.io.File] [Constructor] [FilePath][String] [/data/data/com.dnwgame.supertriangle.mi/shared_prefs/heartbeat.xml.bak]
D/S4URC   ( 2435): [SDK] [java.io.File] [getPath] [FilePath][String] [/data/data/com.dnwgame.supertriangle.mi/databases]
D/S4URC   ( 2435): [SDK] [java.io.File] [isDirectory] [FilePath][String] [/data/data/com.dnwgame.supertriangle.mi/databases]
D/S4URC   ( 2435): [NDK] [SYSCALL] [stat] [PATH][string] [/data/data/com.dnwgame.supertriangle.mi/databases]
D/S4URC   ( 2435): [SDK] [java.io.File] [exists] [FilePath][String] [/data/data/com.dnwgame.supertriangle.mi/shared_prefs/heartbeat.xml]
D/S4URC   ( 2435): [SDK] [java.io.File] [getPath] [FilePath][String] [/data/data/com.dnwgame.supertriangle.mi/databases/requests.db]
D/S4URC   ( 2435): [NDK] [SYSCALL] [access] [PATH][string] [/data/data/com.dnwgame.supertriangle.mi/shared_prefs/heartbeat.xml]
D/S4URC   ( 2435): [SDK] [java.io.File] [exists] [FilePath][String] [/data/data/com.dnwgame.supertriangle.mi/shared_prefs/heartbeat.xml]
D/S4URC   ( 2435): [NDK] [SYSCALL] [stat] [PATH][string] [/data/data/com.dnwgame.supertriangle.mi/databases/requests.db]
D/S4URC   ( 2435): [NDK] [SYSCALL] [access] [PATH][string] [/data/data/com.dnwgame.supertriangle.mi/shared_prefs/heartbeat.xml]
D/S4URC   ( 2435): [SDK] [android.content.ContextWrapper][getSharedPreferences] [File][heartbeat.xml] [MODE][MODE_PRIVATE]
D/S4URC   ( 2435): [NDK] [SYSCALL] [open] [PATH][string] [/data/data/com.dnwgame.supertriangle.mi/databases/requests.db] [RETURN][int] [119]
D/S4URC   ( 2435): [NDK] [SYSCALL] [stat] [PATH][string] [/data/data/com.dnwgame.supertriangle.mi/databases/requests.db]
D/S4URC   ( 2435): [SDK] [android.content.ContextWrapper][getSharedPreferences] [File][Uniplay.xml] [MODE][MODE_PRIVATE]
D/S4URC   ( 2435): [SDK] [android.content.ContextWrapper][getSharedPreferences] [File][Uniplay.xml] [MODE][MODE_PRIVATE] [Method][getString] [String][im] [Return][]
D/S4URC   ( 2435): [SDK] [android.content.ContextWrapper][getSharedPreferences] [File][Uniplay.xml] [MODE][MODE_PRIVATE] [Method][putString] [Key][im] [Value][]
D/S4URC   ( 2435): [SDK] [java.io.File] [exists] [FilePath][String] [/data/data/com.dnwgame.supertriangle.mi/shared_prefs/Uniplay.xml]
D/S4URC   ( 2435): [NDK] [SYSCALL] [access] [PATH][string] [/data/data/com.dnwgame.supertriangle.mi/shared_prefs/Uniplay.xml]
D/S4URC   ( 2435): [SDK] [android.content.ContextWrapper][getSharedPreferences] [File][Uniplay.xml] [MODE][MODE_PRIVATE] [Method][commit]
D/S4URC   ( 2435): [NDK] [SYSCALL] [access] [PATH][string] [/data/data/com.dnwgame.supertriangle.mi/databases/requests.db-journal]
D/S4URC   ( 2435): [NDK] [SYSCALL] [unlink] [PATH][string] [/data/data/com.dnwgame.supertriangle.mi/databases/requests.db-wal]
D/S4URC   ( 2435): [SDK] [android.content.ContextWrapper][getSharedPreferences] [File][Uniplay.xml] [MODE][MODE_PRIVATE]
D/S4URC   ( 2435): [SDK] [android.content.ContextWrapper][getSharedPreferences] [File][Uniplay.xml] [MODE][MODE_PRIVATE] [Method][putLong] [Key][heart_time] [Value][1535951096852]
D/S4URC   ( 2435): [SDK] [java.io.File] [exists] [FilePath][String] [/data/data/com.dnwgame.supertriangle.mi/shared_prefs/Uniplay.xml]
D/S4URC   ( 2435): [NDK] [SYSCALL] [access] [PATH][string] [/data/data/com.dnwgame.supertriangle.mi/shared_prefs/Uniplay.xml]
D/S4URC   ( 2435): [SDK] [java.io.File] [exists] [FilePath][String] [/data/data/com.dnwgame.supertriangle.mi/shared_prefs/Uniplay.xml.bak]
D/S4URC   ( 2435): [NDK] [SYSCALL] [access] [PATH][string] [/data/data/com.dnwgame.supertriangle.mi/shared_prefs/Uniplay.xml.bak]
D/S4URC   ( 2435): [SDK] [java.io.File] [renameTo] [FilePath][String] [/data/data/com.dnwgame.supertriangle.mi/shared_prefs/Uniplay.xml] [DesFile][/data/data/com.dnwgame.supertriangle.mi/shared_prefs/Uniplay.xml.bak]
D/S4URC   ( 2435): [NDK] [SYSCALL] [rename] [ORIG_PATH][string] [/data/data/com.dnwgame.supertriangle.mi/shared_prefs/Uniplay.xml] [NEW_PATH][string] [/data/data/com.dnwgame.supertriangle.mi/shared_prefs/Uniplay.xml.bak]
D/S4URC   ( 2435): [NDK] [SYSCALL] [access] [PATH][string] [/data/data/com.dnwgame.supertriangle.mi/databases/requests.db-journal]
D/S4URC   ( 2435): [NDK] [SYSCALL] [unlink] [PATH][string] [/data/data/com.dnwgame.supertriangle.mi/databases/requests.db-wal]
D/S4URC   ( 2435): [NDK] [SYSCALL] [stat] [PATH][string] [/data/data/com.dnwgame.supertriangle.mi/databases/requests.db]
D/S4URC   ( 2435): [SDK] [java.io.File] [getPath] [FilePath][String] [/data/data/com.dnwgame.supertriangle.mi/shared_prefs/Uniplay.xml]
D/S4URC   ( 2435): [NDK] [SYSCALL] [open] [PATH][string] [/data/data/com.dnwgame.supertriangle.mi/databases/requests.db-journal] [RETURN][int] [120]
D/S4URC   ( 2435): [NDK] [SYSCALL] [open] [PATH][string] [/data/data/com.dnwgame.supertriangle.mi/shared_prefs/Uniplay.xml] [RETURN][int] [121]
D/S4URC   ( 2435): [SDK] [java.net] [HttpURLConnection] [URL][String] [http://sdkconfig.ad.xiaomi.com/api/detail/39567340525a5574f48aeece5f718027?ts=1535951096854&nonce=4A660AC68C10E888AB055A4E1E727B8B&sign=0153a3fcf18d1d18749d7567e6094c7e]
D/S4URC   ( 2435): [SDK] [java.io.File] [exists] [FilePath][String] [/data/data/com.dnwgame.supertriangle.mi/shared_prefs/heartbeat.xml.bak]
D/S4URC   ( 2435): [NDK] [SYSCALL] [access] [PATH][string] [/data/data/com.dnwgame.supertriangle.mi/shared_prefs/heartbeat.xml.bak]
D/S4URC   ( 2435): [SDK] [java.io.File] [exists] [FilePath][String] [/data/data/com.dnwgame.supertriangle.mi/shared_prefs/heartbeat.xml]
D/S4URC   ( 2435): [NDK] [SYSCALL] [access] [PATH][string] [/data/data/com.dnwgame.supertriangle.mi/shared_prefs/heartbeat.xml]
D/S4URC   ( 2435): [SDK] [java.io.File] [getPath] [FilePath][String] [/data/data/com.dnwgame.supertriangle.mi/shared_prefs/heartbeat.xml]
D/S4URC   ( 2435): [NDK] [SYSCALL] [stat] [PATH][string] [/data/data/com.dnwgame.supertriangle.mi/shared_prefs/heartbeat.xml]
D/S4URC   ( 2435): [SDK] [android.content.ContextWrapper][getSharedPreferences] [File][Uniplay.xml] [MODE][MODE_PRIVATE] [Method][getIong] [Iong][heartbeat] [Return][0]
D/S4URC   ( 2435): [SDK] [android.content.ContextWrapper][getSharedPreferences] [File][heartbeat.xml] [MODE][MODE_PRIVATE]
D/S4URC   ( 2435): [SDK] [android.content.ContextWrapper][getSharedPreferences] [File][heartbeat.xml] [MODE][MODE_PRIVATE] [Method][putLong] [Key][heartbeat] [Value][1535951096858]
D/S4URC   ( 2435): [SDK] [android.content.ContextWrapper][getSharedPreferences] [File][heartbeat.xml] [MODE][MODE_PRIVATE] [Method][apply]
D/S4URC   ( 2435): [SDK] [java.io.File] [exists] [FilePath][String] [/data/data/com.dnwgame.supertriangle.mi/shared_prefs/heartbeat.xml]
D/S4URC   ( 2435): [SDK] [android.content.ContextWrapper][getSharedPreferences] [File][heartbeat.xml] [MODE][MODE_PRIVATE]
D/S4URC   ( 2435): [NDK] [SYSCALL] [access] [PATH][string] [/data/data/com.dnwgame.supertriangle.mi/shared_prefs/heartbeat.xml]
D/S4URC   ( 2435): [SDK] [android.content.ContextWrapper][getSharedPreferences] [File][heartbeat.xml] [MODE][MODE_PRIVATE] [Method][getIong] [Iong][heartbeat] [Return][1535951096858]
D/S4URC   ( 2435): [SDK] [java.io.File] [getPath] [FilePath][String] [/data/data/com.dnwgame.supertriangle.mi/shared_prefs/heartbeat.xml]
D/S4URC   ( 2435): [NDK] [SYSCALL] [open] [PATH][string] [/data/data/com.dnwgame.supertriangle.mi/databases] [RETURN][int] [123]
D/S4URC   ( 2435): [SDK] [java.io.File] [getPath] [FilePath][String] [/data/data/com.dnwgame.supertriangle.mi/shared_prefs/Uniplay.xml]
D/S4URC   ( 2435): [SDK] [java.lang.Class] [forName] [FindClass][String] [miui.os.Build]
D/S4URC   ( 2435): [NDK] [SYSCALL] [chmod] [PATH][string] [/data/data/com.dnwgame.supertriangle.mi/shared_prefs/Uniplay.xml] [MODE][int] [0660]
D/S4URC   ( 2435): [NDK] [SYSCALL] [open] [PATH][string] [/data/data/com.dnwgame.supertriangle.mi/shared_prefs/heartbeat.xml] [RETURN][int] [121]
D/S4URC   ( 2435): [SDK] [java.io.File] [getPath] [FilePath][String] [/data/data/com.dnwgame.supertriangle.mi/shared_prefs/Uniplay.xml]
D/S4URC   ( 2435): [SDK] [java.lang.Class] [forName] [FindClass][String] [miui.os.Build]
D/S4URC   ( 2435): [NDK] [SYSCALL] [stat] [PATH][string] [/data/data/com.dnwgame.supertriangle.mi/shared_prefs/Uniplay.xml]
D/S4URC   ( 2435): [SDK] [java.lang.Class] [forName] [FindClass][String] [miui.os.Build]
D/S4URC   ( 2435): [SDK] [java.io.File] [delete] [FilePath][String] [/data/data/com.dnwgame.supertriangle.mi/shared_prefs/Uniplay.xml.bak]
D/S4URC   ( 2435): [NDK] [SYSCALL] [lstat] [PATH][string] [/data/data/com.dnwgame.supertriangle.mi/shared_prefs/Uniplay.xml.bak]
D/S4URC   ( 2435): [NDK] [SYSCALL] [unlink] [PATH][string] [/data/data/com.dnwgame.supertriangle.mi/shared_prefs/Uniplay.xml.bak]
D/S4URC   ( 2435): [SDK] [java.lang.Class] [forName] [FindClass][String] [miui.os.Build]
D/S4URC   ( 2435): [SDK] [android.content.ContextWrapper][getSharedPreferences] [File][heartbeat.xml] [MODE][MODE_PRIVATE] [Method][commit]
D/S4URC   ( 2435): [SDK] [java.io.File] [getPath] [FilePath][String] [/data/data/com.dnwgame.supertriangle.mi/shared_prefs]
D/S4URC   ( 2435): [SDK] [java.io.File] [getPath] [FilePath][String] [/data/data/com.dnwgame.supertriangle.mi/shared_prefs/updater.xml]
D/S4URC   ( 2435): [SDK] [java.io.File] [Constructor] [FilePath][String] [/data/data/com.dnwgame.supertriangle.mi/shared_prefs/updater.xml.bak]
D/S4URC   ( 2435): [SDK] [java.io.File] [exists] [FilePath][String] [/data/data/com.dnwgame.supertriangle.mi/shared_prefs/updater.xml]
D/S4URC   ( 2435): [NDK] [SYSCALL] [access] [PATH][string] [/data/data/com.dnwgame.supertriangle.mi/shared_prefs/updater.xml]
D/S4URC   ( 2435): [SDK] [java.io.File] [exists] [FilePath][String] [/data/data/com.dnwgame.supertriangle.mi/shared_prefs/updater.xml]
D/S4URC   ( 2435): [NDK] [SYSCALL] [access] [PATH][string] [/data/data/com.dnwgame.supertriangle.mi/shared_prefs/updater.xml]
D/S4URC   ( 2435): [SDK] [android.content.ContextWrapper][getSharedPreferences] [File][updater.xml] [MODE][MODE_PRIVATE]
D/S4URC   ( 2435): [SDK] [java.io.File] [exists] [FilePath][String] [/data/data/com.dnwgame.supertriangle.mi/shared_prefs/updater.xml.bak]
D/S4URC   ( 2435): [NDK] [SYSCALL] [access] [PATH][string] [/data/data/com.dnwgame.supertriangle.mi/shared_prefs/updater.xml.bak]
D/S4URC   ( 2435): [SDK] [java.io.File] [exists] [FilePath][String] [/data/data/com.dnwgame.supertriangle.mi/shared_prefs/updater.xml]
D/S4URC   ( 2435): [NDK] [SYSCALL] [access] [PATH][string] [/data/data/com.dnwgame.supertriangle.mi/shared_prefs/updater.xml]
D/S4URC   ( 2435): [SDK] [java.io.File] [getPath] [FilePath][String] [/data/data/com.dnwgame.supertriangle.mi/shared_prefs/updater.xml]
D/S4URC   ( 2435): [NDK] [SYSCALL] [stat] [PATH][string] [/data/data/com.dnwgame.supertriangle.mi/shared_prefs/updater.xml]
D/S4URC   ( 2435): [SDK] [android.content.ContextWrapper][getSharedPreferences] [File][updater.xml] [MODE][MODE_PRIVATE] [Method][getIong] [Iong][updateTime] [Return][0]
D/S4URC   ( 2435): [SDK] [java.io.File] [getPath] [FilePath][String] [/data/data/com.dnwgame.supertriangle.mi]
D/S4URC   ( 2435): [SDK] [java.io.File] [exists] [FilePath][String] [/data/data/com.dnwgame.supertriangle.mi/app_analytics]
D/S4URC   ( 2435): [NDK] [SYSCALL] [access] [PATH][string] [/data/data/com.dnwgame.supertriangle.mi/app_analytics]
D/S4URC   ( 2435): [SDK] [java.lang.Class] [forName] [FindClass][String] [miui.os.Build]
D/S4URC   ( 2435): [SDK] [java.lang.Class] [forName] [FindClass][String] [android.os.SystemProperties]
D/S4URC   ( 2435): [SDK] [android.content.ContextWrapper][getSharedPreferences] [File][updater.xml] [MODE][MODE_PRIVATE]
D/S4URC   ( 2435): [SDK] [java.lang.Class] [forName] [FindClass][String] [android.os.SystemProperties]
D/S4URC   ( 2435): [SDK] [java.lang.Class] [forName] [FindClass][String] [miui.os.Build]
D/S4URC   ( 2435): [SDK] [java.io.File] [exists] [FilePath][String] [/data/data/com.dnwgame.supertriangle.mi/cache]
D/S4URC   ( 2435): [NDK] [SYSCALL] [access] [PATH][string] [/data/data/com.dnwgame.supertriangle.mi/cache]
D/S4URC   ( 2435): [SDK] [java.io.File] [getPath] [FilePath][String] [/storage/sdcard0]
D/S4URC   ( 2435): [SDK] [java.io.File] [Constructor] [FilePath][String] [/data/data/com.dnwgame.supertriangle.mi/cache/39567340525A5574F48AEECE5F718027]
D/S4URC   ( 2435): [SDK] [android.os.Environment] [getExternalStorageDirectory] [DirectoryPath][String] [/storage/sdcard0]
D/S4URC   ( 2435): [SDK] [java.io.File] [exists] [FilePath][String] [/data/data/com.dnwgame.supertriangle.mi/cache/39567340525A5574F48AEECE5F718027]
D/S4URC   ( 2435): [SDK] [java.io.File] [getPath] [FilePath][String] [/storage/sdcard0]
D/S4URC   ( 2435): [NDK] [SYSCALL] [access] [PATH][string] [/data/data/com.dnwgame.supertriangle.mi/cache/39567340525A5574F48AEECE5F718027]
D/S4URC   ( 2435): [SDK] [java.io.File] [Constructor] [FilePath][String] [/data/data/com.dnwgame.supertriangle.mi/cache/39567340525A5574F48AEECE5F718027/policy.cache]
D/S4URC   ( 2435): [SDK] [java.io.File] [exists] [FilePath][String] [/data/data/com.dnwgame.supertriangle.mi/cache/39567340525A5574F48AEECE5F718027/policy.cache]
D/S4URC   ( 2435): [NDK] [SYSCALL] [access] [PATH][string] [/data/data/com.dnwgame.supertriangle.mi/cache/39567340525A5574F48AEECE5F718027/policy.cache]
D/S4URC   ( 2435): [SDK] [java.io.File] [Constructor] [FilePath][String] [/storage/sdcard0/Uniplay/Data]
D/S4URC   ( 2435): [SDK] [java.lang.Class] [forName] [FindClass][String] [miui.os.Build]
D/S4URC   ( 2435): [SDK] [java.io.File] [getPath] [FilePath][String] [/storage/sdcard0/Uniplay/Data]
D/S4URC   ( 2435): [SDK] [java.io.File] [isDirectory] [FilePath][String] [/storage/sdcard0/Uniplay/Data]
D/S4URC   ( 2435): [NDK] [SYSCALL] [stat] [PATH][string] [/storage/sdcard0/Uniplay/Data]
D/S4URC   ( 2435): [SDK] [java.io.File] [mkdir] [FilePath][String] [/storage/sdcard0/Uniplay/Data]
D/S4URC   ( 2435): [NDK] [SYSCALL] [mkdir] [PATH][string] [/storage/sdcard0/Uniplay/Data] [MODE][int] [0700]
D/S4URC   ( 2435): [SDK] [java.io.File] [getPath] [FilePath][String] [/storage/sdcard0/Uniplay/Data/uniplayad.db]
D/S4URC   ( 2435): [SDK] [android.content.ContextWrapper][getSharedPreferences] [File][updater.xml] [MODE][MODE_PRIVATE] [Method][putLong] [Key][updateTime] [Value][1535951096867]
D/S4URC   ( 2435): [SDK] [java.io.File] [getPath] [FilePath][String] [/data/data/com.dnwgame.supertriangle.mi/shared_prefs/heartbeat.xml]
D/S4URC   ( 2435): [NDK] [SYSCALL] [chmod] [PATH][string] [/data/data/com.dnwgame.supertriangle.mi/shared_prefs/heartbeat.xml] [MODE][int] [0660]
D/S4URC   ( 2435): [SDK] [android.content.ContextWrapper][getSharedPreferences] [File][updater.xml] [MODE][MODE_PRIVATE] [Method][apply]
D/S4URC   ( 2435): [NDK] [SYSCALL] [stat] [PATH][string] [/storage/sdcard0/Uniplay/Data/uniplayad.db]
D/S4URC   ( 2435): [SDK] [java.io.File] [getPath] [FilePath][String] [/data/data/com.dnwgame.supertriangle.mi/shared_prefs/heartbeat.xml]
D/S4URC   ( 2435): [NDK] [SYSCALL] [stat] [PATH][string] [/data/data/com.dnwgame.supertriangle.mi/shared_prefs/heartbeat.xml]
D/S4URC   ( 2435): [SDK] [java.io.File] [delete] [FilePath][String] [/data/data/com.dnwgame.supertriangle.mi/shared_prefs/heartbeat.xml.bak]
D/S4URC   ( 2435): [NDK] [SYSCALL] [lstat] [PATH][string] [/data/data/com.dnwgame.supertriangle.mi/shared_prefs/heartbeat.xml.bak]
D/S4URC   ( 2435): [NDK] [SYSCALL] [open] [PATH][string] [/storage/sdcard0/Uniplay/Data/uniplayad.db] [RETURN][int] [-1]
D/S4URC   ( 2435): [SDK] [java.io.File] [exists] [FilePath][String] [/data/data/com.dnwgame.supertriangle.mi/shared_prefs/updater.xml]
D/S4URC   ( 2435): [NDK] [SYSCALL] [access] [PATH][string] [/data/data/com.dnwgame.supertriangle.mi/shared_prefs/updater.xml]
D/S4URC   ( 2435): [SDK] [java.lang.Class] [forName] [FindClass][String] [android.os.SystemProperties]
D/S4URC   ( 2435): [SDK] [java.io.File] [getPath] [FilePath][String] [/data/data/com.dnwgame.supertriangle.mi/shared_prefs/updater.xml]
D/S4URC   ( 2435): [SDK] [java.lang.Class] [forName] [FindClass][String] [android.os.SystemProperties]
D/S4URC   ( 2435): [SDK] [java.lang.Class] [forName] [FindClass][String] [miui.os.Build]
D/S4URC   ( 2435): [NDK] [SYSCALL] [open] [PATH][string] [/data/data/com.dnwgame.supertriangle.mi/shared_prefs/updater.xml] [RETURN][int] [121]
D/S4URC   ( 2435): [SDK] [java.io.File] [exists] [FilePath][String] [/data/data/com.dnwgame.supertriangle.mi/cache]
D/S4URC   ( 2435): [NDK] [SYSCALL] [access] [PATH][string] [/data/data/com.dnwgame.supertriangle.mi/cache]
D/S4URC   ( 2435): [SDK] [java.io.File] [Constructor] [FilePath][String] [/data/data/com.dnwgame.supertriangle.mi/cache/39567340525A5574F48AEECE5F718027]
D/S4URC   ( 2435): [SDK] [java.io.File] [exists] [FilePath][String] [/data/data/com.dnwgame.supertriangle.mi/cache/39567340525A5574F48AEECE5F718027]
D/S4URC   ( 2435): [NDK] [SYSCALL] [access] [PATH][string] [/data/data/com.dnwgame.supertriangle.mi/cache/39567340525A5574F48AEECE5F718027]
D/S4URC   ( 2435): [SDK] [java.io.File] [Constructor] [FilePath][String] [/data/data/com.dnwgame.supertriangle.mi/cache/39567340525A5574F48AEECE5F718027/policy.cache]
D/S4URC   ( 2435): [SDK] [java.io.File] [exists] [FilePath][String] [/data/data/com.dnwgame.supertriangle.mi/cache/39567340525A5574F48AEECE5F718027/policy.cache]
D/S4URC   ( 2435): [NDK] [SYSCALL] [access] [PATH][string] [/data/data/com.dnwgame.supertriangle.mi/cache/39567340525A5574F48AEECE5F718027/policy.cache]
D/S4URC   ( 2435): [SDK] [java.lang.Class] [forName] [FindClass][String] [miui.os.Build]
D/S4URC   ( 2435): [NDK] [SYSCALL] [access] [PATH][string] [/data/data/com.dnwgame.supertriangle.mi/databases/requests.db-journal]
D/S4URC   ( 2435): [NDK] [SYSCALL] [stat] [PATH][string] [/data/data/com.dnwgame.supertriangle.mi/databases/requests.db-journal]
D/S4URC   ( 2435): [NDK] [SYSCALL] [stat] [PATH][string] [/data/data/com.dnwgame.supertriangle.mi/databases/requests.db]
D/S4URC   ( 2435): [NDK] [SYSCALL] [open] [PATH][string] [/data/data/com.dnwgame.supertriangle.mi/databases/requests.db-journal] [RETURN][int] [120]
D/S4URC   ( 2435): [NDK] [SYSCALL] [access] [PATH][string] [/data/data/com.dnwgame.supertriangle.mi/databases/requests.db-wal]
D/S4URC   ( 2435): [NDK] [SYSCALL] [access] [PATH][string] [/data/data/com.dnwgame.supertriangle.mi/databases/requests.db-journal]
D/S4URC   ( 2435): [NDK] [SYSCALL] [stat] [PATH][string] [/data/data/com.dnwgame.supertriangle.mi/databases/requests.db-journal]
D/S4URC   ( 2435): [NDK] [SYSCALL] [stat] [PATH][string] [/data/data/com.dnwgame.supertriangle.mi/databases/requests.db]
D/S4URC   ( 2435): [NDK] [SYSCALL] [open] [PATH][string] [/data/data/com.dnwgame.supertriangle.mi/databases/requests.db-journal] [RETURN][int] [120]
D/S4URC   ( 2435): [NDK] [SYSCALL] [access] [PATH][string] [/data/data/com.dnwgame.supertriangle.mi/databases/requests.db-wal]
D/S4URC   ( 2435): [SDK] [java.io.File] [getPath] [FilePath][String] [/data/data/com.dnwgame.supertriangle.mi/shared_prefs/updater.xml]
D/S4URC   ( 2435): [NDK] [SYSCALL] [chmod] [PATH][string] [/data/data/com.dnwgame.supertriangle.mi/shared_prefs/updater.xml] [MODE][int] [0660]
D/S4URC   ( 2435): [SDK] [java.io.File] [getPath] [FilePath][String] [/data/data/com.dnwgame.supertriangle.mi/shared_prefs/updater.xml]
D/S4URC   ( 2435): [NDK] [SYSCALL] [stat] [PATH][string] [/data/data/com.dnwgame.supertriangle.mi/shared_prefs/updater.xml]
D/S4URC   ( 2435): [SDK] [java.io.File] [delete] [FilePath][String] [/data/data/com.dnwgame.supertriangle.mi/shared_prefs/updater.xml.bak]
D/S4URC   ( 2435): [NDK] [SYSCALL] [lstat] [PATH][string] [/data/data/com.dnwgame.supertriangle.mi/shared_prefs/updater.xml.bak]
D/S4URC   ( 2435): [SDK] [java.io.File] [getPath] [FilePath][String] [/storage/sdcard0/Uniplay/Data/uniplayad.db]
D/S4URC   ( 2435): [SDK] [java.io.File] [getPath] [FilePath][String] [/data/data/com.dnwgame.supertriangle.mi/databases/requests.db]
D/S4URC   ( 2435): [NDK] [SYSCALL] [open] [PATH][string] [/data/data/com.dnwgame.supertriangle.mi/databases/requests.db-journal] [RETURN][int] [120]
D/S4URC   ( 2435): [SDK] [android.database.sqlite.SQLiteDatabase] [execSQL] [ExecInfo][String] [create table request(_id INTEGER PRIMARY KEY, url TEXT, event_time INT8,status INT)]
D/S4URC   ( 2435): [NDK] [SYSCALL] [open] [PATH][string] [/data/data/com.dnwgame.supertriangle.mi/databases] [RETURN][int] [121]
D/S4URC   ( 2435): [NDK] [SYSCALL] [access] [PATH][string] [/data/data/com.dnwgame.supertriangle.mi/databases/requests.db-journal]
D/S4URC   ( 2435): [NDK] [SYSCALL] [stat] [PATH][string] [/data/data/com.dnwgame.supertriangle.mi/databases/requests.db-journal]
D/S4URC   ( 2435): [NDK] [SYSCALL] [stat] [PATH][string] [/data/data/com.dnwgame.supertriangle.mi/databases/requests.db]
D/S4URC   ( 2435): [NDK] [SYSCALL] [open] [PATH][string] [/data/data/com.dnwgame.supertriangle.mi/databases/requests.db-journal] [RETURN][int] [121]
D/S4URC   ( 2435): [NDK] [SYSCALL] [access] [PATH][string] [/data/data/com.dnwgame.supertriangle.mi/databases/requests.db-wal]
D/S4URC   ( 2435): [NDK] [SYSCALL] [access] [PATH][string] [/data/data/com.dnwgame.supertriangle.mi/databases/requests.db-journal]
D/S4URC   ( 2435): [NDK] [SYSCALL] [stat] [PATH][string] [/data/data/com.dnwgame.supertriangle.mi/databases/requests.db-journal]
D/S4URC   ( 2435): [NDK] [SYSCALL] [stat] [PATH][string] [/data/data/com.dnwgame.supertriangle.mi/databases/requests.db]
D/S4URC   ( 2435): [NDK] [SYSCALL] [open] [PATH][string] [/data/data/com.dnwgame.supertriangle.mi/databases/requests.db-journal] [RETURN][int] [121]
D/S4URC   ( 2435): [NDK] [SYSCALL] [socket] [TYPE][string] [TCP]
D/S4URC   ( 2435): [NDK] [SYSCALL] [open] [PATH][string] [/proc/cpuinfo] [RETURN][int] [48]
D/S4URC   ( 2435): [NDK] [SYSCALL] [open] [PATH][string] [/dev/urandom] [RETURN][int] [45]
D/S4URC   ( 2435): [SDK] [java.io.File] [getPath] [FilePath][String] [/data/data/com.dnwgame.supertriangle.mi/databases]
D/S4URC   ( 2435): [SDK] [java.io.File] [isDirectory] [FilePath][String] [/data/data/com.dnwgame.supertriangle.mi/databases]
D/S4URC   ( 2435): [NDK] [SYSCALL] [stat] [PATH][string] [/data/data/com.dnwgame.supertriangle.mi/databases]
D/S4URC   ( 2435): [SDK] [java.io.File] [getPath] [FilePath][String] [/data/data/com.dnwgame.supertriangle.mi/databases/jsb.sqlite]
D/S4URC   ( 2435): [NDK] [SYSCALL] [stat] [PATH][string] [/data/data/com.dnwgame.supertriangle.mi/databases/jsb.sqlite]
D/S4URC   ( 2435): [NDK] [SYSCALL] [open] [PATH][string] [/data/data/com.dnwgame.supertriangle.mi/databases/jsb.sqlite] [RETURN][int] [45]
D/S4URC   ( 2435): [NDK] [SYSCALL] [stat] [PATH][string] [/data/data/com.dnwgame.supertriangle.mi/databases/jsb.sqlite]
D/S4URC   ( 2435): [NDK] [SYSCALL] [access] [PATH][string] [/data/data/com.dnwgame.supertriangle.mi/databases/jsb.sqlite-journal]
D/S4URC   ( 2435): [NDK] [SYSCALL] [unlink] [PATH][string] [/data/data/com.dnwgame.supertriangle.mi/databases/jsb.sqlite-wal]
D/S4URC   ( 2435): [NDK] [SYSCALL] [access] [PATH][string] [/data/data/com.dnwgame.supertriangle.mi/databases/jsb.sqlite-journal]
D/S4URC   ( 2435): [NDK] [SYSCALL] [unlink] [PATH][string] [/data/data/com.dnwgame.supertriangle.mi/databases/jsb.sqlite-wal]
D/S4URC   ( 2435): [NDK] [SYSCALL] [stat] [PATH][string] [/data/data/com.dnwgame.supertriangle.mi/databases/jsb.sqlite]
D/S4URC   ( 2435): [NDK] [SYSCALL] [open] [PATH][string] [/data/data/com.dnwgame.supertriangle.mi/databases/jsb.sqlite-journal] [RETURN][int] [47]
D/S4URC   ( 2435): [NDK] [SYSCALL] [open] [PATH][string] [/efs/bluetooth/bt_addr] [RETURN][int] [-1]
D/S4URC   ( 2435): [NDK] [SYSCALL] [open] [PATH][string] [/data/data/com.dnwgame.supertriangle.mi/databases] [RETURN][int] [50]
D/S4URC   ( 2435): [NDK] [SYSCALL] [access] [PATH][string] [/data/data/com.dnwgame.supertriangle.mi/databases/jsb.sqlite-journal]
D/S4URC   ( 2435): [NDK] [SYSCALL] [stat] [PATH][string] [/data/data/com.dnwgame.supertriangle.mi/databases/jsb.sqlite-journal]
D/S4URC   ( 2435): [NDK] [SYSCALL] [stat] [PATH][string] [/data/data/com.dnwgame.supertriangle.mi/databases/jsb.sqlite]
D/S4URC   ( 2435): [NDK] [SYSCALL] [open] [PATH][string] [/data/data/com.dnwgame.supertriangle.mi/databases/jsb.sqlite-journal] [RETURN][int] [47]
D/S4URC   ( 2435): [NDK] [SYSCALL] [access] [PATH][string] [/data/data/com.dnwgame.supertriangle.mi/databases/jsb.sqlite-wal]
D/S4URC   ( 2435): [NDK] [SYSCALL] [access] [PATH][string] [/data/data/com.dnwgame.supertriangle.mi/databases/jsb.sqlite-journal]
D/S4URC   ( 2435): [NDK] [SYSCALL] [stat] [PATH][string] [/data/data/com.dnwgame.supertriangle.mi/databases/jsb.sqlite-journal]
D/S4URC   ( 2435): [NDK] [SYSCALL] [stat] [PATH][string] [/data/data/com.dnwgame.supertriangle.mi/databases/jsb.sqlite]
D/S4URC   ( 2435): [NDK] [SYSCALL] [open] [PATH][string] [/data/data/com.dnwgame.supertriangle.mi/databases/jsb.sqlite-journal] [RETURN][int] [47]
D/S4URC   ( 2435): [NDK] [SYSCALL] [access] [PATH][string] [/data/data/com.dnwgame.supertriangle.mi/databases/jsb.sqlite-wal]
D/S4URC   ( 2435): [NDK] [SYSCALL] [stat] [PATH][string] [/data/data/com.dnwgame.supertriangle.mi/databases/jsb.sqlite]
D/S4URC   ( 2435): [NDK] [SYSCALL] [open] [PATH][string] [/data/data/com.dnwgame.supertriangle.mi/databases/jsb.sqlite-journal] [RETURN][int] [47]
D/S4URC   ( 2435): [NDK] [SYSCALL] [open] [PATH][string] [/data/data/com.dnwgame.supertriangle.mi/databases] [RETURN][int] [50]
D/S4URC   ( 2435): [SDK] [java.io.File] [getPath] [FilePath][String] [/data/data/com.dnwgame.supertriangle.mi/databases/jsb.sqlite]
D/S4URC   ( 2435): [NDK] [SYSCALL] [chmod] [PATH][string] [/data/data/com.dnwgame.supertriangle.mi/databases/jsb.sqlite] [MODE][int] [0660]
D/S4URC   ( 2435): [NDK] [SYSCALL] [access] [PATH][string] [/data/data/com.dnwgame.supertriangle.mi/databases/jsb.sqlite-journal]
D/S4URC   ( 2435): [NDK] [SYSCALL] [stat] [PATH][string] [/data/data/com.dnwgame.supertriangle.mi/databases/jsb.sqlite-journal]
D/S4URC   ( 2435): [NDK] [SYSCALL] [stat] [PATH][string] [/data/data/com.dnwgame.supertriangle.mi/databases/jsb.sqlite]
D/S4URC   ( 2435): [NDK] [SYSCALL] [open] [PATH][string] [/data/data/com.dnwgame.supertriangle.mi/databases/jsb.sqlite-journal] [RETURN][int] [47]
D/S4URC   ( 2435): [NDK] [SYSCALL] [access] [PATH][string] [/data/data/com.dnwgame.supertriangle.mi/databases/jsb.sqlite-wal]
D/S4URC   ( 2435): [NDK] [SYSCALL] [access] [PATH][string] [/data/data/com.dnwgame.supertriangle.mi/databases/jsb.sqlite-journal]
D/S4URC   ( 2435): [NDK] [SYSCALL] [stat] [PATH][string] [/data/data/com.dnwgame.supertriangle.mi/databases/jsb.sqlite-journal]
D/S4URC   ( 2435): [NDK] [SYSCALL] [stat] [PATH][string] [/data/data/com.dnwgame.supertriangle.mi/databases/jsb.sqlite]
D/S4URC   ( 2435): [NDK] [SYSCALL] [open] [PATH][string] [/data/data/com.dnwgame.supertriangle.mi/databases/jsb.sqlite-journal] [RETURN][int] [47]
D/S4URC   ( 2435): [NDK] [SYSCALL] [access] [PATH][string] [/data/data/com.dnwgame.supertriangle.mi/databases/jsb.sqlite-wal]
D/S4URC   ( 2435): [NDK] [SYSCALL] [stat] [PATH][string] [/data/data/com.dnwgame.supertriangle.mi/databases/jsb.sqlite]
D/S4URC   ( 2435): [NDK] [SYSCALL] [open] [PATH][string] [/data/data/com.dnwgame.supertriangle.mi/databases/jsb.sqlite-journal] [RETURN][int] [47]
D/S4URC   ( 2435): [SDK] [android.database.sqlite.SQLiteDatabase] [execSQL] [ExecInfo][String] [CREATE TABLE IF NOT EXISTS data(key TEXT PRIMARY KEY,value TEXT);]
D/S4URC   ( 2435): [SDK] [android.database.sqlite.SQLiteDatabase] [execSQL] [ExecInfo][String] [PRAGMA user_version = 1]
D/S4URC   ( 2435): [NDK] [SYSCALL] [open] [PATH][string] [/data/data/com.dnwgame.supertriangle.mi/databases] [RETURN][int] [50]
D/S4URC   ( 2435): [SDK] [android.telephony.TelephonyManager] [getSubscriberId]
D/S4URC   ( 2435): [SDK] [android.app.ApplicationPackageManager] [getPackageInfo] [FindPackageName][String] [com.dnwgame.supertriangle.mi]
D/S4URC   ( 2435): [NDK] [SYSCALL] [open] [PATH][string] [/proc/meminfo] [RETURN][int] [39]
D/S4URC   ( 2435): [SDK] [java.io.File] [getPath] [FilePath][String] [/data]
D/S4URC   ( 2435): [SDK] [android.os.Environment] [getDataDirectory] [DataDirectoryPath][String] [/data]
D/S4URC   ( 2435): [SDK] [java.io.File] [getPath] [FilePath][String] [/data]
D/S4URC   ( 2435): [SDK] [android.content.Intent] [Constructor] [IntentInfo][String] [android.intent.action.MAIN]
D/S4URC   ( 2779): [NDK] [SYSCALL] [system] [PATH][string] [cat /proc/cpuinfo]
D/S4URC   ( 2435): [NDK] [SYSCALL] [stat] [PATH][string] [/system/bin/su]
D/S4URC   ( 2435): [NDK] [SYSCALL] [access] [PATH][string] [/data/data/com.dnwgame.supertriangle.mi/databases/jsb.sqlite-journal]
D/S4URC   ( 2435): [NDK] [SYSCALL] [stat] [PATH][string] [/data/data/com.dnwgame.supertriangle.mi/databases/jsb.sqlite-journal]
D/S4URC   ( 2435): [NDK] [SYSCALL] [stat] [PATH][string] [/data/data/com.dnwgame.supertriangle.mi/databases/jsb.sqlite]
D/S4URC   ( 2435): [NDK] [SYSCALL] [open] [PATH][string] [/data/data/com.dnwgame.supertriangle.mi/databases/jsb.sqlite-journal] [RETURN][int] [47]
D/S4URC   ( 2435): [NDK] [SYSCALL] [access] [PATH][string] [/data/data/com.dnwgame.supertriangle.mi/databases/jsb.sqlite-wal]
D/S4URC   ( 2435): [NDK] [SYSCALL] [access] [PATH][string] [/data/data/com.dnwgame.supertriangle.mi/databases/jsb.sqlite-journal]
D/S4URC   ( 2435): [NDK] [SYSCALL] [stat] [PATH][string] [/data/data/com.dnwgame.supertriangle.mi/databases/jsb.sqlite-journal]
D/S4URC   ( 2435): [NDK] [SYSCALL] [stat] [PATH][string] [/data/data/com.dnwgame.supertriangle.mi/databases/jsb.sqlite]
D/S4URC   ( 2435): [NDK] [SYSCALL] [open] [PATH][string] [/data/data/com.dnwgame.supertriangle.mi/databases/jsb.sqlite-journal] [RETURN][int] [39]
D/S4URC   ( 2435): [NDK] [SYSCALL] [access] [PATH][string] [/data/data/com.dnwgame.supertriangle.mi/databases/jsb.sqlite-wal]
D/S4URC   ( 2435): [NDK] [SYSCALL] [stat] [PATH][string] [/data/data/com.dnwgame.supertriangle.mi/databases/jsb.sqlite]
D/S4URC   ( 2435): [NDK] [SYSCALL] [open] [PATH][string] [/data/data/com.dnwgame.supertriangle.mi/databases/jsb.sqlite-journal] [RETURN][int] [39]
D/S4URC   ( 2757): [SDK] [java.lang.Class] [forName] [FindClass][String] [java.net.HttpURLConnection]
D/S4URC   ( 2757): [SDK] [java.lang.Class] [forName] [FindClass][String] [com.android.okhttp.internal.http.HttpURLConnectionImpl]
D/S4URC   ( 2757): [SDK] [java.lang.Class] [forName] [FindClass][String] [java.net.Socket]
D/S4URC   ( 2757): [SDK] [java.lang.Class] [forName] [FindClass][String] [android.telephony.TelephonyManager]
D/S4URC   ( 2435): [NDK] [SYSCALL] [open] [PATH][string] [/data/data/com.dnwgame.supertriangle.mi/databases] [RETURN][int] [47]
D/S4URC   ( 2757): [SDK] [java.lang.Class] [forName] [FindClass][String] [android.telephony.TelephonyManager]
D/S4URC   ( 2757): [SDK] [java.lang.Class] [forName] [FindClass][String] [android.os.Debug]
D/S4URC   ( 2757): [SDK] [java.lang.Class] [forName] [FindClass][String] [android.hardware.SensorManager]
D/S4URC   ( 2435): [SDK] [android.database.sqlite.SQLiteDatabase] [execSQL] [ExecInfo][String] [replace into data(key,value)values(?,?)] [Bind][2]
D/S4URC   ( 2435): [SDK] [android.app.ApplicationPackageManager] [getInstalledPackages]
D/S4URC   ( 2435): [NDK] [SYSCALL] [stat] [PATH][string] [/data/nvram]
D/S4URC   ( 2782): [NDK] [SYSCALL] [system] [PATH][string] [netstat]
D/S4URC   ( 2757): [SDK] [java.lang.Class] [forName] [FindClass][String] [android.content.res.ResourcesKey]
D/S4URC   ( 2757): [SDK] [java.lang.Class] [forName] [FindClass][String] [android.app.ResourcesManager]
D/S4URC   ( 2757): [SDK] [java.io.File] [Constructor] [FilePath][String] [/data/app/com.dnwgame.supertriangle.mi-1/base.apk]
D/S4URC   ( 2757): [SDK] [java.io.File] [getPath] [FilePath][String] [/data/data/com.dnwgame.supertriangle.mi]
D/S4URC   ( 2757): [SDK] [java.io.File] [exists] [FilePath][String] [/data/data/com.dnwgame.supertriangle.mi/cache]
D/S4URC   ( 2757): [SDK] [java.io.File] [getPath] [FilePath][String] [/data/data/com.dnwgame.supertriangle.mi/cache]
D/S4URC   ( 2757): [SDK] [java.lang.Runtime] [loadLibrary] [SoPath][String] [me_unipay]
D/S4URC   ( 2757): [SDK] [java.io.File] [getPath] [FilePath][String] [/data/app/com.dnwgame.supertriangle.mi-1/lib/arm]
D/S4URC   ( 2757): [SDK] [java.io.File] [getPath] [FilePath][String] [/data/app/com.dnwgame.supertriangle.mi-1/lib/arm/libme_unipay.so]
D/S4URC   ( 2784): [NDK] [SYSCALL] [system] [PATH][string] [cat /proc/net/arp]
D/S4URC   ( 2785): [NDK] [SYSCALL] [system] [PATH][string] [ls /dev/socket]
D/S4URC   ( 2435): [NDK] [SYSCALL] [getcwd] [PATH][string] [/]
D/S4URC   ( 2435): [NDK] [SYSCALL] [lstat] [PATH][string] [/internal.dex]
D/S4URC   ( 2786): [NDK] [SYSCALL] [system] [PATH][string] [service call iphonesubinfo 1]
D/S4URC   ( 2435): [SDK] [android.content.ContextWrapper][getSharedPreferences] [File][updater.xml] [MODE][MODE_PRIVATE] [Method][putString] [Key][DC_ETAG] [Value][F009D9FAD388CBD5D3BD4244C204B456]
D/S4URC   ( 2435): [SDK] [java.io.File] [exists] [FilePath][String] [/data/data/com.dnwgame.supertriangle.mi/shared_prefs/dc.F238A2BF29C63CA73AF8B6037B8051FE.preferences.xml]
D/S4URC   ( 2435): [NDK] [SYSCALL] [access] [PATH][string] [/data/data/com.dnwgame.supertriangle.mi/shared_prefs/dc.F238A2BF29C63CA73AF8B6037B8051FE.preferences.xml]
D/S4URC   ( 2435): [SDK] [java.io.File] [exists] [FilePath][String] [/data/data/com.dnwgame.supertriangle.mi/shared_prefs/dc.F238A2BF29C63CA73AF8B6037B8051FE.preferences.xml.bak]
D/S4URC   ( 2435): [NDK] [SYSCALL] [access] [PATH][string] [/data/data/com.dnwgame.supertriangle.mi/shared_prefs/dc.F238A2BF29C63CA73AF8B6037B8051FE.preferences.xml.bak]
D/S4URC   ( 2435): [SDK] [java.io.File] [renameTo] [FilePath][String] [/data/data/com.dnwgame.supertriangle.mi/shared_prefs/dc.F238A2BF29C63CA73AF8B6037B8051FE.preferences.xml] [DesFile][/data/data/com.dnwgame.supertriangle.mi/shared_prefs/dc.F238A2BF29C63CA73AF8B6037B8051FE.preferences.xml.bak]
D/S4URC   ( 2435): [NDK] [SYSCALL] [rename] [ORIG_PATH][string] [/data/data/com.dnwgame.supertriangle.mi/shared_prefs/dc.F238A2BF29C63CA73AF8B6037B8051FE.preferences.xml] [NEW_PATH][string] [/data/data/com.dnwgame.supertriangle.mi/shared_prefs/dc.F238A2BF29C63CA73AF8B6037B8051FE.preferences.xml.bak]
D/S4URC   ( 2435): [SDK] [java.io.File] [getPath] [FilePath][String] [/data/data/com.dnwgame.supertriangle.mi/shared_prefs/dc.F238A2BF29C63CA73AF8B6037B8051FE.preferences.xml]
D/S4URC   ( 2435): [NDK] [SYSCALL] [open] [PATH][string] [/data/data/com.dnwgame.supertriangle.mi/shared_prefs/dc.F238A2BF29C63CA73AF8B6037B8051FE.preferences.xml] [RETURN][int] [47]
D/S4URC   ( 2435): [SDK] [java.io.File] [getPath] [FilePath][String] [/data/data/com.dnwgame.supertriangle.mi/shared_prefs/dc.F238A2BF29C63CA73AF8B6037B8051FE.preferences.xml]
D/S4URC   ( 2435): [NDK] [SYSCALL] [chmod] [PATH][string] [/data/data/com.dnwgame.supertriangle.mi/shared_prefs/dc.F238A2BF29C63CA73AF8B6037B8051FE.preferences.xml] [MODE][int] [0660]
D/S4URC   ( 2435): [SDK] [java.io.File] [getPath] [FilePath][String] [/data/data/com.dnwgame.supertriangle.mi/shared_prefs/dc.F238A2BF29C63CA73AF8B6037B8051FE.preferences.xml]
D/S4URC   ( 2435): [NDK] [SYSCALL] [stat] [PATH][string] [/data/data/com.dnwgame.supertriangle.mi/shared_prefs/dc.F238A2BF29C63CA73AF8B6037B8051FE.preferences.xml]
D/S4URC   ( 2435): [SDK] [java.io.File] [delete] [FilePath][String] [/data/data/com.dnwgame.supertriangle.mi/shared_prefs/dc.F238A2BF29C63CA73AF8B6037B8051FE.preferences.xml.bak]
D/S4URC   ( 2435): [NDK] [SYSCALL] [lstat] [PATH][string] [/data/data/com.dnwgame.supertriangle.mi/shared_prefs/dc.F238A2BF29C63CA73AF8B6037B8051FE.preferences.xml.bak]
D/S4URC   ( 2435): [NDK] [SYSCALL] [unlink] [PATH][string] [/data/data/com.dnwgame.supertriangle.mi/shared_prefs/dc.F238A2BF29C63CA73AF8B6037B8051FE.preferences.xml.bak]
D/S4URC   ( 2435): ]
D/S4URC   ( 2435): [SDK] [java.io.File] [exists] [FilePath][String] [/data/data/com.dnwgame.supertriangle.mi/shared_prefs/dc.F238A2BF29C63CA73AF8B6037B8051FE.preferences.xml]
D/S4URC   ( 2435): [NDK] [SYSCALL] [access] [PATH][string] [/data/data/com.dnwgame.supertriangle.mi/shared_prefs/dc.F238A2BF29C63CA73AF8B6037B8051FE.preferences.xml]
D/S4URC   ( 2435): [SDK] [java.io.File] [exists] [FilePath][String] [/data/data/com.dnwgame.supertriangle.mi/shared_prefs/dc.F238A2BF29C63CA73AF8B6037B8051FE.preferences.xml.bak]
D/S4URC   ( 2435): [NDK] [SYSCALL] [access] [PATH][string] [/data/data/com.dnwgame.supertriangle.mi/shared_prefs/dc.F238A2BF29C63CA73AF8B6037B8051FE.preferences.xml.bak]
D/S4URC   ( 2435): [SDK] [java.io.File] [renameTo] [FilePath][String] [/data/data/com.dnwgame.supertriangle.mi/shared_prefs/dc.F238A2BF29C63CA73AF8B6037B8051FE.preferences.xml] [DesFile][/data/data/com.dnwgame.supertriangle.mi/shared_prefs/dc.F238A2BF29C63CA73AF8B6037B8051FE.preferences.xml.bak]
D/S4URC   ( 2435): [NDK] [SYSCALL] [rename] [ORIG_PATH][string] [/data/data/com.dnwgame.supertriangle.mi/shared_prefs/dc.F238A2BF29C63CA73AF8B6037B8051FE.preferences.xml] [NEW_PATH][string] [/data/data/com.dnwgame.supertriangle.mi/shared_prefs/dc.F238A2BF29C63CA73AF8B6037B8051FE.preferences.xml.bak]
D/S4URC   ( 2435): [SDK] [java.io.File] [getPath] [FilePath][String] [/data/data/com.dnwgame.supertriangle.mi/shared_prefs/dc.F238A2BF29C63CA73AF8B6037B8051FE.preferences.xml]
D/S4URC   ( 2435): [NDK] [SYSCALL] [open] [PATH][string] [/data/data/com.dnwgame.supertriangle.mi/shared_prefs/dc.F238A2BF29C63CA73AF8B6037B8051FE.preferences.xml] [RETURN][int] [48]
D/S4URC   ( 2435): [SDK] [java.io.File] [getPath] [FilePath][String] [/data/data/com.dnwgame.supertriangle.mi/shared_prefs/dc.F238A2BF29C63CA73AF8B6037B8051FE.preferences.xml]
D/S4URC   ( 2435): [NDK] [SYSCALL] [chmod] [PATH][string] [/data/data/com.dnwgame.supertriangle.mi/shared_prefs/dc.F238A2BF29C63CA73AF8B6037B8051FE.preferences.xml] [MODE][int] [0660]
D/S4URC   ( 2435): [SDK] [java.io.File] [getPath] [FilePath][String] [/data/data/com.dnwgame.supertriangle.mi/shared_prefs/dc.F238A2BF29C63CA73AF8B6037B8051FE.preferences.xml]
D/S4URC   ( 2435): [NDK] [SYSCALL] [stat] [PATH][string] [/data/data/com.dnwgame.supertriangle.mi/shared_prefs/dc.F238A2BF29C63CA73AF8B6037B8051FE.preferences.xml]
D/S4URC   ( 2435): [SDK] [java.io.File] [delete] [FilePath][String] [/data/data/com.dnwgame.supertriangle.mi/shared_prefs/dc.F238A2BF29C63CA73AF8B6037B8051FE.preferences.xml.bak]
D/S4URC   ( 2435): [NDK] [SYSCALL] [lstat] [PATH][string] [/data/data/com.dnwgame.supertriangle.mi/shared_prefs/dc.F238A2BF29C63CA73AF8B6037B8051FE.preferences.xml.bak]
D/S4URC   ( 2435): [NDK] [SYSCALL] [unlink] [PATH][string] [/data/data/com.dnwgame.supertriangle.mi/shared_prefs/dc.F238A2BF29C63CA73AF8B6037B8051FE.preferences.xml.bak]
D/S4URC   ( 2435): ]
D/S4URC   ( 2435): [SDK] [java.lang.Class] [forName] [FindClass][String] [com.tendcloud.tenddata.TalkingDataGA]
D/S4URC   ( 2435): [SDK] [java.lang.Class] [forName] [FindClass][String] [com.umeng.analytics.game.UMGameAgent]
D/S4URC   ( 2757): [SDK] [android.app.ApplicationPackageManager] [getPackageInfo] [FindPackageName][String] [com.dnwgame.supertriangle.mi]
D/S4URC   ( 2435): [SDK] [java.io.File] [getPath] [FilePath][String] [/data/app/com.dnwgame.supertriangle.mi-1/base.apk]
D/S4URC   ( 2435): [SDK] [java.io.File] [Constructor] [FilePath][String] [/data/app/com.dnwgame.supertriangle.mi-1/base.apk]
D/S4URC   ( 2435): [SDK] [java.io.File] [getPath] [FilePath][String] [/data/app/com.dnwgame.supertriangle.mi-1/base.apk]
D/S4URC   ( 2435): [SDK] [java.lang.Class] [forName] [FindClass][String] [com.tendcloud.tenddata.TalkingDataGA]
D/S4URC   ( 2757): [SDK] [java.io.File] [getPath] [FilePath][String] [/data/data/com.dnwgame.supertriangle.mi]
D/S4URC   ( 2757): [SDK] [java.io.File] [getPath] [FilePath][String] [/data/data/com.dnwgame.supertriangle.mi/shared_prefs]
D/S4URC   ( 2757): [SDK] [java.io.File] [getPath] [FilePath][String] [/data/data/com.dnwgame.supertriangle.mi/shared_prefs/sdk_load_info.xml]
