D/S4URC   ( 2955): [SDK] [android.content.ContextWrapper] [registerReceiver][IntentFilter][android.media.ACTION_SCO_AUDIO_STATE_UPDATED,
D/S4URC   ( 2955): [SDK] [android.content.ContextWrapper] [registerReceiver][IntentFilter][android.intent.action.HEADSET_PLUG,
D/S4URC   ( 2986): [SDK] [java.lang.Class] [forName] [FindClass][String] [java.net.HttpURLConnection]
D/S4URC   ( 2986): [SDK] [java.lang.Class] [forName] [FindClass][String] [com.android.okhttp.internal.http.HttpURLConnectionImpl]
D/S4URC   ( 2986): [SDK] [java.lang.Class] [forName] [FindClass][String] [java.net.Socket]
D/S4URC   ( 2955): [SDK] [android.app.ApplicationPackageManager] [getPackageInfo] [FindPackageName][String] [com.gameandi.popstar3.A010001D63]
D/S4URC   ( 2986): [SDK] [java.lang.Class] [forName] [FindClass][String] [android.telephony.TelephonyManager]
D/S4URC   ( 2955): [SDK] [android.app.ApplicationPackageManager] [getPackageInfo] [FindPackageName][String] [com.gameandi.popstar3.A010001D63]
D/S4URC   ( 2986): [SDK] [java.lang.Class] [forName] [FindClass][String] [android.telephony.TelephonyManager]
D/S4URC   ( 2955): [SDK] [android.app.ApplicationPackageManager] [getApplicationInfo] [FindApplicationName][String] [com.gameandi.popstar3.A010001D63]
D/S4URC   ( 2986): [SDK] [java.lang.Class] [forName] [FindClass][String] [android.telephony.TelephonyManager]
D/S4URC   ( 2986): [SDK] [java.lang.Class] [forName] [FindClass][String] [android.os.Debug]
D/S4URC   ( 2986): [SDK] [java.lang.Class] [forName] [FindClass][String] [android.hardware.SensorManager]
D/S4URC   ( 2986): [SDK] [java.lang.Class] [forName] [FindClass][String] [android.content.res.ResourcesKey]
D/S4URC   ( 2986): [SDK] [java.lang.Class] [forName] [FindClass][String] [android.app.ResourcesManager]
D/S4URC   ( 2986): [SDK] [java.io.File] [Constructor] [FilePath][String] [/data/app/com.gameandi.popstar3.A010001D63-1/base.apk]
D/S4URC   ( 2986): [SDK] [java.io.File] [getPath] [FilePath][String] [/data/data/com.gameandi.popstar3.A010001D63]
D/S4URC   ( 2986): [SDK] [java.io.File] [exists] [FilePath][String] [/data/data/com.gameandi.popstar3.A010001D63/cache]
D/S4URC   ( 2986): [SDK] [java.io.File] [getPath] [FilePath][String] [/data/data/com.gameandi.popstar3.A010001D63/cache]
D/S4URC   ( 2986): [SDK] [java.io.File] [getPath] [FilePath][String] [/data/data/com.gameandi.popstar3.A010001D63]
D/S4URC   ( 2986): [SDK] [java.io.File] [exists] [FilePath][String] [/data/data/com.gameandi.popstar3.A010001D63/files]
D/S4URC   ( 2986): [SDK] [java.io.File] [getPath] [FilePath][String] [/data/data/com.gameandi.popstar3.A010001D63/files]
D/S4URC   ( 2986): [SDK] [java.io.File] [mkdir] [FilePath][String] [/data/data/com.gameandi.popstar3.A010001D63/files/.cache]
D/S4URC   ( 2986): [SDK] [java.io.File] [getPath] [FilePath][String] [/data/data/com.gameandi.popstar3.A010001D63/files/.cache]
D/S4URC   ( 2986): [SDK] [java.io.File] [exists] [FilePath][String] [/data/data/com.gameandi.popstar3.A010001D63/files/.cache/onib_clz.jar]
D/S4URC   ( 2986): [SDK] [java.io.File] [delete] [FilePath][String] [/data/data/com.gameandi.popstar3.A010001D63/files/.cache/onib_clz.jar]
D/S4URC   ( 2986): [SDK] [java.io.File] [getPath] [FilePath][String] [/data/data/com.gameandi.popstar3.A010001D63/files/.cache/onib_clz.jar]
D/S4URC   ( 2986): [SDK] [java.io.File] [Constructor] [FilePath][String] [/data/data/com.gameandi.popstar3.A010001D63/files/.cache/onib_clz.jar]
D/S4URC   ( 2986): [SDK] [java.io.File] [exists] [FilePath][String] [/data/data/com.gameandi.popstar3.A010001D63/files/.cache/onib_clz.jar]
D/S4URC   ( 2986): [SDK] [java.io.File] [exists] [FilePath][String] [/data/data/com.gameandi.popstar3.A010001D63/files]
D/S4URC   ( 2986): [SDK] [java.io.File] [getPath] [FilePath][String] [/data/data/com.gameandi.popstar3.A010001D63/files]
D/S4URC   ( 2986): [SDK] [java.io.File] [mkdir] [FilePath][String] [/data/data/com.gameandi.popstar3.A010001D63/files/opt]
D/S4URC   ( 2986): [SDK] [dalvik.system.DexClassLoader] [Constructor] [DexPath][String] [/data/data/com.gameandi.popstar3.A010001D63/files/.cache/onib_clz.jar] [NDKPath][String] [/data/data/com.gameandi.popstar3.A010001D63/files/.cache/onib_clz.jar]
D/S4URC   ( 2986): [SDK] [java.io.File] [Constructor] [FilePath][String] [/data/data/com.gameandi.popstar3.A010001D63/files/opt]
D/S4URC   ( 2986): [SDK] [dalvik.system.BaseDexClassLoader] [Constructor] [DexPath][String] [/data/data/com.gameandi.popstar3.A010001D63/files/.cache/onib_clz.jar] [NDKPath][String] [/data/data/com.gameandi.popstar3.A010001D63/files/.cache/onib_clz.jar]
D/S4URC   ( 2986): [SDK] [java.io.File] [exists] [FilePath][String] [/data/data/com.gameandi.popstar3.A010001D63/files/opt]
D/S4URC   ( 2986): [SDK] [java.io.File] [canRead] [FilePath][String] [/data/data/com.gameandi.popstar3.A010001D63/files/opt]
D/S4URC   ( 2986): [SDK] [java.io.File] [canWrite] [FilePath][String] [/data/data/com.gameandi.popstar3.A010001D63/files/opt]
D/S4URC   ( 2986): [SDK] [java.io.File] [Constructor] [FilePath][String] [/data/data/com.gameandi.popstar3.A010001D63/files/.cache/onib_clz.jar]
D/S4URC   ( 2986): [SDK] [java.io.File] [getName] [FilePath][String] [/data/data/com.gameandi.popstar3.A010001D63/files/.cache/onib_clz.jar]
D/S4URC   ( 2986): [SDK] [java.io.File] [isDirectory] [FilePath][String] [/data/data/com.gameandi.popstar3.A010001D63/files/.cache/onib_clz.jar]
D/S4URC   ( 2986): [SDK] [java.io.File] [isFile] [FilePath][String] [/data/data/com.gameandi.popstar3.A010001D63/files/.cache/onib_clz.jar]
D/S4URC   ( 2986): [SDK] [java.io.File] [getName] [FilePath][String] [/data/data/com.gameandi.popstar3.A010001D63/files/.cache/onib_clz.jar]
D/S4URC   ( 2986): [SDK] [java.io.File] [getPath] [FilePath][String] [/data/data/com.gameandi.popstar3.A010001D63/files/opt]
D/S4URC   ( 2986): [SDK] [java.io.File] [getPath] [FilePath][String] [/data/data/com.gameandi.popstar3.A010001D63/files/opt/onib_clz.dex]
D/S4URC   ( 2986): [SDK] [java.io.File] [getPath] [FilePath][String] [/data/data/com.gameandi.popstar3.A010001D63/files/.cache/onib_clz.jar]
D/S4URC   ( 2986): [SDK] [java.io.File] [Constructor] [FilePath][String] [/data/data/com.gameandi.popstar3.A010001D63/files/opt/onib_clz.dex]
D/S4URC   ( 2986): [SDK] [java.io.File] [getParent] [FilePath][String] [/data/data/com.gameandi.popstar3.A010001D63/files/opt/onib_clz.dex]
D/S4URC   ( 2986): [SDK] [dalvik.system.DexFile] [openDexFile] [DexPath][String] [/data/data/com.gameandi.popstar3.A010001D63/files/.cache/onib_clz.jar]
D/S4URC   ( 2986): [SDK] [java.io.File] [Constructor] [FilePath][String] [/data/data/com.gameandi.popstar3.A010001D63/files/.cache/onib_clz.jar]
D/S4URC   ( 2986): [SDK] [java.io.File] [Constructor] [FilePath][String] [/data/data/com.gameandi.popstar3.A010001D63/files/opt/onib_clz.dex]
D/S4URC   ( 2955): [SDK] [android.content.ContextWrapper] [registerReceiver][IntentFilter][android.intent.action.TIMEZONE_CHANGED,
D/S4URC   ( 2986): [SDK] [java.io.File] [Constructor] [FilePath][String] [/vendor/lib]
D/S4URC   ( 2986): [SDK] [java.io.File] [Constructor] [FilePath][String] [/system/lib]
D/S4URC   ( 2986): [SDK] [java.lang.Class] [forName] [FindClass][String] [dalvik.system.BaseDexClassLoader]
D/S4URC   ( 2986): [SDK] [java.io.File] [getPath] [FilePath][String] [/storage/sdcard0]
D/S4URC   ( 2986): [SDK] [android.os.Environment] [getExternalStorageDirectory] [DirectoryPath][String] [/storage/sdcard0]
D/S4URC   ( 2986): [SDK] [java.io.File] [Constructor] [FilePath][String] [/storage/sdcard0]
D/S4URC   ( 2955): [SDK] [android.content.ContextWrapper] [registerReceiver][IntentFilter][android.intent.action.PROXY_CHANGE,
D/S4URC   ( 2986): [SDK] [java.io.File] [Constructor] [FilePath][String] [/storage/sdcard0]
D/S4URC   ( 2986): [SDK] [java.io.File] [Constructor] [FilePath][String] [/storage/sdcard1]
D/S4URC   ( 2986): [SDK] [java.io.File] [Constructor] [FilePath][String] [/storage/usb2host]
D/S4URC   ( 2986): [SDK] [java.io.File] [Constructor] [FilePath][String] [/storage/usb3device]
D/S4URC   ( 2986): [SDK] [java.io.File] [Constructor] [FilePath][String] [/storage/usb3host]
D/S4URC   ( 2986): [SDK] [android.os.Environment] [getExternalStorageState] [ExternalStorageState][String] [mounted]
D/S4URC   ( 2986): [SDK] [java.io.File] [getPath] [FilePath][String] [/storage/sdcard0]
D/S4URC   ( 2986): [SDK] [android.os.Environment] [getExternalStorageDirectory] [DirectoryPath][String] [/storage/sdcard0]
D/S4URC   ( 2986): [SDK] [java.io.File] [getPath] [FilePath][String] [/storage/sdcard0]
D/S4URC   ( 2986): [SDK] [java.io.File] [getPath] [FilePath][String] [/data/data/com.gameandi.popstar3.A010001D63]
D/S4URC   ( 2986): [SDK] [java.io.File] [getPath] [FilePath][String] [/data/data/com.gameandi.popstar3.A010001D63/shared_prefs]
D/S4URC   ( 2986): [SDK] [java.io.File] [getPath] [FilePath][String] [/data/data/com.gameandi.popstar3.A010001D63/shared_prefs/wyzf_config20493297.xml]
D/S4URC   ( 2986): [SDK] [java.io.File] [Constructor] [FilePath][String] [/data/data/com.gameandi.popstar3.A010001D63/shared_prefs/wyzf_config20493297.xml.bak]
D/S4URC   ( 2986): [SDK] [java.io.File] [exists] [FilePath][String] [/data/data/com.gameandi.popstar3.A010001D63/shared_prefs/wyzf_config20493297.xml]
D/S4URC   ( 2986): [SDK] [java.io.File] [canRead] [FilePath][String] [/data/data/com.gameandi.popstar3.A010001D63/shared_prefs/wyzf_config20493297.xml]
D/S4URC   ( 2986): [SDK] [java.io.File] [getPath] [FilePath][String] [/data/data/com.gameandi.popstar3.A010001D63/shared_prefs/wyzf_config20493297.xml]
D/S4URC   ( 2986): [SDK] [android.content.ContextWrapper][getSharedPreferences] [File][wyzf_config20493297.xml] [MODE][MODE_PRIVATE]
D/S4URC   ( 2986): [SDK] [java.io.File] [exists] [FilePath][String] [/data/data/com.gameandi.popstar3.A010001D63/shared_prefs/wyzf_config20493297.xml.bak]
D/S4URC   ( 2986): [SDK] [java.io.File] [exists] [FilePath][String] [/data/data/com.gameandi.popstar3.A010001D63/shared_prefs/wyzf_config20493297.xml]
D/S4URC   ( 2986): [SDK] [java.io.File] [canRead] [FilePath][String] [/data/data/com.gameandi.popstar3.A010001D63/shared_prefs/wyzf_config20493297.xml]
D/S4URC   ( 2986): [SDK] [java.io.File] [getPath] [FilePath][String] [/data/data/com.gameandi.popstar3.A010001D63/shared_prefs/wyzf_config20493297.xml]
D/S4URC   ( 2986): [SDK] [java.io.File] [canRead] [FilePath][String] [/data/data/com.gameandi.popstar3.A010001D63/shared_prefs/wyzf_config20493297.xml]
D/S4URC   ( 2986): [SDK] [java.io.File] [getPath] [FilePath][String] [/data/data/com.gameandi.popstar3.A010001D63/shared_prefs/wyzf_config20493297.xml]
D/S4URC   ( 2986): [SDK] [android.content.ContextWrapper][getSharedPreferences] [File][wyzf_config20493297.xml] [MODE][MODE_PRIVATE] [Method][putString] [Key][appCode] [Value][20493297]
D/S4URC   ( 2986): [SDK] [java.io.File] [exists] [FilePath][String] [/data/data/com.gameandi.popstar3.A010001D63/shared_prefs/wyzf_config20493297.xml]
D/S4URC   ( 2986): [SDK] [android.content.ContextWrapper][getSharedPreferences] [File][wyzf_config20493297.xml] [MODE][MODE_PRIVATE] [Method][commit]
D/S4URC   ( 2986): [SDK] [android.content.ContextWrapper][getSharedPreferences] [File][wyzf_config20493297.xml] [MODE][MODE_PRIVATE]
D/S4URC   ( 2986): [SDK] [android.content.ContextWrapper][getSharedPreferences] [File][wyzf_config20493297.xml] [MODE][MODE_PRIVATE] [Method][putString] [Key][packCode] [Value][A010001A13]
D/S4URC   ( 2986): [SDK] [java.io.File] [exists] [FilePath][String] [/data/data/com.gameandi.popstar3.A010001D63/shared_prefs/wyzf_config20493297.xml]
D/S4URC   ( 2986): [SDK] [android.content.ContextWrapper][getSharedPreferences] [File][wyzf_config20493297.xml] [MODE][MODE_PRIVATE] [Method][commit]
D/S4URC   ( 2986): [SDK] [android.content.ContextWrapper][getSharedPreferences] [File][wyzf_config20493297.xml] [MODE][MODE_PRIVATE]
D/S4URC   ( 2986): [SDK] [android.content.ContextWrapper][getSharedPreferences] [File][wyzf_config20493297.xml] [MODE][MODE_PRIVATE] [Method][putBoolean] [Key][isInitialize] [Value][false]
D/S4URC   ( 2986): [SDK] [java.io.File] [exists] [FilePath][String] [/data/data/com.gameandi.popstar3.A010001D63/shared_prefs/wyzf_config20493297.xml]
D/S4URC   ( 2986): [SDK] [java.io.File] [exists] [FilePath][String] [/data/data/com.gameandi.popstar3.A010001D63/shared_prefs/wyzf_config20493297.xml.bak]
D/S4URC   ( 2986): [SDK] [java.io.File] [renameTo] [FilePath][String] [/data/data/com.gameandi.popstar3.A010001D63/shared_prefs/wyzf_config20493297.xml] [DesFile][/data/data/com.gameandi.popstar3.A010001D63/shared_prefs/wyzf_config20493297.xml.bak]
D/S4URC   ( 2986): [SDK] [java.io.File] [getPath] [FilePath][String] [/data/data/com.gameandi.popstar3.A010001D63/shared_prefs/wyzf_config20493297.xml]
D/S4URC   ( 2986): [SDK] [java.io.File] [delete] [FilePath][String] [/data/data/com.gameandi.popstar3.A010001D63/shared_prefs/wyzf_config20493297.xml.bak]
D/S4URC   ( 2986): [SDK] [android.content.ContextWrapper][getSharedPreferences] [File][wyzf_config20493297.xml] [MODE][MODE_PRIVATE] [Method][commit]
D/S4URC   ( 2986): [SDK] [android.content.ContextWrapper][getSharedPreferences] [File][wyzf_config20493297.xml] [MODE][MODE_PRIVATE]
D/S4URC   ( 2986): [SDK] [android.content.ContextWrapper][getSharedPreferences] [File][wyzf_config20493297.xml] [MODE][MODE_PRIVATE] [Method][putBoolean] [Key][hasCallAPPInit] [Value][true]
D/S4URC   ( 2986): [SDK] [java.io.File] [exists] [FilePath][String] [/data/data/com.gameandi.popstar3.A010001D63/shared_prefs/wyzf_config20493297.xml]
D/S4URC   ( 2986): [SDK] [android.content.ContextWrapper][getSharedPreferences] [File][wyzf_config20493297.xml] [MODE][MODE_PRIVATE] [Method][commit]
D/S4URC   ( 2955): [SDK] [java.io.File] [getPath] [FilePath][String] [/data/data/com.gameandi.popstar3.A010001D63]
D/S4URC   ( 2955): [SDK] [java.io.File] [getPath] [FilePath][String] [/data/data/com.gameandi.popstar3.A010001D63/databases]
D/S4URC   ( 2986): [SDK] [java.lang.Class] [forName] [FindClass][String] [com.unie.iuy.TorUtils]
D/S4URC   ( 2955): [SDK] [android.content.ContextWrapper] [getDatabasePath] [PathInfo][String] [foo]
D/S4URC   ( 2955): [SDK] [java.io.File] [getParent] [FilePath][String] [/data/data/com.gameandi.popstar3.A010001D63/databases/foo]
D/S4URC   ( 2986): [SDK] [android.app.ApplicationPackageManager] [getApplicationInfo] [FindApplicationName][String] [com.gameandi.popstar3.A010001D63]
D/S4URC   ( 2986): [SDK] [android.content.ContextWrapper] [registerReceiver][IntentFilter][#####.CSrvi_onC,
D/S4URC   ( 2986): [SDK] [java.lang.Class] [forName] [FindClass][String] [com.android.org.conscrypt.OpenSSLSocketFactoryImpl]
D/S4URC   ( 2986): [SDK] [java.lang.Class] [forName] [FindClass][String] [com.android.org.conscrypt.KeyManagerFactoryImpl]
D/S4URC   ( 2986): [SDK] [java.lang.Class] [forName] [FindClass][String] [com.android.org.bouncycastle.jcajce.provider.keystore.bc.BcKeyStoreSpi$Std]
D/S4URC   ( 2986): [SDK] [java.lang.Class] [forName] [FindClass][String] [com.android.org.conscrypt.OpenSSLRandom]
D/S4URC   ( 2986): [SDK] [java.lang.Class] [forName] [FindClass][String] [com.android.org.conscrypt.TrustManagerFactoryImpl]
D/S4URC   ( 2986): [SDK] [java.lang.Class] [forName] [FindClass][String] [com.android.org.conscrypt.TrustedCertificateKeyStoreSpi]
D/S4URC   ( 2986): [SDK] [java.lang.Class] [forName] [FindClass][String] [com.android.org.bouncycastle.jce.provider.PKIXCertPathValidatorSpi]
D/S4URC   ( 2986): [SDK] [java.io.File] [Constructor] [FilePath][String] [/data/misc/keychain/pins]
D/S4URC   ( 2986): [SDK] [java.lang.Runtime] [loadLibrary] [SoPath][String] [hunt]
D/S4URC   ( 2986): [SDK] [java.io.File] [getPath] [FilePath][String] [/data/app/com.gameandi.popstar3.A010001D63-1/lib/arm]
D/S4URC   ( 2986): [SDK] [java.io.File] [getPath] [FilePath][String] [/data/app/com.gameandi.popstar3.A010001D63-1/lib/arm/libhunt.so]
D/S4URC   ( 2986): [SDK] [android.app.ApplicationPackageManager] [getApplicationInfo] [FindApplicationName][String] [com.gameandi.popstar3.A010001D63]
D/S4URC   ( 2986): [SDK] [android.telephony.TelephonyManager] [getSubscriberId]
D/S4URC   ( 2986): [SDK] [android.content.ContextWrapper][getSharedPreferences] [File][wyzf_config20493297.xml] [MODE][MODE_PRIVATE]
D/S4URC   ( 2986): [SDK] [android.content.ContextWrapper][getSharedPreferences] [File][wyzf_config20493297.xml] [MODE][MODE_PRIVATE] [Method][getString] [String][appCode] [Return][20493297]
D/S4URC   ( 2986): [SDK] [android.content.ContextWrapper][getSharedPreferences] [File][wyzf_config20493297.xml] [MODE][MODE_PRIVATE]
D/S4URC   ( 2986): [SDK] [android.content.ContextWrapper][getSharedPreferences] [File][wyzf_config20493297.xml] [MODE][MODE_PRIVATE] [Method][getString] [String][packCode] [Return][A010001A13]
D/S4URC   ( 2986): [SDK] [android.content.ContextWrapper][getSharedPreferences] [File][wyzf_config20493297.xml] [MODE][MODE_PRIVATE]
D/S4URC   ( 2986): [SDK] [android.content.ContextWrapper][getSharedPreferences] [File][wyzf_config20493297.xml] [MODE][MODE_PRIVATE] [Method][getString] [String][version_name] [Return][5.0.7]
D/S4URC   ( 2986): [SDK] [java.lang.Class] [forName] [FindClass][String] [com.android.org.bouncycastle.jcajce.provider.symmetric.DES$ECB]
D/S4URC   ( 2986): [SDK] [javax.crypto.spec.SecretKeySpec][Constructor] [KEY][86324958][type][DES][javax.crypto.Cipher][getInstance] [Cipher][DES/CBC/PKCS5Padding] [javax.crypto.Cipher][doFinal] [Data][123,34,97,112,112,67,111,100,101,34,58,50,48,52,57,51,50,57,55,44,34,112,97,99,107,67,111,100,101,34,58,34,65,48,49,48,48,48,49,65,49,51,34,44,34,115,100,107,86,101,114,115,105,111,110,34,58,34,53,46,48,46,55,34,125] [Return][glDczqw+hSALXndjL6pyh3t9d1da9wBhjM3QPwwhyPvvfkOlLHVkNVG+ZhtGWFkXcRZPVXnclftGDtWp8qUBT6Aqd4aZZ0c8FKjmjKyIE5aDjSzCiDoGvq+AhWdmQqj5+JedOROizxSTxil0iXVr8j4bHtyAt+pyPaWp3dIw/nq36S2gAsrLGbUhvQmySAFwFTVCMtYBs8TszKKOLSw2Dl4HhVhl+1sQj9Aduzm/nhKsj8Hwrr+psEy+I5LLFaqbHhQ3iE/pETUQWKrrDWn/IOgfJukWZbMT]
D/S4URC   ( 2986): [SDK] [java.lang.Class] [forName] [FindClass][String] [com.android.okhttp.HttpHandler]
D/S4URC   ( 2986): [SDK] [java.lang.Class] [forName] [FindClass][String] [com.android.org.conscrypt.OpenSSLContextImpl]
D/S4URC   ( 2986): [SDK] [java.net] [HttpURLConnection] [URL][String] [http://vpay.api.eerichina.com/api/payment/updateInit]
D/S4URC   ( 2986): [SDK] [android.app.ActivityManager] [getRunningAppProcesses]
D/S4URC   ( 2986): [SDK] [java.io.File] [getPath] [FilePath][String] [/data/data/com.gameandi.popstar3.A010001D63/shared_prefs]
D/S4URC   ( 2986): [SDK] [java.io.File] [getPath] [FilePath][String] [/data/data/com.gameandi.popstar3.A010001D63/shared_prefs/twc.xml]
D/S4URC   ( 2986): [SDK] [java.io.File] [Constructor] [FilePath][String] [/data/data/com.gameandi.popstar3.A010001D63/shared_prefs/twc.xml.bak]
D/S4URC   ( 2986): [SDK] [java.io.File] [exists] [FilePath][String] [/data/data/com.gameandi.popstar3.A010001D63/shared_prefs/twc.xml]
D/S4URC   ( 2986): [SDK] [java.io.File] [canRead] [FilePath][String] [/data/data/com.gameandi.popstar3.A010001D63/shared_prefs/twc.xml]
D/S4URC   ( 2986): [SDK] [java.io.File] [getPath] [FilePath][String] [/data/data/com.gameandi.popstar3.A010001D63/shared_prefs/twc.xml]
D/S4URC   ( 2986): [SDK] [android.content.ContextWrapper][getSharedPreferences] [File][twc.xml] [MODE][MODE_PRIVATE]
D/S4URC   ( 2986): [SDK] [java.io.File] [exists] [FilePath][String] [/data/data/com.gameandi.popstar3.A010001D63/shared_prefs/twc.xml.bak]
D/S4URC   ( 2986): [SDK] [android.content.ContextWrapper][getSharedPreferences] [File][wyzf_config20493297.xml] [MODE][MODE_PRIVATE]
D/S4URC   ( 2986): [SDK] [android.content.ContextWrapper][getSharedPreferences] [File][wyzf_config20493297.xml] [MODE][MODE_PRIVATE] [Method][getString] [String][appCode] [Return][20493297]
D/S4URC   ( 2986): [SDK] [android.content.ContextWrapper][getSharedPreferences] [File][wyzf_config20493297.xml] [MODE][MODE_PRIVATE]
D/S4URC   ( 2986): [SDK] [android.content.ContextWrapper][getSharedPreferences] [File][wyzf_config20493297.xml] [MODE][MODE_PRIVATE] [Method][getString] [String][packCode] [Return][A010001A13]
D/S4URC   ( 2986): [SDK] [android.content.ContextWrapper][getSharedPreferences] [File][wyzf_config20493297.xml] [MODE][MODE_PRIVATE]
D/S4URC   ( 2986): [SDK] [android.content.ContextWrapper][getSharedPreferences] [File][wyzf_config20493297.xml] [MODE][MODE_PRIVATE] [Method][getString] [String][version_name] [Return][5.0.7]
D/S4URC   ( 2986): [SDK] [java.io.File] [exists] [FilePath][String] [/data/data/com.gameandi.popstar3.A010001D63/shared_prefs/twc.xml]
D/S4URC   ( 2986): [SDK] [java.io.File] [canRead] [FilePath][String] [/data/data/com.gameandi.popstar3.A010001D63/shared_prefs/twc.xml]
D/S4URC   ( 2986): [SDK] [java.io.File] [getPath] [FilePath][String] [/data/data/com.gameandi.popstar3.A010001D63/shared_prefs/twc.xml]
D/S4URC   ( 2986): [SDK] [java.io.File] [canRead] [FilePath][String] [/data/data/com.gameandi.popstar3.A010001D63/shared_prefs/twc.xml]
D/S4URC   ( 2986): [SDK] [java.io.File] [getPath] [FilePath][String] [/data/data/com.gameandi.popstar3.A010001D63/shared_prefs/twc.xml]
D/S4URC   ( 2986): [SDK] [javax.crypto.spec.SecretKeySpec][Constructor] [KEY][86324958][type][DES][javax.crypto.Cipher][getInstance] [Cipher][DES/CBC/PKCS5Padding] [javax.crypto.Cipher][doFinal] [Data][123,34,97,112,112,67,111,100,101,34,58,50,48,52,57,51,50,57,55,44,34,112,97,99,107,67,111,100,101,34,58,34,65,48,49,48,48,48,49,65,49,51,34,44,34,115,100,107,86,101,114,115,105,111,110,34,58,34,53,46,48,46,55,34,125] [Return][glDczqw+hSALXndjL6pyh3t9d1da9wBhjM3QPwwhyPvvfkOlLHVkNVG+ZhtGWFkXcRZPVXnclftGDtWp8qUBT6Aqd4aZZ0c8FKjmjKyIE5aDjSzCiDoGvq+AhWdmQqj5+JedOROizxSTxil0iXVr8j4bHtyAt+pyPaWp3dIw/nq36S2gAsrLGbUhvQmySAFwFTVCMtYBs8TszKKOLSw2Dl4HhVhl+1sQj9Aduzm/nhKsj8Hwrr+psEy+I5LLFaqbHhQ3iE/pETUQWKrrDWn/IOgfJukWZbMT]
D/S4URC   ( 2986): [SDK] [java.net] [HttpURLConnection] [URL][String] [http://vpay.api.eerichina.com/api/payment/updateInit]
D/S4URC   ( 2986): [SDK] [android.content.ContextWrapper][getSharedPreferences] [File][wyzf_config20493297.xml] [MODE][MODE_PRIVATE] [Method][putString] [Key][saveappid] [Value][6000189]
D/S4URC   ( 2986): [SDK] [java.io.File] [exists] [FilePath][String] [/data/data/com.gameandi.popstar3.A010001D63/shared_prefs/twc.xml]
D/S4URC   ( 2986): [SDK] [android.content.ContextWrapper][getSharedPreferences] [File][wyzf_config20493297.xml] [MODE][MODE_PRIVATE] [Method][commit]
D/S4URC   ( 2986): [SDK] [android.content.ContextWrapper][getSharedPreferences] [File][twc.xml] [MODE][MODE_PRIVATE]
D/S4URC   ( 2986): [SDK] [android.content.ContextWrapper][getSharedPreferences] [File][twc.xml] [MODE][MODE_PRIVATE] [Method][putString] [Key][savechannel] [Value][A010001A00]
D/S4URC   ( 2986): [SDK] [java.io.File] [exists] [FilePath][String] [/data/data/com.gameandi.popstar3.A010001D63/shared_prefs/twc.xml]
D/S4URC   ( 2986): [SDK] [android.content.ContextWrapper][getSharedPreferences] [File][twc.xml] [MODE][MODE_PRIVATE] [Method][commit]
D/S4URC   ( 2986): [SDK] [android.app.ApplicationPackageManager] [getPackageInfo] [FindPackageName][String] [com.gameandi.popstar3.A010001D63]
D/S4URC   ( 2986): [SDK] [android.content.ContextWrapper][getSharedPreferences] [File][wyzf_config20493297.xml] [MODE][MODE_PRIVATE]
D/S4URC   ( 2986): [SDK] [android.content.ContextWrapper][getSharedPreferences] [File][wyzf_config20493297.xml] [MODE][MODE_PRIVATE] [Method][getString] [String][appCode] [Return][20493297]
D/S4URC   ( 2986): [SDK] [android.content.ContextWrapper][getSharedPreferences] [File][wyzf_config20493297.xml] [MODE][MODE_PRIVATE]
D/S4URC   ( 2986): [SDK] [android.content.ContextWrapper][getSharedPreferences] [File][wyzf_config20493297.xml] [MODE][MODE_PRIVATE] [Method][getString] [String][packCode] [Return][A010001A13]
D/S4URC   ( 2986): [SDK] [android.content.ContextWrapper][getSharedPreferences] [File][wyzf_config20493297.xml] [MODE][MODE_PRIVATE]
D/S4URC   ( 2986): [SDK] [android.content.ContextWrapper][getSharedPreferences] [File][wyzf_config20493297.xml] [MODE][MODE_PRIVATE] [Method][getString] [String][version_name] [Return][5.0.7]
D/S4URC   ( 2986): [SDK] [java.lang.Class] [forName] [FindClass][String] [com.android.org.bouncycastle.jcajce.provider.symmetric.DES$KeyFactory]
D/S4URC   ( 2955): [SDK] [java.lang.Class] [forName] [FindClass][String] [android.os.Message]
D/S4URC   ( 2986): [SDK] [javax.crypto.spec.SecretKeySpec][Constructor] [KEY][d84aae91][type][DES][javax.crypto.Cipher][getInstance] [Cipher][DES] [javax.crypto.Cipher][doFinal] [Data][7qMbPglkErt6tEQAFcuE2g==] [Return][glDczqw+hSALXndjL6pyh3t9d1da9wBhjM3QPwwhyPvvfkOlLHVkNVG+ZhtGWFkXcRZPVXnclftGDtWp8qUBT6Aqd4aZZ0c8FKjmjKyIE5aDjSzCiDoGvq+AhWdmQqj5+JedOROizxSTxil0iXVr8j4bHtyAt+pyPaWp3dIw/nq36S2gAsrLGbUhvQmySAFwFTVCMtYBs8TszKKOLSw2Dl4HhVhl+1sQj9Aduzm/nhKsj8Hwrr+psEy+I5LLFaqbHhQ3iE/pETUQWKrrDWn/IOgfJukWZbMT]
D/S4URC   ( 2986): [SDK] [javax.crypto.spec.SecretKeySpec][Constructor] [KEY][d84aae91][type][DES][javax.crypto.Cipher][getInstance] [Cipher][DES] [javax.crypto.Cipher][doFinal] [Data][7qMbPglkErt6tEQAFcuE2g==] [Return][glDczqw+hSALXndjL6pyh3t9d1da9wBhjM3QPwwhyPvvfkOlLHVkNVG+ZhtGWFkXcRZPVXnclftGDtWp8qUBT6Aqd4aZZ0c8FKjmjKyIE5aDjSzCiDoGvq+AhWdmQqj5+JedOROizxSTxil0iXVr8j4bHtyAt+pyPaWp3dIw/nq36S2gAsrLGbUhvQmySAFwFTVCMtYBs8TszKKOLSw2Dl4HhVhl+1sQj9Aduzm/nhKsj8Hwrr+psEy+I5LLFaqbHhQ3iE/pETUQWKrrDWn/IOgfJukWZbMT][Return][qshp_3003_2271]
D/S4URC   ( 2986): [SDK] [java.net] [HttpURLConnection] [URL][String] [http://vpay.api.eerichina.com/api/payment/updateInit]
D/S4URC   ( 2955): [SDK] [java.io.File] [Constructor] [FilePath][String] [/sys/class/net]
D/S4URC   ( 2955): [SDK] [java.io.File] [list] [FilePath][String] [/sys/class/net]
D/S4URC   ( 2986): [SDK] [java.io.File] [getPath] [FilePath][String] [/data/data/com.gameandi.popstar3.A010001D63]
D/S4URC   ( 2986): [SDK] [java.io.File] [exists] [FilePath][String] [/data/data/com.gameandi.popstar3.A010001D63/app_Wyzf_plg]
D/S4URC   ( 2986): [SDK] [android.content.ContextWrapper][getSharedPreferences] [File][wyzf_config20493297.xml] [MODE][MODE_PRIVATE]
D/S4URC   ( 2986): [SDK] [android.content.ContextWrapper][getSharedPreferences] [File][wyzf_config20493297.xml] [MODE][MODE_PRIVATE] [Method][getString] [String][p_path] [Return][/data/data/com.gameandi.popstar3.A010001D63/app_Wyzf_plg/5.0.7.jar]
D/S4URC   ( 2986): [SDK] [java.io.File] [Constructor] [FilePath][String] [/data/data/com.gameandi.popstar3.A010001D63/app_Wyzf_plg/5.0.7.jar]
D/S4URC   ( 2986): [SDK] [java.io.File] [exists] [FilePath][String] [/data/data/com.gameandi.popstar3.A010001D63/app_Wyzf_plg/5.0.7.jar]
D/S4URC   ( 2986): [SDK] [android.app.ApplicationPackageManager] [getApplicationInfo] [FindApplicationName][String] [com.gameandi.popstar3.A010001D63]
D/S4URC   ( 2986): [SDK] [javax.crypto.spec.SecretKeySpec][Constructor] [KEY][d84aae91][type][DES][javax.crypto.Cipher][getInstance] [Cipher][DES] [javax.crypto.Cipher][doFinal] [Data][ngVvq12O4M4=] [Return][tka]
D/S4URC   ( 2955): [SDK] [android.app.ActivityManager] [getRunningAppProcesses]
D/S4URC   ( 2986): [SDK] [java.io.File] [getPath] [FilePath][String] [/data/data/com.gameandi.popstar3.A010001D63]
D/S4URC   ( 2986): [SDK] [javax.crypto.spec.SecretKeySpec][Constructor] [KEY][d84aae91][type][DES][javax.crypto.Cipher][getInstance] [Cipher][DES] [javax.crypto.Cipher][doFinal] [Data][J1ngrF/UGbaaZnNdVXq/mw==] [Return][org1.hc.tp.i.PL]
D/S4URC   ( 2986): [SDK] [java.io.File] [exists] [FilePath][String] [/data/data/com.gameandi.popstar3.A010001D63/app_Wyzf_plg]
D/S4URC   ( 2986): [SDK] [javax.crypto.spec.SecretKeySpec][Constructor] [KEY][d84aae91][type][DES][javax.crypto.Cipher][getInstance] [Cipher][DES] [javax.crypto.Cipher][doFinal] [Data][K8b2b4W9Fx9Jaeu7TONirLHDEBCvWSbq] [Return][registerPLService]
D/S4URC   ( 2986): [SDK] [java.io.File] [getName] [FilePath][String] [/data/data/com.gameandi.popstar3.A010001D63/app_Wyzf_plg/5.0.7.jar]
D/S4URC   ( 2986): [SDK] [java.io.File] [isDirectory] [FilePath][String] [/data/data/com.gameandi.popstar3.A010001D63/app_Wyzf_plg/5.0.7.jar]
D/S4URC   ( 2955): [SDK] [android.content.Intent] [Constructor] [IntentInfo][String] [com.android.dm.result.RECEIVER]
D/S4URC   ( 2986): [SDK] [java.lang.Class] [forName] [FindClass][String] [org1.hc.tp.i.PL]
D/S4URC   ( 2986): [SDK] [java.io.File] [isFile] [FilePath][String] [/data/data/com.gameandi.popstar3.A010001D63/app_Wyzf_plg/5.0.7.jar]
D/S4URC   ( 2986): [SDK] [java.io.File] [getName] [FilePath][String] [/data/data/com.gameandi.popstar3.A010001D63/app_Wyzf_plg/5.0.7.jar]
D/S4URC   ( 2986): [SDK] [java.io.File] [getPath] [FilePath][String] [/data/data/com.gameandi.popstar3.A010001D63/app_Wyzf_plg]
D/S4URC   ( 2986): [SDK] [java.io.File] [getPath] [FilePath][String] [/data/data/com.gameandi.popstar3.A010001D63/app_Wyzf_plg/5.0.7.dex]
D/S4URC   ( 2986): [SDK] [java.io.File] [getPath] [FilePath][String] [/data/data/com.gameandi.popstar3.A010001D63/app_Wyzf_plg/5.0.7.jar]
D/S4URC   ( 2986): [SDK] [java.io.File] [Constructor] [FilePath][String] [/data/data/com.gameandi.popstar3.A010001D63/app_Wyzf_plg/5.0.7.dex]
D/S4URC   ( 2986): [SDK] [java.io.File] [getParent] [FilePath][String] [/data/data/com.gameandi.popstar3.A010001D63/app_Wyzf_plg/5.0.7.dex]
D/S4URC   ( 2986): [SDK] [dalvik.system.DexFile] [openDexFile] [DexPath][String] [/data/data/com.gameandi.popstar3.A010001D63/app_Wyzf_plg/5.0.7.jar]
D/S4URC   ( 2986): [SDK] [java.io.File] [Constructor] [FilePath][String] [/data/data/com.gameandi.popstar3.A010001D63/app_Wyzf_plg/5.0.7.jar]
D/S4URC   ( 2986): [SDK] [java.io.File] [Constructor] [FilePath][String] [/data/data/com.gameandi.popstar3.A010001D63/app_Wyzf_plg/5.0.7.dex]
D/S4URC   ( 2955): [SDK] [android.content.ContextWrapper] [registerReceiver][IntentFilter][android.provider.Telephony.SMS_RECEIVED,
D/S4URC   ( 2986): [SDK] [javax.crypto.spec.SecretKeySpec][Constructor] [KEY][d84aae91][type][DES][javax.crypto.Cipher][getInstance] [Cipher][DES] [javax.crypto.Cipher][doFinal] [Data][C3GZ3P3GtsCqVLRxZMh4OQ==] [Return][actioncode]
D/S4URC   ( 2955): [SDK] [android.content.ContentResolver] [registerContentObserver] [URL][String] [content://sms/]
D/S4URC   ( 2986): [SDK] [android.content.ContextWrapper] [startService] [Intent] Intent { cmp=com.gameandi.popstar3.A010001D63/com.b.ht.JAA (has extras) } [ExtraInfo][key:value][actioncode:4097]
D/S4URC   ( 2986): [SDK] [android.app.ApplicationPackageManager] [getApplicationInfo] [FindApplicationName][String] [com.gameandi.popstar3.A010001D63]
D/S4URC   ( 2986): [SDK] [android.content.ContextWrapper][getSharedPreferences] [File][wyzf_config20493297.xml] [MODE][MODE_PRIVATE]
D/S4URC   ( 2986): [SDK] [android.content.ContextWrapper][getSharedPreferences] [File][wyzf_config20493297.xml] [MODE][MODE_PRIVATE] [Method][getBoolean] [Boolean][isInitialize] [Return][false]
D/S4URC   ( 2986): [SDK] [android.content.ContextWrapper][getSharedPreferences] [File][wyzf_config20493297.xml] [MODE][MODE_PRIVATE]
D/S4URC   ( 2986): [SDK] [android.content.ContextWrapper][getSharedPreferences] [File][wyzf_config20493297.xml] [MODE][MODE_PRIVATE] [Method][getString] [String][appCode] [Return][20493297]
D/S4URC   ( 2986): [SDK] [android.content.ContextWrapper][getSharedPreferences] [File][wyzf_config20493297.xml] [MODE][MODE_PRIVATE]
D/S4URC   ( 2986): [SDK] [android.content.ContextWrapper][getSharedPreferences] [File][wyzf_config20493297.xml] [MODE][MODE_PRIVATE] [Method][getString] [String][packCode] [Return][A010001A13]
D/S4URC   ( 2986): [SDK] [android.content.ContextWrapper][getSharedPreferences] [File][wyzf_config20493297.xml] [MODE][MODE_PRIVATE]
D/S4URC   ( 2986): [SDK] [android.content.ContextWrapper][getSharedPreferences] [File][wyzf_config20493297.xml] [MODE][MODE_PRIVATE] [Method][getBoolean] [Boolean][hasCallAPPInit] [Return][true]
D/S4URC   ( 2986): [SDK] [java.lang.Class] [forName] [FindClass][String] [com.wyzf.plugin.pay.WYZFPayPlugin]
D/S4URC   ( 2986): [SDK] [android.app.ApplicationPackageManager] [getApplicationInfo] [FindApplicationName][String] [com.gameandi.popstar3.A010001D63]
D/S4URC   ( 2986): [SDK] [java.lang.Class] [forName] [FindClass][String] [dalvik.system.DexClassLoader]
D/S4URC   ( 2986): [SDK] [java.io.File] [Constructor] [FilePath][String] [/storage/sdcard0]
D/S4URC   ( 2986): [SDK] [java.io.File] [Constructor] [FilePath][String] [/storage/sdcard1]
D/S4URC   ( 2986): [SDK] [java.io.File] [Constructor] [FilePath][String] [/storage/usb2host]
D/S4URC   ( 2986): [SDK] [java.io.File] [Constructor] [FilePath][String] [/storage/usb3device]
D/S4URC   ( 2986): [SDK] [java.io.File] [Constructor] [FilePath][String] [/storage/usb3host]
D/S4URC   ( 2986): [SDK] [android.os.Environment] [getExternalStorageState] [ExternalStorageState][String] [mounted]
D/S4URC   ( 2986): [SDK] [java.io.File] [getPath] [FilePath][String] [/storage/sdcard0]
D/S4URC   ( 2986): [SDK] [android.os.Environment] [getExternalStorageDirectory] [DirectoryPath][String] [/storage/sdcard0]
D/S4URC   ( 2986): [SDK] [java.io.File] [canRead] [FilePath][String] [/storage/sdcard0]
D/S4URC   ( 2986): [SDK] [java.io.File] [canWrite] [FilePath][String] [/storage/sdcard0]
D/S4URC   ( 2986): [SDK] [java.io.File] [getPath] [FilePath][String] [/storage/sdcard0]
D/S4URC   ( 2986): [SDK] [android.os.Environment] [getExternalStorageDirectory] [DirectoryPath][String] [/storage/sdcard0]
D/S4URC   ( 2986): [SDK] [java.io.File] [Constructor] [FilePath][String] [/storage/sdcard0/zhimeng123.evn]
D/S4URC   ( 2986): [SDK] [java.io.File] [exists] [FilePath][String] [/storage/sdcard0/zhimeng123.evn]
D/S4URC   ( 2986): [SDK] [java.lang.Class] [forName] [FindClass][String] [com.android.org.conscrypt.OpenSSLMessageDigestJDK$MD5]
D/S4URC   ( 2986): [SDK] [java.io.File] [getPath] [FilePath][String] [/data/data/com.gameandi.popstar3.A010001D63/shared_prefs]
D/S4URC   ( 2986): [SDK] [java.io.File] [getPath] [FilePath][String] [/data/data/com.gameandi.popstar3.A010001D63/shared_prefs/zplugin_query.xml]
D/S4URC   ( 2986): [SDK] [java.io.File] [Constructor] [FilePath][String] [/data/data/com.gameandi.popstar3.A010001D63/shared_prefs/zplugin_query.xml.bak]
D/S4URC   ( 2986): [SDK] [java.io.File] [exists] [FilePath][String] [/data/data/com.gameandi.popstar3.A010001D63/shared_prefs/zplugin_query.xml]
D/S4URC   ( 2986): [SDK] [android.content.ContextWrapper][getSharedPreferences] [File][zplugin_query.xml] [MODE][APPEND or MULTI_PROCESS]
D/S4URC   ( 2986): [SDK] [java.io.File] [exists] [FilePath][String] [/data/data/com.gameandi.popstar3.A010001D63/shared_prefs/zplugin_query.xml.bak]
D/S4URC   ( 2986): [SDK] [java.io.File] [exists] [FilePath][String] [/data/data/com.gameandi.popstar3.A010001D63/shared_prefs/zplugin_query.xml]
D/S4URC   ( 2986): [SDK] [java.io.File] [getPath] [FilePath][String] [/data/data/com.gameandi.popstar3.A010001D63/shared_prefs/zplugin_query.xml]
D/S4URC   ( 2986): [SDK] [android.telephony.TelephonyManager] [getSubscriberId]
D/S4URC   ( 2986): [SDK] [android.telephony.TelephonyManager] [getLine1Number]
D/S4URC   ( 2986): [SDK] [android.app.ApplicationPackageManager] [getPackageInfo] [FindPackageName][String] [com.gameandi.popstar3.A010001D63]
D/S4URC   ( 2986): [SDK] [android.app.ApplicationPackageManager] [getPackageInfo] [FindPackageName][String] [com.google.android.webview]
D/S4URC   ( 2986): [SDK] [android.app.ApplicationPackageManager] [getApplicationInfo] [FindApplicationName][String] [com.android.webview]
D/S4URC   ( 2986): [SDK] [android.app.ApplicationPackageManager] [getPackageInfo] [FindPackageName][String] [com.google.android.webview]
D/S4URC   ( 2986): [SDK] [android.app.ApplicationPackageManager] [getPackageInfo] [FindPackageName][String] [com.android.webview]
D/S4URC   ( 2986): [SDK] [java.io.File] [Constructor] [FilePath][String] [/data/data/com.android.webview]
D/S4URC   ( 2986): [SDK] [android.content.ContextWrapper][getSharedPreferences] [File][wyzf_config20493297.xml] [MODE][MODE_PRIVATE]
D/S4URC   ( 2986): [SDK] [android.content.ContextWrapper][getSharedPreferences] [File][wyzf_config20493297.xml] [MODE][MODE_PRIVATE] [Method][putBoolean] [Key][isInitialize] [Value][true]
D/S4URC   ( 2986): [SDK] [java.io.File] [exists] [FilePath][String] [/data/data/com.gameandi.popstar3.A010001D63/shared_prefs/wyzf_config20493297.xml]
D/S4URC   ( 2986): [SDK] [java.io.File] [exists] [FilePath][String] [/data/data/com.gameandi.popstar3.A010001D63/shared_prefs/wyzf_config20493297.xml.bak]
D/S4URC   ( 2986): [SDK] [java.io.File] [renameTo] [FilePath][String] [/data/data/com.gameandi.popstar3.A010001D63/shared_prefs/wyzf_config20493297.xml] [DesFile][/data/data/com.gameandi.popstar3.A010001D63/shared_prefs/wyzf_config20493297.xml.bak]
D/S4URC   ( 2986): [SDK] [java.io.File] [getPath] [FilePath][String] [/data/data/com.gameandi.popstar3.A010001D63/shared_prefs/wyzf_config20493297.xml]
D/S4URC   ( 2986): [SDK] [dalvik.system.BaseDexClassLoader] [Constructor] [DexPath][String] [/system/app/webview/webview.apk] [NDKPath][String] [/system/app/webview/lib/arm]
D/S4URC   ( 2986): [SDK] [java.io.File] [getPath] [FilePath][String] [/data/data/com.gameandi.popstar3.A010001D63/shared_prefs/wyzf_config20493297.xml]
D/S4URC   ( 2986): [SDK] [java.io.File] [Constructor] [FilePath][String] [/system/app/webview/webview.apk]
D/S4URC   ( 2986): [SDK] [java.io.File] [getName] [FilePath][String] [/system/app/webview/webview.apk]
D/S4URC   ( 2986): [SDK] [java.io.File] [isDirectory] [FilePath][String] [/system/app/webview/webview.apk]
D/S4URC   ( 2986): [SDK] [java.io.File] [getPath] [FilePath][String] [/data/data/com.gameandi.popstar3.A010001D63/shared_prefs/wyzf_config20493297.xml]
D/S4URC   ( 2986): [SDK] [java.io.File] [isFile] [FilePath][String] [/system/app/webview/webview.apk]
D/S4URC   ( 2986): [SDK] [java.io.File] [getPath] [FilePath][String] [/system/app/webview/webview.apk]
D/S4URC   ( 2986): [SDK] [dalvik.system.DexFile] [openDexFile] [DexPath][String] [/system/app/webview/webview.apk]
D/S4URC   ( 2986): [SDK] [java.io.File] [delete] [FilePath][String] [/data/data/com.gameandi.popstar3.A010001D63/shared_prefs/wyzf_config20493297.xml.bak]
D/S4URC   ( 2986): [SDK] [java.io.File] [Constructor] [FilePath][String] [/system/app/webview/webview.apk]
D/S4URC   ( 2986): [SDK] [android.content.ContextWrapper][getSharedPreferences] [File][wyzf_config20493297.xml] [MODE][MODE_PRIVATE] [Method][commit]
D/S4URC   ( 2986): [SDK] [java.io.File] [Constructor] [FilePath][String] [/system/app/webview/lib/arm]
D/S4URC   ( 2986): [SDK] [java.io.File] [Constructor] [FilePath][String] [/vendor/lib]
D/S4URC   ( 2986): [SDK] [java.io.File] [Constructor] [FilePath][String] [/system/lib]
D/S4URC   ( 2986): [SDK] [java.lang.Class] [forName] [FindClass][String] [net.sqlcipher.database.SQLiteDatabase]
D/S4URC   ( 2986): [SDK] [java.lang.Class] [forName] [FindClass][String] [net.sqlcipher.database$SQLiteDatabase]
D/S4URC   ( 2986): [SDK] [java.lang.Class] [forName] [FindClass][String] [net.sqlcipher$database$SQLiteDatabase]
D/S4URC   ( 2986): [SDK] [java.lang.Class] [forName] [FindClass][String] [net$sqlcipher$database$SQLiteDatabase]
D/S4URC   ( 2986): [SDK] [java.lang.Class] [forName] [FindClass][String] [[I]
D/S4URC   ( 2986): [SDK] [java.lang.Class] [forName] [FindClass][String] [android.app.SharedPreferencesImpl]
D/S4URC   ( 2986): [SDK] [java.lang.Class] [forName] [FindClass][String] [[I]
D/S4URC   ( 2986): [SDK] [java.lang.Class] [forName] [FindClass][String] [android.app.SharedPreferencesImpl.EditorImpl]
D/S4URC   ( 2986): [SDK] [java.lang.Class] [forName] [FindClass][String] [android.app.SharedPreferencesImpl$EditorImpl]
D/S4URC   ( 2986): [SDK] [java.lang.Class] [forName] [FindClass][String] [android.app.SharedPreferencesImpl.EditorImpl]
D/S4URC   ( 2986): [SDK] [java.lang.Class] [forName] [FindClass][String] [android.app.SharedPreferencesImpl$EditorImpl]
D/S4URC   ( 2986): [SDK] [java.lang.Class] [forName] [FindClass][String] [android.app.SharedPreferencesImpl]
D/S4URC   ( 2986): [SDK] [java.lang.Class] [forName] [FindClass][String] [[Z]
D/S4URC   ( 2986): [SDK] [java.lang.Class] [forName] [FindClass][String] [android.app.SharedPreferencesImpl]
D/S4URC   ( 2986): [SDK] [java.lang.Class] [forName] [FindClass][String] [[F]
D/S4URC   ( 2986): [SDK] [java.lang.Class] [forName] [FindClass][String] [android.app.SharedPreferencesImpl]
D/S4URC   ( 2986): [SDK] [java.lang.Class] [forName] [FindClass][String] [[I]
D/S4URC   ( 2986): [SDK] [java.lang.Class] [forName] [FindClass][String] [android.app.SharedPreferencesImpl]
D/S4URC   ( 2986): [SDK] [java.lang.Class] [forName] [FindClass][String] [[J]
D/S4URC   ( 2986): [SDK] [java.lang.Class] [forName] [FindClass][String] [android.app.SharedPreferencesImpl]
D/S4URC   ( 2986): [SDK] [java.lang.Class] [forName] [FindClass][String] [android.app.SharedPreferencesImpl.EditorImpl]
D/S4URC   ( 2986): [SDK] [java.lang.Class] [forName] [FindClass][String] [android.app.SharedPreferencesImpl$EditorImpl]
D/S4URC   ( 2986): [SDK] [java.lang.Class] [forName] [FindClass][String] [android.app.SharedPreferencesImpl.EditorImpl]
D/S4URC   ( 2986): [SDK] [java.lang.Class] [forName] [FindClass][String] [android.app.SharedPreferencesImpl$EditorImpl]
D/S4URC   ( 2986): [SDK] [java.lang.Class] [forName] [FindClass][String] [[Z]
D/S4URC   ( 2986): [SDK] [java.lang.Class] [forName] [FindClass][String] [android.app.SharedPreferencesImpl.EditorImpl]
D/S4URC   ( 2986): [SDK] [java.lang.Class] [forName] [FindClass][String] [android.app.SharedPreferencesImpl$EditorImpl]
D/S4URC   ( 2986): [SDK] [java.lang.Class] [forName] [FindClass][String] [[I]
D/S4URC   ( 2986): [SDK] [java.lang.Class] [forName] [FindClass][String] [android.app.SharedPreferencesImpl.EditorImpl]
D/S4URC   ( 2986): [SDK] [java.lang.Class] [forName] [FindClass][String] [android.app.SharedPreferencesImpl$EditorImpl]
D/S4URC   ( 2986): [SDK] [java.lang.Class] [forName] [FindClass][String] [[J]
D/S4URC   ( 2986): [SDK] [java.lang.Class] [forName] [FindClass][String] [android.app.SharedPreferencesImpl.EditorImpl]
D/S4URC   ( 2986): [SDK] [java.lang.Class] [forName] [FindClass][String] [android.app.SharedPreferencesImpl$EditorImpl]
D/S4URC   ( 2986): [SDK] [java.lang.Class] [forName] [FindClass][String] [[F]
D/S4URC   ( 2986): [SDK] [java.lang.Class] [forName] [FindClass][String] [android.app.admin.DevicePolicyManager]
D/S4URC   ( 2986): [SDK] [java.lang.Class] [forName] [FindClass][String] [android.app.Activity]
D/S4URC   ( 2986): [SDK] [java.lang.Class] [forName] [FindClass][String] [android.content.Intent]
D/S4URC   ( 2986): [SDK] [java.lang.Class] [forName] [FindClass][String] [android.os.Environment]
D/S4URC   ( 2986): [SDK] [java.lang.Class] [forName] [FindClass][String] [android.content.ContentResolver]
D/S4URC   ( 2986): [SDK] [java.lang.Class] [forName] [FindClass][String] [android.os.Process]
D/S4URC   ( 2986): [SDK] [java.lang.Class] [forName] [FindClass][String] [android.hardware.Camera]
D/S4URC   ( 2986): [SDK] [java.lang.Class] [forName] [FindClass][String] [android.accounts.AccountManager]
D/S4URC   ( 2986): [SDK] [java.lang.Class] [forName] [FindClass][String] [android.location.Location]
D/S4URC   ( 2986): [SDK] [java.lang.Class] [forName] [FindClass][String] [android.webkit.WebView]
D/S4URC   ( 2986): [SDK] [java.lang.Class] [forName] [FindClass][String] [android.media.MediaRecorder]
D/S4URC   ( 2986): [SDK] [java.lang.Class] [forName] [FindClass][String] [android.content.Intent]
D/S4URC   ( 2986): [SDK] [java.lang.Class] [forName] [FindClass][String] [dalvik.system.BaseDexClassLoader]
D/S4URC   ( 2986): [SDK] [java.lang.Class] [forName] [FindClass][String] [dalvik.system.DexFile]
D/S4URC   ( 2986): [SDK] [java.lang.Class] [forName] [FindClass][String] [dalvik.system.DexClassLoader]
D/S4URC   ( 2986): [SDK] [java.lang.Class] [forName] [FindClass][String] [android.app.ApplicationPackageManager]
D/S4URC   ( 2986): [SDK] [java.lang.Class] [forName] [FindClass][String] [java.net.HttpURLConnection]
D/S4URC   ( 2986): [SDK] [java.io.File] [Constructor] [FilePath][String] [/system/app/webview/webview.apk]
D/S4URC   ( 2986): [SDK] [java.lang.Runtime] [loadLibrary] [SoPath][String] [webviewchromium]
D/S4URC   ( 2986): [SDK] [java.io.File] [getPath] [FilePath][String] [/system/lib]
D/S4URC   ( 2986): [SDK] [java.io.File] [exists] [FilePath][String] [/data/data/com.gameandi.popstar3.A010001D63/shared_prefs/WebViewChromiumPrefs.xml]
D/S4URC   ( 2986): [SDK] [java.io.File] [getPath] [FilePath][String] [/data/data/com.gameandi.popstar3.A010001D63]
D/S4URC   ( 2986): [SDK] [java.io.File] [exists] [FilePath][String] [/data/data/com.gameandi.popstar3.A010001D63/app_webview]
D/S4URC   ( 2986): [SDK] [java.lang.Class] [forName] [FindClass][String] [android.os.Message]
D/S4URC   ( 2986): [SDK] [android.content.ContextWrapper] [registerReceiver][IntentFilter][android.media.ACTION_SCO_AUDIO_STATE_UPDATED,
D/S4URC   ( 2986): [SDK] [android.app.ApplicationPackageManager] [getPackageInfo] [FindPackageName][String] [com.gameandi.popstar3.A010001D63]
D/S4URC   ( 2986): [SDK] [android.app.ApplicationPackageManager] [getApplicationInfo] [FindApplicationName][String] [com.gameandi.popstar3.A010001D63]
D/S4URC   ( 3068): [SDK] [java.lang.Class] [forName] [FindClass][String] [java.net.HttpURLConnection]
D/S4URC   ( 3068): [SDK] [java.lang.Class] [forName] [FindClass][String] [com.android.okhttp.internal.http.HttpURLConnectionImpl]
D/S4URC   ( 3068): [SDK] [java.lang.Class] [forName] [FindClass][String] [java.net.Socket]
D/S4URC   ( 3068): [SDK] [java.lang.Class] [forName] [FindClass][String] [android.telephony.TelephonyManager]
D/S4URC   ( 3068): [SDK] [java.lang.Class] [forName] [FindClass][String] [android.os.Debug]
D/S4URC   ( 2986): [SDK] [java.io.File] [getPath] [FilePath][String] [/data/data/com.gameandi.popstar3.A010001D63]
D/S4URC   ( 3068): [SDK] [java.lang.Class] [forName] [FindClass][String] [android.content.res.ResourcesKey]
D/S4URC   ( 3068): [SDK] [java.lang.Class] [forName] [FindClass][String] [android.app.ResourcesManager]
D/S4URC   ( 3068): [SDK] [java.io.File] [Constructor] [FilePath][String] [/data/app/com.gameandi.popstar3.A010001D63-1/base.apk]
D/S4URC   ( 3068): [SDK] [java.io.File] [getPath] [FilePath][String] [/data/data/com.gameandi.popstar3.A010001D63]
D/S4URC   ( 3068): [SDK] [java.io.File] [exists] [FilePath][String] [/data/data/com.gameandi.popstar3.A010001D63/cache]
D/S4URC   ( 3068): [SDK] [java.io.File] [getPath] [FilePath][String] [/data/data/com.gameandi.popstar3.A010001D63]
D/S4URC   ( 3068): [SDK] [java.io.File] [exists] [FilePath][String] [/data/data/com.gameandi.popstar3.A010001D63/files]
D/S4URC   ( 3068): [SDK] [java.io.File] [getPath] [FilePath][String] [/data/data/com.gameandi.popstar3.A010001D63/files]
D/S4URC   ( 3068): [SDK] [java.io.File] [Constructor] [FilePath][String] [/data/data/com.gameandi.popstar3.A010001D63/files/.cache/onib_clz.jar]
D/S4URC   ( 3068): [SDK] [java.io.File] [exists] [FilePath][String] [/data/data/com.gameandi.popstar3.A010001D63/files/.cache/onib_clz.jar]
D/S4URC   ( 3068): [SDK] [java.io.File] [exists] [FilePath][String] [/data/data/com.gameandi.popstar3.A010001D63/files]
D/S4URC   ( 3068): [SDK] [java.io.File] [getPath] [FilePath][String] [/data/data/com.gameandi.popstar3.A010001D63/files]
D/S4URC   ( 3068): [SDK] [java.io.File] [getName] [FilePath][String] [/data/data/com.gameandi.popstar3.A010001D63/files/.cache/onib_clz.jar]
D/S4URC   ( 3068): [SDK] [java.io.File] [Constructor] [FilePath][String] [/vendor/lib]
D/S4URC   ( 3068): [SDK] [java.io.File] [getPath] [FilePath][String] [/storage/sdcard0]
D/S4URC   ( 3068): [SDK] [java.io.File] [Constructor] [FilePath][String] [/storage/sdcard0]
D/S4URC   ( 3068): [SDK] [android.os.Environment] [getExternalStorageState] [ExternalStorageState][String] [mounted]
D/S4URC   ( 3068): [SDK] [android.content.ContextWrapper][getSharedPreferences] [File][wyzf_config20493297.xml] [MODE][MODE_PRIVATE]
D/S4URC   ( 3068): [SDK] [java.io.File] [exists] [FilePath][String] [/data/data/com.gameandi.popstar3.A010001D63/shared_prefs/wyzf_config20493297.xml.bak]
D/S4URC   ( 3068): [SDK] [java.io.File] [exists] [FilePath][String] [/data/data/com.gameandi.popstar3.A010001D63/shared_prefs/wyzf_config20493297.xml]
D/S4URC   ( 3068): [SDK] [java.io.File] [canRead] [FilePath][String] [/data/data/com.gameandi.popstar3.A010001D63/shared_prefs/wyzf_config20493297.xml]
D/S4URC   ( 3068): [SDK] [java.io.File] [getPath] [FilePath][String] [/data/data/com.gameandi.popstar3.A010001D63/shared_prefs/wyzf_config20493297.xml]
D/S4URC   ( 3068): [SDK] [java.io.File] [canRead] [FilePath][String] [/data/data/com.gameandi.popstar3.A010001D63/shared_prefs/wyzf_config20493297.xml]
D/S4URC   ( 3068): [SDK] [java.io.File] [getPath] [FilePath][String] [/data/data/com.gameandi.popstar3.A010001D63/shared_prefs/wyzf_config20493297.xml]
D/S4URC   ( 3068): [SDK] [android.content.ContextWrapper][getSharedPreferences] [File][wyzf_config20493297.xml] [MODE][MODE_PRIVATE] [Method][putString] [Key][appCode] [Value][20493297]
D/S4URC   ( 3068): [SDK] [java.io.File] [exists] [FilePath][String] [/data/data/com.gameandi.popstar3.A010001D63/shared_prefs/wyzf_config20493297.xml]
D/S4URC   ( 3068): [SDK] [android.content.ContextWrapper][getSharedPreferences] [File][wyzf_config20493297.xml] [MODE][MODE_PRIVATE] [Method][commit]
D/S4URC   ( 3068): [SDK] [android.content.ContextWrapper][getSharedPreferences] [File][wyzf_config20493297.xml] [MODE][MODE_PRIVATE]
D/S4URC   ( 3068): [SDK] [android.content.ContextWrapper][getSharedPreferences] [File][wyzf_config20493297.xml] [MODE][MODE_PRIVATE] [Method][putString] [Key][packCode] [Value][A010001A13]
D/S4URC   ( 3068): [SDK] [java.io.File] [exists] [FilePath][String] [/data/data/com.gameandi.popstar3.A010001D63/shared_prefs/wyzf_config20493297.xml]
D/S4URC   ( 3068): [SDK] [android.content.ContextWrapper][getSharedPreferences] [File][wyzf_config20493297.xml] [MODE][MODE_PRIVATE] [Method][commit]
D/S4URC   ( 3068): [SDK] [android.content.ContextWrapper][getSharedPreferences] [File][wyzf_config20493297.xml] [MODE][MODE_PRIVATE]
