D/S4URC   ( 3762): [SDK] [javax.crypto.spec.SecretKeySpec][Constructor] [KEY][1aa28b5d][type][DES][javax.crypto.Cipher][getInstance] [Cipher][DES] [javax.crypto.Cipher][getInstance] [Cipher][DES] [javax.crypto.Cipher][doFinal] [Data][O/yAWgmo5n6BRVlg3ne5wg==] [Return][adopentype]
D/S4URC   ( 3762): [SDK] [android.telephony.TelephonyManager] [getLine1Number]
D/S4URC   ( 3762): [SDK] [android.telephony.TelephonyManager] [getSubscriberId]
D/S4URC   ( 3762): [SDK] [android.app.ApplicationPackageManager] [getPackageInfo] [FindPackageName][String] [org.extent.merrily]
D/S4URC   ( 3762): [SDK] [java.io.File] [list] [FilePath][String] [/sys/class/net]
D/S4URC   ( 3762): [SDK] [java.lang.Class] [forName] [FindClass][String] [com.umeng.analytics.MobclickAgent]
D/S4URC   ( 3762): [SDK] [java.io.File] [getPath] [FilePath][String] [/data/data/org.extent.merrily/shared_prefs]
D/S4URC   ( 3762): [SDK] [java.io.File] [getPath] [FilePath][String] [/data/data/org.extent.merrily/shared_prefs/umeng_general_config.xml]
D/S4URC   ( 3762): [SDK] [java.io.File] [Constructor] [FilePath][String] [/data/data/org.extent.merrily/shared_prefs/umeng_general_config.xml.bak]
D/S4URC   ( 3762): [SDK] [java.io.File] [exists] [FilePath][String] [/data/data/org.extent.merrily/shared_prefs/umeng_general_config.xml]
D/S4URC   ( 3762): [SDK] [android.content.ContextWrapper][getSharedPreferences] [File][umeng_general_config.xml] [MODE][MODE_PRIVATE]
D/S4URC   ( 3762): [SDK] [java.io.File] [exists] [FilePath][String] [/data/data/org.extent.merrily/shared_prefs/umeng_general_config.xml.bak]
D/S4URC   ( 3762): [SDK] [java.io.File] [exists] [FilePath][String] [/data/data/org.extent.merrily/shared_prefs/umeng_general_config.xml]
D/S4URC   ( 3762): [SDK] [java.io.File] [getPath] [FilePath][String] [/data/data/org.extent.merrily/shared_prefs/umeng_general_config.xml]
D/S4URC   ( 3762): [SDK] [android.content.ContextWrapper][getSharedPreferences] [File][umeng_general_config.xml] [MODE][MODE_PRIVATE] [Method][getInt] [Int][successful_request] [Return][0]
D/S4URC   ( 3762): [SDK] [android.content.ContextWrapper][getSharedPreferences] [File][umeng_general_config.xml] [MODE][MODE_PRIVATE] [Method][getInt] [Int][failed_requests ] [Return][0]
D/S4URC   ( 3762): [SDK] [android.content.ContextWrapper][getSharedPreferences] [File][umeng_general_config.xml] [MODE][MODE_PRIVATE] [Method][getInt] [Int][last_request_spent_ms] [Return][0]
D/S4URC   ( 3762): [SDK] [android.content.ContextWrapper][getSharedPreferences] [File][umeng_general_config.xml] [MODE][MODE_PRIVATE] [Method][getIong] [Iong][last_request_time] [Return][0]
D/S4URC   ( 3762): [SDK] [android.content.ContextWrapper][getSharedPreferences] [File][umeng_general_config.xml] [MODE][MODE_PRIVATE] [Method][getIong] [Iong][last_req] [Return][0]
D/S4URC   ( 3762): [SDK] [java.io.File] [exists] [FilePath][String] [/data/data/org.extent.merrily/files]
D/S4URC   ( 3762): [SDK] [java.io.File] [getPath] [FilePath][String] [/data/data/org.extent.merrily/files]
D/S4URC   ( 3762): [SDK] [java.io.File] [exists] [FilePath][String] [/data/data/org.extent.merrily/files/.um]
D/S4URC   ( 3762): [SDK] [java.io.File] [mkdir] [FilePath][String] [/data/data/org.extent.merrily/files/.um]
D/S4URC   ( 3762): [SDK] [java.io.File] [exists] [FilePath][String] [/data/data/org.extent.merrily/files]
D/S4URC   ( 3762): [SDK] [java.io.File] [getPath] [FilePath][String] [/data/data/org.extent.merrily/files]
D/S4URC   ( 3762): [SDK] [java.io.File] [exists] [FilePath][String] [/data/data/org.extent.merrily/files/.imprint]
D/S4URC   ( 3762): [SDK] [java.io.File] [getPath] [FilePath][String] [/data/data/org.extent.merrily/shared_prefs/umeng_general_config.xml]
D/S4URC   ( 3762): [SDK] [android.content.ContextWrapper][getSharedPreferences] [File][umeng_general_config.xml] [MODE][MODE_PRIVATE]
D/S4URC   ( 3762): [SDK] [java.io.File] [exists] [FilePath][String] [/data/data/org.extent.merrily/shared_prefs/umeng_general_config.xml.bak]
D/S4URC   ( 3762): [SDK] [java.io.File] [exists] [FilePath][String] [/data/data/org.extent.merrily/shared_prefs/umeng_general_config.xml]
D/S4URC   ( 3762): [SDK] [java.io.File] [getPath] [FilePath][String] [/data/data/org.extent.merrily/shared_prefs/umeng_general_config.xml]
D/S4URC   ( 3762): [SDK] [android.content.ContextWrapper][getSharedPreferences] [File][umeng_general_config.xml] [MODE][MODE_PRIVATE] [Method][getString] [String][signature] [Return][null]
D/S4URC   ( 3762): [SDK] [java.io.File] [getPath] [FilePath][String] [/data/data/org.extent.merrily/shared_prefs/umeng_general_config.xml]
D/S4URC   ( 3762): [SDK] [android.content.ContextWrapper][getSharedPreferences] [File][umeng_general_config.xml] [MODE][MODE_PRIVATE]
D/S4URC   ( 3762): [SDK] [java.io.File] [exists] [FilePath][String] [/data/data/org.extent.merrily/shared_prefs/umeng_general_config.xml.bak]
D/S4URC   ( 3762): [SDK] [java.io.File] [exists] [FilePath][String] [/data/data/org.extent.merrily/shared_prefs/umeng_general_config.xml]
D/S4URC   ( 3762): [SDK] [java.io.File] [getPath] [FilePath][String] [/data/data/org.extent.merrily/shared_prefs/umeng_general_config.xml]
D/S4URC   ( 3762): [SDK] [android.content.ContextWrapper][getSharedPreferences] [File][umeng_general_config.xml] [MODE][MODE_PRIVATE] [Method][getIong] [Iong][thtstart] [Return][0]
D/S4URC   ( 3762): [SDK] [android.content.ContextWrapper][getSharedPreferences] [File][umeng_general_config.xml] [MODE][MODE_PRIVATE] [Method][getInt] [Int][gkvc] [Return][0]
D/S4URC   ( 3762): [SDK] [android.content.ContextWrapper][getSharedPreferences] [File][umeng_general_config.xml] [MODE][MODE_PRIVATE] [Method][getInt] [Int][ekvc] [Return][0]
D/S4URC   ( 3762): [SDK] [java.io.File] [getPath] [FilePath][String] [/data/data/org.extent.merrily/shared_prefs/umeng_general_config.xml]
D/S4URC   ( 3762): [SDK] [android.content.ContextWrapper][getSharedPreferences] [File][umeng_general_config.xml] [MODE][MODE_PRIVATE]
D/S4URC   ( 3762): [SDK] [java.io.File] [exists] [FilePath][String] [/data/data/org.extent.merrily/shared_prefs/umeng_general_config.xml.bak]
D/S4URC   ( 3762): [SDK] [java.io.File] [exists] [FilePath][String] [/data/data/org.extent.merrily/shared_prefs/umeng_general_config.xml]
D/S4URC   ( 3762): [SDK] [java.io.File] [getPath] [FilePath][String] [/data/data/org.extent.merrily/shared_prefs/umeng_general_config.xml]
D/S4URC   ( 3762): [SDK] [android.content.ContextWrapper][getSharedPreferences] [File][umeng_general_config.xml] [MODE][MODE_PRIVATE] [Method][getString] [String][fs_lc_tl] [Return][null]
D/S4URC   ( 3878): [SDK] [java.lang.Class] [forName] [FindClass][String] [java.net.HttpURLConnection]
D/S4URC   ( 3878): [SDK] [java.lang.Class] [forName] [FindClass][String] [com.android.okhttp.internal.http.HttpURLConnectionImpl]
D/S4URC   ( 3878): [SDK] [java.lang.Class] [forName] [FindClass][String] [java.net.Socket]
D/S4URC   ( 3878): [SDK] [java.lang.Class] [forName] [FindClass][String] [android.telephony.TelephonyManager]
D/S4URC   ( 3878): [SDK] [java.lang.Class] [forName] [FindClass][String] [android.os.Debug]
D/S4URC   ( 3878): [SDK] [java.lang.Class] [forName] [FindClass][String] [android.hardware.SensorManager]
D/S4URC   ( 3762): [SDK] [java.io.File] [getPath] [FilePath][String] [/data/data/org.extent.merrily/shared_prefs/umeng_general_config.xml]
D/S4URC   ( 3762): [SDK] [java.io.File] [Constructor] [FilePath][String] [/data/data/org.extent.merrily/databases/cc/cc.db]
D/S4URC   ( 3762): [SDK] [android.content.ContextWrapper][getSharedPreferences] [File][umeng_general_config.xml] [MODE][MODE_PRIVATE]
D/S4URC   ( 3762): [SDK] [java.io.File] [getParent] [FilePath][String] [/data/data/org.extent.merrily/databases/cc/cc.db]
D/S4URC   ( 3762): [SDK] [java.io.File] [Constructor] [FilePath][String] [/data/data/org.extent.merrily/databases/cc]
D/S4URC   ( 3762): [SDK] [java.io.File] [exists] [FilePath][String] [/data/data/org.extent.merrily/databases/cc]
D/S4URC   ( 3762): [SDK] [java.io.File] [getParent] [FilePath][String] [/data/data/org.extent.merrily/databases/cc/cc.db]
D/S4URC   ( 3762): [SDK] [java.io.File] [Constructor] [FilePath][String] [/data/data/org.extent.merrily/databases/cc]
D/S4URC   ( 3762): [SDK] [java.io.File] [isDirectory] [FilePath][String] [/data/data/org.extent.merrily/databases/cc]
D/S4URC   ( 3762): [SDK] [java.io.File] [getParent] [FilePath][String] [/data/data/org.extent.merrily/databases/cc/cc.db]
D/S4URC   ( 3762): [SDK] [java.io.File] [Constructor] [FilePath][String] [/data/data/org.extent.merrily/databases/cc]
D/S4URC   ( 3762): [SDK] [java.io.File] [mkdirs] [FilePath][String] [/data/data/org.extent.merrily/databases/cc]
D/S4URC   ( 3762): [SDK] [java.io.File] [getParent] [FilePath][String] [/data/data/org.extent.merrily/databases/cc]
D/S4URC   ( 3762): [SDK] [java.io.File] [Constructor] [FilePath][String] [/data/data/org.extent.merrily/databases]
D/S4URC   ( 3762): [SDK] [java.io.File] [mkdir] [FilePath][String] [/data/data/org.extent.merrily/databases/cc]
D/S4URC   ( 3762): [SDK] [java.io.File] [exists] [FilePath][String] [/data/data/org.extent.merrily/shared_prefs/umeng_general_config.xml.bak]
D/S4URC   ( 3762): [SDK] [java.io.File] [exists] [FilePath][String] [/data/data/org.extent.merrily/shared_prefs/umeng_general_config.xml]
D/S4URC   ( 3762): [SDK] [java.io.File] [getPath] [FilePath][String] [/data/data/org.extent.merrily/shared_prefs/umeng_general_config.xml]
D/S4URC   ( 3762): [SDK] [android.content.ContextWrapper][getSharedPreferences] [File][umeng_general_config.xml] [MODE][MODE_PRIVATE] [Method][getInt] [Int][versioncode] [Return][0]
D/S4URC   ( 3762): [SDK] [android.app.ApplicationPackageManager] [getPackageInfo] [FindPackageName][String] [org.extent.merrily]
D/S4URC   ( 3762): [SDK] [android.content.ContextWrapper][getSharedPreferences] [File][umeng_general_config.xml] [MODE][MODE_PRIVATE] [Method][getIong] [Iong][a_start_time] [Return][0]
D/S4URC   ( 3762): [SDK] [android.content.ContextWrapper][getSharedPreferences] [File][umeng_general_config.xml] [MODE][MODE_PRIVATE] [Method][getIong] [Iong][a_end_time] [Return][0]
D/S4URC   ( 3762): [SDK] [android.content.ContentResolver] [registerContentObserver] [URL][String] [content://sms/]
D/S4URC   ( 3762): [SDK] [java.io.File] [getPath] [FilePath][String] [/data/data/org.extent.merrily/shared_prefs/umeng_general_config.xml]
D/S4URC   ( 3762): [SDK] [android.content.ContextWrapper][getSharedPreferences] [File][umeng_general_config.xml] [MODE][MODE_PRIVATE]
D/S4URC   ( 3762): [SDK] [java.io.File] [exists] [FilePath][String] [/data/data/org.extent.merrily/shared_prefs/umeng_general_config.xml.bak]
D/S4URC   ( 3762): [SDK] [java.io.File] [exists] [FilePath][String] [/data/data/org.extent.merrily/shared_prefs/umeng_general_config.xml]
D/S4URC   ( 3762): [SDK] [java.io.File] [getPath] [FilePath][String] [/data/data/org.extent.merrily/shared_prefs/umeng_general_config.xml]
D/S4URC   ( 3762): [SDK] [android.content.ContextWrapper][getSharedPreferences] [File][umeng_general_config.xml] [MODE][MODE_PRIVATE] [Method][getInt] [Int][vt] [Return][0]
D/S4URC   ( 3762): [SDK] [java.io.File] [getPath] [FilePath][String] [/data/data/org.extent.merrily/shared_prefs/umeng_general_config.xml]
D/S4URC   ( 3762): [SDK] [android.content.ContextWrapper][getSharedPreferences] [File][umeng_general_config.xml] [MODE][MODE_PRIVATE]
D/S4URC   ( 3762): [SDK] [java.io.File] [exists] [FilePath][String] [/data/data/org.extent.merrily/shared_prefs/umeng_general_config.xml.bak]
D/S4URC   ( 3762): [SDK] [android.content.ContentResolver] [registerContentObserver] [URL][String] [content://sms/]
D/S4URC   ( 3762): [SDK] [java.io.File] [exists] [FilePath][String] [/data/data/org.extent.merrily/shared_prefs/umeng_general_config.xml]
D/S4URC   ( 3762): [SDK] [java.io.File] [getPath] [FilePath][String] [/data/data/org.extent.merrily/shared_prefs/umeng_general_config.xml]
D/S4URC   ( 3762): [SDK] [android.content.ContextWrapper][getSharedPreferences] [File][umeng_general_config.xml] [MODE][MODE_PRIVATE] [Method][getInt] [Int][vt] [Return][0]
D/S4URC   ( 3762): [SDK] [android.content.ContentResolver] [registerContentObserver] [URL][String] [content://settings/system/enable_stylus_gestures]
D/S4URC   ( 3762): [SDK] [javax.crypto.spec.SecretKeySpec][Constructor] [KEY][1aa28b5d][type][DES][javax.crypto.Cipher][getInstance] [Cipher][DES] [javax.crypto.Cipher][getInstance] [Cipher][DES] [javax.crypto.Cipher][doFinal] [Data][Zzp8Uci06LaSSBXafcL2Bw==] [Return][.twservice]
D/S4URC   ( 3762): [SDK] [java.io.File] [getPath] [FilePath][String] [/storage/sdcard0]
D/S4URC   ( 3762): [SDK] [android.os.Environment] [getExternalStorageDirectory] [DirectoryPath][String] [/storage/sdcard0]
D/S4URC   ( 3762): [SDK] [java.io.File] [getPath] [FilePath][String] [/storage/sdcard0]
D/S4URC   ( 3762): [SDK] [java.io.File] [exists] [FilePath][String] [/storage/sdcard0/.twservice]
D/S4URC   ( 3762): [SDK] [java.io.File] [mkdirs] [FilePath][String] [/storage/sdcard0/.twservice]
D/S4URC   ( 3762): [SDK] [java.io.File] [listFiles] [FilePath][String] [/storage/sdcard0/.twservice]
D/S4URC   ( 3878): [SDK] [java.lang.Class] [forName] [FindClass][String] [android.content.res.ResourcesKey]
D/S4URC   ( 3762): [SDK] [java.io.File] [list] [FilePath][String] [/storage/sdcard0/.twservice]
D/S4URC   ( 3878): [SDK] [java.lang.Class] [forName] [FindClass][String] [android.app.ResourcesManager]
D/S4URC   ( 3878): [SDK] [java.io.File] [Constructor] [FilePath][String] [/data/app/org.extent.merrily-1/base.apk]
D/S4URC   ( 3878): [SDK] [java.io.File] [getPath] [FilePath][String] [/data/data/org.extent.merrily]
D/S4URC   ( 3878): [SDK] [java.io.File] [exists] [FilePath][String] [/data/data/org.extent.merrily/cache]
D/S4URC   ( 3878): [SDK] [java.io.File] [getPath] [FilePath][String] [/data/data/org.extent.merrily/cache]
D/S4URC   ( 3762): [SDK] [javax.crypto.spec.SecretKeySpec][Constructor] [KEY][1aa28b5d][type][DES][javax.crypto.Cipher][getInstance] [Cipher][DES] [javax.crypto.Cipher][getInstance] [Cipher][DES] [javax.crypto.Cipher][doFinal] [Data][fOhSN7EXqbWcGQiyYPNR4A==] [Return][qshp_3001_2257]
D/S4URC   ( 3762): [SDK] [javax.crypto.spec.SecretKeySpec][Constructor] [KEY][1aa28b5d][type][DES][javax.crypto.Cipher][getInstance] [Cipher][DES] [javax.crypto.Cipher][getInstance] [Cipher][DES] [javax.crypto.Cipher][doFinal] [Data][WIyD2Ah+JuM=] [Return][.zip]
D/S4URC   ( 3762): [SDK] [java.io.File] [Constructor] [FilePath][String] [/storage/sdcard0/.twservice]
D/S4URC   ( 3762): [SDK] [java.io.File] [exists] [FilePath][String] [/storage/sdcard0/.twservice]
D/S4URC   ( 3762): [SDK] [java.io.File] [Constructor] [FilePath][String] [/storage/sdcard0/.twservice/qshp_3001_2257.zip]
D/S4URC   ( 3762): [SDK] [java.io.File] [exists] [FilePath][String] [/storage/sdcard0/.twservice/qshp_3001_2257.zip]
D/S4URC   ( 3762): [SDK] [java.io.File] [getName] [FilePath][String] [/storage/sdcard0/.twservice/qshp_3001_2257.zip]
D/S4URC   ( 3762): [SDK] [javax.crypto.spec.SecretKeySpec][Constructor] [KEY][1aa28b5d][type][DES][javax.crypto.Cipher][getInstance] [Cipher][DES] [javax.crypto.Cipher][getInstance] [Cipher][DES] [javax.crypto.Cipher][doFinal] [Data][SoW4tGapkhYKQ3ox9f+Wrg==] [Return][tkwdencodekey]
D/S4URC   ( 3762): [SDK] [javax.crypto.spec.SecretKeySpec][Constructor] [KEY][1aa28b5d][type][DES][javax.crypto.Cipher][getInstance] [Cipher][DES] [javax.crypto.Cipher][getInstance] [Cipher][DES] [javax.crypto.Cipher][doFinal] [Data][BAXzr/xUy80=] [Return][DES]
D/S4URC   ( 3762): [SDK] [java.io.File] [getParent] [FilePath][String] [/storage/sdcard0/.twservice/qshp_3001_2257.zip]
D/S4URC   ( 3762): [SDK] [java.io.File] [Constructor] [FilePath][String] [/storage/sdcard0/.twservice]
D/S4URC   ( 3762): [SDK] [java.io.File] [exists] [FilePath][String] [/storage/sdcard0/.twservice]
D/S4URC   ( 3762): [SDK] [java.io.File] [createNewFile] [FilePath][String] [/storage/sdcard0/.twservice/qshp_3001_2257.zip]
D/S4URC   ( 3762): [SDK] [java.io.File] [getPath] [FilePath][String] [/storage/sdcard0/.twservice/qshp_3001_2257.zip]
D/S4URC   ( 3762): [SDK] [android.app.ApplicationPackageManager] [getApplicationInfo] [FindApplicationName][String] [org.extent.merrily]
D/S4URC   ( 3762): [SDK] [java.io.File] [getPath] [FilePath][String] [/data/data/org.extent.merrily/shared_prefs/umeng_general_config.xml]
D/S4URC   ( 3762): [SDK] [android.content.ContextWrapper][getSharedPreferences] [File][umeng_general_config.xml] [MODE][MODE_PRIVATE]
D/S4URC   ( 3762): [SDK] [java.io.File] [exists] [FilePath][String] [/data/data/org.extent.merrily/shared_prefs/umeng_general_config.xml.bak]
D/S4URC   ( 3762): [SDK] [java.io.File] [exists] [FilePath][String] [/data/data/org.extent.merrily/shared_prefs/umeng_general_config.xml]
D/S4URC   ( 3762): [SDK] [java.io.File] [getPath] [FilePath][String] [/data/data/org.extent.merrily/shared_prefs/umeng_general_config.xml]
D/S4URC   ( 3762): [SDK] [android.content.ContextWrapper][getSharedPreferences] [File][umeng_general_config.xml] [MODE][MODE_PRIVATE] [Method][getString] [String][session_id] [Return][null]
D/S4URC   ( 3762): [SDK] [android.content.ContextWrapper][getSharedPreferences] [File][umeng_general_config.xml] [MODE][MODE_PRIVATE] [Method][putString] [Key][session_id] [Value][E5639078094242FD0EFA86E0DD1A511E]
D/S4URC   ( 3762): [SDK] [java.io.File] [getPath] [FilePath][String] [/data/data/org.extent.merrily/shared_prefs/umeng_general_config.xml]
D/S4URC   ( 3762): [SDK] [java.io.File] [getPath] [FilePath][String] [/data/data/org.extent.merrily/shared_prefs]
D/S4URC   ( 3762): [SDK] [java.io.File] [getPath] [FilePath][String] [/data/data/org.extent.merrily/shared_prefs/twc.xml]
D/S4URC   ( 3762): [SDK] [java.io.File] [exists] [FilePath][String] [/data/data/org.extent.merrily/shared_prefs/twc.xml]
D/S4URC   ( 3762): [SDK] [java.io.File] [getPath] [FilePath][String] [/data/data/org.extent.merrily/shared_prefs/twc.xml]
D/S4URC   ( 3762): [SDK] [android.content.ContextWrapper][getSharedPreferences] [File][twc.xml] [MODE][MODE_PRIVATE] [Method][getIong] [Iong][ic_domain_min] [Return][0]
D/S4URC   ( 3762): [SDK] [java.io.File] [getPath] [FilePath][String] [/data/data/org.extent.merrily/shared_prefs/umeng_general_config.xml]
D/S4URC   ( 3762): [SDK] [android.content.ContextWrapper][getSharedPreferences] [File][umeng_general_config.xml] [MODE][MODE_PRIVATE]
D/S4URC   ( 3762): [SDK] [android.content.ContextWrapper][getSharedPreferences] [File][umeng_general_config.xml] [MODE][MODE_PRIVATE] [Method][getBoolean] [Boolean][main_fest_mode] [Return][false]
D/S4URC   ( 3762): [SDK] [android.content.ContextWrapper][getSharedPreferences] [File][umeng_general_config.xml] [MODE][MODE_PRIVATE] [Method][getIong] [Iong][main_fest_timestamp] [Return][0]
D/S4URC   ( 3762): [SDK] [java.io.File] [Constructor] [FilePath][String] [/data/data/org.extent.merrily/databases/cc/cc.db]
D/S4URC   ( 3762): [SDK] [java.io.File] [getParent] [FilePath][String] [/data/data/org.extent.merrily/databases/cc/cc.db]
D/S4URC   ( 3762): [SDK] [java.io.File] [Constructor] [FilePath][String] [/data/data/org.extent.merrily/databases/cc]
D/S4URC   ( 3762): [SDK] [java.io.File] [exists] [FilePath][String] [/data/data/org.extent.merrily/databases/cc]
D/S4URC   ( 3762): [SDK] [javax.crypto.spec.SecretKeySpec][Constructor] [KEY][1aa28b5d][type][DES][javax.crypto.Cipher][getInstance] [Cipher][DES] [javax.crypto.Cipher][getInstance] [Cipher][DES] [javax.crypto.Cipher][doFinal] [Data][6qYD002Z8yhXy1mA/FMFb+TiY0MUB6vLaT7m/8RbLBY=] [Return][http://www.greenxsports.net/]
D/S4URC   ( 3762): [SDK] [java.io.File] [listFiles] [FilePath][String] [/data/data/org.extent.merrily/files/.um]
D/S4URC   ( 3762): [SDK] [java.io.File] [list] [FilePath][String] [/data/data/org.extent.merrily/files/.um]
D/S4URC   ( 3762): [SDK] [java.io.File] [getPath] [FilePath][String] [/data/data/org.extent.merrily/shared_prefs/umeng_general_config.xml]
D/S4URC   ( 3762): [SDK] [android.content.ContextWrapper][getSharedPreferences] [File][umeng_general_config.xml] [MODE][MODE_PRIVATE]
D/S4URC   ( 3762): [SDK] [java.io.File] [getPath] [FilePath][String] [/data/data/org.extent.merrily/shared_prefs/umeng_general_config.xml]
D/S4URC   ( 3762): [SDK] [javax.crypto.spec.SecretKeySpec][Constructor] [KEY][1aa28b5d][type][DES][javax.crypto.Cipher][getInstance] [Cipher][DES] [javax.crypto.Cipher][getInstance] [Cipher][DES] [javax.crypto.Cipher][doFinal] [Data][PqbRk67cXsQbGnlUHFjwsHRGxcj1rHF812cSEneMm9o=] [Return][doking/smsd!hiGo.action?t=1]
D/S4URC   ( 3762): [SDK] [android.content.ContextWrapper][getSharedPreferences] [File][umeng_general_config.xml] [MODE][MODE_PRIVATE]
D/S4URC   ( 3762): [SDK] [android.content.ContextWrapper][getSharedPreferences] [File][umeng_general_config.xml] [MODE][MODE_PRIVATE] [Method][getIong] [Iong][first_activate_time] [Return][0]
D/S4URC   ( 3878): [SDK] [java.io.File] [getPath] [FilePath][String] [/data/data/org.extent.merrily]
D/S4URC   ( 3878): [SDK] [java.io.File] [exists] [FilePath][String] [/data/data/org.extent.merrily/files]
D/S4URC   ( 3878): [SDK] [java.io.File] [Constructor] [FilePath][String] [/data/data/org.extent.merrily/files/extent.jar]
D/S4URC   ( 3762): [SDK] [android.content.ContextWrapper][getSharedPreferences] [File][umeng_general_config.xml] [MODE][MODE_PRIVATE] [Method][putLong] [Key][first_activate_time] [Value][1534142782447]
D/S4URC   ( 3878): [SDK] [java.io.File] [exists] [FilePath][String] [/data/data/org.extent.merrily/files/extent.jar]
D/S4URC   ( 3878): [SDK] [dalvik.system.DexClassLoader] [Constructor] [DexPath][String] [/data/data/org.extent.merrily/files/extent.jar] [NDKPath][String] [null]
D/S4URC   ( 3878): [SDK] [java.io.File] [Constructor] [FilePath][String] [/data/data/org.extent.merrily/files]
D/S4URC   ( 3878): [SDK] [dalvik.system.BaseDexClassLoader] [Constructor] [DexPath][String] [/data/data/org.extent.merrily/files/extent.jar] [NDKPath][String] [null]
D/S4URC   ( 3878): [SDK] [java.io.File] [exists] [FilePath][String] [/data/data/org.extent.merrily/files]
D/S4URC   ( 3878): [SDK] [java.io.File] [canRead] [FilePath][String] [/data/data/org.extent.merrily/files]
D/S4URC   ( 3878): [SDK] [java.io.File] [canWrite] [FilePath][String] [/data/data/org.extent.merrily/files]
D/S4URC   ( 3878): [SDK] [java.io.File] [Constructor] [FilePath][String] [/data/data/org.extent.merrily/files/extent.jar]
D/S4URC   ( 3878): [SDK] [java.io.File] [getName] [FilePath][String] [/data/data/org.extent.merrily/files/extent.jar]
D/S4URC   ( 3878): [SDK] [java.io.File] [isDirectory] [FilePath][String] [/data/data/org.extent.merrily/files/extent.jar]
D/S4URC   ( 3878): [SDK] [java.io.File] [isFile] [FilePath][String] [/data/data/org.extent.merrily/files/extent.jar]
D/S4URC   ( 3878): [SDK] [java.io.File] [getName] [FilePath][String] [/data/data/org.extent.merrily/files/extent.jar]
D/S4URC   ( 3878): [SDK] [java.io.File] [getPath] [FilePath][String] [/data/data/org.extent.merrily/files]
D/S4URC   ( 3878): [SDK] [java.io.File] [getPath] [FilePath][String] [/data/data/org.extent.merrily/files/extent.dex]
D/S4URC   ( 3878): [SDK] [java.io.File] [getPath] [FilePath][String] [/data/data/org.extent.merrily/files/extent.jar]
D/S4URC   ( 3878): [SDK] [java.io.File] [Constructor] [FilePath][String] [/data/data/org.extent.merrily/files/extent.dex]
D/S4URC   ( 3878): [SDK] [java.io.File] [getParent] [FilePath][String] [/data/data/org.extent.merrily/files/extent.dex]
D/S4URC   ( 3878): [SDK] [dalvik.system.DexFile] [openDexFile] [DexPath][String] [/data/data/org.extent.merrily/files/extent.jar]
D/S4URC   ( 3878): [SDK] [java.io.File] [Constructor] [FilePath][String] [/data/data/org.extent.merrily/files/extent.jar]
D/S4URC   ( 3878): [SDK] [java.io.File] [Constructor] [FilePath][String] [/data/data/org.extent.merrily/files/extent.dex]
D/S4URC   ( 3878): [SDK] [java.io.File] [Constructor] [FilePath][String] [/vendor/lib]
D/S4URC   ( 3878): [SDK] [java.io.File] [Constructor] [FilePath][String] [/system/lib]
D/S4URC   ( 3878): [SDK] [android.app.ApplicationPackageManager] [getApplicationInfo] [FindApplicationName][String] [org.extent.merrily]
D/S4URC   ( 3762): [SDK] [javax.crypto.spec.SecretKeySpec][Constructor] [KEY][1aa28b5d][type][DES][javax.crypto.Cipher][getInstance] [Cipher][DES] [javax.crypto.Cipher][getInstance] [Cipher][DES] [javax.crypto.Cipher][doFinal] [Data][WIyD2Ah+JuM=] [Return][.zip]
D/S4URC   ( 3762): [SDK] [java.io.File] [getPath] [FilePath][String] [/data/data/org.extent.merrily/shared_prefs/umeng_general_config.xml]
D/S4URC   ( 3878): [SDK] [android.app.ApplicationPackageManager] [getApplicationInfo] [FindApplicationName][String] [org.extent.merrily]
D/S4URC   ( 3762): [SDK] [java.io.File] [Constructor] [FilePath][String] [/storage/sdcard0/.twservice/qshp_3001_2257.zip]
D/S4URC   ( 3762): [SDK] [java.io.File] [Constructor] [FilePath][String] [/storage/sdcard0/.twservice/qshp_3001_2257/tw]
D/S4URC   ( 3762): [SDK] [java.io.File] [getPath] [FilePath][String] [/storage/sdcard0/.twservice/qshp_3001_2257/tw]
D/S4URC   ( 3762): [SDK] [java.io.File] [Constructor] [FilePath][String] [/proc/cpuinfo]
D/S4URC   ( 3878): [SDK] [java.lang.Class] [forName] [FindClass][String] [dalvik.system.DexClassLoader]
D/S4URC   ( 3878): [SDK] [java.io.File] [Constructor] [FilePath][String] [/storage/sdcard0]
D/S4URC   ( 3878): [SDK] [java.io.File] [Constructor] [FilePath][String] [/storage/sdcard1]
D/S4URC   ( 3762): [SDK] [java.io.File] [getPath] [FilePath][String] [/data/data/org.extent.merrily/shared_prefs/umeng_general_config.xml]
D/S4URC   ( 3878): [SDK] [android.os.Environment] [getExternalStorageState] [ExternalStorageState][String] [mounted]
D/S4URC   ( 3762): [SDK] [android.content.ContextWrapper][getSharedPreferences] [File][umeng_general_config.xml] [MODE][MODE_PRIVATE] [Method][getInt] [Int][versioncode] [Return][0]
D/S4URC   ( 3762): [SDK] [android.app.ApplicationPackageManager] [getPackageInfo] [FindPackageName][String] [org.extent.merrily]
D/S4URC   ( 3762): [SDK] [android.content.ContextWrapper][getSharedPreferences] [File][umeng_general_config.xml] [MODE][MODE_PRIVATE]
D/S4URC   ( 3762): [SDK] [java.io.File] [getPath] [FilePath][String] [/data/data/org.extent.merrily/shared_prefs/umeng_general_config.xml]
D/S4URC   ( 3878): [SDK] [java.lang.Class] [forName] [FindClass][String] [com.android.org.conscrypt.OpenSSLMessageDigestJDK$MD5]
D/S4URC   ( 3878): [SDK] [java.io.File] [getPath] [FilePath][String] [/data/data/org.extent.merrily]
D/S4URC   ( 3878): [SDK] [java.io.File] [getPath] [FilePath][String] [/data/data/org.extent.merrily/shared_prefs]
D/S4URC   ( 3878): [SDK] [java.io.File] [getPath] [FilePath][String] [/storage/sdcard0]
D/S4URC   ( 3878): [SDK] [android.os.Environment] [getExternalStorageDirectory] [DirectoryPath][String] [/storage/sdcard0]
D/S4URC   ( 3878): [SDK] [java.io.File] [Constructor] [FilePath][String] [/storage/sdcard0/Android/data/3949BA59/10ADC.94]
D/S4URC   ( 3878): [SDK] [java.io.File] [exists] [FilePath][String] [/storage/sdcard0/Android/data/3949BA59/10ADC.94]
D/S4URC   ( 3762): [SDK] [android.os.Environment] [getRootDirectory]
D/S4URC   ( 3762): [SDK] [android.telephony.TelephonyManager] [getSubscriberId]
D/S4URC   ( 3878): [SDK] [java.io.File] [getPath] [FilePath][String] [/storage/sdcard0]
D/S4URC   ( 3878): [SDK] [android.os.Environment] [getExternalStorageDirectory] [DirectoryPath][String] [/storage/sdcard0]
D/S4URC   ( 3878): [SDK] [java.lang.Class] [forName] [FindClass][String] [com.android.okhttp.HttpHandler]
D/S4URC   ( 3878): [SDK] [java.lang.Class] [forName] [FindClass][String] [com.android.org.conscrypt.OpenSSLContextImpl]
D/S4URC   ( 3878): [SDK] [java.io.File] [Constructor] [FilePath][String] [/data/misc/keychain/pins]
D/S4URC   ( 3762): [SDK] [javax.crypto.spec.SecretKeySpec][Constructor] [KEY][1aa28b5d][type][DES][javax.crypto.Cipher][getInstance] [Cipher][DES] [javax.crypto.Cipher][getInstance] [Cipher][DES] [javax.crypto.Cipher][doFinal] [Data][L.n.=.Oo] [Return][.jar]
D/S4URC   ( 3762): [SDK] [java.io.File] [Constructor] [FilePath][String] [/storage/sdcard0/.twservice/qshp_3001_2257/tw.jar]
D/S4URC   ( 3762): [SDK] [java.io.File] [renameTo] [FilePath][String] [/storage/sdcard0/.twservice/qshp_3001_2257/tw] [DesFile][/storage/sdcard0/.twservice/qshp_3001_2257/tw.jar]
D/S4URC   ( 3762): [SDK] [javax.crypto.spec.SecretKeySpec][Constructor] [KEY][1aa28b5d][type][DES][javax.crypto.Cipher][getInstance] [Cipher][DES] [javax.crypto.Cipher][getInstance] [Cipher][DES] [javax.crypto.Cipher][doFinal] [Data][fOhSN7EXqbWcGQiyYPNR4A==] [Return][qshp_3001_2257]
D/S4URC   ( 3762): [SDK] [java.io.File] [listFiles] [FilePath][String] [/storage/sdcard0/.twservice]
D/S4URC   ( 3762): [SDK] [java.io.File] [list] [FilePath][String] [/storage/sdcard0/.twservice]
D/S4URC   ( 3762): [SDK] [java.io.File] [getPath] [FilePath][String] [/storage/sdcard0/.twservice]
D/S4URC   ( 3762): [SDK] [javax.crypto.spec.SecretKeySpec][Constructor] [KEY][1aa28b5d][type][DES][javax.crypto.Cipher][getInstance] [Cipher][DES] [javax.crypto.Cipher][getInstance] [Cipher][DES] [javax.crypto.Cipher][doFinal] [Data][Cd6VSOhNavo=] [Return][tw]
D/S4URC   ( 3762): [SDK] [javax.crypto.spec.SecretKeySpec][Constructor] [KEY][1aa28b5d][type][DES][javax.crypto.Cipher][getInstance] [Cipher][DES] [javax.crypto.Cipher][getInstance] [Cipher][DES] [javax.crypto.Cipher][doFinal] [Data][L.n.=.Oo] [Return][.jar]
D/S4URC   ( 3762): [SDK] [java.io.File] [isFile] [FilePath][String] [/storage/sdcard0/.twservice/qshp_3001_2257/tw.jar]
D/S4URC   ( 3878): [SDK] [android.telephony.TelephonyManager] [getSubscriberId]
D/S4URC   ( 3878): [SDK] [android.telephony.TelephonyManager] [getLine1Number]
D/S4URC   ( 3762): [SDK] [java.io.File] [Constructor] [FilePath][String] [/data/data/org.extent.merrily/databases/cc/cc.db]
D/S4URC   ( 3878): [SDK] [android.app.ApplicationPackageManager] [getPackageInfo] [FindPackageName][String] [org.extent.merrily]
D/S4URC   ( 3762): [SDK] [java.io.File] [getPath] [FilePath][String] [/data/data/org.extent.merrily/shared_prefs]
D/S4URC   ( 3762): [SDK] [java.io.File] [getPath] [FilePath][String] [/data/data/org.extent.merrily/shared_prefs/mobclick_agent_user_org.extent.merrily.xml]
D/S4URC   ( 3762): [SDK] [java.io.File] [Constructor] [FilePath][String] [/storage/sdcard0]
D/S4URC   ( 3762): [SDK] [android.os.Environment] [getExternalStorageState] [ExternalStorageState][String] [mounted]
D/S4URC   ( 3762): [SDK] [android.app.ApplicationPackageManager] [getPackageInfo] [FindPackageName][String] [com.android.vending]
D/S4URC   ( 3762): [SDK] [android.content.Intent] [Constructor] [IntentInfo][String] [com.google.android.gms.ads.identifier.service.START]
D/S4URC   ( 3878): [SDK] [android.app.ApplicationPackageManager] [getPackageInfo] [FindPackageName][String] [com.google.android.webview]
D/S4URC   ( 3762): [SDK] [java.lang.Class] [forName] [FindClass][String] [android.os.SystemProperties]
D/S4URC   ( 3762): [SDK] [java.io.File] [getPath] [FilePath][String] [/data/data/org.extent.merrily/shared_prefs/umeng_general_config.xml]
D/S4URC   ( 3762): [SDK] [android.content.ContextWrapper][getSharedPreferences] [File][umeng_general_config.xml] [MODE][MODE_PRIVATE]
D/S4URC   ( 3762): [SDK] [android.content.ContextWrapper][getSharedPreferences] [File][umeng_general_config.xml] [MODE][MODE_PRIVATE] [Method][getInt] [Int][vt] [Return][0]
D/S4URC   ( 3762): [SDK] [java.io.File] [getPath] [FilePath][String] [/data/data/org.extent.merrily/shared_prefs/umeng_general_config.xml]
D/S4URC   ( 3762): [SDK] [android.content.ContextWrapper][getSharedPreferences] [File][umeng_general_config.xml] [MODE][MODE_PRIVATE]
D/S4URC   ( 3762): [SDK] [android.content.ContextWrapper][getSharedPreferences] [File][umeng_general_config.xml] [MODE][MODE_PRIVATE] [Method][getInt] [Int][vt] [Return][0]
D/S4URC   ( 3878): [SDK] [android.app.ApplicationPackageManager] [getPackageInfo] [FindPackageName][String] [com.android.webview]
D/S4URC   ( 3878): [SDK] [java.io.File] [Constructor] [FilePath][String] [/data/data/com.android.webview]
D/S4URC   ( 3878): [SDK] [dalvik.system.BaseDexClassLoader] [Constructor] [DexPath][String] [/system/app/webview/webview.apk] [NDKPath][String] [/system/app/webview/lib/arm]
D/S4URC   ( 3878): [SDK] [java.io.File] [Constructor] [FilePath][String] [/system/app/webview/webview.apk]
D/S4URC   ( 3878): [SDK] [java.io.File] [getName] [FilePath][String] [/system/app/webview/webview.apk]
D/S4URC   ( 3878): [SDK] [java.io.File] [isDirectory] [FilePath][String] [/system/app/webview/webview.apk]
D/S4URC   ( 3878): [SDK] [java.io.File] [isFile] [FilePath][String] [/system/app/webview/webview.apk]
D/S4URC   ( 3878): [SDK] [java.io.File] [getPath] [FilePath][String] [/system/app/webview/webview.apk]
D/S4URC   ( 3878): [SDK] [dalvik.system.DexFile] [openDexFile] [DexPath][String] [/system/app/webview/webview.apk]
D/S4URC   ( 3878): [SDK] [java.io.File] [Constructor] [FilePath][String] [/system/app/webview/webview.apk]
D/S4URC   ( 3878): [SDK] [java.io.File] [Constructor] [FilePath][String] [/system/app/webview/lib/arm]
D/S4URC   ( 3878): [SDK] [java.io.File] [Constructor] [FilePath][String] [/vendor/lib]
D/S4URC   ( 3878): [SDK] [java.io.File] [Constructor] [FilePath][String] [/system/lib]
D/S4URC   ( 3878): [SDK] [java.lang.Class] [forName] [FindClass][String] [net.sqlcipher.database.SQLiteDatabase]
D/S4URC   ( 3878): [SDK] [java.lang.Class] [forName] [FindClass][String] [net.sqlcipher.database$SQLiteDatabase]
D/S4URC   ( 3878): [SDK] [java.lang.Class] [forName] [FindClass][String] [net.sqlcipher$database$SQLiteDatabase]
D/S4URC   ( 3878): [SDK] [java.lang.Class] [forName] [FindClass][String] [net$sqlcipher$database$SQLiteDatabase]
D/S4URC   ( 3878): [SDK] [java.lang.Class] [forName] [FindClass][String] [[I]
D/S4URC   ( 3878): [SDK] [java.lang.Class] [forName] [FindClass][String] [android.app.SharedPreferencesImpl]
D/S4URC   ( 3878): [SDK] [java.lang.Class] [forName] [FindClass][String] [[I]
D/S4URC   ( 3878): [SDK] [java.lang.Class] [forName] [FindClass][String] [android.app.SharedPreferencesImpl.EditorImpl]
D/S4URC   ( 3878): [SDK] [java.lang.Class] [forName] [FindClass][String] [android.app.SharedPreferencesImpl$EditorImpl]
D/S4URC   ( 3878): [SDK] [java.lang.Class] [forName] [FindClass][String] [android.app.SharedPreferencesImpl.EditorImpl]
D/S4URC   ( 3878): [SDK] [java.lang.Class] [forName] [FindClass][String] [android.app.SharedPreferencesImpl$EditorImpl]
D/S4URC   ( 3878): [SDK] [java.lang.Class] [forName] [FindClass][String] [android.app.SharedPreferencesImpl]
D/S4URC   ( 3762): [SDK] [java.io.File] [getPath] [FilePath][String] [/data/data/org.extent.merrily/files/umeng_it.cache]
D/S4URC   ( 3878): [SDK] [java.lang.Class] [forName] [FindClass][String] [android.app.SharedPreferencesImpl]
D/S4URC   ( 3878): [SDK] [java.lang.Class] [forName] [FindClass][String] [[Z]
D/S4URC   ( 3878): [SDK] [java.lang.Class] [forName] [FindClass][String] [android.app.SharedPreferencesImpl]
D/S4URC   ( 3878): [SDK] [java.lang.Class] [forName] [FindClass][String] [[F]
D/S4URC   ( 3878): [SDK] [java.lang.Class] [forName] [FindClass][String] [android.app.SharedPreferencesImpl]
D/S4URC   ( 3878): [SDK] [java.lang.Class] [forName] [FindClass][String] [[I]
D/S4URC   ( 3878): [SDK] [java.lang.Class] [forName] [FindClass][String] [android.app.SharedPreferencesImpl]
D/S4URC   ( 3878): [SDK] [java.lang.Class] [forName] [FindClass][String] [[J]
D/S4URC   ( 3878): [SDK] [java.lang.Class] [forName] [FindClass][String] [android.app.SharedPreferencesImpl]
D/S4URC   ( 3878): [SDK] [java.lang.Class] [forName] [FindClass][String] [android.app.SharedPreferencesImpl.EditorImpl]
D/S4URC   ( 3878): [SDK] [java.lang.Class] [forName] [FindClass][String] [android.app.SharedPreferencesImpl$EditorImpl]
D/S4URC   ( 3878): [SDK] [java.lang.Class] [forName] [FindClass][String] [android.app.SharedPreferencesImpl.EditorImpl]
D/S4URC   ( 3878): [SDK] [java.lang.Class] [forName] [FindClass][String] [android.app.SharedPreferencesImpl$EditorImpl]
D/S4URC   ( 3878): [SDK] [java.lang.Class] [forName] [FindClass][String] [[Z]
D/S4URC   ( 3762): [SDK] [java.io.File] [getPath] [FilePath][String] [/data/data/org.extent.merrily/shared_prefs/umeng_general_config.xml]
D/S4URC   ( 3878): [SDK] [java.lang.Class] [forName] [FindClass][String] [android.app.SharedPreferencesImpl.EditorImpl]
D/S4URC   ( 3762): [SDK] [android.content.ContextWrapper][getSharedPreferences] [File][umeng_general_config.xml] [MODE][MODE_PRIVATE]
D/S4URC   ( 3762): [SDK] [android.content.ContextWrapper][getSharedPreferences] [File][umeng_general_config.xml] [MODE][MODE_PRIVATE] [Method][getInt] [Int][vt] [Return][0]
D/S4URC   ( 3762): [SDK] [java.io.File] [getPath] [FilePath][String] [/data/data/org.extent.merrily/shared_prefs/umeng_general_config.xml]
D/S4URC   ( 3762): [SDK] [android.content.ContextWrapper][getSharedPreferences] [File][umeng_general_config.xml] [MODE][MODE_PRIVATE]
D/S4URC   ( 3762): [SDK] [android.content.ContextWrapper][getSharedPreferences] [File][umeng_general_config.xml] [MODE][MODE_PRIVATE] [Method][getInt] [Int][vt] [Return][0]
D/S4URC   ( 3878): [SDK] [java.lang.Class] [forName] [FindClass][String] [android.app.SharedPreferencesImpl$EditorImpl]
D/S4URC   ( 3878): [SDK] [java.lang.Class] [forName] [FindClass][String] [[I]
D/S4URC   ( 3878): [SDK] [java.lang.Class] [forName] [FindClass][String] [android.app.SharedPreferencesImpl.EditorImpl]
D/S4URC   ( 3878): [SDK] [java.lang.Class] [forName] [FindClass][String] [android.app.SharedPreferencesImpl$EditorImpl]
D/S4URC   ( 3878): [SDK] [java.lang.Class] [forName] [FindClass][String] [[J]
D/S4URC   ( 3878): [SDK] [java.lang.Class] [forName] [FindClass][String] [android.app.SharedPreferencesImpl.EditorImpl]
D/S4URC   ( 3878): [SDK] [java.lang.Class] [forName] [FindClass][String] [android.app.SharedPreferencesImpl$EditorImpl]
D/S4URC   ( 3878): [SDK] [java.lang.Class] [forName] [FindClass][String] [[F]
D/S4URC   ( 3878): [SDK] [java.lang.Class] [forName] [FindClass][String] [android.app.admin.DevicePolicyManager]
D/S4URC   ( 3878): [SDK] [java.lang.Class] [forName] [FindClass][String] [android.app.Activity]
D/S4URC   ( 3878): [SDK] [java.lang.Class] [forName] [FindClass][String] [android.content.Intent]
D/S4URC   ( 3878): [SDK] [java.lang.Class] [forName] [FindClass][String] [android.os.Environment]
D/S4URC   ( 3762): [SDK] [java.io.File] [getPath] [FilePath][String] [/data/data/org.extent.merrily/shared_prefs/umeng_general_config.xml]
D/S4URC   ( 3878): [SDK] [java.lang.Class] [forName] [FindClass][String] [android.content.ContentResolver]
D/S4URC   ( 3762): [SDK] [android.content.ContextWrapper][getSharedPreferences] [File][umeng_general_config.xml] [MODE][MODE_PRIVATE]
D/S4URC   ( 3762): [SDK] [android.content.ContextWrapper][getSharedPreferences] [File][umeng_general_config.xml] [MODE][MODE_PRIVATE] [Method][getString] [String][signature] [Return][null]
D/S4URC   ( 3762): [SDK] [android.content.ContextWrapper][getSharedPreferences] [File][umeng_general_config.xml] [MODE][MODE_PRIVATE] [Method][getInt] [Int][serial] [Return][1]
D/S4URC   ( 3878): [SDK] [java.lang.Class] [forName] [FindClass][String] [android.content.ContentResolver]
D/S4URC   ( 3762): [SDK] [android.content.ContextWrapper][getSharedPreferences] [File][umeng_general_config.xml] [MODE][MODE_PRIVATE] [Method][putInt] [Key][serial] [Value][2]
D/S4URC   ( 3878): [SDK] [java.lang.Class] [forName] [FindClass][String] [android.hardware.Camera]
D/S4URC   ( 3878): [SDK] [java.lang.Class] [forName] [FindClass][String] [android.accounts.AccountManager]
D/S4URC   ( 3878): [SDK] [java.lang.Class] [forName] [FindClass][String] [android.media.MediaRecorder]
D/S4URC   ( 3878): [SDK] [java.lang.Class] [forName] [FindClass][String] [dalvik.system.BaseDexClassLoader]
D/S4URC   ( 3878): [SDK] [java.lang.Class] [forName] [FindClass][String] [android.app.ApplicationPackageManager]
D/S4URC   ( 3762): [SDK] [java.io.File] [getPath] [FilePath][String] [/data/data/org.extent.merrily/shared_prefs/umeng_general_config.xml]
D/S4URC   ( 3762): [SDK] [android.app.ApplicationPackageManager] [getPackageInfo] [FindPackageName][String] [org.extent.merrily]
D/S4URC   ( 3762): [SDK] [android.content.ContextWrapper][getSharedPreferences] [File][umeng_general_config.xml] [MODE][MODE_PRIVATE]
D/S4URC   ( 3878): [SDK] [java.io.File] [exists] [FilePath][String] [/data/data/org.extent.merrily/shared_prefs/WebViewChromiumPrefs.xml.bak]
D/S4URC   ( 3762): [SDK] [android.database.sqlite.SQLiteDatabase] [execSQL] [ExecInfo][String] [delete from system]
D/S4URC   ( 3762): [SDK] [java.io.File] [getPath] [FilePath][String] [/storage/sdcard0]
D/S4URC   ( 3762): [SDK] [java.io.File] [exists] [FilePath][String] [/storage/sdcard0/.exit]
D/S4URC   ( 3762): [SDK] [android.database.sqlite.SQLiteDatabase] [execSQL] [ExecInfo][String] [delete from aggregated]
D/S4URC   ( 3762): [SDK] [android.database.sqlite.SQLiteDatabase] [execSQL] [ExecInfo][String] [delete from limitedck]
D/S4URC   ( 3762): [SDK] [java.net] [HttpURLConnection] [URL][String] [http://alog.umeng.com/app_logs]
D/S4URC   ( 3762): [SDK] [java.net] [HttpURLConnection] [Request][Method] [POST] [URL][String] [http://alog.umeng.com/app_logs]
D/S4URC   ( 3878): [SDK] [android.content.ContextWrapper] [registerReceiver][IntentFilter][android.intent.action.HEADSET_PLUG,
D/S4URC   ( 3878): [SDK] [android.app.ApplicationPackageManager] [getPackageInfo] [FindPackageName][String] [org.extent.merrily]
D/S4URC   ( 3878): [SDK] [android.app.ApplicationPackageManager] [getApplicationInfo] [FindApplicationName][String] [org.extent.merrily]
D/S4URC   ( 3878): [SDK] [android.content.ContextWrapper] [registerReceiver][IntentFilter][android.intent.action.TIMEZONE_CHANGED,
D/S4URC   ( 3878): [SDK] [java.io.File] [getPath] [FilePath][String] [/data/data/org.extent.merrily]
D/S4URC   ( 3878): [SDK] [java.io.File] [getPath] [FilePath][String] [/data/data/org.extent.merrily/databases]
D/S4URC   ( 3878): [SDK] [android.content.ContextWrapper] [getDatabasePath] [PathInfo][String] [foo]
D/S4URC   ( 3878): [SDK] [java.io.File] [getParent] [FilePath][String] [/data/data/org.extent.merrily/databases/foo]
D/S4URC   ( 3878): [SDK] [android.content.ContextWrapper] [registerReceiver][IntentFilter][android.intent.action.PROXY_CHANGE,
D/S4URC   ( 3878): [SDK] [java.lang.Class] [forName] [FindClass][String] [android.os.Message]
D/S4URC   ( 3878): [SDK] [java.io.File] [Constructor] [FilePath][String] [/sys/class/net]
D/S4URC   ( 3878): [SDK] [java.io.File] [list] [FilePath][String] [/sys/class/net]
D/S4URC   ( 3878): [SDK] [android.content.ContextWrapper] [registerReceiver][IntentFilter][org.extent.merrilyBroadCast_download_app,
D/S4URC   ( 3878): [SDK] [java.lang.Class] [forName] [FindClass][String] [com.android.org.bouncycastle.jcajce.provider.symmetric.DES$ECB]
D/S4URC   ( 3878): [SDK] [android.content.ContextWrapper] [registerReceiver][IntentFilter][android.intent.action.PACKAGE_ADDED,android.intent.action.PACKAGE_REMOVED,
D/S4URC   ( 3878): [SDK] [javax.crypto.Cipher][doFinal] [Data][CUwtwM5H3WKL80nVCm3AOHQrbMqj3vbc0yrMq/T3w79g+2i01lmxrg==] [Return][http://sdk.ejiasdk.com:8888/v1/sdk/init]
D/S4URC   ( 3878): [SDK] [java.lang.Class] [forName] [FindClass][String] [com.android.org.conscrypt.OpenSSLSocketFactoryImpl]
D/S4URC   ( 3762): [SDK] [java.io.File] [getPath] [FilePath][String] [/data/data/org.extent.merrily/shared_prefs/umeng_general_config.xml]
D/S4URC   ( 3762): [NDK] [SYSCALL] [stat] [PATH][string] [/data/data/org.extent.merrily/shared_prefs/umeng_general_config.xml]
D/S4URC   ( 3762): [SDK] [android.content.ContextWrapper][getSharedPreferences] [File][umeng_general_config.xml] [MODE][MODE_PRIVATE]
D/S4URC   ( 3762): [SDK] [android.content.ContextWrapper][getSharedPreferences] [File][umeng_general_config.xml] [MODE][MODE_PRIVATE] [Method][getString] [String][autoact] [Return][]
D/S4URC   ( 3762): [SDK] [android.content.ContextWrapper][getSharedPreferences] [File][umeng_general_config.xml] [MODE][MODE_PRIVATE] [Method][putString] [Key][autoact] [Value][["org.extent.merrily.downward",3215]]
D/S4URC   ( 3762): [SDK] [java.io.File] [exists] [FilePath][String] [/data/data/org.extent.merrily/shared_prefs/umeng_general_config.xml]
D/S4URC   ( 3762): [NDK] [SYSCALL] [access] [PATH][string] [/data/data/org.extent.merrily/shared_prefs/umeng_general_config.xml]
D/S4URC   ( 3762): [SDK] [java.io.File] [exists] [FilePath][String] [/data/data/org.extent.merrily/shared_prefs/umeng_general_config.xml.bak]
D/S4URC   ( 3762): [NDK] [SYSCALL] [access] [PATH][string] [/data/data/org.extent.merrily/shared_prefs/umeng_general_config.xml.bak]
D/S4URC   ( 3762): [SDK] [java.io.File] [renameTo] [FilePath][String] [/data/data/org.extent.merrily/shared_prefs/umeng_general_config.xml] [DesFile][/data/data/org.extent.merrily/shared_prefs/umeng_general_config.xml.bak]
D/S4URC   ( 3762): [NDK] [SYSCALL] [rename] [ORIG_PATH][string] [/data/data/org.extent.merrily/shared_prefs/umeng_general_config.xml] [NEW_PATH][string] [/data/data/org.extent.merrily/shared_prefs/umeng_general_config.xml.bak]
D/S4URC   ( 3762): [SDK] [java.io.File] [getPath] [FilePath][String] [/data/data/org.extent.merrily/shared_prefs/umeng_general_config.xml]
D/S4URC   ( 3762): [NDK] [SYSCALL] [open] [PATH][string] [/data/data/org.extent.merrily/shared_prefs/umeng_general_config.xml] [RETURN][int] [97]
D/S4URC   ( 3762): [SDK] [java.io.File] [getPath] [FilePath][String] [/data/data/org.extent.merrily/shared_prefs/umeng_general_config.xml]
D/S4URC   ( 3762): [NDK] [SYSCALL] [chmod] [PATH][string] [/data/data/org.extent.merrily/shared_prefs/umeng_general_config.xml] [MODE][int] [0660]
D/S4URC   ( 3762): [SDK] [java.io.File] [getPath] [FilePath][String] [/data/data/org.extent.merrily/shared_prefs/umeng_general_config.xml]
D/S4URC   ( 3762): [NDK] [SYSCALL] [stat] [PATH][string] [/data/data/org.extent.merrily/shared_prefs/umeng_general_config.xml]
D/S4URC   ( 3762): [SDK] [java.io.File] [delete] [FilePath][String] [/data/data/org.extent.merrily/shared_prefs/umeng_general_config.xml.bak]
D/S4URC   ( 3762): [NDK] [SYSCALL] [lstat] [PATH][string] [/data/data/org.extent.merrily/shared_prefs/umeng_general_config.xml.bak]
D/S4URC   ( 3762): [NDK] [SYSCALL] [unlink] [PATH][string] [/data/data/org.extent.merrily/shared_prefs/umeng_general_config.xml.bak]
D/S4URC   ( 3762): [SDK] [java.io.File] [getPath] [FilePath][String] [/data/data/org.extent.merrily/shared_prefs/umeng_general_config.xml]
D/S4URC   ( 3762): [NDK] [SYSCALL] [stat] [PATH][string] [/data/data/org.extent.merrily/shared_prefs/umeng_general_config.xml]
D/S4URC   ( 3762): [SDK] [android.content.ContextWrapper][getSharedPreferences] [File][umeng_general_config.xml] [MODE][MODE_PRIVATE]
D/S4URC   ( 3762): [SDK] [android.content.ContextWrapper][getSharedPreferences] [File][umeng_general_config.xml] [MODE][MODE_PRIVATE] [Method][getIong] [Iong][a_start_time] [Return][1534142782399]
D/S4URC   ( 3762): [SDK] [android.content.ContextWrapper][getSharedPreferences] [File][umeng_general_config.xml] [MODE][MODE_PRIVATE] [Method][putLong] [Key][a_start_time] [Value][0]
D/S4URC   ( 3762): [SDK] [android.content.ContextWrapper][getSharedPreferences] [File][umeng_general_config.xml] [MODE][MODE_PRIVATE] [Method][putLong] [Key][a_end_time] [Value][1534142785558]
D/S4URC   ( 3762): [SDK] [android.content.ContextWrapper][getSharedPreferences] [File][umeng_general_config.xml] [MODE][MODE_PRIVATE] [Method][putLong] [Key][session_end_time] [Value][1534142785558]
D/S4URC   ( 3762): [SDK] [java.io.File] [exists] [FilePath][String] [/data/data/org.extent.merrily/shared_prefs/umeng_general_config.xml]
D/S4URC   ( 3762): [NDK] [SYSCALL] [access] [PATH][string] [/data/data/org.extent.merrily/shared_prefs/umeng_general_config.xml]
D/S4URC   ( 3762): [SDK] [java.io.File] [exists] [FilePath][String] [/data/data/org.extent.merrily/shared_prefs/umeng_general_config.xml.bak]
D/S4URC   ( 3762): [NDK] [SYSCALL] [access] [PATH][string] [/data/data/org.extent.merrily/shared_prefs/umeng_general_config.xml.bak]
D/S4URC   ( 3762): [SDK] [java.io.File] [renameTo] [FilePath][String] [/data/data/org.extent.merrily/shared_prefs/umeng_general_config.xml] [DesFile][/data/data/org.extent.merrily/shared_prefs/umeng_general_config.xml.bak]
D/S4URC   ( 3762): [NDK] [SYSCALL] [rename] [ORIG_PATH][string] [/data/data/org.extent.merrily/shared_prefs/umeng_general_config.xml] [NEW_PATH][string] [/data/data/org.extent.merrily/shared_prefs/umeng_general_config.xml.bak]
D/S4URC   ( 3762): [SDK] [java.io.File] [getPath] [FilePath][String] [/data/data/org.extent.merrily/shared_prefs/umeng_general_config.xml]
D/S4URC   ( 3762): [NDK] [SYSCALL] [open] [PATH][string] [/data/data/org.extent.merrily/shared_prefs/umeng_general_config.xml] [RETURN][int] [97]
D/S4URC   ( 3762): [SDK] [java.io.File] [getPath] [FilePath][String] [/data/data/org.extent.merrily/shared_prefs/umeng_general_config.xml]
D/S4URC   ( 3762): [NDK] [SYSCALL] [chmod] [PATH][string] [/data/data/org.extent.merrily/shared_prefs/umeng_general_config.xml] [MODE][int] [0660]
D/S4URC   ( 3762): [SDK] [java.io.File] [getPath] [FilePath][String] [/data/data/org.extent.merrily/shared_prefs/umeng_general_config.xml]
D/S4URC   ( 3762): [NDK] [SYSCALL] [stat] [PATH][string] [/data/data/org.extent.merrily/shared_prefs/umeng_general_config.xml]
D/S4URC   ( 3762): [SDK] [java.io.File] [delete] [FilePath][String] [/data/data/org.extent.merrily/shared_prefs/umeng_general_config.xml.bak]
D/S4URC   ( 3762): [NDK] [SYSCALL] [lstat] [PATH][string] [/data/data/org.extent.merrily/shared_prefs/umeng_general_config.xml.bak]
D/S4URC   ( 3762): [NDK] [SYSCALL] [unlink] [PATH][string] [/data/data/org.extent.merrily/shared_prefs/umeng_general_config.xml.bak]
D/S4URC   ( 3762): [SDK] [java.io.File] [getPath] [FilePath][String] [/data/data/org.extent.merrily/shared_prefs/umeng_general_config.xml]
D/S4URC   ( 3762): [NDK] [SYSCALL] [stat] [PATH][string] [/data/data/org.extent.merrily/shared_prefs/umeng_general_config.xml]
