D/S4URC   ( 3576): [NDK] [SYSCALL] [stat] [PATH][string] [/data/misc/user/0/cacerts-added/4bcd7fc4.0]
D/S4URC   ( 3576): [SDK] [java.io.File] [getPath] [FilePath][String] [/system/etc/security/cacerts]
D/S4URC   ( 3576): [SDK] [java.io.File] [isFile] [FilePath][String] [/system/etc/security/cacerts/4bcd7fc4.0]
D/S4URC   ( 3576): [NDK] [SYSCALL] [stat] [PATH][string] [/system/etc/security/cacerts/4bcd7fc4.0]
D/S4URC   ( 3576): [SDK] [java.io.File] [getPath] [FilePath][String] [/data/misc/user/0/cacerts-added]
D/S4URC   ( 3576): [SDK] [java.io.File] [isFile] [FilePath][String] [/data/misc/user/0/cacerts-added/399e7759.0]
D/S4URC   ( 3576): [NDK] [SYSCALL] [stat] [PATH][string] [/data/misc/user/0/cacerts-added/399e7759.0]
D/S4URC   ( 3576): [SDK] [java.io.File] [getPath] [FilePath][String] [/system/etc/security/cacerts]
D/S4URC   ( 3576): [SDK] [java.io.File] [isFile] [FilePath][String] [/system/etc/security/cacerts/399e7759.0]
D/S4URC   ( 3576): [NDK] [SYSCALL] [stat] [PATH][string] [/system/etc/security/cacerts/399e7759.0]
D/S4URC   ( 3576): [SDK] [java.io.File] [isFile] [FilePath][String] [/system/etc/security/cacerts/399e7759.0]
D/S4URC   ( 3576): [NDK] [SYSCALL] [stat] [PATH][string] [/system/etc/security/cacerts/399e7759.0]
D/S4URC   ( 3576): [SDK] [java.io.File] [getPath] [FilePath][String] [/system/etc/security/cacerts/399e7759.0]
D/S4URC   ( 3576): [SDK] [java.io.File] [getPath] [FilePath][String] [/data/misc/user/0/cacerts-removed]
D/S4URC   ( 3576): [SDK] [java.io.File] [isFile] [FilePath][String] [/data/misc/user/0/cacerts-removed/399e7759.0]
D/S4URC   ( 3576): [NDK] [SYSCALL] [stat] [PATH][string] [/data/misc/user/0/cacerts-removed/399e7759.0]
D/S4URC   ( 3576): [SDK] [java.io.File] [exists] [FilePath][String] [/data/misc/user/0/cacerts-removed/399e7759.0]
D/S4URC   ( 3576): [NDK] [SYSCALL] [access] [PATH][string] [/data/misc/user/0/cacerts-removed/399e7759.0]
D/S4URC   ( 3576): [SDK] [java.io.File] [getPath] [FilePath][String] [/data/misc/keychain/pins]
D/S4URC   ( 3576): [NDK] [SYSCALL] [open] [PATH][string] [/data/misc/keychain/pins] [RETURN][int] [-1]
D/S4URC   ( 3576): [SDK] [java.io.File] [Constructor] [FilePath][String] [/data/misc/keychain/pubkey_blacklist.txt]
D/S4URC   ( 3576): [SDK] [java.io.File] [getPath] [FilePath][String] [/data/misc/keychain/pubkey_blacklist.txt]
D/S4URC   ( 3576): [NDK] [SYSCALL] [open] [PATH][string] [/data/misc/keychain/pubkey_blacklist.txt] [RETURN][int] [21]
D/S4URC   ( 3576): [SDK] [java.io.File] [Constructor] [FilePath][String] [/data/misc/keychain/serial_blacklist.txt]
D/S4URC   ( 3576): [SDK] [java.io.File] [getPath] [FilePath][String] [/data/misc/keychain/serial_blacklist.txt]
D/S4URC   ( 3576): [NDK] [SYSCALL] [open] [PATH][string] [/data/misc/keychain/serial_blacklist.txt] [RETURN][int] [21]
D/S4URC   ( 3576): [SDK] [java.lang.Class] [forName] [FindClass][String] [com.android.org.conscrypt.OpenSSLMessageDigestJDK$SHA1]
D/S4URC   ( 3576): [SDK] [java.lang.Class] [forName] [FindClass][String] [java.net.PlainSocketImpl]
D/S4URC   ( 3576): [NDK] [SYSCALL] [socket] [TYPE][string] [TCP]
D/S4URC   ( 3576): [SDK] [java.io.File] [Constructor] [FilePath][String] [/data/data/com.rfoxwbz.wqfxjmln/files/lastCrashID]
D/S4URC   ( 3576): [SDK] [java.io.File] [exists] [FilePath][String] [/data/data/com.rfoxwbz.wqfxjmln/files/lastCrashID]
D/S4URC   ( 3576): [NDK] [SYSCALL] [access] [PATH][string] [/data/data/com.rfoxwbz.wqfxjmln/files/lastCrashID]
D/S4URC   ( 3576): [SDK] [java.io.File] [createNewFile] [FilePath][String] [/data/data/com.rfoxwbz.wqfxjmln/files/lastCrashID]
D/S4URC   ( 3576): [NDK] [SYSCALL] [open] [PATH][string] [/data/data/com.rfoxwbz.wqfxjmln/files/lastCrashID] [RETURN][int] [21]
D/S4URC   ( 3576): [SDK] [java.io.File] [getPath] [FilePath][String] [/data/data/com.rfoxwbz.wqfxjmln/files/lastCrashID]
D/S4URC   ( 3576): [NDK] [SYSCALL] [open] [PATH][string] [/data/data/com.rfoxwbz.wqfxjmln/files/lastCrashID] [RETURN][int] [21]
D/S4URC   ( 3576): [SDK] [java.io.File] [Constructor] [FilePath][String] [/data/data/com.rfoxwbz.wqfxjmln/files/Mint-lastsavedfile]
D/S4URC   ( 3576): [SDK] [java.io.File] [getPath] [FilePath][String] [/data/data/com.rfoxwbz.wqfxjmln/files/Mint-lastsavedfile]
D/S4URC   ( 3576): [NDK] [SYSCALL] [open] [PATH][string] [/data/data/com.rfoxwbz.wqfxjmln/files/Mint-lastsavedfile] [RETURN][int] [-1]
D/S4URC   ( 3576): [SDK] [java.io.File] [Constructor] [FilePath][String] [/data/data/com.rfoxwbz.wqfxjmln/files/MintSavedData-1-1536805924298.json]
D/S4URC   ( 3576): [NDK] [SYSCALL] [stat] [PATH][string] [/data/data/com.rfoxwbz.wqfxjmln/files/MintSavedData-1-1536805924298.json]
D/S4URC   ( 3576): [SDK] [java.io.File] [exists] [FilePath][String] [/data/data/com.rfoxwbz.wqfxjmln/files/MintSavedData-1-1536805924298.json]
D/S4URC   ( 3576): [NDK] [SYSCALL] [access] [PATH][string] [/data/data/com.rfoxwbz.wqfxjmln/files/MintSavedData-1-1536805924298.json]
D/S4URC   ( 3576): [SDK] [java.io.File] [createNewFile] [FilePath][String] [/data/data/com.rfoxwbz.wqfxjmln/files/MintSavedData-1-1536805924298.json]
D/S4URC   ( 3576): [NDK] [SYSCALL] [open] [PATH][string] [/data/data/com.rfoxwbz.wqfxjmln/files/MintSavedData-1-1536805924298.json] [RETURN][int] [21]
D/S4URC   ( 3576): [SDK] [java.io.File] [getPath] [FilePath][String] [/data/data/com.rfoxwbz.wqfxjmln/files/MintSavedData-1-1536805924298.json]
D/S4URC   ( 3576): [NDK] [SYSCALL] [open] [PATH][string] [/data/data/com.rfoxwbz.wqfxjmln/files/MintSavedData-1-1536805924298.json] [RETURN][int] [21]
D/S4URC   ( 3576): [SDK] [java.io.File] [getName] [FilePath][String] [/data/data/com.rfoxwbz.wqfxjmln/files/MintSavedData-1-1536805924298.json]
D/S4URC   ( 3576): [SDK] [java.io.File] [Constructor] [FilePath][String] [/data/data/com.rfoxwbz.wqfxjmln/files/Mint-lastsavedfile]
D/S4URC   ( 3576): [SDK] [java.io.File] [exists] [FilePath][String] [/data/data/com.rfoxwbz.wqfxjmln/files/Mint-lastsavedfile]
D/S4URC   ( 3576): [NDK] [SYSCALL] [access] [PATH][string] [/data/data/com.rfoxwbz.wqfxjmln/files/Mint-lastsavedfile]
D/S4URC   ( 3576): [SDK] [java.io.File] [delete] [FilePath][String] [/data/data/com.rfoxwbz.wqfxjmln/files/Mint-lastsavedfile]
D/S4URC   ( 3576): [NDK] [SYSCALL] [lstat] [PATH][string] [/data/data/com.rfoxwbz.wqfxjmln/files/Mint-lastsavedfile]
D/S4URC   ( 3576): [SDK] [java.io.File] [createNewFile] [FilePath][String] [/data/data/com.rfoxwbz.wqfxjmln/files/Mint-lastsavedfile]
D/S4URC   ( 3576): [NDK] [SYSCALL] [open] [PATH][string] [/data/data/com.rfoxwbz.wqfxjmln/files/Mint-lastsavedfile] [RETURN][int] [21]
D/S4URC   ( 3576): [SDK] [java.io.File] [getPath] [FilePath][String] [/data/data/com.rfoxwbz.wqfxjmln/files/Mint-lastsavedfile]
D/S4URC   ( 3576): [NDK] [SYSCALL] [open] [PATH][string] [/data/data/com.rfoxwbz.wqfxjmln/files/Mint-lastsavedfile] [RETURN][int] [21]
D/S4URC   ( 3576): [SDK] [java.io.File] [Constructor] [FilePath][String] [/data/data/com.rfoxwbz.wqfxjmln/files/Mint-lastsavedfile]
D/S4URC   ( 3576): [SDK] [java.io.File] [getPath] [FilePath][String] [/data/data/com.rfoxwbz.wqfxjmln/files/Mint-lastsavedfile]
D/S4URC   ( 3576): [NDK] [SYSCALL] [open] [PATH][string] [/data/data/com.rfoxwbz.wqfxjmln/files/Mint-lastsavedfile] [RETURN][int] [21]
D/S4URC   ( 3576): [SDK] [java.io.File] [Constructor] [FilePath][String] [/data/data/com.rfoxwbz.wqfxjmln/files/MintSavedData-1-1536805924298.json]
D/S4URC   ( 3576): [NDK] [SYSCALL] [stat] [PATH][string] [/data/data/com.rfoxwbz.wqfxjmln/files/MintSavedData-1-1536805924298.json]
D/S4URC   ( 3576): [SDK] [java.io.File] [exists] [FilePath][String] [/data/data/com.rfoxwbz.wqfxjmln/files/MintSavedData-1-1536805924298.json]
D/S4URC   ( 3576): [NDK] [SYSCALL] [access] [PATH][string] [/data/data/com.rfoxwbz.wqfxjmln/files/MintSavedData-1-1536805924298.json]
D/S4URC   ( 3576): [SDK] [java.io.File] [getPath] [FilePath][String] [/data/data/com.rfoxwbz.wqfxjmln/files/MintSavedData-1-1536805924298.json]
D/S4URC   ( 3576): [NDK] [SYSCALL] [open] [PATH][string] [/data/data/com.rfoxwbz.wqfxjmln/files/MintSavedData-1-1536805924298.json] [RETURN][int] [21]
D/S4URC   ( 3576): [SDK] [java.io.File] [getName] [FilePath][String] [/data/data/com.rfoxwbz.wqfxjmln/files/MintSavedData-1-1536805924298.json]
D/S4URC   ( 3576): [SDK] [java.io.File] [Constructor] [FilePath][String] [/data/data/com.rfoxwbz.wqfxjmln/files/Mint-lastsavedfile]
D/S4URC   ( 3576): [SDK] [java.io.File] [exists] [FilePath][String] [/data/data/com.rfoxwbz.wqfxjmln/files/Mint-lastsavedfile]
D/S4URC   ( 3576): [NDK] [SYSCALL] [access] [PATH][string] [/data/data/com.rfoxwbz.wqfxjmln/files/Mint-lastsavedfile]
D/S4URC   ( 3576): [SDK] [java.io.File] [getPath] [FilePath][String] [/data/data/com.rfoxwbz.wqfxjmln/files/Mint-lastsavedfile]
D/S4URC   ( 3576): [NDK] [SYSCALL] [open] [PATH][string] [/data/data/com.rfoxwbz.wqfxjmln/files/Mint-lastsavedfile] [RETURN][int] [21]
D/S4URC   ( 3576): [SDK] [java.io.File] [Constructor] [FilePath][String] [/data/data/com.rfoxwbz.wqfxjmln/files/Mint-lastsavedfile]
D/S4URC   ( 3576): [SDK] [java.io.File] [getPath] [FilePath][String] [/data/data/com.rfoxwbz.wqfxjmln/files/Mint-lastsavedfile]
D/S4URC   ( 3576): [NDK] [SYSCALL] [open] [PATH][string] [/data/data/com.rfoxwbz.wqfxjmln/files/Mint-lastsavedfile] [RETURN][int] [21]
D/S4URC   ( 3576): [SDK] [java.io.File] [Constructor] [FilePath][String] [/data/data/com.rfoxwbz.wqfxjmln/files/MintSavedData-1-1536805924298.json]
D/S4URC   ( 3576): [NDK] [SYSCALL] [stat] [PATH][string] [/data/data/com.rfoxwbz.wqfxjmln/files/MintSavedData-1-1536805924298.json]
D/S4URC   ( 3576): [SDK] [java.io.File] [exists] [FilePath][String] [/data/data/com.rfoxwbz.wqfxjmln/files/MintSavedData-1-1536805924298.json]
D/S4URC   ( 3576): [NDK] [SYSCALL] [access] [PATH][string] [/data/data/com.rfoxwbz.wqfxjmln/files/MintSavedData-1-1536805924298.json]
D/S4URC   ( 3576): [SDK] [java.io.File] [getPath] [FilePath][String] [/data/data/com.rfoxwbz.wqfxjmln/files/MintSavedData-1-1536805924298.json]
D/S4URC   ( 3576): [NDK] [SYSCALL] [open] [PATH][string] [/data/data/com.rfoxwbz.wqfxjmln/files/MintSavedData-1-1536805924298.json] [RETURN][int] [21]
D/S4URC   ( 3576): [SDK] [java.io.File] [getName] [FilePath][String] [/data/data/com.rfoxwbz.wqfxjmln/files/MintSavedData-1-1536805924298.json]
D/S4URC   ( 3576): [SDK] [java.io.File] [Constructor] [FilePath][String] [/data/data/com.rfoxwbz.wqfxjmln/files/Mint-lastsavedfile]
D/S4URC   ( 3576): [SDK] [java.io.File] [exists] [FilePath][String] [/data/data/com.rfoxwbz.wqfxjmln/files/Mint-lastsavedfile]
D/S4URC   ( 3576): [NDK] [SYSCALL] [access] [PATH][string] [/data/data/com.rfoxwbz.wqfxjmln/files/Mint-lastsavedfile]
D/S4URC   ( 3576): [SDK] [java.io.File] [getPath] [FilePath][String] [/data/data/com.rfoxwbz.wqfxjmln/files/Mint-lastsavedfile]
D/S4URC   ( 3576): [NDK] [SYSCALL] [open] [PATH][string] [/data/data/com.rfoxwbz.wqfxjmln/files/Mint-lastsavedfile] [RETURN][int] [21]
D/S4URC   ( 3576): [SDK] [java.io.File] [Constructor] [FilePath][String] [/data/data/com.rfoxwbz.wqfxjmln/files/Mint-lastsavedfile]
D/S4URC   ( 3576): [SDK] [java.io.File] [getPath] [FilePath][String] [/data/data/com.rfoxwbz.wqfxjmln/files/Mint-lastsavedfile]
D/S4URC   ( 3576): [NDK] [SYSCALL] [open] [PATH][string] [/data/data/com.rfoxwbz.wqfxjmln/files/Mint-lastsavedfile] [RETURN][int] [21]
D/S4URC   ( 3576): [SDK] [java.io.File] [Constructor] [FilePath][String] [/data/data/com.rfoxwbz.wqfxjmln/files/MintSavedData-1-1536805924298.json]
D/S4URC   ( 3576): [NDK] [SYSCALL] [stat] [PATH][string] [/data/data/com.rfoxwbz.wqfxjmln/files/MintSavedData-1-1536805924298.json]
D/S4URC   ( 3576): [SDK] [java.io.File] [exists] [FilePath][String] [/data/data/com.rfoxwbz.wqfxjmln/files/MintSavedData-1-1536805924298.json]
D/S4URC   ( 3576): [NDK] [SYSCALL] [access] [PATH][string] [/data/data/com.rfoxwbz.wqfxjmln/files/MintSavedData-1-1536805924298.json]
D/S4URC   ( 3576): [SDK] [java.io.File] [getPath] [FilePath][String] [/data/data/com.rfoxwbz.wqfxjmln/files/MintSavedData-1-1536805924298.json]
D/S4URC   ( 3576): [NDK] [SYSCALL] [open] [PATH][string] [/data/data/com.rfoxwbz.wqfxjmln/files/MintSavedData-1-1536805924298.json] [RETURN][int] [21]
D/S4URC   ( 3576): [SDK] [java.io.File] [getName] [FilePath][String] [/data/data/com.rfoxwbz.wqfxjmln/files/MintSavedData-1-1536805924298.json]
D/S4URC   ( 3576): [SDK] [java.io.File] [Constructor] [FilePath][String] [/data/data/com.rfoxwbz.wqfxjmln/files/Mint-lastsavedfile]
D/S4URC   ( 3576): [SDK] [java.io.File] [exists] [FilePath][String] [/data/data/com.rfoxwbz.wqfxjmln/files/Mint-lastsavedfile]
D/S4URC   ( 3576): [NDK] [SYSCALL] [access] [PATH][string] [/data/data/com.rfoxwbz.wqfxjmln/files/Mint-lastsavedfile]
D/S4URC   ( 3576): [SDK] [java.io.File] [getPath] [FilePath][String] [/data/data/com.rfoxwbz.wqfxjmln/files/Mint-lastsavedfile]
D/S4URC   ( 3576): [NDK] [SYSCALL] [open] [PATH][string] [/data/data/com.rfoxwbz.wqfxjmln/files/Mint-lastsavedfile] [RETURN][int] [21]
D/S4URC   ( 3683): [SDK] [java.io.File] [getPath] [FilePath][String] [/data/data/com.rfoxwbz.wqfxjmln/shared_prefs/com.rfoxwbz.wqfxjmln_preferences.xml]
D/S4URC   ( 3683): [SDK] [android.content.ContextWrapper][getSharedPreferences] [File][com.rfoxwbz.wqfxjmln_preferences.xml] [MODE][MODE_PRIVATE]
D/S4URC   ( 3683): [SDK] [javax.crypto.spec.PBEKeySpec][Constructor] [Password][com.rfoxwbz.wqfxjmln] [Salt][unknown]
D/S4URC   ( 3683): [SDK] [android.content.ContextWrapper][getSharedPreferences] [File][com.rfoxwbz.wqfxjmln_preferences.xml] [MODE][MODE_PRIVATE] [Method][getString] [String][v6lEGY4eUtjMxVQ8S7AfHUnJdh/d1JxlnspC8MmP/eU=] [Return][TaK5nlYIJOiKogsemAgGVQ==:LTwYCmz9pXcP/qu+eeTAQARzV7vfcUUiBwiC9lM8lDU=]
D/S4URC   ( 3683): [SDK] [android.content.ContextWrapper][getSharedPreferences] [File][com.rfoxwbz.wqfxjmln_preferences.xml] [MODE][MODE_PRIVATE] [Method][getString] [String][8v+DhgpNwgOYjtGiK6HyEjfwSr29DEyVEQPPvtEh3ng=] [Return][3ikeP44H8FXlxcXKsArfPQ==:GYfd+nCMA7rFWTfUq5D1depXn1KqBkk2vIG/d8gI/P0=:a9m4X0//VzXfQAxQPQS7qw==]
D/S4URC   ( 3683): [SDK] [javax.crypto.spec.SecretKeySpec][Constructor] [KEY][LTwYCmz9pXcP/qu+eeTAQARzV7vfcUUiBwiC9lM8lDU=][type][HmacSHA256][javax.crypto.Cipher][getInstance] [Cipher][AES/CBC/PKCS5Padding] [javax.crypto.spec.IvParameterSpec][Constructor] [IV][3ikeP44H8FXlxcXKsArfPQ==] [javax.crypto.Cipher][doFinal] [Data][a9m4X0//VzXfQAxQPQS7qw==] [Return][mobproxy.com]
D/S4URC   ( 3683): [SDK] [java.io.File] [getPath] [FilePath][String] [/data/data/com.rfoxwbz.wqfxjmln/shared_prefs/com.rfoxwbz.wqfxjmln_preferences.xml]
D/S4URC   ( 3683): [SDK] [android.content.ContextWrapper][getSharedPreferences] [File][com.rfoxwbz.wqfxjmln_preferences.xml] [MODE][MODE_PRIVATE]
D/S4URC   ( 3683): [SDK] [javax.crypto.spec.PBEKeySpec][Constructor] [Password][com.rfoxwbz.wqfxjmln] [Salt][unknown]
D/S4URC   ( 3576): [SDK] [java.io.File] [Constructor] [FilePath][String] [/data/data/com.rfoxwbz.wqfxjmln/files/Mint-lastsavedfile]
D/S4URC   ( 3576): [SDK] [java.io.File] [getPath] [FilePath][String] [/data/data/com.rfoxwbz.wqfxjmln/files/Mint-lastsavedfile]
D/S4URC   ( 3576): [NDK] [SYSCALL] [open] [PATH][string] [/data/data/com.rfoxwbz.wqfxjmln/files/Mint-lastsavedfile] [RETURN][int] [21]
D/S4URC   ( 3576): [SDK] [java.io.File] [Constructor] [FilePath][String] [/data/data/com.rfoxwbz.wqfxjmln/files/MintSavedData-1-1536805924298.json]
D/S4URC   ( 3576): [NDK] [SYSCALL] [stat] [PATH][string] [/data/data/com.rfoxwbz.wqfxjmln/files/MintSavedData-1-1536805924298.json]
D/S4URC   ( 3576): [SDK] [java.io.File] [exists] [FilePath][String] [/data/data/com.rfoxwbz.wqfxjmln/files/MintSavedData-1-1536805924298.json]
D/S4URC   ( 3576): [NDK] [SYSCALL] [access] [PATH][string] [/data/data/com.rfoxwbz.wqfxjmln/files/MintSavedData-1-1536805924298.json]
D/S4URC   ( 3576): [SDK] [java.io.File] [getPath] [FilePath][String] [/data/data/com.rfoxwbz.wqfxjmln/files/MintSavedData-1-1536805924298.json]
D/S4URC   ( 3576): [NDK] [SYSCALL] [open] [PATH][string] [/data/data/com.rfoxwbz.wqfxjmln/files/MintSavedData-1-1536805924298.json] [RETURN][int] [18]
D/S4URC   ( 3576): [SDK] [java.io.File] [getName] [FilePath][String] [/data/data/com.rfoxwbz.wqfxjmln/files/MintSavedData-1-1536805924298.json]
D/S4URC   ( 3576): [SDK] [java.io.File] [Constructor] [FilePath][String] [/data/data/com.rfoxwbz.wqfxjmln/files/Mint-lastsavedfile]
D/S4URC   ( 3576): [SDK] [java.io.File] [exists] [FilePath][String] [/data/data/com.rfoxwbz.wqfxjmln/files/Mint-lastsavedfile]
D/S4URC   ( 3576): [NDK] [SYSCALL] [access] [PATH][string] [/data/data/com.rfoxwbz.wqfxjmln/files/Mint-lastsavedfile]
D/S4URC   ( 3576): [SDK] [java.io.File] [Constructor] [FilePath][String] [/system/app/Superuser.apk]
D/S4URC   ( 3576): [SDK] [java.io.File] [exists] [FilePath][String] [/system/app/Superuser.apk]
D/S4URC   ( 3576): [NDK] [SYSCALL] [access] [PATH][string] [/system/app/Superuser.apk]
D/S4URC   ( 3576): [SDK] [java.lang.Runtime] [exec] [Command][String] [/system/xbin/whichsu]
D/S4URC   ( 3576): [SDK] [java.io.File] [getPath] [FilePath][String] [/data/data/com.rfoxwbz.wqfxjmln/files/Mint-lastsavedfile]
D/S4URC   ( 3576): [NDK] [SYSCALL] [open] [PATH][string] [/data/data/com.rfoxwbz.wqfxjmln/files/Mint-lastsavedfile] [RETURN][int] [18]
D/S4URC   ( 3996): [NDK] [SYSCALL] [getdents] [PATH][string] [.]
D/S4URC   ( 3576): [SDK] [android.telephony.TelephonyManager] [getLine1Number]
D/S4URC   ( 3576): [SDK] [android.telephony.TelephonyManager] [getSubscriberId]
D/S4URC   ( 3576): [SDK] [android.content.ContextWrapper][getSharedPreferences] [File][Preferences.xml] [MODE][MODE_PRIVATE] [Method][getString] [String][mobile] [Return][null]
D/S4URC   ( 3576): [SDK] [android.content.ContextWrapper][getSharedPreferences] [File][Preferences.xml] [MODE][MODE_PRIVATE] [Method][getString] [String][agent] [Return][Dalvik/2.1.0 (Linux; U; Android 5.1.1; galaxys5 Build/LMY49J)]
D/S4URC   ( 3576): [SDK] [java.lang.Class] [forName] [FindClass][String] [java.net.PlainSocketImpl]
D/S4URC   ( 3576): [NDK] [SYSCALL] [socket] [TYPE][string] [TCP]
D/S4URC   ( 3683): [SDK] [android.content.ContextWrapper][getSharedPreferences] [File][com.rfoxwbz.wqfxjmln_preferences.xml] [MODE][MODE_PRIVATE] [Method][getString] [String][v6lEGY4eUtjMxVQ8S7AfHUnJdh/d1JxlnspC8MmP/eU=] [Return][TaK5nlYIJOiKogsemAgGVQ==:LTwYCmz9pXcP/qu+eeTAQARzV7vfcUUiBwiC9lM8lDU=]
D/S4URC   ( 3683): [SDK] [javax.crypto.spec.SecretKeySpec][Constructor] [KEY][LTwYCmz9pXcP/qu+eeTAQARzV7vfcUUiBwiC9lM8lDU=][type][HmacSHA256][javax.crypto.Cipher][getInstance] [Cipher][AES/CBC/PKCS5Padding] [javax.crypto.spec.IvParameterSpec][Constructor] [IV][2XyC/ixVzofk73h1S8Wrfg==] [javax.crypto.Cipher][doFinal] [Data][mobproxy7.com] [Return][0TQMUJIqwZ0CFtSfip5lyA==]
D/S4URC   ( 3683): [SDK] [android.content.ContextWrapper][getSharedPreferences] [File][com.rfoxwbz.wqfxjmln_preferences.xml] [MODE][MODE_PRIVATE] [Method][putString] [Key][8v+DhgpNwgOYjtGiK6HyEjfwSr29DEyVEQPPvtEh3ng=] [Value][2XyC/ixVzofk73h1S8Wrfg==:GENh5YXIa1VCadYoLt5FK83nZKx2Q7LnpUUVx7Q8BHA=:0TQMUJIqwZ0CFtSfip5lyA==]
D/S4URC   ( 3683): [SDK] [java.io.File] [exists] [FilePath][String] [/data/data/com.rfoxwbz.wqfxjmln/shared_prefs/com.rfoxwbz.wqfxjmln_preferences.xml]
D/S4URC   ( 3683): [SDK] [java.io.File] [exists] [FilePath][String] [/data/data/com.rfoxwbz.wqfxjmln/shared_prefs/com.rfoxwbz.wqfxjmln_preferences.xml.bak]
D/S4URC   ( 3683): [SDK] [java.io.File] [renameTo] [FilePath][String] [/data/data/com.rfoxwbz.wqfxjmln/shared_prefs/com.rfoxwbz.wqfxjmln_preferences.xml] [DesFile][/data/data/com.rfoxwbz.wqfxjmln/shared_prefs/com.rfoxwbz.wqfxjmln_preferences.xml.bak]
D/S4URC   ( 3683): [SDK] [java.io.File] [getPath] [FilePath][String] [/data/data/com.rfoxwbz.wqfxjmln/shared_prefs/com.rfoxwbz.wqfxjmln_preferences.xml]
D/S4URC   ( 3683): [SDK] [java.io.File] [delete] [FilePath][String] [/data/data/com.rfoxwbz.wqfxjmln/shared_prefs/com.rfoxwbz.wqfxjmln_preferences.xml.bak]
D/S4URC   ( 3683): [SDK] [android.content.ContextWrapper][getSharedPreferences] [File][com.rfoxwbz.wqfxjmln_preferences.xml] [MODE][MODE_PRIVATE] [Method][commit]
D/S4URC   ( 3683): [SDK] [java.io.File] [getPath] [FilePath][String] [/data/data/com.rfoxwbz.wqfxjmln/shared_prefs/com.rfoxwbz.wqfxjmln_preferences.xml]
D/S4URC   ( 3683): [SDK] [android.content.ContextWrapper][getSharedPreferences] [File][com.rfoxwbz.wqfxjmln_preferences.xml] [MODE][MODE_PRIVATE]
D/S4URC   ( 3683): [SDK] [javax.crypto.spec.PBEKeySpec][Constructor] [Password][com.rfoxwbz.wqfxjmln] [Salt][unknown]
D/S4URC   ( 3683): [SDK] [android.content.ContextWrapper][getSharedPreferences] [File][com.rfoxwbz.wqfxjmln_preferences.xml] [MODE][MODE_PRIVATE] [Method][getString] [String][v6lEGY4eUtjMxVQ8S7AfHUnJdh/d1JxlnspC8MmP/eU=] [Return][TaK5nlYIJOiKogsemAgGVQ==:LTwYCmz9pXcP/qu+eeTAQARzV7vfcUUiBwiC9lM8lDU=]
D/S4URC   ( 3683): [SDK] [android.content.ContextWrapper][getSharedPreferences] [File][com.rfoxwbz.wqfxjmln_preferences.xml] [MODE][MODE_PRIVATE] [Method][getString] [String][8v+DhgpNwgOYjtGiK6HyEjfwSr29DEyVEQPPvtEh3ng=] [Return][2XyC/ixVzofk73h1S8Wrfg==:GENh5YXIa1VCadYoLt5FK83nZKx2Q7LnpUUVx7Q8BHA=:0TQMUJIqwZ0CFtSfip5lyA==]
D/S4URC   ( 3683): [SDK] [javax.crypto.spec.SecretKeySpec][Constructor] [KEY][LTwYCmz9pXcP/qu+eeTAQARzV7vfcUUiBwiC9lM8lDU=][type][HmacSHA256][javax.crypto.Cipher][getInstance] [Cipher][AES/CBC/PKCS5Padding] [javax.crypto.spec.IvParameterSpec][Constructor] [IV][2XyC/ixVzofk73h1S8Wrfg==] [javax.crypto.Cipher][doFinal] [Data][0TQMUJIqwZ0CFtSfip5lyA==] [Return][mobproxy7.com]
D/S4URC   ( 3683): [SDK] [java.io.File] [getPath] [FilePath][String] [/data/data/com.rfoxwbz.wqfxjmln/shared_prefs/com.rfoxwbz.wqfxjmln_preferences.xml]
D/S4URC   ( 3683): [SDK] [android.content.ContextWrapper][getSharedPreferences] [File][com.rfoxwbz.wqfxjmln_preferences.xml] [MODE][MODE_PRIVATE]
D/S4URC   ( 3683): [SDK] [javax.crypto.spec.PBEKeySpec][Constructor] [Password][com.rfoxwbz.wqfxjmln] [Salt][unknown]
D/S4URC   ( 3576): [SDK] [java.io.File] [Constructor] [FilePath][String] [/data/data/com.rfoxwbz.wqfxjmln/files/Mint-lastsavedfile]
D/S4URC   ( 3576): [SDK] [java.io.File] [getPath] [FilePath][String] [/data/data/com.rfoxwbz.wqfxjmln/files/Mint-lastsavedfile]
D/S4URC   ( 3576): [NDK] [SYSCALL] [open] [PATH][string] [/data/data/com.rfoxwbz.wqfxjmln/files/Mint-lastsavedfile] [RETURN][int] [20]
D/S4URC   ( 3576): [SDK] [java.io.File] [Constructor] [FilePath][String] [/data/data/com.rfoxwbz.wqfxjmln/files/MintSavedData-1-1536805924298.json]
D/S4URC   ( 3576): [NDK] [SYSCALL] [stat] [PATH][string] [/data/data/com.rfoxwbz.wqfxjmln/files/MintSavedData-1-1536805924298.json]
D/S4URC   ( 3576): [SDK] [java.io.File] [exists] [FilePath][String] [/data/data/com.rfoxwbz.wqfxjmln/files/MintSavedData-1-1536805924298.json]
D/S4URC   ( 3576): [NDK] [SYSCALL] [access] [PATH][string] [/data/data/com.rfoxwbz.wqfxjmln/files/MintSavedData-1-1536805924298.json]
D/S4URC   ( 3576): [SDK] [java.io.File] [getPath] [FilePath][String] [/data/data/com.rfoxwbz.wqfxjmln/files/MintSavedData-1-1536805924298.json]
D/S4URC   ( 3576): [NDK] [SYSCALL] [open] [PATH][string] [/data/data/com.rfoxwbz.wqfxjmln/files/MintSavedData-1-1536805924298.json] [RETURN][int] [20]
D/S4URC   ( 3576): [SDK] [java.io.File] [getName] [FilePath][String] [/data/data/com.rfoxwbz.wqfxjmln/files/MintSavedData-1-1536805924298.json]
D/S4URC   ( 3576): [SDK] [java.io.File] [Constructor] [FilePath][String] [/data/data/com.rfoxwbz.wqfxjmln/files/Mint-lastsavedfile]
D/S4URC   ( 3576): [SDK] [java.io.File] [exists] [FilePath][String] [/data/data/com.rfoxwbz.wqfxjmln/files/Mint-lastsavedfile]
D/S4URC   ( 3576): [NDK] [SYSCALL] [access] [PATH][string] [/data/data/com.rfoxwbz.wqfxjmln/files/Mint-lastsavedfile]
D/S4URC   ( 3576): [SDK] [java.io.File] [getPath] [FilePath][String] [/data/data/com.rfoxwbz.wqfxjmln/files/Mint-lastsavedfile]
D/S4URC   ( 3576): [NDK] [SYSCALL] [open] [PATH][string] [/data/data/com.rfoxwbz.wqfxjmln/files/Mint-lastsavedfile] [RETURN][int] [18]
D/S4URC   ( 3576): [SDK] [java.io.File] [Constructor] [FilePath][String] [/system/app/Superuser.apk]
D/S4URC   ( 3576): [SDK] [java.io.File] [exists] [FilePath][String] [/system/app/Superuser.apk]
D/S4URC   ( 3576): [NDK] [SYSCALL] [access] [PATH][string] [/system/app/Superuser.apk]
D/S4URC   ( 3576): [SDK] [java.lang.Runtime] [exec] [Command][String] [/system/xbin/whichsu]
D/S4URC   ( 4015): [NDK] [SYSCALL] [getdents] [PATH][string] [.]
D/S4URC   ( 3576): [SDK] [android.telephony.TelephonyManager] [getLine1Number]
D/S4URC   ( 3576): [SDK] [android.telephony.TelephonyManager] [getSubscriberId]
D/S4URC   ( 3576): [SDK] [android.content.ContextWrapper][getSharedPreferences] [File][Preferences.xml] [MODE][MODE_PRIVATE] [Method][getString] [String][mobile] [Return][null]
D/S4URC   ( 3576): [SDK] [android.content.ContextWrapper][getSharedPreferences] [File][Preferences.xml] [MODE][MODE_PRIVATE] [Method][getString] [String][agent] [Return][Dalvik/2.1.0 (Linux; U; Android 5.1.1; galaxys5 Build/LMY49J)]
D/S4URC   ( 3683): [SDK] [android.content.ContextWrapper][getSharedPreferences] [File][com.rfoxwbz.wqfxjmln_preferences.xml] [MODE][MODE_PRIVATE] [Method][getString] [String][v6lEGY4eUtjMxVQ8S7AfHUnJdh/d1JxlnspC8MmP/eU=] [Return][TaK5nlYIJOiKogsemAgGVQ==:LTwYCmz9pXcP/qu+eeTAQARzV7vfcUUiBwiC9lM8lDU=]
D/S4URC   ( 3683): [SDK] [android.content.ContextWrapper][getSharedPreferences] [File][com.rfoxwbz.wqfxjmln_preferences.xml] [MODE][MODE_PRIVATE] [Method][getString] [String][KTG81sSjZqvKo7LXRs0+R1OcEkazrNv6w297XBpYnVs=] [Return][c0ePpavm4ZhBIQdeFwBqQQ==:L0xr3I3cUqs2rfD9Xn1Km5buQef+Gim/4aT5q3zyFbY=:B9HYhwKZr1q9XY+FBoDE9A==]
D/S4URC   ( 3683): [SDK] [javax.crypto.spec.SecretKeySpec][Constructor] [KEY][LTwYCmz9pXcP/qu+eeTAQARzV7vfcUUiBwiC9lM8lDU=][type][HmacSHA256][javax.crypto.Cipher][getInstance] [Cipher][AES/CBC/PKCS5Padding] [javax.crypto.spec.IvParameterSpec][Constructor] [IV][c0ePpavm4ZhBIQdeFwBqQQ==] [javax.crypto.Cipher][doFinal] [Data][B9HYhwKZr1q9XY+FBoDE9A==] [Return][-1]
D/S4URC   ( 3683): [SDK] [java.io.File] [getPath] [FilePath][String] [/data/data/com.rfoxwbz.wqfxjmln/shared_prefs/com.rfoxwbz.wqfxjmln_preferences.xml]
D/S4URC   ( 3683): [SDK] [android.content.ContextWrapper][getSharedPreferences] [File][com.rfoxwbz.wqfxjmln_preferences.xml] [MODE][MODE_PRIVATE]
D/S4URC   ( 3683): [SDK] [javax.crypto.spec.PBEKeySpec][Constructor] [Password][com.rfoxwbz.wqfxjmln] [Salt][unknown]
D/S4URC   ( 3576): [SDK] [java.lang.Class] [forName] [FindClass][String] [java.net.PlainSocketImpl]
D/S4URC   ( 3576): [NDK] [SYSCALL] [socket] [TYPE][string] [TCP]
D/S4URC   ( 3683): [SDK] [android.content.ContextWrapper][getSharedPreferences] [File][com.rfoxwbz.wqfxjmln_preferences.xml] [MODE][MODE_PRIVATE] [Method][getString] [String][v6lEGY4eUtjMxVQ8S7AfHUnJdh/d1JxlnspC8MmP/eU=] [Return][TaK5nlYIJOiKogsemAgGVQ==:LTwYCmz9pXcP/qu+eeTAQARzV7vfcUUiBwiC9lM8lDU=]
D/S4URC   ( 3683): [SDK] [javax.crypto.spec.SecretKeySpec][Constructor] [KEY][LTwYCmz9pXcP/qu+eeTAQARzV7vfcUUiBwiC9lM8lDU=][type][HmacSHA256][javax.crypto.Cipher][getInstance] [Cipher][AES/CBC/PKCS5Padding] [javax.crypto.spec.IvParameterSpec][Constructor] [IV][AiDEQIPJRsLAML4pHQYpYw==] [javax.crypto.Cipher][doFinal] [Data][mobproxy7.com] [Return][L6om18QojczicK8sleZxWA==]
D/S4URC   ( 3683): [SDK] [android.content.ContextWrapper][getSharedPreferences] [File][com.rfoxwbz.wqfxjmln_preferences.xml] [MODE][MODE_PRIVATE] [Method][putString] [Key][8v+DhgpNwgOYjtGiK6HyEjfwSr29DEyVEQPPvtEh3ng=] [Value][AiDEQIPJRsLAML4pHQYpYw==:swMPazFgnvY5TGMb0G41t8NYhw4C8Hc0KenCuzXR+rA=:L6om18QojczicK8sleZxWA==]
D/S4URC   ( 3683): [SDK] [java.io.File] [exists] [FilePath][String] [/data/data/com.rfoxwbz.wqfxjmln/shared_prefs/com.rfoxwbz.wqfxjmln_preferences.xml]
D/S4URC   ( 3683): [SDK] [java.io.File] [exists] [FilePath][String] [/data/data/com.rfoxwbz.wqfxjmln/shared_prefs/com.rfoxwbz.wqfxjmln_preferences.xml.bak]
D/S4URC   ( 3683): [SDK] [java.io.File] [renameTo] [FilePath][String] [/data/data/com.rfoxwbz.wqfxjmln/shared_prefs/com.rfoxwbz.wqfxjmln_preferences.xml] [DesFile][/data/data/com.rfoxwbz.wqfxjmln/shared_prefs/com.rfoxwbz.wqfxjmln_preferences.xml.bak]
D/S4URC   ( 3683): [SDK] [java.io.File] [getPath] [FilePath][String] [/data/data/com.rfoxwbz.wqfxjmln/shared_prefs/com.rfoxwbz.wqfxjmln_preferences.xml]
D/S4URC   ( 3683): [SDK] [java.io.File] [delete] [FilePath][String] [/data/data/com.rfoxwbz.wqfxjmln/shared_prefs/com.rfoxwbz.wqfxjmln_preferences.xml.bak]
D/S4URC   ( 3683): [SDK] [android.content.ContextWrapper][getSharedPreferences] [File][com.rfoxwbz.wqfxjmln_preferences.xml] [MODE][MODE_PRIVATE] [Method][commit]
D/S4URC   ( 3683): [SDK] [java.io.File] [getPath] [FilePath][String] [/data/data/com.rfoxwbz.wqfxjmln/shared_prefs/com.rfoxwbz.wqfxjmln_preferences.xml]
D/S4URC   ( 3683): [SDK] [android.content.ContextWrapper][getSharedPreferences] [File][com.rfoxwbz.wqfxjmln_preferences.xml] [MODE][MODE_PRIVATE]
D/S4URC   ( 3683): [SDK] [javax.crypto.spec.PBEKeySpec][Constructor] [Password][com.rfoxwbz.wqfxjmln] [Salt][unknown]
D/S4URC   ( 3683): [SDK] [android.content.ContextWrapper][getSharedPreferences] [File][com.rfoxwbz.wqfxjmln_preferences.xml] [MODE][MODE_PRIVATE] [Method][getString] [String][v6lEGY4eUtjMxVQ8S7AfHUnJdh/d1JxlnspC8MmP/eU=] [Return][TaK5nlYIJOiKogsemAgGVQ==:LTwYCmz9pXcP/qu+eeTAQARzV7vfcUUiBwiC9lM8lDU=]
D/S4URC   ( 3683): [SDK] [android.content.ContextWrapper][getSharedPreferences] [File][com.rfoxwbz.wqfxjmln_preferences.xml] [MODE][MODE_PRIVATE] [Method][getString] [String][KTG81sSjZqvKo7LXRs0+R1OcEkazrNv6w297XBpYnVs=] [Return][c0ePpavm4ZhBIQdeFwBqQQ==:L0xr3I3cUqs2rfD9Xn1Km5buQef+Gim/4aT5q3zyFbY=:B9HYhwKZr1q9XY+FBoDE9A==]
D/S4URC   ( 3683): [SDK] [javax.crypto.spec.SecretKeySpec][Constructor] [KEY][LTwYCmz9pXcP/qu+eeTAQARzV7vfcUUiBwiC9lM8lDU=][type][HmacSHA256][javax.crypto.Cipher][getInstance] [Cipher][AES/CBC/PKCS5Padding] [javax.crypto.spec.IvParameterSpec][Constructor] [IV][c0ePpavm4ZhBIQdeFwBqQQ==] [javax.crypto.Cipher][doFinal] [Data][B9HYhwKZr1q9XY+FBoDE9A==] [Return][-1]
D/S4URC   ( 3683): [SDK] [java.io.File] [getPath] [FilePath][String] [/data/data/com.rfoxwbz.wqfxjmln/shared_prefs/com.rfoxwbz.wqfxjmln_preferences.xml]
D/S4URC   ( 3683): [SDK] [android.content.ContextWrapper][getSharedPreferences] [File][com.rfoxwbz.wqfxjmln_preferences.xml] [MODE][MODE_PRIVATE]
D/S4URC   ( 3683): [SDK] [javax.crypto.spec.PBEKeySpec][Constructor] [Password][com.rfoxwbz.wqfxjmln] [Salt][unknown]
D/S4URC   ( 3576): [SDK] [java.io.File] [Constructor] [FilePath][String] [/data/data/com.rfoxwbz.wqfxjmln/files/Mint-lastsavedfile]
D/S4URC   ( 3576): [SDK] [java.io.File] [getPath] [FilePath][String] [/data/data/com.rfoxwbz.wqfxjmln/files/Mint-lastsavedfile]
D/S4URC   ( 3576): [NDK] [SYSCALL] [open] [PATH][string] [/data/data/com.rfoxwbz.wqfxjmln/files/Mint-lastsavedfile] [RETURN][int] [21]
D/S4URC   ( 3576): [SDK] [java.io.File] [Constructor] [FilePath][String] [/data/data/com.rfoxwbz.wqfxjmln/files/MintSavedData-1-1536805924298.json]
D/S4URC   ( 3576): [NDK] [SYSCALL] [stat] [PATH][string] [/data/data/com.rfoxwbz.wqfxjmln/files/MintSavedData-1-1536805924298.json]
D/S4URC   ( 3576): [SDK] [java.io.File] [exists] [FilePath][String] [/data/data/com.rfoxwbz.wqfxjmln/files/MintSavedData-1-1536805924298.json]
D/S4URC   ( 3576): [NDK] [SYSCALL] [access] [PATH][string] [/data/data/com.rfoxwbz.wqfxjmln/files/MintSavedData-1-1536805924298.json]
D/S4URC   ( 3576): [SDK] [java.io.File] [getPath] [FilePath][String] [/data/data/com.rfoxwbz.wqfxjmln/files/MintSavedData-1-1536805924298.json]
D/S4URC   ( 3576): [NDK] [SYSCALL] [open] [PATH][string] [/data/data/com.rfoxwbz.wqfxjmln/files/MintSavedData-1-1536805924298.json] [RETURN][int] [21]
D/S4URC   ( 3576): [SDK] [java.io.File] [getName] [FilePath][String] [/data/data/com.rfoxwbz.wqfxjmln/files/MintSavedData-1-1536805924298.json]
D/S4URC   ( 3576): [SDK] [java.io.File] [Constructor] [FilePath][String] [/data/data/com.rfoxwbz.wqfxjmln/files/Mint-lastsavedfile]
D/S4URC   ( 3576): [SDK] [java.io.File] [exists] [FilePath][String] [/data/data/com.rfoxwbz.wqfxjmln/files/Mint-lastsavedfile]
D/S4URC   ( 3576): [NDK] [SYSCALL] [access] [PATH][string] [/data/data/com.rfoxwbz.wqfxjmln/files/Mint-lastsavedfile]
D/S4URC   ( 3576): [SDK] [java.io.File] [getPath] [FilePath][String] [/data/data/com.rfoxwbz.wqfxjmln/files/Mint-lastsavedfile]
D/S4URC   ( 3576): [NDK] [SYSCALL] [open] [PATH][string] [/data/data/com.rfoxwbz.wqfxjmln/files/Mint-lastsavedfile] [RETURN][int] [18]
D/S4URC   ( 3576): [SDK] [java.io.File] [Constructor] [FilePath][String] [/system/app/Superuser.apk]
D/S4URC   ( 3576): [SDK] [java.io.File] [exists] [FilePath][String] [/system/app/Superuser.apk]
D/S4URC   ( 3576): [NDK] [SYSCALL] [access] [PATH][string] [/system/app/Superuser.apk]
D/S4URC   ( 3576): [SDK] [java.lang.Runtime] [exec] [Command][String] [/system/xbin/whichsu]
D/S4URC   ( 4035): [NDK] [SYSCALL] [getdents] [PATH][string] [.]
D/S4URC   ( 3576): [SDK] [android.telephony.TelephonyManager] [getLine1Number]
D/S4URC   ( 3576): [SDK] [android.telephony.TelephonyManager] [getSubscriberId]
D/S4URC   ( 3576): [SDK] [android.content.ContextWrapper][getSharedPreferences] [File][Preferences.xml] [MODE][MODE_PRIVATE] [Method][getString] [String][mobile] [Return][null]
D/S4URC   ( 3576): [SDK] [android.content.ContextWrapper][getSharedPreferences] [File][Preferences.xml] [MODE][MODE_PRIVATE] [Method][getString] [String][agent] [Return][Dalvik/2.1.0 (Linux; U; Android 5.1.1; galaxys5 Build/LMY49J)]
D/S4URC   ( 3683): [SDK] [android.content.ContextWrapper][getSharedPreferences] [File][com.rfoxwbz.wqfxjmln_preferences.xml] [MODE][MODE_PRIVATE] [Method][getString] [String][v6lEGY4eUtjMxVQ8S7AfHUnJdh/d1JxlnspC8MmP/eU=] [Return][TaK5nlYIJOiKogsemAgGVQ==:LTwYCmz9pXcP/qu+eeTAQARzV7vfcUUiBwiC9lM8lDU=]
D/S4URC   ( 3683): [SDK] [javax.crypto.spec.SecretKeySpec][Constructor] [KEY][LTwYCmz9pXcP/qu+eeTAQARzV7vfcUUiBwiC9lM8lDU=][type][HmacSHA256][javax.crypto.Cipher][getInstance] [Cipher][AES/CBC/PKCS5Padding] [javax.crypto.spec.IvParameterSpec][Constructor] [IV][3zvvGNE+A61hXOp+R5j6yQ==] [javax.crypto.Cipher][doFinal] [Data][0] [Return][p8IJVX+VYEd+EAtILn92Cg==]
D/S4URC   ( 3683): [SDK] [android.content.ContextWrapper][getSharedPreferences] [File][com.rfoxwbz.wqfxjmln_preferences.xml] [MODE][MODE_PRIVATE] [Method][putString] [Key][KTG81sSjZqvKo7LXRs0+R1OcEkazrNv6w297XBpYnVs=] [Value][3zvvGNE+A61hXOp+R5j6yQ==:zrGK8Wp2zU4xy8XKnW+lDp3mbfxWB6os3bbS2BFA1sU=:p8IJVX+VYEd+EAtILn92Cg==]
D/S4URC   ( 3683): [SDK] [java.io.File] [exists] [FilePath][String] [/data/data/com.rfoxwbz.wqfxjmln/shared_prefs/com.rfoxwbz.wqfxjmln_preferences.xml]
D/S4URC   ( 3683): [SDK] [java.io.File] [exists] [FilePath][String] [/data/data/com.rfoxwbz.wqfxjmln/shared_prefs/com.rfoxwbz.wqfxjmln_preferences.xml.bak]
D/S4URC   ( 3683): [SDK] [java.io.File] [renameTo] [FilePath][String] [/data/data/com.rfoxwbz.wqfxjmln/shared_prefs/com.rfoxwbz.wqfxjmln_preferences.xml] [DesFile][/data/data/com.rfoxwbz.wqfxjmln/shared_prefs/com.rfoxwbz.wqfxjmln_preferences.xml.bak]
D/S4URC   ( 3683): [SDK] [java.io.File] [getPath] [FilePath][String] [/data/data/com.rfoxwbz.wqfxjmln/shared_prefs/com.rfoxwbz.wqfxjmln_preferences.xml]
D/S4URC   ( 3683): [SDK] [java.io.File] [delete] [FilePath][String] [/data/data/com.rfoxwbz.wqfxjmln/shared_prefs/com.rfoxwbz.wqfxjmln_preferences.xml.bak]
D/S4URC   ( 3683): [SDK] [android.content.ContextWrapper][getSharedPreferences] [File][com.rfoxwbz.wqfxjmln_preferences.xml] [MODE][MODE_PRIVATE] [Method][commit]
D/S4URC   ( 3683): [SDK] [java.io.File] [getPath] [FilePath][String] [/data/data/com.rfoxwbz.wqfxjmln/shared_prefs/com.rfoxwbz.wqfxjmln_preferences.xml]
D/S4URC   ( 3683): [SDK] [android.content.ContextWrapper][getSharedPreferences] [File][com.rfoxwbz.wqfxjmln_preferences.xml] [MODE][MODE_PRIVATE]
D/S4URC   ( 3683): [SDK] [javax.crypto.spec.PBEKeySpec][Constructor] [Password][com.rfoxwbz.wqfxjmln] [Salt][unknown]
D/S4URC   ( 3683): [SDK] [android.content.ContextWrapper][getSharedPreferences] [File][com.rfoxwbz.wqfxjmln_preferences.xml] [MODE][MODE_PRIVATE] [Method][getString] [String][v6lEGY4eUtjMxVQ8S7AfHUnJdh/d1JxlnspC8MmP/eU=] [Return][TaK5nlYIJOiKogsemAgGVQ==:LTwYCmz9pXcP/qu+eeTAQARzV7vfcUUiBwiC9lM8lDU=]
D/S4URC   ( 3683): [SDK] [android.content.ContextWrapper][getSharedPreferences] [File][com.rfoxwbz.wqfxjmln_preferences.xml] [MODE][MODE_PRIVATE] [Method][getString] [String][8v+DhgpNwgOYjtGiK6HyEjfwSr29DEyVEQPPvtEh3ng=] [Return][AiDEQIPJRsLAML4pHQYpYw==:swMPazFgnvY5TGMb0G41t8NYhw4C8Hc0KenCuzXR+rA=:L6om18QojczicK8sleZxWA==]
D/S4URC   ( 3683): [SDK] [javax.crypto.spec.SecretKeySpec][Constructor] [KEY][LTwYCmz9pXcP/qu+eeTAQARzV7vfcUUiBwiC9lM8lDU=][type][HmacSHA256][javax.crypto.Cipher][getInstance] [Cipher][AES/CBC/PKCS5Padding] [javax.crypto.spec.IvParameterSpec][Constructor] [IV][AiDEQIPJRsLAML4pHQYpYw==] [javax.crypto.Cipher][doFinal] [Data][L6om18QojczicK8sleZxWA==] [Return][mobproxy7.com]
D/S4URC   ( 3576): [SDK] [java.lang.Class] [forName] [FindClass][String] [java.net.PlainSocketImpl]
D/S4URC   ( 3576): [NDK] [SYSCALL] [socket] [TYPE][string] [TCP]
D/S4URC   ( 3683): [SDK] [java.io.File] [getPath] [FilePath][String] [/data/data/com.rfoxwbz.wqfxjmln/shared_prefs/com.rfoxwbz.wqfxjmln_preferences.xml]
D/S4URC   ( 3683): [SDK] [android.content.ContextWrapper][getSharedPreferences] [File][com.rfoxwbz.wqfxjmln_preferences.xml] [MODE][MODE_PRIVATE]
D/S4URC   ( 3683): [SDK] [javax.crypto.spec.PBEKeySpec][Constructor] [Password][com.rfoxwbz.wqfxjmln] [Salt][unknown]
D/S4URC   ( 3576): [SDK] [java.io.File] [Constructor] [FilePath][String] [/data/data/com.rfoxwbz.wqfxjmln/files/Mint-lastsavedfile]
D/S4URC   ( 3576): [SDK] [java.io.File] [getPath] [FilePath][String] [/data/data/com.rfoxwbz.wqfxjmln/files/Mint-lastsavedfile]
D/S4URC   ( 3576): [NDK] [SYSCALL] [open] [PATH][string] [/data/data/com.rfoxwbz.wqfxjmln/files/Mint-lastsavedfile] [RETURN][int] [26]
D/S4URC   ( 3576): [SDK] [java.io.File] [Constructor] [FilePath][String] [/data/data/com.rfoxwbz.wqfxjmln/files/MintSavedData-1-1536805924298.json]
D/S4URC   ( 3576): [NDK] [SYSCALL] [stat] [PATH][string] [/data/data/com.rfoxwbz.wqfxjmln/files/MintSavedData-1-1536805924298.json]
D/S4URC   ( 3576): [SDK] [java.io.File] [exists] [FilePath][String] [/data/data/com.rfoxwbz.wqfxjmln/files/MintSavedData-1-1536805924298.json]
D/S4URC   ( 3576): [NDK] [SYSCALL] [access] [PATH][string] [/data/data/com.rfoxwbz.wqfxjmln/files/MintSavedData-1-1536805924298.json]
D/S4URC   ( 3576): [SDK] [java.io.File] [getPath] [FilePath][String] [/data/data/com.rfoxwbz.wqfxjmln/files/MintSavedData-1-1536805924298.json]
D/S4URC   ( 3576): [NDK] [SYSCALL] [open] [PATH][string] [/data/data/com.rfoxwbz.wqfxjmln/files/MintSavedData-1-1536805924298.json] [RETURN][int] [26]
D/S4URC   ( 3576): [SDK] [java.io.File] [getName] [FilePath][String] [/data/data/com.rfoxwbz.wqfxjmln/files/MintSavedData-1-1536805924298.json]
D/S4URC   ( 3576): [SDK] [java.io.File] [Constructor] [FilePath][String] [/data/data/com.rfoxwbz.wqfxjmln/files/Mint-lastsavedfile]
D/S4URC   ( 3576): [SDK] [java.io.File] [exists] [FilePath][String] [/data/data/com.rfoxwbz.wqfxjmln/files/Mint-lastsavedfile]
D/S4URC   ( 3576): [NDK] [SYSCALL] [access] [PATH][string] [/data/data/com.rfoxwbz.wqfxjmln/files/Mint-lastsavedfile]
D/S4URC   ( 3576): [SDK] [java.io.File] [getPath] [FilePath][String] [/data/data/com.rfoxwbz.wqfxjmln/files/Mint-lastsavedfile]
D/S4URC   ( 3576): [NDK] [SYSCALL] [open] [PATH][string] [/data/data/com.rfoxwbz.wqfxjmln/files/Mint-lastsavedfile] [RETURN][int] [18]
D/S4URC   ( 3683): [SDK] [android.content.ContextWrapper][getSharedPreferences] [File][com.rfoxwbz.wqfxjmln_preferences.xml] [MODE][MODE_PRIVATE] [Method][getString] [String][v6lEGY4eUtjMxVQ8S7AfHUnJdh/d1JxlnspC8MmP/eU=] [Return][TaK5nlYIJOiKogsemAgGVQ==:LTwYCmz9pXcP/qu+eeTAQARzV7vfcUUiBwiC9lM8lDU=]
D/S4URC   ( 3683): [SDK] [android.content.ContextWrapper][getSharedPreferences] [File][com.rfoxwbz.wqfxjmln_preferences.xml] [MODE][MODE_PRIVATE] [Method][getString] [String][RJLlwrHbab/nlP+fp/Rx4lGZTFlUIrCnqrFdHoZub+s=] [Return][null]
D/S4URC   ( 3683): [SDK] [java.io.File] [getPath] [FilePath][String] [/data/data/com.rfoxwbz.wqfxjmln/shared_prefs/com.rfoxwbz.wqfxjmln_preferences.xml]
D/S4URC   ( 3683): [SDK] [android.content.ContextWrapper][getSharedPreferences] [File][com.rfoxwbz.wqfxjmln_preferences.xml] [MODE][MODE_PRIVATE]
D/S4URC   ( 3683): [SDK] [javax.crypto.spec.SecretKeySpec][Constructor] [KEY][LTwYCmz9pXcP/qu+eeTAQARzV7vfcUUiBwiC9lM8lDU=][type][HmacSHA256][javax.crypto.spec.PBEKeySpec][Constructor] [Password][com.rfoxwbz.wqfxjmln] [Salt][unknown]
D/S4URC   ( 3683): [SDK] [android.content.ContextWrapper][getSharedPreferences] [File][com.rfoxwbz.wqfxjmln_preferences.xml] [MODE][MODE_PRIVATE] [Method][getString] [String][v6lEGY4eUtjMxVQ8S7AfHUnJdh/d1JxlnspC8MmP/eU=] [Return][TaK5nlYIJOiKogsemAgGVQ==:LTwYCmz9pXcP/qu+eeTAQARzV7vfcUUiBwiC9lM8lDU=]
D/S4URC   ( 3683): [SDK] [android.content.ContextWrapper][getSharedPreferences] [File][com.rfoxwbz.wqfxjmln_preferences.xml] [MODE][MODE_PRIVATE] [Method][getString] [String][8v+DhgpNwgOYjtGiK6HyEjfwSr29DEyVEQPPvtEh3ng=] [Return][AiDEQIPJRsLAML4pHQYpYw==:swMPazFgnvY5TGMb0G41t8NYhw4C8Hc0KenCuzXR+rA=:L6om18QojczicK8sleZxWA==]
D/S4URC   ( 3683): [SDK] [javax.crypto.spec.SecretKeySpec][Constructor] [KEY][LTwYCmz9pXcP/qu+eeTAQARzV7vfcUUiBwiC9lM8lDU=][type][HmacSHA256][javax.crypto.Cipher][getInstance] [Cipher][AES/CBC/PKCS5Padding] [javax.crypto.spec.IvParameterSpec][Constructor] [IV][AiDEQIPJRsLAML4pHQYpYw==] [javax.crypto.Cipher][doFinal] [Data][L6om18QojczicK8sleZxWA==] [Return][mobproxy7.com]
D/S4URC   ( 3683): [SDK] [java.net] [HttpURLConnection] [URL][String] [http://mobproxy7.com:1010/speedtest/download?size=153600]
D/S4URC   ( 3683): [SDK] [java.io.File] [getPath] [FilePath][String] [/data/data/com.rfoxwbz.wqfxjmln/shared_prefs/com.rfoxwbz.wqfxjmln_preferences.xml]
D/S4URC   ( 3683): [SDK] [android.content.ContextWrapper][getSharedPreferences] [File][com.rfoxwbz.wqfxjmln_preferences.xml] [MODE][MODE_PRIVATE]
D/S4URC   ( 3683): [SDK] [javax.crypto.spec.PBEKeySpec][Constructor] [Password][com.rfoxwbz.wqfxjmln] [Salt][unknown]
D/S4URC   ( 3683): [SDK] [android.content.ContextWrapper][getSharedPreferences] [File][com.rfoxwbz.wqfxjmln_preferences.xml] [MODE][MODE_PRIVATE] [Method][getString] [String][v6lEGY4eUtjMxVQ8S7AfHUnJdh/d1JxlnspC8MmP/eU=] [Return][TaK5nlYIJOiKogsemAgGVQ==:LTwYCmz9pXcP/qu+eeTAQARzV7vfcUUiBwiC9lM8lDU=]
D/S4URC   ( 3683): [SDK] [android.content.ContextWrapper][getSharedPreferences] [File][com.rfoxwbz.wqfxjmln_preferences.xml] [MODE][MODE_PRIVATE] [Method][getString] [String][8v+DhgpNwgOYjtGiK6HyEjfwSr29DEyVEQPPvtEh3ng=] [Return][AiDEQIPJRsLAML4pHQYpYw==:swMPazFgnvY5TGMb0G41t8NYhw4C8Hc0KenCuzXR+rA=:L6om18QojczicK8sleZxWA==]
D/S4URC   ( 3683): [SDK] [javax.crypto.spec.SecretKeySpec][Constructor] [KEY][LTwYCmz9pXcP/qu+eeTAQARzV7vfcUUiBwiC9lM8lDU=][type][HmacSHA256][javax.crypto.Cipher][getInstance] [Cipher][AES/CBC/PKCS5Padding] [javax.crypto.spec.IvParameterSpec][Constructor] [IV][AiDEQIPJRsLAML4pHQYpYw==] [javax.crypto.Cipher][doFinal] [Data][L6om18QojczicK8sleZxWA==] [Return][mobproxy7.com]
D/S4URC   ( 3683): [SDK] [java.io.File] [getPath] [FilePath][String] [/data/data/com.rfoxwbz.wqfxjmln/shared_prefs/com.rfoxwbz.wqfxjmln_preferences.xml]
D/S4URC   ( 3683): [SDK] [android.content.ContextWrapper][getSharedPreferences] [File][com.rfoxwbz.wqfxjmln_preferences.xml] [MODE][MODE_PRIVATE]
D/S4URC   ( 3683): [SDK] [javax.crypto.spec.PBEKeySpec][Constructor] [Password][com.rfoxwbz.wqfxjmln] [Salt][unknown]
D/S4URC   ( 3683): [SDK] [android.content.ContextWrapper][getSharedPreferences] [File][com.rfoxwbz.wqfxjmln_preferences.xml] [MODE][MODE_PRIVATE] [Method][getString] [String][v6lEGY4eUtjMxVQ8S7AfHUnJdh/d1JxlnspC8MmP/eU=] [Return][TaK5nlYIJOiKogsemAgGVQ==:LTwYCmz9pXcP/qu+eeTAQARzV7vfcUUiBwiC9lM8lDU=]
D/S4URC   ( 3683): [SDK] [javax.crypto.spec.SecretKeySpec][Constructor] [KEY][LTwYCmz9pXcP/qu+eeTAQARzV7vfcUUiBwiC9lM8lDU=][type][HmacSHA256][javax.crypto.Cipher][getInstance] [Cipher][AES/CBC/PKCS5Padding] [javax.crypto.spec.IvParameterSpec][Constructor] [IV][WKnfjaro5LiUIGsnUwjybA==] [javax.crypto.Cipher][doFinal] [Data][mobproxy7.com] [Return][NrUgpOU8lAIIx0zupOMt4w==]
D/S4URC   ( 3683): [SDK] [android.content.ContextWrapper][getSharedPreferences] [File][com.rfoxwbz.wqfxjmln_preferences.xml] [MODE][MODE_PRIVATE] [Method][putString] [Key][8v+DhgpNwgOYjtGiK6HyEjfwSr29DEyVEQPPvtEh3ng=] [Value][WKnfjaro5LiUIGsnUwjybA==:FEkYBIgNqZpwRD+az0EHPN6Yq+g4dYtTTAVEubfGW/g=:NrUgpOU8lAIIx0zupOMt4w==]
D/S4URC   ( 3683): [SDK] [java.io.File] [exists] [FilePath][String] [/data/data/com.rfoxwbz.wqfxjmln/shared_prefs/com.rfoxwbz.wqfxjmln_preferences.xml]
D/S4URC   ( 3683): [SDK] [java.io.File] [exists] [FilePath][String] [/data/data/com.rfoxwbz.wqfxjmln/shared_prefs/com.rfoxwbz.wqfxjmln_preferences.xml.bak]
D/S4URC   ( 3683): [SDK] [java.io.File] [renameTo] [FilePath][String] [/data/data/com.rfoxwbz.wqfxjmln/shared_prefs/com.rfoxwbz.wqfxjmln_preferences.xml] [DesFile][/data/data/com.rfoxwbz.wqfxjmln/shared_prefs/com.rfoxwbz.wqfxjmln_preferences.xml.bak]
D/S4URC   ( 3683): [SDK] [java.io.File] [getPath] [FilePath][String] [/data/data/com.rfoxwbz.wqfxjmln/shared_prefs/com.rfoxwbz.wqfxjmln_preferences.xml]
D/S4URC   ( 3683): [SDK] [java.io.File] [delete] [FilePath][String] [/data/data/com.rfoxwbz.wqfxjmln/shared_prefs/com.rfoxwbz.wqfxjmln_preferences.xml.bak]
D/S4URC   ( 3683): [SDK] [android.content.ContextWrapper][getSharedPreferences] [File][com.rfoxwbz.wqfxjmln_preferences.xml] [MODE][MODE_PRIVATE] [Method][commit]
D/S4URC   ( 3683): [SDK] [java.io.File] [getPath] [FilePath][String] [/data/data/com.rfoxwbz.wqfxjmln/shared_prefs/com.rfoxwbz.wqfxjmln_preferences.xml]
D/S4URC   ( 3683): [SDK] [android.content.ContextWrapper][getSharedPreferences] [File][com.rfoxwbz.wqfxjmln_preferences.xml] [MODE][MODE_PRIVATE]
D/S4URC   ( 3683): [SDK] [javax.crypto.spec.PBEKeySpec][Constructor] [Password][com.rfoxwbz.wqfxjmln] [Salt][unknown]
D/S4URC   ( 3683): [SDK] [android.content.ContextWrapper][getSharedPreferences] [File][com.rfoxwbz.wqfxjmln_preferences.xml] [MODE][MODE_PRIVATE] [Method][getString] [String][v6lEGY4eUtjMxVQ8S7AfHUnJdh/d1JxlnspC8MmP/eU=] [Return][TaK5nlYIJOiKogsemAgGVQ==:LTwYCmz9pXcP/qu+eeTAQARzV7vfcUUiBwiC9lM8lDU=]
D/S4URC   ( 3683): [SDK] [android.content.ContextWrapper][getSharedPreferences] [File][com.rfoxwbz.wqfxjmln_preferences.xml] [MODE][MODE_PRIVATE] [Method][getString] [String][8v+DhgpNwgOYjtGiK6HyEjfwSr29DEyVEQPPvtEh3ng=] [Return][WKnfjaro5LiUIGsnUwjybA==:FEkYBIgNqZpwRD+az0EHPN6Yq+g4dYtTTAVEubfGW/g=:NrUgpOU8lAIIx0zupOMt4w==]
D/S4URC   ( 3683): [SDK] [javax.crypto.spec.SecretKeySpec][Constructor] [KEY][LTwYCmz9pXcP/qu+eeTAQARzV7vfcUUiBwiC9lM8lDU=][type][HmacSHA256][javax.crypto.Cipher][getInstance] [Cipher][AES/CBC/PKCS5Padding] [javax.crypto.spec.IvParameterSpec][Constructor] [IV][WKnfjaro5LiUIGsnUwjybA==] [javax.crypto.Cipher][doFinal] [Data][NrUgpOU8lAIIx0zupOMt4w==] [Return][mobproxy7.com]
D/S4URC   ( 3683): [SDK] [java.io.File] [getPath] [FilePath][String] [/data/data/com.rfoxwbz.wqfxjmln/shared_prefs/com.rfoxwbz.wqfxjmln_preferences.xml]
D/S4URC   ( 3683): [SDK] [android.content.ContextWrapper][getSharedPreferences] [File][com.rfoxwbz.wqfxjmln_preferences.xml] [MODE][MODE_PRIVATE]
D/S4URC   ( 3683): [SDK] [javax.crypto.spec.PBEKeySpec][Constructor] [Password][com.rfoxwbz.wqfxjmln] [Salt][unknown]
