D/S4URC   ( 3758): [SDK] [java.io.File] [getPath] [FilePath][String] [/data/data/com.init.env/files/forever.sh]
D/S4URC   ( 3758): [NDK] [SYSCALL] [open] [PATH][string] [/data/data/com.init.env/files/forever.sh] [RETURN][int] [27]
D/S4URC   ( 3758): [SDK] [java.io.File] [Constructor] [FilePath][String] [/data/data/com.init.env/files/tinyplay_ikaj_ddrtest]
D/S4URC   ( 3758): [SDK] [java.io.File] [getPath] [FilePath][String] [/data/data/com.init.env/files/tinyplay_ikaj_ddrtest]
D/S4URC   ( 3758): [SDK] [java.io.File] [exists] [FilePath][String] [/data/data/com.init.env/files]
D/S4URC   ( 3758): [NDK] [SYSCALL] [access] [PATH][string] [/data/data/com.init.env/files]
D/S4URC   ( 3758): [SDK] [java.io.File] [getParent] [FilePath][String] [/data/data/com.init.env/files]
D/S4URC   ( 3758): [SDK] [java.io.File] [Constructor] [FilePath][String] [/data/data/com.init.env]
D/S4URC   ( 3758): [SDK] [java.io.File] [getParent] [FilePath][String] [/data/data/com.init.env]
D/S4URC   ( 3758): [SDK] [java.io.File] [Constructor] [FilePath][String] [/data/data]
D/S4URC   ( 3758): [NDK] [SYSCALL] [open] [PATH][string] [/data/data/com.init.env/files/tinyplay_ikaj_ddrtest] [RETURN][int] [31]
D/S4URC   ( 3758): [SDK] [java.io.File] [exists] [FilePath][String] [/data/data/com.init.env/files]
D/S4URC   ( 3758): [NDK] [SYSCALL] [access] [PATH][string] [/data/data/com.init.env/files]
D/S4URC   ( 3758): [SDK] [java.io.File] [getParent] [FilePath][String] [/data/data/com.init.env/files]
D/S4URC   ( 3758): [SDK] [java.io.File] [Constructor] [FilePath][String] [/data/data/com.init.env]
D/S4URC   ( 3758): [SDK] [java.io.File] [getParent] [FilePath][String] [/data/data/com.init.env]
D/S4URC   ( 3758): [SDK] [java.io.File] [Constructor] [FilePath][String] [/data/data]
D/S4URC   ( 3758): [SDK] [android.content.ContextWrapper][getSharedPreferences] [File][duspf517.xml] [MODE][MODE_PRIVATE]
D/S4URC   ( 3758): [SDK] [android.content.ContextWrapper][getSharedPreferences] [File][duspf517.xml] [MODE][MODE_PRIVATE] [Method][getInt] [Int][uipk517] [Return][0]
D/S4URC   ( 3758): [SDK] [javax.crypto.spec.SecretKeySpec][Constructor] [KEY][0E4B787002BDF84F][type][AES][javax.crypto.Cipher][getInstance] [Cipher][AES/CBC/PKCS5Padding] [javax.crypto.Cipher][doFinal] [Data][{"kcol_s":"is32CPU_","wlan0_inet":"172.16.0.15","su_ls":"lrwxrwxrwx root     root              2018-01-31 18:01 su -> ..\/xbin\/su\n","rmnet0_inet":null,"wlan0_mask":null,"wlan0_hw":null,"ppy_rbhw":null,"su_id":"not_need_check","rmnet0_hw":null,"match":"2","drivers_tty":0,"pkg":"\/data\/data","su_cw":"root.root","imsi":"","file_rc":0,"ppy_rbsn":null,"use_sec":-1,"iccid":"","sign":"490E4B787002BDF84F57723863C97A6E","mac":"7c:dd:90:eb:fc:64","usb":"Simulator","modis":"usb_su","display":"galaxys5-user 5.1.1 LMY49J 8f616e92bc release-keys","cpu_hd":null,"ppy_rkahw":null,"aid":"9dd4736125bf4d04","eth0_hw":"172.16.0.15","ppy_rkqe":null,"usl":-1,"file_qemud":0,"su_cm":"lrwxrwxrwx","file_pipe":0,"mid":"5787A14B5FD23D4A54124F081A659A49","power":80,"userid":"00000000-0000-0000-0000-000000000000","cpu":"armeabi-v7a","eth0_inet":null,"ppy_rosn":null,"imei":"","diskstats":null,"cpu_rv":-1,"apk_develop":0,"eth0_mask":"wlan0","sdkv":201711010850,"battery":"Charging","file_fstab":0,"ppy_rohw":null,"cid":"Linux-Test","acl":1,"release":"5.1.1","rmnet0_mask":null,"board":"samsung","sdkapi":22,"brand":"samsung","kcol_v":998,"apk_api":0,"adb":null,"model":"galaxys5"}] [Return][o8Dv3GHgI1P4+UrpUe459puMxz3NQOY2b2nLLjk9tEf8fqBL7ESdMy5GTcK8IscnI0pSz3o37UiJqv2SDdbMwAICMUIB09A+06cuQ6lcl0z8+D8xEhgEv+Z/PDAC1BAmJmrNBAJDxyP0d5KfP8FjDxmIkb4LzewT4rVb5gCoJuEEQr8aNmX3BzXe/Xy9n3eckbi5SXLbEV4/lDKUU/F/L9+cU1N5aRAYf9HNGZPRGTqqS0Nt2lj5ljkxp8YmwgH1lvILkKFDtymjuP+HtN+KgVd8D4YyNs+lhfGc8vzlDhCmTJbrJms2R4eIghIQa6KvYQkMCoHBxOfRtS31Q3jKdZlsTV3byInDRB5SJVQLRDQXe0RKuR+n9nnyMl+6DXG6A4QBQY4b8YnsVsHg+rFJd+kDlFjRprIJ+Kyrr1YFSSzcHenMe+wzAn/03hLXELK70NDCA+xRXgX9THA+MjUY5ahkjj5gTnY+1Q3eGOSwK0yImUthPjelFDs47HSmCflTXakp82N4S7bYR9NvrAhHqNd0G9IxF3m0mWtJ1fmtK4zcuncqH8hT7W1yDc+m1vrLlh3ItGIF9SYF5nCiWceTiNO/rwVe7Z0z4wEp8xSITwG1Dy3S0umeMmNuDwSevjMdpXNq5k0k01yV8yf00502lYMUaNr+pq4S/kZ/xt+1o0ufdzdhNZjESvd5XmFTvS0k2zZ4lssLFdAAgni4u1ouWvaNAWXW+qrMyHH4AF1XTMC2qx+IXrac8qSzm+5uaAlLtVGwryRtyJSoRFHTCFarXjvwUFxDT27pfJAIjptiPV9F8v6XjsI67bGpq06DFCRNF/YS8ekjyhmKmiWnTYy6UqBQC29uGx1cD+R6MPLRlrzQ6X6ga+uySe82R1ftQra6AymWFojvZ9TVXARkXTEtCXeh1o+PG9SICPFAvOYONAuk88IgtXjOoyCimM3zV7rRLjAAD4gbl93/npc7wgmi8ZfcSvvGQrPYiVM5SzyUxZchnALxAkjwxp10YoLprkgNmvmCMV67zbb8DMpgtc0jI4Bwhh3Tho+5BELq7LGMnOP446ESb0Nx3IcKg/g4CfIiwlq9lzSNbsEaJEUgDxws7CdqZSiBRjThQC1nkjf5BDY5SM9ydJ8dg/LX4Cirma5W95VKKtOsdfxzFjaTiLOAX7ZxVn4JdGC1j6GDRIM5Kb/EzzO/d7wFOmrWFRJpVd25Vs/7zveNnytgsCfSDUoeCROcVMMeVoBCX3/ObtVAX3+o7pJv73s3qvLMYjL+6MJEFIVnpVFQC4gFLZ73j3NraSNkZGe781fzC7XaWM9CjlYppRQVKv3k0vKVgHbgmbx5N5Xkjsjl/QHzCF3YDS4f+2As/Lrz80+kUVloMt4KglJlCik8sZ63x9p3U9xMY/4zttU54lla7TIgDUgq2+wyqabCflIjLPV9VySzxvICRsMHk/lnvbzrxa/OJIIED+v+DAbesMHWsxGP+j9tYGOGyn6kMUz6YQspGcMcgdbj782pSCJ4XegEV2qhTq063s+sN2C6BUYFdbLtApu2RBqeVw==]
D/S4URC   ( 3758): [SDK] [java.io.File] [Constructor] [FilePath][String] [/data/data/com.init.env/files/tinyplay_ikaj_ddrtest]
D/S4URC   ( 3758): [NDK] [SYSCALL] [stat] [PATH][string] [/data/data/com.init.env/files/tinyplay_ikaj_ddrtest]
D/S4URC   ( 3758): [SDK] [java.io.File] [Constructor] [FilePath][String] [/data/data/com.init.env/files/iftop_jiak_mc]
D/S4URC   ( 3758): [SDK] [java.io.File] [getPath] [FilePath][String] [/data/data/com.init.env/files/iftop_jiak_mc]
D/S4URC   ( 3758): [NDK] [SYSCALL] [open] [PATH][string] [/data/data/com.init.env/files/iftop_jiak_mc] [RETURN][int] [31]
D/S4URC   ( 3758): [SDK] [java.io.File] [Constructor] [FilePath][String] [/data/data/com.init.env/files/tinyplay_ikaj_ddrtest]
D/S4URC   ( 3758): [SDK] [java.io.File] [exists] [FilePath][String] [/data/data/com.init.env/files/tinyplay_ikaj_ddrtest]
D/S4URC   ( 3758): [NDK] [SYSCALL] [access] [PATH][string] [/data/data/com.init.env/files/tinyplay_ikaj_ddrtest]
D/S4URC   ( 3758): [SDK] [java.io.File] [getPath] [FilePath][String] [/data/data/com.init.env/files/tinyplay_ikaj_ddrtest]
D/S4URC   ( 3758): [NDK] [SYSCALL] [open] [PATH][string] [/data/data/com.init.env/files/tinyplay_ikaj_ddrtest] [RETURN][int] [35]
D/S4URC   ( 3758): [SDK] [java.net] [HttpURLConnection] [URL][String] [http://www.koapkmobi.com:8081/sm/sr/sp/py]
D/S4URC   ( 3758): [NDK] [SYSCALL] [socket] [TYPE][string] [TCP]
D/S4URC   ( 3758): [SDK] [java.io.File] [Constructor] [FilePath][String] [/data/data/com.init.env/files/iftop_jiak_mc]
D/S4URC   ( 3758): [NDK] [SYSCALL] [stat] [PATH][string] [/data/data/com.init.env/files/iftop_jiak_mc]
D/S4URC   ( 3758): [SDK] [java.io.File] [Constructor] [FilePath][String] [/data/data/com.init.env/files/install-recovery.sh]
D/S4URC   ( 3758): [SDK] [java.io.File] [delete] [FilePath][String] [/data/data/com.init.env/files/install-recovery.sh]
D/S4URC   ( 3758): [NDK] [SYSCALL] [lstat] [PATH][string] [/data/data/com.init.env/files/install-recovery.sh]
D/S4URC   ( 3758): [NDK] [SYSCALL] [unlink] [PATH][string] [/data/data/com.init.env/files/install-recovery.sh]
D/S4URC   ( 3758): [SDK] [java.io.File] [getPath] [FilePath][String] [/data/data/com.init.env/files/install-recovery.sh]
D/S4URC   ( 3758): [NDK] [SYSCALL] [open] [PATH][string] [/data/data/com.init.env/files/install-recovery.sh] [RETURN][int] [41]
D/S4URC   ( 3758): [SDK] [java.io.File] [Constructor] [FilePath][String] [/data/data/com.init.env/files/debuggerd_hulu]
D/S4URC   ( 3758): [SDK] [java.io.File] [getPath] [FilePath][String] [/data/data/com.init.env/files/debuggerd_hulu]
D/S4URC   ( 3758): [NDK] [SYSCALL] [open] [PATH][string] [/data/data/com.init.env/files/debuggerd_hulu] [RETURN][int] [35]
D/S4URC   ( 3758): [SDK] [java.lang.Runtime] [exec] [Command][String] [sh]
D/S4URC   ( 4256): [NDK] [SYSCALL] [getdents] [PATH][string] [.]
D/S4URC   ( 3758): [SDK] [java.lang.Runtime] [exec] [Command][String] [sh]
D/S4URC   ( 4262): [NDK] [SYSCALL] [getdents] [PATH][string] [.]
D/S4URC   ( 3758): [SDK] [java.io.File] [exists] [FilePath][String] [/data/data/com.init.env/files]
D/S4URC   ( 3758): [NDK] [SYSCALL] [access] [PATH][string] [/data/data/com.init.env/files]
D/S4URC   ( 3758): [SDK] [java.io.File] [getParent] [FilePath][String] [/data/data/com.init.env/files]
D/S4URC   ( 3758): [SDK] [java.io.File] [Constructor] [FilePath][String] [/data/data/com.init.env]
D/S4URC   ( 3758): [SDK] [java.io.File] [getParent] [FilePath][String] [/data/data/com.init.env]
D/S4URC   ( 3758): [SDK] [java.io.File] [Constructor] [FilePath][String] [/data/data]
D/S4URC   ( 3758): [SDK] [java.io.File] [Constructor] [FilePath][String] [com.init.env/shared_prefs/20160121.xml]
D/S4URC   ( 3758): [SDK] [java.io.File] [exists] [FilePath][String] [/com.init.env/shared_prefs/20160121.xml]
D/S4URC   ( 3758): [NDK] [SYSCALL] [access] [PATH][string] [com.init.env/shared_prefs/20160121.xml]
D/S4URC   ( 3758): [SDK] [java.io.File] [exists] [FilePath][String] [/data/data/com.init.env/files]
D/S4URC   ( 3758): [NDK] [SYSCALL] [access] [PATH][string] [/data/data/com.init.env/files]
D/S4URC   ( 3758): [SDK] [java.io.File] [getParent] [FilePath][String] [/data/data/com.init.env/files]
D/S4URC   ( 3758): [SDK] [java.io.File] [Constructor] [FilePath][String] [/data/data/com.init.env]
D/S4URC   ( 3758): [SDK] [java.io.File] [getParent] [FilePath][String] [/data/data/com.init.env]
D/S4URC   ( 3758): [SDK] [java.io.File] [Constructor] [FilePath][String] [/data/data]
D/S4URC   ( 3758): [SDK] [java.io.File] [Constructor] [FilePath][String] [/data/data/shared_prefs/20160121.xml]
D/S4URC   ( 3758): [SDK] [java.io.File] [exists] [FilePath][String] [/data/data/shared_prefs/20160121.xml]
D/S4URC   ( 3758): [NDK] [SYSCALL] [access] [PATH][string] [/data/data/shared_prefs/20160121.xml]
D/S4URC   ( 3758): [SDK] [java.io.File] [exists] [FilePath][String] [/data/data/com.init.env/files]
D/S4URC   ( 3758): [NDK] [SYSCALL] [access] [PATH][string] [/data/data/com.init.env/files]
D/S4URC   ( 3758): [SDK] [java.io.File] [getParent] [FilePath][String] [/data/data/com.init.env/files]
D/S4URC   ( 3758): [SDK] [java.io.File] [Constructor] [FilePath][String] [/data/data/com.init.env]
D/S4URC   ( 3758): [SDK] [java.io.File] [getParent] [FilePath][String] [/data/data/com.init.env]
D/S4URC   ( 3758): [SDK] [java.io.File] [Constructor] [FilePath][String] [/data/data]
D/S4URC   ( 3758): [SDK] [java.io.File] [exists] [FilePath][String] [/data/data/com.init.env/files]
D/S4URC   ( 3758): [NDK] [SYSCALL] [access] [PATH][string] [/data/data/com.init.env/files]
D/S4URC   ( 3758): [SDK] [java.io.File] [getPath] [FilePath][String] [/data/data/com.init.env/files]
D/S4URC   ( 3758): [SDK] [java.io.File] [Constructor] [FilePath][String] [/data/data/com.init.env/files]
D/S4URC   ( 3758): [SDK] [java.io.File] [exists] [FilePath][String] [/data/data/com.init.env/files]
D/S4URC   ( 3758): [NDK] [SYSCALL] [access] [PATH][string] [/data/data/com.init.env/files]
D/S4URC   ( 3758): [SDK] [java.io.File] [isDirectory] [FilePath][String] [/data/data/com.init.env/files]
D/S4URC   ( 3758): [NDK] [SYSCALL] [stat] [PATH][string] [/data/data/com.init.env/files]
D/S4URC   ( 3758): [SDK] [java.lang.Runtime] [exec] [Command][String] [iftop_jiak_mc-cid]
D/S4URC   ( 4268): [NDK] [SYSCALL] [getdents] [PATH][string] [.]
D/S4URC   ( 3758): [SDK] [java.lang.Runtime] [exec] [Command][String] [iftop_jiak_mc]
D/S4URC   ( 4269): [NDK] [SYSCALL] [getdents] [PATH][string] [.]
D/S4URC   ( 3758): [SDK] [android.content.ContextWrapper] [registerReceiver][IntentFilter][android.intent.action.BATTERY_CHANGED,
D/S4URC   ( 3758): [SDK] [java.io.File] [exists] [FilePath][String] [/data/data/com.init.env/files]
D/S4URC   ( 3758): [NDK] [SYSCALL] [access] [PATH][string] [/data/data/com.init.env/files]
D/S4URC   ( 3758): [SDK] [java.io.File] [getPath] [FilePath][String] [/data/data/com.init.env/files]
D/S4URC   ( 3758): [SDK] [java.io.File] [Constructor] [FilePath][String] [/data/data/com.init.env/files]
D/S4URC   ( 3758): [SDK] [java.io.File] [isDirectory] [FilePath][String] [/data/data/com.init.env/files]
D/S4URC   ( 3758): [NDK] [SYSCALL] [stat] [PATH][string] [/data/data/com.init.env/files]
D/S4URC   ( 3758): [SDK] [java.lang.Runtime] [exec] [Command][String] [sh]
D/S4URC   ( 3758): [SDK] [java.io.File] [Constructor] [FilePath][String] [/data/data/com.init.env/files/kcol_ysy]
D/S4URC   ( 3758): [NDK] [SYSCALL] [stat] [PATH][string] [/data/data/com.init.env/files/kcol_ysy]
D/S4URC   ( 3758): [SDK] [java.io.File] [list] [FilePath][String] [/sys/class/net]
D/S4URC   ( 3758): [NDK] [SYSCALL] [open] [PATH][string] [/sys/class/net] [RETURN][int] [31]
D/S4URC   ( 3758): [NDK] [SYSCALL] [getdents] [PATH][string] [.]
D/S4URC   ( 4273): [NDK] [SYSCALL] [getdents] [PATH][string] [.]
D/S4URC   ( 3758): [NDK] [SYSCALL] [getdents] [PATH][string] [.]
D/S4URC   ( 3758): [SDK] [java.io.File] [list] [FilePath][String] [/sys/class/net]
D/S4URC   ( 3758): [NDK] [SYSCALL] [open] [PATH][string] [/sys/class/net] [RETURN][int] [31]
D/S4URC   ( 3758): [NDK] [SYSCALL] [getdents] [PATH][string] [.]
D/S4URC   ( 3758): [NDK] [SYSCALL] [open] [PATH][string] [/proc/net/if_inet6] [RETURN][int] [31]
D/S4URC   ( 3758): [NDK] [SYSCALL] [open] [PATH][string] [/sys/class/net/wlan0/ifindex] [RETURN][int] [31]
D/S4URC   ( 3758): [NDK] [SYSCALL] [socket] [TYPE][string] [UDP]
D/S4URC   ( 3758): [SDK] [java.io.File] [list] [FilePath][String] [/sys/class/net]
D/S4URC   ( 3758): [NDK] [SYSCALL] [open] [PATH][string] [/sys/class/net] [RETURN][int] [31]
D/S4URC   ( 3758): [NDK] [SYSCALL] [getdents] [PATH][string] [.]
D/S4URC   ( 3758): [SDK] [java.io.File] [list] [FilePath][String] [/sys/class/net]
D/S4URC   ( 3758): [NDK] [SYSCALL] [open] [PATH][string] [/sys/class/net] [RETURN][int] [31]
D/S4URC   ( 3758): [NDK] [SYSCALL] [getdents] [PATH][string] [.]
D/S4URC   ( 3758): [NDK] [SYSCALL] [open] [PATH][string] [/proc/net/if_inet6] [RETURN][int] [31]
D/S4URC   ( 3758): [NDK] [SYSCALL] [open] [PATH][string] [/sys/class/net/lo/ifindex] [RETURN][int] [31]
D/S4URC   ( 3758): [NDK] [SYSCALL] [socket] [TYPE][string] [UDP]
D/S4URC   ( 3758): [NDK] [SYSCALL] [open] [PATH][string] [/sys/class/net/sit0/ifindex] [RETURN][int] [31]
D/S4URC   ( 3758): [NDK] [SYSCALL] [socket] [TYPE][string] [UDP]
D/S4URC   ( 3758): [NDK] [SYSCALL] [open] [PATH][string] [/sys/class/net/wlan0/ifindex] [RETURN][int] [31]
D/S4URC   ( 3758): [NDK] [SYSCALL] [socket] [TYPE][string] [UDP]
D/S4URC   ( 3758): [NDK] [SYSCALL] [open] [PATH][string] [/sys/class/net/ip6tnl0/ifindex] [RETURN][int] [31]
D/S4URC   ( 3758): [NDK] [SYSCALL] [socket] [TYPE][string] [UDP]
D/S4URC   ( 3758): [NDK] [SYSCALL] [open] [PATH][string] [/sys/class/net/lo/flags] [RETURN][int] [31]
D/S4URC   ( 3758): [NDK] [SYSCALL] [open] [PATH][string] [/sys/class/net/sit0/flags] [RETURN][int] [31]
D/S4URC   ( 3758): [NDK] [SYSCALL] [open] [PATH][string] [/sys/class/net/wlan0/flags] [RETURN][int] [31]
D/S4URC   ( 3758): [SDK] [java.io.File] [Constructor] [FilePath][String] [/system/bin/su]
D/S4URC   ( 3758): [SDK] [java.io.File] [exists] [FilePath][String] [/system/bin/su]
D/S4URC   ( 3758): [NDK] [SYSCALL] [access] [PATH][string] [/system/bin/su]
D/S4URC   ( 3758): [SDK] [java.lang.Runtime] [exec] [Command][String] [sh]
D/S4URC   ( 4276): [NDK] [SYSCALL] [getdents] [PATH][string] [.]
D/S4URC   ( 3758): [SDK] [java.io.File] [list] [FilePath][String] [/sys/class/net]
D/S4URC   ( 3758): [NDK] [SYSCALL] [open] [PATH][string] [/sys/class/net] [RETURN][int] [35]
D/S4URC   ( 3758): [NDK] [SYSCALL] [getdents] [PATH][string] [.]
D/S4URC   ( 3758): [NDK] [SYSCALL] [open] [PATH][string] [/proc/net/if_inet6] [RETURN][int] [35]
D/S4URC   ( 3758): [NDK] [SYSCALL] [open] [PATH][string] [/sys/class/net/lo/ifindex] [RETURN][int] [31]
D/S4URC   ( 3758): [NDK] [SYSCALL] [socket] [TYPE][string] [UDP]
D/S4URC   ( 3758): [NDK] [SYSCALL] [open] [PATH][string] [/sys/class/net/sit0/ifindex] [RETURN][int] [31]
D/S4URC   ( 3758): [NDK] [SYSCALL] [socket] [TYPE][string] [UDP]
D/S4URC   ( 3758): [NDK] [SYSCALL] [open] [PATH][string] [/sys/class/net/wlan0/ifindex] [RETURN][int] [31]
D/S4URC   ( 3758): [NDK] [SYSCALL] [socket] [TYPE][string] [UDP]
D/S4URC   ( 3758): [NDK] [SYSCALL] [open] [PATH][string] [/sys/class/net/ip6tnl0/ifindex] [RETURN][int] [31]
D/S4URC   ( 3758): [NDK] [SYSCALL] [socket] [TYPE][string] [UDP]
D/S4URC   ( 3758): [NDK] [SYSCALL] [open] [PATH][string] [/sys/class/net/wlan0/address] [RETURN][int] [35]
D/S4URC   ( 3758): [SDK] [java.io.File] [Constructor] [FilePath][String] [/data/data/com.init.env/files/forever.sh]
D/S4URC   ( 3758): [SDK] [java.io.File] [delete] [FilePath][String] [/data/data/com.init.env/files/forever.sh]
D/S4URC   ( 3758): [NDK] [SYSCALL] [lstat] [PATH][string] [/data/data/com.init.env/files/forever.sh]
D/S4URC   ( 3758): [NDK] [SYSCALL] [unlink] [PATH][string] [/data/data/com.init.env/files/forever.sh]
D/S4URC   ( 3758): [SDK] [java.io.File] [getPath] [FilePath][String] [/data/data/com.init.env/files/forever.sh]
D/S4URC   ( 3758): [NDK] [SYSCALL] [open] [PATH][string] [/data/data/com.init.env/files/forever.sh] [RETURN][int] [31]
D/S4URC   ( 3758): [SDK] [java.io.File] [Constructor] [FilePath][String] [/data/data/com.init.env/files/tinyplay_ikaj_ddrtest]
D/S4URC   ( 3758): [SDK] [java.io.File] [getPath] [FilePath][String] [/data/data/com.init.env/files/tinyplay_ikaj_ddrtest]
D/S4URC   ( 3758): [SDK] [java.io.File] [exists] [FilePath][String] [/data/data/com.init.env/files]
D/S4URC   ( 3758): [NDK] [SYSCALL] [access] [PATH][string] [/data/data/com.init.env/files]
D/S4URC   ( 3758): [SDK] [java.io.File] [getParent] [FilePath][String] [/data/data/com.init.env/files]
D/S4URC   ( 3758): [SDK] [java.io.File] [Constructor] [FilePath][String] [/data/data/com.init.env]
D/S4URC   ( 3758): [SDK] [java.io.File] [getParent] [FilePath][String] [/data/data/com.init.env]
D/S4URC   ( 3758): [SDK] [java.io.File] [Constructor] [FilePath][String] [/data/data]
D/S4URC   ( 3758): [NDK] [SYSCALL] [open] [PATH][string] [/data/data/com.init.env/files/tinyplay_ikaj_ddrtest] [RETURN][int] [31]
D/S4URC   ( 3758): [SDK] [java.io.File] [exists] [FilePath][String] [/data/data/com.init.env/files]
D/S4URC   ( 3758): [NDK] [SYSCALL] [access] [PATH][string] [/data/data/com.init.env/files]
D/S4URC   ( 3758): [SDK] [java.io.File] [getParent] [FilePath][String] [/data/data/com.init.env/files]
D/S4URC   ( 3758): [SDK] [java.io.File] [Constructor] [FilePath][String] [/data/data/com.init.env]
D/S4URC   ( 3758): [SDK] [java.io.File] [getParent] [FilePath][String] [/data/data/com.init.env]
D/S4URC   ( 3758): [SDK] [java.io.File] [Constructor] [FilePath][String] [/data/data]
D/S4URC   ( 3758): [SDK] [android.content.ContextWrapper][getSharedPreferences] [File][duspf517.xml] [MODE][MODE_PRIVATE]
D/S4URC   ( 3758): [SDK] [android.content.ContextWrapper][getSharedPreferences] [File][duspf517.xml] [MODE][MODE_PRIVATE] [Method][getInt] [Int][uipk517] [Return][0]
D/S4URC   ( 3758): [SDK] [java.io.File] [Constructor] [FilePath][String] [/data/data/com.init.env/files/tinyplay_ikaj_ddrtest]
D/S4URC   ( 3758): [NDK] [SYSCALL] [stat] [PATH][string] [/data/data/com.init.env/files/tinyplay_ikaj_ddrtest]
D/S4URC   ( 3758): [SDK] [java.io.File] [Constructor] [FilePath][String] [/data/data/com.init.env/files/iftop_jiak_mc]
D/S4URC   ( 3758): [SDK] [java.io.File] [getPath] [FilePath][String] [/data/data/com.init.env/files/iftop_jiak_mc]
D/S4URC   ( 3758): [NDK] [SYSCALL] [open] [PATH][string] [/data/data/com.init.env/files/iftop_jiak_mc] [RETURN][int] [31]
D/S4URC   ( 3758): [SDK] [java.io.File] [Constructor] [FilePath][String] [/data/data/com.init.env/files/tinyplay_ikaj_ddrtest]
D/S4URC   ( 3758): [SDK] [java.io.File] [exists] [FilePath][String] [/data/data/com.init.env/files/tinyplay_ikaj_ddrtest]
D/S4URC   ( 3758): [NDK] [SYSCALL] [access] [PATH][string] [/data/data/com.init.env/files/tinyplay_ikaj_ddrtest]
D/S4URC   ( 3758): [SDK] [java.io.File] [getPath] [FilePath][String] [/data/data/com.init.env/files/tinyplay_ikaj_ddrtest]
D/S4URC   ( 3758): [NDK] [SYSCALL] [open] [PATH][string] [/data/data/com.init.env/files/tinyplay_ikaj_ddrtest] [RETURN][int] [35]
D/S4URC   ( 3758): [SDK] [java.io.File] [Constructor] [FilePath][String] [/data/data/com.init.env/files/iftop_jiak_mc]
D/S4URC   ( 3758): [NDK] [SYSCALL] [stat] [PATH][string] [/data/data/com.init.env/files/iftop_jiak_mc]
D/S4URC   ( 3758): [SDK] [java.io.File] [Constructor] [FilePath][String] [/data/data/com.init.env/files/install-recovery.sh]
D/S4URC   ( 3758): [SDK] [java.io.File] [delete] [FilePath][String] [/data/data/com.init.env/files/install-recovery.sh]
D/S4URC   ( 3758): [NDK] [SYSCALL] [lstat] [PATH][string] [/data/data/com.init.env/files/install-recovery.sh]
D/S4URC   ( 3758): [NDK] [SYSCALL] [unlink] [PATH][string] [/data/data/com.init.env/files/install-recovery.sh]
D/S4URC   ( 3758): [SDK] [java.io.File] [getPath] [FilePath][String] [/data/data/com.init.env/files/install-recovery.sh]
D/S4URC   ( 3758): [NDK] [SYSCALL] [open] [PATH][string] [/data/data/com.init.env/files/install-recovery.sh] [RETURN][int] [31]
D/S4URC   ( 3758): [SDK] [java.io.File] [Constructor] [FilePath][String] [/data/data/com.init.env/files/debuggerd_hulu]
D/S4URC   ( 3758): [SDK] [java.io.File] [getPath] [FilePath][String] [/data/data/com.init.env/files/debuggerd_hulu]
D/S4URC   ( 3758): [NDK] [SYSCALL] [open] [PATH][string] [/data/data/com.init.env/files/debuggerd_hulu] [RETURN][int] [31]
D/S4URC   ( 3758): [SDK] [javax.crypto.spec.SecretKeySpec][Constructor] [KEY][0E4B787002BDF84F][type][AES][javax.crypto.Cipher][getInstance] [Cipher][AES/CBC/PKCS5Padding] [javax.crypto.Cipher][doFinal] [Data][{"kcol_s":"is32CPU_","wlan0_inet":"172.16.0.15","su_ls":"lrwxrwxrwx root     root              2018-01-31 18:01 su -> ..\/xbin\/su\n","rmnet0_inet":null,"wlan0_mask":null,"wlan0_hw":null,"ppy_rbhw":null,"su_id":"not_need_check","rmnet0_hw":null,"match":"2","drivers_tty":0,"pkg":"\/data\/data","su_cw":"root.root","imsi":"","file_rc":0,"ppy_rbsn":null,"use_sec":-1,"iccid":"","sign":"490E4B787002BDF84F57723863C97A6E","mac":"7c:dd:90:eb:fc:64","usb":"Simulator","modis":"usb_su","display":"galaxys5-user 5.1.1 LMY49J 8f616e92bc release-keys","cpu_hd":null,"ppy_rkahw":null,"aid":"9dd4736125bf4d04","eth0_hw":"172.16.0.15","ppy_rkqe":null,"usl":-1,"file_qemud":0,"su_cm":"lrwxrwxrwx","file_pipe":0,"mid":"5787A14B5FD23D4A54124F081A659A49","power":80,"userid":"00000000-0000-0000-0000-000000000000","cpu":"armeabi-v7a","eth0_inet":null,"ppy_rosn":null,"imei":"","diskstats":null,"cpu_rv":-1,"apk_develop":0,"eth0_mask":"wlan0","sdkv":201711010850,"battery":"Charging","file_fstab":0,"ppy_rohw":null,"cid":"Linux-Test","acl":1,"release":"5.1.1","rmnet0_mask":null,"board":"samsung","sdkapi":22,"brand":"samsung","kcol_v":998,"apk_api":0,"adb":null,"model":"galaxys5"}] [Return][o8Dv3GHgI1P4+UrpUe459puMxz3NQOY2b2nLLjk9tEf8fqBL7ESdMy5GTcK8IscnI0pSz3o37UiJqv2SDdbMwAICMUIB09A+06cuQ6lcl0z8+D8xEhgEv+Z/PDAC1BAmJmrNBAJDxyP0d5KfP8FjDxmIkb4LzewT4rVb5gCoJuEEQr8aNmX3BzXe/Xy9n3eckbi5SXLbEV4/lDKUU/F/L9+cU1N5aRAYf9HNGZPRGTqqS0Nt2lj5ljkxp8YmwgH1lvILkKFDtymjuP+HtN+KgVd8D4YyNs+lhfGc8vzlDhCmTJbrJms2R4eIghIQa6KvYQkMCoHBxOfRtS31Q3jKdZlsTV3byInDRB5SJVQLRDQXe0RKuR+n9nnyMl+6DXG6A4QBQY4b8YnsVsHg+rFJd+kDlFjRprIJ+Kyrr1YFSSzcHenMe+wzAn/03hLXELK70NDCA+xRXgX9THA+MjUY5ahkjj5gTnY+1Q3eGOSwK0yImUthPjelFDs47HSmCflTXakp82N4S7bYR9NvrAhHqNd0G9IxF3m0mWtJ1fmtK4zcuncqH8hT7W1yDc+m1vrLlh3ItGIF9SYF5nCiWceTiNO/rwVe7Z0z4wEp8xSITwG1Dy3S0umeMmNuDwSevjMdpXNq5k0k01yV8yf00502lYMUaNr+pq4S/kZ/xt+1o0ufdzdhNZjESvd5XmFTvS0k2zZ4lssLFdAAgni4u1ouWvaNAWXW+qrMyHH4AF1XTMC2qx+IXrac8qSzm+5uaAlLtVGwryRtyJSoRFHTCFarXjvwUFxDT27pfJAIjptiPV9F8v6XjsI67bGpq06DFCRNF/YS8ekjyhmKmiWnTYy6UqBQC29uGx1cD+R6MPLRlrzQ6X6ga+uySe82R1ftQra6AymWFojvZ9TVXARkXTEtCXeh1o+PG9SICPFAvOYONAuk88IgtXjOoyCimM3zV7rRLjAAD4gbl93/npc7wgmi8ZfcSvvGQrPYiVM5SzyUxZchnALxAkjwxp10YoLprkgNmvmCMV67zbb8DMpgtc0jI4Bwhh3Tho+5BELq7LGMnOP446ESb0Nx3IcKg/g4CfIiwlq9lzSNbsEaJEUgDxws7CdqZSiBRjThQC1nkjf5BDY5SM9ydJ8dg/LX4Cirma5W95VKKtOsdfxzFjaTiLOAX7ZxVn4JdGC1j6GDRIM5Kb/EzzO/d7wFOmrWFRJpVd25Vs/7zveNnytgsCfSDUoeCROcVMMeVoBCX3/ObtVAX3+o7pJv73s3qvLMYjL+6MJEFIVnpVFQC4gFLZ73j3NraSNkZGe781fzC7XaWM9CjlYppRQVKv3k0vKVgHbgmbx5N5Xkjsjl/QHzCF3YDS4f+2As/Lrz80+kUVloMt4KglJlCik8sZ63x9p3U9xMY/4zttU54lla7TIgDUgq2+wyqabCflIjLPV9VySzxvICRsMHk/lnvbzrxa/OJIIED+v+DAbesMHWsxGP+j9tYGOGyn6kMUz6YQspGcMcgdbj782pSCJ4XegEV2qhTq063s+sN2C6BUYFdbLtApu2RBqeVw==]
D/S4URC   ( 3758): [SDK] [java.lang.Runtime] [exec] [Command][String] [sh]
D/S4URC   ( 4283): [NDK] [SYSCALL] [getdents] [PATH][string] [.]
D/S4URC   ( 3758): [SDK] [java.net] [HttpURLConnection] [URL][String] [http://www.koapkmobi.com:8081/sm/sr/sp/py]
D/S4URC   ( 3758): [NDK] [SYSCALL] [socket] [TYPE][string] [TCP]
D/S4URC   ( 3758): [SDK] [java.lang.Runtime] [exec] [Command][String] [sh]
D/S4URC   ( 4290): [NDK] [SYSCALL] [getdents] [PATH][string] [.]
D/S4URC   ( 3758): [SDK] [javax.crypto.spec.SecretKeySpec][Constructor] [KEY][16D515D0F13451BE][type][AES][javax.crypto.Cipher][getInstance] [Cipher][AES/CBC/PKCS5Padding] [javax.crypto.Cipher][doFinal] [Data][cwPV9q/UhR0BC3OtON2UVg==] [Return][5oiQ5Yqf]
D/S4URC   ( 3758): [SDK] [java.io.File] [exists] [FilePath][String] [/data/data/com.init.env/files]
D/S4URC   ( 3758): [NDK] [SYSCALL] [access] [PATH][string] [/data/data/com.init.env/files]
D/S4URC   ( 3758): [SDK] [java.io.File] [getParent] [FilePath][String] [/data/data/com.init.env/files]
D/S4URC   ( 3758): [SDK] [java.io.File] [Constructor] [FilePath][String] [/data/data/com.init.env]
D/S4URC   ( 3758): [SDK] [java.io.File] [getParent] [FilePath][String] [/data/data/com.init.env]
D/S4URC   ( 3758): [SDK] [java.io.File] [Constructor] [FilePath][String] [/data/data]
D/S4URC   ( 3758): [SDK] [java.io.File] [Constructor] [FilePath][String] [com.init.env/shared_prefs/20160121.xml]
D/S4URC   ( 3758): [SDK] [java.io.File] [exists] [FilePath][String] [/com.init.env/shared_prefs/20160121.xml]
D/S4URC   ( 3758): [NDK] [SYSCALL] [access] [PATH][string] [com.init.env/shared_prefs/20160121.xml]
D/S4URC   ( 3758): [SDK] [java.io.File] [exists] [FilePath][String] [/data/data/com.init.env/files]
D/S4URC   ( 3758): [NDK] [SYSCALL] [access] [PATH][string] [/data/data/com.init.env/files]
D/S4URC   ( 3758): [SDK] [java.io.File] [getParent] [FilePath][String] [/data/data/com.init.env/files]
D/S4URC   ( 3758): [SDK] [java.io.File] [Constructor] [FilePath][String] [/data/data/com.init.env]
D/S4URC   ( 3758): [SDK] [java.io.File] [getParent] [FilePath][String] [/data/data/com.init.env]
D/S4URC   ( 3758): [SDK] [java.io.File] [Constructor] [FilePath][String] [/data/data]
D/S4URC   ( 3758): [SDK] [java.io.File] [Constructor] [FilePath][String] [/data/data/shared_prefs/20160121.xml]
D/S4URC   ( 3758): [SDK] [java.io.File] [exists] [FilePath][String] [/data/data/shared_prefs/20160121.xml]
D/S4URC   ( 3758): [NDK] [SYSCALL] [access] [PATH][string] [/data/data/shared_prefs/20160121.xml]
D/S4URC   ( 3758): [SDK] [java.io.File] [exists] [FilePath][String] [/data/data/com.init.env/files]
D/S4URC   ( 3758): [NDK] [SYSCALL] [access] [PATH][string] [/data/data/com.init.env/files]
D/S4URC   ( 3758): [SDK] [java.io.File] [getParent] [FilePath][String] [/data/data/com.init.env/files]
D/S4URC   ( 3758): [SDK] [java.io.File] [Constructor] [FilePath][String] [/data/data/com.init.env]
D/S4URC   ( 3758): [SDK] [java.io.File] [getParent] [FilePath][String] [/data/data/com.init.env]
D/S4URC   ( 3758): [SDK] [java.io.File] [Constructor] [FilePath][String] [/data/data]
D/S4URC   ( 3758): [SDK] [java.io.File] [exists] [FilePath][String] [/data/data/com.init.env/files]
D/S4URC   ( 3758): [NDK] [SYSCALL] [access] [PATH][string] [/data/data/com.init.env/files]
D/S4URC   ( 3758): [SDK] [java.io.File] [getPath] [FilePath][String] [/data/data/com.init.env/files]
D/S4URC   ( 3758): [SDK] [java.io.File] [Constructor] [FilePath][String] [/data/data/com.init.env/files]
D/S4URC   ( 3758): [SDK] [java.io.File] [exists] [FilePath][String] [/data/data/com.init.env/files]
D/S4URC   ( 3758): [NDK] [SYSCALL] [access] [PATH][string] [/data/data/com.init.env/files]
D/S4URC   ( 3758): [SDK] [java.io.File] [isDirectory] [FilePath][String] [/data/data/com.init.env/files]
D/S4URC   ( 3758): [NDK] [SYSCALL] [stat] [PATH][string] [/data/data/com.init.env/files]
D/S4URC   ( 3758): [SDK] [java.lang.Runtime] [exec] [Command][String] [iftop_jiak_mc-cid]
D/S4URC   ( 4299): [NDK] [SYSCALL] [getdents] [PATH][string] [.]
D/S4URC   ( 3758): [SDK] [java.lang.Runtime] [exec] [Command][String] [iftop_jiak_mc]
D/S4URC   ( 4300): [NDK] [SYSCALL] [getdents] [PATH][string] [.]
D/S4URC   ( 3758): [SDK] [java.io.File] [exists] [FilePath][String] [/data/data/com.init.env/files]
D/S4URC   ( 3758): [NDK] [SYSCALL] [access] [PATH][string] [/data/data/com.init.env/files]
D/S4URC   ( 3758): [SDK] [java.io.File] [getPath] [FilePath][String] [/data/data/com.init.env/files]
D/S4URC   ( 3758): [SDK] [android.content.ContextWrapper] [registerReceiver][IntentFilter][android.intent.action.BATTERY_CHANGED,
D/S4URC   ( 3758): [SDK] [java.io.File] [Constructor] [FilePath][String] [/data/data/com.init.env/files]
D/S4URC   ( 3758): [SDK] [java.io.File] [isDirectory] [FilePath][String] [/data/data/com.init.env/files]
D/S4URC   ( 3758): [NDK] [SYSCALL] [stat] [PATH][string] [/data/data/com.init.env/files]
D/S4URC   ( 3758): [SDK] [java.lang.Runtime] [exec] [Command][String] [sh]
D/S4URC   ( 3758): [SDK] [java.io.File] [Constructor] [FilePath][String] [/data/data/com.init.env/files/kcol_ysy]
D/S4URC   ( 3758): [SDK] [java.io.File] [list] [FilePath][String] [/sys/class/net]
D/S4URC   ( 3758): [NDK] [SYSCALL] [stat] [PATH][string] [/data/data/com.init.env/files/kcol_ysy]
D/S4URC   ( 3758): [NDK] [SYSCALL] [open] [PATH][string] [/sys/class/net] [RETURN][int] [48]
D/S4URC   ( 4304): [NDK] [SYSCALL] [getdents] [PATH][string] [.]
D/S4URC   ( 3758): [NDK] [SYSCALL] [getdents] [PATH][string] [.]
D/S4URC   ( 3758): [SDK] [java.io.File] [list] [FilePath][String] [/sys/class/net]
D/S4URC   ( 3758): [NDK] [SYSCALL] [open] [PATH][string] [/sys/class/net] [RETURN][int] [31]
D/S4URC   ( 3758): [NDK] [SYSCALL] [getdents] [PATH][string] [.]
D/S4URC   ( 3758): [NDK] [SYSCALL] [open] [PATH][string] [/proc/net/if_inet6] [RETURN][int] [31]
D/S4URC   ( 3758): [NDK] [SYSCALL] [open] [PATH][string] [/sys/class/net/wlan0/ifindex] [RETURN][int] [31]
D/S4URC   ( 3758): [NDK] [SYSCALL] [socket] [TYPE][string] [UDP]
D/S4URC   ( 3758): [SDK] [java.io.File] [list] [FilePath][String] [/sys/class/net]
D/S4URC   ( 3758): [NDK] [SYSCALL] [open] [PATH][string] [/sys/class/net] [RETURN][int] [31]
D/S4URC   ( 3758): [NDK] [SYSCALL] [getdents] [PATH][string] [.]
D/S4URC   ( 3758): [SDK] [java.io.File] [list] [FilePath][String] [/sys/class/net]
D/S4URC   ( 3758): [NDK] [SYSCALL] [open] [PATH][string] [/sys/class/net] [RETURN][int] [31]
D/S4URC   ( 3758): [NDK] [SYSCALL] [getdents] [PATH][string] [.]
D/S4URC   ( 3758): [NDK] [SYSCALL] [open] [PATH][string] [/proc/net/if_inet6] [RETURN][int] [31]
D/S4URC   ( 3758): [NDK] [SYSCALL] [open] [PATH][string] [/sys/class/net/lo/ifindex] [RETURN][int] [31]
D/S4URC   ( 3758): [NDK] [SYSCALL] [socket] [TYPE][string] [UDP]
D/S4URC   ( 3758): [NDK] [SYSCALL] [open] [PATH][string] [/sys/class/net/sit0/ifindex] [RETURN][int] [31]
D/S4URC   ( 3758): [NDK] [SYSCALL] [socket] [TYPE][string] [UDP]
D/S4URC   ( 3758): [NDK] [SYSCALL] [open] [PATH][string] [/sys/class/net/wlan0/ifindex] [RETURN][int] [31]
D/S4URC   ( 3758): [NDK] [SYSCALL] [socket] [TYPE][string] [UDP]
D/S4URC   ( 3758): [NDK] [SYSCALL] [open] [PATH][string] [/sys/class/net/ip6tnl0/ifindex] [RETURN][int] [31]
D/S4URC   ( 3758): [NDK] [SYSCALL] [socket] [TYPE][string] [UDP]
D/S4URC   ( 3758): [NDK] [SYSCALL] [open] [PATH][string] [/sys/class/net/lo/flags] [RETURN][int] [31]
D/S4URC   ( 3758): [NDK] [SYSCALL] [open] [PATH][string] [/sys/class/net/sit0/flags] [RETURN][int] [31]
D/S4URC   ( 3758): [NDK] [SYSCALL] [open] [PATH][string] [/sys/class/net/wlan0/flags] [RETURN][int] [31]
D/S4URC   ( 3758): [SDK] [java.io.File] [Constructor] [FilePath][String] [/system/bin/su]
D/S4URC   ( 3758): [SDK] [java.io.File] [exists] [FilePath][String] [/system/bin/su]
D/S4URC   ( 3758): [NDK] [SYSCALL] [access] [PATH][string] [/system/bin/su]
D/S4URC   ( 3758): [SDK] [java.lang.Runtime] [exec] [Command][String] [sh]
D/S4URC   ( 4306): [NDK] [SYSCALL] [getdents] [PATH][string] [.]
D/S4URC   ( 3758): [SDK] [java.io.File] [list] [FilePath][String] [/sys/class/net]
D/S4URC   ( 3758): [NDK] [SYSCALL] [open] [PATH][string] [/sys/class/net] [RETURN][int] [31]
D/S4URC   ( 3758): [NDK] [SYSCALL] [getdents] [PATH][string] [.]
D/S4URC   ( 3758): [NDK] [SYSCALL] [open] [PATH][string] [/proc/net/if_inet6] [RETURN][int] [31]
D/S4URC   ( 3758): [NDK] [SYSCALL] [open] [PATH][string] [/sys/class/net/lo/ifindex] [RETURN][int] [31]
D/S4URC   ( 3758): [NDK] [SYSCALL] [socket] [TYPE][string] [UDP]
D/S4URC   ( 3758): [NDK] [SYSCALL] [open] [PATH][string] [/sys/class/net/sit0/ifindex] [RETURN][int] [31]
D/S4URC   ( 3758): [NDK] [SYSCALL] [socket] [TYPE][string] [UDP]
D/S4URC   ( 3758): [NDK] [SYSCALL] [open] [PATH][string] [/sys/class/net/wlan0/ifindex] [RETURN][int] [35]
D/S4URC   ( 3758): [SDK] [java.io.File] [Constructor] [FilePath][String] [/data/data/com.init.env/files/forever.sh]
D/S4URC   ( 3758): [SDK] [java.io.File] [delete] [FilePath][String] [/data/data/com.init.env/files/forever.sh]
D/S4URC   ( 3758): [NDK] [SYSCALL] [lstat] [PATH][string] [/data/data/com.init.env/files/forever.sh]
D/S4URC   ( 3758): [NDK] [SYSCALL] [unlink] [PATH][string] [/data/data/com.init.env/files/forever.sh]
D/S4URC   ( 3758): [SDK] [java.io.File] [getPath] [FilePath][String] [/data/data/com.init.env/files/forever.sh]
D/S4URC   ( 3758): [NDK] [SYSCALL] [socket] [TYPE][string] [UDP]
D/S4URC   ( 3758): [SDK] [javax.crypto.spec.SecretKeySpec][Constructor] [KEY][16D515D0F13451BE][type][AES][javax.crypto.Cipher][getInstance] [Cipher][AES/CBC/PKCS5Padding] [javax.crypto.Cipher][doFinal] [Data][cwPV9q/UhR0BC3OtON2UVg==] [Return][5oiQ5Yqf]
D/S4URC   ( 3758): [NDK] [SYSCALL] [open] [PATH][string] [/data/data/com.init.env/files/forever.sh] [RETURN][int] [31]
D/S4URC   ( 3758): [NDK] [SYSCALL] [open] [PATH][string] [/sys/class/net/ip6tnl0/ifindex] [RETURN][int] [35]
D/S4URC   ( 3758): [NDK] [SYSCALL] [socket] [TYPE][string] [UDP]
D/S4URC   ( 3758): [NDK] [SYSCALL] [open] [PATH][string] [/sys/class/net/wlan0/address] [RETURN][int] [35]
D/S4URC   ( 3758): [SDK] [java.io.File] [Constructor] [FilePath][String] [/data/data/com.init.env/files/tinyplay_ikaj_ddrtest]
D/S4URC   ( 3758): [SDK] [java.io.File] [getPath] [FilePath][String] [/data/data/com.init.env/files/tinyplay_ikaj_ddrtest]
D/S4URC   ( 3758): [NDK] [SYSCALL] [open] [PATH][string] [/data/data/com.init.env/files/tinyplay_ikaj_ddrtest] [RETURN][int] [31]
D/S4URC   ( 3758): [SDK] [java.io.File] [exists] [FilePath][String] [/data/data/com.init.env/files]
D/S4URC   ( 3758): [NDK] [SYSCALL] [access] [PATH][string] [/data/data/com.init.env/files]
D/S4URC   ( 3758): [SDK] [java.io.File] [getParent] [FilePath][String] [/data/data/com.init.env/files]
D/S4URC   ( 3758): [SDK] [java.io.File] [Constructor] [FilePath][String] [/data/data/com.init.env]
D/S4URC   ( 3758): [SDK] [java.io.File] [getParent] [FilePath][String] [/data/data/com.init.env]
D/S4URC   ( 3758): [SDK] [java.io.File] [Constructor] [FilePath][String] [/data/data]
D/S4URC   ( 3758): [SDK] [java.io.File] [exists] [FilePath][String] [/data/data/com.init.env/files]
D/S4URC   ( 3758): [SDK] [java.io.File] [Constructor] [FilePath][String] [/data/data/com.init.env/files/tinyplay_ikaj_ddrtest]
D/S4URC   ( 3758): [NDK] [SYSCALL] [access] [PATH][string] [/data/data/com.init.env/files]
D/S4URC   ( 3758): [NDK] [SYSCALL] [stat] [PATH][string] [/data/data/com.init.env/files/tinyplay_ikaj_ddrtest]
D/S4URC   ( 3758): [SDK] [java.io.File] [getParent] [FilePath][String] [/data/data/com.init.env/files]
D/S4URC   ( 3758): [SDK] [java.io.File] [Constructor] [FilePath][String] [/data/data/com.init.env/files/iftop_jiak_mc]
D/S4URC   ( 3758): [SDK] [java.io.File] [Constructor] [FilePath][String] [/data/data/com.init.env]
D/S4URC   ( 3758): [SDK] [java.io.File] [getParent] [FilePath][String] [/data/data/com.init.env]
D/S4URC   ( 3758): [SDK] [java.io.File] [getPath] [FilePath][String] [/data/data/com.init.env/files/iftop_jiak_mc]
D/S4URC   ( 3758): [SDK] [java.io.File] [Constructor] [FilePath][String] [/data/data]
D/S4URC   ( 3758): [NDK] [SYSCALL] [open] [PATH][string] [/data/data/com.init.env/files/iftop_jiak_mc] [RETURN][int] [31]
D/S4URC   ( 3758): [SDK] [java.io.File] [Constructor] [FilePath][String] [/data/data/com.init.env/files/tinyplay_ikaj_ddrtest]
D/S4URC   ( 3758): [SDK] [java.io.File] [exists] [FilePath][String] [/data/data/com.init.env/files/tinyplay_ikaj_ddrtest]
D/S4URC   ( 3758): [NDK] [SYSCALL] [access] [PATH][string] [/data/data/com.init.env/files/tinyplay_ikaj_ddrtest]
D/S4URC   ( 3758): [SDK] [java.io.File] [getPath] [FilePath][String] [/data/data/com.init.env/files/tinyplay_ikaj_ddrtest]
D/S4URC   ( 3758): [NDK] [SYSCALL] [open] [PATH][string] [/data/data/com.init.env/files/tinyplay_ikaj_ddrtest] [RETURN][int] [35]
D/S4URC   ( 3758): [SDK] [android.content.ContextWrapper][getSharedPreferences] [File][duspf517.xml] [MODE][MODE_PRIVATE]
D/S4URC   ( 3758): [SDK] [android.content.ContextWrapper][getSharedPreferences] [File][duspf517.xml] [MODE][MODE_PRIVATE] [Method][getInt] [Int][uipk517] [Return][0]
D/S4URC   ( 3758): [SDK] [java.io.File] [Constructor] [FilePath][String] [/data/data/com.init.env/files/iftop_jiak_mc]
D/S4URC   ( 3758): [NDK] [SYSCALL] [stat] [PATH][string] [/data/data/com.init.env/files/iftop_jiak_mc]
D/S4URC   ( 3758): [SDK] [java.io.File] [Constructor] [FilePath][String] [/data/data/com.init.env/files/install-recovery.sh]
D/S4URC   ( 3758): [SDK] [java.io.File] [delete] [FilePath][String] [/data/data/com.init.env/files/install-recovery.sh]
D/S4URC   ( 3758): [NDK] [SYSCALL] [lstat] [PATH][string] [/data/data/com.init.env/files/install-recovery.sh]
D/S4URC   ( 3758): [NDK] [SYSCALL] [unlink] [PATH][string] [/data/data/com.init.env/files/install-recovery.sh]
D/S4URC   ( 3758): [SDK] [java.io.File] [getPath] [FilePath][String] [/data/data/com.init.env/files/install-recovery.sh]
D/S4URC   ( 3758): [NDK] [SYSCALL] [open] [PATH][string] [/data/data/com.init.env/files/install-recovery.sh] [RETURN][int] [31]
D/S4URC   ( 3758): [SDK] [java.io.File] [Constructor] [FilePath][String] [/data/data/com.init.env/files/debuggerd_hulu]
D/S4URC   ( 3758): [SDK] [java.io.File] [getPath] [FilePath][String] [/data/data/com.init.env/files/debuggerd_hulu]
D/S4URC   ( 3758): [NDK] [SYSCALL] [open] [PATH][string] [/data/data/com.init.env/files/debuggerd_hulu] [RETURN][int] [31]
D/S4URC   ( 3758): [SDK] [java.lang.Runtime] [exec] [Command][String] [sh]
D/S4URC   ( 4321): [NDK] [SYSCALL] [getdents] [PATH][string] [.]
D/S4URC   ( 3758): [SDK] [javax.crypto.spec.SecretKeySpec][Constructor] [KEY][0E4B787002BDF84F][type][AES][javax.crypto.Cipher][getInstance] [Cipher][AES/CBC/PKCS5Padding] [javax.crypto.Cipher][doFinal] [Data][{"kcol_s":"is32CPU_","wlan0_inet":"172.16.0.15","su_ls":"lrwxrwxrwx root     root              2018-01-31 18:01 su -> ..\/xbin\/su\n","rmnet0_inet":null,"wlan0_mask":null,"wlan0_hw":null,"ppy_rbhw":null,"su_id":"not_need_check","rmnet0_hw":null,"match":"2","drivers_tty":0,"pkg":"\/data\/data","su_cw":"root.root","imsi":"","file_rc":0,"ppy_rbsn":null,"use_sec":-1,"iccid":"","sign":"490E4B787002BDF84F57723863C97A6E","mac":"7c:dd:90:eb:fc:64","usb":"Simulator","modis":"usb_su","display":"galaxys5-user 5.1.1 LMY49J 8f616e92bc release-keys","cpu_hd":null,"ppy_rkahw":null,"aid":"9dd4736125bf4d04","eth0_hw":"172.16.0.15","ppy_rkqe":null,"usl":-1,"file_qemud":0,"su_cm":"lrwxrwxrwx","file_pipe":0,"mid":"5787A14B5FD23D4A54124F081A659A49","power":80,"userid":"00000000-0000-0000-0000-000000000000","cpu":"armeabi-v7a","eth0_inet":null,"ppy_rosn":null,"imei":"","diskstats":null,"cpu_rv":-1,"apk_develop":0,"eth0_mask":"wlan0","sdkv":201711010850,"battery":"Charging","file_fstab":0,"ppy_rohw":null,"cid":"Linux-Test","acl":1,"release":"5.1.1","rmnet0_mask":null,"board":"samsung","sdkapi":22,"brand":"samsung","kcol_v":998,"apk_api":0,"adb":null,"model":"galaxys5"}] [Return][o8Dv3GHgI1P4+UrpUe459puMxz3NQOY2b2nLLjk9tEf8fqBL7ESdMy5GTcK8IscnI0pSz3o37UiJqv2SDdbMwAICMUIB09A+06cuQ6lcl0z8+D8xEhgEv+Z/PDAC1BAmJmrNBAJDxyP0d5KfP8FjDxmIkb4LzewT4rVb5gCoJuEEQr8aNmX3BzXe/Xy9n3eckbi5SXLbEV4/lDKUU/F/L9+cU1N5aRAYf9HNGZPRGTqqS0Nt2lj5ljkxp8YmwgH1lvILkKFDtymjuP+HtN+KgVd8D4YyNs+lhfGc8vzlDhCmTJbrJms2R4eIghIQa6KvYQkMCoHBxOfRtS31Q3jKdZlsTV3byInDRB5SJVQLRDQXe0RKuR+n9nnyMl+6DXG6A4QBQY4b8YnsVsHg+rFJd+kDlFjRprIJ+Kyrr1YFSSzcHenMe+wzAn/03hLXELK70NDCA+xRXgX9THA+MjUY5ahkjj5gTnY+1Q3eGOSwK0yImUthPjelFDs47HSmCflTXakp82N4S7bYR9NvrAhHqNd0G9IxF3m0mWtJ1fmtK4zcuncqH8hT7W1yDc+m1vrLlh3ItGIF9SYF5nCiWceTiNO/rwVe7Z0z4wEp8xSITwG1Dy3S0umeMmNuDwSevjMdpXNq5k0k01yV8yf00502lYMUaNr+pq4S/kZ/xt+1o0ufdzdhNZjESvd5XmFTvS0k2zZ4lssLFdAAgni4u1ouWvaNAWXW+qrMyHH4AF1XTMC2qx+IXrac8qSzm+5uaAlLtVGwryRtyJSoRFHTCFarXjvwUFxDT27pfJAIjptiPV9F8v6XjsI67bGpq06DFCRNF/YS8ekjyhmKmiWnTYy6UqBQC29uGx1cD+R6MPLRlrzQ6X6ga+uySe82R1ftQra6AymWFojvZ9TVXARkXTEtCXeh1o+PG9SICPFAvOYONAuk88IgtXjOoyCimM3zV7rRLjAAD4gbl93/npc7wgmi8ZfcSvvGQrPYiVM5SzyUxZchnALxAkjwxp10YoLprkgNmvmCMV67zbb8DMpgtc0jI4Bwhh3Tho+5BELq7LGMnOP446ESb0Nx3IcKg/g4CfIiwlq9lzSNbsEaJEUgDxws7CdqZSiBRjThQC1nkjf5BDY5SM9ydJ8dg/LX4Cirma5W95VKKtOsdfxzFjaTiLOAX7ZxVn4JdGC1j6GDRIM5Kb/EzzO/d7wFOmrWFRJpVd25Vs/7zveNnytgsCfSDUoeCROcVMMeVoBCX3/ObtVAX3+o7pJv73s3qvLMYjL+6MJEFIVnpVFQC4gFLZ73j3NraSNkZGe781fzC7XaWM9CjlYppRQVKv3k0vKVgHbgmbx5N5Xkjsjl/QHzCF3YDS4f+2As/Lrz80+kUVloMt4KglJlCik8sZ63x9p3U9xMY/4zttU54lla7TIgDUgq2+wyqabCflIjLPV9VySzxvICRsMHk/lnvbzrxa/OJIIED+v+DAbesMHWsxGP+j9tYGOGyn6kMUz6YQspGcMcgdbj782pSCJ4XegEV2qhTq063s+sN2C6BUYFdbLtApu2RBqeVw==]
D/S4URC   ( 3758): [SDK] [java.net] [HttpURLConnection] [URL][String] [http://www.koapkmobi.com:8081/sm/sr/sp/py]
D/S4URC   ( 3758): [NDK] [SYSCALL] [socket] [TYPE][string] [TCP]
D/S4URC   ( 3758): [SDK] [java.lang.Runtime] [exec] [Command][String] [sh]
D/S4URC   ( 4328): [NDK] [SYSCALL] [getdents] [PATH][string] [.]
D/S4URC   ( 3758): [SDK] [android.app.ApplicationPackageManager] [getApplicationInfo] [FindApplicationName][String] [com.init.env]
D/S4URC   ( 3758): [SDK] [javax.crypto.spec.SecretKeySpec][Constructor] [KEY][16D515D0F13451BE][type][AES][javax.crypto.Cipher][getInstance] [Cipher][AES/CBC/PKCS5Padding] [javax.crypto.Cipher][doFinal] [Data][cwPV9q/UhR0BC3OtON2UVg==] [Return][5oiQ5Yqf]
D/S4URC   ( 3758): [SDK] [java.io.File] [exists] [FilePath][String] [/data/data/com.init.env/files]
D/S4URC   ( 3758): [NDK] [SYSCALL] [access] [PATH][string] [/data/data/com.init.env/files]
D/S4URC   ( 3758): [SDK] [java.io.File] [getParent] [FilePath][String] [/data/data/com.init.env/files]
D/S4URC   ( 3758): [SDK] [java.io.File] [Constructor] [FilePath][String] [/data/data/com.init.env]
D/S4URC   ( 3758): [SDK] [java.io.File] [getParent] [FilePath][String] [/data/data/com.init.env]
D/S4URC   ( 3758): [SDK] [java.io.File] [Constructor] [FilePath][String] [/data/data]
D/S4URC   ( 3758): [SDK] [java.io.File] [Constructor] [FilePath][String] [com.init.env/shared_prefs/20160121.xml]
D/S4URC   ( 3758): [SDK] [java.io.File] [exists] [FilePath][String] [/com.init.env/shared_prefs/20160121.xml]
D/S4URC   ( 3758): [NDK] [SYSCALL] [access] [PATH][string] [com.init.env/shared_prefs/20160121.xml]
D/S4URC   ( 3758): [SDK] [java.io.File] [exists] [FilePath][String] [/data/data/com.init.env/files]
D/S4URC   ( 3758): [NDK] [SYSCALL] [access] [PATH][string] [/data/data/com.init.env/files]
D/S4URC   ( 3758): [SDK] [java.io.File] [getParent] [FilePath][String] [/data/data/com.init.env/files]
D/S4URC   ( 3758): [SDK] [java.io.File] [Constructor] [FilePath][String] [/data/data/com.init.env]
D/S4URC   ( 3758): [SDK] [java.io.File] [getParent] [FilePath][String] [/data/data/com.init.env]
D/S4URC   ( 3758): [SDK] [java.io.File] [Constructor] [FilePath][String] [/data/data]
D/S4URC   ( 3758): [SDK] [java.io.File] [Constructor] [FilePath][String] [/data/data/shared_prefs/20160121.xml]
D/S4URC   ( 3758): [SDK] [java.io.File] [exists] [FilePath][String] [/data/data/shared_prefs/20160121.xml]
D/S4URC   ( 3758): [NDK] [SYSCALL] [access] [PATH][string] [/data/data/shared_prefs/20160121.xml]
D/S4URC   ( 3758): [SDK] [java.io.File] [exists] [FilePath][String] [/data/data/com.init.env/files]
D/S4URC   ( 3758): [NDK] [SYSCALL] [access] [PATH][string] [/data/data/com.init.env/files]
D/S4URC   ( 3758): [SDK] [java.io.File] [getParent] [FilePath][String] [/data/data/com.init.env/files]
D/S4URC   ( 3758): [SDK] [java.io.File] [Constructor] [FilePath][String] [/data/data/com.init.env]
D/S4URC   ( 3758): [SDK] [java.io.File] [getParent] [FilePath][String] [/data/data/com.init.env]
D/S4URC   ( 3758): [SDK] [java.io.File] [Constructor] [FilePath][String] [/data/data]
D/S4URC   ( 3758): [SDK] [java.io.File] [exists] [FilePath][String] [/data/data/com.init.env/files]
D/S4URC   ( 3758): [NDK] [SYSCALL] [access] [PATH][string] [/data/data/com.init.env/files]
D/S4URC   ( 3758): [SDK] [java.io.File] [getPath] [FilePath][String] [/data/data/com.init.env/files]
D/S4URC   ( 3758): [SDK] [java.io.File] [Constructor] [FilePath][String] [/data/data/com.init.env/files]
D/S4URC   ( 3758): [SDK] [java.io.File] [exists] [FilePath][String] [/data/data/com.init.env/files]
D/S4URC   ( 3758): [NDK] [SYSCALL] [access] [PATH][string] [/data/data/com.init.env/files]
D/S4URC   ( 3758): [SDK] [java.io.File] [isDirectory] [FilePath][String] [/data/data/com.init.env/files]
D/S4URC   ( 3758): [NDK] [SYSCALL] [stat] [PATH][string] [/data/data/com.init.env/files]
D/S4URC   ( 3758): [SDK] [java.lang.Runtime] [exec] [Command][String] [iftop_jiak_mc-cid]
D/S4URC   ( 4336): [NDK] [SYSCALL] [getdents] [PATH][string] [.]
D/S4URC   ( 3758): [SDK] [java.lang.Runtime] [exec] [Command][String] [iftop_jiak_mc]
D/S4URC   ( 4337): [NDK] [SYSCALL] [getdents] [PATH][string] [.]
D/S4URC   ( 3758): [SDK] [android.content.ContextWrapper] [registerReceiver][IntentFilter][android.intent.action.BATTERY_CHANGED,
D/S4URC   ( 3758): [SDK] [java.io.File] [list] [FilePath][String] [/sys/class/net]
D/S4URC   ( 3758): [NDK] [SYSCALL] [open] [PATH][string] [/sys/class/net] [RETURN][int] [34]
D/S4URC   ( 3758): [NDK] [SYSCALL] [getdents] [PATH][string] [.]
D/S4URC   ( 3758): [SDK] [java.io.File] [exists] [FilePath][String] [/data/data/com.init.env/files]
D/S4URC   ( 3758): [NDK] [SYSCALL] [access] [PATH][string] [/data/data/com.init.env/files]
D/S4URC   ( 3758): [SDK] [java.io.File] [list] [FilePath][String] [/sys/class/net]
D/S4URC   ( 3758): [SDK] [java.io.File] [getPath] [FilePath][String] [/data/data/com.init.env/files]
D/S4URC   ( 3758): [NDK] [SYSCALL] [open] [PATH][string] [/sys/class/net] [RETURN][int] [27]
D/S4URC   ( 3758): [NDK] [SYSCALL] [getdents] [PATH][string] [.]
D/S4URC   ( 3758): [SDK] [java.io.File] [Constructor] [FilePath][String] [/data/data/com.init.env/files]
D/S4URC   ( 3758): [SDK] [java.io.File] [isDirectory] [FilePath][String] [/data/data/com.init.env/files]
D/S4URC   ( 3758): [NDK] [SYSCALL] [stat] [PATH][string] [/data/data/com.init.env/files]
D/S4URC   ( 3758): [NDK] [SYSCALL] [open] [PATH][string] [/proc/net/if_inet6] [RETURN][int] [27]
D/S4URC   ( 3758): [NDK] [SYSCALL] [open] [PATH][string] [/sys/class/net/wlan0/ifindex] [RETURN][int] [27]
D/S4URC   ( 3758): [SDK] [java.lang.Runtime] [exec] [Command][String] [sh]
D/S4URC   ( 3758): [NDK] [SYSCALL] [socket] [TYPE][string] [UDP]
D/S4URC   ( 3758): [SDK] [java.io.File] [Constructor] [FilePath][String] [/data/data/com.init.env/files/kcol_ysy]
D/S4URC   ( 3758): [SDK] [java.io.File] [list] [FilePath][String] [/sys/class/net]
D/S4URC   ( 3758): [NDK] [SYSCALL] [open] [PATH][string] [/sys/class/net] [RETURN][int] [27]
D/S4URC   ( 3758): [NDK] [SYSCALL] [getdents] [PATH][string] [.]
D/S4URC   ( 3758): [NDK] [SYSCALL] [stat] [PATH][string] [/data/data/com.init.env/files/kcol_ysy]
D/S4URC   ( 3758): [NDK] [SYSCALL] [getdents] [PATH][string] [.]
D/S4URC   ( 3758): [SDK] [java.io.File] [list] [FilePath][String] [/sys/class/net]
D/S4URC   ( 3758): [NDK] [SYSCALL] [open] [PATH][string] [/sys/class/net] [RETURN][int] [27]
D/S4URC   ( 3758): [NDK] [SYSCALL] [getdents] [PATH][string] [.]
D/S4URC   ( 4345): [NDK] [SYSCALL] [getdents] [PATH][string] [.]
D/S4URC   ( 3758): [NDK] [SYSCALL] [open] [PATH][string] [/proc/net/if_inet6] [RETURN][int] [27]
D/S4URC   ( 3758): [NDK] [SYSCALL] [open] [PATH][string] [/sys/class/net/lo/ifindex] [RETURN][int] [27]
D/S4URC   ( 3758): [NDK] [SYSCALL] [socket] [TYPE][string] [UDP]
D/S4URC   ( 3758): [NDK] [SYSCALL] [open] [PATH][string] [/sys/class/net/sit0/ifindex] [RETURN][int] [27]
D/S4URC   ( 3758): [NDK] [SYSCALL] [socket] [TYPE][string] [UDP]
D/S4URC   ( 3758): [NDK] [SYSCALL] [open] [PATH][string] [/sys/class/net/wlan0/ifindex] [RETURN][int] [27]
D/S4URC   ( 3758): [NDK] [SYSCALL] [socket] [TYPE][string] [UDP]
D/S4URC   ( 3758): [NDK] [SYSCALL] [open] [PATH][string] [/sys/class/net/ip6tnl0/ifindex] [RETURN][int] [27]
D/S4URC   ( 3758): [NDK] [SYSCALL] [socket] [TYPE][string] [UDP]
D/S4URC   ( 3758): [NDK] [SYSCALL] [open] [PATH][string] [/sys/class/net/lo/flags] [RETURN][int] [27]
D/S4URC   ( 3758): [NDK] [SYSCALL] [open] [PATH][string] [/sys/class/net/sit0/flags] [RETURN][int] [27]
D/S4URC   ( 3758): [NDK] [SYSCALL] [open] [PATH][string] [/sys/class/net/wlan0/flags] [RETURN][int] [27]
D/S4URC   ( 3758): [SDK] [java.io.File] [Constructor] [FilePath][String] [/system/bin/su]
D/S4URC   ( 3758): [SDK] [java.io.File] [exists] [FilePath][String] [/system/bin/su]
D/S4URC   ( 3758): [NDK] [SYSCALL] [access] [PATH][string] [/system/bin/su]
D/S4URC   ( 3758): [SDK] [java.lang.Runtime] [exec] [Command][String] [sh]
D/S4URC   ( 4346): [NDK] [SYSCALL] [getdents] [PATH][string] [.]
D/S4URC   ( 3758): [SDK] [java.io.File] [Constructor] [FilePath][String] [/data/data/com.init.env/files/forever.sh]
