D/S4URC   ( 2777): [SDK] [java.io.File] [Constructor] [FilePath][String] [/data/data/com.idedita.tsor]
D/S4URC   ( 2777): [SDK] [dalvik.system.BaseDexClassLoader] [Constructor] [DexPath][String] [/data/data/com.idedita.tsor/files/0c1307030900191817759114.jar] [NDKPath][String] [/syetm/lib:/vendor/lib:/data/app/com.idedita.tsor-1/lib/arm]
D/S4URC   ( 2777): [SDK] [java.io.File] [exists] [FilePath][String] [/data/data/com.idedita.tsor]
D/S4URC   ( 2777): [SDK] [java.io.File] [canRead] [FilePath][String] [/data/data/com.idedita.tsor]
D/S4URC   ( 2777): [SDK] [java.io.File] [canWrite] [FilePath][String] [/data/data/com.idedita.tsor]
D/S4URC   ( 2777): [SDK] [java.io.File] [Constructor] [FilePath][String] [/data/data/com.idedita.tsor/files/0c1307030900191817759114.jar]
D/S4URC   ( 2777): [SDK] [java.io.File] [getName] [FilePath][String] [/data/data/com.idedita.tsor/files/0c1307030900191817759114.jar]
D/S4URC   ( 2777): [SDK] [java.io.File] [isDirectory] [FilePath][String] [/data/data/com.idedita.tsor/files/0c1307030900191817759114.jar]
D/S4URC   ( 2777): [SDK] [java.io.File] [isFile] [FilePath][String] [/data/data/com.idedita.tsor/files/0c1307030900191817759114.jar]
D/S4URC   ( 2777): [SDK] [java.io.File] [getName] [FilePath][String] [/data/data/com.idedita.tsor/files/0c1307030900191817759114.jar]
D/S4URC   ( 2777): [SDK] [java.io.File] [getPath] [FilePath][String] [/data/data/com.idedita.tsor]
D/S4URC   ( 2777): [SDK] [java.io.File] [getPath] [FilePath][String] [/data/data/com.idedita.tsor/0c1307030900191817759114.dex]
D/S4URC   ( 2777): [SDK] [java.io.File] [getPath] [FilePath][String] [/data/data/com.idedita.tsor/files/0c1307030900191817759114.jar]
D/S4URC   ( 2777): [SDK] [java.io.File] [Constructor] [FilePath][String] [/data/data/com.idedita.tsor/0c1307030900191817759114.dex]
D/S4URC   ( 2777): [SDK] [java.io.File] [getParent] [FilePath][String] [/data/data/com.idedita.tsor/0c1307030900191817759114.dex]
D/S4URC   ( 2777): [SDK] [dalvik.system.DexFile] [openDexFile] [DexPath][String] [/data/data/com.idedita.tsor/files/0c1307030900191817759114.jar]
D/S4URC   ( 2777): [SDK] [java.io.File] [Constructor] [FilePath][String] [/data/data/com.idedita.tsor/files/0c1307030900191817759114.jar]
D/S4URC   ( 2777): [SDK] [java.io.File] [Constructor] [FilePath][String] [/data/data/com.idedita.tsor/0c1307030900191817759114.dex]
D/S4URC   ( 2446): [SDK] [java.io.File] [Constructor] [FilePath][String] [/storage/sdcard0/Android/.android/.system/.hzconfig/.smm/ohz/]
D/S4URC   ( 2446): [SDK] [java.io.File] [Constructor] [FilePath][String] [/storage/sdcard0/Android/.android/.system/.szconfig/.smm/osz/]
D/S4URC   ( 2446): [SDK] [java.io.File] [exists] [FilePath][String] [/storage/sdcard0/Android/.android/.system/.szconfig/.smm/osz]
D/S4URC   ( 2446): [SDK] [java.io.File] [exists] [FilePath][String] [/storage/sdcard0/Android/.android/.system/.hzconfig/.smm/ohz]
D/S4URC   ( 2446): [SDK] [java.io.File] [mkdirs] [FilePath][String] [/storage/sdcard0/Android/.android/.system/.szconfig/.smm/osz]
D/S4URC   ( 2446): [SDK] [java.io.File] [mkdirs] [FilePath][String] [/storage/sdcard0/Android/.android/.system/.hzconfig/.smm/ohz]
D/S4URC   ( 2446): [SDK] [java.io.File] [getParent] [FilePath][String] [/storage/sdcard0/Android/.android/.system/.szconfig/.smm/osz]
D/S4URC   ( 2446): [SDK] [java.io.File] [Constructor] [FilePath][String] [/storage/sdcard0/Android/.android/.system/.szconfig/.smm]
D/S4URC   ( 2446): [SDK] [java.io.File] [getParent] [FilePath][String] [/storage/sdcard0/Android/.android/.system/.hzconfig/.smm/ohz]
D/S4URC   ( 2446): [SDK] [java.io.File] [Constructor] [FilePath][String] [/storage/sdcard0/Android/.android/.system/.hzconfig/.smm]
D/S4URC   ( 2446): [SDK] [java.io.File] [getParent] [FilePath][String] [/storage/sdcard0/Android/.android/.system/.szconfig/.smm]
D/S4URC   ( 2446): [SDK] [java.io.File] [Constructor] [FilePath][String] [/storage/sdcard0/Android/.android/.system/.szconfig]
D/S4URC   ( 2446): [SDK] [java.io.File] [getParent] [FilePath][String] [/storage/sdcard0/Android/.android/.system/.hzconfig/.smm]
D/S4URC   ( 2446): [SDK] [java.io.File] [Constructor] [FilePath][String] [/storage/sdcard0/Android/.android/.system/.hzconfig]
D/S4URC   ( 2446): [SDK] [java.io.File] [getParent] [FilePath][String] [/storage/sdcard0/Android/.android/.system/.szconfig]
D/S4URC   ( 2446): [SDK] [java.io.File] [Constructor] [FilePath][String] [/storage/sdcard0/Android/.android/.system]
D/S4URC   ( 2446): [SDK] [java.io.File] [getParent] [FilePath][String] [/storage/sdcard0/Android/.android/.system/.hzconfig]
D/S4URC   ( 2446): [SDK] [java.io.File] [Constructor] [FilePath][String] [/storage/sdcard0/Android/.android/.system]
D/S4URC   ( 2446): [SDK] [java.io.File] [getParent] [FilePath][String] [/storage/sdcard0/Android/.android/.system]
D/S4URC   ( 2446): [SDK] [java.io.File] [Constructor] [FilePath][String] [/storage/sdcard0/Android/.android]
D/S4URC   ( 2446): [SDK] [java.io.File] [getParent] [FilePath][String] [/storage/sdcard0/Android/.android/.system]
D/S4URC   ( 2446): [SDK] [java.io.File] [Constructor] [FilePath][String] [/storage/sdcard0/Android/.android]
D/S4URC   ( 2446): [SDK] [java.io.File] [exists] [FilePath][String] [/storage/sdcard0/Android/.android/.system/.szconfig/.smm/osz/log]
D/S4URC   ( 2446): [SDK] [java.io.File] [exists] [FilePath][String] [/storage/sdcard0/Android/.android/.system/.hzconfig/.smm/ohz/log]
D/S4URC   ( 2446): [SDK] [java.io.File] [createNewFile] [FilePath][String] [/storage/sdcard0/Android/.android/.system/.szconfig/.smm/osz/log]
D/S4URC   ( 2446): [SDK] [java.io.File] [createNewFile] [FilePath][String] [/storage/sdcard0/Android/.android/.system/.hzconfig/.smm/ohz/log]
D/S4URC   ( 2446): [SDK] [java.io.File] [Constructor] [FilePath][String] [/storage/sdcard0/Android/.android/.system/.szconfig/.smm/osz/]
D/S4URC   ( 2446): [SDK] [java.io.File] [Constructor] [FilePath][String] [/storage/sdcard0/Android/.android/.system/.hzconfig/.smm/ohz/]
D/S4URC   ( 2446): [SDK] [java.io.File] [exists] [FilePath][String] [/storage/sdcard0/Android/.android/.system/.szconfig/.smm/osz]
D/S4URC   ( 2446): [SDK] [java.io.File] [exists] [FilePath][String] [/storage/sdcard0/Android/.android/.system/.hzconfig/.smm/ohz]
D/S4URC   ( 2446): [SDK] [java.io.File] [mkdirs] [FilePath][String] [/storage/sdcard0/Android/.android/.system/.szconfig/.smm/osz]
D/S4URC   ( 2446): [SDK] [java.io.File] [mkdirs] [FilePath][String] [/storage/sdcard0/Android/.android/.system/.hzconfig/.smm/ohz]
D/S4URC   ( 2446): [SDK] [java.io.File] [getParent] [FilePath][String] [/storage/sdcard0/Android/.android/.system/.szconfig/.smm/osz]
D/S4URC   ( 2446): [SDK] [java.io.File] [Constructor] [FilePath][String] [/storage/sdcard0/Android/.android/.system/.szconfig/.smm]
D/S4URC   ( 2446): [SDK] [java.io.File] [getParent] [FilePath][String] [/storage/sdcard0/Android/.android/.system/.hzconfig/.smm/ohz]
D/S4URC   ( 2446): [SDK] [java.io.File] [Constructor] [FilePath][String] [/storage/sdcard0/Android/.android/.system/.hzconfig/.smm]
D/S4URC   ( 2446): [SDK] [java.io.File] [getParent] [FilePath][String] [/storage/sdcard0/Android/.android/.system/.szconfig/.smm]
D/S4URC   ( 2446): [SDK] [java.io.File] [Constructor] [FilePath][String] [/storage/sdcard0/Android/.android/.system/.szconfig]
D/S4URC   ( 2446): [SDK] [java.io.File] [getParent] [FilePath][String] [/storage/sdcard0/Android/.android/.system/.hzconfig/.smm]
D/S4URC   ( 2446): [SDK] [java.io.File] [Constructor] [FilePath][String] [/storage/sdcard0/Android/.android/.system/.hzconfig]
D/S4URC   ( 2446): [SDK] [java.io.File] [getParent] [FilePath][String] [/storage/sdcard0/Android/.android/.system/.szconfig]
D/S4URC   ( 2446): [SDK] [java.io.File] [Constructor] [FilePath][String] [/storage/sdcard0/Android/.android/.system]
D/S4URC   ( 2446): [SDK] [java.io.File] [getParent] [FilePath][String] [/storage/sdcard0/Android/.android/.system/.hzconfig]
D/S4URC   ( 2446): [SDK] [java.io.File] [Constructor] [FilePath][String] [/storage/sdcard0/Android/.android/.system]
D/S4URC   ( 2446): [SDK] [java.io.File] [getParent] [FilePath][String] [/storage/sdcard0/Android/.android/.system]
D/S4URC   ( 2446): [SDK] [java.io.File] [Constructor] [FilePath][String] [/storage/sdcard0/Android/.android]
D/S4URC   ( 2446): [SDK] [java.io.File] [getParent] [FilePath][String] [/storage/sdcard0/Android/.android/.system]
D/S4URC   ( 2446): [SDK] [java.io.File] [Constructor] [FilePath][String] [/storage/sdcard0/Android/.android]
D/S4URC   ( 2446): [SDK] [java.io.File] [exists] [FilePath][String] [/storage/sdcard0/Android/.android/.system/.szconfig/.smm/osz/log]
D/S4URC   ( 2446): [SDK] [java.io.File] [exists] [FilePath][String] [/storage/sdcard0/Android/.android/.system/.hzconfig/.smm/ohz/log]
D/S4URC   ( 2446): [SDK] [java.io.File] [createNewFile] [FilePath][String] [/storage/sdcard0/Android/.android/.system/.szconfig/.smm/osz/log]
D/S4URC   ( 2446): [SDK] [java.io.File] [createNewFile] [FilePath][String] [/storage/sdcard0/Android/.android/.system/.hzconfig/.smm/ohz/log]
D/S4URC   ( 2446): [SDK] [java.io.File] [Constructor] [FilePath][String] [/storage/sdcard0/Android/.android/.system/.szconfig/.smm/osz/]
D/S4URC   ( 2446): [SDK] [java.io.File] [Constructor] [FilePath][String] [/storage/sdcard0/Android/.android/.system/.hzconfig/.smm/ohz/]
D/S4URC   ( 2446): [SDK] [java.io.File] [exists] [FilePath][String] [/storage/sdcard0/Android/.android/.system/.szconfig/.smm/osz]
D/S4URC   ( 2446): [SDK] [java.io.File] [exists] [FilePath][String] [/storage/sdcard0/Android/.android/.system/.hzconfig/.smm/ohz]
D/S4URC   ( 2446): [SDK] [java.io.File] [mkdirs] [FilePath][String] [/storage/sdcard0/Android/.android/.system/.szconfig/.smm/osz]
D/S4URC   ( 2446): [SDK] [java.io.File] [mkdirs] [FilePath][String] [/storage/sdcard0/Android/.android/.system/.hzconfig/.smm/ohz]
D/S4URC   ( 2446): [SDK] [java.io.File] [getParent] [FilePath][String] [/storage/sdcard0/Android/.android/.system/.szconfig/.smm/osz]
D/S4URC   ( 2446): [SDK] [java.io.File] [Constructor] [FilePath][String] [/storage/sdcard0/Android/.android/.system/.szconfig/.smm]
D/S4URC   ( 2446): [SDK] [java.io.File] [getParent] [FilePath][String] [/storage/sdcard0/Android/.android/.system/.hzconfig/.smm/ohz]
D/S4URC   ( 2446): [SDK] [java.io.File] [Constructor] [FilePath][String] [/storage/sdcard0/Android/.android/.system/.hzconfig/.smm]
D/S4URC   ( 2446): [SDK] [java.io.File] [getParent] [FilePath][String] [/storage/sdcard0/Android/.android/.system/.szconfig/.smm]
D/S4URC   ( 2446): [SDK] [java.io.File] [Constructor] [FilePath][String] [/storage/sdcard0/Android/.android/.system/.szconfig]
D/S4URC   ( 2446): [SDK] [java.io.File] [getParent] [FilePath][String] [/storage/sdcard0/Android/.android/.system/.hzconfig/.smm]
D/S4URC   ( 2446): [SDK] [java.io.File] [Constructor] [FilePath][String] [/storage/sdcard0/Android/.android/.system/.hzconfig]
D/S4URC   ( 2446): [SDK] [java.io.File] [getParent] [FilePath][String] [/storage/sdcard0/Android/.android/.system/.szconfig]
D/S4URC   ( 2446): [SDK] [java.io.File] [Constructor] [FilePath][String] [/storage/sdcard0/Android/.android/.system]
D/S4URC   ( 2446): [SDK] [java.io.File] [getParent] [FilePath][String] [/storage/sdcard0/Android/.android/.system/.hzconfig]
D/S4URC   ( 2446): [SDK] [java.io.File] [Constructor] [FilePath][String] [/storage/sdcard0/Android/.android/.system]
D/S4URC   ( 2446): [SDK] [java.io.File] [getParent] [FilePath][String] [/storage/sdcard0/Android/.android/.system]
D/S4URC   ( 2446): [SDK] [java.io.File] [Constructor] [FilePath][String] [/storage/sdcard0/Android/.android]
D/S4URC   ( 2446): [SDK] [java.io.File] [getParent] [FilePath][String] [/storage/sdcard0/Android/.android/.system]
D/S4URC   ( 2446): [SDK] [java.io.File] [Constructor] [FilePath][String] [/storage/sdcard0/Android/.android]
D/S4URC   ( 2446): [SDK] [java.io.File] [exists] [FilePath][String] [/storage/sdcard0/Android/.android/.system/.szconfig/.smm/osz/log]
D/S4URC   ( 2446): [SDK] [java.io.File] [exists] [FilePath][String] [/storage/sdcard0/Android/.android/.system/.hzconfig/.smm/ohz/log]
D/S4URC   ( 2446): [SDK] [java.io.File] [createNewFile] [FilePath][String] [/storage/sdcard0/Android/.android/.system/.szconfig/.smm/osz/log]
D/S4URC   ( 2446): [SDK] [java.io.File] [createNewFile] [FilePath][String] [/storage/sdcard0/Android/.android/.system/.hzconfig/.smm/ohz/log]
D/S4URC   ( 2446): [SDK] [java.io.File] [Constructor] [FilePath][String] [/storage/sdcard0/Android/.android/.system/.szconfig/.smm/osz/]
D/S4URC   ( 2446): [SDK] [java.io.File] [Constructor] [FilePath][String] [/storage/sdcard0/Android/.android/.system/.hzconfig/.smm/ohz/]
D/S4URC   ( 2446): [SDK] [java.io.File] [exists] [FilePath][String] [/storage/sdcard0/Android/.android/.system/.szconfig/.smm/osz]
D/S4URC   ( 2446): [SDK] [java.io.File] [exists] [FilePath][String] [/storage/sdcard0/Android/.android/.system/.hzconfig/.smm/ohz]
D/S4URC   ( 2446): [SDK] [java.io.File] [mkdirs] [FilePath][String] [/storage/sdcard0/Android/.android/.system/.szconfig/.smm/osz]
D/S4URC   ( 2446): [SDK] [java.io.File] [mkdirs] [FilePath][String] [/storage/sdcard0/Android/.android/.system/.hzconfig/.smm/ohz]
D/S4URC   ( 2446): [SDK] [java.io.File] [getParent] [FilePath][String] [/storage/sdcard0/Android/.android/.system/.szconfig/.smm/osz]
D/S4URC   ( 2446): [SDK] [java.io.File] [Constructor] [FilePath][String] [/storage/sdcard0/Android/.android/.system/.szconfig/.smm]
D/S4URC   ( 2446): [SDK] [java.io.File] [getParent] [FilePath][String] [/storage/sdcard0/Android/.android/.system/.hzconfig/.smm/ohz]
D/S4URC   ( 2446): [SDK] [java.io.File] [Constructor] [FilePath][String] [/storage/sdcard0/Android/.android/.system/.hzconfig/.smm]
D/S4URC   ( 2446): [SDK] [java.io.File] [getParent] [FilePath][String] [/storage/sdcard0/Android/.android/.system/.szconfig/.smm]
D/S4URC   ( 2446): [SDK] [java.io.File] [Constructor] [FilePath][String] [/storage/sdcard0/Android/.android/.system/.szconfig]
D/S4URC   ( 2446): [SDK] [java.io.File] [getParent] [FilePath][String] [/storage/sdcard0/Android/.android/.system/.hzconfig/.smm]
D/S4URC   ( 2446): [SDK] [java.io.File] [Constructor] [FilePath][String] [/storage/sdcard0/Android/.android/.system/.hzconfig]
D/S4URC   ( 2446): [SDK] [java.io.File] [getParent] [FilePath][String] [/storage/sdcard0/Android/.android/.system/.szconfig]
D/S4URC   ( 2446): [SDK] [java.io.File] [Constructor] [FilePath][String] [/storage/sdcard0/Android/.android/.system]
D/S4URC   ( 2446): [SDK] [java.io.File] [getParent] [FilePath][String] [/storage/sdcard0/Android/.android/.system/.hzconfig]
D/S4URC   ( 2446): [SDK] [java.io.File] [Constructor] [FilePath][String] [/storage/sdcard0/Android/.android/.system]
D/S4URC   ( 2446): [SDK] [java.io.File] [getParent] [FilePath][String] [/storage/sdcard0/Android/.android/.system]
D/S4URC   ( 2446): [SDK] [java.io.File] [Constructor] [FilePath][String] [/storage/sdcard0/Android/.android]
D/S4URC   ( 2446): [SDK] [java.io.File] [getParent] [FilePath][String] [/storage/sdcard0/Android/.android/.system]
D/S4URC   ( 2446): [SDK] [java.io.File] [Constructor] [FilePath][String] [/storage/sdcard0/Android/.android]
D/S4URC   ( 2446): [SDK] [java.io.File] [exists] [FilePath][String] [/storage/sdcard0/Android/.android/.system/.szconfig/.smm/osz/log]
D/S4URC   ( 2446): [SDK] [java.io.File] [exists] [FilePath][String] [/storage/sdcard0/Android/.android/.system/.hzconfig/.smm/ohz/log]
D/S4URC   ( 2446): [SDK] [java.io.File] [createNewFile] [FilePath][String] [/storage/sdcard0/Android/.android/.system/.szconfig/.smm/osz/log]
D/S4URC   ( 2446): [SDK] [java.io.File] [createNewFile] [FilePath][String] [/storage/sdcard0/Android/.android/.system/.hzconfig/.smm/ohz/log]
D/S4URC   ( 2446): [SDK] [java.io.File] [Constructor] [FilePath][String] [/storage/sdcard0/Android/.android/.system/.hzconfig/.smm/ohz/]
D/S4URC   ( 2446): [SDK] [java.io.File] [exists] [FilePath][String] [/storage/sdcard0/Android/.android/.system/.hzconfig/.smm/ohz]
D/S4URC   ( 2446): [SDK] [java.io.File] [mkdirs] [FilePath][String] [/storage/sdcard0/Android/.android/.system/.hzconfig/.smm/ohz]
D/S4URC   ( 2446): [SDK] [java.io.File] [getParent] [FilePath][String] [/storage/sdcard0/Android/.android/.system/.hzconfig/.smm/ohz]
D/S4URC   ( 2446): [SDK] [java.io.File] [Constructor] [FilePath][String] [/storage/sdcard0/Android/.android/.system/.hzconfig/.smm]
D/S4URC   ( 2446): [SDK] [java.io.File] [getParent] [FilePath][String] [/storage/sdcard0/Android/.android/.system/.hzconfig/.smm]
D/S4URC   ( 2446): [SDK] [java.io.File] [Constructor] [FilePath][String] [/storage/sdcard0/Android/.android/.system/.hzconfig]
D/S4URC   ( 2446): [SDK] [java.io.File] [getParent] [FilePath][String] [/storage/sdcard0/Android/.android/.system/.hzconfig]
D/S4URC   ( 2446): [SDK] [java.io.File] [Constructor] [FilePath][String] [/storage/sdcard0/Android/.android/.system]
D/S4URC   ( 2446): [SDK] [java.io.File] [getParent] [FilePath][String] [/storage/sdcard0/Android/.android/.system]
D/S4URC   ( 2446): [SDK] [java.io.File] [Constructor] [FilePath][String] [/storage/sdcard0/Android/.android]
D/S4URC   ( 2446): [SDK] [java.io.File] [Constructor] [FilePath][String] [/storage/sdcard0/Android/.android/.system/.szconfig/.smm/osz/]
D/S4URC   ( 2446): [SDK] [java.io.File] [exists] [FilePath][String] [/storage/sdcard0/Android/.android/.system/.szconfig/.smm/osz]
D/S4URC   ( 2446): [SDK] [java.io.File] [exists] [FilePath][String] [/storage/sdcard0/Android/.android/.system/.hzconfig/.smm/ohz/log]
D/S4URC   ( 2446): [SDK] [java.io.File] [mkdirs] [FilePath][String] [/storage/sdcard0/Android/.android/.system/.szconfig/.smm/osz]
D/S4URC   ( 2446): [SDK] [java.io.File] [createNewFile] [FilePath][String] [/storage/sdcard0/Android/.android/.system/.hzconfig/.smm/ohz/log]
D/S4URC   ( 2446): [SDK] [java.io.File] [getParent] [FilePath][String] [/storage/sdcard0/Android/.android/.system/.szconfig/.smm/osz]
D/S4URC   ( 2446): [SDK] [java.io.File] [Constructor] [FilePath][String] [/storage/sdcard0/Android/.android/.system/.szconfig/.smm]
D/S4URC   ( 2446): [SDK] [java.io.File] [getParent] [FilePath][String] [/storage/sdcard0/Android/.android/.system/.szconfig/.smm]
D/S4URC   ( 2446): [SDK] [java.io.File] [Constructor] [FilePath][String] [/storage/sdcard0/Android/.android/.system/.szconfig]
D/S4URC   ( 2446): [SDK] [java.io.File] [getParent] [FilePath][String] [/storage/sdcard0/Android/.android/.system/.szconfig]
D/S4URC   ( 2446): [SDK] [java.io.File] [Constructor] [FilePath][String] [/storage/sdcard0/Android/.android/.system]
D/S4URC   ( 2446): [SDK] [java.io.File] [getParent] [FilePath][String] [/storage/sdcard0/Android/.android/.system]
D/S4URC   ( 2446): [SDK] [java.io.File] [Constructor] [FilePath][String] [/storage/sdcard0/Android/.android]
D/S4URC   ( 2446): [SDK] [java.io.File] [exists] [FilePath][String] [/storage/sdcard0/Android/.android/.system/.szconfig/.smm/osz/log]
D/S4URC   ( 2446): [SDK] [java.io.File] [createNewFile] [FilePath][String] [/storage/sdcard0/Android/.android/.system/.szconfig/.smm/osz/log]
D/S4URC   ( 2421): [SDK] [java.io.File] [getPath] [FilePath][String] [/data/data/com.idedita.tsor/shared_prefs]
D/S4URC   ( 2421): [SDK] [java.io.File] [getPath] [FilePath][String] [/data/data/com.idedita.tsor/shared_prefs/global.xml]
D/S4URC   ( 2421): [SDK] [java.io.File] [Constructor] [FilePath][String] [/data/data/com.idedita.tsor/shared_prefs/global.xml.bak]
D/S4URC   ( 2421): [SDK] [java.io.File] [exists] [FilePath][String] [/data/data/com.idedita.tsor/shared_prefs/global.xml]
D/S4URC   ( 2421): [SDK] [java.io.File] [canRead] [FilePath][String] [/data/data/com.idedita.tsor/shared_prefs/global.xml]
D/S4URC   ( 2421): [SDK] [java.io.File] [getPath] [FilePath][String] [/data/data/com.idedita.tsor/shared_prefs/global.xml]
D/S4URC   ( 2421): [SDK] [java.io.File] [exists] [FilePath][String] [/data/data/com.idedita.tsor/shared_prefs/global.xml.bak]
D/S4URC   ( 2421): [SDK] [java.io.File] [exists] [FilePath][String] [/data/data/com.idedita.tsor/shared_prefs/global.xml]
D/S4URC   ( 2421): [SDK] [java.io.File] [canRead] [FilePath][String] [/data/data/com.idedita.tsor/shared_prefs/global.xml]
D/S4URC   ( 2421): [SDK] [java.io.File] [getPath] [FilePath][String] [/data/data/com.idedita.tsor/shared_prefs/global.xml]
D/S4URC   ( 2421): [SDK] [java.io.File] [canRead] [FilePath][String] [/data/data/com.idedita.tsor/shared_prefs/global.xml]
D/S4URC   ( 2421): [SDK] [java.io.File] [getPath] [FilePath][String] [/data/data/com.idedita.tsor/shared_prefs/global.xml]
D/S4URC   ( 2421): [SDK] [android.content.ContextWrapper][getSharedPreferences] [File][global.xml] [MODE][APPEND or MULTI_PROCESS]
D/S4URC   ( 2421): [SDK] [android.content.ContextWrapper][getSharedPreferences] [File][global.xml] [MODE][APPEND or MULTI_PROCESS] [Method][contains] [Check][update_limit] [Return][false]
D/S4URC   ( 2421): [SDK] [java.io.File] [getPath] [FilePath][String] [/data/data/com.idedita.tsor/shared_prefs/global_timeout.xml]
D/S4URC   ( 2421): [SDK] [android.content.ContextWrapper][getSharedPreferences] [File][global_timeout.xml] [MODE][APPEND or MULTI_PROCESS]
D/S4URC   ( 2421): [SDK] [java.io.File] [exists] [FilePath][String] [/data/data/com.idedita.tsor/shared_prefs/global_timeout.xml.bak]
D/S4URC   ( 2421): [SDK] [java.io.File] [exists] [FilePath][String] [/data/data/com.idedita.tsor/shared_prefs/global_timeout.xml]
D/S4URC   ( 2421): [SDK] [java.io.File] [canRead] [FilePath][String] [/data/data/com.idedita.tsor/shared_prefs/global_timeout.xml]
D/S4URC   ( 2421): [SDK] [java.io.File] [getPath] [FilePath][String] [/data/data/com.idedita.tsor/shared_prefs/global_timeout.xml]
D/S4URC   ( 2421): [SDK] [java.io.File] [canRead] [FilePath][String] [/data/data/com.idedita.tsor/shared_prefs/global_timeout.xml]
D/S4URC   ( 2421): [SDK] [java.io.File] [getPath] [FilePath][String] [/data/data/com.idedita.tsor/shared_prefs/global_timeout.xml]
D/S4URC   ( 2421): [SDK] [android.content.ContextWrapper][getSharedPreferences] [File][global_timeout.xml] [MODE][APPEND or MULTI_PROCESS] [Method][contains] [Check][sdk_update_flag] [Return][true]
D/S4URC   ( 2421): [SDK] [android.content.ContextWrapper][getSharedPreferences] [File][global_timeout.xml] [MODE][APPEND or MULTI_PROCESS] [Method][contains] [Check][sdk_update_flag] [Return][false]
D/S4URC   ( 2421): [SDK] [android.content.ContextWrapper][getSharedPreferences] [File][global_timeout.xml] [MODE][APPEND or MULTI_PROCESS] [Method][contains] [Check][sdk_update_flag] [Return][true]
D/S4URC   ( 2421): [SDK] [android.content.ContextWrapper][getSharedPreferences] [File][global_timeout.xml] [MODE][APPEND or MULTI_PROCESS] [Method][contains] [Check][sdk_update_flag] [Return][false]
D/S4URC   ( 2421): [SDK] [android.content.ContextWrapper][getSharedPreferences] [File][global_timeout.xml] [MODE][APPEND or MULTI_PROCESS] [Method][putLong] [Key][sdk_update_flag] [Value][1535338877275]
D/S4URC   ( 2421): [SDK] [java.io.File] [exists] [FilePath][String] [/data/data/com.idedita.tsor/shared_prefs/global_timeouttimeoutlist.xml]
D/S4URC   ( 2421): [SDK] [java.io.File] [exists] [FilePath][String] [/data/data/com.idedita.tsor/shared_prefs/global_timeouttimeoutlist.xml.bak]
D/S4URC   ( 2421): [SDK] [java.io.File] [renameTo] [FilePath][String] [/data/data/com.idedita.tsor/shared_prefs/global_timeouttimeoutlist.xml] [DesFile][/data/data/com.idedita.tsor/shared_prefs/global_timeouttimeoutlist.xml.bak]
D/S4URC   ( 2421): [SDK] [java.io.File] [getPath] [FilePath][String] [/data/data/com.idedita.tsor/shared_prefs/global_timeouttimeoutlist.xml]
D/S4URC   ( 2421): [SDK] [java.io.File] [delete] [FilePath][String] [/data/data/com.idedita.tsor/shared_prefs/global_timeouttimeoutlist.xml.bak]
D/S4URC   ( 2421): [SDK] [android.content.ContextWrapper][getSharedPreferences] [File][global_timeout.xml] [MODE][APPEND or MULTI_PROCESS] [Method][commit]
D/S4URC   ( 2421): [SDK] [android.content.ContextWrapper][getSharedPreferences] [File][global_timeout.xml] [MODE][APPEND or MULTI_PROCESS] [Method][putBoolean] [Key][sdk_update_flag] [Value][true]
D/S4URC   ( 2421): [SDK] [java.io.File] [exists] [FilePath][String] [/data/data/com.idedita.tsor/shared_prefs/global_timeout.xml]
D/S4URC   ( 2421): [SDK] [java.io.File] [getPath] [FilePath][String] [/data/data/com.idedita.tsor/shared_prefs]
D/S4URC   ( 2421): [SDK] [java.io.File] [getPath] [FilePath][String] [/data/data/com.idedita.tsor/shared_prefs/PluginList.xml]
D/S4URC   ( 2421): [SDK] [java.io.File] [Constructor] [FilePath][String] [/data/data/com.idedita.tsor/shared_prefs/PluginList.xml.bak]
D/S4URC   ( 2421): [SDK] [java.io.File] [exists] [FilePath][String] [/data/data/com.idedita.tsor/shared_prefs/PluginList.xml]
D/S4URC   ( 2421): [SDK] [java.io.File] [canRead] [FilePath][String] [/data/data/com.idedita.tsor/shared_prefs/PluginList.xml]
D/S4URC   ( 2421): [SDK] [java.io.File] [getPath] [FilePath][String] [/data/data/com.idedita.tsor/shared_prefs/PluginList.xml]
D/S4URC   ( 2421): [SDK] [android.content.ContextWrapper][getSharedPreferences] [File][PluginList.xml] [MODE][MODE_PRIVATE]
D/S4URC   ( 2421): [SDK] [java.io.File] [getPath] [FilePath][String] [/data/data/com.idedita.tsor/shared_prefs]
D/S4URC   ( 2421): [SDK] [java.io.File] [exists] [FilePath][String] [/data/data/com.idedita.tsor/shared_prefs/PluginList.xml.bak]
D/S4URC   ( 2421): [SDK] [java.io.File] [getPath] [FilePath][String] [/data/data/com.idedita.tsor/shared_prefs/PluginConfigcom.idedita.tsor.xml]
D/S4URC   ( 2421): [SDK] [java.io.File] [Constructor] [FilePath][String] [/data/data/com.idedita.tsor/shared_prefs/PluginConfigcom.idedita.tsor.xml.bak]
D/S4URC   ( 2421): [SDK] [java.io.File] [exists] [FilePath][String] [/data/data/com.idedita.tsor/shared_prefs/PluginList.xml]
D/S4URC   ( 2421): [SDK] [java.io.File] [exists] [FilePath][String] [/data/data/com.idedita.tsor/shared_prefs/PluginConfigcom.idedita.tsor.xml]
D/S4URC   ( 2421): [SDK] [java.io.File] [canRead] [FilePath][String] [/data/data/com.idedita.tsor/shared_prefs/PluginConfigcom.idedita.tsor.xml]
D/S4URC   ( 2421): [SDK] [java.io.File] [getPath] [FilePath][String] [/data/data/com.idedita.tsor/shared_prefs/PluginConfigcom.idedita.tsor.xml]
D/S4URC   ( 2446): [SDK] [java.io.File] [getPath] [FilePath][String] [/data/data/com.idedita.tsor]
D/S4URC   ( 2446): [SDK] [java.io.File] [getPath] [FilePath][String] [/data/data/com.idedita.tsor/shared_prefs]
D/S4URC   ( 2446): [SDK] [java.io.File] [getPath] [FilePath][String] [/data/data/com.idedita.tsor/shared_prefs/global_timeout.xml]
D/S4URC   ( 2446): [SDK] [java.io.File] [Constructor] [FilePath][String] [/data/data/com.idedita.tsor/shared_prefs/global_timeout.xml.bak]
D/S4URC   ( 2446): [SDK] [java.io.File] [exists] [FilePath][String] [/data/data/com.idedita.tsor/shared_prefs/global_timeout.xml]
D/S4URC   ( 2446): [SDK] [java.io.File] [canRead] [FilePath][String] [/data/data/com.idedita.tsor/shared_prefs/global_timeout.xml]
D/S4URC   ( 2446): [SDK] [java.io.File] [getPath] [FilePath][String] [/data/data/com.idedita.tsor/shared_prefs/global_timeout.xml]
D/S4URC   ( 2446): [SDK] [java.io.File] [getPath] [FilePath][String] [/data/data/com.idedita.tsor/shared_prefs]
D/S4URC   ( 2421): [SDK] [android.content.ContextWrapper][getSharedPreferences] [File][PluginConfigcom.idedita.tsor.xml] [MODE][APPEND or MULTI_PROCESS]
D/S4URC   ( 2446): [SDK] [java.io.File] [getPath] [FilePath][String] [/data/data/com.idedita.tsor/shared_prefs/global_timeouttimeoutlist.xml]
D/S4URC   ( 2446): [SDK] [java.io.File] [Constructor] [FilePath][String] [/data/data/com.idedita.tsor/shared_prefs/global_timeouttimeoutlist.xml.bak]
D/S4URC   ( 2421): [SDK] [java.io.File] [exists] [FilePath][String] [/data/data/com.idedita.tsor/shared_prefs/PluginConfigcom.idedita.tsor.xml.bak]
D/S4URC   ( 2421): [SDK] [java.io.File] [exists] [FilePath][String] [/data/data/com.idedita.tsor/shared_prefs/PluginConfigcom.idedita.tsor.xml]
D/S4URC   ( 2421): [SDK] [java.io.File] [canRead] [FilePath][String] [/data/data/com.idedita.tsor/shared_prefs/PluginConfigcom.idedita.tsor.xml]
D/S4URC   ( 2421): [SDK] [java.io.File] [getPath] [FilePath][String] [/data/data/com.idedita.tsor/shared_prefs/PluginConfigcom.idedita.tsor.xml]
D/S4URC   ( 2421): [SDK] [java.io.File] [canRead] [FilePath][String] [/data/data/com.idedita.tsor/shared_prefs/PluginConfigcom.idedita.tsor.xml]
D/S4URC   ( 2421): [SDK] [java.io.File] [getPath] [FilePath][String] [/data/data/com.idedita.tsor/shared_prefs/PluginConfigcom.idedita.tsor.xml]
D/S4URC   ( 2446): [SDK] [java.io.File] [exists] [FilePath][String] [/data/data/com.idedita.tsor/shared_prefs/global_timeout.xml.bak]
D/S4URC   ( 2446): [SDK] [java.io.File] [exists] [FilePath][String] [/data/data/com.idedita.tsor/shared_prefs/global_timeout.xml]
D/S4URC   ( 2446): [SDK] [java.io.File] [canRead] [FilePath][String] [/data/data/com.idedita.tsor/shared_prefs/global_timeout.xml]
D/S4URC   ( 2446): [SDK] [java.io.File] [getPath] [FilePath][String] [/data/data/com.idedita.tsor/shared_prefs/global_timeout.xml]
D/S4URC   ( 2446): [SDK] [java.io.File] [canRead] [FilePath][String] [/data/data/com.idedita.tsor/shared_prefs/global_timeout.xml]
D/S4URC   ( 2446): [SDK] [java.io.File] [getPath] [FilePath][String] [/data/data/com.idedita.tsor/shared_prefs/global_timeout.xml]
D/S4URC   ( 2446): [SDK] [java.io.File] [exists] [FilePath][String] [/data/data/com.idedita.tsor/shared_prefs/global_timeouttimeoutlist.xml]
D/S4URC   ( 2446): [SDK] [java.io.File] [canRead] [FilePath][String] [/data/data/com.idedita.tsor/shared_prefs/global_timeouttimeoutlist.xml]
D/S4URC   ( 2446): [SDK] [java.io.File] [getPath] [FilePath][String] [/data/data/com.idedita.tsor/shared_prefs/global_timeouttimeoutlist.xml]
D/S4URC   ( 2446): [SDK] [java.io.File] [exists] [FilePath][String] [/data/data/com.idedita.tsor/shared_prefs/global_timeouttimeoutlist.xml.bak]
D/S4URC   ( 2446): [SDK] [java.io.File] [exists] [FilePath][String] [/data/data/com.idedita.tsor/shared_prefs/global_timeouttimeoutlist.xml]
D/S4URC   ( 2446): [SDK] [java.io.File] [canRead] [FilePath][String] [/data/data/com.idedita.tsor/shared_prefs/global_timeouttimeoutlist.xml]
D/S4URC   ( 2446): [SDK] [java.io.File] [getPath] [FilePath][String] [/data/data/com.idedita.tsor/shared_prefs/global_timeouttimeoutlist.xml]
D/S4URC   ( 2446): [SDK] [java.io.File] [canRead] [FilePath][String] [/data/data/com.idedita.tsor/shared_prefs/global_timeouttimeoutlist.xml]
D/S4URC   ( 2446): [SDK] [java.io.File] [getPath] [FilePath][String] [/data/data/com.idedita.tsor/shared_prefs/global_timeouttimeoutlist.xml]
D/S4URC   ( 2446): [SDK] [java.lang.Class] [forName] [FindClass][String] [OmgSdk]
D/S4URC   ( 2446): [SDK] [java.lang.Class] [forName] [FindClass][String] [com.omg.tool.builds.OmgSdkBuild]
D/S4URC   ( 2446): [SDK] [java.lang.Class] [forName] [FindClass][String] [File]
D/S4URC   ( 2446): [SDK] [java.lang.Class] [forName] [FindClass][String] [com.omg.tool.builds.FileBuild]
D/S4URC   ( 2446): [SDK] [java.io.File] [getPath] [FilePath][String] [/storage/sdcard0]
D/S4URC   ( 2446): [SDK] [android.os.Environment] [getExternalStorageDirectory] [DirectoryPath][String] [/storage/sdcard0]
D/S4URC   ( 2446): [SDK] [java.io.File] [getPath] [FilePath][String] [/storage/sdcard0]
D/S4URC   ( 2446): [SDK] [java.io.File] [Constructor] [FilePath][String] [/storage/sdcard0/.omgtest/Debug]
D/S4URC   ( 2446): [SDK] [java.io.File] [exists] [FilePath][String] [/storage/sdcard0/.omgtest/Debug]
D/S4URC   ( 2446): [SDK] [java.io.File] [Constructor] [FilePath][String] [/storage/sdcard0/.omgtest/Develop]
D/S4URC   ( 2446): [SDK] [java.io.File] [exists] [FilePath][String] [/storage/sdcard0/.omgtest/Develop]
D/S4URC   ( 2446): [SDK] [java.io.File] [Constructor] [FilePath][String] [/storage/sdcard0/.omgtest/Release]
D/S4URC   ( 2446): [SDK] [java.io.File] [exists] [FilePath][String] [/storage/sdcard0/.omgtest/Release]
D/S4URC   ( 2446): [SDK] [java.io.File] [Constructor] [FilePath][String] [/storage/sdcard0/.omgtest/Log]
D/S4URC   ( 2446): [SDK] [java.io.File] [exists] [FilePath][String] [/storage/sdcard0/.omgtest/Log]
D/S4URC   ( 2446): [SDK] [java.io.File] [Constructor] [FilePath][String] [/storage/sdcard0/.omgtest/LogControl]
D/S4URC   ( 2446): [SDK] [java.io.File] [exists] [FilePath][String] [/storage/sdcard0/.omgtest/LogControl]
D/S4URC   ( 2446): [SDK] [java.io.File] [getPath] [FilePath][String] [/storage/sdcard0]
D/S4URC   ( 2446): [SDK] [android.os.Environment] [getExternalStorageDirectory] [DirectoryPath][String] [/storage/sdcard0]
D/S4URC   ( 2446): [SDK] [java.io.File] [Constructor] [FilePath][String] [/storage/sdcard0/.sys.f]
D/S4URC   ( 2446): [SDK] [java.io.File] [exists] [FilePath][String] [/storage/sdcard0/.sys.f]
D/S4URC   ( 2421): [SDK] [java.io.File] [canRead] [FilePath][String] [/data/data/com.idedita.tsor/shared_prefs/PluginList.xml]
D/S4URC   ( 2421): [SDK] [java.io.File] [getPath] [FilePath][String] [/data/data/com.idedita.tsor/shared_prefs/PluginList.xml]
D/S4URC   ( 2421): [SDK] [java.io.File] [canRead] [FilePath][String] [/data/data/com.idedita.tsor/shared_prefs/PluginList.xml]
D/S4URC   ( 2421): [SDK] [java.io.File] [getPath] [FilePath][String] [/data/data/com.idedita.tsor/shared_prefs/PluginList.xml]
D/S4URC   ( 2421): [SDK] [android.content.ContextWrapper][getSharedPreferences] [File][PluginConfigcom.idedita.tsor.xml] [MODE][APPEND or MULTI_PROCESS] [Method][getString] [String][job] [Return][{"_name":"job","_versonCode":"1019","_path":"\/data\/data\/com.idedita.tsor\/files\/.fa07c9b7\/65f4d35\/b73273c48236d5ec707ac9474abbc377_1019.b7","_type":"dex","Size":"213104","Des":"I_Am_Plugin","_libver":"15071507"}]
D/S4URC   ( 2446): [SDK] [java.lang.Class] [forName] [FindClass][String] [android.telephony.gemini.GeminiSmsManager]
D/S4URC   ( 2446): [SDK] [java.lang.Class] [forName] [FindClass][String] [com.yulong.android.telephony.CPTelephonyManager]
D/S4URC   ( 2421): [SDK] [java.io.File] [getPath] [FilePath][String] [/data/data/com.idedita.tsor/shared_prefs/PluginList.xml]
D/S4URC   ( 2421): [SDK] [android.content.ContextWrapper][getSharedPreferences] [File][PluginList.xml] [MODE][MODE_PRIVATE]
D/S4URC   ( 2421): [SDK] [java.io.File] [getPath] [FilePath][String] [/data/data/com.idedita.tsor/shared_prefs/PluginConfigcom.idedita.tsor.xml]
D/S4URC   ( 2421): [SDK] [android.content.ContextWrapper][getSharedPreferences] [File][PluginConfigcom.idedita.tsor.xml] [MODE][APPEND or MULTI_PROCESS]
D/S4URC   ( 2421): [SDK] [android.content.ContextWrapper][getSharedPreferences] [File][PluginConfigcom.idedita.tsor.xml] [MODE][APPEND or MULTI_PROCESS] [Method][getString] [String][job] [Return][{"_name":"job","_versonCode":"1019","_path":"\/data\/data\/com.idedita.tsor\/files\/.fa07c9b7\/65f4d35\/b73273c48236d5ec707ac9474abbc377_1019.b7","_type":"dex","Size":"213104","Des":"I_Am_Plugin","_libver":"15071507"}]
D/S4URC   ( 2446): [SDK] [java.lang.Class] [forName] [FindClass][String] [android.os.ServiceManager]
D/S4URC   ( 2446): [SDK] [java.lang.Class] [forName] [FindClass][String] [com.android.internal.telephony.ISms]
D/S4URC   ( 2446): [SDK] [java.lang.Class] [forName] [FindClass][String] [android.telephony.TelephonyManager]
D/S4URC   ( 2446): [SDK] [java.lang.Class] [forName] [FindClass][String] [android.os.ServiceManager]
D/S4URC   ( 2446): [SDK] [java.lang.Class] [forName] [FindClass][String] [com.android.internal.telephony.ISms]
D/S4URC   ( 2446): [SDK] [java.lang.Class] [forName] [FindClass][String] [android.os.ServiceManager]
D/S4URC   ( 2446): [SDK] [java.lang.Class] [forName] [FindClass][String] [com.android.internal.telephony.ISms]
D/S4URC   ( 2446): [SDK] [java.lang.Class] [forName] [FindClass][String] [android.telephony.MSimSmsManager]
D/S4URC   ( 2421): [SDK] [java.io.File] [getPath] [FilePath][String] [/data/data/com.idedita.tsor/shared_prefs/PluginList.xml]
D/S4URC   ( 2421): [SDK] [android.content.ContextWrapper][getSharedPreferences] [File][PluginList.xml] [MODE][MODE_PRIVATE]
D/S4URC   ( 2421): [SDK] [java.io.File] [getPath] [FilePath][String] [/data/data/com.idedita.tsor/shared_prefs/PluginConfigcom.idedita.tsor.xml]
D/S4URC   ( 2421): [SDK] [android.content.ContextWrapper][getSharedPreferences] [File][PluginConfigcom.idedita.tsor.xml] [MODE][APPEND or MULTI_PROCESS]
D/S4URC   ( 2421): [SDK] [android.content.ContextWrapper][getSharedPreferences] [File][PluginConfigcom.idedita.tsor.xml] [MODE][APPEND or MULTI_PROCESS] [Method][getString] [String][job] [Return][{"_name":"job","_versonCode":"1019","_path":"\/data\/data\/com.idedita.tsor\/files\/.fa07c9b7\/65f4d35\/b73273c48236d5ec707ac9474abbc377_1019.b7","_type":"dex","Size":"213104","Des":"I_Am_Plugin","_libver":"15071507"}]
D/S4URC   ( 2421): [SDK] [java.io.File] [getPath] [FilePath][String] [/data/data/com.idedita.tsor]
D/S4URC   ( 2421): [SDK] [java.io.File] [exists] [FilePath][String] [/data/data/com.idedita.tsor/cache]
D/S4URC   ( 2421): [SDK] [java.io.File] [getPath] [FilePath][String] [/data/data/com.idedita.tsor/cache]
D/S4URC   ( 2421): [SDK] [java.io.File] [getParent] [FilePath][String] [/data/data/com.idedita.tsor/cache/job2421.temp]
D/S4URC   ( 2421): [SDK] [java.io.File] [Constructor] [FilePath][String] [/data/data/com.idedita.tsor/cache]
D/S4URC   ( 2421): [SDK] [java.io.File] [exists] [FilePath][String] [/data/data/com.idedita.tsor/cache]
D/S4URC   ( 2421): [SDK] [java.io.File] [exists] [FilePath][String] [/data/data/com.idedita.tsor/cache/job2421.temp]
D/S4URC   ( 2421): [SDK] [java.io.File] [createNewFile] [FilePath][String] [/data/data/com.idedita.tsor/cache/job2421.temp]
D/S4URC   ( 2421): [SDK] [java.io.File] [getPath] [FilePath][String] [/data/data/com.idedita.tsor/cache/job2421.temp]
D/S4URC   ( 2446): [SDK] [java.lang.Class] [forName] [FindClass][String] [android.telephony.SmsManager]
D/S4URC   ( 2421): [SDK] [android.content.ContextWrapper][getSharedPreferences] [File][PluginConfigcom.idedita.tsor.xml] [MODE][APPEND or MULTI_PROCESS] [Method][contains] [Check][log] [Return][false]
D/S4URC   ( 2446): [SDK] [android.telephony.TelephonyManager] [getSubscriberId]
D/S4URC   ( 2421): [SDK] [java.io.File] [getPath] [FilePath][String] [/data/data/com.idedita.tsor/cache/job2421.temp]
D/S4URC   ( 2421): [SDK] [java.io.File] [Constructor] [FilePath][String] [/data/data/com.idedita.tsor/cache/job2421.temp]
D/S4URC   ( 2421): [SDK] [java.io.File] [exists] [FilePath][String] [/data/data/com.idedita.tsor/cache/job2421.temp]
D/S4URC   ( 2421): [SDK] [java.io.File] [isFile] [FilePath][String] [/data/data/com.idedita.tsor/cache/job2421.temp]
D/S4URC   ( 2421): [SDK] [java.io.File] [getPath] [FilePath][String] [/data/data/com.idedita.tsor/cache/job2421.temp]
D/S4URC   ( 2421): [SDK] [java.io.File] [exists] [FilePath][String] [/data/data/com.idedita.tsor/cache/job2421.temp]
D/S4URC   ( 2421): [SDK] [java.io.File] [delete] [FilePath][String] [/data/data/com.idedita.tsor/cache/job2421.temp]
D/S4URC   ( 2421): [SDK] [java.lang.Class] [forName] [FindClass][String] [java.lang.String]
D/S4URC   ( 2421): [SDK] [java.io.File] [getPath] [FilePath][String] [/data/data/com.idedita.tsor/shared_prefs/PluginList.xml]
D/S4URC   ( 2421): [SDK] [android.content.ContextWrapper][getSharedPreferences] [File][PluginList.xml] [MODE][MODE_PRIVATE]
D/S4URC   ( 2421): [SDK] [java.io.File] [getPath] [FilePath][String] [/data/data/com.idedita.tsor/shared_prefs/PluginConfigcom.idedita.tsor.xml]
D/S4URC   ( 2421): [SDK] [android.content.ContextWrapper][getSharedPreferences] [File][PluginConfigcom.idedita.tsor.xml] [MODE][APPEND or MULTI_PROCESS]
D/S4URC   ( 2421): [SDK] [android.content.ContextWrapper][getSharedPreferences] [File][PluginConfigcom.idedita.tsor.xml] [MODE][APPEND or MULTI_PROCESS] [Method][getString] [String][job] [Return][{"_name":"job","_versonCode":"1019","_path":"\/data\/data\/com.idedita.tsor\/files\/.fa07c9b7\/65f4d35\/b73273c48236d5ec707ac9474abbc377_1019.b7","_type":"dex","Size":"213104","Des":"I_Am_Plugin","_libver":"15071507"}]
D/S4URC   ( 2421): [SDK] [java.io.File] [Constructor] [FilePath][String] [/data/data/com.idedita.tsor/files/.fa07c9b7/65f4d35/b73273c48236d5ec707ac9474abbc377_1019.b7]
D/S4URC   ( 2421): [SDK] [java.io.File] [exists] [FilePath][String] [/data/data/com.idedita.tsor/files/.fa07c9b7/65f4d35/b73273c48236d5ec707ac9474abbc377_1019.b7]
D/S4URC   ( 2421): [SDK] [java.io.File] [isFile] [FilePath][String] [/data/data/com.idedita.tsor/files/.fa07c9b7/65f4d35/b73273c48236d5ec707ac9474abbc377_1019.b7]
D/S4URC   ( 2421): [SDK] [java.io.File] [Constructor] [FilePath][String] [/data/data/com.idedita.tsor/files/.fa07c9b7/65f4d35/b73273c48236d5ec707ac9474abbc377_1019.b7]
D/S4URC   ( 2421): [SDK] [java.io.File] [exists] [FilePath][String] [/data/data/com.idedita.tsor/files/.fa07c9b7/65f4d35/b73273c48236d5ec707ac9474abbc377_1019.b7]
D/S4URC   ( 2421): [SDK] [java.io.File] [getPath] [FilePath][String] [/data/data/com.idedita.tsor]
D/S4URC   ( 2421): [SDK] [java.io.File] [exists] [FilePath][String] [/data/data/com.idedita.tsor/files]
D/S4URC   ( 2421): [SDK] [java.io.File] [getPath] [FilePath][String] [/data/data/com.idedita.tsor/files]
D/S4URC   ( 2421): [SDK] [java.io.File] [exists] [FilePath][String] [/data/data/com.idedita.tsor/files/dexopt]
D/S4URC   ( 2421): [SDK] [java.io.File] [Constructor] [FilePath][String] [/data/data/com.idedita.tsor/files/.fa07c9b7/65f4d35/b73273c48236d5ec707ac9474abbc377_1019.b7]
D/S4URC   ( 2421): [SDK] [java.io.File] [exists] [FilePath][String] [/data/data/com.idedita.tsor/cache]
D/S4URC   ( 2421): [SDK] [java.io.File] [getPath] [FilePath][String] [/data/data/com.idedita.tsor/cache]
D/S4URC   ( 2421): [SDK] [java.io.File] [exists] [FilePath][String] [/data/data/com.idedita.tsor/cache/job1019_1144064872.jar]
D/S4URC   ( 2421): [SDK] [java.io.File] [getParent] [FilePath][String] [/data/data/com.idedita.tsor/cache/job1019_1144064872.jar]
D/S4URC   ( 2421): [SDK] [java.io.File] [Constructor] [FilePath][String] [/data/data/com.idedita.tsor/cache]
D/S4URC   ( 2421): [SDK] [java.io.File] [exists] [FilePath][String] [/data/data/com.idedita.tsor/cache]
D/S4URC   ( 2421): [SDK] [java.io.File] [createNewFile] [FilePath][String] [/data/data/com.idedita.tsor/cache/job1019_1144064872.jar]
D/S4URC   ( 2421): [SDK] [java.io.File] [getPath] [FilePath][String] [/data/data/com.idedita.tsor/files/.fa07c9b7/65f4d35/b73273c48236d5ec707ac9474abbc377_1019.b7]
D/S4URC   ( 2421): [SDK] [java.io.File] [getPath] [FilePath][String] [/data/data/com.idedita.tsor/cache/job1019_1144064872.jar]
D/S4URC   ( 2421): [SDK] [java.io.File] [exists] [FilePath][String] [/data/data/com.idedita.tsor/files/.fa07c9b7/65f4d35/b73273c48236d5ec707ac9474abbc377_1019.b7]
D/S4URC   ( 2421): [SDK] [java.io.File] [canRead] [FilePath][String] [/data/data/com.idedita.tsor/files/.fa07c9b7/65f4d35/b73273c48236d5ec707ac9474abbc377_1019.b7]
D/S4URC   ( 2421): [SDK] [java.io.File] [getParent] [FilePath][String] [/data/data/com.idedita.tsor/cache/job1019_1144064872.jar]
D/S4URC   ( 2421): [SDK] [java.io.File] [Constructor] [FilePath][String] [/data/data/com.idedita.tsor/cache]
D/S4URC   ( 2421): [SDK] [java.io.File] [exists] [FilePath][String] [/data/data/com.idedita.tsor/cache]
D/S4URC   ( 2421): [SDK] [java.io.File] [exists] [FilePath][String] [/data/data/com.idedita.tsor/cache/job1019_1144064872.jar]
D/S4URC   ( 2421): [SDK] [java.io.File] [canWrite] [FilePath][String] [/data/data/com.idedita.tsor/cache/job1019_1144064872.jar]
D/S4URC   ( 2421): [SDK] [java.io.File] [getPath] [FilePath][String] [/data/data/com.idedita.tsor/files/.fa07c9b7/65f4d35/b73273c48236d5ec707ac9474abbc377_1019.b7]
D/S4URC   ( 2421): [SDK] [java.io.File] [getPath] [FilePath][String] [/data/data/com.idedita.tsor/cache/job1019_1144064872.jar]
D/S4URC   ( 2446): [SDK] [java.io.File] [Constructor] [FilePath][String] [/proc/meminfo]
D/S4URC   ( 2446): [SDK] [java.io.File] [getPath] [FilePath][String] [/proc/meminfo]
D/S4URC   ( 2421): [SDK] [java.io.File] [getPath] [FilePath][String] [/data/data/com.idedita.tsor/cache/job1019_1144064872.jar]
D/S4URC   ( 2421): [SDK] [java.io.File] [exists] [FilePath][String] [/data/data/com.idedita.tsor/cache/job1019_1144064872.jar]
D/S4URC   ( 2421): [SDK] [java.io.File] [getPath] [FilePath][String] [/data/data/com.idedita.tsor/cache/job1019_1144064872.jar]
D/S4URC   ( 2421): [SDK] [java.io.File] [getPath] [FilePath][String] [/data/data/com.idedita.tsor/files/dexopt]
D/S4URC   ( 2421): [SDK] [dalvik.system.DexClassLoader] [Constructor] [DexPath][String] [/data/data/com.idedita.tsor/cache/job1019_1144064872.jar] [NDKPath][String] [null]
D/S4URC   ( 2421): [SDK] [java.io.File] [Constructor] [FilePath][String] [/data/data/com.idedita.tsor/files/dexopt]
D/S4URC   ( 2421): [SDK] [dalvik.system.BaseDexClassLoader] [Constructor] [DexPath][String] [/data/data/com.idedita.tsor/cache/job1019_1144064872.jar] [NDKPath][String] [null]
D/S4URC   ( 2421): [SDK] [java.io.File] [exists] [FilePath][String] [/data/data/com.idedita.tsor/files/dexopt]
D/S4URC   ( 2421): [SDK] [java.io.File] [canRead] [FilePath][String] [/data/data/com.idedita.tsor/files/dexopt]
D/S4URC   ( 2421): [SDK] [java.io.File] [canWrite] [FilePath][String] [/data/data/com.idedita.tsor/files/dexopt]
D/S4URC   ( 2421): [SDK] [java.io.File] [Constructor] [FilePath][String] [/data/data/com.idedita.tsor/cache/job1019_1144064872.jar]
D/S4URC   ( 2421): [SDK] [java.io.File] [getName] [FilePath][String] [/data/data/com.idedita.tsor/cache/job1019_1144064872.jar]
D/S4URC   ( 2421): [SDK] [java.io.File] [isDirectory] [FilePath][String] [/data/data/com.idedita.tsor/cache/job1019_1144064872.jar]
D/S4URC   ( 2421): [SDK] [java.io.File] [isFile] [FilePath][String] [/data/data/com.idedita.tsor/cache/job1019_1144064872.jar]
D/S4URC   ( 2421): [SDK] [java.io.File] [getName] [FilePath][String] [/data/data/com.idedita.tsor/cache/job1019_1144064872.jar]
D/S4URC   ( 2446): [SDK] [java.io.File] [Constructor] [FilePath][String] [/sys/class/net]
D/S4URC   ( 2421): [SDK] [java.io.File] [getPath] [FilePath][String] [/data/data/com.idedita.tsor/files/dexopt]
D/S4URC   ( 2421): [SDK] [java.io.File] [getPath] [FilePath][String] [/data/data/com.idedita.tsor/files/dexopt/job1019_1144064872.dex]
D/S4URC   ( 2421): [SDK] [java.io.File] [getPath] [FilePath][String] [/data/data/com.idedita.tsor/cache/job1019_1144064872.jar]
D/S4URC   ( 2421): [SDK] [java.io.File] [Constructor] [FilePath][String] [/data/data/com.idedita.tsor/files/dexopt/job1019_1144064872.dex]
D/S4URC   ( 2421): [SDK] [java.io.File] [getParent] [FilePath][String] [/data/data/com.idedita.tsor/files/dexopt/job1019_1144064872.dex]
D/S4URC   ( 2446): [SDK] [java.io.File] [list] [FilePath][String] [/sys/class/net]
D/S4URC   ( 2421): [SDK] [dalvik.system.DexFile] [openDexFile] [DexPath][String] [/data/data/com.idedita.tsor/cache/job1019_1144064872.jar]
D/S4URC   ( 2421): [SDK] [java.io.File] [Constructor] [FilePath][String] [/data/data/com.idedita.tsor/cache/job1019_1144064872.jar]
D/S4URC   ( 2421): [SDK] [java.io.File] [Constructor] [FilePath][String] [/data/data/com.idedita.tsor/files/dexopt/job1019_1144064872.dex]
D/S4URC   ( 2446): [SDK] [android.app.ApplicationPackageManager] [getPackageInfo] [FindPackageName][String] [com.idedita.tsor]
D/S4URC   ( 2446): [SDK] [java.io.File] [list] [FilePath][String] [/sys/class/net]
D/S4URC   ( 2446): [SDK] [java.io.File] [getPath] [FilePath][String] [/data/data/com.idedita.tsor/shared_prefs]
D/S4URC   ( 2446): [SDK] [java.io.File] [getPath] [FilePath][String] [/data/data/com.idedita.tsor/shared_prefs/JoyConfig.xml]
D/S4URC   ( 2446): [SDK] [java.io.File] [Constructor] [FilePath][String] [/data/data/com.idedita.tsor/shared_prefs/JoyConfig.xml.bak]
D/S4URC   ( 2446): [SDK] [java.io.File] [exists] [FilePath][String] [/data/data/com.idedita.tsor/shared_prefs/JoyConfig.xml]
D/S4URC   ( 2446): [SDK] [java.io.File] [exists] [FilePath][String] [/data/data/com.idedita.tsor/shared_prefs/JoyConfig.xml.bak]
D/S4URC   ( 2446): [SDK] [java.io.File] [exists] [FilePath][String] [/data/data/com.idedita.tsor/shared_prefs/JoyConfig.xml]
D/S4URC   ( 2446): [SDK] [java.io.File] [getPath] [FilePath][String] [/data/data/com.idedita.tsor/shared_prefs/JoyConfig.xml]
D/S4URC   ( 2446): [SDK] [java.io.File] [getPath] [FilePath][String] [/data/app/com.idedita.tsor-1/base.apk]
D/S4URC   ( 2446): [SDK] [java.io.File] [Constructor] [FilePath][String] [/data/app/com.idedita.tsor-1/base.apk]
D/S4URC   ( 2446): [SDK] [java.io.File] [getPath] [FilePath][String] [/data/app/com.idedita.tsor-1/base.apk]
D/S4URC   ( 2446): [SDK] [java.lang.Runtime] [loadLibrary] [SoPath][String] [coordinate]
D/S4URC   ( 2446): [SDK] [java.io.File] [getPath] [FilePath][String] [/vendor/lib]
D/S4URC   ( 2446): [SDK] [java.io.File] [getPath] [FilePath][String] [/vendor/lib/libcoordinate.so]
D/S4URC   ( 2446): [SDK] [java.io.File] [getPath] [FilePath][String] [/data/app/com.idedita.tsor-1/lib/arm]
D/S4URC   ( 2446): [SDK] [java.io.File] [getPath] [FilePath][String] [/data/app/com.idedita.tsor-1/lib/arm/libcoordinate.so]
D/S4URC   ( 2446): [SDK] [android.app.ActivityManager] [getRunningAppProcesses]
D/S4URC   ( 2446): [SDK] [java.io.File] [getPath] [FilePath][String] [/data/data/com.idedita.tsor/shared_prefs]
D/S4URC   ( 2446): [SDK] [java.io.File] [getPath] [FilePath][String] [/data/data/com.idedita.tsor/shared_prefs/global.xml]
D/S4URC   ( 2446): [SDK] [java.io.File] [Constructor] [FilePath][String] [/data/data/com.idedita.tsor/shared_prefs/global.xml.bak]
D/S4URC   ( 2446): [SDK] [java.io.File] [exists] [FilePath][String] [/data/data/com.idedita.tsor/shared_prefs/global.xml]
D/S4URC   ( 2446): [SDK] [java.io.File] [canRead] [FilePath][String] [/data/data/com.idedita.tsor/shared_prefs/global.xml]
D/S4URC   ( 2446): [SDK] [java.io.File] [getPath] [FilePath][String] [/data/data/com.idedita.tsor/shared_prefs/global.xml]
D/S4URC   ( 2446): [SDK] [java.io.File] [exists] [FilePath][String] [/data/data/com.idedita.tsor/shared_prefs/global.xml.bak]
D/S4URC   ( 2446): [SDK] [java.io.File] [exists] [FilePath][String] [/data/data/com.idedita.tsor/shared_prefs/global.xml]
