D/S4URC   ( 3140): [SDK] [java.io.File] [Constructor] [FilePath][String] [/storage/usb2host]
D/S4URC   ( 3140): [SDK] [java.io.File] [Constructor] [FilePath][String] [/storage/usb3device]
D/S4URC   ( 3140): [SDK] [java.io.File] [Constructor] [FilePath][String] [/storage/usb3host]
D/S4URC   ( 3140): [SDK] [android.os.Environment] [getExternalStorageState] [ExternalStorageState][String] [mounted]
D/S4URC   ( 3140): [SDK] [java.io.File] [getPath] [FilePath][String] [/storage/sdcard0]
D/S4URC   ( 3140): [SDK] [android.os.Environment] [getExternalStorageDirectory] [DirectoryPath][String] [/storage/sdcard0]
D/S4URC   ( 3140): [SDK] [java.io.File] [getPath] [FilePath][String] [/storage/sdcard0]
D/S4URC   ( 3140): [SDK] [android.os.Environment] [getExternalStorageDirectory] [DirectoryPath][String] [/storage/sdcard0]
D/S4URC   ( 3140): [SDK] [java.io.File] [Constructor] [FilePath][String] [/storage/sdcard0/cooee/platform/md/.config_info.xml]
D/S4URC   ( 3140): [SDK] [java.io.File] [exists] [FilePath][String] [/storage/sdcard0/cooee/platform/md/.config_info.xml]
D/S4URC   ( 3140): [SDK] [android.content.ContextWrapper] [startService] [Intent] Intent { cmp=com.cooee.launcherS4/com.cooee.statistics.StatisticsServiceNew (has extras) } [ExtraInfo][key:value][PARAMS:sz00137#f2625##1#com.cooee.launcherS4#22304#1][EVENT_ID:0013]
D/S4URC   ( 3140): [SDK] [java.lang.Class] [forName] [FindClass][String] [com.android.internal.R$dimen]
D/S4URC   ( 3140): [SDK] [java.io.File] [getPath] [FilePath][String] [/data/data/com.cooee.launcherS4/shared_prefs/theme.xml]
D/S4URC   ( 3140): [SDK] [android.content.ContextWrapper][getSharedPreferences] [File][theme.xml] [MODE][MODE_WORLD_WRITEABLE]
D/S4URC   ( 3140): [SDK] [android.content.ContextWrapper][getSharedPreferences] [File][theme.xml] [MODE][MODE_WORLD_WRITEABLE] [Method][getInt] [Int][theme_status] [Return][0]
D/S4URC   ( 3140): [SDK] [android.content.ContextWrapper] [registerReceiver][IntentFilter][com.cooee.launcher.restart,
D/S4URC   ( 3140): [SDK] [android.content.ContentResolver] [registerContentObserver] [URL][String] [content://call_log/calls]
D/S4URC   ( 3140): [SDK] [android.content.ContentResolver] [registerContentObserver] [URL][String] [content://mms-sms/]
D/S4URC   ( 3173): [SDK] [java.lang.Class] [forName] [FindClass][String] [java.net.HttpURLConnection]
D/S4URC   ( 3173): [SDK] [java.lang.Class] [forName] [FindClass][String] [com.android.okhttp.internal.http.HttpURLConnectionImpl]
D/S4URC   ( 3173): [SDK] [java.lang.Class] [forName] [FindClass][String] [java.net.Socket]
D/S4URC   ( 3173): [SDK] [java.lang.Class] [forName] [FindClass][String] [android.telephony.TelephonyManager]
D/S4URC   ( 3173): [SDK] [java.lang.Class] [forName] [FindClass][String] [android.os.Debug]
D/S4URC   ( 3173): [SDK] [java.lang.Class] [forName] [FindClass][String] [android.hardware.SensorManager]
D/S4URC   ( 3173): [SDK] [java.lang.Class] [forName] [FindClass][String] [android.content.res.ResourcesKey]
D/S4URC   ( 3173): [SDK] [java.lang.Class] [forName] [FindClass][String] [android.app.ResourcesManager]
D/S4URC   ( 3173): [SDK] [java.io.File] [Constructor] [FilePath][String] [/data/app/com.cooee.launcherS4-1/base.apk]
D/S4URC   ( 3173): [SDK] [java.io.File] [getPath] [FilePath][String] [/data/data/com.cooee.launcherS4]
D/S4URC   ( 3173): [SDK] [java.io.File] [exists] [FilePath][String] [/data/data/com.cooee.launcherS4/cache]
D/S4URC   ( 3173): [SDK] [java.io.File] [getPath] [FilePath][String] [/data/data/com.cooee.launcherS4/cache]
D/S4URC   ( 3173): [SDK] [java.io.File] [getPath] [FilePath][String] [/data/data/com.cooee.launcherS4]
D/S4URC   ( 3173): [SDK] [java.io.File] [getPath] [FilePath][String] [/data/data/com.cooee.launcherS4/shared_prefs]
D/S4URC   ( 3173): [SDK] [java.io.File] [getPath] [FilePath][String] [/data/data/com.cooee.launcherS4/shared_prefs/config.xml]
D/S4URC   ( 3173): [SDK] [java.io.File] [Constructor] [FilePath][String] [/data/data/com.cooee.launcherS4/shared_prefs/config.xml.bak]
D/S4URC   ( 3173): [SDK] [java.io.File] [exists] [FilePath][String] [/data/data/com.cooee.launcherS4/shared_prefs/config.xml]
D/S4URC   ( 3173): [SDK] [java.io.File] [canRead] [FilePath][String] [/data/data/com.cooee.launcherS4/shared_prefs/config.xml]
D/S4URC   ( 3173): [SDK] [java.io.File] [getPath] [FilePath][String] [/data/data/com.cooee.launcherS4/shared_prefs/config.xml]
D/S4URC   ( 3173): [SDK] [java.io.File] [exists] [FilePath][String] [/data/data/com.cooee.launcherS4/shared_prefs/config.xml.bak]
D/S4URC   ( 3173): [SDK] [android.content.ContextWrapper][getSharedPreferences] [File][config.xml] [MODE][MODE_WORLD_READABLE]
D/S4URC   ( 3173): [SDK] [java.io.File] [exists] [FilePath][String] [/data/data/com.cooee.launcherS4/shared_prefs/config.xml]
D/S4URC   ( 3173): [SDK] [java.io.File] [canRead] [FilePath][String] [/data/data/com.cooee.launcherS4/shared_prefs/config.xml]
D/S4URC   ( 3173): [SDK] [java.io.File] [getPath] [FilePath][String] [/data/data/com.cooee.launcherS4/shared_prefs/config.xml]
D/S4URC   ( 3173): [SDK] [java.io.File] [canRead] [FilePath][String] [/data/data/com.cooee.launcherS4/shared_prefs/config.xml]
D/S4URC   ( 3173): [SDK] [java.io.File] [getPath] [FilePath][String] [/data/data/com.cooee.launcherS4/shared_prefs/config.xml]
D/S4URC   ( 3173): [SDK] [android.content.ContextWrapper][getSharedPreferences] [File][config.xml] [MODE][MODE_WORLD_READABLE] [Method][putString] [Key][domain] [Value][http://w1.mumucloud.com]
D/S4URC   ( 3173): [SDK] [android.content.ContextWrapper][getSharedPreferences] [File][config.xml] [MODE][MODE_WORLD_READABLE] [Method][putString] [Key][serialno] [Value][sz00137]
D/S4URC   ( 3173): [SDK] [android.content.ContextWrapper][getSharedPreferences] [File][config.xml] [MODE][MODE_WORLD_READABLE] [Method][putString] [Key][app_id] [Value][f2625]
D/S4URC   ( 3173): [SDK] [android.content.ContextWrapper][getSharedPreferences] [File][config.xml] [MODE][MODE_WORLD_READABLE] [Method][putString] [Key][template_id] [Value][20]
D/S4URC   ( 3173): [SDK] [android.content.ContextWrapper][getSharedPreferences] [File][config.xml] [MODE][MODE_WORLD_READABLE] [Method][putString] [Key][channel_id] [Value][0]
D/S4URC   ( 3173): [SDK] [java.io.File] [exists] [FilePath][String] [/data/data/com.cooee.launcherS4/shared_prefs/config.xml]
D/S4URC   ( 3173): [SDK] [android.content.ContextWrapper][getSharedPreferences] [File][config.xml] [MODE][MODE_WORLD_READABLE] [Method][commit]
D/S4URC   ( 3173): [SDK] [java.io.File] [Constructor] [FilePath][String] [/system/oem/launcher/s3_feature_config.xml]
D/S4URC   ( 3173): [SDK] [java.io.File] [exists] [FilePath][String] [/system/oem/launcher/s3_feature_config.xml]
D/S4URC   ( 3173): [SDK] [java.io.File] [Constructor] [FilePath][String] [/system/launcher/s3_feature_config.xml]
D/S4URC   ( 3173): [SDK] [java.io.File] [exists] [FilePath][String] [/system/launcher/s3_feature_config.xml]
D/S4URC   ( 3173): [SDK] [java.io.File] [Constructor] [FilePath][String] [/storage/sdcard0]
D/S4URC   ( 3173): [SDK] [java.io.File] [Constructor] [FilePath][String] [/storage/sdcard1]
D/S4URC   ( 3173): [SDK] [java.io.File] [Constructor] [FilePath][String] [/storage/usb2host]
D/S4URC   ( 3173): [SDK] [java.io.File] [Constructor] [FilePath][String] [/storage/usb3device]
D/S4URC   ( 3173): [SDK] [java.io.File] [Constructor] [FilePath][String] [/storage/usb3host]
D/S4URC   ( 3173): [SDK] [android.os.Environment] [getExternalStorageState] [ExternalStorageState][String] [mounted]
D/S4URC   ( 3173): [SDK] [java.io.File] [getPath] [FilePath][String] [/storage/sdcard0]
D/S4URC   ( 3173): [SDK] [android.os.Environment] [getExternalStorageDirectory] [DirectoryPath][String] [/storage/sdcard0]
D/S4URC   ( 3173): [SDK] [java.io.File] [Constructor] [FilePath][String] [/storage/sdcard0]
D/S4URC   ( 3173): [SDK] [java.io.File] [Constructor] [FilePath][String] [/storage/sdcard1]
D/S4URC   ( 3173): [SDK] [java.io.File] [Constructor] [FilePath][String] [/storage/usb2host]
D/S4URC   ( 3173): [SDK] [java.io.File] [Constructor] [FilePath][String] [/storage/usb3device]
D/S4URC   ( 3173): [SDK] [java.io.File] [Constructor] [FilePath][String] [/storage/usb3host]
D/S4URC   ( 3173): [SDK] [android.os.Environment] [getExternalStorageState] [ExternalStorageState][String] [mounted]
D/S4URC   ( 3173): [SDK] [java.io.File] [getPath] [FilePath][String] [/storage/sdcard0]
D/S4URC   ( 3173): [SDK] [android.os.Environment] [getExternalStorageDirectory] [DirectoryPath][String] [/storage/sdcard0]
D/S4URC   ( 3173): [SDK] [java.io.File] [Constructor] [FilePath][String] [/storage/sdcard0/enablelog.log]
D/S4URC   ( 3173): [SDK] [java.io.File] [exists] [FilePath][String] [/storage/sdcard0/enablelog.log]
D/S4URC   ( 3173): [SDK] [java.io.File] [Constructor] [FilePath][String] [/storage/sdcard0/error.log]
D/S4URC   ( 3173): [SDK] [java.io.File] [getPath] [FilePath][String] [/data/data/com.cooee.launcherS4/shared_prefs]
D/S4URC   ( 3173): [SDK] [java.io.File] [getPath] [FilePath][String] [/data/data/com.cooee.launcherS4/shared_prefs/theme.xml]
D/S4URC   ( 3173): [SDK] [java.io.File] [Constructor] [FilePath][String] [/data/data/com.cooee.launcherS4/shared_prefs/theme.xml.bak]
D/S4URC   ( 3173): [SDK] [java.io.File] [exists] [FilePath][String] [/data/data/com.cooee.launcherS4/shared_prefs/theme.xml]
D/S4URC   ( 3173): [SDK] [java.io.File] [canRead] [FilePath][String] [/data/data/com.cooee.launcherS4/shared_prefs/theme.xml]
D/S4URC   ( 3173): [SDK] [java.io.File] [getPath] [FilePath][String] [/data/data/com.cooee.launcherS4/shared_prefs/theme.xml]
D/S4URC   ( 3173): [SDK] [android.content.ContextWrapper][getSharedPreferences] [File][theme.xml] [MODE][MODE_WORLD_WRITEABLE]
D/S4URC   ( 3173): [SDK] [java.io.File] [exists] [FilePath][String] [/data/data/com.cooee.launcherS4/shared_prefs/theme.xml.bak]
D/S4URC   ( 3173): [SDK] [java.io.File] [exists] [FilePath][String] [/data/data/com.cooee.launcherS4/shared_prefs/theme.xml]
D/S4URC   ( 3173): [SDK] [java.io.File] [canRead] [FilePath][String] [/data/data/com.cooee.launcherS4/shared_prefs/theme.xml]
D/S4URC   ( 3173): [SDK] [java.io.File] [getPath] [FilePath][String] [/data/data/com.cooee.launcherS4/shared_prefs/theme.xml]
D/S4URC   ( 3173): [SDK] [java.io.File] [canRead] [FilePath][String] [/data/data/com.cooee.launcherS4/shared_prefs/theme.xml]
D/S4URC   ( 3173): [SDK] [java.io.File] [getPath] [FilePath][String] [/data/data/com.cooee.launcherS4/shared_prefs/theme.xml]
D/S4URC   ( 3173): [SDK] [android.content.ContextWrapper][getSharedPreferences] [File][theme.xml] [MODE][MODE_WORLD_WRITEABLE] [Method][getString] [String][theme] [Return][com.cooee.launcherS4]
D/S4URC   ( 3173): [SDK] [java.io.File] [getPath] [FilePath][String] [/storage/sdcard0]
D/S4URC   ( 3173): [SDK] [android.os.Environment] [getExternalStorageDirectory] [DirectoryPath][String] [/storage/sdcard0]
D/S4URC   ( 3173): [SDK] [java.io.File] [Constructor] [FilePath][String] [/system/launcher/s3_configbase.xml]
D/S4URC   ( 3173): [SDK] [java.io.File] [exists] [FilePath][String] [/system/launcher/s3_configbase.xml]
D/S4URC   ( 3173): [SDK] [java.io.File] [getPath] [FilePath][String] [/storage/sdcard0]
D/S4URC   ( 3173): [SDK] [android.os.Environment] [getExternalStorageDirectory] [DirectoryPath][String] [/storage/sdcard0]
D/S4URC   ( 3173): [SDK] [android.content.ContextWrapper] [registerReceiver][IntentFilter][android.intent.action.PACKAGE_ADDED,android.intent.action.PACKAGE_REMOVED,android.intent.action.PACKAGE_CHANGED,
D/S4URC   ( 3173): [SDK] [android.content.ContextWrapper] [registerReceiver][IntentFilter][android.intent.action.EXTERNAL_APPLICATIONS_AVAILABLE,android.intent.action.EXTERNAL_APPLICATIONS_UNAVAILABLE,
D/S4URC   ( 3173): [SDK] [java.io.File] [getPath] [FilePath][String] [/data/data/com.cooee.launcherS4]
D/S4URC   ( 3173): [SDK] [java.io.File] [getPath] [FilePath][String] [/data/data/com.cooee.launcherS4/databases]
D/S4URC   ( 3173): [SDK] [java.io.File] [isDirectory] [FilePath][String] [/data/data/com.cooee.launcherS4/databases]
D/S4URC   ( 3173): [SDK] [java.io.File] [getPath] [FilePath][String] [/data/data/com.cooee.launcherS4/databases/statisticsNew.db]
D/S4URC   ( 3173): [SDK] [android.database.sqlite.SQLiteDatabase] [update] [updateInfo][String] [logTable] [SET][logtext=0013#sz00137#f2625##1#com.cooee.launcherS4#22304#2,uploadtime=20180826181026] [WHERE][_id=5]
D/S4URC   ( 3173): [SDK] [java.io.File] [getPath] [FilePath][String] [/data/data/com.cooee.launcherS4/databases]
D/S4URC   ( 3173): [SDK] [java.io.File] [isDirectory] [FilePath][String] [/data/data/com.cooee.launcherS4/databases]
D/S4URC   ( 3173): [SDK] [java.io.File] [getPath] [FilePath][String] [/data/data/com.cooee.launcherS4/databases/statisticsNew.db]
D/S4URC   ( 3173): [SDK] [java.io.File] [getPath] [FilePath][String] [/data/data/com.cooee.launcherS4/databases]
D/S4URC   ( 3173): [SDK] [java.io.File] [isDirectory] [FilePath][String] [/data/data/com.cooee.launcherS4/databases]
D/S4URC   ( 3173): [SDK] [java.io.File] [getPath] [FilePath][String] [/data/data/com.cooee.launcherS4/databases/statisticsNew.db]
D/S4URC   ( 3173): [SDK] [java.io.File] [getPath] [FilePath][String] [/data/data/com.cooee.launcherS4/databases]
D/S4URC   ( 3173): [SDK] [java.io.File] [isDirectory] [FilePath][String] [/data/data/com.cooee.launcherS4/databases]
D/S4URC   ( 3173): [SDK] [java.io.File] [getPath] [FilePath][String] [/data/data/com.cooee.launcherS4/databases/statisticsNew.db]
D/S4URC   ( 3173): [SDK] [java.io.File] [exists] [FilePath][String] [/storage/sdcard0/error.log]
D/S4URC   ( 3173): [SDK] [java.io.File] [delete] [FilePath][String] [/storage/sdcard0/error.log]
D/S4URC   ( 3173): [SDK] [java.io.File] [createNewFile] [FilePath][String] [/storage/sdcard0/error.log]
D/S4URC   ( 3173): [SDK] [java.io.File] [getPath] [FilePath][String] [/storage/sdcard0/error.log]
D/S4URC   ( 3140): [SDK] [java.io.File] [getPath] [FilePath][String] [/data/data/com.cooee.launcherS4]
D/S4URC   ( 3140): [SDK] [java.io.File] [exists] [FilePath][String] [/data/data/com.cooee.launcherS4/files]
D/S4URC   ( 3140): [SDK] [java.io.File] [getPath] [FilePath][String] [/storage/sdcard0]
D/S4URC   ( 3140): [SDK] [android.os.Environment] [getExternalStorageDirectory] [DirectoryPath][String] [/storage/sdcard0]
D/S4URC   ( 3140): [SDK] [java.io.File] [Constructor] [FilePath][String] [setupmenu_android4/bg-2.png]
D/S4URC   ( 3140): [SDK] [java.io.File] [getPath] [FilePath][String] [/setupmenu_android4/bg-2.png]
D/S4URC   ( 3140): [SDK] [java.io.File] [getPath] [FilePath][String] [/data/data/com.cooee.launcherS4/shared_prefs]
D/S4URC   ( 3140): [SDK] [java.io.File] [getPath] [FilePath][String] [/data/data/com.cooee.launcherS4/shared_prefs/restartPrefs.xml]
D/S4URC   ( 3140): [SDK] [java.io.File] [Constructor] [FilePath][String] [/data/data/com.cooee.launcherS4/shared_prefs/restartPrefs.xml.bak]
D/S4URC   ( 3140): [SDK] [java.io.File] [exists] [FilePath][String] [/data/data/com.cooee.launcherS4/shared_prefs/restartPrefs.xml]
D/S4URC   ( 3140): [SDK] [java.io.File] [canRead] [FilePath][String] [/data/data/com.cooee.launcherS4/shared_prefs/restartPrefs.xml]
D/S4URC   ( 3140): [SDK] [java.io.File] [getPath] [FilePath][String] [/data/data/com.cooee.launcherS4/shared_prefs/restartPrefs.xml]
D/S4URC   ( 3140): [SDK] [android.content.ContextWrapper][getSharedPreferences] [File][restartPrefs.xml] [MODE][MODE_PRIVATE]
D/S4URC   ( 3140): [SDK] [java.io.File] [exists] [FilePath][String] [/data/data/com.cooee.launcherS4/shared_prefs/restartPrefs.xml.bak]
D/S4URC   ( 3140): [SDK] [java.io.File] [exists] [FilePath][String] [/data/data/com.cooee.launcherS4/shared_prefs/restartPrefs.xml]
D/S4URC   ( 3140): [SDK] [java.io.File] [canRead] [FilePath][String] [/data/data/com.cooee.launcherS4/shared_prefs/restartPrefs.xml]
D/S4URC   ( 3140): [SDK] [java.io.File] [getPath] [FilePath][String] [/data/data/com.cooee.launcherS4/shared_prefs/restartPrefs.xml]
D/S4URC   ( 3140): [SDK] [java.io.File] [canRead] [FilePath][String] [/data/data/com.cooee.launcherS4/shared_prefs/restartPrefs.xml]
D/S4URC   ( 3140): [SDK] [java.io.File] [getPath] [FilePath][String] [/data/data/com.cooee.launcherS4/shared_prefs/restartPrefs.xml]
D/S4URC   ( 3140): [SDK] [android.content.ContextWrapper][getSharedPreferences] [File][restartPrefs.xml] [MODE][MODE_PRIVATE] [Method][getBoolean] [Boolean][restart] [Return][false]
D/S4URC   ( 3140): [SDK] [android.content.ContextWrapper][getSharedPreferences] [File][restartPrefs.xml] [MODE][MODE_PRIVATE] [Method][putBoolean] [Key][restart] [Value][false]
D/S4URC   ( 3140): [SDK] [java.io.File] [exists] [FilePath][String] [/data/data/com.cooee.launcherS4/shared_prefs/restartPrefs.xml]
D/S4URC   ( 3140): [SDK] [android.content.ContextWrapper][getSharedPreferences] [File][restartPrefs.xml] [MODE][MODE_PRIVATE] [Method][commit]
D/S4URC   ( 3140):  [Method][getInt] [Int][screen_count] [Return][7]
D/S4URC   ( 3140): [SDK] [java.io.File] [getPath] [FilePath][String] [/data/data/com.cooee.launcherS4/shared_prefs/com.cooee.launcherS4_preferences.xml]
D/S4URC   ( 3140): [SDK] [android.content.ContextWrapper][getSharedPreferences] [File][com.cooee.launcherS4_preferences.xml] [MODE][MODE_PRIVATE]
D/S4URC   ( 3140): [SDK] [android.content.ContextWrapper][getSharedPreferences] [File][com.cooee.launcherS4_preferences.xml] [MODE][MODE_PRIVATE] [Method][getBoolean] [Boolean][setting_key_big_font] [Return][false]
D/S4URC   ( 3140): [SDK] [java.io.File] [getPath] [FilePath][String] [/data/data/com.cooee.launcherS4/shared_prefs/com.cooee.launcherS4_preferences.xml]
D/S4URC   ( 3140): [SDK] [android.content.ContextWrapper][getSharedPreferences] [File][com.cooee.launcherS4_preferences.xml] [MODE][MODE_PRIVATE]
D/S4URC   ( 3140): [SDK] [android.content.ContextWrapper][getSharedPreferences] [File][com.cooee.launcherS4_preferences.xml] [MODE][MODE_PRIVATE] [Method][getBoolean] [Boolean][setting_key_big_font] [Return][false]
D/S4URC   ( 3140): [SDK] [android.content.ContentResolver] [registerContentObserver] [URL][String] [content://com.cooee.launcherS4.app/appWidgetReset]
D/S4URC   ( 3140): [SDK] [java.io.File] [getPath] [FilePath][String] [/data/data/com.cooee.launcherS4/shared_prefs/com.cooee.launcherS4_preferences.xml]
D/S4URC   ( 3140): [SDK] [android.content.ContextWrapper][getSharedPreferences] [File][com.cooee.launcherS4_preferences.xml] [MODE][MODE_PRIVATE]
D/S4URC   ( 3140): [SDK] [android.content.ContextWrapper][getSharedPreferences] [File][com.cooee.launcherS4_preferences.xml] [MODE][MODE_PRIVATE] [Method][getBoolean] [Boolean][vibrator] [Return][true]
D/S4URC   ( 3140): [SDK] [java.io.File] [Constructor] [FilePath][String] [theme/iconbg/icon_0.png]
D/S4URC   ( 3140): [SDK] [java.io.File] [getPath] [FilePath][String] [/theme/iconbg/icon_0.png]
D/S4URC   ( 3140): [SDK] [java.io.File] [getPath] [FilePath][String] [/data/data/com.cooee.launcherS4/shared_prefs]
D/S4URC   ( 3140): [SDK] [java.io.File] [getPath] [FilePath][String] [/data/data/com.cooee.launcherS4/shared_prefs/app.statistics.xml]
D/S4URC   ( 3140): [SDK] [java.io.File] [Constructor] [FilePath][String] [/data/data/com.cooee.launcherS4/shared_prefs/app.statistics.xml.bak]
D/S4URC   ( 3140): [SDK] [java.io.File] [exists] [FilePath][String] [/data/data/com.cooee.launcherS4/shared_prefs/app.statistics.xml]
D/S4URC   ( 3140): [SDK] [java.io.File] [canRead] [FilePath][String] [/data/data/com.cooee.launcherS4/shared_prefs/app.statistics.xml]
D/S4URC   ( 3140): [SDK] [java.io.File] [Constructor] [FilePath][String] [theme/iconbg/icon_1.png]
D/S4URC   ( 3140): [SDK] [java.io.File] [getPath] [FilePath][String] [/data/data/com.cooee.launcherS4/shared_prefs/app.statistics.xml]
D/S4URC   ( 3140): [SDK] [java.io.File] [getPath] [FilePath][String] [/theme/iconbg/icon_1.png]
D/S4URC   ( 3140): [SDK] [android.content.ContextWrapper][getSharedPreferences] [File][app.statistics.xml] [MODE][MODE_PRIVATE]
D/S4URC   ( 3140): [SDK] [java.io.File] [Constructor] [FilePath][String] [theme/iconbg/icon_2.png]
D/S4URC   ( 3140): [SDK] [java.io.File] [exists] [FilePath][String] [/data/data/com.cooee.launcherS4/shared_prefs/app.statistics.xml.bak]
D/S4URC   ( 3140): [SDK] [android.content.ContextWrapper] [registerReceiver][IntentFilter][cooee.app.statistics.update,cooee.app.statistics.app.click,android.net.conn.CONNECTIVITY_CHANGE,
D/S4URC   ( 3140): [SDK] [java.io.File] [getPath] [FilePath][String] [/theme/iconbg/icon_2.png]
D/S4URC   ( 3140): [SDK] [java.io.File] [exists] [FilePath][String] [/data/data/com.cooee.launcherS4/shared_prefs/app.statistics.xml]
D/S4URC   ( 3140): [SDK] [java.io.File] [getPath] [FilePath][String] [/theme/iconbg/icon_2.png]
D/S4URC   ( 3140): [SDK] [java.io.File] [canRead] [FilePath][String] [/data/data/com.cooee.launcherS4/shared_prefs/app.statistics.xml]
D/S4URC   ( 3140): [SDK] [java.io.File] [getPath] [FilePath][String] [/data/data/com.cooee.launcherS4/shared_prefs/app.statistics.xml]
D/S4URC   ( 3140): [SDK] [java.io.File] [canRead] [FilePath][String] [/data/data/com.cooee.launcherS4/shared_prefs/app.statistics.xml]
D/S4URC   ( 3140): [SDK] [java.io.File] [getPath] [FilePath][String] [/data/data/com.cooee.launcherS4/shared_prefs/app.statistics.xml]
D/S4URC   ( 3140): [SDK] [java.io.File] [Constructor] [FilePath][String] [theme/iconbg/icon_3.png]
D/S4URC   ( 3140): [SDK] [java.io.File] [getPath] [FilePath][String] [/theme/iconbg/icon_3.png]
D/S4URC   ( 3140): [SDK] [android.content.ContextWrapper] [registerReceiver][IntentFilter][android.intent.action.PACKAGE_ADDED,android.intent.action.PACKAGE_REMOVED,
D/S4URC   ( 3140): [SDK] [java.io.File] [getPath] [FilePath][String] [/theme/iconbg/icon_3.png]
D/S4URC   ( 3140): [SDK] [android.content.ContextWrapper] [registerReceiver][IntentFilter][android.intent.action.MEDIA_EJECT,
D/S4URC   ( 3140): [SDK] [android.content.Intent] [Constructor] [IntentInfo][String] [android.intent.action.VIEW]
D/S4URC   ( 3140): [SDK] [android.content.ContextWrapper][getSharedPreferences] [File][app.statistics.xml] [MODE][MODE_PRIVATE] [Method][getBoolean] [Boolean][firstStart] [Return][true]
D/S4URC   ( 3140): [SDK] [android.app.ApplicationPackageManager] [getPackageInfo] [FindPackageName][String] [com.cooee.launcherS4]
D/S4URC   ( 3140): [SDK] [java.io.File] [getPath] [FilePath][String] [/data/data/com.cooee.launcherS4/shared_prefs]
D/S4URC   ( 3140): [SDK] [java.io.File] [getPath] [FilePath][String] [/data/data/com.cooee.launcherS4/shared_prefs/operate_folder.xml]
D/S4URC   ( 3140): [SDK] [java.io.File] [Constructor] [FilePath][String] [/data/data/com.cooee.launcherS4/shared_prefs/operate_folder.xml.bak]
D/S4URC   ( 3140): [SDK] [java.io.File] [exists] [FilePath][String] [/data/data/com.cooee.launcherS4/shared_prefs/operate_folder.xml]
D/S4URC   ( 3140): [SDK] [java.io.File] [canRead] [FilePath][String] [/data/data/com.cooee.launcherS4/shared_prefs/operate_folder.xml]
D/S4URC   ( 3140): [SDK] [java.io.File] [getPath] [FilePath][String] [/data/data/com.cooee.launcherS4/shared_prefs/operate_folder.xml]
D/S4URC   ( 3140): [SDK] [android.content.ContextWrapper][getSharedPreferences] [File][operate_folder.xml] [MODE][MODE_PRIVATE]
D/S4URC   ( 3140): [SDK] [java.io.File] [getPath] [FilePath][String] [/data/data/com.cooee.launcherS4/databases]
D/S4URC   ( 3140): [SDK] [java.io.File] [isDirectory] [FilePath][String] [/data/data/com.cooee.launcherS4/databases]
D/S4URC   ( 3140): [SDK] [java.io.File] [Constructor] [FilePath][String] [/system/priv-app/Dialer/Dialer.apk]
D/S4URC   ( 3140): [SDK] [java.io.File] [getPath] [FilePath][String] [/data/data/com.cooee.launcherS4/databases/launcher_app_statistics.db]
D/S4URC   ( 3140): [SDK] [android.content.Intent] [Constructor] [IntentInfo][String] [android.intent.action.VIEW]
D/S4URC   ( 3140): [SDK] [java.io.File] [exists] [FilePath][String] [/data/data/com.cooee.launcherS4/shared_prefs/operate_folder.xml.bak]
D/S4URC   ( 3140): [SDK] [java.io.File] [exists] [FilePath][String] [/data/data/com.cooee.launcherS4/shared_prefs/operate_folder.xml]
D/S4URC   ( 3140): [SDK] [java.io.File] [canRead] [FilePath][String] [/data/data/com.cooee.launcherS4/shared_prefs/operate_folder.xml]
D/S4URC   ( 3140): [SDK] [java.io.File] [getPath] [FilePath][String] [/data/data/com.cooee.launcherS4/shared_prefs/operate_folder.xml]
D/S4URC   ( 3140): [SDK] [java.io.File] [canRead] [FilePath][String] [/data/data/com.cooee.launcherS4/shared_prefs/operate_folder.xml]
D/S4URC   ( 3140): [SDK] [java.io.File] [getPath] [FilePath][String] [/data/data/com.cooee.launcherS4/shared_prefs/operate_folder.xml]
D/S4URC   ( 3140): [SDK] [android.content.ContextWrapper][getSharedPreferences] [File][operate_folder.xml] [MODE][MODE_PRIVATE] [Method][getString] [String][logList] [Return][null]
D/S4URC   ( 3140): [SDK] [android.content.ContextWrapper] [registerReceiver][IntentFilter][operatefolder.action.update,android.net.conn.CONNECTIVITY_CHANGE,
D/S4URC   ( 3140): [SDK] [java.io.File] [getPath] [FilePath][String] [/data/data/com.cooee.launcherS4/databases/launcher_app_statistics.db]
D/S4URC   ( 3140): [SDK] [android.content.ContextWrapper] [registerReceiver][IntentFilter][android.intent.action.PACKAGE_ADDED,android.intent.action.PACKAGE_REMOVED,
D/S4URC   ( 3140): [SDK] [android.content.ContextWrapper][getSharedPreferences] [File][operate_folder.xml] [MODE][MODE_PRIVATE] [Method][getIong] [Iong][next_update_time] [Return][1535353823960]
D/S4URC   ( 3140): [SDK] [android.content.ContextWrapper][getSharedPreferences] [File][operate_folder.xml] [MODE][MODE_PRIVATE] [Method][putLong] [Key][next_update_time] [Value][1535353823960]
D/S4URC   ( 3140): [SDK] [java.io.File] [exists] [FilePath][String] [/data/data/com.cooee.launcherS4/shared_prefs/app.statistics.xml]
D/S4URC   ( 3140): [SDK] [android.content.ContextWrapper][getSharedPreferences] [File][operate_folder.xml] [MODE][MODE_PRIVATE] [Method][commit]
D/S4URC   ( 3140): [SDK] [android.content.ContextWrapper] [registerReceiver][IntentFilter][android.intent.action.MEDIA_EJECT,
D/S4URC   ( 3140):  [Method][getString] [String][downloadIDList] [Return][null]
D/S4URC   ( 3140):  [Method][getIong] [Iong][next_update_time] [Return][1535353823682]
D/S4URC   ( 3140): [SDK] [android.content.ContextWrapper][getSharedPreferences] [File][operate_folder.xml] [MODE][MODE_PRIVATE] [Method][putLong] [Key][next_update_time] [Value][1535353823682]
D/S4URC   ( 3140): [SDK] [java.io.File] [exists] [FilePath][String] [/data/data/com.cooee.launcherS4/shared_prefs/operate_folder.xml]
D/S4URC   ( 3140): [SDK] [java.io.File] [Constructor] [FilePath][String] [/storage/sdcard0]
D/S4URC   ( 3140): [SDK] [java.io.File] [Constructor] [FilePath][String] [/storage/sdcard1]
D/S4URC   ( 3140): [SDK] [java.io.File] [Constructor] [FilePath][String] [/storage/usb2host]
D/S4URC   ( 3140): [SDK] [java.io.File] [Constructor] [FilePath][String] [/storage/usb3device]
D/S4URC   ( 3140): [SDK] [java.io.File] [Constructor] [FilePath][String] [/storage/usb3host]
D/S4URC   ( 3140): [SDK] [android.os.Environment] [getExternalStorageState] [ExternalStorageState][String] [mounted]
D/S4URC   ( 3140): [SDK] [java.io.File] [getPath] [FilePath][String] [/storage/sdcard0]
D/S4URC   ( 3140): [SDK] [android.os.Environment] [getExternalStorageDirectory] [DirectoryPath][String] [/storage/sdcard0]
D/S4URC   ( 3140): [SDK] [java.io.File] [getPath] [FilePath][String] [/storage/sdcard0]
D/S4URC   ( 3140): [SDK] [android.os.Environment] [getExternalStorageDirectory] [DirectoryPath][String] [/storage/sdcard0]
D/S4URC   ( 3140): [SDK] [java.io.File] [Constructor] [FilePath][String] [/storage/sdcard0/cooee/platform/md/.config_info.xml]
D/S4URC   ( 3140): [SDK] [java.io.File] [exists] [FilePath][String] [/storage/sdcard0/cooee/platform/md/.config_info.xml]
D/S4URC   ( 3140): [SDK] [java.io.File] [Constructor] [FilePath][String] [/system/priv-app/Contacts/Contacts.apk]
D/S4URC   ( 3140): [SDK] [android.content.Intent] [Constructor] [IntentInfo][String] [android.intent.action.VIEW]
D/S4URC   ( 3140): [SDK] [android.content.ContextWrapper] [startService] [Intent] Intent { cmp=com.cooee.launcherS4/com.cooee.statistics.StatisticsServiceNew (has extras) } [ExtraInfo][key:value][PARAMS:sz00137#f2625##1#com.cooee.launcherS4#22304#1][EVENT_ID:0012]
D/S4URC   ( 3140): [SDK] [java.io.File] [Constructor] [FilePath][String] [/system/priv-app/Mms/Mms.apk]
D/S4URC   ( 3140): [SDK] [android.content.Intent] [Constructor] [IntentInfo][String] [android.intent.action.VIEW]
D/S4URC   ( 3140): [SDK] [java.io.File] [Constructor] [FilePath][String] [/system/app/Browser/Browser.apk]
D/S4URC   ( 3140): [SDK] [java.io.File] [Constructor] [FilePath][String] [theme/pack_source/widget-folder-open-line.png]
D/S4URC   ( 3140): [SDK] [java.io.File] [getPath] [FilePath][String] [/theme/pack_source/widget-folder-open-line.png]
D/S4URC   ( 3140): [SDK] [java.io.File] [Constructor] [FilePath][String] [theme/pack_source/cursor_patch.png]
D/S4URC   ( 3140): [SDK] [java.io.File] [getPath] [FilePath][String] [/theme/pack_source/cursor_patch.png]
D/S4URC   ( 3140): [SDK] [java.io.File] [Constructor] [FilePath][String] [theme/miui_source/miui-input-ack.png]
D/S4URC   ( 3140): [SDK] [java.io.File] [getPath] [FilePath][String] [/theme/miui_source/miui-input-ack.png]
D/S4URC   ( 3140): [SDK] [java.io.File] [Constructor] [FilePath][String] [theme/miui_source/miui-input-ack-focus.png]
D/S4URC   ( 3140): [SDK] [java.io.File] [getPath] [FilePath][String] [/theme/miui_source/miui-input-ack-focus.png]
D/S4URC   ( 3140): [SDK] [java.io.File] [Constructor] [FilePath][String] [theme/miui_source/rename-bg.png]
D/S4URC   ( 3140): [SDK] [java.io.File] [getPath] [FilePath][String] [/theme/miui_source/rename-bg.png]
D/S4URC   ( 3140): [SDK] [java.io.File] [Constructor] [FilePath][String] [theme/pack_source/cursor_patch.png]
D/S4URC   ( 3140): [SDK] [java.io.File] [getPath] [FilePath][String] [/theme/pack_source/cursor_patch.png]
D/S4URC   ( 3140): [SDK] [java.io.File] [getPath] [FilePath][String] [/data/data/com.cooee.launcherS4]
D/S4URC   ( 3140): [SDK] [java.io.File] [getPath] [FilePath][String] [/data/data/com.cooee.launcherS4/databases]
D/S4URC   ( 3140): [SDK] [java.io.File] [isDirectory] [FilePath][String] [/data/data/com.cooee.launcherS4/databases]
D/S4URC   ( 3140): [SDK] [java.io.File] [getPath] [FilePath][String] [/data/data/com.cooee.launcherS4/databases/launcher.db]
D/S4URC   ( 3140): [SDK] [android.content.ContentResolver] [registerContentObserver] [URL][String] [content://com.cooee.launcherS4.app/favorites?notify=true]
D/S4URC   ( 3140): [SDK] [android.content.Intent] [Constructor] [IntentInfo][String] [android.intent.action.VIEW]
D/S4URC   ( 3140): [SDK] [java.io.File] [getPath] [FilePath][String] [/data/data/com.cooee.launcherS4/shared_prefs/com.cooee.launcherS4_preferences.xml]
D/S4URC   ( 3140): [SDK] [android.content.ContextWrapper][getSharedPreferences] [File][com.cooee.launcherS4_preferences.xml] [MODE][MODE_PRIVATE]
D/S4URC   ( 3140): [SDK] [android.content.ContextWrapper][getSharedPreferences] [File][com.cooee.launcherS4_preferences.xml] [MODE][MODE_PRIVATE] [Method][getIong] [Iong][use-com.cooee.launcherS4] [Return][1535346623755]
D/S4URC   ( 3140): [SDK] [android.hardware.SensorManager] [getSensorList]
D/S4URC   ( 3140): [SDK] [java.io.File] [getPath] [FilePath][String] [/data/data/com.cooee.launcherS4/shared_prefs/com.cooee.launcherS4_preferences.xml]
D/S4URC   ( 3140): [SDK] [android.content.ContextWrapper][getSharedPreferences] [File][com.cooee.launcherS4_preferences.xml] [MODE][MODE_PRIVATE]
D/S4URC   ( 3140): [SDK] [java.io.File] [Constructor] [FilePath][String] [/system/app/Calendar/Calendar.apk]
D/S4URC   ( 3140): [SDK] [android.content.ContextWrapper][getSharedPreferences] [File][com.cooee.launcherS4_preferences.xml] [MODE][MODE_PRIVATE] [Method][getBoolean] [Boolean][shake_wallpaper] [Return][false]
D/S4URC   ( 3140): [SDK] [android.content.ContextWrapper][getSharedPreferences] [File][com.cooee.launcherS4_preferences.xml] [MODE][MODE_PRIVATE] [Method][getIong] [Iong][next_update_time] [Return][1535353823960]
D/S4URC   ( 3140): [SDK] [android.content.Intent] [Constructor] [IntentInfo][String] [android.intent.action.VIEW]
D/S4URC   ( 3140): [SDK] [java.io.File] [Constructor] [FilePath][String] [/system/app/Gallery2/Gallery2.apk]
D/S4URC   ( 3140): [SDK] [java.io.File] [getPath] [FilePath][String] [/storage/sdcard0]
D/S4URC   ( 3140): [SDK] [android.os.Environment] [getExternalStorageDirectory] [DirectoryPath][String] [/storage/sdcard0]
D/S4URC   ( 3140): [SDK] [java.io.File] [Constructor] [FilePath][String] [/storage/sdcard0/CooeeLocker/download/]
D/S4URC   ( 3140): [SDK] [java.io.File] [exists] [FilePath][String] [/storage/sdcard0/CooeeLocker/download]
D/S4URC   ( 3140): [SDK] [java.io.File] [mkdirs] [FilePath][String] [/storage/sdcard0/CooeeLocker/download]
D/S4URC   ( 3140): [SDK] [java.io.File] [getParent] [FilePath][String] [/storage/sdcard0/CooeeLocker/download]
D/S4URC   ( 3140): [SDK] [java.io.File] [Constructor] [FilePath][String] [/storage/sdcard0/CooeeLocker]
D/S4URC   ( 3140): [SDK] [java.io.File] [getPath] [FilePath][String] [/data/data/com.cooee.launcherS4/shared_prefs/com.cooee.launcherS4_preferences.xml]
D/S4URC   ( 3140): [SDK] [android.content.Intent] [Constructor] [IntentInfo][String] [android.intent.action.VIEW]
D/S4URC   ( 3140): [SDK] [android.content.ContextWrapper][getSharedPreferences] [File][com.cooee.launcherS4_preferences.xml] [MODE][MODE_PRIVATE]
D/S4URC   ( 3140): [SDK] [java.io.File] [getPath] [FilePath][String] [/storage/sdcard0]
D/S4URC   ( 3140): [SDK] [android.os.Environment] [getExternalStorageDirectory] [DirectoryPath][String] [/storage/sdcard0]
D/S4URC   ( 3140): [SDK] [java.io.File] [Constructor] [FilePath][String] [/storage/sdcard0/Coco/download/]
D/S4URC   ( 3140): [SDK] [java.io.File] [exists] [FilePath][String] [/storage/sdcard0/Coco/download]
D/S4URC   ( 3140): [SDK] [java.io.File] [mkdirs] [FilePath][String] [/storage/sdcard0/Coco/download]
D/S4URC   ( 3140): [SDK] [java.io.File] [getParent] [FilePath][String] [/storage/sdcard0/Coco/download]
D/S4URC   ( 3140): [SDK] [java.io.File] [Constructor] [FilePath][String] [/storage/sdcard0/Coco]
D/S4URC   ( 3140): [SDK] [java.lang.Class] [forName] [FindClass][String] [android.net.NetworkInfo]
D/S4URC   ( 3140): [SDK] [android.content.ContentResolver] [registerContentObserver] [URL][String] [content://settings/system/enable_stylus_gestures]
D/S4URC   ( 3140): [SDK] [java.io.File] [Constructor] [FilePath][String] [/system/priv-app/Settings/Settings.apk]
D/S4URC   ( 3140): [SDK] [android.content.Intent] [Constructor] [IntentInfo][String] [android.intent.action.VIEW]
D/S4URC   ( 3140): [SDK] [android.app.ApplicationPackageManager] [getApplicationInfo] [FindApplicationName][String] [null]
D/S4URC   ( 3140): [SDK] [android.content.Intent] [Constructor] [IntentInfo][String] [android.intent.action.VIEW]
D/S4URC   ( 3140): [SDK] [android.app.ApplicationPackageManager] [getApplicationInfo] [FindApplicationName][String] [null]
D/S4URC   ( 3140): [SDK] [android.content.Intent] [Constructor] [IntentInfo][String] [android.intent.action.VIEW]
D/S4URC   ( 3140): [SDK] [android.app.ApplicationPackageManager] [getApplicationInfo] [FindApplicationName][String] [null]
D/S4URC   ( 3140): [SDK] [android.database.sqlite.SQLiteDatabase] [insert] [Table][String] [favorites]
D/S4URC   ( 3140): [SDK] [android.content.Intent] [Constructor] [IntentInfo][String] [com.cooee.launcher.action.show_workspace]
D/S4URC   ( 3140): [SDK] [java.io.File] [getPath] [FilePath][String] [/data/data/com.cooee.launcherS4/shared_prefs/com.cooee.launcherS4_preferences.xml]
D/S4URC   ( 3140): [SDK] [android.content.ContextWrapper][getSharedPreferences] [File][com.cooee.launcherS4_preferences.xml] [MODE][MODE_PRIVATE]
D/S4URC   ( 3140): [SDK] [android.content.ContextWrapper][getSharedPreferences] [File][com.cooee.launcherS4_preferences.xml] [MODE][MODE_PRIVATE] [Method][getBoolean] [Boolean][shake_wallpaper] [Return][false]
D/S4URC   ( 3221): [SDK] [java.lang.Class] [forName] [FindClass][String] [java.net.HttpURLConnection]
D/S4URC   ( 3221): [SDK] [java.lang.Class] [forName] [FindClass][String] [com.android.okhttp.internal.http.HttpURLConnectionImpl]
D/S4URC   ( 3221): [SDK] [java.lang.Class] [forName] [FindClass][String] [java.net.Socket]
D/S4URC   ( 3221): [SDK] [java.lang.Class] [forName] [FindClass][String] [android.telephony.TelephonyManager]
D/S4URC   ( 3221): [SDK] [java.lang.Class] [forName] [FindClass][String] [android.os.Debug]
D/S4URC   ( 3140): [SDK] [java.lang.Runtime] [loadLibrary] [SoPath][String] [coogl20]
D/S4URC   ( 3140): [SDK] [java.io.File] [getPath] [FilePath][String] [/data/app/com.cooee.launcherS4-1/lib/arm]
D/S4URC   ( 3221): [SDK] [java.lang.Class] [forName] [FindClass][String] [android.hardware.SensorManager]
D/S4URC   ( 3140): [SDK] [java.io.File] [getPath] [FilePath][String] [/data/app/com.cooee.launcherS4-1/lib/arm/libcoogl20.so]
D/S4URC   ( 3221): [SDK] [java.lang.Class] [forName] [FindClass][String] [android.content.res.ResourcesKey]
D/S4URC   ( 3221): [SDK] [java.lang.Class] [forName] [FindClass][String] [android.app.ResourcesManager]
D/S4URC   ( 3221): [SDK] [java.io.File] [Constructor] [FilePath][String] [/data/app/com.cooee.launcherS4-1/base.apk]
D/S4URC   ( 3221): [SDK] [java.io.File] [getPath] [FilePath][String] [/data/data/com.cooee.launcherS4]
D/S4URC   ( 3221): [SDK] [java.io.File] [exists] [FilePath][String] [/data/data/com.cooee.launcherS4/cache]
D/S4URC   ( 3221): [SDK] [java.io.File] [getPath] [FilePath][String] [/data/data/com.cooee.launcherS4/cache]
D/S4URC   ( 3221): [SDK] [java.io.File] [getPath] [FilePath][String] [/data/data/com.cooee.launcherS4]
D/S4URC   ( 3221): [SDK] [java.io.File] [getPath] [FilePath][String] [/data/data/com.cooee.launcherS4/shared_prefs]
D/S4URC   ( 3221): [SDK] [java.io.File] [getPath] [FilePath][String] [/data/data/com.cooee.launcherS4/shared_prefs/config.xml]
D/S4URC   ( 3221): [SDK] [java.io.File] [Constructor] [FilePath][String] [/data/data/com.cooee.launcherS4/shared_prefs/config.xml.bak]
D/S4URC   ( 3221): [SDK] [java.io.File] [exists] [FilePath][String] [/data/data/com.cooee.launcherS4/shared_prefs/config.xml]
D/S4URC   ( 3221): [SDK] [java.io.File] [canRead] [FilePath][String] [/data/data/com.cooee.launcherS4/shared_prefs/config.xml]
D/S4URC   ( 3221): [SDK] [java.io.File] [getPath] [FilePath][String] [/data/data/com.cooee.launcherS4/shared_prefs/config.xml]
D/S4URC   ( 3221): [SDK] [java.io.File] [exists] [FilePath][String] [/data/data/com.cooee.launcherS4/shared_prefs/config.xml.bak]
D/S4URC   ( 3221): [SDK] [java.io.File] [exists] [FilePath][String] [/data/data/com.cooee.launcherS4/shared_prefs/config.xml]
D/S4URC   ( 3221): [SDK] [android.content.ContextWrapper][getSharedPreferences] [File][config.xml] [MODE][MODE_WORLD_READABLE]
D/S4URC   ( 3221): [SDK] [java.io.File] [canRead] [FilePath][String] [/data/data/com.cooee.launcherS4/shared_prefs/config.xml]
D/S4URC   ( 3221): [SDK] [java.io.File] [getPath] [FilePath][String] [/data/data/com.cooee.launcherS4/shared_prefs/config.xml]
D/S4URC   ( 3221): [SDK] [java.io.File] [canRead] [FilePath][String] [/data/data/com.cooee.launcherS4/shared_prefs/config.xml]
D/S4URC   ( 3221): [SDK] [java.io.File] [getPath] [FilePath][String] [/data/data/com.cooee.launcherS4/shared_prefs/config.xml]
D/S4URC   ( 3221): [SDK] [android.content.ContextWrapper][getSharedPreferences] [File][config.xml] [MODE][MODE_WORLD_READABLE] [Method][putString] [Key][domain] [Value][http://w1.mumucloud.com]
D/S4URC   ( 3221): [SDK] [android.content.ContextWrapper][getSharedPreferences] [File][config.xml] [MODE][MODE_WORLD_READABLE] [Method][putString] [Key][serialno] [Value][sz00137]
D/S4URC   ( 3221): [SDK] [android.content.ContextWrapper][getSharedPreferences] [File][config.xml] [MODE][MODE_WORLD_READABLE] [Method][putString] [Key][app_id] [Value][f2625]
D/S4URC   ( 3221): [SDK] [android.content.ContextWrapper][getSharedPreferences] [File][config.xml] [MODE][MODE_WORLD_READABLE] [Method][putString] [Key][template_id] [Value][20]
D/S4URC   ( 3221): [SDK] [android.content.ContextWrapper][getSharedPreferences] [File][config.xml] [MODE][MODE_WORLD_READABLE] [Method][putString] [Key][channel_id] [Value][0]
D/S4URC   ( 3221): [SDK] [java.io.File] [exists] [FilePath][String] [/data/data/com.cooee.launcherS4/shared_prefs/config.xml]
D/S4URC   ( 3221): [SDK] [android.content.ContextWrapper][getSharedPreferences] [File][config.xml] [MODE][MODE_WORLD_READABLE] [Method][commit]
D/S4URC   ( 3221): [SDK] [java.io.File] [Constructor] [FilePath][String] [/system/oem/launcher/s3_feature_config.xml]
D/S4URC   ( 3221): [SDK] [java.io.File] [exists] [FilePath][String] [/system/oem/launcher/s3_feature_config.xml]
D/S4URC   ( 3221): [SDK] [java.io.File] [Constructor] [FilePath][String] [/system/launcher/s3_feature_config.xml]
D/S4URC   ( 3221): [SDK] [java.io.File] [exists] [FilePath][String] [/system/launcher/s3_feature_config.xml]
D/S4URC   ( 3221): [SDK] [java.io.File] [Constructor] [FilePath][String] [/storage/sdcard0]
D/S4URC   ( 3221): [SDK] [java.io.File] [Constructor] [FilePath][String] [/storage/sdcard1]
D/S4URC   ( 3221): [SDK] [java.io.File] [Constructor] [FilePath][String] [/storage/usb2host]
D/S4URC   ( 3221): [SDK] [java.io.File] [Constructor] [FilePath][String] [/storage/usb3device]
D/S4URC   ( 3221): [SDK] [java.io.File] [Constructor] [FilePath][String] [/storage/usb3host]
D/S4URC   ( 3221): [SDK] [android.os.Environment] [getExternalStorageState] [ExternalStorageState][String] [mounted]
D/S4URC   ( 3221): [SDK] [java.io.File] [getPath] [FilePath][String] [/storage/sdcard0]
D/S4URC   ( 3221): [SDK] [android.os.Environment] [getExternalStorageDirectory] [DirectoryPath][String] [/storage/sdcard0]
D/S4URC   ( 3221): [SDK] [java.io.File] [Constructor] [FilePath][String] [/storage/sdcard0]
D/S4URC   ( 3221): [SDK] [java.io.File] [Constructor] [FilePath][String] [/storage/sdcard1]
D/S4URC   ( 3221): [SDK] [java.io.File] [Constructor] [FilePath][String] [/storage/usb2host]
D/S4URC   ( 3221): [SDK] [java.io.File] [Constructor] [FilePath][String] [/storage/usb3device]
D/S4URC   ( 3221): [SDK] [java.io.File] [Constructor] [FilePath][String] [/storage/usb3host]
D/S4URC   ( 3221): [SDK] [android.os.Environment] [getExternalStorageState] [ExternalStorageState][String] [mounted]
D/S4URC   ( 3221): [SDK] [java.io.File] [getPath] [FilePath][String] [/storage/sdcard0]
D/S4URC   ( 3221): [SDK] [android.os.Environment] [getExternalStorageDirectory] [DirectoryPath][String] [/storage/sdcard0]
D/S4URC   ( 3221): [SDK] [java.io.File] [Constructor] [FilePath][String] [/storage/sdcard0/enablelog.log]
D/S4URC   ( 3221): [SDK] [java.io.File] [exists] [FilePath][String] [/storage/sdcard0/enablelog.log]
D/S4URC   ( 3221): [SDK] [java.io.File] [Constructor] [FilePath][String] [/storage/sdcard0/error.log]
D/S4URC   ( 3140): [SDK] [android.content.Intent] [Constructor] [IntentInfo][String] [scene_begin_action]
D/S4URC   ( 3140): [SDK] [android.content.Intent] [Constructor] [IntentInfo][String] [scene_stop_action]
D/S4URC   ( 3140): [SDK] [android.content.ContextWrapper][getSharedPreferences] [File][com.cooee.launcherS4_preferences.xml] [MODE][MODE_PRIVATE] [Method][getInt] [Int][screen_count] [Return][7]
D/S4URC   ( 3221): [SDK] [java.io.File] [getPath] [FilePath][String] [/data/data/com.cooee.launcherS4/shared_prefs]
D/S4URC   ( 3221): [SDK] [java.io.File] [getPath] [FilePath][String] [/data/data/com.cooee.launcherS4/shared_prefs/theme.xml]
D/S4URC   ( 3221): [SDK] [java.io.File] [Constructor] [FilePath][String] [/data/data/com.cooee.launcherS4/shared_prefs/theme.xml.bak]
D/S4URC   ( 3221): [SDK] [java.io.File] [exists] [FilePath][String] [/data/data/com.cooee.launcherS4/shared_prefs/theme.xml]
D/S4URC   ( 3221): [SDK] [java.io.File] [canRead] [FilePath][String] [/data/data/com.cooee.launcherS4/shared_prefs/theme.xml]
D/S4URC   ( 3221): [SDK] [java.io.File] [getPath] [FilePath][String] [/data/data/com.cooee.launcherS4/shared_prefs/theme.xml]
D/S4URC   ( 3221): [SDK] [android.content.ContextWrapper][getSharedPreferences] [File][theme.xml] [MODE][MODE_WORLD_WRITEABLE]
D/S4URC   ( 3221): [SDK] [java.io.File] [exists] [FilePath][String] [/data/data/com.cooee.launcherS4/shared_prefs/theme.xml.bak]
D/S4URC   ( 3221): [SDK] [java.io.File] [exists] [FilePath][String] [/data/data/com.cooee.launcherS4/shared_prefs/theme.xml]
D/S4URC   ( 3221): [SDK] [java.io.File] [canRead] [FilePath][String] [/data/data/com.cooee.launcherS4/shared_prefs/theme.xml]
D/S4URC   ( 3221): [SDK] [java.io.File] [getPath] [FilePath][String] [/data/data/com.cooee.launcherS4/shared_prefs/theme.xml]
D/S4URC   ( 3221): [SDK] [java.io.File] [canRead] [FilePath][String] [/data/data/com.cooee.launcherS4/shared_prefs/theme.xml]
D/S4URC   ( 3221): [SDK] [java.io.File] [getPath] [FilePath][String] [/data/data/com.cooee.launcherS4/shared_prefs/theme.xml]
D/S4URC   ( 3221): [SDK] [android.content.ContextWrapper][getSharedPreferences] [File][theme.xml] [MODE][MODE_WORLD_WRITEABLE] [Method][getString] [String][theme] [Return][com.cooee.launcherS4]
D/S4URC   ( 3140): [SDK] [android.content.Intent] [Constructor] [IntentInfo][String] [android.intent.action.VIEW]
D/S4URC   ( 3221): [SDK] [java.io.File] [getPath] [FilePath][String] [/storage/sdcard0]
D/S4URC   ( 3221): [SDK] [android.os.Environment] [getExternalStorageDirectory] [DirectoryPath][String] [/storage/sdcard0]
D/S4URC   ( 3140): [SDK] [android.content.Intent] [Constructor] [IntentInfo][String] [android.intent.action.VIEW]
D/S4URC   ( 3140): [SDK] [android.content.ContextWrapper][getSharedPreferences] [File][com.cooee.launcherS4_preferences.xml] [MODE][MODE_PRIVATE] [Method][getBoolean] [Boolean][HIDE:ComponentInfo{com.android.browser/com.android.browser.BrowserActivity}] [Return][false]
D/S4URC   ( 3221): [SDK] [java.io.File] [Constructor] [FilePath][String] [/system/launcher/s3_configbase.xml]
D/S4URC   ( 3221): [SDK] [java.io.File] [exists] [FilePath][String] [/system/launcher/s3_configbase.xml]
D/S4URC   ( 3221): [SDK] [java.io.File] [getPath] [FilePath][String] [/storage/sdcard0]
D/S4URC   ( 3221): [SDK] [android.os.Environment] [getExternalStorageDirectory] [DirectoryPath][String] [/storage/sdcard0]
D/S4URC   ( 3221): [SDK] [android.content.ContextWrapper] [registerReceiver][IntentFilter][android.intent.action.PACKAGE_ADDED,android.intent.action.PACKAGE_REMOVED,android.intent.action.PACKAGE_CHANGED,
D/S4URC   ( 3221): [SDK] [android.content.ContextWrapper] [registerReceiver][IntentFilter][android.intent.action.EXTERNAL_APPLICATIONS_AVAILABLE,android.intent.action.EXTERNAL_APPLICATIONS_UNAVAILABLE,
D/S4URC   ( 3221): [SDK] [java.io.File] [getPath] [FilePath][String] [/data/data/com.cooee.launcherS4]
D/S4URC   ( 3221): [SDK] [java.io.File] [getPath] [FilePath][String] [/data/data/com.cooee.launcherS4/databases]
D/S4URC   ( 3221): [SDK] [java.io.File] [isDirectory] [FilePath][String] [/data/data/com.cooee.launcherS4/databases]
D/S4URC   ( 3221): [SDK] [java.io.File] [getPath] [FilePath][String] [/data/data/com.cooee.launcherS4/databases/statisticsNew.db]
D/S4URC   ( 3221): [SDK] [android.database.sqlite.SQLiteDatabase] [update] [updateInfo][String] [logTable] [SET][logtext=0012#sz00137#f2625##1#com.cooee.launcherS4#22304#3,uploadtime=20180826181027] [WHERE][_id=3]
D/S4URC   ( 3221): [SDK] [java.io.File] [getPath] [FilePath][String] [/data/data/com.cooee.launcherS4/databases]
D/S4URC   ( 3221): [SDK] [java.io.File] [isDirectory] [FilePath][String] [/data/data/com.cooee.launcherS4/databases]
D/S4URC   ( 3221): [SDK] [java.io.File] [getPath] [FilePath][String] [/data/data/com.cooee.launcherS4/databases/statisticsNew.db]
D/S4URC   ( 3221): [SDK] [java.io.File] [getPath] [FilePath][String] [/data/data/com.cooee.launcherS4/databases]
D/S4URC   ( 3221): [SDK] [java.io.File] [isDirectory] [FilePath][String] [/data/data/com.cooee.launcherS4/databases]
D/S4URC   ( 3221): [SDK] [java.io.File] [getPath] [FilePath][String] [/data/data/com.cooee.launcherS4/databases/statisticsNew.db]
D/S4URC   ( 3140): [SDK] [java.io.File] [getPath] [FilePath][String] [/data/data/com.cooee.launcherS4/shared_prefs/launcher.xml]
D/S4URC   ( 3140): [SDK] [android.content.ContextWrapper][getSharedPreferences] [File][launcher.xml] [MODE][MODE_PRIVATE]
D/S4URC   ( 3140): [SDK] [android.content.ContextWrapper][getSharedPreferences] [File][launcher.xml] [MODE][MODE_PRIVATE] [Method][putLong] [Key][resume_time] [Value][8688018481750]
D/S4URC   ( 3140): [SDK] [java.io.File] [exists] [FilePath][String] [/data/data/com.cooee.launcherS4/shared_prefs/launcher.xml]
D/S4URC   ( 3140): [SDK] [java.io.File] [exists] [FilePath][String] [/data/data/com.cooee.launcherS4/shared_prefs/launcher.xml.bak]
D/S4URC   ( 3140): [SDK] [java.io.File] [renameTo] [FilePath][String] [/data/data/com.cooee.launcherS4/shared_prefs/launcher.xml] [DesFile][/data/data/com.cooee.launcherS4/shared_prefs/launcher.xml.bak]
D/S4URC   ( 3140): [SDK] [java.io.File] [getPath] [FilePath][String] [/data/data/com.cooee.launcherS4/shared_prefs/launcher.xml]
D/S4URC   ( 3221): [SDK] [java.io.File] [getPath] [FilePath][String] [/data/data/com.cooee.launcherS4/databases]
D/S4URC   ( 3221): [SDK] [java.io.File] [isDirectory] [FilePath][String] [/data/data/com.cooee.launcherS4/databases]
D/S4URC   ( 3221): [SDK] [java.io.File] [getPath] [FilePath][String] [/data/data/com.cooee.launcherS4/databases/statisticsNew.db]
D/S4URC   ( 3140): [SDK] [java.io.File] [Constructor] [FilePath][String] [theme/pack_source/appbar-show-userapp-navigation-back.png]
D/S4URC   ( 3140): [SDK] [java.io.File] [getPath] [FilePath][String] [/theme/pack_source/appbar-show-userapp-navigation-back.png]
D/S4URC   ( 3221): [SDK] [java.io.File] [getPath] [FilePath][String] [/data/data/com.cooee.launcherS4/databases/statisticsNew.db]
D/S4URC   ( 3140): [SDK] [java.io.File] [getPath] [FilePath][String] [/data/data/com.cooee.launcherS4/shared_prefs/launcher.xml]
