D/S4URC   ( 2568): [SDK] [java.io.File] [canRead] [FilePath][String] [/data/data/com.vm.midnightmovie/shared_prefs/AppStore.xml]
D/S4URC   ( 2568): [SDK] [java.io.File] [getPath] [FilePath][String] [/data/data/com.vm.midnightmovie/shared_prefs/AppStore.xml]
D/S4URC   ( 2568): [SDK] [java.io.File] [exists] [FilePath][String] [/data/data/com.vm.midnightmovie/shared_prefs/AppStore.xml.bak]
D/S4URC   ( 2568): [SDK] [java.io.File] [exists] [FilePath][String] [/data/data/com.vm.midnightmovie/shared_prefs/AppStore.xml]
D/S4URC   ( 2568): [SDK] [java.io.File] [canRead] [FilePath][String] [/data/data/com.vm.midnightmovie/shared_prefs/AppStore.xml]
D/S4URC   ( 2568): [SDK] [android.content.ContextWrapper][getSharedPreferences] [File][AppStore.xml] [MODE][APPEND or MULTI_PROCESS]
D/S4URC   ( 2568): [SDK] [java.io.File] [getPath] [FilePath][String] [/data/data/com.vm.midnightmovie/shared_prefs/AppStore.xml]
D/S4URC   ( 2568): [SDK] [java.io.File] [canRead] [FilePath][String] [/data/data/com.vm.midnightmovie/shared_prefs/AppStore.xml]
D/S4URC   ( 2568): [SDK] [java.io.File] [getPath] [FilePath][String] [/data/data/com.vm.midnightmovie/shared_prefs]
D/S4URC   ( 2568): [SDK] [java.io.File] [getPath] [FilePath][String] [/data/data/com.vm.midnightmovie/shared_prefs/AppStore.xml]
D/S4URC   ( 2568): [SDK] [java.io.File] [getPath] [FilePath][String] [/data/data/com.vm.midnightmovie/shared_prefs/umeng_message_state.xml]
D/S4URC   ( 2568): [SDK] [java.io.File] [Constructor] [FilePath][String] [/data/data/com.vm.midnightmovie/shared_prefs/umeng_message_state.xml.bak]
D/S4URC   ( 2568): [SDK] [java.io.File] [exists] [FilePath][String] [/data/data/com.vm.midnightmovie/shared_prefs/umeng_message_state.xml]
D/S4URC   ( 2568): [SDK] [android.content.ContextWrapper][getSharedPreferences] [File][umeng_message_state.xml] [MODE][APPEND or MULTI_PROCESS]
D/S4URC   ( 2486): [SDK] [android.database.sqlite.SQLiteDatabase] [execSQL] [ExecInfo][String] [delete from system]
D/S4URC   ( 2568): [SDK] [android.content.ContextWrapper][getSharedPreferences] [File][umeng_message_state.xml] [MODE][APPEND or MULTI_PROCESS] [Method][getString] [String][app_device_token] [Return][]
D/S4URC   ( 2486): [SDK] [android.os.Environment] [getExternalStorageState] [ExternalStorageState][String] [mounted]
D/S4URC   ( 2486): [SDK] [java.io.File] [getPath] [FilePath][String] [/storage/sdcard0]
D/S4URC   ( 2568): [SDK] [java.io.File] [exists] [FilePath][String] [/data/data/com.vm.midnightmovie/shared_prefs/umeng_message_state.xml.bak]
D/S4URC   ( 2486): [SDK] [android.os.Environment] [getExternalStorageDirectory] [DirectoryPath][String] [/storage/sdcard0]
D/S4URC   ( 2486): [SDK] [java.io.File] [getPath] [FilePath][String] [/storage/sdcard0]
D/S4URC   ( 2568): [SDK] [java.io.File] [exists] [FilePath][String] [/data/data/com.vm.midnightmovie/shared_prefs/umeng_message_state.xml]
D/S4URC   ( 2568): [SDK] [java.io.File] [getPath] [FilePath][String] [/data/data/com.vm.midnightmovie/shared_prefs/umeng_message_state.xml]
D/S4URC   ( 2568): [SDK] [android.content.ContextWrapper][getSharedPreferences] [File][umeng_message_state.xml] [MODE][APPEND or MULTI_PROCESS] [Method][getString] [String][KEY_UMENG_MESSAGE_APP_KEY] [Return][]
D/S4URC   ( 2568): [SDK] [android.app.ApplicationPackageManager] [getApplicationInfo] [FindApplicationName][String] [com.vm.midnightmovie]
D/S4URC   ( 2568): [SDK] [android.content.ContextWrapper][getSharedPreferences] [File][umeng_message_state.xml] [MODE][APPEND or MULTI_PROCESS] [Method][getInt] [Int][app_version] [Return][-2147483648]
D/S4URC   ( 2568): [SDK] [android.app.ApplicationPackageManager] [getPackageInfo] [FindPackageName][String] [com.vm.midnightmovie]
D/S4URC   ( 2568): [SDK] [android.content.ContextWrapper][getSharedPreferences] [File][umeng_message_state.xml] [MODE][APPEND or MULTI_PROCESS] [Method][getString] [String][KEY_UMENG_MESSAGE_APP_CHANNEL] [Return][]
D/S4URC   ( 2568): [SDK] [android.app.ApplicationPackageManager] [getApplicationInfo] [FindApplicationName][String] [com.vm.midnightmovie]
D/S4URC   ( 2486): [SDK] [java.io.File] [exists] [FilePath][String] [/data/data/com.vm.midnightmovie/shared_prefs/device.xml.bak]
D/S4URC   ( 2486): [SDK] [java.io.File] [exists] [FilePath][String] [/data/data/com.vm.midnightmovie/shared_prefs/device.xml]
D/S4URC   ( 2486): [SDK] [java.io.File] [Constructor] [FilePath][String] [/storage/sdcard0]
D/S4URC   ( 2486): [SDK] [java.lang.Class] [forName] [FindClass][String] [android.os.Message]
D/S4URC   ( 2486): [SDK] [java.net] [HttpURLConnection] [URL][String] [http://alog.umeng.com/app_logs]
D/S4URC   ( 2486): [SDK] [java.net] [HttpURLConnection] [Request][Method] [POST] [URL][String] [http://alog.umeng.com/app_logs]
D/S4URC   ( 2486): [SDK] [android.content.ContextWrapper][getSharedPreferences] [File][device.xml] [MODE][MODE_PRIVATE]
D/S4URC   ( 2486): [SDK] [android.content.ContextWrapper][getSharedPreferences] [File][device.xml] [MODE][MODE_PRIVATE] [Method][putString] [Key][uid] [Value][7394953ffd04a76c50a4e59ecfe5dc7d]
D/S4URC   ( 2486): [SDK] [java.io.File] [exists] [FilePath][String] [/data/data/com.vm.midnightmovie/shared_prefs/device.xml]
D/S4URC   ( 2486): [SDK] [java.io.File] [getPath] [FilePath][String] [/data/data/com.vm.midnightmovie/shared_prefs/device.xml]
D/S4URC   ( 2486): [SDK] [java.io.File] [delete] [FilePath][String] [/data/data/com.vm.midnightmovie/shared_prefs/device.xml.bak]
D/S4URC   ( 2486): [SDK] [android.content.ContextWrapper][getSharedPreferences] [File][device.xml] [MODE][MODE_PRIVATE] [Method][commit]
D/S4URC   ( 2486): [SDK] [java.io.File] [Constructor] [FilePath][String] [/storage/sdcard0]
D/S4URC   ( 2568): [SDK] [java.lang.Class] [forName] [FindClass][String] [com.android.org.conscrypt.OpenSSLMessageDigestJDK$MD5]
D/S4URC   ( 2486): [SDK] [java.io.File] [Constructor] [FilePath][String] [/storage/sdcard0]
D/S4URC   ( 2486): [SDK] [java.io.File] [Constructor] [FilePath][String] [/storage/sdcard1]
D/S4URC   ( 2486): [SDK] [java.io.File] [Constructor] [FilePath][String] [/storage/usb2host]
D/S4URC   ( 2568): [SDK] [java.io.File] [Constructor] [FilePath][String] [/proc/cpuinfo]
D/S4URC   ( 2568): [SDK] [java.io.File] [getPath] [FilePath][String] [/proc/cpuinfo]
D/S4URC   ( 2568): [SDK] [android.app.ApplicationPackageManager] [getPackageInfo] [FindPackageName][String] [com.vm.midnightmovie]
D/S4URC   ( 2486): [SDK] [java.lang.Class] [forName] [FindClass][String] [com.mediatek.featureoption.FeatureOption]
D/S4URC   ( 2486): [SDK] [android.telephony.TelephonyManager] [getSubscriberId]
D/S4URC   ( 2568): [SDK] [android.content.ContextWrapper][getSharedPreferences] [File][umeng_message_state.xml] [MODE][APPEND or MULTI_PROCESS] [Method][getString] [String][KEY_UMENG_MESSAGE_APP_KEY] [Return][]
D/S4URC   ( 2486): [SDK] [java.lang.Class] [forName] [FindClass][String] [com.mediatek.featureoption.FeatureOption]
D/S4URC   ( 2568): [SDK] [android.app.ApplicationPackageManager] [getApplicationInfo] [FindApplicationName][String] [com.vm.midnightmovie]
D/S4URC   ( 2486): [SDK] [android.telephony.TelephonyManager] [getSubscriberId]
D/S4URC   ( 2568): [SDK] [android.content.ContextWrapper][getSharedPreferences] [File][umeng_message_state.xml] [MODE][APPEND or MULTI_PROCESS] [Method][getString] [String][KEY_UMENG_MESSAGE_APP_CHANNEL] [Return][]
D/S4URC   ( 2568): [SDK] [android.app.ApplicationPackageManager] [getApplicationInfo] [FindApplicationName][String] [com.vm.midnightmovie]
D/S4URC   ( 2486): [SDK] [android.app.ApplicationPackageManager] [getPackageInfo] [FindPackageName][String] [com.vm.midnightmovie]
D/S4URC   ( 2486): [SDK] [java.io.File] [Constructor] [FilePath][String] [/storage/sdcard0]
D/S4URC   ( 2486): [SDK] [java.io.File] [Constructor] [FilePath][String] [/storage/sdcard1]
D/S4URC   ( 2568): [SDK] [java.lang.Class] [forName] [FindClass][String] [com.android.org.conscrypt.OpenSSLCipher$AES$CBC$PKCS5Padding]
D/S4URC   ( 2568): [SDK] [java.lang.Class] [forName] [FindClass][String] [com.android.org.conscrypt.OpenSSLRandom]
D/S4URC   ( 2568): [SDK] [javax.crypto.spec.SecretKeySpec][Constructor] [KEY][5788ac1867e58e79][type][AES][javax.crypto.spec.IvParameterSpec][Constructor] [IV][nmeug.f9/Om+L823] [javax.crypto.Cipher][doFinal] [Data][7c:dd:90:eb:fc:1f] [Return][C5qVPqbXL3i7v38lrRuMlaw1cEYSsBWdMaPpJ1xsqCE=]
D/S4URC   ( 2486): [SDK] [android.content.ContextWrapper] [registerReceiver][IntentFilter][android.net.conn.CONNECTIVITY_CHANGE,
D/S4URC   ( 2568): [SDK] [android.content.ContextWrapper][getSharedPreferences] [File][umeng_message_state.xml] [MODE][APPEND or MULTI_PROCESS] [Method][getString] [String][KEY_UMENG_MESSAGE_APP_KEY] [Return][]
D/S4URC   ( 2568): [SDK] [android.app.ApplicationPackageManager] [getApplicationInfo] [FindApplicationName][String] [com.vm.midnightmovie]
D/S4URC   ( 2568): [SDK] [android.content.ContextWrapper][getSharedPreferences] [File][umeng_message_state.xml] [MODE][APPEND or MULTI_PROCESS] [Method][getString] [String][KEY_UMENG_MESSAGE_APP_CHANNEL] [Return][]
D/S4URC   ( 2568): [SDK] [android.app.ApplicationPackageManager] [getApplicationInfo] [FindApplicationName][String] [com.vm.midnightmovie]
D/S4URC   ( 2486): [SDK] [java.io.File] [getPath] [FilePath][String] [/data/data/com.vm.midnightmovie/shared_prefs]
D/S4URC   ( 2486): [SDK] [java.io.File] [getPath] [FilePath][String] [/data/data/com.vm.midnightmovie/shared_prefs/gitConfig.xml]
D/S4URC   ( 2486): [SDK] [java.io.File] [Constructor] [FilePath][String] [/data/data/com.vm.midnightmovie/shared_prefs/gitConfig.xml.bak]
D/S4URC   ( 2486): [SDK] [java.io.File] [exists] [FilePath][String] [/data/data/com.vm.midnightmovie/shared_prefs/gitConfig.xml]
D/S4URC   ( 2486): [SDK] [java.io.File] [exists] [FilePath][String] [/data/data/com.vm.midnightmovie/shared_prefs/gitConfig.xml.bak]
D/S4URC   ( 2486): [SDK] [android.content.ContextWrapper][getSharedPreferences] [File][gitConfig.xml] [MODE][MODE_PRIVATE] [Method][getBoolean] [Boolean][sale_iud] [Return][false]
D/S4URC   ( 2486): [SDK] [android.content.ContextWrapper][getSharedPreferences] [File][device.xml] [MODE][MODE_PRIVATE] [Method][getString] [String][uid] [Return][7394953ffd04a76c50a4e59ecfe5dc7d]
D/S4URC   ( 2568): [SDK] [java.io.File] [Constructor] [FilePath][String] [/proc/cpuinfo]
D/S4URC   ( 2568): [SDK] [java.io.File] [getPath] [FilePath][String] [/proc/cpuinfo]
D/S4URC   ( 2568): [SDK] [android.app.ApplicationPackageManager] [getPackageInfo] [FindPackageName][String] [com.vm.midnightmovie]
D/S4URC   ( 2486): [SDK] [java.io.File] [getPath] [FilePath][String] [/data]
D/S4URC   ( 2486): [SDK] [android.os.Environment] [getDataDirectory] [DataDirectoryPath][String] [/data]
D/S4URC   ( 2486): [SDK] [java.io.File] [getPath] [FilePath][String] [/data]
D/S4URC   ( 2486): [SDK] [java.io.File] [exists] [FilePath][String] [/data]
D/S4URC   ( 2486): [SDK] [java.io.File] [isDirectory] [FilePath][String] [/data]
D/S4URC   ( 2486): [SDK] [java.io.File] [Constructor] [FilePath][String] [/storage/sdcard0]
D/S4URC   ( 2486): [SDK] [android.telephony.TelephonyManager] [getSubscriberId]
D/S4URC   ( 2486): [SDK] [java.lang.Class] [forName] [FindClass][String] [com.mediatek.featureoption.FeatureOption]
D/S4URC   ( 2486): [SDK] [android.telephony.TelephonyManager] [getSubscriberId]
D/S4URC   ( 2486): [SDK] [android.app.ApplicationPackageManager] [getPackageInfo] [FindPackageName][String] [com.vm.midnightmovie]
D/S4URC   ( 2486): [SDK] [android.content.ContextWrapper][getSharedPreferences] [File][gitConfig.xml] [MODE][MODE_PRIVATE]
D/S4URC   ( 2486): [SDK] [android.content.ContextWrapper][getSharedPreferences] [File][gitConfig.xml] [MODE][MODE_PRIVATE] [Method][getBoolean] [Boolean][sale_iud] [Return][false]
D/S4URC   ( 2486): [SDK] [java.io.File] [Constructor] [FilePath][String] [/storage/sdcard0]
D/S4URC   ( 2486): [SDK] [java.io.File] [Constructor] [FilePath][String] [/storage/sdcard1]
D/S4URC   ( 2486): [SDK] [java.io.File] [Constructor] [FilePath][String] [/storage/usb2host]
D/S4URC   ( 2486): [SDK] [java.io.File] [Constructor] [FilePath][String] [/storage/usb3device]
D/S4URC   ( 2568): [SDK] [java.io.File] [Constructor] [FilePath][String] [/storage/sdcard0]
D/S4URC   ( 2568): [SDK] [android.os.Environment] [getExternalStorageState] [ExternalStorageState][String] [mounted]
D/S4URC   ( 2486): [SDK] [android.os.Environment] [getExternalStorageState] [ExternalStorageState][String] [mounted]
D/S4URC   ( 2486): [SDK] [java.io.File] [getPath] [FilePath][String] [/storage/sdcard0]
D/S4URC   ( 2486): [SDK] [android.os.Environment] [getExternalStorageDirectory] [DirectoryPath][String] [/storage/sdcard0]
D/S4URC   ( 2486): [SDK] [java.io.File] [getPath] [FilePath][String] [/storage/sdcard0]
D/S4URC   ( 2486): [SDK] [java.io.File] [exists] [FilePath][String] [/storage/sdcard0]
D/S4URC   ( 2568): [SDK] [java.io.File] [getParent] [FilePath][String] [/storage/sdcard0/.UTSystemConfig/Global]
D/S4URC   ( 2486): [SDK] [android.app.ApplicationPackageManager] [getApplicationInfo] [FindApplicationName][String] [com.vm.midnightmovie]
D/S4URC   ( 2568): [SDK] [java.io.File] [getPath] [FilePath][String] [/storage/sdcard0/.UTSystemConfig/Global/Alvin2.xml]
D/S4URC   ( 2568): [SDK] [java.io.File] [exists] [FilePath][String] [/storage/sdcard0/.UTSystemConfig/Global/Alvin2.xml]
D/S4URC   ( 2568): [SDK] [java.io.File] [getPath] [FilePath][String] [/storage/sdcard0/.UTSystemConfig/Global/Alvin2.xml]
D/S4URC   ( 2568): [SDK] [java.io.File] [Constructor] [FilePath][String] [/storage/sdcard0/.UTSystemConfig/Global/Alvin2.xml.bak]
D/S4URC   ( 2568): [SDK] [java.io.File] [exists] [FilePath][String] [/storage/sdcard0/.UTSystemConfig/Global/Alvin2.xml]
D/S4URC   ( 2568): [SDK] [java.io.File] [getPath] [FilePath][String] [/storage/sdcard0/.UTSystemConfig/Global/Alvin2.xml]
D/S4URC   ( 2486): [SDK] [java.net] [HttpURLConnection] [URL][String] [http://www.bkt0.com/cu.ashx]
D/S4URC   ( 2568): [SDK] [java.io.File] [getPath] [FilePath][String] [/storage/sdcard0/.UTSystemConfig/Global]
D/S4URC   ( 2568): [SDK] [java.io.File] [exists] [FilePath][String] [/data/data/com.vm.midnightmovie/shared_prefs/ContextData.xml.bak]
D/S4URC   ( 2568): [SDK] [android.content.ContextWrapper][getSharedPreferences] [File][ContextData.xml] [MODE][MODE_PRIVATE] [Method][getIong] [Iong][t] [Return][0]
D/S4URC   ( 2568): [SDK] [java.io.File] [Constructor] [FilePath][String] [/storage/sdcard0]
D/S4URC   ( 2568): [SDK] [java.io.File] [Constructor] [FilePath][String] [/storage/sdcard1]
D/S4URC   ( 2568): [SDK] [java.io.File] [Constructor] [FilePath][String] [/storage/usb2host]
D/S4URC   ( 2568): [SDK] [java.io.File] [Constructor] [FilePath][String] [/storage/usb3device]
D/S4URC   ( 2568): [SDK] [java.io.File] [Constructor] [FilePath][String] [/storage/usb3host]
D/S4URC   ( 2568): [SDK] [android.os.Environment] [getExternalStorageState] [ExternalStorageState][String] [mounted]
D/S4URC   ( 2568): [SDK] [java.io.File] [getPath] [FilePath][String] [/storage/sdcard0]
D/S4URC   ( 2568): [SDK] [android.os.Environment] [getExternalStorageDirectory] [DirectoryPath][String] [/storage/sdcard0]
D/S4URC   ( 2568): [SDK] [java.io.File] [Constructor] [FilePath][String] [/storage/sdcard0/.DataStorage]
D/S4URC   ( 2568): [SDK] [java.io.File] [exists] [FilePath][String] [/storage/sdcard0/.DataStorage]
D/S4URC   ( 2568): [SDK] [java.io.File] [mkdirs] [FilePath][String] [/storage/sdcard0/.DataStorage]
D/S4URC   ( 2568): [SDK] [java.io.File] [Constructor] [FilePath][String] [/storage/sdcard0/.DataStorage]
D/S4URC   ( 2568): [SDK] [java.io.File] [getPath] [FilePath][String] [/storage/sdcard0/.DataStorage]
D/S4URC   ( 2568): [SDK] [java.io.File] [exists] [FilePath][String] [/storage/sdcard0/.DataStorage/ContextData.xml]
D/S4URC   ( 2568): [SDK] [java.io.File] [getPath] [FilePath][String] [/storage/sdcard0/.DataStorage/ContextData.xml]
D/S4URC   ( 2568): [SDK] [java.io.File] [Constructor] [FilePath][String] [/storage/sdcard0/.DataStorage/ContextData.xml.bak]
D/S4URC   ( 2568): [SDK] [java.io.File] [getPath] [FilePath][String] [/storage/sdcard0/.DataStorage/ContextData.xml]
D/S4URC   ( 2568): [SDK] [android.content.ContextWrapper][getSharedPreferences] [File][ContextData.xml] [MODE][MODE_PRIVATE] [Method][getIong] [Iong][t2] [Return][1535100916941]
D/S4URC   ( 2568): [SDK] [java.io.File] [getPath] [FilePath][String] [/storage/sdcard0/.DataStorage]
D/S4URC   ( 2568): [SDK] [java.io.File] [getPath] [FilePath][String] [/storage/sdcard0/.DataStorage/ContextData.xml]
D/S4URC   ( 2568): [SDK] [java.lang.Class] [forName] [FindClass][String] [com.android.org.bouncycastle.jcajce.provider.symmetric.AES$KeyGen]
D/S4URC   ( 2568): [SDK] [java.lang.Class] [forName] [FindClass][String] [org.apache.harmony.security.provider.crypto.SHA1PRNG_SecureRandomImpl]
D/S4URC   ( 2568): [SDK] [java.io.File] [Constructor] [FilePath][String] [/dev/urandom]
D/S4URC   ( 2568): [SDK] [java.io.File] [getPath] [FilePath][String] [/dev/urandom]
D/S4URC   ( 2568): [SDK] [javax.crypto.spec.SecretKeySpec][Constructor] [KEY][OL3zCUgfAUXeZ4Vv6ckN3g==][type][AES][javax.crypto.Cipher][getInstance] [Cipher][AES/CBC/PKCS5Padding] [javax.crypto.spec.IvParameterSpec][Constructor] [IV][AAAAAAAAAAAAAAAAAAAAAA==] [javax.crypto.Cipher][doFinal] [Data][JtzPq4ray7Qe4gdS0lKdycZYefD44gBd8y5mZKp2gZE=] [Return][]
D/S4URC   ( 2568): [SDK] [javax.crypto.spec.SecretKeySpec][Constructor] [KEY][ABfcG+IlhVTPAsV7eOdApQ==][type][AES][javax.crypto.Cipher][getInstance] [Cipher][AES/CBC/PKCS5Padding] [javax.crypto.spec.IvParameterSpec][Constructor] [IV][AAAAAAAAAAAAAAAAAAAAAA==] [javax.crypto.Cipher][doFinal] [Data][JtzPq4ray7Qe4gdS0lKdycZYefD44gBd8y5mZKp2gZE=] [Return][W3/H9Ka2iocDAEPOsTx9Dvm7]
D/S4URC   ( 2568): [SDK] [java.io.File] [Constructor] [FilePath][String] [/storage/sdcard0/.UTSystemConfig/Global/Alvin2.xml]
D/S4URC   ( 2568): [SDK] [java.io.File] [exists] [FilePath][String] [/storage/sdcard0/.UTSystemConfig/Global/Alvin2.xml]
D/S4URC   ( 2568): [SDK] [android.content.ContextWrapper][getSharedPreferences] [File][Alvin2.xml] [MODE][MODE_PRIVATE]
D/S4URC   ( 2568): [SDK] [java.io.File] [Constructor] [FilePath][String] [/storage/sdcard0]
D/S4URC   ( 2568): [SDK] [java.io.File] [Constructor] [FilePath][String] [/storage/sdcard1]
D/S4URC   ( 2568): [SDK] [java.io.File] [Constructor] [FilePath][String] [/storage/usb2host]
D/S4URC   ( 2568): [SDK] [java.io.File] [Constructor] [FilePath][String] [/storage/usb3device]
D/S4URC   ( 2568): [SDK] [java.io.File] [Constructor] [FilePath][String] [/storage/usb3host]
D/S4URC   ( 2568): [SDK] [android.os.Environment] [getExternalStorageState] [ExternalStorageState][String] [mounted]
D/S4URC   ( 2568): [SDK] [java.io.File] [getPath] [FilePath][String] [/storage/sdcard0/.UTSystemConfig/Global]
D/S4URC   ( 2568): [SDK] [java.io.File] [getPath] [FilePath][String] [/storage/sdcard0/.UTSystemConfig/Global/Alvin2.xml]
D/S4URC   ( 2568): [SDK] [android.content.ContextWrapper][getSharedPreferences] [File][Alvin2.xml] [MODE][MODE_PRIVATE] [Method][getString] [String][UTDID] [Return][W3/H9Ka2iocDAEPOsTx9Dvm7]
D/S4URC   ( 2568): [SDK] [java.io.File] [Constructor] [FilePath][String] [/storage/sdcard0/.UTSystemConfig/Global/Alvin2.xml]
D/S4URC   ( 2568): [SDK] [java.io.File] [exists] [FilePath][String] [/storage/sdcard0/.UTSystemConfig/Global/Alvin2.xml]
D/S4URC   ( 2568): [SDK] [android.content.ContextWrapper][getSharedPreferences] [File][Alvin2.xml] [MODE][MODE_PRIVATE]
D/S4URC   ( 2568): [SDK] [java.io.File] [Constructor] [FilePath][String] [/storage/sdcard0]
D/S4URC   ( 2568): [SDK] [java.io.File] [Constructor] [FilePath][String] [/storage/sdcard1]
D/S4URC   ( 2568): [SDK] [java.io.File] [Constructor] [FilePath][String] [/storage/usb2host]
D/S4URC   ( 2568): [SDK] [java.io.File] [Constructor] [FilePath][String] [/storage/usb3device]
D/S4URC   ( 2568): [SDK] [java.io.File] [Constructor] [FilePath][String] [/storage/usb3host]
D/S4URC   ( 2568): [SDK] [android.os.Environment] [getExternalStorageState] [ExternalStorageState][String] [mounted]
D/S4URC   ( 2568): [SDK] [java.io.File] [getPath] [FilePath][String] [/storage/sdcard0/.UTSystemConfig/Global]
D/S4URC   ( 2568): [SDK] [java.io.File] [getPath] [FilePath][String] [/storage/sdcard0/.UTSystemConfig/Global/Alvin2.xml]
D/S4URC   ( 2568): [SDK] [android.content.ContextWrapper][getSharedPreferences] [File][Alvin2.xml] [MODE][MODE_PRIVATE] [Method][getString] [String][EI] [Return][W3/H9Ncz1GsJ1nbSBfjYdw==]
D/S4URC   ( 2568): [SDK] [java.io.File] [Constructor] [FilePath][String] [/storage/sdcard0/.UTSystemConfig/Global/Alvin2.xml]
D/S4URC   ( 2568): [SDK] [java.io.File] [exists] [FilePath][String] [/storage/sdcard0/.UTSystemConfig/Global/Alvin2.xml]
D/S4URC   ( 2568): [SDK] [android.content.ContextWrapper][getSharedPreferences] [File][Alvin2.xml] [MODE][MODE_PRIVATE]
D/S4URC   ( 2568): [SDK] [java.io.File] [Constructor] [FilePath][String] [/storage/sdcard0]
D/S4URC   ( 2486): [SDK] [android.app.ApplicationPackageManager] [getApplicationInfo] [FindApplicationName][String] [com.vm.midnightmovie]
D/S4URC   ( 2568): [SDK] [java.io.File] [Constructor] [FilePath][String] [/storage/sdcard0]
D/S4URC   ( 2568): [SDK] [java.io.File] [Constructor] [FilePath][String] [/storage/sdcard1]
D/S4URC   ( 2486): [SDK] [java.io.File] [Constructor] [FilePath][String] [/data/app/com.vm.midnightmovie-1/base.apk]
D/S4URC   ( 2568): [SDK] [java.io.File] [Constructor] [FilePath][String] [/storage/usb2host]
D/S4URC   ( 2486): [SDK] [java.io.File] [getPath] [FilePath][String] [/data/app/com.vm.midnightmovie-1/base.apk]
D/S4URC   ( 2568): [SDK] [java.io.File] [Constructor] [FilePath][String] [/storage/usb3device]
D/S4URC   ( 2568): [SDK] [java.io.File] [Constructor] [FilePath][String] [/storage/usb3host]
D/S4URC   ( 2486): [SDK] [android.content.ContextWrapper][getSharedPreferences] [File][gitConfig.xml] [MODE][MODE_PRIVATE]
D/S4URC   ( 2486): [SDK] [android.content.ContextWrapper][getSharedPreferences] [File][gitConfig.xml] [MODE][MODE_PRIVATE] [Method][getIong] [Iong][sale_lvt] [Return][0]
D/S4URC   ( 2568): [SDK] [android.os.Environment] [getExternalStorageState] [ExternalStorageState][String] [mounted]
D/S4URC   ( 2568): [SDK] [java.io.File] [getPath] [FilePath][String] [/storage/sdcard0/.UTSystemConfig/Global]
D/S4URC   ( 2568): [SDK] [java.io.File] [getPath] [FilePath][String] [/storage/sdcard0/.UTSystemConfig/Global/Alvin2.xml]
D/S4URC   ( 2568): [SDK] [android.content.ContextWrapper][getSharedPreferences] [File][Alvin2.xml] [MODE][MODE_PRIVATE] [Method][getString] [String][SI] [Return][452050246825826]
D/S4URC   ( 2568): [SDK] [java.io.File] [Constructor] [FilePath][String] [/storage/sdcard0/.UTSystemConfig/Global/Alvin2.xml]
D/S4URC   ( 2568): [SDK] [java.io.File] [exists] [FilePath][String] [/storage/sdcard0/.UTSystemConfig/Global/Alvin2.xml]
D/S4URC   ( 2568): [SDK] [android.content.ContextWrapper][getSharedPreferences] [File][Alvin2.xml] [MODE][MODE_PRIVATE]
D/S4URC   ( 2568): [SDK] [java.io.File] [Constructor] [FilePath][String] [/storage/sdcard0]
D/S4URC   ( 2486): [SDK] [android.content.ContextWrapper] [registerReceiver][IntentFilter][android.net.conn.CONNECTIVITY_CHANGE,android.intent.action.SCREEN_OFF,android.intent.action.SCREEN_ON,android.intent.action.USER_PRESENT,
D/S4URC   ( 2486): [SDK] [java.io.File] [Constructor] [FilePath][String] [/storage/sdcard0]
D/S4URC   ( 2568): [SDK] [java.io.File] [Constructor] [FilePath][String] [/storage/sdcard0]
D/S4URC   ( 2568): [SDK] [java.io.File] [Constructor] [FilePath][String] [/storage/sdcard1]
D/S4URC   ( 2568): [SDK] [java.io.File] [Constructor] [FilePath][String] [/storage/usb2host]
D/S4URC   ( 2568): [SDK] [java.io.File] [Constructor] [FilePath][String] [/storage/usb3device]
D/S4URC   ( 2568): [SDK] [java.io.File] [Constructor] [FilePath][String] [/storage/usb3host]
D/S4URC   ( 2486): [SDK] [java.io.File] [Constructor] [FilePath][String] [/storage/sdcard0]
D/S4URC   ( 2486): [SDK] [java.io.File] [Constructor] [FilePath][String] [/storage/sdcard1]
D/S4URC   ( 2486): [SDK] [java.io.File] [Constructor] [FilePath][String] [/storage/usb2host]
D/S4URC   ( 2486): [SDK] [java.io.File] [Constructor] [FilePath][String] [/storage/usb3device]
D/S4URC   ( 2486): [SDK] [java.io.File] [Constructor] [FilePath][String] [/storage/usb3host]
D/S4URC   ( 2568): [SDK] [android.os.Environment] [getExternalStorageState] [ExternalStorageState][String] [mounted]
D/S4URC   ( 2568): [SDK] [java.io.File] [getPath] [FilePath][String] [/storage/sdcard0/.UTSystemConfig/Global]
D/S4URC   ( 2568): [SDK] [java.io.File] [getPath] [FilePath][String] [/storage/sdcard0/.UTSystemConfig/Global/Alvin2.xml]
D/S4URC   ( 2568): [SDK] [android.content.ContextWrapper][getSharedPreferences] [File][Alvin2.xml] [MODE][MODE_PRIVATE] [Method][getString] [String][DID] [Return][W3/H9Ncz1GsJ1nbSBfjYdw==]
D/S4URC   ( 2568): [SDK] [java.io.File] [Constructor] [FilePath][String] [/storage/sdcard0/.DataStorage/ContextData.xml]
D/S4URC   ( 2568): [SDK] [java.io.File] [exists] [FilePath][String] [/storage/sdcard0/.DataStorage/ContextData.xml]
D/S4URC   ( 2568): [SDK] [android.content.ContextWrapper][getSharedPreferences] [File][ContextData.xml] [MODE][MODE_PRIVATE]
D/S4URC   ( 2568): [SDK] [java.io.File] [Constructor] [FilePath][String] [/storage/sdcard0]
D/S4URC   ( 2486): [SDK] [android.os.Environment] [getExternalStorageState] [ExternalStorageState][String] [mounted]
D/S4URC   ( 2486): [SDK] [java.io.File] [Constructor] [FilePath][String] [/storage/sdcard0]
D/S4URC   ( 2568): [SDK] [java.io.File] [Constructor] [FilePath][String] [/storage/sdcard0]
D/S4URC   ( 2568): [SDK] [java.io.File] [Constructor] [FilePath][String] [/storage/sdcard1]
D/S4URC   ( 2568): [SDK] [java.io.File] [Constructor] [FilePath][String] [/storage/usb2host]
D/S4URC   ( 2568): [SDK] [java.io.File] [Constructor] [FilePath][String] [/storage/usb3device]
D/S4URC   ( 2568): [SDK] [java.io.File] [Constructor] [FilePath][String] [/storage/usb3host]
D/S4URC   ( 2486): [SDK] [java.io.File] [Constructor] [FilePath][String] [/storage/sdcard0]
D/S4URC   ( 2486): [SDK] [java.io.File] [Constructor] [FilePath][String] [/storage/sdcard1]
D/S4URC   ( 2486): [SDK] [java.io.File] [Constructor] [FilePath][String] [/storage/usb2host]
D/S4URC   ( 2486): [SDK] [java.io.File] [Constructor] [FilePath][String] [/storage/usb3device]
D/S4URC   ( 2486): [SDK] [java.io.File] [Constructor] [FilePath][String] [/storage/usb3host]
D/S4URC   ( 2486): [SDK] [android.os.Environment] [getExternalStorageState] [ExternalStorageState][String] [mounted]
D/S4URC   ( 2486): [SDK] [java.io.File] [getPath] [FilePath][String] [/storage/sdcard0]
D/S4URC   ( 2486): [SDK] [android.os.Environment] [getExternalStorageDirectory] [DirectoryPath][String] [/storage/sdcard0]
D/S4URC   ( 2486): [SDK] [java.io.File] [getPath] [FilePath][String] [/storage/sdcard0]
D/S4URC   ( 2486): [SDK] [java.io.File] [Constructor] [FilePath][String] [/storage/sdcard0/.xxx/]
D/S4URC   ( 2486): [SDK] [java.io.File] [exists] [FilePath][String] [/storage/sdcard0/.xxx]
D/S4URC   ( 2568): [SDK] [android.os.Environment] [getExternalStorageState] [ExternalStorageState][String] [mounted]
D/S4URC   ( 2568): [SDK] [java.io.File] [getPath] [FilePath][String] [/storage/sdcard0/.DataStorage]
D/S4URC   ( 2568): [SDK] [java.io.File] [getPath] [FilePath][String] [/storage/sdcard0/.DataStorage/ContextData.xml]
D/S4URC   ( 2568): [SDK] [android.content.ContextWrapper][getSharedPreferences] [File][ContextData.xml] [MODE][MODE_PRIVATE] [Method][getString] [String][K_1171477665] [Return][26DCCFAB8ADACBB41EE20752D2529DC9C65879F0F8E2005DF32E6664AA768191]
D/S4URC   ( 2486): [SDK] [java.io.File] [mkdirs] [FilePath][String] [/storage/sdcard0/.xxx]
D/S4URC   ( 2486): [SDK] [java.io.File] [Constructor] [FilePath][String] [/storage/sdcard0/.xxx/shell.jar]
D/S4URC   ( 2486): [SDK] [java.io.File] [exists] [FilePath][String] [/storage/sdcard0/.xxx/shell.jar]
D/S4URC   ( 2486): [SDK] [android.content.ContextWrapper][getSharedPreferences] [File][device.xml] [MODE][MODE_PRIVATE]
D/S4URC   ( 2486): [SDK] [android.content.ContextWrapper][getSharedPreferences] [File][device.xml] [MODE][MODE_PRIVATE] [Method][getString] [String][uid] [Return][7394953ffd04a76c50a4e59ecfe5dc7d]
D/S4URC   ( 2486): [SDK] [java.lang.Class] [forName] [FindClass][String] [com.mediatek.featureoption.FeatureOption]
D/S4URC   ( 2486): [SDK] [android.telephony.TelephonyManager] [getSubscriberId]
D/S4URC   ( 2486): [SDK] [java.lang.Class] [forName] [FindClass][String] [com.mediatek.featureoption.FeatureOption]
D/S4URC   ( 2486): [SDK] [android.telephony.TelephonyManager] [getSubscriberId]
D/S4URC   ( 2486): [SDK] [android.app.ApplicationPackageManager] [getPackageInfo] [FindPackageName][String] [com.vm.midnightmovie]
D/S4URC   ( 2568): [SDK] [android.telephony.TelephonyManager] [getSubscriberId]
D/S4URC   ( 2486): [SDK] [java.io.File] [Constructor] [FilePath][String] [/storage/sdcard0]
D/S4URC   ( 2486): [SDK] [java.io.File] [Constructor] [FilePath][String] [/storage/sdcard1]
D/S4URC   ( 2486): [SDK] [java.io.File] [Constructor] [FilePath][String] [/storage/usb2host]
D/S4URC   ( 2486): [SDK] [java.io.File] [Constructor] [FilePath][String] [/storage/usb3device]
D/S4URC   ( 2486): [SDK] [java.io.File] [Constructor] [FilePath][String] [/storage/usb3host]
D/S4URC   ( 2486): [SDK] [android.os.Environment] [getExternalStorageState] [ExternalStorageState][String] [mounted]
D/S4URC   ( 2486): [SDK] [java.io.File] [getPath] [FilePath][String] [/storage/sdcard0]
D/S4URC   ( 2486): [SDK] [android.os.Environment] [getExternalStorageDirectory] [DirectoryPath][String] [/storage/sdcard0]
D/S4URC   ( 2486): [SDK] [java.io.File] [getPath] [FilePath][String] [/storage/sdcard0]
D/S4URC   ( 2486): [SDK] [java.io.File] [exists] [FilePath][String] [/storage/sdcard0]
D/S4URC   ( 2568): [SDK] [java.io.File] [getPath] [FilePath][String] [/data/data/com.vm.midnightmovie/shared_prefs/AppStore.xml]
D/S4URC   ( 2568): [SDK] [java.io.File] [getPath] [FilePath][String] [/storage/sdcard0]
D/S4URC   ( 2568): [SDK] [android.content.ContextWrapper] [startService] [Intent] Intent { cmp=com.vm.midnightmovie/com.litchi.service.help.HelpService (has extras) } [ExtraInfo][key:value][startmode:0]
D/S4URC   ( 2568): [SDK] [android.telephony.TelephonyManager] [getSubscriberId]
D/S4URC   ( 2568): [SDK] [android.content.ContextWrapper][getSharedPreferences] [File][AppStore.xml] [MODE][APPEND or MULTI_PROCESS] [Method][getInt] [Int][KEY_TAG_SEND_POLICY] [Return][-1]
D/S4URC   ( 2568): [SDK] [android.content.ContextWrapper][getSharedPreferences] [File][AppStore.xml] [MODE][APPEND or MULTI_PROCESS] [Method][getString] [String][device_token] [Return][]
D/S4URC   ( 2568): [SDK] [java.io.File] [getPath] [FilePath][String] [/data/data/com.vm.midnightmovie/shared_prefs/AppStore.xml]
D/S4URC   ( 2568): [SDK] [android.content.ContextWrapper][getSharedPreferences] [File][AppStore.xml] [MODE][APPEND or MULTI_PROCESS]
D/S4URC   ( 2568): [SDK] [android.content.ContextWrapper][getSharedPreferences] [File][AppStore.xml] [MODE][APPEND or MULTI_PROCESS] [Method][getString] [String][app_device_token] [Return][]
D/S4URC   ( 2568): [SDK] [android.content.ContextWrapper][getSharedPreferences] [File][AppStore.xml] [MODE][APPEND or MULTI_PROCESS] [Method][getInt] [Int][app_version] [Return][-2147483648]
D/S4URC   ( 2568): [SDK] [android.app.ApplicationPackageManager] [getPackageInfo] [FindPackageName][String] [com.vm.midnightmovie]
D/S4URC   ( 2486): [SDK] [android.content.ContextWrapper][getSharedPreferences] [File][umeng_general_config.xml] [MODE][MODE_PRIVATE]
D/S4URC   ( 2486): [SDK] [android.content.ContextWrapper][getSharedPreferences] [File][umeng_general_config.xml] [MODE][MODE_PRIVATE] [Method][getString] [String][signature] [Return][f6c733d8283d588fe54449d316a65ba146349aecc1743a2ebbab09822e117f5b]
D/S4URC   ( 2486): [SDK] [java.io.File] [exists] [FilePath][String] [/data/data/com.vm.midnightmovie/files]
D/S4URC   ( 2486): [SDK] [java.io.File] [getPath] [FilePath][String] [/data/data/com.vm.midnightmovie/files]
D/S4URC   ( 2486): [SDK] [android.content.ContextWrapper][getSharedPreferences] [File][umeng_general_config.xml] [MODE][MODE_PRIVATE] [Method][getIong] [Iong][first_activate_time] [Return][0]
D/S4URC   ( 2486): [SDK] [java.io.File] [exists] [FilePath][String] [/data/data/com.vm.midnightmovie/shared_prefs/umeng_general_config.xml.bak]
D/S4URC   ( 2486): [SDK] [java.io.File] [getPath] [FilePath][String] [/data/data/com.vm.midnightmovie/shared_prefs/umeng_general_config.xml]
D/S4URC   ( 2486): [SDK] [java.io.File] [delete] [FilePath][String] [/data/data/com.vm.midnightmovie/shared_prefs/umeng_general_config.xml.bak]
D/S4URC   ( 2486): [SDK] [android.content.ContextWrapper][getSharedPreferences] [File][umeng_general_config.xml] [MODE][MODE_PRIVATE] [Method][commit]
D/S4URC   ( 2486): [SDK] [java.io.File] [getPath] [FilePath][String] [/data/data/com.vm.midnightmovie/shared_prefs/umeng_general_config.xml]
D/S4URC   ( 2568): [SDK] [android.content.ContextWrapper] [registerReceiver][IntentFilter][android.intent.action.SCREEN_OFF,android.intent.action.SCREEN_ON,
D/S4URC   ( 2568): [SDK] [android.content.Intent] [Constructor] [IntentInfo][String] [android.intent.action.CLOSE_SYSTEM_ALARM]
D/S4URC   ( 2568): [SDK] [java.io.File] [getPath] [FilePath][String] [/data/data/com.vm.midnightmovie/shared_prefs/AppStore.xml]
D/S4URC   ( 2568): [SDK] [android.content.ContextWrapper][getSharedPreferences] [File][AppStore.xml] [MODE][APPEND or MULTI_PROCESS]
D/S4URC   ( 2568): [SDK] [android.content.ContextWrapper][getSharedPreferences] [File][AppStore.xml] [MODE][APPEND or MULTI_PROCESS] [Method][getBoolean] [Boolean][agoo_ifNeedAutoUpdate] [Return][true]
D/S4URC   ( 2568): [SDK] [java.lang.Class] [forName] [FindClass][String] [org.android.agoo.impl.ControlService]
D/S4URC   ( 2568): [SDK] [java.io.File] [getPath] [FilePath][String] [/data/data/com.vm.midnightmovie/shared_prefs/AppStore.xml]
D/S4URC   ( 2568): [SDK] [android.content.ContextWrapper][getSharedPreferences] [File][AppStore.xml] [MODE][APPEND or MULTI_PROCESS]
D/S4URC   ( 2568): [SDK] [android.content.ContextWrapper][getSharedPreferences] [File][AppStore.xml] [MODE][APPEND or MULTI_PROCESS] [Method][getBoolean] [Boolean][app_debug] [Return][true]
D/S4URC   ( 2568): [SDK] [android.content.ContextWrapper][getSharedPreferences] [File][AppStore.xml] [MODE][APPEND or MULTI_PROCESS] [Method][getBoolean] [Boolean][app_log_to_file] [Return][false]
D/S4URC   ( 2568): [SDK] [java.io.File] [getPath] [FilePath][String] [/storage/sdcard0]
D/S4URC   ( 2568): [SDK] [android.os.Environment] [getExternalStorageDirectory] [DirectoryPath][String] [/storage/sdcard0]
D/S4URC   ( 2568): [SDK] [java.io.File] [getPath] [FilePath][String] [/storage/sdcard0]
D/S4URC   ( 2568): [SDK] [java.io.File] [Constructor] [FilePath][String] [/storage/sdcard0/_agoo_log_bin_]
D/S4URC   ( 2568): [SDK] [java.io.File] [getPath] [FilePath][String] [/storage/sdcard0]
D/S4URC   ( 2568): [SDK] [java.io.File] [isDirectory] [FilePath][String] [/storage/sdcard0/_agoo_log_bin_]
D/S4URC   ( 2568): [SDK] [java.io.File] [getPath] [FilePath][String] [/data/data/com.vm.midnightmovie/shared_prefs/AppStore.xml]
D/S4URC   ( 2568): [SDK] [android.content.ContextWrapper][getSharedPreferences] [File][AppStore.xml] [MODE][APPEND or MULTI_PROCESS]
D/S4URC   ( 2568): [SDK] [android.content.ContextWrapper][getSharedPreferences] [File][AppStore.xml] [MODE][APPEND or MULTI_PROCESS] [Method][getString] [String][logger_class_name] [Return][null]
D/S4URC   ( 2568): [SDK] [java.io.File] [getPath] [FilePath][String] [/data/data/com.vm.midnightmovie/shared_prefs/AppStore.xml]
D/S4URC   ( 2568): [SDK] [android.content.ContextWrapper][getSharedPreferences] [File][AppStore.xml] [MODE][APPEND or MULTI_PROCESS]
D/S4URC   ( 2568): [SDK] [android.content.ContextWrapper][getSharedPreferences] [File][AppStore.xml] [MODE][APPEND or MULTI_PROCESS] [Method][getString] [String][logger_class_name] [Return][null]
D/S4URC   ( 2568): [SDK] [java.io.File] [getPath] [FilePath][String] [/data/data/com.vm.midnightmovie/shared_prefs/AppStore.xml]
D/S4URC   ( 2568): [SDK] [android.content.ContextWrapper][getSharedPreferences] [File][AppStore.xml] [MODE][APPEND or MULTI_PROCESS]
D/S4URC   ( 2568): [SDK] [android.content.ContextWrapper][getSharedPreferences] [File][AppStore.xml] [MODE][APPEND or MULTI_PROCESS] [Method][getString] [String][app_device_token] [Return][]
D/S4URC   ( 2568): [SDK] [android.content.ContextWrapper][getSharedPreferences] [File][AppStore.xml] [MODE][APPEND or MULTI_PROCESS] [Method][getInt] [Int][app_version] [Return][-2147483648]
D/S4URC   ( 2568): [SDK] [android.app.ApplicationPackageManager] [getPackageInfo] [FindPackageName][String] [com.vm.midnightmovie]
D/S4URC   ( 2568): [SDK] [java.io.File] [getPath] [FilePath][String] [/data/data/com.vm.midnightmovie/shared_prefs/AppStore.xml]
D/S4URC   ( 2568): [SDK] [android.content.ContextWrapper][getSharedPreferences] [File][AppStore.xml] [MODE][APPEND or MULTI_PROCESS]
D/S4URC   ( 2568): [SDK] [android.content.ContextWrapper][getSharedPreferences] [File][AppStore.xml] [MODE][APPEND or MULTI_PROCESS] [Method][getString] [String][logger_class_name] [Return][null]
D/S4URC   ( 2568): [SDK] [java.io.File] [getPath] [FilePath][String] [/data/data/com.vm.midnightmovie/shared_prefs/AppStore.xml]
D/S4URC   ( 2568): [SDK] [android.content.ContextWrapper][getSharedPreferences] [File][AppStore.xml] [MODE][APPEND or MULTI_PROCESS]
D/S4URC   ( 2568): [SDK] [android.content.ContextWrapper][getSharedPreferences] [File][AppStore.xml] [MODE][APPEND or MULTI_PROCESS] [Method][getString] [String][app_key] [Return][umeng:5788ac1867e58e79400005b8]
D/S4URC   ( 2568): [SDK] [java.io.File] [getPath] [FilePath][String] [/data/data/com.vm.midnightmovie/shared_prefs/AppStore.xml]
D/S4URC   ( 2568): [SDK] [android.content.ContextWrapper][getSharedPreferences] [File][AppStore.xml] [MODE][APPEND or MULTI_PROCESS]
D/S4URC   ( 2568): [SDK] [android.content.ContextWrapper][getSharedPreferences] [File][AppStore.xml] [MODE][APPEND or MULTI_PROCESS] [Method][getString] [String][app_tt_id] [Return][android@umeng]
D/S4URC   ( 2568): [SDK] [java.io.File] [getPath] [FilePath][String] [/data/data/com.vm.midnightmovie/shared_prefs/AppStore.xml]
D/S4URC   ( 2568): [SDK] [android.content.ContextWrapper][getSharedPreferences] [File][AppStore.xml] [MODE][APPEND or MULTI_PROCESS]
D/S4URC   ( 2568): [SDK] [android.content.ContextWrapper][getSharedPreferences] [File][AppStore.xml] [MODE][APPEND or MULTI_PROCESS] [Method][getString] [String][app_sercet] [Return][7cec6e253fb3204b8b4265a92f28f1d3]
D/S4URC   ( 2568): [SDK] [java.io.File] [getPath] [FilePath][String] [/data/data/com.vm.midnightmovie/shared_prefs/AppStore.xml]
D/S4URC   ( 2568): [SDK] [android.content.ContextWrapper][getSharedPreferences] [File][AppStore.xml] [MODE][APPEND or MULTI_PROCESS]
D/S4URC   ( 2568): [SDK] [android.content.ContextWrapper][getSharedPreferences] [File][AppStore.xml] [MODE][APPEND or MULTI_PROCESS] [Method][getInt] [Int][agoo_mode] [Return][2]
D/S4URC   ( 2568): [SDK] [java.io.File] [getPath] [FilePath][String] [/data/data/com.vm.midnightmovie/shared_prefs/AppStore.xml]
D/S4URC   ( 2568): [SDK] [android.content.ContextWrapper][getSharedPreferences] [File][AppStore.xml] [MODE][APPEND or MULTI_PROCESS]
D/S4URC   ( 2568): [SDK] [android.content.ContextWrapper][getSharedPreferences] [File][AppStore.xml] [MODE][APPEND or MULTI_PROCESS] [Method][getString] [String][app_device_token] [Return][]
D/S4URC   ( 2568): [SDK] [android.content.ContextWrapper][getSharedPreferences] [File][AppStore.xml] [MODE][APPEND or MULTI_PROCESS] [Method][getInt] [Int][app_version] [Return][-2147483648]
D/S4URC   ( 2568): [SDK] [android.app.ApplicationPackageManager] [getPackageInfo] [FindPackageName][String] [com.vm.midnightmovie]
D/S4URC   ( 2568): [SDK] [java.io.File] [getPath] [FilePath][String] [/data/data/com.vm.midnightmovie/shared_prefs/AppStore.xml]
D/S4URC   ( 2568): [SDK] [android.content.ContextWrapper][getSharedPreferences] [File][AppStore.xml] [MODE][APPEND or MULTI_PROCESS]
D/S4URC   ( 2568): [SDK] [android.content.ContextWrapper][getSharedPreferences] [File][AppStore.xml] [MODE][APPEND or MULTI_PROCESS] [Method][putBoolean] [Key][app_disable] [Value][false]
D/S4URC   ( 2568): [SDK] [android.app.ApplicationPackageManager] [getPackageInfo] [FindPackageName][String] [com.vm.midnightmovie]
D/S4URC   ( 2568): [SDK] [android.content.ContextWrapper][getSharedPreferences] [File][AppStore.xml] [MODE][APPEND or MULTI_PROCESS] [Method][putInt] [Key][app_disable_version] [Value][46670518]
D/S4URC   ( 2568): [SDK] [java.io.File] [exists] [FilePath][String] [/data/data/com.vm.midnightmovie/shared_prefs/AppStore.xml]
D/S4URC   ( 2568): [SDK] [java.io.File] [exists] [FilePath][String] [/data/data/com.vm.midnightmovie/shared_prefs/AppStore.xml.bak]
D/S4URC   ( 2568): [SDK] [java.io.File] [renameTo] [FilePath][String] [/data/data/com.vm.midnightmovie/shared_prefs/AppStore.xml] [DesFile][/data/data/com.vm.midnightmovie/shared_prefs/AppStore.xml.bak]
D/S4URC   ( 2568): [SDK] [java.io.File] [getPath] [FilePath][String] [/data/data/com.vm.midnightmovie/shared_prefs/AppStore.xml]
D/S4URC   ( 2568): [SDK] [java.io.File] [delete] [FilePath][String] [/data/data/com.vm.midnightmovie/shared_prefs/AppStore.xml.bak]
D/S4URC   ( 2568): [SDK] [android.content.ContextWrapper][getSharedPreferences] [File][AppStore.xml] [MODE][APPEND or MULTI_PROCESS] [Method][commit]
D/S4URC   ( 2568): [SDK] [java.io.File] [getPath] [FilePath][String] [/data/data/com.vm.midnightmovie/shared_prefs/AppStore.xml]
D/S4URC   ( 2568): [SDK] [android.content.ContextWrapper][getSharedPreferences] [File][AppStore.xml] [MODE][APPEND or MULTI_PROCESS]
D/S4URC   ( 2568): [SDK] [android.content.ContextWrapper][getSharedPreferences] [File][AppStore.xml] [MODE][APPEND or MULTI_PROCESS] [Method][putInt] [Key][backoff_count] [Value][0]
D/S4URC   ( 2568): [SDK] [java.io.File] [exists] [FilePath][String] [/data/data/com.vm.midnightmovie/shared_prefs/AppStore.xml]
D/S4URC   ( 2568): [SDK] [java.io.File] [exists] [FilePath][String] [/data/data/com.vm.midnightmovie/shared_prefs/AppStore.xml.bak]
D/S4URC   ( 2568): [SDK] [java.io.File] [renameTo] [FilePath][String] [/data/data/com.vm.midnightmovie/shared_prefs/AppStore.xml] [DesFile][/data/data/com.vm.midnightmovie/shared_prefs/AppStore.xml.bak]
D/S4URC   ( 2568): [SDK] [java.io.File] [getPath] [FilePath][String] [/data/data/com.vm.midnightmovie/shared_prefs/AppStore.xml]
D/S4URC   ( 2568): [SDK] [java.io.File] [delete] [FilePath][String] [/data/data/com.vm.midnightmovie/shared_prefs/AppStore.xml.bak]
D/S4URC   ( 2568): [SDK] [android.content.ContextWrapper][getSharedPreferences] [File][AppStore.xml] [MODE][APPEND or MULTI_PROCESS] [Method][commit]
D/S4URC   ( 2568): [SDK] [java.io.File] [getPath] [FilePath][String] [/data/data/com.vm.midnightmovie/shared_prefs/AppStore.xml]
D/S4URC   ( 2568): [SDK] [android.content.ContextWrapper][getSharedPreferences] [File][AppStore.xml] [MODE][APPEND or MULTI_PROCESS]
D/S4URC   ( 2568): [SDK] [android.content.ContextWrapper][getSharedPreferences] [File][AppStore.xml] [MODE][APPEND or MULTI_PROCESS] [Method][getString] [String][app_tt_id] [Return][android@umeng]
D/S4URC   ( 2568): [SDK] [java.io.File] [getPath] [FilePath][String] [/data/data/com.vm.midnightmovie/shared_prefs/AppStore.xml]
D/S4URC   ( 2568): [SDK] [android.content.ContextWrapper][getSharedPreferences] [File][AppStore.xml] [MODE][APPEND or MULTI_PROCESS]
D/S4URC   ( 2568): [SDK] [android.content.ContextWrapper][getSharedPreferences] [File][AppStore.xml] [MODE][APPEND or MULTI_PROCESS] [Method][getString] [String][logger_class_name] [Return][null]
D/S4URC   ( 2568): [SDK] [android.telephony.TelephonyManager] [getSubscriberId]
D/S4URC   ( 2568): [SDK] [java.io.File] [getPath] [FilePath][String] [/data/data/com.vm.midnightmovie/shared_prefs]
D/S4URC   ( 2568): [SDK] [java.io.File] [getPath] [FilePath][String] [/data/data/com.vm.midnightmovie/shared_prefs/PhoneUtil.xml]
D/S4URC   ( 2568): [SDK] [java.io.File] [Constructor] [FilePath][String] [/data/data/com.vm.midnightmovie/shared_prefs/PhoneUtil.xml.bak]
D/S4URC   ( 2568): [SDK] [java.io.File] [exists] [FilePath][String] [/data/data/com.vm.midnightmovie/shared_prefs/PhoneUtil.xml]
D/S4URC   ( 2568): [SDK] [android.content.ContextWrapper][getSharedPreferences] [File][PhoneUtil.xml] [MODE][APPEND or MULTI_PROCESS]
D/S4URC   ( 2568): [SDK] [java.io.File] [exists] [FilePath][String] [/data/data/com.vm.midnightmovie/shared_prefs/PhoneUtil.xml.bak]
D/S4URC   ( 2568): [SDK] [java.io.File] [exists] [FilePath][String] [/data/data/com.vm.midnightmovie/shared_prefs/PhoneUtil.xml]
D/S4URC   ( 2568): [SDK] [java.io.File] [getPath] [FilePath][String] [/data/data/com.vm.midnightmovie/shared_prefs/PhoneUtil.xml]
D/S4URC   ( 2568): [SDK] [android.content.ContextWrapper][getSharedPreferences] [File][PhoneUtil.xml] [MODE][APPEND or MULTI_PROCESS] [Method][putString] [Key][mac_address] [Value][7c:dd:90:eb:fc:1f]
D/S4URC   ( 2568): [SDK] [java.io.File] [exists] [FilePath][String] [/data/data/com.vm.midnightmovie/shared_prefs/PhoneUtil.xml]
D/S4URC   ( 2568): [SDK] [java.io.File] [getPath] [FilePath][String] [/data/data/com.vm.midnightmovie/shared_prefs/PhoneUtil.xml]
D/S4URC   ( 2568): [SDK] [java.io.File] [delete] [FilePath][String] [/data/data/com.vm.midnightmovie/shared_prefs/PhoneUtil.xml.bak]
D/S4URC   ( 2568): [SDK] [android.content.ContextWrapper][getSharedPreferences] [File][PhoneUtil.xml] [MODE][APPEND or MULTI_PROCESS] [Method][commit]
D/S4URC   ( 2568): [SDK] [java.lang.Class] [forName] [FindClass][String] [android.os.SystemProperties]
D/S4URC   ( 2568): [SDK] [android.app.ApplicationPackageManager] [getPackageInfo] [FindPackageName][String] [com.vm.midnightmovie]
D/S4URC   ( 2568): [SDK] [java.io.File] [getPath] [FilePath][String] [/data/data/com.vm.midnightmovie/shared_prefs/AppStore.xml]
D/S4URC   ( 2568): [SDK] [android.content.ContextWrapper][getSharedPreferences] [File][AppStore.xml] [MODE][APPEND or MULTI_PROCESS]
D/S4URC   ( 2568): [SDK] [android.content.ContextWrapper][getSharedPreferences] [File][AppStore.xml] [MODE][APPEND or MULTI_PROCESS] [Method][getString] [String][app_device_token] [Return][]
D/S4URC   ( 2568): [SDK] [android.content.ContextWrapper][getSharedPreferences] [File][AppStore.xml] [MODE][APPEND or MULTI_PROCESS] [Method][getInt] [Int][app_version] [Return][-2147483648]
D/S4URC   ( 2568): [SDK] [android.app.ApplicationPackageManager] [getPackageInfo] [FindPackageName][String] [com.vm.midnightmovie]
D/S4URC   ( 2568): [SDK] [java.io.File] [getPath] [FilePath][String] [/data/data/com.vm.midnightmovie/shared_prefs/PhoneUtil.xml]
D/S4URC   ( 2568): [SDK] [android.content.ContextWrapper][getSharedPreferences] [File][PhoneUtil.xml] [MODE][APPEND or MULTI_PROCESS]
D/S4URC   ( 2568): [SDK] [android.content.ContextWrapper][getSharedPreferences] [File][PhoneUtil.xml] [MODE][APPEND or MULTI_PROCESS] [Method][getString] [String][imei] [Return][null]
D/S4URC   ( 2568): [SDK] [android.content.ContextWrapper][getSharedPreferences] [File][PhoneUtil.xml] [MODE][APPEND or MULTI_PROCESS] [Method][putString] [Key][imei] [Value][18659galaxy2f91]
D/S4URC   ( 2568): [SDK] [java.io.File] [exists] [FilePath][String] [/data/data/com.vm.midnightmovie/shared_prefs/PhoneUtil.xml]
D/S4URC   ( 2568): [SDK] [java.io.File] [exists] [FilePath][String] [/data/data/com.vm.midnightmovie/shared_prefs/PhoneUtil.xml.bak]
D/S4URC   ( 2568): [SDK] [java.io.File] [renameTo] [FilePath][String] [/data/data/com.vm.midnightmovie/shared_prefs/PhoneUtil.xml] [DesFile][/data/data/com.vm.midnightmovie/shared_prefs/PhoneUtil.xml.bak]
D/S4URC   ( 2568): [SDK] [java.io.File] [getPath] [FilePath][String] [/data/data/com.vm.midnightmovie/shared_prefs/PhoneUtil.xml]
D/S4URC   ( 2568): [SDK] [java.io.File] [delete] [FilePath][String] [/data/data/com.vm.midnightmovie/shared_prefs/PhoneUtil.xml.bak]
D/S4URC   ( 2568): [SDK] [android.content.ContextWrapper][getSharedPreferences] [File][PhoneUtil.xml] [MODE][APPEND or MULTI_PROCESS] [Method][commit]
D/S4URC   ( 2568): [SDK] [java.io.File] [getPath] [FilePath][String] [/data/data/com.vm.midnightmovie/shared_prefs/PhoneUtil.xml]
D/S4URC   ( 2568): [SDK] [android.content.ContextWrapper][getSharedPreferences] [File][PhoneUtil.xml] [MODE][APPEND or MULTI_PROCESS]
D/S4URC   ( 2568): [SDK] [android.content.ContextWrapper][getSharedPreferences] [File][PhoneUtil.xml] [MODE][APPEND or MULTI_PROCESS] [Method][getString] [String][imsi] [Return][null]
D/S4URC   ( 2568): [SDK] [android.telephony.TelephonyManager] [getSubscriberId]
D/S4URC   ( 2568): [SDK] [android.content.ContextWrapper][getSharedPreferences] [File][PhoneUtil.xml] [MODE][APPEND or MULTI_PROCESS] [Method][putString] [Key][imsi] [Value][452050246825826]
D/S4URC   ( 2568): [SDK] [java.io.File] [exists] [FilePath][String] [/data/data/com.vm.midnightmovie/shared_prefs/PhoneUtil.xml]
D/S4URC   ( 2568): [SDK] [java.io.File] [exists] [FilePath][String] [/data/data/com.vm.midnightmovie/shared_prefs/PhoneUtil.xml.bak]
D/S4URC   ( 2568): [SDK] [java.io.File] [renameTo] [FilePath][String] [/data/data/com.vm.midnightmovie/shared_prefs/PhoneUtil.xml] [DesFile][/data/data/com.vm.midnightmovie/shared_prefs/PhoneUtil.xml.bak]
D/S4URC   ( 2568): [SDK] [java.io.File] [getPath] [FilePath][String] [/data/data/com.vm.midnightmovie/shared_prefs/PhoneUtil.xml]
D/S4URC   ( 2568): [SDK] [java.io.File] [delete] [FilePath][String] [/data/data/com.vm.midnightmovie/shared_prefs/PhoneUtil.xml.bak]
D/S4URC   ( 2568): [SDK] [android.content.ContextWrapper][getSharedPreferences] [File][PhoneUtil.xml] [MODE][APPEND or MULTI_PROCESS] [Method][commit]
D/S4URC   ( 2568): [SDK] [java.lang.Class] [forName] [FindClass][String] [com.android.org.conscrypt.OpenSSLSocketFactoryImpl]
D/S4URC   ( 2568): [SDK] [java.lang.Class] [forName] [FindClass][String] [com.android.org.conscrypt.KeyManagerFactoryImpl]
