D/S4URC   ( 4530): [SDK] [java.io.File] [Constructor] [FilePath][String] [/data/data/com.atef.pencilsketch/files/preloader/preloader_0005.png]
D/S4URC   ( 4530): [SDK] [java.io.File] [getPath] [FilePath][String] [/data/data/com.atef.pencilsketch/files/preloader/preloader_0005.png]
D/S4URC   ( 4530): [SDK] [java.io.File] [getPath] [FilePath][String] [/data/data/com.atef.pencilsketch/files/preloader/preloader_0006.png]
D/S4URC   ( 4530): [SDK] [java.io.File] [Constructor] [FilePath][String] [/data/data/com.atef.pencilsketch/files/preloader/preloader_0006.png]
D/S4URC   ( 4530): [SDK] [java.io.File] [getPath] [FilePath][String] [/data/data/com.atef.pencilsketch/files/preloader/preloader_0006.png]
D/S4URC   ( 4530): [SDK] [java.io.File] [getPath] [FilePath][String] [/data/data/com.atef.pencilsketch/files/preloader/preloader_0007.png]
D/S4URC   ( 4530): [SDK] [java.io.File] [Constructor] [FilePath][String] [/data/data/com.atef.pencilsketch/files/preloader/preloader_0007.png]
D/S4URC   ( 4530): [SDK] [java.io.File] [getPath] [FilePath][String] [/data/data/com.atef.pencilsketch/files/preloader/preloader_0007.png]
D/S4URC   ( 4530): [SDK] [java.io.File] [getPath] [FilePath][String] [/data/data/com.atef.pencilsketch/files/preloader/preloader_0008.png]
D/S4URC   ( 4530): [SDK] [java.io.File] [Constructor] [FilePath][String] [/data/data/com.atef.pencilsketch/files/preloader/preloader_0008.png]
D/S4URC   ( 4530): [SDK] [java.io.File] [getPath] [FilePath][String] [/data/data/com.atef.pencilsketch/files/preloader/preloader_0008.png]
D/S4URC   ( 4530): [SDK] [java.io.File] [getPath] [FilePath][String] [/data/data/com.atef.pencilsketch/files/preloader/preloader_0009.png]
D/S4URC   ( 4530): [SDK] [java.io.File] [Constructor] [FilePath][String] [/data/data/com.atef.pencilsketch/files/preloader/preloader_0009.png]
D/S4URC   ( 4530): [SDK] [java.io.File] [getPath] [FilePath][String] [/data/data/com.atef.pencilsketch/files/preloader/preloader_0009.png]
D/S4URC   ( 4530): [SDK] [java.io.File] [getPath] [FilePath][String] [/data/data/com.atef.pencilsketch/files/preloader/preloader_0010.png]
D/S4URC   ( 4530): [SDK] [java.io.File] [Constructor] [FilePath][String] [/data/data/com.atef.pencilsketch/files/preloader/preloader_0010.png]
D/S4URC   ( 4530): [SDK] [java.io.File] [getPath] [FilePath][String] [/data/data/com.atef.pencilsketch/files/preloader/preloader_0010.png]
D/S4URC   ( 4530): [SDK] [java.io.File] [getPath] [FilePath][String] [/data/data/com.atef.pencilsketch/files/preloader/preloader_0011.png]
D/S4URC   ( 4530): [SDK] [java.io.File] [Constructor] [FilePath][String] [/data/data/com.atef.pencilsketch/files/preloader/preloader_0011.png]
D/S4URC   ( 4530): [SDK] [java.io.File] [getPath] [FilePath][String] [/data/data/com.atef.pencilsketch/files/preloader/preloader_0011.png]
D/S4URC   ( 4530): [SDK] [java.io.File] [getPath] [FilePath][String] [/data/data/com.atef.pencilsketch/files/preloader/preloader_0012.png]
D/S4URC   ( 4530): [SDK] [java.io.File] [Constructor] [FilePath][String] [/data/data/com.atef.pencilsketch/files/preloader/preloader_0012.png]
D/S4URC   ( 4530): [SDK] [java.io.File] [getPath] [FilePath][String] [/data/data/com.atef.pencilsketch/files/preloader/preloader_0012.png]
D/S4URC   ( 4530): [SDK] [android.app.ApplicationPackageManager] [getPackageInfo] [FindPackageName][String] [com.google.android.webview]
D/S4URC   ( 4530): [SDK] [android.app.ApplicationPackageManager] [getPackageInfo] [FindPackageName][String] [com.android.webview]
D/S4URC   ( 4530): [SDK] [java.io.File] [Constructor] [FilePath][String] [/data/data/com.android.webview]
D/S4URC   ( 4530): [SDK] [dalvik.system.BaseDexClassLoader] [Constructor] [DexPath][String] [/system/app/webview/webview.apk] [NDKPath][String] [/system/app/webview/lib/arm]
D/S4URC   ( 4530): [SDK] [java.io.File] [Constructor] [FilePath][String] [/system/app/webview/webview.apk]
D/S4URC   ( 4530): [SDK] [java.io.File] [getName] [FilePath][String] [/system/app/webview/webview.apk]
D/S4URC   ( 4530): [SDK] [java.io.File] [isDirectory] [FilePath][String] [/system/app/webview/webview.apk]
D/S4URC   ( 4530): [SDK] [java.io.File] [isFile] [FilePath][String] [/system/app/webview/webview.apk]
D/S4URC   ( 4530): [SDK] [java.io.File] [getPath] [FilePath][String] [/system/app/webview/webview.apk]
D/S4URC   ( 4530): [SDK] [dalvik.system.DexFile] [openDexFile] [DexPath][String] [/system/app/webview/webview.apk]
D/S4URC   ( 4530): [SDK] [java.io.File] [Constructor] [FilePath][String] [/system/app/webview/webview.apk]
D/S4URC   ( 4530): [SDK] [java.io.File] [Constructor] [FilePath][String] [/system/app/webview/lib/arm]
D/S4URC   ( 4530): [SDK] [java.io.File] [Constructor] [FilePath][String] [/vendor/lib]
D/S4URC   ( 4530): [SDK] [java.io.File] [Constructor] [FilePath][String] [/system/lib]
D/S4URC   ( 4530): [SDK] [java.lang.Class] [forName] [FindClass][String] [net.sqlcipher.database.SQLiteDatabase]
D/S4URC   ( 4530): [SDK] [java.lang.Class] [forName] [FindClass][String] [net.sqlcipher.database$SQLiteDatabase]
D/S4URC   ( 4530): [SDK] [java.lang.Class] [forName] [FindClass][String] [net.sqlcipher$database$SQLiteDatabase]
D/S4URC   ( 4530): [SDK] [java.lang.Class] [forName] [FindClass][String] [net$sqlcipher$database$SQLiteDatabase]
D/S4URC   ( 4530): [SDK] [java.lang.Class] [forName] [FindClass][String] [[I]
D/S4URC   ( 4530): [SDK] [java.lang.Class] [forName] [FindClass][String] [android.app.SharedPreferencesImpl]
D/S4URC   ( 4530): [SDK] [java.lang.Class] [forName] [FindClass][String] [[I]
D/S4URC   ( 4530): [SDK] [java.lang.Class] [forName] [FindClass][String] [android.app.SharedPreferencesImpl.EditorImpl]
D/S4URC   ( 4530): [SDK] [java.lang.Class] [forName] [FindClass][String] [android.app.SharedPreferencesImpl$EditorImpl]
D/S4URC   ( 4530): [SDK] [java.lang.Class] [forName] [FindClass][String] [android.app.SharedPreferencesImpl.EditorImpl]
D/S4URC   ( 4530): [SDK] [java.lang.Class] [forName] [FindClass][String] [android.app.SharedPreferencesImpl$EditorImpl]
D/S4URC   ( 4530): [SDK] [java.lang.Class] [forName] [FindClass][String] [android.app.SharedPreferencesImpl]
D/S4URC   ( 4530): [SDK] [java.lang.Class] [forName] [FindClass][String] [[Z]
D/S4URC   ( 4530): [SDK] [java.lang.Class] [forName] [FindClass][String] [android.app.SharedPreferencesImpl]
D/S4URC   ( 4530): [SDK] [java.lang.Class] [forName] [FindClass][String] [[F]
D/S4URC   ( 4530): [SDK] [java.lang.Class] [forName] [FindClass][String] [android.app.SharedPreferencesImpl]
D/S4URC   ( 4530): [SDK] [java.lang.Class] [forName] [FindClass][String] [[I]
D/S4URC   ( 4530): [SDK] [java.lang.Class] [forName] [FindClass][String] [android.app.SharedPreferencesImpl]
D/S4URC   ( 4530): [SDK] [java.lang.Class] [forName] [FindClass][String] [[J]
D/S4URC   ( 4530): [SDK] [java.lang.Class] [forName] [FindClass][String] [android.app.SharedPreferencesImpl]
D/S4URC   ( 4530): [SDK] [java.lang.Class] [forName] [FindClass][String] [android.app.SharedPreferencesImpl.EditorImpl]
D/S4URC   ( 4530): [SDK] [java.lang.Class] [forName] [FindClass][String] [android.app.SharedPreferencesImpl$EditorImpl]
D/S4URC   ( 4530): [SDK] [java.lang.Class] [forName] [FindClass][String] [android.app.SharedPreferencesImpl.EditorImpl]
D/S4URC   ( 4530): [SDK] [java.lang.Class] [forName] [FindClass][String] [android.app.SharedPreferencesImpl$EditorImpl]
D/S4URC   ( 4530): [SDK] [java.lang.Class] [forName] [FindClass][String] [[Z]
D/S4URC   ( 4530): [SDK] [java.lang.Class] [forName] [FindClass][String] [android.app.SharedPreferencesImpl.EditorImpl]
D/S4URC   ( 4530): [SDK] [java.lang.Class] [forName] [FindClass][String] [android.app.SharedPreferencesImpl$EditorImpl]
D/S4URC   ( 4530): [SDK] [java.lang.Class] [forName] [FindClass][String] [[I]
D/S4URC   ( 4530): [SDK] [java.lang.Class] [forName] [FindClass][String] [android.app.SharedPreferencesImpl.EditorImpl]
D/S4URC   ( 4530): [SDK] [java.lang.Class] [forName] [FindClass][String] [android.app.SharedPreferencesImpl$EditorImpl]
D/S4URC   ( 4530): [SDK] [java.lang.Class] [forName] [FindClass][String] [[J]
D/S4URC   ( 4530): [SDK] [java.lang.Class] [forName] [FindClass][String] [android.app.SharedPreferencesImpl.EditorImpl]
D/S4URC   ( 4530): [SDK] [java.lang.Class] [forName] [FindClass][String] [android.app.SharedPreferencesImpl$EditorImpl]
D/S4URC   ( 4530): [SDK] [java.lang.Class] [forName] [FindClass][String] [[F]
D/S4URC   ( 4530): [SDK] [java.lang.Class] [forName] [FindClass][String] [android.app.admin.DevicePolicyManager]
D/S4URC   ( 4530): [SDK] [java.lang.Class] [forName] [FindClass][String] [android.app.Activity]
D/S4URC   ( 4530): [SDK] [java.lang.Class] [forName] [FindClass][String] [android.content.Intent]
D/S4URC   ( 4530): [SDK] [java.lang.Class] [forName] [FindClass][String] [android.os.Environment]
D/S4URC   ( 4530): [SDK] [java.lang.Class] [forName] [FindClass][String] [android.content.ContentResolver]
D/S4URC   ( 4530): [SDK] [java.lang.Class] [forName] [FindClass][String] [android.os.Process]
D/S4URC   ( 4530): [SDK] [java.lang.Class] [forName] [FindClass][String] [android.hardware.Camera]
D/S4URC   ( 4530): [SDK] [java.lang.Class] [forName] [FindClass][String] [android.accounts.AccountManager]
D/S4URC   ( 4530): [SDK] [java.lang.Class] [forName] [FindClass][String] [android.location.Location]
D/S4URC   ( 4530): [SDK] [java.lang.Class] [forName] [FindClass][String] [android.webkit.WebView]
D/S4URC   ( 4530): [SDK] [java.lang.Class] [forName] [FindClass][String] [android.media.MediaRecorder]
D/S4URC   ( 4530): [SDK] [java.lang.Class] [forName] [FindClass][String] [android.content.Intent]
D/S4URC   ( 4530): [SDK] [java.lang.Class] [forName] [FindClass][String] [dalvik.system.BaseDexClassLoader]
D/S4URC   ( 4530): [SDK] [java.lang.Class] [forName] [FindClass][String] [dalvik.system.DexFile]
D/S4URC   ( 4530): [SDK] [java.lang.Class] [forName] [FindClass][String] [dalvik.system.DexClassLoader]
D/S4URC   ( 4530): [SDK] [java.lang.Class] [forName] [FindClass][String] [android.app.ApplicationPackageManager]
D/S4URC   ( 4530): [SDK] [java.lang.Class] [forName] [FindClass][String] [android.app.ActivityManager]
D/S4URC   ( 4530): [SDK] [java.lang.Class] [forName] [FindClass][String] [java.lang.Runtime]
D/S4URC   ( 4530): [SDK] [java.lang.Class] [forName] [FindClass][String] [java.lang.Class]
D/S4URC   ( 4530): [SDK] [java.lang.Class] [forName] [FindClass][String] [java.net.HttpURLConnection]
D/S4URC   ( 4530): [SDK] [java.lang.Class] [forName] [FindClass][String] [com.android.okhttp.internal.http.HttpURLConnectionImpl]
D/S4URC   ( 4530): [SDK] [java.lang.Class] [forName] [FindClass][String] [java.net.Socket]
D/S4URC   ( 4530): [SDK] [java.lang.Class] [forName] [FindClass][String] [android.telephony.TelephonyManager]
D/S4URC   ( 4530): [SDK] [java.lang.Class] [forName] [FindClass][String] [android.os.Debug]
D/S4URC   ( 4530): [SDK] [java.lang.Class] [forName] [FindClass][String] [android.hardware.SensorManager]
D/S4URC   ( 4530): [SDK] [java.io.File] [Constructor] [FilePath][String] [/system/app/webview/webview.apk]
D/S4URC   ( 4530): [SDK] [java.lang.Class] [forName] [FindClass][String] [com.android.webview.chromium.WebViewChromiumFactoryProvider]
D/S4URC   ( 4530): [SDK] [java.lang.Runtime] [loadLibrary] [SoPath][String] [webviewchromium]
D/S4URC   ( 4530): [SDK] [java.io.File] [getPath] [FilePath][String] [/system/app/webview/lib/arm]
D/S4URC   ( 4530): [SDK] [java.io.File] [getPath] [FilePath][String] [/system/app/webview/lib/arm/libwebviewchromium.so]
D/S4URC   ( 4530): [SDK] [java.lang.Runtime] [loadLibrary] [SoPath][String] [webviewchromium_plat_support]
D/S4URC   ( 4530): [SDK] [java.io.File] [getPath] [FilePath][String] [/system/app/webview/lib/arm]
D/S4URC   ( 4530): [SDK] [java.io.File] [getPath] [FilePath][String] [/system/app/webview/lib/arm/libwebviewchromium_plat_support.so]
D/S4URC   ( 4530): [SDK] [java.io.File] [getPath] [FilePath][String] [/vendor/lib]
D/S4URC   ( 4530): [SDK] [java.io.File] [getPath] [FilePath][String] [/vendor/lib/libwebviewchromium_plat_support.so]
D/S4URC   ( 4530): [SDK] [java.io.File] [getPath] [FilePath][String] [/system/lib]
D/S4URC   ( 4530): [SDK] [java.io.File] [getPath] [FilePath][String] [/system/lib/libwebviewchromium_plat_support.so]
D/S4URC   ( 4530): [SDK] [java.io.File] [getPath] [FilePath][String] [/data/data/com.atef.pencilsketch]
D/S4URC   ( 4530): [SDK] [java.io.File] [getPath] [FilePath][String] [/data/data/com.atef.pencilsketch/shared_prefs]
D/S4URC   ( 4530): [SDK] [java.io.File] [getPath] [FilePath][String] [/data/data/com.atef.pencilsketch/shared_prefs/WebViewChromiumPrefs.xml]
D/S4URC   ( 4530): [SDK] [java.io.File] [Constructor] [FilePath][String] [/data/data/com.atef.pencilsketch/shared_prefs/WebViewChromiumPrefs.xml.bak]
D/S4URC   ( 4530): [SDK] [java.io.File] [exists] [FilePath][String] [/data/data/com.atef.pencilsketch/shared_prefs/WebViewChromiumPrefs.xml]
D/S4URC   ( 4530): [SDK] [android.content.ContextWrapper][getSharedPreferences] [File][WebViewChromiumPrefs.xml] [MODE][MODE_PRIVATE]
D/S4URC   ( 4530): [SDK] [java.io.File] [exists] [FilePath][String] [/data/data/com.atef.pencilsketch/shared_prefs/WebViewChromiumPrefs.xml.bak]
D/S4URC   ( 4530): [SDK] [java.io.File] [exists] [FilePath][String] [/data/data/com.atef.pencilsketch/shared_prefs/WebViewChromiumPrefs.xml]
D/S4URC   ( 4530): [SDK] [java.io.File] [getPath] [FilePath][String] [/data/data/com.atef.pencilsketch/shared_prefs/WebViewChromiumPrefs.xml]
D/S4URC   ( 4530): [SDK] [android.content.ContextWrapper][getSharedPreferences] [File][WebViewChromiumPrefs.xml] [MODE][MODE_PRIVATE] [Method][getInt] [Int][lastVersionCodeUsed] [Return][0]
D/S4URC   ( 4530): [SDK] [android.content.ContextWrapper][getSharedPreferences] [File][WebViewChromiumPrefs.xml] [MODE][MODE_PRIVATE] [Method][putInt] [Key][lastVersionCodeUsed] [Value][300001]
D/S4URC   ( 4530): [SDK] [java.io.File] [exists] [FilePath][String] [/data/data/com.atef.pencilsketch/shared_prefs/WebViewChromiumPrefs.xml]
D/S4URC   ( 4530): [SDK] [java.io.File] [getPath] [FilePath][String] [/data/data/com.atef.pencilsketch/shared_prefs/WebViewChromiumPrefs.xml]
D/S4URC   ( 4530): [SDK] [java.io.File] [delete] [FilePath][String] [/data/data/com.atef.pencilsketch/shared_prefs/WebViewChromiumPrefs.xml.bak]
D/S4URC   ( 4530): [SDK] [java.io.File] [getPath] [FilePath][String] [/data/data/com.atef.pencilsketch]
D/S4URC   ( 4530): [SDK] [java.io.File] [exists] [FilePath][String] [/data/data/com.atef.pencilsketch/app_webview]
D/S4URC   ( 4530): [SDK] [java.io.File] [mkdir] [FilePath][String] [/data/data/com.atef.pencilsketch/app_webview]
D/S4URC   ( 4530): [SDK] [java.io.File] [getPath] [FilePath][String] [/data/data/com.atef.pencilsketch/app_webview]
D/S4URC   ( 4530): [SDK] [java.lang.Class] [forName] [FindClass][String] [android.os.Message]
D/S4URC   ( 4530): [SDK] [android.content.ContextWrapper] [registerReceiver][IntentFilter][android.intent.action.HEADSET_PLUG,
D/S4URC   ( 4530): [SDK] [android.app.ApplicationPackageManager] [getPackageInfo] [FindPackageName][String] [com.atef.pencilsketch]
D/S4URC   ( 4530): [SDK] [android.app.ApplicationPackageManager] [getApplicationInfo] [FindApplicationName][String] [com.atef.pencilsketch]
D/S4URC   ( 4530): [SDK] [android.content.ContextWrapper] [registerReceiver][IntentFilter][android.intent.action.TIMEZONE_CHANGED,
D/S4URC   ( 4530): [SDK] [java.io.File] [getPath] [FilePath][String] [/data/data/com.atef.pencilsketch]
D/S4URC   ( 4530): [SDK] [java.io.File] [getPath] [FilePath][String] [/data/data/com.atef.pencilsketch/databases]
D/S4URC   ( 4530): [SDK] [android.content.ContextWrapper] [getDatabasePath] [PathInfo][String] [foo]
D/S4URC   ( 4530): [SDK] [java.io.File] [getParent] [FilePath][String] [/data/data/com.atef.pencilsketch/databases/foo]
D/S4URC   ( 4530): [SDK] [android.content.ContextWrapper] [registerReceiver][IntentFilter][android.intent.action.PROXY_CHANGE,
D/S4URC   ( 4530): [SDK] [java.lang.Class] [forName] [FindClass][String] [android.os.Message]
D/S4URC   ( 4530): [SDK] [java.io.File] [getPath] [FilePath][String] [/data/data/com.atef.pencilsketch/shared_prefs/1%dss#gfs#ge1%dr1%dps#g_s#gds#ge1%drs#gas#ghs#gSs#g_s#ge1%dr1%dos#gCs#ge1%dls#gis#gb1%do1%dm.xml]
D/S4URC   ( 4530): [SDK] [android.content.ContextWrapper][getSharedPreferences] [File][1%dss#gfs#ge1%dr1%dps#g_s#gds#ge1%drs#gas#ghs#gSs#g_s#ge1%dr1%dos#gCs#ge1%dls#gis#gb1%do1%dm.xml] [MODE][APPEND or MULTI_PROCESS]
D/S4URC   ( 4530): [SDK] [android.content.ContextWrapper][getSharedPreferences] [File][1%dss#gfs#ge1%dr1%dps#g_s#gds#ge1%drs#gas#ghs#gSs#g_s#ge1%dr1%dos#gCs#ge1%dls#gis#gb1%do1%dm.xml] [MODE][APPEND or MULTI_PROCESS] [Method][getString] [String][offerwall-cached-url] [Return][]
D/S4URC   ( 4530): [SDK] [java.io.File] [getPath] [FilePath][String] [/data/data/com.atef.pencilsketch]
D/S4URC   ( 4530): [SDK] [java.io.File] [exists] [FilePath][String] [/data/data/com.atef.pencilsketch/cache]
D/S4URC   ( 4530): [SDK] [android.webkit.WebView] [loadUrl] [Url][http://os.scmpacdn.com/files/mobile/0.9.2/offerwall_site/fallback/?sdk=1&fallback=1&ts=1534167666538]
D/S4URC   ( 4530): [SDK] [java.io.File] [Constructor] [FilePath][String] [/proc/meminfo]
D/S4URC   ( 4530): [SDK] [java.io.File] [getPath] [FilePath][String] [/proc/meminfo]
D/S4URC   ( 4530): [SDK] [java.lang.Class] [forName] [FindClass][String] [com.android.org.bouncycastle.jcajce.provider.keystore.bc.BcKeyStoreSpi$Std]
D/S4URC   ( 4530): [SDK] [java.lang.Class] [forName] [FindClass][String] [com.android.org.conscrypt.TrustManagerFactoryImpl]
D/S4URC   ( 4530): [SDK] [java.lang.Class] [forName] [FindClass][String] [com.android.org.bouncycastle.jce.provider.PKIXCertPathValidatorSpi]
D/S4URC   ( 4530): [SDK] [java.io.File] [exists] [FilePath][String] [/data/data/com.atef.pencilsketch/files]
D/S4URC   ( 4530): [SDK] [java.io.File] [Constructor] [FilePath][String] [/data/misc/keychain/pins]
D/S4URC   ( 4530): [SDK] [java.io.File] [getPath] [FilePath][String] [/data/data/com.atef.pencilsketch/files]
D/S4URC   ( 4530): [SDK] [java.io.File] [exists] [FilePath][String] [/data/data/com.atef.pencilsketch/files/SLIDER_assets]
D/S4URC   ( 4530): [SDK] [java.io.File] [mkdirs] [FilePath][String] [/data/data/com.atef.pencilsketch/files/SLIDER_assets]
D/S4URC   ( 4530): [SDK] [java.lang.Class] [forName] [FindClass][String] [com.android.org.conscrypt.OpenSSLContextImpl]
D/S4URC   ( 4530): [SDK] [java.io.File] [getPath] [FilePath][String] [/data/data/com.atef.pencilsketch/files/cached_feeds/cache_slider-feed.json]
D/S4URC   ( 4530): [SDK] [java.lang.Class] [forName] [FindClass][String] [com.android.org.conscrypt.KeyManagerFactoryImpl]
D/S4URC   ( 4530): [SDK] [android.app.ApplicationPackageManager] [getPackageInfo] [FindPackageName][String] [com.atef.pencilsketch]
D/S4URC   ( 4530): [SDK] [java.io.File] [Constructor] [FilePath][String] [/data/misc/keychain/pins]
D/S4URC   ( 4530): [SDK] [java.io.File] [exists] [FilePath][String] [/data/data/com.atef.pencilsketch/files]
D/S4URC   ( 4530): [SDK] [java.io.File] [getPath] [FilePath][String] [/data/data/com.atef.pencilsketch/files]
D/S4URC   ( 4530): [SDK] [java.io.File] [exists] [FilePath][String] [/data/data/com.atef.pencilsketch/files/STICKEEZ_assets]
D/S4URC   ( 4530): [SDK] [java.io.File] [mkdirs] [FilePath][String] [/data/data/com.atef.pencilsketch/files/STICKEEZ_assets]
D/S4URC   ( 4530): [SDK] [java.io.File] [getPath] [FilePath][String] [/data/data/com.atef.pencilsketch/files/cached_feeds/cache_stickeez-feed.json]
D/S4URC   ( 4530): [SDK] [java.io.File] [exists] [FilePath][String] [/data/data/com.atef.pencilsketch/files]
D/S4URC   ( 4530): [SDK] [java.io.File] [getPath] [FilePath][String] [/data/data/com.atef.pencilsketch/files]
D/S4URC   ( 4530): [SDK] [java.io.File] [exists] [FilePath][String] [/data/data/com.atef.pencilsketch/files/direct]
D/S4URC   ( 4530): [SDK] [java.io.File] [mkdirs] [FilePath][String] [/data/data/com.atef.pencilsketch/files/direct]
D/S4URC   ( 4530): [SDK] [java.io.File] [getPath] [FilePath][String] [/data/data/com.atef.pencilsketch/files/cached_feeds/cache_direct-feed.json]
D/S4URC   ( 4530): [SDK] [java.io.File] [Constructor] [FilePath][String] [/data/misc/keychain/pins]
D/S4URC   ( 4530): [SDK] [android.content.ContextWrapper] [startService] [Intent] Intent { cmp=com.atef.pencilsketch/com.ironsource.mobilcore.MobileCoreReport (has extras) } [ExtraInfo][key:value][1%dns#ge1%dk1%do1%dt:7PFAFUXR4L60HOTX06T0H0TLJYLVZ][com.ironsource.mobilcore.MobileCoreReport_extra_ex:com.ironsource.mobilcore.aO###ResourceManager | getAndProcessFile exception, http://ads.mobilecore.com/?package=com.atef.pencilsketch&ver=0.9.4&type=slider][s#gds#gis#g_s#ge1%du1%dqs#gi1%dn1%dus#g_s#ga1%dr1%dt1%dxs#ge:0d895762-2d30-4bd7-ba50-c1c50231bd41][s#ge1%dp1%dys#gT1%dt1%dr1%do1%dps#ge1%dr:70]
D/S4URC   ( 4530): [SDK] [android.content.ContextWrapper] [startService] [Intent] Intent { cmp=com.atef.pencilsketch/com.ironsource.mobilcore.MobileCoreReport (has extras) } [ExtraInfo][key:value][1%dns#ge1%dk1%do1%dt:7PFAFUXR4L60HOTX06T0H0TLJYLVZ][com.ironsource.mobilcore.MobileCoreReport_extra_ex:com.ironsource.mobilcore.aO###ResourceManager | getAndProcessFile exception, http://ads.mobilecore.com/?package=com.atef.pencilsketch&ver=0.9.4&type=stickeez][s#gds#gis#g_s#ge1%du1%dqs#gi1%dn1%dus#g_s#ga1%dr1%dt1%dxs#ge:0d895762-2d30-4bd7-ba50-c1c50231bd41][s#ge1%dp1%dys#gT1%dt1%dr1%do1%dps#ge1%dr:70]
D/S4URC   ( 4530): [SDK] [android.content.ContextWrapper] [startService] [Intent] Intent { cmp=com.atef.pencilsketch/com.ironsource.mobilcore.MobileCoreReport (has extras) } [ExtraInfo][key:value][1%dns#ge1%dk1%do1%dt:7PFAFUXR4L60HOTX06T0H0TLJYLVZ][com.ironsource.mobilcore.MobileCoreReport_extra_ex:com.ironsource.mobilcore.aO###ResourceManager | getAndProcessFile exception, http://ads.mobilecore.com/?package=com.atef.pencilsketch&ver=0.9.4&type=offerWall][s#gds#gis#g_s#ge1%du1%dqs#gi1%dn1%dus#g_s#ga1%dr1%dt1%dxs#ge:0d895762-2d30-4bd7-ba50-c1c50231bd41][s#ge1%dp1%dys#gT1%dt1%dr1%do1%dps#ge1%dr:70]
D/S4URC   ( 4530): [SDK] [java.io.File] [Constructor] [FilePath][String] [/data/misc/keychain/pins]
D/S4URC   ( 4530): [SDK] [android.content.ContextWrapper] [startService] [Intent] Intent { cmp=com.atef.pencilsketch/com.ironsource.mobilcore.MobileCoreReport (has extras) } [ExtraInfo][key:value][1%dns#ge1%dk1%do1%dt:7PFAFUXR4L60HOTX06T0H0TLJYLVZ][com.ironsource.mobilcore.MobileCoreReport_extra_ex:com.ironsource.mobilcore.aO###ResourceManager | getAndProcessFile exception, http://ads.mobilecore.com/?package=com.atef.pencilsketch&ver=0.9.4&type=directToMarket][s#gds#gis#g_s#ge1%du1%dqs#gi1%dn1%dus#g_s#ga1%dr1%dt1%dxs#ge:0d895762-2d30-4bd7-ba50-c1c50231bd41][s#ge1%dp1%dys#gT1%dt1%dr1%do1%dps#ge1%dr:70]
D/S4URC   ( 4530): [SDK] [android.content.ContextWrapper] [startService] [Intent] Intent { cmp=com.atef.pencilsketch/com.ironsource.mobilcore.MobileCoreReport (has extras) } [ExtraInfo][key:value][1%dns#ge1%dk1%do1%dt:7PFAFUXR4L60HOTX06T0H0TLJYLVZ][com.ironsource.mobilcore.MobileCoreReport_extra_ex:com.ironsource.mobilcore.aQ###com.ironsource.mobilcore.aQ###Unable to resolve host "developer.mobilecore.com": No address associated with hostname###InetAddress.java##lookupHostByName:457][s#gds#gis#g_s#ge1%du1%dqs#gi1%dn1%dus#g_s#ga1%dr1%dt1%dxs#ge:0d895762-2d30-4bd7-ba50-c1c50231bd41][s#ge1%dp1%dys#gT1%dt1%dr1%do1%dps#ge1%dr:70]
D/S4URC   ( 4530): [SDK] [android.content.ContextWrapper] [startService] [Intent] Intent { cmp=com.atef.pencilsketch/com.ironsource.mobilcore.MobileCoreReport (has extras) } [ExtraInfo][key:value][1%dns#ge1%dk1%do1%dt:7PFAFUXR4L60HOTX06T0H0TLJYLVZ][com.ironsource.mobilcore.MobileCoreReport_extra_ex:com.ironsource.mobilcore.aO###com.ironsource.mobilcore.aO###Unable to resolve host "ads.mobilecore.com": No address associated with hostname###InetAddress.java##lookupHostByName:427][s#gds#gis#g_s#ge1%du1%dqs#gi1%dn1%dus#g_s#ga1%dr1%dt1%dxs#ge:0d895762-2d30-4bd7-ba50-c1c50231bd41][s#ge1%dp1%dys#gT1%dt1%dr1%do1%dps#ge1%dr:70]
D/S4URC   ( 4530): [SDK] [android.content.ContextWrapper] [startService] [Intent] Intent { cmp=com.atef.pencilsketch/com.ironsource.mobilcore.MobileCoreReport (has extras) } [ExtraInfo][key:value][1%dns#ge1%dk1%do1%dt:7PFAFUXR4L60HOTX06T0H0TLJYLVZ][com.ironsource.mobilcore.MobileCoreReport_extra_ex:com.ironsource.mobilcore.aO###com.ironsource.mobilcore.aO###Unable to resolve host "ads.mobilecore.com": No address associated with hostname###InetAddress.java##lookupHostByName:457][s#gds#gis#g_s#ge1%du1%dqs#gi1%dn1%dus#g_s#ga1%dr1%dt1%dxs#ge:0d895762-2d30-4bd7-ba50-c1c50231bd41][s#ge1%dp1%dys#gT1%dt1%dr1%do1%dps#ge1%dr:70]
D/S4URC   ( 4530): [SDK] [java.lang.Class] [forName] [FindClass][String] [com.android.org.conscrypt.OpenSSLMessageDigestJDK$MD5]
D/S4URC   ( 4530): [SDK] [android.app.ApplicationPackageManager] [getApplicationInfo] [FindApplicationName][String] [com.atef.pencilsketch]
D/S4URC   ( 4530): [SDK] [android.app.ApplicationPackageManager] [getPackageInfo] [FindPackageName][String] [com.android.vending]
D/S4URC   ( 4530): [SDK] [android.app.ApplicationPackageManager] [getPackageInfo] [FindPackageName][String] [com.google.android.gms]
D/S4URC   ( 4530): [SDK] [android.app.ApplicationPackageManager] [getApplicationInfo] [FindApplicationName][String] [com.google.android.gms]
D/S4URC   ( 4530): [SDK] [java.io.File] [Constructor] [FilePath][String] [/data/data/com.google.android.gms]
D/S4URC   ( 4530): [SDK] [dalvik.system.BaseDexClassLoader] [Constructor] [DexPath][String] [/system/framework/com.android.location.provider.jar:/system/framework/com.android.media.remotedisplay.jar:/data/app/com.google.android.gms-1/base.apk] [NDKPath][String] [/data/app/com.google.android.gms-1/lib/arm]
D/S4URC   ( 4530): [SDK] [java.io.File] [Constructor] [FilePath][String] [/system/framework/com.android.location.provider.jar]
D/S4URC   ( 4530): [SDK] [java.io.File] [Constructor] [FilePath][String] [/system/framework/com.android.media.remotedisplay.jar]
D/S4URC   ( 4530): [SDK] [java.io.File] [Constructor] [FilePath][String] [/data/app/com.google.android.gms-1/base.apk]
D/S4URC   ( 4530): [SDK] [java.io.File] [getName] [FilePath][String] [/system/framework/com.android.location.provider.jar]
D/S4URC   ( 4530): [SDK] [java.io.File] [isDirectory] [FilePath][String] [/system/framework/com.android.location.provider.jar]
D/S4URC   ( 4530): [SDK] [java.io.File] [isFile] [FilePath][String] [/system/framework/com.android.location.provider.jar]
D/S4URC   ( 4530): [SDK] [java.io.File] [getPath] [FilePath][String] [/system/framework/com.android.location.provider.jar]
D/S4URC   ( 4530): [SDK] [dalvik.system.DexFile] [openDexFile] [DexPath][String] [/system/framework/com.android.location.provider.jar]
D/S4URC   ( 4530): [SDK] [java.io.File] [Constructor] [FilePath][String] [/system/framework/com.android.location.provider.jar]
D/S4URC   ( 4530): [SDK] [java.io.File] [getName] [FilePath][String] [/system/framework/com.android.media.remotedisplay.jar]
D/S4URC   ( 4530): [SDK] [java.io.File] [isDirectory] [FilePath][String] [/system/framework/com.android.media.remotedisplay.jar]
D/S4URC   ( 4530): [SDK] [java.io.File] [isFile] [FilePath][String] [/system/framework/com.android.media.remotedisplay.jar]
D/S4URC   ( 4530): [SDK] [java.io.File] [getPath] [FilePath][String] [/system/framework/com.android.media.remotedisplay.jar]
D/S4URC   ( 4530): [SDK] [dalvik.system.DexFile] [openDexFile] [DexPath][String] [/system/framework/com.android.media.remotedisplay.jar]
D/S4URC   ( 4530): [SDK] [java.io.File] [Constructor] [FilePath][String] [/system/framework/com.android.media.remotedisplay.jar]
D/S4URC   ( 4530): [SDK] [java.io.File] [getName] [FilePath][String] [/data/app/com.google.android.gms-1/base.apk]
D/S4URC   ( 4530): [SDK] [java.io.File] [isDirectory] [FilePath][String] [/data/app/com.google.android.gms-1/base.apk]
D/S4URC   ( 4530): [SDK] [java.io.File] [isFile] [FilePath][String] [/data/app/com.google.android.gms-1/base.apk]
D/S4URC   ( 4530): [SDK] [java.io.File] [getPath] [FilePath][String] [/data/app/com.google.android.gms-1/base.apk]
D/S4URC   ( 4530): [SDK] [dalvik.system.DexFile] [openDexFile] [DexPath][String] [/data/app/com.google.android.gms-1/base.apk]
D/S4URC   ( 4530): [SDK] [java.io.File] [Constructor] [FilePath][String] [/data/app/com.google.android.gms-1/base.apk]
D/S4URC   ( 4530): [SDK] [java.io.File] [Constructor] [FilePath][String] [/data/app/com.google.android.gms-1/lib/arm]
D/S4URC   ( 4530): [SDK] [java.io.File] [Constructor] [FilePath][String] [/vendor/lib]
D/S4URC   ( 4530): [SDK] [java.io.File] [Constructor] [FilePath][String] [/system/lib]
D/S4URC   ( 4530): [SDK] [java.lang.Class] [forName] [FindClass][String] [android.content.Intent]
D/S4URC   ( 4530): [SDK] [java.lang.Class] [forName] [FindClass][String] [dalvik.system.BaseDexClassLoader]
D/S4URC   ( 4530): [SDK] [java.lang.Class] [forName] [FindClass][String] [dalvik.system.DexFile]
D/S4URC   ( 4530): [SDK] [java.lang.Class] [forName] [FindClass][String] [dalvik.system.DexClassLoader]
D/S4URC   ( 4530): [SDK] [java.lang.Class] [forName] [FindClass][String] [android.app.ApplicationPackageManager]
D/S4URC   ( 4530): [SDK] [java.lang.Class] [forName] [FindClass][String] [android.app.ActivityManager]
D/S4URC   ( 4530): [SDK] [java.lang.Class] [forName] [FindClass][String] [java.lang.Runtime]
D/S4URC   ( 4530): [SDK] [java.lang.Class] [forName] [FindClass][String] [java.lang.Class]
D/S4URC   ( 4530): [SDK] [java.lang.Class] [forName] [FindClass][String] [java.net.HttpURLConnection]
D/S4URC   ( 4530): [SDK] [java.lang.Class] [forName] [FindClass][String] [com.android.okhttp.internal.http.HttpURLConnectionImpl]
D/S4URC   ( 4530): [SDK] [java.lang.Class] [forName] [FindClass][String] [java.net.Socket]
D/S4URC   ( 4530): [SDK] [java.lang.Class] [forName] [FindClass][String] [android.telephony.TelephonyManager]
D/S4URC   ( 4530): [SDK] [java.lang.Class] [forName] [FindClass][String] [android.os.Debug]
D/S4URC   ( 4530): [SDK] [java.lang.Class] [forName] [FindClass][String] [android.hardware.SensorManager]
D/S4URC   ( 4530): [SDK] [java.io.File] [Constructor] [FilePath][String] [/data/app/com.google.android.gms-1/base.apk]
D/S4URC   ( 4530): [SDK] [java.io.File] [getPath] [FilePath][String] [/data/data/com.google.android.gms]
D/S4URC   ( 4530): [SDK] [java.io.File] [getPath] [FilePath][String] [/data/data/com.google.android.gms/shared_prefs]
D/S4URC   ( 4530): [SDK] [java.io.File] [getPath] [FilePath][String] [/data/data/com.google.android.gms/shared_prefs/google_ads_flags.xml]
D/S4URC   ( 4530): [SDK] [java.io.File] [Constructor] [FilePath][String] [/data/data/com.google.android.gms/shared_prefs/google_ads_flags.xml.bak]
D/S4URC   ( 4530): [SDK] [java.io.File] [exists] [FilePath][String] [/data/data/com.google.android.gms/shared_prefs/google_ads_flags.xml]
D/S4URC   ( 4530): [SDK] [java.io.File] [canRead] [FilePath][String] [/data/data/com.google.android.gms/shared_prefs/google_ads_flags.xml]
D/S4URC   ( 4530): [SDK] [java.io.File] [getPath] [FilePath][String] [/data/data/com.google.android.gms/shared_prefs/google_ads_flags.xml]
D/S4URC   ( 4530): [SDK] [java.io.File] [exists] [FilePath][String] [/data/data/com.google.android.gms/shared_prefs/google_ads_flags.xml.bak]
D/S4URC   ( 4530): [SDK] [java.io.File] [exists] [FilePath][String] [/data/data/com.google.android.gms/shared_prefs/google_ads_flags.xml]
D/S4URC   ( 4530): [SDK] [java.io.File] [canRead] [FilePath][String] [/data/data/com.google.android.gms/shared_prefs/google_ads_flags.xml]
D/S4URC   ( 4530): [SDK] [java.io.File] [getPath] [FilePath][String] [/data/data/com.google.android.gms/shared_prefs/google_ads_flags.xml]
D/S4URC   ( 4530): [SDK] [java.io.File] [canRead] [FilePath][String] [/data/data/com.google.android.gms/shared_prefs/google_ads_flags.xml]
D/S4URC   ( 4530): [SDK] [java.io.File] [getPath] [FilePath][String] [/data/data/com.google.android.gms/shared_prefs/google_ads_flags.xml]
D/S4URC   ( 4530): [SDK] [android.content.ContextWrapper][getSharedPreferences] [File][1%dss#gfs#ge1%dr1%dps#g_s#gds#ge1%drs#gas#ghs#gSs#g_s#ge1%dr1%dos#gCs#ge1%dls#gis#gb1%do1%dm.xml] [MODE][APPEND or MULTI_PROCESS] [Method][getInt] [Int][gads:heap_wastage:bytes] [Return][0]
D/S4URC   ( 4530): [SDK] [android.content.ContextWrapper][getSharedPreferences] [File][1%dss#gfs#ge1%dr1%dps#g_s#gds#ge1%drs#gas#ghs#gSs#g_s#ge1%dr1%dos#gCs#ge1%dls#gis#gb1%do1%dm.xml] [MODE][APPEND or MULTI_PROCESS] [Method][getBoolean] [Boolean][gads:sw_dynamite:enabled] [Return][true]
D/S4URC   ( 4530): [SDK] [android.content.ContextWrapper][getSharedPreferences] [File][1%dss#gfs#ge1%dr1%dps#g_s#gds#ge1%drs#gas#ghs#gSs#g_s#ge1%dr1%dos#gCs#ge1%dls#gis#gb1%do1%dm.xml] [MODE][APPEND or MULTI_PROCESS] [Method][getBoolean] [Boolean][gads:sdk_use_dynamic_module] [Return][true]
D/S4URC   ( 4530): [SDK] [java.io.File] [Constructor] [FilePath][String] [/data/data/com.google.android.gms]
D/S4URC   ( 4530): [SDK] [java.io.File] [getPath] [FilePath][String] [/data/data/com.google.android.gms]
D/S4URC   ( 4530): [SDK] [java.io.File] [exists] [FilePath][String] [/data/data/com.google.android.gms/app_chimera]
D/S4URC   ( 4530): [SDK] [java.io.File] [Constructor] [FilePath][String] [/data/data/com.google.android.gms/app_chimera]
D/S4URC   ( 4530): [SDK] [java.io.File] [getPath] [FilePath][String] [/data/data/com.google.android.gms/app_chimera]
D/S4URC   ( 4530): [SDK] [java.io.File] [getPath] [FilePath][String] [/data/data/com.google.android.gms/app_chimera/current_config.fb]
D/S4URC   ( 4530): [SDK] [android.content.ContextWrapper] [registerReceiver][IntentFilter][com.google.android.chimera.MODULE_CONFIGURATION_CHANGED,] [Permissions][com.google.android.gms.chimera.permission.CONFIG_CHANGE
D/S4URC   ( 4530): [SDK] [java.io.File] [exists] [FilePath][String] [/data/data/com.google.android.gms/app_chimera]
D/S4URC   ( 4530): [SDK] [java.io.File] [getPath] [FilePath][String] [/data/data/com.google.android.gms/app_chimera]
D/S4URC   ( 4530): [SDK] [java.io.File] [exists] [FilePath][String] [/data/data/com.google.android.gms/app_chimera/current_modules_init.pb]
D/S4URC   ( 4530): [SDK] [java.lang.Class] [forName] [FindClass][String] [com.google.android.gms.chimera.container.DynamiteModuleApi]
D/S4URC   ( 4634): [SDK] [java.lang.Class] [forName] [FindClass][String] [java.net.HttpURLConnection]
D/S4URC   ( 4530): [SDK] [android.content.ContextWrapper] [registerReceiver][IntentFilter][android.intent.action.CONFIGURATION_CHANGED,
D/S4URC   ( 4634): [SDK] [java.lang.Class] [forName] [FindClass][String] [com.android.okhttp.internal.http.HttpURLConnectionImpl]
D/S4URC   ( 4634): [SDK] [java.lang.Class] [forName] [FindClass][String] [java.net.Socket]
D/S4URC   ( 4634): [SDK] [java.lang.Class] [forName] [FindClass][String] [android.telephony.TelephonyManager]
D/S4URC   ( 4634): [SDK] [java.lang.Class] [forName] [FindClass][String] [android.os.Debug]
D/S4URC   ( 4634): [SDK] [java.lang.Class] [forName] [FindClass][String] [android.hardware.SensorManager]
D/S4URC   ( 4530): [SDK] [android.app.ApplicationPackageManager] [getPackageInfo] [FindPackageName][String] [com.google.android.gms]
D/S4URC   ( 4530): [SDK] [java.io.File] [Constructor] [FilePath][String] [/data/app/com.google.android.gms-1/base.apk]
D/S4URC   ( 4530): [SDK] [java.io.File] [exists] [FilePath][String] [/data/data/com.atef.pencilsketch/files]
D/S4URC   ( 4530): [SDK] [java.io.File] [getPath] [FilePath][String] [/data/data/com.atef.pencilsketch/files]
D/S4URC   ( 4530): [SDK] [java.io.File] [Constructor] [FilePath][String] [/data/data/com.google.android.gms/app_chimera/m/00000001/DynamiteModulesA_GmsCore_prodlmp_alldpi_release.apk]
D/S4URC   ( 4530): [SDK] [java.io.File] [getParent] [FilePath][String] [/data/data/com.google.android.gms/app_chimera/m/00000001/DynamiteModulesA_GmsCore_prodlmp_alldpi_release.apk]
D/S4URC   ( 4530): [SDK] [java.io.File] [Constructor] [FilePath][String] [/data/data/com.google.android.gms/app_chimera/m/00000001]
D/S4URC   ( 4530): [SDK] [java.io.File] [getPath] [FilePath][String] [/data/data/com.google.android.gms/app_chimera/m/00000001]
D/S4URC   ( 4530): [SDK] [java.io.File] [exists] [FilePath][String] [/data/data/com.google.android.gms/app_chimera/m/00000001/n]
D/S4URC   ( 4530): [SDK] [java.io.File] [getPath] [FilePath][String] [/data/data/com.google.android.gms/app_chimera/m/00000001/n]
D/S4URC   ( 4530): [SDK] [java.io.File] [Constructor] [FilePath][String] [/data/data/com.google.android.gms/app_chimera/m/00000001/DynamiteModulesA_GmsCore_prodlmp_alldpi_release.apk]
D/S4URC   ( 4530): [SDK] [dalvik.system.BaseDexClassLoader] [Constructor] [DexPath][String] [/data/data/com.google.android.gms/app_chimera/m/00000001/DynamiteModulesA_GmsCore_prodlmp_alldpi_release.apk] [NDKPath][String] [/data/data/com.google.android.gms/app_chimera/m/00000001/n/armeabi-v7a:/data/data/com.google.android.gms/app_chimera/m/00000001/n/armeabi]
D/S4URC   ( 4530): [SDK] [java.io.File] [Constructor] [FilePath][String] [/data/data/com.google.android.gms/app_chimera/m/00000001/DynamiteModulesA_GmsCore_prodlmp_alldpi_release.apk]
D/S4URC   ( 4530): [SDK] [java.io.File] [getName] [FilePath][String] [/data/data/com.google.android.gms/app_chimera/m/00000001/DynamiteModulesA_GmsCore_prodlmp_alldpi_release.apk]
D/S4URC   ( 4530): [SDK] [java.io.File] [isDirectory] [FilePath][String] [/data/data/com.google.android.gms/app_chimera/m/00000001/DynamiteModulesA_GmsCore_prodlmp_alldpi_release.apk]
D/S4URC   ( 4530): [SDK] [java.io.File] [isFile] [FilePath][String] [/data/data/com.google.android.gms/app_chimera/m/00000001/DynamiteModulesA_GmsCore_prodlmp_alldpi_release.apk]
D/S4URC   ( 4634): [SDK] [java.lang.Class] [forName] [FindClass][String] [android.content.res.ResourcesKey]
D/S4URC   ( 4530): [SDK] [java.io.File] [getPath] [FilePath][String] [/data/data/com.google.android.gms/app_chimera/m/00000001/DynamiteModulesA_GmsCore_prodlmp_alldpi_release.apk]
D/S4URC   ( 4530): [SDK] [dalvik.system.DexFile] [openDexFile] [DexPath][String] [/data/data/com.google.android.gms/app_chimera/m/00000001/DynamiteModulesA_GmsCore_prodlmp_alldpi_release.apk]
D/S4URC   ( 4634): [SDK] [java.lang.Class] [forName] [FindClass][String] [android.app.ResourcesManager]
D/S4URC   ( 4530): [SDK] [java.io.File] [Constructor] [FilePath][String] [/data/data/com.google.android.gms/app_chimera/m/00000001/DynamiteModulesA_GmsCore_prodlmp_alldpi_release.apk]
D/S4URC   ( 4634): [SDK] [java.io.File] [Constructor] [FilePath][String] [/data/app/com.atef.pencilsketch-1/base.apk]
D/S4URC   ( 4634): [SDK] [java.io.File] [getPath] [FilePath][String] [/data/data/com.atef.pencilsketch]
D/S4URC   ( 4634): [SDK] [java.io.File] [exists] [FilePath][String] [/data/data/com.atef.pencilsketch/cache]
D/S4URC   ( 4634): [SDK] [java.io.File] [getPath] [FilePath][String] [/data/data/com.atef.pencilsketch/cache]
D/S4URC   ( 4530): [SDK] [java.io.File] [Constructor] [FilePath][String] [/vendor/lib]
D/S4URC   ( 4530): [SDK] [java.io.File] [Constructor] [FilePath][String] [/system/lib]
D/S4URC   ( 4634): [SDK] [java.io.File] [getPath] [FilePath][String] [/data/data/com.atef.pencilsketch]
D/S4URC   ( 4634): [SDK] [java.io.File] [getPath] [FilePath][String] [/data/data/com.atef.pencilsketch/shared_prefs]
D/S4URC   ( 4634): [SDK] [java.io.File] [getPath] [FilePath][String] [/data/data/com.atef.pencilsketch/shared_prefs/1%dss#gfs#ge1%dr1%dps#g_s#gds#ge1%drs#gas#ghs#gSs#g_s#ge1%dr1%dos#gCs#ge1%dls#gis#gb1%do1%dm.xml]
D/S4URC   ( 4530): [SDK] [java.io.File] [Constructor] [FilePath][String] [/data/data/com.google.android.gms/app_chimera/m/00000001/DynamiteModulesA_GmsCore_prodlmp_alldpi_release.apk]
D/S4URC   ( 4634): [SDK] [java.io.File] [Constructor] [FilePath][String] [/data/data/com.atef.pencilsketch/shared_prefs/1%dss#gfs#ge1%dr1%dps#g_s#gds#ge1%drs#gas#ghs#gSs#g_s#ge1%dr1%dos#gCs#ge1%dls#gis#gb1%do1%dm.xml.bak]
D/S4URC   ( 4634): [SDK] [java.io.File] [exists] [FilePath][String] [/data/data/com.atef.pencilsketch/shared_prefs/1%dss#gfs#ge1%dr1%dps#g_s#gds#ge1%drs#gas#ghs#gSs#g_s#ge1%dr1%dos#gCs#ge1%dls#gis#gb1%do1%dm.xml]
D/S4URC   ( 4634): [SDK] [java.io.File] [canRead] [FilePath][String] [/data/data/com.atef.pencilsketch/shared_prefs/1%dss#gfs#ge1%dr1%dps#g_s#gds#ge1%drs#gas#ghs#gSs#g_s#ge1%dr1%dos#gCs#ge1%dls#gis#gb1%do1%dm.xml]
D/S4URC   ( 4634): [SDK] [java.io.File] [getPath] [FilePath][String] [/data/data/com.atef.pencilsketch/shared_prefs/1%dss#gfs#ge1%dr1%dps#g_s#gds#ge1%drs#gas#ghs#gSs#g_s#ge1%dr1%dos#gCs#ge1%dls#gis#gb1%do1%dm.xml]
D/S4URC   ( 4634): [SDK] [android.content.ContextWrapper][getSharedPreferences] [File][1%dss#gfs#ge1%dr1%dps#g_s#gds#ge1%drs#gas#ghs#gSs#g_s#ge1%dr1%dos#gCs#ge1%dls#gis#gb1%do1%dm.xml] [MODE][APPEND or MULTI_PROCESS]
D/S4URC   ( 4634): [SDK] [java.io.File] [getPath] [FilePath][String] [/data/data/com.atef.pencilsketch/shared_prefs/1%dss#gfs#ge1%dr1%dps#g_s#gds#ge1%drs#gas#ghs#gSs#g_s#ge1%dr1%dos#gCs#ge1%dls#gis#gb1%do1%dm.xml]
D/S4URC   ( 4634): [SDK] [android.content.ContextWrapper][getSharedPreferences] [File][1%dss#gfs#ge1%dr1%dps#g_s#gds#ge1%drs#gas#ghs#gSs#g_s#ge1%dr1%dos#gCs#ge1%dls#gis#gb1%do1%dm.xml] [MODE][APPEND or MULTI_PROCESS]
D/S4URC   ( 4634): [SDK] [java.io.File] [exists] [FilePath][String] [/data/data/com.atef.pencilsketch/shared_prefs/1%dss#gfs#ge1%dr1%dps#g_s#gds#ge1%drs#gas#ghs#gSs#g_s#ge1%dr1%dos#gCs#ge1%dls#gis#gb1%do1%dm.xml.bak]
D/S4URC   ( 4634): [SDK] [java.io.File] [exists] [FilePath][String] [/data/data/com.atef.pencilsketch/shared_prefs/1%dss#gfs#ge1%dr1%dps#g_s#gds#ge1%drs#gas#ghs#gSs#g_s#ge1%dr1%dos#gCs#ge1%dls#gis#gb1%do1%dm.xml]
D/S4URC   ( 4634): [SDK] [java.io.File] [canRead] [FilePath][String] [/data/data/com.atef.pencilsketch/shared_prefs/1%dss#gfs#ge1%dr1%dps#g_s#gds#ge1%drs#gas#ghs#gSs#g_s#ge1%dr1%dos#gCs#ge1%dls#gis#gb1%do1%dm.xml]
D/S4URC   ( 4634): [SDK] [java.io.File] [getPath] [FilePath][String] [/data/data/com.atef.pencilsketch/shared_prefs/1%dss#gfs#ge1%dr1%dps#g_s#gds#ge1%drs#gas#ghs#gSs#g_s#ge1%dr1%dos#gCs#ge1%dls#gis#gb1%do1%dm.xml]
D/S4URC   ( 4634): [SDK] [java.io.File] [canRead] [FilePath][String] [/data/data/com.atef.pencilsketch/shared_prefs/1%dss#gfs#ge1%dr1%dps#g_s#gds#ge1%drs#gas#ghs#gSs#g_s#ge1%dr1%dos#gCs#ge1%dls#gis#gb1%do1%dm.xml]
D/S4URC   ( 4634): [SDK] [java.io.File] [getPath] [FilePath][String] [/data/data/com.atef.pencilsketch/shared_prefs/1%dss#gfs#ge1%dr1%dps#g_s#gds#ge1%drs#gas#ghs#gSs#g_s#ge1%dr1%dos#gCs#ge1%dls#gis#gb1%do1%dm.xml]
D/S4URC   ( 4634): [SDK] [android.content.ContextWrapper][getSharedPreferences] [File][1%dss#gfs#ge1%dr1%dps#g_s#gds#ge1%drs#gas#ghs#gSs#g_s#ge1%dr1%dos#gCs#ge1%dls#gis#gb1%do1%dm.xml] [MODE][APPEND or MULTI_PROCESS]
D/S4URC   ( 4634): [SDK] [java.io.File] [getPath] [FilePath][String] [/data/data/com.atef.pencilsketch/shared_prefs/1%dss#gfs#ge1%dr1%dps#g_s#gds#ge1%drs#gas#ghs#gSs#g_s#ge1%dr1%dos#gCs#ge1%dls#gis#gb1%do1%dm.xml]
D/S4URC   ( 4634): [SDK] [android.content.ContextWrapper][getSharedPreferences] [File][1%dss#gfs#ge1%dr1%dps#g_s#gds#ge1%drs#gas#ghs#gSs#g_s#ge1%dr1%dos#gCs#ge1%dls#gis#gb1%do1%dm.xml] [MODE][APPEND or MULTI_PROCESS]
D/S4URC   ( 4634): [SDK] [java.io.File] [getPath] [FilePath][String] [/data/data/com.atef.pencilsketch/shared_prefs/1%dss#gfs#ge1%dr1%dps#g_s#gds#ge1%drs#gas#ghs#gSs#g_s#ge1%dr1%dos#gCs#ge1%dls#gis#gb1%do1%dm.xml]
D/S4URC   ( 4634): [SDK] [android.content.ContextWrapper][getSharedPreferences] [File][1%dss#gfs#ge1%dr1%dps#g_s#gds#ge1%drs#gas#ghs#gSs#g_s#ge1%dr1%dos#gCs#ge1%dls#gis#gb1%do1%dm.xml] [MODE][APPEND or MULTI_PROCESS]
D/S4URC   ( 4530): [SDK] [android.content.ContextWrapper][getSharedPreferences] [File][1%dss#gfs#ge1%dr1%dps#g_s#gds#ge1%drs#gas#ghs#gSs#g_s#ge1%dr1%dos#gCs#ge1%dls#gis#gb1%do1%dm.xml] [MODE][APPEND or MULTI_PROCESS] [Method][getInt] [Int][gads:heap_wastage:bytes] [Return][0]
D/S4URC   ( 4530): [SDK] [android.content.ContextWrapper][getSharedPreferences] [File][1%dss#gfs#ge1%dr1%dps#g_s#gds#ge1%drs#gas#ghs#gSs#g_s#ge1%dr1%dos#gCs#ge1%dls#gis#gb1%do1%dm.xml] [MODE][APPEND or MULTI_PROCESS] [Method][getBoolean] [Boolean][gads:ad_serving:enabled] [Return][true]
D/S4URC   ( 4634): [SDK] [android.app.ApplicationPackageManager] [getPackageInfo] [FindPackageName][String] [com.atef.pencilsketch]
D/S4URC   ( 4634): [SDK] [java.io.File] [getPath] [FilePath][String] [/data/data/com.atef.pencilsketch]
D/S4URC   ( 4634): [SDK] [java.io.File] [exists] [FilePath][String] [/data/data/com.atef.pencilsketch/files]
D/S4URC   ( 4634): [SDK] [java.io.File] [getPath] [FilePath][String] [/data/data/com.atef.pencilsketch/files]
D/S4URC   ( 4634): [SDK] [java.io.File] [Constructor] [FilePath][String] [/data/data/com.atef.pencilsketch/files/log_stack.dat]
D/S4URC   ( 4634): [SDK] [java.io.File] [exists] [FilePath][String] [/data/data/com.atef.pencilsketch/files/log_stack.dat]
D/S4URC   ( 4634): [SDK] [java.io.File] [exists] [FilePath][String] [/data/data/com.atef.pencilsketch/files]
D/S4URC   ( 4634): [SDK] [java.io.File] [getPath] [FilePath][String] [/data/data/com.atef.pencilsketch/files]
D/S4URC   ( 4634): [SDK] [java.io.File] [Constructor] [FilePath][String] [/data/data/com.atef.pencilsketch/files/log_stack.dat]
D/S4URC   ( 4634): [SDK] [java.io.File] [exists] [FilePath][String] [/data/data/com.atef.pencilsketch/files/log_stack.dat]
D/S4URC   ( 4634): [SDK] [java.io.File] [exists] [FilePath][String] [/data/data/com.atef.pencilsketch/files]
D/S4URC   ( 4634): [SDK] [java.io.File] [getPath] [FilePath][String] [/data/data/com.atef.pencilsketch/files]
D/S4URC   ( 4634): [SDK] [java.io.File] [Constructor] [FilePath][String] [/data/data/com.atef.pencilsketch/files/log_stack.dat]
D/S4URC   ( 4634): [SDK] [java.io.File] [exists] [FilePath][String] [/data/data/com.atef.pencilsketch/files/log_stack.dat]
D/S4URC   ( 4634): [SDK] [java.io.File] [exists] [FilePath][String] [/data/data/com.atef.pencilsketch/files]
D/S4URC   ( 4530): [SDK] [android.content.ContextWrapper][getSharedPreferences] [File][1%dss#gfs#ge1%dr1%dps#g_s#gds#ge1%drs#gas#ghs#gSs#g_s#ge1%dr1%dos#gCs#ge1%dls#gis#gb1%do1%dm.xml] [MODE][APPEND or MULTI_PROCESS] [Method][getInt] [Int][gads:heap_wastage:bytes] [Return][0]
D/S4URC   ( 4634): [SDK] [java.io.File] [getPath] [FilePath][String] [/data/data/com.atef.pencilsketch/files]
D/S4URC   ( 4530): [SDK] [android.content.ContextWrapper][getSharedPreferences] [File][1%dss#gfs#ge1%dr1%dps#g_s#gds#ge1%drs#gas#ghs#gSs#g_s#ge1%dr1%dos#gCs#ge1%dls#gis#gb1%do1%dm.xml] [MODE][APPEND or MULTI_PROCESS] [Method][getBoolean] [Boolean][gads:clearcut_logging:enabled] [Return][false]
D/S4URC   ( 4634): [SDK] [java.io.File] [Constructor] [FilePath][String] [/data/data/com.atef.pencilsketch/files/log_stack.dat]
D/S4URC   ( 4530): [SDK] [android.content.ContextWrapper][getSharedPreferences] [File][1%dss#gfs#ge1%dr1%dps#g_s#gds#ge1%drs#gas#ghs#gSs#g_s#ge1%dr1%dos#gCs#ge1%dls#gis#gb1%do1%dm.xml] [MODE][APPEND or MULTI_PROCESS] [Method][getBoolean] [Boolean][gads:nonagon:red_button] [Return][false]
D/S4URC   ( 4634): [SDK] [java.io.File] [exists] [FilePath][String] [/data/data/com.atef.pencilsketch/files/log_stack.dat]
D/S4URC   ( 4530): [SDK] [android.content.ContextWrapper][getSharedPreferences] [File][1%dss#gfs#ge1%dr1%dps#g_s#gds#ge1%drs#gas#ghs#gSs#g_s#ge1%dr1%dos#gCs#ge1%dls#gis#gb1%do1%dm.xml] [MODE][APPEND or MULTI_PROCESS] [Method][getBoolean] [Boolean][gads:nonagon:interstitial:enabled] [Return][false]
D/S4URC   ( 4530): [SDK] [android.content.ContextWrapper][getSharedPreferences] [File][1%dss#gfs#ge1%dr1%dps#g_s#gds#ge1%drs#gas#ghs#gSs#g_s#ge1%dr1%dos#gCs#ge1%dls#gis#gb1%do1%dm.xml] [MODE][APPEND or MULTI_PROCESS] [Method][getBoolean] [Boolean][gads:interstitial_ad_pool:enabled] [Return][false]
D/S4URC   ( 4634): [SDK] [java.io.File] [exists] [FilePath][String] [/data/data/com.atef.pencilsketch/files]
D/S4URC   ( 4634): [SDK] [java.io.File] [getPath] [FilePath][String] [/data/data/com.atef.pencilsketch/files]
D/S4URC   ( 4634): [SDK] [java.io.File] [Constructor] [FilePath][String] [/data/data/com.atef.pencilsketch/files/log_stack.dat]
D/S4URC   ( 4634): [SDK] [java.io.File] [exists] [FilePath][String] [/data/data/com.atef.pencilsketch/files/log_stack.dat]
D/S4URC   ( 4530): [SDK] [android.content.ContextWrapper][getSharedPreferences] [File][1%dss#gfs#ge1%dr1%dps#g_s#gds#ge1%drs#gas#ghs#gSs#g_s#ge1%dr1%dos#gCs#ge1%dls#gis#gb1%do1%dm.xml] [MODE][APPEND or MULTI_PROCESS] [Method][getInt] [Int][gads:heap_wastage:bytes] [Return][0]
D/S4URC   ( 4530): [SDK] [android.content.ContextWrapper][getSharedPreferences] [File][1%dss#gfs#ge1%dr1%dps#g_s#gds#ge1%drs#gas#ghs#gSs#g_s#ge1%dr1%dos#gCs#ge1%dls#gis#gb1%do1%dm.xml] [MODE][APPEND or MULTI_PROCESS] [Method][getBoolean] [Boolean][gads:disable_adid_values_in_ms] [Return][false]
D/S4URC   ( 4530): [SDK] [android.content.ContextWrapper] [registerReceiver][IntentFilter][android.intent.action.USER_PRESENT,android.intent.action.SCREEN_OFF,
D/S4URC   ( 4530): [SDK] [android.app.ApplicationPackageManager] [getPackageInfo] [FindPackageName][String] [com.google.android.gms]
D/S4URC   ( 4530): [SDK] [android.content.ContextWrapper] [registerReceiver][IntentFilter][com.google.android.ads.intent.DEBUG_LOGGING_ENABLEMENT_CHANGED,
D/S4URC   ( 4530): [SDK] [android.content.ContextWrapper][getSharedPreferences] [File][1%dss#gfs#ge1%dr1%dps#g_s#gds#ge1%drs#gas#ghs#gSs#g_s#ge1%dr1%dos#gCs#ge1%dls#gis#gb1%do1%dm.xml] [MODE][APPEND or MULTI_PROCESS] [Method][getBoolean] [Boolean][gads:debug_logging_feature:enable] [Return][true]
D/S4URC   ( 4530): [SDK] [android.content.ContextWrapper][getSharedPreferences] [File][1%dss#gfs#ge1%dr1%dps#g_s#gds#ge1%drs#gas#ghs#gSs#g_s#ge1%dr1%dos#gCs#ge1%dls#gis#gb1%do1%dm.xml] [MODE][APPEND or MULTI_PROCESS] [Method][getBoolean] [Boolean][gads:app_activity_tracker:enabled] [Return][true]
D/S4URC   ( 4530): [SDK] [android.content.ContextWrapper][getSharedPreferences] [File][1%dss#gfs#ge1%dr1%dps#g_s#gds#ge1%drs#gas#ghs#gSs#g_s#ge1%dr1%dos#gCs#ge1%dls#gis#gb1%do1%dm.xml] [MODE][APPEND or MULTI_PROCESS] [Method][getInt] [Int][gads:heap_wastage:bytes] [Return][0]
