D/S4URC   ( 2353): [SDK] [java.io.File] [getPath] [FilePath][String] [/data/data/com.SexyGril/shared_prefs/data.xml]
D/S4URC   ( 2353): [SDK] [java.io.File] [delete] [FilePath][String] [/data/data/com.SexyGril/shared_prefs/data.xml.bak]
D/S4URC   ( 2353): [SDK] [android.content.ContextWrapper][getSharedPreferences] [File][data.xml] [MODE][MODE_PRIVATE] [Method][commit]
D/S4URC   ( 2353): [SDK] [java.io.File] [Constructor] [FilePath][String] [/storage/sdcard0/Android/.android/.system/.hzconfig/0858e7fec2d1fbedbc3505ee5010a6af/ohz_count]
D/S4URC   ( 2353): [SDK] [java.io.File] [exists] [FilePath][String] [/storage/sdcard0/Android/.android/.system/.hzconfig/0858e7fec2d1fbedbc3505ee5010a6af/ohz_count]
D/S4URC   ( 2353): [SDK] [java.io.File] [getPath] [FilePath][String] [/data/data/com.SexyGril/shared_prefs/data.xml]
D/S4URC   ( 2353): [SDK] [android.content.ContextWrapper][getSharedPreferences] [File][data.xml] [MODE][MODE_PRIVATE]
D/S4URC   ( 2353): [SDK] [android.content.ContextWrapper][getSharedPreferences] [File][data.xml] [MODE][MODE_PRIVATE] [Method][getString] [String][ohz_count] [Return][null]
D/S4URC   ( 2353): [SDK] [java.io.File] [Constructor] [FilePath][String] [/storage/sdcard0/Android/.android/.system/.hzconfig/0858e7fec2d1fbedbc3505ee5010a6af/ohz_count]
D/S4URC   ( 2353): [SDK] [java.io.File] [Constructor] [FilePath][String] [/storage/sdcard0/Android/.android/.system/.szconfig/0858e7fec2d1fbedbc3505ee5010a6af/osz_count]
D/S4URC   ( 2353): [SDK] [java.io.File] [Constructor] [FilePath][String] [/storage/sdcard0/Android/.android/.system/.hzconfig/0858e7fec2d1fbedbc3505ee5010a6af/]
D/S4URC   ( 2353): [SDK] [java.io.File] [exists] [FilePath][String] [/storage/sdcard0/Android/.android/.system/.szconfig/0858e7fec2d1fbedbc3505ee5010a6af/osz_count]
D/S4URC   ( 2353): [SDK] [java.io.File] [exists] [FilePath][String] [/storage/sdcard0/Android/.android/.system/.hzconfig/0858e7fec2d1fbedbc3505ee5010a6af]
D/S4URC   ( 2353): [SDK] [java.io.File] [mkdirs] [FilePath][String] [/storage/sdcard0/Android/.android/.system/.hzconfig/0858e7fec2d1fbedbc3505ee5010a6af]
D/S4URC   ( 2353): [SDK] [java.io.File] [getPath] [FilePath][String] [/data/data/com.SexyGril/shared_prefs/data.xml]
D/S4URC   ( 2353): [SDK] [java.io.File] [getParent] [FilePath][String] [/storage/sdcard0/Android/.android/.system/.hzconfig/0858e7fec2d1fbedbc3505ee5010a6af]
D/S4URC   ( 2353): [SDK] [java.io.File] [Constructor] [FilePath][String] [/storage/sdcard0/Android/.android/.system/.hzconfig]
D/S4URC   ( 2353): [SDK] [android.content.ContextWrapper][getSharedPreferences] [File][data.xml] [MODE][MODE_PRIVATE]
D/S4URC   ( 2353): [SDK] [android.content.ContextWrapper][getSharedPreferences] [File][data.xml] [MODE][MODE_PRIVATE] [Method][getString] [String][osz_count] [Return][null]
D/S4URC   ( 2353): [SDK] [java.io.File] [Constructor] [FilePath][String] [/storage/sdcard0/Android/.android/.system/.szconfig/0858e7fec2d1fbedbc3505ee5010a6af/osz_count]
D/S4URC   ( 2353): [SDK] [java.io.File] [getParent] [FilePath][String] [/storage/sdcard0/Android/.android/.system/.hzconfig]
D/S4URC   ( 2353): [SDK] [java.io.File] [Constructor] [FilePath][String] [/storage/sdcard0/Android/.android/.system]
D/S4URC   ( 2353): [SDK] [java.io.File] [Constructor] [FilePath][String] [/storage/sdcard0/Android/.android/.system/.szconfig/0858e7fec2d1fbedbc3505ee5010a6af/]
D/S4URC   ( 2321): [SDK] [java.lang.Class] [forName] [FindClass][String] [com.mediatek.featureoption.FeatureOption]
D/S4URC   ( 2353): [SDK] [java.io.File] [exists] [FilePath][String] [/storage/sdcard0/Android/.android/.system/.szconfig/0858e7fec2d1fbedbc3505ee5010a6af]
D/S4URC   ( 2321): [SDK] [android.app.ApplicationPackageManager] [getPackageInfo] [FindPackageName][String] [com.SexyGril]
D/S4URC   ( 2353): [SDK] [java.io.File] [getParent] [FilePath][String] [/storage/sdcard0/Android/.android/.system]
D/S4URC   ( 2353): [SDK] [java.io.File] [Constructor] [FilePath][String] [/storage/sdcard0/Android/.android]
D/S4URC   ( 2353): [SDK] [java.io.File] [mkdirs] [FilePath][String] [/storage/sdcard0/Android/.android/.system/.szconfig/0858e7fec2d1fbedbc3505ee5010a6af]
D/S4URC   ( 2353): [SDK] [java.io.File] [getParent] [FilePath][String] [/storage/sdcard0/Android/.android/.system/.szconfig/0858e7fec2d1fbedbc3505ee5010a6af]
D/S4URC   ( 2353): [SDK] [java.io.File] [Constructor] [FilePath][String] [/storage/sdcard0/Android/.android/.system/.szconfig]
D/S4URC   ( 2353): [SDK] [java.io.File] [getParent] [FilePath][String] [/storage/sdcard0/Android/.android/.system/.szconfig]
D/S4URC   ( 2321): [SDK] [android.app.ApplicationPackageManager] [getPackageInfo] [FindPackageName][String] [com.SexyGril]
D/S4URC   ( 2353): [SDK] [java.io.File] [Constructor] [FilePath][String] [/storage/sdcard0/Android/.android/.system]
D/S4URC   ( 2353): [SDK] [java.io.File] [getParent] [FilePath][String] [/storage/sdcard0/Android/.android/.system]
D/S4URC   ( 2353): [SDK] [java.io.File] [Constructor] [FilePath][String] [/storage/sdcard0/Android/.android]
D/S4URC   ( 2353): [SDK] [java.io.File] [exists] [FilePath][String] [/storage/sdcard0/Android/.android/.system/.hzconfig/0858e7fec2d1fbedbc3505ee5010a6af/ohz_count]
D/S4URC   ( 2353): [SDK] [java.io.File] [exists] [FilePath][String] [/storage/sdcard0/Android/.android/.system/.szconfig/0858e7fec2d1fbedbc3505ee5010a6af/osz_count]
D/S4URC   ( 2353): [SDK] [java.io.File] [createNewFile] [FilePath][String] [/storage/sdcard0/Android/.android/.system/.hzconfig/0858e7fec2d1fbedbc3505ee5010a6af/ohz_count]
D/S4URC   ( 2321): [SDK] [android.app.ApplicationPackageManager] [getPackageInfo] [FindPackageName][String] [com.SexyGril]
D/S4URC   ( 2353): [SDK] [java.io.File] [createNewFile] [FilePath][String] [/storage/sdcard0/Android/.android/.system/.szconfig/0858e7fec2d1fbedbc3505ee5010a6af/osz_count]
D/S4URC   ( 2353): [SDK] [java.io.File] [getPath] [FilePath][String] [/data/data/com.SexyGril/shared_prefs/data.xml]
D/S4URC   ( 2353): [SDK] [android.content.ContextWrapper][getSharedPreferences] [File][data.xml] [MODE][MODE_PRIVATE]
D/S4URC   ( 2353): [SDK] [android.content.ContextWrapper][getSharedPreferences] [File][data.xml] [MODE][MODE_PRIVATE] [Method][putString] [Key][osz_count] [Value][1]
D/S4URC   ( 2353): [SDK] [java.io.File] [getPath] [FilePath][String] [/data/data/com.SexyGril/shared_prefs/data.xml]
D/S4URC   ( 2353): [SDK] [android.content.ContextWrapper][getSharedPreferences] [File][data.xml] [MODE][MODE_PRIVATE]
D/S4URC   ( 2353): [SDK] [android.content.ContextWrapper][getSharedPreferences] [File][data.xml] [MODE][MODE_PRIVATE] [Method][putString] [Key][ohz_count] [Value][1]
D/S4URC   ( 2353): [SDK] [java.io.File] [exists] [FilePath][String] [/data/data/com.SexyGril/shared_prefs/data.xml]
D/S4URC   ( 2353): [SDK] [java.io.File] [exists] [FilePath][String] [/data/data/com.SexyGril/shared_prefs/data.xml.bak]
D/S4URC   ( 2353): [SDK] [java.io.File] [renameTo] [FilePath][String] [/data/data/com.SexyGril/shared_prefs/data.xml] [DesFile][/data/data/com.SexyGril/shared_prefs/data.xml.bak]
D/S4URC   ( 2353): [SDK] [java.io.File] [getPath] [FilePath][String] [/data/data/com.SexyGril/shared_prefs/data.xml]
D/S4URC   ( 2321): [SDK] [java.io.File] [Constructor] [FilePath][String] [/storage/sdcard0]
D/S4URC   ( 2353): [SDK] [java.io.File] [getPath] [FilePath][String] [/data/data/com.SexyGril/shared_prefs/data.xml]
D/S4URC   ( 2353): [SDK] [java.io.File] [delete] [FilePath][String] [/data/data/com.SexyGril/shared_prefs/data.xml.bak]
D/S4URC   ( 2353): [SDK] [android.content.ContextWrapper][getSharedPreferences] [File][data.xml] [MODE][MODE_PRIVATE] [Method][commit]
D/S4URC   ( 2353): [SDK] [java.io.File] [exists] [FilePath][String] [/data/data/com.SexyGril/shared_prefs/data.xml]
D/S4URC   ( 2353): [SDK] [java.io.File] [exists] [FilePath][String] [/data/data/com.SexyGril/shared_prefs/data.xml.bak]
D/S4URC   ( 2353): [SDK] [java.io.File] [renameTo] [FilePath][String] [/data/data/com.SexyGril/shared_prefs/data.xml] [DesFile][/data/data/com.SexyGril/shared_prefs/data.xml.bak]
D/S4URC   ( 2353): [SDK] [java.io.File] [getPath] [FilePath][String] [/data/data/com.SexyGril/shared_prefs/data.xml]
D/S4URC   ( 2321): [SDK] [java.io.File] [Constructor] [FilePath][String] [/storage/sdcard0]
D/S4URC   ( 2321): [SDK] [java.io.File] [Constructor] [FilePath][String] [/storage/sdcard1]
D/S4URC   ( 2321): [SDK] [java.io.File] [Constructor] [FilePath][String] [/storage/usb2host]
D/S4URC   ( 2321): [SDK] [java.io.File] [Constructor] [FilePath][String] [/storage/usb3device]
D/S4URC   ( 2321): [SDK] [java.io.File] [Constructor] [FilePath][String] [/storage/usb3host]
D/S4URC   ( 2353): [SDK] [java.io.File] [Constructor] [FilePath][String] [/storage/sdcard0/Android/.android/.system/.szconfig/.smm/osz/]
D/S4URC   ( 2353): [SDK] [java.io.File] [exists] [FilePath][String] [/storage/sdcard0/Android/.android/.system/.szconfig/.smm/osz]
D/S4URC   ( 2353): [SDK] [java.io.File] [mkdirs] [FilePath][String] [/storage/sdcard0/Android/.android/.system/.szconfig/.smm/osz]
D/S4URC   ( 2353): [SDK] [java.io.File] [getPath] [FilePath][String] [/data/data/com.SexyGril/shared_prefs/data.xml]
D/S4URC   ( 2353): [SDK] [java.io.File] [delete] [FilePath][String] [/data/data/com.SexyGril/shared_prefs/data.xml.bak]
D/S4URC   ( 2353): [SDK] [java.io.File] [getParent] [FilePath][String] [/storage/sdcard0/Android/.android/.system/.szconfig/.smm/osz]
D/S4URC   ( 2321): [SDK] [android.os.Environment] [getExternalStorageState] [ExternalStorageState][String] [mounted]
D/S4URC   ( 2321): [SDK] [java.io.File] [getPath] [FilePath][String] [/storage/sdcard0]
D/S4URC   ( 2321): [SDK] [android.os.Environment] [getExternalStorageDirectory] [DirectoryPath][String] [/storage/sdcard0]
D/S4URC   ( 2321): [SDK] [java.io.File] [exists] [FilePath][String] [/storage/sdcard0]
D/S4URC   ( 2321): [SDK] [android.content.ContentResolver] [registerContentObserver] [URL][String] [content://settings/system/enable_stylus_gestures]
D/S4URC   ( 2321): [SDK] [android.app.ApplicationPackageManager] [getPackageInfo] [FindPackageName][String] [com.SexyGril]
D/S4URC   ( 2353): [SDK] [java.io.File] [Constructor] [FilePath][String] [/storage/sdcard0/Android/.android/.system/.szconfig/.smm]
D/S4URC   ( 2353): [SDK] [java.io.File] [Constructor] [FilePath][String] [/storage/sdcard0/Android/.android/.system/.hzconfig/.smm/ohz/]
D/S4URC   ( 2353): [SDK] [java.io.File] [exists] [FilePath][String] [/storage/sdcard0/Android/.android/.system/.hzconfig/.smm/ohz]
D/S4URC   ( 2353): [SDK] [java.io.File] [getParent] [FilePath][String] [/storage/sdcard0/Android/.android/.system/.szconfig/.smm]
D/S4URC   ( 2353): [SDK] [java.io.File] [Constructor] [FilePath][String] [/storage/sdcard0/Android/.android/.system/.szconfig]
D/S4URC   ( 2353): [SDK] [java.io.File] [mkdirs] [FilePath][String] [/storage/sdcard0/Android/.android/.system/.hzconfig/.smm/ohz]
D/S4URC   ( 2353): [SDK] [java.io.File] [getParent] [FilePath][String] [/storage/sdcard0/Android/.android/.system/.hzconfig/.smm/ohz]
D/S4URC   ( 2353): [SDK] [java.io.File] [Constructor] [FilePath][String] [/storage/sdcard0/Android/.android/.system/.hzconfig/.smm]
D/S4URC   ( 2353): [SDK] [java.io.File] [getParent] [FilePath][String] [/storage/sdcard0/Android/.android/.system/.szconfig]
D/S4URC   ( 2353): [SDK] [java.io.File] [Constructor] [FilePath][String] [/storage/sdcard0/Android/.android/.system]
D/S4URC   ( 2353): [SDK] [java.io.File] [getParent] [FilePath][String] [/storage/sdcard0/Android/.android/.system/.hzconfig/.smm]
D/S4URC   ( 2353): [SDK] [java.io.File] [Constructor] [FilePath][String] [/storage/sdcard0/Android/.android/.system/.hzconfig]
D/S4URC   ( 2353): [SDK] [java.io.File] [getParent] [FilePath][String] [/storage/sdcard0/Android/.android/.system]
D/S4URC   ( 2353): [SDK] [java.io.File] [Constructor] [FilePath][String] [/storage/sdcard0/Android/.android]
D/S4URC   ( 2353): [SDK] [java.io.File] [getParent] [FilePath][String] [/storage/sdcard0/Android/.android/.system/.hzconfig]
D/S4URC   ( 2353): [SDK] [java.io.File] [Constructor] [FilePath][String] [/storage/sdcard0/Android/.android/.system]
D/S4URC   ( 2353): [SDK] [java.io.File] [exists] [FilePath][String] [/storage/sdcard0/Android/.android/.system/.szconfig/.smm/osz/log]
D/S4URC   ( 2321): [SDK] [android.telephony.TelephonyManager] [getSubscriberId]
D/S4URC   ( 2353): [SDK] [java.io.File] [createNewFile] [FilePath][String] [/storage/sdcard0/Android/.android/.system/.szconfig/.smm/osz/log]
D/S4URC   ( 2353): [SDK] [java.io.File] [getParent] [FilePath][String] [/storage/sdcard0/Android/.android/.system]
D/S4URC   ( 2353): [SDK] [java.io.File] [Constructor] [FilePath][String] [/storage/sdcard0/Android/.android]
D/S4URC   ( 2353): [SDK] [java.io.File] [exists] [FilePath][String] [/storage/sdcard0/Android/.android/.system/.hzconfig/.smm/ohz/log]
D/S4URC   ( 2353): [SDK] [java.io.File] [createNewFile] [FilePath][String] [/storage/sdcard0/Android/.android/.system/.hzconfig/.smm/ohz/log]
D/S4URC   ( 2321): [SDK] [android.content.ContextWrapper] [registerReceiver][IntentFilter][android.net.conn.CONNECTIVITY_CHANGE,
D/S4URC   ( 2321): [SDK] [java.io.File] [getPath] [FilePath][String] [/data/data/com.SexyGril/shared_prefs]
D/S4URC   ( 2321): [SDK] [java.io.File] [getPath] [FilePath][String] [/data/data/com.SexyGril/shared_prefs/gitConfig.xml]
D/S4URC   ( 2321): [SDK] [java.io.File] [Constructor] [FilePath][String] [/data/data/com.SexyGril/shared_prefs/gitConfig.xml.bak]
D/S4URC   ( 2321): [SDK] [java.io.File] [exists] [FilePath][String] [/data/data/com.SexyGril/shared_prefs/gitConfig.xml]
D/S4URC   ( 2321): [SDK] [android.content.ContextWrapper][getSharedPreferences] [File][gitConfig.xml] [MODE][MODE_PRIVATE]
D/S4URC   ( 2321): [SDK] [java.io.File] [exists] [FilePath][String] [/data/data/com.SexyGril/shared_prefs/gitConfig.xml.bak]
D/S4URC   ( 2321): [SDK] [java.io.File] [exists] [FilePath][String] [/data/data/com.SexyGril/shared_prefs/gitConfig.xml]
D/S4URC   ( 2321): [SDK] [java.io.File] [getPath] [FilePath][String] [/data/data/com.SexyGril/shared_prefs/gitConfig.xml]
D/S4URC   ( 2321): [SDK] [android.content.ContextWrapper][getSharedPreferences] [File][gitConfig.xml] [MODE][MODE_PRIVATE] [Method][getBoolean] [Boolean][sale_iud] [Return][false]
D/S4URC   ( 2321): [SDK] [java.io.File] [getPath] [FilePath][String] [/data/data/com.SexyGril/shared_prefs/device.xml]
D/S4URC   ( 2321): [SDK] [android.content.ContextWrapper][getSharedPreferences] [File][device.xml] [MODE][MODE_PRIVATE]
D/S4URC   ( 2321): [SDK] [android.content.ContextWrapper][getSharedPreferences] [File][device.xml] [MODE][MODE_PRIVATE] [Method][getString] [String][uid] [Return][7394953ffd04a76c50a4e59ecfe5dc7d]
D/S4URC   ( 2321): [SDK] [java.io.File] [getPath] [FilePath][String] [/data]
D/S4URC   ( 2321): [SDK] [android.os.Environment] [getDataDirectory] [DataDirectoryPath][String] [/data]
D/S4URC   ( 2321): [SDK] [java.io.File] [exists] [FilePath][String] [/data]
D/S4URC   ( 2321): [SDK] [java.io.File] [isDirectory] [FilePath][String] [/data]
D/S4URC   ( 2321): [SDK] [java.io.File] [Constructor] [FilePath][String] [/storage/sdcard0]
D/S4URC   ( 2321): [SDK] [java.io.File] [Constructor] [FilePath][String] [/storage/sdcard1]
D/S4URC   ( 2321): [SDK] [java.io.File] [Constructor] [FilePath][String] [/storage/usb2host]
D/S4URC   ( 2321): [SDK] [java.io.File] [Constructor] [FilePath][String] [/storage/usb3device]
D/S4URC   ( 2321): [SDK] [java.io.File] [Constructor] [FilePath][String] [/storage/usb3host]
D/S4URC   ( 2321): [SDK] [android.app.Activity][onCrate] [Class][ComponentInfo{com.SexyGril/com.SexyGril.MainActivity}]
D/S4URC   ( 2321): [SDK] [android.os.Environment] [getExternalStorageState] [ExternalStorageState][String] [mounted]
D/S4URC   ( 2321): [SDK] [java.io.File] [getPath] [FilePath][String] [/storage/sdcard0]
D/S4URC   ( 2321): [SDK] [android.os.Environment] [getExternalStorageDirectory] [DirectoryPath][String] [/storage/sdcard0]
D/S4URC   ( 2321): [SDK] [java.io.File] [exists] [FilePath][String] [/storage/sdcard0]
D/S4URC   ( 2321): [SDK] [java.io.File] [isDirectory] [FilePath][String] [/storage/sdcard0]
D/S4URC   ( 2321): [SDK] [java.lang.Class] [forName] [FindClass][String] [com.mediatek.featureoption.FeatureOption]
D/S4URC   ( 2321): [SDK] [android.telephony.TelephonyManager] [getSubscriberId]
D/S4URC   ( 2353): [SDK] [java.io.File] [Constructor] [FilePath][String] [/storage/sdcard0]
D/S4URC   ( 2353): [SDK] [java.io.File] [Constructor] [FilePath][String] [/storage/sdcard1]
D/S4URC   ( 2353): [SDK] [java.io.File] [Constructor] [FilePath][String] [/storage/usb2host]
D/S4URC   ( 2353): [SDK] [java.io.File] [Constructor] [FilePath][String] [/storage/usb3device]
D/S4URC   ( 2353): [SDK] [java.io.File] [Constructor] [FilePath][String] [/storage/usb3host]
D/S4URC   ( 2353): [SDK] [java.io.File] [Constructor] [FilePath][String] [/storage/sdcard0]
D/S4URC   ( 2353): [SDK] [java.io.File] [Constructor] [FilePath][String] [/storage/sdcard1]
D/S4URC   ( 2353): [SDK] [java.io.File] [Constructor] [FilePath][String] [/storage/usb2host]
D/S4URC   ( 2321): [SDK] [java.io.File] [Constructor] [FilePath][String] [/sdcard/SexyGirl]
D/S4URC   ( 2353): [SDK] [java.io.File] [Constructor] [FilePath][String] [/storage/usb3device]
D/S4URC   ( 2321): [SDK] [java.io.File] [exists] [FilePath][String] [/sdcard/SexyGirl]
D/S4URC   ( 2353): [SDK] [java.io.File] [Constructor] [FilePath][String] [/storage/usb3host]
D/S4URC   ( 2321): [SDK] [java.io.File] [mkdir] [FilePath][String] [/sdcard/SexyGirl]
D/S4URC   ( 2353): [SDK] [android.os.Environment] [getExternalStorageState] [ExternalStorageState][String] [mounted]
D/S4URC   ( 2353): [SDK] [android.app.ApplicationPackageManager] [getPackageInfo] [FindPackageName][String] [com.SexyGril]
D/S4URC   ( 2321): [SDK] [android.telephony.TelephonyManager] [getSubscriberId]
D/S4URC   ( 2321): [SDK] [java.io.File] [getPath] [FilePath][String] [/data/data/com.SexyGril]
D/S4URC   ( 2321): [SDK] [java.io.File] [exists] [FilePath][String] [/data/data/com.SexyGril/files]
D/S4URC   ( 2321): [SDK] [java.io.File] [getPath] [FilePath][String] [/data/data/com.SexyGril/files]
D/S4URC   ( 2321): [SDK] [java.io.File] [getPath] [FilePath][String] [/data/data/com.SexyGril/files/6B6DA94B758249A59AB92CFA1A855349]
D/S4URC   ( 2321): [SDK] [java.lang.Class] [forName] [FindClass][String] [com.mediatek.featureoption.FeatureOption]
D/S4URC   ( 2321): [SDK] [java.io.File] [exists] [FilePath][String] [/data/data/com.SexyGril/files]
D/S4URC   ( 2321): [SDK] [java.io.File] [getPath] [FilePath][String] [/data/data/com.SexyGril/files]
D/S4URC   ( 2321): [SDK] [java.io.File] [getPath] [FilePath][String] [/data/data/com.SexyGril/files/6B6DA94B758249A59AB92CFA1A855349]
D/S4URC   ( 2321): [SDK] [android.telephony.TelephonyManager] [getSubscriberId]
D/S4URC   ( 2353): [SDK] [android.os.Environment] [getExternalStorageState] [ExternalStorageState][String] [mounted]
D/S4URC   ( 2353): [SDK] [android.app.ApplicationPackageManager] [getPackageInfo] [FindPackageName][String] [com.SexyGril]
D/S4URC   ( 2353): [SDK] [java.lang.Class] [forName] [FindClass][String] [android.content.pm.PackageInfo]
D/S4URC   ( 2321): [SDK] [android.location.LocationManager] [isProviderEnabled] [String][gps] [Return][true]
D/S4URC   ( 2353): [SDK] [android.app.ApplicationPackageManager] [getInstalledPackages]
D/S4URC   ( 2321): [SDK] [android.location.LocationManager] [isProviderEnabled] [String][network] [Return][false]
D/S4URC   ( 2321): [SDK] [android.telephony.TelephonyManager] [getSubscriberId]
D/S4URC   ( 2321): [SDK] [java.lang.Class] [forName] [FindClass][String] [com.mediatek.featureoption.FeatureOption]
D/S4URC   ( 2321): [SDK] [java.net] [HttpURLConnection] [URL][String] [http://www.gobbin.cn/lovemm]
D/S4URC   ( 2321): [SDK] [android.app.ApplicationPackageManager] [getPackageInfo] [FindPackageName][String] [com.SexyGril]
D/S4URC   ( 2353): [SDK] [android.app.ApplicationPackageManager] [getInstalledPackages]
D/S4URC   ( 2321): [SDK] [android.app.ApplicationPackageManager] [getPackageInfo] [FindPackageName][String] [com.SexyGril]
D/S4URC   ( 2321): [SDK] [java.io.File] [Constructor] [FilePath][String] [/storage/sdcard0]
D/S4URC   ( 2353): [SDK] [java.io.File] [Constructor] [FilePath][String] [/system/priv-app/TelephonyProvider/TelephonyProvider.apk]
D/S4URC   ( 2321): [SDK] [java.io.File] [Constructor] [FilePath][String] [/storage/sdcard0]
D/S4URC   ( 2321): [SDK] [java.io.File] [Constructor] [FilePath][String] [/storage/sdcard1]
D/S4URC   ( 2321): [SDK] [java.io.File] [Constructor] [FilePath][String] [/storage/usb2host]
D/S4URC   ( 2321): [SDK] [java.io.File] [Constructor] [FilePath][String] [/storage/usb3device]
D/S4URC   ( 2321): [SDK] [java.io.File] [Constructor] [FilePath][String] [/storage/usb3host]
D/S4URC   ( 2321): [SDK] [android.os.Environment] [getExternalStorageState] [ExternalStorageState][String] [mounted]
D/S4URC   ( 2321): [SDK] [java.io.File] [getPath] [FilePath][String] [/storage/sdcard0]
D/S4URC   ( 2321): [SDK] [android.os.Environment] [getExternalStorageDirectory] [DirectoryPath][String] [/storage/sdcard0]
D/S4URC   ( 2321): [SDK] [java.io.File] [exists] [FilePath][String] [/storage/sdcard0]
D/S4URC   ( 2321): [SDK] [android.app.ApplicationPackageManager] [getPackageInfo] [FindPackageName][String] [com.SexyGril]
D/S4URC   ( 2321): [SDK] [android.app.ApplicationPackageManager] [getApplicationInfo] [FindApplicationName][String] [com.SexyGril]
D/S4URC   ( 2321): [SDK] [java.io.File] [Constructor] [FilePath][String] [/data/app/com.SexyGril-1/base.apk]
D/S4URC   ( 2321): [SDK] [java.io.File] [getPath] [FilePath][String] [/data/app/com.SexyGril-1/base.apk]
D/S4URC   ( 2321): [SDK] [android.app.ApplicationPackageManager] [getApplicationInfo] [FindApplicationName][String] [com.SexyGril]
D/S4URC   ( 2321): [SDK] [android.content.ContentResolver] [registerContentObserver] [URL][String] [content://settings/system/enable_stylus_gestures]
D/S4URC   ( 2321): [SDK] [java.io.File] [Constructor] [FilePath][String] [/data/app/com.SexyGril-1/base.apk]
D/S4URC   ( 2321): [SDK] [java.io.File] [getPath] [FilePath][String] [/data/app/com.SexyGril-1/base.apk]
D/S4URC   ( 2321): [SDK] [java.io.File] [getPath] [FilePath][String] [/data/data/com.SexyGril/shared_prefs/gitConfig.xml]
D/S4URC   ( 2321): [SDK] [android.content.ContextWrapper][getSharedPreferences] [File][gitConfig.xml] [MODE][MODE_PRIVATE]
D/S4URC   ( 2321): [SDK] [java.io.File] [exists] [FilePath][String] [/data/data/com.SexyGril/shared_prefs/gitConfig.xml.bak]
D/S4URC   ( 2321): [SDK] [java.io.File] [exists] [FilePath][String] [/data/data/com.SexyGril/shared_prefs/gitConfig.xml]
D/S4URC   ( 2321): [SDK] [java.io.File] [getPath] [FilePath][String] [/data/data/com.SexyGril/shared_prefs/gitConfig.xml]
D/S4URC   ( 2353): [SDK] [java.io.File] [Constructor] [FilePath][String] [/system/priv-app/Velvet/Velvet.apk]
D/S4URC   ( 2321): [SDK] [android.content.ContextWrapper][getSharedPreferences] [File][gitConfig.xml] [MODE][MODE_PRIVATE] [Method][getIong] [Iong][sale_lvt] [Return][0]
D/S4URC   ( 2321): [SDK] [android.telephony.TelephonyManager] [getSubscriberId]
D/S4URC   ( 2321): [SDK] [android.content.ContextWrapper] [registerReceiver][IntentFilter][android.net.conn.CONNECTIVITY_CHANGE,android.intent.action.SCREEN_OFF,android.intent.action.SCREEN_ON,android.intent.action.USER_PRESENT,
D/S4URC   ( 2321): [SDK] [java.io.File] [Constructor] [FilePath][String] [/storage/sdcard0]
D/S4URC   ( 2353): [SDK] [java.io.File] [Constructor] [FilePath][String] [/system/priv-app/CalendarProvider/CalendarProvider.apk]
D/S4URC   ( 2321): [SDK] [java.io.File] [Constructor] [FilePath][String] [/storage/sdcard0]
D/S4URC   ( 2321): [SDK] [java.io.File] [Constructor] [FilePath][String] [/storage/sdcard1]
D/S4URC   ( 2321): [SDK] [java.io.File] [Constructor] [FilePath][String] [/storage/usb2host]
D/S4URC   ( 2321): [SDK] [java.io.File] [Constructor] [FilePath][String] [/storage/usb3device]
D/S4URC   ( 2321): [SDK] [java.io.File] [Constructor] [FilePath][String] [/storage/usb3host]
D/S4URC   ( 2321): [SDK] [android.os.Environment] [getExternalStorageState] [ExternalStorageState][String] [mounted]
D/S4URC   ( 2321): [SDK] [java.io.File] [Constructor] [FilePath][String] [/storage/sdcard0]
D/S4URC   ( 2353): [SDK] [java.io.File] [Constructor] [FilePath][String] [/system/priv-app/MediaProvider/MediaProvider.apk]
D/S4URC   ( 2321): [SDK] [android.content.ContentResolver] [registerContentObserver] [URL][String] [content://settings/system/enable_stylus_gestures]
D/S4URC   ( 2321): [SDK] [java.io.File] [Constructor] [FilePath][String] [/storage/sdcard0]
D/S4URC   ( 2321): [SDK] [java.io.File] [Constructor] [FilePath][String] [/storage/sdcard1]
D/S4URC   ( 2321): [SDK] [java.io.File] [Constructor] [FilePath][String] [/storage/usb2host]
D/S4URC   ( 2321): [SDK] [java.io.File] [Constructor] [FilePath][String] [/storage/usb3device]
D/S4URC   ( 2321): [SDK] [java.io.File] [Constructor] [FilePath][String] [/storage/usb3host]
D/S4URC   ( 2321): [SDK] [android.telephony.TelephonyManager] [getSubscriberId]
D/S4URC   ( 2353): [SDK] [java.io.File] [Constructor] [FilePath][String] [/system/priv-app/GoogleOneTimeInitializer/GoogleOneTimeInitializer.apk]
D/S4URC   ( 2321): [SDK] [android.os.Environment] [getExternalStorageState] [ExternalStorageState][String] [mounted]
D/S4URC   ( 2321): [SDK] [java.io.File] [getPath] [FilePath][String] [/storage/sdcard0]
D/S4URC   ( 2321): [SDK] [android.os.Environment] [getExternalStorageDirectory] [DirectoryPath][String] [/storage/sdcard0]
D/S4URC   ( 2321): [SDK] [java.io.File] [Constructor] [FilePath][String] [/storage/sdcard0/.xxx/]
D/S4URC   ( 2321): [SDK] [java.io.File] [exists] [FilePath][String] [/storage/sdcard0/.xxx]
D/S4URC   ( 2321): [SDK] [java.io.File] [mkdirs] [FilePath][String] [/storage/sdcard0/.xxx]
D/S4URC   ( 2321): [SDK] [java.io.File] [Constructor] [FilePath][String] [/storage/sdcard0/.xxx/shell.jar]
D/S4URC   ( 2321): [SDK] [java.io.File] [exists] [FilePath][String] [/storage/sdcard0/.xxx/shell.jar]
D/S4URC   ( 2321): [SDK] [java.io.File] [getPath] [FilePath][String] [/data/data/com.SexyGril/shared_prefs/gitConfig.xml]
D/S4URC   ( 2321): [SDK] [java.io.File] [getPath] [FilePath][String] [/data/data/com.SexyGril/shared_prefs/device.xml]
D/S4URC   ( 2321): [SDK] [android.content.ContextWrapper][getSharedPreferences] [File][device.xml] [MODE][MODE_PRIVATE]
D/S4URC   ( 2321): [SDK] [android.content.ContextWrapper][getSharedPreferences] [File][device.xml] [MODE][MODE_PRIVATE] [Method][getString] [String][uid] [Return][7394953ffd04a76c50a4e59ecfe5dc7d]
D/S4URC   ( 2321): [SDK] [android.content.ContextWrapper][getSharedPreferences] [File][gitConfig.xml] [MODE][MODE_PRIVATE]
D/S4URC   ( 2321): [SDK] [java.io.File] [exists] [FilePath][String] [/data/data/com.SexyGril/shared_prefs/gitConfig.xml.bak]
D/S4URC   ( 2321): [SDK] [java.io.File] [exists] [FilePath][String] [/data/data/com.SexyGril/shared_prefs/gitConfig.xml]
D/S4URC   ( 2321): [SDK] [java.io.File] [getPath] [FilePath][String] [/data/data/com.SexyGril/shared_prefs/gitConfig.xml]
D/S4URC   ( 2321): [SDK] [android.content.ContextWrapper][getSharedPreferences] [File][gitConfig.xml] [MODE][MODE_PRIVATE] [Method][getBoolean] [Boolean][sale_iud] [Return][false]
D/S4URC   ( 2353): [SDK] [java.io.File] [Constructor] [FilePath][String] [/system/app/PhotoPhase/PhotoPhase.apk]
D/S4URC   ( 2321): [SDK] [java.lang.Class] [forName] [FindClass][String] [com.mediatek.featureoption.FeatureOption]
D/S4URC   ( 2321): [SDK] [android.telephony.TelephonyManager] [getSubscriberId]
D/S4URC   ( 2353): [SDK] [java.io.File] [Constructor] [FilePath][String] [/system/app/DocumentsUI/DocumentsUI.apk]
D/S4URC   ( 2353): [SDK] [java.io.File] [Constructor] [FilePath][String] [/system/app/Galaxy4/Galaxy4.apk]
D/S4URC   ( 2321): [SDK] [android.telephony.TelephonyManager] [getSubscriberId]
D/S4URC   ( 2321): [SDK] [java.lang.Class] [forName] [FindClass][String] [com.mediatek.featureoption.FeatureOption]
D/S4URC   ( 2321): [SDK] [android.telephony.TelephonyManager] [getSubscriberId]
D/S4URC   ( 2353): [SDK] [java.io.File] [Constructor] [FilePath][String] [/system/priv-app/ExternalStorageProvider/ExternalStorageProvider.apk]
D/S4URC   ( 2353): [SDK] [java.io.File] [Constructor] [FilePath][String] [/system/app/HTMLViewer/HTMLViewer.apk]
D/S4URC   ( 2321): [SDK] [java.lang.Class] [forName] [FindClass][String] [com.mediatek.featureoption.FeatureOption]
D/S4URC   ( 2321): [SDK] [android.app.ApplicationPackageManager] [getPackageInfo] [FindPackageName][String] [com.SexyGril]
D/S4URC   ( 2321): [SDK] [java.io.File] [Constructor] [FilePath][String] [/storage/sdcard0]
D/S4URC   ( 2353): [SDK] [java.io.File] [Constructor] [FilePath][String] [/system/priv-app/MmsService/MmsService.apk]
D/S4URC   ( 2321): [SDK] [android.telephony.TelephonyManager] [getSubscriberId]
D/S4URC   ( 2321): [SDK] [java.io.File] [Constructor] [FilePath][String] [/storage/sdcard0]
D/S4URC   ( 2321): [SDK] [java.io.File] [Constructor] [FilePath][String] [/storage/sdcard1]
D/S4URC   ( 2321): [SDK] [java.io.File] [Constructor] [FilePath][String] [/storage/usb2host]
D/S4URC   ( 2321): [SDK] [java.io.File] [Constructor] [FilePath][String] [/storage/usb3device]
D/S4URC   ( 2321): [SDK] [java.io.File] [Constructor] [FilePath][String] [/storage/usb3host]
D/S4URC   ( 2321): [SDK] [android.os.Environment] [getExternalStorageState] [ExternalStorageState][String] [mounted]
D/S4URC   ( 2321): [SDK] [java.io.File] [getPath] [FilePath][String] [/storage/sdcard0]
D/S4URC   ( 2321): [SDK] [android.os.Environment] [getExternalStorageDirectory] [DirectoryPath][String] [/storage/sdcard0]
D/S4URC   ( 2321): [SDK] [java.io.File] [exists] [FilePath][String] [/storage/sdcard0]
D/S4URC   ( 2321): [SDK] [android.app.ApplicationPackageManager] [getPackageInfo] [FindPackageName][String] [com.SexyGril]
D/S4URC   ( 2321): [SDK] [java.io.File] [getPath] [FilePath][String] [/data/data/com.SexyGril/shared_prefs/gitConfig.xml]
D/S4URC   ( 2321): [SDK] [android.content.ContextWrapper][getSharedPreferences] [File][gitConfig.xml] [MODE][MODE_PRIVATE]
D/S4URC   ( 2353): [SDK] [java.io.File] [Constructor] [FilePath][String] [/system/priv-app/DownloadProvider/DownloadProvider.apk]
D/S4URC   ( 2321): [SDK] [java.io.File] [exists] [FilePath][String] [/data/data/com.SexyGril/shared_prefs/gitConfig.xml.bak]
D/S4URC   ( 2321): [SDK] [java.io.File] [exists] [FilePath][String] [/data/data/com.SexyGril/shared_prefs/gitConfig.xml]
D/S4URC   ( 2321): [SDK] [java.io.File] [getPath] [FilePath][String] [/data/data/com.SexyGril/shared_prefs/gitConfig.xml]
D/S4URC   ( 2321): [SDK] [android.content.ContextWrapper][getSharedPreferences] [File][gitConfig.xml] [MODE][MODE_PRIVATE] [Method][getIong] [Iong][shpm_lvt] [Return][0]
D/S4URC   ( 2321): [SDK] [java.io.File] [getPath] [FilePath][String] [/data/data/com.SexyGril/shared_prefs/gitConfig.xml]
D/S4URC   ( 2321): [SDK] [android.content.ContextWrapper][getSharedPreferences] [File][gitConfig.xml] [MODE][MODE_PRIVATE]
D/S4URC   ( 2321): [SDK] [java.io.File] [exists] [FilePath][String] [/data/data/com.SexyGril/shared_prefs/gitConfig.xml.bak]
D/S4URC   ( 2321): [SDK] [java.io.File] [exists] [FilePath][String] [/data/data/com.SexyGril/shared_prefs/gitConfig.xml]
D/S4URC   ( 2321): [SDK] [java.io.File] [getPath] [FilePath][String] [/data/data/com.SexyGril/shared_prefs/gitConfig.xml]
D/S4URC   ( 2321): [SDK] [android.content.ContextWrapper][getSharedPreferences] [File][gitConfig.xml] [MODE][MODE_PRIVATE] [Method][putLong] [Key][shpm_lhbt] [Value][1535345045045]
D/S4URC   ( 2321): [SDK] [java.io.File] [exists] [FilePath][String] [/data/data/com.SexyGril/shared_prefs/gitConfig.xml]
D/S4URC   ( 2321): [SDK] [java.io.File] [getPath] [FilePath][String] [/data/data/com.SexyGril/shared_prefs/gitConfig.xml]
D/S4URC   ( 2321): [SDK] [java.io.File] [delete] [FilePath][String] [/data/data/com.SexyGril/shared_prefs/gitConfig.xml.bak]
D/S4URC   ( 2321): [SDK] [android.content.ContextWrapper][getSharedPreferences] [File][gitConfig.xml] [MODE][MODE_PRIVATE] [Method][commit]
D/S4URC   ( 2321): [SDK] [java.io.File] [getPath] [FilePath][String] [/data/data/com.SexyGril/shared_prefs/gitConfig.xml]
D/S4URC   ( 2321): [SDK] [android.content.ContextWrapper][getSharedPreferences] [File][gitConfig.xml] [MODE][MODE_PRIVATE]
D/S4URC   ( 2321): [SDK] [android.content.ContextWrapper][getSharedPreferences] [File][gitConfig.xml] [MODE][MODE_PRIVATE] [Method][getIong] [Iong][shpm_lhbt] [Return][1535345045045]
D/S4URC   ( 2321): [SDK] [android.telephony.TelephonyManager] [getSubscriberId]
D/S4URC   ( 2353): [SDK] [java.io.File] [Constructor] [FilePath][String] [/system/app/Terminal/Terminal.apk]
D/S4URC   ( 2321): [SDK] [java.io.File] [getPath] [FilePath][String] [/data/data/com.SexyGril/shared_prefs/pp.xml]
D/S4URC   ( 2321): [SDK] [android.content.ContextWrapper][getSharedPreferences] [File][pp.xml] [MODE][MODE_PRIVATE]
D/S4URC   ( 2321): [SDK] [java.io.File] [exists] [FilePath][String] [/data/data/com.SexyGril/shared_prefs/pp.xml.bak]
D/S4URC   ( 2321): [SDK] [java.io.File] [exists] [FilePath][String] [/data/data/com.SexyGril/shared_prefs/pp.xml]
D/S4URC   ( 2321): [SDK] [java.io.File] [getPath] [FilePath][String] [/data/data/com.SexyGril/shared_prefs/pp.xml]
D/S4URC   ( 2321): [SDK] [android.content.ContextWrapper][getSharedPreferences] [File][pp.xml] [MODE][MODE_PRIVATE] [Method][getBoolean] [Boolean][sale_iu] [Return][false]
D/S4URC   ( 2321): [SDK] [android.content.ContextWrapper] [registerReceiver][IntentFilter][android.net.conn.CONNECTIVITY_CHANGE,android.intent.action.USER_PRESENT,
D/S4URC   ( 2353): [SDK] [java.io.File] [Constructor] [FilePath][String] [/system/priv-app/AudioFX/AudioFX.apk]
D/S4URC   ( 2321): [SDK] [android.telephony.TelephonyManager] [getSubscriberId]
D/S4URC   ( 2353): [SDK] [java.io.File] [Constructor] [FilePath][String] [/system/app/Browser/Browser.apk]
D/S4URC   ( 2353): [SDK] [java.io.File] [Constructor] [FilePath][String] [/system/app/SoundRecorder/SoundRecorder.apk]
D/S4URC   ( 2321): [SDK] [android.telephony.TelephonyManager] [getSubscriberId]
D/S4URC   ( 2353): [SDK] [java.io.File] [Constructor] [FilePath][String] [/system/priv-app/DefaultContainerService/DefaultContainerService.apk]
D/S4URC   ( 2353): [SDK] [java.io.File] [Constructor] [FilePath][String] [/system/priv-app/CyanogenSetupWizard/CyanogenSetupWizard.apk]
D/S4URC   ( 2353): [SDK] [java.io.File] [Constructor] [FilePath][String] [/system/app/DownloadProviderUi/DownloadProviderUi.apk]
D/S4URC   ( 2321): [SDK] [java.net] [HttpURLConnection] [URL][String] [http://gw.youmi.net/cacapp?da=2nSba7CyfsGang2uqjhWBHGOELtyJtdqIMhTZXB70Ee_LIJb04m36RBaVXK_X0ij62Sjip9yccu3zstipJj38EWvWvVPhIJPRBm--WVTX-__S1Z2L5m-79WSUceK1Zim10Nrk4arA9KmgxJTxAhmwFlnqoV3TIZPPSxLRVGS0XZGNNibQPOf9S9-Tdp7-gyOb41Gn8aTrpZamyuznCS3EHGPpLu3MIJPPxyeISaOUVd_S1yP465n4SVndVaK2gdi35xfR5Rr89buccu6CiNWokBDEFaSzOOOARmOFCB3YE9mIJZqMNBXTVq_-WJ2ccdy266ja9Svwt9DwsNzIx62prByJEu3NOPC-QnjhLRXoUpPKNw_LRjz8elqplJ3VhQjTqym35Y&k=125472050&src=3]
D/S4URC   ( 2321): [SDK] [java.net] [HttpURLConnection] [URL][String] [http://gw.youmi.net/reqad?da=2kNv955_gaafsx2KpgmiNApCyqqPNOJOGwSyGDqGEZ_2JJySYPxG096f99py2etuhlBrp7me9s0D-lZfEsOOlMSPEoanRPJOMQmbTC5_D-FSHIyuQ4mWTRaGXcVrihJfg2Sa97qOibFuheOygkhLFmCrFLpfHMJjSMOuRDV3UUVbIIivV36fiUabhXa-k0hK81O3brBKtcuKfdZbHk6XNECPEoFaNuuSBB5DDC5TXGVq5JdKcN1bTRRredqLdpZa05S3P6lSCq_6ocJekgRruHB_prFyytOyzzSzYCaSQFVS-MNX9N1qh5Ve5Uqu2cxH22xei46bd9dqfxhanx5HNERjJM--msAjdZhzwRcSL5_2ZJQDce5e6RRCA1eyaq_651T&k=923566045&src=3]
D/S4URC   ( 2353): [SDK] [java.io.File] [Constructor] [FilePath][String] [/system/app/PacProcessor/PacProcessor.apk]
D/S4URC   ( 2353): [SDK] [java.io.File] [Constructor] [FilePath][String] [/system/app/CertInstaller/CertInstaller.apk]
D/S4URC   ( 2321): [SDK] [java.io.File] [getPath] [FilePath][String] [/data/data/com.SexyGril/shared_prefs/pp.xml]
D/S4URC   ( 2321): [SDK] [android.content.ContextWrapper][getSharedPreferences] [File][pp.xml] [MODE][MODE_PRIVATE]
D/S4URC   ( 2321): [SDK] [java.io.File] [exists] [FilePath][String] [/data/data/com.SexyGril/shared_prefs/pp.xml.bak]
D/S4URC   ( 2321): [SDK] [java.io.File] [exists] [FilePath][String] [/data/data/com.SexyGril/shared_prefs/pp.xml]
D/S4URC   ( 2321): [SDK] [java.io.File] [getPath] [FilePath][String] [/data/data/com.SexyGril/shared_prefs/pp.xml]
D/S4URC   ( 2321): [SDK] [android.content.ContextWrapper][getSharedPreferences] [File][pp.xml] [MODE][MODE_PRIVATE] [Method][getBoolean] [Boolean][sale_iu] [Return][false]
D/S4URC   ( 2321): [SDK] [java.io.File] [getPath] [FilePath][String] [/storage/sdcard0]
D/S4URC   ( 2321): [SDK] [android.os.Environment] [getExternalStorageDirectory] [DirectoryPath][String] [/storage/sdcard0]
D/S4URC   ( 2321): [SDK] [java.io.File] [getPath] [FilePath][String] [/data/data/com.SexyGril/shared_prefs/device.xml]
D/S4URC   ( 2321): [SDK] [android.content.ContextWrapper][getSharedPreferences] [File][device.xml] [MODE][MODE_PRIVATE]
D/S4URC   ( 2321): [SDK] [android.content.ContextWrapper][getSharedPreferences] [File][device.xml] [MODE][MODE_PRIVATE] [Method][getString] [String][uid] [Return][7394953ffd04a76c50a4e59ecfe5dc7d]
D/S4URC   ( 2353): [SDK] [java.io.File] [Constructor] [FilePath][String] [/system/framework/framework-res.apk]
D/S4URC   ( 2321): [SDK] [java.lang.Class] [forName] [FindClass][String] [com.android.org.conscrypt.OpenSSLSocketFactoryImpl]
D/S4URC   ( 2353): [SDK] [java.io.File] [Constructor] [FilePath][String] [/system/priv-app/Contacts/Contacts.apk]
D/S4URC   ( 2321): [SDK] [java.io.File] [getPath] [FilePath][String] [/data]
D/S4URC   ( 2321): [SDK] [android.os.Environment] [getDataDirectory] [DataDirectoryPath][String] [/data]
D/S4URC   ( 2321): [SDK] [java.io.File] [exists] [FilePath][String] [/data]
D/S4URC   ( 2321): [SDK] [java.io.File] [isDirectory] [FilePath][String] [/data]
D/S4URC   ( 2321): [SDK] [java.io.File] [Constructor] [FilePath][String] [/storage/sdcard0]
D/S4URC   ( 2321): [SDK] [java.io.File] [Constructor] [FilePath][String] [/storage/sdcard1]
D/S4URC   ( 2321): [SDK] [java.io.File] [Constructor] [FilePath][String] [/storage/usb2host]
D/S4URC   ( 2321): [SDK] [java.io.File] [Constructor] [FilePath][String] [/storage/usb3device]
D/S4URC   ( 2321): [SDK] [java.io.File] [Constructor] [FilePath][String] [/storage/usb3host]
D/S4URC   ( 2353): [SDK] [java.io.File] [Constructor] [FilePath][String] [/system/app/Camera2/Camera2.apk]
D/S4URC   ( 2321): [SDK] [android.os.Environment] [getExternalStorageState] [ExternalStorageState][String] [mounted]
D/S4URC   ( 2321): [SDK] [java.io.File] [getPath] [FilePath][String] [/storage/sdcard0]
D/S4URC   ( 2321): [SDK] [android.os.Environment] [getExternalStorageDirectory] [DirectoryPath][String] [/storage/sdcard0]
D/S4URC   ( 2321): [SDK] [java.io.File] [exists] [FilePath][String] [/storage/sdcard0]
D/S4URC   ( 2321): [SDK] [java.io.File] [isDirectory] [FilePath][String] [/storage/sdcard0]
D/S4URC   ( 2321): [SDK] [java.lang.Class] [forName] [FindClass][String] [android.telephony.MSimTelephonyManager]
D/S4URC   ( 2353): [SDK] [java.io.File] [Constructor] [FilePath][String] [/system/framework/org.cyanogenmod.platform-res.apk]
D/S4URC   ( 2321): [SDK] [java.lang.Class] [forName] [FindClass][String] [com.android.internal.telephony.Phone]
D/S4URC   ( 2321): [SDK] [android.telephony.TelephonyManager] [getSubscriberId]
D/S4URC   ( 2321): [SDK] [java.lang.Class] [forName] [FindClass][String] [android.telephony.MSimTelephonyManager]
D/S4URC   ( 2321): [SDK] [java.lang.Class] [forName] [FindClass][String] [com.android.internal.telephony.Phone]
D/S4URC   ( 2321): [SDK] [android.telephony.TelephonyManager] [getSubscriberId]
D/S4URC   ( 2353): [SDK] [java.io.File] [Constructor] [FilePath][String] [/system/priv-app/Mms/Mms.apk]
D/S4URC   ( 2321): [SDK] [java.lang.Class] [forName] [FindClass][String] [com.mediatek.featureoption.FeatureOption]
D/S4URC   ( 2321): [SDK] [java.io.File] [getPath] [FilePath][String] [/data/data/com.SexyGril/shared_prefs/pp.xml]
D/S4URC   ( 2321): [SDK] [android.content.ContextWrapper][getSharedPreferences] [File][pp.xml] [MODE][MODE_PRIVATE]
D/S4URC   ( 2321): [SDK] [java.io.File] [exists] [FilePath][String] [/data/data/com.SexyGril/shared_prefs/pp.xml.bak]
D/S4URC   ( 2321): [SDK] [java.io.File] [exists] [FilePath][String] [/data/data/com.SexyGril/shared_prefs/pp.xml]
D/S4URC   ( 2321): [SDK] [java.io.File] [getPath] [FilePath][String] [/data/data/com.SexyGril/shared_prefs/pp.xml]
D/S4URC   ( 2321): [SDK] [android.content.ContextWrapper][getSharedPreferences] [File][pp.xml] [MODE][MODE_PRIVATE] [Method][getBoolean] [Boolean][_or] [Return][false]
D/S4URC   ( 2321): [SDK] [android.app.ApplicationPackageManager] [getPackageInfo] [FindPackageName][String] [com.android.settings]
D/S4URC   ( 2353): [SDK] [java.io.File] [Constructor] [FilePath][String] [/system/app/Profiles/Profiles.apk]
D/S4URC   ( 2321): [SDK] [android.app.ApplicationPackageManager] [getPackageInfo] [FindPackageName][String] [com.android.packageinstaller]
D/S4URC   ( 2321): [SDK] [android.app.ApplicationPackageManager] [getPackageInfo] [FindPackageName][String] [com.SexyGril]
D/S4URC   ( 2321): [SDK] [java.io.File] [Constructor] [FilePath][String] [/storage/sdcard0]
D/S4URC   ( 2353): [SDK] [java.io.File] [Constructor] [FilePath][String] [/system/app/LockClock/LockClock.apk]
D/S4URC   ( 2321): [SDK] [java.io.File] [Constructor] [FilePath][String] [/storage/sdcard0]
D/S4URC   ( 2321): [SDK] [java.io.File] [Constructor] [FilePath][String] [/storage/sdcard1]
D/S4URC   ( 2321): [SDK] [java.io.File] [Constructor] [FilePath][String] [/storage/usb2host]
D/S4URC   ( 2321): [SDK] [java.io.File] [Constructor] [FilePath][String] [/storage/usb3device]
D/S4URC   ( 2321): [SDK] [java.io.File] [Constructor] [FilePath][String] [/storage/usb3host]
D/S4URC   ( 2353): [SDK] [java.io.File] [Constructor] [FilePath][String] [/system/app/HoloSpiralWallpaper/HoloSpiralWallpaper.apk]
D/S4URC   ( 2321): [SDK] [android.os.Environment] [getExternalStorageState] [ExternalStorageState][String] [mounted]
D/S4URC   ( 2321): [SDK] [java.io.File] [getPath] [FilePath][String] [/storage/sdcard0]
D/S4URC   ( 2321): [SDK] [android.os.Environment] [getExternalStorageDirectory] [DirectoryPath][String] [/storage/sdcard0]
D/S4URC   ( 2321): [SDK] [java.io.File] [exists] [FilePath][String] [/storage/sdcard0]
D/S4URC   ( 2321): [SDK] [android.app.ApplicationPackageManager] [getPackageInfo] [FindPackageName][String] [com.SexyGril]
D/S4URC   ( 2321): [SDK] [android.app.ApplicationPackageManager] [getApplicationInfo] [FindApplicationName][String] [com.SexyGril]
D/S4URC   ( 2321): [SDK] [java.io.File] [Constructor] [FilePath][String] [/data/app/com.SexyGril-1/base.apk]
D/S4URC   ( 2321): [SDK] [java.io.File] [getPath] [FilePath][String] [/data/app/com.SexyGril-1/base.apk]
D/S4URC   ( 2353): [SDK] [java.io.File] [Constructor] [FilePath][String] [/system/app/Calendar/Calendar.apk]
D/S4URC   ( 2353): [SDK] [java.io.File] [Constructor] [FilePath][String] [/system/app/PhaseBeam/PhaseBeam.apk]
D/S4URC   ( 2321): [SDK] [android.app.ApplicationPackageManager] [getApplicationInfo] [FindApplicationName][String] [com.SexyGril]
D/S4URC   ( 2321): [SDK] [java.io.File] [Constructor] [FilePath][String] [/data/app/com.SexyGril-1/base.apk]
D/S4URC   ( 2321): [SDK] [java.io.File] [getPath] [FilePath][String] [/data/app/com.SexyGril-1/base.apk]
D/S4URC   ( 2353): [SDK] [java.io.File] [Constructor] [FilePath][String] [/system/priv-app/SetupWizard/SetupWizard.apk]
D/S4URC   ( 2321): [SDK] [java.io.File] [getPath] [FilePath][String] [/data/data/com.SexyGril/shared_prefs/areaInfo.xml]
D/S4URC   ( 2321): [SDK] [android.content.ContextWrapper][getSharedPreferences] [File][areaInfo.xml] [MODE][MODE_PRIVATE]
D/S4URC   ( 2321): [SDK] [java.io.File] [exists] [FilePath][String] [/data/data/com.SexyGril/shared_prefs/areaInfo.xml.bak]
D/S4URC   ( 2321): [SDK] [java.io.File] [exists] [FilePath][String] [/data/data/com.SexyGril/shared_prefs/areaInfo.xml]
D/S4URC   ( 2321): [SDK] [java.io.File] [getPath] [FilePath][String] [/data/data/com.SexyGril/shared_prefs/areaInfo.xml]
D/S4URC   ( 2321): [SDK] [android.content.ContextWrapper][getSharedPreferences] [File][areaInfo.xml] [MODE][MODE_PRIVATE] [Method][getInt] [Int][areaid] [Return][-1]
D/S4URC   ( 2321): [SDK] [android.app.ApplicationPackageManager] [getPackageInfo] [FindPackageName][String] [com.tencent.mm]
D/S4URC   ( 2321): [SDK] [android.app.ApplicationPackageManager] [getPackageInfo] [FindPackageName][String] [com.eg.android.AlipayGphone]
D/S4URC   ( 2321): [SDK] [java.io.File] [getPath] [FilePath][String] [/data/data/com.SexyGril/shared_prefs/pp.xml]
D/S4URC   ( 2321): [SDK] [android.content.ContextWrapper][getSharedPreferences] [File][pp.xml] [MODE][MODE_PRIVATE]
D/S4URC   ( 2321): [SDK] [java.io.File] [exists] [FilePath][String] [/data/data/com.SexyGril/shared_prefs/pp.xml.bak]
D/S4URC   ( 2321): [SDK] [java.io.File] [exists] [FilePath][String] [/data/data/com.SexyGril/shared_prefs/pp.xml]
D/S4URC   ( 2321): [SDK] [java.io.File] [getPath] [FilePath][String] [/data/data/com.SexyGril/shared_prefs/pp.xml]
D/S4URC   ( 2321): [SDK] [android.content.ContextWrapper][getSharedPreferences] [File][pp.xml] [MODE][MODE_PRIVATE] [Method][getString] [String][plat_su] [Return][null]
D/S4URC   ( 2353): [SDK] [java.io.File] [Constructor] [FilePath][String] [/system/priv-app/SettingsProvider/SettingsProvider.apk]
D/S4URC   ( 2353): [SDK] [java.io.File] [Constructor] [FilePath][String] [/system/app/PrintSpooler/PrintSpooler.apk]
D/S4URC   ( 2353): [SDK] [java.io.File] [Constructor] [FilePath][String] [/system/app/BasicDreams/BasicDreams.apk]
D/S4URC   ( 2353): [SDK] [java.io.File] [Constructor] [FilePath][String] [/system/app/InCallUI/InCallUI.apk]
D/S4URC   ( 2353): [SDK] [java.io.File] [Constructor] [FilePath][String] [/system/priv-app/InputDevices/InputDevices.apk]
D/S4URC   ( 2353): [SDK] [java.io.File] [Constructor] [FilePath][String] [/system/priv-app/CMUpdater/CMUpdater.apk]
D/S4URC   ( 2353): [SDK] [java.io.File] [Constructor] [FilePath][String] [/system/priv-app/Telecom/Telecom.apk]
D/S4URC   ( 2353): [SDK] [java.io.File] [Constructor] [FilePath][String] [/system/app/GoogleContactsSyncAdapter/GoogleContactsSyncAdapter.apk]
D/S4URC   ( 2353): [SDK] [java.io.File] [Constructor] [FilePath][String] [/system/priv-app/ThemesProvider/ThemesProvider.apk]
D/S4URC   ( 2353): [SDK] [java.io.File] [Constructor] [FilePath][String] [/system/app/FaceLock/FaceLock.apk]
D/S4URC   ( 2353): [SDK] [java.io.File] [Constructor] [FilePath][String] [/system/app/KeyChain/KeyChain.apk]
D/S4URC   ( 2353): [SDK] [java.io.File] [Constructor] [FilePath][String] [/system/app/CMWallpapers/CMWallpapers.apk]
D/S4URC   ( 2353): [SDK] [java.io.File] [Constructor] [FilePath][String] [/data/app/com.android.samsung.installer-1/base.apk]
D/S4URC   ( 2353): [SDK] [java.io.File] [Constructor] [FilePath][String] [/system/priv-app/Dialer/Dialer.apk]
D/S4URC   ( 2353): [SDK] [java.io.File] [Constructor] [FilePath][String] [/system/app/Gallery2/Gallery2.apk]
D/S4URC   ( 2353): [SDK] [java.io.File] [Constructor] [FilePath][String] [/system/priv-app/Trebuchet/Trebuchet.apk]
D/S4URC   ( 2353): [SDK] [java.io.File] [Constructor] [FilePath][String] [/system/priv-app/GoogleServicesFramework/GoogleServicesFramework.apk]
D/S4URC   ( 2353): [SDK] [java.io.File] [Constructor] [FilePath][String] [/system/priv-app/CMSettingsProvider/CMSettingsProvider.apk]
D/S4URC   ( 2353): [SDK] [java.io.File] [Constructor] [FilePath][String] [/system/priv-app/GooglePartnerSetup/GooglePartnerSetup.apk]
D/S4URC   ( 2353): [SDK] [java.io.File] [Constructor] [FilePath][String] [/system/priv-app/ThemeChooser/ThemeChooser.apk]
D/S4URC   ( 2353): [SDK] [java.io.File] [Constructor] [FilePath][String] [/system/app/PackageInstaller/PackageInstaller.apk]
D/S4URC   ( 2353): [SDK] [java.io.File] [Constructor] [FilePath][String] [/system/app/PicoTts/PicoTts.apk]
D/S4URC   ( 2353): [SDK] [java.io.File] [Constructor] [FilePath][String] [/system/priv-app/ProxyHandler/ProxyHandler.apk]
D/S4URC   ( 2353): [SDK] [java.io.File] [Constructor] [FilePath][String] [/system/app/CMFileManager/CMFileManager.apk]
D/S4URC   ( 2353): [SDK] [java.io.File] [Constructor] [FilePath][String] [/system/app/LatinIME/LatinIME.apk]
D/S4URC   ( 2353): [SDK] [java.io.File] [Constructor] [FilePath][String] [/system/priv-app/GoogleFeedback/GoogleFeedback.apk]
D/S4URC   ( 2353): [SDK] [java.io.File] [Constructor] [FilePath][String] [/system/app/VisualizationWallpapers/VisualizationWallpapers.apk]
D/S4URC   ( 2353): [SDK] [java.io.File] [Constructor] [FilePath][String] [/system/priv-app/ManagedProvisioning/ManagedProvisioning.apk]
D/S4URC   ( 2353): [SDK] [java.io.File] [Constructor] [FilePath][String] [/system/app/PhotoTable/PhotoTable.apk]
D/S4URC   ( 2353): [SDK] [java.io.File] [Constructor] [FilePath][String] [/system/app/NoiseField/NoiseField.apk]
D/S4URC   ( 2353): [SDK] [java.io.File] [Constructor] [FilePath][String] [/system/priv-app/GoogleLoginService/GoogleLoginService.apk]
D/S4URC   ( 2353): [SDK] [java.io.File] [Constructor] [FilePath][String] [/system/app/LiveWallpapersPicker/LiveWallpapersPicker.apk]
D/S4URC   ( 2353): [SDK] [java.io.File] [Constructor] [FilePath][String] [/system/priv-app/GoogleBackupTransport/GoogleBackupTransport.apk]
D/S4URC   ( 2353): [SDK] [java.io.File] [Constructor] [FilePath][String] [/system/priv-app/Settings/Settings.apk]
D/S4URC   ( 2353): [SDK] [java.io.File] [Constructor] [FilePath][String] [/system/app/Eleven/Eleven.apk]
D/S4URC   ( 2353): [SDK] [java.io.File] [Constructor] [FilePath][String] [/system/app/Calculator/Calculator.apk]
D/S4URC   ( 2353): [SDK] [java.io.File] [Constructor] [FilePath][String] [/system/app/LiveWallpapers/LiveWallpapers.apk]
D/S4URC   ( 2353): [SDK] [java.io.File] [Constructor] [FilePath][String] [/system/app/Email/Email.apk]
D/S4URC   ( 2353): [SDK] [java.io.File] [Constructor] [FilePath][String] [/system/priv-app/TeleService/TeleService.apk]
