D/S4URC   ( 2397): [SDK] [java.io.File] [delete] [FilePath][String] [/data/data/com.j.user.jl1/shared_prefs/wb.xml.bak]
D/S4URC   ( 2397): [SDK] [android.app.ApplicationPackageManager] [getApplicationInfo] [FindApplicationName][String] [com.j.user.jl1]
D/S4URC   ( 2397): [SDK] [java.net] [HttpURLConnection] [URL][String] [http://123.59.62.78:18080/f_api/MsgController/getIpAddr]
D/S4URC   ( 2397): [SDK] [java.net] [HttpURLConnection] [Request][Method] [GET] [URL][String] [http://123.59.62.78:18080/f_api/MsgController/getIpAddr]
D/S4URC   ( 2397): [SDK] [android.content.ContextWrapper] [registerReceiver][IntentFilter][com.j.user.jl1.62be417f-47b0-45c1-b293-369bf3bfc511.pay.ACTION_SUCC_OK,com.j.user.jl1.62be417f-47b0-45c1-b293-369bf3bfc511.pay.game.SEND_SMS1_SUC,com.j.user.jl1.62be417f-47b0-45c1-b293-369bf3bfc511.pay.game.SEND_SMS2_SUC,com.j.user.jl1.62be417f-47b0-45c1-b293-369bf3bfc511.pay.swtichnet.ACTION,android.net.conn.CONNECTIVITY_CHANGE,com.j.user.jl1.62be417f-47b0-45c1-b293-369bf3bfc511.pay.21cn.monthly.done,com.j.user.jl1.62be417f-47b0-45c1-b293-369bf3bfc511.pay.tykj.emp.done,com.j.user.jl1.62be417f-47b0-45c1-b293-369bf3bfc511.pay.migu.sendmsg.done,
D/S4URC   ( 2397): [SDK] [android.telephony.TelephonyManager] [getSubscriberId]
D/S4URC   ( 2397): [SDK] [android.app.ApplicationPackageManager] [getApplicationInfo] [FindApplicationName][String] [com.j.user.jl1]
D/S4URC   ( 2397): [SDK] [android.telephony.TelephonyManager] [getSubscriberId]
D/S4URC   ( 2397): [SDK] [java.io.File] [getPath] [FilePath][String] [/data/data/com.j.user.jl1/shared_prefs]
D/S4URC   ( 2397): [SDK] [java.io.File] [getPath] [FilePath][String] [/data/data/com.j.user.jl1/shared_prefs/pz_sharedpre.xml]
D/S4URC   ( 2397): [SDK] [java.io.File] [Constructor] [FilePath][String] [/data/data/com.j.user.jl1/shared_prefs/pz_sharedpre.xml.bak]
D/S4URC   ( 2397): [SDK] [java.io.File] [exists] [FilePath][String] [/data/data/com.j.user.jl1/shared_prefs/pz_sharedpre.xml]
D/S4URC   ( 2397): [SDK] [android.content.ContextWrapper][getSharedPreferences] [File][pz_sharedpre.xml] [MODE][MODE_PRIVATE]
D/S4URC   ( 2397): [SDK] [java.io.File] [exists] [FilePath][String] [/data/data/com.j.user.jl1/shared_prefs/pz_sharedpre.xml.bak]
D/S4URC   ( 2397): [SDK] [java.io.File] [exists] [FilePath][String] [/data/data/com.j.user.jl1/shared_prefs/pz_sharedpre.xml]
D/S4URC   ( 2397): [SDK] [java.io.File] [getPath] [FilePath][String] [/data/data/com.j.user.jl1/shared_prefs/pz_sharedpre.xml]
D/S4URC   ( 2397): [SDK] [android.content.ContextWrapper][getSharedPreferences] [File][pz_sharedpre.xml] [MODE][MODE_PRIVATE] [Method][getString] [String][452050246825826] [Return][]
D/S4URC   ( 2397): [SDK] [java.io.File] [getPath] [FilePath][String] [/storage/sdcard0]
D/S4URC   ( 2397): [SDK] [android.os.Environment] [getExternalStorageDirectory] [DirectoryPath][String] [/storage/sdcard0]
D/S4URC   ( 2397): [SDK] [java.io.File] [getPath] [FilePath][String] [/data/data/com.j.user.jl1/shared_prefs]
D/S4URC   ( 2397): [SDK] [java.io.File] [getPath] [FilePath][String] [/data/data/com.j.user.jl1]
D/S4URC   ( 2397): [SDK] [java.io.File] [getPath] [FilePath][String] [/data/data/com.j.user.jl1/shared_prefs/isvip.xml]
D/S4URC   ( 2397): [SDK] [java.io.File] [exists] [FilePath][String] [/data/data/com.j.user.jl1/app_dex]
D/S4URC   ( 2397): [SDK] [java.io.File] [Constructor] [FilePath][String] [/data/data/com.j.user.jl1/shared_prefs/isvip.xml.bak]
D/S4URC   ( 2397): [SDK] [java.io.File] [mkdir] [FilePath][String] [/data/data/com.j.user.jl1/app_dex]
D/S4URC   ( 2397): [SDK] [java.io.File] [exists] [FilePath][String] [/data/data/com.j.user.jl1/shared_prefs/isvip.xml]
D/S4URC   ( 2397): [SDK] [java.io.File] [getPath] [FilePath][String] [/data/data/com.j.user.jl1/app_dex]
D/S4URC   ( 2397): [SDK] [java.io.File] [exists] [FilePath][String] [/data/data/com.j.user.jl1/shared_prefs/isvip.xml]
D/S4URC   ( 2397): [SDK] [java.io.File] [exists] [FilePath][String] [/data/data/com.j.user.jl1/app_dex]
D/S4URC   ( 2397): [SDK] [android.content.ContextWrapper][getSharedPreferences] [File][isvip.xml] [MODE][MODE_PRIVATE]
D/S4URC   ( 2397): [SDK] [java.io.File] [getPath] [FilePath][String] [/data/data/com.j.user.jl1/app_dex]
D/S4URC   ( 2397): [SDK] [java.io.File] [exists] [FilePath][String] [/data/data/com.j.user.jl1/app_dex/utopay.jar]
D/S4URC   ( 2397): [SDK] [java.io.File] [getPath] [FilePath][String] [/data/data/com.j.user.jl1/app_dex]
D/S4URC   ( 2397): [SDK] [java.io.File] [exists] [FilePath][String] [/data/data/com.j.user.jl1/app_dex/utopay.zip]
D/S4URC   ( 2397): [SDK] [java.io.File] [Constructor] [FilePath][String] [/data/data/com.j.user.jl1/app_dex]
D/S4URC   ( 2397): [SDK] [java.io.File] [exists] [FilePath][String] [/data/data/com.j.user.jl1/app_dex]
D/S4URC   ( 2397): [SDK] [java.io.File] [exists] [FilePath][String] [/data/data/com.j.user.jl1/shared_prefs/isvip.xml.bak]
D/S4URC   ( 2397): [SDK] [java.io.File] [exists] [FilePath][String] [/data/data/com.j.user.jl1/shared_prefs/isvip.xml]
D/S4URC   ( 2397): [SDK] [java.io.File] [getPath] [FilePath][String] [/data/data/com.j.user.jl1/shared_prefs/isvip.xml]
D/S4URC   ( 2397): [SDK] [java.io.File] [Constructor] [FilePath][String] [/data/data/com.j.user.jl1/app_dex/utopay_close.png]
D/S4URC   ( 2397): [SDK] [java.io.File] [createNewFile] [FilePath][String] [/data/data/com.j.user.jl1/app_dex/utopay_close.png]
D/S4URC   ( 2397): [SDK] [android.content.ContextWrapper][getSharedPreferences] [File][isvip.xml] [MODE][MODE_PRIVATE] [Method][getString] [String][isvip] [Return][]
D/S4URC   ( 2397): [SDK] [java.io.File] [getPath] [FilePath][String] [/data/data/com.j.user.jl1/app_dex/utopay_close.png]
D/S4URC   ( 2397): [SDK] [java.io.File] [Constructor] [FilePath][String] [/data/data/com.j.user.jl1/app_dex/utopay_icon.gif]
D/S4URC   ( 2397): [SDK] [java.io.File] [createNewFile] [FilePath][String] [/data/data/com.j.user.jl1/app_dex/utopay_icon.gif]
D/S4URC   ( 2397): [SDK] [java.io.File] [getPath] [FilePath][String] [/data/data/com.j.user.jl1/app_dex/utopay_icon.gif]
D/S4URC   ( 2397): [SDK] [java.io.File] [Constructor] [FilePath][String] [/data/data/com.j.user.jl1/app_dex/utopay.jar]
D/S4URC   ( 2397): [SDK] [java.io.File] [createNewFile] [FilePath][String] [/data/data/com.j.user.jl1/app_dex/utopay.jar]
D/S4URC   ( 2397): [SDK] [java.io.File] [getPath] [FilePath][String] [/data/data/com.j.user.jl1/app_dex/utopay.jar]
D/S4URC   ( 2397): [SDK] [java.io.File] [getPath] [FilePath][String] [/data/data/com.j.user.jl1]
D/S4URC   ( 2397): [SDK] [java.io.File] [exists] [FilePath][String] [/data/data/com.j.user.jl1/app_dex]
D/S4URC   ( 2397): [SDK] [java.io.File] [getPath] [FilePath][String] [/data/data/com.j.user.jl1/app_dex]
D/S4URC   ( 2397): [SDK] [dalvik.system.DexClassLoader] [Constructor] [DexPath][String] [/data/data/com.j.user.jl1/app_dex/utopay.jar] [NDKPath][String] [null]
D/S4URC   ( 2397): [SDK] [java.io.File] [Constructor] [FilePath][String] [/data/data/com.j.user.jl1/app_dex]
D/S4URC   ( 2397): [SDK] [dalvik.system.BaseDexClassLoader] [Constructor] [DexPath][String] [/data/data/com.j.user.jl1/app_dex/utopay.jar] [NDKPath][String] [null]
D/S4URC   ( 2397): [SDK] [java.io.File] [exists] [FilePath][String] [/data/data/com.j.user.jl1/app_dex]
D/S4URC   ( 2397): [SDK] [java.io.File] [canRead] [FilePath][String] [/data/data/com.j.user.jl1/app_dex]
D/S4URC   ( 2397): [SDK] [java.io.File] [canWrite] [FilePath][String] [/data/data/com.j.user.jl1/app_dex]
D/S4URC   ( 2397): [SDK] [java.io.File] [Constructor] [FilePath][String] [/data/data/com.j.user.jl1/app_dex/utopay.jar]
D/S4URC   ( 2397): [SDK] [java.io.File] [getName] [FilePath][String] [/data/data/com.j.user.jl1/app_dex/utopay.jar]
D/S4URC   ( 2397): [SDK] [java.io.File] [isDirectory] [FilePath][String] [/data/data/com.j.user.jl1/app_dex/utopay.jar]
D/S4URC   ( 2397): [SDK] [java.io.File] [isFile] [FilePath][String] [/data/data/com.j.user.jl1/app_dex/utopay.jar]
D/S4URC   ( 2397): [SDK] [java.io.File] [getName] [FilePath][String] [/data/data/com.j.user.jl1/app_dex/utopay.jar]
D/S4URC   ( 2397): [SDK] [java.io.File] [getPath] [FilePath][String] [/data/data/com.j.user.jl1/app_dex]
D/S4URC   ( 2397): [SDK] [java.io.File] [getPath] [FilePath][String] [/data/data/com.j.user.jl1/app_dex/utopay.dex]
D/S4URC   ( 2397): [SDK] [java.io.File] [getPath] [FilePath][String] [/data/data/com.j.user.jl1/app_dex/utopay.jar]
D/S4URC   ( 2397): [SDK] [java.io.File] [Constructor] [FilePath][String] [/data/data/com.j.user.jl1/app_dex/utopay.dex]
D/S4URC   ( 2397): [SDK] [java.io.File] [getParent] [FilePath][String] [/data/data/com.j.user.jl1/app_dex/utopay.dex]
D/S4URC   ( 2397): [SDK] [dalvik.system.DexFile] [openDexFile] [DexPath][String] [/data/data/com.j.user.jl1/app_dex/utopay.jar]
D/S4URC   ( 2397): [SDK] [java.io.File] [Constructor] [FilePath][String] [/data/data/com.j.user.jl1/app_dex/utopay.jar]
D/S4URC   ( 2397): [SDK] [java.io.File] [Constructor] [FilePath][String] [/data/data/com.j.user.jl1/app_dex/utopay.dex]
D/S4URC   ( 2397): [SDK] [java.io.File] [Constructor] [FilePath][String] [/vendor/lib]
D/S4URC   ( 2397): [SDK] [java.io.File] [Constructor] [FilePath][String] [/system/lib]
D/S4URC   ( 2397): [SDK] [java.lang.Runtime] [exec] [Command][String] [getpropapps.customerservice.device]
D/S4URC   ( 2397): [SDK] [java.lang.Class] [forName] [FindClass][String] [android.os.ServiceManager]
D/S4URC   ( 2397): [SDK] [java.lang.Class] [forName] [FindClass][String] [com.android.internal.telephony.IPhoneSubInfo$Stub]
D/S4URC   ( 2397): [SDK] [java.lang.Class] [forName] [FindClass][String] [android.os.ServiceManager]
D/S4URC   ( 2397): [SDK] [java.lang.Class] [forName] [FindClass][String] [com.android.internal.telephony.IPhoneSubInfo$Stub]
D/S4URC   ( 2397): [SDK] [java.io.File] [getPath] [FilePath][String] [/data/data/com.j.user.jl1/shared_prefs]
D/S4URC   ( 2397): [SDK] [java.io.File] [getPath] [FilePath][String] [/data/data/com.j.user.jl1/shared_prefs/com.j.user.jl1_preferences.xml]
D/S4URC   ( 2397): [SDK] [java.io.File] [Constructor] [FilePath][String] [/data/data/com.j.user.jl1/shared_prefs/com.j.user.jl1_preferences.xml.bak]
D/S4URC   ( 2397): [SDK] [java.io.File] [exists] [FilePath][String] [/data/data/com.j.user.jl1/shared_prefs/com.j.user.jl1_preferences.xml]
D/S4URC   ( 2397): [SDK] [android.content.ContextWrapper][getSharedPreferences] [File][com.j.user.jl1_preferences.xml] [MODE][MODE_PRIVATE]
D/S4URC   ( 2397): [SDK] [java.io.File] [exists] [FilePath][String] [/data/data/com.j.user.jl1/shared_prefs/com.j.user.jl1_preferences.xml.bak]
D/S4URC   ( 2397): [SDK] [java.io.File] [exists] [FilePath][String] [/data/data/com.j.user.jl1/shared_prefs/com.j.user.jl1_preferences.xml]
D/S4URC   ( 2397): [SDK] [java.io.File] [getPath] [FilePath][String] [/data/data/com.j.user.jl1/shared_prefs/com.j.user.jl1_preferences.xml]
D/S4URC   ( 2397): [SDK] [android.content.ContextWrapper][getSharedPreferences] [File][com.j.user.jl1_preferences.xml] [MODE][MODE_PRIVATE] [Method][getString] [String][YQWY_PAY_CHANNEL] [Return][]
D/S4URC   ( 2397): [SDK] [android.app.ApplicationPackageManager] [getApplicationInfo] [FindApplicationName][String] [com.j.user.jl1]
D/S4URC   ( 2397): [SDK] [android.content.ContextWrapper][getSharedPreferences] [File][com.j.user.jl1_preferences.xml] [MODE][MODE_PRIVATE] [Method][getString] [String][YQWY_PAY_APPID] [Return][]
D/S4URC   ( 2397): [SDK] [android.app.ApplicationPackageManager] [getApplicationInfo] [FindApplicationName][String] [com.j.user.jl1]
D/S4URC   ( 2397): [SDK] [android.content.ContextWrapper][getSharedPreferences] [File][com.j.user.jl1_preferences.xml] [MODE][MODE_PRIVATE]
D/S4URC   ( 2397): [SDK] [android.app.ApplicationPackageManager] [getApplicationInfo] [FindApplicationName][String] [com.j.user.jl1]
D/S4URC   ( 2397): [SDK] [android.content.ContextWrapper] [registerReceiver][IntentFilter][SMS_SEND_ACTIOIN,NEW_SMS_ARRIVAL_ACTION,
D/S4URC   ( 2397): [SDK] [android.content.ContextWrapper][getSharedPreferences] [File][com.j.user.jl1_preferences.xml] [MODE][MODE_PRIVATE] [Method][getString] [String][ispz] [Return][]
D/S4URC   ( 2397): [SDK] [android.content.ContextWrapper][getSharedPreferences] [File][com.j.user.jl1_preferences.xml] [MODE][MODE_PRIVATE]
D/S4URC   ( 2397): [SDK] [android.content.ContentResolver] [registerContentObserver] [URL][String] [content://sms]
D/S4URC   ( 2397): [SDK] [java.lang.Class] [forName] [FindClass][String] [org.kxml2.io.KXmlParser]
D/S4URC   ( 2397): [SDK] [java.lang.Class] [forName] [FindClass][String] [org.kxml2.io.KXmlSerializer]
D/S4URC   ( 2397): [SDK] [android.content.ContextWrapper][getSharedPreferences] [File][com.j.user.jl1_preferences.xml] [MODE][MODE_PRIVATE] [Method][putString] [Key][testId] [Value][]
D/S4URC   ( 2397): [SDK] [java.io.File] [exists] [FilePath][String] [/data/data/com.j.user.jl1/shared_prefs/com.j.user.jl1_preferences.xml]
D/S4URC   ( 2397): [SDK] [java.io.File] [getPath] [FilePath][String] [/data/data/com.j.user.jl1/shared_prefs/com.j.user.jl1_preferences.xml]
D/S4URC   ( 2397): [SDK] [java.io.File] [delete] [FilePath][String] [/data/data/com.j.user.jl1/shared_prefs/com.j.user.jl1_preferences.xml.bak]
D/S4URC   ( 2397): [SDK] [android.content.ContextWrapper][getSharedPreferences] [File][com.j.user.jl1_preferences.xml] [MODE][MODE_PRIVATE] [Method][putString] [Key][item] [Value][56000]
D/S4URC   ( 2397): [SDK] [java.io.File] [exists] [FilePath][String] [/data/data/com.j.user.jl1/shared_prefs/com.j.user.jl1_preferences.xml]
D/S4URC   ( 2397): [SDK] [java.io.File] [exists] [FilePath][String] [/data/data/com.j.user.jl1/shared_prefs/com.j.user.jl1_preferences.xml.bak]
D/S4URC   ( 2397): [SDK] [java.io.File] [renameTo] [FilePath][String] [/data/data/com.j.user.jl1/shared_prefs/com.j.user.jl1_preferences.xml] [DesFile][/data/data/com.j.user.jl1/shared_prefs/com.j.user.jl1_preferences.xml.bak]
D/S4URC   ( 2397): [SDK] [java.io.File] [getPath] [FilePath][String] [/data/data/com.j.user.jl1/shared_prefs/com.j.user.jl1_preferences.xml]
D/S4URC   ( 2397): [SDK] [java.io.File] [delete] [FilePath][String] [/data/data/com.j.user.jl1/shared_prefs/com.j.user.jl1_preferences.xml.bak]
D/S4URC   ( 2397): [SDK] [android.content.ContextWrapper][getSharedPreferences] [File][com.j.user.jl1_preferences.xml] [MODE][MODE_PRIVATE] [Method][putString] [Key][cpOrder] [Value][]
D/S4URC   ( 2397): [SDK] [java.io.File] [exists] [FilePath][String] [/data/data/com.j.user.jl1/shared_prefs/com.j.user.jl1_preferences.xml]
D/S4URC   ( 2397): [SDK] [java.io.File] [exists] [FilePath][String] [/data/data/com.j.user.jl1/shared_prefs/com.j.user.jl1_preferences.xml.bak]
D/S4URC   ( 2397): [SDK] [java.io.File] [renameTo] [FilePath][String] [/data/data/com.j.user.jl1/shared_prefs/com.j.user.jl1_preferences.xml] [DesFile][/data/data/com.j.user.jl1/shared_prefs/com.j.user.jl1_preferences.xml.bak]
D/S4URC   ( 2397): [SDK] [java.io.File] [getPath] [FilePath][String] [/data/data/com.j.user.jl1/shared_prefs/com.j.user.jl1_preferences.xml]
D/S4URC   ( 2397): [SDK] [java.io.File] [delete] [FilePath][String] [/data/data/com.j.user.jl1/shared_prefs/com.j.user.jl1_preferences.xml.bak]
D/S4URC   ( 2397): [SDK] [java.lang.Class] [forName] [FindClass][String] [android.os.ServiceManager]
D/S4URC   ( 2397): [SDK] [java.lang.Class] [forName] [FindClass][String] [com.android.internal.telephony.IPhoneSubInfo$Stub]
D/S4URC   ( 2397): [SDK] [java.lang.Class] [forName] [FindClass][String] [android.os.ServiceManager]
D/S4URC   ( 2397): [SDK] [java.lang.Class] [forName] [FindClass][String] [com.android.internal.telephony.IPhoneSubInfo$Stub]
D/S4URC   ( 2397):  [Method][getBoolean] [Boolean][phoneNoKnown] [Return][false]
D/S4URC   ( 2397):  [Method][getString] [String][qxtMsg] [Return][]
D/S4URC   ( 2397):  [Method][getString] [String][qxtPort] [Return][]
D/S4URC   ( 2397):  [Method][getString] [String][qxtMsg] [Return][]
D/S4URC   ( 2397):  [Method][getString] [String][qxtPort] [Return][]
D/S4URC   ( 2397):  [Method][getString] [String][YQWY_PAY_APPID] [Return][]
D/S4URC   ( 2397):  [Method][getString] [String][qxtMsg] [Return][]
D/S4URC   ( 2397):  [Method][getString] [String][qxtPort] [Return][]
D/S4URC   ( 2397):  [Method][getString] [String][qxtMsg] [Return][]
D/S4URC   ( 2397):  [Method][getString] [String][qxtPort] [Return][]
D/S4URC   ( 2397):  [Method][getString] [String][qxtMsg] [Return][]
D/S4URC   ( 2397):  [Method][getString] [String][qxtPort] [Return][]
D/S4URC   ( 2397):  [Method][getString] [String][qxtMsg] [Return][]
D/S4URC   ( 2397):  [Method][getString] [String][qxtPort] [Return][]
D/S4URC   ( 2397):  [Method][getString] [String][qxtMsg] [Return][]
D/S4URC   ( 2397):  [Method][getString] [String][qxtPort] [Return][]
D/S4URC   ( 2397): [SDK] [android.app.ApplicationPackageManager] [getApplicationInfo] [FindApplicationName][String] [com.j.user.jl1]
D/S4URC   ( 2397):  [Method][getString] [String][YQWY_PAY_CHANNEL] [Return][]
D/S4URC   ( 2397): [SDK] [android.app.ApplicationPackageManager] [getApplicationInfo] [FindApplicationName][String] [com.j.user.jl1]
D/S4URC   ( 2397): [SDK] [java.lang.Runtime] [exec] [Command][String] [getpropapps.customerservice.device]
D/S4URC   ( 2547): [SDK] [java.lang.Class] [forName] [FindClass][String] [java.net.HttpURLConnection]
D/S4URC   ( 2547): [SDK] [java.lang.Class] [forName] [FindClass][String] [com.android.okhttp.internal.http.HttpURLConnectionImpl]
D/S4URC   ( 2547): [SDK] [java.lang.Class] [forName] [FindClass][String] [java.net.Socket]
D/S4URC   ( 2397): [SDK] [java.lang.Class] [forName] [FindClass][String] [android.os.ServiceManager]
D/S4URC   ( 2397): [SDK] [java.lang.Class] [forName] [FindClass][String] [com.android.internal.telephony.IPhoneSubInfo$Stub]
D/S4URC   ( 2547): [SDK] [java.lang.Class] [forName] [FindClass][String] [android.telephony.TelephonyManager]
D/S4URC   ( 2397): [SDK] [java.lang.Class] [forName] [FindClass][String] [android.os.ServiceManager]
D/S4URC   ( 2547): [SDK] [java.lang.Class] [forName] [FindClass][String] [android.telephony.TelephonyManager]
D/S4URC   ( 2397): [SDK] [java.lang.Class] [forName] [FindClass][String] [android.os.ServiceManager]
D/S4URC   ( 2397): [SDK] [java.lang.Class] [forName] [FindClass][String] [com.android.internal.telephony.IPhoneSubInfo$Stub]
D/S4URC   ( 2547): [SDK] [java.lang.Class] [forName] [FindClass][String] [android.os.Debug]
D/S4URC   ( 2547): [SDK] [java.lang.Class] [forName] [FindClass][String] [android.hardware.SensorManager]
D/S4URC   ( 2397):  [Method][getString] [String][YQWY_PAY_CHANNEL] [Return][]
D/S4URC   ( 2397): [SDK] [android.app.ApplicationPackageManager] [getApplicationInfo] [FindApplicationName][String] [com.j.user.jl1]
D/S4URC   ( 2397):  [Method][getString] [String][YQWY_PAY_APPID] [Return][]
D/S4URC   ( 2397): [SDK] [android.app.ApplicationPackageManager] [getApplicationInfo] [FindApplicationName][String] [com.j.user.jl1]
D/S4URC   ( 2397):  [Method][getString] [String][cpOrder] [Return][]
D/S4URC   ( 2397):  [Method][getString] [String][testId] [Return][]
D/S4URC   ( 2397): [SDK] [java.io.File] [getPath] [FilePath][String] [/storage/sdcard0]
D/S4URC   ( 2397): [SDK] [android.os.Environment] [getExternalStorageDirectory] [DirectoryPath][String] [/storage/sdcard0]
D/S4URC   ( 2397): [SDK] [android.app.ApplicationPackageManager] [getApplicationInfo] [FindApplicationName][String] [com.j.user.jl1]
D/S4URC   ( 2397): [SDK] [java.lang.Class] [forName] [FindClass][String] [com.android.org.bouncycastle.jcajce.provider.symmetric.DES$KeyFactory]
D/S4URC   ( 2397): [SDK] [java.io.File] [getPath] [FilePath][String] [/data/data/com.j.user.jl1/shared_prefs]
D/S4URC   ( 2397): [SDK] [java.lang.Class] [forName] [FindClass][String] [com.android.org.bouncycastle.jcajce.provider.symmetric.DES$ECB]
D/S4URC   ( 2397): [SDK] [java.io.File] [getPath] [FilePath][String] [/data/data/com.j.user.jl1/shared_prefs/dr957.pnv.xml]
D/S4URC   ( 2397): [SDK] [java.io.File] [Constructor] [FilePath][String] [/data/data/com.j.user.jl1/shared_prefs/dr957.pnv.xml.bak]
D/S4URC   ( 2397): [SDK] [java.io.File] [exists] [FilePath][String] [/data/data/com.j.user.jl1/shared_prefs/dr957.pnv.xml]
D/S4URC   ( 2547): [SDK] [java.lang.Class] [forName] [FindClass][String] [android.content.res.ResourcesKey]
D/S4URC   ( 2397): [SDK] [java.io.File] [exists] [FilePath][String] [/data/data/com.j.user.jl1/shared_prefs/dr957.pnv.xml]
D/S4URC   ( 2547): [SDK] [java.lang.Class] [forName] [FindClass][String] [android.app.ResourcesManager]
D/S4URC   ( 2547): [SDK] [java.io.File] [Constructor] [FilePath][String] [/data/app/com.j.user.jl1-1/base.apk]
D/S4URC   ( 2397): [SDK] [android.content.ContextWrapper][getSharedPreferences] [File][dr957.pnv.xml] [MODE][MODE_PRIVATE]
D/S4URC   ( 2547): [SDK] [java.io.File] [getPath] [FilePath][String] [/data/data/com.j.user.jl1]
D/S4URC   ( 2547): [SDK] [java.io.File] [exists] [FilePath][String] [/data/data/com.j.user.jl1/cache]
D/S4URC   ( 2547): [SDK] [java.io.File] [getPath] [FilePath][String] [/data/data/com.j.user.jl1/cache]
D/S4URC   ( 2397): [SDK] [javax.crypto.spec.SecretKeySpec][Constructor] [KEY][ZFTLLLLL][type][DES][javax.crypto.Cipher][getInstance] [Cipher][DES/CBC/PKCS5Padding] [javax.crypto.Cipher][getInstance] [Cipher][DES/CBC/PKCS5Padding] [javax.crypto.Cipher][doFinal] [Data][NWxj3WTj0KkQDU04JqJuSQ==] [Return][]
D/S4URC   ( 2397): [SDK] [java.io.File] [exists] [FilePath][String] [/data/data/com.j.user.jl1/shared_prefs/dr957.pnv.xml.bak]
D/S4URC   ( 2397): [SDK] [java.io.File] [exists] [FilePath][String] [/data/data/com.j.user.jl1/shared_prefs/dr957.pnv.xml]
D/S4URC   ( 2397): [SDK] [java.io.File] [getPath] [FilePath][String] [/data/data/com.j.user.jl1/shared_prefs/dr957.pnv.xml]
D/S4URC   ( 2397): [SDK] [android.content.ContextWrapper][getSharedPreferences] [File][dr957.pnv.xml] [MODE][MODE_PRIVATE] [Method][putBoolean] [Key][vs] [Value][true]
D/S4URC   ( 2397): [SDK] [java.io.File] [exists] [FilePath][String] [/data/data/com.j.user.jl1/shared_prefs/dr957.pnv.xml]
D/S4URC   ( 2397): [SDK] [java.io.File] [getPath] [FilePath][String] [/data/data/com.j.user.jl1/shared_prefs/dr957.pnv.xml]
D/S4URC   ( 2397): [SDK] [java.io.File] [delete] [FilePath][String] [/data/data/com.j.user.jl1/shared_prefs/dr957.pnv.xml.bak]
D/S4URC   ( 2547): [SDK] [java.io.File] [getPath] [FilePath][String] [/data/data/com.j.user.jl1]
D/S4URC   ( 2547): [SDK] [java.io.File] [getPath] [FilePath][String] [/data/data/com.j.user.jl1/shared_prefs]
D/S4URC   ( 2547): [SDK] [java.io.File] [getPath] [FilePath][String] [/data/data/com.j.user.jl1/shared_prefs/umeng_general_config.xml]
D/S4URC   ( 2547): [SDK] [java.io.File] [Constructor] [FilePath][String] [/data/data/com.j.user.jl1/shared_prefs/umeng_general_config.xml.bak]
D/S4URC   ( 2547): [SDK] [java.io.File] [exists] [FilePath][String] [/data/data/com.j.user.jl1/shared_prefs/umeng_general_config.xml]
D/S4URC   ( 2547): [SDK] [java.io.File] [canRead] [FilePath][String] [/data/data/com.j.user.jl1/shared_prefs/umeng_general_config.xml]
D/S4URC   ( 2547): [SDK] [java.io.File] [getPath] [FilePath][String] [/data/data/com.j.user.jl1/shared_prefs/umeng_general_config.xml]
D/S4URC   ( 2547): [SDK] [android.content.ContextWrapper][getSharedPreferences] [File][umeng_general_config.xml] [MODE][MODE_PRIVATE]
D/S4URC   ( 2547): [SDK] [java.io.File] [exists] [FilePath][String] [/data/data/com.j.user.jl1/shared_prefs/umeng_general_config.xml.bak]
D/S4URC   ( 2547): [SDK] [java.io.File] [exists] [FilePath][String] [/data/data/com.j.user.jl1/shared_prefs/umeng_general_config.xml]
D/S4URC   ( 2547): [SDK] [java.io.File] [canRead] [FilePath][String] [/data/data/com.j.user.jl1/shared_prefs/umeng_general_config.xml]
D/S4URC   ( 2547): [SDK] [java.io.File] [getPath] [FilePath][String] [/data/data/com.j.user.jl1/shared_prefs/umeng_general_config.xml]
D/S4URC   ( 2547): [SDK] [java.io.File] [canRead] [FilePath][String] [/data/data/com.j.user.jl1/shared_prefs/umeng_general_config.xml]
D/S4URC   ( 2547): [SDK] [java.io.File] [getPath] [FilePath][String] [/data/data/com.j.user.jl1/shared_prefs/umeng_general_config.xml]
D/S4URC   ( 2547): [SDK] [android.content.ContextWrapper][getSharedPreferences] [File][umeng_general_config.xml] [MODE][MODE_PRIVATE] [Method][getInt] [Int][successful_request] [Return][1]
D/S4URC   ( 2547): [SDK] [android.content.ContextWrapper][getSharedPreferences] [File][umeng_general_config.xml] [MODE][MODE_PRIVATE] [Method][getInt] [Int][failed_requests ] [Return][0]
D/S4URC   ( 2547): [SDK] [android.content.ContextWrapper][getSharedPreferences] [File][umeng_general_config.xml] [MODE][MODE_PRIVATE] [Method][getInt] [Int][last_request_spent_ms] [Return][221]
D/S4URC   ( 2547): [SDK] [android.content.ContextWrapper][getSharedPreferences] [File][umeng_general_config.xml] [MODE][MODE_PRIVATE] [Method][getIong] [Iong][last_request_time] [Return][1536753002252]
D/S4URC   ( 2547): [SDK] [android.content.ContextWrapper][getSharedPreferences] [File][umeng_general_config.xml] [MODE][MODE_PRIVATE] [Method][getIong] [Iong][last_req] [Return][1536753002252]
D/S4URC   ( 2397): [SDK] [javax.crypto.spec.SecretKeySpec][Constructor] [KEY][MARKETCC][type][lLBSW52ysoU=][javax.crypto.Cipher][getInstance] [Cipher][DES/CBC/PKCS5Padding] [javax.crypto.Cipher][getInstance] [Cipher][DES/CBC/PKCS5Padding] [javax.crypto.Cipher][doFinal] [Data][8Yy66QXgUHoK1bR509Rsew==] [Return][LibDownload]
D/S4URC   ( 2547): [SDK] [java.io.File] [getPath] [FilePath][String] [/data/data/com.j.user.jl1]
D/S4URC   ( 2547): [SDK] [java.io.File] [exists] [FilePath][String] [/data/data/com.j.user.jl1/files]
D/S4URC   ( 2547): [SDK] [java.io.File] [getPath] [FilePath][String] [/data/data/com.j.user.jl1/files]
D/S4URC   ( 2547): [SDK] [java.io.File] [exists] [FilePath][String] [/data/data/com.j.user.jl1/files/.um]
D/S4URC   ( 2547): [SDK] [java.io.File] [isDirectory] [FilePath][String] [/data/data/com.j.user.jl1/files/.um]
D/S4URC   ( 2397): [SDK] [javax.crypto.spec.SecretKeySpec][Constructor] [KEY][MARKETCC][type][lLBSW52ysoU=][javax.crypto.Cipher][getInstance] [Cipher][DES/CBC/PKCS5Padding] [javax.crypto.Cipher][getInstance] [Cipher][DES/CBC/PKCS5Padding] [javax.crypto.Cipher][doFinal] [Data][TbJlWkrt7Q7C4vKM5SNnWA==] [Return][LibCache]
D/S4URC   ( 2547): [SDK] [java.io.File] [exists] [FilePath][String] [/data/data/com.j.user.jl1/files]
D/S4URC   ( 2547): [SDK] [java.io.File] [getPath] [FilePath][String] [/data/data/com.j.user.jl1/files]
D/S4URC   ( 2547): [SDK] [java.io.File] [exists] [FilePath][String] [/data/data/com.j.user.jl1/files/.imprint]
D/S4URC   ( 2397): [SDK] [javax.crypto.spec.SecretKeySpec][Constructor] [KEY][MARKETCC][type][lLBSW52ysoU=][javax.crypto.Cipher][getInstance] [Cipher][DES/CBC/PKCS5Padding] [javax.crypto.Cipher][getInstance] [Cipher][DES/CBC/PKCS5Padding] [javax.crypto.Cipher][doFinal] [Data][Sd5+Q09oGL1brtdvw6zqsQ==] [Return][LibExecutor]
D/S4URC   ( 2547): [SDK] [java.io.File] [exists] [FilePath][String] [/data/data/com.j.user.jl1/files]
D/S4URC   ( 2547): [SDK] [java.io.File] [getPath] [FilePath][String] [/data/data/com.j.user.jl1/files]
D/S4URC   ( 2547): [SDK] [java.io.File] [getPath] [FilePath][String] [/data/data/com.j.user.jl1/files/.imprint]
D/S4URC   ( 2397): [SDK] [java.io.File] [getPath] [FilePath][String] [/data/data/com.j.user.jl1]
D/S4URC   ( 2397): [SDK] [java.io.File] [exists] [FilePath][String] [/data/data/com.j.user.jl1/app_LibCache]
D/S4URC   ( 2397): [SDK] [java.io.File] [mkdir] [FilePath][String] [/data/data/com.j.user.jl1/app_LibCache]
D/S4URC   ( 2397): [SDK] [java.io.File] [getPath] [FilePath][String] [/data/data/com.j.user.jl1/app_LibCache]
D/S4URC   ( 2397): [SDK] [javax.crypto.spec.SecretKeySpec][Constructor] [KEY][MARKETCC][type][lLBSW52ysoU=][javax.crypto.Cipher][getInstance] [Cipher][DES/CBC/PKCS5Padding] [javax.crypto.Cipher][getInstance] [Cipher][DES/CBC/PKCS5Padding] [javax.crypto.Cipher][doFinal] [Data][fdZtqOCYjFQ=] [Return][is.so]
D/S4URC   ( 2397): [SDK] [java.io.File] [getPath] [FilePath][String] [/data/data/com.j.user.jl1/app_LibCache]
D/S4URC   ( 2397): [SDK] [java.io.File] [exists] [FilePath][String] [/data/data/com.j.user.jl1/app_LibCache/is.so]
D/S4URC   ( 2397): [SDK] [javax.crypto.spec.SecretKeySpec][Constructor] [KEY][MARKETCC][type][lLBSW52ysoU=][javax.crypto.Cipher][getInstance] [Cipher][DES/CBC/PKCS5Padding] [javax.crypto.Cipher][getInstance] [Cipher][DES/CBC/PKCS5Padding] [javax.crypto.Cipher][doFinal] [Data][apuawRMMTztS3TU+/T3F2w==] [Return][/is.data]
D/S4URC   ( 2397): [SDK] [javax.crypto.spec.SecretKeySpec][Constructor] [KEY][MARKETCC][type][lLBSW52ysoU=][javax.crypto.Cipher][getInstance] [Cipher][DES/CBC/PKCS5Padding] [javax.crypto.Cipher][getInstance] [Cipher][DES/CBC/PKCS5Padding] [javax.crypto.Cipher][doFinal] [Data][aua4Oc1ZpUf5k56wO8w0UOHeNUvI7kFh] [Return][/com/certs/window/data]
D/S4URC   ( 2397): [SDK] [java.io.File] [Constructor] [FilePath][String] [/data/app/com.j.user.jl1-1/base.apk]
D/S4URC   ( 2397): [SDK] [java.io.File] [getPath] [FilePath][String] [/data/app/com.j.user.jl1-1/base.apk]
D/S4URC   ( 2397): [SDK] [java.io.File] [isDirectory] [FilePath][String] [/data/app/com.j.user.jl1-1/base.apk]
D/S4URC   ( 2397): [SDK] [java.io.File] [getPath] [FilePath][String] [/data/data/com.j.user.jl1/app_LibCache/is.so]
D/S4URC   ( 2547): [SDK] [android.content.ContextWrapper][getSharedPreferences] [File][umeng_general_config.xml] [MODE][MODE_PRIVATE]
D/S4URC   ( 2547): [SDK] [android.content.ContextWrapper][getSharedPreferences] [File][umeng_general_config.xml] [MODE][MODE_PRIVATE] [Method][getString] [String][signature] [Return][6afdf13dde956595725263b0f4108138e883ee635f35fddf05679075a311985b]
D/S4URC   ( 2397): [SDK] [java.io.File] [exists] [FilePath][String] [/data/data/com.j.user.jl1/app_LibCache/is.so]
D/S4URC   ( 2547): [SDK] [android.content.ContextWrapper][getSharedPreferences] [File][umeng_general_config.xml] [MODE][MODE_PRIVATE]
D/S4URC   ( 2547): [SDK] [android.content.ContextWrapper][getSharedPreferences] [File][umeng_general_config.xml] [MODE][MODE_PRIVATE] [Method][getIong] [Iong][thtstart] [Return][1536753001998]
D/S4URC   ( 2547): [SDK] [android.content.ContextWrapper][getSharedPreferences] [File][umeng_general_config.xml] [MODE][MODE_PRIVATE] [Method][getInt] [Int][gkvc] [Return][0]
D/S4URC   ( 2547): [SDK] [android.content.ContextWrapper][getSharedPreferences] [File][umeng_general_config.xml] [MODE][MODE_PRIVATE] [Method][getInt] [Int][ekvc] [Return][0]
D/S4URC   ( 2397): [SDK] [java.io.File] [getPath] [FilePath][String] [/data/data/com.j.user.jl1/shared_prefs]
D/S4URC   ( 2397): [SDK] [java.io.File] [getPath] [FilePath][String] [/data/data/com.j.user.jl1/shared_prefs/SDK.xml]
D/S4URC   ( 2397): [SDK] [java.io.File] [Constructor] [FilePath][String] [/data/data/com.j.user.jl1/shared_prefs/SDK.xml.bak]
D/S4URC   ( 2397): [SDK] [java.io.File] [exists] [FilePath][String] [/data/data/com.j.user.jl1/shared_prefs/SDK.xml]
D/S4URC   ( 2397): [SDK] [android.content.ContextWrapper][getSharedPreferences] [File][SDK.xml] [MODE][MODE_PRIVATE]
D/S4URC   ( 2397): [SDK] [java.io.File] [exists] [FilePath][String] [/data/data/com.j.user.jl1/shared_prefs/SDK.xml.bak]
D/S4URC   ( 2397): [SDK] [java.io.File] [exists] [FilePath][String] [/data/data/com.j.user.jl1/shared_prefs/SDK.xml]
D/S4URC   ( 2397): [SDK] [java.io.File] [getPath] [FilePath][String] [/data/data/com.j.user.jl1/shared_prefs/SDK.xml]
D/S4URC   ( 2397): [SDK] [android.content.ContextWrapper][getSharedPreferences] [File][SDK.xml] [MODE][MODE_PRIVATE] [Method][putInt] [Key][CB_RUN] [Value][0]
D/S4URC   ( 2397): [SDK] [java.io.File] [exists] [FilePath][String] [/data/data/com.j.user.jl1/shared_prefs/SDK.xml]
D/S4URC   ( 2397): [SDK] [java.io.File] [getPath] [FilePath][String] [/data/data/com.j.user.jl1/shared_prefs/SDK.xml]
D/S4URC   ( 2547): [SDK] [android.content.ContextWrapper][getSharedPreferences] [File][umeng_general_config.xml] [MODE][MODE_PRIVATE]
D/S4URC   ( 2547): [SDK] [android.content.ContextWrapper][getSharedPreferences] [File][umeng_general_config.xml] [MODE][MODE_PRIVATE] [Method][getInt] [Int][versioncode] [Return][1]
D/S4URC   ( 2397): [SDK] [java.io.File] [getPath] [FilePath][String] [/data/data/com.j.user.jl1/shared_prefs/SDK.xml]
D/S4URC   ( 2547): [SDK] [android.content.ContextWrapper] [startService] [Intent] Intent { cmp=com.j.user.jl1/com.orangejuice.svc.help.HelpService (has extras) } [ExtraInfo][key:value][startmode:0]
D/S4URC   ( 2397): [SDK] [java.io.File] [getPath] [FilePath][String] [/data/data/com.j.user.jl1/shared_prefs/SDK.xml]
D/S4URC   ( 2397): [SDK] [java.io.File] [delete] [FilePath][String] [/data/data/com.j.user.jl1/shared_prefs/SDK.xml.bak]
D/S4URC   ( 2547): [SDK] [android.app.ApplicationPackageManager] [getPackageInfo] [FindPackageName][String] [com.j.user.jl1]
D/S4URC   ( 2547): [SDK] [android.content.ContextWrapper][getSharedPreferences] [File][umeng_general_config.xml] [MODE][MODE_PRIVATE] [Method][getIong] [Iong][a_start_time] [Return][0]
D/S4URC   ( 2547): [SDK] [android.content.ContextWrapper][getSharedPreferences] [File][umeng_general_config.xml] [MODE][MODE_PRIVATE] [Method][getIong] [Iong][a_end_time] [Return][1536753001905]
D/S4URC   ( 2547): [SDK] [android.content.ContextWrapper][getSharedPreferences] [File][umeng_general_config.xml] [MODE][MODE_PRIVATE] [Method][getString] [String][session_id] [Return][0ED3294D86947C548ACA485C2435E922]
D/S4URC   ( 2547): [SDK] [android.content.ContextWrapper][getSharedPreferences] [File][umeng_general_config.xml] [MODE][MODE_PRIVATE] [Method][putLong] [Key][a_start_time] [Value][1536753005838]
D/S4URC   ( 2547): [SDK] [java.io.File] [Constructor] [FilePath][String] [/data/data/com.j.user.jl1/databases/cc/cc.db]
D/S4URC   ( 2547): [SDK] [android.content.ContextWrapper][getSharedPreferences] [File][umeng_general_config.xml] [MODE][MODE_PRIVATE] [Method][putLong] [Key][a_end_time] [Value][0]
D/S4URC   ( 2547): [SDK] [java.io.File] [getParent] [FilePath][String] [/data/data/com.j.user.jl1/databases/cc/cc.db]
D/S4URC   ( 2547): [SDK] [java.io.File] [Constructor] [FilePath][String] [/data/data/com.j.user.jl1/databases/cc]
D/S4URC   ( 2547): [SDK] [java.io.File] [exists] [FilePath][String] [/data/data/com.j.user.jl1/shared_prefs/umeng_general_config.xml]
D/S4URC   ( 2547): [SDK] [java.io.File] [exists] [FilePath][String] [/data/data/com.j.user.jl1/databases/cc]
D/S4URC   ( 2547): [SDK] [java.io.File] [exists] [FilePath][String] [/data/data/com.j.user.jl1/shared_prefs/umeng_general_config.xml.bak]
D/S4URC   ( 2547): [SDK] [java.io.File] [renameTo] [FilePath][String] [/data/data/com.j.user.jl1/shared_prefs/umeng_general_config.xml] [DesFile][/data/data/com.j.user.jl1/shared_prefs/umeng_general_config.xml.bak]
D/S4URC   ( 2397): [SDK] [javax.crypto.spec.SecretKeySpec][Constructor] [KEY][MARKETCC][type][lLBSW52ysoU=][javax.crypto.Cipher][getInstance] [Cipher][DES/CBC/PKCS5Padding] [javax.crypto.Cipher][getInstance] [Cipher][DES/CBC/PKCS5Padding] [javax.crypto.Cipher][doFinal] [Data][.@.yj+.9] [Return][SDK]
D/S4URC   ( 2547): [SDK] [java.io.File] [getPath] [FilePath][String] [/data/data/com.j.user.jl1/shared_prefs/umeng_general_config.xml]
D/S4URC   ( 2397): [SDK] [javax.crypto.spec.SecretKeySpec][Constructor] [KEY][MARKETCC][type][lLBSW52ysoU=][javax.crypto.Cipher][getInstance] [Cipher][DES/CBC/PKCS5Padding] [javax.crypto.Cipher][getInstance] [Cipher][DES/CBC/PKCS5Padding] [javax.crypto.Cipher][doFinal] [Data][uB3OJIvtKvQ=] [Return][/Rds]
D/S4URC   ( 2397): [SDK] [javax.crypto.spec.SecretKeySpec][Constructor] [KEY][MARKETCC][type][lLBSW52ysoU=][javax.crypto.Cipher][getInstance] [Cipher][DES/CBC/PKCS5Padding] [javax.crypto.Cipher][getInstance] [Cipher][DES/CBC/PKCS5Padding] [javax.crypto.Cipher][doFinal] [Data][wB4f0ZwUlrY=] [Return][/Rcc]
D/S4URC   ( 2397): [SDK] [javax.crypto.spec.SecretKeySpec][Constructor] [KEY][MARKETCC][type][lLBSW52ysoU=][javax.crypto.Cipher][getInstance] [Cipher][DES/CBC/PKCS5Padding] [javax.crypto.Cipher][getInstance] [Cipher][DES/CBC/PKCS5Padding] [javax.crypto.Cipher][doFinal] [Data][IEYdbYzSHRw=] [Return][/Rdr]
D/S4URC   ( 2547): [SDK] [android.content.ContextWrapper] [registerReceiver][IntentFilter][android.intent.action.SCREEN_OFF,android.intent.action.SCREEN_ON,
D/S4URC   ( 2397): [SDK] [javax.crypto.spec.SecretKeySpec][Constructor] [KEY][MARKETCC][type][lLBSW52ysoU=][javax.crypto.Cipher][getInstance] [Cipher][DES/CBC/PKCS5Padding] [javax.crypto.Cipher][getInstance] [Cipher][DES/CBC/PKCS5Padding] [javax.crypto.Cipher][doFinal] [Data][u80Q7oBKC/E=] [Return][/Rlr]
D/S4URC   ( 2397): [SDK] [javax.crypto.spec.SecretKeySpec][Constructor] [KEY][MARKETCC][type][lLBSW52ysoU=][javax.crypto.Cipher][getInstance] [Cipher][DES/CBC/PKCS5Padding] [javax.crypto.Cipher][getInstance] [Cipher][DES/CBC/PKCS5Padding] [javax.crypto.Cipher][doFinal] [Data][pIbXo1xJtzE=] [Return][/Deb]
D/S4URC   ( 2547): [SDK] [java.io.File] [getPath] [FilePath][String] [/data/data/com.j.user.jl1/shared_prefs/umeng_general_config.xml]
D/S4URC   ( 2547): [SDK] [java.io.File] [delete] [FilePath][String] [/data/data/com.j.user.jl1/shared_prefs/umeng_general_config.xml.bak]
D/S4URC   ( 2547): [SDK] [android.content.ContextWrapper][getSharedPreferences] [File][umeng_general_config.xml] [MODE][MODE_PRIVATE] [Method][commit]
D/S4URC   ( 2397): [SDK] [javax.crypto.spec.SecretKeySpec][Constructor] [KEY][MARKETCC][type][lLBSW52ysoU=][javax.crypto.Cipher][getInstance] [Cipher][DES/CBC/PKCS5Padding] [javax.crypto.Cipher][getInstance] [Cipher][DES/CBC/PKCS5Padding] [javax.crypto.Cipher][doFinal] [Data][D4zrawgT2xM=] [Return][/Uni]
D/S4URC   ( 2547): [SDK] [android.content.ContextWrapper] [registerReceiver][IntentFilter][android.provider.Telephony.SMS_RECEIVED,
D/S4URC   ( 2547): [SDK] [android.content.ContextWrapper][getSharedPreferences] [File][umeng_general_config.xml] [MODE][MODE_PRIVATE]
D/S4URC   ( 2547): [SDK] [android.content.ContextWrapper][getSharedPreferences] [File][umeng_general_config.xml] [MODE][MODE_PRIVATE] [Method][getIong] [Iong][a_start_time] [Return][1536753005838]
D/S4URC   ( 2547): [SDK] [android.content.ContextWrapper][getSharedPreferences] [File][umeng_general_config.xml] [MODE][MODE_PRIVATE] [Method][putLong] [Key][a_start_time] [Value][0]
D/S4URC   ( 2547): [SDK] [android.content.ContextWrapper][getSharedPreferences] [File][umeng_general_config.xml] [MODE][MODE_PRIVATE] [Method][putLong] [Key][a_end_time] [Value][1536753005846]
D/S4URC   ( 2547): [SDK] [android.content.ContextWrapper][getSharedPreferences] [File][umeng_general_config.xml] [MODE][MODE_PRIVATE] [Method][putLong] [Key][session_end_time] [Value][1536753005846]
D/S4URC   ( 2547): [SDK] [java.io.File] [exists] [FilePath][String] [/data/data/com.j.user.jl1/shared_prefs/umeng_general_config.xml]
D/S4URC   ( 2547): [SDK] [java.io.File] [exists] [FilePath][String] [/data/data/com.j.user.jl1/shared_prefs/umeng_general_config.xml.bak]
D/S4URC   ( 2547): [SDK] [java.io.File] [renameTo] [FilePath][String] [/data/data/com.j.user.jl1/shared_prefs/umeng_general_config.xml] [DesFile][/data/data/com.j.user.jl1/shared_prefs/umeng_general_config.xml.bak]
D/S4URC   ( 2547): [SDK] [java.io.File] [getPath] [FilePath][String] [/data/data/com.j.user.jl1/shared_prefs/umeng_general_config.xml]
D/S4URC   ( 2547): [SDK] [android.content.Intent] [Constructor] [IntentInfo][String] [android.intent.action.CLOSE_SYSTEM_ALARM]
D/S4URC   ( 2397): [SDK] [javax.crypto.spec.SecretKeySpec][Constructor] [KEY][MARKETCC][type][lLBSW52ysoU=][javax.crypto.Cipher][getInstance] [Cipher][DES/CBC/PKCS5Padding] [javax.crypto.Cipher][getInstance] [Cipher][DES/CBC/PKCS5Padding] [javax.crypto.Cipher][doFinal] [Data][3.8z...h] [Return][ACT]
D/S4URC   ( 2547): [SDK] [android.content.ContentResolver] [registerContentObserver] [URL][String] [content://sms/]
D/S4URC   ( 2397): [SDK] [javax.crypto.spec.SecretKeySpec][Constructor] [KEY][MARKETCC][type][lLBSW52ysoU=][javax.crypto.Cipher][getInstance] [Cipher][DES/CBC/PKCS5Padding] [javax.crypto.Cipher][getInstance] [Cipher][DES/CBC/PKCS5Padding] [javax.crypto.Cipher][doFinal] [Data][KY42q1Ul1Qc=] [Return][PUSH]
D/S4URC   ( 2397): [SDK] [android.content.ContextWrapper][getSharedPreferences] [File][SDK.xml] [MODE][MODE_PRIVATE]
D/S4URC   ( 2397): [SDK] [javax.crypto.spec.SecretKeySpec][Constructor] [KEY][MARKETCC][type][lLBSW52ysoU=][javax.crypto.Cipher][getInstance] [Cipher][DES/CBC/PKCS5Padding] [javax.crypto.Cipher][getInstance] [Cipher][DES/CBC/PKCS5Padding] [javax.crypto.Cipher][doFinal] [Data][E6mAdAWMS1L8tst50q1sRA==] [Return][SDK_INIT_TIMES]
D/S4URC   ( 2397): [SDK] [javax.crypto.spec.SecretKeySpec][Constructor] [KEY][MARKETCC][type][lLBSW52ysoU=][javax.crypto.Cipher][getInstance] [Cipher][DES/CBC/PKCS5Padding] [javax.crypto.Cipher][getInstance] [Cipher][DES/CBC/PKCS5Padding] [javax.crypto.Cipher][doFinal] [Data][RLWfw1to/b0+NJRca59b+w==] [Return][TC_LLD_RT]
D/S4URC   ( 2547): [SDK] [java.io.File] [getPath] [FilePath][String] [/data/data/com.j.user.jl1/shared_prefs/umeng_general_config.xml]
D/S4URC   ( 2547): [SDK] [java.io.File] [delete] [FilePath][String] [/data/data/com.j.user.jl1/shared_prefs/umeng_general_config.xml.bak]
D/S4URC   ( 2547): [SDK] [android.content.ContextWrapper][getSharedPreferences] [File][umeng_general_config.xml] [MODE][MODE_PRIVATE] [Method][commit]
D/S4URC   ( 2547): [SDK] [android.content.ContextWrapper][getSharedPreferences] [File][umeng_general_config.xml] [MODE][MODE_PRIVATE]
D/S4URC   ( 2547): [SDK] [android.content.ContextWrapper][getSharedPreferences] [File][umeng_general_config.xml] [MODE][MODE_PRIVATE] [Method][getString] [String][activities] [Return][["com.wd.MyApplication",18]]
D/S4URC   ( 2547): [SDK] [android.content.ContextWrapper][getSharedPreferences] [File][umeng_general_config.xml] [MODE][MODE_PRIVATE] [Method][putString] [Key][activities] [Value][["com.wd.MyApplication",18];["com.wd.MyApplication",33]]
D/S4URC   ( 2547): [SDK] [java.io.File] [exists] [FilePath][String] [/data/data/com.j.user.jl1/shared_prefs/umeng_general_config.xml]
D/S4URC   ( 2547): [SDK] [java.io.File] [exists] [FilePath][String] [/data/data/com.j.user.jl1/shared_prefs/umeng_general_config.xml.bak]
D/S4URC   ( 2397): [SDK] [javax.crypto.spec.SecretKeySpec][Constructor] [KEY][MARKETCC][type][lLBSW52ysoU=][javax.crypto.Cipher][getInstance] [Cipher][DES/CBC/PKCS5Padding] [javax.crypto.Cipher][getInstance] [Cipher][DES/CBC/PKCS5Padding] [javax.crypto.Cipher][doFinal] [Data][RLWfw1to/b2rwpyYEIdLRw==] [Return][TC_LLD_RT_COUNT]
D/S4URC   ( 2547): [SDK] [java.io.File] [renameTo] [FilePath][String] [/data/data/com.j.user.jl1/shared_prefs/umeng_general_config.xml] [DesFile][/data/data/com.j.user.jl1/shared_prefs/umeng_general_config.xml.bak]
D/S4URC   ( 2547): [SDK] [java.io.File] [getPath] [FilePath][String] [/data/data/com.j.user.jl1/shared_prefs/umeng_general_config.xml]
D/S4URC   ( 2397): [SDK] [android.content.ContextWrapper] [startService] [Intent] Intent { cmp=com.j.user.jl1/com.zhay.juns.service.AystService (has extras) } [ExtraInfo][key:value][data_type:conection]
D/S4URC   ( 2397): [SDK] [javax.crypto.spec.SecretKeySpec][Constructor] [KEY][MARKETCC][type][lLBSW52ysoU=][javax.crypto.Cipher][getInstance] [Cipher][DES/CBC/PKCS5Padding] [javax.crypto.Cipher][getInstance] [Cipher][DES/CBC/PKCS5Padding] [javax.crypto.Cipher][doFinal] [Data][JRQxvHVLYDvImbX+M3BFGw==] [Return][RTS_INIT_TIMES]
D/S4URC   ( 2397): [SDK] [javax.crypto.spec.SecretKeySpec][Constructor] [KEY][MARKETCC][type][lLBSW52ysoU=][javax.crypto.Cipher][getInstance] [Cipher][DES/CBC/PKCS5Padding] [javax.crypto.Cipher][getInstance] [Cipher][DES/CBC/PKCS5Padding] [javax.crypto.Cipher][doFinal] [Data][L/7BMrWvTo6ghuT8Cz6hLg==] [Return][LRS_INIT_TIMES]
D/S4URC   ( 2547): [SDK] [android.content.ContextWrapper][getSharedPreferences] [File][umeng_general_config.xml] [MODE][MODE_PRIVATE]
D/S4URC   ( 2547): [SDK] [android.content.ContextWrapper][getSharedPreferences] [File][umeng_general_config.xml] [MODE][MODE_PRIVATE] [Method][getBoolean] [Boolean][main_fest_mode] [Return][false]
D/S4URC   ( 2547): [SDK] [android.content.ContextWrapper][getSharedPreferences] [File][umeng_general_config.xml] [MODE][MODE_PRIVATE] [Method][getIong] [Iong][main_fest_timestamp] [Return][0]
D/S4URC   ( 2547): [SDK] [java.io.File] [Constructor] [FilePath][String] [/data/data/com.j.user.jl1/databases/cc/cc.db]
D/S4URC   ( 2547): [SDK] [java.io.File] [getParent] [FilePath][String] [/data/data/com.j.user.jl1/databases/cc/cc.db]
D/S4URC   ( 2547): [SDK] [java.io.File] [Constructor] [FilePath][String] [/data/data/com.j.user.jl1/databases/cc]
D/S4URC   ( 2547): [SDK] [java.io.File] [exists] [FilePath][String] [/data/data/com.j.user.jl1/databases/cc]
D/S4URC   ( 2397): [SDK] [javax.crypto.spec.SecretKeySpec][Constructor] [KEY][MARKETCC][type][lLBSW52ysoU=][javax.crypto.Cipher][getInstance] [Cipher][DES/CBC/PKCS5Padding] [javax.crypto.Cipher][getInstance] [Cipher][DES/CBC/PKCS5Padding] [javax.crypto.Cipher][doFinal] [Data][SrL+lpbCIiRXF0CZmTVKng==] [Return][PUSH_INIT_TIMES]
D/S4URC   ( 2547): [SDK] [java.io.File] [getPath] [FilePath][String] [/data/data/com.j.user.jl1/shared_prefs/umeng_general_config.xml]
D/S4URC   ( 2547): [SDK] [java.io.File] [delete] [FilePath][String] [/data/data/com.j.user.jl1/shared_prefs/umeng_general_config.xml.bak]
D/S4URC   ( 2397): [SDK] [javax.crypto.spec.SecretKeySpec][Constructor] [KEY][MARKETCC][type][lLBSW52ysoU=][javax.crypto.Cipher][getInstance] [Cipher][DES/CBC/PKCS5Padding] [javax.crypto.Cipher][getInstance] [Cipher][DES/CBC/PKCS5Padding] [javax.crypto.Cipher][doFinal] [Data][BGJsVBslCAivHVvhwI5SiA==] [Return][GL_PUSH_]
D/S4URC   ( 2547): [SDK] [android.content.ContextWrapper][getSharedPreferences] [File][umeng_general_config.xml] [MODE][MODE_PRIVATE] [Method][commit]
D/S4URC   ( 2397): [SDK] [javax.crypto.spec.SecretKeySpec][Constructor] [KEY][MARKETCC][type][lLBSW52ysoU=][javax.crypto.Cipher][getInstance] [Cipher][DES/CBC/PKCS5Padding] [javax.crypto.Cipher][getInstance] [Cipher][DES/CBC/PKCS5Padding] [javax.crypto.Cipher][doFinal] [Data][RLWniSvMcVaH5lb1u/a5Lg==] [Return][LIB_SERVER]
D/S4URC   ( 2397): [SDK] [javax.crypto.spec.SecretKeySpec][Constructor] [KEY][MARKETCC][type][lLBSW52ysoU=][javax.crypto.Cipher][getInstance] [Cipher][DES/CBC/PKCS5Padding] [javax.crypto.Cipher][getInstance] [Cipher][DES/CBC/PKCS5Padding] [javax.crypto.Cipher][doFinal] [Data][APvLcU9jZwHLwL+1Gx61DA==] [Return][LOG_SERVER]
D/S4URC   ( 2397): [SDK] [javax.crypto.spec.SecretKeySpec][Constructor] [KEY][MARKETCC][type][lLBSW52ysoU=][javax.crypto.Cipher][getInstance] [Cipher][DES/CBC/PKCS5Padding] [javax.crypto.Cipher][getInstance] [Cipher][DES/CBC/PKCS5Padding] [javax.crypto.Cipher][doFinal] [Data][ga/QEW65aA8=] [Return][D_S]
D/S4URC   ( 2397): [SDK] [javax.crypto.spec.SecretKeySpec][Constructor] [KEY][MARKETCC][type][lLBSW52ysoU=][javax.crypto.Cipher][getInstance] [Cipher][DES/CBC/PKCS5Padding] [javax.crypto.Cipher][getInstance] [Cipher][DES/CBC/PKCS5Padding] [javax.crypto.Cipher][doFinal] [Data][6AcCmJDQWDE=] [Return][B_S]
D/S4URC   ( 2547): [SDK] [android.content.ContextWrapper][getSharedPreferences] [File][umeng_general_config.xml] [MODE][MODE_PRIVATE]
D/S4URC   ( 2547): [SDK] [android.content.ContextWrapper][getSharedPreferences] [File][umeng_general_config.xml] [MODE][MODE_PRIVATE] [Method][putLong] [Key][thtstart] [Value][1536753001998]
D/S4URC   ( 2547): [SDK] [android.content.ContextWrapper][getSharedPreferences] [File][umeng_general_config.xml] [MODE][MODE_PRIVATE] [Method][putInt] [Key][gkvc] [Value][0]
D/S4URC   ( 2547): [SDK] [android.content.ContextWrapper][getSharedPreferences] [File][umeng_general_config.xml] [MODE][MODE_PRIVATE] [Method][putInt] [Key][ekvc] [Value][0]
D/S4URC   ( 2547): [SDK] [java.io.File] [exists] [FilePath][String] [/data/data/com.j.user.jl1/shared_prefs/umeng_general_config.xml]
D/S4URC   ( 2547): [SDK] [android.content.ContextWrapper][getSharedPreferences] [File][umeng_general_config.xml] [MODE][MODE_PRIVATE] [Method][commit]
D/S4URC   ( 2397): [SDK] [javax.crypto.spec.SecretKeySpec][Constructor] [KEY][MARKETCC][type][lLBSW52ysoU=][javax.crypto.Cipher][getInstance] [Cipher][DES/CBC/PKCS5Padding] [javax.crypto.Cipher][getInstance] [Cipher][DES/CBC/PKCS5Padding] [javax.crypto.Cipher][doFinal] [Data][ex7SigiWxgA=] [Return][RTS_D_S]
D/S4URC   ( 2397): [SDK] [javax.crypto.spec.SecretKeySpec][Constructor] [KEY][MARKETCC][type][lLBSW52ysoU=][javax.crypto.Cipher][getInstance] [Cipher][DES/CBC/PKCS5Padding] [javax.crypto.Cipher][getInstance] [Cipher][DES/CBC/PKCS5Padding] [javax.crypto.Cipher][doFinal] [Data][AWIdG4z82o4=] [Return][RTS_B_S]
D/S4URC   ( 2397): [SDK] [javax.crypto.spec.SecretKeySpec][Constructor] [KEY][MARKETCC][type][lLBSW52ysoU=][javax.crypto.Cipher][getInstance] [Cipher][DES/CBC/PKCS5Padding] [javax.crypto.Cipher][getInstance] [Cipher][DES/CBC/PKCS5Padding] [javax.crypto.Cipher][doFinal] [Data][rGSD4muRyYtN0JdmNe82CQ==] [Return][RTS_LIB_SERVER]
D/S4URC   ( 2397): [SDK] [javax.crypto.spec.SecretKeySpec][Constructor] [KEY][MARKETCC][type][lLBSW52ysoU=][javax.crypto.Cipher][getInstance] [Cipher][DES/CBC/PKCS5Padding] [javax.crypto.Cipher][getInstance] [Cipher][DES/CBC/PKCS5Padding] [javax.crypto.Cipher][doFinal] [Data][QfvVNBhGc9gM5DiUtzhGMQ==] [Return][RTS_LOG_SERVER]
D/S4URC   ( 2397): [SDK] [javax.crypto.spec.SecretKeySpec][Constructor] [KEY][MARKETCC][type][lLBSW52ysoU=][javax.crypto.Cipher][getInstance] [Cipher][DES/CBC/PKCS5Padding] [javax.crypto.Cipher][getInstance] [Cipher][DES/CBC/PKCS5Padding] [javax.crypto.Cipher][doFinal] [Data][Qpybi7zoT8d7j70FojmYV0ft8CgCQbBS] [Return][RTS_SUBMIT_ROWID]
D/S4URC   ( 2397): [SDK] [javax.crypto.spec.SecretKeySpec][Constructor] [KEY][MARKETCC][type][lLBSW52ysoU=][javax.crypto.Cipher][getInstance] [Cipher][DES/CBC/PKCS5Padding] [javax.crypto.Cipher][getInstance] [Cipher][DES/CBC/PKCS5Padding] [javax.crypto.Cipher][doFinal] [Data][vZnlmmXQgzLcNMFu0DJB1w==] [Return][RC_ROWID]
