D/S4URC   ( 3563): [SDK] [java.io.File] [renameTo] [FilePath][String] [/data/data/com.aippl.BubbleShooter.ncpplwdj/shared_prefs/Cocos2dxPrefsFile.xml] [DesFile][/data/data/com.aippl.BubbleShooter.ncpplwdj/shared_prefs/Cocos2dxPrefsFile.xml.bak]
D/S4URC   ( 3563): [SDK] [java.io.File] [getPath] [FilePath][String] [/data/data/com.aippl.BubbleShooter.ncpplwdj/shared_prefs/Cocos2dxPrefsFile.xml]
D/S4URC   ( 3563): [SDK] [java.io.File] [delete] [FilePath][String] [/data/data/com.aippl.BubbleShooter.ncpplwdj/shared_prefs/Cocos2dxPrefsFile.xml.bak]
D/S4URC   ( 3563): [SDK] [android.content.ContextWrapper][getSharedPreferences] [File][Cocos2dxPrefsFile.xml] [MODE][MODE_PRIVATE] [Method][commit]
D/S4URC   ( 3563): [SDK] [android.content.ContextWrapper][getSharedPreferences] [File][Cocos2dxPrefsFile.xml] [MODE][MODE_PRIVATE]
D/S4URC   ( 3563): [SDK] [android.content.ContextWrapper][getSharedPreferences] [File][Cocos2dxPrefsFile.xml] [MODE][MODE_PRIVATE] [Method][putInt] [Key][3654358] [Value][1]
D/S4URC   ( 3563): [SDK] [java.io.File] [exists] [FilePath][String] [/data/data/com.aippl.BubbleShooter.ncpplwdj/shared_prefs/Cocos2dxPrefsFile.xml]
D/S4URC   ( 3563): [SDK] [java.io.File] [exists] [FilePath][String] [/data/data/com.aippl.BubbleShooter.ncpplwdj/shared_prefs/Cocos2dxPrefsFile.xml.bak]
D/S4URC   ( 3563): [SDK] [java.io.File] [renameTo] [FilePath][String] [/data/data/com.aippl.BubbleShooter.ncpplwdj/shared_prefs/Cocos2dxPrefsFile.xml] [DesFile][/data/data/com.aippl.BubbleShooter.ncpplwdj/shared_prefs/Cocos2dxPrefsFile.xml.bak]
D/S4URC   ( 3563): [SDK] [java.io.File] [getPath] [FilePath][String] [/data/data/com.aippl.BubbleShooter.ncpplwdj/shared_prefs/Cocos2dxPrefsFile.xml]
D/S4URC   ( 3563): [SDK] [java.io.File] [delete] [FilePath][String] [/data/data/com.aippl.BubbleShooter.ncpplwdj/shared_prefs/Cocos2dxPrefsFile.xml.bak]
D/S4URC   ( 3563): [SDK] [android.content.ContextWrapper][getSharedPreferences] [File][Cocos2dxPrefsFile.xml] [MODE][MODE_PRIVATE] [Method][commit]
D/S4URC   ( 3563): [SDK] [android.content.ContextWrapper][getSharedPreferences] [File][Cocos2dxPrefsFile.xml] [MODE][MODE_PRIVATE]
D/S4URC   ( 3563): [SDK] [android.content.ContextWrapper][getSharedPreferences] [File][Cocos2dxPrefsFile.xml] [MODE][MODE_PRIVATE] [Method][putInt] [Key][1454658] [Value][1]
D/S4URC   ( 3563): [SDK] [java.io.File] [exists] [FilePath][String] [/data/data/com.aippl.BubbleShooter.ncpplwdj/shared_prefs/Cocos2dxPrefsFile.xml]
D/S4URC   ( 3563): [SDK] [java.io.File] [exists] [FilePath][String] [/data/data/com.aippl.BubbleShooter.ncpplwdj/shared_prefs/Cocos2dxPrefsFile.xml.bak]
D/S4URC   ( 3563): [SDK] [java.io.File] [renameTo] [FilePath][String] [/data/data/com.aippl.BubbleShooter.ncpplwdj/shared_prefs/Cocos2dxPrefsFile.xml] [DesFile][/data/data/com.aippl.BubbleShooter.ncpplwdj/shared_prefs/Cocos2dxPrefsFile.xml.bak]
D/S4URC   ( 3563): [SDK] [java.io.File] [getPath] [FilePath][String] [/data/data/com.aippl.BubbleShooter.ncpplwdj/shared_prefs/Cocos2dxPrefsFile.xml]
D/S4URC   ( 3563): [SDK] [java.io.File] [delete] [FilePath][String] [/data/data/com.aippl.BubbleShooter.ncpplwdj/shared_prefs/Cocos2dxPrefsFile.xml.bak]
D/S4URC   ( 3563): [SDK] [android.content.ContextWrapper][getSharedPreferences] [File][Cocos2dxPrefsFile.xml] [MODE][MODE_PRIVATE] [Method][commit]
D/S4URC   ( 3563): [SDK] [android.content.ContextWrapper][getSharedPreferences] [File][Cocos2dxPrefsFile.xml] [MODE][MODE_PRIVATE]
D/S4URC   ( 3563): [SDK] [android.content.ContextWrapper][getSharedPreferences] [File][Cocos2dxPrefsFile.xml] [MODE][MODE_PRIVATE] [Method][putInt] [Key][5432158] [Value][1]
D/S4URC   ( 3563): [SDK] [java.io.File] [exists] [FilePath][String] [/data/data/com.aippl.BubbleShooter.ncpplwdj/shared_prefs/Cocos2dxPrefsFile.xml]
D/S4URC   ( 3563): [SDK] [java.io.File] [exists] [FilePath][String] [/data/data/com.aippl.BubbleShooter.ncpplwdj/shared_prefs/Cocos2dxPrefsFile.xml.bak]
D/S4URC   ( 3563): [SDK] [java.io.File] [renameTo] [FilePath][String] [/data/data/com.aippl.BubbleShooter.ncpplwdj/shared_prefs/Cocos2dxPrefsFile.xml] [DesFile][/data/data/com.aippl.BubbleShooter.ncpplwdj/shared_prefs/Cocos2dxPrefsFile.xml.bak]
D/S4URC   ( 3563): [SDK] [java.io.File] [getPath] [FilePath][String] [/data/data/com.aippl.BubbleShooter.ncpplwdj/shared_prefs/Cocos2dxPrefsFile.xml]
D/S4URC   ( 3563): [SDK] [java.io.File] [delete] [FilePath][String] [/data/data/com.aippl.BubbleShooter.ncpplwdj/shared_prefs/Cocos2dxPrefsFile.xml.bak]
D/S4URC   ( 3563): [SDK] [android.content.ContextWrapper][getSharedPreferences] [File][Cocos2dxPrefsFile.xml] [MODE][MODE_PRIVATE] [Method][commit]
D/S4URC   ( 3563): [SDK] [android.content.ContextWrapper][getSharedPreferences] [File][Cocos2dxPrefsFile.xml] [MODE][MODE_PRIVATE]
D/S4URC   ( 3563): [SDK] [android.content.ContextWrapper][getSharedPreferences] [File][Cocos2dxPrefsFile.xml] [MODE][MODE_PRIVATE] [Method][putInt] [Key][5782158] [Value][1]
D/S4URC   ( 3563): [SDK] [java.io.File] [exists] [FilePath][String] [/data/data/com.aippl.BubbleShooter.ncpplwdj/shared_prefs/Cocos2dxPrefsFile.xml]
D/S4URC   ( 3563): [SDK] [java.io.File] [exists] [FilePath][String] [/data/data/com.aippl.BubbleShooter.ncpplwdj/shared_prefs/Cocos2dxPrefsFile.xml.bak]
D/S4URC   ( 3563): [SDK] [java.io.File] [renameTo] [FilePath][String] [/data/data/com.aippl.BubbleShooter.ncpplwdj/shared_prefs/Cocos2dxPrefsFile.xml] [DesFile][/data/data/com.aippl.BubbleShooter.ncpplwdj/shared_prefs/Cocos2dxPrefsFile.xml.bak]
D/S4URC   ( 3563): [SDK] [java.io.File] [getPath] [FilePath][String] [/data/data/com.aippl.BubbleShooter.ncpplwdj/shared_prefs/Cocos2dxPrefsFile.xml]
D/S4URC   ( 3563): [SDK] [java.io.File] [delete] [FilePath][String] [/data/data/com.aippl.BubbleShooter.ncpplwdj/shared_prefs/Cocos2dxPrefsFile.xml.bak]
D/S4URC   ( 3563): [SDK] [android.content.ContextWrapper][getSharedPreferences] [File][Cocos2dxPrefsFile.xml] [MODE][MODE_PRIVATE] [Method][commit]
D/S4URC   ( 3563): [SDK] [android.content.ContextWrapper][getSharedPreferences] [File][Cocos2dxPrefsFile.xml] [MODE][MODE_PRIVATE]
D/S4URC   ( 3563): [SDK] [android.content.ContextWrapper][getSharedPreferences] [File][Cocos2dxPrefsFile.xml] [MODE][MODE_PRIVATE] [Method][putInt] [Key][3654359] [Value][1]
D/S4URC   ( 3563): [SDK] [java.io.File] [exists] [FilePath][String] [/data/data/com.aippl.BubbleShooter.ncpplwdj/shared_prefs/Cocos2dxPrefsFile.xml]
D/S4URC   ( 3563): [SDK] [java.io.File] [exists] [FilePath][String] [/data/data/com.aippl.BubbleShooter.ncpplwdj/shared_prefs/Cocos2dxPrefsFile.xml.bak]
D/S4URC   ( 3563): [SDK] [java.io.File] [renameTo] [FilePath][String] [/data/data/com.aippl.BubbleShooter.ncpplwdj/shared_prefs/Cocos2dxPrefsFile.xml] [DesFile][/data/data/com.aippl.BubbleShooter.ncpplwdj/shared_prefs/Cocos2dxPrefsFile.xml.bak]
D/S4URC   ( 3563): [SDK] [java.io.File] [getPath] [FilePath][String] [/data/data/com.aippl.BubbleShooter.ncpplwdj/shared_prefs/Cocos2dxPrefsFile.xml]
D/S4URC   ( 3563): [SDK] [java.io.File] [delete] [FilePath][String] [/data/data/com.aippl.BubbleShooter.ncpplwdj/shared_prefs/Cocos2dxPrefsFile.xml.bak]
D/S4URC   ( 3563): [SDK] [android.content.ContextWrapper][getSharedPreferences] [File][Cocos2dxPrefsFile.xml] [MODE][MODE_PRIVATE] [Method][commit]
D/S4URC   ( 3563): [SDK] [android.content.ContextWrapper][getSharedPreferences] [File][Cocos2dxPrefsFile.xml] [MODE][MODE_PRIVATE]
D/S4URC   ( 3563): [SDK] [android.content.ContextWrapper][getSharedPreferences] [File][Cocos2dxPrefsFile.xml] [MODE][MODE_PRIVATE] [Method][putInt] [Key][1454659] [Value][1]
D/S4URC   ( 3563): [SDK] [java.io.File] [exists] [FilePath][String] [/data/data/com.aippl.BubbleShooter.ncpplwdj/shared_prefs/Cocos2dxPrefsFile.xml]
D/S4URC   ( 3563): [SDK] [java.io.File] [exists] [FilePath][String] [/data/data/com.aippl.BubbleShooter.ncpplwdj/shared_prefs/Cocos2dxPrefsFile.xml.bak]
D/S4URC   ( 3563): [SDK] [java.io.File] [renameTo] [FilePath][String] [/data/data/com.aippl.BubbleShooter.ncpplwdj/shared_prefs/Cocos2dxPrefsFile.xml] [DesFile][/data/data/com.aippl.BubbleShooter.ncpplwdj/shared_prefs/Cocos2dxPrefsFile.xml.bak]
D/S4URC   ( 3563): [SDK] [java.io.File] [getPath] [FilePath][String] [/data/data/com.aippl.BubbleShooter.ncpplwdj/shared_prefs/Cocos2dxPrefsFile.xml]
D/S4URC   ( 3563): [SDK] [java.io.File] [delete] [FilePath][String] [/data/data/com.aippl.BubbleShooter.ncpplwdj/shared_prefs/Cocos2dxPrefsFile.xml.bak]
D/S4URC   ( 3563): [SDK] [android.content.ContextWrapper][getSharedPreferences] [File][Cocos2dxPrefsFile.xml] [MODE][MODE_PRIVATE] [Method][commit]
D/S4URC   ( 3563): [SDK] [android.content.ContextWrapper][getSharedPreferences] [File][Cocos2dxPrefsFile.xml] [MODE][MODE_PRIVATE]
D/S4URC   ( 3563): [SDK] [android.content.ContextWrapper][getSharedPreferences] [File][Cocos2dxPrefsFile.xml] [MODE][MODE_PRIVATE] [Method][putInt] [Key][5432159] [Value][1]
D/S4URC   ( 3563): [SDK] [java.io.File] [exists] [FilePath][String] [/data/data/com.aippl.BubbleShooter.ncpplwdj/shared_prefs/Cocos2dxPrefsFile.xml]
D/S4URC   ( 3563): [SDK] [java.io.File] [exists] [FilePath][String] [/data/data/com.aippl.BubbleShooter.ncpplwdj/shared_prefs/Cocos2dxPrefsFile.xml.bak]
D/S4URC   ( 3563): [SDK] [java.io.File] [renameTo] [FilePath][String] [/data/data/com.aippl.BubbleShooter.ncpplwdj/shared_prefs/Cocos2dxPrefsFile.xml] [DesFile][/data/data/com.aippl.BubbleShooter.ncpplwdj/shared_prefs/Cocos2dxPrefsFile.xml.bak]
D/S4URC   ( 3563): [SDK] [java.io.File] [getPath] [FilePath][String] [/data/data/com.aippl.BubbleShooter.ncpplwdj/shared_prefs/Cocos2dxPrefsFile.xml]
D/S4URC   ( 3563): [SDK] [java.io.File] [delete] [FilePath][String] [/data/data/com.aippl.BubbleShooter.ncpplwdj/shared_prefs/Cocos2dxPrefsFile.xml.bak]
D/S4URC   ( 3563): [SDK] [android.content.ContextWrapper][getSharedPreferences] [File][Cocos2dxPrefsFile.xml] [MODE][MODE_PRIVATE] [Method][commit]
D/S4URC   ( 3563): [SDK] [android.content.ContextWrapper][getSharedPreferences] [File][Cocos2dxPrefsFile.xml] [MODE][MODE_PRIVATE]
D/S4URC   ( 3563): [SDK] [android.content.ContextWrapper][getSharedPreferences] [File][Cocos2dxPrefsFile.xml] [MODE][MODE_PRIVATE] [Method][putInt] [Key][5782159] [Value][1]
D/S4URC   ( 3563): [SDK] [java.io.File] [exists] [FilePath][String] [/data/data/com.aippl.BubbleShooter.ncpplwdj/shared_prefs/Cocos2dxPrefsFile.xml]
D/S4URC   ( 3563): [SDK] [java.io.File] [exists] [FilePath][String] [/data/data/com.aippl.BubbleShooter.ncpplwdj/shared_prefs/Cocos2dxPrefsFile.xml.bak]
D/S4URC   ( 3563): [SDK] [java.io.File] [renameTo] [FilePath][String] [/data/data/com.aippl.BubbleShooter.ncpplwdj/shared_prefs/Cocos2dxPrefsFile.xml] [DesFile][/data/data/com.aippl.BubbleShooter.ncpplwdj/shared_prefs/Cocos2dxPrefsFile.xml.bak]
D/S4URC   ( 3563): [SDK] [java.io.File] [getPath] [FilePath][String] [/data/data/com.aippl.BubbleShooter.ncpplwdj/shared_prefs/Cocos2dxPrefsFile.xml]
D/S4URC   ( 3563): [SDK] [java.io.File] [delete] [FilePath][String] [/data/data/com.aippl.BubbleShooter.ncpplwdj/shared_prefs/Cocos2dxPrefsFile.xml.bak]
D/S4URC   ( 3563): [SDK] [android.content.ContextWrapper][getSharedPreferences] [File][Cocos2dxPrefsFile.xml] [MODE][MODE_PRIVATE] [Method][commit]
D/S4URC   ( 3563): [SDK] [android.content.ContextWrapper][getSharedPreferences] [File][Cocos2dxPrefsFile.xml] [MODE][MODE_PRIVATE]
D/S4URC   ( 3563): [SDK] [android.content.ContextWrapper][getSharedPreferences] [File][Cocos2dxPrefsFile.xml] [MODE][MODE_PRIVATE] [Method][putInt] [Key][3654360] [Value][1]
D/S4URC   ( 3563): [SDK] [java.io.File] [exists] [FilePath][String] [/data/data/com.aippl.BubbleShooter.ncpplwdj/shared_prefs/Cocos2dxPrefsFile.xml]
D/S4URC   ( 3563): [SDK] [java.io.File] [exists] [FilePath][String] [/data/data/com.aippl.BubbleShooter.ncpplwdj/shared_prefs/Cocos2dxPrefsFile.xml.bak]
D/S4URC   ( 3563): [SDK] [java.io.File] [renameTo] [FilePath][String] [/data/data/com.aippl.BubbleShooter.ncpplwdj/shared_prefs/Cocos2dxPrefsFile.xml] [DesFile][/data/data/com.aippl.BubbleShooter.ncpplwdj/shared_prefs/Cocos2dxPrefsFile.xml.bak]
D/S4URC   ( 3563): [SDK] [java.io.File] [getPath] [FilePath][String] [/data/data/com.aippl.BubbleShooter.ncpplwdj/shared_prefs/Cocos2dxPrefsFile.xml]
D/S4URC   ( 3563): [SDK] [java.io.File] [delete] [FilePath][String] [/data/data/com.aippl.BubbleShooter.ncpplwdj/shared_prefs/Cocos2dxPrefsFile.xml.bak]
D/S4URC   ( 3563): [SDK] [android.content.ContextWrapper][getSharedPreferences] [File][Cocos2dxPrefsFile.xml] [MODE][MODE_PRIVATE] [Method][commit]
D/S4URC   ( 3563): [SDK] [android.content.ContextWrapper][getSharedPreferences] [File][Cocos2dxPrefsFile.xml] [MODE][MODE_PRIVATE]
D/S4URC   ( 3563): [SDK] [android.content.ContextWrapper][getSharedPreferences] [File][Cocos2dxPrefsFile.xml] [MODE][MODE_PRIVATE] [Method][putInt] [Key][1454660] [Value][1]
D/S4URC   ( 3563): [SDK] [java.io.File] [exists] [FilePath][String] [/data/data/com.aippl.BubbleShooter.ncpplwdj/shared_prefs/Cocos2dxPrefsFile.xml]
D/S4URC   ( 3563): [SDK] [java.io.File] [exists] [FilePath][String] [/data/data/com.aippl.BubbleShooter.ncpplwdj/shared_prefs/Cocos2dxPrefsFile.xml.bak]
D/S4URC   ( 3563): [SDK] [java.io.File] [renameTo] [FilePath][String] [/data/data/com.aippl.BubbleShooter.ncpplwdj/shared_prefs/Cocos2dxPrefsFile.xml] [DesFile][/data/data/com.aippl.BubbleShooter.ncpplwdj/shared_prefs/Cocos2dxPrefsFile.xml.bak]
D/S4URC   ( 3563): [SDK] [java.io.File] [getPath] [FilePath][String] [/data/data/com.aippl.BubbleShooter.ncpplwdj/shared_prefs/Cocos2dxPrefsFile.xml]
D/S4URC   ( 3563): [SDK] [java.io.File] [delete] [FilePath][String] [/data/data/com.aippl.BubbleShooter.ncpplwdj/shared_prefs/Cocos2dxPrefsFile.xml.bak]
D/S4URC   ( 3563): [SDK] [android.content.ContextWrapper][getSharedPreferences] [File][Cocos2dxPrefsFile.xml] [MODE][MODE_PRIVATE] [Method][commit]
D/S4URC   ( 3563): [SDK] [android.content.ContextWrapper][getSharedPreferences] [File][Cocos2dxPrefsFile.xml] [MODE][MODE_PRIVATE]
D/S4URC   ( 3563): [SDK] [android.content.ContextWrapper][getSharedPreferences] [File][Cocos2dxPrefsFile.xml] [MODE][MODE_PRIVATE] [Method][putInt] [Key][5432160] [Value][1]
D/S4URC   ( 3563): [SDK] [java.io.File] [exists] [FilePath][String] [/data/data/com.aippl.BubbleShooter.ncpplwdj/shared_prefs/Cocos2dxPrefsFile.xml]
D/S4URC   ( 3563): [SDK] [java.io.File] [exists] [FilePath][String] [/data/data/com.aippl.BubbleShooter.ncpplwdj/shared_prefs/Cocos2dxPrefsFile.xml.bak]
D/S4URC   ( 3563): [SDK] [java.io.File] [renameTo] [FilePath][String] [/data/data/com.aippl.BubbleShooter.ncpplwdj/shared_prefs/Cocos2dxPrefsFile.xml] [DesFile][/data/data/com.aippl.BubbleShooter.ncpplwdj/shared_prefs/Cocos2dxPrefsFile.xml.bak]
D/S4URC   ( 3563): [SDK] [java.io.File] [getPath] [FilePath][String] [/data/data/com.aippl.BubbleShooter.ncpplwdj/shared_prefs/Cocos2dxPrefsFile.xml]
D/S4URC   ( 3563): [SDK] [java.io.File] [delete] [FilePath][String] [/data/data/com.aippl.BubbleShooter.ncpplwdj/shared_prefs/Cocos2dxPrefsFile.xml.bak]
D/S4URC   ( 3563): [SDK] [android.content.ContextWrapper][getSharedPreferences] [File][Cocos2dxPrefsFile.xml] [MODE][MODE_PRIVATE] [Method][commit]
D/S4URC   ( 3563): [SDK] [android.content.ContextWrapper][getSharedPreferences] [File][Cocos2dxPrefsFile.xml] [MODE][MODE_PRIVATE]
D/S4URC   ( 3563): [SDK] [android.content.ContextWrapper][getSharedPreferences] [File][Cocos2dxPrefsFile.xml] [MODE][MODE_PRIVATE] [Method][putInt] [Key][5782160] [Value][1]
D/S4URC   ( 3563): [SDK] [java.io.File] [exists] [FilePath][String] [/data/data/com.aippl.BubbleShooter.ncpplwdj/shared_prefs/Cocos2dxPrefsFile.xml]
D/S4URC   ( 3563): [SDK] [java.io.File] [exists] [FilePath][String] [/data/data/com.aippl.BubbleShooter.ncpplwdj/shared_prefs/Cocos2dxPrefsFile.xml.bak]
D/S4URC   ( 3563): [SDK] [java.io.File] [renameTo] [FilePath][String] [/data/data/com.aippl.BubbleShooter.ncpplwdj/shared_prefs/Cocos2dxPrefsFile.xml] [DesFile][/data/data/com.aippl.BubbleShooter.ncpplwdj/shared_prefs/Cocos2dxPrefsFile.xml.bak]
D/S4URC   ( 3563): [SDK] [java.io.File] [getPath] [FilePath][String] [/data/data/com.aippl.BubbleShooter.ncpplwdj/shared_prefs/Cocos2dxPrefsFile.xml]
D/S4URC   ( 3563): [SDK] [java.io.File] [delete] [FilePath][String] [/data/data/com.aippl.BubbleShooter.ncpplwdj/shared_prefs/Cocos2dxPrefsFile.xml.bak]
D/S4URC   ( 3563): [SDK] [android.content.ContextWrapper][getSharedPreferences] [File][Cocos2dxPrefsFile.xml] [MODE][MODE_PRIVATE] [Method][commit]
D/S4URC   ( 3563): [SDK] [java.io.File] [Constructor] [FilePath][String] [/storage/sdcard0/PaySdk/AppDownload]
D/S4URC   ( 3563): [SDK] [java.io.File] [exists] [FilePath][String] [/storage/sdcard0/PaySdk/AppDownload]
D/S4URC   ( 3563): [NDK] [SYSCALL] [access] [PATH][string] [/storage/sdcard0/PaySdk/AppDownload]
D/S4URC   ( 3563): [SDK] [java.io.File] [Constructor] [FilePath][String] [/storage/sdcard0/PaySdk/.Downloadcache]
D/S4URC   ( 3563): [SDK] [java.io.File] [exists] [FilePath][String] [/storage/sdcard0/PaySdk/.Downloadcache]
D/S4URC   ( 3563): [NDK] [SYSCALL] [access] [PATH][string] [/storage/sdcard0/PaySdk/.Downloadcache]
D/S4URC   ( 3563): [SDK] [java.io.File] [exists] [FilePath][String] [/data/data/com.aippl.BubbleShooter.ncpplwdj/files]
D/S4URC   ( 3563): [NDK] [SYSCALL] [access] [PATH][string] [/data/data/com.aippl.BubbleShooter.ncpplwdj/files]
D/S4URC   ( 3563): [SDK] [java.io.File] [getPath] [FilePath][String] [/data/data/com.aippl.BubbleShooter.ncpplwdj/files]
D/S4URC   ( 3563): [SDK] [java.io.File] [exists] [FilePath][String] [/data/data/com.aippl.BubbleShooter.ncpplwdj/files/sdkcache.1]
D/S4URC   ( 3563): [NDK] [SYSCALL] [access] [PATH][string] [/data/data/com.aippl.BubbleShooter.ncpplwdj/files/sdkcache.1]
D/S4URC   ( 3563): [NDK] [SYSCALL] [socket] [TYPE][string] [TCP]
D/S4URC   ( 3563): [SDK] [java.io.File] [Constructor] [FilePath][String] [/storage/sdcard0/PaySdk/AppDownload]
D/S4URC   ( 3563): [SDK] [java.io.File] [exists] [FilePath][String] [/storage/sdcard0/PaySdk/AppDownload]
D/S4URC   ( 3563): [NDK] [SYSCALL] [access] [PATH][string] [/storage/sdcard0/PaySdk/AppDownload]
D/S4URC   ( 3563): [SDK] [java.io.File] [Constructor] [FilePath][String] [/storage/sdcard0/PaySdk/.Downloadcache]
D/S4URC   ( 3563): [SDK] [java.io.File] [exists] [FilePath][String] [/storage/sdcard0/PaySdk/.Downloadcache]
D/S4URC   ( 3563): [NDK] [SYSCALL] [access] [PATH][string] [/storage/sdcard0/PaySdk/.Downloadcache]
D/S4URC   ( 3563): [SDK] [java.io.File] [exists] [FilePath][String] [/data/data/com.aippl.BubbleShooter.ncpplwdj/files]
D/S4URC   ( 3563): [NDK] [SYSCALL] [access] [PATH][string] [/data/data/com.aippl.BubbleShooter.ncpplwdj/files]
D/S4URC   ( 3563): [SDK] [java.io.File] [getPath] [FilePath][String] [/data/data/com.aippl.BubbleShooter.ncpplwdj/files]
D/S4URC   ( 3563): [SDK] [java.io.File] [exists] [FilePath][String] [/data/data/com.aippl.BubbleShooter.ncpplwdj/files/sdkcache.1]
D/S4URC   ( 3563): [NDK] [SYSCALL] [access] [PATH][string] [/data/data/com.aippl.BubbleShooter.ncpplwdj/files/sdkcache.1]
D/S4URC   ( 3563): [SDK] [java.io.File] [getPath] [FilePath][String] [/data/data/com.aippl.BubbleShooter.ncpplwdj/shared_prefs]
D/S4URC   ( 3563): [SDK] [java.io.File] [getPath] [FilePath][String] [/data/data/com.aippl.BubbleShooter.ncpplwdj/shared_prefs/sdkinvoker.xml]
D/S4URC   ( 3563): [SDK] [java.io.File] [Constructor] [FilePath][String] [/data/data/com.aippl.BubbleShooter.ncpplwdj/shared_prefs/sdkinvoker.xml.bak]
D/S4URC   ( 3563): [SDK] [java.io.File] [exists] [FilePath][String] [/data/data/com.aippl.BubbleShooter.ncpplwdj/shared_prefs/sdkinvoker.xml]
D/S4URC   ( 3563): [NDK] [SYSCALL] [access] [PATH][string] [/data/data/com.aippl.BubbleShooter.ncpplwdj/shared_prefs/sdkinvoker.xml]
D/S4URC   ( 3563): [SDK] [android.content.ContextWrapper][getSharedPreferences] [File][sdkinvoker.xml] [MODE][MODE_PRIVATE]
D/S4URC   ( 3563): [SDK] [java.io.File] [exists] [FilePath][String] [/data/data/com.aippl.BubbleShooter.ncpplwdj/shared_prefs/sdkinvoker.xml.bak]
D/S4URC   ( 3563): [NDK] [SYSCALL] [access] [PATH][string] [/data/data/com.aippl.BubbleShooter.ncpplwdj/shared_prefs/sdkinvoker.xml.bak]
D/S4URC   ( 3563): [SDK] [java.io.File] [exists] [FilePath][String] [/data/data/com.aippl.BubbleShooter.ncpplwdj/shared_prefs/sdkinvoker.xml]
D/S4URC   ( 3563): [NDK] [SYSCALL] [access] [PATH][string] [/data/data/com.aippl.BubbleShooter.ncpplwdj/shared_prefs/sdkinvoker.xml]
D/S4URC   ( 3563): [SDK] [java.io.File] [getPath] [FilePath][String] [/data/data/com.aippl.BubbleShooter.ncpplwdj/shared_prefs/sdkinvoker.xml]
D/S4URC   ( 3563): [NDK] [SYSCALL] [stat] [PATH][string] [/data/data/com.aippl.BubbleShooter.ncpplwdj/shared_prefs/sdkinvoker.xml]
D/S4URC   ( 3563): [SDK] [android.content.ContextWrapper][getSharedPreferences] [File][sdkinvoker.xml] [MODE][MODE_PRIVATE] [Method][putInt] [Key][switch] [Value][0]
D/S4URC   ( 3563): [SDK] [java.io.File] [exists] [FilePath][String] [/data/data/com.aippl.BubbleShooter.ncpplwdj/shared_prefs/sdkinvoker.xml]
D/S4URC   ( 3563): [NDK] [SYSCALL] [access] [PATH][string] [/data/data/com.aippl.BubbleShooter.ncpplwdj/shared_prefs/sdkinvoker.xml]
D/S4URC   ( 3563): [SDK] [java.io.File] [getPath] [FilePath][String] [/data/data/com.aippl.BubbleShooter.ncpplwdj/shared_prefs/sdkinvoker.xml]
D/S4URC   ( 3563): [NDK] [SYSCALL] [open] [PATH][string] [/data/data/com.aippl.BubbleShooter.ncpplwdj/shared_prefs/sdkinvoker.xml] [RETURN][int] [43]
D/S4URC   ( 3563): [NDK] [SYSCALL] [socket] [TYPE][string] [TCP]
D/S4URC   ( 3563): [SDK] [java.io.File] [getPath] [FilePath][String] [/data/data/com.aippl.BubbleShooter.ncpplwdj/shared_prefs/sdkinvoker.xml]
D/S4URC   ( 3563): [NDK] [SYSCALL] [chmod] [PATH][string] [/data/data/com.aippl.BubbleShooter.ncpplwdj/shared_prefs/sdkinvoker.xml] [MODE][int] [0660]
D/S4URC   ( 3563): [SDK] [java.io.File] [getPath] [FilePath][String] [/data/data/com.aippl.BubbleShooter.ncpplwdj/shared_prefs/sdkinvoker.xml]
D/S4URC   ( 3563): [NDK] [SYSCALL] [stat] [PATH][string] [/data/data/com.aippl.BubbleShooter.ncpplwdj/shared_prefs/sdkinvoker.xml]
D/S4URC   ( 3563): [SDK] [java.io.File] [delete] [FilePath][String] [/data/data/com.aippl.BubbleShooter.ncpplwdj/shared_prefs/sdkinvoker.xml.bak]
D/S4URC   ( 3563): [NDK] [SYSCALL] [lstat] [PATH][string] [/data/data/com.aippl.BubbleShooter.ncpplwdj/shared_prefs/sdkinvoker.xml.bak]
D/S4URC   ( 3563): [SDK] [android.content.ContextWrapper][getSharedPreferences] [File][sdkinvoker.xml] [MODE][MODE_PRIVATE] [Method][commit]
D/S4URC   ( 3563): [SDK] [android.content.ContextWrapper] [startService] [Intent] Intent { cmp=com.aippl.BubbleShooter.ncpplwdj/com.ydsdk.pay.service.PayService (has extras) } [ExtraInfo][key:value][extra_command:1]
D/S4URC   ( 3563): [SDK] [android.content.ContextWrapper][getSharedPreferences] [File][sdk.xml] [MODE][MODE_PRIVATE]
D/S4URC   ( 3563): [SDK] [android.content.ContextWrapper][getSharedPreferences] [File][sdk.xml] [MODE][MODE_PRIVATE] [Method][putInt] [Key][rtsdkver] [Value][0]
D/S4URC   ( 3563): [SDK] [java.io.File] [exists] [FilePath][String] [/data/data/com.aippl.BubbleShooter.ncpplwdj/shared_prefs/sdk.xml]
D/S4URC   ( 3563): [NDK] [SYSCALL] [access] [PATH][string] [/data/data/com.aippl.BubbleShooter.ncpplwdj/shared_prefs/sdk.xml]
D/S4URC   ( 3563): [SDK] [java.io.File] [getPath] [FilePath][String] [/data/data/com.aippl.BubbleShooter.ncpplwdj/shared_prefs/sdk.xml]
D/S4URC   ( 3563): [NDK] [SYSCALL] [open] [PATH][string] [/data/data/com.aippl.BubbleShooter.ncpplwdj/shared_prefs/sdk.xml] [RETURN][int] [43]
D/S4URC   ( 3563): [SDK] [java.io.File] [getPath] [FilePath][String] [/data/data/com.aippl.BubbleShooter.ncpplwdj/shared_prefs/sdk.xml]
D/S4URC   ( 3563): [NDK] [SYSCALL] [chmod] [PATH][string] [/data/data/com.aippl.BubbleShooter.ncpplwdj/shared_prefs/sdk.xml] [MODE][int] [0660]
D/S4URC   ( 3563): [SDK] [java.io.File] [getPath] [FilePath][String] [/data/data/com.aippl.BubbleShooter.ncpplwdj/shared_prefs/sdk.xml]
D/S4URC   ( 3563): [NDK] [SYSCALL] [stat] [PATH][string] [/data/data/com.aippl.BubbleShooter.ncpplwdj/shared_prefs/sdk.xml]
D/S4URC   ( 3563): [SDK] [java.io.File] [delete] [FilePath][String] [/data/data/com.aippl.BubbleShooter.ncpplwdj/shared_prefs/sdk.xml.bak]
D/S4URC   ( 3563): [NDK] [SYSCALL] [lstat] [PATH][string] [/data/data/com.aippl.BubbleShooter.ncpplwdj/shared_prefs/sdk.xml.bak]
D/S4URC   ( 3563): [SDK] [android.content.ContextWrapper][getSharedPreferences] [File][sdk.xml] [MODE][MODE_PRIVATE] [Method][commit]
D/S4URC   ( 3563): [SDK] [android.app.ActivityManager] [getRunningServices]
D/S4URC   ( 3563): [SDK] [android.content.Intent] [Constructor] [IntentInfo][String] [com.snowfish.a.a.s.ABGSvc]
D/S4URC   ( 3563): [SDK] [java.io.File] [exists] [FilePath][String] [/storage/sdcard0/Sonnenblume/res.apk]
D/S4URC   ( 3563): [NDK] [SYSCALL] [access] [PATH][string] [/storage/sdcard0/Sonnenblume/res.apk]
D/S4URC   ( 3563): [SDK] [java.lang.Class] [forName] [FindClass][String] [com.snowfish.a.a.p.IAHelper]
D/S4URC   ( 3563): [NDK] [SYSCALL] [stat] [PATH][string] [/storage/sdcard0/Sonnenblume/res.apk]
D/S4URC   ( 3563): [SDK] [java.io.File] [exists] [FilePath][String] [/storage/sdcard0/Sonnenblume/res.apk]
D/S4URC   ( 3563): [NDK] [SYSCALL] [access] [PATH][string] [/storage/sdcard0/Sonnenblume/res.apk]
D/S4URC   ( 3563): [SDK] [java.lang.Class] [forName] [FindClass][String] [com.snowfish.a.a.p.IAHelper]
D/S4URC   ( 3563): [NDK] [SYSCALL] [stat] [PATH][string] [/storage/sdcard0/Sonnenblume/res.apk]
D/S4URC   ( 3563): [SDK] [java.lang.Class] [forName] [FindClass][String] [com.snowfish.a.a.p.IAHelper]
D/S4URC   ( 3563): [SDK] [android.app.ApplicationPackageManager] [getApplicationInfo] [FindApplicationName][String] [com.aippl.BubbleShooter.ncpplwdj]
D/S4URC   ( 3563): [NDK] [SYSCALL] [lstat] [PATH][string] [/storage]
D/S4URC   ( 3563): [NDK] [SYSCALL] [lstat] [PATH][string] [/storage/sdcard0]
D/S4URC   ( 3563): [SDK] [java.io.File] [Constructor] [FilePath][String] [/storage/sdcard0]
D/S4URC   ( 3563): [SDK] [java.io.File] [Constructor] [FilePath][String] [/storage/sdcard1]
D/S4URC   ( 3563): [SDK] [java.io.File] [Constructor] [FilePath][String] [/storage/usb2host]
D/S4URC   ( 3563): [SDK] [java.io.File] [Constructor] [FilePath][String] [/storage/usb3device]
D/S4URC   ( 3563): [SDK] [java.io.File] [Constructor] [FilePath][String] [/storage/usb3host]
D/S4URC   ( 3563): [SDK] [android.app.ActivityManager] [getRunningServices]
D/S4URC   ( 3563): [SDK] [android.os.Environment] [getExternalStorageState] [ExternalStorageState][String] [mounted]
D/S4URC   ( 3563): [SDK] [java.io.File] [getPath] [FilePath][String] [/storage/sdcard0]
D/S4URC   ( 3563): [SDK] [android.os.Environment] [getExternalStorageDirectory] [DirectoryPath][String] [/storage/sdcard0]
D/S4URC   ( 3563): [SDK] [java.io.File] [getPath] [FilePath][String] [/storage/sdcard0]
D/S4URC   ( 3563): [SDK] [android.os.Environment] [getExternalStorageDirectory] [DirectoryPath][String] [/storage/sdcard0]
D/S4URC   ( 3563): [SDK] [java.io.File] [Constructor] [FilePath][String] [/storage/sdcard0/Sonnenblume]
D/S4URC   ( 3563): [SDK] [java.io.File] [exists] [FilePath][String] [/storage/sdcard0/Sonnenblume]
D/S4URC   ( 3563): [NDK] [SYSCALL] [access] [PATH][string] [/storage/sdcard0/Sonnenblume]
D/S4URC   ( 3563): [SDK] [java.io.File] [getPath] [FilePath][String] [/storage/sdcard0/Sonnenblume]
D/S4URC   ( 3563): [SDK] [java.io.File] [exists] [FilePath][String] [/storage/sdcard0/Sonnenblume/sf_idle.ini]
D/S4URC   ( 3563): [NDK] [SYSCALL] [access] [PATH][string] [/storage/sdcard0/Sonnenblume/sf_idle.ini]
D/S4URC   ( 3563): [SDK] [java.io.File] [getPath] [FilePath][String] [/data/data/com.aippl.BubbleShooter.ncpplwdj]
D/S4URC   ( 3563): [SDK] [java.io.File] [exists] [FilePath][String] [/data/data/com.aippl.BubbleShooter.ncpplwdj/app_Sonnenblume]
D/S4URC   ( 3563): [NDK] [SYSCALL] [access] [PATH][string] [/data/data/com.aippl.BubbleShooter.ncpplwdj/app_Sonnenblume]
D/S4URC   ( 3563): [SDK] [java.io.File] [Constructor] [FilePath][String] [/data/data/com.aippl.BubbleShooter.ncpplwdj/app_Sonnenblume]
D/S4URC   ( 3563): [SDK] [java.io.File] [exists] [FilePath][String] [/data/data/com.aippl.BubbleShooter.ncpplwdj/app_Sonnenblume]
D/S4URC   ( 3563): [NDK] [SYSCALL] [access] [PATH][string] [/data/data/com.aippl.BubbleShooter.ncpplwdj/app_Sonnenblume]
D/S4URC   ( 3563): [SDK] [java.io.File] [getPath] [FilePath][String] [/data/data/com.aippl.BubbleShooter.ncpplwdj/app_Sonnenblume]
D/S4URC   ( 3563): [SDK] [java.io.File] [exists] [FilePath][String] [/data/data/com.aippl.BubbleShooter.ncpplwdj/app_Sonnenblume/sf_idle.ini]
D/S4URC   ( 3563): [NDK] [SYSCALL] [access] [PATH][string] [/data/data/com.aippl.BubbleShooter.ncpplwdj/app_Sonnenblume/sf_idle.ini]
D/S4URC   ( 3563): [NDK] [SYSCALL] [lstat] [PATH][string] [/storage]
D/S4URC   ( 3563): [NDK] [SYSCALL] [lstat] [PATH][string] [/storage/sdcard0]
D/S4URC   ( 3563): [SDK] [java.io.File] [Constructor] [FilePath][String] [/storage/sdcard0]
D/S4URC   ( 3563): [SDK] [java.io.File] [Constructor] [FilePath][String] [/storage/sdcard1]
D/S4URC   ( 3563): [SDK] [java.io.File] [Constructor] [FilePath][String] [/storage/usb2host]
D/S4URC   ( 3563): [SDK] [java.io.File] [Constructor] [FilePath][String] [/storage/usb3device]
D/S4URC   ( 3563): [SDK] [java.io.File] [Constructor] [FilePath][String] [/storage/usb3host]
D/S4URC   ( 3563): [SDK] [android.os.Environment] [getExternalStorageState] [ExternalStorageState][String] [mounted]
D/S4URC   ( 3563): [SDK] [java.io.File] [getPath] [FilePath][String] [/storage/sdcard0]
D/S4URC   ( 3563): [SDK] [android.os.Environment] [getExternalStorageDirectory] [DirectoryPath][String] [/storage/sdcard0]
D/S4URC   ( 3563): [SDK] [java.io.File] [getPath] [FilePath][String] [/storage/sdcard0]
D/S4URC   ( 3563): [SDK] [android.os.Environment] [getExternalStorageDirectory] [DirectoryPath][String] [/storage/sdcard0]
D/S4URC   ( 3563): [SDK] [java.io.File] [Constructor] [FilePath][String] [/storage/sdcard0/Sonnenblume]
D/S4URC   ( 3563): [SDK] [java.io.File] [exists] [FilePath][String] [/storage/sdcard0/Sonnenblume]
D/S4URC   ( 3563): [NDK] [SYSCALL] [access] [PATH][string] [/storage/sdcard0/Sonnenblume]
D/S4URC   ( 3563): [SDK] [java.io.File] [getPath] [FilePath][String] [/storage/sdcard0/Sonnenblume/apayment.db]
D/S4URC   ( 3563): [NDK] [SYSCALL] [stat] [PATH][string] [/storage/sdcard0/Sonnenblume/apayment.db]
D/S4URC   ( 3563): [NDK] [SYSCALL] [open] [PATH][string] [/storage/sdcard0/Sonnenblume/apayment.db] [RETURN][int] [43]
D/S4URC   ( 3563): [NDK] [SYSCALL] [stat] [PATH][string] [/storage/sdcard0/Sonnenblume/apayment.db]
D/S4URC   ( 3563): [NDK] [SYSCALL] [access] [PATH][string] [/storage/sdcard0/Sonnenblume/apayment.db-journal]
D/S4URC   ( 3563): [NDK] [SYSCALL] [unlink] [PATH][string] [/storage/sdcard0/Sonnenblume/apayment.db-wal]
D/S4URC   ( 3563): [NDK] [SYSCALL] [access] [PATH][string] [/storage/sdcard0/Sonnenblume/apayment.db-journal]
D/S4URC   ( 3563): [NDK] [SYSCALL] [unlink] [PATH][string] [/storage/sdcard0/Sonnenblume/apayment.db-wal]
D/S4URC   ( 3563): [NDK] [SYSCALL] [stat] [PATH][string] [/storage/sdcard0/Sonnenblume/apayment.db]
D/S4URC   ( 3563): [NDK] [SYSCALL] [open] [PATH][string] [/storage/sdcard0/Sonnenblume/apayment.db-journal] [RETURN][int] [55]
D/S4URC   ( 3563): [NDK] [SYSCALL] [open] [PATH][string] [/dev/urandom] [RETURN][int] [56]
D/S4URC   ( 3563): [NDK] [SYSCALL] [open] [PATH][string] [/storage/sdcard0/Sonnenblume] [RETURN][int] [56]
D/S4URC   ( 3563): [NDK] [SYSCALL] [access] [PATH][string] [/storage/sdcard0/Sonnenblume/apayment.db-journal]
D/S4URC   ( 3563): [NDK] [SYSCALL] [stat] [PATH][string] [/storage/sdcard0/Sonnenblume/apayment.db-journal]
D/S4URC   ( 3563): [NDK] [SYSCALL] [stat] [PATH][string] [/storage/sdcard0/Sonnenblume/apayment.db]
D/S4URC   ( 3563): [NDK] [SYSCALL] [open] [PATH][string] [/storage/sdcard0/Sonnenblume/apayment.db-journal] [RETURN][int] [55]
D/S4URC   ( 3563): [NDK] [SYSCALL] [access] [PATH][string] [/storage/sdcard0/Sonnenblume/apayment.db-wal]
D/S4URC   ( 3563): [NDK] [SYSCALL] [access] [PATH][string] [/storage/sdcard0/Sonnenblume/apayment.db-journal]
D/S4URC   ( 3563): [NDK] [SYSCALL] [stat] [PATH][string] [/storage/sdcard0/Sonnenblume/apayment.db-journal]
D/S4URC   ( 3563): [NDK] [SYSCALL] [stat] [PATH][string] [/storage/sdcard0/Sonnenblume/apayment.db]
D/S4URC   ( 3563): [NDK] [SYSCALL] [open] [PATH][string] [/storage/sdcard0/Sonnenblume/apayment.db-journal] [RETURN][int] [55]
D/S4URC   ( 3563): [NDK] [SYSCALL] [access] [PATH][string] [/storage/sdcard0/Sonnenblume/apayment.db-wal]
D/S4URC   ( 3563): [NDK] [SYSCALL] [stat] [PATH][string] [/storage/sdcard0/Sonnenblume/apayment.db]
D/S4URC   ( 3563): [NDK] [SYSCALL] [open] [PATH][string] [/storage/sdcard0/Sonnenblume/apayment.db-journal] [RETURN][int] [55]
D/S4URC   ( 3563): [NDK] [SYSCALL] [open] [PATH][string] [/storage/sdcard0/Sonnenblume] [RETURN][int] [56]
D/S4URC   ( 3563): [SDK] [android.telephony.TelephonyManager] [getLine1Number]
D/S4URC   ( 3563): [NDK] [SYSCALL] [access] [PATH][string] [/storage/sdcard0/Sonnenblume/apayment.db-journal]
D/S4URC   ( 3563): [NDK] [SYSCALL] [stat] [PATH][string] [/storage/sdcard0/Sonnenblume/apayment.db-journal]
D/S4URC   ( 3563): [NDK] [SYSCALL] [stat] [PATH][string] [/storage/sdcard0/Sonnenblume/apayment.db]
D/S4URC   ( 3563): [NDK] [SYSCALL] [open] [PATH][string] [/storage/sdcard0/Sonnenblume/apayment.db-journal] [RETURN][int] [45]
D/S4URC   ( 3563): [NDK] [SYSCALL] [access] [PATH][string] [/storage/sdcard0/Sonnenblume/apayment.db-wal]
D/S4URC   ( 3563): [NDK] [SYSCALL] [access] [PATH][string] [/storage/sdcard0/Sonnenblume/apayment.db-journal]
D/S4URC   ( 3563): [NDK] [SYSCALL] [stat] [PATH][string] [/storage/sdcard0/Sonnenblume/apayment.db-journal]
D/S4URC   ( 3563): [NDK] [SYSCALL] [stat] [PATH][string] [/storage/sdcard0/Sonnenblume/apayment.db]
D/S4URC   ( 3563): [NDK] [SYSCALL] [open] [PATH][string] [/storage/sdcard0/Sonnenblume/apayment.db-journal] [RETURN][int] [45]
D/S4URC   ( 3563): [NDK] [SYSCALL] [access] [PATH][string] [/storage/sdcard0/Sonnenblume/apayment.db-wal]
D/S4URC   ( 3563): [NDK] [SYSCALL] [stat] [PATH][string] [/storage/sdcard0/Sonnenblume/apayment.db]
D/S4URC   ( 3563): [NDK] [SYSCALL] [open] [PATH][string] [/storage/sdcard0/Sonnenblume/apayment.db-journal] [RETURN][int] [55]
D/S4URC   ( 3563): [SDK] [android.app.ApplicationPackageManager] [getPackageInfo] [FindPackageName][String] [com.aippl.BubbleShooter.ncpplwdj]
D/S4URC   ( 3563): [SDK] [android.telephony.TelephonyManager] [getSubscriberId]
D/S4URC   ( 3563): [SDK] [android.app.ApplicationPackageManager] [getPackageInfo] [FindPackageName][String] [com.aippl.BubbleShooter.ncpplwdj]
D/S4URC   ( 3563): [SDK] [java.lang.Class] [forName] [FindClass][String] [com.android.org.conscrypt.OpenSSLMessageDigestJDK$MD5]
D/S4URC   ( 3563): [SDK] [java.lang.Class] [forName] [FindClass][String] [com.android.org.bouncycastle.jcajce.provider.symmetric.AES$KeyGen]
D/S4URC   ( 3563): [NDK] [SYSCALL] [stat] [PATH][string] [/dev/urandom]
D/S4URC   ( 3563): [NDK] [SYSCALL] [open] [PATH][string] [/dev/urandom] [RETURN][int] [45]
D/S4URC   ( 3563): [SDK] [javax.crypto.spec.SecretKeySpec][Constructor] [KEY][k0slUddpwp9AMaxgXHhriubSD/XJvE8o][type][AES][javax.crypto.Cipher][getInstance] [Cipher][AES] [javax.crypto.Cipher][doFinal] [Data][] [Return][Rh4Tk+/GVQBjzJ7GI0GWww==]
D/S4URC   ( 3563): [SDK] [android.app.ApplicationPackageManager] [getPackageInfo] [FindPackageName][String] [com.aippl.BubbleShooter.ncpplwdj]
D/S4URC   ( 3563): [SDK] [java.io.File] [getPath] [FilePath][String] [/data/data/com.aippl.BubbleShooter.ncpplwdj]
D/S4URC   ( 3563): [SDK] [java.io.File] [getPath] [FilePath][String] [/data/data/com.aippl.BubbleShooter.ncpplwdj/shared_prefs]
D/S4URC   ( 3563): [SDK] [java.io.File] [getPath] [FilePath][String] [/data/data/com.aippl.BubbleShooter.ncpplwdj/shared_prefs/root_operation.xml]
D/S4URC   ( 3563): [SDK] [java.io.File] [Constructor] [FilePath][String] [/data/data/com.aippl.BubbleShooter.ncpplwdj/shared_prefs/root_operation.xml.bak]
D/S4URC   ( 3563): [SDK] [java.io.File] [exists] [FilePath][String] [/data/data/com.aippl.BubbleShooter.ncpplwdj/shared_prefs/root_operation.xml]
D/S4URC   ( 3563): [NDK] [SYSCALL] [access] [PATH][string] [/data/data/com.aippl.BubbleShooter.ncpplwdj/shared_prefs/root_operation.xml]
D/S4URC   ( 3563): [SDK] [android.content.ContextWrapper][getSharedPreferences] [File][root_operation.xml] [MODE][MODE_PRIVATE]
D/S4URC   ( 3563): [SDK] [java.io.File] [exists] [FilePath][String] [/data/data/com.aippl.BubbleShooter.ncpplwdj/shared_prefs/root_operation.xml.bak]
D/S4URC   ( 3563): [NDK] [SYSCALL] [access] [PATH][string] [/data/data/com.aippl.BubbleShooter.ncpplwdj/shared_prefs/root_operation.xml.bak]
D/S4URC   ( 3563): [SDK] [java.io.File] [exists] [FilePath][String] [/data/data/com.aippl.BubbleShooter.ncpplwdj/shared_prefs/root_operation.xml]
D/S4URC   ( 3563): [NDK] [SYSCALL] [access] [PATH][string] [/data/data/com.aippl.BubbleShooter.ncpplwdj/shared_prefs/root_operation.xml]
D/S4URC   ( 3563): [SDK] [java.io.File] [getPath] [FilePath][String] [/data/data/com.aippl.BubbleShooter.ncpplwdj/shared_prefs/root_operation.xml]
D/S4URC   ( 3563): [NDK] [SYSCALL] [stat] [PATH][string] [/data/data/com.aippl.BubbleShooter.ncpplwdj/shared_prefs/root_operation.xml]
D/S4URC   ( 3563): [SDK] [android.content.ContextWrapper][getSharedPreferences] [File][root_operation.xml] [MODE][MODE_PRIVATE] [Method][getInt] [Int][operation] [Return][1]
D/S4URC   ( 3563): [SDK] [android.database.sqlite.SQLiteDatabase] [execSQL] [ExecInfo][String] [CREATE TABLE IF NOT EXISTS apayment_record (appId TEXT, id TEXT, type TEXT, value TEXT,reserved TEXT,PRIMARY KEY (appId,id))]
D/S4URC   ( 3563): [SDK] [android.database.sqlite.SQLiteDatabase] [execSQL] [ExecInfo][String] [CREATE TABLE IF NOT EXISTS apayment_userinfo (userId TEXT PRIMARY KEY ,version TEXT,reserved TEXT)]
D/S4URC   ( 3563): [SDK] [android.database.sqlite.SQLiteDatabase] [execSQL] [ExecInfo][String] [CREATE TABLE IF NOT EXISTS allt (pt TEXT, t TEXT, i TEXT, v TEXT,ts TEXT, PRIMARY KEY (pt, t, i))]
D/S4URC   ( 3563): [SDK] [android.database.sqlite.SQLiteDatabase] [execSQL] [ExecInfo][String] [PRAGMA user_version = 3]
D/S4URC   ( 3563): [NDK] [SYSCALL] [socket] [TYPE][string] [TCP]
D/S4URC   ( 3732): [SDK] [java.lang.Class] [forName] [FindClass][String] [java.net.HttpURLConnection]
D/S4URC   ( 3732): [SDK] [java.lang.Class] [forName] [FindClass][String] [com.android.okhttp.internal.http.HttpURLConnectionImpl]
D/S4URC   ( 3732): [SDK] [java.lang.Class] [forName] [FindClass][String] [java.net.Socket]
D/S4URC   ( 3732): [SDK] [java.lang.Class] [forName] [FindClass][String] [android.telephony.TelephonyManager]
D/S4URC   ( 3732): [SDK] [java.lang.Class] [forName] [FindClass][String] [android.os.Debug]
D/S4URC   ( 3732): [SDK] [java.lang.Class] [forName] [FindClass][String] [android.hardware.SensorManager]
D/S4URC   ( 3563): [NDK] [SYSCALL] [open] [PATH][string] [/storage/sdcard0/Sonnenblume] [RETURN][int] [56]
D/S4URC   ( 3563): [NDK] [SYSCALL] [access] [PATH][string] [/storage/sdcard0/Sonnenblume/apayment.db-journal]
D/S4URC   ( 3563): [NDK] [SYSCALL] [stat] [PATH][string] [/storage/sdcard0/Sonnenblume/apayment.db-journal]
D/S4URC   ( 3563): [NDK] [SYSCALL] [stat] [PATH][string] [/storage/sdcard0/Sonnenblume/apayment.db]
D/S4URC   ( 3563): [NDK] [SYSCALL] [open] [PATH][string] [/storage/sdcard0/Sonnenblume/apayment.db-journal] [RETURN][int] [55]
D/S4URC   ( 3563): [NDK] [SYSCALL] [access] [PATH][string] [/storage/sdcard0/Sonnenblume/apayment.db-wal]
D/S4URC   ( 3563): [NDK] [SYSCALL] [lstat] [PATH][string] [/storage]
D/S4URC   ( 3563): [NDK] [SYSCALL] [lstat] [PATH][string] [/storage/sdcard0]
D/S4URC   ( 3563): [SDK] [java.io.File] [Constructor] [FilePath][String] [/storage/sdcard0]
D/S4URC   ( 3563): [SDK] [java.io.File] [Constructor] [FilePath][String] [/storage/sdcard1]
D/S4URC   ( 3563): [SDK] [java.io.File] [Constructor] [FilePath][String] [/storage/usb2host]
D/S4URC   ( 3563): [SDK] [java.io.File] [Constructor] [FilePath][String] [/storage/usb3device]
D/S4URC   ( 3563): [SDK] [java.io.File] [Constructor] [FilePath][String] [/storage/usb3host]
D/S4URC   ( 3563): [SDK] [android.os.Environment] [getExternalStorageState] [ExternalStorageState][String] [mounted]
D/S4URC   ( 3563): [SDK] [java.io.File] [getPath] [FilePath][String] [/storage/sdcard0]
D/S4URC   ( 3563): [SDK] [android.os.Environment] [getExternalStorageDirectory] [DirectoryPath][String] [/storage/sdcard0]
D/S4URC   ( 3563): [SDK] [java.io.File] [getPath] [FilePath][String] [/storage/sdcard0]
D/S4URC   ( 3732): [SDK] [java.lang.Class] [forName] [FindClass][String] [android.content.res.ResourcesKey]
D/S4URC   ( 3732): [SDK] [java.lang.Class] [forName] [FindClass][String] [android.app.ResourcesManager]
D/S4URC   ( 3563): [SDK] [java.io.File] [getPath] [FilePath][String] [/storage/sdcard0]
D/S4URC   ( 3563): [SDK] [android.os.Environment] [getExternalStorageDirectory] [DirectoryPath][String] [/storage/sdcard0]
D/S4URC   ( 3563): [SDK] [java.io.File] [Constructor] [FilePath][String] [/storage/sdcard0/Sonnenblume]
D/S4URC   ( 3563): [SDK] [java.io.File] [exists] [FilePath][String] [/storage/sdcard0/Sonnenblume]
D/S4URC   ( 3563): [NDK] [SYSCALL] [access] [PATH][string] [/storage/sdcard0/Sonnenblume]
D/S4URC   ( 3563): [SDK] [java.io.File] [getPath] [FilePath][String] [/storage/sdcard0/Sonnenblume]
D/S4URC   ( 3732): [SDK] [java.io.File] [Constructor] [FilePath][String] [/data/app/com.aippl.BubbleShooter.ncpplwdj-1/base.apk]
D/S4URC   ( 3563): [SDK] [java.io.File] [getPath] [FilePath][String] [/storage/sdcard0/Sonnenblume/sf_idle.ini]
D/S4URC   ( 3732): [SDK] [java.io.File] [getPath] [FilePath][String] [/data/data/com.aippl.BubbleShooter.ncpplwdj]
D/S4URC   ( 3732): [SDK] [java.io.File] [exists] [FilePath][String] [/data/data/com.aippl.BubbleShooter.ncpplwdj/cache]
D/S4URC   ( 3732): [SDK] [java.io.File] [getPath] [FilePath][String] [/data/data/com.aippl.BubbleShooter.ncpplwdj/cache]
D/S4URC   ( 3563): [NDK] [SYSCALL] [open] [PATH][string] [/storage/sdcard0/Sonnenblume/sf_idle.ini] [RETURN][int] [56]
D/S4URC   ( 3563): [SDK] [java.io.File] [getPath] [FilePath][String] [/data/data/com.aippl.BubbleShooter.ncpplwdj]
D/S4URC   ( 3563): [SDK] [java.io.File] [exists] [FilePath][String] [/data/data/com.aippl.BubbleShooter.ncpplwdj/app_Sonnenblume]
D/S4URC   ( 3563): [NDK] [SYSCALL] [access] [PATH][string] [/data/data/com.aippl.BubbleShooter.ncpplwdj/app_Sonnenblume]
D/S4URC   ( 3563): [SDK] [java.io.File] [Constructor] [FilePath][String] [/data/data/com.aippl.BubbleShooter.ncpplwdj/app_Sonnenblume]
D/S4URC   ( 3563): [SDK] [java.io.File] [exists] [FilePath][String] [/data/data/com.aippl.BubbleShooter.ncpplwdj/app_Sonnenblume]
D/S4URC   ( 3563): [NDK] [SYSCALL] [access] [PATH][string] [/data/data/com.aippl.BubbleShooter.ncpplwdj/app_Sonnenblume]
D/S4URC   ( 3563): [SDK] [java.io.File] [getPath] [FilePath][String] [/data/data/com.aippl.BubbleShooter.ncpplwdj/app_Sonnenblume]
D/S4URC   ( 3563): [SDK] [java.io.File] [getPath] [FilePath][String] [/data/data/com.aippl.BubbleShooter.ncpplwdj/app_Sonnenblume/sf_idle.ini]
D/S4URC   ( 3563): [NDK] [SYSCALL] [open] [PATH][string] [/data/data/com.aippl.BubbleShooter.ncpplwdj/app_Sonnenblume/sf_idle.ini] [RETURN][int] [56]
D/S4URC   ( 3563): [NDK] [SYSCALL] [stat] [PATH][string] [/storage/sdcard0/Sonnenblume/apayment.db]
D/S4URC   ( 3732): [SDK] [android.content.ContextWrapper] [registerReceiver][IntentFilter][android.provider.Telephony.SMS_RECEIVED,
D/S4URC   ( 3732): [SDK] [java.io.File] [Constructor] [FilePath][String] [/storage/sdcard0]
D/S4URC   ( 3732): [SDK] [java.io.File] [Constructor] [FilePath][String] [/storage/sdcard1]
D/S4URC   ( 3732): [SDK] [java.io.File] [Constructor] [FilePath][String] [/storage/usb2host]
D/S4URC   ( 3732): [SDK] [java.io.File] [Constructor] [FilePath][String] [/storage/usb3device]
D/S4URC   ( 3732): [SDK] [java.io.File] [Constructor] [FilePath][String] [/storage/usb3host]
D/S4URC   ( 3732): [SDK] [android.os.Environment] [getExternalStorageState] [ExternalStorageState][String] [mounted]
D/S4URC   ( 3732): [SDK] [java.io.File] [getPath] [FilePath][String] [/storage/sdcard0]
D/S4URC   ( 3732): [SDK] [android.os.Environment] [getExternalStorageDirectory] [DirectoryPath][String] [/storage/sdcard0]
D/S4URC   ( 3732): [SDK] [java.io.File] [getPath] [FilePath][String] [/storage/sdcard0]
D/S4URC   ( 3732): [SDK] [android.os.Environment] [getExternalStorageDirectory] [DirectoryPath][String] [/storage/sdcard0]
D/S4URC   ( 3732): [SDK] [java.io.File] [getPath] [FilePath][String] [/storage/sdcard0]
D/S4URC   ( 3732): [SDK] [java.io.File] [getPath] [FilePath][String] [/storage/sdcard0/Sonnenblume]
D/S4URC   ( 3732): [SDK] [java.io.File] [Constructor] [FilePath][String] [/storage/sdcard0]
D/S4URC   ( 3732): [SDK] [java.io.File] [Constructor] [FilePath][String] [/storage/sdcard1]
D/S4URC   ( 3732): [SDK] [java.io.File] [Constructor] [FilePath][String] [/storage/usb2host]
D/S4URC   ( 3732): [SDK] [java.io.File] [Constructor] [FilePath][String] [/storage/usb3device]
D/S4URC   ( 3732): [SDK] [java.io.File] [Constructor] [FilePath][String] [/storage/usb3host]
D/S4URC   ( 3732): [SDK] [android.os.Environment] [getExternalStorageState] [ExternalStorageState][String] [mounted]
D/S4URC   ( 3732): [SDK] [java.io.File] [getPath] [FilePath][String] [/storage/sdcard0]
D/S4URC   ( 3732): [SDK] [android.os.Environment] [getExternalStorageDirectory] [DirectoryPath][String] [/storage/sdcard0]
D/S4URC   ( 3732): [SDK] [java.io.File] [getPath] [FilePath][String] [/storage/sdcard0]
D/S4URC   ( 3732): [SDK] [android.os.Environment] [getExternalStorageDirectory] [DirectoryPath][String] [/storage/sdcard0]
D/S4URC   ( 3732): [SDK] [java.io.File] [getPath] [FilePath][String] [/storage/sdcard0]
D/S4URC   ( 3732): [SDK] [java.io.File] [getPath] [FilePath][String] [/storage/sdcard0/Sonnenblume]
D/S4URC   ( 3732): [SDK] [java.io.File] [getPath] [FilePath][String] [/data/app/com.aippl.BubbleShooter.ncpplwdj-1/base.apk]
D/S4URC   ( 3732): [SDK] [java.io.File] [Constructor] [FilePath][String] [/data/app/com.aippl.BubbleShooter.ncpplwdj-1/base.apk]
D/S4URC   ( 3732): [SDK] [java.io.File] [getPath] [FilePath][String] [/data/app/com.aippl.BubbleShooter.ncpplwdj-1/base.apk]
D/S4URC   ( 3732): [SDK] [java.io.File] [Constructor] [FilePath][String] [/data/app/com.aippl.BubbleShooter.ncpplwdj-1/base.apk]
D/S4URC   ( 3732): [SDK] [java.io.File] [getPath] [FilePath][String] [/data/app/com.aippl.BubbleShooter.ncpplwdj-1/base.apk]
D/S4URC   ( 3732): [SDK] [java.io.File] [isDirectory] [FilePath][String] [/data/app/com.aippl.BubbleShooter.ncpplwdj-1/base.apk]
D/S4URC   ( 3732): [SDK] [java.io.File] [Constructor] [FilePath][String] [/data/app/com.aippl.BubbleShooter.ncpplwdj-1/base.apk]
D/S4URC   ( 3732): [SDK] [java.io.File] [getPath] [FilePath][String] [/data/app/com.aippl.BubbleShooter.ncpplwdj-1/base.apk]
D/S4URC   ( 3732): [SDK] [java.io.File] [Constructor] [FilePath][String] [/data/app/com.aippl.BubbleShooter.ncpplwdj-1/base.apk]
D/S4URC   ( 3732): [SDK] [java.io.File] [getPath] [FilePath][String] [/data/app/com.aippl.BubbleShooter.ncpplwdj-1/base.apk]
D/S4URC   ( 3563): [SDK] [java.lang.Class] [forName] [FindClass][String] [com.sf.factory.ACI]
D/S4URC   ( 3563): [SDK] [java.io.File] [Constructor] [FilePath][String] [/proc/cpuinfo]
D/S4URC   ( 3563): [SDK] [java.io.File] [getPath] [FilePath][String] [/proc/cpuinfo]
D/S4URC   ( 3563): [NDK] [SYSCALL] [open] [PATH][string] [/proc/cpuinfo] [RETURN][int] [43]
D/S4URC   ( 3563): [SDK] [java.lang.Class] [forName] [FindClass][String] [com.snowfish.android.ahelper.AHelperMetaData]
D/S4URC   ( 3563): [SDK] [android.app.ApplicationPackageManager] [getApplicationInfo] [FindApplicationName][String] [com.aippl.BubbleShooter.ncpplwdj]
D/S4URC   ( 3563): [SDK] [java.lang.Class] [forName] [FindClass][String] [com.snowfish.android.ahelper.AHelperMetaData]
D/S4URC   ( 3563): [SDK] [android.app.ApplicationPackageManager] [getApplicationInfo] [FindApplicationName][String] [com.aippl.BubbleShooter.ncpplwdj]
D/S4URC   ( 3732): [SDK] [java.lang.Class] [forName] [FindClass][String] [com.android.org.conscrypt.OpenSSLSignature$MD5RSA]
D/S4URC   ( 3563): [SDK] [java.lang.Class] [forName] [FindClass][String] [android.os.SystemProperties]
D/S4URC   ( 3563): [NDK] [SYSCALL] [lstat] [PATH][string] [/storage]
D/S4URC   ( 3563): [NDK] [SYSCALL] [lstat] [PATH][string] [/storage/sdcard0]
D/S4URC   ( 3563): [SDK] [java.io.File] [Constructor] [FilePath][String] [/storage/sdcard0]
D/S4URC   ( 3563): [SDK] [java.io.File] [Constructor] [FilePath][String] [/storage/sdcard1]
D/S4URC   ( 3563): [SDK] [java.io.File] [Constructor] [FilePath][String] [/storage/usb2host]
D/S4URC   ( 3563): [SDK] [java.io.File] [Constructor] [FilePath][String] [/storage/usb3device]
D/S4URC   ( 3563): [SDK] [java.io.File] [Constructor] [FilePath][String] [/storage/usb3host]
D/S4URC   ( 3563): [SDK] [android.os.Environment] [getExternalStorageState] [ExternalStorageState][String] [mounted]
D/S4URC   ( 3563): [SDK] [java.io.File] [getPath] [FilePath][String] [/storage/sdcard0]
D/S4URC   ( 3563): [SDK] [android.os.Environment] [getExternalStorageDirectory] [DirectoryPath][String] [/storage/sdcard0]
D/S4URC   ( 3563): [SDK] [java.io.File] [getPath] [FilePath][String] [/storage/sdcard0]
D/S4URC   ( 3563): [SDK] [android.os.Environment] [getExternalStorageDirectory] [DirectoryPath][String] [/storage/sdcard0]
D/S4URC   ( 3563): [SDK] [java.io.File] [Constructor] [FilePath][String] [/storage/sdcard0/Sonnenblume]
D/S4URC   ( 3563): [SDK] [java.io.File] [exists] [FilePath][String] [/storage/sdcard0/Sonnenblume]
D/S4URC   ( 3563): [NDK] [SYSCALL] [access] [PATH][string] [/storage/sdcard0/Sonnenblume]
D/S4URC   ( 3563): [SDK] [java.io.File] [exists] [FilePath][String] [/storage/sdcard0/Sonnenblume/56E1A2A1F8527F3C01BCAE22E4F7C949]
D/S4URC   ( 3563): [NDK] [SYSCALL] [access] [PATH][string] [/storage/sdcard0/Sonnenblume/56E1A2A1F8527F3C01BCAE22E4F7C949]
D/S4URC   ( 3563): [NDK] [SYSCALL] [lstat] [PATH][string] [/storage]
D/S4URC   ( 3563): [NDK] [SYSCALL] [lstat] [PATH][string] [/storage/sdcard0]
