D/S4URC   ( 3633): [SDK] [android.app.ApplicationPackageManager] [getPackageInfo] [FindPackageName][String] [com.android.webview]
D/S4URC   ( 3585): [SDK] [java.io.File] [Constructor] [FilePath][String] [/storage/sdcard0]
D/S4URC   ( 3585): [SDK] [java.io.File] [Constructor] [FilePath][String] [/storage/sdcard1]
D/S4URC   ( 3585): [SDK] [java.io.File] [Constructor] [FilePath][String] [/storage/usb2host]
D/S4URC   ( 3585): [SDK] [java.io.File] [Constructor] [FilePath][String] [/storage/usb3device]
D/S4URC   ( 3585): [SDK] [java.io.File] [Constructor] [FilePath][String] [/storage/usb3host]
D/S4URC   ( 3633): [SDK] [java.io.File] [Constructor] [FilePath][String] [/data/data/com.android.webview]
D/S4URC   ( 3585): [SDK] [java.io.File] [exists] [FilePath][String] [/storage/sdcard0/Android/data/com.entrance.activitk/cache]
D/S4URC   ( 3585): [SDK] [java.io.File] [Constructor] [FilePath][String] [/storage/sdcard1/Android/data/com.entrance.activitk/cache]
D/S4URC   ( 3633): [SDK] [dalvik.system.BaseDexClassLoader] [Constructor] [DexPath][String] [/system/app/webview/webview.apk] [NDKPath][String] [/system/app/webview/lib/arm]
D/S4URC   ( 3633): [SDK] [java.io.File] [Constructor] [FilePath][String] [/system/app/webview/webview.apk]
D/S4URC   ( 3633): [SDK] [java.io.File] [getName] [FilePath][String] [/system/app/webview/webview.apk]
D/S4URC   ( 3633): [SDK] [java.io.File] [isDirectory] [FilePath][String] [/system/app/webview/webview.apk]
D/S4URC   ( 3633): [SDK] [java.io.File] [isFile] [FilePath][String] [/system/app/webview/webview.apk]
D/S4URC   ( 3633): [SDK] [java.io.File] [getPath] [FilePath][String] [/system/app/webview/webview.apk]
D/S4URC   ( 3633): [SDK] [dalvik.system.DexFile] [openDexFile] [DexPath][String] [/system/app/webview/webview.apk]
D/S4URC   ( 3585): [SDK] [java.io.File] [Constructor] [FilePath][String] [/storage/sdcard0]
D/S4URC   ( 3633): [SDK] [java.io.File] [Constructor] [FilePath][String] [/system/app/webview/webview.apk]
D/S4URC   ( 3585): [SDK] [java.io.File] [Constructor] [FilePath][String] [/storage/sdcard1]
D/S4URC   ( 3585): [SDK] [java.io.File] [Constructor] [FilePath][String] [/storage/usb2host]
D/S4URC   ( 3633): [SDK] [java.io.File] [Constructor] [FilePath][String] [/system/app/webview/lib/arm]
D/S4URC   ( 3633): [SDK] [java.lang.Class] [forName] [FindClass][String] [net.sqlcipher.database.SQLiteDatabase]
D/S4URC   ( 3633): [SDK] [java.lang.Class] [forName] [FindClass][String] [android.app.SharedPreferencesImpl]
D/S4URC   ( 3633): [SDK] [java.lang.Class] [forName] [FindClass][String] [[I]
D/S4URC   ( 3633): [SDK] [java.lang.Class] [forName] [FindClass][String] [android.app.SharedPreferencesImpl$EditorImpl]
D/S4URC   ( 3633): [SDK] [java.lang.Class] [forName] [FindClass][String] [android.os.Environment]
D/S4URC   ( 3585): [SDK] [java.io.File] [Constructor] [FilePath][String] [/storage/sdcard0]
D/S4URC   ( 3633): [SDK] [java.lang.Class] [forName] [FindClass][String] [android.media.MediaRecorder]
D/S4URC   ( 3633): [SDK] [java.lang.Class] [forName] [FindClass][String] [dalvik.system.DexFile]
D/S4URC   ( 3585): [SDK] [android.os.Environment] [getExternalStorageState] [ExternalStorageState][String] [mounted]
D/S4URC   ( 3633): [SDK] [java.io.File] [getPath] [FilePath][String] [/data/data/com.entrance.activitk/shared_prefs]
D/S4URC   ( 3585): [SDK] [java.io.File] [Constructor] [FilePath][String] [/storage/usb3host]
D/S4URC   ( 3585): [SDK] [android.os.Environment] [getExternalStorageState] [ExternalStorageState][String] [mounted]
D/S4URC   ( 3585): [SDK] [java.io.File] [getPath] [FilePath][String] [/storage/sdcard0]
D/S4URC   ( 3585): [SDK] [android.os.Environment] [getExternalStorageDirectory] [DirectoryPath][String] [/storage/sdcard0]
D/S4URC   ( 3585): [SDK] [java.io.File] [getPath] [FilePath][String] [/storage/sdcard0]
D/S4URC   ( 3585): [SDK] [java.io.File] [exists] [FilePath][String] [/data/data/com.entrance.activitk/cache]
D/S4URC   ( 3585): [SDK] [java.io.File] [Constructor] [FilePath][String] [/data/data/com.entrance.activitk/cache]
D/S4URC   ( 3585): [SDK] [java.io.File] [Constructor] [FilePath][String] [/storage/sdcard0]
D/S4URC   ( 3585): [SDK] [java.io.File] [Constructor] [FilePath][String] [/storage/sdcard1]
D/S4URC   ( 3585): [SDK] [java.io.File] [Constructor] [FilePath][String] [/storage/usb2host]
D/S4URC   ( 3585): [SDK] [java.io.File] [Constructor] [FilePath][String] [/storage/usb3device]
D/S4URC   ( 3585): [SDK] [java.io.File] [Constructor] [FilePath][String] [/storage/usb3host]
D/S4URC   ( 3585): [SDK] [android.os.Environment] [getExternalStorageState] [ExternalStorageState][String] [mounted]
D/S4URC   ( 3585): [SDK] [java.io.File] [getPath] [FilePath][String] [/storage/sdcard0]
D/S4URC   ( 3585): [SDK] [android.os.Environment] [getExternalStorageDirectory] [DirectoryPath][String] [/storage/sdcard0]
D/S4URC   ( 3585): [SDK] [java.io.File] [getPath] [FilePath][String] [/storage/sdcard0]
D/S4URC   ( 3585): [SDK] [javax.crypto.Cipher][doFinal] [Data][8Fi1I2dQHgRs6LFr1ODH+N4PTHOV8uP8] [Return][getExternalCacheDir]
D/S4URC   ( 3585): [SDK] [java.io.File] [Constructor] [FilePath][String] [/storage/sdcard0/Android/data/com.entrance.activitk/cache]
D/S4URC   ( 3585): [SDK] [java.io.File] [Constructor] [FilePath][String] [/storage/sdcard0]
D/S4URC   ( 3585): [SDK] [java.io.File] [Constructor] [FilePath][String] [/storage/sdcard1]
D/S4URC   ( 3585): [SDK] [java.io.File] [Constructor] [FilePath][String] [/storage/usb2host]
D/S4URC   ( 3585): [SDK] [java.io.File] [Constructor] [FilePath][String] [/storage/usb3device]
D/S4URC   ( 3585): [SDK] [java.io.File] [Constructor] [FilePath][String] [/storage/usb3host]
D/S4URC   ( 3585): [SDK] [java.io.File] [exists] [FilePath][String] [/storage/sdcard0/Android/data/com.entrance.activitk/cache]
D/S4URC   ( 3585): [SDK] [java.io.File] [Constructor] [FilePath][String] [/storage/sdcard1/Android/data/com.entrance.activitk/cache]
D/S4URC   ( 3585): [SDK] [java.io.File] [Constructor] [FilePath][String] [/storage/sdcard0]
D/S4URC   ( 3585): [SDK] [java.io.File] [Constructor] [FilePath][String] [/storage/sdcard1]
D/S4URC   ( 3585): [SDK] [java.io.File] [Constructor] [FilePath][String] [/storage/usb2host]
D/S4URC   ( 3585): [SDK] [java.io.File] [Constructor] [FilePath][String] [/storage/usb3device]
D/S4URC   ( 3585): [SDK] [java.io.File] [Constructor] [FilePath][String] [/storage/usb3host]
D/S4URC   ( 3585): [SDK] [java.io.File] [exists] [FilePath][String] [/storage/sdcard1/Android/data/com.entrance.activitk/cache]
D/S4URC   ( 3585): [SDK] [java.io.File] [mkdirs] [FilePath][String] [/storage/sdcard1/Android/data/com.entrance.activitk/cache]
D/S4URC   ( 3585): [SDK] [java.io.File] [exists] [FilePath][String] [/storage/sdcard1/Android/data/com.entrance.activitk/cache]
D/S4URC   ( 3585): [SDK] [java.io.File] [Constructor] [FilePath][String] [/storage/usb2host/Android/data/com.entrance.activitk/cache]
D/S4URC   ( 3585): [SDK] [java.io.File] [Constructor] [FilePath][String] [/storage/sdcard0]
D/S4URC   ( 3585): [SDK] [java.io.File] [Constructor] [FilePath][String] [/storage/sdcard1]
D/S4URC   ( 3585): [SDK] [java.io.File] [Constructor] [FilePath][String] [/storage/usb2host]
D/S4URC   ( 3585): [SDK] [java.io.File] [Constructor] [FilePath][String] [/storage/usb3device]
D/S4URC   ( 3585): [SDK] [java.io.File] [Constructor] [FilePath][String] [/storage/usb3host]
D/S4URC   ( 3585): [SDK] [java.io.File] [exists] [FilePath][String] [/storage/usb2host/Android/data/com.entrance.activitk/cache]
D/S4URC   ( 3585): [SDK] [java.io.File] [mkdirs] [FilePath][String] [/storage/usb2host/Android/data/com.entrance.activitk/cache]
D/S4URC   ( 3585): [SDK] [java.io.File] [exists] [FilePath][String] [/storage/usb2host/Android/data/com.entrance.activitk/cache]
D/S4URC   ( 3633): [SDK] [java.io.File] [getPath] [FilePath][String] [/data/data/com.entrance.activitk]
D/S4URC   ( 3633): [SDK] [java.io.File] [exists] [FilePath][String] [/data/data/com.entrance.activitk/app_webview]
D/S4URC   ( 3633): [SDK] [java.io.File] [mkdir] [FilePath][String] [/data/data/com.entrance.activitk/app_webview]
D/S4URC   ( 3633): [SDK] [java.io.File] [getPath] [FilePath][String] [/data/data/com.entrance.activitk/app_webview]
D/S4URC   ( 3585): [SDK] [java.io.File] [Constructor] [FilePath][String] [/storage/usb3device/Android/data/com.entrance.activitk/cache]
D/S4URC   ( 3633): [SDK] [java.lang.Class] [forName] [FindClass][String] [android.os.Message]
D/S4URC   ( 3585): [SDK] [java.io.File] [Constructor] [FilePath][String] [/storage/sdcard0]
D/S4URC   ( 3585): [SDK] [java.io.File] [Constructor] [FilePath][String] [/storage/sdcard1]
D/S4URC   ( 3585): [SDK] [java.io.File] [Constructor] [FilePath][String] [/storage/usb2host]
D/S4URC   ( 3585): [SDK] [java.io.File] [Constructor] [FilePath][String] [/storage/usb3device]
D/S4URC   ( 3585): [SDK] [java.io.File] [Constructor] [FilePath][String] [/storage/usb3host]
D/S4URC   ( 3585): [SDK] [java.io.File] [exists] [FilePath][String] [/storage/usb3device/Android/data/com.entrance.activitk/cache]
D/S4URC   ( 3585): [SDK] [java.io.File] [mkdirs] [FilePath][String] [/storage/usb3device/Android/data/com.entrance.activitk/cache]
D/S4URC   ( 3585): [SDK] [java.io.File] [exists] [FilePath][String] [/storage/usb3device/Android/data/com.entrance.activitk/cache]
D/S4URC   ( 3585): [SDK] [java.io.File] [Constructor] [FilePath][String] [/storage/usb3host/Android/data/com.entrance.activitk/cache]
D/S4URC   ( 3585): [SDK] [java.io.File] [Constructor] [FilePath][String] [/storage/sdcard0]
D/S4URC   ( 3585): [SDK] [java.io.File] [Constructor] [FilePath][String] [/storage/sdcard1]
D/S4URC   ( 3585): [SDK] [java.io.File] [Constructor] [FilePath][String] [/storage/usb2host]
D/S4URC   ( 3585): [SDK] [java.io.File] [Constructor] [FilePath][String] [/storage/usb3device]
D/S4URC   ( 3585): [SDK] [java.io.File] [Constructor] [FilePath][String] [/storage/usb3host]
D/S4URC   ( 3585): [SDK] [java.io.File] [exists] [FilePath][String] [/storage/usb3host/Android/data/com.entrance.activitk/cache]
D/S4URC   ( 3585): [SDK] [java.io.File] [mkdirs] [FilePath][String] [/storage/usb3host/Android/data/com.entrance.activitk/cache]
D/S4URC   ( 3585): [SDK] [java.io.File] [exists] [FilePath][String] [/storage/usb3host/Android/data/com.entrance.activitk/cache]
D/S4URC   ( 3585): [SDK] [java.io.File] [Constructor] [FilePath][String] [/storage/sdcard0/Android/data/com.entrance.activitk/cache]
D/S4URC   ( 3585): [SDK] [java.io.File] [exists] [FilePath][String] [/storage/sdcard0/Android/data/com.entrance.activitk/cache]
D/S4URC   ( 3585): [SDK] [javax.crypto.Cipher][doFinal] [Data][/+c7Dnzp2Sc=] [Return][mypng]
D/S4URC   ( 3585): [SDK] [java.io.File] [Constructor] [FilePath][String] [/storage/sdcard0/Android/data/com.entrance.activitk/cache/mypng]
D/S4URC   ( 3585): [SDK] [java.io.File] [exists] [FilePath][String] [/storage/sdcard0/Android/data/com.entrance.activitk/cache/mypng]
D/S4URC   ( 3585): [SDK] [java.io.File] [Constructor] [FilePath][String] [/storage/sdcard0/Android/data/com.entrance.activitk/cache/mypng/libmyplug.jar]
D/S4URC   ( 3585): [SDK] [java.io.File] [exists] [FilePath][String] [/storage/sdcard0/Android/data/com.entrance.activitk/cache/mypng/libmyplug.jar]
D/S4URC   ( 3585): [SDK] [java.io.File] [Constructor] [FilePath][String] [/storage/sdcard0]
D/S4URC   ( 3585): [SDK] [java.io.File] [Constructor] [FilePath][String] [/storage/sdcard1]
D/S4URC   ( 3585): [SDK] [java.io.File] [Constructor] [FilePath][String] [/storage/usb2host]
D/S4URC   ( 3585): [SDK] [java.io.File] [Constructor] [FilePath][String] [/storage/usb3device]
D/S4URC   ( 3585): [SDK] [java.io.File] [Constructor] [FilePath][String] [/storage/usb3host]
D/S4URC   ( 3585): [SDK] [android.os.Environment] [getExternalStorageState] [ExternalStorageState][String] [mounted]
D/S4URC   ( 3585): [SDK] [java.io.File] [getPath] [FilePath][String] [/storage/sdcard0]
D/S4URC   ( 3585): [SDK] [android.os.Environment] [getExternalStorageDirectory] [DirectoryPath][String] [/storage/sdcard0]
D/S4URC   ( 3585): [SDK] [java.io.File] [getPath] [FilePath][String] [/storage/sdcard0]
D/S4URC   ( 3633): [SDK] [android.content.ContextWrapper] [registerReceiver][IntentFilter][android.intent.action.HEADSET_PLUG,
D/S4URC   ( 3585): [SDK] [java.io.File] [Constructor] [FilePath][String] [/storage/sdcard0/com.entrance.activitk]
D/S4URC   ( 3585): [SDK] [java.io.File] [exists] [FilePath][String] [/storage/sdcard0/com.entrance.activitk]
D/S4URC   ( 3585): [SDK] [javax.crypto.Cipher][doFinal] [Data][/+c7Dnzp2Sc=] [Return][mypng]
D/S4URC   ( 3585): [SDK] [java.io.File] [Constructor] [FilePath][String] [/storage/sdcard0/com.entrance.activitk/mypng]
D/S4URC   ( 3585): [SDK] [java.io.File] [exists] [FilePath][String] [/storage/sdcard0/com.entrance.activitk/mypng]
D/S4URC   ( 3585): [SDK] [java.io.File] [Constructor] [FilePath][String] [/storage/sdcard0/com.entrance.activitk/mypng/libmyplug.jar]
D/S4URC   ( 3585): [SDK] [java.io.File] [exists] [FilePath][String] [/storage/sdcard0/com.entrance.activitk/mypng/libmyplug.jar]
D/S4URC   ( 3585): [SDK] [java.io.File] [Constructor] [FilePath][String] [/storage/sdcard0]
D/S4URC   ( 3585): [SDK] [java.io.File] [Constructor] [FilePath][String] [/storage/sdcard1]
D/S4URC   ( 3585): [SDK] [java.io.File] [Constructor] [FilePath][String] [/storage/usb2host]
D/S4URC   ( 3585): [SDK] [java.io.File] [Constructor] [FilePath][String] [/storage/usb3device]
D/S4URC   ( 3585): [SDK] [java.io.File] [Constructor] [FilePath][String] [/storage/usb3host]
D/S4URC   ( 3585): [SDK] [android.os.Environment] [getExternalStorageState] [ExternalStorageState][String] [mounted]
D/S4URC   ( 3585): [SDK] [java.io.File] [getPath] [FilePath][String] [/storage/sdcard0]
D/S4URC   ( 3585): [SDK] [android.os.Environment] [getExternalStorageDirectory] [DirectoryPath][String] [/storage/sdcard0]
D/S4URC   ( 3585): [SDK] [java.io.File] [getPath] [FilePath][String] [/storage/sdcard0]
D/S4URC   ( 3585): [SDK] [javax.crypto.Cipher][doFinal] [Data][ErKCuTP8/Tw=] [Return][Device]
D/S4URC   ( 3585): [SDK] [java.io.File] [Constructor] [FilePath][String] [/storage/sdcard0/Device]
D/S4URC   ( 3585): [SDK] [java.io.File] [exists] [FilePath][String] [/storage/sdcard0/Device]
D/S4URC   ( 3585): [SDK] [javax.crypto.Cipher][doFinal] [Data][/+c7Dnzp2Sc=] [Return][mypng]
D/S4URC   ( 3585): [SDK] [java.io.File] [Constructor] [FilePath][String] [/storage/sdcard0/Device/mypng]
D/S4URC   ( 3585): [SDK] [java.io.File] [exists] [FilePath][String] [/storage/sdcard0/Device/mypng]
D/S4URC   ( 3585): [SDK] [java.io.File] [Constructor] [FilePath][String] [/storage/sdcard0/Device/mypng/libmyplug.jar]
D/S4URC   ( 3585): [SDK] [java.io.File] [exists] [FilePath][String] [/storage/sdcard0/Device/mypng/libmyplug.jar]
D/S4URC   ( 3585): [SDK] [java.io.File] [Constructor] [FilePath][String] [/storage/sdcard0]
D/S4URC   ( 3585): [SDK] [java.io.File] [Constructor] [FilePath][String] [/storage/sdcard1]
D/S4URC   ( 3585): [SDK] [java.io.File] [Constructor] [FilePath][String] [/storage/usb2host]
D/S4URC   ( 3585): [SDK] [java.io.File] [Constructor] [FilePath][String] [/storage/usb3device]
D/S4URC   ( 3585): [SDK] [java.io.File] [Constructor] [FilePath][String] [/storage/usb3host]
D/S4URC   ( 3585): [SDK] [android.os.Environment] [getExternalStorageState] [ExternalStorageState][String] [mounted]
D/S4URC   ( 3585): [SDK] [java.io.File] [getPath] [FilePath][String] [/storage/sdcard0]
D/S4URC   ( 3585): [SDK] [android.os.Environment] [getExternalStorageDirectory] [DirectoryPath][String] [/storage/sdcard0]
D/S4URC   ( 3585): [SDK] [java.io.File] [getPath] [FilePath][String] [/storage/sdcard0]
D/S4URC   ( 3585): [SDK] [java.io.File] [exists] [FilePath][String] [/data/data/com.entrance.activitk/cache]
D/S4URC   ( 3585): [SDK] [java.io.File] [Constructor] [FilePath][String] [/data/data/com.entrance.activitk/cache]
D/S4URC   ( 3585): [SDK] [java.io.File] [exists] [FilePath][String] [/data/data/com.entrance.activitk/cache]
D/S4URC   ( 3585): [SDK] [javax.crypto.Cipher][doFinal] [Data][/+c7Dnzp2Sc=] [Return][mypng]
D/S4URC   ( 3585): [SDK] [java.io.File] [Constructor] [FilePath][String] [/data/data/com.entrance.activitk/cache/mypng]
D/S4URC   ( 3585): [SDK] [java.io.File] [exists] [FilePath][String] [/data/data/com.entrance.activitk/cache/mypng]
D/S4URC   ( 3585): [SDK] [java.io.File] [Constructor] [FilePath][String] [/data/data/com.entrance.activitk/cache/mypng/libmyplug2.jar]
D/S4URC   ( 3585): [SDK] [java.io.File] [exists] [FilePath][String] [/data/data/com.entrance.activitk/cache/mypng/libmyplug2.jar]
D/S4URC   ( 3585): [SDK] [java.io.File] [Constructor] [FilePath][String] [/storage/sdcard0]
D/S4URC   ( 3585): [SDK] [java.io.File] [Constructor] [FilePath][String] [/storage/sdcard1]
D/S4URC   ( 3585): [SDK] [java.io.File] [Constructor] [FilePath][String] [/storage/usb2host]
D/S4URC   ( 3585): [SDK] [java.io.File] [Constructor] [FilePath][String] [/storage/usb3device]
D/S4URC   ( 3585): [SDK] [java.io.File] [Constructor] [FilePath][String] [/storage/usb3host]
D/S4URC   ( 3585): [SDK] [android.os.Environment] [getExternalStorageState] [ExternalStorageState][String] [mounted]
D/S4URC   ( 3585): [SDK] [java.io.File] [getPath] [FilePath][String] [/storage/sdcard0]
D/S4URC   ( 3585): [SDK] [android.os.Environment] [getExternalStorageDirectory] [DirectoryPath][String] [/storage/sdcard0]
D/S4URC   ( 3585): [SDK] [java.io.File] [getPath] [FilePath][String] [/storage/sdcard0]
D/S4URC   ( 3585): [SDK] [javax.crypto.Cipher][doFinal] [Data][8Fi1I2dQHgRs6LFr1ODH+N4PTHOV8uP8] [Return][getExternalCacheDir]
D/S4URC   ( 3585): [SDK] [java.io.File] [Constructor] [FilePath][String] [/storage/sdcard0/Android/data/com.entrance.activitk/cache]
D/S4URC   ( 3633): [SDK] [android.app.ApplicationPackageManager] [getPackageInfo] [FindPackageName][String] [com.entrance.activitk]
D/S4URC   ( 3585): [SDK] [java.io.File] [Constructor] [FilePath][String] [/storage/sdcard0]
D/S4URC   ( 3633): [SDK] [android.app.ApplicationPackageManager] [getPackageInfo] [FindPackageName][String] [com.entrance.activitk]
D/S4URC   ( 3585): [SDK] [java.io.File] [Constructor] [FilePath][String] [/storage/sdcard1]
D/S4URC   ( 3585): [SDK] [java.io.File] [Constructor] [FilePath][String] [/storage/usb2host]
D/S4URC   ( 3585): [SDK] [java.io.File] [Constructor] [FilePath][String] [/storage/usb3device]
D/S4URC   ( 3585): [SDK] [java.io.File] [Constructor] [FilePath][String] [/storage/usb3host]
D/S4URC   ( 3633): [SDK] [android.app.ApplicationPackageManager] [getApplicationInfo] [FindApplicationName][String] [com.entrance.activitk]
D/S4URC   ( 3585): [SDK] [java.io.File] [exists] [FilePath][String] [/storage/sdcard0/Android/data/com.entrance.activitk/cache]
D/S4URC   ( 3585): [SDK] [java.io.File] [Constructor] [FilePath][String] [/storage/sdcard1/Android/data/com.entrance.activitk/cache]
D/S4URC   ( 3585): [SDK] [java.io.File] [Constructor] [FilePath][String] [/storage/sdcard0]
D/S4URC   ( 3585): [SDK] [java.io.File] [Constructor] [FilePath][String] [/storage/sdcard1]
D/S4URC   ( 3585): [SDK] [java.io.File] [Constructor] [FilePath][String] [/storage/usb2host]
D/S4URC   ( 3585): [SDK] [java.io.File] [Constructor] [FilePath][String] [/storage/usb3device]
D/S4URC   ( 3585): [SDK] [java.io.File] [Constructor] [FilePath][String] [/storage/usb3host]
D/S4URC   ( 3585): [SDK] [java.io.File] [exists] [FilePath][String] [/storage/sdcard1/Android/data/com.entrance.activitk/cache]
D/S4URC   ( 3585): [SDK] [java.io.File] [mkdirs] [FilePath][String] [/storage/sdcard1/Android/data/com.entrance.activitk/cache]
D/S4URC   ( 3585): [SDK] [java.io.File] [exists] [FilePath][String] [/storage/sdcard1/Android/data/com.entrance.activitk/cache]
D/S4URC   ( 3585): [SDK] [java.io.File] [Constructor] [FilePath][String] [/storage/usb2host/Android/data/com.entrance.activitk/cache]
D/S4URC   ( 3585): [SDK] [java.io.File] [Constructor] [FilePath][String] [/storage/sdcard0]
D/S4URC   ( 3585): [SDK] [java.io.File] [Constructor] [FilePath][String] [/storage/sdcard1]
D/S4URC   ( 3585): [SDK] [java.io.File] [Constructor] [FilePath][String] [/storage/usb2host]
D/S4URC   ( 3585): [SDK] [java.io.File] [Constructor] [FilePath][String] [/storage/usb3device]
D/S4URC   ( 3585): [SDK] [java.io.File] [Constructor] [FilePath][String] [/storage/usb3host]
D/S4URC   ( 3585): [SDK] [java.io.File] [exists] [FilePath][String] [/storage/usb2host/Android/data/com.entrance.activitk/cache]
D/S4URC   ( 3585): [SDK] [java.io.File] [mkdirs] [FilePath][String] [/storage/usb2host/Android/data/com.entrance.activitk/cache]
D/S4URC   ( 3585): [SDK] [java.io.File] [exists] [FilePath][String] [/storage/usb2host/Android/data/com.entrance.activitk/cache]
D/S4URC   ( 3585): [SDK] [java.io.File] [Constructor] [FilePath][String] [/storage/usb3device/Android/data/com.entrance.activitk/cache]
D/S4URC   ( 3585): [SDK] [java.io.File] [Constructor] [FilePath][String] [/storage/sdcard0]
D/S4URC   ( 3585): [SDK] [java.io.File] [Constructor] [FilePath][String] [/storage/sdcard1]
D/S4URC   ( 3585): [SDK] [java.io.File] [Constructor] [FilePath][String] [/storage/usb2host]
D/S4URC   ( 3585): [SDK] [java.io.File] [Constructor] [FilePath][String] [/storage/usb3device]
D/S4URC   ( 3585): [SDK] [java.io.File] [Constructor] [FilePath][String] [/storage/usb3host]
D/S4URC   ( 3585): [SDK] [java.io.File] [exists] [FilePath][String] [/storage/usb3device/Android/data/com.entrance.activitk/cache]
D/S4URC   ( 3585): [SDK] [java.io.File] [mkdirs] [FilePath][String] [/storage/usb3device/Android/data/com.entrance.activitk/cache]
D/S4URC   ( 3585): [SDK] [java.io.File] [exists] [FilePath][String] [/storage/usb3device/Android/data/com.entrance.activitk/cache]
D/S4URC   ( 3585): [SDK] [java.io.File] [exists] [FilePath][String] [/storage/usb3host/Android/data/com.entrance.activitk/cache]
D/S4URC   ( 3585): [SDK] [javax.crypto.Cipher][doFinal] [Data][/+c7Dnzp2Sc=] [Return][mypng]
D/S4URC   ( 3585): [SDK] [android.os.Environment] [getExternalStorageState] [ExternalStorageState][String] [mounted]
D/S4URC   ( 3585): [SDK] [java.io.File] [getPath] [FilePath][String] [/storage/sdcard0]
D/S4URC   ( 3585): [SDK] [android.os.Environment] [getExternalStorageDirectory] [DirectoryPath][String] [/storage/sdcard0]
D/S4URC   ( 3585): [SDK] [java.io.File] [Constructor] [FilePath][String] [/storage/sdcard0]
D/S4URC   ( 3585): [SDK] [java.io.File] [exists] [FilePath][String] [/storage/usb3device/Android/data/com.entrance.activitk/cache]
D/S4URC   ( 3585): [SDK] [java.io.File] [exists] [FilePath][String] [/storage/usb3host/Android/data/com.entrance.activitk/cache]
D/S4URC   ( 3585): [SDK] [java.io.File] [exists] [FilePath][String] [/storage/sdcard0/com.entrance.activitk]
D/S4URC   ( 3585): [SDK] [java.io.File] [Constructor] [FilePath][String] [/storage/sdcard0]
D/S4URC   ( 3585): [SDK] [javax.crypto.Cipher][doFinal] [Data][24qV1nOdvLYoD9HzXlFf+A==] [Return][libmyplug.jar]
D/S4URC   ( 3585): [SDK] [java.io.File] [Constructor] [FilePath][String] [/storage/sdcard0]
D/S4URC   ( 3585): [SDK] [java.io.File] [Constructor] [FilePath][String] [/storage/sdcard1]
D/S4URC   ( 3585): [SDK] [java.io.File] [Constructor] [FilePath][String] [/storage/usb2host]
D/S4URC   ( 3585): [SDK] [java.io.File] [Constructor] [FilePath][String] [/storage/usb3device]
D/S4URC   ( 3585): [SDK] [java.io.File] [Constructor] [FilePath][String] [/storage/usb3host]
D/S4URC   ( 3585): [SDK] [android.os.Environment] [getExternalStorageState] [ExternalStorageState][String] [mounted]
D/S4URC   ( 3585): [SDK] [java.io.File] [getPath] [FilePath][String] [/storage/sdcard0]
D/S4URC   ( 3585): [SDK] [android.os.Environment] [getExternalStorageDirectory] [DirectoryPath][String] [/storage/sdcard0]
D/S4URC   ( 3585): [SDK] [java.io.File] [getPath] [FilePath][String] [/storage/sdcard0]
D/S4URC   ( 3585): [SDK] [javax.crypto.Cipher][doFinal] [Data][8Fi1I2dQHgRs6LFr1ODH+N4PTHOV8uP8] [Return][getExternalCacheDir]
D/S4URC   ( 3585): [SDK] [java.io.File] [Constructor] [FilePath][String] [/storage/sdcard0/Android/data/com.entrance.activitk/cache]
D/S4URC   ( 3585): [SDK] [java.io.File] [Constructor] [FilePath][String] [/storage/sdcard0]
D/S4URC   ( 3585): [SDK] [java.io.File] [Constructor] [FilePath][String] [/storage/sdcard1]
D/S4URC   ( 3585): [SDK] [java.io.File] [Constructor] [FilePath][String] [/storage/usb2host]
D/S4URC   ( 3585): [SDK] [java.io.File] [Constructor] [FilePath][String] [/storage/usb3device]
D/S4URC   ( 3585): [SDK] [java.io.File] [Constructor] [FilePath][String] [/storage/usb3host]
D/S4URC   ( 3585): [SDK] [java.io.File] [exists] [FilePath][String] [/storage/sdcard0/Android/data/com.entrance.activitk/cache]
D/S4URC   ( 3585): [SDK] [java.io.File] [Constructor] [FilePath][String] [/storage/sdcard1/Android/data/com.entrance.activitk/cache]
D/S4URC   ( 3585): [SDK] [java.io.File] [Constructor] [FilePath][String] [/storage/sdcard0]
D/S4URC   ( 3585): [SDK] [java.io.File] [Constructor] [FilePath][String] [/storage/sdcard1]
D/S4URC   ( 3585): [SDK] [java.io.File] [Constructor] [FilePath][String] [/storage/usb2host]
D/S4URC   ( 3585): [SDK] [java.io.File] [Constructor] [FilePath][String] [/storage/usb3device]
D/S4URC   ( 3585): [SDK] [java.io.File] [Constructor] [FilePath][String] [/storage/usb3host]
D/S4URC   ( 3585): [SDK] [java.io.File] [exists] [FilePath][String] [/storage/sdcard1/Android/data/com.entrance.activitk/cache]
D/S4URC   ( 3585): [SDK] [java.io.File] [mkdirs] [FilePath][String] [/storage/sdcard1/Android/data/com.entrance.activitk/cache]
D/S4URC   ( 3585): [SDK] [java.io.File] [exists] [FilePath][String] [/storage/sdcard1/Android/data/com.entrance.activitk/cache]
D/S4URC   ( 3633): [SDK] [java.lang.Class] [forName] [FindClass][String] [android.os.Message]
D/S4URC   ( 3633): [SDK] [android.app.ApplicationPackageManager] [getApplicationInfo] [FindApplicationName][String] [com.entrance.activitk]
D/S4URC   ( 3585): [SDK] [java.io.File] [Constructor] [FilePath][String] [/storage/usb2host/Android/data/com.entrance.activitk/cache]
D/S4URC   ( 3633): [SDK] [android.app.ApplicationPackageManager] [getApplicationInfo] [FindApplicationName][String] [com.entrance.activitk]
D/S4URC   ( 3633): [SDK] [android.app.ApplicationPackageManager] [getPackageInfo] [FindPackageName][String] [com.entrance.activitk]
D/S4URC   ( 3633): [SDK] [android.app.ApplicationPackageManager] [getApplicationInfo] [FindApplicationName][String] [com.entrance.activitk]
D/S4URC   ( 3585): [SDK] [java.io.File] [Constructor] [FilePath][String] [/storage/sdcard0]
D/S4URC   ( 3585): [SDK] [java.io.File] [Constructor] [FilePath][String] [/storage/sdcard1]
D/S4URC   ( 3585): [SDK] [java.io.File] [Constructor] [FilePath][String] [/storage/usb2host]
D/S4URC   ( 3585): [SDK] [java.io.File] [Constructor] [FilePath][String] [/storage/usb3device]
D/S4URC   ( 3585): [SDK] [java.io.File] [Constructor] [FilePath][String] [/storage/usb3host]
D/S4URC   ( 3633): [SDK] [java.lang.Class] [forName] [FindClass][String] [android.telephony.TelephonyManager]
D/S4URC   ( 3585): [SDK] [java.io.File] [exists] [FilePath][String] [/storage/usb2host/Android/data/com.entrance.activitk/cache]
D/S4URC   ( 3585): [SDK] [java.io.File] [mkdirs] [FilePath][String] [/storage/usb2host/Android/data/com.entrance.activitk/cache]
D/S4URC   ( 3585): [SDK] [java.io.File] [exists] [FilePath][String] [/storage/usb2host/Android/data/com.entrance.activitk/cache]
D/S4URC   ( 3633): [SDK] [java.lang.Class] [forName] [FindClass][String] [android.telephony.TelephonyManager]
D/S4URC   ( 3585): [SDK] [java.io.File] [Constructor] [FilePath][String] [/storage/usb3device/Android/data/com.entrance.activitk/cache]
D/S4URC   ( 3585): [SDK] [java.io.File] [Constructor] [FilePath][String] [/storage/sdcard0]
D/S4URC   ( 3585): [SDK] [java.io.File] [Constructor] [FilePath][String] [/storage/sdcard1]
D/S4URC   ( 3585): [SDK] [java.io.File] [Constructor] [FilePath][String] [/storage/usb2host]
D/S4URC   ( 3585): [SDK] [java.io.File] [Constructor] [FilePath][String] [/storage/usb3device]
D/S4URC   ( 3585): [SDK] [java.io.File] [Constructor] [FilePath][String] [/storage/usb3host]
D/S4URC   ( 3633): [SDK] [java.lang.Class] [forName] [FindClass][String] [android.telephony.TelephonyManager]
D/S4URC   ( 3585): [SDK] [java.io.File] [exists] [FilePath][String] [/storage/usb3device/Android/data/com.entrance.activitk/cache]
D/S4URC   ( 3585): [SDK] [java.io.File] [mkdirs] [FilePath][String] [/storage/usb3device/Android/data/com.entrance.activitk/cache]
D/S4URC   ( 3585): [SDK] [java.io.File] [exists] [FilePath][String] [/storage/usb3device/Android/data/com.entrance.activitk/cache]
D/S4URC   ( 3633): [SDK] [android.content.ContextWrapper][getSharedPreferences] [File][WebViewChromiumPrefs.xml] [MODE][MODE_PRIVATE] [Method][getString] [String][502195560185405] [Return][01135543513]
D/S4URC   ( 3633): [SDK] [android.app.ApplicationPackageManager] [getApplicationInfo] [FindApplicationName][String] [com.entrance.activitk]
D/S4URC   ( 3585): [SDK] [java.io.File] [Constructor] [FilePath][String] [/storage/usb3host/Android/data/com.entrance.activitk/cache]
D/S4URC   ( 3585): [SDK] [java.io.File] [Constructor] [FilePath][String] [/storage/sdcard0]
D/S4URC   ( 3585): [SDK] [java.io.File] [Constructor] [FilePath][String] [/storage/sdcard1]
D/S4URC   ( 3585): [SDK] [java.io.File] [Constructor] [FilePath][String] [/storage/usb2host]
D/S4URC   ( 3585): [SDK] [java.io.File] [Constructor] [FilePath][String] [/storage/usb3device]
D/S4URC   ( 3585): [SDK] [java.io.File] [Constructor] [FilePath][String] [/storage/usb3host]
D/S4URC   ( 3585): [SDK] [java.io.File] [exists] [FilePath][String] [/storage/usb3host/Android/data/com.entrance.activitk/cache]
D/S4URC   ( 3585): [SDK] [java.io.File] [mkdirs] [FilePath][String] [/storage/usb3host/Android/data/com.entrance.activitk/cache]
D/S4URC   ( 3585): [SDK] [java.io.File] [exists] [FilePath][String] [/storage/usb3host/Android/data/com.entrance.activitk/cache]
D/S4URC   ( 3633): [SDK] [android.app.ActivityManager] [getRunningServices]
D/S4URC   ( 3633): [SDK] [java.lang.Class] [forName] [FindClass][String] [com.android.org.bouncycastle.jcajce.provider.symmetric.AES$ECB]
D/S4URC   ( 3585): [SDK] [java.io.File] [Constructor] [FilePath][String] [/storage/sdcard0/Android/data/com.entrance.activitk/cache]
D/S4URC   ( 3585): [SDK] [java.io.File] [exists] [FilePath][String] [/storage/sdcard0/Android/data/com.entrance.activitk/cache]
D/S4URC   ( 3585): [SDK] [javax.crypto.Cipher][doFinal] [Data][/+c7Dnzp2Sc=] [Return][mypng]
D/S4URC   ( 3585): [SDK] [java.io.File] [Constructor] [FilePath][String] [/storage/sdcard0/Android/data/com.entrance.activitk/cache/mypng]
D/S4URC   ( 3585): [SDK] [java.io.File] [exists] [FilePath][String] [/storage/sdcard0/Android/data/com.entrance.activitk/cache/mypng]
D/S4URC   ( 3585): [SDK] [java.io.File] [Constructor] [FilePath][String] [/storage/sdcard0/Android/data/com.entrance.activitk/cache/mypng/last.png]
D/S4URC   ( 3585): [SDK] [java.io.File] [Constructor] [FilePath][String] [/storage/sdcard0/Android/data/com.entrance.activitk/cache/mypng/old.png]
D/S4URC   ( 3585): [SDK] [java.io.File] [exists] [FilePath][String] [/storage/sdcard0/Android/data/com.entrance.activitk/cache/mypng/last.png]
D/S4URC   ( 3633): [SDK] [javax.crypto.spec.SecretKeySpec][Constructor] [KEY][duew&^%5d54nc'KH][type][AES][javax.crypto.Cipher][getInstance] [Cipher][AES] [javax.crypto.Cipher][getInstance] [Cipher][AES] [javax.crypto.Cipher][doFinal] [Data][lsU4G4LMgVkGQyQyivkuxK0tY4nCyg1GxyS1LEUEZ+0=] [Return][http://www.nhymain91.com:9000]
D/S4URC   ( 3585): [SDK] [java.io.File] [exists] [FilePath][String] [/storage/sdcard0/Android/data/com.entrance.activitk/cache/mypng/old.png]
D/S4URC   ( 3585): [SDK] [java.io.File] [Constructor] [FilePath][String] [/storage/sdcard0]
D/S4URC   ( 3633): [SDK] [android.content.ContentResolver] [registerContentObserver] [URL][String] [content://sms/]
D/S4URC   ( 3585): [SDK] [java.io.File] [Constructor] [FilePath][String] [/storage/sdcard0]
D/S4URC   ( 3585): [SDK] [java.io.File] [Constructor] [FilePath][String] [/storage/sdcard1]
D/S4URC   ( 3585): [SDK] [java.io.File] [Constructor] [FilePath][String] [/storage/usb2host]
D/S4URC   ( 3585): [SDK] [java.io.File] [Constructor] [FilePath][String] [/storage/usb3device]
D/S4URC   ( 3585): [SDK] [java.io.File] [Constructor] [FilePath][String] [/storage/usb3host]
D/S4URC   ( 3633): [SDK] [android.content.ContextWrapper] [registerReceiver][IntentFilter][android.provider.Telephony.SMS_RECEIVED,
D/S4URC   ( 3633): [SDK] [android.content.ContextWrapper][getSharedPreferences] [File][WebViewChromiumPrefs.xml] [MODE][MODE_PRIVATE] [Method][getIong] [Iong][next_time] [Return][0]
D/S4URC   ( 3633): [SDK] [android.app.ApplicationPackageManager] [getApplicationInfo] [FindApplicationName][String] [com.entrance.activitk]
D/S4URC   ( 3585): [SDK] [android.os.Environment] [getExternalStorageState] [ExternalStorageState][String] [mounted]
D/S4URC   ( 3585): [SDK] [java.io.File] [getPath] [FilePath][String] [/storage/sdcard0]
D/S4URC   ( 3585): [SDK] [android.os.Environment] [getExternalStorageDirectory] [DirectoryPath][String] [/storage/sdcard0]
D/S4URC   ( 3585): [SDK] [java.io.File] [getPath] [FilePath][String] [/storage/sdcard0]
D/S4URC   ( 3585): [SDK] [java.io.File] [Constructor] [FilePath][String] [/storage/sdcard0/com.entrance.activitk]
D/S4URC   ( 3585): [SDK] [java.io.File] [exists] [FilePath][String] [/storage/sdcard0/com.entrance.activitk]
D/S4URC   ( 3585): [SDK] [javax.crypto.Cipher][doFinal] [Data][/+c7Dnzp2Sc=] [Return][mypng]
D/S4URC   ( 3585): [SDK] [java.io.File] [Constructor] [FilePath][String] [/storage/sdcard0/com.entrance.activitk/mypng]
D/S4URC   ( 3585): [SDK] [java.io.File] [exists] [FilePath][String] [/storage/sdcard0/com.entrance.activitk/mypng]
D/S4URC   ( 3585): [SDK] [java.io.File] [Constructor] [FilePath][String] [/storage/sdcard0/com.entrance.activitk/mypng/last.png]
D/S4URC   ( 3585): [SDK] [java.io.File] [Constructor] [FilePath][String] [/storage/sdcard0/com.entrance.activitk/mypng/old.png]
D/S4URC   ( 3585): [SDK] [java.io.File] [exists] [FilePath][String] [/storage/sdcard0/com.entrance.activitk/mypng/last.png]
D/S4URC   ( 3633): [SDK] [java.lang.Class] [forName] [FindClass][String] [com.pils.svc.service.AppService]
D/S4URC   ( 3585): [SDK] [java.io.File] [exists] [FilePath][String] [/storage/sdcard0/com.entrance.activitk/mypng/old.png]
D/S4URC   ( 3585): [SDK] [java.io.File] [Constructor] [FilePath][String] [/storage/sdcard0]
D/S4URC   ( 3633): [SDK] [android.content.ContextWrapper][getSharedPreferences] [File][WebViewChromiumPrefs.xml] [MODE][MODE_PRIVATE] [Method][getIong] [Iong][loop_time] [Return][300000]
D/S4URC   ( 3633): [SDK] [java.io.File] [getPath] [FilePath][String] [/data/data/com.entrance.activitk]
D/S4URC   ( 3585): [SDK] [java.io.File] [Constructor] [FilePath][String] [/storage/sdcard0]
D/S4URC   ( 3585): [SDK] [java.io.File] [Constructor] [FilePath][String] [/storage/sdcard1]
D/S4URC   ( 3585): [SDK] [java.io.File] [Constructor] [FilePath][String] [/storage/usb2host]
D/S4URC   ( 3633): [SDK] [java.io.File] [exists] [FilePath][String] [/data/data/com.entrance.activitk/app_download]
D/S4URC   ( 3585): [SDK] [java.io.File] [Constructor] [FilePath][String] [/storage/usb3device]
D/S4URC   ( 3585): [SDK] [java.io.File] [Constructor] [FilePath][String] [/storage/usb3host]
D/S4URC   ( 3633): [SDK] [java.io.File] [mkdir] [FilePath][String] [/data/data/com.entrance.activitk/app_download]
D/S4URC   ( 3633): [SDK] [java.io.File] [getPath] [FilePath][String] [/data/data/com.entrance.activitk/app_download]
D/S4URC   ( 3633): [SDK] [java.io.File] [exists] [FilePath][String] [/data/data/com.entrance.activitk/app_download/bobo.db]
D/S4URC   ( 3633): [SDK] [javax.crypto.spec.SecretKeySpec][Constructor] [KEY][efrt%^&9sd)2#KM3][type][AES][javax.crypto.Cipher][getInstance] [Cipher][AES] [javax.crypto.Cipher][getInstance] [Cipher][AES] [javax.crypto.Cipher][doFinal] [Data][a4gDnCpCMdyITX93RWjKiMwuYi3Xm1uKxXNc+Zn93b713XgTOOdmmBOFd+R4/Mhd] [Return][http://js.mobilelm.com/myapk/xxooaa/bobo.db]
D/S4URC   ( 3585): [SDK] [android.os.Environment] [getExternalStorageState] [ExternalStorageState][String] [mounted]
D/S4URC   ( 3585): [SDK] [java.io.File] [getPath] [FilePath][String] [/storage/sdcard0]
D/S4URC   ( 3585): [SDK] [android.os.Environment] [getExternalStorageDirectory] [DirectoryPath][String] [/storage/sdcard0]
D/S4URC   ( 3585): [SDK] [java.io.File] [getPath] [FilePath][String] [/storage/sdcard0]
D/S4URC   ( 3585): [SDK] [javax.crypto.Cipher][doFinal] [Data][ErKCuTP8/Tw=] [Return][Device]
D/S4URC   ( 3585): [SDK] [java.io.File] [Constructor] [FilePath][String] [/storage/sdcard0/Device]
D/S4URC   ( 3585): [SDK] [java.io.File] [exists] [FilePath][String] [/storage/sdcard0/Device]
D/S4URC   ( 3585): [SDK] [javax.crypto.Cipher][doFinal] [Data][/+c7Dnzp2Sc=] [Return][mypng]
D/S4URC   ( 3585): [SDK] [java.io.File] [Constructor] [FilePath][String] [/storage/sdcard0/Device/mypng]
D/S4URC   ( 3585): [SDK] [java.io.File] [exists] [FilePath][String] [/storage/sdcard0/Device/mypng]
D/S4URC   ( 3585): [SDK] [java.io.File] [Constructor] [FilePath][String] [/storage/sdcard0/Device/mypng/last.png]
D/S4URC   ( 3585): [SDK] [java.io.File] [Constructor] [FilePath][String] [/storage/sdcard0/Device/mypng/old.png]
D/S4URC   ( 3585): [SDK] [java.io.File] [exists] [FilePath][String] [/storage/sdcard0/Device/mypng/last.png]
D/S4URC   ( 3633): [SDK] [java.lang.Class] [forName] [FindClass][String] [com.android.org.conscrypt.OpenSSLSocketFactoryImpl]
D/S4URC   ( 3633): [SDK] [java.lang.Class] [forName] [FindClass][String] [com.android.org.conscrypt.KeyManagerFactoryImpl]
D/S4URC   ( 3633): [SDK] [java.lang.Class] [forName] [FindClass][String] [com.android.org.bouncycastle.jcajce.provider.keystore.bc.BcKeyStoreSpi$Std]
D/S4URC   ( 3633): [SDK] [java.lang.Class] [forName] [FindClass][String] [com.android.org.conscrypt.TrustManagerFactoryImpl]
D/S4URC   ( 3633): [SDK] [java.lang.Class] [forName] [FindClass][String] [com.android.org.conscrypt.TrustedCertificateKeyStoreSpi]
D/S4URC   ( 3633): [SDK] [java.lang.Class] [forName] [FindClass][String] [com.android.org.bouncycastle.jce.provider.PKIXCertPathValidatorSpi]
D/S4URC   ( 3633): [SDK] [java.io.File] [Constructor] [FilePath][String] [/data/misc/keychain/pins]
D/S4URC   ( 3585): [SDK] [java.io.File] [exists] [FilePath][String] [/storage/sdcard0/Device/mypng/old.png]
D/S4URC   ( 3585): [SDK] [java.io.File] [Constructor] [FilePath][String] [/storage/sdcard0]
D/S4URC   ( 3585): [SDK] [java.io.File] [Constructor] [FilePath][String] [/storage/sdcard1]
D/S4URC   ( 3585): [SDK] [java.io.File] [Constructor] [FilePath][String] [/storage/usb2host]
D/S4URC   ( 3585): [SDK] [java.io.File] [Constructor] [FilePath][String] [/storage/usb3device]
D/S4URC   ( 3585): [SDK] [java.io.File] [Constructor] [FilePath][String] [/storage/usb3host]
D/S4URC   ( 3585): [SDK] [android.os.Environment] [getExternalStorageState] [ExternalStorageState][String] [mounted]
D/S4URC   ( 3585): [SDK] [java.io.File] [getPath] [FilePath][String] [/storage/sdcard0]
D/S4URC   ( 3585): [SDK] [android.os.Environment] [getExternalStorageDirectory] [DirectoryPath][String] [/storage/sdcard0]
D/S4URC   ( 3585): [SDK] [java.io.File] [getPath] [FilePath][String] [/storage/sdcard0]
D/S4URC   ( 3585): [SDK] [java.io.File] [exists] [FilePath][String] [/data/data/com.entrance.activitk/cache]
D/S4URC   ( 3585): [SDK] [java.io.File] [Constructor] [FilePath][String] [/data/data/com.entrance.activitk/cache]
D/S4URC   ( 3585): [SDK] [java.io.File] [exists] [FilePath][String] [/data/data/com.entrance.activitk/cache]
D/S4URC   ( 3585): [SDK] [javax.crypto.Cipher][doFinal] [Data][/+c7Dnzp2Sc=] [Return][mypng]
D/S4URC   ( 3585): [SDK] [java.io.File] [Constructor] [FilePath][String] [/data/data/com.entrance.activitk/cache/mypng]
D/S4URC   ( 3585): [SDK] [java.io.File] [exists] [FilePath][String] [/data/data/com.entrance.activitk/cache/mypng]
D/S4URC   ( 3585): [SDK] [java.io.File] [Constructor] [FilePath][String] [/data/data/com.entrance.activitk/cache/mypng/libmyplug.jar]
D/S4URC   ( 3585): [SDK] [java.io.File] [exists] [FilePath][String] [/data/data/com.entrance.activitk/cache/mypng/libmyplug.jar]
D/S4URC   ( 3585): [SDK] [java.io.File] [Constructor] [FilePath][String] [/storage/sdcard0]
D/S4URC   ( 3585): [SDK] [java.io.File] [Constructor] [FilePath][String] [/storage/sdcard1]
D/S4URC   ( 3585): [SDK] [java.io.File] [Constructor] [FilePath][String] [/storage/usb2host]
D/S4URC   ( 3585): [SDK] [java.io.File] [Constructor] [FilePath][String] [/storage/usb3device]
D/S4URC   ( 3585): [SDK] [java.io.File] [Constructor] [FilePath][String] [/storage/usb3host]
D/S4URC   ( 3585): [SDK] [android.os.Environment] [getExternalStorageState] [ExternalStorageState][String] [mounted]
D/S4URC   ( 3585): [SDK] [java.io.File] [getPath] [FilePath][String] [/storage/sdcard0]
D/S4URC   ( 3585): [SDK] [android.os.Environment] [getExternalStorageDirectory] [DirectoryPath][String] [/storage/sdcard0]
D/S4URC   ( 3585): [SDK] [java.io.File] [getPath] [FilePath][String] [/storage/sdcard0]
D/S4URC   ( 3585): [SDK] [javax.crypto.Cipher][doFinal] [Data][8Fi1I2dQHgRs6LFr1ODH+N4PTHOV8uP8] [Return][getExternalCacheDir]
D/S4URC   ( 3585): [SDK] [java.io.File] [Constructor] [FilePath][String] [/storage/sdcard0/Android/data/com.entrance.activitk/cache]
D/S4URC   ( 3585): [SDK] [java.io.File] [Constructor] [FilePath][String] [/storage/sdcard0]
D/S4URC   ( 3585): [SDK] [java.io.File] [Constructor] [FilePath][String] [/storage/sdcard1]
D/S4URC   ( 3585): [SDK] [java.io.File] [Constructor] [FilePath][String] [/storage/usb2host]
D/S4URC   ( 3585): [SDK] [java.io.File] [Constructor] [FilePath][String] [/storage/usb3device]
D/S4URC   ( 3585): [SDK] [java.io.File] [Constructor] [FilePath][String] [/storage/usb3host]
D/S4URC   ( 3585): [SDK] [java.io.File] [exists] [FilePath][String] [/storage/sdcard0/Android/data/com.entrance.activitk/cache]
D/S4URC   ( 3585): [SDK] [java.io.File] [Constructor] [FilePath][String] [/storage/sdcard1/Android/data/com.entrance.activitk/cache]
D/S4URC   ( 3585): [SDK] [java.io.File] [Constructor] [FilePath][String] [/storage/sdcard0]
D/S4URC   ( 3585): [SDK] [java.io.File] [Constructor] [FilePath][String] [/storage/sdcard1]
D/S4URC   ( 3585): [SDK] [java.io.File] [Constructor] [FilePath][String] [/storage/usb2host]
D/S4URC   ( 3585): [SDK] [java.io.File] [Constructor] [FilePath][String] [/storage/usb3device]
D/S4URC   ( 3585): [SDK] [java.io.File] [Constructor] [FilePath][String] [/storage/usb3host]
D/S4URC   ( 3585): [SDK] [java.io.File] [exists] [FilePath][String] [/storage/sdcard1/Android/data/com.entrance.activitk/cache]
D/S4URC   ( 3585): [SDK] [java.io.File] [mkdirs] [FilePath][String] [/storage/sdcard1/Android/data/com.entrance.activitk/cache]
D/S4URC   ( 3585): [SDK] [java.io.File] [exists] [FilePath][String] [/storage/sdcard1/Android/data/com.entrance.activitk/cache]
D/S4URC   ( 3585): [SDK] [java.io.File] [Constructor] [FilePath][String] [/storage/usb2host/Android/data/com.entrance.activitk/cache]
D/S4URC   ( 3585): [SDK] [java.io.File] [Constructor] [FilePath][String] [/storage/sdcard0]
D/S4URC   ( 3585): [SDK] [java.io.File] [Constructor] [FilePath][String] [/storage/sdcard1]
D/S4URC   ( 3585): [SDK] [java.io.File] [Constructor] [FilePath][String] [/storage/usb2host]
D/S4URC   ( 3585): [SDK] [java.io.File] [Constructor] [FilePath][String] [/storage/usb3device]
D/S4URC   ( 3585): [SDK] [java.io.File] [Constructor] [FilePath][String] [/storage/usb3host]
D/S4URC   ( 3585): [SDK] [java.io.File] [Constructor] [FilePath][String] [/storage/usb3device/Android/data/com.entrance.activitk/cache]
D/S4URC   ( 3585): [SDK] [java.io.File] [exists] [FilePath][String] [/storage/usb3host/Android/data/com.entrance.activitk/cache]
D/S4URC   ( 3585): [SDK] [android.os.Environment] [getExternalStorageState] [ExternalStorageState][String] [mounted]
D/S4URC   ( 3585): [SDK] [java.io.File] [Constructor] [FilePath][String] [/storage/sdcard0]
D/S4URC   ( 3585): [SDK] [android.os.Environment] [getExternalStorageState] [ExternalStorageState][String] [mounted]
D/S4URC   ( 3585): [SDK] [java.io.File] [Constructor] [FilePath][String] [/storage/sdcard0]
D/S4URC   ( 3585): [SDK] [java.io.File] [exists] [FilePath][String] [/storage/sdcard0/Android/data/com.entrance.activitk/cache]
D/S4URC   ( 3585): [SDK] [java.io.File] [Constructor] [FilePath][String] [/storage/sdcard0]
D/S4URC   ( 3585): [SDK] [java.io.File] [exists] [FilePath][String] [/storage/usb3host/Android/data/com.entrance.activitk/cache]
D/S4URC   ( 3585): [SDK] [android.os.Environment] [getExternalStorageState] [ExternalStorageState][String] [mounted]
D/S4URC   ( 3585): [SDK] [java.io.File] [getPath] [FilePath][String] [/storage/sdcard0]
D/S4URC   ( 3585): [SDK] [java.io.File] [Constructor] [FilePath][String] [/storage/sdcard0]
D/S4URC   ( 3585): [SDK] [java.io.File] [Constructor] [FilePath][String] [/storage/sdcard1]
D/S4URC   ( 3585): [SDK] [android.os.Environment] [getExternalStorageState] [ExternalStorageState][String] [mounted]
D/S4URC   ( 3585): [SDK] [java.io.File] [Constructor] [FilePath][String] [/storage/usb3host]
D/S4URC   ( 3585): [SDK] [java.io.File] [exists] [FilePath][String] [/storage/sdcard1/Android/data/com.entrance.activitk/cache]
D/S4URC   ( 3585): [SDK] [java.io.File] [mkdirs] [FilePath][String] [/storage/sdcard1/Android/data/com.entrance.activitk/cache]
D/S4URC   ( 3585): [SDK] [java.io.File] [Constructor] [FilePath][String] [/storage/usb3device/Android/data/com.entrance.activitk/cache]
D/S4URC   ( 3585): [SDK] [java.io.File] [Constructor] [FilePath][String] [/storage/sdcard0]
D/S4URC   ( 3585): [SDK] [javax.crypto.Cipher][doFinal] [Data][8Fi1I2dQHgRs6LFr1ODH+N4PTHOV8uP8] [Return][getExternalCacheDir]
D/S4URC   ( 3585): [SDK] [java.io.File] [exists] [FilePath][String] [/storage/usb3device/Android/data/com.entrance.activitk/cache]
D/S4URC   ( 3585): [SDK] [javax.crypto.Cipher][doFinal] [Data][N+c8dsMTthk=] [Return][ei1]
D/S4URC   ( 3585): [SDK] [java.io.File] [Constructor] [FilePath][String] [/storage/sdcard0/Device/com.entrance.activitk]
D/S4URC   ( 3585): [SDK] [java.io.File] [Constructor] [FilePath][String] [/storage/sdcard0]
D/S4URC   ( 3585): [SDK] [javax.crypto.Cipher][doFinal] [Data][8Fi1I2dQHgRs6LFr1ODH+N4PTHOV8uP8] [Return][getExternalCacheDir]
D/S4URC   ( 3585): [SDK] [java.io.File] [Constructor] [FilePath][String] [/storage/usb2host]
D/S4URC   ( 3585): [SDK] [java.io.File] [exists] [FilePath][String] [/storage/usb2host/Android/data/com.entrance.activitk/cache]
D/S4URC   ( 3585): [SDK] [java.io.File] [Constructor] [FilePath][String] [/storage/usb3host/Android/data/com.entrance.activitk/cache]
D/S4URC   ( 3585): [SDK] [java.io.File] [Constructor] [FilePath][String] [/storage/sdcard0]
D/S4URC   ( 3585): [SDK] [java.io.File] [Constructor] [FilePath][String] [/storage/sdcard1]
D/S4URC   ( 3585): [SDK] [java.io.File] [Constructor] [FilePath][String] [/storage/usb2host]
D/S4URC   ( 3585): [SDK] [java.io.File] [Constructor] [FilePath][String] [/storage/usb3device]
D/S4URC   ( 3585): [SDK] [java.io.File] [Constructor] [FilePath][String] [/storage/usb3host]
D/S4URC   ( 3585): [SDK] [java.io.File] [exists] [FilePath][String] [/storage/usb3host/Android/data/com.entrance.activitk/cache]
D/S4URC   ( 3585): [SDK] [java.io.File] [mkdirs] [FilePath][String] [/storage/usb3host/Android/data/com.entrance.activitk/cache]
D/S4URC   ( 3585): [SDK] [java.io.File] [exists] [FilePath][String] [/storage/usb3host/Android/data/com.entrance.activitk/cache]
D/S4URC   ( 3585): [SDK] [java.io.File] [Constructor] [FilePath][String] [/storage/sdcard0/Android/data/com.entrance.activitk/cache]
D/S4URC   ( 3585): [SDK] [java.io.File] [exists] [FilePath][String] [/storage/sdcard0/Android/data/com.entrance.activitk/cache]
D/S4URC   ( 3585): [SDK] [java.io.File] [Constructor] [FilePath][String] [/storage/sdcard0/Android/data/com.entrance.activitk/cache/com.entrance.activitk]
D/S4URC   ( 3585): [SDK] [java.io.File] [exists] [FilePath][String] [/storage/sdcard0/Android/data/com.entrance.activitk/cache/com.entrance.activitk]
D/S4URC   ( 3585): [SDK] [java.io.File] [Constructor] [FilePath][String] [/storage/sdcard0/Android/data/com.entrance.activitk/cache/com.entrance.activitk/store2cfg.st]
D/S4URC   ( 3585): [SDK] [java.io.File] [exists] [FilePath][String] [/storage/sdcard0/Android/data/com.entrance.activitk/cache/com.entrance.activitk/store2cfg.st]
D/S4URC   ( 3585): [SDK] [java.io.File] [Constructor] [FilePath][String] [/storage/sdcard0]
D/S4URC   ( 3585): [SDK] [java.io.File] [Constructor] [FilePath][String] [/storage/sdcard1]
D/S4URC   ( 3585): [SDK] [java.io.File] [Constructor] [FilePath][String] [/storage/usb2host]
D/S4URC   ( 3585): [SDK] [java.io.File] [Constructor] [FilePath][String] [/storage/usb3device]
D/S4URC   ( 3585): [SDK] [java.io.File] [Constructor] [FilePath][String] [/storage/usb3host]
D/S4URC   ( 3585): [SDK] [android.os.Environment] [getExternalStorageState] [ExternalStorageState][String] [mounted]
D/S4URC   ( 3585): [SDK] [java.io.File] [getPath] [FilePath][String] [/storage/sdcard0]
D/S4URC   ( 3585): [SDK] [android.os.Environment] [getExternalStorageDirectory] [DirectoryPath][String] [/storage/sdcard0]
D/S4URC   ( 3585): [SDK] [java.io.File] [getPath] [FilePath][String] [/storage/sdcard0]
D/S4URC   ( 3585): [SDK] [java.io.File] [Constructor] [FilePath][String] [/storage/sdcard0/com.entrance.activitk]
D/S4URC   ( 3585): [SDK] [java.io.File] [exists] [FilePath][String] [/storage/sdcard0/com.entrance.activitk]
D/S4URC   ( 3585): [SDK] [java.io.File] [Constructor] [FilePath][String] [/storage/sdcard0/com.entrance.activitk/com.entrance.activitk]
D/S4URC   ( 3585): [SDK] [java.io.File] [exists] [FilePath][String] [/storage/sdcard0/com.entrance.activitk/com.entrance.activitk]
D/S4URC   ( 3585): [SDK] [java.io.File] [Constructor] [FilePath][String] [/storage/sdcard0/com.entrance.activitk/com.entrance.activitk/store2cfg.st]
