D/S4URC   ( 3576): [NDK] [SYSCALL] [stat] [PATH][string] [/data/data/com.dfekrfriogtlktrlafretg.fioregtkgtjgkltlht.mx/databases/cc/cc.db-journal]
D/S4URC   ( 3576): [NDK] [SYSCALL] [stat] [PATH][string] [/data/data/com.dfekrfriogtlktrlafretg.fioregtkgtjgkltlht.mx/databases/cc/cc.db]
D/S4URC   ( 3847): [SDK] [java.io.File] [getPath] [FilePath][String] [/storage/sdcard0]
D/S4URC   ( 3576): [NDK] [SYSCALL] [open] [PATH][string] [/data/data/com.dfekrfriogtlktrlafretg.fioregtkgtjgkltlht.mx/databases/cc/cc.db-journal] [RETURN][int] [151]
D/S4URC   ( 3847): [SDK] [android.os.Environment] [getExternalStorageDirectory] [DirectoryPath][String] [/storage/sdcard0]
D/S4URC   ( 3847): [SDK] [java.io.File] [Constructor] [FilePath][String] [/storage/sdcard0/Sonnenblume/.sfdbg]
D/S4URC   ( 3576): [NDK] [SYSCALL] [access] [PATH][string] [/data/data/com.dfekrfriogtlktrlafretg.fioregtkgtjgkltlht.mx/databases/cc/cc.db-wal]
D/S4URC   ( 3847): [SDK] [java.io.File] [getPath] [FilePath][String] [/storage/sdcard0/Sonnenblume/.sfdbg]
D/S4URC   ( 3847): [SDK] [java.io.File] [getPath] [FilePath][String] [/storage/sdcard0]
D/S4URC   ( 3847): [SDK] [android.os.Environment] [getExternalStorageDirectory] [DirectoryPath][String] [/storage/sdcard0]
D/S4URC   ( 3847): [SDK] [java.io.File] [Constructor] [FilePath][String] [/storage/sdcard0/Sonnenblume/.sfdbgf]
D/S4URC   ( 3847): [SDK] [java.io.File] [getPath] [FilePath][String] [/storage/sdcard0/Sonnenblume/.sfdbgf]
D/S4URC   ( 3576): [NDK] [SYSCALL] [access] [PATH][string] [/data/data/com.dfekrfriogtlktrlafretg.fioregtkgtjgkltlht.mx/databases/cc/cc.db-journal]
D/S4URC   ( 3576): [SDK] [java.lang.Class] [forName] [FindClass][String] [android.telephony.MSimTelephonyManager]
D/S4URC   ( 3576): [NDK] [SYSCALL] [stat] [PATH][string] [/data/data/com.dfekrfriogtlktrlafretg.fioregtkgtjgkltlht.mx/databases/cc/cc.db-journal]
D/S4URC   ( 3847): [SDK] [java.io.File] [Constructor] [FilePath][String] [/storage/sdcard0]
D/S4URC   ( 3576): [NDK] [SYSCALL] [stat] [PATH][string] [/data/data/com.dfekrfriogtlktrlafretg.fioregtkgtjgkltlht.mx/databases/cc/cc.db]
D/S4URC   ( 3576): [NDK] [SYSCALL] [open] [PATH][string] [/data/data/com.dfekrfriogtlktrlafretg.fioregtkgtjgkltlht.mx/databases/cc/cc.db-journal] [RETURN][int] [151]
D/S4URC   ( 3576): [NDK] [SYSCALL] [access] [PATH][string] [/data/data/com.dfekrfriogtlktrlafretg.fioregtkgtjgkltlht.mx/databases/cc/cc.db-wal]
D/S4URC   ( 3576): [SDK] [java.lang.Class] [forName] [FindClass][String] [com.android.internal.telephony.Phone]
D/S4URC   ( 3576): [NDK] [SYSCALL] [access] [PATH][string] [/data/data/com.dfekrfriogtlktrlafretg.fioregtkgtjgkltlht.mx/databases/cc/cc.db-journal]
D/S4URC   ( 3576): [NDK] [SYSCALL] [stat] [PATH][string] [/data/data/com.dfekrfriogtlktrlafretg.fioregtkgtjgkltlht.mx/databases/cc/cc.db-journal]
D/S4URC   ( 3576): [NDK] [SYSCALL] [stat] [PATH][string] [/data/data/com.dfekrfriogtlktrlafretg.fioregtkgtjgkltlht.mx/databases/cc/cc.db]
D/S4URC   ( 3576): [NDK] [SYSCALL] [open] [PATH][string] [/data/data/com.dfekrfriogtlktrlafretg.fioregtkgtjgkltlht.mx/databases/cc/cc.db-journal] [RETURN][int] [151]
D/S4URC   ( 3576): [NDK] [SYSCALL] [access] [PATH][string] [/data/data/com.dfekrfriogtlktrlafretg.fioregtkgtjgkltlht.mx/databases/cc/cc.db-wal]
D/S4URC   ( 3576): [SDK] [java.lang.Class] [forName] [FindClass][String] [com.android.internal.telephony.Phone]
D/S4URC   ( 3576): [SDK] [java.lang.Class] [forName] [FindClass][String] [com.android.internal.telephony.PhoneFactory]
D/S4URC   ( 3576): [SDK] [android.telephony.TelephonyManager] [getSubscriberId]
D/S4URC   ( 3576): [NDK] [SYSCALL] [access] [PATH][string] [/data/data/com.dfekrfriogtlktrlafretg.fioregtkgtjgkltlht.mx/databases/cc/cc.db-journal]
D/S4URC   ( 3576): [NDK] [SYSCALL] [stat] [PATH][string] [/data/data/com.dfekrfriogtlktrlafretg.fioregtkgtjgkltlht.mx/databases/cc/cc.db-journal]
D/S4URC   ( 3576): [NDK] [SYSCALL] [stat] [PATH][string] [/data/data/com.dfekrfriogtlktrlafretg.fioregtkgtjgkltlht.mx/databases/cc/cc.db]
D/S4URC   ( 3576): [NDK] [SYSCALL] [open] [PATH][string] [/data/data/com.dfekrfriogtlktrlafretg.fioregtkgtjgkltlht.mx/databases/cc/cc.db-journal] [RETURN][int] [153]
D/S4URC   ( 3576): [NDK] [SYSCALL] [access] [PATH][string] [/data/data/com.dfekrfriogtlktrlafretg.fioregtkgtjgkltlht.mx/databases/cc/cc.db-wal]
D/S4URC   ( 3576): [NDK] [SYSCALL] [stat] [PATH][string] [/data/data/com.dfekrfriogtlktrlafretg.fioregtkgtjgkltlht.mx/databases/cc/cc.db]
D/S4URC   ( 3576): [SDK] [java.io.File] [Constructor] [FilePath][String] [/data/data/com.dfekrfriogtlktrlafretg.fioregtkgtjgkltlht.mx/databases/cc/cc.db]
D/S4URC   ( 3576): [SDK] [java.io.File] [getParent] [FilePath][String] [/data/data/com.dfekrfriogtlktrlafretg.fioregtkgtjgkltlht.mx/databases/cc/cc.db]
D/S4URC   ( 3576): [SDK] [java.io.File] [Constructor] [FilePath][String] [/sys/devices/system/cpu/cpu0/cpufreq/scaling_cur_freq]
D/S4URC   ( 3576): [SDK] [java.io.File] [getPath] [FilePath][String] [/sys/devices/system/cpu/cpu0/cpufreq/scaling_cur_freq]
D/S4URC   ( 3576): [SDK] [java.io.File] [Constructor] [FilePath][String] [/data/data/com.dfekrfriogtlktrlafretg.fioregtkgtjgkltlht.mx/databases/cc]
D/S4URC   ( 3576): [SDK] [java.io.File] [exists] [FilePath][String] [/data/data/com.dfekrfriogtlktrlafretg.fioregtkgtjgkltlht.mx/databases/cc]
D/S4URC   ( 3576): [NDK] [SYSCALL] [access] [PATH][string] [/data/data/com.dfekrfriogtlktrlafretg.fioregtkgtjgkltlht.mx/databases/cc]
D/S4URC   ( 3576): [NDK] [SYSCALL] [stat] [PATH][string] [/data/data/com.dfekrfriogtlktrlafretg.fioregtkgtjgkltlht.mx/databases/cc/cc.db]
D/S4URC   ( 3576): [NDK] [SYSCALL] [open] [PATH][string] [/data/data/com.dfekrfriogtlktrlafretg.fioregtkgtjgkltlht.mx/databases/cc/cc.db] [RETURN][int] [159]
D/S4URC   ( 3576): [SDK] [java.lang.ProcessBuilder] [Constructor] [Command][String] [,/system/bin/cat,/sys/devices/system/cpu/cpu0/cpufreq/cpuinfo_min_freq]
D/S4URC   ( 3576): [NDK] [SYSCALL] [stat] [PATH][string] [/data/data/com.dfekrfriogtlktrlafretg.fioregtkgtjgkltlht.mx/databases/cc/cc.db]
D/S4URC   ( 3576): [NDK] [SYSCALL] [access] [PATH][string] [/data/data/com.dfekrfriogtlktrlafretg.fioregtkgtjgkltlht.mx/databases/cc/cc.db-journal]
D/S4URC   ( 3576): [NDK] [SYSCALL] [stat] [PATH][string] [/data/data/com.dfekrfriogtlktrlafretg.fioregtkgtjgkltlht.mx/databases/cc/cc.db-journal]
D/S4URC   ( 3576): [NDK] [SYSCALL] [stat] [PATH][string] [/data/data/com.dfekrfriogtlktrlafretg.fioregtkgtjgkltlht.mx/databases/cc/cc.db]
D/S4URC   ( 3576): [NDK] [SYSCALL] [open] [PATH][string] [/data/data/com.dfekrfriogtlktrlafretg.fioregtkgtjgkltlht.mx/databases/cc/cc.db-journal] [RETURN][int] [139]
D/S4URC   ( 3576): [NDK] [SYSCALL] [access] [PATH][string] [/data/data/com.dfekrfriogtlktrlafretg.fioregtkgtjgkltlht.mx/databases/cc/cc.db-wal]
D/S4URC   ( 3940): [NDK] [SYSCALL] [getdents] [PATH][string] [.]
D/S4URC   ( 3576): [NDK] [SYSCALL] [access] [PATH][string] [/data/data/com.dfekrfriogtlktrlafretg.fioregtkgtjgkltlht.mx/databases/cc/cc.db-journal]
D/S4URC   ( 3576): [NDK] [SYSCALL] [stat] [PATH][string] [/data/data/com.dfekrfriogtlktrlafretg.fioregtkgtjgkltlht.mx/databases/cc/cc.db-journal]
D/S4URC   ( 3576): [NDK] [SYSCALL] [stat] [PATH][string] [/data/data/com.dfekrfriogtlktrlafretg.fioregtkgtjgkltlht.mx/databases/cc/cc.db]
D/S4URC   ( 3576): [NDK] [SYSCALL] [open] [PATH][string] [/data/data/com.dfekrfriogtlktrlafretg.fioregtkgtjgkltlht.mx/databases/cc/cc.db-journal] [RETURN][int] [139]
D/S4URC   ( 3576): [NDK] [SYSCALL] [access] [PATH][string] [/data/data/com.dfekrfriogtlktrlafretg.fioregtkgtjgkltlht.mx/databases/cc/cc.db-wal]
D/S4URC   ( 3576): [NDK] [SYSCALL] [access] [PATH][string] [/data/data/com.dfekrfriogtlktrlafretg.fioregtkgtjgkltlht.mx/databases/cc/cc.db-journal]
D/S4URC   ( 3576): [NDK] [SYSCALL] [stat] [PATH][string] [/data/data/com.dfekrfriogtlktrlafretg.fioregtkgtjgkltlht.mx/databases/cc/cc.db-journal]
D/S4URC   ( 3576): [NDK] [SYSCALL] [stat] [PATH][string] [/data/data/com.dfekrfriogtlktrlafretg.fioregtkgtjgkltlht.mx/databases/cc/cc.db]
D/S4URC   ( 3576): [NDK] [SYSCALL] [open] [PATH][string] [/data/data/com.dfekrfriogtlktrlafretg.fioregtkgtjgkltlht.mx/databases/cc/cc.db-journal] [RETURN][int] [139]
D/S4URC   ( 3576): [NDK] [SYSCALL] [access] [PATH][string] [/data/data/com.dfekrfriogtlktrlafretg.fioregtkgtjgkltlht.mx/databases/cc/cc.db-wal]
D/S4URC   ( 3576): [NDK] [SYSCALL] [access] [PATH][string] [/data/data/com.dfekrfriogtlktrlafretg.fioregtkgtjgkltlht.mx/databases/cc/cc.db-journal]
D/S4URC   ( 3576): [NDK] [SYSCALL] [stat] [PATH][string] [/data/data/com.dfekrfriogtlktrlafretg.fioregtkgtjgkltlht.mx/databases/cc/cc.db-journal]
D/S4URC   ( 3576): [NDK] [SYSCALL] [stat] [PATH][string] [/data/data/com.dfekrfriogtlktrlafretg.fioregtkgtjgkltlht.mx/databases/cc/cc.db]
D/S4URC   ( 3576): [NDK] [SYSCALL] [open] [PATH][string] [/data/data/com.dfekrfriogtlktrlafretg.fioregtkgtjgkltlht.mx/databases/cc/cc.db-journal] [RETURN][int] [139]
D/S4URC   ( 3576): [NDK] [SYSCALL] [access] [PATH][string] [/data/data/com.dfekrfriogtlktrlafretg.fioregtkgtjgkltlht.mx/databases/cc/cc.db-wal]
D/S4URC   ( 3576): [NDK] [SYSCALL] [access] [PATH][string] [/data/data/com.dfekrfriogtlktrlafretg.fioregtkgtjgkltlht.mx/databases/cc/cc.db-journal]
D/S4URC   ( 3576): [NDK] [SYSCALL] [stat] [PATH][string] [/data/data/com.dfekrfriogtlktrlafretg.fioregtkgtjgkltlht.mx/databases/cc/cc.db-journal]
D/S4URC   ( 3576): [NDK] [SYSCALL] [stat] [PATH][string] [/data/data/com.dfekrfriogtlktrlafretg.fioregtkgtjgkltlht.mx/databases/cc/cc.db]
D/S4URC   ( 3576): [NDK] [SYSCALL] [open] [PATH][string] [/data/data/com.dfekrfriogtlktrlafretg.fioregtkgtjgkltlht.mx/databases/cc/cc.db-journal] [RETURN][int] [142]
D/S4URC   ( 3576): [NDK] [SYSCALL] [access] [PATH][string] [/data/data/com.dfekrfriogtlktrlafretg.fioregtkgtjgkltlht.mx/databases/cc/cc.db-wal]
D/S4URC   ( 3576): [NDK] [SYSCALL] [stat] [PATH][string] [/data/data/com.dfekrfriogtlktrlafretg.fioregtkgtjgkltlht.mx/databases/cc/cc.db]
D/S4URC   ( 3576): [SDK] [android.content.ContextWrapper][getSharedPreferences] [File][mobclick_agent_user_com.dfekrfriogtlktrlafretg.fioregtkgtjgkltlht.mx.xml] [MODE][MODE_PRIVATE]
D/S4URC   ( 3576): [SDK] [android.content.ContextWrapper][getSharedPreferences] [File][mobclick_agent_user_com.dfekrfriogtlktrlafretg.fioregtkgtjgkltlht.mx.xml] [MODE][MODE_PRIVATE] [Method][getString] [String][au_p] [Return][null]
D/S4URC   ( 3576): [SDK] [android.content.ContextWrapper][getSharedPreferences] [File][mobclick_agent_user_com.dfekrfriogtlktrlafretg.fioregtkgtjgkltlht.mx.xml] [MODE][MODE_PRIVATE] [Method][getString] [String][au_u] [Return][null]
D/S4URC   ( 3576): [SDK] [android.content.ContextWrapper][getSharedPreferences] [File][umeng_general_config.xml] [MODE][MODE_PRIVATE]
D/S4URC   ( 3576): [SDK] [android.content.ContextWrapper][getSharedPreferences] [File][umeng_general_config.xml] [MODE][MODE_PRIVATE] [Method][getInt] [Int][versioncode] [Return][1]
D/S4URC   ( 3576): [SDK] [android.app.ApplicationPackageManager] [getPackageInfo] [FindPackageName][String] [com.dfekrfriogtlktrlafretg.fioregtkgtjgkltlht.mx]
D/S4URC   ( 3576): [SDK] [java.io.File] [exists] [FilePath][String] [/data/data/com.dfekrfriogtlktrlafretg.fioregtkgtjgkltlht.mx/files]
D/S4URC   ( 3576): [NDK] [SYSCALL] [access] [PATH][string] [/data/data/com.dfekrfriogtlktrlafretg.fioregtkgtjgkltlht.mx/files]
D/S4URC   ( 3576): [SDK] [java.io.File] [getPath] [FilePath][String] [/data/data/com.dfekrfriogtlktrlafretg.fioregtkgtjgkltlht.mx/files/mobclick_agent_cached_com.dfekrfriogtlktrlafretg.fioregtkgtjgkltlht.mx1]
D/S4URC   ( 3576): [NDK] [SYSCALL] [open] [PATH][string] [/data/data/com.dfekrfriogtlktrlafretg.fioregtkgtjgkltlht.mx/files/mobclick_agent_cached_com.dfekrfriogtlktrlafretg.fioregtkgtjgkltlht.mx1] [RETURN][int] [158]
D/S4URC   ( 3847): [SDK] [java.io.File] [Constructor] [FilePath][String] [/storage/sdcard0]
D/S4URC   ( 3847): [SDK] [java.io.File] [Constructor] [FilePath][String] [/storage/sdcard1]
D/S4URC   ( 3847): [SDK] [java.io.File] [Constructor] [FilePath][String] [/storage/usb2host]
D/S4URC   ( 3847): [SDK] [java.io.File] [Constructor] [FilePath][String] [/storage/usb3device]
D/S4URC   ( 3847): [SDK] [java.io.File] [Constructor] [FilePath][String] [/storage/usb3host]
D/S4URC   ( 3576): [SDK] [java.io.File] [Constructor] [FilePath][String] [/proc/cpuinfo]
D/S4URC   ( 3576): [SDK] [java.io.File] [getPath] [FilePath][String] [/proc/cpuinfo]
D/S4URC   ( 3576): [NDK] [SYSCALL] [open] [PATH][string] [/proc/cpuinfo] [RETURN][int] [148]
D/S4URC   ( 3942): [NDK] [SYSCALL] [getdents] [PATH][string] [.]
D/S4URC   ( 3576): [SDK] [java.io.File] [Constructor] [FilePath][String] [/proc/meminfo]
D/S4URC   ( 3576): [SDK] [java.io.File] [getPath] [FilePath][String] [/proc/meminfo]
D/S4URC   ( 3576): [NDK] [SYSCALL] [open] [PATH][string] [/proc/meminfo] [RETURN][int] [139]
D/S4URC   ( 3576): [SDK] [java.io.File] [getPath] [FilePath][String] [/storage/sdcard0]
D/S4URC   ( 3576): [SDK] [android.os.Environment] [getExternalStorageDirectory] [DirectoryPath][String] [/storage/sdcard0]
D/S4URC   ( 3576): [SDK] [java.io.File] [getPath] [FilePath][String] [/storage/sdcard0]
D/S4URC   ( 3576): [SDK] [android.os.Environment] [getExternalStorageDirectory] [DirectoryPath][String] [/storage/sdcard0]
D/S4URC   ( 3576): [SDK] [java.io.File] [getPath] [FilePath][String] [/storage/sdcard0]
D/S4URC   ( 3576): [SDK] [java.lang.Class] [forName] [FindClass][String] [android.telephony.MSimTelephonyManager]
D/S4URC   ( 3576): [SDK] [java.lang.Class] [forName] [FindClass][String] [com.android.internal.telephony.Phone]
D/S4URC   ( 3576): [SDK] [java.lang.Class] [forName] [FindClass][String] [com.android.internal.telephony.PhoneFactory]
D/S4URC   ( 3576): [SDK] [android.telephony.TelephonyManager] [getSubscriberId]
D/S4URC   ( 3847): [SDK] [android.os.Environment] [getExternalStorageState] [ExternalStorageState][String] [mounted]
D/S4URC   ( 3847): [SDK] [java.io.File] [getPath] [FilePath][String] [/storage/sdcard0]
D/S4URC   ( 3847): [SDK] [android.os.Environment] [getExternalStorageDirectory] [DirectoryPath][String] [/storage/sdcard0]
D/S4URC   ( 3847): [SDK] [java.io.File] [getPath] [FilePath][String] [/storage/sdcard0]
D/S4URC   ( 3847): [SDK] [android.os.Environment] [getExternalStorageDirectory] [DirectoryPath][String] [/storage/sdcard0]
D/S4URC   ( 3847): [SDK] [java.io.File] [Constructor] [FilePath][String] [/storage/sdcard0/Sonnenblume]
D/S4URC   ( 3847): [SDK] [java.io.File] [exists] [FilePath][String] [/storage/sdcard0/Sonnenblume]
D/S4URC   ( 3847): [SDK] [java.io.File] [exists] [FilePath][String] [/storage/sdcard0/Sonnenblume/{BE2355DB-D785E335}.PC1]
D/S4URC   ( 3576): [SDK] [java.io.File] [Constructor] [FilePath][String] [/proc/cpuinfo]
D/S4URC   ( 3576): [SDK] [java.io.File] [getPath] [FilePath][String] [/proc/cpuinfo]
D/S4URC   ( 3576): [NDK] [SYSCALL] [open] [PATH][string] [/proc/cpuinfo] [RETURN][int] [139]
D/S4URC   ( 3847): [SDK] [java.io.File] [Constructor] [FilePath][String] [/storage/sdcard0]
D/S4URC   ( 3943): [NDK] [SYSCALL] [getdents] [PATH][string] [.]
D/S4URC   ( 3576): [SDK] [java.io.File] [Constructor] [FilePath][String] [/proc/meminfo]
D/S4URC   ( 3576): [SDK] [java.io.File] [getPath] [FilePath][String] [/proc/meminfo]
D/S4URC   ( 3576): [NDK] [SYSCALL] [open] [PATH][string] [/proc/meminfo] [RETURN][int] [156]
D/S4URC   ( 3576): [SDK] [java.io.File] [getPath] [FilePath][String] [/storage/sdcard0]
D/S4URC   ( 3576): [SDK] [android.os.Environment] [getExternalStorageDirectory] [DirectoryPath][String] [/storage/sdcard0]
D/S4URC   ( 3576): [SDK] [java.io.File] [getPath] [FilePath][String] [/storage/sdcard0]
D/S4URC   ( 3847): [SDK] [java.io.File] [Constructor] [FilePath][String] [/storage/sdcard0]
D/S4URC   ( 3847): [SDK] [java.io.File] [Constructor] [FilePath][String] [/storage/sdcard1]
D/S4URC   ( 3847): [SDK] [java.io.File] [Constructor] [FilePath][String] [/storage/usb2host]
D/S4URC   ( 3847): [SDK] [java.io.File] [Constructor] [FilePath][String] [/storage/usb3device]
D/S4URC   ( 3847): [SDK] [java.io.File] [Constructor] [FilePath][String] [/storage/usb3host]
D/S4URC   ( 3576): [SDK] [java.io.File] [Constructor] [FilePath][String] [/sys/devices/system/cpu/cpu0/cpufreq/scaling_cur_freq]
D/S4URC   ( 3576): [SDK] [java.io.File] [getPath] [FilePath][String] [/sys/devices/system/cpu/cpu0/cpufreq/scaling_cur_freq]
D/S4URC   ( 3576): [SDK] [java.lang.Class] [forName] [FindClass][String] [android.os.SystemProperties]
D/S4URC   ( 3944): [NDK] [SYSCALL] [getdents] [PATH][string] [.]
D/S4URC   ( 3576): [SDK] [java.lang.ProcessBuilder] [Constructor] [Command][String] [,/system/bin/cat,/sys/devices/system/cpu/cpu0/cpufreq/cpuinfo_min_freq]
D/S4URC   ( 3576): [SDK] [java.io.File] [getPath] [FilePath][String] [/storage/sdcard0]
D/S4URC   ( 3576): [SDK] [android.os.Environment] [getExternalStorageDirectory] [DirectoryPath][String] [/storage/sdcard0]
D/S4URC   ( 3576): [SDK] [java.io.File] [getPath] [FilePath][String] [/storage/sdcard0]
D/S4URC   ( 3847): [SDK] [android.os.Environment] [getExternalStorageState] [ExternalStorageState][String] [mounted]
D/S4URC   ( 3847): [SDK] [java.io.File] [getPath] [FilePath][String] [/storage/sdcard0]
D/S4URC   ( 3847): [SDK] [android.os.Environment] [getExternalStorageDirectory] [DirectoryPath][String] [/storage/sdcard0]
D/S4URC   ( 3847): [SDK] [java.io.File] [getPath] [FilePath][String] [/storage/sdcard0]
D/S4URC   ( 3576): [SDK] [java.net] [HttpURLConnection] [URL][String] [http://sdk.szyy2106.cn:8000/zpayinit?type=1]
D/S4URC   ( 3847): [SDK] [java.io.File] [getPath] [FilePath][String] [/storage/sdcard0]
D/S4URC   ( 3847): [SDK] [android.os.Environment] [getExternalStorageDirectory] [DirectoryPath][String] [/storage/sdcard0]
D/S4URC   ( 3847): [SDK] [java.io.File] [Constructor] [FilePath][String] [/storage/sdcard0/Sonnenblume]
D/S4URC   ( 3847): [SDK] [java.io.File] [exists] [FilePath][String] [/storage/sdcard0/Sonnenblume]
D/S4URC   ( 3576): [SDK] [android.telephony.TelephonyManager] [getSubscriberId]
D/S4URC   ( 3576): [SDK] [java.io.File] [Constructor] [FilePath][String] [/proc/cpuinfo]
D/S4URC   ( 3576): [SDK] [java.io.File] [getPath] [FilePath][String] [/proc/cpuinfo]
D/S4URC   ( 3576): [NDK] [SYSCALL] [open] [PATH][string] [/proc/cpuinfo] [RETURN][int] [160]
D/S4URC   ( 3945): [NDK] [SYSCALL] [getdents] [PATH][string] [.]
D/S4URC   ( 3847): [SDK] [java.lang.Class] [forName] [FindClass][String] [com.android.org.conscrypt.OpenSSLMessageDigestJDK$MD5]
D/S4URC   ( 3847): [SDK] [java.io.File] [Constructor] [FilePath][String] [/storage/sdcard0/Sonnenblume/EE53AF5B170264468E95E783E26D76C2]
D/S4URC   ( 3847): [SDK] [java.io.File] [exists] [FilePath][String] [/storage/sdcard0/Sonnenblume/EE53AF5B170264468E95E783E26D76C2]
D/S4URC   ( 3576): [SDK] [java.io.File] [Constructor] [FilePath][String] [/proc/meminfo]
D/S4URC   ( 3576): [SDK] [java.io.File] [getPath] [FilePath][String] [/proc/meminfo]
D/S4URC   ( 3576): [NDK] [SYSCALL] [open] [PATH][string] [/proc/meminfo] [RETURN][int] [147]
D/S4URC   ( 3576): [SDK] [java.io.File] [getPath] [FilePath][String] [/storage/sdcard0]
D/S4URC   ( 3576): [SDK] [android.os.Environment] [getExternalStorageDirectory] [DirectoryPath][String] [/storage/sdcard0]
D/S4URC   ( 3576): [SDK] [java.io.File] [getPath] [FilePath][String] [/storage/sdcard0]
D/S4URC   ( 3576): [SDK] [android.os.Environment] [getExternalStorageDirectory] [DirectoryPath][String] [/storage/sdcard0]
D/S4URC   ( 3576): [SDK] [java.io.File] [getPath] [FilePath][String] [/storage/sdcard0]
D/S4URC   ( 3576): [SDK] [android.telephony.TelephonyManager] [getLine1Number]
D/S4URC   ( 3576): [SDK] [android.content.ContextWrapper][getSharedPreferences] [File][umeng_general_config.xml] [MODE][MODE_PRIVATE]
D/S4URC   ( 3576): [SDK] [android.content.ContextWrapper][getSharedPreferences] [File][umeng_general_config.xml] [MODE][MODE_PRIVATE] [Method][putLong] [Key][thtstart] [Value][1535436162901]
D/S4URC   ( 3576): [SDK] [android.content.ContextWrapper][getSharedPreferences] [File][umeng_general_config.xml] [MODE][MODE_PRIVATE] [Method][putInt] [Key][gkvc] [Value][0]
D/S4URC   ( 3576): [SDK] [android.content.ContextWrapper][getSharedPreferences] [File][umeng_general_config.xml] [MODE][MODE_PRIVATE] [Method][putInt] [Key][ekvc] [Value][0]
D/S4URC   ( 3576): [SDK] [java.io.File] [exists] [FilePath][String] [/data/data/com.dfekrfriogtlktrlafretg.fioregtkgtjgkltlht.mx/shared_prefs/umeng_general_config.xml]
D/S4URC   ( 3576): [NDK] [SYSCALL] [access] [PATH][string] [/data/data/com.dfekrfriogtlktrlafretg.fioregtkgtjgkltlht.mx/shared_prefs/umeng_general_config.xml]
D/S4URC   ( 3576): [SDK] [android.content.ContextWrapper][getSharedPreferences] [File][umeng_general_config.xml] [MODE][MODE_PRIVATE] [Method][commit]
D/S4URC   ( 3576): [SDK] [java.lang.Class] [forName] [FindClass][String] [android.os.SystemProperties]
D/S4URC   ( 3576): [SDK] [java.net] [HttpURLConnection] [URL][String] [http://112.74.111.56:9039/gamesit/puinit/data]
D/S4URC   ( 3847): [SDK] [java.io.File] [getPath] [FilePath][String] [/storage/sdcard0]
D/S4URC   ( 3847): [SDK] [android.os.Environment] [getExternalStorageDirectory] [DirectoryPath][String] [/storage/sdcard0]
D/S4URC   ( 3847): [SDK] [java.io.File] [Constructor] [FilePath][String] [/storage/sdcard0/Android/.env]
D/S4URC   ( 3847): [SDK] [java.io.File] [Constructor] [FilePath][String] [/storage/sdcard0]
D/S4URC   ( 3576): [SDK] [android.telephony.TelephonyManager] [getSubscriberId]
D/S4URC   ( 3576): [SDK] [java.io.File] [Constructor] [FilePath][String] [/proc/cpuinfo]
D/S4URC   ( 3576): [SDK] [java.io.File] [getPath] [FilePath][String] [/proc/cpuinfo]
D/S4URC   ( 3576): [NDK] [SYSCALL] [open] [PATH][string] [/proc/cpuinfo] [RETURN][int] [147]
D/S4URC   ( 3847): [SDK] [java.io.File] [Constructor] [FilePath][String] [/storage/sdcard0]
D/S4URC   ( 3847): [SDK] [java.io.File] [Constructor] [FilePath][String] [/storage/sdcard1]
D/S4URC   ( 3847): [SDK] [java.io.File] [Constructor] [FilePath][String] [/storage/usb2host]
D/S4URC   ( 3847): [SDK] [java.io.File] [Constructor] [FilePath][String] [/storage/usb3device]
D/S4URC   ( 3847): [SDK] [java.io.File] [Constructor] [FilePath][String] [/storage/usb3host]
D/S4URC   ( 3576): [SDK] [java.io.File] [Constructor] [FilePath][String] [/proc/meminfo]
D/S4URC   ( 3576): [SDK] [java.io.File] [getPath] [FilePath][String] [/proc/meminfo]
D/S4URC   ( 3576): [NDK] [SYSCALL] [open] [PATH][string] [/proc/meminfo] [RETURN][int] [153]
D/S4URC   ( 3576): [SDK] [java.io.File] [getPath] [FilePath][String] [/storage/sdcard0]
D/S4URC   ( 3576): [SDK] [android.os.Environment] [getExternalStorageDirectory] [DirectoryPath][String] [/storage/sdcard0]
D/S4URC   ( 3576): [SDK] [java.io.File] [getPath] [FilePath][String] [/storage/sdcard0]
D/S4URC   ( 3576): [SDK] [android.os.Environment] [getExternalStorageDirectory] [DirectoryPath][String] [/storage/sdcard0]
D/S4URC   ( 3576): [SDK] [java.io.File] [getPath] [FilePath][String] [/storage/sdcard0]
D/S4URC   ( 3847): [SDK] [android.os.Environment] [getExternalStorageState] [ExternalStorageState][String] [mounted]
D/S4URC   ( 3847): [SDK] [java.io.File] [getPath] [FilePath][String] [/storage/sdcard0]
D/S4URC   ( 3847): [SDK] [android.os.Environment] [getExternalStorageDirectory] [DirectoryPath][String] [/storage/sdcard0]
D/S4URC   ( 3847): [SDK] [java.io.File] [getPath] [FilePath][String] [/storage/sdcard0]
D/S4URC   ( 3847): [SDK] [android.os.Environment] [getExternalStorageDirectory] [DirectoryPath][String] [/storage/sdcard0]
D/S4URC   ( 3847): [SDK] [java.io.File] [Constructor] [FilePath][String] [/storage/sdcard0/Sonnenblume]
D/S4URC   ( 3847): [SDK] [java.io.File] [exists] [FilePath][String] [/storage/sdcard0/Sonnenblume]
D/S4URC   ( 3847): [SDK] [java.io.File] [getPath] [FilePath][String] [/storage/sdcard0/Sonnenblume/.pss]
D/S4URC   ( 3847): [SDK] [java.io.File] [mkdirs] [FilePath][String] [/storage/sdcard0/Sonnenblume/.pss]
D/S4URC   ( 3576): [SDK] [java.lang.Class] [forName] [FindClass][String] [android.os.SystemProperties]
D/S4URC   ( 3576): [SDK] [java.net] [HttpURLConnection] [URL][String] [http://112.74.111.56:9039/gamesit/jysdk/inix]
D/S4URC   ( 3576): [SDK] [android.content.ContextWrapper][getSharedPreferences] [File][zpay_info.xml] [MODE][MODE_PRIVATE]
D/S4URC   ( 3576): [SDK] [android.content.ContextWrapper][getSharedPreferences] [File][zpay_info.xml] [MODE][MODE_PRIVATE] [Method][getString] [String][cp] [Return][1000100020000246]
D/S4URC   ( 3576): [SDK] [android.content.ContextWrapper][getSharedPreferences] [File][zpay_info.xml] [MODE][MODE_PRIVATE]
D/S4URC   ( 3576): [SDK] [android.content.ContextWrapper][getSharedPreferences] [File][zpay_info.xml] [MODE][MODE_PRIVATE] [Method][getString] [String][qd] [Return][zyap2364_45297_100]
D/S4URC   ( 3576): [SDK] [android.content.ContextWrapper][getSharedPreferences] [File][zpay_info.xml] [MODE][MODE_PRIVATE]
D/S4URC   ( 3576): [SDK] [android.content.ContextWrapper][getSharedPreferences] [File][zpay_info.xml] [MODE][MODE_PRIVATE] [Method][getString] [String][appId] [Return][2364]
D/S4URC   ( 3576): [SDK] [java.lang.ProcessBuilder] [Constructor] [Command][String] [,/system/bin/cat,/sys/devices/system/cpu/cpu0/cpufreq/cpuinfo_max_freq]
D/S4URC   ( 3576): [NDK] [SYSCALL] [socket] [TYPE][string] [TCP]
D/S4URC   ( 3576): [SDK] [android.telephony.TelephonyManager] [getLine1Number]
D/S4URC   ( 3576): [SDK] [java.lang.Class] [forName] [FindClass][String] [android.os.SystemProperties]
D/S4URC   ( 3960): [NDK] [SYSCALL] [getdents] [PATH][string] [.]
D/S4URC   ( 3576): [SDK] [java.net] [HttpURLConnection] [URL][String] [http://112.74.111.56:9039/gamesit/jysdk/initsdk?os_info=22&os_model=galaxys5&net_info=wifi&imsi=502195560185405&imei=&iccid=896019990060185405&version=2.0]
D/S4URC   ( 3576): [NDK] [SYSCALL] [socket] [TYPE][string] [TCP]
D/S4URC   ( 3576): [SDK] [android.content.ContextWrapper][getSharedPreferences] [File][zpay_info.xml] [MODE][MODE_PRIVATE]
D/S4URC   ( 3576): [SDK] [android.content.ContextWrapper][getSharedPreferences] [File][zpay_info.xml] [MODE][MODE_PRIVATE] [Method][getString] [String][cp] [Return][1000100020000246]
D/S4URC   ( 3576): [SDK] [android.content.ContextWrapper][getSharedPreferences] [File][zpay_info.xml] [MODE][MODE_PRIVATE]
D/S4URC   ( 3576): [SDK] [android.content.ContextWrapper][getSharedPreferences] [File][zpay_info.xml] [MODE][MODE_PRIVATE] [Method][getString] [String][qd] [Return][zyap2364_45297_100]
D/S4URC   ( 3576): [SDK] [android.content.ContextWrapper][getSharedPreferences] [File][zpay_info.xml] [MODE][MODE_PRIVATE]
D/S4URC   ( 3576): [SDK] [android.content.ContextWrapper][getSharedPreferences] [File][zpay_info.xml] [MODE][MODE_PRIVATE] [Method][getString] [String][appId] [Return][2364]
D/S4URC   ( 3576): [SDK] [java.lang.ProcessBuilder] [Constructor] [Command][String] [,/system/bin/cat,/sys/devices/system/cpu/cpu0/cpufreq/cpuinfo_max_freq]
D/S4URC   ( 3963): [NDK] [SYSCALL] [getdents] [PATH][string] [.]
D/S4URC   ( 3576): [SDK] [java.io.File] [Constructor] [FilePath][String] [/sys/devices/system/cpu/cpu0/cpufreq/scaling_cur_freq]
D/S4URC   ( 3576): [SDK] [java.io.File] [getPath] [FilePath][String] [/sys/devices/system/cpu/cpu0/cpufreq/scaling_cur_freq]
D/S4URC   ( 3847): [SDK] [java.io.File] [mkdirs] [FilePath][String] [/storage/sdcard0/Sonnenblume/.pss/icons]
D/S4URC   ( 3576): [SDK] [java.lang.Class] [forName] [FindClass][String] [android.telephony.MSimTelephonyManager]
D/S4URC   ( 3576): [SDK] [java.lang.ProcessBuilder] [Constructor] [Command][String] [,/system/bin/cat,/sys/devices/system/cpu/cpu0/cpufreq/cpuinfo_min_freq]
D/S4URC   ( 3576): [SDK] [android.content.ContextWrapper][getSharedPreferences] [File][umeng_general_config.xml] [MODE][MODE_PRIVATE]
D/S4URC   ( 3576): [SDK] [android.content.ContextWrapper][getSharedPreferences] [File][umeng_general_config.xml] [MODE][MODE_PRIVATE] [Method][getIong] [Iong][a_start_time] [Return][0]
D/S4URC   ( 3576): [SDK] [android.content.ContextWrapper][getSharedPreferences] [File][umeng_general_config.xml] [MODE][MODE_PRIVATE]
D/S4URC   ( 3576): [SDK] [java.io.File] [exists] [FilePath][String] [/data/data/com.dfekrfriogtlktrlafretg.fioregtkgtjgkltlht.mx/shared_prefs/umeng_general_config.xml]
D/S4URC   ( 3576): [NDK] [SYSCALL] [access] [PATH][string] [/data/data/com.dfekrfriogtlktrlafretg.fioregtkgtjgkltlht.mx/shared_prefs/umeng_general_config.xml]
D/S4URC   ( 3576): [SDK] [android.content.ContextWrapper][getSharedPreferences] [File][umeng_general_config.xml] [MODE][MODE_PRIVATE] [Method][commit]
D/S4URC   ( 3576): [SDK] [android.content.ContextWrapper][getSharedPreferences] [File][umeng_general_config.xml] [MODE][MODE_PRIVATE]
D/S4URC   ( 3576): [SDK] [android.content.ContextWrapper][getSharedPreferences] [File][umeng_general_config.xml] [MODE][MODE_PRIVATE] [Method][putLong] [Key][thtstart] [Value][1535436162901]
D/S4URC   ( 3576): [SDK] [android.content.ContextWrapper][getSharedPreferences] [File][umeng_general_config.xml] [MODE][MODE_PRIVATE] [Method][putInt] [Key][gkvc] [Value][0]
D/S4URC   ( 3576): [SDK] [android.content.ContextWrapper][getSharedPreferences] [File][umeng_general_config.xml] [MODE][MODE_PRIVATE] [Method][putInt] [Key][ekvc] [Value][0]
D/S4URC   ( 3576): [SDK] [java.lang.Class] [forName] [FindClass][String] [com.android.internal.telephony.Phone]
D/S4URC   ( 3576): [SDK] [java.io.File] [exists] [FilePath][String] [/data/data/com.dfekrfriogtlktrlafretg.fioregtkgtjgkltlht.mx/shared_prefs/umeng_general_config.xml]
D/S4URC   ( 3576): [NDK] [SYSCALL] [access] [PATH][string] [/data/data/com.dfekrfriogtlktrlafretg.fioregtkgtjgkltlht.mx/shared_prefs/umeng_general_config.xml]
D/S4URC   ( 3576): [SDK] [java.lang.Class] [forName] [FindClass][String] [com.android.internal.telephony.Phone]
D/S4URC   ( 3576): [SDK] [android.content.ContextWrapper][getSharedPreferences] [File][umeng_general_config.xml] [MODE][MODE_PRIVATE] [Method][commit]
D/S4URC   ( 3576): [SDK] [java.lang.Class] [forName] [FindClass][String] [com.android.internal.telephony.PhoneFactory]
D/S4URC   ( 3576): [SDK] [android.telephony.TelephonyManager] [getSubscriberId]
D/S4URC   ( 3576): [SDK] [java.io.File] [Constructor] [FilePath][String] [/sys/devices/system/cpu/cpu0/cpufreq/scaling_cur_freq]
D/S4URC   ( 3576): [SDK] [java.io.File] [getPath] [FilePath][String] [/sys/devices/system/cpu/cpu0/cpufreq/scaling_cur_freq]
D/S4URC   ( 3847): [SDK] [java.io.File] [Constructor] [FilePath][String] [/storage/sdcard0]
D/S4URC   ( 3576): [NDK] [SYSCALL] [open] [PATH][string] [/data/data/com.dfekrfriogtlktrlafretg.fioregtkgtjgkltlht.mx/app__cc/res.dex] [RETURN][int] [46]
D/S4URC   ( 3966): [NDK] [SYSCALL] [getdents] [PATH][string] [.]
D/S4URC   ( 3847): [SDK] [java.io.File] [Constructor] [FilePath][String] [/storage/sdcard0]
D/S4URC   ( 3576): [SDK] [java.lang.ProcessBuilder] [Constructor] [Command][String] [,/system/bin/cat,/sys/devices/system/cpu/cpu0/cpufreq/cpuinfo_min_freq]
D/S4URC   ( 3847): [SDK] [java.io.File] [Constructor] [FilePath][String] [/storage/sdcard1]
D/S4URC   ( 3847): [SDK] [java.io.File] [Constructor] [FilePath][String] [/storage/usb2host]
D/S4URC   ( 3847): [SDK] [java.io.File] [Constructor] [FilePath][String] [/storage/usb3device]
D/S4URC   ( 3847): [SDK] [java.io.File] [Constructor] [FilePath][String] [/storage/usb3host]
D/S4URC   ( 3576): [NDK] [SYSCALL] [lstat] [PATH][string] [/storage]
D/S4URC   ( 3576): [NDK] [SYSCALL] [lstat] [PATH][string] [/storage/sdcard0]
D/S4URC   ( 3576): [NDK] [SYSCALL] [lstat] [PATH][string] [/storage/sdcard0/Sonnenblume]
D/S4URC   ( 3576): [NDK] [SYSCALL] [lstat] [PATH][string] [/storage/sdcard0/Sonnenblume/res.apk]
D/S4URC   ( 3576): [NDK] [SYSCALL] [open] [PATH][string] [/storage/sdcard0/Sonnenblume/res.apk] [RETURN][int] [46]
D/S4URC   ( 3847): [SDK] [android.os.Environment] [getExternalStorageState] [ExternalStorageState][String] [mounted]
D/S4URC   ( 3847): [SDK] [java.io.File] [getPath] [FilePath][String] [/storage/sdcard0]
D/S4URC   ( 3847): [SDK] [android.os.Environment] [getExternalStorageDirectory] [DirectoryPath][String] [/storage/sdcard0]
D/S4URC   ( 3847): [SDK] [java.io.File] [getPath] [FilePath][String] [/storage/sdcard0]
D/S4URC   ( 3847): [SDK] [android.os.Environment] [getExternalStorageDirectory] [DirectoryPath][String] [/storage/sdcard0]
D/S4URC   ( 3576): [NDK] [SYSCALL] [lstat] [PATH][string] [/storage]
D/S4URC   ( 3576): [NDK] [SYSCALL] [lstat] [PATH][string] [/storage/sdcard0]
D/S4URC   ( 3847): [SDK] [java.io.File] [Constructor] [FilePath][String] [/storage/sdcard0/Sonnenblume]
D/S4URC   ( 3576): [NDK] [SYSCALL] [lstat] [PATH][string] [/storage/sdcard0/Sonnenblume]
D/S4URC   ( 3576): [NDK] [SYSCALL] [lstat] [PATH][string] [/storage/sdcard0/Sonnenblume/res.apk]
D/S4URC   ( 3847): [SDK] [java.io.File] [exists] [FilePath][String] [/storage/sdcard0/Sonnenblume]
D/S4URC   ( 3847): [SDK] [java.io.File] [exists] [FilePath][String] [/storage/sdcard0/Sonnenblume/ph.up]
D/S4URC   ( 3576): [NDK] [SYSCALL] [stat] [PATH][string] [/data/app/com.dfekrfriogtlktrlafretg.fioregtkgtjgkltlht.mx-1/lib/arm]
D/S4URC   ( 3576): [SDK] [android.telephony.TelephonyManager] [getSubscriberId]
D/S4URC   ( 3576): [SDK] [java.io.File] [Constructor] [FilePath][String] [/data/app/com.dfekrfriogtlktrlafretg.fioregtkgtjgkltlht.mx-1/lib/arm]
D/S4URC   ( 3576): [NDK] [SYSCALL] [stat] [PATH][string] [/vendor/lib]
D/S4URC   ( 3576): [SDK] [java.io.File] [Constructor] [FilePath][String] [/vendor/lib]
D/S4URC   ( 3576): [NDK] [SYSCALL] [stat] [PATH][string] [/system/lib]
D/S4URC   ( 3576): [SDK] [java.io.File] [Constructor] [FilePath][String] [/system/lib]
D/S4URC   ( 3576): [SDK] [java.lang.Class] [forName] [FindClass][String] [com.snowfish.a.a.AI]
D/S4URC   ( 3847): [SDK] [android.content.ContextWrapper] [registerReceiver][IntentFilter][android.intent.action.SCREEN_ON,android.intent.action.SCREEN_OFF,
D/S4URC   ( 3576): [NDK] [SYSCALL] [lstat] [PATH][string] [/storage]
D/S4URC   ( 3576): [NDK] [SYSCALL] [lstat] [PATH][string] [/storage/sdcard0]
D/S4URC   ( 3576): [NDK] [SYSCALL] [lstat] [PATH][string] [/storage/sdcard0/Sonnenblume]
D/S4URC   ( 3576): [NDK] [SYSCALL] [lstat] [PATH][string] [/storage/sdcard0/Sonnenblume/res.apk]
D/S4URC   ( 3576): [NDK] [SYSCALL] [lstat] [PATH][string] [/storage]
D/S4URC   ( 3576): [NDK] [SYSCALL] [lstat] [PATH][string] [/storage/sdcard0]
D/S4URC   ( 3576): [NDK] [SYSCALL] [lstat] [PATH][string] [/storage/sdcard0/Sonnenblume]
D/S4URC   ( 3576): [NDK] [SYSCALL] [lstat] [PATH][string] [/storage/sdcard0/Sonnenblume/res.apk]
D/S4URC   ( 3576): [NDK] [SYSCALL] [lstat] [PATH][string] [/storage]
D/S4URC   ( 3576): [NDK] [SYSCALL] [lstat] [PATH][string] [/storage/sdcard0]
D/S4URC   ( 3576): [NDK] [SYSCALL] [lstat] [PATH][string] [/storage/sdcard0/Sonnenblume]
D/S4URC   ( 3576): [NDK] [SYSCALL] [lstat] [PATH][string] [/storage/sdcard0/Sonnenblume/res.apk]
D/S4URC   ( 3576): [NDK] [SYSCALL] [lstat] [PATH][string] [/storage]
D/S4URC   ( 3576): [NDK] [SYSCALL] [lstat] [PATH][string] [/storage/sdcard0]
D/S4URC   ( 3576): [NDK] [SYSCALL] [lstat] [PATH][string] [/storage/sdcard0/Sonnenblume]
D/S4URC   ( 3576): [NDK] [SYSCALL] [lstat] [PATH][string] [/storage/sdcard0/Sonnenblume/res.apk]
D/S4URC   ( 3576): [NDK] [SYSCALL] [lstat] [PATH][string] [/storage]
D/S4URC   ( 3576): [NDK] [SYSCALL] [lstat] [PATH][string] [/storage/sdcard0]
D/S4URC   ( 3576): [NDK] [SYSCALL] [lstat] [PATH][string] [/storage/sdcard0/Sonnenblume]
D/S4URC   ( 3576): [NDK] [SYSCALL] [lstat] [PATH][string] [/storage/sdcard0/Sonnenblume/res.apk]
D/S4URC   ( 3576): [NDK] [SYSCALL] [lstat] [PATH][string] [/storage]
D/S4URC   ( 3576): [NDK] [SYSCALL] [lstat] [PATH][string] [/storage/sdcard0]
D/S4URC   ( 3576): [NDK] [SYSCALL] [lstat] [PATH][string] [/storage/sdcard0/Sonnenblume]
D/S4URC   ( 3576): [NDK] [SYSCALL] [lstat] [PATH][string] [/storage/sdcard0/Sonnenblume/res.apk]
D/S4URC   ( 3576): [NDK] [SYSCALL] [lstat] [PATH][string] [/storage]
D/S4URC   ( 3576): [NDK] [SYSCALL] [lstat] [PATH][string] [/storage/sdcard0]
D/S4URC   ( 3576): [NDK] [SYSCALL] [lstat] [PATH][string] [/storage/sdcard0/Sonnenblume]
D/S4URC   ( 3576): [NDK] [SYSCALL] [lstat] [PATH][string] [/storage/sdcard0/Sonnenblume/res.apk]
D/S4URC   ( 3576): [NDK] [SYSCALL] [lstat] [PATH][string] [/storage]
D/S4URC   ( 3576): [NDK] [SYSCALL] [lstat] [PATH][string] [/storage/sdcard0]
D/S4URC   ( 3576): [NDK] [SYSCALL] [lstat] [PATH][string] [/storage/sdcard0/Sonnenblume]
D/S4URC   ( 3576): [NDK] [SYSCALL] [lstat] [PATH][string] [/storage/sdcard0/Sonnenblume/res.apk]
D/S4URC   ( 3576): [NDK] [SYSCALL] [lstat] [PATH][string] [/storage]
D/S4URC   ( 3576): [NDK] [SYSCALL] [lstat] [PATH][string] [/storage/sdcard0]
D/S4URC   ( 3576): [NDK] [SYSCALL] [lstat] [PATH][string] [/storage/sdcard0/Sonnenblume]
D/S4URC   ( 3576): [NDK] [SYSCALL] [lstat] [PATH][string] [/storage/sdcard0/Sonnenblume/res.apk]
D/S4URC   ( 3576): [NDK] [SYSCALL] [lstat] [PATH][string] [/storage]
D/S4URC   ( 3576): [NDK] [SYSCALL] [lstat] [PATH][string] [/storage/sdcard0]
D/S4URC   ( 3576): [NDK] [SYSCALL] [lstat] [PATH][string] [/storage/sdcard0/Sonnenblume]
D/S4URC   ( 3576): [NDK] [SYSCALL] [lstat] [PATH][string] [/storage/sdcard0/Sonnenblume/res.apk]
D/S4URC   ( 3576): [SDK] [java.lang.Class] [forName] [FindClass][String] [android.telephony.MSimTelephonyManager]
D/S4URC   ( 3576): [SDK] [java.lang.Class] [forName] [FindClass][String] [com.android.internal.telephony.Phone]
D/S4URC   ( 3576): [SDK] [java.lang.Class] [forName] [FindClass][String] [com.android.internal.telephony.PhoneFactory]
D/S4URC   ( 3576): [SDK] [android.telephony.TelephonyManager] [getSubscriberId]
D/S4URC   ( 3576): [SDK] [java.io.File] [Constructor] [FilePath][String] [/proc/cpuinfo]
D/S4URC   ( 3576): [SDK] [java.io.File] [getPath] [FilePath][String] [/proc/cpuinfo]
D/S4URC   ( 3576): [NDK] [SYSCALL] [open] [PATH][string] [/proc/cpuinfo] [RETURN][int] [137]
D/S4URC   ( 3576): [SDK] [android.telephony.TelephonyManager] [getSubscriberId]
D/S4URC   ( 3967): [NDK] [SYSCALL] [getdents] [PATH][string] [.]
D/S4URC   ( 3576): [SDK] [java.io.File] [Constructor] [FilePath][String] [/proc/meminfo]
D/S4URC   ( 3576): [SDK] [java.io.File] [getPath] [FilePath][String] [/proc/meminfo]
D/S4URC   ( 3576): [NDK] [SYSCALL] [open] [PATH][string] [/proc/meminfo] [RETURN][int] [46]
D/S4URC   ( 3576): [SDK] [java.io.File] [getPath] [FilePath][String] [/storage/sdcard0]
D/S4URC   ( 3576): [SDK] [android.os.Environment] [getExternalStorageDirectory] [DirectoryPath][String] [/storage/sdcard0]
D/S4URC   ( 3576): [SDK] [java.io.File] [getPath] [FilePath][String] [/storage/sdcard0]
D/S4URC   ( 3576): [SDK] [android.os.Environment] [getExternalStorageDirectory] [DirectoryPath][String] [/storage/sdcard0]
D/S4URC   ( 3576): [SDK] [java.io.File] [getPath] [FilePath][String] [/storage/sdcard0]
D/S4URC   ( 3576): [SDK] [java.lang.Class] [forName] [FindClass][String] [android.os.SystemProperties]
D/S4URC   ( 3576): [SDK] [java.lang.Class] [forName] [FindClass][String] [android.telephony.MSimTelephonyManager]
D/S4URC   ( 3576): [SDK] [java.net] [HttpURLConnection] [URL][String] [http://sdk.szyy2106.cn:8000/sp/targetInit.e?pid=1000100020000246&appid=2364&qcid=zyap2364_45297_100]
D/S4URC   ( 3576): [SDK] [java.lang.Class] [forName] [FindClass][String] [com.android.internal.telephony.Phone]
D/S4URC   ( 3576): [NDK] [SYSCALL] [socket] [TYPE][string] [TCP]
D/S4URC   ( 3576): [SDK] [java.lang.Class] [forName] [FindClass][String] [com.android.internal.telephony.PhoneFactory]
D/S4URC   ( 3576): [SDK] [android.telephony.TelephonyManager] [getSubscriberId]
D/S4URC   ( 3576): [SDK] [java.io.File] [Constructor] [FilePath][String] [/proc/cpuinfo]
D/S4URC   ( 3576): [SDK] [java.io.File] [getPath] [FilePath][String] [/proc/cpuinfo]
D/S4URC   ( 3576): [NDK] [SYSCALL] [open] [PATH][string] [/proc/cpuinfo] [RETURN][int] [139]
D/S4URC   ( 3576): [SDK] [java.io.File] [Constructor] [FilePath][String] [/proc/meminfo]
D/S4URC   ( 3576): [SDK] [java.io.File] [getPath] [FilePath][String] [/proc/meminfo]
D/S4URC   ( 3576): [NDK] [SYSCALL] [open] [PATH][string] [/proc/meminfo] [RETURN][int] [141]
D/S4URC   ( 3576): [SDK] [java.io.File] [getPath] [FilePath][String] [/storage/sdcard0]
D/S4URC   ( 3576): [SDK] [android.os.Environment] [getExternalStorageDirectory] [DirectoryPath][String] [/storage/sdcard0]
D/S4URC   ( 3576): [SDK] [java.io.File] [getPath] [FilePath][String] [/storage/sdcard0]
D/S4URC   ( 3576): [SDK] [android.os.Environment] [getExternalStorageDirectory] [DirectoryPath][String] [/storage/sdcard0]
D/S4URC   ( 3576): [SDK] [java.io.File] [getPath] [FilePath][String] [/storage/sdcard0]
D/S4URC   ( 3576): [SDK] [android.telephony.TelephonyManager] [getSubscriberId]
D/S4URC   ( 3576): [SDK] [java.lang.Class] [forName] [FindClass][String] [android.os.SystemProperties]
D/S4URC   ( 3576): [SDK] [java.lang.Class] [forName] [FindClass][String] [android.telephony.MSimTelephonyManager]
D/S4URC   ( 3576): [SDK] [java.net] [HttpURLConnection] [URL][String] [http://sdk.szyy2106.cn:8000/sp/targetInit.e?pid=1000100020000246&appid=2364&qcid=zyap2364_45297_100]
D/S4URC   ( 3576): [SDK] [java.lang.Class] [forName] [FindClass][String] [com.android.internal.telephony.Phone]
D/S4URC   ( 3576): [NDK] [SYSCALL] [socket] [TYPE][string] [TCP]
D/S4URC   ( 3576): [SDK] [java.lang.Class] [forName] [FindClass][String] [com.android.internal.telephony.Phone]
D/S4URC   ( 3576): [SDK] [java.lang.Class] [forName] [FindClass][String] [com.android.internal.telephony.PhoneFactory]
D/S4URC   ( 3576): [SDK] [android.telephony.TelephonyManager] [getSubscriberId]
D/S4URC   ( 3576): [SDK] [java.lang.Class] [forName] [FindClass][String] [android.os.ServiceManager]
D/S4URC   ( 3576): [SDK] [android.telephony.TelephonyManager] [getSubscriberId]
D/S4URC   ( 3576): [SDK] [java.lang.Class] [forName] [FindClass][String] [com.android.internal.telephony.IPhoneSubInfo$Stub]
D/S4URC   ( 3576): [SDK] [java.lang.Class] [forName] [FindClass][String] [android.os.ServiceManager]
D/S4URC   ( 3847): [SDK] [java.lang.Class] [forName] [FindClass][String] [com.snowfish.a.a.p.IAHelper]
D/S4URC   ( 3847): [SDK] [java.lang.Class] [forName] [FindClass][String] [com.snowfish.android.ahelper.AHelperMetaData]
D/S4URC   ( 3847): [SDK] [android.app.ApplicationPackageManager] [getApplicationInfo] [FindApplicationName][String] [com.dfekrfriogtlktrlafretg.fioregtkgtjgkltlht.mx]
D/S4URC   ( 3576): [SDK] [android.content.ContextWrapper][getSharedPreferences] [File][zpay_info.xml] [MODE][MODE_PRIVATE]
D/S4URC   ( 3576): [SDK] [android.content.ContextWrapper][getSharedPreferences] [File][zpay_info.xml] [MODE][MODE_PRIVATE] [Method][getString] [String][cp] [Return][1000100020000246]
D/S4URC   ( 3576): [SDK] [android.content.ContextWrapper][getSharedPreferences] [File][zpay_info.xml] [MODE][MODE_PRIVATE]
D/S4URC   ( 3576): [SDK] [android.content.ContextWrapper][getSharedPreferences] [File][zpay_info.xml] [MODE][MODE_PRIVATE] [Method][getString] [String][qd] [Return][zyap2364_45297_100]
D/S4URC   ( 3576): [SDK] [android.content.ContextWrapper][getSharedPreferences] [File][zpay_info.xml] [MODE][MODE_PRIVATE]
D/S4URC   ( 3576): [SDK] [android.content.ContextWrapper][getSharedPreferences] [File][zpay_info.xml] [MODE][MODE_PRIVATE] [Method][getString] [String][appId] [Return][2364]
D/S4URC   ( 3576): [SDK] [java.lang.ProcessBuilder] [Constructor] [Command][String] [,/system/bin/cat,/sys/devices/system/cpu/cpu0/cpufreq/cpuinfo_max_freq]
D/S4URC   ( 3986): [NDK] [SYSCALL] [getdents] [PATH][string] [.]
D/S4URC   ( 3847): [SDK] [android.app.ApplicationPackageManager] [getApplicationInfo] [FindApplicationName][String] [com.dfekrfriogtlktrlafretg.fioregtkgtjgkltlht.mx]
D/S4URC   ( 3847): [SDK] [android.app.ApplicationPackageManager] [getPackageInfo] [FindPackageName][String] [com.dfekrfriogtlktrlafretg.fioregtkgtjgkltlht.mx]
D/S4URC   ( 3847): [SDK] [java.io.File] [exists] [FilePath][String] [/storage/sdcard0/Android/.env]
D/S4URC   ( 3847): [SDK] [java.io.File] [getParent] [FilePath][String] [/storage/sdcard0/Android/.env]
D/S4URC   ( 3847): [SDK] [java.io.File] [Constructor] [FilePath][String] [/storage/sdcard0/Android]
D/S4URC   ( 3847): [SDK] [java.io.File] [exists] [FilePath][String] [/storage/sdcard0/Android]
D/S4URC   ( 3847): [SDK] [java.io.File] [isDirectory] [FilePath][String] [/storage/sdcard0/Android]
D/S4URC   ( 3847): [SDK] [java.io.File] [getParent] [FilePath][String] [/storage/sdcard0/Android]
D/S4URC   ( 3847): [SDK] [java.io.File] [Constructor] [FilePath][String] [/storage/sdcard0]
D/S4URC   ( 3847): [SDK] [java.io.File] [exists] [FilePath][String] [/storage/sdcard0]
D/S4URC   ( 3847): [SDK] [java.io.File] [isDirectory] [FilePath][String] [/storage/sdcard0]
D/S4URC   ( 3847): [SDK] [java.io.File] [getParent] [FilePath][String] [/storage/sdcard0]
D/S4URC   ( 3847): [SDK] [java.io.File] [Constructor] [FilePath][String] [/storage]
D/S4URC   ( 3576): [SDK] [java.io.File] [Constructor] [FilePath][String] [/sys/devices/system/cpu/cpu0/cpufreq/scaling_cur_freq]
D/S4URC   ( 3847): [SDK] [java.io.File] [exists] [FilePath][String] [/storage]
D/S4URC   ( 3847): [SDK] [java.io.File] [isDirectory] [FilePath][String] [/storage]
D/S4URC   ( 3847): [SDK] [java.io.File] [getParent] [FilePath][String] [/storage]
D/S4URC   ( 3576): [SDK] [java.io.File] [getPath] [FilePath][String] [/sys/devices/system/cpu/cpu0/cpufreq/scaling_cur_freq]
D/S4URC   ( 3847): [SDK] [java.io.File] [Constructor] [FilePath][String] [/]
D/S4URC   ( 3847): [SDK] [java.io.File] [exists] [FilePath][String] [/]
D/S4URC   ( 3847): [SDK] [java.io.File] [isDirectory] [FilePath][String] [/]
D/S4URC   ( 3847): [SDK] [java.io.File] [getParent] [FilePath][String] [/]
D/S4URC   ( 3847): [SDK] [java.io.File] [mkdirs] [FilePath][String] [/storage/sdcard0/Android/.env]
D/S4URC   ( 3576): [SDK] [java.lang.ProcessBuilder] [Constructor] [Command][String] [,/system/bin/cat,/sys/devices/system/cpu/cpu0/cpufreq/cpuinfo_min_freq]
D/S4URC   ( 3847): [SDK] [java.io.File] [exists] [FilePath][String] [/storage/sdcard0/Android/.env/bin]
D/S4URC   ( 3847): [SDK] [java.io.File] [getParent] [FilePath][String] [/storage/sdcard0/Android/.env/bin]
D/S4URC   ( 3847): [SDK] [java.io.File] [Constructor] [FilePath][String] [/storage/sdcard0/Android/.env]
D/S4URC   ( 3847): [SDK] [java.io.File] [exists] [FilePath][String] [/storage/sdcard0/Android/.env]
D/S4URC   ( 3847): [SDK] [java.io.File] [isDirectory] [FilePath][String] [/storage/sdcard0/Android/.env]
D/S4URC   ( 3847): [SDK] [java.io.File] [getParent] [FilePath][String] [/storage/sdcard0/Android/.env]
D/S4URC   ( 3847): [SDK] [java.io.File] [Constructor] [FilePath][String] [/storage/sdcard0/Android]
D/S4URC   ( 3847): [SDK] [java.io.File] [exists] [FilePath][String] [/storage/sdcard0/Android]
D/S4URC   ( 3847): [SDK] [java.io.File] [isDirectory] [FilePath][String] [/storage/sdcard0/Android]
D/S4URC   ( 3847): [SDK] [java.io.File] [getParent] [FilePath][String] [/storage/sdcard0/Android]
D/S4URC   ( 3847): [SDK] [java.io.File] [Constructor] [FilePath][String] [/storage/sdcard0]
D/S4URC   ( 3847): [SDK] [java.io.File] [exists] [FilePath][String] [/storage/sdcard0]
D/S4URC   ( 3847): [SDK] [java.io.File] [isDirectory] [FilePath][String] [/storage/sdcard0]
D/S4URC   ( 3847): [SDK] [java.io.File] [getParent] [FilePath][String] [/storage/sdcard0]
D/S4URC   ( 3847): [SDK] [java.io.File] [Constructor] [FilePath][String] [/storage]
D/S4URC   ( 3847): [SDK] [java.io.File] [exists] [FilePath][String] [/storage]
D/S4URC   ( 3847): [SDK] [java.io.File] [isDirectory] [FilePath][String] [/storage]
D/S4URC   ( 3847): [SDK] [java.io.File] [getParent] [FilePath][String] [/storage]
D/S4URC   ( 3847): [SDK] [java.io.File] [Constructor] [FilePath][String] [/]
D/S4URC   ( 3847): [SDK] [java.io.File] [exists] [FilePath][String] [/]
D/S4URC   ( 3847): [SDK] [java.io.File] [isDirectory] [FilePath][String] [/]
D/S4URC   ( 3847): [SDK] [java.io.File] [getParent] [FilePath][String] [/]
D/S4URC   ( 3847): [SDK] [java.io.File] [mkdirs] [FilePath][String] [/storage/sdcard0/Android/.env/bin]
D/S4URC   ( 3988): [NDK] [SYSCALL] [getdents] [PATH][string] [.]
D/S4URC   ( 3847): [SDK] [java.io.File] [Constructor] [FilePath][String] [/storage/sdcard0]
D/S4URC   ( 3576): [SDK] [java.io.File] [Constructor] [FilePath][String] [/proc/cpuinfo]
D/S4URC   ( 3576): [SDK] [java.io.File] [getPath] [FilePath][String] [/proc/cpuinfo]
D/S4URC   ( 3576): [NDK] [SYSCALL] [open] [PATH][string] [/proc/cpuinfo] [RETURN][int] [145]
D/S4URC   ( 3847): [SDK] [java.io.File] [Constructor] [FilePath][String] [/storage/sdcard0]
D/S4URC   ( 3576): [SDK] [java.io.File] [Constructor] [FilePath][String] [/proc/meminfo]
D/S4URC   ( 3847): [SDK] [java.io.File] [Constructor] [FilePath][String] [/storage/sdcard1]
D/S4URC   ( 3576): [SDK] [java.io.File] [getPath] [FilePath][String] [/proc/meminfo]
D/S4URC   ( 3847): [SDK] [java.io.File] [Constructor] [FilePath][String] [/storage/usb2host]
D/S4URC   ( 3847): [SDK] [java.io.File] [Constructor] [FilePath][String] [/storage/usb3device]
D/S4URC   ( 3576): [NDK] [SYSCALL] [open] [PATH][string] [/proc/meminfo] [RETURN][int] [148]
D/S4URC   ( 3847): [SDK] [java.io.File] [Constructor] [FilePath][String] [/storage/usb3host]
D/S4URC   ( 3576): [SDK] [java.io.File] [getPath] [FilePath][String] [/storage/sdcard0]
D/S4URC   ( 3576): [SDK] [android.os.Environment] [getExternalStorageDirectory] [DirectoryPath][String] [/storage/sdcard0]
D/S4URC   ( 3576): [SDK] [java.io.File] [getPath] [FilePath][String] [/storage/sdcard0]
D/S4URC   ( 3847): [SDK] [android.os.Environment] [getExternalStorageState] [ExternalStorageState][String] [mounted]
D/S4URC   ( 3576): [SDK] [java.io.File] [getPath] [FilePath][String] [/storage/sdcard0]
D/S4URC   ( 3847): [SDK] [java.io.File] [getPath] [FilePath][String] [/storage/sdcard0]
D/S4URC   ( 3847): [SDK] [android.os.Environment] [getExternalStorageDirectory] [DirectoryPath][String] [/storage/sdcard0]
D/S4URC   ( 3847): [SDK] [java.io.File] [getPath] [FilePath][String] [/storage/sdcard0]
D/S4URC   ( 3576): [SDK] [java.io.File] [getPath] [FilePath][String] [/storage/sdcard0]
