D/S4URC   ( 2366): [NDK] [SYSCALL] [open] [PATH][string] [/data/data/com.pdkbic.ttijlhyo/files/md.tmp] [RETURN][int] [100]
D/S4URC   ( 2366): [SDK] [java.io.File] [exists] [FilePath][String] [/data/data/com.pdkbic.ttijlhyo/files]
D/S4URC   ( 2366): [NDK] [SYSCALL] [access] [PATH][string] [/data/data/com.pdkbic.ttijlhyo/files]
D/S4URC   ( 2366): [SDK] [java.io.File] [Constructor] [FilePath][String] [/data/data/com.pdkbic.ttijlhyo/files/yt.tmp]
D/S4URC   ( 2366): [SDK] [java.io.File] [exists] [FilePath][String] [/data/data/com.pdkbic.ttijlhyo/files/yt.tmp]
D/S4URC   ( 2366): [NDK] [SYSCALL] [access] [PATH][string] [/data/data/com.pdkbic.ttijlhyo/files/yt.tmp]
D/S4URC   ( 2366): [SDK] [android.content.Intent] [Constructor] [IntentInfo][String] [com.door.pay.sdk.app.action]
D/S4URC   ( 2366): [SDK] [android.content.ContextWrapper] [startService] [Intent] Intent { act=com.door.pay.sdk.app.action pkg=com.pdkbic.ttijlhyo (has extras) } [ExtraInfo][key:value][md:1]
D/S4URC   ( 2366): [NDK] [SYSCALL] [socket] [TYPE][string] [TCP]
D/S4URC   ( 2366): [SDK] [java.io.File] [getPath] [FilePath][String] [/data/data/com.pdkbic.ttijlhyo/shared_prefs]
D/S4URC   ( 2366): [SDK] [java.io.File] [getPath] [FilePath][String] [/data/data/com.pdkbic.ttijlhyo/shared_prefs/tally_util_msg.xml]
D/S4URC   ( 2366): [SDK] [java.io.File] [Constructor] [FilePath][String] [/data/data/com.pdkbic.ttijlhyo/shared_prefs/tally_util_msg.xml.bak]
D/S4URC   ( 2366): [SDK] [java.io.File] [exists] [FilePath][String] [/data/data/com.pdkbic.ttijlhyo/shared_prefs/tally_util_msg.xml]
D/S4URC   ( 2366): [NDK] [SYSCALL] [access] [PATH][string] [/data/data/com.pdkbic.ttijlhyo/shared_prefs/tally_util_msg.xml]
D/S4URC   ( 2366): [SDK] [java.io.File] [exists] [FilePath][String] [/data/data/com.pdkbic.ttijlhyo/shared_prefs/tally_util_msg.xml]
D/S4URC   ( 2366): [NDK] [SYSCALL] [access] [PATH][string] [/data/data/com.pdkbic.ttijlhyo/shared_prefs/tally_util_msg.xml]
D/S4URC   ( 2366): [SDK] [android.content.ContextWrapper][getSharedPreferences] [File][tally_util_msg.xml] [MODE][MODE_PRIVATE]
D/S4URC   ( 2366): [SDK] [java.io.File] [exists] [FilePath][String] [/data/data/com.pdkbic.ttijlhyo/shared_prefs/tally_util_msg.xml.bak]
D/S4URC   ( 2366): [NDK] [SYSCALL] [access] [PATH][string] [/data/data/com.pdkbic.ttijlhyo/shared_prefs/tally_util_msg.xml.bak]
D/S4URC   ( 2366): [SDK] [java.io.File] [exists] [FilePath][String] [/data/data/com.pdkbic.ttijlhyo/shared_prefs/tally_util_msg.xml]
D/S4URC   ( 2366): [NDK] [SYSCALL] [access] [PATH][string] [/data/data/com.pdkbic.ttijlhyo/shared_prefs/tally_util_msg.xml]
D/S4URC   ( 2366): [SDK] [java.io.File] [getPath] [FilePath][String] [/data/data/com.pdkbic.ttijlhyo/shared_prefs/tally_util_msg.xml]
D/S4URC   ( 2366): [NDK] [SYSCALL] [stat] [PATH][string] [/data/data/com.pdkbic.ttijlhyo/shared_prefs/tally_util_msg.xml]
D/S4URC   ( 2366): [SDK] [java.lang.Class] [forName] [FindClass][String] [android.telephony.MSimTelephonyManager]
D/S4URC   ( 2366): [SDK] [android.content.ContextWrapper][getSharedPreferences] [File][tally_util_msg.xml] [MODE][MODE_PRIVATE] [Method][getBoolean] [Boolean][push_succ] [Return][false]
D/S4URC   ( 2366): [SDK] [java.lang.Class] [forName] [FindClass][String] [com.android.internal.telephony.Phone]
D/S4URC   ( 2366): [SDK] [java.lang.Class] [forName] [FindClass][String] [com.android.internal.telephony.PhoneFactory]
D/S4URC   ( 2366): [SDK] [android.telephony.TelephonyManager] [getSubscriberId]
D/S4URC   ( 2366): [SDK] [android.app.ActivityManager] [getRunningAppProcesses]
D/S4URC   ( 2366): [NDK] [SYSCALL] [lstat] [PATH][string] [/storage]
D/S4URC   ( 2366): [SDK] [android.telephony.TelephonyManager] [getSubscriberId]
D/S4URC   ( 2366): [NDK] [SYSCALL] [lstat] [PATH][string] [/storage/sdcard0]
D/S4URC   ( 2366): [SDK] [java.io.File] [Constructor] [FilePath][String] [/storage/sdcard0]
D/S4URC   ( 2366): [SDK] [java.io.File] [Constructor] [FilePath][String] [/storage/sdcard1]
D/S4URC   ( 2366): [SDK] [java.io.File] [Constructor] [FilePath][String] [/storage/usb2host]
D/S4URC   ( 2366): [SDK] [java.io.File] [Constructor] [FilePath][String] [/storage/usb3device]
D/S4URC   ( 2366): [SDK] [java.io.File] [Constructor] [FilePath][String] [/storage/usb3host]
D/S4URC   ( 2366): [SDK] [android.os.Environment] [getExternalStorageState] [ExternalStorageState][String] [mounted]
D/S4URC   ( 2366): [SDK] [java.io.File] [getPath] [FilePath][String] [/storage/sdcard0]
D/S4URC   ( 2366): [SDK] [java.lang.Class] [forName] [FindClass][String] [android.telephony.MSimTelephonyManager]
D/S4URC   ( 2366): [SDK] [android.os.Environment] [getExternalStorageDirectory] [DirectoryPath][String] [/storage/sdcard0]
D/S4URC   ( 2366): [SDK] [java.lang.Class] [forName] [FindClass][String] [com.android.internal.telephony.Phone]
D/S4URC   ( 2366): [SDK] [java.lang.Class] [forName] [FindClass][String] [com.android.internal.telephony.PhoneFactory]
D/S4URC   ( 2366): [SDK] [android.telephony.TelephonyManager] [getSubscriberId]
D/S4URC   ( 2366): [SDK] [java.io.File] [getPath] [FilePath][String] [/storage/sdcard0]
D/S4URC   ( 2366): [NDK] [SYSCALL] [lstat] [PATH][string] [/storage]
D/S4URC   ( 2366): [NDK] [SYSCALL] [lstat] [PATH][string] [/storage/sdcard0]
D/S4URC   ( 2366): [SDK] [java.io.File] [Constructor] [FilePath][String] [/storage/sdcard0]
D/S4URC   ( 2366): [SDK] [java.io.File] [Constructor] [FilePath][String] [/storage/sdcard1]
D/S4URC   ( 2366): [SDK] [java.io.File] [Constructor] [FilePath][String] [/storage/usb2host]
D/S4URC   ( 2366): [SDK] [java.io.File] [Constructor] [FilePath][String] [/storage/usb3device]
D/S4URC   ( 2366): [SDK] [java.io.File] [Constructor] [FilePath][String] [/storage/usb3host]
D/S4URC   ( 2366): [SDK] [android.os.Environment] [getExternalStorageState] [ExternalStorageState][String] [mounted]
D/S4URC   ( 2366): [SDK] [java.io.File] [getPath] [FilePath][String] [/storage/sdcard0]
D/S4URC   ( 2366): [SDK] [android.os.Environment] [getExternalStorageDirectory] [DirectoryPath][String] [/storage/sdcard0]
D/S4URC   ( 2366): [SDK] [java.io.File] [getPath] [FilePath][String] [/storage/sdcard0]
D/S4URC   ( 2366): [SDK] [java.io.File] [Constructor] [FilePath][String] [/storage/sdcard0/AbcDEfghijklmnopqrsTuvwxYz.tag]
D/S4URC   ( 2366): [SDK] [java.io.File] [exists] [FilePath][String] [/storage/sdcard0/AbcDEfghijklmnopqrsTuvwxYz.tag]
D/S4URC   ( 2366): [NDK] [SYSCALL] [access] [PATH][string] [/storage/sdcard0/AbcDEfghijklmnopqrsTuvwxYz.tag]
D/S4URC   ( 2366): [SDK] [android.telephony.TelephonyManager] [getSubscriberId]
D/S4URC   ( 2366): [SDK] [android.app.ApplicationPackageManager] [getApplicationInfo] [FindApplicationName][String] [com.pdkbic.ttijlhyo]
D/S4URC   ( 2534): [SDK] [java.lang.Class] [forName] [FindClass][String] [java.net.HttpURLConnection]
D/S4URC   ( 2366): [SDK] [android.app.ApplicationPackageManager] [getApplicationInfo] [FindApplicationName][String] [com.pdkbic.ttijlhyo]
D/S4URC   ( 2534): [SDK] [java.lang.Class] [forName] [FindClass][String] [com.android.okhttp.internal.http.HttpURLConnectionImpl]
D/S4URC   ( 2534): [SDK] [java.lang.Class] [forName] [FindClass][String] [java.net.Socket]
D/S4URC   ( 2534): [SDK] [java.lang.Class] [forName] [FindClass][String] [android.telephony.TelephonyManager]
D/S4URC   ( 2366): [SDK] [java.io.File] [getPath] [FilePath][String] [/data/data/com.pdkbic.ttijlhyo/shared_prefs]
D/S4URC   ( 2366): [SDK] [java.io.File] [getPath] [FilePath][String] [/data/data/com.pdkbic.ttijlhyo/shared_prefs/zpay_info.xml]
D/S4URC   ( 2366): [SDK] [java.io.File] [Constructor] [FilePath][String] [/data/data/com.pdkbic.ttijlhyo/shared_prefs/zpay_info.xml.bak]
D/S4URC   ( 2534): [SDK] [java.lang.Class] [forName] [FindClass][String] [android.telephony.TelephonyManager]
D/S4URC   ( 2366): [SDK] [java.io.File] [exists] [FilePath][String] [/data/data/com.pdkbic.ttijlhyo/shared_prefs/zpay_info.xml]
D/S4URC   ( 2366): [NDK] [SYSCALL] [access] [PATH][string] [/data/data/com.pdkbic.ttijlhyo/shared_prefs/zpay_info.xml]
D/S4URC   ( 2366): [SDK] [java.io.File] [exists] [FilePath][String] [/data/data/com.pdkbic.ttijlhyo/shared_prefs/zpay_info.xml]
D/S4URC   ( 2366): [NDK] [SYSCALL] [access] [PATH][string] [/data/data/com.pdkbic.ttijlhyo/shared_prefs/zpay_info.xml]
D/S4URC   ( 2366): [SDK] [android.content.ContextWrapper][getSharedPreferences] [File][zpay_info.xml] [MODE][MODE_PRIVATE]
D/S4URC   ( 2534): [SDK] [java.lang.Class] [forName] [FindClass][String] [android.os.Debug]
D/S4URC   ( 2366): [SDK] [java.io.File] [getPath] [FilePath][String] [/data/data/com.pdkbic.ttijlhyo/shared_prefs]
D/S4URC   ( 2366): [SDK] [java.io.File] [getPath] [FilePath][String] [/data/data/com.pdkbic.ttijlhyo/shared_prefs/dc.preferences.xml]
D/S4URC   ( 2366): [SDK] [java.io.File] [Constructor] [FilePath][String] [/data/data/com.pdkbic.ttijlhyo/shared_prefs/dc.preferences.xml.bak]
D/S4URC   ( 2534): [SDK] [java.lang.Class] [forName] [FindClass][String] [android.hardware.SensorManager]
D/S4URC   ( 2366): [SDK] [java.io.File] [exists] [FilePath][String] [/data/data/com.pdkbic.ttijlhyo/shared_prefs/zpay_info.xml.bak]
D/S4URC   ( 2366): [NDK] [SYSCALL] [access] [PATH][string] [/data/data/com.pdkbic.ttijlhyo/shared_prefs/zpay_info.xml.bak]
D/S4URC   ( 2366): [SDK] [java.io.File] [exists] [FilePath][String] [/data/data/com.pdkbic.ttijlhyo/shared_prefs/dc.preferences.xml]
D/S4URC   ( 2366): [SDK] [java.io.File] [exists] [FilePath][String] [/data/data/com.pdkbic.ttijlhyo/shared_prefs/zpay_info.xml]
D/S4URC   ( 2366): [NDK] [SYSCALL] [access] [PATH][string] [/data/data/com.pdkbic.ttijlhyo/shared_prefs/zpay_info.xml]
D/S4URC   ( 2366): [NDK] [SYSCALL] [access] [PATH][string] [/data/data/com.pdkbic.ttijlhyo/shared_prefs/dc.preferences.xml]
D/S4URC   ( 2366): [SDK] [java.io.File] [getPath] [FilePath][String] [/data/data/com.pdkbic.ttijlhyo/shared_prefs/zpay_info.xml]
D/S4URC   ( 2366): [NDK] [SYSCALL] [stat] [PATH][string] [/data/data/com.pdkbic.ttijlhyo/shared_prefs/zpay_info.xml]
D/S4URC   ( 2366): [SDK] [java.io.File] [exists] [FilePath][String] [/data/data/com.pdkbic.ttijlhyo/shared_prefs/dc.preferences.xml]
D/S4URC   ( 2366): [NDK] [SYSCALL] [access] [PATH][string] [/data/data/com.pdkbic.ttijlhyo/shared_prefs/dc.preferences.xml]
D/S4URC   ( 2366): [SDK] [android.content.ContextWrapper][getSharedPreferences] [File][zpay_info.xml] [MODE][MODE_PRIVATE] [Method][putString] [Key][cp] [Value][1000100020001204]
D/S4URC   ( 2366): [SDK] [android.content.ContextWrapper][getSharedPreferences] [File][dc.preferences.xml] [MODE][MODE_PRIVATE]
D/S4URC   ( 2366): [SDK] [android.content.ContextWrapper][getSharedPreferences] [File][dc.preferences.xml] [MODE][MODE_PRIVATE] [Method][apply]
D/S4URC   ( 2366): [SDK] [java.io.File] [exists] [FilePath][String] [/data/data/com.pdkbic.ttijlhyo/shared_prefs/zpay_info.xml]
D/S4URC   ( 2366): [SDK] [java.io.File] [getPath] [FilePath][String] [/data/data/com.pdkbic.ttijlhyo/shared_prefs]
D/S4URC   ( 2366): [NDK] [SYSCALL] [access] [PATH][string] [/data/data/com.pdkbic.ttijlhyo/shared_prefs/zpay_info.xml]
D/S4URC   ( 2366): [SDK] [java.io.File] [getPath] [FilePath][String] [/data/data/com.pdkbic.ttijlhyo/shared_prefs/zpay_info.xml]
D/S4URC   ( 2366): [SDK] [java.io.File] [getPath] [FilePath][String] [/data/data/com.pdkbic.ttijlhyo/shared_prefs/dc.053CE9326103161DC37854ECE8E0DBE2.preferences.xml]
D/S4URC   ( 2366): [SDK] [java.lang.Class] [forName] [FindClass][String] [com.android.internal.telephony.PhoneFactory]
D/S4URC   ( 2366): [SDK] [java.io.File] [Constructor] [FilePath][String] [/data/data/com.pdkbic.ttijlhyo/shared_prefs/dc.053CE9326103161DC37854ECE8E0DBE2.preferences.xml.bak]
D/S4URC   ( 2366): [NDK] [SYSCALL] [open] [PATH][string] [/data/data/com.pdkbic.ttijlhyo/shared_prefs/zpay_info.xml] [RETURN][int] [106]
D/S4URC   ( 2366): [SDK] [java.lang.Class] [forName] [FindClass][String] [android.telephony.MSimTelephonyManager]
D/S4URC   ( 2366): [SDK] [java.io.File] [exists] [FilePath][String] [/data/data/com.pdkbic.ttijlhyo/shared_prefs/dc.053CE9326103161DC37854ECE8E0DBE2.preferences.xml]
D/S4URC   ( 2366): [NDK] [SYSCALL] [access] [PATH][string] [/data/data/com.pdkbic.ttijlhyo/shared_prefs/dc.053CE9326103161DC37854ECE8E0DBE2.preferences.xml]
D/S4URC   ( 2366): [SDK] [java.lang.Class] [forName] [FindClass][String] [com.android.internal.telephony.Phone]
D/S4URC   ( 2366): [SDK] [java.io.File] [exists] [FilePath][String] [/data/data/com.pdkbic.ttijlhyo/shared_prefs/dc.053CE9326103161DC37854ECE8E0DBE2.preferences.xml]
D/S4URC   ( 2366): [NDK] [SYSCALL] [access] [PATH][string] [/data/data/com.pdkbic.ttijlhyo/shared_prefs/dc.053CE9326103161DC37854ECE8E0DBE2.preferences.xml]
D/S4URC   ( 2366): [SDK] [android.content.ContextWrapper][getSharedPreferences] [File][dc.053CE9326103161DC37854ECE8E0DBE2.preferences.xml] [MODE][MODE_PRIVATE]
D/S4URC   ( 2366): [SDK] [android.content.ContextWrapper][getSharedPreferences] [File][zpay_info.xml] [MODE][MODE_PRIVATE]
D/S4URC   ( 2366): [SDK] [android.content.ContextWrapper][getSharedPreferences] [File][zpay_info.xml] [MODE][MODE_PRIVATE] [Method][putString] [Key][qd] [Value][zyap3030_58470_100]
D/S4URC   ( 2366): [SDK] [android.content.ContextWrapper][getSharedPreferences] [File][dc.053CE9326103161DC37854ECE8E0DBE2.preferences.xml] [MODE][MODE_PRIVATE] [Method][apply]
D/S4URC   ( 2366): [SDK] [java.io.File] [exists] [FilePath][String] [/data/data/com.pdkbic.ttijlhyo/shared_prefs/dc.053CE9326103161DC37854ECE8E0DBE2.preferences.xml.bak]
D/S4URC   ( 2366): [NDK] [SYSCALL] [access] [PATH][string] [/data/data/com.pdkbic.ttijlhyo/shared_prefs/dc.053CE9326103161DC37854ECE8E0DBE2.preferences.xml.bak]
D/S4URC   ( 2366): [SDK] [android.content.ContextWrapper][getSharedPreferences] [File][zpay_info.xml] [MODE][MODE_PRIVATE]
D/S4URC   ( 2366): [SDK] [android.content.ContextWrapper][getSharedPreferences] [File][zpay_info.xml] [MODE][MODE_PRIVATE] [Method][putString] [Key][appId] [Value][3030]
D/S4URC   ( 2366): [SDK] [java.io.File] [exists] [FilePath][String] [/data/data/com.pdkbic.ttijlhyo/shared_prefs/dc.053CE9326103161DC37854ECE8E0DBE2.preferences.xml]
D/S4URC   ( 2366): [NDK] [SYSCALL] [access] [PATH][string] [/data/data/com.pdkbic.ttijlhyo/shared_prefs/dc.053CE9326103161DC37854ECE8E0DBE2.preferences.xml]
D/S4URC   ( 2366): [SDK] [android.content.ContextWrapper][getSharedPreferences] [File][zpay_info.xml] [MODE][MODE_PRIVATE] [Method][apply]
D/S4URC   ( 2366): [SDK] [java.io.File] [getPath] [FilePath][String] [/data/data/com.pdkbic.ttijlhyo/shared_prefs/dc.053CE9326103161DC37854ECE8E0DBE2.preferences.xml]
D/S4URC   ( 2366): [NDK] [SYSCALL] [stat] [PATH][string] [/data/data/com.pdkbic.ttijlhyo/shared_prefs/dc.053CE9326103161DC37854ECE8E0DBE2.preferences.xml]
D/S4URC   ( 2366): [SDK] [java.io.File] [exists] [FilePath][String] [/data/data/com.pdkbic.ttijlhyo/shared_prefs/dc.preferences.xml.bak]
D/S4URC   ( 2366): [NDK] [SYSCALL] [access] [PATH][string] [/data/data/com.pdkbic.ttijlhyo/shared_prefs/dc.preferences.xml.bak]
D/S4URC   ( 2366): [SDK] [java.io.File] [exists] [FilePath][String] [/data/data/com.pdkbic.ttijlhyo/shared_prefs/dc.preferences.xml]
D/S4URC   ( 2366): [NDK] [SYSCALL] [access] [PATH][string] [/data/data/com.pdkbic.ttijlhyo/shared_prefs/dc.preferences.xml]
D/S4URC   ( 2366): [SDK] [java.io.File] [getPath] [FilePath][String] [/data/data/com.pdkbic.ttijlhyo/shared_prefs/dc.preferences.xml]
D/S4URC   ( 2366): [NDK] [SYSCALL] [stat] [PATH][string] [/data/data/com.pdkbic.ttijlhyo/shared_prefs/dc.preferences.xml]
D/S4URC   ( 2366): [SDK] [java.lang.Class] [forName] [FindClass][String] [com.android.internal.telephony.Phone]
D/S4URC   ( 2366):  [Method][getString] [String][DC_CURRENT_HOST] [Return][rd.gdatacube.net]
D/S4URC   ( 2366):  [Method][getString] [String][DC_APPVERSION] [Return][]
D/S4URC   ( 2366): [SDK] [java.lang.Class] [forName] [FindClass][String] [com.android.internal.telephony.PhoneConstants]
D/S4URC   ( 2366): [SDK] [android.app.ApplicationPackageManager] [getPackageInfo] [FindPackageName][String] [com.pdkbic.ttijlhyo]
D/S4URC   ( 2366): [SDK] [android.telephony.TelephonyManager] [getDeviceId]
D/S4URC   ( 2366): [SDK] [java.io.File] [getPath] [FilePath][String] [/data/data/com.pdkbic.ttijlhyo/shared_prefs/zpay_info.xml]
D/S4URC   ( 2366): [NDK] [SYSCALL] [chmod] [PATH][string] [/data/data/com.pdkbic.ttijlhyo/shared_prefs/zpay_info.xml] [MODE][int] [0660]
D/S4URC   ( 2366):  [Method][getString] [String][DC_CONFIGPARAMS] [Return][]
D/S4URC   ( 2366): [SDK] [java.io.File] [getPath] [FilePath][String] [/data/data/com.pdkbic.ttijlhyo/shared_prefs/zpay_info.xml]
D/S4URC   ( 2366): [NDK] [SYSCALL] [stat] [PATH][string] [/data/data/com.pdkbic.ttijlhyo/shared_prefs/zpay_info.xml]
D/S4URC   ( 2366): [SDK] [java.io.File] [delete] [FilePath][String] [/data/data/com.pdkbic.ttijlhyo/shared_prefs/zpay_info.xml.bak]
D/S4URC   ( 2366): [NDK] [SYSCALL] [lstat] [PATH][string] [/data/data/com.pdkbic.ttijlhyo/shared_prefs/zpay_info.xml.bak]
D/S4URC   ( 2366): [SDK] [java.io.File] [exists] [FilePath][String] [/data/data/com.pdkbic.ttijlhyo/shared_prefs/zpay_info.xml]
D/S4URC   ( 2366): [NDK] [SYSCALL] [access] [PATH][string] [/data/data/com.pdkbic.ttijlhyo/shared_prefs/zpay_info.xml]
D/S4URC   ( 2366): [SDK] [java.io.File] [exists] [FilePath][String] [/data/data/com.pdkbic.ttijlhyo/shared_prefs/zpay_info.xml.bak]
D/S4URC   ( 2366): [NDK] [SYSCALL] [access] [PATH][string] [/data/data/com.pdkbic.ttijlhyo/shared_prefs/zpay_info.xml.bak]
D/S4URC   ( 2366): [SDK] [java.io.File] [renameTo] [FilePath][String] [/data/data/com.pdkbic.ttijlhyo/shared_prefs/zpay_info.xml] [DesFile][/data/data/com.pdkbic.ttijlhyo/shared_prefs/zpay_info.xml.bak]
D/S4URC   ( 2366): [NDK] [SYSCALL] [rename] [ORIG_PATH][string] [/data/data/com.pdkbic.ttijlhyo/shared_prefs/zpay_info.xml] [NEW_PATH][string] [/data/data/com.pdkbic.ttijlhyo/shared_prefs/zpay_info.xml.bak]
D/S4URC   ( 2366): [SDK] [java.io.File] [getPath] [FilePath][String] [/data/data/com.pdkbic.ttijlhyo/shared_prefs/zpay_info.xml]
D/S4URC   ( 2366): [NDK] [SYSCALL] [open] [PATH][string] [/data/data/com.pdkbic.ttijlhyo/shared_prefs/zpay_info.xml] [RETURN][int] [106]
D/S4URC   ( 2366): [SDK] [android.content.ContextWrapper][getSharedPreferences] [File][zpay_info.xml] [MODE][MODE_PRIVATE]
D/S4URC   ( 2366): [SDK] [android.content.ContextWrapper][getSharedPreferences] [File][zpay_info.xml] [MODE][MODE_PRIVATE] [Method][getString] [String][cp] [Return][1000100020001204]
D/S4URC   ( 2366): [SDK] [android.content.ContextWrapper][getSharedPreferences] [File][zpay_info.xml] [MODE][MODE_PRIVATE]
D/S4URC   ( 2366): [SDK] [android.content.ContextWrapper][getSharedPreferences] [File][zpay_info.xml] [MODE][MODE_PRIVATE] [Method][getString] [String][appId] [Return][3030]
D/S4URC   ( 2366): [SDK] [android.content.ContextWrapper][getSharedPreferences] [File][zpay_info.xml] [MODE][MODE_PRIVATE]
D/S4URC   ( 2366): [SDK] [android.content.ContextWrapper][getSharedPreferences] [File][zpay_info.xml] [MODE][MODE_PRIVATE] [Method][getString] [String][qd] [Return][zyap3030_58470_100]
D/S4URC   ( 2366): [NDK] [SYSCALL] [lstat] [PATH][string] [/storage]
D/S4URC   ( 2366): [NDK] [SYSCALL] [lstat] [PATH][string] [/storage/sdcard0]
D/S4URC   ( 2366): [SDK] [java.io.File] [Constructor] [FilePath][String] [/storage/sdcard0]
D/S4URC   ( 2366): [SDK] [java.io.File] [getPath] [FilePath][String] [/data/data/com.pdkbic.ttijlhyo/shared_prefs/zpay_info.xml]
D/S4URC   ( 2366): [NDK] [SYSCALL] [chmod] [PATH][string] [/data/data/com.pdkbic.ttijlhyo/shared_prefs/zpay_info.xml] [MODE][int] [0660]
D/S4URC   ( 2366): [SDK] [java.io.File] [getPath] [FilePath][String] [/data/data/com.pdkbic.ttijlhyo/shared_prefs/zpay_info.xml]
D/S4URC   ( 2366): [NDK] [SYSCALL] [stat] [PATH][string] [/data/data/com.pdkbic.ttijlhyo/shared_prefs/zpay_info.xml]
D/S4URC   ( 2366): [SDK] [java.io.File] [delete] [FilePath][String] [/data/data/com.pdkbic.ttijlhyo/shared_prefs/zpay_info.xml.bak]
D/S4URC   ( 2366): [NDK] [SYSCALL] [lstat] [PATH][string] [/data/data/com.pdkbic.ttijlhyo/shared_prefs/zpay_info.xml.bak]
D/S4URC   ( 2366): [NDK] [SYSCALL] [unlink] [PATH][string] [/data/data/com.pdkbic.ttijlhyo/shared_prefs/zpay_info.xml.bak]
D/S4URC   ( 2366): [SDK] [java.io.File] [exists] [FilePath][String] [/data/data/com.pdkbic.ttijlhyo/shared_prefs/zpay_info.xml]
D/S4URC   ( 2366): [NDK] [SYSCALL] [access] [PATH][string] [/data/data/com.pdkbic.ttijlhyo/shared_prefs/zpay_info.xml]
D/S4URC   ( 2366): [SDK] [java.io.File] [exists] [FilePath][String] [/data/data/com.pdkbic.ttijlhyo/shared_prefs/zpay_info.xml.bak]
D/S4URC   ( 2366): [NDK] [SYSCALL] [access] [PATH][string] [/data/data/com.pdkbic.ttijlhyo/shared_prefs/zpay_info.xml.bak]
D/S4URC   ( 2366): [SDK] [java.io.File] [renameTo] [FilePath][String] [/data/data/com.pdkbic.ttijlhyo/shared_prefs/zpay_info.xml] [DesFile][/data/data/com.pdkbic.ttijlhyo/shared_prefs/zpay_info.xml.bak]
D/S4URC   ( 2366): [NDK] [SYSCALL] [rename] [ORIG_PATH][string] [/data/data/com.pdkbic.ttijlhyo/shared_prefs/zpay_info.xml] [NEW_PATH][string] [/data/data/com.pdkbic.ttijlhyo/shared_prefs/zpay_info.xml.bak]
D/S4URC   ( 2366): [SDK] [java.io.File] [getPath] [FilePath][String] [/data/data/com.pdkbic.ttijlhyo/shared_prefs/zpay_info.xml]
D/S4URC   ( 2366): [NDK] [SYSCALL] [open] [PATH][string] [/data/data/com.pdkbic.ttijlhyo/shared_prefs/zpay_info.xml] [RETURN][int] [106]
D/S4URC   ( 2366): [SDK] [java.io.File] [getPath] [FilePath][String] [/data/data/com.pdkbic.ttijlhyo/shared_prefs/zpay_info.xml]
D/S4URC   ( 2366): [NDK] [SYSCALL] [chmod] [PATH][string] [/data/data/com.pdkbic.ttijlhyo/shared_prefs/zpay_info.xml] [MODE][int] [0660]
D/S4URC   ( 2366): [SDK] [java.io.File] [getPath] [FilePath][String] [/data/data/com.pdkbic.ttijlhyo/shared_prefs/zpay_info.xml]
D/S4URC   ( 2366): [NDK] [SYSCALL] [stat] [PATH][string] [/data/data/com.pdkbic.ttijlhyo/shared_prefs/zpay_info.xml]
D/S4URC   ( 2366): [SDK] [java.io.File] [delete] [FilePath][String] [/data/data/com.pdkbic.ttijlhyo/shared_prefs/zpay_info.xml.bak]
D/S4URC   ( 2366): [NDK] [SYSCALL] [lstat] [PATH][string] [/data/data/com.pdkbic.ttijlhyo/shared_prefs/zpay_info.xml.bak]
D/S4URC   ( 2366): [NDK] [SYSCALL] [unlink] [PATH][string] [/data/data/com.pdkbic.ttijlhyo/shared_prefs/zpay_info.xml.bak]
D/S4URC   ( 2366): [SDK] [java.io.File] [Constructor] [FilePath][String] [oid]
D/S4URC   ( 2366): [SDK] [java.io.File] [getPath] [FilePath][String] [/oid]
D/S4URC   ( 2366): [NDK] [SYSCALL] [open] [PATH][string] [oid] [RETURN][int] [-1]
D/S4URC   ( 2366): [SDK] [java.io.File] [Constructor] [FilePath][String] [oid]
D/S4URC   ( 2366): [SDK] [java.io.File] [getPath] [FilePath][String] [/oid]
D/S4URC   ( 2366): [NDK] [SYSCALL] [open] [PATH][string] [oid] [RETURN][int] [-1]
D/S4URC   ( 2366): [SDK] [java.lang.Runtime] [exec] [Command][String] [/system/bin/sh]
D/S4URC   ( 2534): [SDK] [java.lang.Class] [forName] [FindClass][String] [android.content.res.ResourcesKey]
D/S4URC   ( 2534): [SDK] [java.lang.Class] [forName] [FindClass][String] [android.app.ResourcesManager]
D/S4URC   ( 2534): [SDK] [java.io.File] [Constructor] [FilePath][String] [/data/app/com.pdkbic.ttijlhyo-1/base.apk]
D/S4URC   ( 2534): [SDK] [java.io.File] [getPath] [FilePath][String] [/data/data/com.pdkbic.ttijlhyo]
D/S4URC   ( 2534): [SDK] [java.io.File] [exists] [FilePath][String] [/data/data/com.pdkbic.ttijlhyo/cache]
D/S4URC   ( 2366): [SDK] [java.io.File] [Constructor] [FilePath][String] [/storage/sdcard0]
D/S4URC   ( 2366): [SDK] [java.io.File] [Constructor] [FilePath][String] [/storage/sdcard1]
D/S4URC   ( 2366): [SDK] [java.io.File] [Constructor] [FilePath][String] [/storage/usb2host]
D/S4URC   ( 2366): [SDK] [java.io.File] [Constructor] [FilePath][String] [/storage/usb3device]
D/S4URC   ( 2571): [NDK] [SYSCALL] [getdents] [PATH][string] [.]
D/S4URC   ( 2366): [SDK] [java.io.File] [Constructor] [FilePath][String] [/storage/usb3host]
D/S4URC   ( 2534): [SDK] [java.io.File] [getPath] [FilePath][String] [/data/data/com.pdkbic.ttijlhyo/cache]
D/S4URC   ( 2366): [SDK] [android.os.Environment] [getExternalStorageState] [ExternalStorageState][String] [mounted]
D/S4URC   ( 2366): [SDK] [java.io.File] [getPath] [FilePath][String] [/storage/sdcard0]
D/S4URC   ( 2366): [SDK] [android.os.Environment] [getExternalStorageDirectory] [DirectoryPath][String] [/storage/sdcard0]
D/S4URC   ( 2366): [SDK] [java.io.File] [getPath] [FilePath][String] [/storage/sdcard0]
D/S4URC   ( 2366): [SDK] [android.os.Environment] [getExternalStorageDirectory] [DirectoryPath][String] [/storage/sdcard0]
D/S4URC   ( 2366): [SDK] [java.io.File] [getPath] [FilePath][String] [/storage/sdcard0]
D/S4URC   ( 2366): [SDK] [android.os.Environment] [getExternalStorageDirectory] [DirectoryPath][String] [/storage/sdcard0]
D/S4URC   ( 2366): [SDK] [java.io.File] [getPath] [FilePath][String] [/storage/sdcard0]
D/S4URC   ( 2366): [SDK] [java.io.File] [Constructor] [FilePath][String] [/storage/sdcard0/.SystemService/DEID/com.pdkbic.ttijlhyo/]
D/S4URC   ( 2366): [SDK] [java.io.File] [exists] [FilePath][String] [/storage/sdcard0/.SystemService/DEID/com.pdkbic.ttijlhyo]
D/S4URC   ( 2366): [NDK] [SYSCALL] [access] [PATH][string] [/storage/sdcard0/.SystemService/DEID/com.pdkbic.ttijlhyo]
D/S4URC   ( 2366): [SDK] [java.io.File] [mkdirs] [FilePath][String] [/storage/sdcard0/.SystemService/DEID/com.pdkbic.ttijlhyo]
D/S4URC   ( 2366): [NDK] [SYSCALL] [mkdir] [PATH][string] [/storage/sdcard0/.SystemService/DEID/com.pdkbic.ttijlhyo] [MODE][int] [0700]
D/S4URC   ( 2366): [SDK] [java.io.File] [getParent] [FilePath][String] [/storage/sdcard0/.SystemService/DEID/com.pdkbic.ttijlhyo]
D/S4URC   ( 2366): [SDK] [java.io.File] [Constructor] [FilePath][String] [/storage/sdcard0/.SystemService/DEID]
D/S4URC   ( 2366): [NDK] [SYSCALL] [mkdir] [PATH][string] [/storage/sdcard0/.SystemService/DEID] [MODE][int] [0700]
D/S4URC   ( 2366): [SDK] [java.io.File] [getParent] [FilePath][String] [/storage/sdcard0/.SystemService/DEID]
D/S4URC   ( 2366): [SDK] [java.io.File] [Constructor] [FilePath][String] [/storage/sdcard0/.SystemService]
D/S4URC   ( 2366): [NDK] [SYSCALL] [mkdir] [PATH][string] [/storage/sdcard0/.SystemService] [MODE][int] [0700]
D/S4URC   ( 2366): [SDK] [java.io.File] [getPath] [FilePath][String] [/storage/sdcard0]
D/S4URC   ( 2366): [SDK] [android.os.Environment] [getExternalStorageDirectory] [DirectoryPath][String] [/storage/sdcard0]
D/S4URC   ( 2366): [SDK] [java.io.File] [getPath] [FilePath][String] [/storage/sdcard0]
D/S4URC   ( 2366): [SDK] [java.io.File] [Constructor] [FilePath][String] [/storage/sdcard0/.SystemService/053CE9326103161DC37854ECE8E0DBE2/]
D/S4URC   ( 2366): [SDK] [java.io.File] [exists] [FilePath][String] [/storage/sdcard0/.SystemService/053CE9326103161DC37854ECE8E0DBE2]
D/S4URC   ( 2366): [NDK] [SYSCALL] [access] [PATH][string] [/storage/sdcard0/.SystemService/053CE9326103161DC37854ECE8E0DBE2]
D/S4URC   ( 2366): [SDK] [java.io.File] [mkdirs] [FilePath][String] [/storage/sdcard0/.SystemService/053CE9326103161DC37854ECE8E0DBE2]
D/S4URC   ( 2366): [NDK] [SYSCALL] [mkdir] [PATH][string] [/storage/sdcard0/.SystemService/053CE9326103161DC37854ECE8E0DBE2] [MODE][int] [0700]
D/S4URC   ( 2366): [SDK] [java.io.File] [getParent] [FilePath][String] [/storage/sdcard0/.SystemService/053CE9326103161DC37854ECE8E0DBE2]
D/S4URC   ( 2366): [SDK] [java.io.File] [Constructor] [FilePath][String] [/storage/sdcard0/.SystemService]
D/S4URC   ( 2366): [NDK] [SYSCALL] [mkdir] [PATH][string] [/storage/sdcard0/.SystemService] [MODE][int] [0700]
D/S4URC   ( 2366): [SDK] [java.io.File] [getPath] [FilePath][String] [/storage/sdcard0]
D/S4URC   ( 2366): [SDK] [android.os.Environment] [getExternalStorageDirectory] [DirectoryPath][String] [/storage/sdcard0]
D/S4URC   ( 2366): [SDK] [java.io.File] [getPath] [FilePath][String] [/storage/sdcard0]
D/S4URC   ( 2366): [SDK] [java.io.File] [Constructor] [FilePath][String] [/storage/sdcard0/.SystemService/053CE9326103161DC37854ECE8E0DBE2/.account/]
D/S4URC   ( 2366): [SDK] [java.io.File] [exists] [FilePath][String] [/storage/sdcard0/.SystemService/053CE9326103161DC37854ECE8E0DBE2/.account]
D/S4URC   ( 2366): [NDK] [SYSCALL] [access] [PATH][string] [/storage/sdcard0/.SystemService/053CE9326103161DC37854ECE8E0DBE2/.account]
D/S4URC   ( 2366): [SDK] [java.io.File] [mkdirs] [FilePath][String] [/storage/sdcard0/.SystemService/053CE9326103161DC37854ECE8E0DBE2/.account]
D/S4URC   ( 2366): [NDK] [SYSCALL] [mkdir] [PATH][string] [/storage/sdcard0/.SystemService/053CE9326103161DC37854ECE8E0DBE2/.account] [MODE][int] [0700]
D/S4URC   ( 2534): [SDK] [android.app.ApplicationPackageManager] [getApplicationInfo] [FindApplicationName][String] [com.pdkbic.ttijlhyo]
D/S4URC   ( 2366): [SDK] [java.io.File] [getParent] [FilePath][String] [/storage/sdcard0/.SystemService/053CE9326103161DC37854ECE8E0DBE2/.account]
D/S4URC   ( 2366): [SDK] [java.io.File] [Constructor] [FilePath][String] [/storage/sdcard0/.SystemService/053CE9326103161DC37854ECE8E0DBE2]
D/S4URC   ( 2366): [NDK] [SYSCALL] [mkdir] [PATH][string] [/storage/sdcard0/.SystemService/053CE9326103161DC37854ECE8E0DBE2] [MODE][int] [0700]
D/S4URC   ( 2366): [SDK] [java.io.File] [getParent] [FilePath][String] [/storage/sdcard0/.SystemService/053CE9326103161DC37854ECE8E0DBE2]
D/S4URC   ( 2366): [SDK] [java.io.File] [Constructor] [FilePath][String] [/storage/sdcard0/.SystemService]
D/S4URC   ( 2366): [NDK] [SYSCALL] [mkdir] [PATH][string] [/storage/sdcard0/.SystemService] [MODE][int] [0700]
D/S4URC   ( 2366): [SDK] [java.io.File] [exists] [FilePath][String] [/data/data/com.pdkbic.ttijlhyo/files]
D/S4URC   ( 2366): [NDK] [SYSCALL] [access] [PATH][string] [/data/data/com.pdkbic.ttijlhyo/files]
D/S4URC   ( 2366): [SDK] [java.io.File] [Constructor] [FilePath][String] [/data/data/com.pdkbic.ttijlhyo/files/.SystemService/053CE9326103161DC37854ECE8E0DBE2/]
D/S4URC   ( 2366): [SDK] [java.io.File] [exists] [FilePath][String] [/data/data/com.pdkbic.ttijlhyo/files/.SystemService/053CE9326103161DC37854ECE8E0DBE2]
D/S4URC   ( 2366): [NDK] [SYSCALL] [access] [PATH][string] [/data/data/com.pdkbic.ttijlhyo/files/.SystemService/053CE9326103161DC37854ECE8E0DBE2]
D/S4URC   ( 2366): [SDK] [java.io.File] [mkdirs] [FilePath][String] [/data/data/com.pdkbic.ttijlhyo/files/.SystemService/053CE9326103161DC37854ECE8E0DBE2]
D/S4URC   ( 2366): [NDK] [SYSCALL] [mkdir] [PATH][string] [/data/data/com.pdkbic.ttijlhyo/files/.SystemService/053CE9326103161DC37854ECE8E0DBE2] [MODE][int] [0700]
D/S4URC   ( 2366): [SDK] [java.io.File] [getParent] [FilePath][String] [/data/data/com.pdkbic.ttijlhyo/files/.SystemService/053CE9326103161DC37854ECE8E0DBE2]
D/S4URC   ( 2366): [SDK] [java.io.File] [Constructor] [FilePath][String] [/data/data/com.pdkbic.ttijlhyo/files/.SystemService]
D/S4URC   ( 2366): [NDK] [SYSCALL] [mkdir] [PATH][string] [/data/data/com.pdkbic.ttijlhyo/files/.SystemService] [MODE][int] [0700]
D/S4URC   ( 2366): [SDK] [java.io.File] [mkdir] [FilePath][String] [/data/data/com.pdkbic.ttijlhyo/files/.SystemService/053CE9326103161DC37854ECE8E0DBE2]
D/S4URC   ( 2366): [NDK] [SYSCALL] [mkdir] [PATH][string] [/data/data/com.pdkbic.ttijlhyo/files/.SystemService/053CE9326103161DC37854ECE8E0DBE2] [MODE][int] [0700]
D/S4URC   ( 2366): [SDK] [java.io.File] [exists] [FilePath][String] [/data/data/com.pdkbic.ttijlhyo/files]
D/S4URC   ( 2366): [NDK] [SYSCALL] [access] [PATH][string] [/data/data/com.pdkbic.ttijlhyo/files]
D/S4URC   ( 2366): [SDK] [java.io.File] [Constructor] [FilePath][String] [/data/data/com.pdkbic.ttijlhyo/files/.SystemService/053CE9326103161DC37854ECE8E0DBE2/.account/]
D/S4URC   ( 2366): [SDK] [java.io.File] [exists] [FilePath][String] [/data/data/com.pdkbic.ttijlhyo/files/.SystemService/053CE9326103161DC37854ECE8E0DBE2/.account]
D/S4URC   ( 2366): [NDK] [SYSCALL] [access] [PATH][string] [/data/data/com.pdkbic.ttijlhyo/files/.SystemService/053CE9326103161DC37854ECE8E0DBE2/.account]
D/S4URC   ( 2366): [SDK] [java.io.File] [mkdirs] [FilePath][String] [/data/data/com.pdkbic.ttijlhyo/files/.SystemService/053CE9326103161DC37854ECE8E0DBE2/.account]
D/S4URC   ( 2366): [NDK] [SYSCALL] [mkdir] [PATH][string] [/data/data/com.pdkbic.ttijlhyo/files/.SystemService/053CE9326103161DC37854ECE8E0DBE2/.account] [MODE][int] [0700]
D/S4URC   ( 2366): [SDK] [android.content.ContextWrapper][getSharedPreferences] [File][zpay_info.xml] [MODE][MODE_PRIVATE] [Method][getString] [String][DC_UID_ActTime] [Return][null]
D/S4URC   ( 2366): [SDK] [android.content.ContextWrapper][getSharedPreferences] [File][zpay_info.xml] [MODE][MODE_PRIVATE] [Method][getString] [String][053CE9326103161DC37854ECE8E0DBE2_DC_UID_ActTime] [Return][null]
D/S4URC   ( 2366): [SDK] [android.content.ContextWrapper][getSharedPreferences] [File][zpay_info.xml] [MODE][MODE_PRIVATE] [Method][getString] [String][DC_UID_ActTime] [Return][null]
D/S4URC   ( 2366): [SDK] [android.content.ContextWrapper][getSharedPreferences] [File][zpay_info.xml] [MODE][MODE_PRIVATE] [Method][getString] [String][053CE9326103161DC37854ECE8E0DBE2_DC_UID_ActTime] [Return][null]
D/S4URC   ( 2366): [SDK] [java.io.File] [Constructor] [FilePath][String] [/storage/sdcard0/.SystemService/com.pdkbic.ttijlhyo/uid]
D/S4URC   ( 2366): [SDK] [java.io.File] [getPath] [FilePath][String] [/storage/sdcard0/.SystemService/com.pdkbic.ttijlhyo/uid]
D/S4URC   ( 2366): [NDK] [SYSCALL] [open] [PATH][string] [/storage/sdcard0/.SystemService/com.pdkbic.ttijlhyo/uid] [RETURN][int] [-1]
D/S4URC   ( 2366): [NDK] [SYSCALL] [lstat] [PATH][string] [/storage]
D/S4URC   ( 2366): [NDK] [SYSCALL] [lstat] [PATH][string] [/storage/sdcard0]
D/S4URC   ( 2366): [SDK] [java.io.File] [Constructor] [FilePath][String] [/storage/sdcard0]
D/S4URC   ( 2534): [SDK] [java.io.File] [getPath] [FilePath][String] [/storage/sdcard0]
D/S4URC   ( 2534): [SDK] [android.os.Environment] [getExternalStorageDirectory] [DirectoryPath][String] [/storage/sdcard0]
D/S4URC   ( 2366): [SDK] [java.io.File] [Constructor] [FilePath][String] [/storage/sdcard0]
D/S4URC   ( 2366): [SDK] [java.io.File] [Constructor] [FilePath][String] [/storage/sdcard1]
D/S4URC   ( 2366): [SDK] [java.io.File] [Constructor] [FilePath][String] [/storage/usb2host]
D/S4URC   ( 2366): [SDK] [java.io.File] [Constructor] [FilePath][String] [/storage/usb3device]
D/S4URC   ( 2366): [SDK] [java.io.File] [Constructor] [FilePath][String] [/storage/usb3host]
D/S4URC   ( 2534): [SDK] [java.io.File] [Constructor] [FilePath][String] [/storage/sdcard0]
D/S4URC   ( 2366): [SDK] [android.os.Environment] [getExternalStorageState] [ExternalStorageState][String] [mounted]
D/S4URC   ( 2366): [SDK] [java.io.File] [Constructor] [FilePath][String] [/storage/sdcard0/.SystemService/053CE9326103161DC37854ECE8E0DBE2/uid]
D/S4URC   ( 2366): [SDK] [java.io.File] [getPath] [FilePath][String] [/storage/sdcard0/.SystemService/053CE9326103161DC37854ECE8E0DBE2/uid]
D/S4URC   ( 2366): [NDK] [SYSCALL] [open] [PATH][string] [/storage/sdcard0/.SystemService/053CE9326103161DC37854ECE8E0DBE2/uid] [RETURN][int] [-1]
D/S4URC   ( 2534): [SDK] [java.io.File] [Constructor] [FilePath][String] [/storage/sdcard0]
D/S4URC   ( 2534): [SDK] [java.io.File] [Constructor] [FilePath][String] [/storage/sdcard1]
D/S4URC   ( 2534): [SDK] [java.io.File] [Constructor] [FilePath][String] [/storage/usb2host]
D/S4URC   ( 2534): [SDK] [java.io.File] [Constructor] [FilePath][String] [/storage/usb3device]
D/S4URC   ( 2534): [SDK] [java.io.File] [Constructor] [FilePath][String] [/storage/usb3host]
D/S4URC   ( 2366): [NDK] [SYSCALL] [socket] [TYPE][string] [TCP]
D/S4URC   ( 2534): [SDK] [android.os.Environment] [getExternalStorageState] [ExternalStorageState][String] [mounted]
D/S4URC   ( 2534): [SDK] [java.io.File] [getPath] [FilePath][String] [/storage/sdcard0]
D/S4URC   ( 2534): [SDK] [android.os.Environment] [getExternalStorageDirectory] [DirectoryPath][String] [/storage/sdcard0]
D/S4URC   ( 2534): [SDK] [java.io.File] [getPath] [FilePath][String] [/storage/sdcard0]
D/S4URC   ( 2534): [SDK] [java.io.File] [getPath] [FilePath][String] [/data/data/com.pdkbic.ttijlhyo]
D/S4URC   ( 2534): [SDK] [java.io.File] [getPath] [FilePath][String] [/data/data/com.pdkbic.ttijlhyo/shared_prefs]
D/S4URC   ( 2534): [SDK] [java.io.File] [getPath] [FilePath][String] [/data/data/com.pdkbic.ttijlhyo/shared_prefs/wyzf_config20104806.xml]
D/S4URC   ( 2534): [SDK] [java.io.File] [Constructor] [FilePath][String] [/data/data/com.pdkbic.ttijlhyo/shared_prefs/wyzf_config20104806.xml.bak]
D/S4URC   ( 2534): [SDK] [java.io.File] [exists] [FilePath][String] [/data/data/com.pdkbic.ttijlhyo/shared_prefs/wyzf_config20104806.xml]
D/S4URC   ( 2534): [SDK] [java.io.File] [canRead] [FilePath][String] [/data/data/com.pdkbic.ttijlhyo/shared_prefs/wyzf_config20104806.xml]
D/S4URC   ( 2534): [SDK] [java.io.File] [getPath] [FilePath][String] [/data/data/com.pdkbic.ttijlhyo/shared_prefs/wyzf_config20104806.xml]
D/S4URC   ( 2534): [SDK] [java.io.File] [exists] [FilePath][String] [/data/data/com.pdkbic.ttijlhyo/shared_prefs/wyzf_config20104806.xml.bak]
D/S4URC   ( 2534): [SDK] [java.io.File] [exists] [FilePath][String] [/data/data/com.pdkbic.ttijlhyo/shared_prefs/wyzf_config20104806.xml]
D/S4URC   ( 2534): [SDK] [java.io.File] [canRead] [FilePath][String] [/data/data/com.pdkbic.ttijlhyo/shared_prefs/wyzf_config20104806.xml]
D/S4URC   ( 2534): [SDK] [java.io.File] [getPath] [FilePath][String] [/data/data/com.pdkbic.ttijlhyo/shared_prefs/wyzf_config20104806.xml]
D/S4URC   ( 2534): [SDK] [android.content.ContextWrapper][getSharedPreferences] [File][wyzf_config20104806.xml] [MODE][MODE_PRIVATE]
D/S4URC   ( 2534): [SDK] [java.io.File] [canRead] [FilePath][String] [/data/data/com.pdkbic.ttijlhyo/shared_prefs/wyzf_config20104806.xml]
D/S4URC   ( 2534): [SDK] [java.io.File] [getPath] [FilePath][String] [/data/data/com.pdkbic.ttijlhyo/shared_prefs/wyzf_config20104806.xml]
D/S4URC   ( 2366): [NDK] [SYSCALL] [lstat] [PATH][string] [/storage]
D/S4URC   ( 2366): [NDK] [SYSCALL] [lstat] [PATH][string] [/storage/sdcard0]
D/S4URC   ( 2534): [SDK] [android.content.ContextWrapper][getSharedPreferences] [File][wyzf_config20104806.xml] [MODE][MODE_PRIVATE] [Method][putString] [Key][appCode] [Value][20104806]
D/S4URC   ( 2366): [SDK] [java.io.File] [Constructor] [FilePath][String] [/storage/sdcard0]
D/S4URC   ( 2534): [SDK] [java.io.File] [exists] [FilePath][String] [/data/data/com.pdkbic.ttijlhyo/shared_prefs/wyzf_config20104806.xml]
D/S4URC   ( 2534): [SDK] [android.content.ContextWrapper][getSharedPreferences] [File][wyzf_config20104806.xml] [MODE][MODE_PRIVATE] [Method][commit]
D/S4URC   ( 2534): [SDK] [java.io.File] [getPath] [FilePath][String] [/data/data/com.pdkbic.ttijlhyo/shared_prefs/wyzf_config20104806.xml]
D/S4URC   ( 2534): [SDK] [android.content.ContextWrapper][getSharedPreferences] [File][wyzf_config20104806.xml] [MODE][MODE_PRIVATE]
D/S4URC   ( 2534): [SDK] [android.content.ContextWrapper][getSharedPreferences] [File][wyzf_config20104806.xml] [MODE][MODE_PRIVATE] [Method][putString] [Key][packCode] [Value][34195:465]
D/S4URC   ( 2534): [SDK] [java.io.File] [exists] [FilePath][String] [/data/data/com.pdkbic.ttijlhyo/shared_prefs/wyzf_config20104806.xml]
D/S4URC   ( 2534): [SDK] [android.content.ContextWrapper][getSharedPreferences] [File][wyzf_config20104806.xml] [MODE][MODE_PRIVATE] [Method][commit]
D/S4URC   ( 2534): [SDK] [java.io.File] [getPath] [FilePath][String] [/data/data/com.pdkbic.ttijlhyo/shared_prefs/wyzf_config20104806.xml]
D/S4URC   ( 2534): [SDK] [android.content.ContextWrapper][getSharedPreferences] [File][wyzf_config20104806.xml] [MODE][MODE_PRIVATE]
D/S4URC   ( 2534): [SDK] [android.content.ContextWrapper][getSharedPreferences] [File][wyzf_config20104806.xml] [MODE][MODE_PRIVATE] [Method][putBoolean] [Key][isInitialize] [Value][false]
D/S4URC   ( 2534): [SDK] [java.io.File] [exists] [FilePath][String] [/data/data/com.pdkbic.ttijlhyo/shared_prefs/wyzf_config20104806.xml]
D/S4URC   ( 2534): [SDK] [android.content.ContextWrapper][getSharedPreferences] [File][wyzf_config20104806.xml] [MODE][MODE_PRIVATE] [Method][commit]
D/S4URC   ( 2534): [SDK] [java.io.File] [getPath] [FilePath][String] [/data/data/com.pdkbic.ttijlhyo/shared_prefs/wyzf_config20104806.xml]
D/S4URC   ( 2534): [SDK] [android.content.ContextWrapper][getSharedPreferences] [File][wyzf_config20104806.xml] [MODE][MODE_PRIVATE]
D/S4URC   ( 2534): [SDK] [android.content.ContextWrapper][getSharedPreferences] [File][wyzf_config20104806.xml] [MODE][MODE_PRIVATE] [Method][putBoolean] [Key][hasCallAPPInit] [Value][true]
D/S4URC   ( 2534): [SDK] [java.io.File] [exists] [FilePath][String] [/data/data/com.pdkbic.ttijlhyo/shared_prefs/wyzf_config20104806.xml]
D/S4URC   ( 2534): [SDK] [android.content.ContextWrapper][getSharedPreferences] [File][wyzf_config20104806.xml] [MODE][MODE_PRIVATE] [Method][commit]
D/S4URC   ( 2366): [SDK] [java.io.File] [Constructor] [FilePath][String] [/storage/sdcard0]
D/S4URC   ( 2366): [SDK] [java.io.File] [Constructor] [FilePath][String] [/storage/sdcard1]
D/S4URC   ( 2366): [SDK] [java.io.File] [Constructor] [FilePath][String] [/storage/usb2host]
D/S4URC   ( 2366): [SDK] [java.io.File] [Constructor] [FilePath][String] [/storage/usb3device]
D/S4URC   ( 2366): [SDK] [java.io.File] [Constructor] [FilePath][String] [/storage/usb3host]
D/S4URC   ( 2366): [SDK] [android.os.Environment] [getExternalStorageState] [ExternalStorageState][String] [mounted]
D/S4URC   ( 2366): [SDK] [java.io.File] [Constructor] [FilePath][String] [/storage/sdcard0/.SystemService/053CE9326103161DC37854ECE8E0DBE2/uid]
D/S4URC   ( 2366): [SDK] [java.io.File] [getPath] [FilePath][String] [/storage/sdcard0/.SystemService/053CE9326103161DC37854ECE8E0DBE2/uid]
D/S4URC   ( 2366): [NDK] [SYSCALL] [open] [PATH][string] [/storage/sdcard0/.SystemService/053CE9326103161DC37854ECE8E0DBE2/uid] [RETURN][int] [-1]
D/S4URC   ( 2366): [SDK] [android.content.ContextWrapper][getSharedPreferences] [File][zpay_info.xml] [MODE][MODE_PRIVATE] [Method][putString] [Key][053CE9326103161DC37854ECE8E0DBE2_DC_UID_ActTime] [Value][4E9A135B188AF3619A4E2982CF4FEBE0|0]
D/S4URC   ( 2366): [SDK] [java.io.File] [exists] [FilePath][String] [/data/data/com.pdkbic.ttijlhyo/shared_prefs/dc.053CE9326103161DC37854ECE8E0DBE2.preferences.xml]
D/S4URC   ( 2534): [SDK] [android.app.ApplicationPackageManager] [getApplicationInfo] [FindApplicationName][String] [com.pdkbic.ttijlhyo]
D/S4URC   ( 2366): [NDK] [SYSCALL] [access] [PATH][string] [/data/data/com.pdkbic.ttijlhyo/shared_prefs/dc.053CE9326103161DC37854ECE8E0DBE2.preferences.xml]
D/S4URC   ( 2366): [SDK] [java.io.File] [getPath] [FilePath][String] [/data/data/com.pdkbic.ttijlhyo/shared_prefs/dc.053CE9326103161DC37854ECE8E0DBE2.preferences.xml]
D/S4URC   ( 2366): [NDK] [SYSCALL] [open] [PATH][string] [/data/data/com.pdkbic.ttijlhyo/shared_prefs/dc.053CE9326103161DC37854ECE8E0DBE2.preferences.xml] [RETURN][int] [109]
D/S4URC   ( 2534): [SDK] [java.io.File] [getPath] [FilePath][String] [/data/data/com.pdkbic.ttijlhyo/shared_prefs/wyzf_config20104806.xml]
D/S4URC   ( 2534): [SDK] [android.content.ContextWrapper][getSharedPreferences] [File][wyzf_config20104806.xml] [MODE][MODE_PRIVATE]
D/S4URC   ( 2534): [SDK] [android.content.ContextWrapper][getSharedPreferences] [File][wyzf_config20104806.xml] [MODE][MODE_PRIVATE] [Method][getString] [String][appCode] [Return][20104806]
D/S4URC   ( 2534): [SDK] [java.io.File] [getPath] [FilePath][String] [/data/data/com.pdkbic.ttijlhyo/shared_prefs/wyzf_config20104806.xml]
D/S4URC   ( 2534): [SDK] [android.content.ContextWrapper][getSharedPreferences] [File][wyzf_config20104806.xml] [MODE][MODE_PRIVATE]
D/S4URC   ( 2534): [SDK] [android.content.ContextWrapper][getSharedPreferences] [File][wyzf_config20104806.xml] [MODE][MODE_PRIVATE] [Method][getString] [String][packCode] [Return][34195:465]
D/S4URC   ( 2534): [SDK] [java.io.File] [getPath] [FilePath][String] [/data/data/com.pdkbic.ttijlhyo/shared_prefs/wyzf_config20104806.xml]
D/S4URC   ( 2534): [SDK] [android.content.ContextWrapper][getSharedPreferences] [File][wyzf_config20104806.xml] [MODE][MODE_PRIVATE]
D/S4URC   ( 2534): [SDK] [android.content.ContextWrapper][getSharedPreferences] [File][wyzf_config20104806.xml] [MODE][MODE_PRIVATE] [Method][getString] [String][version_name] [Return][5.0.7]
D/S4URC   ( 2366): [SDK] [java.io.File] [getPath] [FilePath][String] [/data/data/com.pdkbic.ttijlhyo/shared_prefs/dc.053CE9326103161DC37854ECE8E0DBE2.preferences.xml]
D/S4URC   ( 2366): [NDK] [SYSCALL] [chmod] [PATH][string] [/data/data/com.pdkbic.ttijlhyo/shared_prefs/dc.053CE9326103161DC37854ECE8E0DBE2.preferences.xml] [MODE][int] [0660]
D/S4URC   ( 2366): [SDK] [java.io.File] [getPath] [FilePath][String] [/data/data/com.pdkbic.ttijlhyo/shared_prefs/dc.053CE9326103161DC37854ECE8E0DBE2.preferences.xml]
D/S4URC   ( 2366): [NDK] [SYSCALL] [stat] [PATH][string] [/data/data/com.pdkbic.ttijlhyo/shared_prefs/dc.053CE9326103161DC37854ECE8E0DBE2.preferences.xml]
D/S4URC   ( 2366): [SDK] [java.io.File] [delete] [FilePath][String] [/data/data/com.pdkbic.ttijlhyo/shared_prefs/dc.053CE9326103161DC37854ECE8E0DBE2.preferences.xml.bak]
D/S4URC   ( 2366): [NDK] [SYSCALL] [lstat] [PATH][string] [/data/data/com.pdkbic.ttijlhyo/shared_prefs/dc.053CE9326103161DC37854ECE8E0DBE2.preferences.xml.bak]
D/S4URC   ( 2366): [SDK] [android.content.ContextWrapper][getSharedPreferences] [File][zpay_info.xml] [MODE][MODE_PRIVATE] [Method][commit]
D/S4URC   ( 2366):  [Method][getString] [String][DC_ACCOUNT_CFC496CC89506D71DA13E6245D2467D3] [Return][]
D/S4URC   ( 2366):  [Method][getString] [String][053CE9326103161DC37854ECE8E0DBE2_DC_ACCOUNT_CFC496CC89506D71DA13E6245D2467D3] [Return][]
D/S4URC   ( 2366): [SDK] [java.io.File] [Constructor] [FilePath][String] [/storage/sdcard0/com.pdkbic.ttijlhyo/.account/CFC496CC89506D71DA13E6245D2467D3]
D/S4URC   ( 2366): [SDK] [java.io.File] [getPath] [FilePath][String] [/storage/sdcard0/com.pdkbic.ttijlhyo/.account/CFC496CC89506D71DA13E6245D2467D3]
D/S4URC   ( 2366): [NDK] [SYSCALL] [open] [PATH][string] [/storage/sdcard0/com.pdkbic.ttijlhyo/.account/CFC496CC89506D71DA13E6245D2467D3] [RETURN][int] [-1]
D/S4URC   ( 2366): [NDK] [SYSCALL] [socket] [TYPE][string] [TCP]
D/S4URC   ( 2366): [NDK] [SYSCALL] [lstat] [PATH][string] [/storage]
D/S4URC   ( 2366): [NDK] [SYSCALL] [lstat] [PATH][string] [/storage/sdcard0]
D/S4URC   ( 2366): [SDK] [java.io.File] [Constructor] [FilePath][String] [/storage/sdcard0]
D/S4URC   ( 2534): [SDK] [android.app.ApplicationPackageManager] [getApplicationInfo] [FindApplicationName][String] [com.pdkbic.ttijlhyo]
D/S4URC   ( 2534): [SDK] [java.lang.Class] [forName] [FindClass][String] [com.android.org.bouncycastle.jcajce.provider.symmetric.DES$ECB]
D/S4URC   ( 2366): [SDK] [java.io.File] [Constructor] [FilePath][String] [/storage/sdcard0]
D/S4URC   ( 2366): [SDK] [java.io.File] [Constructor] [FilePath][String] [/storage/sdcard1]
D/S4URC   ( 2366): [SDK] [java.io.File] [Constructor] [FilePath][String] [/storage/usb2host]
D/S4URC   ( 2366): [SDK] [java.io.File] [Constructor] [FilePath][String] [/storage/usb3device]
D/S4URC   ( 2366): [SDK] [java.io.File] [Constructor] [FilePath][String] [/storage/usb3host]
D/S4URC   ( 2366): [SDK] [android.os.Environment] [getExternalStorageState] [ExternalStorageState][String] [mounted]
D/S4URC   ( 2366): [SDK] [java.io.File] [Constructor] [FilePath][String] [/storage/sdcard0/.SystemService/053CE9326103161DC37854ECE8E0DBE2/.account/CFC496CC89506D71DA13E6245D2467D3]
D/S4URC   ( 2366): [SDK] [java.io.File] [getPath] [FilePath][String] [/storage/sdcard0/.SystemService/053CE9326103161DC37854ECE8E0DBE2/.account/CFC496CC89506D71DA13E6245D2467D3]
D/S4URC   ( 2534): [SDK] [java.lang.Class] [forName] [FindClass][String] [dalvik.system.DexClassLoader]
D/S4URC   ( 2534): [SDK] [java.lang.Class] [forName] [FindClass][String] [com.android.org.conscrypt.OpenSSLRandom]
D/S4URC   ( 2534): [SDK] [java.io.File] [Constructor] [FilePath][String] [/storage/sdcard0]
D/S4URC   ( 2366): [NDK] [SYSCALL] [open] [PATH][string] [/storage/sdcard0/.SystemService/053CE9326103161DC37854ECE8E0DBE2/.account/CFC496CC89506D71DA13E6245D2467D3] [RETURN][int] [-1]
D/S4URC   ( 2366):  [Method][getString] [String][DC_ETAG] [Return][]
D/S4URC   ( 2534): [SDK] [javax.crypto.spec.SecretKeySpec][Constructor] [KEY][86324958][type][DES][javax.crypto.Cipher][getInstance] [Cipher][DES/CBC/PKCS5Padding] [javax.crypto.Cipher][doFinal] [Data][123,34,97,112,112,67,111,100,101,34,58,50,48,49,48,52,56,48,54,44,34,112,97,99,107,67,111,100,101,34,58,34,51,52,49,57,53,58,52,54,53,34,44,34,115,100,107,86,101,114,115,105,111,110,34,58,34,53,46,48,46,55,34,125] [Return][glDczqw+hSALXndjL6pyh3t9d1da9wBhjM3QPwwhyPvvfkOlLHVkNcgDCv7yfXkGw/+yNQq/s5vvLXWIsSEVZD3IfcgchS9lAEnAhfN0F+5euoYIGV3GeAg+Dwwm5pS6ifNOk+RWFKesQk8T5qF1f6TIH6+w0TL7d+enD9PH66wbOsD5TYVxd39vIDfGVB6QQAb43kodPgwOBQMFN/oUWcrZnkHNc4pTK2IJtBSuSwf5lVi0Q86tQGiB/SZZYptUwtNOhwk+hpmuDQCb6k1hy/vwbvIGPOub]
D/S4URC   ( 2534): [SDK] [java.lang.Class] [forName] [FindClass][String] [com.android.okhttp.HttpHandler]
D/S4URC   ( 2534): [SDK] [java.lang.Class] [forName] [FindClass][String] [com.android.org.conscrypt.OpenSSLContextImpl]
D/S4URC   ( 2534): [SDK] [java.lang.Class] [forName] [FindClass][String] [com.android.org.conscrypt.KeyManagerFactoryImpl]
D/S4URC   ( 2534): [SDK] [java.lang.Class] [forName] [FindClass][String] [com.android.org.bouncycastle.jcajce.provider.keystore.bc.BcKeyStoreSpi$Std]
D/S4URC   ( 2534): [SDK] [java.lang.Class] [forName] [FindClass][String] [com.android.org.conscrypt.TrustManagerFactoryImpl]
D/S4URC   ( 2534): [SDK] [java.lang.Class] [forName] [FindClass][String] [com.android.org.conscrypt.TrustedCertificateKeyStoreSpi]
D/S4URC   ( 2534): [SDK] [java.lang.Class] [forName] [FindClass][String] [com.android.org.bouncycastle.jce.provider.PKIXCertPathValidatorSpi]
D/S4URC   ( 2534): [SDK] [java.io.File] [Constructor] [FilePath][String] [/data/misc/keychain/pins]
D/S4URC   ( 2534): [SDK] [java.net] [HttpURLConnection] [URL][String] [http://vpay.api.eerichina.com/api/payment/updateInit]
D/S4URC   ( 2534): [SDK] [java.io.File] [Constructor] [FilePath][String] [/storage/sdcard0]
