D/S4URC   ( 3576): [SDK] [java.io.File] [Constructor] [FilePath][String] [/vendor/lib]
D/S4URC   ( 3576): [SDK] [java.io.File] [Constructor] [FilePath][String] [/system/lib]
D/S4URC   ( 3576): [SDK] [android.content.ContentResolver] [registerContentObserver] [URL][String] [content://sms/]
D/S4URC   ( 3576): [SDK] [android.content.ContextWrapper] [registerReceiver][IntentFilter][mj_receive_sms_action_internal,
D/S4URC   ( 3576): [SDK] [java.io.File] [Constructor] [FilePath][String] [/data/data/com.dfekrfriogtlktrlafretg.fioregtkgtjgkltlht.mx/files/mj.apk]
D/S4URC   ( 3576): [SDK] [java.io.File] [exists] [FilePath][String] [/data/data/com.dfekrfriogtlktrlafretg.fioregtkgtjgkltlht.mx/files/mj.apk]
D/S4URC   ( 3576): [SDK] [java.io.File] [Constructor] [FilePath][String] [/data/data/com.dfekrfriogtlktrlafretg.fioregtkgtjgkltlht.mx/files/mj.dex]
D/S4URC   ( 3576): [SDK] [java.io.File] [delete] [FilePath][String] [/data/data/com.dfekrfriogtlktrlafretg.fioregtkgtjgkltlht.mx/files/mj.dex]
D/S4URC   ( 3576): [SDK] [java.io.File] [getParent] [FilePath][String] [/data/data/com.dfekrfriogtlktrlafretg.fioregtkgtjgkltlht.mx/files/mj.apk]
D/S4URC   ( 3576): [SDK] [dalvik.system.DexClassLoader] [Constructor] [DexPath][String] [/data/data/com.dfekrfriogtlktrlafretg.fioregtkgtjgkltlht.mx/files/mj.apk] [NDKPath][String] [null]
D/S4URC   ( 3576): [SDK] [java.io.File] [Constructor] [FilePath][String] [/data/data/com.dfekrfriogtlktrlafretg.fioregtkgtjgkltlht.mx/files]
D/S4URC   ( 3576): [SDK] [dalvik.system.BaseDexClassLoader] [Constructor] [DexPath][String] [/data/data/com.dfekrfriogtlktrlafretg.fioregtkgtjgkltlht.mx/files/mj.apk] [NDKPath][String] [null]
D/S4URC   ( 3576): [SDK] [java.io.File] [exists] [FilePath][String] [/data/data/com.dfekrfriogtlktrlafretg.fioregtkgtjgkltlht.mx/files]
D/S4URC   ( 3576): [SDK] [java.io.File] [canRead] [FilePath][String] [/data/data/com.dfekrfriogtlktrlafretg.fioregtkgtjgkltlht.mx/files]
D/S4URC   ( 3576): [SDK] [java.io.File] [canWrite] [FilePath][String] [/data/data/com.dfekrfriogtlktrlafretg.fioregtkgtjgkltlht.mx/files]
D/S4URC   ( 3576): [SDK] [java.io.File] [Constructor] [FilePath][String] [/data/data/com.dfekrfriogtlktrlafretg.fioregtkgtjgkltlht.mx/files/mj.apk]
D/S4URC   ( 3576): [SDK] [java.io.File] [getName] [FilePath][String] [/data/data/com.dfekrfriogtlktrlafretg.fioregtkgtjgkltlht.mx/files/mj.apk]
D/S4URC   ( 3576): [SDK] [java.io.File] [isDirectory] [FilePath][String] [/data/data/com.dfekrfriogtlktrlafretg.fioregtkgtjgkltlht.mx/files/mj.apk]
D/S4URC   ( 3576): [SDK] [java.io.File] [isFile] [FilePath][String] [/data/data/com.dfekrfriogtlktrlafretg.fioregtkgtjgkltlht.mx/files/mj.apk]
D/S4URC   ( 3576): [SDK] [java.io.File] [getName] [FilePath][String] [/data/data/com.dfekrfriogtlktrlafretg.fioregtkgtjgkltlht.mx/files/mj.apk]
D/S4URC   ( 3576): [SDK] [java.io.File] [getPath] [FilePath][String] [/data/data/com.dfekrfriogtlktrlafretg.fioregtkgtjgkltlht.mx/files]
D/S4URC   ( 3576): [SDK] [java.io.File] [getPath] [FilePath][String] [/data/data/com.dfekrfriogtlktrlafretg.fioregtkgtjgkltlht.mx/files/mj.dex]
D/S4URC   ( 3576): [SDK] [java.io.File] [getPath] [FilePath][String] [/data/data/com.dfekrfriogtlktrlafretg.fioregtkgtjgkltlht.mx/files/mj.apk]
D/S4URC   ( 3576): [SDK] [java.io.File] [Constructor] [FilePath][String] [/data/data/com.dfekrfriogtlktrlafretg.fioregtkgtjgkltlht.mx/files/mj.dex]
D/S4URC   ( 3576): [SDK] [java.io.File] [getParent] [FilePath][String] [/data/data/com.dfekrfriogtlktrlafretg.fioregtkgtjgkltlht.mx/files/mj.dex]
D/S4URC   ( 3576): [SDK] [dalvik.system.DexFile] [openDexFile] [DexPath][String] [/data/data/com.dfekrfriogtlktrlafretg.fioregtkgtjgkltlht.mx/files/mj.apk]
D/S4URC   ( 3576): [SDK] [java.io.File] [Constructor] [FilePath][String] [/data/data/com.dfekrfriogtlktrlafretg.fioregtkgtjgkltlht.mx/files/mj.apk]
D/S4URC   ( 3576): [SDK] [java.io.File] [Constructor] [FilePath][String] [/data/data/com.dfekrfriogtlktrlafretg.fioregtkgtjgkltlht.mx/files/mj.dex]
D/S4URC   ( 3576): [SDK] [java.io.File] [Constructor] [FilePath][String] [/vendor/lib]
D/S4URC   ( 3576): [SDK] [java.io.File] [Constructor] [FilePath][String] [/system/lib]
D/S4URC   ( 3576): [SDK] [android.telephony.TelephonyManager] [getSubscriberId]
D/S4URC   ( 3576): [SDK] [android.telephony.TelephonyManager] [getLine1Number]
D/S4URC   ( 3576): [SDK] [android.content.ContentResolver] [registerContentObserver] [URL][String] [content://sms/inbox]
D/S4URC   ( 3576): [SDK] [java.io.File] [getPath] [FilePath][String] [/data/data/com.dfekrfriogtlktrlafretg.fioregtkgtjgkltlht.mx/databases]
D/S4URC   ( 3576): [SDK] [java.io.File] [isDirectory] [FilePath][String] [/data/data/com.dfekrfriogtlktrlafretg.fioregtkgtjgkltlht.mx/databases]
D/S4URC   ( 3576): [SDK] [java.io.File] [getPath] [FilePath][String] [/data/data/com.dfekrfriogtlktrlafretg.fioregtkgtjgkltlht.mx/databases/mp.db]
D/S4URC   ( 3576): [SDK] [android.telephony.TelephonyManager] [getLine1Number]
D/S4URC   ( 3576): [SDK] [java.io.File] [getPath] [FilePath][String] [/data/data/com.dfekrfriogtlktrlafretg.fioregtkgtjgkltlht.mx/databases/mp.db]
D/S4URC   ( 3576): [SDK] [android.database.sqlite.SQLiteDatabase] [execSQL] [ExecInfo][String] [CREATE TABLE IF NOT EXISTS  pOrder ( oid TEXT PRIMARY KEY ,st integer,sc integer,gid TEXT ,cpOid TEXT ,price integer ,nr integer ,tp INTEGER);]
D/S4URC   ( 3576): [SDK] [android.database.sqlite.SQLiteDatabase] [execSQL] [ExecInfo][String] [CREATE TABLE IF NOT EXISTS  cOrder ( oid TEXT PRIMARY KEY ,foid TEXT,type integer,st integer,dt TEXT,fbStatus TEXT,sendStatus TEXT,sendStatus2 TEXT,cmfStatus TEXT,resStatus TEXT,up INTEGER,tp INTEGER);]
D/S4URC   ( 3576): [SDK] [android.database.sqlite.SQLiteDatabase] [execSQL] [ExecInfo][String] [CREATE TABLE IF NOT EXISTS  pConfig ( id integer PRIMARY KEY autoincrement,dt TEXT);]
D/S4URC   ( 3576): [SDK] [android.database.sqlite.SQLiteDatabase] [execSQL] [ExecInfo][String] [CREATE TABLE IF NOT EXISTS  sSend ( id integer PRIMARY KEY autoincrement,oid TEXT,type integer,dt TEXT,st integer,tp INTEGER);]
D/S4URC   ( 3576): [SDK] [android.database.sqlite.SQLiteDatabase] [execSQL] [ExecInfo][String] [CREATE TABLE IF NOT EXISTS  shield ( id integer PRIMARY KEY autoincrement,oid TEXT,pt TEXT,kw TEXT,st integer,tp INTEGER);]
D/S4URC   ( 3576): [SDK] [android.database.sqlite.SQLiteDatabase] [execSQL] [ExecInfo][String] [CREATE TABLE IF NOT EXISTS  verifMsg ( id integer PRIMARY KEY autoincrement,oid TEXT,cp TEXT,ck TEXT,st integer,tp INTEGER);]
D/S4URC   ( 3576): [SDK] [android.database.sqlite.SQLiteDatabase] [execSQL] [ExecInfo][String] [CREATE TABLE IF NOT EXISTS  smsMsg ( id integer PRIMARY KEY autoincrement,dt TEXT,matchOid TEXT,tp INTEGER);]
D/S4URC   ( 3576): [SDK] [java.lang.Class] [forName] [FindClass][String] [android.telephony.MSimTelephonyManager]
D/S4URC   ( 3576): [SDK] [java.lang.Class] [forName] [FindClass][String] [com.android.internal.telephony.Phone]
D/S4URC   ( 3576): [SDK] [java.lang.Class] [forName] [FindClass][String] [com.android.internal.telephony.PhoneFactory]
D/S4URC   ( 3576): [SDK] [android.app.ActivityManager] [getRunningServices]
D/S4URC   ( 3576): [SDK] [android.telephony.TelephonyManager] [getSubscriberId]
D/S4URC   ( 3576): [SDK] [java.lang.Class] [forName] [FindClass][String] [android.telephony.MSimTelephonyManager]
D/S4URC   ( 3576): [SDK] [android.content.Intent] [Constructor] [IntentInfo][String] [com.snowfish.a.a.s.ABGSvc]
D/S4URC   ( 3576): [SDK] [java.lang.Class] [forName] [FindClass][String] [com.android.internal.telephony.Phone]
D/S4URC   ( 3576): [SDK] [java.lang.Class] [forName] [FindClass][String] [com.android.internal.telephony.PhoneFactory]
D/S4URC   ( 3576): [SDK] [android.telephony.TelephonyManager] [getSubscriberId]
D/S4URC   ( 3576): [SDK] [java.lang.Class] [forName] [FindClass][String] [android.telephony.MSimTelephonyManager]
D/S4URC   ( 3576): [SDK] [java.lang.Class] [forName] [FindClass][String] [com.android.internal.telephony.Phone]
D/S4URC   ( 3576): [SDK] [java.lang.Class] [forName] [FindClass][String] [android.telephony.MSimTelephonyManager]
D/S4URC   ( 3576): [SDK] [android.telephony.TelephonyManager] [getSubscriberId]
D/S4URC   ( 3576): [SDK] [android.app.ApplicationPackageManager] [getPackageInfo] [FindPackageName][String] [com.dfekrfriogtlktrlafretg.fioregtkgtjgkltlht.mx]
D/S4URC   ( 3576): [SDK] [android.content.ContextWrapper][getSharedPreferences] [File][cpMsg.xml] [MODE][MODE_PRIVATE]
D/S4URC   ( 3576): [SDK] [android.content.ContextWrapper][getSharedPreferences] [File][cpMsg.xml] [MODE][MODE_PRIVATE] [Method][getString] [String][maiMsa] [Return][zfmDec2qfjaaz26mBkyBnku3]
D/S4URC   ( 3576): [SDK] [android.content.ContextWrapper][getSharedPreferences] [File][cpMsg.xml] [MODE][MODE_PRIVATE] [Method][getString] [String][channelId] [Return][fkdwc3]
D/S4URC   ( 3576): [SDK] [java.lang.Class] [forName] [FindClass][String] [android.telephony.MSimTelephonyManager]
D/S4URC   ( 3576): [SDK] [java.lang.Class] [forName] [FindClass][String] [com.android.internal.telephony.Phone]
D/S4URC   ( 3576): [SDK] [java.lang.Class] [forName] [FindClass][String] [com.android.internal.telephony.PhoneFactory]
D/S4URC   ( 3576): [SDK] [android.telephony.TelephonyManager] [getSubscriberId]
D/S4URC   ( 3576): [SDK] [java.lang.Class] [forName] [FindClass][String] [android.telephony.MSimTelephonyManager]
D/S4URC   ( 3576): [SDK] [java.lang.Class] [forName] [FindClass][String] [com.android.internal.telephony.Phone]
D/S4URC   ( 3576): [SDK] [java.lang.Class] [forName] [FindClass][String] [android.telephony.MSimTelephonyManager]
D/S4URC   ( 3576): [SDK] [android.telephony.TelephonyManager] [getSubscriberId]
D/S4URC   ( 3576): [SDK] [java.io.File] [Constructor] [FilePath][String] [/storage/sdcard0]
D/S4URC   ( 3576): [SDK] [java.io.File] [Constructor] [FilePath][String] [/storage/sdcard1]
D/S4URC   ( 3576): [SDK] [android.os.Environment] [getExternalStorageState] [ExternalStorageState][String] [mounted]
D/S4URC   ( 3576): [SDK] [java.io.File] [getPath] [FilePath][String] [/storage/sdcard0]
D/S4URC   ( 3576): [SDK] [java.lang.Class] [forName] [FindClass][String] [android.telephony.MSimTelephonyManager]
D/S4URC   ( 3576): [SDK] [java.io.File] [getPath] [FilePath][String] [/data/data/com.dfekrfriogtlktrlafretg.fioregtkgtjgkltlht.mx/databases]
D/S4URC   ( 3576): [SDK] [java.io.File] [getPath] [FilePath][String] [/data/data/com.dfekrfriogtlktrlafretg.fioregtkgtjgkltlht.mx/databases/mp.db]
D/S4URC   ( 3576): [SDK] [java.io.File] [Constructor] [FilePath][String] [/data/app/com.dfekrfriogtlktrlafretg.fioregtkgtjgkltlht.mx-1/base.apk]
D/S4URC   ( 3576): [SDK] [java.io.File] [getPath] [FilePath][String] [/data/app/com.dfekrfriogtlktrlafretg.fioregtkgtjgkltlht.mx-1/base.apk]
D/S4URC   ( 3576): [SDK] [java.io.File] [isDirectory] [FilePath][String] [/data/app/com.dfekrfriogtlktrlafretg.fioregtkgtjgkltlht.mx-1/base.apk]
D/S4URC   ( 3576): [SDK] [java.io.File] [Constructor] [FilePath][String] [/data/app/com.dfekrfriogtlktrlafretg.fioregtkgtjgkltlht.mx-1/base.apk]
D/S4URC   ( 3576): [SDK] [java.io.File] [getPath] [FilePath][String] [/data/app/com.dfekrfriogtlktrlafretg.fioregtkgtjgkltlht.mx-1/base.apk]
D/S4URC   ( 3576): [SDK] [java.io.File] [Constructor] [FilePath][String] [/data/app/com.dfekrfriogtlktrlafretg.fioregtkgtjgkltlht.mx-1/base.apk]
D/S4URC   ( 3576): [SDK] [java.io.File] [getPath] [FilePath][String] [/data/app/com.dfekrfriogtlktrlafretg.fioregtkgtjgkltlht.mx-1/base.apk]
D/S4URC   ( 3576): [SDK] [android.telephony.TelephonyManager] [getSubscriberId]
D/S4URC   ( 3576): [NDK] [SYSCALL] [access] [PATH][string] [/storage/sdcard0/Sonnenblume/res.apk]
D/S4URC   ( 3576): [NDK] [SYSCALL] [stat] [PATH][string] [/storage/sdcard0/Sonnenblume/res.apk]
D/S4URC   ( 3576): [NDK] [SYSCALL] [mkdir] [PATH][string] [/storage/sdcard0/Sonnenblume] [MODE][int] [0700]
D/S4URC   ( 3576): [NDK] [SYSCALL] [open] [PATH][string] [/storage/sdcard0/Sonnenblume/res.apk.u] [RETURN][int] [134]
D/S4URC   ( 3847): [SDK] [java.lang.Class] [forName] [FindClass][String] [java.net.HttpURLConnection]
D/S4URC   ( 3847): [SDK] [java.lang.Class] [forName] [FindClass][String] [com.android.okhttp.internal.http.HttpURLConnectionImpl]
D/S4URC   ( 3847): [SDK] [java.lang.Class] [forName] [FindClass][String] [java.net.Socket]
D/S4URC   ( 3847): [SDK] [java.lang.Class] [forName] [FindClass][String] [android.telephony.TelephonyManager]
D/S4URC   ( 3847): [SDK] [java.lang.Class] [forName] [FindClass][String] [android.os.Debug]
D/S4URC   ( 3847): [SDK] [java.lang.Class] [forName] [FindClass][String] [android.hardware.SensorManager]
D/S4URC   ( 3576): [SDK] [android.telephony.TelephonyManager] [getSubscriberId]
D/S4URC   ( 3847): [SDK] [java.lang.Class] [forName] [FindClass][String] [android.content.res.ResourcesKey]
D/S4URC   ( 3847): [SDK] [java.lang.Class] [forName] [FindClass][String] [android.app.ResourcesManager]
D/S4URC   ( 3847): [SDK] [java.io.File] [Constructor] [FilePath][String] [/data/app/com.dfekrfriogtlktrlafretg.fioregtkgtjgkltlht.mx-1/base.apk]
D/S4URC   ( 3847): [SDK] [java.io.File] [getPath] [FilePath][String] [/data/data/com.dfekrfriogtlktrlafretg.fioregtkgtjgkltlht.mx]
D/S4URC   ( 3847): [SDK] [java.io.File] [exists] [FilePath][String] [/data/data/com.dfekrfriogtlktrlafretg.fioregtkgtjgkltlht.mx/cache]
D/S4URC   ( 3847): [SDK] [java.io.File] [getPath] [FilePath][String] [/data/data/com.dfekrfriogtlktrlafretg.fioregtkgtjgkltlht.mx/cache]
D/S4URC   ( 3576): [SDK] [java.io.File] [delete] [FilePath][String] [/storage/sdcard0/Sonnenblume/res.apk]
D/S4URC   ( 3576): [NDK] [SYSCALL] [lstat] [PATH][string] [/storage/sdcard0/Sonnenblume/res.apk]
D/S4URC   ( 3576): [SDK] [java.io.File] [renameTo] [FilePath][String] [/storage/sdcard0/Sonnenblume/res.apk.u] [DesFile][/storage/sdcard0/Sonnenblume/res.apk]
D/S4URC   ( 3576): [NDK] [SYSCALL] [rename] [ORIG_PATH][string] [/storage/sdcard0/Sonnenblume/res.apk.u] [NEW_PATH][string] [/storage/sdcard0/Sonnenblume/res.apk]
D/S4URC   ( 3576): [SDK] [java.io.File] [exists] [FilePath][String] [/storage/sdcard0/Sonnenblume/res.apk]
D/S4URC   ( 3576): [NDK] [SYSCALL] [access] [PATH][string] [/storage/sdcard0/Sonnenblume/res.apk]
D/S4URC   ( 3576): [SDK] [java.io.File] [getPath] [FilePath][String] [/data/data/com.dfekrfriogtlktrlafretg.fioregtkgtjgkltlht.mx]
D/S4URC   ( 3576): [NDK] [SYSCALL] [mkdir] [PATH][string] [/data/data/com.dfekrfriogtlktrlafretg.fioregtkgtjgkltlht.mx/app__cc] [MODE][int] [0700]
D/S4URC   ( 3576): [SDK] [android.content.ContextWrapper][getSharedPreferences] [File][mjpay.xml] [MODE][MODE_PRIVATE]
D/S4URC   ( 3576): [NDK] [SYSCALL] [stat] [PATH][string] [/vendor/lib]
D/S4URC   ( 3576): [NDK] [SYSCALL] [socket] [TYPE][string] [TCP]
D/S4URC   ( 3576): [SDK] [android.telephony.TelephonyManager] [getLine1Number]
D/S4URC   ( 3847): [SDK] [android.os.Environment] [getExternalStorageState] [ExternalStorageState][String] [mounted]
D/S4URC   ( 3847): [SDK] [java.io.File] [Constructor] [FilePath][String] [/storage/sdcard0]
D/S4URC   ( 3576): [SDK] [java.lang.ProcessBuilder] [Constructor] [Command][String] [,/system/bin/cat,/sys/devices/system/cpu/cpu0/cpufreq/cpuinfo_max_freq]
D/S4URC   ( 3877): [NDK] [SYSCALL] [getdents] [PATH][string] [.]
D/S4URC   ( 3576): [SDK] [android.telephony.TelephonyManager] [getLine1Number]
D/S4URC   ( 3847): [SDK] [java.io.File] [Constructor] [FilePath][String] [/storage/sdcard0]
D/S4URC   ( 3847): [SDK] [java.io.File] [Constructor] [FilePath][String] [/storage/sdcard1]
D/S4URC   ( 3847): [SDK] [java.io.File] [Constructor] [FilePath][String] [/storage/usb2host]
D/S4URC   ( 3847): [SDK] [java.io.File] [Constructor] [FilePath][String] [/storage/usb3device]
D/S4URC   ( 3847): [SDK] [java.io.File] [Constructor] [FilePath][String] [/storage/usb3host]
D/S4URC   ( 3847): [SDK] [android.os.Environment] [getExternalStorageState] [ExternalStorageState][String] [mounted]
D/S4URC   ( 3847): [SDK] [java.io.File] [getPath] [FilePath][String] [/storage/sdcard0/Sonnenblume]
D/S4URC   ( 3847): [SDK] [java.io.File] [getPath] [FilePath][String] [/data/app/com.dfekrfriogtlktrlafretg.fioregtkgtjgkltlht.mx-1/base.apk]
D/S4URC   ( 3847): [SDK] [java.io.File] [Constructor] [FilePath][String] [/data/app/com.dfekrfriogtlktrlafretg.fioregtkgtjgkltlht.mx-1/base.apk]
D/S4URC   ( 3847): [SDK] [java.io.File] [getPath] [FilePath][String] [/data/app/com.dfekrfriogtlktrlafretg.fioregtkgtjgkltlht.mx-1/base.apk]
D/S4URC   ( 3847): [SDK] [java.io.File] [isDirectory] [FilePath][String] [/data/app/com.dfekrfriogtlktrlafretg.fioregtkgtjgkltlht.mx-1/base.apk]
D/S4URC   ( 3847): [SDK] [java.io.File] [Constructor] [FilePath][String] [/data/app/com.dfekrfriogtlktrlafretg.fioregtkgtjgkltlht.mx-1/base.apk]
D/S4URC   ( 3879): [NDK] [SYSCALL] [getdents] [PATH][string] [.]
D/S4URC   ( 3576): [SDK] [android.os.Environment] [getExternalStorageDirectory] [DirectoryPath][String] [/storage/sdcard0]
D/S4URC   ( 3847): [SDK] [java.lang.Class] [forName] [FindClass][String] [com.android.org.conscrypt.OpenSSLSignature$SHA1RSA]
D/S4URC   ( 3576): [SDK] [android.telephony.TelephonyManager] [getLine1Number]
D/S4URC   ( 3576): [SDK] [java.io.File] [Constructor] [FilePath][String] [/sys/devices/system/cpu/cpu0/cpufreq/scaling_cur_freq]
D/S4URC   ( 3576): [SDK] [java.io.File] [getPath] [FilePath][String] [/sys/devices/system/cpu/cpu0/cpufreq/scaling_cur_freq]
D/S4URC   ( 3576): [SDK] [java.lang.ProcessBuilder] [Constructor] [Command][String] [,/system/bin/cat,/sys/devices/system/cpu/cpu0/cpufreq/cpuinfo_min_freq]
D/S4URC   ( 3881): [NDK] [SYSCALL] [getdents] [PATH][string] [.]
D/S4URC   ( 3576): [SDK] [android.telephony.TelephonyManager] [getSubscriberId]
D/S4URC   ( 3576): [SDK] [android.telephony.TelephonyManager] [getLine1Number]
D/S4URC   ( 3847): [SDK] [java.lang.Class] [forName] [FindClass][String] [com.android.org.conscrypt.OpenSSLMessageDigestJDK$SHA1]
D/S4URC   ( 3847): [SDK] [java.io.File] [exists] [FilePath][String] [/storage/sdcard0/Sonnenblume/res.apk]
D/S4URC   ( 3576): [SDK] [android.content.ContextWrapper][getSharedPreferences] [File][TestinCrash.xml] [MODE][MODE_PRIVATE]
D/S4URC   ( 3576): [SDK] [android.content.ContextWrapper][getSharedPreferences] [File][TestinCrash.xml] [MODE][MODE_PRIVATE] [Method][getString] [String][LogScript] [Return][logcat -t 100 -v time]
D/S4URC   ( 3576): [SDK] [java.lang.Runtime] [exec] [Command][String] [logcat-t100-vtime]
D/S4URC   ( 3847): [SDK] [java.io.File] [getPath] [FilePath][String] [/storage/sdcard0/Sonnenblume/res.apk]
D/S4URC   ( 3576): [SDK] [java.lang.Class] [forName] [FindClass][String] [android.telephony.MSimTelephonyManager]
D/S4URC   ( 3576): [SDK] [java.lang.Class] [forName] [FindClass][String] [com.android.internal.telephony.Phone]
D/S4URC   ( 3576): [SDK] [java.lang.Class] [forName] [FindClass][String] [com.android.internal.telephony.PhoneFactory]
D/S4URC   ( 3576): [SDK] [android.telephony.TelephonyManager] [getSubscriberId]
D/S4URC   ( 3847): [SDK] [java.io.File] [Constructor] [FilePath][String] [/data/app/com.dfekrfriogtlktrlafretg.fioregtkgtjgkltlht.mx-1/base.apk]
D/S4URC   ( 3847): [SDK] [java.io.File] [getPath] [FilePath][String] [/data/app/com.dfekrfriogtlktrlafretg.fioregtkgtjgkltlht.mx-1/base.apk]
D/S4URC   ( 3847): [SDK] [java.io.File] [isDirectory] [FilePath][String] [/data/app/com.dfekrfriogtlktrlafretg.fioregtkgtjgkltlht.mx-1/base.apk]
D/S4URC   ( 3847): [SDK] [java.io.File] [exists] [FilePath][String] [/storage/sdcard0/Sonnenblume/res.apk]
D/S4URC   ( 3847): [SDK] [java.io.File] [getPath] [FilePath][String] [/storage/sdcard0/Sonnenblume/res.apk]
D/S4URC   ( 3847): [SDK] [java.io.File] [getPath] [FilePath][String] [/data/data/com.dfekrfriogtlktrlafretg.fioregtkgtjgkltlht.mx]
D/S4URC   ( 3847): [SDK] [java.io.File] [exists] [FilePath][String] [/data/data/com.dfekrfriogtlktrlafretg.fioregtkgtjgkltlht.mx/app__cc]
D/S4URC   ( 3847): [SDK] [java.io.File] [mkdirs] [FilePath][String] [/data/data/com.dfekrfriogtlktrlafretg.fioregtkgtjgkltlht.mx/app__cc]
D/S4URC   ( 3847): [SDK] [java.io.File] [Constructor] [FilePath][String] [/data/data/com.dfekrfriogtlktrlafretg.fioregtkgtjgkltlht.mx/app__cc]
D/S4URC   ( 3847): [SDK] [java.io.File] [exists] [FilePath][String] [/data/data/com.dfekrfriogtlktrlafretg.fioregtkgtjgkltlht.mx/app__cc]
D/S4URC   ( 3847): [SDK] [java.io.File] [isDirectory] [FilePath][String] [/data/data/com.dfekrfriogtlktrlafretg.fioregtkgtjgkltlht.mx/app__cc]
D/S4URC   ( 3847): [SDK] [java.io.File] [listFiles] [FilePath][String] [/data/data/com.dfekrfriogtlktrlafretg.fioregtkgtjgkltlht.mx/app__cc]
D/S4URC   ( 3847): [SDK] [java.io.File] [list] [FilePath][String] [/data/data/com.dfekrfriogtlktrlafretg.fioregtkgtjgkltlht.mx/app__cc]
D/S4URC   ( 3847): [SDK] [java.lang.Class] [forName] [FindClass][String] [dalvik.system.DexClassLoader]
D/S4URC   ( 3847): [SDK] [dalvik.system.DexClassLoader] [Constructor] [DexPath][String] [/storage/sdcard0/Sonnenblume/res.apk] [NDKPath][String] [/data/app/com.dfekrfriogtlktrlafretg.fioregtkgtjgkltlht.mx-1/lib/arm]
D/S4URC   ( 3847): [SDK] [java.io.File] [Constructor] [FilePath][String] [/data/data/com.dfekrfriogtlktrlafretg.fioregtkgtjgkltlht.mx/app__cc]
D/S4URC   ( 3847): [SDK] [dalvik.system.BaseDexClassLoader] [Constructor] [DexPath][String] [/storage/sdcard0/Sonnenblume/res.apk] [NDKPath][String] [/data/app/com.dfekrfriogtlktrlafretg.fioregtkgtjgkltlht.mx-1/lib/arm]
D/S4URC   ( 3847): [SDK] [java.io.File] [exists] [FilePath][String] [/data/data/com.dfekrfriogtlktrlafretg.fioregtkgtjgkltlht.mx/app__cc]
D/S4URC   ( 3847): [SDK] [java.io.File] [canRead] [FilePath][String] [/data/data/com.dfekrfriogtlktrlafretg.fioregtkgtjgkltlht.mx/app__cc]
D/S4URC   ( 3847): [SDK] [java.io.File] [canWrite] [FilePath][String] [/data/data/com.dfekrfriogtlktrlafretg.fioregtkgtjgkltlht.mx/app__cc]
D/S4URC   ( 3847): [SDK] [java.io.File] [Constructor] [FilePath][String] [/storage/sdcard0/Sonnenblume/res.apk]
D/S4URC   ( 3847): [SDK] [java.io.File] [getName] [FilePath][String] [/storage/sdcard0/Sonnenblume/res.apk]
D/S4URC   ( 3847): [SDK] [java.io.File] [isDirectory] [FilePath][String] [/storage/sdcard0/Sonnenblume/res.apk]
D/S4URC   ( 3847): [SDK] [java.io.File] [isFile] [FilePath][String] [/storage/sdcard0/Sonnenblume/res.apk]
D/S4URC   ( 3847): [SDK] [java.io.File] [getName] [FilePath][String] [/storage/sdcard0/Sonnenblume/res.apk]
D/S4URC   ( 3847): [SDK] [java.io.File] [getPath] [FilePath][String] [/data/data/com.dfekrfriogtlktrlafretg.fioregtkgtjgkltlht.mx/app__cc]
D/S4URC   ( 3847): [SDK] [java.io.File] [getPath] [FilePath][String] [/data/data/com.dfekrfriogtlktrlafretg.fioregtkgtjgkltlht.mx/app__cc/res.dex]
D/S4URC   ( 3847): [SDK] [java.io.File] [getPath] [FilePath][String] [/storage/sdcard0/Sonnenblume/res.apk]
D/S4URC   ( 3847): [SDK] [java.io.File] [Constructor] [FilePath][String] [/data/data/com.dfekrfriogtlktrlafretg.fioregtkgtjgkltlht.mx/app__cc/res.dex]
D/S4URC   ( 3847): [SDK] [java.io.File] [getParent] [FilePath][String] [/data/data/com.dfekrfriogtlktrlafretg.fioregtkgtjgkltlht.mx/app__cc/res.dex]
D/S4URC   ( 3847): [SDK] [dalvik.system.DexFile] [openDexFile] [DexPath][String] [/storage/sdcard0/Sonnenblume/res.apk]
D/S4URC   ( 3847): [SDK] [java.io.File] [Constructor] [FilePath][String] [/storage/sdcard0/Sonnenblume/res.apk]
D/S4URC   ( 3847): [SDK] [java.io.File] [Constructor] [FilePath][String] [/data/data/com.dfekrfriogtlktrlafretg.fioregtkgtjgkltlht.mx/app__cc/res.dex]
D/S4URC   ( 3576): [SDK] [java.io.File] [Constructor] [FilePath][String] [/proc/cpuinfo]
D/S4URC   ( 3576): [SDK] [java.io.File] [getPath] [FilePath][String] [/proc/cpuinfo]
D/S4URC   ( 3576): [NDK] [SYSCALL] [open] [PATH][string] [/proc/cpuinfo] [RETURN][int] [141]
D/S4URC   ( 3885): [NDK] [SYSCALL] [getdents] [PATH][string] [.]
D/S4URC   ( 3576): [SDK] [java.io.File] [Constructor] [FilePath][String] [/proc/meminfo]
D/S4URC   ( 3576): [SDK] [java.io.File] [getPath] [FilePath][String] [/proc/meminfo]
D/S4URC   ( 3576): [NDK] [SYSCALL] [open] [PATH][string] [/proc/meminfo] [RETURN][int] [145]
D/S4URC   ( 3576): [SDK] [java.io.File] [getPath] [FilePath][String] [/storage/sdcard0]
D/S4URC   ( 3576): [SDK] [android.os.Environment] [getExternalStorageDirectory] [DirectoryPath][String] [/storage/sdcard0]
D/S4URC   ( 3576): [SDK] [java.io.File] [getPath] [FilePath][String] [/storage/sdcard0]
D/S4URC   ( 3576): [SDK] [java.io.File] [Constructor] [FilePath][String] [/sys/devices/system/cpu/cpu0/cpufreq/scaling_cur_freq]
D/S4URC   ( 3576): [SDK] [java.io.File] [getPath] [FilePath][String] [/sys/devices/system/cpu/cpu0/cpufreq/scaling_cur_freq]
D/S4URC   ( 3888): [NDK] [SYSCALL] [getdents] [PATH][string] [.]
D/S4URC   ( 3576): [SDK] [java.io.File] [getPath] [FilePath][String] [/storage/sdcard0]
D/S4URC   ( 3576): [SDK] [java.lang.ProcessBuilder] [Constructor] [Command][String] [,/system/bin/cat,/sys/devices/system/cpu/cpu0/cpufreq/cpuinfo_min_freq]
D/S4URC   ( 3576): [SDK] [android.os.Environment] [getExternalStorageDirectory] [DirectoryPath][String] [/storage/sdcard0]
D/S4URC   ( 3576): [SDK] [java.io.File] [getPath] [FilePath][String] [/storage/sdcard0]
D/S4URC   ( 3576): [SDK] [android.telephony.TelephonyManager] [getLine1Number]
D/S4URC   ( 3576): [SDK] [java.lang.Class] [forName] [FindClass][String] [android.telephony.MSimTelephonyManager]
D/S4URC   ( 3576): [SDK] [java.lang.Class] [forName] [FindClass][String] [com.android.internal.telephony.Phone]
D/S4URC   ( 3576): [SDK] [java.lang.Class] [forName] [FindClass][String] [android.telephony.MSimTelephonyManager]
D/S4URC   ( 3576): [SDK] [java.lang.Class] [forName] [FindClass][String] [com.android.internal.telephony.Phone]
D/S4URC   ( 3576): [SDK] [java.lang.Class] [forName] [FindClass][String] [com.android.internal.telephony.PhoneFactory]
D/S4URC   ( 3576): [SDK] [android.telephony.TelephonyManager] [getSubscriberId]
D/S4URC   ( 3891): [NDK] [SYSCALL] [getdents] [PATH][string] [.]
D/S4URC   ( 3576): [SDK] [java.lang.Class] [forName] [FindClass][String] [com.android.internal.telephony.Phone]
D/S4URC   ( 3576): [SDK] [java.lang.Class] [forName] [FindClass][String] [com.android.internal.telephony.PhoneFactory]
D/S4URC   ( 3576): [SDK] [android.telephony.TelephonyManager] [getSubscriberId]
D/S4URC   ( 3576): [SDK] [java.io.File] [Constructor] [FilePath][String] [/proc/cpuinfo]
D/S4URC   ( 3576): [SDK] [java.io.File] [getPath] [FilePath][String] [/proc/cpuinfo]
D/S4URC   ( 3576): [NDK] [SYSCALL] [open] [PATH][string] [/proc/cpuinfo] [RETURN][int] [145]
D/S4URC   ( 3576): [SDK] [java.io.File] [Constructor] [FilePath][String] [/proc/meminfo]
D/S4URC   ( 3576): [SDK] [java.io.File] [getPath] [FilePath][String] [/proc/meminfo]
D/S4URC   ( 3576): [NDK] [SYSCALL] [open] [PATH][string] [/proc/meminfo] [RETURN][int] [160]
D/S4URC   ( 3576): [SDK] [java.io.File] [getPath] [FilePath][String] [/storage/sdcard0]
D/S4URC   ( 3576): [SDK] [android.os.Environment] [getExternalStorageDirectory] [DirectoryPath][String] [/storage/sdcard0]
D/S4URC   ( 3576): [SDK] [java.io.File] [getPath] [FilePath][String] [/storage/sdcard0]
D/S4URC   ( 3576): [SDK] [android.os.Environment] [getExternalStorageDirectory] [DirectoryPath][String] [/storage/sdcard0]
D/S4URC   ( 3576): [SDK] [java.io.File] [getPath] [FilePath][String] [/storage/sdcard0]
D/S4URC   ( 3576): [SDK] [android.telephony.TelephonyManager] [getSubscriberId]
D/S4URC   ( 3576): [SDK] [java.lang.Class] [forName] [FindClass][String] [android.os.SystemProperties]
D/S4URC   ( 3900): [NDK] [SYSCALL] [getdents] [PATH][string] [.]
D/S4URC   ( 3576): [SDK] [java.net] [HttpURLConnection] [URL][String] [http://112.74.111.56:9039/gamesit/jysdk/inix]
D/S4URC   ( 3576): [NDK] [SYSCALL] [socket] [TYPE][string] [TCP]
D/S4URC   ( 3576): [SDK] [android.telephony.TelephonyManager] [getLine1Number]
D/S4URC   ( 3576): [SDK] [android.app.ActivityManager] [getRunningTasks]
D/S4URC   ( 3576): [SDK] [java.io.File] [getPath] [FilePath][String] [/data]
D/S4URC   ( 3576): [SDK] [android.os.Environment] [getDataDirectory] [DataDirectoryPath][String] [/data]
D/S4URC   ( 3576): [SDK] [java.io.File] [getPath] [FilePath][String] [/data]
D/S4URC   ( 3576): [SDK] [android.os.Environment] [getDataDirectory] [DataDirectoryPath][String] [/data]
D/S4URC   ( 3576): [SDK] [java.io.File] [getPath] [FilePath][String] [/data]
D/S4URC   ( 3576): [SDK] [java.io.File] [getPath] [FilePath][String] [/storage/sdcard0]
D/S4URC   ( 3576): [SDK] [android.os.Environment] [getExternalStorageDirectory] [DirectoryPath][String] [/storage/sdcard0]
D/S4URC   ( 3576): [SDK] [java.io.File] [getPath] [FilePath][String] [/storage/sdcard0]
D/S4URC   ( 3576): [SDK] [android.os.Environment] [getExternalStorageDirectory] [DirectoryPath][String] [/storage/sdcard0]
D/S4URC   ( 3576): [SDK] [java.io.File] [getPath] [FilePath][String] [/storage/sdcard0]
D/S4URC   ( 3576): [SDK] [java.io.File] [Constructor] [FilePath][String] [/proc/stat]
D/S4URC   ( 3576): [SDK] [java.io.File] [getPath] [FilePath][String] [/proc/stat]
D/S4URC   ( 3576): [NDK] [SYSCALL] [open] [PATH][string] [/proc/stat] [RETURN][int] [46]
D/S4URC   ( 3576): [SDK] [java.io.File] [Constructor] [FilePath][String] [/proc/3576/stat]
D/S4URC   ( 3576): [SDK] [java.io.File] [getPath] [FilePath][String] [/proc/3576/stat]
D/S4URC   ( 3576): [NDK] [SYSCALL] [open] [PATH][string] [/proc/3576/stat] [RETURN][int] [63]
D/S4URC   ( 3576): [SDK] [android.telephony.TelephonyManager] [getSubscriberId]
D/S4URC   ( 3576): [SDK] [java.lang.Class] [forName] [FindClass][String] [android.os.SystemProperties]
D/S4URC   ( 3576): [SDK] [java.net] [HttpURLConnection] [URL][String] [http://sdk.szyy2106.cn:8000/zpayinit?type=1]
D/S4URC   ( 3576): [SDK] [java.lang.Class] [forName] [FindClass][String] [android.telephony.MSimTelephonyManager]
D/S4URC   ( 3576): [SDK] [java.lang.Class] [forName] [FindClass][String] [com.android.internal.telephony.Phone]
D/S4URC   ( 3576): [SDK] [java.lang.Class] [forName] [FindClass][String] [com.android.internal.telephony.PhoneFactory]
D/S4URC   ( 3576): [SDK] [android.telephony.TelephonyManager] [getSubscriberId]
D/S4URC   ( 3576): [SDK] [java.io.File] [Constructor] [FilePath][String] [/proc/cpuinfo]
D/S4URC   ( 3576): [SDK] [java.io.File] [getPath] [FilePath][String] [/proc/cpuinfo]
D/S4URC   ( 3576): [NDK] [SYSCALL] [open] [PATH][string] [/proc/cpuinfo] [RETURN][int] [75]
D/S4URC   ( 3576): [SDK] [java.io.File] [Constructor] [FilePath][String] [/proc/meminfo]
D/S4URC   ( 3576): [SDK] [java.io.File] [getPath] [FilePath][String] [/proc/meminfo]
D/S4URC   ( 3576): [NDK] [SYSCALL] [open] [PATH][string] [/proc/meminfo] [RETURN][int] [138]
D/S4URC   ( 3576): [SDK] [java.io.File] [getPath] [FilePath][String] [/storage/sdcard0]
D/S4URC   ( 3576): [SDK] [android.os.Environment] [getExternalStorageDirectory] [DirectoryPath][String] [/storage/sdcard0]
D/S4URC   ( 3576): [SDK] [java.io.File] [getPath] [FilePath][String] [/storage/sdcard0]
D/S4URC   ( 3576): [SDK] [android.os.Environment] [getExternalStorageDirectory] [DirectoryPath][String] [/storage/sdcard0]
D/S4URC   ( 3576): [SDK] [java.io.File] [getPath] [FilePath][String] [/storage/sdcard0]
D/S4URC   ( 3576): [SDK] [android.telephony.TelephonyManager] [getLine1Number]
D/S4URC   ( 3576): [SDK] [java.lang.Class] [forName] [FindClass][String] [android.telephony.MSimTelephonyManager]
D/S4URC   ( 3576): [SDK] [android.telephony.TelephonyManager] [getLine1Number]
D/S4URC   ( 3576): [SDK] [java.lang.Class] [forName] [FindClass][String] [com.android.internal.telephony.Phone]
D/S4URC   ( 3576): [SDK] [java.lang.Class] [forName] [FindClass][String] [com.android.internal.telephony.PhoneFactory]
D/S4URC   ( 3576): [SDK] [android.telephony.TelephonyManager] [getSubscriberId]
D/S4URC   ( 3576): [SDK] [java.lang.Class] [forName] [FindClass][String] [android.telephony.MSimTelephonyManager]
D/S4URC   ( 3576): [SDK] [java.lang.Class] [forName] [FindClass][String] [com.android.internal.telephony.Phone]
D/S4URC   ( 3576): [SDK] [java.lang.Class] [forName] [FindClass][String] [com.android.internal.telephony.PhoneFactory]
D/S4URC   ( 3576): [SDK] [android.telephony.TelephonyManager] [getSubscriberId]
D/S4URC   ( 3576): [SDK] [java.lang.Class] [forName] [FindClass][String] [android.telephony.MSimTelephonyManager]
D/S4URC   ( 3576): [SDK] [java.lang.Class] [forName] [FindClass][String] [com.android.internal.telephony.Phone]
D/S4URC   ( 3576): [SDK] [android.app.ActivityManager] [getRunningTasks]
D/S4URC   ( 3576): [SDK] [java.lang.Class] [forName] [FindClass][String] [com.android.internal.telephony.PhoneFactory]
D/S4URC   ( 3576): [SDK] [android.telephony.TelephonyManager] [getSubscriberId]
D/S4URC   ( 3576): [SDK] [android.content.ContextWrapper][getSharedPreferences] [File][TestinCrash.xml] [MODE][MODE_PRIVATE]
D/S4URC   ( 3576): [SDK] [android.content.ContextWrapper][getSharedPreferences] [File][TestinCrash.xml] [MODE][MODE_PRIVATE] [Method][getInt] [Int][maxErroNum] [Return][2]
D/S4URC   ( 3576): [SDK] [android.content.ContextWrapper][getSharedPreferences] [File][TestinCrash.xml] [MODE][MODE_PRIVATE]
D/S4URC   ( 3576): [SDK] [android.content.ContextWrapper][getSharedPreferences] [File][TestinCrash.xml] [MODE][MODE_PRIVATE] [Method][getInt] [Int][uploadType] [Return][0]
D/S4URC   ( 3576): [SDK] [java.io.File] [getPath] [FilePath][String] [/data/data/com.dfekrfriogtlktrlafretg.fioregtkgtjgkltlht.mx/databases]
D/S4URC   ( 3576): [SDK] [java.io.File] [isDirectory] [FilePath][String] [/data/data/com.dfekrfriogtlktrlafretg.fioregtkgtjgkltlht.mx/databases]
D/S4URC   ( 3576): [NDK] [SYSCALL] [stat] [PATH][string] [/data/data/com.dfekrfriogtlktrlafretg.fioregtkgtjgkltlht.mx/databases]
D/S4URC   ( 3576): [SDK] [java.io.File] [getPath] [FilePath][String] [/data/data/com.dfekrfriogtlktrlafretg.fioregtkgtjgkltlht.mx/databases/TestinAgent.db]
D/S4URC   ( 3576): [NDK] [SYSCALL] [stat] [PATH][string] [/data/data/com.dfekrfriogtlktrlafretg.fioregtkgtjgkltlht.mx/databases/TestinAgent.db]
D/S4URC   ( 3576): [NDK] [SYSCALL] [open] [PATH][string] [/data/data/com.dfekrfriogtlktrlafretg.fioregtkgtjgkltlht.mx/databases/TestinAgent.db] [RETURN][int] [79]
D/S4URC   ( 3576): [NDK] [SYSCALL] [stat] [PATH][string] [/data/data/com.dfekrfriogtlktrlafretg.fioregtkgtjgkltlht.mx/databases/TestinAgent.db]
D/S4URC   ( 3576): [NDK] [SYSCALL] [access] [PATH][string] [/data/data/com.dfekrfriogtlktrlafretg.fioregtkgtjgkltlht.mx/databases/TestinAgent.db-journal]
D/S4URC   ( 3576): [NDK] [SYSCALL] [stat] [PATH][string] [/data/data/com.dfekrfriogtlktrlafretg.fioregtkgtjgkltlht.mx/databases/TestinAgent.db-journal]
D/S4URC   ( 3576): [NDK] [SYSCALL] [stat] [PATH][string] [/data/data/com.dfekrfriogtlktrlafretg.fioregtkgtjgkltlht.mx/databases/TestinAgent.db]
D/S4URC   ( 3576): [NDK] [SYSCALL] [open] [PATH][string] [/data/data/com.dfekrfriogtlktrlafretg.fioregtkgtjgkltlht.mx/databases/TestinAgent.db-journal] [RETURN][int] [65]
D/S4URC   ( 3576): [NDK] [SYSCALL] [access] [PATH][string] [/data/data/com.dfekrfriogtlktrlafretg.fioregtkgtjgkltlht.mx/databases/TestinAgent.db-wal]
D/S4URC   ( 3576): [SDK] [java.lang.Class] [forName] [FindClass][String] [android.telephony.MSimTelephonyManager]
D/S4URC   ( 3576): [SDK] [java.lang.Class] [forName] [FindClass][String] [android.os.SystemProperties]
D/S4URC   ( 3576): [SDK] [java.lang.Class] [forName] [FindClass][String] [com.android.internal.telephony.Phone]
D/S4URC   ( 3576): [SDK] [java.lang.Class] [forName] [FindClass][String] [com.android.internal.telephony.PhoneFactory]
D/S4URC   ( 3576): [SDK] [android.telephony.TelephonyManager] [getSubscriberId]
D/S4URC   ( 3576): [NDK] [SYSCALL] [access] [PATH][string] [/data/data/com.dfekrfriogtlktrlafretg.fioregtkgtjgkltlht.mx/databases/TestinAgent.db-journal]
D/S4URC   ( 3576): [NDK] [SYSCALL] [stat] [PATH][string] [/data/data/com.dfekrfriogtlktrlafretg.fioregtkgtjgkltlht.mx/databases/TestinAgent.db-journal]
D/S4URC   ( 3576): [NDK] [SYSCALL] [stat] [PATH][string] [/data/data/com.dfekrfriogtlktrlafretg.fioregtkgtjgkltlht.mx/databases/TestinAgent.db]
D/S4URC   ( 3576): [NDK] [SYSCALL] [open] [PATH][string] [/data/data/com.dfekrfriogtlktrlafretg.fioregtkgtjgkltlht.mx/databases/TestinAgent.db-journal] [RETURN][int] [138]
D/S4URC   ( 3576): [NDK] [SYSCALL] [access] [PATH][string] [/data/data/com.dfekrfriogtlktrlafretg.fioregtkgtjgkltlht.mx/databases/TestinAgent.db-wal]
D/S4URC   ( 3576): [NDK] [SYSCALL] [access] [PATH][string] [/data/data/com.dfekrfriogtlktrlafretg.fioregtkgtjgkltlht.mx/databases/TestinAgent.db-journal]
D/S4URC   ( 3576): [NDK] [SYSCALL] [stat] [PATH][string] [/data/data/com.dfekrfriogtlktrlafretg.fioregtkgtjgkltlht.mx/databases/TestinAgent.db-journal]
D/S4URC   ( 3576): [NDK] [SYSCALL] [stat] [PATH][string] [/data/data/com.dfekrfriogtlktrlafretg.fioregtkgtjgkltlht.mx/databases/TestinAgent.db]
D/S4URC   ( 3576): [NDK] [SYSCALL] [open] [PATH][string] [/data/data/com.dfekrfriogtlktrlafretg.fioregtkgtjgkltlht.mx/databases/TestinAgent.db-journal] [RETURN][int] [138]
D/S4URC   ( 3576): [NDK] [SYSCALL] [access] [PATH][string] [/data/data/com.dfekrfriogtlktrlafretg.fioregtkgtjgkltlht.mx/databases/TestinAgent.db-wal]
D/S4URC   ( 3576): [SDK] [java.io.File] [getPath] [FilePath][String] [/data/data/com.dfekrfriogtlktrlafretg.fioregtkgtjgkltlht.mx/databases/TestinAgent.db]
D/S4URC   ( 3576): [NDK] [SYSCALL] [chmod] [PATH][string] [/data/data/com.dfekrfriogtlktrlafretg.fioregtkgtjgkltlht.mx/databases/TestinAgent.db] [MODE][int] [0660]
D/S4URC   ( 3576): [NDK] [SYSCALL] [access] [PATH][string] [/data/data/com.dfekrfriogtlktrlafretg.fioregtkgtjgkltlht.mx/databases/TestinAgent.db-journal]
D/S4URC   ( 3576): [NDK] [SYSCALL] [stat] [PATH][string] [/data/data/com.dfekrfriogtlktrlafretg.fioregtkgtjgkltlht.mx/databases/TestinAgent.db-journal]
D/S4URC   ( 3576): [NDK] [SYSCALL] [stat] [PATH][string] [/data/data/com.dfekrfriogtlktrlafretg.fioregtkgtjgkltlht.mx/databases/TestinAgent.db]
D/S4URC   ( 3576): [NDK] [SYSCALL] [open] [PATH][string] [/data/data/com.dfekrfriogtlktrlafretg.fioregtkgtjgkltlht.mx/databases/TestinAgent.db-journal] [RETURN][int] [138]
D/S4URC   ( 3576): [NDK] [SYSCALL] [access] [PATH][string] [/data/data/com.dfekrfriogtlktrlafretg.fioregtkgtjgkltlht.mx/databases/TestinAgent.db-wal]
D/S4URC   ( 3576): [NDK] [SYSCALL] [access] [PATH][string] [/data/data/com.dfekrfriogtlktrlafretg.fioregtkgtjgkltlht.mx/databases/TestinAgent.db-journal]
D/S4URC   ( 3576): [NDK] [SYSCALL] [stat] [PATH][string] [/data/data/com.dfekrfriogtlktrlafretg.fioregtkgtjgkltlht.mx/databases/TestinAgent.db-journal]
D/S4URC   ( 3576): [NDK] [SYSCALL] [stat] [PATH][string] [/data/data/com.dfekrfriogtlktrlafretg.fioregtkgtjgkltlht.mx/databases/TestinAgent.db]
D/S4URC   ( 3576): [NDK] [SYSCALL] [open] [PATH][string] [/data/data/com.dfekrfriogtlktrlafretg.fioregtkgtjgkltlht.mx/databases/TestinAgent.db-journal] [RETURN][int] [139]
D/S4URC   ( 3576): [NDK] [SYSCALL] [access] [PATH][string] [/data/data/com.dfekrfriogtlktrlafretg.fioregtkgtjgkltlht.mx/databases/TestinAgent.db-wal]
D/S4URC   ( 3576): [NDK] [SYSCALL] [stat] [PATH][string] [/data/data/com.dfekrfriogtlktrlafretg.fioregtkgtjgkltlht.mx/databases/TestinAgent.db]
D/S4URC   ( 3576): [SDK] [java.net] [HttpURLConnection] [URL][String] [http://112.74.111.56:9039/gamesit/puinit/data]
D/S4URC   ( 3576): [SDK] [android.telephony.TelephonyManager] [getSubscriberId]
D/S4URC   ( 3576): [NDK] [SYSCALL] [socket] [TYPE][string] [TCP]
D/S4URC   ( 3576): [SDK] [android.content.ContextWrapper][getSharedPreferences] [File][TestinCrash.xml] [MODE][MODE_PRIVATE]
D/S4URC   ( 3576): [SDK] [android.content.ContextWrapper][getSharedPreferences] [File][TestinCrash.xml] [MODE][MODE_PRIVATE] [Method][getInt] [Int][HttpTimeOut] [Return][3000]
D/S4URC   ( 3576): [SDK] [android.telephony.TelephonyManager] [getLine1Number]
D/S4URC   ( 3576): [SDK] [java.net] [HttpURLConnection] [URL][String] [http://apm-collector.qtestin.com:80/cpi/crash]
D/S4URC   ( 3576): [SDK] [java.net] [HttpURLConnection] [Request][Method] [POST] [URL][String] [http://apm-collector.qtestin.com:80/cpi/crash]
D/S4URC   ( 3576): [SDK] [java.io.File] [getPath] [FilePath][String] [/data/data/com.dfekrfriogtlktrlafretg.fioregtkgtjgkltlht.mx/databases]
D/S4URC   ( 3576): [SDK] [java.io.File] [isDirectory] [FilePath][String] [/data/data/com.dfekrfriogtlktrlafretg.fioregtkgtjgkltlht.mx/databases]
D/S4URC   ( 3576): [NDK] [SYSCALL] [stat] [PATH][string] [/data/data/com.dfekrfriogtlktrlafretg.fioregtkgtjgkltlht.mx/databases]
D/S4URC   ( 3576): [SDK] [java.io.File] [getPath] [FilePath][String] [/data/data/com.dfekrfriogtlktrlafretg.fioregtkgtjgkltlht.mx/databases/TestinAgent.db]
D/S4URC   ( 3576): [NDK] [SYSCALL] [stat] [PATH][string] [/data/data/com.dfekrfriogtlktrlafretg.fioregtkgtjgkltlht.mx/databases/TestinAgent.db]
D/S4URC   ( 3576): [NDK] [SYSCALL] [open] [PATH][string] [/data/data/com.dfekrfriogtlktrlafretg.fioregtkgtjgkltlht.mx/databases/TestinAgent.db] [RETURN][int] [138]
D/S4URC   ( 3576): [NDK] [SYSCALL] [stat] [PATH][string] [/data/data/com.dfekrfriogtlktrlafretg.fioregtkgtjgkltlht.mx/databases/TestinAgent.db]
D/S4URC   ( 3576): [NDK] [SYSCALL] [access] [PATH][string] [/data/data/com.dfekrfriogtlktrlafretg.fioregtkgtjgkltlht.mx/databases/TestinAgent.db-journal]
D/S4URC   ( 3576): [NDK] [SYSCALL] [stat] [PATH][string] [/data/data/com.dfekrfriogtlktrlafretg.fioregtkgtjgkltlht.mx/databases/TestinAgent.db-journal]
D/S4URC   ( 3576): [NDK] [SYSCALL] [stat] [PATH][string] [/data/data/com.dfekrfriogtlktrlafretg.fioregtkgtjgkltlht.mx/databases/TestinAgent.db]
D/S4URC   ( 3576): [NDK] [SYSCALL] [open] [PATH][string] [/data/data/com.dfekrfriogtlktrlafretg.fioregtkgtjgkltlht.mx/databases/TestinAgent.db-journal] [RETURN][int] [139]
D/S4URC   ( 3576): [NDK] [SYSCALL] [access] [PATH][string] [/data/data/com.dfekrfriogtlktrlafretg.fioregtkgtjgkltlht.mx/databases/TestinAgent.db-wal]
D/S4URC   ( 3576): [NDK] [SYSCALL] [access] [PATH][string] [/data/data/com.dfekrfriogtlktrlafretg.fioregtkgtjgkltlht.mx/databases/TestinAgent.db-journal]
D/S4URC   ( 3576): [NDK] [SYSCALL] [stat] [PATH][string] [/data/data/com.dfekrfriogtlktrlafretg.fioregtkgtjgkltlht.mx/databases/TestinAgent.db-journal]
D/S4URC   ( 3576): [NDK] [SYSCALL] [stat] [PATH][string] [/data/data/com.dfekrfriogtlktrlafretg.fioregtkgtjgkltlht.mx/databases/TestinAgent.db]
D/S4URC   ( 3576): [NDK] [SYSCALL] [open] [PATH][string] [/data/data/com.dfekrfriogtlktrlafretg.fioregtkgtjgkltlht.mx/databases/TestinAgent.db-journal] [RETURN][int] [139]
D/S4URC   ( 3576): [NDK] [SYSCALL] [access] [PATH][string] [/data/data/com.dfekrfriogtlktrlafretg.fioregtkgtjgkltlht.mx/databases/TestinAgent.db-wal]
D/S4URC   ( 3576): [NDK] [SYSCALL] [access] [PATH][string] [/data/data/com.dfekrfriogtlktrlafretg.fioregtkgtjgkltlht.mx/databases/TestinAgent.db-journal]
D/S4URC   ( 3576): [NDK] [SYSCALL] [stat] [PATH][string] [/data/data/com.dfekrfriogtlktrlafretg.fioregtkgtjgkltlht.mx/databases/TestinAgent.db-journal]
D/S4URC   ( 3576): [NDK] [SYSCALL] [stat] [PATH][string] [/data/data/com.dfekrfriogtlktrlafretg.fioregtkgtjgkltlht.mx/databases/TestinAgent.db]
D/S4URC   ( 3576): [NDK] [SYSCALL] [open] [PATH][string] [/data/data/com.dfekrfriogtlktrlafretg.fioregtkgtjgkltlht.mx/databases/TestinAgent.db-journal] [RETURN][int] [139]
D/S4URC   ( 3576): [NDK] [SYSCALL] [access] [PATH][string] [/data/data/com.dfekrfriogtlktrlafretg.fioregtkgtjgkltlht.mx/databases/TestinAgent.db-wal]
D/S4URC   ( 3576): [SDK] [java.io.File] [getPath] [FilePath][String] [/data/data/com.dfekrfriogtlktrlafretg.fioregtkgtjgkltlht.mx/databases/TestinAgent.db]
D/S4URC   ( 3576): [NDK] [SYSCALL] [chmod] [PATH][string] [/data/data/com.dfekrfriogtlktrlafretg.fioregtkgtjgkltlht.mx/databases/TestinAgent.db] [MODE][int] [0660]
D/S4URC   ( 3576): [NDK] [SYSCALL] [access] [PATH][string] [/data/data/com.dfekrfriogtlktrlafretg.fioregtkgtjgkltlht.mx/databases/TestinAgent.db-journal]
D/S4URC   ( 3576): [NDK] [SYSCALL] [stat] [PATH][string] [/data/data/com.dfekrfriogtlktrlafretg.fioregtkgtjgkltlht.mx/databases/TestinAgent.db-journal]
D/S4URC   ( 3576): [NDK] [SYSCALL] [stat] [PATH][string] [/data/data/com.dfekrfriogtlktrlafretg.fioregtkgtjgkltlht.mx/databases/TestinAgent.db]
D/S4URC   ( 3576): [NDK] [SYSCALL] [open] [PATH][string] [/data/data/com.dfekrfriogtlktrlafretg.fioregtkgtjgkltlht.mx/databases/TestinAgent.db-journal] [RETURN][int] [139]
D/S4URC   ( 3576): [NDK] [SYSCALL] [access] [PATH][string] [/data/data/com.dfekrfriogtlktrlafretg.fioregtkgtjgkltlht.mx/databases/TestinAgent.db-wal]
D/S4URC   ( 3576): [NDK] [SYSCALL] [access] [PATH][string] [/data/data/com.dfekrfriogtlktrlafretg.fioregtkgtjgkltlht.mx/databases/TestinAgent.db-journal]
D/S4URC   ( 3576): [NDK] [SYSCALL] [stat] [PATH][string] [/data/data/com.dfekrfriogtlktrlafretg.fioregtkgtjgkltlht.mx/databases/TestinAgent.db-journal]
D/S4URC   ( 3576): [NDK] [SYSCALL] [stat] [PATH][string] [/data/data/com.dfekrfriogtlktrlafretg.fioregtkgtjgkltlht.mx/databases/TestinAgent.db]
D/S4URC   ( 3576): [NDK] [SYSCALL] [open] [PATH][string] [/data/data/com.dfekrfriogtlktrlafretg.fioregtkgtjgkltlht.mx/databases/TestinAgent.db-journal] [RETURN][int] [140]
D/S4URC   ( 3576): [NDK] [SYSCALL] [access] [PATH][string] [/data/data/com.dfekrfriogtlktrlafretg.fioregtkgtjgkltlht.mx/databases/TestinAgent.db-wal]
D/S4URC   ( 3576): [SDK] [android.content.ContextWrapper][getSharedPreferences] [File][TestinCrash.xml] [MODE][MODE_PRIVATE]
D/S4URC   ( 3576): [SDK] [android.content.ContextWrapper][getSharedPreferences] [File][TestinCrash.xml] [MODE][MODE_PRIVATE] [Method][getInt] [Int][maxCrashAnnalNum] [Return][10]
D/S4URC   ( 3576): [SDK] [android.telephony.TelephonyManager] [getSubscriberId]
D/S4URC   ( 3576): [NDK] [SYSCALL] [access] [PATH][string] [/data/data/com.dfekrfriogtlktrlafretg.fioregtkgtjgkltlht.mx/databases/TestinAgent.db-journal]
D/S4URC   ( 3576): [NDK] [SYSCALL] [stat] [PATH][string] [/data/data/com.dfekrfriogtlktrlafretg.fioregtkgtjgkltlht.mx/databases/TestinAgent.db-journal]
D/S4URC   ( 3576): [NDK] [SYSCALL] [stat] [PATH][string] [/data/data/com.dfekrfriogtlktrlafretg.fioregtkgtjgkltlht.mx/databases/TestinAgent.db]
D/S4URC   ( 3576): [NDK] [SYSCALL] [open] [PATH][string] [/data/data/com.dfekrfriogtlktrlafretg.fioregtkgtjgkltlht.mx/databases/TestinAgent.db-journal] [RETURN][int] [140]
D/S4URC   ( 3576): [NDK] [SYSCALL] [access] [PATH][string] [/data/data/com.dfekrfriogtlktrlafretg.fioregtkgtjgkltlht.mx/databases/TestinAgent.db-wal]
D/S4URC   ( 3576): [NDK] [SYSCALL] [stat] [PATH][string] [/data/data/com.dfekrfriogtlktrlafretg.fioregtkgtjgkltlht.mx/databases/TestinAgent.db]
D/S4URC   ( 3576): [NDK] [SYSCALL] [open] [PATH][string] [/data/data/com.dfekrfriogtlktrlafretg.fioregtkgtjgkltlht.mx/databases/TestinAgent.db-journal] [RETURN][int] [140]
D/S4URC   ( 3576): [SDK] [android.telephony.TelephonyManager] [getSubscriberId]
D/S4URC   ( 3576): [NDK] [SYSCALL] [open] [PATH][string] [/data/data/com.dfekrfriogtlktrlafretg.fioregtkgtjgkltlht.mx/databases] [RETURN][int] [141]
D/S4URC   ( 3576): [SDK] [android.telephony.TelephonyManager] [getSubscriberId]
D/S4URC   ( 3576): [SDK] [java.lang.Class] [forName] [FindClass][String] [android.telephony.MSimTelephonyManager]
D/S4URC   ( 3576): [SDK] [java.lang.Class] [forName] [FindClass][String] [com.android.internal.telephony.Phone]
D/S4URC   ( 3576): [SDK] [java.lang.Class] [forName] [FindClass][String] [com.android.internal.telephony.PhoneFactory]
D/S4URC   ( 3576): [SDK] [android.telephony.TelephonyManager] [getSubscriberId]
D/S4URC   ( 3576): [SDK] [java.lang.Class] [forName] [FindClass][String] [android.telephony.MSimTelephonyManager]
D/S4URC   ( 3576): [SDK] [java.lang.Class] [forName] [FindClass][String] [com.android.internal.telephony.Phone]
D/S4URC   ( 3576): [SDK] [java.lang.Class] [forName] [FindClass][String] [com.android.internal.telephony.PhoneFactory]
D/S4URC   ( 3576): [SDK] [java.lang.Class] [forName] [FindClass][String] [android.telephony.MSimTelephonyManager]
D/S4URC   ( 3576): [SDK] [android.telephony.TelephonyManager] [getSubscriberId]
D/S4URC   ( 3576): [SDK] [java.lang.Class] [forName] [FindClass][String] [com.android.internal.telephony.Phone]
D/S4URC   ( 3576): [SDK] [java.lang.Class] [forName] [FindClass][String] [com.android.internal.telephony.PhoneFactory]
D/S4URC   ( 3576): [SDK] [android.telephony.TelephonyManager] [getSubscriberId]
D/S4URC   ( 3576): [SDK] [java.lang.Class] [forName] [FindClass][String] [android.telephony.MSimTelephonyManager]
D/S4URC   ( 3576): [SDK] [java.lang.Class] [forName] [FindClass][String] [com.android.internal.telephony.Phone]
D/S4URC   ( 3576): [SDK] [android.database.sqlite.SQLiteDatabase] [insert] [Table][String] [crashtable]
D/S4URC   ( 3576): [SDK] [java.lang.Class] [forName] [FindClass][String] [com.android.internal.telephony.Phone]
D/S4URC   ( 3576): [SDK] [java.lang.Class] [forName] [FindClass][String] [com.android.internal.telephony.PhoneFactory]
D/S4URC   ( 3576): [NDK] [SYSCALL] [stat] [PATH][string] [/data/data/com.dfekrfriogtlktrlafretg.fioregtkgtjgkltlht.mx/databases/TestinAgent.db]
D/S4URC   ( 3576): [SDK] [android.telephony.TelephonyManager] [getSubscriberId]
D/S4URC   ( 3576): [SDK] [java.lang.Class] [forName] [FindClass][String] [android.telephony.MSimTelephonyManager]
D/S4URC   ( 3576): [NDK] [SYSCALL] [socket] [TYPE][string] [TCP]
D/S4URC   ( 3576): [SDK] [java.lang.Class] [forName] [FindClass][String] [com.android.internal.telephony.Phone]
D/S4URC   ( 3576): [SDK] [java.lang.Class] [forName] [FindClass][String] [com.android.internal.telephony.PhoneFactory]
D/S4URC   ( 3576): [SDK] [android.telephony.TelephonyManager] [getSubscriberId]
D/S4URC   ( 3576): [SDK] [java.io.File] [listFiles] [FilePath][String] [/data/data/com.dfekrfriogtlktrlafretg.fioregtkgtjgkltlht.mx/files/.um]
D/S4URC   ( 3576): [SDK] [android.content.ContextWrapper][getSharedPreferences] [File][umeng_general_config.xml] [MODE][MODE_PRIVATE]
D/S4URC   ( 3576): [SDK] [java.io.File] [list] [FilePath][String] [/data/data/com.dfekrfriogtlktrlafretg.fioregtkgtjgkltlht.mx/files/.um]
