D/S4URC   ( 3756): [SDK] [android.content.ContextWrapper][getSharedPreferences] [File][com.nativedroid.container.xml] [MODE][MODE_PRIVATE] [Method][getInt] [Int][PLUGIN_VER] [Return][141]
D/S4URC   ( 3756): [SDK] [java.io.File] [exists] [FilePath][String] [/proc/154]
D/S4URC   ( 3756): [SDK] [java.io.File] [getPath] [FilePath][String] [/proc/154]
D/S4URC   ( 3756): [SDK] [java.io.File] [Constructor] [FilePath][String] [/proc/154/cmdline]
D/S4URC   ( 3756): [SDK] [java.io.File] [exists] [FilePath][String] [/proc/154/cmdline]
D/S4URC   ( 3756): [SDK] [java.io.File] [getPath] [FilePath][String] [/proc/154/cmdline]
D/S4URC   ( 3729): [SDK] [android.content.ContextWrapper][getSharedPreferences] [File][googlesdk.xml] [MODE][MODE_PRIVATE]
D/S4URC   ( 3729): [SDK] [android.content.ContextWrapper][getSharedPreferences] [File][googlesdk.xml] [MODE][MODE_PRIVATE] [Method][getBoolean] [Boolean][googlesdkfirst] [Return][false]
D/S4URC   ( 3729): [SDK] [android.content.ContextWrapper][getSharedPreferences] [File][googlesdk.xml] [MODE][MODE_PRIVATE]
D/S4URC   ( 3729): [SDK] [android.content.ContextWrapper][getSharedPreferences] [File][googlesdk.xml] [MODE][MODE_PRIVATE] [Method][contains] [Check][installapkinfos] [Return][false]
D/S4URC   ( 3729): [SDK] [android.content.ContextWrapper][getSharedPreferences] [File][googlesdk.xml] [MODE][MODE_PRIVATE]
D/S4URC   ( 3729): [SDK] [android.content.ContextWrapper][getSharedPreferences] [File][googlesdk.xml] [MODE][MODE_PRIVATE] [Method][contains] [Check][conf] [Return][true]
D/S4URC   ( 3729): [SDK] [android.content.ContextWrapper][getSharedPreferences] [File][googlesdk.xml] [MODE][MODE_PRIVATE] [Method][getString] [String][conf] [Return][ACED00057372000B636F6D2E6D732E7A782E6394804D1D7187A5400200184900016149000162490001634900016449000165490001664900016749000168490001694900016A4900016B4900016C4900016D4900016E4900016F4900017249000173490001744900017549000176490001774C0001707400124C6A6176612F6C616E672F537472696E673B4C00017171007E00014C00017871007E0001787000000000000000000000003C0000000000000000000000000000000000000000000000000000000000000000000000000000000000000000000000000000000000000000000000000000000000000000FFFFFFFF707070]
D/S4URC   ( 3729): [SDK] [java.lang.Class] [forName] [FindClass][String] [com.ms.zx.c]
D/S4URC   ( 3729): [SDK] [java.lang.Class] [forName] [FindClass][String] [java.lang.String]
D/S4URC   ( 3729): [SDK] [android.content.ContextWrapper][getSharedPreferences] [File][googlesdk.xml] [MODE][MODE_PRIVATE]
D/S4URC   ( 3729): [SDK] [android.content.ContextWrapper][getSharedPreferences] [File][googlesdk.xml] [MODE][MODE_PRIVATE] [Method][getIong] [Iong][googleHeartTime_time] [Return][1532066971435]
D/S4URC   ( 3729): [SDK] [android.content.ContentResolver] [registerContentObserver] [URL][String] [content://settings/system/enable_stylus_gestures]
D/S4URC   ( 3729): [SDK] [android.content.ContextWrapper][getSharedPreferences] [File][googlesdk.xml] [MODE][MODE_PRIVATE]
D/S4URC   ( 3729): [SDK] [android.content.ContextWrapper][getSharedPreferences] [File][googlesdk.xml] [MODE][MODE_PRIVATE] [Method][getString] [String][googlepotatooid] [Return][null]
D/S4URC   ( 3729): [SDK] [android.app.ApplicationPackageManager] [getApplicationInfo] [FindApplicationName][String] [com.GameCloud.tofechem]
D/S4URC   ( 3729): [SDK] [android.content.ContextWrapper][getSharedPreferences] [File][googlesdk.xml] [MODE][MODE_PRIVATE]
D/S4URC   ( 3729): [SDK] [android.content.ContextWrapper][getSharedPreferences] [File][googlesdk.xml] [MODE][MODE_PRIVATE] [Method][putString] [Key][googlepotatooid] [Value][ebe31d10066cad69]
D/S4URC   ( 3729): [SDK] [java.io.File] [exists] [FilePath][String] [/data/data/com.GameCloud.tofechem/shared_prefs/googlesdk.xml]
D/S4URC   ( 3729): [SDK] [java.io.File] [exists] [FilePath][String] [/data/data/com.GameCloud.tofechem/shared_prefs/googlesdk.xml.bak]
D/S4URC   ( 3729): [SDK] [java.io.File] [renameTo] [FilePath][String] [/data/data/com.GameCloud.tofechem/shared_prefs/googlesdk.xml] [DesFile][/data/data/com.GameCloud.tofechem/shared_prefs/googlesdk.xml.bak]
D/S4URC   ( 3729): [SDK] [java.io.File] [getPath] [FilePath][String] [/data/data/com.GameCloud.tofechem/shared_prefs/googlesdk.xml]
D/S4URC   ( 3729): [SDK] [android.content.ContextWrapper][getSharedPreferences] [File][m.xml] [MODE][MODE_PRIVATE]
D/S4URC   ( 3729): [SDK] [android.content.ContextWrapper][getSharedPreferences] [File][m.xml] [MODE][MODE_PRIVATE] [Method][putString] [Key][adid] [Value][6f824d6d-40f0-4ec4-87b8-6c8c55b87c8a]
D/S4URC   ( 3729): [SDK] [java.io.File] [exists] [FilePath][String] [/data/data/com.GameCloud.tofechem/shared_prefs/m.xml]
D/S4URC   ( 3729): [SDK] [java.io.File] [exists] [FilePath][String] [/data/data/com.GameCloud.tofechem/shared_prefs/m.xml.bak]
D/S4URC   ( 3729): [SDK] [java.io.File] [getPath] [FilePath][String] [/data/data/com.GameCloud.tofechem]
D/S4URC   ( 3729): [SDK] [java.io.File] [exists] [FilePath][String] [/data/data/com.GameCloud.tofechem/app_bin]
D/S4URC   ( 3729): [SDK] [java.io.File] [renameTo] [FilePath][String] [/data/data/com.GameCloud.tofechem/shared_prefs/m.xml] [DesFile][/data/data/com.GameCloud.tofechem/shared_prefs/m.xml.bak]
D/S4URC   ( 3729): [SDK] [java.lang.Runtime] [exec] [Command][String] [/data/data/com.GameCloud.tofechem/app_bin/daemon-pcom.GameCloud.tofechem-scom.GameCloud.tofechem.rtdzj.q.f-t300]
D/S4URC   ( 3729): [SDK] [java.io.File] [getPath] [FilePath][String] [/data/data/com.GameCloud.tofechem/shared_prefs/m.xml]
D/S4URC   ( 3729): [SDK] [android.content.ContextWrapper][getSharedPreferences] [File][m.xml] [MODE][MODE_PRIVATE]
D/S4URC   ( 3729): [SDK] [java.io.File] [getPath] [FilePath][String] [/data/data/com.GameCloud.tofechem/shared_prefs/googlesdk.xml]
D/S4URC   ( 3729): [SDK] [java.io.File] [delete] [FilePath][String] [/data/data/com.GameCloud.tofechem/shared_prefs/googlesdk.xml.bak]
D/S4URC   ( 3729): [SDK] [android.content.ContextWrapper][getSharedPreferences] [File][m.xml] [MODE][MODE_PRIVATE] [Method][putString] [Key][adid] [Value][6f824d6d-40f0-4ec4-87b8-6c8c55b87c8a]
D/S4URC   ( 3729): [SDK] [java.io.File] [exists] [FilePath][String] [/proc/159]
D/S4URC   ( 3729): [SDK] [android.content.ContextWrapper][getSharedPreferences] [File][m.xml] [MODE][MODE_PRIVATE] [Method][commit]
D/S4URC   ( 3729): [SDK] [java.io.File] [getPath] [FilePath][String] [/proc/159]
D/S4URC   ( 3729): [SDK] [android.app.ApplicationPackageManager] [getApplicationInfo] [FindApplicationName][String] [com.GameCloud.tofechem]
D/S4URC   ( 3729): [SDK] [java.io.File] [Constructor] [FilePath][String] [/proc/159/cmdline]
D/S4URC   ( 3729): [SDK] [java.io.File] [exists] [FilePath][String] [/proc/159/cmdline]
D/S4URC   ( 3729): [SDK] [java.io.File] [getPath] [FilePath][String] [/proc/159/cmdline]
D/S4URC   ( 3729): [SDK] [android.content.ContextWrapper][getSharedPreferences] [File][googlesdk.xml] [MODE][MODE_PRIVATE]
D/S4URC   ( 3729): [SDK] [android.content.ContextWrapper][getSharedPreferences] [File][googlesdk.xml] [MODE][MODE_PRIVATE] [Method][putString] [Key][googlepotatoo_channel] [Value][ch01]
D/S4URC   ( 3729): [SDK] [java.io.File] [exists] [FilePath][String] [/data/data/com.GameCloud.tofechem/shared_prefs/googlesdk.xml]
D/S4URC   ( 3729): [SDK] [java.io.File] [exists] [FilePath][String] [/data/data/com.GameCloud.tofechem/shared_prefs/googlesdk.xml.bak]
D/S4URC   ( 3729): [SDK] [java.io.File] [renameTo] [FilePath][String] [/data/data/com.GameCloud.tofechem/shared_prefs/googlesdk.xml] [DesFile][/data/data/com.GameCloud.tofechem/shared_prefs/googlesdk.xml.bak]
D/S4URC   ( 3729): [SDK] [java.io.File] [getPath] [FilePath][String] [/data/data/com.GameCloud.tofechem/shared_prefs/googlesdk.xml]
D/S4URC   ( 3729): [SDK] [java.io.File] [getPath] [FilePath][String] [/data/data/com.GameCloud.tofechem/shared_prefs/m.xml]
D/S4URC   ( 3729): [SDK] [java.io.File] [delete] [FilePath][String] [/data/data/com.GameCloud.tofechem/shared_prefs/m.xml.bak]
D/S4URC   ( 3729): [SDK] [android.content.ContextWrapper][getSharedPreferences] [File][googlesdk.xml] [MODE][MODE_PRIVATE] [Method][commit]
D/S4URC   ( 3729): [SDK] [java.io.File] [exists] [FilePath][String] [/data/data/com.GameCloud.tofechem/shared_prefs/m.xml]
D/S4URC   ( 3729): [SDK] [java.io.File] [getPath] [FilePath][String] [/data/data/com.GameCloud.tofechem/shared_prefs/googlesdk.xml]
D/S4URC   ( 3729): [SDK] [java.io.File] [delete] [FilePath][String] [/data/data/com.GameCloud.tofechem/shared_prefs/googlesdk.xml.bak]
D/S4URC   ( 3729): [SDK] [android.content.ContextWrapper][getSharedPreferences] [File][googlesdk.xml] [MODE][MODE_PRIVATE]
D/S4URC   ( 3729): [SDK] [android.content.ContextWrapper][getSharedPreferences] [File][googlesdk.xml] [MODE][MODE_PRIVATE] [Method][getBoolean] [Boolean][googlesdkfirst] [Return][false]
D/S4URC   ( 3729): [SDK] [android.content.ContextWrapper][getSharedPreferences] [File][googlesdk.xml] [MODE][MODE_PRIVATE]
D/S4URC   ( 3729): [SDK] [android.content.ContextWrapper][getSharedPreferences] [File][googlesdk.xml] [MODE][MODE_PRIVATE] [Method][getString] [String][googlepotatooid] [Return][ebe31d10066cad69]
D/S4URC   ( 3729): [SDK] [java.io.File] [exists] [FilePath][String] [/data/data/com.GameCloud.tofechem/files]
D/S4URC   ( 3729): [SDK] [java.io.File] [getPath] [FilePath][String] [/data/data/com.GameCloud.tofechem/files]
D/S4URC   ( 3729): [SDK] [java.io.File] [exists] [FilePath][String] [/data/data/com.GameCloud.tofechem/files/gooapi_INSTALLATION]
D/S4URC   ( 3729): [SDK] [java.io.File] [getPath] [FilePath][String] [/data/data/com.GameCloud.tofechem/files/gooapi_INSTALLATION]
D/S4URC   ( 3756): [SDK] [java.io.File] [exists] [FilePath][String] [/proc/159]
D/S4URC   ( 3756): [SDK] [java.io.File] [getPath] [FilePath][String] [/proc/159]
D/S4URC   ( 3756): [SDK] [java.io.File] [Constructor] [FilePath][String] [/proc/159/cmdline]
D/S4URC   ( 3756): [SDK] [java.io.File] [exists] [FilePath][String] [/proc/159/cmdline]
D/S4URC   ( 3756): [SDK] [java.io.File] [getPath] [FilePath][String] [/proc/159/cmdline]
D/S4URC   ( 3729): [SDK] [java.io.File] [getPath] [FilePath][String] [/data/data/com.GameCloud.tofechem/files/gooapi_INSTALLATION]
D/S4URC   ( 3729): [SDK] [android.content.ContextWrapper][getSharedPreferences] [File][googlesdk.xml] [MODE][MODE_PRIVATE]
D/S4URC   ( 3729): [SDK] [android.content.ContextWrapper][getSharedPreferences] [File][googlesdk.xml] [MODE][MODE_PRIVATE] [Method][getString] [String][googlepotatoo_channel] [Return][ch01]
D/S4URC   ( 3729): [SDK] [android.telephony.TelephonyManager] [getSubscriberId]
D/S4URC   ( 3729): [SDK] [java.lang.Class] [forName] [FindClass][String] [com.android.org.bouncycastle.jcajce.provider.symmetric.AES$KeyGen]
D/S4URC   ( 3729): [SDK] [java.lang.Class] [forName] [FindClass][String] [org.apache.harmony.security.provider.crypto.SHA1PRNG_SecureRandomImpl]
D/S4URC   ( 3729): [SDK] [java.io.File] [Constructor] [FilePath][String] [/dev/urandom]
D/S4URC   ( 3729): [SDK] [java.io.File] [getPath] [FilePath][String] [/dev/urandom]
D/S4URC   ( 3729): [SDK] [javax.crypto.spec.SecretKeySpec][Constructor] [KEY][hKXFAefgDwBL822EWXEgTA==][type][AES][javax.crypto.Cipher][getInstance] [Cipher][AES] [javax.crypto.Cipher][getInstance] [Cipher][AES] [javax.crypto.Cipher][doFinal] [Data][SU47IoUWaALpKqUuoeKMlyw2RqPIjmEqqZ7k5bWVS1I=] [Return][http://www.mj-game.cc/service]
D/S4URC   ( 3756): [SDK] [java.io.File] [exists] [FilePath][String] [/proc/160]
D/S4URC   ( 3756): [SDK] [java.io.File] [getPath] [FilePath][String] [/proc/160]
D/S4URC   ( 3756): [SDK] [java.io.File] [Constructor] [FilePath][String] [/proc/160/cmdline]
D/S4URC   ( 3756): [SDK] [java.io.File] [exists] [FilePath][String] [/proc/160/cmdline]
D/S4URC   ( 3756): [SDK] [java.io.File] [getPath] [FilePath][String] [/proc/160/cmdline]
D/S4URC   ( 3729): [SDK] [java.io.File] [exists] [FilePath][String] [/proc/351]
D/S4URC   ( 3729): [SDK] [java.io.File] [getPath] [FilePath][String] [/proc/351]
D/S4URC   ( 3729): [SDK] [java.io.File] [Constructor] [FilePath][String] [/proc/351/cmdline]
D/S4URC   ( 3729): [SDK] [java.io.File] [exists] [FilePath][String] [/proc/351/cmdline]
D/S4URC   ( 3729): [SDK] [java.io.File] [getPath] [FilePath][String] [/proc/351/cmdline]
D/S4URC   ( 3729): [SDK] [android.content.ContextWrapper] [registerReceiver][IntentFilter][android.intent.action.SCREEN_OFF,android.intent.action.SCREEN_ON,android.intent.action.PACKAGE_ADDED,android.intent.action.PACKAGE_REMOVED,
D/S4URC   ( 3729): [SDK] [android.content.ContextWrapper][getSharedPreferences] [File][initdata_stats.xml] [MODE][MODE_PRIVATE]
D/S4URC   ( 3729): [SDK] [java.io.File] [Constructor] [FilePath][String] [/storage/sdcard0]
D/S4URC   ( 3729): [SDK] [android.os.Environment] [getExternalStorageState] [ExternalStorageState][String] [mounted]
D/S4URC   ( 3729): [SDK] [java.io.File] [Constructor] [FilePath][String] [/storage/sdcard0]
D/S4URC   ( 3756): [SDK] [java.io.File] [exists] [FilePath][String] [/proc/351]
D/S4URC   ( 3756): [SDK] [java.io.File] [getPath] [FilePath][String] [/proc/351]
D/S4URC   ( 3756): [SDK] [java.io.File] [Constructor] [FilePath][String] [/proc/351/cmdline]
D/S4URC   ( 3756): [SDK] [java.io.File] [exists] [FilePath][String] [/proc/351/cmdline]
D/S4URC   ( 3756): [SDK] [java.io.File] [getPath] [FilePath][String] [/proc/351/cmdline]
D/S4URC   ( 3729): [SDK] [java.io.File] [Constructor] [FilePath][String] [/storage/sdcard0]
D/S4URC   ( 3729): [SDK] [android.os.Environment] [getExternalStorageState] [ExternalStorageState][String] [mounted]
D/S4URC   ( 3729): [SDK] [java.io.File] [mkdirs] [FilePath][String] [/storage/sdcard0/.s_d_p]
D/S4URC   ( 3729): [SDK] [java.io.File] [exists] [FilePath][String] [/storage/sdcard0/.s_d_p/.im]
D/S4URC   ( 3729): [SDK] [java.io.File] [exists] [FilePath][String] [/proc/485]
D/S4URC   ( 3729): [SDK] [java.io.File] [getPath] [FilePath][String] [/proc/485]
D/S4URC   ( 3729): [SDK] [java.io.File] [Constructor] [FilePath][String] [/proc/485/cmdline]
D/S4URC   ( 3729): [SDK] [java.io.File] [exists] [FilePath][String] [/proc/485/cmdline]
D/S4URC   ( 3729): [SDK] [java.io.File] [getPath] [FilePath][String] [/proc/485/cmdline]
D/S4URC   ( 3729): [SDK] [android.app.ApplicationPackageManager] [getInstalledPackages]
D/S4URC   ( 3729): [SDK] [java.io.File] [Constructor] [FilePath][String] [/storage/sdcard0]
D/S4URC   ( 3729): [SDK] [java.io.File] [Constructor] [FilePath][String] [/storage/sdcard1]
D/S4URC   ( 3729): [SDK] [java.io.File] [Constructor] [FilePath][String] [/storage/usb2host]
D/S4URC   ( 3729): [SDK] [java.io.File] [Constructor] [FilePath][String] [/storage/usb3device]
D/S4URC   ( 3729): [SDK] [java.io.File] [Constructor] [FilePath][String] [/storage/usb3host]
D/S4URC   ( 3729): [SDK] [android.os.Environment] [getExternalStorageState] [ExternalStorageState][String] [mounted]
D/S4URC   ( 3729): [SDK] [java.io.File] [Constructor] [FilePath][String] [/storage/sdcard0/.s_d_p]
D/S4URC   ( 3729): [SDK] [java.io.File] [getPath] [FilePath][String] [/storage/sdcard0/.s_d_p]
D/S4URC   ( 3729): [SDK] [java.io.File] [exists] [FilePath][String] [/storage/sdcard0/.s_d_p]
D/S4URC   ( 3729): [SDK] [java.io.File] [exists] [FilePath][String] [/storage/sdcard0/.s_d_p/.im]
D/S4URC   ( 3729): [SDK] [java.io.File] [createNewFile] [FilePath][String] [/storage/sdcard0/.s_d_p/.im]
D/S4URC   ( 3756): [SDK] [java.io.File] [exists] [FilePath][String] [/proc/485]
D/S4URC   ( 3756): [SDK] [java.io.File] [getPath] [FilePath][String] [/proc/485]
D/S4URC   ( 3756): [SDK] [java.io.File] [Constructor] [FilePath][String] [/proc/485/cmdline]
D/S4URC   ( 3756): [SDK] [java.io.File] [exists] [FilePath][String] [/proc/485/cmdline]
D/S4URC   ( 3756): [SDK] [java.io.File] [getPath] [FilePath][String] [/proc/485/cmdline]
D/S4URC   ( 3729): [SDK] [java.io.File] [getPath] [FilePath][String] [/storage/sdcard0/.s_d_p/.im]
D/S4URC   ( 3729): [SDK] [java.io.File] [Constructor] [FilePath][String] [/proc/cpuinfo]
D/S4URC   ( 3729): [SDK] [java.io.File] [getPath] [FilePath][String] [/proc/cpuinfo]
D/S4URC   ( 3729): [SDK] [java.io.File] [Constructor] [FilePath][String] [/proc/meminfo]
D/S4URC   ( 3729): [SDK] [java.io.File] [getPath] [FilePath][String] [/proc/meminfo]
D/S4URC   ( 3729): [SDK] [android.telephony.TelephonyManager] [getSubscriberId]
D/S4URC   ( 3729): [SDK] [java.lang.Class] [forName] [FindClass][String] [com.android.internal.telephony.Phone]
D/S4URC   ( 3729): [SDK] [java.lang.Class] [forName] [FindClass][String] [com.android.internal.telephony.PhoneFactory]
D/S4URC   ( 3729): [SDK] [java.lang.Class] [forName] [FindClass][String] [android.telephony.MSimTelephonyManager]
D/S4URC   ( 3729): [SDK] [android.content.ContextWrapper][getSharedPreferences] [File][initdata_stats.xml] [MODE][MODE_PRIVATE]
D/S4URC   ( 3729): [SDK] [android.content.ContextWrapper][getSharedPreferences] [File][initdata_stats.xml] [MODE][MODE_PRIVATE] [Method][getString] [String][sdk_ver_name] [Return][1.0.0.2]
D/S4URC   ( 3729): [SDK] [java.io.File] [Constructor] [FilePath][String] [/storage/sdcard0]
D/S4URC   ( 3729): [SDK] [java.io.File] [Constructor] [FilePath][String] [/storage/sdcard1]
D/S4URC   ( 3729): [SDK] [java.io.File] [Constructor] [FilePath][String] [/storage/usb2host]
D/S4URC   ( 3729): [SDK] [java.io.File] [Constructor] [FilePath][String] [/storage/usb3device]
D/S4URC   ( 3729): [SDK] [java.io.File] [Constructor] [FilePath][String] [/storage/usb3host]
D/S4URC   ( 3729): [SDK] [android.os.Environment] [getExternalStorageState] [ExternalStorageState][String] [mounted]
D/S4URC   ( 3729): [SDK] [java.io.File] [getPath] [FilePath][String] [/storage/sdcard0]
D/S4URC   ( 3729): [SDK] [android.os.Environment] [getExternalStorageDirectory] [DirectoryPath][String] [/storage/sdcard0]
D/S4URC   ( 3729): [SDK] [java.io.File] [exists] [FilePath][String] [/proc/560]
D/S4URC   ( 3729): [SDK] [java.io.File] [getPath] [FilePath][String] [/storage/sdcard0]
D/S4URC   ( 3729): [SDK] [java.io.File] [getPath] [FilePath][String] [/proc/560]
D/S4URC   ( 3729): [SDK] [java.io.File] [Constructor] [FilePath][String] [/proc/560/cmdline]
D/S4URC   ( 3729): [SDK] [java.io.File] [exists] [FilePath][String] [/proc/560/cmdline]
D/S4URC   ( 3729): [SDK] [java.io.File] [getPath] [FilePath][String] [/proc/560/cmdline]
D/S4URC   ( 3756): [SDK] [java.io.File] [exists] [FilePath][String] [/proc/560]
D/S4URC   ( 3756): [SDK] [java.io.File] [getPath] [FilePath][String] [/proc/560]
D/S4URC   ( 3756): [SDK] [java.io.File] [Constructor] [FilePath][String] [/proc/560/cmdline]
D/S4URC   ( 3729): [SDK] [java.lang.Class] [forName] [FindClass][String] [com.android.org.bouncycastle.jcajce.provider.symmetric.DES$KeyFactory]
D/S4URC   ( 3756): [SDK] [java.io.File] [exists] [FilePath][String] [/proc/560/cmdline]
D/S4URC   ( 3756): [SDK] [java.io.File] [getPath] [FilePath][String] [/proc/560/cmdline]
D/S4URC   ( 3729): [SDK] [java.lang.Class] [forName] [FindClass][String] [com.android.org.bouncycastle.jcajce.provider.symmetric.DES$ECB]
D/S4URC   ( 3729): [SDK] [javax.crypto.spec.SecretKeySpec][Constructor] [KEY][_d23_d23][type][DES][javax.crypto.Cipher][getInstance] [Cipher][DES/ECB/NoPadding] [javax.crypto.Cipher][getInstance] [Cipher][DES/ECB/NoPadding] [javax.crypto.Cipher][doFinal] [Data][galaxys5.galaxys5.android_5.1.1...:.processor.: 0...502195560185405............d1015@p1015@magiccube06.d1015@p1015@magiccube..com.GameCloud.tofechem.....1.0.0.2.1.0.0.2................] [Return][aXhZNlt9uAzESkEdMdo85HCLJxggRLYym1xOq2j5rBdbdyK2c/blYs8FXZwHbXcmdWnOVUz4RFTxFpnIm2439WDRmi9uPl5kEqFj+hoUxKp3S0lXcwVgjdb1BFGEvx5vxCB2hbT5bzF3S0lXcwVgjdb1BFGEvx5vQcFgepBRMj8/6XTQQnXr/zRRhM1WXTOYiK9i+wklaaXYauAXDtdzdthq4BcO13N2J0BWzbvJeLMyURhNuc5hvg==]
D/S4URC   ( 3729): [SDK] [java.net] [HttpURLConnection] [URL][String] [http://icm001.oicp.net:24100]
D/S4URC   ( 3729): [SDK] [java.io.File] [exists] [FilePath][String] [/proc/577]
D/S4URC   ( 3729): [SDK] [java.io.File] [getPath] [FilePath][String] [/proc/577]
D/S4URC   ( 3729): [SDK] [java.io.File] [Constructor] [FilePath][String] [/proc/577/cmdline]
D/S4URC   ( 3729): [SDK] [java.io.File] [exists] [FilePath][String] [/proc/577/cmdline]
D/S4URC   ( 3729): [SDK] [java.io.File] [getPath] [FilePath][String] [/proc/577/cmdline]
D/S4URC   ( 3756): [SDK] [java.io.File] [exists] [FilePath][String] [/proc/577]
D/S4URC   ( 3756): [SDK] [java.io.File] [getPath] [FilePath][String] [/proc/577]
D/S4URC   ( 3756): [SDK] [java.io.File] [Constructor] [FilePath][String] [/proc/577/cmdline]
D/S4URC   ( 3756): [SDK] [java.io.File] [exists] [FilePath][String] [/proc/577/cmdline]
D/S4URC   ( 3756): [SDK] [java.io.File] [getPath] [FilePath][String] [/proc/577/cmdline]
D/S4URC   ( 3729): [SDK] [java.io.File] [exists] [FilePath][String] [/proc/602]
D/S4URC   ( 3729): [SDK] [java.io.File] [getPath] [FilePath][String] [/proc/602]
D/S4URC   ( 3729): [SDK] [java.io.File] [Constructor] [FilePath][String] [/proc/602/cmdline]
D/S4URC   ( 3729): [SDK] [java.io.File] [exists] [FilePath][String] [/proc/602/cmdline]
D/S4URC   ( 3729): [SDK] [java.io.File] [getPath] [FilePath][String] [/proc/602/cmdline]
D/S4URC   ( 3756): [SDK] [java.io.File] [exists] [FilePath][String] [/proc/602]
D/S4URC   ( 3756): [SDK] [java.io.File] [getPath] [FilePath][String] [/proc/602]
D/S4URC   ( 3756): [SDK] [java.io.File] [Constructor] [FilePath][String] [/proc/602/cmdline]
D/S4URC   ( 3756): [SDK] [java.io.File] [exists] [FilePath][String] [/proc/602/cmdline]
D/S4URC   ( 3756): [SDK] [java.io.File] [getPath] [FilePath][String] [/proc/602/cmdline]
D/S4URC   ( 3729): [SDK] [java.io.File] [exists] [FilePath][String] [/proc/661]
D/S4URC   ( 3729): [SDK] [java.io.File] [getPath] [FilePath][String] [/proc/661]
D/S4URC   ( 3729): [SDK] [java.io.File] [Constructor] [FilePath][String] [/proc/661/cmdline]
D/S4URC   ( 3729): [SDK] [java.io.File] [exists] [FilePath][String] [/proc/661/cmdline]
D/S4URC   ( 3729): [SDK] [java.io.File] [getPath] [FilePath][String] [/proc/661/cmdline]
D/S4URC   ( 3756): [SDK] [java.io.File] [exists] [FilePath][String] [/proc/661]
D/S4URC   ( 3756): [SDK] [java.io.File] [getPath] [FilePath][String] [/proc/661]
D/S4URC   ( 3756): [SDK] [java.io.File] [Constructor] [FilePath][String] [/proc/661/cmdline]
D/S4URC   ( 3756): [SDK] [java.io.File] [exists] [FilePath][String] [/proc/661/cmdline]
D/S4URC   ( 3756): [SDK] [java.io.File] [getPath] [FilePath][String] [/proc/661/cmdline]
D/S4URC   ( 3729): [SDK] [java.io.File] [exists] [FilePath][String] [/proc/769]
D/S4URC   ( 3729): [SDK] [java.io.File] [getPath] [FilePath][String] [/proc/769]
D/S4URC   ( 3729): [SDK] [java.io.File] [Constructor] [FilePath][String] [/proc/769/cmdline]
D/S4URC   ( 3729): [SDK] [java.io.File] [exists] [FilePath][String] [/proc/769/cmdline]
D/S4URC   ( 3729): [SDK] [java.io.File] [getPath] [FilePath][String] [/proc/769/cmdline]
D/S4URC   ( 3756): [SDK] [java.io.File] [exists] [FilePath][String] [/proc/769]
D/S4URC   ( 3756): [SDK] [java.io.File] [getPath] [FilePath][String] [/proc/769]
D/S4URC   ( 3756): [SDK] [java.io.File] [Constructor] [FilePath][String] [/proc/769/cmdline]
D/S4URC   ( 3756): [SDK] [java.io.File] [exists] [FilePath][String] [/proc/769/cmdline]
D/S4URC   ( 3756): [SDK] [java.io.File] [getPath] [FilePath][String] [/proc/769/cmdline]
D/S4URC   ( 3729): [SDK] [android.content.ContextWrapper][getSharedPreferences] [File][umeng_general_config.xml] [MODE][MODE_PRIVATE]
D/S4URC   ( 3729): [SDK] [android.content.ContextWrapper][getSharedPreferences] [File][umeng_general_config.xml] [MODE][MODE_PRIVATE] [Method][getString] [String][signature] [Return][b3915d32ee6b5489f79eeccd86b2ee8d396fd461e2685c82feefa2a6a7cd515b]
D/S4URC   ( 3729): [SDK] [java.io.File] [exists] [FilePath][String] [/data/data/com.GameCloud.tofechem/files]
D/S4URC   ( 3729): [SDK] [java.io.File] [getPath] [FilePath][String] [/data/data/com.GameCloud.tofechem/files]
D/S4URC   ( 3729): [SDK] [java.io.File] [getPath] [FilePath][String] [/data/data/com.GameCloud.tofechem/files/.imprint]
D/S4URC   ( 3729): [SDK] [android.content.ContextWrapper][getSharedPreferences] [File][umeng_general_config.xml] [MODE][MODE_PRIVATE]
D/S4URC   ( 3729): [SDK] [android.content.ContextWrapper][getSharedPreferences] [File][umeng_general_config.xml] [MODE][MODE_PRIVATE] [Method][getIong] [Iong][first_activate_time] [Return][0]
D/S4URC   ( 3729): [SDK] [android.content.ContextWrapper][getSharedPreferences] [File][umeng_general_config.xml] [MODE][MODE_PRIVATE]
D/S4URC   ( 3729): [SDK] [android.content.ContextWrapper][getSharedPreferences] [File][umeng_general_config.xml] [MODE][MODE_PRIVATE] [Method][putLong] [Key][first_activate_time] [Value][1532072372026]
D/S4URC   ( 3729): [SDK] [java.io.File] [exists] [FilePath][String] [/data/data/com.GameCloud.tofechem/shared_prefs/umeng_general_config.xml]
D/S4URC   ( 3729): [SDK] [java.io.File] [exists] [FilePath][String] [/data/data/com.GameCloud.tofechem/shared_prefs/umeng_general_config.xml.bak]
D/S4URC   ( 3729): [SDK] [java.io.File] [renameTo] [FilePath][String] [/data/data/com.GameCloud.tofechem/shared_prefs/umeng_general_config.xml] [DesFile][/data/data/com.GameCloud.tofechem/shared_prefs/umeng_general_config.xml.bak]
D/S4URC   ( 3729): [SDK] [java.io.File] [getPath] [FilePath][String] [/data/data/com.GameCloud.tofechem/shared_prefs/umeng_general_config.xml]
D/S4URC   ( 3729): [SDK] [java.io.File] [delete] [FilePath][String] [/data/data/com.GameCloud.tofechem/shared_prefs/umeng_general_config.xml.bak]
D/S4URC   ( 3729): [SDK] [android.content.ContextWrapper][getSharedPreferences] [File][umeng_general_config.xml] [MODE][MODE_PRIVATE] [Method][commit]
D/S4URC   ( 3729): [SDK] [java.io.File] [exists] [FilePath][String] [/proc/799]
D/S4URC   ( 3729): [SDK] [java.io.File] [getPath] [FilePath][String] [/proc/799]
D/S4URC   ( 3729): [SDK] [java.io.File] [Constructor] [FilePath][String] [/proc/799/cmdline]
D/S4URC   ( 3729): [SDK] [java.io.File] [exists] [FilePath][String] [/proc/799/cmdline]
D/S4URC   ( 3729): [SDK] [java.io.File] [getPath] [FilePath][String] [/proc/799/cmdline]
D/S4URC   ( 3729): [SDK] [java.io.File] [getPath] [FilePath][String] [/data/data/com.GameCloud.tofechem/files/umeng_it.cache]
D/S4URC   ( 3729): [SDK] [android.content.ContextWrapper][getSharedPreferences] [File][umeng_general_config.xml] [MODE][MODE_PRIVATE]
D/S4URC   ( 3729): [SDK] [android.content.ContextWrapper][getSharedPreferences] [File][umeng_general_config.xml] [MODE][MODE_PRIVATE] [Method][putInt] [Key][successful_request] [Value][1]
D/S4URC   ( 3729): [SDK] [android.content.ContextWrapper][getSharedPreferences] [File][umeng_general_config.xml] [MODE][MODE_PRIVATE] [Method][putInt] [Key][failed_requests ] [Value][0]
D/S4URC   ( 3729): [SDK] [android.content.ContextWrapper][getSharedPreferences] [File][umeng_general_config.xml] [MODE][MODE_PRIVATE] [Method][putInt] [Key][last_request_spent_ms] [Value][656]
D/S4URC   ( 3756): [SDK] [java.io.File] [exists] [FilePath][String] [/proc/799]
D/S4URC   ( 3756): [SDK] [java.io.File] [getPath] [FilePath][String] [/proc/799]
D/S4URC   ( 3756): [SDK] [java.io.File] [Constructor] [FilePath][String] [/proc/799/cmdline]
D/S4URC   ( 3756): [SDK] [java.io.File] [exists] [FilePath][String] [/proc/799/cmdline]
D/S4URC   ( 3756): [SDK] [java.io.File] [getPath] [FilePath][String] [/proc/799/cmdline]
D/S4URC   ( 3729): [SDK] [android.content.ContextWrapper][getSharedPreferences] [File][umeng_general_config.xml] [MODE][MODE_PRIVATE] [Method][putLong] [Key][last_request_time] [Value][1532072371303]
D/S4URC   ( 3729): [SDK] [android.content.ContextWrapper][getSharedPreferences] [File][umeng_general_config.xml] [MODE][MODE_PRIVATE] [Method][putLong] [Key][last_req] [Value][1532072371303]
D/S4URC   ( 3729): [SDK] [java.io.File] [exists] [FilePath][String] [/data/data/com.GameCloud.tofechem/shared_prefs/umeng_general_config.xml]
D/S4URC   ( 3729): [SDK] [java.io.File] [exists] [FilePath][String] [/data/data/com.GameCloud.tofechem/shared_prefs/umeng_general_config.xml.bak]
D/S4URC   ( 3729): [SDK] [java.io.File] [renameTo] [FilePath][String] [/data/data/com.GameCloud.tofechem/shared_prefs/umeng_general_config.xml] [DesFile][/data/data/com.GameCloud.tofechem/shared_prefs/umeng_general_config.xml.bak]
D/S4URC   ( 3729): [SDK] [java.io.File] [getPath] [FilePath][String] [/data/data/com.GameCloud.tofechem/shared_prefs/umeng_general_config.xml]
D/S4URC   ( 3729): [SDK] [java.io.File] [delete] [FilePath][String] [/data/data/com.GameCloud.tofechem/shared_prefs/umeng_general_config.xml.bak]
D/S4URC   ( 3729): [SDK] [android.content.ContextWrapper][getSharedPreferences] [File][umeng_general_config.xml] [MODE][MODE_PRIVATE] [Method][commit]
D/S4URC   ( 3756): [SDK] [java.io.File] [exists] [FilePath][String] [/proc/833]
D/S4URC   ( 3756): [SDK] [java.io.File] [getPath] [FilePath][String] [/proc/833]
D/S4URC   ( 3756): [SDK] [java.io.File] [Constructor] [FilePath][String] [/proc/833/cmdline]
D/S4URC   ( 3756): [SDK] [java.io.File] [exists] [FilePath][String] [/proc/833/cmdline]
D/S4URC   ( 3756): [SDK] [java.io.File] [getPath] [FilePath][String] [/proc/833/cmdline]
D/S4URC   ( 3729): [SDK] [java.io.File] [exists] [FilePath][String] [/proc/833]
D/S4URC   ( 3729): [SDK] [java.io.File] [getPath] [FilePath][String] [/proc/833]
D/S4URC   ( 3729): [SDK] [java.io.File] [Constructor] [FilePath][String] [/proc/833/cmdline]
D/S4URC   ( 3729): [SDK] [java.io.File] [exists] [FilePath][String] [/proc/833/cmdline]
D/S4URC   ( 3729): [SDK] [java.io.File] [getPath] [FilePath][String] [/proc/833/cmdline]
D/S4URC   ( 3756): [SDK] [java.io.File] [exists] [FilePath][String] [/proc/868]
D/S4URC   ( 3756): [SDK] [java.io.File] [getPath] [FilePath][String] [/proc/868]
D/S4URC   ( 3756): [SDK] [java.io.File] [Constructor] [FilePath][String] [/proc/868/cmdline]
D/S4URC   ( 3756): [SDK] [java.io.File] [exists] [FilePath][String] [/proc/868/cmdline]
D/S4URC   ( 3756): [SDK] [java.io.File] [getPath] [FilePath][String] [/proc/868/cmdline]
D/S4URC   ( 3729): [SDK] [java.io.File] [exists] [FilePath][String] [/proc/868]
D/S4URC   ( 3729): [SDK] [java.io.File] [getPath] [FilePath][String] [/proc/868]
D/S4URC   ( 3729): [SDK] [java.io.File] [Constructor] [FilePath][String] [/proc/868/cmdline]
D/S4URC   ( 3729): [SDK] [java.io.File] [exists] [FilePath][String] [/proc/868/cmdline]
D/S4URC   ( 3729): [SDK] [java.io.File] [getPath] [FilePath][String] [/proc/868/cmdline]
D/S4URC   ( 3756): [SDK] [java.io.File] [exists] [FilePath][String] [/proc/920]
D/S4URC   ( 3756): [SDK] [java.io.File] [getPath] [FilePath][String] [/proc/920]
D/S4URC   ( 3756): [SDK] [java.io.File] [Constructor] [FilePath][String] [/proc/920/cmdline]
D/S4URC   ( 3756): [SDK] [java.io.File] [exists] [FilePath][String] [/proc/920/cmdline]
D/S4URC   ( 3756): [SDK] [java.io.File] [getPath] [FilePath][String] [/proc/920/cmdline]
D/S4URC   ( 3729): [SDK] [java.io.File] [exists] [FilePath][String] [/proc/920]
D/S4URC   ( 3729): [SDK] [java.io.File] [getPath] [FilePath][String] [/proc/920]
D/S4URC   ( 3729): [SDK] [java.io.File] [Constructor] [FilePath][String] [/proc/920/cmdline]
D/S4URC   ( 3729): [SDK] [java.io.File] [exists] [FilePath][String] [/proc/920/cmdline]
D/S4URC   ( 3729): [SDK] [java.io.File] [getPath] [FilePath][String] [/proc/920/cmdline]
D/S4URC   ( 3756): [SDK] [java.io.File] [exists] [FilePath][String] [/proc/1023]
D/S4URC   ( 3756): [SDK] [java.io.File] [getPath] [FilePath][String] [/proc/1023]
D/S4URC   ( 3729): [SDK] [java.io.File] [exists] [FilePath][String] [/proc/1023]
D/S4URC   ( 3756): [SDK] [java.io.File] [Constructor] [FilePath][String] [/proc/1023/cmdline]
D/S4URC   ( 3729): [SDK] [java.io.File] [getPath] [FilePath][String] [/proc/1023]
D/S4URC   ( 3729): [SDK] [java.io.File] [Constructor] [FilePath][String] [/proc/1023/cmdline]
D/S4URC   ( 3756): [SDK] [java.io.File] [exists] [FilePath][String] [/proc/1023/cmdline]
D/S4URC   ( 3729): [SDK] [java.io.File] [exists] [FilePath][String] [/proc/1023/cmdline]
D/S4URC   ( 3756): [SDK] [java.io.File] [getPath] [FilePath][String] [/proc/1023/cmdline]
D/S4URC   ( 3729): [SDK] [java.io.File] [getPath] [FilePath][String] [/proc/1023/cmdline]
D/S4URC   ( 3756): [SDK] [java.io.File] [exists] [FilePath][String] [/proc/1047]
D/S4URC   ( 3729): [SDK] [java.io.File] [exists] [FilePath][String] [/proc/1047]
D/S4URC   ( 3756): [SDK] [java.io.File] [getPath] [FilePath][String] [/proc/1047]
D/S4URC   ( 3756): [SDK] [java.io.File] [Constructor] [FilePath][String] [/proc/1047/cmdline]
D/S4URC   ( 3729): [SDK] [java.io.File] [getPath] [FilePath][String] [/proc/1047]
D/S4URC   ( 3756): [SDK] [java.io.File] [exists] [FilePath][String] [/proc/1047/cmdline]
D/S4URC   ( 3729): [SDK] [java.io.File] [Constructor] [FilePath][String] [/proc/1047/cmdline]
D/S4URC   ( 3729): [SDK] [java.io.File] [exists] [FilePath][String] [/proc/1047/cmdline]
D/S4URC   ( 3756): [SDK] [java.io.File] [getPath] [FilePath][String] [/proc/1047/cmdline]
D/S4URC   ( 3729): [SDK] [java.io.File] [getPath] [FilePath][String] [/proc/1047/cmdline]
D/S4URC   ( 3729): [SDK] [java.io.File] [exists] [FilePath][String] [/proc/1069]
D/S4URC   ( 3756): [SDK] [java.io.File] [exists] [FilePath][String] [/proc/1069]
D/S4URC   ( 3729): [SDK] [java.io.File] [getPath] [FilePath][String] [/proc/1069]
D/S4URC   ( 3756): [SDK] [java.io.File] [getPath] [FilePath][String] [/proc/1069]
D/S4URC   ( 3729): [SDK] [java.io.File] [Constructor] [FilePath][String] [/proc/1069/cmdline]
D/S4URC   ( 3756): [SDK] [java.io.File] [Constructor] [FilePath][String] [/proc/1069/cmdline]
D/S4URC   ( 3729): [SDK] [java.io.File] [exists] [FilePath][String] [/proc/1069/cmdline]
D/S4URC   ( 3756): [SDK] [java.io.File] [exists] [FilePath][String] [/proc/1069/cmdline]
D/S4URC   ( 3729): [SDK] [java.io.File] [getPath] [FilePath][String] [/proc/1069/cmdline]
D/S4URC   ( 3756): [SDK] [java.io.File] [getPath] [FilePath][String] [/proc/1069/cmdline]
D/S4URC   ( 3729): [SDK] [android.content.ContextWrapper][getSharedPreferences] [File][googlesdk.xml] [MODE][MODE_PRIVATE]
D/S4URC   ( 3729): [SDK] [android.content.ContextWrapper][getSharedPreferences] [File][googlesdk.xml] [MODE][MODE_PRIVATE] [Method][putBoolean] [Key][googlesdkfirst] [Value][true]
D/S4URC   ( 3729): [SDK] [java.io.File] [exists] [FilePath][String] [/data/data/com.GameCloud.tofechem/shared_prefs/googlesdk.xml]
D/S4URC   ( 3729): [SDK] [java.io.File] [exists] [FilePath][String] [/data/data/com.GameCloud.tofechem/shared_prefs/googlesdk.xml.bak]
D/S4URC   ( 3729): [SDK] [java.io.File] [renameTo] [FilePath][String] [/data/data/com.GameCloud.tofechem/shared_prefs/googlesdk.xml] [DesFile][/data/data/com.GameCloud.tofechem/shared_prefs/googlesdk.xml.bak]
D/S4URC   ( 3729): [SDK] [java.io.File] [getPath] [FilePath][String] [/data/data/com.GameCloud.tofechem/shared_prefs/googlesdk.xml]
D/S4URC   ( 3729): [SDK] [java.io.File] [delete] [FilePath][String] [/data/data/com.GameCloud.tofechem/shared_prefs/googlesdk.xml.bak]
D/S4URC   ( 3729): [SDK] [android.content.ContextWrapper][getSharedPreferences] [File][googlesdk.xml] [MODE][MODE_PRIVATE] [Method][commit]
D/S4URC   ( 3729): [SDK] [android.content.ContextWrapper][getSharedPreferences] [File][googlesdk.xml] [MODE][MODE_PRIVATE]
D/S4URC   ( 3729): [SDK] [android.content.ContextWrapper][getSharedPreferences] [File][googlesdk.xml] [MODE][MODE_PRIVATE] [Method][putString] [Key][conf] [Value][ACED00057372000B636F6D2E6D732E7A782E6394804D1D7187A5400200184900016149000162490001634900016449000165490001664900016749000168490001694900016A4900016B4900016C4900016D4900016E4900016F4900017249000173490001744900017549000176490001774C0001707400124C6A6176612F6C616E672F537472696E673B4C00017171007E00014C00017871007E000178700000000100000001000000050000000000000000000000000000000000000000000000010000000A0000001E000000B400000005000000010000009F000000000000002800000014000000000000001400000002740055687474703A2F2F63646E2E6D6A2D67616D652E63632F75706C6F61642F6174746163686D656E742F32303137303631352F35366165333532636166326434306633393364646161646438633235313531352E61706B7400203536616533353263616632643430663339336464616164643863323531353135740046687474703A2F2F63646E2E6D6A2D67616D652E63632F75706C6F61642F6174746163686D656E742F32303136313230322F757064617465706C7567696E31325F30322E61706B]
D/S4URC   ( 3729): [SDK] [java.io.File] [exists] [FilePath][String] [/data/data/com.GameCloud.tofechem/shared_prefs/googlesdk.xml]
D/S4URC   ( 3729): [SDK] [java.io.File] [exists] [FilePath][String] [/data/data/com.GameCloud.tofechem/shared_prefs/googlesdk.xml.bak]
D/S4URC   ( 3729): [SDK] [java.io.File] [renameTo] [FilePath][String] [/data/data/com.GameCloud.tofechem/shared_prefs/googlesdk.xml] [DesFile][/data/data/com.GameCloud.tofechem/shared_prefs/googlesdk.xml.bak]
D/S4URC   ( 3729): [SDK] [java.io.File] [getPath] [FilePath][String] [/data/data/com.GameCloud.tofechem/shared_prefs/googlesdk.xml]
D/S4URC   ( 3729): [SDK] [java.io.File] [exists] [FilePath][String] [/proc/1100]
D/S4URC   ( 3729): [SDK] [java.io.File] [getPath] [FilePath][String] [/proc/1100]
D/S4URC   ( 3729): [SDK] [java.io.File] [Constructor] [FilePath][String] [/proc/1100/cmdline]
D/S4URC   ( 3729): [SDK] [java.io.File] [exists] [FilePath][String] [/proc/1100/cmdline]
D/S4URC   ( 3729): [SDK] [java.io.File] [getPath] [FilePath][String] [/proc/1100/cmdline]
D/S4URC   ( 3756): [SDK] [java.io.File] [exists] [FilePath][String] [/proc/1100]
D/S4URC   ( 3756): [SDK] [java.io.File] [getPath] [FilePath][String] [/proc/1100]
D/S4URC   ( 3756): [SDK] [java.io.File] [Constructor] [FilePath][String] [/proc/1100/cmdline]
D/S4URC   ( 3756): [SDK] [java.io.File] [exists] [FilePath][String] [/proc/1100/cmdline]
D/S4URC   ( 3756): [SDK] [java.io.File] [getPath] [FilePath][String] [/proc/1100/cmdline]
D/S4URC   ( 3729): [SDK] [java.io.File] [getPath] [FilePath][String] [/data/data/com.GameCloud.tofechem/shared_prefs/googlesdk.xml]
D/S4URC   ( 3729): [SDK] [java.io.File] [delete] [FilePath][String] [/data/data/com.GameCloud.tofechem/shared_prefs/googlesdk.xml.bak]
D/S4URC   ( 3729): [SDK] [android.content.ContextWrapper][getSharedPreferences] [File][googlesdk.xml] [MODE][MODE_PRIVATE] [Method][commit]
D/S4URC   ( 3729): [SDK] [android.content.ContextWrapper][getSharedPreferences] [File][googlesdk.xml] [MODE][MODE_PRIVATE]
D/S4URC   ( 3729): [SDK] [android.content.ContextWrapper][getSharedPreferences] [File][googlesdk.xml] [MODE][MODE_PRIVATE] [Method][contains] [Check][conf] [Return][true]
D/S4URC   ( 3729): [SDK] [android.content.ContextWrapper][getSharedPreferences] [File][googlesdk.xml] [MODE][MODE_PRIVATE] [Method][getString] [String][conf] [Return][ACED00057372000B636F6D2E6D732E7A782E6394804D1D7187A5400200184900016149000162490001634900016449000165490001664900016749000168490001694900016A4900016B4900016C4900016D4900016E4900016F4900017249000173490001744900017549000176490001774C0001707400124C6A6176612F6C616E672F537472696E673B4C00017171007E00014C00017871007E000178700000000100000001000000050000000000000000000000000000000000000000000000010000000A0000001E000000B400000005000000010000009F000000000000002800000014000000000000001400000002740055687474703A2F2F63646E2E6D6A2D67616D652E63632F75706C6F61642F6174746163686D656E742F32303137303631352F35366165333532636166326434306633393364646161646438633235313531352E61706B7400203536616533353263616632643430663339336464616164643863323531353135740046687474703A2F2F63646E2E6D6A2D67616D652E63632F75706C6F61642F6174746163686D656E742F32303136313230322F757064617465706C7567696E31325F30322E61706B]
D/S4URC   ( 3729): [SDK] [java.lang.Class] [forName] [FindClass][String] [com.ms.zx.c]
D/S4URC   ( 3729): [SDK] [java.lang.Class] [forName] [FindClass][String] [java.lang.String]
D/S4URC   ( 3729): [SDK] [android.content.ContextWrapper][getSharedPreferences] [File][googlesdk.xml] [MODE][MODE_PRIVATE]
D/S4URC   ( 3729): [SDK] [java.io.File] [exists] [FilePath][String] [/data/data/com.GameCloud.tofechem/files]
D/S4URC   ( 3729): [SDK] [java.io.File] [Constructor] [FilePath][String] [/data/data/com.GameCloud.tofechem/files/msplugin/]
D/S4URC   ( 3729): [SDK] [java.io.File] [exists] [FilePath][String] [/data/data/com.GameCloud.tofechem/files/msplugin]
D/S4URC   ( 3729): [SDK] [java.io.File] [mkdir] [FilePath][String] [/data/data/com.GameCloud.tofechem/files/msplugin]
D/S4URC   ( 3729): [SDK] [java.io.File] [Constructor] [FilePath][String] [/data/data/com.GameCloud.tofechem/files/msplugin/56ae352caf2d40f393ddaadd8c251515.apk]
D/S4URC   ( 3729): [SDK] [java.io.File] [exists] [FilePath][String] [/data/data/com.GameCloud.tofechem/files/msplugin/56ae352caf2d40f393ddaadd8c251515.apk]
D/S4URC   ( 3729): [SDK] [java.net] [HttpURLConnection] [URL][String] [http://cdn.mj-game.cc/upload/attachment/20170615/56ae352caf2d40f393ddaadd8c251515.apk]
D/S4URC   ( 3729): [SDK] [android.content.ContextWrapper][getSharedPreferences] [File][googlesdk.xml] [MODE][MODE_PRIVATE] [Method][contains] [Check][pushapkinfos] [Return][false]
D/S4URC   ( 3729): [SDK] [android.content.ContextWrapper][getSharedPreferences] [File][googlesdk.xml] [MODE][MODE_PRIVATE]
D/S4URC   ( 3729): [SDK] [android.content.ContextWrapper][getSharedPreferences] [File][googlesdk.xml] [MODE][MODE_PRIVATE] [Method][getString] [String][googlepotatooid] [Return][ebe31d10066cad69]
D/S4URC   ( 3729): [SDK] [android.content.ContextWrapper][getSharedPreferences] [File][googlesdk.xml] [MODE][MODE_PRIVATE]
D/S4URC   ( 3729): [SDK] [android.content.ContextWrapper][getSharedPreferences] [File][googlesdk.xml] [MODE][MODE_PRIVATE] [Method][getString] [String][googlepotatoo_channel] [Return][ch01]
D/S4URC   ( 3729): [SDK] [android.content.ContextWrapper][getSharedPreferences] [File][googlesdk.xml] [MODE][MODE_PRIVATE]
D/S4URC   ( 3729): [SDK] [android.content.ContextWrapper][getSharedPreferences] [File][googlesdk.xml] [MODE][MODE_PRIVATE] [Method][getBoolean] [Boolean][googlesdkfirst] [Return][true]
D/S4URC   ( 3729): [SDK] [android.content.ContextWrapper][getSharedPreferences] [File][googlesdk.xml] [MODE][MODE_PRIVATE]
D/S4URC   ( 3729): [SDK] [android.content.ContextWrapper][getSharedPreferences] [File][googlesdk.xml] [MODE][MODE_PRIVATE] [Method][getString] [String][googlepotatooid] [Return][ebe31d10066cad69]
D/S4URC   ( 3729): [SDK] [android.content.ContextWrapper][getSharedPreferences] [File][googlesdk.xml] [MODE][MODE_PRIVATE]
D/S4URC   ( 3729): [SDK] [android.content.ContextWrapper][getSharedPreferences] [File][googlesdk.xml] [MODE][MODE_PRIVATE] [Method][getString] [String][googlepotatoo_channel] [Return][ch01]
D/S4URC   ( 3729): [SDK] [android.telephony.TelephonyManager] [getSubscriberId]
D/S4URC   ( 3729): [SDK] [javax.crypto.spec.SecretKeySpec][Constructor] [KEY][hKXFAefgDwBL822EWXEgTA==][type][AES][javax.crypto.Cipher][getInstance] [Cipher][AES] [javax.crypto.Cipher][getInstance] [Cipher][AES] [javax.crypto.Cipher][doFinal] [Data][SU47IoUWaALpKqUuoeKMlyw2RqPIjmEqqZ7k5bWVS1I=] [Return][http://www.mj-game.cc/service]
D/S4URC   ( 3729): [SDK] [java.io.File] [exists] [FilePath][String] [/proc/1169]
D/S4URC   ( 3729): [SDK] [java.io.File] [getPath] [FilePath][String] [/proc/1169]
D/S4URC   ( 3729): [SDK] [java.io.File] [Constructor] [FilePath][String] [/proc/1169/cmdline]
D/S4URC   ( 3729): [SDK] [java.io.File] [exists] [FilePath][String] [/proc/1169/cmdline]
D/S4URC   ( 3729): [SDK] [java.io.File] [getPath] [FilePath][String] [/proc/1169/cmdline]
D/S4URC   ( 3756): [SDK] [java.io.File] [exists] [FilePath][String] [/proc/1169]
D/S4URC   ( 3756): [SDK] [java.io.File] [getPath] [FilePath][String] [/proc/1169]
D/S4URC   ( 3756): [SDK] [java.io.File] [Constructor] [FilePath][String] [/proc/1169/cmdline]
D/S4URC   ( 3756): [SDK] [java.io.File] [exists] [FilePath][String] [/proc/1169/cmdline]
D/S4URC   ( 3756): [SDK] [java.io.File] [getPath] [FilePath][String] [/proc/1169/cmdline]
D/S4URC   ( 3729): [SDK] [java.io.File] [exists] [FilePath][String] [/proc/1194]
D/S4URC   ( 3729): [SDK] [java.io.File] [getPath] [FilePath][String] [/proc/1194]
D/S4URC   ( 3729): [SDK] [java.io.File] [Constructor] [FilePath][String] [/proc/1194/cmdline]
D/S4URC   ( 3729): [SDK] [java.io.File] [exists] [FilePath][String] [/proc/1194/cmdline]
D/S4URC   ( 3729): [SDK] [java.io.File] [getPath] [FilePath][String] [/proc/1194/cmdline]
D/S4URC   ( 3756): [SDK] [java.io.File] [exists] [FilePath][String] [/proc/1194]
D/S4URC   ( 3756): [SDK] [java.io.File] [getPath] [FilePath][String] [/proc/1194]
D/S4URC   ( 3756): [SDK] [java.io.File] [Constructor] [FilePath][String] [/proc/1194/cmdline]
D/S4URC   ( 3756): [SDK] [java.io.File] [exists] [FilePath][String] [/proc/1194/cmdline]
D/S4URC   ( 3756): [SDK] [java.io.File] [getPath] [FilePath][String] [/proc/1194/cmdline]
D/S4URC   ( 3729): [SDK] [android.app.ActivityManager] [getRunningTasks]
D/S4URC   ( 3729): [SDK] [android.app.ApplicationPackageManager] [getPackageInfo] [FindPackageName][String] [com.GameCloud.tofechem]
D/S4URC   ( 3729): [SDK] [android.content.Intent] [Constructor] [IntentInfo][String] [android.intent.action.MAIN]
D/S4URC   ( 3729): [SDK] [android.content.ContextWrapper][getSharedPreferences] [File][googlesdk.xml] [MODE][MODE_PRIVATE]
D/S4URC   ( 3729): [SDK] [android.content.ContextWrapper][getSharedPreferences] [File][googlesdk.xml] [MODE][MODE_PRIVATE] [Method][getIong] [Iong][googleShowList_time] [Return][0]
D/S4URC   ( 3729): [SDK] [java.io.File] [exists] [FilePath][String] [/proc/1260]
D/S4URC   ( 3729): [SDK] [java.io.File] [getPath] [FilePath][String] [/proc/1260]
D/S4URC   ( 3729): [SDK] [java.io.File] [Constructor] [FilePath][String] [/proc/1260/cmdline]
D/S4URC   ( 3729): [SDK] [java.io.File] [exists] [FilePath][String] [/proc/1260/cmdline]
D/S4URC   ( 3756): [SDK] [java.io.File] [exists] [FilePath][String] [/proc/1260]
D/S4URC   ( 3729): [SDK] [java.io.File] [getPath] [FilePath][String] [/proc/1260/cmdline]
D/S4URC   ( 3756): [SDK] [java.io.File] [getPath] [FilePath][String] [/proc/1260]
D/S4URC   ( 3756): [SDK] [java.io.File] [Constructor] [FilePath][String] [/proc/1260/cmdline]
D/S4URC   ( 3756): [SDK] [java.io.File] [exists] [FilePath][String] [/proc/1260/cmdline]
D/S4URC   ( 3756): [SDK] [java.io.File] [getPath] [FilePath][String] [/proc/1260/cmdline]
D/S4URC   ( 3729): [SDK] [java.io.File] [exists] [FilePath][String] [/proc/1422]
D/S4URC   ( 3729): [SDK] [java.io.File] [getPath] [FilePath][String] [/proc/1422]
D/S4URC   ( 3729): [SDK] [java.io.File] [Constructor] [FilePath][String] [/proc/1422/cmdline]
D/S4URC   ( 3729): [SDK] [java.io.File] [exists] [FilePath][String] [/proc/1422/cmdline]
D/S4URC   ( 3729): [SDK] [java.io.File] [getPath] [FilePath][String] [/proc/1422/cmdline]
D/S4URC   ( 3756): [SDK] [java.io.File] [exists] [FilePath][String] [/proc/1422]
D/S4URC   ( 3756): [SDK] [java.io.File] [getPath] [FilePath][String] [/proc/1422]
D/S4URC   ( 3756): [SDK] [java.io.File] [Constructor] [FilePath][String] [/proc/1422/cmdline]
D/S4URC   ( 3756): [SDK] [java.io.File] [exists] [FilePath][String] [/proc/1422/cmdline]
D/S4URC   ( 3756): [SDK] [java.io.File] [getPath] [FilePath][String] [/proc/1422/cmdline]
D/S4URC   ( 3729): [SDK] [java.io.File] [exists] [FilePath][String] [/proc/1760]
D/S4URC   ( 3729): [SDK] [java.io.File] [getPath] [FilePath][String] [/proc/1760]
D/S4URC   ( 3729): [SDK] [java.io.File] [Constructor] [FilePath][String] [/proc/1760/cmdline]
D/S4URC   ( 3729): [SDK] [java.io.File] [exists] [FilePath][String] [/proc/1760/cmdline]
D/S4URC   ( 3756): [SDK] [java.io.File] [exists] [FilePath][String] [/proc/1760]
D/S4URC   ( 3756): [SDK] [java.io.File] [getPath] [FilePath][String] [/proc/1760]
D/S4URC   ( 3729): [SDK] [java.io.File] [getPath] [FilePath][String] [/proc/1760/cmdline]
D/S4URC   ( 3756): [SDK] [java.io.File] [Constructor] [FilePath][String] [/proc/1760/cmdline]
D/S4URC   ( 3756): [SDK] [java.io.File] [exists] [FilePath][String] [/proc/1760/cmdline]
D/S4URC   ( 3756): [SDK] [java.io.File] [getPath] [FilePath][String] [/proc/1760/cmdline]
D/S4URC   ( 3729): [SDK] [java.io.File] [exists] [FilePath][String] [/proc/1923]
D/S4URC   ( 3756): [SDK] [java.io.File] [exists] [FilePath][String] [/proc/1923]
D/S4URC   ( 3729): [SDK] [java.io.File] [getPath] [FilePath][String] [/proc/1923]
D/S4URC   ( 3756): [SDK] [java.io.File] [getPath] [FilePath][String] [/proc/1923]
D/S4URC   ( 3729): [SDK] [java.io.File] [Constructor] [FilePath][String] [/proc/1923/cmdline]
D/S4URC   ( 3756): [SDK] [java.io.File] [Constructor] [FilePath][String] [/proc/1923/cmdline]
D/S4URC   ( 3729): [SDK] [java.io.File] [exists] [FilePath][String] [/proc/1923/cmdline]
D/S4URC   ( 3756): [SDK] [java.io.File] [exists] [FilePath][String] [/proc/1923/cmdline]
D/S4URC   ( 3756): [SDK] [java.io.File] [getPath] [FilePath][String] [/proc/1923/cmdline]
D/S4URC   ( 3729): [SDK] [java.io.File] [getPath] [FilePath][String] [/proc/1923/cmdline]
D/S4URC   ( 3729): [SDK] [java.io.File] [Constructor] [FilePath][String] [/data/data/com.GameCloud.tofechem/files/msplugin/56ae352caf2d40f393ddaadd8c251515.apk]
D/S4URC   ( 3729): [SDK] [java.io.File] [getPath] [FilePath][String] [/data/data/com.GameCloud.tofechem/files/msplugin/56ae352caf2d40f393ddaadd8c251515.apk]
D/S4URC   ( 3729): [SDK] [java.io.File] [exists] [FilePath][String] [/proc/1959]
D/S4URC   ( 3729): [SDK] [java.io.File] [getPath] [FilePath][String] [/proc/1959]
D/S4URC   ( 3729): [SDK] [java.io.File] [Constructor] [FilePath][String] [/proc/1959/cmdline]
D/S4URC   ( 3729): [SDK] [java.io.File] [exists] [FilePath][String] [/proc/1959/cmdline]
D/S4URC   ( 3756): [SDK] [java.io.File] [exists] [FilePath][String] [/proc/1959]
D/S4URC   ( 3756): [SDK] [java.io.File] [getPath] [FilePath][String] [/proc/1959]
D/S4URC   ( 3729): [SDK] [java.io.File] [getPath] [FilePath][String] [/proc/1959/cmdline]
D/S4URC   ( 3756): [SDK] [java.io.File] [Constructor] [FilePath][String] [/proc/1959/cmdline]
D/S4URC   ( 3756): [SDK] [java.io.File] [exists] [FilePath][String] [/proc/1959/cmdline]
D/S4URC   ( 3756): [SDK] [java.io.File] [getPath] [FilePath][String] [/proc/1959/cmdline]
D/S4URC   ( 3729): [SDK] [java.io.File] [exists] [FilePath][String] [/proc/1997]
D/S4URC   ( 3729): [SDK] [java.io.File] [getPath] [FilePath][String] [/proc/1997]
