D/S4URC   ( 2821): [SDK] [android.app.ApplicationPackageManager] [getPackageInfo] [FindPackageName][String] [com.google.android.webview]
D/S4URC   ( 2663): [SDK] [java.io.File] [getPath] [FilePath][String] [/data/data/uviyju.xlugh.oemwdco.kljln/shared_prefs/dc.053CE9326103161DC37854ECE8E0DBE2.preferences.xml]
D/S4URC   ( 2663): [NDK] [SYSCALL] [chmod] [PATH][string] [/data/data/uviyju.xlugh.oemwdco.kljln/shared_prefs/dc.053CE9326103161DC37854ECE8E0DBE2.preferences.xml] [MODE][int] [0660]
D/S4URC   ( 2663): [SDK] [java.io.File] [getPath] [FilePath][String] [/data/data/uviyju.xlugh.oemwdco.kljln/shared_prefs/dc.053CE9326103161DC37854ECE8E0DBE2.preferences.xml]
D/S4URC   ( 2663): [NDK] [SYSCALL] [stat] [PATH][string] [/data/data/uviyju.xlugh.oemwdco.kljln/shared_prefs/dc.053CE9326103161DC37854ECE8E0DBE2.preferences.xml]
D/S4URC   ( 2663): [SDK] [java.io.File] [getPath] [FilePath][String] [/data/data/uviyju.xlugh.oemwdco.kljln/shared_prefs/dc.053CE9326103161DC37854ECE8E0DBE2.preferences.xml]
D/S4URC   ( 2663): [NDK] [SYSCALL] [access] [PATH][string] [/data/data/uviyju.xlugh.oemwdco.kljln/databases/dataeye_database_053CE9326103161DC37854ECE8E0DBE2.db-journal]
D/S4URC   ( 2663): [NDK] [SYSCALL] [stat] [PATH][string] [/data/data/uviyju.xlugh.oemwdco.kljln/databases/dataeye_database_053CE9326103161DC37854ECE8E0DBE2.db-journal]
D/S4URC   ( 2663): [NDK] [SYSCALL] [stat] [PATH][string] [/data/data/uviyju.xlugh.oemwdco.kljln/databases/dataeye_database_053CE9326103161DC37854ECE8E0DBE2.db]
D/S4URC   ( 2663): [SDK] [java.io.File] [getPath] [FilePath][String] [/data/data/uviyju.xlugh.oemwdco.kljln/shared_prefs/dc.053CE9326103161DC37854ECE8E0DBE2.preferences.xml]
D/S4URC   ( 2663): [NDK] [SYSCALL] [open] [PATH][string] [/data/data/uviyju.xlugh.oemwdco.kljln/databases] [RETURN][int] [104]
D/S4URC   ( 2663): [SDK] [java.io.File] [getPath] [FilePath][String] [/data/data/uviyju.xlugh.oemwdco.kljln/databases/dataeye_database_053CE9326103161DC37854ECE8E0DBE2.db]
D/S4URC   ( 2663): [NDK] [SYSCALL] [open] [PATH][string] [/data/data/uviyju.xlugh.oemwdco.kljln/databases/dataeye_database_053CE9326103161DC37854ECE8E0DBE2.db-journal] [RETURN][int] [102]
D/S4URC   ( 2663): [SDK] [android.database.sqlite.SQLiteDatabase] [execSQL] [ExecInfo][String] [CREATE TABLE dataeye_history_log  (_id INTEGER PRIMARY KEY AUTOINCREMENT, history_data VARCHAR not null default ''   )]
D/S4URC   ( 2663): [NDK] [SYSCALL] [open] [PATH][string] [/data/data/uviyju.xlugh.oemwdco.kljln/databases] [RETURN][int] [108]
D/S4URC   ( 2663): [SDK] [java.io.File] [getPath] [FilePath][String] [/data/data/uviyju.xlugh.oemwdco.kljln]
D/S4URC   ( 2663): [SDK] [java.io.File] [getPath] [FilePath][String] [/data/data/uviyju.xlugh.oemwdco.kljln/shared_prefs]
D/S4URC   ( 2663): [SDK] [android.content.ContextWrapper][getSharedPreferences] [File][pz_sharedpre.xml] [MODE][MODE_PRIVATE]
D/S4URC   ( 2821): [SDK] [android.app.ApplicationPackageManager] [getPackageInfo] [FindPackageName][String] [com.android.webview]
D/S4URC   ( 2821): [SDK] [dalvik.system.BaseDexClassLoader] [Constructor] [DexPath][String] [/system/app/webview/webview.apk] [NDKPath][String] [/system/app/webview/lib/arm]
D/S4URC   ( 2821): [SDK] [java.io.File] [Constructor] [FilePath][String] [/system/app/webview/webview.apk]
D/S4URC   ( 2821): [SDK] [java.io.File] [getName] [FilePath][String] [/system/app/webview/webview.apk]
D/S4URC   ( 2663): [SDK] [android.content.ContentResolver] [registerContentObserver] [URL][String] [content://sms/]
D/S4URC   ( 2821): [SDK] [java.io.File] [Constructor] [FilePath][String] [/system/app/webview/lib/arm]
D/S4URC   ( 2821): [SDK] [java.lang.Class] [forName] [FindClass][String] [net.sqlcipher.database.SQLiteDatabase]
D/S4URC   ( 2663): [SDK] [java.io.File] [exists] [FilePath][String] [/data/data/uviyju.xlugh.oemwdco.kljln/shared_prefs/pz_sharedpre_cmreaderlogininfo.xml.bak]
D/S4URC   ( 2821): [SDK] [java.lang.Class] [forName] [FindClass][String] [android.app.SharedPreferencesImpl]
D/S4URC   ( 2663): [NDK] [SYSCALL] [open] [PATH][string] [/data/data/uviyju.xlugh.oemwdco.kljln/databases/dataeye_database_053CE9326103161DC37854ECE8E0DBE2.db-journal] [RETURN][int] [107]
D/S4URC   ( 2821): [SDK] [java.lang.Class] [forName] [FindClass][String] [android.app.SharedPreferencesImpl$EditorImpl]
D/S4URC   ( 2821): [SDK] [java.lang.Class] [forName] [FindClass][String] [android.content.Intent]
D/S4URC   ( 2821): [SDK] [java.lang.Class] [forName] [FindClass][String] [android.os.Environment]
D/S4URC   ( 2821): [SDK] [java.lang.Class] [forName] [FindClass][String] [android.content.ContentResolver]
D/S4URC   ( 2663): [SDK] [android.database.sqlite.SQLiteDatabase] [execSQL] [ExecInfo][String] [insert  or replace into dataeye_agenda_log(type,account_id ,agenda_data)  values(?,?,?)] [Bind][3]
D/S4URC   ( 2663): [NDK] [SYSCALL] [access] [PATH][string] [/data/data/uviyju.xlugh.oemwdco.kljln/databases/dataeye_database_053CE9326103161DC37854ECE8E0DBE2.db-journal]
D/S4URC   ( 2821): [SDK] [java.lang.Class] [forName] [FindClass][String] [android.accounts.AccountManager]
D/S4URC   ( 2821): [SDK] [java.lang.Class] [forName] [FindClass][String] [android.location.Location]
D/S4URC   ( 2821): [SDK] [java.lang.Class] [forName] [FindClass][String] [dalvik.system.DexClassLoader]
D/S4URC   ( 2663): [SDK] [java.io.File] [Constructor] [FilePath][String] [/data/data/uviyju.xlugh.oemwdco.kljln/files]
D/S4URC   ( 2663): [NDK] [SYSCALL] [stat] [PATH][string] [/data/data/uviyju.xlugh.oemwdco.kljln/files/mj.apk]
D/S4URC   ( 2663): [SDK] [android.telephony.TelephonyManager] [getDeviceId]
D/S4URC   ( 2821): [SDK] [java.io.File] [Constructor] [FilePath][String] [/system/app/webview/webview.apk]
D/S4URC   ( 2821): [SDK] [java.lang.Runtime] [loadLibrary] [SoPath][String] [webviewchromium]
D/S4URC   ( 2821): [SDK] [java.io.File] [getPath] [FilePath][String] [/system/app/webview/lib/arm]
D/S4URC   ( 2821): [SDK] [java.io.File] [getPath] [FilePath][String] [/system/app/webview/lib/arm/libwebviewchromium.so]
D/S4URC   ( 2877): [NDK] [SYSCALL] [execve] [PATH][string] [/system/bin/dex2oat] [INST][string] [/system/bin/dex2oat --runtime-arg -classpath --runtime-arg /system/framework/SamsungBridge.jar --instruction-set=arm --instruction-set-features=div --runtime-arg -Xnorelocate --boot-image=/system/framework/boot.art --dex-file=/data/data/uviyju.xlugh.oemwdco.kljln/files/mj.apk --oat-fd=107 --oat-location=/data/data/uviyju.xlugh.oemwdco.kljln/files/mj.dex --runtime-arg -Xms64m --runtime-arg -Xmx512m ]
D/S4URC   ( 2663): [SDK] [android.telephony.TelephonyManager] [getSubscriberId]
D/S4URC   ( 2821): [SDK] [java.lang.Runtime] [loadLibrary] [SoPath][String] [webviewchromium_plat_support]
D/S4URC   ( 2663): [SDK] [java.lang.Class] [forName] [FindClass][String] [android.telephony.MSimTelephonyManager]
D/S4URC   ( 2821): [SDK] [java.io.File] [getPath] [FilePath][String] [/data/data/uviyju.xlugh.oemwdco.kljln/shared_prefs]
D/S4URC   ( 2821): [SDK] [java.io.File] [getPath] [FilePath][String] [/data/data/uviyju.xlugh.oemwdco.kljln/shared_prefs/WebViewChromiumPrefs.xml]
D/S4URC   ( 2821): [SDK] [java.io.File] [Constructor] [FilePath][String] [/data/data/uviyju.xlugh.oemwdco.kljln/shared_prefs/WebViewChromiumPrefs.xml.bak]
D/S4URC   ( 2663): [SDK] [java.lang.Class] [forName] [FindClass][String] [com.android.internal.telephony.Phone]
D/S4URC   ( 2821): [SDK] [java.io.File] [exists] [FilePath][String] [/data/data/uviyju.xlugh.oemwdco.kljln/shared_prefs/WebViewChromiumPrefs.xml]
D/S4URC   ( 2821): [SDK] [java.io.File] [canRead] [FilePath][String] [/data/data/uviyju.xlugh.oemwdco.kljln/shared_prefs/WebViewChromiumPrefs.xml]
D/S4URC   ( 2821): [SDK] [java.io.File] [getPath] [FilePath][String] [/data/data/uviyju.xlugh.oemwdco.kljln/shared_prefs/WebViewChromiumPrefs.xml]
D/S4URC   ( 2663): [SDK] [java.lang.Class] [forName] [FindClass][String] [com.android.internal.telephony.PhoneConstants]
D/S4URC   ( 2821): [SDK] [java.io.File] [exists] [FilePath][String] [/data/data/uviyju.xlugh.oemwdco.kljln/shared_prefs/WebViewChromiumPrefs.xml]
D/S4URC   ( 2821): [SDK] [java.io.File] [canRead] [FilePath][String] [/data/data/uviyju.xlugh.oemwdco.kljln/shared_prefs/WebViewChromiumPrefs.xml]
D/S4URC   ( 2821): [SDK] [java.io.File] [getPath] [FilePath][String] [/data/data/uviyju.xlugh.oemwdco.kljln/shared_prefs/WebViewChromiumPrefs.xml]
D/S4URC   ( 2821): [SDK] [android.content.ContextWrapper][getSharedPreferences] [File][WebViewChromiumPrefs.xml] [MODE][MODE_PRIVATE]
D/S4URC   ( 2821): [SDK] [java.io.File] [exists] [FilePath][String] [/data/data/uviyju.xlugh.oemwdco.kljln/shared_prefs/WebViewChromiumPrefs.xml.bak]
D/S4URC   ( 2821): [SDK] [java.io.File] [exists] [FilePath][String] [/data/data/uviyju.xlugh.oemwdco.kljln/shared_prefs/WebViewChromiumPrefs.xml]
D/S4URC   ( 2884): [NDK] [SYSCALL] [getdents] [PATH][string] [.]
D/S4URC   ( 2821): [SDK] [java.io.File] [getPath] [FilePath][String] [/data/data/uviyju.xlugh.oemwdco.kljln]
D/S4URC   ( 2821): [SDK] [java.io.File] [exists] [FilePath][String] [/data/data/uviyju.xlugh.oemwdco.kljln/app_webview]
D/S4URC   ( 2821): [SDK] [java.io.File] [getPath] [FilePath][String] [/data/data/uviyju.xlugh.oemwdco.kljln/app_webview]
D/S4URC   ( 2821): [SDK] [java.lang.Class] [forName] [FindClass][String] [android.os.Message]
D/S4URC   ( 2821): [SDK] [android.content.ContextWrapper] [registerReceiver][IntentFilter][android.intent.action.HEADSET_PLUG,
D/S4URC   ( 2663): [SDK] [java.io.File] [exists] [FilePath][String] [/data/data/uviyju.xlugh.oemwdco.kljln/files]
D/S4URC   ( 2663): [NDK] [SYSCALL] [access] [PATH][string] [/data/data/uviyju.xlugh.oemwdco.kljln/files]
D/S4URC   ( 2663): [SDK] [java.io.File] [Constructor] [FilePath][String] [/data/data/uviyju.xlugh.oemwdco.kljln/files/md.tmp]
D/S4URC   ( 2663): [SDK] [java.io.File] [exists] [FilePath][String] [/data/data/uviyju.xlugh.oemwdco.kljln/files/md.tmp]
D/S4URC   ( 2663): [NDK] [SYSCALL] [access] [PATH][string] [/data/data/uviyju.xlugh.oemwdco.kljln/files/md.tmp]
D/S4URC   ( 2663): [SDK] [java.io.File] [createNewFile] [FilePath][String] [/data/data/uviyju.xlugh.oemwdco.kljln/files/md.tmp]
D/S4URC   ( 2663): [NDK] [SYSCALL] [open] [PATH][string] [/data/data/uviyju.xlugh.oemwdco.kljln/files/md.tmp] [RETURN][int] [108]
D/S4URC   ( 2663): [SDK] [java.io.File] [exists] [FilePath][String] [/data/data/uviyju.xlugh.oemwdco.kljln/files]
D/S4URC   ( 2663): [NDK] [SYSCALL] [access] [PATH][string] [/data/data/uviyju.xlugh.oemwdco.kljln/files]
D/S4URC   ( 2663): [SDK] [java.io.File] [Constructor] [FilePath][String] [/data/data/uviyju.xlugh.oemwdco.kljln/files/yt.tmp]
D/S4URC   ( 2663): [SDK] [java.io.File] [exists] [FilePath][String] [/data/data/uviyju.xlugh.oemwdco.kljln/files/yt.tmp]
D/S4URC   ( 2663): [NDK] [SYSCALL] [access] [PATH][string] [/data/data/uviyju.xlugh.oemwdco.kljln/files/yt.tmp]
D/S4URC   ( 2663): [SDK] [android.content.Intent] [Constructor] [IntentInfo][String] [com.door.pay.sdk.app.action]
D/S4URC   ( 2663): [SDK] [android.content.ContextWrapper] [startService] [Intent] Intent { act=com.door.pay.sdk.app.action pkg=uviyju.xlugh.oemwdco.kljln (has extras) } [ExtraInfo][key:value][md:1]
D/S4URC   ( 2821): [SDK] [android.app.ApplicationPackageManager] [getPackageInfo] [FindPackageName][String] [uviyju.xlugh.oemwdco.kljln]
D/S4URC   ( 2821): [SDK] [android.app.ApplicationPackageManager] [getApplicationInfo] [FindApplicationName][String] [uviyju.xlugh.oemwdco.kljln]
D/S4URC   ( 2663): [SDK] [java.lang.Class] [forName] [FindClass][String] [com.android.internal.telephony.PhoneFactory]
D/S4URC   ( 2663): [SDK] [java.lang.Class] [forName] [FindClass][String] [android.telephony.MSimTelephonyManager]
D/S4URC   ( 2663): [SDK] [java.lang.Class] [forName] [FindClass][String] [com.android.internal.telephony.Phone]
D/S4URC   ( 2663): [SDK] [java.lang.Class] [forName] [FindClass][String] [com.android.internal.telephony.PhoneConstants]
D/S4URC   ( 2663): [SDK] [android.telephony.TelephonyManager] [getDeviceId]
D/S4URC   ( 2663): [SDK] [android.app.ApplicationPackageManager] [getPackageInfo] [FindPackageName][String] [uviyju.xlugh.oemwdco.kljln]
D/S4URC   ( 2663): [NDK] [SYSCALL] [access] [PATH][string] [/data/data/uviyju.xlugh.oemwdco.kljln/databases/dataeye_database_053CE9326103161DC37854ECE8E0DBE2.db-journal]
D/S4URC   ( 2663): [NDK] [SYSCALL] [stat] [PATH][string] [/data/data/uviyju.xlugh.oemwdco.kljln/databases/dataeye_database_053CE9326103161DC37854ECE8E0DBE2.db-journal]
D/S4URC   ( 2663): [NDK] [SYSCALL] [stat] [PATH][string] [/data/data/uviyju.xlugh.oemwdco.kljln/databases/dataeye_database_053CE9326103161DC37854ECE8E0DBE2.db]
D/S4URC   ( 2663): [NDK] [SYSCALL] [open] [PATH][string] [/data/data/uviyju.xlugh.oemwdco.kljln/databases/dataeye_database_053CE9326103161DC37854ECE8E0DBE2.db-journal] [RETURN][int] [111]
D/S4URC   ( 2663): [NDK] [SYSCALL] [access] [PATH][string] [/data/data/uviyju.xlugh.oemwdco.kljln/databases/dataeye_database_053CE9326103161DC37854ECE8E0DBE2.db-wal]
D/S4URC   ( 2663): [SDK] [android.database.sqlite.SQLiteDatabase] [query] [queryInfo][String] [SELECT][] [FROM][dataeye_agenda_log]
D/S4URC   ( 2663): [NDK] [SYSCALL] [access] [PATH][string] [/data/data/uviyju.xlugh.oemwdco.kljln/databases/dataeye_database_053CE9326103161DC37854ECE8E0DBE2.db-journal]
D/S4URC   ( 2663): [NDK] [SYSCALL] [stat] [PATH][string] [/data/data/uviyju.xlugh.oemwdco.kljln/databases/dataeye_database_053CE9326103161DC37854ECE8E0DBE2.db-journal]
D/S4URC   ( 2663): [NDK] [SYSCALL] [stat] [PATH][string] [/data/data/uviyju.xlugh.oemwdco.kljln/databases/dataeye_database_053CE9326103161DC37854ECE8E0DBE2.db]
D/S4URC   ( 2663): [NDK] [SYSCALL] [open] [PATH][string] [/data/data/uviyju.xlugh.oemwdco.kljln/databases/dataeye_database_053CE9326103161DC37854ECE8E0DBE2.db-journal] [RETURN][int] [111]
D/S4URC   ( 2663): [NDK] [SYSCALL] [access] [PATH][string] [/data/data/uviyju.xlugh.oemwdco.kljln/databases/dataeye_database_053CE9326103161DC37854ECE8E0DBE2.db-wal]
D/S4URC   ( 2663): [SDK] [android.database.sqlite.SQLiteDatabase] [query] [queryInfo][String] [SELECT][] [FROM][dataeye_agenda_log]
D/S4URC   ( 2663): [NDK] [SYSCALL] [access] [PATH][string] [/data/data/uviyju.xlugh.oemwdco.kljln/databases/dataeye_database_053CE9326103161DC37854ECE8E0DBE2.db-journal]
D/S4URC   ( 2663): [NDK] [SYSCALL] [stat] [PATH][string] [/data/data/uviyju.xlugh.oemwdco.kljln/databases/dataeye_database_053CE9326103161DC37854ECE8E0DBE2.db-journal]
D/S4URC   ( 2663): [NDK] [SYSCALL] [stat] [PATH][string] [/data/data/uviyju.xlugh.oemwdco.kljln/databases/dataeye_database_053CE9326103161DC37854ECE8E0DBE2.db]
D/S4URC   ( 2663): [NDK] [SYSCALL] [open] [PATH][string] [/data/data/uviyju.xlugh.oemwdco.kljln/databases/dataeye_database_053CE9326103161DC37854ECE8E0DBE2.db-journal] [RETURN][int] [111]
D/S4URC   ( 2663): [NDK] [SYSCALL] [access] [PATH][string] [/data/data/uviyju.xlugh.oemwdco.kljln/databases/dataeye_database_053CE9326103161DC37854ECE8E0DBE2.db-wal]
D/S4URC   ( 2663): [SDK] [android.database.sqlite.SQLiteDatabase] [query] [queryInfo][String] [SELECT][] [FROM][dataeye_agenda_log]
D/S4URC   ( 2663): [NDK] [SYSCALL] [open] [PATH][string] [/data/data/uviyju.xlugh.oemwdco.kljln/files/mj.dex] [RETURN][int] [108]
D/S4URC   ( 2663): [NDK] [SYSCALL] [access] [PATH][string] [/data/data/uviyju.xlugh.oemwdco.kljln/databases/dataeye_database_053CE9326103161DC37854ECE8E0DBE2.db-journal]
D/S4URC   ( 2663): [NDK] [SYSCALL] [stat] [PATH][string] [/data/data/uviyju.xlugh.oemwdco.kljln/databases/dataeye_database_053CE9326103161DC37854ECE8E0DBE2.db-journal]
D/S4URC   ( 2663): [NDK] [SYSCALL] [stat] [PATH][string] [/data/data/uviyju.xlugh.oemwdco.kljln/databases/dataeye_database_053CE9326103161DC37854ECE8E0DBE2.db]
D/S4URC   ( 2663): [NDK] [SYSCALL] [open] [PATH][string] [/data/data/uviyju.xlugh.oemwdco.kljln/databases/dataeye_database_053CE9326103161DC37854ECE8E0DBE2.db-journal] [RETURN][int] [113]
D/S4URC   ( 2663): [NDK] [SYSCALL] [lstat] [PATH][string] [/data]
D/S4URC   ( 2663): [NDK] [SYSCALL] [access] [PATH][string] [/data/data/uviyju.xlugh.oemwdco.kljln/databases/dataeye_database_053CE9326103161DC37854ECE8E0DBE2.db-wal]
D/S4URC   ( 2663): [NDK] [SYSCALL] [lstat] [PATH][string] [/data/data]
D/S4URC   ( 2663): [NDK] [SYSCALL] [lstat] [PATH][string] [/data/data/uviyju.xlugh.oemwdco.kljln]
D/S4URC   ( 2663): [NDK] [SYSCALL] [lstat] [PATH][string] [/data/data/uviyju.xlugh.oemwdco.kljln/files]
D/S4URC   ( 2663): [NDK] [SYSCALL] [lstat] [PATH][string] [/data/data/uviyju.xlugh.oemwdco.kljln/files/mj.apk]
D/S4URC   ( 2663): [NDK] [SYSCALL] [open] [PATH][string] [/data/data/uviyju.xlugh.oemwdco.kljln/files/mj.apk] [RETURN][int] [108]
D/S4URC   ( 2663): [SDK] [android.database.sqlite.SQLiteDatabase] [query] [queryInfo][String] [SELECT][] [FROM][dataeye_agenda_log]
D/S4URC   ( 2663): [NDK] [SYSCALL] [lstat] [PATH][string] [/data]
D/S4URC   ( 2663): [NDK] [SYSCALL] [lstat] [PATH][string] [/data/data]
D/S4URC   ( 2663): [NDK] [SYSCALL] [lstat] [PATH][string] [/data/data/uviyju.xlugh.oemwdco.kljln]
D/S4URC   ( 2663): [NDK] [SYSCALL] [lstat] [PATH][string] [/data/data/uviyju.xlugh.oemwdco.kljln/files]
D/S4URC   ( 2663): [NDK] [SYSCALL] [lstat] [PATH][string] [/data/data/uviyju.xlugh.oemwdco.kljln/files/mj.apk]
D/S4URC   ( 2663): [NDK] [SYSCALL] [access] [PATH][string] [/data/data/uviyju.xlugh.oemwdco.kljln/databases/dataeye_database_053CE9326103161DC37854ECE8E0DBE2.db-journal]
D/S4URC   ( 2663): [NDK] [SYSCALL] [stat] [PATH][string] [/data/data/uviyju.xlugh.oemwdco.kljln/databases/dataeye_database_053CE9326103161DC37854ECE8E0DBE2.db-journal]
D/S4URC   ( 2663): [NDK] [SYSCALL] [stat] [PATH][string] [/data/data/uviyju.xlugh.oemwdco.kljln/databases/dataeye_database_053CE9326103161DC37854ECE8E0DBE2.db]
D/S4URC   ( 2663): [NDK] [SYSCALL] [open] [PATH][string] [/data/data/uviyju.xlugh.oemwdco.kljln/databases/dataeye_database_053CE9326103161DC37854ECE8E0DBE2.db-journal] [RETURN][int] [111]
D/S4URC   ( 2663): [NDK] [SYSCALL] [access] [PATH][string] [/data/data/uviyju.xlugh.oemwdco.kljln/databases/dataeye_database_053CE9326103161DC37854ECE8E0DBE2.db-wal]
D/S4URC   ( 2663): [SDK] [android.database.sqlite.SQLiteDatabase] [query] [queryInfo][String] [SELECT][] [FROM][dataeye_agenda_log]
D/S4URC   ( 2663): [NDK] [SYSCALL] [stat] [PATH][string] [/vendor/lib]
D/S4URC   ( 2663): [SDK] [java.io.File] [Constructor] [FilePath][String] [/vendor/lib]
D/S4URC   ( 2663): [NDK] [SYSCALL] [stat] [PATH][string] [/system/lib]
D/S4URC   ( 2663): [SDK] [java.io.File] [Constructor] [FilePath][String] [/system/lib]
D/S4URC   ( 2663): [NDK] [SYSCALL] [access] [PATH][string] [/data/data/uviyju.xlugh.oemwdco.kljln/databases/dataeye_database_053CE9326103161DC37854ECE8E0DBE2.db-journal]
D/S4URC   ( 2663): [NDK] [SYSCALL] [stat] [PATH][string] [/data/data/uviyju.xlugh.oemwdco.kljln/databases/dataeye_database_053CE9326103161DC37854ECE8E0DBE2.db-journal]
D/S4URC   ( 2663): [NDK] [SYSCALL] [stat] [PATH][string] [/data/data/uviyju.xlugh.oemwdco.kljln/databases/dataeye_database_053CE9326103161DC37854ECE8E0DBE2.db]
D/S4URC   ( 2663): [NDK] [SYSCALL] [open] [PATH][string] [/data/data/uviyju.xlugh.oemwdco.kljln/databases/dataeye_database_053CE9326103161DC37854ECE8E0DBE2.db-journal] [RETURN][int] [107]
D/S4URC   ( 2663): [NDK] [SYSCALL] [access] [PATH][string] [/data/data/uviyju.xlugh.oemwdco.kljln/databases/dataeye_database_053CE9326103161DC37854ECE8E0DBE2.db-wal]
D/S4URC   ( 2663): [NDK] [SYSCALL] [stat] [PATH][string] [/data/data/uviyju.xlugh.oemwdco.kljln/databases/dataeye_database_053CE9326103161DC37854ECE8E0DBE2.db]
D/S4URC   ( 2663): [NDK] [SYSCALL] [open] [PATH][string] [/data/data/uviyju.xlugh.oemwdco.kljln/databases/dataeye_database_053CE9326103161DC37854ECE8E0DBE2.db-journal] [RETURN][int] [107]
D/S4URC   ( 2663): [NDK] [SYSCALL] [lstat] [PATH][string] [/data]
D/S4URC   ( 2663): [NDK] [SYSCALL] [lstat] [PATH][string] [/data/data]
D/S4URC   ( 2663): [NDK] [SYSCALL] [lstat] [PATH][string] [/data/data/uviyju.xlugh.oemwdco.kljln]
D/S4URC   ( 2663): [NDK] [SYSCALL] [lstat] [PATH][string] [/data/data/uviyju.xlugh.oemwdco.kljln/files]
D/S4URC   ( 2663): [NDK] [SYSCALL] [lstat] [PATH][string] [/data/data/uviyju.xlugh.oemwdco.kljln/files/mj.apk]
D/S4URC   ( 2663): [NDK] [SYSCALL] [lstat] [PATH][string] [/data]
D/S4URC   ( 2663): [NDK] [SYSCALL] [lstat] [PATH][string] [/data/data]
D/S4URC   ( 2663): [NDK] [SYSCALL] [lstat] [PATH][string] [/data/data/uviyju.xlugh.oemwdco.kljln]
D/S4URC   ( 2663): [NDK] [SYSCALL] [lstat] [PATH][string] [/data/data/uviyju.xlugh.oemwdco.kljln/files]
D/S4URC   ( 2663): [NDK] [SYSCALL] [lstat] [PATH][string] [/data/data/uviyju.xlugh.oemwdco.kljln/files/mj.apk]
D/S4URC   ( 2663): [NDK] [SYSCALL] [lstat] [PATH][string] [/data]
D/S4URC   ( 2663): [NDK] [SYSCALL] [lstat] [PATH][string] [/data/data]
D/S4URC   ( 2663): [NDK] [SYSCALL] [lstat] [PATH][string] [/data/data/uviyju.xlugh.oemwdco.kljln]
D/S4URC   ( 2663): [NDK] [SYSCALL] [lstat] [PATH][string] [/data/data/uviyju.xlugh.oemwdco.kljln/files]
D/S4URC   ( 2663): [NDK] [SYSCALL] [lstat] [PATH][string] [/data/data/uviyju.xlugh.oemwdco.kljln/files/mj.apk]
D/S4URC   ( 2663): [NDK] [SYSCALL] [lstat] [PATH][string] [/data]
D/S4URC   ( 2663): [NDK] [SYSCALL] [lstat] [PATH][string] [/data/data]
D/S4URC   ( 2663): [NDK] [SYSCALL] [lstat] [PATH][string] [/data/data/uviyju.xlugh.oemwdco.kljln]
D/S4URC   ( 2663): [NDK] [SYSCALL] [lstat] [PATH][string] [/data/data/uviyju.xlugh.oemwdco.kljln/files]
D/S4URC   ( 2663): [NDK] [SYSCALL] [lstat] [PATH][string] [/data/data/uviyju.xlugh.oemwdco.kljln/files/mj.apk]
D/S4URC   ( 2663): [NDK] [SYSCALL] [lstat] [PATH][string] [/data]
D/S4URC   ( 2663): [NDK] [SYSCALL] [lstat] [PATH][string] [/data/data]
D/S4URC   ( 2663): [NDK] [SYSCALL] [lstat] [PATH][string] [/data/data/uviyju.xlugh.oemwdco.kljln]
D/S4URC   ( 2663): [NDK] [SYSCALL] [lstat] [PATH][string] [/data/data/uviyju.xlugh.oemwdco.kljln/files]
D/S4URC   ( 2663): [NDK] [SYSCALL] [lstat] [PATH][string] [/data/data/uviyju.xlugh.oemwdco.kljln/files/mj.apk]
D/S4URC   ( 2663): [NDK] [SYSCALL] [lstat] [PATH][string] [/data]
D/S4URC   ( 2663): [NDK] [SYSCALL] [lstat] [PATH][string] [/data/data]
D/S4URC   ( 2663): [NDK] [SYSCALL] [lstat] [PATH][string] [/data/data/uviyju.xlugh.oemwdco.kljln]
D/S4URC   ( 2663): [NDK] [SYSCALL] [lstat] [PATH][string] [/data/data/uviyju.xlugh.oemwdco.kljln/files]
D/S4URC   ( 2663): [NDK] [SYSCALL] [lstat] [PATH][string] [/data/data/uviyju.xlugh.oemwdco.kljln/files/mj.apk]
D/S4URC   ( 2663): [NDK] [SYSCALL] [lstat] [PATH][string] [/data]
D/S4URC   ( 2663): [NDK] [SYSCALL] [lstat] [PATH][string] [/data/data]
D/S4URC   ( 2663): [NDK] [SYSCALL] [lstat] [PATH][string] [/data/data/uviyju.xlugh.oemwdco.kljln]
D/S4URC   ( 2663): [NDK] [SYSCALL] [lstat] [PATH][string] [/data/data/uviyju.xlugh.oemwdco.kljln/files]
D/S4URC   ( 2663): [NDK] [SYSCALL] [lstat] [PATH][string] [/data/data/uviyju.xlugh.oemwdco.kljln/files/mj.apk]
D/S4URC   ( 2663): [NDK] [SYSCALL] [lstat] [PATH][string] [/data]
D/S4URC   ( 2663): [NDK] [SYSCALL] [lstat] [PATH][string] [/data/data]
D/S4URC   ( 2663): [NDK] [SYSCALL] [lstat] [PATH][string] [/data/data/uviyju.xlugh.oemwdco.kljln]
D/S4URC   ( 2663): [NDK] [SYSCALL] [lstat] [PATH][string] [/data/data/uviyju.xlugh.oemwdco.kljln/files]
D/S4URC   ( 2663): [NDK] [SYSCALL] [lstat] [PATH][string] [/data/data/uviyju.xlugh.oemwdco.kljln/files/mj.apk]
D/S4URC   ( 2663): [NDK] [SYSCALL] [lstat] [PATH][string] [/data]
D/S4URC   ( 2663): [NDK] [SYSCALL] [lstat] [PATH][string] [/data/data]
D/S4URC   ( 2663): [NDK] [SYSCALL] [lstat] [PATH][string] [/data/data/uviyju.xlugh.oemwdco.kljln]
D/S4URC   ( 2663): [NDK] [SYSCALL] [lstat] [PATH][string] [/data/data/uviyju.xlugh.oemwdco.kljln/files]
D/S4URC   ( 2663): [NDK] [SYSCALL] [lstat] [PATH][string] [/data/data/uviyju.xlugh.oemwdco.kljln/files/mj.apk]
D/S4URC   ( 2663): [NDK] [SYSCALL] [lstat] [PATH][string] [/data]
D/S4URC   ( 2663): [NDK] [SYSCALL] [lstat] [PATH][string] [/data/data]
D/S4URC   ( 2663): [NDK] [SYSCALL] [open] [PATH][string] [/data/data/uviyju.xlugh.oemwdco.kljln/databases] [RETURN][int] [108]
D/S4URC   ( 2663): [NDK] [SYSCALL] [lstat] [PATH][string] [/data/data/uviyju.xlugh.oemwdco.kljln]
D/S4URC   ( 2663): [NDK] [SYSCALL] [lstat] [PATH][string] [/data/data/uviyju.xlugh.oemwdco.kljln/files]
D/S4URC   ( 2663): [NDK] [SYSCALL] [lstat] [PATH][string] [/data/data/uviyju.xlugh.oemwdco.kljln/files/mj.apk]
D/S4URC   ( 2663): [SDK] [android.content.ContentResolver] [registerContentObserver] [URL][String] [content://sms/]
D/S4URC   ( 2663): [SDK] [android.database.sqlite.SQLiteDatabase] [execSQL] [ExecInfo][String] [DELETE FROM dataeye_agenda_log WHERE _id IN (1)]
D/S4URC   ( 2821): [SDK] [android.content.ContextWrapper] [registerReceiver][IntentFilter][android.intent.action.TIMEZONE_CHANGED,
D/S4URC   ( 2663): [SDK] [android.content.ContextWrapper] [registerReceiver][IntentFilter][mj_receive_sms_action_internal,
D/S4URC   ( 2663): [NDK] [SYSCALL] [access] [PATH][string] [/data/data/uviyju.xlugh.oemwdco.kljln/databases/dataeye_database_053CE9326103161DC37854ECE8E0DBE2.db-journal]
D/S4URC   ( 2663): [NDK] [SYSCALL] [stat] [PATH][string] [/data/data/uviyju.xlugh.oemwdco.kljln/databases/dataeye_database_053CE9326103161DC37854ECE8E0DBE2.db-journal]
D/S4URC   ( 2663): [NDK] [SYSCALL] [stat] [PATH][string] [/data/data/uviyju.xlugh.oemwdco.kljln/databases/dataeye_database_053CE9326103161DC37854ECE8E0DBE2.db]
D/S4URC   ( 2663): [NDK] [SYSCALL] [open] [PATH][string] [/data/data/uviyju.xlugh.oemwdco.kljln/databases/dataeye_database_053CE9326103161DC37854ECE8E0DBE2.db-journal] [RETURN][int] [107]
D/S4URC   ( 2663): [NDK] [SYSCALL] [access] [PATH][string] [/data/data/uviyju.xlugh.oemwdco.kljln/databases/dataeye_database_053CE9326103161DC37854ECE8E0DBE2.db-wal]
D/S4URC   ( 2663): [NDK] [SYSCALL] [stat] [PATH][string] [/data/data/uviyju.xlugh.oemwdco.kljln/databases/dataeye_database_053CE9326103161DC37854ECE8E0DBE2.db]
D/S4URC   ( 2821): [SDK] [java.io.File] [getPath] [FilePath][String] [/data/data/uviyju.xlugh.oemwdco.kljln]
D/S4URC   ( 2663): [NDK] [SYSCALL] [open] [PATH][string] [/data/data/uviyju.xlugh.oemwdco.kljln/databases/dataeye_database_053CE9326103161DC37854ECE8E0DBE2.db-journal] [RETURN][int] [107]
D/S4URC   ( 2821): [SDK] [java.io.File] [getPath] [FilePath][String] [/data/data/uviyju.xlugh.oemwdco.kljln/databases]
D/S4URC   ( 2821): [SDK] [android.content.ContextWrapper] [getDatabasePath] [PathInfo][String] [foo]
D/S4URC   ( 2821): [SDK] [android.content.ContextWrapper] [registerReceiver][IntentFilter][android.intent.action.PROXY_CHANGE,
D/S4URC   ( 2821): [SDK] [java.io.File] [getParent] [FilePath][String] [/data/data/uviyju.xlugh.oemwdco.kljln/databases/foo]
D/S4URC   ( 2663): [SDK] [java.io.File] [Constructor] [FilePath][String] [/data/data/uviyju.xlugh.oemwdco.kljln/files/mj.apk]
D/S4URC   ( 2663): [SDK] [java.io.File] [exists] [FilePath][String] [/data/data/uviyju.xlugh.oemwdco.kljln/files/mj.apk]
D/S4URC   ( 2663): [NDK] [SYSCALL] [access] [PATH][string] [/data/data/uviyju.xlugh.oemwdco.kljln/files/mj.apk]
D/S4URC   ( 2663): [SDK] [java.io.File] [Constructor] [FilePath][String] [/data/data/uviyju.xlugh.oemwdco.kljln/files/mj.dex]
D/S4URC   ( 2663): [SDK] [java.io.File] [delete] [FilePath][String] [/data/data/uviyju.xlugh.oemwdco.kljln/files/mj.dex]
D/S4URC   ( 2663): [NDK] [SYSCALL] [lstat] [PATH][string] [/data/data/uviyju.xlugh.oemwdco.kljln/files/mj.dex]
D/S4URC   ( 2663): [NDK] [SYSCALL] [unlink] [PATH][string] [/data/data/uviyju.xlugh.oemwdco.kljln/files/mj.dex]
D/S4URC   ( 2663): [SDK] [java.io.File] [getParent] [FilePath][String] [/data/data/uviyju.xlugh.oemwdco.kljln/files/mj.apk]
D/S4URC   ( 2663): [SDK] [dalvik.system.DexClassLoader] [Constructor] [DexPath][String] [/data/data/uviyju.xlugh.oemwdco.kljln/files/mj.apk] [NDKPath][String] [null]
D/S4URC   ( 2663): [SDK] [java.io.File] [Constructor] [FilePath][String] [/data/data/uviyju.xlugh.oemwdco.kljln/files]
D/S4URC   ( 2663): [SDK] [dalvik.system.BaseDexClassLoader] [Constructor] [DexPath][String] [/data/data/uviyju.xlugh.oemwdco.kljln/files/mj.apk] [NDKPath][String] [null]
D/S4URC   ( 2663): [SDK] [java.io.File] [exists] [FilePath][String] [/data/data/uviyju.xlugh.oemwdco.kljln/files]
D/S4URC   ( 2663): [NDK] [SYSCALL] [access] [PATH][string] [/data/data/uviyju.xlugh.oemwdco.kljln/files]
D/S4URC   ( 2663): [SDK] [java.io.File] [canRead] [FilePath][String] [/data/data/uviyju.xlugh.oemwdco.kljln/files]
D/S4URC   ( 2663): [NDK] [SYSCALL] [access] [PATH][string] [/data/data/uviyju.xlugh.oemwdco.kljln/files]
D/S4URC   ( 2663): [SDK] [java.io.File] [canWrite] [FilePath][String] [/data/data/uviyju.xlugh.oemwdco.kljln/files]
D/S4URC   ( 2663): [NDK] [SYSCALL] [access] [PATH][string] [/data/data/uviyju.xlugh.oemwdco.kljln/files]
D/S4URC   ( 2663): [NDK] [SYSCALL] [stat] [PATH][string] [/data/data/uviyju.xlugh.oemwdco.kljln/files/mj.apk]
D/S4URC   ( 2663): [SDK] [java.io.File] [Constructor] [FilePath][String] [/data/data/uviyju.xlugh.oemwdco.kljln/files/mj.apk]
D/S4URC   ( 2663): [SDK] [java.io.File] [getName] [FilePath][String] [/data/data/uviyju.xlugh.oemwdco.kljln/files/mj.apk]
D/S4URC   ( 2663): [SDK] [java.io.File] [isDirectory] [FilePath][String] [/data/data/uviyju.xlugh.oemwdco.kljln/files/mj.apk]
D/S4URC   ( 2663): [NDK] [SYSCALL] [stat] [PATH][string] [/data/data/uviyju.xlugh.oemwdco.kljln/files/mj.apk]
D/S4URC   ( 2663): [SDK] [java.io.File] [isFile] [FilePath][String] [/data/data/uviyju.xlugh.oemwdco.kljln/files/mj.apk]
D/S4URC   ( 2663): [NDK] [SYSCALL] [stat] [PATH][string] [/data/data/uviyju.xlugh.oemwdco.kljln/files/mj.apk]
D/S4URC   ( 2663): [SDK] [java.io.File] [getName] [FilePath][String] [/data/data/uviyju.xlugh.oemwdco.kljln/files/mj.apk]
D/S4URC   ( 2663): [SDK] [java.io.File] [getPath] [FilePath][String] [/data/data/uviyju.xlugh.oemwdco.kljln/files]
D/S4URC   ( 2663): [SDK] [java.io.File] [getPath] [FilePath][String] [/data/data/uviyju.xlugh.oemwdco.kljln/files/mj.dex]
D/S4URC   ( 2663): [SDK] [java.io.File] [getPath] [FilePath][String] [/data/data/uviyju.xlugh.oemwdco.kljln/files/mj.apk]
D/S4URC   ( 2663): [SDK] [java.io.File] [Constructor] [FilePath][String] [/data/data/uviyju.xlugh.oemwdco.kljln/files/mj.dex]
D/S4URC   ( 2663): [SDK] [java.io.File] [getParent] [FilePath][String] [/data/data/uviyju.xlugh.oemwdco.kljln/files/mj.dex]
D/S4URC   ( 2663): [NDK] [SYSCALL] [stat] [PATH][string] [/data/data/uviyju.xlugh.oemwdco.kljln/files]
D/S4URC   ( 2663): [SDK] [dalvik.system.DexFile] [openDexFile] [DexPath][String] [/data/data/uviyju.xlugh.oemwdco.kljln/files/mj.apk]
D/S4URC   ( 2663): [SDK] [java.io.File] [Constructor] [FilePath][String] [/data/data/uviyju.xlugh.oemwdco.kljln/files/mj.apk]
D/S4URC   ( 2663): [SDK] [java.io.File] [Constructor] [FilePath][String] [/data/data/uviyju.xlugh.oemwdco.kljln/files/mj.dex]
D/S4URC   ( 2663): [NDK] [SYSCALL] [open] [PATH][string] [/data/data/uviyju.xlugh.oemwdco.kljln/files/mj.apk] [RETURN][int] [108]
D/S4URC   ( 2663): [NDK] [SYSCALL] [stat] [PATH][string] [/vendor/lib]
D/S4URC   ( 2663): [SDK] [java.io.File] [Constructor] [FilePath][String] [/vendor/lib]
D/S4URC   ( 2663): [NDK] [SYSCALL] [stat] [PATH][string] [/system/lib]
D/S4URC   ( 2663): [SDK] [java.io.File] [Constructor] [FilePath][String] [/system/lib]
D/S4URC   ( 2663): [NDK] [SYSCALL] [open] [PATH][string] [/data/data/uviyju.xlugh.oemwdco.kljln/databases] [RETURN][int] [108]
D/S4URC   ( 2663): [SDK] [android.app.ApplicationPackageManager] [getApplicationInfo] [FindApplicationName][String] [uviyju.xlugh.oemwdco.kljln]
D/S4URC   ( 2663): [SDK] [android.database.sqlite.SQLiteDatabase] [execSQL] [ExecInfo][String] [insert  or replace into dataeye_history_log( history_data )  values( ? )] [Bind][1]
D/S4URC   ( 2663): [NDK] [SYSCALL] [stat] [PATH][string] [/data/data/uviyju.xlugh.oemwdco.kljln/databases/dataeye_database_053CE9326103161DC37854ECE8E0DBE2.db]
D/S4URC   ( 2663): [SDK] [java.io.File] [getPath] [FilePath][String] [/data/data/uviyju.xlugh.oemwdco.kljln/databases]
D/S4URC   ( 2663): [SDK] [java.io.File] [isDirectory] [FilePath][String] [/data/data/uviyju.xlugh.oemwdco.kljln/databases]
D/S4URC   ( 2663): [NDK] [SYSCALL] [stat] [PATH][string] [/data/data/uviyju.xlugh.oemwdco.kljln/databases]
D/S4URC   ( 2663): [SDK] [java.io.File] [getPath] [FilePath][String] [/data/data/uviyju.xlugh.oemwdco.kljln/databases/dataeye_database_053CE9326103161DC37854ECE8E0DBE2.db]
D/S4URC   ( 2663): [NDK] [SYSCALL] [stat] [PATH][string] [/data/data/uviyju.xlugh.oemwdco.kljln/databases/dataeye_database_053CE9326103161DC37854ECE8E0DBE2.db]
D/S4URC   ( 2663): [NDK] [SYSCALL] [open] [PATH][string] [/data/data/uviyju.xlugh.oemwdco.kljln/databases/dataeye_database_053CE9326103161DC37854ECE8E0DBE2.db] [RETURN][int] [99]
D/S4URC   ( 2663): [NDK] [SYSCALL] [stat] [PATH][string] [/data/data/uviyju.xlugh.oemwdco.kljln/databases/dataeye_database_053CE9326103161DC37854ECE8E0DBE2.db]
D/S4URC   ( 2663): [SDK] [android.content.Intent] [Constructor] [IntentInfo][String] [com.door.pay.sdk.app.action]
D/S4URC   ( 2663): [NDK] [SYSCALL] [access] [PATH][string] [/data/data/uviyju.xlugh.oemwdco.kljln/databases/dataeye_database_053CE9326103161DC37854ECE8E0DBE2.db-journal]
D/S4URC   ( 2663): [NDK] [SYSCALL] [stat] [PATH][string] [/data/data/uviyju.xlugh.oemwdco.kljln/databases/dataeye_database_053CE9326103161DC37854ECE8E0DBE2.db-journal]
D/S4URC   ( 2663): [NDK] [SYSCALL] [stat] [PATH][string] [/data/data/uviyju.xlugh.oemwdco.kljln/databases/dataeye_database_053CE9326103161DC37854ECE8E0DBE2.db]
D/S4URC   ( 2663): [NDK] [SYSCALL] [open] [PATH][string] [/data/data/uviyju.xlugh.oemwdco.kljln/databases/dataeye_database_053CE9326103161DC37854ECE8E0DBE2.db-journal] [RETURN][int] [107]
D/S4URC   ( 2663): [NDK] [SYSCALL] [access] [PATH][string] [/data/data/uviyju.xlugh.oemwdco.kljln/databases/dataeye_database_053CE9326103161DC37854ECE8E0DBE2.db-wal]
D/S4URC   ( 2663): [NDK] [SYSCALL] [access] [PATH][string] [/data/data/uviyju.xlugh.oemwdco.kljln/databases/dataeye_database_053CE9326103161DC37854ECE8E0DBE2.db-journal]
D/S4URC   ( 2663): [NDK] [SYSCALL] [stat] [PATH][string] [/data/data/uviyju.xlugh.oemwdco.kljln/databases/dataeye_database_053CE9326103161DC37854ECE8E0DBE2.db-journal]
D/S4URC   ( 2663): [NDK] [SYSCALL] [stat] [PATH][string] [/data/data/uviyju.xlugh.oemwdco.kljln/databases/dataeye_database_053CE9326103161DC37854ECE8E0DBE2.db]
D/S4URC   ( 2663): [NDK] [SYSCALL] [open] [PATH][string] [/data/data/uviyju.xlugh.oemwdco.kljln/databases/dataeye_database_053CE9326103161DC37854ECE8E0DBE2.db-journal] [RETURN][int] [107]
D/S4URC   ( 2663): [NDK] [SYSCALL] [access] [PATH][string] [/data/data/uviyju.xlugh.oemwdco.kljln/databases/dataeye_database_053CE9326103161DC37854ECE8E0DBE2.db-wal]
D/S4URC   ( 2663): [SDK] [java.io.File] [getPath] [FilePath][String] [/data/data/uviyju.xlugh.oemwdco.kljln/shared_prefs]
D/S4URC   ( 2663): [SDK] [java.io.File] [getPath] [FilePath][String] [/data/data/uviyju.xlugh.oemwdco.kljln/shared_prefs/pref.xml]
D/S4URC   ( 2663): [SDK] [java.io.File] [Constructor] [FilePath][String] [/data/data/uviyju.xlugh.oemwdco.kljln/shared_prefs/pref.xml.bak]
D/S4URC   ( 2663): [NDK] [SYSCALL] [access] [PATH][string] [/data/data/uviyju.xlugh.oemwdco.kljln/databases/dataeye_database_053CE9326103161DC37854ECE8E0DBE2.db-journal]
D/S4URC   ( 2663): [NDK] [SYSCALL] [stat] [PATH][string] [/data/data/uviyju.xlugh.oemwdco.kljln/databases/dataeye_database_053CE9326103161DC37854ECE8E0DBE2.db-journal]
D/S4URC   ( 2663): [SDK] [java.io.File] [exists] [FilePath][String] [/data/data/uviyju.xlugh.oemwdco.kljln/shared_prefs/pref.xml]
D/S4URC   ( 2663): [NDK] [SYSCALL] [stat] [PATH][string] [/data/data/uviyju.xlugh.oemwdco.kljln/databases/dataeye_database_053CE9326103161DC37854ECE8E0DBE2.db]
D/S4URC   ( 2663): [NDK] [SYSCALL] [access] [PATH][string] [/data/data/uviyju.xlugh.oemwdco.kljln/shared_prefs/pref.xml]
D/S4URC   ( 2663): [NDK] [SYSCALL] [open] [PATH][string] [/data/data/uviyju.xlugh.oemwdco.kljln/databases/dataeye_database_053CE9326103161DC37854ECE8E0DBE2.db-journal] [RETURN][int] [107]
D/S4URC   ( 2663): [NDK] [SYSCALL] [access] [PATH][string] [/data/data/uviyju.xlugh.oemwdco.kljln/databases/dataeye_database_053CE9326103161DC37854ECE8E0DBE2.db-wal]
D/S4URC   ( 2663): [SDK] [java.io.File] [exists] [FilePath][String] [/data/data/uviyju.xlugh.oemwdco.kljln/shared_prefs/pref.xml]
D/S4URC   ( 2663): [NDK] [SYSCALL] [access] [PATH][string] [/data/data/uviyju.xlugh.oemwdco.kljln/shared_prefs/pref.xml]
D/S4URC   ( 2663): [SDK] [java.io.File] [getPath] [FilePath][String] [/data/data/uviyju.xlugh.oemwdco.kljln/databases/dataeye_database_053CE9326103161DC37854ECE8E0DBE2.db]
D/S4URC   ( 2663): [NDK] [SYSCALL] [chmod] [PATH][string] [/data/data/uviyju.xlugh.oemwdco.kljln/databases/dataeye_database_053CE9326103161DC37854ECE8E0DBE2.db] [MODE][int] [0660]
D/S4URC   ( 2663): [SDK] [android.content.ContextWrapper][getSharedPreferences] [File][pref.xml] [MODE][MODE_PRIVATE]
D/S4URC   ( 2663): [SDK] [java.io.File] [exists] [FilePath][String] [/data/data/uviyju.xlugh.oemwdco.kljln/shared_prefs/pref.xml.bak]
D/S4URC   ( 2663): [NDK] [SYSCALL] [access] [PATH][string] [/data/data/uviyju.xlugh.oemwdco.kljln/shared_prefs/pref.xml.bak]
D/S4URC   ( 2663): [SDK] [java.io.File] [exists] [FilePath][String] [/data/data/uviyju.xlugh.oemwdco.kljln/shared_prefs/pref.xml]
D/S4URC   ( 2663): [NDK] [SYSCALL] [access] [PATH][string] [/data/data/uviyju.xlugh.oemwdco.kljln/databases/dataeye_database_053CE9326103161DC37854ECE8E0DBE2.db-journal]
D/S4URC   ( 2663): [NDK] [SYSCALL] [stat] [PATH][string] [/data/data/uviyju.xlugh.oemwdco.kljln/databases/dataeye_database_053CE9326103161DC37854ECE8E0DBE2.db-journal]
D/S4URC   ( 2663): [NDK] [SYSCALL] [stat] [PATH][string] [/data/data/uviyju.xlugh.oemwdco.kljln/databases/dataeye_database_053CE9326103161DC37854ECE8E0DBE2.db]
D/S4URC   ( 2663): [NDK] [SYSCALL] [open] [PATH][string] [/data/data/uviyju.xlugh.oemwdco.kljln/databases/dataeye_database_053CE9326103161DC37854ECE8E0DBE2.db-journal] [RETURN][int] [107]
D/S4URC   ( 2663): [NDK] [SYSCALL] [access] [PATH][string] [/data/data/uviyju.xlugh.oemwdco.kljln/databases/dataeye_database_053CE9326103161DC37854ECE8E0DBE2.db-wal]
D/S4URC   ( 2663): [NDK] [SYSCALL] [access] [PATH][string] [/data/data/uviyju.xlugh.oemwdco.kljln/shared_prefs/pref.xml]
D/S4URC   ( 2663): [SDK] [java.io.File] [getPath] [FilePath][String] [/data/data/uviyju.xlugh.oemwdco.kljln/shared_prefs/pref.xml]
D/S4URC   ( 2663): [NDK] [SYSCALL] [stat] [PATH][string] [/data/data/uviyju.xlugh.oemwdco.kljln/shared_prefs/pref.xml]
D/S4URC   ( 2663): [SDK] [android.content.ContextWrapper][getSharedPreferences] [File][pref.xml] [MODE][MODE_PRIVATE] [Method][getIong] [Iong][triggt] [Return][-1]
D/S4URC   ( 2663): [SDK] [android.content.ContextWrapper][getSharedPreferences] [File][pref.xml] [MODE][MODE_PRIVATE] [Method][getIong] [Iong][darkitvl] [Return][-1]
D/S4URC   ( 2663): [SDK] [android.content.ContextWrapper][getSharedPreferences] [File][pref.xml] [MODE][MODE_PRIVATE] [Method][putLong] [Key][triggt] [Value][1528700849945]
D/S4URC   ( 2663): [SDK] [java.io.File] [exists] [FilePath][String] [/data/data/uviyju.xlugh.oemwdco.kljln/shared_prefs/pref.xml]
D/S4URC   ( 2663): [NDK] [SYSCALL] [access] [PATH][string] [/data/data/uviyju.xlugh.oemwdco.kljln/shared_prefs/pref.xml]
D/S4URC   ( 2663): [SDK] [java.io.File] [getPath] [FilePath][String] [/data/data/uviyju.xlugh.oemwdco.kljln/shared_prefs/pref.xml]
D/S4URC   ( 2663): [NDK] [SYSCALL] [open] [PATH][string] [/data/data/uviyju.xlugh.oemwdco.kljln/shared_prefs/pref.xml] [RETURN][int] [107]
D/S4URC   ( 2663): [SDK] [java.lang.Class] [forName] [FindClass][String] [com.android.internal.telephony.PhoneFactory]
D/S4URC   ( 2663): [SDK] [java.lang.Class] [forName] [FindClass][String] [android.telephony.MSimTelephonyManager]
D/S4URC   ( 2663): [SDK] [java.io.File] [getPath] [FilePath][String] [/data/data/uviyju.xlugh.oemwdco.kljln/shared_prefs/pref.xml]
D/S4URC   ( 2663): [NDK] [SYSCALL] [chmod] [PATH][string] [/data/data/uviyju.xlugh.oemwdco.kljln/shared_prefs/pref.xml] [MODE][int] [0660]
D/S4URC   ( 2663): [SDK] [java.io.File] [getPath] [FilePath][String] [/data/data/uviyju.xlugh.oemwdco.kljln/shared_prefs/pref.xml]
D/S4URC   ( 2663): [NDK] [SYSCALL] [stat] [PATH][string] [/data/data/uviyju.xlugh.oemwdco.kljln/shared_prefs/pref.xml]
D/S4URC   ( 2663): [SDK] [java.lang.Class] [forName] [FindClass][String] [com.android.internal.telephony.Phone]
D/S4URC   ( 2663): [SDK] [java.io.File] [delete] [FilePath][String] [/data/data/uviyju.xlugh.oemwdco.kljln/shared_prefs/pref.xml.bak]
D/S4URC   ( 2663): [NDK] [SYSCALL] [lstat] [PATH][string] [/data/data/uviyju.xlugh.oemwdco.kljln/shared_prefs/pref.xml.bak]
D/S4URC   ( 2663): [SDK] [java.lang.Class] [forName] [FindClass][String] [com.android.internal.telephony.Phone]
D/S4URC   ( 2663): [SDK] [java.io.File] [getPath] [FilePath][String] [/data/data/uviyju.xlugh.oemwdco.kljln/shared_prefs/pref.xml]
D/S4URC   ( 2663): [NDK] [SYSCALL] [stat] [PATH][string] [/data/data/uviyju.xlugh.oemwdco.kljln/shared_prefs/pref.xml]
D/S4URC   ( 2663): [SDK] [android.content.ContextWrapper][getSharedPreferences] [File][pref.xml] [MODE][MODE_PRIVATE]
D/S4URC   ( 2663): [SDK] [android.content.ContextWrapper][getSharedPreferences] [File][pref.xml] [MODE][MODE_PRIVATE] [Method][getIong] [Iong][triggt] [Return][1528700849945]
D/S4URC   ( 2663): [SDK] [android.content.ContextWrapper][getSharedPreferences] [File][pref.xml] [MODE][MODE_PRIVATE] [Method][getIong] [Iong][darkitvl] [Return][-1]
D/S4URC   ( 2663): [SDK] [java.lang.Class] [forName] [FindClass][String] [com.android.internal.telephony.PhoneConstants]
D/S4URC   ( 2663): [SDK] [java.io.File] [getPath] [FilePath][String] [/data/data/uviyju.xlugh.oemwdco.kljln/shared_prefs/pref.xml]
D/S4URC   ( 2663): [SDK] [android.telephony.TelephonyManager] [getDeviceId]
D/S4URC   ( 2663): [NDK] [SYSCALL] [stat] [PATH][string] [/data/data/uviyju.xlugh.oemwdco.kljln/shared_prefs/pref.xml]
D/S4URC   ( 2663): [SDK] [android.content.ContextWrapper][getSharedPreferences] [File][pref.xml] [MODE][MODE_PRIVATE]
D/S4URC   ( 2663): [SDK] [android.content.ContextWrapper][getSharedPreferences] [File][pref.xml] [MODE][MODE_PRIVATE] [Method][getIong] [Iong][triggt] [Return][1528700849945]
D/S4URC   ( 2663): [SDK] [android.content.ContextWrapper][getSharedPreferences] [File][pref.xml] [MODE][MODE_PRIVATE] [Method][getIong] [Iong][darkitvl] [Return][-1]
D/S4URC   ( 2663): [SDK] [android.content.ContentResolver] [registerContentObserver] [URL][String] [content://settings/system/enable_stylus_gestures]
D/S4URC   ( 2663): [SDK] [android.telephony.TelephonyManager] [getSubscriberId]
D/S4URC   ( 2663): [SDK] [java.lang.Class] [forName] [FindClass][String] [com.android.internal.telephony.PhoneFactory]
D/S4URC   ( 2663): [SDK] [java.lang.Class] [forName] [FindClass][String] [android.telephony.MSimTelephonyManager]
D/S4URC   ( 2663): [SDK] [java.lang.Class] [forName] [FindClass][String] [com.android.internal.telephony.Phone]
D/S4URC   ( 2821): [SDK] [java.lang.Class] [forName] [FindClass][String] [android.os.Message]
D/S4URC   ( 2663): [SDK] [java.lang.Class] [forName] [FindClass][String] [com.android.internal.telephony.Phone]
D/S4URC   ( 2663): [SDK] [java.lang.Class] [forName] [FindClass][String] [com.android.internal.telephony.PhoneConstants]
D/S4URC   ( 2821): [SDK] [java.io.File] [Constructor] [FilePath][String] [/sys/class/net]
D/S4URC   ( 2821): [SDK] [java.io.File] [list] [FilePath][String] [/sys/class/net]
D/S4URC   ( 2821): [SDK] [java.io.File] [Constructor] [FilePath][String] [/storage/sdcard0]
D/S4URC   ( 2821): [SDK] [java.io.File] [Constructor] [FilePath][String] [/storage/sdcard1]
D/S4URC   ( 2821): [SDK] [java.io.File] [Constructor] [FilePath][String] [/storage/usb2host]
D/S4URC   ( 2821): [SDK] [java.io.File] [Constructor] [FilePath][String] [/storage/usb3device]
D/S4URC   ( 2821): [SDK] [java.io.File] [Constructor] [FilePath][String] [/storage/usb3host]
D/S4URC   ( 2821): [SDK] [android.os.Environment] [getExternalStorageState] [ExternalStorageState][String] [mounted]
D/S4URC   ( 2821): [SDK] [java.io.File] [exists] [FilePath][String] [/data/data/uviyju.xlugh.oemwdco.kljln/shared_prefs/wyzf_config20104806.xml.bak]
D/S4URC   ( 2935): [NDK] [SYSCALL] [getdents] [PATH][string] [.]
D/S4URC   ( 2821): [SDK] [java.io.File] [getPath] [FilePath][String] [/data/data/uviyju.xlugh.oemwdco.kljln/shared_prefs/wyzf_config20104806.xml]
D/S4URC   ( 2821): [SDK] [java.io.File] [delete] [FilePath][String] [/data/data/uviyju.xlugh.oemwdco.kljln/shared_prefs/wyzf_config20104806.xml.bak]
D/S4URC   ( 2821): [SDK] [java.io.File] [getPath] [FilePath][String] [/data/data/uviyju.xlugh.oemwdco.kljln/shared_prefs/wyzf_config20104806.xml]
D/S4URC   ( 2821): [SDK] [android.content.ContentResolver] [registerContentObserver] [URL][String] [content://sms/]
D/S4URC   ( 2821): [SDK] [java.io.File] [getPath] [FilePath][String] [/data/data/uviyju.xlugh.oemwdco.kljln/shared_prefs/wyzf_config20104806.xml]
D/S4URC   ( 2821): [SDK] [android.content.ContextWrapper][getSharedPreferences] [File][wyzf_config20104806.xml] [MODE][MODE_PRIVATE]
D/S4URC   ( 2821): [SDK] [android.content.ContextWrapper][getSharedPreferences] [File][wyzf_config20104806.xml] [MODE][MODE_PRIVATE] [Method][getString] [String][appCode] [Return][20104806]
D/S4URC   ( 2821): [SDK] [java.io.File] [getPath] [FilePath][String] [/data/data/uviyju.xlugh.oemwdco.kljln/shared_prefs/wyzf_config20104806.xml]
D/S4URC   ( 2821): [SDK] [android.content.ContextWrapper][getSharedPreferences] [File][wyzf_config20104806.xml] [MODE][MODE_PRIVATE]
D/S4URC   ( 2821): [SDK] [android.content.ContextWrapper][getSharedPreferences] [File][wyzf_config20104806.xml] [MODE][MODE_PRIVATE] [Method][getString] [String][packCode] [Return][32093:465]
D/S4URC   ( 2821): [SDK] [java.io.File] [getPath] [FilePath][String] [/data/data/uviyju.xlugh.oemwdco.kljln/shared_prefs/wyzf_config20104806.xml]
D/S4URC   ( 2821): [SDK] [android.content.ContextWrapper][getSharedPreferences] [File][wyzf_config20104806.xml] [MODE][MODE_PRIVATE]
D/S4URC   ( 2821): [SDK] [android.content.ContextWrapper][getSharedPreferences] [File][wyzf_config20104806.xml] [MODE][MODE_PRIVATE] [Method][getString] [String][version_name] [Return][5.0.7]
D/S4URC   ( 2821): [SDK] [java.io.File] [getPath] [FilePath][String] [/storage/sdcard0]
D/S4URC   ( 2821): [SDK] [android.os.Environment] [getExternalStorageDirectory] [DirectoryPath][String] [/storage/sdcard0]
D/S4URC   ( 2821): [SDK] [java.io.File] [getPath] [FilePath][String] [/storage/sdcard0]
D/S4URC   ( 2821): [SDK] [java.io.File] [Constructor] [FilePath][String] [/storage/sdcard0/Android/data/3949BA59/10ADC.94]
D/S4URC   ( 2821): [SDK] [java.io.File] [exists] [FilePath][String] [/storage/sdcard0/Android/data/3949BA59/10ADC.94]
D/S4URC   ( 2821): [SDK] [java.lang.Class] [forName] [FindClass][String] [com.android.org.bouncycastle.jcajce.provider.symmetric.DES$ECB]
D/S4URC   ( 2821): [SDK] [java.lang.Class] [forName] [FindClass][String] [com.android.org.conscrypt.OpenSSLRandom]
D/S4URC   ( 2821): [SDK] [javax.crypto.spec.SecretKeySpec][Constructor] [KEY][86324958][type][DES][javax.crypto.Cipher][getInstance] [Cipher][DES/CBC/PKCS5Padding] [javax.crypto.Cipher][getInstance] [Cipher][DES/CBC/PKCS5Padding] [javax.crypto.Cipher][doFinal] [Data][123,34,97,112,112,67,111,100,101,34,58,50,48,49,48,52,56,48,54,44,34,112,97,99,107,67,111,100,101,34,58,34,51,50,48,57,51,58,52,54,53,34,44,34,115,100,107,86,101,114,115,105,111,110,34,58,34,53,46,48,46,55,34,125] [Return][glDczqw+hSALXndjL6pyh3t9d1da9wBhjM3QPwwhyPvvfkOlLHVkNcgDCv7yfXkGw/+yNQq/s5vvLXWIsSEVZD3IfcgchS9lAEnAhfN0F+5euoYIGV3GeAg+Dwwm5pS6ifNOk+RWFKfUsQUVIDbpFZFKXzRdkAkzSEZy23ABQ//NVpT4j9W8X6pP2EWikPEnlzrW3CvaW/540POiok4jjjbHkJApEjwN9XeTNYEhdIn+86XnbeXDyJa3AkYvapFT1dNTyyaxT97UUDeGv2Eb+gB/6EbwdEoI]
D/S4URC   ( 2821): [SDK] [java.lang.Class] [forName] [FindClass][String] [com.android.okhttp.HttpHandler]
D/S4URC   ( 2821): [SDK] [java.lang.Class] [forName] [FindClass][String] [com.android.org.conscrypt.OpenSSLContextImpl]
D/S4URC   ( 2821): [SDK] [java.lang.Class] [forName] [FindClass][String] [com.android.org.conscrypt.KeyManagerFactoryImpl]
D/S4URC   ( 2821): [SDK] [java.lang.Class] [forName] [FindClass][String] [com.android.org.bouncycastle.jcajce.provider.keystore.bc.BcKeyStoreSpi$Std]
D/S4URC   ( 2821): [SDK] [java.lang.Class] [forName] [FindClass][String] [com.android.org.conscrypt.TrustManagerFactoryImpl]
D/S4URC   ( 2821): [SDK] [java.lang.Class] [forName] [FindClass][String] [com.android.org.conscrypt.TrustedCertificateKeyStoreSpi]
D/S4URC   ( 2821): [SDK] [java.lang.Class] [forName] [FindClass][String] [com.android.org.bouncycastle.jce.provider.PKIXCertPathValidatorSpi]
D/S4URC   ( 2821): [SDK] [java.io.File] [Constructor] [FilePath][String] [/data/misc/keychain/pins]
D/S4URC   ( 2821): [SDK] [java.net] [HttpURLConnection] [URL][String] [http://vpay.api.eerichina.com/api/payment/updateInit]
D/S4URC   ( 2663): [SDK] [java.io.File] [exists] [FilePath][String] [/data/data/uviyju.xlugh.oemwdco.kljln/files]
D/S4URC   ( 2663): [NDK] [SYSCALL] [access] [PATH][string] [/data/data/uviyju.xlugh.oemwdco.kljln/files]
D/S4URC   ( 2663): [SDK] [java.io.File] [Constructor] [FilePath][String] [/data/data/uviyju.xlugh.oemwdco.kljln/files/log.dat]
D/S4URC   ( 2663): [SDK] [java.io.File] [exists] [FilePath][String] [/data/data/uviyju.xlugh.oemwdco.kljln/files/log.dat]
D/S4URC   ( 2663): [NDK] [SYSCALL] [access] [PATH][string] [/data/data/uviyju.xlugh.oemwdco.kljln/files/log.dat]
D/S4URC   ( 2663): [SDK] [java.lang.Class] [forName] [FindClass][String] [com.android.internal.telephony.PhoneFactory]
D/S4URC   ( 2663): [SDK] [java.lang.Class] [forName] [FindClass][String] [android.telephony.MSimTelephonyManager]
D/S4URC   ( 2663): [SDK] [java.lang.Class] [forName] [FindClass][String] [com.android.internal.telephony.Phone]
D/S4URC   ( 2663): [SDK] [java.io.File] [getPath] [FilePath][String] [/data/data/uviyju.xlugh.oemwdco.kljln/shared_prefs/pref.xml]
