D/S4URC   ( 2619): [SDK] [android.content.ContentResolver] [update] [URL][String] [content://com.kingroot.kingusesr.mpstorage/multi_sp/switchStats/]
D/S4URC   ( 2645): [SDK] [java.io.File] [isDirectory] [FilePath][String] [/proc/2563]
D/S4URC   ( 2645): [SDK] [java.io.File] [getPath] [FilePath][String] [/proc/2563]
D/S4URC   ( 2645): [SDK] [java.io.File] [exists] [FilePath][String] [/proc/2563/cmdline]
D/S4URC   ( 2645): [SDK] [java.io.File] [canRead] [FilePath][String] [/proc/2563/cmdline]
D/S4URC   ( 2645): [SDK] [java.io.File] [getPath] [FilePath][String] [/proc/2563/cmdline]
D/S4URC   ( 2645): [SDK] [java.io.File] [getPath] [FilePath][String] [/proc]
D/S4URC   ( 2645): [SDK] [java.io.File] [isDirectory] [FilePath][String] [/proc/2619]
D/S4URC   ( 2645): [SDK] [java.io.File] [getPath] [FilePath][String] [/proc/2619]
D/S4URC   ( 2645): [SDK] [java.io.File] [exists] [FilePath][String] [/proc/2619/cmdline]
D/S4URC   ( 2619): [SDK] [android.content.ContextWrapper] [startService] [Intent] Intent { cmp=com.kingroot.kinguser/com.kingroot.common.framework.service.KSysService (has extras) } [ExtraInfo][key:value][extra_start_type:0]
D/S4URC   ( 2645): [SDK] [java.io.File] [canRead] [FilePath][String] [/proc/2619/cmdline]
D/S4URC   ( 2645): [SDK] [java.io.File] [getPath] [FilePath][String] [/data/data/com.kingroot.kinguser/app_kpex]
D/S4URC   ( 2645): [SDK] [java.io.File] [getPath] [FilePath][String] [/proc/2619/cmdline]
D/S4URC   ( 2645): [SDK] [java.io.File] [getPath] [FilePath][String] [/data/data/com.kingroot.kinguser/app_kpex]
D/S4URC   ( 2645): [SDK] [java.io.File] [exists] [FilePath][String] [/data/data/com.kingroot.kinguser/app_kpex/kingroot.jar]
D/S4URC   ( 2645): [SDK] [java.io.File] [getPath] [FilePath][String] [/proc]
D/S4URC   ( 2645): [SDK] [java.io.File] [isDirectory] [FilePath][String] [/proc/2645]
D/S4URC   ( 2645): [SDK] [java.io.File] [getPath] [FilePath][String] [/data/data/com.kingroot.kinguser/app_kpex/kingroot.jar]
D/S4URC   ( 2645): [SDK] [java.io.File] [getPath] [FilePath][String] [/proc/2645]
D/S4URC   ( 2645): [SDK] [java.io.File] [exists] [FilePath][String] [/proc/2645/cmdline]
D/S4URC   ( 2645): [SDK] [java.io.File] [getPath] [FilePath][String] [/data/data/com.kingroot.kinguser/shared_prefs/RootManagerSetting.xml]
D/S4URC   ( 2645): [SDK] [android.content.ContextWrapper][getSharedPreferences] [File][switchStats.xml] [MODE][MODE_PRIVATE]
D/S4URC   ( 2645): [SDK] [java.io.File] [canRead] [FilePath][String] [/proc/2645/cmdline]
D/S4URC   ( 2645): [SDK] [java.io.File] [getPath] [FilePath][String] [/proc/2645/cmdline]
D/S4URC   ( 2645): [SDK] [android.content.ContextWrapper][getSharedPreferences] [File][RootManagerSetting.xml] [MODE][MODE_PRIVATE]
D/S4URC   ( 2645): [SDK] [android.content.ContextWrapper][getSharedPreferences] [File][RootManagerSetting.xml] [MODE][MODE_PRIVATE] [Method][putBoolean] [Key][IsSurvivalMode] [Value][false]
D/S4URC   ( 2645): [SDK] [java.io.File] [exists] [FilePath][String] [/data/data/com.kingroot.kinguser/shared_prefs/RootManagerSetting.xml]
D/S4URC   ( 2645): [SDK] [android.content.ContextWrapper][getSharedPreferences] [File][RootManagerSetting.xml] [MODE][MODE_PRIVATE] [Method][putString] [Key][100027] [Value][1530192503742&1;]
D/S4URC   ( 2645): [SDK] [java.io.File] [getPath] [FilePath][String] [/proc]
D/S4URC   ( 2645): [SDK] [java.io.File] [exists] [FilePath][String] [/data/data/com.kingroot.kinguser/shared_prefs/RootManagerSetting.xml.bak]
D/S4URC   ( 2645): [SDK] [java.io.File] [isDirectory] [FilePath][String] [/proc/2668]
D/S4URC   ( 2645): [SDK] [android.content.ContextWrapper][getSharedPreferences] [File][RootManagerSetting.xml] [MODE][MODE_PRIVATE] [Method][apply]
D/S4URC   ( 2645): [SDK] [java.io.File] [getPath] [FilePath][String] [/proc/2668]
D/S4URC   ( 2645): [SDK] [java.io.File] [renameTo] [FilePath][String] [/data/data/com.kingroot.kinguser/shared_prefs/RootManagerSetting.xml] [DesFile][/data/data/com.kingroot.kinguser/shared_prefs/RootManagerSetting.xml.bak]
D/S4URC   ( 2645): [SDK] [java.io.File] [exists] [FilePath][String] [/proc/2668/cmdline]
D/S4URC   ( 2645): [SDK] [java.io.File] [getPath] [FilePath][String] [/data/data/com.kingroot.kinguser/shared_prefs/RootManagerSetting.xml]
D/S4URC   ( 2645): [SDK] [java.io.File] [canRead] [FilePath][String] [/proc/2668/cmdline]
D/S4URC   ( 2645): [SDK] [java.io.File] [getPath] [FilePath][String] [/proc/2668/cmdline]
D/S4URC   ( 2645): [SDK] [java.io.File] [getPath] [FilePath][String] [/proc]
D/S4URC   ( 2645): [SDK] [java.io.File] [isDirectory] [FilePath][String] [/proc/2689]
D/S4URC   ( 2645): [SDK] [java.io.File] [getPath] [FilePath][String] [/proc/2689]
D/S4URC   ( 2645): [SDK] [java.io.File] [exists] [FilePath][String] [/proc/2689/cmdline]
D/S4URC   ( 2645): [SDK] [java.io.File] [canRead] [FilePath][String] [/proc/2689/cmdline]
D/S4URC   ( 2645): [SDK] [java.io.File] [getPath] [FilePath][String] [/proc/2689/cmdline]
D/S4URC   ( 2645): [SDK] [android.content.ContextWrapper][getSharedPreferences] [File][RootManagerSetting.xml] [MODE][MODE_PRIVATE]
D/S4URC   ( 2645): [SDK] [android.content.ContextWrapper][getSharedPreferences] [File][RootManagerSetting.xml] [MODE][MODE_PRIVATE] [Method][getInt] [Int][SettingMode] [Return][1]
D/S4URC   ( 2619): [SDK] [android.content.ContentResolver] [update] [URL][String] [content://com.kingroot.kingusesr.mpstorage/multi_sp/switchStats/]
D/S4URC   ( 2645): [SDK] [android.content.ContextWrapper][getSharedPreferences] [File][switchStats.xml] [MODE][MODE_PRIVATE]
D/S4URC   ( 2645): [SDK] [android.content.ContextWrapper][getSharedPreferences] [File][switchStats.xml] [MODE][MODE_PRIVATE] [Method][apply]
D/S4URC   ( 2619): [SDK] [android.content.ContentResolver] [update] [URL][String] [content://com.kingroot.kingusesr.mpstorage/multi_sp/switchStats/]
D/S4URC   ( 2645): [SDK] [android.content.ContextWrapper][getSharedPreferences] [File][switchStats.xml] [MODE][MODE_PRIVATE]
D/S4URC   ( 2645): [SDK] [android.content.ContextWrapper][getSharedPreferences] [File][switchStats.xml] [MODE][MODE_PRIVATE] [Method][putString] [Key][100039] [Value][1530192503751&1;]
D/S4URC   ( 2645): [SDK] [android.content.ContextWrapper][getSharedPreferences] [File][switchStats.xml] [MODE][MODE_PRIVATE] [Method][apply]
D/S4URC   ( 2619): [SDK] [android.content.ContentResolver] [update] [URL][String] [content://com.kingroot.kingusesr.mpstorage/multi_sp/switchStats/]
D/S4URC   ( 2645): [SDK] [java.io.File] [getPath] [FilePath][String] [/data/data/com.kingroot.kinguser/databases]
D/S4URC   ( 2645): [SDK] [java.io.File] [isDirectory] [FilePath][String] [/data/data/com.kingroot.kinguser/databases]
D/S4URC   ( 2645): [SDK] [java.io.File] [getPath] [FilePath][String] [/data/data/com.kingroot.kinguser/databases/ai_info]
D/S4URC   ( 2645): [SDK] [android.content.ContextWrapper][getSharedPreferences] [File][switchStats.xml] [MODE][MODE_PRIVATE]
D/S4URC   ( 2645): [SDK] [android.content.ContextWrapper][getSharedPreferences] [File][switchStats.xml] [MODE][MODE_PRIVATE] [Method][apply]
D/S4URC   ( 2645): [SDK] [android.content.ContextWrapper][getSharedPreferences] [File][RootManagerSetting.xml] [MODE][MODE_PRIVATE]
D/S4URC   ( 2645): [SDK] [android.content.ContextWrapper][getSharedPreferences] [File][RootManagerSetting.xml] [MODE][MODE_PRIVATE] [Method][getBoolean] [Boolean][CouDef] [Return][true]
D/S4URC   ( 2645): [SDK] [java.io.File] [getPath] [FilePath][String] [/data/data/com.kingroot.kinguser/shared_prefs/switchStats.xml]
D/S4URC   ( 2645): [SDK] [java.io.File] [delete] [FilePath][String] [/data/data/com.kingroot.kinguser/shared_prefs/switchStats.xml.bak]
D/S4URC   ( 2645): [SDK] [java.io.File] [Constructor] [FilePath][String] [/system/usr/iku/isu]
D/S4URC   ( 2645): [SDK] [java.io.File] [exists] [FilePath][String] [/system/usr/iku/isu]
D/S4URC   ( 2645): [SDK] [java.io.File] [exists] [FilePath][String] [/data/data/com.kingroot.kinguser/shared_prefs/switchStats.xml]
D/S4URC   ( 2645): [SDK] [java.io.File] [exists] [FilePath][String] [/data/data/com.kingroot.kinguser/shared_prefs/switchStats.xml.bak]
D/S4URC   ( 2645): [SDK] [java.io.File] [renameTo] [FilePath][String] [/data/data/com.kingroot.kinguser/shared_prefs/switchStats.xml] [DesFile][/data/data/com.kingroot.kinguser/shared_prefs/switchStats.xml.bak]
D/S4URC   ( 2619): [SDK] [android.content.ContentResolver] [update] [URL][String] [content://com.kingroot.kingusesr.mpstorage/multi_sp/switchStats/]
D/S4URC   ( 2645): [SDK] [android.content.ContextWrapper][getSharedPreferences] [File][switchStats.xml] [MODE][MODE_PRIVATE]
D/S4URC   ( 2645): [SDK] [java.io.File] [getPath] [FilePath][String] [/data/data/com.kingroot.kinguser/shared_prefs/switchStats.xml]
D/S4URC   ( 2645): [SDK] [android.content.ContextWrapper][getSharedPreferences] [File][switchStats.xml] [MODE][MODE_PRIVATE] [Method][apply]
D/S4URC   ( 2619): [SDK] [android.content.ContentResolver] [update] [URL][String] [content://com.kingroot.kingusesr.mpstorage/multi_sp/switchStats/]
D/S4URC   ( 2645): [SDK] [android.content.ContextWrapper][getSharedPreferences] [File][switchStats.xml] [MODE][MODE_PRIVATE]
D/S4URC   ( 2645): [SDK] [android.content.ContextWrapper][getSharedPreferences] [File][switchStats.xml] [MODE][MODE_PRIVATE] [Method][putString] [Key][100042] [Value][1530192503759&1;]
D/S4URC   ( 2645): [SDK] [android.content.ContextWrapper][getSharedPreferences] [File][switchStats.xml] [MODE][MODE_PRIVATE] [Method][apply]
D/S4URC   ( 2619): [SDK] [android.content.ContentResolver] [update] [URL][String] [content://com.kingroot.kingusesr.mpstorage/multi_sp/switchStats/]
D/S4URC   ( 2645): [SDK] [java.io.File] [Constructor] [FilePath][String] [/system/bin/.usr/.ku]
D/S4URC   ( 2645): [SDK] [java.io.File] [exists] [FilePath][String] [/system/bin/.usr/.ku]
D/S4URC   ( 2645): [SDK] [android.content.ContextWrapper][getSharedPreferences] [File][switchStats.xml] [MODE][MODE_PRIVATE]
D/S4URC   ( 2645): [SDK] [android.content.ContextWrapper][getSharedPreferences] [File][switchStats.xml] [MODE][MODE_PRIVATE] [Method][apply]
D/S4URC   ( 2645): [SDK] [java.io.File] [exists] [FilePath][String] [/data/data/com.kingroot.kinguser/applib]
D/S4URC   ( 2645): [SDK] [java.io.File] [getPath] [FilePath][String] [/data/data/com.kingroot.kinguser/applib]
D/S4URC   ( 2645): [SDK] [java.io.File] [exists] [FilePath][String] [/data/data/com.kingroot.kinguser/applib/kd]
D/S4URC   ( 2645): [SDK] [java.io.File] [getPath] [FilePath][String] [/data/data/com.kingroot.kinguser/shared_prefs/RootManagerSetting.xml]
D/S4URC   ( 2645): [SDK] [java.io.File] [canExecute] [FilePath][String] [/data/data/com.kingroot.kinguser/applib/kd]
D/S4URC   ( 2645): [SDK] [android.content.ContextWrapper][getSharedPreferences] [File][RootManagerSetting.xml] [MODE][MODE_PRIVATE]
D/S4URC   ( 2645): [SDK] [android.content.ContextWrapper][getSharedPreferences] [File][RootManagerSetting.xml] [MODE][MODE_PRIVATE] [Method][getBoolean] [Boolean][SuBackup] [Return][true]
D/S4URC   ( 2645): [SDK] [java.io.File] [getPath] [FilePath][String] [/data/data/com.kingroot.kinguser/shared_prefs/RootManagerSetting.xml]
D/S4URC   ( 2645): [SDK] [java.io.File] [delete] [FilePath][String] [/data/data/com.kingroot.kinguser/shared_prefs/RootManagerSetting.xml.bak]
D/S4URC   ( 2645): [SDK] [android.content.ContextWrapper][getSharedPreferences] [File][RootManagerSetting.xml] [MODE][MODE_PRIVATE] [Method][commit]
D/S4URC   ( 2619): [SDK] [java.io.File] [Constructor] [FilePath][String] [/data/data/com.kingroot.kinguser/applib/busybox]
D/S4URC   ( 2619): [SDK] [java.io.File] [exists] [FilePath][String] [/data/data/com.kingroot.kinguser/applib/busybox]
D/S4URC   ( 2619): [SDK] [java.io.File] [isFile] [FilePath][String] [/data/data/com.kingroot.kinguser/applib/busybox]
D/S4URC   ( 2619): [SDK] [java.io.File] [getPath] [FilePath][String] [/data/data/com.kingroot.kinguser/applib/busybox]
D/S4URC   ( 2619): [SDK] [android.content.ContextWrapper] [startService] [Intent] Intent { cmp=com.kingroot.kinguser/com.kingroot.common.framework.service.KSysService (has extras) } [ExtraInfo][key:value][extra_start_type:0]
D/S4URC   ( 2619): [SDK] [android.content.ContentResolver] [update] [URL][String] [content://com.kingroot.kingusesr.mpstorage/multi_sp/switchStats/]
D/S4URC   ( 2619): [SDK] [java.io.File] [exists] [FilePath][String] [/data/data/com.kingroot.kinguser/files]
D/S4URC   ( 2645): [SDK] [android.content.ContextWrapper][getSharedPreferences] [File][switchStats.xml] [MODE][MODE_PRIVATE]
D/S4URC   ( 2619): [SDK] [android.content.ContextWrapper] [startService] [Intent] Intent { cmp=com.kingroot.kinguser/com.kingroot.common.framework.service.KSysService (has extras) } [ExtraInfo][key:value][extra_start_type:0]
D/S4URC   ( 2645): [SDK] [android.content.ContextWrapper][getSharedPreferences] [File][switchStats.xml] [MODE][MODE_PRIVATE] [Method][apply]
D/S4URC   ( 2645): [SDK] [java.io.File] [getPath] [FilePath][String] [/data/data/com.kingroot.kinguser/shared_prefs/switchStats.xml]
D/S4URC   ( 2645): [SDK] [java.io.File] [delete] [FilePath][String] [/data/data/com.kingroot.kinguser/shared_prefs/switchStats.xml.bak]
D/S4URC   ( 2619): [SDK] [android.content.ContentResolver] [update] [URL][String] [content://com.kingroot.kingusesr.mpstorage/multi_sp/switchStats/]
D/S4URC   ( 2645): [SDK] [android.content.ContextWrapper][getSharedPreferences] [File][switchStats.xml] [MODE][MODE_PRIVATE]
D/S4URC   ( 2645): [SDK] [java.io.File] [exists] [FilePath][String] [/data/data/com.kingroot.kinguser/shared_prefs/switchStats.xml]
D/S4URC   ( 2645): [SDK] [java.io.File] [exists] [FilePath][String] [/data/data/com.kingroot.kinguser/shared_prefs/switchStats.xml.bak]
D/S4URC   ( 2645): [SDK] [android.content.ContextWrapper][getSharedPreferences] [File][switchStats.xml] [MODE][MODE_PRIVATE] [Method][putString] [Key][100045] [Value][1530192503772&1;]
D/S4URC   ( 2645): [SDK] [java.io.File] [renameTo] [FilePath][String] [/data/data/com.kingroot.kinguser/shared_prefs/switchStats.xml] [DesFile][/data/data/com.kingroot.kinguser/shared_prefs/switchStats.xml.bak]
D/S4URC   ( 2645): [SDK] [android.content.ContextWrapper][getSharedPreferences] [File][switchStats.xml] [MODE][MODE_PRIVATE] [Method][apply]
D/S4URC   ( 2645): [SDK] [java.io.File] [getPath] [FilePath][String] [/data/data/com.kingroot.kinguser/shared_prefs/switchStats.xml]
D/S4URC   ( 2645):  [Method][getInt] [Int][SettingMode] [Return][1]
D/S4URC   ( 2619): [SDK] [android.content.ContentResolver] [update] [URL][String] [content://com.kingroot.kingusesr.mpstorage/multi_sp/switchStats/]
D/S4URC   ( 2645):  [Method][getInt] [Int][SettingMode] [Return][1]
D/S4URC   ( 2645): [SDK] [android.content.ContextWrapper][getSharedPreferences] [File][switchStats.xml] [MODE][MODE_PRIVATE]
D/S4URC   ( 2619): [SDK] [javax.crypto.spec.SecretKeySpec][Constructor] [KEY][3EB4CCC395CDCC229E340094F1A971B2][type][AES][javax.crypto.Cipher][getInstance] [Cipher][AES] [javax.crypto.Cipher][doFinal] [Data][#.#Thu Jun 28 02:28:23 GMT-11:00 2018./data/data/com.kingroot.kinguser/applib/ktools=233|2474610761./data/data/com.kingroot.kinguser/applib/busybox=233|1483531274./data/data/com.kingroot.kinguser/applib/libNativeRQD.so=233|3962955270./data/data/com.kingroot.kinguser/applib/otasurvival.sh=233|2254977324./data/data/com.kingroot.kinguser/applib/kd=233|382237293./data/data/com.kingroot.kinguser/applib/libai.so=233|3445627144./data/data/com.kingroot.kinguser/applib/su=233|2061667841.] [Return][cfPqmzCf1Zl/W0+VPtURSdTxQAWC79LcPaT0+A2+g48kcVaaZVKn1Zw7Zvk5JuuJeU0OakBCa6w+B6fb6zmc5dMefn0OQKRDByExJLgJrMstVeZs9IKmzXG3kWcWIOTSJGCi/WFQY78s4gKBBHCyi2k6yZsnITFA6asRMR+8KxSfu36vK9FgKuh+jnBf1GSmXA5xZ1lSt61KTBTAGbbTj+VZC7LZr68Rs9GeICfh4KjlqLI7tXw8+8Kf1cZ9jE3nU+g/tCt4p9D+0VWi/XgfIK8ZG4LXcNLYdOSnjRAOlfclufPqiObgK5GORl/Jrz01Xq+3F9qY70JcFCMqOGL2nM/03F0iuifErem6V7SIgInYd6O25wUFGCtzQw+NVZIkwtiIULhxdkLvWLZDfkE65H6NBBObBKWjRRB8HbXjjy1Jvcd8vcX3uLaDRhywst7cDaDXUegA3R4iOXBHRU5hzlHgxp//8/52RhtcDIRAzZd+8sV1kaMcEN8BqH8Wg/sEJMLtqPhafyFK25pDUMuBbHVILYYTVceneP8LIy9G4sIUS/ogdp1RC0Plueo7EEUHfvLFdZGjHBDfAah/FoP7BCTC7aj4Wn8hStuaQ1DLgWxzsQgDbcocb9smB8O476raOIK3ZpHFzVZDjRV7UgGjPg==]
D/S4URC   ( 2619): [SDK] [java.io.File] [Constructor] [FilePath][String] [/data/data/com.kingroot.kinguser/files/kulibs.conf]
D/S4URC   ( 2619): [SDK] [java.io.File] [getPath] [FilePath][String] [/data/data/com.kingroot.kinguser/files/kulibs.conf]
D/S4URC   ( 2645): [SDK] [android.content.ContextWrapper][getSharedPreferences] [File][switchStats.xml] [MODE][MODE_PRIVATE] [Method][apply]
D/S4URC   ( 2619): [SDK] [java.io.File] [Constructor] [FilePath][String] [/data/data/com.kingroot.kinguser/applib/tools]
D/S4URC   ( 2619): [SDK] [java.io.File] [exists] [FilePath][String] [/data/data/com.kingroot.kinguser/applib/tools]
D/S4URC   ( 2619): [SDK] [java.io.File] [Constructor] [FilePath][String] [/data/data/com.kingroot.kinguser/applib/tools]
D/S4URC   ( 2619): [SDK] [java.io.File] [exists] [FilePath][String] [/data/data/com.kingroot.kinguser/applib/tools]
D/S4URC   ( 2645): [SDK] [java.io.File] [getPath] [FilePath][String] [/data/data/com.kingroot.kinguser/shared_prefs/RootManagerSetting.xml]
D/S4URC   ( 2619): [SDK] [java.io.File] [getPath] [FilePath][String] [/data/data/com.kingroot.kinguser/applib/tools]
D/S4URC   ( 2645):  [Method][getIong] [Iong][KStatusReportTime] [Return][0]
D/S4URC   ( 2645): [SDK] [android.content.ContextWrapper][getSharedPreferences] [File][RootManagerSetting.xml] [MODE][MODE_PRIVATE]
D/S4URC   ( 2645): [SDK] [android.content.ContextWrapper][getSharedPreferences] [File][RootManagerSetting.xml] [MODE][MODE_PRIVATE] [Method][getBoolean] [Boolean][LogEnable] [Return][true]
D/S4URC   ( 2645): [SDK] [java.io.File] [getPath] [FilePath][String] [/data/data/com.kingroot.kinguser/shared_prefs/common_setting.xml]
D/S4URC   ( 2619): [SDK] [android.content.ContentResolver] [update] [URL][String] [content://com.kingroot.kingusesr.mpstorage/multi_sp/switchStats/]
D/S4URC   ( 2645): [SDK] [android.content.ContextWrapper][getSharedPreferences] [File][common_setting.xml] [MODE][MODE_PRIVATE]
D/S4URC   ( 2645): [SDK] [android.content.ContextWrapper][getSharedPreferences] [File][common_setting.xml] [MODE][MODE_PRIVATE] [Method][getBoolean] [Boolean][S04] [Return][false]
D/S4URC   ( 2645): [SDK] [android.content.ContextWrapper][getSharedPreferences] [File][switchStats.xml] [MODE][MODE_PRIVATE]
D/S4URC   ( 2645): [SDK] [android.content.ContextWrapper][getSharedPreferences] [File][switchStats.xml] [MODE][MODE_PRIVATE] [Method][apply]
D/S4URC   ( 2645): [SDK] [java.io.File] [Constructor] [FilePath][String] [/system/bin/su]
D/S4URC   ( 2619): [SDK] [android.content.ContentResolver] [update] [URL][String] [content://com.kingroot.kingusesr.mpstorage/multi_sp/switchStats/]
D/S4URC   ( 2645): [SDK] [java.io.File] [exists] [FilePath][String] [/system/bin/su]
D/S4URC   ( 2645): [SDK] [java.io.File] [Constructor] [FilePath][String] [/system/xbin/su]
D/S4URC   ( 2645): [SDK] [java.io.File] [exists] [FilePath][String] [/system/xbin/su]
D/S4URC   ( 2645): [SDK] [java.io.File] [exists] [FilePath][String] [/system/bin/su]
D/S4URC   ( 2645): [SDK] [java.lang.Runtime] [exec] [Command][String] [sh]
D/S4URC   ( 2645): [SDK] [android.content.ContextWrapper][getSharedPreferences] [File][switchStats.xml] [MODE][MODE_PRIVATE]
D/S4URC   ( 2645): [SDK] [java.io.File] [getPath] [FilePath][String] [/data/data/com.kingroot.kinguser/shared_prefs/switchStats.xml]
D/S4URC   ( 2645): [SDK] [android.content.ContextWrapper][getSharedPreferences] [File][switchStats.xml] [MODE][MODE_PRIVATE] [Method][putString] [Key][100049] [Value][1530192503783&1;]
D/S4URC   ( 2645): [SDK] [java.io.File] [getPath] [FilePath][String] [/data/data/com.kingroot.kinguser/shared_prefs/switchStats.xml]
D/S4URC   ( 2645): [SDK] [android.content.ContextWrapper][getSharedPreferences] [File][switchStats.xml] [MODE][MODE_PRIVATE] [Method][apply]
D/S4URC   ( 2645): [SDK] [java.io.File] [delete] [FilePath][String] [/data/data/com.kingroot.kinguser/shared_prefs/switchStats.xml.bak]
D/S4URC   ( 2619): [SDK] [android.content.ContentResolver] [update] [URL][String] [content://com.kingroot.kingusesr.mpstorage/multi_sp/switchStats/]
D/S4URC   ( 2645): [SDK] [android.content.ContextWrapper][getSharedPreferences] [File][switchStats.xml] [MODE][MODE_PRIVATE]
D/S4URC   ( 2645): [SDK] [java.io.File] [exists] [FilePath][String] [/data/data/com.kingroot.kinguser/shared_prefs/switchStats.xml]
D/S4URC   ( 2645): [SDK] [android.content.ContextWrapper][getSharedPreferences] [File][switchStats.xml] [MODE][MODE_PRIVATE] [Method][apply]
D/S4URC   ( 2645): [SDK] [java.io.File] [exists] [FilePath][String] [/data/data/com.kingroot.kinguser/shared_prefs/switchStats.xml]
D/S4URC   ( 2645): [SDK] [java.io.File] [exists] [FilePath][String] [/data/data/com.kingroot.kinguser/shared_prefs/switchStats.xml.bak]
D/S4URC   ( 2645): [SDK] [java.io.File] [renameTo] [FilePath][String] [/data/data/com.kingroot.kinguser/shared_prefs/switchStats.xml] [DesFile][/data/data/com.kingroot.kinguser/shared_prefs/switchStats.xml.bak]
D/S4URC   ( 2645): [SDK] [java.io.File] [getPath] [FilePath][String] [/data/data/com.kingroot.kinguser/shared_prefs/switchStats.xml]
D/S4URC   ( 2645): [SDK] [java.io.File] [getPath] [FilePath][String] [/data/data/com.kingroot.kinguser/shared_prefs/RootManagerSetting.xml]
D/S4URC   ( 2645): [SDK] [android.content.ContextWrapper][getSharedPreferences] [File][RootManagerSetting.xml] [MODE][MODE_PRIVATE]
D/S4URC   ( 2645): [SDK] [android.content.ContextWrapper][getSharedPreferences] [File][RootManagerSetting.xml] [MODE][MODE_PRIVATE] [Method][getBoolean] [Boolean][WiFiAutoDownload] [Return][true]
D/S4URC   ( 2619): [SDK] [android.content.ContentResolver] [update] [URL][String] [content://com.kingroot.kingusesr.mpstorage/multi_sp/switchStats/]
D/S4URC   ( 2645): [SDK] [java.io.File] [getPath] [FilePath][String] [/data/data/com.kingroot.kinguser/shared_prefs/switchStats.xml]
D/S4URC   ( 2645): [SDK] [android.content.ContextWrapper][getSharedPreferences] [File][switchStats.xml] [MODE][MODE_PRIVATE]
D/S4URC   ( 2645): [SDK] [java.io.File] [delete] [FilePath][String] [/data/data/com.kingroot.kinguser/shared_prefs/switchStats.xml.bak]
D/S4URC   ( 2645): [SDK] [android.content.ContextWrapper][getSharedPreferences] [File][switchStats.xml] [MODE][MODE_PRIVATE] [Method][apply]
D/S4URC   ( 2645): [SDK] [java.io.File] [exists] [FilePath][String] [/data/data/com.kingroot.kinguser/shared_prefs/switchStats.xml]
D/S4URC   ( 2619): [SDK] [android.content.ContentResolver] [update] [URL][String] [content://com.kingroot.kingusesr.mpstorage/multi_sp/switchStats/]
D/S4URC   ( 2645): [SDK] [java.io.File] [exists] [FilePath][String] [/data/data/com.kingroot.kinguser/shared_prefs/switchStats.xml.bak]
D/S4URC   ( 2645): [SDK] [java.io.File] [renameTo] [FilePath][String] [/data/data/com.kingroot.kinguser/shared_prefs/switchStats.xml] [DesFile][/data/data/com.kingroot.kinguser/shared_prefs/switchStats.xml.bak]
D/S4URC   ( 2645): [SDK] [java.io.File] [getPath] [FilePath][String] [/data/data/com.kingroot.kinguser/shared_prefs/switchStats.xml]
D/S4URC   ( 2645): [SDK] [android.content.ContextWrapper][getSharedPreferences] [File][switchStats.xml] [MODE][MODE_PRIVATE]
D/S4URC   ( 2645): [SDK] [android.content.ContextWrapper][getSharedPreferences] [File][switchStats.xml] [MODE][MODE_PRIVATE] [Method][putString] [Key][100159] [Value][1530192503806&1;]
D/S4URC   ( 2645): [SDK] [android.content.ContextWrapper][getSharedPreferences] [File][switchStats.xml] [MODE][MODE_PRIVATE] [Method][apply]
D/S4URC   ( 2619): [SDK] [android.content.ContentResolver] [update] [URL][String] [content://com.kingroot.kingusesr.mpstorage/multi_sp/switchStats/]
D/S4URC   ( 2619): [SDK] [java.io.File] [Constructor] [FilePath][String] [/data/data/com.kingroot.kinguser/applib/tools]
D/S4URC   ( 2619): [SDK] [java.io.File] [exists] [FilePath][String] [/data/data/com.kingroot.kinguser/applib/tools]
D/S4URC   ( 2645): [SDK] [android.content.ContextWrapper][getSharedPreferences] [File][switchStats.xml] [MODE][MODE_PRIVATE]
D/S4URC   ( 2619): [SDK] [java.io.File] [isFile] [FilePath][String] [/data/data/com.kingroot.kinguser/applib/tools]
D/S4URC   ( 2619): [SDK] [java.io.File] [getPath] [FilePath][String] [/data/data/com.kingroot.kinguser/applib/tools]
D/S4URC   ( 2645): [SDK] [android.content.ContextWrapper][getSharedPreferences] [File][switchStats.xml] [MODE][MODE_PRIVATE] [Method][apply]
D/S4URC   ( 2645): [SDK] [java.io.File] [getPath] [FilePath][String] [/data/data/com.kingroot.kinguser/databases/ai_info]
D/S4URC   ( 2619): [SDK] [java.io.File] [exists] [FilePath][String] [/data/data/com.kingroot.kinguser/files]
D/S4URC   ( 2645): [SDK] [java.io.File] [getPath] [FilePath][String] [/data/data/com.kingroot.kinguser/shared_prefs/switchStats.xml]
D/S4URC   ( 2645): [SDK] [java.io.File] [delete] [FilePath][String] [/data/data/com.kingroot.kinguser/shared_prefs/switchStats.xml.bak]
D/S4URC   ( 2645): [SDK] [java.io.File] [getPath] [FilePath][String] [/data/data/com.kingroot.kinguser/shared_prefs/RootManagerSetting.xml]
D/S4URC   ( 2645): [SDK] [android.content.ContextWrapper][getSharedPreferences] [File][RootManagerSetting.xml] [MODE][MODE_PRIVATE]
D/S4URC   ( 2645): [SDK] [android.database.sqlite.SQLiteDatabase] [execSQL] [ExecInfo][String] [create table ai_log (_id integer primary key autoincrement, aa long, ac text, ad text, ae text, af text);]
D/S4URC   ( 2645): [SDK] [android.content.ContextWrapper][getSharedPreferences] [File][RootManagerSetting.xml] [MODE][MODE_PRIVATE] [Method][getBoolean] [Boolean][WiFiAutoUpdate] [Return][true]
D/S4URC   ( 2645): [SDK] [android.database.sqlite.SQLiteDatabase] [execSQL] [ExecInfo][String] [PRAGMA user_version = 1]
D/S4URC   ( 2645): [SDK] [java.io.File] [exists] [FilePath][String] [/data/data/com.kingroot.kinguser/shared_prefs/switchStats.xml]
D/S4URC   ( 2645): [SDK] [java.io.File] [exists] [FilePath][String] [/data/data/com.kingroot.kinguser/shared_prefs/switchStats.xml.bak]
D/S4URC   ( 2645): [SDK] [java.io.File] [renameTo] [FilePath][String] [/data/data/com.kingroot.kinguser/shared_prefs/switchStats.xml] [DesFile][/data/data/com.kingroot.kinguser/shared_prefs/switchStats.xml.bak]
D/S4URC   ( 2645): [SDK] [java.io.File] [getPath] [FilePath][String] [/data/data/com.kingroot.kinguser/shared_prefs/switchStats.xml]
D/S4URC   ( 2619): [SDK] [android.content.ContentResolver] [update] [URL][String] [content://com.kingroot.kingusesr.mpstorage/multi_sp/switchStats/]
D/S4URC   ( 2645): [SDK] [android.content.ContextWrapper][getSharedPreferences] [File][switchStats.xml] [MODE][MODE_PRIVATE]
D/S4URC   ( 2619): [SDK] [javax.crypto.spec.SecretKeySpec][Constructor] [KEY][3EB4CCC395CDCC229E340094F1A971B2][type][AES][javax.crypto.Cipher][getInstance] [Cipher][AES] [javax.crypto.Cipher][doFinal] [Data][#.#Thu Jun 28 02:28:23 GMT-11:00 2018./data/data/com.kingroot.kinguser/applib/ktools=233|2474610761./data/data/com.kingroot.kinguser/applib/libNativeRQD.so=233|3962955270./data/data/com.kingroot.kinguser/applib/kd=233|382237293./data/data/com.kingroot.kinguser/applib/busybox=233|1483531274./data/data/com.kingroot.kinguser/applib/otasurvival.sh=233|2254977324./data/data/com.kingroot.kinguser/applib/tools=233|1535623958./data/data/com.kingroot.kinguser/applib/libai.so=233|3445627144./data/data/com.kingroot.kinguser/applib/su=233|2061667841.] [Return][cfPqmzCf1Zl/W0+VPtURSdTxQAWC79LcPaT0+A2+g48kcVaaZVKn1Zw7Zvk5JuuJeU0OakBCa6w+B6fb6zmc5dMefn0OQKRDByExJLgJrMstVeZs9IKmzXG3kWcWIOTSJGCi/WFQY78s4gKBBHCyi2k6yZsnITFA6asRMR+8KxQtcpRwholHAnwFmZT8jm045x+OosK3D5kyp3mMqOweX+ymM900HK1zdxM2pqFpJKdqfzjUAhAVg6kVnxHn1OzRijHDfCvmYjgITirrwEAedQuDFrR08JsjvBxPiYlOoMWr+QoD0ijCjUeSJxwk6G/baTrJmychMUDpqxExH7wrFJ+7fq8r0WAq6H6OcF/UZKZcDnFnWVK3rUpMFMAZttOP5VkLstmvrxGz0Z4gJ+HgqOWosju1fDz7wp/Vxn2MTeermlnyjncn01VbykMNZT6JnnOekXAFy/4CYH8klpw1+DWsIe4KGHwJNi0keIlqBzt+8sV1kaMcEN8BqH8Wg/sEJMLtqPhafyFK25pDUMuBbFk/B/9jMTmIEFc+34IvnNCXNJo2+mZp1f8xIJJb+L4geU0OakBCa6w+B6fb6zmc5f1MCKooz29TA9z1vHzbnGxJCWd4JzkptykdEwyojv1ZBTCx6+IZRPuHlURVPm9xWnlNDmpAQmusPgen2+s5nOXwj+C9a4lcrdpAGREb/yL7gTHGXy+f/I2EUlpEow8LFOmnZMPU9CCqZvGC7/TK+dE=]
D/S4URC   ( 2619): [SDK] [java.io.File] [Constructor] [FilePath][String] [/data/data/com.kingroot.kinguser/files/kulibs.conf]
D/S4URC   ( 2619): [SDK] [java.io.File] [getPath] [FilePath][String] [/data/data/com.kingroot.kinguser/files/kulibs.conf]
D/S4URC   ( 2645): [SDK] [android.content.ContextWrapper][getSharedPreferences] [File][switchStats.xml] [MODE][MODE_PRIVATE] [Method][apply]
D/S4URC   ( 2619): [SDK] [android.content.ContentResolver] [update] [URL][String] [content://com.kingroot.kingusesr.mpstorage/multi_sp/switchStats/]
D/S4URC   ( 2645): [SDK] [android.content.ContextWrapper][getSharedPreferences] [File][switchStats.xml] [MODE][MODE_PRIVATE]
D/S4URC   ( 2645): [SDK] [android.content.ContextWrapper][getSharedPreferences] [File][switchStats.xml] [MODE][MODE_PRIVATE] [Method][putString] [Key][100191] [Value][1530192503820&1;]
D/S4URC   ( 2645): [SDK] [android.content.ContextWrapper][getSharedPreferences] [File][switchStats.xml] [MODE][MODE_PRIVATE] [Method][apply]
D/S4URC   ( 2619): [SDK] [android.content.ContentResolver] [update] [URL][String] [content://com.kingroot.kingusesr.mpstorage/multi_sp/switchStats/]
D/S4URC   ( 2645): [SDK] [java.io.File] [getPath] [FilePath][String] [/data/data/com.kingroot.kinguser/shared_prefs/switchStats.xml]
D/S4URC   ( 2645): [SDK] [android.content.ContextWrapper][getSharedPreferences] [File][switchStats.xml] [MODE][MODE_PRIVATE]
D/S4URC   ( 2645): [SDK] [java.io.File] [getPath] [FilePath][String] [/data/data/com.kingroot.kinguser/shared_prefs/switchStats.xml]
D/S4URC   ( 2645): [SDK] [java.io.File] [delete] [FilePath][String] [/data/data/com.kingroot.kinguser/shared_prefs/switchStats.xml.bak]
D/S4URC   ( 2645): [SDK] [android.content.ContextWrapper][getSharedPreferences] [File][switchStats.xml] [MODE][MODE_PRIVATE] [Method][apply]
D/S4URC   ( 2645): [SDK] [java.io.File] [exists] [FilePath][String] [/data/data/com.kingroot.kinguser/shared_prefs/switchStats.xml]
D/S4URC   ( 2645): [SDK] [java.io.File] [exists] [FilePath][String] [/data/data/com.kingroot.kinguser/shared_prefs/switchStats.xml.bak]
D/S4URC   ( 2645): [SDK] [java.io.File] [renameTo] [FilePath][String] [/data/data/com.kingroot.kinguser/shared_prefs/switchStats.xml] [DesFile][/data/data/com.kingroot.kinguser/shared_prefs/switchStats.xml.bak]
D/S4URC   ( 2645): [SDK] [java.io.File] [getPath] [FilePath][String] [/data/data/com.kingroot.kinguser/shared_prefs/switchStats.xml]
D/S4URC   ( 2645): [SDK] [java.lang.Class] [forName] [FindClass][String] [android.os.ServiceManager]
D/S4URC   ( 2645): [SDK] [java.lang.Class] [forName] [FindClass][String] [com.kingroot.kinguser.aeh]
D/S4URC   ( 2645): [SDK] [java.io.File] [getPath] [FilePath][String] [/data/data/com.kingroot.kinguser/shared_prefs/actionStats.xml]
D/S4URC   ( 2645): [SDK] [android.content.ContextWrapper][getSharedPreferences] [File][actionStats.xml] [MODE][MODE_PRIVATE]
D/S4URC   ( 2645): [SDK] [android.content.ContextWrapper][getSharedPreferences] [File][actionStats.xml] [MODE][MODE_PRIVATE] [Method][getString] [String][100029] [Return][1530192503567&1;1530192503576&1;]
D/S4URC   ( 2645): [SDK] [java.io.File] [getPath] [FilePath][String] [/data/data/com.kingroot.kinguser/shared_prefs/actionStats.xml]
D/S4URC   ( 2645): [SDK] [java.io.File] [getPath] [FilePath][String] [/data/data/com.kingroot.kinguser/shared_prefs/switchStats.xml]
D/S4URC   ( 2645): [SDK] [android.content.ContextWrapper][getSharedPreferences] [File][actionStats.xml] [MODE][MODE_PRIVATE]
D/S4URC   ( 2645): [SDK] [java.io.File] [getPath] [FilePath][String] [/data/data/com.kingroot.kinguser/shared_prefs/switchStats.xml]
D/S4URC   ( 2645): [SDK] [android.content.ContextWrapper][getSharedPreferences] [File][actionStats.xml] [MODE][MODE_PRIVATE] [Method][putString] [Key][100029] [Value][1530192503567&1;1530192503576&1;1530192503831&1;]
D/S4URC   ( 2645): [SDK] [java.io.File] [delete] [FilePath][String] [/data/data/com.kingroot.kinguser/shared_prefs/switchStats.xml.bak]
D/S4URC   ( 2645): [SDK] [java.io.File] [exists] [FilePath][String] [/data/data/com.kingroot.kinguser/shared_prefs/actionStats.xml]
D/S4URC   ( 2645): [SDK] [java.io.File] [exists] [FilePath][String] [/data/data/com.kingroot.kinguser/shared_prefs/actionStats.xml.bak]
D/S4URC   ( 2645): [SDK] [java.io.File] [renameTo] [FilePath][String] [/data/data/com.kingroot.kinguser/shared_prefs/actionStats.xml] [DesFile][/data/data/com.kingroot.kinguser/shared_prefs/actionStats.xml.bak]
D/S4URC   ( 2645): [SDK] [java.io.File] [getPath] [FilePath][String] [/data/data/com.kingroot.kinguser/shared_prefs/actionStats.xml]
D/S4URC   ( 2645): [SDK] [java.io.File] [exists] [FilePath][String] [/data/data/com.kingroot.kinguser/shared_prefs/switchStats.xml]
D/S4URC   ( 2645): [SDK] [java.io.File] [exists] [FilePath][String] [/data/data/com.kingroot.kinguser/shared_prefs/switchStats.xml.bak]
D/S4URC   ( 2645): [SDK] [java.io.File] [renameTo] [FilePath][String] [/data/data/com.kingroot.kinguser/shared_prefs/switchStats.xml] [DesFile][/data/data/com.kingroot.kinguser/shared_prefs/switchStats.xml.bak]
D/S4URC   ( 2645): [SDK] [java.io.File] [getPath] [FilePath][String] [/data/data/com.kingroot.kinguser/shared_prefs/switchStats.xml]
D/S4URC   ( 2645): [SDK] [java.io.File] [getPath] [FilePath][String] [/data/data/com.kingroot.kinguser/shared_prefs/actionStats.xml]
D/S4URC   ( 2645): [SDK] [java.io.File] [delete] [FilePath][String] [/data/data/com.kingroot.kinguser/shared_prefs/actionStats.xml.bak]
D/S4URC   ( 2645): [SDK] [android.content.ContextWrapper][getSharedPreferences] [File][actionStats.xml] [MODE][MODE_PRIVATE] [Method][commit]
D/S4URC   ( 2645): [SDK] [java.io.File] [getPath] [FilePath][String] [/data/data/com.kingroot.kinguser/shared_prefs/switchStats.xml]
D/S4URC   ( 2645): [SDK] [java.io.File] [delete] [FilePath][String] [/data/data/com.kingroot.kinguser/shared_prefs/switchStats.xml.bak]
D/S4URC   ( 2645): [SDK] [java.io.File] [getPath] [FilePath][String] [/data/data/com.kingroot.kinguser/shared_prefs/actionStats.xml]
D/S4URC   ( 2645): [SDK] [android.content.ContextWrapper][getSharedPreferences] [File][actionStats.xml] [MODE][MODE_PRIVATE]
D/S4URC   ( 2619): [SDK] [android.content.ContentResolver] [registerContentObserver] [URL][String] [content://settings/system/enable_stylus_gestures]
D/S4URC   ( 2645): [SDK] [android.content.ContextWrapper][getSharedPreferences] [File][actionStats.xml] [MODE][MODE_PRIVATE] [Method][getString] [String][100029] [Return][1530192503567&1;1530192503576&1;1530192503831&1;]
D/S4URC   ( 2645): [SDK] [java.io.File] [getPath] [FilePath][String] [/data/data/com.kingroot.kinguser/shared_prefs/actionStats.xml]
D/S4URC   ( 2645): [SDK] [android.content.ContextWrapper][getSharedPreferences] [File][actionStats.xml] [MODE][MODE_PRIVATE]
D/S4URC   ( 2645): [SDK] [android.content.ContextWrapper][getSharedPreferences] [File][actionStats.xml] [MODE][MODE_PRIVATE] [Method][putString] [Key][100029] [Value][1530192503567&1;1530192503576&1;1530192503831&1;1530192503843&1;]
D/S4URC   ( 2645): [SDK] [java.io.File] [exists] [FilePath][String] [/data/data/com.kingroot.kinguser/shared_prefs/actionStats.xml]
D/S4URC   ( 2645): [SDK] [java.io.File] [exists] [FilePath][String] [/data/data/com.kingroot.kinguser/shared_prefs/actionStats.xml.bak]
D/S4URC   ( 2645): [SDK] [java.io.File] [renameTo] [FilePath][String] [/data/data/com.kingroot.kinguser/shared_prefs/actionStats.xml] [DesFile][/data/data/com.kingroot.kinguser/shared_prefs/actionStats.xml.bak]
D/S4URC   ( 2645): [SDK] [java.io.File] [getPath] [FilePath][String] [/data/data/com.kingroot.kinguser/shared_prefs/actionStats.xml]
D/S4URC   ( 2645): [SDK] [java.io.File] [exists] [FilePath][String] [/data/data/com.kingroot.kinguser/shared_prefs/switchStats.xml]
D/S4URC   ( 2645): [SDK] [android.content.ContextWrapper][getSharedPreferences] [File][actionStats.xml] [MODE][MODE_PRIVATE]
D/S4URC   ( 2645): [SDK] [android.content.ContextWrapper][getSharedPreferences] [File][actionStats.xml] [MODE][MODE_PRIVATE] [Method][getString] [String][100029] [Return][1530192503567&1;1530192503576&1;1530192503831&1;1530192503843&1;]
D/S4URC   ( 2645): [SDK] [android.content.ContextWrapper][getSharedPreferences] [File][actionStats.xml] [MODE][MODE_PRIVATE]
D/S4URC   ( 2645): [SDK] [android.content.ContextWrapper][getSharedPreferences] [File][actionStats.xml] [MODE][MODE_PRIVATE] [Method][getString] [String][100029] [Return][1530192503567&1;1530192503576&1;1530192503831&1;1530192503843&1;]
D/S4URC   ( 2645): [SDK] [android.content.ContextWrapper][getSharedPreferences] [File][actionStats.xml] [MODE][MODE_PRIVATE]
D/S4URC   ( 2645): [SDK] [android.content.ContextWrapper][getSharedPreferences] [File][actionStats.xml] [MODE][MODE_PRIVATE] [Method][putString] [Key][100029] [Value][1530192503567&1;1530192503576&1;1530192503831&1;1530192503843&1;1530192503847&1;]
D/S4URC   ( 2645): [SDK] [android.content.ContextWrapper][getSharedPreferences] [File][actionStats.xml] [MODE][MODE_PRIVATE]
D/S4URC   ( 2645): [SDK] [android.content.ContextWrapper][getSharedPreferences] [File][actionStats.xml] [MODE][MODE_PRIVATE] [Method][putString] [Key][100029] [Value][1530192503567&1;1530192503576&1;1530192503831&1;1530192503843&1;1530192503847&1;]
D/S4URC   ( 2645): [SDK] [java.io.File] [getPath] [FilePath][String] [/data/data/com.kingroot.kinguser/shared_prefs/actionStats.xml]
D/S4URC   ( 2645): [SDK] [java.io.File] [delete] [FilePath][String] [/data/data/com.kingroot.kinguser/shared_prefs/actionStats.xml.bak]
D/S4URC   ( 2645): [SDK] [android.content.ContextWrapper][getSharedPreferences] [File][actionStats.xml] [MODE][MODE_PRIVATE] [Method][commit]
D/S4URC   ( 2645): [SDK] [java.io.File] [exists] [FilePath][String] [/data/data/com.kingroot.kinguser/shared_prefs/actionStats.xml]
D/S4URC   ( 2645): [SDK] [java.io.File] [exists] [FilePath][String] [/data/data/com.kingroot.kinguser/shared_prefs/actionStats.xml.bak]
D/S4URC   ( 2645): [SDK] [java.io.File] [renameTo] [FilePath][String] [/data/data/com.kingroot.kinguser/shared_prefs/actionStats.xml] [DesFile][/data/data/com.kingroot.kinguser/shared_prefs/actionStats.xml.bak]
D/S4URC   ( 2645): [SDK] [java.io.File] [getPath] [FilePath][String] [/data/data/com.kingroot.kinguser/shared_prefs/actionStats.xml]
D/S4URC   ( 2645): [SDK] [java.io.File] [exists] [FilePath][String] [/system/xbin/su]
D/S4URC   ( 2645): [SDK] [java.io.File] [Constructor] [FilePath][String] [/data/data/com.kingroot.kinguser]
D/S4URC   ( 2645): [SDK] [java.io.File] [canRead] [FilePath][String] [/data/data/com.kingroot.kinguser]
D/S4URC   ( 2645): [SDK] [java.io.File] [canWrite] [FilePath][String] [/data/data/com.kingroot.kinguser]
D/S4URC   ( 2645): [SDK] [java.io.File] [getPath] [FilePath][String] [/data/data/com.kingroot.kinguser]
D/S4URC   ( 2645): [SDK] [java.io.File] [exists] [FilePath][String] [/data/data/com.kingroot.kinguser/applib]
D/S4URC   ( 2645): [SDK] [java.io.File] [getPath] [FilePath][String] [/data/data/com.kingroot.kinguser/shared_prefs/actionStats.xml]
D/S4URC   ( 2645): [SDK] [java.io.File] [getPath] [FilePath][String] [/data/data/com.kingroot.kinguser/applib]
D/S4URC   ( 2645): [SDK] [java.io.File] [exists] [FilePath][String] [/data/data/com.kingroot.kinguser/applib/su]
D/S4URC   ( 2645): [SDK] [java.io.File] [Constructor] [FilePath][String] [/data/data/com.kingroot.kinguser/applib/su]
D/S4URC   ( 2645): [SDK] [java.io.File] [exists] [FilePath][String] [/data/data/com.kingroot.kinguser/applib/su]
D/S4URC   ( 2645): [SDK] [java.io.File] [getPath] [FilePath][String] [/data/data/com.kingroot.kinguser/shared_prefs/actionStats.xml]
D/S4URC   ( 2645): [SDK] [java.io.File] [exists] [FilePath][String] [/data/data/com.kingroot.kinguser/applib/su]
D/S4URC   ( 2645): [SDK] [java.io.File] [isFile] [FilePath][String] [/data/data/com.kingroot.kinguser/applib/su]
D/S4URC   ( 2645): [SDK] [java.io.File] [delete] [FilePath][String] [/data/data/com.kingroot.kinguser/shared_prefs/actionStats.xml.bak]
D/S4URC   ( 2645): [SDK] [java.io.File] [getPath] [FilePath][String] [/data/data/com.kingroot.kinguser/applib/su]
D/S4URC   ( 2645): [SDK] [java.io.File] [exists] [FilePath][String] [/data/data/com.kingroot.kinguser/shared_prefs/actionStats.xml]
D/S4URC   ( 2645): [SDK] [java.io.File] [exists] [FilePath][String] [/system/xbin/su]
D/S4URC   ( 2645): [SDK] [java.io.File] [isFile] [FilePath][String] [/system/xbin/su]
D/S4URC   ( 2645): [SDK] [java.io.File] [getPath] [FilePath][String] [/system/xbin/su]
D/S4URC   ( 2645):  [Method][getInt] [Int][KWorkStatus] [Return][0]
D/S4URC   ( 2645): [SDK] [java.io.File] [getPath] [FilePath][String] [/data/data/com.kingroot.kinguser/shared_prefs]
D/S4URC   ( 2645): [SDK] [java.io.File] [getPath] [FilePath][String] [/data/data/com.kingroot.kinguser/shared_prefs/ImmediaDataStats.xml]
D/S4URC   ( 2645): [SDK] [java.io.File] [Constructor] [FilePath][String] [/data/data/com.kingroot.kinguser/shared_prefs/ImmediaDataStats.xml.bak]
D/S4URC   ( 2645): [SDK] [java.io.File] [exists] [FilePath][String] [/data/data/com.kingroot.kinguser/shared_prefs/ImmediaDataStats.xml]
D/S4URC   ( 2645): [SDK] [android.content.ContextWrapper][getSharedPreferences] [File][ImmediaDataStats.xml] [MODE][MODE_PRIVATE]
D/S4URC   ( 2645): [SDK] [java.io.File] [exists] [FilePath][String] [/data/data/com.kingroot.kinguser/shared_prefs/ImmediaDataStats.xml.bak]
D/S4URC   ( 2645): [SDK] [java.io.File] [exists] [FilePath][String] [/data/data/com.kingroot.kinguser/shared_prefs/ImmediaDataStats.xml]
D/S4URC   ( 2645): [SDK] [java.io.File] [getPath] [FilePath][String] [/data/data/com.kingroot.kinguser/shared_prefs/ImmediaDataStats.xml]
D/S4URC   ( 2645): [SDK] [android.content.ContextWrapper][getSharedPreferences] [File][ImmediaDataStats.xml] [MODE][MODE_PRIVATE] [Method][getInt] [Int][100254] [Return][0]
D/S4URC   ( 2645): [SDK] [java.io.File] [Constructor] [FilePath][String] [/proc/version]
D/S4URC   ( 2645): [SDK] [java.io.File] [getPath] [FilePath][String] [/proc/version]
D/S4URC   ( 2645): [SDK] [java.io.File] [getPath] [FilePath][String] [/data/data/com.kingroot.kinguser/shared_prefs/ImmediaDataStats.xml]
D/S4URC   ( 2645): [SDK] [android.content.ContextWrapper][getSharedPreferences] [File][ImmediaDataStats.xml] [MODE][MODE_PRIVATE]
D/S4URC   ( 2645): [SDK] [java.io.File] [exists] [FilePath][String] [/data/data/com.kingroot.kinguser/shared_prefs/ImmediaDataStats.xml.bak]
D/S4URC   ( 2645): [SDK] [java.io.File] [exists] [FilePath][String] [/data/data/com.kingroot.kinguser/shared_prefs/ImmediaDataStats.xml]
D/S4URC   ( 2645): [SDK] [java.io.File] [getPath] [FilePath][String] [/data/data/com.kingroot.kinguser/shared_prefs/ImmediaDataStats.xml]
D/S4URC   ( 2645): [SDK] [android.content.ContextWrapper][getSharedPreferences] [File][ImmediaDataStats.xml] [MODE][MODE_PRIVATE] [Method][getInt] [Int][100254] [Return][0]
D/S4URC   ( 2645): [SDK] [java.io.File] [getPath] [FilePath][String] [/data/data/com.kingroot.kinguser/shared_prefs/ImmediaDataStats.xml]
D/S4URC   ( 2645): [SDK] [android.content.ContextWrapper][getSharedPreferences] [File][ImmediaDataStats.xml] [MODE][MODE_PRIVATE]
D/S4URC   ( 2645): [SDK] [java.io.File] [exists] [FilePath][String] [/data/data/com.kingroot.kinguser/shared_prefs/ImmediaDataStats.xml.bak]
D/S4URC   ( 2645): [SDK] [java.io.File] [exists] [FilePath][String] [/data/data/com.kingroot.kinguser/shared_prefs/ImmediaDataStats.xml]
D/S4URC   ( 2645): [SDK] [java.io.File] [getPath] [FilePath][String] [/data/data/com.kingroot.kinguser/shared_prefs/ImmediaDataStats.xml]
D/S4URC   ( 2645): [SDK] [android.content.ContextWrapper][getSharedPreferences] [File][ImmediaDataStats.xml] [MODE][MODE_PRIVATE] [Method][putString] [Key][100254_1] [Value][-1|-1|samsung/galaxy/galaxys5:5.1.1/LMY49J/8f616e92bc:user/release-keys|Linux version 3.10.9+ (root@ubuntu) (gcc version 4.9.2 20140904 (prerelease) (crosstool-NG linaro-1.13.1-4.9-2014.09 - Linaro GCC 4.9-2014.09) ) #3 SMP PREEMPT Tue Dec 12 16:28:08 KST 2017|samsung|galaxys5|22|1530192503870|-1|247213|0|0||1530192503781|0|0|0|1|0|16 cm-su|16|13876bde19da7d430220ae9071a726d9]
D/S4URC   ( 2645): [SDK] [java.io.File] [exists] [FilePath][String] [/data/data/com.kingroot.kinguser/shared_prefs/ImmediaDataStats.xml]
D/S4URC   ( 2645): [SDK] [java.io.File] [getPath] [FilePath][String] [/data/data/com.kingroot.kinguser/shared_prefs/ImmediaDataStats.xml]
D/S4URC   ( 2645): [SDK] [java.io.File] [Constructor] [FilePath][String] [/data/data/com.kingroot.kinguser/app_kpex/kingroot.jar]
D/S4URC   ( 2645): [SDK] [java.io.File] [exists] [FilePath][String] [/data/data/com.kingroot.kinguser/app_kpex/kingroot.jar]
D/S4URC   ( 2645): [SDK] [java.io.File] [Constructor] [FilePath][String] [/data/data/com.kingroot.kinguser/app_kpex/kingroot.jar]
D/S4URC   ( 2645): [SDK] [java.io.File] [exists] [FilePath][String] [/data/data/com.kingroot.kinguser/app_kpex/kingroot.jar]
D/S4URC   ( 2645): [SDK] [java.io.File] [getPath] [FilePath][String] [/data/data/com.kingroot.kinguser/app_kpex/kingroot.jar]
D/S4URC   ( 2645): [SDK] [java.io.File] [Constructor] [FilePath][String] [/data/data/com.kingroot.kinguser/app_kpex/kingroot.jar]
D/S4URC   ( 2645): [SDK] [java.io.File] [getPath] [FilePath][String] [/data/data/com.kingroot.kinguser/app_kpex/kingroot.jar]
D/S4URC   ( 2645): [SDK] [java.io.File] [getPath] [FilePath][String] [/data/data/com.kingroot.kinguser/shared_prefs/ImmediaDataStats.xml]
D/S4URC   ( 2645): [SDK] [java.io.File] [delete] [FilePath][String] [/data/data/com.kingroot.kinguser/shared_prefs/ImmediaDataStats.xml.bak]
D/S4URC   ( 2645): [SDK] [android.content.ContextWrapper][getSharedPreferences] [File][ImmediaDataStats.xml] [MODE][MODE_PRIVATE] [Method][commit]
D/S4URC   ( 2645): [SDK] [java.io.File] [getPath] [FilePath][String] [/data/data/com.kingroot.kinguser/shared_prefs/ImmediaDataStats.xml]
D/S4URC   ( 2645): [SDK] [android.content.ContextWrapper][getSharedPreferences] [File][ImmediaDataStats.xml] [MODE][MODE_PRIVATE]
D/S4URC   ( 2645): [SDK] [android.content.ContextWrapper][getSharedPreferences] [File][ImmediaDataStats.xml] [MODE][MODE_PRIVATE] [Method][putInt] [Key][100254] [Value][1]
D/S4URC   ( 2645): [SDK] [java.io.File] [exists] [FilePath][String] [/data/data/com.kingroot.kinguser/shared_prefs/ImmediaDataStats.xml]
D/S4URC   ( 2645): [SDK] [java.io.File] [exists] [FilePath][String] [/data/data/com.kingroot.kinguser/shared_prefs/ImmediaDataStats.xml.bak]
D/S4URC   ( 2645): [SDK] [java.io.File] [renameTo] [FilePath][String] [/data/data/com.kingroot.kinguser/shared_prefs/ImmediaDataStats.xml] [DesFile][/data/data/com.kingroot.kinguser/shared_prefs/ImmediaDataStats.xml.bak]
D/S4URC   ( 2645): [SDK] [java.io.File] [getPath] [FilePath][String] [/data/data/com.kingroot.kinguser/shared_prefs/ImmediaDataStats.xml]
D/S4URC   ( 2645): [SDK] [java.io.File] [delete] [FilePath][String] [/data/data/com.kingroot.kinguser/shared_prefs/ImmediaDataStats.xml.bak]
D/S4URC   ( 2645): [SDK] [android.content.ContextWrapper][getSharedPreferences] [File][ImmediaDataStats.xml] [MODE][MODE_PRIVATE] [Method][commit]
D/S4URC   ( 2645): [SDK] [java.io.File] [Constructor] [FilePath][String] [/data/data/com.kingroot.kinguser/app_kpex/kingroot.jar]
D/S4URC   ( 2645): [SDK] [java.io.File] [exists] [FilePath][String] [/data/data/com.kingroot.kinguser/app_kpex/kingroot.jar]
D/S4URC   ( 2645): [SDK] [java.io.File] [Constructor] [FilePath][String] [/data/data/com.kingroot.kinguser/app_workspace/app/com.kingroot.RushRoot-6122de20a94ae6d97defb274e7cccc84.apk]
D/S4URC   ( 2645): [SDK] [java.io.File] [exists] [FilePath][String] [/data/data/com.kingroot.kinguser/app_workspace/app/com.kingroot.RushRoot-6122de20a94ae6d97defb274e7cccc84.apk]
D/S4URC   ( 2645): [SDK] [java.io.File] [renameTo] [FilePath][String] [/data/data/com.kingroot.kinguser/app_kpex/kingroot.jar] [DesFile][/data/data/com.kingroot.kinguser/app_workspace/app/com.kingroot.RushRoot-6122de20a94ae6d97defb274e7cccc84.apk]
D/S4URC   ( 2645): [SDK] [java.io.File] [Constructor] [FilePath][String] [/data/data/com.kingroot.kinguser/app_workspace/app/com.kingroot.RushRoot-6122de20a94ae6d97defb274e7cccc84.apk]
D/S4URC   ( 2645): [SDK] [java.io.File] [exists] [FilePath][String] [/data/data/com.kingroot.kinguser/app_workspace/app/com.kingroot.RushRoot-6122de20a94ae6d97defb274e7cccc84.apk]
D/S4URC   ( 2645): [SDK] [java.io.File] [Constructor] [FilePath][String] [/data/data/com.kingroot.kinguser/app_workspace/data/com.kingroot.RushRoot]
D/S4URC   ( 2645): [SDK] [java.io.File] [exists] [FilePath][String] [/data/data/com.kingroot.kinguser/app_workspace/data/com.kingroot.RushRoot]
D/S4URC   ( 2645): [SDK] [java.io.File] [mkdirs] [FilePath][String] [/data/data/com.kingroot.kinguser/app_workspace/data/com.kingroot.RushRoot]
D/S4URC   ( 2645): [SDK] [java.io.File] [getPath] [FilePath][String] [/data/data/com.kingroot.kinguser/app_workspace/data]
D/S4URC   ( 2645): [SDK] [java.io.File] [exists] [FilePath][String] [/data/data/com.kingroot.kinguser/app_workspace/data/com.kingroot.RushRoot]
D/S4URC   ( 2645): [SDK] [java.io.File] [Constructor] [FilePath][String] [/data/data/com.kingroot.kinguser/app_workspace/app/com.kingroot.RushRoot-6122de20a94ae6d97defb274e7cccc84.apk]
D/S4URC   ( 2645): [SDK] [java.io.File] [exists] [FilePath][String] [/data/data/com.kingroot.kinguser/app_workspace/app/com.kingroot.RushRoot-6122de20a94ae6d97defb274e7cccc84.apk]
D/S4URC   ( 2645): [SDK] [java.io.File] [Constructor] [FilePath][String] [/data/data/com.kingroot.kinguser/app_workspace/data/com.kingroot.RushRoot/lib/]
D/S4URC   ( 2645): [SDK] [java.io.File] [exists] [FilePath][String] [/data/data/com.kingroot.kinguser/app_workspace/data/com.kingroot.RushRoot/lib]
D/S4URC   ( 2645): [SDK] [java.io.File] [Constructor] [FilePath][String] [/data/data/com.kingroot.kinguser/app_workspace/data/com.kingroot.RushRoot]
D/S4URC   ( 2645): [SDK] [java.io.File] [exists] [FilePath][String] [/data/data/com.kingroot.kinguser/app_workspace/data/com.kingroot.RushRoot]
