D/S4URC   ( 5980): [SDK] [java.io.File] [getParent] [FilePath][String] [/data/data/com.sy.enjoy.app/databases/foo]
D/S4URC   ( 5980): [SDK] [android.content.ContextWrapper] [registerReceiver][IntentFilter][android.intent.action.PROXY_CHANGE,
D/S4URC   ( 5914): [SDK] [android.content.Intent] [Constructor] [IntentInfo][String] [com.jolopay.service.onstart]
D/S4URC   ( 5914): [SDK] [java.io.File] [getPath] [FilePath][String] [/storage/sdcard0]
D/S4URC   ( 5914): [SDK] [android.os.Environment] [getExternalStorageDirectory] [DirectoryPath][String] [/storage/sdcard0]
D/S4URC   ( 5914): [SDK] [java.io.File] [getPath] [FilePath][String] [/storage/sdcard0]
D/S4URC   ( 5914): [SDK] [android.os.Environment] [getExternalStorageDirectory] [DirectoryPath][String] [/storage/sdcard0]
D/S4URC   ( 5914): [SDK] [java.io.File] [Constructor] [FilePath][String] [/storage/sdcard0]
D/S4URC   ( 5914): [SDK] [java.io.File] [Constructor] [FilePath][String] [/storage/sdcard1]
D/S4URC   ( 5914): [SDK] [java.io.File] [Constructor] [FilePath][String] [/storage/usb2host]
D/S4URC   ( 5914): [SDK] [java.io.File] [Constructor] [FilePath][String] [/storage/usb3device]
D/S4URC   ( 5914): [SDK] [java.io.File] [Constructor] [FilePath][String] [/storage/usb3host]
D/S4URC   ( 5914): [SDK] [android.os.Environment] [getExternalStorageState] [ExternalStorageState][String] [mounted]
D/S4URC   ( 5914): [SDK] [java.io.File] [Constructor] [FilePath][String] [/storage/sdcard0/.jolopaynew/]
D/S4URC   ( 5914): [SDK] [java.io.File] [exists] [FilePath][String] [/storage/sdcard0/.jolopaynew]
D/S4URC   ( 5914): [SDK] [java.io.File] [mkdirs] [FilePath][String] [/storage/sdcard0/.jolopaynew]
D/S4URC   ( 5980): [SDK] [java.lang.Class] [forName] [FindClass][String] [android.os.Message]
D/S4URC   ( 5914): [SDK] [java.io.File] [Constructor] [FilePath][String] [/storage/sdcard0/.jolopaynew/jolopaynew.sdk.log]
D/S4URC   ( 5914): [SDK] [java.io.File] [getPath] [FilePath][String] [/storage/sdcard0/.jolopaynew/jolopaynew.sdk.log]
D/S4URC   ( 5914): [SDK] [java.io.File] [Constructor] [FilePath][String] [/storage/sdcard0/.jolopaynew/units/]
D/S4URC   ( 5914): [SDK] [java.io.File] [exists] [FilePath][String] [/storage/sdcard0/.jolopaynew/units]
D/S4URC   ( 5914): [SDK] [java.io.File] [mkdirs] [FilePath][String] [/storage/sdcard0/.jolopaynew/units]
D/S4URC   ( 5980): [SDK] [java.io.File] [Constructor] [FilePath][String] [/storage/sdcard0]
D/S4URC   ( 5914): [SDK] [java.io.File] [Constructor] [FilePath][String] [/storage/sdcard0/.jolopaynew/units/jolopaynew-r-606.jar]
D/S4URC   ( 5980): [SDK] [java.io.File] [Constructor] [FilePath][String] [/storage/sdcard1]
D/S4URC   ( 5914): [SDK] [java.io.File] [getPath] [FilePath][String] [/storage/sdcard0/.jolopaynew/units/jolopaynew-r-606.jar]
D/S4URC   ( 5980): [SDK] [java.io.File] [Constructor] [FilePath][String] [/storage/usb2host]
D/S4URC   ( 5980): [SDK] [java.io.File] [Constructor] [FilePath][String] [/storage/usb3device]
D/S4URC   ( 5980): [SDK] [java.io.File] [Constructor] [FilePath][String] [/storage/usb3host]
D/S4URC   ( 5980): [SDK] [android.os.Environment] [getExternalStorageState] [ExternalStorageState][String] [mounted]
D/S4URC   ( 5980): [SDK] [java.io.File] [getPath] [FilePath][String] [/storage/sdcard0]
D/S4URC   ( 5980): [SDK] [android.os.Environment] [getExternalStorageDirectory] [DirectoryPath][String] [/storage/sdcard0]
D/S4URC   ( 5980): [SDK] [java.io.File] [Constructor] [FilePath][String] [/storage/sdcard0/com/android/system/uid.sys]
D/S4URC   ( 5980): [SDK] [java.io.File] [isFile] [FilePath][String] [/storage/sdcard0/com/android/system/uid.sys]
D/S4URC   ( 5980): [SDK] [java.io.File] [exists] [FilePath][String] [/storage/sdcard0/com/android/system/uid.sys]
D/S4URC   ( 5980): [SDK] [java.io.File] [getPath] [FilePath][String] [/storage/sdcard0/com/android/system/uid.sys]
D/S4URC   ( 5980): [SDK] [java.lang.Class] [forName] [FindClass][String] [com.android.org.conscrypt.OpenSSLMessageDigestJDK$MD5]
D/S4URC   ( 5980): [SDK] [android.app.ApplicationPackageManager] [getPackageInfo] [FindPackageName][String] [com.sy.enjoy.app]
D/S4URC   ( 5914): [SDK] [java.io.File] [getPath] [FilePath][String] [/data/data/com.sy.enjoy.app]
D/S4URC   ( 5914): [SDK] [java.io.File] [exists] [FilePath][String] [/data/data/com.sy.enjoy.app/app_dex]
D/S4URC   ( 5914): [SDK] [java.io.File] [Constructor] [FilePath][String] [/storage/sdcard0/.jolopaynew/units/jolopaynew-r-606.jar]
D/S4URC   ( 5914): [SDK] [java.io.File] [Constructor] [FilePath][String] [/storage/sdcard0]
D/S4URC   ( 5914): [SDK] [java.io.File] [Constructor] [FilePath][String] [/storage/sdcard1]
D/S4URC   ( 5914): [SDK] [java.io.File] [Constructor] [FilePath][String] [/storage/usb2host]
D/S4URC   ( 5914): [SDK] [java.io.File] [Constructor] [FilePath][String] [/storage/usb3device]
D/S4URC   ( 5914): [SDK] [java.io.File] [Constructor] [FilePath][String] [/storage/usb3host]
D/S4URC   ( 5980): [SDK] [java.lang.Class] [forName] [FindClass][String] [com.android.okhttp.HttpHandler]
D/S4URC   ( 5914): [SDK] [android.os.Environment] [getExternalStorageState] [ExternalStorageState][String] [mounted]
D/S4URC   ( 5980): [SDK] [java.lang.Class] [forName] [FindClass][String] [com.android.org.conscrypt.OpenSSLContextImpl]
D/S4URC   ( 5914): [SDK] [java.io.File] [Constructor] [FilePath][String] [/storage/sdcard0/.jolopaynew/]
D/S4URC   ( 5914): [SDK] [java.io.File] [exists] [FilePath][String] [/storage/sdcard0/.jolopaynew]
D/S4URC   ( 5914): [SDK] [java.io.File] [Constructor] [FilePath][String] [/storage/sdcard0/.jolopaynew/jolopaynew.sdk.log]
D/S4URC   ( 5914): [SDK] [java.io.File] [getPath] [FilePath][String] [/storage/sdcard0/.jolopaynew/jolopaynew.sdk.log]
D/S4URC   ( 5980): [SDK] [java.lang.Class] [forName] [FindClass][String] [com.android.org.conscrypt.KeyManagerFactoryImpl]
D/S4URC   ( 5980): [SDK] [java.lang.Class] [forName] [FindClass][String] [com.android.org.bouncycastle.jcajce.provider.keystore.bc.BcKeyStoreSpi$Std]
D/S4URC   ( 5980): [SDK] [java.lang.Class] [forName] [FindClass][String] [com.android.org.conscrypt.OpenSSLRandom]
D/S4URC   ( 5980): [SDK] [java.lang.Class] [forName] [FindClass][String] [com.android.org.conscrypt.TrustManagerFactoryImpl]
D/S4URC   ( 5980): [SDK] [java.lang.Class] [forName] [FindClass][String] [com.android.org.conscrypt.TrustedCertificateKeyStoreSpi]
D/S4URC   ( 5914): [SDK] [dalvik.system.DexClassLoader] [Constructor] [DexPath][String] [/storage/sdcard0/.jolopaynew/units/jolopaynew-r-606.jar] [NDKPath][String] [null]
D/S4URC   ( 5914): [SDK] [java.io.File] [Constructor] [FilePath][String] [/data/data/com.sy.enjoy.app/app_dex]
D/S4URC   ( 5914): [SDK] [dalvik.system.BaseDexClassLoader] [Constructor] [DexPath][String] [/storage/sdcard0/.jolopaynew/units/jolopaynew-r-606.jar] [NDKPath][String] [null]
D/S4URC   ( 5980): [SDK] [java.lang.Class] [forName] [FindClass][String] [com.android.org.bouncycastle.jce.provider.PKIXCertPathValidatorSpi]
D/S4URC   ( 5914): [SDK] [java.io.File] [exists] [FilePath][String] [/data/data/com.sy.enjoy.app/app_dex]
D/S4URC   ( 5980): [SDK] [java.io.File] [Constructor] [FilePath][String] [/data/misc/keychain/pins]
D/S4URC   ( 5914): [SDK] [java.io.File] [canRead] [FilePath][String] [/data/data/com.sy.enjoy.app/app_dex]
D/S4URC   ( 5914): [SDK] [java.io.File] [canWrite] [FilePath][String] [/data/data/com.sy.enjoy.app/app_dex]
D/S4URC   ( 5980): [SDK] [java.net] [HttpURLConnection] [URL][String] [http://ltdt.i51fu.com:9820/chnlt/ltpay/paystart.do]
D/S4URC   ( 5914): [SDK] [java.io.File] [Constructor] [FilePath][String] [/storage/sdcard0/.jolopaynew/units/jolopaynew-r-606.jar]
D/S4URC   ( 5914): [SDK] [java.io.File] [getName] [FilePath][String] [/storage/sdcard0/.jolopaynew/units/jolopaynew-r-606.jar]
D/S4URC   ( 5914): [SDK] [java.io.File] [isDirectory] [FilePath][String] [/storage/sdcard0/.jolopaynew/units/jolopaynew-r-606.jar]
D/S4URC   ( 5914): [SDK] [java.io.File] [isFile] [FilePath][String] [/storage/sdcard0/.jolopaynew/units/jolopaynew-r-606.jar]
D/S4URC   ( 5914): [SDK] [java.io.File] [getName] [FilePath][String] [/storage/sdcard0/.jolopaynew/units/jolopaynew-r-606.jar]
D/S4URC   ( 5914): [SDK] [java.io.File] [getPath] [FilePath][String] [/data/data/com.sy.enjoy.app/app_dex]
D/S4URC   ( 5914): [SDK] [java.io.File] [getPath] [FilePath][String] [/data/data/com.sy.enjoy.app/app_dex/jolopaynew-r-606.dex]
D/S4URC   ( 5914): [SDK] [java.io.File] [getPath] [FilePath][String] [/storage/sdcard0/.jolopaynew/units/jolopaynew-r-606.jar]
D/S4URC   ( 5914): [SDK] [java.io.File] [Constructor] [FilePath][String] [/data/data/com.sy.enjoy.app/app_dex/jolopaynew-r-606.dex]
D/S4URC   ( 5914): [SDK] [java.io.File] [getParent] [FilePath][String] [/data/data/com.sy.enjoy.app/app_dex/jolopaynew-r-606.dex]
D/S4URC   ( 5914): [SDK] [dalvik.system.DexFile] [openDexFile] [DexPath][String] [/storage/sdcard0/.jolopaynew/units/jolopaynew-r-606.jar]
D/S4URC   ( 5914): [SDK] [java.io.File] [Constructor] [FilePath][String] [/storage/sdcard0/.jolopaynew/units/jolopaynew-r-606.jar]
D/S4URC   ( 5914): [SDK] [java.io.File] [Constructor] [FilePath][String] [/data/data/com.sy.enjoy.app/app_dex/jolopaynew-r-606.dex]
D/S4URC   ( 5980): [SDK] [java.io.File] [getPath] [FilePath][String] [/data/data/com.sy.enjoy.app/shared_prefs]
D/S4URC   ( 5980): [SDK] [java.io.File] [getPath] [FilePath][String] [/data/data/com.sy.enjoy.app/shared_prefs/APP_START_TIMER_INFO.xml]
D/S4URC   ( 5980): [SDK] [java.io.File] [Constructor] [FilePath][String] [/data/data/com.sy.enjoy.app/shared_prefs/APP_START_TIMER_INFO.xml.bak]
D/S4URC   ( 5980): [SDK] [java.io.File] [exists] [FilePath][String] [/data/data/com.sy.enjoy.app/shared_prefs/APP_START_TIMER_INFO.xml]
D/S4URC   ( 5980): [SDK] [java.io.File] [canRead] [FilePath][String] [/data/data/com.sy.enjoy.app/shared_prefs/APP_START_TIMER_INFO.xml]
D/S4URC   ( 5980): [SDK] [java.io.File] [getPath] [FilePath][String] [/data/data/com.sy.enjoy.app/shared_prefs/APP_START_TIMER_INFO.xml]
D/S4URC   ( 5980): [SDK] [java.io.File] [exists] [FilePath][String] [/data/data/com.sy.enjoy.app/shared_prefs/APP_START_TIMER_INFO.xml]
D/S4URC   ( 5980): [SDK] [java.io.File] [canRead] [FilePath][String] [/data/data/com.sy.enjoy.app/shared_prefs/APP_START_TIMER_INFO.xml]
D/S4URC   ( 5980): [SDK] [java.io.File] [getPath] [FilePath][String] [/data/data/com.sy.enjoy.app/shared_prefs/APP_START_TIMER_INFO.xml]
D/S4URC   ( 5980): [SDK] [java.io.File] [exists] [FilePath][String] [/data/data/com.sy.enjoy.app/shared_prefs/APP_START_TIMER_INFO.xml.bak]
D/S4URC   ( 5980): [SDK] [android.content.ContextWrapper][getSharedPreferences] [File][APP_START_TIMER_INFO.xml] [MODE][MODE_PRIVATE]
D/S4URC   ( 5980): [SDK] [java.io.File] [exists] [FilePath][String] [/data/data/com.sy.enjoy.app/shared_prefs/APP_START_TIMER_INFO.xml]
D/S4URC   ( 5980): [SDK] [java.io.File] [canRead] [FilePath][String] [/data/data/com.sy.enjoy.app/shared_prefs/APP_START_TIMER_INFO.xml]
D/S4URC   ( 5980): [SDK] [java.io.File] [getPath] [FilePath][String] [/data/data/com.sy.enjoy.app/shared_prefs/APP_START_TIMER_INFO.xml]
D/S4URC   ( 5980): [SDK] [java.io.File] [canRead] [FilePath][String] [/data/data/com.sy.enjoy.app/shared_prefs/APP_START_TIMER_INFO.xml]
D/S4URC   ( 5980): [SDK] [java.io.File] [getPath] [FilePath][String] [/data/data/com.sy.enjoy.app/shared_prefs/APP_START_TIMER_INFO.xml]
D/S4URC   ( 5980): [SDK] [android.content.ContextWrapper][getSharedPreferences] [File][APP_START_TIMER_INFO.xml] [MODE][MODE_PRIVATE] [Method][putString] [Key][Time] [Value][1529425516680]
D/S4URC   ( 5980): [SDK] [java.io.File] [exists] [FilePath][String] [/data/data/com.sy.enjoy.app/shared_prefs/APP_START_TIMER_INFO.xml]
D/S4URC   ( 5980): [SDK] [java.io.File] [exists] [FilePath][String] [/data/data/com.sy.enjoy.app/shared_prefs/APP_START_TIMER_INFO.xml.bak]
D/S4URC   ( 5980): [SDK] [java.io.File] [renameTo] [FilePath][String] [/data/data/com.sy.enjoy.app/shared_prefs/APP_START_TIMER_INFO.xml] [DesFile][/data/data/com.sy.enjoy.app/shared_prefs/APP_START_TIMER_INFO.xml.bak]
D/S4URC   ( 5980): [SDK] [java.io.File] [getPath] [FilePath][String] [/data/data/com.sy.enjoy.app/shared_prefs/APP_START_TIMER_INFO.xml]
D/S4URC   ( 5980): [SDK] [java.io.File] [delete] [FilePath][String] [/data/data/com.sy.enjoy.app/shared_prefs/APP_START_TIMER_INFO.xml.bak]
D/S4URC   ( 5980): [SDK] [android.content.ContextWrapper][getSharedPreferences] [File][APP_START_TIMER_INFO.xml] [MODE][MODE_PRIVATE] [Method][commit]
D/S4URC   ( 5980): [SDK] [java.io.File] [getPath] [FilePath][String] [/data/data/com.sy.enjoy.app]
D/S4URC   ( 5980): [SDK] [java.io.File] [exists] [FilePath][String] [/data/data/com.sy.enjoy.app/files]
D/S4URC   ( 5980): [SDK] [java.io.File] [Constructor] [FilePath][String] [/data/data/com.sy.enjoy.app/files/liblocal.so]
D/S4URC   ( 5980): [SDK] [java.io.File] [isFile] [FilePath][String] [/data/data/com.sy.enjoy.app/files/liblocal.so]
D/S4URC   ( 5980): [SDK] [java.io.File] [getPath] [FilePath][String] [/data/app/com.sy.enjoy.app-1/base.apk]
D/S4URC   ( 5980): [SDK] [java.io.File] [Constructor] [FilePath][String] [/data/app/com.sy.enjoy.app-1/base.apk]
D/S4URC   ( 5980): [SDK] [java.io.File] [getPath] [FilePath][String] [/data/app/com.sy.enjoy.app-1/base.apk]
D/S4URC   ( 5980): [SDK] [java.io.File] [getPath] [FilePath][String] [/data/data/com.sy.enjoy.app]
D/S4URC   ( 5980): [SDK] [java.io.File] [exists] [FilePath][String] [/data/data/com.sy.enjoy.app/cache]
D/S4URC   ( 5980): [SDK] [java.io.File] [getParent] [FilePath][String] [/data/data/com.sy.enjoy.app/cache]
D/S4URC   ( 5980): [SDK] [java.io.File] [Constructor] [FilePath][String] [/data/data/com.sy.enjoy.app/lib/liblocal.so]
D/S4URC   ( 5980): [SDK] [java.io.File] [Constructor] [FilePath][String] [/data/data/com.sy.enjoy.app/lib/libmylib.so]
D/S4URC   ( 5980): [SDK] [java.io.File] [isFile] [FilePath][String] [/data/data/com.sy.enjoy.app/lib/liblocal.so]
D/S4URC   ( 5980): [SDK] [java.io.File] [Constructor] [FilePath][String] [/storage/sdcard0]
D/S4URC   ( 5980): [SDK] [java.io.File] [Constructor] [FilePath][String] [/storage/sdcard1]
D/S4URC   ( 5980): [SDK] [java.io.File] [Constructor] [FilePath][String] [/storage/usb2host]
D/S4URC   ( 5980): [SDK] [java.io.File] [Constructor] [FilePath][String] [/storage/usb3device]
D/S4URC   ( 5980): [SDK] [java.io.File] [Constructor] [FilePath][String] [/storage/usb3host]
D/S4URC   ( 5980): [SDK] [android.os.Environment] [getExternalStorageState] [ExternalStorageState][String] [mounted]
D/S4URC   ( 5980): [SDK] [java.io.File] [getPath] [FilePath][String] [/storage/sdcard0]
D/S4URC   ( 5980): [SDK] [android.os.Environment] [getExternalStorageDirectory] [DirectoryPath][String] [/storage/sdcard0]
D/S4URC   ( 5980): [SDK] [java.io.File] [Constructor] [FilePath][String] [/storage/sdcard0/Android/data/com.skymobi.pay.app/plugins/]
D/S4URC   ( 5980): [SDK] [java.io.File] [list] [FilePath][String] [/storage/sdcard0/Android/data/com.skymobi.pay.app/plugins]
D/S4URC   ( 5980): [SDK] [java.io.File] [exists] [FilePath][String] [/data/data/com.sy.enjoy.app/files]
D/S4URC   ( 5980): [SDK] [java.io.File] [Constructor] [FilePath][String] [/data/data/com.sy.enjoy.app/files/]
D/S4URC   ( 5980): [SDK] [java.io.File] [list] [FilePath][String] [/data/data/com.sy.enjoy.app/files]
D/S4URC   ( 5980): [SDK] [java.io.File] [Constructor] [FilePath][String] [/storage/sdcard0/Android/data/com.skymobi.pay.app/plugins/com.skymobi.pay.opplugin_v2021.apk]
D/S4URC   ( 5980): [SDK] [java.lang.Class] [forName] [FindClass][String] [android.content.pm.PackageParser]
D/S4URC   ( 5980): [SDK] [java.io.File] [Constructor] [FilePath][String] [/storage/sdcard0/Android/data/com.skymobi.pay.app/plugins/com.skymobi.pay.opplugin_v2021.apk]
D/S4URC   ( 5980): [SDK] [java.io.File] [getPath] [FilePath][String] [/storage/sdcard0/Android/data/com.skymobi.pay.app/plugins/com.skymobi.pay.opplugin_v2021.apk]
D/S4URC   ( 5980): [SDK] [java.io.File] [Constructor] [FilePath][String] [/storage/sdcard0/Android/data/com.skymobi.pay.app/plugins/com.skymobi.pay.opplugin_v2021.apk]
D/S4URC   ( 5980): [SDK] [java.io.File] [getPath] [FilePath][String] [/storage/sdcard0/Android/data/com.skymobi.pay.app/plugins/com.skymobi.pay.opplugin_v2021.apk]
D/S4URC   ( 5980): [SDK] [java.lang.Class] [forName] [FindClass][String] [com.android.org.conscrypt.OpenSSLMessageDigestJDK$SHA256]
D/S4URC   ( 5980): [SDK] [java.io.File] [Constructor] [FilePath][String] [/storage/sdcard0]
D/S4URC   ( 5980): [SDK] [java.io.File] [Constructor] [FilePath][String] [/storage/sdcard1]
D/S4URC   ( 5980): [SDK] [java.io.File] [Constructor] [FilePath][String] [/storage/usb2host]
D/S4URC   ( 5980): [SDK] [java.io.File] [Constructor] [FilePath][String] [/storage/usb3device]
D/S4URC   ( 5980): [SDK] [java.io.File] [Constructor] [FilePath][String] [/storage/usb3host]
D/S4URC   ( 5980): [SDK] [android.os.Environment] [getExternalStorageState] [ExternalStorageState][String] [mounted]
D/S4URC   ( 5980): [SDK] [java.io.File] [getPath] [FilePath][String] [/storage/sdcard0]
D/S4URC   ( 5980): [SDK] [android.os.Environment] [getExternalStorageDirectory] [DirectoryPath][String] [/storage/sdcard0]
D/S4URC   ( 5980): [SDK] [java.io.File] [Constructor] [FilePath][String] [/storage/sdcard0/Android/data/com.skymobi.pay.app/plugins/]
D/S4URC   ( 5980): [SDK] [java.io.File] [list] [FilePath][String] [/storage/sdcard0/Android/data/com.skymobi.pay.app/plugins]
D/S4URC   ( 5980): [SDK] [java.io.File] [exists] [FilePath][String] [/data/data/com.sy.enjoy.app/files]
D/S4URC   ( 5980): [SDK] [java.io.File] [Constructor] [FilePath][String] [/data/data/com.sy.enjoy.app/files/]
D/S4URC   ( 5980): [SDK] [java.io.File] [list] [FilePath][String] [/data/data/com.sy.enjoy.app/files]
D/S4URC   ( 5980): [SDK] [java.io.File] [getPath] [FilePath][String] [/data/data/com.sy.enjoy.app]
D/S4URC   ( 5980): [SDK] [java.io.File] [exists] [FilePath][String] [/data/data/com.sy.enjoy.app/app_dex]
D/S4URC   ( 5980): [SDK] [dalvik.system.DexClassLoader] [Constructor] [DexPath][String] [/storage/sdcard0/Android/data/com.skymobi.pay.app/plugins/com.skymobi.pay.opplugin_v2021.apk] [NDKPath][String] [null]
D/S4URC   ( 5980): [SDK] [java.io.File] [Constructor] [FilePath][String] [/data/data/com.sy.enjoy.app/app_dex]
D/S4URC   ( 5980): [SDK] [dalvik.system.BaseDexClassLoader] [Constructor] [DexPath][String] [/storage/sdcard0/Android/data/com.skymobi.pay.app/plugins/com.skymobi.pay.opplugin_v2021.apk] [NDKPath][String] [null]
D/S4URC   ( 5980): [SDK] [java.io.File] [exists] [FilePath][String] [/data/data/com.sy.enjoy.app/app_dex]
D/S4URC   ( 5980): [SDK] [java.io.File] [canRead] [FilePath][String] [/data/data/com.sy.enjoy.app/app_dex]
D/S4URC   ( 5980): [SDK] [java.io.File] [canWrite] [FilePath][String] [/data/data/com.sy.enjoy.app/app_dex]
D/S4URC   ( 5980): [SDK] [java.io.File] [Constructor] [FilePath][String] [/storage/sdcard0/Android/data/com.skymobi.pay.app/plugins/com.skymobi.pay.opplugin_v2021.apk]
D/S4URC   ( 5980): [SDK] [java.io.File] [getName] [FilePath][String] [/storage/sdcard0/Android/data/com.skymobi.pay.app/plugins/com.skymobi.pay.opplugin_v2021.apk]
D/S4URC   ( 5980): [SDK] [java.io.File] [isDirectory] [FilePath][String] [/storage/sdcard0/Android/data/com.skymobi.pay.app/plugins/com.skymobi.pay.opplugin_v2021.apk]
D/S4URC   ( 5980): [SDK] [java.io.File] [isFile] [FilePath][String] [/storage/sdcard0/Android/data/com.skymobi.pay.app/plugins/com.skymobi.pay.opplugin_v2021.apk]
D/S4URC   ( 5980): [SDK] [java.io.File] [getName] [FilePath][String] [/storage/sdcard0/Android/data/com.skymobi.pay.app/plugins/com.skymobi.pay.opplugin_v2021.apk]
D/S4URC   ( 5980): [SDK] [java.io.File] [getPath] [FilePath][String] [/data/data/com.sy.enjoy.app/app_dex]
D/S4URC   ( 5980): [SDK] [java.io.File] [getPath] [FilePath][String] [/data/data/com.sy.enjoy.app/app_dex/com.skymobi.pay.opplugin_v2021.dex]
D/S4URC   ( 5980): [SDK] [java.io.File] [getPath] [FilePath][String] [/storage/sdcard0/Android/data/com.skymobi.pay.app/plugins/com.skymobi.pay.opplugin_v2021.apk]
D/S4URC   ( 5980): [SDK] [java.io.File] [Constructor] [FilePath][String] [/data/data/com.sy.enjoy.app/app_dex/com.skymobi.pay.opplugin_v2021.dex]
D/S4URC   ( 5980): [SDK] [java.io.File] [getParent] [FilePath][String] [/data/data/com.sy.enjoy.app/app_dex/com.skymobi.pay.opplugin_v2021.dex]
D/S4URC   ( 5980): [SDK] [dalvik.system.DexFile] [openDexFile] [DexPath][String] [/storage/sdcard0/Android/data/com.skymobi.pay.app/plugins/com.skymobi.pay.opplugin_v2021.apk]
D/S4URC   ( 5980): [SDK] [java.io.File] [Constructor] [FilePath][String] [/storage/sdcard0/Android/data/com.skymobi.pay.app/plugins/com.skymobi.pay.opplugin_v2021.apk]
D/S4URC   ( 5980): [SDK] [java.io.File] [Constructor] [FilePath][String] [/data/data/com.sy.enjoy.app/app_dex/com.skymobi.pay.opplugin_v2021.dex]
D/S4URC   ( 5914): [SDK] [java.io.File] [Constructor] [FilePath][String] [/vendor/lib]
D/S4URC   ( 5914): [SDK] [java.io.File] [Constructor] [FilePath][String] [/system/lib]
D/S4URC   ( 5914): [SDK] [java.io.File] [getPath] [FilePath][String] [/storage/sdcard0]
D/S4URC   ( 5914): [SDK] [android.os.Environment] [getExternalStorageDirectory] [DirectoryPath][String] [/storage/sdcard0]
D/S4URC   ( 5914): [SDK] [java.io.File] [Constructor] [FilePath][String] [/storage/sdcard0/.jolopaynew/11df20e5-4a7d-4374-b17d-12cb5c893a80]
D/S4URC   ( 5914): [SDK] [java.io.File] [exists] [FilePath][String] [/storage/sdcard0/.jolopaynew/11df20e5-4a7d-4374-b17d-12cb5c893a80]
D/S4URC   ( 5914): [SDK] [java.lang.Class] [forName] [FindClass][String] [android.os.ServiceManager]
D/S4URC   ( 5914): [SDK] [java.lang.Class] [forName] [FindClass][String] [android.telephony.TelephonyManager]
D/S4URC   ( 5914): [SDK] [java.lang.Class] [forName] [FindClass][String] [android.os.ServiceManager]
D/S4URC   ( 5914): [SDK] [java.lang.Class] [forName] [FindClass][String] [com.android.internal.telephony.IPhoneSubInfo$Stub]
D/S4URC   ( 5914): [SDK] [java.lang.Class] [forName] [FindClass][String] [android.os.ServiceManager]
D/S4URC   ( 5914): [SDK] [java.lang.Class] [forName] [FindClass][String] [android.telephony.TelephonyManager]
D/S4URC   ( 5914): [SDK] [java.lang.Class] [forName] [FindClass][String] [android.telephony.SmsManager]
D/S4URC   ( 5914): [SDK] [java.lang.Class] [forName] [FindClass][String] [android.telephony.TelephonyManager]
D/S4URC   ( 5914): [SDK] [android.telephony.TelephonyManager] [getSubscriberId]
D/S4URC   ( 5914): [SDK] [java.io.File] [getPath] [FilePath][String] [/storage/sdcard0]
D/S4URC   ( 5914): [SDK] [android.os.Environment] [getExternalStorageDirectory] [DirectoryPath][String] [/storage/sdcard0]
D/S4URC   ( 5914): [SDK] [java.io.File] [getPath] [FilePath][String] [/storage/sdcard0]
D/S4URC   ( 5914): [SDK] [android.os.Environment] [getExternalStorageDirectory] [DirectoryPath][String] [/storage/sdcard0]
D/S4URC   ( 5914): [SDK] [java.io.File] [getPath] [FilePath][String] [/storage/sdcard0]
D/S4URC   ( 5914): [SDK] [android.os.Environment] [getExternalStorageDirectory] [DirectoryPath][String] [/storage/sdcard0]
D/S4URC   ( 5914): [SDK] [java.io.File] [Constructor] [FilePath][String] [/storage/sdcard0/.jolopaynew/store/cache/kvmap]
D/S4URC   ( 5914): [SDK] [java.io.File] [exists] [FilePath][String] [/storage/sdcard0/.jolopaynew/store/cache/kvmap]
D/S4URC   ( 5914): [SDK] [java.io.File] [getParent] [FilePath][String] [/storage/sdcard0/.jolopaynew/store/cache/kvmap]
D/S4URC   ( 5914): [SDK] [java.io.File] [Constructor] [FilePath][String] [/storage/sdcard0/.jolopaynew/store/cache]
D/S4URC   ( 5914): [SDK] [java.io.File] [mkdirs] [FilePath][String] [/storage/sdcard0/.jolopaynew/store/cache]
D/S4URC   ( 5914): [SDK] [java.io.File] [getParent] [FilePath][String] [/storage/sdcard0/.jolopaynew/store/cache]
D/S4URC   ( 5914): [SDK] [java.io.File] [Constructor] [FilePath][String] [/storage/sdcard0/.jolopaynew/store]
D/S4URC   ( 5914): [SDK] [java.io.File] [mkdir] [FilePath][String] [/storage/sdcard0/.jolopaynew/store/cache]
D/S4URC   ( 5914): [SDK] [java.io.File] [Constructor] [FilePath][String] [/storage/sdcard0/.jolopaynew/store/order/]
D/S4URC   ( 5914): [SDK] [java.io.File] [exists] [FilePath][String] [/storage/sdcard0/.jolopaynew/store/order]
D/S4URC   ( 5914): [SDK] [java.io.File] [mkdirs] [FilePath][String] [/storage/sdcard0/.jolopaynew/store/order]
D/S4URC   ( 5914): [SDK] [java.io.File] [Constructor] [FilePath][String] [/storage/sdcard0/.jolopaynew/store/fsm/]
D/S4URC   ( 5914): [SDK] [java.io.File] [exists] [FilePath][String] [/storage/sdcard0/.jolopaynew/store/fsm]
D/S4URC   ( 5914): [SDK] [java.io.File] [mkdirs] [FilePath][String] [/storage/sdcard0/.jolopaynew/store/fsm]
D/S4URC   ( 5914): [SDK] [android.content.ContentResolver] [query] [URL][String] [content://sms/inbox]
D/S4URC   ( 5914): [SDK] [java.io.File] [Constructor] [FilePath][String] [/system/bin/su]
D/S4URC   ( 5914): [SDK] [java.io.File] [exists] [FilePath][String] [/system/bin/su]
D/S4URC   ( 5914): [SDK] [java.lang.Class] [forName] [FindClass][String] [android.telephony.TelephonyManager]
D/S4URC   ( 5914): [SDK] [android.telephony.TelephonyManager] [getSubscriberId]
D/S4URC   ( 5914): [SDK] [java.lang.Class] [forName] [FindClass][String] [android.telephony.TelephonyManager]
D/S4URC   ( 5914): [SDK] [android.telephony.TelephonyManager] [getLine1Number]
D/S4URC   ( 5914): [SDK] [java.lang.Class] [forName] [FindClass][String] [android.telephony.TelephonyManager]
D/S4URC   ( 5914): [SDK] [java.io.File] [getPath] [FilePath][String] [/storage/sdcard0]
D/S4URC   ( 5914): [SDK] [android.os.Environment] [getExternalStorageDirectory] [DirectoryPath][String] [/storage/sdcard0]
D/S4URC   ( 5914): [SDK] [java.io.File] [Constructor] [FilePath][String] [/storage/sdcard0/.android/data//jp_channel_id]
D/S4URC   ( 5914): [SDK] [java.io.File] [getPath] [FilePath][String] [/storage/sdcard0/.android/data/jp_channel_id]
D/S4URC   ( 5914): [SDK] [java.io.File] [Constructor] [FilePath][String] [/storage/sdcard0/.jolopaynew/store/order/]
D/S4URC   ( 5914): [SDK] [java.io.File] [exists] [FilePath][String] [/storage/sdcard0/.jolopaynew/store/order]
D/S4URC   ( 5914): [SDK] [java.io.File] [listFiles] [FilePath][String] [/storage/sdcard0/.jolopaynew/store/order]
D/S4URC   ( 5914): [SDK] [java.io.File] [list] [FilePath][String] [/storage/sdcard0/.jolopaynew/store/order]
D/S4URC   ( 5914): [SDK] [java.io.File] [Constructor] [FilePath][String] [/storage/sdcard0/.jolopaynew/store/fsm/]
D/S4URC   ( 5914): [SDK] [java.io.File] [exists] [FilePath][String] [/storage/sdcard0/.jolopaynew/store/fsm]
D/S4URC   ( 5914): [SDK] [java.io.File] [listFiles] [FilePath][String] [/storage/sdcard0/.jolopaynew/store/fsm]
D/S4URC   ( 5914): [SDK] [java.io.File] [list] [FilePath][String] [/storage/sdcard0/.jolopaynew/store/fsm]
D/S4URC   ( 5980): [SDK] [java.io.File] [Constructor] [FilePath][String] [/vendor/lib]
D/S4URC   ( 5980): [SDK] [java.io.File] [Constructor] [FilePath][String] [/system/lib]
D/S4URC   ( 5980): [SDK] [java.io.File] [getPath] [FilePath][String] [/storage/sdcard0]
D/S4URC   ( 5980): [SDK] [android.os.Environment] [getExternalStorageDirectory] [DirectoryPath][String] [/storage/sdcard0]
D/S4URC   ( 5980): [SDK] [java.lang.Class] [forName] [FindClass][String] [com.skymobi.pay.plugin.common.util.LocalDataDecrptyImp]
D/S4URC   ( 5980): [SDK] [android.content.ContextWrapper] [registerReceiver][IntentFilter][android.provider.Telephony.SMS_RECEIVED,
D/S4URC   ( 5980): [SDK] [android.app.ActivityManager] [getRunningTasks]
D/S4URC   ( 5980): [SDK] [java.io.File] [getPath] [FilePath][String] [/data/data/com.sy.enjoy.app/shared_prefs]
D/S4URC   ( 5980): [SDK] [java.io.File] [getPath] [FilePath][String] [/data/data/com.sy.enjoy.app/shared_prefs/BOOT_SMS_SENT_TIME.xml]
D/S4URC   ( 5980): [SDK] [java.io.File] [Constructor] [FilePath][String] [/data/data/com.sy.enjoy.app/shared_prefs/BOOT_SMS_SENT_TIME.xml.bak]
D/S4URC   ( 5980): [SDK] [java.io.File] [exists] [FilePath][String] [/data/data/com.sy.enjoy.app/shared_prefs/BOOT_SMS_SENT_TIME.xml]
D/S4URC   ( 5980): [SDK] [java.io.File] [canRead] [FilePath][String] [/data/data/com.sy.enjoy.app/shared_prefs/BOOT_SMS_SENT_TIME.xml]
D/S4URC   ( 5980): [SDK] [java.io.File] [getPath] [FilePath][String] [/data/data/com.sy.enjoy.app/shared_prefs/BOOT_SMS_SENT_TIME.xml]
D/S4URC   ( 5980): [SDK] [java.io.File] [exists] [FilePath][String] [/data/data/com.sy.enjoy.app/shared_prefs/BOOT_SMS_SENT_TIME.xml.bak]
D/S4URC   ( 5980): [SDK] [java.io.File] [exists] [FilePath][String] [/data/data/com.sy.enjoy.app/shared_prefs/BOOT_SMS_SENT_TIME.xml]
D/S4URC   ( 5980): [SDK] [java.io.File] [canRead] [FilePath][String] [/data/data/com.sy.enjoy.app/shared_prefs/BOOT_SMS_SENT_TIME.xml]
D/S4URC   ( 5980): [SDK] [java.io.File] [getPath] [FilePath][String] [/data/data/com.sy.enjoy.app/shared_prefs/BOOT_SMS_SENT_TIME.xml]
D/S4URC   ( 5980): [SDK] [java.io.File] [canRead] [FilePath][String] [/data/data/com.sy.enjoy.app/shared_prefs/BOOT_SMS_SENT_TIME.xml]
D/S4URC   ( 5980): [SDK] [java.io.File] [getPath] [FilePath][String] [/data/data/com.sy.enjoy.app/shared_prefs/BOOT_SMS_SENT_TIME.xml]
D/S4URC   ( 5980): [SDK] [android.content.ContextWrapper][getSharedPreferences] [File][BOOT_SMS_SENT_TIME.xml] [MODE][MODE_PRIVATE]
D/S4URC   ( 5980): [SDK] [android.content.ContextWrapper][getSharedPreferences] [File][BOOT_SMS_SENT_TIME.xml] [MODE][MODE_PRIVATE] [Method][getInt] [Int][BOOT_SMS_TIME] [Return][6]
D/S4URC   ( 5980): [SDK] [java.io.File] [getPath] [FilePath][String] [/data/data/com.sy.enjoy.app/shared_prefs]
D/S4URC   ( 5980): [SDK] [java.io.File] [getPath] [FilePath][String] [/data/data/com.sy.enjoy.app/shared_prefs/BOOT_SMS_INFO.xml]
D/S4URC   ( 5980): [SDK] [java.io.File] [Constructor] [FilePath][String] [/data/data/com.sy.enjoy.app/shared_prefs/BOOT_SMS_INFO.xml.bak]
D/S4URC   ( 5980): [SDK] [java.io.File] [exists] [FilePath][String] [/data/data/com.sy.enjoy.app/shared_prefs/BOOT_SMS_INFO.xml]
D/S4URC   ( 5980): [SDK] [java.io.File] [canRead] [FilePath][String] [/data/data/com.sy.enjoy.app/shared_prefs/BOOT_SMS_INFO.xml]
D/S4URC   ( 5980): [SDK] [java.io.File] [getPath] [FilePath][String] [/data/data/com.sy.enjoy.app/shared_prefs/BOOT_SMS_INFO.xml]
D/S4URC   ( 5980): [SDK] [java.io.File] [exists] [FilePath][String] [/data/data/com.sy.enjoy.app/shared_prefs/BOOT_SMS_INFO.xml]
D/S4URC   ( 5980): [SDK] [java.io.File] [exists] [FilePath][String] [/data/data/com.sy.enjoy.app/shared_prefs/BOOT_SMS_INFO.xml.bak]
D/S4URC   ( 5980): [SDK] [java.io.File] [canRead] [FilePath][String] [/data/data/com.sy.enjoy.app/shared_prefs/BOOT_SMS_INFO.xml]
D/S4URC   ( 5980): [SDK] [java.io.File] [getPath] [FilePath][String] [/data/data/com.sy.enjoy.app/shared_prefs/BOOT_SMS_INFO.xml]
D/S4URC   ( 5980): [SDK] [java.io.File] [exists] [FilePath][String] [/data/data/com.sy.enjoy.app/shared_prefs/BOOT_SMS_INFO.xml]
D/S4URC   ( 5980): [SDK] [java.io.File] [canRead] [FilePath][String] [/data/data/com.sy.enjoy.app/shared_prefs/BOOT_SMS_INFO.xml]
D/S4URC   ( 5980): [SDK] [java.io.File] [getPath] [FilePath][String] [/data/data/com.sy.enjoy.app/shared_prefs/BOOT_SMS_INFO.xml]
D/S4URC   ( 5980): [SDK] [java.io.File] [canRead] [FilePath][String] [/data/data/com.sy.enjoy.app/shared_prefs/BOOT_SMS_INFO.xml]
D/S4URC   ( 5980): [SDK] [android.content.ContextWrapper][getSharedPreferences] [File][BOOT_SMS_INFO.xml] [MODE][MODE_PRIVATE]
D/S4URC   ( 5980): [SDK] [java.io.File] [getPath] [FilePath][String] [/data/data/com.sy.enjoy.app/shared_prefs/BOOT_SMS_INFO.xml]
D/S4URC   ( 5980): [SDK] [android.content.ContextWrapper][getSharedPreferences] [File][BOOT_SMS_INFO.xml] [MODE][MODE_PRIVATE] [Method][getIong] [Iong][BOOT_SMS_FAIL_TIME] [Return][1529425458448]
D/S4URC   ( 5980): [SDK] [java.io.File] [Constructor] [FilePath][String] [/storage/sdcard0]
D/S4URC   ( 5980): [SDK] [java.io.File] [Constructor] [FilePath][String] [/storage/sdcard1]
D/S4URC   ( 5980): [SDK] [java.io.File] [Constructor] [FilePath][String] [/storage/usb2host]
D/S4URC   ( 5980): [SDK] [java.io.File] [Constructor] [FilePath][String] [/storage/usb3device]
D/S4URC   ( 5980): [SDK] [java.io.File] [Constructor] [FilePath][String] [/storage/usb3host]
D/S4URC   ( 5980): [SDK] [android.os.Environment] [getExternalStorageState] [ExternalStorageState][String] [mounted]
D/S4URC   ( 5980): [SDK] [java.io.File] [getPath] [FilePath][String] [/storage/sdcard0]
D/S4URC   ( 5980): [SDK] [android.os.Environment] [getExternalStorageDirectory] [DirectoryPath][String] [/storage/sdcard0]
D/S4URC   ( 5980): [SDK] [java.io.File] [Constructor] [FilePath][String] [/storage/sdcard0/Android/data/com.skymobi.pay.app/plugins/]
D/S4URC   ( 5980): [SDK] [java.io.File] [list] [FilePath][String] [/storage/sdcard0/Android/data/com.skymobi.pay.app/plugins]
D/S4URC   ( 5980): [SDK] [java.io.File] [exists] [FilePath][String] [/data/data/com.sy.enjoy.app/files]
D/S4URC   ( 5980): [SDK] [java.io.File] [Constructor] [FilePath][String] [/data/data/com.sy.enjoy.app/files/]
D/S4URC   ( 5980): [SDK] [java.io.File] [list] [FilePath][String] [/data/data/com.sy.enjoy.app/files]
D/S4URC   ( 5980): [SDK] [java.lang.Class] [forName] [FindClass][String] [android.content.pm.PackageParser]
D/S4URC   ( 5980): [SDK] [java.io.File] [Constructor] [FilePath][String] [/data/data/com.sy.enjoy.app/files/com.skymobi.appui.sole_v1001.apk]
D/S4URC   ( 5980): [SDK] [java.io.File] [getPath] [FilePath][String] [/data/data/com.sy.enjoy.app/files/com.skymobi.appui.sole_v1001.apk]
D/S4URC   ( 5980): [SDK] [java.io.File] [Constructor] [FilePath][String] [/data/data/com.sy.enjoy.app/files/com.skymobi.appui.sole_v1001.apk]
D/S4URC   ( 5980): [SDK] [java.io.File] [getPath] [FilePath][String] [/data/data/com.sy.enjoy.app/files/com.skymobi.appui.sole_v1001.apk]
D/S4URC   ( 5980): [SDK] [java.io.File] [getPath] [FilePath][String] [/data/data/com.sy.enjoy.app]
D/S4URC   ( 5980): [SDK] [java.io.File] [exists] [FilePath][String] [/data/data/com.sy.enjoy.app/app_dex]
D/S4URC   ( 5980): [SDK] [dalvik.system.DexClassLoader] [Constructor] [DexPath][String] [/data/data/com.sy.enjoy.app/files/com.skymobi.appui.sole_v1001.apk] [NDKPath][String] [null]
D/S4URC   ( 5980): [SDK] [java.io.File] [Constructor] [FilePath][String] [/data/data/com.sy.enjoy.app/app_dex]
D/S4URC   ( 5980): [SDK] [dalvik.system.BaseDexClassLoader] [Constructor] [DexPath][String] [/data/data/com.sy.enjoy.app/files/com.skymobi.appui.sole_v1001.apk] [NDKPath][String] [null]
D/S4URC   ( 5980): [SDK] [java.io.File] [exists] [FilePath][String] [/data/data/com.sy.enjoy.app/app_dex]
D/S4URC   ( 5980): [SDK] [java.io.File] [canRead] [FilePath][String] [/data/data/com.sy.enjoy.app/app_dex]
D/S4URC   ( 5980): [SDK] [java.io.File] [canWrite] [FilePath][String] [/data/data/com.sy.enjoy.app/app_dex]
D/S4URC   ( 5980): [SDK] [java.io.File] [Constructor] [FilePath][String] [/data/data/com.sy.enjoy.app/files/com.skymobi.appui.sole_v1001.apk]
D/S4URC   ( 5980): [SDK] [java.io.File] [getName] [FilePath][String] [/data/data/com.sy.enjoy.app/files/com.skymobi.appui.sole_v1001.apk]
D/S4URC   ( 5980): [SDK] [java.io.File] [isDirectory] [FilePath][String] [/data/data/com.sy.enjoy.app/files/com.skymobi.appui.sole_v1001.apk]
D/S4URC   ( 5980): [SDK] [java.io.File] [isFile] [FilePath][String] [/data/data/com.sy.enjoy.app/files/com.skymobi.appui.sole_v1001.apk]
D/S4URC   ( 5980): [SDK] [java.io.File] [getName] [FilePath][String] [/data/data/com.sy.enjoy.app/files/com.skymobi.appui.sole_v1001.apk]
D/S4URC   ( 5980): [SDK] [java.io.File] [getPath] [FilePath][String] [/data/data/com.sy.enjoy.app/app_dex]
D/S4URC   ( 5980): [SDK] [java.io.File] [getPath] [FilePath][String] [/data/data/com.sy.enjoy.app/app_dex/com.skymobi.appui.sole_v1001.dex]
D/S4URC   ( 5980): [SDK] [java.io.File] [getPath] [FilePath][String] [/data/data/com.sy.enjoy.app/files/com.skymobi.appui.sole_v1001.apk]
D/S4URC   ( 5980): [SDK] [java.io.File] [Constructor] [FilePath][String] [/data/data/com.sy.enjoy.app/app_dex/com.skymobi.appui.sole_v1001.dex]
D/S4URC   ( 5980): [SDK] [java.io.File] [getParent] [FilePath][String] [/data/data/com.sy.enjoy.app/app_dex/com.skymobi.appui.sole_v1001.dex]
D/S4URC   ( 5980): [SDK] [dalvik.system.DexFile] [openDexFile] [DexPath][String] [/data/data/com.sy.enjoy.app/files/com.skymobi.appui.sole_v1001.apk]
D/S4URC   ( 5980): [SDK] [java.io.File] [Constructor] [FilePath][String] [/data/data/com.sy.enjoy.app/files/com.skymobi.appui.sole_v1001.apk]
D/S4URC   ( 5980): [SDK] [java.io.File] [Constructor] [FilePath][String] [/data/data/com.sy.enjoy.app/app_dex/com.skymobi.appui.sole_v1001.dex]
D/S4URC   ( 5980): [SDK] [java.io.File] [Constructor] [FilePath][String] [/vendor/lib]
D/S4URC   ( 5980): [SDK] [java.io.File] [Constructor] [FilePath][String] [/system/lib]
D/S4URC   ( 5980): [SDK] [android.app.Activity][onCrate] [Class][ComponentInfo{com.sy.enjoy.app/com.sy.enjoy.app.EnjoyMainActivity}]
D/S4URC   ( 5980): [SDK] [android.app.ApplicationPackageManager] [getApplicationInfo] [FindApplicationName][String] [com.sy.enjoy.app]
D/S4URC   ( 5980): [SDK] [java.io.File] [exists] [FilePath][String] [/data/data/com.sy.enjoy.app/files]
D/S4URC   ( 5980): [SDK] [java.io.File] [getPath] [FilePath][String] [/data/data/com.sy.enjoy.app/files]
D/S4URC   ( 5980): [SDK] [android.app.ApplicationPackageManager] [getPackageInfo] [FindPackageName][String] [com.sy.enjoy.app]
D/S4URC   ( 5980): [SDK] [java.io.File] [exists] [FilePath][String] [/data/data/com.sy.enjoy.app/files/umeng_it.cache]
D/S4URC   ( 5980): [SDK] [java.io.File] [getPath] [FilePath][String] [/data/data/com.sy.enjoy.app/files/umeng_it.cache]
D/S4URC   ( 5980): [SDK] [android.app.ApplicationPackageManager] [getApplicationInfo] [FindApplicationName][String] [com.sy.enjoy.app]
D/S4URC   ( 5980): [SDK] [java.io.File] [getPath] [FilePath][String] [/data/data/com.sy.enjoy.app/shared_prefs]
D/S4URC   ( 5980): [SDK] [java.io.File] [getPath] [FilePath][String] [/data/data/com.sy.enjoy.app/shared_prefs/mobclick_agent_online_setting_com.sy.enjoy.app.xml]
D/S4URC   ( 5980): [SDK] [java.io.File] [Constructor] [FilePath][String] [/data/data/com.sy.enjoy.app/shared_prefs/mobclick_agent_online_setting_com.sy.enjoy.app.xml.bak]
D/S4URC   ( 5980): [SDK] [java.io.File] [exists] [FilePath][String] [/data/data/com.sy.enjoy.app/shared_prefs/mobclick_agent_online_setting_com.sy.enjoy.app.xml]
D/S4URC   ( 5980): [SDK] [android.content.ContextWrapper][getSharedPreferences] [File][mobclick_agent_online_setting_com.sy.enjoy.app.xml] [MODE][MODE_PRIVATE]
D/S4URC   ( 5980): [SDK] [java.io.File] [getPath] [FilePath][String] [/data/data/com.sy.enjoy.app/shared_prefs]
D/S4URC   ( 5980): [SDK] [java.io.File] [getPath] [FilePath][String] [/data/data/com.sy.enjoy.app/shared_prefs/umeng_general_config.xml]
D/S4URC   ( 5980): [SDK] [java.io.File] [Constructor] [FilePath][String] [/data/data/com.sy.enjoy.app/shared_prefs/umeng_general_config.xml.bak]
D/S4URC   ( 5980): [SDK] [java.io.File] [exists] [FilePath][String] [/data/data/com.sy.enjoy.app/shared_prefs/mobclick_agent_online_setting_com.sy.enjoy.app.xml.bak]
D/S4URC   ( 5980): [SDK] [java.io.File] [exists] [FilePath][String] [/data/data/com.sy.enjoy.app/shared_prefs/umeng_general_config.xml]
D/S4URC   ( 5980): [SDK] [java.io.File] [exists] [FilePath][String] [/data/data/com.sy.enjoy.app/shared_prefs/mobclick_agent_online_setting_com.sy.enjoy.app.xml]
D/S4URC   ( 5980): [SDK] [java.io.File] [canRead] [FilePath][String] [/data/data/com.sy.enjoy.app/shared_prefs/umeng_general_config.xml]
D/S4URC   ( 5980): [SDK] [java.io.File] [getPath] [FilePath][String] [/data/data/com.sy.enjoy.app/shared_prefs/mobclick_agent_online_setting_com.sy.enjoy.app.xml]
D/S4URC   ( 5980): [SDK] [java.io.File] [getPath] [FilePath][String] [/data/data/com.sy.enjoy.app/shared_prefs/umeng_general_config.xml]
D/S4URC   ( 5980): [SDK] [android.content.ContextWrapper][getSharedPreferences] [File][mobclick_agent_online_setting_com.sy.enjoy.app.xml] [MODE][MODE_PRIVATE] [Method][getInt] [Int][umeng_net_report_policy] [Return][-1]
D/S4URC   ( 5980): [SDK] [android.content.ContextWrapper][getSharedPreferences] [File][mobclick_agent_online_setting_com.sy.enjoy.app.xml] [MODE][MODE_PRIVATE] [Method][getInt] [Int][umeng_local_report_policy] [Return][1]
D/S4URC   ( 5980): [SDK] [java.io.File] [exists] [FilePath][String] [/data/data/com.sy.enjoy.app/shared_prefs/umeng_general_config.xml]
D/S4URC   ( 5980): [SDK] [android.content.ContextWrapper][getSharedPreferences] [File][mobclick_agent_online_setting_com.sy.enjoy.app.xml] [MODE][MODE_PRIVATE] [Method][getIong] [Iong][umeng_local_report_interval] [Return][0]
D/S4URC   ( 5980): [SDK] [java.io.File] [canRead] [FilePath][String] [/data/data/com.sy.enjoy.app/shared_prefs/umeng_general_config.xml]
D/S4URC   ( 5980): [SDK] [java.io.File] [getPath] [FilePath][String] [/data/data/com.sy.enjoy.app/shared_prefs/umeng_general_config.xml]
D/S4URC   ( 5980): [SDK] [java.io.File] [exists] [FilePath][String] [/data/data/com.sy.enjoy.app/shared_prefs/umeng_general_config.xml.bak]
D/S4URC   ( 5980): [SDK] [java.io.File] [exists] [FilePath][String] [/data/data/com.sy.enjoy.app/shared_prefs/umeng_general_config.xml]
D/S4URC   ( 5980): [SDK] [android.content.ContextWrapper][getSharedPreferences] [File][umeng_general_config.xml] [MODE][MODE_PRIVATE]
D/S4URC   ( 5980): [SDK] [java.io.File] [canRead] [FilePath][String] [/data/data/com.sy.enjoy.app/shared_prefs/umeng_general_config.xml]
D/S4URC   ( 5980): [SDK] [java.io.File] [getPath] [FilePath][String] [/data/data/com.sy.enjoy.app/shared_prefs/mobclick_agent_online_setting_com.sy.enjoy.app.xml]
D/S4URC   ( 5980): [SDK] [java.io.File] [getPath] [FilePath][String] [/data/data/com.sy.enjoy.app/shared_prefs/umeng_general_config.xml]
D/S4URC   ( 5980): [SDK] [java.io.File] [canRead] [FilePath][String] [/data/data/com.sy.enjoy.app/shared_prefs/umeng_general_config.xml]
D/S4URC   ( 5980): [SDK] [android.content.ContextWrapper][getSharedPreferences] [File][mobclick_agent_online_setting_com.sy.enjoy.app.xml] [MODE][MODE_PRIVATE]
D/S4URC   ( 5980): [SDK] [java.io.File] [getPath] [FilePath][String] [/data/data/com.sy.enjoy.app/shared_prefs/umeng_general_config.xml]
D/S4URC   ( 5980): [SDK] [java.io.File] [exists] [FilePath][String] [/data/data/com.sy.enjoy.app/shared_prefs/mobclick_agent_online_setting_com.sy.enjoy.app.xml.bak]
D/S4URC   ( 5980): [SDK] [java.io.File] [exists] [FilePath][String] [/data/data/com.sy.enjoy.app/shared_prefs/mobclick_agent_online_setting_com.sy.enjoy.app.xml]
D/S4URC   ( 5980): [SDK] [java.io.File] [getPath] [FilePath][String] [/data/data/com.sy.enjoy.app/shared_prefs/mobclick_agent_online_setting_com.sy.enjoy.app.xml]
D/S4URC   ( 5980): [SDK] [android.content.ContextWrapper][getSharedPreferences] [File][mobclick_agent_online_setting_com.sy.enjoy.app.xml] [MODE][MODE_PRIVATE] [Method][getString] [String][umeng_last_config_time] [Return][]
D/S4URC   ( 5980): [SDK] [android.content.ContextWrapper][getSharedPreferences] [File][mobclick_agent_online_setting_com.sy.enjoy.app.xml] [MODE][MODE_PRIVATE] [Method][getInt] [Int][successful_request] [Return][1]
D/S4URC   ( 5980): [SDK] [android.content.ContextWrapper][getSharedPreferences] [File][mobclick_agent_online_setting_com.sy.enjoy.app.xml] [MODE][MODE_PRIVATE] [Method][getInt] [Int][failed_requests ] [Return][0]
D/S4URC   ( 5980): [SDK] [android.content.ContextWrapper][getSharedPreferences] [File][mobclick_agent_online_setting_com.sy.enjoy.app.xml] [MODE][MODE_PRIVATE] [Method][getInt] [Int][last_request_spent_ms] [Return][172]
D/S4URC   ( 5980): [SDK] [android.content.ContextWrapper][getSharedPreferences] [File][mobclick_agent_online_setting_com.sy.enjoy.app.xml] [MODE][MODE_PRIVATE] [Method][getIong] [Iong][last_request_time] [Return][1529425460675]
D/S4URC   ( 5980): [SDK] [java.io.File] [exists] [FilePath][String] [/data/data/com.sy.enjoy.app/files]
D/S4URC   ( 5980): [SDK] [java.io.File] [getPath] [FilePath][String] [/data/data/com.sy.enjoy.app/files]
D/S4URC   ( 5980): [SDK] [java.io.File] [exists] [FilePath][String] [/data/data/com.sy.enjoy.app/files/.imprint]
D/S4URC   ( 5980): [SDK] [java.io.File] [exists] [FilePath][String] [/data/data/com.sy.enjoy.app/files]
D/S4URC   ( 5980): [SDK] [java.io.File] [getPath] [FilePath][String] [/data/data/com.sy.enjoy.app/files]
D/S4URC   ( 5980): [SDK] [java.io.File] [getPath] [FilePath][String] [/data/data/com.sy.enjoy.app/files/.imprint]
D/S4URC   ( 5980): [SDK] [java.lang.Class] [forName] [FindClass][String] [com.android.org.conscrypt.OpenSSLSocketFactoryImpl]
D/S4URC   ( 5980): [SDK] [android.app.ApplicationPackageManager] [getPackageInfo] [FindPackageName][String] [com.sy.enjoy.app]
D/S4URC   ( 5980): [SDK] [java.io.File] [getPath] [FilePath][String] [/data/data/com.sy.enjoy.app/shared_prefs/mobclick_agent_online_setting_com.sy.enjoy.app.xml]
D/S4URC   ( 5980): [SDK] [android.content.ContextWrapper][getSharedPreferences] [File][mobclick_agent_online_setting_com.sy.enjoy.app.xml] [MODE][MODE_PRIVATE]
D/S4URC   ( 5980): [SDK] [java.io.File] [exists] [FilePath][String] [/data/data/com.sy.enjoy.app/shared_prefs/mobclick_agent_online_setting_com.sy.enjoy.app.xml.bak]
D/S4URC   ( 5980): [SDK] [java.io.File] [exists] [FilePath][String] [/data/data/com.sy.enjoy.app/shared_prefs/mobclick_agent_online_setting_com.sy.enjoy.app.xml]
D/S4URC   ( 5980): [SDK] [java.io.File] [getPath] [FilePath][String] [/data/data/com.sy.enjoy.app/shared_prefs/mobclick_agent_online_setting_com.sy.enjoy.app.xml]
D/S4URC   ( 5980): [SDK] [android.content.ContextWrapper][getSharedPreferences] [File][mobclick_agent_online_setting_com.sy.enjoy.app.xml] [MODE][MODE_PRIVATE] [Method][getInt] [Int][umeng_net_report_policy] [Return][-1]
D/S4URC   ( 5980): [SDK] [android.content.ContextWrapper][getSharedPreferences] [File][mobclick_agent_online_setting_com.sy.enjoy.app.xml] [MODE][MODE_PRIVATE] [Method][getInt] [Int][umeng_local_report_policy] [Return][1]
D/S4URC   ( 5980): [SDK] [android.content.ContextWrapper][getSharedPreferences] [File][mobclick_agent_online_setting_com.sy.enjoy.app.xml] [MODE][MODE_PRIVATE] [Method][getIong] [Iong][umeng_local_report_interval] [Return][0]
D/S4URC   ( 5980): [SDK] [java.io.File] [getPath] [FilePath][String] [/data/data/com.sy.enjoy.app]
D/S4URC   ( 5980): [SDK] [java.io.File] [getPath] [FilePath][String] [/data/data/com.sy.enjoy.app/databases]
D/S4URC   ( 5980): [SDK] [java.io.File] [isDirectory] [FilePath][String] [/data/data/com.sy.enjoy.app/databases]
D/S4URC   ( 5980): [SDK] [java.io.File] [getPath] [FilePath][String] [/data/data/com.sy.enjoy.app/databases/app_download_record]
D/S4URC   ( 5980): [SDK] [android.app.ApplicationPackageManager] [getApplicationInfo] [FindApplicationName][String] [com.sy.enjoy.app]
D/S4URC   ( 5980): [SDK] [java.io.File] [getPath] [FilePath][String] [/data/data/com.sy.enjoy.app]
D/S4URC   ( 5980): [SDK] [java.io.File] [getPath] [FilePath][String] [/data/data/com.sy.enjoy.app/shared_prefs]
D/S4URC   ( 5980): [SDK] [java.io.File] [getPath] [FilePath][String] [/data/data/com.sy.enjoy.app/shared_prefs/config.xml]
D/S4URC   ( 5980): [SDK] [java.io.File] [Constructor] [FilePath][String] [/data/data/com.sy.enjoy.app/shared_prefs/config.xml.bak]
D/S4URC   ( 5980): [SDK] [java.io.File] [exists] [FilePath][String] [/data/data/com.sy.enjoy.app/shared_prefs/config.xml]
D/S4URC   ( 5980): [SDK] [java.io.File] [canRead] [FilePath][String] [/data/data/com.sy.enjoy.app/shared_prefs/config.xml]
D/S4URC   ( 5980): [SDK] [java.io.File] [getPath] [FilePath][String] [/data/data/com.sy.enjoy.app/shared_prefs/config.xml]
D/S4URC   ( 5980): [SDK] [java.io.File] [exists] [FilePath][String] [/data/data/com.sy.enjoy.app/shared_prefs/config.xml]
D/S4URC   ( 5980): [SDK] [java.io.File] [canRead] [FilePath][String] [/data/data/com.sy.enjoy.app/shared_prefs/config.xml]
D/S4URC   ( 5980): [SDK] [java.io.File] [getPath] [FilePath][String] [/data/data/com.sy.enjoy.app/shared_prefs/config.xml]
D/S4URC   ( 5980): [SDK] [java.io.File] [exists] [FilePath][String] [/data/data/com.sy.enjoy.app/shared_prefs/config.xml.bak]
D/S4URC   ( 5980): [SDK] [android.content.ContextWrapper][getSharedPreferences] [File][config.xml] [MODE][MODE_WORLD_READABLE]
D/S4URC   ( 5980): [SDK] [java.io.File] [exists] [FilePath][String] [/data/data/com.sy.enjoy.app/shared_prefs/config.xml]
D/S4URC   ( 5980): [SDK] [java.io.File] [canRead] [FilePath][String] [/data/data/com.sy.enjoy.app/shared_prefs/config.xml]
D/S4URC   ( 5980): [SDK] [java.io.File] [getPath] [FilePath][String] [/data/data/com.sy.enjoy.app/shared_prefs/config.xml]
D/S4URC   ( 5980): [SDK] [java.io.File] [canRead] [FilePath][String] [/data/data/com.sy.enjoy.app/shared_prefs/config.xml]
D/S4URC   ( 5980): [SDK] [java.io.File] [getPath] [FilePath][String] [/data/data/com.sy.enjoy.app/shared_prefs/config.xml]
D/S4URC   ( 5980): [SDK] [android.content.ContextWrapper][getSharedPreferences] [File][config.xml] [MODE][MODE_WORLD_READABLE] [Method][getString] [String][app_uuid] [Return][null]
D/S4URC   ( 5980): [SDK] [java.io.File] [getPath] [FilePath][String] [/data/data/com.sy.enjoy.app/shared_prefs/config.xml]
D/S4URC   ( 5980): [SDK] [android.content.ContextWrapper][getSharedPreferences] [File][config.xml] [MODE][MODE_WORLD_READABLE]
D/S4URC   ( 5980): [SDK] [android.content.ContextWrapper][getSharedPreferences] [File][config.xml] [MODE][MODE_WORLD_READABLE] [Method][getInt] [Int][start_app_count] [Return][1]
D/S4URC   ( 5980): [SDK] [java.io.File] [getPath] [FilePath][String] [/data/data/com.sy.enjoy.app/shared_prefs/config.xml]
D/S4URC   ( 5980): [SDK] [android.content.ContextWrapper][getSharedPreferences] [File][config.xml] [MODE][MODE_PRIVATE]
D/S4URC   ( 5980): [SDK] [android.content.ContextWrapper][getSharedPreferences] [File][config.xml] [MODE][MODE_PRIVATE] [Method][putInt] [Key][start_app_count] [Value][2]
D/S4URC   ( 5980): [SDK] [java.io.File] [exists] [FilePath][String] [/data/data/com.sy.enjoy.app/shared_prefs/config.xml]
D/S4URC   ( 5980): [SDK] [java.io.File] [exists] [FilePath][String] [/data/data/com.sy.enjoy.app/shared_prefs/config.xml.bak]
