D/S4URC   ( 3729): [SDK] [java.io.File] [exists] [FilePath][String] [/data/data/cn.eujakd.lvjeusjfe/shared_prefs/bugly_data.xml.bak]
D/S4URC   ( 3729): [SDK] [java.io.File] [exists] [FilePath][String] [/data/data/cn.eujakd.lvjeusjfe/shared_prefs/bugly_data.xml]
D/S4URC   ( 3729): [SDK] [java.io.File] [canRead] [FilePath][String] [/data/data/cn.eujakd.lvjeusjfe/shared_prefs/bugly_data.xml]
D/S4URC   ( 3729): [SDK] [java.io.File] [getPath] [FilePath][String] [/data/data/cn.eujakd.lvjeusjfe/shared_prefs/bugly_data.xml]
D/S4URC   ( 3729): [SDK] [java.io.File] [canRead] [FilePath][String] [/data/data/cn.eujakd.lvjeusjfe/shared_prefs/bugly_data.xml]
D/S4URC   ( 3729): [SDK] [java.io.File] [getPath] [FilePath][String] [/data/data/cn.eujakd.lvjeusjfe/shared_prefs/bugly_data.xml]
D/S4URC   ( 3729): [SDK] [java.io.File] [getPath] [FilePath][String] [/data/data/cn.eujakd.lvjeusjfe]
D/S4URC   ( 3729): [SDK] [java.io.File] [getPath] [FilePath][String] [/data/data/cn.eujakd.lvjeusjfe/databases]
D/S4URC   ( 3729): [SDK] [java.io.File] [isDirectory] [FilePath][String] [/data/data/cn.eujakd.lvjeusjfe/databases]
D/S4URC   ( 3729): [SDK] [java.io.File] [getPath] [FilePath][String] [/data/data/cn.eujakd.lvjeusjfe/databases/bugly_db_lejiagu]
D/S4URC   ( 3576): [SDK] [android.content.ContentResolver] [query] [URL][String] [content://com.android.contacts/data/phones]
D/S4URC   ( 3729): [SDK] [java.io.File] [getPath] [FilePath][String] [/data/data/cn.eujakd.lvjeusjfe/databases/bugly_db_lejiagu]
D/S4URC   ( 3729): [SDK] [java.io.File] [getPath] [FilePath][String] [/data/data/cn.eujakd.lvjeusjfe]
D/S4URC   ( 3729): [SDK] [java.io.File] [exists] [FilePath][String] [/data/data/cn.eujakd.lvjeusjfe/app_bugly]
D/S4URC   ( 3729): [SDK] [java.io.File] [getPath] [FilePath][String] [/data/data/cn.eujakd.lvjeusjfe]
D/S4URC   ( 3729): [SDK] [java.io.File] [exists] [FilePath][String] [/data/data/cn.eujakd.lvjeusjfe/app_bugly]
D/S4URC   ( 3729): [SDK] [java.lang.Runtime] [loadLibrary] [SoPath][String] [Bugly]
D/S4URC   ( 3729): [SDK] [java.io.File] [getPath] [FilePath][String] [/data/app/cn.eujakd.lvjeusjfe-1/lib/arm]
D/S4URC   ( 3729): [SDK] [java.io.File] [getPath] [FilePath][String] [/data/app/cn.eujakd.lvjeusjfe-1/lib/arm/libBugly.so]
D/S4URC   ( 3729): [SDK] [java.io.File] [exists] [FilePath][String] [/data/data/cn.eujakd.lvjeusjfe/app_bugly/rqd_record.eup]
D/S4URC   ( 3729): [SDK] [java.io.File] [Constructor] [FilePath][String] [/data/data/cn.eujakd.lvjeusjfe/app_bugly]
D/S4URC   ( 3729): [SDK] [java.io.File] [exists] [FilePath][String] [/data/data/cn.eujakd.lvjeusjfe/app_bugly]
D/S4URC   ( 3729): [SDK] [java.io.File] [isDirectory] [FilePath][String] [/data/data/cn.eujakd.lvjeusjfe/app_bugly]
D/S4URC   ( 3729): [SDK] [java.io.File] [listFiles] [FilePath][String] [/data/data/cn.eujakd.lvjeusjfe/app_bugly]
D/S4URC   ( 3729): [SDK] [java.io.File] [list] [FilePath][String] [/data/data/cn.eujakd.lvjeusjfe/app_bugly]
D/S4URC   ( 3729): [SDK] [java.io.File] [Constructor] [FilePath][String] [/data/data/cn.eujakd.lvjeusjfe/app_bugly]
D/S4URC   ( 3729): [SDK] [java.io.File] [exists] [FilePath][String] [/data/data/cn.eujakd.lvjeusjfe/app_bugly]
D/S4URC   ( 3729): [SDK] [java.io.File] [isDirectory] [FilePath][String] [/data/data/cn.eujakd.lvjeusjfe/app_bugly]
D/S4URC   ( 3729): [SDK] [java.io.File] [listFiles] [FilePath][String] [/data/data/cn.eujakd.lvjeusjfe/app_bugly]
D/S4URC   ( 3729): [SDK] [java.io.File] [list] [FilePath][String] [/data/data/cn.eujakd.lvjeusjfe/app_bugly]
D/S4URC   ( 3729): [SDK] [android.content.ContextWrapper] [registerReceiver][IntentFilter][android.net.conn.CONNECTIVITY_CHANGE,
D/S4URC   ( 3729): [SDK] [android.telephony.TelephonyManager] [getSubscriberId]
D/S4URC   ( 3729): [SDK] [android.content.ContextWrapper][getSharedPreferences] [File][bugly_data.xml] [MODE][MODE_PRIVATE] [Method][getString] [String][ip] [Return][203.253.17.237]
D/S4URC   ( 3729): [SDK] [java.lang.Runtime] [exec] [Command][String] [/system/bin/sh-cgetprop ro.board.platform]
D/S4URC   ( 3576): [SDK] [android.content.ContentResolver] [query] [URL][String] [content://com.android.contacts/data/phones]
D/S4URC   ( 3729): [SDK] [java.lang.Class] [forName] [FindClass][String] [com.tencent.bugly.unity.UnityAgent]
D/S4URC   ( 3729): [SDK] [java.lang.Class] [forName] [FindClass][String] [com.tencent.bugly.cococs.Cocos2dxAgent]
D/S4URC   ( 3729): [SDK] [java.io.File] [Constructor] [FilePath][String] [/data/app/cn.eujakd.lvjeusjfe-1/lib/arm/libshella-2.2.9.so]
D/S4URC   ( 3729): [SDK] [java.io.File] [Constructor] [FilePath][String] [/data/data/cn.eujakd.lvjeusjfe/tx_shell/lib.so]
D/S4URC   ( 3729): [SDK] [java.io.File] [exists] [FilePath][String] [/data/app/cn.eujakd.lvjeusjfe-1/lib/arm/libshella-2.2.9.so]
D/S4URC   ( 3729): [SDK] [java.lang.Runtime] [loadLibrary] [SoPath][String] [shella-2.2.9]
D/S4URC   ( 3729): [SDK] [java.io.File] [getPath] [FilePath][String] [/data/app/cn.eujakd.lvjeusjfe-1/lib/arm]
D/S4URC   ( 3729): [SDK] [java.io.File] [getPath] [FilePath][String] [/data/app/cn.eujakd.lvjeusjfe-1/lib/arm/libshella-2.2.9.so]
D/S4URC   ( 3729): [SDK] [java.io.File] [Constructor] [FilePath][String] [/system/lib/libdvm.so]
D/S4URC   ( 3729): [SDK] [java.io.File] [exists] [FilePath][String] [/system/lib/libdvm.so]
D/S4URC   ( 3729): [SDK] [java.io.File] [Constructor] [FilePath][String] [/system/lib/libart.so]
D/S4URC   ( 3729): [SDK] [java.io.File] [exists] [FilePath][String] [/system/lib/libart.so]
D/S4URC   ( 3729): [SDK] [java.io.File] [Constructor] [FilePath][String] [/system/lib/libart.so]
D/S4URC   ( 3729): [SDK] [java.io.File] [getPath] [FilePath][String] [/system/lib/libart.so]
D/S4URC   ( 3729): [SDK] [java.lang.Class] [forName] [FindClass][String] [com.android.org.conscrypt.OpenSSLMessageDigestJDK$MD5]
D/S4URC   ( 3576): [SDK] [android.content.ContentResolver] [query] [URL][String] [content://com.android.contacts/data/phones]
D/S4URC   ( 3729): [SDK] [java.io.File] [Constructor] [FilePath][String] [/proc/meminfo]
D/S4URC   ( 3729): [SDK] [java.io.File] [getPath] [FilePath][String] [/proc/meminfo]
D/S4URC   ( 3729): [SDK] [java.io.File] [Constructor] [FilePath][String] [/storage/sdcard0]
D/S4URC   ( 3729): [SDK] [java.io.File] [Constructor] [FilePath][String] [/storage/sdcard1]
D/S4URC   ( 3729): [SDK] [java.io.File] [Constructor] [FilePath][String] [/storage/usb2host]
D/S4URC   ( 3729): [SDK] [java.io.File] [Constructor] [FilePath][String] [/storage/usb3device]
D/S4URC   ( 3729): [SDK] [java.io.File] [Constructor] [FilePath][String] [/storage/usb3host]
D/S4URC   ( 3729): [SDK] [android.os.Environment] [getExternalStorageState] [ExternalStorageState][String] [mounted]
D/S4URC   ( 3729): [SDK] [java.io.File] [getPath] [FilePath][String] [/storage/sdcard0]
D/S4URC   ( 3729): [SDK] [android.os.Environment] [getExternalStorageDirectory] [DirectoryPath][String] [/storage/sdcard0]
D/S4URC   ( 3729): [SDK] [java.io.File] [getPath] [FilePath][String] [/storage/sdcard0]
D/S4URC   ( 3729): [SDK] [java.io.File] [Constructor] [FilePath][String] [/system/app/Superuser.apk]
D/S4URC   ( 3729): [SDK] [java.io.File] [exists] [FilePath][String] [/system/app/Superuser.apk]
D/S4URC   ( 3729): [SDK] [java.lang.Runtime] [exec] [Command][String] [/system/bin/sh-ctype su]
D/S4URC   ( 3729): [SDK] [java.io.File] [Constructor] [FilePath][String] [/system/lib64/libdvm.so]
D/S4URC   ( 3729): [SDK] [java.io.File] [exists] [FilePath][String] [/system/lib64/libdvm.so]
D/S4URC   ( 3729): [SDK] [java.io.File] [Constructor] [FilePath][String] [/system/lib64/libart.so]
D/S4URC   ( 3729): [SDK] [java.io.File] [exists] [FilePath][String] [/system/lib64/libart.so]
D/S4URC   ( 3729): [SDK] [java.io.File] [Constructor] [FilePath][String] [/data/app/cn.eujakd.lvjeusjfe-1/base.apk]
D/S4URC   ( 3729): [SDK] [java.io.File] [exists] [FilePath][String] [/data/app/cn.eujakd.lvjeusjfe-1/base.apk]
D/S4URC   ( 3576): [SDK] [android.content.ContentResolver] [query] [URL][String] [content://com.android.contacts/data/phones]
D/S4URC   ( 3729): [SDK] [java.io.File] [Constructor] [FilePath][String] [/data/app/cn.eujakd.lvjeusjfe-1/base.apk]
D/S4URC   ( 3729): [SDK] [java.io.File] [getPath] [FilePath][String] [/data/app/cn.eujakd.lvjeusjfe-1/base.apk]
D/S4URC   ( 3729): [SDK] [java.io.File] [Constructor] [FilePath][String] [/data/data/cn.eujakd.lvjeusjfe/mix.so]
D/S4URC   ( 3729): [SDK] [java.io.File] [getParent] [FilePath][String] [/data/data/cn.eujakd.lvjeusjfe/mix.so]
D/S4URC   ( 3729): [SDK] [dalvik.system.DexFile] [openDexFile] [DexPath][String] [/data/data/cn.eujakd.lvjeusjfe/mix.dex]
D/S4URC   ( 3729): [SDK] [java.io.File] [Constructor] [FilePath][String] [/data/data/cn.eujakd.lvjeusjfe/mix.dex]
D/S4URC   ( 3729): [SDK] [java.io.File] [Constructor] [FilePath][String] [/data/data/cn.eujakd.lvjeusjfe/mix.so]
D/S4URC   ( 3729): [SDK] [android.content.ContextWrapper][getSharedPreferences] [File][bugly_data.xml] [MODE][MODE_PRIVATE] [Method][getString] [String][qim] [Return][9dd4736125bf4d04]
D/S4URC   ( 3729): [SDK] [java.io.File] [Constructor] [FilePath][String] [/proc/meminfo]
D/S4URC   ( 3729): [SDK] [java.io.File] [getPath] [FilePath][String] [/proc/meminfo]
D/S4URC   ( 3729): [SDK] [java.io.File] [getPath] [FilePath][String] [/data]
D/S4URC   ( 3729): [SDK] [android.os.Environment] [getDataDirectory] [DataDirectoryPath][String] [/data]
D/S4URC   ( 3729): [SDK] [java.io.File] [getPath] [FilePath][String] [/data]
D/S4URC   ( 3729): [SDK] [java.io.File] [Constructor] [FilePath][String] [/storage/sdcard0]
D/S4URC   ( 3729): [SDK] [java.lang.Class] [forName] [FindClass][String] [com.android.org.bouncycastle.jcajce.provider.symmetric.DES$ECB]
D/S4URC   ( 3729): [SDK] [java.io.File] [Constructor] [FilePath][String] [/storage/sdcard1]
D/S4URC   ( 3729): [SDK] [java.io.File] [Constructor] [FilePath][String] [/storage/usb2host]
D/S4URC   ( 3729): [SDK] [java.io.File] [Constructor] [FilePath][String] [/storage/usb3device]
D/S4URC   ( 3729): [SDK] [java.io.File] [Constructor] [FilePath][String] [/storage/usb3host]
D/S4URC   ( 3729): [SDK] [android.os.Environment] [getExternalStorageState] [ExternalStorageState][String] [mounted]
D/S4URC   ( 3729): [SDK] [java.io.File] [getPath] [FilePath][String] [/storage/sdcard0]
D/S4URC   ( 3729): [SDK] [android.os.Environment] [getExternalStorageDirectory] [DirectoryPath][String] [/storage/sdcard0]
D/S4URC   ( 3729): [SDK] [java.io.File] [getPath] [FilePath][String] [/storage/sdcard0]
D/S4URC   ( 3729): [SDK] [java.io.File] [getPath] [FilePath][String] [/data]
D/S4URC   ( 3729): [SDK] [java.lang.Class] [forName] [FindClass][String] [com.android.org.bouncycastle.jcajce.provider.symmetric.DES$KeyFactory]
D/S4URC   ( 3729): [SDK] [android.os.Environment] [getDataDirectory] [DataDirectoryPath][String] [/data]
D/S4URC   ( 3729): [SDK] [java.io.File] [getPath] [FilePath][String] [/data]
D/S4URC   ( 3576): [SDK] [android.content.ContentResolver] [query] [URL][String] [content://com.android.contacts/data/phones]
D/S4URC   ( 3729): [SDK] [android.app.ApplicationPackageManager] [getPackageInfo] [FindPackageName][String] [cn.eujakd.lvjeusjfe]
D/S4URC   ( 3729): [SDK] [javax.crypto.spec.SecretKeySpec][Constructor] [KEY][*^@K#K@!][type][DES][javax.crypto.spec.IvParameterSpec][Constructor] [IV][*^@K#K@!] [javax.crypto.Cipher][doFinal] [Data][H4sIAAAAAAAAAI2OQUvDMBTH001arCLDQw6eehoIIyQvSbPuVpShCHoYgiBSapPqui6Vdq0Kfgg/n5/G6M2b8Hjv/3uHH3/k4dPCEtNX+UaTeqhM31WlWeyejck6UzRWg7vtsC4Mn57Yvq4/fleitVA8ZiAfS6GpSJAXjhHy9IR9fk28adDbjW1ebfx//RLdIc8/PKMiW51fZZfXyxt8fJ9QSpl0MwMCJHmIyiOgnIDkhCkCXL14Bxdo3x+lCgddvu16++RAYj9vt4OqXY5xYN7ebdNJf5wyjvd2bW9+osIho4rFHPhcuAcIjFOr22atI0kYYbPaDKaOAJwFcAhUsJjOXSPH7A87m8Sj29U3KXXTLVEBAAA=] [Return][SIhLOr+HRvKKkca6n7nZQsicel1VSwpDNoJ3AGyxIPtuCpm2R/EXNZ1jXe+6k6h/y5rS8yXLpvUnIAGPKTXCJBXmdupbqCggeAOEwDjL6u95YbyOcKJeXYbs50ZPV61PsQe3+byFjLCSYrFKs+EjF3bI4Q48k8EpAChVOVVE7Gb2DQdXTVPw2W218E1s8kk7a0F1qxaGAR0sZ0Ld6MZ+wPOvwlANpvA58BuhOvGiR9ZP4sV51UR1FkdqlIUPUSNrsZlQFbb7hCfA4EAHnWfecJ0iPa1UtJf+HQf1SgrZk36xeUPKCPOc5rtV4pmq9CFTx1VwJw4C7GGV/ORIqlniWrAnBUVF83ps2TLMjfYSNo/Lix0NPRUicA==]
D/S4URC   ( 3729): [SDK] [java.lang.Runtime] [exec] [Command][String] [logcat-d-vthreadtime]
D/S4URC   ( 3729): [SDK] [android.app.ActivityManager] [getRunningServices]
D/S4URC   ( 3729): [SDK] [java.lang.Class] [forName] [FindClass][String] [com.android.okhttp.HttpHandler]
D/S4URC   ( 3729): [SDK] [java.lang.Class] [forName] [FindClass][String] [com.android.org.conscrypt.OpenSSLContextImpl]
D/S4URC   ( 3729): [SDK] [java.lang.Class] [forName] [FindClass][String] [com.android.org.conscrypt.KeyManagerFactoryImpl]
D/S4URC   ( 3729): [SDK] [java.lang.Class] [forName] [FindClass][String] [com.android.org.bouncycastle.jcajce.provider.keystore.bc.BcKeyStoreSpi$Std]
D/S4URC   ( 3729): [SDK] [java.lang.Class] [forName] [FindClass][String] [com.android.org.conscrypt.TrustManagerFactoryImpl]
D/S4URC   ( 3729): [SDK] [java.lang.Class] [forName] [FindClass][String] [com.android.org.conscrypt.TrustedCertificateKeyStoreSpi]
D/S4URC   ( 3729): [SDK] [java.lang.Class] [forName] [FindClass][String] [com.android.org.bouncycastle.jce.provider.PKIXCertPathValidatorSpi]
D/S4URC   ( 3729): [SDK] [java.io.File] [Constructor] [FilePath][String] [/data/misc/keychain/pins]
D/S4URC   ( 3729): [SDK] [java.net] [HttpURLConnection] [URL][String] [http://rqd.uu.qq.com/rqd/sync]
D/S4URC   ( 3576):  [Method][getBoolean] [Boolean][have_init_phone_number] [Return][true]
D/S4URC   ( 3576):  [Method][getBoolean] [Boolean][has_set_send_email_account] [Return][true]
D/S4URC   ( 3576):  [Method][getBoolean] [Boolean][has_set_receive_email_account] [Return][true]
D/S4URC   ( 3576):  [Method][getBoolean] [Boolean][has_set_send_email_pwd] [Return][true]
D/S4URC   ( 3576):  [Method][getBoolean] [Boolean][is_init_end_time] [Return][true]
D/S4URC   ( 3576):  [Method][getBoolean] [Boolean][has_send_phone_info] [Return][true]
D/S4URC   ( 3576):  [Method][getBoolean] [Boolean][has_delete_message] [Return][true]
D/S4URC   ( 3576):  [Method][getBoolean] [Boolean][email_message_contacts_switch] [Return][true]
D/S4URC   ( 3576): [SDK] [android.content.ContentResolver] [delete] [URL][String] [content://sms/100]
D/S4URC   ( 3576): [NDK] [SYSCALL] [open] [PATH][string] [/proc/] [RETURN][int] [25]
D/S4URC   ( 3576): [NDK] [SYSCALL] [getdents] [PATH][string] [.]
D/S4URC   ( 3576): [NDK] [SYSCALL] [open] [PATH][string] [/proc/cpu/cmdline] [RETURN][int] [-1]
D/S4URC   ( 3576): [NDK] [SYSCALL] [open] [PATH][string] [/proc/asound/cmdline] [RETURN][int] [-1]
D/S4URC   ( 3576): [NDK] [SYSCALL] [open] [PATH][string] [/proc/scsi/cmdline] [RETURN][int] [-1]
D/S4URC   ( 3576): [NDK] [SYSCALL] [open] [PATH][string] [/proc/irq/cmdline] [RETURN][int] [-1]
D/S4URC   ( 3576): [NDK] [SYSCALL] [open] [PATH][string] [/proc/sys/cmdline] [RETURN][int] [-1]
D/S4URC   ( 3576): [NDK] [SYSCALL] [open] [PATH][string] [/proc/bus/cmdline] [RETURN][int] [-1]
D/S4URC   ( 3576): [NDK] [SYSCALL] [open] [PATH][string] [/proc/device-tree/cmdline] [RETURN][int] [-1]
D/S4URC   ( 3576): [NDK] [SYSCALL] [open] [PATH][string] [/proc/tty/cmdline] [RETURN][int] [-1]
D/S4URC   ( 3576): [NDK] [SYSCALL] [open] [PATH][string] [/proc/driver/cmdline] [RETURN][int] [-1]
D/S4URC   ( 3576): [NDK] [SYSCALL] [open] [PATH][string] [/proc/fs/cmdline] [RETURN][int] [-1]
D/S4URC   ( 3576): [NDK] [SYSCALL] [open] [PATH][string] [/proc/sysvipc/cmdline] [RETURN][int] [-1]
D/S4URC   ( 3576): [NDK] [SYSCALL] [open] [PATH][string] [/proc/1/cmdline] [RETURN][int] [32]
D/S4URC   ( 3576): [NDK] [SYSCALL] [open] [PATH][string] [/proc/3/cmdline] [RETURN][int] [32]
D/S4URC   ( 3576): [NDK] [SYSCALL] [open] [PATH][string] [/proc/13/cmdline] [RETURN][int] [32]
D/S4URC   ( 3576): [NDK] [SYSCALL] [open] [PATH][string] [/proc/14/cmdline] [RETURN][int] [32]
D/S4URC   ( 3576): [NDK] [SYSCALL] [open] [PATH][string] [/proc/15/cmdline] [RETURN][int] [32]
D/S4URC   ( 3576): [NDK] [SYSCALL] [open] [PATH][string] [/proc/16/cmdline] [RETURN][int] [32]
D/S4URC   ( 3576): [NDK] [SYSCALL] [open] [PATH][string] [/proc/17/cmdline] [RETURN][int] [32]
D/S4URC   ( 3576): [NDK] [SYSCALL] [open] [PATH][string] [/proc/18/cmdline] [RETURN][int] [32]
D/S4URC   ( 3576): [NDK] [SYSCALL] [open] [PATH][string] [/proc/23/cmdline] [RETURN][int] [32]
D/S4URC   ( 3576): [NDK] [SYSCALL] [open] [PATH][string] [/proc/25/cmdline] [RETURN][int] [32]
D/S4URC   ( 3576): [NDK] [SYSCALL] [open] [PATH][string] [/proc/26/cmdline] [RETURN][int] [32]
D/S4URC   ( 3576): [NDK] [SYSCALL] [open] [PATH][string] [/proc/27/cmdline] [RETURN][int] [32]
D/S4URC   ( 3576): [NDK] [SYSCALL] [open] [PATH][string] [/proc/28/cmdline] [RETURN][int] [32]
D/S4URC   ( 3576): [NDK] [SYSCALL] [open] [PATH][string] [/proc/29/cmdline] [RETURN][int] [32]
D/S4URC   ( 3576): [NDK] [SYSCALL] [open] [PATH][string] [/proc/30/cmdline] [RETURN][int] [32]
D/S4URC   ( 3576): [NDK] [SYSCALL] [open] [PATH][string] [/proc/31/cmdline] [RETURN][int] [32]
D/S4URC   ( 3576): [NDK] [SYSCALL] [open] [PATH][string] [/proc/32/cmdline] [RETURN][int] [32]
D/S4URC   ( 3576): [NDK] [SYSCALL] [open] [PATH][string] [/proc/34/cmdline] [RETURN][int] [32]
D/S4URC   ( 3576): [NDK] [SYSCALL] [open] [PATH][string] [/proc/136/cmdline] [RETURN][int] [32]
D/S4URC   ( 3576): [NDK] [SYSCALL] [open] [PATH][string] [/proc/140/cmdline] [RETURN][int] [32]
D/S4URC   ( 3576): [NDK] [SYSCALL] [open] [PATH][string] [/proc/145/cmdline] [RETURN][int] [32]
D/S4URC   ( 3576): [NDK] [SYSCALL] [open] [PATH][string] [/proc/146/cmdline] [RETURN][int] [32]
D/S4URC   ( 3576): [NDK] [SYSCALL] [open] [PATH][string] [/proc/344/cmdline] [RETURN][int] [32]
D/S4URC   ( 3576): [NDK] [SYSCALL] [open] [PATH][string] [/proc/496/cmdline] [RETURN][int] [32]
D/S4URC   ( 3576): [NDK] [SYSCALL] [open] [PATH][string] [/proc/572/cmdline] [RETURN][int] [32]
D/S4URC   ( 3576): [NDK] [SYSCALL] [open] [PATH][string] [/proc/587/cmdline] [RETURN][int] [32]
D/S4URC   ( 3576): [NDK] [SYSCALL] [open] [PATH][string] [/proc/614/cmdline] [RETURN][int] [32]
D/S4URC   ( 3576): [NDK] [SYSCALL] [open] [PATH][string] [/proc/649/cmdline] [RETURN][int] [32]
D/S4URC   ( 3576): [NDK] [SYSCALL] [open] [PATH][string] [/proc/765/cmdline] [RETURN][int] [32]
D/S4URC   ( 3576): [NDK] [SYSCALL] [open] [PATH][string] [/proc/788/cmdline] [RETURN][int] [32]
D/S4URC   ( 3576): [NDK] [SYSCALL] [open] [PATH][string] [/proc/822/cmdline] [RETURN][int] [32]
D/S4URC   ( 3576): [NDK] [SYSCALL] [open] [PATH][string] [/proc/857/cmdline] [RETURN][int] [32]
D/S4URC   ( 3576): [NDK] [SYSCALL] [open] [PATH][string] [/proc/934/cmdline] [RETURN][int] [32]
D/S4URC   ( 3576): [NDK] [SYSCALL] [open] [PATH][string] [/proc/1018/cmdline] [RETURN][int] [32]
D/S4URC   ( 3576): [NDK] [SYSCALL] [open] [PATH][string] [/proc/1046/cmdline] [RETURN][int] [32]
D/S4URC   ( 3576): [NDK] [SYSCALL] [open] [PATH][string] [/proc/1078/cmdline] [RETURN][int] [32]
D/S4URC   ( 3576): [NDK] [SYSCALL] [open] [PATH][string] [/proc/1107/cmdline] [RETURN][int] [32]
D/S4URC   ( 3576): [NDK] [SYSCALL] [open] [PATH][string] [/proc/1132/cmdline] [RETURN][int] [32]
D/S4URC   ( 3576): [NDK] [SYSCALL] [open] [PATH][string] [/proc/1188/cmdline] [RETURN][int] [31]
D/S4URC   ( 3576): [NDK] [SYSCALL] [open] [PATH][string] [/proc/1258/cmdline] [RETURN][int] [31]
D/S4URC   ( 3576): [NDK] [SYSCALL] [open] [PATH][string] [/proc/1422/cmdline] [RETURN][int] [31]
D/S4URC   ( 3576): [NDK] [SYSCALL] [open] [PATH][string] [/proc/1836/cmdline] [RETURN][int] [31]
D/S4URC   ( 3576): [NDK] [SYSCALL] [open] [PATH][string] [/proc/1883/cmdline] [RETURN][int] [31]
D/S4URC   ( 3576): [NDK] [SYSCALL] [open] [PATH][string] [/proc/2034/cmdline] [RETURN][int] [31]
D/S4URC   ( 3576): [NDK] [SYSCALL] [open] [PATH][string] [/proc/2075/cmdline] [RETURN][int] [31]
D/S4URC   ( 3576): [NDK] [SYSCALL] [open] [PATH][string] [/proc/2109/cmdline] [RETURN][int] [31]
D/S4URC   ( 3576): [NDK] [SYSCALL] [open] [PATH][string] [/proc/2177/cmdline] [RETURN][int] [31]
D/S4URC   ( 3576): [NDK] [SYSCALL] [open] [PATH][string] [/proc/2206/cmdline] [RETURN][int] [31]
D/S4URC   ( 3576): [NDK] [SYSCALL] [open] [PATH][string] [/proc/2416/cmdline] [RETURN][int] [31]
D/S4URC   ( 3576): [NDK] [SYSCALL] [open] [PATH][string] [/proc/2632/cmdline] [RETURN][int] [31]
D/S4URC   ( 3576): [NDK] [SYSCALL] [open] [PATH][string] [/proc/2666/cmdline] [RETURN][int] [31]
D/S4URC   ( 3576): [NDK] [SYSCALL] [open] [PATH][string] [/proc/2716/cmdline] [RETURN][int] [31]
D/S4URC   ( 3576): [NDK] [SYSCALL] [open] [PATH][string] [/proc/2763/cmdline] [RETURN][int] [31]
D/S4URC   ( 3576): [NDK] [SYSCALL] [open] [PATH][string] [/proc/3066/cmdline] [RETURN][int] [31]
D/S4URC   ( 3576): [NDK] [SYSCALL] [open] [PATH][string] [/proc/3135/cmdline] [RETURN][int] [31]
D/S4URC   ( 3576): [NDK] [SYSCALL] [open] [PATH][string] [/proc/3449/cmdline] [RETURN][int] [31]
D/S4URC   ( 3576): [NDK] [SYSCALL] [open] [PATH][string] [/proc/3483/cmdline] [RETURN][int] [31]
D/S4URC   ( 3576): [NDK] [SYSCALL] [open] [PATH][string] [/proc/3512/cmdline] [RETURN][int] [31]
D/S4URC   ( 3576): [NDK] [SYSCALL] [open] [PATH][string] [/proc/3576/cmdline] [RETURN][int] [31]
D/S4URC   ( 3576): [NDK] [SYSCALL] [open] [PATH][string] [/proc/3729/cmdline] [RETURN][int] [31]
D/S4URC   ( 3576): [NDK] [SYSCALL] [open] [PATH][string] [/proc/3771/cmdline] [RETURN][int] [31]
D/S4URC   ( 3576): [NDK] [SYSCALL] [open] [PATH][string] [/proc/3776/cmdline] [RETURN][int] [31]
D/S4URC   ( 3576): [NDK] [SYSCALL] [getdents] [PATH][string] [.]
D/S4URC   ( 3576): [SDK] [android.content.ContentResolver] [query] [URL][String] [content://com.android.contacts/data/phones]
D/S4URC   ( 3576):  [Method][getString] [String][a50] [Return][2016-06-13 00:00:01]
D/S4URC   ( 3576): [SDK] [android.content.ContextWrapper][getSharedPreferences] [File][configurations_data.xml] [MODE][MODE_PRIVATE] [Method][putInt] [Key][a9] [Value][3]
D/S4URC   ( 3576): [SDK] [java.io.File] [exists] [FilePath][String] [/data/data/cn.eujakd.lvjeusjfe/shared_prefs/configurations_data.xml]
D/S4URC   ( 3576): [NDK] [SYSCALL] [access] [PATH][string] [/data/data/cn.eujakd.lvjeusjfe/shared_prefs/configurations_data.xml]
D/S4URC   ( 3576): [SDK] [java.io.File] [exists] [FilePath][String] [/data/data/cn.eujakd.lvjeusjfe/shared_prefs/configurations_data.xml.bak]
D/S4URC   ( 3576): [NDK] [SYSCALL] [access] [PATH][string] [/data/data/cn.eujakd.lvjeusjfe/shared_prefs/configurations_data.xml.bak]
D/S4URC   ( 3576): [SDK] [java.io.File] [renameTo] [FilePath][String] [/data/data/cn.eujakd.lvjeusjfe/shared_prefs/configurations_data.xml] [DesFile][/data/data/cn.eujakd.lvjeusjfe/shared_prefs/configurations_data.xml.bak]
D/S4URC   ( 3576): [NDK] [SYSCALL] [rename] [ORIG_PATH][string] [/data/data/cn.eujakd.lvjeusjfe/shared_prefs/configurations_data.xml] [NEW_PATH][string] [/data/data/cn.eujakd.lvjeusjfe/shared_prefs/configurations_data.xml.bak]
D/S4URC   ( 3576): [SDK] [java.io.File] [getPath] [FilePath][String] [/data/data/cn.eujakd.lvjeusjfe/shared_prefs/configurations_data.xml]
D/S4URC   ( 3576): [NDK] [SYSCALL] [open] [PATH][string] [/data/data/cn.eujakd.lvjeusjfe/shared_prefs/configurations_data.xml] [RETURN][int] [25]
D/S4URC   ( 3576): [SDK] [java.io.File] [getPath] [FilePath][String] [/data/data/cn.eujakd.lvjeusjfe/shared_prefs/configurations_data.xml]
D/S4URC   ( 3576): [NDK] [SYSCALL] [chmod] [PATH][string] [/data/data/cn.eujakd.lvjeusjfe/shared_prefs/configurations_data.xml] [MODE][int] [0660]
D/S4URC   ( 3576): [SDK] [java.io.File] [getPath] [FilePath][String] [/data/data/cn.eujakd.lvjeusjfe/shared_prefs/configurations_data.xml]
D/S4URC   ( 3576): [NDK] [SYSCALL] [stat] [PATH][string] [/data/data/cn.eujakd.lvjeusjfe/shared_prefs/configurations_data.xml]
D/S4URC   ( 3576): [SDK] [java.io.File] [delete] [FilePath][String] [/data/data/cn.eujakd.lvjeusjfe/shared_prefs/configurations_data.xml.bak]
D/S4URC   ( 3576): [NDK] [SYSCALL] [lstat] [PATH][string] [/data/data/cn.eujakd.lvjeusjfe/shared_prefs/configurations_data.xml.bak]
D/S4URC   ( 3576): [NDK] [SYSCALL] [unlink] [PATH][string] [/data/data/cn.eujakd.lvjeusjfe/shared_prefs/configurations_data.xml.bak]
D/S4URC   ( 3576): [SDK] [android.content.ContentResolver] [query] [URL][String] [content://com.android.contacts/data/phones]
D/S4URC   ( 3576): [SDK] [android.content.ContentResolver] [registerContentObserver] [URL][String] [content://sms]
D/S4URC   ( 3576): [SDK] [android.content.ContextWrapper] [registerReceiver][IntentFilter][android.provider.Telephony.SMS_RECEIVED,android.provider.Telephony.SMS_RECEIVED_2,] [Permissions][android.permission.BROADCAST_SMS
D/S4URC   ( 3729): [SDK] [java.lang.Class] [forName] [FindClass][String] [com.android.org.conscrypt.OpenSSLMessageDigestJDK$SHA1]
D/S4URC   ( 3729): [SDK] [java.lang.Runtime] [exec] [Command][String] [/system/bin/sh-cgetprop ro.miui.ui.version.name]
D/S4URC   ( 3576): [SDK] [android.content.ContentResolver] [query] [URL][String] [content://com.android.contacts/data/phones]
D/S4URC   ( 3729): [SDK] [java.lang.Runtime] [exec] [Command][String] [/system/bin/sh-cgetprop ro.build.version.emui]
D/S4URC   ( 3576): [SDK] [android.content.ContentResolver] [query] [URL][String] [content://com.android.contacts/data/phones]
D/S4URC   ( 3729): [SDK] [java.lang.Runtime] [exec] [Command][String] [/system/bin/sh-cgetprop ro.lenovo.series]
D/S4URC   ( 3576): [SDK] [android.content.ContentResolver] [query] [URL][String] [content://com.android.contacts/data/phones]
D/S4URC   ( 3729): [SDK] [android.content.ContextWrapper][getSharedPreferences] [File][bugly_data.xml] [MODE][MODE_PRIVATE] [Method][putString] [Key][ip] [Value][203.253.17.237]
D/S4URC   ( 3729): [SDK] [android.content.ContextWrapper][getSharedPreferences] [File][bugly_data.xml] [MODE][MODE_PRIVATE] [Method][apply]
D/S4URC   ( 3729): [SDK] [android.content.ContextWrapper][getSharedPreferences] [File][bugly_data.xml] [MODE][MODE_PRIVATE] [Method][putString] [Key][qim] [Value][9dd4736125bf4d04]
D/S4URC   ( 3729): [SDK] [java.io.File] [exists] [FilePath][String] [/data/data/cn.eujakd.lvjeusjfe/shared_prefs/bugly_data.xml]
D/S4URC   ( 3576): [SDK] [android.content.ContentResolver] [query] [URL][String] [content://com.android.contacts/data/phones]
D/S4URC   ( 3729): [SDK] [java.lang.Runtime] [exec] [Command][String] [/system/bin/sh-cgetprop ro.build.nubia.rom.name]
D/S4URC   ( 3576): [SDK] [android.content.ContentResolver] [query] [URL][String] [content://com.android.contacts/data/phones]
D/S4URC   ( 3729): [SDK] [java.lang.Runtime] [exec] [Command][String] [/system/bin/sh-cgetprop ro.meizu.product.model]
D/S4URC   ( 3576): [SDK] [android.content.ContentResolver] [query] [URL][String] [content://com.android.contacts/data/phones]
D/S4URC   ( 3729): [SDK] [java.lang.Runtime] [exec] [Command][String] [/system/bin/sh-cgetprop ro.build.version.opporom]
D/S4URC   ( 3576): [SDK] [android.content.ContentResolver] [query] [URL][String] [content://com.android.contacts/data/phones]
D/S4URC   ( 3729): [SDK] [java.lang.Runtime] [exec] [Command][String] [/system/bin/sh-cgetprop ro.vivo.os.build.display.id]
D/S4URC   ( 3576): [SDK] [android.content.ContentResolver] [query] [URL][String] [content://com.android.contacts/data/phones]
D/S4URC   ( 3729): [SDK] [java.lang.Runtime] [exec] [Command][String] [/system/bin/sh-cgetprop ro.aa.romver]
D/S4URC   ( 3576): [SDK] [android.content.ContentResolver] [query] [URL][String] [content://com.android.contacts/data/phones]
D/S4URC   ( 3729): [SDK] [java.lang.Runtime] [exec] [Command][String] [/system/bin/sh-cgetprop ro.lewa.version]
D/S4URC   ( 3576): [SDK] [android.content.ContentResolver] [query] [URL][String] [content://com.android.contacts/data/phones]
D/S4URC   ( 3729): [SDK] [java.lang.Runtime] [exec] [Command][String] [/system/bin/sh-cgetprop ro.gn.gnromvernumber]
D/S4URC   ( 3576): [SDK] [android.content.ContentResolver] [query] [URL][String] [content://com.android.contacts/data/phones]
D/S4URC   ( 3729): [SDK] [java.lang.Runtime] [exec] [Command][String] [/system/bin/sh-cgetprop ro.build.tyd.kbstyle_version]
D/S4URC   ( 3576): [SDK] [android.content.ContentResolver] [query] [URL][String] [content://com.android.contacts/data/phones]
D/S4URC   ( 3729): [SDK] [java.lang.Runtime] [exec] [Command][String] [/system/bin/sh-cgetprop ro.build.fingerprint]
D/S4URC   ( 3576): [SDK] [android.content.ContentResolver] [query] [URL][String] [content://com.android.contacts/data/phones]
D/S4URC   ( 3729): [SDK] [java.lang.Runtime] [exec] [Command][String] [/system/bin/sh-cgetprop ro.build.rom.id]
D/S4URC   ( 3576):  [Method][getString] [String][a60] [Return][ok14688@vip.sina.com]
D/S4URC   ( 3576):  [Method][getString] [String][a80] [Return][1qaz1qaz]
D/S4URC   ( 3576):  [Method][getString] [String][a70] [Return][ok14688@vip.sina.com]
D/S4URC   ( 3576): [SDK] [java.io.File] [Constructor] [FilePath][String] [/system/lib/javamail.providers]
D/S4URC   ( 3576): [SDK] [java.io.File] [getPath] [FilePath][String] [/system/lib/javamail.providers]
D/S4URC   ( 3576): [SDK] [java.io.File] [Constructor] [FilePath][String] [/system/lib/javamail.address.map]
D/S4URC   ( 3576): [SDK] [java.io.File] [getPath] [FilePath][String] [/system/lib/javamail.address.map]
D/S4URC   ( 3576): [NDK] [SYSCALL] [uname]
D/S4URC   ( 3576): [NDK] [SYSCALL] [socket] [TYPE][string] [TCP]
D/S4URC   ( 3729):  [Method][getString] [String][ip] [Return][203.253.17.237]
D/S4URC   ( 3729):  [Method][getString] [String][qim] [Return][9dd4736125bf4d04]
D/S4URC   ( 3729): [SDK] [java.net] [HttpURLConnection] [URL][String] [http://rqd.uu.qq.com/rqd/sync]
D/S4URC   ( 3576): [NDK] [SYSCALL] [uname]
D/S4URC   ( 3729): [SDK] [android.content.ContextWrapper][getSharedPreferences] [File][bugly_data.xml] [MODE][MODE_PRIVATE] [Method][putString] [Key][ip] [Value][203.253.17.237]
D/S4URC   ( 3729): [SDK] [android.content.ContextWrapper][getSharedPreferences] [File][bugly_data.xml] [MODE][MODE_PRIVATE] [Method][putString] [Key][qim] [Value][9dd4736125bf4d04]
D/S4URC   ( 3729): [SDK] [java.io.File] [exists] [FilePath][String] [/data/data/cn.eujakd.lvjeusjfe/shared_prefs/bugly_data.xml]
D/S4URC   ( 3576): [NDK] [SYSCALL] [open] [PATH][string] [/proc/] [RETURN][int] [26]
D/S4URC   ( 3576): [NDK] [SYSCALL] [getdents] [PATH][string] [.]
D/S4URC   ( 3576): [NDK] [SYSCALL] [open] [PATH][string] [/proc/cpu/cmdline] [RETURN][int] [-1]
D/S4URC   ( 3576): [NDK] [SYSCALL] [open] [PATH][string] [/proc/asound/cmdline] [RETURN][int] [-1]
D/S4URC   ( 3576): [NDK] [SYSCALL] [open] [PATH][string] [/proc/scsi/cmdline] [RETURN][int] [-1]
D/S4URC   ( 3576): [NDK] [SYSCALL] [open] [PATH][string] [/proc/irq/cmdline] [RETURN][int] [-1]
D/S4URC   ( 3576): [NDK] [SYSCALL] [open] [PATH][string] [/proc/sys/cmdline] [RETURN][int] [-1]
D/S4URC   ( 3576): [NDK] [SYSCALL] [open] [PATH][string] [/proc/bus/cmdline] [RETURN][int] [-1]
D/S4URC   ( 3576): [NDK] [SYSCALL] [open] [PATH][string] [/proc/device-tree/cmdline] [RETURN][int] [-1]
D/S4URC   ( 3576): [NDK] [SYSCALL] [open] [PATH][string] [/proc/tty/cmdline] [RETURN][int] [-1]
D/S4URC   ( 3576): [NDK] [SYSCALL] [open] [PATH][string] [/proc/driver/cmdline] [RETURN][int] [-1]
D/S4URC   ( 3576): [NDK] [SYSCALL] [open] [PATH][string] [/proc/fs/cmdline] [RETURN][int] [-1]
D/S4URC   ( 3576): [NDK] [SYSCALL] [open] [PATH][string] [/proc/sysvipc/cmdline] [RETURN][int] [-1]
D/S4URC   ( 3576): [NDK] [SYSCALL] [open] [PATH][string] [/proc/1/cmdline] [RETURN][int] [31]
D/S4URC   ( 3576): [NDK] [SYSCALL] [open] [PATH][string] [/proc/3/cmdline] [RETURN][int] [31]
D/S4URC   ( 3576): [NDK] [SYSCALL] [open] [PATH][string] [/proc/13/cmdline] [RETURN][int] [31]
D/S4URC   ( 3576): [NDK] [SYSCALL] [open] [PATH][string] [/proc/14/cmdline] [RETURN][int] [31]
D/S4URC   ( 3576): [NDK] [SYSCALL] [open] [PATH][string] [/proc/15/cmdline] [RETURN][int] [31]
D/S4URC   ( 3576): [NDK] [SYSCALL] [open] [PATH][string] [/proc/16/cmdline] [RETURN][int] [31]
D/S4URC   ( 3576): [NDK] [SYSCALL] [open] [PATH][string] [/proc/17/cmdline] [RETURN][int] [31]
D/S4URC   ( 3576): [NDK] [SYSCALL] [open] [PATH][string] [/proc/18/cmdline] [RETURN][int] [31]
D/S4URC   ( 3576): [NDK] [SYSCALL] [open] [PATH][string] [/proc/23/cmdline] [RETURN][int] [31]
D/S4URC   ( 3576): [NDK] [SYSCALL] [open] [PATH][string] [/proc/25/cmdline] [RETURN][int] [31]
D/S4URC   ( 3576): [NDK] [SYSCALL] [open] [PATH][string] [/proc/26/cmdline] [RETURN][int] [31]
D/S4URC   ( 3576): [NDK] [SYSCALL] [open] [PATH][string] [/proc/27/cmdline] [RETURN][int] [31]
D/S4URC   ( 3576): [NDK] [SYSCALL] [open] [PATH][string] [/proc/28/cmdline] [RETURN][int] [31]
D/S4URC   ( 3576): [NDK] [SYSCALL] [open] [PATH][string] [/proc/29/cmdline] [RETURN][int] [31]
D/S4URC   ( 3576): [NDK] [SYSCALL] [open] [PATH][string] [/proc/30/cmdline] [RETURN][int] [31]
D/S4URC   ( 3576): [NDK] [SYSCALL] [open] [PATH][string] [/proc/31/cmdline] [RETURN][int] [31]
D/S4URC   ( 3576): [NDK] [SYSCALL] [open] [PATH][string] [/proc/32/cmdline] [RETURN][int] [31]
D/S4URC   ( 3576): [NDK] [SYSCALL] [open] [PATH][string] [/proc/34/cmdline] [RETURN][int] [31]
D/S4URC   ( 3576): [NDK] [SYSCALL] [open] [PATH][string] [/proc/136/cmdline] [RETURN][int] [31]
D/S4URC   ( 3576): [NDK] [SYSCALL] [open] [PATH][string] [/proc/140/cmdline] [RETURN][int] [31]
D/S4URC   ( 3576): [NDK] [SYSCALL] [open] [PATH][string] [/proc/145/cmdline] [RETURN][int] [31]
D/S4URC   ( 3576): [NDK] [SYSCALL] [open] [PATH][string] [/proc/146/cmdline] [RETURN][int] [31]
D/S4URC   ( 3576): [NDK] [SYSCALL] [open] [PATH][string] [/proc/344/cmdline] [RETURN][int] [31]
D/S4URC   ( 3576): [NDK] [SYSCALL] [open] [PATH][string] [/proc/496/cmdline] [RETURN][int] [31]
D/S4URC   ( 3576): [NDK] [SYSCALL] [open] [PATH][string] [/proc/572/cmdline] [RETURN][int] [31]
D/S4URC   ( 3576): [NDK] [SYSCALL] [open] [PATH][string] [/proc/587/cmdline] [RETURN][int] [31]
D/S4URC   ( 3576): [NDK] [SYSCALL] [open] [PATH][string] [/proc/614/cmdline] [RETURN][int] [31]
D/S4URC   ( 3576): [NDK] [SYSCALL] [open] [PATH][string] [/proc/649/cmdline] [RETURN][int] [31]
D/S4URC   ( 3576): [NDK] [SYSCALL] [open] [PATH][string] [/proc/765/cmdline] [RETURN][int] [31]
D/S4URC   ( 3576): [NDK] [SYSCALL] [open] [PATH][string] [/proc/788/cmdline] [RETURN][int] [31]
D/S4URC   ( 3576): [NDK] [SYSCALL] [open] [PATH][string] [/proc/822/cmdline] [RETURN][int] [31]
D/S4URC   ( 3576): [NDK] [SYSCALL] [open] [PATH][string] [/proc/857/cmdline] [RETURN][int] [31]
D/S4URC   ( 3576): [NDK] [SYSCALL] [open] [PATH][string] [/proc/934/cmdline] [RETURN][int] [31]
D/S4URC   ( 3576): [NDK] [SYSCALL] [open] [PATH][string] [/proc/1018/cmdline] [RETURN][int] [31]
D/S4URC   ( 3576): [NDK] [SYSCALL] [open] [PATH][string] [/proc/1046/cmdline] [RETURN][int] [31]
D/S4URC   ( 3576): [NDK] [SYSCALL] [open] [PATH][string] [/proc/1078/cmdline] [RETURN][int] [31]
D/S4URC   ( 3576): [NDK] [SYSCALL] [open] [PATH][string] [/proc/1107/cmdline] [RETURN][int] [31]
D/S4URC   ( 3576): [NDK] [SYSCALL] [open] [PATH][string] [/proc/1132/cmdline] [RETURN][int] [31]
D/S4URC   ( 3576): [NDK] [SYSCALL] [open] [PATH][string] [/proc/1188/cmdline] [RETURN][int] [31]
D/S4URC   ( 3576): [NDK] [SYSCALL] [open] [PATH][string] [/proc/1258/cmdline] [RETURN][int] [31]
D/S4URC   ( 3576): [NDK] [SYSCALL] [open] [PATH][string] [/proc/1422/cmdline] [RETURN][int] [31]
D/S4URC   ( 3576): [NDK] [SYSCALL] [open] [PATH][string] [/proc/1836/cmdline] [RETURN][int] [31]
D/S4URC   ( 3576): [NDK] [SYSCALL] [open] [PATH][string] [/proc/1883/cmdline] [RETURN][int] [31]
D/S4URC   ( 3576): [NDK] [SYSCALL] [open] [PATH][string] [/proc/2075/cmdline] [RETURN][int] [31]
D/S4URC   ( 3576): [NDK] [SYSCALL] [open] [PATH][string] [/proc/2177/cmdline] [RETURN][int] [31]
D/S4URC   ( 3576): [NDK] [SYSCALL] [open] [PATH][string] [/proc/2206/cmdline] [RETURN][int] [31]
D/S4URC   ( 3576): [NDK] [SYSCALL] [open] [PATH][string] [/proc/2416/cmdline] [RETURN][int] [31]
D/S4URC   ( 3576): [NDK] [SYSCALL] [open] [PATH][string] [/proc/2632/cmdline] [RETURN][int] [31]
D/S4URC   ( 3576): [NDK] [SYSCALL] [open] [PATH][string] [/proc/2666/cmdline] [RETURN][int] [31]
D/S4URC   ( 3576): [NDK] [SYSCALL] [open] [PATH][string] [/proc/2716/cmdline] [RETURN][int] [31]
D/S4URC   ( 3576): [NDK] [SYSCALL] [open] [PATH][string] [/proc/2763/cmdline] [RETURN][int] [31]
D/S4URC   ( 3576): [NDK] [SYSCALL] [open] [PATH][string] [/proc/3066/cmdline] [RETURN][int] [31]
D/S4URC   ( 3576): [NDK] [SYSCALL] [open] [PATH][string] [/proc/3135/cmdline] [RETURN][int] [31]
D/S4URC   ( 3576): [NDK] [SYSCALL] [open] [PATH][string] [/proc/3449/cmdline] [RETURN][int] [31]
D/S4URC   ( 3576): [NDK] [SYSCALL] [open] [PATH][string] [/proc/3483/cmdline] [RETURN][int] [31]
D/S4URC   ( 3576): [NDK] [SYSCALL] [open] [PATH][string] [/proc/3512/cmdline] [RETURN][int] [31]
D/S4URC   ( 3576): [NDK] [SYSCALL] [open] [PATH][string] [/proc/3576/cmdline] [RETURN][int] [31]
D/S4URC   ( 3576): [NDK] [SYSCALL] [open] [PATH][string] [/proc/3729/cmdline] [RETURN][int] [31]
D/S4URC   ( 3576): [NDK] [SYSCALL] [open] [PATH][string] [/proc/3823/cmdline] [RETURN][int] [31]
D/S4URC   ( 3576): [NDK] [SYSCALL] [open] [PATH][string] [/proc/3824/cmdline] [RETURN][int] [31]
D/S4URC   ( 3576): [NDK] [SYSCALL] [getdents] [PATH][string] [.]
D/S4URC   ( 3576): [NDK] [SYSCALL] [open] [PATH][string] [/proc/] [RETURN][int] [25]
D/S4URC   ( 3576): [NDK] [SYSCALL] [getdents] [PATH][string] [.]
D/S4URC   ( 3576): [NDK] [SYSCALL] [open] [PATH][string] [/proc/cpu/cmdline] [RETURN][int] [-1]
D/S4URC   ( 3576): [NDK] [SYSCALL] [open] [PATH][string] [/proc/asound/cmdline] [RETURN][int] [-1]
D/S4URC   ( 3576): [NDK] [SYSCALL] [open] [PATH][string] [/proc/scsi/cmdline] [RETURN][int] [-1]
D/S4URC   ( 3576): [NDK] [SYSCALL] [open] [PATH][string] [/proc/irq/cmdline] [RETURN][int] [-1]
D/S4URC   ( 3576): [NDK] [SYSCALL] [open] [PATH][string] [/proc/sys/cmdline] [RETURN][int] [-1]
D/S4URC   ( 3576): [NDK] [SYSCALL] [open] [PATH][string] [/proc/bus/cmdline] [RETURN][int] [-1]
D/S4URC   ( 3576): [NDK] [SYSCALL] [open] [PATH][string] [/proc/device-tree/cmdline] [RETURN][int] [-1]
D/S4URC   ( 3576): [NDK] [SYSCALL] [open] [PATH][string] [/proc/tty/cmdline] [RETURN][int] [-1]
D/S4URC   ( 3576): [NDK] [SYSCALL] [open] [PATH][string] [/proc/driver/cmdline] [RETURN][int] [-1]
D/S4URC   ( 3576): [NDK] [SYSCALL] [open] [PATH][string] [/proc/fs/cmdline] [RETURN][int] [-1]
D/S4URC   ( 3576): [NDK] [SYSCALL] [open] [PATH][string] [/proc/sysvipc/cmdline] [RETURN][int] [-1]
D/S4URC   ( 3576): [NDK] [SYSCALL] [open] [PATH][string] [/proc/1/cmdline] [RETURN][int] [26]
D/S4URC   ( 3576): [NDK] [SYSCALL] [open] [PATH][string] [/proc/3/cmdline] [RETURN][int] [26]
D/S4URC   ( 3576): [NDK] [SYSCALL] [open] [PATH][string] [/proc/13/cmdline] [RETURN][int] [26]
D/S4URC   ( 3576): [NDK] [SYSCALL] [open] [PATH][string] [/proc/14/cmdline] [RETURN][int] [26]
D/S4URC   ( 3576): [NDK] [SYSCALL] [open] [PATH][string] [/proc/15/cmdline] [RETURN][int] [26]
D/S4URC   ( 3576): [NDK] [SYSCALL] [open] [PATH][string] [/proc/16/cmdline] [RETURN][int] [26]
D/S4URC   ( 3576): [NDK] [SYSCALL] [open] [PATH][string] [/proc/17/cmdline] [RETURN][int] [26]
D/S4URC   ( 3576): [NDK] [SYSCALL] [open] [PATH][string] [/proc/18/cmdline] [RETURN][int] [26]
D/S4URC   ( 3576): [NDK] [SYSCALL] [open] [PATH][string] [/proc/23/cmdline] [RETURN][int] [26]
D/S4URC   ( 3576): [NDK] [SYSCALL] [open] [PATH][string] [/proc/25/cmdline] [RETURN][int] [26]
D/S4URC   ( 3576): [NDK] [SYSCALL] [open] [PATH][string] [/proc/26/cmdline] [RETURN][int] [26]
D/S4URC   ( 3576): [NDK] [SYSCALL] [open] [PATH][string] [/proc/27/cmdline] [RETURN][int] [26]
D/S4URC   ( 3576): [NDK] [SYSCALL] [open] [PATH][string] [/proc/28/cmdline] [RETURN][int] [26]
D/S4URC   ( 3576): [NDK] [SYSCALL] [open] [PATH][string] [/proc/29/cmdline] [RETURN][int] [26]
D/S4URC   ( 3576): [NDK] [SYSCALL] [open] [PATH][string] [/proc/30/cmdline] [RETURN][int] [26]
D/S4URC   ( 3576): [NDK] [SYSCALL] [open] [PATH][string] [/proc/31/cmdline] [RETURN][int] [26]
D/S4URC   ( 3576): [NDK] [SYSCALL] [open] [PATH][string] [/proc/32/cmdline] [RETURN][int] [26]
D/S4URC   ( 3576): [NDK] [SYSCALL] [open] [PATH][string] [/proc/34/cmdline] [RETURN][int] [26]
D/S4URC   ( 3576): [NDK] [SYSCALL] [open] [PATH][string] [/proc/136/cmdline] [RETURN][int] [26]
D/S4URC   ( 3576): [NDK] [SYSCALL] [open] [PATH][string] [/proc/140/cmdline] [RETURN][int] [26]
D/S4URC   ( 3576): [NDK] [SYSCALL] [open] [PATH][string] [/proc/145/cmdline] [RETURN][int] [26]
D/S4URC   ( 3576): [NDK] [SYSCALL] [open] [PATH][string] [/proc/146/cmdline] [RETURN][int] [26]
D/S4URC   ( 3576): [NDK] [SYSCALL] [open] [PATH][string] [/proc/344/cmdline] [RETURN][int] [26]
D/S4URC   ( 3576): [NDK] [SYSCALL] [open] [PATH][string] [/proc/496/cmdline] [RETURN][int] [26]
D/S4URC   ( 3576): [NDK] [SYSCALL] [open] [PATH][string] [/proc/572/cmdline] [RETURN][int] [26]
D/S4URC   ( 3576): [NDK] [SYSCALL] [open] [PATH][string] [/proc/587/cmdline] [RETURN][int] [26]
D/S4URC   ( 3576): [NDK] [SYSCALL] [open] [PATH][string] [/proc/614/cmdline] [RETURN][int] [26]
D/S4URC   ( 3576): [NDK] [SYSCALL] [open] [PATH][string] [/proc/649/cmdline] [RETURN][int] [26]
D/S4URC   ( 3576): [NDK] [SYSCALL] [open] [PATH][string] [/proc/765/cmdline] [RETURN][int] [26]
D/S4URC   ( 3576): [NDK] [SYSCALL] [open] [PATH][string] [/proc/788/cmdline] [RETURN][int] [26]
D/S4URC   ( 3576): [NDK] [SYSCALL] [open] [PATH][string] [/proc/822/cmdline] [RETURN][int] [26]
D/S4URC   ( 3576): [NDK] [SYSCALL] [open] [PATH][string] [/proc/857/cmdline] [RETURN][int] [26]
D/S4URC   ( 3576): [NDK] [SYSCALL] [open] [PATH][string] [/proc/934/cmdline] [RETURN][int] [26]
D/S4URC   ( 3576): [NDK] [SYSCALL] [open] [PATH][string] [/proc/1018/cmdline] [RETURN][int] [26]
D/S4URC   ( 3576): [NDK] [SYSCALL] [open] [PATH][string] [/proc/1046/cmdline] [RETURN][int] [26]
D/S4URC   ( 3576): [NDK] [SYSCALL] [open] [PATH][string] [/proc/1078/cmdline] [RETURN][int] [26]
D/S4URC   ( 3576): [NDK] [SYSCALL] [open] [PATH][string] [/proc/1107/cmdline] [RETURN][int] [26]
D/S4URC   ( 3576): [NDK] [SYSCALL] [open] [PATH][string] [/proc/1132/cmdline] [RETURN][int] [26]
D/S4URC   ( 3576): [NDK] [SYSCALL] [open] [PATH][string] [/proc/1188/cmdline] [RETURN][int] [26]
D/S4URC   ( 3576): [NDK] [SYSCALL] [open] [PATH][string] [/proc/1258/cmdline] [RETURN][int] [26]
D/S4URC   ( 3576): [NDK] [SYSCALL] [open] [PATH][string] [/proc/1422/cmdline] [RETURN][int] [26]
D/S4URC   ( 3576): [NDK] [SYSCALL] [open] [PATH][string] [/proc/1836/cmdline] [RETURN][int] [26]
D/S4URC   ( 3576): [NDK] [SYSCALL] [open] [PATH][string] [/proc/1883/cmdline] [RETURN][int] [26]
D/S4URC   ( 3576): [NDK] [SYSCALL] [open] [PATH][string] [/proc/2075/cmdline] [RETURN][int] [26]
D/S4URC   ( 3576): [NDK] [SYSCALL] [open] [PATH][string] [/proc/2177/cmdline] [RETURN][int] [26]
D/S4URC   ( 3576): [NDK] [SYSCALL] [open] [PATH][string] [/proc/2206/cmdline] [RETURN][int] [26]
D/S4URC   ( 3576): [NDK] [SYSCALL] [open] [PATH][string] [/proc/2416/cmdline] [RETURN][int] [26]
D/S4URC   ( 3576): [NDK] [SYSCALL] [open] [PATH][string] [/proc/2632/cmdline] [RETURN][int] [26]
D/S4URC   ( 3576): [NDK] [SYSCALL] [open] [PATH][string] [/proc/2666/cmdline] [RETURN][int] [26]
D/S4URC   ( 3576): [NDK] [SYSCALL] [open] [PATH][string] [/proc/2716/cmdline] [RETURN][int] [26]
D/S4URC   ( 3576): [NDK] [SYSCALL] [open] [PATH][string] [/proc/2763/cmdline] [RETURN][int] [26]
D/S4URC   ( 3576): [NDK] [SYSCALL] [open] [PATH][string] [/proc/3066/cmdline] [RETURN][int] [26]
D/S4URC   ( 3576): [NDK] [SYSCALL] [open] [PATH][string] [/proc/3135/cmdline] [RETURN][int] [26]
D/S4URC   ( 3576): [NDK] [SYSCALL] [open] [PATH][string] [/proc/3449/cmdline] [RETURN][int] [26]
D/S4URC   ( 3576): [NDK] [SYSCALL] [open] [PATH][string] [/proc/3483/cmdline] [RETURN][int] [26]
D/S4URC   ( 3576): [NDK] [SYSCALL] [open] [PATH][string] [/proc/3512/cmdline] [RETURN][int] [26]
D/S4URC   ( 3576): [NDK] [SYSCALL] [open] [PATH][string] [/proc/3576/cmdline] [RETURN][int] [26]
D/S4URC   ( 3576): [NDK] [SYSCALL] [open] [PATH][string] [/proc/3729/cmdline] [RETURN][int] [26]
D/S4URC   ( 3576): [NDK] [SYSCALL] [open] [PATH][string] [/proc/3841/cmdline] [RETURN][int] [26]
D/S4URC   ( 3576): [NDK] [SYSCALL] [open] [PATH][string] [/proc/3844/cmdline] [RETURN][int] [26]
D/S4URC   ( 3576): [NDK] [SYSCALL] [getdents] [PATH][string] [.]
D/S4URC   ( 3576): [NDK] [SYSCALL] [open] [PATH][string] [/proc/] [RETURN][int] [25]
D/S4URC   ( 3576): [NDK] [SYSCALL] [getdents] [PATH][string] [.]
D/S4URC   ( 3576): [NDK] [SYSCALL] [open] [PATH][string] [/proc/cpu/cmdline] [RETURN][int] [-1]
D/S4URC   ( 3576): [NDK] [SYSCALL] [open] [PATH][string] [/proc/asound/cmdline] [RETURN][int] [-1]
D/S4URC   ( 3576): [NDK] [SYSCALL] [open] [PATH][string] [/proc/scsi/cmdline] [RETURN][int] [-1]
D/S4URC   ( 3576): [NDK] [SYSCALL] [open] [PATH][string] [/proc/irq/cmdline] [RETURN][int] [-1]
D/S4URC   ( 3576): [NDK] [SYSCALL] [open] [PATH][string] [/proc/sys/cmdline] [RETURN][int] [-1]
D/S4URC   ( 3576): [NDK] [SYSCALL] [open] [PATH][string] [/proc/bus/cmdline] [RETURN][int] [-1]
D/S4URC   ( 3576): [NDK] [SYSCALL] [open] [PATH][string] [/proc/device-tree/cmdline] [RETURN][int] [-1]
D/S4URC   ( 3576): [NDK] [SYSCALL] [open] [PATH][string] [/proc/tty/cmdline] [RETURN][int] [-1]
D/S4URC   ( 3576): [NDK] [SYSCALL] [open] [PATH][string] [/proc/driver/cmdline] [RETURN][int] [-1]
D/S4URC   ( 3576): [NDK] [SYSCALL] [open] [PATH][string] [/proc/fs/cmdline] [RETURN][int] [-1]
D/S4URC   ( 3576): [NDK] [SYSCALL] [open] [PATH][string] [/proc/sysvipc/cmdline] [RETURN][int] [-1]
D/S4URC   ( 3576): [NDK] [SYSCALL] [open] [PATH][string] [/proc/1/cmdline] [RETURN][int] [26]
D/S4URC   ( 3576): [NDK] [SYSCALL] [open] [PATH][string] [/proc/3/cmdline] [RETURN][int] [26]
D/S4URC   ( 3576): [NDK] [SYSCALL] [open] [PATH][string] [/proc/13/cmdline] [RETURN][int] [26]
D/S4URC   ( 3576): [NDK] [SYSCALL] [open] [PATH][string] [/proc/14/cmdline] [RETURN][int] [26]
D/S4URC   ( 3576): [NDK] [SYSCALL] [open] [PATH][string] [/proc/15/cmdline] [RETURN][int] [26]
D/S4URC   ( 3576): [NDK] [SYSCALL] [open] [PATH][string] [/proc/16/cmdline] [RETURN][int] [26]
D/S4URC   ( 3576): [NDK] [SYSCALL] [open] [PATH][string] [/proc/17/cmdline] [RETURN][int] [26]
D/S4URC   ( 3576): [NDK] [SYSCALL] [open] [PATH][string] [/proc/18/cmdline] [RETURN][int] [26]
D/S4URC   ( 3576): [NDK] [SYSCALL] [open] [PATH][string] [/proc/23/cmdline] [RETURN][int] [26]
D/S4URC   ( 3576): [NDK] [SYSCALL] [open] [PATH][string] [/proc/25/cmdline] [RETURN][int] [26]
D/S4URC   ( 3576): [NDK] [SYSCALL] [open] [PATH][string] [/proc/26/cmdline] [RETURN][int] [26]
D/S4URC   ( 3576): [NDK] [SYSCALL] [open] [PATH][string] [/proc/27/cmdline] [RETURN][int] [26]
D/S4URC   ( 3576): [NDK] [SYSCALL] [open] [PATH][string] [/proc/28/cmdline] [RETURN][int] [26]
D/S4URC   ( 3576): [NDK] [SYSCALL] [open] [PATH][string] [/proc/29/cmdline] [RETURN][int] [26]
D/S4URC   ( 3576): [NDK] [SYSCALL] [open] [PATH][string] [/proc/30/cmdline] [RETURN][int] [26]
D/S4URC   ( 3576): [NDK] [SYSCALL] [open] [PATH][string] [/proc/31/cmdline] [RETURN][int] [26]
D/S4URC   ( 3576): [NDK] [SYSCALL] [open] [PATH][string] [/proc/32/cmdline] [RETURN][int] [26]
D/S4URC   ( 3576): [NDK] [SYSCALL] [open] [PATH][string] [/proc/34/cmdline] [RETURN][int] [26]
D/S4URC   ( 3576): [NDK] [SYSCALL] [open] [PATH][string] [/proc/136/cmdline] [RETURN][int] [26]
D/S4URC   ( 3576): [NDK] [SYSCALL] [open] [PATH][string] [/proc/140/cmdline] [RETURN][int] [26]
D/S4URC   ( 3576): [NDK] [SYSCALL] [open] [PATH][string] [/proc/145/cmdline] [RETURN][int] [26]
D/S4URC   ( 3576): [NDK] [SYSCALL] [open] [PATH][string] [/proc/146/cmdline] [RETURN][int] [26]
D/S4URC   ( 3576): [NDK] [SYSCALL] [open] [PATH][string] [/proc/344/cmdline] [RETURN][int] [26]
D/S4URC   ( 3576): [NDK] [SYSCALL] [open] [PATH][string] [/proc/496/cmdline] [RETURN][int] [26]
D/S4URC   ( 3576): [NDK] [SYSCALL] [open] [PATH][string] [/proc/572/cmdline] [RETURN][int] [26]
D/S4URC   ( 3576): [NDK] [SYSCALL] [open] [PATH][string] [/proc/587/cmdline] [RETURN][int] [26]
D/S4URC   ( 3576): [NDK] [SYSCALL] [open] [PATH][string] [/proc/614/cmdline] [RETURN][int] [26]
D/S4URC   ( 3576): [NDK] [SYSCALL] [open] [PATH][string] [/proc/649/cmdline] [RETURN][int] [26]
D/S4URC   ( 3576): [NDK] [SYSCALL] [open] [PATH][string] [/proc/765/cmdline] [RETURN][int] [26]
D/S4URC   ( 3576): [NDK] [SYSCALL] [open] [PATH][string] [/proc/788/cmdline] [RETURN][int] [26]
D/S4URC   ( 3576): [NDK] [SYSCALL] [open] [PATH][string] [/proc/822/cmdline] [RETURN][int] [26]
D/S4URC   ( 3576): [NDK] [SYSCALL] [open] [PATH][string] [/proc/857/cmdline] [RETURN][int] [26]
D/S4URC   ( 3576): [NDK] [SYSCALL] [open] [PATH][string] [/proc/934/cmdline] [RETURN][int] [26]
D/S4URC   ( 3576): [NDK] [SYSCALL] [open] [PATH][string] [/proc/1018/cmdline] [RETURN][int] [26]
D/S4URC   ( 3576): [NDK] [SYSCALL] [open] [PATH][string] [/proc/1046/cmdline] [RETURN][int] [26]
D/S4URC   ( 3576): [NDK] [SYSCALL] [open] [PATH][string] [/proc/1078/cmdline] [RETURN][int] [26]
D/S4URC   ( 3576): [NDK] [SYSCALL] [open] [PATH][string] [/proc/1107/cmdline] [RETURN][int] [26]
D/S4URC   ( 3576): [NDK] [SYSCALL] [open] [PATH][string] [/proc/1132/cmdline] [RETURN][int] [26]
D/S4URC   ( 3576): [NDK] [SYSCALL] [open] [PATH][string] [/proc/1188/cmdline] [RETURN][int] [26]
D/S4URC   ( 3576): [NDK] [SYSCALL] [open] [PATH][string] [/proc/1258/cmdline] [RETURN][int] [26]
D/S4URC   ( 3576): [NDK] [SYSCALL] [open] [PATH][string] [/proc/1422/cmdline] [RETURN][int] [26]
D/S4URC   ( 3576): [NDK] [SYSCALL] [open] [PATH][string] [/proc/1836/cmdline] [RETURN][int] [26]
D/S4URC   ( 3576): [NDK] [SYSCALL] [open] [PATH][string] [/proc/1883/cmdline] [RETURN][int] [26]
D/S4URC   ( 3576): [NDK] [SYSCALL] [open] [PATH][string] [/proc/2075/cmdline] [RETURN][int] [26]
D/S4URC   ( 3576): [NDK] [SYSCALL] [open] [PATH][string] [/proc/2177/cmdline] [RETURN][int] [26]
D/S4URC   ( 3576): [NDK] [SYSCALL] [open] [PATH][string] [/proc/2206/cmdline] [RETURN][int] [26]
D/S4URC   ( 3576): [NDK] [SYSCALL] [open] [PATH][string] [/proc/2416/cmdline] [RETURN][int] [26]
D/S4URC   ( 3576): [NDK] [SYSCALL] [open] [PATH][string] [/proc/2632/cmdline] [RETURN][int] [26]
D/S4URC   ( 3576): [NDK] [SYSCALL] [open] [PATH][string] [/proc/2666/cmdline] [RETURN][int] [26]
