D/S4URC   (22708): [SDK] [java.io.File] [getPath] [FilePath][String] [/storage/sdcard0/astroplayer/skins/car_skin/car_skin_preview.png]
D/S4URC   (22708): [SDK] [java.io.File] [getPath] [FilePath][String] [/storage/sdcard0/astroplayer/skins/tmpskin.zip]
D/S4URC   (22708): [SDK] [java.io.File] [Constructor] [FilePath][String] [/storage/sdcard0/astroplayer/skins/tmpskin.zip]
D/S4URC   (22708): [SDK] [java.io.File] [getPath] [FilePath][String] [/storage/sdcard0/astroplayer/skins/tmpskin.zip]
D/S4URC   (22708): [SDK] [java.io.File] [Constructor] [FilePath][String] [/storage/sdcard0/astroplayer/skins/huge_play_button/]
D/S4URC   (22708): [SDK] [java.io.File] [exists] [FilePath][String] [/storage/sdcard0/astroplayer/skins/huge_play_button]
D/S4URC   (22708): [SDK] [java.io.File] [mkdir] [FilePath][String] [/storage/sdcard0/astroplayer/skins/huge_play_button]
D/S4URC   (22708): [SDK] [java.io.File] [Constructor] [FilePath][String] [/storage/sdcard0/astroplayer/skins/huge_play_button/huge_play_button.xml]
D/S4URC   (22708): [SDK] [java.io.File] [getName] [FilePath][String] [/storage/sdcard0/astroplayer/skins/huge_play_button/huge_play_button.xml]
D/S4URC   (22708): [SDK] [java.io.File] [exists] [FilePath][String] [/storage/sdcard0/astroplayer/skins/huge_play_button/huge_play_button.xml]
D/S4URC   (22708): [SDK] [java.io.File] [getPath] [FilePath][String] [/storage/sdcard0/astroplayer/skins/huge_play_button/huge_play_button.xml]
D/S4URC   (22708): [SDK] [java.io.File] [Constructor] [FilePath][String] [/storage/sdcard0/astroplayer/skins/huge_play_button/huge_play_button.xml~]
D/S4URC   (22708): [SDK] [java.io.File] [getName] [FilePath][String] [/storage/sdcard0/astroplayer/skins/huge_play_button/huge_play_button.xml~]
D/S4URC   (22708): [SDK] [java.io.File] [getPath] [FilePath][String] [/storage/sdcard0/astroplayer/skins/huge_play_button/huge_play_button.xml~]
D/S4URC   (22708): [SDK] [java.io.File] [Constructor] [FilePath][String] [/storage/sdcard0/astroplayer/skins/huge_play_button/huge_play_button_preview.png]
D/S4URC   (22708): [SDK] [java.io.File] [getName] [FilePath][String] [/storage/sdcard0/astroplayer/skins/huge_play_button/huge_play_button_preview.png]
D/S4URC   (22708): [SDK] [java.io.File] [getPath] [FilePath][String] [/storage/sdcard0/astroplayer/skins/huge_play_button/huge_play_button_preview.png]
D/S4URC   (22708): [SDK] [java.io.File] [getPath] [FilePath][String] [/storage/sdcard0/astroplayer/skins/tmpskin.zip]
D/S4URC   (22708): [SDK] [java.io.File] [Constructor] [FilePath][String] [/storage/sdcard0/astroplayer/skins/tmpskin.zip]
D/S4URC   (22708): [SDK] [java.io.File] [getPath] [FilePath][String] [/storage/sdcard0/astroplayer/skins/tmpskin.zip]
D/S4URC   (22708): [SDK] [java.io.File] [Constructor] [FilePath][String] [/storage/sdcard0/astroplayer/skins/gkatsev/]
D/S4URC   (22708): [SDK] [java.io.File] [exists] [FilePath][String] [/storage/sdcard0/astroplayer/skins/gkatsev]
D/S4URC   (22708): [SDK] [java.io.File] [mkdir] [FilePath][String] [/storage/sdcard0/astroplayer/skins/gkatsev]
D/S4URC   (22708): [SDK] [java.io.File] [Constructor] [FilePath][String] [/storage/sdcard0/astroplayer/skins/gkatsev/gkatsev.png]
D/S4URC   (22708): [SDK] [java.io.File] [getName] [FilePath][String] [/storage/sdcard0/astroplayer/skins/gkatsev/gkatsev.png]
D/S4URC   (22708): [SDK] [java.io.File] [getPath] [FilePath][String] [/storage/sdcard0/astroplayer/skins/gkatsev/gkatsev.png]
D/S4URC   (22708): [SDK] [java.io.File] [Constructor] [FilePath][String] [/storage/sdcard0/astroplayer/skins/gkatsev/gkatsev.xml]
D/S4URC   (22708): [SDK] [java.io.File] [getName] [FilePath][String] [/storage/sdcard0/astroplayer/skins/gkatsev/gkatsev.xml]
D/S4URC   (22708): [SDK] [java.io.File] [exists] [FilePath][String] [/storage/sdcard0/astroplayer/skins/gkatsev/gkatsev.xml]
D/S4URC   (22708): [SDK] [java.io.File] [getPath] [FilePath][String] [/storage/sdcard0/astroplayer/skins/gkatsev/gkatsev.xml]
D/S4URC   (22708): [SDK] [java.io.File] [Constructor] [FilePath][String] [/storage/sdcard0/astroplayer/skins/gkatsev/gkatsev.xml~]
D/S4URC   (22708): [SDK] [java.io.File] [getName] [FilePath][String] [/storage/sdcard0/astroplayer/skins/gkatsev/gkatsev.xml~]
D/S4URC   (22708): [SDK] [java.io.File] [getPath] [FilePath][String] [/storage/sdcard0/astroplayer/skins/gkatsev/gkatsev.xml~]
D/S4URC   (22708): [SDK] [java.io.File] [Constructor] [FilePath][String] [/storage/sdcard0/astroplayer/skins/gkatsev/test.xml~]
D/S4URC   (22708): [SDK] [java.io.File] [getName] [FilePath][String] [/storage/sdcard0/astroplayer/skins/gkatsev/test.xml~]
D/S4URC   (22708): [SDK] [java.io.File] [getPath] [FilePath][String] [/storage/sdcard0/astroplayer/skins/gkatsev/test.xml~]
D/S4URC   (22708): [SDK] [java.io.File] [exists] [FilePath][String] [/storage/sdcard0/astroplayer/skins/tmpskin.zip]
D/S4URC   (22708): [SDK] [java.io.File] [delete] [FilePath][String] [/storage/sdcard0/astroplayer/skins/tmpskin.zip]
D/S4URC   (22708): [SDK] [java.io.File] [exists] [FilePath][String] [/storage/sdcard0/astroplayer/CoverArts/.nomedia]
D/S4URC   (22708): [SDK] [java.io.File] [getParent] [FilePath][String] [/storage/sdcard0/astroplayer/CoverArts/.nomedia]
D/S4URC   (22708): [SDK] [java.io.File] [Constructor] [FilePath][String] [/storage/sdcard0/astroplayer/CoverArts]
D/S4URC   (22708): [SDK] [java.io.File] [mkdirs] [FilePath][String] [/storage/sdcard0/astroplayer/CoverArts]
D/S4URC   (22708): [SDK] [java.io.File] [createNewFile] [FilePath][String] [/storage/sdcard0/astroplayer/CoverArts/.nomedia]
D/S4URC   (22708): [SDK] [java.io.File] [exists] [FilePath][String] [/storage/sdcard0/astroplayer/.nomedia]
D/S4URC   (22708): [SDK] [java.io.File] [getParent] [FilePath][String] [/storage/sdcard0/astroplayer/.nomedia]
D/S4URC   (22708): [SDK] [java.io.File] [Constructor] [FilePath][String] [/storage/sdcard0/astroplayer]
D/S4URC   (22708): [SDK] [java.io.File] [mkdirs] [FilePath][String] [/storage/sdcard0/astroplayer]
D/S4URC   (22708): [SDK] [java.io.File] [createNewFile] [FilePath][String] [/storage/sdcard0/astroplayer/.nomedia]
D/S4URC   (22708): [SDK] [java.io.File] [Constructor] [FilePath][String] [/storage/sdcard0/astroplayer/nocover_custom.png]
D/S4URC   (22708): [SDK] [java.io.File] [exists] [FilePath][String] [/storage/sdcard0/astroplayer/nocover_custom.png]
D/S4URC   (22708): [SDK] [java.io.File] [getPath] [FilePath][String] [/storage/sdcard0/astroplayer/nocover_custom.png]
D/S4URC   (22708): [SDK] [java.io.File] [Constructor] [FilePath][String] [/storage/sdcard0/astroplayer/nocover_big.png]
D/S4URC   (22708): [SDK] [java.io.File] [exists] [FilePath][String] [/storage/sdcard0/astroplayer/nocover_big.png]
D/S4URC   (22708): [SDK] [java.io.File] [getPath] [FilePath][String] [/storage/sdcard0/astroplayer/nocover_big.png]
D/S4URC   (22708): [SDK] [java.io.File] [Constructor] [FilePath][String] [/storage/sdcard0/astroplayer/presets]
D/S4URC   (22708): [SDK] [java.io.File] [mkdirs] [FilePath][String] [/storage/sdcard0/astroplayer/presets]
D/S4URC   (22708): [SDK] [java.io.File] [Constructor] [FilePath][String] [/storage/sdcard0/astroplayer/presets/Bass.eq]
D/S4URC   (22708): [SDK] [java.io.File] [exists] [FilePath][String] [/storage/sdcard0/astroplayer/presets/Bass.eq]
D/S4URC   (22708): [SDK] [java.io.File] [getPath] [FilePath][String] [/storage/sdcard0/astroplayer/presets/Bass.eq]
D/S4URC   (22708): [SDK] [java.io.File] [Constructor] [FilePath][String] [/storage/sdcard0/astroplayer/presets/Rock.eq]
D/S4URC   (22708): [SDK] [java.io.File] [exists] [FilePath][String] [/storage/sdcard0/astroplayer/presets/Rock.eq]
D/S4URC   (22708): [SDK] [java.io.File] [getPath] [FilePath][String] [/storage/sdcard0/astroplayer/presets/Rock.eq]
D/S4URC   (22708): [SDK] [java.io.File] [Constructor] [FilePath][String] [/storage/sdcard0/astroplayer/presets/Pop.eq]
D/S4URC   (22708): [SDK] [java.io.File] [exists] [FilePath][String] [/storage/sdcard0/astroplayer/presets/Pop.eq]
D/S4URC   (22708): [SDK] [java.io.File] [getPath] [FilePath][String] [/storage/sdcard0/astroplayer/presets/Pop.eq]
D/S4URC   (22708): [SDK] [java.io.File] [Constructor] [FilePath][String] [/storage/sdcard0/astroplayer/presets/WolfHD.eq]
D/S4URC   (22708): [SDK] [java.io.File] [exists] [FilePath][String] [/storage/sdcard0/astroplayer/presets/WolfHD.eq]
D/S4URC   (22708): [SDK] [java.io.File] [getPath] [FilePath][String] [/storage/sdcard0/astroplayer/presets/WolfHD.eq]
D/S4URC   (22708): [SDK] [java.io.File] [getPath] [FilePath][String] [/storage/sdcard0]
D/S4URC   (22708): [SDK] [android.os.Environment] [getExternalStorageDirectory] [DirectoryPath][String] [/storage/sdcard0]
D/S4URC   (22708): [SDK] [java.io.File] [Constructor] [FilePath][String] [/storage/sdcard0/astroplayer/languages/select.txt]
D/S4URC   (22708): [SDK] [java.io.File] [getPath] [FilePath][String] [/storage/sdcard0/astroplayer/languages/select.txt]
D/S4URC   (22708): [SDK] [android.content.ContextWrapper] [registerReceiver][IntentFilter][TAGGER_THREAD,
D/S4URC   (22708): [SDK] [android.content.ContextWrapper] [registerReceiver][IntentFilter][astro.callback.yes,astro.callback.no,astro.callback.no.conn,
D/S4URC   (22708): [SDK] [android.app.ApplicationPackageManager] [getApplicationInfo] [FindApplicationName][String] [com.astroplayer]
D/S4URC   (22708): [SDK] [android.content.ContextWrapper] [registerReceiver][IntentFilter][com.astroplayer.TAG_SCANNER_COMPLETED_INTENT,
D/S4URC   (22751): [SDK] [java.lang.Class] [forName] [FindClass][String] [java.net.HttpURLConnection]
D/S4URC   (22751): [SDK] [java.lang.Class] [forName] [FindClass][String] [com.android.okhttp.internal.http.HttpURLConnectionImpl]
D/S4URC   (22751): [SDK] [java.lang.Class] [forName] [FindClass][String] [java.net.Socket]
D/S4URC   (22751): [SDK] [java.lang.Class] [forName] [FindClass][String] [android.telephony.TelephonyManager]
D/S4URC   (22751): [SDK] [java.lang.Class] [forName] [FindClass][String] [android.os.Debug]
D/S4URC   (22751): [SDK] [java.lang.Class] [forName] [FindClass][String] [android.hardware.SensorManager]
D/S4URC   (22773): [SDK] [java.lang.Class] [forName] [FindClass][String] [java.net.HttpURLConnection]
D/S4URC   (22773): [SDK] [java.lang.Class] [forName] [FindClass][String] [com.android.okhttp.internal.http.HttpURLConnectionImpl]
D/S4URC   (22773): [SDK] [java.lang.Class] [forName] [FindClass][String] [java.net.Socket]
D/S4URC   (22773): [SDK] [java.lang.Class] [forName] [FindClass][String] [android.telephony.TelephonyManager]
D/S4URC   (22751): [SDK] [java.lang.Class] [forName] [FindClass][String] [android.content.res.ResourcesKey]
D/S4URC   (22751): [SDK] [java.lang.Class] [forName] [FindClass][String] [android.app.ResourcesManager]
D/S4URC   (22773): [SDK] [java.lang.Class] [forName] [FindClass][String] [android.telephony.TelephonyManager]
D/S4URC   (22751): [SDK] [java.io.File] [Constructor] [FilePath][String] [/data/app/com.astroplayer-1/base.apk]
D/S4URC   (22751): [SDK] [java.io.File] [getPath] [FilePath][String] [/data/data/com.astroplayer]
D/S4URC   (22773): [SDK] [java.lang.Class] [forName] [FindClass][String] [android.os.Debug]
D/S4URC   (22751): [SDK] [java.io.File] [exists] [FilePath][String] [/data/data/com.astroplayer/cache]
D/S4URC   (22773): [SDK] [java.lang.Class] [forName] [FindClass][String] [android.hardware.SensorManager]
D/S4URC   (22751): [SDK] [java.io.File] [getPath] [FilePath][String] [/data/data/com.astroplayer/cache]
D/S4URC   (22751): [SDK] [java.lang.Runtime] [loadLibrary] [SoPath][String] [loader]
D/S4URC   (22751): [SDK] [java.io.File] [getPath] [FilePath][String] [/data/app/com.astroplayer-1/lib/arm]
D/S4URC   (22751): [SDK] [java.io.File] [getPath] [FilePath][String] [/data/app/com.astroplayer-1/lib/arm/libloader.so]
D/S4URC   (22751): [SDK] [java.io.File] [getPath] [FilePath][String] [/storage/sdcard0]
D/S4URC   (22751): [SDK] [android.os.Environment] [getExternalStorageDirectory] [DirectoryPath][String] [/storage/sdcard0]
D/S4URC   (22751): [SDK] [java.io.File] [getPath] [FilePath][String] [/storage/sdcard0]
D/S4URC   (22751): [SDK] [android.os.Environment] [getExternalStorageDirectory] [DirectoryPath][String] [/storage/sdcard0]
D/S4URC   (22751): [SDK] [java.io.File] [getPath] [FilePath][String] [/storage/sdcard0]
D/S4URC   (22751): [SDK] [android.os.Environment] [getExternalStorageDirectory] [DirectoryPath][String] [/storage/sdcard0]
D/S4URC   (22751): [SDK] [java.io.File] [getPath] [FilePath][String] [/data]
D/S4URC   (22751): [SDK] [android.os.Environment] [getDataDirectory] [DataDirectoryPath][String] [/data]
D/S4URC   (22751): [SDK] [java.lang.Class] [forName] [FindClass][String] [android.os.Build$VERSION]
D/S4URC   (22773): [SDK] [java.lang.Class] [forName] [FindClass][String] [android.content.res.ResourcesKey]
D/S4URC   (22773): [SDK] [java.lang.Class] [forName] [FindClass][String] [android.app.ResourcesManager]
D/S4URC   (22773): [SDK] [java.io.File] [Constructor] [FilePath][String] [/data/app/com.astroplayer-1/base.apk]
D/S4URC   (22773): [SDK] [java.io.File] [getPath] [FilePath][String] [/data/data/com.astroplayer]
D/S4URC   (22773): [SDK] [java.io.File] [exists] [FilePath][String] [/data/data/com.astroplayer/cache]
D/S4URC   (22773): [SDK] [java.io.File] [getPath] [FilePath][String] [/data/data/com.astroplayer/cache]
D/S4URC   (22751): [SDK] [android.content.ContextWrapper] [registerReceiver][IntentFilter][com.astroplayer.OPENFILEQUEUE,
D/S4URC   (22708): [SDK] [java.io.File] [Constructor] [FilePath][String] [/storage/sdcard0]
D/S4URC   (22708): [SDK] [java.io.File] [Constructor] [FilePath][String] [/storage/sdcard1]
D/S4URC   (22708): [SDK] [java.io.File] [Constructor] [FilePath][String] [/storage/usb2host]
D/S4URC   (22708): [SDK] [java.io.File] [Constructor] [FilePath][String] [/storage/usb3device]
D/S4URC   (22708): [SDK] [java.io.File] [Constructor] [FilePath][String] [/storage/usb3host]
D/S4URC   (22708): [SDK] [android.os.Environment] [getExternalStorageState] [ExternalStorageState][String] [mounted]
D/S4URC   (22708): [SDK] [android.app.ApplicationPackageManager] [getPackageInfo] [FindPackageName][String] [com.astroplayer]
D/S4URC   (22773): [SDK] [java.lang.Class] [forName] [FindClass][String] [android.os.Build$VERSION]
D/S4URC   (22773): [SDK] [android.content.Intent] [Constructor] [IntentInfo][String] [com.astroplayer.hotkeys.shake.ShakeManager.ACTION]
D/S4URC   (22708): [SDK] [java.io.File] [Constructor] [FilePath][String] [/storage/sdcard0/astroplayer/languages/select.txt]
D/S4URC   (22751): [SDK] [java.io.File] [Constructor] [FilePath][String] [/mnt]
D/S4URC   (22751): [SDK] [java.io.File] [exists] [FilePath][String] [/mnt]
D/S4URC   (22751): [SDK] [java.io.File] [isDirectory] [FilePath][String] [/mnt]
D/S4URC   (22751): [SDK] [java.io.File] [Constructor] [FilePath][String] [/mnt]
D/S4URC   (22751): [SDK] [java.io.File] [listFiles] [FilePath][String] [/mnt]
D/S4URC   (22751): [SDK] [java.io.File] [list] [FilePath][String] [/mnt]
D/S4URC   (22751): [SDK] [java.io.File] [getPath] [FilePath][String] [/mnt]
D/S4URC   (22751): [SDK] [java.io.File] [isDirectory] [FilePath][String] [/mnt/usb2host]
D/S4URC   (22751): [SDK] [java.io.File] [isDirectory] [FilePath][String] [/mnt/shell]
D/S4URC   (22751): [SDK] [java.io.File] [isDirectory] [FilePath][String] [/mnt/secure]
D/S4URC   (22751): [SDK] [java.io.File] [isDirectory] [FilePath][String] [/mnt/usb3host]
D/S4URC   (22751): [SDK] [java.io.File] [isDirectory] [FilePath][String] [/mnt/sdcard]
D/S4URC   (22751): [SDK] [java.io.File] [isDirectory] [FilePath][String] [/mnt/obb]
D/S4URC   (22751): [SDK] [java.io.File] [isDirectory] [FilePath][String] [/mnt/asec]
D/S4URC   (22751): [SDK] [java.io.File] [isDirectory] [FilePath][String] [/mnt/extSdCard]
D/S4URC   (22751): [SDK] [java.io.File] [isDirectory] [FilePath][String] [/mnt/media_rw]
D/S4URC   (22751): [SDK] [java.io.File] [isDirectory] [FilePath][String] [/mnt/usb3device]
D/S4URC   (22751): [SDK] [java.io.File] [listFiles] [FilePath][String] [/mnt/usb2host]
D/S4URC   (22751): [SDK] [java.io.File] [list] [FilePath][String] [/mnt/usb2host]
D/S4URC   (22751): [SDK] [java.io.File] [listFiles] [FilePath][String] [/mnt/shell]
D/S4URC   (22751): [SDK] [java.io.File] [list] [FilePath][String] [/mnt/shell]
D/S4URC   (22751): [SDK] [java.io.File] [listFiles] [FilePath][String] [/mnt/secure]
D/S4URC   (22751): [SDK] [java.io.File] [list] [FilePath][String] [/mnt/secure]
D/S4URC   (22751): [SDK] [java.io.File] [listFiles] [FilePath][String] [/mnt/usb3host]
D/S4URC   (22751): [SDK] [java.io.File] [list] [FilePath][String] [/mnt/usb3host]
D/S4URC   (22751): [SDK] [java.io.File] [listFiles] [FilePath][String] [/mnt/sdcard]
D/S4URC   (22751): [SDK] [java.io.File] [list] [FilePath][String] [/mnt/sdcard]
D/S4URC   (22773): [SDK] [java.io.File] [getPath] [FilePath][String] [/storage/sdcard0]
D/S4URC   (22773): [SDK] [android.os.Environment] [getExternalStorageDirectory] [DirectoryPath][String] [/storage/sdcard0]
D/S4URC   (22773): [SDK] [java.io.File] [getPath] [FilePath][String] [/storage/sdcard0]
D/S4URC   (22773): [SDK] [android.os.Environment] [getExternalStorageDirectory] [DirectoryPath][String] [/storage/sdcard0]
D/S4URC   (22773): [SDK] [java.io.File] [getPath] [FilePath][String] [/data]
D/S4URC   (22773): [SDK] [android.os.Environment] [getDataDirectory] [DataDirectoryPath][String] [/data]
D/S4URC   (22751): [SDK] [java.io.File] [getPath] [FilePath][String] [/mnt/sdcard]
D/S4URC   (22751): [SDK] [java.io.File] [isDirectory] [FilePath][String] [/mnt/sdcard/LOST.DIR]
D/S4URC   (22751): [SDK] [java.io.File] [isDirectory] [FilePath][String] [/mnt/sdcard/.android_secure]
D/S4URC   (22751): [SDK] [java.io.File] [getName] [FilePath][String] [/mnt/sdcard/.android_secure]
D/S4URC   (22751): [SDK] [java.io.File] [isDirectory] [FilePath][String] [/mnt/sdcard/Music]
D/S4URC   (22751): [SDK] [java.io.File] [isDirectory] [FilePath][String] [/mnt/sdcard/Podcasts]
D/S4URC   (22751): [SDK] [java.io.File] [isDirectory] [FilePath][String] [/mnt/sdcard/Ringtones]
D/S4URC   (22708): [SDK] [java.lang.Class] [forName] [FindClass][String] [com.android.org.conscrypt.OpenSSLMessageDigestJDK$MD5]
D/S4URC   (22751): [SDK] [java.io.File] [isDirectory] [FilePath][String] [/mnt/sdcard/Alarms]
D/S4URC   (22751): [SDK] [java.io.File] [isDirectory] [FilePath][String] [/mnt/sdcard/Notifications]
D/S4URC   (22751): [SDK] [java.io.File] [isDirectory] [FilePath][String] [/mnt/sdcard/Pictures]
D/S4URC   (22751): [SDK] [java.io.File] [isDirectory] [FilePath][String] [/mnt/sdcard/Movies]
D/S4URC   (22751): [SDK] [java.io.File] [isDirectory] [FilePath][String] [/mnt/sdcard/Download]
D/S4URC   (22751): [SDK] [java.io.File] [isDirectory] [FilePath][String] [/mnt/sdcard/DCIM]
D/S4URC   (22751): [SDK] [java.io.File] [isDirectory] [FilePath][String] [/mnt/sdcard/Android]
D/S4URC   (22751): [SDK] [java.io.File] [isDirectory] [FilePath][String] [/mnt/sdcard/update.apk]
D/S4URC   (22751): [SDK] [java.io.File] [getName] [FilePath][String] [/mnt/sdcard/update.apk]
D/S4URC   (22751): [SDK] [java.io.File] [isDirectory] [FilePath][String] [/mnt/sdcard/storage]
D/S4URC   (22751): [SDK] [java.io.File] [isDirectory] [FilePath][String] [/mnt/sdcard/111.apk]
D/S4URC   (22708): [SDK] [java.lang.Class] [forName] [FindClass][String] [com.android.org.conscrypt.OpenSSLSocketFactoryImpl]
D/S4URC   (22751): [SDK] [java.io.File] [getName] [FilePath][String] [/mnt/sdcard/111.apk]
D/S4URC   (22751): [SDK] [java.io.File] [isDirectory] [FilePath][String] [/mnt/sdcard/swiftkey.apk]
D/S4URC   (22751): [SDK] [java.io.File] [getName] [FilePath][String] [/mnt/sdcard/swiftkey.apk]
D/S4URC   (22751): [SDK] [java.io.File] [isDirectory] [FilePath][String] [/mnt/sdcard/03a2cb586ecf7917fead73b64fd73d4c.apk]
D/S4URC   (22708): [SDK] [java.lang.Class] [forName] [FindClass][String] [com.android.org.conscrypt.KeyManagerFactoryImpl]
D/S4URC   (22708): [SDK] [java.lang.Class] [forName] [FindClass][String] [com.android.org.bouncycastle.jcajce.provider.keystore.bc.BcKeyStoreSpi$Std]
D/S4URC   (22708): [SDK] [java.lang.Class] [forName] [FindClass][String] [com.android.org.conscrypt.OpenSSLRandom]
D/S4URC   (22708): [SDK] [java.lang.Class] [forName] [FindClass][String] [com.android.org.conscrypt.TrustManagerFactoryImpl]
D/S4URC   (22708): [SDK] [java.lang.Class] [forName] [FindClass][String] [com.android.org.conscrypt.TrustedCertificateKeyStoreSpi]
D/S4URC   (22708): [SDK] [java.lang.Class] [forName] [FindClass][String] [com.android.org.bouncycastle.jce.provider.PKIXCertPathValidatorSpi]
D/S4URC   (22708): [SDK] [java.io.File] [Constructor] [FilePath][String] [/data/misc/keychain/pins]
D/S4URC   (22751): [SDK] [java.io.File] [getName] [FilePath][String] [/mnt/sdcard/03a2cb586ecf7917fead73b64fd73d4c.apk]
D/S4URC   (22751): [SDK] [java.io.File] [isDirectory] [FilePath][String] [/mnt/sdcard/astroplayer]
D/S4URC   (22751): [SDK] [java.io.File] [isDirectory] [FilePath][String] [/mnt/sdcard/pms_file]
D/S4URC   (22751): [SDK] [java.io.File] [isDirectory] [FilePath][String] [/mnt/sdcard/net.ib.android.smcard]
D/S4URC   (22751): [SDK] [java.io.File] [isDirectory] [FilePath][String] [/mnt/sdcard/wisemobile]
D/S4URC   (22751): [SDK] [java.io.File] [isDirectory] [FilePath][String] [/mnt/sdcard/KakaoTalk]
D/S4URC   (22751): [SDK] [java.io.File] [isDirectory] [FilePath][String] [/mnt/sdcard/roms]
D/S4URC   (22751): [SDK] [java.io.File] [listFiles] [FilePath][String] [/mnt/obb]
D/S4URC   (22751): [SDK] [java.io.File] [list] [FilePath][String] [/mnt/obb]
D/S4URC   (22751): [SDK] [java.io.File] [listFiles] [FilePath][String] [/mnt/asec]
D/S4URC   (22751): [SDK] [java.io.File] [list] [FilePath][String] [/mnt/asec]
D/S4URC   (22751): [SDK] [java.io.File] [listFiles] [FilePath][String] [/mnt/extSdCard]
D/S4URC   (22751): [SDK] [java.io.File] [list] [FilePath][String] [/mnt/extSdCard]
D/S4URC   (22751): [SDK] [java.io.File] [listFiles] [FilePath][String] [/mnt/media_rw]
D/S4URC   (22751): [SDK] [java.io.File] [list] [FilePath][String] [/mnt/media_rw]
D/S4URC   (22751): [SDK] [java.io.File] [listFiles] [FilePath][String] [/mnt/usb3device]
D/S4URC   (22751): [SDK] [java.io.File] [list] [FilePath][String] [/mnt/usb3device]
D/S4URC   (22751): [SDK] [java.io.File] [listFiles] [FilePath][String] [/mnt/sdcard/LOST.DIR]
D/S4URC   (22751): [SDK] [java.io.File] [list] [FilePath][String] [/mnt/sdcard/LOST.DIR]
D/S4URC   (22751): [SDK] [java.io.File] [listFiles] [FilePath][String] [/mnt/sdcard/Music]
D/S4URC   (22751): [SDK] [java.io.File] [list] [FilePath][String] [/mnt/sdcard/Music]
D/S4URC   (22751): [SDK] [java.io.File] [listFiles] [FilePath][String] [/mnt/sdcard/Podcasts]
D/S4URC   (22751): [SDK] [java.io.File] [list] [FilePath][String] [/mnt/sdcard/Podcasts]
D/S4URC   (22751): [SDK] [java.io.File] [listFiles] [FilePath][String] [/mnt/sdcard/Ringtones]
D/S4URC   (22751): [SDK] [java.io.File] [list] [FilePath][String] [/mnt/sdcard/Ringtones]
D/S4URC   (22751): [SDK] [java.io.File] [listFiles] [FilePath][String] [/mnt/sdcard/Alarms]
D/S4URC   (22751): [SDK] [java.io.File] [list] [FilePath][String] [/mnt/sdcard/Alarms]
D/S4URC   (22751): [SDK] [java.io.File] [listFiles] [FilePath][String] [/mnt/sdcard/Notifications]
D/S4URC   (22751): [SDK] [java.io.File] [list] [FilePath][String] [/mnt/sdcard/Notifications]
D/S4URC   (22751): [SDK] [java.io.File] [listFiles] [FilePath][String] [/mnt/sdcard/Pictures]
D/S4URC   (22751): [SDK] [java.io.File] [list] [FilePath][String] [/mnt/sdcard/Pictures]
D/S4URC   (22751): [SDK] [java.io.File] [getPath] [FilePath][String] [/mnt/sdcard/Pictures]
D/S4URC   (22708): [SDK] [android.content.ContextWrapper] [registerReceiver][IntentFilter][TAGGER_THREAD,
D/S4URC   (22751): [SDK] [java.io.File] [getPath] [FilePath][String] [/mnt/sdcard/Pictures]
D/S4URC   (22751): [SDK] [java.io.File] [isDirectory] [FilePath][String] [/mnt/sdcard/Pictures/11304_lores.jpg]
D/S4URC   (22751): [SDK] [java.io.File] [getName] [FilePath][String] [/mnt/sdcard/Pictures/11304_lores.jpg]
D/S4URC   (22751): [SDK] [java.io.File] [isDirectory] [FilePath][String] [/mnt/sdcard/Pictures/11309_lores.jpg]
D/S4URC   (22708): [SDK] [java.io.File] [Constructor] [FilePath][String] [/storage/sdcard0/astroplayer/astroplayer.properties]
D/S4URC   (22708): [SDK] [java.io.File] [exists] [FilePath][String] [/storage/sdcard0/astroplayer/astroplayer.properties]
D/S4URC   (22751): [SDK] [java.io.File] [getName] [FilePath][String] [/mnt/sdcard/Pictures/11309_lores.jpg]
D/S4URC   (22751): [SDK] [java.io.File] [isDirectory] [FilePath][String] [/mnt/sdcard/Pictures/11310_lores.jpg]
D/S4URC   (22708): [SDK] [java.io.File] [Constructor] [FilePath][String] [/storage/sdcard0/astroplayer/astroplayer.properties]
D/S4URC   (22708): [SDK] [java.io.File] [exists] [FilePath][String] [/storage/sdcard0/astroplayer/astroplayer.properties]
D/S4URC   (22708): [SDK] [java.io.File] [getPath] [FilePath][String] [/storage/sdcard0/astroplayer/astroplayer.properties]
D/S4URC   (22751): [SDK] [java.io.File] [getName] [FilePath][String] [/mnt/sdcard/Pictures/11310_lores.jpg]
D/S4URC   (22751): [SDK] [java.io.File] [isDirectory] [FilePath][String] [/mnt/sdcard/Pictures/11314_lores.jpg]
D/S4URC   (22751): [SDK] [java.io.File] [getName] [FilePath][String] [/mnt/sdcard/Pictures/11314_lores.jpg]
D/S4URC   (22751): [SDK] [java.io.File] [isDirectory] [FilePath][String] [/mnt/sdcard/Pictures/11315_lores.jpg]
D/S4URC   (22751): [SDK] [java.io.File] [getName] [FilePath][String] [/mnt/sdcard/Pictures/11315_lores.jpg]
D/S4URC   (22751): [SDK] [java.io.File] [isDirectory] [FilePath][String] [/mnt/sdcard/Pictures/11427_lores.jpg]
D/S4URC   (22751): [SDK] [java.io.File] [getName] [FilePath][String] [/mnt/sdcard/Pictures/11427_lores.jpg]
D/S4URC   (22751): [SDK] [java.io.File] [isDirectory] [FilePath][String] [/mnt/sdcard/Pictures/11429_lores.jpg]
D/S4URC   (22751): [SDK] [java.io.File] [getName] [FilePath][String] [/mnt/sdcard/Pictures/11429_lores.jpg]
D/S4URC   (22751): [SDK] [java.io.File] [isDirectory] [FilePath][String] [/mnt/sdcard/Pictures/11432_lores.jpg]
D/S4URC   (22751): [SDK] [java.io.File] [getName] [FilePath][String] [/mnt/sdcard/Pictures/11432_lores.jpg]
D/S4URC   (22751): [SDK] [java.io.File] [isDirectory] [FilePath][String] [/mnt/sdcard/Pictures/11437_lores.jpg]
D/S4URC   (22751): [SDK] [java.io.File] [getName] [FilePath][String] [/mnt/sdcard/Pictures/11437_lores.jpg]
D/S4URC   (22751): [SDK] [java.io.File] [isDirectory] [FilePath][String] [/mnt/sdcard/Pictures/11516_lores.jpg]
D/S4URC   (22751): [SDK] [java.io.File] [getName] [FilePath][String] [/mnt/sdcard/Pictures/11516_lores.jpg]
D/S4URC   (22751): [SDK] [java.io.File] [isDirectory] [FilePath][String] [/mnt/sdcard/Pictures/11519_lores.jpg]
D/S4URC   (22751): [SDK] [java.io.File] [getName] [FilePath][String] [/mnt/sdcard/Pictures/11519_lores.jpg]
D/S4URC   (22751): [SDK] [java.io.File] [isDirectory] [FilePath][String] [/mnt/sdcard/Pictures/11520_lores.jpg]
D/S4URC   (22751): [SDK] [java.io.File] [getName] [FilePath][String] [/mnt/sdcard/Pictures/11520_lores.jpg]
D/S4URC   (22751): [SDK] [java.io.File] [isDirectory] [FilePath][String] [/mnt/sdcard/Pictures/15573_lores.jpg]
D/S4URC   (22751): [SDK] [java.io.File] [getName] [FilePath][String] [/mnt/sdcard/Pictures/15573_lores.jpg]
D/S4URC   (22751): [SDK] [java.io.File] [isDirectory] [FilePath][String] [/mnt/sdcard/Pictures/15575_lores.jpg]
D/S4URC   (22751): [SDK] [java.io.File] [getName] [FilePath][String] [/mnt/sdcard/Pictures/15575_lores.jpg]
D/S4URC   (22751): [SDK] [java.io.File] [isDirectory] [FilePath][String] [/mnt/sdcard/Pictures/15660_lores.jpg]
D/S4URC   (22751): [SDK] [java.io.File] [getName] [FilePath][String] [/mnt/sdcard/Pictures/15660_lores.jpg]
D/S4URC   (22751): [SDK] [java.io.File] [isDirectory] [FilePath][String] [/mnt/sdcard/Pictures/15663_lores.jpg]
D/S4URC   (22751): [SDK] [java.io.File] [getName] [FilePath][String] [/mnt/sdcard/Pictures/15663_lores.jpg]
D/S4URC   (22751): [SDK] [java.io.File] [isDirectory] [FilePath][String] [/mnt/sdcard/Pictures/15667_lores.jpg]
D/S4URC   (22751): [SDK] [java.io.File] [getName] [FilePath][String] [/mnt/sdcard/Pictures/15667_lores.jpg]
D/S4URC   (22751): [SDK] [java.io.File] [isDirectory] [FilePath][String] [/mnt/sdcard/Pictures/18658_lores.jpg]
D/S4URC   (22751): [SDK] [java.io.File] [getName] [FilePath][String] [/mnt/sdcard/Pictures/18658_lores.jpg]
D/S4URC   (22751): [SDK] [java.io.File] [isDirectory] [FilePath][String] [/mnt/sdcard/Pictures/18660_lores.jpg]
D/S4URC   (22751): [SDK] [java.io.File] [getName] [FilePath][String] [/mnt/sdcard/Pictures/18660_lores.jpg]
D/S4URC   (22751): [SDK] [java.io.File] [isDirectory] [FilePath][String] [/mnt/sdcard/Pictures/18664_lores.jpg]
D/S4URC   (22751): [SDK] [java.io.File] [getName] [FilePath][String] [/mnt/sdcard/Pictures/18664_lores.jpg]
D/S4URC   (22751): [SDK] [java.io.File] [isDirectory] [FilePath][String] [/mnt/sdcard/Pictures/18667_lores.jpg]
D/S4URC   (22708): [SDK] [java.lang.Class] [forName] [FindClass][String] [com.astroplayer.actions.ActionContainer$ActionBeginPlayList]
D/S4URC   (22708): [SDK] [java.lang.Class] [forName] [FindClass][String] [com.astroplayer.actions.ActionContainer$ActionBookmarkContextMenu]
D/S4URC   (22708): [SDK] [java.lang.Class] [forName] [FindClass][String] [com.astroplayer.actions.ActionContainer$ActionChangeView]
D/S4URC   (22708): [SDK] [java.lang.Class] [forName] [FindClass][String] [com.astroplayer.actions.ActionContainer$ActionCoverNext]
D/S4URC   (22708): [SDK] [java.lang.Class] [forName] [FindClass][String] [com.astroplayer.actions.ActionContainer$ActionCoverPrevious]
D/S4URC   (22708): [SDK] [java.lang.Class] [forName] [FindClass][String] [com.astroplayer.actions.ActionContainer$ActionFastForward]
D/S4URC   (22708): [SDK] [java.lang.Class] [forName] [FindClass][String] [com.astroplayer.actions.ActionContainer$ActionForward15sec]
D/S4URC   (22708): [SDK] [java.lang.Class] [forName] [FindClass][String] [com.astroplayer.actions.ActionContainer$ActionForward1min]
D/S4URC   (22751): [SDK] [java.io.File] [getName] [FilePath][String] [/mnt/sdcard/Pictures/18667_lores.jpg]
D/S4URC   (22708): [SDK] [java.lang.Class] [forName] [FindClass][String] [com.astroplayer.actions.ActionContainer$ActionForward2min]
D/S4URC   (22751): [SDK] [java.io.File] [isDirectory] [FilePath][String] [/mnt/sdcard/Pictures/18673_lores.jpg]
D/S4URC   (22708): [SDK] [java.lang.Class] [forName] [FindClass][String] [com.astroplayer.actions.ActionContainer$ActionForward3min]
D/S4URC   (22708): [SDK] [java.lang.Class] [forName] [FindClass][String] [com.astroplayer.actions.ActionContainer$ActionGoTo]
D/S4URC   (22708): [SDK] [java.lang.Class] [forName] [FindClass][String] [com.astroplayer.actions.ActionContainer$ActionGoToTrackStart]
D/S4URC   (22708): [SDK] [java.lang.Class] [forName] [FindClass][String] [com.astroplayer.actions.ActionContainer$ActionMusicBrowser]
D/S4URC   (22751): [SDK] [java.io.File] [getName] [FilePath][String] [/mnt/sdcard/Pictures/18673_lores.jpg]
D/S4URC   (22708): [SDK] [java.lang.Class] [forName] [FindClass][String] [com.astroplayer.actions.ActionContainer$ActionNextPlayList]
D/S4URC   (22751): [SDK] [java.io.File] [isDirectory] [FilePath][String] [/mnt/sdcard/Pictures/arctic_vir_2012147.jpg]
D/S4URC   (22708): [SDK] [java.lang.Class] [forName] [FindClass][String] [com.astroplayer.actions.ActionContainer$ActionNextTrack]
D/S4URC   (22708): [SDK] [java.lang.Class] [forName] [FindClass][String] [com.astroplayer.actions.ActionContainer$ActionOpenEq]
D/S4URC   (22708): [SDK] [java.lang.Class] [forName] [FindClass][String] [com.astroplayer.actions.ActionContainer$ActionOpenFiles]
D/S4URC   (22708): [SDK] [java.lang.Class] [forName] [FindClass][String] [com.astroplayer.actions.ActionContainer$ActionOpenFullScreenCoverArt]
D/S4URC   (22708): [SDK] [java.lang.Class] [forName] [FindClass][String] [com.astroplayer.actions.ActionContainer$ActionOpenFullScreenLyrics]
D/S4URC   (22708): [SDK] [java.lang.Class] [forName] [FindClass][String] [com.astroplayer.actions.ActionContainer$ActionOpenPlaylists]
D/S4URC   (22708): [SDK] [java.lang.Class] [forName] [FindClass][String] [com.astroplayer.actions.ActionContainer$ActionOptions]
D/S4URC   (22751): [SDK] [java.io.File] [getName] [FilePath][String] [/mnt/sdcard/Pictures/arctic_vir_2012147.jpg]
D/S4URC   (22708): [SDK] [java.lang.Class] [forName] [FindClass][String] [com.astroplayer.actions.ActionContainer$ActionPlayPause]
D/S4URC   (22751): [SDK] [java.io.File] [isDirectory] [FilePath][String] [/mnt/sdcard/Pictures/earth_lights_lrg.jpg]
D/S4URC   (22708): [SDK] [java.lang.Class] [forName] [FindClass][String] [com.astroplayer.actions.ActionContainer$ActionPrevPlayList]
D/S4URC   (22708): [SDK] [java.lang.Class] [forName] [FindClass][String] [com.astroplayer.actions.ActionContainer$ActionPreviousTrack]
D/S4URC   (22708): [SDK] [java.lang.Class] [forName] [FindClass][String] [com.astroplayer.actions.ActionContainer$ActionQuickHelp]
D/S4URC   (22708): [SDK] [java.lang.Class] [forName] [FindClass][String] [com.astroplayer.actions.ActionContainer$ActionQuit]
D/S4URC   (22751): [SDK] [java.io.File] [getName] [FilePath][String] [/mnt/sdcard/Pictures/earth_lights_lrg.jpg]
D/S4URC   (22751): [SDK] [java.io.File] [isDirectory] [FilePath][String] [/mnt/sdcard/Pictures/map.jpg]
D/S4URC   (22708): [SDK] [java.lang.Class] [forName] [FindClass][String] [com.astroplayer.actions.ActionContainer$ActionRedo]
D/S4URC   (22708): [SDK] [java.lang.Class] [forName] [FindClass][String] [com.astroplayer.actions.ActionContainer$ActionRenewSleepTimer]
D/S4URC   (22708): [SDK] [java.lang.Class] [forName] [FindClass][String] [com.astroplayer.actions.ActionContainer$ActionRewind]
D/S4URC   (22708): [SDK] [java.lang.Class] [forName] [FindClass][String] [com.astroplayer.actions.ActionContainer$ActionRewind15sec]
D/S4URC   (22708): [SDK] [java.lang.Class] [forName] [FindClass][String] [com.astroplayer.actions.ActionContainer$ActionRewind1min]
D/S4URC   (22708): [SDK] [java.lang.Class] [forName] [FindClass][String] [com.astroplayer.actions.ActionContainer$ActionRewind2min]
D/S4URC   (22751): [SDK] [java.io.File] [getName] [FilePath][String] [/mnt/sdcard/Pictures/map.jpg]
D/S4URC   (22708): [SDK] [java.lang.Class] [forName] [FindClass][String] [com.astroplayer.actions.ActionContainer$ActionRewind3min]
D/S4URC   (22751): [SDK] [java.io.File] [isDirectory] [FilePath][String] [/mnt/sdcard/Pictures/superflarecombo_lrg.jpg]
D/S4URC   (22708): [SDK] [java.lang.Class] [forName] [FindClass][String] [com.astroplayer.actions.ActionContainer$ActionSaveBookmark]
D/S4URC   (22708): [SDK] [java.lang.Class] [forName] [FindClass][String] [com.astroplayer.actions.ActionContainer$ActionSearchSong]
D/S4URC   (22708): [SDK] [java.lang.Class] [forName] [FindClass][String] [com.astroplayer.actions.ActionContainer$ActionSelectSkin]
D/S4URC   (22708): [SDK] [java.lang.Class] [forName] [FindClass][String] [com.astroplayer.actions.ActionContainer$ActionSelectSkinFromCode]
D/S4URC   (22751): [SDK] [java.io.File] [getName] [FilePath][String] [/mnt/sdcard/Pictures/superflarecombo_lrg.jpg]
D/S4URC   (22751): [SDK] [java.io.File] [isDirectory] [FilePath][String] [/mnt/sdcard/Pictures/world.topo.bathy.200406.3x5400x2700.jpg]
D/S4URC   (22708): [SDK] [java.lang.Class] [forName] [FindClass][String] [com.astroplayer.actions.ActionContainer$ActionSetLike]
D/S4URC   (22708): [SDK] [java.lang.Class] [forName] [FindClass][String] [com.astroplayer.actions.ActionContainer$ActionSetRating]
D/S4URC   (22708): [SDK] [java.lang.Class] [forName] [FindClass][String] [com.astroplayer.actions.ActionContainer$ActionShowBookmarks]
D/S4URC   (22708): [SDK] [java.lang.Class] [forName] [FindClass][String] [com.astroplayer.actions.ActionContainer$ActionShowHistory]
D/S4URC   (22708): [SDK] [java.lang.Class] [forName] [FindClass][String] [com.astroplayer.actions.ActionContainer$ActionShowHistoryActionsDialog]
D/S4URC   (22708): [SDK] [java.lang.Class] [forName] [FindClass][String] [com.astroplayer.actions.ActionContainer$ActionShowPlaybackSpeedScreen]
D/S4URC   (22708): [SDK] [java.lang.Class] [forName] [FindClass][String] [com.astroplayer.actions.ActionContainer$ActionShowPodcasts]
D/S4URC   (22708): [SDK] [java.lang.Class] [forName] [FindClass][String] [com.astroplayer.actions.ActionContainer$ActionSleepTimer]
D/S4URC   (22708): [SDK] [java.lang.Class] [forName] [FindClass][String] [com.astroplayer.actions.ActionContainer$ActionSoundControl]
D/S4URC   (22708): [SDK] [java.lang.Class] [forName] [FindClass][String] [com.astroplayer.actions.ActionContainer$ActionStartVoiceRecognition]
D/S4URC   (22708): [SDK] [java.lang.Class] [forName] [FindClass][String] [com.astroplayer.actions.ActionContainer$ActionStop]
D/S4URC   (22708): [SDK] [java.lang.Class] [forName] [FindClass][String] [com.astroplayer.actions.ActionContainer$ActionToggleRepeat]
D/S4URC   (22751): [SDK] [java.io.File] [getName] [FilePath][String] [/mnt/sdcard/Pictures/world.topo.bathy.200406.3x5400x2700.jpg]
D/S4URC   (22708): [SDK] [java.lang.Class] [forName] [FindClass][String] [com.astroplayer.actions.ActionContainer$ActionToggleScreenLyrics]
D/S4URC   (22751): [SDK] [java.io.File] [isDirectory] [FilePath][String] [/mnt/sdcard/Pictures/world.topo.bathy.200410.3x5400x2700.jpg]
D/S4URC   (22708): [SDK] [java.lang.Class] [forName] [FindClass][String] [com.astroplayer.actions.ActionContainer$ActionToggleShuffle]
D/S4URC   (22708): [SDK] [java.lang.Class] [forName] [FindClass][String] [com.astroplayer.actions.ActionContainer$ActionToolTipCurrentTrack]
D/S4URC   (22708): [SDK] [java.lang.Class] [forName] [FindClass][String] [com.astroplayer.actions.ActionContainer$ActionUndo]
D/S4URC   (22708): [SDK] [java.lang.Class] [forName] [FindClass][String] [com.astroplayer.actions.ActionContainer$ActionUnlock]
D/S4URC   (22708): [SDK] [java.lang.Class] [forName] [FindClass][String] [com.astroplayer.actions.ActionContainer$ActionViewCoverArtGallery]
D/S4URC   (22708): [SDK] [java.lang.Class] [forName] [FindClass][String] [com.astroplayer.actions.ActionContainer$ActionVolumeDown]
D/S4URC   (22708): [SDK] [java.lang.Class] [forName] [FindClass][String] [com.astroplayer.actions.ActionContainer$ActionVolumeUp]
D/S4URC   (22708): [SDK] [java.io.File] [Constructor] [FilePath][String] [/storage/sdcard0/astroplayer/skins/Music White]
D/S4URC   (22708): [SDK] [java.io.File] [exists] [FilePath][String] [/storage/sdcard0/astroplayer/skins/Music White]
D/S4URC   (22751): [SDK] [java.io.File] [getName] [FilePath][String] [/mnt/sdcard/Pictures/world.topo.bathy.200410.3x5400x2700.jpg]
D/S4URC   (22751): [SDK] [java.io.File] [listFiles] [FilePath][String] [/mnt/sdcard/Movies]
D/S4URC   (22751): [SDK] [java.io.File] [list] [FilePath][String] [/mnt/sdcard/Movies]
D/S4URC   (22773): [SDK] [android.content.ContextWrapper] [registerReceiver][IntentFilter][android.intent.action.HEADSET_PLUG,android.media.AUDIO_BECOMING_NOISY,
D/S4URC   (22708): [SDK] [java.io.File] [Constructor] [FilePath][String] [/storage/sdcard0/astroplayer/skins/Music]
D/S4URC   (22708): [SDK] [java.io.File] [exists] [FilePath][String] [/storage/sdcard0/astroplayer/skins/Music]
D/S4URC   (22708): [SDK] [java.io.File] [Constructor] [FilePath][String] [/storage/sdcard0/astroplayer/skins/Music/actionbuttons.properties]
D/S4URC   (22708): [SDK] [java.io.File] [exists] [FilePath][String] [/storage/sdcard0/astroplayer/skins/Music/actionbuttons.properties]
D/S4URC   (22751): [SDK] [java.io.File] [listFiles] [FilePath][String] [/mnt/sdcard/Download]
D/S4URC   (22751): [SDK] [java.io.File] [list] [FilePath][String] [/mnt/sdcard/Download]
D/S4URC   (22773): [SDK] [android.content.Intent] [Constructor] [IntentInfo][String] [android.intent.action.MEDIA_BUTTON]
D/S4URC   (22751): [SDK] [java.io.File] [listFiles] [FilePath][String] [/mnt/sdcard/DCIM]
D/S4URC   (22751): [SDK] [java.io.File] [list] [FilePath][String] [/mnt/sdcard/DCIM]
D/S4URC   (22708): [SDK] [java.io.File] [Constructor] [FilePath][String] [/storage/sdcard0]
D/S4URC   (22751): [SDK] [java.io.File] [listFiles] [FilePath][String] [/mnt/sdcard/Android]
D/S4URC   (22751): [SDK] [java.io.File] [list] [FilePath][String] [/mnt/sdcard/Android]
D/S4URC   (22751): [SDK] [java.io.File] [getPath] [FilePath][String] [/mnt/sdcard/Android]
D/S4URC   (22751): [SDK] [java.io.File] [isDirectory] [FilePath][String] [/mnt/sdcard/Android/data]
D/S4URC   (22751): [SDK] [java.io.File] [listFiles] [FilePath][String] [/mnt/sdcard/storage]
D/S4URC   (22751): [SDK] [java.io.File] [list] [FilePath][String] [/mnt/sdcard/storage]
D/S4URC   (22708): [SDK] [java.io.File] [Constructor] [FilePath][String] [/storage/sdcard0]
D/S4URC   (22708): [SDK] [java.io.File] [Constructor] [FilePath][String] [/storage/sdcard1]
D/S4URC   (22708): [SDK] [java.io.File] [Constructor] [FilePath][String] [/storage/usb2host]
D/S4URC   (22708): [SDK] [java.io.File] [Constructor] [FilePath][String] [/storage/usb3device]
D/S4URC   (22708): [SDK] [java.io.File] [Constructor] [FilePath][String] [/storage/usb3host]
D/S4URC   (22751): [SDK] [java.io.File] [listFiles] [FilePath][String] [/mnt/sdcard/astroplayer]
D/S4URC   (22751): [SDK] [java.io.File] [list] [FilePath][String] [/mnt/sdcard/astroplayer]
D/S4URC   (22708): [SDK] [android.os.Environment] [getExternalStorageState] [ExternalStorageState][String] [mounted]
D/S4URC   (22751): [SDK] [java.io.File] [getPath] [FilePath][String] [/mnt/sdcard/astroplayer]
D/S4URC   (22773): [SDK] [android.content.Intent] [Constructor] [IntentInfo][String] [android.intent.action.MEDIA_BUTTON]
D/S4URC   (22708): [SDK] [android.content.ContentResolver] [registerContentObserver] [URL][String] [content://settings/system/enable_stylus_gestures]
D/S4URC   (22751): [SDK] [java.io.File] [getPath] [FilePath][String] [/mnt/sdcard/astroplayer]
D/S4URC   (22751): [SDK] [java.io.File] [isDirectory] [FilePath][String] [/mnt/sdcard/astroplayer/skins]
D/S4URC   (22751): [SDK] [java.io.File] [isDirectory] [FilePath][String] [/mnt/sdcard/astroplayer/astroplayer.properties]
D/S4URC   (22751): [SDK] [java.io.File] [getName] [FilePath][String] [/mnt/sdcard/astroplayer/astroplayer.properties]
D/S4URC   (22751): [SDK] [java.io.File] [isDirectory] [FilePath][String] [/mnt/sdcard/astroplayer/languages]
D/S4URC   (22751): [SDK] [java.io.File] [isDirectory] [FilePath][String] [/mnt/sdcard/astroplayer/CoverArts]
D/S4URC   (22751): [SDK] [java.io.File] [isDirectory] [FilePath][String] [/mnt/sdcard/astroplayer/.nomedia]
D/S4URC   (22751): [SDK] [java.io.File] [getName] [FilePath][String] [/mnt/sdcard/astroplayer/.nomedia]
D/S4URC   (22751): [SDK] [java.io.File] [isDirectory] [FilePath][String] [/mnt/sdcard/astroplayer/nocover_custom.png]
D/S4URC   (22751): [SDK] [java.io.File] [getName] [FilePath][String] [/mnt/sdcard/astroplayer/nocover_custom.png]
D/S4URC   (22751): [SDK] [java.io.File] [isDirectory] [FilePath][String] [/mnt/sdcard/astroplayer/nocover_big.png]
D/S4URC   (22751): [SDK] [java.io.File] [getName] [FilePath][String] [/mnt/sdcard/astroplayer/nocover_big.png]
D/S4URC   (22751): [SDK] [java.io.File] [isDirectory] [FilePath][String] [/mnt/sdcard/astroplayer/presets]
D/S4URC   (22751): [SDK] [java.io.File] [listFiles] [FilePath][String] [/mnt/sdcard/pms_file]
D/S4URC   (22751): [SDK] [java.io.File] [list] [FilePath][String] [/mnt/sdcard/pms_file]
D/S4URC   (22773): [SDK] [android.content.ContextWrapper] [registerReceiver][IntentFilter][android.intent.action.MEDIA_BUTTON,
D/S4URC   (22773): [SDK] [android.content.ContextWrapper] [registerReceiver][IntentFilter][android.intent.action.MEDIA_REMOVED,android.intent.action.MEDIA_UNMOUNTED,android.intent.action.MEDIA_MOUNTED,android.intent.action.MEDIA_EJECT,android.intent.action.MEDIA_SHARED,
D/S4URC   (22751): [SDK] [java.io.File] [getPath] [FilePath][String] [/mnt/sdcard/pms_file]
D/S4URC   (22751): [SDK] [java.io.File] [isDirectory] [FilePath][String] [/mnt/sdcard/pms_file/Log.txt]
D/S4URC   (22751): [SDK] [java.io.File] [getName] [FilePath][String] [/mnt/sdcard/pms_file/Log.txt]
D/S4URC   (22751): [SDK] [java.io.File] [listFiles] [FilePath][String] [/mnt/sdcard/net.ib.android.smcard]
D/S4URC   (22751): [SDK] [java.io.File] [list] [FilePath][String] [/mnt/sdcard/net.ib.android.smcard]
D/S4URC   (22773): [SDK] [android.content.ContextWrapper] [registerReceiver][IntentFilter][com.astroplayer.playerservicecommand,com.astroplayer.playerservicecommand.togglepause,com.astroplayer.playerservicecommand.pause,com.astroplayer.playerservicecommand.next,com.astroplayer.playerservicecommand.previous,com.astroplayer.playerservicecommand.setup,android.intent.action.SCREEN_ON,android.intent.action.SCREEN_OFF,com.astroplayer.playerservicecommand.bookmark,AstroLockScreenTrigger,com.astroplayer.playerservicecommand.rewindbackward,com.astroplayer.playerservicecommand.rewindforward,com.skylocker.LOCK_OFF,com.skylocker.LOCK_ON,
D/S4URC   (22751): [SDK] [java.io.File] [getPath] [FilePath][String] [/mnt/sdcard/net.ib.android.smcard]
D/S4URC   (22751): [SDK] [java.io.File] [isDirectory] [FilePath][String] [/mnt/sdcard/net.ib.android.smcard/.intro]
D/S4URC   (22751): [SDK] [java.io.File] [listFiles] [FilePath][String] [/mnt/sdcard/wisemobile]
D/S4URC   (22751): [SDK] [java.io.File] [list] [FilePath][String] [/mnt/sdcard/wisemobile]
D/S4URC   (22751): [SDK] [java.io.File] [getPath] [FilePath][String] [/mnt/sdcard/wisemobile]
D/S4URC   (22751): [SDK] [java.io.File] [isDirectory] [FilePath][String] [/mnt/sdcard/wisemobile/smartars_action.properties]
D/S4URC   (22751): [SDK] [java.io.File] [getName] [FilePath][String] [/mnt/sdcard/wisemobile/smartars_action.properties]
D/S4URC   (22751): [SDK] [java.io.File] [listFiles] [FilePath][String] [/mnt/sdcard/KakaoTalk]
D/S4URC   (22751): [SDK] [java.io.File] [list] [FilePath][String] [/mnt/sdcard/KakaoTalk]
D/S4URC   (22773): [SDK] [java.io.File] [Constructor] [FilePath][String] [/storage/sdcard0]
D/S4URC   (22751): [SDK] [java.io.File] [getPath] [FilePath][String] [/mnt/sdcard/KakaoTalk]
D/S4URC   (22751): [SDK] [java.io.File] [isDirectory] [FilePath][String] [/mnt/sdcard/KakaoTalk/Backup]
D/S4URC   (22773): [SDK] [java.io.File] [Constructor] [FilePath][String] [/storage/sdcard0]
D/S4URC   (22773): [SDK] [java.io.File] [Constructor] [FilePath][String] [/storage/sdcard1]
D/S4URC   (22773): [SDK] [java.io.File] [Constructor] [FilePath][String] [/storage/usb2host]
D/S4URC   (22773): [SDK] [java.io.File] [Constructor] [FilePath][String] [/storage/usb3device]
D/S4URC   (22773): [SDK] [java.io.File] [Constructor] [FilePath][String] [/storage/usb3host]
D/S4URC   (22751): [SDK] [java.io.File] [isDirectory] [FilePath][String] [/mnt/sdcard/KakaoTalk/cookie]
D/S4URC   (22751): [SDK] [java.io.File] [isDirectory] [FilePath][String] [/mnt/sdcard/KakaoTalk/store_cache]
D/S4URC   (22751): [SDK] [java.io.File] [listFiles] [FilePath][String] [/mnt/sdcard/roms]
D/S4URC   (22751): [SDK] [java.io.File] [list] [FilePath][String] [/mnt/sdcard/roms]
D/S4URC   (22751): [SDK] [java.io.File] [getPath] [FilePath][String] [/mnt/sdcard/roms]
D/S4URC   (22751): [SDK] [java.io.File] [isDirectory] [FilePath][String] [/mnt/sdcard/roms/sfc]
D/S4URC   (22751): [SDK] [java.io.File] [listFiles] [FilePath][String] [/mnt/sdcard/Android/data]
D/S4URC   (22773): [SDK] [android.os.Environment] [getExternalStorageState] [ExternalStorageState][String] [mounted]
D/S4URC   (22751): [SDK] [java.io.File] [list] [FilePath][String] [/mnt/sdcard/Android/data]
D/S4URC   (22773): [SDK] [java.io.File] [Constructor] [FilePath][String] [/storage/sdcard0/astroplayer/rss2DARfm.txt]
D/S4URC   (22773): [SDK] [java.io.File] [exists] [FilePath][String] [/storage/sdcard0/astroplayer/rss2DARfm.txt]
D/S4URC   (22708): [SDK] [android.content.Intent] [Constructor] [IntentInfo][String] [com.astroplayer.hotkeys.shake.ShakeManager.ACTION]
D/S4URC   (22773): [SDK] [java.io.File] [getParent] [FilePath][String] [/storage/sdcard0/astroplayer/rss2DARfm.txt]
D/S4URC   (22773): [SDK] [java.io.File] [Constructor] [FilePath][String] [/storage/sdcard0/astroplayer]
D/S4URC   (22773): [SDK] [java.io.File] [exists] [FilePath][String] [/storage/sdcard0/astroplayer]
D/S4URC   (22773): [SDK] [java.io.File] [createNewFile] [FilePath][String] [/storage/sdcard0/astroplayer/rss2DARfm.txt]
D/S4URC   (22751): [SDK] [java.io.File] [getPath] [FilePath][String] [/mnt/sdcard/Android/data]
D/S4URC   (22751): [SDK] [java.io.File] [isDirectory] [FilePath][String] [/mnt/sdcard/Android/data/com.cyanogenmod.eleven]
D/S4URC   (22751): [SDK] [java.io.File] [isDirectory] [FilePath][String] [/mnt/sdcard/Android/data/com.android.camera2]
D/S4URC   (22751): [SDK] [java.io.File] [isDirectory] [FilePath][String] [/mnt/sdcard/Android/data/com.cyanogenmod.filemanager]
D/S4URC   (22751): [SDK] [java.io.File] [isDirectory] [FilePath][String] [/mnt/sdcard/Android/data/de.robv.android.xposed.installer]
D/S4URC   (22773): [SDK] [java.io.File] [Constructor] [FilePath][String] [/storage/sdcard0/astroplayer/rss2DARfm.txt]
D/S4URC   (22773): [SDK] [java.io.File] [getPath] [FilePath][String] [/storage/sdcard0/astroplayer/rss2DARfm.txt]
D/S4URC   (22751): [SDK] [java.io.File] [isDirectory] [FilePath][String] [/mnt/sdcard/Android/data/com.android.gallery3d]
D/S4URC   (22751): [SDK] [java.io.File] [isDirectory] [FilePath][String] [/mnt/sdcard/Android/data/com.android.browser]
D/S4URC   (22751): [SDK] [java.io.File] [isDirectory] [FilePath][String] [/mnt/sdcard/Android/data/com.google.android.gms]
D/S4URC   (22751): [SDK] [java.io.File] [isDirectory] [FilePath][String] [/mnt/sdcard/Android/data/com.android.vending]
D/S4URC   (22751): [SDK] [java.io.File] [isDirectory] [FilePath][String] [/mnt/sdcard/Android/data/com.touchtype.swiftkey]
D/S4URC   (22773): [SDK] [java.io.File] [Constructor] [FilePath][String] [/storage/sdcard0]
D/S4URC   (22751): [SDK] [java.io.File] [isDirectory] [FilePath][String] [/mnt/sdcard/Android/data/.khr]
D/S4URC   (22751): [SDK] [java.io.File] [getName] [FilePath][String] [/mnt/sdcard/Android/data/.khr]
D/S4URC   (22751): [SDK] [java.io.File] [isDirectory] [FilePath][String] [/mnt/sdcard/Android/data/com.google.android.youtube]
