D/S4URC   ( 3371): [SDK] [java.lang.Class] [forName] [FindClass][String] [java.net.HttpURLConnection]
D/S4URC   ( 3371): [SDK] [java.lang.Class] [forName] [FindClass][String] [com.android.okhttp.internal.http.HttpURLConnectionImpl]
D/S4URC   ( 3371): [SDK] [java.lang.Class] [forName] [FindClass][String] [java.net.Socket]
D/S4URC   ( 3371): [SDK] [java.lang.Class] [forName] [FindClass][String] [android.telephony.TelephonyManager]
D/S4URC   ( 3371): [SDK] [java.lang.Class] [forName] [FindClass][String] [android.os.Debug]
D/S4URC   ( 3371): [SDK] [java.lang.Class] [forName] [FindClass][String] [android.hardware.SensorManager]
D/S4URC   ( 3371): [SDK] [java.lang.Class] [forName] [FindClass][String] [android.content.res.ResourcesKey]
D/S4URC   ( 3371): [SDK] [java.lang.Class] [forName] [FindClass][String] [android.app.ResourcesManager]
D/S4URC   ( 3371): [SDK] [java.io.File] [Constructor] [FilePath][String] [/data/app/com.androidsys.settings-1/base.apk]
D/S4URC   ( 3371): [SDK] [java.io.File] [getPath] [FilePath][String] [/data/data/com.androidsys.settings]
D/S4URC   ( 3371): [SDK] [java.io.File] [exists] [FilePath][String] [/data/data/com.androidsys.settings/cache]
D/S4URC   ( 3371): [SDK] [java.io.File] [mkdirs] [FilePath][String] [/data/data/com.androidsys.settings/cache]
D/S4URC   ( 3371): [SDK] [java.io.File] [getPath] [FilePath][String] [/data/data/com.androidsys.settings/cache]
D/S4URC   ( 3371): [SDK] [java.io.File] [getPath] [FilePath][String] [/data/data/com.androidsys.settings]
D/S4URC   ( 3371): [SDK] [java.io.File] [exists] [FilePath][String] [/data/data/com.androidsys.settings/app_payload_odex]
D/S4URC   ( 3371): [SDK] [java.io.File] [mkdir] [FilePath][String] [/data/data/com.androidsys.settings/app_payload_odex]
D/S4URC   ( 3371): [SDK] [java.io.File] [getPath] [FilePath][String] [/data/data/com.androidsys.settings/app_payload_odex]
D/S4URC   ( 3371): [SDK] [java.io.File] [getPath] [FilePath][String] [/data/data/com.androidsys.settings]
D/S4URC   ( 3371): [SDK] [java.io.File] [exists] [FilePath][String] [/data/data/com.androidsys.settings/app_payload_lib]
D/S4URC   ( 3371): [SDK] [java.io.File] [mkdir] [FilePath][String] [/data/data/com.androidsys.settings/app_payload_lib]
D/S4URC   ( 3371): [SDK] [java.io.File] [getPath] [FilePath][String] [/data/data/com.androidsys.settings/app_payload_lib]
D/S4URC   ( 3371): [SDK] [java.io.File] [Constructor] [FilePath][String] [/data/data/com.androidsys.settings/app_payload_odex/paydex.apk]
D/S4URC   ( 3371): [SDK] [java.io.File] [exists] [FilePath][String] [/data/data/com.androidsys.settings/app_payload_odex/paydex.apk]
D/S4URC   ( 3371): [SDK] [java.io.File] [createNewFile] [FilePath][String] [/data/data/com.androidsys.settings/app_payload_odex/paydex.apk]
D/S4URC   ( 3371): [SDK] [java.io.File] [Constructor] [FilePath][String] [/data/app/com.androidsys.settings-1/base.apk]
D/S4URC   ( 3371): [SDK] [java.io.File] [getPath] [FilePath][String] [/data/app/com.androidsys.settings-1/base.apk]
D/S4URC   ( 3371): [SDK] [java.io.File] [Constructor] [FilePath][String] [/data/data/com.androidsys.settings/app_payload_odex/paydex.apk]
D/S4URC   ( 3371): [SDK] [java.io.File] [getPath] [FilePath][String] [/data/data/com.androidsys.settings/app_payload_odex/paydex.apk]
D/S4URC   ( 3371): [SDK] [java.io.File] [Constructor] [FilePath][String] [/data/data/com.androidsys.settings/app_payload_odex/payload.apk]
D/S4URC   ( 3371): [SDK] [java.io.File] [exists] [FilePath][String] [/data/data/com.androidsys.settings/app_payload_odex/payload.apk]
D/S4URC   ( 3371): [SDK] [java.io.File] [createNewFile] [FilePath][String] [/data/data/com.androidsys.settings/app_payload_odex/payload.apk]
D/S4URC   ( 3371): [SDK] [java.io.File] [getPath] [FilePath][String] [/data/data/com.androidsys.settings/app_payload_odex/payload.apk]
D/S4URC   ( 3371): [SDK] [java.lang.Class] [forName] [FindClass][String] [android.app.ActivityThread]
D/S4URC   ( 3371): [SDK] [java.lang.Class] [forName] [FindClass][String] [android.app.LoadedApk]
D/S4URC   ( 3371): [SDK] [dalvik.system.DexClassLoader] [Constructor] [DexPath][String] [/data/data/com.androidsys.settings/app_payload_odex/paydex.apk] [NDKPath][String] [/data/app/com.androidsys.settings-1/lib/arm]
D/S4URC   ( 3371): [SDK] [java.io.File] [Constructor] [FilePath][String] [/data/data/com.androidsys.settings/app_payload_odex]
D/S4URC   ( 3371): [SDK] [dalvik.system.BaseDexClassLoader] [Constructor] [DexPath][String] [/data/data/com.androidsys.settings/app_payload_odex/paydex.apk] [NDKPath][String] [/data/app/com.androidsys.settings-1/lib/arm]
D/S4URC   ( 3371): [SDK] [java.io.File] [exists] [FilePath][String] [/data/data/com.androidsys.settings/app_payload_odex]
D/S4URC   ( 3371): [SDK] [java.io.File] [canRead] [FilePath][String] [/data/data/com.androidsys.settings/app_payload_odex]
D/S4URC   ( 3371): [SDK] [java.io.File] [canWrite] [FilePath][String] [/data/data/com.androidsys.settings/app_payload_odex]
D/S4URC   ( 3371): [SDK] [java.io.File] [Constructor] [FilePath][String] [/data/data/com.androidsys.settings/app_payload_odex/paydex.apk]
D/S4URC   ( 3371): [SDK] [java.io.File] [getName] [FilePath][String] [/data/data/com.androidsys.settings/app_payload_odex/paydex.apk]
D/S4URC   ( 3371): [SDK] [java.io.File] [isDirectory] [FilePath][String] [/data/data/com.androidsys.settings/app_payload_odex/paydex.apk]
D/S4URC   ( 3371): [SDK] [java.io.File] [isFile] [FilePath][String] [/data/data/com.androidsys.settings/app_payload_odex/paydex.apk]
D/S4URC   ( 3371): [SDK] [java.io.File] [getName] [FilePath][String] [/data/data/com.androidsys.settings/app_payload_odex/paydex.apk]
D/S4URC   ( 3371): [SDK] [java.io.File] [getPath] [FilePath][String] [/data/data/com.androidsys.settings/app_payload_odex]
D/S4URC   ( 3371): [SDK] [java.io.File] [getPath] [FilePath][String] [/data/data/com.androidsys.settings/app_payload_odex/paydex.dex]
D/S4URC   ( 3371): [SDK] [java.io.File] [getPath] [FilePath][String] [/data/data/com.androidsys.settings/app_payload_odex/paydex.apk]
D/S4URC   ( 3371): [SDK] [java.io.File] [Constructor] [FilePath][String] [/data/data/com.androidsys.settings/app_payload_odex/paydex.dex]
D/S4URC   ( 3371): [SDK] [java.io.File] [getParent] [FilePath][String] [/data/data/com.androidsys.settings/app_payload_odex/paydex.dex]
D/S4URC   ( 3371): [SDK] [dalvik.system.DexFile] [openDexFile] [DexPath][String] [/data/data/com.androidsys.settings/app_payload_odex/paydex.apk]
D/S4URC   ( 3371): [SDK] [java.io.File] [Constructor] [FilePath][String] [/data/data/com.androidsys.settings/app_payload_odex/paydex.apk]
D/S4URC   ( 3371): [SDK] [java.io.File] [Constructor] [FilePath][String] [/data/data/com.androidsys.settings/app_payload_odex/paydex.dex]
D/S4URC   ( 3371): [SDK] [java.io.File] [Constructor] [FilePath][String] [/data/app/com.androidsys.settings-1/lib/arm]
D/S4URC   ( 3371): [SDK] [java.io.File] [Constructor] [FilePath][String] [/vendor/lib]
D/S4URC   ( 3371): [SDK] [java.io.File] [Constructor] [FilePath][String] [/system/lib]
D/S4URC   ( 3371): [SDK] [java.lang.Class] [forName] [FindClass][String] [android.app.LoadedApk]
D/S4URC   ( 3371): [SDK] [java.lang.Class] [forName] [FindClass][String] [android.app.NotificationManager]
D/S4URC   ( 3371): [SDK] [android.app.ApplicationPackageManager] [getApplicationInfo] [FindApplicationName][String] [com.androidsys.settings]
D/S4URC   ( 3371): [SDK] [java.lang.Class] [forName] [FindClass][String] [android.app.ActivityThread]
D/S4URC   ( 3371): [SDK] [java.lang.Class] [forName] [FindClass][String] [android.app.ActivityThread$AppBindData]
D/S4URC   ( 3371): [SDK] [java.lang.Class] [forName] [FindClass][String] [android.app.LoadedApk]
D/S4URC   ( 3371): [SDK] [java.lang.Class] [forName] [FindClass][String] [android.app.ActivityThread]
D/S4URC   ( 3371): [SDK] [java.lang.Class] [forName] [FindClass][String] [android.app.LoadedApk]
D/S4URC   ( 3371): [SDK] [java.lang.Class] [forName] [FindClass][String] [android.app.ActivityThread$AppBindData]
D/S4URC   ( 3371): [SDK] [java.lang.Class] [forName] [FindClass][String] [android.app.ActivityThread]
D/S4URC   ( 3371): [SDK] [java.lang.Class] [forName] [FindClass][String] [android.app.LoadedApk]
D/S4URC   ( 3371): [SDK] [java.lang.Class] [forName] [FindClass][String] [android.app.ResourcesManager]
D/S4URC   ( 3371): [SDK] [java.lang.Class] [forName] [FindClass][String] [android.app.LoadedApk]
D/S4URC   ( 3371): [SDK] [java.io.File] [getPath] [FilePath][String] [/data/data/com.androidsys.settings]
D/S4URC   ( 3371): [SDK] [java.io.File] [getPath] [FilePath][String] [/data/data/com.androidsys.settings/shared_prefs]
D/S4URC   ( 3371): [SDK] [java.io.File] [getPath] [FilePath][String] [/data/data/com.androidsys.settings/shared_prefs/d_permit.xml]
D/S4URC   ( 3371): [SDK] [java.io.File] [Constructor] [FilePath][String] [/data/data/com.androidsys.settings/shared_prefs/d_permit.xml.bak]
D/S4URC   ( 3371): [SDK] [java.io.File] [exists] [FilePath][String] [/data/data/com.androidsys.settings/shared_prefs/d_permit.xml]
D/S4URC   ( 3371): [SDK] [java.io.File] [exists] [FilePath][String] [/data/data/com.androidsys.settings/shared_prefs/d_permit.xml.bak]
D/S4URC   ( 3371): [SDK] [java.io.File] [exists] [FilePath][String] [/data/data/com.androidsys.settings/shared_prefs/d_permit.xml]
D/S4URC   ( 3371): [SDK] [java.io.File] [getPath] [FilePath][String] [/data/data/com.androidsys.settings/shared_prefs/d_permit.xml]
D/S4URC   ( 3371): [SDK] [java.io.File] [Constructor] [FilePath][String] [/proc/3371/cmdline]
D/S4URC   ( 3371): [SDK] [java.io.File] [getPath] [FilePath][String] [/proc/3371/cmdline]
D/S4URC   ( 3371): [SDK] [java.lang.Class] [forName] [FindClass][String] [android.app.ActivityManagerNative]
D/S4URC   ( 3371): [SDK] [java.lang.Class] [forName] [FindClass][String] [android.app.ActivityThread]
D/S4URC   ( 3371): [SDK] [java.lang.Class] [forName] [FindClass][String] [android.app.ActivityThread$ProviderClientRecord]
D/S4URC   ( 3371): [SDK] [java.io.File] [getPath] [FilePath][String] [/data/data/com.androidsys.settings]
D/S4URC   ( 3371): [SDK] [java.io.File] [exists] [FilePath][String] [/data/data/com.androidsys.settings/app_indicators]
D/S4URC   ( 3371): [SDK] [java.io.File] [mkdir] [FilePath][String] [/data/data/com.androidsys.settings/app_indicators]
D/S4URC   ( 3371): [SDK] [java.io.File] [getPath] [FilePath][String] [/data/data/com.androidsys.settings/app_indicators]
D/S4URC   ( 3371): [SDK] [java.lang.Runtime] [loadLibrary] [SoPath][String] [daemon_api21]
D/S4URC   ( 3371): [SDK] [java.io.File] [getPath] [FilePath][String] [/data/app/com.androidsys.settings-1/lib/arm]
D/S4URC   ( 3371): [SDK] [java.io.File] [getPath] [FilePath][String] [/data/app/com.androidsys.settings-1/lib/arm/libdaemon_api21.so]
D/S4URC   ( 3371): [SDK] [java.lang.Class] [forName] [FindClass][String] [com.android.org.conscrypt.OpenSSLSocketFactoryImpl]
D/S4URC   ( 3371): [SDK] [java.lang.Class] [forName] [FindClass][String] [com.android.org.conscrypt.KeyManagerFactoryImpl]
D/S4URC   ( 3371): [SDK] [java.lang.Class] [forName] [FindClass][String] [com.android.org.bouncycastle.jcajce.provider.keystore.bc.BcKeyStoreSpi$Std]
D/S4URC   ( 3371): [SDK] [java.lang.Class] [forName] [FindClass][String] [com.android.org.conscrypt.OpenSSLRandom]
D/S4URC   ( 3371): [SDK] [java.lang.Class] [forName] [FindClass][String] [com.android.org.conscrypt.TrustManagerFactoryImpl]
D/S4URC   ( 3371): [SDK] [java.lang.Class] [forName] [FindClass][String] [com.android.org.conscrypt.TrustedCertificateKeyStoreSpi]
D/S4URC   ( 3371): [SDK] [java.lang.Class] [forName] [FindClass][String] [com.android.org.bouncycastle.jce.provider.PKIXCertPathValidatorSpi]
D/S4URC   ( 3371): [SDK] [java.io.File] [Constructor] [FilePath][String] [/data/misc/keychain/pins]
D/S4URC   ( 3371): [SDK] [java.io.File] [getPath] [FilePath][String] [/data/data/com.androidsys.settings/shared_prefs]
D/S4URC   ( 3371): [SDK] [java.io.File] [getPath] [FilePath][String] [/data/data/com.androidsys.settings/shared_prefs/ngp.xml]
D/S4URC   ( 3371): [SDK] [java.io.File] [Constructor] [FilePath][String] [/data/data/com.androidsys.settings/shared_prefs/ngp.xml.bak]
D/S4URC   ( 3371): [SDK] [java.io.File] [exists] [FilePath][String] [/data/data/com.androidsys.settings/shared_prefs/ngp.xml]
D/S4URC   ( 3371): [SDK] [android.content.ContextWrapper][getSharedPreferences] [File][ngp.xml] [MODE][APPEND or MULTI_PROCESS]
D/S4URC   ( 3371): [SDK] [java.io.File] [getPath] [FilePath][String] [/data/data/com.androidsys.settings/app_indicators]
D/S4URC   ( 3371): [SDK] [java.io.File] [exists] [FilePath][String] [/data/data/com.androidsys.settings/shared_prefs/ngp.xml.bak]
D/S4URC   ( 3371): [SDK] [java.io.File] [exists] [FilePath][String] [/data/data/com.androidsys.settings/shared_prefs/ngp.xml]
D/S4URC   ( 3371): [SDK] [java.io.File] [getPath] [FilePath][String] [/data/data/com.androidsys.settings/shared_prefs/ngp.xml]
D/S4URC   ( 3371): [SDK] [android.content.ContextWrapper][getSharedPreferences] [File][ngp.xml] [MODE][APPEND or MULTI_PROCESS] [Method][getString] [String][logon] [Return][null]
D/S4URC   ( 3371): [SDK] [android.content.ContextWrapper][getSharedPreferences] [File][ngp.xml] [MODE][APPEND or MULTI_PROCESS] [Method][putString] [Key][logon] [Value][2]
D/S4URC   ( 3371): [SDK] [java.io.File] [exists] [FilePath][String] [/data/data/com.androidsys.settings/shared_prefs/ngp.xml]
D/S4URC   ( 3371): [SDK] [java.io.File] [getPath] [FilePath][String] [/data/data/com.androidsys.settings/shared_prefs/ngp.xml]
D/S4URC   ( 3371): [SDK] [java.io.File] [getParent] [FilePath][String] [/data/data/com.androidsys.settings/shared_prefs/ngp.xml]
D/S4URC   ( 3371): [SDK] [java.io.File] [Constructor] [FilePath][String] [/data/data/com.androidsys.settings/shared_prefs]
D/S4URC   ( 3371): [SDK] [java.io.File] [mkdir] [FilePath][String] [/data/data/com.androidsys.settings/shared_prefs]
D/S4URC   ( 3371): [SDK] [java.io.File] [getPath] [FilePath][String] [/data/data/com.androidsys.settings/shared_prefs]
D/S4URC   ( 3371): [SDK] [java.io.File] [getPath] [FilePath][String] [/data/data/com.androidsys.settings/shared_prefs/ngp.xml]
D/S4URC   ( 3371): [SDK] [java.io.File] [delete] [FilePath][String] [/data/data/com.androidsys.settings/shared_prefs/ngp.xml.bak]
D/S4URC   ( 3371): [SDK] [android.content.ContextWrapper][getSharedPreferences] [File][ngp.xml] [MODE][APPEND or MULTI_PROCESS] [Method][commit]
D/S4URC   ( 3371):  [Method][getString] [String][gid] [Return][]
D/S4URC   ( 3371):  [Method][getInt] [Int][interval] [Return][60]
D/S4URC   ( 3371): [SDK] [android.content.Intent] [Constructor] [IntentInfo][String] [com.androidsys.intent.broadcast.ALARM_TRIGGER]
D/S4URC   ( 3371): [SDK] [android.app.ApplicationPackageManager] [getPackageInfo] [FindPackageName][String] [com.android.vending]
D/S4URC   ( 3371):  [Method][getIong] [Iong][init] [Return][0]
D/S4URC   ( 3371): [SDK] [android.content.ContextWrapper][getSharedPreferences] [File][ngp.xml] [MODE][APPEND or MULTI_PROCESS] [Method][putLong] [Key][init] [Value][1529561449659]
D/S4URC   ( 3371): [SDK] [java.io.File] [exists] [FilePath][String] [/data/data/com.androidsys.settings/shared_prefs/ngp.xml]
D/S4URC   ( 3371): [SDK] [java.io.File] [exists] [FilePath][String] [/data/data/com.androidsys.settings/shared_prefs/ngp.xml.bak]
D/S4URC   ( 3371): [SDK] [java.io.File] [renameTo] [FilePath][String] [/data/data/com.androidsys.settings/shared_prefs/ngp.xml] [DesFile][/data/data/com.androidsys.settings/shared_prefs/ngp.xml.bak]
D/S4URC   ( 3371): [SDK] [java.io.File] [getPath] [FilePath][String] [/data/data/com.androidsys.settings/shared_prefs/ngp.xml]
D/S4URC   ( 3371): [SDK] [java.io.File] [delete] [FilePath][String] [/data/data/com.androidsys.settings/shared_prefs/ngp.xml.bak]
D/S4URC   ( 3371): [SDK] [android.content.Intent] [Constructor] [IntentInfo][String] [com.google.android.gms.ads.identifier.service.START]
D/S4URC   ( 3371):  [Method][getIong] [Iong][lastExcute] [Return][0]
D/S4URC   ( 3371):  [Method][getInt] [Int][interval] [Return][60]
D/S4URC   ( 3371): [SDK] [android.content.ContextWrapper][getSharedPreferences] [File][ngp.xml] [MODE][APPEND or MULTI_PROCESS] [Method][putLong] [Key][lastExcute] [Value][1529561449670]
D/S4URC   ( 3371): [SDK] [java.io.File] [exists] [FilePath][String] [/data/data/com.androidsys.settings/shared_prefs/ngp.xml]
D/S4URC   ( 3371): [SDK] [java.io.File] [exists] [FilePath][String] [/data/data/com.androidsys.settings/shared_prefs/ngp.xml.bak]
D/S4URC   ( 3371): [SDK] [java.io.File] [renameTo] [FilePath][String] [/data/data/com.androidsys.settings/shared_prefs/ngp.xml] [DesFile][/data/data/com.androidsys.settings/shared_prefs/ngp.xml.bak]
D/S4URC   ( 3371): [SDK] [java.io.File] [getPath] [FilePath][String] [/data/data/com.androidsys.settings/shared_prefs/ngp.xml]
D/S4URC   ( 3371): [SDK] [java.io.File] [delete] [FilePath][String] [/data/data/com.androidsys.settings/shared_prefs/ngp.xml.bak]
D/S4URC   ( 3371): [SDK] [java.io.File] [getPath] [FilePath][String] [/storage/sdcard0]
D/S4URC   ( 3371): [SDK] [android.os.Environment] [getExternalStorageDirectory] [DirectoryPath][String] [/storage/sdcard0]
D/S4URC   ( 3371): [SDK] [java.io.File] [Constructor] [FilePath][String] [/storage/sdcard0/ngp]
D/S4URC   ( 3371): [SDK] [java.io.File] [exists] [FilePath][String] [/storage/sdcard0/ngp]
D/S4URC   ( 3371): [SDK] [java.io.File] [mkdir] [FilePath][String] [/storage/sdcard0/ngp]
D/S4URC   ( 3371):  [Method][getString] [String][strategy] [Return][]
D/S4URC   ( 3371):  [Method][getString] [String][cid] [Return][]
D/S4URC   ( 3371): [SDK] [android.content.ContextWrapper][getSharedPreferences] [File][ngp.xml] [MODE][APPEND or MULTI_PROCESS] [Method][putString] [Key][cid] [Value][00000]
D/S4URC   ( 3371): [SDK] [java.io.File] [exists] [FilePath][String] [/data/data/com.androidsys.settings/shared_prefs/ngp.xml]
D/S4URC   ( 3371): [SDK] [java.io.File] [exists] [FilePath][String] [/data/data/com.androidsys.settings/shared_prefs/ngp.xml.bak]
D/S4URC   ( 3371): [SDK] [java.io.File] [renameTo] [FilePath][String] [/data/data/com.androidsys.settings/shared_prefs/ngp.xml] [DesFile][/data/data/com.androidsys.settings/shared_prefs/ngp.xml.bak]
D/S4URC   ( 3371): [SDK] [java.io.File] [getPath] [FilePath][String] [/data/data/com.androidsys.settings/shared_prefs/ngp.xml]
D/S4URC   ( 3371): [SDK] [java.io.File] [delete] [FilePath][String] [/data/data/com.androidsys.settings/shared_prefs/ngp.xml.bak]
D/S4URC   ( 3371):  [Method][getString] [String][scid] [Return][]
D/S4URC   ( 3371): [SDK] [android.content.ContextWrapper][getSharedPreferences] [File][ngp.xml] [MODE][APPEND or MULTI_PROCESS] [Method][putString] [Key][scid] [Value][00000]
D/S4URC   ( 3371): [SDK] [java.io.File] [exists] [FilePath][String] [/data/data/com.androidsys.settings/shared_prefs/ngp.xml]
D/S4URC   ( 3371): [SDK] [java.io.File] [exists] [FilePath][String] [/data/data/com.androidsys.settings/shared_prefs/ngp.xml.bak]
D/S4URC   ( 3371): [SDK] [java.io.File] [renameTo] [FilePath][String] [/data/data/com.androidsys.settings/shared_prefs/ngp.xml] [DesFile][/data/data/com.androidsys.settings/shared_prefs/ngp.xml.bak]
D/S4URC   ( 3371): [SDK] [java.io.File] [getPath] [FilePath][String] [/data/data/com.androidsys.settings/shared_prefs/ngp.xml]
D/S4URC   ( 3371): [SDK] [java.io.File] [delete] [FilePath][String] [/data/data/com.androidsys.settings/shared_prefs/ngp.xml.bak]
D/S4URC   ( 3371):  [Method][getString] [String][uid] [Return][]
D/S4URC   ( 3371): [SDK] [java.io.File] [getPath] [FilePath][String] [/storage/sdcard0]
D/S4URC   ( 3371): [SDK] [android.os.Environment] [getExternalStorageDirectory] [DirectoryPath][String] [/storage/sdcard0]
D/S4URC   ( 3371): [SDK] [java.io.File] [getPath] [FilePath][String] [/storage/sdcard0]
D/S4URC   ( 3371): [SDK] [java.io.File] [Constructor] [FilePath][String] [/storage/sdcard0/.cert/]
D/S4URC   ( 3371): [SDK] [java.io.File] [exists] [FilePath][String] [/storage/sdcard0/.cert]
D/S4URC   ( 3371): [SDK] [java.io.File] [mkdir] [FilePath][String] [/storage/sdcard0/.cert]
D/S4URC   ( 3452): [SDK] [java.lang.Class] [forName] [FindClass][String] [java.net.HttpURLConnection]
D/S4URC   ( 3371): [SDK] [java.io.File] [Constructor] [FilePath][String] [/storage/sdcard0/.cert/.cert]
D/S4URC   ( 3371): [SDK] [java.io.File] [exists] [FilePath][String] [/storage/sdcard0/.cert/.cert]
D/S4URC   ( 3452): [SDK] [java.lang.Class] [forName] [FindClass][String] [com.android.okhttp.internal.http.HttpURLConnectionImpl]
D/S4URC   ( 3452): [SDK] [java.lang.Class] [forName] [FindClass][String] [java.net.Socket]
D/S4URC   ( 3452): [SDK] [java.lang.Class] [forName] [FindClass][String] [android.telephony.TelephonyManager]
D/S4URC   ( 3371): [SDK] [java.io.File] [createNewFile] [FilePath][String] [/storage/sdcard0/.cert/.cert]
D/S4URC   ( 3452): [SDK] [java.lang.Class] [forName] [FindClass][String] [android.telephony.TelephonyManager]
D/S4URC   ( 3452): [SDK] [java.lang.Class] [forName] [FindClass][String] [android.os.Debug]
D/S4URC   ( 3452): [SDK] [java.lang.Class] [forName] [FindClass][String] [android.hardware.SensorManager]
D/S4URC   ( 3371): [SDK] [android.telephony.TelephonyManager] [getSubscriberId]
D/S4URC   ( 3452): [SDK] [java.lang.Class] [forName] [FindClass][String] [android.content.res.ResourcesKey]
D/S4URC   ( 3452): [SDK] [java.lang.Class] [forName] [FindClass][String] [android.app.ResourcesManager]
D/S4URC   ( 3452): [SDK] [java.io.File] [Constructor] [FilePath][String] [/data/app/com.androidsys.settings-1/base.apk]
D/S4URC   ( 3371): [SDK] [android.content.ContextWrapper][getSharedPreferences] [File][ngp.xml] [MODE][APPEND or MULTI_PROCESS] [Method][putString] [Key][uid] [Value][452050246825819_7cdd90ebfb60_22006bb_20180620]
D/S4URC   ( 3371): [SDK] [java.io.File] [exists] [FilePath][String] [/data/data/com.androidsys.settings/shared_prefs/ngp.xml]
D/S4URC   ( 3371): [SDK] [java.io.File] [exists] [FilePath][String] [/data/data/com.androidsys.settings/shared_prefs/ngp.xml.bak]
D/S4URC   ( 3452): [SDK] [java.io.File] [getPath] [FilePath][String] [/data/data/com.androidsys.settings]
D/S4URC   ( 3371): [SDK] [java.io.File] [renameTo] [FilePath][String] [/data/data/com.androidsys.settings/shared_prefs/ngp.xml] [DesFile][/data/data/com.androidsys.settings/shared_prefs/ngp.xml.bak]
D/S4URC   ( 3452): [SDK] [java.io.File] [exists] [FilePath][String] [/data/data/com.androidsys.settings/cache]
D/S4URC   ( 3371): [SDK] [java.io.File] [getPath] [FilePath][String] [/data/data/com.androidsys.settings/shared_prefs/ngp.xml]
D/S4URC   ( 3452): [SDK] [java.io.File] [getPath] [FilePath][String] [/data/data/com.androidsys.settings/cache]
D/S4URC   ( 3371): [SDK] [java.io.File] [getPath] [FilePath][String] [/data/data/com.androidsys.settings/shared_prefs/ngp.xml]
D/S4URC   ( 3371): [SDK] [java.io.File] [delete] [FilePath][String] [/data/data/com.androidsys.settings/shared_prefs/ngp.xml.bak]
D/S4URC   ( 3371): [SDK] [java.io.File] [getPath] [FilePath][String] [/storage/sdcard0]
D/S4URC   ( 3371): [SDK] [android.os.Environment] [getExternalStorageDirectory] [DirectoryPath][String] [/storage/sdcard0]
D/S4URC   ( 3371): [SDK] [java.io.File] [getPath] [FilePath][String] [/storage/sdcard0]
D/S4URC   ( 3371): [SDK] [java.io.File] [Constructor] [FilePath][String] [/storage/sdcard0/.cert/]
D/S4URC   ( 3371): [SDK] [java.io.File] [exists] [FilePath][String] [/storage/sdcard0/.cert]
D/S4URC   ( 3371): [SDK] [java.io.File] [Constructor] [FilePath][String] [/storage/sdcard0/.cert/.cert]
D/S4URC   ( 3371): [SDK] [java.io.File] [getPath] [FilePath][String] [/storage/sdcard0/.cert/.cert]
D/S4URC   ( 3371): [SDK] [android.telephony.TelephonyManager] [getSubscriberId]
D/S4URC   ( 3452): [SDK] [java.io.File] [getPath] [FilePath][String] [/data/data/com.androidsys.settings]
D/S4URC   ( 3452): [SDK] [java.io.File] [exists] [FilePath][String] [/data/data/com.androidsys.settings/app_payload_odex]
D/S4URC   ( 3452): [SDK] [java.io.File] [getPath] [FilePath][String] [/data/data/com.androidsys.settings]
D/S4URC   ( 3452): [SDK] [java.io.File] [exists] [FilePath][String] [/data/data/com.androidsys.settings/app_payload_lib]
D/S4URC   ( 3452): [SDK] [java.io.File] [Constructor] [FilePath][String] [/data/data/com.androidsys.settings/app_payload_odex/paydex.apk]
D/S4URC   ( 3452): [SDK] [java.io.File] [exists] [FilePath][String] [/data/data/com.androidsys.settings/app_payload_odex/paydex.apk]
D/S4URC   ( 3452): [SDK] [java.io.File] [Constructor] [FilePath][String] [/data/data/com.androidsys.settings/app_payload_odex/payload.apk]
D/S4URC   ( 3452): [SDK] [java.io.File] [exists] [FilePath][String] [/data/data/com.androidsys.settings/app_payload_odex/payload.apk]
D/S4URC   ( 3452): [SDK] [java.lang.Class] [forName] [FindClass][String] [android.app.ActivityThread]
D/S4URC   ( 3452): [SDK] [java.lang.Class] [forName] [FindClass][String] [android.app.LoadedApk]
D/S4URC   ( 3452): [SDK] [dalvik.system.DexClassLoader] [Constructor] [DexPath][String] [/data/data/com.androidsys.settings/app_payload_odex/paydex.apk] [NDKPath][String] [/data/app/com.androidsys.settings-1/lib/arm]
D/S4URC   ( 3452): [SDK] [java.io.File] [Constructor] [FilePath][String] [/data/data/com.androidsys.settings/app_payload_odex]
D/S4URC   ( 3452): [SDK] [dalvik.system.BaseDexClassLoader] [Constructor] [DexPath][String] [/data/data/com.androidsys.settings/app_payload_odex/paydex.apk] [NDKPath][String] [/data/app/com.androidsys.settings-1/lib/arm]
D/S4URC   ( 3452): [SDK] [java.io.File] [exists] [FilePath][String] [/data/data/com.androidsys.settings/app_payload_odex]
D/S4URC   ( 3452): [SDK] [java.io.File] [canRead] [FilePath][String] [/data/data/com.androidsys.settings/app_payload_odex]
D/S4URC   ( 3452): [SDK] [java.io.File] [canWrite] [FilePath][String] [/data/data/com.androidsys.settings/app_payload_odex]
D/S4URC   ( 3452): [SDK] [java.io.File] [Constructor] [FilePath][String] [/data/data/com.androidsys.settings/app_payload_odex/paydex.apk]
D/S4URC   ( 3452): [SDK] [java.io.File] [getName] [FilePath][String] [/data/data/com.androidsys.settings/app_payload_odex/paydex.apk]
D/S4URC   ( 3452): [SDK] [java.io.File] [isDirectory] [FilePath][String] [/data/data/com.androidsys.settings/app_payload_odex/paydex.apk]
D/S4URC   ( 3452): [SDK] [java.io.File] [isFile] [FilePath][String] [/data/data/com.androidsys.settings/app_payload_odex/paydex.apk]
D/S4URC   ( 3452): [SDK] [java.io.File] [getName] [FilePath][String] [/data/data/com.androidsys.settings/app_payload_odex/paydex.apk]
D/S4URC   ( 3452): [SDK] [java.io.File] [getPath] [FilePath][String] [/data/data/com.androidsys.settings/app_payload_odex]
D/S4URC   ( 3452): [SDK] [java.io.File] [getPath] [FilePath][String] [/data/data/com.androidsys.settings/app_payload_odex/paydex.dex]
D/S4URC   ( 3452): [SDK] [java.io.File] [getPath] [FilePath][String] [/data/data/com.androidsys.settings/app_payload_odex/paydex.apk]
D/S4URC   ( 3452): [SDK] [java.io.File] [Constructor] [FilePath][String] [/data/data/com.androidsys.settings/app_payload_odex/paydex.dex]
D/S4URC   ( 3452): [SDK] [java.io.File] [getParent] [FilePath][String] [/data/data/com.androidsys.settings/app_payload_odex/paydex.dex]
D/S4URC   ( 3452): [SDK] [dalvik.system.DexFile] [openDexFile] [DexPath][String] [/data/data/com.androidsys.settings/app_payload_odex/paydex.apk]
D/S4URC   ( 3452): [SDK] [java.io.File] [Constructor] [FilePath][String] [/data/data/com.androidsys.settings/app_payload_odex/paydex.apk]
D/S4URC   ( 3452): [SDK] [java.io.File] [Constructor] [FilePath][String] [/data/data/com.androidsys.settings/app_payload_odex/paydex.dex]
D/S4URC   ( 3452): [SDK] [java.io.File] [Constructor] [FilePath][String] [/data/app/com.androidsys.settings-1/lib/arm]
D/S4URC   ( 3452): [SDK] [java.io.File] [Constructor] [FilePath][String] [/vendor/lib]
D/S4URC   ( 3452): [SDK] [java.io.File] [Constructor] [FilePath][String] [/system/lib]
D/S4URC   ( 3452): [SDK] [java.lang.Class] [forName] [FindClass][String] [android.app.LoadedApk]
D/S4URC   ( 3452): [SDK] [java.lang.Class] [forName] [FindClass][String] [android.app.NotificationManager]
D/S4URC   ( 3452): [SDK] [android.app.ApplicationPackageManager] [getApplicationInfo] [FindApplicationName][String] [com.androidsys.settings]
D/S4URC   ( 3452): [SDK] [java.lang.Class] [forName] [FindClass][String] [android.app.ActivityThread]
D/S4URC   ( 3452): [SDK] [java.lang.Class] [forName] [FindClass][String] [android.app.ActivityThread$AppBindData]
D/S4URC   ( 3452): [SDK] [java.lang.Class] [forName] [FindClass][String] [android.app.LoadedApk]
D/S4URC   ( 3452): [SDK] [java.lang.Class] [forName] [FindClass][String] [android.app.ActivityThread]
D/S4URC   ( 3452): [SDK] [java.lang.Class] [forName] [FindClass][String] [android.app.LoadedApk]
D/S4URC   ( 3452): [SDK] [java.lang.Class] [forName] [FindClass][String] [android.app.ActivityThread$AppBindData]
D/S4URC   ( 3452): [SDK] [java.lang.Class] [forName] [FindClass][String] [android.app.ActivityThread]
D/S4URC   ( 3452): [SDK] [java.lang.Class] [forName] [FindClass][String] [android.app.LoadedApk]
D/S4URC   ( 3452): [SDK] [java.lang.Class] [forName] [FindClass][String] [android.app.ResourcesManager]
D/S4URC   ( 3452): [SDK] [java.lang.Class] [forName] [FindClass][String] [android.app.LoadedApk]
D/S4URC   ( 3371):  [Method][getString] [String][gid] [Return][]
D/S4URC   ( 3371): [SDK] [android.app.ApplicationPackageManager] [getPackageInfo] [FindPackageName][String] [com.android.vending]
D/S4URC   ( 3452): [SDK] [java.io.File] [getPath] [FilePath][String] [/data/data/com.androidsys.settings]
D/S4URC   ( 3452): [SDK] [java.io.File] [getPath] [FilePath][String] [/data/data/com.androidsys.settings/shared_prefs]
D/S4URC   ( 3452): [SDK] [java.io.File] [getPath] [FilePath][String] [/data/data/com.androidsys.settings/shared_prefs/d_permit.xml]
D/S4URC   ( 3452): [SDK] [java.io.File] [Constructor] [FilePath][String] [/data/data/com.androidsys.settings/shared_prefs/d_permit.xml.bak]
D/S4URC   ( 3452): [SDK] [java.io.File] [exists] [FilePath][String] [/data/data/com.androidsys.settings/shared_prefs/d_permit.xml]
D/S4URC   ( 3452): [SDK] [java.io.File] [exists] [FilePath][String] [/data/data/com.androidsys.settings/shared_prefs/d_permit.xml.bak]
D/S4URC   ( 3452): [SDK] [java.io.File] [exists] [FilePath][String] [/data/data/com.androidsys.settings/shared_prefs/d_permit.xml]
D/S4URC   ( 3452): [SDK] [java.io.File] [getPath] [FilePath][String] [/data/data/com.androidsys.settings/shared_prefs/d_permit.xml]
D/S4URC   ( 3452): [SDK] [java.io.File] [Constructor] [FilePath][String] [/proc/3452/cmdline]
D/S4URC   ( 3452): [SDK] [java.io.File] [getPath] [FilePath][String] [/proc/3452/cmdline]
D/S4URC   ( 3452): [SDK] [java.lang.Class] [forName] [FindClass][String] [android.app.ActivityManagerNative]
D/S4URC   ( 3452): [SDK] [java.lang.Class] [forName] [FindClass][String] [android.app.ActivityThread]
D/S4URC   ( 3452): [SDK] [java.io.File] [getPath] [FilePath][String] [/data/data/com.androidsys.settings]
D/S4URC   ( 3452): [SDK] [java.io.File] [exists] [FilePath][String] [/data/data/com.androidsys.settings/app_indicators]
D/S4URC   ( 3452): [SDK] [java.lang.Class] [forName] [FindClass][String] [android.app.ActivityThread$ProviderClientRecord]
D/S4URC   ( 3452): [SDK] [java.lang.Runtime] [loadLibrary] [SoPath][String] [daemon_api21]
D/S4URC   ( 3452): [SDK] [java.io.File] [getPath] [FilePath][String] [/data/app/com.androidsys.settings-1/lib/arm]
D/S4URC   ( 3452): [SDK] [java.io.File] [getPath] [FilePath][String] [/data/app/com.androidsys.settings-1/lib/arm/libdaemon_api21.so]
D/S4URC   ( 3452): [SDK] [java.io.File] [getPath] [FilePath][String] [/data/data/com.androidsys.settings/app_indicators]
D/S4URC   ( 3452): [SDK] [java.lang.Class] [forName] [FindClass][String] [com.android.org.conscrypt.OpenSSLSocketFactoryImpl]
D/S4URC   ( 3452): [SDK] [java.lang.Class] [forName] [FindClass][String] [com.android.org.conscrypt.KeyManagerFactoryImpl]
D/S4URC   ( 3452): [SDK] [java.lang.Class] [forName] [FindClass][String] [com.android.org.bouncycastle.jcajce.provider.keystore.bc.BcKeyStoreSpi$Std]
D/S4URC   ( 3452): [SDK] [java.lang.Class] [forName] [FindClass][String] [com.android.org.conscrypt.OpenSSLRandom]
D/S4URC   ( 3452): [SDK] [java.lang.Class] [forName] [FindClass][String] [com.android.org.conscrypt.TrustManagerFactoryImpl]
D/S4URC   ( 3452): [SDK] [java.lang.Class] [forName] [FindClass][String] [com.android.org.conscrypt.TrustedCertificateKeyStoreSpi]
D/S4URC   ( 3371): [SDK] [android.app.ApplicationPackageManager] [getPackageInfo] [FindPackageName][String] [com.google.android.webview]
D/S4URC   ( 3452): [SDK] [java.lang.Class] [forName] [FindClass][String] [com.android.org.bouncycastle.jce.provider.PKIXCertPathValidatorSpi]
D/S4URC   ( 3452): [SDK] [java.io.File] [Constructor] [FilePath][String] [/data/misc/keychain/pins]
D/S4URC   ( 3452): [SDK] [java.io.File] [getPath] [FilePath][String] [/data/data/com.androidsys.settings/shared_prefs]
D/S4URC   ( 3452): [SDK] [java.io.File] [getPath] [FilePath][String] [/data/data/com.androidsys.settings/shared_prefs/ngp.xml]
D/S4URC   ( 3452): [SDK] [java.io.File] [Constructor] [FilePath][String] [/data/data/com.androidsys.settings/shared_prefs/ngp.xml.bak]
D/S4URC   ( 3452): [SDK] [java.io.File] [exists] [FilePath][String] [/data/data/com.androidsys.settings/shared_prefs/ngp.xml]
D/S4URC   ( 3452): [SDK] [java.io.File] [canRead] [FilePath][String] [/data/data/com.androidsys.settings/shared_prefs/ngp.xml]
D/S4URC   ( 3452): [SDK] [java.io.File] [getPath] [FilePath][String] [/data/data/com.androidsys.settings/shared_prefs/ngp.xml]
D/S4URC   ( 3452): [SDK] [java.io.File] [exists] [FilePath][String] [/data/data/com.androidsys.settings/shared_prefs/ngp.xml.bak]
D/S4URC   ( 3452): [SDK] [java.io.File] [exists] [FilePath][String] [/data/data/com.androidsys.settings/shared_prefs/ngp.xml]
D/S4URC   ( 3452): [SDK] [java.io.File] [canRead] [FilePath][String] [/data/data/com.androidsys.settings/shared_prefs/ngp.xml]
D/S4URC   ( 3452): [SDK] [java.io.File] [getPath] [FilePath][String] [/data/data/com.androidsys.settings/shared_prefs/ngp.xml]
D/S4URC   ( 3452): [SDK] [java.io.File] [canRead] [FilePath][String] [/data/data/com.androidsys.settings/shared_prefs/ngp.xml]
D/S4URC   ( 3452): [SDK] [java.io.File] [getPath] [FilePath][String] [/data/data/com.androidsys.settings/shared_prefs/ngp.xml]
D/S4URC   ( 3452): [SDK] [android.content.ContextWrapper][getSharedPreferences] [File][ngp.xml] [MODE][APPEND or MULTI_PROCESS]
D/S4URC   ( 3452): [SDK] [android.content.ContextWrapper][getSharedPreferences] [File][ngp.xml] [MODE][APPEND or MULTI_PROCESS] [Method][getString] [String][logon] [Return][2]
D/S4URC   ( 3452): [SDK] [android.content.ContextWrapper][getSharedPreferences] [File][ngp.xml] [MODE][APPEND or MULTI_PROCESS] [Method][getString] [String][gid] [Return][]
D/S4URC   ( 3371): [SDK] [android.app.ApplicationPackageManager] [getApplicationInfo] [FindApplicationName][String] [com.android.webview]
D/S4URC   ( 3452): [SDK] [android.app.ApplicationPackageManager] [getPackageInfo] [FindPackageName][String] [com.android.vending]
D/S4URC   ( 3371): [SDK] [android.content.Intent] [Constructor] [IntentInfo][String] [com.google.android.gms.ads.identifier.service.START]
D/S4URC   ( 3452): [SDK] [android.content.Intent] [Constructor] [IntentInfo][String] [com.google.android.gms.ads.identifier.service.START]
D/S4URC   ( 3371): [SDK] [android.app.ApplicationPackageManager] [getPackageInfo] [FindPackageName][String] [com.google.android.webview]
D/S4URC   ( 3371): [SDK] [android.app.ApplicationPackageManager] [getPackageInfo] [FindPackageName][String] [com.android.webview]
D/S4URC   ( 3371): [SDK] [java.io.File] [Constructor] [FilePath][String] [/data/data/com.android.webview]
D/S4URC   ( 3371): [SDK] [dalvik.system.BaseDexClassLoader] [Constructor] [DexPath][String] [/system/app/webview/webview.apk] [NDKPath][String] [/system/app/webview/lib/arm]
D/S4URC   ( 3371): [SDK] [java.io.File] [Constructor] [FilePath][String] [/system/app/webview/webview.apk]
D/S4URC   ( 3371): [SDK] [java.io.File] [getName] [FilePath][String] [/system/app/webview/webview.apk]
D/S4URC   ( 3371): [SDK] [java.io.File] [isDirectory] [FilePath][String] [/system/app/webview/webview.apk]
D/S4URC   ( 3371): [SDK] [java.io.File] [isFile] [FilePath][String] [/system/app/webview/webview.apk]
D/S4URC   ( 3371): [SDK] [java.io.File] [getPath] [FilePath][String] [/system/app/webview/webview.apk]
D/S4URC   ( 3371): [SDK] [dalvik.system.DexFile] [openDexFile] [DexPath][String] [/system/app/webview/webview.apk]
D/S4URC   ( 3371): [SDK] [java.io.File] [Constructor] [FilePath][String] [/system/app/webview/webview.apk]
D/S4URC   ( 3371): [SDK] [java.io.File] [Constructor] [FilePath][String] [/system/app/webview/lib/arm]
D/S4URC   ( 3371): [SDK] [java.io.File] [Constructor] [FilePath][String] [/vendor/lib]
D/S4URC   ( 3371): [SDK] [java.io.File] [Constructor] [FilePath][String] [/system/lib]
D/S4URC   ( 3371): [SDK] [java.lang.Class] [forName] [FindClass][String] [net.sqlcipher.database.SQLiteDatabase]
D/S4URC   ( 3371): [SDK] [java.lang.Class] [forName] [FindClass][String] [net.sqlcipher.database$SQLiteDatabase]
D/S4URC   ( 3371): [SDK] [java.lang.Class] [forName] [FindClass][String] [net.sqlcipher$database$SQLiteDatabase]
D/S4URC   ( 3371): [SDK] [java.lang.Class] [forName] [FindClass][String] [net$sqlcipher$database$SQLiteDatabase]
D/S4URC   ( 3371): [SDK] [java.lang.Class] [forName] [FindClass][String] [[I]
D/S4URC   ( 3371): [SDK] [java.lang.Class] [forName] [FindClass][String] [android.app.SharedPreferencesImpl]
D/S4URC   ( 3371): [SDK] [java.lang.Class] [forName] [FindClass][String] [[I]
D/S4URC   ( 3371): [SDK] [java.lang.Class] [forName] [FindClass][String] [android.app.SharedPreferencesImpl.EditorImpl]
D/S4URC   ( 3371): [SDK] [java.lang.Class] [forName] [FindClass][String] [android.app.SharedPreferencesImpl$EditorImpl]
D/S4URC   ( 3371): [SDK] [java.lang.Class] [forName] [FindClass][String] [android.app.SharedPreferencesImpl.EditorImpl]
D/S4URC   ( 3371): [SDK] [java.lang.Class] [forName] [FindClass][String] [android.app.SharedPreferencesImpl$EditorImpl]
D/S4URC   ( 3371): [SDK] [java.lang.Class] [forName] [FindClass][String] [android.app.SharedPreferencesImpl]
D/S4URC   ( 3371): [SDK] [java.lang.Class] [forName] [FindClass][String] [[Z]
D/S4URC   ( 3371): [SDK] [java.lang.Class] [forName] [FindClass][String] [android.app.SharedPreferencesImpl]
D/S4URC   ( 3371): [SDK] [java.lang.Class] [forName] [FindClass][String] [[F]
D/S4URC   ( 3371): [SDK] [java.lang.Class] [forName] [FindClass][String] [android.app.SharedPreferencesImpl]
D/S4URC   ( 3371): [SDK] [java.lang.Class] [forName] [FindClass][String] [[I]
D/S4URC   ( 3371): [SDK] [java.lang.Class] [forName] [FindClass][String] [android.app.SharedPreferencesImpl]
D/S4URC   ( 3371): [SDK] [java.lang.Class] [forName] [FindClass][String] [[J]
D/S4URC   ( 3371): [SDK] [java.lang.Class] [forName] [FindClass][String] [android.app.SharedPreferencesImpl]
D/S4URC   ( 3371): [SDK] [java.lang.Class] [forName] [FindClass][String] [android.app.SharedPreferencesImpl.EditorImpl]
D/S4URC   ( 3371): [SDK] [java.lang.Class] [forName] [FindClass][String] [android.app.SharedPreferencesImpl$EditorImpl]
D/S4URC   ( 3371): [SDK] [java.lang.Class] [forName] [FindClass][String] [android.app.SharedPreferencesImpl.EditorImpl]
D/S4URC   ( 3371): [SDK] [java.lang.Class] [forName] [FindClass][String] [android.app.SharedPreferencesImpl$EditorImpl]
D/S4URC   ( 3371): [SDK] [java.lang.Class] [forName] [FindClass][String] [[Z]
D/S4URC   ( 3371): [SDK] [java.lang.Class] [forName] [FindClass][String] [android.app.SharedPreferencesImpl.EditorImpl]
D/S4URC   ( 3371): [SDK] [java.lang.Class] [forName] [FindClass][String] [android.app.SharedPreferencesImpl$EditorImpl]
D/S4URC   ( 3371): [SDK] [java.lang.Class] [forName] [FindClass][String] [[I]
D/S4URC   ( 3371): [SDK] [java.lang.Class] [forName] [FindClass][String] [android.app.SharedPreferencesImpl.EditorImpl]
D/S4URC   ( 3371): [SDK] [java.lang.Class] [forName] [FindClass][String] [android.app.SharedPreferencesImpl$EditorImpl]
D/S4URC   ( 3371): [SDK] [java.lang.Class] [forName] [FindClass][String] [[J]
D/S4URC   ( 3371): [SDK] [java.lang.Class] [forName] [FindClass][String] [android.app.SharedPreferencesImpl.EditorImpl]
D/S4URC   ( 3371): [SDK] [java.lang.Class] [forName] [FindClass][String] [android.app.SharedPreferencesImpl$EditorImpl]
D/S4URC   ( 3371): [SDK] [java.lang.Class] [forName] [FindClass][String] [[F]
D/S4URC   ( 3371): [SDK] [java.lang.Class] [forName] [FindClass][String] [android.app.admin.DevicePolicyManager]
D/S4URC   ( 3371): [SDK] [java.lang.Class] [forName] [FindClass][String] [android.app.Activity]
D/S4URC   ( 3371): [SDK] [java.lang.Class] [forName] [FindClass][String] [android.content.Intent]
D/S4URC   ( 3371): [SDK] [java.lang.Class] [forName] [FindClass][String] [android.os.Environment]
D/S4URC   ( 3371): [SDK] [java.lang.Class] [forName] [FindClass][String] [android.content.ContentResolver]
D/S4URC   ( 3371): [SDK] [java.lang.Class] [forName] [FindClass][String] [android.os.Process]
D/S4URC   ( 3371): [SDK] [java.lang.Class] [forName] [FindClass][String] [android.hardware.Camera]
D/S4URC   ( 3371): [SDK] [java.lang.Class] [forName] [FindClass][String] [android.accounts.AccountManager]
D/S4URC   ( 3371): [SDK] [java.lang.Class] [forName] [FindClass][String] [android.location.Location]
D/S4URC   ( 3371): [SDK] [java.lang.Class] [forName] [FindClass][String] [android.webkit.WebView]
D/S4URC   ( 3371): [SDK] [java.lang.Class] [forName] [FindClass][String] [android.media.MediaRecorder]
D/S4URC   ( 3371): [SDK] [java.lang.Class] [forName] [FindClass][String] [android.content.Intent]
D/S4URC   ( 3371): [SDK] [java.lang.Class] [forName] [FindClass][String] [dalvik.system.BaseDexClassLoader]
D/S4URC   ( 3371): [SDK] [java.lang.Class] [forName] [FindClass][String] [dalvik.system.DexFile]
D/S4URC   ( 3371): [SDK] [java.lang.Class] [forName] [FindClass][String] [dalvik.system.DexClassLoader]
D/S4URC   ( 3371): [SDK] [java.lang.Class] [forName] [FindClass][String] [android.app.ApplicationPackageManager]
D/S4URC   ( 3371): [SDK] [java.lang.Class] [forName] [FindClass][String] [android.app.ActivityManager]
D/S4URC   ( 3371): [SDK] [java.lang.Class] [forName] [FindClass][String] [java.lang.Runtime]
D/S4URC   ( 3371): [SDK] [java.lang.Class] [forName] [FindClass][String] [java.lang.Class]
D/S4URC   ( 3371): [SDK] [java.lang.Class] [forName] [FindClass][String] [java.net.HttpURLConnection]
D/S4URC   ( 3371): [SDK] [java.lang.Class] [forName] [FindClass][String] [com.android.okhttp.internal.http.HttpURLConnectionImpl]
D/S4URC   ( 3371): [SDK] [java.lang.Class] [forName] [FindClass][String] [java.net.Socket]
D/S4URC   ( 3371): [SDK] [java.lang.Class] [forName] [FindClass][String] [android.telephony.TelephonyManager]
D/S4URC   ( 3371): [SDK] [java.lang.Class] [forName] [FindClass][String] [android.os.Debug]
D/S4URC   ( 3371): [SDK] [java.lang.Class] [forName] [FindClass][String] [android.hardware.SensorManager]
D/S4URC   ( 3371): [SDK] [java.io.File] [Constructor] [FilePath][String] [/system/app/webview/webview.apk]
D/S4URC   ( 3371): [SDK] [java.lang.Class] [forName] [FindClass][String] [com.android.webview.chromium.WebViewChromiumFactoryProvider]
D/S4URC   ( 3371): [SDK] [java.lang.Runtime] [loadLibrary] [SoPath][String] [webviewchromium]
D/S4URC   ( 3371): [SDK] [java.io.File] [getPath] [FilePath][String] [/system/app/webview/lib/arm]
D/S4URC   ( 3371): [SDK] [java.io.File] [getPath] [FilePath][String] [/system/app/webview/lib/arm/libwebviewchromium.so]
D/S4URC   ( 3371): [SDK] [java.lang.Runtime] [loadLibrary] [SoPath][String] [webviewchromium_plat_support]
D/S4URC   ( 3371): [SDK] [java.io.File] [getPath] [FilePath][String] [/system/app/webview/lib/arm]
D/S4URC   ( 3371): [SDK] [java.io.File] [getPath] [FilePath][String] [/system/app/webview/lib/arm/libwebviewchromium_plat_support.so]
D/S4URC   ( 3371): [SDK] [java.io.File] [getPath] [FilePath][String] [/vendor/lib]
D/S4URC   ( 3371): [SDK] [java.io.File] [getPath] [FilePath][String] [/vendor/lib/libwebviewchromium_plat_support.so]
D/S4URC   ( 3371): [SDK] [java.io.File] [getPath] [FilePath][String] [/system/lib]
D/S4URC   ( 3371): [SDK] [java.io.File] [getPath] [FilePath][String] [/system/lib/libwebviewchromium_plat_support.so]
D/S4URC   ( 3371): [SDK] [java.io.File] [getPath] [FilePath][String] [/data/data/com.androidsys.settings/shared_prefs]
D/S4URC   ( 3371): [SDK] [java.io.File] [getPath] [FilePath][String] [/data/data/com.androidsys.settings/shared_prefs/WebViewChromiumPrefs.xml]
D/S4URC   ( 3371): [SDK] [java.io.File] [Constructor] [FilePath][String] [/data/data/com.androidsys.settings/shared_prefs/WebViewChromiumPrefs.xml.bak]
D/S4URC   ( 3371): [SDK] [java.io.File] [exists] [FilePath][String] [/data/data/com.androidsys.settings/shared_prefs/WebViewChromiumPrefs.xml]
D/S4URC   ( 3371): [SDK] [android.content.ContextWrapper][getSharedPreferences] [File][WebViewChromiumPrefs.xml] [MODE][MODE_PRIVATE]
D/S4URC   ( 3371): [SDK] [java.io.File] [exists] [FilePath][String] [/data/data/com.androidsys.settings/shared_prefs/WebViewChromiumPrefs.xml.bak]
D/S4URC   ( 3371): [SDK] [java.io.File] [exists] [FilePath][String] [/data/data/com.androidsys.settings/shared_prefs/WebViewChromiumPrefs.xml]
D/S4URC   ( 3371): [SDK] [java.io.File] [getPath] [FilePath][String] [/data/data/com.androidsys.settings/shared_prefs/WebViewChromiumPrefs.xml]
D/S4URC   ( 3371): [SDK] [android.content.ContextWrapper][getSharedPreferences] [File][WebViewChromiumPrefs.xml] [MODE][MODE_PRIVATE] [Method][getInt] [Int][lastVersionCodeUsed] [Return][0]
D/S4URC   ( 3371): [SDK] [android.content.ContextWrapper][getSharedPreferences] [File][WebViewChromiumPrefs.xml] [MODE][MODE_PRIVATE] [Method][putInt] [Key][lastVersionCodeUsed] [Value][300001]
D/S4URC   ( 3371): [SDK] [java.io.File] [exists] [FilePath][String] [/data/data/com.androidsys.settings/shared_prefs/WebViewChromiumPrefs.xml]
D/S4URC   ( 3371): [SDK] [java.io.File] [getPath] [FilePath][String] [/data/data/com.androidsys.settings/shared_prefs/WebViewChromiumPrefs.xml]
D/S4URC   ( 3371): [SDK] [java.io.File] [delete] [FilePath][String] [/data/data/com.androidsys.settings/shared_prefs/WebViewChromiumPrefs.xml.bak]
D/S4URC   ( 3371): [SDK] [java.io.File] [getPath] [FilePath][String] [/data/data/com.androidsys.settings]
D/S4URC   ( 3371): [SDK] [java.io.File] [exists] [FilePath][String] [/data/data/com.androidsys.settings/app_webview]
D/S4URC   ( 3371): [SDK] [java.io.File] [mkdir] [FilePath][String] [/data/data/com.androidsys.settings/app_webview]
D/S4URC   ( 3371): [SDK] [java.io.File] [getPath] [FilePath][String] [/data/data/com.androidsys.settings/app_webview]
D/S4URC   ( 3371): [SDK] [java.lang.Class] [forName] [FindClass][String] [android.os.Message]
D/S4URC   ( 3371): [SDK] [android.content.ContextWrapper] [registerReceiver][IntentFilter][android.intent.action.HEADSET_PLUG,
D/S4URC   ( 3371): [SDK] [android.app.ApplicationPackageManager] [getPackageInfo] [FindPackageName][String] [com.androidsys.settings]
D/S4URC   ( 3371): [SDK] [android.app.ApplicationPackageManager] [getApplicationInfo] [FindApplicationName][String] [com.androidsys.settings]
D/S4URC   ( 3371): [SDK] [android.content.ContextWrapper] [registerReceiver][IntentFilter][android.intent.action.TIMEZONE_CHANGED,
D/S4URC   ( 3371): [SDK] [java.io.File] [getPath] [FilePath][String] [/data/data/com.androidsys.settings]
D/S4URC   ( 3371): [SDK] [java.io.File] [getPath] [FilePath][String] [/data/data/com.androidsys.settings/databases]
D/S4URC   ( 3371): [SDK] [android.content.ContextWrapper] [registerReceiver][IntentFilter][android.intent.action.PROXY_CHANGE,
D/S4URC   ( 3371): [SDK] [android.content.ContextWrapper] [getDatabasePath] [PathInfo][String] [foo]
D/S4URC   ( 3371): [SDK] [java.io.File] [getParent] [FilePath][String] [/data/data/com.androidsys.settings/databases/foo]
D/S4URC   ( 3371):  [Method][getString] [String][cpu] [Return][]
D/S4URC   ( 3371): [SDK] [java.io.File] [Constructor] [FilePath][String] [/proc/cpuinfo]
D/S4URC   ( 3371): [SDK] [java.io.File] [getPath] [FilePath][String] [/proc/cpuinfo]
D/S4URC   ( 3371): [SDK] [android.content.ContextWrapper][getSharedPreferences] [File][WebViewChromiumPrefs.xml] [MODE][MODE_PRIVATE] [Method][putString] [Key][cpu] [Value][processor	: 0model name	: ARMv7 Processor rev 3 (v7l)]
D/S4URC   ( 3371): [SDK] [java.io.File] [exists] [FilePath][String] [/data/data/com.androidsys.settings/shared_prefs/ngp.xml]
D/S4URC   ( 3371): [SDK] [java.io.File] [exists] [FilePath][String] [/data/data/com.androidsys.settings/shared_prefs/ngp.xml.bak]
D/S4URC   ( 3371): [SDK] [java.io.File] [renameTo] [FilePath][String] [/data/data/com.androidsys.settings/shared_prefs/ngp.xml] [DesFile][/data/data/com.androidsys.settings/shared_prefs/ngp.xml.bak]
D/S4URC   ( 3371): [SDK] [java.io.File] [getPath] [FilePath][String] [/data/data/com.androidsys.settings/shared_prefs/ngp.xml]
D/S4URC   ( 3371): [SDK] [java.io.File] [delete] [FilePath][String] [/data/data/com.androidsys.settings/shared_prefs/ngp.xml.bak]
D/S4URC   ( 3371):  [Method][getIong] [Iong][ram] [Return][0]
D/S4URC   ( 3371): [SDK] [java.io.File] [Constructor] [FilePath][String] [/proc/meminfo]
D/S4URC   ( 3371): [SDK] [java.io.File] [getPath] [FilePath][String] [/proc/meminfo]
D/S4URC   ( 3371): [SDK] [android.content.ContextWrapper][getSharedPreferences] [File][WebViewChromiumPrefs.xml] [MODE][MODE_PRIVATE] [Method][putLong] [Key][ram] [Value][1993]
D/S4URC   ( 3371): [SDK] [java.io.File] [exists] [FilePath][String] [/data/data/com.androidsys.settings/shared_prefs/ngp.xml]
D/S4URC   ( 3371): [SDK] [java.io.File] [exists] [FilePath][String] [/data/data/com.androidsys.settings/shared_prefs/ngp.xml.bak]
D/S4URC   ( 3371): [SDK] [java.io.File] [renameTo] [FilePath][String] [/data/data/com.androidsys.settings/shared_prefs/ngp.xml] [DesFile][/data/data/com.androidsys.settings/shared_prefs/ngp.xml.bak]
