D/S4URC   ( 2486): [SDK] [android.database.sqlite.SQLiteDatabase] [execSQL] [ExecInfo][String] [create table if not exists filetab(_id integer primary key autoincrement,name text,path text,refNum integer default 0,refTime integer default 0,isSI integer default 0)]
D/S4URC   ( 2486): [NDK] [SYSCALL] [access] [PATH][string] [/data/data/com.vm.midnightmovie/databases/baidu_cvm-journal]
D/S4URC   ( 2486): [NDK] [SYSCALL] [stat] [PATH][string] [/data/data/com.vm.midnightmovie/databases/baidu_cvm-journal]
D/S4URC   ( 2486): [NDK] [SYSCALL] [stat] [PATH][string] [/data/data/com.vm.midnightmovie/databases/baidu_cvm]
D/S4URC   ( 2486): [NDK] [SYSCALL] [open] [PATH][string] [/data/data/com.vm.midnightmovie/databases/baidu_cvm-journal] [RETURN][int] [97]
D/S4URC   ( 2486): [NDK] [SYSCALL] [access] [PATH][string] [/data/data/com.vm.midnightmovie/databases/baidu_cvm-wal]
D/S4URC   ( 2486): [SDK] [android.database.sqlite.SQLiteDatabase] [query] [queryInfo][String] [SELECT][ABS(426416-refTime) as a,*] [FROM][filetab]
D/S4URC   ( 2486): [SDK] [java.io.File] [Constructor] [FilePath][String] [/storage/sdcard0/Android/data/locat/locCache/app/]
D/S4URC   ( 2486): [SDK] [java.io.File] [exists] [FilePath][String] [/storage/sdcard0/Android/data/locat/locCache/app]
D/S4URC   ( 2486): [NDK] [SYSCALL] [access] [PATH][string] [/storage/sdcard0/Android/data/locat/locCache/app]
D/S4URC   ( 2486): [SDK] [android.content.ContextWrapper][getSharedPreferences] [File][pp.xml] [MODE][MODE_PRIVATE]
D/S4URC   ( 2486): [SDK] [android.content.ContextWrapper][getSharedPreferences] [File][pp.xml] [MODE][MODE_PRIVATE] [Method][getIong] [Iong][prefbm_l_hb_t] [Return][0]
D/S4URC   ( 2486): [SDK] [android.content.ContextWrapper] [registerReceiver][IntentFilter][android.net.conn.CONNECTIVITY_CHANGE,android.intent.action.USER_PRESENT,android.intent.action.SCREEN_OFF,android.intent.action.SCREEN_ON,
D/S4URC   ( 2486): [SDK] [android.content.ContextWrapper] [registerReceiver][IntentFilter][android.intent.action.PACKAGE_ADDED,android.intent.action.PACKAGE_CHANGED,android.intent.action.PACKAGE_REPLACED,android.intent.action.PACKAGE_REMOVED,
D/S4URC   ( 2486): [NDK] [SYSCALL] [access] [PATH][string] [/data/data/com.vm.midnightmovie/databases/baidu_cvm-journal]
D/S4URC   ( 2486): [NDK] [SYSCALL] [stat] [PATH][string] [/data/data/com.vm.midnightmovie/databases/baidu_cvm-journal]
D/S4URC   ( 2486): [NDK] [SYSCALL] [stat] [PATH][string] [/data/data/com.vm.midnightmovie/databases/baidu_cvm]
D/S4URC   ( 2486): [NDK] [SYSCALL] [open] [PATH][string] [/data/data/com.vm.midnightmovie/databases/baidu_cvm-journal] [RETURN][int] [97]
D/S4URC   ( 2486): [NDK] [SYSCALL] [access] [PATH][string] [/data/data/com.vm.midnightmovie/databases/baidu_cvm-wal]
D/S4URC   ( 2486): [SDK] [android.database.sqlite.SQLiteDatabase] [query] [queryInfo][String] [SELECT][] [FROM][appinfo]
D/S4URC   ( 2486): [SDK] [android.content.ContextWrapper] [registerReceiver][IntentFilter][android.net.conn.CONNECTIVITY_CHANGE,
D/S4URC   ( 2486): [SDK] [java.io.File] [getPath] [FilePath][String] [/data/data/com.vm.midnightmovie/shared_prefs]
D/S4URC   ( 2486): [SDK] [java.io.File] [getPath] [FilePath][String] [/data/data/com.vm.midnightmovie/shared_prefs/recommend.xml]
D/S4URC   ( 2486): [SDK] [java.io.File] [Constructor] [FilePath][String] [/data/data/com.vm.midnightmovie/shared_prefs/recommend.xml.bak]
D/S4URC   ( 2486): [SDK] [java.io.File] [exists] [FilePath][String] [/data/data/com.vm.midnightmovie/shared_prefs/recommend.xml]
D/S4URC   ( 2486): [NDK] [SYSCALL] [access] [PATH][string] [/data/data/com.vm.midnightmovie/shared_prefs/recommend.xml]
D/S4URC   ( 2486): [SDK] [java.io.File] [exists] [FilePath][String] [/data/data/com.vm.midnightmovie/shared_prefs/recommend.xml]
D/S4URC   ( 2486): [NDK] [SYSCALL] [access] [PATH][string] [/data/data/com.vm.midnightmovie/shared_prefs/recommend.xml]
D/S4URC   ( 2486): [SDK] [java.io.File] [exists] [FilePath][String] [/data/data/com.vm.midnightmovie/shared_prefs/recommend.xml.bak]
D/S4URC   ( 2486): [SDK] [android.content.ContextWrapper][getSharedPreferences] [File][recommend.xml] [MODE][MODE_PRIVATE]
D/S4URC   ( 2486): [NDK] [SYSCALL] [access] [PATH][string] [/data/data/com.vm.midnightmovie/shared_prefs/recommend.xml.bak]
D/S4URC   ( 2486): [SDK] [java.io.File] [exists] [FilePath][String] [/data/data/com.vm.midnightmovie/shared_prefs/recommend.xml]
D/S4URC   ( 2486): [NDK] [SYSCALL] [access] [PATH][string] [/data/data/com.vm.midnightmovie/shared_prefs/recommend.xml]
D/S4URC   ( 2486): [SDK] [java.io.File] [getPath] [FilePath][String] [/data/data/com.vm.midnightmovie/shared_prefs/recommend.xml]
D/S4URC   ( 2486): [NDK] [SYSCALL] [stat] [PATH][string] [/data/data/com.vm.midnightmovie/shared_prefs/recommend.xml]
D/S4URC   ( 2486): [SDK] [android.content.ContextWrapper][getSharedPreferences] [File][recommend.xml] [MODE][MODE_PRIVATE] [Method][getString] [String][json] [Return][]
D/S4URC   ( 2486): [SDK] [java.io.File] [getPath] [FilePath][String] [/data/data/com.vm.midnightmovie]
D/S4URC   ( 2486): [SDK] [java.io.File] [exists] [FilePath][String] [/data/data/com.vm.midnightmovie/app_libs]
D/S4URC   ( 2486): [NDK] [SYSCALL] [access] [PATH][string] [/data/data/com.vm.midnightmovie/app_libs]
D/S4URC   ( 2486): [SDK] [java.io.File] [mkdir] [FilePath][String] [/data/data/com.vm.midnightmovie/app_libs]
D/S4URC   ( 2486): [NDK] [SYSCALL] [mkdir] [PATH][string] [/data/data/com.vm.midnightmovie/app_libs] [MODE][int] [0700]
D/S4URC   ( 2486): [SDK] [java.io.File] [getPath] [FilePath][String] [/data/data/com.vm.midnightmovie/app_libs]
D/S4URC   ( 2486): [NDK] [SYSCALL] [chmod] [PATH][string] [/data/data/com.vm.midnightmovie/app_libs] [MODE][int] [0771]
D/S4URC   ( 2486): [SDK] [java.io.File] [Constructor] [FilePath][String] [/data/data/com.vm.midnightmovie/app_libs/]
D/S4URC   ( 2486): [SDK] [java.io.File] [getPath] [FilePath][String] [/data/data/com.vm.midnightmovie/app_libs]
D/S4URC   ( 2486): [SDK] [java.io.File] [exists] [FilePath][String] [/data/data/com.vm.midnightmovie/app_libs/libloc.so]
D/S4URC   ( 2486): [NDK] [SYSCALL] [access] [PATH][string] [/data/data/com.vm.midnightmovie/app_libs/libloc.so]
D/S4URC   ( 2486): [SDK] [java.io.File] [getPath] [FilePath][String] [/data/data/com.vm.midnightmovie/app_libs/libloc.so]
D/S4URC   ( 2486): [SDK] [android.content.ContextWrapper] [registerReceiver][IntentFilter][com.android.uninstall.watch,
D/S4URC   ( 2486): [SDK] [java.io.File] [Constructor] [FilePath][String] [/data/data/com.vm.midnightmovie/app_libs/libloc.so]
D/S4URC   ( 2486): [SDK] [java.io.File] [exists] [FilePath][String] [/data/data/com.vm.midnightmovie/app_libs/libloc.so]
D/S4URC   ( 2486): [NDK] [SYSCALL] [access] [PATH][string] [/data/data/com.vm.midnightmovie/app_libs/libloc.so]
D/S4URC   ( 2486): [SDK] [android.content.ContextWrapper][getSharedPreferences] [File][pp.xml] [MODE][MODE_PRIVATE]
D/S4URC   ( 2486): [SDK] [android.content.ContextWrapper][getSharedPreferences] [File][pp.xml] [MODE][MODE_PRIVATE] [Method][getBoolean] [Boolean][plat_SUIS] [Return][false]
D/S4URC   ( 2486): [SDK] [android.content.ContextWrapper][getSharedPreferences] [File][pp.xml] [MODE][MODE_PRIVATE]
D/S4URC   ( 2486): [SDK] [android.content.ContextWrapper][getSharedPreferences] [File][pp.xml] [MODE][MODE_PRIVATE] [Method][getIong] [Iong][pl_cycle] [Return][180000]
D/S4URC   ( 2486): [SDK] [java.io.File] [getPath] [FilePath][String] [/data/data/com.vm.midnightmovie/shared_prefs]
D/S4URC   ( 2486): [SDK] [java.io.File] [getPath] [FilePath][String] [/data/data/com.vm.midnightmovie/shared_prefs/strategyInfo.xml]
D/S4URC   ( 2486): [SDK] [java.io.File] [Constructor] [FilePath][String] [/data/data/com.vm.midnightmovie/shared_prefs/strategyInfo.xml.bak]
D/S4URC   ( 2486): [SDK] [java.io.File] [exists] [FilePath][String] [/data/data/com.vm.midnightmovie/shared_prefs/strategyInfo.xml]
D/S4URC   ( 2486): [NDK] [SYSCALL] [access] [PATH][string] [/data/data/com.vm.midnightmovie/shared_prefs/strategyInfo.xml]
D/S4URC   ( 2486): [SDK] [java.io.File] [exists] [FilePath][String] [/data/data/com.vm.midnightmovie/shared_prefs/strategyInfo.xml]
D/S4URC   ( 2486): [NDK] [SYSCALL] [access] [PATH][string] [/data/data/com.vm.midnightmovie/shared_prefs/strategyInfo.xml]
D/S4URC   ( 2486): [SDK] [android.content.ContextWrapper][getSharedPreferences] [File][strategyInfo.xml] [MODE][MODE_PRIVATE]
D/S4URC   ( 2486): [SDK] [java.io.File] [exists] [FilePath][String] [/data/data/com.vm.midnightmovie/shared_prefs/strategyInfo.xml.bak]
D/S4URC   ( 2486): [NDK] [SYSCALL] [access] [PATH][string] [/data/data/com.vm.midnightmovie/shared_prefs/strategyInfo.xml.bak]
D/S4URC   ( 2486): [SDK] [java.io.File] [exists] [FilePath][String] [/data/data/com.vm.midnightmovie/shared_prefs/strategyInfo.xml]
D/S4URC   ( 2486): [NDK] [SYSCALL] [access] [PATH][string] [/data/data/com.vm.midnightmovie/shared_prefs/strategyInfo.xml]
D/S4URC   ( 2486): [SDK] [java.io.File] [getPath] [FilePath][String] [/data/data/com.vm.midnightmovie/shared_prefs/strategyInfo.xml]
D/S4URC   ( 2486): [NDK] [SYSCALL] [stat] [PATH][string] [/data/data/com.vm.midnightmovie/shared_prefs/strategyInfo.xml]
D/S4URC   ( 2486): [SDK] [android.content.ContextWrapper][getSharedPreferences] [File][strategyInfo.xml] [MODE][MODE_PRIVATE] [Method][getIong] [Iong][float_delay] [Return][-1]
D/S4URC   ( 2786): [SDK] [java.lang.Runtime] [exec] [Command][String] [ambroadcast--user0-acom.android.uninstall.watch]
D/S4URC   ( 2486): [SDK] [android.telephony.TelephonyManager] [getSubscriberId]
D/S4URC   ( 2793): [NDK] [SYSCALL] [getdents] [PATH][string] [.]
D/S4URC   ( 2786): [SDK] [java.io.File] [getPath] [FilePath][String] [/data/data/com.vm.midnightmovie/shared_prefs]
D/S4URC   ( 2786): [SDK] [java.io.File] [getPath] [FilePath][String] [/data/data/com.vm.midnightmovie/shared_prefs/strategyInfo.xml]
D/S4URC   ( 2786): [SDK] [java.io.File] [Constructor] [FilePath][String] [/data/data/com.vm.midnightmovie/shared_prefs/strategyInfo.xml.bak]
D/S4URC   ( 2786): [SDK] [java.io.File] [exists] [FilePath][String] [/data/data/com.vm.midnightmovie/shared_prefs/strategyInfo.xml]
D/S4URC   ( 2786): [NDK] [SYSCALL] [access] [PATH][string] [/data/data/com.vm.midnightmovie/shared_prefs/strategyInfo.xml]
D/S4URC   ( 2786): [SDK] [java.io.File] [exists] [FilePath][String] [/data/data/com.vm.midnightmovie/shared_prefs/strategyInfo.xml]
D/S4URC   ( 2786): [NDK] [SYSCALL] [access] [PATH][string] [/data/data/com.vm.midnightmovie/shared_prefs/strategyInfo.xml]
D/S4URC   ( 2786): [SDK] [android.content.ContextWrapper][getSharedPreferences] [File][strategyInfo.xml] [MODE][MODE_PRIVATE]
D/S4URC   ( 2786): [SDK] [java.io.File] [exists] [FilePath][String] [/data/data/com.vm.midnightmovie/shared_prefs/strategyInfo.xml.bak]
D/S4URC   ( 2786): [NDK] [SYSCALL] [access] [PATH][string] [/data/data/com.vm.midnightmovie/shared_prefs/strategyInfo.xml.bak]
D/S4URC   ( 2786): [SDK] [java.io.File] [exists] [FilePath][String] [/data/data/com.vm.midnightmovie/shared_prefs/strategyInfo.xml]
D/S4URC   ( 2786): [NDK] [SYSCALL] [access] [PATH][string] [/data/data/com.vm.midnightmovie/shared_prefs/strategyInfo.xml]
D/S4URC   ( 2786): [SDK] [java.io.File] [getPath] [FilePath][String] [/data/data/com.vm.midnightmovie/shared_prefs/strategyInfo.xml]
D/S4URC   ( 2786): [NDK] [SYSCALL] [stat] [PATH][string] [/data/data/com.vm.midnightmovie/shared_prefs/strategyInfo.xml]
D/S4URC   ( 2786): [SDK] [android.content.ContextWrapper][getSharedPreferences] [File][strategyInfo.xml] [MODE][MODE_PRIVATE] [Method][getIong] [Iong][xz_interval] [Return][40000]
D/S4URC   ( 2786): [SDK] [java.lang.Runtime] [exec] [Command][String] [amstartservice--user0-ncom.vm.midnightmovie/com.litchi.service.LauncherService]
D/S4URC   ( 2797): [NDK] [SYSCALL] [getdents] [PATH][string] [.]
D/S4URC   ( 2486): [SDK] [android.telephony.TelephonyManager] [getSubscriberId]
D/S4URC   ( 2486): [SDK] [java.io.File] [Constructor] [FilePath][String] [/proc/cpuinfo]
D/S4URC   ( 2486): [SDK] [java.io.File] [getPath] [FilePath][String] [/proc/cpuinfo]
D/S4URC   ( 2486): [NDK] [SYSCALL] [open] [PATH][string] [/proc/cpuinfo] [RETURN][int] [96]
D/S4URC   ( 2486): [SDK] [android.telephony.TelephonyManager] [getLine1Number]
D/S4URC   ( 2486): [SDK] [android.app.ApplicationPackageManager] [getPackageInfo] [FindPackageName][String] [com.vm.midnightmovie]
D/S4URC   ( 2486): [SDK] [android.app.ApplicationPackageManager] [getApplicationInfo] [FindApplicationName][String] [com.vm.midnightmovie]
D/S4URC   ( 2486): [SDK] [java.lang.Class] [forName] [FindClass][String] [java.util.Map]
D/S4URC   ( 2486): [SDK] [java.lang.Class] [forName] [FindClass][String] [java.lang.String]
D/S4URC   ( 2486): [SDK] [java.lang.Class] [forName] [FindClass][String] [java.lang.Long]
D/S4URC   ( 2486): [SDK] [java.lang.Class] [forName] [FindClass][String] [java.util.Set]
D/S4URC   ( 2486): [SDK] [java.lang.Class] [forName] [FindClass][String] [java.util.Collection]
D/S4URC   ( 2486): [SDK] [java.lang.Class] [forName] [FindClass][String] [java.util.Map]
D/S4URC   ( 2486): [SDK] [java.lang.Class] [forName] [FindClass][String] [java.lang.String]
D/S4URC   ( 2486): [SDK] [java.lang.Class] [forName] [FindClass][String] [java.lang.Long]
D/S4URC   ( 2486): [SDK] [java.lang.Class] [forName] [FindClass][String] [java.util.Set]
D/S4URC   ( 2486): [SDK] [java.lang.Class] [forName] [FindClass][String] [java.util.Map]
D/S4URC   ( 2486): [SDK] [java.lang.Class] [forName] [FindClass][String] [java.lang.String]
D/S4URC   ( 2486): [SDK] [java.lang.Class] [forName] [FindClass][String] [java.lang.Long]
D/S4URC   ( 2486): [SDK] [java.lang.Class] [forName] [FindClass][String] [java.util.List]
D/S4URC   ( 2486): [SDK] [java.lang.Class] [forName] [FindClass][String] [java.lang.String]
D/S4URC   ( 2486): [SDK] [java.lang.Class] [forName] [FindClass][String] [java.util.Collection]
D/S4URC   ( 2486): [SDK] [java.lang.Class] [forName] [FindClass][String] [java.util.List]
D/S4URC   ( 2486): [SDK] [java.lang.Class] [forName] [FindClass][String] [java.lang.String]
D/S4URC   ( 2486): [SDK] [java.lang.Class] [forName] [FindClass][String] [java.util.List]
D/S4URC   ( 2486): [SDK] [java.lang.Class] [forName] [FindClass][String] [java.lang.String]
D/S4URC   ( 2486): [SDK] [android.app.ApplicationPackageManager] [getApplicationInfo] [FindApplicationName][String] [com.vm.midnightmovie]
D/S4URC   ( 2486): [SDK] [java.io.File] [getPath] [FilePath][String] [/data/data/com.vm.midnightmovie]
D/S4URC   ( 2486): [SDK] [java.io.File] [exists] [FilePath][String] [/data/data/com.vm.midnightmovie/cache]
D/S4URC   ( 2486): [NDK] [SYSCALL] [access] [PATH][string] [/data/data/com.vm.midnightmovie/cache]
D/S4URC   ( 2486): [SDK] [java.io.File] [getPath] [FilePath][String] [/data/data/com.vm.midnightmovie/cache]
D/S4URC   ( 2486): [SDK] [android.app.ApplicationPackageManager] [getPackageInfo] [FindPackageName][String] [com.vm.midnightmovie]
D/S4URC   ( 2486): [SDK] [java.io.File] [exists] [FilePath][String] [/data/data/com.vm.midnightmovie/cache/volley]
D/S4URC   ( 2486): [NDK] [SYSCALL] [access] [PATH][string] [/data/data/com.vm.midnightmovie/cache/volley]
D/S4URC   ( 2486): [SDK] [java.io.File] [mkdirs] [FilePath][String] [/data/data/com.vm.midnightmovie/cache/volley]
D/S4URC   ( 2486): [NDK] [SYSCALL] [mkdir] [PATH][string] [/data/data/com.vm.midnightmovie/cache/volley] [MODE][int] [0700]
D/S4URC   ( 2486): [SDK] [java.net] [HttpURLConnection] [URL][String] [http://pushsdk.bsharktech.com:9898/bsph/api/getPushData.shtml]
D/S4URC   ( 2486): [SDK] [java.net] [HttpURLConnection] [Request][Method] [POST] [URL][String] [http://pushsdk.bsharktech.com:9898/bsph/api/getPushData.shtml]
D/S4URC   ( 2486): [SDK] [java.net] [HttpURLConnection] [URL][String] [http://v4api.android258.com:9004/api/getCfg.jsp]
D/S4URC   ( 2486): [SDK] [android.content.ContextWrapper][getSharedPreferences] [File][pp.xml] [MODE][MODE_PRIVATE]
D/S4URC   ( 2486): [SDK] [android.content.ContextWrapper][getSharedPreferences] [File][pp.xml] [MODE][MODE_PRIVATE] [Method][getInt] [Int][plat_unc] [Return][0]
D/S4URC   ( 2486): [SDK] [android.content.ContextWrapper][getSharedPreferences] [File][pp.xml] [MODE][MODE_PRIVATE]
D/S4URC   ( 2486): [SDK] [android.content.ContextWrapper][getSharedPreferences] [File][pp.xml] [MODE][MODE_PRIVATE] [Method][putInt] [Key][plat_unc] [Value][1]
D/S4URC   ( 2486): [SDK] [java.io.File] [exists] [FilePath][String] [/data/data/com.vm.midnightmovie/shared_prefs/pp.xml]
D/S4URC   ( 2486): [NDK] [SYSCALL] [access] [PATH][string] [/data/data/com.vm.midnightmovie/shared_prefs/pp.xml]
D/S4URC   ( 2486): [SDK] [java.io.File] [exists] [FilePath][String] [/data/data/com.vm.midnightmovie/shared_prefs/pp.xml.bak]
D/S4URC   ( 2486): [NDK] [SYSCALL] [access] [PATH][string] [/data/data/com.vm.midnightmovie/shared_prefs/pp.xml.bak]
D/S4URC   ( 2486): [SDK] [java.io.File] [renameTo] [FilePath][String] [/data/data/com.vm.midnightmovie/shared_prefs/pp.xml] [DesFile][/data/data/com.vm.midnightmovie/shared_prefs/pp.xml.bak]
D/S4URC   ( 2486): [NDK] [SYSCALL] [rename] [ORIG_PATH][string] [/data/data/com.vm.midnightmovie/shared_prefs/pp.xml] [NEW_PATH][string] [/data/data/com.vm.midnightmovie/shared_prefs/pp.xml.bak]
D/S4URC   ( 2486): [SDK] [java.io.File] [getPath] [FilePath][String] [/data/data/com.vm.midnightmovie/shared_prefs/pp.xml]
D/S4URC   ( 2486): [NDK] [SYSCALL] [open] [PATH][string] [/data/data/com.vm.midnightmovie/shared_prefs/pp.xml] [RETURN][int] [90]
D/S4URC   ( 2568): [SDK] [java.io.File] [getPath] [FilePath][String] [/data/data/com.vm.midnightmovie/shared_prefs/AppStore.xml]
D/S4URC   ( 2486): [SDK] [java.io.File] [getPath] [FilePath][String] [/data/data/com.vm.midnightmovie/shared_prefs/pp.xml]
D/S4URC   ( 2486): [NDK] [SYSCALL] [chmod] [PATH][string] [/data/data/com.vm.midnightmovie/shared_prefs/pp.xml] [MODE][int] [0660]
D/S4URC   ( 2568): [SDK] [android.content.ContextWrapper][getSharedPreferences] [File][AppStore.xml] [MODE][APPEND or MULTI_PROCESS]
D/S4URC   ( 2486): [SDK] [java.io.File] [getPath] [FilePath][String] [/data/data/com.vm.midnightmovie/shared_prefs/pp.xml]
D/S4URC   ( 2568): [SDK] [android.content.ContextWrapper][getSharedPreferences] [File][AppStore.xml] [MODE][APPEND or MULTI_PROCESS] [Method][putLong] [Key][agoo_update_time] [Value][1535100924085]
D/S4URC   ( 2486): [NDK] [SYSCALL] [stat] [PATH][string] [/data/data/com.vm.midnightmovie/shared_prefs/pp.xml]
D/S4URC   ( 2486): [SDK] [java.io.File] [delete] [FilePath][String] [/data/data/com.vm.midnightmovie/shared_prefs/pp.xml.bak]
D/S4URC   ( 2568): [SDK] [java.io.File] [exists] [FilePath][String] [/data/data/com.vm.midnightmovie/shared_prefs/AppStore.xml]
D/S4URC   ( 2486): [NDK] [SYSCALL] [lstat] [PATH][string] [/data/data/com.vm.midnightmovie/shared_prefs/pp.xml.bak]
D/S4URC   ( 2486): [NDK] [SYSCALL] [unlink] [PATH][string] [/data/data/com.vm.midnightmovie/shared_prefs/pp.xml.bak]
D/S4URC   ( 2568): [SDK] [java.io.File] [exists] [FilePath][String] [/data/data/com.vm.midnightmovie/shared_prefs/AppStore.xml.bak]
D/S4URC   ( 2568): [SDK] [java.io.File] [renameTo] [FilePath][String] [/data/data/com.vm.midnightmovie/shared_prefs/AppStore.xml] [DesFile][/data/data/com.vm.midnightmovie/shared_prefs/AppStore.xml.bak]
D/S4URC   ( 2568): [SDK] [java.io.File] [getPath] [FilePath][String] [/data/data/com.vm.midnightmovie/shared_prefs/AppStore.xml]
D/S4URC   ( 2486): [SDK] [android.content.ContextWrapper][getSharedPreferences] [File][pp.xml] [MODE][MODE_PRIVATE] [Method][commit]
D/S4URC   ( 2568): [SDK] [java.io.File] [getPath] [FilePath][String] [/data/data/com.vm.midnightmovie/shared_prefs/AppStore.xml]
D/S4URC   ( 2568): [SDK] [java.io.File] [delete] [FilePath][String] [/data/data/com.vm.midnightmovie/shared_prefs/AppStore.xml.bak]
D/S4URC   ( 2568): [SDK] [android.content.ContextWrapper][getSharedPreferences] [File][AppStore.xml] [MODE][APPEND or MULTI_PROCESS] [Method][commit]
D/S4URC   ( 2568): [SDK] [java.io.File] [getPath] [FilePath][String] [/data/data/com.vm.midnightmovie/shared_prefs/AppStore.xml]
D/S4URC   ( 2568): [SDK] [android.content.ContextWrapper][getSharedPreferences] [File][AppStore.xml] [MODE][APPEND or MULTI_PROCESS]
D/S4URC   ( 2568): [SDK] [android.content.ContextWrapper][getSharedPreferences] [File][AppStore.xml] [MODE][APPEND or MULTI_PROCESS] [Method][getBoolean] [Boolean][agoo_autoupdate] [Return][false]
D/S4URC   ( 2568): [SDK] [java.io.File] [getPath] [FilePath][String] [/data/data/com.vm.midnightmovie/shared_prefs/AppStore.xml]
D/S4URC   ( 2568): [SDK] [android.content.ContextWrapper][getSharedPreferences] [File][AppStore.xml] [MODE][APPEND or MULTI_PROCESS]
D/S4URC   ( 2568): [SDK] [android.content.ContextWrapper][getSharedPreferences] [File][AppStore.xml] [MODE][APPEND or MULTI_PROCESS] [Method][getBoolean] [Boolean][agoo_ifNeedAutoUpdate] [Return][true]
D/S4URC   ( 2568): [SDK] [java.lang.Class] [forName] [FindClass][String] [org.android.agoo.impl.ControlService]
D/S4URC   ( 2568): [SDK] [java.io.File] [getPath] [FilePath][String] [/data/data/com.vm.midnightmovie/shared_prefs/AppStore.xml]
D/S4URC   ( 2568): [SDK] [android.content.ContextWrapper][getSharedPreferences] [File][AppStore.xml] [MODE][APPEND or MULTI_PROCESS]
D/S4URC   ( 2568): [SDK] [android.content.ContextWrapper][getSharedPreferences] [File][AppStore.xml] [MODE][APPEND or MULTI_PROCESS] [Method][getString] [String][logger_class_name] [Return][null]
D/S4URC   ( 2568): [SDK] [java.io.File] [getPath] [FilePath][String] [/data/data/com.vm.midnightmovie/shared_prefs/AppStore.xml]
D/S4URC   ( 2568): [SDK] [android.content.ContextWrapper][getSharedPreferences] [File][AppStore.xml] [MODE][APPEND or MULTI_PROCESS]
D/S4URC   ( 2568): [SDK] [android.content.ContextWrapper][getSharedPreferences] [File][AppStore.xml] [MODE][APPEND or MULTI_PROCESS] [Method][getString] [String][logger_class_name] [Return][null]
D/S4URC   ( 2568): [SDK] [java.io.File] [getPath] [FilePath][String] [/data/data/com.vm.midnightmovie/shared_prefs/AppStore.xml]
D/S4URC   ( 2568): [SDK] [android.content.ContextWrapper][getSharedPreferences] [File][AppStore.xml] [MODE][APPEND or MULTI_PROCESS]
D/S4URC   ( 2568): [SDK] [android.content.ContextWrapper][getSharedPreferences] [File][AppStore.xml] [MODE][APPEND or MULTI_PROCESS] [Method][getString] [String][app_device_token] [Return][AjaYbUq-WICvin_35uP-U38XUnGYtZzvaWqu13-yLAsT]
D/S4URC   ( 2568): [SDK] [android.content.ContextWrapper][getSharedPreferences] [File][AppStore.xml] [MODE][APPEND or MULTI_PROCESS] [Method][getInt] [Int][app_version] [Return][46670518]
D/S4URC   ( 2568): [SDK] [android.app.ApplicationPackageManager] [getPackageInfo] [FindPackageName][String] [com.vm.midnightmovie]
D/S4URC   ( 2568): [SDK] [java.io.File] [getPath] [FilePath][String] [/data/data/com.vm.midnightmovie/shared_prefs/AppStore.xml]
D/S4URC   ( 2568): [SDK] [android.content.ContextWrapper][getSharedPreferences] [File][AppStore.xml] [MODE][APPEND or MULTI_PROCESS]
D/S4URC   ( 2568): [SDK] [android.content.ContextWrapper][getSharedPreferences] [File][AppStore.xml] [MODE][APPEND or MULTI_PROCESS] [Method][getString] [String][logger_class_name] [Return][null]
D/S4URC   ( 2568): [SDK] [java.io.File] [getPath] [FilePath][String] [/data/data/com.vm.midnightmovie/shared_prefs/AppStore.xml]
D/S4URC   ( 2568): [SDK] [android.content.ContextWrapper][getSharedPreferences] [File][AppStore.xml] [MODE][APPEND or MULTI_PROCESS]
D/S4URC   ( 2568): [SDK] [android.content.ContextWrapper][getSharedPreferences] [File][AppStore.xml] [MODE][APPEND or MULTI_PROCESS] [Method][getString] [String][app_key] [Return][umeng:5788ac1867e58e79400005b8]
D/S4URC   ( 2568): [SDK] [java.io.File] [getPath] [FilePath][String] [/data/data/com.vm.midnightmovie/shared_prefs/AppStore.xml]
D/S4URC   ( 2568): [SDK] [android.content.ContextWrapper][getSharedPreferences] [File][AppStore.xml] [MODE][APPEND or MULTI_PROCESS]
D/S4URC   ( 2568): [SDK] [android.content.ContextWrapper][getSharedPreferences] [File][AppStore.xml] [MODE][APPEND or MULTI_PROCESS] [Method][getString] [String][app_tt_id] [Return][android@umeng]
D/S4URC   ( 2568): [SDK] [java.io.File] [getPath] [FilePath][String] [/data/data/com.vm.midnightmovie/shared_prefs/AppStore.xml]
D/S4URC   ( 2568): [SDK] [android.content.ContextWrapper][getSharedPreferences] [File][AppStore.xml] [MODE][APPEND or MULTI_PROCESS]
D/S4URC   ( 2568): [SDK] [android.content.ContextWrapper][getSharedPreferences] [File][AppStore.xml] [MODE][APPEND or MULTI_PROCESS] [Method][getString] [String][app_sercet] [Return][7cec6e253fb3204b8b4265a92f28f1d3]
D/S4URC   ( 2568): [SDK] [java.io.File] [getPath] [FilePath][String] [/data/data/com.vm.midnightmovie/shared_prefs/AppStore.xml]
D/S4URC   ( 2568): [SDK] [android.content.ContextWrapper][getSharedPreferences] [File][AppStore.xml] [MODE][APPEND or MULTI_PROCESS]
D/S4URC   ( 2568): [SDK] [android.content.ContextWrapper][getSharedPreferences] [File][AppStore.xml] [MODE][APPEND or MULTI_PROCESS] [Method][getInt] [Int][agoo_mode] [Return][2]
D/S4URC   ( 2568): [SDK] [java.io.File] [getPath] [FilePath][String] [/data/data/com.vm.midnightmovie/shared_prefs/AppStore.xml]
D/S4URC   ( 2568): [SDK] [android.content.ContextWrapper][getSharedPreferences] [File][AppStore.xml] [MODE][APPEND or MULTI_PROCESS]
D/S4URC   ( 2568): [SDK] [android.content.ContextWrapper][getSharedPreferences] [File][AppStore.xml] [MODE][APPEND or MULTI_PROCESS] [Method][getString] [String][app_device_token] [Return][AjaYbUq-WICvin_35uP-U38XUnGYtZzvaWqu13-yLAsT]
D/S4URC   ( 2568): [SDK] [android.content.ContextWrapper][getSharedPreferences] [File][AppStore.xml] [MODE][APPEND or MULTI_PROCESS] [Method][getInt] [Int][app_version] [Return][46670518]
D/S4URC   ( 2568): [SDK] [android.app.ApplicationPackageManager] [getPackageInfo] [FindPackageName][String] [com.vm.midnightmovie]
D/S4URC   ( 2568): [SDK] [java.io.File] [getPath] [FilePath][String] [/data/data/com.vm.midnightmovie/shared_prefs/AppStore.xml]
D/S4URC   ( 2568): [SDK] [android.content.ContextWrapper][getSharedPreferences] [File][AppStore.xml] [MODE][APPEND or MULTI_PROCESS]
D/S4URC   ( 2568): [SDK] [android.content.ContextWrapper][getSharedPreferences] [File][AppStore.xml] [MODE][APPEND or MULTI_PROCESS] [Method][getIong] [Iong][app_last_register_time ] [Return][1535100921919]
D/S4URC   ( 2568): [SDK] [java.io.File] [getPath] [FilePath][String] [/data/data/com.vm.midnightmovie/shared_prefs/AppStore.xml]
D/S4URC   ( 2568): [SDK] [android.content.ContextWrapper][getSharedPreferences] [File][AppStore.xml] [MODE][APPEND or MULTI_PROCESS]
D/S4URC   ( 2568): [SDK] [android.content.ContextWrapper][getSharedPreferences] [File][AppStore.xml] [MODE][APPEND or MULTI_PROCESS] [Method][getBoolean] [Boolean][app_disable] [Return][false]
D/S4URC   ( 2568): [SDK] [android.content.ContextWrapper][getSharedPreferences] [File][AppStore.xml] [MODE][APPEND or MULTI_PROCESS] [Method][getInt] [Int][app_disable_version] [Return][46670518]
D/S4URC   ( 2568): [SDK] [android.app.ApplicationPackageManager] [getPackageInfo] [FindPackageName][String] [com.vm.midnightmovie]
D/S4URC   ( 2568): [SDK] [java.io.File] [getPath] [FilePath][String] [/data/data/com.vm.midnightmovie/shared_prefs/AppStore.xml]
D/S4URC   ( 2568): [SDK] [android.content.ContextWrapper][getSharedPreferences] [File][AppStore.xml] [MODE][APPEND or MULTI_PROCESS]
D/S4URC   ( 2568): [SDK] [android.content.ContextWrapper][getSharedPreferences] [File][AppStore.xml] [MODE][APPEND or MULTI_PROCESS] [Method][getInt] [Int][agoo_mode] [Return][2]
D/S4URC   ( 2568): [SDK] [java.io.File] [getPath] [FilePath][String] [/data/data/com.vm.midnightmovie/shared_prefs/AppStore.xml]
D/S4URC   ( 2568): [SDK] [android.content.ContextWrapper][getSharedPreferences] [File][AppStore.xml] [MODE][APPEND or MULTI_PROCESS]
D/S4URC   ( 2568): [SDK] [android.content.ContextWrapper][getSharedPreferences] [File][AppStore.xml] [MODE][APPEND or MULTI_PROCESS] [Method][getString] [String][logger_class_name] [Return][null]
D/S4URC   ( 2568): [SDK] [java.io.File] [getPath] [FilePath][String] [/data/data/com.vm.midnightmovie/shared_prefs/AppStore.xml]
D/S4URC   ( 2568): [SDK] [android.content.ContextWrapper][getSharedPreferences] [File][AppStore.xml] [MODE][APPEND or MULTI_PROCESS]
D/S4URC   ( 2568): [SDK] [android.content.ContextWrapper][getSharedPreferences] [File][AppStore.xml] [MODE][APPEND or MULTI_PROCESS] [Method][getString] [String][agoo_service_mode] [Return][umeng]
D/S4URC   ( 2568): [SDK] [android.app.ApplicationPackageManager] [getPackageInfo] [FindPackageName][String] [com.vm.midnightmovie]
D/S4URC   ( 2568): [SDK] [java.io.File] [getPath] [FilePath][String] [/data/data/com.vm.midnightmovie/shared_prefs/AppStore.xml]
D/S4URC   ( 2568): [SDK] [android.content.ContextWrapper][getSharedPreferences] [File][AppStore.xml] [MODE][APPEND or MULTI_PROCESS]
D/S4URC   ( 2568): [SDK] [android.content.ContextWrapper][getSharedPreferences] [File][AppStore.xml] [MODE][APPEND or MULTI_PROCESS] [Method][getString] [String][app_key] [Return][umeng:5788ac1867e58e79400005b8]
D/S4URC   ( 2568): [SDK] [javax.crypto.spec.SecretKeySpec][Constructor] [KEY][/11TTrdl6LtffzxDlYPITQ==][type][AES][javax.crypto.Cipher][doFinal] [Data][eO8ikZuSXm59baHA5i9nzwJ+jY0XHvCA9KJavyejTTZUqh7W3PTNk9KKthbGPeOZhiXUIc9KBEU7sIyl5sCafk30+wtFVstQvLQFqZhu6SiBy3kG+cvtHo6El8FmgFZTAD9ivQlkkeA28AzhrLMgRkO3u2U1vUrGCjehQXgwpnz1+S8UFLCyvBA974So+G/Xf4ZCDZTsgTW/f5pkYf1EBHAVOpdheAEifAFqB7AvPKA=] [Return][{"com.vm.midnightmovie":"{\"appInstallTime\":1535100907694,\"appSdkVersion\":20160215,\"appVersionHash\":46670518,\"appKey\":\"umeng:5788ac1867e58e79400005b8\"}"}]
D/S4URC   ( 2568): [SDK] [javax.crypto.spec.SecretKeySpec][Constructor] [KEY][/11TTrdl6LtffzxDlYPITQ==][type][AES][javax.crypto.Cipher][doFinal] [Data][{"com.vm.midnightmovie":"{\"appInstallTime\":1535100907694,\"appSdkVersion\":20160215,\"appVersionHash\":46670518,\"appKey\":\"umeng:5788ac1867e58e79400005b8\"}"}] [Return][eO8ikZuSXm59baHA5i9nzwJ+jY0XHvCA9KJavyejTTZUqh7W3PTNk9KKthbGPeOZhiXUIc9KBEU7sIyl5sCafk30+wtFVstQvLQFqZhu6SiBy3kG+cvtHo6El8FmgFZTAD9ivQlkkeA28AzhrLMgRkO3u2U1vUrGCjehQXgwpnz1+S8UFLCyvBA974So+G/Xf4ZCDZTsgTW/f5pkYf1EBHAVOpdheAEifAFqB7AvPKA=]
D/S4URC   ( 2568): [SDK] [java.io.File] [getPath] [FilePath][String] [/data/data/com.vm.midnightmovie/shared_prefs/AppStore.xml]
D/S4URC   ( 2568): [SDK] [android.content.ContextWrapper][getSharedPreferences] [File][AppStore.xml] [MODE][APPEND or MULTI_PROCESS]
D/S4URC   ( 2568): [SDK] [android.content.ContextWrapper][getSharedPreferences] [File][AppStore.xml] [MODE][APPEND or MULTI_PROCESS] [Method][getString] [String][agoo_service_mode] [Return][umeng]
D/S4URC   ( 2568): [SDK] [java.io.File] [getPath] [FilePath][String] [/data/data/com.vm.midnightmovie/shared_prefs/AppStore.xml]
D/S4URC   ( 2568): [SDK] [android.content.ContextWrapper][getSharedPreferences] [File][AppStore.xml] [MODE][APPEND or MULTI_PROCESS]
D/S4URC   ( 2568): [SDK] [android.content.ContextWrapper][getSharedPreferences] [File][AppStore.xml] [MODE][APPEND or MULTI_PROCESS] [Method][getString] [String][logger_class_name] [Return][null]
D/S4URC   ( 2568): [SDK] [java.io.File] [getPath] [FilePath][String] [/data/data/com.vm.midnightmovie/shared_prefs]
D/S4URC   ( 2568): [SDK] [java.io.File] [getPath] [FilePath][String] [/data/data/com.vm.midnightmovie/shared_prefs/AGOO_CONNECT.xml]
D/S4URC   ( 2568): [SDK] [java.io.File] [Constructor] [FilePath][String] [/data/data/com.vm.midnightmovie/shared_prefs/AGOO_CONNECT.xml.bak]
D/S4URC   ( 2568): [SDK] [java.io.File] [exists] [FilePath][String] [/data/data/com.vm.midnightmovie/shared_prefs/AGOO_CONNECT.xml]
D/S4URC   ( 2568): [SDK] [android.content.ContextWrapper][getSharedPreferences] [File][AGOO_CONNECT.xml] [MODE][APPEND or MULTI_PROCESS]
D/S4URC   ( 2568): [SDK] [java.io.File] [exists] [FilePath][String] [/data/data/com.vm.midnightmovie/shared_prefs/AGOO_CONNECT.xml.bak]
D/S4URC   ( 2568): [SDK] [java.io.File] [exists] [FilePath][String] [/data/data/com.vm.midnightmovie/shared_prefs/AGOO_CONNECT.xml]
D/S4URC   ( 2568): [SDK] [java.io.File] [getPath] [FilePath][String] [/data/data/com.vm.midnightmovie/shared_prefs/AGOO_CONNECT.xml]
D/S4URC   ( 2568): [SDK] [android.content.ContextWrapper][getSharedPreferences] [File][AGOO_CONNECT.xml] [MODE][APPEND or MULTI_PROCESS] [Method][getString] [String][AGOO_CONNECT_HOST] [Return][null]
D/S4URC   ( 2568): [SDK] [android.content.ContextWrapper][getSharedPreferences] [File][AGOO_CONNECT.xml] [MODE][APPEND or MULTI_PROCESS] [Method][getInt] [Int][AGOO_CONNECT_PORT] [Return][-1]
D/S4URC   ( 2568): [SDK] [java.io.File] [getPath] [FilePath][String] [/data/data/com.vm.midnightmovie/shared_prefs/AppStore.xml]
D/S4URC   ( 2568): [SDK] [android.content.ContextWrapper][getSharedPreferences] [File][AppStore.xml] [MODE][APPEND or MULTI_PROCESS]
D/S4URC   ( 2568): [SDK] [android.content.ContextWrapper][getSharedPreferences] [File][AppStore.xml] [MODE][APPEND or MULTI_PROCESS] [Method][getString] [String][agoo_connect_type] [Return][null]
D/S4URC   ( 2568): [SDK] [java.io.File] [getPath] [FilePath][String] [/data/data/com.vm.midnightmovie/shared_prefs/AppStore.xml]
D/S4URC   ( 2568): [SDK] [android.content.ContextWrapper][getSharedPreferences] [File][AppStore.xml] [MODE][APPEND or MULTI_PROCESS]
D/S4URC   ( 2568): [SDK] [android.content.ContextWrapper][getSharedPreferences] [File][AppStore.xml] [MODE][APPEND or MULTI_PROCESS] [Method][getString] [String][app_key] [Return][umeng:5788ac1867e58e79400005b8]
D/S4URC   ( 2568): [SDK] [java.io.File] [getPath] [FilePath][String] [/data/data/com.vm.midnightmovie/shared_prefs/AppStore.xml]
D/S4URC   ( 2568): [SDK] [android.content.ContextWrapper][getSharedPreferences] [File][AppStore.xml] [MODE][APPEND or MULTI_PROCESS]
D/S4URC   ( 2568): [SDK] [android.content.ContextWrapper][getSharedPreferences] [File][AppStore.xml] [MODE][APPEND or MULTI_PROCESS] [Method][getString] [String][app_device_token] [Return][AjaYbUq-WICvin_35uP-U38XUnGYtZzvaWqu13-yLAsT]
D/S4URC   ( 2568): [SDK] [android.content.ContextWrapper][getSharedPreferences] [File][AppStore.xml] [MODE][APPEND or MULTI_PROCESS] [Method][getInt] [Int][app_version] [Return][46670518]
D/S4URC   ( 2568): [SDK] [android.app.ApplicationPackageManager] [getPackageInfo] [FindPackageName][String] [com.vm.midnightmovie]
D/S4URC   ( 2568): [SDK] [java.io.File] [getPath] [FilePath][String] [/data/data/com.vm.midnightmovie/shared_prefs/AppStore.xml]
D/S4URC   ( 2568): [SDK] [android.content.ContextWrapper][getSharedPreferences] [File][AppStore.xml] [MODE][APPEND or MULTI_PROCESS]
D/S4URC   ( 2568): [SDK] [android.content.ContextWrapper][getSharedPreferences] [File][AppStore.xml] [MODE][APPEND or MULTI_PROCESS] [Method][getIong] [Iong][agoo_release_time] [Return][20160215]
D/S4URC   ( 2568): [SDK] [java.io.File] [getPath] [FilePath][String] [/data/data/com.vm.midnightmovie/shared_prefs/AppStore.xml]
D/S4URC   ( 2568): [SDK] [android.content.ContextWrapper][getSharedPreferences] [File][AppStore.xml] [MODE][APPEND or MULTI_PROCESS]
D/S4URC   ( 2568): [SDK] [android.content.ContextWrapper][getSharedPreferences] [File][AppStore.xml] [MODE][APPEND or MULTI_PROCESS] [Method][getString] [String][app_device_token] [Return][AjaYbUq-WICvin_35uP-U38XUnGYtZzvaWqu13-yLAsT]
D/S4URC   ( 2568): [SDK] [android.content.ContextWrapper][getSharedPreferences] [File][AppStore.xml] [MODE][APPEND or MULTI_PROCESS] [Method][getInt] [Int][app_version] [Return][46670518]
D/S4URC   ( 2568): [SDK] [android.app.ApplicationPackageManager] [getPackageInfo] [FindPackageName][String] [com.vm.midnightmovie]
D/S4URC   ( 2568): [SDK] [java.io.File] [getPath] [FilePath][String] [/data/data/com.vm.midnightmovie/shared_prefs/AppStore.xml]
D/S4URC   ( 2568): [SDK] [android.content.ContextWrapper][getSharedPreferences] [File][AppStore.xml] [MODE][APPEND or MULTI_PROCESS]
D/S4URC   ( 2568): [SDK] [android.content.ContextWrapper][getSharedPreferences] [File][AppStore.xml] [MODE][APPEND or MULTI_PROCESS] [Method][getString] [String][logger_class_name] [Return][null]
D/S4URC   ( 2568): [SDK] [android.content.ContextWrapper] [startService] [Intent] Intent { act=org.agoo.android.intent.action.PING_V4 cmp=com.taobao.taobao/com.taobao.accs.ChannelService (has extras) } [ExtraInfo][key:value][source:com.vm.midnightmovie]
D/S4URC   ( 2568): [SDK] [java.io.File] [getPath] [FilePath][String] [/data/data/com.vm.midnightmovie/shared_prefs/AppStore.xml]
D/S4URC   ( 2568): [SDK] [android.content.ContextWrapper][getSharedPreferences] [File][AppStore.xml] [MODE][APPEND or MULTI_PROCESS]
D/S4URC   ( 2568): [SDK] [android.content.ContextWrapper][getSharedPreferences] [File][AppStore.xml] [MODE][APPEND or MULTI_PROCESS] [Method][getString] [String][agoo_service_mode] [Return][umeng]
D/S4URC   ( 2568): [SDK] [java.io.File] [getPath] [FilePath][String] [/data/data/com.vm.midnightmovie/shared_prefs/AppStore.xml]
D/S4URC   ( 2568): [SDK] [android.content.ContextWrapper][getSharedPreferences] [File][AppStore.xml] [MODE][APPEND or MULTI_PROCESS]
D/S4URC   ( 2568): [SDK] [android.content.ContextWrapper][getSharedPreferences] [File][AppStore.xml] [MODE][APPEND or MULTI_PROCESS] [Method][getString] [String][logger_class_name] [Return][null]
D/S4URC   ( 2568): [SDK] [java.io.File] [getPath] [FilePath][String] [/data/data/com.vm.midnightmovie/shared_prefs/AppStore.xml]
D/S4URC   ( 2568): [SDK] [android.content.ContextWrapper][getSharedPreferences] [File][AppStore.xml] [MODE][APPEND or MULTI_PROCESS]
D/S4URC   ( 2568): [SDK] [android.content.ContextWrapper][getSharedPreferences] [File][AppStore.xml] [MODE][APPEND or MULTI_PROCESS] [Method][getString] [String][agoo_service_mode] [Return][umeng]
D/S4URC   ( 2568): [SDK] [java.io.File] [getPath] [FilePath][String] [/data/data/com.vm.midnightmovie/shared_prefs/AppStore.xml]
D/S4URC   ( 2568): [SDK] [android.content.ContextWrapper][getSharedPreferences] [File][AppStore.xml] [MODE][APPEND or MULTI_PROCESS]
D/S4URC   ( 2568): [SDK] [android.content.ContextWrapper][getSharedPreferences] [File][AppStore.xml] [MODE][APPEND or MULTI_PROCESS] [Method][getString] [String][logger_class_name] [Return][null]
D/S4URC   ( 2568): [SDK] [java.io.File] [getPath] [FilePath][String] [/data/data/com.vm.midnightmovie/shared_prefs/AppStore.xml]
D/S4URC   ( 2568): [SDK] [android.content.ContextWrapper][getSharedPreferences] [File][AppStore.xml] [MODE][APPEND or MULTI_PROCESS]
D/S4URC   ( 2568): [SDK] [android.content.ContextWrapper][getSharedPreferences] [File][AppStore.xml] [MODE][APPEND or MULTI_PROCESS] [Method][getString] [String][app_device_token] [Return][AjaYbUq-WICvin_35uP-U38XUnGYtZzvaWqu13-yLAsT]
D/S4URC   ( 2568): [SDK] [android.content.ContextWrapper][getSharedPreferences] [File][AppStore.xml] [MODE][APPEND or MULTI_PROCESS] [Method][getInt] [Int][app_version] [Return][46670518]
D/S4URC   ( 2568): [SDK] [android.app.ApplicationPackageManager] [getPackageInfo] [FindPackageName][String] [com.vm.midnightmovie]
D/S4URC   ( 2568): [SDK] [java.io.File] [getPath] [FilePath][String] [/data/data/com.vm.midnightmovie/shared_prefs/AGOO_CONNECT.xml]
D/S4URC   ( 2568): [SDK] [android.content.ContextWrapper][getSharedPreferences] [File][AGOO_CONNECT.xml] [MODE][APPEND or MULTI_PROCESS]
D/S4URC   ( 2568): [SDK] [java.io.File] [exists] [FilePath][String] [/data/data/com.vm.midnightmovie/shared_prefs/AGOO_CONNECT.xml.bak]
D/S4URC   ( 2568): [SDK] [java.io.File] [exists] [FilePath][String] [/data/data/com.vm.midnightmovie/shared_prefs/AGOO_CONNECT.xml]
D/S4URC   ( 2568): [SDK] [java.io.File] [getPath] [FilePath][String] [/data/data/com.vm.midnightmovie/shared_prefs/AGOO_CONNECT.xml]
D/S4URC   ( 2568): [SDK] [android.content.ContextWrapper][getSharedPreferences] [File][AGOO_CONNECT.xml] [MODE][APPEND or MULTI_PROCESS] [Method][getString] [String][AGOO_CONNECT_HOST] [Return][null]
D/S4URC   ( 2568): [SDK] [android.content.ContextWrapper][getSharedPreferences] [File][AGOO_CONNECT.xml] [MODE][APPEND or MULTI_PROCESS] [Method][getInt] [Int][AGOO_CONNECT_PORT] [Return][-1]
D/S4URC   ( 2568): [SDK] [java.io.File] [getPath] [FilePath][String] [/data/data/com.vm.midnightmovie/shared_prefs/AppStore.xml]
D/S4URC   ( 2568): [SDK] [android.content.ContextWrapper][getSharedPreferences] [File][AppStore.xml] [MODE][APPEND or MULTI_PROCESS]
D/S4URC   ( 2568): [SDK] [android.content.ContextWrapper][getSharedPreferences] [File][AppStore.xml] [MODE][APPEND or MULTI_PROCESS] [Method][getString] [String][agoo_connect_type] [Return][null]
D/S4URC   ( 2568): [SDK] [java.io.File] [getPath] [FilePath][String] [/data/data/com.vm.midnightmovie/shared_prefs/AppStore.xml]
D/S4URC   ( 2568): [SDK] [android.content.ContextWrapper][getSharedPreferences] [File][AppStore.xml] [MODE][APPEND or MULTI_PROCESS]
D/S4URC   ( 2568): [SDK] [android.content.ContextWrapper][getSharedPreferences] [File][AppStore.xml] [MODE][APPEND or MULTI_PROCESS] [Method][getString] [String][app_key] [Return][umeng:5788ac1867e58e79400005b8]
D/S4URC   ( 2568): [SDK] [java.io.File] [getPath] [FilePath][String] [/data/data/com.vm.midnightmovie/shared_prefs/AppStore.xml]
D/S4URC   ( 2568): [SDK] [android.content.ContextWrapper][getSharedPreferences] [File][AppStore.xml] [MODE][APPEND or MULTI_PROCESS]
D/S4URC   ( 2568): [SDK] [android.content.ContextWrapper][getSharedPreferences] [File][AppStore.xml] [MODE][APPEND or MULTI_PROCESS] [Method][getString] [String][app_device_token] [Return][AjaYbUq-WICvin_35uP-U38XUnGYtZzvaWqu13-yLAsT]
D/S4URC   ( 2568): [SDK] [android.content.ContextWrapper][getSharedPreferences] [File][AppStore.xml] [MODE][APPEND or MULTI_PROCESS] [Method][getInt] [Int][app_version] [Return][46670518]
D/S4URC   ( 2568): [SDK] [android.app.ApplicationPackageManager] [getPackageInfo] [FindPackageName][String] [com.vm.midnightmovie]
D/S4URC   ( 2568): [SDK] [java.io.File] [getPath] [FilePath][String] [/data/data/com.vm.midnightmovie/shared_prefs/AppStore.xml]
D/S4URC   ( 2568): [SDK] [android.content.ContextWrapper][getSharedPreferences] [File][AppStore.xml] [MODE][APPEND or MULTI_PROCESS]
D/S4URC   ( 2568): [SDK] [android.content.ContextWrapper][getSharedPreferences] [File][AppStore.xml] [MODE][APPEND or MULTI_PROCESS] [Method][getIong] [Iong][agoo_release_time] [Return][20160215]
D/S4URC   ( 2568): [SDK] [java.io.File] [getPath] [FilePath][String] [/data/data/com.vm.midnightmovie/shared_prefs/AppStore.xml]
D/S4URC   ( 2568): [SDK] [android.content.ContextWrapper][getSharedPreferences] [File][AppStore.xml] [MODE][APPEND or MULTI_PROCESS]
D/S4URC   ( 2568): [SDK] [android.content.ContextWrapper][getSharedPreferences] [File][AppStore.xml] [MODE][APPEND or MULTI_PROCESS] [Method][getString] [String][logger_class_name] [Return][null]
D/S4URC   ( 2568): [SDK] [java.io.File] [getPath] [FilePath][String] [/data/data/com.vm.midnightmovie/shared_prefs/AppStore.xml]
D/S4URC   ( 2568): [SDK] [android.content.ContextWrapper][getSharedPreferences] [File][AppStore.xml] [MODE][APPEND or MULTI_PROCESS]
D/S4URC   ( 2568): [SDK] [android.content.ContextWrapper][getSharedPreferences] [File][AppStore.xml] [MODE][APPEND or MULTI_PROCESS] [Method][getString] [String][agoo_service_mode] [Return][umeng]
D/S4URC   ( 2568): [SDK] [javax.crypto.spec.SecretKeySpec][Constructor] [KEY][/11TTrdl6LtffzxDlYPITQ==][type][AES][javax.crypto.Cipher][doFinal] [Data][eO8ikZuSXm59baHA5i9nzwJ+jY0XHvCA9KJavyejTTZUqh7W3PTNk9KKthbGPeOZhiXUIc9KBEU7sIyl5sCafk30+wtFVstQvLQFqZhu6SiBy3kG+cvtHo6El8FmgFZTAD9ivQlkkeA28AzhrLMgRkO3u2U1vUrGCjehQXgwpnz1+S8UFLCyvBA974So+G/Xf4ZCDZTsgTW/f5pkYf1EBHAVOpdheAEifAFqB7AvPKA=] [Return][{"com.vm.midnightmovie":"{\"appInstallTime\":1535100907694,\"appSdkVersion\":20160215,\"appVersionHash\":46670518,\"appKey\":\"umeng:5788ac1867e58e79400005b8\"}"}]
D/S4URC   ( 2568): [SDK] [android.app.ApplicationPackageManager] [getApplicationInfo] [FindApplicationName][String] [com.vm.midnightmovie]
D/S4URC   ( 2568): [SDK] [android.content.Intent] [Constructor] [IntentInfo][String] [org.agoo.android.intent.action.ELECTION_RESULT_V4]
D/S4URC   ( 2568): [SDK] [java.io.File] [getPath] [FilePath][String] [/data/data/com.vm.midnightmovie/shared_prefs/AppStore.xml]
D/S4URC   ( 2568): [SDK] [android.content.ContextWrapper][getSharedPreferences] [File][AppStore.xml] [MODE][APPEND or MULTI_PROCESS]
D/S4URC   ( 2568): [SDK] [android.content.ContextWrapper][getSharedPreferences] [File][AppStore.xml] [MODE][APPEND or MULTI_PROCESS] [Method][getString] [String][agoo_service_mode] [Return][umeng]
D/S4URC   ( 2568): [SDK] [android.app.ApplicationPackageManager] [getApplicationInfo] [FindApplicationName][String] [com.vm.midnightmovie]
D/S4URC   ( 2568): [SDK] [android.app.ApplicationPackageManager] [getPackageInfo] [FindPackageName][String] [com.vm.midnightmovie]
D/S4URC   ( 2568): [SDK] [javax.crypto.spec.SecretKeySpec][Constructor] [KEY][/11TTrdl6LtffzxDlYPITQ==][type][AES][javax.crypto.Cipher][doFinal] [Data][{"com.vm.midnightmovie":"{\"appInstallTime\":1535100907694,\"appSdkVersion\":20160215,\"appVersionHash\":46670518,\"appKey\":\"umeng:5788ac1867e58e79400005b8\"}"}] [Return][eO8ikZuSXm59baHA5i9nzwJ+jY0XHvCA9KJavyejTTZUqh7W3PTNk9KKthbGPeOZhiXUIc9KBEU7sIyl5sCafk30+wtFVstQvLQFqZhu6SiBy3kG+cvtHo6El8FmgFZTAD9ivQlkkeA28AzhrLMgRkO3u2U1vUrGCjehQXgwpnz1+S8UFLCyvBA974So+G/Xf4ZCDZTsgTW/f5pkYf1EBHAVOpdheAEifAFqB7AvPKA=]
D/S4URC   ( 2568): [SDK] [java.io.File] [getPath] [FilePath][String] [/data/data/com.vm.midnightmovie/shared_prefs/AppStore.xml]
D/S4URC   ( 2568): [SDK] [android.content.ContextWrapper][getSharedPreferences] [File][AppStore.xml] [MODE][APPEND or MULTI_PROCESS]
D/S4URC   ( 2568): [SDK] [android.content.ContextWrapper][getSharedPreferences] [File][AppStore.xml] [MODE][APPEND or MULTI_PROCESS] [Method][getString] [String][app_device_token] [Return][AjaYbUq-WICvin_35uP-U38XUnGYtZzvaWqu13-yLAsT]
D/S4URC   ( 2568): [SDK] [android.content.ContextWrapper][getSharedPreferences] [File][AppStore.xml] [MODE][APPEND or MULTI_PROCESS] [Method][getInt] [Int][app_version] [Return][46670518]
D/S4URC   ( 2568): [SDK] [android.app.ApplicationPackageManager] [getPackageInfo] [FindPackageName][String] [com.vm.midnightmovie]
D/S4URC   ( 2568): [SDK] [java.io.File] [getPath] [FilePath][String] [/data/data/com.vm.midnightmovie/shared_prefs/AppStore.xml]
D/S4URC   ( 2568): [SDK] [android.content.ContextWrapper][getSharedPreferences] [File][AppStore.xml] [MODE][APPEND or MULTI_PROCESS]
D/S4URC   ( 2568): [SDK] [android.content.ContextWrapper][getSharedPreferences] [File][AppStore.xml] [MODE][APPEND or MULTI_PROCESS] [Method][getString] [String][app_key] [Return][umeng:5788ac1867e58e79400005b8]
D/S4URC   ( 2568): [SDK] [java.io.File] [getPath] [FilePath][String] [/data/data/com.vm.midnightmovie/shared_prefs/AppStore.xml]
D/S4URC   ( 2568): [SDK] [android.content.ContextWrapper][getSharedPreferences] [File][AppStore.xml] [MODE][APPEND or MULTI_PROCESS]
D/S4URC   ( 2568): [SDK] [android.content.ContextWrapper][getSharedPreferences] [File][AppStore.xml] [MODE][APPEND or MULTI_PROCESS] [Method][getString] [String][app_tt_id] [Return][android@umeng]
D/S4URC   ( 2568): [SDK] [java.io.File] [getPath] [FilePath][String] [/data/data/com.vm.midnightmovie/shared_prefs/AppStore.xml]
D/S4URC   ( 2568): [SDK] [android.content.ContextWrapper][getSharedPreferences] [File][AppStore.xml] [MODE][APPEND or MULTI_PROCESS]
D/S4URC   ( 2568): [SDK] [android.content.ContextWrapper][getSharedPreferences] [File][AppStore.xml] [MODE][APPEND or MULTI_PROCESS] [Method][getString] [String][app_sercet] [Return][7cec6e253fb3204b8b4265a92f28f1d3]
D/S4URC   ( 2568): [SDK] [java.io.File] [getPath] [FilePath][String] [/data/data/com.vm.midnightmovie/shared_prefs/AppStore.xml]
D/S4URC   ( 2568): [SDK] [android.content.ContextWrapper][getSharedPreferences] [File][AppStore.xml] [MODE][APPEND or MULTI_PROCESS]
D/S4URC   ( 2568): [SDK] [android.content.ContextWrapper][getSharedPreferences] [File][AppStore.xml] [MODE][APPEND or MULTI_PROCESS] [Method][getInt] [Int][agoo_mode] [Return][2]
D/S4URC   ( 2568): [SDK] [java.io.File] [getPath] [FilePath][String] [/data/data/com.vm.midnightmovie/shared_prefs/AppStore.xml]
D/S4URC   ( 2568): [SDK] [android.content.ContextWrapper][getSharedPreferences] [File][AppStore.xml] [MODE][APPEND or MULTI_PROCESS]
D/S4URC   ( 2568): [SDK] [android.content.ContextWrapper][getSharedPreferences] [File][AppStore.xml] [MODE][APPEND or MULTI_PROCESS] [Method][getString] [String][app_tt_id] [Return][android@umeng]
D/S4URC   ( 2568): [SDK] [java.io.File] [getPath] [FilePath][String] [/data/data/com.vm.midnightmovie/shared_prefs/AppStore.xml]
D/S4URC   ( 2568): [SDK] [android.content.ContextWrapper][getSharedPreferences] [File][AppStore.xml] [MODE][APPEND or MULTI_PROCESS]
D/S4URC   ( 2568): [SDK] [android.content.ContextWrapper][getSharedPreferences] [File][AppStore.xml] [MODE][APPEND or MULTI_PROCESS] [Method][getString] [String][app_device_token] [Return][AjaYbUq-WICvin_35uP-U38XUnGYtZzvaWqu13-yLAsT]
D/S4URC   ( 2568): [SDK] [android.content.ContextWrapper][getSharedPreferences] [File][AppStore.xml] [MODE][APPEND or MULTI_PROCESS] [Method][getInt] [Int][app_version] [Return][46670518]
D/S4URC   ( 2568): [SDK] [android.app.ApplicationPackageManager] [getPackageInfo] [FindPackageName][String] [com.vm.midnightmovie]
D/S4URC   ( 2568): [SDK] [java.io.File] [getPath] [FilePath][String] [/data/data/com.vm.midnightmovie/shared_prefs/PhoneUtil.xml]
D/S4URC   ( 2568): [SDK] [android.content.ContextWrapper][getSharedPreferences] [File][PhoneUtil.xml] [MODE][APPEND or MULTI_PROCESS]
D/S4URC   ( 2568): [SDK] [android.content.ContextWrapper][getSharedPreferences] [File][PhoneUtil.xml] [MODE][APPEND or MULTI_PROCESS] [Method][getString] [String][imei] [Return][18659galaxy2f91]
D/S4URC   ( 2568): [SDK] [java.io.File] [getPath] [FilePath][String] [/data/data/com.vm.midnightmovie/shared_prefs/PhoneUtil.xml]
D/S4URC   ( 2568): [SDK] [android.content.ContextWrapper][getSharedPreferences] [File][PhoneUtil.xml] [MODE][APPEND or MULTI_PROCESS]
