D/S4URC   ( 3563): [SDK] [java.io.File] [Constructor] [FilePath][String] [/storage/sdcard0]
D/S4URC   ( 3732): [SDK] [java.lang.Class] [forName] [FindClass][String] [com.android.org.conscrypt.OpenSSLMessageDigestJDK$SHA1]
D/S4URC   ( 3563): [SDK] [java.io.File] [Constructor] [FilePath][String] [/storage/sdcard0]
D/S4URC   ( 3563): [SDK] [java.io.File] [Constructor] [FilePath][String] [/storage/sdcard1]
D/S4URC   ( 3563): [SDK] [java.io.File] [Constructor] [FilePath][String] [/storage/usb2host]
D/S4URC   ( 3563): [SDK] [java.io.File] [Constructor] [FilePath][String] [/storage/usb3device]
D/S4URC   ( 3563): [SDK] [java.io.File] [Constructor] [FilePath][String] [/storage/usb3host]
D/S4URC   ( 3732): [SDK] [java.io.File] [exists] [FilePath][String] [/storage/sdcard0/Sonnenblume/res.apk]
D/S4URC   ( 3732): [SDK] [java.io.File] [getPath] [FilePath][String] [/storage/sdcard0/Sonnenblume/res.apk]
D/S4URC   ( 3563): [SDK] [android.os.Environment] [getExternalStorageState] [ExternalStorageState][String] [mounted]
D/S4URC   ( 3563): [SDK] [java.io.File] [getPath] [FilePath][String] [/storage/sdcard0]
D/S4URC   ( 3563): [SDK] [android.os.Environment] [getExternalStorageDirectory] [DirectoryPath][String] [/storage/sdcard0]
D/S4URC   ( 3563): [SDK] [java.io.File] [getPath] [FilePath][String] [/storage/sdcard0]
D/S4URC   ( 3563): [SDK] [android.os.Environment] [getExternalStorageDirectory] [DirectoryPath][String] [/storage/sdcard0]
D/S4URC   ( 3563): [SDK] [java.io.File] [Constructor] [FilePath][String] [/storage/sdcard0/Sonnenblume]
D/S4URC   ( 3563): [SDK] [java.io.File] [exists] [FilePath][String] [/storage/sdcard0/Sonnenblume]
D/S4URC   ( 3563): [NDK] [SYSCALL] [access] [PATH][string] [/storage/sdcard0/Sonnenblume]
D/S4URC   ( 3563): [SDK] [java.io.File] [exists] [FilePath][String] [/storage/sdcard0/Sonnenblume/scaddrHistory.data]
D/S4URC   ( 3563): [NDK] [SYSCALL] [access] [PATH][string] [/storage/sdcard0/Sonnenblume/scaddrHistory.data]
D/S4URC   ( 3563): [NDK] [SYSCALL] [lstat] [PATH][string] [/storage]
D/S4URC   ( 3563): [NDK] [SYSCALL] [lstat] [PATH][string] [/storage/sdcard0]
D/S4URC   ( 3563): [SDK] [java.io.File] [Constructor] [FilePath][String] [/storage/sdcard0]
D/S4URC   ( 3563): [SDK] [java.io.File] [Constructor] [FilePath][String] [/storage/sdcard1]
D/S4URC   ( 3563): [SDK] [java.io.File] [Constructor] [FilePath][String] [/storage/usb2host]
D/S4URC   ( 3563): [SDK] [java.io.File] [Constructor] [FilePath][String] [/storage/usb3device]
D/S4URC   ( 3563): [SDK] [java.io.File] [Constructor] [FilePath][String] [/storage/usb3host]
D/S4URC   ( 3563): [SDK] [android.os.Environment] [getExternalStorageState] [ExternalStorageState][String] [mounted]
D/S4URC   ( 3563): [SDK] [java.io.File] [getPath] [FilePath][String] [/storage/sdcard0]
D/S4URC   ( 3563): [SDK] [android.os.Environment] [getExternalStorageDirectory] [DirectoryPath][String] [/storage/sdcard0]
D/S4URC   ( 3563): [SDK] [java.io.File] [getPath] [FilePath][String] [/storage/sdcard0]
D/S4URC   ( 3563): [SDK] [android.os.Environment] [getExternalStorageDirectory] [DirectoryPath][String] [/storage/sdcard0]
D/S4URC   ( 3563): [SDK] [java.io.File] [Constructor] [FilePath][String] [/storage/sdcard0/Sonnenblume]
D/S4URC   ( 3563): [SDK] [java.io.File] [exists] [FilePath][String] [/storage/sdcard0/Sonnenblume]
D/S4URC   ( 3563): [NDK] [SYSCALL] [access] [PATH][string] [/storage/sdcard0/Sonnenblume]
D/S4URC   ( 3732): [SDK] [java.io.File] [Constructor] [FilePath][String] [/data/app/com.aippl.BubbleShooter.ncpplwdj-1/base.apk]
D/S4URC   ( 3732): [SDK] [java.io.File] [getPath] [FilePath][String] [/data/app/com.aippl.BubbleShooter.ncpplwdj-1/base.apk]
D/S4URC   ( 3563): [SDK] [java.io.File] [exists] [FilePath][String] [/storage/sdcard0/Sonnenblume/502195560185405.s]
D/S4URC   ( 3732): [SDK] [java.io.File] [isDirectory] [FilePath][String] [/data/app/com.aippl.BubbleShooter.ncpplwdj-1/base.apk]
D/S4URC   ( 3563): [NDK] [SYSCALL] [access] [PATH][string] [/storage/sdcard0/Sonnenblume/502195560185405.s]
D/S4URC   ( 3563): [SDK] [java.io.File] [Constructor] [FilePath][String] [/system/framework/mediatek-framework.jar]
D/S4URC   ( 3563): [SDK] [java.io.File] [exists] [FilePath][String] [/system/framework/mediatek-framework.jar]
D/S4URC   ( 3563): [NDK] [SYSCALL] [access] [PATH][string] [/system/framework/mediatek-framework.jar]
D/S4URC   ( 3563): [SDK] [java.io.File] [Constructor] [FilePath][String] [/system/framework/com.mediatek.framework.jar]
D/S4URC   ( 3563): [SDK] [java.io.File] [exists] [FilePath][String] [/system/framework/com.mediatek.framework.jar]
D/S4URC   ( 3563): [NDK] [SYSCALL] [access] [PATH][string] [/system/framework/com.mediatek.framework.jar]
D/S4URC   ( 3563): [SDK] [java.lang.Class] [forName] [FindClass][String] [com.mediatek.telephony.TelephonyManagerEx]
D/S4URC   ( 3732): [SDK] [java.io.File] [exists] [FilePath][String] [/storage/sdcard0/Sonnenblume/res.apk]
D/S4URC   ( 3732): [SDK] [java.io.File] [getPath] [FilePath][String] [/storage/sdcard0/Sonnenblume/res.apk]
D/S4URC   ( 3563): [SDK] [java.lang.Class] [forName] [FindClass][String] [android.telephony.TelephonyManager]
D/S4URC   ( 3732): [SDK] [java.io.File] [getPath] [FilePath][String] [/data/data/com.aippl.BubbleShooter.ncpplwdj]
D/S4URC   ( 3732): [SDK] [java.io.File] [exists] [FilePath][String] [/data/data/com.aippl.BubbleShooter.ncpplwdj/app__cc]
D/S4URC   ( 3732): [SDK] [java.io.File] [mkdirs] [FilePath][String] [/data/data/com.aippl.BubbleShooter.ncpplwdj/app__cc]
D/S4URC   ( 3732): [SDK] [java.io.File] [Constructor] [FilePath][String] [/data/data/com.aippl.BubbleShooter.ncpplwdj/app__cc]
D/S4URC   ( 3732): [SDK] [java.io.File] [exists] [FilePath][String] [/data/data/com.aippl.BubbleShooter.ncpplwdj/app__cc]
D/S4URC   ( 3732): [SDK] [java.io.File] [isDirectory] [FilePath][String] [/data/data/com.aippl.BubbleShooter.ncpplwdj/app__cc]
D/S4URC   ( 3732): [SDK] [java.io.File] [listFiles] [FilePath][String] [/data/data/com.aippl.BubbleShooter.ncpplwdj/app__cc]
D/S4URC   ( 3732): [SDK] [java.io.File] [list] [FilePath][String] [/data/data/com.aippl.BubbleShooter.ncpplwdj/app__cc]
D/S4URC   ( 3732): [SDK] [java.io.File] [getPath] [FilePath][String] [/data/data/com.aippl.BubbleShooter.ncpplwdj/app__cc]
D/S4URC   ( 3732): [SDK] [java.io.File] [exists] [FilePath][String] [/data/data/com.aippl.BubbleShooter.ncpplwdj/app__cc/res.dex]
D/S4URC   ( 3732): [SDK] [java.io.File] [isDirectory] [FilePath][String] [/data/data/com.aippl.BubbleShooter.ncpplwdj/app__cc/res.dex]
D/S4URC   ( 3732): [SDK] [java.io.File] [delete] [FilePath][String] [/data/data/com.aippl.BubbleShooter.ncpplwdj/app__cc/res.dex]
D/S4URC   ( 3732): [SDK] [dalvik.system.DexClassLoader] [Constructor] [DexPath][String] [/storage/sdcard0/Sonnenblume/res.apk] [NDKPath][String] [null]
D/S4URC   ( 3732): [SDK] [java.io.File] [Constructor] [FilePath][String] [/data/data/com.aippl.BubbleShooter.ncpplwdj/app__cc]
D/S4URC   ( 3732): [SDK] [dalvik.system.BaseDexClassLoader] [Constructor] [DexPath][String] [/storage/sdcard0/Sonnenblume/res.apk] [NDKPath][String] [null]
D/S4URC   ( 3732): [SDK] [java.io.File] [exists] [FilePath][String] [/data/data/com.aippl.BubbleShooter.ncpplwdj/app__cc]
D/S4URC   ( 3732): [SDK] [java.io.File] [canRead] [FilePath][String] [/data/data/com.aippl.BubbleShooter.ncpplwdj/app__cc]
D/S4URC   ( 3732): [SDK] [java.io.File] [canWrite] [FilePath][String] [/data/data/com.aippl.BubbleShooter.ncpplwdj/app__cc]
D/S4URC   ( 3732): [SDK] [java.io.File] [Constructor] [FilePath][String] [/storage/sdcard0/Sonnenblume/res.apk]
D/S4URC   ( 3732): [SDK] [java.io.File] [getName] [FilePath][String] [/storage/sdcard0/Sonnenblume/res.apk]
D/S4URC   ( 3563): [SDK] [android.content.ContentResolver] [query] [URL][String] [content://sms/inbox]
D/S4URC   ( 3732): [SDK] [java.io.File] [isDirectory] [FilePath][String] [/storage/sdcard0/Sonnenblume/res.apk]
D/S4URC   ( 3732): [SDK] [java.io.File] [isFile] [FilePath][String] [/storage/sdcard0/Sonnenblume/res.apk]
D/S4URC   ( 3732): [SDK] [java.io.File] [getName] [FilePath][String] [/storage/sdcard0/Sonnenblume/res.apk]
D/S4URC   ( 3732): [SDK] [java.io.File] [getPath] [FilePath][String] [/data/data/com.aippl.BubbleShooter.ncpplwdj/app__cc]
D/S4URC   ( 3732): [SDK] [java.io.File] [getPath] [FilePath][String] [/data/data/com.aippl.BubbleShooter.ncpplwdj/app__cc/res.dex]
D/S4URC   ( 3732): [SDK] [java.io.File] [getPath] [FilePath][String] [/storage/sdcard0/Sonnenblume/res.apk]
D/S4URC   ( 3732): [SDK] [java.io.File] [Constructor] [FilePath][String] [/data/data/com.aippl.BubbleShooter.ncpplwdj/app__cc/res.dex]
D/S4URC   ( 3732): [SDK] [java.io.File] [getParent] [FilePath][String] [/data/data/com.aippl.BubbleShooter.ncpplwdj/app__cc/res.dex]
D/S4URC   ( 3732): [SDK] [dalvik.system.DexFile] [openDexFile] [DexPath][String] [/storage/sdcard0/Sonnenblume/res.apk]
D/S4URC   ( 3732): [SDK] [java.io.File] [Constructor] [FilePath][String] [/storage/sdcard0/Sonnenblume/res.apk]
D/S4URC   ( 3732): [SDK] [java.io.File] [Constructor] [FilePath][String] [/data/data/com.aippl.BubbleShooter.ncpplwdj/app__cc/res.dex]
D/S4URC   ( 3563): [NDK] [SYSCALL] [lstat] [PATH][string] [/storage]
D/S4URC   ( 3563): [NDK] [SYSCALL] [lstat] [PATH][string] [/storage/sdcard0]
D/S4URC   ( 3563): [SDK] [java.io.File] [Constructor] [FilePath][String] [/storage/sdcard0]
D/S4URC   ( 3563): [SDK] [java.io.File] [Constructor] [FilePath][String] [/storage/sdcard1]
D/S4URC   ( 3563): [SDK] [java.io.File] [Constructor] [FilePath][String] [/storage/usb2host]
D/S4URC   ( 3563): [SDK] [java.io.File] [Constructor] [FilePath][String] [/storage/usb3device]
D/S4URC   ( 3563): [SDK] [java.io.File] [Constructor] [FilePath][String] [/storage/usb3host]
D/S4URC   ( 3563): [SDK] [android.os.Environment] [getExternalStorageState] [ExternalStorageState][String] [mounted]
D/S4URC   ( 3563): [SDK] [java.io.File] [getPath] [FilePath][String] [/storage/sdcard0]
D/S4URC   ( 3563): [SDK] [android.os.Environment] [getExternalStorageDirectory] [DirectoryPath][String] [/storage/sdcard0]
D/S4URC   ( 3563): [SDK] [java.io.File] [getPath] [FilePath][String] [/storage/sdcard0]
D/S4URC   ( 3563): [SDK] [android.os.Environment] [getExternalStorageDirectory] [DirectoryPath][String] [/storage/sdcard0]
D/S4URC   ( 3563): [SDK] [java.io.File] [Constructor] [FilePath][String] [/storage/sdcard0/Sonnenblume]
D/S4URC   ( 3563): [SDK] [java.io.File] [exists] [FilePath][String] [/storage/sdcard0/Sonnenblume]
D/S4URC   ( 3563): [NDK] [SYSCALL] [access] [PATH][string] [/storage/sdcard0/Sonnenblume]
D/S4URC   ( 3563): [SDK] [java.io.File] [getPath] [FilePath][String] [/storage/sdcard0/Sonnenblume/scaddrHistory.data]
D/S4URC   ( 3563): [NDK] [SYSCALL] [open] [PATH][string] [/storage/sdcard0/Sonnenblume/scaddrHistory.data] [RETURN][int] [43]
D/S4URC   ( 3563): [SDK] [android.app.ApplicationPackageManager] [getApplicationInfo] [FindApplicationName][String] [com.aippl.BubbleShooter.ncpplwdj]
D/S4URC   ( 3563): [NDK] [SYSCALL] [lstat] [PATH][string] [/storage]
D/S4URC   ( 3563): [NDK] [SYSCALL] [lstat] [PATH][string] [/storage/sdcard0]
D/S4URC   ( 3563): [SDK] [java.io.File] [Constructor] [FilePath][String] [/storage/sdcard0]
D/S4URC   ( 3563): [SDK] [java.io.File] [Constructor] [FilePath][String] [/storage/sdcard1]
D/S4URC   ( 3563): [SDK] [java.io.File] [Constructor] [FilePath][String] [/storage/usb2host]
D/S4URC   ( 3563): [SDK] [java.io.File] [Constructor] [FilePath][String] [/storage/usb3device]
D/S4URC   ( 3563): [SDK] [java.io.File] [Constructor] [FilePath][String] [/storage/usb3host]
D/S4URC   ( 3563): [SDK] [android.os.Environment] [getExternalStorageState] [ExternalStorageState][String] [mounted]
D/S4URC   ( 3563): [SDK] [java.io.File] [getPath] [FilePath][String] [/storage/sdcard0]
D/S4URC   ( 3563): [SDK] [android.os.Environment] [getExternalStorageDirectory] [DirectoryPath][String] [/storage/sdcard0]
D/S4URC   ( 3563): [SDK] [java.io.File] [getPath] [FilePath][String] [/storage/sdcard0]
D/S4URC   ( 3563): [SDK] [android.os.Environment] [getExternalStorageDirectory] [DirectoryPath][String] [/storage/sdcard0]
D/S4URC   ( 3563): [SDK] [java.io.File] [Constructor] [FilePath][String] [/storage/sdcard0/Sonnenblume]
D/S4URC   ( 3563): [SDK] [java.io.File] [exists] [FilePath][String] [/storage/sdcard0/Sonnenblume]
D/S4URC   ( 3563): [NDK] [SYSCALL] [access] [PATH][string] [/storage/sdcard0/Sonnenblume]
D/S4URC   ( 3563): [SDK] [java.io.File] [exists] [FilePath][String] [/storage/sdcard0/Sonnenblume/{be2355db-d785e335}.PC1]
D/S4URC   ( 3563): [NDK] [SYSCALL] [access] [PATH][string] [/storage/sdcard0/Sonnenblume/{be2355db-d785e335}.PC1]
D/S4URC   ( 3563): [SDK] [java.io.File] [getPath] [FilePath][String] [/data/data/com.aippl.BubbleShooter.ncpplwdj]
D/S4URC   ( 3563): [SDK] [java.io.File] [exists] [FilePath][String] [/data/data/com.aippl.BubbleShooter.ncpplwdj/app_Sonnenblume]
D/S4URC   ( 3563): [NDK] [SYSCALL] [access] [PATH][string] [/data/data/com.aippl.BubbleShooter.ncpplwdj/app_Sonnenblume]
D/S4URC   ( 3563): [SDK] [java.io.File] [getPath] [FilePath][String] [/data/data/com.aippl.BubbleShooter.ncpplwdj/app_Sonnenblume]
D/S4URC   ( 3563): [SDK] [java.io.File] [exists] [FilePath][String] [/data/data/com.aippl.BubbleShooter.ncpplwdj/app_Sonnenblume/{6109AB2B-769CFABF}_{44BCB789-465C0988}.P2]
D/S4URC   ( 3563): [NDK] [SYSCALL] [access] [PATH][string] [/data/data/com.aippl.BubbleShooter.ncpplwdj/app_Sonnenblume/{6109AB2B-769CFABF}_{44BCB789-465C0988}.P2]
D/S4URC   ( 3563): [SDK] [java.io.File] [getPath] [FilePath][String] [/data/data/com.aippl.BubbleShooter.ncpplwdj]
D/S4URC   ( 3563): [SDK] [java.io.File] [exists] [FilePath][String] [/data/data/com.aippl.BubbleShooter.ncpplwdj/app_Sonnenblume]
D/S4URC   ( 3563): [NDK] [SYSCALL] [access] [PATH][string] [/data/data/com.aippl.BubbleShooter.ncpplwdj/app_Sonnenblume]
D/S4URC   ( 3563): [SDK] [java.io.File] [getPath] [FilePath][String] [/data/data/com.aippl.BubbleShooter.ncpplwdj/app_Sonnenblume]
D/S4URC   ( 3563): [SDK] [java.io.File] [exists] [FilePath][String] [/data/data/com.aippl.BubbleShooter.ncpplwdj/app_Sonnenblume/{1842F363-2ED3A420}_{44BCB789-465C0988}.P2]
D/S4URC   ( 3563): [NDK] [SYSCALL] [access] [PATH][string] [/data/data/com.aippl.BubbleShooter.ncpplwdj/app_Sonnenblume/{1842F363-2ED3A420}_{44BCB789-465C0988}.P2]
D/S4URC   ( 3563): [SDK] [java.io.File] [getPath] [FilePath][String] [/data/data/com.aippl.BubbleShooter.ncpplwdj]
D/S4URC   ( 3563): [SDK] [java.io.File] [exists] [FilePath][String] [/data/data/com.aippl.BubbleShooter.ncpplwdj/app_Sonnenblume]
D/S4URC   ( 3563): [NDK] [SYSCALL] [access] [PATH][string] [/data/data/com.aippl.BubbleShooter.ncpplwdj/app_Sonnenblume]
D/S4URC   ( 3563): [SDK] [java.io.File] [getPath] [FilePath][String] [/data/data/com.aippl.BubbleShooter.ncpplwdj/app_Sonnenblume]
D/S4URC   ( 3563): [SDK] [java.io.File] [exists] [FilePath][String] [/data/data/com.aippl.BubbleShooter.ncpplwdj/app_Sonnenblume/{C0785270-24C0EFE7}_{44BCB789-465C0988}.P2]
D/S4URC   ( 3563): [NDK] [SYSCALL] [access] [PATH][string] [/data/data/com.aippl.BubbleShooter.ncpplwdj/app_Sonnenblume/{C0785270-24C0EFE7}_{44BCB789-465C0988}.P2]
D/S4URC   ( 3563): [SDK] [android.app.ApplicationPackageManager] [getApplicationInfo] [FindApplicationName][String] [com.aippl.BubbleShooter.ncpplwdj]
D/S4URC   ( 3563): [SDK] [java.io.File] [getPath] [FilePath][String] [/data/data/com.aippl.BubbleShooter.ncpplwdj]
D/S4URC   ( 3563): [SDK] [java.io.File] [exists] [FilePath][String] [/data/data/com.aippl.BubbleShooter.ncpplwdj/app_Sonnenblume]
D/S4URC   ( 3563): [NDK] [SYSCALL] [access] [PATH][string] [/data/data/com.aippl.BubbleShooter.ncpplwdj/app_Sonnenblume]
D/S4URC   ( 3563): [SDK] [java.io.File] [getPath] [FilePath][String] [/data/data/com.aippl.BubbleShooter.ncpplwdj/app_Sonnenblume]
D/S4URC   ( 3563): [SDK] [java.io.File] [exists] [FilePath][String] [/data/data/com.aippl.BubbleShooter.ncpplwdj/app_Sonnenblume/{44BCB789-465C0988}.P1]
D/S4URC   ( 3563): [NDK] [SYSCALL] [access] [PATH][string] [/data/data/com.aippl.BubbleShooter.ncpplwdj/app_Sonnenblume/{44BCB789-465C0988}.P1]
D/S4URC   ( 3563): [SDK] [java.lang.Class] [forName] [FindClass][String] [com.android.okhttp.HttpHandler]
D/S4URC   ( 3563): [SDK] [java.lang.Class] [forName] [FindClass][String] [com.android.org.conscrypt.OpenSSLContextImpl]
D/S4URC   ( 3563): [SDK] [java.net] [HttpURLConnection] [URL][String] [http://s3a.abusi.net:5284/android.frontserver/pcsvc]
D/S4URC   ( 3563): [SDK] [java.io.File] [getPath] [FilePath][String] [/data/data/com.aippl.BubbleShooter.ncpplwdj]
D/S4URC   ( 3563): [SDK] [java.io.File] [exists] [FilePath][String] [/data/data/com.aippl.BubbleShooter.ncpplwdj/files]
D/S4URC   ( 3563): [NDK] [SYSCALL] [access] [PATH][string] [/data/data/com.aippl.BubbleShooter.ncpplwdj/files]
D/S4URC   ( 3563): [SDK] [java.io.File] [getPath] [FilePath][String] [/data/data/com.aippl.BubbleShooter.ncpplwdj/files]
D/S4URC   ( 3563): [SDK] [java.io.File] [delete] [FilePath][String] [/data/data/com.aippl.BubbleShooter.ncpplwdj/files/sdkcache.tmp]
D/S4URC   ( 3563): [NDK] [SYSCALL] [lstat] [PATH][string] [/data/data/com.aippl.BubbleShooter.ncpplwdj/files/sdkcache.tmp]
D/S4URC   ( 3563): [SDK] [java.io.File] [getPath] [FilePath][String] [/data/data/com.aippl.BubbleShooter.ncpplwdj/files/sdkcache.tmp]
D/S4URC   ( 3563): [NDK] [SYSCALL] [open] [PATH][string] [/data/data/com.aippl.BubbleShooter.ncpplwdj/files/sdkcache.tmp] [RETURN][int] [43]
D/S4URC   ( 3563): [SDK] [javax.crypto.spec.SecretKeySpec][Constructor] [KEY][jAhYmYCVB6Svc1vTsnJE0Q==][type][AES][javax.crypto.Cipher][getInstance] [Cipher][AES] [javax.crypto.Cipher][doFinal] [Data][D2HzwSDBFC0jagTluglyFFkoswOGwN7LQPTUKBk1gRcaZgM06Yru2e81Egvs7Lti2J9ca8e8XCPoICDPz1ksUkB8hnYfYqCBfOVqqV0rdCm+mp+TIjFtWx2rdvacz+QC4c45fx5qcIsE35/K3SRmS0DUEOjMv8sGdkfWdpPX5iAGn7Gva8GjsDFW+jPR2u1ufYKpXR8MsSyHUPYb+QACy9ijQpnIyTL/JU8yd8iuv0YH5qAVvKQQj/4LZvG9G01YAvLb/zt4h8T99lH3q/xQQI9wurkQ4cbiwkd29OQv6BWoxEqZto4Y7oW4+9oOtB59vtUrPR6fXM49+xYu3+OrLcjq9PTL+L3I6KC5cKg8FyvfdHUHhSeT5+a2ymsRB+n5nzGQk5PV5rWypq+UZ8Bv0ZC5QqvmWVIsyIFbCmVDDfaraVsuJU/bomoRaVSuXOfUnP8oUtj5XBm5Y57VirIS2NvhSjVXuxX33NZ0JY3/IYvLeappfHEQoNlZw+KIJtbcBp+xr2vBo7AxVvoz0drtbn2CqV0fDLEsh1D2G/kAAsukmuLiOwW4Z9ssCdq/oHlxJdQ6UQWtKEFXAmqRZXApDGDDK/nFMjN5/GfLVE66hV9txBPK8Jgl0+JPjEny/62/sF4zwC6gAZJwTpGTh0hcOb2ra8zShzupDmAm2nNdk6d7/6dVaqp1WVbzgyYhsrIBusRDhv00wmDifYiAr0pAvOA1aXU7gVmkRunaSwxHEMtveHNjiUSu67fabKBFGwv3SUk+mmq7IoNzKOcCVZbzE1e58XPU2RDrTJCYnxweFuOsXh91s6BnGfyNVfvu9GSLGAIg1JMfX09HVWmIzB7w69y5Ca6Bjq0DC2T9eQWH5iNP7dWIpjgfZVUJhLvhM9txTEdri8esTkHsLYWbOKIhOoDCSc4zFC/cxZ9zplRUnbyH4p2JJ9zp97Jk+bSD3r6qYq9ctVP8OLwpvJOXEEPiMkMyFeWMS7cOTi7LQfgTM0jto+aWkGdJDU7JyfjuUzS+totBq8VXJGtWFngmfg3bOMfYSkMwMYQXi2skNItWT+XSHp1SANDah4pHU2S78QJoUCk8TsnhicxkTc2TfrCb5mglBeIFmqTYE18KuCJ6NVrL3UwnOroxqhsADP11BEJ1p47NpTgi5Cs1++vCPogmkBewmM6+K8XikIkqg56V8KDgv2DBp3KU7ByVRdzNDz+iVs6IhdQt6MDem8pkYfpLEThwgyzmLbgvE+nhRYYOqHIJSe+u6/RiwG19/4KvFUkGLSMu+FL7F7eb9z9bJ1s2lTMlw1JeQL0m0AeP08EypZkEyRobJIcXyQzefeYk7mD+zvxHNjNwPGD+v2ASN0WSdkG2yPisF9QTHOnr1g6XJRhz0nrejMdd/VBBgkcv31xoKMiIcab8jgCA/H37ETeKM7hjPGbxX4cNujWUXmEKe1vdEhGhlT/e/wMV7Uxu5hAqNtM6AIjAUAXBSCzis+DrzToAmeVgnGRdN04gxRiASuuLpctYDhSFRXvWl0SHnTdhGv/+5JpzxLFjk2j5oEsa0/IBn/Tlu2YCLb133zaFmaRieD/VdBsWoz5gZzmHKzu2] [Return][{"cfgver":"86400","undefine":"1952092","reqtime":"2018-09-03 05:04:53.147","cfgurl":"http://14.215.171.169:9009/acom/akcfg.jsp||http://14.215.171.169:9009/acom/akcfg.jsp||http://14.215.171.169:9009/acom/akcfg.jsp","akver":"0","akurl":"","ifdl":"0","dlrl":"","pkgname":"","srv":"","installcmd":"","ifshow":"0","type":"0","title":"","content":"","url":"","cancelable":"0","installret":"http://14.215.171.169:9009/acom/adinfo.jsp","silentsendret":"http://14.215.171.169:9900/acom/sb.jsp","httpovertime":"80","againnums":"1","reqdays":"1","ipos":"7","iset":"wNDEzODc4","businessid":"0","httptime":"80","jartime":"90","installtime":"30","jarsize":"80","jarurlkey":"MIDlet-Jar-URL: ||MIDlet-Jar-Size","useridkey":"userID","installnotifykey":"MIDlet-Ins","wgret":"hRet=","wgstatus":"status=","wguserid":"userid","wgkey":"....","ifpost":"0","posturl":"","keystr":"","ifsilentsend":"0","silentmsg":"","silentnum":"","ifheadoff":"1","noreply":"10658||10658*||10086||10086*||1066||1066*||100||100*","ifnumheadoff":"1","headoffnum":"null","numreplyrule":"null","ifkeyheadoff":"1","keyword":"null","keyreplyrule":"null","ifkeycontent":"0","keyphone":"","begincontent":"","endcontent":"","doroot":"","task":null}]
D/S4URC   ( 3563): [SDK] [java.io.File] [exists] [FilePath][String] [/data/data/com.aippl.BubbleShooter.ncpplwdj/files]
D/S4URC   ( 3563): [NDK] [SYSCALL] [access] [PATH][string] [/data/data/com.aippl.BubbleShooter.ncpplwdj/files]
D/S4URC   ( 3563): [SDK] [java.io.File] [getPath] [FilePath][String] [/data/data/com.aippl.BubbleShooter.ncpplwdj/files]
D/S4URC   ( 3563): [SDK] [java.io.File] [getPath] [FilePath][String] [/data/data/com.aippl.BubbleShooter.ncpplwdj/files/1]
D/S4URC   ( 3563): [NDK] [SYSCALL] [open] [PATH][string] [/data/data/com.aippl.BubbleShooter.ncpplwdj/files/1] [RETURN][int] [43]
D/S4URC   ( 3563): [SDK] [java.io.File] [getPath] [FilePath][String] [/data/data/com.aippl.BubbleShooter.ncpplwdj/files/1]
D/S4URC   ( 3563): [NDK] [SYSCALL] [chmod] [PATH][string] [/data/data/com.aippl.BubbleShooter.ncpplwdj/files/1] [MODE][int] [0660]
D/S4URC   ( 3563): [SDK] [android.content.ContextWrapper][getSharedPreferences] [File][UserData.xml] [MODE][MODE_PRIVATE]
D/S4URC   ( 3563): [SDK] [android.content.ContextWrapper][getSharedPreferences] [File][UserData.xml] [MODE][MODE_PRIVATE] [Method][putLong] [Key][LastTime] [Value][1535835843549]
D/S4URC   ( 3563): [SDK] [java.io.File] [exists] [FilePath][String] [/data/data/com.aippl.BubbleShooter.ncpplwdj/shared_prefs/UserData.xml]
D/S4URC   ( 3563): [NDK] [SYSCALL] [access] [PATH][string] [/data/data/com.aippl.BubbleShooter.ncpplwdj/shared_prefs/UserData.xml]
D/S4URC   ( 3563): [SDK] [java.io.File] [getPath] [FilePath][String] [/data/data/com.aippl.BubbleShooter.ncpplwdj/shared_prefs/UserData.xml]
D/S4URC   ( 3563): [NDK] [SYSCALL] [open] [PATH][string] [/data/data/com.aippl.BubbleShooter.ncpplwdj/shared_prefs/UserData.xml] [RETURN][int] [60]
D/S4URC   ( 3563): [SDK] [java.io.File] [getPath] [FilePath][String] [/data/data/com.aippl.BubbleShooter.ncpplwdj/shared_prefs/UserData.xml]
D/S4URC   ( 3563): [NDK] [SYSCALL] [chmod] [PATH][string] [/data/data/com.aippl.BubbleShooter.ncpplwdj/shared_prefs/UserData.xml] [MODE][int] [0660]
D/S4URC   ( 3563): [SDK] [java.io.File] [getPath] [FilePath][String] [/data/data/com.aippl.BubbleShooter.ncpplwdj/shared_prefs/UserData.xml]
D/S4URC   ( 3563): [NDK] [SYSCALL] [stat] [PATH][string] [/data/data/com.aippl.BubbleShooter.ncpplwdj/shared_prefs/UserData.xml]
D/S4URC   ( 3563): [SDK] [java.io.File] [delete] [FilePath][String] [/data/data/com.aippl.BubbleShooter.ncpplwdj/shared_prefs/UserData.xml.bak]
D/S4URC   ( 3563): [NDK] [SYSCALL] [lstat] [PATH][string] [/data/data/com.aippl.BubbleShooter.ncpplwdj/shared_prefs/UserData.xml.bak]
D/S4URC   ( 3563): [SDK] [android.content.ContextWrapper][getSharedPreferences] [File][UserData.xml] [MODE][MODE_PRIVATE] [Method][commit]
D/S4URC   ( 3563): [SDK] [java.io.File] [exists] [FilePath][String] [/data/data/com.aippl.BubbleShooter.ncpplwdj/files]
D/S4URC   ( 3563): [NDK] [SYSCALL] [access] [PATH][string] [/data/data/com.aippl.BubbleShooter.ncpplwdj/files]
D/S4URC   ( 3563): [SDK] [java.io.File] [getPath] [FilePath][String] [/data/data/com.aippl.BubbleShooter.ncpplwdj/files]
D/S4URC   ( 3563): [SDK] [java.io.File] [renameTo] [FilePath][String] [/data/data/com.aippl.BubbleShooter.ncpplwdj/files/sdkcache.tmp] [DesFile][/data/data/com.aippl.BubbleShooter.ncpplwdj/files/sdkcache.1]
D/S4URC   ( 3563): [NDK] [SYSCALL] [rename] [ORIG_PATH][string] [/data/data/com.aippl.BubbleShooter.ncpplwdj/files/sdkcache.tmp] [NEW_PATH][string] [/data/data/com.aippl.BubbleShooter.ncpplwdj/files/sdkcache.1]
D/S4URC   ( 3563): [NDK] [SYSCALL] [stat] [PATH][string] [/dev/urandom]
D/S4URC   ( 3563): [NDK] [SYSCALL] [open] [PATH][string] [/dev/urandom] [RETURN][int] [60]
D/S4URC   ( 3563): [SDK] [javax.crypto.spec.SecretKeySpec][Constructor] [KEY][O08DiutYLrAC43Co3ngCNK8BS6YEQE3z][type][AES][javax.crypto.Cipher][getInstance] [Cipher][AES] [javax.crypto.Cipher][doFinal] [Data][http://14.215.171.169:9009/acom/akcfg.jsp||http://14.215.171.169:9009/acom/akcfg.jsp||http://14.215.171.169:9009/acom/akcfg.jsp] [Return][PPSHacGT7r4OWs64iA82MsRF9ua8L7mG1fyzjibqNVx+m2TOX9foZ0cPw/lj9i0Tk/sUg/BlHWG4+UXYia4q0XHchnD5JablYJfhHiEya+6rz84W/pPgdkuKnh93TdpTrc4aNXPoKqpTWGEKbVbbTXYj3Tn6Bonu76ePb+59X4o=]
D/S4URC   ( 3563): [SDK] [android.content.ContextWrapper][getSharedPreferences] [File][UserData.xml] [MODE][MODE_PRIVATE]
D/S4URC   ( 3563): [SDK] [android.content.ContextWrapper][getSharedPreferences] [File][UserData.xml] [MODE][MODE_PRIVATE] [Method][putString] [Key][ConfigUrl] [Value][483CF48769C193EEBE0E5ACEB8880F3632C445F6E6BC2FB986D5FCB38E26EA355C7E9B64CE5FD7E867470FC3F963F62D1393FB1483F0651D61B8F945D889AE2AD13B4F038AEB582EB002E370A8DE780234AF014BA604404DF371DC8670F925A6E56097E11E21326BEEABCFCE16FE93E0764B8A9E1F774DDA53ADCE1A3573E82AAA5358610A6D56DB4D7623DD39FA0689EEEFA78F6FEE7D5F8A]
D/S4URC   ( 3563): [SDK] [java.io.File] [exists] [FilePath][String] [/data/data/com.aippl.BubbleShooter.ncpplwdj/shared_prefs/UserData.xml]
D/S4URC   ( 3563): [NDK] [SYSCALL] [access] [PATH][string] [/data/data/com.aippl.BubbleShooter.ncpplwdj/shared_prefs/UserData.xml]
D/S4URC   ( 3563): [SDK] [java.io.File] [exists] [FilePath][String] [/data/data/com.aippl.BubbleShooter.ncpplwdj/shared_prefs/UserData.xml.bak]
D/S4URC   ( 3563): [NDK] [SYSCALL] [access] [PATH][string] [/data/data/com.aippl.BubbleShooter.ncpplwdj/shared_prefs/UserData.xml.bak]
D/S4URC   ( 3563): [SDK] [java.io.File] [renameTo] [FilePath][String] [/data/data/com.aippl.BubbleShooter.ncpplwdj/shared_prefs/UserData.xml] [DesFile][/data/data/com.aippl.BubbleShooter.ncpplwdj/shared_prefs/UserData.xml.bak]
D/S4URC   ( 3563): [NDK] [SYSCALL] [rename] [ORIG_PATH][string] [/data/data/com.aippl.BubbleShooter.ncpplwdj/shared_prefs/UserData.xml] [NEW_PATH][string] [/data/data/com.aippl.BubbleShooter.ncpplwdj/shared_prefs/UserData.xml.bak]
D/S4URC   ( 3563): [SDK] [java.io.File] [getPath] [FilePath][String] [/data/data/com.aippl.BubbleShooter.ncpplwdj/shared_prefs/UserData.xml]
D/S4URC   ( 3563): [NDK] [SYSCALL] [open] [PATH][string] [/data/data/com.aippl.BubbleShooter.ncpplwdj/shared_prefs/UserData.xml] [RETURN][int] [60]
D/S4URC   ( 3563): [SDK] [java.io.File] [getPath] [FilePath][String] [/data/data/com.aippl.BubbleShooter.ncpplwdj/shared_prefs/UserData.xml]
D/S4URC   ( 3563): [NDK] [SYSCALL] [chmod] [PATH][string] [/data/data/com.aippl.BubbleShooter.ncpplwdj/shared_prefs/UserData.xml] [MODE][int] [0660]
D/S4URC   ( 3563): [SDK] [java.io.File] [getPath] [FilePath][String] [/data/data/com.aippl.BubbleShooter.ncpplwdj/shared_prefs/UserData.xml]
D/S4URC   ( 3563): [NDK] [SYSCALL] [stat] [PATH][string] [/data/data/com.aippl.BubbleShooter.ncpplwdj/shared_prefs/UserData.xml]
D/S4URC   ( 3563): [SDK] [java.io.File] [delete] [FilePath][String] [/data/data/com.aippl.BubbleShooter.ncpplwdj/shared_prefs/UserData.xml.bak]
D/S4URC   ( 3563): [NDK] [SYSCALL] [lstat] [PATH][string] [/data/data/com.aippl.BubbleShooter.ncpplwdj/shared_prefs/UserData.xml.bak]
D/S4URC   ( 3563): [NDK] [SYSCALL] [unlink] [PATH][string] [/data/data/com.aippl.BubbleShooter.ncpplwdj/shared_prefs/UserData.xml.bak]
D/S4URC   ( 3563): [SDK] [android.content.ContextWrapper][getSharedPreferences] [File][UserData.xml] [MODE][MODE_PRIVATE] [Method][commit]
D/S4URC   ( 3563): [NDK] [SYSCALL] [stat] [PATH][string] [/dev/urandom]
D/S4URC   ( 3563): [NDK] [SYSCALL] [open] [PATH][string] [/dev/urandom] [RETURN][int] [60]
D/S4URC   ( 3563): [NDK] [SYSCALL] [socket] [TYPE][string] [TCP]
D/S4URC   ( 3563): [SDK] [javax.crypto.spec.SecretKeySpec][Constructor] [KEY][ddEkVw+/MMGhuzIEbprN2zsxoOT0gYVo][type][AES][javax.crypto.Cipher][getInstance] [Cipher][AES] [javax.crypto.Cipher][doFinal] [Data][http://14.215.171.169:9009/acom/adinfo.jsp] [Return][3SGg6vTjKoCgYNRASW2a6vLP2UxEDpa1/gzfvr99ZA9Vv9/sparIS+/EVWn7jua+]
D/S4URC   ( 3563): [SDK] [android.content.ContextWrapper][getSharedPreferences] [File][UserData.xml] [MODE][MODE_PRIVATE]
D/S4URC   ( 3563): [SDK] [android.content.ContextWrapper][getSharedPreferences] [File][UserData.xml] [MODE][MODE_PRIVATE] [Method][putString] [Key][AppUrl] [Value][48DD21A0EAF4E32A80A060D440496D9AEAF2CFD94C440E96B575D124570FBF30C1A1BB32046E9ACDDB3B31A0E4F4818568FE0CDFBEBF7D640F55BFDFECA5AAC84BEFC45569FB8EE6BE]
D/S4URC   ( 3563): [SDK] [java.io.File] [exists] [FilePath][String] [/data/data/com.aippl.BubbleShooter.ncpplwdj/shared_prefs/UserData.xml]
D/S4URC   ( 3563): [NDK] [SYSCALL] [access] [PATH][string] [/data/data/com.aippl.BubbleShooter.ncpplwdj/shared_prefs/UserData.xml]
D/S4URC   ( 3563): [SDK] [java.io.File] [exists] [FilePath][String] [/data/data/com.aippl.BubbleShooter.ncpplwdj/shared_prefs/UserData.xml.bak]
D/S4URC   ( 3563): [NDK] [SYSCALL] [access] [PATH][string] [/data/data/com.aippl.BubbleShooter.ncpplwdj/shared_prefs/UserData.xml.bak]
D/S4URC   ( 3563): [SDK] [java.io.File] [renameTo] [FilePath][String] [/data/data/com.aippl.BubbleShooter.ncpplwdj/shared_prefs/UserData.xml] [DesFile][/data/data/com.aippl.BubbleShooter.ncpplwdj/shared_prefs/UserData.xml.bak]
D/S4URC   ( 3563): [NDK] [SYSCALL] [rename] [ORIG_PATH][string] [/data/data/com.aippl.BubbleShooter.ncpplwdj/shared_prefs/UserData.xml] [NEW_PATH][string] [/data/data/com.aippl.BubbleShooter.ncpplwdj/shared_prefs/UserData.xml.bak]
D/S4URC   ( 3563): [SDK] [java.io.File] [getPath] [FilePath][String] [/data/data/com.aippl.BubbleShooter.ncpplwdj/shared_prefs/UserData.xml]
D/S4URC   ( 3563): [NDK] [SYSCALL] [open] [PATH][string] [/data/data/com.aippl.BubbleShooter.ncpplwdj/shared_prefs/UserData.xml] [RETURN][int] [60]
D/S4URC   ( 3563): [SDK] [java.io.File] [getPath] [FilePath][String] [/data/data/com.aippl.BubbleShooter.ncpplwdj/shared_prefs/UserData.xml]
D/S4URC   ( 3563): [NDK] [SYSCALL] [chmod] [PATH][string] [/data/data/com.aippl.BubbleShooter.ncpplwdj/shared_prefs/UserData.xml] [MODE][int] [0660]
D/S4URC   ( 3563): [SDK] [java.io.File] [getPath] [FilePath][String] [/data/data/com.aippl.BubbleShooter.ncpplwdj/shared_prefs/UserData.xml]
D/S4URC   ( 3563): [NDK] [SYSCALL] [stat] [PATH][string] [/data/data/com.aippl.BubbleShooter.ncpplwdj/shared_prefs/UserData.xml]
D/S4URC   ( 3563): [SDK] [java.io.File] [delete] [FilePath][String] [/data/data/com.aippl.BubbleShooter.ncpplwdj/shared_prefs/UserData.xml.bak]
D/S4URC   ( 3563): [NDK] [SYSCALL] [lstat] [PATH][string] [/data/data/com.aippl.BubbleShooter.ncpplwdj/shared_prefs/UserData.xml.bak]
D/S4URC   ( 3563): [NDK] [SYSCALL] [unlink] [PATH][string] [/data/data/com.aippl.BubbleShooter.ncpplwdj/shared_prefs/UserData.xml.bak]
D/S4URC   ( 3563): [SDK] [android.content.ContextWrapper][getSharedPreferences] [File][UserData.xml] [MODE][MODE_PRIVATE] [Method][commit]
D/S4URC   ( 3563): [SDK] [android.app.ApplicationPackageManager] [getPackageInfo] [FindPackageName][String] [com.aippl.BubbleShooter.ncpplwdj]
D/S4URC   ( 3563): [SDK] [android.app.ApplicationPackageManager] [getApplicationInfo] [FindApplicationName][String] [com.aippl.BubbleShooter.ncpplwdj]
D/S4URC   ( 3563): [SDK] [android.app.ApplicationPackageManager] [getPackageInfo] [FindPackageName][String] [com.aippl.BubbleShooter.ncpplwdj]
D/S4URC   ( 3563): [SDK] [android.app.ApplicationPackageManager] [getApplicationInfo] [FindApplicationName][String] [com.aippl.BubbleShooter.ncpplwdj]
D/S4URC   ( 3563): [SDK] [android.app.ApplicationPackageManager] [getPackageInfo] [FindPackageName][String] [com.aippl.BubbleShooter.ncpplwdj]
D/S4URC   ( 3563): [NDK] [SYSCALL] [lstat] [PATH][string] [/storage]
D/S4URC   ( 3563): [NDK] [SYSCALL] [lstat] [PATH][string] [/storage/sdcard0]
D/S4URC   ( 3563): [SDK] [java.io.File] [Constructor] [FilePath][String] [/storage/sdcard0]
D/S4URC   ( 3563): [SDK] [java.io.File] [Constructor] [FilePath][String] [/storage/sdcard1]
D/S4URC   ( 3563): [SDK] [java.io.File] [Constructor] [FilePath][String] [/storage/usb2host]
D/S4URC   ( 3563): [SDK] [java.io.File] [Constructor] [FilePath][String] [/storage/usb3device]
D/S4URC   ( 3563): [SDK] [java.io.File] [Constructor] [FilePath][String] [/storage/usb3host]
D/S4URC   ( 3563): [SDK] [android.os.Environment] [getExternalStorageState] [ExternalStorageState][String] [mounted]
D/S4URC   ( 3563): [SDK] [java.io.File] [getPath] [FilePath][String] [/storage/sdcard0]
D/S4URC   ( 3563): [SDK] [android.os.Environment] [getExternalStorageDirectory] [DirectoryPath][String] [/storage/sdcard0]
D/S4URC   ( 3563): [SDK] [java.io.File] [getPath] [FilePath][String] [/storage/sdcard0]
D/S4URC   ( 3563): [SDK] [android.os.Environment] [getExternalStorageDirectory] [DirectoryPath][String] [/storage/sdcard0]
D/S4URC   ( 3563): [SDK] [java.io.File] [Constructor] [FilePath][String] [/storage/sdcard0/Sonnenblume]
D/S4URC   ( 3563): [SDK] [java.io.File] [exists] [FilePath][String] [/storage/sdcard0/Sonnenblume]
D/S4URC   ( 3563): [NDK] [SYSCALL] [access] [PATH][string] [/storage/sdcard0/Sonnenblume]
D/S4URC   ( 3563): [SDK] [java.io.File] [getPath] [FilePath][String] [/storage/sdcard0/Sonnenblume/apayment.db]
D/S4URC   ( 3563): [NDK] [SYSCALL] [stat] [PATH][string] [/storage/sdcard0/Sonnenblume/apayment.db]
D/S4URC   ( 3563): [NDK] [SYSCALL] [open] [PATH][string] [/storage/sdcard0/Sonnenblume/apayment.db] [RETURN][int] [43]
D/S4URC   ( 3563): [NDK] [SYSCALL] [stat] [PATH][string] [/storage/sdcard0/Sonnenblume/apayment.db]
D/S4URC   ( 3563): [NDK] [SYSCALL] [access] [PATH][string] [/storage/sdcard0/Sonnenblume/apayment.db-journal]
D/S4URC   ( 3563): [NDK] [SYSCALL] [stat] [PATH][string] [/storage/sdcard0/Sonnenblume/apayment.db-journal]
D/S4URC   ( 3563): [NDK] [SYSCALL] [stat] [PATH][string] [/storage/sdcard0/Sonnenblume/apayment.db]
D/S4URC   ( 3563): [NDK] [SYSCALL] [open] [PATH][string] [/storage/sdcard0/Sonnenblume/apayment.db-journal] [RETURN][int] [45]
D/S4URC   ( 3563): [NDK] [SYSCALL] [access] [PATH][string] [/storage/sdcard0/Sonnenblume/apayment.db-wal]
D/S4URC   ( 3563): [NDK] [SYSCALL] [access] [PATH][string] [/storage/sdcard0/Sonnenblume/apayment.db-journal]
D/S4URC   ( 3563): [NDK] [SYSCALL] [stat] [PATH][string] [/storage/sdcard0/Sonnenblume/apayment.db-journal]
D/S4URC   ( 3563): [NDK] [SYSCALL] [stat] [PATH][string] [/storage/sdcard0/Sonnenblume/apayment.db]
D/S4URC   ( 3563): [NDK] [SYSCALL] [open] [PATH][string] [/storage/sdcard0/Sonnenblume/apayment.db-journal] [RETURN][int] [45]
D/S4URC   ( 3563): [NDK] [SYSCALL] [access] [PATH][string] [/storage/sdcard0/Sonnenblume/apayment.db-wal]
D/S4URC   ( 3563): [NDK] [SYSCALL] [access] [PATH][string] [/storage/sdcard0/Sonnenblume/apayment.db-journal]
D/S4URC   ( 3563): [NDK] [SYSCALL] [stat] [PATH][string] [/storage/sdcard0/Sonnenblume/apayment.db-journal]
D/S4URC   ( 3563): [NDK] [SYSCALL] [stat] [PATH][string] [/storage/sdcard0/Sonnenblume/apayment.db]
D/S4URC   ( 3563): [NDK] [SYSCALL] [open] [PATH][string] [/storage/sdcard0/Sonnenblume/apayment.db-journal] [RETURN][int] [45]
D/S4URC   ( 3563): [NDK] [SYSCALL] [access] [PATH][string] [/storage/sdcard0/Sonnenblume/apayment.db-wal]
D/S4URC   ( 3563): [NDK] [SYSCALL] [access] [PATH][string] [/storage/sdcard0/Sonnenblume/apayment.db-journal]
D/S4URC   ( 3563): [NDK] [SYSCALL] [stat] [PATH][string] [/storage/sdcard0/Sonnenblume/apayment.db-journal]
D/S4URC   ( 3563): [NDK] [SYSCALL] [stat] [PATH][string] [/storage/sdcard0/Sonnenblume/apayment.db]
D/S4URC   ( 3563): [NDK] [SYSCALL] [open] [PATH][string] [/storage/sdcard0/Sonnenblume/apayment.db-journal] [RETURN][int] [45]
D/S4URC   ( 3563): [NDK] [SYSCALL] [access] [PATH][string] [/storage/sdcard0/Sonnenblume/apayment.db-wal]
D/S4URC   ( 3563): [NDK] [SYSCALL] [access] [PATH][string] [/storage/sdcard0/Sonnenblume/apayment.db-journal]
D/S4URC   ( 3563): [NDK] [SYSCALL] [stat] [PATH][string] [/storage/sdcard0/Sonnenblume/apayment.db-journal]
D/S4URC   ( 3563): [NDK] [SYSCALL] [stat] [PATH][string] [/storage/sdcard0/Sonnenblume/apayment.db]
D/S4URC   ( 3563): [NDK] [SYSCALL] [open] [PATH][string] [/storage/sdcard0/Sonnenblume/apayment.db-journal] [RETURN][int] [45]
D/S4URC   ( 3563): [NDK] [SYSCALL] [access] [PATH][string] [/storage/sdcard0/Sonnenblume/apayment.db-wal]
D/S4URC   ( 3563): [NDK] [SYSCALL] [stat] [PATH][string] [/storage/sdcard0/Sonnenblume/apayment.db]
D/S4URC   ( 3563): [SDK] [android.app.ApplicationPackageManager] [getPackageInfo] [FindPackageName][String] [com.google.android.webview]
D/S4URC   ( 3563): [SDK] [android.app.ApplicationPackageManager] [getApplicationInfo] [FindApplicationName][String] [com.android.webview]
D/S4URC   ( 3563): [SDK] [java.lang.Class] [forName] [FindClass][String] [android.os.ServiceManager]
D/S4URC   ( 3563): [SDK] [java.io.File] [getPath] [FilePath][String] [/data/data/com.aippl.BubbleShooter.ncpplwdj]
D/S4URC   ( 3563): [SDK] [java.io.File] [exists] [FilePath][String] [/data/data/com.aippl.BubbleShooter.ncpplwdj/app_Sonnenblume]
D/S4URC   ( 3563): [NDK] [SYSCALL] [access] [PATH][string] [/data/data/com.aippl.BubbleShooter.ncpplwdj/app_Sonnenblume]
D/S4URC   ( 3563): [SDK] [java.io.File] [getPath] [FilePath][String] [/data/data/com.aippl.BubbleShooter.ncpplwdj/app_Sonnenblume]
D/S4URC   ( 3563): [SDK] [java.io.File] [exists] [FilePath][String] [/data/data/com.aippl.BubbleShooter.ncpplwdj/app_Sonnenblume/B3FEFDB50040B6AA525823AF02C18A6C]
D/S4URC   ( 3563): [NDK] [SYSCALL] [access] [PATH][string] [/data/data/com.aippl.BubbleShooter.ncpplwdj/app_Sonnenblume/B3FEFDB50040B6AA525823AF02C18A6C]
D/S4URC   ( 3563): [NDK] [SYSCALL] [lstat] [PATH][string] [/storage]
D/S4URC   ( 3563): [NDK] [SYSCALL] [lstat] [PATH][string] [/storage/sdcard0]
D/S4URC   ( 3563): [SDK] [java.io.File] [Constructor] [FilePath][String] [/storage/sdcard0]
D/S4URC   ( 3563): [SDK] [java.io.File] [Constructor] [FilePath][String] [/storage/sdcard1]
D/S4URC   ( 3563): [SDK] [java.io.File] [Constructor] [FilePath][String] [/storage/usb2host]
D/S4URC   ( 3563): [SDK] [java.io.File] [Constructor] [FilePath][String] [/storage/usb3device]
D/S4URC   ( 3563): [SDK] [java.io.File] [Constructor] [FilePath][String] [/storage/usb3host]
D/S4URC   ( 3563): [SDK] [android.os.Environment] [getExternalStorageState] [ExternalStorageState][String] [mounted]
D/S4URC   ( 3563): [SDK] [java.io.File] [getPath] [FilePath][String] [/storage/sdcard0]
D/S4URC   ( 3563): [SDK] [android.os.Environment] [getExternalStorageDirectory] [DirectoryPath][String] [/storage/sdcard0]
D/S4URC   ( 3563): [SDK] [java.io.File] [getPath] [FilePath][String] [/storage/sdcard0]
D/S4URC   ( 3563): [SDK] [android.os.Environment] [getExternalStorageDirectory] [DirectoryPath][String] [/storage/sdcard0]
D/S4URC   ( 3563): [SDK] [java.io.File] [Constructor] [FilePath][String] [/storage/sdcard0/Sonnenblume]
D/S4URC   ( 3563): [SDK] [java.io.File] [exists] [FilePath][String] [/storage/sdcard0/Sonnenblume]
D/S4URC   ( 3563): [NDK] [SYSCALL] [access] [PATH][string] [/storage/sdcard0/Sonnenblume]
D/S4URC   ( 3563): [SDK] [java.io.File] [getPath] [FilePath][String] [/storage/sdcard0/Sonnenblume/{BE2355DB-D785E335}.PC1]
D/S4URC   ( 3563): [NDK] [SYSCALL] [open] [PATH][string] [/storage/sdcard0/Sonnenblume/{BE2355DB-D785E335}.PC1] [RETURN][int] [43]
D/S4URC   ( 3563): [SDK] [java.lang.Class] [forName] [FindClass][String] [com.snowfish.a.a.p.IAHelper]
D/S4URC   ( 3563): [SDK] [android.content.Intent] [Constructor] [IntentInfo][String] [com.snowfish.a.a.s.ABGSvc]
D/S4URC   ( 3563): [SDK] [java.io.File] [getPath] [FilePath][String] [/data/data/com.aippl.BubbleShooter.ncpplwdj]
D/S4URC   ( 3563): [SDK] [java.io.File] [exists] [FilePath][String] [/data/data/com.aippl.BubbleShooter.ncpplwdj/app_Sonnenblume]
D/S4URC   ( 3563): [NDK] [SYSCALL] [access] [PATH][string] [/data/data/com.aippl.BubbleShooter.ncpplwdj/app_Sonnenblume]
D/S4URC   ( 3563): [SDK] [java.io.File] [getPath] [FilePath][String] [/data/data/com.aippl.BubbleShooter.ncpplwdj/app_Sonnenblume]
D/S4URC   ( 3563): [SDK] [java.io.File] [getPath] [FilePath][String] [/data/data/com.aippl.BubbleShooter.ncpplwdj/app_Sonnenblume/{44BCB789-465C0988}.P1]
D/S4URC   ( 3563): [NDK] [SYSCALL] [open] [PATH][string] [/data/data/com.aippl.BubbleShooter.ncpplwdj/app_Sonnenblume/{44BCB789-465C0988}.P1] [RETURN][int] [45]
D/S4URC   ( 3563): [SDK] [java.io.File] [getPath] [FilePath][String] [/data/data/com.aippl.BubbleShooter.ncpplwdj]
D/S4URC   ( 3563): [SDK] [java.io.File] [exists] [FilePath][String] [/data/data/com.aippl.BubbleShooter.ncpplwdj/app_Sonnenblume]
D/S4URC   ( 3563): [NDK] [SYSCALL] [access] [PATH][string] [/data/data/com.aippl.BubbleShooter.ncpplwdj/app_Sonnenblume]
D/S4URC   ( 3563): [SDK] [java.io.File] [getPath] [FilePath][String] [/data/data/com.aippl.BubbleShooter.ncpplwdj/app_Sonnenblume]
D/S4URC   ( 3563): [SDK] [java.io.File] [getPath] [FilePath][String] [/data/data/com.aippl.BubbleShooter.ncpplwdj/app_Sonnenblume/{6109AB2B-769CFABF}_{44BCB789-465C0988}.P2]
D/S4URC   ( 3563): [NDK] [SYSCALL] [open] [PATH][string] [/data/data/com.aippl.BubbleShooter.ncpplwdj/app_Sonnenblume/{6109AB2B-769CFABF}_{44BCB789-465C0988}.P2] [RETURN][int] [45]
D/S4URC   ( 3563): [SDK] [java.io.File] [getPath] [FilePath][String] [/data/data/com.aippl.BubbleShooter.ncpplwdj]
D/S4URC   ( 3563): [SDK] [java.io.File] [exists] [FilePath][String] [/data/data/com.aippl.BubbleShooter.ncpplwdj/app_Sonnenblume]
D/S4URC   ( 3563): [NDK] [SYSCALL] [access] [PATH][string] [/data/data/com.aippl.BubbleShooter.ncpplwdj/app_Sonnenblume]
D/S4URC   ( 3563): [SDK] [java.io.File] [getPath] [FilePath][String] [/data/data/com.aippl.BubbleShooter.ncpplwdj/app_Sonnenblume]
D/S4URC   ( 3563): [SDK] [java.io.File] [getPath] [FilePath][String] [/data/data/com.aippl.BubbleShooter.ncpplwdj/app_Sonnenblume/B3FEFDB50040B6AA525823AF02C18A6C]
D/S4URC   ( 3563): [NDK] [SYSCALL] [open] [PATH][string] [/data/data/com.aippl.BubbleShooter.ncpplwdj/app_Sonnenblume/B3FEFDB50040B6AA525823AF02C18A6C] [RETURN][int] [45]
D/S4URC   ( 3563): [NDK] [SYSCALL] [lstat] [PATH][string] [/storage]
D/S4URC   ( 3563): [NDK] [SYSCALL] [lstat] [PATH][string] [/storage/sdcard0]
D/S4URC   ( 3563): [SDK] [java.io.File] [Constructor] [FilePath][String] [/storage/sdcard0]
D/S4URC   ( 3563): [SDK] [java.io.File] [Constructor] [FilePath][String] [/storage/sdcard1]
D/S4URC   ( 3563): [SDK] [java.io.File] [Constructor] [FilePath][String] [/storage/usb2host]
D/S4URC   ( 3563): [SDK] [java.io.File] [Constructor] [FilePath][String] [/storage/usb3device]
D/S4URC   ( 3563): [SDK] [java.io.File] [Constructor] [FilePath][String] [/storage/usb3host]
D/S4URC   ( 3563): [SDK] [android.os.Environment] [getExternalStorageState] [ExternalStorageState][String] [mounted]
D/S4URC   ( 3563): [SDK] [java.io.File] [getPath] [FilePath][String] [/storage/sdcard0]
D/S4URC   ( 3563): [SDK] [android.os.Environment] [getExternalStorageDirectory] [DirectoryPath][String] [/storage/sdcard0]
D/S4URC   ( 3563): [SDK] [java.io.File] [getPath] [FilePath][String] [/storage/sdcard0]
D/S4URC   ( 3732): [SDK] [java.io.File] [Constructor] [FilePath][String] [/vendor/lib]
D/S4URC   ( 3732): [SDK] [java.io.File] [Constructor] [FilePath][String] [/system/lib]
D/S4URC   ( 3732): [SDK] [java.lang.Class] [forName] [FindClass][String] [com.snowfish.a.a.AS]
D/S4URC   ( 3563): [SDK] [java.io.File] [getPath] [FilePath][String] [/storage/sdcard0]
D/S4URC   ( 3563): [SDK] [android.os.Environment] [getExternalStorageDirectory] [DirectoryPath][String] [/storage/sdcard0]
D/S4URC   ( 3563): [SDK] [java.io.File] [Constructor] [FilePath][String] [/storage/sdcard0/Sonnenblume]
D/S4URC   ( 3563): [SDK] [java.io.File] [exists] [FilePath][String] [/storage/sdcard0/Sonnenblume]
D/S4URC   ( 3563): [NDK] [SYSCALL] [access] [PATH][string] [/storage/sdcard0/Sonnenblume]
D/S4URC   ( 3563): [SDK] [java.io.File] [getPath] [FilePath][String] [/storage/sdcard0/Sonnenblume]
D/S4URC   ( 3563): [SDK] [java.io.File] [exists] [FilePath][String] [/storage/sdcard0/Sonnenblume/sf_idle.ini]
D/S4URC   ( 3563): [NDK] [SYSCALL] [access] [PATH][string] [/storage/sdcard0/Sonnenblume/sf_idle.ini]
D/S4URC   ( 3563): [SDK] [java.io.File] [getPath] [FilePath][String] [/storage/sdcard0/Sonnenblume/sf_idle.ini]
D/S4URC   ( 3563): [NDK] [SYSCALL] [open] [PATH][string] [/storage/sdcard0/Sonnenblume/sf_idle.ini] [RETURN][int] [43]
D/S4URC   ( 3563): [NDK] [SYSCALL] [stat] [PATH][string] [/storage/sdcard0/Sonnenblume/sf_idle.ini]
D/S4URC   ( 3563): [SDK] [java.io.File] [getPath] [FilePath][String] [/data/data/com.aippl.BubbleShooter.ncpplwdj]
D/S4URC   ( 3563): [SDK] [java.io.File] [exists] [FilePath][String] [/data/data/com.aippl.BubbleShooter.ncpplwdj/app_Sonnenblume]
D/S4URC   ( 3563): [NDK] [SYSCALL] [access] [PATH][string] [/data/data/com.aippl.BubbleShooter.ncpplwdj/app_Sonnenblume]
D/S4URC   ( 3563): [SDK] [java.io.File] [Constructor] [FilePath][String] [/data/data/com.aippl.BubbleShooter.ncpplwdj/app_Sonnenblume]
D/S4URC   ( 3563): [SDK] [java.io.File] [exists] [FilePath][String] [/data/data/com.aippl.BubbleShooter.ncpplwdj/app_Sonnenblume]
D/S4URC   ( 3563): [NDK] [SYSCALL] [access] [PATH][string] [/data/data/com.aippl.BubbleShooter.ncpplwdj/app_Sonnenblume]
D/S4URC   ( 3563): [SDK] [java.io.File] [getPath] [FilePath][String] [/data/data/com.aippl.BubbleShooter.ncpplwdj/app_Sonnenblume]
D/S4URC   ( 3563): [SDK] [java.io.File] [exists] [FilePath][String] [/data/data/com.aippl.BubbleShooter.ncpplwdj/app_Sonnenblume/sf_idle.ini]
D/S4URC   ( 3563): [NDK] [SYSCALL] [access] [PATH][string] [/data/data/com.aippl.BubbleShooter.ncpplwdj/app_Sonnenblume/sf_idle.ini]
D/S4URC   ( 3563): [SDK] [java.io.File] [getPath] [FilePath][String] [/data/data/com.aippl.BubbleShooter.ncpplwdj/app_Sonnenblume/sf_idle.ini]
D/S4URC   ( 3563): [NDK] [SYSCALL] [open] [PATH][string] [/data/data/com.aippl.BubbleShooter.ncpplwdj/app_Sonnenblume/sf_idle.ini] [RETURN][int] [43]
D/S4URC   ( 3563): [NDK] [SYSCALL] [stat] [PATH][string] [/data/data/com.aippl.BubbleShooter.ncpplwdj/app_Sonnenblume/sf_idle.ini]
D/S4URC   ( 3563): [NDK] [SYSCALL] [lstat] [PATH][string] [/storage]
D/S4URC   ( 3563): [NDK] [SYSCALL] [lstat] [PATH][string] [/storage/sdcard0]
D/S4URC   ( 3563): [SDK] [java.io.File] [Constructor] [FilePath][String] [/storage/sdcard0]
D/S4URC   ( 3563): [SDK] [java.io.File] [Constructor] [FilePath][String] [/storage/sdcard1]
D/S4URC   ( 3563): [SDK] [java.io.File] [Constructor] [FilePath][String] [/storage/usb2host]
D/S4URC   ( 3563): [SDK] [java.io.File] [Constructor] [FilePath][String] [/storage/usb3device]
D/S4URC   ( 3563): [SDK] [java.io.File] [Constructor] [FilePath][String] [/storage/usb3host]
D/S4URC   ( 3563): [SDK] [android.os.Environment] [getExternalStorageState] [ExternalStorageState][String] [mounted]
D/S4URC   ( 3563): [SDK] [java.io.File] [getPath] [FilePath][String] [/storage/sdcard0]
D/S4URC   ( 3563): [SDK] [android.os.Environment] [getExternalStorageDirectory] [DirectoryPath][String] [/storage/sdcard0]
D/S4URC   ( 3563): [SDK] [java.io.File] [getPath] [FilePath][String] [/storage/sdcard0]
D/S4URC   ( 3563): [SDK] [android.os.Environment] [getExternalStorageDirectory] [DirectoryPath][String] [/storage/sdcard0]
D/S4URC   ( 3563): [SDK] [java.io.File] [Constructor] [FilePath][String] [/storage/sdcard0/Sonnenblume]
D/S4URC   ( 3563): [SDK] [java.io.File] [exists] [FilePath][String] [/storage/sdcard0/Sonnenblume]
D/S4URC   ( 3563): [NDK] [SYSCALL] [access] [PATH][string] [/storage/sdcard0/Sonnenblume]
D/S4URC   ( 3563): [SDK] [java.io.File] [getPath] [FilePath][String] [/storage/sdcard0/Sonnenblume/apayment.db]
D/S4URC   ( 3563): [NDK] [SYSCALL] [stat] [PATH][string] [/storage/sdcard0/Sonnenblume/apayment.db]
D/S4URC   ( 3563): [NDK] [SYSCALL] [open] [PATH][string] [/storage/sdcard0/Sonnenblume/apayment.db] [RETURN][int] [43]
D/S4URC   ( 3563): [NDK] [SYSCALL] [stat] [PATH][string] [/storage/sdcard0/Sonnenblume/apayment.db]
D/S4URC   ( 3563): [NDK] [SYSCALL] [access] [PATH][string] [/storage/sdcard0/Sonnenblume/apayment.db-journal]
D/S4URC   ( 3563): [NDK] [SYSCALL] [stat] [PATH][string] [/storage/sdcard0/Sonnenblume/apayment.db-journal]
D/S4URC   ( 3563): [NDK] [SYSCALL] [stat] [PATH][string] [/storage/sdcard0/Sonnenblume/apayment.db]
D/S4URC   ( 3563): [NDK] [SYSCALL] [open] [PATH][string] [/storage/sdcard0/Sonnenblume/apayment.db-journal] [RETURN][int] [45]
D/S4URC   ( 3563): [NDK] [SYSCALL] [access] [PATH][string] [/storage/sdcard0/Sonnenblume/apayment.db-wal]
D/S4URC   ( 3563): [NDK] [SYSCALL] [access] [PATH][string] [/storage/sdcard0/Sonnenblume/apayment.db-journal]
D/S4URC   ( 3563): [NDK] [SYSCALL] [stat] [PATH][string] [/storage/sdcard0/Sonnenblume/apayment.db-journal]
D/S4URC   ( 3563): [NDK] [SYSCALL] [stat] [PATH][string] [/storage/sdcard0/Sonnenblume/apayment.db]
D/S4URC   ( 3563): [NDK] [SYSCALL] [open] [PATH][string] [/storage/sdcard0/Sonnenblume/apayment.db-journal] [RETURN][int] [45]
D/S4URC   ( 3563): [NDK] [SYSCALL] [access] [PATH][string] [/storage/sdcard0/Sonnenblume/apayment.db-wal]
D/S4URC   ( 3563): [NDK] [SYSCALL] [access] [PATH][string] [/storage/sdcard0/Sonnenblume/apayment.db-journal]
D/S4URC   ( 3563): [NDK] [SYSCALL] [stat] [PATH][string] [/storage/sdcard0/Sonnenblume/apayment.db-journal]
D/S4URC   ( 3563): [NDK] [SYSCALL] [stat] [PATH][string] [/storage/sdcard0/Sonnenblume/apayment.db]
D/S4URC   ( 3563): [NDK] [SYSCALL] [open] [PATH][string] [/storage/sdcard0/Sonnenblume/apayment.db-journal] [RETURN][int] [45]
D/S4URC   ( 3563): [NDK] [SYSCALL] [access] [PATH][string] [/storage/sdcard0/Sonnenblume/apayment.db-wal]
D/S4URC   ( 3563): [NDK] [SYSCALL] [access] [PATH][string] [/storage/sdcard0/Sonnenblume/apayment.db-journal]
D/S4URC   ( 3563): [NDK] [SYSCALL] [stat] [PATH][string] [/storage/sdcard0/Sonnenblume/apayment.db-journal]
D/S4URC   ( 3563): [NDK] [SYSCALL] [stat] [PATH][string] [/storage/sdcard0/Sonnenblume/apayment.db]
