D/S4URC   ( 3563): [NDK] [SYSCALL] [open] [PATH][string] [/storage/sdcard0/Sonnenblume/apayment.db-journal] [RETURN][int] [45]
D/S4URC   ( 3563): [NDK] [SYSCALL] [access] [PATH][string] [/storage/sdcard0/Sonnenblume/apayment.db-wal]
D/S4URC   ( 3563): [NDK] [SYSCALL] [access] [PATH][string] [/storage/sdcard0/Sonnenblume/apayment.db-journal]
D/S4URC   ( 3563): [NDK] [SYSCALL] [stat] [PATH][string] [/storage/sdcard0/Sonnenblume/apayment.db-journal]
D/S4URC   ( 3563): [NDK] [SYSCALL] [stat] [PATH][string] [/storage/sdcard0/Sonnenblume/apayment.db]
D/S4URC   ( 3563): [NDK] [SYSCALL] [open] [PATH][string] [/storage/sdcard0/Sonnenblume/apayment.db-journal] [RETURN][int] [45]
D/S4URC   ( 3563): [NDK] [SYSCALL] [access] [PATH][string] [/storage/sdcard0/Sonnenblume/apayment.db-wal]
D/S4URC   ( 3563): [NDK] [SYSCALL] [lstat] [PATH][string] [/storage]
D/S4URC   ( 3563): [NDK] [SYSCALL] [lstat] [PATH][string] [/storage/sdcard0]
D/S4URC   ( 3563): [SDK] [java.io.File] [Constructor] [FilePath][String] [/storage/sdcard0]
D/S4URC   ( 3563): [SDK] [java.io.File] [Constructor] [FilePath][String] [/storage/sdcard1]
D/S4URC   ( 3563): [SDK] [java.io.File] [Constructor] [FilePath][String] [/storage/usb2host]
D/S4URC   ( 3563): [SDK] [java.io.File] [Constructor] [FilePath][String] [/storage/usb3device]
D/S4URC   ( 3563): [SDK] [java.io.File] [Constructor] [FilePath][String] [/storage/usb3host]
D/S4URC   ( 3563): [SDK] [android.os.Environment] [getExternalStorageState] [ExternalStorageState][String] [mounted]
D/S4URC   ( 3563): [SDK] [java.io.File] [getPath] [FilePath][String] [/storage/sdcard0]
D/S4URC   ( 3563): [SDK] [android.os.Environment] [getExternalStorageDirectory] [DirectoryPath][String] [/storage/sdcard0]
D/S4URC   ( 3563): [SDK] [java.io.File] [getPath] [FilePath][String] [/storage/sdcard0]
D/S4URC   ( 3563): [SDK] [android.os.Environment] [getExternalStorageDirectory] [DirectoryPath][String] [/storage/sdcard0]
D/S4URC   ( 3563): [SDK] [java.io.File] [Constructor] [FilePath][String] [/storage/sdcard0/Sonnenblume]
D/S4URC   ( 3563): [SDK] [java.io.File] [exists] [FilePath][String] [/storage/sdcard0/Sonnenblume]
D/S4URC   ( 3563): [NDK] [SYSCALL] [access] [PATH][string] [/storage/sdcard0/Sonnenblume]
D/S4URC   ( 3563): [SDK] [java.io.File] [getPath] [FilePath][String] [/storage/sdcard0/Sonnenblume]
D/S4URC   ( 3563): [SDK] [java.io.File] [getPath] [FilePath][String] [/storage/sdcard0/Sonnenblume/sf_idle.ini]
D/S4URC   ( 3563): [NDK] [SYSCALL] [open] [PATH][string] [/storage/sdcard0/Sonnenblume/sf_idle.ini] [RETURN][int] [53]
D/S4URC   ( 3563): [SDK] [java.io.File] [getPath] [FilePath][String] [/data/data/com.aippl.BubbleShooter.ncpplwdj]
D/S4URC   ( 3563): [SDK] [java.io.File] [exists] [FilePath][String] [/data/data/com.aippl.BubbleShooter.ncpplwdj/app_Sonnenblume]
D/S4URC   ( 3563): [NDK] [SYSCALL] [access] [PATH][string] [/data/data/com.aippl.BubbleShooter.ncpplwdj/app_Sonnenblume]
D/S4URC   ( 3563): [SDK] [java.io.File] [Constructor] [FilePath][String] [/data/data/com.aippl.BubbleShooter.ncpplwdj/app_Sonnenblume]
D/S4URC   ( 3563): [SDK] [java.io.File] [exists] [FilePath][String] [/data/data/com.aippl.BubbleShooter.ncpplwdj/app_Sonnenblume]
D/S4URC   ( 3563): [NDK] [SYSCALL] [access] [PATH][string] [/data/data/com.aippl.BubbleShooter.ncpplwdj/app_Sonnenblume]
D/S4URC   ( 3563): [SDK] [java.io.File] [getPath] [FilePath][String] [/data/data/com.aippl.BubbleShooter.ncpplwdj/app_Sonnenblume]
D/S4URC   ( 3563): [SDK] [java.io.File] [getPath] [FilePath][String] [/data/data/com.aippl.BubbleShooter.ncpplwdj/app_Sonnenblume/sf_idle.ini]
D/S4URC   ( 3563): [NDK] [SYSCALL] [open] [PATH][string] [/data/data/com.aippl.BubbleShooter.ncpplwdj/app_Sonnenblume/sf_idle.ini] [RETURN][int] [53]
D/S4URC   ( 3563): [NDK] [SYSCALL] [stat] [PATH][string] [/storage/sdcard0/Sonnenblume/apayment.db]
D/S4URC   ( 3563): [NDK] [SYSCALL] [lstat] [PATH][string] [/storage]
D/S4URC   ( 3563): [NDK] [SYSCALL] [lstat] [PATH][string] [/storage/sdcard0]
D/S4URC   ( 3563): [SDK] [java.io.File] [Constructor] [FilePath][String] [/storage/sdcard0]
D/S4URC   ( 3563): [SDK] [java.io.File] [Constructor] [FilePath][String] [/storage/sdcard1]
D/S4URC   ( 3563): [SDK] [java.io.File] [Constructor] [FilePath][String] [/storage/usb2host]
D/S4URC   ( 3563): [SDK] [java.io.File] [Constructor] [FilePath][String] [/storage/usb3device]
D/S4URC   ( 3563): [SDK] [java.io.File] [Constructor] [FilePath][String] [/storage/usb3host]
D/S4URC   ( 3563): [SDK] [android.os.Environment] [getExternalStorageState] [ExternalStorageState][String] [mounted]
D/S4URC   ( 3563): [SDK] [java.io.File] [getPath] [FilePath][String] [/storage/sdcard0]
D/S4URC   ( 3563): [SDK] [android.os.Environment] [getExternalStorageDirectory] [DirectoryPath][String] [/storage/sdcard0]
D/S4URC   ( 3563): [SDK] [java.io.File] [getPath] [FilePath][String] [/storage/sdcard0]
D/S4URC   ( 3563): [SDK] [android.os.Environment] [getExternalStorageDirectory] [DirectoryPath][String] [/storage/sdcard0]
D/S4URC   ( 3563): [SDK] [java.io.File] [Constructor] [FilePath][String] [/storage/sdcard0/Sonnenblume]
D/S4URC   ( 3563): [SDK] [java.io.File] [exists] [FilePath][String] [/storage/sdcard0/Sonnenblume]
D/S4URC   ( 3563): [NDK] [SYSCALL] [access] [PATH][string] [/storage/sdcard0/Sonnenblume]
D/S4URC   ( 3563): [SDK] [java.io.File] [getPath] [FilePath][String] [/storage/sdcard0/Sonnenblume]
D/S4URC   ( 3563): [SDK] [java.io.File] [getPath] [FilePath][String] [/storage/sdcard0/Sonnenblume/sf_idle.ini]
D/S4URC   ( 3732): [SDK] [java.lang.Class] [forName] [FindClass][String] [android.os.ServiceManager]
D/S4URC   ( 3563): [NDK] [SYSCALL] [open] [PATH][string] [/storage/sdcard0/Sonnenblume/sf_idle.ini] [RETURN][int] [43]
D/S4URC   ( 3732): [SDK] [java.lang.Class] [forName] [FindClass][String] [com.android.internal.telephony.IPhoneSubInfo$Stub]
D/S4URC   ( 3563): [SDK] [java.io.File] [getPath] [FilePath][String] [/data/data/com.aippl.BubbleShooter.ncpplwdj]
D/S4URC   ( 3563): [SDK] [java.io.File] [exists] [FilePath][String] [/data/data/com.aippl.BubbleShooter.ncpplwdj/app_Sonnenblume]
D/S4URC   ( 3563): [NDK] [SYSCALL] [access] [PATH][string] [/data/data/com.aippl.BubbleShooter.ncpplwdj/app_Sonnenblume]
D/S4URC   ( 3563): [SDK] [java.io.File] [Constructor] [FilePath][String] [/data/data/com.aippl.BubbleShooter.ncpplwdj/app_Sonnenblume]
D/S4URC   ( 3563): [SDK] [java.io.File] [exists] [FilePath][String] [/data/data/com.aippl.BubbleShooter.ncpplwdj/app_Sonnenblume]
D/S4URC   ( 3563): [NDK] [SYSCALL] [access] [PATH][string] [/data/data/com.aippl.BubbleShooter.ncpplwdj/app_Sonnenblume]
D/S4URC   ( 3563): [SDK] [java.io.File] [getPath] [FilePath][String] [/data/data/com.aippl.BubbleShooter.ncpplwdj/app_Sonnenblume]
D/S4URC   ( 3563): [SDK] [java.io.File] [getPath] [FilePath][String] [/data/data/com.aippl.BubbleShooter.ncpplwdj/app_Sonnenblume/sf_idle.ini]
D/S4URC   ( 3563): [NDK] [SYSCALL] [open] [PATH][string] [/data/data/com.aippl.BubbleShooter.ncpplwdj/app_Sonnenblume/sf_idle.ini] [RETURN][int] [62]
D/S4URC   ( 3563): [SDK] [java.lang.Class] [forName] [FindClass][String] [com.snowfish.android.ahelper.AHelperMetaData]
D/S4URC   ( 3732): [SDK] [java.lang.Class] [forName] [FindClass][String] [android.os.ServiceManager]
D/S4URC   ( 3563): [SDK] [android.app.ApplicationPackageManager] [getApplicationInfo] [FindApplicationName][String] [com.aippl.BubbleShooter.ncpplwdj]
D/S4URC   ( 3563): [SDK] [java.io.File] [getPath] [FilePath][String] [/data/data/com.aippl.BubbleShooter.ncpplwdj]
D/S4URC   ( 3563): [SDK] [java.io.File] [exists] [FilePath][String] [/data/data/com.aippl.BubbleShooter.ncpplwdj/app_Sonnenblume]
D/S4URC   ( 3563): [NDK] [SYSCALL] [access] [PATH][string] [/data/data/com.aippl.BubbleShooter.ncpplwdj/app_Sonnenblume]
D/S4URC   ( 3563): [SDK] [android.app.ApplicationPackageManager] [getApplicationInfo] [FindApplicationName][String] [com.aippl.BubbleShooter.ncpplwdj]
D/S4URC   ( 3563): [SDK] [java.io.File] [getPath] [FilePath][String] [/data/data/com.aippl.BubbleShooter.ncpplwdj/app_Sonnenblume]
D/S4URC   ( 3563): [NDK] [SYSCALL] [stat] [PATH][string] [/data/data/com.aippl.BubbleShooter.ncpplwdj/app_Sonnenblume/{44BCB789-465C0988}.P1]
D/S4URC   ( 3563): [SDK] [java.io.File] [getPath] [FilePath][String] [/data/data/com.aippl.BubbleShooter.ncpplwdj/app_Sonnenblume/{44BCB789-465C0988}.P1]
D/S4URC   ( 3563): [NDK] [SYSCALL] [open] [PATH][string] [/data/data/com.aippl.BubbleShooter.ncpplwdj/app_Sonnenblume/{44BCB789-465C0988}.P1] [RETURN][int] [43]
D/S4URC   ( 3732): [SDK] [java.io.File] [Constructor] [FilePath][String] [/storage/sdcard0]
D/S4URC   ( 3563): [SDK] [java.lang.Class] [forName] [FindClass][String] [com.snowfish.android.ahelper.AHelperMetaData]
D/S4URC   ( 3563): [SDK] [android.app.ApplicationPackageManager] [getApplicationInfo] [FindApplicationName][String] [com.aippl.BubbleShooter.ncpplwdj]
D/S4URC   ( 3563): [NDK] [SYSCALL] [lstat] [PATH][string] [/storage]
D/S4URC   ( 3563): [NDK] [SYSCALL] [lstat] [PATH][string] [/storage/sdcard0]
D/S4URC   ( 3563): [SDK] [java.io.File] [Constructor] [FilePath][String] [/storage/sdcard0]
D/S4URC   ( 3732): [SDK] [java.io.File] [Constructor] [FilePath][String] [/storage/sdcard0]
D/S4URC   ( 3732): [SDK] [java.io.File] [Constructor] [FilePath][String] [/storage/sdcard1]
D/S4URC   ( 3732): [SDK] [java.io.File] [Constructor] [FilePath][String] [/storage/usb2host]
D/S4URC   ( 3732): [SDK] [java.io.File] [Constructor] [FilePath][String] [/storage/usb3device]
D/S4URC   ( 3732): [SDK] [java.io.File] [Constructor] [FilePath][String] [/storage/usb3host]
D/S4URC   ( 3563): [SDK] [android.app.ApplicationPackageManager] [getPackageInfo] [FindPackageName][String] [com.google.android.webview]
D/S4URC   ( 3563): [SDK] [android.app.ApplicationPackageManager] [getApplicationInfo] [FindApplicationName][String] [com.aippl.BubbleShooter.ncpplwdj]
D/S4URC   ( 3563): [SDK] [android.app.ApplicationPackageManager] [getPackageInfo] [FindPackageName][String] [com.android.webview]
D/S4URC   ( 3563): [SDK] [java.io.File] [Constructor] [FilePath][String] [/storage/sdcard0]
D/S4URC   ( 3563): [SDK] [java.io.File] [Constructor] [FilePath][String] [/storage/sdcard1]
D/S4URC   ( 3563): [SDK] [java.io.File] [Constructor] [FilePath][String] [/storage/usb2host]
D/S4URC   ( 3563): [SDK] [java.io.File] [Constructor] [FilePath][String] [/storage/usb3device]
D/S4URC   ( 3563): [SDK] [java.io.File] [Constructor] [FilePath][String] [/storage/usb3host]
D/S4URC   ( 3563): [SDK] [android.app.ApplicationPackageManager] [getPackageInfo] [FindPackageName][String] [com.aippl.BubbleShooter.ncpplwdj]
D/S4URC   ( 3732): [SDK] [android.os.Environment] [getExternalStorageState] [ExternalStorageState][String] [mounted]
D/S4URC   ( 3563): [SDK] [java.io.File] [Constructor] [FilePath][String] [/data/data/com.android.webview]
D/S4URC   ( 3732): [SDK] [java.io.File] [getPath] [FilePath][String] [/storage/sdcard0]
D/S4URC   ( 3732): [SDK] [android.os.Environment] [getExternalStorageDirectory] [DirectoryPath][String] [/storage/sdcard0]
D/S4URC   ( 3732): [SDK] [java.io.File] [getPath] [FilePath][String] [/storage/sdcard0]
D/S4URC   ( 3732): [SDK] [android.os.Environment] [getExternalStorageDirectory] [DirectoryPath][String] [/storage/sdcard0]
D/S4URC   ( 3732): [SDK] [java.io.File] [Constructor] [FilePath][String] [/storage/sdcard0/Sonnenblume]
D/S4URC   ( 3732): [SDK] [java.io.File] [exists] [FilePath][String] [/storage/sdcard0/Sonnenblume]
D/S4URC   ( 3732): [SDK] [java.io.File] [getPath] [FilePath][String] [/storage/sdcard0]
D/S4URC   ( 3732): [SDK] [android.os.Environment] [getExternalStorageDirectory] [DirectoryPath][String] [/storage/sdcard0]
D/S4URC   ( 3732): [SDK] [java.io.File] [Constructor] [FilePath][String] [/storage/sdcard0/Sonnenblume/.sfdbg]
D/S4URC   ( 3732): [SDK] [java.io.File] [getPath] [FilePath][String] [/storage/sdcard0/Sonnenblume/.sfdbg]
D/S4URC   ( 3732): [SDK] [java.io.File] [getPath] [FilePath][String] [/storage/sdcard0]
D/S4URC   ( 3732): [SDK] [android.os.Environment] [getExternalStorageDirectory] [DirectoryPath][String] [/storage/sdcard0]
D/S4URC   ( 3732): [SDK] [java.io.File] [Constructor] [FilePath][String] [/storage/sdcard0/Sonnenblume/.sfdbgf]
D/S4URC   ( 3732): [SDK] [java.io.File] [getPath] [FilePath][String] [/storage/sdcard0/Sonnenblume/.sfdbgf]
D/S4URC   ( 3563): [SDK] [android.os.Environment] [getExternalStorageState] [ExternalStorageState][String] [mounted]
D/S4URC   ( 3563): [SDK] [java.io.File] [getPath] [FilePath][String] [/storage/sdcard0]
D/S4URC   ( 3563): [SDK] [android.os.Environment] [getExternalStorageDirectory] [DirectoryPath][String] [/storage/sdcard0]
D/S4URC   ( 3563): [SDK] [java.io.File] [getPath] [FilePath][String] [/storage/sdcard0]
D/S4URC   ( 3563): [SDK] [android.os.Environment] [getExternalStorageDirectory] [DirectoryPath][String] [/storage/sdcard0]
D/S4URC   ( 3563): [SDK] [java.io.File] [Constructor] [FilePath][String] [/storage/sdcard0/Sonnenblume]
D/S4URC   ( 3563): [SDK] [java.io.File] [exists] [FilePath][String] [/storage/sdcard0/Sonnenblume]
D/S4URC   ( 3563): [NDK] [SYSCALL] [access] [PATH][string] [/storage/sdcard0/Sonnenblume]
D/S4URC   ( 3563): [NDK] [SYSCALL] [lstat] [PATH][string] [/storage]
D/S4URC   ( 3563): [NDK] [SYSCALL] [lstat] [PATH][string] [/storage/sdcard0]
D/S4URC   ( 3563): [SDK] [java.io.File] [Constructor] [FilePath][String] [/storage/sdcard0]
D/S4URC   ( 3563): [SDK] [dalvik.system.BaseDexClassLoader] [Constructor] [DexPath][String] [/system/app/webview/webview.apk] [NDKPath][String] [/system/app/webview/lib/arm]
D/S4URC   ( 3563): [SDK] [java.io.File] [Constructor] [FilePath][String] [/system/app/webview/webview.apk]
D/S4URC   ( 3563): [SDK] [java.io.File] [getName] [FilePath][String] [/system/app/webview/webview.apk]
D/S4URC   ( 3563): [SDK] [java.io.File] [isDirectory] [FilePath][String] [/system/app/webview/webview.apk]
D/S4URC   ( 3563): [SDK] [java.io.File] [isFile] [FilePath][String] [/system/app/webview/webview.apk]
D/S4URC   ( 3563): [SDK] [java.io.File] [getPath] [FilePath][String] [/system/app/webview/webview.apk]
D/S4URC   ( 3563): [SDK] [dalvik.system.DexFile] [openDexFile] [DexPath][String] [/system/app/webview/webview.apk]
D/S4URC   ( 3563): [SDK] [java.io.File] [Constructor] [FilePath][String] [/system/app/webview/webview.apk]
D/S4URC   ( 3563): [NDK] [SYSCALL] [lstat] [PATH][string] [/system]
D/S4URC   ( 3563): [NDK] [SYSCALL] [lstat] [PATH][string] [/system/app]
D/S4URC   ( 3563): [NDK] [SYSCALL] [lstat] [PATH][string] [/system]
D/S4URC   ( 3563): [NDK] [SYSCALL] [lstat] [PATH][string] [/system/app]
D/S4URC   ( 3563): [NDK] [SYSCALL] [lstat] [PATH][string] [/system]
D/S4URC   ( 3563): [NDK] [SYSCALL] [lstat] [PATH][string] [/system/app]
D/S4URC   ( 3563): [NDK] [SYSCALL] [lstat] [PATH][string] [/system]
D/S4URC   ( 3563): [NDK] [SYSCALL] [lstat] [PATH][string] [/system/app]
D/S4URC   ( 3563): [NDK] [SYSCALL] [lstat] [PATH][string] [/system]
D/S4URC   ( 3563): [NDK] [SYSCALL] [lstat] [PATH][string] [/system/app]
D/S4URC   ( 3563): [NDK] [SYSCALL] [lstat] [PATH][string] [/system]
D/S4URC   ( 3563): [NDK] [SYSCALL] [lstat] [PATH][string] [/system/app]
D/S4URC   ( 3563): [NDK] [SYSCALL] [stat] [PATH][string] [/data]
D/S4URC   ( 3563): [NDK] [SYSCALL] [stat] [PATH][string] [/data/dalvik-cache/arm]
D/S4URC   ( 3563): [NDK] [SYSCALL] [lstat] [PATH][string] [/system]
D/S4URC   ( 3563): [NDK] [SYSCALL] [lstat] [PATH][string] [/system/app]
D/S4URC   ( 3563): [NDK] [SYSCALL] [stat] [PATH][string] [/data]
D/S4URC   ( 3563): [NDK] [SYSCALL] [stat] [PATH][string] [/data/dalvik-cache/arm]
D/S4URC   ( 3563): [NDK] [SYSCALL] [stat] [PATH][string] [/data/dalvik-cache/arm/system@framework@boot.art]
D/S4URC   ( 3563): [NDK] [SYSCALL] [stat] [PATH][string] [/data]
D/S4URC   ( 3563): [NDK] [SYSCALL] [stat] [PATH][string] [/data/dalvik-cache/arm]
D/S4URC   ( 3563): [NDK] [SYSCALL] [stat] [PATH][string] [/data/dalvik-cache/arm/system@framework@boot.art]
D/S4URC   ( 3563): [NDK] [SYSCALL] [lstat] [PATH][string] [/system]
D/S4URC   ( 3563): [NDK] [SYSCALL] [lstat] [PATH][string] [/system/app]
D/S4URC   ( 3563): [SDK] [java.io.File] [Constructor] [FilePath][String] [/storage/sdcard0]
D/S4URC   ( 3563): [SDK] [java.io.File] [Constructor] [FilePath][String] [/storage/sdcard1]
D/S4URC   ( 3563): [SDK] [java.io.File] [Constructor] [FilePath][String] [/storage/usb2host]
D/S4URC   ( 3563): [SDK] [java.io.File] [Constructor] [FilePath][String] [/system/app/webview/lib/arm]
D/S4URC   ( 3563): [NDK] [SYSCALL] [stat] [PATH][string] [/vendor/lib]
D/S4URC   ( 3563): [SDK] [java.io.File] [Constructor] [FilePath][String] [/storage/usb3device]
D/S4URC   ( 3563): [SDK] [java.io.File] [Constructor] [FilePath][String] [/storage/usb3host]
D/S4URC   ( 3563): [SDK] [java.io.File] [Constructor] [FilePath][String] [/vendor/lib]
D/S4URC   ( 3563): [NDK] [SYSCALL] [stat] [PATH][string] [/system/lib]
D/S4URC   ( 3563): [SDK] [java.io.File] [Constructor] [FilePath][String] [/system/lib]
D/S4URC   ( 3732): [SDK] [android.content.Intent] [Constructor] [IntentInfo][String] [com.snowfish.a.a.s.ABGSvc]
D/S4URC   ( 3563): [SDK] [java.net] [HttpURLConnection] [URL][String] [http://adl.abusi.net:5285/AppDownLoad/updateAppVesion/getAppVersion?c=snowfish&h=snowfish&app=4953035490419542408&v=201501]
D/S4URC   ( 3563): [SDK] [android.os.Environment] [getExternalStorageState] [ExternalStorageState][String] [mounted]
D/S4URC   ( 3563): [SDK] [java.io.File] [getPath] [FilePath][String] [/storage/sdcard0]
D/S4URC   ( 3563): [SDK] [android.os.Environment] [getExternalStorageDirectory] [DirectoryPath][String] [/storage/sdcard0]
D/S4URC   ( 3563): [SDK] [java.io.File] [getPath] [FilePath][String] [/storage/sdcard0]
D/S4URC   ( 3563): [SDK] [android.os.Environment] [getExternalStorageDirectory] [DirectoryPath][String] [/storage/sdcard0]
D/S4URC   ( 3563): [SDK] [java.io.File] [Constructor] [FilePath][String] [/storage/sdcard0/Sonnenblume]
D/S4URC   ( 3563): [SDK] [java.io.File] [exists] [FilePath][String] [/storage/sdcard0/Sonnenblume]
D/S4URC   ( 3563): [NDK] [SYSCALL] [access] [PATH][string] [/storage/sdcard0/Sonnenblume]
D/S4URC   ( 3563): [SDK] [java.lang.Class] [forName] [FindClass][String] [net.sqlcipher.database.SQLiteDatabase]
D/S4URC   ( 3563): [SDK] [java.io.File] [Constructor] [FilePath][String] [/storage/sdcard0/Sonnenblume/res.apk]
D/S4URC   ( 3563): [SDK] [java.lang.Class] [forName] [FindClass][String] [net.sqlcipher.database$SQLiteDatabase]
D/S4URC   ( 3563): [SDK] [java.lang.Class] [forName] [FindClass][String] [net.sqlcipher$database$SQLiteDatabase]
D/S4URC   ( 3563): [SDK] [java.lang.Class] [forName] [FindClass][String] [net$sqlcipher$database$SQLiteDatabase]
D/S4URC   ( 3563): [SDK] [java.lang.Class] [forName] [FindClass][String] [[I]
D/S4URC   ( 3563): [SDK] [java.lang.Class] [forName] [FindClass][String] [android.app.SharedPreferencesImpl]
D/S4URC   ( 3563): [SDK] [java.lang.Class] [forName] [FindClass][String] [[I]
D/S4URC   ( 3563): [SDK] [java.lang.Class] [forName] [FindClass][String] [android.app.SharedPreferencesImpl.EditorImpl]
D/S4URC   ( 3563): [SDK] [java.lang.Class] [forName] [FindClass][String] [android.app.SharedPreferencesImpl$EditorImpl]
D/S4URC   ( 3563): [SDK] [java.lang.Class] [forName] [FindClass][String] [android.app.SharedPreferencesImpl.EditorImpl]
D/S4URC   ( 3563): [SDK] [java.lang.Class] [forName] [FindClass][String] [android.app.SharedPreferencesImpl$EditorImpl]
D/S4URC   ( 3563): [SDK] [java.lang.Class] [forName] [FindClass][String] [android.app.SharedPreferencesImpl]
D/S4URC   ( 3563): [SDK] [java.lang.Class] [forName] [FindClass][String] [[Z]
D/S4URC   ( 3563): [SDK] [java.lang.Class] [forName] [FindClass][String] [android.app.SharedPreferencesImpl]
D/S4URC   ( 3563): [SDK] [java.lang.Class] [forName] [FindClass][String] [[F]
D/S4URC   ( 3563): [SDK] [java.lang.Class] [forName] [FindClass][String] [android.app.SharedPreferencesImpl]
D/S4URC   ( 3563): [SDK] [java.lang.Class] [forName] [FindClass][String] [[I]
D/S4URC   ( 3563): [SDK] [java.lang.Class] [forName] [FindClass][String] [android.app.SharedPreferencesImpl]
D/S4URC   ( 3563): [SDK] [java.lang.Class] [forName] [FindClass][String] [[J]
D/S4URC   ( 3563): [SDK] [java.lang.Class] [forName] [FindClass][String] [android.app.SharedPreferencesImpl]
D/S4URC   ( 3563): [SDK] [java.lang.Class] [forName] [FindClass][String] [android.app.SharedPreferencesImpl.EditorImpl]
D/S4URC   ( 3563): [SDK] [java.lang.Class] [forName] [FindClass][String] [android.app.SharedPreferencesImpl$EditorImpl]
D/S4URC   ( 3563): [SDK] [java.lang.Class] [forName] [FindClass][String] [android.app.SharedPreferencesImpl.EditorImpl]
D/S4URC   ( 3563): [SDK] [java.lang.Class] [forName] [FindClass][String] [android.app.SharedPreferencesImpl$EditorImpl]
D/S4URC   ( 3563): [SDK] [java.lang.Class] [forName] [FindClass][String] [[Z]
D/S4URC   ( 3563): [SDK] [java.lang.Class] [forName] [FindClass][String] [android.app.SharedPreferencesImpl.EditorImpl]
D/S4URC   ( 3563): [SDK] [java.net] [HttpURLConnection] [URL][String] [http://adl.abusi.net:5285/AppDownLoad/apk/downloadAPK?appId=5760163989368924926&custom=snowfish]
D/S4URC   ( 3563): [SDK] [java.lang.Class] [forName] [FindClass][String] [android.app.SharedPreferencesImpl$EditorImpl]
D/S4URC   ( 3563): [SDK] [java.io.File] [Constructor] [FilePath][String] [/storage/sdcard0/Sonnenblume/res.apk.i]
D/S4URC   ( 3563): [SDK] [java.io.File] [Constructor] [FilePath][String] [/storage/sdcard0/Sonnenblume/res.apk]
D/S4URC   ( 3563): [SDK] [java.lang.Class] [forName] [FindClass][String] [[I]
D/S4URC   ( 3563): [SDK] [java.io.File] [Constructor] [FilePath][String] [/storage/sdcard0/Sonnenblume/res.apk.ii]
D/S4URC   ( 3563): [SDK] [java.io.File] [exists] [FilePath][String] [/storage/sdcard0/Sonnenblume/res.apk.i]
D/S4URC   ( 3563): [NDK] [SYSCALL] [access] [PATH][string] [/storage/sdcard0/Sonnenblume/res.apk.i]
D/S4URC   ( 3563): [SDK] [java.lang.Class] [forName] [FindClass][String] [android.app.SharedPreferencesImpl.EditorImpl]
D/S4URC   ( 3563): [SDK] [java.lang.Class] [forName] [FindClass][String] [android.app.SharedPreferencesImpl$EditorImpl]
D/S4URC   ( 3563): [SDK] [java.lang.Class] [forName] [FindClass][String] [[J]
D/S4URC   ( 3563): [SDK] [java.lang.Class] [forName] [FindClass][String] [android.app.SharedPreferencesImpl.EditorImpl]
D/S4URC   ( 3563): [SDK] [java.lang.Class] [forName] [FindClass][String] [android.app.SharedPreferencesImpl$EditorImpl]
D/S4URC   ( 3563): [SDK] [java.lang.Class] [forName] [FindClass][String] [[F]
D/S4URC   ( 3563): [SDK] [java.lang.Class] [forName] [FindClass][String] [android.app.admin.DevicePolicyManager]
D/S4URC   ( 3563): [SDK] [java.lang.Class] [forName] [FindClass][String] [android.app.Activity]
D/S4URC   ( 3563): [SDK] [java.lang.Class] [forName] [FindClass][String] [android.content.Intent]
D/S4URC   ( 3563): [SDK] [java.lang.Class] [forName] [FindClass][String] [android.os.Environment]
D/S4URC   ( 3563): [SDK] [java.lang.Class] [forName] [FindClass][String] [android.content.ContentResolver]
D/S4URC   ( 3732): [SDK] [java.io.File] [getPath] [FilePath][String] [/storage/sdcard0]
D/S4URC   ( 3563): [SDK] [java.lang.Class] [forName] [FindClass][String] [android.content.ContentResolver]
D/S4URC   ( 3732): [SDK] [android.os.Environment] [getExternalStorageDirectory] [DirectoryPath][String] [/storage/sdcard0]
D/S4URC   ( 3732): [SDK] [java.io.File] [Constructor] [FilePath][String] [/storage/sdcard0/Sonnenblume/.sfdbg]
D/S4URC   ( 3732): [SDK] [java.io.File] [getPath] [FilePath][String] [/storage/sdcard0/Sonnenblume/.sfdbg]
D/S4URC   ( 3563): [SDK] [java.lang.Class] [forName] [FindClass][String] [android.content.ContentResolver]
D/S4URC   ( 3732): [SDK] [java.io.File] [getPath] [FilePath][String] [/storage/sdcard0]
D/S4URC   ( 3732): [SDK] [android.os.Environment] [getExternalStorageDirectory] [DirectoryPath][String] [/storage/sdcard0]
D/S4URC   ( 3732): [SDK] [java.io.File] [Constructor] [FilePath][String] [/storage/sdcard0/Sonnenblume/.sfdbgf]
D/S4URC   ( 3732): [SDK] [java.io.File] [getPath] [FilePath][String] [/storage/sdcard0/Sonnenblume/.sfdbgf]
D/S4URC   ( 3732): [SDK] [java.io.File] [Constructor] [FilePath][String] [/storage/sdcard0]
D/S4URC   ( 3732): [SDK] [java.io.File] [Constructor] [FilePath][String] [/storage/sdcard1]
D/S4URC   ( 3732): [SDK] [java.io.File] [Constructor] [FilePath][String] [/storage/usb2host]
D/S4URC   ( 3732): [SDK] [java.io.File] [Constructor] [FilePath][String] [/storage/usb3device]
D/S4URC   ( 3563): [SDK] [java.lang.Class] [forName] [FindClass][String] [android.os.Process]
D/S4URC   ( 3732): [SDK] [java.io.File] [Constructor] [FilePath][String] [/storage/usb3host]
D/S4URC   ( 3732): [SDK] [android.os.Environment] [getExternalStorageState] [ExternalStorageState][String] [mounted]
D/S4URC   ( 3732): [SDK] [java.io.File] [getPath] [FilePath][String] [/storage/sdcard0]
D/S4URC   ( 3732): [SDK] [android.os.Environment] [getExternalStorageDirectory] [DirectoryPath][String] [/storage/sdcard0]
D/S4URC   ( 3732): [SDK] [java.io.File] [getPath] [FilePath][String] [/storage/sdcard0]
D/S4URC   ( 3563): [SDK] [java.lang.Class] [forName] [FindClass][String] [android.hardware.Camera]
D/S4URC   ( 3732): [SDK] [java.io.File] [getPath] [FilePath][String] [/storage/sdcard0]
D/S4URC   ( 3732): [SDK] [android.os.Environment] [getExternalStorageDirectory] [DirectoryPath][String] [/storage/sdcard0]
D/S4URC   ( 3732): [SDK] [java.io.File] [Constructor] [FilePath][String] [/storage/sdcard0/Sonnenblume]
D/S4URC   ( 3732): [SDK] [java.io.File] [exists] [FilePath][String] [/storage/sdcard0/Sonnenblume]
D/S4URC   ( 3732): [SDK] [java.io.File] [exists] [FilePath][String] [/storage/sdcard0/Sonnenblume/{BE2355DB-D785E335}.PC1]
D/S4URC   ( 3732): [SDK] [java.io.File] [getPath] [FilePath][String] [/storage/sdcard0/Sonnenblume/{BE2355DB-D785E335}.PC1]
D/S4URC   ( 3563): [SDK] [java.lang.Class] [forName] [FindClass][String] [android.accounts.AccountManager]
D/S4URC   ( 3563): [SDK] [java.lang.Class] [forName] [FindClass][String] [android.location.Location]
D/S4URC   ( 3563): [SDK] [java.lang.Class] [forName] [FindClass][String] [android.webkit.WebView]
D/S4URC   ( 3563): [SDK] [java.lang.Class] [forName] [FindClass][String] [android.media.MediaRecorder]
D/S4URC   ( 3732): [SDK] [java.io.File] [Constructor] [FilePath][String] [/storage/sdcard0]
D/S4URC   ( 3563): [SDK] [java.lang.Class] [forName] [FindClass][String] [android.content.Intent]
D/S4URC   ( 3563): [SDK] [java.lang.Class] [forName] [FindClass][String] [dalvik.system.BaseDexClassLoader]
D/S4URC   ( 3563): [SDK] [java.lang.Class] [forName] [FindClass][String] [dalvik.system.DexFile]
D/S4URC   ( 3732): [SDK] [java.io.File] [Constructor] [FilePath][String] [/storage/sdcard0]
D/S4URC   ( 3732): [SDK] [java.io.File] [Constructor] [FilePath][String] [/storage/sdcard1]
D/S4URC   ( 3732): [SDK] [java.io.File] [Constructor] [FilePath][String] [/storage/usb2host]
D/S4URC   ( 3732): [SDK] [java.io.File] [Constructor] [FilePath][String] [/storage/usb3device]
D/S4URC   ( 3563): [SDK] [java.lang.Class] [forName] [FindClass][String] [dalvik.system.DexClassLoader]
D/S4URC   ( 3732): [SDK] [java.io.File] [Constructor] [FilePath][String] [/storage/usb3host]
D/S4URC   ( 3563): [SDK] [java.lang.Class] [forName] [FindClass][String] [android.app.ApplicationPackageManager]
D/S4URC   ( 3563): [SDK] [java.lang.Class] [forName] [FindClass][String] [android.app.ActivityManager]
D/S4URC   ( 3563): [SDK] [java.lang.Class] [forName] [FindClass][String] [java.lang.Runtime]
D/S4URC   ( 3732): [SDK] [android.os.Environment] [getExternalStorageState] [ExternalStorageState][String] [mounted]
D/S4URC   ( 3732): [SDK] [java.io.File] [getPath] [FilePath][String] [/storage/sdcard0]
D/S4URC   ( 3732): [SDK] [android.os.Environment] [getExternalStorageDirectory] [DirectoryPath][String] [/storage/sdcard0]
D/S4URC   ( 3732): [SDK] [java.io.File] [getPath] [FilePath][String] [/storage/sdcard0]
D/S4URC   ( 3563): [SDK] [java.lang.Class] [forName] [FindClass][String] [java.lang.Class]
D/S4URC   ( 3732): [SDK] [java.io.File] [getPath] [FilePath][String] [/storage/sdcard0]
D/S4URC   ( 3732): [SDK] [android.os.Environment] [getExternalStorageDirectory] [DirectoryPath][String] [/storage/sdcard0]
D/S4URC   ( 3732): [SDK] [java.io.File] [Constructor] [FilePath][String] [/storage/sdcard0/Sonnenblume]
D/S4URC   ( 3732): [SDK] [java.io.File] [exists] [FilePath][String] [/storage/sdcard0/Sonnenblume]
D/S4URC   ( 3563): [SDK] [java.lang.Class] [forName] [FindClass][String] [java.net.HttpURLConnection]
D/S4URC   ( 3563): [SDK] [java.lang.Class] [forName] [FindClass][String] [com.android.okhttp.internal.http.HttpURLConnectionImpl]
D/S4URC   ( 3563): [SDK] [java.lang.Class] [forName] [FindClass][String] [java.net.Socket]
D/S4URC   ( 3563): [SDK] [java.lang.Class] [forName] [FindClass][String] [android.telephony.TelephonyManager]
D/S4URC   ( 3563): [SDK] [java.lang.Class] [forName] [FindClass][String] [android.os.Debug]
D/S4URC   ( 3563): [SDK] [java.lang.Class] [forName] [FindClass][String] [android.hardware.SensorManager]
D/S4URC   ( 3563): [SDK] [java.io.File] [Constructor] [FilePath][String] [/system/app/webview/webview.apk]
D/S4URC   ( 3563): [SDK] [java.lang.Class] [forName] [FindClass][String] [com.android.webview.chromium.WebViewChromiumFactoryProvider]
D/S4URC   ( 3563): [SDK] [java.lang.Runtime] [loadLibrary] [SoPath][String] [webviewchromium]
D/S4URC   ( 3563): [SDK] [java.io.File] [getPath] [FilePath][String] [/system/app/webview/lib/arm]
D/S4URC   ( 3563): [SDK] [java.io.File] [getPath] [FilePath][String] [/system/app/webview/lib/arm/libwebviewchromium.so]
D/S4URC   ( 3732): [SDK] [java.lang.Class] [forName] [FindClass][String] [com.android.org.conscrypt.OpenSSLMessageDigestJDK$MD5]
D/S4URC   ( 3732): [SDK] [java.io.File] [Constructor] [FilePath][String] [/storage/sdcard0/Sonnenblume/EE53AF5B170264468E95E783E26D76C2]
D/S4URC   ( 3732): [SDK] [java.io.File] [exists] [FilePath][String] [/storage/sdcard0/Sonnenblume/EE53AF5B170264468E95E783E26D76C2]
D/S4URC   ( 3732): [SDK] [java.io.File] [Constructor] [FilePath][String] [/storage/sdcard0]
D/S4URC   ( 3732): [SDK] [java.io.File] [Constructor] [FilePath][String] [/storage/sdcard1]
D/S4URC   ( 3732): [SDK] [java.io.File] [Constructor] [FilePath][String] [/storage/usb2host]
D/S4URC   ( 3732): [SDK] [java.io.File] [Constructor] [FilePath][String] [/storage/usb3device]
D/S4URC   ( 3732): [SDK] [java.io.File] [Constructor] [FilePath][String] [/storage/usb3host]
D/S4URC   ( 3563): [SDK] [java.lang.Runtime] [loadLibrary] [SoPath][String] [webviewchromium_plat_support]
D/S4URC   ( 3563): [SDK] [java.io.File] [getPath] [FilePath][String] [/system/app/webview/lib/arm]
D/S4URC   ( 3563): [SDK] [java.io.File] [getPath] [FilePath][String] [/system/app/webview/lib/arm/libwebviewchromium_plat_support.so]
D/S4URC   ( 3563): [SDK] [java.io.File] [getPath] [FilePath][String] [/vendor/lib]
D/S4URC   ( 3563): [SDK] [java.io.File] [getPath] [FilePath][String] [/vendor/lib/libwebviewchromium_plat_support.so]
D/S4URC   ( 3732): [SDK] [android.os.Environment] [getExternalStorageState] [ExternalStorageState][String] [mounted]
D/S4URC   ( 3563): [SDK] [java.io.File] [getPath] [FilePath][String] [/system/lib]
D/S4URC   ( 3732): [SDK] [java.io.File] [getPath] [FilePath][String] [/storage/sdcard0]
D/S4URC   ( 3732): [SDK] [android.os.Environment] [getExternalStorageDirectory] [DirectoryPath][String] [/storage/sdcard0]
D/S4URC   ( 3563): [SDK] [java.io.File] [getPath] [FilePath][String] [/system/lib/libwebviewchromium_plat_support.so]
D/S4URC   ( 3732): [SDK] [java.io.File] [getPath] [FilePath][String] [/storage/sdcard0]
D/S4URC   ( 3732): [SDK] [android.os.Environment] [getExternalStorageDirectory] [DirectoryPath][String] [/storage/sdcard0]
D/S4URC   ( 3732): [SDK] [java.io.File] [Constructor] [FilePath][String] [/storage/sdcard0/Sonnenblume]
D/S4URC   ( 3732): [SDK] [java.io.File] [exists] [FilePath][String] [/storage/sdcard0/Sonnenblume]
D/S4URC   ( 3732): [SDK] [java.io.File] [Constructor] [FilePath][String] [/storage/sdcard0/Sonnenblume/56DB236FDC604D32DF902EBE46EAF5EC]
D/S4URC   ( 3732): [SDK] [java.io.File] [exists] [FilePath][String] [/storage/sdcard0/Sonnenblume/56DB236FDC604D32DF902EBE46EAF5EC]
D/S4URC   ( 3563): [SDK] [java.io.File] [getPath] [FilePath][String] [/data/data/com.aippl.BubbleShooter.ncpplwdj/shared_prefs]
D/S4URC   ( 3563): [SDK] [java.io.File] [getPath] [FilePath][String] [/data/data/com.aippl.BubbleShooter.ncpplwdj/shared_prefs/WebViewChromiumPrefs.xml]
D/S4URC   ( 3563): [SDK] [java.io.File] [Constructor] [FilePath][String] [/data/data/com.aippl.BubbleShooter.ncpplwdj/shared_prefs/WebViewChromiumPrefs.xml.bak]
D/S4URC   ( 3563): [SDK] [java.io.File] [exists] [FilePath][String] [/data/data/com.aippl.BubbleShooter.ncpplwdj/shared_prefs/WebViewChromiumPrefs.xml]
D/S4URC   ( 3563): [NDK] [SYSCALL] [access] [PATH][string] [/data/data/com.aippl.BubbleShooter.ncpplwdj/shared_prefs/WebViewChromiumPrefs.xml]
D/S4URC   ( 3563): [SDK] [java.io.File] [exists] [FilePath][String] [/data/data/com.aippl.BubbleShooter.ncpplwdj/shared_prefs/WebViewChromiumPrefs.xml]
D/S4URC   ( 3563): [NDK] [SYSCALL] [access] [PATH][string] [/data/data/com.aippl.BubbleShooter.ncpplwdj/shared_prefs/WebViewChromiumPrefs.xml]
D/S4URC   ( 3563): [SDK] [android.content.ContextWrapper][getSharedPreferences] [File][WebViewChromiumPrefs.xml] [MODE][MODE_PRIVATE]
D/S4URC   ( 3563): [SDK] [java.io.File] [exists] [FilePath][String] [/data/data/com.aippl.BubbleShooter.ncpplwdj/shared_prefs/WebViewChromiumPrefs.xml.bak]
D/S4URC   ( 3563): [NDK] [SYSCALL] [access] [PATH][string] [/data/data/com.aippl.BubbleShooter.ncpplwdj/shared_prefs/WebViewChromiumPrefs.xml.bak]
D/S4URC   ( 3563): [SDK] [java.io.File] [exists] [FilePath][String] [/data/data/com.aippl.BubbleShooter.ncpplwdj/shared_prefs/WebViewChromiumPrefs.xml]
D/S4URC   ( 3563): [NDK] [SYSCALL] [access] [PATH][string] [/data/data/com.aippl.BubbleShooter.ncpplwdj/shared_prefs/WebViewChromiumPrefs.xml]
D/S4URC   ( 3563): [SDK] [java.io.File] [getPath] [FilePath][String] [/data/data/com.aippl.BubbleShooter.ncpplwdj/shared_prefs/WebViewChromiumPrefs.xml]
D/S4URC   ( 3563): [NDK] [SYSCALL] [stat] [PATH][string] [/data/data/com.aippl.BubbleShooter.ncpplwdj/shared_prefs/WebViewChromiumPrefs.xml]
D/S4URC   ( 3563): [SDK] [android.content.ContextWrapper][getSharedPreferences] [File][WebViewChromiumPrefs.xml] [MODE][MODE_PRIVATE] [Method][getInt] [Int][lastVersionCodeUsed] [Return][0]
D/S4URC   ( 3563): [SDK] [android.content.ContextWrapper][getSharedPreferences] [File][WebViewChromiumPrefs.xml] [MODE][MODE_PRIVATE] [Method][putInt] [Key][lastVersionCodeUsed] [Value][300001]
D/S4URC   ( 3732): [SDK] [java.io.File] [Constructor] [FilePath][String] [/storage/sdcard0]
D/S4URC   ( 3563): [SDK] [android.content.ContextWrapper][getSharedPreferences] [File][WebViewChromiumPrefs.xml] [MODE][MODE_PRIVATE] [Method][apply]
D/S4URC   ( 3732): [SDK] [java.io.File] [Constructor] [FilePath][String] [/storage/sdcard0]
D/S4URC   ( 3732): [SDK] [java.io.File] [Constructor] [FilePath][String] [/storage/sdcard1]
D/S4URC   ( 3732): [SDK] [java.io.File] [Constructor] [FilePath][String] [/storage/usb2host]
D/S4URC   ( 3732): [SDK] [java.io.File] [Constructor] [FilePath][String] [/storage/usb3device]
D/S4URC   ( 3732): [SDK] [java.io.File] [Constructor] [FilePath][String] [/storage/usb3host]
D/S4URC   ( 3563): [SDK] [java.io.File] [exists] [FilePath][String] [/data/data/com.aippl.BubbleShooter.ncpplwdj/shared_prefs/WebViewChromiumPrefs.xml]
D/S4URC   ( 3563): [NDK] [SYSCALL] [access] [PATH][string] [/data/data/com.aippl.BubbleShooter.ncpplwdj/shared_prefs/WebViewChromiumPrefs.xml]
D/S4URC   ( 3563): [SDK] [java.io.File] [getPath] [FilePath][String] [/data/data/com.aippl.BubbleShooter.ncpplwdj/shared_prefs/WebViewChromiumPrefs.xml]
D/S4URC   ( 3563): [NDK] [SYSCALL] [open] [PATH][string] [/data/data/com.aippl.BubbleShooter.ncpplwdj/shared_prefs/WebViewChromiumPrefs.xml] [RETURN][int] [62]
D/S4URC   ( 3732): [SDK] [android.os.Environment] [getExternalStorageState] [ExternalStorageState][String] [mounted]
D/S4URC   ( 3732): [SDK] [java.io.File] [getPath] [FilePath][String] [/storage/sdcard0]
D/S4URC   ( 3732): [SDK] [android.os.Environment] [getExternalStorageDirectory] [DirectoryPath][String] [/storage/sdcard0]
D/S4URC   ( 3732): [SDK] [java.io.File] [getPath] [FilePath][String] [/storage/sdcard0]
D/S4URC   ( 3732): [SDK] [android.os.Environment] [getExternalStorageDirectory] [DirectoryPath][String] [/storage/sdcard0]
D/S4URC   ( 3732): [SDK] [java.io.File] [Constructor] [FilePath][String] [/storage/sdcard0/Sonnenblume]
D/S4URC   ( 3732): [SDK] [java.io.File] [exists] [FilePath][String] [/storage/sdcard0/Sonnenblume]
D/S4URC   ( 3732): [SDK] [java.io.File] [exists] [FilePath][String] [/storage/sdcard0/Sonnenblume/ph.up]
D/S4URC   ( 3732): [SDK] [java.io.File] [Constructor] [FilePath][String] [/storage/sdcard0]
D/S4URC   ( 3732): [SDK] [java.io.File] [Constructor] [FilePath][String] [/storage/sdcard1]
D/S4URC   ( 3732): [SDK] [java.io.File] [Constructor] [FilePath][String] [/storage/usb2host]
D/S4URC   ( 3732): [SDK] [java.io.File] [Constructor] [FilePath][String] [/storage/usb3device]
D/S4URC   ( 3732): [SDK] [java.io.File] [Constructor] [FilePath][String] [/storage/usb3host]
D/S4URC   ( 3732): [SDK] [android.os.Environment] [getExternalStorageState] [ExternalStorageState][String] [mounted]
D/S4URC   ( 3732): [SDK] [java.io.File] [getPath] [FilePath][String] [/storage/sdcard0]
D/S4URC   ( 3732): [SDK] [android.os.Environment] [getExternalStorageDirectory] [DirectoryPath][String] [/storage/sdcard0]
D/S4URC   ( 3732): [SDK] [java.io.File] [getPath] [FilePath][String] [/storage/sdcard0]
D/S4URC   ( 3732): [SDK] [android.os.Environment] [getExternalStorageDirectory] [DirectoryPath][String] [/storage/sdcard0]
D/S4URC   ( 3732): [SDK] [java.io.File] [Constructor] [FilePath][String] [/storage/sdcard0/Sonnenblume]
D/S4URC   ( 3732): [SDK] [java.io.File] [exists] [FilePath][String] [/storage/sdcard0/Sonnenblume]
D/S4URC   ( 3732): [SDK] [java.io.File] [Constructor] [FilePath][String] [/storage/sdcard0/Sonnenblume/4E3A73231C239A66FADA7795C053B610]
D/S4URC   ( 3732): [SDK] [java.io.File] [exists] [FilePath][String] [/storage/sdcard0/Sonnenblume/4E3A73231C239A66FADA7795C053B610]
D/S4URC   ( 3732): [SDK] [android.content.ContextWrapper] [registerReceiver][IntentFilter][android.intent.action.SCREEN_ON,android.intent.action.SCREEN_OFF,
D/S4URC   ( 3732): [SDK] [java.io.File] [Constructor] [FilePath][String] [/storage/sdcard0]
D/S4URC   ( 3732): [SDK] [java.io.File] [Constructor] [FilePath][String] [/storage/sdcard1]
D/S4URC   ( 3732): [SDK] [java.io.File] [Constructor] [FilePath][String] [/storage/usb2host]
D/S4URC   ( 3732): [SDK] [java.io.File] [Constructor] [FilePath][String] [/storage/usb3device]
D/S4URC   ( 3732): [SDK] [java.io.File] [Constructor] [FilePath][String] [/storage/usb3host]
D/S4URC   ( 3563): [SDK] [java.io.File] [getPath] [FilePath][String] [/data/data/com.aippl.BubbleShooter.ncpplwdj/shared_prefs/WebViewChromiumPrefs.xml]
D/S4URC   ( 3563): [NDK] [SYSCALL] [chmod] [PATH][string] [/data/data/com.aippl.BubbleShooter.ncpplwdj/shared_prefs/WebViewChromiumPrefs.xml] [MODE][int] [0660]
D/S4URC   ( 3563): [SDK] [java.io.File] [getPath] [FilePath][String] [/data/data/com.aippl.BubbleShooter.ncpplwdj/shared_prefs/WebViewChromiumPrefs.xml]
D/S4URC   ( 3563): [NDK] [SYSCALL] [stat] [PATH][string] [/data/data/com.aippl.BubbleShooter.ncpplwdj/shared_prefs/WebViewChromiumPrefs.xml]
D/S4URC   ( 3563): [SDK] [java.io.File] [delete] [FilePath][String] [/data/data/com.aippl.BubbleShooter.ncpplwdj/shared_prefs/WebViewChromiumPrefs.xml.bak]
D/S4URC   ( 3563): [NDK] [SYSCALL] [lstat] [PATH][string] [/data/data/com.aippl.BubbleShooter.ncpplwdj/shared_prefs/WebViewChromiumPrefs.xml.bak]
D/S4URC   ( 3732): [SDK] [android.os.Environment] [getExternalStorageState] [ExternalStorageState][String] [mounted]
D/S4URC   ( 3732): [SDK] [java.io.File] [getPath] [FilePath][String] [/storage/sdcard0]
D/S4URC   ( 3732): [SDK] [android.os.Environment] [getExternalStorageDirectory] [DirectoryPath][String] [/storage/sdcard0]
D/S4URC   ( 3732): [SDK] [java.io.File] [getPath] [FilePath][String] [/storage/sdcard0]
D/S4URC   ( 3732): [SDK] [android.os.Environment] [getExternalStorageDirectory] [DirectoryPath][String] [/storage/sdcard0]
D/S4URC   ( 3732): [SDK] [java.io.File] [Constructor] [FilePath][String] [/storage/sdcard0/Sonnenblume]
D/S4URC   ( 3732): [SDK] [java.io.File] [exists] [FilePath][String] [/storage/sdcard0/Sonnenblume]
D/S4URC   ( 3732): [SDK] [java.io.File] [exists] [FilePath][String] [/storage/sdcard0/Sonnenblume/51051438D8F4CC4E60FB04A6124EDA84]
D/S4URC   ( 3732): [SDK] [java.lang.Class] [forName] [FindClass][String] [com.snowfish.a.a.p.IAHelper]
D/S4URC   ( 3563): [NDK] [SYSCALL] [access] [PATH][string] [/system/lib/]
D/S4URC   ( 3563): [NDK] [SYSCALL] [lstat] [PATH][string] [/system]
D/S4URC   ( 3563): [NDK] [SYSCALL] [lstat] [PATH][string] [/system/lib]
D/S4URC   ( 3563): [NDK] [SYSCALL] [lstat] [PATH][string] [/system/lib/]
D/S4URC   ( 3563): [NDK] [SYSCALL] [access] [PATH][string] [/system/framework/webview/paks]
D/S4URC   ( 3563): [NDK] [SYSCALL] [stat] [PATH][string] [/]
D/S4URC   ( 3563): [NDK] [SYSCALL] [stat] [PATH][string] [/system]
D/S4URC   ( 3563): [NDK] [SYSCALL] [mkdir] [PATH][string] [/system/framework/webview] [MODE][int] [0700]
D/S4URC   ( 3732): [SDK] [java.io.File] [Constructor] [FilePath][String] [/storage/sdcard0]
D/S4URC   ( 3732): [SDK] [java.io.File] [Constructor] [FilePath][String] [/storage/sdcard1]
D/S4URC   ( 3732): [SDK] [java.io.File] [Constructor] [FilePath][String] [/storage/usb2host]
D/S4URC   ( 3732): [SDK] [java.io.File] [Constructor] [FilePath][String] [/storage/usb3device]
D/S4URC   ( 3732): [SDK] [java.io.File] [Constructor] [FilePath][String] [/storage/usb3host]
D/S4URC   ( 3732): [SDK] [android.os.Environment] [getExternalStorageState] [ExternalStorageState][String] [mounted]
D/S4URC   ( 3732): [SDK] [java.io.File] [getPath] [FilePath][String] [/storage/sdcard0]
D/S4URC   ( 3732): [SDK] [android.os.Environment] [getExternalStorageDirectory] [DirectoryPath][String] [/storage/sdcard0]
D/S4URC   ( 3732): [SDK] [java.io.File] [getPath] [FilePath][String] [/storage/sdcard0]
D/S4URC   ( 3732): [SDK] [android.os.Environment] [getExternalStorageDirectory] [DirectoryPath][String] [/storage/sdcard0]
D/S4URC   ( 3732): [SDK] [java.io.File] [Constructor] [FilePath][String] [/storage/sdcard0/Sonnenblume]
D/S4URC   ( 3732): [SDK] [java.io.File] [exists] [FilePath][String] [/storage/sdcard0/Sonnenblume]
D/S4URC   ( 3732): [SDK] [java.io.File] [Constructor] [FilePath][String] [/storage/sdcard0/Sonnenblume/EE53AF5B170264468E95E783E26D76C2]
D/S4URC   ( 3732): [SDK] [java.io.File] [getPath] [FilePath][String] [/storage/sdcard0/Sonnenblume/EE53AF5B170264468E95E783E26D76C2]
D/S4URC   ( 3563): [SDK] [java.io.File] [getPath] [FilePath][String] [/data/data/com.aippl.BubbleShooter.ncpplwdj]
D/S4URC   ( 3563): [SDK] [java.io.File] [exists] [FilePath][String] [/data/data/com.aippl.BubbleShooter.ncpplwdj/app_webview]
D/S4URC   ( 3563): [NDK] [SYSCALL] [access] [PATH][string] [/data/data/com.aippl.BubbleShooter.ncpplwdj/app_webview]
D/S4URC   ( 3563): [SDK] [java.io.File] [mkdir] [FilePath][String] [/data/data/com.aippl.BubbleShooter.ncpplwdj/app_webview]
D/S4URC   ( 3563): [NDK] [SYSCALL] [mkdir] [PATH][string] [/data/data/com.aippl.BubbleShooter.ncpplwdj/app_webview] [MODE][int] [0700]
D/S4URC   ( 3563): [SDK] [java.io.File] [getPath] [FilePath][String] [/data/data/com.aippl.BubbleShooter.ncpplwdj/app_webview]
D/S4URC   ( 3563): [NDK] [SYSCALL] [chmod] [PATH][string] [/data/data/com.aippl.BubbleShooter.ncpplwdj/app_webview] [MODE][int] [0771]
D/S4URC   ( 3563): [SDK] [java.io.File] [getPath] [FilePath][String] [/data/data/com.aippl.BubbleShooter.ncpplwdj/app_webview]
D/S4URC   ( 3563): [NDK] [SYSCALL] [open] [PATH][string] [/proc/cpuinfo] [RETURN][int] [61]
D/S4URC   ( 3563): [SDK] [java.lang.Class] [forName] [FindClass][String] [android.os.Message]
D/S4URC   ( 3732): [SDK] [java.io.File] [Constructor] [FilePath][String] [/storage/sdcard0]
D/S4URC   ( 3732): [SDK] [java.io.File] [Constructor] [FilePath][String] [/storage/sdcard1]
D/S4URC   ( 3732): [SDK] [java.io.File] [Constructor] [FilePath][String] [/storage/usb2host]
D/S4URC   ( 3732): [SDK] [java.io.File] [Constructor] [FilePath][String] [/storage/usb3device]
D/S4URC   ( 3732): [SDK] [java.io.File] [Constructor] [FilePath][String] [/storage/usb3host]
D/S4URC   ( 3732): [SDK] [android.os.Environment] [getExternalStorageState] [ExternalStorageState][String] [mounted]
D/S4URC   ( 3732): [SDK] [java.io.File] [getPath] [FilePath][String] [/storage/sdcard0]
D/S4URC   ( 3732): [SDK] [android.os.Environment] [getExternalStorageDirectory] [DirectoryPath][String] [/storage/sdcard0]
D/S4URC   ( 3732): [SDK] [java.io.File] [getPath] [FilePath][String] [/storage/sdcard0]
D/S4URC   ( 3732): [SDK] [android.os.Environment] [getExternalStorageDirectory] [DirectoryPath][String] [/storage/sdcard0]
D/S4URC   ( 3732): [SDK] [java.io.File] [Constructor] [FilePath][String] [/storage/sdcard0/Sonnenblume]
D/S4URC   ( 3732): [SDK] [java.io.File] [exists] [FilePath][String] [/storage/sdcard0/Sonnenblume]
D/S4URC   ( 3732): [SDK] [java.io.File] [Constructor] [FilePath][String] [/storage/sdcard0/Sonnenblume/EE53AF5B170264468E95E783E26D76C2]
D/S4URC   ( 3732): [SDK] [java.io.File] [getPath] [FilePath][String] [/storage/sdcard0/Sonnenblume/EE53AF5B170264468E95E783E26D76C2]
D/S4URC   ( 3563): [NDK] [SYSCALL] [sendto] [IP][string] [0.0.0.0] [PORT][int] [0] [RETURN][int] [17]
D/S4URC   ( 3563): [NDK] [SYSCALL] [socket] [TYPE][string] [UDP]
D/S4URC   ( 3563): [NDK] [SYSCALL] [lstat] [PATH][string] [/system/etc/hosts]
D/S4URC   ( 3563): [NDK] [SYSCALL] [access] [PATH][string] [/system/etc/hosts]
D/S4URC   ( 3563): [NDK] [SYSCALL] [stat] [PATH][string] [/system/etc/hosts]
D/S4URC   ( 3732): [SDK] [java.io.File] [Constructor] [FilePath][String] [/storage/sdcard0]
D/S4URC   ( 3563): [NDK] [SYSCALL] [access] [PATH][string] [/data/data/com.aippl.BubbleShooter.ncpplwdj/app_webview/paks]
D/S4URC   ( 3563): [NDK] [SYSCALL] [stat] [PATH][string] [/]
D/S4URC   ( 3563): [NDK] [SYSCALL] [stat] [PATH][string] [/data]
D/S4URC   ( 3563): [NDK] [SYSCALL] [stat] [PATH][string] [/data/data]
D/S4URC   ( 3563): [NDK] [SYSCALL] [stat] [PATH][string] [/data/data/com.aippl.BubbleShooter.ncpplwdj]
D/S4URC   ( 3563): [NDK] [SYSCALL] [mkdir] [PATH][string] [/data/data/com.aippl.BubbleShooter.ncpplwdj/app_webview/paks] [MODE][int] [0700]
D/S4URC   ( 3732): [SDK] [java.io.File] [Constructor] [FilePath][String] [/storage/sdcard0]
D/S4URC   ( 3732): [SDK] [java.io.File] [Constructor] [FilePath][String] [/storage/sdcard1]
D/S4URC   ( 3732): [SDK] [java.io.File] [Constructor] [FilePath][String] [/storage/usb2host]
D/S4URC   ( 3732): [SDK] [java.io.File] [Constructor] [FilePath][String] [/storage/usb3device]
D/S4URC   ( 3732): [SDK] [java.io.File] [Constructor] [FilePath][String] [/storage/usb3host]
D/S4URC   ( 3563): [NDK] [SYSCALL] [access] [PATH][string] [/data/data/com.aippl.BubbleShooter.ncpplwdj/app_webview/paks/en-US.pak]
D/S4URC   ( 3732): [SDK] [android.os.Environment] [getExternalStorageState] [ExternalStorageState][String] [mounted]
D/S4URC   ( 3732): [SDK] [java.io.File] [getPath] [FilePath][String] [/storage/sdcard0]
D/S4URC   ( 3732): [SDK] [android.os.Environment] [getExternalStorageDirectory] [DirectoryPath][String] [/storage/sdcard0]
D/S4URC   ( 3732): [SDK] [java.io.File] [getPath] [FilePath][String] [/storage/sdcard0]
D/S4URC   ( 3732): [SDK] [android.os.Environment] [getExternalStorageDirectory] [DirectoryPath][String] [/storage/sdcard0]
D/S4URC   ( 3732): [SDK] [java.io.File] [Constructor] [FilePath][String] [/storage/sdcard0/Sonnenblume]
D/S4URC   ( 3732): [SDK] [java.io.File] [exists] [FilePath][String] [/storage/sdcard0/Sonnenblume]
D/S4URC   ( 3732): [SDK] [java.io.File] [Constructor] [FilePath][String] [/storage/sdcard0/Sonnenblume/EE53AF5B170264468E95E783E26D76C2]
D/S4URC   ( 3732): [SDK] [java.io.File] [getPath] [FilePath][String] [/storage/sdcard0/Sonnenblume/EE53AF5B170264468E95E783E26D76C2]
D/S4URC   ( 3563): [NDK] [SYSCALL] [access] [PATH][string] [/data/data/com.aippl.BubbleShooter.ncpplwdj/app_webview/paks/en-US.pak]
D/S4URC   ( 3563): [SDK] [android.content.ContextWrapper] [registerReceiver][IntentFilter][android.intent.action.HEADSET_PLUG,
D/S4URC   ( 3732): [SDK] [java.io.File] [Constructor] [FilePath][String] [/storage/sdcard0]
D/S4URC   ( 3732): [SDK] [java.io.File] [Constructor] [FilePath][String] [/storage/sdcard1]
D/S4URC   ( 3732): [SDK] [java.io.File] [Constructor] [FilePath][String] [/storage/usb2host]
D/S4URC   ( 3732): [SDK] [java.io.File] [Constructor] [FilePath][String] [/storage/usb3device]
D/S4URC   ( 3732): [SDK] [java.io.File] [Constructor] [FilePath][String] [/storage/usb3host]
D/S4URC   ( 3732): [SDK] [android.os.Environment] [getExternalStorageState] [ExternalStorageState][String] [mounted]
D/S4URC   ( 3732): [SDK] [java.io.File] [getPath] [FilePath][String] [/storage/sdcard0]
D/S4URC   ( 3732): [SDK] [android.os.Environment] [getExternalStorageDirectory] [DirectoryPath][String] [/storage/sdcard0]
D/S4URC   ( 3732): [SDK] [java.io.File] [getPath] [FilePath][String] [/storage/sdcard0]
D/S4URC   ( 3732): [SDK] [android.os.Environment] [getExternalStorageDirectory] [DirectoryPath][String] [/storage/sdcard0]
D/S4URC   ( 3732): [SDK] [java.io.File] [Constructor] [FilePath][String] [/storage/sdcard0/Sonnenblume]
D/S4URC   ( 3732): [SDK] [java.io.File] [exists] [FilePath][String] [/storage/sdcard0/Sonnenblume]
D/S4URC   ( 3732): [SDK] [java.io.File] [Constructor] [FilePath][String] [/storage/sdcard0/Sonnenblume/EE53AF5B170264468E95E783E26D76C2]
D/S4URC   ( 3732): [SDK] [java.io.File] [getPath] [FilePath][String] [/storage/sdcard0/Sonnenblume/EE53AF5B170264468E95E783E26D76C2]
