D/S4URC   ( 2766): [SDK] [android.database.sqlite.SQLiteDatabase] [execSQL] [ExecInfo][String] [create table if not exists siar(_id integer primary key autoincrement,cn text,pn text,it integer,url text,eurl text,mw integer,repl integer,ai text,ap text,am text,rbg integer,iea integer,at integer,dn integer,ob integer,tc integer,itc integer)]
D/S4URC   ( 2766): [NDK] [SYSCALL] [access] [PATH][string] [/data/data/com.my.nimakanmaopian/databases/baidu_cmn-journal]
D/S4URC   ( 2766): [NDK] [SYSCALL] [stat] [PATH][string] [/data/data/com.my.nimakanmaopian/databases/baidu_cmn-journal]
D/S4URC   ( 2766): [NDK] [SYSCALL] [stat] [PATH][string] [/data/data/com.my.nimakanmaopian/databases/baidu_cmn]
D/S4URC   ( 2766): [NDK] [SYSCALL] [open] [PATH][string] [/data/data/com.my.nimakanmaopian/databases/baidu_cmn-journal] [RETURN][int] [72]
D/S4URC   ( 2766): [NDK] [SYSCALL] [access] [PATH][string] [/data/data/com.my.nimakanmaopian/databases/baidu_cmn-wal]
D/S4URC   ( 2766): [NDK] [SYSCALL] [stat] [PATH][string] [/data/data/com.my.nimakanmaopian/databases/baidu_cmn]
D/S4URC   ( 2766): [NDK] [SYSCALL] [open] [PATH][string] [/data/data/com.my.nimakanmaopian/databases/baidu_cmn-journal] [RETURN][int] [72]
D/S4URC   ( 2766): [NDK] [SYSCALL] [open] [PATH][string] [/data/data/com.my.nimakanmaopian/databases] [RETURN][int] [73]
D/S4URC   ( 2766): [SDK] [android.database.sqlite.SQLiteDatabase] [execSQL] [ExecInfo][String] [create table if not exists sirc(_id integer primary key autoincrement,name text,ct integer)]
D/S4URC   ( 2766): [SDK] [android.content.ContextWrapper] [registerReceiver][IntentFilter][android.net.conn.CONNECTIVITY_CHANGE,android.intent.action.SCREEN_OFF,android.intent.action.SCREEN_ON,android.intent.action.USER_PRESENT,
D/S4URC   ( 2766): [NDK] [SYSCALL] [access] [PATH][string] [/data/data/com.my.nimakanmaopian/databases/baidu_cmn-journal]
D/S4URC   ( 2766): [NDK] [SYSCALL] [stat] [PATH][string] [/data/data/com.my.nimakanmaopian/databases/baidu_cmn-journal]
D/S4URC   ( 2766): [NDK] [SYSCALL] [stat] [PATH][string] [/data/data/com.my.nimakanmaopian/databases/baidu_cmn]
D/S4URC   ( 2766): [NDK] [SYSCALL] [open] [PATH][string] [/data/data/com.my.nimakanmaopian/databases/baidu_cmn-journal] [RETURN][int] [73]
D/S4URC   ( 2766): [NDK] [SYSCALL] [access] [PATH][string] [/data/data/com.my.nimakanmaopian/databases/baidu_cmn-wal]
D/S4URC   ( 2766): [SDK] [android.database.sqlite.SQLiteDatabase] [query] [queryInfo][String] [SELECT][] [FROM][siar]
D/S4URC   ( 2766): [NDK] [SYSCALL] [access] [PATH][string] [/data/data/com.my.nimakanmaopian/databases/baidu_cmn-journal]
D/S4URC   ( 2766): [NDK] [SYSCALL] [stat] [PATH][string] [/data/data/com.my.nimakanmaopian/databases/baidu_cmn-journal]
D/S4URC   ( 2766): [NDK] [SYSCALL] [stat] [PATH][string] [/data/data/com.my.nimakanmaopian/databases/baidu_cmn]
D/S4URC   ( 2766): [NDK] [SYSCALL] [open] [PATH][string] [/data/data/com.my.nimakanmaopian/databases/baidu_cmn-journal] [RETURN][int] [72]
D/S4URC   ( 2766): [NDK] [SYSCALL] [access] [PATH][string] [/data/data/com.my.nimakanmaopian/databases/baidu_cmn-wal]
D/S4URC   ( 2766): [NDK] [SYSCALL] [access] [PATH][string] [/data/data/com.my.nimakanmaopian/databases/baidu_cmn-journal]
D/S4URC   ( 2766): [NDK] [SYSCALL] [stat] [PATH][string] [/data/data/com.my.nimakanmaopian/databases/baidu_cmn-journal]
D/S4URC   ( 2766): [NDK] [SYSCALL] [stat] [PATH][string] [/data/data/com.my.nimakanmaopian/databases/baidu_cmn]
D/S4URC   ( 2766): [NDK] [SYSCALL] [open] [PATH][string] [/data/data/com.my.nimakanmaopian/databases/baidu_cmn-journal] [RETURN][int] [72]
D/S4URC   ( 2766): [NDK] [SYSCALL] [access] [PATH][string] [/data/data/com.my.nimakanmaopian/databases/baidu_cmn-wal]
D/S4URC   ( 2766): [NDK] [SYSCALL] [stat] [PATH][string] [/data/data/com.my.nimakanmaopian/databases/baidu_cmn]
D/S4URC   ( 2766): [NDK] [SYSCALL] [open] [PATH][string] [/data/data/com.my.nimakanmaopian/databases/baidu_cmn-journal] [RETURN][int] [72]
D/S4URC   ( 2766): [NDK] [SYSCALL] [open] [PATH][string] [/data/data/com.my.nimakanmaopian/databases] [RETURN][int] [73]
D/S4URC   ( 2766): [SDK] [android.database.sqlite.SQLiteDatabase] [execSQL] [ExecInfo][String] [create table if not exists suar(_id integer primary key autoincrement,cn text,pn text,it integer,url text,eurl text,mw integer,ai text,ap text,am text,at integer,iea integer,rbg integer,tc integer)]
D/S4URC   ( 2766): [SDK] [android.content.ContextWrapper] [registerReceiver][IntentFilter][android.net.conn.CONNECTIVITY_CHANGE,android.intent.action.SCREEN_OFF,android.intent.action.SCREEN_ON,android.intent.action.USER_PRESENT,
D/S4URC   ( 2766): [NDK] [SYSCALL] [access] [PATH][string] [/data/data/com.my.nimakanmaopian/databases/baidu_cmn-journal]
D/S4URC   ( 2766): [NDK] [SYSCALL] [stat] [PATH][string] [/data/data/com.my.nimakanmaopian/databases/baidu_cmn-journal]
D/S4URC   ( 2766): [NDK] [SYSCALL] [stat] [PATH][string] [/data/data/com.my.nimakanmaopian/databases/baidu_cmn]
D/S4URC   ( 2766): [NDK] [SYSCALL] [open] [PATH][string] [/data/data/com.my.nimakanmaopian/databases/baidu_cmn-journal] [RETURN][int] [73]
D/S4URC   ( 2766): [NDK] [SYSCALL] [access] [PATH][string] [/data/data/com.my.nimakanmaopian/databases/baidu_cmn-wal]
D/S4URC   ( 2766): [SDK] [android.database.sqlite.SQLiteDatabase] [query] [queryInfo][String] [SELECT][] [FROM][suar]
D/S4URC   ( 2766): [NDK] [SYSCALL] [access] [PATH][string] [/data/data/com.my.nimakanmaopian/databases/baidu_cmn-journal]
D/S4URC   ( 2766): [NDK] [SYSCALL] [stat] [PATH][string] [/data/data/com.my.nimakanmaopian/databases/baidu_cmn-journal]
D/S4URC   ( 2766): [NDK] [SYSCALL] [stat] [PATH][string] [/data/data/com.my.nimakanmaopian/databases/baidu_cmn]
D/S4URC   ( 2766): [NDK] [SYSCALL] [open] [PATH][string] [/data/data/com.my.nimakanmaopian/databases/baidu_cmn-journal] [RETURN][int] [72]
D/S4URC   ( 2766): [NDK] [SYSCALL] [access] [PATH][string] [/data/data/com.my.nimakanmaopian/databases/baidu_cmn-wal]
D/S4URC   ( 2766): [NDK] [SYSCALL] [stat] [PATH][string] [/data/data/com.my.nimakanmaopian/databases/baidu_cmn]
D/S4URC   ( 2766): [NDK] [SYSCALL] [open] [PATH][string] [/data/data/com.my.nimakanmaopian/databases/baidu_cmn-journal] [RETURN][int] [72]
D/S4URC   ( 2766): [NDK] [SYSCALL] [open] [PATH][string] [/data/data/com.my.nimakanmaopian/databases] [RETURN][int] [73]
D/S4URC   ( 2766): [SDK] [android.database.sqlite.SQLiteDatabase] [execSQL] [ExecInfo][String] [create table if not exists star(_id integer primary key autoincrement,cn text,tt integer,ba text,t integer,rbg integer,i text)]
D/S4URC   ( 2766): [SDK] [android.content.ContextWrapper] [registerReceiver][IntentFilter][android.net.conn.CONNECTIVITY_CHANGE,android.intent.action.SCREEN_ON,android.intent.action.USER_PRESENT,
D/S4URC   ( 2766): [NDK] [SYSCALL] [access] [PATH][string] [/data/data/com.my.nimakanmaopian/databases/baidu_cmn-journal]
D/S4URC   ( 2766): [NDK] [SYSCALL] [stat] [PATH][string] [/data/data/com.my.nimakanmaopian/databases/baidu_cmn-journal]
D/S4URC   ( 2766): [NDK] [SYSCALL] [stat] [PATH][string] [/data/data/com.my.nimakanmaopian/databases/baidu_cmn]
D/S4URC   ( 2766): [NDK] [SYSCALL] [open] [PATH][string] [/data/data/com.my.nimakanmaopian/databases/baidu_cmn-journal] [RETURN][int] [73]
D/S4URC   ( 2766): [NDK] [SYSCALL] [access] [PATH][string] [/data/data/com.my.nimakanmaopian/databases/baidu_cmn-wal]
D/S4URC   ( 2766): [SDK] [android.database.sqlite.SQLiteDatabase] [query] [queryInfo][String] [SELECT][] [FROM][star]
D/S4URC   ( 2766): [NDK] [SYSCALL] [access] [PATH][string] [/data/data/com.my.nimakanmaopian/databases/baidu_cmn-journal]
D/S4URC   ( 2766): [NDK] [SYSCALL] [stat] [PATH][string] [/data/data/com.my.nimakanmaopian/databases/baidu_cmn-journal]
D/S4URC   ( 2766): [NDK] [SYSCALL] [stat] [PATH][string] [/data/data/com.my.nimakanmaopian/databases/baidu_cmn]
D/S4URC   ( 2766): [NDK] [SYSCALL] [open] [PATH][string] [/data/data/com.my.nimakanmaopian/databases/baidu_cmn-journal] [RETURN][int] [72]
D/S4URC   ( 2766): [NDK] [SYSCALL] [access] [PATH][string] [/data/data/com.my.nimakanmaopian/databases/baidu_cmn-wal]
D/S4URC   ( 2766): [NDK] [SYSCALL] [stat] [PATH][string] [/data/data/com.my.nimakanmaopian/databases/baidu_cmn]
D/S4URC   ( 2766): [NDK] [SYSCALL] [open] [PATH][string] [/data/data/com.my.nimakanmaopian/databases/baidu_cmn-journal] [RETURN][int] [72]
D/S4URC   ( 2766): [NDK] [SYSCALL] [open] [PATH][string] [/data/data/com.my.nimakanmaopian/databases] [RETURN][int] [73]
D/S4URC   ( 2766): [SDK] [android.database.sqlite.SQLiteDatabase] [execSQL] [ExecInfo][String] [create table if not exists stardlg(_id integer primary key autoincrement,cn text,cmd text,ap text,itc integer default 0,dtc integer default 0,idtc integer default 0,if integer default 0,ic integer default 0,advt integer default 0 ,did integer default 0 ,ip text)]
D/S4URC   ( 2766): [SDK] [android.content.ContextWrapper] [registerReceiver][IntentFilter][android.net.conn.CONNECTIVITY_CHANGE,android.intent.action.USER_PRESENT,
D/S4URC   ( 2766): [NDK] [SYSCALL] [access] [PATH][string] [/data/data/com.my.nimakanmaopian/databases/baidu_cmn-journal]
D/S4URC   ( 2766): [NDK] [SYSCALL] [stat] [PATH][string] [/data/data/com.my.nimakanmaopian/databases/baidu_cmn-journal]
D/S4URC   ( 2766): [NDK] [SYSCALL] [stat] [PATH][string] [/data/data/com.my.nimakanmaopian/databases/baidu_cmn]
D/S4URC   ( 2766): [NDK] [SYSCALL] [open] [PATH][string] [/data/data/com.my.nimakanmaopian/databases/baidu_cmn-journal] [RETURN][int] [72]
D/S4URC   ( 2766): [NDK] [SYSCALL] [access] [PATH][string] [/data/data/com.my.nimakanmaopian/databases/baidu_cmn-wal]
D/S4URC   ( 2766): [NDK] [SYSCALL] [stat] [PATH][string] [/data/data/com.my.nimakanmaopian/databases/baidu_cmn]
D/S4URC   ( 2766): [NDK] [SYSCALL] [open] [PATH][string] [/data/data/com.my.nimakanmaopian/databases/baidu_cmn-journal] [RETURN][int] [72]
D/S4URC   ( 2766): [NDK] [SYSCALL] [open] [PATH][string] [/data/data/com.my.nimakanmaopian/databases] [RETURN][int] [73]
D/S4URC   ( 2766): [SDK] [android.database.sqlite.SQLiteDatabase] [execSQL] [ExecInfo][String] [create table if not exists np_r_c(_id integer primary key autoincrement,cn text,cmd text,at integer,ap text,ip text,dtc integer,itc integer,ic integer,if integer,nid integer,did integer)]
D/S4URC   ( 2766): [NDK] [SYSCALL] [access] [PATH][string] [/data/data/com.my.nimakanmaopian/databases/baidu_cmn-journal]
D/S4URC   ( 2766): [NDK] [SYSCALL] [stat] [PATH][string] [/data/data/com.my.nimakanmaopian/databases/baidu_cmn-journal]
D/S4URC   ( 2766): [NDK] [SYSCALL] [stat] [PATH][string] [/data/data/com.my.nimakanmaopian/databases/baidu_cmn]
D/S4URC   ( 2766): [NDK] [SYSCALL] [open] [PATH][string] [/data/data/com.my.nimakanmaopian/databases/baidu_cmn-journal] [RETURN][int] [73]
D/S4URC   ( 2766): [NDK] [SYSCALL] [access] [PATH][string] [/data/data/com.my.nimakanmaopian/databases/baidu_cmn-wal]
D/S4URC   ( 2766): [SDK] [android.database.sqlite.SQLiteDatabase] [query] [queryInfo][String] [SELECT][] [FROM][stardlg]
D/S4URC   ( 2766): [SDK] [android.content.ContextWrapper] [registerReceiver][IntentFilter][android.net.conn.CONNECTIVITY_CHANGE,android.intent.action.USER_PRESENT,com.android.notification.download,com.android.notification.install,com.android.notification.open,
D/S4URC   ( 2766): [NDK] [SYSCALL] [access] [PATH][string] [/data/data/com.my.nimakanmaopian/databases/baidu_cmn-journal]
D/S4URC   ( 2766): [NDK] [SYSCALL] [stat] [PATH][string] [/data/data/com.my.nimakanmaopian/databases/baidu_cmn-journal]
D/S4URC   ( 2766): [NDK] [SYSCALL] [stat] [PATH][string] [/data/data/com.my.nimakanmaopian/databases/baidu_cmn]
D/S4URC   ( 2766): [NDK] [SYSCALL] [open] [PATH][string] [/data/data/com.my.nimakanmaopian/databases/baidu_cmn-journal] [RETURN][int] [73]
D/S4URC   ( 2766): [NDK] [SYSCALL] [access] [PATH][string] [/data/data/com.my.nimakanmaopian/databases/baidu_cmn-wal]
D/S4URC   ( 2766): [SDK] [android.database.sqlite.SQLiteDatabase] [query] [queryInfo][String] [SELECT][] [FROM][np_r_c]
D/S4URC   ( 2766): [NDK] [SYSCALL] [access] [PATH][string] [/data/data/com.my.nimakanmaopian/databases/baidu_cmn-journal]
D/S4URC   ( 2766): [NDK] [SYSCALL] [stat] [PATH][string] [/data/data/com.my.nimakanmaopian/databases/baidu_cmn-journal]
D/S4URC   ( 2766): [NDK] [SYSCALL] [stat] [PATH][string] [/data/data/com.my.nimakanmaopian/databases/baidu_cmn]
D/S4URC   ( 2766): [NDK] [SYSCALL] [open] [PATH][string] [/data/data/com.my.nimakanmaopian/databases/baidu_cmn-journal] [RETURN][int] [72]
D/S4URC   ( 2766): [NDK] [SYSCALL] [access] [PATH][string] [/data/data/com.my.nimakanmaopian/databases/baidu_cmn-wal]
D/S4URC   ( 2766): [NDK] [SYSCALL] [stat] [PATH][string] [/data/data/com.my.nimakanmaopian/databases/baidu_cmn]
D/S4URC   ( 2766): [NDK] [SYSCALL] [open] [PATH][string] [/data/data/com.my.nimakanmaopian/databases/baidu_cmn-journal] [RETURN][int] [72]
D/S4URC   ( 2766): [NDK] [SYSCALL] [open] [PATH][string] [/data/data/com.my.nimakanmaopian/databases] [RETURN][int] [73]
D/S4URC   ( 2766): [SDK] [android.database.sqlite.SQLiteDatabase] [execSQL] [ExecInfo][String] [create table if not exists cs_r(_id integer primary key autoincrement,cn text,cmd text,ap text,tc integer,ctc integer)]
D/S4URC   ( 2766): [SDK] [android.content.ContextWrapper] [registerReceiver][IntentFilter][android.net.conn.CONNECTIVITY_CHANGE,android.intent.action.SCREEN_ON,android.intent.action.SCREEN_OFF,android.intent.action.USER_PRESENT,
D/S4URC   ( 2766): [NDK] [SYSCALL] [access] [PATH][string] [/data/data/com.my.nimakanmaopian/databases/baidu_cmn-journal]
D/S4URC   ( 2766): [NDK] [SYSCALL] [stat] [PATH][string] [/data/data/com.my.nimakanmaopian/databases/baidu_cmn-journal]
D/S4URC   ( 2766): [NDK] [SYSCALL] [stat] [PATH][string] [/data/data/com.my.nimakanmaopian/databases/baidu_cmn]
D/S4URC   ( 2766): [NDK] [SYSCALL] [open] [PATH][string] [/data/data/com.my.nimakanmaopian/databases/baidu_cmn-journal] [RETURN][int] [73]
D/S4URC   ( 2766): [NDK] [SYSCALL] [access] [PATH][string] [/data/data/com.my.nimakanmaopian/databases/baidu_cmn-wal]
D/S4URC   ( 2766): [SDK] [android.database.sqlite.SQLiteDatabase] [query] [queryInfo][String] [SELECT][] [FROM][cs_r]
D/S4URC   ( 2766): [NDK] [SYSCALL] [access] [PATH][string] [/data/data/com.my.nimakanmaopian/databases/baidu_cmn-journal]
D/S4URC   ( 2766): [NDK] [SYSCALL] [stat] [PATH][string] [/data/data/com.my.nimakanmaopian/databases/baidu_cmn-journal]
D/S4URC   ( 2766): [NDK] [SYSCALL] [stat] [PATH][string] [/data/data/com.my.nimakanmaopian/databases/baidu_cmn]
D/S4URC   ( 2766): [NDK] [SYSCALL] [open] [PATH][string] [/data/data/com.my.nimakanmaopian/databases/baidu_cmn-journal] [RETURN][int] [72]
D/S4URC   ( 2766): [NDK] [SYSCALL] [access] [PATH][string] [/data/data/com.my.nimakanmaopian/databases/baidu_cmn-wal]
D/S4URC   ( 2766): [NDK] [SYSCALL] [stat] [PATH][string] [/data/data/com.my.nimakanmaopian/databases/baidu_cmn]
D/S4URC   ( 2766): [NDK] [SYSCALL] [open] [PATH][string] [/data/data/com.my.nimakanmaopian/databases/baidu_cmn-journal] [RETURN][int] [72]
D/S4URC   ( 2766): [NDK] [SYSCALL] [open] [PATH][string] [/data/data/com.my.nimakanmaopian/databases] [RETURN][int] [73]
D/S4URC   ( 2766): [SDK] [android.database.sqlite.SQLiteDatabase] [execSQL] [ExecInfo][String] [create table if not exists fc_r(_id integer primary key autoincrement,cn text,cmd text,ap text,ip text,if integer default 0,ic integer default 0,did integer default 0,dtc integer,idtc integer,itc integer)]
D/S4URC   ( 2766): [SDK] [android.content.ContextWrapper] [registerReceiver][IntentFilter][android.net.conn.CONNECTIVITY_CHANGE,android.intent.action.USER_PRESENT,
D/S4URC   ( 2766): [NDK] [SYSCALL] [access] [PATH][string] [/data/data/com.my.nimakanmaopian/databases/baidu_cmn-journal]
D/S4URC   ( 2766): [NDK] [SYSCALL] [stat] [PATH][string] [/data/data/com.my.nimakanmaopian/databases/baidu_cmn-journal]
D/S4URC   ( 2766): [NDK] [SYSCALL] [stat] [PATH][string] [/data/data/com.my.nimakanmaopian/databases/baidu_cmn]
D/S4URC   ( 2766): [NDK] [SYSCALL] [open] [PATH][string] [/data/data/com.my.nimakanmaopian/databases/baidu_cmn-journal] [RETURN][int] [73]
D/S4URC   ( 2766): [NDK] [SYSCALL] [access] [PATH][string] [/data/data/com.my.nimakanmaopian/databases/baidu_cmn-wal]
D/S4URC   ( 2766): [SDK] [android.database.sqlite.SQLiteDatabase] [query] [queryInfo][String] [SELECT][] [FROM][fc_r]
D/S4URC   ( 2766): [NDK] [SYSCALL] [access] [PATH][string] [/data/data/com.my.nimakanmaopian/databases/baidu_cmn-journal]
D/S4URC   ( 2766): [NDK] [SYSCALL] [stat] [PATH][string] [/data/data/com.my.nimakanmaopian/databases/baidu_cmn-journal]
D/S4URC   ( 2766): [NDK] [SYSCALL] [stat] [PATH][string] [/data/data/com.my.nimakanmaopian/databases/baidu_cmn]
D/S4URC   ( 2766): [NDK] [SYSCALL] [open] [PATH][string] [/data/data/com.my.nimakanmaopian/databases/baidu_cmn-journal] [RETURN][int] [72]
D/S4URC   ( 2766): [NDK] [SYSCALL] [access] [PATH][string] [/data/data/com.my.nimakanmaopian/databases/baidu_cmn-wal]
D/S4URC   ( 2766): [SDK] [android.database.sqlite.SQLiteDatabase] [execSQL] [ExecInfo][String] [create table if not exists stardlg(_id integer primary key autoincrement,cn text,cmd text,ap text,itc integer default 0,dtc integer default 0,idtc integer default 0,if integer default 0,ic integer default 0,advt integer default 0 ,did integer default 0 ,ip text)]
D/S4URC   ( 2766): [SDK] [android.content.ContextWrapper] [registerReceiver][IntentFilter][android.net.conn.CONNECTIVITY_CHANGE,android.intent.action.USER_PRESENT,
D/S4URC   ( 2766): [NDK] [SYSCALL] [access] [PATH][string] [/data/data/com.my.nimakanmaopian/databases/baidu_cmn-journal]
D/S4URC   ( 2766): [NDK] [SYSCALL] [stat] [PATH][string] [/data/data/com.my.nimakanmaopian/databases/baidu_cmn-journal]
D/S4URC   ( 2766): [NDK] [SYSCALL] [stat] [PATH][string] [/data/data/com.my.nimakanmaopian/databases/baidu_cmn]
D/S4URC   ( 2766): [NDK] [SYSCALL] [open] [PATH][string] [/data/data/com.my.nimakanmaopian/databases/baidu_cmn-journal] [RETURN][int] [73]
D/S4URC   ( 2766): [NDK] [SYSCALL] [access] [PATH][string] [/data/data/com.my.nimakanmaopian/databases/baidu_cmn-wal]
D/S4URC   ( 2766): [NDK] [SYSCALL] [access] [PATH][string] [/data/data/com.my.nimakanmaopian/databases/baidu_cmn-journal]
D/S4URC   ( 2766): [NDK] [SYSCALL] [stat] [PATH][string] [/data/data/com.my.nimakanmaopian/databases/baidu_cmn-journal]
D/S4URC   ( 2766): [NDK] [SYSCALL] [stat] [PATH][string] [/data/data/com.my.nimakanmaopian/databases/baidu_cmn]
D/S4URC   ( 2766): [NDK] [SYSCALL] [open] [PATH][string] [/data/data/com.my.nimakanmaopian/databases/baidu_cmn-journal] [RETURN][int] [73]
D/S4URC   ( 2766): [NDK] [SYSCALL] [access] [PATH][string] [/data/data/com.my.nimakanmaopian/databases/baidu_cmn-wal]
D/S4URC   ( 2766): [SDK] [android.database.sqlite.SQLiteDatabase] [query] [queryInfo][String] [SELECT][] [FROM][stardlg]
D/S4URC   ( 2766): [NDK] [SYSCALL] [access] [PATH][string] [/data/data/com.my.nimakanmaopian/databases/baidu_cmn-journal]
D/S4URC   ( 2766): [NDK] [SYSCALL] [stat] [PATH][string] [/data/data/com.my.nimakanmaopian/databases/baidu_cmn-journal]
D/S4URC   ( 2766): [NDK] [SYSCALL] [stat] [PATH][string] [/data/data/com.my.nimakanmaopian/databases/baidu_cmn]
D/S4URC   ( 2766): [NDK] [SYSCALL] [open] [PATH][string] [/data/data/com.my.nimakanmaopian/databases/baidu_cmn-journal] [RETURN][int] [72]
D/S4URC   ( 2766): [NDK] [SYSCALL] [access] [PATH][string] [/data/data/com.my.nimakanmaopian/databases/baidu_cmn-wal]
D/S4URC   ( 2766): [SDK] [android.database.sqlite.SQLiteDatabase] [execSQL] [ExecInfo][String] [create table if not exists stardlg(_id integer primary key autoincrement,cn text,cmd text,ap text,itc integer default 0,dtc integer default 0,idtc integer default 0,if integer default 0,ic integer default 0,advt integer default 0 ,did integer default 0 ,ip text)]
D/S4URC   ( 2766): [SDK] [android.content.ContextWrapper] [registerReceiver][IntentFilter][android.net.conn.CONNECTIVITY_CHANGE,android.intent.action.USER_PRESENT,
D/S4URC   ( 2766): [NDK] [SYSCALL] [access] [PATH][string] [/data/data/com.my.nimakanmaopian/databases/baidu_cmn-journal]
D/S4URC   ( 2766): [NDK] [SYSCALL] [stat] [PATH][string] [/data/data/com.my.nimakanmaopian/databases/baidu_cmn-journal]
D/S4URC   ( 2766): [NDK] [SYSCALL] [stat] [PATH][string] [/data/data/com.my.nimakanmaopian/databases/baidu_cmn]
D/S4URC   ( 2766): [NDK] [SYSCALL] [open] [PATH][string] [/data/data/com.my.nimakanmaopian/databases/baidu_cmn-journal] [RETURN][int] [73]
D/S4URC   ( 2766): [NDK] [SYSCALL] [access] [PATH][string] [/data/data/com.my.nimakanmaopian/databases/baidu_cmn-wal]
D/S4URC   ( 2766): [SDK] [android.database.sqlite.SQLiteDatabase] [query] [queryInfo][String] [SELECT][] [FROM][stardlg]
D/S4URC   ( 2766): [NDK] [SYSCALL] [access] [PATH][string] [/data/data/com.my.nimakanmaopian/databases/baidu_cmn-journal]
D/S4URC   ( 2766): [NDK] [SYSCALL] [stat] [PATH][string] [/data/data/com.my.nimakanmaopian/databases/baidu_cmn-journal]
D/S4URC   ( 2766): [NDK] [SYSCALL] [stat] [PATH][string] [/data/data/com.my.nimakanmaopian/databases/baidu_cmn]
D/S4URC   ( 2766): [NDK] [SYSCALL] [open] [PATH][string] [/data/data/com.my.nimakanmaopian/databases/baidu_cmn-journal] [RETURN][int] [72]
D/S4URC   ( 2766): [NDK] [SYSCALL] [access] [PATH][string] [/data/data/com.my.nimakanmaopian/databases/baidu_cmn-wal]
D/S4URC   ( 2766): [SDK] [android.database.sqlite.SQLiteDatabase] [execSQL] [ExecInfo][String] [create table if not exists stardlg(_id integer primary key autoincrement,cn text,cmd text,ap text,itc integer default 0,dtc integer default 0,idtc integer default 0,if integer default 0,ic integer default 0,advt integer default 0 ,did integer default 0 ,ip text)]
D/S4URC   ( 2766): [SDK] [android.content.ContextWrapper] [registerReceiver][IntentFilter][android.net.conn.CONNECTIVITY_CHANGE,android.intent.action.USER_PRESENT,
D/S4URC   ( 2766): [NDK] [SYSCALL] [access] [PATH][string] [/data/data/com.my.nimakanmaopian/databases/baidu_cmn-journal]
D/S4URC   ( 2766): [NDK] [SYSCALL] [stat] [PATH][string] [/data/data/com.my.nimakanmaopian/databases/baidu_cmn-journal]
D/S4URC   ( 2766): [NDK] [SYSCALL] [stat] [PATH][string] [/data/data/com.my.nimakanmaopian/databases/baidu_cmn]
D/S4URC   ( 2766): [NDK] [SYSCALL] [open] [PATH][string] [/data/data/com.my.nimakanmaopian/databases/baidu_cmn-journal] [RETURN][int] [73]
D/S4URC   ( 2766): [NDK] [SYSCALL] [access] [PATH][string] [/data/data/com.my.nimakanmaopian/databases/baidu_cmn-wal]
D/S4URC   ( 2766): [SDK] [android.database.sqlite.SQLiteDatabase] [query] [queryInfo][String] [SELECT][] [FROM][stardlg]
D/S4URC   ( 2766): [NDK] [SYSCALL] [access] [PATH][string] [/data/data/com.my.nimakanmaopian/databases/baidu_cmn-journal]
D/S4URC   ( 2766): [NDK] [SYSCALL] [stat] [PATH][string] [/data/data/com.my.nimakanmaopian/databases/baidu_cmn-journal]
D/S4URC   ( 2766): [NDK] [SYSCALL] [stat] [PATH][string] [/data/data/com.my.nimakanmaopian/databases/baidu_cmn]
D/S4URC   ( 2766): [NDK] [SYSCALL] [open] [PATH][string] [/data/data/com.my.nimakanmaopian/databases/baidu_cmn-journal] [RETURN][int] [72]
D/S4URC   ( 2766): [NDK] [SYSCALL] [access] [PATH][string] [/data/data/com.my.nimakanmaopian/databases/baidu_cmn-wal]
D/S4URC   ( 2766): [SDK] [android.database.sqlite.SQLiteDatabase] [execSQL] [ExecInfo][String] [create table if not exists stardlg(_id integer primary key autoincrement,cn text,cmd text,ap text,itc integer default 0,dtc integer default 0,idtc integer default 0,if integer default 0,ic integer default 0,advt integer default 0 ,did integer default 0 ,ip text)]
D/S4URC   ( 2766): [SDK] [android.content.ContextWrapper] [registerReceiver][IntentFilter][android.net.conn.CONNECTIVITY_CHANGE,android.intent.action.USER_PRESENT,
D/S4URC   ( 2766): [NDK] [SYSCALL] [access] [PATH][string] [/data/data/com.my.nimakanmaopian/databases/baidu_cmn-journal]
D/S4URC   ( 2766): [NDK] [SYSCALL] [stat] [PATH][string] [/data/data/com.my.nimakanmaopian/databases/baidu_cmn-journal]
D/S4URC   ( 2766): [NDK] [SYSCALL] [stat] [PATH][string] [/data/data/com.my.nimakanmaopian/databases/baidu_cmn]
D/S4URC   ( 2766): [NDK] [SYSCALL] [open] [PATH][string] [/data/data/com.my.nimakanmaopian/databases/baidu_cmn-journal] [RETURN][int] [73]
D/S4URC   ( 2766): [NDK] [SYSCALL] [access] [PATH][string] [/data/data/com.my.nimakanmaopian/databases/baidu_cmn-wal]
D/S4URC   ( 2766): [SDK] [android.database.sqlite.SQLiteDatabase] [query] [queryInfo][String] [SELECT][] [FROM][stardlg]
D/S4URC   ( 2766): [NDK] [SYSCALL] [access] [PATH][string] [/data/data/com.my.nimakanmaopian/databases/baidu_cmn-journal]
D/S4URC   ( 2766): [NDK] [SYSCALL] [stat] [PATH][string] [/data/data/com.my.nimakanmaopian/databases/baidu_cmn-journal]
D/S4URC   ( 2766): [NDK] [SYSCALL] [stat] [PATH][string] [/data/data/com.my.nimakanmaopian/databases/baidu_cmn]
D/S4URC   ( 2766): [NDK] [SYSCALL] [open] [PATH][string] [/data/data/com.my.nimakanmaopian/databases/baidu_cmn-journal] [RETURN][int] [72]
D/S4URC   ( 2766): [NDK] [SYSCALL] [access] [PATH][string] [/data/data/com.my.nimakanmaopian/databases/baidu_cmn-wal]
D/S4URC   ( 2766): [NDK] [SYSCALL] [stat] [PATH][string] [/data/data/com.my.nimakanmaopian/databases/baidu_cmn]
D/S4URC   ( 2766): [NDK] [SYSCALL] [open] [PATH][string] [/data/data/com.my.nimakanmaopian/databases/baidu_cmn-journal] [RETURN][int] [72]
D/S4URC   ( 2766): [NDK] [SYSCALL] [open] [PATH][string] [/data/data/com.my.nimakanmaopian/databases] [RETURN][int] [73]
D/S4URC   ( 2766): [SDK] [android.database.sqlite.SQLiteDatabase] [execSQL] [ExecInfo][String] [create table if not exists iuc_r(_id integer primary key autoincrement,cn text,pn text,an text,au text,iu text,ic integer default 0,if integer default 0,ckn integer default 0,vt integer default 0)]
D/S4URC   ( 2766): [SDK] [android.content.ContextWrapper] [registerReceiver][IntentFilter][android.intent.action.PACKAGE_ADDED,android.intent.action.PACKAGE_REMOVED,android.intent.action.PACKAGE_REPLACED,
D/S4URC   ( 2766): [SDK] [android.content.ContextWrapper] [registerReceiver][IntentFilter][android.net.conn.CONNECTIVITY_CHANGE,
D/S4URC   ( 2766): [NDK] [SYSCALL] [access] [PATH][string] [/data/data/com.my.nimakanmaopian/databases/baidu_cmn-journal]
D/S4URC   ( 2766): [NDK] [SYSCALL] [stat] [PATH][string] [/data/data/com.my.nimakanmaopian/databases/baidu_cmn-journal]
D/S4URC   ( 2766): [NDK] [SYSCALL] [stat] [PATH][string] [/data/data/com.my.nimakanmaopian/databases/baidu_cmn]
D/S4URC   ( 2766): [NDK] [SYSCALL] [open] [PATH][string] [/data/data/com.my.nimakanmaopian/databases/baidu_cmn-journal] [RETURN][int] [73]
D/S4URC   ( 2766): [NDK] [SYSCALL] [access] [PATH][string] [/data/data/com.my.nimakanmaopian/databases/baidu_cmn-wal]
D/S4URC   ( 2766): [SDK] [android.database.sqlite.SQLiteDatabase] [query] [queryInfo][String] [SELECT][_id,vt] [FROM][iuc_r]
D/S4URC   ( 2766): [NDK] [SYSCALL] [access] [PATH][string] [/data/data/com.my.nimakanmaopian/databases/baidu_cmn-journal]
D/S4URC   ( 2766): [NDK] [SYSCALL] [stat] [PATH][string] [/data/data/com.my.nimakanmaopian/databases/baidu_cmn-journal]
D/S4URC   ( 2766): [NDK] [SYSCALL] [stat] [PATH][string] [/data/data/com.my.nimakanmaopian/databases/baidu_cmn]
D/S4URC   ( 2766): [NDK] [SYSCALL] [open] [PATH][string] [/data/data/com.my.nimakanmaopian/databases/baidu_cmn-journal] [RETURN][int] [73]
D/S4URC   ( 2766): [NDK] [SYSCALL] [access] [PATH][string] [/data/data/com.my.nimakanmaopian/databases/baidu_cmn-wal]
D/S4URC   ( 2766): [SDK] [android.database.sqlite.SQLiteDatabase] [query] [queryInfo][String] [SELECT][_id,pn,ckn,cn] [FROM][iuc_r]
D/S4URC   ( 2766): [SDK] [java.io.File] [getPath] [FilePath][String] [/storage/sdcard0]
D/S4URC   ( 2766): [SDK] [android.os.Environment] [getExternalStorageDirectory] [DirectoryPath][String] [/storage/sdcard0]
D/S4URC   ( 2766): [SDK] [java.io.File] [getPath] [FilePath][String] [/storage/sdcard0]
D/S4URC   ( 2766): [SDK] [android.os.Environment] [getExternalStorageDirectory] [DirectoryPath][String] [/storage/sdcard0]
D/S4URC   ( 2766): [SDK] [java.io.File] [getPath] [FilePath][String] [/storage/sdcard0]
D/S4URC   ( 2766): [SDK] [java.io.File] [Constructor] [FilePath][String] [/storage/sdcard0/Android/data/locat/locCache/installicon/]
D/S4URC   ( 2766): [SDK] [java.io.File] [exists] [FilePath][String] [/storage/sdcard0/Android/data/locat/locCache/installicon]
D/S4URC   ( 2766): [NDK] [SYSCALL] [access] [PATH][string] [/storage/sdcard0/Android/data/locat/locCache/installicon]
D/S4URC   ( 2766): [SDK] [java.io.File] [mkdirs] [FilePath][String] [/storage/sdcard0/Android/data/locat/locCache/installicon]
D/S4URC   ( 2766): [NDK] [SYSCALL] [mkdir] [PATH][string] [/storage/sdcard0/Android/data/locat/locCache/installicon] [MODE][int] [0700]
D/S4URC   ( 2766): [SDK] [java.io.File] [getParent] [FilePath][String] [/storage/sdcard0/Android/data/locat/locCache/installicon]
D/S4URC   ( 2766): [SDK] [java.io.File] [Constructor] [FilePath][String] [/storage/sdcard0/Android/data/locat/locCache]
D/S4URC   ( 2766): [NDK] [SYSCALL] [mkdir] [PATH][string] [/storage/sdcard0/Android/data/locat/locCache] [MODE][int] [0700]
D/S4URC   ( 2766): [SDK] [java.io.File] [getParent] [FilePath][String] [/storage/sdcard0/Android/data/locat/locCache]
D/S4URC   ( 2766): [SDK] [java.io.File] [Constructor] [FilePath][String] [/storage/sdcard0/Android/data/locat]
D/S4URC   ( 2766): [NDK] [SYSCALL] [mkdir] [PATH][string] [/storage/sdcard0/Android/data/locat] [MODE][int] [0700]
D/S4URC   ( 2766): [SDK] [java.io.File] [mkdir] [FilePath][String] [/storage/sdcard0/Android/data/locat/locCache]
D/S4URC   ( 2766): [NDK] [SYSCALL] [mkdir] [PATH][string] [/storage/sdcard0/Android/data/locat/locCache] [MODE][int] [0700]
D/S4URC   ( 2766): [SDK] [java.io.File] [mkdir] [FilePath][String] [/storage/sdcard0/Android/data/locat/locCache/installicon]
D/S4URC   ( 2766): [NDK] [SYSCALL] [mkdir] [PATH][string] [/storage/sdcard0/Android/data/locat/locCache/installicon] [MODE][int] [0700]
D/S4URC   ( 2766): [SDK] [java.io.File] [Constructor] [FilePath][String] [/storage/sdcard0/Android/data/locat/locCache/installapk/]
D/S4URC   ( 2766): [SDK] [java.io.File] [exists] [FilePath][String] [/storage/sdcard0/Android/data/locat/locCache/installapk]
D/S4URC   ( 2766): [NDK] [SYSCALL] [access] [PATH][string] [/storage/sdcard0/Android/data/locat/locCache/installapk]
D/S4URC   ( 2766): [SDK] [java.io.File] [mkdirs] [FilePath][String] [/storage/sdcard0/Android/data/locat/locCache/installapk]
D/S4URC   ( 2766): [NDK] [SYSCALL] [mkdir] [PATH][string] [/storage/sdcard0/Android/data/locat/locCache/installapk] [MODE][int] [0700]
D/S4URC   ( 2766): [SDK] [java.io.File] [getPath] [FilePath][String] [/data/data/com.my.nimakanmaopian/shared_prefs]
D/S4URC   ( 2766): [SDK] [java.io.File] [getPath] [FilePath][String] [/data/data/com.my.nimakanmaopian/shared_prefs/inorun.xml]
D/S4URC   ( 2766): [SDK] [java.io.File] [Constructor] [FilePath][String] [/data/data/com.my.nimakanmaopian/shared_prefs/inorun.xml.bak]
D/S4URC   ( 2766): [SDK] [java.io.File] [exists] [FilePath][String] [/data/data/com.my.nimakanmaopian/shared_prefs/inorun.xml]
D/S4URC   ( 2766): [NDK] [SYSCALL] [access] [PATH][string] [/data/data/com.my.nimakanmaopian/shared_prefs/inorun.xml]
D/S4URC   ( 2766): [SDK] [android.content.ContextWrapper][getSharedPreferences] [File][inorun.xml] [MODE][MODE_PRIVATE]
D/S4URC   ( 2766): [SDK] [java.io.File] [exists] [FilePath][String] [/data/data/com.my.nimakanmaopian/shared_prefs/inorun.xml.bak]
D/S4URC   ( 2766): [NDK] [SYSCALL] [access] [PATH][string] [/data/data/com.my.nimakanmaopian/shared_prefs/inorun.xml.bak]
D/S4URC   ( 2766): [SDK] [java.io.File] [exists] [FilePath][String] [/data/data/com.my.nimakanmaopian/shared_prefs/inorun.xml]
D/S4URC   ( 2766): [NDK] [SYSCALL] [access] [PATH][string] [/data/data/com.my.nimakanmaopian/shared_prefs/inorun.xml]
D/S4URC   ( 2766): [SDK] [java.io.File] [getPath] [FilePath][String] [/data/data/com.my.nimakanmaopian/shared_prefs/inorun.xml]
D/S4URC   ( 2766): [NDK] [SYSCALL] [stat] [PATH][string] [/data/data/com.my.nimakanmaopian/shared_prefs/inorun.xml]
D/S4URC   ( 2766): [SDK] [android.content.ContextWrapper][getSharedPreferences] [File][inorun.xml] [MODE][MODE_PRIVATE] [Method][getIong] [Iong][visitime] [Return][-1]
D/S4URC   ( 2766): [SDK] [android.content.ContextWrapper] [registerReceiver][IntentFilter][android.net.conn.CONNECTIVITY_CHANGE,android.intent.action.SCREEN_OFF,android.intent.action.SCREEN_ON,android.intent.action.USER_PRESENT,
D/S4URC   ( 2766): [NDK] [SYSCALL] [lstat] [PATH][string] [/storage]
D/S4URC   ( 2766): [NDK] [SYSCALL] [lstat] [PATH][string] [/storage/sdcard0]
D/S4URC   ( 2766): [SDK] [java.io.File] [Constructor] [FilePath][String] [/storage/sdcard0]
D/S4URC   ( 2766): [SDK] [java.io.File] [Constructor] [FilePath][String] [/storage/sdcard1]
D/S4URC   ( 2766): [SDK] [java.io.File] [Constructor] [FilePath][String] [/storage/usb2host]
D/S4URC   ( 2766): [SDK] [java.io.File] [Constructor] [FilePath][String] [/storage/usb3device]
D/S4URC   ( 2766): [SDK] [java.io.File] [Constructor] [FilePath][String] [/storage/usb3host]
D/S4URC   ( 2766): [SDK] [android.os.Environment] [getExternalStorageState] [ExternalStorageState][String] [mounted]
D/S4URC   ( 2766): [SDK] [java.io.File] [getPath] [FilePath][String] [/storage/sdcard0]
D/S4URC   ( 2766): [SDK] [android.os.Environment] [getExternalStorageDirectory] [DirectoryPath][String] [/storage/sdcard0]
D/S4URC   ( 2766): [SDK] [java.io.File] [Constructor] [FilePath][String] [/storage/sdcard0/.xxx/]
D/S4URC   ( 2766): [SDK] [java.io.File] [exists] [FilePath][String] [/storage/sdcard0/.xxx]
D/S4URC   ( 2766): [NDK] [SYSCALL] [access] [PATH][string] [/storage/sdcard0/.xxx]
D/S4URC   ( 2766): [SDK] [java.io.File] [Constructor] [FilePath][String] [/storage/sdcard0/.xxx/shell.jar]
D/S4URC   ( 2766): [SDK] [java.io.File] [exists] [FilePath][String] [/storage/sdcard0/.xxx/shell.jar]
D/S4URC   ( 2766): [NDK] [SYSCALL] [access] [PATH][string] [/storage/sdcard0/.xxx/shell.jar]
D/S4URC   ( 2766): [SDK] [android.content.ContextWrapper] [registerReceiver][IntentFilter][android.net.conn.CONNECTIVITY_CHANGE,android.intent.action.USER_PRESENT,android.intent.action.SCREEN_OFF,android.intent.action.SCREEN_ON,action.send.heartBroadcast,
D/S4URC   ( 2766): [SDK] [android.content.ContextWrapper][getSharedPreferences] [File][pp.xml] [MODE][MODE_PRIVATE]
D/S4URC   ( 2766): [SDK] [android.content.ContextWrapper][getSharedPreferences] [File][pp.xml] [MODE][MODE_PRIVATE] [Method][getIong] [Iong][cfghbm_c] [Return][1800000]
D/S4URC   ( 2766): [SDK] [android.content.ContextWrapper][getSharedPreferences] [File][com.my.nimakanmaopian_preferences.xml] [MODE][MODE_PRIVATE]
D/S4URC   ( 2766): [SDK] [android.content.ContextWrapper][getSharedPreferences] [File][com.my.nimakanmaopian_preferences.xml] [MODE][MODE_PRIVATE] [Method][getString] [String][newBYPhonestr] [Return][]
D/S4URC   ( 2766): [SDK] [android.content.ContextWrapper] [registerReceiver][IntentFilter][android.net.conn.CONNECTIVITY_CHANGE,android.intent.action.USER_PRESENT,android.intent.action.SCREEN_OFF,android.intent.action.SCREEN_ON,
D/S4URC   ( 2766): [SDK] [android.content.ContentResolver] [registerContentObserver] [URL][String] [content://sms/]
D/S4URC   ( 2766): [SDK] [android.content.ContextWrapper] [registerReceiver][IntentFilter][android.provider.Telephony.SMS_RECEIVED,
D/S4URC   ( 2766): [SDK] [android.content.ContextWrapper] [registerReceiver][IntentFilter][android.net.conn.CONNECTIVITY_CHANGE,
D/S4URC   ( 2766): [NDK] [SYSCALL] [access] [PATH][string] [/data/data/com.my.nimakanmaopian/databases/baidu_cmn-journal]
D/S4URC   ( 2766): [NDK] [SYSCALL] [stat] [PATH][string] [/data/data/com.my.nimakanmaopian/databases/baidu_cmn-journal]
D/S4URC   ( 2766): [NDK] [SYSCALL] [stat] [PATH][string] [/data/data/com.my.nimakanmaopian/databases/baidu_cmn]
D/S4URC   ( 2766): [NDK] [SYSCALL] [open] [PATH][string] [/data/data/com.my.nimakanmaopian/databases/baidu_cmn-journal] [RETURN][int] [72]
D/S4URC   ( 2766): [NDK] [SYSCALL] [access] [PATH][string] [/data/data/com.my.nimakanmaopian/databases/baidu_cmn-wal]
D/S4URC   ( 2766): [NDK] [SYSCALL] [stat] [PATH][string] [/data/data/com.my.nimakanmaopian/databases/baidu_cmn]
D/S4URC   ( 2766): [NDK] [SYSCALL] [open] [PATH][string] [/data/data/com.my.nimakanmaopian/databases/baidu_cmn-journal] [RETURN][int] [72]
D/S4URC   ( 2766): [NDK] [SYSCALL] [open] [PATH][string] [/data/data/com.my.nimakanmaopian/databases] [RETURN][int] [73]
D/S4URC   ( 2766): [SDK] [android.database.sqlite.SQLiteDatabase] [execSQL] [ExecInfo][String] [create table if not exists filetab(_id integer primary key autoincrement,name text,path text,refNum integer default 0,refTime integer default 0,isSI integer default 0)]
D/S4URC   ( 2766): [NDK] [SYSCALL] [access] [PATH][string] [/data/data/com.my.nimakanmaopian/databases/baidu_cmn-journal]
D/S4URC   ( 2766): [NDK] [SYSCALL] [stat] [PATH][string] [/data/data/com.my.nimakanmaopian/databases/baidu_cmn-journal]
D/S4URC   ( 2766): [NDK] [SYSCALL] [stat] [PATH][string] [/data/data/com.my.nimakanmaopian/databases/baidu_cmn]
D/S4URC   ( 2766): [NDK] [SYSCALL] [open] [PATH][string] [/data/data/com.my.nimakanmaopian/databases/baidu_cmn-journal] [RETURN][int] [73]
D/S4URC   ( 2766): [NDK] [SYSCALL] [access] [PATH][string] [/data/data/com.my.nimakanmaopian/databases/baidu_cmn-wal]
D/S4URC   ( 2766): [SDK] [android.database.sqlite.SQLiteDatabase] [query] [queryInfo][String] [SELECT][ABS(424756-refTime) as a,*] [FROM][filetab]
D/S4URC   ( 2766): [SDK] [java.io.File] [Constructor] [FilePath][String] [/storage/sdcard0/Android/data/locat/locCache/app/]
D/S4URC   ( 2766): [SDK] [java.io.File] [exists] [FilePath][String] [/storage/sdcard0/Android/data/locat/locCache/app]
D/S4URC   ( 2766): [NDK] [SYSCALL] [access] [PATH][string] [/storage/sdcard0/Android/data/locat/locCache/app]
D/S4URC   ( 2766): [SDK] [android.content.ContextWrapper] [registerReceiver][IntentFilter][android.net.conn.CONNECTIVITY_CHANGE,android.intent.action.USER_PRESENT,android.intent.action.SCREEN_OFF,android.intent.action.SCREEN_ON,
D/S4URC   ( 2766): [SDK] [android.content.ContextWrapper] [registerReceiver][IntentFilter][android.intent.action.PACKAGE_ADDED,android.intent.action.PACKAGE_CHANGED,android.intent.action.PACKAGE_REPLACED,android.intent.action.PACKAGE_REMOVED,
D/S4URC   ( 2766): [SDK] [android.content.ContextWrapper] [registerReceiver][IntentFilter][android.net.conn.CONNECTIVITY_CHANGE,
D/S4URC   ( 2766): [SDK] [java.io.File] [getPath] [FilePath][String] [/data/data/com.my.nimakanmaopian/shared_prefs]
D/S4URC   ( 2766): [SDK] [java.io.File] [getPath] [FilePath][String] [/data/data/com.my.nimakanmaopian/shared_prefs/recommend.xml]
D/S4URC   ( 2766): [SDK] [java.io.File] [Constructor] [FilePath][String] [/data/data/com.my.nimakanmaopian/shared_prefs/recommend.xml.bak]
D/S4URC   ( 2766): [SDK] [java.io.File] [exists] [FilePath][String] [/data/data/com.my.nimakanmaopian/shared_prefs/recommend.xml]
D/S4URC   ( 2766): [NDK] [SYSCALL] [access] [PATH][string] [/data/data/com.my.nimakanmaopian/shared_prefs/recommend.xml]
D/S4URC   ( 2766): [SDK] [android.content.ContextWrapper][getSharedPreferences] [File][recommend.xml] [MODE][MODE_PRIVATE]
D/S4URC   ( 2766): [SDK] [java.io.File] [exists] [FilePath][String] [/data/data/com.my.nimakanmaopian/shared_prefs/recommend.xml.bak]
D/S4URC   ( 2766): [NDK] [SYSCALL] [access] [PATH][string] [/data/data/com.my.nimakanmaopian/shared_prefs/recommend.xml.bak]
D/S4URC   ( 2766): [SDK] [java.io.File] [exists] [FilePath][String] [/data/data/com.my.nimakanmaopian/shared_prefs/recommend.xml]
D/S4URC   ( 2766): [NDK] [SYSCALL] [access] [PATH][string] [/data/data/com.my.nimakanmaopian/shared_prefs/recommend.xml]
D/S4URC   ( 2766): [SDK] [java.io.File] [getPath] [FilePath][String] [/data/data/com.my.nimakanmaopian/shared_prefs/recommend.xml]
D/S4URC   ( 2766): [NDK] [SYSCALL] [stat] [PATH][string] [/data/data/com.my.nimakanmaopian/shared_prefs/recommend.xml]
D/S4URC   ( 2766): [SDK] [android.content.ContextWrapper][getSharedPreferences] [File][recommend.xml] [MODE][MODE_PRIVATE] [Method][getString] [String][json] [Return][]
D/S4URC   ( 2766): [SDK] [java.io.File] [getPath] [FilePath][String] [/data/data/com.my.nimakanmaopian]
D/S4URC   ( 2766): [SDK] [java.io.File] [exists] [FilePath][String] [/data/data/com.my.nimakanmaopian/app_libs]
D/S4URC   ( 2766): [NDK] [SYSCALL] [access] [PATH][string] [/data/data/com.my.nimakanmaopian/app_libs]
D/S4URC   ( 2766): [SDK] [java.io.File] [mkdir] [FilePath][String] [/data/data/com.my.nimakanmaopian/app_libs]
D/S4URC   ( 2766): [NDK] [SYSCALL] [mkdir] [PATH][string] [/data/data/com.my.nimakanmaopian/app_libs] [MODE][int] [0700]
D/S4URC   ( 2766): [SDK] [java.io.File] [getPath] [FilePath][String] [/data/data/com.my.nimakanmaopian/app_libs]
D/S4URC   ( 2766): [NDK] [SYSCALL] [chmod] [PATH][string] [/data/data/com.my.nimakanmaopian/app_libs] [MODE][int] [0771]
D/S4URC   ( 2766): [SDK] [java.io.File] [Constructor] [FilePath][String] [/data/data/com.my.nimakanmaopian/app_libs/]
D/S4URC   ( 2766): [SDK] [java.io.File] [getPath] [FilePath][String] [/data/data/com.my.nimakanmaopian/app_libs]
D/S4URC   ( 2766): [SDK] [java.io.File] [exists] [FilePath][String] [/data/data/com.my.nimakanmaopian/app_libs/libloc.so]
D/S4URC   ( 2766): [NDK] [SYSCALL] [access] [PATH][string] [/data/data/com.my.nimakanmaopian/app_libs/libloc.so]
D/S4URC   ( 2766): [SDK] [java.io.File] [getPath] [FilePath][String] [/data/data/com.my.nimakanmaopian/app_libs/libloc.so]
D/S4URC   ( 2766): [SDK] [android.content.ContextWrapper] [registerReceiver][IntentFilter][com.android.uninstall.watch,
D/S4URC   ( 2766): [SDK] [java.io.File] [Constructor] [FilePath][String] [/data/data/com.my.nimakanmaopian/app_libs/libloc.so]
D/S4URC   ( 2766): [SDK] [java.io.File] [exists] [FilePath][String] [/data/data/com.my.nimakanmaopian/app_libs/libloc.so]
D/S4URC   ( 2766): [NDK] [SYSCALL] [access] [PATH][string] [/data/data/com.my.nimakanmaopian/app_libs/libloc.so]
D/S4URC   ( 2766): [SDK] [android.app.ApplicationPackageManager] [getPackageInfo] [FindPackageName][String] [com.my.nimakanmaopian]
D/S4URC   ( 2766): [SDK] [java.lang.Class] [forName] [FindClass][String] [java.lang.System]
D/S4URC   ( 3178): [SDK] [java.lang.Runtime] [exec] [Command][String] [ambroadcast--user0-acom.android.uninstall.watch]
D/S4URC   ( 3182): [NDK] [SYSCALL] [getdents] [PATH][string] [.]
D/S4URC   ( 3178): [SDK] [java.io.File] [getPath] [FilePath][String] [/data/data/com.my.nimakanmaopian/shared_prefs]
D/S4URC   ( 3178): [SDK] [java.io.File] [getPath] [FilePath][String] [/data/data/com.my.nimakanmaopian/shared_prefs/strategyInfo.xml]
D/S4URC   ( 3178): [SDK] [java.io.File] [Constructor] [FilePath][String] [/data/data/com.my.nimakanmaopian/shared_prefs/strategyInfo.xml.bak]
D/S4URC   ( 3178): [SDK] [java.io.File] [exists] [FilePath][String] [/data/data/com.my.nimakanmaopian/shared_prefs/strategyInfo.xml]
D/S4URC   ( 3178): [NDK] [SYSCALL] [access] [PATH][string] [/data/data/com.my.nimakanmaopian/shared_prefs/strategyInfo.xml]
D/S4URC   ( 3178): [SDK] [android.content.ContextWrapper][getSharedPreferences] [File][strategyInfo.xml] [MODE][MODE_PRIVATE]
D/S4URC   ( 3178): [SDK] [java.io.File] [exists] [FilePath][String] [/data/data/com.my.nimakanmaopian/shared_prefs/strategyInfo.xml.bak]
D/S4URC   ( 3178): [NDK] [SYSCALL] [access] [PATH][string] [/data/data/com.my.nimakanmaopian/shared_prefs/strategyInfo.xml.bak]
D/S4URC   ( 3178): [SDK] [java.io.File] [exists] [FilePath][String] [/data/data/com.my.nimakanmaopian/shared_prefs/strategyInfo.xml]
D/S4URC   ( 3178): [NDK] [SYSCALL] [access] [PATH][string] [/data/data/com.my.nimakanmaopian/shared_prefs/strategyInfo.xml]
D/S4URC   ( 3178): [SDK] [java.io.File] [getPath] [FilePath][String] [/data/data/com.my.nimakanmaopian/shared_prefs/strategyInfo.xml]
D/S4URC   ( 3178): [NDK] [SYSCALL] [stat] [PATH][string] [/data/data/com.my.nimakanmaopian/shared_prefs/strategyInfo.xml]
D/S4URC   ( 3178): [SDK] [android.content.ContextWrapper][getSharedPreferences] [File][strategyInfo.xml] [MODE][MODE_PRIVATE] [Method][getIong] [Iong][xz_interval] [Return][40000]
D/S4URC   ( 3178): [SDK] [java.lang.Runtime] [exec] [Command][String] [amstartservice--user0-ncom.my.nimakanmaopian/com.litchi.service.LauncherService]
D/S4URC   ( 3185): [NDK] [SYSCALL] [getdents] [PATH][string] [.]
D/S4URC   ( 3180): [SDK] [java.lang.Runtime] [exec] [Command][String] [ambroadcast--user0-acom.android.uninstall.watch]
D/S4URC   ( 3217): [NDK] [SYSCALL] [getdents] [PATH][string] [.]
D/S4URC   ( 3180): [SDK] [java.io.File] [getPath] [FilePath][String] [/data/data/com.my.nimakanmaopian/shared_prefs]
D/S4URC   ( 3180): [SDK] [java.io.File] [getPath] [FilePath][String] [/data/data/com.my.nimakanmaopian/shared_prefs/strategyInfo.xml]
D/S4URC   ( 3180): [SDK] [java.io.File] [Constructor] [FilePath][String] [/data/data/com.my.nimakanmaopian/shared_prefs/strategyInfo.xml.bak]
D/S4URC   ( 3180): [SDK] [java.io.File] [exists] [FilePath][String] [/data/data/com.my.nimakanmaopian/shared_prefs/strategyInfo.xml]
D/S4URC   ( 3180): [NDK] [SYSCALL] [access] [PATH][string] [/data/data/com.my.nimakanmaopian/shared_prefs/strategyInfo.xml]
D/S4URC   ( 3180): [SDK] [android.content.ContextWrapper][getSharedPreferences] [File][strategyInfo.xml] [MODE][MODE_PRIVATE]
D/S4URC   ( 3180): [SDK] [java.io.File] [exists] [FilePath][String] [/data/data/com.my.nimakanmaopian/shared_prefs/strategyInfo.xml.bak]
D/S4URC   ( 3180): [NDK] [SYSCALL] [access] [PATH][string] [/data/data/com.my.nimakanmaopian/shared_prefs/strategyInfo.xml.bak]
D/S4URC   ( 3180): [SDK] [java.io.File] [exists] [FilePath][String] [/data/data/com.my.nimakanmaopian/shared_prefs/strategyInfo.xml]
D/S4URC   ( 3180): [NDK] [SYSCALL] [access] [PATH][string] [/data/data/com.my.nimakanmaopian/shared_prefs/strategyInfo.xml]
D/S4URC   ( 3180): [SDK] [java.io.File] [getPath] [FilePath][String] [/data/data/com.my.nimakanmaopian/shared_prefs/strategyInfo.xml]
D/S4URC   ( 3180): [NDK] [SYSCALL] [stat] [PATH][string] [/data/data/com.my.nimakanmaopian/shared_prefs/strategyInfo.xml]
D/S4URC   ( 3180): [SDK] [android.content.ContextWrapper][getSharedPreferences] [File][strategyInfo.xml] [MODE][MODE_PRIVATE] [Method][getIong] [Iong][xz_interval] [Return][40000]
D/S4URC   ( 3180): [SDK] [java.lang.Runtime] [exec] [Command][String] [amstartservice--user0-ncom.my.nimakanmaopian/com.litchi.service.LauncherService]
D/S4URC   ( 3220): [NDK] [SYSCALL] [getdents] [PATH][string] [.]
D/S4URC   ( 3178): [SDK] [java.lang.Runtime] [exec] [Command][String] [amstartservice--user0-ncom.my.nimakanmaopian/com.litchi.service.LauncherService]
D/S4URC   ( 3296): [NDK] [SYSCALL] [getdents] [PATH][string] [.]
D/S4URC   ( 3180): [SDK] [java.lang.Runtime] [exec] [Command][String] [amstartservice--user0-ncom.my.nimakanmaopian/com.litchi.service.LauncherService]
D/S4URC   ( 3312): [NDK] [SYSCALL] [getdents] [PATH][string] [.]
D/S4URC   ( 3178): [SDK] [java.lang.Runtime] [exec] [Command][String] [amstartservice--user0-ncom.my.nimakanmaopian/com.litchi.service.LauncherService]
D/S4URC   ( 3338): [NDK] [SYSCALL] [getdents] [PATH][string] [.]
D/S4URC   ( 3180): [SDK] [java.lang.Runtime] [exec] [Command][String] [amstartservice--user0-ncom.my.nimakanmaopian/com.litchi.service.LauncherService]
D/S4URC   ( 3354): [NDK] [SYSCALL] [getdents] [PATH][string] [.]
D/S4URC   ( 3178): [SDK] [java.lang.Runtime] [exec] [Command][String] [amstartservice--user0-ncom.my.nimakanmaopian/com.litchi.service.LauncherService]
D/S4URC   ( 3394): [NDK] [SYSCALL] [getdents] [PATH][string] [.]
D/S4URC   ( 3180): [SDK] [java.lang.Runtime] [exec] [Command][String] [amstartservice--user0-ncom.my.nimakanmaopian/com.litchi.service.LauncherService]
D/S4URC   ( 3410): [NDK] [SYSCALL] [getdents] [PATH][string] [.]
D/S4URC   ( 3178): [SDK] [java.lang.Runtime] [exec] [Command][String] [amstartservice--user0-ncom.my.nimakanmaopian/com.litchi.service.LauncherService]
D/S4URC   ( 3434): [NDK] [SYSCALL] [getdents] [PATH][string] [.]
D/S4URC   ( 3180): [SDK] [java.lang.Runtime] [exec] [Command][String] [amstartservice--user0-ncom.my.nimakanmaopian/com.litchi.service.LauncherService]
D/S4URC   ( 3450): [NDK] [SYSCALL] [getdents] [PATH][string] [.]
D/S4URC   ( 3178): [SDK] [java.lang.Runtime] [exec] [Command][String] [amstartservice--user0-ncom.my.nimakanmaopian/com.litchi.service.LauncherService]
D/S4URC   ( 3479): [NDK] [SYSCALL] [getdents] [PATH][string] [.]
D/S4URC   ( 3180): [SDK] [java.lang.Runtime] [exec] [Command][String] [amstartservice--user0-ncom.my.nimakanmaopian/com.litchi.service.LauncherService]
D/S4URC   ( 3495): [NDK] [SYSCALL] [getdents] [PATH][string] [.]
D/S4URC   ( 3178): [SDK] [java.lang.Runtime] [exec] [Command][String] [amstartservice--user0-ncom.my.nimakanmaopian/com.litchi.service.LauncherService]
D/S4URC   ( 3539): [NDK] [SYSCALL] [getdents] [PATH][string] [.]
D/S4URC   ( 3180): [SDK] [java.lang.Runtime] [exec] [Command][String] [amstartservice--user0-ncom.my.nimakanmaopian/com.litchi.service.LauncherService]
D/S4URC   ( 3555): [NDK] [SYSCALL] [getdents] [PATH][string] [.]
D/S4URC   ( 3178): [SDK] [java.lang.Runtime] [exec] [Command][String] [amstartservice--user0-ncom.my.nimakanmaopian/com.litchi.service.LauncherService]
D/S4URC   ( 3581): [NDK] [SYSCALL] [getdents] [PATH][string] [.]
D/S4URC   ( 3180): [SDK] [java.lang.Runtime] [exec] [Command][String] [amstartservice--user0-ncom.my.nimakanmaopian/com.litchi.service.LauncherService]
D/S4URC   ( 3597): [NDK] [SYSCALL] [getdents] [PATH][string] [.]
D/S4URC   ( 3178): [SDK] [java.lang.Runtime] [exec] [Command][String] [amstartservice--user0-ncom.my.nimakanmaopian/com.litchi.service.LauncherService]
D/S4URC   ( 3621): [NDK] [SYSCALL] [getdents] [PATH][string] [.]
D/S4URC   ( 3180): [SDK] [java.lang.Runtime] [exec] [Command][String] [amstartservice--user0-ncom.my.nimakanmaopian/com.litchi.service.LauncherService]
D/S4URC   ( 3637): [NDK] [SYSCALL] [getdents] [PATH][string] [.]
