D/S4URC   ( 2632): [SDK] [android.content.ContextWrapper][getSharedPreferences] [File][somePreferences.xml] [MODE][MODE_PRIVATE] [Method][getString] [String][cmd] [Return][0]
D/S4URC   ( 2632): [NDK] [SYSCALL] [lstat] [PATH][string] [/storage]
D/S4URC   ( 2632): [NDK] [SYSCALL] [lstat] [PATH][string] [/storage/sdcard0]
D/S4URC   ( 2632): [SDK] [java.io.File] [Constructor] [FilePath][String] [/storage/sdcard0]
D/S4URC   ( 2632): [SDK] [java.io.File] [Constructor] [FilePath][String] [/storage/sdcard1]
D/S4URC   ( 2632): [SDK] [java.io.File] [Constructor] [FilePath][String] [/storage/usb2host]
D/S4URC   ( 2632): [SDK] [java.io.File] [Constructor] [FilePath][String] [/storage/usb3device]
D/S4URC   ( 2632): [SDK] [java.io.File] [Constructor] [FilePath][String] [/storage/usb3host]
D/S4URC   ( 2632): [SDK] [android.os.Environment] [getExternalStorageState] [ExternalStorageState][String] [mounted]
D/S4URC   ( 2632): [SDK] [java.io.File] [Constructor] [FilePath][String] [/storage/sdcard0/blue_test_dir2/]
D/S4URC   ( 2632): [SDK] [java.io.File] [exists] [FilePath][String] [/storage/sdcard0/blue_test_dir2]
D/S4URC   ( 2632): [NDK] [SYSCALL] [access] [PATH][string] [/storage/sdcard0/blue_test_dir2]
D/S4URC   ( 2632): [SDK] [java.io.File] [Constructor] [FilePath][String] [/storage/sdcard0/blue_test_dir2/datanew.txt]
D/S4URC   ( 2632): [SDK] [java.io.File] [getPath] [FilePath][String] [/storage/sdcard0/blue_test_dir2/datanew.txt]
D/S4URC   ( 2632): [NDK] [SYSCALL] [open] [PATH][string] [/storage/sdcard0/blue_test_dir2/datanew.txt] [RETURN][int] [80]
D/S4URC   ( 2716): [SDK] [android.content.ContextWrapper][getSharedPreferences] [File][BaiduAppPrefsFile.xml] [MODE][MODE_PRIVATE]
D/S4URC   ( 2716): [SDK] [android.content.ContextWrapper][getSharedPreferences] [File][BaiduAppPrefsFile.xml] [MODE][MODE_PRIVATE] [Method][getIong] [Iong][TimerMillis] [Return][1528783729472]
D/S4URC   ( 2978): [SDK] [java.lang.Class] [forName] [FindClass][String] [android.net.ConnectivityManager]
D/S4URC   ( 2978): [SDK] [java.lang.Class] [forName] [FindClass][String] [android.net.IConnectivityManager$Stub$Proxy]
D/S4URC   ( 2978): [SDK] [java.lang.Class] [forName] [FindClass][String] [android.net.ConnectivityManager]
D/S4URC   ( 2978): [SDK] [java.lang.Class] [forName] [FindClass][String] [android.net.IConnectivityManager$Stub$Proxy]
D/S4URC   ( 2716): [SDK] [java.net] [HttpURLConnection] [URL][String] [http://apk.yzclz.com/AndroidFree/GetDomainDyncRom.aspx]
D/S4URC   ( 2632): [SDK] [javax.crypto.Cipher][doFinal] [Data][T4fXgtwHhFTr2feD6T+OSQ==] [Return][basicalarm]
D/S4URC   ( 2632): [SDK] [javax.crypto.Cipher][doFinal] [Data][xgdjgGT5AeE=] [Return][LvA]
D/S4URC   ( 2632): [SDK] [javax.crypto.Cipher][doFinal] [Data][NLK2BzVgoWD2MPbOmqKB4g==] [Return][absolute]
D/S4URC   ( 2632): [SDK] [javax.crypto.Cipher][doFinal] [Data][BNCT2zFI/T4=] [Return][cnt]
D/S4URC   ( 2632): [NDK] [SYSCALL] [lstat] [PATH][string] [/storage]
D/S4URC   ( 2632): [NDK] [SYSCALL] [lstat] [PATH][string] [/storage/sdcard0]
D/S4URC   ( 2632): [SDK] [java.io.File] [Constructor] [FilePath][String] [/storage/sdcard0]
D/S4URC   ( 2632): [SDK] [java.io.File] [Constructor] [FilePath][String] [/storage/sdcard1]
D/S4URC   ( 2632): [SDK] [java.io.File] [Constructor] [FilePath][String] [/storage/usb2host]
D/S4URC   ( 2632): [SDK] [java.io.File] [Constructor] [FilePath][String] [/storage/usb3device]
D/S4URC   ( 2632): [SDK] [java.io.File] [Constructor] [FilePath][String] [/storage/usb3host]
D/S4URC   ( 2632): [SDK] [android.os.Environment] [getExternalStorageState] [ExternalStorageState][String] [mounted]
D/S4URC   ( 2632): [SDK] [java.io.File] [getPath] [FilePath][String] [/storage/sdcard0]
D/S4URC   ( 2632): [SDK] [android.os.Environment] [getExternalStorageDirectory] [DirectoryPath][String] [/storage/sdcard0]
D/S4URC   ( 2632): [SDK] [java.io.File] [getPath] [FilePath][String] [/storage/sdcard0]
D/S4URC   ( 2632): [SDK] [java.io.File] [exists] [FilePath][String] [/data/data/com.aihuone.huyan/cache]
D/S4URC   ( 2632): [NDK] [SYSCALL] [access] [PATH][string] [/data/data/com.aihuone.huyan/cache]
D/S4URC   ( 2632): [SDK] [java.io.File] [Constructor] [FilePath][String] [/data/data/com.aihuone.huyan/cache]
D/S4URC   ( 2632): [SDK] [java.io.File] [exists] [FilePath][String] [/data/data/com.aihuone.huyan/cache]
D/S4URC   ( 2632): [NDK] [SYSCALL] [access] [PATH][string] [/data/data/com.aihuone.huyan/cache]
D/S4URC   ( 2632): [SDK] [java.io.File] [Constructor] [FilePath][String] [/data/data/com.aihuone.huyan/cache/com.aihuone.huyan]
D/S4URC   ( 2632): [SDK] [java.io.File] [exists] [FilePath][String] [/data/data/com.aihuone.huyan/cache/com.aihuone.huyan]
D/S4URC   ( 2632): [NDK] [SYSCALL] [access] [PATH][string] [/data/data/com.aihuone.huyan/cache/com.aihuone.huyan]
D/S4URC   ( 2632): [SDK] [java.io.File] [exists] [FilePath][String] [/data/data/com.aihuone.huyan/cache/com.aihuone.huyan]
D/S4URC   ( 2632): [NDK] [SYSCALL] [access] [PATH][string] [/data/data/com.aihuone.huyan/cache/com.aihuone.huyan]
D/S4URC   ( 2632): [SDK] [java.io.File] [Constructor] [FilePath][String] [/data/data/com.aihuone.huyan/cache/com.aihuone.huyan/store2cnt.st]
D/S4URC   ( 2632): [SDK] [java.io.File] [exists] [FilePath][String] [/data/data/com.aihuone.huyan/cache/com.aihuone.huyan/store2cnt.st]
D/S4URC   ( 2632): [NDK] [SYSCALL] [access] [PATH][string] [/data/data/com.aihuone.huyan/cache/com.aihuone.huyan/store2cnt.st]
D/S4URC   ( 2632): [SDK] [java.io.File] [isFile] [FilePath][String] [/data/data/com.aihuone.huyan/cache/com.aihuone.huyan/store2cnt.st]
D/S4URC   ( 2632): [NDK] [SYSCALL] [stat] [PATH][string] [/data/data/com.aihuone.huyan/cache/com.aihuone.huyan/store2cnt.st]
D/S4URC   ( 2632): [SDK] [java.io.File] [Constructor] [FilePath][String] [/data/data/com.aihuone.huyan/cache/com.aihuone.huyan/store2cnt.st]
D/S4URC   ( 2632): [SDK] [java.io.File] [isFile] [FilePath][String] [/data/data/com.aihuone.huyan/cache/com.aihuone.huyan/store2cnt.st]
D/S4URC   ( 2632): [NDK] [SYSCALL] [stat] [PATH][string] [/data/data/com.aihuone.huyan/cache/com.aihuone.huyan/store2cnt.st]
D/S4URC   ( 2632): [SDK] [java.io.File] [getPath] [FilePath][String] [/data/data/com.aihuone.huyan/cache/com.aihuone.huyan/store2cnt.st]
D/S4URC   ( 2632): [NDK] [SYSCALL] [open] [PATH][string] [/data/data/com.aihuone.huyan/cache/com.aihuone.huyan/store2cnt.st] [RETURN][int] [80]
D/S4URC   ( 2632): [NDK] [SYSCALL] [lstat] [PATH][string] [/storage]
D/S4URC   ( 2632): [NDK] [SYSCALL] [lstat] [PATH][string] [/storage/sdcard0]
D/S4URC   ( 2632): [SDK] [java.io.File] [Constructor] [FilePath][String] [/storage/sdcard0]
D/S4URC   ( 2632): [SDK] [java.io.File] [Constructor] [FilePath][String] [/storage/sdcard1]
D/S4URC   ( 2632): [SDK] [java.io.File] [Constructor] [FilePath][String] [/storage/usb2host]
D/S4URC   ( 2632): [SDK] [java.io.File] [Constructor] [FilePath][String] [/storage/usb3device]
D/S4URC   ( 2632): [SDK] [java.io.File] [Constructor] [FilePath][String] [/storage/usb3host]
D/S4URC   ( 2632): [SDK] [android.os.Environment] [getExternalStorageState] [ExternalStorageState][String] [mounted]
D/S4URC   ( 2632): [SDK] [java.io.File] [getPath] [FilePath][String] [/storage/sdcard0]
D/S4URC   ( 2632): [SDK] [android.os.Environment] [getExternalStorageDirectory] [DirectoryPath][String] [/storage/sdcard0]
D/S4URC   ( 2632): [SDK] [java.io.File] [getPath] [FilePath][String] [/storage/sdcard0]
D/S4URC   ( 2632): [SDK] [javax.crypto.Cipher][doFinal] [Data][7pt4HGVrEdvLnGvX2i94dzf1mTecUsJW] [Return][getExternalCacheDir]
D/S4URC   ( 2632): [NDK] [SYSCALL] [lstat] [PATH][string] [/storage]
D/S4URC   ( 2632): [NDK] [SYSCALL] [lstat] [PATH][string] [/storage/sdcard0]
D/S4URC   ( 2632): [NDK] [SYSCALL] [lstat] [PATH][string] [/storage/sdcard0/Android]
D/S4URC   ( 2632): [NDK] [SYSCALL] [lstat] [PATH][string] [/storage/sdcard0/Android/data]
D/S4URC   ( 2632): [NDK] [SYSCALL] [lstat] [PATH][string] [/storage/sdcard0/Android/data/com.aihuone.huyan]
D/S4URC   ( 2632): [NDK] [SYSCALL] [lstat] [PATH][string] [/storage/sdcard0/Android/data/com.aihuone.huyan/cache]
D/S4URC   ( 2632): [SDK] [java.io.File] [Constructor] [FilePath][String] [/storage/sdcard0/Android/data/com.aihuone.huyan/cache]
D/S4URC   ( 2632): [SDK] [java.io.File] [Constructor] [FilePath][String] [/storage/sdcard0]
D/S4URC   ( 2632): [SDK] [java.io.File] [Constructor] [FilePath][String] [/storage/sdcard1]
D/S4URC   ( 2632): [SDK] [java.io.File] [Constructor] [FilePath][String] [/storage/usb2host]
D/S4URC   ( 2632): [SDK] [java.io.File] [Constructor] [FilePath][String] [/storage/usb3device]
D/S4URC   ( 2632): [SDK] [java.io.File] [Constructor] [FilePath][String] [/storage/usb3host]
D/S4URC   ( 2632): [SDK] [java.io.File] [exists] [FilePath][String] [/storage/sdcard0/Android/data/com.aihuone.huyan/cache]
D/S4URC   ( 2632): [NDK] [SYSCALL] [access] [PATH][string] [/storage/sdcard0/Android/data/com.aihuone.huyan/cache]
D/S4URC   ( 2632): [NDK] [SYSCALL] [lstat] [PATH][string] [/storage]
D/S4URC   ( 2632): [NDK] [SYSCALL] [lstat] [PATH][string] [/storage/sdcard1]
D/S4URC   ( 2632): [NDK] [SYSCALL] [lstat] [PATH][string] [/storage/sdcard1/Android]
D/S4URC   ( 2632): [NDK] [SYSCALL] [lstat] [PATH][string] [/storage/sdcard1/Android/data]
D/S4URC   ( 2632): [NDK] [SYSCALL] [lstat] [PATH][string] [/storage/sdcard1/Android/data/com.aihuone.huyan]
D/S4URC   ( 2632): [NDK] [SYSCALL] [lstat] [PATH][string] [/storage/sdcard1/Android/data/com.aihuone.huyan/cache]
D/S4URC   ( 2632): [SDK] [java.io.File] [Constructor] [FilePath][String] [/storage/sdcard1/Android/data/com.aihuone.huyan/cache]
D/S4URC   ( 2632): [SDK] [java.io.File] [Constructor] [FilePath][String] [/storage/sdcard0]
D/S4URC   ( 2632): [SDK] [java.io.File] [Constructor] [FilePath][String] [/storage/sdcard1]
D/S4URC   ( 2632): [SDK] [java.io.File] [Constructor] [FilePath][String] [/storage/usb2host]
D/S4URC   ( 2632): [SDK] [java.io.File] [Constructor] [FilePath][String] [/storage/usb3device]
D/S4URC   ( 2632): [SDK] [java.io.File] [Constructor] [FilePath][String] [/storage/usb3host]
D/S4URC   ( 2632): [SDK] [java.io.File] [exists] [FilePath][String] [/storage/sdcard1/Android/data/com.aihuone.huyan/cache]
D/S4URC   ( 2632): [NDK] [SYSCALL] [access] [PATH][string] [/storage/sdcard1/Android/data/com.aihuone.huyan/cache]
D/S4URC   ( 2632): [SDK] [java.io.File] [mkdirs] [FilePath][String] [/storage/sdcard1/Android/data/com.aihuone.huyan/cache]
D/S4URC   ( 2632): [NDK] [SYSCALL] [mkdir] [PATH][string] [/storage/sdcard1/Android/data/com.aihuone.huyan/cache] [MODE][int] [0700]
D/S4URC   ( 2632): [SDK] [java.io.File] [exists] [FilePath][String] [/storage/sdcard1/Android/data/com.aihuone.huyan/cache]
D/S4URC   ( 2632): [NDK] [SYSCALL] [access] [PATH][string] [/storage/sdcard1/Android/data/com.aihuone.huyan/cache]
D/S4URC   ( 2632): [NDK] [SYSCALL] [lstat] [PATH][string] [/storage]
D/S4URC   ( 2632): [NDK] [SYSCALL] [lstat] [PATH][string] [/storage/usb2host]
D/S4URC   ( 2632): [NDK] [SYSCALL] [lstat] [PATH][string] [/storage/usb2host/Android]
D/S4URC   ( 2632): [NDK] [SYSCALL] [lstat] [PATH][string] [/storage/usb2host/Android/data]
D/S4URC   ( 2632): [NDK] [SYSCALL] [lstat] [PATH][string] [/storage/usb2host/Android/data/com.aihuone.huyan]
D/S4URC   ( 2632): [NDK] [SYSCALL] [lstat] [PATH][string] [/storage/usb2host/Android/data/com.aihuone.huyan/cache]
D/S4URC   ( 2632): [SDK] [java.io.File] [Constructor] [FilePath][String] [/storage/usb2host/Android/data/com.aihuone.huyan/cache]
D/S4URC   ( 2632): [SDK] [java.io.File] [Constructor] [FilePath][String] [/storage/sdcard0]
D/S4URC   ( 2632): [SDK] [java.io.File] [Constructor] [FilePath][String] [/storage/sdcard1]
D/S4URC   ( 2632): [SDK] [java.io.File] [Constructor] [FilePath][String] [/storage/usb2host]
D/S4URC   ( 2632): [SDK] [java.io.File] [Constructor] [FilePath][String] [/storage/usb3device]
D/S4URC   ( 2632): [SDK] [java.io.File] [Constructor] [FilePath][String] [/storage/usb3host]
D/S4URC   ( 2632): [SDK] [java.io.File] [exists] [FilePath][String] [/storage/usb2host/Android/data/com.aihuone.huyan/cache]
D/S4URC   ( 2632): [NDK] [SYSCALL] [access] [PATH][string] [/storage/usb2host/Android/data/com.aihuone.huyan/cache]
D/S4URC   ( 2632): [SDK] [java.io.File] [mkdirs] [FilePath][String] [/storage/usb2host/Android/data/com.aihuone.huyan/cache]
D/S4URC   ( 2632): [NDK] [SYSCALL] [mkdir] [PATH][string] [/storage/usb2host/Android/data/com.aihuone.huyan/cache] [MODE][int] [0700]
D/S4URC   ( 2632): [SDK] [java.io.File] [exists] [FilePath][String] [/storage/usb2host/Android/data/com.aihuone.huyan/cache]
D/S4URC   ( 2632): [NDK] [SYSCALL] [access] [PATH][string] [/storage/usb2host/Android/data/com.aihuone.huyan/cache]
D/S4URC   ( 2632): [NDK] [SYSCALL] [lstat] [PATH][string] [/storage]
D/S4URC   ( 2632): [NDK] [SYSCALL] [lstat] [PATH][string] [/storage/usb3device]
D/S4URC   ( 2632): [NDK] [SYSCALL] [lstat] [PATH][string] [/storage/usb3device/Android]
D/S4URC   ( 2632): [NDK] [SYSCALL] [lstat] [PATH][string] [/storage/usb3device/Android/data]
D/S4URC   ( 2632): [NDK] [SYSCALL] [lstat] [PATH][string] [/storage/usb3device/Android/data/com.aihuone.huyan]
D/S4URC   ( 2632): [NDK] [SYSCALL] [lstat] [PATH][string] [/storage/usb3device/Android/data/com.aihuone.huyan/cache]
D/S4URC   ( 2632): [SDK] [java.io.File] [Constructor] [FilePath][String] [/storage/usb3device/Android/data/com.aihuone.huyan/cache]
D/S4URC   ( 2632): [SDK] [java.io.File] [Constructor] [FilePath][String] [/storage/sdcard0]
D/S4URC   ( 2632): [SDK] [java.io.File] [Constructor] [FilePath][String] [/storage/sdcard1]
D/S4URC   ( 2632): [SDK] [java.io.File] [Constructor] [FilePath][String] [/storage/usb2host]
D/S4URC   ( 2632): [SDK] [java.io.File] [Constructor] [FilePath][String] [/storage/usb3device]
D/S4URC   ( 2632): [SDK] [java.io.File] [Constructor] [FilePath][String] [/storage/usb3host]
D/S4URC   ( 2632): [SDK] [java.io.File] [exists] [FilePath][String] [/storage/usb3device/Android/data/com.aihuone.huyan/cache]
D/S4URC   ( 2632): [NDK] [SYSCALL] [access] [PATH][string] [/storage/usb3device/Android/data/com.aihuone.huyan/cache]
D/S4URC   ( 2632): [SDK] [java.io.File] [mkdirs] [FilePath][String] [/storage/usb3device/Android/data/com.aihuone.huyan/cache]
D/S4URC   ( 2632): [NDK] [SYSCALL] [mkdir] [PATH][string] [/storage/usb3device/Android/data/com.aihuone.huyan/cache] [MODE][int] [0700]
D/S4URC   ( 2632): [SDK] [java.io.File] [exists] [FilePath][String] [/storage/usb3device/Android/data/com.aihuone.huyan/cache]
D/S4URC   ( 2632): [NDK] [SYSCALL] [access] [PATH][string] [/storage/usb3device/Android/data/com.aihuone.huyan/cache]
D/S4URC   ( 2632): [NDK] [SYSCALL] [lstat] [PATH][string] [/storage]
D/S4URC   ( 2632): [NDK] [SYSCALL] [lstat] [PATH][string] [/storage/usb3host]
D/S4URC   ( 2632): [NDK] [SYSCALL] [lstat] [PATH][string] [/storage/usb3host/Android]
D/S4URC   ( 2632): [NDK] [SYSCALL] [lstat] [PATH][string] [/storage/usb3host/Android/data]
D/S4URC   ( 2632): [NDK] [SYSCALL] [lstat] [PATH][string] [/storage/usb3host/Android/data/com.aihuone.huyan]
D/S4URC   ( 2632): [NDK] [SYSCALL] [lstat] [PATH][string] [/storage/usb3host/Android/data/com.aihuone.huyan/cache]
D/S4URC   ( 2632): [SDK] [java.io.File] [Constructor] [FilePath][String] [/storage/usb3host/Android/data/com.aihuone.huyan/cache]
D/S4URC   ( 2632): [SDK] [java.io.File] [Constructor] [FilePath][String] [/storage/sdcard0]
D/S4URC   ( 2632): [SDK] [java.io.File] [Constructor] [FilePath][String] [/storage/sdcard1]
D/S4URC   ( 2632): [SDK] [java.io.File] [Constructor] [FilePath][String] [/storage/usb2host]
D/S4URC   ( 2632): [SDK] [java.io.File] [Constructor] [FilePath][String] [/storage/usb3device]
D/S4URC   ( 2632): [SDK] [java.io.File] [Constructor] [FilePath][String] [/storage/usb3host]
D/S4URC   ( 2632): [SDK] [java.io.File] [exists] [FilePath][String] [/storage/usb3host/Android/data/com.aihuone.huyan/cache]
D/S4URC   ( 2632): [NDK] [SYSCALL] [access] [PATH][string] [/storage/usb3host/Android/data/com.aihuone.huyan/cache]
D/S4URC   ( 2632): [SDK] [java.io.File] [mkdirs] [FilePath][String] [/storage/usb3host/Android/data/com.aihuone.huyan/cache]
D/S4URC   ( 2632): [NDK] [SYSCALL] [mkdir] [PATH][string] [/storage/usb3host/Android/data/com.aihuone.huyan/cache] [MODE][int] [0700]
D/S4URC   ( 2632): [SDK] [java.io.File] [exists] [FilePath][String] [/storage/usb3host/Android/data/com.aihuone.huyan/cache]
D/S4URC   ( 2632): [NDK] [SYSCALL] [access] [PATH][string] [/storage/usb3host/Android/data/com.aihuone.huyan/cache]
D/S4URC   ( 2632): [SDK] [java.io.File] [Constructor] [FilePath][String] [/storage/sdcard0/Android/data/com.aihuone.huyan/cache]
D/S4URC   ( 2632): [SDK] [java.io.File] [exists] [FilePath][String] [/storage/sdcard0/Android/data/com.aihuone.huyan/cache]
D/S4URC   ( 2632): [NDK] [SYSCALL] [access] [PATH][string] [/storage/sdcard0/Android/data/com.aihuone.huyan/cache]
D/S4URC   ( 2632): [SDK] [java.io.File] [Constructor] [FilePath][String] [/storage/sdcard0/Android/data/com.aihuone.huyan/cache/com.aihuone.huyan]
D/S4URC   ( 2632): [SDK] [java.io.File] [exists] [FilePath][String] [/storage/sdcard0/Android/data/com.aihuone.huyan/cache/com.aihuone.huyan]
D/S4URC   ( 2632): [NDK] [SYSCALL] [access] [PATH][string] [/storage/sdcard0/Android/data/com.aihuone.huyan/cache/com.aihuone.huyan]
D/S4URC   ( 2632): [SDK] [java.io.File] [exists] [FilePath][String] [/storage/sdcard0/Android/data/com.aihuone.huyan/cache/com.aihuone.huyan]
D/S4URC   ( 2632): [NDK] [SYSCALL] [access] [PATH][string] [/storage/sdcard0/Android/data/com.aihuone.huyan/cache/com.aihuone.huyan]
D/S4URC   ( 2632): [SDK] [java.io.File] [Constructor] [FilePath][String] [/storage/sdcard0/Android/data/com.aihuone.huyan/cache/com.aihuone.huyan/store2cnt.st]
D/S4URC   ( 2632): [SDK] [java.io.File] [exists] [FilePath][String] [/storage/sdcard0/Android/data/com.aihuone.huyan/cache/com.aihuone.huyan/store2cnt.st]
D/S4URC   ( 2632): [NDK] [SYSCALL] [access] [PATH][string] [/storage/sdcard0/Android/data/com.aihuone.huyan/cache/com.aihuone.huyan/store2cnt.st]
D/S4URC   ( 2632): [SDK] [java.io.File] [isFile] [FilePath][String] [/storage/sdcard0/Android/data/com.aihuone.huyan/cache/com.aihuone.huyan/store2cnt.st]
D/S4URC   ( 2632): [NDK] [SYSCALL] [stat] [PATH][string] [/storage/sdcard0/Android/data/com.aihuone.huyan/cache/com.aihuone.huyan/store2cnt.st]
D/S4URC   ( 2632): [SDK] [java.io.File] [Constructor] [FilePath][String] [/storage/sdcard0/Android/data/com.aihuone.huyan/cache/com.aihuone.huyan/store2cnt.st]
D/S4URC   ( 2632): [SDK] [java.io.File] [isFile] [FilePath][String] [/storage/sdcard0/Android/data/com.aihuone.huyan/cache/com.aihuone.huyan/store2cnt.st]
D/S4URC   ( 2632): [NDK] [SYSCALL] [stat] [PATH][string] [/storage/sdcard0/Android/data/com.aihuone.huyan/cache/com.aihuone.huyan/store2cnt.st]
D/S4URC   ( 2632): [SDK] [java.io.File] [getPath] [FilePath][String] [/storage/sdcard0/Android/data/com.aihuone.huyan/cache/com.aihuone.huyan/store2cnt.st]
D/S4URC   ( 2632): [NDK] [SYSCALL] [open] [PATH][string] [/storage/sdcard0/Android/data/com.aihuone.huyan/cache/com.aihuone.huyan/store2cnt.st] [RETURN][int] [80]
D/S4URC   ( 2632): [NDK] [SYSCALL] [lstat] [PATH][string] [/storage]
D/S4URC   ( 2632): [NDK] [SYSCALL] [lstat] [PATH][string] [/storage/sdcard0]
D/S4URC   ( 2632): [SDK] [java.io.File] [Constructor] [FilePath][String] [/storage/sdcard0]
D/S4URC   ( 2632): [SDK] [java.io.File] [Constructor] [FilePath][String] [/storage/sdcard1]
D/S4URC   ( 2632): [SDK] [java.io.File] [Constructor] [FilePath][String] [/storage/usb2host]
D/S4URC   ( 2632): [SDK] [java.io.File] [Constructor] [FilePath][String] [/storage/usb3device]
D/S4URC   ( 2632): [SDK] [java.io.File] [Constructor] [FilePath][String] [/storage/usb3host]
D/S4URC   ( 2632): [SDK] [android.os.Environment] [getExternalStorageState] [ExternalStorageState][String] [mounted]
D/S4URC   ( 2632): [SDK] [java.io.File] [getPath] [FilePath][String] [/storage/sdcard0]
D/S4URC   ( 2632): [SDK] [android.os.Environment] [getExternalStorageDirectory] [DirectoryPath][String] [/storage/sdcard0]
D/S4URC   ( 2632): [SDK] [java.io.File] [getPath] [FilePath][String] [/storage/sdcard0]
D/S4URC   ( 2632): [SDK] [java.io.File] [Constructor] [FilePath][String] [/storage/sdcard0/com.aihuone.huyan]
D/S4URC   ( 2632): [SDK] [java.io.File] [exists] [FilePath][String] [/storage/sdcard0/com.aihuone.huyan]
D/S4URC   ( 2632): [NDK] [SYSCALL] [access] [PATH][string] [/storage/sdcard0/com.aihuone.huyan]
D/S4URC   ( 2632): [SDK] [java.io.File] [Constructor] [FilePath][String] [/storage/sdcard0/com.aihuone.huyan/com.aihuone.huyan]
D/S4URC   ( 2632): [SDK] [java.io.File] [exists] [FilePath][String] [/storage/sdcard0/com.aihuone.huyan/com.aihuone.huyan]
D/S4URC   ( 2632): [NDK] [SYSCALL] [access] [PATH][string] [/storage/sdcard0/com.aihuone.huyan/com.aihuone.huyan]
D/S4URC   ( 2632): [SDK] [java.io.File] [exists] [FilePath][String] [/storage/sdcard0/com.aihuone.huyan/com.aihuone.huyan]
D/S4URC   ( 2632): [NDK] [SYSCALL] [access] [PATH][string] [/storage/sdcard0/com.aihuone.huyan/com.aihuone.huyan]
D/S4URC   ( 2632): [SDK] [java.io.File] [Constructor] [FilePath][String] [/storage/sdcard0/com.aihuone.huyan/com.aihuone.huyan/store2cnt.st]
D/S4URC   ( 2632): [SDK] [java.io.File] [exists] [FilePath][String] [/storage/sdcard0/com.aihuone.huyan/com.aihuone.huyan/store2cnt.st]
D/S4URC   ( 2632): [NDK] [SYSCALL] [access] [PATH][string] [/storage/sdcard0/com.aihuone.huyan/com.aihuone.huyan/store2cnt.st]
D/S4URC   ( 2632): [SDK] [java.io.File] [isFile] [FilePath][String] [/storage/sdcard0/com.aihuone.huyan/com.aihuone.huyan/store2cnt.st]
D/S4URC   ( 2632): [NDK] [SYSCALL] [stat] [PATH][string] [/storage/sdcard0/com.aihuone.huyan/com.aihuone.huyan/store2cnt.st]
D/S4URC   ( 2632): [SDK] [java.io.File] [Constructor] [FilePath][String] [/storage/sdcard0/com.aihuone.huyan/com.aihuone.huyan/store2cnt.st]
D/S4URC   ( 2632): [SDK] [java.io.File] [isFile] [FilePath][String] [/storage/sdcard0/com.aihuone.huyan/com.aihuone.huyan/store2cnt.st]
D/S4URC   ( 2632): [NDK] [SYSCALL] [stat] [PATH][string] [/storage/sdcard0/com.aihuone.huyan/com.aihuone.huyan/store2cnt.st]
D/S4URC   ( 2632): [SDK] [java.io.File] [getPath] [FilePath][String] [/storage/sdcard0/com.aihuone.huyan/com.aihuone.huyan/store2cnt.st]
D/S4URC   ( 2632): [NDK] [SYSCALL] [open] [PATH][string] [/storage/sdcard0/com.aihuone.huyan/com.aihuone.huyan/store2cnt.st] [RETURN][int] [80]
D/S4URC   ( 2632): [SDK] [javax.crypto.Cipher][doFinal] [Data][SvHPx9KZhqA=] [Return][cfg]
D/S4URC   ( 2632): [SDK] [javax.crypto.Cipher][doFinal] [Data][Edo62cERz6w=] [Return][ei1]
D/S4URC   ( 2632): [SDK] [java.io.File] [Constructor] [FilePath][String] [/storage/sdcard0]
D/S4URC   ( 2632): [SDK] [java.io.File] [exists] [FilePath][String] [/data/data/com.aihuone.huyan/cache]
D/S4URC   ( 2632): [SDK] [android.os.Environment] [getExternalStorageState] [ExternalStorageState][String] [mounted]
D/S4URC   ( 2632): [SDK] [java.io.File] [exists] [FilePath][String] [/storage/usb2host/Android/data/com.aihuone.huyan/cache]
D/S4URC   ( 2632): [NDK] [SYSCALL] [lstat] [PATH][string] [/storage]
D/S4URC   ( 2632): [SDK] [java.io.File] [exists] [FilePath][String] [/storage/usb3device/Android/data/com.aihuone.huyan/cache]
D/S4URC   ( 2632): [NDK] [SYSCALL] [stat] [PATH][string] [/storage/sdcard0/Android/data/com.aihuone.huyan/cache/com.aihuone.huyan/store2cfg.st]
D/S4URC   ( 2632): [SDK] [javax.crypto.Cipher][doFinal] [Data][zl+CIp0nAak=] [Return][Device]
D/S4URC   ( 2632): [SDK] [javax.crypto.Cipher][doFinal] [Data][SvHPx9KZhqA=] [Return][cfg]
D/S4URC   ( 2632): [SDK] [android.os.Environment] [getExternalStorageDirectory] [DirectoryPath][String] [/storage/sdcard0]
D/S4URC   ( 2632): [SDK] [java.io.File] [Constructor] [FilePath][String] [/storage/sdcard1]
D/S4URC   ( 2632): [NDK] [SYSCALL] [lstat] [PATH][string] [/storage]
D/S4URC   ( 2632): [SDK] [java.io.File] [exists] [FilePath][String] [/storage/usb3device/Android/data/com.aihuone.huyan/cache]
D/S4URC   ( 2632): [NDK] [SYSCALL] [lstat] [PATH][string] [/storage]
D/S4URC   ( 2632): [SDK] [java.io.File] [exists] [FilePath][String] [/storage/sdcard0/com.aihuone.huyan/store]
D/S4URC   ( 2632): [SDK] [java.io.File] [exists] [FilePath][String] [/data/data/com.aihuone.huyan/cache]
D/S4URC   ( 2632): [NDK] [SYSCALL] [lstat] [PATH][string] [/storage]
D/S4URC   ( 2632): [SDK] [java.io.File] [exists] [FilePath][String] [/storage/sdcard0/Android/data/com.aihuone.huyan/cache]
D/S4URC   ( 2632): [NDK] [SYSCALL] [lstat] [PATH][string] [/storage]
D/S4URC   ( 2632): [SDK] [java.io.File] [exists] [FilePath][String] [/storage/usb3host/Android/data/com.aihuone.huyan/cache]
D/S4URC   ( 2632): [NDK] [SYSCALL] [lstat] [PATH][string] [/storage]
D/S4URC   ( 2632): [NDK] [SYSCALL] [access] [PATH][string] [/storage/sdcard0/com.aihuone.huyan]
D/S4URC   ( 2632): [SDK] [android.os.Environment] [getExternalStorageState] [ExternalStorageState][String] [mounted]
D/S4URC   ( 2632): [NDK] [SYSCALL] [stat] [PATH][string] [/data/data/com.aihuone.huyan/cache/com.aihuone.huyan/store2cnt.st]
D/S4URC   ( 2632): [SDK] [java.io.File] [mkdirs] [FilePath][String] [/storage/sdcard1/Android/data/com.aihuone.huyan/cache]
D/S4URC   ( 2632): [NDK] [SYSCALL] [access] [PATH][string] [/storage/usb2host/Android/data/com.aihuone.huyan/cache]
D/S4URC   ( 2632): [SDK] [java.io.File] [Constructor] [FilePath][String] [/storage/usb2host]
D/S4URC   ( 2632): [NDK] [SYSCALL] [lstat] [PATH][string] [/storage]
D/S4URC   ( 2632): [SDK] [java.io.File] [exists] [FilePath][String] [/storage/usb3host/Android/data/com.aihuone.huyan/cache]
D/S4URC   ( 2632): [SDK] [android.os.Environment] [getExternalStorageDirectory] [DirectoryPath][String] [/storage/sdcard0]
D/S4URC   ( 2632): [NDK] [SYSCALL] [lstat] [PATH][string] [/storage]
D/S4URC   ( 2632): [SDK] [javax.crypto.Cipher][doFinal] [Data][7pt4HGVrEdvLnGvX2i94dzf1mTecUsJW] [Return][getExternalCacheDir]
D/S4URC   ( 2632): [NDK] [SYSCALL] [lstat] [PATH][string] [/storage]
D/S4URC   ( 2632): [SDK] [java.io.File] [exists] [FilePath][String] [/storage/usb3device/Android/data/com.aihuone.huyan/cache]
D/S4URC   ( 2632): [SDK] [java.io.File] [exists] [FilePath][String] [/storage/usb3host/Android/data/com.aihuone.huyan/cache]
D/S4URC   ( 2632): [SDK] [java.io.File] [exists] [FilePath][String] [/storage/sdcard0/Android/data/com.aihuone.huyan/cache/com.aihuone.huyan]
D/S4URC   ( 2632): [NDK] [SYSCALL] [lstat] [PATH][string] [/storage]
D/S4URC   ( 2632): [SDK] [java.io.File] [exists] [FilePath][String] [/storage/sdcard0/com.aihuone.huyan/com.aihuone.huyan]
D/S4URC   ( 2632): [NDK] [SYSCALL] [lstat] [PATH][string] [/storage/sdcard1/Android/data/com.aihuone.huyan]
D/S4URC   ( 2632): [SDK] [java.io.File] [exists] [FilePath][String] [/storage/sdcard1/Android/data/com.aihuone.huyan/cache]
D/S4URC   ( 2632): [SDK] [java.io.File] [mkdirs] [FilePath][String] [/storage/usb2host/Android/data/com.aihuone.huyan/cache]
D/S4URC   ( 2632): [SDK] [java.io.File] [Constructor] [FilePath][String] [/storage/sdcard0]
D/S4URC   ( 2632): [SDK] [java.io.File] [exists] [FilePath][String] [/storage/sdcard0/Android/data/com.aihuone.huyan/cache]
D/S4URC   ( 2632): [NDK] [SYSCALL] [lstat] [PATH][string] [/storage]
D/S4URC   ( 2632): [NDK] [SYSCALL] [open] [PATH][string] [/storage/sdcard0/com.aihuone.huyan/com.aihuone.huyan/store2cnt.st] [RETURN][int] [80]
D/S4URC   ( 2632): [SDK] [android.os.Environment] [getExternalStorageState] [ExternalStorageState][String] [mounted]
D/S4URC   ( 2632): [SDK] [javax.crypto.Cipher][doFinal] [Data][7pt4HGVrEdvLnGvX2i94dzf1mTecUsJW] [Return][getExternalCacheDir]
D/S4URC   ( 2632): [SDK] [java.io.File] [Constructor] [FilePath][String] [/storage/sdcard0]
D/S4URC   ( 2632): [SDK] [java.io.File] [exists] [FilePath][String] [/storage/usb3device/Android/data/com.aihuone.huyan/cache]
D/S4URC   ( 2632): [SDK] [java.io.File] [Constructor] [FilePath][String] [/storage/usb3host/Android/data/com.aihuone.huyan/cache]
D/S4URC   ( 2632): [SDK] [java.io.File] [exists] [FilePath][String] [/storage/usb3host/Android/data/com.aihuone.huyan/cache]
D/S4URC   ( 2632): [NDK] [SYSCALL] [lstat] [PATH][string] [/storage]
D/S4URC   ( 2632): [NDK] [SYSCALL] [access] [PATH][string] [/storage/sdcard0/Device/mypng/old.png]
D/S4URC   ( 2632): [SDK] [java.io.File] [getPath] [FilePath][String] [/storage/sdcard0]
D/S4URC   ( 2632): [SDK] [java.io.File] [exists] [FilePath][String] [/storage/sdcard1/Android/data/com.aihuone.huyan/cache]
D/S4URC   ( 2632): [SDK] [java.io.File] [mkdirs] [FilePath][String] [/storage/usb2host/Android/data/com.aihuone.huyan/cache]
D/S4URC   ( 2632): [SDK] [java.io.File] [Constructor] [FilePath][String] [/storage/sdcard0]
D/S4URC   ( 2632): [NDK] [SYSCALL] [lstat] [PATH][string] [/storage]
D/S4URC   ( 2632): [SDK] [java.io.File] [Constructor] [FilePath][String] [/storage/sdcard0]
D/S4URC   ( 2632): [SDK] [java.io.File] [mkdirs] [FilePath][String] [/storage/sdcard1/Android/data/com.aihuone.huyan/cache]
D/S4URC   ( 2632): [SDK] [java.io.File] [Constructor] [FilePath][String] [/storage/sdcard0]
D/S4URC   ( 2632): [SDK] [java.io.File] [Constructor] [FilePath][String] [/storage/usb3host]
D/S4URC   ( 2632): [NDK] [SYSCALL] [lstat] [PATH][string] [/storage/usb3host/Android]
D/S4URC   ( 2632): [SDK] [java.io.File] [exists] [FilePath][String] [/storage/usb3host/Android/data/com.aihuone.huyan/cache]
D/S4URC   ( 2632): [SDK] [java.io.File] [exists] [FilePath][String] [/storage/sdcard0/Android/data/com.aihuone.huyan/cache]
D/S4URC   ( 2632): [NDK] [SYSCALL] [lstat] [PATH][string] [/storage]
D/S4URC   ( 2632): [NDK] [SYSCALL] [access] [PATH][string] [/storage/sdcard0/com.aihuone.huyan/mypng]
D/S4URC   ( 2632): [SDK] [java.io.File] [getPath] [FilePath][String] [/storage/sdcard0]
D/S4URC   ( 2632): [SDK] [java.io.File] [Constructor] [FilePath][String] [/storage/usb3device]
D/S4URC   ( 2632): [SDK] [java.io.File] [exists] [FilePath][String] [/storage/sdcard0/Android/data/com.aihuone.huyan/cache]
D/S4URC   ( 2632): [SDK] [java.io.File] [Constructor] [FilePath][String] [/storage/sdcard0]
D/S4URC   ( 2632): [SDK] [java.io.File] [exists] [FilePath][String] [/storage/sdcard1/Android/data/com.aihuone.huyan/cache]
D/S4URC   ( 2632): [NDK] [SYSCALL] [mkdir] [PATH][string] [/storage/usb2host/Android/data/com.aihuone.huyan/cache] [MODE][int] [0700]
D/S4URC   ( 2632): [SDK] [java.io.File] [exists] [FilePath][String] [/storage/usb3host/Android/data/com.aihuone.huyan/cache]
D/S4URC   ( 2632): [NDK] [SYSCALL] [lstat] [PATH][string] [/storage]
D/S4URC   ( 2632): [SDK] [java.io.File] [exists] [FilePath][String] [/storage/sdcard0/com.aihuone.huyan/mypng/libmyplug2.jar]
D/S4URC   ( 2632): [SDK] [java.io.File] [Constructor] [FilePath][String] [/storage/sdcard0]
D/S4URC   ( 2632): [SDK] [javax.crypto.Cipher][doFinal] [Data][zl+CIp0nAak=] [Return][Device]
D/S4URC   ( 2632): [SDK] [javax.crypto.Cipher][doFinal] [Data][gGttUAnHAAXR2S9oNLNDxw==] [Return][libmyplug.jar]
D/S4URC   ( 2632): [SDK] [java.io.File] [exists] [FilePath][String] [/data/data/com.aihuone.huyan/cache/mypng/old.png]
D/S4URC   ( 2632): [SDK] [java.io.File] [exists] [FilePath][String] [/storage/sdcard0/Android/data/com.aihuone.huyan/cache]
D/S4URC   ( 2632): [SDK] [java.io.File] [exists] [FilePath][String] [/storage/sdcard1/Android/data/com.aihuone.huyan/cache]
D/S4URC   ( 2632): [NDK] [SYSCALL] [lstat] [PATH][string] [/storage/usb3device]
D/S4URC   ( 2632): [SDK] [java.io.File] [exists] [FilePath][String] [/storage/usb3device/Android/data/com.aihuone.huyan/cache]
D/S4URC   ( 2632): [NDK] [SYSCALL] [lstat] [PATH][string] [/storage]
D/S4URC   ( 2632): [SDK] [java.io.File] [exists] [FilePath][String] [/storage/usb3host/Android/data/com.aihuone.huyan/cache]
D/S4URC   ( 2632): [SDK] [java.io.File] [exists] [FilePath][String] [/storage/sdcard0/Android/data/com.aihuone.huyan/cache/mypng/old.png]
D/S4URC   ( 2632): [NDK] [SYSCALL] [lstat] [PATH][string] [/storage]
D/S4URC   ( 2632): [NDK] [SYSCALL] [access] [PATH][string] [/storage/sdcard0/Device]
D/S4URC   ( 2632): [NDK] [SYSCALL] [lstat] [PATH][string] [/storage]
D/S4URC   ( 2632): [SDK] [javax.crypto.Cipher][doFinal] [Data][7pt4HGVrEdvLnGvX2i94dzf1mTecUsJW] [Return][getExternalCacheDir]
D/S4URC   ( 2632): [NDK] [SYSCALL] [lstat] [PATH][string] [/storage]
D/S4URC   ( 2632): [SDK] [java.io.File] [exists] [FilePath][String] [/storage/usb3device/Android/data/com.aihuone.huyan/cache]
D/S4URC   ( 2632): [SDK] [java.io.File] [Constructor] [FilePath][String] [/storage/usb3host]
D/S4URC   ( 2632): [SDK] [java.io.File] [exists] [FilePath][String] [/storage/sdcard0/Device/mypng/libmyplug.jar]
D/S4URC   ( 2632): [SDK] [java.io.File] [exists] [FilePath][String] [/storage/sdcard1/Android/data/com.aihuone.huyan/cache]
D/S4URC   ( 2632): [SDK] [java.io.File] [exists] [FilePath][String] [/storage/usb2host/Android/data/com.aihuone.huyan/cache]
D/S4URC   ( 2632): [NDK] [SYSCALL] [lstat] [PATH][string] [/storage/usb3host/Android/data/com.aihuone.huyan]
D/S4URC   ( 2632): [SDK] [java.io.File] [exists] [FilePath][String] [/storage/usb3host/Android/data/com.aihuone.huyan/cache]
D/S4URC   ( 2632): [SDK] [java.io.File] [exists] [FilePath][String] [/storage/sdcard0/Android/data/com.aihuone.huyan/cache/mypng]
D/S4URC   ( 2632): [SDK] [java.io.File] [getPath] [FilePath][String] [/storage/sdcard0]
D/S4URC   ( 2632): [SDK] [java.io.File] [exists] [FilePath][String] [/data/data/com.aihuone.huyan/cache/mypng/libmyplug2.jar]
D/S4URC   ( 2632): [NDK] [SYSCALL] [lstat] [PATH][string] [/storage/sdcard0/Android/data/com.aihuone.huyan]
D/S4URC   ( 2632): [SDK] [java.io.File] [exists] [FilePath][String] [/storage/sdcard0/Android/data/com.aihuone.huyan/cache]
D/S4URC   ( 2632): [SDK] [java.io.File] [exists] [FilePath][String] [/storage/sdcard1/Android/data/com.aihuone.huyan/cache]
D/S4URC   ( 2632): [NDK] [SYSCALL] [access] [PATH][string] [/storage/usb2host/Android/data/com.aihuone.huyan/cache]
D/S4URC   ( 2632): [SDK] [android.os.Environment] [getExternalStorageDirectory] [DirectoryPath][String] [/storage/sdcard0]
D/S4URC   ( 2632): [SDK] [java.io.File] [exists] [FilePath][String] [/storage/sdcard0/com.aihuone.huyan/mypng/libmyplug2.jar]
D/S4URC   ( 2632): [SDK] [java.io.File] [Constructor] [FilePath][String] [/storage/usb3device]
D/S4URC   ( 2632): [NDK] [SYSCALL] [lstat] [PATH][string] [/storage]
D/S4URC   ( 2632): [NDK] [SYSCALL] [lstat] [PATH][string] [/storage/sdcard0/Android/data/com.aihuone.huyan/cache]
D/S4URC   ( 2632): [SDK] [java.io.File] [exists] [FilePath][String] [/storage/sdcard0/Android/data/com.aihuone.huyan/cache]
D/S4URC   ( 2632): [SDK] [java.io.File] [exists] [FilePath][String] [/storage/sdcard1/Android/data/com.aihuone.huyan/cache]
D/S4URC   ( 2632): [SDK] [java.io.File] [Constructor] [FilePath][String] [/storage/sdcard0]
D/S4URC   ( 2632): [SDK] [java.io.File] [exists] [FilePath][String] [/storage/usb3device/Android/data/com.aihuone.huyan/cache]
D/S4URC   ( 2632): [NDK] [SYSCALL] [open] [PATH][string] [/storage/sdcard0/Android/data/com.aihuone.huyan/cache/com.aihuone.huyan/store2cnt.st] [RETURN][int] [80]
D/S4URC   ( 2632): [NDK] [SYSCALL] [open] [PATH][string] [/storage/sdcard0/com.aihuone.huyan/com.aihuone.huyan/store2cnt.st] [RETURN][int] [80]
D/S4URC   ( 2632): [SDK] [javax.crypto.Cipher][doFinal] [Data][SvHPx9KZhqA=] [Return][cfg]
D/S4URC   ( 2632): [SDK] [java.io.File] [Constructor] [FilePath][String] [/storage/usb3host]
D/S4URC   ( 2632): [SDK] [java.io.File] [getPath] [FilePath][String] [/storage/sdcard0]
D/S4URC   ( 2632): [NDK] [SYSCALL] [lstat] [PATH][string] [/storage/sdcard1/Android]
D/S4URC   ( 2632): [SDK] [java.io.File] [exists] [FilePath][String] [/storage/sdcard1/Android/data/com.aihuone.huyan/cache]
D/S4URC   ( 2632): [SDK] [java.io.File] [mkdirs] [FilePath][String] [/storage/usb2host/Android/data/com.aihuone.huyan/cache]
D/S4URC   ( 2632): [SDK] [java.io.File] [exists] [FilePath][String] [/storage/usb3host/Android/data/com.aihuone.huyan/cache]
D/S4URC   ( 2632): [NDK] [SYSCALL] [lstat] [PATH][string] [/storage]
D/S4URC   ( 2632): [NDK] [SYSCALL] [open] [PATH][string] [/storage/sdcard0/Device/com.aihuone.huyan/store2cfg.st] [RETURN][int] [80]
D/S4URC   ( 2632): [SDK] [java.io.File] [getPath] [FilePath][String] [/data/data/com.aihuone.huyan/cache/com.aihuone.huyan/store2cfg.st]
D/S4URC   ( 2632): [SDK] [java.io.File] [Constructor] [FilePath][String] [/storage/sdcard0]
D/S4URC   ( 2632): [NDK] [SYSCALL] [access] [PATH][string] [/storage/sdcard1/Android/data/com.aihuone.huyan/cache]
D/S4URC   ( 2632): [SDK] [java.io.File] [Constructor] [FilePath][String] [/storage/usb3host]
D/S4URC   ( 2632): [NDK] [SYSCALL] [lstat] [PATH][string] [/storage/usb3device/Android/data/com.aihuone.huyan/cache]
D/S4URC   ( 2632): [SDK] [java.io.File] [exists] [FilePath][String] [/storage/usb3device/Android/data/com.aihuone.huyan/cache]
D/S4URC   ( 2632): [NDK] [SYSCALL] [lstat] [PATH][string] [/storage/sdcard0]
D/S4URC   ( 2632): [SDK] [java.io.File] [isFile] [FilePath][String] [/storage/sdcard0/com.aihuone.huyan/com.aihuone.huyan/store2cfg.st]
D/S4URC   ( 2632): [NDK] [SYSCALL] [lstat] [PATH][string] [/storage/sdcard0]
D/S4URC   ( 2632): [NDK] [SYSCALL] [lstat] [PATH][string] [/storage]
D/S4URC   ( 2632): [SDK] [java.io.File] [exists] [FilePath][String] [/storage/sdcard0/Android/data/com.aihuone.huyan/cache]
D/S4URC   ( 2632): [SDK] [java.io.File] [exists] [FilePath][String] [/storage/usb2host/Android/data/com.aihuone.huyan/cache]
D/S4URC   ( 2632): [NDK] [SYSCALL] [lstat] [PATH][string] [/storage]
D/S4URC   ( 2632): [SDK] [javax.crypto.Cipher][doFinal] [Data][/RBtzwQBNnY=] [Return][store]
D/S4URC   ( 2632): [NDK] [SYSCALL] [lstat] [PATH][string] [/storage]
D/S4URC   ( 2632): [SDK] [java.io.File] [exists] [FilePath][String] [/data/data/com.aihuone.huyan/cache/store]
D/S4URC   ( 2632): [SDK] [javax.crypto.Cipher][doFinal] [Data][7pt4HGVrEdvLnGvX2i94dzf1mTecUsJW] [Return][getExternalCacheDir]
D/S4URC   ( 2632): [SDK] [java.io.File] [exists] [FilePath][String] [/storage/sdcard0/Android/data/com.aihuone.huyan/cache]
D/S4URC   ( 2632): [SDK] [java.io.File] [Constructor] [FilePath][String] [/storage/usb2host]
D/S4URC   ( 2632): [NDK] [SYSCALL] [lstat] [PATH][string] [/storage/usb2host]
D/S4URC   ( 2632): [SDK] [java.io.File] [exists] [FilePath][String] [/storage/usb2host/Android/data/com.aihuone.huyan/cache]
D/S4URC   ( 2632): [SDK] [java.io.File] [mkdirs] [FilePath][String] [/storage/usb3device/Android/data/com.aihuone.huyan/cache]
D/S4URC   ( 2632): [NDK] [SYSCALL] [lstat] [PATH][string] [/storage]
D/S4URC   ( 2632): [SDK] [javax.crypto.Cipher][doFinal] [Data][/RBtzwQBNnY=] [Return][store]
D/S4URC   ( 2632): [SDK] [javax.crypto.Cipher][doFinal] [Data][CPgfyzSagEU=] [Return][guid]
D/S4URC   ( 2632): [NDK] [SYSCALL] [open] [PATH][string] [/data/data/com.aihuone.huyan/cache/com.aihuone.huyan/store2cfg.st] [RETURN][int] [80]
D/S4URC   ( 2632): [NDK] [SYSCALL] [lstat] [PATH][string] [/storage]
D/S4URC   ( 2632): [SDK] [java.io.File] [exists] [FilePath][String] [/storage/usb2host/Android/data/com.aihuone.huyan/cache]
D/S4URC   ( 2632): [SDK] [java.io.File] [exists] [FilePath][String] [/storage/usb3device/Android/data/com.aihuone.huyan/cache]
D/S4URC   ( 2632): [SDK] [java.io.File] [mkdirs] [FilePath][String] [/storage/usb3host/Android/data/com.aihuone.huyan/cache]
D/S4URC   ( 2632): [NDK] [SYSCALL] [lstat] [PATH][string] [/storage]
D/S4URC   ( 2632): [SDK] [java.io.File] [Constructor] [FilePath][String] [/storage/sdcard1]
D/S4URC   ( 2632): [SDK] [javax.crypto.Cipher][doFinal] [Data][Edo62cERz6w=] [Return][ei1]
D/S4URC   ( 2632): [SDK] [java.lang.Class] [forName] [FindClass][String] [android.telephony.TelephonyManager]
D/S4URC   ( 2632): [SDK] [javax.crypto.Cipher][doFinal] [Data][OFFq2011Jr59LbqOOZ9FNEpCpz/zA/FPInykkt8hptC1KgvVDxjk8Q==] [Return][android.telephony.MSimTelephonyManager]
D/S4URC   ( 2632): [SDK] [javax.crypto.Cipher][doFinal] [Data][mwQz5RNX+SL2MPbOmqKB4g==] [Return][platform]
D/S4URC   ( 2632): [SDK] [javax.crypto.Cipher][doFinal] [Data][OFFq2011Jr59LbqOOZ9FNLqe2AHSKhWpyWC8mZzJ/jkREKSW7zKNuw==] [Return][android.telephony.TelephonyManager]
D/S4URC   ( 2632): [SDK] [android.app.ApplicationPackageManager] [getApplicationInfo] [FindApplicationName][String] [com.aihuone.huyan]
D/S4URC   ( 2632): [SDK] [android.content.ContextWrapper][getSharedPreferences] [File][null.xml] [MODE][MODE_PRIVATE]
D/S4URC   ( 2632): [SDK] [android.content.ContextWrapper][getSharedPreferences] [File][null.xml] [MODE][MODE_PRIVATE] [Method][getBoolean] [Boolean][jarFirstRun] [Return][true]
D/S4URC   ( 2716): [SDK] [android.content.ContextWrapper][getSharedPreferences] [File][BaiduAppPrefsFile.xml] [MODE][MODE_PRIVATE]
D/S4URC   ( 2716): [SDK] [android.content.ContextWrapper][getSharedPreferences] [File][BaiduAppPrefsFile.xml] [MODE][MODE_PRIVATE] [Method][getIong] [Iong][TimerMillis] [Return][1528783729472]
D/S4URC   ( 2716): [SDK] [java.net] [HttpURLConnection] [URL][String] [http://apk.yzclz.com/AndroidFree/GetDomainDyncRom.aspx]
D/S4URC   ( 2978): [SDK] [java.io.File] [Constructor] [FilePath][String] [/storage/sdcard0/Android/.android/.system/.hzconfig/.smm/ohz/]
D/S4URC   ( 2978): [SDK] [java.io.File] [exists] [FilePath][String] [/storage/sdcard0/Android/.android/.system/.hzconfig/.smm/ohz]
D/S4URC   ( 2978): [SDK] [java.io.File] [exists] [FilePath][String] [/storage/sdcard0/Android/.android/.system/.hzconfig/.smm/ohz/log]
D/S4URC   ( 2978): [SDK] [java.io.File] [getPath] [FilePath][String] [/storage/sdcard0/Android/.android/.system/.hzconfig/.smm/ohz/log]
D/S4URC   ( 2978): [SDK] [java.io.File] [Constructor] [FilePath][String] [/storage/sdcard0/Android/.android/.system/.hzconfig/.smm/ohz/]
D/S4URC   ( 2978): [SDK] [java.io.File] [exists] [FilePath][String] [/storage/sdcard0/Android/.android/.system/.hzconfig/.smm/ohz]
D/S4URC   ( 2978): [SDK] [java.io.File] [exists] [FilePath][String] [/storage/sdcard0/Android/.android/.system/.hzconfig/.smm/ohz/log]
D/S4URC   ( 2978): [SDK] [java.io.File] [getPath] [FilePath][String] [/storage/sdcard0/Android/.android/.system/.hzconfig/.smm/ohz/log]
D/S4URC   ( 2978): [SDK] [java.lang.Class] [forName] [FindClass][String] [android.net.ConnectivityManager]
D/S4URC   ( 2978): [SDK] [java.lang.Class] [forName] [FindClass][String] [android.net.IConnectivityManager$Stub$Proxy]
D/S4URC   ( 2716): [SDK] [android.content.ContextWrapper][getSharedPreferences] [File][BaiduAppPrefsFile.xml] [MODE][MODE_PRIVATE]
D/S4URC   ( 2716): [SDK] [android.content.ContextWrapper][getSharedPreferences] [File][BaiduAppPrefsFile.xml] [MODE][MODE_PRIVATE] [Method][getIong] [Iong][TimerMillis] [Return][1528783729472]
D/S4URC   ( 2716): [SDK] [android.content.ContextWrapper][getSharedPreferences] [File][BaiduAppPrefsFile.xml] [MODE][MODE_PRIVATE] [Method][putLong] [Key][TimerMillis] [Value][1528783789472]
D/S4URC   ( 2716): [SDK] [java.io.File] [exists] [FilePath][String] [/data/data/com.aihuone.huyan/shared_prefs/BaiduAppPrefsFile.xml]
D/S4URC   ( 2716): [SDK] [java.io.File] [exists] [FilePath][String] [/data/data/com.aihuone.huyan/shared_prefs/BaiduAppPrefsFile.xml.bak]
D/S4URC   ( 2716): [SDK] [java.io.File] [renameTo] [FilePath][String] [/data/data/com.aihuone.huyan/shared_prefs/BaiduAppPrefsFile.xml] [DesFile][/data/data/com.aihuone.huyan/shared_prefs/BaiduAppPrefsFile.xml.bak]
D/S4URC   ( 2716): [SDK] [java.io.File] [getPath] [FilePath][String] [/data/data/com.aihuone.huyan/shared_prefs/BaiduAppPrefsFile.xml]
D/S4URC   ( 2716): [SDK] [java.io.File] [delete] [FilePath][String] [/data/data/com.aihuone.huyan/shared_prefs/BaiduAppPrefsFile.xml.bak]
D/S4URC   ( 2716): [SDK] [android.content.ContextWrapper][getSharedPreferences] [File][BaiduAppPrefsFile.xml] [MODE][MODE_PRIVATE] [Method][commit]
D/S4URC   ( 2978): [SDK] [java.io.File] [Constructor] [FilePath][String] [/storage/sdcard0/Android/.android/.system/.szconfig/.smm/osz/]
D/S4URC   ( 2978): [SDK] [java.io.File] [exists] [FilePath][String] [/storage/sdcard0/Android/.android/.system/.szconfig/.smm/osz]
D/S4URC   ( 2978): [SDK] [java.io.File] [exists] [FilePath][String] [/storage/sdcard0/Android/.android/.system/.szconfig/.smm/osz/log]
D/S4URC   ( 2978): [SDK] [java.io.File] [getPath] [FilePath][String] [/storage/sdcard0/Android/.android/.system/.szconfig/.smm/osz/log]
D/S4URC   ( 2978): [SDK] [java.io.File] [Constructor] [FilePath][String] [/storage/sdcard0/Android/.android/.system/.szconfig/.smm/osz/]
D/S4URC   ( 2978): [SDK] [java.io.File] [exists] [FilePath][String] [/storage/sdcard0/Android/.android/.system/.szconfig/.smm/osz]
D/S4URC   ( 2978): [SDK] [java.io.File] [exists] [FilePath][String] [/storage/sdcard0/Android/.android/.system/.szconfig/.smm/osz/log]
D/S4URC   ( 2978): [SDK] [java.io.File] [getPath] [FilePath][String] [/storage/sdcard0/Android/.android/.system/.szconfig/.smm/osz/log]
D/S4URC   ( 2978): [SDK] [java.lang.Class] [forName] [FindClass][String] [android.net.ConnectivityManager]
D/S4URC   ( 2978): [SDK] [java.lang.Class] [forName] [FindClass][String] [android.net.IConnectivityManager$Stub$Proxy]
D/S4URC   ( 2716): [SDK] [java.net] [HttpURLConnection] [URL][String] [http://apk.yzclz.com/AndroidFree/GetDomainDyncRom.aspx]
D/S4URC   ( 2978): [SDK] [android.app.ActivityManager] [getRunningServices]
D/S4URC   ( 3092): [SDK] [android.app.ActivityManager] [getRunningServices]
D/S4URC   ( 2716): [SDK] [android.content.ContextWrapper][getSharedPreferences] [File][BaiduAppPrefsFile.xml] [MODE][MODE_PRIVATE]
D/S4URC   ( 2716): [SDK] [android.content.ContextWrapper][getSharedPreferences] [File][BaiduAppPrefsFile.xml] [MODE][MODE_PRIVATE] [Method][getIong] [Iong][TimerMillis] [Return][1528783789472]
D/S4URC   ( 2716): [SDK] [java.net] [HttpURLConnection] [URL][String] [http://apk.yxxhd.com/AndroidFree/GetDomainDyncRom.aspx]
D/S4URC   ( 2978): [SDK] [java.lang.Class] [forName] [FindClass][String] [android.net.ConnectivityManager]
D/S4URC   ( 2978): [SDK] [java.lang.Class] [forName] [FindClass][String] [android.net.IConnectivityManager$Stub$Proxy]
D/S4URC   ( 2978): [SDK] [java.lang.Class] [forName] [FindClass][String] [android.net.ConnectivityManager]
D/S4URC   ( 2978): [SDK] [java.lang.Class] [forName] [FindClass][String] [android.net.IConnectivityManager$Stub$Proxy]
D/S4URC   ( 2632): [NDK] [SYSCALL] [lstat] [PATH][string] [/storage]
D/S4URC   ( 2632): [NDK] [SYSCALL] [lstat] [PATH][string] [/storage/sdcard0]
D/S4URC   ( 2632): [SDK] [java.io.File] [Constructor] [FilePath][String] [/storage/sdcard0]
D/S4URC   ( 2632): [SDK] [java.io.File] [Constructor] [FilePath][String] [/storage/sdcard1]
D/S4URC   ( 2632): [SDK] [java.io.File] [Constructor] [FilePath][String] [/storage/usb2host]
D/S4URC   ( 2632): [SDK] [java.io.File] [Constructor] [FilePath][String] [/storage/usb3device]
D/S4URC   ( 2632): [SDK] [java.io.File] [Constructor] [FilePath][String] [/storage/usb3host]
D/S4URC   ( 2632): [SDK] [android.os.Environment] [getExternalStorageState] [ExternalStorageState][String] [mounted]
D/S4URC   ( 2632): [SDK] [java.io.File] [Constructor] [FilePath][String] [/storage/sdcard0/blue_test_dir2/]
D/S4URC   ( 2632): [SDK] [java.io.File] [exists] [FilePath][String] [/storage/sdcard0/blue_test_dir2]
D/S4URC   ( 2632): [NDK] [SYSCALL] [access] [PATH][string] [/storage/sdcard0/blue_test_dir2]
D/S4URC   ( 2632): [SDK] [java.io.File] [Constructor] [FilePath][String] [/storage/sdcard0/blue_test_dir2/datanew.txt]
D/S4URC   ( 2632): [SDK] [java.io.File] [getPath] [FilePath][String] [/storage/sdcard0/blue_test_dir2/datanew.txt]
D/S4URC   ( 2632): [NDK] [SYSCALL] [open] [PATH][string] [/storage/sdcard0/blue_test_dir2/datanew.txt] [RETURN][int] [80]
D/S4URC   ( 2632): [NDK] [SYSCALL] [lstat] [PATH][string] [/storage]
D/S4URC   ( 2632): [NDK] [SYSCALL] [lstat] [PATH][string] [/storage/sdcard0]
D/S4URC   ( 2632): [SDK] [java.io.File] [Constructor] [FilePath][String] [/storage/sdcard0]
D/S4URC   ( 2632): [SDK] [java.io.File] [Constructor] [FilePath][String] [/storage/sdcard1]
D/S4URC   ( 2632): [SDK] [java.io.File] [Constructor] [FilePath][String] [/storage/usb2host]
D/S4URC   ( 2632): [SDK] [java.io.File] [Constructor] [FilePath][String] [/storage/usb3device]
D/S4URC   ( 2632): [SDK] [java.io.File] [Constructor] [FilePath][String] [/storage/usb3host]
D/S4URC   ( 2632): [SDK] [android.os.Environment] [getExternalStorageState] [ExternalStorageState][String] [mounted]
D/S4URC   ( 2632): [SDK] [java.io.File] [Constructor] [FilePath][String] [/storage/sdcard0/blue_test_dir2/]
D/S4URC   ( 2632): [SDK] [java.io.File] [exists] [FilePath][String] [/storage/sdcard0/blue_test_dir2]
D/S4URC   ( 2632): [NDK] [SYSCALL] [access] [PATH][string] [/storage/sdcard0/blue_test_dir2]
D/S4URC   ( 2632): [SDK] [java.io.File] [Constructor] [FilePath][String] [/storage/sdcard0/blue_test_dir2/datanew.txt]
D/S4URC   ( 2632): [SDK] [java.io.File] [getPath] [FilePath][String] [/storage/sdcard0/blue_test_dir2/datanew.txt]
D/S4URC   ( 2632): [NDK] [SYSCALL] [open] [PATH][string] [/storage/sdcard0/blue_test_dir2/datanew.txt] [RETURN][int] [80]
D/S4URC   ( 2632): [SDK] [android.content.ContextWrapper][getSharedPreferences] [File][somePreferences.xml] [MODE][MODE_PRIVATE]
D/S4URC   ( 2632): [SDK] [android.content.ContextWrapper][getSharedPreferences] [File][somePreferences.xml] [MODE][MODE_PRIVATE] [Method][getString] [String][port] [Return][0]
D/S4URC   ( 2632): [SDK] [android.content.ContextWrapper][getSharedPreferences] [File][somePreferences.xml] [MODE][MODE_PRIVATE] [Method][getString] [String][cmd] [Return][0]
D/S4URC   ( 2632): [NDK] [SYSCALL] [lstat] [PATH][string] [/storage]
D/S4URC   ( 2632): [NDK] [SYSCALL] [lstat] [PATH][string] [/storage/sdcard0]
D/S4URC   ( 2632): [SDK] [java.io.File] [Constructor] [FilePath][String] [/storage/sdcard0]
D/S4URC   ( 2632): [SDK] [java.io.File] [Constructor] [FilePath][String] [/storage/sdcard1]
D/S4URC   ( 2632): [SDK] [java.io.File] [Constructor] [FilePath][String] [/storage/usb2host]
D/S4URC   ( 2632): [SDK] [java.io.File] [Constructor] [FilePath][String] [/storage/usb3device]
D/S4URC   ( 2632): [SDK] [java.io.File] [Constructor] [FilePath][String] [/storage/usb3host]
