D/S4URC   ( 3698): [SDK] [java.io.File] [Constructor] [FilePath][String] [/storage/usb3device]
D/S4URC   ( 3698): [SDK] [java.io.File] [Constructor] [FilePath][String] [/storage/usb3host]
D/S4URC   ( 3482): [SDK] [java.io.File] [getPath] [FilePath][String] [/data/data/com.lkkspl.nhwxyckj/shared_prefs/dc.053CE9326103161DC37854ECE8E0DBE2.preferences.xml]
D/S4URC   ( 3482): [NDK] [SYSCALL] [chmod] [PATH][string] [/data/data/com.lkkspl.nhwxyckj/shared_prefs/dc.053CE9326103161DC37854ECE8E0DBE2.preferences.xml] [MODE][int] [0660]
D/S4URC   ( 3482): [SDK] [java.io.File] [getPath] [FilePath][String] [/data/data/com.lkkspl.nhwxyckj/shared_prefs/dc.053CE9326103161DC37854ECE8E0DBE2.preferences.xml]
D/S4URC   ( 3482): [NDK] [SYSCALL] [stat] [PATH][string] [/data/data/com.lkkspl.nhwxyckj/shared_prefs/dc.053CE9326103161DC37854ECE8E0DBE2.preferences.xml]
D/S4URC   ( 3482): [SDK] [java.io.File] [delete] [FilePath][String] [/data/data/com.lkkspl.nhwxyckj/shared_prefs/dc.053CE9326103161DC37854ECE8E0DBE2.preferences.xml.bak]
D/S4URC   ( 3482): [NDK] [SYSCALL] [lstat] [PATH][string] [/data/data/com.lkkspl.nhwxyckj/shared_prefs/dc.053CE9326103161DC37854ECE8E0DBE2.preferences.xml.bak]
D/S4URC   ( 3482): [SDK] [android.content.ContextWrapper][getSharedPreferences] [File][zpay_info.xml] [MODE][MODE_PRIVATE] [Method][commit]
D/S4URC   ( 3482):  [Method][getString] [String][DC_ACCOUNT_CFC496CC89506D71DA13E6245D2467D3] [Return][]
D/S4URC   ( 3482):  [Method][getString] [String][053CE9326103161DC37854ECE8E0DBE2_DC_ACCOUNT_CFC496CC89506D71DA13E6245D2467D3] [Return][]
D/S4URC   ( 3482): [SDK] [java.io.File] [Constructor] [FilePath][String] [/storage/sdcard0/com.lkkspl.nhwxyckj/.account/CFC496CC89506D71DA13E6245D2467D3]
D/S4URC   ( 3482): [SDK] [java.io.File] [getPath] [FilePath][String] [/storage/sdcard0/com.lkkspl.nhwxyckj/.account/CFC496CC89506D71DA13E6245D2467D3]
D/S4URC   ( 3698): [SDK] [android.os.Environment] [getExternalStorageState] [ExternalStorageState][String] [mounted]
D/S4URC   ( 3698): [SDK] [java.io.File] [getPath] [FilePath][String] [/storage/sdcard0]
D/S4URC   ( 3698): [SDK] [android.os.Environment] [getExternalStorageDirectory] [DirectoryPath][String] [/storage/sdcard0]
D/S4URC   ( 3698): [SDK] [java.io.File] [canRead] [FilePath][String] [/storage/sdcard0]
D/S4URC   ( 3698): [SDK] [java.io.File] [canWrite] [FilePath][String] [/storage/sdcard0]
D/S4URC   ( 3698): [SDK] [java.io.File] [getPath] [FilePath][String] [/storage/sdcard0]
D/S4URC   ( 3698): [SDK] [android.os.Environment] [getExternalStorageDirectory] [DirectoryPath][String] [/storage/sdcard0]
D/S4URC   ( 3698): [SDK] [java.io.File] [Constructor] [FilePath][String] [/storage/sdcard0/zhimeng123.evn]
D/S4URC   ( 3482): [SDK] [android.telephony.TelephonyManager] [getSubscriberId]
D/S4URC   ( 3698): [SDK] [java.io.File] [exists] [FilePath][String] [/storage/sdcard0/zhimeng123.evn]
D/S4URC   ( 3482): [SDK] [java.lang.Class] [forName] [FindClass][String] [android.telephony.MSimTelephonyManager]
D/S4URC   ( 3482): [SDK] [java.lang.Class] [forName] [FindClass][String] [com.android.internal.telephony.Phone]
D/S4URC   ( 3482): [SDK] [java.lang.Class] [forName] [FindClass][String] [com.android.internal.telephony.PhoneFactory]
D/S4URC   ( 3482): [NDK] [SYSCALL] [open] [PATH][string] [/storage/sdcard0/com.lkkspl.nhwxyckj/.account/CFC496CC89506D71DA13E6245D2467D3] [RETURN][int] [-1]
D/S4URC   ( 3482): [SDK] [android.telephony.TelephonyManager] [getSubscriberId]
D/S4URC   ( 3482): [SDK] [java.lang.Class] [forName] [FindClass][String] [com.android.internal.telephony.PhoneFactory]
D/S4URC   ( 3482): [SDK] [java.io.File] [Constructor] [FilePath][String] [/storage/sdcard0]
D/S4URC   ( 3482): [NDK] [SYSCALL] [open] [PATH][string] [/storage/sdcard0/.SystemService/053CE9326103161DC37854ECE8E0DBE2/.account/CFC496CC89506D71DA13E6245D2467D3] [RETURN][int] [-1]
D/S4URC   ( 3482): [SDK] [java.lang.Class] [forName] [FindClass][String] [android.telephony.MSimTelephonyManager]
D/S4URC   ( 3482): [SDK] [java.lang.Class] [forName] [FindClass][String] [com.android.internal.telephony.Phone]
D/S4URC   ( 3482): [SDK] [java.lang.Class] [forName] [FindClass][String] [com.android.internal.telephony.PhoneConstants]
D/S4URC   ( 3482): [SDK] [android.telephony.TelephonyManager] [getDeviceId]
D/S4URC   ( 3698): [SDK] [java.io.File] [getPath] [FilePath][String] [/data/data/com.lkkspl.nhwxyckj/shared_prefs]
D/S4URC   ( 3698): [SDK] [java.io.File] [getPath] [FilePath][String] [/data/data/com.lkkspl.nhwxyckj/shared_prefs/zplugin_query.xml]
D/S4URC   ( 3698): [SDK] [java.io.File] [Constructor] [FilePath][String] [/data/data/com.lkkspl.nhwxyckj/shared_prefs/zplugin_query.xml.bak]
D/S4URC   ( 3698): [SDK] [java.io.File] [exists] [FilePath][String] [/data/data/com.lkkspl.nhwxyckj/shared_prefs/zplugin_query.xml]
D/S4URC   ( 3698): [SDK] [java.io.File] [canRead] [FilePath][String] [/data/data/com.lkkspl.nhwxyckj/shared_prefs/zplugin_query.xml]
D/S4URC   ( 3698): [SDK] [java.io.File] [getPath] [FilePath][String] [/data/data/com.lkkspl.nhwxyckj/shared_prefs/zplugin_query.xml]
D/S4URC   ( 3698): [SDK] [android.content.ContextWrapper][getSharedPreferences] [File][zplugin_query.xml] [MODE][APPEND or MULTI_PROCESS]
D/S4URC   ( 3698): [SDK] [java.io.File] [exists] [FilePath][String] [/data/data/com.lkkspl.nhwxyckj/shared_prefs/zplugin_query.xml.bak]
D/S4URC   ( 3698): [SDK] [java.io.File] [exists] [FilePath][String] [/data/data/com.lkkspl.nhwxyckj/shared_prefs/zplugin_query.xml]
D/S4URC   ( 3698): [SDK] [java.io.File] [canRead] [FilePath][String] [/data/data/com.lkkspl.nhwxyckj/shared_prefs/zplugin_query.xml]
D/S4URC   ( 3698): [SDK] [java.io.File] [getPath] [FilePath][String] [/data/data/com.lkkspl.nhwxyckj/shared_prefs/zplugin_query.xml]
D/S4URC   ( 3698): [SDK] [java.io.File] [canRead] [FilePath][String] [/data/data/com.lkkspl.nhwxyckj/shared_prefs/zplugin_query.xml]
D/S4URC   ( 3482): [SDK] [java.lang.Class] [forName] [FindClass][String] [com.android.internal.telephony.PhoneFactory]
D/S4URC   ( 3482): [SDK] [java.lang.Class] [forName] [FindClass][String] [com.android.internal.telephony.Phone]
D/S4URC   ( 3482): [SDK] [android.telephony.TelephonyManager] [getDeviceId]
D/S4URC   ( 3482): [SDK] [java.lang.Class] [forName] [FindClass][String] [com.android.internal.telephony.Phone]
D/S4URC   ( 3698): [SDK] [java.io.File] [Constructor] [FilePath][String] [/storage/sdcard0/Android/data/3949BA59/10ADC.94]
D/S4URC   ( 3482): [SDK] [android.content.ContextWrapper][getSharedPreferences] [File][zpay_info.xml] [MODE][MODE_PRIVATE] [Method][putString] [Key][DC_APP_VERSIONCODE] [Value][83452]
D/S4URC   ( 3482): [SDK] [android.telephony.TelephonyManager] [getSubscriberId]
D/S4URC   ( 3482): [SDK] [java.io.File] [getPath] [FilePath][String] [/data/data/com.lkkspl.nhwxyckj/shared_prefs/dc.053CE9326103161DC37854ECE8E0DBE2.preferences.xml]
D/S4URC   ( 3482): [SDK] [java.lang.Class] [forName] [FindClass][String] [com.android.internal.telephony.Phone]
D/S4URC   ( 3482): [SDK] [android.telephony.TelephonyManager] [getSubscriberId]
D/S4URC   ( 3482): [SDK] [java.lang.Class] [forName] [FindClass][String] [android.telephony.MSimTelephonyManager]
D/S4URC   ( 3482): [SDK] [java.lang.Class] [forName] [FindClass][String] [com.android.internal.telephony.Phone]
D/S4URC   ( 3698): [SDK] [android.telephony.TelephonyManager] [getSubscriberId]
D/S4URC   ( 3482): [SDK] [java.lang.Class] [forName] [FindClass][String] [android.telephony.MSimTelephonyManager]
D/S4URC   ( 3482): [SDK] [java.lang.Class] [forName] [FindClass][String] [com.android.internal.telephony.Phone]
D/S4URC   ( 3482): [SDK] [java.lang.Class] [forName] [FindClass][String] [android.telephony.MSimTelephonyManager]
D/S4URC   ( 3482): [SDK] [java.lang.Class] [forName] [FindClass][String] [com.android.internal.telephony.Phone]
D/S4URC   ( 3482): [SDK] [java.lang.Class] [forName] [FindClass][String] [com.android.internal.telephony.PhoneFactory]
D/S4URC   ( 3482): [SDK] [java.lang.Class] [forName] [FindClass][String] [com.android.internal.telephony.Phone]
D/S4URC   ( 3482): [SDK] [android.telephony.TelephonyManager] [getSubscriberId]
D/S4URC   ( 3482): [SDK] [java.lang.Class] [forName] [FindClass][String] [com.android.internal.telephony.Phone]
D/S4URC   ( 3482): [SDK] [java.lang.Class] [forName] [FindClass][String] [com.android.internal.telephony.PhoneFactory]
D/S4URC   ( 3482): [SDK] [android.telephony.TelephonyManager] [getSubscriberId]
D/S4URC   ( 3698): [SDK] [android.telephony.TelephonyManager] [getLine1Number]
D/S4URC   ( 3482): [SDK] [java.io.File] [getPath] [FilePath][String] [/data/data/com.lkkspl.nhwxyckj/shared_prefs/zpay_info.xml]
D/S4URC   ( 3482): [SDK] [android.content.ContentResolver] [registerContentObserver] [URL][String] [content://sms/]
D/S4URC   ( 3482): [SDK] [android.content.ContextWrapper][getSharedPreferences] [File][wyzf_config20104806.xml] [MODE][MODE_PRIVATE] [Method][getString] [String][packCode] [Return][30027:465]
D/S4URC   ( 3482): [SDK] [java.io.File] [getPath] [FilePath][String] [/data/data/com.lkkspl.nhwxyckj/shared_prefs]
D/S4URC   ( 3482): [SDK] [java.io.File] [Constructor] [FilePath][String] [/sys/devices/system/cpu/cpu0/cpufreq/scaling_cur_freq]
D/S4URC   ( 3482): [SDK] [java.io.File] [getPath] [FilePath][String] [/sys/devices/system/cpu/cpu0/cpufreq/scaling_cur_freq]
D/S4URC   ( 3482): [SDK] [android.content.Intent] [Constructor] [IntentInfo][String] [com.door.pay.sdk.app.action]
D/S4URC   ( 3482): [SDK] [java.io.File] [Constructor] [FilePath][String] [/data/data/com.lkkspl.nhwxyckj/shared_prefs/pref.xml.bak]
D/S4URC   ( 3482): [SDK] [java.io.File] [exists] [FilePath][String] [/data/data/com.lkkspl.nhwxyckj/shared_prefs/pref.xml]
D/S4URC   ( 3482): [SDK] [java.io.File] [getPath] [FilePath][String] [/data/data/com.lkkspl.nhwxyckj/shared_prefs/pref.xml]
D/S4URC   ( 3482): [NDK] [SYSCALL] [chmod] [PATH][string] [/data/data/com.lkkspl.nhwxyckj/shared_prefs/pref.xml] [MODE][int] [0660]
D/S4URC   ( 3482): [SDK] [android.content.ContextWrapper][getSharedPreferences] [File][pref.xml] [MODE][MODE_PRIVATE] [Method][commit]
D/S4URC   ( 3783): [NDK] [SYSCALL] [getdents] [PATH][string] [.]
D/S4URC   ( 3482): [SDK] [java.io.File] [Constructor] [FilePath][String] [/data/data/com.lkkspl.nhwxyckj/files/mj.apk]
D/S4URC   ( 3698): [SDK] [android.app.ApplicationPackageManager] [getPackageInfo] [FindPackageName][String] [com.google.android.webview]
D/S4URC   ( 3698): [SDK] [android.app.ApplicationPackageManager] [getPackageInfo] [FindPackageName][String] [com.android.webview]
D/S4URC   ( 3698): [SDK] [java.io.File] [Constructor] [FilePath][String] [/data/data/com.android.webview]
D/S4URC   ( 3698): [SDK] [dalvik.system.BaseDexClassLoader] [Constructor] [DexPath][String] [/system/app/webview/webview.apk] [NDKPath][String] [/system/app/webview/lib/arm]
D/S4URC   ( 3698): [SDK] [java.io.File] [Constructor] [FilePath][String] [/system/app/webview/webview.apk]
D/S4URC   ( 3698): [SDK] [java.io.File] [getName] [FilePath][String] [/system/app/webview/webview.apk]
D/S4URC   ( 3698): [SDK] [java.io.File] [isDirectory] [FilePath][String] [/system/app/webview/webview.apk]
D/S4URC   ( 3698): [SDK] [java.io.File] [isFile] [FilePath][String] [/system/app/webview/webview.apk]
D/S4URC   ( 3698): [SDK] [java.io.File] [getPath] [FilePath][String] [/system/app/webview/webview.apk]
D/S4URC   ( 3698): [SDK] [dalvik.system.DexFile] [openDexFile] [DexPath][String] [/system/app/webview/webview.apk]
D/S4URC   ( 3698): [SDK] [java.io.File] [Constructor] [FilePath][String] [/system/app/webview/webview.apk]
D/S4URC   ( 3698): [SDK] [java.io.File] [Constructor] [FilePath][String] [/system/app/webview/lib/arm]
D/S4URC   ( 3698): [SDK] [java.io.File] [Constructor] [FilePath][String] [/vendor/lib]
D/S4URC   ( 3698): [SDK] [java.io.File] [Constructor] [FilePath][String] [/system/lib]
D/S4URC   ( 3698): [SDK] [java.lang.Class] [forName] [FindClass][String] [net.sqlcipher.database.SQLiteDatabase]
D/S4URC   ( 3698): [SDK] [java.lang.Class] [forName] [FindClass][String] [net.sqlcipher.database$SQLiteDatabase]
D/S4URC   ( 3698): [SDK] [java.lang.Class] [forName] [FindClass][String] [net.sqlcipher$database$SQLiteDatabase]
D/S4URC   ( 3698): [SDK] [java.lang.Class] [forName] [FindClass][String] [net$sqlcipher$database$SQLiteDatabase]
D/S4URC   ( 3698): [SDK] [java.lang.Class] [forName] [FindClass][String] [[I]
D/S4URC   ( 3698): [SDK] [java.lang.Class] [forName] [FindClass][String] [android.app.SharedPreferencesImpl]
D/S4URC   ( 3698): [SDK] [java.lang.Class] [forName] [FindClass][String] [[I]
D/S4URC   ( 3698): [SDK] [java.lang.Class] [forName] [FindClass][String] [android.app.SharedPreferencesImpl.EditorImpl]
D/S4URC   ( 3698): [SDK] [java.lang.Class] [forName] [FindClass][String] [android.app.SharedPreferencesImpl$EditorImpl]
D/S4URC   ( 3698): [SDK] [java.lang.Class] [forName] [FindClass][String] [android.app.SharedPreferencesImpl.EditorImpl]
D/S4URC   ( 3698): [SDK] [java.lang.Class] [forName] [FindClass][String] [android.app.SharedPreferencesImpl$EditorImpl]
D/S4URC   ( 3698): [SDK] [java.lang.Class] [forName] [FindClass][String] [android.app.SharedPreferencesImpl]
D/S4URC   ( 3698): [SDK] [java.lang.Class] [forName] [FindClass][String] [[Z]
D/S4URC   ( 3698): [SDK] [java.lang.Class] [forName] [FindClass][String] [android.app.SharedPreferencesImpl]
D/S4URC   ( 3698): [SDK] [java.lang.Class] [forName] [FindClass][String] [[F]
D/S4URC   ( 3698): [SDK] [java.lang.Class] [forName] [FindClass][String] [android.app.SharedPreferencesImpl]
D/S4URC   ( 3698): [SDK] [java.lang.Class] [forName] [FindClass][String] [[I]
D/S4URC   ( 3698): [SDK] [java.lang.Class] [forName] [FindClass][String] [android.app.SharedPreferencesImpl]
D/S4URC   ( 3698): [SDK] [java.lang.Class] [forName] [FindClass][String] [[J]
D/S4URC   ( 3698): [SDK] [java.lang.Class] [forName] [FindClass][String] [android.app.SharedPreferencesImpl]
D/S4URC   ( 3698): [SDK] [java.lang.Class] [forName] [FindClass][String] [android.app.SharedPreferencesImpl.EditorImpl]
D/S4URC   ( 3698): [SDK] [java.lang.Class] [forName] [FindClass][String] [android.app.SharedPreferencesImpl$EditorImpl]
D/S4URC   ( 3698): [SDK] [java.lang.Class] [forName] [FindClass][String] [android.app.SharedPreferencesImpl.EditorImpl]
D/S4URC   ( 3698): [SDK] [java.lang.Class] [forName] [FindClass][String] [android.app.SharedPreferencesImpl$EditorImpl]
D/S4URC   ( 3698): [SDK] [java.lang.Class] [forName] [FindClass][String] [[Z]
D/S4URC   ( 3698): [SDK] [java.lang.Class] [forName] [FindClass][String] [android.app.SharedPreferencesImpl.EditorImpl]
D/S4URC   ( 3698): [SDK] [java.lang.Class] [forName] [FindClass][String] [android.app.SharedPreferencesImpl$EditorImpl]
D/S4URC   ( 3698): [SDK] [java.lang.Class] [forName] [FindClass][String] [[I]
D/S4URC   ( 3698): [SDK] [java.lang.Class] [forName] [FindClass][String] [android.app.SharedPreferencesImpl.EditorImpl]
D/S4URC   ( 3698): [SDK] [java.lang.Class] [forName] [FindClass][String] [android.app.SharedPreferencesImpl$EditorImpl]
D/S4URC   ( 3698): [SDK] [java.lang.Class] [forName] [FindClass][String] [[J]
D/S4URC   ( 3698): [SDK] [java.lang.Class] [forName] [FindClass][String] [android.app.SharedPreferencesImpl.EditorImpl]
D/S4URC   ( 3482): [SDK] [java.io.File] [Constructor] [FilePath][String] [/sys/devices/system/cpu/cpu0/cpufreq/scaling_cur_freq]
D/S4URC   ( 3482): [SDK] [java.io.File] [getPath] [FilePath][String] [/sys/devices/system/cpu/cpu0/cpufreq/scaling_cur_freq]
D/S4URC   ( 3698): [SDK] [java.lang.Class] [forName] [FindClass][String] [android.app.SharedPreferencesImpl$EditorImpl]
D/S4URC   ( 3698): [SDK] [java.lang.Class] [forName] [FindClass][String] [[F]
D/S4URC   ( 3698): [SDK] [java.lang.Class] [forName] [FindClass][String] [android.app.admin.DevicePolicyManager]
D/S4URC   ( 3698): [SDK] [java.lang.Class] [forName] [FindClass][String] [android.app.Activity]
D/S4URC   ( 3698): [SDK] [java.lang.Class] [forName] [FindClass][String] [android.content.Intent]
D/S4URC   ( 3785): [NDK] [SYSCALL] [getdents] [PATH][string] [.]
D/S4URC   ( 3698): [SDK] [java.lang.Class] [forName] [FindClass][String] [android.os.Environment]
D/S4URC   ( 3698): [SDK] [java.lang.Class] [forName] [FindClass][String] [android.content.ContentResolver]
D/S4URC   ( 3482): [SDK] [java.io.File] [getPath] [FilePath][String] [/data/data/com.lkkspl.nhwxyckj/files/mj.apk]
D/S4URC   ( 3482): [NDK] [SYSCALL] [open] [PATH][string] [/data/data/com.lkkspl.nhwxyckj/files/mj.apk] [RETURN][int] [123]
D/S4URC   ( 3698): [SDK] [java.lang.Class] [forName] [FindClass][String] [android.content.ContentResolver]
D/S4URC   ( 3482): [SDK] [java.io.File] [Constructor] [FilePath][String] [/data/data/com.lkkspl.nhwxyckj/files/mj.dex]
D/S4URC   ( 3482): [SDK] [java.io.File] [delete] [FilePath][String] [/data/data/com.lkkspl.nhwxyckj/files/mj.dex]
D/S4URC   ( 3482): [NDK] [SYSCALL] [lstat] [PATH][string] [/data/data/com.lkkspl.nhwxyckj/files/mj.dex]
D/S4URC   ( 3698): [SDK] [java.lang.Class] [forName] [FindClass][String] [android.content.ContentResolver]
D/S4URC   ( 3482): [SDK] [java.io.File] [getParent] [FilePath][String] [/data/data/com.lkkspl.nhwxyckj/files/mj.apk]
D/S4URC   ( 3482): [SDK] [dalvik.system.DexClassLoader] [Constructor] [DexPath][String] [/data/data/com.lkkspl.nhwxyckj/files/mj.apk] [NDKPath][String] [null]
D/S4URC   ( 3482): [SDK] [java.io.File] [Constructor] [FilePath][String] [/data/data/com.lkkspl.nhwxyckj/files]
D/S4URC   ( 3482): [SDK] [java.lang.ProcessBuilder] [Constructor] [Command][String] [,/system/bin/cat,/sys/devices/system/cpu/cpu0/cpufreq/cpuinfo_min_freq]
D/S4URC   ( 3482): [SDK] [dalvik.system.BaseDexClassLoader] [Constructor] [DexPath][String] [/data/data/com.lkkspl.nhwxyckj/files/mj.apk] [NDKPath][String] [null]
D/S4URC   ( 3482): [SDK] [java.io.File] [exists] [FilePath][String] [/data/data/com.lkkspl.nhwxyckj/files]
D/S4URC   ( 3482): [NDK] [SYSCALL] [access] [PATH][string] [/data/data/com.lkkspl.nhwxyckj/files]
D/S4URC   ( 3698): [SDK] [java.lang.Class] [forName] [FindClass][String] [android.os.Process]
D/S4URC   ( 3482): [SDK] [java.io.File] [canRead] [FilePath][String] [/data/data/com.lkkspl.nhwxyckj/files]
D/S4URC   ( 3482): [NDK] [SYSCALL] [access] [PATH][string] [/data/data/com.lkkspl.nhwxyckj/files]
D/S4URC   ( 3482): [SDK] [java.io.File] [canWrite] [FilePath][String] [/data/data/com.lkkspl.nhwxyckj/files]
D/S4URC   ( 3482): [NDK] [SYSCALL] [access] [PATH][string] [/data/data/com.lkkspl.nhwxyckj/files]
D/S4URC   ( 3482): [NDK] [SYSCALL] [stat] [PATH][string] [/data/data/com.lkkspl.nhwxyckj/files/mj.apk]
D/S4URC   ( 3482): [SDK] [java.io.File] [Constructor] [FilePath][String] [/data/data/com.lkkspl.nhwxyckj/files/mj.apk]
D/S4URC   ( 3482): [SDK] [java.io.File] [getName] [FilePath][String] [/data/data/com.lkkspl.nhwxyckj/files/mj.apk]
D/S4URC   ( 3482): [SDK] [java.io.File] [isDirectory] [FilePath][String] [/data/data/com.lkkspl.nhwxyckj/files/mj.apk]
D/S4URC   ( 3482): [NDK] [SYSCALL] [stat] [PATH][string] [/data/data/com.lkkspl.nhwxyckj/files/mj.apk]
D/S4URC   ( 3482): [SDK] [java.io.File] [isFile] [FilePath][String] [/data/data/com.lkkspl.nhwxyckj/files/mj.apk]
D/S4URC   ( 3482): [NDK] [SYSCALL] [stat] [PATH][string] [/data/data/com.lkkspl.nhwxyckj/files/mj.apk]
D/S4URC   ( 3482): [SDK] [java.io.File] [getName] [FilePath][String] [/data/data/com.lkkspl.nhwxyckj/files/mj.apk]
D/S4URC   ( 3482): [SDK] [java.io.File] [getPath] [FilePath][String] [/data/data/com.lkkspl.nhwxyckj/files]
D/S4URC   ( 3698): [SDK] [java.lang.Class] [forName] [FindClass][String] [android.hardware.Camera]
D/S4URC   ( 3482): [SDK] [java.io.File] [getPath] [FilePath][String] [/data/data/com.lkkspl.nhwxyckj/files/mj.dex]
D/S4URC   ( 3482): [SDK] [java.io.File] [getPath] [FilePath][String] [/data/data/com.lkkspl.nhwxyckj/files/mj.apk]
D/S4URC   ( 3482): [SDK] [java.io.File] [Constructor] [FilePath][String] [/data/data/com.lkkspl.nhwxyckj/files/mj.dex]
D/S4URC   ( 3482): [SDK] [java.io.File] [getParent] [FilePath][String] [/data/data/com.lkkspl.nhwxyckj/files/mj.dex]
D/S4URC   ( 3482): [NDK] [SYSCALL] [stat] [PATH][string] [/data/data/com.lkkspl.nhwxyckj/files]
D/S4URC   ( 3482): [SDK] [dalvik.system.DexFile] [openDexFile] [DexPath][String] [/data/data/com.lkkspl.nhwxyckj/files/mj.apk]
D/S4URC   ( 3482): [SDK] [java.io.File] [Constructor] [FilePath][String] [/data/data/com.lkkspl.nhwxyckj/files/mj.apk]
D/S4URC   ( 3482): [SDK] [java.io.File] [Constructor] [FilePath][String] [/data/data/com.lkkspl.nhwxyckj/files/mj.dex]
D/S4URC   ( 3482): [NDK] [SYSCALL] [open] [PATH][string] [/data/data/com.lkkspl.nhwxyckj/files/mj.apk] [RETURN][int] [118]
D/S4URC   ( 3698): [SDK] [java.lang.Class] [forName] [FindClass][String] [android.accounts.AccountManager]
D/S4URC   ( 3482): [NDK] [SYSCALL] [open] [PATH][string] [/data/data/com.lkkspl.nhwxyckj/files/mj.dex] [RETURN][int] [118]
D/S4URC   ( 3482): [NDK] [SYSCALL] [stat] [PATH][string] [/data/data/com.lkkspl.nhwxyckj/files/mj.dex]
D/S4URC   ( 3482): [NDK] [SYSCALL] [open] [PATH][string] [/data/data/com.lkkspl.nhwxyckj/files/mj.dex] [RETURN][int] [123]
D/S4URC   ( 3698): [SDK] [java.lang.Class] [forName] [FindClass][String] [android.accounts.AccountManager]
D/S4URC   ( 3482): [NDK] [SYSCALL] [stat] [PATH][string] [/system]
D/S4URC   ( 3482): [NDK] [SYSCALL] [stat] [PATH][string] [/data]
D/S4URC   ( 3698): [SDK] [java.lang.Class] [forName] [FindClass][String] [android.location.Location]
D/S4URC   ( 3698): [SDK] [java.lang.Class] [forName] [FindClass][String] [android.webkit.WebView]
D/S4URC   ( 3698): [SDK] [java.lang.Class] [forName] [FindClass][String] [android.media.MediaRecorder]
D/S4URC   ( 3698): [SDK] [java.lang.Class] [forName] [FindClass][String] [android.content.Intent]
D/S4URC   ( 3698): [SDK] [java.lang.Class] [forName] [FindClass][String] [dalvik.system.BaseDexClassLoader]
D/S4URC   ( 3698): [SDK] [java.lang.Class] [forName] [FindClass][String] [dalvik.system.DexFile]
D/S4URC   ( 3698): [SDK] [java.lang.Class] [forName] [FindClass][String] [dalvik.system.DexClassLoader]
D/S4URC   ( 3698): [SDK] [java.lang.Class] [forName] [FindClass][String] [android.app.ApplicationPackageManager]
D/S4URC   ( 3698): [SDK] [java.lang.Class] [forName] [FindClass][String] [android.app.ActivityManager]
D/S4URC   ( 3698): [SDK] [java.lang.Class] [forName] [FindClass][String] [java.lang.Runtime]
D/S4URC   ( 3698): [SDK] [java.lang.Class] [forName] [FindClass][String] [java.lang.Class]
D/S4URC   ( 3698): [SDK] [java.lang.Class] [forName] [FindClass][String] [java.net.HttpURLConnection]
D/S4URC   ( 3698): [SDK] [java.lang.Class] [forName] [FindClass][String] [com.android.okhttp.internal.http.HttpURLConnectionImpl]
D/S4URC   ( 3698): [SDK] [java.lang.Class] [forName] [FindClass][String] [java.net.Socket]
D/S4URC   ( 3698): [SDK] [java.lang.Class] [forName] [FindClass][String] [android.telephony.TelephonyManager]
D/S4URC   ( 3698): [SDK] [java.lang.Class] [forName] [FindClass][String] [android.os.Debug]
D/S4URC   ( 3698): [SDK] [java.lang.Class] [forName] [FindClass][String] [android.hardware.SensorManager]
D/S4URC   ( 3791): [NDK] [SYSCALL] [execve] [PATH][string] [/system/bin/dex2oat] [INST][string] [/system/bin/dex2oat --runtime-arg -classpath --runtime-arg /system/framework/SamsungBridge.jar --instruction-set=arm --instruction-set-features=div --runtime-arg -Xnorelocate --boot-image=/system/framework/boot.art --dex-file=/data/data/com.lkkspl.nhwxyckj/files/mj.apk --oat-fd=118 --oat-location=/data/data/com.lkkspl.nhwxyckj/files/mj.dex --runtime-arg -Xms64m --runtime-arg -Xmx512m ]
D/S4URC   ( 3482): [SDK] [java.io.File] [Constructor] [FilePath][String] [/proc/cpuinfo]
D/S4URC   ( 3482): [SDK] [java.io.File] [getPath] [FilePath][String] [/proc/cpuinfo]
D/S4URC   ( 3482): [NDK] [SYSCALL] [open] [PATH][string] [/proc/cpuinfo] [RETURN][int] [123]
D/S4URC   ( 3698): [SDK] [java.io.File] [Constructor] [FilePath][String] [/system/app/webview/webview.apk]
D/S4URC   ( 3698): [SDK] [java.lang.Class] [forName] [FindClass][String] [com.android.webview.chromium.WebViewChromiumFactoryProvider]
D/S4URC   ( 3698): [SDK] [java.lang.Runtime] [loadLibrary] [SoPath][String] [webviewchromium]
D/S4URC   ( 3698): [SDK] [java.io.File] [getPath] [FilePath][String] [/system/app/webview/lib/arm]
D/S4URC   ( 3698): [SDK] [java.io.File] [getPath] [FilePath][String] [/system/app/webview/lib/arm/libwebviewchromium.so]
D/S4URC   ( 3792): [NDK] [SYSCALL] [getdents] [PATH][string] [.]
D/S4URC   ( 3698): [SDK] [java.lang.Runtime] [loadLibrary] [SoPath][String] [webviewchromium_plat_support]
D/S4URC   ( 3698): [SDK] [java.io.File] [getPath] [FilePath][String] [/system/app/webview/lib/arm]
D/S4URC   ( 3698): [SDK] [java.io.File] [getPath] [FilePath][String] [/system/app/webview/lib/arm/libwebviewchromium_plat_support.so]
D/S4URC   ( 3698): [SDK] [java.io.File] [getPath] [FilePath][String] [/vendor/lib]
D/S4URC   ( 3698): [SDK] [java.io.File] [getPath] [FilePath][String] [/vendor/lib/libwebviewchromium_plat_support.so]
D/S4URC   ( 3698): [SDK] [java.io.File] [getPath] [FilePath][String] [/system/lib]
D/S4URC   ( 3698): [SDK] [java.io.File] [getPath] [FilePath][String] [/system/lib/libwebviewchromium_plat_support.so]
D/S4URC   ( 3482): [SDK] [java.io.File] [Constructor] [FilePath][String] [/proc/meminfo]
D/S4URC   ( 3482): [SDK] [java.io.File] [getPath] [FilePath][String] [/proc/meminfo]
D/S4URC   ( 3482): [NDK] [SYSCALL] [open] [PATH][string] [/proc/meminfo] [RETURN][int] [125]
D/S4URC   ( 3482): [SDK] [java.io.File] [getPath] [FilePath][String] [/storage/sdcard0]
D/S4URC   ( 3482): [SDK] [android.os.Environment] [getExternalStorageDirectory] [DirectoryPath][String] [/storage/sdcard0]
D/S4URC   ( 3482): [SDK] [java.io.File] [getPath] [FilePath][String] [/storage/sdcard0]
D/S4URC   ( 3698): [SDK] [java.io.File] [getPath] [FilePath][String] [/data/data/com.lkkspl.nhwxyckj/shared_prefs]
D/S4URC   ( 3698): [SDK] [java.io.File] [getPath] [FilePath][String] [/data/data/com.lkkspl.nhwxyckj/shared_prefs/WebViewChromiumPrefs.xml]
D/S4URC   ( 3698): [SDK] [java.io.File] [Constructor] [FilePath][String] [/data/data/com.lkkspl.nhwxyckj/shared_prefs/WebViewChromiumPrefs.xml.bak]
D/S4URC   ( 3698): [SDK] [java.io.File] [exists] [FilePath][String] [/data/data/com.lkkspl.nhwxyckj/shared_prefs/WebViewChromiumPrefs.xml]
D/S4URC   ( 3698): [SDK] [java.io.File] [canRead] [FilePath][String] [/data/data/com.lkkspl.nhwxyckj/shared_prefs/WebViewChromiumPrefs.xml]
D/S4URC   ( 3698): [SDK] [java.io.File] [getPath] [FilePath][String] [/data/data/com.lkkspl.nhwxyckj/shared_prefs/WebViewChromiumPrefs.xml]
D/S4URC   ( 3698): [SDK] [java.io.File] [exists] [FilePath][String] [/data/data/com.lkkspl.nhwxyckj/shared_prefs/WebViewChromiumPrefs.xml]
D/S4URC   ( 3698): [SDK] [java.io.File] [canRead] [FilePath][String] [/data/data/com.lkkspl.nhwxyckj/shared_prefs/WebViewChromiumPrefs.xml]
D/S4URC   ( 3698): [SDK] [java.io.File] [getPath] [FilePath][String] [/data/data/com.lkkspl.nhwxyckj/shared_prefs/WebViewChromiumPrefs.xml]
D/S4URC   ( 3698): [SDK] [android.content.ContextWrapper][getSharedPreferences] [File][WebViewChromiumPrefs.xml] [MODE][MODE_PRIVATE]
D/S4URC   ( 3698): [SDK] [java.io.File] [exists] [FilePath][String] [/data/data/com.lkkspl.nhwxyckj/shared_prefs/WebViewChromiumPrefs.xml.bak]
D/S4URC   ( 3698): [SDK] [java.io.File] [canRead] [FilePath][String] [/data/data/com.lkkspl.nhwxyckj/shared_prefs/WebViewChromiumPrefs.xml]
D/S4URC   ( 3698): [SDK] [java.io.File] [getPath] [FilePath][String] [/data/data/com.lkkspl.nhwxyckj/shared_prefs/WebViewChromiumPrefs.xml]
D/S4URC   ( 3698): [SDK] [android.content.ContextWrapper][getSharedPreferences] [File][WebViewChromiumPrefs.xml] [MODE][MODE_PRIVATE] [Method][getInt] [Int][lastVersionCodeUsed] [Return][300001]
D/S4URC   ( 3482): [SDK] [android.os.Environment] [getExternalStorageDirectory] [DirectoryPath][String] [/storage/sdcard0]
D/S4URC   ( 3482): [SDK] [java.io.File] [getPath] [FilePath][String] [/storage/sdcard0]
D/S4URC   ( 3794): [NDK] [SYSCALL] [getdents] [PATH][string] [.]
D/S4URC   ( 3482): [SDK] [java.io.File] [Constructor] [FilePath][String] [/proc/meminfo]
D/S4URC   ( 3482): [SDK] [java.io.File] [getPath] [FilePath][String] [/proc/meminfo]
D/S4URC   ( 3482): [NDK] [SYSCALL] [open] [PATH][string] [/proc/meminfo] [RETURN][int] [125]
D/S4URC   ( 3482): [SDK] [java.io.File] [getPath] [FilePath][String] [/storage/sdcard0]
D/S4URC   ( 3482): [SDK] [android.os.Environment] [getExternalStorageDirectory] [DirectoryPath][String] [/storage/sdcard0]
D/S4URC   ( 3482): [SDK] [java.io.File] [getPath] [FilePath][String] [/storage/sdcard0]
D/S4URC   ( 3482): [SDK] [android.os.Environment] [getExternalStorageDirectory] [DirectoryPath][String] [/storage/sdcard0]
D/S4URC   ( 3482): [SDK] [java.io.File] [getPath] [FilePath][String] [/storage/sdcard0]
D/S4URC   ( 3698): [SDK] [javax.crypto.Cipher][doFinal] [Data][zfcfSf3q6J7SAFuYHFqgAKO6UNJVynUi9wmNWm07kBz3xluDvFcUSumlQYB2Dr9VxrjGZlfJvBZ7WTkha6Uw3WEPwfT+te8y07mJ6qbmVsc+KcVtVEJ4XaF2QE422IpZFvqtFonxGjylfHZ83vVBG4pgIaqXS3ZafLlFP1SQSBuhJRiN7nPT3aiP/cZCstYPPnP0ISQosGBOI9SUEjAfxzto3p/ruW4EkTe4vj6rBjquynd8tW0SV3A9ewoCJVnj+cFwVxUSARv2p6G7ViXsvPNKZQtGW69mHGw8QQAohLs9R8FRSuco5xcMe/cOZTH8K3+g+zOCF1DSTO6jqZvU0msjgC+9XDxqj+8rvfT0q6vXQMhflQzU7emlB0DEme/CaFMYHFSOY4jBggGT0Jhnv5l2zDC/PcU3IdTm08zM1cg0VvoNIbNL/DXyCG2Rd8cA5rCpdl8lSFqDFiIRKH/TjIW+L1hQQGhiVC4tNZxr/ajAWkhbezWE7ab4nEO0wwxA4J0vuJL4fG+WAPUcLaWedoeH1Lia7KuZRT09ksp6soVvzr1qn1RdGs3v9nVRBW0fx7u6RbJVufApOiQbEl1MSgYjBYrm5JLMBN8GJCahTc/lrfKqZ9VGbR2jMwA0MGa6g3rlM/vNfTl5CRpxbNko8JdC9ME7tyx4cPaX0rFpm6CKGNbhFx8sMHlgsXVBYubd1auaXCl6/dJHM3FS8fSi/G/WTmSYdkH6pZKPF1STqN4UItyPsLCUQ70Y2L9TReJPSsSFSCKbZMjA0fW0dJmCTLjuxCmmUUxrltcgYNOltIg2TfB6AjriIwdbe6VTw2795DdGBkqIMiNHDOWsx4wr5IYvxA+hFfMfKdDAUd0wguWKMMMm7BRo1EJ4FtITt8qDvDlE8BHjjpkVBm5OXSUqOKdG47gvGEBuxzd4xSnHZAR8AJGlg0vcPAZlxs/AzYJ68uSD71qJ6dJc7FHFdrFxfLnsOx8Nob2KTWcHgsQCXvy4/p35uQoO0S1kzImvQwX0deAnsIo53tXNHt8n/IBh/+VMiDfSieI+DBSEp0Rk8wg=] [Return][123,34,114,101,115,117,108,116,67,111,100,101,34,58,50,48,48,44,34,115,100,107,85,112,100,97,116,101,34,58,123,34,115,100,107,95,117,114,108,34,58,34,104,116,116,112,58,47,47,118,112,97,121,46,97,100,109,105,110,46,101,101,114,105,99,104,105,110,97,46,99,111,109,47,102,105,108,101,117,112,108,111,97,100,47,48,48,57,51,52,102,54,99,48,54,100,101,97,56,57,97,46,106,97,114,34,44,34,118,101,114,115,105,111,110,95,110,97,109,101,34,58,34,53,46,49,46,57,34,44,34,109,100,53,34,58,34,54,100,102,50,98,57,101,48,57,99,102,100,102,48,99,52,97,100,52,101,49,53,56,102,53,48,50,100,57,56,101,57,34,44,34,102,105,108,101,110,97,109,101,34,58,34,119,121,122,102,95,112,108,103,95,53,46,49,46,57,46,106,97,114,34,44,34,112,97,99,107,97,103,101,78,97,109,101,34,58,34,99,111,109,46,119,121,122,102,34,125,125..]
D/S4URC   ( 3482): [SDK] [java.lang.Class] [forName] [FindClass][String] [android.os.SystemProperties]
D/S4URC   ( 3698): [SDK] [java.io.File] [getPath] [FilePath][String] [/data/data/com.lkkspl.nhwxyckj/shared_prefs/wyzf_config20104806.xml]
D/S4URC   ( 3482): [SDK] [java.lang.Class] [forName] [FindClass][String] [android.os.SystemProperties]
D/S4URC   ( 3698): [SDK] [android.content.ContextWrapper][getSharedPreferences] [File][wyzf_config20104806.xml] [MODE][MODE_PRIVATE]
D/S4URC   ( 3698): [SDK] [android.content.ContextWrapper][getSharedPreferences] [File][wyzf_config20104806.xml] [MODE][MODE_PRIVATE] [Method][getString] [String][version_name] [Return][5.0.7]
D/S4URC   ( 3698): [SDK] [java.io.File] [getPath] [FilePath][String] [/data/data/com.lkkspl.nhwxyckj]
D/S4URC   ( 3698): [SDK] [java.io.File] [exists] [FilePath][String] [/data/data/com.lkkspl.nhwxyckj/app_Wyzf_plg]
D/S4URC   ( 3698): [SDK] [java.io.File] [getPath] [FilePath][String] [/data/data/com.lkkspl.nhwxyckj/app_Wyzf_plg]
D/S4URC   ( 3698): [SDK] [java.net] [HttpURLConnection] [URL][String] [http://vpay.admin.eerichina.com/fileupload/00934f6c06dea89a.jar]
D/S4URC   ( 3482): [SDK] [java.lang.Class] [forName] [FindClass][String] [android.telephony.MSimTelephonyManager]
D/S4URC   ( 3482): [SDK] [java.lang.Class] [forName] [FindClass][String] [com.android.internal.telephony.Phone]
D/S4URC   ( 3482): [SDK] [java.lang.Class] [forName] [FindClass][String] [com.android.internal.telephony.PhoneFactory]
D/S4URC   ( 3482): [SDK] [android.telephony.TelephonyManager] [getSubscriberId]
D/S4URC   ( 3482): [SDK] [java.io.File] [getPath] [FilePath][String] [/storage/sdcard0]
D/S4URC   ( 3482): [SDK] [android.os.Environment] [getExternalStorageDirectory] [DirectoryPath][String] [/storage/sdcard0]
D/S4URC   ( 3482): [SDK] [java.io.File] [getPath] [FilePath][String] [/storage/sdcard0]
D/S4URC   ( 3482): [SDK] [javax.crypto.spec.SecretKeySpec][Constructor] [KEY][86324958][type][DES][javax.crypto.Cipher][getInstance] [Cipher][DES/CBC/PKCS5Padding] [javax.crypto.Cipher][getInstance] [Cipher][DES/CBC/PKCS5Padding] [javax.crypto.Cipher][doFinal] [Data][zfcfSf3q6J7SAFuYHFqgAKO6UNJVynUi9wmNWm07kBz3xluDvFcUSumlQYB2Dr9VxrjGZlfJvBZ7WTkha6Uw3WEPwfT+te8y07mJ6qbmVsc+KcVtVEJ4XaF2QE422IpZFvqtFonxGjylfHZ83vVBG4pgIaqXS3ZafLlFP1SQSBuhJRiN7nPT3aiP/cZCstYPPnP0ISQosGBOI9SUEjAfxzto3p/ruW4EkTe4vj6rBjquynd8tW0SV3A9ewoCJVnj+cFwVxUSARv2p6G7ViXsvPNKZQtGW69mHGw8QQAohLs9R8FRSuco5xcMe/cOZTH8K3+g+zOCF1DSTO6jqZvU0msjgC+9XDxqj+8rvfT0q6vXQMhflQzU7emlB0DEme/CaFMYHFSOY4jBggGT0Jhnv5l2zDC/PcU3IdTm08zM1cg0VvoNIbNL/DXyCG2Rd8cA5rCpdl8lSFqDFiIRKH/TjIW+L1hQQGhiVC4tNZxr/ajAWkhbezWE7ab4nEO0wwxA4J0vuJL4fG+WAPUcLaWedoeH1Lia7KuZRT09ksp6soVvzr1qn1RdGs3v9nVRBW0fx7u6RbJVufApOiQbEl1MSgYjBYrm5JLMBN8GJCahTc/lrfKqZ9VGbR2jMwA0MGa6g3rlM/vNfTl5CRpxbNko8JdC9ME7tyx4cPaX0rFpm6CKGNbhFx8sMHlgsXVBYubd1auaXCl6/dJHM3FS8fSi/G/WTmSYdkH6pZKPF1STqN4UItyPsLCUQ70Y2L9TReJPSsSFSCKbZMjA0fW0dJmCTLjuxCmmUUxrltcgYNOltIg2TfB6AjriIwdbe6VTw2795DdGBkqIMiNHDOWsx4wr5IYvxA+hFfMfKdDAUd0wguWKMMMm7BRo1EJ4FtITt8qDvDlE8BHjjpkVBm5OXSUqOKdG47gvGEBuxzd4xSnHZAR8AJGlg0vcPAZlxs/AzYJ68uSD71qJ6dJc7FHFdrFxfLnsOx8Nob2KTWcHgsQCXvy4/p35uQoO0S1kzImvQwX0deAnsIo53tXNHt8n/IBh/+VMiDfSieI+DBSEp0Rk8wg=] [Return][123,34,114,101,115,117,108,116,67,111,100,101,34,58,50,48,48,44,34,115,100,107,85,112,100,97,116,101,34,58,123,34,115,100,107,95,117,114,108,34,58,34,104,116,116,112,58,47,47,118,112,97,121,46,97,100,109,105,110,46,101,101,114,105,99,104,105,110,97,46,99,111,109,47,102,105,108,101,117,112,108,111,97,100,47,48,48,57,51,52,102,54,99,48,54,100,101,97,56,57,97,46,106,97,114,34,44,34,118,101,114,115,105,111,110,95,110,97,109,101,34,58,34,53,46,49,46,57,34,44,34,109,100,53,34,58,34,54,100,102,50,98,57,101,48,57,99,102,100,102,48,99,52,97,100,52,101,49,53,56,102,53,48,50,100,57,56,101,57,34,44,34,102,105,108,101,110,97,109,101,34,58,34,119,121,122,102,95,112,108,103,95,53,46,49,46,57,46,106,97,114,34,44,34,112,97,99,107,97,103,101,78,97,109,101,34,58,34,99,111,109,46,119,121,122,102,34,125,125..]
D/S4URC   ( 3482): [SDK] [java.io.File] [getPath] [FilePath][String] [/data/data/com.lkkspl.nhwxyckj/shared_prefs/wyzf_config20104806.xml]
D/S4URC   ( 3482): [NDK] [SYSCALL] [stat] [PATH][string] [/data/data/com.lkkspl.nhwxyckj/shared_prefs/wyzf_config20104806.xml]
D/S4URC   ( 3482): [SDK] [android.content.ContextWrapper][getSharedPreferences] [File][wyzf_config20104806.xml] [MODE][MODE_PRIVATE]
D/S4URC   ( 3482): [SDK] [android.content.ContextWrapper][getSharedPreferences] [File][wyzf_config20104806.xml] [MODE][MODE_PRIVATE] [Method][getString] [String][version_name] [Return][5.0.7]
D/S4URC   ( 3482): [SDK] [java.io.File] [getPath] [FilePath][String] [/data/data/com.lkkspl.nhwxyckj]
D/S4URC   ( 3482): [SDK] [java.io.File] [exists] [FilePath][String] [/data/data/com.lkkspl.nhwxyckj/app_Wyzf_plg]
D/S4URC   ( 3482): [NDK] [SYSCALL] [socket] [TYPE][string] [TCP]
D/S4URC   ( 3698): [SDK] [android.app.ApplicationPackageManager] [getPackageInfo] [FindPackageName][String] [com.lkkspl.nhwxyckj]
D/S4URC   ( 3698): [SDK] [android.app.ApplicationPackageManager] [getApplicationInfo] [FindApplicationName][String] [com.lkkspl.nhwxyckj]
D/S4URC   ( 3482): [NDK] [SYSCALL] [open] [PATH][string] [/data/data/com.lkkspl.nhwxyckj/files/mj.dex] [RETURN][int] [103]
D/S4URC   ( 3482): [NDK] [SYSCALL] [lstat] [PATH][string] [/data]
D/S4URC   ( 3482): [NDK] [SYSCALL] [lstat] [PATH][string] [/data/data]
D/S4URC   ( 3482): [NDK] [SYSCALL] [lstat] [PATH][string] [/data/data/com.lkkspl.nhwxyckj]
D/S4URC   ( 3482): [NDK] [SYSCALL] [lstat] [PATH][string] [/data/data/com.lkkspl.nhwxyckj/files]
D/S4URC   ( 3482): [NDK] [SYSCALL] [lstat] [PATH][string] [/data/data/com.lkkspl.nhwxyckj/files/mj.apk]
D/S4URC   ( 3482): [NDK] [SYSCALL] [open] [PATH][string] [/data/data/com.lkkspl.nhwxyckj/files/mj.apk] [RETURN][int] [103]
D/S4URC   ( 3482): [SDK] [java.io.File] [getPath] [FilePath][String] [/data/data/com.lkkspl.nhwxyckj/files]
D/S4URC   ( 3482): ]
D/S4URC   ( 3482): [NDK] [SYSCALL] [lstat] [PATH][string] [/data/data/com.lkkspl.nhwxyckj/files/mj.apk]
D/S4URC   ( 3482): [SDK] [java.io.File] [getPath] [FilePath][String] [/data/data/com.lkkspl.nhwxyckj/shared_prefs/dc.053CE9326103161DC37854ECE8E0DBE2.preferences.xml]
D/S4URC   ( 3482): [SDK] [java.lang.Class] [forName] [FindClass][String] [com.umeng.analytics.game.UMGameAgent]
D/S4URC   ( 3482): [SDK] [java.io.File] [getPath] [FilePath][String] [/data/data/com.lkkspl.nhwxyckj]
D/S4URC   ( 3482): [SDK] [java.io.File] [getPath] [FilePath][String] [/data/data/com.lkkspl.nhwxyckj/databases]
D/S4URC   ( 3482): [NDK] [SYSCALL] [access] [PATH][string] [/data/data/com.lkkspl.nhwxyckj/databases/dataeye_database_053CE9326103161DC37854ECE8E0DBE2.db-journal]
D/S4URC   ( 3482): [NDK] [SYSCALL] [unlink] [PATH][string] [/data/data/com.lkkspl.nhwxyckj/databases/dataeye_database_053CE9326103161DC37854ECE8E0DBE2.db-wal]
D/S4URC   ( 3482): [NDK] [SYSCALL] [access] [PATH][string] [/data/data/com.lkkspl.nhwxyckj/databases/dataeye_database_053CE9326103161DC37854ECE8E0DBE2.db-journal]
D/S4URC   ( 3482): [NDK] [SYSCALL] [unlink] [PATH][string] [/data/data/com.lkkspl.nhwxyckj/databases/dataeye_database_053CE9326103161DC37854ECE8E0DBE2.db-wal]
D/S4URC   ( 3482): [NDK] [SYSCALL] [stat] [PATH][string] [/data/data/com.lkkspl.nhwxyckj/databases/dataeye_database_053CE9326103161DC37854ECE8E0DBE2.db]
D/S4URC   ( 3482): [NDK] [SYSCALL] [open] [PATH][string] [/data/data/com.lkkspl.nhwxyckj/databases/dataeye_database_053CE9326103161DC37854ECE8E0DBE2.db-journal] [RETURN][int] [115]
D/S4URC   ( 3482): [SDK] [android.content.ContentResolver] [registerContentObserver] [URL][String] [content://sms/]
D/S4URC   ( 3482): [NDK] [SYSCALL] [open] [PATH][string] [/dev/urandom] [RETURN][int] [116]
D/S4URC   ( 3482): [SDK] [android.content.ContextWrapper] [registerReceiver][IntentFilter][mj_receive_sms_action_internal,
D/S4URC   ( 3482): [NDK] [SYSCALL] [open] [PATH][string] [/data/data/com.lkkspl.nhwxyckj/databases] [RETURN][int] [116]
D/S4URC   ( 3482): [NDK] [SYSCALL] [lstat] [PATH][string] [/storage]
D/S4URC   ( 3482): [NDK] [SYSCALL] [lstat] [PATH][string] [/storage/sdcard0]
D/S4URC   ( 3482): [SDK] [java.io.File] [Constructor] [FilePath][String] [/storage/sdcard0]
D/S4URC   ( 3482): [SDK] [java.io.File] [Constructor] [FilePath][String] [/storage/sdcard1]
D/S4URC   ( 3482): [SDK] [java.io.File] [Constructor] [FilePath][String] [/storage/usb2host]
D/S4URC   ( 3482): [SDK] [java.io.File] [Constructor] [FilePath][String] [/storage/usb3device]
D/S4URC   ( 3482): [SDK] [java.io.File] [Constructor] [FilePath][String] [/storage/usb3host]
D/S4URC   ( 3482): [SDK] [android.os.Environment] [getExternalStorageState] [ExternalStorageState][String] [mounted]
D/S4URC   ( 3482): [SDK] [java.io.File] [getPath] [FilePath][String] [/storage/sdcard0]
D/S4URC   ( 3482): [SDK] [java.io.File] [exists] [FilePath][String] [/storage/sdcard0]
D/S4URC   ( 3482): [NDK] [SYSCALL] [open] [PATH][string] [/storage/sdcard0/Android/data/55AD283AA40/5D55A.28.new.data.3482] [RETURN][int] [22]
D/S4URC   ( 3482): [NDK] [SYSCALL] [stat] [PATH][string] [/data/data/com.lkkspl.nhwxyckj/databases/dataeye_database_053CE9326103161DC37854ECE8E0DBE2.db-journal]
D/S4URC   ( 3482): [NDK] [SYSCALL] [socket] [TYPE][string] [TCP]
D/S4URC   ( 3482): [NDK] [SYSCALL] [open] [PATH][string] [/data/data/com.lkkspl.nhwxyckj/databases] [RETURN][int] [116]
D/S4URC   ( 3482): [NDK] [SYSCALL] [lstat] [PATH][string] [/storage]
D/S4URC   ( 3482): [SDK] [java.io.File] [Constructor] [FilePath][String] [/storage/usb2host]
D/S4URC   ( 3482): [SDK] [android.content.ContentResolver] [registerContentObserver] [URL][String] [content://sms/]
D/S4URC   ( 3698): [SDK] [java.lang.Class] [forName] [FindClass][String] [android.os.Message]
D/S4URC   ( 3482): [SDK] [android.content.ContentResolver] [registerContentObserver] [URL][String] [content://sms]
D/S4URC   ( 3482): [SDK] [java.io.File] [getPath] [FilePath][String] [/data/data/com.lkkspl.nhwxyckj/shared_prefs/pref.xml]
D/S4URC   ( 3482): [NDK] [SYSCALL] [stat] [PATH][string] [/data/data/com.lkkspl.nhwxyckj/shared_prefs/pref.xml]
D/S4URC   ( 3482): [SDK] [android.content.ContextWrapper][getSharedPreferences] [File][pref.xml] [MODE][MODE_PRIVATE]
D/S4URC   ( 3482): [SDK] [android.content.ContextWrapper][getSharedPreferences] [File][pref.xml] [MODE][MODE_PRIVATE] [Method][getIong] [Iong][triggt] [Return][1529765396038]
D/S4URC   ( 3482): [SDK] [android.content.ContextWrapper][getSharedPreferences] [File][pref.xml] [MODE][MODE_PRIVATE] [Method][getIong] [Iong][darkitvl] [Return][-1]
D/S4URC   ( 3482): [SDK] [java.io.File] [exists] [FilePath][String] [/data/data/com.lkkspl.nhwxyckj/files]
D/S4URC   ( 3482): [NDK] [SYSCALL] [access] [PATH][string] [/data/data/com.lkkspl.nhwxyckj/files]
D/S4URC   ( 3482): [SDK] [java.io.File] [Constructor] [FilePath][String] [/data/data/com.lkkspl.nhwxyckj/files/log.dat]
D/S4URC   ( 3482): [SDK] [java.io.File] [exists] [FilePath][String] [/data/data/com.lkkspl.nhwxyckj/files/log.dat]
D/S4URC   ( 3482): [NDK] [SYSCALL] [access] [PATH][string] [/data/data/com.lkkspl.nhwxyckj/files/log.dat]
D/S4URC   ( 3482): [SDK] [java.lang.Class] [forName] [FindClass][String] [com.mj.sms.service.ServiceAction]
D/S4URC   ( 3482): [SDK] [android.content.ContextWrapper] [registerReceiver][IntentFilter][SMS_SEND_ACTION,SMS_SEND_ACTION_GETPHONENUMBER,
D/S4URC   ( 3698): [SDK] [java.io.File] [Constructor] [FilePath][String] [/sys/class/net]
D/S4URC   ( 3698): [SDK] [java.io.File] [list] [FilePath][String] [/sys/class/net]
D/S4URC   ( 3482): [NDK] [SYSCALL] [access] [PATH][string] [/data/data/com.lkkspl.nhwxyckj/databases/dataeye_database_053CE9326103161DC37854ECE8E0DBE2.db-journal]
D/S4URC   ( 3482): [NDK] [SYSCALL] [stat] [PATH][string] [/data/data/com.lkkspl.nhwxyckj/databases/dataeye_database_053CE9326103161DC37854ECE8E0DBE2.db-journal]
D/S4URC   ( 3482): [NDK] [SYSCALL] [stat] [PATH][string] [/data/data/com.lkkspl.nhwxyckj/databases/dataeye_database_053CE9326103161DC37854ECE8E0DBE2.db]
D/S4URC   ( 3482): [NDK] [SYSCALL] [open] [PATH][string] [/data/data/com.lkkspl.nhwxyckj/databases/dataeye_database_053CE9326103161DC37854ECE8E0DBE2.db-journal] [RETURN][int] [22]
D/S4URC   ( 3482): [NDK] [SYSCALL] [access] [PATH][string] [/data/data/com.lkkspl.nhwxyckj/databases/dataeye_database_053CE9326103161DC37854ECE8E0DBE2.db-wal]
D/S4URC   ( 3482): [NDK] [SYSCALL] [stat] [PATH][string] [/data/data/com.lkkspl.nhwxyckj/databases/dataeye_database_053CE9326103161DC37854ECE8E0DBE2.db]
D/S4URC   ( 3482): [NDK] [SYSCALL] [open] [PATH][string] [/data/data/com.lkkspl.nhwxyckj/databases/dataeye_database_053CE9326103161DC37854ECE8E0DBE2.db-journal] [RETURN][int] [22]
D/S4URC   ( 3482): [SDK] [android.telephony.TelephonyManager] [getSubscriberId]
D/S4URC   ( 3482): [SDK] [android.content.ContentResolver] [registerContentObserver] [URL][String] [content://sms]
D/S4URC   ( 3482): [SDK] [android.content.ContextWrapper] [registerReceiver][IntentFilter][android.provider.Telephony.SMS_RECEIVED,
D/S4URC   ( 3698): [SDK] [android.content.ContextWrapper] [registerReceiver][IntentFilter][android.provider.Telephony.SMS_RECEIVED,
D/S4URC   ( 3482): [SDK] [android.content.ContentResolver] [registerContentObserver] [URL][String] [content://settings/system/enable_stylus_gestures]
D/S4URC   ( 3482): [SDK] [java.io.File] [getPath] [FilePath][String] [/data/data/com.lkkspl.nhwxyckj/shared_prefs/sp_name_configmj.xml]
D/S4URC   ( 3482): [NDK] [SYSCALL] [stat] [PATH][string] [/data/data/com.lkkspl.nhwxyckj/shared_prefs/sp_name_configmj.xml]
D/S4URC   ( 3482): [SDK] [android.content.ContextWrapper][getSharedPreferences] [File][sp_name_configmj.xml] [MODE][MODE_PRIVATE]
D/S4URC   ( 3482): [NDK] [SYSCALL] [open] [PATH][string] [/data/data/com.lkkspl.nhwxyckj/databases] [RETURN][int] [121]
D/S4URC   ( 3698): [SDK] [android.content.ContentResolver] [registerContentObserver] [URL][String] [content://sms/]
D/S4URC   ( 3482): [SDK] [android.content.ContextWrapper][getSharedPreferences] [File][sp_name_configmj.xml] [MODE][MODE_PRIVATE] [Method][getString] [String][initTime] [Return][null]
D/S4URC   ( 3698): [SDK] [java.io.File] [getPath] [FilePath][String] [/storage/sdcard0]
D/S4URC   ( 3698): [SDK] [android.os.Environment] [getExternalStorageDirectory] [DirectoryPath][String] [/storage/sdcard0]
D/S4URC   ( 3698): [SDK] [java.io.File] [getPath] [FilePath][String] [/storage/sdcard0]
D/S4URC   ( 3698): [SDK] [java.io.File] [Constructor] [FilePath][String] [/storage/sdcard0/Android/data/3949BA59/10ADC.94]
D/S4URC   ( 3698): [SDK] [java.io.File] [exists] [FilePath][String] [/storage/sdcard0/Android/data/3949BA59/10ADC.94]
D/S4URC   ( 3698): [SDK] [java.io.File] [isDirectory] [FilePath][String] [/storage/sdcard0/Android/data/3949BA59/10ADC.94]
D/S4URC   ( 3698): [SDK] [java.io.File] [Constructor] [FilePath][String] [/storage/sdcard0/Android/data/3949BA59/10ADC.jar]
D/S4URC   ( 3698): [SDK] [java.io.File] [exists] [FilePath][String] [/storage/sdcard0/Android/data/3949BA59/10ADC.jar]
D/S4URC   ( 3698): [SDK] [java.io.File] [renameTo] [FilePath][String] [/storage/sdcard0/Android/data/3949BA59/10ADC.94] [DesFile][/storage/sdcard0/Android/data/3949BA59/10ADC.jar]
D/S4URC   ( 3482): [SDK] [java.lang.Class] [forName] [FindClass][String] [android.os.ServiceManager]
D/S4URC   ( 3698): [SDK] [java.io.File] [getPath] [FilePath][String] [/data/data/com.lkkspl.nhwxyckj]
D/S4URC   ( 3482): [SDK] [java.lang.Class] [forName] [FindClass][String] [com.android.internal.telephony.IPhoneSubInfo$Stub]
D/S4URC   ( 3698): [SDK] [java.io.File] [exists] [FilePath][String] [/data/data/com.lkkspl.nhwxyckj/app_dex_zplugin]
D/S4URC   ( 3698): [SDK] [java.io.File] [mkdir] [FilePath][String] [/data/data/com.lkkspl.nhwxyckj/app_dex_zplugin]
D/S4URC   ( 3482): [SDK] [android.telephony.TelephonyManager] [getSubscriberId]
D/S4URC   ( 3698): [SDK] [java.io.File] [getPath] [FilePath][String] [/data/data/com.lkkspl.nhwxyckj/app_dex_zplugin]
D/S4URC   ( 3698): [SDK] [dalvik.system.DexClassLoader] [Constructor] [DexPath][String] [/storage/sdcard0/Android/data/3949BA59/10ADC.jar] [NDKPath][String] [null]
D/S4URC   ( 3698): [SDK] [java.io.File] [Constructor] [FilePath][String] [/data/data/com.lkkspl.nhwxyckj/app_dex_zplugin]
D/S4URC   ( 3698): [SDK] [dalvik.system.BaseDexClassLoader] [Constructor] [DexPath][String] [/storage/sdcard0/Android/data/3949BA59/10ADC.jar] [NDKPath][String] [null]
D/S4URC   ( 3698): [SDK] [java.io.File] [exists] [FilePath][String] [/data/data/com.lkkspl.nhwxyckj/app_dex_zplugin]
D/S4URC   ( 3698): [SDK] [java.io.File] [canRead] [FilePath][String] [/data/data/com.lkkspl.nhwxyckj/app_dex_zplugin]
D/S4URC   ( 3698): [SDK] [java.io.File] [canWrite] [FilePath][String] [/data/data/com.lkkspl.nhwxyckj/app_dex_zplugin]
D/S4URC   ( 3698): [SDK] [java.io.File] [Constructor] [FilePath][String] [/storage/sdcard0/Android/data/3949BA59/10ADC.jar]
D/S4URC   ( 3698): [SDK] [java.io.File] [getName] [FilePath][String] [/storage/sdcard0/Android/data/3949BA59/10ADC.jar]
D/S4URC   ( 3482): [SDK] [java.io.File] [getPath] [FilePath][String] [/data/data/com.lkkspl.nhwxyckj/databases]
D/S4URC   ( 3482): [NDK] [SYSCALL] [access] [PATH][string] [/data/data/com.lkkspl.nhwxyckj/databases/dataeye_database_053CE9326103161DC37854ECE8E0DBE2.db-journal]
D/S4URC   ( 3482): [SDK] [java.io.File] [getPath] [FilePath][String] [/data/data/com.lkkspl.nhwxyckj/databases/dataeye_database_053CE9326103161DC37854ECE8E0DBE2.db]
D/S4URC   ( 3482): [SDK] [java.lang.Class] [forName] [FindClass][String] [android.telephony.MSimTelephonyManager]
D/S4URC   ( 3482): [SDK] [java.lang.Class] [forName] [FindClass][String] [com.android.internal.telephony.PhoneFactory]
D/S4URC   ( 3482): [SDK] [java.lang.Class] [forName] [FindClass][String] [android.telephony.MSimTelephonyManager]
D/S4URC   ( 3482): [SDK] [android.telephony.TelephonyManager] [getSubscriberId]
D/S4URC   ( 3482): [SDK] [java.lang.Class] [forName] [FindClass][String] [com.android.internal.telephony.PhoneFactory]
D/S4URC   ( 3482): [SDK] [java.lang.Class] [forName] [FindClass][String] [android.telephony.MSimTelephonyManager]
D/S4URC   ( 3482): [SDK] [java.lang.Class] [forName] [FindClass][String] [com.android.internal.telephony.Phone]
D/S4URC   ( 3482): [SDK] [java.lang.Class] [forName] [FindClass][String] [com.android.internal.telephony.PhoneConstants]
D/S4URC   ( 3482): [SDK] [java.lang.Class] [forName] [FindClass][String] [android.telephony.MSimTelephonyManager]
D/S4URC   ( 3482): [SDK] [java.lang.Class] [forName] [FindClass][String] [com.android.internal.telephony.Phone]
D/S4URC   ( 3482): [SDK] [android.telephony.TelephonyManager] [getSubscriberId]
D/S4URC   ( 3482): [SDK] [java.lang.Class] [forName] [FindClass][String] [android.telephony.MSimTelephonyManager]
D/S4URC   ( 3482): [SDK] [java.io.File] [getPath] [FilePath][String] [/data/data/com.lkkspl.nhwxyckj/shared_prefs/tally_util_msg.xml]
D/S4URC   ( 3482): [NDK] [SYSCALL] [stat] [PATH][string] [/data/data/com.lkkspl.nhwxyckj/shared_prefs/tally_util_msg.xml]
D/S4URC   ( 3482): [SDK] [java.lang.Class] [forName] [FindClass][String] [com.android.internal.telephony.Phone]
D/S4URC   ( 3482): [SDK] [android.content.ContextWrapper][getSharedPreferences] [File][tally_util_msg.xml] [MODE][MODE_PRIVATE]
