D/S4URC   ( 2606): [SDK] [java.lang.Class] [forName] [FindClass][String] [java.net.HttpURLConnection]
D/S4URC   ( 2606): [SDK] [java.lang.Class] [forName] [FindClass][String] [com.android.okhttp.internal.http.HttpURLConnectionImpl]
D/S4URC   ( 2606): [SDK] [java.lang.Class] [forName] [FindClass][String] [java.net.Socket]
D/S4URC   ( 2606): [SDK] [java.lang.Class] [forName] [FindClass][String] [android.telephony.TelephonyManager]
D/S4URC   ( 2606): [SDK] [java.lang.Class] [forName] [FindClass][String] [android.os.Debug]
D/S4URC   ( 2606): [SDK] [java.lang.Class] [forName] [FindClass][String] [android.hardware.SensorManager]
D/S4URC   ( 2606): [SDK] [java.lang.Class] [forName] [FindClass][String] [android.content.res.ResourcesKey]
D/S4URC   ( 2606): [SDK] [java.lang.Class] [forName] [FindClass][String] [android.app.ResourcesManager]
D/S4URC   ( 2606): [SDK] [java.io.File] [Constructor] [FilePath][String] [/data/app/com.xiaoyu.xiao-1/base.apk]
D/S4URC   ( 2606): [SDK] [java.io.File] [getPath] [FilePath][String] [/data/data/com.xiaoyu.xiao]
D/S4URC   ( 2606): [SDK] [java.io.File] [exists] [FilePath][String] [/data/data/com.xiaoyu.xiao/cache]
D/S4URC   ( 2606): [SDK] [java.io.File] [mkdirs] [FilePath][String] [/data/data/com.xiaoyu.xiao/cache]
D/S4URC   ( 2606): [SDK] [java.io.File] [getPath] [FilePath][String] [/data/data/com.xiaoyu.xiao/cache]
D/S4URC   ( 2606): [SDK] [java.io.File] [Constructor] [FilePath][String] [/storage/sdcard0]
D/S4URC   ( 2606): [SDK] [java.io.File] [Constructor] [FilePath][String] [/storage/sdcard1]
D/S4URC   ( 2606): [SDK] [java.io.File] [Constructor] [FilePath][String] [/storage/usb2host]
D/S4URC   ( 2606): [SDK] [java.io.File] [Constructor] [FilePath][String] [/storage/usb3device]
D/S4URC   ( 2606): [SDK] [java.io.File] [Constructor] [FilePath][String] [/storage/usb3host]
D/S4URC   ( 2606): [SDK] [android.os.Environment] [getExternalStorageState] [ExternalStorageState][String] [mounted]
D/S4URC   ( 2606): [SDK] [java.io.File] [getPath] [FilePath][String] [/storage/sdcard0]
D/S4URC   ( 2606): [SDK] [android.os.Environment] [getExternalStorageDirectory] [DirectoryPath][String] [/storage/sdcard0]
D/S4URC   ( 2606): [SDK] [android.app.ApplicationPackageManager] [getPackageInfo] [FindPackageName][String] [com.aide.ui]
D/S4URC   ( 2606): [SDK] [android.app.Activity][onCrate] [Class][ComponentInfo{com.xiaoyu.xiao/com.xiaoyu.xiao.MainActivity}]
D/S4URC   ( 2606): [SDK] [java.io.File] [Constructor] [FilePath][String] [/storage/sdcard0/xiaoyu.l]
D/S4URC   ( 2606): [SDK] [java.io.File] [getPath] [FilePath][String] [/storage/sdcard0/xiaoyu.l]
D/S4URC   ( 2606): [SDK] [android.content.ContentResolver] [registerContentObserver] [URL][String] [content://settings/system/enable_stylus_gestures]
D/S4URC   ( 2606): [SDK] [java.lang.Runtime] [exec] [Command][String] [su]
D/S4URC   ( 2672): [NDK] [SYSCALL] [getdents] [PATH][string] [.]
D/S4URC   ( 2606): [SDK] [java.io.File] [Constructor] [FilePath][String] [/storage/sdcard0/xiaoyu.l]
D/S4URC   ( 2606): [SDK] [java.io.File] [exists] [FilePath][String] [/storage/sdcard0/xiaoyu.l]
D/S4URC   ( 2606): [NDK] [SYSCALL] [access] [PATH][string] [/storage/sdcard0/xiaoyu.l]
D/S4URC   ( 2606): [SDK] [java.io.File] [isFile] [FilePath][String] [/storage/sdcard0/xiaoyu.l]
D/S4URC   ( 2606): [NDK] [SYSCALL] [stat] [PATH][string] [/storage/sdcard0/xiaoyu.l]
D/S4URC   ( 2606): [SDK] [java.io.File] [delete] [FilePath][String] [/storage/sdcard0/xiaoyu.l]
D/S4URC   ( 2606): [NDK] [SYSCALL] [lstat] [PATH][string] [/storage/sdcard0/xiaoyu.l]
D/S4URC   ( 2606): [NDK] [SYSCALL] [unlink] [PATH][string] [/storage/sdcard0/xiaoyu.l]
D/S4URC   ( 2606): [SDK] [java.lang.Runtime] [exec] [Command][String] [su]
D/S4URC   ( 2676): [NDK] [SYSCALL] [getdents] [PATH][string] [.]
D/S4URC   ( 2606): [SDK] [java.io.File] [Constructor] [FilePath][String] [/storage/sdcard0/xiaoyu.l]
D/S4URC   ( 2606): [SDK] [java.io.File] [exists] [FilePath][String] [/storage/sdcard0/xiaoyu.l]
D/S4URC   ( 2606): [NDK] [SYSCALL] [access] [PATH][string] [/storage/sdcard0/xiaoyu.l]
D/S4URC   ( 2606): [SDK] [java.lang.Runtime] [exec] [Command][String] [su]
D/S4URC   ( 2680): [NDK] [SYSCALL] [getdents] [PATH][string] [.]
D/S4URC   ( 2606): [SDK] [java.io.File] [Constructor] [FilePath][String] [/storage/sdcard0/xiaoyu.l]
D/S4URC   ( 2606): [SDK] [java.io.File] [exists] [FilePath][String] [/storage/sdcard0/xiaoyu.l]
D/S4URC   ( 2606): [NDK] [SYSCALL] [access] [PATH][string] [/storage/sdcard0/xiaoyu.l]
D/S4URC   ( 2606): [SDK] [java.lang.Runtime] [exec] [Command][String] [su]
D/S4URC   ( 2685): [NDK] [SYSCALL] [getdents] [PATH][string] [.]
D/S4URC   ( 2606): [SDK] [java.io.File] [Constructor] [FilePath][String] [/storage/sdcard0/xiaoyu.l]
D/S4URC   ( 2606): [SDK] [java.io.File] [exists] [FilePath][String] [/storage/sdcard0/xiaoyu.l]
D/S4URC   ( 2606): [NDK] [SYSCALL] [access] [PATH][string] [/storage/sdcard0/xiaoyu.l]
D/S4URC   ( 2606): [SDK] [java.lang.Runtime] [exec] [Command][String] [su]
D/S4URC   ( 2688): [NDK] [SYSCALL] [getdents] [PATH][string] [.]
D/S4URC   ( 2606): [SDK] [java.io.File] [Constructor] [FilePath][String] [/storage/sdcard0/xiaoyu.l]
D/S4URC   ( 2606): [SDK] [java.io.File] [exists] [FilePath][String] [/storage/sdcard0/xiaoyu.l]
D/S4URC   ( 2606): [NDK] [SYSCALL] [access] [PATH][string] [/storage/sdcard0/xiaoyu.l]
D/S4URC   ( 2606): [NDK] [SYSCALL] [unlink] [PATH][string] [/data/data/com.xiaoyu.xiao/cache/com.android.opengl.shaders_cache]
D/S4URC   ( 2606): [SDK] [java.lang.Runtime] [exec] [Command][String] [su]
D/S4URC   ( 2691): [NDK] [SYSCALL] [getdents] [PATH][string] [.]
D/S4URC   ( 2606): [SDK] [java.io.File] [Constructor] [FilePath][String] [/storage/sdcard0/xiaoyu.l]
D/S4URC   ( 2606): [SDK] [java.io.File] [exists] [FilePath][String] [/storage/sdcard0/xiaoyu.l]
D/S4URC   ( 2606): [NDK] [SYSCALL] [access] [PATH][string] [/storage/sdcard0/xiaoyu.l]
D/S4URC   ( 2606): [SDK] [java.lang.Runtime] [exec] [Command][String] [su]
D/S4URC   ( 2695): [NDK] [SYSCALL] [getdents] [PATH][string] [.]
D/S4URC   ( 2606): [SDK] [java.io.File] [Constructor] [FilePath][String] [/storage/sdcard0/xiaoyu.l]
D/S4URC   ( 2606): [SDK] [java.io.File] [exists] [FilePath][String] [/storage/sdcard0/xiaoyu.l]
D/S4URC   ( 2606): [NDK] [SYSCALL] [access] [PATH][string] [/storage/sdcard0/xiaoyu.l]
D/S4URC   ( 2606): [SDK] [java.lang.Runtime] [exec] [Command][String] [su]
D/S4URC   ( 2698): [NDK] [SYSCALL] [getdents] [PATH][string] [.]
D/S4URC   ( 2606): [SDK] [java.io.File] [Constructor] [FilePath][String] [/storage/sdcard0/xiaoyu.l]
D/S4URC   ( 2606): [SDK] [java.io.File] [exists] [FilePath][String] [/storage/sdcard0/xiaoyu.l]
D/S4URC   ( 2606): [NDK] [SYSCALL] [access] [PATH][string] [/storage/sdcard0/xiaoyu.l]
D/S4URC   ( 2606): [SDK] [java.lang.Runtime] [exec] [Command][String] [su]
D/S4URC   ( 2701): [NDK] [SYSCALL] [getdents] [PATH][string] [.]
D/S4URC   ( 2606): [SDK] [java.io.File] [Constructor] [FilePath][String] [/storage/sdcard0/xiaoyu.l]
D/S4URC   ( 2606): [SDK] [java.io.File] [exists] [FilePath][String] [/storage/sdcard0/xiaoyu.l]
D/S4URC   ( 2606): [NDK] [SYSCALL] [access] [PATH][string] [/storage/sdcard0/xiaoyu.l]
D/S4URC   ( 2606): [SDK] [java.lang.Runtime] [exec] [Command][String] [su]
D/S4URC   ( 2704): [NDK] [SYSCALL] [getdents] [PATH][string] [.]
D/S4URC   ( 2606): [SDK] [java.io.File] [Constructor] [FilePath][String] [/storage/sdcard0/xiaoyu.l]
D/S4URC   ( 2606): [SDK] [java.io.File] [exists] [FilePath][String] [/storage/sdcard0/xiaoyu.l]
D/S4URC   ( 2606): [NDK] [SYSCALL] [access] [PATH][string] [/storage/sdcard0/xiaoyu.l]
D/S4URC   ( 2606): [SDK] [java.lang.Runtime] [exec] [Command][String] [su]
D/S4URC   ( 2706): [NDK] [SYSCALL] [getdents] [PATH][string] [.]
D/S4URC   ( 2606): [SDK] [java.io.File] [Constructor] [FilePath][String] [/storage/sdcard0/xiaoyu.l]
D/S4URC   ( 2606): [SDK] [java.io.File] [exists] [FilePath][String] [/storage/sdcard0/xiaoyu.l]
D/S4URC   ( 2606): [NDK] [SYSCALL] [access] [PATH][string] [/storage/sdcard0/xiaoyu.l]
D/S4URC   ( 2606): [SDK] [java.lang.Runtime] [exec] [Command][String] [su]
D/S4URC   ( 2710): [NDK] [SYSCALL] [getdents] [PATH][string] [.]
D/S4URC   ( 2606): [SDK] [java.io.File] [Constructor] [FilePath][String] [/storage/sdcard0/xiaoyu.l]
D/S4URC   ( 2606): [SDK] [java.io.File] [exists] [FilePath][String] [/storage/sdcard0/xiaoyu.l]
D/S4URC   ( 2606): [NDK] [SYSCALL] [access] [PATH][string] [/storage/sdcard0/xiaoyu.l]
D/S4URC   ( 2606): [SDK] [java.lang.Runtime] [exec] [Command][String] [su]
D/S4URC   ( 2713): [NDK] [SYSCALL] [getdents] [PATH][string] [.]
D/S4URC   ( 2606): [SDK] [java.io.File] [Constructor] [FilePath][String] [/storage/sdcard0/xiaoyu.l]
D/S4URC   ( 2606): [SDK] [java.io.File] [exists] [FilePath][String] [/storage/sdcard0/xiaoyu.l]
D/S4URC   ( 2606): [NDK] [SYSCALL] [access] [PATH][string] [/storage/sdcard0/xiaoyu.l]
D/S4URC   ( 2606): [SDK] [java.lang.Runtime] [exec] [Command][String] [su]
D/S4URC   ( 2717): [NDK] [SYSCALL] [getdents] [PATH][string] [.]
D/S4URC   ( 2606): [SDK] [java.io.File] [Constructor] [FilePath][String] [/storage/sdcard0/xiaoyu.l]
D/S4URC   ( 2606): [SDK] [java.io.File] [exists] [FilePath][String] [/storage/sdcard0/xiaoyu.l]
D/S4URC   ( 2606): [NDK] [SYSCALL] [access] [PATH][string] [/storage/sdcard0/xiaoyu.l]
D/S4URC   ( 2606): [SDK] [java.lang.Runtime] [exec] [Command][String] [su]
D/S4URC   ( 2720): [NDK] [SYSCALL] [getdents] [PATH][string] [.]
D/S4URC   ( 2606): [SDK] [java.io.File] [Constructor] [FilePath][String] [/storage/sdcard0/xiaoyu.l]
D/S4URC   ( 2606): [SDK] [java.io.File] [exists] [FilePath][String] [/storage/sdcard0/xiaoyu.l]
D/S4URC   ( 2606): [NDK] [SYSCALL] [access] [PATH][string] [/storage/sdcard0/xiaoyu.l]
D/S4URC   ( 2606): [SDK] [java.lang.Runtime] [exec] [Command][String] [su]
D/S4URC   ( 2723): [NDK] [SYSCALL] [getdents] [PATH][string] [.]
D/S4URC   ( 2606): [SDK] [java.io.File] [Constructor] [FilePath][String] [/storage/sdcard0/xiaoyu.l]
D/S4URC   ( 2606): [SDK] [java.io.File] [exists] [FilePath][String] [/storage/sdcard0/xiaoyu.l]
D/S4URC   ( 2606): [NDK] [SYSCALL] [access] [PATH][string] [/storage/sdcard0/xiaoyu.l]
D/S4URC   ( 2606): [SDK] [java.lang.Runtime] [exec] [Command][String] [su]
D/S4URC   ( 2725): [NDK] [SYSCALL] [getdents] [PATH][string] [.]
D/S4URC   ( 2606): [SDK] [java.io.File] [Constructor] [FilePath][String] [/storage/sdcard0/xiaoyu.l]
D/S4URC   ( 2606): [SDK] [java.io.File] [exists] [FilePath][String] [/storage/sdcard0/xiaoyu.l]
D/S4URC   ( 2606): [NDK] [SYSCALL] [access] [PATH][string] [/storage/sdcard0/xiaoyu.l]
D/S4URC   ( 2606): [SDK] [java.lang.Runtime] [exec] [Command][String] [su]
D/S4URC   ( 2727): [NDK] [SYSCALL] [getdents] [PATH][string] [.]
D/S4URC   ( 2606): [SDK] [java.io.File] [Constructor] [FilePath][String] [/storage/sdcard0/xiaoyu.l]
D/S4URC   ( 2606): [SDK] [java.io.File] [exists] [FilePath][String] [/storage/sdcard0/xiaoyu.l]
D/S4URC   ( 2606): [NDK] [SYSCALL] [access] [PATH][string] [/storage/sdcard0/xiaoyu.l]
D/S4URC   ( 2606): [SDK] [java.lang.Runtime] [exec] [Command][String] [su]
D/S4URC   ( 2729): [NDK] [SYSCALL] [getdents] [PATH][string] [.]
D/S4URC   ( 2606): [SDK] [java.io.File] [Constructor] [FilePath][String] [/storage/sdcard0/xiaoyu.l]
D/S4URC   ( 2606): [SDK] [java.io.File] [exists] [FilePath][String] [/storage/sdcard0/xiaoyu.l]
D/S4URC   ( 2606): [NDK] [SYSCALL] [access] [PATH][string] [/storage/sdcard0/xiaoyu.l]
D/S4URC   ( 2606): [SDK] [java.lang.Runtime] [exec] [Command][String] [su]
D/S4URC   ( 2732): [NDK] [SYSCALL] [getdents] [PATH][string] [.]
D/S4URC   ( 2606): [SDK] [java.io.File] [Constructor] [FilePath][String] [/storage/sdcard0/xiaoyu.l]
D/S4URC   ( 2606): [SDK] [java.io.File] [exists] [FilePath][String] [/storage/sdcard0/xiaoyu.l]
D/S4URC   ( 2606): [NDK] [SYSCALL] [access] [PATH][string] [/storage/sdcard0/xiaoyu.l]
D/S4URC   ( 2606): [SDK] [java.lang.Runtime] [exec] [Command][String] [su]
D/S4URC   ( 2734): [NDK] [SYSCALL] [getdents] [PATH][string] [.]
D/S4URC   ( 2606): [SDK] [java.io.File] [Constructor] [FilePath][String] [/storage/sdcard0/xiaoyu.l]
D/S4URC   ( 2606): [SDK] [java.io.File] [exists] [FilePath][String] [/storage/sdcard0/xiaoyu.l]
D/S4URC   ( 2606): [NDK] [SYSCALL] [access] [PATH][string] [/storage/sdcard0/xiaoyu.l]
D/S4URC   ( 2606): [SDK] [java.lang.Runtime] [exec] [Command][String] [su]
D/S4URC   ( 2736): [NDK] [SYSCALL] [getdents] [PATH][string] [.]
D/S4URC   ( 2606): [SDK] [java.io.File] [Constructor] [FilePath][String] [/storage/sdcard0/xiaoyu.l]
D/S4URC   ( 2606): [SDK] [java.io.File] [exists] [FilePath][String] [/storage/sdcard0/xiaoyu.l]
D/S4URC   ( 2606): [NDK] [SYSCALL] [access] [PATH][string] [/storage/sdcard0/xiaoyu.l]
D/S4URC   ( 2606): [SDK] [java.lang.Runtime] [exec] [Command][String] [su]
D/S4URC   ( 2738): [NDK] [SYSCALL] [getdents] [PATH][string] [.]
D/S4URC   ( 2606): [SDK] [java.io.File] [Constructor] [FilePath][String] [/storage/sdcard0/xiaoyu.l]
D/S4URC   ( 2606): [SDK] [java.io.File] [exists] [FilePath][String] [/storage/sdcard0/xiaoyu.l]
D/S4URC   ( 2606): [NDK] [SYSCALL] [access] [PATH][string] [/storage/sdcard0/xiaoyu.l]
D/S4URC   ( 2606): [SDK] [java.lang.Runtime] [exec] [Command][String] [su]
D/S4URC   ( 2741): [NDK] [SYSCALL] [getdents] [PATH][string] [.]
D/S4URC   ( 2606): [SDK] [java.io.File] [Constructor] [FilePath][String] [/storage/sdcard0/xiaoyu.l]
D/S4URC   ( 2606): [SDK] [java.io.File] [exists] [FilePath][String] [/storage/sdcard0/xiaoyu.l]
D/S4URC   ( 2606): [NDK] [SYSCALL] [access] [PATH][string] [/storage/sdcard0/xiaoyu.l]
D/S4URC   ( 2606): [SDK] [java.lang.Runtime] [exec] [Command][String] [su]
D/S4URC   ( 2743): [NDK] [SYSCALL] [getdents] [PATH][string] [.]
D/S4URC   ( 2606): [SDK] [java.io.File] [Constructor] [FilePath][String] [/storage/sdcard0/xiaoyu.l]
D/S4URC   ( 2606): [SDK] [java.io.File] [exists] [FilePath][String] [/storage/sdcard0/xiaoyu.l]
D/S4URC   ( 2606): [NDK] [SYSCALL] [access] [PATH][string] [/storage/sdcard0/xiaoyu.l]
D/S4URC   ( 2606): [SDK] [java.lang.Runtime] [exec] [Command][String] [su]
D/S4URC   ( 2745): [NDK] [SYSCALL] [getdents] [PATH][string] [.]
D/S4URC   ( 2606): [SDK] [java.io.File] [Constructor] [FilePath][String] [/storage/sdcard0/xiaoyu.l]
D/S4URC   ( 2606): [SDK] [java.io.File] [exists] [FilePath][String] [/storage/sdcard0/xiaoyu.l]
D/S4URC   ( 2606): [NDK] [SYSCALL] [access] [PATH][string] [/storage/sdcard0/xiaoyu.l]
D/S4URC   ( 2606): [SDK] [java.lang.Runtime] [exec] [Command][String] [su]
D/S4URC   ( 2771): [NDK] [SYSCALL] [getdents] [PATH][string] [.]
D/S4URC   ( 2606): [SDK] [java.io.File] [Constructor] [FilePath][String] [/storage/sdcard0/xiaoyu.l]
D/S4URC   ( 2606): [SDK] [java.io.File] [exists] [FilePath][String] [/storage/sdcard0/xiaoyu.l]
D/S4URC   ( 2606): [NDK] [SYSCALL] [access] [PATH][string] [/storage/sdcard0/xiaoyu.l]
D/S4URC   ( 2606): [SDK] [java.lang.Runtime] [exec] [Command][String] [su]
D/S4URC   ( 2779): [NDK] [SYSCALL] [getdents] [PATH][string] [.]
D/S4URC   ( 2606): [SDK] [java.io.File] [Constructor] [FilePath][String] [/storage/sdcard0/xiaoyu.l]
D/S4URC   ( 2606): [SDK] [java.io.File] [exists] [FilePath][String] [/storage/sdcard0/xiaoyu.l]
D/S4URC   ( 2606): [NDK] [SYSCALL] [access] [PATH][string] [/storage/sdcard0/xiaoyu.l]
D/S4URC   ( 2606): [SDK] [java.lang.Runtime] [exec] [Command][String] [su]
D/S4URC   ( 2781): [NDK] [SYSCALL] [getdents] [PATH][string] [.]
D/S4URC   ( 2606): [SDK] [java.io.File] [Constructor] [FilePath][String] [/storage/sdcard0/xiaoyu.l]
D/S4URC   ( 2606): [SDK] [java.io.File] [exists] [FilePath][String] [/storage/sdcard0/xiaoyu.l]
D/S4URC   ( 2606): [NDK] [SYSCALL] [access] [PATH][string] [/storage/sdcard0/xiaoyu.l]
D/S4URC   ( 2606): [SDK] [java.lang.Runtime] [exec] [Command][String] [su]
D/S4URC   ( 2784): [NDK] [SYSCALL] [getdents] [PATH][string] [.]
D/S4URC   ( 2606): [SDK] [java.io.File] [Constructor] [FilePath][String] [/storage/sdcard0/xiaoyu.l]
D/S4URC   ( 2606): [SDK] [java.io.File] [exists] [FilePath][String] [/storage/sdcard0/xiaoyu.l]
D/S4URC   ( 2606): [NDK] [SYSCALL] [access] [PATH][string] [/storage/sdcard0/xiaoyu.l]
