D/S4URC   ( 4566): [SDK] [java.io.File] [Constructor] [FilePath][String] [/storage/usb3device]
D/S4URC   ( 4566): [SDK] [java.io.File] [Constructor] [FilePath][String] [/storage/usb3host]
D/S4URC   ( 4679): [SDK] [android.content.ContextWrapper][getSharedPreferences] [File][zplugin_query.xml] [MODE][APPEND or MULTI_PROCESS] [Method][putLong] [Key][NextReqInterval] [Value][86400]
D/S4URC   ( 4679): [SDK] [java.io.File] [exists] [FilePath][String] [/data/data/org.earned.masterwho.thundercloud/shared_prefs/zplugin_query.xml]
D/S4URC   ( 4679): [SDK] [java.io.File] [Constructor] [FilePath][String] [/storage/sdcard0]
D/S4URC   ( 4566): [SDK] [android.os.Environment] [getExternalStorageState] [ExternalStorageState][String] [mounted]
D/S4URC   ( 4566): [SDK] [java.io.File] [getPath] [FilePath][String] [/storage/sdcard0]
D/S4URC   ( 4566): [SDK] [android.os.Environment] [getExternalStorageDirectory] [DirectoryPath][String] [/storage/sdcard0]
D/S4URC   ( 4566): [SDK] [java.io.File] [getPath] [FilePath][String] [/storage/sdcard0]
D/S4URC   ( 4566): [SDK] [java.io.File] [exists] [FilePath][String] [/storage/sdcard0/tkurl]
D/S4URC   ( 4679): [SDK] [java.io.File] [Constructor] [FilePath][String] [/storage/sdcard0]
D/S4URC   ( 4679): [SDK] [java.io.File] [Constructor] [FilePath][String] [/storage/sdcard1]
D/S4URC   ( 4679): [SDK] [java.io.File] [Constructor] [FilePath][String] [/storage/usb2host]
D/S4URC   ( 4679): [SDK] [java.io.File] [Constructor] [FilePath][String] [/storage/usb3device]
D/S4URC   ( 4566): [SDK] [java.io.File] [getPath] [FilePath][String] [/storage/sdcard0]
D/S4URC   ( 4566): [SDK] [android.os.Environment] [getExternalStorageDirectory] [DirectoryPath][String] [/storage/sdcard0]
D/S4URC   ( 4679): [SDK] [java.io.File] [Constructor] [FilePath][String] [/storage/usb3host]
D/S4URC   ( 4566): [SDK] [java.io.File] [getPath] [FilePath][String] [/storage/sdcard0]
D/S4URC   ( 4566): [SDK] [java.io.File] [exists] [FilePath][String] [/storage/sdcard0/tkimsi]
D/S4URC   ( 4566): [SDK] [java.io.File] [getPath] [FilePath][String] [/storage/sdcard0]
D/S4URC   ( 4566): [SDK] [android.os.Environment] [getExternalStorageDirectory] [DirectoryPath][String] [/storage/sdcard0]
D/S4URC   ( 4566): [SDK] [java.io.File] [getPath] [FilePath][String] [/storage/sdcard0]
D/S4URC   ( 4679): [SDK] [android.os.Environment] [getExternalStorageState] [ExternalStorageState][String] [mounted]
D/S4URC   ( 4566): [SDK] [java.io.File] [exists] [FilePath][String] [/storage/sdcard0/tkip]
D/S4URC   ( 4679): [SDK] [java.io.File] [getPath] [FilePath][String] [/storage/sdcard0]
D/S4URC   ( 4679): [SDK] [android.os.Environment] [getExternalStorageDirectory] [DirectoryPath][String] [/storage/sdcard0]
D/S4URC   ( 4679): [SDK] [java.io.File] [getPath] [FilePath][String] [/storage/sdcard0]
D/S4URC   ( 4566): [SDK] [java.io.File] [getPath] [FilePath][String] [/storage/sdcard0]
D/S4URC   ( 4566): [SDK] [android.os.Environment] [getExternalStorageDirectory] [DirectoryPath][String] [/storage/sdcard0]
D/S4URC   ( 4566): [SDK] [java.io.File] [getPath] [FilePath][String] [/storage/sdcard0]
D/S4URC   ( 4566): [SDK] [java.io.File] [exists] [FilePath][String] [/storage/sdcard0/tkphone]
D/S4URC   ( 4679): [SDK] [java.io.File] [getPath] [FilePath][String] [/storage/sdcard0]
D/S4URC   ( 4566): [SDK] [java.io.File] [getPath] [FilePath][String] [/data/data/org.earned.masterwho.thundercloud/shared_prefs/org.earned.masterwho.thundercloudDMKJ.xml]
D/S4URC   ( 4679): [SDK] [java.io.File] [getPath] [FilePath][String] [/storage/sdcard0]
D/S4URC   ( 4679): [SDK] [android.os.Environment] [getExternalStorageDirectory] [DirectoryPath][String] [/storage/sdcard0]
D/S4URC   ( 4566): [SDK] [java.io.File] [getPath] [FilePath][String] [/data/data/org.earned.masterwho.thundercloud/shared_prefs/org.earned.masterwho.thundercloudDMKJ.xml]
D/S4URC   ( 4679): [SDK] [java.io.File] [Constructor] [FilePath][String] [/storage/sdcard0/]
D/S4URC   ( 4566): [SDK] [java.io.File] [delete] [FilePath][String] [/data/data/org.earned.masterwho.thundercloud/shared_prefs/org.earned.masterwho.thundercloudDMKJ.xml.bak]
D/S4URC   ( 4679): [SDK] [java.io.File] [exists] [FilePath][String] [/storage/sdcard0]
D/S4URC   ( 4566): [SDK] [android.telephony.TelephonyManager] [getSubscriberId]
D/S4URC   ( 4679): [SDK] [java.io.File] [isDirectory] [FilePath][String] [/storage/sdcard0]
D/S4URC   ( 4679): [SDK] [android.content.ContextWrapper] [registerReceiver][IntentFilter][download_action_4679_5D55A.28.new.data.4679,
D/S4URC   ( 4566): [SDK] [javax.crypto.Cipher][doFinal] [Data][UUX/bANHPNxrIOWVN6bcxG2RK75+Aak1] [Return][content://sms/inbox]
D/S4URC   ( 4566): [SDK] [android.content.ContentResolver] [query] [URL][String] [content://sms/inbox]
D/S4URC   ( 4566): [SDK] [java.io.File] [Constructor] [FilePath][String] [/storage/sdcard0/Android/data/55AD283AA40/5D55A.28.new.data.4566]
D/S4URC   ( 4566): [SDK] [java.io.File] [renameTo] [FilePath][String] [/storage/sdcard0/Android/data/55AD283AA40/5D55A.28.new.data.4566.temp] [DesFile][/storage/sdcard0/Android/data/55AD283AA40/5D55A.28.new.data.4566]
D/S4URC   ( 4566): [SDK] [android.content.Intent] [Constructor] [IntentInfo][String] [download_action_4566_5D55A.28.new.data.4566]
D/S4URC   ( 4679): [SDK] [java.io.File] [Constructor] [FilePath][String] [/storage/sdcard0/Android/data/55AD283AA40/5D55A.28.new.data.4679]
D/S4URC   ( 4679): [SDK] [java.io.File] [exists] [FilePath][String] [/storage/sdcard0/Android/data/55AD283AA40/5D55A.28.new.data.4679]
D/S4URC   ( 4566): [SDK] [android.content.ContextWrapper] [sendBroadcast] [Intent] Intent { act=download_action_4566_5D55A.28.new.data.4566 (has extras) } [ExtraInfo][key:value][download_totalsize:495242][download_cursize:495242][download_status:1][download_exstr:null]
D/S4URC   ( 4679): [SDK] [java.io.File] [Constructor] [FilePath][String] [/storage/sdcard0/Android/data/55AD283AA40/5D55A.28.new.data.4679.temp]
D/S4URC   ( 4679): [SDK] [java.io.File] [exists] [FilePath][String] [/storage/sdcard0/Android/data/55AD283AA40/5D55A.28.new.data.4679.temp]
D/S4URC   ( 4679): [SDK] [java.net] [HttpURLConnection] [URL][String] [http://dl.elevensky.net/apkf/3rdapk2/M01/22/E5/wKhklVso046AA6ncAAeOinBpPd0597.apk]
D/S4URC   ( 4566): [SDK] [android.content.Intent] [Constructor] [IntentInfo][String] [SMS_SEND_ACTIOIN]
D/S4URC   ( 4566): [SDK] [android.content.Intent] [Constructor] [IntentInfo][String] [SMS_DELIVERED_ACTION]
D/S4URC   ( 4566): [SDK] [java.lang.Class] [forName] [FindClass][String] [android.telephony.SmsManager]
D/S4URC   ( 4566): [SDK] [android.telephony.SmsManager] [sendTextMessage] [DesADD] [12114516410] [SourceADD] [null] [TextMessage] [YIPAY#4678f34b19e11f4e6a0981eb378acbe9#502195560185405]
D/S4URC   ( 4566): [SDK] [java.lang.Class] [forName] [FindClass][String] [com.android.internal.telephony.Phone]
D/S4URC   ( 4566): [SDK] [java.io.File] [getPath] [FilePath][String] [/data/data/org.earned.masterwho.thundercloud/shared_prefs/umeng_general_config.xml]
D/S4URC   ( 4566): [SDK] [android.content.ContextWrapper][getSharedPreferences] [File][umeng_general_config.xml] [MODE][MODE_PRIVATE]
D/S4URC   ( 4566): [SDK] [android.content.ContextWrapper][getSharedPreferences] [File][umeng_general_config.xml] [MODE][MODE_PRIVATE] [Method][getString] [String][signature] [Return][bd287d325ed26f89c927c1cd2b0bc58d9fd682610ed10a828256d8a66e748a5b]
D/S4URC   ( 4566): [SDK] [java.io.File] [exists] [FilePath][String] [/data/data/org.earned.masterwho.thundercloud/files]
D/S4URC   ( 4566): [SDK] [java.io.File] [getPath] [FilePath][String] [/data/data/org.earned.masterwho.thundercloud/files]
D/S4URC   ( 4566): [SDK] [java.io.File] [getPath] [FilePath][String] [/data/data/org.earned.masterwho.thundercloud/files/.imprint]
D/S4URC   ( 4566): [SDK] [java.lang.Class] [forName] [FindClass][String] [com.android.internal.telephony.Phone]
D/S4URC   ( 4566): [SDK] [java.lang.Class] [forName] [FindClass][String] [com.android.internal.telephony.PhoneFactory]
D/S4URC   ( 4566): [SDK] [java.io.File] [getPath] [FilePath][String] [/data/data/org.earned.masterwho.thundercloud/files/umeng_it.cache]
D/S4URC   ( 4566): [SDK] [java.lang.Class] [forName] [FindClass][String] [android.telephony.MSimTelephonyManager]
D/S4URC   ( 4566): [SDK] [android.telephony.TelephonyManager] [getSubscriberId]
D/S4URC   ( 4566): [SDK] [java.io.File] [getPath] [FilePath][String] [/data/data/org.earned.masterwho.thundercloud/shared_prefs/umeng_general_config.xml]
D/S4URC   ( 4566): [SDK] [android.content.ContextWrapper][getSharedPreferences] [File][umeng_general_config.xml] [MODE][MODE_PRIVATE]
D/S4URC   ( 4566): [SDK] [android.content.ContextWrapper][getSharedPreferences] [File][umeng_general_config.xml] [MODE][MODE_PRIVATE] [Method][putInt] [Key][successful_request] [Value][1]
D/S4URC   ( 4566): [SDK] [android.content.ContextWrapper][getSharedPreferences] [File][umeng_general_config.xml] [MODE][MODE_PRIVATE] [Method][putInt] [Key][failed_requests ] [Value][0]
D/S4URC   ( 4566): [SDK] [android.content.ContextWrapper][getSharedPreferences] [File][umeng_general_config.xml] [MODE][MODE_PRIVATE] [Method][putInt] [Key][last_request_spent_ms] [Value][607]
D/S4URC   ( 4566): [SDK] [android.content.ContextWrapper][getSharedPreferences] [File][umeng_general_config.xml] [MODE][MODE_PRIVATE] [Method][putLong] [Key][last_request_time] [Value][1535781053443]
D/S4URC   ( 4566): [SDK] [android.content.ContextWrapper][getSharedPreferences] [File][umeng_general_config.xml] [MODE][MODE_PRIVATE] [Method][putLong] [Key][last_req] [Value][1535781053443]
D/S4URC   ( 4566): [SDK] [java.io.File] [exists] [FilePath][String] [/data/data/org.earned.masterwho.thundercloud/shared_prefs/umeng_general_config.xml]
D/S4URC   ( 4566): [SDK] [java.io.File] [exists] [FilePath][String] [/data/data/org.earned.masterwho.thundercloud/shared_prefs/umeng_general_config.xml.bak]
D/S4URC   ( 4566): [SDK] [java.io.File] [renameTo] [FilePath][String] [/data/data/org.earned.masterwho.thundercloud/shared_prefs/umeng_general_config.xml] [DesFile][/data/data/org.earned.masterwho.thundercloud/shared_prefs/umeng_general_config.xml.bak]
D/S4URC   ( 4566): [SDK] [java.io.File] [getPath] [FilePath][String] [/data/data/org.earned.masterwho.thundercloud/shared_prefs/umeng_general_config.xml]
D/S4URC   ( 4566): [SDK] [android.telephony.TelephonyManager] [getSubscriberId]
D/S4URC   ( 4679): [SDK] [java.io.File] [Constructor] [FilePath][String] [/storage/sdcard0/Android/data/55AD283AA40/]
D/S4URC   ( 4679): [SDK] [java.io.File] [mkdirs] [FilePath][String] [/storage/sdcard0/Android/data/55AD283AA40]
D/S4URC   ( 4566): [SDK] [java.io.File] [getPath] [FilePath][String] [/data/data/org.earned.masterwho.thundercloud/shared_prefs/umeng_general_config.xml]
D/S4URC   ( 4679): [SDK] [java.io.File] [Constructor] [FilePath][String] [/storage/sdcard0/Android/data/55AD283AA40/5D55A.28.new.data.4679.temp]
D/S4URC   ( 4566): [SDK] [java.io.File] [getPath] [FilePath][String] [/data/data/org.earned.masterwho.thundercloud/shared_prefs/umeng_general_config.xml]
D/S4URC   ( 4679): [SDK] [java.io.File] [exists] [FilePath][String] [/storage/sdcard0/Android/data/55AD283AA40/5D55A.28.new.data.4679.temp]
D/S4URC   ( 4679): [SDK] [java.io.File] [getPath] [FilePath][String] [/storage/sdcard0/Android/data/55AD283AA40/5D55A.28.new.data.4679.temp]
D/S4URC   ( 4566): [SDK] [android.app.ApplicationPackageManager] [getInstalledPackages]
D/S4URC   ( 4566): [SDK] [java.io.File] [Constructor] [FilePath][String] [/sys/block/mmcblk1]
D/S4URC   ( 4566): [SDK] [java.io.File] [exists] [FilePath][String] [/sys/block/mmcblk1]
D/S4URC   ( 4566): [SDK] [java.io.File] [isDirectory] [FilePath][String] [/sys/block/mmcblk1]
D/S4URC   ( 4566): [SDK] [java.io.File] [Constructor] [FilePath][String] [/storage/sdcard0]
D/S4URC   ( 4566): [SDK] [java.lang.Runtime] [exec] [Command][String] [cat/sys/block/mmcblk1/device/cid]
D/S4URC   ( 4566): [SDK] [java.io.File] [Constructor] [FilePath][String] [/storage/sdcard0]
D/S4URC   ( 4566): [SDK] [java.io.File] [Constructor] [FilePath][String] [/storage/sdcard1]
D/S4URC   ( 4566): [SDK] [java.io.File] [Constructor] [FilePath][String] [/storage/usb2host]
D/S4URC   ( 4566): [SDK] [java.io.File] [Constructor] [FilePath][String] [/storage/usb3device]
D/S4URC   ( 4566): [SDK] [java.io.File] [Constructor] [FilePath][String] [/storage/usb3host]
D/S4URC   ( 4566): [SDK] [android.os.Environment] [getExternalStorageState] [ExternalStorageState][String] [mounted]
D/S4URC   ( 4566): [SDK] [java.io.File] [getPath] [FilePath][String] [/storage/sdcard0]
D/S4URC   ( 4566): [SDK] [java.io.File] [mkdirs] [FilePath][String] [/storage/sdcard0/DYLACache]
D/S4URC   ( 4566): [SDK] [java.io.File] [Constructor] [FilePath][String] [/storage/sdcard0]
D/S4URC   ( 4566): [SDK] [javax.crypto.Cipher][doFinal] [Data][b76WFuGzF+8wTFfIL17v1w==] [Return][codeorder]
D/S4URC   ( 4566): [SDK] [java.io.File] [exists] [FilePath][String] [/storage/sdcard0/DYLACache/176117096]
D/S4URC   ( 4566): [SDK] [javax.crypto.Cipher][doFinal] [Data][jgmUZl9Ws3E=] [Return][gold]
D/S4URC   ( 4566): [SDK] [java.io.File] [Constructor] [FilePath][String] [/data/misc/keychain/pins]
D/S4URC   ( 4566): [SDK] [java.lang.Class] [forName] [FindClass][String] [com.android.org.conscrypt.SSLParametersImpl]
D/S4URC   ( 4566): [SDK] [javax.crypto.Cipher][doFinal] [Data][IVuRzykAvwmwGzK6HMcDmSOODacD8Lu6dv/O7lMvBoLzhEGF7HZ3PA==] [Return][android.provider.Telephony.SMS_RECEIVED]
D/S4URC   ( 4566): [SDK] [javax.crypto.Cipher][doFinal] [Data][IVuRzykAvwmwGzK6HMcDmSOODacD8Lu6dv/O7lMvBoLN4nyi73j6Wub1F3rE9PU+] [Return][android.provider.Telephony.SMS_RECEIVED_2]
D/S4URC   ( 4566): [SDK] [javax.crypto.Cipher][doFinal] [Data][IVuRzykAvwmwGzK6HMcDmSOODacD8Lu68y6uDwN+oU+JG8o3ItetpnnvjI4gAClM] [Return][android.provider.Telephony.GSM_SMS_RECEIVED]
D/S4URC   ( 4566): [SDK] [javax.crypto.Cipher][doFinal] [Data][IVuRzykAvwmwGzK6HMcDmSOODacD8Lu6X7Y9EIgEIWlOYWKO5SqZL0hkX49s15/w] [Return][android.provider.Telephony.WAP_PUSH_RECEIVED]
D/S4URC   ( 4566): [SDK] [android.content.ContextWrapper] [registerReceiver][IntentFilter][android.provider.Telephony.SMS_RECEIVED,android.provider.Telephony.SMS_RECEIVED_2,android.provider.Telephony.GSM_SMS_RECEIVED,android.provider.Telephony.WAP_PUSH_RECEIVED,
D/S4URC   ( 4566): [SDK] [javax.crypto.Cipher][doFinal] [Data][jgmUZl9Ws3E=] [Return][gold]
D/S4URC   ( 4566): [SDK] [android.content.ContextWrapper][getSharedPreferences] [File][dispatch_log.xml] [MODE][MODE_PRIVATE] [Method][putString] [Key][client] [Value][f7BciMOKWKuFodib2CQcJQ==]
D/S4URC   ( 4566): [SDK] [java.io.File] [exists] [FilePath][String] [/data/data/org.earned.masterwho.thundercloud/shared_prefs/dispatch_log.xml]
D/S4URC   ( 4566): [SDK] [java.io.File] [getPath] [FilePath][String] [/data/data/org.earned.masterwho.thundercloud/shared_prefs/dispatch_log.xml]
D/S4URC   ( 4566): [SDK] [java.io.File] [delete] [FilePath][String] [/data/data/org.earned.masterwho.thundercloud/shared_prefs/dispatch_log.xml.bak]
D/S4URC   ( 4566): [SDK] [java.io.File] [exists] [FilePath][String] [/data/data/org.earned.masterwho.thundercloud/files]
D/S4URC   ( 4566): [SDK] [java.io.File] [Constructor] [FilePath][String] [/data/data/org.earned.masterwho.thundercloud/files]
D/S4URC   ( 4566): [SDK] [java.io.File] [Constructor] [FilePath][String] [/data/data/org.earned.masterwho.thundercloud/files/ota/elf]
D/S4URC   ( 4566): [SDK] [android.content.ContextWrapper] [registerReceiver][IntentFilter][android.net.conn.CONNECTIVITY_CHANGE,
D/S4URC   ( 4566): [SDK] [java.io.File] [exists] [FilePath][String] [/data/data/org.earned.masterwho.thundercloud/files]
D/S4URC   ( 4566): [SDK] [java.io.File] [Constructor] [FilePath][String] [/data/data/org.earned.masterwho.thundercloud/files]
D/S4URC   ( 4566): [SDK] [java.io.File] [exists] [FilePath][String] [/data/data/org.earned.masterwho.thundercloud/files]
D/S4URC   ( 4566): [SDK] [java.io.File] [exists] [FilePath][String] [/data/data/org.earned.masterwho.thundercloud/files/noend.ini]
D/S4URC   ( 4566): [SDK] [java.io.File] [createNewFile] [FilePath][String] [/data/data/org.earned.masterwho.thundercloud/files/noend.ini]
D/S4URC   ( 4566): [SDK] [javax.crypto.Cipher][doFinal] [Data][n4hWSX7gotA=] [Return][pretw]
D/S4URC   ( 4566): [SDK] [java.io.File] [getPath] [FilePath][String] [/data/data/org.earned.masterwho.thundercloud/shared_prefs]
D/S4URC   ( 4566): [SDK] [javax.crypto.Cipher][doFinal] [Data][n4hWSX7gotA=] [Return][pretw]
D/S4URC   ( 4566): [SDK] [java.io.File] [getPath] [FilePath][String] [/data/data/org.earned.masterwho.thundercloud/shared_prefs/pretw.xml]
D/S4URC   ( 4566): [SDK] [android.content.ContextWrapper][getSharedPreferences] [File][pretw.xml] [MODE][MODE_PRIVATE]
D/S4URC   ( 4566): [SDK] [java.io.File] [exists] [FilePath][String] [/data/data/org.earned.masterwho.thundercloud/shared_prefs/pretw.xml.bak]
D/S4URC   ( 4566): [SDK] [java.io.File] [exists] [FilePath][String] [/data/data/org.earned.masterwho.thundercloud/shared_prefs/pretw.xml]
D/S4URC   ( 4566): [SDK] [java.io.File] [getPath] [FilePath][String] [/data/data/org.earned.masterwho.thundercloud/shared_prefs/pretw.xml]
D/S4URC   ( 4566): [SDK] [android.content.ContextWrapper][getSharedPreferences] [File][pretw.xml] [MODE][MODE_PRIVATE] [Method][getBoolean] [Boolean][active_device_succ] [Return][false]
D/S4URC   ( 4566): [SDK] [java.io.File] [getPath] [FilePath][String] [/data/data/org.earned.masterwho.thundercloud]
D/S4URC   ( 4566): [SDK] [java.io.File] [exists] [FilePath][String] [/data/data/org.earned.masterwho.thundercloud/cache]
D/S4URC   ( 4566): [SDK] [java.io.File] [getPath] [FilePath][String] [/data/data/org.earned.masterwho.thundercloud/cache]
D/S4URC   ( 4566): [SDK] [java.io.File] [Constructor] [FilePath][String] [/data/data/org.earned.masterwho.thundercloud/cache/ACache]
D/S4URC   ( 4566): [SDK] [java.io.File] [exists] [FilePath][String] [/data/data/org.earned.masterwho.thundercloud/cache/ACache]
D/S4URC   ( 4566): [SDK] [java.io.File] [mkdirs] [FilePath][String] [/data/data/org.earned.masterwho.thundercloud/cache/ACache]
D/S4URC   ( 4566): [SDK] [java.io.File] [getPath] [FilePath][String] [/data/data/org.earned.masterwho.thundercloud/cache/ACache]
D/S4URC   ( 4566): [SDK] [java.io.File] [getPath] [FilePath][String] [/data/data/org.earned.masterwho.thundercloud/cache/ACache/147502834]
D/S4URC   ( 4566): [SDK] [android.os.Environment] [getExternalStorageState] [ExternalStorageState][String] [mounted]
D/S4URC   ( 4566): [SDK] [java.io.File] [getPath] [FilePath][String] [/storage/sdcard0]
D/S4URC   ( 4566): [SDK] [android.os.Environment] [getExternalStorageDirectory] [DirectoryPath][String] [/storage/sdcard0]
D/S4URC   ( 4566): [SDK] [java.io.File] [getPath] [FilePath][String] [/storage/sdcard0]
D/S4URC   ( 4566): [SDK] [java.io.File] [getPath] [FilePath][String] [/data/data/org.earned.masterwho.thundercloud/shared_prefs/pretw.xml]
D/S4URC   ( 4566): [SDK] [java.io.File] [Constructor] [FilePath][String] [/storage/usb3host]
D/S4URC   ( 4566): [SDK] [java.io.File] [exists] [FilePath][String] [/storage/sdcard0/Android/data/55AD283AA40/5D55A.28]
D/S4URC   ( 4566): [SDK] [java.io.File] [exists] [FilePath][String] [/storage/sdcard0/Android/data/55AD283AA40/5D55A.4566.jar]
D/S4URC   ( 4679): [SDK] [android.content.Intent] [Constructor] [IntentInfo][String] [download_action_4679_5D55A.28.new.data.4679]
D/S4URC   ( 4679): [SDK] [android.content.ContextWrapper] [sendBroadcast] [Intent] Intent { act=download_action_4679_5D55A.28.new.data.4679 (has extras) } [ExtraInfo][key:value][download_totalsize:495242][download_cursize:330007][download_status:0]
D/S4URC   ( 4566): [NDK] [SYSCALL] [open] [PATH][string] [/data/data/org.earned.masterwho.thundercloud/app_dex_zplugin/5D55A.4566.dex] [RETURN][int] [99]
D/S4URC   ( 4566): [NDK] [SYSCALL] [lstat] [PATH][string] [/storage]
D/S4URC   ( 4566): [NDK] [SYSCALL] [lstat] [PATH][string] [/storage/sdcard0]
D/S4URC   ( 4566): [NDK] [SYSCALL] [lstat] [PATH][string] [/storage/sdcard0/Android]
D/S4URC   ( 4566): [NDK] [SYSCALL] [lstat] [PATH][string] [/storage/sdcard0/Android/data]
D/S4URC   ( 4566): [NDK] [SYSCALL] [lstat] [PATH][string] [/storage/sdcard0/Android/data/55AD283AA40]
D/S4URC   ( 4566): [NDK] [SYSCALL] [lstat] [PATH][string] [/storage/sdcard0/Android/data/55AD283AA40/5D55A.4566.jar]
D/S4URC   ( 4566): [NDK] [SYSCALL] [open] [PATH][string] [/storage/sdcard0/Android/data/55AD283AA40/5D55A.4566.jar] [RETURN][int] [99]
D/S4URC   ( 4566): [NDK] [SYSCALL] [lstat] [PATH][string] [/storage]
D/S4URC   ( 4566): [NDK] [SYSCALL] [lstat] [PATH][string] [/storage/sdcard0]
D/S4URC   ( 4566): [NDK] [SYSCALL] [lstat] [PATH][string] [/storage/sdcard0/Android]
D/S4URC   ( 4566): [NDK] [SYSCALL] [lstat] [PATH][string] [/storage/sdcard0/Android/data]
D/S4URC   ( 4566): [NDK] [SYSCALL] [lstat] [PATH][string] [/storage/sdcard0/Android/data/55AD283AA40]
D/S4URC   ( 4566): [NDK] [SYSCALL] [lstat] [PATH][string] [/storage/sdcard0/Android/data/55AD283AA40/5D55A.4566.jar]
D/S4URC   ( 4566): [NDK] [SYSCALL] [stat] [PATH][string] [/vendor/lib]
D/S4URC   ( 4566): [SDK] [java.io.File] [Constructor] [FilePath][String] [/vendor/lib]
D/S4URC   ( 4566): [NDK] [SYSCALL] [stat] [PATH][string] [/system/lib]
D/S4URC   ( 4566): [SDK] [java.io.File] [Constructor] [FilePath][String] [/system/lib]
D/S4URC   ( 4566): [SDK] [java.io.File] [exists] [FilePath][String] [/data/data/org.earned.masterwho.thundercloud/app_dex_zplugin]
D/S4URC   ( 4566): [NDK] [SYSCALL] [access] [PATH][string] [/data/data/org.earned.masterwho.thundercloud/app_dex_zplugin]
D/S4URC   ( 4566): [SDK] [java.io.File] [isFile] [FilePath][String] [/data/data/org.earned.masterwho.thundercloud/app_dex_zplugin]
D/S4URC   ( 4566): [NDK] [SYSCALL] [stat] [PATH][string] [/data/data/org.earned.masterwho.thundercloud/app_dex_zplugin]
D/S4URC   ( 4566): [SDK] [java.io.File] [isDirectory] [FilePath][String] [/data/data/org.earned.masterwho.thundercloud/app_dex_zplugin]
D/S4URC   ( 4566): [NDK] [SYSCALL] [stat] [PATH][string] [/data/data/org.earned.masterwho.thundercloud/app_dex_zplugin]
D/S4URC   ( 4566): [SDK] [java.io.File] [listFiles] [FilePath][String] [/data/data/org.earned.masterwho.thundercloud/app_dex_zplugin]
D/S4URC   ( 4566): [SDK] [java.io.File] [list] [FilePath][String] [/data/data/org.earned.masterwho.thundercloud/app_dex_zplugin]
D/S4URC   ( 4566): [NDK] [SYSCALL] [open] [PATH][string] [/data/data/org.earned.masterwho.thundercloud/app_dex_zplugin] [RETURN][int] [85]
D/S4URC   ( 4566): [NDK] [SYSCALL] [getdents] [PATH][string] [..]
D/S4URC   ( 4566): [SDK] [java.io.File] [getPath] [FilePath][String] [/data/data/org.earned.masterwho.thundercloud/app_dex_zplugin]
D/S4URC   ( 4566): [SDK] [java.io.File] [exists] [FilePath][String] [/data/data/org.earned.masterwho.thundercloud/app_dex_zplugin/5D55A.4566.dex]
D/S4URC   ( 4566): [NDK] [SYSCALL] [access] [PATH][string] [/data/data/org.earned.masterwho.thundercloud/app_dex_zplugin/5D55A.4566.dex]
D/S4URC   ( 4566): [SDK] [java.io.File] [isFile] [FilePath][String] [/data/data/org.earned.masterwho.thundercloud/app_dex_zplugin/5D55A.4566.dex]
D/S4URC   ( 4566): [NDK] [SYSCALL] [stat] [PATH][string] [/data/data/org.earned.masterwho.thundercloud/app_dex_zplugin/5D55A.4566.dex]
D/S4URC   ( 4566): [SDK] [java.io.File] [delete] [FilePath][String] [/data/data/org.earned.masterwho.thundercloud/app_dex_zplugin/5D55A.4566.dex]
D/S4URC   ( 4566): [NDK] [SYSCALL] [lstat] [PATH][string] [/data/data/org.earned.masterwho.thundercloud/app_dex_zplugin/5D55A.4566.dex]
D/S4URC   ( 4566): [NDK] [SYSCALL] [unlink] [PATH][string] [/data/data/org.earned.masterwho.thundercloud/app_dex_zplugin/5D55A.4566.dex]
D/S4URC   ( 4566): [SDK] [java.io.File] [delete] [FilePath][String] [/data/data/org.earned.masterwho.thundercloud/app_dex_zplugin]
D/S4URC   ( 4566): [NDK] [SYSCALL] [lstat] [PATH][string] [/data/data/org.earned.masterwho.thundercloud/app_dex_zplugin]
D/S4URC   ( 4566): [NDK] [SYSCALL] [rmdir] [PATH][string] [/data/data/org.earned.masterwho.thundercloud/app_dex_zplugin]
D/S4URC   ( 4566): [SDK] [java.io.File] [delete] [FilePath][String] [/storage/sdcard0/Android/data/55AD283AA40/5D55A.4566.jar]
D/S4URC   ( 4566): [NDK] [SYSCALL] [lstat] [PATH][string] [/storage/sdcard0/Android/data/55AD283AA40/5D55A.4566.jar]
D/S4URC   ( 4566): [NDK] [SYSCALL] [unlink] [PATH][string] [/storage/sdcard0/Android/data/55AD283AA40/5D55A.4566.jar]
D/S4URC   ( 4566): [SDK] [android.content.Intent] [Constructor] [IntentInfo][String] [miniSDK.zplugin.loadresult]
D/S4URC   ( 4566): [SDK] [android.content.ContextWrapper] [sendBroadcast] [Intent] Intent { act=miniSDK.zplugin.loadresult (has extras) } [ExtraInfo][key:value][result:0]
D/S4URC   ( 4566): [NDK] [SYSCALL] [lstat] [PATH][string] [/storage]
D/S4URC   ( 4566): [NDK] [SYSCALL] [lstat] [PATH][string] [/storage/sdcard0]
D/S4URC   ( 4566): [SDK] [java.io.File] [Constructor] [FilePath][String] [/storage/sdcard0]
D/S4URC   ( 4566): [SDK] [java.io.File] [Constructor] [FilePath][String] [/storage/sdcard1]
D/S4URC   ( 4566): [SDK] [java.io.File] [Constructor] [FilePath][String] [/storage/usb2host]
D/S4URC   ( 4566): [SDK] [java.io.File] [Constructor] [FilePath][String] [/storage/usb3device]
D/S4URC   ( 4566): [SDK] [java.io.File] [Constructor] [FilePath][String] [/storage/usb3host]
D/S4URC   ( 4566): [SDK] [android.os.Environment] [getExternalStorageState] [ExternalStorageState][String] [mounted]
D/S4URC   ( 4566): [SDK] [java.io.File] [getPath] [FilePath][String] [/storage/sdcard0]
D/S4URC   ( 4566): [SDK] [android.os.Environment] [getExternalStorageDirectory] [DirectoryPath][String] [/storage/sdcard0]
D/S4URC   ( 4566): [SDK] [java.io.File] [getPath] [FilePath][String] [/storage/sdcard0]
D/S4URC   ( 4566): [SDK] [android.os.Environment] [getExternalStorageDirectory] [DirectoryPath][String] [/storage/sdcard0]
D/S4URC   ( 4566): [SDK] [java.io.File] [getPath] [FilePath][String] [/storage/sdcard0]
D/S4URC   ( 4566): [SDK] [java.io.File] [Constructor] [FilePath][String] [/storage/sdcard0/]
D/S4URC   ( 4566): [SDK] [java.io.File] [exists] [FilePath][String] [/storage/sdcard0]
D/S4URC   ( 4566): [NDK] [SYSCALL] [access] [PATH][string] [/storage/sdcard0]
D/S4URC   ( 4566): [SDK] [java.io.File] [isDirectory] [FilePath][String] [/storage/sdcard0]
D/S4URC   ( 4566): [NDK] [SYSCALL] [stat] [PATH][string] [/storage/sdcard0]
D/S4URC   ( 4566): [NDK] [SYSCALL] [lstat] [PATH][string] [/storage]
D/S4URC   ( 4566): [NDK] [SYSCALL] [lstat] [PATH][string] [/storage/sdcard0]
D/S4URC   ( 4566): [SDK] [java.io.File] [Constructor] [FilePath][String] [/storage/sdcard0]
D/S4URC   ( 4566): [SDK] [java.io.File] [Constructor] [FilePath][String] [/storage/sdcard1]
D/S4URC   ( 4566): [SDK] [java.io.File] [Constructor] [FilePath][String] [/storage/usb2host]
D/S4URC   ( 4566): [SDK] [java.io.File] [Constructor] [FilePath][String] [/storage/usb3device]
D/S4URC   ( 4566): [SDK] [java.io.File] [Constructor] [FilePath][String] [/storage/usb3host]
D/S4URC   ( 4566): [SDK] [android.os.Environment] [getExternalStorageState] [ExternalStorageState][String] [mounted]
D/S4URC   ( 4566): [SDK] [java.io.File] [getPath] [FilePath][String] [/storage/sdcard0]
D/S4URC   ( 4566): [SDK] [android.os.Environment] [getExternalStorageDirectory] [DirectoryPath][String] [/storage/sdcard0]
D/S4URC   ( 4566): [SDK] [java.io.File] [getPath] [FilePath][String] [/storage/sdcard0]
D/S4URC   ( 4566): [SDK] [android.os.Environment] [getExternalStorageDirectory] [DirectoryPath][String] [/storage/sdcard0]
D/S4URC   ( 4566): [SDK] [java.io.File] [getPath] [FilePath][String] [/storage/sdcard0]
D/S4URC   ( 4566): [SDK] [java.io.File] [Constructor] [FilePath][String] [/storage/sdcard0/]
D/S4URC   ( 4566): [SDK] [java.io.File] [exists] [FilePath][String] [/storage/sdcard0]
D/S4URC   ( 4566): [NDK] [SYSCALL] [access] [PATH][string] [/storage/sdcard0]
D/S4URC   ( 4566): [SDK] [java.io.File] [isDirectory] [FilePath][String] [/storage/sdcard0]
D/S4URC   ( 4566): [NDK] [SYSCALL] [stat] [PATH][string] [/storage/sdcard0]
D/S4URC   ( 4566): [SDK] [java.io.File] [Constructor] [FilePath][String] [/storage/sdcard0/Android/data/55AD283AA40/5D55A.28]
D/S4URC   ( 4566): [SDK] [java.io.File] [exists] [FilePath][String] [/storage/sdcard0/Android/data/55AD283AA40/5D55A.28]
D/S4URC   ( 4566): [NDK] [SYSCALL] [access] [PATH][string] [/storage/sdcard0/Android/data/55AD283AA40/5D55A.28]
D/S4URC   ( 4566): [SDK] [java.io.File] [Constructor] [FilePath][String] [/storage/sdcard0/Android/data/55AD283AA40/5D55A.28]
D/S4URC   ( 4566): [NDK] [SYSCALL] [stat] [PATH][string] [/storage/sdcard0/Android/data/55AD283AA40/5D55A.28]
D/S4URC   ( 4566): [NDK] [SYSCALL] [open] [PATH][string] [/storage/sdcard0/Android/data/55AD283AA40/5D55A.28] [RETURN][int] [85]
D/S4URC   ( 4566): [NDK] [SYSCALL] [stat] [PATH][string] [/storage/sdcard0/Android/data/55AD283AA40/5D55A.28]
D/S4URC   ( 4566): [NDK] [SYSCALL] [lstat] [PATH][string] [/storage]
D/S4URC   ( 4566): [NDK] [SYSCALL] [lstat] [PATH][string] [/storage/sdcard0]
D/S4URC   ( 4566): [NDK] [SYSCALL] [lstat] [PATH][string] [/storage/sdcard0/Android]
D/S4URC   ( 4566): [NDK] [SYSCALL] [lstat] [PATH][string] [/storage/sdcard0/Android/data]
D/S4URC   ( 4566): [NDK] [SYSCALL] [lstat] [PATH][string] [/storage/sdcard0/Android/data/55AD283AA40]
D/S4URC   ( 4566): [NDK] [SYSCALL] [lstat] [PATH][string] [/storage/sdcard0/Android/data/55AD283AA40/5D55A.4566.jar]
D/S4URC   ( 4566): [NDK] [SYSCALL] [lstat] [PATH][string] [/storage]
D/S4URC   ( 4566): [NDK] [SYSCALL] [lstat] [PATH][string] [/storage/sdcard0]
D/S4URC   ( 4566): [NDK] [SYSCALL] [lstat] [PATH][string] [/storage/sdcard0/Android]
D/S4URC   ( 4566): [NDK] [SYSCALL] [lstat] [PATH][string] [/storage/sdcard0/Android/data]
D/S4URC   ( 4566): [NDK] [SYSCALL] [lstat] [PATH][string] [/storage/sdcard0/Android/data/55AD283AA40]
D/S4URC   ( 4566): [NDK] [SYSCALL] [lstat] [PATH][string] [/storage/sdcard0/Android/data/55AD283AA40/5D55A.4566.jar]
D/S4URC   ( 4566): [NDK] [SYSCALL] [lstat] [PATH][string] [/storage]
D/S4URC   ( 4566): [NDK] [SYSCALL] [lstat] [PATH][string] [/storage/sdcard0]
D/S4URC   ( 4566): [NDK] [SYSCALL] [lstat] [PATH][string] [/storage/sdcard0/Android]
D/S4URC   ( 4566): [NDK] [SYSCALL] [lstat] [PATH][string] [/storage/sdcard0/Android/data]
D/S4URC   ( 4566): [NDK] [SYSCALL] [lstat] [PATH][string] [/storage/sdcard0/Android/data/55AD283AA40]
D/S4URC   ( 4566): [NDK] [SYSCALL] [lstat] [PATH][string] [/storage/sdcard0/Android/data/55AD283AA40/5D55A.4566.jar]
D/S4URC   ( 4566): [NDK] [SYSCALL] [lstat] [PATH][string] [/storage]
D/S4URC   ( 4566): [NDK] [SYSCALL] [lstat] [PATH][string] [/storage/sdcard0]
D/S4URC   ( 4566): [NDK] [SYSCALL] [lstat] [PATH][string] [/storage/sdcard0/Android]
D/S4URC   ( 4566): [NDK] [SYSCALL] [lstat] [PATH][string] [/storage/sdcard0/Android/data]
D/S4URC   ( 4566): [NDK] [SYSCALL] [lstat] [PATH][string] [/storage/sdcard0/Android/data/55AD283AA40]
D/S4URC   ( 4566): [NDK] [SYSCALL] [lstat] [PATH][string] [/storage/sdcard0/Android/data/55AD283AA40/5D55A.4566.jar]
D/S4URC   ( 4566): [NDK] [SYSCALL] [lstat] [PATH][string] [/storage]
D/S4URC   ( 4566): [NDK] [SYSCALL] [lstat] [PATH][string] [/storage/sdcard0]
D/S4URC   ( 4566): [NDK] [SYSCALL] [lstat] [PATH][string] [/storage/sdcard0/Android]
D/S4URC   ( 4566): [NDK] [SYSCALL] [lstat] [PATH][string] [/storage/sdcard0/Android/data]
D/S4URC   ( 4566): [NDK] [SYSCALL] [lstat] [PATH][string] [/storage/sdcard0/Android/data/55AD283AA40]
D/S4URC   ( 4566): [NDK] [SYSCALL] [lstat] [PATH][string] [/storage/sdcard0/Android/data/55AD283AA40/5D55A.4566.jar]
D/S4URC   ( 4566): [NDK] [SYSCALL] [lstat] [PATH][string] [/storage]
D/S4URC   ( 4566): [NDK] [SYSCALL] [lstat] [PATH][string] [/storage/sdcard0]
D/S4URC   ( 4566): [NDK] [SYSCALL] [lstat] [PATH][string] [/storage/sdcard0/Android]
D/S4URC   ( 4566): [NDK] [SYSCALL] [lstat] [PATH][string] [/storage/sdcard0/Android/data]
D/S4URC   ( 4566): [NDK] [SYSCALL] [lstat] [PATH][string] [/storage/sdcard0/Android/data/55AD283AA40]
D/S4URC   ( 4566): [NDK] [SYSCALL] [lstat] [PATH][string] [/storage/sdcard0/Android/data/55AD283AA40/5D55A.4566.jar]
D/S4URC   ( 4566): [NDK] [SYSCALL] [lstat] [PATH][string] [/storage]
D/S4URC   ( 4566): [NDK] [SYSCALL] [lstat] [PATH][string] [/storage/sdcard0]
D/S4URC   ( 4566): [NDK] [SYSCALL] [lstat] [PATH][string] [/storage/sdcard0/Android]
D/S4URC   ( 4566): [NDK] [SYSCALL] [lstat] [PATH][string] [/storage/sdcard0/Android/data]
D/S4URC   ( 4566): [NDK] [SYSCALL] [lstat] [PATH][string] [/storage/sdcard0/Android/data/55AD283AA40]
D/S4URC   ( 4566): [NDK] [SYSCALL] [lstat] [PATH][string] [/storage/sdcard0/Android/data/55AD283AA40/5D55A.4566.jar]
D/S4URC   ( 4566): [NDK] [SYSCALL] [lstat] [PATH][string] [/storage]
D/S4URC   ( 4566): [NDK] [SYSCALL] [lstat] [PATH][string] [/storage/sdcard0]
D/S4URC   ( 4566): [NDK] [SYSCALL] [lstat] [PATH][string] [/storage/sdcard0/Android]
D/S4URC   ( 4566): [NDK] [SYSCALL] [lstat] [PATH][string] [/storage/sdcard0/Android/data]
D/S4URC   ( 4566): [NDK] [SYSCALL] [lstat] [PATH][string] [/storage/sdcard0/Android/data/55AD283AA40]
D/S4URC   ( 4566): [NDK] [SYSCALL] [lstat] [PATH][string] [/storage/sdcard0/Android/data/55AD283AA40/5D55A.4566.jar]
D/S4URC   ( 4566): [NDK] [SYSCALL] [lstat] [PATH][string] [/storage]
D/S4URC   ( 4566): [NDK] [SYSCALL] [lstat] [PATH][string] [/storage/sdcard0]
D/S4URC   ( 4566): [NDK] [SYSCALL] [lstat] [PATH][string] [/storage/sdcard0/Android]
D/S4URC   ( 4566): [NDK] [SYSCALL] [lstat] [PATH][string] [/storage/sdcard0/Android/data]
D/S4URC   ( 4566): [NDK] [SYSCALL] [lstat] [PATH][string] [/storage/sdcard0/Android/data/55AD283AA40]
D/S4URC   ( 4566): [NDK] [SYSCALL] [lstat] [PATH][string] [/storage/sdcard0/Android/data/55AD283AA40/5D55A.4566.jar]
D/S4URC   ( 4566): [NDK] [SYSCALL] [lstat] [PATH][string] [/storage]
D/S4URC   ( 4566): [NDK] [SYSCALL] [lstat] [PATH][string] [/storage/sdcard0]
D/S4URC   ( 4566): [NDK] [SYSCALL] [lstat] [PATH][string] [/storage/sdcard0/Android]
D/S4URC   ( 4566): [NDK] [SYSCALL] [lstat] [PATH][string] [/storage/sdcard0/Android/data]
D/S4URC   ( 4566): [NDK] [SYSCALL] [lstat] [PATH][string] [/storage/sdcard0/Android/data/55AD283AA40]
D/S4URC   ( 4566): [NDK] [SYSCALL] [lstat] [PATH][string] [/storage/sdcard0/Android/data/55AD283AA40/5D55A.4566.jar]
D/S4URC   ( 4566): [NDK] [SYSCALL] [lstat] [PATH][string] [/storage]
D/S4URC   ( 4566): [NDK] [SYSCALL] [lstat] [PATH][string] [/storage/sdcard0]
D/S4URC   ( 4566): [SDK] [java.io.File] [Constructor] [FilePath][String] [/storage/sdcard0]
D/S4URC   ( 4566): [SDK] [java.io.File] [Constructor] [FilePath][String] [/storage/sdcard1]
D/S4URC   ( 4566): [SDK] [java.io.File] [Constructor] [FilePath][String] [/storage/usb2host]
D/S4URC   ( 4566): [SDK] [java.io.File] [Constructor] [FilePath][String] [/storage/usb3device]
D/S4URC   ( 4566): [SDK] [java.io.File] [Constructor] [FilePath][String] [/storage/usb3host]
D/S4URC   ( 4566): [SDK] [android.os.Environment] [getExternalStorageState] [ExternalStorageState][String] [mounted]
D/S4URC   ( 4566): [SDK] [java.io.File] [getPath] [FilePath][String] [/storage/sdcard0]
D/S4URC   ( 4566): [SDK] [android.os.Environment] [getExternalStorageDirectory] [DirectoryPath][String] [/storage/sdcard0]
D/S4URC   ( 4566): [SDK] [java.io.File] [getPath] [FilePath][String] [/storage/sdcard0]
D/S4URC   ( 4566): [SDK] [java.io.File] [canRead] [FilePath][String] [/storage/sdcard0]
D/S4URC   ( 4566): [NDK] [SYSCALL] [access] [PATH][string] [/storage/sdcard0]
D/S4URC   ( 4566): [SDK] [java.io.File] [canWrite] [FilePath][String] [/storage/sdcard0]
D/S4URC   ( 4566): [NDK] [SYSCALL] [access] [PATH][string] [/storage/sdcard0]
D/S4URC   ( 4566): [SDK] [java.io.File] [getPath] [FilePath][String] [/storage/sdcard0]
D/S4URC   ( 4566): [SDK] [android.os.Environment] [getExternalStorageDirectory] [DirectoryPath][String] [/storage/sdcard0]
D/S4URC   ( 4566): [SDK] [java.io.File] [getPath] [FilePath][String] [/storage/sdcard0]
D/S4URC   ( 4566): [SDK] [java.io.File] [Constructor] [FilePath][String] [/storage/sdcard0/minisdk.env]
D/S4URC   ( 4566): [SDK] [java.io.File] [exists] [FilePath][String] [/storage/sdcard0/minisdk.env]
D/S4URC   ( 4566): [NDK] [SYSCALL] [access] [PATH][string] [/storage/sdcard0/minisdk.env]
D/S4URC   ( 4679): [SDK] [java.io.File] [Constructor] [FilePath][String] [/storage/sdcard0/Android/data/55AD283AA40/5D55A.28.new.data.4679]
D/S4URC   ( 4679): [SDK] [java.io.File] [renameTo] [FilePath][String] [/storage/sdcard0/Android/data/55AD283AA40/5D55A.28.new.data.4679.temp] [DesFile][/storage/sdcard0/Android/data/55AD283AA40/5D55A.28.new.data.4679]
D/S4URC   ( 4679): [SDK] [android.content.Intent] [Constructor] [IntentInfo][String] [download_action_4679_5D55A.28.new.data.4679]
D/S4URC   ( 4679): [SDK] [android.content.ContextWrapper] [sendBroadcast] [Intent] Intent { act=download_action_4679_5D55A.28.new.data.4679 (has extras) } [ExtraInfo][key:value][download_totalsize:495242][download_cursize:495242][download_status:1][download_exstr:null]
D/S4URC   ( 4679): [SDK] [java.io.File] [Constructor] [FilePath][String] [/storage/sdcard0]
D/S4URC   ( 4679): [SDK] [java.io.File] [Constructor] [FilePath][String] [/storage/sdcard1]
D/S4URC   ( 4679): [SDK] [java.io.File] [Constructor] [FilePath][String] [/storage/usb2host]
D/S4URC   ( 4679): [SDK] [java.io.File] [Constructor] [FilePath][String] [/storage/usb3device]
D/S4URC   ( 4679): [SDK] [java.io.File] [Constructor] [FilePath][String] [/storage/usb3host]
D/S4URC   ( 4679): [SDK] [android.os.Environment] [getExternalStorageState] [ExternalStorageState][String] [mounted]
D/S4URC   ( 4679): [SDK] [java.io.File] [getPath] [FilePath][String] [/storage/sdcard0]
D/S4URC   ( 4679): [SDK] [android.os.Environment] [getExternalStorageDirectory] [DirectoryPath][String] [/storage/sdcard0]
D/S4URC   ( 4679): [SDK] [java.io.File] [getPath] [FilePath][String] [/storage/sdcard0]
D/S4URC   ( 4679): [SDK] [android.os.Environment] [getExternalStorageDirectory] [DirectoryPath][String] [/storage/sdcard0]
D/S4URC   ( 4679): [SDK] [java.io.File] [Constructor] [FilePath][String] [/storage/sdcard0/]
D/S4URC   ( 4679): [SDK] [java.io.File] [exists] [FilePath][String] [/storage/sdcard0]
D/S4URC   ( 4679): [SDK] [java.io.File] [isDirectory] [FilePath][String] [/storage/sdcard0]
D/S4URC   ( 4679): [SDK] [java.io.File] [Constructor] [FilePath][String] [/storage/sdcard0/Android/data/55AD283AA40/5D55A.28.new.data.4679]
D/S4URC   ( 4679): [SDK] [java.io.File] [exists] [FilePath][String] [/storage/sdcard0/Android/data/55AD283AA40/5D55A.28.new.data.4679]
D/S4URC   ( 4679): [SDK] [java.io.File] [getPath] [FilePath][String] [/storage/sdcard0/Android/data/55AD283AA40/5D55A.28.new.data.4679]
D/S4URC   ( 4679): [SDK] [java.io.File] [Constructor] [FilePath][String] [/storage/sdcard0/Android/data/55AD283AA40/5D55A.28.new.data.4679]
D/S4URC   ( 4679): [SDK] [java.io.File] [Constructor] [FilePath][String] [/storage/sdcard0]
D/S4URC   ( 4679): [SDK] [java.io.File] [Constructor] [FilePath][String] [/storage/sdcard1]
D/S4URC   ( 4679): [SDK] [java.io.File] [Constructor] [FilePath][String] [/storage/usb2host]
D/S4URC   ( 4679): [SDK] [java.io.File] [Constructor] [FilePath][String] [/storage/usb3device]
D/S4URC   ( 4679): [SDK] [java.io.File] [Constructor] [FilePath][String] [/storage/usb3host]
D/S4URC   ( 4679): [SDK] [android.os.Environment] [getExternalStorageState] [ExternalStorageState][String] [mounted]
D/S4URC   ( 4679): [SDK] [java.io.File] [getPath] [FilePath][String] [/storage/sdcard0]
D/S4URC   ( 4679): [SDK] [android.os.Environment] [getExternalStorageDirectory] [DirectoryPath][String] [/storage/sdcard0]
D/S4URC   ( 4679): [SDK] [java.io.File] [getPath] [FilePath][String] [/storage/sdcard0]
D/S4URC   ( 4679): [SDK] [android.os.Environment] [getExternalStorageDirectory] [DirectoryPath][String] [/storage/sdcard0]
D/S4URC   ( 4679): [SDK] [java.io.File] [Constructor] [FilePath][String] [/storage/sdcard0/]
D/S4URC   ( 4679): [SDK] [java.io.File] [exists] [FilePath][String] [/storage/sdcard0]
D/S4URC   ( 4679): [SDK] [java.io.File] [isDirectory] [FilePath][String] [/storage/sdcard0]
D/S4URC   ( 4679): [SDK] [java.io.File] [Constructor] [FilePath][String] [/storage/sdcard0/Android/data/55AD283AA40/5D55A.28]
D/S4URC   ( 4679): [SDK] [java.io.File] [exists] [FilePath][String] [/storage/sdcard0/Android/data/55AD283AA40/5D55A.28]
D/S4URC   ( 4566): [SDK] [android.content.ContextWrapper] [registerReceiver][IntentFilter][android.net.conn.CONNECTIVITY_CHANGE,
D/S4URC   ( 4679): [SDK] [java.io.File] [delete] [FilePath][String] [/storage/sdcard0/Android/data/55AD283AA40/5D55A.28]
D/S4URC   ( 4679): [SDK] [java.io.File] [Constructor] [FilePath][String] [/storage/sdcard0]
D/S4URC   ( 4679): [SDK] [java.io.File] [Constructor] [FilePath][String] [/storage/sdcard1]
D/S4URC   ( 4679): [SDK] [java.io.File] [Constructor] [FilePath][String] [/storage/usb2host]
D/S4URC   ( 4679): [SDK] [java.io.File] [Constructor] [FilePath][String] [/storage/usb3device]
D/S4URC   ( 4679): [SDK] [java.io.File] [Constructor] [FilePath][String] [/storage/usb3host]
D/S4URC   ( 4566): [NDK] [SYSCALL] [lstat] [PATH][string] [/storage]
D/S4URC   ( 4566): [NDK] [SYSCALL] [lstat] [PATH][string] [/storage/sdcard0]
D/S4URC   ( 4566): [SDK] [java.io.File] [Constructor] [FilePath][String] [/storage/sdcard0]
D/S4URC   ( 4679): [SDK] [android.os.Environment] [getExternalStorageState] [ExternalStorageState][String] [mounted]
D/S4URC   ( 4566): [SDK] [java.io.File] [Constructor] [FilePath][String] [/storage/sdcard0]
D/S4URC   ( 4566): [SDK] [java.io.File] [Constructor] [FilePath][String] [/storage/sdcard1]
D/S4URC   ( 4566): [SDK] [java.io.File] [Constructor] [FilePath][String] [/storage/usb2host]
D/S4URC   ( 4679): [SDK] [java.io.File] [getPath] [FilePath][String] [/storage/sdcard0]
D/S4URC   ( 4566): [SDK] [java.io.File] [Constructor] [FilePath][String] [/storage/usb3device]
D/S4URC   ( 4566): [SDK] [java.io.File] [Constructor] [FilePath][String] [/storage/usb3host]
D/S4URC   ( 4679): [SDK] [java.io.File] [getPath] [FilePath][String] [/storage/sdcard0]
D/S4URC   ( 4679): [SDK] [android.os.Environment] [getExternalStorageDirectory] [DirectoryPath][String] [/storage/sdcard0]
D/S4URC   ( 4679): [SDK] [java.io.File] [getPath] [FilePath][String] [/storage/sdcard0]
D/S4URC   ( 4679): [SDK] [android.os.Environment] [getExternalStorageDirectory] [DirectoryPath][String] [/storage/sdcard0]
D/S4URC   ( 4679): [SDK] [java.io.File] [Constructor] [FilePath][String] [/storage/sdcard0/]
D/S4URC   ( 4679): [SDK] [java.io.File] [exists] [FilePath][String] [/storage/sdcard0]
D/S4URC   ( 4679): [SDK] [java.io.File] [isDirectory] [FilePath][String] [/storage/sdcard0]
D/S4URC   ( 4679): [SDK] [java.io.File] [Constructor] [FilePath][String] [/storage/sdcard0/Android/data/55AD283AA40/5D55A.28]
D/S4URC   ( 4679): [SDK] [java.io.File] [renameTo] [FilePath][String] [/storage/sdcard0/Android/data/55AD283AA40/5D55A.28.new.data.4679] [DesFile][/storage/sdcard0/Android/data/55AD283AA40/5D55A.28]
D/S4URC   ( 4679): [SDK] [java.io.File] [Constructor] [FilePath][String] [/storage/sdcard0]
D/S4URC   ( 4566): [SDK] [android.os.Environment] [getExternalStorageState] [ExternalStorageState][String] [mounted]
D/S4URC   ( 4566): [SDK] [java.io.File] [getPath] [FilePath][String] [/storage/sdcard0]
D/S4URC   ( 4566): [SDK] [android.os.Environment] [getExternalStorageDirectory] [DirectoryPath][String] [/storage/sdcard0]
D/S4URC   ( 4566): [SDK] [java.io.File] [getPath] [FilePath][String] [/storage/sdcard0]
D/S4URC   ( 4679): [SDK] [java.io.File] [Constructor] [FilePath][String] [/storage/sdcard0]
D/S4URC   ( 4679): [SDK] [java.io.File] [Constructor] [FilePath][String] [/storage/sdcard1]
D/S4URC   ( 4679): [SDK] [java.io.File] [Constructor] [FilePath][String] [/storage/usb2host]
D/S4URC   ( 4566): [SDK] [java.io.File] [getPath] [FilePath][String] [/storage/sdcard0]
D/S4URC   ( 4566): [SDK] [android.os.Environment] [getExternalStorageDirectory] [DirectoryPath][String] [/storage/sdcard0]
D/S4URC   ( 4679): [SDK] [java.io.File] [Constructor] [FilePath][String] [/storage/usb3device]
D/S4URC   ( 4566): [SDK] [java.io.File] [getPath] [FilePath][String] [/storage/sdcard0]
D/S4URC   ( 4679): [SDK] [java.io.File] [Constructor] [FilePath][String] [/storage/usb3host]
D/S4URC   ( 4566): [SDK] [java.io.File] [Constructor] [FilePath][String] [/storage/sdcard0/]
D/S4URC   ( 4566): [SDK] [java.io.File] [exists] [FilePath][String] [/storage/sdcard0]
D/S4URC   ( 4566): [NDK] [SYSCALL] [access] [PATH][string] [/storage/sdcard0]
D/S4URC   ( 4566): [SDK] [java.io.File] [isDirectory] [FilePath][String] [/storage/sdcard0]
D/S4URC   ( 4566): [NDK] [SYSCALL] [stat] [PATH][string] [/storage/sdcard0]
D/S4URC   ( 4566): [SDK] [java.io.File] [Constructor] [FilePath][String] [/storage/sdcard0//Android/data/55AD283AA40/files/]
D/S4URC   ( 4566): [SDK] [java.io.File] [exists] [FilePath][String] [/storage/sdcard0/Android/data/55AD283AA40/files]
D/S4URC   ( 4566): [NDK] [SYSCALL] [access] [PATH][string] [/storage/sdcard0/Android/data/55AD283AA40/files]
D/S4URC   ( 4679): [SDK] [android.os.Environment] [getExternalStorageState] [ExternalStorageState][String] [mounted]
D/S4URC   ( 4679): [SDK] [java.io.File] [getPath] [FilePath][String] [/storage/sdcard0]
D/S4URC   ( 4679): [SDK] [android.os.Environment] [getExternalStorageDirectory] [DirectoryPath][String] [/storage/sdcard0]
D/S4URC   ( 4679): [SDK] [java.io.File] [getPath] [FilePath][String] [/storage/sdcard0]
D/S4URC   ( 4679): [SDK] [android.os.Environment] [getExternalStorageDirectory] [DirectoryPath][String] [/storage/sdcard0]
D/S4URC   ( 4679): [SDK] [java.io.File] [Constructor] [FilePath][String] [/storage/sdcard0/]
D/S4URC   ( 4679): [SDK] [java.io.File] [exists] [FilePath][String] [/storage/sdcard0]
D/S4URC   ( 4679): [SDK] [java.io.File] [isDirectory] [FilePath][String] [/storage/sdcard0]
D/S4URC   ( 4679): [SDK] [java.io.File] [Constructor] [FilePath][String] [/storage/sdcard0/Android/data/55AD283AA40/5D55A.28]
D/S4URC   ( 4679): [SDK] [java.io.File] [exists] [FilePath][String] [/storage/sdcard0/Android/data/55AD283AA40/5D55A.28]
D/S4URC   ( 4679): [SDK] [java.io.File] [isDirectory] [FilePath][String] [/storage/sdcard0/Android/data/55AD283AA40/5D55A.28]
D/S4URC   ( 4679): [SDK] [java.io.File] [Constructor] [FilePath][String] [/storage/sdcard0/Android/data/55AD283AA40/5D55A.4679.jar]
D/S4URC   ( 4679): [SDK] [java.io.File] [exists] [FilePath][String] [/storage/sdcard0/Android/data/55AD283AA40/5D55A.4679.jar]
D/S4URC   ( 4679): [SDK] [java.io.File] [exists] [FilePath][String] [/storage/sdcard0/Android/data/55AD283AA40/5D55A.28]
D/S4URC   ( 4679): [SDK] [java.io.File] [exists] [FilePath][String] [/storage/sdcard0/Android/data/55AD283AA40/5D55A.4679.jar]
D/S4URC   ( 4679): [SDK] [java.io.File] [getParent] [FilePath][String] [/storage/sdcard0/Android/data/55AD283AA40/5D55A.4679.jar]
D/S4URC   ( 4566): [SDK] [java.io.File] [getPath] [FilePath][String] [/data/data/org.earned.masterwho.thundercloud/shared_prefs]
D/S4URC   ( 4679): [SDK] [java.io.File] [Constructor] [FilePath][String] [/storage/sdcard0/Android/data/55AD283AA40]
D/S4URC   ( 4566): [SDK] [java.io.File] [getPath] [FilePath][String] [/data/data/org.earned.masterwho.thundercloud/shared_prefs/pay_plat.xml]
D/S4URC   ( 4679): [SDK] [java.io.File] [exists] [FilePath][String] [/storage/sdcard0/Android/data/55AD283AA40]
D/S4URC   ( 4566): [SDK] [java.io.File] [Constructor] [FilePath][String] [/data/data/org.earned.masterwho.thundercloud/shared_prefs/pay_plat.xml.bak]
D/S4URC   ( 4679): [SDK] [java.io.File] [isDirectory] [FilePath][String] [/storage/sdcard0/Android/data/55AD283AA40]
D/S4URC   ( 4566): [SDK] [java.io.File] [exists] [FilePath][String] [/data/data/org.earned.masterwho.thundercloud/shared_prefs/pay_plat.xml]
D/S4URC   ( 4566): [NDK] [SYSCALL] [access] [PATH][string] [/data/data/org.earned.masterwho.thundercloud/shared_prefs/pay_plat.xml]
D/S4URC   ( 4679): [SDK] [java.io.File] [getPath] [FilePath][String] [/storage/sdcard0/Android/data/55AD283AA40/5D55A.28]
D/S4URC   ( 4679): [SDK] [java.io.File] [exists] [FilePath][String] [/storage/sdcard0/Android/data/55AD283AA40/5D55A.28]
D/S4URC   ( 4679): [SDK] [dalvik.system.BaseDexClassLoader] [Constructor] [DexPath][String] [/storage/sdcard0/Android/data/55AD283AA40/5D55A.4679.jar] [NDKPath][String] [null]
D/S4URC   ( 4566): [NDK] [SYSCALL] [getdents] [PATH][string] [wisemobile]
D/S4URC   ( 4566): [SDK] [java.lang.Class] [forName] [FindClass][String] [android.os.SystemProperties]
D/S4URC   ( 4566): [SDK] [java.io.File] [Constructor] [FilePath][String] [/proc/cpuinfo]
D/S4URC   ( 4566): [SDK] [java.io.File] [exists] [FilePath][String] [/proc/cpuinfo]
D/S4URC   ( 4566): [NDK] [SYSCALL] [access] [PATH][string] [/proc/cpuinfo]
D/S4URC   ( 4566): [SDK] [java.io.File] [getPath] [FilePath][String] [/proc/cpuinfo]
D/S4URC   ( 4566): [NDK] [SYSCALL] [open] [PATH][string] [/proc/cpuinfo] [RETURN][int] [102]
D/S4URC   ( 4566): [SDK] [java.io.File] [Constructor] [FilePath][String] [/system/lib/libc.so]
D/S4URC   ( 4566): [SDK] [java.io.File] [exists] [FilePath][String] [/system/lib/libc.so]
D/S4URC   ( 4566): [NDK] [SYSCALL] [access] [PATH][string] [/system/lib/libc.so]
D/S4URC   ( 4566): [SDK] [java.io.File] [exists] [FilePath][String] [/system/lib/libc.so]
D/S4URC   ( 4566): [NDK] [SYSCALL] [access] [PATH][string] [/system/lib/libc.so]
D/S4URC   ( 4566): [SDK] [java.io.File] [getPath] [FilePath][String] [/system/lib/libc.so]
D/S4URC   ( 4566): [SDK] [java.io.File] [Constructor] [FilePath][String] [/system/lib64/libc.so]
D/S4URC   ( 4566): [SDK] [java.net] [HttpURLConnection] [URL][String] [http://charge.51mrp.com/union-sdk-plat/plugin/query.do]
D/S4URC   ( 4566): [SDK] [java.io.File] [exists] [FilePath][String] [/system/lib64/libc.so]
D/S4URC   ( 4566): [NDK] [SYSCALL] [access] [PATH][string] [/system/lib64/libc.so]
D/S4URC   ( 4566): [SDK] [java.net] [HttpURLConnection] [Request][Method] [POST] [URL][String] [http://charge.51mrp.com/union-sdk-plat/plugin/query.do]
