D/S4URC   ( 3586): [NDK] [SYSCALL] [open] [PATH][string] [/proc/meminfo] [RETURN][int] [28]
D/S4URC   ( 3586): [SDK] [java.io.File] [getPath] [FilePath][String] [/data]
D/S4URC   ( 3586): [SDK] [android.os.Environment] [getDataDirectory] [DataDirectoryPath][String] [/data]
D/S4URC   ( 3586): [SDK] [java.io.File] [getPath] [FilePath][String] [/data]
D/S4URC   ( 3586): [NDK] [SYSCALL] [lstat] [PATH][string] [/storage]
D/S4URC   ( 3586): [NDK] [SYSCALL] [lstat] [PATH][string] [/storage/sdcard0]
D/S4URC   ( 3586): [SDK] [java.io.File] [Constructor] [FilePath][String] [/storage/sdcard0]
D/S4URC   ( 3586): [SDK] [java.io.File] [Constructor] [FilePath][String] [/storage/sdcard1]
D/S4URC   ( 3586): [SDK] [java.io.File] [Constructor] [FilePath][String] [/storage/usb2host]
D/S4URC   ( 3586): [SDK] [java.io.File] [Constructor] [FilePath][String] [/storage/usb3device]
D/S4URC   ( 3586): [SDK] [java.io.File] [Constructor] [FilePath][String] [/storage/usb3host]
D/S4URC   ( 3586): [SDK] [android.os.Environment] [getExternalStorageState] [ExternalStorageState][String] [mounted]
D/S4URC   ( 3586): [SDK] [java.io.File] [getPath] [FilePath][String] [/storage/sdcard0]
D/S4URC   ( 3586): [SDK] [android.os.Environment] [getExternalStorageDirectory] [DirectoryPath][String] [/storage/sdcard0]
D/S4URC   ( 3586): [SDK] [java.io.File] [getPath] [FilePath][String] [/storage/sdcard0]
D/S4URC   ( 3586): [SDK] [java.io.File] [getPath] [FilePath][String] [/data]
D/S4URC   ( 3586): [SDK] [android.os.Environment] [getDataDirectory] [DataDirectoryPath][String] [/data]
D/S4URC   ( 3586): [SDK] [java.io.File] [getPath] [FilePath][String] [/data]
D/S4URC   ( 3586): [SDK] [android.app.ApplicationPackageManager] [getPackageInfo] [FindPackageName][String] [zhu.hou.zhao]
D/S4URC   ( 3586): [SDK] [java.lang.Runtime] [exec] [Command][String] [logcat-d-vthreadtime]
D/S4URC   ( 3776): [NDK] [SYSCALL] [getdents] [PATH][string] [.]
D/S4URC   ( 3754): [SDK] [java.lang.Class] [forName] [FindClass][String] [java.net.HttpURLConnection]
D/S4URC   ( 3754): [SDK] [java.lang.Class] [forName] [FindClass][String] [com.android.okhttp.internal.http.HttpURLConnectionImpl]
D/S4URC   ( 3754): [SDK] [java.lang.Class] [forName] [FindClass][String] [java.net.Socket]
D/S4URC   ( 3754): [SDK] [java.lang.Class] [forName] [FindClass][String] [android.telephony.TelephonyManager]
D/S4URC   ( 3754): [SDK] [java.lang.Class] [forName] [FindClass][String] [android.os.Debug]
D/S4URC   ( 3754): [SDK] [java.lang.Class] [forName] [FindClass][String] [android.hardware.SensorManager]
D/S4URC   ( 3754): [SDK] [java.lang.Class] [forName] [FindClass][String] [android.content.res.ResourcesKey]
D/S4URC   ( 3754): [SDK] [java.lang.Class] [forName] [FindClass][String] [android.app.ResourcesManager]
D/S4URC   ( 3754): [SDK] [java.io.File] [Constructor] [FilePath][String] [/data/app/zhu.hou.zhao-1/base.apk]
D/S4URC   ( 3754): [SDK] [java.io.File] [getPath] [FilePath][String] [/data/data/zhu.hou.zhao]
D/S4URC   ( 3754): [SDK] [java.io.File] [exists] [FilePath][String] [/data/data/zhu.hou.zhao/cache]
D/S4URC   ( 3754): [SDK] [java.io.File] [getPath] [FilePath][String] [/data/data/zhu.hou.zhao/cache]
D/S4URC   ( 3754): [SDK] [android.app.ApplicationPackageManager] [getApplicationInfo] [FindApplicationName][String] [zhu.hou.zhao]
D/S4URC   ( 3754): [SDK] [android.app.ApplicationPackageManager] [getPackageInfo] [FindPackageName][String] [zhu.hou.zhao]
D/S4URC   ( 3754): [SDK] [java.io.File] [Constructor] [FilePath][String] [/data/data/zhu.hou.zhao/tx_shell/]
D/S4URC   ( 3754): [SDK] [java.io.File] [exists] [FilePath][String] [/data/data/zhu.hou.zhao/tx_shell]
D/S4URC   ( 3586): [SDK] [java.lang.Runtime] [exec] [Command][String] [/system/bin/sh-cgetprop ro.miui.ui.version.name]
D/S4URC   ( 3754): [SDK] [java.io.File] [Constructor] [FilePath][String] [/proc/3754/cmdline]
D/S4URC   ( 3754): [SDK] [java.io.File] [getPath] [FilePath][String] [/proc/3754/cmdline]
D/S4URC   ( 3754): [SDK] [android.app.ApplicationPackageManager] [getPackageInfo] [FindPackageName][String] [zhu.hou.zhao]
D/S4URC   ( 3754): [SDK] [android.app.ApplicationPackageManager] [getApplicationInfo] [FindApplicationName][String] [zhu.hou.zhao]
D/S4URC   ( 3754): [SDK] [java.lang.Class] [forName] [FindClass][String] [com.tencent.bugly.crashreport.CrashReport]
D/S4URC   ( 3754): [SDK] [java.lang.Class] [forName] [FindClass][String] [com.tencent.bugly.msdk.crashreport.CrashReport]
D/S4URC   ( 3754): [SDK] [java.lang.Class] [forName] [FindClass][String] [com.tencent.bugly.imsdk.crashreport.CrashReport]
D/S4URC   ( 3754): [SDK] [java.lang.Class] [forName] [FindClass][String] [com.tencent.bugly.tbscore.crashreport.CrashReport]
D/S4URC   ( 3754): [SDK] [java.lang.Class] [forName] [FindClass][String] [com.tencent.bugly.lejiagu.crashreport.CrashReport]
D/S4URC   ( 3754): [SDK] [java.lang.Class] [forName] [FindClass][String] [com.tencent.bugly.opengame.crashreport.CrashReport]
D/S4URC   ( 3754): [SDK] [java.lang.Class] [forName] [FindClass][String] [com.android.org.conscrypt.OpenSSLRandom]
D/S4URC   ( 3754): [SDK] [java.io.File] [getPath] [FilePath][String] [/data/data/zhu.hou.zhao]
D/S4URC   ( 3754): [SDK] [java.io.File] [exists] [FilePath][String] [/data/data/zhu.hou.zhao/files]
D/S4URC   ( 3754): [SDK] [java.io.File] [getPath] [FilePath][String] [/data/data/zhu.hou.zhao/files]
D/S4URC   ( 3780): [NDK] [SYSCALL] [getdents] [PATH][string] [.]
D/S4URC   ( 3754): [SDK] [java.io.File] [getPath] [FilePath][String] [/data/data/zhu.hou.zhao]
D/S4URC   ( 3754): [SDK] [java.io.File] [getPath] [FilePath][String] [/data/data/zhu.hou.zhao/shared_prefs]
D/S4URC   ( 3754): [SDK] [java.io.File] [getPath] [FilePath][String] [/data/data/zhu.hou.zhao/shared_prefs/bugly_data.xml]
D/S4URC   ( 3754): [SDK] [java.io.File] [Constructor] [FilePath][String] [/data/data/zhu.hou.zhao/shared_prefs/bugly_data.xml.bak]
D/S4URC   ( 3754): [SDK] [java.io.File] [exists] [FilePath][String] [/data/data/zhu.hou.zhao/shared_prefs/bugly_data.xml]
D/S4URC   ( 3754): [SDK] [android.content.ContextWrapper][getSharedPreferences] [File][bugly_data.xml] [MODE][MODE_PRIVATE]
D/S4URC   ( 3754): [SDK] [java.io.File] [exists] [FilePath][String] [/data/data/zhu.hou.zhao/shared_prefs/bugly_data.xml.bak]
D/S4URC   ( 3754): [SDK] [java.io.File] [exists] [FilePath][String] [/data/data/zhu.hou.zhao/shared_prefs/bugly_data.xml]
D/S4URC   ( 3754): [SDK] [java.io.File] [getPath] [FilePath][String] [/data/data/zhu.hou.zhao/shared_prefs/bugly_data.xml]
D/S4URC   ( 3754): [SDK] [java.io.File] [getPath] [FilePath][String] [/data/data/zhu.hou.zhao]
D/S4URC   ( 3754): [SDK] [java.io.File] [getPath] [FilePath][String] [/data/data/zhu.hou.zhao/databases]
D/S4URC   ( 3754): [SDK] [java.io.File] [isDirectory] [FilePath][String] [/data/data/zhu.hou.zhao/databases]
D/S4URC   ( 3754): [SDK] [java.io.File] [getPath] [FilePath][String] [/data/data/zhu.hou.zhao/databases/bugly_db_lejiagu]
D/S4URC   ( 3754): [SDK] [java.io.File] [getPath] [FilePath][String] [/data/data/zhu.hou.zhao]
D/S4URC   ( 3754): [SDK] [java.io.File] [exists] [FilePath][String] [/data/data/zhu.hou.zhao/app_bugly]
D/S4URC   ( 3754): [SDK] [java.io.File] [getPath] [FilePath][String] [/data/data/zhu.hou.zhao]
D/S4URC   ( 3754): [SDK] [java.io.File] [exists] [FilePath][String] [/data/data/zhu.hou.zhao/app_bugly]
D/S4URC   ( 3754): [SDK] [java.lang.Runtime] [loadLibrary] [SoPath][String] [Bugly]
D/S4URC   ( 3754): [SDK] [java.io.File] [getPath] [FilePath][String] [/data/app/zhu.hou.zhao-1/lib/arm]
D/S4URC   ( 3754): [SDK] [java.io.File] [getPath] [FilePath][String] [/data/app/zhu.hou.zhao-1/lib/arm/libBugly.so]
D/S4URC   ( 3754): [SDK] [java.io.File] [getPath] [FilePath][String] [/data/data/zhu.hou.zhao/databases/bugly_db_lejiagu]
D/S4URC   ( 3754): [SDK] [java.io.File] [exists] [FilePath][String] [/data/data/zhu.hou.zhao/app_bugly/rqd_record.eup]
D/S4URC   ( 3754): [SDK] [java.io.File] [Constructor] [FilePath][String] [/data/data/zhu.hou.zhao/app_bugly]
D/S4URC   ( 3754): [SDK] [java.io.File] [exists] [FilePath][String] [/data/data/zhu.hou.zhao/app_bugly]
D/S4URC   ( 3754): [SDK] [java.io.File] [isDirectory] [FilePath][String] [/data/data/zhu.hou.zhao/app_bugly]
D/S4URC   ( 3754): [SDK] [java.io.File] [listFiles] [FilePath][String] [/data/data/zhu.hou.zhao/app_bugly]
D/S4URC   ( 3754): [SDK] [java.io.File] [list] [FilePath][String] [/data/data/zhu.hou.zhao/app_bugly]
D/S4URC   ( 3586): [SDK] [java.lang.Runtime] [exec] [Command][String] [/system/bin/sh-cgetprop ro.build.version.emui]
D/S4URC   ( 3754): [SDK] [java.io.File] [Constructor] [FilePath][String] [/data/data/zhu.hou.zhao/app_bugly]
D/S4URC   ( 3754): [SDK] [java.io.File] [exists] [FilePath][String] [/data/data/zhu.hou.zhao/app_bugly]
D/S4URC   ( 3754): [SDK] [java.io.File] [isDirectory] [FilePath][String] [/data/data/zhu.hou.zhao/app_bugly]
D/S4URC   ( 3754): [SDK] [java.io.File] [listFiles] [FilePath][String] [/data/data/zhu.hou.zhao/app_bugly]
D/S4URC   ( 3754): [SDK] [java.io.File] [list] [FilePath][String] [/data/data/zhu.hou.zhao/app_bugly]
D/S4URC   ( 3754): [SDK] [android.content.ContextWrapper] [registerReceiver][IntentFilter][android.net.conn.CONNECTIVITY_CHANGE,
D/S4URC   ( 3754): [SDK] [java.lang.Class] [forName] [FindClass][String] [com.tencent.bugly.unity.UnityAgent]
D/S4URC   ( 3754): [SDK] [java.lang.Class] [forName] [FindClass][String] [com.tencent.bugly.cococs.Cocos2dxAgent]
D/S4URC   ( 3754): [SDK] [java.io.File] [Constructor] [FilePath][String] [/data/app/zhu.hou.zhao-1/lib/arm/libshella-2.2.7.so]
D/S4URC   ( 3754): [SDK] [java.io.File] [Constructor] [FilePath][String] [/data/data/zhu.hou.zhao/tx_shell/lib.so]
D/S4URC   ( 3754): [SDK] [java.io.File] [exists] [FilePath][String] [/data/app/zhu.hou.zhao-1/lib/arm/libshella-2.2.7.so]
D/S4URC   ( 3754): [SDK] [java.lang.Runtime] [loadLibrary] [SoPath][String] [shella-2.2.7]
D/S4URC   ( 3754): [SDK] [java.io.File] [getPath] [FilePath][String] [/data/app/zhu.hou.zhao-1/lib/arm]
D/S4URC   ( 3754): [SDK] [java.io.File] [getPath] [FilePath][String] [/data/app/zhu.hou.zhao-1/lib/arm/libshella-2.2.7.so]
D/S4URC   ( 3786): [NDK] [SYSCALL] [getdents] [PATH][string] [.]
D/S4URC   ( 3754): [SDK] [java.io.File] [Constructor] [FilePath][String] [/system/lib/libdvm.so]
D/S4URC   ( 3754): [SDK] [java.io.File] [exists] [FilePath][String] [/system/lib/libdvm.so]
D/S4URC   ( 3754): [SDK] [java.io.File] [Constructor] [FilePath][String] [/system/lib/libart.so]
D/S4URC   ( 3754): [SDK] [java.io.File] [exists] [FilePath][String] [/system/lib/libart.so]
D/S4URC   ( 3754): [SDK] [java.io.File] [Constructor] [FilePath][String] [/system/lib/libart.so]
D/S4URC   ( 3754): [SDK] [java.io.File] [getPath] [FilePath][String] [/system/lib/libart.so]
D/S4URC   ( 3754): [SDK] [java.lang.Class] [forName] [FindClass][String] [com.android.org.conscrypt.OpenSSLMessageDigestJDK$MD5]
D/S4URC   ( 3754): [SDK] [android.telephony.TelephonyManager] [getSubscriberId]
D/S4URC   ( 3754): [SDK] [android.content.ContextWrapper][getSharedPreferences] [File][bugly_data.xml] [MODE][MODE_PRIVATE] [Method][getString] [String][ip] [Return][]
D/S4URC   ( 3754): [SDK] [java.lang.Runtime] [exec] [Command][String] [/system/bin/sh-cgetprop ro.board.platform]
D/S4URC   ( 3586): [SDK] [java.lang.Runtime] [exec] [Command][String] [/system/bin/sh-cgetprop ro.lenovo.series]
D/S4URC   ( 3754): [SDK] [android.content.ContextWrapper][getSharedPreferences] [File][bugly_data.xml] [MODE][MODE_PRIVATE] [Method][getString] [String][qim] [Return][]
D/S4URC   ( 3790): [NDK] [SYSCALL] [getdents] [PATH][string] [.]
D/S4URC   ( 3754): [SDK] [java.lang.Class] [forName] [FindClass][String] [com.android.okhttp.HttpHandler]
D/S4URC   ( 3754): [SDK] [java.lang.Class] [forName] [FindClass][String] [com.android.org.conscrypt.OpenSSLContextImpl]
D/S4URC   ( 3754): [SDK] [java.lang.Class] [forName] [FindClass][String] [com.android.org.conscrypt.KeyManagerFactoryImpl]
D/S4URC   ( 3754): [SDK] [java.lang.Class] [forName] [FindClass][String] [com.android.org.bouncycastle.jcajce.provider.keystore.bc.BcKeyStoreSpi$Std]
D/S4URC   ( 3754): [SDK] [java.lang.Class] [forName] [FindClass][String] [com.android.org.conscrypt.TrustManagerFactoryImpl]
D/S4URC   ( 3754): [SDK] [java.lang.Class] [forName] [FindClass][String] [com.android.org.conscrypt.TrustedCertificateKeyStoreSpi]
D/S4URC   ( 3754): [SDK] [java.lang.Class] [forName] [FindClass][String] [com.android.org.bouncycastle.jce.provider.PKIXCertPathValidatorSpi]
D/S4URC   ( 3754): [SDK] [java.io.File] [Constructor] [FilePath][String] [/data/misc/keychain/pins]
D/S4URC   ( 3754): [SDK] [java.net] [HttpURLConnection] [URL][String] [http://rqd.uu.qq.com/rqd/sync]
D/S4URC   ( 3754): [SDK] [java.io.File] [Constructor] [FilePath][String] [/proc/meminfo]
D/S4URC   ( 3754): [SDK] [java.io.File] [getPath] [FilePath][String] [/proc/meminfo]
D/S4URC   ( 3754): [SDK] [java.io.File] [Constructor] [FilePath][String] [/system/lib64/libdvm.so]
D/S4URC   ( 3754): [SDK] [java.io.File] [exists] [FilePath][String] [/system/lib64/libdvm.so]
D/S4URC   ( 3754): [SDK] [java.io.File] [Constructor] [FilePath][String] [/storage/sdcard0]
D/S4URC   ( 3754): [SDK] [java.io.File] [Constructor] [FilePath][String] [/system/lib64/libart.so]
D/S4URC   ( 3754): [SDK] [java.io.File] [exists] [FilePath][String] [/system/lib64/libart.so]
D/S4URC   ( 3754): [SDK] [java.io.File] [Constructor] [FilePath][String] [/data/app/zhu.hou.zhao-1/base.apk]
D/S4URC   ( 3754): [SDK] [java.io.File] [exists] [FilePath][String] [/data/app/zhu.hou.zhao-1/base.apk]
D/S4URC   ( 3754): [SDK] [java.io.File] [Constructor] [FilePath][String] [/data/app/zhu.hou.zhao-1/base.apk]
D/S4URC   ( 3754): [SDK] [java.io.File] [getPath] [FilePath][String] [/data/app/zhu.hou.zhao-1/base.apk]
D/S4URC   ( 3754): [SDK] [java.io.File] [Constructor] [FilePath][String] [/storage/sdcard0]
D/S4URC   ( 3754): [SDK] [java.io.File] [Constructor] [FilePath][String] [/storage/sdcard1]
D/S4URC   ( 3754): [SDK] [java.io.File] [Constructor] [FilePath][String] [/storage/usb2host]
D/S4URC   ( 3754): [SDK] [java.io.File] [Constructor] [FilePath][String] [/storage/usb3device]
D/S4URC   ( 3754): [SDK] [java.io.File] [Constructor] [FilePath][String] [/storage/usb3host]
D/S4URC   ( 3754): [SDK] [android.os.Environment] [getExternalStorageState] [ExternalStorageState][String] [mounted]
D/S4URC   ( 3754): [SDK] [java.io.File] [getPath] [FilePath][String] [/storage/sdcard0]
D/S4URC   ( 3754): [SDK] [android.os.Environment] [getExternalStorageDirectory] [DirectoryPath][String] [/storage/sdcard0]
D/S4URC   ( 3754): [SDK] [java.io.File] [getPath] [FilePath][String] [/storage/sdcard0]
D/S4URC   ( 3754): [SDK] [java.io.File] [Constructor] [FilePath][String] [/system/app/Superuser.apk]
D/S4URC   ( 3754): [SDK] [java.io.File] [exists] [FilePath][String] [/system/app/Superuser.apk]
D/S4URC   ( 3754): [SDK] [java.lang.Runtime] [exec] [Command][String] [/system/bin/sh-ctype su]
D/S4URC   ( 3586): [SDK] [java.lang.Runtime] [exec] [Command][String] [/system/bin/sh-cgetprop ro.build.nubia.rom.name]
D/S4URC   ( 3754): [SDK] [java.io.File] [Constructor] [FilePath][String] [/data/data/zhu.hou.zhao/mix.so]
D/S4URC   ( 3754): [SDK] [java.io.File] [getParent] [FilePath][String] [/data/data/zhu.hou.zhao/mix.so]
D/S4URC   ( 3754): [SDK] [dalvik.system.DexFile] [openDexFile] [DexPath][String] [/data/data/zhu.hou.zhao/mix.dex]
D/S4URC   ( 3754): [SDK] [java.io.File] [Constructor] [FilePath][String] [/data/data/zhu.hou.zhao/mix.dex]
D/S4URC   ( 3754): [SDK] [java.io.File] [Constructor] [FilePath][String] [/data/data/zhu.hou.zhao/mix.so]
D/S4URC   ( 3797): [NDK] [SYSCALL] [getdents] [PATH][string] [.]
D/S4URC   ( 3754): [SDK] [android.content.ContextWrapper][getSharedPreferences] [File][bugly_data.xml] [MODE][MODE_PRIVATE] [Method][getString] [String][qim] [Return][]
D/S4URC   ( 3754): [SDK] [java.lang.Class] [forName] [FindClass][String] [com.android.org.bouncycastle.jcajce.provider.symmetric.DES$ECB]
D/S4URC   ( 3754): [SDK] [java.lang.Class] [forName] [FindClass][String] [com.android.org.bouncycastle.jcajce.provider.symmetric.DES$KeyFactory]
D/S4URC   ( 3754): [SDK] [javax.crypto.spec.SecretKeySpec][Constructor] [KEY][*^@K#K@!][type][DES][javax.crypto.spec.IvParameterSpec][Constructor] [IV][*^@K#K@!] [javax.crypto.Cipher][doFinal] [Data][H4sIAAAAAAAAAG2OwUrDQBRFZ1pJMboQwbfOxq7KMG8ybybBVVCKIuiiCIJIic1UxHRSElMV+gF+gJ/rwhFXgnAX99zF4TIOR6Wv2uapEuu2WbiuE+Wiad342Pd1vSWpMCcyEjPSkrZ5VWmbGlT0sNSV1Dnj8ZAx7j5PPr4O+HjU+2ffvHrzv3XKbhmP9k+lns/OLucXV9NrOLzLpZRIIRMllLD3yZKt+d45240GhYVRV6663j8GIIjKdrWxdegGRu7t3TcdRcMCU9h5aXv3Uy3EKC2aVKWZDoPSAMXvmYQECpzUbuPqRKlgURArqdHILHwIjH842AgGN7Nvyb2EKiYBAAA=] [Return][SIhLOr+HRvKRVoI4Mhd2VOnxsTUDE33dUBKfsdw3eQB/DuZPU1ePrT9abBZoMO+lnIxHsyHgdZffRcWgQNjTyl4bI3LrFP1hWb7RHvm0jBGE2YNF8bi2/rF4y7ZvVjp+kHP42/Zp4ZdsooI+w4tPokOg74EGsaU3BctbPfoXiTLmadE3Vx5AjzG5MuzYA+b2wlxjulW+xvLK+AWvmoieymL/thTjf1ixRoMcSRXu5/LyR/URsAqwdydMhGPuC8YIx3hLvNGQM7rJ0GjWYKT1OotGeDPAac8O3qvxVZaA+r/K3Z+oTKPTy44Rx12L8Xlr718gLcipf+E1wMNTHEatK7InPu8WJSXW]
D/S4URC   ( 3754): [SDK] [java.net] [HttpURLConnection] [URL][String] [http://rqd.uu.qq.com/rqd/sync]
D/S4URC   ( 3586): [SDK] [java.lang.Runtime] [exec] [Command][String] [/system/bin/sh-cgetprop ro.meizu.product.model]
D/S4URC   ( 3800): [NDK] [SYSCALL] [getdents] [PATH][string] [.]
D/S4URC   ( 3586): [SDK] [java.lang.Runtime] [exec] [Command][String] [/system/bin/sh-cgetprop ro.build.version.opporom]
D/S4URC   ( 3801): [NDK] [SYSCALL] [getdents] [PATH][string] [.]
D/S4URC   ( 3586): [SDK] [java.lang.Runtime] [exec] [Command][String] [/system/bin/sh-cgetprop ro.vivo.os.build.display.id]
D/S4URC   ( 3804): [NDK] [SYSCALL] [getdents] [PATH][string] [.]
D/S4URC   ( 3586): [SDK] [java.lang.Runtime] [exec] [Command][String] [/system/bin/sh-cgetprop ro.aa.romver]
D/S4URC   ( 3754): [SDK] [javax.crypto.spec.SecretKeySpec][Constructor] [KEY][S(@L@L@)][type][DES][javax.crypto.spec.IvParameterSpec][Constructor] [IV][S(@L@L@)] [javax.crypto.Cipher][doFinal] [Data][W00uzcjDTP5o0AyT8AeOAAe9ysSnY9dM/GLTgVvMIuwNV1l5IiXsai+gJt+NMLp4hs4ReCKtVOO+7QTbch8ypxgTd3E1LYlxcRxPPbK9c+qNB1K6xjLyKTZxOxxoxNKOphq89D/hXIgsfIhl2mp2zDx4l6jwmveRU9roNPt9VcRtrX6rOmXTGm8ob8YFatAIvyg4CHRRg6YhlI9fMc+Au3KGISBPxynidbdl9YdVIYE=] [Return][H4sIAAAAAAAAAC2Muw7CMAxFnbSqKiEkxOAZxAJMsfNo2KIOLO3GBAMzIxIjez+B7+ATiWns4dyHdEGt1EYFOMOtaY/3NOyGtMX2sk9j/sPiAeum6slgTYadSEJFQkZlhLbQzWRfel98wCU5F6ztopGTLkin+/+U7nmGxZq9kdyh7oR5ImYErNiHLDrUJHnEyhNnccqBfwGo6/R9Pyf4wA/Raoru0AAAAA==]
D/S4URC   ( 3754): [SDK] [android.content.ContextWrapper][getSharedPreferences] [File][bugly_data.xml] [MODE][MODE_PRIVATE] [Method][putString] [Key][ip] [Value][203.253.17.237]
D/S4URC   ( 3754): [SDK] [android.content.ContextWrapper][getSharedPreferences] [File][bugly_data.xml] [MODE][MODE_PRIVATE] [Method][apply]
D/S4URC   ( 3754): [SDK] [java.io.File] [exists] [FilePath][String] [/data/data/zhu.hou.zhao/shared_prefs/bugly_data.xml]
D/S4URC   ( 3754): [SDK] [java.io.File] [getPath] [FilePath][String] [/data/data/zhu.hou.zhao/shared_prefs/bugly_data.xml]
D/S4URC   ( 3754): [SDK] [java.io.File] [delete] [FilePath][String] [/data/data/zhu.hou.zhao/shared_prefs/bugly_data.xml.bak]
D/S4URC   ( 3808): [NDK] [SYSCALL] [getdents] [PATH][string] [.]
D/S4URC   ( 3586): [SDK] [java.lang.Runtime] [exec] [Command][String] [/system/bin/sh-cgetprop ro.lewa.version]
D/S4URC   ( 3810): [NDK] [SYSCALL] [getdents] [PATH][string] [.]
D/S4URC   ( 3586): [SDK] [java.lang.Runtime] [exec] [Command][String] [/system/bin/sh-cgetprop ro.gn.gnromvernumber]
D/S4URC   ( 3811): [NDK] [SYSCALL] [getdents] [PATH][string] [.]
D/S4URC   ( 3586): [SDK] [java.lang.Runtime] [exec] [Command][String] [/system/bin/sh-cgetprop ro.build.tyd.kbstyle_version]
D/S4URC   ( 3586): [SDK] [java.io.File] [exists] [FilePath][String] [/data/data/zhu.hou.zhao/files]
D/S4URC   ( 3586): [NDK] [SYSCALL] [access] [PATH][string] [/data/data/zhu.hou.zhao/files]
D/S4URC   ( 3586): [SDK] [java.io.File] [getPath] [FilePath][String] [/data/data/zhu.hou.zhao/files]
D/S4URC   ( 3812): [NDK] [SYSCALL] [getdents] [PATH][string] [.]
D/S4URC   ( 3586): [SDK] [java.io.File] [getPath] [FilePath][String] [/data/data/zhu.hou.zhao/files/AdjustIoActivityState]
D/S4URC   ( 3586): [NDK] [SYSCALL] [open] [PATH][string] [/data/data/zhu.hou.zhao/files/AdjustIoActivityState] [RETURN][int] [24]
D/S4URC   ( 3586): [SDK] [java.io.File] [getPath] [FilePath][String] [/data/data/zhu.hou.zhao/files/AdjustIoActivityState]
D/S4URC   ( 3586): [NDK] [SYSCALL] [chmod] [PATH][string] [/data/data/zhu.hou.zhao/files/AdjustIoActivityState] [MODE][int] [0660]
D/S4URC   ( 3586): [SDK] [java.io.File] [exists] [FilePath][String] [/data/data/zhu.hou.zhao/files]
D/S4URC   ( 3586): [NDK] [SYSCALL] [access] [PATH][string] [/data/data/zhu.hou.zhao/files]
D/S4URC   ( 3586): [SDK] [java.io.File] [getPath] [FilePath][String] [/data/data/zhu.hou.zhao/files]
D/S4URC   ( 3586): [SDK] [java.io.File] [getPath] [FilePath][String] [/data/data/zhu.hou.zhao/files/AdjustIoActivityState]
D/S4URC   ( 3586): [NDK] [SYSCALL] [open] [PATH][string] [/data/data/zhu.hou.zhao/files/AdjustIoActivityState] [RETURN][int] [24]
D/S4URC   ( 3586): [SDK] [java.io.File] [getPath] [FilePath][String] [/data/data/zhu.hou.zhao/files/AdjustIoActivityState]
D/S4URC   ( 3586): [NDK] [SYSCALL] [chmod] [PATH][string] [/data/data/zhu.hou.zhao/files/AdjustIoActivityState] [MODE][int] [0660]
D/S4URC   ( 3586): [SDK] [java.lang.Runtime] [exec] [Command][String] [/system/bin/sh-cgetprop ro.build.fingerprint]
D/S4URC   ( 3814): [NDK] [SYSCALL] [getdents] [PATH][string] [.]
D/S4URC   ( 3586): [SDK] [java.lang.Runtime] [exec] [Command][String] [/system/bin/sh-cgetprop ro.build.rom.id]
D/S4URC   ( 3816): [NDK] [SYSCALL] [getdents] [PATH][string] [.]
D/S4URC   ( 3586): [NDK] [SYSCALL] [access] [PATH][string] [/data/data/zhu.hou.zhao/databases/bugly_db_lejiagu-journal]
D/S4URC   ( 3586): [NDK] [SYSCALL] [stat] [PATH][string] [/data/data/zhu.hou.zhao/databases/bugly_db_lejiagu-journal]
D/S4URC   ( 3586): [NDK] [SYSCALL] [stat] [PATH][string] [/data/data/zhu.hou.zhao/databases/bugly_db_lejiagu]
D/S4URC   ( 3586): [NDK] [SYSCALL] [open] [PATH][string] [/data/data/zhu.hou.zhao/databases/bugly_db_lejiagu-journal] [RETURN][int] [78]
D/S4URC   ( 3586): [NDK] [SYSCALL] [access] [PATH][string] [/data/data/zhu.hou.zhao/databases/bugly_db_lejiagu-wal]
D/S4URC   ( 3586): [NDK] [SYSCALL] [access] [PATH][string] [/data/data/zhu.hou.zhao/databases/bugly_db_lejiagu-journal]
D/S4URC   ( 3586): [NDK] [SYSCALL] [stat] [PATH][string] [/data/data/zhu.hou.zhao/databases/bugly_db_lejiagu-journal]
D/S4URC   ( 3586): [NDK] [SYSCALL] [stat] [PATH][string] [/data/data/zhu.hou.zhao/databases/bugly_db_lejiagu]
D/S4URC   ( 3586): [NDK] [SYSCALL] [open] [PATH][string] [/data/data/zhu.hou.zhao/databases/bugly_db_lejiagu-journal] [RETURN][int] [24]
D/S4URC   ( 3586): [NDK] [SYSCALL] [access] [PATH][string] [/data/data/zhu.hou.zhao/databases/bugly_db_lejiagu-wal]
D/S4URC   ( 3586): [NDK] [SYSCALL] [stat] [PATH][string] [/data/data/zhu.hou.zhao/databases/bugly_db_lejiagu]
D/S4URC   ( 3586): [NDK] [SYSCALL] [open] [PATH][string] [/data/data/zhu.hou.zhao/databases/bugly_db_lejiagu-journal] [RETURN][int] [24]
D/S4URC   ( 3586): [NDK] [SYSCALL] [open] [PATH][string] [/data/data/zhu.hou.zhao/databases] [RETURN][int] [78]
D/S4URC   ( 3586): [SDK] [android.content.ContextWrapper][getSharedPreferences] [File][qvod.xml] [MODE][MODE_PRIVATE] [Method][getString] [String][ip] [Return][]
D/S4URC   ( 3586): [SDK] [android.content.ContextWrapper][getSharedPreferences] [File][qvod.xml] [MODE][MODE_PRIVATE] [Method][getString] [String][qim] [Return][]
D/S4URC   ( 3586): [NDK] [SYSCALL] [access] [PATH][string] [/data/data/zhu.hou.zhao/databases/bugly_db_lejiagu-journal]
D/S4URC   ( 3586): [NDK] [SYSCALL] [stat] [PATH][string] [/data/data/zhu.hou.zhao/databases/bugly_db_lejiagu-journal]
D/S4URC   ( 3586): [NDK] [SYSCALL] [stat] [PATH][string] [/data/data/zhu.hou.zhao/databases/bugly_db_lejiagu]
D/S4URC   ( 3586): [NDK] [SYSCALL] [open] [PATH][string] [/data/data/zhu.hou.zhao/databases/bugly_db_lejiagu-journal] [RETURN][int] [78]
D/S4URC   ( 3586): [NDK] [SYSCALL] [access] [PATH][string] [/data/data/zhu.hou.zhao/databases/bugly_db_lejiagu-wal]
D/S4URC   ( 3586): [SDK] [java.net] [HttpURLConnection] [URL][String] [http://rqd.uu.qq.com/rqd/sync]
D/S4URC   ( 3586): [NDK] [SYSCALL] [socket] [TYPE][string] [TCP]
D/S4URC   ( 3586): [SDK] [java.io.File] [getPath] [FilePath][String] [/data/data/zhu.hou.zhao]
D/S4URC   ( 3586): [SDK] [java.io.File] [exists] [FilePath][String] [/data/data/zhu.hou.zhao/cache]
D/S4URC   ( 3586): [NDK] [SYSCALL] [access] [PATH][string] [/data/data/zhu.hou.zhao/cache]
D/S4URC   ( 3586): [SDK] [java.io.File] [Constructor] [FilePath][String] [/data/data/zhu.hou.zhao/cacheUpdate.apk]
D/S4URC   ( 3586): [NDK] [SYSCALL] [stat] [PATH][string] [/data/data/zhu.hou.zhao/cacheUpdate.apk]
D/S4URC   ( 3586): [SDK] [java.io.File] [exists] [FilePath][String] [/data/data/zhu.hou.zhao/files]
D/S4URC   ( 3586): [NDK] [SYSCALL] [access] [PATH][string] [/data/data/zhu.hou.zhao/files]
D/S4URC   ( 3586): [SDK] [java.io.File] [getPath] [FilePath][String] [/data/data/zhu.hou.zhao/files]
D/S4URC   ( 3586): [SDK] [java.io.File] [exists] [FilePath][String] [/data/data/zhu.hou.zhao/files]
D/S4URC   ( 3586): [NDK] [SYSCALL] [access] [PATH][string] [/data/data/zhu.hou.zhao/files]
D/S4URC   ( 3586): [SDK] [java.io.File] [getPath] [FilePath][String] [/data/data/zhu.hou.zhao/files]
D/S4URC   ( 3586): [SDK] [java.io.File] [renameTo] [FilePath][String] [/data/data/zhu.hou.zhao/files/Update.temp] [DesFile][/data/data/zhu.hou.zhao/files/Update]
D/S4URC   ( 3586): [NDK] [SYSCALL] [rename] [ORIG_PATH][string] [/data/data/zhu.hou.zhao/files/Update.temp] [NEW_PATH][string] [/data/data/zhu.hou.zhao/files/Update]
D/S4URC   ( 3586): [SDK] [java.io.File] [exists] [FilePath][String] [/data/data/zhu.hou.zhao/files]
D/S4URC   ( 3586): [NDK] [SYSCALL] [access] [PATH][string] [/data/data/zhu.hou.zhao/files]
D/S4URC   ( 3586): [SDK] [java.io.File] [listFiles] [FilePath][String] [/data/data/zhu.hou.zhao/files/.um]
D/S4URC   ( 3586): [SDK] [java.io.File] [getPath] [FilePath][String] [/data/data/zhu.hou.zhao/files]
D/S4URC   ( 3586): [SDK] [java.io.File] [list] [FilePath][String] [/data/data/zhu.hou.zhao/files/.um]
D/S4URC   ( 3586): [SDK] [java.io.File] [exists] [FilePath][String] [/data/data/zhu.hou.zhao/files/Update]
D/S4URC   ( 3586): [NDK] [SYSCALL] [open] [PATH][string] [/data/data/zhu.hou.zhao/files/.um] [RETURN][int] [28]
D/S4URC   ( 3586): [NDK] [SYSCALL] [access] [PATH][string] [/data/data/zhu.hou.zhao/files/Update]
D/S4URC   ( 3586): [NDK] [SYSCALL] [getdents] [PATH][string] [..]
D/S4URC   ( 3586): [SDK] [java.io.File] [exists] [FilePath][String] [/data/data/zhu.hou.zhao/files]
D/S4URC   ( 3586): [NDK] [SYSCALL] [access] [PATH][string] [/data/data/zhu.hou.zhao/files]
D/S4URC   ( 3586): [SDK] [java.io.File] [getPath] [FilePath][String] [/data/data/zhu.hou.zhao/files]
D/S4URC   ( 3586): [SDK] [java.io.File] [getPath] [FilePath][String] [/data/data/zhu.hou.zhao/files/Update]
D/S4URC   ( 3586): [SDK] [java.io.File] [Constructor] [FilePath][String] [/data/data/zhu.hou.zhao/files/Update]
D/S4URC   ( 3586): [NDK] [SYSCALL] [stat] [PATH][string] [/data/data/zhu.hou.zhao/files/Update]
D/S4URC   ( 3586): [SDK] [java.io.File] [listFiles] [FilePath][String] [/data/data/zhu.hou.zhao/files/.um]
D/S4URC   ( 3586): [NDK] [SYSCALL] [stat] [PATH][string] [/data/data/zhu.hou.zhao/files/Update]
D/S4URC   ( 3586): [SDK] [java.io.File] [list] [FilePath][String] [/data/data/zhu.hou.zhao/files/.um]
D/S4URC   ( 3586): [NDK] [SYSCALL] [open] [PATH][string] [/data/data/zhu.hou.zhao/files/Update] [RETURN][int] [28]
D/S4URC   ( 3586): [NDK] [SYSCALL] [open] [PATH][string] [/data/data/zhu.hou.zhao/files/.um] [RETURN][int] [41]
D/S4URC   ( 3586): [NDK] [SYSCALL] [getdents] [PATH][string] [..]
D/S4URC   ( 3586): [SDK] [java.io.File] [listFiles] [FilePath][String] [/data/data/zhu.hou.zhao/files/.um]
D/S4URC   ( 3586): [SDK] [java.io.File] [list] [FilePath][String] [/data/data/zhu.hou.zhao/files/.um]
D/S4URC   ( 3586): [NDK] [SYSCALL] [open] [PATH][string] [/data/data/zhu.hou.zhao/files/.um] [RETURN][int] [41]
D/S4URC   ( 3586): [NDK] [SYSCALL] [getdents] [PATH][string] [..]
D/S4URC   ( 3586): [SDK] [java.io.File] [listFiles] [FilePath][String] [/data/data/zhu.hou.zhao/files/.um]
D/S4URC   ( 3586): [SDK] [java.io.File] [list] [FilePath][String] [/data/data/zhu.hou.zhao/files/.um]
D/S4URC   ( 3586): [NDK] [SYSCALL] [open] [PATH][string] [/data/data/zhu.hou.zhao/files/.um] [RETURN][int] [41]
D/S4URC   ( 3586): [NDK] [SYSCALL] [stat] [PATH][string] [/data/data/zhu.hou.zhao/files/Update]
D/S4URC   ( 3586): [NDK] [SYSCALL] [getdents] [PATH][string] [..]
D/S4URC   ( 3586): [SDK] [android.app.ApplicationPackageManager] [getInstalledPackages]
D/S4URC   ( 3586): [SDK] [java.io.File] [listFiles] [FilePath][String] [/data/data/zhu.hou.zhao/files/.um]
D/S4URC   ( 3586): [SDK] [java.io.File] [list] [FilePath][String] [/data/data/zhu.hou.zhao/files/.um]
D/S4URC   ( 3586): [NDK] [SYSCALL] [open] [PATH][string] [/data/data/zhu.hou.zhao/files/.um] [RETURN][int] [28]
D/S4URC   ( 3586): [NDK] [SYSCALL] [getdents] [PATH][string] [..]
D/S4URC   ( 3586): [SDK] [java.io.File] [listFiles] [FilePath][String] [/data/data/zhu.hou.zhao/files/.um]
D/S4URC   ( 3586): [SDK] [java.io.File] [list] [FilePath][String] [/data/data/zhu.hou.zhao/files/.um]
D/S4URC   ( 3586): [NDK] [SYSCALL] [open] [PATH][string] [/data/data/zhu.hou.zhao/files/.um] [RETURN][int] [28]
D/S4URC   ( 3586): [NDK] [SYSCALL] [getdents] [PATH][string] [..]
D/S4URC   ( 3586): [SDK] [java.io.File] [listFiles] [FilePath][String] [/data/data/zhu.hou.zhao/files/.um]
D/S4URC   ( 3586): [SDK] [java.io.File] [list] [FilePath][String] [/data/data/zhu.hou.zhao/files/.um]
D/S4URC   ( 3586): [NDK] [SYSCALL] [open] [PATH][string] [/data/data/zhu.hou.zhao/files/.um] [RETURN][int] [28]
D/S4URC   ( 3586): [NDK] [SYSCALL] [getdents] [PATH][string] [..]
D/S4URC   ( 3586): [SDK] [java.io.File] [listFiles] [FilePath][String] [/data/data/zhu.hou.zhao/files/.um]
D/S4URC   ( 3586): [SDK] [java.io.File] [list] [FilePath][String] [/data/data/zhu.hou.zhao/files/.um]
D/S4URC   ( 3586): [NDK] [SYSCALL] [open] [PATH][string] [/data/data/zhu.hou.zhao/files/.um] [RETURN][int] [28]
D/S4URC   ( 3586): [NDK] [SYSCALL] [getdents] [PATH][string] [..]
D/S4URC   ( 3586): [SDK] [java.io.File] [listFiles] [FilePath][String] [/data/data/zhu.hou.zhao/files/.um]
D/S4URC   ( 3586): [SDK] [java.io.File] [list] [FilePath][String] [/data/data/zhu.hou.zhao/files/.um]
D/S4URC   ( 3586): [NDK] [SYSCALL] [open] [PATH][string] [/data/data/zhu.hou.zhao/files/.um] [RETURN][int] [28]
D/S4URC   ( 3586): [NDK] [SYSCALL] [getdents] [PATH][string] [..]
D/S4URC   ( 3586): [SDK] [java.io.File] [listFiles] [FilePath][String] [/data/data/zhu.hou.zhao/files/.um]
D/S4URC   ( 3586): [SDK] [java.io.File] [list] [FilePath][String] [/data/data/zhu.hou.zhao/files/.um]
D/S4URC   ( 3586): [NDK] [SYSCALL] [open] [PATH][string] [/data/data/zhu.hou.zhao/files/.um] [RETURN][int] [28]
D/S4URC   ( 3586): [NDK] [SYSCALL] [getdents] [PATH][string] [..]
D/S4URC   ( 3586): [SDK] [java.io.File] [listFiles] [FilePath][String] [/data/data/zhu.hou.zhao/files/.um]
D/S4URC   ( 3586): [SDK] [java.io.File] [list] [FilePath][String] [/data/data/zhu.hou.zhao/files/.um]
D/S4URC   ( 3586): [NDK] [SYSCALL] [open] [PATH][string] [/data/data/zhu.hou.zhao/files/.um] [RETURN][int] [28]
D/S4URC   ( 3586): [NDK] [SYSCALL] [getdents] [PATH][string] [..]
D/S4URC   ( 3586): [SDK] [java.io.File] [listFiles] [FilePath][String] [/data/data/zhu.hou.zhao/files/.um]
D/S4URC   ( 3586): [SDK] [java.io.File] [list] [FilePath][String] [/data/data/zhu.hou.zhao/files/.um]
D/S4URC   ( 3586): [NDK] [SYSCALL] [open] [PATH][string] [/data/data/zhu.hou.zhao/files/.um] [RETURN][int] [28]
D/S4URC   ( 3586): [NDK] [SYSCALL] [getdents] [PATH][string] [..]
D/S4URC   ( 3586): [SDK] [java.io.File] [listFiles] [FilePath][String] [/data/data/zhu.hou.zhao/files/.um]
D/S4URC   ( 3586): [SDK] [java.io.File] [list] [FilePath][String] [/data/data/zhu.hou.zhao/files/.um]
D/S4URC   ( 3586): [NDK] [SYSCALL] [open] [PATH][string] [/data/data/zhu.hou.zhao/files/.um] [RETURN][int] [28]
D/S4URC   ( 3586): [NDK] [SYSCALL] [getdents] [PATH][string] [..]
D/S4URC   ( 3586): [SDK] [java.io.File] [listFiles] [FilePath][String] [/data/data/zhu.hou.zhao/files/.um]
D/S4URC   ( 3586): [SDK] [java.io.File] [list] [FilePath][String] [/data/data/zhu.hou.zhao/files/.um]
D/S4URC   ( 3586): [NDK] [SYSCALL] [open] [PATH][string] [/data/data/zhu.hou.zhao/files/.um] [RETURN][int] [28]
D/S4URC   ( 3586): [NDK] [SYSCALL] [getdents] [PATH][string] [..]
D/S4URC   ( 3586): [SDK] [java.io.File] [listFiles] [FilePath][String] [/data/data/zhu.hou.zhao/files/.um]
D/S4URC   ( 3586): [SDK] [java.io.File] [list] [FilePath][String] [/data/data/zhu.hou.zhao/files/.um]
D/S4URC   ( 3586): [NDK] [SYSCALL] [open] [PATH][string] [/data/data/zhu.hou.zhao/files/.um] [RETURN][int] [28]
D/S4URC   ( 3586): [NDK] [SYSCALL] [getdents] [PATH][string] [..]
D/S4URC   ( 3586): [SDK] [java.io.File] [listFiles] [FilePath][String] [/data/data/zhu.hou.zhao/files/.um]
D/S4URC   ( 3586): [SDK] [java.io.File] [list] [FilePath][String] [/data/data/zhu.hou.zhao/files/.um]
D/S4URC   ( 3586): [NDK] [SYSCALL] [open] [PATH][string] [/data/data/zhu.hou.zhao/files/.um] [RETURN][int] [28]
D/S4URC   ( 3586): [NDK] [SYSCALL] [getdents] [PATH][string] [..]
D/S4URC   ( 3586): [SDK] [android.content.ContentResolver] [registerContentObserver] [URL][String] [content://settings/system/enable_stylus_gestures]
D/S4URC   ( 3586): [SDK] [java.io.File] [exists] [FilePath][String] [/data/data/zhu.hou.zhao/files]
D/S4URC   ( 3586): [NDK] [SYSCALL] [access] [PATH][string] [/data/data/zhu.hou.zhao/files]
D/S4URC   ( 3586): [SDK] [java.io.File] [getPath] [FilePath][String] [/data/data/zhu.hou.zhao/files]
D/S4URC   ( 3586): [SDK] [java.io.File] [exists] [FilePath][String] [/data/data/zhu.hou.zhao/files/Update]
D/S4URC   ( 3586): [NDK] [SYSCALL] [access] [PATH][string] [/data/data/zhu.hou.zhao/files/Update]
D/S4URC   ( 3586): [SDK] [java.io.File] [exists] [FilePath][String] [/data/data/zhu.hou.zhao/files]
D/S4URC   ( 3586): [NDK] [SYSCALL] [access] [PATH][string] [/data/data/zhu.hou.zhao/files]
D/S4URC   ( 3586): [SDK] [java.io.File] [getPath] [FilePath][String] [/data/data/zhu.hou.zhao/files]
D/S4URC   ( 3586): [SDK] [android.content.Intent] [Constructor] [IntentInfo][String] [android.intent.action.VIEW]
D/S4URC   ( 3586): [SDK] [java.io.File] [listFiles] [FilePath][String] [/data/data/zhu.hou.zhao/files/.um]
D/S4URC   ( 3586): [SDK] [java.io.File] [list] [FilePath][String] [/data/data/zhu.hou.zhao/files/.um]
D/S4URC   ( 3586): [NDK] [SYSCALL] [open] [PATH][string] [/data/data/zhu.hou.zhao/files/.um] [RETURN][int] [28]
D/S4URC   ( 3586): [NDK] [SYSCALL] [getdents] [PATH][string] [..]
D/S4URC   ( 3586): [SDK] [java.io.File] [listFiles] [FilePath][String] [/data/data/zhu.hou.zhao/files/.um]
D/S4URC   ( 3586): [SDK] [java.io.File] [list] [FilePath][String] [/data/data/zhu.hou.zhao/files/.um]
D/S4URC   ( 3586): [NDK] [SYSCALL] [open] [PATH][string] [/data/data/zhu.hou.zhao/files/.um] [RETURN][int] [28]
D/S4URC   ( 3586): [NDK] [SYSCALL] [getdents] [PATH][string] [..]
D/S4URC   ( 3586): [SDK] [java.io.File] [listFiles] [FilePath][String] [/data/data/zhu.hou.zhao/files/.um]
D/S4URC   ( 3586): [SDK] [java.io.File] [list] [FilePath][String] [/data/data/zhu.hou.zhao/files/.um]
D/S4URC   ( 3586): [NDK] [SYSCALL] [open] [PATH][string] [/data/data/zhu.hou.zhao/files/.um] [RETURN][int] [28]
D/S4URC   ( 3586): [NDK] [SYSCALL] [getdents] [PATH][string] [..]
D/S4URC   ( 3586): [SDK] [java.io.File] [listFiles] [FilePath][String] [/data/data/zhu.hou.zhao/files/.um]
D/S4URC   ( 3586): [SDK] [java.io.File] [list] [FilePath][String] [/data/data/zhu.hou.zhao/files/.um]
D/S4URC   ( 3586): [NDK] [SYSCALL] [open] [PATH][string] [/data/data/zhu.hou.zhao/files/.um] [RETURN][int] [28]
D/S4URC   ( 3586): [NDK] [SYSCALL] [getdents] [PATH][string] [..]
D/S4URC   ( 3586): [NDK] [SYSCALL] [unlink] [PATH][string] [/data/data/zhu.hou.zhao/cache/com.android.opengl.shaders_cache]
D/S4URC   ( 3586): [SDK] [java.io.File] [getPath] [FilePath][String] [/storage/sdcard0]
D/S4URC   ( 3586): [SDK] [android.os.Environment] [getExternalStorageDirectory] [DirectoryPath][String] [/storage/sdcard0]
D/S4URC   ( 3586): [SDK] [java.io.File] [getPath] [FilePath][String] [/storage/sdcard0]
D/S4URC   ( 3586): [SDK] [java.io.File] [Constructor] [FilePath][String] [/storage/sdcard0/qvod/logs/]
D/S4URC   ( 3586): [SDK] [java.io.File] [exists] [FilePath][String] [/storage/sdcard0/qvod/logs]
D/S4URC   ( 3586): [NDK] [SYSCALL] [access] [PATH][string] [/storage/sdcard0/qvod/logs]
D/S4URC   ( 3586): [SDK] [java.io.File] [mkdirs] [FilePath][String] [/storage/sdcard0/qvod/logs]
D/S4URC   ( 3586): [NDK] [SYSCALL] [mkdir] [PATH][string] [/storage/sdcard0/qvod/logs] [MODE][int] [0700]
D/S4URC   ( 3586): [SDK] [java.io.File] [exists] [FilePath][String] [/storage/sdcard0/qvod/logs/http.log]
D/S4URC   ( 3586): [NDK] [SYSCALL] [access] [PATH][string] [/storage/sdcard0/qvod/logs/http.log]
D/S4URC   ( 3586): [SDK] [java.io.File] [createNewFile] [FilePath][String] [/storage/sdcard0/qvod/logs/http.log]
D/S4URC   ( 3586): [NDK] [SYSCALL] [open] [PATH][string] [/storage/sdcard0/qvod/logs/http.log] [RETURN][int] [28]
D/S4URC   ( 3586): [SDK] [java.io.File] [getPath] [FilePath][String] [/storage/sdcard0/qvod/logs/http.log]
D/S4URC   ( 3586): [NDK] [SYSCALL] [open] [PATH][string] [/storage/sdcard0/qvod/logs/http.log] [RETURN][int] [28]
D/S4URC   ( 3586): [SDK] [android.content.ContextWrapper][getSharedPreferences] [File][umeng_general_config.xml] [MODE][MODE_PRIVATE]
D/S4URC   ( 3586): [SDK] [android.content.ContextWrapper][getSharedPreferences] [File][umeng_general_config.xml] [MODE][MODE_PRIVATE] [Method][getIong] [Iong][a_start_time] [Return][1535790251400]
D/S4URC   ( 3586): [SDK] [android.content.ContextWrapper][getSharedPreferences] [File][umeng_general_config.xml] [MODE][MODE_PRIVATE] [Method][getIong] [Iong][a_end_time] [Return][0]
D/S4URC   ( 3586): [SDK] [android.content.ContextWrapper][getSharedPreferences] [File][umeng_general_config.xml] [MODE][MODE_PRIVATE] [Method][getString] [String][session_id] [Return][41C9BD20D896CB72303CE3883E459A11]
D/S4URC   ( 3586): [SDK] [android.content.ContextWrapper][getSharedPreferences] [File][umeng_general_config.xml] [MODE][MODE_PRIVATE] [Method][putLong] [Key][a_start_time] [Value][1535790260759]
D/S4URC   ( 3586): [SDK] [android.content.ContextWrapper][getSharedPreferences] [File][umeng_general_config.xml] [MODE][MODE_PRIVATE] [Method][putLong] [Key][a_end_time] [Value][0]
D/S4URC   ( 3586): [SDK] [java.io.File] [exists] [FilePath][String] [/data/data/zhu.hou.zhao/shared_prefs/umeng_general_config.xml]
D/S4URC   ( 3586): [NDK] [SYSCALL] [access] [PATH][string] [/data/data/zhu.hou.zhao/shared_prefs/umeng_general_config.xml]
D/S4URC   ( 3586): [SDK] [java.io.File] [exists] [FilePath][String] [/data/data/zhu.hou.zhao/shared_prefs/umeng_general_config.xml.bak]
D/S4URC   ( 3586): [NDK] [SYSCALL] [access] [PATH][string] [/data/data/zhu.hou.zhao/shared_prefs/umeng_general_config.xml.bak]
D/S4URC   ( 3586): [SDK] [java.io.File] [renameTo] [FilePath][String] [/data/data/zhu.hou.zhao/shared_prefs/umeng_general_config.xml] [DesFile][/data/data/zhu.hou.zhao/shared_prefs/umeng_general_config.xml.bak]
D/S4URC   ( 3586): [NDK] [SYSCALL] [rename] [ORIG_PATH][string] [/data/data/zhu.hou.zhao/shared_prefs/umeng_general_config.xml] [NEW_PATH][string] [/data/data/zhu.hou.zhao/shared_prefs/umeng_general_config.xml.bak]
D/S4URC   ( 3586): [SDK] [java.io.File] [getPath] [FilePath][String] [/data/data/zhu.hou.zhao/shared_prefs/umeng_general_config.xml]
D/S4URC   ( 3586): [NDK] [SYSCALL] [open] [PATH][string] [/data/data/zhu.hou.zhao/shared_prefs/umeng_general_config.xml] [RETURN][int] [41]
D/S4URC   ( 3586): [SDK] [java.io.File] [getPath] [FilePath][String] [/data/data/zhu.hou.zhao/shared_prefs/umeng_general_config.xml]
D/S4URC   ( 3586): [NDK] [SYSCALL] [chmod] [PATH][string] [/data/data/zhu.hou.zhao/shared_prefs/umeng_general_config.xml] [MODE][int] [0660]
D/S4URC   ( 3586): [SDK] [java.io.File] [getPath] [FilePath][String] [/data/data/zhu.hou.zhao/shared_prefs/umeng_general_config.xml]
D/S4URC   ( 3586): [NDK] [SYSCALL] [stat] [PATH][string] [/data/data/zhu.hou.zhao/shared_prefs/umeng_general_config.xml]
D/S4URC   ( 3586): [SDK] [java.io.File] [delete] [FilePath][String] [/data/data/zhu.hou.zhao/shared_prefs/umeng_general_config.xml.bak]
D/S4URC   ( 3586): [NDK] [SYSCALL] [lstat] [PATH][string] [/data/data/zhu.hou.zhao/shared_prefs/umeng_general_config.xml.bak]
D/S4URC   ( 3586): [NDK] [SYSCALL] [unlink] [PATH][string] [/data/data/zhu.hou.zhao/shared_prefs/umeng_general_config.xml.bak]
D/S4URC   ( 3586): [SDK] [android.content.ContextWrapper][getSharedPreferences] [File][umeng_general_config.xml] [MODE][MODE_PRIVATE] [Method][commit]
D/S4URC   ( 3586): [SDK] [java.io.File] [getPath] [FilePath][String] [/storage/sdcard0]
D/S4URC   ( 3586): [SDK] [android.os.Environment] [getExternalStorageDirectory] [DirectoryPath][String] [/storage/sdcard0]
D/S4URC   ( 3586): [SDK] [java.io.File] [getPath] [FilePath][String] [/storage/sdcard0]
D/S4URC   ( 3586): [SDK] [java.io.File] [Constructor] [FilePath][String] [/storage/sdcard0/qvod/logs/]
D/S4URC   ( 3586): [SDK] [java.io.File] [exists] [FilePath][String] [/storage/sdcard0/qvod/logs]
D/S4URC   ( 3586): [NDK] [SYSCALL] [access] [PATH][string] [/storage/sdcard0/qvod/logs]
D/S4URC   ( 3586): [SDK] [java.io.File] [exists] [FilePath][String] [/storage/sdcard0/qvod/logs/http.log]
D/S4URC   ( 3586): [NDK] [SYSCALL] [access] [PATH][string] [/storage/sdcard0/qvod/logs/http.log]
D/S4URC   ( 3586): [SDK] [java.io.File] [getPath] [FilePath][String] [/storage/sdcard0/qvod/logs/http.log]
D/S4URC   ( 3586): [NDK] [SYSCALL] [open] [PATH][string] [/storage/sdcard0/qvod/logs/http.log] [RETURN][int] [28]
D/S4URC   ( 3586): [SDK] [android.content.ContextWrapper][getSharedPreferences] [File][umeng_general_config.xml] [MODE][MODE_PRIVATE]
D/S4URC   ( 3586): [SDK] [android.content.ContextWrapper][getSharedPreferences] [File][umeng_general_config.xml] [MODE][MODE_PRIVATE] [Method][getIong] [Iong][a_start_time] [Return][1535790260759]
D/S4URC   ( 3586): [SDK] [android.content.ContextWrapper][getSharedPreferences] [File][umeng_general_config.xml] [MODE][MODE_PRIVATE] [Method][getIong] [Iong][a_end_time] [Return][0]
D/S4URC   ( 3586): [SDK] [android.content.ContextWrapper][getSharedPreferences] [File][umeng_general_config.xml] [MODE][MODE_PRIVATE] [Method][getString] [String][session_id] [Return][41C9BD20D896CB72303CE3883E459A11]
D/S4URC   ( 3586): [SDK] [android.content.ContextWrapper][getSharedPreferences] [File][umeng_general_config.xml] [MODE][MODE_PRIVATE] [Method][putLong] [Key][a_start_time] [Value][1535790260923]
D/S4URC   ( 3586): [SDK] [android.content.ContextWrapper][getSharedPreferences] [File][umeng_general_config.xml] [MODE][MODE_PRIVATE] [Method][putLong] [Key][a_end_time] [Value][0]
D/S4URC   ( 3586): [SDK] [java.io.File] [exists] [FilePath][String] [/data/data/zhu.hou.zhao/shared_prefs/umeng_general_config.xml]
D/S4URC   ( 3586): [NDK] [SYSCALL] [access] [PATH][string] [/data/data/zhu.hou.zhao/shared_prefs/umeng_general_config.xml]
D/S4URC   ( 3586): [SDK] [java.io.File] [exists] [FilePath][String] [/data/data/zhu.hou.zhao/shared_prefs/umeng_general_config.xml.bak]
D/S4URC   ( 3586): [NDK] [SYSCALL] [access] [PATH][string] [/data/data/zhu.hou.zhao/shared_prefs/umeng_general_config.xml.bak]
D/S4URC   ( 3586): [SDK] [java.io.File] [renameTo] [FilePath][String] [/data/data/zhu.hou.zhao/shared_prefs/umeng_general_config.xml] [DesFile][/data/data/zhu.hou.zhao/shared_prefs/umeng_general_config.xml.bak]
D/S4URC   ( 3586): [NDK] [SYSCALL] [rename] [ORIG_PATH][string] [/data/data/zhu.hou.zhao/shared_prefs/umeng_general_config.xml] [NEW_PATH][string] [/data/data/zhu.hou.zhao/shared_prefs/umeng_general_config.xml.bak]
D/S4URC   ( 3586): [SDK] [java.io.File] [getPath] [FilePath][String] [/data/data/zhu.hou.zhao/shared_prefs/umeng_general_config.xml]
D/S4URC   ( 3586): [NDK] [SYSCALL] [open] [PATH][string] [/data/data/zhu.hou.zhao/shared_prefs/umeng_general_config.xml] [RETURN][int] [41]
D/S4URC   ( 3586): [SDK] [java.io.File] [getPath] [FilePath][String] [/data/data/zhu.hou.zhao/shared_prefs/umeng_general_config.xml]
D/S4URC   ( 3586): [NDK] [SYSCALL] [chmod] [PATH][string] [/data/data/zhu.hou.zhao/shared_prefs/umeng_general_config.xml] [MODE][int] [0660]
D/S4URC   ( 3586): [SDK] [java.io.File] [getPath] [FilePath][String] [/data/data/zhu.hou.zhao/shared_prefs/umeng_general_config.xml]
D/S4URC   ( 3586): [NDK] [SYSCALL] [stat] [PATH][string] [/data/data/zhu.hou.zhao/shared_prefs/umeng_general_config.xml]
D/S4URC   ( 3586): [SDK] [java.io.File] [delete] [FilePath][String] [/data/data/zhu.hou.zhao/shared_prefs/umeng_general_config.xml.bak]
D/S4URC   ( 3586): [NDK] [SYSCALL] [lstat] [PATH][string] [/data/data/zhu.hou.zhao/shared_prefs/umeng_general_config.xml.bak]
D/S4URC   ( 3586): [NDK] [SYSCALL] [unlink] [PATH][string] [/data/data/zhu.hou.zhao/shared_prefs/umeng_general_config.xml.bak]
D/S4URC   ( 3586): [SDK] [android.content.ContextWrapper][getSharedPreferences] [File][umeng_general_config.xml] [MODE][MODE_PRIVATE] [Method][commit]
D/S4URC   ( 3586): [SDK] [android.content.ContextWrapper][getSharedPreferences] [File][qvod.xml] [MODE][MODE_PRIVATE]
D/S4URC   ( 3586): [SDK] [android.content.ContextWrapper][getSharedPreferences] [File][qvod.xml] [MODE][MODE_PRIVATE] [Method][getString] [String][cache_ads] [Return][null]
D/S4URC   ( 3586): [SDK] [java.io.File] [getPath] [FilePath][String] [/storage/sdcard0]
D/S4URC   ( 3586): [SDK] [android.os.Environment] [getExternalStorageDirectory] [DirectoryPath][String] [/storage/sdcard0]
D/S4URC   ( 3586): [SDK] [java.io.File] [getPath] [FilePath][String] [/storage/sdcard0]
D/S4URC   ( 3586): [SDK] [java.io.File] [Constructor] [FilePath][String] [/storage/sdcard0/qvod/logs/]
D/S4URC   ( 3586): [SDK] [java.io.File] [exists] [FilePath][String] [/storage/sdcard0/qvod/logs]
D/S4URC   ( 3586): [NDK] [SYSCALL] [access] [PATH][string] [/storage/sdcard0/qvod/logs]
D/S4URC   ( 3586): [SDK] [java.io.File] [exists] [FilePath][String] [/storage/sdcard0/qvod/logs/http.log]
D/S4URC   ( 3586): [NDK] [SYSCALL] [access] [PATH][string] [/storage/sdcard0/qvod/logs/http.log]
D/S4URC   ( 3586): [SDK] [java.io.File] [getPath] [FilePath][String] [/storage/sdcard0/qvod/logs/http.log]
D/S4URC   ( 3586): [NDK] [SYSCALL] [open] [PATH][string] [/storage/sdcard0/qvod/logs/http.log] [RETURN][int] [28]
D/S4URC   ( 3586): [SDK] [android.content.ContextWrapper] [registerReceiver][IntentFilter][com.update.adv,
D/S4URC   ( 3586): [SDK] [android.content.ContextWrapper][getSharedPreferences] [File][qvod.xml] [MODE][MODE_PRIVATE] [Method][getInt] [Int][page] [Return][0]
D/S4URC   ( 3586): [SDK] [java.io.File] [getPath] [FilePath][String] [/storage/sdcard0]
D/S4URC   ( 3586): [SDK] [android.os.Environment] [getExternalStorageDirectory] [DirectoryPath][String] [/storage/sdcard0]
D/S4URC   ( 3586): [SDK] [java.io.File] [getPath] [FilePath][String] [/storage/sdcard0]
D/S4URC   ( 3586): [SDK] [java.io.File] [Constructor] [FilePath][String] [/storage/sdcard0/qvod/logs/]
D/S4URC   ( 3586): [SDK] [java.io.File] [exists] [FilePath][String] [/storage/sdcard0/qvod/logs]
D/S4URC   ( 3586): [NDK] [SYSCALL] [access] [PATH][string] [/storage/sdcard0/qvod/logs]
D/S4URC   ( 3586): [SDK] [java.io.File] [exists] [FilePath][String] [/storage/sdcard0/qvod/logs/http.log]
D/S4URC   ( 3586): [NDK] [SYSCALL] [access] [PATH][string] [/storage/sdcard0/qvod/logs/http.log]
D/S4URC   ( 3586): [SDK] [java.io.File] [getPath] [FilePath][String] [/storage/sdcard0/qvod/logs/http.log]
D/S4URC   ( 3586): [NDK] [SYSCALL] [open] [PATH][string] [/storage/sdcard0/qvod/logs/http.log] [RETURN][int] [41]
D/S4URC   ( 3586): [SDK] [android.app.ApplicationPackageManager] [getApplicationInfo] [FindApplicationName][String] [zhu.hou.zhao]
D/S4URC   ( 3586): [SDK] [java.io.File] [getPath] [FilePath][String] [/storage/sdcard0]
D/S4URC   ( 3586): [SDK] [android.os.Environment] [getExternalStorageDirectory] [DirectoryPath][String] [/storage/sdcard0]
D/S4URC   ( 3586): [SDK] [java.io.File] [getPath] [FilePath][String] [/storage/sdcard0]
D/S4URC   ( 3586): [SDK] [java.io.File] [Constructor] [FilePath][String] [/storage/sdcard0/qvod/logs/]
D/S4URC   ( 3586): [SDK] [java.io.File] [exists] [FilePath][String] [/storage/sdcard0/qvod/logs]
D/S4URC   ( 3586): [NDK] [SYSCALL] [access] [PATH][string] [/storage/sdcard0/qvod/logs]
D/S4URC   ( 3586): [SDK] [java.io.File] [exists] [FilePath][String] [/storage/sdcard0/qvod/logs/http.log]
D/S4URC   ( 3586): [NDK] [SYSCALL] [access] [PATH][string] [/storage/sdcard0/qvod/logs/http.log]
D/S4URC   ( 3586): [SDK] [java.io.File] [getPath] [FilePath][String] [/storage/sdcard0/qvod/logs/http.log]
D/S4URC   ( 3586): [NDK] [SYSCALL] [open] [PATH][string] [/storage/sdcard0/qvod/logs/http.log] [RETURN][int] [28]
D/S4URC   ( 3586): [SDK] [android.content.Intent] [Constructor] [IntentInfo][String] [com.android.mogo]
D/S4URC   ( 3586): [SDK] [android.content.ContextWrapper][getSharedPreferences] [File][qvod.xml] [MODE][MODE_PRIVATE] [Method][getString] [String][mogo_rsdk_install_pkg] [Return][null]
D/S4URC   ( 3586): [SDK] [android.content.ContextWrapper][getSharedPreferences] [File][qvod.xml] [MODE][MODE_PRIVATE] [Method][getString] [String][mogo_dp_install_pkg] [Return][null]
D/S4URC   ( 3586): [SDK] [android.app.ApplicationPackageManager] [getInstalledPackages]
D/S4URC   ( 3586): [SDK] [java.io.File] [getPath] [FilePath][String] [/storage/sdcard0]
D/S4URC   ( 3586): [SDK] [android.os.Environment] [getExternalStorageDirectory] [DirectoryPath][String] [/storage/sdcard0]
D/S4URC   ( 3586): [SDK] [java.io.File] [getPath] [FilePath][String] [/storage/sdcard0]
