D/S4URC   ( 2315): [NDK] [SYSCALL] [access] [PATH][string] [/data/data/com.joyme.qmqsgllb.egame/egame]
D/S4URC   ( 2315): [SDK] [java.io.File] [list] [FilePath][String] [/data/data/com.joyme.qmqsgllb.egame/egame]
D/S4URC   ( 2315): [NDK] [SYSCALL] [open] [PATH][string] [/data/data/com.joyme.qmqsgllb.egame/egame] [RETURN][int] [35]
D/S4URC   ( 2315): [NDK] [SYSCALL] [getdents] [PATH][string] [..]
D/S4URC   ( 2315): [SDK] [java.io.File] [getPath] [FilePath][String] [/data/data/com.joyme.qmqsgllb.egame/egame]
D/S4URC   ( 2315): [SDK] [java.io.File] [getName] [FilePath][String] [/data/data/com.joyme.qmqsgllb.egame/egame/EGAME_124]
D/S4URC   ( 2315): [SDK] [java.io.File] [Constructor] [FilePath][String] [/data/data/com.joyme.qmqsgllb.egame/egame/EGAME_124/libs/armeabi-v7a/libegamepay_private_dr2.so]
D/S4URC   ( 2315): [SDK] [java.io.File] [Constructor] [FilePath][String] [/data/data/com.joyme.qmqsgllb.egame/egame/EGAME_124/libs/armeabi-v7a/libcrypt_sign.so]
D/S4URC   ( 2315): [SDK] [java.io.File] [exists] [FilePath][String] [/data/data/com.joyme.qmqsgllb.egame/egame/EGAME_124/libs/armeabi-v7a/libegamepay_private_dr2.so]
D/S4URC   ( 2315): [NDK] [SYSCALL] [access] [PATH][string] [/data/data/com.joyme.qmqsgllb.egame/egame/EGAME_124/libs/armeabi-v7a/libegamepay_private_dr2.so]
D/S4URC   ( 2315): [SDK] [java.io.File] [isFile] [FilePath][String] [/data/data/com.joyme.qmqsgllb.egame/egame/EGAME_124/libs/armeabi-v7a/libegamepay_private_dr2.so]
D/S4URC   ( 2315): [NDK] [SYSCALL] [stat] [PATH][string] [/data/data/com.joyme.qmqsgllb.egame/egame/EGAME_124/libs/armeabi-v7a/libegamepay_private_dr2.so]
D/S4URC   ( 2315): [SDK] [java.io.File] [exists] [FilePath][String] [/data/data/com.joyme.qmqsgllb.egame/egame/EGAME_124/libs/armeabi-v7a/libcrypt_sign.so]
D/S4URC   ( 2315): [NDK] [SYSCALL] [access] [PATH][string] [/data/data/com.joyme.qmqsgllb.egame/egame/EGAME_124/libs/armeabi-v7a/libcrypt_sign.so]
D/S4URC   ( 2315): [NDK] [SYSCALL] [open] [PATH][string] [/proc/2340/stat] [RETURN][int] [35]
D/S4URC   ( 2315): [NDK] [SYSCALL] [open] [PATH][string] [/proc/2339/stat] [RETURN][int] [38]
D/S4URC   ( 2315): [SDK] [java.lang.Class] [forName] [FindClass][String] [com.android.org.conscrypt.OpenSSLSignature$MD5RSA]
D/S4URC   ( 2315): [NDK] [SYSCALL] [open] [PATH][string] [/proc/2339/stat] [RETURN][int] [35]
D/S4URC   ( 2315): [NDK] [SYSCALL] [open] [PATH][string] [/proc/2340/stat] [RETURN][int] [35]
D/S4URC   ( 2315): [SDK] [android.telephony.TelephonyManager] [getSubscriberId]
D/S4URC   ( 2315): [SDK] [android.app.ApplicationPackageManager] [getApplicationInfo] [FindApplicationName][String] [com.joyme.qmqsgllb.egame]
D/S4URC   ( 2315): [SDK] [java.io.File] [getPath] [FilePath][String] [/storage/sdcard0]
D/S4URC   ( 2315): [SDK] [android.os.Environment] [getExternalStorageDirectory] [DirectoryPath][String] [/storage/sdcard0]
D/S4URC   ( 2315): [SDK] [java.lang.Class] [forName] [FindClass][String] [com.alipay.sdk.app.PayTask]
D/S4URC   ( 2315): [SDK] [java.lang.Class] [forName] [FindClass][String] [com.iapppay.sdk.main.IAppPay]
D/S4URC   ( 2315): [SDK] [java.lang.Class] [forName] [FindClass][String] [com.unionpay.UPPayAssistEx]
D/S4URC   ( 2315): [SDK] [java.lang.Class] [forName] [FindClass][String] [com.bestpay.plugin.Plugin]
D/S4URC   ( 2315): [SDK] [java.lang.Class] [forName] [FindClass][String] [com.ipaynow.plugin.api.a]
D/S4URC   ( 2315): [SDK] [java.lang.Class] [forName] [FindClass][String] [cn.egame.terminal.hm.feechannel.Utils]
D/S4URC   ( 2315): [SDK] [android.app.ApplicationPackageManager] [getPackageInfo] [FindPackageName][String] [com.joyme.qmqsgllb.egame]
D/S4URC   ( 2315): [SDK] [java.io.File] [Constructor] [FilePath][String] [/mnt/asec/com.joyme.qmqsgllb.egame-1/base.apk]
D/S4URC   ( 2315): [SDK] [java.io.File] [getPath] [FilePath][String] [/mnt/asec/com.joyme.qmqsgllb.egame-1/base.apk]
D/S4URC   ( 2315): [NDK] [SYSCALL] [open] [PATH][string] [/proc/2339/stat] [RETURN][int] [38]
D/S4URC   ( 2315): [NDK] [SYSCALL] [open] [PATH][string] [/proc/2340/stat] [RETURN][int] [43]
D/S4URC   ( 2315): [SDK] [java.lang.Class] [forName] [FindClass][String] [cn.egame.terminal.sdk.EgameCoreReceiver]
D/S4URC   ( 2315): [SDK] [java.io.File] [getPath] [FilePath][String] [/data/data/com.joyme.qmqsgllb.egame/shared_prefs]
D/S4URC   ( 2315): [SDK] [java.io.File] [getPath] [FilePath][String] [/data/data/com.joyme.qmqsgllb.egame/shared_prefs/cn_egame_sdk_log.xml]
D/S4URC   ( 2315): [SDK] [java.io.File] [Constructor] [FilePath][String] [/data/data/com.joyme.qmqsgllb.egame/shared_prefs/cn_egame_sdk_log.xml.bak]
D/S4URC   ( 2315): [SDK] [java.io.File] [exists] [FilePath][String] [/data/data/com.joyme.qmqsgllb.egame/shared_prefs/cn_egame_sdk_log.xml]
D/S4URC   ( 2315): [NDK] [SYSCALL] [access] [PATH][string] [/data/data/com.joyme.qmqsgllb.egame/shared_prefs/cn_egame_sdk_log.xml]
D/S4URC   ( 2315): [SDK] [android.content.ContextWrapper][getSharedPreferences] [File][cn_egame_sdk_log.xml] [MODE][MODE_PRIVATE]
D/S4URC   ( 2315): [SDK] [java.io.File] [exists] [FilePath][String] [/data/data/com.joyme.qmqsgllb.egame/shared_prefs/cn_egame_sdk_log.xml.bak]
D/S4URC   ( 2315): [NDK] [SYSCALL] [access] [PATH][string] [/data/data/com.joyme.qmqsgllb.egame/shared_prefs/cn_egame_sdk_log.xml.bak]
D/S4URC   ( 2315): [SDK] [java.io.File] [exists] [FilePath][String] [/data/data/com.joyme.qmqsgllb.egame/shared_prefs/cn_egame_sdk_log.xml]
D/S4URC   ( 2315): [NDK] [SYSCALL] [access] [PATH][string] [/data/data/com.joyme.qmqsgllb.egame/shared_prefs/cn_egame_sdk_log.xml]
D/S4URC   ( 2315): [SDK] [java.io.File] [getPath] [FilePath][String] [/data/data/com.joyme.qmqsgllb.egame/shared_prefs/cn_egame_sdk_log.xml]
D/S4URC   ( 2315): [NDK] [SYSCALL] [stat] [PATH][string] [/data/data/com.joyme.qmqsgllb.egame/shared_prefs/cn_egame_sdk_log.xml]
D/S4URC   ( 2315): [SDK] [android.content.ContextWrapper][getSharedPreferences] [File][cn_egame_sdk_log.xml] [MODE][MODE_PRIVATE] [Method][putString] [Key][app_key] [Value][110256018919]
D/S4URC   ( 2315): [SDK] [android.content.ContextWrapper][getSharedPreferences] [File][cn_egame_sdk_log.xml] [MODE][MODE_PRIVATE] [Method][putString] [Key][channel_id] [Value][10000000]
D/S4URC   ( 2315): [SDK] [android.content.ContextWrapper][getSharedPreferences] [File][cn_egame_sdk_log.xml] [MODE][MODE_PRIVATE] [Method][putString] [Key][game_id] [Value][5122148]
D/S4URC   ( 2315): [SDK] [java.io.File] [exists] [FilePath][String] [/data/data/com.joyme.qmqsgllb.egame/shared_prefs/cn_egame_sdk_log.xml]
D/S4URC   ( 2315): [NDK] [SYSCALL] [access] [PATH][string] [/data/data/com.joyme.qmqsgllb.egame/shared_prefs/cn_egame_sdk_log.xml]
D/S4URC   ( 2315): [SDK] [java.io.File] [getPath] [FilePath][String] [/data/data/com.joyme.qmqsgllb.egame/shared_prefs/cn_egame_sdk_log.xml]
D/S4URC   ( 2315): [NDK] [SYSCALL] [open] [PATH][string] [/data/data/com.joyme.qmqsgllb.egame/shared_prefs/cn_egame_sdk_log.xml] [RETURN][int] [49]
D/S4URC   ( 2315): [SDK] [java.io.File] [getPath] [FilePath][String] [/data/data/com.joyme.qmqsgllb.egame/shared_prefs/cn_egame_sdk_log.xml]
D/S4URC   ( 2315): [NDK] [SYSCALL] [chmod] [PATH][string] [/data/data/com.joyme.qmqsgllb.egame/shared_prefs/cn_egame_sdk_log.xml] [MODE][int] [0660]
D/S4URC   ( 2315): [SDK] [java.io.File] [getPath] [FilePath][String] [/data/data/com.joyme.qmqsgllb.egame/shared_prefs/cn_egame_sdk_log.xml]
D/S4URC   ( 2315): [NDK] [SYSCALL] [stat] [PATH][string] [/data/data/com.joyme.qmqsgllb.egame/shared_prefs/cn_egame_sdk_log.xml]
D/S4URC   ( 2315): [SDK] [java.io.File] [delete] [FilePath][String] [/data/data/com.joyme.qmqsgllb.egame/shared_prefs/cn_egame_sdk_log.xml.bak]
D/S4URC   ( 2315): [NDK] [SYSCALL] [lstat] [PATH][string] [/data/data/com.joyme.qmqsgllb.egame/shared_prefs/cn_egame_sdk_log.xml.bak]
D/S4URC   ( 2315): [SDK] [android.content.ContextWrapper][getSharedPreferences] [File][cn_egame_sdk_log.xml] [MODE][MODE_PRIVATE] [Method][commit]
D/S4URC   ( 2315): [NDK] [SYSCALL] [open] [PATH][string] [/proc/2339/stat] [RETURN][int] [43]
D/S4URC   ( 2315): [NDK] [SYSCALL] [open] [PATH][string] [/proc/2340/stat] [RETURN][int] [38]
D/S4URC   ( 2431): [SDK] [java.io.File] [exists] [FilePath][String] [/data/data/com.joyme.qmqsgllb.egame/files]
D/S4URC   ( 2431): [SDK] [java.io.File] [getPath] [FilePath][String] [/data/data/com.joyme.qmqsgllb.egame/files]
D/S4URC   ( 2431): [SDK] [java.io.File] [exists] [FilePath][String] [/data/data/com.joyme.qmqsgllb.egame/files]
D/S4URC   ( 2431): [SDK] [java.io.File] [getPath] [FilePath][String] [/data/data/com.joyme.qmqsgllb.egame/files]
D/S4URC   ( 2431): [SDK] [dalvik.system.DexClassLoader] [Constructor] [DexPath][String] [/data/data/com.joyme.qmqsgllb.egame/appsdk0_.dex] [NDKPath][String] [/data/data/com.joyme.qmqsgllb.egame/lib]
D/S4URC   ( 2431): [SDK] [java.io.File] [Constructor] [FilePath][String] [/data/data/com.joyme.qmqsgllb.egame/files]
D/S4URC   ( 2431): [SDK] [dalvik.system.BaseDexClassLoader] [Constructor] [DexPath][String] [/data/data/com.joyme.qmqsgllb.egame/appsdk0_.dex] [NDKPath][String] [/data/data/com.joyme.qmqsgllb.egame/lib]
D/S4URC   ( 2431): [SDK] [java.io.File] [exists] [FilePath][String] [/data/data/com.joyme.qmqsgllb.egame/files]
D/S4URC   ( 2431): [SDK] [java.io.File] [canRead] [FilePath][String] [/data/data/com.joyme.qmqsgllb.egame/files]
D/S4URC   ( 2431): [SDK] [java.io.File] [canWrite] [FilePath][String] [/data/data/com.joyme.qmqsgllb.egame/files]
D/S4URC   ( 2431): [SDK] [java.io.File] [Constructor] [FilePath][String] [/data/data/com.joyme.qmqsgllb.egame/appsdk0_.dex]
D/S4URC   ( 2431): [SDK] [java.io.File] [getName] [FilePath][String] [/data/data/com.joyme.qmqsgllb.egame/appsdk0_.dex]
D/S4URC   ( 2431): [SDK] [java.io.File] [isDirectory] [FilePath][String] [/data/data/com.joyme.qmqsgllb.egame/appsdk0_.dex]
D/S4URC   ( 2431): [SDK] [java.io.File] [isFile] [FilePath][String] [/data/data/com.joyme.qmqsgllb.egame/appsdk0_.dex]
D/S4URC   ( 2431): [SDK] [java.io.File] [getName] [FilePath][String] [/data/data/com.joyme.qmqsgllb.egame/appsdk0_.dex]
D/S4URC   ( 2431): [SDK] [java.io.File] [getPath] [FilePath][String] [/data/data/com.joyme.qmqsgllb.egame/files]
D/S4URC   ( 2431): [SDK] [java.io.File] [getPath] [FilePath][String] [/data/data/com.joyme.qmqsgllb.egame/files/appsdk0_.dex]
D/S4URC   ( 2431): [SDK] [java.io.File] [getPath] [FilePath][String] [/data/data/com.joyme.qmqsgllb.egame/appsdk0_.dex]
D/S4URC   ( 2431): [SDK] [java.io.File] [Constructor] [FilePath][String] [/data/data/com.joyme.qmqsgllb.egame/files/appsdk0_.dex]
D/S4URC   ( 2431): [SDK] [java.io.File] [getParent] [FilePath][String] [/data/data/com.joyme.qmqsgllb.egame/files/appsdk0_.dex]
D/S4URC   ( 2431): [SDK] [dalvik.system.DexFile] [openDexFile] [DexPath][String] [/data/data/com.joyme.qmqsgllb.egame/appsdk0_.dex]
D/S4URC   ( 2431): [SDK] [java.io.File] [Constructor] [FilePath][String] [/data/data/com.joyme.qmqsgllb.egame/appsdk0_.dex]
D/S4URC   ( 2431): [SDK] [java.io.File] [Constructor] [FilePath][String] [/data/data/com.joyme.qmqsgllb.egame/files/appsdk0_.dex]
D/S4URC   ( 2431): [SDK] [java.io.File] [Constructor] [FilePath][String] [/data/data/com.joyme.qmqsgllb.egame/lib]
D/S4URC   ( 2431): [SDK] [java.io.File] [Constructor] [FilePath][String] [/vendor/lib]
D/S4URC   ( 2431): [SDK] [java.io.File] [Constructor] [FilePath][String] [/system/lib]
D/S4URC   ( 2315): [NDK] [SYSCALL] [open] [PATH][string] [/proc/2340/stat] [RETURN][int] [43]
D/S4URC   ( 2315): [NDK] [SYSCALL] [open] [PATH][string] [/proc/2339/stat] [RETURN][int] [38]
D/S4URC   ( 2431): [SDK] [java.lang.Runtime] [loadLibrary] [SoPath][String] [egamepay_dr2]
D/S4URC   ( 2431): [SDK] [java.io.File] [getPath] [FilePath][String] [/mnt/asec/com.joyme.qmqsgllb.egame-1/lib/arm]
D/S4URC   ( 2431): [SDK] [java.io.File] [getPath] [FilePath][String] [/mnt/asec/com.joyme.qmqsgllb.egame-1/lib/arm/libegamepay_dr2.so]
D/S4URC   ( 2431): [SDK] [java.io.File] [getPath] [FilePath][String] [/storage/sdcard0]
D/S4URC   ( 2431): [SDK] [android.os.Environment] [getExternalStorageDirectory] [DirectoryPath][String] [/storage/sdcard0]
D/S4URC   ( 2431): [SDK] [java.io.File] [getPath] [FilePath][String] [/storage/sdcard0]
D/S4URC   ( 2431): [SDK] [android.os.Environment] [getExternalStorageDirectory] [DirectoryPath][String] [/storage/sdcard0]
D/S4URC   ( 2431): [SDK] [java.io.File] [getPath] [FilePath][String] [/data/data/com.joyme.qmqsgllb.egame]
D/S4URC   ( 2431): [SDK] [java.io.File] [exists] [FilePath][String] [/data/data/com.joyme.qmqsgllb.egame/files]
D/S4URC   ( 2431): [SDK] [java.io.File] [getParent] [FilePath][String] [/data/data/com.joyme.qmqsgllb.egame/files]
D/S4URC   ( 2315): [NDK] [SYSCALL] [open] [PATH][string] [/proc/2339/stat] [RETURN][int] [43]
D/S4URC   ( 2315): [NDK] [SYSCALL] [open] [PATH][string] [/proc/2340/stat] [RETURN][int] [38]
D/S4URC   ( 2431): [SDK] [java.io.File] [Constructor] [FilePath][String] [/storage/sdcard0/egame/psh1x]
D/S4URC   ( 2431): [SDK] [java.io.File] [isDirectory] [FilePath][String] [/storage/sdcard0/egame/psh1x]
D/S4URC   ( 2431): [SDK] [java.io.File] [Constructor] [FilePath][String] [/data/data/com.joyme.qmqsgllb.egame/egame]
D/S4URC   ( 2431): [SDK] [java.io.File] [isDirectory] [FilePath][String] [/data/data/com.joyme.qmqsgllb.egame/egame]
D/S4URC   ( 2431): [SDK] [java.io.File] [exists] [FilePath][String] [/data/data/com.joyme.qmqsgllb.egame/egame]
D/S4URC   ( 2431): [SDK] [java.io.File] [list] [FilePath][String] [/data/data/com.joyme.qmqsgllb.egame/egame]
D/S4URC   ( 2431): [SDK] [java.io.File] [Constructor] [FilePath][String] [/data/data/com.joyme.qmqsgllb.egame/egame/EPSH_141]
D/S4URC   ( 2431): [SDK] [java.io.File] [Constructor] [FilePath][String] [/data/data/com.joyme.qmqsgllb.egame/egame/EPSH_141/libs/]
D/S4URC   ( 2431): [SDK] [java.io.File] [exists] [FilePath][String] [/data/data/com.joyme.qmqsgllb.egame/egame/EPSH_141/libs]
D/S4URC   ( 2431): [SDK] [java.io.File] [mkdirs] [FilePath][String] [/data/data/com.joyme.qmqsgllb.egame/egame/EPSH_141/libs]
D/S4URC   ( 2431): [SDK] [java.io.File] [getParent] [FilePath][String] [/data/data/com.joyme.qmqsgllb.egame/egame/EPSH_141/libs]
D/S4URC   ( 2431): [SDK] [java.io.File] [Constructor] [FilePath][String] [/data/data/com.joyme.qmqsgllb.egame/egame/EPSH_141]
D/S4URC   ( 2431): [SDK] [java.io.File] [mkdir] [FilePath][String] [/data/data/com.joyme.qmqsgllb.egame/egame/EPSH_141/libs]
D/S4URC   ( 2431): [SDK] [java.io.File] [Constructor] [FilePath][String] [/data/data/com.joyme.qmqsgllb.egame/egame/EPSH_141/libs/armeabi/]
D/S4URC   ( 2431): [SDK] [java.io.File] [exists] [FilePath][String] [/data/data/com.joyme.qmqsgllb.egame/egame/EPSH_141/libs/armeabi]
D/S4URC   ( 2431): [SDK] [java.io.File] [mkdirs] [FilePath][String] [/data/data/com.joyme.qmqsgllb.egame/egame/EPSH_141/libs/armeabi]
D/S4URC   ( 2431): [SDK] [java.io.File] [Constructor] [FilePath][String] [/data/data/com.joyme.qmqsgllb.egame/egame/EPSH_141/libs/armeabi-v7a/]
D/S4URC   ( 2431): [SDK] [java.io.File] [exists] [FilePath][String] [/data/data/com.joyme.qmqsgllb.egame/egame/EPSH_141/libs/armeabi-v7a]
D/S4URC   ( 2431): [SDK] [java.io.File] [mkdirs] [FilePath][String] [/data/data/com.joyme.qmqsgllb.egame/egame/EPSH_141/libs/armeabi-v7a]
D/S4URC   ( 2431): [SDK] [java.io.File] [Constructor] [FilePath][String] [/data/data/com.joyme.qmqsgllb.egame/egame/EPSH_141/libs/x86/]
D/S4URC   ( 2431): [SDK] [java.io.File] [exists] [FilePath][String] [/data/data/com.joyme.qmqsgllb.egame/egame/EPSH_141/libs/x86]
D/S4URC   ( 2431): [SDK] [java.io.File] [mkdirs] [FilePath][String] [/data/data/com.joyme.qmqsgllb.egame/egame/EPSH_141/libs/x86]
D/S4URC   ( 2431): [SDK] [java.io.File] [Constructor] [FilePath][String] [/data/data/com.joyme.qmqsgllb.egame/egame/EPSH_141]
D/S4URC   ( 2431): [SDK] [java.io.File] [exists] [FilePath][String] [/data/data/com.joyme.qmqsgllb.egame/egame/EPSH_141]
D/S4URC   ( 2431): [SDK] [java.io.File] [Constructor] [FilePath][String] [/data/data/com.joyme.qmqsgllb.egame/egame/EPSH_141/EGAME_SDK.dat]
D/S4URC   ( 2431): [SDK] [java.io.File] [getPath] [FilePath][String] [/data/data/com.joyme.qmqsgllb.egame/egame/EPSH_141/EGAME_SDK.dat]
D/S4URC   ( 2431): [SDK] [java.io.File] [Constructor] [FilePath][String] [/data/data/com.joyme.qmqsgllb.egame/egame/EPSH_141]
D/S4URC   ( 2431): [SDK] [java.io.File] [exists] [FilePath][String] [/data/data/com.joyme.qmqsgllb.egame/egame/EPSH_141]
D/S4URC   ( 2431): [SDK] [java.io.File] [Constructor] [FilePath][String] [/data/data/com.joyme.qmqsgllb.egame/egame/EPSH_141/EGAME_SDK.jar]
D/S4URC   ( 2431): [SDK] [java.io.File] [getPath] [FilePath][String] [/data/data/com.joyme.qmqsgllb.egame/egame/EPSH_141/EGAME_SDK.jar]
D/S4URC   ( 2431): [SDK] [java.io.File] [Constructor] [FilePath][String] [/data/data/com.joyme.qmqsgllb.egame/egame/EPSH_141/libs/armeabi-v7a]
D/S4URC   ( 2431): [SDK] [java.io.File] [exists] [FilePath][String] [/data/data/com.joyme.qmqsgllb.egame/egame/EPSH_141/libs/armeabi-v7a]
D/S4URC   ( 2431): [SDK] [java.io.File] [Constructor] [FilePath][String] [/data/data/com.joyme.qmqsgllb.egame/egame/EPSH_141/libs/armeabi-v7a/libepsh_private_ar1.so]
D/S4URC   ( 2431): [SDK] [java.io.File] [getPath] [FilePath][String] [/data/data/com.joyme.qmqsgllb.egame/egame/EPSH_141/libs/armeabi-v7a/libepsh_private_ar1.so]
D/S4URC   ( 2431): [SDK] [java.io.File] [Constructor] [FilePath][String] [/data/data/com.joyme.qmqsgllb.egame/egame/EPSH_141/libs/armeabi]
D/S4URC   ( 2431): [SDK] [java.io.File] [exists] [FilePath][String] [/data/data/com.joyme.qmqsgllb.egame/egame/EPSH_141/libs/armeabi]
D/S4URC   ( 2431): [SDK] [java.io.File] [Constructor] [FilePath][String] [/data/data/com.joyme.qmqsgllb.egame/egame/EPSH_141/libs/armeabi/libepsh_private_ar1.so]
D/S4URC   ( 2431): [SDK] [java.io.File] [getPath] [FilePath][String] [/data/data/com.joyme.qmqsgllb.egame/egame/EPSH_141/libs/armeabi/libepsh_private_ar1.so]
D/S4URC   ( 2431): [SDK] [java.io.File] [Constructor] [FilePath][String] [/data/data/com.joyme.qmqsgllb.egame/egame/EPSH_141/libs/x86]
D/S4URC   ( 2431): [SDK] [java.io.File] [exists] [FilePath][String] [/data/data/com.joyme.qmqsgllb.egame/egame/EPSH_141/libs/x86]
D/S4URC   ( 2431): [SDK] [java.io.File] [Constructor] [FilePath][String] [/data/data/com.joyme.qmqsgllb.egame/egame/EPSH_141/libs/x86/libepsh_private_ar1.so]
D/S4URC   ( 2431): [SDK] [java.io.File] [getPath] [FilePath][String] [/data/data/com.joyme.qmqsgllb.egame/egame/EPSH_141/libs/x86/libepsh_private_ar1.so]
D/S4URC   ( 2431): [SDK] [java.io.File] [Constructor] [FilePath][String] [/data/data/com.joyme.qmqsgllb.egame/egame/EPSH_141]
D/S4URC   ( 2431): [SDK] [java.io.File] [exists] [FilePath][String] [/data/data/com.joyme.qmqsgllb.egame/egame/EPSH_141]
D/S4URC   ( 2431): [SDK] [java.io.File] [Constructor] [FilePath][String] [/data/data/com.joyme.qmqsgllb.egame/egame/EPSH_141/Signature]
D/S4URC   ( 2431): [SDK] [java.io.File] [getPath] [FilePath][String] [/data/data/com.joyme.qmqsgllb.egame/egame/EPSH_141/Signature]
D/S4URC   ( 2431): [SDK] [java.io.File] [Constructor] [FilePath][String] [/data/data/com.joyme.qmqsgllb.egame/egame/EPSH_141]
D/S4URC   ( 2431): [SDK] [java.io.File] [isDirectory] [FilePath][String] [/data/data/com.joyme.qmqsgllb.egame/egame/EPSH_141]
D/S4URC   ( 2431): [SDK] [java.io.File] [listFiles] [FilePath][String] [/data/data/com.joyme.qmqsgllb.egame/egame/EPSH_141]
D/S4URC   ( 2431): [SDK] [java.io.File] [list] [FilePath][String] [/data/data/com.joyme.qmqsgllb.egame/egame/EPSH_141]
D/S4URC   ( 2431): [SDK] [java.io.File] [getPath] [FilePath][String] [/data/data/com.joyme.qmqsgllb.egame/egame/EPSH_141]
D/S4URC   ( 2431): [SDK] [java.io.File] [isFile] [FilePath][String] [/data/data/com.joyme.qmqsgllb.egame/egame/EPSH_141/EGAME_SDK.dat]
D/S4URC   ( 2431): [SDK] [java.io.File] [isFile] [FilePath][String] [/data/data/com.joyme.qmqsgllb.egame/egame/EPSH_141/libs]
D/S4URC   ( 2431): [SDK] [java.io.File] [isDirectory] [FilePath][String] [/data/data/com.joyme.qmqsgllb.egame/egame/EPSH_141/libs]
D/S4URC   ( 2431): [SDK] [java.io.File] [listFiles] [FilePath][String] [/data/data/com.joyme.qmqsgllb.egame/egame/EPSH_141/libs]
D/S4URC   ( 2431): [SDK] [java.io.File] [list] [FilePath][String] [/data/data/com.joyme.qmqsgllb.egame/egame/EPSH_141/libs]
D/S4URC   ( 2431): [SDK] [java.io.File] [getPath] [FilePath][String] [/data/data/com.joyme.qmqsgllb.egame/egame/EPSH_141/libs]
D/S4URC   ( 2431): [SDK] [java.io.File] [isFile] [FilePath][String] [/data/data/com.joyme.qmqsgllb.egame/egame/EPSH_141/libs/armeabi-v7a]
D/S4URC   ( 2431): [SDK] [java.io.File] [isDirectory] [FilePath][String] [/data/data/com.joyme.qmqsgllb.egame/egame/EPSH_141/libs/armeabi-v7a]
D/S4URC   ( 2431): [SDK] [java.io.File] [listFiles] [FilePath][String] [/data/data/com.joyme.qmqsgllb.egame/egame/EPSH_141/libs/armeabi-v7a]
D/S4URC   ( 2431): [SDK] [java.io.File] [list] [FilePath][String] [/data/data/com.joyme.qmqsgllb.egame/egame/EPSH_141/libs/armeabi-v7a]
D/S4URC   ( 2431): [SDK] [java.io.File] [getPath] [FilePath][String] [/data/data/com.joyme.qmqsgllb.egame/egame/EPSH_141/libs/armeabi-v7a]
D/S4URC   ( 2431): [SDK] [java.io.File] [isFile] [FilePath][String] [/data/data/com.joyme.qmqsgllb.egame/egame/EPSH_141/libs/armeabi-v7a/libepsh_private_ar1.so]
D/S4URC   ( 2431): [SDK] [java.io.File] [isFile] [FilePath][String] [/data/data/com.joyme.qmqsgllb.egame/egame/EPSH_141/libs/x86]
D/S4URC   ( 2431): [SDK] [java.io.File] [isDirectory] [FilePath][String] [/data/data/com.joyme.qmqsgllb.egame/egame/EPSH_141/libs/x86]
D/S4URC   ( 2431): [SDK] [java.io.File] [listFiles] [FilePath][String] [/data/data/com.joyme.qmqsgllb.egame/egame/EPSH_141/libs/x86]
D/S4URC   ( 2431): [SDK] [java.io.File] [list] [FilePath][String] [/data/data/com.joyme.qmqsgllb.egame/egame/EPSH_141/libs/x86]
D/S4URC   ( 2431): [SDK] [java.io.File] [getPath] [FilePath][String] [/data/data/com.joyme.qmqsgllb.egame/egame/EPSH_141/libs/x86]
D/S4URC   ( 2431): [SDK] [java.io.File] [isFile] [FilePath][String] [/data/data/com.joyme.qmqsgllb.egame/egame/EPSH_141/libs/x86/libepsh_private_ar1.so]
D/S4URC   ( 2431): [SDK] [java.io.File] [isFile] [FilePath][String] [/data/data/com.joyme.qmqsgllb.egame/egame/EPSH_141/libs/armeabi]
D/S4URC   ( 2431): [SDK] [java.io.File] [isDirectory] [FilePath][String] [/data/data/com.joyme.qmqsgllb.egame/egame/EPSH_141/libs/armeabi]
D/S4URC   ( 2431): [SDK] [java.io.File] [listFiles] [FilePath][String] [/data/data/com.joyme.qmqsgllb.egame/egame/EPSH_141/libs/armeabi]
D/S4URC   ( 2431): [SDK] [java.io.File] [list] [FilePath][String] [/data/data/com.joyme.qmqsgllb.egame/egame/EPSH_141/libs/armeabi]
D/S4URC   ( 2431): [SDK] [java.io.File] [getPath] [FilePath][String] [/data/data/com.joyme.qmqsgllb.egame/egame/EPSH_141/libs/armeabi]
D/S4URC   ( 2431): [SDK] [java.io.File] [isFile] [FilePath][String] [/data/data/com.joyme.qmqsgllb.egame/egame/EPSH_141/libs/armeabi/libepsh_private_ar1.so]
D/S4URC   ( 2431): [SDK] [java.io.File] [isFile] [FilePath][String] [/data/data/com.joyme.qmqsgllb.egame/egame/EPSH_141/EGAME_SDK.jar]
D/S4URC   ( 2431): [SDK] [java.io.File] [isFile] [FilePath][String] [/data/data/com.joyme.qmqsgllb.egame/egame/EPSH_141/Signature]
D/S4URC   ( 2431): [SDK] [java.io.File] [getPath] [FilePath][String] [/data/data/com.joyme.qmqsgllb.egame/files]
D/S4URC   ( 2431): [SDK] [java.io.File] [createNewFile] [FilePath][String] [/data/data/com.joyme.qmqsgllb.egame/files/egame_s4008129.tmp]
D/S4URC   ( 2431): [SDK] [java.io.File] [getPath] [FilePath][String] [/data/data/com.joyme.qmqsgllb.egame/files/egame_s4008129.tmp]
D/S4URC   ( 2431): [SDK] [java.lang.Class] [forName] [FindClass][String] [com.android.org.conscrypt.OpenSSLMessageDigestJDK$MD5]
D/S4URC   ( 2431): [SDK] [java.io.File] [getPath] [FilePath][String] [/data/data/com.joyme.qmqsgllb.egame/egame/EPSH_141/EGAME_SDK.dat]
D/S4URC   ( 2431): [SDK] [java.io.File] [getPath] [FilePath][String] [/data/data/com.joyme.qmqsgllb.egame/egame/EPSH_141/EGAME_SDK.jar]
D/S4URC   ( 2431): [SDK] [java.io.File] [getPath] [FilePath][String] [/data/data/com.joyme.qmqsgllb.egame/egame/EPSH_141/Signature]
D/S4URC   ( 2431): [SDK] [java.lang.Class] [forName] [FindClass][String] [com.android.org.conscrypt.OpenSSLRSAKeyFactory]
D/S4URC   ( 2431): [SDK] [java.lang.Class] [forName] [FindClass][String] [com.android.org.conscrypt.OpenSSLCipherRSA$PKCS1]
D/S4URC   ( 2431): [SDK] [java.lang.Class] [forName] [FindClass][String] [com.android.org.conscrypt.OpenSSLRandom]
D/S4URC   ( 2431): [SDK] [java.io.File] [getPath] [FilePath][String] [/data/data/com.joyme.qmqsgllb.egame/egame/EPSH_141/libs/armeabi-v7a/libepsh_private_ar1.so]
D/S4URC   ( 2431): [SDK] [java.io.File] [getPath] [FilePath][String] [/data/data/com.joyme.qmqsgllb.egame/egame/EPSH_141/libs/armeabi/libepsh_private_ar1.so]
D/S4URC   ( 2431): [SDK] [java.io.File] [getPath] [FilePath][String] [/data/data/com.joyme.qmqsgllb.egame/egame/EPSH_141/libs/x86/libepsh_private_ar1.so]
D/S4URC   ( 2431): [SDK] [java.io.File] [getPath] [FilePath][String] [/data/data/com.joyme.qmqsgllb.egame/files/egame_s4008129.tmp]
D/S4URC   ( 2431): [SDK] [java.io.File] [delete] [FilePath][String] [/data/data/com.joyme.qmqsgllb.egame/files/egame_s4008129.tmp]
D/S4URC   ( 2431): [SDK] [java.io.File] [Constructor] [FilePath][String] [/data/data/com.joyme.qmqsgllb.egame/egame/EPSH_141/EGAME_SDK.dat]
D/S4URC   ( 2431): [SDK] [java.io.File] [getPath] [FilePath][String] [/data/data/com.joyme.qmqsgllb.egame/egame/EPSH_141/EGAME_SDK.dat]
D/S4URC   ( 2431): [SDK] [java.io.File] [Constructor] [FilePath][String] [/data/data/com.joyme.qmqsgllb.egame/egame/EPSH_141/EGAME_SDK.jar]
D/S4URC   ( 2431): [SDK] [java.io.File] [getPath] [FilePath][String] [/data/data/com.joyme.qmqsgllb.egame/egame/EPSH_141/EGAME_SDK.jar]
D/S4URC   ( 2431): [SDK] [java.io.File] [Constructor] [FilePath][String] [/data/data/com.joyme.qmqsgllb.egame/egame/EPSH_141/EGAME_SDK.jar]
D/S4URC   ( 2431): [SDK] [java.io.File] [getPath] [FilePath][String] [/data/data/com.joyme.qmqsgllb.egame/egame/EPSH_141/EGAME_SDK.jar]
D/S4URC   ( 2431): [SDK] [java.io.File] [exists] [FilePath][String] [/data/data/com.joyme.qmqsgllb.egame/files]
D/S4URC   ( 2431): [SDK] [java.io.File] [getPath] [FilePath][String] [/data/data/com.joyme.qmqsgllb.egame/files]
D/S4URC   ( 2431): [SDK] [java.io.File] [getPath] [FilePath][String] [/data/data/com.joyme.qmqsgllb.egame/files/egame_psh_temp_.jar]
D/S4URC   ( 2431): [SDK] [java.io.File] [exists] [FilePath][String] [/data/data/com.joyme.qmqsgllb.egame/files]
D/S4URC   ( 2431): [SDK] [java.io.File] [getPath] [FilePath][String] [/data/data/com.joyme.qmqsgllb.egame/files]
D/S4URC   ( 2431): [SDK] [java.io.File] [exists] [FilePath][String] [/data/data/com.joyme.qmqsgllb.egame/files]
D/S4URC   ( 2431): [SDK] [java.io.File] [getPath] [FilePath][String] [/data/data/com.joyme.qmqsgllb.egame/files]
D/S4URC   ( 2431): [SDK] [java.io.File] [getPath] [FilePath][String] [/data/data/com.joyme.qmqsgllb.egame/files/egame_psh_temp_.jar]
D/S4URC   ( 2431): [SDK] [java.io.File] [getPath] [FilePath][String] [/data/data/com.joyme.qmqsgllb.egame/files/egame_psh_temp.jar]
D/S4URC   ( 2431): [SDK] [java.lang.Class] [forName] [FindClass][String] [com.android.org.bouncycastle.jcajce.provider.symmetric.AES$ECB]
D/S4URC   ( 2315): [NDK] [SYSCALL] [open] [PATH][string] [/proc/2340/stat] [RETURN][int] [38]
D/S4URC   ( 2315): [NDK] [SYSCALL] [open] [PATH][string] [/proc/2339/stat] [RETURN][int] [38]
D/S4URC   ( 2431): [SDK] [java.io.File] [delete] [FilePath][String] [/data/data/com.joyme.qmqsgllb.egame/files/egame_psh_temp_.jar]
D/S4URC   ( 2431): [SDK] [dalvik.system.DexClassLoader] [Constructor] [DexPath][String] [/data/data/com.joyme.qmqsgllb.egame/files/egame_psh_temp.jar] [NDKPath][String] [/data/data/com.joyme.qmqsgllb.egame/lib]
D/S4URC   ( 2431): [SDK] [java.io.File] [Constructor] [FilePath][String] [/data/data/com.joyme.qmqsgllb.egame/egame]
D/S4URC   ( 2431): [SDK] [dalvik.system.BaseDexClassLoader] [Constructor] [DexPath][String] [/data/data/com.joyme.qmqsgllb.egame/files/egame_psh_temp.jar] [NDKPath][String] [/data/data/com.joyme.qmqsgllb.egame/lib]
D/S4URC   ( 2431): [SDK] [java.io.File] [exists] [FilePath][String] [/data/data/com.joyme.qmqsgllb.egame/egame]
D/S4URC   ( 2431): [SDK] [java.io.File] [canRead] [FilePath][String] [/data/data/com.joyme.qmqsgllb.egame/egame]
D/S4URC   ( 2431): [SDK] [java.io.File] [canWrite] [FilePath][String] [/data/data/com.joyme.qmqsgllb.egame/egame]
D/S4URC   ( 2431): [SDK] [java.io.File] [Constructor] [FilePath][String] [/data/data/com.joyme.qmqsgllb.egame/files/egame_psh_temp.jar]
D/S4URC   ( 2431): [SDK] [java.io.File] [getName] [FilePath][String] [/data/data/com.joyme.qmqsgllb.egame/files/egame_psh_temp.jar]
D/S4URC   ( 2431): [SDK] [java.io.File] [isDirectory] [FilePath][String] [/data/data/com.joyme.qmqsgllb.egame/files/egame_psh_temp.jar]
D/S4URC   ( 2431): [SDK] [java.io.File] [isFile] [FilePath][String] [/data/data/com.joyme.qmqsgllb.egame/files/egame_psh_temp.jar]
D/S4URC   ( 2431): [SDK] [java.io.File] [getName] [FilePath][String] [/data/data/com.joyme.qmqsgllb.egame/files/egame_psh_temp.jar]
D/S4URC   ( 2431): [SDK] [java.io.File] [getPath] [FilePath][String] [/data/data/com.joyme.qmqsgllb.egame/egame]
D/S4URC   ( 2431): [SDK] [java.io.File] [getPath] [FilePath][String] [/data/data/com.joyme.qmqsgllb.egame/egame/egame_psh_temp.dex]
D/S4URC   ( 2431): [SDK] [java.io.File] [getPath] [FilePath][String] [/data/data/com.joyme.qmqsgllb.egame/files/egame_psh_temp.jar]
D/S4URC   ( 2431): [SDK] [java.io.File] [Constructor] [FilePath][String] [/data/data/com.joyme.qmqsgllb.egame/egame/egame_psh_temp.dex]
D/S4URC   ( 2431): [SDK] [java.io.File] [getParent] [FilePath][String] [/data/data/com.joyme.qmqsgllb.egame/egame/egame_psh_temp.dex]
D/S4URC   ( 2431): [SDK] [dalvik.system.DexFile] [openDexFile] [DexPath][String] [/data/data/com.joyme.qmqsgllb.egame/files/egame_psh_temp.jar]
D/S4URC   ( 2431): [SDK] [java.io.File] [Constructor] [FilePath][String] [/data/data/com.joyme.qmqsgllb.egame/files/egame_psh_temp.jar]
D/S4URC   ( 2431): [SDK] [java.io.File] [Constructor] [FilePath][String] [/data/data/com.joyme.qmqsgllb.egame/egame/egame_psh_temp.dex]
D/S4URC   ( 2315): [NDK] [SYSCALL] [open] [PATH][string] [/proc/2340/stat] [RETURN][int] [43]
D/S4URC   ( 2315): [NDK] [SYSCALL] [open] [PATH][string] [/proc/2339/stat] [RETURN][int] [43]
D/S4URC   ( 2315): [NDK] [SYSCALL] [open] [PATH][string] [/proc/2340/stat] [RETURN][int] [43]
D/S4URC   ( 2315): [NDK] [SYSCALL] [open] [PATH][string] [/proc/2339/stat] [RETURN][int] [59]
D/S4URC   ( 2431): [SDK] [java.io.File] [Constructor] [FilePath][String] [/data/data/com.joyme.qmqsgllb.egame/lib]
D/S4URC   ( 2431): [SDK] [java.io.File] [Constructor] [FilePath][String] [/vendor/lib]
D/S4URC   ( 2431): [SDK] [java.io.File] [Constructor] [FilePath][String] [/system/lib]
D/S4URC   ( 2431): [SDK] [java.io.File] [delete] [FilePath][String] [/data/data/com.joyme.qmqsgllb.egame/files/egame_psh_temp.jar]
D/S4URC   ( 2431): [SDK] [java.io.File] [Constructor] [FilePath][String] [/data/data/com.joyme.qmqsgllb.egame/egame/egame_psh_temp.dex]
D/S4URC   ( 2431): [SDK] [java.io.File] [delete] [FilePath][String] [/data/data/com.joyme.qmqsgllb.egame/egame/egame_psh_temp.dex]
D/S4URC   ( 2431): [SDK] [java.io.File] [exists] [FilePath][String] [/data/data/com.joyme.qmqsgllb.egame/files]
D/S4URC   ( 2431): [SDK] [java.io.File] [getParent] [FilePath][String] [/data/data/com.joyme.qmqsgllb.egame/files]
D/S4URC   ( 2431): [SDK] [java.io.File] [Constructor] [FilePath][String] [/data/data/com.joyme.qmqsgllb.egame/egame]
D/S4URC   ( 2431): [SDK] [java.io.File] [isDirectory] [FilePath][String] [/data/data/com.joyme.qmqsgllb.egame/egame]
D/S4URC   ( 2431): [SDK] [java.io.File] [exists] [FilePath][String] [/data/data/com.joyme.qmqsgllb.egame/egame]
D/S4URC   ( 2431): [SDK] [java.io.File] [list] [FilePath][String] [/data/data/com.joyme.qmqsgllb.egame/egame]
D/S4URC   ( 2431): [SDK] [java.io.File] [getPath] [FilePath][String] [/data/data/com.joyme.qmqsgllb.egame/egame]
D/S4URC   ( 2431): [SDK] [java.io.File] [getName] [FilePath][String] [/data/data/com.joyme.qmqsgllb.egame/egame/EPSH_141]
D/S4URC   ( 2431): [SDK] [java.io.File] [Constructor] [FilePath][String] [/data/data/com.joyme.qmqsgllb.egame/egame/EPSH_141/libs/armeabi-v7a/libepsh_private_ar1.so]
D/S4URC   ( 2431): [SDK] [java.io.File] [exists] [FilePath][String] [/data/data/com.joyme.qmqsgllb.egame/egame/EPSH_141/libs/armeabi-v7a/libepsh_private_ar1.so]
D/S4URC   ( 2431): [SDK] [java.io.File] [isFile] [FilePath][String] [/data/data/com.joyme.qmqsgllb.egame/egame/EPSH_141/libs/armeabi-v7a/libepsh_private_ar1.so]
D/S4URC   ( 2431): [SDK] [java.io.File] [getPath] [FilePath][String] [/data/data/com.joyme.qmqsgllb.egame]
D/S4URC   ( 2431): [SDK] [java.io.File] [getPath] [FilePath][String] [/data/data/com.joyme.qmqsgllb.egame/shared_prefs]
D/S4URC   ( 2431): [SDK] [java.io.File] [getPath] [FilePath][String] [/data/data/com.joyme.qmqsgllb.egame/shared_prefs/cn_egame_sdk_log.xml]
D/S4URC   ( 2431): [SDK] [java.io.File] [Constructor] [FilePath][String] [/data/data/com.joyme.qmqsgllb.egame/shared_prefs/cn_egame_sdk_log.xml.bak]
D/S4URC   ( 2431): [SDK] [java.io.File] [exists] [FilePath][String] [/data/data/com.joyme.qmqsgllb.egame/shared_prefs/cn_egame_sdk_log.xml]
D/S4URC   ( 2431): [SDK] [java.io.File] [canRead] [FilePath][String] [/data/data/com.joyme.qmqsgllb.egame/shared_prefs/cn_egame_sdk_log.xml]
D/S4URC   ( 2431): [SDK] [java.io.File] [getPath] [FilePath][String] [/data/data/com.joyme.qmqsgllb.egame/shared_prefs/cn_egame_sdk_log.xml]
D/S4URC   ( 2431): [SDK] [java.io.File] [exists] [FilePath][String] [/data/data/com.joyme.qmqsgllb.egame/shared_prefs/cn_egame_sdk_log.xml.bak]
D/S4URC   ( 2431): [SDK] [java.io.File] [exists] [FilePath][String] [/data/data/com.joyme.qmqsgllb.egame/shared_prefs/cn_egame_sdk_log.xml]
D/S4URC   ( 2431): [SDK] [java.io.File] [canRead] [FilePath][String] [/data/data/com.joyme.qmqsgllb.egame/shared_prefs/cn_egame_sdk_log.xml]
D/S4URC   ( 2431): [SDK] [java.io.File] [getPath] [FilePath][String] [/data/data/com.joyme.qmqsgllb.egame/shared_prefs/cn_egame_sdk_log.xml]
D/S4URC   ( 2431): [SDK] [java.io.File] [canRead] [FilePath][String] [/data/data/com.joyme.qmqsgllb.egame/shared_prefs/cn_egame_sdk_log.xml]
D/S4URC   ( 2431): [SDK] [java.io.File] [getPath] [FilePath][String] [/data/data/com.joyme.qmqsgllb.egame/shared_prefs/cn_egame_sdk_log.xml]
D/S4URC   ( 2431): [SDK] [android.content.ContextWrapper][getSharedPreferences] [File][cn_egame_sdk_log.xml] [MODE][MODE_PRIVATE]
D/S4URC   ( 2431): [SDK] [android.content.ContextWrapper][getSharedPreferences] [File][cn_egame_sdk_log.xml] [MODE][MODE_PRIVATE] [Method][getString] [String][app_key] [Return][110256018919]
D/S4URC   ( 2431): [SDK] [android.content.ContextWrapper][getSharedPreferences] [File][cn_egame_sdk_log.xml] [MODE][MODE_PRIVATE]
D/S4URC   ( 2431): [SDK] [android.content.ContextWrapper][getSharedPreferences] [File][cn_egame_sdk_log.xml] [MODE][MODE_PRIVATE] [Method][getString] [String][channel_id] [Return][10000000]
D/S4URC   ( 2431): [SDK] [android.content.ContextWrapper][getSharedPreferences] [File][cn_egame_sdk_log.xml] [MODE][MODE_PRIVATE]
D/S4URC   ( 2431): [SDK] [android.content.ContextWrapper][getSharedPreferences] [File][cn_egame_sdk_log.xml] [MODE][MODE_PRIVATE] [Method][getString] [String][game_id] [Return][5122148]
D/S4URC   ( 2431): [SDK] [android.telephony.TelephonyManager] [getSubscriberId]
D/S4URC   ( 2315): [NDK] [SYSCALL] [open] [PATH][string] [/proc/2339/stat] [RETURN][int] [43]
D/S4URC   ( 2315): [NDK] [SYSCALL] [open] [PATH][string] [/proc/2340/stat] [RETURN][int] [38]
D/S4URC   ( 2431): [SDK] [java.io.File] [Constructor] [FilePath][String] [/system/bin/su]
D/S4URC   ( 2431): [SDK] [java.io.File] [exists] [FilePath][String] [/system/bin/su]
D/S4URC   ( 2431): [SDK] [android.app.ApplicationPackageManager] [getPackageInfo] [FindPackageName][String] [com.joyme.qmqsgllb.egame]
D/S4URC   ( 2431): [SDK] [java.io.File] [getPath] [FilePath][String] [/storage/sdcard0]
D/S4URC   ( 2431): [SDK] [android.os.Environment] [getExternalStorageDirectory] [DirectoryPath][String] [/storage/sdcard0]
D/S4URC   ( 2431): [SDK] [java.io.File] [getPath] [FilePath][String] [/data/data/com.joyme.qmqsgllb.egame/shared_prefs]
D/S4URC   ( 2431): [SDK] [java.io.File] [getPath] [FilePath][String] [/data/data/com.joyme.qmqsgllb.egame/shared_prefs/mcore_dat.xml]
D/S4URC   ( 2431): [SDK] [java.io.File] [Constructor] [FilePath][String] [/data/data/com.joyme.qmqsgllb.egame/shared_prefs/mcore_dat.xml.bak]
D/S4URC   ( 2431): [SDK] [java.io.File] [exists] [FilePath][String] [/data/data/com.joyme.qmqsgllb.egame/shared_prefs/mcore_dat.xml]
D/S4URC   ( 2431): [SDK] [android.content.ContextWrapper][getSharedPreferences] [File][mcore_dat.xml] [MODE][MODE_PRIVATE]
D/S4URC   ( 2431): [SDK] [java.io.File] [exists] [FilePath][String] [/data/data/com.joyme.qmqsgllb.egame/shared_prefs/mcore_dat.xml.bak]
D/S4URC   ( 2431): [SDK] [java.io.File] [exists] [FilePath][String] [/data/data/com.joyme.qmqsgllb.egame/shared_prefs/mcore_dat.xml]
D/S4URC   ( 2431): [SDK] [java.io.File] [getPath] [FilePath][String] [/data/data/com.joyme.qmqsgllb.egame/shared_prefs/mcore_dat.xml]
D/S4URC   ( 2431): [SDK] [android.content.ContextWrapper][getSharedPreferences] [File][mcore_dat.xml] [MODE][MODE_PRIVATE] [Method][getIong] [Iong][sli] [Return][0]
D/S4URC   ( 2431): [SDK] [android.content.ContextWrapper][getSharedPreferences] [File][mcore_dat.xml] [MODE][MODE_PRIVATE]
D/S4URC   ( 2431): [SDK] [android.content.ContextWrapper][getSharedPreferences] [File][mcore_dat.xml] [MODE][MODE_PRIVATE] [Method][getIong] [Iong][ssct] [Return][43200000]
D/S4URC   ( 2431): [SDK] [java.lang.Class] [forName] [FindClass][String] [cn.egame.terminal.sdk.log.EgameAgent]
D/S4URC   ( 2431): [SDK] [android.content.ContextWrapper][getSharedPreferences] [File][mcore_dat.xml] [MODE][MODE_PRIVATE]
D/S4URC   ( 2431): [SDK] [android.content.ContextWrapper][getSharedPreferences] [File][mcore_dat.xml] [MODE][MODE_PRIVATE] [Method][putLong] [Key][sli] [Value][1533851338182]
D/S4URC   ( 2431): [SDK] [java.io.File] [exists] [FilePath][String] [/data/data/com.joyme.qmqsgllb.egame/shared_prefs/mcore_dat.xml]
D/S4URC   ( 2431): [SDK] [java.io.File] [getPath] [FilePath][String] [/data/data/com.joyme.qmqsgllb.egame/shared_prefs/mcore_dat.xml]
D/S4URC   ( 2431): [SDK] [java.io.File] [delete] [FilePath][String] [/data/data/com.joyme.qmqsgllb.egame/shared_prefs/mcore_dat.xml.bak]
D/S4URC   ( 2431): [SDK] [android.content.ContextWrapper][getSharedPreferences] [File][mcore_dat.xml] [MODE][MODE_PRIVATE] [Method][commit]
D/S4URC   ( 2315): [NDK] [SYSCALL] [open] [PATH][string] [/proc/2339/stat] [RETURN][int] [38]
D/S4URC   ( 2315): [NDK] [SYSCALL] [open] [PATH][string] [/proc/2340/stat] [RETURN][int] [38]
D/S4URC   ( 2315): [NDK] [SYSCALL] [open] [PATH][string] [/proc/2340/stat] [RETURN][int] [61]
D/S4URC   ( 2315): [NDK] [SYSCALL] [open] [PATH][string] [/proc/2339/stat] [RETURN][int] [38]
D/S4URC   ( 2315): [NDK] [SYSCALL] [open] [PATH][string] [/proc/2340/stat] [RETURN][int] [43]
D/S4URC   ( 2315): [NDK] [SYSCALL] [open] [PATH][string] [/proc/2339/stat] [RETURN][int] [49]
D/S4URC   ( 2315): [NDK] [SYSCALL] [open] [PATH][string] [/proc/2340/stat] [RETURN][int] [43]
D/S4URC   ( 2315): [NDK] [SYSCALL] [open] [PATH][string] [/proc/2339/stat] [RETURN][int] [49]
D/S4URC   ( 2315): [NDK] [SYSCALL] [open] [PATH][string] [/proc/2339/stat] [RETURN][int] [43]
D/S4URC   ( 2315): [NDK] [SYSCALL] [open] [PATH][string] [/proc/2340/stat] [RETURN][int] [49]
D/S4URC   ( 2315): [NDK] [SYSCALL] [open] [PATH][string] [/proc/2340/stat] [RETURN][int] [43]
D/S4URC   ( 2315): [NDK] [SYSCALL] [open] [PATH][string] [/proc/2339/stat] [RETURN][int] [49]
D/S4URC   ( 2315): [NDK] [SYSCALL] [open] [PATH][string] [/proc/2340/stat] [RETURN][int] [43]
D/S4URC   ( 2315): [NDK] [SYSCALL] [open] [PATH][string] [/proc/2339/stat] [RETURN][int] [49]
D/S4URC   ( 2315): [NDK] [SYSCALL] [open] [PATH][string] [/proc/2339/stat] [RETURN][int] [43]
D/S4URC   ( 2315): [NDK] [SYSCALL] [open] [PATH][string] [/proc/2340/stat] [RETURN][int] [38]
D/S4URC   ( 2315): [NDK] [SYSCALL] [open] [PATH][string] [/proc/2339/stat] [RETURN][int] [43]
D/S4URC   ( 2315): [NDK] [SYSCALL] [lstat] [PATH][string] [/storage]
D/S4URC   ( 2315): [NDK] [SYSCALL] [lstat] [PATH][string] [/storage/sdcard0]
D/S4URC   ( 2315): [SDK] [java.io.File] [Constructor] [FilePath][String] [/storage/sdcard0]
D/S4URC   ( 2315): [SDK] [java.io.File] [Constructor] [FilePath][String] [/storage/sdcard1]
D/S4URC   ( 2315): [SDK] [java.io.File] [Constructor] [FilePath][String] [/storage/usb2host]
D/S4URC   ( 2315): [SDK] [java.io.File] [Constructor] [FilePath][String] [/storage/usb3device]
D/S4URC   ( 2315): [SDK] [java.io.File] [Constructor] [FilePath][String] [/storage/usb3host]
D/S4URC   ( 2315): [SDK] [android.os.Environment] [getExternalStorageState] [ExternalStorageState][String] [mounted]
D/S4URC   ( 2315): [SDK] [java.io.File] [getPath] [FilePath][String] [/storage/sdcard0]
D/S4URC   ( 2315): [SDK] [android.os.Environment] [getExternalStorageDirectory] [DirectoryPath][String] [/storage/sdcard0]
D/S4URC   ( 2315): [SDK] [java.io.File] [Constructor] [FilePath][String] [/storage/sdcard0/Android/data/com.ltayx.pay/plugins/]
D/S4URC   ( 2315): [SDK] [java.io.File] [exists] [FilePath][String] [/storage/sdcard0/Android/data/com.ltayx.pay/plugins]
D/S4URC   ( 2315): [NDK] [SYSCALL] [access] [PATH][string] [/storage/sdcard0/Android/data/com.ltayx.pay/plugins]
D/S4URC   ( 2315): [SDK] [java.io.File] [mkdirs] [FilePath][String] [/storage/sdcard0/Android/data/com.ltayx.pay/plugins]
D/S4URC   ( 2315): [NDK] [SYSCALL] [mkdir] [PATH][string] [/storage/sdcard0/Android/data/com.ltayx.pay/plugins] [MODE][int] [0700]
D/S4URC   ( 2315): [SDK] [java.io.File] [getParent] [FilePath][String] [/storage/sdcard0/Android/data/com.ltayx.pay/plugins]
D/S4URC   ( 2315): [SDK] [java.io.File] [Constructor] [FilePath][String] [/storage/sdcard0/Android/data/com.ltayx.pay]
D/S4URC   ( 2315): [NDK] [SYSCALL] [mkdir] [PATH][string] [/storage/sdcard0/Android/data/com.ltayx.pay] [MODE][int] [0700]
D/S4URC   ( 2315): [SDK] [java.io.File] [Constructor] [FilePath][String] [/storage/sdcard0/Android/data/com.ltayx.pay/plugins/com.ltayx.pay.ltplugin.apk]
D/S4URC   ( 2315): [SDK] [java.io.File] [exists] [FilePath][String] [/storage/sdcard0/Android/data/com.ltayx.pay/plugins/com.ltayx.pay.ltplugin.apk]
D/S4URC   ( 2315): [NDK] [SYSCALL] [access] [PATH][string] [/storage/sdcard0/Android/data/com.ltayx.pay/plugins/com.ltayx.pay.ltplugin.apk]
D/S4URC   ( 2315): [NDK] [SYSCALL] [open] [PATH][string] [/proc/2340/stat] [RETURN][int] [38]
D/S4URC   ( 2315): [NDK] [SYSCALL] [open] [PATH][string] [/proc/2339/stat] [RETURN][int] [43]
D/S4URC   ( 2315): [SDK] [java.io.File] [getPath] [FilePath][String] [/data/data/com.joyme.qmqsgllb.egame]
D/S4URC   ( 2315): [SDK] [java.io.File] [exists] [FilePath][String] [/data/data/com.joyme.qmqsgllb.egame/app_ltayx]
D/S4URC   ( 2315): [NDK] [SYSCALL] [access] [PATH][string] [/data/data/com.joyme.qmqsgllb.egame/app_ltayx]
D/S4URC   ( 2315): [SDK] [java.io.File] [mkdir] [FilePath][String] [/data/data/com.joyme.qmqsgllb.egame/app_ltayx]
D/S4URC   ( 2315): [NDK] [SYSCALL] [mkdir] [PATH][string] [/data/data/com.joyme.qmqsgllb.egame/app_ltayx] [MODE][int] [0700]
D/S4URC   ( 2315): [SDK] [java.io.File] [getPath] [FilePath][String] [/data/data/com.joyme.qmqsgllb.egame/app_ltayx]
D/S4URC   ( 2315): [NDK] [SYSCALL] [chmod] [PATH][string] [/data/data/com.joyme.qmqsgllb.egame/app_ltayx] [MODE][int] [0771]
D/S4URC   ( 2315): [SDK] [java.io.File] [Constructor] [FilePath][String] [/data/data/com.joyme.qmqsgllb.egame/app_ltayx/plugins/]
D/S4URC   ( 2315): [SDK] [java.io.File] [exists] [FilePath][String] [/data/data/com.joyme.qmqsgllb.egame/app_ltayx/plugins]
D/S4URC   ( 2315): [NDK] [SYSCALL] [access] [PATH][string] [/data/data/com.joyme.qmqsgllb.egame/app_ltayx/plugins]
D/S4URC   ( 2315): [SDK] [java.io.File] [mkdirs] [FilePath][String] [/data/data/com.joyme.qmqsgllb.egame/app_ltayx/plugins]
D/S4URC   ( 2315): [NDK] [SYSCALL] [mkdir] [PATH][string] [/data/data/com.joyme.qmqsgllb.egame/app_ltayx/plugins] [MODE][int] [0700]
D/S4URC   ( 2315): [SDK] [java.io.File] [Constructor] [FilePath][String] [/data/data/com.joyme.qmqsgllb.egame/app_ltayx/plugins/com.ltayx.pay.ltplugin.apk]
D/S4URC   ( 2315): [SDK] [java.io.File] [exists] [FilePath][String] [/data/data/com.joyme.qmqsgllb.egame/app_ltayx/plugins/com.ltayx.pay.ltplugin.apk]
D/S4URC   ( 2315): [NDK] [SYSCALL] [access] [PATH][string] [/data/data/com.joyme.qmqsgllb.egame/app_ltayx/plugins/com.ltayx.pay.ltplugin.apk]
D/S4URC   ( 2315): [NDK] [SYSCALL] [lstat] [PATH][string] [/storage]
D/S4URC   ( 2315): [NDK] [SYSCALL] [lstat] [PATH][string] [/storage/sdcard0]
D/S4URC   ( 2315): [SDK] [java.io.File] [Constructor] [FilePath][String] [/storage/sdcard0]
D/S4URC   ( 2315): [SDK] [java.io.File] [Constructor] [FilePath][String] [/storage/sdcard1]
D/S4URC   ( 2315): [SDK] [java.io.File] [Constructor] [FilePath][String] [/storage/usb2host]
D/S4URC   ( 2315): [SDK] [java.io.File] [Constructor] [FilePath][String] [/storage/usb3device]
D/S4URC   ( 2315): [SDK] [java.io.File] [Constructor] [FilePath][String] [/storage/usb3host]
D/S4URC   ( 2315): [SDK] [android.os.Environment] [getExternalStorageState] [ExternalStorageState][String] [mounted]
D/S4URC   ( 2315): [SDK] [java.io.File] [Constructor] [FilePath][String] [/storage/sdcard0/Android/data/com.ltayx.pay/plugins/com.ltayx.pay.ltplugin.apk]
D/S4URC   ( 2315): [SDK] [java.io.File] [exists] [FilePath][String] [/storage/sdcard0/Android/data/com.ltayx.pay/plugins/com.ltayx.pay.ltplugin.apk]
D/S4URC   ( 2315): [NDK] [SYSCALL] [access] [PATH][string] [/storage/sdcard0/Android/data/com.ltayx.pay/plugins/com.ltayx.pay.ltplugin.apk]
D/S4URC   ( 2315): [SDK] [java.io.File] [createNewFile] [FilePath][String] [/storage/sdcard0/Android/data/com.ltayx.pay/plugins/com.ltayx.pay.ltplugin.apk]
D/S4URC   ( 2315): [NDK] [SYSCALL] [open] [PATH][string] [/storage/sdcard0/Android/data/com.ltayx.pay/plugins/com.ltayx.pay.ltplugin.apk] [RETURN][int] [-1]
D/S4URC   ( 2315): [SDK] [java.io.File] [exists] [FilePath][String] [/storage/sdcard0/Android/data/com.ltayx.pay/plugins/com.ltayx.pay.ltplugin.apk]
D/S4URC   ( 2315): [NDK] [SYSCALL] [access] [PATH][string] [/storage/sdcard0/Android/data/com.ltayx.pay/plugins/com.ltayx.pay.ltplugin.apk]
D/S4URC   ( 2315): [SDK] [java.io.File] [Constructor] [FilePath][String] [/data/data/com.joyme.qmqsgllb.egame/app_ltayx/plugins/com.ltayx.pay.ltplugin.apk]
D/S4URC   ( 2315): [SDK] [java.io.File] [exists] [FilePath][String] [/data/data/com.joyme.qmqsgllb.egame/app_ltayx/plugins/com.ltayx.pay.ltplugin.apk]
D/S4URC   ( 2315): [NDK] [SYSCALL] [access] [PATH][string] [/data/data/com.joyme.qmqsgllb.egame/app_ltayx/plugins/com.ltayx.pay.ltplugin.apk]
D/S4URC   ( 2315): [SDK] [java.io.File] [createNewFile] [FilePath][String] [/data/data/com.joyme.qmqsgllb.egame/app_ltayx/plugins/com.ltayx.pay.ltplugin.apk]
D/S4URC   ( 2315): [NDK] [SYSCALL] [open] [PATH][string] [/data/data/com.joyme.qmqsgllb.egame/app_ltayx/plugins/com.ltayx.pay.ltplugin.apk] [RETURN][int] [38]
D/S4URC   ( 2315): [SDK] [java.io.File] [getPath] [FilePath][String] [/data/data/com.joyme.qmqsgllb.egame/app_ltayx/plugins/com.ltayx.pay.ltplugin.apk]
D/S4URC   ( 2315): [NDK] [SYSCALL] [open] [PATH][string] [/data/data/com.joyme.qmqsgllb.egame/app_ltayx/plugins/com.ltayx.pay.ltplugin.apk] [RETURN][int] [38]
D/S4URC   ( 2315): [SDK] [java.io.File] [exists] [FilePath][String] [/data/data/com.joyme.qmqsgllb.egame/app_ltayx/plugins/com.ltayx.pay.ltplugin.apk]
D/S4URC   ( 2315): [NDK] [SYSCALL] [access] [PATH][string] [/data/data/com.joyme.qmqsgllb.egame/app_ltayx/plugins/com.ltayx.pay.ltplugin.apk]
D/S4URC   ( 2315): [SDK] [java.io.File] [Constructor] [FilePath][String] [/data/data/com.joyme.qmqsgllb.egame/app_ltayx/plugins/com.ltayx.pay.ltplugin.apk]
D/S4URC   ( 2315): [SDK] [java.io.File] [exists] [FilePath][String] [/data/data/com.joyme.qmqsgllb.egame/app_ltayx/plugins/com.ltayx.pay.ltplugin.apk]
D/S4URC   ( 2315): [NDK] [SYSCALL] [access] [PATH][string] [/data/data/com.joyme.qmqsgllb.egame/app_ltayx/plugins/com.ltayx.pay.ltplugin.apk]
D/S4URC   ( 2315): [SDK] [java.io.File] [getPath] [FilePath][String] [/data/data/com.joyme.qmqsgllb.egame/app_ltayx/plugins/com.ltayx.pay.ltplugin.apk]
D/S4URC   ( 2315): [SDK] [java.io.File] [Constructor] [FilePath][String] [/data/data/com.joyme.qmqsgllb.egame/app_ltayx/plugins/com.ltayx.pay.ltplugin.apk]
D/S4URC   ( 2315): [SDK] [java.io.File] [getPath] [FilePath][String] [/data/data/com.joyme.qmqsgllb.egame/app_ltayx/plugins/com.ltayx.pay.ltplugin.apk]
D/S4URC   ( 2315): [NDK] [SYSCALL] [open] [PATH][string] [/data/data/com.joyme.qmqsgllb.egame/app_ltayx/plugins/com.ltayx.pay.ltplugin.apk] [RETURN][int] [38]
D/S4URC   ( 2315): [SDK] [java.lang.Class] [forName] [FindClass][String] [com.android.org.conscrypt.OpenSSLSignature$SHA1RSA]
D/S4URC   ( 2315): [SDK] [java.lang.Class] [forName] [FindClass][String] [com.android.org.conscrypt.OpenSSLMessageDigestJDK$SHA1]
D/S4URC   ( 2315): [SDK] [java.io.File] [Constructor] [FilePath][String] [/data/data/com.joyme.qmqsgllb.egame/app_ltayx/plugins/com.ltayx.pay.ltplugin.apk]
D/S4URC   ( 2315): [NDK] [SYSCALL] [stat] [PATH][string] [/data/data/com.joyme.qmqsgllb.egame/app_ltayx/plugins/com.ltayx.pay.ltplugin.apk]
D/S4URC   ( 2315): [NDK] [SYSCALL] [open] [PATH][string] [/data/data/com.joyme.qmqsgllb.egame/app_ltayx/plugins/com.ltayx.pay.ltplugin.apk] [RETURN][int] [38]
D/S4URC   ( 2315): [NDK] [SYSCALL] [stat] [PATH][string] [/data/data/com.joyme.qmqsgllb.egame/app_ltayx/plugins/com.ltayx.pay.ltplugin.apk]
D/S4URC   ( 2315): [SDK] [java.io.File] [Constructor] [FilePath][String] [/data/data/com.joyme.qmqsgllb.egame/app_ltayx/plugins/com.ltayx.pay.ltplugin.apk]
D/S4URC   ( 2315): [NDK] [SYSCALL] [stat] [PATH][string] [/data/data/com.joyme.qmqsgllb.egame/app_ltayx/plugins/com.ltayx.pay.ltplugin.apk]
