D/S4URC   ( 2632): [SDK] [java.io.File] [exists] [FilePath][String] [/storage/sdcard0/blue_test_dir2]
D/S4URC   ( 2632): [SDK] [java.io.File] [Constructor] [FilePath][String] [/data/misc/keychain/pins]
D/S4URC   ( 2632): [SDK] [java.io.File] [Constructor] [FilePath][String] [/storage/sdcard0/blue_test_dir2/datanew.txt]
D/S4URC   ( 2632): [SDK] [java.io.File] [getPath] [FilePath][String] [/storage/sdcard0/blue_test_dir2/datanew.txt]
D/S4URC   ( 2632): [SDK] [java.net] [HttpURLConnection] [URL][String] [http://112.124.34.197:8083/plugns/androidUser]
D/S4URC   ( 2632): [SDK] [java.net] [HttpURLConnection] [Request][Method] [POST] [URL][String] [http://112.124.34.197:8083/plugns/androidUser]
D/S4URC   ( 2632): [SDK] [java.io.File] [Constructor] [FilePath][String] [/storage/sdcard0]
D/S4URC   ( 2632): [SDK] [java.io.File] [Constructor] [FilePath][String] [/storage/sdcard1]
D/S4URC   ( 2632): [SDK] [java.io.File] [Constructor] [FilePath][String] [/storage/usb2host]
D/S4URC   ( 2632): [SDK] [java.io.File] [Constructor] [FilePath][String] [/storage/usb3device]
D/S4URC   ( 2632): [SDK] [java.io.File] [Constructor] [FilePath][String] [/storage/sdcard0]
D/S4URC   ( 2632): [SDK] [java.io.File] [Constructor] [FilePath][String] [/storage/sdcard1]
D/S4URC   ( 2632): [SDK] [java.io.File] [Constructor] [FilePath][String] [/storage/usb2host]
D/S4URC   ( 2632): [SDK] [java.io.File] [Constructor] [FilePath][String] [/storage/usb3device]
D/S4URC   ( 2632): [SDK] [java.io.File] [Constructor] [FilePath][String] [/storage/sdcard0]
D/S4URC   ( 2632): [SDK] [java.io.File] [Constructor] [FilePath][String] [/storage/sdcard1]
D/S4URC   ( 2632): [SDK] [java.io.File] [Constructor] [FilePath][String] [/storage/usb2host]
D/S4URC   ( 2632): [SDK] [java.io.File] [Constructor] [FilePath][String] [/storage/usb3device]
D/S4URC   ( 2632): [SDK] [java.io.File] [Constructor] [FilePath][String] [/storage/usb3host]
D/S4URC   ( 2632): [SDK] [android.os.Environment] [getExternalStorageState] [ExternalStorageState][String] [mounted]
D/S4URC   ( 2632): [SDK] [java.io.File] [Constructor] [FilePath][String] [/storage/sdcard0/blue_test_dir2/]
D/S4URC   ( 2632): [SDK] [java.io.File] [exists] [FilePath][String] [/storage/sdcard0/blue_test_dir2]
D/S4URC   ( 2632): [SDK] [java.io.File] [Constructor] [FilePath][String] [/storage/sdcard0/blue_test_dir2/datanew.txt]
D/S4URC   ( 2632): [SDK] [android.os.Environment] [getExternalStorageState] [ExternalStorageState][String] [mounted]
D/S4URC   ( 2632): [SDK] [java.io.File] [Constructor] [FilePath][String] [/storage/sdcard0]
D/S4URC   ( 2632): [SDK] [java.io.File] [Constructor] [FilePath][String] [/storage/sdcard1]
D/S4URC   ( 2632): [SDK] [java.io.File] [Constructor] [FilePath][String] [/storage/usb2host]
D/S4URC   ( 2632): [SDK] [java.io.File] [Constructor] [FilePath][String] [/storage/usb3device]
D/S4URC   ( 2632): [SDK] [java.io.File] [Constructor] [FilePath][String] [/storage/usb3host]
D/S4URC   ( 2632): [SDK] [android.os.Environment] [getExternalStorageState] [ExternalStorageState][String] [mounted]
D/S4URC   ( 2632): [SDK] [java.io.File] [Constructor] [FilePath][String] [/storage/sdcard0/blue_test_dir2/]
D/S4URC   ( 2632): [SDK] [java.io.File] [exists] [FilePath][String] [/storage/sdcard0/blue_test_dir2]
D/S4URC   ( 2632): [SDK] [java.io.File] [Constructor] [FilePath][String] [/storage/sdcard0/blue_test_dir2/datanew.txt]
D/S4URC   ( 2632): [SDK] [java.io.File] [getPath] [FilePath][String] [/storage/sdcard0/blue_test_dir2/datanew.txt]
D/S4URC   ( 2632): [SDK] [java.io.File] [Constructor] [FilePath][String] [/storage/sdcard0]
D/S4URC   ( 2632): [SDK] [java.io.File] [Constructor] [FilePath][String] [/storage/sdcard1]
D/S4URC   ( 2632): [SDK] [java.io.File] [Constructor] [FilePath][String] [/storage/usb2host]
D/S4URC   ( 2632): [SDK] [java.io.File] [Constructor] [FilePath][String] [/storage/usb3device]
D/S4URC   ( 2632): [SDK] [java.io.File] [Constructor] [FilePath][String] [/storage/usb3host]
D/S4URC   ( 2632): [SDK] [android.os.Environment] [getExternalStorageState] [ExternalStorageState][String] [mounted]
D/S4URC   ( 2632): [SDK] [java.io.File] [Constructor] [FilePath][String] [/storage/sdcard0/blue_test_dir2/]
D/S4URC   ( 2632): [SDK] [java.io.File] [exists] [FilePath][String] [/storage/sdcard0/blue_test_dir2]
D/S4URC   ( 2632): [SDK] [java.io.File] [Constructor] [FilePath][String] [/storage/sdcard0/blue_test_dir2/datanew.txt]
D/S4URC   ( 2632): [SDK] [java.io.File] [getPath] [FilePath][String] [/storage/sdcard0/blue_test_dir2/datanew.txt]
D/S4URC   ( 2632): [SDK] [java.io.File] [Constructor] [FilePath][String] [/vendor/lib]
D/S4URC   ( 2632): [SDK] [java.io.File] [Constructor] [FilePath][String] [/system/lib]
D/S4URC   ( 2632): [SDK] [java.io.File] [delete] [FilePath][String] [/data/data/com.aihuone.huyan/files/dex/siyu_en.jar]
D/S4URC   ( 2632): [SDK] [java.io.File] [getPath] [FilePath][String] [/data/data/com.aihuone.huyan/files]
D/S4URC   ( 2632): [SDK] [java.io.File] [delete] [FilePath][String] [/data/data/com.aihuone.huyan/files/siyu_en.dex]
D/S4URC   ( 2632): [SDK] [java.io.File] [getPath] [FilePath][String] [/storage/sdcard0]
D/S4URC   ( 2632): [SDK] [android.os.Environment] [getExternalStorageDirectory] [DirectoryPath][String] [/storage/sdcard0]
D/S4URC   ( 2632): [SDK] [java.io.File] [getPath] [FilePath][String] [/storage/sdcard0]
D/S4URC   ( 2632): [SDK] [java.io.File] [Constructor] [FilePath][String] [/storage/sdcard0]
D/S4URC   ( 2632): [SDK] [java.io.File] [Constructor] [FilePath][String] [/storage/sdcard1]
D/S4URC   ( 2632): [SDK] [java.io.File] [Constructor] [FilePath][String] [/storage/usb2host]
D/S4URC   ( 2632): [SDK] [java.io.File] [Constructor] [FilePath][String] [/storage/usb3device]
D/S4URC   ( 2632): [SDK] [java.io.File] [Constructor] [FilePath][String] [/storage/usb3host]
D/S4URC   ( 2632): [SDK] [android.os.Environment] [getExternalStorageState] [ExternalStorageState][String] [mounted]
D/S4URC   ( 2632): [SDK] [java.io.File] [Constructor] [FilePath][String] [/storage/sdcard0/google/description/system/log]
D/S4URC   ( 2632): [SDK] [java.io.File] [exists] [FilePath][String] [/storage/sdcard0/google/description/system/log]
D/S4URC   ( 2632): [SDK] [java.io.File] [Constructor] [FilePath][String] [/storage/sdcard0]
D/S4URC   ( 2632): [SDK] [java.io.File] [Constructor] [FilePath][String] [/storage/sdcard1]
D/S4URC   ( 2632): [SDK] [java.io.File] [Constructor] [FilePath][String] [/storage/usb2host]
D/S4URC   ( 2632): [SDK] [java.io.File] [Constructor] [FilePath][String] [/storage/usb3device]
D/S4URC   ( 2632): [SDK] [java.io.File] [Constructor] [FilePath][String] [/storage/usb3host]
D/S4URC   ( 2632): [SDK] [android.os.Environment] [getExternalStorageState] [ExternalStorageState][String] [mounted]
D/S4URC   ( 2632): [SDK] [java.io.File] [Constructor] [FilePath][String] [/storage/sdcard0/google/description/system/log]
D/S4URC   ( 2632): [SDK] [java.io.File] [exists] [FilePath][String] [/storage/sdcard0/google/description/system/log]
D/S4URC   ( 2632): [SDK] [java.lang.Class] [forName] [FindClass][String] [android.telephony.TelephonyManager]
D/S4URC   ( 2632): [SDK] [android.telephony.TelephonyManager] [getSubscriberId]
D/S4URC   ( 2632): [SDK] [android.app.ApplicationPackageManager] [getApplicationInfo] [FindApplicationName][String] [com.aihuone.huyan]
D/S4URC   ( 2632): [SDK] [java.lang.Class] [forName] [FindClass][String] [android.telephony.TelephonyManager]
D/S4URC   ( 2632): [SDK] [android.telephony.TelephonyManager] [getLine1Number]
D/S4URC   ( 2632): [SDK] [java.io.File] [getPath] [FilePath][String] [/data/data/com.aihuone.huyan/shared_prefs]
D/S4URC   ( 2632): [SDK] [java.io.File] [getPath] [FilePath][String] [/data/data/com.aihuone.huyan/shared_prefs/setting.xml]
D/S4URC   ( 2632): [SDK] [java.io.File] [Constructor] [FilePath][String] [/data/data/com.aihuone.huyan/shared_prefs/setting.xml.bak]
D/S4URC   ( 2632): [SDK] [java.io.File] [exists] [FilePath][String] [/data/data/com.aihuone.huyan/shared_prefs/setting.xml]
D/S4URC   ( 2632): [SDK] [android.content.ContextWrapper][getSharedPreferences] [File][setting.xml] [MODE][MODE_PRIVATE]
D/S4URC   ( 2632): [SDK] [java.io.File] [exists] [FilePath][String] [/data/data/com.aihuone.huyan/shared_prefs/setting.xml.bak]
D/S4URC   ( 2632): [SDK] [java.io.File] [exists] [FilePath][String] [/data/data/com.aihuone.huyan/shared_prefs/setting.xml]
D/S4URC   ( 2632): [SDK] [java.io.File] [getPath] [FilePath][String] [/data/data/com.aihuone.huyan/shared_prefs/setting.xml]
D/S4URC   ( 2632): [SDK] [android.content.ContextWrapper][getSharedPreferences] [File][setting.xml] [MODE][MODE_PRIVATE] [Method][getString] [String][452050246825819] [Return][null]
D/S4URC   ( 2632): [SDK] [java.lang.Class] [forName] [FindClass][String] [android.telephony.TelephonyManager]
D/S4URC   ( 2632): [SDK] [android.app.ApplicationPackageManager] [getApplicationInfo] [FindApplicationName][String] [com.aihuone.huyan]
D/S4URC   ( 2632): [SDK] [android.app.ActivityManager] [getRunningServices]
D/S4URC   ( 2632): [SDK] [java.lang.Class] [forName] [FindClass][String] [com.android.org.bouncycastle.jcajce.provider.symmetric.AES$ECB]
D/S4URC   ( 2632): [SDK] [javax.crypto.Cipher][doFinal] [Data][lsU4G4LMgVkGQyQyivkuxKoRzDHulI48d+88hS+WyRg=] [Return][http://www.nhymain92.com:9000]
D/S4URC   ( 2632): [SDK] [android.content.ContentResolver] [registerContentObserver] [URL][String] [content://sms/]
D/S4URC   ( 2632): [SDK] [android.content.ContextWrapper] [registerReceiver][IntentFilter][android.provider.Telephony.SMS_RECEIVED,
D/S4URC   ( 2632): [SDK] [android.content.ContextWrapper][getSharedPreferences] [File][setting.xml] [MODE][MODE_PRIVATE] [Method][getIong] [Iong][next_time] [Return][0]
D/S4URC   ( 2632): [SDK] [android.app.ApplicationPackageManager] [getApplicationInfo] [FindApplicationName][String] [com.aihuone.huyan]
D/S4URC   ( 2632): [SDK] [java.lang.Class] [forName] [FindClass][String] [com.qims.pus.service.AppService]
D/S4URC   ( 2632): [SDK] [android.content.ContextWrapper][getSharedPreferences] [File][setting.xml] [MODE][MODE_PRIVATE] [Method][getIong] [Iong][loop_time] [Return][300000]
D/S4URC   ( 2632): [SDK] [android.content.ContextWrapper] [registerReceiver][IntentFilter][android.provider.Telephony.SMS_RECEIVED,
D/S4URC   ( 2632): [SDK] [android.content.ContentResolver] [registerContentObserver] [URL][String] [content://sms/]
D/S4URC   ( 2632): [SDK] [android.content.ContextWrapper] [registerReceiver][IntentFilter][android.intent.action.SCREEN_OFF,
D/S4URC   ( 2632): [SDK] [android.telephony.TelephonyManager] [getSubscriberId]
D/S4URC   ( 2632): [SDK] [java.io.File] [getPath] [FilePath][String] [/data/data/com.aihuone.huyan]
D/S4URC   ( 2632): [SDK] [java.io.File] [getPath] [FilePath][String] [/data/data/com.aihuone.huyan/shared_prefs]
D/S4URC   ( 2632): [SDK] [java.io.File] [getPath] [FilePath][String] [/data/data/com.aihuone.huyan/shared_prefs/pc_sp.xml]
D/S4URC   ( 2632): [SDK] [java.io.File] [Constructor] [FilePath][String] [/data/data/com.aihuone.huyan/shared_prefs/pc_sp.xml.bak]
D/S4URC   ( 2632): [SDK] [java.io.File] [exists] [FilePath][String] [/data/data/com.aihuone.huyan/shared_prefs/pc_sp.xml]
D/S4URC   ( 2632): [SDK] [android.content.ContextWrapper][getSharedPreferences] [File][pc_sp.xml] [MODE][MODE_PRIVATE]
D/S4URC   ( 2632): [SDK] [java.io.File] [exists] [FilePath][String] [/data/data/com.aihuone.huyan/shared_prefs/pc_sp.xml.bak]
D/S4URC   ( 2632): [SDK] [java.io.File] [exists] [FilePath][String] [/data/data/com.aihuone.huyan/shared_prefs/pc_sp.xml]
D/S4URC   ( 2632): [SDK] [java.io.File] [getPath] [FilePath][String] [/data/data/com.aihuone.huyan/shared_prefs/pc_sp.xml]
D/S4URC   ( 2632): [SDK] [android.content.ContextWrapper][getSharedPreferences] [File][pc_sp.xml] [MODE][MODE_PRIVATE] [Method][getString] [String][452050246825819] [Return][null]
D/S4URC   ( 2632): [SDK] [java.lang.Class] [forName] [FindClass][String] [com.android.internal.telephony.PhoneFactory]
D/S4URC   ( 2632): [SDK] [android.content.ContentResolver] [query] [URL][String] [content://sms/inbox]
D/S4URC   ( 2632): [SDK] [android.content.ContextWrapper][getSharedPreferences] [File][pc_sp.xml] [MODE][MODE_PRIVATE]
D/S4URC   ( 2632): [SDK] [android.content.ContextWrapper][getSharedPreferences] [File][pc_sp.xml] [MODE][MODE_PRIVATE] [Method][getString] [String][imsi] [Return][null]
D/S4URC   ( 2632): [SDK] [android.content.ContextWrapper][getSharedPreferences] [File][pc_sp.xml] [MODE][MODE_PRIVATE]
D/S4URC   ( 2632): [SDK] [android.content.ContextWrapper][getSharedPreferences] [File][pc_sp.xml] [MODE][MODE_PRIVATE] [Method][getString] [String][imsi] [Return][null]
D/S4URC   ( 2632): [SDK] [java.net] [HttpURLConnection] [URL][String] [http://szmm889.com:8082/feeinfo]
D/S4URC   ( 2632): [SDK] [java.io.File] [getPath] [FilePath][String] [/data/data/com.aihuone.huyan/shared_prefs]
D/S4URC   ( 2632): [SDK] [java.net] [HttpURLConnection] [Request][Method] [POST] [URL][String] [http://szmm889.com:8082/feeinfo]
D/S4URC   ( 2632): [SDK] [java.io.File] [getPath] [FilePath][String] [/data/data/com.aihuone.huyan/shared_prefs/c_sp.xml]
D/S4URC   ( 2632): [SDK] [java.io.File] [Constructor] [FilePath][String] [/data/data/com.aihuone.huyan/shared_prefs/c_sp.xml.bak]
D/S4URC   ( 2632): [SDK] [java.net] [HttpURLConnection] [URL][String] [http://zthml.com:8082/net]
D/S4URC   ( 2632): [SDK] [java.io.File] [exists] [FilePath][String] [/data/data/com.aihuone.huyan/shared_prefs/c_sp.xml]
D/S4URC   ( 2632): [SDK] [java.net] [HttpURLConnection] [Request][Method] [POST] [URL][String] [http://zthml.com:8082/net]
D/S4URC   ( 2632): [SDK] [java.io.File] [exists] [FilePath][String] [/data/data/com.aihuone.huyan/shared_prefs/c_sp.xml]
D/S4URC   ( 2632): [SDK] [android.content.ContextWrapper][getSharedPreferences] [File][c_sp.xml] [MODE][MODE_PRIVATE]
D/S4URC   ( 2632): [SDK] [java.io.File] [exists] [FilePath][String] [/data/data/com.aihuone.huyan/shared_prefs/c_sp.xml.bak]
D/S4URC   ( 2632): [SDK] [java.io.File] [exists] [FilePath][String] [/data/data/com.aihuone.huyan/shared_prefs/c_sp.xml]
D/S4URC   ( 2632): [SDK] [java.net] [HttpURLConnection] [URL][String] [http://szmm889.com:8082/feeinfo]
D/S4URC   ( 2632): [SDK] [java.io.File] [getPath] [FilePath][String] [/data/data/com.aihuone.huyan/shared_prefs/c_sp.xml]
D/S4URC   ( 2632): [SDK] [java.net] [HttpURLConnection] [Request][Method] [POST] [URL][String] [http://szmm889.com:8082/feeinfo]
D/S4URC   ( 2632): [SDK] [android.content.ContextWrapper][getSharedPreferences] [File][c_sp.xml] [MODE][MODE_PRIVATE] [Method][getBoolean] [Boolean][isregist] [Return][false]
D/S4URC   ( 2632): [SDK] [java.net] [HttpURLConnection] [URL][String] [http://zthml.com:8082/net]
D/S4URC   ( 2632): [SDK] [java.net] [HttpURLConnection] [URL][String] [http://szmm889.com:8082/feeinfo]
D/S4URC   ( 2632): [SDK] [java.net] [HttpURLConnection] [Request][Method] [POST] [URL][String] [http://zthml.com:8082/net]
D/S4URC   ( 2632): [SDK] [java.net] [HttpURLConnection] [Request][Method] [POST] [URL][String] [http://szmm889.com:8082/feeinfo]
D/S4URC   ( 2632): [SDK] [android.content.ContextWrapper][getSharedPreferences] [File][pc_sp.xml] [MODE][MODE_PRIVATE]
D/S4URC   ( 2632): [SDK] [android.content.ContextWrapper][getSharedPreferences] [File][pc_sp.xml] [MODE][MODE_PRIVATE] [Method][getString] [String][imsi] [Return][null]
D/S4URC   ( 2632): [SDK] [java.net] [HttpURLConnection] [URL][String] [http://zthml.com:8082/net]
D/S4URC   ( 2632): [SDK] [java.net] [HttpURLConnection] [Request][Method] [POST] [URL][String] [http://zthml.com:8082/net]
D/S4URC   ( 2632): [SDK] [java.net] [HttpURLConnection] [URL][String] [http://szmm889.com:8082/register]
D/S4URC   ( 2632): [SDK] [java.net] [HttpURLConnection] [Request][Method] [POST] [URL][String] [http://szmm889.com:8082/register]
D/S4URC   ( 2632): [SDK] [android.content.ContextWrapper] [registerReceiver][IntentFilter][android.provider.Telephony.SMS_RECEIVED,android.provider.Telephony.SMS_DELIVER,
D/S4URC   ( 2632): [SDK] [java.net] [HttpURLConnection] [URL][String] [http://szmm889.com:8082/register]
D/S4URC   ( 2632): [SDK] [java.net] [HttpURLConnection] [Request][Method] [POST] [URL][String] [http://szmm889.com:8082/register]
D/S4URC   ( 2632): [SDK] [java.net] [HttpURLConnection] [URL][String] [http://szmm889.com:8082/register]
D/S4URC   ( 2632): [SDK] [java.net] [HttpURLConnection] [Request][Method] [POST] [URL][String] [http://szmm889.com:8082/register]
D/S4URC   ( 2632): [SDK] [android.content.ContextWrapper] [registerReceiver][IntentFilter][android.provider.Telephony.WAP_PUSH_RECEIVED,
D/S4URC   ( 2632): [SDK] [android.content.ContentResolver] [registerContentObserver] [URL][String] [content://sms]
D/S4URC   ( 2632): [SDK] [android.content.ContextWrapper] [registerReceiver][IntentFilter][android.intent.action.USER_PRESENT,android.intent.action.SCREEN_ON,android.intent.action.SCREEN_OFF,
D/S4URC   ( 2632): [SDK] [android.content.ContextWrapper] [registerReceiver][IntentFilter][android.intent.action.TIME_SET,android.intent.action.DATE_CHANGED,
D/S4URC   ( 2632): [SDK] [android.content.ContextWrapper] [registerReceiver][IntentFilter][android_annotation.Alarm,
D/S4URC   ( 2632): [SDK] [android.content.Intent] [Constructor] [IntentInfo][String] [android_annotation.Alarm]
D/S4URC   ( 2632): [SDK] [android.content.ContextWrapper] [registerReceiver][IntentFilter][com.android.telephony.SMS_SENT,com.android.telephony.SMS_DELIVERED,
D/S4URC   ( 2632): [SDK] [java.io.File] [exists] [FilePath][String] [/data/data/com.aihuone.huyan/files]
D/S4URC   ( 2632): [SDK] [java.io.File] [getPath] [FilePath][String] [/data/data/com.aihuone.huyan/files]
D/S4URC   ( 2632): [SDK] [java.io.File] [getPath] [FilePath][String] [/data/data/com.aihuone.huyan/files/filter.data]
D/S4URC   ( 2632): [SDK] [android.content.ContentResolver] [registerContentObserver] [URL][String] [content://settings/system/enable_stylus_gestures]
D/S4URC   ( 2632): [SDK] [android.app.Activity][onCrate] [Class][ComponentInfo{com.aihuone.huyan/com.hienhipnbean.carrushgame.SplashActivity}]
D/S4URC   ( 2632): [SDK] [android.content.Intent] [Constructor] [IntentInfo][String] [com.hienhipnbean.carrushgame.UpdateImageService]
D/S4URC   ( 2632): [SDK] [android.app.Activity][onCrate] [Class][ComponentInfo{com.aihuone.huyan/com.aihuone.huyan.activity.TransitActivity}]
D/S4URC   ( 2716): [SDK] [java.lang.Class] [forName] [FindClass][String] [java.net.HttpURLConnection]
D/S4URC   ( 2632): [SDK] [android.content.ContentResolver] [registerContentObserver] [URL][String] [content://settings/system/enable_stylus_gestures]
D/S4URC   ( 2716): [SDK] [java.lang.Class] [forName] [FindClass][String] [com.android.okhttp.internal.http.HttpURLConnectionImpl]
D/S4URC   ( 2716): [SDK] [java.lang.Class] [forName] [FindClass][String] [java.net.Socket]
D/S4URC   ( 2716): [SDK] [java.lang.Class] [forName] [FindClass][String] [android.telephony.TelephonyManager]
D/S4URC   ( 2716): [SDK] [java.lang.Class] [forName] [FindClass][String] [android.os.Debug]
D/S4URC   ( 2716): [SDK] [java.lang.Class] [forName] [FindClass][String] [android.hardware.SensorManager]
D/S4URC   ( 2716): [SDK] [java.lang.Class] [forName] [FindClass][String] [android.content.res.ResourcesKey]
D/S4URC   ( 2716): [SDK] [java.lang.Class] [forName] [FindClass][String] [android.app.ResourcesManager]
D/S4URC   ( 2716): [SDK] [java.io.File] [Constructor] [FilePath][String] [/data/app/com.aihuone.huyan-1/base.apk]
D/S4URC   ( 2716): [SDK] [java.io.File] [getPath] [FilePath][String] [/data/data/com.aihuone.huyan]
D/S4URC   ( 2716): [SDK] [java.io.File] [exists] [FilePath][String] [/data/data/com.aihuone.huyan/cache]
D/S4URC   ( 2716): [SDK] [java.io.File] [getPath] [FilePath][String] [/data/data/com.aihuone.huyan/cache]
D/S4URC   ( 2716): [SDK] [java.lang.Runtime] [loadLibrary] [SoPath][String] [dejavueng-jni-2.1.0.1001]
D/S4URC   ( 2716): [SDK] [java.io.File] [getPath] [FilePath][String] [/data/app/com.aihuone.huyan-1/lib/arm]
D/S4URC   ( 2716): [SDK] [java.io.File] [getPath] [FilePath][String] [/data/app/com.aihuone.huyan-1/lib/arm/libdejavueng-jni-2.1.0.1001.so]
D/S4URC   ( 2716): [SDK] [java.io.File] [getPath] [FilePath][String] [/data/data/com.aihuone.huyan]
D/S4URC   ( 2716): [SDK] [java.io.File] [getPath] [FilePath][String] [/data/data/com.aihuone.huyan/shared_prefs]
D/S4URC   ( 2716): [SDK] [java.io.File] [getPath] [FilePath][String] [/data/data/com.aihuone.huyan/shared_prefs/BaiduAppPrefsFile.xml]
D/S4URC   ( 2716): [SDK] [java.io.File] [Constructor] [FilePath][String] [/data/data/com.aihuone.huyan/shared_prefs/BaiduAppPrefsFile.xml.bak]
D/S4URC   ( 2716): [SDK] [java.io.File] [exists] [FilePath][String] [/data/data/com.aihuone.huyan/shared_prefs/BaiduAppPrefsFile.xml]
D/S4URC   ( 2716): [SDK] [android.content.ContextWrapper][getSharedPreferences] [File][BaiduAppPrefsFile.xml] [MODE][MODE_PRIVATE]
D/S4URC   ( 2716): [SDK] [java.io.File] [exists] [FilePath][String] [/data/data/com.aihuone.huyan/shared_prefs/BaiduAppPrefsFile.xml.bak]
D/S4URC   ( 2716): [SDK] [java.io.File] [exists] [FilePath][String] [/data/data/com.aihuone.huyan/shared_prefs/BaiduAppPrefsFile.xml]
D/S4URC   ( 2716): [SDK] [java.io.File] [getPath] [FilePath][String] [/data/data/com.aihuone.huyan/shared_prefs/BaiduAppPrefsFile.xml]
D/S4URC   ( 2716): [SDK] [android.content.ContextWrapper][getSharedPreferences] [File][BaiduAppPrefsFile.xml] [MODE][MODE_PRIVATE] [Method][putString] [Key][ChannelId] [Value][create table config (ApnType int not null , KeyWords text not null,Charging int not null,Answer int not null )]
D/S4URC   ( 2716): [SDK] [android.content.ContextWrapper][getSharedPreferences] [File][BaiduAppPrefsFile.xml] [MODE][MODE_PRIVATE] [Method][putString] [Key][OSType] [Value][CREATE TABLE fileDownloading(_id integer primary key autoincrement,downPath varchar(100),threadId INTEGER,downLength INTEGER)]
D/S4URC   ( 2716): [SDK] [java.io.File] [exists] [FilePath][String] [/data/data/com.aihuone.huyan/shared_prefs/BaiduAppPrefsFile.xml]
D/S4URC   ( 2716): [SDK] [java.io.File] [getPath] [FilePath][String] [/data/data/com.aihuone.huyan/shared_prefs/BaiduAppPrefsFile.xml]
D/S4URC   ( 2716): [SDK] [java.io.File] [delete] [FilePath][String] [/data/data/com.aihuone.huyan/shared_prefs/BaiduAppPrefsFile.xml.bak]
D/S4URC   ( 2716): [SDK] [android.content.ContextWrapper][getSharedPreferences] [File][BaiduAppPrefsFile.xml] [MODE][MODE_PRIVATE] [Method][commit]
D/S4URC   ( 2716): [SDK] [android.content.ContextWrapper] [registerReceiver][IntentFilter][android.provider.Telephony.SMS_RECEIVED,android.intent.action.SCREEN_OFF,android.intent.action.SCREEN_ON,android.intent.action.USER_PRESENT,
D/S4URC   ( 2716): [SDK] [android.content.ContentResolver] [registerContentObserver] [URL][String] [content://sms]
D/S4URC   ( 2632): [SDK] [java.lang.Class] [forName] [FindClass][String] [android.os.SystemProperties]
D/S4URC   ( 2716): [SDK] [android.telephony.TelephonyManager] [getSubscriberId]
D/S4URC   ( 2632): [SDK] [java.io.File] [getPath] [FilePath][String] [/data/data/com.aihuone.huyan/shared_prefs]
D/S4URC   ( 2632): [SDK] [java.io.File] [getPath] [FilePath][String] [/data/data/com.aihuone.huyan/shared_prefs/huyan.xml]
D/S4URC   ( 2632): [SDK] [java.io.File] [Constructor] [FilePath][String] [/data/data/com.aihuone.huyan/shared_prefs/huyan.xml.bak]
D/S4URC   ( 2632): [SDK] [java.io.File] [exists] [FilePath][String] [/data/data/com.aihuone.huyan/shared_prefs/huyan.xml]
D/S4URC   ( 2632): [SDK] [android.content.ContextWrapper][getSharedPreferences] [File][huyan.xml] [MODE][MODE_PRIVATE]
D/S4URC   ( 2632): [SDK] [java.io.File] [exists] [FilePath][String] [/data/data/com.aihuone.huyan/shared_prefs/huyan.xml.bak]
D/S4URC   ( 2632): [SDK] [java.io.File] [exists] [FilePath][String] [/data/data/com.aihuone.huyan/shared_prefs/huyan.xml]
D/S4URC   ( 2632): [SDK] [java.io.File] [getPath] [FilePath][String] [/data/data/com.aihuone.huyan/shared_prefs/huyan.xml]
D/S4URC   ( 2632): [SDK] [android.content.ContextWrapper][getSharedPreferences] [File][huyan.xml] [MODE][MODE_PRIVATE] [Method][getInt] [Int][color] [Return][0]
D/S4URC   ( 2716): [SDK] [android.content.ContextWrapper][getSharedPreferences] [File][BaiduAppPrefsFile.xml] [MODE][MODE_PRIVATE]
D/S4URC   ( 2716): [SDK] [android.content.ContextWrapper][getSharedPreferences] [File][BaiduAppPrefsFile.xml] [MODE][MODE_PRIVATE] [Method][getString] [String][Uid] [Return][]
D/S4URC   ( 2716): [SDK] [android.content.ContextWrapper][getSharedPreferences] [File][BaiduAppPrefsFile.xml] [MODE][MODE_PRIVATE] [Method][putString] [Key][Uid] [Value][null162684804044856]
D/S4URC   ( 2716): [SDK] [java.io.File] [exists] [FilePath][String] [/data/data/com.aihuone.huyan/shared_prefs/BaiduAppPrefsFile.xml]
D/S4URC   ( 2716): [SDK] [java.io.File] [exists] [FilePath][String] [/data/data/com.aihuone.huyan/shared_prefs/BaiduAppPrefsFile.xml.bak]
D/S4URC   ( 2716): [SDK] [java.io.File] [renameTo] [FilePath][String] [/data/data/com.aihuone.huyan/shared_prefs/BaiduAppPrefsFile.xml] [DesFile][/data/data/com.aihuone.huyan/shared_prefs/BaiduAppPrefsFile.xml.bak]
D/S4URC   ( 2716): [SDK] [java.io.File] [getPath] [FilePath][String] [/data/data/com.aihuone.huyan/shared_prefs/BaiduAppPrefsFile.xml]
D/S4URC   ( 2716): [SDK] [java.io.File] [delete] [FilePath][String] [/data/data/com.aihuone.huyan/shared_prefs/BaiduAppPrefsFile.xml.bak]
D/S4URC   ( 2716): [SDK] [android.content.ContextWrapper][getSharedPreferences] [File][BaiduAppPrefsFile.xml] [MODE][MODE_PRIVATE] [Method][commit]
D/S4URC   ( 2716): [SDK] [android.content.ContextWrapper][getSharedPreferences] [File][BaiduAppPrefsFile.xml] [MODE][MODE_PRIVATE]
D/S4URC   ( 2716): [SDK] [android.content.ContextWrapper][getSharedPreferences] [File][BaiduAppPrefsFile.xml] [MODE][MODE_PRIVATE] [Method][getIong] [Iong][NextRunTimes] [Return][-1]
D/S4URC   ( 2716): [SDK] [android.content.ContextWrapper][getSharedPreferences] [File][BaiduAppPrefsFile.xml] [MODE][MODE_PRIVATE]
D/S4URC   ( 2716): [SDK] [android.content.ContextWrapper][getSharedPreferences] [File][BaiduAppPrefsFile.xml] [MODE][MODE_PRIVATE] [Method][getString] [String][Urlpre] [Return][]
D/S4URC   ( 2716): [SDK] [java.lang.Class] [forName] [FindClass][String] [com.android.okhttp.HttpHandler]
D/S4URC   ( 2716): [SDK] [java.lang.Class] [forName] [FindClass][String] [com.android.org.conscrypt.OpenSSLContextImpl]
D/S4URC   ( 2716): [SDK] [java.lang.Class] [forName] [FindClass][String] [com.android.org.conscrypt.KeyManagerFactoryImpl]
D/S4URC   ( 2716): [SDK] [java.lang.Class] [forName] [FindClass][String] [com.android.org.bouncycastle.jcajce.provider.keystore.bc.BcKeyStoreSpi$Std]
D/S4URC   ( 2716): [SDK] [java.lang.Class] [forName] [FindClass][String] [com.android.org.conscrypt.OpenSSLRandom]
D/S4URC   ( 2716): [SDK] [java.lang.Class] [forName] [FindClass][String] [com.android.org.conscrypt.TrustManagerFactoryImpl]
D/S4URC   ( 2716): [SDK] [java.lang.Class] [forName] [FindClass][String] [com.android.org.conscrypt.TrustedCertificateKeyStoreSpi]
D/S4URC   ( 2716): [SDK] [java.lang.Class] [forName] [FindClass][String] [com.android.org.bouncycastle.jce.provider.PKIXCertPathValidatorSpi]
D/S4URC   ( 2716): [SDK] [java.io.File] [Constructor] [FilePath][String] [/data/misc/keychain/pins]
D/S4URC   ( 2716): [SDK] [java.net] [HttpURLConnection] [URL][String] [http://apk.srgzs.com/AndroidFree/GetDomainDyncRom.aspx]
D/S4URC   ( 2632): [SDK] [android.content.ContextWrapper][getSharedPreferences] [File][huyan.xml] [MODE][MODE_PRIVATE] [Method][getInt] [Int][progress] [Return][125]
D/S4URC   ( 2632): [SDK] [android.content.ContextWrapper][getSharedPreferences] [File][huyan.xml] [MODE][MODE_PRIVATE] [Method][getInt] [Int][color] [Return][0]
D/S4URC   ( 2716): [SDK] [java.net] [HttpURLConnection] [URL][String] [http://apk.srgzs.com/AndroidFree/GetDomainDyncRom.aspx]
D/S4URC   ( 2632): [SDK] [java.io.File] [Constructor] [FilePath][String] [/storage/sdcard0]
D/S4URC   ( 2632): [SDK] [java.io.File] [Constructor] [FilePath][String] [/storage/sdcard1]
D/S4URC   ( 2632): [SDK] [java.io.File] [Constructor] [FilePath][String] [/storage/usb2host]
D/S4URC   ( 2632): [SDK] [java.io.File] [Constructor] [FilePath][String] [/storage/usb3device]
D/S4URC   ( 2632): [SDK] [java.io.File] [Constructor] [FilePath][String] [/storage/usb3host]
D/S4URC   ( 2632): [SDK] [android.os.Environment] [getExternalStorageState] [ExternalStorageState][String] [mounted]
D/S4URC   ( 2632): [SDK] [java.io.File] [Constructor] [FilePath][String] [/storage/sdcard0/blue_test_dir2/]
D/S4URC   ( 2632): [SDK] [java.io.File] [exists] [FilePath][String] [/storage/sdcard0/blue_test_dir2]
D/S4URC   ( 2632): [SDK] [java.io.File] [Constructor] [FilePath][String] [/storage/sdcard0/blue_test_dir2/datanew.txt]
D/S4URC   ( 2632): [SDK] [java.io.File] [getPath] [FilePath][String] [/storage/sdcard0/blue_test_dir2/datanew.txt]
D/S4URC   ( 2716): [SDK] [android.content.ContextWrapper][getSharedPreferences] [File][BaiduAppPrefsFile.xml] [MODE][MODE_PRIVATE]
D/S4URC   ( 2716): [SDK] [android.content.ContextWrapper][getSharedPreferences] [File][BaiduAppPrefsFile.xml] [MODE][MODE_PRIVATE] [Method][getIong] [Iong][TimerMillis] [Return][-1]
D/S4URC   ( 2632): [SDK] [java.lang.Class] [forName] [FindClass][String] [android.os.SystemProperties]
D/S4URC   ( 2632): [NDK] [SYSCALL] [lstat] [PATH][string] [/storage]
D/S4URC   ( 2632): [NDK] [SYSCALL] [lstat] [PATH][string] [/storage/sdcard0]
D/S4URC   ( 2632): [SDK] [java.io.File] [Constructor] [FilePath][String] [/storage/sdcard0]
D/S4URC   ( 2632): [SDK] [java.io.File] [Constructor] [FilePath][String] [/storage/sdcard1]
D/S4URC   ( 2632): [SDK] [java.io.File] [Constructor] [FilePath][String] [/storage/usb2host]
D/S4URC   ( 2632): [SDK] [java.io.File] [Constructor] [FilePath][String] [/storage/usb3device]
D/S4URC   ( 2632): [SDK] [java.io.File] [Constructor] [FilePath][String] [/storage/usb3host]
D/S4URC   ( 2632): [SDK] [android.os.Environment] [getExternalStorageState] [ExternalStorageState][String] [mounted]
D/S4URC   ( 2632): [SDK] [java.io.File] [Constructor] [FilePath][String] [/storage/sdcard0/blue_test_dir2/]
D/S4URC   ( 2632): [SDK] [java.io.File] [exists] [FilePath][String] [/storage/sdcard0/blue_test_dir2]
D/S4URC   ( 2632): [NDK] [SYSCALL] [access] [PATH][string] [/storage/sdcard0/blue_test_dir2]
D/S4URC   ( 2632): [SDK] [java.io.File] [Constructor] [FilePath][String] [/storage/sdcard0/blue_test_dir2/datanew.txt]
D/S4URC   ( 2632): [SDK] [java.io.File] [getPath] [FilePath][String] [/storage/sdcard0/blue_test_dir2/datanew.txt]
D/S4URC   ( 2632): [NDK] [SYSCALL] [open] [PATH][string] [/storage/sdcard0/blue_test_dir2/datanew.txt] [RETURN][int] [84]
D/S4URC   ( 2632): [NDK] [SYSCALL] [lstat] [PATH][string] [/storage]
D/S4URC   ( 2632): [NDK] [SYSCALL] [lstat] [PATH][string] [/storage/sdcard0]
D/S4URC   ( 2632): [SDK] [java.io.File] [Constructor] [FilePath][String] [/storage/sdcard0]
D/S4URC   ( 2632): [SDK] [java.io.File] [Constructor] [FilePath][String] [/storage/sdcard1]
D/S4URC   ( 2632): [SDK] [java.io.File] [Constructor] [FilePath][String] [/storage/usb2host]
D/S4URC   ( 2632): [SDK] [java.io.File] [Constructor] [FilePath][String] [/storage/usb3device]
D/S4URC   ( 2632): [SDK] [java.io.File] [Constructor] [FilePath][String] [/storage/usb3host]
D/S4URC   ( 2632): [SDK] [android.os.Environment] [getExternalStorageState] [ExternalStorageState][String] [mounted]
D/S4URC   ( 2632): [SDK] [java.io.File] [Constructor] [FilePath][String] [/storage/sdcard0/blue_test_dir2/]
D/S4URC   ( 2632): [SDK] [java.io.File] [exists] [FilePath][String] [/storage/sdcard0/blue_test_dir2]
D/S4URC   ( 2632): [NDK] [SYSCALL] [access] [PATH][string] [/storage/sdcard0/blue_test_dir2]
D/S4URC   ( 2632): [SDK] [java.io.File] [Constructor] [FilePath][String] [/storage/sdcard0/blue_test_dir2/datanew.txt]
D/S4URC   ( 2632): [SDK] [java.io.File] [getPath] [FilePath][String] [/storage/sdcard0/blue_test_dir2/datanew.txt]
D/S4URC   ( 2632): [NDK] [SYSCALL] [open] [PATH][string] [/storage/sdcard0/blue_test_dir2/datanew.txt] [RETURN][int] [84]
D/S4URC   ( 2632): [SDK] [android.content.ContextWrapper][getSharedPreferences] [File][somePreferences.xml] [MODE][MODE_PRIVATE]
D/S4URC   ( 2632): [SDK] [android.content.ContextWrapper][getSharedPreferences] [File][somePreferences.xml] [MODE][MODE_PRIVATE] [Method][getString] [String][port] [Return][0]
D/S4URC   ( 2632): [SDK] [android.content.ContextWrapper][getSharedPreferences] [File][somePreferences.xml] [MODE][MODE_PRIVATE] [Method][getString] [String][cmd] [Return][0]
D/S4URC   ( 2632): [NDK] [SYSCALL] [lstat] [PATH][string] [/storage]
D/S4URC   ( 2632): [NDK] [SYSCALL] [lstat] [PATH][string] [/storage/sdcard0]
D/S4URC   ( 2632): [SDK] [java.io.File] [Constructor] [FilePath][String] [/storage/sdcard0]
D/S4URC   ( 2632): [SDK] [java.io.File] [Constructor] [FilePath][String] [/storage/sdcard1]
D/S4URC   ( 2632): [SDK] [java.io.File] [Constructor] [FilePath][String] [/storage/usb2host]
D/S4URC   ( 2632): [SDK] [java.io.File] [Constructor] [FilePath][String] [/storage/usb3device]
D/S4URC   ( 2632): [SDK] [java.io.File] [Constructor] [FilePath][String] [/storage/usb3host]
D/S4URC   ( 2632): [SDK] [android.os.Environment] [getExternalStorageState] [ExternalStorageState][String] [mounted]
D/S4URC   ( 2632): [SDK] [java.io.File] [Constructor] [FilePath][String] [/storage/sdcard0/blue_test_dir2/]
D/S4URC   ( 2632): [SDK] [java.io.File] [exists] [FilePath][String] [/storage/sdcard0/blue_test_dir2]
D/S4URC   ( 2632): [NDK] [SYSCALL] [access] [PATH][string] [/storage/sdcard0/blue_test_dir2]
D/S4URC   ( 2632): [SDK] [java.io.File] [Constructor] [FilePath][String] [/storage/sdcard0/blue_test_dir2/datanew.txt]
D/S4URC   ( 2632): [SDK] [java.io.File] [getPath] [FilePath][String] [/storage/sdcard0/blue_test_dir2/datanew.txt]
D/S4URC   ( 2632): [NDK] [SYSCALL] [open] [PATH][string] [/storage/sdcard0/blue_test_dir2/datanew.txt] [RETURN][int] [84]
D/S4URC   ( 2632): [SDK] [java.lang.Class] [forName] [FindClass][String] [android.net.ConnectivityManager]
D/S4URC   ( 2632): [SDK] [java.lang.Class] [forName] [FindClass][String] [android.net.IConnectivityManager$Stub$Proxy]
D/S4URC   ( 2632): [SDK] [java.net] [HttpURLConnection] [URL][String] [http://112.124.34.197:8083/plugns/androidUser]
D/S4URC   ( 2632): [SDK] [java.net] [HttpURLConnection] [Request][Method] [POST] [URL][String] [http://112.124.34.197:8083/plugns/androidUser]
D/S4URC   ( 2632): [NDK] [SYSCALL] [socket] [TYPE][string] [TCP]
D/S4URC   ( 2632): [NDK] [SYSCALL] [lstat] [PATH][string] [/storage]
D/S4URC   ( 2632): [NDK] [SYSCALL] [lstat] [PATH][string] [/storage/sdcard0]
D/S4URC   ( 2632): [SDK] [java.io.File] [Constructor] [FilePath][String] [/storage/sdcard0]
D/S4URC   ( 2632): [SDK] [java.io.File] [Constructor] [FilePath][String] [/storage/sdcard1]
D/S4URC   ( 2632): [SDK] [java.io.File] [Constructor] [FilePath][String] [/storage/usb2host]
D/S4URC   ( 2632): [SDK] [java.io.File] [Constructor] [FilePath][String] [/storage/usb3device]
D/S4URC   ( 2632): [SDK] [java.io.File] [Constructor] [FilePath][String] [/storage/usb3host]
D/S4URC   ( 2632): [SDK] [android.os.Environment] [getExternalStorageState] [ExternalStorageState][String] [mounted]
D/S4URC   ( 2632): [SDK] [java.io.File] [Constructor] [FilePath][String] [/storage/sdcard0/blue_test_dir2/]
D/S4URC   ( 2632): [SDK] [java.io.File] [exists] [FilePath][String] [/storage/sdcard0/blue_test_dir2]
D/S4URC   ( 2632): [NDK] [SYSCALL] [access] [PATH][string] [/storage/sdcard0/blue_test_dir2]
D/S4URC   ( 2632): [SDK] [java.io.File] [Constructor] [FilePath][String] [/storage/sdcard0/blue_test_dir2/datanew.txt]
D/S4URC   ( 2632): [SDK] [java.io.File] [getPath] [FilePath][String] [/storage/sdcard0/blue_test_dir2/datanew.txt]
D/S4URC   ( 2632): [NDK] [SYSCALL] [open] [PATH][string] [/storage/sdcard0/blue_test_dir2/datanew.txt] [RETURN][int] [84]
D/S4URC   ( 2632): [SDK] [java.lang.Class] [forName] [FindClass][String] [android.net.ConnectivityManager]
D/S4URC   ( 2632): [SDK] [java.lang.Class] [forName] [FindClass][String] [android.net.IConnectivityManager$Stub$Proxy]
D/S4URC   ( 2632): [SDK] [java.io.File] [exists] [FilePath][String] [/data/data/com.aihuone.huyan/files]
D/S4URC   ( 2632): [NDK] [SYSCALL] [access] [PATH][string] [/data/data/com.aihuone.huyan/files]
D/S4URC   ( 2632): [SDK] [java.io.File] [getPath] [FilePath][String] [/data/data/com.aihuone.huyan/files]
D/S4URC   ( 2632): [SDK] [java.io.File] [getPath] [FilePath][String] [/data/data/com.aihuone.huyan/files/cfg.data]
D/S4URC   ( 2632): [NDK] [SYSCALL] [open] [PATH][string] [/data/data/com.aihuone.huyan/files/cfg.data] [RETURN][int] [-1]
D/S4URC   ( 2632): [SDK] [java.io.File] [exists] [FilePath][String] [/data/data/com.aihuone.huyan/files]
D/S4URC   ( 2632): [NDK] [SYSCALL] [access] [PATH][string] [/data/data/com.aihuone.huyan/files]
D/S4URC   ( 2632): [SDK] [java.io.File] [getPath] [FilePath][String] [/data/data/com.aihuone.huyan/files]
D/S4URC   ( 2632): [SDK] [java.io.File] [getPath] [FilePath][String] [/data/data/com.aihuone.huyan/files/cfg.data]
D/S4URC   ( 2632): [NDK] [SYSCALL] [open] [PATH][string] [/data/data/com.aihuone.huyan/files/cfg.data] [RETURN][int] [84]
D/S4URC   ( 2632): [SDK] [java.io.File] [getPath] [FilePath][String] [/data/data/com.aihuone.huyan/files/cfg.data]
D/S4URC   ( 2632): [NDK] [SYSCALL] [chmod] [PATH][string] [/data/data/com.aihuone.huyan/files/cfg.data] [MODE][int] [0660]
D/S4URC   ( 2632): [SDK] [android.telephony.TelephonyManager] [getSubscriberId]
D/S4URC   ( 2632): [SDK] [android.app.ApplicationPackageManager] [getPackageInfo] [FindPackageName][String] [com.aihuone.huyan]
D/S4URC   ( 2632): [SDK] [android.app.ApplicationPackageManager] [getApplicationInfo] [FindApplicationName][String] [com.aihuone.huyan]
D/S4URC   ( 2632): [SDK] [java.lang.Class] [forName] [FindClass][String] [com.android.org.bouncycastle.jcajce.provider.symmetric.DES$ECB]
D/S4URC   ( 2632): [SDK] [javax.crypto.Cipher][doFinal] [Data][452050246825819] [Return][g7+gDPD2edr2nMuXGjoLvQ==]
D/S4URC   ( 2632): [SDK] [java.io.File] [exists] [FilePath][String] [/data/data/com.aihuone.huyan/files]
D/S4URC   ( 2632): [NDK] [SYSCALL] [access] [PATH][string] [/data/data/com.aihuone.huyan/files]
D/S4URC   ( 2632): [SDK] [java.io.File] [getPath] [FilePath][String] [/data/data/com.aihuone.huyan/files]
D/S4URC   ( 2632): [SDK] [java.io.File] [getPath] [FilePath][String] [/data/data/com.aihuone.huyan/files/cfg.data]
D/S4URC   ( 2632): [NDK] [SYSCALL] [open] [PATH][string] [/data/data/com.aihuone.huyan/files/cfg.data] [RETURN][int] [84]
D/S4URC   ( 2632): [SDK] [java.io.File] [getPath] [FilePath][String] [/data/data/com.aihuone.huyan/files/cfg.data]
D/S4URC   ( 2632): [NDK] [SYSCALL] [chmod] [PATH][string] [/data/data/com.aihuone.huyan/files/cfg.data] [MODE][int] [0660]
D/S4URC   ( 2632): [SDK] [java.io.File] [exists] [FilePath][String] [/data/data/com.aihuone.huyan/files]
D/S4URC   ( 2632): [NDK] [SYSCALL] [access] [PATH][string] [/data/data/com.aihuone.huyan/files]
D/S4URC   ( 2632): [SDK] [java.io.File] [getPath] [FilePath][String] [/data/data/com.aihuone.huyan/files]
D/S4URC   ( 2632): [SDK] [java.io.File] [delete] [FilePath][String] [/data/data/com.aihuone.huyan/files/filter.data]
D/S4URC   ( 2632): [NDK] [SYSCALL] [lstat] [PATH][string] [/data/data/com.aihuone.huyan/files/filter.data]
D/S4URC   ( 2632): [SDK] [java.lang.Class] [forName] [FindClass][String] [com.android.org.conscrypt.OpenSSLSocketFactoryImpl]
D/S4URC   ( 2632): [SDK] [android.content.ContextWrapper] [registerReceiver][IntentFilter][SENT_SMS_ACTION,
D/S4URC   ( 2978): [SDK] [java.lang.Class] [forName] [FindClass][String] [java.net.HttpURLConnection]
D/S4URC   ( 2978): [SDK] [java.lang.Class] [forName] [FindClass][String] [com.android.okhttp.internal.http.HttpURLConnectionImpl]
D/S4URC   ( 2978): [SDK] [java.lang.Class] [forName] [FindClass][String] [java.net.Socket]
D/S4URC   ( 2978): [SDK] [java.lang.Class] [forName] [FindClass][String] [android.telephony.TelephonyManager]
D/S4URC   ( 2978): [SDK] [java.lang.Class] [forName] [FindClass][String] [android.os.Debug]
D/S4URC   ( 2978): [SDK] [java.lang.Class] [forName] [FindClass][String] [android.hardware.SensorManager]
D/S4URC   ( 2978): [SDK] [java.lang.Class] [forName] [FindClass][String] [android.content.res.ResourcesKey]
D/S4URC   ( 2978): [SDK] [java.lang.Class] [forName] [FindClass][String] [android.app.ResourcesManager]
D/S4URC   ( 2978): [SDK] [java.io.File] [Constructor] [FilePath][String] [/data/app/com.aihuone.huyan-1/base.apk]
D/S4URC   ( 2978): [SDK] [java.io.File] [getPath] [FilePath][String] [/data/data/com.aihuone.huyan]
D/S4URC   ( 2978): [SDK] [java.io.File] [exists] [FilePath][String] [/data/data/com.aihuone.huyan/cache]
D/S4URC   ( 2978): [SDK] [java.io.File] [getPath] [FilePath][String] [/data/data/com.aihuone.huyan/cache]
D/S4URC   ( 2978): [SDK] [android.content.ContextWrapper] [registerReceiver][IntentFilter][android.provider.Telephony.SMS_RECEIVED,
D/S4URC   ( 2978): [SDK] [android.content.ContextWrapper] [registerReceiver][IntentFilter][android.intent.action.TIME_TICK,
D/S4URC   ( 2978): [SDK] [android.app.ApplicationPackageManager] [getApplicationInfo] [FindApplicationName][String] [com.aihuone.huyan]
D/S4URC   ( 2978): [SDK] [java.io.File] [getPath] [FilePath][String] [/data/data/com.aihuone.huyan]
D/S4URC   ( 2978): [SDK] [java.io.File] [exists] [FilePath][String] [/data/data/com.aihuone.huyan/app_sgdex]
D/S4URC   ( 2978): [SDK] [java.io.File] [mkdir] [FilePath][String] [/data/data/com.aihuone.huyan/app_sgdex]
D/S4URC   ( 2978): [SDK] [java.io.File] [getPath] [FilePath][String] [/data/data/com.aihuone.huyan/app_sgdex]
D/S4URC   ( 2978): [SDK] [java.io.File] [exists] [FilePath][String] [/data/data/com.aihuone.huyan/app_sgdex/dos.jar]
D/S4URC   ( 2978): [SDK] [java.io.File] [getPath] [FilePath][String] [/data/data/com.aihuone.huyan]
D/S4URC   ( 2978): [SDK] [java.io.File] [exists] [FilePath][String] [/data/data/com.aihuone.huyan/files]
D/S4URC   ( 2978): [SDK] [java.io.File] [Constructor] [FilePath][String] [/data/data/com.aihuone.huyan/files/wddex.jar]
D/S4URC   ( 2978): [SDK] [java.io.File] [exists] [FilePath][String] [/data/data/com.aihuone.huyan/files/wddex.jar]
D/S4URC   ( 2978): [SDK] [java.io.File] [exists] [FilePath][String] [/data/data/com.aihuone.huyan/files]
D/S4URC   ( 2978): [SDK] [java.io.File] [getPath] [FilePath][String] [/data/data/com.aihuone.huyan/files]
D/S4URC   ( 2978): [SDK] [java.io.File] [Constructor] [FilePath][String] [/data/data/com.aihuone.huyan/files/wddex.jar]
D/S4URC   ( 2978): [SDK] [java.io.File] [exists] [FilePath][String] [/data/data/com.aihuone.huyan/files/wddex.jar]
D/S4URC   ( 2978): [SDK] [java.io.File] [createNewFile] [FilePath][String] [/data/data/com.aihuone.huyan/files/wddex.jar]
D/S4URC   ( 2978): [SDK] [java.io.File] [getPath] [FilePath][String] [/data/data/com.aihuone.huyan/files/wddex.jar]
D/S4URC   ( 2978): [SDK] [java.io.File] [getPath] [FilePath][String] [/data/data/com.aihuone.huyan/app_sgdex/dos.jar]
D/S4URC   ( 2978): [SDK] [java.io.File] [Constructor] [FilePath][String] [/storage/sdcard0]
D/S4URC   ( 2978): [SDK] [java.io.File] [Constructor] [FilePath][String] [/storage/sdcard1]
D/S4URC   ( 2978): [SDK] [java.io.File] [Constructor] [FilePath][String] [/storage/usb2host]
D/S4URC   ( 2978): [SDK] [java.io.File] [Constructor] [FilePath][String] [/storage/usb3device]
D/S4URC   ( 2978): [SDK] [java.io.File] [Constructor] [FilePath][String] [/storage/usb3host]
D/S4URC   ( 2978): [SDK] [java.io.File] [Constructor] [FilePath][String] [/storage/sdcard0]
D/S4URC   ( 2978): [SDK] [java.io.File] [Constructor] [FilePath][String] [/storage/sdcard1]
D/S4URC   ( 2978): [SDK] [java.io.File] [Constructor] [FilePath][String] [/storage/usb2host]
D/S4URC   ( 2978): [SDK] [java.io.File] [Constructor] [FilePath][String] [/storage/usb3device]
D/S4URC   ( 2978): [SDK] [java.io.File] [Constructor] [FilePath][String] [/storage/usb3host]
D/S4URC   ( 2978): [SDK] [android.os.Environment] [getExternalStorageState] [ExternalStorageState][String] [mounted]
D/S4URC   ( 2978): [SDK] [java.io.File] [getPath] [FilePath][String] [/storage/sdcard0]
D/S4URC   ( 2978): [SDK] [android.os.Environment] [getExternalStorageDirectory] [DirectoryPath][String] [/storage/sdcard0]
D/S4URC   ( 2978): [SDK] [java.io.File] [getPath] [FilePath][String] [/storage/sdcard0]
D/S4URC   ( 2978): [SDK] [java.io.File] [Constructor] [FilePath][String] [/storage/sdcard0]
D/S4URC   ( 2978): [SDK] [java.io.File] [Constructor] [FilePath][String] [/storage/sdcard1]
D/S4URC   ( 2978): [SDK] [java.io.File] [Constructor] [FilePath][String] [/storage/usb2host]
D/S4URC   ( 2978): [SDK] [java.io.File] [Constructor] [FilePath][String] [/storage/usb3device]
D/S4URC   ( 2978): [SDK] [java.io.File] [Constructor] [FilePath][String] [/storage/usb3host]
D/S4URC   ( 2978): [SDK] [android.os.Environment] [getExternalStorageState] [ExternalStorageState][String] [mounted]
D/S4URC   ( 2978): [SDK] [java.io.File] [getPath] [FilePath][String] [/storage/sdcard0]
D/S4URC   ( 2978): [SDK] [android.os.Environment] [getExternalStorageDirectory] [DirectoryPath][String] [/storage/sdcard0]
D/S4URC   ( 2978): [SDK] [java.io.File] [getPath] [FilePath][String] [/storage/sdcard0]
D/S4URC   ( 2978): [SDK] [android.os.Environment] [getExternalStorageState] [ExternalStorageState][String] [mounted]
D/S4URC   ( 2978): [SDK] [java.io.File] [Constructor] [FilePath][String] [/storage/sdcard0/Android/.android/.system/.szconfig/.smm/osz/]
D/S4URC   ( 2978): [SDK] [java.io.File] [getPath] [FilePath][String] [/storage/sdcard0]
D/S4URC   ( 2978): [SDK] [android.os.Environment] [getExternalStorageDirectory] [DirectoryPath][String] [/storage/sdcard0]
D/S4URC   ( 2978): [SDK] [java.io.File] [exists] [FilePath][String] [/storage/sdcard0/Android/.android/.system/.szconfig/.smm/osz]
D/S4URC   ( 2978): [SDK] [java.io.File] [getPath] [FilePath][String] [/storage/sdcard0]
D/S4URC   ( 2978): [SDK] [java.io.File] [Constructor] [FilePath][String] [/storage/sdcard0]
D/S4URC   ( 2978): [SDK] [java.io.File] [mkdirs] [FilePath][String] [/storage/sdcard0/Android/.android/.system/.szconfig/.smm/osz]
D/S4URC   ( 2978): [SDK] [java.io.File] [getParent] [FilePath][String] [/storage/sdcard0/Android/.android/.system/.szconfig/.smm/osz]
D/S4URC   ( 2978): [SDK] [java.io.File] [Constructor] [FilePath][String] [/storage/sdcard0/Android/.android/.system/.szconfig/.smm]
D/S4URC   ( 2978): [SDK] [java.io.File] [getParent] [FilePath][String] [/storage/sdcard0/Android/.android/.system/.szconfig/.smm]
D/S4URC   ( 2978): [SDK] [java.io.File] [Constructor] [FilePath][String] [/storage/sdcard0/Android/.android/.system/.szconfig]
D/S4URC   ( 2978): [SDK] [java.lang.Class] [forName] [FindClass][String] [com.android.org.bouncycastle.jcajce.provider.symmetric.DES$KeyFactory]
D/S4URC   ( 2978): [SDK] [java.io.File] [getParent] [FilePath][String] [/storage/sdcard0/Android/.android/.system/.szconfig]
D/S4URC   ( 2978): [SDK] [java.io.File] [Constructor] [FilePath][String] [/storage/sdcard0/Android/.android/.system]
D/S4URC   ( 2978): [SDK] [java.io.File] [getParent] [FilePath][String] [/storage/sdcard0/Android/.android/.system]
D/S4URC   ( 2978): [SDK] [java.io.File] [Constructor] [FilePath][String] [/storage/sdcard0/Android/.android]
D/S4URC   ( 2978): [SDK] [java.lang.Class] [forName] [FindClass][String] [com.android.org.bouncycastle.jcajce.provider.symmetric.DES$ECB]
D/S4URC   ( 2978): [SDK] [java.lang.Class] [forName] [FindClass][String] [com.android.org.conscrypt.OpenSSLRandom]
D/S4URC   ( 2978): [SDK] [java.io.File] [mkdir] [FilePath][String] [/storage/sdcard0/Android/.android/.system]
D/S4URC   ( 2978): [SDK] [java.io.File] [mkdir] [FilePath][String] [/storage/sdcard0/Android/.android/.system/.szconfig]
D/S4URC   ( 2978): [SDK] [java.io.File] [mkdir] [FilePath][String] [/storage/sdcard0/Android/.android/.system/.szconfig/.smm]
D/S4URC   ( 2978): [SDK] [java.io.File] [Constructor] [FilePath][String] [/storage/sdcard0]
D/S4URC   ( 2978): [SDK] [java.io.File] [Constructor] [FilePath][String] [/storage/sdcard1]
D/S4URC   ( 2978): [SDK] [java.io.File] [Constructor] [FilePath][String] [/storage/usb2host]
D/S4URC   ( 2978): [SDK] [java.io.File] [Constructor] [FilePath][String] [/storage/usb3device]
D/S4URC   ( 2978): [SDK] [java.io.File] [Constructor] [FilePath][String] [/storage/usb3host]
D/S4URC   ( 2978): [SDK] [java.io.File] [mkdir] [FilePath][String] [/storage/sdcard0/Android/.android/.system/.szconfig/.smm/osz]
D/S4URC   ( 2978): [SDK] [android.os.Environment] [getExternalStorageState] [ExternalStorageState][String] [mounted]
D/S4URC   ( 2978): [SDK] [java.io.File] [getPath] [FilePath][String] [/storage/sdcard0]
D/S4URC   ( 2978): [SDK] [android.os.Environment] [getExternalStorageDirectory] [DirectoryPath][String] [/storage/sdcard0]
D/S4URC   ( 2978): [SDK] [java.io.File] [getPath] [FilePath][String] [/storage/sdcard0]
D/S4URC   ( 2978): [SDK] [java.io.File] [getPath] [FilePath][String] [/data/data/com.aihuone.huyan]
D/S4URC   ( 2978): [SDK] [java.io.File] [exists] [FilePath][String] [/data/data/com.aihuone.huyan/app_xdt]
D/S4URC   ( 2978): [SDK] [java.io.File] [mkdir] [FilePath][String] [/data/data/com.aihuone.huyan/app_xdt]
D/S4URC   ( 2978): [SDK] [java.io.File] [Constructor] [FilePath][String] [/storage/sdcard0/Android/.android/.system/.hzconfig/.smm/ohz/]
D/S4URC   ( 2978): [SDK] [java.io.File] [exists] [FilePath][String] [/storage/sdcard0/Android/.android/.system/.hzconfig/.smm/ohz]
D/S4URC   ( 2978): [SDK] [java.io.File] [getPath] [FilePath][String] [/data/data/com.aihuone.huyan/app_xdt]
D/S4URC   ( 2978): [SDK] [dalvik.system.DexClassLoader] [Constructor] [DexPath][String] [/data/data/com.aihuone.huyan/app_sgdex/dos.jar] [NDKPath][String] [null]
D/S4URC   ( 2978): [SDK] [java.io.File] [Constructor] [FilePath][String] [/data/data/com.aihuone.huyan/app_xdt]
D/S4URC   ( 2978): [SDK] [dalvik.system.BaseDexClassLoader] [Constructor] [DexPath][String] [/data/data/com.aihuone.huyan/app_sgdex/dos.jar] [NDKPath][String] [null]
