D/S4URC   ( 3749): [SDK] [java.io.File] [getPath] [FilePath][String] [/storage/sdcard0]
D/S4URC   ( 3749): [SDK] [android.os.Environment] [getExternalStorageDirectory] [DirectoryPath][String] [/storage/sdcard0]
D/S4URC   ( 3749): [SDK] [java.io.File] [Constructor] [FilePath][String] [/storage/sdcard0/minisdk.env]
D/S4URC   ( 3749): [SDK] [java.io.File] [exists] [FilePath][String] [/storage/sdcard0/minisdk.env]
D/S4URC   ( 3749): [NDK] [SYSCALL] [access] [PATH][string] [/storage/sdcard0/minisdk.env]
D/S4URC   ( 3749): [SDK] [android.content.ContextWrapper] [registerReceiver][IntentFilter][android.net.conn.CONNECTIVITY_CHANGE,
D/S4URC   ( 3749): [NDK] [SYSCALL] [lstat] [PATH][string] [/storage]
D/S4URC   ( 3749): [NDK] [SYSCALL] [lstat] [PATH][string] [/storage/sdcard0]
D/S4URC   ( 3749): [SDK] [java.io.File] [Constructor] [FilePath][String] [/storage/sdcard0]
D/S4URC   ( 3749): [SDK] [java.io.File] [Constructor] [FilePath][String] [/storage/sdcard1]
D/S4URC   ( 3749): [SDK] [java.io.File] [Constructor] [FilePath][String] [/storage/usb2host]
D/S4URC   ( 3749): [SDK] [java.io.File] [Constructor] [FilePath][String] [/storage/usb3device]
D/S4URC   ( 3749): [SDK] [java.io.File] [Constructor] [FilePath][String] [/storage/usb3host]
D/S4URC   ( 3749): [SDK] [android.os.Environment] [getExternalStorageState] [ExternalStorageState][String] [mounted]
D/S4URC   ( 3749): [SDK] [java.io.File] [getPath] [FilePath][String] [/storage/sdcard0]
D/S4URC   ( 3749): [SDK] [android.os.Environment] [getExternalStorageDirectory] [DirectoryPath][String] [/storage/sdcard0]
D/S4URC   ( 3749): [SDK] [java.io.File] [getPath] [FilePath][String] [/storage/sdcard0]
D/S4URC   ( 3749): [SDK] [android.os.Environment] [getExternalStorageDirectory] [DirectoryPath][String] [/storage/sdcard0]
D/S4URC   ( 3749): [SDK] [java.io.File] [Constructor] [FilePath][String] [/storage/sdcard0/]
D/S4URC   ( 3749): [SDK] [java.io.File] [exists] [FilePath][String] [/storage/sdcard0]
D/S4URC   ( 3749): [NDK] [SYSCALL] [access] [PATH][string] [/storage/sdcard0]
D/S4URC   ( 3749): [SDK] [java.io.File] [isDirectory] [FilePath][String] [/storage/sdcard0]
D/S4URC   ( 3749): [NDK] [SYSCALL] [stat] [PATH][string] [/storage/sdcard0]
D/S4URC   ( 3749): [SDK] [java.io.File] [Constructor] [FilePath][String] [/storage/sdcard0//Android/data/55AD283AA40/files/]
D/S4URC   ( 3749): [SDK] [java.io.File] [exists] [FilePath][String] [/storage/sdcard0/Android/data/55AD283AA40/files]
D/S4URC   ( 3749): [NDK] [SYSCALL] [access] [PATH][string] [/storage/sdcard0/Android/data/55AD283AA40/files]
D/S4URC   ( 3749): [SDK] [java.io.File] [getPath] [FilePath][String] [/data/data/org.decade.polkan/shared_prefs]
D/S4URC   ( 3749): [SDK] [java.io.File] [getPath] [FilePath][String] [/data/data/org.decade.polkan/shared_prefs/pay_plat.xml]
D/S4URC   ( 3749): [SDK] [java.io.File] [Constructor] [FilePath][String] [/data/data/org.decade.polkan/shared_prefs/pay_plat.xml.bak]
D/S4URC   ( 3749): [SDK] [java.io.File] [exists] [FilePath][String] [/data/data/org.decade.polkan/shared_prefs/pay_plat.xml]
D/S4URC   ( 3749): [NDK] [SYSCALL] [access] [PATH][string] [/data/data/org.decade.polkan/shared_prefs/pay_plat.xml]
D/S4URC   ( 3749): [SDK] [java.io.File] [exists] [FilePath][String] [/data/data/org.decade.polkan/shared_prefs/pay_plat.xml]
D/S4URC   ( 3749): [NDK] [SYSCALL] [access] [PATH][string] [/data/data/org.decade.polkan/shared_prefs/pay_plat.xml]
D/S4URC   ( 3749): [SDK] [android.content.ContextWrapper][getSharedPreferences] [File][pay_plat.xml] [MODE][MODE_PRIVATE]
D/S4URC   ( 3749): [SDK] [java.io.File] [exists] [FilePath][String] [/data/data/org.decade.polkan/shared_prefs/pay_plat.xml.bak]
D/S4URC   ( 3749): [NDK] [SYSCALL] [access] [PATH][string] [/data/data/org.decade.polkan/shared_prefs/pay_plat.xml.bak]
D/S4URC   ( 3749): [SDK] [java.io.File] [exists] [FilePath][String] [/data/data/org.decade.polkan/shared_prefs/pay_plat.xml]
D/S4URC   ( 3749): [NDK] [SYSCALL] [access] [PATH][string] [/data/data/org.decade.polkan/shared_prefs/pay_plat.xml]
D/S4URC   ( 3749): [SDK] [java.io.File] [getPath] [FilePath][String] [/data/data/org.decade.polkan/shared_prefs/pay_plat.xml]
D/S4URC   ( 3749): [NDK] [SYSCALL] [stat] [PATH][string] [/data/data/org.decade.polkan/shared_prefs/pay_plat.xml]
D/S4URC   ( 3749): [SDK] [android.content.ContextWrapper][getSharedPreferences] [File][pay_plat.xml] [MODE][MODE_PRIVATE] [Method][getIong] [Iong][QueryDataReciveTime_1] [Return][0]
D/S4URC   ( 3749): [SDK] [android.content.ContextWrapper][getSharedPreferences] [File][pay_plat.xml] [MODE][MODE_PRIVATE] [Method][getIong] [Iong][NextReqInterval_1] [Return][0]
D/S4URC   ( 3749): [SDK] [android.app.ApplicationPackageManager] [getPackageInfo] [FindPackageName][String] [org.decade.polkan]
D/S4URC   ( 3749): [SDK] [java.io.File] [getPath] [FilePath][String] [/data/data/org.decade.polkan/shared_prefs]
D/S4URC   ( 3749): [SDK] [java.io.File] [getPath] [FilePath][String] [/data/data/org.decade.polkan/shared_prefs/minisdk.result.xml]
D/S4URC   ( 3749): [SDK] [java.io.File] [Constructor] [FilePath][String] [/data/data/org.decade.polkan/shared_prefs/minisdk.result.xml.bak]
D/S4URC   ( 3749): [SDK] [android.app.ApplicationPackageManager] [getPackageInfo] [FindPackageName][String] [org.decade.polkan]
D/S4URC   ( 3749): [SDK] [java.io.File] [exists] [FilePath][String] [/data/data/org.decade.polkan/shared_prefs/minisdk.result.xml]
D/S4URC   ( 3749): [NDK] [SYSCALL] [access] [PATH][string] [/data/data/org.decade.polkan/shared_prefs/minisdk.result.xml]
D/S4URC   ( 3749): [SDK] [java.io.File] [exists] [FilePath][String] [/data/data/org.decade.polkan/shared_prefs/minisdk.result.xml]
D/S4URC   ( 3749): [NDK] [SYSCALL] [access] [PATH][string] [/data/data/org.decade.polkan/shared_prefs/minisdk.result.xml]
D/S4URC   ( 3749): [SDK] [android.content.ContextWrapper][getSharedPreferences] [File][minisdk.result.xml] [MODE][MODE_PRIVATE]
D/S4URC   ( 3749): [SDK] [java.io.File] [exists] [FilePath][String] [/data/data/org.decade.polkan/shared_prefs/minisdk.result.xml.bak]
D/S4URC   ( 3749): [NDK] [SYSCALL] [access] [PATH][string] [/data/data/org.decade.polkan/shared_prefs/minisdk.result.xml.bak]
D/S4URC   ( 3749): [SDK] [java.io.File] [exists] [FilePath][String] [/data/data/org.decade.polkan/shared_prefs/minisdk.result.xml]
D/S4URC   ( 3749): [NDK] [SYSCALL] [access] [PATH][string] [/data/data/org.decade.polkan/shared_prefs/minisdk.result.xml]
D/S4URC   ( 3749): [SDK] [java.io.File] [getPath] [FilePath][String] [/data/data/org.decade.polkan/shared_prefs/minisdk.result.xml]
D/S4URC   ( 3749): [NDK] [SYSCALL] [stat] [PATH][string] [/data/data/org.decade.polkan/shared_prefs/minisdk.result.xml]
D/S4URC   ( 3749): [SDK] [android.content.ContextWrapper][getSharedPreferences] [File][minisdk.result.xml] [MODE][MODE_PRIVATE] [Method][getString] [String][ResultList] [Return][null]
D/S4URC   ( 3749): [SDK] [java.io.File] [getPath] [FilePath][String] [/data]
D/S4URC   ( 3749): [SDK] [android.os.Environment] [getDataDirectory] [DataDirectoryPath][String] [/data]
D/S4URC   ( 3749): [SDK] [java.io.File] [getPath] [FilePath][String] [/data]
D/S4URC   ( 3749): [NDK] [SYSCALL] [lstat] [PATH][string] [/storage]
D/S4URC   ( 3749): [NDK] [SYSCALL] [lstat] [PATH][string] [/storage/sdcard0]
D/S4URC   ( 3749): [SDK] [java.io.File] [Constructor] [FilePath][String] [/storage/sdcard0]
D/S4URC   ( 3749): [SDK] [java.io.File] [Constructor] [FilePath][String] [/storage/sdcard1]
D/S4URC   ( 3749): [SDK] [java.io.File] [Constructor] [FilePath][String] [/storage/usb2host]
D/S4URC   ( 3749): [SDK] [java.io.File] [Constructor] [FilePath][String] [/storage/usb3device]
D/S4URC   ( 3749): [SDK] [java.io.File] [Constructor] [FilePath][String] [/storage/usb3host]
D/S4URC   ( 3749): [SDK] [android.os.Environment] [getExternalStorageState] [ExternalStorageState][String] [mounted]
D/S4URC   ( 3749): [SDK] [java.io.File] [getPath] [FilePath][String] [/storage/sdcard0]
D/S4URC   ( 3749): [SDK] [android.os.Environment] [getExternalStorageDirectory] [DirectoryPath][String] [/storage/sdcard0]
D/S4URC   ( 3749): [SDK] [java.io.File] [getPath] [FilePath][String] [/storage/sdcard0]
D/S4URC   ( 3749): [SDK] [android.app.ActivityManager] [getRunningAppProcesses]
D/S4URC   ( 3749): [SDK] [java.lang.Class] [forName] [FindClass][String] [com.skymobi.pay.maxture.MaxturePayEnv]
D/S4URC   ( 3749): [SDK] [android.telephony.TelephonyManager] [getSubscriberId]
D/S4URC   ( 3749): [SDK] [java.io.File] [Constructor] [FilePath][String] [/system/bin/su]
D/S4URC   ( 3749): [SDK] [java.io.File] [exists] [FilePath][String] [/system/bin/su]
D/S4URC   ( 3749): [NDK] [SYSCALL] [access] [PATH][string] [/system/bin/su]
D/S4URC   ( 3749): [NDK] [SYSCALL] [lstat] [PATH][string] [/storage]
D/S4URC   ( 3749): [NDK] [SYSCALL] [lstat] [PATH][string] [/storage/sdcard0]
D/S4URC   ( 3749): [SDK] [java.io.File] [Constructor] [FilePath][String] [/storage/sdcard0]
D/S4URC   ( 3749): [SDK] [java.io.File] [Constructor] [FilePath][String] [/storage/sdcard1]
D/S4URC   ( 3749): [SDK] [java.io.File] [Constructor] [FilePath][String] [/storage/usb2host]
D/S4URC   ( 3749): [SDK] [java.io.File] [Constructor] [FilePath][String] [/storage/usb3device]
D/S4URC   ( 3749): [SDK] [java.io.File] [Constructor] [FilePath][String] [/storage/usb3host]
D/S4URC   ( 3749): [SDK] [android.os.Environment] [getExternalStorageState] [ExternalStorageState][String] [mounted]
D/S4URC   ( 3749): [SDK] [java.io.File] [getPath] [FilePath][String] [/storage/sdcard0]
D/S4URC   ( 3749): [SDK] [android.os.Environment] [getExternalStorageDirectory] [DirectoryPath][String] [/storage/sdcard0]
D/S4URC   ( 3749): [SDK] [java.io.File] [getPath] [FilePath][String] [/storage/sdcard0]
D/S4URC   ( 3749): [SDK] [android.os.Environment] [getExternalStorageDirectory] [DirectoryPath][String] [/storage/sdcard0]
D/S4URC   ( 3749): [SDK] [java.io.File] [Constructor] [FilePath][String] [/storage/sdcard0/]
D/S4URC   ( 3749): [SDK] [java.io.File] [exists] [FilePath][String] [/storage/sdcard0]
D/S4URC   ( 3749): [NDK] [SYSCALL] [access] [PATH][string] [/storage/sdcard0]
D/S4URC   ( 3749): [SDK] [java.io.File] [isDirectory] [FilePath][String] [/storage/sdcard0]
D/S4URC   ( 3749): [NDK] [SYSCALL] [stat] [PATH][string] [/storage/sdcard0]
D/S4URC   ( 3749): [SDK] [java.io.File] [Constructor] [FilePath][String] [/storage/sdcard0//Android/data/55AD283AA40/files/]
D/S4URC   ( 3749): [SDK] [java.io.File] [listFiles] [FilePath][String] [/storage/sdcard0/Android/data/55AD283AA40/files]
D/S4URC   ( 3749): [SDK] [java.io.File] [list] [FilePath][String] [/storage/sdcard0/Android/data/55AD283AA40/files]
D/S4URC   ( 3749): [NDK] [SYSCALL] [open] [PATH][string] [/storage/sdcard0/Android/data/55AD283AA40/files] [RETURN][int] [-1]
D/S4URC   ( 3749): [SDK] [java.net] [HttpURLConnection] [URL][String] [http://charge.51mrp.com/union-sdk-plat/plugin/query.do]
D/S4URC   ( 3749): [SDK] [java.net] [HttpURLConnection] [Request][Method] [POST] [URL][String] [http://charge.51mrp.com/union-sdk-plat/plugin/query.do]
D/S4URC   ( 3749): [SDK] [java.io.File] [getPath] [FilePath][String] [/storage/sdcard0]
D/S4URC   ( 3749): [SDK] [android.os.Environment] [getExternalStorageDirectory] [DirectoryPath][String] [/storage/sdcard0]
D/S4URC   ( 3749): [SDK] [java.io.File] [Constructor] [FilePath][String] [/storage/sdcard0/zhimeng123.evn]
D/S4URC   ( 3749): [SDK] [java.io.File] [exists] [FilePath][String] [/storage/sdcard0/zhimeng123.evn]
D/S4URC   ( 3749): [NDK] [SYSCALL] [access] [PATH][string] [/storage/sdcard0/zhimeng123.evn]
D/S4URC   ( 3749): [SDK] [java.io.File] [getPath] [FilePath][String] [/storage/sdcard0]
D/S4URC   ( 3749): [SDK] [android.os.Environment] [getExternalStorageDirectory] [DirectoryPath][String] [/storage/sdcard0]
D/S4URC   ( 3749): [SDK] [java.io.File] [listFiles] [FilePath][String] [/storage/sdcard0]
D/S4URC   ( 3749): [SDK] [java.io.File] [list] [FilePath][String] [/storage/sdcard0]
D/S4URC   ( 3749): [NDK] [SYSCALL] [open] [PATH][string] [/storage/sdcard0] [RETURN][int] [109]
D/S4URC   ( 3749): [NDK] [SYSCALL] [getdents] [PATH][string] [.]
D/S4URC   ( 3749): [NDK] [SYSCALL] [getdents] [PATH][string] [..]
D/S4URC   ( 3749): [NDK] [SYSCALL] [getdents] [PATH][string] [LOST.DIR]
D/S4URC   ( 3749): [NDK] [SYSCALL] [getdents] [PATH][string] [.android_secure]
D/S4URC   ( 3749): [NDK] [SYSCALL] [getdents] [PATH][string] [Music]
D/S4URC   ( 3749): [NDK] [SYSCALL] [getdents] [PATH][string] [Podcasts]
D/S4URC   ( 3749): [NDK] [SYSCALL] [getdents] [PATH][string] [Ringtones]
D/S4URC   ( 3749): [NDK] [SYSCALL] [getdents] [PATH][string] [Alarms]
D/S4URC   ( 3749): [NDK] [SYSCALL] [getdents] [PATH][string] [Notifications]
D/S4URC   ( 3749): [NDK] [SYSCALL] [getdents] [PATH][string] [Pictures]
D/S4URC   ( 3749): [NDK] [SYSCALL] [getdents] [PATH][string] [Movies]
D/S4URC   ( 3749): [NDK] [SYSCALL] [getdents] [PATH][string] [Download]
D/S4URC   ( 3749): [NDK] [SYSCALL] [getdents] [PATH][string] [DCIM]
D/S4URC   ( 3749): [NDK] [SYSCALL] [getdents] [PATH][string] [Android]
D/S4URC   ( 3749): [NDK] [SYSCALL] [getdents] [PATH][string] [update.apk]
D/S4URC   ( 3749): [NDK] [SYSCALL] [getdents] [PATH][string] [storage]
D/S4URC   ( 3749): [NDK] [SYSCALL] [getdents] [PATH][string] [111.apk]
D/S4URC   ( 3749): [NDK] [SYSCALL] [getdents] [PATH][string] [swiftkey.apk]
D/S4URC   ( 3749): [NDK] [SYSCALL] [getdents] [PATH][string] [WOOOONG.apk]
D/S4URC   ( 3749): [NDK] [SYSCALL] [getdents] [PATH][string] [56828d0ac90fe977cf1c0f87d1ee0c60.apk]
D/S4URC   ( 3749): [NDK] [SYSCALL] [getdents] [PATH][string] [8c9fe205856c2112d668ff3ec1a9a553.apk]
D/S4URC   ( 3749): [NDK] [SYSCALL] [getdents] [PATH][string] [427f3609301d06f352ff273441fc0b6e.apk]
D/S4URC   ( 3749): [NDK] [SYSCALL] [getdents] [PATH][string] [f8ba4926d6af6a650174a7ca661d89d4.apk]
D/S4URC   ( 3749): [NDK] [SYSCALL] [getdents] [PATH][string] [d9cd6bc55572fd8376caa528dcfb4308.apk]
D/S4URC   ( 3749): [NDK] [SYSCALL] [getdents] [PATH][string] [19c83b2f153c01ca71ffd162586933eb.apk]
D/S4URC   ( 3749): [NDK] [SYSCALL] [getdents] [PATH][string] [4e3f8d9d6d499a59492111514d7bc315.apk]
D/S4URC   ( 3749): [NDK] [SYSCALL] [getdents] [PATH][string] [wsset]
D/S4URC   ( 3749): [NDK] [SYSCALL] [getdents] [PATH][string] [339d9fe4e64c77d827b458d5482ebd30.apk]
D/S4URC   ( 3749): [NDK] [SYSCALL] [getdents] [PATH][string] [bb027a069feabf86fa6bbecf55c76870.apk]
D/S4URC   ( 3749): [NDK] [SYSCALL] [getdents] [PATH][string] [binge.l]
D/S4URC   ( 3749): [NDK] [SYSCALL] [getdents] [PATH][string] [dc46dcc4225370f998777dfc6225a314.apk]
D/S4URC   ( 3749): [NDK] [SYSCALL] [getdents] [PATH][string] [619ed1263d12559cbb740ce8c702cc03.apk]
D/S4URC   ( 3749): [NDK] [SYSCALL] [getdents] [PATH][string] [c64a4fa1a7ca72673b90ee80a3c610fb.apk]
D/S4URC   ( 3749): [NDK] [SYSCALL] [getdents] [PATH][string] [a92a051be0d380d2224d1e540e30946e.apk]
D/S4URC   ( 3749): [NDK] [SYSCALL] [getdents] [PATH][string] [A_LIFEV]
D/S4URC   ( 3749): [NDK] [SYSCALL] [getdents] [PATH][string] [NinePay]
D/S4URC   ( 3749): [NDK] [SYSCALL] [getdents] [PATH][string] [pms_file]
D/S4URC   ( 3749): [NDK] [SYSCALL] [getdents] [PATH][string] [net.ib.android.smcard]
D/S4URC   ( 3749): [NDK] [SYSCALL] [getdents] [PATH][string] [wisemobile]
D/S4URC   ( 3749): [NDK] [SYSCALL] [getdents] [PATH][string] [fb74291b04e1cac943076f735860138c.apk]
D/S4URC   ( 3749): [NDK] [SYSCALL] [getdents] [PATH][string] [KakaoTalk]
D/S4URC   ( 3749): [NDK] [SYSCALL] [getdents] [PATH][string] [c825134deedb142038faf32b62f726e1.apk]
D/S4URC   ( 3749): [NDK] [SYSCALL] [getdents] [PATH][string] [11f27e99898b93ec2d2ebc6bbbf7f676.apk]
D/S4URC   ( 3749): [NDK] [SYSCALL] [getdents] [PATH][string] [0f63e533627dd5b6d18b41eb4dc7e98e.apk]
D/S4URC   ( 3749): [NDK] [SYSCALL] [getdents] [PATH][string] [roms]
D/S4URC   ( 3749): [NDK] [SYSCALL] [getdents] [PATH][string] [5fadff035290cb265ce73daf11cc0dae.apk]
D/S4URC   ( 3749): [NDK] [SYSCALL] [getdents] [PATH][string] [1a8ef6f97fcd97d927e859469c904ce2.apk]
D/S4URC   ( 3749): [NDK] [SYSCALL] [getdents] [PATH][string] [53248a65f6b9c72e2260b20319099ddc.apk]
D/S4URC   ( 3749): [NDK] [SYSCALL] [getdents] [PATH][string] [6fd0307460f6cd89c52b159749881c97.apk]
D/S4URC   ( 3749): [NDK] [SYSCALL] [getdents] [PATH][string] [c5ff8c73611b6f34310b4663e54ad596.apk]
D/S4URC   ( 3749): [NDK] [SYSCALL] [getdents] [PATH][string] [871ed190b210aeb426ca7a44c339fb29.apk]
D/S4URC   ( 3749): [NDK] [SYSCALL] [getdents] [PATH][string] [38d14dd479c81afb97979cd1e0916d21.apk]
D/S4URC   ( 3749): [NDK] [SYSCALL] [getdents] [PATH][string] [bee5bb620edb13e46031b85a4359e04e.apk]
D/S4URC   ( 3749): [NDK] [SYSCALL] [getdents] [PATH][string] [6dda3e54c2037a233e94378595007604.apk]
D/S4URC   ( 3749): [NDK] [SYSCALL] [getdents] [PATH][string] [71ae4cba460d3c1e4f0dc788a173cb86.apk]
D/S4URC   ( 3749): [NDK] [SYSCALL] [getdents] [PATH][string] [e94cf8cacbcfacc98987dbf04d62f491.apk]
D/S4URC   ( 3749): [NDK] [SYSCALL] [getdents] [PATH][string] [2f2e314d5b3c70e8c4f332f8bd1af855.apk]
D/S4URC   ( 3749): [NDK] [SYSCALL] [getdents] [PATH][string] [1f7c1248d7754742b78ef10fe85ea711.apk]
D/S4URC   ( 3749): [NDK] [SYSCALL] [getdents] [PATH][string] [d9fbf6c248ea425bbd9b2d9ff19e0383.apk]
D/S4URC   ( 3749): [SDK] [java.lang.Class] [forName] [FindClass][String] [android.os.SystemProperties]
D/S4URC   ( 3749): [SDK] [java.io.File] [Constructor] [FilePath][String] [/proc/cpuinfo]
D/S4URC   ( 3749): [SDK] [java.io.File] [Constructor] [FilePath][String] [/system/lib/libc.so]
D/S4URC   ( 3749): [SDK] [android.content.ContextWrapper] [registerReceiver][IntentFilter][android.provider.Telephony.SMS_RECEIVED,
D/S4URC   ( 3749): [SDK] [android.app.ApplicationPackageManager] [getApplicationInfo] [FindApplicationName][String] [org.decade.polkan]
D/S4URC   ( 3749): [NDK] [SYSCALL] [stat] [PATH][string] [/storage/sdcard0/Android/data/55AD283AA40/5D55A.28]
D/S4URC   ( 3749): [SDK] [android.content.ContextWrapper] [registerReceiver][IntentFilter][Action_Plugin_Load_com.skymobi.pay.plugin.main,
D/S4URC   ( 3749): [SDK] [java.io.File] [getPath] [FilePath][String] [/storage/sdcard0]
D/S4URC   ( 3749): [SDK] [android.os.Environment] [getExternalStorageDirectory] [DirectoryPath][String] [/storage/sdcard0]
D/S4URC   ( 3749): [SDK] [java.io.File] [getPath] [FilePath][String] [/storage/sdcard0]
D/S4URC   ( 3749): [SDK] [java.io.File] [getParent] [FilePath][String] [/storage/sdcard0/CrashLog/WyyyCrashLog_20180615142644_3749.log]
D/S4URC   ( 3749): [SDK] [java.io.File] [Constructor] [FilePath][String] [/storage/sdcard0/CrashLog]
D/S4URC   ( 3749): [SDK] [java.io.File] [exists] [FilePath][String] [/storage/sdcard0/CrashLog]
D/S4URC   ( 3749): [SDK] [java.io.File] [exists] [FilePath][String] [/storage/sdcard0/CrashLog/WyyyCrashLog_20180615142644_3749.log]
D/S4URC   ( 3749): [NDK] [SYSCALL] [open] [PATH][string] [/storage/sdcard0/CrashLog/WyyyCrashLog_20180615142644_3749.log] [RETURN][int] [106]
D/S4URC   ( 3749): [SDK] [java.io.File] [getPath] [FilePath][String] [/data/data/org.decade.polkan/databases]
D/S4URC   ( 3749): [NDK] [SYSCALL] [access] [PATH][string] [/data/data/org.decade.polkan/databases/ua.db-journal]
D/S4URC   ( 3749): [SDK] [java.io.File] [getPath] [FilePath][String] [/storage/sdcard0]
D/S4URC   ( 3749): [NDK] [SYSCALL] [open] [PATH][string] [/storage/sdcard0/.976oBE9C318B00E747F5B28BBF5Ft4c/2A17] [RETURN][int] [107]
D/S4URC   ( 3749): [SDK] [java.io.File] [Constructor] [FilePath][String] [/storage/sdcard0]
D/S4URC   ( 3749): [SDK] [android.os.Environment] [getExternalStorageState] [ExternalStorageState][String] [mounted]
D/S4URC   ( 3749): [NDK] [SYSCALL] [open] [PATH][string] [/storage/sdcard0/.976oBE9C318B00E747F5B28BBF5Ft4c/2A17] [RETURN][int] [110]
D/S4URC   ( 3749): [SDK] [java.io.File] [exists] [FilePath][String] [/storage/sdcard0/CrashLog/WyyyCrashLog_20180615142644_3749.log]
D/S4URC   ( 3749): [NDK] [SYSCALL] [open] [PATH][string] [/data/data/org.decade.polkan/databases] [RETURN][int] [109]
D/S4URC   ( 3749): [NDK] [SYSCALL] [open] [PATH][string] [/storage/sdcard0/CrashLog/WyyyCrashLog_20180615142644_3749.log] [RETURN][int] [110]
D/S4URC   ( 3749): [NDK] [SYSCALL] [access] [PATH][string] [/data/data/org.decade.polkan/databases/ua.db-journal]
D/S4URC   ( 3749): [NDK] [SYSCALL] [open] [PATH][string] [/data/data/org.decade.polkan/shared_prefs/umeng_general_config.xml] [RETURN][int] [107]
D/S4URC   ( 3749): [SDK] [javax.crypto.Cipher][doFinal] [Data][{"ts":1529112404373,"error_source":1,"context":"java.lang.NullPointerException: Attempt to get length of null array\n\tat com.ordinary.api.abcdefghi.miniz.util.p.d(Unknown Source)\n\tat com.ordinary.api.abcdefghi.miniz.util.p.c(Unknown Source)\n\tat com.ordinary.api.abcdefghi.miniz.util.p.b(Unknown Source)\n\tat com.ordinary.api.abcdefghi.miniz.util.u.a(Unknown Source)\n\tat com.ordinary.api.abcdefghi.miniz.util.v.run(Unknown Source)\n\tat java.lang.Thread.run(Thread.java:818)\n"}] [Return][L8jxOleXgbnbYNLim8FVBD0FpbYYl3Pa04sjr9C4plvh1D8z8mXu4bPd8d6/EUdXvmv0aZD9JXxlbLlUUVy37ZPUwfICHX38xSgeZVPqiRPJywjbyxPHFqIBQhW6J6pWzx856X75IQfwzL+PBSuEuUQa6hAEzIa1hQVEKsuf5vrOLI/A9FRDzlHgRfoYPgA0Wpwlad/MQ+DkxznDBqsp220mtIJ43v4wWh/JC2GLlBH/xZAGt1l3Js4U2pOGKcsV5DkCQdpyPnkxmwq/x/ZR5nJzUfCSVW7OBHGxT/C9it2yOvDr7izKVOFanCDRBkrBcF9Ws3mF8rdqhi+R4hXrW7ANm/gV9B1buam49TP9RYiQrX8zn6ydY9ed4zAxGrVwo7whRhRvLCVg94pMrTNqPn27eAeBO6tMw02u4PNIwSysAAOHLcQk26r049EibHlDM/39XjvR1EsZr8yo0Uj1i3dFhdjYc2RtIOd4XzL7vvZr1zh+ptwy5lAWBEhMhCINLs6X3IYJGSwfBdCzPdt0Y5r41XB88klBjBp8kjkjIi/8NBgzfLjjOAOD+mmzR05z1VOqrVtaYuc3Azmyu3PBBc3/xAQVdqLJYZeqwar+3VJH1+S82daKPZ3atQ7f/HyQ5U7j8qW3giH/F36AmxxNaA==]
D/S4URC   ( 3749): [NDK] [SYSCALL] [open] [PATH][string] [/data/data/org.decade.polkan/databases] [RETURN][int] [109]
D/S4URC   ( 3749): [NDK] [SYSCALL] [access] [PATH][string] [/data/data/org.decade.polkan/databases/ua.db-journal]
D/S4URC   ( 3749): [SDK] [java.io.File] [getPath] [FilePath][String] [/data/data/org.decade.polkan/shared_prefs/umeng_general_config.xml]
D/S4URC   ( 3749): [NDK] [SYSCALL] [stat] [PATH][string] [/data/data/org.decade.polkan/databases/ua.db-journal]
D/S4URC   ( 3749): [NDK] [SYSCALL] [stat] [PATH][string] [/data/data/org.decade.polkan/shared_prefs/umeng_general_config.xml]
D/S4URC   ( 3749): [NDK] [SYSCALL] [stat] [PATH][string] [/data/data/org.decade.polkan/databases/ua.db]
D/S4URC   ( 3749): [NDK] [SYSCALL] [open] [PATH][string] [/data/data/org.decade.polkan/databases/ua.db-journal] [RETURN][int] [107]
D/S4URC   ( 3749): [SDK] [android.content.ContextWrapper][getSharedPreferences] [File][umeng_general_config.xml] [MODE][MODE_PRIVATE]
D/S4URC   ( 3749): [NDK] [SYSCALL] [access] [PATH][string] [/data/data/org.decade.polkan/databases/ua.db-wal]
D/S4URC   ( 3749): [SDK] [android.content.ContextWrapper][getSharedPreferences] [File][umeng_general_config.xml] [MODE][MODE_PRIVATE] [Method][getIong] [Iong][a_start_time] [Return][0]
D/S4URC   ( 3749): [NDK] [SYSCALL] [stat] [PATH][string] [/data/data/org.decade.polkan/databases/ua.db]
D/S4URC   ( 3749): [NDK] [SYSCALL] [open] [PATH][string] [/data/data/org.decade.polkan/databases/ua.db-journal] [RETURN][int] [107]
D/S4URC   ( 3749): [SDK] [android.database.sqlite.SQLiteDatabase] [execSQL] [ExecInfo][String] [update __sd set __f="1529112404376" where __ii="2814A8D08633AF8AEE1E6D76E5365235"]
D/S4URC   ( 3749): [NDK] [SYSCALL] [open] [PATH][string] [/data/data/org.decade.polkan/databases] [RETURN][int] [111]
D/S4URC   ( 3749): [NDK] [SYSCALL] [access] [PATH][string] [/data/data/org.decade.polkan/databases/ua.db-journal]
D/S4URC   ( 3749): [NDK] [SYSCALL] [stat] [PATH][string] [/data/data/org.decade.polkan/databases/ua.db-journal]
D/S4URC   ( 3749): [NDK] [SYSCALL] [stat] [PATH][string] [/data/data/org.decade.polkan/databases/ua.db]
D/S4URC   ( 3749): [NDK] [SYSCALL] [open] [PATH][string] [/data/data/org.decade.polkan/databases/ua.db-journal] [RETURN][int] [110]
D/S4URC   ( 3749): [NDK] [SYSCALL] [access] [PATH][string] [/data/data/org.decade.polkan/databases/ua.db-wal]
D/S4URC   ( 3749): [SDK] [javax.crypto.Cipher][doFinal] [Data][[{"page_name":"org.decade.polkan.pope","duration":3673}]] [Return][Ptvj2JXSFMspsYOq55N1LtJ95TL7k7fmVmy5q4sZh+Qkq/waUTUrqktv1yjZI1nWU3LQX3vIOsO9ZeXOfd+HcQ==]
D/S4URC   ( 3749): [NDK] [SYSCALL] [stat] [PATH][string] [/data/data/org.decade.polkan/databases/ua.db]
D/S4URC   ( 3749): [NDK] [SYSCALL] [open] [PATH][string] [/data/data/org.decade.polkan/databases/ua.db-journal] [RETURN][int] [107]
D/S4URC   ( 3749): [NDK] [SYSCALL] [open] [PATH][string] [/data/data/org.decade.polkan/databases] [RETURN][int] [109]
D/S4URC   ( 3749): [NDK] [SYSCALL] [stat] [PATH][string] [/data/data/org.decade.polkan/databases/ua.db]
D/S4URC   ( 3749): [SDK] [java.io.File] [getPath] [FilePath][String] [/data/data/org.decade.polkan/databases]
D/S4URC   ( 3749): [NDK] [SYSCALL] [access] [PATH][string] [/data/data/org.decade.polkan/databases/ua.db-journal]
D/S4URC   ( 3749): [NDK] [SYSCALL] [open] [PATH][string] [/data/data/org.decade.polkan/databases/ua.db-journal] [RETURN][int] [110]
D/S4URC   ( 3749): [NDK] [SYSCALL] [open] [PATH][string] [/data/data/org.decade.polkan/databases] [RETURN][int] [112]
D/S4URC   ( 3749): [NDK] [SYSCALL] [stat] [PATH][string] [/data/data/org.decade.polkan/databases/ua.db]
D/S4URC   ( 3749): [NDK] [SYSCALL] [stat] [PATH][string] [/data/data/org.decade.polkan/shared_prefs/umeng_general_config.xml]
D/S4URC   ( 4103): [SDK] [java.lang.Class] [forName] [FindClass][String] [java.net.HttpURLConnection]
D/S4URC   ( 4103): [SDK] [java.lang.Class] [forName] [FindClass][String] [com.android.okhttp.internal.http.HttpURLConnectionImpl]
D/S4URC   ( 4103): [SDK] [java.lang.Class] [forName] [FindClass][String] [java.net.Socket]
D/S4URC   ( 4103): [SDK] [java.lang.Class] [forName] [FindClass][String] [android.telephony.TelephonyManager]
D/S4URC   ( 4103): [SDK] [java.lang.Class] [forName] [FindClass][String] [android.os.Debug]
D/S4URC   ( 4103): [SDK] [java.lang.Class] [forName] [FindClass][String] [android.hardware.SensorManager]
D/S4URC   ( 4103): [SDK] [java.lang.Class] [forName] [FindClass][String] [android.content.res.ResourcesKey]
D/S4URC   ( 4103): [SDK] [java.lang.Class] [forName] [FindClass][String] [android.app.ResourcesManager]
D/S4URC   ( 4103): [SDK] [java.io.File] [Constructor] [FilePath][String] [/data/app/org.decade.polkan-1/base.apk]
D/S4URC   ( 4103): [SDK] [java.io.File] [getPath] [FilePath][String] [/data/data/org.decade.polkan]
D/S4URC   ( 4103): [SDK] [java.io.File] [exists] [FilePath][String] [/data/data/org.decade.polkan/cache]
D/S4URC   ( 4103): [SDK] [java.io.File] [getPath] [FilePath][String] [/data/data/org.decade.polkan/cache]
D/S4URC   ( 4103): [SDK] [java.io.File] [getPath] [FilePath][String] [/data/data/org.decade.polkan]
D/S4URC   ( 4103): [SDK] [java.io.File] [exists] [FilePath][String] [/data/data/org.decade.polkan/files]
D/S4URC   ( 4103): [SDK] [java.io.File] [Constructor] [FilePath][String] [/data/data/org.decade.polkan/files/decade.jar]
D/S4URC   ( 4103): [SDK] [java.io.File] [exists] [FilePath][String] [/data/data/org.decade.polkan/files/decade.jar]
D/S4URC   ( 4103): [SDK] [dalvik.system.DexClassLoader] [Constructor] [DexPath][String] [/data/data/org.decade.polkan/files/decade.jar] [NDKPath][String] [null]
D/S4URC   ( 4103): [SDK] [java.io.File] [Constructor] [FilePath][String] [/data/data/org.decade.polkan/files]
D/S4URC   ( 4103): [SDK] [dalvik.system.BaseDexClassLoader] [Constructor] [DexPath][String] [/data/data/org.decade.polkan/files/decade.jar] [NDKPath][String] [null]
D/S4URC   ( 4103): [SDK] [java.io.File] [exists] [FilePath][String] [/data/data/org.decade.polkan/files]
D/S4URC   ( 4103): [SDK] [java.io.File] [canRead] [FilePath][String] [/data/data/org.decade.polkan/files]
D/S4URC   ( 4103): [SDK] [java.io.File] [canWrite] [FilePath][String] [/data/data/org.decade.polkan/files]
D/S4URC   ( 4103): [SDK] [java.io.File] [Constructor] [FilePath][String] [/data/data/org.decade.polkan/files/decade.jar]
D/S4URC   ( 4103): [SDK] [java.io.File] [getName] [FilePath][String] [/data/data/org.decade.polkan/files/decade.jar]
D/S4URC   ( 4103): [SDK] [java.io.File] [isDirectory] [FilePath][String] [/data/data/org.decade.polkan/files/decade.jar]
D/S4URC   ( 4103): [SDK] [java.io.File] [isFile] [FilePath][String] [/data/data/org.decade.polkan/files/decade.jar]
D/S4URC   ( 4103): [SDK] [java.io.File] [getName] [FilePath][String] [/data/data/org.decade.polkan/files/decade.jar]
D/S4URC   ( 4103): [SDK] [java.io.File] [getPath] [FilePath][String] [/data/data/org.decade.polkan/files]
D/S4URC   ( 4103): [SDK] [java.io.File] [getPath] [FilePath][String] [/data/data/org.decade.polkan/files/decade.dex]
D/S4URC   ( 4103): [SDK] [java.io.File] [getPath] [FilePath][String] [/data/data/org.decade.polkan/files/decade.jar]
D/S4URC   ( 4103): [SDK] [java.io.File] [Constructor] [FilePath][String] [/data/data/org.decade.polkan/files/decade.dex]
D/S4URC   ( 4103): [SDK] [java.io.File] [getParent] [FilePath][String] [/data/data/org.decade.polkan/files/decade.dex]
D/S4URC   ( 4103): [SDK] [dalvik.system.DexFile] [openDexFile] [DexPath][String] [/data/data/org.decade.polkan/files/decade.jar]
D/S4URC   ( 4103): [SDK] [java.io.File] [Constructor] [FilePath][String] [/data/data/org.decade.polkan/files/decade.jar]
D/S4URC   ( 4103): [SDK] [java.io.File] [Constructor] [FilePath][String] [/data/data/org.decade.polkan/files/decade.dex]
D/S4URC   ( 4103): [SDK] [java.io.File] [Constructor] [FilePath][String] [/vendor/lib]
D/S4URC   ( 4103): [SDK] [java.io.File] [Constructor] [FilePath][String] [/system/lib]
D/S4URC   ( 4103): [SDK] [java.lang.Class] [forName] [FindClass][String] [com.compat.plus.main.MaySDK]
D/S4URC   ( 4103): [SDK] [android.app.ApplicationPackageManager] [getApplicationInfo] [FindApplicationName][String] [org.decade.polkan]
D/S4URC   ( 4103): [SDK] [java.lang.Class] [forName] [FindClass][String] [dalvik.system.DexClassLoader]
D/S4URC   ( 4103): [SDK] [java.io.File] [Constructor] [FilePath][String] [/storage/sdcard0]
D/S4URC   ( 4103): [SDK] [java.io.File] [Constructor] [FilePath][String] [/storage/sdcard1]
D/S4URC   ( 4103): [SDK] [java.io.File] [Constructor] [FilePath][String] [/storage/usb2host]
D/S4URC   ( 4103): [SDK] [java.io.File] [Constructor] [FilePath][String] [/storage/usb3device]
D/S4URC   ( 4103): [SDK] [java.io.File] [Constructor] [FilePath][String] [/storage/usb3host]
D/S4URC   ( 4103): [SDK] [android.os.Environment] [getExternalStorageState] [ExternalStorageState][String] [mounted]
D/S4URC   ( 4103): [SDK] [java.io.File] [getPath] [FilePath][String] [/storage/sdcard0]
D/S4URC   ( 4103): [SDK] [android.os.Environment] [getExternalStorageDirectory] [DirectoryPath][String] [/storage/sdcard0]
D/S4URC   ( 4103): [SDK] [java.io.File] [canRead] [FilePath][String] [/storage/sdcard0]
D/S4URC   ( 4103): [SDK] [java.io.File] [canWrite] [FilePath][String] [/storage/sdcard0]
D/S4URC   ( 4103): [SDK] [java.io.File] [getPath] [FilePath][String] [/storage/sdcard0]
D/S4URC   ( 4103): [SDK] [android.os.Environment] [getExternalStorageDirectory] [DirectoryPath][String] [/storage/sdcard0]
D/S4URC   ( 4103): [SDK] [java.io.File] [Constructor] [FilePath][String] [/storage/sdcard0/zhimeng123.evn]
D/S4URC   ( 4103): [SDK] [java.io.File] [exists] [FilePath][String] [/storage/sdcard0/zhimeng123.evn]
D/S4URC   ( 4103): [SDK] [java.lang.Class] [forName] [FindClass][String] [com.android.org.conscrypt.OpenSSLMessageDigestJDK$MD5]
D/S4URC   ( 4103): [SDK] [java.io.File] [getPath] [FilePath][String] [/data/data/org.decade.polkan]
D/S4URC   ( 4103): [SDK] [java.io.File] [getPath] [FilePath][String] [/data/data/org.decade.polkan/shared_prefs]
D/S4URC   ( 4103): [SDK] [java.io.File] [getPath] [FilePath][String] [/data/data/org.decade.polkan/shared_prefs/zplugin_query.xml]
D/S4URC   ( 4103): [SDK] [java.io.File] [Constructor] [FilePath][String] [/data/data/org.decade.polkan/shared_prefs/zplugin_query.xml.bak]
D/S4URC   ( 4103): [SDK] [java.io.File] [exists] [FilePath][String] [/data/data/org.decade.polkan/shared_prefs/zplugin_query.xml]
D/S4URC   ( 4103): [SDK] [java.io.File] [canRead] [FilePath][String] [/data/data/org.decade.polkan/shared_prefs/zplugin_query.xml]
D/S4URC   ( 4103): [SDK] [java.io.File] [getPath] [FilePath][String] [/data/data/org.decade.polkan/shared_prefs/zplugin_query.xml]
D/S4URC   ( 4103): [SDK] [android.content.ContextWrapper][getSharedPreferences] [File][zplugin_query.xml] [MODE][APPEND or MULTI_PROCESS]
D/S4URC   ( 4103): [SDK] [java.io.File] [exists] [FilePath][String] [/data/data/org.decade.polkan/shared_prefs/zplugin_query.xml.bak]
D/S4URC   ( 4103): [SDK] [java.io.File] [exists] [FilePath][String] [/data/data/org.decade.polkan/shared_prefs/zplugin_query.xml]
D/S4URC   ( 4103): [SDK] [java.io.File] [canRead] [FilePath][String] [/data/data/org.decade.polkan/shared_prefs/zplugin_query.xml]
D/S4URC   ( 4103): [SDK] [java.io.File] [getPath] [FilePath][String] [/data/data/org.decade.polkan/shared_prefs/zplugin_query.xml]
D/S4URC   ( 4103): [SDK] [java.io.File] [canRead] [FilePath][String] [/data/data/org.decade.polkan/shared_prefs/zplugin_query.xml]
D/S4URC   ( 4103): [SDK] [java.io.File] [getPath] [FilePath][String] [/data/data/org.decade.polkan/shared_prefs/zplugin_query.xml]
D/S4URC   ( 4103): [SDK] [java.io.File] [getPath] [FilePath][String] [/storage/sdcard0]
D/S4URC   ( 4103): [SDK] [android.os.Environment] [getExternalStorageDirectory] [DirectoryPath][String] [/storage/sdcard0]
D/S4URC   ( 4103): [SDK] [java.io.File] [Constructor] [FilePath][String] [/storage/sdcard0/Android/data/3949BA59/10ADC.94]
D/S4URC   ( 4103): [SDK] [java.io.File] [exists] [FilePath][String] [/storage/sdcard0/Android/data/3949BA59/10ADC.94]
D/S4URC   ( 4103): [SDK] [android.content.ContextWrapper][getSharedPreferences] [File][zplugin_query.xml] [MODE][APPEND or MULTI_PROCESS] [Method][getIong] [Iong][QueryDataReciveTime] [Return][1529112401708]
D/S4URC   ( 4103): [SDK] [android.content.ContextWrapper][getSharedPreferences] [File][zplugin_query.xml] [MODE][APPEND or MULTI_PROCESS] [Method][getIong] [Iong][NextReqInterval] [Return][86400]
D/S4URC   ( 4103): [SDK] [android.telephony.TelephonyManager] [getSubscriberId]
D/S4URC   ( 4103): [SDK] [android.telephony.TelephonyManager] [getLine1Number]
D/S4URC   ( 4103): [SDK] [android.app.ApplicationPackageManager] [getPackageInfo] [FindPackageName][String] [org.decade.polkan]
D/S4URC   ( 4103): [SDK] [android.app.ApplicationPackageManager] [getPackageInfo] [FindPackageName][String] [com.google.android.webview]
D/S4URC   ( 4103): [SDK] [android.app.ApplicationPackageManager] [getApplicationInfo] [FindApplicationName][String] [com.android.webview]
D/S4URC   ( 3877): [SDK] [android.content.ContextWrapper][getSharedPreferences] [File][WebViewChromiumPrefs.xml] [MODE][MODE_PRIVATE] [Method][putLong] [Key][QueryDataReciveTime] [Value][1529112405282]
D/S4URC   ( 3877): [SDK] [java.io.File] [exists] [FilePath][String] [/data/data/org.decade.polkan/shared_prefs/zplugin_query.xml]
D/S4URC   ( 3877): [SDK] [java.io.File] [exists] [FilePath][String] [/data/data/org.decade.polkan/shared_prefs/zplugin_query.xml.bak]
D/S4URC   ( 3877): [SDK] [java.io.File] [renameTo] [FilePath][String] [/data/data/org.decade.polkan/shared_prefs/zplugin_query.xml] [DesFile][/data/data/org.decade.polkan/shared_prefs/zplugin_query.xml.bak]
D/S4URC   ( 3877): [SDK] [java.io.File] [getPath] [FilePath][String] [/data/data/org.decade.polkan/shared_prefs/zplugin_query.xml]
D/S4URC   ( 3877): [SDK] [java.io.File] [delete] [FilePath][String] [/data/data/org.decade.polkan/shared_prefs/zplugin_query.xml.bak]
D/S4URC   ( 3877): [SDK] [android.content.ContextWrapper][getSharedPreferences] [File][WebViewChromiumPrefs.xml] [MODE][MODE_PRIVATE] [Method][commit]
D/S4URC   ( 4103): [SDK] [android.app.ApplicationPackageManager] [getPackageInfo] [FindPackageName][String] [com.google.android.webview]
D/S4URC   ( 3877): [SDK] [android.content.ContextWrapper][getSharedPreferences] [File][WebViewChromiumPrefs.xml] [MODE][MODE_PRIVATE] [Method][putLong] [Key][NextReqInterval] [Value][86400]
D/S4URC   ( 3877): [SDK] [java.io.File] [exists] [FilePath][String] [/data/data/org.decade.polkan/shared_prefs/zplugin_query.xml]
D/S4URC   ( 4103): [SDK] [android.app.ApplicationPackageManager] [getPackageInfo] [FindPackageName][String] [com.android.webview]
D/S4URC   ( 3877): [SDK] [java.io.File] [getPath] [FilePath][String] [/storage/sdcard0]
D/S4URC   ( 4103): [SDK] [java.io.File] [Constructor] [FilePath][String] [/data/data/com.android.webview]
D/S4URC   ( 3877): [SDK] [java.io.File] [getPath] [FilePath][String] [/storage/sdcard0]
D/S4URC   ( 3877): [SDK] [android.os.Environment] [getExternalStorageDirectory] [DirectoryPath][String] [/storage/sdcard0]
D/S4URC   ( 4103): [SDK] [dalvik.system.BaseDexClassLoader] [Constructor] [DexPath][String] [/system/app/webview/webview.apk] [NDKPath][String] [/system/app/webview/lib/arm]
D/S4URC   ( 4103): [SDK] [java.io.File] [Constructor] [FilePath][String] [/system/app/webview/webview.apk]
D/S4URC   ( 4103): [SDK] [java.io.File] [getName] [FilePath][String] [/system/app/webview/webview.apk]
D/S4URC   ( 4103): [SDK] [java.io.File] [isDirectory] [FilePath][String] [/system/app/webview/webview.apk]
D/S4URC   ( 4103): [SDK] [java.io.File] [isFile] [FilePath][String] [/system/app/webview/webview.apk]
D/S4URC   ( 4103): [SDK] [java.io.File] [getPath] [FilePath][String] [/system/app/webview/webview.apk]
D/S4URC   ( 4103): [SDK] [dalvik.system.DexFile] [openDexFile] [DexPath][String] [/system/app/webview/webview.apk]
D/S4URC   ( 4103): [SDK] [java.io.File] [Constructor] [FilePath][String] [/system/app/webview/webview.apk]
D/S4URC   ( 3877): [SDK] [android.content.ContextWrapper] [registerReceiver][IntentFilter][download_action_10ADC.94.new.data,
D/S4URC   ( 4103): [SDK] [java.io.File] [Constructor] [FilePath][String] [/system/app/webview/lib/arm]
D/S4URC   ( 4103): [SDK] [java.io.File] [Constructor] [FilePath][String] [/vendor/lib]
D/S4URC   ( 4103): [SDK] [java.io.File] [Constructor] [FilePath][String] [/system/lib]
D/S4URC   ( 3877): [SDK] [java.io.File] [Constructor] [FilePath][String] [/storage/sdcard0/Android/data/3949BA59/10ADC.94.new.data]
D/S4URC   ( 3877): [SDK] [java.io.File] [exists] [FilePath][String] [/storage/sdcard0/Android/data/3949BA59/10ADC.94.new.data]
D/S4URC   ( 4103): [SDK] [java.lang.Class] [forName] [FindClass][String] [net.sqlcipher.database.SQLiteDatabase]
D/S4URC   ( 4103): [SDK] [java.lang.Class] [forName] [FindClass][String] [net.sqlcipher.database$SQLiteDatabase]
D/S4URC   ( 3877): [SDK] [java.io.File] [Constructor] [FilePath][String] [/storage/sdcard0/Android/data/3949BA59/10ADC.94.new.data.temp]
D/S4URC   ( 3877): [SDK] [java.io.File] [exists] [FilePath][String] [/storage/sdcard0/Android/data/3949BA59/10ADC.94.new.data.temp]
D/S4URC   ( 4103): [SDK] [java.lang.Class] [forName] [FindClass][String] [net.sqlcipher$database$SQLiteDatabase]
D/S4URC   ( 4103): [SDK] [java.lang.Class] [forName] [FindClass][String] [net$sqlcipher$database$SQLiteDatabase]
D/S4URC   ( 3877): [SDK] [java.net] [HttpURLConnection] [URL][String] [http://dl.elevensky.net/apkf/3rdapk2/M01/17/59/wKhklVm7xkKARPATAACct46a37k919.apk]
D/S4URC   ( 4103): [SDK] [java.lang.Class] [forName] [FindClass][String] [[I]
D/S4URC   ( 4103): [SDK] [java.lang.Class] [forName] [FindClass][String] [android.app.SharedPreferencesImpl]
D/S4URC   ( 4103): [SDK] [java.lang.Class] [forName] [FindClass][String] [[I]
D/S4URC   ( 4103): [SDK] [java.lang.Class] [forName] [FindClass][String] [android.app.SharedPreferencesImpl.EditorImpl]
D/S4URC   ( 4103): [SDK] [java.lang.Class] [forName] [FindClass][String] [android.app.SharedPreferencesImpl$EditorImpl]
D/S4URC   ( 4103): [SDK] [java.lang.Class] [forName] [FindClass][String] [android.app.SharedPreferencesImpl.EditorImpl]
D/S4URC   ( 4103): [SDK] [java.lang.Class] [forName] [FindClass][String] [android.app.SharedPreferencesImpl$EditorImpl]
D/S4URC   ( 4103): [SDK] [java.lang.Class] [forName] [FindClass][String] [android.app.SharedPreferencesImpl]
D/S4URC   ( 4103): [SDK] [java.lang.Class] [forName] [FindClass][String] [[Z]
D/S4URC   ( 4103): [SDK] [java.lang.Class] [forName] [FindClass][String] [android.app.SharedPreferencesImpl]
D/S4URC   ( 4103): [SDK] [java.lang.Class] [forName] [FindClass][String] [[F]
D/S4URC   ( 4103): [SDK] [java.lang.Class] [forName] [FindClass][String] [android.app.SharedPreferencesImpl]
D/S4URC   ( 4103): [SDK] [java.lang.Class] [forName] [FindClass][String] [[I]
D/S4URC   ( 4103): [SDK] [java.lang.Class] [forName] [FindClass][String] [android.app.SharedPreferencesImpl]
D/S4URC   ( 4103): [SDK] [java.lang.Class] [forName] [FindClass][String] [[J]
D/S4URC   ( 4103): [SDK] [java.lang.Class] [forName] [FindClass][String] [android.app.SharedPreferencesImpl]
D/S4URC   ( 4103): [SDK] [java.lang.Class] [forName] [FindClass][String] [android.app.SharedPreferencesImpl.EditorImpl]
D/S4URC   ( 4103): [SDK] [java.lang.Class] [forName] [FindClass][String] [android.app.SharedPreferencesImpl$EditorImpl]
D/S4URC   ( 4103): [SDK] [java.lang.Class] [forName] [FindClass][String] [android.app.SharedPreferencesImpl.EditorImpl]
D/S4URC   ( 4103): [SDK] [java.lang.Class] [forName] [FindClass][String] [android.app.SharedPreferencesImpl$EditorImpl]
D/S4URC   ( 4103): [SDK] [java.lang.Class] [forName] [FindClass][String] [[Z]
D/S4URC   ( 4103): [SDK] [java.lang.Class] [forName] [FindClass][String] [android.app.SharedPreferencesImpl.EditorImpl]
D/S4URC   ( 4103): [SDK] [java.lang.Class] [forName] [FindClass][String] [android.app.SharedPreferencesImpl$EditorImpl]
D/S4URC   ( 4103): [SDK] [java.lang.Class] [forName] [FindClass][String] [[I]
D/S4URC   ( 4103): [SDK] [java.lang.Class] [forName] [FindClass][String] [android.app.SharedPreferencesImpl.EditorImpl]
D/S4URC   ( 4103): [SDK] [java.lang.Class] [forName] [FindClass][String] [android.app.SharedPreferencesImpl$EditorImpl]
D/S4URC   ( 4103): [SDK] [java.lang.Class] [forName] [FindClass][String] [[J]
D/S4URC   ( 4103): [SDK] [java.lang.Class] [forName] [FindClass][String] [android.app.SharedPreferencesImpl.EditorImpl]
D/S4URC   ( 4103): [SDK] [java.lang.Class] [forName] [FindClass][String] [android.app.SharedPreferencesImpl$EditorImpl]
D/S4URC   ( 4103): [SDK] [java.lang.Class] [forName] [FindClass][String] [[F]
D/S4URC   ( 4103): [SDK] [java.lang.Class] [forName] [FindClass][String] [android.app.admin.DevicePolicyManager]
D/S4URC   ( 4103): [SDK] [java.lang.Class] [forName] [FindClass][String] [android.app.Activity]
D/S4URC   ( 4103): [SDK] [java.lang.Class] [forName] [FindClass][String] [android.content.Intent]
D/S4URC   ( 4103): [SDK] [java.lang.Class] [forName] [FindClass][String] [android.os.Environment]
D/S4URC   ( 4103): [SDK] [java.lang.Class] [forName] [FindClass][String] [android.content.ContentResolver]
D/S4URC   ( 3877): [SDK] [java.io.File] [Constructor] [FilePath][String] [/storage/sdcard0/Android/data/3949BA59/]
D/S4URC   ( 3877): [SDK] [java.io.File] [mkdirs] [FilePath][String] [/storage/sdcard0/Android/data/3949BA59]
D/S4URC   ( 3877): [SDK] [java.io.File] [Constructor] [FilePath][String] [/storage/sdcard0/Android/data/3949BA59/10ADC.94.new.data.temp]
D/S4URC   ( 3877): [SDK] [java.io.File] [exists] [FilePath][String] [/storage/sdcard0/Android/data/3949BA59/10ADC.94.new.data.temp]
D/S4URC   ( 3877): [SDK] [java.io.File] [createNewFile] [FilePath][String] [/storage/sdcard0/Android/data/3949BA59/10ADC.94.new.data.temp]
D/S4URC   ( 4103): [SDK] [java.lang.Class] [forName] [FindClass][String] [android.os.Process]
D/S4URC   ( 4103): [SDK] [java.lang.Class] [forName] [FindClass][String] [android.hardware.Camera]
D/S4URC   ( 3877): [SDK] [java.io.File] [getPath] [FilePath][String] [/storage/sdcard0/Android/data/3949BA59/10ADC.94.new.data.temp]
D/S4URC   ( 3877): [SDK] [android.content.Intent] [Constructor] [IntentInfo][String] [download_action_10ADC.94.new.data]
D/S4URC   ( 3877): [SDK] [android.content.ContextWrapper] [sendBroadcast] [Intent] Intent { act=download_action_10ADC.94.new.data (has extras) } [ExtraInfo][key:value][download_totalsize:40119][download_cursize:981][download_status:0]
D/S4URC   ( 4103): [SDK] [java.lang.Class] [forName] [FindClass][String] [android.accounts.AccountManager]
D/S4URC   ( 4103): [SDK] [java.lang.Class] [forName] [FindClass][String] [android.location.Location]
D/S4URC   ( 4103): [SDK] [java.lang.Class] [forName] [FindClass][String] [android.webkit.WebView]
D/S4URC   ( 4103): [SDK] [java.lang.Class] [forName] [FindClass][String] [android.media.MediaRecorder]
D/S4URC   ( 4103): [SDK] [java.lang.Class] [forName] [FindClass][String] [android.content.Intent]
D/S4URC   ( 4103): [SDK] [java.lang.Class] [forName] [FindClass][String] [dalvik.system.BaseDexClassLoader]
D/S4URC   ( 4103): [SDK] [java.lang.Class] [forName] [FindClass][String] [dalvik.system.DexFile]
D/S4URC   ( 4103): [SDK] [java.lang.Class] [forName] [FindClass][String] [dalvik.system.DexClassLoader]
D/S4URC   ( 4103): [SDK] [java.lang.Class] [forName] [FindClass][String] [android.app.ApplicationPackageManager]
D/S4URC   ( 4103): [SDK] [java.lang.Class] [forName] [FindClass][String] [android.app.ActivityManager]
D/S4URC   ( 4103): [SDK] [java.lang.Class] [forName] [FindClass][String] [java.lang.Runtime]
D/S4URC   ( 4103): [SDK] [java.lang.Class] [forName] [FindClass][String] [java.lang.Class]
D/S4URC   ( 4103): [SDK] [java.lang.Class] [forName] [FindClass][String] [java.net.HttpURLConnection]
D/S4URC   ( 4103): [SDK] [java.lang.Class] [forName] [FindClass][String] [com.android.okhttp.internal.http.HttpURLConnectionImpl]
D/S4URC   ( 4103): [SDK] [java.lang.Class] [forName] [FindClass][String] [java.net.Socket]
D/S4URC   ( 4103): [SDK] [java.lang.Class] [forName] [FindClass][String] [android.telephony.TelephonyManager]
D/S4URC   ( 4103): [SDK] [java.lang.Class] [forName] [FindClass][String] [android.os.Debug]
D/S4URC   ( 4103): [SDK] [java.lang.Class] [forName] [FindClass][String] [android.hardware.SensorManager]
D/S4URC   ( 4103): [SDK] [java.io.File] [Constructor] [FilePath][String] [/system/app/webview/webview.apk]
D/S4URC   ( 4103): [SDK] [java.lang.Class] [forName] [FindClass][String] [com.android.webview.chromium.WebViewChromiumFactoryProvider]
D/S4URC   ( 4103): [SDK] [java.lang.Runtime] [loadLibrary] [SoPath][String] [webviewchromium]
D/S4URC   ( 4103): [SDK] [java.io.File] [getPath] [FilePath][String] [/system/app/webview/lib/arm]
D/S4URC   ( 4103): [SDK] [java.io.File] [getPath] [FilePath][String] [/system/app/webview/lib/arm/libwebviewchromium.so]
D/S4URC   ( 4103): [SDK] [java.lang.Runtime] [loadLibrary] [SoPath][String] [webviewchromium_plat_support]
D/S4URC   ( 4103): [SDK] [java.io.File] [getPath] [FilePath][String] [/system/app/webview/lib/arm]
D/S4URC   ( 4103): [SDK] [java.io.File] [getPath] [FilePath][String] [/system/app/webview/lib/arm/libwebviewchromium_plat_support.so]
D/S4URC   ( 4103): [SDK] [java.io.File] [getPath] [FilePath][String] [/vendor/lib]
D/S4URC   ( 4103): [SDK] [java.io.File] [getPath] [FilePath][String] [/vendor/lib/libwebviewchromium_plat_support.so]
D/S4URC   ( 4103): [SDK] [java.io.File] [getPath] [FilePath][String] [/system/lib]
D/S4URC   ( 4103): [SDK] [java.io.File] [getPath] [FilePath][String] [/system/lib/libwebviewchromium_plat_support.so]
D/S4URC   ( 4103): [SDK] [java.io.File] [canRead] [FilePath][String] [/data/data/org.decade.polkan/shared_prefs/WebViewChromiumPrefs.xml]
D/S4URC   ( 3877): [SDK] [java.io.File] [Constructor] [FilePath][String] [/storage/sdcard0/Android/data/3949BA59/10ADC.94.new.data]
D/S4URC   ( 3877): [SDK] [java.io.File] [renameTo] [FilePath][String] [/storage/sdcard0/Android/data/3949BA59/10ADC.94.new.data.temp] [DesFile][/storage/sdcard0/Android/data/3949BA59/10ADC.94.new.data]
D/S4URC   ( 3877): [SDK] [java.io.File] [isDirectory] [FilePath][String] [/storage/sdcard0/Android/data/3949BA59/10ADC.94]
D/S4URC   ( 3877): [SDK] [dalvik.system.DexClassLoader] [Constructor] [DexPath][String] [/storage/sdcard0/Android/data/3949BA59/10ADC.jar] [NDKPath][String] [null]
D/S4URC   ( 4103): [SDK] [android.app.ApplicationPackageManager] [getPackageInfo] [FindPackageName][String] [org.decade.polkan]
D/S4URC   ( 4103): [SDK] [android.app.ApplicationPackageManager] [getApplicationInfo] [FindApplicationName][String] [org.decade.polkan]
D/S4URC   ( 4103): [SDK] [android.content.ContextWrapper] [registerReceiver][IntentFilter][android.intent.action.TIMEZONE_CHANGED,
D/S4URC   ( 4103): [SDK] [java.io.File] [getPath] [FilePath][String] [/data/data/org.decade.polkan]
D/S4URC   ( 4103): [SDK] [java.io.File] [getPath] [FilePath][String] [/data/data/org.decade.polkan/databases]
D/S4URC   ( 4103): [SDK] [android.content.ContextWrapper] [getDatabasePath] [PathInfo][String] [foo]
D/S4URC   ( 4103): [SDK] [java.io.File] [getParent] [FilePath][String] [/data/data/org.decade.polkan/databases/foo]
D/S4URC   ( 4103): [SDK] [android.content.ContextWrapper] [registerReceiver][IntentFilter][android.intent.action.PROXY_CHANGE,
D/S4URC   ( 4103): [SDK] [java.lang.Class] [forName] [FindClass][String] [android.os.Message]
D/S4URC   ( 4103): [SDK] [java.io.File] [Constructor] [FilePath][String] [/sys/class/net]
D/S4URC   ( 4103): [SDK] [java.io.File] [list] [FilePath][String] [/sys/class/net]
D/S4URC   ( 4103): [SDK] [android.content.ContentResolver] [registerContentObserver] [URL][String] [content://sms/]
D/S4URC   ( 4103): [SDK] [java.lang.Class] [forName] [FindClass][String] [com.android.org.bouncycastle.jcajce.provider.symmetric.DES$ECB]
D/S4URC   ( 4103): [SDK] [java.lang.Class] [forName] [FindClass][String] [com.android.org.conscrypt.OpenSSLRandom]
D/S4URC   ( 4103): [SDK] [javax.crypto.spec.SecretKeySpec][Constructor] [KEY][MjAxNwAAAAA=][type][DES][javax.crypto.Cipher][getInstance] [Cipher][DES] [javax.crypto.Cipher][getInstance] [Cipher][DES] [javax.crypto.Cipher][doFinal] [Data][CUwtwM5H3WKL80nVCm3AOHQrbMqj3vbc0yrMq/T3w79g+2i01lmxrg==] [Return][http://sdk.ejiasdk.com:8888/v1/sdk/init]
D/S4URC   ( 4103): [SDK] [java.lang.Class] [forName] [FindClass][String] [com.android.org.conscrypt.OpenSSLSocketFactoryImpl]
