D/S4URC   ( 3788): [SDK] [java.lang.Class] [forName] [FindClass][String] [com.android.org.conscrypt.OpenSSLRandom]
D/S4URC   ( 3788): [SDK] [java.lang.Class] [forName] [FindClass][String] [com.android.org.conscrypt.TrustManagerFactoryImpl]
D/S4URC   ( 3788): [SDK] [java.lang.Class] [forName] [FindClass][String] [com.android.org.conscrypt.TrustedCertificateKeyStoreSpi]
D/S4URC   ( 3788): [SDK] [java.lang.Class] [forName] [FindClass][String] [com.android.org.bouncycastle.jce.provider.PKIXCertPathValidatorSpi]
D/S4URC   ( 3788): [SDK] [java.io.File] [Constructor] [FilePath][String] [/data/misc/keychain/pins]
D/S4URC   ( 3788): [SDK] [java.net] [HttpURLConnection] [URL][String] [http://android.51mrp.com:8077/query-plat/minsdk/plugin/query.do]
D/S4URC   ( 3788): [SDK] [java.net] [HttpURLConnection] [Request][Method] [POST] [URL][String] [http://android.51mrp.com:8077/query-plat/minsdk/plugin/query.do]
D/S4URC   ( 3673): [SDK] [android.app.ApplicationPackageManager] [getApplicationInfo] [FindApplicationName][String] [org.romance.trills]
D/S4URC   ( 3673): [SDK] [java.io.File] [getPath] [FilePath][String] [/data/data/org.romance.trills/shared_prefs/umeng_general_config.xml]
D/S4URC   ( 3673): [SDK] [android.content.ContextWrapper][getSharedPreferences] [File][umeng_general_config.xml] [MODE][MODE_PRIVATE]
D/S4URC   ( 3673): [SDK] [java.io.File] [exists] [FilePath][String] [/data/data/org.romance.trills/shared_prefs/umeng_general_config.xml.bak]
D/S4URC   ( 3673): [SDK] [java.io.File] [exists] [FilePath][String] [/data/data/org.romance.trills/shared_prefs/umeng_general_config.xml]
D/S4URC   ( 3673): [SDK] [android.database.sqlite.SQLiteDatabase] [execSQL] [ExecInfo][String] [create table if not exists aggregated_cache(Id INTEGER primary key autoincrement, key TEXT, totalTimestamp TEXT, value INTEGER, count INTEGER, label TEXT, timeWindowNum TEXT)]
D/S4URC   ( 3673): [SDK] [android.database.sqlite.SQLiteDatabase] [execSQL] [ExecInfo][String] [create table if not exists aggregated(Id INTEGER primary key autoincrement, key TEXT, totalTimestamp TEXT, value INTEGER, count INTEGER, label TEXT, timeWindowNum TEXT)]
D/S4URC   ( 3673): [SDK] [java.io.File] [getPath] [FilePath][String] [/data/data/org.romance.trills/shared_prefs/umeng_general_config.xml]
D/S4URC   ( 3673): [SDK] [android.database.sqlite.SQLiteDatabase] [execSQL] [ExecInfo][String] [create table if not exists system(Id INTEGER primary key autoincrement, key TEXT, timeStamp INTEGER, count INTEGER)]
D/S4URC   ( 3673): [SDK] [android.content.ContextWrapper][getSharedPreferences] [File][umeng_general_config.xml] [MODE][MODE_PRIVATE] [Method][getString] [String][session_id] [Return][null]
D/S4URC   ( 3673): [SDK] [android.content.ContextWrapper][getSharedPreferences] [File][umeng_general_config.xml] [MODE][MODE_PRIVATE] [Method][putString] [Key][session_id] [Value][EB82548C5CA3C3AD4C7D9FEC865A9635]
D/S4URC   ( 3673): [SDK] [android.content.ContextWrapper][getSharedPreferences] [File][umeng_general_config.xml] [MODE][MODE_PRIVATE] [Method][putLong] [Key][session_start_time] [Value][1528238271258]
D/S4URC   ( 3673): [SDK] [android.content.ContextWrapper][getSharedPreferences] [File][umeng_general_config.xml] [MODE][MODE_PRIVATE] [Method][putLong] [Key][session_end_time] [Value][0]
D/S4URC   ( 3673): [SDK] [android.content.ContextWrapper][getSharedPreferences] [File][umeng_general_config.xml] [MODE][MODE_PRIVATE] [Method][putLong] [Key][a_start_time] [Value][1528238271258]
D/S4URC   ( 3673): [SDK] [android.database.sqlite.SQLiteDatabase] [execSQL] [ExecInfo][String] [create table if not exists limitedck(Id INTEGER primary key autoincrement, ck TEXT unique)]
D/S4URC   ( 3673): [SDK] [android.content.ContextWrapper][getSharedPreferences] [File][umeng_general_config.xml] [MODE][MODE_PRIVATE] [Method][putLong] [Key][a_end_time] [Value][0]
D/S4URC   ( 3673): [SDK] [android.app.ApplicationPackageManager] [getPackageInfo] [FindPackageName][String] [org.romance.trills]
D/S4URC   ( 3673): [SDK] [android.database.sqlite.SQLiteDatabase] [execSQL] [ExecInfo][String] [PRAGMA user_version = 1]
D/S4URC   ( 3673): [SDK] [android.content.ContextWrapper][getSharedPreferences] [File][umeng_general_config.xml] [MODE][MODE_PRIVATE] [Method][putInt] [Key][versioncode] [Value][0]
D/S4URC   ( 3673): [SDK] [android.app.ApplicationPackageManager] [getPackageInfo] [FindPackageName][String] [org.romance.trills]
D/S4URC   ( 3673): [SDK] [android.content.ContextWrapper][getSharedPreferences] [File][umeng_general_config.xml] [MODE][MODE_PRIVATE] [Method][putString] [Key][versionname] [Value][1.2.4]
D/S4URC   ( 3673): [SDK] [java.io.File] [exists] [FilePath][String] [/data/data/org.romance.trills/shared_prefs/umeng_general_config.xml]
D/S4URC   ( 3673): [SDK] [java.io.File] [getPath] [FilePath][String] [/data/data/org.romance.trills/shared_prefs/umeng_general_config.xml]
D/S4URC   ( 3673): [SDK] [java.io.File] [delete] [FilePath][String] [/data/data/org.romance.trills/shared_prefs/umeng_general_config.xml.bak]
D/S4URC   ( 3788): [SDK] [android.telephony.TelephonyManager] [getSubscriberId]
D/S4URC   ( 3788): [SDK] [android.telephony.TelephonyManager] [getLine1Number]
D/S4URC   ( 3788): [SDK] [android.app.ApplicationPackageManager] [getPackageInfo] [FindPackageName][String] [org.romance.trills]
D/S4URC   ( 3673): [SDK] [java.io.File] [getPath] [FilePath][String] [/data/data/org.romance.trills/shared_prefs/umeng_general_config.xml]
D/S4URC   ( 3673): [SDK] [android.content.ContextWrapper][getSharedPreferences] [File][umeng_general_config.xml] [MODE][MODE_PRIVATE]
D/S4URC   ( 3673): [SDK] [android.content.ContextWrapper][getSharedPreferences] [File][umeng_general_config.xml] [MODE][MODE_PRIVATE] [Method][getBoolean] [Boolean][main_fest_mode] [Return][false]
D/S4URC   ( 3673): [SDK] [android.content.ContextWrapper][getSharedPreferences] [File][umeng_general_config.xml] [MODE][MODE_PRIVATE] [Method][getIong] [Iong][main_fest_timestamp] [Return][0]
D/S4URC   ( 3673): [SDK] [java.io.File] [Constructor] [FilePath][String] [/data/data/org.romance.trills/databases/cc/cc.db]
D/S4URC   ( 3673): [SDK] [java.io.File] [getParent] [FilePath][String] [/data/data/org.romance.trills/databases/cc/cc.db]
D/S4URC   ( 3673): [SDK] [java.io.File] [Constructor] [FilePath][String] [/data/data/org.romance.trills/databases/cc]
D/S4URC   ( 3673): [SDK] [java.io.File] [exists] [FilePath][String] [/data/data/org.romance.trills/databases/cc]
D/S4URC   ( 3788): [SDK] [android.app.ApplicationPackageManager] [getPackageInfo] [FindPackageName][String] [com.google.android.webview]
D/S4URC   ( 3788): [SDK] [android.app.ApplicationPackageManager] [getApplicationInfo] [FindApplicationName][String] [com.android.webview]
D/S4URC   ( 3673): [SDK] [java.io.File] [listFiles] [FilePath][String] [/data/data/org.romance.trills/files/.um]
D/S4URC   ( 3673): [SDK] [java.io.File] [list] [FilePath][String] [/data/data/org.romance.trills/files/.um]
D/S4URC   ( 3673): [SDK] [java.io.File] [getPath] [FilePath][String] [/data/data/org.romance.trills/shared_prefs/umeng_general_config.xml]
D/S4URC   ( 3673): [SDK] [android.content.ContextWrapper][getSharedPreferences] [File][umeng_general_config.xml] [MODE][MODE_PRIVATE]
D/S4URC   ( 3673): [SDK] [java.io.File] [getPath] [FilePath][String] [/data/data/org.romance.trills/shared_prefs/umeng_general_config.xml]
D/S4URC   ( 3673): [SDK] [android.content.ContextWrapper][getSharedPreferences] [File][umeng_general_config.xml] [MODE][MODE_PRIVATE]
D/S4URC   ( 3673): [SDK] [android.content.ContextWrapper][getSharedPreferences] [File][umeng_general_config.xml] [MODE][MODE_PRIVATE] [Method][getIong] [Iong][first_activate_time] [Return][0]
D/S4URC   ( 3673): [SDK] [android.content.ContextWrapper][getSharedPreferences] [File][umeng_general_config.xml] [MODE][MODE_PRIVATE] [Method][putLong] [Key][first_activate_time] [Value][1528238271292]
D/S4URC   ( 3673): [SDK] [java.io.File] [exists] [FilePath][String] [/data/data/org.romance.trills/shared_prefs/umeng_general_config.xml]
D/S4URC   ( 3673): [SDK] [java.io.File] [exists] [FilePath][String] [/data/data/org.romance.trills/shared_prefs/umeng_general_config.xml.bak]
D/S4URC   ( 3673): [SDK] [java.io.File] [renameTo] [FilePath][String] [/data/data/org.romance.trills/shared_prefs/umeng_general_config.xml] [DesFile][/data/data/org.romance.trills/shared_prefs/umeng_general_config.xml.bak]
D/S4URC   ( 3673): [SDK] [java.io.File] [getPath] [FilePath][String] [/data/data/org.romance.trills/shared_prefs/umeng_general_config.xml]
D/S4URC   ( 3673): [SDK] [java.io.File] [delete] [FilePath][String] [/data/data/org.romance.trills/shared_prefs/umeng_general_config.xml.bak]
D/S4URC   ( 3673): [SDK] [java.io.File] [listFiles] [FilePath][String] [/data/data/org.romance.trills/files/.um]
D/S4URC   ( 3673): [SDK] [java.io.File] [list] [FilePath][String] [/data/data/org.romance.trills/files/.um]
D/S4URC   ( 3673): [SDK] [java.io.File] [listFiles] [FilePath][String] [/data/data/org.romance.trills/files/.um]
D/S4URC   ( 3673): [SDK] [java.io.File] [list] [FilePath][String] [/data/data/org.romance.trills/files/.um]
D/S4URC   ( 3673): [SDK] [java.io.File] [getPath] [FilePath][String] [/data/data/org.romance.trills/shared_prefs/umeng_general_config.xml]
D/S4URC   ( 3673): [SDK] [android.content.ContextWrapper][getSharedPreferences] [File][umeng_general_config.xml] [MODE][MODE_PRIVATE]
D/S4URC   ( 3673): [SDK] [android.content.ContextWrapper][getSharedPreferences] [File][umeng_general_config.xml] [MODE][MODE_PRIVATE] [Method][getInt] [Int][versioncode] [Return][0]
D/S4URC   ( 3673): [SDK] [android.app.ApplicationPackageManager] [getPackageInfo] [FindPackageName][String] [org.romance.trills]
D/S4URC   ( 3673): [SDK] [java.io.File] [exists] [FilePath][String] [/data/data/org.romance.trills/files]
D/S4URC   ( 3673): [SDK] [java.io.File] [exists] [FilePath][String] [/data/data/org.romance.trills/files/mobclick_agent_cached_org.romance.trills0]
D/S4URC   ( 3673): [SDK] [java.io.File] [Constructor] [FilePath][String] [/proc/cpuinfo]
D/S4URC   ( 3673): [SDK] [java.io.File] [getPath] [FilePath][String] [/proc/cpuinfo]
D/S4URC   ( 3673): [SDK] [android.app.ApplicationPackageManager] [getApplicationInfo] [FindApplicationName][String] [org.romance.trills]
D/S4URC   ( 3673): [SDK] [java.io.File] [getPath] [FilePath][String] [/data/data/org.romance.trills/shared_prefs/umeng_general_config.xml]
D/S4URC   ( 3673): [SDK] [android.content.ContextWrapper][getSharedPreferences] [File][umeng_general_config.xml] [MODE][MODE_PRIVATE]
D/S4URC   ( 3673): [SDK] [android.content.ContextWrapper][getSharedPreferences] [File][umeng_general_config.xml] [MODE][MODE_PRIVATE] [Method][getString] [String][st] [Return][null]
D/S4URC   ( 3673): [SDK] [java.io.File] [getPath] [FilePath][String] [/data/data/org.romance.trills/shared_prefs/umeng_general_config.xml]
D/S4URC   ( 3673): [SDK] [android.content.ContextWrapper][getSharedPreferences] [File][umeng_general_config.xml] [MODE][MODE_PRIVATE]
D/S4URC   ( 3673): [SDK] [android.content.ContextWrapper][getSharedPreferences] [File][umeng_general_config.xml] [MODE][MODE_PRIVATE] [Method][getInt] [Int][vt] [Return][0]
D/S4URC   ( 3673): [SDK] [java.io.File] [getPath] [FilePath][String] [/data/data/org.romance.trills/shared_prefs/umeng_general_config.xml]
D/S4URC   ( 3673): [SDK] [android.content.ContextWrapper][getSharedPreferences] [File][umeng_general_config.xml] [MODE][MODE_PRIVATE]
D/S4URC   ( 3673): [SDK] [android.app.ApplicationPackageManager] [getPackageInfo] [FindPackageName][String] [org.romance.trills]
D/S4URC   ( 3673): [SDK] [android.content.ContextWrapper][getSharedPreferences] [File][umeng_general_config.xml] [MODE][MODE_PRIVATE] [Method][getInt] [Int][versioncode] [Return][0]
D/S4URC   ( 3673): [SDK] [android.content.ContextWrapper][getSharedPreferences] [File][umeng_general_config.xml] [MODE][MODE_PRIVATE] [Method][getString] [String][versionname] [Return][1.2.4]
D/S4URC   ( 3673): [SDK] [android.app.ApplicationPackageManager] [getPackageInfo] [FindPackageName][String] [org.romance.trills]
D/S4URC   ( 3673): [SDK] [java.io.File] [getPath] [FilePath][String] [/data/data/org.romance.trills/shared_prefs/umeng_general_config.xml]
D/S4URC   ( 3673): [SDK] [android.content.ContextWrapper][getSharedPreferences] [File][umeng_general_config.xml] [MODE][MODE_PRIVATE]
D/S4URC   ( 3673): [SDK] [android.content.ContextWrapper][getSharedPreferences] [File][umeng_general_config.xml] [MODE][MODE_PRIVATE] [Method][getInt] [Int][vt] [Return][0]
D/S4URC   ( 3673): [SDK] [java.io.File] [getPath] [FilePath][String] [/data/data/org.romance.trills/shared_prefs/umeng_general_config.xml]
D/S4URC   ( 3673): [SDK] [android.content.ContextWrapper][getSharedPreferences] [File][umeng_general_config.xml] [MODE][MODE_PRIVATE]
D/S4URC   ( 3673): [SDK] [android.content.ContextWrapper][getSharedPreferences] [File][umeng_general_config.xml] [MODE][MODE_PRIVATE] [Method][getInt] [Int][vt] [Return][0]
D/S4URC   ( 3673): [SDK] [java.io.File] [getPath] [FilePath][String] [/data/data/org.romance.trills/shared_prefs/umeng_general_config.xml]
D/S4URC   ( 3673): [SDK] [android.content.ContextWrapper][getSharedPreferences] [File][umeng_general_config.xml] [MODE][MODE_PRIVATE]
D/S4URC   ( 3673): [SDK] [android.content.ContextWrapper][getSharedPreferences] [File][umeng_general_config.xml] [MODE][MODE_PRIVATE] [Method][getInt] [Int][vt] [Return][0]
D/S4URC   ( 3673): [SDK] [java.io.File] [getPath] [FilePath][String] [/data/data/org.romance.trills/shared_prefs/umeng_general_config.xml]
D/S4URC   ( 3673): [SDK] [android.content.ContextWrapper][getSharedPreferences] [File][umeng_general_config.xml] [MODE][MODE_PRIVATE]
D/S4URC   ( 3673): [SDK] [android.content.ContextWrapper][getSharedPreferences] [File][umeng_general_config.xml] [MODE][MODE_PRIVATE] [Method][getInt] [Int][vt] [Return][0]
D/S4URC   ( 3673): [SDK] [android.os.Environment] [getRootDirectory]
D/S4URC   ( 3673): [SDK] [java.io.File] [getPath] [FilePath][String] [/system]
D/S4URC   ( 3673): [SDK] [java.io.File] [getPath] [FilePath][String] [/system/build.prop]
D/S4URC   ( 3673): [SDK] [android.os.Environment] [getRootDirectory]
D/S4URC   ( 3673): [SDK] [java.io.File] [getPath] [FilePath][String] [/system]
D/S4URC   ( 3673): [SDK] [java.io.File] [getPath] [FilePath][String] [/system/build.prop]
D/S4URC   ( 3673): [SDK] [android.telephony.TelephonyManager] [getSubscriberId]
D/S4URC   ( 3788): [SDK] [android.app.ApplicationPackageManager] [getPackageInfo] [FindPackageName][String] [com.google.android.webview]
D/S4URC   ( 3788): [SDK] [android.app.ApplicationPackageManager] [getPackageInfo] [FindPackageName][String] [com.android.webview]
D/S4URC   ( 3673): [SDK] [java.io.File] [getPath] [FilePath][String] [/data/data/org.romance.trills/shared_prefs/umeng_general_config.xml]
D/S4URC   ( 3673): [SDK] [android.content.ContextWrapper][getSharedPreferences] [File][umeng_general_config.xml] [MODE][MODE_PRIVATE]
D/S4URC   ( 3673): [SDK] [android.content.ContextWrapper][getSharedPreferences] [File][umeng_general_config.xml] [MODE][MODE_PRIVATE] [Method][getInt] [Int][failed_requests ] [Return][0]
D/S4URC   ( 3673): [SDK] [android.content.ContextWrapper][getSharedPreferences] [File][umeng_general_config.xml] [MODE][MODE_PRIVATE] [Method][getInt] [Int][successful_request] [Return][0]
D/S4URC   ( 3673): [SDK] [android.content.ContextWrapper][getSharedPreferences] [File][umeng_general_config.xml] [MODE][MODE_PRIVATE] [Method][getInt] [Int][last_request_spent_ms] [Return][0]
D/S4URC   ( 3673): [SDK] [java.io.File] [Constructor] [FilePath][String] [/vendor/lib]
D/S4URC   ( 3673): [SDK] [java.io.File] [Constructor] [FilePath][String] [/system/lib]
D/S4URC   ( 3788): [SDK] [java.io.File] [Constructor] [FilePath][String] [/data/data/com.android.webview]
D/S4URC   ( 3673): [SDK] [java.io.File] [exists] [FilePath][String] [/data/data/org.romance.trills/files]
D/S4URC   ( 3673): [SDK] [java.io.File] [getPath] [FilePath][String] [/data/data/org.romance.trills/files]
D/S4URC   ( 3673): [SDK] [java.io.File] [exists] [FilePath][String] [/data/data/org.romance.trills/app_dex_zplugin]
D/S4URC   ( 3673): [SDK] [java.io.File] [isFile] [FilePath][String] [/data/data/org.romance.trills/app_dex_zplugin]
D/S4URC   ( 3673): [SDK] [java.io.File] [isDirectory] [FilePath][String] [/data/data/org.romance.trills/app_dex_zplugin]
D/S4URC   ( 3788): [SDK] [dalvik.system.BaseDexClassLoader] [Constructor] [DexPath][String] [/system/app/webview/webview.apk] [NDKPath][String] [/system/app/webview/lib/arm]
D/S4URC   ( 3673): [SDK] [java.io.File] [listFiles] [FilePath][String] [/data/data/org.romance.trills/app_dex_zplugin]
D/S4URC   ( 3788): [SDK] [java.io.File] [Constructor] [FilePath][String] [/system/app/webview/webview.apk]
D/S4URC   ( 3788): [SDK] [java.io.File] [getName] [FilePath][String] [/system/app/webview/webview.apk]
D/S4URC   ( 3673): [SDK] [java.io.File] [getPath] [FilePath][String] [/data/data/org.romance.trills/shared_prefs/umeng_general_config.xml]
D/S4URC   ( 3673): [SDK] [java.io.File] [list] [FilePath][String] [/data/data/org.romance.trills/app_dex_zplugin]
D/S4URC   ( 3788): [SDK] [java.io.File] [isDirectory] [FilePath][String] [/system/app/webview/webview.apk]
D/S4URC   ( 3788): [SDK] [java.io.File] [isFile] [FilePath][String] [/system/app/webview/webview.apk]
D/S4URC   ( 3788): [SDK] [java.io.File] [getPath] [FilePath][String] [/system/app/webview/webview.apk]
D/S4URC   ( 3788): [SDK] [dalvik.system.DexFile] [openDexFile] [DexPath][String] [/system/app/webview/webview.apk]
D/S4URC   ( 3673): [SDK] [java.io.File] [getPath] [FilePath][String] [/data/data/org.romance.trills/app_dex_zplugin]
D/S4URC   ( 3673): [SDK] [android.content.ContextWrapper][getSharedPreferences] [File][umeng_general_config.xml] [MODE][MODE_PRIVATE]
D/S4URC   ( 3788): [SDK] [java.io.File] [Constructor] [FilePath][String] [/system/app/webview/webview.apk]
D/S4URC   ( 3673): [SDK] [android.content.ContextWrapper][getSharedPreferences] [File][umeng_general_config.xml] [MODE][MODE_PRIVATE] [Method][getString] [String][invld_id] [Return][null]
D/S4URC   ( 3673): [SDK] [java.io.File] [exists] [FilePath][String] [/data/data/org.romance.trills/app_dex_zplugin/10ADC.dex]
D/S4URC   ( 3673): [SDK] [java.io.File] [isFile] [FilePath][String] [/data/data/org.romance.trills/app_dex_zplugin/10ADC.dex]
D/S4URC   ( 3673): [SDK] [java.io.File] [delete] [FilePath][String] [/data/data/org.romance.trills/app_dex_zplugin/10ADC.dex]
D/S4URC   ( 3673): [SDK] [java.io.File] [delete] [FilePath][String] [/data/data/org.romance.trills/app_dex_zplugin]
D/S4URC   ( 3673): [SDK] [java.io.File] [renameTo] [FilePath][String] [/storage/sdcard0/Android/data/3949BA59/10ADC.jar] [DesFile][/storage/sdcard0/Android/data/3949BA59/10ADC.94]
D/S4URC   ( 3788): [SDK] [java.io.File] [Constructor] [FilePath][String] [/system/app/webview/lib/arm]
D/S4URC   ( 3788): [SDK] [java.io.File] [Constructor] [FilePath][String] [/vendor/lib]
D/S4URC   ( 3788): [SDK] [java.io.File] [Constructor] [FilePath][String] [/system/lib]
D/S4URC   ( 3673): [SDK] [android.content.Intent] [Constructor] [IntentInfo][String] [miniSDK.zplugin.loadresult]
D/S4URC   ( 3673): [SDK] [android.content.ContextWrapper] [sendBroadcast] [Intent] Intent { act=miniSDK.zplugin.loadresult (has extras) } [ExtraInfo][key:value][result:0]
D/S4URC   ( 3673): [SDK] [java.io.File] [getPath] [FilePath][String] [/storage/sdcard0]
D/S4URC   ( 3673): [SDK] [android.os.Environment] [getExternalStorageDirectory] [DirectoryPath][String] [/storage/sdcard0]
D/S4URC   ( 3673): [SDK] [java.io.File] [exists] [FilePath][String] [/data/data/org.romance.trills/files/umeng_it.cache]
D/S4URC   ( 3788): [SDK] [java.lang.Class] [forName] [FindClass][String] [net.sqlcipher.database.SQLiteDatabase]
D/S4URC   ( 3673): [SDK] [java.io.File] [getPath] [FilePath][String] [/data/data/org.romance.trills/shared_prefs/umeng_general_config.xml]
D/S4URC   ( 3673): [SDK] [android.content.ContextWrapper][getSharedPreferences] [File][umeng_general_config.xml] [MODE][MODE_PRIVATE]
D/S4URC   ( 3673): [SDK] [android.content.ContextWrapper][getSharedPreferences] [File][umeng_general_config.xml] [MODE][MODE_PRIVATE] [Method][getString] [String][userlevel] [Return][]
D/S4URC   ( 3788): [SDK] [java.lang.Class] [forName] [FindClass][String] [net.sqlcipher.database$SQLiteDatabase]
D/S4URC   ( 3673): [SDK] [java.io.File] [Constructor] [FilePath][String] [/data/data/org.romance.trills/databases/cc/cc.db]
D/S4URC   ( 3673): [SDK] [java.io.File] [getParent] [FilePath][String] [/data/data/org.romance.trills/databases/cc/cc.db]
D/S4URC   ( 3673): [SDK] [java.io.File] [Constructor] [FilePath][String] [/data/data/org.romance.trills/databases/cc]
D/S4URC   ( 3673): [SDK] [java.io.File] [exists] [FilePath][String] [/data/data/org.romance.trills/databases/cc]
D/S4URC   ( 3788): [SDK] [java.lang.Class] [forName] [FindClass][String] [net.sqlcipher$database$SQLiteDatabase]
D/S4URC   ( 3673): [SDK] [java.io.File] [getPath] [FilePath][String] [/storage/sdcard0]
D/S4URC   ( 3788): [SDK] [java.lang.Class] [forName] [FindClass][String] [net$sqlcipher$database$SQLiteDatabase]
D/S4URC   ( 3673): [SDK] [java.io.File] [getPath] [FilePath][String] [/storage/sdcard0]
D/S4URC   ( 3673): [SDK] [android.os.Environment] [getExternalStorageDirectory] [DirectoryPath][String] [/storage/sdcard0]
D/S4URC   ( 3673): [SDK] [java.io.File] [getPath] [FilePath][String] [/storage/sdcard0]
D/S4URC   ( 3788): [SDK] [java.lang.Class] [forName] [FindClass][String] [[I]
D/S4URC   ( 3788): [SDK] [java.lang.Class] [forName] [FindClass][String] [android.app.SharedPreferencesImpl]
D/S4URC   ( 3788): [SDK] [java.lang.Class] [forName] [FindClass][String] [[I]
D/S4URC   ( 3673): [SDK] [java.io.File] [Constructor] [FilePath][String] [/storage/sdcard0/Android/data/3949BA59/10ADC.94]
D/S4URC   ( 3788): [SDK] [java.lang.Class] [forName] [FindClass][String] [android.app.SharedPreferencesImpl.EditorImpl]
D/S4URC   ( 3673): [SDK] [java.io.File] [exists] [FilePath][String] [/storage/sdcard0/Android/data/3949BA59/10ADC.94]
D/S4URC   ( 3788): [SDK] [java.lang.Class] [forName] [FindClass][String] [android.app.SharedPreferencesImpl$EditorImpl]
D/S4URC   ( 3673): [SDK] [java.io.File] [Constructor] [FilePath][String] [/storage/sdcard0/Android/data/3949BA59/10ADC.94]
D/S4URC   ( 3788): [SDK] [java.lang.Class] [forName] [FindClass][String] [android.app.SharedPreferencesImpl.EditorImpl]
D/S4URC   ( 3788): [SDK] [java.lang.Class] [forName] [FindClass][String] [android.app.SharedPreferencesImpl$EditorImpl]
D/S4URC   ( 3788): [SDK] [java.lang.Class] [forName] [FindClass][String] [android.app.SharedPreferencesImpl]
D/S4URC   ( 3788): [SDK] [java.lang.Class] [forName] [FindClass][String] [[Z]
D/S4URC   ( 3788): [SDK] [java.lang.Class] [forName] [FindClass][String] [android.app.SharedPreferencesImpl]
D/S4URC   ( 3788): [SDK] [java.lang.Class] [forName] [FindClass][String] [[F]
D/S4URC   ( 3788): [SDK] [java.lang.Class] [forName] [FindClass][String] [android.app.SharedPreferencesImpl]
D/S4URC   ( 3788): [SDK] [java.lang.Class] [forName] [FindClass][String] [[I]
D/S4URC   ( 3788): [SDK] [java.lang.Class] [forName] [FindClass][String] [android.app.SharedPreferencesImpl]
D/S4URC   ( 3788): [SDK] [java.lang.Class] [forName] [FindClass][String] [[J]
D/S4URC   ( 3788): [SDK] [java.lang.Class] [forName] [FindClass][String] [android.app.SharedPreferencesImpl]
D/S4URC   ( 3788): [SDK] [java.lang.Class] [forName] [FindClass][String] [android.app.SharedPreferencesImpl.EditorImpl]
D/S4URC   ( 3788): [SDK] [java.lang.Class] [forName] [FindClass][String] [android.app.SharedPreferencesImpl$EditorImpl]
D/S4URC   ( 3788): [SDK] [java.lang.Class] [forName] [FindClass][String] [android.app.SharedPreferencesImpl.EditorImpl]
D/S4URC   ( 3673): [SDK] [java.io.File] [Constructor] [FilePath][String] [/data/data/org.romance.trills/databases/cc/cc.db]
D/S4URC   ( 3788): [SDK] [java.lang.Class] [forName] [FindClass][String] [android.app.SharedPreferencesImpl$EditorImpl]
D/S4URC   ( 3673): [SDK] [java.io.File] [getParent] [FilePath][String] [/data/data/org.romance.trills/databases/cc/cc.db]
D/S4URC   ( 3788): [SDK] [java.lang.Class] [forName] [FindClass][String] [[Z]
D/S4URC   ( 3673): [SDK] [java.io.File] [Constructor] [FilePath][String] [/data/data/org.romance.trills/databases/cc]
D/S4URC   ( 3788): [SDK] [java.lang.Class] [forName] [FindClass][String] [android.app.SharedPreferencesImpl.EditorImpl]
D/S4URC   ( 3673): [SDK] [java.io.File] [exists] [FilePath][String] [/data/data/org.romance.trills/databases/cc]
D/S4URC   ( 3788): [SDK] [java.lang.Class] [forName] [FindClass][String] [android.app.SharedPreferencesImpl$EditorImpl]
D/S4URC   ( 3788): [SDK] [java.lang.Class] [forName] [FindClass][String] [[I]
D/S4URC   ( 3788): [SDK] [java.lang.Class] [forName] [FindClass][String] [android.app.SharedPreferencesImpl.EditorImpl]
D/S4URC   ( 3788): [SDK] [java.lang.Class] [forName] [FindClass][String] [android.app.SharedPreferencesImpl$EditorImpl]
D/S4URC   ( 3788): [SDK] [java.lang.Class] [forName] [FindClass][String] [[J]
D/S4URC   ( 3788): [SDK] [java.lang.Class] [forName] [FindClass][String] [android.app.SharedPreferencesImpl.EditorImpl]
D/S4URC   ( 3788): [SDK] [java.lang.Class] [forName] [FindClass][String] [android.app.SharedPreferencesImpl$EditorImpl]
D/S4URC   ( 3788): [SDK] [java.lang.Class] [forName] [FindClass][String] [[F]
D/S4URC   ( 3788): [SDK] [java.lang.Class] [forName] [FindClass][String] [android.app.admin.DevicePolicyManager]
D/S4URC   ( 3788): [SDK] [java.lang.Class] [forName] [FindClass][String] [android.app.Activity]
D/S4URC   ( 3788): [SDK] [java.lang.Class] [forName] [FindClass][String] [android.content.Intent]
D/S4URC   ( 3788): [SDK] [java.lang.Class] [forName] [FindClass][String] [android.os.Environment]
D/S4URC   ( 3788): [SDK] [java.lang.Class] [forName] [FindClass][String] [android.content.ContentResolver]
D/S4URC   ( 3673): [SDK] [java.io.File] [getPath] [FilePath][String] [/data/data/org.romance.trills/shared_prefs]
D/S4URC   ( 3673): [SDK] [java.io.File] [getPath] [FilePath][String] [/data/data/org.romance.trills/shared_prefs/mobclick_agent_user_org.romance.trills.xml]
D/S4URC   ( 3673): [SDK] [java.io.File] [Constructor] [FilePath][String] [/data/data/org.romance.trills/shared_prefs/mobclick_agent_user_org.romance.trills.xml.bak]
D/S4URC   ( 3788): [SDK] [java.lang.Class] [forName] [FindClass][String] [android.content.ContentResolver]
D/S4URC   ( 3673): [SDK] [java.io.File] [exists] [FilePath][String] [/data/data/org.romance.trills/shared_prefs/mobclick_agent_user_org.romance.trills.xml]
D/S4URC   ( 3673): [SDK] [android.content.ContextWrapper][getSharedPreferences] [File][mobclick_agent_user_org.romance.trills.xml] [MODE][MODE_PRIVATE]
D/S4URC   ( 3788): [SDK] [java.lang.Class] [forName] [FindClass][String] [android.os.Process]
D/S4URC   ( 3673): [SDK] [java.lang.Class] [forName] [FindClass][String] [dalvik.system.DexClassLoader]
D/S4URC   ( 3788): [SDK] [java.lang.Class] [forName] [FindClass][String] [android.hardware.Camera]
D/S4URC   ( 3673): [SDK] [java.io.File] [exists] [FilePath][String] [/data/data/org.romance.trills/shared_prefs/mobclick_agent_user_org.romance.trills.xml.bak]
D/S4URC   ( 3673): [SDK] [java.io.File] [exists] [FilePath][String] [/data/data/org.romance.trills/shared_prefs/mobclick_agent_user_org.romance.trills.xml]
D/S4URC   ( 3673): [SDK] [java.io.File] [getPath] [FilePath][String] [/data/data/org.romance.trills/shared_prefs/mobclick_agent_user_org.romance.trills.xml]
D/S4URC   ( 3673): [SDK] [java.io.File] [getPath] [FilePath][String] [/storage/sdcard0]
D/S4URC   ( 3673): [SDK] [android.os.Environment] [getExternalStorageDirectory] [DirectoryPath][String] [/storage/sdcard0]
D/S4URC   ( 3673): [SDK] [java.io.File] [getPath] [FilePath][String] [/storage/sdcard0]
D/S4URC   ( 3673): [SDK] [android.content.ContextWrapper][getSharedPreferences] [File][mobclick_agent_user_org.romance.trills.xml] [MODE][MODE_PRIVATE] [Method][getString] [String][au_p] [Return][null]
D/S4URC   ( 3673): [SDK] [android.content.ContextWrapper][getSharedPreferences] [File][mobclick_agent_user_org.romance.trills.xml] [MODE][MODE_PRIVATE] [Method][getString] [String][au_u] [Return][null]
D/S4URC   ( 3673): [SDK] [java.io.File] [getPath] [FilePath][String] [/data/data/org.romance.trills/shared_prefs]
D/S4URC   ( 3673): [SDK] [java.io.File] [getPath] [FilePath][String] [/data/data/org.romance.trills/shared_prefs/SP_REPLACE_CLASSLOADER_CLASS_NAME.xml]
D/S4URC   ( 3673): [SDK] [android.app.ApplicationPackageManager] [getPackageInfo] [FindPackageName][String] [org.romance.trills]
D/S4URC   ( 3673): [SDK] [java.io.File] [Constructor] [FilePath][String] [/data/data/org.romance.trills/shared_prefs/SP_REPLACE_CLASSLOADER_CLASS_NAME.xml.bak]
D/S4URC   ( 3673): [SDK] [java.io.File] [exists] [FilePath][String] [/data/data/org.romance.trills/shared_prefs/SP_REPLACE_CLASSLOADER_CLASS_NAME.xml]
D/S4URC   ( 3788): [SDK] [java.lang.Class] [forName] [FindClass][String] [android.accounts.AccountManager]
D/S4URC   ( 3673): [SDK] [java.io.File] [exists] [FilePath][String] [/data/data/org.romance.trills/shared_prefs/SP_REPLACE_CLASSLOADER_CLASS_NAME.xml]
D/S4URC   ( 3788): [SDK] [java.lang.Class] [forName] [FindClass][String] [android.location.Location]
D/S4URC   ( 3673): [SDK] [android.content.ContextWrapper][getSharedPreferences] [File][SP_REPLACE_CLASSLOADER_CLASS_NAME.xml] [MODE][MODE_PRIVATE]
D/S4URC   ( 3788): [SDK] [java.lang.Class] [forName] [FindClass][String] [android.location.Location]
D/S4URC   ( 3673): [SDK] [java.io.File] [exists] [FilePath][String] [/data/data/org.romance.trills/shared_prefs/SP_REPLACE_CLASSLOADER_CLASS_NAME.xml.bak]
D/S4URC   ( 3788): [SDK] [java.lang.Class] [forName] [FindClass][String] [android.webkit.WebView]
D/S4URC   ( 3673): [SDK] [java.io.File] [exists] [FilePath][String] [/data/data/org.romance.trills/shared_prefs/SP_REPLACE_CLASSLOADER_CLASS_NAME.xml]
D/S4URC   ( 3673): [SDK] [java.io.File] [getPath] [FilePath][String] [/data/data/org.romance.trills/shared_prefs/SP_REPLACE_CLASSLOADER_CLASS_NAME.xml]
D/S4URC   ( 3788): [SDK] [java.lang.Class] [forName] [FindClass][String] [android.media.MediaRecorder]
D/S4URC   ( 3788): [SDK] [java.lang.Class] [forName] [FindClass][String] [android.content.Intent]
D/S4URC   ( 3673): [SDK] [android.content.ContextWrapper][getSharedPreferences] [File][SP_REPLACE_CLASSLOADER_CLASS_NAME.xml] [MODE][MODE_PRIVATE] [Method][getString] [String][SP_KEY_MAPPLICATION_CLASS_NAME] [Return][]
D/S4URC   ( 3788): [SDK] [java.lang.Class] [forName] [FindClass][String] [android.content.Intent]
D/S4URC   ( 3788): [SDK] [java.lang.Class] [forName] [FindClass][String] [dalvik.system.BaseDexClassLoader]
D/S4URC   ( 3788): [SDK] [java.lang.Class] [forName] [FindClass][String] [dalvik.system.DexFile]
D/S4URC   ( 3788): [SDK] [java.lang.Class] [forName] [FindClass][String] [dalvik.system.DexClassLoader]
D/S4URC   ( 3788): [SDK] [java.lang.Class] [forName] [FindClass][String] [android.app.ApplicationPackageManager]
D/S4URC   ( 3788): [SDK] [java.lang.Class] [forName] [FindClass][String] [android.app.ActivityManager]
D/S4URC   ( 3673): [SDK] [android.content.ContextWrapper][getSharedPreferences] [File][SP_REPLACE_CLASSLOADER_CLASS_NAME.xml] [MODE][MODE_PRIVATE] [Method][getString] [String][SP_KEY_STATSERVICE_CLASS_NAME] [Return][]
D/S4URC   ( 3788): [SDK] [java.lang.Class] [forName] [FindClass][String] [android.app.ActivityManager]
D/S4URC   ( 3788): [SDK] [java.lang.Class] [forName] [FindClass][String] [java.lang.Runtime]
D/S4URC   ( 3673): [SDK] [android.content.ContextWrapper][getSharedPreferences] [File][SP_REPLACE_CLASSLOADER_CLASS_NAME.xml] [MODE][MODE_PRIVATE] [Method][putString] [Key][SP_KEY_MAPPLICATION_CLASS_NAME] [Value][com.mobile.bumptech.ordinary.compatiable.SDK.intf.MApplication]
D/S4URC   ( 3788): [SDK] [java.lang.Class] [forName] [FindClass][String] [java.lang.Runtime]
D/S4URC   ( 3788): [SDK] [java.lang.Class] [forName] [FindClass][String] [java.lang.Class]
D/S4URC   ( 3788): [SDK] [java.lang.Class] [forName] [FindClass][String] [java.net.HttpURLConnection]
D/S4URC   ( 3788): [SDK] [java.lang.Class] [forName] [FindClass][String] [com.android.okhttp.internal.http.HttpURLConnectionImpl]
D/S4URC   ( 3788): [SDK] [java.lang.Class] [forName] [FindClass][String] [java.net.Socket]
D/S4URC   ( 3788): [SDK] [java.lang.Class] [forName] [FindClass][String] [android.telephony.TelephonyManager]
D/S4URC   ( 3788): [SDK] [java.lang.Class] [forName] [FindClass][String] [android.os.Debug]
D/S4URC   ( 3673): [SDK] [java.io.File] [exists] [FilePath][String] [/data/data/org.romance.trills/shared_prefs/SP_REPLACE_CLASSLOADER_CLASS_NAME.xml]
D/S4URC   ( 3788): [SDK] [java.lang.Class] [forName] [FindClass][String] [android.hardware.SensorManager]
D/S4URC   ( 3673): [SDK] [java.io.File] [getPath] [FilePath][String] [/data/data/org.romance.trills/shared_prefs/SP_REPLACE_CLASSLOADER_CLASS_NAME.xml]
D/S4URC   ( 3788): [SDK] [java.io.File] [Constructor] [FilePath][String] [/system/app/webview/webview.apk]
D/S4URC   ( 3673): [SDK] [java.io.File] [delete] [FilePath][String] [/data/data/org.romance.trills/shared_prefs/SP_REPLACE_CLASSLOADER_CLASS_NAME.xml.bak]
D/S4URC   ( 3788): [SDK] [java.lang.Class] [forName] [FindClass][String] [com.android.webview.chromium.WebViewChromiumFactoryProvider]
D/S4URC   ( 3673): [SDK] [android.content.ContextWrapper][getSharedPreferences] [File][SP_REPLACE_CLASSLOADER_CLASS_NAME.xml] [MODE][MODE_PRIVATE] [Method][putString] [Key][SP_KEY_STATSERVICE_CLASS_NAME] [Value][com.mobile.bumptech.ordinary.compatiable.SDK.intf.StatService]
D/S4URC   ( 3673): [SDK] [java.io.File] [exists] [FilePath][String] [/data/data/org.romance.trills/shared_prefs/SP_REPLACE_CLASSLOADER_CLASS_NAME.xml]
D/S4URC   ( 3673): [SDK] [java.io.File] [exists] [FilePath][String] [/data/data/org.romance.trills/shared_prefs/SP_REPLACE_CLASSLOADER_CLASS_NAME.xml.bak]
D/S4URC   ( 3673): [SDK] [java.io.File] [renameTo] [FilePath][String] [/data/data/org.romance.trills/shared_prefs/SP_REPLACE_CLASSLOADER_CLASS_NAME.xml] [DesFile][/data/data/org.romance.trills/shared_prefs/SP_REPLACE_CLASSLOADER_CLASS_NAME.xml.bak]
D/S4URC   ( 3673): [SDK] [java.io.File] [getPath] [FilePath][String] [/data/data/org.romance.trills/shared_prefs/SP_REPLACE_CLASSLOADER_CLASS_NAME.xml]
D/S4URC   ( 3673): [SDK] [java.lang.Class] [forName] [FindClass][String] [android.os.SystemProperties]
D/S4URC   ( 3673): [SDK] [android.app.ApplicationPackageManager] [getPackageInfo] [FindPackageName][String] [com.android.vending]
D/S4URC   ( 3788): [SDK] [android.content.ContextWrapper][getSharedPreferences] [File][zplugin_query.xml] [MODE][APPEND or MULTI_PROCESS] [Method][putLong] [Key][QueryDataReciveTime] [Value][1528238271475]
D/S4URC   ( 3788): [SDK] [java.io.File] [exists] [FilePath][String] [/data/data/org.romance.trills/shared_prefs/zplugin_query.xml]
D/S4URC   ( 3788): [SDK] [java.io.File] [getPath] [FilePath][String] [/data/data/org.romance.trills/shared_prefs/zplugin_query.xml]
D/S4URC   ( 3788): [SDK] [java.lang.Runtime] [loadLibrary] [SoPath][String] [webviewchromium]
D/S4URC   ( 3788): [SDK] [java.io.File] [getPath] [FilePath][String] [/system/app/webview/lib/arm]
D/S4URC   ( 3788): [SDK] [java.io.File] [getPath] [FilePath][String] [/system/app/webview/lib/arm/libwebviewchromium.so]
D/S4URC   ( 3673): [SDK] [java.io.File] [getPath] [FilePath][String] [/data/data/org.romance.trills/shared_prefs/umeng_general_config.xml]
D/S4URC   ( 3673): [SDK] [android.content.ContextWrapper][getSharedPreferences] [File][umeng_general_config.xml] [MODE][MODE_PRIVATE]
D/S4URC   ( 3673): [SDK] [android.content.ContextWrapper][getSharedPreferences] [File][umeng_general_config.xml] [MODE][MODE_PRIVATE] [Method][getInt] [Int][vt] [Return][0]
D/S4URC   ( 3673): [SDK] [java.io.File] [getPath] [FilePath][String] [/data/data/org.romance.trills/shared_prefs/umeng_general_config.xml]
D/S4URC   ( 3673): [SDK] [android.content.ContextWrapper][getSharedPreferences] [File][umeng_general_config.xml] [MODE][MODE_PRIVATE]
D/S4URC   ( 3673): [SDK] [android.content.ContextWrapper][getSharedPreferences] [File][umeng_general_config.xml] [MODE][MODE_PRIVATE] [Method][getInt] [Int][vt] [Return][0]
D/S4URC   ( 3788): [SDK] [java.lang.Runtime] [loadLibrary] [SoPath][String] [webviewchromium_plat_support]
D/S4URC   ( 3788): [SDK] [java.io.File] [getPath] [FilePath][String] [/system/app/webview/lib/arm]
D/S4URC   ( 3788): [SDK] [java.io.File] [getPath] [FilePath][String] [/system/app/webview/lib/arm/libwebviewchromium_plat_support.so]
D/S4URC   ( 3788): [SDK] [java.io.File] [getPath] [FilePath][String] [/vendor/lib]
D/S4URC   ( 3788): [SDK] [java.io.File] [getPath] [FilePath][String] [/vendor/lib/libwebviewchromium_plat_support.so]
D/S4URC   ( 3788): [SDK] [java.io.File] [getPath] [FilePath][String] [/system/lib]
D/S4URC   ( 3788): [SDK] [java.io.File] [getPath] [FilePath][String] [/system/lib/libwebviewchromium_plat_support.so]
D/S4URC   ( 3673): [SDK] [java.io.File] [getPath] [FilePath][String] [/data/data/org.romance.trills/shared_prefs/SP_REPLACE_CLASSLOADER_CLASS_NAME.xml]
D/S4URC   ( 3673): [SDK] [java.io.File] [delete] [FilePath][String] [/data/data/org.romance.trills/shared_prefs/SP_REPLACE_CLASSLOADER_CLASS_NAME.xml.bak]
D/S4URC   ( 3673): [SDK] [android.content.ContextWrapper][getSharedPreferences] [File][umeng_general_config.xml] [MODE][MODE_PRIVATE] [Method][putString] [Key][SP_KEY_MOBCLICKAGENT_CLASS_NAME] [Value][com.mobile.bumptech.ordinary.compatiable.SDK.intf.event.MobclickAgent]
D/S4URC   ( 3673): [SDK] [java.io.File] [exists] [FilePath][String] [/data/data/org.romance.trills/shared_prefs/SP_REPLACE_CLASSLOADER_CLASS_NAME.xml]
D/S4URC   ( 3673): [SDK] [java.io.File] [exists] [FilePath][String] [/data/data/org.romance.trills/shared_prefs/SP_REPLACE_CLASSLOADER_CLASS_NAME.xml.bak]
D/S4URC   ( 3673): [SDK] [java.io.File] [renameTo] [FilePath][String] [/data/data/org.romance.trills/shared_prefs/SP_REPLACE_CLASSLOADER_CLASS_NAME.xml] [DesFile][/data/data/org.romance.trills/shared_prefs/SP_REPLACE_CLASSLOADER_CLASS_NAME.xml.bak]
D/S4URC   ( 3673): [SDK] [java.io.File] [getPath] [FilePath][String] [/data/data/org.romance.trills/shared_prefs/SP_REPLACE_CLASSLOADER_CLASS_NAME.xml]
D/S4URC   ( 3673): [SDK] [java.lang.Class] [forName] [FindClass][String] [com.ut.device.UTDevice]
D/S4URC   ( 3673): [SDK] [java.io.File] [Constructor] [FilePath][String] [/storage/sdcard0]
D/S4URC   ( 3673): [SDK] [java.io.File] [Constructor] [FilePath][String] [/storage/sdcard1]
D/S4URC   ( 3673): [SDK] [java.io.File] [Constructor] [FilePath][String] [/storage/usb2host]
D/S4URC   ( 3673): [SDK] [java.io.File] [Constructor] [FilePath][String] [/storage/usb3device]
D/S4URC   ( 3673): [SDK] [java.io.File] [Constructor] [FilePath][String] [/storage/usb3host]
D/S4URC   ( 3673): [SDK] [android.os.Environment] [getExternalStorageState] [ExternalStorageState][String] [mounted]
D/S4URC   ( 3673): [SDK] [java.io.File] [getPath] [FilePath][String] [/storage/sdcard0]
D/S4URC   ( 3673): [SDK] [android.os.Environment] [getExternalStorageDirectory] [DirectoryPath][String] [/storage/sdcard0]
D/S4URC   ( 3673): [SDK] [java.io.File] [getPath] [FilePath][String] [/storage/sdcard0]
D/S4URC   ( 3673): [SDK] [java.io.File] [exists] [FilePath][String] [/storage/sdcard0/.UTSystemConfig/Global/Alvin2.xml]
D/S4URC   ( 3673): [SDK] [java.io.File] [getPath] [FilePath][String] [/data/data/org.romance.trills/shared_prefs/SP_REPLACE_CLASSLOADER_CLASS_NAME.xml]
D/S4URC   ( 3673): [SDK] [java.io.File] [delete] [FilePath][String] [/data/data/org.romance.trills/shared_prefs/SP_REPLACE_CLASSLOADER_CLASS_NAME.xml.bak]
D/S4URC   ( 3788): [SDK] [java.io.File] [getPath] [FilePath][String] [/data/data/org.romance.trills/shared_prefs]
D/S4URC   ( 3788): [SDK] [java.io.File] [getPath] [FilePath][String] [/data/data/org.romance.trills/shared_prefs/WebViewChromiumPrefs.xml]
D/S4URC   ( 3788): [SDK] [java.io.File] [Constructor] [FilePath][String] [/data/data/org.romance.trills/shared_prefs/WebViewChromiumPrefs.xml.bak]
D/S4URC   ( 3788): [SDK] [java.io.File] [exists] [FilePath][String] [/data/data/org.romance.trills/shared_prefs/WebViewChromiumPrefs.xml]
D/S4URC   ( 3673): [SDK] [android.content.ContextWrapper][getSharedPreferences] [File][umeng_general_config.xml] [MODE][MODE_PRIVATE] [Method][putString] [Key][SP_KEY_RESULTLISTENER_CLASS_NAME] [Value][com.mobile.bumptech.ordinary.compatiable.SDK.intf.event.util.ResultListener]
D/S4URC   ( 3788): [SDK] [java.io.File] [canRead] [FilePath][String] [/data/data/org.romance.trills/shared_prefs/WebViewChromiumPrefs.xml]
D/S4URC   ( 3673): [SDK] [java.io.File] [exists] [FilePath][String] [/data/data/org.romance.trills/shared_prefs/SP_REPLACE_CLASSLOADER_CLASS_NAME.xml]
D/S4URC   ( 3788): [SDK] [java.io.File] [getPath] [FilePath][String] [/data/data/org.romance.trills/shared_prefs/WebViewChromiumPrefs.xml]
D/S4URC   ( 3673): [SDK] [java.io.File] [exists] [FilePath][String] [/data/data/org.romance.trills/shared_prefs/SP_REPLACE_CLASSLOADER_CLASS_NAME.xml.bak]
D/S4URC   ( 3673): [SDK] [java.io.File] [renameTo] [FilePath][String] [/data/data/org.romance.trills/shared_prefs/SP_REPLACE_CLASSLOADER_CLASS_NAME.xml] [DesFile][/data/data/org.romance.trills/shared_prefs/SP_REPLACE_CLASSLOADER_CLASS_NAME.xml.bak]
D/S4URC   ( 3788): [SDK] [java.io.File] [exists] [FilePath][String] [/data/data/org.romance.trills/shared_prefs/WebViewChromiumPrefs.xml]
D/S4URC   ( 3788): [SDK] [java.io.File] [canRead] [FilePath][String] [/data/data/org.romance.trills/shared_prefs/WebViewChromiumPrefs.xml]
D/S4URC   ( 3788): [SDK] [java.io.File] [getPath] [FilePath][String] [/data/data/org.romance.trills/shared_prefs/WebViewChromiumPrefs.xml]
D/S4URC   ( 3788): [SDK] [android.content.ContextWrapper][getSharedPreferences] [File][WebViewChromiumPrefs.xml] [MODE][MODE_PRIVATE]
D/S4URC   ( 3788): [SDK] [java.io.File] [exists] [FilePath][String] [/data/data/org.romance.trills/shared_prefs/WebViewChromiumPrefs.xml.bak]
D/S4URC   ( 3788): [SDK] [java.io.File] [exists] [FilePath][String] [/data/data/org.romance.trills/shared_prefs/WebViewChromiumPrefs.xml]
D/S4URC   ( 3788): [SDK] [java.io.File] [canRead] [FilePath][String] [/data/data/org.romance.trills/shared_prefs/WebViewChromiumPrefs.xml]
D/S4URC   ( 3788): [SDK] [java.io.File] [getPath] [FilePath][String] [/data/data/org.romance.trills/shared_prefs/WebViewChromiumPrefs.xml]
D/S4URC   ( 3788): [SDK] [java.io.File] [canRead] [FilePath][String] [/data/data/org.romance.trills/shared_prefs/WebViewChromiumPrefs.xml]
D/S4URC   ( 3788): [SDK] [java.io.File] [getPath] [FilePath][String] [/data/data/org.romance.trills/shared_prefs/WebViewChromiumPrefs.xml]
D/S4URC   ( 3673): [SDK] [java.io.File] [getPath] [FilePath][String] [/data/data/org.romance.trills/shared_prefs/SP_REPLACE_CLASSLOADER_CLASS_NAME.xml]
D/S4URC   ( 3673): [SDK] [java.io.File] [getPath] [FilePath][String] [/data/data/org.romance.trills/files/umeng_it.cache]
D/S4URC   ( 3788): [SDK] [java.io.File] [getPath] [FilePath][String] [/data/data/org.romance.trills/shared_prefs/zplugin_query.xml]
D/S4URC   ( 3788): [SDK] [android.content.ContextWrapper][getSharedPreferences] [File][WebViewChromiumPrefs.xml] [MODE][MODE_PRIVATE] [Method][getInt] [Int][lastVersionCodeUsed] [Return][300001]
D/S4URC   ( 3788): [SDK] [java.io.File] [getPath] [FilePath][String] [/data/data/org.romance.trills/shared_prefs/zplugin_query.xml]
D/S4URC   ( 3788): [SDK] [java.io.File] [delete] [FilePath][String] [/data/data/org.romance.trills/shared_prefs/zplugin_query.xml.bak]
D/S4URC   ( 3788): [SDK] [android.content.ContextWrapper][getSharedPreferences] [File][WebViewChromiumPrefs.xml] [MODE][MODE_PRIVATE] [Method][commit]
D/S4URC   ( 3788): [SDK] [android.content.ContextWrapper][getSharedPreferences] [File][WebViewChromiumPrefs.xml] [MODE][MODE_PRIVATE] [Method][putLong] [Key][NextReqInterval] [Value][86400]
D/S4URC   ( 3788): [SDK] [java.io.File] [exists] [FilePath][String] [/data/data/org.romance.trills/shared_prefs/zplugin_query.xml]
D/S4URC   ( 3788): [SDK] [java.io.File] [exists] [FilePath][String] [/data/data/org.romance.trills/shared_prefs/zplugin_query.xml.bak]
D/S4URC   ( 3788): [SDK] [java.io.File] [renameTo] [FilePath][String] [/data/data/org.romance.trills/shared_prefs/zplugin_query.xml] [DesFile][/data/data/org.romance.trills/shared_prefs/zplugin_query.xml.bak]
D/S4URC   ( 3788): [SDK] [java.io.File] [getPath] [FilePath][String] [/data/data/org.romance.trills/shared_prefs/zplugin_query.xml]
D/S4URC   ( 3673): [SDK] [java.io.File] [getPath] [FilePath][String] [/data/data/org.romance.trills/shared_prefs/SP_REPLACE_CLASSLOADER_CLASS_NAME.xml]
D/S4URC   ( 3673): [SDK] [java.io.File] [delete] [FilePath][String] [/data/data/org.romance.trills/shared_prefs/SP_REPLACE_CLASSLOADER_CLASS_NAME.xml.bak]
D/S4URC   ( 3673): [SDK] [java.lang.Class] [forName] [FindClass][String] [android.app.ActivityThread]
D/S4URC   ( 3673): [SDK] [java.io.File] [getPath] [FilePath][String] [/data/data/org.romance.trills/shared_prefs/umeng_general_config.xml]
D/S4URC   ( 3673): [SDK] [android.content.ContextWrapper][getSharedPreferences] [File][umeng_general_config.xml] [MODE][MODE_PRIVATE]
D/S4URC   ( 3673): [SDK] [android.content.ContextWrapper][getSharedPreferences] [File][umeng_general_config.xml] [MODE][MODE_PRIVATE] [Method][getInt] [Int][vt] [Return][0]
D/S4URC   ( 3673): [SDK] [java.io.File] [getPath] [FilePath][String] [/data/data/org.romance.trills/shared_prefs/umeng_general_config.xml]
D/S4URC   ( 3673): [SDK] [android.content.ContextWrapper][getSharedPreferences] [File][umeng_general_config.xml] [MODE][MODE_PRIVATE]
D/S4URC   ( 3673): [SDK] [android.content.ContextWrapper][getSharedPreferences] [File][umeng_general_config.xml] [MODE][MODE_PRIVATE] [Method][getInt] [Int][vt] [Return][0]
D/S4URC   ( 3673): [SDK] [java.io.File] [exists] [FilePath][String] [/data/data/org.romance.trills/files]
D/S4URC   ( 3673): [SDK] [java.io.File] [getPath] [FilePath][String] [/data/data/org.romance.trills/files]
D/S4URC   ( 3673): [SDK] [java.io.File] [getPath] [FilePath][String] [/data/data/org.romance.trills/files/getlei.info]
D/S4URC   ( 3673): [SDK] [java.io.File] [Constructor] [FilePath][String] [/storage/sdcard0]
D/S4URC   ( 3673): [SDK] [java.io.File] [Constructor] [FilePath][String] [/storage/sdcard1]
D/S4URC   ( 3673): [SDK] [java.io.File] [Constructor] [FilePath][String] [/storage/usb2host]
D/S4URC   ( 3673): [SDK] [java.io.File] [Constructor] [FilePath][String] [/storage/usb3device]
D/S4URC   ( 3673): [SDK] [java.io.File] [getPath] [FilePath][String] [/data/data/org.romance.trills/shared_prefs/umeng_general_config.xml]
D/S4URC   ( 3673): [SDK] [java.io.File] [Constructor] [FilePath][String] [/storage/usb3host]
D/S4URC   ( 3673): [SDK] [android.content.ContextWrapper][getSharedPreferences] [File][umeng_general_config.xml] [MODE][MODE_PRIVATE]
D/S4URC   ( 3673): [SDK] [android.content.ContextWrapper][getSharedPreferences] [File][umeng_general_config.xml] [MODE][MODE_PRIVATE] [Method][getString] [String][signature] [Return][null]
D/S4URC   ( 3673): [SDK] [android.content.ContextWrapper][getSharedPreferences] [File][umeng_general_config.xml] [MODE][MODE_PRIVATE] [Method][getInt] [Int][serial] [Return][1]
D/S4URC   ( 3673): [SDK] [android.os.Environment] [getExternalStorageState] [ExternalStorageState][String] [mounted]
D/S4URC   ( 3673): [SDK] [android.content.ContextWrapper][getSharedPreferences] [File][umeng_general_config.xml] [MODE][MODE_PRIVATE] [Method][putInt] [Key][serial] [Value][2]
D/S4URC   ( 3788): [SDK] [java.io.File] [getPath] [FilePath][String] [/data/data/org.romance.trills/shared_prefs/zplugin_query.xml]
D/S4URC   ( 3673): [SDK] [java.io.File] [getPath] [FilePath][String] [/storage/sdcard0]
D/S4URC   ( 3673): [SDK] [android.os.Environment] [getExternalStorageDirectory] [DirectoryPath][String] [/storage/sdcard0]
D/S4URC   ( 3673): [SDK] [java.io.File] [getPath] [FilePath][String] [/storage/sdcard0]
D/S4URC   ( 3788): [SDK] [java.io.File] [getPath] [FilePath][String] [/data/data/org.romance.trills/shared_prefs/zplugin_query.xml]
D/S4URC   ( 3788): [SDK] [java.io.File] [delete] [FilePath][String] [/data/data/org.romance.trills/shared_prefs/zplugin_query.xml.bak]
D/S4URC   ( 3673): [SDK] [android.content.ContextWrapper][getSharedPreferences] [File][umeng_general_config.xml] [MODE][MODE_PRIVATE] [Method][putString] [Key][signature] [Value][bf101dfa3274249345be79772e83429d03582aa29ae399a5e7c9553d6f14175b]
D/S4URC   ( 3673): [SDK] [java.io.File] [canRead] [FilePath][String] [/storage/sdcard0]
D/S4URC   ( 3673): [SDK] [java.io.File] [exists] [FilePath][String] [/data/data/org.romance.trills/shared_prefs/umeng_general_config.xml]
D/S4URC   ( 3673): [SDK] [java.io.File] [exists] [FilePath][String] [/data/data/org.romance.trills/shared_prefs/umeng_general_config.xml.bak]
D/S4URC   ( 3673): [SDK] [java.io.File] [renameTo] [FilePath][String] [/data/data/org.romance.trills/shared_prefs/umeng_general_config.xml] [DesFile][/data/data/org.romance.trills/shared_prefs/umeng_general_config.xml.bak]
D/S4URC   ( 3673): [SDK] [java.io.File] [canWrite] [FilePath][String] [/storage/sdcard0]
D/S4URC   ( 3673): [SDK] [java.io.File] [getPath] [FilePath][String] [/data/data/org.romance.trills/shared_prefs/umeng_general_config.xml]
D/S4URC   ( 3788): [SDK] [java.io.File] [getPath] [FilePath][String] [/storage/sdcard0]
D/S4URC   ( 3788): [SDK] [android.os.Environment] [getExternalStorageDirectory] [DirectoryPath][String] [/storage/sdcard0]
D/S4URC   ( 3673): [SDK] [java.io.File] [Constructor] [FilePath][String] [/storage/sdcard0/minisdk.env]
D/S4URC   ( 3788): [SDK] [java.io.File] [getPath] [FilePath][String] [/storage/sdcard0]
D/S4URC   ( 3673): [SDK] [java.io.File] [exists] [FilePath][String] [/storage/sdcard0/minisdk.env]
D/S4URC   ( 3788): [SDK] [android.content.ContextWrapper] [registerReceiver][IntentFilter][download_action_10ADC.94.new.data,
