D/S4URC   ( 2514): [SDK] [java.lang.Class] [forName] [FindClass][String] [com.android.org.conscrypt.OpenSSLMessageDigestJDK$MD5]
D/S4URC   ( 2514): [SDK] [java.io.File] [getPath] [FilePath][String] [/data/misc/user/0/cacerts-added]
D/S4URC   ( 2514): [SDK] [java.io.File] [isFile] [FilePath][String] [/data/misc/user/0/cacerts-added/bc465a65.0]
D/S4URC   ( 2514): [SDK] [java.io.File] [getPath] [FilePath][String] [/system/etc/security/cacerts]
D/S4URC   ( 2514): [SDK] [java.io.File] [isFile] [FilePath][String] [/system/etc/security/cacerts/bc465a65.0]
D/S4URC   ( 2514): [SDK] [java.io.File] [getPath] [FilePath][String] [/data/misc/user/0/cacerts-added]
D/S4URC   ( 2514): [SDK] [java.io.File] [isFile] [FilePath][String] [/data/misc/user/0/cacerts-added/4bcd7fc4.0]
D/S4URC   ( 2514): [SDK] [java.io.File] [getPath] [FilePath][String] [/system/etc/security/cacerts]
D/S4URC   ( 2514): [SDK] [java.io.File] [isFile] [FilePath][String] [/system/etc/security/cacerts/4bcd7fc4.0]
D/S4URC   ( 2514): [SDK] [java.io.File] [getPath] [FilePath][String] [/data/misc/user/0/cacerts-added]
D/S4URC   ( 2514): [SDK] [java.io.File] [isFile] [FilePath][String] [/data/misc/user/0/cacerts-added/399e7759.0]
D/S4URC   ( 2514): [SDK] [java.io.File] [getPath] [FilePath][String] [/system/etc/security/cacerts]
D/S4URC   ( 2514): [SDK] [java.io.File] [isFile] [FilePath][String] [/system/etc/security/cacerts/399e7759.0]
D/S4URC   ( 2514): [SDK] [java.io.File] [getPath] [FilePath][String] [/system/etc/security/cacerts/399e7759.0]
D/S4URC   ( 2514): [SDK] [java.io.File] [getPath] [FilePath][String] [/data/misc/user/0/cacerts-removed]
D/S4URC   ( 2514): [SDK] [java.io.File] [isFile] [FilePath][String] [/data/misc/user/0/cacerts-removed/399e7759.0]
D/S4URC   ( 2514): [SDK] [java.io.File] [exists] [FilePath][String] [/data/misc/user/0/cacerts-removed/399e7759.0]
D/S4URC   ( 2514): [SDK] [java.io.File] [getPath] [FilePath][String] [/data/misc/keychain/pins]
D/S4URC   ( 2514): [SDK] [java.io.File] [Constructor] [FilePath][String] [/data/misc/keychain/pubkey_blacklist.txt]
D/S4URC   ( 2514): [SDK] [java.io.File] [getPath] [FilePath][String] [/data/misc/keychain/pubkey_blacklist.txt]
D/S4URC   ( 2514): [SDK] [java.io.File] [Constructor] [FilePath][String] [/data/misc/keychain/serial_blacklist.txt]
D/S4URC   ( 2514): [SDK] [java.io.File] [getPath] [FilePath][String] [/data/misc/keychain/serial_blacklist.txt]
D/S4URC   ( 2403): [SDK] [java.io.File] [Constructor] [FilePath][String] [/system/app/Superuser.apk]
D/S4URC   ( 2403): [SDK] [java.io.File] [exists] [FilePath][String] [/system/app/Superuser.apk]
D/S4URC   ( 2403): [NDK] [SYSCALL] [access] [PATH][string] [/system/app/Superuser.apk]
D/S4URC   ( 2403): [SDK] [java.lang.Runtime] [exec] [Command][String] [/system/xbin/whichsu]
D/S4URC   ( 2597): [NDK] [SYSCALL] [getdents] [PATH][string] [.]
D/S4URC   ( 2403): [SDK] [android.telephony.TelephonyManager] [getLine1Number]
D/S4URC   ( 2403): [SDK] [android.telephony.TelephonyManager] [getSubscriberId]
D/S4URC   ( 2403): [SDK] [android.app.ApplicationPackageManager] [getPackageInfo] [FindPackageName][String] [com.jqepef.edrydg]
D/S4URC   ( 2403): [SDK] [java.io.File] [Constructor] [FilePath][String] [/data/data/com.jqepef.edrydg/files/lastCrashID]
D/S4URC   ( 2403): [SDK] [java.io.File] [exists] [FilePath][String] [/data/data/com.jqepef.edrydg/files/lastCrashID]
D/S4URC   ( 2403): [NDK] [SYSCALL] [access] [PATH][string] [/data/data/com.jqepef.edrydg/files/lastCrashID]
D/S4URC   ( 2403): [SDK] [java.io.File] [createNewFile] [FilePath][String] [/data/data/com.jqepef.edrydg/files/lastCrashID]
D/S4URC   ( 2403): [SDK] [android.content.ContextWrapper][getSharedPreferences] [File][Preferences.xml] [MODE][MODE_PRIVATE] [Method][getString] [String][mobile] [Return][null]
D/S4URC   ( 2403): [NDK] [SYSCALL] [open] [PATH][string] [/data/data/com.jqepef.edrydg/files/lastCrashID] [RETURN][int] [22]
D/S4URC   ( 2403): [SDK] [java.io.File] [getPath] [FilePath][String] [/data/data/com.jqepef.edrydg/files/lastCrashID]
D/S4URC   ( 2403): [NDK] [SYSCALL] [open] [PATH][string] [/data/data/com.jqepef.edrydg/files/lastCrashID] [RETURN][int] [22]
D/S4URC   ( 2403): [SDK] [java.io.File] [Constructor] [FilePath][String] [/data/data/com.jqepef.edrydg/files/Mint-lastsavedfile]
D/S4URC   ( 2403): [SDK] [android.content.ContextWrapper][getSharedPreferences] [File][Preferences.xml] [MODE][MODE_PRIVATE] [Method][getString] [String][agent] [Return][Dalvik/2.1.0 (Linux; U; Android 5.1.1; galaxys5 Build/LMY49J)]
D/S4URC   ( 2403): [SDK] [java.io.File] [Constructor] [FilePath][String] [/data/data/com.jqepef.edrydg/files/Mint-lastsavedfile]
D/S4URC   ( 2403): [SDK] [java.io.File] [getPath] [FilePath][String] [/data/data/com.jqepef.edrydg/files/Mint-lastsavedfile]
D/S4URC   ( 2403): [NDK] [SYSCALL] [open] [PATH][string] [/data/data/com.jqepef.edrydg/files/Mint-lastsavedfile] [RETURN][int] [-1]
D/S4URC   ( 2403): [SDK] [java.io.File] [Constructor] [FilePath][String] [/data/data/com.jqepef.edrydg/files/MintSavedData-1-1536818296405.json]
D/S4URC   ( 2403): [NDK] [SYSCALL] [stat] [PATH][string] [/data/data/com.jqepef.edrydg/files/MintSavedData-1-1536818296405.json]
D/S4URC   ( 2403): [SDK] [java.io.File] [exists] [FilePath][String] [/data/data/com.jqepef.edrydg/files/MintSavedData-1-1536818296405.json]
D/S4URC   ( 2403): [NDK] [SYSCALL] [access] [PATH][string] [/data/data/com.jqepef.edrydg/files/MintSavedData-1-1536818296405.json]
D/S4URC   ( 2403): [SDK] [java.io.File] [createNewFile] [FilePath][String] [/data/data/com.jqepef.edrydg/files/MintSavedData-1-1536818296405.json]
D/S4URC   ( 2403): [NDK] [SYSCALL] [open] [PATH][string] [/data/data/com.jqepef.edrydg/files/MintSavedData-1-1536818296405.json] [RETURN][int] [33]
D/S4URC   ( 2403): [SDK] [java.io.File] [getPath] [FilePath][String] [/data/data/com.jqepef.edrydg/files/MintSavedData-1-1536818296405.json]
D/S4URC   ( 2403): [NDK] [SYSCALL] [open] [PATH][string] [/data/data/com.jqepef.edrydg/files/MintSavedData-1-1536818296405.json] [RETURN][int] [33]
D/S4URC   ( 2403): [SDK] [java.io.File] [getName] [FilePath][String] [/data/data/com.jqepef.edrydg/files/MintSavedData-1-1536818296405.json]
D/S4URC   ( 2403): [SDK] [java.io.File] [Constructor] [FilePath][String] [/data/data/com.jqepef.edrydg/files/Mint-lastsavedfile]
D/S4URC   ( 2403): [SDK] [java.io.File] [exists] [FilePath][String] [/data/data/com.jqepef.edrydg/files/Mint-lastsavedfile]
D/S4URC   ( 2403): [NDK] [SYSCALL] [access] [PATH][string] [/data/data/com.jqepef.edrydg/files/Mint-lastsavedfile]
D/S4URC   ( 2403): [SDK] [java.io.File] [delete] [FilePath][String] [/data/data/com.jqepef.edrydg/files/Mint-lastsavedfile]
D/S4URC   ( 2403): [NDK] [SYSCALL] [lstat] [PATH][string] [/data/data/com.jqepef.edrydg/files/Mint-lastsavedfile]
D/S4URC   ( 2403): [SDK] [java.io.File] [createNewFile] [FilePath][String] [/data/data/com.jqepef.edrydg/files/Mint-lastsavedfile]
D/S4URC   ( 2403): [NDK] [SYSCALL] [open] [PATH][string] [/data/data/com.jqepef.edrydg/files/Mint-lastsavedfile] [RETURN][int] [33]
D/S4URC   ( 2403): [SDK] [java.io.File] [getPath] [FilePath][String] [/data/data/com.jqepef.edrydg/files/Mint-lastsavedfile]
D/S4URC   ( 2403): [NDK] [SYSCALL] [open] [PATH][string] [/data/data/com.jqepef.edrydg/files/Mint-lastsavedfile] [RETURN][int] [33]
D/S4URC   ( 2403): [SDK] [java.lang.Class] [forName] [FindClass][String] [java.net.PlainSocketImpl]
D/S4URC   ( 2403): [NDK] [SYSCALL] [socket] [TYPE][string] [TCP]
D/S4URC   ( 2514): [SDK] [java.lang.Class] [forName] [FindClass][String] [com.android.org.conscrypt.OpenSSLMessageDigestJDK$SHA256]
D/S4URC   ( 2514): [SDK] [android.content.ContextWrapper][getSharedPreferences] [File][REMOTESETTINGSSETTINGS.xml] [MODE][MODE_PRIVATE] [Method][getString] [String][/sArw5T39EFXMYim/iTaU+WZdVuv7NcahsQK1puBnSY=] [Return][wPkWdaAHEiQb52BTavurPA==:z1Ahp0YYt++qGfcDMysGwvdSk0ZgPLECQiUlzz9O6FM=]
D/S4URC   ( 2514): [SDK] [android.content.ContextWrapper][getSharedPreferences] [File][REMOTESETTINGSSETTINGS.xml] [MODE][MODE_PRIVATE] [Method][putString] [Key][e6vwxcB+MmlGAQbyH9UKuodad3AZ/NsEkKak9MxmLUg=] [Value][null]
D/S4URC   ( 2514): [SDK] [java.io.File] [exists] [FilePath][String] [/data/data/com.jqepef.edrydg/shared_prefs/com.jqepef.edrydg_preferences.xml]
D/S4URC   ( 2514): [SDK] [android.content.ContextWrapper][getSharedPreferences] [File][REMOTESETTINGSSETTINGS.xml] [MODE][MODE_PRIVATE] [Method][commit]
D/S4URC   ( 2514): [SDK] [java.lang.Class] [forName] [FindClass][String] [java.lang.Thread]
D/S4URC   ( 2514): [SDK] [java.lang.Class] [forName] [FindClass][String] [java.lang.String]
D/S4URC   ( 2514): [SDK] [java.lang.Class] [forName] [FindClass][String] [java.lang.StackTraceElement]
D/S4URC   ( 2514): [SDK] [java.lang.Class] [forName] [FindClass][String] [java.lang.Thread]
D/S4URC   ( 2514): [SDK] [java.lang.Class] [forName] [FindClass][String] [java.lang.String]
D/S4URC   ( 2514): [SDK] [java.lang.Class] [forName] [FindClass][String] [java.lang.StackTraceElement]
D/S4URC   ( 2514): [SDK] [android.content.ContextWrapper][getSharedPreferences] [File][com.jqepef.edrydg_preferences.xml] [MODE][MODE_PRIVATE]
D/S4URC   ( 2514): [SDK] [javax.crypto.spec.SecretKeySpec][Constructor] [KEY][z1Ahp0YYt++qGfcDMysGwvdSk0ZgPLECQiUlzz9O6FM=][type][HmacSHA256][javax.crypto.spec.PBEKeySpec][Constructor] [Password][com.jqepef.edrydg] [Salt][unknown]
D/S4URC   ( 2403): [SDK] [java.io.File] [Constructor] [FilePath][String] [/data/data/com.jqepef.edrydg/files/Mint-lastsavedfile]
D/S4URC   ( 2403): [SDK] [java.io.File] [getPath] [FilePath][String] [/data/data/com.jqepef.edrydg/files/Mint-lastsavedfile]
D/S4URC   ( 2403): [NDK] [SYSCALL] [open] [PATH][string] [/data/data/com.jqepef.edrydg/files/Mint-lastsavedfile] [RETURN][int] [33]
D/S4URC   ( 2403): [SDK] [java.io.File] [Constructor] [FilePath][String] [/data/data/com.jqepef.edrydg/files/MintSavedData-1-1536818296405.json]
D/S4URC   ( 2403): [NDK] [SYSCALL] [stat] [PATH][string] [/data/data/com.jqepef.edrydg/files/MintSavedData-1-1536818296405.json]
D/S4URC   ( 2403): [SDK] [java.io.File] [exists] [FilePath][String] [/data/data/com.jqepef.edrydg/files/MintSavedData-1-1536818296405.json]
D/S4URC   ( 2403): [NDK] [SYSCALL] [access] [PATH][string] [/data/data/com.jqepef.edrydg/files/MintSavedData-1-1536818296405.json]
D/S4URC   ( 2403): [SDK] [java.io.File] [getPath] [FilePath][String] [/data/data/com.jqepef.edrydg/files/MintSavedData-1-1536818296405.json]
D/S4URC   ( 2403): [NDK] [SYSCALL] [open] [PATH][string] [/data/data/com.jqepef.edrydg/files/MintSavedData-1-1536818296405.json] [RETURN][int] [33]
D/S4URC   ( 2403): [SDK] [java.io.File] [getName] [FilePath][String] [/data/data/com.jqepef.edrydg/files/MintSavedData-1-1536818296405.json]
D/S4URC   ( 2403): [SDK] [java.io.File] [Constructor] [FilePath][String] [/data/data/com.jqepef.edrydg/files/Mint-lastsavedfile]
D/S4URC   ( 2403): [SDK] [java.io.File] [exists] [FilePath][String] [/data/data/com.jqepef.edrydg/files/Mint-lastsavedfile]
D/S4URC   ( 2403): [NDK] [SYSCALL] [access] [PATH][string] [/data/data/com.jqepef.edrydg/files/Mint-lastsavedfile]
D/S4URC   ( 2403): [SDK] [java.io.File] [getPath] [FilePath][String] [/data/data/com.jqepef.edrydg/files/Mint-lastsavedfile]
D/S4URC   ( 2403): [NDK] [SYSCALL] [open] [PATH][string] [/data/data/com.jqepef.edrydg/files/Mint-lastsavedfile] [RETURN][int] [22]
D/S4URC   ( 2403): [SDK] [java.io.File] [Constructor] [FilePath][String] [/system/app/Superuser.apk]
D/S4URC   ( 2403): [SDK] [java.io.File] [exists] [FilePath][String] [/system/app/Superuser.apk]
D/S4URC   ( 2403): [NDK] [SYSCALL] [access] [PATH][string] [/system/app/Superuser.apk]
D/S4URC   ( 2403): [SDK] [java.lang.Runtime] [exec] [Command][String] [/system/xbin/whichsu]
D/S4URC   ( 2646): [NDK] [SYSCALL] [getdents] [PATH][string] [.]
D/S4URC   ( 2403): [SDK] [android.telephony.TelephonyManager] [getLine1Number]
D/S4URC   ( 2403): [SDK] [android.telephony.TelephonyManager] [getSubscriberId]
D/S4URC   ( 2403): [SDK] [android.app.ApplicationPackageManager] [getPackageInfo] [FindPackageName][String] [com.jqepef.edrydg]
D/S4URC   ( 2403): [SDK] [android.content.ContextWrapper][getSharedPreferences] [File][Preferences.xml] [MODE][MODE_PRIVATE] [Method][getString] [String][mobile] [Return][null]
D/S4URC   ( 2403): [SDK] [android.content.ContextWrapper][getSharedPreferences] [File][Preferences.xml] [MODE][MODE_PRIVATE] [Method][getString] [String][agent] [Return][Dalvik/2.1.0 (Linux; U; Android 5.1.1; galaxys5 Build/LMY49J)]
D/S4URC   ( 2403): [SDK] [java.lang.Class] [forName] [FindClass][String] [java.net.PlainSocketImpl]
D/S4URC   ( 2403): [NDK] [SYSCALL] [socket] [TYPE][string] [TCP]
D/S4URC   ( 2514): [SDK] [android.content.ContextWrapper][getSharedPreferences] [File][com.jqepef.edrydg_preferences.xml] [MODE][MODE_PRIVATE] [Method][getString] [String][/sArw5T39EFXMYim/iTaU+WZdVuv7NcahsQK1puBnSY=] [Return][wPkWdaAHEiQb52BTavurPA==:z1Ahp0YYt++qGfcDMysGwvdSk0ZgPLECQiUlzz9O6FM=]
D/S4URC   ( 2514): [SDK] [java.lang.Class] [forName] [FindClass][String] [com.android.org.conscrypt.OpenSSLCipher$AES$CBC$PKCS5Padding]
D/S4URC   ( 2514): [SDK] [javax.crypto.spec.SecretKeySpec][Constructor] [KEY][z1Ahp0YYt++qGfcDMysGwvdSk0ZgPLECQiUlzz9O6FM=][type][HmacSHA256][javax.crypto.Cipher][getInstance] [Cipher][AES/CBC/PKCS5Padding] [javax.crypto.spec.IvParameterSpec][Constructor] [IV][i7IO2ZOeKvZO2VfOTVTbug==] [javax.crypto.Cipher][doFinal] [Data][mobproxy7.com] [Return][BuVew1XgK0Ln8IGfgSQ1Ag==]
D/S4URC   ( 2514): [SDK] [java.lang.Class] [forName] [FindClass][String] [com.android.org.conscrypt.OpenSSLMac$HmacSHA256]
D/S4URC   ( 2514): [SDK] [android.content.ContextWrapper][getSharedPreferences] [File][com.jqepef.edrydg_preferences.xml] [MODE][MODE_PRIVATE] [Method][putString] [Key][8v+DhgpNwgOYjtGiK6HyEjfwSr29DEyVEQPPvtEh3ng=] [Value][i7IO2ZOeKvZO2VfOTVTbug==:IFwh9eDIZPWvRZqOUniGAL+Ua+VrDSo/uxTcJgxxlwY=:BuVew1XgK0Ln8IGfgSQ1Ag==]
D/S4URC   ( 2514): [SDK] [android.content.ContextWrapper][getSharedPreferences] [File][com.jqepef.edrydg_preferences.xml] [MODE][MODE_PRIVATE]
D/S4URC   ( 2514): [SDK] [javax.crypto.spec.PBEKeySpec][Constructor] [Password][com.jqepef.edrydg] [Salt][unknown]
D/S4URC   ( 2514): [SDK] [java.io.File] [exists] [FilePath][String] [/data/data/com.jqepef.edrydg/shared_prefs/com.jqepef.edrydg_preferences.xml]
D/S4URC   ( 2514): [SDK] [java.io.File] [exists] [FilePath][String] [/data/data/com.jqepef.edrydg/shared_prefs/com.jqepef.edrydg_preferences.xml.bak]
D/S4URC   ( 2514): [SDK] [java.io.File] [renameTo] [FilePath][String] [/data/data/com.jqepef.edrydg/shared_prefs/com.jqepef.edrydg_preferences.xml] [DesFile][/data/data/com.jqepef.edrydg/shared_prefs/com.jqepef.edrydg_preferences.xml.bak]
D/S4URC   ( 2514): [SDK] [java.io.File] [getPath] [FilePath][String] [/data/data/com.jqepef.edrydg/shared_prefs/com.jqepef.edrydg_preferences.xml]
D/S4URC   ( 2514): [SDK] [java.io.File] [delete] [FilePath][String] [/data/data/com.jqepef.edrydg/shared_prefs/com.jqepef.edrydg_preferences.xml.bak]
D/S4URC   ( 2514): [SDK] [android.content.ContextWrapper][getSharedPreferences] [File][com.jqepef.edrydg_preferences.xml] [MODE][MODE_PRIVATE] [Method][commit]
D/S4URC   ( 2403): [SDK] [java.io.File] [Constructor] [FilePath][String] [/data/data/com.jqepef.edrydg/files/Mint-lastsavedfile]
D/S4URC   ( 2403): [SDK] [java.io.File] [getPath] [FilePath][String] [/data/data/com.jqepef.edrydg/files/Mint-lastsavedfile]
D/S4URC   ( 2403): [NDK] [SYSCALL] [open] [PATH][string] [/data/data/com.jqepef.edrydg/files/Mint-lastsavedfile] [RETURN][int] [19]
D/S4URC   ( 2403): [SDK] [java.io.File] [Constructor] [FilePath][String] [/data/data/com.jqepef.edrydg/files/MintSavedData-1-1536818296405.json]
D/S4URC   ( 2403): [NDK] [SYSCALL] [stat] [PATH][string] [/data/data/com.jqepef.edrydg/files/MintSavedData-1-1536818296405.json]
D/S4URC   ( 2403): [SDK] [java.io.File] [exists] [FilePath][String] [/data/data/com.jqepef.edrydg/files/MintSavedData-1-1536818296405.json]
D/S4URC   ( 2403): [NDK] [SYSCALL] [access] [PATH][string] [/data/data/com.jqepef.edrydg/files/MintSavedData-1-1536818296405.json]
D/S4URC   ( 2403): [SDK] [java.io.File] [getPath] [FilePath][String] [/data/data/com.jqepef.edrydg/files/MintSavedData-1-1536818296405.json]
D/S4URC   ( 2403): [NDK] [SYSCALL] [open] [PATH][string] [/data/data/com.jqepef.edrydg/files/MintSavedData-1-1536818296405.json] [RETURN][int] [19]
D/S4URC   ( 2403): [SDK] [java.io.File] [getName] [FilePath][String] [/data/data/com.jqepef.edrydg/files/MintSavedData-1-1536818296405.json]
D/S4URC   ( 2403): [SDK] [java.io.File] [Constructor] [FilePath][String] [/data/data/com.jqepef.edrydg/files/Mint-lastsavedfile]
D/S4URC   ( 2403): [SDK] [java.io.File] [exists] [FilePath][String] [/data/data/com.jqepef.edrydg/files/Mint-lastsavedfile]
D/S4URC   ( 2403): [NDK] [SYSCALL] [access] [PATH][string] [/data/data/com.jqepef.edrydg/files/Mint-lastsavedfile]
D/S4URC   ( 2403): [SDK] [java.io.File] [getPath] [FilePath][String] [/data/data/com.jqepef.edrydg/files/Mint-lastsavedfile]
D/S4URC   ( 2403): [NDK] [SYSCALL] [open] [PATH][string] [/data/data/com.jqepef.edrydg/files/Mint-lastsavedfile] [RETURN][int] [19]
D/S4URC   ( 2403): [SDK] [java.io.File] [Constructor] [FilePath][String] [/system/app/Superuser.apk]
D/S4URC   ( 2403): [SDK] [java.io.File] [exists] [FilePath][String] [/system/app/Superuser.apk]
D/S4URC   ( 2403): [NDK] [SYSCALL] [access] [PATH][string] [/system/app/Superuser.apk]
D/S4URC   ( 2403): [SDK] [java.lang.Runtime] [exec] [Command][String] [/system/xbin/whichsu]
D/S4URC   ( 2685): [NDK] [SYSCALL] [getdents] [PATH][string] [.]
D/S4URC   ( 2403): [SDK] [android.telephony.TelephonyManager] [getLine1Number]
D/S4URC   ( 2403): [SDK] [android.telephony.TelephonyManager] [getSubscriberId]
D/S4URC   ( 2403): [SDK] [android.app.ApplicationPackageManager] [getPackageInfo] [FindPackageName][String] [com.jqepef.edrydg]
D/S4URC   ( 2403): [SDK] [android.content.ContextWrapper][getSharedPreferences] [File][Preferences.xml] [MODE][MODE_PRIVATE] [Method][getString] [String][mobile] [Return][null]
D/S4URC   ( 2403): [SDK] [android.content.ContextWrapper][getSharedPreferences] [File][Preferences.xml] [MODE][MODE_PRIVATE] [Method][getString] [String][agent] [Return][Dalvik/2.1.0 (Linux; U; Android 5.1.1; galaxys5 Build/LMY49J)]
D/S4URC   ( 2403): [SDK] [java.lang.Class] [forName] [FindClass][String] [java.net.PlainSocketImpl]
D/S4URC   ( 2403): [NDK] [SYSCALL] [socket] [TYPE][string] [TCP]
D/S4URC   ( 2514):  [Method][getString] [String][/sArw5T39EFXMYim/iTaU+WZdVuv7NcahsQK1puBnSY=] [Return][wPkWdaAHEiQb52BTavurPA==:z1Ahp0YYt++qGfcDMysGwvdSk0ZgPLECQiUlzz9O6FM=]
D/S4URC   ( 2514): [SDK] [javax.crypto.spec.SecretKeySpec][Constructor] [KEY][z1Ahp0YYt++qGfcDMysGwvdSk0ZgPLECQiUlzz9O6FM=][type][HmacSHA256][javax.crypto.Cipher][getInstance] [Cipher][AES/CBC/PKCS5Padding] [javax.crypto.spec.IvParameterSpec][Constructor] [IV][h7QgbhnMyejdGB1Fi4ZAGQ==] [javax.crypto.Cipher][doFinal] [Data][-1] [Return][5q7biqxJc/jTwEhySZomiQ==]
D/S4URC   ( 2514): [SDK] [android.content.ContextWrapper][getSharedPreferences] [File][com.jqepef.edrydg_preferences.xml] [MODE][MODE_PRIVATE] [Method][putString] [Key][KTG81sSjZqvKo7LXRs0+R1OcEkazrNv6w297XBpYnVs=] [Value][h7QgbhnMyejdGB1Fi4ZAGQ==:/6hJ6PfDP2DCR7BO9BHHk+T6NLMpFfQMNxoi/xf/hJE=:5q7biqxJc/jTwEhySZomiQ==]
D/S4URC   ( 2514): [SDK] [java.io.File] [exists] [FilePath][String] [/data/data/com.jqepef.edrydg/shared_prefs/com.jqepef.edrydg_preferences.xml]
D/S4URC   ( 2514): [SDK] [java.io.File] [exists] [FilePath][String] [/data/data/com.jqepef.edrydg/shared_prefs/com.jqepef.edrydg_preferences.xml.bak]
D/S4URC   ( 2514): [SDK] [java.io.File] [renameTo] [FilePath][String] [/data/data/com.jqepef.edrydg/shared_prefs/com.jqepef.edrydg_preferences.xml] [DesFile][/data/data/com.jqepef.edrydg/shared_prefs/com.jqepef.edrydg_preferences.xml.bak]
D/S4URC   ( 2514): [SDK] [java.io.File] [getPath] [FilePath][String] [/data/data/com.jqepef.edrydg/shared_prefs/com.jqepef.edrydg_preferences.xml]
D/S4URC   ( 2514): [SDK] [java.io.File] [delete] [FilePath][String] [/data/data/com.jqepef.edrydg/shared_prefs/com.jqepef.edrydg_preferences.xml.bak]
D/S4URC   ( 2514): [SDK] [android.content.ContextWrapper] [registerReceiver][IntentFilter][android.net.conn.CONNECTIVITY_CHANGE,android.net.wifi.WIFI_STATE_CHANGED,
D/S4URC   ( 2514): [SDK] [android.content.ContextWrapper][getSharedPreferences] [File][com.jqepef.edrydg_preferences.xml] [MODE][MODE_PRIVATE]
D/S4URC   ( 2514): [SDK] [javax.crypto.spec.PBEKeySpec][Constructor] [Password][com.jqepef.edrydg] [Salt][unknown]
D/S4URC   ( 2514): [SDK] [java.lang.Class] [forName] [FindClass][String] [java.lang.Thread]
D/S4URC   ( 2514): [SDK] [java.lang.Class] [forName] [FindClass][String] [java.lang.String]
D/S4URC   ( 2514): [SDK] [java.lang.Class] [forName] [FindClass][String] [java.lang.StackTraceElement]
D/S4URC   ( 2514): [SDK] [android.content.ContextWrapper] [registerReceiver][IntentFilter][android.provider.Telephony.SMS_RECEIVED,
D/S4URC   ( 2514): [SDK] [android.content.ContextWrapper] [registerReceiver][IntentFilter][android.intent.action.SCREEN_ON,android.intent.action.SCREEN_OFF,
D/S4URC   ( 2514): [SDK] [java.lang.Class] [forName] [FindClass][String] [android.net.NetworkInfo]
D/S4URC   ( 2514): [SDK] [android.content.ContextWrapper][getSharedPreferences] [File][com.jqepef.edrydg_preferences.xml] [MODE][MODE_PRIVATE]
D/S4URC   ( 2514): [SDK] [javax.crypto.spec.PBEKeySpec][Constructor] [Password][com.jqepef.edrydg] [Salt][unknown]
D/S4URC   ( 2403): [SDK] [java.io.File] [Constructor] [FilePath][String] [/data/data/com.jqepef.edrydg/files/Mint-lastsavedfile]
D/S4URC   ( 2403): [SDK] [java.io.File] [getPath] [FilePath][String] [/data/data/com.jqepef.edrydg/files/Mint-lastsavedfile]
D/S4URC   ( 2403): [NDK] [SYSCALL] [open] [PATH][string] [/data/data/com.jqepef.edrydg/files/Mint-lastsavedfile] [RETURN][int] [22]
D/S4URC   ( 2403): [SDK] [java.io.File] [Constructor] [FilePath][String] [/data/data/com.jqepef.edrydg/files/MintSavedData-1-1536818296405.json]
D/S4URC   ( 2403): [NDK] [SYSCALL] [stat] [PATH][string] [/data/data/com.jqepef.edrydg/files/MintSavedData-1-1536818296405.json]
D/S4URC   ( 2403): [SDK] [java.io.File] [exists] [FilePath][String] [/data/data/com.jqepef.edrydg/files/MintSavedData-1-1536818296405.json]
D/S4URC   ( 2403): [NDK] [SYSCALL] [access] [PATH][string] [/data/data/com.jqepef.edrydg/files/MintSavedData-1-1536818296405.json]
D/S4URC   ( 2403): [SDK] [java.io.File] [getPath] [FilePath][String] [/data/data/com.jqepef.edrydg/files/MintSavedData-1-1536818296405.json]
D/S4URC   ( 2403): [NDK] [SYSCALL] [open] [PATH][string] [/data/data/com.jqepef.edrydg/files/MintSavedData-1-1536818296405.json] [RETURN][int] [22]
D/S4URC   ( 2403): [SDK] [java.io.File] [getName] [FilePath][String] [/data/data/com.jqepef.edrydg/files/MintSavedData-1-1536818296405.json]
D/S4URC   ( 2403): [SDK] [java.io.File] [Constructor] [FilePath][String] [/data/data/com.jqepef.edrydg/files/Mint-lastsavedfile]
D/S4URC   ( 2403): [SDK] [java.io.File] [exists] [FilePath][String] [/data/data/com.jqepef.edrydg/files/Mint-lastsavedfile]
D/S4URC   ( 2403): [NDK] [SYSCALL] [access] [PATH][string] [/data/data/com.jqepef.edrydg/files/Mint-lastsavedfile]
D/S4URC   ( 2403): [SDK] [java.io.File] [getPath] [FilePath][String] [/data/data/com.jqepef.edrydg/files/Mint-lastsavedfile]
D/S4URC   ( 2403): [NDK] [SYSCALL] [open] [PATH][string] [/data/data/com.jqepef.edrydg/files/Mint-lastsavedfile] [RETURN][int] [18]
D/S4URC   ( 2403): [SDK] [java.io.File] [Constructor] [FilePath][String] [/system/app/Superuser.apk]
D/S4URC   ( 2403): [SDK] [java.io.File] [exists] [FilePath][String] [/system/app/Superuser.apk]
D/S4URC   ( 2403): [NDK] [SYSCALL] [access] [PATH][string] [/system/app/Superuser.apk]
D/S4URC   ( 2403): [SDK] [java.lang.Runtime] [exec] [Command][String] [/system/xbin/whichsu]
D/S4URC   ( 2717): [NDK] [SYSCALL] [getdents] [PATH][string] [.]
D/S4URC   ( 2403): [SDK] [android.telephony.TelephonyManager] [getLine1Number]
D/S4URC   ( 2403): [SDK] [android.telephony.TelephonyManager] [getSubscriberId]
D/S4URC   ( 2403): [SDK] [android.app.ApplicationPackageManager] [getPackageInfo] [FindPackageName][String] [com.jqepef.edrydg]
D/S4URC   ( 2403): [SDK] [android.content.ContextWrapper][getSharedPreferences] [File][Preferences.xml] [MODE][MODE_PRIVATE] [Method][getString] [String][mobile] [Return][null]
D/S4URC   ( 2403): [SDK] [android.content.ContextWrapper][getSharedPreferences] [File][Preferences.xml] [MODE][MODE_PRIVATE] [Method][getString] [String][agent] [Return][Dalvik/2.1.0 (Linux; U; Android 5.1.1; galaxys5 Build/LMY49J)]
D/S4URC   ( 2403): [SDK] [java.lang.Class] [forName] [FindClass][String] [java.net.PlainSocketImpl]
D/S4URC   ( 2403): [NDK] [SYSCALL] [socket] [TYPE][string] [TCP]
D/S4URC   ( 2514): [SDK] [android.content.ContextWrapper][getSharedPreferences] [File][com.jqepef.edrydg_preferences.xml] [MODE][MODE_PRIVATE] [Method][getString] [String][/sArw5T39EFXMYim/iTaU+WZdVuv7NcahsQK1puBnSY=] [Return][wPkWdaAHEiQb52BTavurPA==:z1Ahp0YYt++qGfcDMysGwvdSk0ZgPLECQiUlzz9O6FM=]
D/S4URC   ( 2514): [SDK] [android.content.ContextWrapper][getSharedPreferences] [File][com.jqepef.edrydg_preferences.xml] [MODE][MODE_PRIVATE] [Method][getString] [String][ChSYRKfJ9M/5SL85gz/MVCnOIyXkPWs4c6IqdulW5HA=] [Return][null]
D/S4URC   ( 2514): [SDK] [android.content.ContextWrapper][getSharedPreferences] [File][com.jqepef.edrydg_preferences.xml] [MODE][MODE_PRIVATE]
D/S4URC   ( 2514): [SDK] [javax.crypto.spec.SecretKeySpec][Constructor] [KEY][z1Ahp0YYt++qGfcDMysGwvdSk0ZgPLECQiUlzz9O6FM=][type][HmacSHA256][javax.crypto.spec.PBEKeySpec][Constructor] [Password][com.jqepef.edrydg] [Salt][unknown]
D/S4URC   ( 2514): [SDK] [android.telephony.TelephonyManager] [getSubscriberId]
D/S4URC   ( 2514): [SDK] [java.io.File] [getPath] [FilePath][String] [/data/data/com.jqepef.edrydg]
D/S4URC   ( 2514): [SDK] [java.io.File] [exists] [FilePath][String] [/data/data/com.jqepef.edrydg/files]
D/S4URC   ( 2514): [SDK] [java.io.File] [getPath] [FilePath][String] [/data/data/com.jqepef.edrydg/files]
D/S4URC   ( 2514): [SDK] [java.io.File] [exists] [FilePath][String] [/data/data/com.jqepef.edrydg/files/proxyinstallation]
D/S4URC   ( 2514): [SDK] [java.io.File] [getPath] [FilePath][String] [/data/data/com.jqepef.edrydg/files/proxyinstallation]
D/S4URC   ( 2514): [SDK] [java.lang.Class] [forName] [FindClass][String] [java.lang.Thread]
D/S4URC   ( 2514): [SDK] [java.lang.Class] [forName] [FindClass][String] [java.lang.String]
D/S4URC   ( 2514): [SDK] [java.lang.Class] [forName] [FindClass][String] [java.lang.StackTraceElement]
D/S4URC   ( 2514): [SDK] [java.lang.Class] [forName] [FindClass][String] [com.android.okhttp.HttpHandler]
D/S4URC   ( 2514): [SDK] [java.lang.Class] [forName] [FindClass][String] [com.android.org.conscrypt.OpenSSLContextImpl]
D/S4URC   ( 2514): [SDK] [java.net] [HttpURLConnection] [URL][String] [http://mobproxy7.com:1010/hlog]
D/S4URC   ( 2514): [SDK] [java.net] [HttpURLConnection] [Request][Method] [POST] [URL][String] [http://mobproxy7.com:1010/hlog]
D/S4URC   ( 2403): [SDK] [java.io.File] [Constructor] [FilePath][String] [/data/data/com.jqepef.edrydg/files/Mint-lastsavedfile]
D/S4URC   ( 2403): [SDK] [java.io.File] [getPath] [FilePath][String] [/data/data/com.jqepef.edrydg/files/Mint-lastsavedfile]
D/S4URC   ( 2403): [NDK] [SYSCALL] [open] [PATH][string] [/data/data/com.jqepef.edrydg/files/Mint-lastsavedfile] [RETURN][int] [19]
D/S4URC   ( 2403): [SDK] [java.io.File] [Constructor] [FilePath][String] [/data/data/com.jqepef.edrydg/files/MintSavedData-1-1536818296405.json]
D/S4URC   ( 2403): [NDK] [SYSCALL] [stat] [PATH][string] [/data/data/com.jqepef.edrydg/files/MintSavedData-1-1536818296405.json]
D/S4URC   ( 2403): [SDK] [java.io.File] [exists] [FilePath][String] [/data/data/com.jqepef.edrydg/files/MintSavedData-1-1536818296405.json]
D/S4URC   ( 2403): [NDK] [SYSCALL] [access] [PATH][string] [/data/data/com.jqepef.edrydg/files/MintSavedData-1-1536818296405.json]
D/S4URC   ( 2403): [SDK] [java.io.File] [getPath] [FilePath][String] [/data/data/com.jqepef.edrydg/files/MintSavedData-1-1536818296405.json]
D/S4URC   ( 2403): [NDK] [SYSCALL] [open] [PATH][string] [/data/data/com.jqepef.edrydg/files/MintSavedData-1-1536818296405.json] [RETURN][int] [19]
D/S4URC   ( 2403): [SDK] [java.io.File] [getName] [FilePath][String] [/data/data/com.jqepef.edrydg/files/MintSavedData-1-1536818296405.json]
D/S4URC   ( 2403): [SDK] [java.io.File] [Constructor] [FilePath][String] [/data/data/com.jqepef.edrydg/files/Mint-lastsavedfile]
D/S4URC   ( 2403): [SDK] [java.io.File] [exists] [FilePath][String] [/data/data/com.jqepef.edrydg/files/Mint-lastsavedfile]
D/S4URC   ( 2403): [NDK] [SYSCALL] [access] [PATH][string] [/data/data/com.jqepef.edrydg/files/Mint-lastsavedfile]
D/S4URC   ( 2403): [SDK] [java.io.File] [getPath] [FilePath][String] [/data/data/com.jqepef.edrydg/files/Mint-lastsavedfile]
D/S4URC   ( 2403): [NDK] [SYSCALL] [open] [PATH][string] [/data/data/com.jqepef.edrydg/files/Mint-lastsavedfile] [RETURN][int] [19]
D/S4URC   ( 2403): [SDK] [java.io.File] [Constructor] [FilePath][String] [/system/app/Superuser.apk]
D/S4URC   ( 2403): [SDK] [java.io.File] [exists] [FilePath][String] [/system/app/Superuser.apk]
D/S4URC   ( 2403): [NDK] [SYSCALL] [access] [PATH][string] [/system/app/Superuser.apk]
D/S4URC   ( 2403): [SDK] [java.lang.Runtime] [exec] [Command][String] [/system/xbin/whichsu]
D/S4URC   ( 2768): [NDK] [SYSCALL] [getdents] [PATH][string] [.]
D/S4URC   ( 2514): [SDK] [android.content.ContextWrapper][getSharedPreferences] [File][com.jqepef.edrydg_preferences.xml] [MODE][MODE_PRIVATE] [Method][getString] [String][/sArw5T39EFXMYim/iTaU+WZdVuv7NcahsQK1puBnSY=] [Return][wPkWdaAHEiQb52BTavurPA==:z1Ahp0YYt++qGfcDMysGwvdSk0ZgPLECQiUlzz9O6FM=]
D/S4URC   ( 2514): [SDK] [android.content.ContextWrapper][getSharedPreferences] [File][com.jqepef.edrydg_preferences.xml] [MODE][MODE_PRIVATE] [Method][getString] [String][RJLlwrHbab/nlP+fp/Rx4lGZTFlUIrCnqrFdHoZub+s=] [Return][null]
D/S4URC   ( 2514): [SDK] [java.lang.Class] [forName] [FindClass][String] [java.lang.Thread]
D/S4URC   ( 2514): [SDK] [java.lang.Class] [forName] [FindClass][String] [java.lang.String]
D/S4URC   ( 2514): [SDK] [java.lang.Class] [forName] [FindClass][String] [java.lang.StackTraceElement]
D/S4URC   ( 2514): [SDK] [android.content.ContextWrapper][getSharedPreferences] [File][com.jqepef.edrydg_preferences.xml] [MODE][MODE_PRIVATE]
D/S4URC   ( 2403): [SDK] [android.telephony.TelephonyManager] [getLine1Number]
D/S4URC   ( 2403): [SDK] [android.telephony.TelephonyManager] [getSubscriberId]
D/S4URC   ( 2514): [SDK] [javax.crypto.spec.SecretKeySpec][Constructor] [KEY][z1Ahp0YYt++qGfcDMysGwvdSk0ZgPLECQiUlzz9O6FM=][type][HmacSHA256][javax.crypto.spec.PBEKeySpec][Constructor] [Password][com.jqepef.edrydg] [Salt][unknown]
D/S4URC   ( 2403): [SDK] [android.app.ApplicationPackageManager] [getPackageInfo] [FindPackageName][String] [com.jqepef.edrydg]
D/S4URC   ( 2403): [SDK] [android.content.ContextWrapper][getSharedPreferences] [File][Preferences.xml] [MODE][MODE_PRIVATE] [Method][getString] [String][mobile] [Return][null]
D/S4URC   ( 2403): [SDK] [android.content.ContextWrapper][getSharedPreferences] [File][Preferences.xml] [MODE][MODE_PRIVATE] [Method][getString] [String][agent] [Return][Dalvik/2.1.0 (Linux; U; Android 5.1.1; galaxys5 Build/LMY49J)]
D/S4URC   ( 2403): [SDK] [java.lang.Class] [forName] [FindClass][String] [java.net.PlainSocketImpl]
D/S4URC   ( 2403): [NDK] [SYSCALL] [socket] [TYPE][string] [TCP]
D/S4URC   ( 2514): [SDK] [android.content.ContextWrapper][getSharedPreferences] [File][com.jqepef.edrydg_preferences.xml] [MODE][MODE_PRIVATE] [Method][getString] [String][/sArw5T39EFXMYim/iTaU+WZdVuv7NcahsQK1puBnSY=] [Return][wPkWdaAHEiQb52BTavurPA==:z1Ahp0YYt++qGfcDMysGwvdSk0ZgPLECQiUlzz9O6FM=]
D/S4URC   ( 2514): [SDK] [javax.crypto.spec.SecretKeySpec][Constructor] [KEY][z1Ahp0YYt++qGfcDMysGwvdSk0ZgPLECQiUlzz9O6FM=][type][HmacSHA256][javax.crypto.Cipher][getInstance] [Cipher][AES/CBC/PKCS5Padding] [javax.crypto.spec.IvParameterSpec][Constructor] [IV][Ijk4W4OaaFG6U44ERLDNTw==] [javax.crypto.Cipher][doFinal] [Data][wifi] [Return][Z8sVSzUlRSEb1pLRXF8e4w==]
D/S4URC   ( 2514): [SDK] [android.content.ContextWrapper][getSharedPreferences] [File][com.jqepef.edrydg_preferences.xml] [MODE][MODE_PRIVATE] [Method][putString] [Key][U4MtfPuW7rf9SdxK63zZkoBxILgr1kkeKs1U4phIXoQ=] [Value][Ijk4W4OaaFG6U44ERLDNTw==:dzUIfMeCDafqOTIJHs6E6ffpnjKjdgferbt0/ca6MWg=:Z8sVSzUlRSEb1pLRXF8e4w==]
D/S4URC   ( 2514): [SDK] [java.io.File] [exists] [FilePath][String] [/data/data/com.jqepef.edrydg/shared_prefs/com.jqepef.edrydg_preferences.xml]
D/S4URC   ( 2514): [SDK] [java.io.File] [exists] [FilePath][String] [/data/data/com.jqepef.edrydg/shared_prefs/com.jqepef.edrydg_preferences.xml.bak]
D/S4URC   ( 2514): [SDK] [java.io.File] [renameTo] [FilePath][String] [/data/data/com.jqepef.edrydg/shared_prefs/com.jqepef.edrydg_preferences.xml] [DesFile][/data/data/com.jqepef.edrydg/shared_prefs/com.jqepef.edrydg_preferences.xml.bak]
D/S4URC   ( 2514): [SDK] [java.io.File] [getPath] [FilePath][String] [/data/data/com.jqepef.edrydg/shared_prefs/com.jqepef.edrydg_preferences.xml]
D/S4URC   ( 2514): [SDK] [java.io.File] [delete] [FilePath][String] [/data/data/com.jqepef.edrydg/shared_prefs/com.jqepef.edrydg_preferences.xml.bak]
D/S4URC   ( 2514): [SDK] [android.content.ContextWrapper][getSharedPreferences] [File][com.jqepef.edrydg_preferences.xml] [MODE][MODE_PRIVATE] [Method][commit]
D/S4URC   ( 2514):  [Method][getString] [String][/sArw5T39EFXMYim/iTaU+WZdVuv7NcahsQK1puBnSY=] [Return][wPkWdaAHEiQb52BTavurPA==:z1Ahp0YYt++qGfcDMysGwvdSk0ZgPLECQiUlzz9O6FM=]
D/S4URC   ( 2514):  [Method][getString] [String][8v+DhgpNwgOYjtGiK6HyEjfwSr29DEyVEQPPvtEh3ng=] [Return][i7IO2ZOeKvZO2VfOTVTbug==:IFwh9eDIZPWvRZqOUniGAL+Ua+VrDSo/uxTcJgxxlwY=:BuVew1XgK0Ln8IGfgSQ1Ag==]
D/S4URC   ( 2514): [SDK] [javax.crypto.spec.SecretKeySpec][Constructor] [KEY][z1Ahp0YYt++qGfcDMysGwvdSk0ZgPLECQiUlzz9O6FM=][type][HmacSHA256][javax.crypto.Cipher][getInstance] [Cipher][AES/CBC/PKCS5Padding] [javax.crypto.spec.IvParameterSpec][Constructor] [IV][i7IO2ZOeKvZO2VfOTVTbug==] [javax.crypto.Cipher][doFinal] [Data][BuVew1XgK0Ln8IGfgSQ1Ag==] [Return][mobproxy7.com]
D/S4URC   ( 2514): [SDK] [java.net] [HttpURLConnection] [URL][String] [http://mobproxy7.com:1010/speedtest/download?size=153600]
D/S4URC   ( 2403): [SDK] [java.io.File] [Constructor] [FilePath][String] [/data/data/com.jqepef.edrydg/files/Mint-lastsavedfile]
D/S4URC   ( 2403): [SDK] [java.io.File] [getPath] [FilePath][String] [/data/data/com.jqepef.edrydg/files/Mint-lastsavedfile]
D/S4URC   ( 2403): [NDK] [SYSCALL] [open] [PATH][string] [/data/data/com.jqepef.edrydg/files/Mint-lastsavedfile] [RETURN][int] [19]
D/S4URC   ( 2403): [SDK] [java.io.File] [Constructor] [FilePath][String] [/data/data/com.jqepef.edrydg/files/MintSavedData-1-1536818296405.json]
D/S4URC   ( 2403): [NDK] [SYSCALL] [stat] [PATH][string] [/data/data/com.jqepef.edrydg/files/MintSavedData-1-1536818296405.json]
D/S4URC   ( 2403): [SDK] [java.io.File] [exists] [FilePath][String] [/data/data/com.jqepef.edrydg/files/MintSavedData-1-1536818296405.json]
D/S4URC   ( 2403): [NDK] [SYSCALL] [access] [PATH][string] [/data/data/com.jqepef.edrydg/files/MintSavedData-1-1536818296405.json]
D/S4URC   ( 2403): [SDK] [java.io.File] [getPath] [FilePath][String] [/data/data/com.jqepef.edrydg/files/MintSavedData-1-1536818296405.json]
D/S4URC   ( 2403): [NDK] [SYSCALL] [open] [PATH][string] [/data/data/com.jqepef.edrydg/files/MintSavedData-1-1536818296405.json] [RETURN][int] [19]
D/S4URC   ( 2403): [SDK] [java.io.File] [getName] [FilePath][String] [/data/data/com.jqepef.edrydg/files/MintSavedData-1-1536818296405.json]
D/S4URC   ( 2403): [SDK] [java.io.File] [Constructor] [FilePath][String] [/data/data/com.jqepef.edrydg/files/Mint-lastsavedfile]
D/S4URC   ( 2403): [SDK] [java.io.File] [exists] [FilePath][String] [/data/data/com.jqepef.edrydg/files/Mint-lastsavedfile]
D/S4URC   ( 2403): [NDK] [SYSCALL] [access] [PATH][string] [/data/data/com.jqepef.edrydg/files/Mint-lastsavedfile]
D/S4URC   ( 2403): [SDK] [java.io.File] [getPath] [FilePath][String] [/data/data/com.jqepef.edrydg/files/Mint-lastsavedfile]
D/S4URC   ( 2403): [NDK] [SYSCALL] [open] [PATH][string] [/data/data/com.jqepef.edrydg/files/Mint-lastsavedfile] [RETURN][int] [18]
D/S4URC   ( 2403): [SDK] [java.io.File] [Constructor] [FilePath][String] [/system/app/Superuser.apk]
D/S4URC   ( 2403): [SDK] [java.io.File] [exists] [FilePath][String] [/system/app/Superuser.apk]
D/S4URC   ( 2403): [NDK] [SYSCALL] [access] [PATH][string] [/system/app/Superuser.apk]
D/S4URC   ( 2403): [SDK] [java.lang.Runtime] [exec] [Command][String] [/system/xbin/whichsu]
D/S4URC   ( 2815): [NDK] [SYSCALL] [getdents] [PATH][string] [.]
D/S4URC   ( 2403): [SDK] [android.telephony.TelephonyManager] [getLine1Number]
D/S4URC   ( 2403): [SDK] [android.telephony.TelephonyManager] [getSubscriberId]
D/S4URC   ( 2403): [SDK] [android.app.ApplicationPackageManager] [getPackageInfo] [FindPackageName][String] [com.jqepef.edrydg]
D/S4URC   ( 2403): [SDK] [android.content.ContextWrapper][getSharedPreferences] [File][Preferences.xml] [MODE][MODE_PRIVATE] [Method][getString] [String][mobile] [Return][null]
D/S4URC   ( 2403): [SDK] [android.content.ContextWrapper][getSharedPreferences] [File][Preferences.xml] [MODE][MODE_PRIVATE] [Method][getString] [String][agent] [Return][Dalvik/2.1.0 (Linux; U; Android 5.1.1; galaxys5 Build/LMY49J)]
D/S4URC   ( 2514): [SDK] [java.lang.Class] [forName] [FindClass][String] [java.net.PlainSocketImpl]
D/S4URC   ( 2514): [SDK] [java.io.File] [Constructor] [FilePath][String] [/data/data/com.jqepef.edrydg/files/Mint-lastsavedfile]
D/S4URC   ( 2514): [SDK] [java.io.File] [getPath] [FilePath][String] [/data/data/com.jqepef.edrydg/files/Mint-lastsavedfile]
D/S4URC   ( 2514): [SDK] [java.io.File] [Constructor] [FilePath][String] [/data/data/com.jqepef.edrydg/files/MintSavedData-1-1536818296405.json]
D/S4URC   ( 2514): [SDK] [java.io.File] [exists] [FilePath][String] [/data/data/com.jqepef.edrydg/files/MintSavedData-1-1536818296405.json]
D/S4URC   ( 2514): [SDK] [java.io.File] [getPath] [FilePath][String] [/data/data/com.jqepef.edrydg/files/MintSavedData-1-1536818296405.json]
D/S4URC   ( 2514): [SDK] [java.io.File] [getName] [FilePath][String] [/data/data/com.jqepef.edrydg/files/MintSavedData-1-1536818296405.json]
D/S4URC   ( 2514): [SDK] [java.io.File] [Constructor] [FilePath][String] [/data/data/com.jqepef.edrydg/files/Mint-lastsavedfile]
D/S4URC   ( 2514): [SDK] [java.io.File] [exists] [FilePath][String] [/data/data/com.jqepef.edrydg/files/Mint-lastsavedfile]
D/S4URC   ( 2514): [SDK] [java.io.File] [getPath] [FilePath][String] [/data/data/com.jqepef.edrydg/files/Mint-lastsavedfile]
D/S4URC   ( 2403): [SDK] [java.lang.Class] [forName] [FindClass][String] [java.net.PlainSocketImpl]
D/S4URC   ( 2403): [NDK] [SYSCALL] [socket] [TYPE][string] [TCP]
D/S4URC   ( 2514): [SDK] [android.content.ContextWrapper][getSharedPreferences] [File][com.jqepef.edrydg_preferences.xml] [MODE][MODE_PRIVATE]
D/S4URC   ( 2514): [SDK] [javax.crypto.spec.PBEKeySpec][Constructor] [Password][com.jqepef.edrydg] [Salt][unknown]
D/S4URC   ( 2514): [SDK] [android.content.ContextWrapper][getSharedPreferences] [File][com.jqepef.edrydg_preferences.xml] [MODE][MODE_PRIVATE] [Method][getString] [String][/sArw5T39EFXMYim/iTaU+WZdVuv7NcahsQK1puBnSY=] [Return][wPkWdaAHEiQb52BTavurPA==:z1Ahp0YYt++qGfcDMysGwvdSk0ZgPLECQiUlzz9O6FM=]
D/S4URC   ( 2514): [SDK] [android.content.ContextWrapper][getSharedPreferences] [File][com.jqepef.edrydg_preferences.xml] [MODE][MODE_PRIVATE] [Method][getString] [String][8v+DhgpNwgOYjtGiK6HyEjfwSr29DEyVEQPPvtEh3ng=] [Return][i7IO2ZOeKvZO2VfOTVTbug==:IFwh9eDIZPWvRZqOUniGAL+Ua+VrDSo/uxTcJgxxlwY=:BuVew1XgK0Ln8IGfgSQ1Ag==]
D/S4URC   ( 2514): [SDK] [javax.crypto.spec.SecretKeySpec][Constructor] [KEY][z1Ahp0YYt++qGfcDMysGwvdSk0ZgPLECQiUlzz9O6FM=][type][HmacSHA256][javax.crypto.Cipher][getInstance] [Cipher][AES/CBC/PKCS5Padding] [javax.crypto.spec.IvParameterSpec][Constructor] [IV][i7IO2ZOeKvZO2VfOTVTbug==] [javax.crypto.Cipher][doFinal] [Data][BuVew1XgK0Ln8IGfgSQ1Ag==] [Return][mobproxy7.com]
D/S4URC   ( 2514): [SDK] [android.content.ContextWrapper][getSharedPreferences] [File][com.jqepef.edrydg_preferences.xml] [MODE][MODE_PRIVATE]
D/S4URC   ( 2514): [SDK] [javax.crypto.spec.PBEKeySpec][Constructor] [Password][com.jqepef.edrydg] [Salt][unknown]
D/S4URC   ( 2403): [SDK] [java.io.File] [Constructor] [FilePath][String] [/data/data/com.jqepef.edrydg/files/Mint-lastsavedfile]
D/S4URC   ( 2403): [SDK] [java.io.File] [getPath] [FilePath][String] [/data/data/com.jqepef.edrydg/files/Mint-lastsavedfile]
D/S4URC   ( 2403): [NDK] [SYSCALL] [open] [PATH][string] [/data/data/com.jqepef.edrydg/files/Mint-lastsavedfile] [RETURN][int] [22]
D/S4URC   ( 2403): [SDK] [java.io.File] [Constructor] [FilePath][String] [/data/data/com.jqepef.edrydg/files/MintSavedData-1-1536818296405.json]
D/S4URC   ( 2403): [NDK] [SYSCALL] [stat] [PATH][string] [/data/data/com.jqepef.edrydg/files/MintSavedData-1-1536818296405.json]
D/S4URC   ( 2403): [SDK] [java.io.File] [exists] [FilePath][String] [/data/data/com.jqepef.edrydg/files/MintSavedData-1-1536818296405.json]
D/S4URC   ( 2403): [NDK] [SYSCALL] [access] [PATH][string] [/data/data/com.jqepef.edrydg/files/MintSavedData-1-1536818296405.json]
D/S4URC   ( 2403): [SDK] [java.io.File] [getPath] [FilePath][String] [/data/data/com.jqepef.edrydg/files/MintSavedData-1-1536818296405.json]
D/S4URC   ( 2403): [NDK] [SYSCALL] [open] [PATH][string] [/data/data/com.jqepef.edrydg/files/MintSavedData-1-1536818296405.json] [RETURN][int] [22]
D/S4URC   ( 2403): [SDK] [java.io.File] [getName] [FilePath][String] [/data/data/com.jqepef.edrydg/files/MintSavedData-1-1536818296405.json]
D/S4URC   ( 2403): [SDK] [java.io.File] [Constructor] [FilePath][String] [/data/data/com.jqepef.edrydg/files/Mint-lastsavedfile]
D/S4URC   ( 2403): [SDK] [java.io.File] [exists] [FilePath][String] [/data/data/com.jqepef.edrydg/files/Mint-lastsavedfile]
D/S4URC   ( 2403): [NDK] [SYSCALL] [access] [PATH][string] [/data/data/com.jqepef.edrydg/files/Mint-lastsavedfile]
D/S4URC   ( 2403): [SDK] [java.io.File] [getPath] [FilePath][String] [/data/data/com.jqepef.edrydg/files/Mint-lastsavedfile]
D/S4URC   ( 2403): [NDK] [SYSCALL] [open] [PATH][string] [/data/data/com.jqepef.edrydg/files/Mint-lastsavedfile] [RETURN][int] [18]
D/S4URC   ( 2514): [SDK] [android.content.ContextWrapper][getSharedPreferences] [File][com.jqepef.edrydg_preferences.xml] [MODE][MODE_PRIVATE] [Method][getString] [String][/sArw5T39EFXMYim/iTaU+WZdVuv7NcahsQK1puBnSY=] [Return][wPkWdaAHEiQb52BTavurPA==:z1Ahp0YYt++qGfcDMysGwvdSk0ZgPLECQiUlzz9O6FM=]
D/S4URC   ( 2514): [SDK] [javax.crypto.spec.SecretKeySpec][Constructor] [KEY][z1Ahp0YYt++qGfcDMysGwvdSk0ZgPLECQiUlzz9O6FM=][type][HmacSHA256][javax.crypto.Cipher][getInstance] [Cipher][AES/CBC/PKCS5Padding] [javax.crypto.spec.IvParameterSpec][Constructor] [IV][SIwZ2QucoczN9AABewTg7Q==] [javax.crypto.Cipher][doFinal] [Data][mobproxy.net,mobproxy7.com] [Return][kTjBf09JUrIQCGK5Ea0Hv4YBfkjIF9dS44dTw17Rdc8=]
D/S4URC   ( 2514): [SDK] [android.content.ContextWrapper][getSharedPreferences] [File][com.jqepef.edrydg_preferences.xml] [MODE][MODE_PRIVATE] [Method][putString] [Key][8v+DhgpNwgOYjtGiK6HyEjfwSr29DEyVEQPPvtEh3ng=] [Value][SIwZ2QucoczN9AABewTg7Q==:SV6O4jRNxDvJN8caTl0VDM7UT0hZHCSZeS2SLMpTfHU=:kTjBf09JUrIQCGK5Ea0Hv4YBfkjIF9dS44dTw17Rdc8=]
D/S4URC   ( 2514): [SDK] [android.content.ContextWrapper][getSharedPreferences] [File][com.jqepef.edrydg_preferences.xml] [MODE][MODE_PRIVATE]
D/S4URC   ( 2514): [SDK] [javax.crypto.spec.PBEKeySpec][Constructor] [Password][com.jqepef.edrydg] [Salt][unknown]
D/S4URC   ( 2514): [SDK] [java.io.File] [exists] [FilePath][String] [/data/data/com.jqepef.edrydg/shared_prefs/com.jqepef.edrydg_preferences.xml]
D/S4URC   ( 2514): [SDK] [java.io.File] [exists] [FilePath][String] [/data/data/com.jqepef.edrydg/shared_prefs/com.jqepef.edrydg_preferences.xml.bak]
D/S4URC   ( 2514): [SDK] [java.io.File] [renameTo] [FilePath][String] [/data/data/com.jqepef.edrydg/shared_prefs/com.jqepef.edrydg_preferences.xml] [DesFile][/data/data/com.jqepef.edrydg/shared_prefs/com.jqepef.edrydg_preferences.xml.bak]
D/S4URC   ( 2514): [SDK] [java.io.File] [getPath] [FilePath][String] [/data/data/com.jqepef.edrydg/shared_prefs/com.jqepef.edrydg_preferences.xml]
D/S4URC   ( 2514): [SDK] [java.io.File] [delete] [FilePath][String] [/data/data/com.jqepef.edrydg/shared_prefs/com.jqepef.edrydg_preferences.xml.bak]
D/S4URC   ( 2514): [SDK] [android.content.ContextWrapper][getSharedPreferences] [File][com.jqepef.edrydg_preferences.xml] [MODE][MODE_PRIVATE] [Method][commit]
D/S4URC   ( 2514):  [Method][getString] [String][/sArw5T39EFXMYim/iTaU+WZdVuv7NcahsQK1puBnSY=] [Return][wPkWdaAHEiQb52BTavurPA==:z1Ahp0YYt++qGfcDMysGwvdSk0ZgPLECQiUlzz9O6FM=]
D/S4URC   ( 2514):  [Method][getString] [String][8v+DhgpNwgOYjtGiK6HyEjfwSr29DEyVEQPPvtEh3ng=] [Return][SIwZ2QucoczN9AABewTg7Q==:SV6O4jRNxDvJN8caTl0VDM7UT0hZHCSZeS2SLMpTfHU=:kTjBf09JUrIQCGK5Ea0Hv4YBfkjIF9dS44dTw17Rdc8=]
D/S4URC   ( 2514): [SDK] [javax.crypto.spec.SecretKeySpec][Constructor] [KEY][z1Ahp0YYt++qGfcDMysGwvdSk0ZgPLECQiUlzz9O6FM=][type][HmacSHA256][javax.crypto.Cipher][getInstance] [Cipher][AES/CBC/PKCS5Padding] [javax.crypto.spec.IvParameterSpec][Constructor] [IV][SIwZ2QucoczN9AABewTg7Q==] [javax.crypto.Cipher][doFinal] [Data][kTjBf09JUrIQCGK5Ea0Hv4YBfkjIF9dS44dTw17Rdc8=] [Return][mobproxy.net,mobproxy7.com]
D/S4URC   ( 2514): [SDK] [android.content.ContextWrapper][getSharedPreferences] [File][com.jqepef.edrydg_preferences.xml] [MODE][MODE_PRIVATE]
D/S4URC   ( 2514): [SDK] [javax.crypto.spec.PBEKeySpec][Constructor] [Password][com.jqepef.edrydg] [Salt][unknown]
D/S4URC   ( 2514): [SDK] [android.content.ContextWrapper][getSharedPreferences] [File][com.jqepef.edrydg_preferences.xml] [MODE][MODE_PRIVATE]
D/S4URC   ( 2514): [SDK] [javax.crypto.spec.PBEKeySpec][Constructor] [Password][com.jqepef.edrydg] [Salt][unknown]
D/S4URC   ( 2514): [SDK] [android.content.ContextWrapper][getSharedPreferences] [File][com.jqepef.edrydg_preferences.xml] [MODE][MODE_PRIVATE] [Method][getString] [String][/sArw5T39EFXMYim/iTaU+WZdVuv7NcahsQK1puBnSY=] [Return][wPkWdaAHEiQb52BTavurPA==:z1Ahp0YYt++qGfcDMysGwvdSk0ZgPLECQiUlzz9O6FM=]
D/S4URC   ( 2514): [SDK] [android.content.ContextWrapper][getSharedPreferences] [File][com.jqepef.edrydg_preferences.xml] [MODE][MODE_PRIVATE] [Method][getString] [String][KTG81sSjZqvKo7LXRs0+R1OcEkazrNv6w297XBpYnVs=] [Return][h7QgbhnMyejdGB1Fi4ZAGQ==:/6hJ6PfDP2DCR7BO9BHHk+T6NLMpFfQMNxoi/xf/hJE=:5q7biqxJc/jTwEhySZomiQ==]
D/S4URC   ( 2514): [SDK] [javax.crypto.spec.SecretKeySpec][Constructor] [KEY][z1Ahp0YYt++qGfcDMysGwvdSk0ZgPLECQiUlzz9O6FM=][type][HmacSHA256][javax.crypto.Cipher][getInstance] [Cipher][AES/CBC/PKCS5Padding] [javax.crypto.spec.IvParameterSpec][Constructor] [IV][h7QgbhnMyejdGB1Fi4ZAGQ==] [javax.crypto.Cipher][doFinal] [Data][5q7biqxJc/jTwEhySZomiQ==] [Return][-1]
D/S4URC   ( 2514): [SDK] [android.content.ContextWrapper][getSharedPreferences] [File][com.jqepef.edrydg_preferences.xml] [MODE][MODE_PRIVATE]
D/S4URC   ( 2514): [SDK] [javax.crypto.spec.PBEKeySpec][Constructor] [Password][com.jqepef.edrydg] [Salt][unknown]
D/S4URC   ( 2514): [SDK] [android.content.ContextWrapper][getSharedPreferences] [File][com.jqepef.edrydg_preferences.xml] [MODE][MODE_PRIVATE] [Method][getString] [String][/sArw5T39EFXMYim/iTaU+WZdVuv7NcahsQK1puBnSY=] [Return][wPkWdaAHEiQb52BTavurPA==:z1Ahp0YYt++qGfcDMysGwvdSk0ZgPLECQiUlzz9O6FM=]
D/S4URC   ( 2514): [SDK] [android.content.ContextWrapper][getSharedPreferences] [File][com.jqepef.edrydg_preferences.xml] [MODE][MODE_PRIVATE] [Method][getString] [String][RJLlwrHbab/nlP+fp/Rx4lGZTFlUIrCnqrFdHoZub+s=] [Return][null]
D/S4URC   ( 2514): [SDK] [android.content.ContextWrapper][getSharedPreferences] [File][com.jqepef.edrydg_preferences.xml] [MODE][MODE_PRIVATE] [Method][getString] [String][/sArw5T39EFXMYim/iTaU+WZdVuv7NcahsQK1puBnSY=] [Return][wPkWdaAHEiQb52BTavurPA==:z1Ahp0YYt++qGfcDMysGwvdSk0ZgPLECQiUlzz9O6FM=]
D/S4URC   ( 2514): [SDK] [javax.crypto.spec.SecretKeySpec][Constructor] [KEY][z1Ahp0YYt++qGfcDMysGwvdSk0ZgPLECQiUlzz9O6FM=][type][HmacSHA256][javax.crypto.Cipher][getInstance] [Cipher][AES/CBC/PKCS5Padding] [javax.crypto.spec.IvParameterSpec][Constructor] [IV][6SX8patkjiMEg+NUyFvzBA==] [javax.crypto.Cipher][doFinal] [Data][mobproxy.net] [Return][yBitFz3t7ya5Plqi3/Dlmg==]
D/S4URC   ( 2514): [SDK] [android.content.ContextWrapper][getSharedPreferences] [File][com.jqepef.edrydg_preferences.xml] [MODE][MODE_PRIVATE] [Method][putString] [Key][8v+DhgpNwgOYjtGiK6HyEjfwSr29DEyVEQPPvtEh3ng=] [Value][6SX8patkjiMEg+NUyFvzBA==:UzElvYRRii79jTuMMgMw2jjktame2hA+qgy9EElLUUE=:yBitFz3t7ya5Plqi3/Dlmg==]
D/S4URC   ( 2514): [SDK] [android.content.ContextWrapper][getSharedPreferences] [File][com.jqepef.edrydg_preferences.xml] [MODE][MODE_PRIVATE]
D/S4URC   ( 2514): [SDK] [javax.crypto.spec.PBEKeySpec][Constructor] [Password][com.jqepef.edrydg] [Salt][unknown]
D/S4URC   ( 2514): [SDK] [java.io.File] [exists] [FilePath][String] [/data/data/com.jqepef.edrydg/shared_prefs/com.jqepef.edrydg_preferences.xml]
D/S4URC   ( 2514): [SDK] [java.io.File] [exists] [FilePath][String] [/data/data/com.jqepef.edrydg/shared_prefs/com.jqepef.edrydg_preferences.xml.bak]
D/S4URC   ( 2514): [SDK] [java.io.File] [renameTo] [FilePath][String] [/data/data/com.jqepef.edrydg/shared_prefs/com.jqepef.edrydg_preferences.xml] [DesFile][/data/data/com.jqepef.edrydg/shared_prefs/com.jqepef.edrydg_preferences.xml.bak]
D/S4URC   ( 2514): [SDK] [java.io.File] [getPath] [FilePath][String] [/data/data/com.jqepef.edrydg/shared_prefs/com.jqepef.edrydg_preferences.xml]
D/S4URC   ( 2514): [SDK] [java.io.File] [delete] [FilePath][String] [/data/data/com.jqepef.edrydg/shared_prefs/com.jqepef.edrydg_preferences.xml.bak]
