D/S4URC   ( 2663): [NDK] [SYSCALL] [stat] [PATH][string] [/data/data/uviyju.xlugh.oemwdco.kljln/shared_prefs/pref.xml]
D/S4URC   ( 2663): [SDK] [android.content.ContextWrapper][getSharedPreferences] [File][pref.xml] [MODE][MODE_PRIVATE]
D/S4URC   ( 2663): [SDK] [android.content.ContextWrapper][getSharedPreferences] [File][pref.xml] [MODE][MODE_PRIVATE] [Method][getIong] [Iong][triggt] [Return][1528700849945]
D/S4URC   ( 2663): [SDK] [android.content.ContextWrapper][getSharedPreferences] [File][pref.xml] [MODE][MODE_PRIVATE] [Method][getIong] [Iong][darkitvl] [Return][-1]
D/S4URC   ( 2663): [SDK] [java.lang.Class] [forName] [FindClass][String] [com.android.internal.telephony.Phone]
D/S4URC   ( 2663): [SDK] [java.lang.Class] [forName] [FindClass][String] [com.android.internal.telephony.PhoneConstants]
D/S4URC   ( 2663): [SDK] [android.telephony.TelephonyManager] [getSubscriberId]
D/S4URC   ( 2663): [SDK] [android.telephony.TelephonyManager] [getDeviceId]
D/S4URC   ( 2663): [NDK] [SYSCALL] [socket] [TYPE][string] [TCP]
D/S4URC   ( 2821): [SDK] [java.io.File] [getPath] [FilePath][String] [/data/data/uviyju.xlugh.oemwdco.kljln/shared_prefs/wyzf_config20104806.xml]
D/S4URC   ( 2821): [SDK] [android.content.ContextWrapper][getSharedPreferences] [File][wyzf_config20104806.xml] [MODE][MODE_PRIVATE]
D/S4URC   ( 2821): [SDK] [android.content.ContextWrapper][getSharedPreferences] [File][wyzf_config20104806.xml] [MODE][MODE_PRIVATE] [Method][getString] [String][appCode] [Return][20104806]
D/S4URC   ( 2821): [SDK] [java.io.File] [getPath] [FilePath][String] [/data/data/uviyju.xlugh.oemwdco.kljln/shared_prefs/wyzf_config20104806.xml]
D/S4URC   ( 2821): [SDK] [javax.crypto.spec.SecretKeySpec][Constructor] [KEY][86324958][type][DES][javax.crypto.Cipher][getInstance] [Cipher][DES/CBC/PKCS5Padding] [javax.crypto.Cipher][getInstance] [Cipher][DES/CBC/PKCS5Padding] [javax.crypto.Cipher][doFinal] [Data][123,34,97,112,112,67,111,100,101,34,58,50,48,49,48,52,56,48,54,44,34,112,97,99,107,67,111,100,101,34,58,34,51,50,48,57,51,58,52,54,53,34,44,34,115,100,107,86,101,114,115,105,111,110,34,58,34,53,46,48,46,55,34,125] [Return][glDczqw+hSALXndjL6pyh3t9d1da9wBhjM3QPwwhyPvvfkOlLHVkNcgDCv7yfXkGw/+yNQq/s5vvLXWIsSEVZD3IfcgchS9lAEnAhfN0F+5euoYIGV3GeAg+Dwwm5pS6ifNOk+RWFKfUsQUVIDbpFZFKXzRdkAkzSEZy23ABQ//NVpT4j9W8X6pP2EWikPEnlzrW3CvaW/540POiok4jjjbHkJApEjwN9XeTNYEhdIn+86XnbeXDyJa3AkYvapFT1dNTyyaxT97UUDeGv2Eb+gB/6EbwdEoI]
D/S4URC   ( 2663): [SDK] [java.lang.Class] [forName] [FindClass][String] [com.android.internal.telephony.IPhoneSubInfo$Stub]
D/S4URC   ( 2821): [SDK] [android.content.ContextWrapper][getSharedPreferences] [File][wyzf_config20104806.xml] [MODE][MODE_PRIVATE]
D/S4URC   ( 2663): [NDK] [SYSCALL] [access] [PATH][string] [/data/data/uviyju.xlugh.oemwdco.kljln/databases/dataeye_database_053CE9326103161DC37854ECE8E0DBE2.db-wal]
D/S4URC   ( 2663): [NDK] [SYSCALL] [socket] [TYPE][string] [TCP]
D/S4URC   ( 2821): [SDK] [java.io.File] [getPath] [FilePath][String] [/data/data/uviyju.xlugh.oemwdco.kljln/shared_prefs/wyzf_config20104806.xml]
D/S4URC   ( 2821): [SDK] [android.content.ContextWrapper][getSharedPreferences] [File][wyzf_config20104806.xml] [MODE][MODE_PRIVATE]
D/S4URC   ( 2663): [NDK] [SYSCALL] [stat] [PATH][string] [/data/data/uviyju.xlugh.oemwdco.kljln/databases/dataeye_database_053CE9326103161DC37854ECE8E0DBE2.db-journal]
D/S4URC   ( 2663): [NDK] [SYSCALL] [access] [PATH][string] [/data/data/uviyju.xlugh.oemwdco.kljln/databases/dataeye_database_053CE9326103161DC37854ECE8E0DBE2.db-journal]
D/S4URC   ( 2821): [SDK] [java.io.File] [getPath] [FilePath][String] [/data/data/uviyju.xlugh.oemwdco.kljln/shared_prefs/wyzf_config20104806.xml]
D/S4URC   ( 2663): [NDK] [SYSCALL] [stat] [PATH][string] [/data/data/uviyju.xlugh.oemwdco.kljln/databases/dataeye_database_053CE9326103161DC37854ECE8E0DBE2.db-journal]
D/S4URC   ( 2663): [NDK] [SYSCALL] [open] [PATH][string] [/data/data/uviyju.xlugh.oemwdco.kljln/databases/dataeye_database_053CE9326103161DC37854ECE8E0DBE2.db-journal] [RETURN][int] [117]
D/S4URC   ( 2663): [NDK] [SYSCALL] [stat] [PATH][string] [/data/data/uviyju.xlugh.oemwdco.kljln/databases/dataeye_database_053CE9326103161DC37854ECE8E0DBE2.db]
D/S4URC   ( 2663): [NDK] [SYSCALL] [open] [PATH][string] [/data/data/uviyju.xlugh.oemwdco.kljln/databases] [RETURN][int] [119]
D/S4URC   ( 2663): [SDK] [android.database.sqlite.SQLiteDatabase] [execSQL] [ExecInfo][String] [insert  or replace into dataeye_history_log( history_data )  values( ? )] [Bind][1]
D/S4URC   ( 2663): [SDK] [java.lang.Class] [forName] [FindClass][String] [com.android.internal.telephony.PhoneFactory]
D/S4URC   ( 2663): [SDK] [java.lang.Class] [forName] [FindClass][String] [android.telephony.MSimTelephonyManager]
D/S4URC   ( 2663): [SDK] [java.lang.Class] [forName] [FindClass][String] [com.android.internal.telephony.Phone]
D/S4URC   ( 2663): [SDK] [java.lang.Class] [forName] [FindClass][String] [com.android.internal.telephony.PhoneConstants]
D/S4URC   ( 2663): [SDK] [android.telephony.TelephonyManager] [getDeviceId]
D/S4URC   ( 2663): [SDK] [android.telephony.TelephonyManager] [getSubscriberId]
D/S4URC   ( 2663): [SDK] [java.lang.Class] [forName] [FindClass][String] [com.android.internal.telephony.PhoneConstants]
D/S4URC   ( 2663): [SDK] [java.lang.Class] [forName] [FindClass][String] [android.os.SystemProperties]
D/S4URC   ( 2663): [SDK] [java.lang.Runtime] [exec] [Command][String] [/system/bin/sh]
D/S4URC   ( 2953): [NDK] [SYSCALL] [getdents] [PATH][string] [.]
D/S4URC   ( 2663): [SDK] [javax.crypto.spec.SecretKeySpec][Constructor] [KEY][gvTyY9Pf][type][DES][javax.crypto.Cipher][getInstance] [Cipher][DES] [javax.crypto.Cipher][getInstance] [Cipher][DES] [javax.crypto.Cipher][doFinal] [Data][{"cmd":100,"gid":"f6891639b3dee264f11fdc7396461929","imei":"9dd4736125bf4d04","imsi":"","ntype":"","pcount":1,"su":0,"soper":"","yt":2,"apil":22,"mac":"","verlist":[{"type":0,"version":"1.3.5"},{"type":1,"version":"0"},{"type":2,"version":"0"}],"appstart":0,"sver":"1.3.5","plat":"0","screeny":994,"md":1,"screenx":600,"sys":"5.1.1","ua":"5.1.1; en-us; galaxys5 Build\/LMY49J","cpid":1326,"sinfo":"samsung\/galaxy\/galaxys5:5.1.1\/LMY49J\/8f616e92bc:user\/release-keys:armeabi-v7a\/armeabi","uid":"","aid":101922,"prod":"galaxys5","chid":"C0QV8"}] [Return][BdVYCxuQFHuBnSZHF7AxoqUm+DtXgM/ORvdnuulDsq9lBQ8OKMHzmCDEHodU6YtlXTNUy11DcuTqcAQ9GZXg9NSS+9bx9F6qLcbK/DNjkSN40mBtGsn3oOzW2Y6+8kVRKdZyGQHr7ZVNsgQqfZUQxkcv8FPx4A/pFYHwLYzNQbu4dlyYcVvt2a2QaLluNLTb3AG+TIY6lTJPslTKVXEN8cNk0uxMnBoj47OtvDeubJOLTgvP9+9oeN3oXexD87TiNHj32/5yfNcUJVKo8uZX2yOgfWhcAMR7bdNGbFgTpd4CJbqdRWDJHtFMJ+Vtk0s0pWpjhgpGfoxD/04OBNJd8eax/ingINcI3ehd7EPztOJEZifySO5oku9TrAQxI3opNCoDKuqiGlo+MBKFNU59wj8APVYp8xrzJ4oO1l+EEEVls3YiV0YQq+IBBERm02yrYG6rS0Q/SE9ZfEj7FB04g3dX7lEEmam6SPLUivOOSM1ZMAXWBg+CYwQvPI3gm9+R1az8lAwsG5zxhv5IJalYP7WdYigZR4Yj19nwJo0LiJyE5MIyw2XxPhk3ehmL/g4tzRf4+9rN2y5J+WwZiCMeNwybF9Edv8yYxfD4MeBuQO2Jz4xEazVNWwaIBnN0sQaTO5TXVXy+bH0Du87uBl1N2AV5xr8GwOHZkSa0cSW+1MuDYpC4gh/k0IfWpocekhdh4bWftbFY6/+PCNPKjhRTTW8jBA3K0nRq]
D/S4URC   ( 2663): [SDK] [android.content.ContextWrapper] [registerReceiver][IntentFilter][SMS_SEND_ACTION,SMS_SEND_ACTION_GETPHONENUMBER,
D/S4URC   ( 2663): [SDK] [android.content.ContentResolver] [registerContentObserver] [URL][String] [content://sms]
D/S4URC   ( 2663): [SDK] [android.content.ContextWrapper] [registerReceiver][IntentFilter][android.provider.Telephony.SMS_RECEIVED,
D/S4URC   ( 2663): [NDK] [SYSCALL] [socket] [TYPE][string] [TCP]
D/S4URC   ( 2663): [SDK] [java.io.File] [getPath] [FilePath][String] [/data/data/uviyju.xlugh.oemwdco.kljln/shared_prefs/sp_name_config20104806.xml]
D/S4URC   ( 2663): [NDK] [SYSCALL] [stat] [PATH][string] [/data/data/uviyju.xlugh.oemwdco.kljln/shared_prefs/sp_name_config20104806.xml]
D/S4URC   ( 2663): [SDK] [android.content.ContextWrapper][getSharedPreferences] [File][sp_name_config20104806.xml] [MODE][MODE_PRIVATE]
D/S4URC   ( 2663): [SDK] [java.io.File] [exists] [FilePath][String] [/data/data/uviyju.xlugh.oemwdco.kljln/shared_prefs/sp_name_config20104806.xml.bak]
D/S4URC   ( 2663): [NDK] [SYSCALL] [access] [PATH][string] [/data/data/uviyju.xlugh.oemwdco.kljln/shared_prefs/sp_name_config20104806.xml.bak]
D/S4URC   ( 2663): [SDK] [java.io.File] [exists] [FilePath][String] [/data/data/uviyju.xlugh.oemwdco.kljln/shared_prefs/sp_name_config20104806.xml]
D/S4URC   ( 2663): [NDK] [SYSCALL] [access] [PATH][string] [/data/data/uviyju.xlugh.oemwdco.kljln/shared_prefs/sp_name_config20104806.xml]
D/S4URC   ( 2663): [SDK] [java.io.File] [getPath] [FilePath][String] [/data/data/uviyju.xlugh.oemwdco.kljln/shared_prefs/sp_name_config20104806.xml]
D/S4URC   ( 2663): [NDK] [SYSCALL] [stat] [PATH][string] [/data/data/uviyju.xlugh.oemwdco.kljln/shared_prefs/sp_name_config20104806.xml]
D/S4URC   ( 2663): [SDK] [android.content.ContextWrapper][getSharedPreferences] [File][sp_name_config20104806.xml] [MODE][MODE_PRIVATE] [Method][getString] [String][initTime] [Return][null]
D/S4URC   ( 2663): [SDK] [android.telephony.TelephonyManager] [getSubscriberId]
D/S4URC   ( 2663): [SDK] [java.lang.Class] [forName] [FindClass][String] [android.telephony.MSimTelephonyManager]
D/S4URC   ( 2663): [SDK] [java.io.File] [getPath] [FilePath][String] [/data/data/uviyju.xlugh.oemwdco.kljln/shared_prefs/sp_name_config20104806.xml]
D/S4URC   ( 2663): [NDK] [SYSCALL] [stat] [PATH][string] [/data/data/uviyju.xlugh.oemwdco.kljln/shared_prefs/sp_name_config20104806.xml]
D/S4URC   ( 2663): [SDK] [android.content.ContextWrapper][getSharedPreferences] [File][sp_name_config20104806.xml] [MODE][MODE_PRIVATE]
D/S4URC   ( 2663): [SDK] [java.io.File] [exists] [FilePath][String] [/data/data/uviyju.xlugh.oemwdco.kljln/shared_prefs/sp_name_config20104806.xml.bak]
D/S4URC   ( 2663): [NDK] [SYSCALL] [access] [PATH][string] [/data/data/uviyju.xlugh.oemwdco.kljln/shared_prefs/sp_name_config20104806.xml.bak]
D/S4URC   ( 2663): [SDK] [java.io.File] [exists] [FilePath][String] [/data/data/uviyju.xlugh.oemwdco.kljln/shared_prefs/sp_name_config20104806.xml]
D/S4URC   ( 2663): [NDK] [SYSCALL] [access] [PATH][string] [/data/data/uviyju.xlugh.oemwdco.kljln/shared_prefs/sp_name_config20104806.xml]
D/S4URC   ( 2663): [SDK] [java.lang.Class] [forName] [FindClass][String] [android.telephony.MSimTelephonyManager]
D/S4URC   ( 2663): [SDK] [android.app.ApplicationPackageManager] [getPackageInfo] [FindPackageName][String] [uviyju.xlugh.oemwdco.kljln]
D/S4URC   ( 2663): [NDK] [SYSCALL] [access] [PATH][string] [/data/data/uviyju.xlugh.oemwdco.kljln/databases/dataeye_database_053CE9326103161DC37854ECE8E0DBE2.db-journal]
D/S4URC   ( 2663): [NDK] [SYSCALL] [stat] [PATH][string] [/data/data/uviyju.xlugh.oemwdco.kljln/databases/dataeye_database_053CE9326103161DC37854ECE8E0DBE2.db-journal]
D/S4URC   ( 2663): [NDK] [SYSCALL] [stat] [PATH][string] [/data/data/uviyju.xlugh.oemwdco.kljln/databases/dataeye_database_053CE9326103161DC37854ECE8E0DBE2.db]
D/S4URC   ( 2663): [NDK] [SYSCALL] [open] [PATH][string] [/data/data/uviyju.xlugh.oemwdco.kljln/databases/dataeye_database_053CE9326103161DC37854ECE8E0DBE2.db-journal] [RETURN][int] [126]
D/S4URC   ( 2663): [NDK] [SYSCALL] [access] [PATH][string] [/data/data/uviyju.xlugh.oemwdco.kljln/databases/dataeye_database_053CE9326103161DC37854ECE8E0DBE2.db-wal]
D/S4URC   ( 2663): [SDK] [android.database.sqlite.SQLiteDatabase] [query] [queryInfo][String] [SELECT][] [FROM][dataeye_agenda_log]
D/S4URC   ( 2663): [SDK] [javax.crypto.spec.SecretKeySpec][Constructor] [KEY][86324958][type][DES][javax.crypto.Cipher][getInstance] [Cipher][DES/CBC/PKCS5Padding] [javax.crypto.Cipher][getInstance] [Cipher][DES/CBC/PKCS5Padding] [javax.crypto.Cipher][doFinal] [Data][123,34,105,109,115,105,34,58,48,44,34,110,101,116,84,121,112,101,34,58,45,49,44,34,112,97,99,107,67,111,100,101,34,58,34,110,117,108,108,34,44,34,115,100,107,86,101,114,115,105,111,110,34,58,34,53,46,48,46,55,34,44,34,112,97,99,107,97,103,101,78,97,109,101,34,58,34,117,118,105,121,106,117,46,120,108,117,103,104,46,111,101,109,119,100,99,111,46,107,108,106,108,110,34,44,34,108,97,99,34,58,34,48,34,44,34,99,105,100,34,58,34,48,34,44,34,97,99,116,105,111,110,34,58,50,44,34,109,111,100,101,108,34,58,34,103,97,108,97,120,121,115,53,34,44,34,100,105,115,112,108,97,121,34,58,34,54,48,48,120,57,57,52,34,44,34,115,121,115,86,101,114,115,105,111,110,34,58,34,53,46,49,46,49,34,125] [Return][zfcfSf3q6J6f+NF3cmEKu/LTM/5Mke/zzM+XXCLTzEwRl6cpbs0G/asu3DdAmHt1dJ/eEDJ5bsdo0ZwnU3Ncz4nTcq+SXk+JYlgyJtYekjky/w51EO+2FrFbH9dTObYys8LBblDmqECEFd/b7L11OKcvJpSUhw0ZAB0n+j4W10+UqkC94kLVvmfz3tEHeJy9MpBD1cq1M14F90BLZAbEno4zzCmLfNubpMCEBSxFxi4RufVu1+EABPmVt18Yl0qMrdPpTe+XRpIxSBYAG/Zdby1Ohs/QWRcwF+xHgM685qmoQe/LzpBfd0dHSjlzyCP8ysLzPJLVdRDYpAod0BGy7v6JVa9KV0DxV4dcnxBLBvyJv63uP/t7vPdJzbqjl2PtoZB+jcmEoae3pp2jesmIj1syoyHEd2vBlcQtIULD2pknHcpbhSfaWLQB+H1RRT3LZEXe7kC9SRkhf7DRtqNDLCl2QIW08iChfEp5Xzkbg8GeIJ5nPtIpdNBP1twIRmziHlA5Z8hZ2wNOfIF0wjhpqLnsO2D5T8rCkwKKbCikQrqmeNFymafk377Aghc25dU2pmY7B8R6WuT06hwPR9h3Oyn6bpEmAWMdf6LrXa9vvSFB4WjRcikcubguTJQrVLozW9Oi+Uiak69P8LDH01MSFQUjapqEW2IoCOwSwmpt31d3EK5Z65oaT/005r28UCMbwwgYLW0m5g+us3rh735YcoWH5UC4eJszszWY3bVUFnqMY4v+gw6Oj4VBdr/nxl0/knd1QkXCkcJrAJaN1ia7nKskdhH7oQIPi5v5aL9k/jMjSvC/oU+ioMjEgEENclf1d+AIWUcyMPUoneMlXXPr4C4PIG+l1RwJ3kKjVv5T8Q8AbUAeYL3XrYzQVFIb45Ekxh4c0QeK708=]
D/S4URC   ( 2663): [NDK] [SYSCALL] [access] [PATH][string] [/data/data/uviyju.xlugh.oemwdco.kljln/databases/dataeye_database_053CE9326103161DC37854ECE8E0DBE2.db-journal]
D/S4URC   ( 2663): [NDK] [SYSCALL] [stat] [PATH][string] [/data/data/uviyju.xlugh.oemwdco.kljln/databases/dataeye_database_053CE9326103161DC37854ECE8E0DBE2.db-journal]
D/S4URC   ( 2663): [NDK] [SYSCALL] [stat] [PATH][string] [/data/data/uviyju.xlugh.oemwdco.kljln/databases/dataeye_database_053CE9326103161DC37854ECE8E0DBE2.db]
D/S4URC   ( 2663): [NDK] [SYSCALL] [open] [PATH][string] [/data/data/uviyju.xlugh.oemwdco.kljln/databases/dataeye_database_053CE9326103161DC37854ECE8E0DBE2.db-journal] [RETURN][int] [126]
D/S4URC   ( 2663): [NDK] [SYSCALL] [access] [PATH][string] [/data/data/uviyju.xlugh.oemwdco.kljln/databases/dataeye_database_053CE9326103161DC37854ECE8E0DBE2.db-wal]
D/S4URC   ( 2663): [SDK] [android.database.sqlite.SQLiteDatabase] [query] [queryInfo][String] [SELECT][] [FROM][dataeye_agenda_log]
D/S4URC   ( 2663): [NDK] [SYSCALL] [access] [PATH][string] [/data/data/uviyju.xlugh.oemwdco.kljln/databases/dataeye_database_053CE9326103161DC37854ECE8E0DBE2.db-journal]
D/S4URC   ( 2663): [NDK] [SYSCALL] [stat] [PATH][string] [/data/data/uviyju.xlugh.oemwdco.kljln/databases/dataeye_database_053CE9326103161DC37854ECE8E0DBE2.db-journal]
D/S4URC   ( 2663): [NDK] [SYSCALL] [stat] [PATH][string] [/data/data/uviyju.xlugh.oemwdco.kljln/databases/dataeye_database_053CE9326103161DC37854ECE8E0DBE2.db]
D/S4URC   ( 2663): [NDK] [SYSCALL] [open] [PATH][string] [/data/data/uviyju.xlugh.oemwdco.kljln/databases/dataeye_database_053CE9326103161DC37854ECE8E0DBE2.db-journal] [RETURN][int] [126]
D/S4URC   ( 2663): [NDK] [SYSCALL] [access] [PATH][string] [/data/data/uviyju.xlugh.oemwdco.kljln/databases/dataeye_database_053CE9326103161DC37854ECE8E0DBE2.db-wal]
D/S4URC   ( 2663): [SDK] [android.database.sqlite.SQLiteDatabase] [query] [queryInfo][String] [SELECT][] [FROM][dataeye_agenda_log]
D/S4URC   ( 2663): [NDK] [SYSCALL] [access] [PATH][string] [/data/data/uviyju.xlugh.oemwdco.kljln/databases/dataeye_database_053CE9326103161DC37854ECE8E0DBE2.db-journal]
D/S4URC   ( 2663): [NDK] [SYSCALL] [stat] [PATH][string] [/data/data/uviyju.xlugh.oemwdco.kljln/databases/dataeye_database_053CE9326103161DC37854ECE8E0DBE2.db-journal]
D/S4URC   ( 2663): [NDK] [SYSCALL] [stat] [PATH][string] [/data/data/uviyju.xlugh.oemwdco.kljln/databases/dataeye_database_053CE9326103161DC37854ECE8E0DBE2.db]
D/S4URC   ( 2663): [NDK] [SYSCALL] [open] [PATH][string] [/data/data/uviyju.xlugh.oemwdco.kljln/databases/dataeye_database_053CE9326103161DC37854ECE8E0DBE2.db-journal] [RETURN][int] [126]
D/S4URC   ( 2663): [NDK] [SYSCALL] [access] [PATH][string] [/data/data/uviyju.xlugh.oemwdco.kljln/databases/dataeye_database_053CE9326103161DC37854ECE8E0DBE2.db-wal]
D/S4URC   ( 2663): [SDK] [android.database.sqlite.SQLiteDatabase] [query] [queryInfo][String] [SELECT][] [FROM][dataeye_agenda_log]
D/S4URC   ( 2663): [NDK] [SYSCALL] [access] [PATH][string] [/data/data/uviyju.xlugh.oemwdco.kljln/databases/dataeye_database_053CE9326103161DC37854ECE8E0DBE2.db-journal]
D/S4URC   ( 2663): [NDK] [SYSCALL] [stat] [PATH][string] [/data/data/uviyju.xlugh.oemwdco.kljln/databases/dataeye_database_053CE9326103161DC37854ECE8E0DBE2.db-journal]
D/S4URC   ( 2663): [NDK] [SYSCALL] [stat] [PATH][string] [/data/data/uviyju.xlugh.oemwdco.kljln/databases/dataeye_database_053CE9326103161DC37854ECE8E0DBE2.db]
D/S4URC   ( 2663): [NDK] [SYSCALL] [open] [PATH][string] [/data/data/uviyju.xlugh.oemwdco.kljln/databases/dataeye_database_053CE9326103161DC37854ECE8E0DBE2.db-journal] [RETURN][int] [126]
D/S4URC   ( 2663): [NDK] [SYSCALL] [access] [PATH][string] [/data/data/uviyju.xlugh.oemwdco.kljln/databases/dataeye_database_053CE9326103161DC37854ECE8E0DBE2.db-wal]
D/S4URC   ( 2663): [SDK] [android.database.sqlite.SQLiteDatabase] [query] [queryInfo][String] [SELECT][] [FROM][dataeye_agenda_log]
D/S4URC   ( 2663): [NDK] [SYSCALL] [access] [PATH][string] [/data/data/uviyju.xlugh.oemwdco.kljln/databases/dataeye_database_053CE9326103161DC37854ECE8E0DBE2.db-journal]
D/S4URC   ( 2663): [NDK] [SYSCALL] [stat] [PATH][string] [/data/data/uviyju.xlugh.oemwdco.kljln/databases/dataeye_database_053CE9326103161DC37854ECE8E0DBE2.db-journal]
D/S4URC   ( 2663): [NDK] [SYSCALL] [stat] [PATH][string] [/data/data/uviyju.xlugh.oemwdco.kljln/databases/dataeye_database_053CE9326103161DC37854ECE8E0DBE2.db]
D/S4URC   ( 2663): [NDK] [SYSCALL] [open] [PATH][string] [/data/data/uviyju.xlugh.oemwdco.kljln/databases/dataeye_database_053CE9326103161DC37854ECE8E0DBE2.db-journal] [RETURN][int] [125]
D/S4URC   ( 2663): [NDK] [SYSCALL] [access] [PATH][string] [/data/data/uviyju.xlugh.oemwdco.kljln/databases/dataeye_database_053CE9326103161DC37854ECE8E0DBE2.db-wal]
D/S4URC   ( 2663): [SDK] [android.database.sqlite.SQLiteDatabase] [execSQL] [ExecInfo][String] [DELETE FROM dataeye_agenda_log WHERE _id IN ()]
D/S4URC   ( 2663): [NDK] [SYSCALL] [access] [PATH][string] [/data/data/uviyju.xlugh.oemwdco.kljln/databases/dataeye_database_053CE9326103161DC37854ECE8E0DBE2.db-journal]
D/S4URC   ( 2663): [NDK] [SYSCALL] [stat] [PATH][string] [/data/data/uviyju.xlugh.oemwdco.kljln/databases/dataeye_database_053CE9326103161DC37854ECE8E0DBE2.db-journal]
D/S4URC   ( 2663): [NDK] [SYSCALL] [stat] [PATH][string] [/data/data/uviyju.xlugh.oemwdco.kljln/databases/dataeye_database_053CE9326103161DC37854ECE8E0DBE2.db]
D/S4URC   ( 2663): [NDK] [SYSCALL] [open] [PATH][string] [/data/data/uviyju.xlugh.oemwdco.kljln/databases/dataeye_database_053CE9326103161DC37854ECE8E0DBE2.db-journal] [RETURN][int] [125]
D/S4URC   ( 2663): [NDK] [SYSCALL] [access] [PATH][string] [/data/data/uviyju.xlugh.oemwdco.kljln/databases/dataeye_database_053CE9326103161DC37854ECE8E0DBE2.db-wal]
D/S4URC   ( 2663): [NDK] [SYSCALL] [stat] [PATH][string] [/data/data/uviyju.xlugh.oemwdco.kljln/databases/dataeye_database_053CE9326103161DC37854ECE8E0DBE2.db]
D/S4URC   ( 2663): [NDK] [SYSCALL] [open] [PATH][string] [/data/data/uviyju.xlugh.oemwdco.kljln/databases/dataeye_database_053CE9326103161DC37854ECE8E0DBE2.db-journal] [RETURN][int] [125]
D/S4URC   ( 2663): [NDK] [SYSCALL] [open] [PATH][string] [/data/data/uviyju.xlugh.oemwdco.kljln/databases] [RETURN][int] [126]
D/S4URC   ( 2663): [SDK] [android.database.sqlite.SQLiteDatabase] [execSQL] [ExecInfo][String] [insert  or replace into dataeye_history_log( history_data )  values( ? )] [Bind][1]
D/S4URC   ( 2663): [NDK] [SYSCALL] [stat] [PATH][string] [/data/data/uviyju.xlugh.oemwdco.kljln/databases/dataeye_database_053CE9326103161DC37854ECE8E0DBE2.db]
D/S4URC   ( 2821): [SDK] [android.app.ApplicationPackageManager] [getApplicationInfo] [FindApplicationName][String] [uviyju.xlugh.oemwdco.kljln]
D/S4URC   ( 2663): [SDK] [javax.crypto.spec.SecretKeySpec][Constructor] [KEY][gvTyY9Pf][type][DES][javax.crypto.Cipher][getInstance] [Cipher][DES] [javax.crypto.Cipher][getInstance] [Cipher][DES] [javax.crypto.Cipher][doFinal] [Data][{"cmd":100,"gid":"f6891639b3dee264f11fdc7396461929","imei":"9dd4736125bf4d04","imsi":"","ntype":"","pcount":1,"su":0,"soper":"","yt":2,"apil":22,"mac":"","verlist":[{"type":0,"version":"1.3.5"},{"type":1,"version":"0"},{"type":2,"version":"0"}],"appstart":0,"sver":"1.3.5","plat":"0","screeny":994,"md":1,"screenx":600,"sys":"5.1.1","ua":"5.1.1; en-us; galaxys5 Build\/LMY49J","cpid":1326,"sinfo":"samsung\/galaxy\/galaxys5:5.1.1\/LMY49J\/8f616e92bc:user\/release-keys:armeabi-v7a\/armeabi","uid":"","aid":101922,"prod":"galaxys5","chid":"C0QV8"}] [Return][BdVYCxuQFHuBnSZHF7AxoqUm+DtXgM/ORvdnuulDsq9lBQ8OKMHzmCDEHodU6YtlXTNUy11DcuTqcAQ9GZXg9NSS+9bx9F6qLcbK/DNjkSN40mBtGsn3oOzW2Y6+8kVRKdZyGQHr7ZVNsgQqfZUQxkcv8FPx4A/pFYHwLYzNQbu4dlyYcVvt2a2QaLluNLTb3AG+TIY6lTJPslTKVXEN8cNk0uxMnBoj47OtvDeubJOLTgvP9+9oeN3oXexD87TiNHj32/5yfNcUJVKo8uZX2yOgfWhcAMR7bdNGbFgTpd4CJbqdRWDJHtFMJ+Vtk0s0pWpjhgpGfoxD/04OBNJd8eax/ingINcI3ehd7EPztOJEZifySO5oku9TrAQxI3opNCoDKuqiGlo+MBKFNU59wj8APVYp8xrzJ4oO1l+EEEVls3YiV0YQq+IBBERm02yrYG6rS0Q/SE9ZfEj7FB04g3dX7lEEmam6SPLUivOOSM1ZMAXWBg+CYwQvPI3gm9+R1az8lAwsG5zxhv5IJalYP7WdYigZR4Yj19nwJo0LiJyE5MIyw2XxPhk3ehmL/g4tzRf4+9rN2y5J+WwZiCMeNwybF9Edv8yYxfD4MeBuQO2Jz4xEazVNWwaIBnN0sQaTO5TXVXy+bH0Du87uBl1N2AV5xr8GwOHZkSa0cSW+1MuDYpC4gh/k0IfWpocekhdh4bWftbFY6/+PCNPKjhRTTW8jBA3K0nRq]
D/S4URC   ( 2663): [NDK] [SYSCALL] [socket] [TYPE][string] [TCP]
D/S4URC   ( 2663): [SDK] [java.io.File] [exists] [FilePath][String] [/data/data/uviyju.xlugh.oemwdco.kljln/files]
D/S4URC   ( 2663): [NDK] [SYSCALL] [access] [PATH][string] [/data/data/uviyju.xlugh.oemwdco.kljln/files]
D/S4URC   ( 2663): [SDK] [java.io.File] [Constructor] [FilePath][String] [/data/data/uviyju.xlugh.oemwdco.kljln/files/log.dat]
D/S4URC   ( 2663): [SDK] [java.io.File] [exists] [FilePath][String] [/data/data/uviyju.xlugh.oemwdco.kljln/files/log.dat]
D/S4URC   ( 2663): [NDK] [SYSCALL] [access] [PATH][string] [/data/data/uviyju.xlugh.oemwdco.kljln/files/log.dat]
D/S4URC   ( 2663): [SDK] [java.io.File] [createNewFile] [FilePath][String] [/data/data/uviyju.xlugh.oemwdco.kljln/files/log.dat]
D/S4URC   ( 2663): [NDK] [SYSCALL] [open] [PATH][string] [/data/data/uviyju.xlugh.oemwdco.kljln/files/log.dat] [RETURN][int] [99]
D/S4URC   ( 2663): [SDK] [java.io.File] [getPath] [FilePath][String] [/data/data/uviyju.xlugh.oemwdco.kljln/files/log.dat]
D/S4URC   ( 2663): [NDK] [SYSCALL] [open] [PATH][string] [/data/data/uviyju.xlugh.oemwdco.kljln/files/log.dat] [RETURN][int] [99]
D/S4URC   ( 2663): [NDK] [SYSCALL] [open] [PATH][string] [/data/data/uviyju.xlugh.oemwdco.kljln/UserDefault.xml] [RETURN][int] [-1]
D/S4URC   ( 2663): [SDK] [java.io.File] [getPath] [FilePath][String] [/data/data/uviyju.xlugh.oemwdco.kljln/shared_prefs]
D/S4URC   ( 2663): [SDK] [java.io.File] [getPath] [FilePath][String] [/data/data/uviyju.xlugh.oemwdco.kljln/shared_prefs/Cocos2dxPrefsFile.xml]
D/S4URC   ( 2663): [SDK] [java.io.File] [Constructor] [FilePath][String] [/data/data/uviyju.xlugh.oemwdco.kljln/shared_prefs/Cocos2dxPrefsFile.xml.bak]
D/S4URC   ( 2663): [SDK] [java.io.File] [exists] [FilePath][String] [/data/data/uviyju.xlugh.oemwdco.kljln/shared_prefs/Cocos2dxPrefsFile.xml]
D/S4URC   ( 2663): [NDK] [SYSCALL] [access] [PATH][string] [/data/data/uviyju.xlugh.oemwdco.kljln/shared_prefs/Cocos2dxPrefsFile.xml]
D/S4URC   ( 2663): [SDK] [java.io.File] [exists] [FilePath][String] [/data/data/uviyju.xlugh.oemwdco.kljln/shared_prefs/Cocos2dxPrefsFile.xml]
D/S4URC   ( 2663): [NDK] [SYSCALL] [access] [PATH][string] [/data/data/uviyju.xlugh.oemwdco.kljln/shared_prefs/Cocos2dxPrefsFile.xml]
D/S4URC   ( 2663): [SDK] [android.content.ContextWrapper][getSharedPreferences] [File][Cocos2dxPrefsFile.xml] [MODE][MODE_PRIVATE]
D/S4URC   ( 2663): [SDK] [java.io.File] [exists] [FilePath][String] [/data/data/uviyju.xlugh.oemwdco.kljln/shared_prefs/Cocos2dxPrefsFile.xml.bak]
D/S4URC   ( 2663): [NDK] [SYSCALL] [access] [PATH][string] [/data/data/uviyju.xlugh.oemwdco.kljln/shared_prefs/Cocos2dxPrefsFile.xml.bak]
D/S4URC   ( 2663): [SDK] [java.io.File] [exists] [FilePath][String] [/data/data/uviyju.xlugh.oemwdco.kljln/shared_prefs/Cocos2dxPrefsFile.xml]
D/S4URC   ( 2663): [NDK] [SYSCALL] [access] [PATH][string] [/data/data/uviyju.xlugh.oemwdco.kljln/shared_prefs/Cocos2dxPrefsFile.xml]
D/S4URC   ( 2663): [SDK] [java.io.File] [getPath] [FilePath][String] [/data/data/uviyju.xlugh.oemwdco.kljln/shared_prefs/Cocos2dxPrefsFile.xml]
D/S4URC   ( 2663): [NDK] [SYSCALL] [stat] [PATH][string] [/data/data/uviyju.xlugh.oemwdco.kljln/shared_prefs/Cocos2dxPrefsFile.xml]
D/S4URC   ( 2663): [SDK] [android.content.ContextWrapper][getSharedPreferences] [File][Cocos2dxPrefsFile.xml] [MODE][MODE_PRIVATE] [Method][getBoolean] [Boolean][isExist] [Return][false]
D/S4URC   ( 2663): [NDK] [SYSCALL] [open] [PATH][string] [/data/data/uviyju.xlugh.oemwdco.kljln/UserDefault.xml] [RETURN][int] [-1]
D/S4URC   ( 2663): [SDK] [java.io.File] [getPath] [FilePath][String] [/data/data/uviyju.xlugh.oemwdco.kljln/shared_prefs/Cocos2dxPrefsFile.xml]
D/S4URC   ( 2663): [NDK] [SYSCALL] [stat] [PATH][string] [/data/data/uviyju.xlugh.oemwdco.kljln/shared_prefs/Cocos2dxPrefsFile.xml]
D/S4URC   ( 2663): [SDK] [android.content.ContextWrapper][getSharedPreferences] [File][Cocos2dxPrefsFile.xml] [MODE][MODE_PRIVATE]
D/S4URC   ( 2663): [SDK] [java.io.File] [exists] [FilePath][String] [/data/data/uviyju.xlugh.oemwdco.kljln/shared_prefs/Cocos2dxPrefsFile.xml.bak]
D/S4URC   ( 2663): [NDK] [SYSCALL] [access] [PATH][string] [/data/data/uviyju.xlugh.oemwdco.kljln/shared_prefs/Cocos2dxPrefsFile.xml.bak]
D/S4URC   ( 2663): [SDK] [java.io.File] [exists] [FilePath][String] [/data/data/uviyju.xlugh.oemwdco.kljln/shared_prefs/Cocos2dxPrefsFile.xml]
D/S4URC   ( 2663): [NDK] [SYSCALL] [access] [PATH][string] [/data/data/uviyju.xlugh.oemwdco.kljln/shared_prefs/Cocos2dxPrefsFile.xml]
D/S4URC   ( 2663): [SDK] [java.io.File] [getPath] [FilePath][String] [/data/data/uviyju.xlugh.oemwdco.kljln/shared_prefs/Cocos2dxPrefsFile.xml]
D/S4URC   ( 2663): [NDK] [SYSCALL] [stat] [PATH][string] [/data/data/uviyju.xlugh.oemwdco.kljln/shared_prefs/Cocos2dxPrefsFile.xml]
D/S4URC   ( 2663): [SDK] [android.content.ContextWrapper][getSharedPreferences] [File][Cocos2dxPrefsFile.xml] [MODE][MODE_PRIVATE] [Method][putBoolean] [Key][isExist] [Value][true]
D/S4URC   ( 2663): [SDK] [java.io.File] [exists] [FilePath][String] [/data/data/uviyju.xlugh.oemwdco.kljln/shared_prefs/Cocos2dxPrefsFile.xml]
D/S4URC   ( 2663): [NDK] [SYSCALL] [access] [PATH][string] [/data/data/uviyju.xlugh.oemwdco.kljln/shared_prefs/Cocos2dxPrefsFile.xml]
D/S4URC   ( 2663): [SDK] [java.io.File] [getPath] [FilePath][String] [/data/data/uviyju.xlugh.oemwdco.kljln/shared_prefs/Cocos2dxPrefsFile.xml]
D/S4URC   ( 2663): [NDK] [SYSCALL] [open] [PATH][string] [/data/data/uviyju.xlugh.oemwdco.kljln/shared_prefs/Cocos2dxPrefsFile.xml] [RETURN][int] [82]
D/S4URC   ( 2663): [SDK] [java.io.File] [getPath] [FilePath][String] [/data/data/uviyju.xlugh.oemwdco.kljln/shared_prefs/Cocos2dxPrefsFile.xml]
D/S4URC   ( 2663): [NDK] [SYSCALL] [chmod] [PATH][string] [/data/data/uviyju.xlugh.oemwdco.kljln/shared_prefs/Cocos2dxPrefsFile.xml] [MODE][int] [0660]
D/S4URC   ( 2663): [SDK] [java.io.File] [getPath] [FilePath][String] [/data/data/uviyju.xlugh.oemwdco.kljln/shared_prefs/Cocos2dxPrefsFile.xml]
D/S4URC   ( 2663): [NDK] [SYSCALL] [chmod] [PATH][string] [/data/data/uviyju.xlugh.oemwdco.kljln/shared_prefs/Cocos2dxPrefsFile.xml] [MODE][int] [0660]
D/S4URC   ( 2663): [SDK] [java.io.File] [getPath] [FilePath][String] [/data/data/uviyju.xlugh.oemwdco.kljln/shared_prefs/Cocos2dxPrefsFile.xml]
D/S4URC   ( 2663): [NDK] [SYSCALL] [chmod] [PATH][string] [/data/data/uviyju.xlugh.oemwdco.kljln/shared_prefs/Cocos2dxPrefsFile.xml] [MODE][int] [0660]
D/S4URC   ( 2663): [SDK] [android.content.ContextWrapper][getSharedPreferences] [File][Cocos2dxPrefsFile.xml] [MODE][MODE_PRIVATE] [Method][putBoolean] [Key][lcok_2] [Value][true]
D/S4URC   ( 2663): [SDK] [java.io.File] [getPath] [FilePath][String] [/data/data/uviyju.xlugh.oemwdco.kljln/shared_prefs/Cocos2dxPrefsFile.xml]
D/S4URC   ( 2663): [NDK] [SYSCALL] [chmod] [PATH][string] [/data/data/uviyju.xlugh.oemwdco.kljln/shared_prefs/Cocos2dxPrefsFile.xml] [MODE][int] [0660]
D/S4URC   ( 2663): [SDK] [java.io.File] [getPath] [FilePath][String] [/data/data/uviyju.xlugh.oemwdco.kljln/shared_prefs/Cocos2dxPrefsFile.xml]
D/S4URC   ( 2663): [NDK] [SYSCALL] [chmod] [PATH][string] [/data/data/uviyju.xlugh.oemwdco.kljln/shared_prefs/Cocos2dxPrefsFile.xml] [MODE][int] [0660]
D/S4URC   ( 2663): [SDK] [java.io.File] [getPath] [FilePath][String] [/data/data/uviyju.xlugh.oemwdco.kljln/shared_prefs/Cocos2dxPrefsFile.xml]
D/S4URC   ( 2663): [SDK] [java.io.File] [renameTo] [FilePath][String] [/data/data/uviyju.xlugh.oemwdco.kljln/shared_prefs/Cocos2dxPrefsFile.xml] [DesFile][/data/data/uviyju.xlugh.oemwdco.kljln/shared_prefs/Cocos2dxPrefsFile.xml.bak]
D/S4URC   ( 2663): [SDK] [java.io.File] [getPath] [FilePath][String] [/data/data/uviyju.xlugh.oemwdco.kljln/shared_prefs/Cocos2dxPrefsFile.xml]
D/S4URC   ( 2663): [NDK] [SYSCALL] [chmod] [PATH][string] [/data/data/uviyju.xlugh.oemwdco.kljln/shared_prefs/Cocos2dxPrefsFile.xml] [MODE][int] [0660]
D/S4URC   ( 2663): [SDK] [java.io.File] [getPath] [FilePath][String] [/data/data/uviyju.xlugh.oemwdco.kljln/shared_prefs/Cocos2dxPrefsFile.xml]
D/S4URC   ( 2663): [NDK] [SYSCALL] [chmod] [PATH][string] [/data/data/uviyju.xlugh.oemwdco.kljln/shared_prefs/Cocos2dxPrefsFile.xml] [MODE][int] [0660]
D/S4URC   ( 2663): [SDK] [java.io.File] [getPath] [FilePath][String] [/data/data/uviyju.xlugh.oemwdco.kljln/shared_prefs/Cocos2dxPrefsFile.xml]
D/S4URC   ( 2663): [NDK] [SYSCALL] [stat] [PATH][string] [/data/data/uviyju.xlugh.oemwdco.kljln/shared_prefs/Cocos2dxPrefsFile.xml]
D/S4URC   ( 2663): [SDK] [java.io.File] [getPath] [FilePath][String] [/data/data/uviyju.xlugh.oemwdco.kljln/shared_prefs/Cocos2dxPrefsFile.xml]
D/S4URC   ( 2663): [NDK] [SYSCALL] [chmod] [PATH][string] [/data/data/uviyju.xlugh.oemwdco.kljln/shared_prefs/Cocos2dxPrefsFile.xml] [MODE][int] [0660]
D/S4URC   ( 2663): [SDK] [java.io.File] [getPath] [FilePath][String] [/data/data/uviyju.xlugh.oemwdco.kljln/shared_prefs/Cocos2dxPrefsFile.xml]
D/S4URC   ( 2663): [SDK] [android.content.ContextWrapper][getSharedPreferences] [File][Cocos2dxPrefsFile.xml] [MODE][MODE_PRIVATE]
D/S4URC   ( 2663): [SDK] [java.io.File] [getPath] [FilePath][String] [/data/data/uviyju.xlugh.oemwdco.kljln/shared_prefs/Cocos2dxPrefsFile.xml]
D/S4URC   ( 2663): [NDK] [SYSCALL] [chmod] [PATH][string] [/data/data/uviyju.xlugh.oemwdco.kljln/shared_prefs/Cocos2dxPrefsFile.xml] [MODE][int] [0660]
D/S4URC   ( 2663): [NDK] [SYSCALL] [open] [PATH][string] [/data/data/uviyju.xlugh.oemwdco.kljln/shared_prefs/Cocos2dxPrefsFile.xml] [RETURN][int] [74]
D/S4URC   ( 2663): [SDK] [java.io.File] [getPath] [FilePath][String] [/data/data/uviyju.xlugh.oemwdco.kljln/shared_prefs/Cocos2dxPrefsFile.xml]
D/S4URC   ( 2663): [NDK] [SYSCALL] [chmod] [PATH][string] [/data/data/uviyju.xlugh.oemwdco.kljln/shared_prefs/Cocos2dxPrefsFile.xml] [MODE][int] [0660]
D/S4URC   ( 2663): [SDK] [java.io.File] [getPath] [FilePath][String] [/data/data/uviyju.xlugh.oemwdco.kljln/shared_prefs/Cocos2dxPrefsFile.xml]
D/S4URC   ( 2663): [NDK] [SYSCALL] [chmod] [PATH][string] [/data/data/uviyju.xlugh.oemwdco.kljln/shared_prefs/Cocos2dxPrefsFile.xml] [MODE][int] [0660]
D/S4URC   ( 2663): [NDK] [SYSCALL] [open] [PATH][string] [/data/data/uviyju.xlugh.oemwdco.kljln/shared_prefs/Cocos2dxPrefsFile.xml] [RETURN][int] [74]
D/S4URC   ( 2663): [SDK] [java.io.File] [getPath] [FilePath][String] [/data/data/uviyju.xlugh.oemwdco.kljln/shared_prefs/Cocos2dxPrefsFile.xml]
D/S4URC   ( 2663): [NDK] [SYSCALL] [chmod] [PATH][string] [/data/data/uviyju.xlugh.oemwdco.kljln/shared_prefs/Cocos2dxPrefsFile.xml] [MODE][int] [0660]
D/S4URC   ( 2663): [NDK] [SYSCALL] [open] [PATH][string] [/data/data/uviyju.xlugh.oemwdco.kljln/UserDefault.xml] [RETURN][int] [-1]
D/S4URC   ( 2663): [SDK] [java.io.File] [getPath] [FilePath][String] [/data/data/uviyju.xlugh.oemwdco.kljln/shared_prefs/Cocos2dxPrefsFile.xml]
D/S4URC   ( 2663): [NDK] [SYSCALL] [chmod] [PATH][string] [/data/data/uviyju.xlugh.oemwdco.kljln/shared_prefs/Cocos2dxPrefsFile.xml] [MODE][int] [0660]
D/S4URC   ( 2663): [NDK] [SYSCALL] [unlink] [PATH][string] [/data/data/uviyju.xlugh.oemwdco.kljln/shared_prefs/Cocos2dxPrefsFile.xml.bak]
D/S4URC   ( 2663): [NDK] [SYSCALL] [open] [PATH][string] [/data/data/uviyju.xlugh.oemwdco.kljln/shared_prefs/Cocos2dxPrefsFile.xml] [RETURN][int] [74]
D/S4URC   ( 2663): [SDK] [java.io.File] [getPath] [FilePath][String] [/data/data/uviyju.xlugh.oemwdco.kljln/shared_prefs/Cocos2dxPrefsFile.xml]
D/S4URC   ( 2663): [NDK] [SYSCALL] [chmod] [PATH][string] [/data/data/uviyju.xlugh.oemwdco.kljln/shared_prefs/Cocos2dxPrefsFile.xml] [MODE][int] [0660]
D/S4URC   ( 2663): [SDK] [java.io.File] [exists] [FilePath][String] [/data/data/uviyju.xlugh.oemwdco.kljln/shared_prefs/Cocos2dxPrefsFile.xml.bak]
D/S4URC   ( 2663): [SDK] [java.io.File] [getPath] [FilePath][String] [/data/data/uviyju.xlugh.oemwdco.kljln/shared_prefs/Cocos2dxPrefsFile.xml]
D/S4URC   ( 2663): [SDK] [java.io.File] [getPath] [FilePath][String] [/data/data/uviyju.xlugh.oemwdco.kljln]
D/S4URC   ( 2663): [SDK] [java.lang.Class] [forName] [FindClass][String] [android.os.ServiceManager]
D/S4URC   ( 2663): [SDK] [android.telephony.TelephonyManager] [getSubscriberId]
D/S4URC   ( 2663): [NDK] [SYSCALL] [stat] [PATH][string] [/data/data/uviyju.xlugh.oemwdco.kljln/databases/dataeye_database_053CE9326103161DC37854ECE8E0DBE2.db]
D/S4URC   ( 2663): [NDK] [SYSCALL] [access] [PATH][string] [/data/data/uviyju.xlugh.oemwdco.kljln/databases/dataeye_database_053CE9326103161DC37854ECE8E0DBE2.db-journal]
D/S4URC   ( 2663): [SDK] [java.lang.Class] [forName] [FindClass][String] [com.android.internal.telephony.PhoneFactory]
D/S4URC   ( 2663): [SDK] [android.content.ContextWrapper][getSharedPreferences] [File][sp_name_configmj.xml] [MODE][MODE_PRIVATE]
D/S4URC   ( 2663): [SDK] [android.app.ApplicationPackageManager] [getApplicationInfo] [FindApplicationName][String] [uviyju.xlugh.oemwdco.kljln]
D/S4URC   ( 2990): [NDK] [SYSCALL] [getdents] [PATH][string] [.]
D/S4URC   ( 2663): [SDK] [javax.crypto.spec.SecretKeySpec][Constructor] [KEY][86324958][type][DES][javax.crypto.Cipher][getInstance] [Cipher][DES/CBC/PKCS5Padding] [javax.crypto.Cipher][getInstance] [Cipher][DES/CBC/PKCS5Padding] [javax.crypto.Cipher][doFinal] [Data][123,34,105,109,115,105,34,58,48,44,34,110,101,116,84,121,112,101,34,58,45,49,44,34,112,97,99,107,67,111,100,101,34,58,34,110,117,108,108,34,44,34,115,100,107,86,101,114,115,105,111,110,34,58,34,52,46,50,46,49,34,44,34,112,97,99,107,97,103,101,78,97,109,101,34,58,34,117,118,105,121,106,117,46,120,108,117,103,104,46,111,101,109,119,100,99,111,46,107,108,106,108,110,34,44,34,108,97,99,34,58,34,48,34,44,34,99,105,100,34,58,34,48,34,44,34,97,99,116,105,111,110,34,58,50,44,34,109,111,100,101,108,34,58,34,103,97,108,97,120,121,115,53,34,44,34,100,105,115,112,108,97,121,34,58,34,54,48,48,120,57,57,52,34,44,34,115,121,115,86,101,114,115,105,111,110,34,58,34,53,46,49,46,49,34,125] [Return][zfcfSf3q6J6f+NF3cmEKu/LTM/5Mke/zzM+XXCLTzEwRl6cpbs0G/asu3DdAmHt1dJ/eEDJ5bsdo0ZwnU3Ncz4nTcq+SXk+JYlgyJtYekjky/w51EO+2FrFbH9dTObYys8LBblDmqECEFd/b7L11OKcvJpSUhw0ZAB0n+j4W10+UqkC94kLVvmfz3tEHeJy9MpBD1cq1M14F90BLZAbEno4zzCmLfNubpMCEBSxFxi4RufVu1+EABPmVt18Yl0qM25Mx2aNzU1DdizZNyz8eLQZIRxARfbrZ0FnAY201MQj8QKDxvPWSZJFLKiXrXeXTNemxWKNcpGpv+bmkvBgBtMMLUUjwR8534z4YWqTUuho3tepY8DcRXYDvUctzvY8KNzYBAzrpB6dAFinnXqPpRryAiw8asd9ZkO/UyE/a/ddvxeyhOa7cv82ky4IRS4QMXjOragnVSQ6KVwjK5MNbb5yxhitKvFeRBjuruo838QmU7THBabxJDMYbPUhlffwYVvimBiIHZbz1v/BscpUeq9vlqnhe0xADcPdzYAWwfhRtSItt2zQgbGzu1Ulh3cjK3N3X4mW57v35zBJhWLvzhaKuJ2+lS0r9uHtahO/03qR/GH+K5Z3BqV+XVlFhDEZnjcssS5yfi+BlOM+PQheRIvbd3cGZ9un+FP3wS+0qpNmyTiFs+H7b/eaw+UqL6GXQO5HP384XMSl41Jcrgl+9gno7H+zMAJ/QNWL5GrgJxV4a+iQY2x69xXFO+KBXRYdUo1XiUEc2Jgfz5QR63htO8JhmxMUv5xftvfHyys43K+++IcsWjxSEpzHSS2+yr+r6jqHbFoook0pqE+hdZ5nGXerGDIq1WHZ+ktuPEfa0KkhLzY6yCzTd05WH2ZZCSCqhFJnjWQTy1yI=]
D/S4URC   ( 2663): [SDK] [java.lang.Class] [forName] [FindClass][String] [com.android.internal.telephony.PhoneFactory]
D/S4URC   ( 2663): [SDK] [java.lang.Class] [forName] [FindClass][String] [android.telephony.MSimTelephonyManager]
D/S4URC   ( 2663): [SDK] [java.lang.Class] [forName] [FindClass][String] [com.android.internal.telephony.Phone]
D/S4URC   ( 2663): [SDK] [java.lang.Class] [forName] [FindClass][String] [com.android.internal.telephony.PhoneConstants]
D/S4URC   ( 2663): [SDK] [android.telephony.TelephonyManager] [getDeviceId]
D/S4URC   ( 2663): [SDK] [android.app.ApplicationPackageManager] [getPackageInfo] [FindPackageName][String] [uviyju.xlugh.oemwdco.kljln]
D/S4URC   ( 2663): [NDK] [SYSCALL] [access] [PATH][string] [/data/data/uviyju.xlugh.oemwdco.kljln/databases/dataeye_database_053CE9326103161DC37854ECE8E0DBE2.db-journal]
D/S4URC   ( 2663): [NDK] [SYSCALL] [stat] [PATH][string] [/data/data/uviyju.xlugh.oemwdco.kljln/databases/dataeye_database_053CE9326103161DC37854ECE8E0DBE2.db-journal]
D/S4URC   ( 2663): [NDK] [SYSCALL] [stat] [PATH][string] [/data/data/uviyju.xlugh.oemwdco.kljln/databases/dataeye_database_053CE9326103161DC37854ECE8E0DBE2.db]
D/S4URC   ( 2663): [NDK] [SYSCALL] [open] [PATH][string] [/data/data/uviyju.xlugh.oemwdco.kljln/databases/dataeye_database_053CE9326103161DC37854ECE8E0DBE2.db-journal] [RETURN][int] [128]
D/S4URC   ( 2663): [NDK] [SYSCALL] [access] [PATH][string] [/data/data/uviyju.xlugh.oemwdco.kljln/databases/dataeye_database_053CE9326103161DC37854ECE8E0DBE2.db-wal]
D/S4URC   ( 2663): [SDK] [android.database.sqlite.SQLiteDatabase] [query] [queryInfo][String] [SELECT][] [FROM][dataeye_agenda_log]
D/S4URC   ( 2663): [NDK] [SYSCALL] [access] [PATH][string] [/data/data/uviyju.xlugh.oemwdco.kljln/databases/dataeye_database_053CE9326103161DC37854ECE8E0DBE2.db-journal]
D/S4URC   ( 2663): [NDK] [SYSCALL] [stat] [PATH][string] [/data/data/uviyju.xlugh.oemwdco.kljln/databases/dataeye_database_053CE9326103161DC37854ECE8E0DBE2.db-journal]
D/S4URC   ( 2663): [NDK] [SYSCALL] [stat] [PATH][string] [/data/data/uviyju.xlugh.oemwdco.kljln/databases/dataeye_database_053CE9326103161DC37854ECE8E0DBE2.db]
D/S4URC   ( 2663): [NDK] [SYSCALL] [open] [PATH][string] [/data/data/uviyju.xlugh.oemwdco.kljln/databases/dataeye_database_053CE9326103161DC37854ECE8E0DBE2.db-journal] [RETURN][int] [128]
D/S4URC   ( 2663): [NDK] [SYSCALL] [access] [PATH][string] [/data/data/uviyju.xlugh.oemwdco.kljln/databases/dataeye_database_053CE9326103161DC37854ECE8E0DBE2.db-wal]
D/S4URC   ( 2663): [SDK] [android.database.sqlite.SQLiteDatabase] [query] [queryInfo][String] [SELECT][] [FROM][dataeye_agenda_log]
D/S4URC   ( 2663): [NDK] [SYSCALL] [access] [PATH][string] [/data/data/uviyju.xlugh.oemwdco.kljln/databases/dataeye_database_053CE9326103161DC37854ECE8E0DBE2.db-journal]
D/S4URC   ( 2663): [NDK] [SYSCALL] [stat] [PATH][string] [/data/data/uviyju.xlugh.oemwdco.kljln/databases/dataeye_database_053CE9326103161DC37854ECE8E0DBE2.db-journal]
D/S4URC   ( 2663): [NDK] [SYSCALL] [stat] [PATH][string] [/data/data/uviyju.xlugh.oemwdco.kljln/databases/dataeye_database_053CE9326103161DC37854ECE8E0DBE2.db]
D/S4URC   ( 2663): [NDK] [SYSCALL] [open] [PATH][string] [/data/data/uviyju.xlugh.oemwdco.kljln/databases/dataeye_database_053CE9326103161DC37854ECE8E0DBE2.db-journal] [RETURN][int] [129]
D/S4URC   ( 2663): [NDK] [SYSCALL] [access] [PATH][string] [/data/data/uviyju.xlugh.oemwdco.kljln/databases/dataeye_database_053CE9326103161DC37854ECE8E0DBE2.db-wal]
D/S4URC   ( 2663): [SDK] [android.database.sqlite.SQLiteDatabase] [query] [queryInfo][String] [SELECT][] [FROM][dataeye_agenda_log]
D/S4URC   ( 2663): [NDK] [SYSCALL] [access] [PATH][string] [/data/data/uviyju.xlugh.oemwdco.kljln/databases/dataeye_database_053CE9326103161DC37854ECE8E0DBE2.db-journal]
D/S4URC   ( 2663): [NDK] [SYSCALL] [stat] [PATH][string] [/data/data/uviyju.xlugh.oemwdco.kljln/databases/dataeye_database_053CE9326103161DC37854ECE8E0DBE2.db-journal]
D/S4URC   ( 2663): [NDK] [SYSCALL] [stat] [PATH][string] [/data/data/uviyju.xlugh.oemwdco.kljln/databases/dataeye_database_053CE9326103161DC37854ECE8E0DBE2.db]
D/S4URC   ( 2663): [NDK] [SYSCALL] [open] [PATH][string] [/data/data/uviyju.xlugh.oemwdco.kljln/databases/dataeye_database_053CE9326103161DC37854ECE8E0DBE2.db-journal] [RETURN][int] [131]
D/S4URC   ( 2663): [NDK] [SYSCALL] [access] [PATH][string] [/data/data/uviyju.xlugh.oemwdco.kljln/databases/dataeye_database_053CE9326103161DC37854ECE8E0DBE2.db-wal]
D/S4URC   ( 2663): [SDK] [android.database.sqlite.SQLiteDatabase] [query] [queryInfo][String] [SELECT][] [FROM][dataeye_agenda_log]
D/S4URC   ( 2663): [NDK] [SYSCALL] [access] [PATH][string] [/data/data/uviyju.xlugh.oemwdco.kljln/databases/dataeye_database_053CE9326103161DC37854ECE8E0DBE2.db-journal]
D/S4URC   ( 2663): [NDK] [SYSCALL] [stat] [PATH][string] [/data/data/uviyju.xlugh.oemwdco.kljln/databases/dataeye_database_053CE9326103161DC37854ECE8E0DBE2.db-journal]
D/S4URC   ( 2663): [NDK] [SYSCALL] [stat] [PATH][string] [/data/data/uviyju.xlugh.oemwdco.kljln/databases/dataeye_database_053CE9326103161DC37854ECE8E0DBE2.db]
D/S4URC   ( 2663): [NDK] [SYSCALL] [open] [PATH][string] [/data/data/uviyju.xlugh.oemwdco.kljln/databases/dataeye_database_053CE9326103161DC37854ECE8E0DBE2.db-journal] [RETURN][int] [128]
D/S4URC   ( 2663): [NDK] [SYSCALL] [access] [PATH][string] [/data/data/uviyju.xlugh.oemwdco.kljln/databases/dataeye_database_053CE9326103161DC37854ECE8E0DBE2.db-wal]
D/S4URC   ( 2663): [SDK] [android.database.sqlite.SQLiteDatabase] [query] [queryInfo][String] [SELECT][] [FROM][dataeye_agenda_log]
D/S4URC   ( 2663): [NDK] [SYSCALL] [access] [PATH][string] [/data/data/uviyju.xlugh.oemwdco.kljln/databases/dataeye_database_053CE9326103161DC37854ECE8E0DBE2.db-journal]
D/S4URC   ( 2663): [NDK] [SYSCALL] [stat] [PATH][string] [/data/data/uviyju.xlugh.oemwdco.kljln/databases/dataeye_database_053CE9326103161DC37854ECE8E0DBE2.db-journal]
D/S4URC   ( 2663): [NDK] [SYSCALL] [stat] [PATH][string] [/data/data/uviyju.xlugh.oemwdco.kljln/databases/dataeye_database_053CE9326103161DC37854ECE8E0DBE2.db]
D/S4URC   ( 2663): [NDK] [SYSCALL] [open] [PATH][string] [/data/data/uviyju.xlugh.oemwdco.kljln/databases/dataeye_database_053CE9326103161DC37854ECE8E0DBE2.db-journal] [RETURN][int] [117]
D/S4URC   ( 2663): [NDK] [SYSCALL] [access] [PATH][string] [/data/data/uviyju.xlugh.oemwdco.kljln/databases/dataeye_database_053CE9326103161DC37854ECE8E0DBE2.db-wal]
D/S4URC   ( 2663): [SDK] [android.database.sqlite.SQLiteDatabase] [execSQL] [ExecInfo][String] [DELETE FROM dataeye_agenda_log WHERE _id IN ()]
D/S4URC   ( 2663): [NDK] [SYSCALL] [access] [PATH][string] [/data/data/uviyju.xlugh.oemwdco.kljln/databases/dataeye_database_053CE9326103161DC37854ECE8E0DBE2.db-journal]
D/S4URC   ( 2663): [NDK] [SYSCALL] [stat] [PATH][string] [/data/data/uviyju.xlugh.oemwdco.kljln/databases/dataeye_database_053CE9326103161DC37854ECE8E0DBE2.db-journal]
D/S4URC   ( 2663): [NDK] [SYSCALL] [stat] [PATH][string] [/data/data/uviyju.xlugh.oemwdco.kljln/databases/dataeye_database_053CE9326103161DC37854ECE8E0DBE2.db]
D/S4URC   ( 2663): [NDK] [SYSCALL] [open] [PATH][string] [/data/data/uviyju.xlugh.oemwdco.kljln/databases/dataeye_database_053CE9326103161DC37854ECE8E0DBE2.db-journal] [RETURN][int] [117]
D/S4URC   ( 2663): [NDK] [SYSCALL] [access] [PATH][string] [/data/data/uviyju.xlugh.oemwdco.kljln/databases/dataeye_database_053CE9326103161DC37854ECE8E0DBE2.db-wal]
D/S4URC   ( 2663): [NDK] [SYSCALL] [stat] [PATH][string] [/data/data/uviyju.xlugh.oemwdco.kljln/databases/dataeye_database_053CE9326103161DC37854ECE8E0DBE2.db]
D/S4URC   ( 2663): [NDK] [SYSCALL] [open] [PATH][string] [/data/data/uviyju.xlugh.oemwdco.kljln/databases/dataeye_database_053CE9326103161DC37854ECE8E0DBE2.db-journal] [RETURN][int] [117]
D/S4URC   ( 2663): [NDK] [SYSCALL] [open] [PATH][string] [/data/data/uviyju.xlugh.oemwdco.kljln/databases] [RETURN][int] [128]
D/S4URC   ( 2663): [SDK] [android.database.sqlite.SQLiteDatabase] [execSQL] [ExecInfo][String] [insert  or replace into dataeye_history_log( history_data )  values( ? )] [Bind][1]
D/S4URC   ( 2663): [NDK] [SYSCALL] [stat] [PATH][string] [/data/data/uviyju.xlugh.oemwdco.kljln/databases/dataeye_database_053CE9326103161DC37854ECE8E0DBE2.db]
D/S4URC   ( 2663): [SDK] [javax.crypto.spec.SecretKeySpec][Constructor] [KEY][MjAxNwAAAAA=][type][DES][javax.crypto.Cipher][getInstance] [Cipher][DES] [javax.crypto.Cipher][getInstance] [Cipher][DES] [javax.crypto.Cipher][doFinal] [Data][iAcl/nVmdVUgFhR7Mjl2LDtiBbyE6UE38JX/y+GGfAR0LT3mK/jeIW6af6EsKDOD] [Return][http://123.206.207.176:10002/v1/sdk/init]
D/S4URC   ( 2663): [NDK] [SYSCALL] [socket] [TYPE][string] [TCP]
D/S4URC   ( 2663): [SDK] [java.io.File] [getPath] [FilePath][String] [/data/data/uviyju.xlugh.oemwdco.kljln/databases]
D/S4URC   ( 2663): [SDK] [java.io.File] [isDirectory] [FilePath][String] [/data/data/uviyju.xlugh.oemwdco.kljln/databases]
D/S4URC   ( 2663): [NDK] [SYSCALL] [stat] [PATH][string] [/data/data/uviyju.xlugh.oemwdco.kljln/databases]
D/S4URC   ( 2663): [SDK] [java.io.File] [getPath] [FilePath][String] [/data/data/uviyju.xlugh.oemwdco.kljln/databases/dataeye_database_053CE9326103161DC37854ECE8E0DBE2.db]
D/S4URC   ( 2663): [NDK] [SYSCALL] [stat] [PATH][string] [/data/data/uviyju.xlugh.oemwdco.kljln/databases/dataeye_database_053CE9326103161DC37854ECE8E0DBE2.db]
D/S4URC   ( 2663): [NDK] [SYSCALL] [open] [PATH][string] [/data/data/uviyju.xlugh.oemwdco.kljln/databases/dataeye_database_053CE9326103161DC37854ECE8E0DBE2.db] [RETURN][int] [111]
D/S4URC   ( 2663): [NDK] [SYSCALL] [stat] [PATH][string] [/data/data/uviyju.xlugh.oemwdco.kljln/databases/dataeye_database_053CE9326103161DC37854ECE8E0DBE2.db]
D/S4URC   ( 2663): [NDK] [SYSCALL] [access] [PATH][string] [/data/data/uviyju.xlugh.oemwdco.kljln/databases/dataeye_database_053CE9326103161DC37854ECE8E0DBE2.db-journal]
D/S4URC   ( 2663): [NDK] [SYSCALL] [stat] [PATH][string] [/data/data/uviyju.xlugh.oemwdco.kljln/databases/dataeye_database_053CE9326103161DC37854ECE8E0DBE2.db-journal]
D/S4URC   ( 2663): [NDK] [SYSCALL] [stat] [PATH][string] [/data/data/uviyju.xlugh.oemwdco.kljln/databases/dataeye_database_053CE9326103161DC37854ECE8E0DBE2.db]
D/S4URC   ( 2663): [NDK] [SYSCALL] [open] [PATH][string] [/data/data/uviyju.xlugh.oemwdco.kljln/databases/dataeye_database_053CE9326103161DC37854ECE8E0DBE2.db-journal] [RETURN][int] [129]
D/S4URC   ( 2663): [NDK] [SYSCALL] [access] [PATH][string] [/data/data/uviyju.xlugh.oemwdco.kljln/databases/dataeye_database_053CE9326103161DC37854ECE8E0DBE2.db-wal]
D/S4URC   ( 2663): [NDK] [SYSCALL] [access] [PATH][string] [/data/data/uviyju.xlugh.oemwdco.kljln/databases/dataeye_database_053CE9326103161DC37854ECE8E0DBE2.db-journal]
D/S4URC   ( 2663): [NDK] [SYSCALL] [stat] [PATH][string] [/data/data/uviyju.xlugh.oemwdco.kljln/databases/dataeye_database_053CE9326103161DC37854ECE8E0DBE2.db-journal]
D/S4URC   ( 2663): [NDK] [SYSCALL] [stat] [PATH][string] [/data/data/uviyju.xlugh.oemwdco.kljln/databases/dataeye_database_053CE9326103161DC37854ECE8E0DBE2.db]
D/S4URC   ( 2663): [NDK] [SYSCALL] [open] [PATH][string] [/data/data/uviyju.xlugh.oemwdco.kljln/databases/dataeye_database_053CE9326103161DC37854ECE8E0DBE2.db-journal] [RETURN][int] [117]
D/S4URC   ( 2663): [NDK] [SYSCALL] [access] [PATH][string] [/data/data/uviyju.xlugh.oemwdco.kljln/databases/dataeye_database_053CE9326103161DC37854ECE8E0DBE2.db-wal]
D/S4URC   ( 2663): [NDK] [SYSCALL] [access] [PATH][string] [/data/data/uviyju.xlugh.oemwdco.kljln/databases/dataeye_database_053CE9326103161DC37854ECE8E0DBE2.db-journal]
D/S4URC   ( 2663): [NDK] [SYSCALL] [stat] [PATH][string] [/data/data/uviyju.xlugh.oemwdco.kljln/databases/dataeye_database_053CE9326103161DC37854ECE8E0DBE2.db-journal]
D/S4URC   ( 2663): [NDK] [SYSCALL] [stat] [PATH][string] [/data/data/uviyju.xlugh.oemwdco.kljln/databases/dataeye_database_053CE9326103161DC37854ECE8E0DBE2.db]
D/S4URC   ( 2663): [NDK] [SYSCALL] [open] [PATH][string] [/data/data/uviyju.xlugh.oemwdco.kljln/databases/dataeye_database_053CE9326103161DC37854ECE8E0DBE2.db-journal] [RETURN][int] [117]
D/S4URC   ( 2663): [NDK] [SYSCALL] [access] [PATH][string] [/data/data/uviyju.xlugh.oemwdco.kljln/databases/dataeye_database_053CE9326103161DC37854ECE8E0DBE2.db-wal]
D/S4URC   ( 2663): [SDK] [java.io.File] [getPath] [FilePath][String] [/data/data/uviyju.xlugh.oemwdco.kljln/databases/dataeye_database_053CE9326103161DC37854ECE8E0DBE2.db]
D/S4URC   ( 2663): [NDK] [SYSCALL] [chmod] [PATH][string] [/data/data/uviyju.xlugh.oemwdco.kljln/databases/dataeye_database_053CE9326103161DC37854ECE8E0DBE2.db] [MODE][int] [0660]
D/S4URC   ( 2663): [NDK] [SYSCALL] [access] [PATH][string] [/data/data/uviyju.xlugh.oemwdco.kljln/databases/dataeye_database_053CE9326103161DC37854ECE8E0DBE2.db-journal]
D/S4URC   ( 2663): [NDK] [SYSCALL] [stat] [PATH][string] [/data/data/uviyju.xlugh.oemwdco.kljln/databases/dataeye_database_053CE9326103161DC37854ECE8E0DBE2.db-journal]
D/S4URC   ( 2663): [NDK] [SYSCALL] [stat] [PATH][string] [/data/data/uviyju.xlugh.oemwdco.kljln/databases/dataeye_database_053CE9326103161DC37854ECE8E0DBE2.db]
D/S4URC   ( 2663): [NDK] [SYSCALL] [open] [PATH][string] [/data/data/uviyju.xlugh.oemwdco.kljln/databases/dataeye_database_053CE9326103161DC37854ECE8E0DBE2.db-journal] [RETURN][int] [117]
D/S4URC   ( 2663): [NDK] [SYSCALL] [access] [PATH][string] [/data/data/uviyju.xlugh.oemwdco.kljln/databases/dataeye_database_053CE9326103161DC37854ECE8E0DBE2.db-wal]
D/S4URC   ( 2663): [NDK] [SYSCALL] [access] [PATH][string] [/data/data/uviyju.xlugh.oemwdco.kljln/databases/dataeye_database_053CE9326103161DC37854ECE8E0DBE2.db-journal]
