D/S4URC   ( 3631): [NDK] [SYSCALL] [open] [PATH][string] [/dev/urandom] [RETURN][int] [28]
D/S4URC   ( 3750): [SDK] [java.lang.Class] [forName] [FindClass][String] [java.net.PlainSocketImpl]
D/S4URC   ( 3631): [SDK] [java.io.File] [Constructor] [FilePath][String] [/system/app/Superuser.apk]
D/S4URC   ( 3631): [SDK] [java.io.File] [exists] [FilePath][String] [/system/app/Superuser.apk]
D/S4URC   ( 3631): [NDK] [SYSCALL] [access] [PATH][string] [/system/app/Superuser.apk]
D/S4URC   ( 3631): [SDK] [java.lang.Runtime] [exec] [Command][String] [/system/xbin/whichsu]
D/S4URC   ( 3844): [NDK] [SYSCALL] [getdents] [PATH][string] [.]
D/S4URC   ( 3631): [SDK] [android.telephony.TelephonyManager] [getLine1Number]
D/S4URC   ( 3631): [SDK] [android.telephony.TelephonyManager] [getSubscriberId]
D/S4URC   ( 3631): [SDK] [android.app.ApplicationPackageManager] [getPackageInfo] [FindPackageName][String] [com.jqepef.edrydg]
D/S4URC   ( 3631): [SDK] [android.content.ContextWrapper][getSharedPreferences] [File][Preferences.xml] [MODE][MODE_PRIVATE] [Method][getString] [String][mobile] [Return][null]
D/S4URC   ( 3631): [SDK] [android.content.ContextWrapper][getSharedPreferences] [File][Preferences.xml] [MODE][MODE_PRIVATE] [Method][getString] [String][agent] [Return][Dalvik/2.1.0 (Linux; U; Android 5.1.1; galaxys5 Build/LMY49J)]
D/S4URC   ( 3750): [SDK] [java.lang.Class] [forName] [FindClass][String] [com.android.org.conscrypt.OpenSSLMessageDigestJDK$MD5]
D/S4URC   ( 3750): [SDK] [java.io.File] [getPath] [FilePath][String] [/data/misc/user/0/cacerts-added]
D/S4URC   ( 3750): [SDK] [java.io.File] [isFile] [FilePath][String] [/data/misc/user/0/cacerts-added/bc465a65.0]
D/S4URC   ( 3750): [SDK] [java.io.File] [getPath] [FilePath][String] [/system/etc/security/cacerts]
D/S4URC   ( 3750): [SDK] [java.io.File] [isFile] [FilePath][String] [/system/etc/security/cacerts/bc465a65.0]
D/S4URC   ( 3750): [SDK] [java.io.File] [getPath] [FilePath][String] [/data/misc/user/0/cacerts-added]
D/S4URC   ( 3750): [SDK] [java.io.File] [isFile] [FilePath][String] [/data/misc/user/0/cacerts-added/4bcd7fc4.0]
D/S4URC   ( 3750): [SDK] [java.io.File] [getPath] [FilePath][String] [/system/etc/security/cacerts]
D/S4URC   ( 3750): [SDK] [java.io.File] [isFile] [FilePath][String] [/system/etc/security/cacerts/4bcd7fc4.0]
D/S4URC   ( 3750): [SDK] [java.io.File] [getPath] [FilePath][String] [/data/misc/user/0/cacerts-added]
D/S4URC   ( 3750): [SDK] [java.io.File] [isFile] [FilePath][String] [/data/misc/user/0/cacerts-added/399e7759.0]
D/S4URC   ( 3750): [SDK] [java.io.File] [getPath] [FilePath][String] [/system/etc/security/cacerts]
D/S4URC   ( 3750): [SDK] [java.io.File] [isFile] [FilePath][String] [/system/etc/security/cacerts/399e7759.0]
D/S4URC   ( 3750): [SDK] [java.io.File] [getPath] [FilePath][String] [/system/etc/security/cacerts/399e7759.0]
D/S4URC   ( 3631): [SDK] [java.io.File] [Constructor] [FilePath][String] [/data/data/com.jqepef.edrydg/files/lastCrashID]
D/S4URC   ( 3631): [SDK] [java.io.File] [exists] [FilePath][String] [/data/data/com.jqepef.edrydg/files/lastCrashID]
D/S4URC   ( 3631): [NDK] [SYSCALL] [access] [PATH][string] [/data/data/com.jqepef.edrydg/files/lastCrashID]
D/S4URC   ( 3631): [SDK] [java.io.File] [createNewFile] [FilePath][String] [/data/data/com.jqepef.edrydg/files/lastCrashID]
D/S4URC   ( 3631): [NDK] [SYSCALL] [open] [PATH][string] [/data/data/com.jqepef.edrydg/files/lastCrashID] [RETURN][int] [33]
D/S4URC   ( 3631): [SDK] [java.io.File] [getPath] [FilePath][String] [/data/data/com.jqepef.edrydg/files/lastCrashID]
D/S4URC   ( 3631): [NDK] [SYSCALL] [open] [PATH][string] [/data/data/com.jqepef.edrydg/files/lastCrashID] [RETURN][int] [33]
D/S4URC   ( 3750): [SDK] [java.io.File] [getPath] [FilePath][String] [/data/misc/user/0/cacerts-removed]
D/S4URC   ( 3750): [SDK] [java.io.File] [isFile] [FilePath][String] [/data/misc/user/0/cacerts-removed/399e7759.0]
D/S4URC   ( 3631): [SDK] [java.io.File] [Constructor] [FilePath][String] [/data/data/com.jqepef.edrydg/files/Mint-lastsavedfile]
D/S4URC   ( 3750): [SDK] [java.io.File] [exists] [FilePath][String] [/data/misc/user/0/cacerts-removed/399e7759.0]
D/S4URC   ( 3631): [SDK] [java.io.File] [Constructor] [FilePath][String] [/data/data/com.jqepef.edrydg/files/Mint-lastsavedfile]
D/S4URC   ( 3631): [SDK] [java.io.File] [getPath] [FilePath][String] [/data/data/com.jqepef.edrydg/files/Mint-lastsavedfile]
D/S4URC   ( 3631): [NDK] [SYSCALL] [open] [PATH][string] [/data/data/com.jqepef.edrydg/files/Mint-lastsavedfile] [RETURN][int] [-1]
D/S4URC   ( 3631): [SDK] [java.io.File] [Constructor] [FilePath][String] [/data/data/com.jqepef.edrydg/files/MintSavedData-1-1529824235451.json]
D/S4URC   ( 3631): [NDK] [SYSCALL] [stat] [PATH][string] [/data/data/com.jqepef.edrydg/files/MintSavedData-1-1529824235451.json]
D/S4URC   ( 3750): [SDK] [java.io.File] [getPath] [FilePath][String] [/data/misc/keychain/pins]
D/S4URC   ( 3631): [SDK] [java.io.File] [exists] [FilePath][String] [/data/data/com.jqepef.edrydg/files/MintSavedData-1-1529824235451.json]
D/S4URC   ( 3631): [NDK] [SYSCALL] [access] [PATH][string] [/data/data/com.jqepef.edrydg/files/MintSavedData-1-1529824235451.json]
D/S4URC   ( 3631): [SDK] [java.io.File] [createNewFile] [FilePath][String] [/data/data/com.jqepef.edrydg/files/MintSavedData-1-1529824235451.json]
D/S4URC   ( 3631): [NDK] [SYSCALL] [open] [PATH][string] [/data/data/com.jqepef.edrydg/files/MintSavedData-1-1529824235451.json] [RETURN][int] [33]
D/S4URC   ( 3750): [SDK] [java.io.File] [Constructor] [FilePath][String] [/data/misc/keychain/pubkey_blacklist.txt]
D/S4URC   ( 3750): [SDK] [java.io.File] [getPath] [FilePath][String] [/data/misc/keychain/pubkey_blacklist.txt]
D/S4URC   ( 3631): [SDK] [java.io.File] [getPath] [FilePath][String] [/data/data/com.jqepef.edrydg/files/MintSavedData-1-1529824235451.json]
D/S4URC   ( 3631): [NDK] [SYSCALL] [open] [PATH][string] [/data/data/com.jqepef.edrydg/files/MintSavedData-1-1529824235451.json] [RETURN][int] [33]
D/S4URC   ( 3631): [SDK] [java.io.File] [getName] [FilePath][String] [/data/data/com.jqepef.edrydg/files/MintSavedData-1-1529824235451.json]
D/S4URC   ( 3631): [SDK] [java.io.File] [Constructor] [FilePath][String] [/data/data/com.jqepef.edrydg/files/Mint-lastsavedfile]
D/S4URC   ( 3631): [SDK] [java.io.File] [exists] [FilePath][String] [/data/data/com.jqepef.edrydg/files/Mint-lastsavedfile]
D/S4URC   ( 3631): [NDK] [SYSCALL] [access] [PATH][string] [/data/data/com.jqepef.edrydg/files/Mint-lastsavedfile]
D/S4URC   ( 3631): [SDK] [java.io.File] [delete] [FilePath][String] [/data/data/com.jqepef.edrydg/files/Mint-lastsavedfile]
D/S4URC   ( 3631): [NDK] [SYSCALL] [lstat] [PATH][string] [/data/data/com.jqepef.edrydg/files/Mint-lastsavedfile]
D/S4URC   ( 3750): [SDK] [java.io.File] [Constructor] [FilePath][String] [/data/misc/keychain/serial_blacklist.txt]
D/S4URC   ( 3750): [SDK] [java.io.File] [getPath] [FilePath][String] [/data/misc/keychain/serial_blacklist.txt]
D/S4URC   ( 3631): [SDK] [java.io.File] [createNewFile] [FilePath][String] [/data/data/com.jqepef.edrydg/files/Mint-lastsavedfile]
D/S4URC   ( 3631): [NDK] [SYSCALL] [open] [PATH][string] [/data/data/com.jqepef.edrydg/files/Mint-lastsavedfile] [RETURN][int] [33]
D/S4URC   ( 3631): [SDK] [java.io.File] [getPath] [FilePath][String] [/data/data/com.jqepef.edrydg/files/Mint-lastsavedfile]
D/S4URC   ( 3631): [NDK] [SYSCALL] [open] [PATH][string] [/data/data/com.jqepef.edrydg/files/Mint-lastsavedfile] [RETURN][int] [33]
D/S4URC   ( 3631): [SDK] [java.lang.Class] [forName] [FindClass][String] [java.net.PlainSocketImpl]
D/S4URC   ( 3631): [NDK] [SYSCALL] [socket] [TYPE][string] [TCP]
D/S4URC   ( 3750): [SDK] [java.lang.Class] [forName] [FindClass][String] [com.android.org.conscrypt.OpenSSLMessageDigestJDK$SHA256]
D/S4URC   ( 3750): [SDK] [android.content.ContextWrapper][getSharedPreferences] [File][REMOTESETTINGSSETTINGS.xml] [MODE][MODE_PRIVATE] [Method][getString] [String][/sArw5T39EFXMYim/iTaU+WZdVuv7NcahsQK1puBnSY=] [Return][PSU94vHLEMG5rPz5emRKhg==:xLNeoNGpEEXNYHt5OI+mrlyjkuQhC+TS2t9ObZp0h2E=]
D/S4URC   ( 3750): [SDK] [android.content.ContextWrapper][getSharedPreferences] [File][REMOTESETTINGSSETTINGS.xml] [MODE][MODE_PRIVATE] [Method][putString] [Key][e6vwxcB+MmlGAQbyH9UKuodad3AZ/NsEkKak9MxmLUg=] [Value][null]
D/S4URC   ( 3750): [SDK] [java.io.File] [exists] [FilePath][String] [/data/data/com.jqepef.edrydg/shared_prefs/com.jqepef.edrydg_preferences.xml]
D/S4URC   ( 3750): [SDK] [android.content.ContextWrapper][getSharedPreferences] [File][REMOTESETTINGSSETTINGS.xml] [MODE][MODE_PRIVATE] [Method][commit]
D/S4URC   ( 3750): [SDK] [java.lang.Class] [forName] [FindClass][String] [java.lang.Thread]
D/S4URC   ( 3750): [SDK] [java.lang.Class] [forName] [FindClass][String] [java.lang.String]
D/S4URC   ( 3750): [SDK] [java.lang.Class] [forName] [FindClass][String] [java.lang.StackTraceElement]
D/S4URC   ( 3750): [SDK] [java.lang.Class] [forName] [FindClass][String] [java.lang.Thread]
D/S4URC   ( 3750): [SDK] [java.lang.Class] [forName] [FindClass][String] [java.lang.String]
D/S4URC   ( 3750): [SDK] [java.lang.Class] [forName] [FindClass][String] [java.lang.StackTraceElement]
D/S4URC   ( 3750): [SDK] [android.content.ContextWrapper][getSharedPreferences] [File][com.jqepef.edrydg_preferences.xml] [MODE][MODE_PRIVATE]
D/S4URC   ( 3750): [SDK] [javax.crypto.spec.SecretKeySpec][Constructor] [KEY][xLNeoNGpEEXNYHt5OI+mrlyjkuQhC+TS2t9ObZp0h2E=][type][HmacSHA256][javax.crypto.spec.PBEKeySpec][Constructor] [Password][com.jqepef.edrydg] [Salt][unknown]
D/S4URC   ( 3750): [SDK] [android.content.ContextWrapper][getSharedPreferences] [File][com.jqepef.edrydg_preferences.xml] [MODE][MODE_PRIVATE] [Method][getString] [String][/sArw5T39EFXMYim/iTaU+WZdVuv7NcahsQK1puBnSY=] [Return][PSU94vHLEMG5rPz5emRKhg==:xLNeoNGpEEXNYHt5OI+mrlyjkuQhC+TS2t9ObZp0h2E=]
D/S4URC   ( 3750): [SDK] [java.lang.Class] [forName] [FindClass][String] [com.android.org.conscrypt.OpenSSLCipher$AES$CBC$PKCS5Padding]
D/S4URC   ( 3750): [SDK] [javax.crypto.spec.SecretKeySpec][Constructor] [KEY][xLNeoNGpEEXNYHt5OI+mrlyjkuQhC+TS2t9ObZp0h2E=][type][HmacSHA256][javax.crypto.Cipher][getInstance] [Cipher][AES/CBC/PKCS5Padding] [javax.crypto.spec.IvParameterSpec][Constructor] [IV][U+peJ1FtA/Z46BcCO4u+vg==] [javax.crypto.Cipher][doFinal] [Data][mobproxy7.com] [Return][c4CNNFJK5aPGEmMSgyPg6w==]
D/S4URC   ( 3750): [SDK] [java.lang.Class] [forName] [FindClass][String] [com.android.org.conscrypt.OpenSSLMac$HmacSHA256]
D/S4URC   ( 3750): [SDK] [android.content.ContextWrapper][getSharedPreferences] [File][com.jqepef.edrydg_preferences.xml] [MODE][MODE_PRIVATE] [Method][putString] [Key][8v+DhgpNwgOYjtGiK6HyEjfwSr29DEyVEQPPvtEh3ng=] [Value][U+peJ1FtA/Z46BcCO4u+vg==:OBuB43hBEEOt6SM9Pk3MIBRm/BWPYJ1jqHoHGe0X7fU=:c4CNNFJK5aPGEmMSgyPg6w==]
D/S4URC   ( 3750): [SDK] [android.content.ContextWrapper][getSharedPreferences] [File][com.jqepef.edrydg_preferences.xml] [MODE][MODE_PRIVATE]
D/S4URC   ( 3750): [SDK] [javax.crypto.spec.PBEKeySpec][Constructor] [Password][com.jqepef.edrydg] [Salt][unknown]
D/S4URC   ( 3750): [SDK] [java.io.File] [exists] [FilePath][String] [/data/data/com.jqepef.edrydg/shared_prefs/com.jqepef.edrydg_preferences.xml]
D/S4URC   ( 3750): [SDK] [java.io.File] [exists] [FilePath][String] [/data/data/com.jqepef.edrydg/shared_prefs/com.jqepef.edrydg_preferences.xml.bak]
D/S4URC   ( 3750): [SDK] [java.io.File] [renameTo] [FilePath][String] [/data/data/com.jqepef.edrydg/shared_prefs/com.jqepef.edrydg_preferences.xml] [DesFile][/data/data/com.jqepef.edrydg/shared_prefs/com.jqepef.edrydg_preferences.xml.bak]
D/S4URC   ( 3750): [SDK] [java.io.File] [getPath] [FilePath][String] [/data/data/com.jqepef.edrydg/shared_prefs/com.jqepef.edrydg_preferences.xml]
D/S4URC   ( 3750): [SDK] [java.io.File] [delete] [FilePath][String] [/data/data/com.jqepef.edrydg/shared_prefs/com.jqepef.edrydg_preferences.xml.bak]
D/S4URC   ( 3750): [SDK] [android.content.ContextWrapper][getSharedPreferences] [File][com.jqepef.edrydg_preferences.xml] [MODE][MODE_PRIVATE] [Method][commit]
D/S4URC   ( 3750):  [Method][getString] [String][/sArw5T39EFXMYim/iTaU+WZdVuv7NcahsQK1puBnSY=] [Return][PSU94vHLEMG5rPz5emRKhg==:xLNeoNGpEEXNYHt5OI+mrlyjkuQhC+TS2t9ObZp0h2E=]
D/S4URC   ( 3750): [SDK] [javax.crypto.spec.SecretKeySpec][Constructor] [KEY][xLNeoNGpEEXNYHt5OI+mrlyjkuQhC+TS2t9ObZp0h2E=][type][HmacSHA256][javax.crypto.Cipher][getInstance] [Cipher][AES/CBC/PKCS5Padding] [javax.crypto.spec.IvParameterSpec][Constructor] [IV][cqRy6IyP0Ry7XKS8XAJlFA==] [javax.crypto.Cipher][doFinal] [Data][-1] [Return][+NDvwLNy3Qly8E7L+CPTlw==]
D/S4URC   ( 3750): [SDK] [android.content.ContextWrapper][getSharedPreferences] [File][com.jqepef.edrydg_preferences.xml] [MODE][MODE_PRIVATE] [Method][putString] [Key][KTG81sSjZqvKo7LXRs0+R1OcEkazrNv6w297XBpYnVs=] [Value][cqRy6IyP0Ry7XKS8XAJlFA==:mxwYcXqHL5KYKPv7pukzfSSuPrcP+HYouVuFRO9KU5M=:+NDvwLNy3Qly8E7L+CPTlw==]
D/S4URC   ( 3750): [SDK] [java.io.File] [exists] [FilePath][String] [/data/data/com.jqepef.edrydg/shared_prefs/com.jqepef.edrydg_preferences.xml]
D/S4URC   ( 3750): [SDK] [java.io.File] [exists] [FilePath][String] [/data/data/com.jqepef.edrydg/shared_prefs/com.jqepef.edrydg_preferences.xml.bak]
D/S4URC   ( 3750): [SDK] [java.io.File] [renameTo] [FilePath][String] [/data/data/com.jqepef.edrydg/shared_prefs/com.jqepef.edrydg_preferences.xml] [DesFile][/data/data/com.jqepef.edrydg/shared_prefs/com.jqepef.edrydg_preferences.xml.bak]
D/S4URC   ( 3750): [SDK] [java.io.File] [getPath] [FilePath][String] [/data/data/com.jqepef.edrydg/shared_prefs/com.jqepef.edrydg_preferences.xml]
D/S4URC   ( 3750): [SDK] [java.io.File] [delete] [FilePath][String] [/data/data/com.jqepef.edrydg/shared_prefs/com.jqepef.edrydg_preferences.xml.bak]
D/S4URC   ( 3750): [SDK] [android.content.ContextWrapper] [registerReceiver][IntentFilter][android.net.conn.CONNECTIVITY_CHANGE,android.net.wifi.WIFI_STATE_CHANGED,
D/S4URC   ( 3750): [SDK] [java.lang.Class] [forName] [FindClass][String] [java.lang.Thread]
D/S4URC   ( 3750): [SDK] [java.lang.Class] [forName] [FindClass][String] [java.lang.String]
D/S4URC   ( 3750): [SDK] [java.lang.Class] [forName] [FindClass][String] [java.lang.StackTraceElement]
D/S4URC   ( 3750): [SDK] [android.content.ContextWrapper] [registerReceiver][IntentFilter][android.provider.Telephony.SMS_RECEIVED,
D/S4URC   ( 3750): [SDK] [android.content.ContextWrapper][getSharedPreferences] [File][com.jqepef.edrydg_preferences.xml] [MODE][MODE_PRIVATE]
D/S4URC   ( 3750): [SDK] [javax.crypto.spec.PBEKeySpec][Constructor] [Password][com.jqepef.edrydg] [Salt][unknown]
D/S4URC   ( 3750): [SDK] [android.content.ContextWrapper] [registerReceiver][IntentFilter][android.intent.action.SCREEN_ON,android.intent.action.SCREEN_OFF,
D/S4URC   ( 3750): [SDK] [java.lang.Class] [forName] [FindClass][String] [android.net.NetworkInfo]
D/S4URC   ( 3750): [SDK] [android.content.ContextWrapper][getSharedPreferences] [File][com.jqepef.edrydg_preferences.xml] [MODE][MODE_PRIVATE]
D/S4URC   ( 3750): [SDK] [javax.crypto.spec.PBEKeySpec][Constructor] [Password][com.jqepef.edrydg] [Salt][unknown]
D/S4URC   ( 3631): [SDK] [java.io.File] [Constructor] [FilePath][String] [/data/data/com.jqepef.edrydg/files/Mint-lastsavedfile]
D/S4URC   ( 3631): [SDK] [java.io.File] [getPath] [FilePath][String] [/data/data/com.jqepef.edrydg/files/Mint-lastsavedfile]
D/S4URC   ( 3631): [NDK] [SYSCALL] [open] [PATH][string] [/data/data/com.jqepef.edrydg/files/Mint-lastsavedfile] [RETURN][int] [18]
D/S4URC   ( 3631): [SDK] [java.io.File] [Constructor] [FilePath][String] [/data/data/com.jqepef.edrydg/files/MintSavedData-1-1529824235451.json]
D/S4URC   ( 3631): [NDK] [SYSCALL] [stat] [PATH][string] [/data/data/com.jqepef.edrydg/files/MintSavedData-1-1529824235451.json]
D/S4URC   ( 3631): [SDK] [java.io.File] [exists] [FilePath][String] [/data/data/com.jqepef.edrydg/files/MintSavedData-1-1529824235451.json]
D/S4URC   ( 3631): [NDK] [SYSCALL] [access] [PATH][string] [/data/data/com.jqepef.edrydg/files/MintSavedData-1-1529824235451.json]
D/S4URC   ( 3631): [SDK] [java.io.File] [getPath] [FilePath][String] [/data/data/com.jqepef.edrydg/files/MintSavedData-1-1529824235451.json]
D/S4URC   ( 3631): [NDK] [SYSCALL] [open] [PATH][string] [/data/data/com.jqepef.edrydg/files/MintSavedData-1-1529824235451.json] [RETURN][int] [18]
D/S4URC   ( 3631): [SDK] [java.io.File] [getName] [FilePath][String] [/data/data/com.jqepef.edrydg/files/MintSavedData-1-1529824235451.json]
D/S4URC   ( 3631): [SDK] [java.io.File] [Constructor] [FilePath][String] [/data/data/com.jqepef.edrydg/files/Mint-lastsavedfile]
D/S4URC   ( 3631): [SDK] [java.io.File] [exists] [FilePath][String] [/data/data/com.jqepef.edrydg/files/Mint-lastsavedfile]
D/S4URC   ( 3631): [NDK] [SYSCALL] [access] [PATH][string] [/data/data/com.jqepef.edrydg/files/Mint-lastsavedfile]
D/S4URC   ( 3631): [SDK] [java.io.File] [getPath] [FilePath][String] [/data/data/com.jqepef.edrydg/files/Mint-lastsavedfile]
D/S4URC   ( 3631): [NDK] [SYSCALL] [open] [PATH][string] [/data/data/com.jqepef.edrydg/files/Mint-lastsavedfile] [RETURN][int] [18]
D/S4URC   ( 3631): [SDK] [java.io.File] [Constructor] [FilePath][String] [/system/app/Superuser.apk]
D/S4URC   ( 3631): [SDK] [java.io.File] [exists] [FilePath][String] [/system/app/Superuser.apk]
D/S4URC   ( 3631): [NDK] [SYSCALL] [access] [PATH][string] [/system/app/Superuser.apk]
D/S4URC   ( 3631): [SDK] [java.lang.Runtime] [exec] [Command][String] [/system/xbin/whichsu]
D/S4URC   ( 3986): [NDK] [SYSCALL] [getdents] [PATH][string] [.]
D/S4URC   ( 3631): [SDK] [android.telephony.TelephonyManager] [getLine1Number]
D/S4URC   ( 3631): [SDK] [android.telephony.TelephonyManager] [getSubscriberId]
D/S4URC   ( 3631): [SDK] [android.app.ApplicationPackageManager] [getPackageInfo] [FindPackageName][String] [com.jqepef.edrydg]
D/S4URC   ( 3631): [SDK] [android.content.ContextWrapper][getSharedPreferences] [File][Preferences.xml] [MODE][MODE_PRIVATE] [Method][getString] [String][mobile] [Return][null]
D/S4URC   ( 3631): [SDK] [android.content.ContextWrapper][getSharedPreferences] [File][Preferences.xml] [MODE][MODE_PRIVATE] [Method][getString] [String][agent] [Return][Dalvik/2.1.0 (Linux; U; Android 5.1.1; galaxys5 Build/LMY49J)]
D/S4URC   ( 3631): [SDK] [java.lang.Class] [forName] [FindClass][String] [java.net.PlainSocketImpl]
D/S4URC   ( 3631): [NDK] [SYSCALL] [socket] [TYPE][string] [TCP]
D/S4URC   ( 3750): [SDK] [android.content.ContextWrapper][getSharedPreferences] [File][com.jqepef.edrydg_preferences.xml] [MODE][MODE_PRIVATE] [Method][getString] [String][/sArw5T39EFXMYim/iTaU+WZdVuv7NcahsQK1puBnSY=] [Return][PSU94vHLEMG5rPz5emRKhg==:xLNeoNGpEEXNYHt5OI+mrlyjkuQhC+TS2t9ObZp0h2E=]
D/S4URC   ( 3750): [SDK] [android.content.ContextWrapper][getSharedPreferences] [File][com.jqepef.edrydg_preferences.xml] [MODE][MODE_PRIVATE] [Method][getString] [String][RJLlwrHbab/nlP+fp/Rx4lGZTFlUIrCnqrFdHoZub+s=] [Return][null]
D/S4URC   ( 3750): [SDK] [android.content.ContextWrapper][getSharedPreferences] [File][com.jqepef.edrydg_preferences.xml] [MODE][MODE_PRIVATE] [Method][getString] [String][ChSYRKfJ9M/5SL85gz/MVCnOIyXkPWs4c6IqdulW5HA=] [Return][null]
D/S4URC   ( 3750): [SDK] [java.lang.Class] [forName] [FindClass][String] [java.lang.Thread]
D/S4URC   ( 3750): [SDK] [java.lang.Class] [forName] [FindClass][String] [java.lang.String]
D/S4URC   ( 3750): [SDK] [java.lang.Class] [forName] [FindClass][String] [java.lang.StackTraceElement]
D/S4URC   ( 3750): [SDK] [android.content.ContextWrapper][getSharedPreferences] [File][com.jqepef.edrydg_preferences.xml] [MODE][MODE_PRIVATE]
D/S4URC   ( 3750): [SDK] [javax.crypto.spec.SecretKeySpec][Constructor] [KEY][xLNeoNGpEEXNYHt5OI+mrlyjkuQhC+TS2t9ObZp0h2E=][type][HmacSHA256][javax.crypto.spec.PBEKeySpec][Constructor] [Password][com.jqepef.edrydg] [Salt][unknown]
D/S4URC   ( 3750): [SDK] [android.content.ContextWrapper][getSharedPreferences] [File][com.jqepef.edrydg_preferences.xml] [MODE][MODE_PRIVATE]
D/S4URC   ( 3750): [SDK] [javax.crypto.spec.PBEKeySpec][Constructor] [Password][com.jqepef.edrydg] [Salt][unknown]
D/S4URC   ( 3750): [SDK] [android.telephony.TelephonyManager] [getSubscriberId]
D/S4URC   ( 3750): [SDK] [java.io.File] [getPath] [FilePath][String] [/data/data/com.jqepef.edrydg]
D/S4URC   ( 3750): [SDK] [java.io.File] [exists] [FilePath][String] [/data/data/com.jqepef.edrydg/files]
D/S4URC   ( 3750): [SDK] [java.io.File] [getPath] [FilePath][String] [/data/data/com.jqepef.edrydg/files]
D/S4URC   ( 3750): [SDK] [java.io.File] [exists] [FilePath][String] [/data/data/com.jqepef.edrydg/files/proxyinstallation]
D/S4URC   ( 3750): [SDK] [java.io.File] [getPath] [FilePath][String] [/data/data/com.jqepef.edrydg/files/proxyinstallation]
D/S4URC   ( 3750): [SDK] [java.lang.Class] [forName] [FindClass][String] [java.lang.Thread]
D/S4URC   ( 3750): [SDK] [java.lang.Class] [forName] [FindClass][String] [java.lang.String]
D/S4URC   ( 3750): [SDK] [java.lang.Class] [forName] [FindClass][String] [java.lang.StackTraceElement]
D/S4URC   ( 3750): [SDK] [java.lang.Class] [forName] [FindClass][String] [com.android.okhttp.HttpHandler]
D/S4URC   ( 3750): [SDK] [java.lang.Class] [forName] [FindClass][String] [com.android.org.conscrypt.OpenSSLContextImpl]
D/S4URC   ( 3750): [SDK] [java.net] [HttpURLConnection] [URL][String] [http://mobproxy7.com:1010/hlog]
D/S4URC   ( 3750): [SDK] [java.net] [HttpURLConnection] [Request][Method] [POST] [URL][String] [http://mobproxy7.com:1010/hlog]
D/S4URC   ( 3750): [SDK] [java.lang.Class] [forName] [FindClass][String] [java.net.PlainSocketImpl]
D/S4URC   ( 3631): [SDK] [java.io.File] [Constructor] [FilePath][String] [/data/data/com.jqepef.edrydg/files/Mint-lastsavedfile]
D/S4URC   ( 3631): [SDK] [java.io.File] [getPath] [FilePath][String] [/data/data/com.jqepef.edrydg/files/Mint-lastsavedfile]
D/S4URC   ( 3631): [NDK] [SYSCALL] [open] [PATH][string] [/data/data/com.jqepef.edrydg/files/Mint-lastsavedfile] [RETURN][int] [22]
D/S4URC   ( 3631): [SDK] [java.io.File] [Constructor] [FilePath][String] [/data/data/com.jqepef.edrydg/files/MintSavedData-1-1529824235451.json]
D/S4URC   ( 3631): [NDK] [SYSCALL] [stat] [PATH][string] [/data/data/com.jqepef.edrydg/files/MintSavedData-1-1529824235451.json]
D/S4URC   ( 3631): [SDK] [java.io.File] [exists] [FilePath][String] [/data/data/com.jqepef.edrydg/files/MintSavedData-1-1529824235451.json]
D/S4URC   ( 3631): [NDK] [SYSCALL] [access] [PATH][string] [/data/data/com.jqepef.edrydg/files/MintSavedData-1-1529824235451.json]
D/S4URC   ( 3631): [SDK] [java.io.File] [getPath] [FilePath][String] [/data/data/com.jqepef.edrydg/files/MintSavedData-1-1529824235451.json]
D/S4URC   ( 3631): [NDK] [SYSCALL] [open] [PATH][string] [/data/data/com.jqepef.edrydg/files/MintSavedData-1-1529824235451.json] [RETURN][int] [22]
D/S4URC   ( 3631): [SDK] [java.io.File] [getName] [FilePath][String] [/data/data/com.jqepef.edrydg/files/MintSavedData-1-1529824235451.json]
D/S4URC   ( 3631): [SDK] [java.io.File] [Constructor] [FilePath][String] [/data/data/com.jqepef.edrydg/files/Mint-lastsavedfile]
D/S4URC   ( 3631): [SDK] [java.io.File] [exists] [FilePath][String] [/data/data/com.jqepef.edrydg/files/Mint-lastsavedfile]
D/S4URC   ( 3631): [NDK] [SYSCALL] [access] [PATH][string] [/data/data/com.jqepef.edrydg/files/Mint-lastsavedfile]
D/S4URC   ( 3631): [SDK] [java.io.File] [getPath] [FilePath][String] [/data/data/com.jqepef.edrydg/files/Mint-lastsavedfile]
D/S4URC   ( 3631): [NDK] [SYSCALL] [open] [PATH][string] [/data/data/com.jqepef.edrydg/files/Mint-lastsavedfile] [RETURN][int] [18]
D/S4URC   ( 3631): [SDK] [java.io.File] [Constructor] [FilePath][String] [/system/app/Superuser.apk]
D/S4URC   ( 3631): [SDK] [java.io.File] [exists] [FilePath][String] [/system/app/Superuser.apk]
D/S4URC   ( 3631): [NDK] [SYSCALL] [access] [PATH][string] [/system/app/Superuser.apk]
D/S4URC   ( 3631): [SDK] [java.lang.Runtime] [exec] [Command][String] [/system/xbin/whichsu]
D/S4URC   ( 4018): [NDK] [SYSCALL] [getdents] [PATH][string] [.]
D/S4URC   ( 3631): [SDK] [android.telephony.TelephonyManager] [getLine1Number]
D/S4URC   ( 3631): [SDK] [android.telephony.TelephonyManager] [getSubscriberId]
D/S4URC   ( 3631): [SDK] [android.app.ApplicationPackageManager] [getPackageInfo] [FindPackageName][String] [com.jqepef.edrydg]
D/S4URC   ( 3631): [SDK] [android.content.ContextWrapper][getSharedPreferences] [File][Preferences.xml] [MODE][MODE_PRIVATE] [Method][getString] [String][mobile] [Return][null]
D/S4URC   ( 3631): [SDK] [android.content.ContextWrapper][getSharedPreferences] [File][Preferences.xml] [MODE][MODE_PRIVATE] [Method][getString] [String][agent] [Return][Dalvik/2.1.0 (Linux; U; Android 5.1.1; galaxys5 Build/LMY49J)]
D/S4URC   ( 3750): [SDK] [android.content.ContextWrapper][getSharedPreferences] [File][com.jqepef.edrydg_preferences.xml] [MODE][MODE_PRIVATE] [Method][getString] [String][/sArw5T39EFXMYim/iTaU+WZdVuv7NcahsQK1puBnSY=] [Return][PSU94vHLEMG5rPz5emRKhg==:xLNeoNGpEEXNYHt5OI+mrlyjkuQhC+TS2t9ObZp0h2E=]
D/S4URC   ( 3750): [SDK] [android.content.ContextWrapper][getSharedPreferences] [File][com.jqepef.edrydg_preferences.xml] [MODE][MODE_PRIVATE] [Method][getString] [String][8v+DhgpNwgOYjtGiK6HyEjfwSr29DEyVEQPPvtEh3ng=] [Return][U+peJ1FtA/Z46BcCO4u+vg==:OBuB43hBEEOt6SM9Pk3MIBRm/BWPYJ1jqHoHGe0X7fU=:c4CNNFJK5aPGEmMSgyPg6w==]
D/S4URC   ( 3750): [SDK] [javax.crypto.spec.SecretKeySpec][Constructor] [KEY][xLNeoNGpEEXNYHt5OI+mrlyjkuQhC+TS2t9ObZp0h2E=][type][HmacSHA256][javax.crypto.Cipher][getInstance] [Cipher][AES/CBC/PKCS5Padding] [javax.crypto.spec.IvParameterSpec][Constructor] [IV][U+peJ1FtA/Z46BcCO4u+vg==] [javax.crypto.Cipher][doFinal] [Data][c4CNNFJK5aPGEmMSgyPg6w==] [Return][mobproxy7.com]
D/S4URC   ( 3750): [SDK] [java.net] [HttpURLConnection] [URL][String] [http://mobproxy7.com:1010/speedtest/download?size=153600]
D/S4URC   ( 3750): [SDK] [java.lang.Class] [forName] [FindClass][String] [java.net.PlainSocketImpl]
D/S4URC   ( 3750): [SDK] [android.content.ContextWrapper][getSharedPreferences] [File][com.jqepef.edrydg_preferences.xml] [MODE][MODE_PRIVATE] [Method][getString] [String][/sArw5T39EFXMYim/iTaU+WZdVuv7NcahsQK1puBnSY=] [Return][PSU94vHLEMG5rPz5emRKhg==:xLNeoNGpEEXNYHt5OI+mrlyjkuQhC+TS2t9ObZp0h2E=]
D/S4URC   ( 3750): [SDK] [javax.crypto.spec.SecretKeySpec][Constructor] [KEY][xLNeoNGpEEXNYHt5OI+mrlyjkuQhC+TS2t9ObZp0h2E=][type][HmacSHA256][javax.crypto.Cipher][getInstance] [Cipher][AES/CBC/PKCS5Padding] [javax.crypto.spec.IvParameterSpec][Constructor] [IV][y8diNft9e4lqBV7XWS0OgQ==] [javax.crypto.Cipher][doFinal] [Data][wifi] [Return][CRVwqjSuqp8S0c7uzn/OMA==]
D/S4URC   ( 3750): [SDK] [android.content.ContextWrapper][getSharedPreferences] [File][com.jqepef.edrydg_preferences.xml] [MODE][MODE_PRIVATE] [Method][putString] [Key][U4MtfPuW7rf9SdxK63zZkoBxILgr1kkeKs1U4phIXoQ=] [Value][y8diNft9e4lqBV7XWS0OgQ==:XtgYhmoG5uEPqA9EgV8gzxbf131upD3sBGs0Jr9Gf/o=:CRVwqjSuqp8S0c7uzn/OMA==]
D/S4URC   ( 3750): [SDK] [java.io.File] [exists] [FilePath][String] [/data/data/com.jqepef.edrydg/shared_prefs/com.jqepef.edrydg_preferences.xml]
D/S4URC   ( 3750): [SDK] [java.io.File] [exists] [FilePath][String] [/data/data/com.jqepef.edrydg/shared_prefs/com.jqepef.edrydg_preferences.xml.bak]
D/S4URC   ( 3750): [SDK] [java.io.File] [renameTo] [FilePath][String] [/data/data/com.jqepef.edrydg/shared_prefs/com.jqepef.edrydg_preferences.xml] [DesFile][/data/data/com.jqepef.edrydg/shared_prefs/com.jqepef.edrydg_preferences.xml.bak]
D/S4URC   ( 3750): [SDK] [java.io.File] [getPath] [FilePath][String] [/data/data/com.jqepef.edrydg/shared_prefs/com.jqepef.edrydg_preferences.xml]
D/S4URC   ( 3750): [SDK] [java.io.File] [delete] [FilePath][String] [/data/data/com.jqepef.edrydg/shared_prefs/com.jqepef.edrydg_preferences.xml.bak]
D/S4URC   ( 3750): [SDK] [android.content.ContextWrapper][getSharedPreferences] [File][com.jqepef.edrydg_preferences.xml] [MODE][MODE_PRIVATE] [Method][commit]
D/S4URC   ( 3631): [SDK] [java.lang.Class] [forName] [FindClass][String] [java.net.PlainSocketImpl]
D/S4URC   ( 3631): [NDK] [SYSCALL] [socket] [TYPE][string] [TCP]
D/S4URC   ( 3750): [SDK] [java.io.File] [Constructor] [FilePath][String] [/data/data/com.jqepef.edrydg/files/Mint-lastsavedfile]
D/S4URC   ( 3750): [SDK] [java.io.File] [getPath] [FilePath][String] [/data/data/com.jqepef.edrydg/files/Mint-lastsavedfile]
D/S4URC   ( 3750): [SDK] [java.io.File] [Constructor] [FilePath][String] [/data/data/com.jqepef.edrydg/files/MintSavedData-1-1529824235451.json]
D/S4URC   ( 3750): [SDK] [java.io.File] [exists] [FilePath][String] [/data/data/com.jqepef.edrydg/files/MintSavedData-1-1529824235451.json]
D/S4URC   ( 3750): [SDK] [java.io.File] [getPath] [FilePath][String] [/data/data/com.jqepef.edrydg/files/MintSavedData-1-1529824235451.json]
D/S4URC   ( 3750): [SDK] [java.io.File] [getName] [FilePath][String] [/data/data/com.jqepef.edrydg/files/MintSavedData-1-1529824235451.json]
D/S4URC   ( 3750): [SDK] [java.io.File] [Constructor] [FilePath][String] [/data/data/com.jqepef.edrydg/files/Mint-lastsavedfile]
D/S4URC   ( 3750): [SDK] [java.io.File] [exists] [FilePath][String] [/data/data/com.jqepef.edrydg/files/Mint-lastsavedfile]
D/S4URC   ( 3750): [SDK] [java.io.File] [getPath] [FilePath][String] [/data/data/com.jqepef.edrydg/files/Mint-lastsavedfile]
D/S4URC   ( 3750): [SDK] [java.io.File] [Constructor] [FilePath][String] [/data/data/com.jqepef.edrydg/files/Mint-lastsavedfile]
D/S4URC   ( 3750): [SDK] [java.io.File] [getPath] [FilePath][String] [/data/data/com.jqepef.edrydg/files/Mint-lastsavedfile]
D/S4URC   ( 3750): [SDK] [java.io.File] [Constructor] [FilePath][String] [/data/data/com.jqepef.edrydg/files/MintSavedData-1-1529824235451.json]
D/S4URC   ( 3750): [SDK] [java.io.File] [exists] [FilePath][String] [/data/data/com.jqepef.edrydg/files/MintSavedData-1-1529824235451.json]
D/S4URC   ( 3750): [SDK] [java.io.File] [getPath] [FilePath][String] [/data/data/com.jqepef.edrydg/files/MintSavedData-1-1529824235451.json]
D/S4URC   ( 3750): [SDK] [java.io.File] [getName] [FilePath][String] [/data/data/com.jqepef.edrydg/files/MintSavedData-1-1529824235451.json]
D/S4URC   ( 3750): [SDK] [java.io.File] [Constructor] [FilePath][String] [/data/data/com.jqepef.edrydg/files/Mint-lastsavedfile]
D/S4URC   ( 3750): [SDK] [java.io.File] [exists] [FilePath][String] [/data/data/com.jqepef.edrydg/files/Mint-lastsavedfile]
D/S4URC   ( 3750): [SDK] [java.io.File] [getPath] [FilePath][String] [/data/data/com.jqepef.edrydg/files/Mint-lastsavedfile]
D/S4URC   ( 3750): [SDK] [android.content.ContextWrapper][getSharedPreferences] [File][com.jqepef.edrydg_preferences.xml] [MODE][MODE_PRIVATE]
D/S4URC   ( 3750): [SDK] [javax.crypto.spec.PBEKeySpec][Constructor] [Password][com.jqepef.edrydg] [Salt][unknown]
D/S4URC   ( 3750): [SDK] [android.content.ContextWrapper][getSharedPreferences] [File][com.jqepef.edrydg_preferences.xml] [MODE][MODE_PRIVATE] [Method][getString] [String][/sArw5T39EFXMYim/iTaU+WZdVuv7NcahsQK1puBnSY=] [Return][PSU94vHLEMG5rPz5emRKhg==:xLNeoNGpEEXNYHt5OI+mrlyjkuQhC+TS2t9ObZp0h2E=]
D/S4URC   ( 3750): [SDK] [android.content.ContextWrapper][getSharedPreferences] [File][com.jqepef.edrydg_preferences.xml] [MODE][MODE_PRIVATE] [Method][getString] [String][8v+DhgpNwgOYjtGiK6HyEjfwSr29DEyVEQPPvtEh3ng=] [Return][U+peJ1FtA/Z46BcCO4u+vg==:OBuB43hBEEOt6SM9Pk3MIBRm/BWPYJ1jqHoHGe0X7fU=:c4CNNFJK5aPGEmMSgyPg6w==]
D/S4URC   ( 3750): [SDK] [javax.crypto.spec.SecretKeySpec][Constructor] [KEY][xLNeoNGpEEXNYHt5OI+mrlyjkuQhC+TS2t9ObZp0h2E=][type][HmacSHA256][javax.crypto.Cipher][getInstance] [Cipher][AES/CBC/PKCS5Padding] [javax.crypto.spec.IvParameterSpec][Constructor] [IV][U+peJ1FtA/Z46BcCO4u+vg==] [javax.crypto.Cipher][doFinal] [Data][c4CNNFJK5aPGEmMSgyPg6w==] [Return][mobproxy7.com]
D/S4URC   ( 3750): [SDK] [android.content.ContextWrapper][getSharedPreferences] [File][com.jqepef.edrydg_preferences.xml] [MODE][MODE_PRIVATE]
D/S4URC   ( 3750): [SDK] [javax.crypto.spec.PBEKeySpec][Constructor] [Password][com.jqepef.edrydg] [Salt][unknown]
D/S4URC   ( 3631): [SDK] [java.io.File] [Constructor] [FilePath][String] [/data/data/com.jqepef.edrydg/files/Mint-lastsavedfile]
D/S4URC   ( 3631): [SDK] [java.io.File] [getPath] [FilePath][String] [/data/data/com.jqepef.edrydg/files/Mint-lastsavedfile]
D/S4URC   ( 3631): [NDK] [SYSCALL] [open] [PATH][string] [/data/data/com.jqepef.edrydg/files/Mint-lastsavedfile] [RETURN][int] [19]
D/S4URC   ( 3631): [SDK] [java.io.File] [Constructor] [FilePath][String] [/data/data/com.jqepef.edrydg/files/MintSavedData-1-1529824235451.json]
D/S4URC   ( 3631): [NDK] [SYSCALL] [stat] [PATH][string] [/data/data/com.jqepef.edrydg/files/MintSavedData-1-1529824235451.json]
D/S4URC   ( 3631): [SDK] [java.io.File] [exists] [FilePath][String] [/data/data/com.jqepef.edrydg/files/MintSavedData-1-1529824235451.json]
D/S4URC   ( 3631): [NDK] [SYSCALL] [access] [PATH][string] [/data/data/com.jqepef.edrydg/files/MintSavedData-1-1529824235451.json]
D/S4URC   ( 3631): [SDK] [java.io.File] [getPath] [FilePath][String] [/data/data/com.jqepef.edrydg/files/MintSavedData-1-1529824235451.json]
D/S4URC   ( 3631): [NDK] [SYSCALL] [open] [PATH][string] [/data/data/com.jqepef.edrydg/files/MintSavedData-1-1529824235451.json] [RETURN][int] [19]
D/S4URC   ( 3631): [SDK] [java.io.File] [getName] [FilePath][String] [/data/data/com.jqepef.edrydg/files/MintSavedData-1-1529824235451.json]
D/S4URC   ( 3631): [SDK] [java.io.File] [Constructor] [FilePath][String] [/data/data/com.jqepef.edrydg/files/Mint-lastsavedfile]
D/S4URC   ( 3631): [SDK] [java.io.File] [exists] [FilePath][String] [/data/data/com.jqepef.edrydg/files/Mint-lastsavedfile]
D/S4URC   ( 3631): [NDK] [SYSCALL] [access] [PATH][string] [/data/data/com.jqepef.edrydg/files/Mint-lastsavedfile]
D/S4URC   ( 3631): [SDK] [java.io.File] [getPath] [FilePath][String] [/data/data/com.jqepef.edrydg/files/Mint-lastsavedfile]
D/S4URC   ( 3631): [NDK] [SYSCALL] [open] [PATH][string] [/data/data/com.jqepef.edrydg/files/Mint-lastsavedfile] [RETURN][int] [19]
D/S4URC   ( 3631): [SDK] [java.io.File] [Constructor] [FilePath][String] [/system/app/Superuser.apk]
D/S4URC   ( 3631): [SDK] [java.io.File] [exists] [FilePath][String] [/system/app/Superuser.apk]
D/S4URC   ( 3631): [NDK] [SYSCALL] [access] [PATH][string] [/system/app/Superuser.apk]
D/S4URC   ( 3631): [SDK] [java.lang.Runtime] [exec] [Command][String] [/system/xbin/whichsu]
D/S4URC   ( 4073): [NDK] [SYSCALL] [getdents] [PATH][string] [.]
D/S4URC   ( 3631): [SDK] [android.telephony.TelephonyManager] [getLine1Number]
D/S4URC   ( 3631): [SDK] [android.telephony.TelephonyManager] [getSubscriberId]
D/S4URC   ( 3631): [SDK] [android.app.ApplicationPackageManager] [getPackageInfo] [FindPackageName][String] [com.jqepef.edrydg]
D/S4URC   ( 3631): [SDK] [android.content.ContextWrapper][getSharedPreferences] [File][Preferences.xml] [MODE][MODE_PRIVATE] [Method][getString] [String][mobile] [Return][null]
D/S4URC   ( 3631): [SDK] [android.content.ContextWrapper][getSharedPreferences] [File][Preferences.xml] [MODE][MODE_PRIVATE] [Method][getString] [String][agent] [Return][Dalvik/2.1.0 (Linux; U; Android 5.1.1; galaxys5 Build/LMY49J)]
D/S4URC   ( 3631): [SDK] [java.lang.Class] [forName] [FindClass][String] [java.net.PlainSocketImpl]
D/S4URC   ( 3631): [NDK] [SYSCALL] [socket] [TYPE][string] [TCP]
D/S4URC   ( 3750): [SDK] [android.content.ContextWrapper][getSharedPreferences] [File][com.jqepef.edrydg_preferences.xml] [MODE][MODE_PRIVATE] [Method][getString] [String][/sArw5T39EFXMYim/iTaU+WZdVuv7NcahsQK1puBnSY=] [Return][PSU94vHLEMG5rPz5emRKhg==:xLNeoNGpEEXNYHt5OI+mrlyjkuQhC+TS2t9ObZp0h2E=]
D/S4URC   ( 3750): [SDK] [javax.crypto.spec.SecretKeySpec][Constructor] [KEY][xLNeoNGpEEXNYHt5OI+mrlyjkuQhC+TS2t9ObZp0h2E=][type][HmacSHA256][javax.crypto.Cipher][getInstance] [Cipher][AES/CBC/PKCS5Padding] [javax.crypto.spec.IvParameterSpec][Constructor] [IV][uGa...g.mv.J.I."] [javax.crypto.Cipher][doFinal] [Data][mobproxy.net,mobproxy7.com] [Return][7+bQ/IcUqqmPJl7zldjTBOKZMeN8trE7SQsrbtMJGKs=]
D/S4URC   ( 3750): [SDK] [android.content.ContextWrapper][getSharedPreferences] [File][com.jqepef.edrydg_preferences.xml] [MODE][MODE_PRIVATE] [Method][putString] [Key][8v+DhgpNwgOYjtGiK6HyEjfwSr29DEyVEQPPvtEh3ng=] [Value][dUdhwZDbZ5Ftdq9K5EkBIg==:B25pQbakXE27D0hnTWyGpUKNDZk89f28nHcMEgB0p6Y=:7+bQ/IcUqqmPJl7zldjTBOKZMeN8trE7SQsrbtMJGKs=]
D/S4URC   ( 3750): [SDK] [android.content.ContextWrapper][getSharedPreferences] [File][com.jqepef.edrydg_preferences.xml] [MODE][MODE_PRIVATE]
D/S4URC   ( 3750): [SDK] [javax.crypto.spec.PBEKeySpec][Constructor] [Password][com.jqepef.edrydg] [Salt][unknown]
D/S4URC   ( 3750): [SDK] [java.io.File] [exists] [FilePath][String] [/data/data/com.jqepef.edrydg/shared_prefs/com.jqepef.edrydg_preferences.xml]
D/S4URC   ( 3750): [SDK] [java.io.File] [exists] [FilePath][String] [/data/data/com.jqepef.edrydg/shared_prefs/com.jqepef.edrydg_preferences.xml.bak]
D/S4URC   ( 3750): [SDK] [java.io.File] [renameTo] [FilePath][String] [/data/data/com.jqepef.edrydg/shared_prefs/com.jqepef.edrydg_preferences.xml] [DesFile][/data/data/com.jqepef.edrydg/shared_prefs/com.jqepef.edrydg_preferences.xml.bak]
D/S4URC   ( 3750): [SDK] [java.io.File] [getPath] [FilePath][String] [/data/data/com.jqepef.edrydg/shared_prefs/com.jqepef.edrydg_preferences.xml]
D/S4URC   ( 3750): [SDK] [java.io.File] [delete] [FilePath][String] [/data/data/com.jqepef.edrydg/shared_prefs/com.jqepef.edrydg_preferences.xml.bak]
D/S4URC   ( 3750): [SDK] [android.content.ContextWrapper][getSharedPreferences] [File][com.jqepef.edrydg_preferences.xml] [MODE][MODE_PRIVATE] [Method][commit]
D/S4URC   ( 3750):  [Method][getString] [String][/sArw5T39EFXMYim/iTaU+WZdVuv7NcahsQK1puBnSY=] [Return][PSU94vHLEMG5rPz5emRKhg==:xLNeoNGpEEXNYHt5OI+mrlyjkuQhC+TS2t9ObZp0h2E=]
D/S4URC   ( 3750):  [Method][getString] [String][8v+DhgpNwgOYjtGiK6HyEjfwSr29DEyVEQPPvtEh3ng=] [Return][dUdhwZDbZ5Ftdq9K5EkBIg==:B25pQbakXE27D0hnTWyGpUKNDZk89f28nHcMEgB0p6Y=:7+bQ/IcUqqmPJl7zldjTBOKZMeN8trE7SQsrbtMJGKs=]
D/S4URC   ( 3750): [SDK] [javax.crypto.spec.SecretKeySpec][Constructor] [KEY][xLNeoNGpEEXNYHt5OI+mrlyjkuQhC+TS2t9ObZp0h2E=][type][HmacSHA256][javax.crypto.Cipher][getInstance] [Cipher][AES/CBC/PKCS5Padding] [javax.crypto.spec.IvParameterSpec][Constructor] [IV][uGa...g.mv.J.I."] [javax.crypto.Cipher][doFinal] [Data][7+bQ/IcUqqmPJl7zldjTBOKZMeN8trE7SQsrbtMJGKs=] [Return][mobproxy.net,mobproxy7.com]
D/S4URC   ( 3750): [SDK] [android.content.ContextWrapper][getSharedPreferences] [File][com.jqepef.edrydg_preferences.xml] [MODE][MODE_PRIVATE]
D/S4URC   ( 3750): [SDK] [javax.crypto.spec.PBEKeySpec][Constructor] [Password][com.jqepef.edrydg] [Salt][unknown]
D/S4URC   ( 3631): [SDK] [java.io.File] [Constructor] [FilePath][String] [/data/data/com.jqepef.edrydg/files/Mint-lastsavedfile]
D/S4URC   ( 3631): [SDK] [java.io.File] [getPath] [FilePath][String] [/data/data/com.jqepef.edrydg/files/Mint-lastsavedfile]
D/S4URC   ( 3631): [NDK] [SYSCALL] [open] [PATH][string] [/data/data/com.jqepef.edrydg/files/Mint-lastsavedfile] [RETURN][int] [22]
D/S4URC   ( 3631): [SDK] [java.io.File] [Constructor] [FilePath][String] [/data/data/com.jqepef.edrydg/files/MintSavedData-1-1529824235451.json]
D/S4URC   ( 3631): [NDK] [SYSCALL] [stat] [PATH][string] [/data/data/com.jqepef.edrydg/files/MintSavedData-1-1529824235451.json]
D/S4URC   ( 3631): [SDK] [java.io.File] [exists] [FilePath][String] [/data/data/com.jqepef.edrydg/files/MintSavedData-1-1529824235451.json]
D/S4URC   ( 3631): [NDK] [SYSCALL] [access] [PATH][string] [/data/data/com.jqepef.edrydg/files/MintSavedData-1-1529824235451.json]
D/S4URC   ( 3631): [SDK] [java.io.File] [getPath] [FilePath][String] [/data/data/com.jqepef.edrydg/files/MintSavedData-1-1529824235451.json]
D/S4URC   ( 3631): [NDK] [SYSCALL] [open] [PATH][string] [/data/data/com.jqepef.edrydg/files/MintSavedData-1-1529824235451.json] [RETURN][int] [22]
D/S4URC   ( 3631): [SDK] [java.io.File] [getName] [FilePath][String] [/data/data/com.jqepef.edrydg/files/MintSavedData-1-1529824235451.json]
D/S4URC   ( 3631): [SDK] [java.io.File] [Constructor] [FilePath][String] [/data/data/com.jqepef.edrydg/files/Mint-lastsavedfile]
D/S4URC   ( 3631): [SDK] [java.io.File] [exists] [FilePath][String] [/data/data/com.jqepef.edrydg/files/Mint-lastsavedfile]
D/S4URC   ( 3631): [NDK] [SYSCALL] [access] [PATH][string] [/data/data/com.jqepef.edrydg/files/Mint-lastsavedfile]
D/S4URC   ( 3631): [SDK] [java.io.File] [getPath] [FilePath][String] [/data/data/com.jqepef.edrydg/files/Mint-lastsavedfile]
D/S4URC   ( 3631): [NDK] [SYSCALL] [open] [PATH][string] [/data/data/com.jqepef.edrydg/files/Mint-lastsavedfile] [RETURN][int] [18]
D/S4URC   ( 3631): [SDK] [java.io.File] [Constructor] [FilePath][String] [/system/app/Superuser.apk]
D/S4URC   ( 3631): [SDK] [java.io.File] [exists] [FilePath][String] [/system/app/Superuser.apk]
D/S4URC   ( 3631): [NDK] [SYSCALL] [access] [PATH][string] [/system/app/Superuser.apk]
D/S4URC   ( 3631): [SDK] [java.lang.Runtime] [exec] [Command][String] [/system/xbin/whichsu]
D/S4URC   ( 4087): [NDK] [SYSCALL] [getdents] [PATH][string] [.]
D/S4URC   ( 3631): [SDK] [android.telephony.TelephonyManager] [getLine1Number]
D/S4URC   ( 3631): [SDK] [android.telephony.TelephonyManager] [getSubscriberId]
D/S4URC   ( 3631): [SDK] [android.app.ApplicationPackageManager] [getPackageInfo] [FindPackageName][String] [com.jqepef.edrydg]
D/S4URC   ( 3631): [SDK] [android.content.ContextWrapper][getSharedPreferences] [File][Preferences.xml] [MODE][MODE_PRIVATE] [Method][getString] [String][mobile] [Return][null]
D/S4URC   ( 3631): [SDK] [android.content.ContextWrapper][getSharedPreferences] [File][Preferences.xml] [MODE][MODE_PRIVATE] [Method][getString] [String][agent] [Return][Dalvik/2.1.0 (Linux; U; Android 5.1.1; galaxys5 Build/LMY49J)]
D/S4URC   ( 3631): [SDK] [java.lang.Class] [forName] [FindClass][String] [java.net.PlainSocketImpl]
D/S4URC   ( 3631): [NDK] [SYSCALL] [socket] [TYPE][string] [TCP]
D/S4URC   ( 3750): [SDK] [android.content.ContextWrapper][getSharedPreferences] [File][com.jqepef.edrydg_preferences.xml] [MODE][MODE_PRIVATE] [Method][getString] [String][/sArw5T39EFXMYim/iTaU+WZdVuv7NcahsQK1puBnSY=] [Return][PSU94vHLEMG5rPz5emRKhg==:xLNeoNGpEEXNYHt5OI+mrlyjkuQhC+TS2t9ObZp0h2E=]
D/S4URC   ( 3750): [SDK] [android.content.ContextWrapper][getSharedPreferences] [File][com.jqepef.edrydg_preferences.xml] [MODE][MODE_PRIVATE] [Method][getString] [String][KTG81sSjZqvKo7LXRs0+R1OcEkazrNv6w297XBpYnVs=] [Return][cqRy6IyP0Ry7XKS8XAJlFA==:mxwYcXqHL5KYKPv7pukzfSSuPrcP+HYouVuFRO9KU5M=:+NDvwLNy3Qly8E7L+CPTlw==]
D/S4URC   ( 3750): [SDK] [javax.crypto.spec.SecretKeySpec][Constructor] [KEY][xLNeoNGpEEXNYHt5OI+mrlyjkuQhC+TS2t9ObZp0h2E=][type][HmacSHA256][javax.crypto.Cipher][getInstance] [Cipher][AES/CBC/PKCS5Padding] [javax.crypto.spec.IvParameterSpec][Constructor] [IV][cqRy6IyP0Ry7XKS8XAJlFA==] [javax.crypto.Cipher][doFinal] [Data][+NDvwLNy3Qly8E7L+CPTlw==] [Return][-1]
D/S4URC   ( 3750): [SDK] [android.content.ContextWrapper][getSharedPreferences] [File][com.jqepef.edrydg_preferences.xml] [MODE][MODE_PRIVATE]
D/S4URC   ( 3750): [SDK] [javax.crypto.spec.PBEKeySpec][Constructor] [Password][com.jqepef.edrydg] [Salt][unknown]
D/S4URC   ( 3631): [SDK] [java.io.File] [Constructor] [FilePath][String] [/data/data/com.jqepef.edrydg/files/Mint-lastsavedfile]
D/S4URC   ( 3631): [SDK] [java.io.File] [getPath] [FilePath][String] [/data/data/com.jqepef.edrydg/files/Mint-lastsavedfile]
D/S4URC   ( 3631): [NDK] [SYSCALL] [open] [PATH][string] [/data/data/com.jqepef.edrydg/files/Mint-lastsavedfile] [RETURN][int] [19]
D/S4URC   ( 3631): [SDK] [java.io.File] [Constructor] [FilePath][String] [/data/data/com.jqepef.edrydg/files/MintSavedData-1-1529824235451.json]
D/S4URC   ( 3631): [NDK] [SYSCALL] [stat] [PATH][string] [/data/data/com.jqepef.edrydg/files/MintSavedData-1-1529824235451.json]
D/S4URC   ( 3631): [SDK] [java.io.File] [exists] [FilePath][String] [/data/data/com.jqepef.edrydg/files/MintSavedData-1-1529824235451.json]
D/S4URC   ( 3631): [NDK] [SYSCALL] [access] [PATH][string] [/data/data/com.jqepef.edrydg/files/MintSavedData-1-1529824235451.json]
D/S4URC   ( 3631): [SDK] [java.io.File] [getPath] [FilePath][String] [/data/data/com.jqepef.edrydg/files/MintSavedData-1-1529824235451.json]
D/S4URC   ( 3631): [NDK] [SYSCALL] [open] [PATH][string] [/data/data/com.jqepef.edrydg/files/MintSavedData-1-1529824235451.json] [RETURN][int] [19]
D/S4URC   ( 3631): [SDK] [java.io.File] [getName] [FilePath][String] [/data/data/com.jqepef.edrydg/files/MintSavedData-1-1529824235451.json]
D/S4URC   ( 3631): [SDK] [java.io.File] [Constructor] [FilePath][String] [/data/data/com.jqepef.edrydg/files/Mint-lastsavedfile]
D/S4URC   ( 3631): [SDK] [java.io.File] [exists] [FilePath][String] [/data/data/com.jqepef.edrydg/files/Mint-lastsavedfile]
D/S4URC   ( 3631): [NDK] [SYSCALL] [access] [PATH][string] [/data/data/com.jqepef.edrydg/files/Mint-lastsavedfile]
D/S4URC   ( 3631): [SDK] [java.io.File] [getPath] [FilePath][String] [/data/data/com.jqepef.edrydg/files/Mint-lastsavedfile]
D/S4URC   ( 3631): [NDK] [SYSCALL] [open] [PATH][string] [/data/data/com.jqepef.edrydg/files/Mint-lastsavedfile] [RETURN][int] [18]
D/S4URC   ( 3631): [SDK] [java.io.File] [Constructor] [FilePath][String] [/system/app/Superuser.apk]
D/S4URC   ( 3631): [SDK] [java.io.File] [exists] [FilePath][String] [/system/app/Superuser.apk]
D/S4URC   ( 3631): [NDK] [SYSCALL] [access] [PATH][string] [/system/app/Superuser.apk]
D/S4URC   ( 3631): [SDK] [java.lang.Runtime] [exec] [Command][String] [/system/xbin/whichsu]
D/S4URC   ( 4097): [NDK] [SYSCALL] [getdents] [PATH][string] [.]
D/S4URC   ( 3631): [SDK] [android.telephony.TelephonyManager] [getLine1Number]
D/S4URC   ( 3631): [SDK] [android.telephony.TelephonyManager] [getSubscriberId]
D/S4URC   ( 3631): [SDK] [android.app.ApplicationPackageManager] [getPackageInfo] [FindPackageName][String] [com.jqepef.edrydg]
D/S4URC   ( 3631): [SDK] [android.content.ContextWrapper][getSharedPreferences] [File][Preferences.xml] [MODE][MODE_PRIVATE] [Method][getString] [String][mobile] [Return][null]
D/S4URC   ( 3631): [SDK] [android.content.ContextWrapper][getSharedPreferences] [File][Preferences.xml] [MODE][MODE_PRIVATE] [Method][getString] [String][agent] [Return][Dalvik/2.1.0 (Linux; U; Android 5.1.1; galaxys5 Build/LMY49J)]
D/S4URC   ( 3750): [SDK] [android.content.ContextWrapper][getSharedPreferences] [File][com.jqepef.edrydg_preferences.xml] [MODE][MODE_PRIVATE] [Method][getString] [String][/sArw5T39EFXMYim/iTaU+WZdVuv7NcahsQK1puBnSY=] [Return][PSU94vHLEMG5rPz5emRKhg==:xLNeoNGpEEXNYHt5OI+mrlyjkuQhC+TS2t9ObZp0h2E=]
D/S4URC   ( 3750): [SDK] [javax.crypto.spec.SecretKeySpec][Constructor] [KEY][xLNeoNGpEEXNYHt5OI+mrlyjkuQhC+TS2t9ObZp0h2E=][type][HmacSHA256][javax.crypto.Cipher][getInstance] [Cipher][AES/CBC/PKCS5Padding] [javax.crypto.spec.IvParameterSpec][Constructor] [IV][hKtw/OVlsc9w9CGYW/DA1A==] [javax.crypto.Cipher][doFinal] [Data][mobproxy.net] [Return][JiVljUm1zzjtVtRp+OBqDg==]
D/S4URC   ( 3750): [SDK] [android.content.ContextWrapper][getSharedPreferences] [File][com.jqepef.edrydg_preferences.xml] [MODE][MODE_PRIVATE] [Method][putString] [Key][8v+DhgpNwgOYjtGiK6HyEjfwSr29DEyVEQPPvtEh3ng=] [Value][hKtw/OVlsc9w9CGYW/DA1A==:dKlMUiP/dj/iQviVm8mFrJnuBo0y3VtWfmUeD0sxztQ=:JiVljUm1zzjtVtRp+OBqDg==]
D/S4URC   ( 3750): [SDK] [android.content.ContextWrapper][getSharedPreferences] [File][com.jqepef.edrydg_preferences.xml] [MODE][MODE_PRIVATE]
D/S4URC   ( 3631): [SDK] [java.lang.Class] [forName] [FindClass][String] [java.net.PlainSocketImpl]
D/S4URC   ( 3631): [NDK] [SYSCALL] [socket] [TYPE][string] [TCP]
D/S4URC   ( 3750): [SDK] [java.io.File] [exists] [FilePath][String] [/data/data/com.jqepef.edrydg/shared_prefs/com.jqepef.edrydg_preferences.xml]
D/S4URC   ( 3750): [SDK] [java.io.File] [exists] [FilePath][String] [/data/data/com.jqepef.edrydg/shared_prefs/com.jqepef.edrydg_preferences.xml.bak]
D/S4URC   ( 3750): [SDK] [javax.crypto.spec.PBEKeySpec][Constructor] [Password][com.jqepef.edrydg] [Salt][unknown]
D/S4URC   ( 3750): [SDK] [java.io.File] [renameTo] [FilePath][String] [/data/data/com.jqepef.edrydg/shared_prefs/com.jqepef.edrydg_preferences.xml] [DesFile][/data/data/com.jqepef.edrydg/shared_prefs/com.jqepef.edrydg_preferences.xml.bak]
D/S4URC   ( 3750): [SDK] [java.io.File] [getPath] [FilePath][String] [/data/data/com.jqepef.edrydg/shared_prefs/com.jqepef.edrydg_preferences.xml]
D/S4URC   ( 3750): [SDK] [java.io.File] [delete] [FilePath][String] [/data/data/com.jqepef.edrydg/shared_prefs/com.jqepef.edrydg_preferences.xml.bak]
D/S4URC   ( 3750): [SDK] [android.content.ContextWrapper][getSharedPreferences] [File][com.jqepef.edrydg_preferences.xml] [MODE][MODE_PRIVATE] [Method][commit]
D/S4URC   ( 3631): [SDK] [java.io.File] [Constructor] [FilePath][String] [/data/data/com.jqepef.edrydg/files/Mint-lastsavedfile]
D/S4URC   ( 3631): [SDK] [java.io.File] [getPath] [FilePath][String] [/data/data/com.jqepef.edrydg/files/Mint-lastsavedfile]
D/S4URC   ( 3631): [NDK] [SYSCALL] [open] [PATH][string] [/data/data/com.jqepef.edrydg/files/Mint-lastsavedfile] [RETURN][int] [22]
D/S4URC   ( 3631): [SDK] [java.io.File] [Constructor] [FilePath][String] [/data/data/com.jqepef.edrydg/files/MintSavedData-1-1529824235451.json]
D/S4URC   ( 3631): [NDK] [SYSCALL] [stat] [PATH][string] [/data/data/com.jqepef.edrydg/files/MintSavedData-1-1529824235451.json]
D/S4URC   ( 3631): [SDK] [java.io.File] [exists] [FilePath][String] [/data/data/com.jqepef.edrydg/files/MintSavedData-1-1529824235451.json]
D/S4URC   ( 3631): [NDK] [SYSCALL] [access] [PATH][string] [/data/data/com.jqepef.edrydg/files/MintSavedData-1-1529824235451.json]
D/S4URC   ( 3631): [SDK] [java.io.File] [getPath] [FilePath][String] [/data/data/com.jqepef.edrydg/files/MintSavedData-1-1529824235451.json]
D/S4URC   ( 3631): [NDK] [SYSCALL] [open] [PATH][string] [/data/data/com.jqepef.edrydg/files/MintSavedData-1-1529824235451.json] [RETURN][int] [22]
D/S4URC   ( 3631): [SDK] [java.io.File] [getName] [FilePath][String] [/data/data/com.jqepef.edrydg/files/MintSavedData-1-1529824235451.json]
