D/S4URC   (22903): [SDK] [java.io.File] [listFiles] [FilePath][String] [/storage/sdcard0/Music]
D/S4URC   (22903): [SDK] [java.io.File] [listFiles] [FilePath][String] [/storage/sdcard0/Ringtones]
D/S4URC   (22903): [SDK] [java.io.File] [listFiles] [FilePath][String] [/storage/sdcard0/Alarms]
D/S4URC   (22903): [SDK] [java.io.File] [list] [FilePath][String] [/storage/sdcard0/Notifications]
D/S4URC   (22903): [SDK] [java.io.File] [getPath] [FilePath][String] [/storage/sdcard0/Pictures]
D/S4URC   (22903): [SDK] [java.io.File] [getName] [FilePath][String] [/storage/sdcard0/Pictures/11304_lores.jpg]
D/S4URC   (22903): [SDK] [java.io.File] [getName] [FilePath][String] [/storage/sdcard0/Pictures/11516_lores.jpg]
D/S4URC   (22903): [SDK] [java.io.File] [listFiles] [FilePath][String] [/storage/sdcard0/Download]
D/S4URC   (22903): [SDK] [java.io.File] [listFiles] [FilePath][String] [/storage/sdcard0/DCIM]
D/S4URC   (22903): [SDK] [java.io.File] [getPath] [FilePath][String] [/storage/sdcard0/Android]
D/S4URC   (22903): [SDK] [java.io.File] [listFiles] [FilePath][String] [/storage/sdcard0/storage]
D/S4URC   (22903): [SDK] [java.io.File] [getPath] [FilePath][String] [/storage/sdcard0/astroplayer]
D/S4URC   (22903): [SDK] [java.io.File] [getName] [FilePath][String] [/storage/sdcard0/astroplayer/nocover_big.png]
D/S4URC   (22903): [SDK] [java.io.File] [getPath] [FilePath][String] [/storage/sdcard0/pms_file]
D/S4URC   (22903): [SDK] [java.io.File] [getPath] [FilePath][String] [/storage/sdcard0/net.ib.android.smcard]
D/S4URC   (22903): [SDK] [java.io.File] [getPath] [FilePath][String] [/storage/sdcard0/wisemobile]
D/S4URC   (22903): [SDK] [java.io.File] [getPath] [FilePath][String] [/storage/sdcard0/KakaoTalk]
D/S4URC   (22903): [SDK] [java.io.File] [getPath] [FilePath][String] [/storage/sdcard0/roms]
D/S4URC   (22903): [SDK] [java.io.File] [list] [FilePath][String] [/storage/sdcard0/Android/data]
D/S4URC   (22903): [SDK] [java.io.File] [getPath] [FilePath][String] [/storage/sdcard0/Android/data]
D/S4URC   (22903): [SDK] [java.io.File] [isDirectory] [FilePath][String] [/storage/sdcard0/Android/data/de.robv.android.xposed.installer]
D/S4URC   (22903): [SDK] [java.io.File] [getPath] [FilePath][String] [/storage/sdcard0/astroplayer/skins]
D/S4URC   (22903): [SDK] [java.io.File] [isDirectory] [FilePath][String] [/storage/sdcard0/astroplayer/skins/dar_fm]
D/S4URC   (22903): [SDK] [java.io.File] [getPath] [FilePath][String] [/storage/sdcard0/astroplayer/languages]
D/S4URC   (22903): [SDK] [java.io.File] [getPath] [FilePath][String] [/storage/sdcard0/astroplayer/CoverArts]
D/S4URC   (22903): [SDK] [java.io.File] [getPath] [FilePath][String] [/storage/sdcard0/astroplayer/presets]
D/S4URC   (22903): [SDK] [java.io.File] [getPath] [FilePath][String] [/storage/sdcard0/net.ib.android.smcard/.intro]
D/S4URC   (22903): [SDK] [java.io.File] [isDirectory] [FilePath][String] [/storage/sdcard0/net.ib.android.smcard/.intro/image]
D/S4URC   (22903): [SDK] [java.io.File] [isDirectory] [FilePath][String] [/storage/sdcard0/net.ib.android.smcard/.intro/zip]
D/S4URC   (22903): [SDK] [java.io.File] [listFiles] [FilePath][String] [/storage/sdcard0/KakaoTalk/cookie]
D/S4URC   (22903): [SDK] [java.io.File] [getPath] [FilePath][String] [/storage/sdcard0/KakaoTalk/cookie]
D/S4URC   (22903): [SDK] [java.io.File] [getPath] [FilePath][String] [/storage/sdcard0/KakaoTalk/store_cache]
D/S4URC   (22903): [SDK] [java.io.File] [getPath] [FilePath][String] [/storage/sdcard0/roms/sfc]
D/S4URC   (22903): [SDK] [java.io.File] [getPath] [FilePath][String] [/storage/sdcard0/Android/data/com.cyanogenmod.eleven]
D/S4URC   (22903): [SDK] [java.io.File] [getPath] [FilePath][String] [/storage/sdcard0/Android/data/com.android.camera2]
D/S4URC   (22903): [SDK] [java.io.File] [list] [FilePath][String] [/storage/sdcard0/Android/data/com.cyanogenmod.filemanager]
D/S4URC   (22903): [SDK] [java.io.File] [getPath] [FilePath][String] [/storage/sdcard0/Android/data/com.cyanogenmod.filemanager]
D/S4URC   (22903): [SDK] [java.io.File] [getPath] [FilePath][String] [/storage/sdcard0/Android/data/de.robv.android.xposed.installer]
D/S4URC   (22903): [SDK] [java.io.File] [isDirectory] [FilePath][String] [/storage/sdcard0/Android/data/de.robv.android.xposed.installer/cache]
D/S4URC   (22903): [SDK] [java.io.File] [getPath] [FilePath][String] [/storage/sdcard0/Android/data/com.android.browser]
D/S4URC   (22903): [SDK] [java.io.File] [getPath] [FilePath][String] [/storage/sdcard0/Android/data/com.google.android.gms]
D/S4URC   (22903): [SDK] [java.io.File] [getPath] [FilePath][String] [/storage/sdcard0/Android/data/com.android.vending]
D/S4URC   (22903): [SDK] [java.io.File] [getPath] [FilePath][String] [/storage/sdcard0/Android/data/com.touchtype.swiftkey]
D/S4URC   (22903): [SDK] [java.io.File] [list] [FilePath][String] [/storage/sdcard0/Android/data/com.google.android.youtube]
D/S4URC   (22903): [SDK] [java.io.File] [isDirectory] [FilePath][String] [/storage/sdcard0/Android/data/com.google.android.youtube/cache]
D/S4URC   (22903): [SDK] [java.io.File] [listFiles] [FilePath][String] [/storage/sdcard0/Android/data/com.android.samsung.installer]
D/S4URC   (22903): [SDK] [java.io.File] [getPath] [FilePath][String] [/storage/sdcard0/Android/data/com.android.samsung.installer]
D/S4URC   (22903): [SDK] [java.io.File] [getPath] [FilePath][String] [/storage/sdcard0/astroplayer/skins/cold_light]
D/S4URC   (22903): [SDK] [java.io.File] [getName] [FilePath][String] [/storage/sdcard0/astroplayer/skins/cold_light/default_preview.png]
D/S4URC   (22903): [SDK] [java.io.File] [getPath] [FilePath][String] [/storage/sdcard0/astroplayer/skins/midori]
D/S4URC   (22903): [SDK] [java.io.File] [getName] [FilePath][String] [/storage/sdcard0/astroplayer/skins/midori/description.xml]
D/S4URC   (22903): [SDK] [java.io.File] [getPath] [FilePath][String] [/storage/sdcard0/astroplayer/skins/plain]
D/S4URC   (22903): [SDK] [java.io.File] [getPath] [FilePath][String] [/storage/sdcard0/astroplayer/skins/dar_fm]
D/S4URC   (22903): [SDK] [java.io.File] [getName] [FilePath][String] [/storage/sdcard0/astroplayer/skins/dar_fm/dar_fm.xml]
D/S4URC   (22903): [SDK] [java.io.File] [getPath] [FilePath][String] [/storage/sdcard0/astroplayer/skins/car_skin]
D/S4URC   (22903): [SDK] [java.io.File] [isDirectory] [FilePath][String] [/storage/sdcard0/astroplayer/skins/car_skin/car_skin.xml]
D/S4URC   (22903): [SDK] [java.io.File] [getPath] [FilePath][String] [/storage/sdcard0/astroplayer/skins/huge_play_button]
D/S4URC   (22903): [SDK] [java.io.File] [getPath] [FilePath][String] [/storage/sdcard0/astroplayer/skins/gkatsev]
D/S4URC   (22903): [SDK] [java.io.File] [getName] [FilePath][String] [/storage/sdcard0/astroplayer/skins/gkatsev/gkatsev.png]
D/S4URC   (22903): [SDK] [java.io.File] [getPath] [FilePath][String] [/storage/sdcard0/net.ib.android.smcard/.intro/image]
D/S4URC   (22903): [SDK] [java.io.File] [getName] [FilePath][String] [/storage/sdcard0/net.ib.android.smcard/.intro/image/1.png]
D/S4URC   (22903): [SDK] [java.io.File] [getPath] [FilePath][String] [/storage/sdcard0/Android/data/com.cyanogenmod.eleven/cache]
D/S4URC   (22903): [SDK] [java.io.File] [listFiles] [FilePath][String] [/storage/sdcard0/Android/data/com.cyanogenmod.filemanager/files]
D/S4URC   (22903): [SDK] [java.io.File] [listFiles] [FilePath][String] [/storage/sdcard0/Android/data/com.cyanogenmod.filemanager/cache]
D/S4URC   (22903): [SDK] [java.io.File] [listFiles] [FilePath][String] [/storage/sdcard0/Android/data/com.android.gallery3d/cache]
D/S4URC   (22903): [SDK] [java.io.File] [getPath] [FilePath][String] [/storage/sdcard0/Android/data/com.android.gallery3d/cache]
D/S4URC   (22903): [SDK] [java.io.File] [getName] [FilePath][String] [/storage/sdcard0/Android/data/com.android.gallery3d/cache/imgcache.0]
D/S4URC   (22903): [SDK] [java.io.File] [getPath] [FilePath][String] [/storage/sdcard0/Android/data/com.google.android.gms/files]
D/S4URC   (22903): [SDK] [java.io.File] [listFiles] [FilePath][String] [/storage/sdcard0/Android/data/com.android.vending/files]
D/S4URC   (22903): [SDK] [java.io.File] [listFiles] [FilePath][String] [/storage/sdcard0/Android/data/com.google.android.youtube/files]
D/S4URC   (22903): [SDK] [java.io.File] [listFiles] [FilePath][String] [/storage/sdcard0/Android/data/com.google.android.youtube/cache]
D/S4URC   (22903): [SDK] [java.io.File] [getPath] [FilePath][String] [/storage/sdcard0/Android/data/com.google.android.youtube/cache]
D/S4URC   (22903): [SDK] [java.io.File] [isDirectory] [FilePath][String] [/storage/sdcard0/Android/data/com.google.android.googlequicksearchbox/files/pending_blobs]
D/S4URC   (22903): [SDK] [java.io.File] [listFiles] [FilePath][String] [/storage/sdcard0/astroplayer/skins/cold_light/hdpi]
D/S4URC   (22903): [SDK] [java.io.File] [getPath] [FilePath][String] [/storage/sdcard0/astroplayer/skins/cold_light/hdpi]
D/S4URC   (22903): [SDK] [java.io.File] [getPath] [FilePath][String] [/storage/sdcard0/astroplayer/skins/cold_light/ldpi]
D/S4URC   (22903): [SDK] [java.io.File] [getPath] [FilePath][String] [/storage/sdcard0/astroplayer/skins/cold_light/mdpi]
D/S4URC   (22903): [SDK] [java.io.File] [getPath] [FilePath][String] [/storage/sdcard0/astroplayer/skins/cold_light/xhdpi]
D/S4URC   (22903): [SDK] [java.io.File] [getPath] [FilePath][String] [/storage/sdcard0/astroplayer/skins/midori/hdpi]
D/S4URC   (22903): [SDK] [java.io.File] [getPath] [FilePath][String] [/storage/sdcard0/astroplayer/skins/midori/ldpi]
D/S4URC   (22903): [SDK] [java.io.File] [getName] [FilePath][String] [/storage/sdcard0/astroplayer/skins/midori/ldpi/midori.xml]
D/S4URC   (22903): [SDK] [java.io.File] [getPath] [FilePath][String] [/storage/sdcard0/astroplayer/skins/midori/mdpi]
D/S4URC   (22903): [SDK] [java.io.File] [getName] [FilePath][String] [/storage/sdcard0/astroplayer/skins/midori/mdpi/midori.xml]
D/S4URC   (22903): [SDK] [java.io.File] [getPath] [FilePath][String] [/storage/sdcard0/astroplayer/skins/midori/xhdpi]
D/S4URC   (22903): [SDK] [java.io.File] [isDirectory] [FilePath][String] [/storage/sdcard0/astroplayer/skins/midori/xhdpi/midori_landscape.xml]
D/S4URC   (22903): [SDK] [java.io.File] [getPath] [FilePath][String] [/storage/sdcard0/Android/data/com.cyanogenmod.eleven/cache/ImageCache]
D/S4URC   (22903): [SDK] [java.io.File] [listFiles] [FilePath][String] [/storage/sdcard0/Android/data/com.google.android.youtube/cache/exo]
D/S4URC   (22903): [SDK] [java.io.File] [listFiles] [FilePath][String] [/storage/sdcard0/Android/data/com.google.android.googlequicksearchbox/files/pending_blobs]
D/S4URC   (22903): [SDK] [java.io.File] [listFiles] [FilePath][String] [/storage/sdcard0/Android/data/com.google.android.googlequicksearchbox/files/download_cache]
D/S4URC   (22903): [SDK] [java.io.File] [getPath] [FilePath][String] [/data/data/com.astroplayer]
D/S4URC   (22903): [SDK] [java.io.File] [getPath] [FilePath][String] [/data/data/com.astroplayer/databases/astroplayer.db]
D/S4URC   (22903): [SDK] [android.database.sqlite.SQLiteDatabase] [query] [queryInfo][String] [SELECT][FILENAME] [FROM][T_MEDIA]
D/S4URC   (22903): [SDK] [android.database.sqlite.SQLiteDatabase] [insert] [Table][String] [T_FILEBROWSER]
D/S4URC   (22903): [SDK] [android.content.Intent] [Constructor] [IntentInfo][String] [com.astroplayer.TAG_SCANNER_COMPLETED_INTENT]
D/S4URC   (22708): [SDK] [java.io.File] [getPath] [FilePath][String] [/data/data/com.astroplayer/databases]
D/S4URC   (22708): [SDK] [java.io.File] [isDirectory] [FilePath][String] [/data/data/com.astroplayer/databases]
D/S4URC   (22708): [NDK] [SYSCALL] [stat] [PATH][string] [/data/data/com.astroplayer/databases]
D/S4URC   (22708): [SDK] [java.io.File] [getPath] [FilePath][String] [/data/data/com.astroplayer/databases/astroplayer.db]
D/S4URC   (22708): [NDK] [SYSCALL] [stat] [PATH][string] [/data/data/com.astroplayer/databases/astroplayer.db]
D/S4URC   (22708): [NDK] [SYSCALL] [open] [PATH][string] [/data/data/com.astroplayer/databases/astroplayer.db] [RETURN][int] [28]
D/S4URC   (22708): [NDK] [SYSCALL] [stat] [PATH][string] [/data/data/com.astroplayer/databases/astroplayer.db]
D/S4URC   (22708): [NDK] [SYSCALL] [access] [PATH][string] [/data/data/com.astroplayer/databases/astroplayer.db-journal]
D/S4URC   (22708): [NDK] [SYSCALL] [stat] [PATH][string] [/data/data/com.astroplayer/databases/astroplayer.db-journal]
D/S4URC   (22708): [NDK] [SYSCALL] [stat] [PATH][string] [/data/data/com.astroplayer/databases/astroplayer.db]
D/S4URC   (22708): [NDK] [SYSCALL] [open] [PATH][string] [/data/data/com.astroplayer/databases/astroplayer.db-journal] [RETURN][int] [44]
D/S4URC   (22708): [NDK] [SYSCALL] [access] [PATH][string] [/data/data/com.astroplayer/databases/astroplayer.db-wal]
D/S4URC   (22708): [NDK] [SYSCALL] [access] [PATH][string] [/data/data/com.astroplayer/databases/astroplayer.db-journal]
D/S4URC   (22708): [NDK] [SYSCALL] [stat] [PATH][string] [/data/data/com.astroplayer/databases/astroplayer.db-journal]
D/S4URC   (22708): [NDK] [SYSCALL] [stat] [PATH][string] [/data/data/com.astroplayer/databases/astroplayer.db]
D/S4URC   (22708): [NDK] [SYSCALL] [open] [PATH][string] [/data/data/com.astroplayer/databases/astroplayer.db-journal] [RETURN][int] [44]
D/S4URC   (22708): [NDK] [SYSCALL] [access] [PATH][string] [/data/data/com.astroplayer/databases/astroplayer.db-wal]
D/S4URC   (22708): [NDK] [SYSCALL] [access] [PATH][string] [/data/data/com.astroplayer/databases/astroplayer.db-journal]
D/S4URC   (22708): [NDK] [SYSCALL] [stat] [PATH][string] [/data/data/com.astroplayer/databases/astroplayer.db-journal]
D/S4URC   (22708): [NDK] [SYSCALL] [stat] [PATH][string] [/data/data/com.astroplayer/databases/astroplayer.db]
D/S4URC   (22708): [NDK] [SYSCALL] [open] [PATH][string] [/data/data/com.astroplayer/databases/astroplayer.db-journal] [RETURN][int] [44]
D/S4URC   (22708): [NDK] [SYSCALL] [access] [PATH][string] [/data/data/com.astroplayer/databases/astroplayer.db-wal]
D/S4URC   (22708): [SDK] [java.io.File] [getPath] [FilePath][String] [/data/data/com.astroplayer/databases/astroplayer.db]
D/S4URC   (22708): [NDK] [SYSCALL] [chmod] [PATH][string] [/data/data/com.astroplayer/databases/astroplayer.db] [MODE][int] [0660]
D/S4URC   (22708): [NDK] [SYSCALL] [access] [PATH][string] [/data/data/com.astroplayer/databases/astroplayer.db-journal]
D/S4URC   (22708): [NDK] [SYSCALL] [stat] [PATH][string] [/data/data/com.astroplayer/databases/astroplayer.db-journal]
D/S4URC   (22708): [NDK] [SYSCALL] [stat] [PATH][string] [/data/data/com.astroplayer/databases/astroplayer.db]
D/S4URC   (22708): [NDK] [SYSCALL] [open] [PATH][string] [/data/data/com.astroplayer/databases/astroplayer.db-journal] [RETURN][int] [44]
D/S4URC   (22708): [NDK] [SYSCALL] [access] [PATH][string] [/data/data/com.astroplayer/databases/astroplayer.db-wal]
D/S4URC   (22708): [NDK] [SYSCALL] [access] [PATH][string] [/data/data/com.astroplayer/databases/astroplayer.db-journal]
D/S4URC   (22708): [NDK] [SYSCALL] [stat] [PATH][string] [/data/data/com.astroplayer/databases/astroplayer.db-journal]
D/S4URC   (22708): [NDK] [SYSCALL] [stat] [PATH][string] [/data/data/com.astroplayer/databases/astroplayer.db]
D/S4URC   (22708): [NDK] [SYSCALL] [open] [PATH][string] [/data/data/com.astroplayer/databases/astroplayer.db-journal] [RETURN][int] [45]
D/S4URC   (22708): [NDK] [SYSCALL] [access] [PATH][string] [/data/data/com.astroplayer/databases/astroplayer.db-wal]
D/S4URC   (22708): [SDK] [android.database.sqlite.SQLiteDatabase] [query] [queryInfo][String] [SELECT][ID,FILENAME] [FROM][T_MEDIA]
D/S4URC   (22708): [NDK] [SYSCALL] [access] [PATH][string] [/data/data/com.astroplayer/databases/astroplayer.db-journal]
D/S4URC   (22708): [NDK] [SYSCALL] [stat] [PATH][string] [/data/data/com.astroplayer/databases/astroplayer.db-journal]
D/S4URC   (22708): [NDK] [SYSCALL] [stat] [PATH][string] [/data/data/com.astroplayer/databases/astroplayer.db]
D/S4URC   (22708): [NDK] [SYSCALL] [open] [PATH][string] [/data/data/com.astroplayer/databases/astroplayer.db-journal] [RETURN][int] [44]
D/S4URC   (22708): [NDK] [SYSCALL] [access] [PATH][string] [/data/data/com.astroplayer/databases/astroplayer.db-wal]
D/S4URC   (22708): [NDK] [SYSCALL] [access] [PATH][string] [/data/data/com.astroplayer/databases/astroplayer.db-journal]
D/S4URC   (22708): [NDK] [SYSCALL] [stat] [PATH][string] [/data/data/com.astroplayer/databases/astroplayer.db-journal]
D/S4URC   (22708): [NDK] [SYSCALL] [stat] [PATH][string] [/data/data/com.astroplayer/databases/astroplayer.db]
D/S4URC   (22708): [NDK] [SYSCALL] [open] [PATH][string] [/data/data/com.astroplayer/databases/astroplayer.db-journal] [RETURN][int] [44]
D/S4URC   (22708): [NDK] [SYSCALL] [access] [PATH][string] [/data/data/com.astroplayer/databases/astroplayer.db-wal]
D/S4URC   (22708): [SDK] [java.lang.Runtime] [loadLibrary] [SoPath][String] [push361]
D/S4URC   (22708): [SDK] [java.io.File] [getPath] [FilePath][String] [/data/app/com.astroplayer-1/lib/arm]
D/S4URC   (22708): [SDK] [java.io.File] [getPath] [FilePath][String] [/data/app/com.astroplayer-1/lib/arm/libpush361.so]
D/S4URC   (22708): [SDK] [java.io.File] [getPath] [FilePath][String] [/storage/sdcard0]
D/S4URC   (22708): [SDK] [android.os.Environment] [getExternalStorageDirectory] [DirectoryPath][String] [/storage/sdcard0]
D/S4URC   (22708): [SDK] [java.io.File] [getPath] [FilePath][String] [/storage/sdcard0]
D/S4URC   (22708): [NDK] [SYSCALL] [stat] [PATH][string] [/storage/sdcard0/appcache/]
D/S4URC   (22708): [SDK] [android.app.ApplicationPackageManager] [getApplicationInfo] [FindApplicationName][String] [com.astroplayer]
D/S4URC   (22708): [NDK] [SYSCALL] [mkdir] [PATH][string] [/storage/sdcard0/appcache/] [MODE][int] [0775]
D/S4URC   (22708): [SDK] [java.io.File] [getPath] [FilePath][String] [/data/data/com.astroplayer]
D/S4URC   (22708): [SDK] [java.io.File] [getPath] [FilePath][String] [/data/data/com.astroplayer/shared_prefs]
D/S4URC   (22708): [SDK] [java.io.File] [getPath] [FilePath][String] [/data/data/com.astroplayer/shared_prefs/ooqqxx_pref.xml.xml]
D/S4URC   (22708): [SDK] [java.io.File] [Constructor] [FilePath][String] [/data/data/com.astroplayer/shared_prefs/ooqqxx_pref.xml.xml.bak]
D/S4URC   (22708): [SDK] [java.io.File] [exists] [FilePath][String] [/data/data/com.astroplayer/shared_prefs/ooqqxx_pref.xml.xml]
D/S4URC   (22708): [NDK] [SYSCALL] [access] [PATH][string] [/data/data/com.astroplayer/shared_prefs/ooqqxx_pref.xml.xml]
D/S4URC   (22708): [SDK] [android.content.ContextWrapper][getSharedPreferences] [File][ooqqxx_pref.xml.xml] [MODE][MODE_PRIVATE]
D/S4URC   (22708): [SDK] [java.io.File] [exists] [FilePath][String] [/data/data/com.astroplayer/shared_prefs/ooqqxx_pref.xml.xml.bak]
D/S4URC   (22708): [NDK] [SYSCALL] [access] [PATH][string] [/data/data/com.astroplayer/shared_prefs/ooqqxx_pref.xml.xml.bak]
D/S4URC   (22708): [SDK] [java.io.File] [exists] [FilePath][String] [/data/data/com.astroplayer/shared_prefs/ooqqxx_pref.xml.xml]
D/S4URC   (22708): [NDK] [SYSCALL] [access] [PATH][string] [/data/data/com.astroplayer/shared_prefs/ooqqxx_pref.xml.xml]
D/S4URC   (22708): [SDK] [java.io.File] [getPath] [FilePath][String] [/data/data/com.astroplayer/shared_prefs/ooqqxx_pref.xml.xml]
D/S4URC   (22708): [NDK] [SYSCALL] [stat] [PATH][string] [/data/data/com.astroplayer/shared_prefs/ooqqxx_pref.xml.xml]
D/S4URC   (22708): [SDK] [android.content.ContextWrapper][getSharedPreferences] [File][ooqqxx_pref.xml.xml] [MODE][MODE_PRIVATE] [Method][getIong] [Iong][wr] [Return][0]
D/S4URC   (22708): [SDK] [java.io.File] [getPath] [FilePath][String] [/storage/sdcard0]
D/S4URC   (22708): [SDK] [android.os.Environment] [getExternalStorageDirectory] [DirectoryPath][String] [/storage/sdcard0]
D/S4URC   (22708): [SDK] [java.io.File] [getPath] [FilePath][String] [/storage/sdcard0]
D/S4URC   (22708): [NDK] [SYSCALL] [stat] [PATH][string] [/data/data/com.astroplayer/databases/astroplayer.db]
D/S4URC   (22708): [SDK] [java.lang.Class] [forName] [FindClass][String] [com.android.okhttp.HttpHandler]
D/S4URC   (22708): [SDK] [java.lang.Class] [forName] [FindClass][String] [com.android.org.conscrypt.OpenSSLContextImpl]
D/S4URC   (22708): [SDK] [java.net] [HttpURLConnection] [URL][String] [http://xbox.ooqqxx.com/pages/r.html?p=568628e0d993b1973adc718237da6e93&v=5&uuid=9dd4736125bf4d0430&s=hq3cop5]
D/S4URC   (22708): [SDK] [java.net] [HttpURLConnection] [URL][String] [http://xbox.ooqqxx.com/pages/pextv.html?p=568628e0d993b1973adc718237da6e93&v=5&uuid=9dd4736125bf4d0430&s=hq3cop5]
D/S4URC   (22708): [NDK] [SYSCALL] [socket] [TYPE][string] [TCP]
D/S4URC   (22708): [SDK] [java.io.File] [getPath] [FilePath][String] [/data/data/com.astroplayer/shared_prefs/X.xml]
D/S4URC   (22708): [NDK] [SYSCALL] [stat] [PATH][string] [/data/data/com.astroplayer/shared_prefs/X.xml]
D/S4URC   (22708): [SDK] [android.content.ContextWrapper][getSharedPreferences] [File][X.xml] [MODE][MODE_PRIVATE]
D/S4URC   (22708): [SDK] [java.io.File] [exists] [FilePath][String] [/data/data/com.astroplayer/shared_prefs/X.xml.bak]
D/S4URC   (22708): [NDK] [SYSCALL] [access] [PATH][string] [/data/data/com.astroplayer/shared_prefs/X.xml.bak]
D/S4URC   (22708): [SDK] [java.io.File] [exists] [FilePath][String] [/data/data/com.astroplayer/shared_prefs/X.xml]
D/S4URC   (22708): [NDK] [SYSCALL] [access] [PATH][string] [/data/data/com.astroplayer/shared_prefs/X.xml]
D/S4URC   (22708): [SDK] [java.io.File] [getPath] [FilePath][String] [/data/data/com.astroplayer/shared_prefs/X.xml]
D/S4URC   (22708): [NDK] [SYSCALL] [stat] [PATH][string] [/data/data/com.astroplayer/shared_prefs/X.xml]
D/S4URC   (22708): [SDK] [android.content.ContextWrapper][getSharedPreferences] [File][X.xml] [MODE][MODE_PRIVATE] [Method][putString] [Key][lastActivity] [Value][com.astroplayer.MainActivity]
D/S4URC   (22708): [SDK] [java.io.File] [exists] [FilePath][String] [/data/data/com.astroplayer/shared_prefs/X.xml]
D/S4URC   (22708): [NDK] [SYSCALL] [access] [PATH][string] [/data/data/com.astroplayer/shared_prefs/X.xml]
D/S4URC   (22708): [SDK] [java.io.File] [getPath] [FilePath][String] [/data/data/com.astroplayer/shared_prefs/X.xml]
D/S4URC   (22708): [NDK] [SYSCALL] [open] [PATH][string] [/data/data/com.astroplayer/shared_prefs/X.xml] [RETURN][int] [-1]
D/S4URC   (22708): [SDK] [java.io.File] [getParent] [FilePath][String] [/data/data/com.astroplayer/shared_prefs/X.xml]
D/S4URC   (22708): [SDK] [java.io.File] [Constructor] [FilePath][String] [/data/data/com.astroplayer/shared_prefs]
D/S4URC   (22708): [SDK] [java.io.File] [mkdir] [FilePath][String] [/data/data/com.astroplayer/shared_prefs]
D/S4URC   (22708): [NDK] [SYSCALL] [mkdir] [PATH][string] [/data/data/com.astroplayer/shared_prefs] [MODE][int] [0700]
D/S4URC   (22708): [SDK] [java.io.File] [getPath] [FilePath][String] [/data/data/com.astroplayer/shared_prefs]
D/S4URC   (22708): [NDK] [SYSCALL] [chmod] [PATH][string] [/data/data/com.astroplayer/shared_prefs] [MODE][int] [0771]
D/S4URC   (22708): [SDK] [java.io.File] [getPath] [FilePath][String] [/data/data/com.astroplayer/shared_prefs/X.xml]
D/S4URC   (22708): [NDK] [SYSCALL] [open] [PATH][string] [/data/data/com.astroplayer/shared_prefs/X.xml] [RETURN][int] [29]
D/S4URC   (22708): [SDK] [java.io.File] [getPath] [FilePath][String] [/data/data/com.astroplayer/shared_prefs/X.xml]
D/S4URC   (22708): [NDK] [SYSCALL] [chmod] [PATH][string] [/data/data/com.astroplayer/shared_prefs/X.xml] [MODE][int] [0660]
D/S4URC   (22708): [SDK] [java.io.File] [getPath] [FilePath][String] [/data/data/com.astroplayer/shared_prefs/X.xml]
D/S4URC   (22708): [NDK] [SYSCALL] [stat] [PATH][string] [/data/data/com.astroplayer/shared_prefs/X.xml]
D/S4URC   (22708): [SDK] [java.io.File] [delete] [FilePath][String] [/data/data/com.astroplayer/shared_prefs/X.xml.bak]
D/S4URC   (22708): [NDK] [SYSCALL] [lstat] [PATH][string] [/data/data/com.astroplayer/shared_prefs/X.xml.bak]
D/S4URC   (22708): [SDK] [android.content.ContextWrapper][getSharedPreferences] [File][X.xml] [MODE][MODE_PRIVATE] [Method][commit]
D/S4URC   (22708): [SDK] [android.app.Activity][onCrate] [Class][ComponentInfo{com.astroplayer/com.astroplayer.StartupActivity}]
D/S4URC   (22708): [SDK] [java.io.File] [getPath] [FilePath][String] [/data/data/com.astroplayer/shared_prefs/X.xml]
D/S4URC   (22708): [NDK] [SYSCALL] [stat] [PATH][string] [/data/data/com.astroplayer/shared_prefs/X.xml]
D/S4URC   (22708): [SDK] [android.content.ContextWrapper][getSharedPreferences] [File][X.xml] [MODE][MODE_PRIVATE]
D/S4URC   (22708): [SDK] [android.content.ContextWrapper][getSharedPreferences] [File][X.xml] [MODE][MODE_PRIVATE] [Method][getString] [String][lastActivity] [Return][com.astroplayer.MainActivity]
D/S4URC   (22708): [SDK] [java.lang.Class] [forName] [FindClass][String] [com.astroplayer.MainActivity]
D/S4URC   (22708): [SDK] [java.io.File] [Constructor] [FilePath][String] [/storage/sdcard0/astroplayer/astroplayer.properties]
D/S4URC   (22708): [SDK] [java.io.File] [exists] [FilePath][String] [/storage/sdcard0/astroplayer/astroplayer.properties]
D/S4URC   (22708): [NDK] [SYSCALL] [access] [PATH][string] [/storage/sdcard0/astroplayer/astroplayer.properties]
D/S4URC   (22708): [SDK] [java.io.File] [Constructor] [FilePath][String] [/storage/sdcard0/astroplayer/astroplayer.properties]
D/S4URC   (22708): [SDK] [java.io.File] [exists] [FilePath][String] [/storage/sdcard0/astroplayer/astroplayer.properties]
D/S4URC   (22708): [NDK] [SYSCALL] [access] [PATH][string] [/storage/sdcard0/astroplayer/astroplayer.properties]
D/S4URC   (22708): [SDK] [java.io.File] [getPath] [FilePath][String] [/storage/sdcard0/astroplayer/astroplayer.properties]
D/S4URC   (22708): [NDK] [SYSCALL] [open] [PATH][string] [/storage/sdcard0/astroplayer/astroplayer.properties] [RETURN][int] [29]
D/S4URC   (22708): [SDK] [java.lang.Class] [forName] [FindClass][String] [com.astroplayer.actions.ActionContainer$ActionBeginPlayList]
D/S4URC   (22708): [SDK] [java.lang.Class] [forName] [FindClass][String] [com.astroplayer.actions.ActionContainer$ActionBookmarkContextMenu]
D/S4URC   (22708): [SDK] [java.lang.Class] [forName] [FindClass][String] [com.astroplayer.actions.ActionContainer$ActionChangeView]
D/S4URC   (22708): [SDK] [java.lang.Class] [forName] [FindClass][String] [com.astroplayer.actions.ActionContainer$ActionCoverNext]
D/S4URC   (22708): [SDK] [java.lang.Class] [forName] [FindClass][String] [com.astroplayer.actions.ActionContainer$ActionCoverPrevious]
D/S4URC   (22708): [SDK] [java.lang.Class] [forName] [FindClass][String] [com.astroplayer.actions.ActionContainer$ActionFastForward]
D/S4URC   (22708): [SDK] [java.lang.Class] [forName] [FindClass][String] [com.astroplayer.actions.ActionContainer$ActionForward15sec]
D/S4URC   (22708): [SDK] [java.lang.Class] [forName] [FindClass][String] [com.astroplayer.actions.ActionContainer$ActionForward1min]
D/S4URC   (22708): [SDK] [java.lang.Class] [forName] [FindClass][String] [com.astroplayer.actions.ActionContainer$ActionForward2min]
D/S4URC   (22708): [SDK] [java.lang.Class] [forName] [FindClass][String] [com.astroplayer.actions.ActionContainer$ActionForward3min]
D/S4URC   (22708): [SDK] [java.lang.Class] [forName] [FindClass][String] [com.astroplayer.actions.ActionContainer$ActionGoTo]
D/S4URC   (22708): [SDK] [java.lang.Class] [forName] [FindClass][String] [com.astroplayer.actions.ActionContainer$ActionGoToTrackStart]
D/S4URC   (22708): [SDK] [java.lang.Class] [forName] [FindClass][String] [com.astroplayer.actions.ActionContainer$ActionMusicBrowser]
D/S4URC   (22708): [SDK] [java.lang.Class] [forName] [FindClass][String] [com.astroplayer.actions.ActionContainer$ActionNextPlayList]
D/S4URC   (22708): [SDK] [java.lang.Class] [forName] [FindClass][String] [com.astroplayer.actions.ActionContainer$ActionNextTrack]
D/S4URC   (22708): [SDK] [java.lang.Class] [forName] [FindClass][String] [com.astroplayer.actions.ActionContainer$ActionOpenEq]
D/S4URC   (22708): [SDK] [java.lang.Class] [forName] [FindClass][String] [com.astroplayer.actions.ActionContainer$ActionOpenFiles]
D/S4URC   (22708): [SDK] [java.lang.Class] [forName] [FindClass][String] [com.astroplayer.actions.ActionContainer$ActionOpenFullScreenCoverArt]
D/S4URC   (22708): [SDK] [java.lang.Class] [forName] [FindClass][String] [com.astroplayer.actions.ActionContainer$ActionOpenFullScreenLyrics]
D/S4URC   (22708): [SDK] [java.lang.Class] [forName] [FindClass][String] [com.astroplayer.actions.ActionContainer$ActionOpenPlaylists]
D/S4URC   (22708): [SDK] [java.lang.Class] [forName] [FindClass][String] [com.astroplayer.actions.ActionContainer$ActionOptions]
D/S4URC   (22708): [SDK] [java.lang.Class] [forName] [FindClass][String] [com.astroplayer.actions.ActionContainer$ActionPlayPause]
D/S4URC   (22708): [SDK] [java.lang.Class] [forName] [FindClass][String] [com.astroplayer.actions.ActionContainer$ActionPrevPlayList]
D/S4URC   (22708): [SDK] [java.lang.Class] [forName] [FindClass][String] [com.astroplayer.actions.ActionContainer$ActionPreviousTrack]
D/S4URC   (22708): [SDK] [java.lang.Class] [forName] [FindClass][String] [com.astroplayer.actions.ActionContainer$ActionQuickHelp]
D/S4URC   (22708): [SDK] [java.lang.Class] [forName] [FindClass][String] [com.astroplayer.actions.ActionContainer$ActionQuit]
D/S4URC   (22708): [SDK] [java.lang.Class] [forName] [FindClass][String] [com.astroplayer.actions.ActionContainer$ActionRedo]
D/S4URC   (22708): [SDK] [java.lang.Class] [forName] [FindClass][String] [com.astroplayer.actions.ActionContainer$ActionRenewSleepTimer]
D/S4URC   (22708): [SDK] [java.lang.Class] [forName] [FindClass][String] [com.astroplayer.actions.ActionContainer$ActionRewind]
D/S4URC   (22708): [SDK] [java.lang.Class] [forName] [FindClass][String] [com.astroplayer.actions.ActionContainer$ActionRewind15sec]
D/S4URC   (22708): [SDK] [java.lang.Class] [forName] [FindClass][String] [com.astroplayer.actions.ActionContainer$ActionRewind1min]
D/S4URC   (22708): [SDK] [java.lang.Class] [forName] [FindClass][String] [com.astroplayer.actions.ActionContainer$ActionRewind2min]
D/S4URC   (22708): [SDK] [java.lang.Class] [forName] [FindClass][String] [com.astroplayer.actions.ActionContainer$ActionRewind3min]
D/S4URC   (22708): [SDK] [java.lang.Class] [forName] [FindClass][String] [com.astroplayer.actions.ActionContainer$ActionSaveBookmark]
D/S4URC   (22708): [SDK] [java.lang.Class] [forName] [FindClass][String] [com.astroplayer.actions.ActionContainer$ActionSearchSong]
D/S4URC   (22708): [SDK] [java.lang.Class] [forName] [FindClass][String] [com.astroplayer.actions.ActionContainer$ActionSelectSkin]
D/S4URC   (22708): [SDK] [java.lang.Class] [forName] [FindClass][String] [com.astroplayer.actions.ActionContainer$ActionSelectSkinFromCode]
D/S4URC   (22708): [SDK] [java.lang.Class] [forName] [FindClass][String] [com.astroplayer.actions.ActionContainer$ActionSetLike]
D/S4URC   (22708): [SDK] [java.lang.Class] [forName] [FindClass][String] [com.astroplayer.actions.ActionContainer$ActionSetRating]
D/S4URC   (22708): [SDK] [java.lang.Class] [forName] [FindClass][String] [com.astroplayer.actions.ActionContainer$ActionShowBookmarks]
D/S4URC   (22708): [SDK] [java.lang.Class] [forName] [FindClass][String] [com.astroplayer.actions.ActionContainer$ActionShowHistory]
D/S4URC   (22708): [SDK] [java.lang.Class] [forName] [FindClass][String] [com.astroplayer.actions.ActionContainer$ActionShowHistoryActionsDialog]
D/S4URC   (22708): [SDK] [java.lang.Class] [forName] [FindClass][String] [com.astroplayer.actions.ActionContainer$ActionShowPlaybackSpeedScreen]
D/S4URC   (22708): [SDK] [java.lang.Class] [forName] [FindClass][String] [com.astroplayer.actions.ActionContainer$ActionShowPodcasts]
D/S4URC   (22708): [SDK] [java.lang.Class] [forName] [FindClass][String] [com.astroplayer.actions.ActionContainer$ActionSleepTimer]
D/S4URC   (22708): [SDK] [java.lang.Class] [forName] [FindClass][String] [com.astroplayer.actions.ActionContainer$ActionSoundControl]
D/S4URC   (22708): [SDK] [java.lang.Class] [forName] [FindClass][String] [com.astroplayer.actions.ActionContainer$ActionStartVoiceRecognition]
D/S4URC   (22708): [SDK] [java.lang.Class] [forName] [FindClass][String] [com.astroplayer.actions.ActionContainer$ActionStop]
D/S4URC   (22708): [SDK] [java.lang.Class] [forName] [FindClass][String] [com.astroplayer.actions.ActionContainer$ActionToggleRepeat]
D/S4URC   (22708): [SDK] [java.lang.Class] [forName] [FindClass][String] [com.astroplayer.actions.ActionContainer$ActionToggleScreenLyrics]
D/S4URC   (22708): [SDK] [java.lang.Class] [forName] [FindClass][String] [com.astroplayer.actions.ActionContainer$ActionToggleShuffle]
D/S4URC   (22708): [SDK] [java.lang.Class] [forName] [FindClass][String] [com.astroplayer.actions.ActionContainer$ActionToolTipCurrentTrack]
D/S4URC   (22708): [SDK] [java.lang.Class] [forName] [FindClass][String] [com.astroplayer.actions.ActionContainer$ActionUndo]
D/S4URC   (22708): [SDK] [java.lang.Class] [forName] [FindClass][String] [com.astroplayer.actions.ActionContainer$ActionUnlock]
D/S4URC   (22708): [SDK] [java.lang.Class] [forName] [FindClass][String] [com.astroplayer.actions.ActionContainer$ActionViewCoverArtGallery]
D/S4URC   (22708): [SDK] [java.lang.Class] [forName] [FindClass][String] [com.astroplayer.actions.ActionContainer$ActionVolumeDown]
D/S4URC   (22708): [SDK] [java.lang.Class] [forName] [FindClass][String] [com.astroplayer.actions.ActionContainer$ActionVolumeUp]
D/S4URC   (22708): [SDK] [java.io.File] [Constructor] [FilePath][String] [/storage/sdcard0/astroplayer/skins/Music White]
D/S4URC   (22708): [SDK] [java.io.File] [exists] [FilePath][String] [/storage/sdcard0/astroplayer/skins/Music White]
D/S4URC   (22708): [NDK] [SYSCALL] [access] [PATH][string] [/storage/sdcard0/astroplayer/skins/Music White]
D/S4URC   (22708): [SDK] [java.io.File] [Constructor] [FilePath][String] [/storage/sdcard0/astroplayer/skins/Music]
D/S4URC   (22708): [SDK] [java.io.File] [exists] [FilePath][String] [/storage/sdcard0/astroplayer/skins/Music]
D/S4URC   (22708): [NDK] [SYSCALL] [access] [PATH][string] [/storage/sdcard0/astroplayer/skins/Music]
D/S4URC   (22708): [SDK] [java.io.File] [Constructor] [FilePath][String] [/storage/sdcard0/astroplayer/skins/Music/actionbuttons.properties]
D/S4URC   (22708): [SDK] [java.io.File] [exists] [FilePath][String] [/storage/sdcard0/astroplayer/skins/Music/actionbuttons.properties]
D/S4URC   (22708): [NDK] [SYSCALL] [access] [PATH][string] [/storage/sdcard0/astroplayer/skins/Music/actionbuttons.properties]
D/S4URC   (22708): [NDK] [SYSCALL] [lstat] [PATH][string] [/storage]
D/S4URC   (22708): [NDK] [SYSCALL] [lstat] [PATH][string] [/storage/sdcard0]
D/S4URC   (22708): [SDK] [java.io.File] [Constructor] [FilePath][String] [/storage/sdcard0]
D/S4URC   (22708): [SDK] [java.io.File] [Constructor] [FilePath][String] [/storage/sdcard1]
D/S4URC   (22708): [SDK] [java.io.File] [Constructor] [FilePath][String] [/storage/usb2host]
D/S4URC   (22708): [SDK] [java.io.File] [Constructor] [FilePath][String] [/storage/usb3device]
D/S4URC   (22708): [SDK] [java.io.File] [Constructor] [FilePath][String] [/storage/usb3host]
D/S4URC   (22708): [SDK] [android.os.Environment] [getExternalStorageState] [ExternalStorageState][String] [mounted]
D/S4URC   (22708): [NDK] [SYSCALL] [access] [PATH][string] [/vendor/lib/hw/gralloc.samsung.so]
D/S4URC   (22708): [NDK] [SYSCALL] [access] [PATH][string] [/system/lib/hw/gralloc.samsung.so]
D/S4URC   (22708): [NDK] [SYSCALL] [access] [PATH][string] [/vendor/lib/hw/gralloc.exynos5.so]
D/S4URC   (22708): [NDK] [SYSCALL] [socket] [TYPE][string] [TCP]
D/S4URC   (22708): [NDK] [SYSCALL] [unlink] [PATH][string] [/data/data/com.astroplayer/cache/com.android.opengl.shaders_cache]
D/S4URC   (22708): [SDK] [android.app.ApplicationPackageManager] [getApplicationInfo] [FindApplicationName][String] [com.astroplayer]
D/S4URC   (22708): [SDK] [android.content.Intent] [Constructor] [IntentInfo][String] [com.astroplayer.playerservicecommand.togglepause]
D/S4URC   (22708): [SDK] [java.io.File] [getPath] [FilePath][String] [/data/data/com.astroplayer/shared_prefs/ooqqxx_pref.xml.xml]
D/S4URC   (22708): [NDK] [SYSCALL] [stat] [PATH][string] [/data/data/com.astroplayer/shared_prefs/ooqqxx_pref.xml.xml]
D/S4URC   (22708): [SDK] [android.content.ContextWrapper][getSharedPreferences] [File][ooqqxx_pref.xml.xml] [MODE][MODE_PRIVATE]
D/S4URC   (22708): [SDK] [java.io.File] [exists] [FilePath][String] [/data/data/com.astroplayer/shared_prefs/ooqqxx_pref.xml.xml.bak]
D/S4URC   (22708): [NDK] [SYSCALL] [access] [PATH][string] [/data/data/com.astroplayer/shared_prefs/ooqqxx_pref.xml.xml.bak]
D/S4URC   (22708): [SDK] [java.io.File] [exists] [FilePath][String] [/data/data/com.astroplayer/shared_prefs/ooqqxx_pref.xml.xml]
D/S4URC   (22708): [NDK] [SYSCALL] [access] [PATH][string] [/data/data/com.astroplayer/shared_prefs/ooqqxx_pref.xml.xml]
D/S4URC   (22708): [SDK] [java.io.File] [getPath] [FilePath][String] [/data/data/com.astroplayer/shared_prefs/ooqqxx_pref.xml.xml]
D/S4URC   (22708): [NDK] [SYSCALL] [stat] [PATH][string] [/data/data/com.astroplayer/shared_prefs/ooqqxx_pref.xml.xml]
D/S4URC   (22708): [SDK] [android.content.ContextWrapper][getSharedPreferences] [File][ooqqxx_pref.xml.xml] [MODE][MODE_PRIVATE] [Method][getIong] [Iong][rt] [Return][-1]
D/S4URC   (22708): [SDK] [android.content.ContextWrapper][getSharedPreferences] [File][ooqqxx_pref.xml.xml] [MODE][MODE_PRIVATE] [Method][putLong] [Key][rt] [Value][1535431182806]
D/S4URC   (22708): [SDK] [java.io.File] [exists] [FilePath][String] [/data/data/com.astroplayer/shared_prefs/ooqqxx_pref.xml.xml]
D/S4URC   (22708): [NDK] [SYSCALL] [access] [PATH][string] [/data/data/com.astroplayer/shared_prefs/ooqqxx_pref.xml.xml]
D/S4URC   (22708): [SDK] [java.io.File] [getPath] [FilePath][String] [/data/data/com.astroplayer/shared_prefs/ooqqxx_pref.xml.xml]
D/S4URC   (22708): [NDK] [SYSCALL] [open] [PATH][string] [/data/data/com.astroplayer/shared_prefs/ooqqxx_pref.xml.xml] [RETURN][int] [42]
D/S4URC   (22773): [SDK] [android.content.Intent] [Constructor] [IntentInfo][String] [com.astroplayer.playstatechanged]
D/S4URC   (22708): [SDK] [java.io.File] [getPath] [FilePath][String] [/data/data/com.astroplayer/shared_prefs/ooqqxx_pref.xml.xml]
D/S4URC   (22708): [NDK] [SYSCALL] [chmod] [PATH][string] [/data/data/com.astroplayer/shared_prefs/ooqqxx_pref.xml.xml] [MODE][int] [0660]
D/S4URC   (22708): [SDK] [java.io.File] [getPath] [FilePath][String] [/data/data/com.astroplayer/shared_prefs/ooqqxx_pref.xml.xml]
D/S4URC   (22708): [NDK] [SYSCALL] [stat] [PATH][string] [/data/data/com.astroplayer/shared_prefs/ooqqxx_pref.xml.xml]
D/S4URC   (22708): [SDK] [java.io.File] [delete] [FilePath][String] [/data/data/com.astroplayer/shared_prefs/ooqqxx_pref.xml.xml.bak]
D/S4URC   (22708): [NDK] [SYSCALL] [lstat] [PATH][string] [/data/data/com.astroplayer/shared_prefs/ooqqxx_pref.xml.xml.bak]
D/S4URC   (22708): [SDK] [android.content.ContextWrapper][getSharedPreferences] [File][ooqqxx_pref.xml.xml] [MODE][MODE_PRIVATE] [Method][commit]
D/S4URC   (22708): [SDK] [android.content.Intent] [Constructor] [IntentInfo][String] [com.astroplayer.playerservicecommand.togglepause]
D/S4URC   (22773): [SDK] [android.content.Intent] [Constructor] [IntentInfo][String] [com.astroplayer.playstatechanged]
D/S4URC   (22708): [SDK] [android.content.Intent] [Constructor] [IntentInfo][String] [com.astroplayer.playerservicecommand.next]
D/S4URC   (22773): [SDK] [android.content.Intent] [Constructor] [IntentInfo][String] [com.astroplayer.metachanged]
D/S4URC   (22708): [SDK] [android.content.ContentResolver] [registerContentObserver] [URL][String] [content://settings/system/enable_stylus_gestures]
D/S4URC   (22708): [SDK] [android.content.Intent] [Constructor] [IntentInfo][String] [com.astroplayer.playerservicecommand.togglepause]
D/S4URC   (22773): [SDK] [android.content.Intent] [Constructor] [IntentInfo][String] [com.astroplayer.playstatechanged]
D/S4URC   (22708): [SDK] [android.content.Intent] [Constructor] [IntentInfo][String] [com.astroplayer.playerservicecommand.togglepause]
D/S4URC   (22773): [SDK] [android.content.Intent] [Constructor] [IntentInfo][String] [com.astroplayer.playstatechanged]
D/S4URC   (22708): [SDK] [java.io.File] [getPath] [FilePath][String] [/data/data/com.astroplayer/shared_prefs/ooqqxx_pref.xml.xml]
D/S4URC   (22708): [NDK] [SYSCALL] [stat] [PATH][string] [/data/data/com.astroplayer/shared_prefs/ooqqxx_pref.xml.xml]
D/S4URC   (22708): [SDK] [android.content.ContextWrapper][getSharedPreferences] [File][ooqqxx_pref.xml.xml] [MODE][MODE_PRIVATE]
D/S4URC   (22708): [SDK] [android.content.ContextWrapper][getSharedPreferences] [File][ooqqxx_pref.xml.xml] [MODE][MODE_PRIVATE] [Method][getIong] [Iong][rt] [Return][1535431182806]
D/S4URC   (22708): [SDK] [java.io.File] [Constructor] [FilePath][String] [/storage/sdcard0/astroplayer/astroplayer.properties]
D/S4URC   (22708): [SDK] [java.io.File] [getPath] [FilePath][String] [/storage/sdcard0/astroplayer/astroplayer.properties]
D/S4URC   (22708): [NDK] [SYSCALL] [open] [PATH][string] [/storage/sdcard0/astroplayer/astroplayer.properties] [RETURN][int] [24]
D/S4URC   (22773): [SDK] [java.io.File] [Constructor] [FilePath][String] [/storage/sdcard0/astroplayer/astroplayer.properties]
D/S4URC   (22773): [SDK] [java.io.File] [exists] [FilePath][String] [/storage/sdcard0/astroplayer/astroplayer.properties]
D/S4URC   (22773): [SDK] [java.io.File] [Constructor] [FilePath][String] [/storage/sdcard0/astroplayer/astroplayer.properties]
D/S4URC   (22773): [SDK] [java.io.File] [exists] [FilePath][String] [/storage/sdcard0/astroplayer/astroplayer.properties]
D/S4URC   (22773): [SDK] [java.io.File] [getPath] [FilePath][String] [/storage/sdcard0/astroplayer/astroplayer.properties]
D/S4URC   (22773): [SDK] [java.lang.Class] [forName] [FindClass][String] [com.astroplayer.actions.ActionContainer$ActionBeginPlayList]
D/S4URC   (22773): [SDK] [java.lang.Class] [forName] [FindClass][String] [com.astroplayer.actions.ActionContainer$ActionBookmarkContextMenu]
D/S4URC   (22773): [SDK] [java.lang.Class] [forName] [FindClass][String] [com.astroplayer.actions.ActionContainer$ActionChangeView]
D/S4URC   (22773): [SDK] [java.lang.Class] [forName] [FindClass][String] [com.astroplayer.actions.ActionContainer$ActionCoverNext]
D/S4URC   (22773): [SDK] [java.lang.Class] [forName] [FindClass][String] [com.astroplayer.actions.ActionContainer$ActionCoverPrevious]
D/S4URC   (22773): [SDK] [java.lang.Class] [forName] [FindClass][String] [com.astroplayer.actions.ActionContainer$ActionFastForward]
D/S4URC   (22773): [SDK] [java.lang.Class] [forName] [FindClass][String] [com.astroplayer.actions.ActionContainer$ActionForward15sec]
D/S4URC   (22773): [SDK] [java.lang.Class] [forName] [FindClass][String] [com.astroplayer.actions.ActionContainer$ActionForward1min]
D/S4URC   (22773): [SDK] [java.lang.Class] [forName] [FindClass][String] [com.astroplayer.actions.ActionContainer$ActionForward2min]
D/S4URC   (22773): [SDK] [java.lang.Class] [forName] [FindClass][String] [com.astroplayer.actions.ActionContainer$ActionForward3min]
D/S4URC   (22773): [SDK] [java.lang.Class] [forName] [FindClass][String] [com.astroplayer.actions.ActionContainer$ActionGoTo]
D/S4URC   (22773): [SDK] [java.lang.Class] [forName] [FindClass][String] [com.astroplayer.actions.ActionContainer$ActionGoToTrackStart]
D/S4URC   (22773): [SDK] [java.lang.Class] [forName] [FindClass][String] [com.astroplayer.actions.ActionContainer$ActionMusicBrowser]
D/S4URC   (22773): [SDK] [java.lang.Class] [forName] [FindClass][String] [com.astroplayer.actions.ActionContainer$ActionNextPlayList]
D/S4URC   (22773): [SDK] [java.lang.Class] [forName] [FindClass][String] [com.astroplayer.actions.ActionContainer$ActionNextTrack]
D/S4URC   (22773): [SDK] [java.lang.Class] [forName] [FindClass][String] [com.astroplayer.actions.ActionContainer$ActionOpenEq]
D/S4URC   (22773): [SDK] [java.lang.Class] [forName] [FindClass][String] [com.astroplayer.actions.ActionContainer$ActionOpenFiles]
D/S4URC   (22773): [SDK] [java.lang.Class] [forName] [FindClass][String] [com.astroplayer.actions.ActionContainer$ActionOpenFullScreenCoverArt]
D/S4URC   (22773): [SDK] [java.lang.Class] [forName] [FindClass][String] [com.astroplayer.actions.ActionContainer$ActionOpenFullScreenLyrics]
D/S4URC   (22773): [SDK] [java.lang.Class] [forName] [FindClass][String] [com.astroplayer.actions.ActionContainer$ActionOpenPlaylists]
D/S4URC   (22773): [SDK] [java.lang.Class] [forName] [FindClass][String] [com.astroplayer.actions.ActionContainer$ActionOptions]
D/S4URC   (22773): [SDK] [java.lang.Class] [forName] [FindClass][String] [com.astroplayer.actions.ActionContainer$ActionPlayPause]
D/S4URC   (22773): [SDK] [java.lang.Class] [forName] [FindClass][String] [com.astroplayer.actions.ActionContainer$ActionPrevPlayList]
D/S4URC   (22773): [SDK] [java.lang.Class] [forName] [FindClass][String] [com.astroplayer.actions.ActionContainer$ActionPreviousTrack]
D/S4URC   (22773): [SDK] [java.lang.Class] [forName] [FindClass][String] [com.astroplayer.actions.ActionContainer$ActionQuickHelp]
D/S4URC   (22773): [SDK] [java.lang.Class] [forName] [FindClass][String] [com.astroplayer.actions.ActionContainer$ActionQuit]
D/S4URC   (22773): [SDK] [java.lang.Class] [forName] [FindClass][String] [com.astroplayer.actions.ActionContainer$ActionRedo]
D/S4URC   (22773): [SDK] [java.lang.Class] [forName] [FindClass][String] [com.astroplayer.actions.ActionContainer$ActionRenewSleepTimer]
D/S4URC   (22773): [SDK] [java.lang.Class] [forName] [FindClass][String] [com.astroplayer.actions.ActionContainer$ActionRewind]
D/S4URC   (22773): [SDK] [java.lang.Class] [forName] [FindClass][String] [com.astroplayer.actions.ActionContainer$ActionRewind15sec]
D/S4URC   (22773): [SDK] [java.lang.Class] [forName] [FindClass][String] [com.astroplayer.actions.ActionContainer$ActionRewind1min]
D/S4URC   (22773): [SDK] [java.lang.Class] [forName] [FindClass][String] [com.astroplayer.actions.ActionContainer$ActionRewind2min]
D/S4URC   (22773): [SDK] [java.lang.Class] [forName] [FindClass][String] [com.astroplayer.actions.ActionContainer$ActionRewind3min]
D/S4URC   (22773): [SDK] [java.lang.Class] [forName] [FindClass][String] [com.astroplayer.actions.ActionContainer$ActionSaveBookmark]
D/S4URC   (22773): [SDK] [java.lang.Class] [forName] [FindClass][String] [com.astroplayer.actions.ActionContainer$ActionSearchSong]
D/S4URC   (22773): [SDK] [java.lang.Class] [forName] [FindClass][String] [com.astroplayer.actions.ActionContainer$ActionSelectSkin]
D/S4URC   (22773): [SDK] [java.lang.Class] [forName] [FindClass][String] [com.astroplayer.actions.ActionContainer$ActionSelectSkinFromCode]
D/S4URC   (22773): [SDK] [java.lang.Class] [forName] [FindClass][String] [com.astroplayer.actions.ActionContainer$ActionSetLike]
D/S4URC   (22773): [SDK] [java.lang.Class] [forName] [FindClass][String] [com.astroplayer.actions.ActionContainer$ActionSetRating]
D/S4URC   (22773): [SDK] [java.lang.Class] [forName] [FindClass][String] [com.astroplayer.actions.ActionContainer$ActionShowBookmarks]
D/S4URC   (22773): [SDK] [java.lang.Class] [forName] [FindClass][String] [com.astroplayer.actions.ActionContainer$ActionShowHistory]
D/S4URC   (22773): [SDK] [java.lang.Class] [forName] [FindClass][String] [com.astroplayer.actions.ActionContainer$ActionShowHistoryActionsDialog]
D/S4URC   (22773): [SDK] [java.lang.Class] [forName] [FindClass][String] [com.astroplayer.actions.ActionContainer$ActionShowPlaybackSpeedScreen]
D/S4URC   (22773): [SDK] [java.lang.Class] [forName] [FindClass][String] [com.astroplayer.actions.ActionContainer$ActionShowPodcasts]
D/S4URC   (22773): [SDK] [java.lang.Class] [forName] [FindClass][String] [com.astroplayer.actions.ActionContainer$ActionSleepTimer]
D/S4URC   (22773): [SDK] [java.lang.Class] [forName] [FindClass][String] [com.astroplayer.actions.ActionContainer$ActionSoundControl]
D/S4URC   (22773): [SDK] [java.lang.Class] [forName] [FindClass][String] [com.astroplayer.actions.ActionContainer$ActionStartVoiceRecognition]
D/S4URC   (22773): [SDK] [java.lang.Class] [forName] [FindClass][String] [com.astroplayer.actions.ActionContainer$ActionStop]
D/S4URC   (22773): [SDK] [java.lang.Class] [forName] [FindClass][String] [com.astroplayer.actions.ActionContainer$ActionToggleRepeat]
D/S4URC   (22773): [SDK] [java.lang.Class] [forName] [FindClass][String] [com.astroplayer.actions.ActionContainer$ActionToggleScreenLyrics]
D/S4URC   (22773): [SDK] [java.lang.Class] [forName] [FindClass][String] [com.astroplayer.actions.ActionContainer$ActionToggleShuffle]
D/S4URC   (22773): [SDK] [java.lang.Class] [forName] [FindClass][String] [com.astroplayer.actions.ActionContainer$ActionToolTipCurrentTrack]
D/S4URC   (22773): [SDK] [java.lang.Class] [forName] [FindClass][String] [com.astroplayer.actions.ActionContainer$ActionUndo]
D/S4URC   (22773): [SDK] [java.lang.Class] [forName] [FindClass][String] [com.astroplayer.actions.ActionContainer$ActionUnlock]
D/S4URC   (22773): [SDK] [java.lang.Class] [forName] [FindClass][String] [com.astroplayer.actions.ActionContainer$ActionViewCoverArtGallery]
D/S4URC   (22773): [SDK] [java.lang.Class] [forName] [FindClass][String] [com.astroplayer.actions.ActionContainer$ActionVolumeDown]
D/S4URC   (22773): [SDK] [java.lang.Class] [forName] [FindClass][String] [com.astroplayer.actions.ActionContainer$ActionVolumeUp]
D/S4URC   (22773): [SDK] [java.io.File] [Constructor] [FilePath][String] [/storage/sdcard0/astroplayer/skins/Music White]
D/S4URC   (22773): [SDK] [java.io.File] [exists] [FilePath][String] [/storage/sdcard0/astroplayer/skins/Music White]
D/S4URC   (22773): [SDK] [java.io.File] [Constructor] [FilePath][String] [/storage/sdcard0/astroplayer/skins/Music]
D/S4URC   (22773): [SDK] [java.io.File] [exists] [FilePath][String] [/storage/sdcard0/astroplayer/skins/Music]
D/S4URC   (22773): [SDK] [java.io.File] [Constructor] [FilePath][String] [/storage/sdcard0/astroplayer/skins/Music/actionbuttons.properties]
