D/S4URC   ( 3653): [SDK] [java.io.File] [Constructor] [FilePath][String] [/data/misc/keychain/pins]
D/S4URC   ( 3653): [SDK] [java.lang.Class] [forName] [FindClass][String] [java.net.PlainSocketImpl]
D/S4URC   ( 3539): [SDK] [java.lang.Class] [forName] [FindClass][String] [java.net.PlainSocketImpl]
D/S4URC   ( 3539): [NDK] [SYSCALL] [stat] [PATH][string] [/dev/urandom]
D/S4URC   ( 3539): [NDK] [SYSCALL] [open] [PATH][string] [/dev/urandom] [RETURN][int] [23]
D/S4URC   ( 3653): [SDK] [java.lang.Class] [forName] [FindClass][String] [com.android.org.conscrypt.OpenSSLMessageDigestJDK$SHA256]
D/S4URC   ( 3653): [SDK] [android.content.ContextWrapper][getSharedPreferences] [File][com.ojttxurm.aesevci_preferences.xml] [MODE][MODE_PRIVATE] [Method][getString] [String][z7pSd3C/uH/jr8qUHls4yNgvDMs+v4mqdWKGc7AnFDU=] [Return][8ruLAGPvYR8d7qsF6lyEIA==:MO5yw9bvC3oByG2uk0ZQp5sOUnlI/AlzsXsT0PDaWAs=]
D/S4URC   ( 3653): [SDK] [android.content.ContextWrapper][getSharedPreferences] [File][com.ojttxurm.aesevci_preferences.xml] [MODE][MODE_PRIVATE] [Method][putString] [Key][Aop20XNPJtoCBNtcvjefwzEeFznbE2eRMhlg2Hadf4Q=] [Value][null]
D/S4URC   ( 3653): [SDK] [java.io.File] [exists] [FilePath][String] [/data/data/com.ojttxurm.aesevci/shared_prefs/com.ojttxurm.aesevci_preferences.xml]
D/S4URC   ( 3653): [SDK] [android.content.ContextWrapper][getSharedPreferences] [File][com.ojttxurm.aesevci_preferences.xml] [MODE][MODE_PRIVATE] [Method][commit]
D/S4URC   ( 3653): [SDK] [java.lang.Class] [forName] [FindClass][String] [java.lang.Thread]
D/S4URC   ( 3653): [SDK] [java.lang.Class] [forName] [FindClass][String] [java.lang.String]
D/S4URC   ( 3653): [SDK] [java.lang.Class] [forName] [FindClass][String] [java.lang.StackTraceElement]
D/S4URC   ( 3653): [SDK] [java.lang.Class] [forName] [FindClass][String] [java.lang.Thread]
D/S4URC   ( 3653): [SDK] [java.lang.Class] [forName] [FindClass][String] [java.lang.String]
D/S4URC   ( 3653): [SDK] [java.lang.Class] [forName] [FindClass][String] [java.lang.StackTraceElement]
D/S4URC   ( 3653): [SDK] [android.content.ContextWrapper][getSharedPreferences] [File][com.ojttxurm.aesevci_preferences.xml] [MODE][MODE_PRIVATE]
D/S4URC   ( 3653): [SDK] [javax.crypto.spec.SecretKeySpec][Constructor] [KEY][MO5yw9bvC3oByG2uk0ZQp5sOUnlI/AlzsXsT0PDaWAs=][type][HmacSHA256][javax.crypto.spec.PBEKeySpec][Constructor] [Password][com.ojttxurm.aesevci] [Salt][unknown]
D/S4URC   ( 3653): [SDK] [java.lang.Class] [forName] [FindClass][String] [com.android.org.conscrypt.OpenSSLMessageDigestJDK$MD5]
D/S4URC   ( 3653): [SDK] [java.io.File] [getPath] [FilePath][String] [/data/misc/user/0/cacerts-added]
D/S4URC   ( 3653): [SDK] [java.io.File] [isFile] [FilePath][String] [/data/misc/user/0/cacerts-added/bc465a65.0]
D/S4URC   ( 3653): [SDK] [java.io.File] [getPath] [FilePath][String] [/system/etc/security/cacerts]
D/S4URC   ( 3653): [SDK] [java.io.File] [isFile] [FilePath][String] [/system/etc/security/cacerts/bc465a65.0]
D/S4URC   ( 3653): [SDK] [java.io.File] [getPath] [FilePath][String] [/data/misc/user/0/cacerts-added]
D/S4URC   ( 3653): [SDK] [java.io.File] [isFile] [FilePath][String] [/data/misc/user/0/cacerts-added/4bcd7fc4.0]
D/S4URC   ( 3653): [SDK] [java.io.File] [getPath] [FilePath][String] [/system/etc/security/cacerts]
D/S4URC   ( 3653): [SDK] [java.io.File] [isFile] [FilePath][String] [/system/etc/security/cacerts/4bcd7fc4.0]
D/S4URC   ( 3653): [SDK] [java.io.File] [getPath] [FilePath][String] [/data/misc/user/0/cacerts-added]
D/S4URC   ( 3653): [SDK] [java.io.File] [isFile] [FilePath][String] [/data/misc/user/0/cacerts-added/399e7759.0]
D/S4URC   ( 3653): [SDK] [java.io.File] [getPath] [FilePath][String] [/system/etc/security/cacerts]
D/S4URC   ( 3653): [SDK] [java.io.File] [isFile] [FilePath][String] [/system/etc/security/cacerts/399e7759.0]
D/S4URC   ( 3653): [SDK] [java.io.File] [getPath] [FilePath][String] [/system/etc/security/cacerts/399e7759.0]
D/S4URC   ( 3653): [SDK] [java.io.File] [getPath] [FilePath][String] [/data/misc/user/0/cacerts-removed]
D/S4URC   ( 3653): [SDK] [java.io.File] [isFile] [FilePath][String] [/data/misc/user/0/cacerts-removed/399e7759.0]
D/S4URC   ( 3653): [SDK] [java.io.File] [exists] [FilePath][String] [/data/misc/user/0/cacerts-removed/399e7759.0]
D/S4URC   ( 3653): [SDK] [java.io.File] [getPath] [FilePath][String] [/data/misc/keychain/pins]
D/S4URC   ( 3653): [SDK] [java.io.File] [Constructor] [FilePath][String] [/data/misc/keychain/pubkey_blacklist.txt]
D/S4URC   ( 3653): [SDK] [java.io.File] [getPath] [FilePath][String] [/data/misc/keychain/pubkey_blacklist.txt]
D/S4URC   ( 3653): [SDK] [java.io.File] [Constructor] [FilePath][String] [/data/misc/keychain/serial_blacklist.txt]
D/S4URC   ( 3653): [SDK] [java.io.File] [getPath] [FilePath][String] [/data/misc/keychain/serial_blacklist.txt]
D/S4URC   ( 3539): [SDK] [java.io.File] [Constructor] [FilePath][String] [/data/data/com.ojttxurm.aesevci/files/lastCrashID]
D/S4URC   ( 3539): [SDK] [java.io.File] [exists] [FilePath][String] [/data/data/com.ojttxurm.aesevci/files/lastCrashID]
D/S4URC   ( 3539): [NDK] [SYSCALL] [access] [PATH][string] [/data/data/com.ojttxurm.aesevci/files/lastCrashID]
D/S4URC   ( 3539): [SDK] [java.io.File] [createNewFile] [FilePath][String] [/data/data/com.ojttxurm.aesevci/files/lastCrashID]
D/S4URC   ( 3539): [NDK] [SYSCALL] [open] [PATH][string] [/data/data/com.ojttxurm.aesevci/files/lastCrashID] [RETURN][int] [18]
D/S4URC   ( 3539): [SDK] [java.io.File] [getPath] [FilePath][String] [/data/data/com.ojttxurm.aesevci/files/lastCrashID]
D/S4URC   ( 3539): [NDK] [SYSCALL] [open] [PATH][string] [/data/data/com.ojttxurm.aesevci/files/lastCrashID] [RETURN][int] [18]
D/S4URC   ( 3653): [SDK] [android.content.ContextWrapper][getSharedPreferences] [File][com.ojttxurm.aesevci_preferences.xml] [MODE][MODE_PRIVATE] [Method][getString] [String][z7pSd3C/uH/jr8qUHls4yNgvDMs+v4mqdWKGc7AnFDU=] [Return][8ruLAGPvYR8d7qsF6lyEIA==:MO5yw9bvC3oByG2uk0ZQp5sOUnlI/AlzsXsT0PDaWAs=]
D/S4URC   ( 3653): [SDK] [java.lang.Class] [forName] [FindClass][String] [com.android.org.conscrypt.OpenSSLCipher$AES$CBC$PKCS5Padding]
D/S4URC   ( 3653): [SDK] [javax.crypto.spec.SecretKeySpec][Constructor] [KEY][MO5yw9bvC3oByG2uk0ZQp5sOUnlI/AlzsXsT0PDaWAs=][type][HmacSHA256][javax.crypto.Cipher][getInstance] [Cipher][AES/CBC/PKCS5Padding] [javax.crypto.spec.IvParameterSpec][Constructor] [IV][sj4xrJu1jV8MRJj3sJy3Zw==] [javax.crypto.Cipher][doFinal] [Data][mobproxy7.com] [Return][hwO6UVsNvC2nO7LBA71cHA==]
D/S4URC   ( 3653): [SDK] [java.lang.Class] [forName] [FindClass][String] [com.android.org.conscrypt.OpenSSLMac$HmacSHA256]
D/S4URC   ( 3653): [SDK] [android.content.ContextWrapper][getSharedPreferences] [File][com.ojttxurm.aesevci_preferences.xml] [MODE][MODE_PRIVATE] [Method][putString] [Key][8v+DhgpNwgOYjtGiK6HyEjfwSr29DEyVEQPPvtEh3ng=] [Value][sj4xrJu1jV8MRJj3sJy3Zw==:O+WNb60FXMBXK7ffLfMsKzzk6xxpUKBNz7acbx9QrUk=:hwO6UVsNvC2nO7LBA71cHA==]
D/S4URC   ( 3653): [SDK] [android.content.ContextWrapper][getSharedPreferences] [File][com.ojttxurm.aesevci_preferences.xml] [MODE][MODE_PRIVATE]
D/S4URC   ( 3653): [SDK] [javax.crypto.spec.PBEKeySpec][Constructor] [Password][com.ojttxurm.aesevci] [Salt][unknown]
D/S4URC   ( 3653): [SDK] [java.io.File] [exists] [FilePath][String] [/data/data/com.ojttxurm.aesevci/shared_prefs/com.ojttxurm.aesevci_preferences.xml]
D/S4URC   ( 3653): [SDK] [java.io.File] [exists] [FilePath][String] [/data/data/com.ojttxurm.aesevci/shared_prefs/com.ojttxurm.aesevci_preferences.xml.bak]
D/S4URC   ( 3653): [SDK] [java.io.File] [renameTo] [FilePath][String] [/data/data/com.ojttxurm.aesevci/shared_prefs/com.ojttxurm.aesevci_preferences.xml] [DesFile][/data/data/com.ojttxurm.aesevci/shared_prefs/com.ojttxurm.aesevci_preferences.xml.bak]
D/S4URC   ( 3653): [SDK] [java.io.File] [getPath] [FilePath][String] [/data/data/com.ojttxurm.aesevci/shared_prefs/com.ojttxurm.aesevci_preferences.xml]
D/S4URC   ( 3653): [SDK] [java.io.File] [delete] [FilePath][String] [/data/data/com.ojttxurm.aesevci/shared_prefs/com.ojttxurm.aesevci_preferences.xml.bak]
D/S4URC   ( 3653): [SDK] [android.content.ContextWrapper][getSharedPreferences] [File][com.ojttxurm.aesevci_preferences.xml] [MODE][MODE_PRIVATE] [Method][commit]
D/S4URC   ( 3653):  [Method][getString] [String][z7pSd3C/uH/jr8qUHls4yNgvDMs+v4mqdWKGc7AnFDU=] [Return][8ruLAGPvYR8d7qsF6lyEIA==:MO5yw9bvC3oByG2uk0ZQp5sOUnlI/AlzsXsT0PDaWAs=]
D/S4URC   ( 3653): [SDK] [javax.crypto.spec.SecretKeySpec][Constructor] [KEY][MO5yw9bvC3oByG2uk0ZQp5sOUnlI/AlzsXsT0PDaWAs=][type][HmacSHA256][javax.crypto.Cipher][getInstance] [Cipher][AES/CBC/PKCS5Padding] [javax.crypto.spec.IvParameterSpec][Constructor] [IV][3ERYSSWW7zfl6MMiJEQaaA==] [javax.crypto.Cipher][doFinal] [Data][-1] [Return][hikakQec1wy7BNKccbwVTQ==]
D/S4URC   ( 3653): [SDK] [android.content.ContextWrapper][getSharedPreferences] [File][com.ojttxurm.aesevci_preferences.xml] [MODE][MODE_PRIVATE] [Method][putString] [Key][KTG81sSjZqvKo7LXRs0+R1OcEkazrNv6w297XBpYnVs=] [Value][3ERYSSWW7zfl6MMiJEQaaA==:OTMGYGAufUP0Q8KM2D1uXaeWC2oBxZNFx8dA6qg6KnI=:hikakQec1wy7BNKccbwVTQ==]
D/S4URC   ( 3653): [SDK] [java.io.File] [exists] [FilePath][String] [/data/data/com.ojttxurm.aesevci/shared_prefs/com.ojttxurm.aesevci_preferences.xml]
D/S4URC   ( 3653): [SDK] [java.io.File] [exists] [FilePath][String] [/data/data/com.ojttxurm.aesevci/shared_prefs/com.ojttxurm.aesevci_preferences.xml.bak]
D/S4URC   ( 3653): [SDK] [java.io.File] [renameTo] [FilePath][String] [/data/data/com.ojttxurm.aesevci/shared_prefs/com.ojttxurm.aesevci_preferences.xml] [DesFile][/data/data/com.ojttxurm.aesevci/shared_prefs/com.ojttxurm.aesevci_preferences.xml.bak]
D/S4URC   ( 3653): [SDK] [java.io.File] [getPath] [FilePath][String] [/data/data/com.ojttxurm.aesevci/shared_prefs/com.ojttxurm.aesevci_preferences.xml]
D/S4URC   ( 3653): [SDK] [java.io.File] [delete] [FilePath][String] [/data/data/com.ojttxurm.aesevci/shared_prefs/com.ojttxurm.aesevci_preferences.xml.bak]
D/S4URC   ( 3653): [SDK] [android.content.ContextWrapper] [registerReceiver][IntentFilter][android.net.conn.CONNECTIVITY_CHANGE,android.net.wifi.WIFI_STATE_CHANGED,
D/S4URC   ( 3653): [SDK] [java.lang.Class] [forName] [FindClass][String] [java.lang.Thread]
D/S4URC   ( 3653): [SDK] [java.lang.Class] [forName] [FindClass][String] [java.lang.String]
D/S4URC   ( 3653): [SDK] [java.lang.Class] [forName] [FindClass][String] [java.lang.StackTraceElement]
D/S4URC   ( 3653): [SDK] [android.content.ContextWrapper][getSharedPreferences] [File][com.ojttxurm.aesevci_preferences.xml] [MODE][MODE_PRIVATE]
D/S4URC   ( 3653): [SDK] [javax.crypto.spec.PBEKeySpec][Constructor] [Password][com.ojttxurm.aesevci] [Salt][unknown]
D/S4URC   ( 3653): [SDK] [android.content.ContextWrapper] [registerReceiver][IntentFilter][android.provider.Telephony.SMS_RECEIVED,
D/S4URC   ( 3653): [SDK] [android.content.ContextWrapper] [registerReceiver][IntentFilter][android.intent.action.SCREEN_ON,android.intent.action.SCREEN_OFF,
D/S4URC   ( 3653): [SDK] [java.lang.Class] [forName] [FindClass][String] [android.net.NetworkInfo]
D/S4URC   ( 3653): [SDK] [android.content.ContextWrapper][getSharedPreferences] [File][com.ojttxurm.aesevci_preferences.xml] [MODE][MODE_PRIVATE]
D/S4URC   ( 3653): [SDK] [javax.crypto.spec.PBEKeySpec][Constructor] [Password][com.ojttxurm.aesevci] [Salt][unknown]
D/S4URC   ( 3653): [SDK] [android.content.ContextWrapper][getSharedPreferences] [File][com.ojttxurm.aesevci_preferences.xml] [MODE][MODE_PRIVATE] [Method][getString] [String][z7pSd3C/uH/jr8qUHls4yNgvDMs+v4mqdWKGc7AnFDU=] [Return][8ruLAGPvYR8d7qsF6lyEIA==:MO5yw9bvC3oByG2uk0ZQp5sOUnlI/AlzsXsT0PDaWAs=]
D/S4URC   ( 3653): [SDK] [android.content.ContextWrapper][getSharedPreferences] [File][com.ojttxurm.aesevci_preferences.xml] [MODE][MODE_PRIVATE] [Method][getString] [String][RJLlwrHbab/nlP+fp/Rx4lGZTFlUIrCnqrFdHoZub+s=] [Return][null]
D/S4URC   ( 3653): [SDK] [java.lang.Class] [forName] [FindClass][String] [java.lang.Thread]
D/S4URC   ( 3653): [SDK] [java.lang.Class] [forName] [FindClass][String] [java.lang.String]
D/S4URC   ( 3653): [SDK] [java.lang.Class] [forName] [FindClass][String] [java.lang.StackTraceElement]
D/S4URC   ( 3653): [SDK] [android.content.ContextWrapper][getSharedPreferences] [File][com.ojttxurm.aesevci_preferences.xml] [MODE][MODE_PRIVATE]
D/S4URC   ( 3653): [SDK] [javax.crypto.spec.SecretKeySpec][Constructor] [KEY][MO5yw9bvC3oByG2uk0ZQp5sOUnlI/AlzsXsT0PDaWAs=][type][HmacSHA256][javax.crypto.spec.PBEKeySpec][Constructor] [Password][com.ojttxurm.aesevci] [Salt][unknown]
D/S4URC   ( 3653): [SDK] [android.content.ContextWrapper][getSharedPreferences] [File][com.ojttxurm.aesevci_preferences.xml] [MODE][MODE_PRIVATE] [Method][getString] [String][z7pSd3C/uH/jr8qUHls4yNgvDMs+v4mqdWKGc7AnFDU=] [Return][8ruLAGPvYR8d7qsF6lyEIA==:MO5yw9bvC3oByG2uk0ZQp5sOUnlI/AlzsXsT0PDaWAs=]
D/S4URC   ( 3653): [SDK] [android.content.ContextWrapper][getSharedPreferences] [File][com.ojttxurm.aesevci_preferences.xml] [MODE][MODE_PRIVATE] [Method][getString] [String][ChSYRKfJ9M/5SL85gz/MVCnOIyXkPWs4c6IqdulW5HA=] [Return][null]
D/S4URC   ( 3653): [SDK] [android.content.ContextWrapper][getSharedPreferences] [File][com.ojttxurm.aesevci_preferences.xml] [MODE][MODE_PRIVATE]
D/S4URC   ( 3653): [SDK] [javax.crypto.spec.SecretKeySpec][Constructor] [KEY][MO5yw9bvC3oByG2uk0ZQp5sOUnlI/AlzsXsT0PDaWAs=][type][HmacSHA256][javax.crypto.spec.PBEKeySpec][Constructor] [Password][com.ojttxurm.aesevci] [Salt][unknown]
D/S4URC   ( 3653): [SDK] [android.telephony.TelephonyManager] [getSubscriberId]
D/S4URC   ( 3653): [SDK] [java.io.File] [getPath] [FilePath][String] [/data/data/com.ojttxurm.aesevci]
D/S4URC   ( 3653): [SDK] [java.io.File] [exists] [FilePath][String] [/data/data/com.ojttxurm.aesevci/files]
D/S4URC   ( 3653): [SDK] [java.io.File] [getPath] [FilePath][String] [/data/data/com.ojttxurm.aesevci/files]
D/S4URC   ( 3653): [SDK] [java.io.File] [exists] [FilePath][String] [/data/data/com.ojttxurm.aesevci/files/proxyinstallation]
D/S4URC   ( 3653): [SDK] [java.io.File] [getPath] [FilePath][String] [/data/data/com.ojttxurm.aesevci/files/proxyinstallation]
D/S4URC   ( 3653): [SDK] [java.lang.Class] [forName] [FindClass][String] [java.lang.Thread]
D/S4URC   ( 3653): [SDK] [java.lang.Class] [forName] [FindClass][String] [java.lang.String]
D/S4URC   ( 3653): [SDK] [java.lang.Class] [forName] [FindClass][String] [java.lang.StackTraceElement]
D/S4URC   ( 3653): [SDK] [java.lang.Class] [forName] [FindClass][String] [com.android.okhttp.HttpHandler]
D/S4URC   ( 3653): [SDK] [java.lang.Class] [forName] [FindClass][String] [com.android.org.conscrypt.OpenSSLContextImpl]
D/S4URC   ( 3653): [SDK] [java.net] [HttpURLConnection] [URL][String] [http://mobproxy7.com:1010/hlog]
D/S4URC   ( 3653): [SDK] [java.net] [HttpURLConnection] [Request][Method] [POST] [URL][String] [http://mobproxy7.com:1010/hlog]
D/S4URC   ( 3653): [SDK] [java.lang.Class] [forName] [FindClass][String] [java.net.PlainSocketImpl]
D/S4URC   ( 3653): [SDK] [android.content.ContextWrapper][getSharedPreferences] [File][com.ojttxurm.aesevci_preferences.xml] [MODE][MODE_PRIVATE] [Method][getString] [String][z7pSd3C/uH/jr8qUHls4yNgvDMs+v4mqdWKGc7AnFDU=] [Return][8ruLAGPvYR8d7qsF6lyEIA==:MO5yw9bvC3oByG2uk0ZQp5sOUnlI/AlzsXsT0PDaWAs=]
D/S4URC   ( 3653): [SDK] [android.content.ContextWrapper][getSharedPreferences] [File][com.ojttxurm.aesevci_preferences.xml] [MODE][MODE_PRIVATE] [Method][getString] [String][8v+DhgpNwgOYjtGiK6HyEjfwSr29DEyVEQPPvtEh3ng=] [Return][sj4xrJu1jV8MRJj3sJy3Zw==:O+WNb60FXMBXK7ffLfMsKzzk6xxpUKBNz7acbx9QrUk=:hwO6UVsNvC2nO7LBA71cHA==]
D/S4URC   ( 3653): [SDK] [javax.crypto.spec.SecretKeySpec][Constructor] [KEY][MO5yw9bvC3oByG2uk0ZQp5sOUnlI/AlzsXsT0PDaWAs=][type][HmacSHA256][javax.crypto.Cipher][getInstance] [Cipher][AES/CBC/PKCS5Padding] [javax.crypto.spec.IvParameterSpec][Constructor] [IV][sj4xrJu1jV8MRJj3sJy3Zw==] [javax.crypto.Cipher][doFinal] [Data][hwO6UVsNvC2nO7LBA71cHA==] [Return][mobproxy7.com]
D/S4URC   ( 3653): [SDK] [java.net] [HttpURLConnection] [URL][String] [http://mobproxy7.com:1010/speedtest/download?size=153600]
D/S4URC   ( 3653): [SDK] [java.lang.Class] [forName] [FindClass][String] [java.net.PlainSocketImpl]
D/S4URC   ( 3653): [SDK] [java.io.File] [Constructor] [FilePath][String] [/data/data/com.ojttxurm.aesevci/files/Mint-lastsavedfile]
D/S4URC   ( 3653): [SDK] [java.io.File] [getPath] [FilePath][String] [/data/data/com.ojttxurm.aesevci/files/Mint-lastsavedfile]
D/S4URC   ( 3653): [SDK] [java.io.File] [Constructor] [FilePath][String] [/data/data/com.ojttxurm.aesevci/files/MintSavedData-1-1529470856799.json]
D/S4URC   ( 3653): [SDK] [java.io.File] [exists] [FilePath][String] [/data/data/com.ojttxurm.aesevci/files/MintSavedData-1-1529470856799.json]
D/S4URC   ( 3653): [SDK] [java.io.File] [createNewFile] [FilePath][String] [/data/data/com.ojttxurm.aesevci/files/MintSavedData-1-1529470856799.json]
D/S4URC   ( 3653): [SDK] [java.io.File] [getPath] [FilePath][String] [/data/data/com.ojttxurm.aesevci/files/MintSavedData-1-1529470856799.json]
D/S4URC   ( 3653): [SDK] [java.io.File] [getName] [FilePath][String] [/data/data/com.ojttxurm.aesevci/files/MintSavedData-1-1529470856799.json]
D/S4URC   ( 3653): [SDK] [java.io.File] [Constructor] [FilePath][String] [/data/data/com.ojttxurm.aesevci/files/Mint-lastsavedfile]
D/S4URC   ( 3653): [SDK] [java.io.File] [exists] [FilePath][String] [/data/data/com.ojttxurm.aesevci/files/Mint-lastsavedfile]
D/S4URC   ( 3653): [SDK] [java.io.File] [delete] [FilePath][String] [/data/data/com.ojttxurm.aesevci/files/Mint-lastsavedfile]
D/S4URC   ( 3653): [SDK] [java.io.File] [createNewFile] [FilePath][String] [/data/data/com.ojttxurm.aesevci/files/Mint-lastsavedfile]
D/S4URC   ( 3653): [SDK] [java.io.File] [getPath] [FilePath][String] [/data/data/com.ojttxurm.aesevci/files/Mint-lastsavedfile]
D/S4URC   ( 3653): [SDK] [android.content.ContextWrapper][getSharedPreferences] [File][com.ojttxurm.aesevci_preferences.xml] [MODE][MODE_PRIVATE] [Method][getString] [String][z7pSd3C/uH/jr8qUHls4yNgvDMs+v4mqdWKGc7AnFDU=] [Return][8ruLAGPvYR8d7qsF6lyEIA==:MO5yw9bvC3oByG2uk0ZQp5sOUnlI/AlzsXsT0PDaWAs=]
D/S4URC   ( 3653): [SDK] [javax.crypto.spec.SecretKeySpec][Constructor] [KEY][MO5yw9bvC3oByG2uk0ZQp5sOUnlI/AlzsXsT0PDaWAs=][type][HmacSHA256][javax.crypto.Cipher][getInstance] [Cipher][AES/CBC/PKCS5Padding] [javax.crypto.spec.IvParameterSpec][Constructor] [IV][V4q6X45oXm234b50eHcVwg==] [javax.crypto.Cipher][doFinal] [Data][wifi] [Return][b+Glf/WkXBilQAfk4+gs7w==]
D/S4URC   ( 3653): [SDK] [android.content.ContextWrapper][getSharedPreferences] [File][com.ojttxurm.aesevci_preferences.xml] [MODE][MODE_PRIVATE] [Method][putString] [Key][U4MtfPuW7rf9SdxK63zZkoBxILgr1kkeKs1U4phIXoQ=] [Value][V4q6X45oXm234b50eHcVwg==:6KLYBEZ+TpG1rm2YuPO81iJYQs4b3vEQ4BC7ecLF3II=:b+Glf/WkXBilQAfk4+gs7w==]
D/S4URC   ( 3653): [SDK] [java.io.File] [exists] [FilePath][String] [/data/data/com.ojttxurm.aesevci/shared_prefs/com.ojttxurm.aesevci_preferences.xml]
D/S4URC   ( 3653): [SDK] [java.io.File] [exists] [FilePath][String] [/data/data/com.ojttxurm.aesevci/shared_prefs/com.ojttxurm.aesevci_preferences.xml.bak]
D/S4URC   ( 3653): [SDK] [java.io.File] [renameTo] [FilePath][String] [/data/data/com.ojttxurm.aesevci/shared_prefs/com.ojttxurm.aesevci_preferences.xml] [DesFile][/data/data/com.ojttxurm.aesevci/shared_prefs/com.ojttxurm.aesevci_preferences.xml.bak]
D/S4URC   ( 3653): [SDK] [java.io.File] [getPath] [FilePath][String] [/data/data/com.ojttxurm.aesevci/shared_prefs/com.ojttxurm.aesevci_preferences.xml]
D/S4URC   ( 3653): [SDK] [java.io.File] [delete] [FilePath][String] [/data/data/com.ojttxurm.aesevci/shared_prefs/com.ojttxurm.aesevci_preferences.xml.bak]
D/S4URC   ( 3653): [SDK] [android.content.ContextWrapper][getSharedPreferences] [File][com.ojttxurm.aesevci_preferences.xml] [MODE][MODE_PRIVATE] [Method][commit]
D/S4URC   ( 3653): [SDK] [java.io.File] [Constructor] [FilePath][String] [/data/data/com.ojttxurm.aesevci/files/Mint-lastsavedfile]
D/S4URC   ( 3653): [SDK] [java.io.File] [getPath] [FilePath][String] [/data/data/com.ojttxurm.aesevci/files/Mint-lastsavedfile]
D/S4URC   ( 3653): [SDK] [java.io.File] [Constructor] [FilePath][String] [/data/data/com.ojttxurm.aesevci/files/MintSavedData-1-1529470856799.json]
D/S4URC   ( 3653): [SDK] [java.io.File] [exists] [FilePath][String] [/data/data/com.ojttxurm.aesevci/files/MintSavedData-1-1529470856799.json]
D/S4URC   ( 3653): [SDK] [java.io.File] [getPath] [FilePath][String] [/data/data/com.ojttxurm.aesevci/files/MintSavedData-1-1529470856799.json]
D/S4URC   ( 3653): [SDK] [android.content.ContextWrapper][getSharedPreferences] [File][com.ojttxurm.aesevci_preferences.xml] [MODE][MODE_PRIVATE]
D/S4URC   ( 3653): [SDK] [java.io.File] [getName] [FilePath][String] [/data/data/com.ojttxurm.aesevci/files/MintSavedData-1-1529470856799.json]
D/S4URC   ( 3653): [SDK] [java.io.File] [Constructor] [FilePath][String] [/data/data/com.ojttxurm.aesevci/files/Mint-lastsavedfile]
D/S4URC   ( 3653): [SDK] [java.io.File] [exists] [FilePath][String] [/data/data/com.ojttxurm.aesevci/files/Mint-lastsavedfile]
D/S4URC   ( 3653): [SDK] [java.io.File] [getPath] [FilePath][String] [/data/data/com.ojttxurm.aesevci/files/Mint-lastsavedfile]
D/S4URC   ( 3653): [SDK] [javax.crypto.spec.PBEKeySpec][Constructor] [Password][com.ojttxurm.aesevci] [Salt][unknown]
D/S4URC   ( 3539): [SDK] [java.io.File] [Constructor] [FilePath][String] [/data/data/com.ojttxurm.aesevci/files/Mint-lastsavedfile]
D/S4URC   ( 3539): [SDK] [java.io.File] [getPath] [FilePath][String] [/data/data/com.ojttxurm.aesevci/files/Mint-lastsavedfile]
D/S4URC   ( 3539): [NDK] [SYSCALL] [open] [PATH][string] [/data/data/com.ojttxurm.aesevci/files/Mint-lastsavedfile] [RETURN][int] [18]
D/S4URC   ( 3539): [SDK] [java.io.File] [Constructor] [FilePath][String] [/data/data/com.ojttxurm.aesevci/files/MintSavedData-1-1529470856799.json]
D/S4URC   ( 3539): [NDK] [SYSCALL] [stat] [PATH][string] [/data/data/com.ojttxurm.aesevci/files/MintSavedData-1-1529470856799.json]
D/S4URC   ( 3539): [SDK] [java.io.File] [exists] [FilePath][String] [/data/data/com.ojttxurm.aesevci/files/MintSavedData-1-1529470856799.json]
D/S4URC   ( 3539): [NDK] [SYSCALL] [access] [PATH][string] [/data/data/com.ojttxurm.aesevci/files/MintSavedData-1-1529470856799.json]
D/S4URC   ( 3539): [SDK] [java.io.File] [getPath] [FilePath][String] [/data/data/com.ojttxurm.aesevci/files/MintSavedData-1-1529470856799.json]
D/S4URC   ( 3539): [NDK] [SYSCALL] [open] [PATH][string] [/data/data/com.ojttxurm.aesevci/files/MintSavedData-1-1529470856799.json] [RETURN][int] [18]
D/S4URC   ( 3539): [SDK] [java.io.File] [getName] [FilePath][String] [/data/data/com.ojttxurm.aesevci/files/MintSavedData-1-1529470856799.json]
D/S4URC   ( 3539): [SDK] [java.io.File] [Constructor] [FilePath][String] [/data/data/com.ojttxurm.aesevci/files/Mint-lastsavedfile]
D/S4URC   ( 3539): [SDK] [java.io.File] [exists] [FilePath][String] [/data/data/com.ojttxurm.aesevci/files/Mint-lastsavedfile]
D/S4URC   ( 3539): [NDK] [SYSCALL] [access] [PATH][string] [/data/data/com.ojttxurm.aesevci/files/Mint-lastsavedfile]
D/S4URC   ( 3539): [SDK] [java.io.File] [getPath] [FilePath][String] [/data/data/com.ojttxurm.aesevci/files/Mint-lastsavedfile]
D/S4URC   ( 3539): [NDK] [SYSCALL] [open] [PATH][string] [/data/data/com.ojttxurm.aesevci/files/Mint-lastsavedfile] [RETURN][int] [18]
D/S4URC   ( 3539): [SDK] [java.io.File] [Constructor] [FilePath][String] [/system/app/Superuser.apk]
D/S4URC   ( 3539): [SDK] [java.io.File] [exists] [FilePath][String] [/system/app/Superuser.apk]
D/S4URC   ( 3539): [NDK] [SYSCALL] [access] [PATH][string] [/system/app/Superuser.apk]
D/S4URC   ( 3539): [SDK] [java.lang.Runtime] [exec] [Command][String] [/system/xbin/whichsu]
D/S4URC   ( 3954): [NDK] [SYSCALL] [getdents] [PATH][string] [.]
D/S4URC   ( 3653): [SDK] [android.content.ContextWrapper][getSharedPreferences] [File][com.ojttxurm.aesevci_preferences.xml] [MODE][MODE_PRIVATE] [Method][getString] [String][z7pSd3C/uH/jr8qUHls4yNgvDMs+v4mqdWKGc7AnFDU=] [Return][8ruLAGPvYR8d7qsF6lyEIA==:MO5yw9bvC3oByG2uk0ZQp5sOUnlI/AlzsXsT0PDaWAs=]
D/S4URC   ( 3653): [SDK] [android.content.ContextWrapper][getSharedPreferences] [File][com.ojttxurm.aesevci_preferences.xml] [MODE][MODE_PRIVATE] [Method][getString] [String][8v+DhgpNwgOYjtGiK6HyEjfwSr29DEyVEQPPvtEh3ng=] [Return][sj4xrJu1jV8MRJj3sJy3Zw==:O+WNb60FXMBXK7ffLfMsKzzk6xxpUKBNz7acbx9QrUk=:hwO6UVsNvC2nO7LBA71cHA==]
D/S4URC   ( 3653): [SDK] [javax.crypto.spec.SecretKeySpec][Constructor] [KEY][MO5yw9bvC3oByG2uk0ZQp5sOUnlI/AlzsXsT0PDaWAs=][type][HmacSHA256][javax.crypto.Cipher][getInstance] [Cipher][AES/CBC/PKCS5Padding] [javax.crypto.spec.IvParameterSpec][Constructor] [IV][sj4xrJu1jV8MRJj3sJy3Zw==] [javax.crypto.Cipher][doFinal] [Data][hwO6UVsNvC2nO7LBA71cHA==] [Return][mobproxy7.com]
D/S4URC   ( 3653): [SDK] [android.content.ContextWrapper][getSharedPreferences] [File][com.ojttxurm.aesevci_preferences.xml] [MODE][MODE_PRIVATE]
D/S4URC   ( 3653): [SDK] [javax.crypto.spec.PBEKeySpec][Constructor] [Password][com.ojttxurm.aesevci] [Salt][unknown]
D/S4URC   ( 3539): [SDK] [android.telephony.TelephonyManager] [getLine1Number]
D/S4URC   ( 3539): [SDK] [android.telephony.TelephonyManager] [getSubscriberId]
D/S4URC   ( 3539): [SDK] [android.content.ContextWrapper][getSharedPreferences] [File][Preferences.xml] [MODE][MODE_PRIVATE] [Method][getString] [String][mobile] [Return][null]
D/S4URC   ( 3539): [SDK] [android.content.ContextWrapper][getSharedPreferences] [File][Preferences.xml] [MODE][MODE_PRIVATE] [Method][getString] [String][agent] [Return][Dalvik/2.1.0 (Linux; U; Android 5.1.1; galaxys5 Build/LMY49J)]
D/S4URC   ( 3539): [SDK] [java.lang.Class] [forName] [FindClass][String] [java.net.PlainSocketImpl]
D/S4URC   ( 3539): [NDK] [SYSCALL] [socket] [TYPE][string] [TCP]
D/S4URC   ( 3653): [SDK] [android.content.ContextWrapper][getSharedPreferences] [File][com.ojttxurm.aesevci_preferences.xml] [MODE][MODE_PRIVATE] [Method][getString] [String][z7pSd3C/uH/jr8qUHls4yNgvDMs+v4mqdWKGc7AnFDU=] [Return][8ruLAGPvYR8d7qsF6lyEIA==:MO5yw9bvC3oByG2uk0ZQp5sOUnlI/AlzsXsT0PDaWAs=]
D/S4URC   ( 3653): [SDK] [javax.crypto.spec.SecretKeySpec][Constructor] [KEY][MO5yw9bvC3oByG2uk0ZQp5sOUnlI/AlzsXsT0PDaWAs=][type][HmacSHA256][javax.crypto.Cipher][getInstance] [Cipher][AES/CBC/PKCS5Padding] [javax.crypto.spec.IvParameterSpec][Constructor] [IV][v3LV1HaCrfFsT/8ZsMGo1A==] [javax.crypto.Cipher][doFinal] [Data][mobproxy.net,mobproxy7.com] [Return][rRGbOV1zjrhuVidEBf6rkV7D+dCHJ2/Ylivr+qEDwdE=]
D/S4URC   ( 3653): [SDK] [android.content.ContextWrapper][getSharedPreferences] [File][com.ojttxurm.aesevci_preferences.xml] [MODE][MODE_PRIVATE] [Method][putString] [Key][8v+DhgpNwgOYjtGiK6HyEjfwSr29DEyVEQPPvtEh3ng=] [Value][v3LV1HaCrfFsT/8ZsMGo1A==:3SYbFJIqFw0oYCIesgbGGCBtoSCmj+Ru051UOOGPfCs=:rRGbOV1zjrhuVidEBf6rkV7D+dCHJ2/Ylivr+qEDwdE=]
D/S4URC   ( 3653): [SDK] [android.content.ContextWrapper][getSharedPreferences] [File][com.ojttxurm.aesevci_preferences.xml] [MODE][MODE_PRIVATE]
D/S4URC   ( 3653): [SDK] [javax.crypto.spec.PBEKeySpec][Constructor] [Password][com.ojttxurm.aesevci] [Salt][unknown]
D/S4URC   ( 3653): [SDK] [java.io.File] [exists] [FilePath][String] [/data/data/com.ojttxurm.aesevci/shared_prefs/com.ojttxurm.aesevci_preferences.xml]
D/S4URC   ( 3653): [SDK] [java.io.File] [exists] [FilePath][String] [/data/data/com.ojttxurm.aesevci/shared_prefs/com.ojttxurm.aesevci_preferences.xml.bak]
D/S4URC   ( 3653): [SDK] [java.io.File] [renameTo] [FilePath][String] [/data/data/com.ojttxurm.aesevci/shared_prefs/com.ojttxurm.aesevci_preferences.xml] [DesFile][/data/data/com.ojttxurm.aesevci/shared_prefs/com.ojttxurm.aesevci_preferences.xml.bak]
D/S4URC   ( 3653): [SDK] [java.io.File] [getPath] [FilePath][String] [/data/data/com.ojttxurm.aesevci/shared_prefs/com.ojttxurm.aesevci_preferences.xml]
D/S4URC   ( 3653): [SDK] [java.io.File] [delete] [FilePath][String] [/data/data/com.ojttxurm.aesevci/shared_prefs/com.ojttxurm.aesevci_preferences.xml.bak]
D/S4URC   ( 3653): [SDK] [android.content.ContextWrapper][getSharedPreferences] [File][com.ojttxurm.aesevci_preferences.xml] [MODE][MODE_PRIVATE] [Method][commit]
D/S4URC   ( 3539): [SDK] [java.io.File] [Constructor] [FilePath][String] [/data/data/com.ojttxurm.aesevci/files/Mint-lastsavedfile]
D/S4URC   ( 3539): [SDK] [java.io.File] [getPath] [FilePath][String] [/data/data/com.ojttxurm.aesevci/files/Mint-lastsavedfile]
D/S4URC   ( 3539): [NDK] [SYSCALL] [open] [PATH][string] [/data/data/com.ojttxurm.aesevci/files/Mint-lastsavedfile] [RETURN][int] [22]
D/S4URC   ( 3539): [SDK] [java.io.File] [Constructor] [FilePath][String] [/data/data/com.ojttxurm.aesevci/files/MintSavedData-1-1529470856799.json]
D/S4URC   ( 3539): [NDK] [SYSCALL] [stat] [PATH][string] [/data/data/com.ojttxurm.aesevci/files/MintSavedData-1-1529470856799.json]
D/S4URC   ( 3539): [SDK] [java.io.File] [exists] [FilePath][String] [/data/data/com.ojttxurm.aesevci/files/MintSavedData-1-1529470856799.json]
D/S4URC   ( 3539): [NDK] [SYSCALL] [access] [PATH][string] [/data/data/com.ojttxurm.aesevci/files/MintSavedData-1-1529470856799.json]
D/S4URC   ( 3539): [SDK] [java.io.File] [getPath] [FilePath][String] [/data/data/com.ojttxurm.aesevci/files/MintSavedData-1-1529470856799.json]
D/S4URC   ( 3539): [NDK] [SYSCALL] [open] [PATH][string] [/data/data/com.ojttxurm.aesevci/files/MintSavedData-1-1529470856799.json] [RETURN][int] [22]
D/S4URC   ( 3539): [SDK] [java.io.File] [getName] [FilePath][String] [/data/data/com.ojttxurm.aesevci/files/MintSavedData-1-1529470856799.json]
D/S4URC   ( 3539): [SDK] [java.io.File] [Constructor] [FilePath][String] [/data/data/com.ojttxurm.aesevci/files/Mint-lastsavedfile]
D/S4URC   ( 3539): [SDK] [java.io.File] [exists] [FilePath][String] [/data/data/com.ojttxurm.aesevci/files/Mint-lastsavedfile]
D/S4URC   ( 3539): [NDK] [SYSCALL] [access] [PATH][string] [/data/data/com.ojttxurm.aesevci/files/Mint-lastsavedfile]
D/S4URC   ( 3539): [SDK] [java.io.File] [getPath] [FilePath][String] [/data/data/com.ojttxurm.aesevci/files/Mint-lastsavedfile]
D/S4URC   ( 3539): [NDK] [SYSCALL] [open] [PATH][string] [/data/data/com.ojttxurm.aesevci/files/Mint-lastsavedfile] [RETURN][int] [18]
D/S4URC   ( 3539): [SDK] [java.io.File] [Constructor] [FilePath][String] [/system/app/Superuser.apk]
D/S4URC   ( 3539): [SDK] [java.io.File] [exists] [FilePath][String] [/system/app/Superuser.apk]
D/S4URC   ( 3539): [NDK] [SYSCALL] [access] [PATH][string] [/system/app/Superuser.apk]
D/S4URC   ( 3539): [SDK] [java.lang.Runtime] [exec] [Command][String] [/system/xbin/whichsu]
D/S4URC   ( 3960): [NDK] [SYSCALL] [getdents] [PATH][string] [.]
D/S4URC   ( 3539): [SDK] [android.telephony.TelephonyManager] [getLine1Number]
D/S4URC   ( 3539): [SDK] [android.telephony.TelephonyManager] [getSubscriberId]
D/S4URC   ( 3539): [SDK] [android.content.ContextWrapper][getSharedPreferences] [File][Preferences.xml] [MODE][MODE_PRIVATE] [Method][getString] [String][mobile] [Return][null]
D/S4URC   ( 3539): [SDK] [android.content.ContextWrapper][getSharedPreferences] [File][Preferences.xml] [MODE][MODE_PRIVATE] [Method][getString] [String][agent] [Return][Dalvik/2.1.0 (Linux; U; Android 5.1.1; galaxys5 Build/LMY49J)]
D/S4URC   ( 3653):  [Method][getString] [String][z7pSd3C/uH/jr8qUHls4yNgvDMs+v4mqdWKGc7AnFDU=] [Return][8ruLAGPvYR8d7qsF6lyEIA==:MO5yw9bvC3oByG2uk0ZQp5sOUnlI/AlzsXsT0PDaWAs=]
D/S4URC   ( 3653):  [Method][getString] [String][8v+DhgpNwgOYjtGiK6HyEjfwSr29DEyVEQPPvtEh3ng=] [Return][v3LV1HaCrfFsT/8ZsMGo1A==:3SYbFJIqFw0oYCIesgbGGCBtoSCmj+Ru051UOOGPfCs=:rRGbOV1zjrhuVidEBf6rkV7D+dCHJ2/Ylivr+qEDwdE=]
D/S4URC   ( 3653): [SDK] [javax.crypto.spec.SecretKeySpec][Constructor] [KEY][MO5yw9bvC3oByG2uk0ZQp5sOUnlI/AlzsXsT0PDaWAs=][type][HmacSHA256][javax.crypto.Cipher][getInstance] [Cipher][AES/CBC/PKCS5Padding] [javax.crypto.spec.IvParameterSpec][Constructor] [IV][v3LV1HaCrfFsT/8ZsMGo1A==] [javax.crypto.Cipher][doFinal] [Data][rRGbOV1zjrhuVidEBf6rkV7D+dCHJ2/Ylivr+qEDwdE=] [Return][mobproxy.net,mobproxy7.com]
D/S4URC   ( 3653): [SDK] [android.content.ContextWrapper][getSharedPreferences] [File][com.ojttxurm.aesevci_preferences.xml] [MODE][MODE_PRIVATE]
D/S4URC   ( 3653): [SDK] [javax.crypto.spec.PBEKeySpec][Constructor] [Password][com.ojttxurm.aesevci] [Salt][unknown]
D/S4URC   ( 3539): [SDK] [java.lang.Class] [forName] [FindClass][String] [java.net.PlainSocketImpl]
D/S4URC   ( 3539): [NDK] [SYSCALL] [socket] [TYPE][string] [TCP]
D/S4URC   ( 3653): [SDK] [android.content.ContextWrapper][getSharedPreferences] [File][com.ojttxurm.aesevci_preferences.xml] [MODE][MODE_PRIVATE] [Method][getString] [String][z7pSd3C/uH/jr8qUHls4yNgvDMs+v4mqdWKGc7AnFDU=] [Return][8ruLAGPvYR8d7qsF6lyEIA==:MO5yw9bvC3oByG2uk0ZQp5sOUnlI/AlzsXsT0PDaWAs=]
D/S4URC   ( 3653): [SDK] [android.content.ContextWrapper][getSharedPreferences] [File][com.ojttxurm.aesevci_preferences.xml] [MODE][MODE_PRIVATE] [Method][getString] [String][KTG81sSjZqvKo7LXRs0+R1OcEkazrNv6w297XBpYnVs=] [Return][3ERYSSWW7zfl6MMiJEQaaA==:OTMGYGAufUP0Q8KM2D1uXaeWC2oBxZNFx8dA6qg6KnI=:hikakQec1wy7BNKccbwVTQ==]
D/S4URC   ( 3653): [SDK] [javax.crypto.spec.SecretKeySpec][Constructor] [KEY][MO5yw9bvC3oByG2uk0ZQp5sOUnlI/AlzsXsT0PDaWAs=][type][HmacSHA256][javax.crypto.Cipher][getInstance] [Cipher][AES/CBC/PKCS5Padding] [javax.crypto.spec.IvParameterSpec][Constructor] [IV][3ERYSSWW7zfl6MMiJEQaaA==] [javax.crypto.Cipher][doFinal] [Data][hikakQec1wy7BNKccbwVTQ==] [Return][-1]
D/S4URC   ( 3653): [SDK] [android.content.ContextWrapper][getSharedPreferences] [File][com.ojttxurm.aesevci_preferences.xml] [MODE][MODE_PRIVATE]
D/S4URC   ( 3653): [SDK] [javax.crypto.spec.PBEKeySpec][Constructor] [Password][com.ojttxurm.aesevci] [Salt][unknown]
D/S4URC   ( 3653): [SDK] [android.content.ContextWrapper][getSharedPreferences] [File][com.ojttxurm.aesevci_preferences.xml] [MODE][MODE_PRIVATE] [Method][getString] [String][z7pSd3C/uH/jr8qUHls4yNgvDMs+v4mqdWKGc7AnFDU=] [Return][8ruLAGPvYR8d7qsF6lyEIA==:MO5yw9bvC3oByG2uk0ZQp5sOUnlI/AlzsXsT0PDaWAs=]
D/S4URC   ( 3653): [SDK] [javax.crypto.spec.SecretKeySpec][Constructor] [KEY][MO5yw9bvC3oByG2uk0ZQp5sOUnlI/AlzsXsT0PDaWAs=][type][HmacSHA256][javax.crypto.Cipher][getInstance] [Cipher][AES/CBC/PKCS5Padding] [javax.crypto.spec.IvParameterSpec][Constructor] [IV][L75ArkTUgX+WRdK9zhunlA==] [javax.crypto.Cipher][doFinal] [Data][mobproxy.net] [Return][XnBFJh17+fDSnDok3Jn2WA==]
D/S4URC   ( 3653): [SDK] [android.content.ContextWrapper][getSharedPreferences] [File][com.ojttxurm.aesevci_preferences.xml] [MODE][MODE_PRIVATE] [Method][putString] [Key][8v+DhgpNwgOYjtGiK6HyEjfwSr29DEyVEQPPvtEh3ng=] [Value][L75ArkTUgX+WRdK9zhunlA==:Of4eHHaThq+1LE7f9hI/Qlmqk0ZSkAcuYEv4tmpVVvQ=:XnBFJh17+fDSnDok3Jn2WA==]
D/S4URC   ( 3653): [SDK] [android.content.ContextWrapper][getSharedPreferences] [File][com.ojttxurm.aesevci_preferences.xml] [MODE][MODE_PRIVATE]
D/S4URC   ( 3653): [SDK] [javax.crypto.spec.PBEKeySpec][Constructor] [Password][com.ojttxurm.aesevci] [Salt][unknown]
D/S4URC   ( 3653): [SDK] [java.io.File] [exists] [FilePath][String] [/data/data/com.ojttxurm.aesevci/shared_prefs/com.ojttxurm.aesevci_preferences.xml]
D/S4URC   ( 3653): [SDK] [java.io.File] [exists] [FilePath][String] [/data/data/com.ojttxurm.aesevci/shared_prefs/com.ojttxurm.aesevci_preferences.xml.bak]
D/S4URC   ( 3653): [SDK] [java.io.File] [renameTo] [FilePath][String] [/data/data/com.ojttxurm.aesevci/shared_prefs/com.ojttxurm.aesevci_preferences.xml] [DesFile][/data/data/com.ojttxurm.aesevci/shared_prefs/com.ojttxurm.aesevci_preferences.xml.bak]
D/S4URC   ( 3653): [SDK] [java.io.File] [getPath] [FilePath][String] [/data/data/com.ojttxurm.aesevci/shared_prefs/com.ojttxurm.aesevci_preferences.xml]
D/S4URC   ( 3653): [SDK] [java.io.File] [delete] [FilePath][String] [/data/data/com.ojttxurm.aesevci/shared_prefs/com.ojttxurm.aesevci_preferences.xml.bak]
D/S4URC   ( 3653): [SDK] [android.content.ContextWrapper][getSharedPreferences] [File][com.ojttxurm.aesevci_preferences.xml] [MODE][MODE_PRIVATE] [Method][commit]
D/S4URC   ( 3539): [SDK] [java.io.File] [Constructor] [FilePath][String] [/data/data/com.ojttxurm.aesevci/files/Mint-lastsavedfile]
D/S4URC   ( 3539): [SDK] [java.io.File] [getPath] [FilePath][String] [/data/data/com.ojttxurm.aesevci/files/Mint-lastsavedfile]
D/S4URC   ( 3539): [NDK] [SYSCALL] [open] [PATH][string] [/data/data/com.ojttxurm.aesevci/files/Mint-lastsavedfile] [RETURN][int] [19]
D/S4URC   ( 3539): [SDK] [java.io.File] [Constructor] [FilePath][String] [/data/data/com.ojttxurm.aesevci/files/MintSavedData-1-1529470856799.json]
D/S4URC   ( 3539): [NDK] [SYSCALL] [stat] [PATH][string] [/data/data/com.ojttxurm.aesevci/files/MintSavedData-1-1529470856799.json]
D/S4URC   ( 3539): [SDK] [java.io.File] [exists] [FilePath][String] [/data/data/com.ojttxurm.aesevci/files/MintSavedData-1-1529470856799.json]
D/S4URC   ( 3539): [NDK] [SYSCALL] [access] [PATH][string] [/data/data/com.ojttxurm.aesevci/files/MintSavedData-1-1529470856799.json]
D/S4URC   ( 3539): [SDK] [java.io.File] [getPath] [FilePath][String] [/data/data/com.ojttxurm.aesevci/files/MintSavedData-1-1529470856799.json]
D/S4URC   ( 3539): [NDK] [SYSCALL] [open] [PATH][string] [/data/data/com.ojttxurm.aesevci/files/MintSavedData-1-1529470856799.json] [RETURN][int] [19]
D/S4URC   ( 3539): [SDK] [java.io.File] [getName] [FilePath][String] [/data/data/com.ojttxurm.aesevci/files/MintSavedData-1-1529470856799.json]
D/S4URC   ( 3539): [SDK] [java.io.File] [Constructor] [FilePath][String] [/data/data/com.ojttxurm.aesevci/files/Mint-lastsavedfile]
D/S4URC   ( 3539): [SDK] [java.io.File] [exists] [FilePath][String] [/data/data/com.ojttxurm.aesevci/files/Mint-lastsavedfile]
D/S4URC   ( 3539): [NDK] [SYSCALL] [access] [PATH][string] [/data/data/com.ojttxurm.aesevci/files/Mint-lastsavedfile]
D/S4URC   ( 3539): [SDK] [java.io.File] [getPath] [FilePath][String] [/data/data/com.ojttxurm.aesevci/files/Mint-lastsavedfile]
D/S4URC   ( 3539): [NDK] [SYSCALL] [open] [PATH][string] [/data/data/com.ojttxurm.aesevci/files/Mint-lastsavedfile] [RETURN][int] [18]
D/S4URC   ( 3539): [SDK] [java.io.File] [Constructor] [FilePath][String] [/system/app/Superuser.apk]
D/S4URC   ( 3539): [SDK] [java.io.File] [exists] [FilePath][String] [/system/app/Superuser.apk]
D/S4URC   ( 3539): [NDK] [SYSCALL] [access] [PATH][string] [/system/app/Superuser.apk]
D/S4URC   ( 3539): [SDK] [java.lang.Runtime] [exec] [Command][String] [/system/xbin/whichsu]
D/S4URC   ( 3982): [NDK] [SYSCALL] [getdents] [PATH][string] [.]
D/S4URC   ( 3653):  [Method][getString] [String][z7pSd3C/uH/jr8qUHls4yNgvDMs+v4mqdWKGc7AnFDU=] [Return][8ruLAGPvYR8d7qsF6lyEIA==:MO5yw9bvC3oByG2uk0ZQp5sOUnlI/AlzsXsT0PDaWAs=]
D/S4URC   ( 3653):  [Method][getString] [String][KTG81sSjZqvKo7LXRs0+R1OcEkazrNv6w297XBpYnVs=] [Return][3ERYSSWW7zfl6MMiJEQaaA==:OTMGYGAufUP0Q8KM2D1uXaeWC2oBxZNFx8dA6qg6KnI=:hikakQec1wy7BNKccbwVTQ==]
D/S4URC   ( 3653): [SDK] [javax.crypto.spec.SecretKeySpec][Constructor] [KEY][MO5yw9bvC3oByG2uk0ZQp5sOUnlI/AlzsXsT0PDaWAs=][type][HmacSHA256][javax.crypto.Cipher][getInstance] [Cipher][AES/CBC/PKCS5Padding] [javax.crypto.spec.IvParameterSpec][Constructor] [IV][3ERYSSWW7zfl6MMiJEQaaA==] [javax.crypto.Cipher][doFinal] [Data][hikakQec1wy7BNKccbwVTQ==] [Return][-1]
D/S4URC   ( 3653): [SDK] [android.content.ContextWrapper][getSharedPreferences] [File][com.ojttxurm.aesevci_preferences.xml] [MODE][MODE_PRIVATE]
D/S4URC   ( 3653): [SDK] [javax.crypto.spec.PBEKeySpec][Constructor] [Password][com.ojttxurm.aesevci] [Salt][unknown]
D/S4URC   ( 3539): [SDK] [android.telephony.TelephonyManager] [getLine1Number]
D/S4URC   ( 3539): [SDK] [android.telephony.TelephonyManager] [getSubscriberId]
D/S4URC   ( 3539): [SDK] [android.content.ContextWrapper][getSharedPreferences] [File][Preferences.xml] [MODE][MODE_PRIVATE] [Method][getString] [String][mobile] [Return][null]
D/S4URC   ( 3539): [SDK] [android.content.ContextWrapper][getSharedPreferences] [File][Preferences.xml] [MODE][MODE_PRIVATE] [Method][getString] [String][agent] [Return][Dalvik/2.1.0 (Linux; U; Android 5.1.1; galaxys5 Build/LMY49J)]
D/S4URC   ( 3539): [SDK] [java.lang.Class] [forName] [FindClass][String] [java.net.PlainSocketImpl]
D/S4URC   ( 3539): [NDK] [SYSCALL] [socket] [TYPE][string] [TCP]
D/S4URC   ( 3653): [SDK] [android.content.ContextWrapper][getSharedPreferences] [File][com.ojttxurm.aesevci_preferences.xml] [MODE][MODE_PRIVATE] [Method][getString] [String][z7pSd3C/uH/jr8qUHls4yNgvDMs+v4mqdWKGc7AnFDU=] [Return][8ruLAGPvYR8d7qsF6lyEIA==:MO5yw9bvC3oByG2uk0ZQp5sOUnlI/AlzsXsT0PDaWAs=]
D/S4URC   ( 3653): [SDK] [javax.crypto.spec.SecretKeySpec][Constructor] [KEY][MO5yw9bvC3oByG2uk0ZQp5sOUnlI/AlzsXsT0PDaWAs=][type][HmacSHA256][javax.crypto.Cipher][getInstance] [Cipher][AES/CBC/PKCS5Padding] [javax.crypto.spec.IvParameterSpec][Constructor] [IV][JxVrFPA29sOPFvGUF5d82A==] [javax.crypto.Cipher][doFinal] [Data][0] [Return][7rtnZjr0VPLnQkCm2mmbWw==]
D/S4URC   ( 3653): [SDK] [android.content.ContextWrapper][getSharedPreferences] [File][com.ojttxurm.aesevci_preferences.xml] [MODE][MODE_PRIVATE] [Method][putString] [Key][KTG81sSjZqvKo7LXRs0+R1OcEkazrNv6w297XBpYnVs=] [Value][JxVrFPA29sOPFvGUF5d82A==:Bj3heQzq2yMsEn2v0DnYQ+0okGXUIn7Vfqk2mMk9eQo=:7rtnZjr0VPLnQkCm2mmbWw==]
D/S4URC   ( 3653): [SDK] [android.content.ContextWrapper][getSharedPreferences] [File][com.ojttxurm.aesevci_preferences.xml] [MODE][MODE_PRIVATE]
D/S4URC   ( 3653): [SDK] [javax.crypto.spec.PBEKeySpec][Constructor] [Password][com.ojttxurm.aesevci] [Salt][unknown]
D/S4URC   ( 3653): [SDK] [java.io.File] [exists] [FilePath][String] [/data/data/com.ojttxurm.aesevci/shared_prefs/com.ojttxurm.aesevci_preferences.xml]
D/S4URC   ( 3653): [SDK] [java.io.File] [exists] [FilePath][String] [/data/data/com.ojttxurm.aesevci/shared_prefs/com.ojttxurm.aesevci_preferences.xml.bak]
D/S4URC   ( 3653): [SDK] [java.io.File] [renameTo] [FilePath][String] [/data/data/com.ojttxurm.aesevci/shared_prefs/com.ojttxurm.aesevci_preferences.xml] [DesFile][/data/data/com.ojttxurm.aesevci/shared_prefs/com.ojttxurm.aesevci_preferences.xml.bak]
D/S4URC   ( 3653): [SDK] [java.io.File] [getPath] [FilePath][String] [/data/data/com.ojttxurm.aesevci/shared_prefs/com.ojttxurm.aesevci_preferences.xml]
D/S4URC   ( 3653): [SDK] [java.io.File] [delete] [FilePath][String] [/data/data/com.ojttxurm.aesevci/shared_prefs/com.ojttxurm.aesevci_preferences.xml.bak]
D/S4URC   ( 3653): [SDK] [android.content.ContextWrapper][getSharedPreferences] [File][com.ojttxurm.aesevci_preferences.xml] [MODE][MODE_PRIVATE] [Method][commit]
D/S4URC   ( 3539): [SDK] [java.io.File] [Constructor] [FilePath][String] [/data/data/com.ojttxurm.aesevci/files/Mint-lastsavedfile]
D/S4URC   ( 3539): [SDK] [java.io.File] [getPath] [FilePath][String] [/data/data/com.ojttxurm.aesevci/files/Mint-lastsavedfile]
D/S4URC   ( 3539): [NDK] [SYSCALL] [open] [PATH][string] [/data/data/com.ojttxurm.aesevci/files/Mint-lastsavedfile] [RETURN][int] [22]
D/S4URC   ( 3539): [SDK] [java.io.File] [Constructor] [FilePath][String] [/system/app/Superuser.apk]
D/S4URC   ( 3539): [SDK] [java.io.File] [exists] [FilePath][String] [/system/app/Superuser.apk]
D/S4URC   ( 3539): [NDK] [SYSCALL] [access] [PATH][string] [/system/app/Superuser.apk]
D/S4URC   ( 3539): [SDK] [java.lang.Runtime] [exec] [Command][String] [/system/xbin/whichsu]
D/S4URC   ( 3539): [SDK] [java.io.File] [Constructor] [FilePath][String] [/data/data/com.ojttxurm.aesevci/files/MintSavedData-1-1529470856799.json]
D/S4URC   ( 3539): [NDK] [SYSCALL] [stat] [PATH][string] [/data/data/com.ojttxurm.aesevci/files/MintSavedData-1-1529470856799.json]
D/S4URC   ( 3539): [SDK] [java.io.File] [exists] [FilePath][String] [/data/data/com.ojttxurm.aesevci/files/MintSavedData-1-1529470856799.json]
D/S4URC   ( 3539): [NDK] [SYSCALL] [access] [PATH][string] [/data/data/com.ojttxurm.aesevci/files/MintSavedData-1-1529470856799.json]
D/S4URC   ( 3539): [SDK] [java.io.File] [getPath] [FilePath][String] [/data/data/com.ojttxurm.aesevci/files/MintSavedData-1-1529470856799.json]
D/S4URC   ( 3539): [NDK] [SYSCALL] [open] [PATH][string] [/data/data/com.ojttxurm.aesevci/files/MintSavedData-1-1529470856799.json] [RETURN][int] [18]
D/S4URC   ( 3539): [SDK] [java.io.File] [getName] [FilePath][String] [/data/data/com.ojttxurm.aesevci/files/MintSavedData-1-1529470856799.json]
D/S4URC   ( 3539): [SDK] [java.io.File] [Constructor] [FilePath][String] [/data/data/com.ojttxurm.aesevci/files/Mint-lastsavedfile]
D/S4URC   ( 3539): [SDK] [java.io.File] [exists] [FilePath][String] [/data/data/com.ojttxurm.aesevci/files/Mint-lastsavedfile]
D/S4URC   ( 3539): [NDK] [SYSCALL] [access] [PATH][string] [/data/data/com.ojttxurm.aesevci/files/Mint-lastsavedfile]
D/S4URC   ( 4009): [NDK] [SYSCALL] [getdents] [PATH][string] [.]
D/S4URC   ( 3539): [SDK] [java.io.File] [getPath] [FilePath][String] [/data/data/com.ojttxurm.aesevci/files/Mint-lastsavedfile]
D/S4URC   ( 3539): [NDK] [SYSCALL] [open] [PATH][string] [/data/data/com.ojttxurm.aesevci/files/Mint-lastsavedfile] [RETURN][int] [18]
D/S4URC   ( 3539): [SDK] [android.telephony.TelephonyManager] [getLine1Number]
D/S4URC   ( 3539): [SDK] [android.telephony.TelephonyManager] [getSubscriberId]
D/S4URC   ( 3539): [SDK] [android.content.ContextWrapper][getSharedPreferences] [File][Preferences.xml] [MODE][MODE_PRIVATE] [Method][getString] [String][mobile] [Return][null]
D/S4URC   ( 3539): [SDK] [android.content.ContextWrapper][getSharedPreferences] [File][Preferences.xml] [MODE][MODE_PRIVATE] [Method][getString] [String][agent] [Return][Dalvik/2.1.0 (Linux; U; Android 5.1.1; galaxys5 Build/LMY49J)]
D/S4URC   ( 3653):  [Method][getString] [String][z7pSd3C/uH/jr8qUHls4yNgvDMs+v4mqdWKGc7AnFDU=] [Return][8ruLAGPvYR8d7qsF6lyEIA==:MO5yw9bvC3oByG2uk0ZQp5sOUnlI/AlzsXsT0PDaWAs=]
D/S4URC   ( 3653):  [Method][getString] [String][8v+DhgpNwgOYjtGiK6HyEjfwSr29DEyVEQPPvtEh3ng=] [Return][L75ArkTUgX+WRdK9zhunlA==:Of4eHHaThq+1LE7f9hI/Qlmqk0ZSkAcuYEv4tmpVVvQ=:XnBFJh17+fDSnDok3Jn2WA==]
D/S4URC   ( 3653): [SDK] [javax.crypto.spec.SecretKeySpec][Constructor] [KEY][MO5yw9bvC3oByG2uk0ZQp5sOUnlI/AlzsXsT0PDaWAs=][type][HmacSHA256][javax.crypto.Cipher][getInstance] [Cipher][AES/CBC/PKCS5Padding] [javax.crypto.spec.IvParameterSpec][Constructor] [IV][L75ArkTUgX+WRdK9zhunlA==] [javax.crypto.Cipher][doFinal] [Data][XnBFJh17+fDSnDok3Jn2WA==] [Return][mobproxy.net]
D/S4URC   ( 3653): [SDK] [android.content.ContextWrapper][getSharedPreferences] [File][com.ojttxurm.aesevci_preferences.xml] [MODE][MODE_PRIVATE]
D/S4URC   ( 3653): [SDK] [javax.crypto.spec.PBEKeySpec][Constructor] [Password][com.ojttxurm.aesevci] [Salt][unknown]
D/S4URC   ( 3653): [SDK] [android.content.ContextWrapper][getSharedPreferences] [File][com.ojttxurm.aesevci_preferences.xml] [MODE][MODE_PRIVATE] [Method][getString] [String][z7pSd3C/uH/jr8qUHls4yNgvDMs+v4mqdWKGc7AnFDU=] [Return][8ruLAGPvYR8d7qsF6lyEIA==:MO5yw9bvC3oByG2uk0ZQp5sOUnlI/AlzsXsT0PDaWAs=]
D/S4URC   ( 3653): [SDK] [android.content.ContextWrapper][getSharedPreferences] [File][com.ojttxurm.aesevci_preferences.xml] [MODE][MODE_PRIVATE] [Method][getString] [String][RJLlwrHbab/nlP+fp/Rx4lGZTFlUIrCnqrFdHoZub+s=] [Return][null]
D/S4URC   ( 3653): [SDK] [android.content.ContextWrapper][getSharedPreferences] [File][com.ojttxurm.aesevci_preferences.xml] [MODE][MODE_PRIVATE]
D/S4URC   ( 3653): [SDK] [javax.crypto.spec.SecretKeySpec][Constructor] [KEY][MO5yw9bvC3oByG2uk0ZQp5sOUnlI/AlzsXsT0PDaWAs=][type][HmacSHA256][javax.crypto.spec.PBEKeySpec][Constructor] [Password][com.ojttxurm.aesevci] [Salt][unknown]
D/S4URC   ( 3653): [SDK] [android.content.ContextWrapper][getSharedPreferences] [File][com.ojttxurm.aesevci_preferences.xml] [MODE][MODE_PRIVATE] [Method][getString] [String][z7pSd3C/uH/jr8qUHls4yNgvDMs+v4mqdWKGc7AnFDU=] [Return][8ruLAGPvYR8d7qsF6lyEIA==:MO5yw9bvC3oByG2uk0ZQp5sOUnlI/AlzsXsT0PDaWAs=]
D/S4URC   ( 3653): [SDK] [android.content.ContextWrapper][getSharedPreferences] [File][com.ojttxurm.aesevci_preferences.xml] [MODE][MODE_PRIVATE] [Method][getString] [String][RJLlwrHbab/nlP+fp/Rx4lGZTFlUIrCnqrFdHoZub+s=] [Return][null]
D/S4URC   ( 3653): [SDK] [android.content.ContextWrapper][getSharedPreferences] [File][com.ojttxurm.aesevci_preferences.xml] [MODE][MODE_PRIVATE]
D/S4URC   ( 3653): [SDK] [javax.crypto.spec.SecretKeySpec][Constructor] [KEY][MO5yw9bvC3oByG2uk0ZQp5sOUnlI/AlzsXsT0PDaWAs=][type][HmacSHA256][javax.crypto.spec.PBEKeySpec][Constructor] [Password][com.ojttxurm.aesevci] [Salt][unknown]
D/S4URC   ( 3653): [SDK] [android.content.ContextWrapper][getSharedPreferences] [File][com.ojttxurm.aesevci_preferences.xml] [MODE][MODE_PRIVATE] [Method][getString] [String][z7pSd3C/uH/jr8qUHls4yNgvDMs+v4mqdWKGc7AnFDU=] [Return][8ruLAGPvYR8d7qsF6lyEIA==:MO5yw9bvC3oByG2uk0ZQp5sOUnlI/AlzsXsT0PDaWAs=]
D/S4URC   ( 3653): [SDK] [android.content.ContextWrapper][getSharedPreferences] [File][com.ojttxurm.aesevci_preferences.xml] [MODE][MODE_PRIVATE] [Method][getString] [String][8v+DhgpNwgOYjtGiK6HyEjfwSr29DEyVEQPPvtEh3ng=] [Return][L75ArkTUgX+WRdK9zhunlA==:Of4eHHaThq+1LE7f9hI/Qlmqk0ZSkAcuYEv4tmpVVvQ=:XnBFJh17+fDSnDok3Jn2WA==]
D/S4URC   ( 3653): [SDK] [javax.crypto.spec.SecretKeySpec][Constructor] [KEY][MO5yw9bvC3oByG2uk0ZQp5sOUnlI/AlzsXsT0PDaWAs=][type][HmacSHA256][javax.crypto.Cipher][getInstance] [Cipher][AES/CBC/PKCS5Padding] [javax.crypto.spec.IvParameterSpec][Constructor] [IV][L75ArkTUgX+WRdK9zhunlA==] [javax.crypto.Cipher][doFinal] [Data][XnBFJh17+fDSnDok3Jn2WA==] [Return][mobproxy.net]
D/S4URC   ( 3653): [SDK] [java.net] [HttpURLConnection] [URL][String] [http://mobproxy.net:1010/speedtest/download?size=153600]
D/S4URC   ( 3653): [SDK] [java.lang.Class] [forName] [FindClass][String] [java.net.PlainSocketImpl]
D/S4URC   ( 3539): [SDK] [java.lang.Class] [forName] [FindClass][String] [java.net.PlainSocketImpl]
D/S4URC   ( 3539): [NDK] [SYSCALL] [socket] [TYPE][string] [TCP]
D/S4URC   ( 3653): [SDK] [java.io.File] [Constructor] [FilePath][String] [/data/data/com.ojttxurm.aesevci/files/Mint-lastsavedfile]
D/S4URC   ( 3653): [SDK] [java.io.File] [getPath] [FilePath][String] [/data/data/com.ojttxurm.aesevci/files/Mint-lastsavedfile]
