D/S4URC   ( 3011): [SDK] [java.lang.Class] [forName] [FindClass][String] [java.net.HttpURLConnection]
D/S4URC   ( 3011): [SDK] [java.lang.Class] [forName] [FindClass][String] [com.android.okhttp.internal.http.HttpURLConnectionImpl]
D/S4URC   ( 3011): [SDK] [java.lang.Class] [forName] [FindClass][String] [java.net.Socket]
D/S4URC   ( 3011): [SDK] [java.lang.Class] [forName] [FindClass][String] [android.telephony.TelephonyManager]
D/S4URC   ( 3011): [SDK] [java.lang.Class] [forName] [FindClass][String] [android.os.Debug]
D/S4URC   ( 3011): [SDK] [java.lang.Class] [forName] [FindClass][String] [android.hardware.SensorManager]
D/S4URC   ( 3011): [SDK] [java.lang.Class] [forName] [FindClass][String] [android.content.res.ResourcesKey]
D/S4URC   ( 3011): [SDK] [java.lang.Class] [forName] [FindClass][String] [android.app.ResourcesManager]
D/S4URC   ( 3011): [SDK] [java.io.File] [Constructor] [FilePath][String] [/data/app/com.heychinaski.alarmed-1/base.apk]
D/S4URC   ( 3011): [SDK] [java.io.File] [getPath] [FilePath][String] [/data/data/com.heychinaski.alarmed]
D/S4URC   ( 3011): [SDK] [java.io.File] [exists] [FilePath][String] [/data/data/com.heychinaski.alarmed/cache]
D/S4URC   ( 3011): [SDK] [java.io.File] [mkdirs] [FilePath][String] [/data/data/com.heychinaski.alarmed/cache]
D/S4URC   ( 3011): [SDK] [java.io.File] [getPath] [FilePath][String] [/data/data/com.heychinaski.alarmed/cache]
D/S4URC   ( 3011): [SDK] [java.lang.Runtime] [loadLibrary] [SoPath][String] [Rwpsmx]
D/S4URC   ( 3011): [SDK] [java.io.File] [getPath] [FilePath][String] [/data/app/com.heychinaski.alarmed-1/lib/arm]
D/S4URC   ( 3011): [SDK] [java.io.File] [getPath] [FilePath][String] [/data/app/com.heychinaski.alarmed-1/lib/arm/libRwpsmx.so]
D/S4URC   ( 3011): [SDK] [java.io.File] [getPath] [FilePath][String] [/data/data/com.heychinaski.alarmed]
D/S4URC   ( 3011): [SDK] [java.io.File] [exists] [FilePath][String] [/data/data/com.heychinaski.alarmed/files]
D/S4URC   ( 3011): [SDK] [java.io.File] [mkdirs] [FilePath][String] [/data/data/com.heychinaski.alarmed/files]
D/S4URC   ( 3011): [SDK] [java.io.File] [getPath] [FilePath][String] [/data/data/com.heychinaski.alarmed/files]
D/S4URC   ( 3011): [SDK] [java.io.File] [getParent] [FilePath][String] [/data/data/com.heychinaski.alarmed/files]
D/S4URC   ( 3011): [SDK] [java.io.File] [Constructor] [FilePath][String] [/data/data/com.qihoo.antivirus]
D/S4URC   ( 3011): [SDK] [java.io.File] [exists] [FilePath][String] [/data/data/com.qihoo.antivirus]
D/S4URC   ( 3011): [SDK] [java.io.File] [Constructor] [FilePath][String] [/data/data/com.qihoo.androidsandbox]
D/S4URC   ( 3011): [SDK] [java.io.File] [exists] [FilePath][String] [/data/data/com.qihoo.androidsandbox]
D/S4URC   ( 3011): [SDK] [dalvik.system.DexClassLoader] [Constructor] [DexPath][String] [/data/data/com.heychinaski.alarmed/files/232e3b190f1a2022201366890472.jar] [NDKPath][String] [/syetm/lib:/vendor/lib:/data/app/com.heychinaski.alarmed-1/lib/arm]
D/S4URC   ( 3011): [SDK] [java.io.File] [Constructor] [FilePath][String] [/data/data/com.heychinaski.alarmed]
D/S4URC   ( 3011): [SDK] [dalvik.system.BaseDexClassLoader] [Constructor] [DexPath][String] [/data/data/com.heychinaski.alarmed/files/232e3b190f1a2022201366890472.jar] [NDKPath][String] [/syetm/lib:/vendor/lib:/data/app/com.heychinaski.alarmed-1/lib/arm]
D/S4URC   ( 3011): [SDK] [java.io.File] [exists] [FilePath][String] [/data/data/com.heychinaski.alarmed]
D/S4URC   ( 3011): [SDK] [java.io.File] [canRead] [FilePath][String] [/data/data/com.heychinaski.alarmed]
D/S4URC   ( 3011): [SDK] [java.io.File] [canWrite] [FilePath][String] [/data/data/com.heychinaski.alarmed]
D/S4URC   ( 3011): [SDK] [java.io.File] [Constructor] [FilePath][String] [/data/data/com.heychinaski.alarmed/files/232e3b190f1a2022201366890472.jar]
D/S4URC   ( 3011): [SDK] [java.io.File] [getName] [FilePath][String] [/data/data/com.heychinaski.alarmed/files/232e3b190f1a2022201366890472.jar]
D/S4URC   ( 3011): [SDK] [java.io.File] [isDirectory] [FilePath][String] [/data/data/com.heychinaski.alarmed/files/232e3b190f1a2022201366890472.jar]
D/S4URC   ( 3011): [SDK] [java.io.File] [isFile] [FilePath][String] [/data/data/com.heychinaski.alarmed/files/232e3b190f1a2022201366890472.jar]
D/S4URC   ( 3011): [SDK] [java.io.File] [getName] [FilePath][String] [/data/data/com.heychinaski.alarmed/files/232e3b190f1a2022201366890472.jar]
D/S4URC   ( 3011): [SDK] [java.io.File] [getPath] [FilePath][String] [/data/data/com.heychinaski.alarmed]
D/S4URC   ( 3011): [SDK] [java.io.File] [getPath] [FilePath][String] [/data/data/com.heychinaski.alarmed/232e3b190f1a2022201366890472.dex]
D/S4URC   ( 3011): [SDK] [java.io.File] [getPath] [FilePath][String] [/data/data/com.heychinaski.alarmed/files/232e3b190f1a2022201366890472.jar]
D/S4URC   ( 3011): [SDK] [java.io.File] [Constructor] [FilePath][String] [/data/data/com.heychinaski.alarmed/232e3b190f1a2022201366890472.dex]
D/S4URC   ( 3011): [SDK] [java.io.File] [getParent] [FilePath][String] [/data/data/com.heychinaski.alarmed/232e3b190f1a2022201366890472.dex]
D/S4URC   ( 3011): [SDK] [dalvik.system.DexFile] [openDexFile] [DexPath][String] [/data/data/com.heychinaski.alarmed/files/232e3b190f1a2022201366890472.jar]
D/S4URC   ( 3011): [SDK] [java.io.File] [Constructor] [FilePath][String] [/data/data/com.heychinaski.alarmed/files/232e3b190f1a2022201366890472.jar]
D/S4URC   ( 3011): [SDK] [java.io.File] [Constructor] [FilePath][String] [/data/data/com.heychinaski.alarmed/232e3b190f1a2022201366890472.dex]
D/S4URC   ( 3011): [SDK] [java.io.File] [Constructor] [FilePath][String] [/vendor/lib]
D/S4URC   ( 3011): [SDK] [java.io.File] [Constructor] [FilePath][String] [/data/app/com.heychinaski.alarmed-1/lib/arm]
D/S4URC   ( 3011): [SDK] [java.io.File] [Constructor] [FilePath][String] [/vendor/lib]
D/S4URC   ( 3011): [SDK] [java.io.File] [Constructor] [FilePath][String] [/system/lib]
D/S4URC   ( 3011): [SDK] [android.app.ApplicationPackageManager] [getApplicationInfo] [FindApplicationName][String] [com.heychinaski.alarmed]
D/S4URC   ( 3011): [SDK] [java.io.File] [getPath] [FilePath][String] [/storage/sdcard0]
D/S4URC   ( 3011): [SDK] [android.os.Environment] [getExternalStorageDirectory] [DirectoryPath][String] [/storage/sdcard0]
D/S4URC   ( 3011): [SDK] [java.io.File] [Constructor] [FilePath][String] [/storage/sdcard0/debug/U1Mo5Y2zbt.properties]
D/S4URC   ( 3011): [SDK] [java.io.File] [exists] [FilePath][String] [/storage/sdcard0/debug/U1Mo5Y2zbt.properties]
D/S4URC   ( 3011): [SDK] [android.app.ActivityManager] [getRunningAppProcesses]
D/S4URC   ( 3011): [SDK] [java.io.File] [getPath] [FilePath][String] [/data/data/com.heychinaski.alarmed]
D/S4URC   ( 3011): [SDK] [java.io.File] [getPath] [FilePath][String] [/data/data/com.heychinaski.alarmed/shared_prefs]
D/S4URC   ( 3011): [SDK] [java.io.File] [getPath] [FilePath][String] [/data/data/com.heychinaski.alarmed/shared_prefs/appStatus.xml]
D/S4URC   ( 3011): [SDK] [java.io.File] [Constructor] [FilePath][String] [/data/data/com.heychinaski.alarmed/shared_prefs/appStatus.xml.bak]
D/S4URC   ( 3011): [SDK] [java.io.File] [exists] [FilePath][String] [/data/data/com.heychinaski.alarmed/shared_prefs/appStatus.xml]
D/S4URC   ( 3011): [SDK] [java.io.File] [exists] [FilePath][String] [/data/data/com.heychinaski.alarmed/shared_prefs/appStatus.xml.bak]
D/S4URC   ( 3011): [SDK] [java.io.File] [exists] [FilePath][String] [/data/data/com.heychinaski.alarmed/shared_prefs/appStatus.xml]
D/S4URC   ( 3011): [SDK] [java.io.File] [getPath] [FilePath][String] [/data/data/com.heychinaski.alarmed/shared_prefs/appStatus.xml]
D/S4URC   ( 3011):  [Method][putBoolean] [Key][showdialog] [Value][false]
D/S4URC   ( 3011): [SDK] [java.io.File] [exists] [FilePath][String] [/data/data/com.heychinaski.alarmed/shared_prefs/appStatus.xml]
D/S4URC   ( 3011): [SDK] [java.io.File] [getPath] [FilePath][String] [/data/data/com.heychinaski.alarmed/shared_prefs/appStatus.xml]
D/S4URC   ( 3011): [SDK] [java.io.File] [getParent] [FilePath][String] [/data/data/com.heychinaski.alarmed/shared_prefs/appStatus.xml]
D/S4URC   ( 3011): [SDK] [java.io.File] [Constructor] [FilePath][String] [/data/data/com.heychinaski.alarmed/shared_prefs]
D/S4URC   ( 3011): [SDK] [java.io.File] [mkdir] [FilePath][String] [/data/data/com.heychinaski.alarmed/shared_prefs]
D/S4URC   ( 3011): [SDK] [java.io.File] [getPath] [FilePath][String] [/data/data/com.heychinaski.alarmed/shared_prefs]
D/S4URC   ( 3011): [SDK] [java.io.File] [getPath] [FilePath][String] [/data/data/com.heychinaski.alarmed/shared_prefs/appStatus.xml]
D/S4URC   ( 3011): [SDK] [java.io.File] [delete] [FilePath][String] [/data/data/com.heychinaski.alarmed/shared_prefs/appStatus.xml.bak]
D/S4URC   ( 3011): [SDK] [java.lang.Class] [forName] [FindClass][String] [android.app.ActivityThread]
D/S4URC   ( 3011): [SDK] [java.io.File] [getPath] [FilePath][String] [/data/data/com.heychinaski.alarmed]
D/S4URC   ( 3011): [SDK] [java.io.File] [getPath] [FilePath][String] [/data/data/com.heychinaski.alarmed/databases]
D/S4URC   ( 3011): [SDK] [java.io.File] [isDirectory] [FilePath][String] [/data/data/com.heychinaski.alarmed/databases]
D/S4URC   ( 3011): [SDK] [java.io.File] [mkdir] [FilePath][String] [/data/data/com.heychinaski.alarmed/databases]
D/S4URC   ( 3011): [SDK] [java.io.File] [getPath] [FilePath][String] [/data/data/com.heychinaski.alarmed/databases]
D/S4URC   ( 3011): [SDK] [java.io.File] [getPath] [FilePath][String] [/data/data/com.heychinaski.alarmed/databases/DATA_DB]
D/S4URC   ( 3011): [SDK] [android.database.sqlite.SQLiteDatabase] [execSQL] [ExecInfo][String] [CREATE TABLE IF NOT EXISTS prom_data_cfg_table (_id INTEGER PRIMARY KEY AUTOINCREMENT, prom_cfg_key text, prom_cfg_value text)]
D/S4URC   ( 3011): [SDK] [android.database.sqlite.SQLiteDatabase] [execSQL] [ExecInfo][String] [PRAGMA user_version = 1]
D/S4URC   ( 3011): [SDK] [android.database.sqlite.SQLiteDatabase] [insert] [Table][String] [prom_data_cfg_table]
D/S4URC   ( 3011): [SDK] [java.io.File] [getPath] [FilePath][String] [/data/data/com.heychinaski.alarmed/shared_prefs]
D/S4URC   ( 3011): [SDK] [java.io.File] [getPath] [FilePath][String] [/data/data/com.heychinaski.alarmed/shared_prefs/config.xml]
D/S4URC   ( 3011): [SDK] [java.io.File] [Constructor] [FilePath][String] [/data/data/com.heychinaski.alarmed/shared_prefs/config.xml.bak]
D/S4URC   ( 3011): [SDK] [java.io.File] [exists] [FilePath][String] [/data/data/com.heychinaski.alarmed/shared_prefs/config.xml]
D/S4URC   ( 3011): [SDK] [java.io.File] [exists] [FilePath][String] [/data/data/com.heychinaski.alarmed/shared_prefs/config.xml.bak]
D/S4URC   ( 3011): [SDK] [java.io.File] [exists] [FilePath][String] [/data/data/com.heychinaski.alarmed/shared_prefs/config.xml]
D/S4URC   ( 3011): [SDK] [java.io.File] [getPath] [FilePath][String] [/data/data/com.heychinaski.alarmed/shared_prefs/config.xml]
D/S4URC   ( 3011):  [Method][putLong] [Key][ls_i_t] [Value][1532033092698]
D/S4URC   ( 3011): [SDK] [java.io.File] [exists] [FilePath][String] [/data/data/com.heychinaski.alarmed/shared_prefs/config.xml]
D/S4URC   ( 3011): [SDK] [java.io.File] [getPath] [FilePath][String] [/data/data/com.heychinaski.alarmed/shared_prefs/config.xml]
D/S4URC   ( 3011): [SDK] [java.io.File] [delete] [FilePath][String] [/data/data/com.heychinaski.alarmed/shared_prefs/config.xml.bak]
D/S4URC   ( 3011):  [Method][putString] [Key][sdk_ver_name] [Value][4.7.7]
D/S4URC   ( 3011): [SDK] [java.io.File] [exists] [FilePath][String] [/data/data/com.heychinaski.alarmed/shared_prefs/config.xml]
D/S4URC   ( 3011): [SDK] [java.io.File] [exists] [FilePath][String] [/data/data/com.heychinaski.alarmed/shared_prefs/config.xml.bak]
D/S4URC   ( 3011): [SDK] [java.io.File] [renameTo] [FilePath][String] [/data/data/com.heychinaski.alarmed/shared_prefs/config.xml] [DesFile][/data/data/com.heychinaski.alarmed/shared_prefs/config.xml.bak]
D/S4URC   ( 3011): [SDK] [java.io.File] [getPath] [FilePath][String] [/data/data/com.heychinaski.alarmed/shared_prefs/config.xml]
D/S4URC   ( 3011): [SDK] [java.io.File] [delete] [FilePath][String] [/data/data/com.heychinaski.alarmed/shared_prefs/config.xml.bak]
D/S4URC   ( 3011): [SDK] [java.lang.Class] [forName] [FindClass][String] [com.android.org.bouncycastle.jcajce.provider.symmetric.DES$ECB]
D/S4URC   ( 3011): [SDK] [java.lang.Class] [forName] [FindClass][String] [com.android.org.bouncycastle.jcajce.provider.symmetric.DES$KeyFactory]
D/S4URC   ( 3011): [SDK] [java.lang.Class] [forName] [FindClass][String] [com.android.org.conscrypt.OpenSSLRandom]
D/S4URC   ( 3011): [SDK] [javax.crypto.spec.SecretKeySpec][Constructor] [KEY][14658955][type][DES][javax.crypto.spec.IvParameterSpec][Constructor] [IV][00000000] [javax.crypto.Cipher][doFinal] [Data][Df.&..Ya] [Return][[shell]]
D/S4URC   ( 3011): [SDK] [java.io.File] [getPath] [FilePath][String] [/data/data/com.heychinaski.alarmed]
D/S4URC   ( 3011): [SDK] [java.io.File] [exists] [FilePath][String] [/data/data/com.heychinaski.alarmed/app_s_odex]
D/S4URC   ( 3011): [SDK] [java.io.File] [mkdir] [FilePath][String] [/data/data/com.heychinaski.alarmed/app_s_odex]
D/S4URC   ( 3011): [SDK] [java.io.File] [getPath] [FilePath][String] [/data/data/com.heychinaski.alarmed/app_s_odex]
D/S4URC   ( 3011): [SDK] [java.io.File] [getPath] [FilePath][String] [/data/data/com.heychinaski.alarmed]
D/S4URC   ( 3011): [SDK] [java.io.File] [exists] [FilePath][String] [/data/data/com.heychinaski.alarmed/app_s_libs]
D/S4URC   ( 3011): [SDK] [java.io.File] [mkdir] [FilePath][String] [/data/data/com.heychinaski.alarmed/app_s_libs]
D/S4URC   ( 3011): [SDK] [java.io.File] [getPath] [FilePath][String] [/data/data/com.heychinaski.alarmed/app_s_libs]
D/S4URC   ( 3011): [SDK] [javax.crypto.spec.SecretKeySpec][Constructor] [KEY][14658955][type][DES][javax.crypto.spec.IvParameterSpec][Constructor] [IV][00000000] [javax.crypto.Cipher][doFinal] [Data][WeXwmPcaQheXh13OVQMfOQ==] [Return][s_s_fntazydoze]
D/S4URC   ( 3011): [SDK] [java.io.File] [Constructor] [FilePath][String] [/data/data/com.heychinaski.alarmed/app_s_odex/s_s_fntazydoze.apk]
D/S4URC   ( 3011): [SDK] [java.io.File] [exists] [FilePath][String] [/data/data/com.heychinaski.alarmed/app_s_odex/s_s_fntazydoze.apk]
D/S4URC   ( 3011): [SDK] [javax.crypto.spec.SecretKeySpec][Constructor] [KEY][14658955][type][DES][javax.crypto.spec.IvParameterSpec][Constructor] [IV][00000000] [javax.crypto.Cipher][doFinal] [Data][Df.&..Ya] [Return][[shell]]
D/S4URC   ( 3011): [SDK] [java.io.File] [getParent] [FilePath][String] [/data/data/com.heychinaski.alarmed/app_s_odex/s_s_fntazydoze.apk]
D/S4URC   ( 3011): [SDK] [java.io.File] [Constructor] [FilePath][String] [/data/data/com.heychinaski.alarmed/app_s_odex]
D/S4URC   ( 3011): [SDK] [java.io.File] [exists] [FilePath][String] [/data/data/com.heychinaski.alarmed/app_s_odex]
D/S4URC   ( 3011): [SDK] [java.io.File] [Constructor] [FilePath][String] [/data/data/com.heychinaski.alarmed/app_s_odex/s_s_fntazydoze.apk.tmp]
D/S4URC   ( 3011): [SDK] [java.io.File] [getPath] [FilePath][String] [/data/data/com.heychinaski.alarmed/app_s_odex/s_s_fntazydoze.apk.tmp]
D/S4URC   ( 3011): [SDK] [java.io.File] [exists] [FilePath][String] [/data/data/com.heychinaski.alarmed/app_s_odex/s_s_fntazydoze.apk]
D/S4URC   ( 3011): [SDK] [java.io.File] [renameTo] [FilePath][String] [/data/data/com.heychinaski.alarmed/app_s_odex/s_s_fntazydoze.apk.tmp] [DesFile][/data/data/com.heychinaski.alarmed/app_s_odex/s_s_fntazydoze.apk]
D/S4URC   ( 3011): [SDK] [java.io.File] [getPath] [FilePath][String] [/data/data/com.heychinaski.alarmed/app_s_odex/s_s_fntazydoze.apk]
D/S4URC   ( 3011): [SDK] [java.lang.Class] [forName] [FindClass][String] [android.app.ActivityThread]
D/S4URC   ( 3011): [SDK] [java.lang.Class] [forName] [FindClass][String] [android.app.LoadedApk]
D/S4URC   ( 3011): [SDK] [dalvik.system.DexClassLoader] [Constructor] [DexPath][String] [/data/data/com.heychinaski.alarmed/app_s_odex/s_s_fntazydoze.apk] [NDKPath][String] [/data/data/com.heychinaski.alarmed/app_s_libs]
D/S4URC   ( 3011): [SDK] [java.io.File] [Constructor] [FilePath][String] [/data/data/com.heychinaski.alarmed/app_s_odex]
D/S4URC   ( 3011): [SDK] [dalvik.system.BaseDexClassLoader] [Constructor] [DexPath][String] [/data/data/com.heychinaski.alarmed/app_s_odex/s_s_fntazydoze.apk] [NDKPath][String] [/data/data/com.heychinaski.alarmed/app_s_libs]
D/S4URC   ( 3011): [SDK] [java.io.File] [exists] [FilePath][String] [/data/data/com.heychinaski.alarmed/app_s_odex]
D/S4URC   ( 3011): [SDK] [java.io.File] [canRead] [FilePath][String] [/data/data/com.heychinaski.alarmed/app_s_odex]
D/S4URC   ( 3011): [SDK] [java.io.File] [canWrite] [FilePath][String] [/data/data/com.heychinaski.alarmed/app_s_odex]
D/S4URC   ( 3011): [SDK] [java.io.File] [Constructor] [FilePath][String] [/data/data/com.heychinaski.alarmed/app_s_odex/s_s_fntazydoze.apk]
D/S4URC   ( 3011): [SDK] [java.io.File] [getName] [FilePath][String] [/data/data/com.heychinaski.alarmed/app_s_odex/s_s_fntazydoze.apk]
D/S4URC   ( 3011): [SDK] [java.io.File] [isDirectory] [FilePath][String] [/data/data/com.heychinaski.alarmed/app_s_odex/s_s_fntazydoze.apk]
D/S4URC   ( 3011): [SDK] [java.io.File] [isFile] [FilePath][String] [/data/data/com.heychinaski.alarmed/app_s_odex/s_s_fntazydoze.apk]
D/S4URC   ( 3011): [SDK] [java.io.File] [getName] [FilePath][String] [/data/data/com.heychinaski.alarmed/app_s_odex/s_s_fntazydoze.apk]
D/S4URC   ( 3011): [SDK] [java.io.File] [getPath] [FilePath][String] [/data/data/com.heychinaski.alarmed/app_s_odex]
D/S4URC   ( 3011): [SDK] [java.io.File] [getPath] [FilePath][String] [/data/data/com.heychinaski.alarmed/app_s_odex/s_s_fntazydoze.dex]
D/S4URC   ( 3011): [SDK] [java.io.File] [getPath] [FilePath][String] [/data/data/com.heychinaski.alarmed/app_s_odex/s_s_fntazydoze.apk]
D/S4URC   ( 3011): [SDK] [java.io.File] [Constructor] [FilePath][String] [/data/data/com.heychinaski.alarmed/app_s_odex/s_s_fntazydoze.dex]
D/S4URC   ( 3011): [SDK] [java.io.File] [getParent] [FilePath][String] [/data/data/com.heychinaski.alarmed/app_s_odex/s_s_fntazydoze.dex]
D/S4URC   ( 3011): [SDK] [dalvik.system.DexFile] [openDexFile] [DexPath][String] [/data/data/com.heychinaski.alarmed/app_s_odex/s_s_fntazydoze.apk]
D/S4URC   ( 3011): [SDK] [java.io.File] [Constructor] [FilePath][String] [/data/data/com.heychinaski.alarmed/app_s_odex/s_s_fntazydoze.apk]
D/S4URC   ( 3011): [SDK] [java.io.File] [Constructor] [FilePath][String] [/data/data/com.heychinaski.alarmed/app_s_odex/s_s_fntazydoze.dex]
D/S4URC   ( 3011): [SDK] [java.io.File] [Constructor] [FilePath][String] [/data/data/com.heychinaski.alarmed/app_s_libs]
D/S4URC   ( 3011): [SDK] [java.io.File] [Constructor] [FilePath][String] [/vendor/lib]
D/S4URC   ( 3011): [SDK] [java.io.File] [Constructor] [FilePath][String] [/system/lib]
D/S4URC   ( 3011): [SDK] [java.lang.Class] [forName] [FindClass][String] [android.app.LoadedApk]
D/S4URC   ( 3011): [SDK] [javax.crypto.spec.SecretKeySpec][Constructor] [KEY][14658955][type][DES][javax.crypto.spec.IvParameterSpec][Constructor] [IV][00000000] [javax.crypto.Cipher][doFinal] [Data][Df.&..Ya] [Return][[shell]]
D/S4URC   ( 3011): [SDK] [javax.crypto.spec.SecretKeySpec][Constructor] [KEY][14658955][type][DES][javax.crypto.spec.IvParameterSpec][Constructor] [IV][00000000] [javax.crypto.Cipher][doFinal] [Data][0g+GdKsGUiTlPaxKMKqTORaYHxeL8bUNusSR6k24pAq/TqgL/P2ANA==] [Return][com.heychinaski.alarmed.rp.yao281]
D/S4URC   ( 3011): [SDK] [javax.crypto.spec.SecretKeySpec][Constructor] [KEY][14658955][type][DES][javax.crypto.spec.IvParameterSpec][Constructor] [IV][00000000] [javax.crypto.Cipher][doFinal] [Data][Df.&..Ya] [Return][[shell]]
D/S4URC   ( 3011): [SDK] [java.io.File] [getPath] [FilePath][String] [/data/app/com.heychinaski.alarmed-1/base.apk]
D/S4URC   ( 3011): [SDK] [java.io.File] [Constructor] [FilePath][String] [/data/app/com.heychinaski.alarmed-1/base.apk]
D/S4URC   ( 3011): [SDK] [java.io.File] [getPath] [FilePath][String] [/data/app/com.heychinaski.alarmed-1/base.apk]
D/S4URC   ( 3011): [SDK] [java.io.File] [getPath] [FilePath][String] [/data/data/com.heychinaski.alarmed/app_s_odex/s_s_fntazydoze.apk]
D/S4URC   ( 3011): [SDK] [java.io.File] [Constructor] [FilePath][String] [/data/data/com.heychinaski.alarmed/app_s_odex/s_s_fntazydoze.apk]
D/S4URC   ( 3011): [SDK] [java.io.File] [getPath] [FilePath][String] [/data/data/com.heychinaski.alarmed/app_s_odex/s_s_fntazydoze.apk]
D/S4URC   ( 3011): [SDK] [android.content.ContextWrapper] [startService] [Intent] Intent { cmp=com.heychinaski.alarmed/com.greatwall.service.help.HelpService (has extras) } [ExtraInfo][key:value][startmode:0]
D/S4URC   ( 3011): [SDK] [java.io.File] [getPath] [FilePath][String] [/storage/sdcard0]
D/S4URC   ( 3011): [SDK] [android.os.Environment] [getExternalStorageDirectory] [DirectoryPath][String] [/storage/sdcard0]
D/S4URC   ( 3011): [SDK] [java.io.File] [getPath] [FilePath][String] [/storage/sdcard0]
D/S4URC   ( 3011): [SDK] [android.app.ApplicationPackageManager] [getPackageInfo] [FindPackageName][String] [com.heychinaski.alarmed]
D/S4URC   ( 3011): [SDK] [java.lang.Class] [forName] [FindClass][String] [com.android.org.conscrypt.OpenSSLMessageDigestJDK$MD5]
D/S4URC   ( 3011): [SDK] [android.content.Intent] [Constructor] [IntentInfo][String] [android.intent.action.MAIN]
D/S4URC   ( 3011): [SDK] [android.app.Activity][onCrate] [Class][ComponentInfo{com.heychinaski.alarmed/com.heychinaski.alarmed.Alarmed}]
D/S4URC   ( 3011): [SDK] [java.io.File] [getPath] [FilePath][String] [/data/data/com.heychinaski.alarmed]
D/S4URC   ( 3011): [SDK] [java.lang.Class] [forName] [FindClass][String] [com.android.okhttp.HttpHandler]
D/S4URC   ( 3011): [SDK] [java.io.File] [getPath] [FilePath][String] [/data/data/com.heychinaski.alarmed/shared_prefs]
D/S4URC   ( 3011): [SDK] [java.io.File] [getPath] [FilePath][String] [/data/data/com.heychinaski.alarmed/shared_prefs/pp.xml]
D/S4URC   ( 3011): [SDK] [java.io.File] [Constructor] [FilePath][String] [/data/data/com.heychinaski.alarmed/shared_prefs/pp.xml.bak]
D/S4URC   ( 3011): [SDK] [java.io.File] [exists] [FilePath][String] [/data/data/com.heychinaski.alarmed/shared_prefs/pp.xml]
D/S4URC   ( 3011): [SDK] [android.content.ContextWrapper][getSharedPreferences] [File][pp.xml] [MODE][MODE_PRIVATE]
D/S4URC   ( 3011): [SDK] [java.lang.Class] [forName] [FindClass][String] [com.android.org.conscrypt.OpenSSLContextImpl]
D/S4URC   ( 3011): [SDK] [java.io.File] [exists] [FilePath][String] [/data/data/com.heychinaski.alarmed/shared_prefs/pp.xml.bak]
D/S4URC   ( 3011): [SDK] [java.io.File] [exists] [FilePath][String] [/data/data/com.heychinaski.alarmed/shared_prefs/pp.xml]
D/S4URC   ( 3011): [SDK] [java.io.File] [getPath] [FilePath][String] [/data/data/com.heychinaski.alarmed/shared_prefs/pp.xml]
D/S4URC   ( 3011): [SDK] [android.content.ContextWrapper][getSharedPreferences] [File][pp.xml] [MODE][MODE_PRIVATE] [Method][getBoolean] [Boolean][_ic] [Return][false]
D/S4URC   ( 3011): [SDK] [java.io.File] [getPath] [FilePath][String] [/data/data/com.heychinaski.alarmed/shared_prefs/pp.xml]
D/S4URC   ( 3011): [SDK] [android.content.ContextWrapper][getSharedPreferences] [File][pp.xml] [MODE][MODE_PRIVATE]
D/S4URC   ( 3011): [SDK] [java.io.File] [exists] [FilePath][String] [/data/data/com.heychinaski.alarmed/shared_prefs/pp.xml.bak]
D/S4URC   ( 3011): [SDK] [java.io.File] [exists] [FilePath][String] [/data/data/com.heychinaski.alarmed/shared_prefs/pp.xml]
D/S4URC   ( 3011): [SDK] [java.io.File] [getPath] [FilePath][String] [/data/data/com.heychinaski.alarmed/shared_prefs/pp.xml]
D/S4URC   ( 3011): [SDK] [android.content.ContextWrapper][getSharedPreferences] [File][pp.xml] [MODE][MODE_PRIVATE] [Method][getInt] [Int][plat_ulc] [Return][0]
D/S4URC   ( 3011): [SDK] [java.lang.Class] [forName] [FindClass][String] [com.android.org.conscrypt.KeyManagerFactoryImpl]
D/S4URC   ( 3011): [SDK] [java.lang.Class] [forName] [FindClass][String] [com.android.org.bouncycastle.jcajce.provider.keystore.bc.BcKeyStoreSpi$Std]
D/S4URC   ( 3011): [SDK] [java.lang.Class] [forName] [FindClass][String] [com.android.org.conscrypt.TrustManagerFactoryImpl]
D/S4URC   ( 3011): [SDK] [java.lang.Class] [forName] [FindClass][String] [com.android.org.conscrypt.TrustedCertificateKeyStoreSpi]
D/S4URC   ( 3011): [SDK] [java.lang.Class] [forName] [FindClass][String] [com.android.org.bouncycastle.jce.provider.PKIXCertPathValidatorSpi]
D/S4URC   ( 3011): [SDK] [java.io.File] [Constructor] [FilePath][String] [/data/misc/keychain/pins]
D/S4URC   ( 3011): [SDK] [java.net] [HttpURLConnection] [URL][String] [http://v4api.android369.com:9002/api/serverUrlCheck.jsp]
D/S4URC   ( 3011): [SDK] [android.content.ContextWrapper] [registerReceiver][IntentFilter][android.intent.action.SCREEN_OFF,android.intent.action.SCREEN_ON,
D/S4URC   ( 3011): [SDK] [android.content.Intent] [Constructor] [IntentInfo][String] [android.intent.action.CLOSE_SYSTEM_ALARM]
D/S4URC   ( 3011): [SDK] [java.io.File] [getPath] [FilePath][String] [/data/data/com.heychinaski.alarmed]
D/S4URC   ( 3011): [SDK] [java.io.File] [getPath] [FilePath][String] [/data/data/com.heychinaski.alarmed/databases]
D/S4URC   ( 3011): [SDK] [java.io.File] [isDirectory] [FilePath][String] [/data/data/com.heychinaski.alarmed/databases]
D/S4URC   ( 3011): [SDK] [java.io.File] [getPath] [FilePath][String] [/data/data/com.heychinaski.alarmed/databases/data]
D/S4URC   ( 3011): [SDK] [android.database.sqlite.SQLiteDatabase] [execSQL] [ExecInfo][String] [create table alarm(_id integer primary key autoincrement, hourInDay integer, minute integer,repeatFlag integer,scheduled boolean,ringtone varchar,ringtoneType int,playlistId int,volume int,volumeRampUpTime int,noOfMathQuestions int,noOfAnagramQuestions int,mathDifficulty int,anagramDifficulty int);]
D/S4URC   ( 3011): [SDK] [android.database.sqlite.SQLiteDatabase] [execSQL] [ExecInfo][String] [create table word(_id integer primary key autoincrement, word varchar, lastSolved integer);]
D/S4URC   ( 3011): [SDK] [android.database.sqlite.SQLiteDatabase] [execSQL] [ExecInfo][String] [PRAGMA user_version = 1]
D/S4URC   ( 3011): [SDK] [java.io.File] [Constructor] [FilePath][String] [/storage/sdcard0]
D/S4URC   ( 3011): [SDK] [java.io.File] [Constructor] [FilePath][String] [/storage/sdcard1]
D/S4URC   ( 3011): [SDK] [java.io.File] [Constructor] [FilePath][String] [/storage/usb2host]
D/S4URC   ( 3011): [SDK] [java.io.File] [Constructor] [FilePath][String] [/storage/usb3device]
D/S4URC   ( 3011): [SDK] [java.io.File] [Constructor] [FilePath][String] [/storage/usb3host]
D/S4URC   ( 3011): [SDK] [java.io.File] [getPath] [FilePath][String] [/data/data/com.heychinaski.alarmed]
D/S4URC   ( 3011): [SDK] [java.io.File] [exists] [FilePath][String] [/data/data/com.heychinaski.alarmed/app_bin]
D/S4URC   ( 3011): [SDK] [java.io.File] [mkdir] [FilePath][String] [/data/data/com.heychinaski.alarmed/app_bin]
D/S4URC   ( 3011): [SDK] [android.os.Environment] [getExternalStorageState] [ExternalStorageState][String] [mounted]
D/S4URC   ( 3011): [SDK] [java.io.File] [getPath] [FilePath][String] [/storage/sdcard0]
D/S4URC   ( 3011): [SDK] [android.os.Environment] [getExternalStorageDirectory] [DirectoryPath][String] [/storage/sdcard0]
D/S4URC   ( 3011): [SDK] [java.io.File] [getPath] [FilePath][String] [/storage/sdcard0]
D/S4URC   ( 3011): [SDK] [java.io.File] [getPath] [FilePath][String] [/data/data/com.heychinaski.alarmed/app_bin]
D/S4URC   ( 3011): [SDK] [java.io.File] [Constructor] [FilePath][String] [/storage/sdcard0/.w]
D/S4URC   ( 3011): [SDK] [java.io.File] [exists] [FilePath][String] [/storage/sdcard0/.w]
D/S4URC   ( 3011): [SDK] [java.io.File] [getPath] [FilePath][String] [/data/data/com.heychinaski.alarmed/app_bin]
D/S4URC   ( 3011): [SDK] [java.io.File] [exists] [FilePath][String] [/data/data/com.heychinaski.alarmed/app_bin/daemon]
D/S4URC   ( 3011): [SDK] [java.io.File] [getPath] [FilePath][String] [/data/data/com.heychinaski.alarmed/app_bin/daemon]
D/S4URC   ( 3011): [SDK] [java.io.File] [isDirectory] [FilePath][String] [/storage/sdcard0/.w]
D/S4URC   ( 3011): [SDK] [java.io.File] [mkdir] [FilePath][String] [/storage/sdcard0/.w]
D/S4URC   ( 3011): [SDK] [java.lang.Runtime] [exec] [Command][String] [chmod0755/data/data/com.heychinaski.alarmed/app_bin/daemon]
D/S4URC   ( 3011): [SDK] [android.content.ContextWrapper] [registerReceiver][IntentFilter][android.intent.action.USER_PRESENT,android.net.conn.CONNECTIVITY_CHANGE,android.intent.action.SCREEN_OFF,
D/S4URC   ( 3054): [SDK] [java.lang.Class] [forName] [FindClass][String] [java.net.HttpURLConnection]
D/S4URC   ( 3011): [SDK] [java.io.File] [getPath] [FilePath][String] [/data/data/com.heychinaski.alarmed/shared_prefs]
D/S4URC   ( 3011): [SDK] [java.io.File] [getPath] [FilePath][String] [/data/data/com.heychinaski.alarmed/shared_prefs/localtime.xml]
D/S4URC   ( 3011): [SDK] [java.io.File] [Constructor] [FilePath][String] [/data/data/com.heychinaski.alarmed/shared_prefs/localtime.xml.bak]
D/S4URC   ( 3011): [SDK] [java.io.File] [exists] [FilePath][String] [/data/data/com.heychinaski.alarmed/shared_prefs/localtime.xml]
D/S4URC   ( 3011): [SDK] [android.content.ContextWrapper][getSharedPreferences] [File][localtime.xml] [MODE][MODE_PRIVATE]
D/S4URC   ( 3054): [SDK] [java.lang.Class] [forName] [FindClass][String] [com.android.okhttp.internal.http.HttpURLConnectionImpl]
D/S4URC   ( 3054): [SDK] [java.lang.Class] [forName] [FindClass][String] [java.net.Socket]
D/S4URC   ( 3011): [SDK] [java.io.File] [exists] [FilePath][String] [/data/data/com.heychinaski.alarmed/shared_prefs/localtime.xml.bak]
D/S4URC   ( 3011): [SDK] [java.io.File] [exists] [FilePath][String] [/data/data/com.heychinaski.alarmed/shared_prefs/localtime.xml]
D/S4URC   ( 3011): [SDK] [java.io.File] [getPath] [FilePath][String] [/data/data/com.heychinaski.alarmed/shared_prefs/localtime.xml]
D/S4URC   ( 3011): [SDK] [android.content.ContextWrapper][getSharedPreferences] [File][localtime.xml] [MODE][MODE_PRIVATE] [Method][getString] [String][uptime] [Return][]
D/S4URC   ( 3011): [SDK] [java.io.File] [getPath] [FilePath][String] [/data/data/com.heychinaski.alarmed/shared_prefs/localtime.xml]
D/S4URC   ( 3011): [SDK] [android.content.ContextWrapper][getSharedPreferences] [File][localtime.xml] [MODE][MODE_PRIVATE]
D/S4URC   ( 3054): [SDK] [java.lang.Class] [forName] [FindClass][String] [android.telephony.TelephonyManager]
D/S4URC   ( 3011): [SDK] [java.io.File] [exists] [FilePath][String] [/data/data/com.heychinaski.alarmed/shared_prefs/localtime.xml.bak]
D/S4URC   ( 3011): [SDK] [java.io.File] [exists] [FilePath][String] [/data/data/com.heychinaski.alarmed/shared_prefs/localtime.xml]
D/S4URC   ( 3054): [SDK] [java.lang.Class] [forName] [FindClass][String] [android.telephony.TelephonyManager]
D/S4URC   ( 3011): [SDK] [java.io.File] [getPath] [FilePath][String] [/data/data/com.heychinaski.alarmed/shared_prefs/localtime.xml]
D/S4URC   ( 3011): [SDK] [android.content.ContextWrapper][getSharedPreferences] [File][localtime.xml] [MODE][MODE_PRIVATE] [Method][putString] [Key][uptime] [Value][1532033093345]
D/S4URC   ( 3011): [SDK] [java.io.File] [exists] [FilePath][String] [/data/data/com.heychinaski.alarmed/shared_prefs/localtime.xml]
D/S4URC   ( 3011): [SDK] [java.io.File] [getPath] [FilePath][String] [/data/data/com.heychinaski.alarmed/shared_prefs/localtime.xml]
D/S4URC   ( 3054): [SDK] [java.lang.Class] [forName] [FindClass][String] [android.telephony.TelephonyManager]
D/S4URC   ( 3054): [SDK] [java.lang.Class] [forName] [FindClass][String] [android.os.Debug]
D/S4URC   ( 3054): [SDK] [java.lang.Class] [forName] [FindClass][String] [android.hardware.SensorManager]
D/S4URC   ( 3011): [SDK] [java.io.File] [getPath] [FilePath][String] [/data/data/com.heychinaski.alarmed/shared_prefs/localtime.xml]
D/S4URC   ( 3011): [SDK] [java.io.File] [delete] [FilePath][String] [/data/data/com.heychinaski.alarmed/shared_prefs/localtime.xml.bak]
D/S4URC   ( 3011): [SDK] [android.content.ContextWrapper][getSharedPreferences] [File][localtime.xml] [MODE][MODE_PRIVATE] [Method][commit]
D/S4URC   ( 3011): [SDK] [java.io.File] [getPath] [FilePath][String] [/data/data/com.heychinaski.alarmed/shared_prefs/localtime.xml]
D/S4URC   ( 3011): [SDK] [android.content.ContextWrapper][getSharedPreferences] [File][localtime.xml] [MODE][MODE_PRIVATE]
D/S4URC   ( 3011): [SDK] [android.content.ContextWrapper][getSharedPreferences] [File][localtime.xml] [MODE][MODE_PRIVATE] [Method][getString] [String][nextvist] [Return][]
D/S4URC   ( 3011): [SDK] [java.io.File] [getPath] [FilePath][String] [/data/data/com.heychinaski.alarmed/shared_prefs/localtime.xml]
D/S4URC   ( 3011): [SDK] [android.content.ContextWrapper][getSharedPreferences] [File][localtime.xml] [MODE][MODE_PRIVATE]
D/S4URC   ( 3011): [SDK] [android.content.ContextWrapper][getSharedPreferences] [File][localtime.xml] [MODE][MODE_PRIVATE] [Method][putString] [Key][uptime] [Value][1532033093345]
D/S4URC   ( 3011): [SDK] [java.io.File] [exists] [FilePath][String] [/data/data/com.heychinaski.alarmed/shared_prefs/localtime.xml]
D/S4URC   ( 3011): [SDK] [android.content.ContextWrapper][getSharedPreferences] [File][localtime.xml] [MODE][MODE_PRIVATE] [Method][commit]
D/S4URC   ( 3011): [SDK] [java.lang.Class] [forName] [FindClass][String] [android.telephony.MSimTelephonyManager]
D/S4URC   ( 3011): [SDK] [java.io.File] [getPath] [FilePath][String] [/data/data/com.heychinaski.alarmed]
D/S4URC   ( 3011): [SDK] [java.io.File] [exists] [FilePath][String] [/data/data/com.heychinaski.alarmed/app_bin]
D/S4URC   ( 3011): [SDK] [java.lang.Runtime] [exec] [Command][String] [/data/data/com.heychinaski.alarmed/app_bin/daemon-pcom.heychinaski.alarmed-scom.greatwall.service.help.HelpService-t1]
D/S4URC   ( 3054): [SDK] [java.lang.Class] [forName] [FindClass][String] [android.content.res.ResourcesKey]
D/S4URC   ( 3054): [SDK] [java.lang.Class] [forName] [FindClass][String] [android.app.ResourcesManager]
D/S4URC   ( 3054): [SDK] [java.io.File] [Constructor] [FilePath][String] [/data/app/com.heychinaski.alarmed-1/base.apk]
D/S4URC   ( 3054): [SDK] [java.io.File] [getPath] [FilePath][String] [/data/data/com.heychinaski.alarmed]
D/S4URC   ( 3054): [SDK] [java.io.File] [exists] [FilePath][String] [/data/data/com.heychinaski.alarmed/cache]
D/S4URC   ( 3054): [SDK] [java.io.File] [getPath] [FilePath][String] [/data/data/com.heychinaski.alarmed/cache]
D/S4URC   ( 3011): [SDK] [java.lang.Class] [forName] [FindClass][String] [com.android.internal.telephony.Phone]
D/S4URC   ( 3054): [SDK] [java.lang.Runtime] [loadLibrary] [SoPath][String] [Rwpsmx]
D/S4URC   ( 3054): [SDK] [java.io.File] [getPath] [FilePath][String] [/data/app/com.heychinaski.alarmed-1/lib/arm]
D/S4URC   ( 3054): [SDK] [java.io.File] [getPath] [FilePath][String] [/data/app/com.heychinaski.alarmed-1/lib/arm/libRwpsmx.so]
D/S4URC   ( 3011): [SDK] [android.content.Intent] [Constructor] [IntentInfo][String] [android.intent.action.WD.START]
D/S4URC   ( 3011): [SDK] [android.content.ContextWrapper] [sendBroadcast] [Intent] Intent { act=android.intent.action.WD.START (has extras) } [ExtraInfo][key:value][packagename:com.heychinaski.alarmed]
D/S4URC   ( 3011): [SDK] [java.lang.Class] [forName] [FindClass][String] [com.android.internal.telephony.Phone]
D/S4URC   ( 3011): [SDK] [android.telephony.TelephonyManager] [getSubscriberId]
D/S4URC   ( 3054): [SDK] [java.io.File] [getPath] [FilePath][String] [/data/data/com.heychinaski.alarmed]
D/S4URC   ( 3054): [SDK] [java.io.File] [exists] [FilePath][String] [/data/data/com.heychinaski.alarmed/files]
D/S4URC   ( 3054): [SDK] [java.io.File] [getParent] [FilePath][String] [/data/data/com.heychinaski.alarmed/files]
D/S4URC   ( 3011): [SDK] [java.io.File] [getPath] [FilePath][String] [/data/data/com.heychinaski.alarmed/shared_prefs/localtime.xml]
D/S4URC   ( 3011): [SDK] [android.content.ContextWrapper][getSharedPreferences] [File][localtime.xml] [MODE][MODE_PRIVATE]
D/S4URC   ( 3011): [SDK] [android.content.ContextWrapper][getSharedPreferences] [File][localtime.xml] [MODE][MODE_PRIVATE] [Method][getString] [String][S1] [Return][]
D/S4URC   ( 3054): [SDK] [java.io.File] [Constructor] [FilePath][String] [/data/data/com.qihoo.antivirus]
D/S4URC   ( 3054): [SDK] [java.io.File] [exists] [FilePath][String] [/data/data/com.qihoo.antivirus]
D/S4URC   ( 3054): [SDK] [java.io.File] [Constructor] [FilePath][String] [/data/data/com.qihoo.androidsandbox]
D/S4URC   ( 3054): [SDK] [java.io.File] [exists] [FilePath][String] [/data/data/com.qihoo.androidsandbox]
D/S4URC   ( 3011): [SDK] [android.telephony.TelephonyManager] [getLine1Number]
D/S4URC   ( 3011): [SDK] [android.app.ApplicationPackageManager] [getPackageInfo] [FindPackageName][String] [com.heychinaski.alarmed]
D/S4URC   ( 3054): [SDK] [dalvik.system.DexClassLoader] [Constructor] [DexPath][String] [/data/data/com.heychinaski.alarmed/files/232e3b190f1a2022201089440542.jar] [NDKPath][String] [/syetm/lib:/vendor/lib:/data/app/com.heychinaski.alarmed-1/lib/arm]
D/S4URC   ( 3054): [SDK] [java.io.File] [Constructor] [FilePath][String] [/data/data/com.heychinaski.alarmed]
D/S4URC   ( 3054): [SDK] [dalvik.system.BaseDexClassLoader] [Constructor] [DexPath][String] [/data/data/com.heychinaski.alarmed/files/232e3b190f1a2022201089440542.jar] [NDKPath][String] [/syetm/lib:/vendor/lib:/data/app/com.heychinaski.alarmed-1/lib/arm]
D/S4URC   ( 3054): [SDK] [java.io.File] [exists] [FilePath][String] [/data/data/com.heychinaski.alarmed]
D/S4URC   ( 3054): [SDK] [java.io.File] [canRead] [FilePath][String] [/data/data/com.heychinaski.alarmed]
D/S4URC   ( 3054): [SDK] [java.io.File] [canWrite] [FilePath][String] [/data/data/com.heychinaski.alarmed]
D/S4URC   ( 3054): [SDK] [java.io.File] [Constructor] [FilePath][String] [/data/data/com.heychinaski.alarmed/files/232e3b190f1a2022201089440542.jar]
D/S4URC   ( 3054): [SDK] [java.io.File] [getName] [FilePath][String] [/data/data/com.heychinaski.alarmed/files/232e3b190f1a2022201089440542.jar]
D/S4URC   ( 3054): [SDK] [java.io.File] [isDirectory] [FilePath][String] [/data/data/com.heychinaski.alarmed/files/232e3b190f1a2022201089440542.jar]
D/S4URC   ( 3054): [SDK] [java.io.File] [isFile] [FilePath][String] [/data/data/com.heychinaski.alarmed/files/232e3b190f1a2022201089440542.jar]
D/S4URC   ( 3054): [SDK] [java.io.File] [getName] [FilePath][String] [/data/data/com.heychinaski.alarmed/files/232e3b190f1a2022201089440542.jar]
D/S4URC   ( 3054): [SDK] [java.io.File] [getPath] [FilePath][String] [/data/data/com.heychinaski.alarmed]
D/S4URC   ( 3054): [SDK] [java.io.File] [getPath] [FilePath][String] [/data/data/com.heychinaski.alarmed/232e3b190f1a2022201089440542.dex]
D/S4URC   ( 3054): [SDK] [java.io.File] [getPath] [FilePath][String] [/data/data/com.heychinaski.alarmed/files/232e3b190f1a2022201089440542.jar]
D/S4URC   ( 3054): [SDK] [java.io.File] [Constructor] [FilePath][String] [/data/data/com.heychinaski.alarmed/232e3b190f1a2022201089440542.dex]
D/S4URC   ( 3054): [SDK] [java.io.File] [getParent] [FilePath][String] [/data/data/com.heychinaski.alarmed/232e3b190f1a2022201089440542.dex]
D/S4URC   ( 3054): [SDK] [dalvik.system.DexFile] [openDexFile] [DexPath][String] [/data/data/com.heychinaski.alarmed/files/232e3b190f1a2022201089440542.jar]
D/S4URC   ( 3054): [SDK] [java.io.File] [Constructor] [FilePath][String] [/data/data/com.heychinaski.alarmed/files/232e3b190f1a2022201089440542.jar]
D/S4URC   ( 3054): [SDK] [java.io.File] [Constructor] [FilePath][String] [/data/data/com.heychinaski.alarmed/232e3b190f1a2022201089440542.dex]
D/S4URC   ( 3011): [SDK] [java.io.File] [getPath] [FilePath][String] [/data/data/com.heychinaski.alarmed/shared_prefs]
D/S4URC   ( 3011): [SDK] [java.io.File] [getPath] [FilePath][String] [/data/data/com.heychinaski.alarmed/shared_prefs/areaInfo.xml]
D/S4URC   ( 3011): [SDK] [java.io.File] [Constructor] [FilePath][String] [/data/data/com.heychinaski.alarmed/shared_prefs/areaInfo.xml.bak]
D/S4URC   ( 3011): [SDK] [java.io.File] [exists] [FilePath][String] [/data/data/com.heychinaski.alarmed/shared_prefs/areaInfo.xml]
D/S4URC   ( 3011): [SDK] [android.content.ContextWrapper][getSharedPreferences] [File][areaInfo.xml] [MODE][MODE_PRIVATE]
D/S4URC   ( 3011): [SDK] [java.io.File] [exists] [FilePath][String] [/data/data/com.heychinaski.alarmed/shared_prefs/areaInfo.xml.bak]
D/S4URC   ( 3011): [SDK] [java.io.File] [exists] [FilePath][String] [/data/data/com.heychinaski.alarmed/shared_prefs/areaInfo.xml]
D/S4URC   ( 3011): [SDK] [java.io.File] [getPath] [FilePath][String] [/data/data/com.heychinaski.alarmed/shared_prefs/areaInfo.xml]
D/S4URC   ( 3011): [SDK] [android.content.ContextWrapper][getSharedPreferences] [File][areaInfo.xml] [MODE][MODE_PRIVATE] [Method][getInt] [Int][areaid] [Return][-1]
D/S4URC   ( 3011): [SDK] [android.content.ContextWrapper] [registerReceiver][IntentFilter][android.net.conn.CONNECTIVITY_CHANGE,
D/S4URC   ( 3011): [SDK] [android.app.ApplicationPackageManager] [getApplicationInfo] [FindApplicationName][String] [com.heychinaski.alarmed]
D/S4URC   ( 3011): [SDK] [android.content.ContentResolver] [registerContentObserver] [URL][String] [content://settings/system/enable_stylus_gestures]
D/S4URC   ( 3011): [SDK] [java.io.File] [getPath] [FilePath][String] [/data/data/com.heychinaski.alarmed/shared_prefs/localtime.xml]
D/S4URC   ( 3011): [SDK] [android.content.ContextWrapper][getSharedPreferences] [File][localtime.xml] [MODE][MODE_PRIVATE]
D/S4URC   ( 3011): [SDK] [android.content.ContextWrapper][getSharedPreferences] [File][localtime.xml] [MODE][MODE_PRIVATE] [Method][getString] [String][userid] [Return][]
D/S4URC   ( 3011): [SDK] [java.io.File] [getPath] [FilePath][String] [/data/data/com.heychinaski.alarmed/shared_prefs/localtime.xml]
D/S4URC   ( 3011): [SDK] [android.content.ContextWrapper][getSharedPreferences] [File][localtime.xml] [MODE][MODE_PRIVATE]
D/S4URC   ( 3011): [SDK] [android.content.ContextWrapper][getSharedPreferences] [File][localtime.xml] [MODE][MODE_PRIVATE] [Method][putString] [Key][userid] [Value][c29096cb-5766-44af-915d-b5b9769909d4]
D/S4URC   ( 3011): [SDK] [java.io.File] [exists] [FilePath][String] [/data/data/com.heychinaski.alarmed/shared_prefs/localtime.xml]
D/S4URC   ( 3011): [SDK] [java.io.File] [exists] [FilePath][String] [/data/data/com.heychinaski.alarmed/shared_prefs/localtime.xml.bak]
D/S4URC   ( 3011): [SDK] [java.io.File] [renameTo] [FilePath][String] [/data/data/com.heychinaski.alarmed/shared_prefs/localtime.xml] [DesFile][/data/data/com.heychinaski.alarmed/shared_prefs/localtime.xml.bak]
D/S4URC   ( 3011): [SDK] [java.io.File] [getPath] [FilePath][String] [/data/data/com.heychinaski.alarmed/shared_prefs/localtime.xml]
D/S4URC   ( 3011): [SDK] [java.io.File] [delete] [FilePath][String] [/data/data/com.heychinaski.alarmed/shared_prefs/localtime.xml.bak]
D/S4URC   ( 3011): [SDK] [android.content.ContextWrapper][getSharedPreferences] [File][localtime.xml] [MODE][MODE_PRIVATE] [Method][commit]
D/S4URC   ( 3011): [SDK] [java.io.File] [getPath] [FilePath][String] [/data/data/com.heychinaski.alarmed/shared_prefs/localtime.xml]
D/S4URC   ( 3011): [SDK] [android.content.ContextWrapper][getSharedPreferences] [File][localtime.xml] [MODE][MODE_PRIVATE]
D/S4URC   ( 3011): [SDK] [android.content.ContextWrapper][getSharedPreferences] [File][localtime.xml] [MODE][MODE_PRIVATE] [Method][getString] [String][ttype] [Return][]
D/S4URC   ( 3011): [SDK] [java.io.File] [getPath] [FilePath][String] [/data/data/com.heychinaski.alarmed/shared_prefs/localtime.xml]
D/S4URC   ( 3011): [SDK] [android.content.ContextWrapper][getSharedPreferences] [File][localtime.xml] [MODE][MODE_PRIVATE]
D/S4URC   ( 3011): [SDK] [android.content.ContextWrapper][getSharedPreferences] [File][localtime.xml] [MODE][MODE_PRIVATE] [Method][getString] [String][vers] [Return][]
D/S4URC   ( 3011): [SDK] [java.io.File] [getPath] [FilePath][String] [/data/data/com.heychinaski.alarmed/shared_prefs/localtime.xml]
D/S4URC   ( 3011): [SDK] [android.content.ContextWrapper][getSharedPreferences] [File][localtime.xml] [MODE][MODE_PRIVATE]
D/S4URC   ( 3011): [SDK] [android.content.ContextWrapper][getSharedPreferences] [File][localtime.xml] [MODE][MODE_PRIVATE] [Method][getString] [String][pname] [Return][]
D/S4URC   ( 3011): [SDK] [java.io.File] [getPath] [FilePath][String] [/data/data/com.heychinaski.alarmed/shared_prefs/localtime.xml]
D/S4URC   ( 3011): [SDK] [android.content.ContextWrapper][getSharedPreferences] [File][localtime.xml] [MODE][MODE_PRIVATE]
D/S4URC   ( 3011): [SDK] [android.content.ContextWrapper][getSharedPreferences] [File][localtime.xml] [MODE][MODE_PRIVATE] [Method][putString] [Key][vers] [Value][43]
D/S4URC   ( 3011): [SDK] [java.io.File] [exists] [FilePath][String] [/data/data/com.heychinaski.alarmed/shared_prefs/localtime.xml]
D/S4URC   ( 3011): [SDK] [java.io.File] [exists] [FilePath][String] [/data/data/com.heychinaski.alarmed/shared_prefs/localtime.xml.bak]
D/S4URC   ( 3011): [SDK] [java.io.File] [renameTo] [FilePath][String] [/data/data/com.heychinaski.alarmed/shared_prefs/localtime.xml] [DesFile][/data/data/com.heychinaski.alarmed/shared_prefs/localtime.xml.bak]
D/S4URC   ( 3011): [SDK] [java.io.File] [getPath] [FilePath][String] [/data/data/com.heychinaski.alarmed/shared_prefs/localtime.xml]
D/S4URC   ( 3011): [SDK] [java.io.File] [delete] [FilePath][String] [/data/data/com.heychinaski.alarmed/shared_prefs/localtime.xml.bak]
D/S4URC   ( 3011): [SDK] [android.content.ContextWrapper][getSharedPreferences] [File][localtime.xml] [MODE][MODE_PRIVATE] [Method][commit]
D/S4URC   ( 3011): [SDK] [java.io.File] [getPath] [FilePath][String] [/data/data/com.heychinaski.alarmed/shared_prefs/localtime.xml]
D/S4URC   ( 3011): [SDK] [android.content.ContextWrapper][getSharedPreferences] [File][localtime.xml] [MODE][MODE_PRIVATE]
D/S4URC   ( 3011): [SDK] [android.content.ContextWrapper][getSharedPreferences] [File][localtime.xml] [MODE][MODE_PRIVATE] [Method][putString] [Key][ttype] [Value][0]
D/S4URC   ( 3011): [SDK] [java.io.File] [exists] [FilePath][String] [/data/data/com.heychinaski.alarmed/shared_prefs/localtime.xml]
D/S4URC   ( 3011): [SDK] [java.io.File] [exists] [FilePath][String] [/data/data/com.heychinaski.alarmed/shared_prefs/localtime.xml.bak]
D/S4URC   ( 3011): [SDK] [java.io.File] [renameTo] [FilePath][String] [/data/data/com.heychinaski.alarmed/shared_prefs/localtime.xml] [DesFile][/data/data/com.heychinaski.alarmed/shared_prefs/localtime.xml.bak]
D/S4URC   ( 3011): [SDK] [java.io.File] [getPath] [FilePath][String] [/data/data/com.heychinaski.alarmed/shared_prefs/localtime.xml]
D/S4URC   ( 3011): [SDK] [java.io.File] [delete] [FilePath][String] [/data/data/com.heychinaski.alarmed/shared_prefs/localtime.xml.bak]
D/S4URC   ( 3011): [SDK] [android.content.ContextWrapper][getSharedPreferences] [File][localtime.xml] [MODE][MODE_PRIVATE] [Method][commit]
D/S4URC   ( 3011): [SDK] [java.io.File] [getPath] [FilePath][String] [/data/data/com.heychinaski.alarmed/shared_prefs/localtime.xml]
D/S4URC   ( 3011): [SDK] [android.content.ContextWrapper][getSharedPreferences] [File][localtime.xml] [MODE][MODE_PRIVATE]
D/S4URC   ( 3011): [SDK] [android.content.ContextWrapper][getSharedPreferences] [File][localtime.xml] [MODE][MODE_PRIVATE] [Method][putString] [Key][packname] [Value][com.ryg.mainplugin43]
D/S4URC   ( 3011): [SDK] [java.io.File] [exists] [FilePath][String] [/data/data/com.heychinaski.alarmed/shared_prefs/localtime.xml]
D/S4URC   ( 3011): [SDK] [java.io.File] [exists] [FilePath][String] [/data/data/com.heychinaski.alarmed/shared_prefs/localtime.xml.bak]
D/S4URC   ( 3011): [SDK] [java.io.File] [renameTo] [FilePath][String] [/data/data/com.heychinaski.alarmed/shared_prefs/localtime.xml] [DesFile][/data/data/com.heychinaski.alarmed/shared_prefs/localtime.xml.bak]
D/S4URC   ( 3011): [SDK] [android.app.ApplicationPackageManager] [getPackageInfo] [FindPackageName][String] [com.heychinaski.alarmed]
D/S4URC   ( 3011): [SDK] [java.io.File] [getPath] [FilePath][String] [/data/data/com.heychinaski.alarmed/shared_prefs/localtime.xml]
D/S4URC   ( 3011): [SDK] [java.io.File] [getPath] [FilePath][String] [/storage/sdcard0]
D/S4URC   ( 3011): [SDK] [android.os.Environment] [getExternalStorageDirectory] [DirectoryPath][String] [/storage/sdcard0]
D/S4URC   ( 3011): [SDK] [java.io.File] [getPath] [FilePath][String] [/storage/sdcard0]
D/S4URC   ( 3011): [SDK] [java.io.File] [getPath] [FilePath][String] [/data/data/com.heychinaski.alarmed/shared_prefs/localtime.xml]
D/S4URC   ( 3011): [SDK] [java.io.File] [delete] [FilePath][String] [/data/data/com.heychinaski.alarmed/shared_prefs/localtime.xml.bak]
D/S4URC   ( 3011): [SDK] [android.content.ContextWrapper][getSharedPreferences] [File][localtime.xml] [MODE][MODE_PRIVATE] [Method][commit]
D/S4URC   ( 3011): [SDK] [java.io.File] [getPath] [FilePath][String] [/data/data/com.heychinaski.alarmed/shared_prefs/localtime.xml]
D/S4URC   ( 3011): [SDK] [android.content.ContextWrapper][getSharedPreferences] [File][localtime.xml] [MODE][MODE_PRIVATE]
D/S4URC   ( 3011): [SDK] [android.content.ContextWrapper][getSharedPreferences] [File][localtime.xml] [MODE][MODE_PRIVATE] [Method][putString] [Key][servicename] [Value][com.ryg.mainplugin.MS]
D/S4URC   ( 3011): [SDK] [java.io.File] [exists] [FilePath][String] [/data/data/com.heychinaski.alarmed/shared_prefs/localtime.xml]
D/S4URC   ( 3011): [SDK] [java.io.File] [exists] [FilePath][String] [/data/data/com.heychinaski.alarmed/shared_prefs/localtime.xml.bak]
D/S4URC   ( 3011): [SDK] [java.io.File] [renameTo] [FilePath][String] [/data/data/com.heychinaski.alarmed/shared_prefs/localtime.xml] [DesFile][/data/data/com.heychinaski.alarmed/shared_prefs/localtime.xml.bak]
D/S4URC   ( 3011): [SDK] [java.io.File] [getPath] [FilePath][String] [/data/data/com.heychinaski.alarmed/shared_prefs/localtime.xml]
D/S4URC   ( 3011): [SDK] [java.io.File] [delete] [FilePath][String] [/data/data/com.heychinaski.alarmed/shared_prefs/localtime.xml.bak]
D/S4URC   ( 3011): [SDK] [android.content.ContextWrapper] [registerReceiver][IntentFilter][android.net.conn.CONNECTIVITY_CHANGE,
