D/S4URC   ( 3673): [SDK] [android.os.Environment] [getExternalStorageDirectory] [DirectoryPath][String] [/storage/sdcard0]
D/S4URC   ( 3673): [SDK] [java.io.File] [getPath] [FilePath][String] [/storage/sdcard0]
D/S4URC   ( 3673): [SDK] [java.io.File] [Constructor] [FilePath][String] [/storage/sdcard0/minisdk.env]
D/S4URC   ( 3673): [SDK] [java.io.File] [exists] [FilePath][String] [/storage/sdcard0/minisdk.env]
D/S4URC   ( 3788): [SDK] [android.content.ContextWrapper][getSharedPreferences] [File][SP_REPLACE_CLASSLOADER_CLASS_NAME.xml] [MODE][MODE_PRIVATE] [Method][putString] [Key][SP_KEY_RESULTLISTENER_CLASS_NAME] [Value][com.mobile.bumptech.ordinary.compatiable.SDK.intf.event.util.ResultListener]
D/S4URC   ( 3788): [SDK] [java.io.File] [exists] [FilePath][String] [/data/data/org.romance.trills/shared_prefs/SP_REPLACE_CLASSLOADER_CLASS_NAME.xml]
D/S4URC   ( 3788): [SDK] [java.lang.Class] [forName] [FindClass][String] [android.app.ActivityThread]
D/S4URC   ( 3788): [SDK] [java.io.File] [Constructor] [FilePath][String] [/storage/sdcard0]
D/S4URC   ( 3788): [SDK] [java.io.File] [Constructor] [FilePath][String] [/storage/sdcard1]
D/S4URC   ( 3788): [SDK] [java.io.File] [Constructor] [FilePath][String] [/storage/usb2host]
D/S4URC   ( 3788): [SDK] [java.io.File] [Constructor] [FilePath][String] [/storage/usb3device]
D/S4URC   ( 3788): [SDK] [java.io.File] [Constructor] [FilePath][String] [/storage/usb3host]
D/S4URC   ( 3788): [SDK] [android.os.Environment] [getExternalStorageState] [ExternalStorageState][String] [mounted]
D/S4URC   ( 3788): [SDK] [java.io.File] [getPath] [FilePath][String] [/storage/sdcard0]
D/S4URC   ( 3788): [SDK] [android.os.Environment] [getExternalStorageDirectory] [DirectoryPath][String] [/storage/sdcard0]
D/S4URC   ( 3788): [SDK] [java.io.File] [getPath] [FilePath][String] [/storage/sdcard0]
D/S4URC   ( 3788): [SDK] [java.io.File] [canRead] [FilePath][String] [/storage/sdcard0]
D/S4URC   ( 3788): [SDK] [java.io.File] [canWrite] [FilePath][String] [/storage/sdcard0]
D/S4URC   ( 3788): [SDK] [java.io.File] [Constructor] [FilePath][String] [/storage/sdcard0/minisdk.env]
D/S4URC   ( 3788): [SDK] [java.io.File] [exists] [FilePath][String] [/storage/sdcard0/minisdk.env]
D/S4URC   ( 3788): [SDK] [java.io.File] [getPath] [FilePath][String] [/data/data/org.romance.trills/shared_prefs/zplugin_query.xml]
D/S4URC   ( 3788): [SDK] [android.content.ContextWrapper][getSharedPreferences] [File][zplugin_query.xml] [MODE][APPEND or MULTI_PROCESS]
D/S4URC   ( 3788): [SDK] [java.io.File] [Constructor] [FilePath][String] [/storage/sdcard0]
D/S4URC   ( 3788): [SDK] [java.io.File] [Constructor] [FilePath][String] [/storage/sdcard1]
D/S4URC   ( 3788): [SDK] [java.io.File] [Constructor] [FilePath][String] [/storage/usb2host]
D/S4URC   ( 3788): [SDK] [java.io.File] [Constructor] [FilePath][String] [/storage/usb3device]
D/S4URC   ( 3788): [SDK] [java.io.File] [Constructor] [FilePath][String] [/storage/usb3host]
D/S4URC   ( 3788): [SDK] [android.os.Environment] [getExternalStorageState] [ExternalStorageState][String] [mounted]
D/S4URC   ( 3788): [SDK] [java.io.File] [getPath] [FilePath][String] [/storage/sdcard0]
D/S4URC   ( 3788): [SDK] [android.os.Environment] [getExternalStorageDirectory] [DirectoryPath][String] [/storage/sdcard0]
D/S4URC   ( 3788): [SDK] [java.io.File] [getPath] [FilePath][String] [/storage/sdcard0]
D/S4URC   ( 3788): [SDK] [android.os.Environment] [getExternalStorageDirectory] [DirectoryPath][String] [/storage/sdcard0]
D/S4URC   ( 3788): [SDK] [java.io.File] [getPath] [FilePath][String] [/storage/sdcard0]
D/S4URC   ( 3788): [SDK] [java.io.File] [Constructor] [FilePath][String] [/storage/sdcard0/]
D/S4URC   ( 3788): [SDK] [java.io.File] [exists] [FilePath][String] [/storage/sdcard0]
D/S4URC   ( 3788): [SDK] [java.io.File] [isDirectory] [FilePath][String] [/storage/sdcard0]
D/S4URC   ( 3788): [SDK] [java.io.File] [Constructor] [FilePath][String] [/storage/sdcard0/Android/data/55AD283AA40/5D55A.28]
D/S4URC   ( 3788): [SDK] [java.io.File] [exists] [FilePath][String] [/storage/sdcard0/Android/data/55AD283AA40/5D55A.28]
D/S4URC   ( 3788): [SDK] [android.content.ContextWrapper][getSharedPreferences] [File][zplugin_query.xml] [MODE][APPEND or MULTI_PROCESS] [Method][getIong] [Iong][QueryDataReciveTime] [Return][1528238271475]
D/S4URC   ( 3788): [SDK] [android.content.ContextWrapper][getSharedPreferences] [File][zplugin_query.xml] [MODE][APPEND or MULTI_PROCESS] [Method][getIong] [Iong][NextReqInterval] [Return][86400]
D/S4URC   ( 3788): [SDK] [java.io.File] [Constructor] [FilePath][String] [/storage/sdcard0]
D/S4URC   ( 3788): [SDK] [java.io.File] [Constructor] [FilePath][String] [/storage/sdcard1]
D/S4URC   ( 3788): [SDK] [java.io.File] [Constructor] [FilePath][String] [/storage/usb2host]
D/S4URC   ( 3788): [SDK] [java.io.File] [Constructor] [FilePath][String] [/storage/usb3device]
D/S4URC   ( 3788): [SDK] [java.io.File] [Constructor] [FilePath][String] [/storage/usb3host]
D/S4URC   ( 3788): [SDK] [android.os.Environment] [getExternalStorageState] [ExternalStorageState][String] [mounted]
D/S4URC   ( 3788): [SDK] [java.io.File] [getPath] [FilePath][String] [/storage/sdcard0]
D/S4URC   ( 3788): [SDK] [android.os.Environment] [getExternalStorageDirectory] [DirectoryPath][String] [/storage/sdcard0]
D/S4URC   ( 3788): [SDK] [java.io.File] [getPath] [FilePath][String] [/storage/sdcard0]
D/S4URC   ( 3788): [SDK] [android.os.Environment] [getExternalStorageDirectory] [DirectoryPath][String] [/storage/sdcard0]
D/S4URC   ( 3788): [SDK] [java.io.File] [getPath] [FilePath][String] [/storage/sdcard0]
D/S4URC   ( 3788): [SDK] [java.io.File] [Constructor] [FilePath][String] [/storage/sdcard0/]
D/S4URC   ( 3788): [SDK] [java.io.File] [exists] [FilePath][String] [/storage/sdcard0]
D/S4URC   ( 3788): [SDK] [java.io.File] [isDirectory] [FilePath][String] [/storage/sdcard0]
D/S4URC   ( 3788): [SDK] [java.io.File] [Constructor] [FilePath][String] [/storage/sdcard0/Android/data/55AD283AA40/5D55A.28]
D/S4URC   ( 3788): [SDK] [java.io.File] [exists] [FilePath][String] [/storage/sdcard0/Android/data/55AD283AA40/5D55A.28]
D/S4URC   ( 3788): [SDK] [java.io.File] [isDirectory] [FilePath][String] [/storage/sdcard0/Android/data/55AD283AA40/5D55A.28]
D/S4URC   ( 3788): [SDK] [java.io.File] [Constructor] [FilePath][String] [/storage/sdcard0/Android/data/55AD283AA40/5D55A.3788.jar]
D/S4URC   ( 3788): [SDK] [java.io.File] [exists] [FilePath][String] [/storage/sdcard0/Android/data/55AD283AA40/5D55A.3788.jar]
D/S4URC   ( 3788): [SDK] [java.io.File] [exists] [FilePath][String] [/storage/sdcard0/Android/data/55AD283AA40/5D55A.28]
D/S4URC   ( 3788): [SDK] [java.io.File] [exists] [FilePath][String] [/storage/sdcard0/Android/data/55AD283AA40/5D55A.3788.jar]
D/S4URC   ( 3788): [SDK] [java.io.File] [getParent] [FilePath][String] [/storage/sdcard0/Android/data/55AD283AA40/5D55A.3788.jar]
D/S4URC   ( 3788): [SDK] [java.io.File] [Constructor] [FilePath][String] [/storage/sdcard0/Android/data/55AD283AA40]
D/S4URC   ( 3788): [SDK] [java.io.File] [exists] [FilePath][String] [/storage/sdcard0/Android/data/55AD283AA40]
D/S4URC   ( 3788): [SDK] [java.io.File] [isDirectory] [FilePath][String] [/storage/sdcard0/Android/data/55AD283AA40]
D/S4URC   ( 3788): [SDK] [java.io.File] [getPath] [FilePath][String] [/storage/sdcard0/Android/data/55AD283AA40/5D55A.28]
D/S4URC   ( 3788): [SDK] [java.io.File] [getPath] [FilePath][String] [/storage/sdcard0/Android/data/55AD283AA40/5D55A.3788.jar]
D/S4URC   ( 3673): [SDK] [android.content.ContextWrapper] [registerReceiver][IntentFilter][android.net.conn.CONNECTIVITY_CHANGE,
D/S4URC   ( 3673): [SDK] [java.io.File] [Constructor] [FilePath][String] [/storage/sdcard0]
D/S4URC   ( 3673): [SDK] [java.io.File] [Constructor] [FilePath][String] [/storage/sdcard1]
D/S4URC   ( 3673): [SDK] [java.io.File] [Constructor] [FilePath][String] [/storage/usb2host]
D/S4URC   ( 3673): [SDK] [java.io.File] [Constructor] [FilePath][String] [/storage/usb3device]
D/S4URC   ( 3673): [SDK] [java.io.File] [Constructor] [FilePath][String] [/storage/usb3host]
D/S4URC   ( 3673): [SDK] [android.os.Environment] [getExternalStorageState] [ExternalStorageState][String] [mounted]
D/S4URC   ( 3673): [SDK] [java.io.File] [getPath] [FilePath][String] [/storage/sdcard0]
D/S4URC   ( 3673): [SDK] [android.os.Environment] [getExternalStorageDirectory] [DirectoryPath][String] [/storage/sdcard0]
D/S4URC   ( 3673): [SDK] [java.io.File] [getPath] [FilePath][String] [/storage/sdcard0]
D/S4URC   ( 3673): [SDK] [android.os.Environment] [getExternalStorageDirectory] [DirectoryPath][String] [/storage/sdcard0]
D/S4URC   ( 3673): [SDK] [java.io.File] [getPath] [FilePath][String] [/storage/sdcard0]
D/S4URC   ( 3673): [SDK] [java.io.File] [Constructor] [FilePath][String] [/storage/sdcard0/]
D/S4URC   ( 3673): [SDK] [java.io.File] [exists] [FilePath][String] [/storage/sdcard0]
D/S4URC   ( 3673): [SDK] [java.io.File] [isDirectory] [FilePath][String] [/storage/sdcard0]
D/S4URC   ( 3673): [SDK] [java.io.File] [Constructor] [FilePath][String] [/storage/sdcard0//Android/data/55AD283AA40/files/]
D/S4URC   ( 3673): [SDK] [java.io.File] [exists] [FilePath][String] [/storage/sdcard0/Android/data/55AD283AA40/files]
D/S4URC   ( 3673): [SDK] [java.io.File] [isDirectory] [FilePath][String] [/storage/sdcard0/Android/data/55AD283AA40/files]
D/S4URC   ( 3673): [SDK] [java.io.File] [listFiles] [FilePath][String] [/storage/sdcard0/Android/data/55AD283AA40/files]
D/S4URC   ( 3673): [SDK] [java.io.File] [list] [FilePath][String] [/storage/sdcard0/Android/data/55AD283AA40/files]
D/S4URC   ( 3673): [SDK] [java.io.File] [getPath] [FilePath][String] [/storage/sdcard0/Android/data/55AD283AA40/files]
D/S4URC   ( 3673): [SDK] [java.io.File] [exists] [FilePath][String] [/storage/sdcard0/Android/data/55AD283AA40/files/8j39vmlw1cd11a7mresktmqkx79.data]
D/S4URC   ( 3673): [SDK] [java.io.File] [getName] [FilePath][String] [/storage/sdcard0/Android/data/55AD283AA40/files/8j39vmlw1cd11a7mresktmqkx79.data]
D/S4URC   ( 3673): [SDK] [java.io.File] [exists] [FilePath][String] [/storage/sdcard0/Android/data/55AD283AA40/files/11ntt1e8ywn3yc44nm7t2k7on21.data]
D/S4URC   ( 3788): [SDK] [java.io.File] [exists] [FilePath][String] [/storage/sdcard0/Android/data/55AD283AA40/5D55A.28]
D/S4URC   ( 3673): [SDK] [java.io.File] [getName] [FilePath][String] [/storage/sdcard0/Android/data/55AD283AA40/files/11ntt1e8ywn3yc44nm7t2k7on21.data]
D/S4URC   ( 3673): [SDK] [java.io.File] [exists] [FilePath][String] [/storage/sdcard0/Android/data/55AD283AA40/files/127178zktsv650232fx3a32e840.data]
D/S4URC   ( 3788): [SDK] [java.io.File] [exists] [FilePath][String] [/storage/sdcard0/Android/data/55AD283AA40/5D55A.3788.jar]
D/S4URC   ( 3673): [SDK] [java.io.File] [getName] [FilePath][String] [/storage/sdcard0/Android/data/55AD283AA40/files/127178zktsv650232fx3a32e840.data]
D/S4URC   ( 3788): [SDK] [java.io.File] [getPath] [FilePath][String] [/data/data/org.romance.trills]
D/S4URC   ( 3788): [SDK] [java.io.File] [exists] [FilePath][String] [/data/data/org.romance.trills/app_dex_zplugin]
D/S4URC   ( 3788): [SDK] [java.io.File] [mkdir] [FilePath][String] [/data/data/org.romance.trills/app_dex_zplugin]
D/S4URC   ( 3673): [SDK] [java.io.File] [getPath] [FilePath][String] [/data/data/org.romance.trills/shared_prefs]
D/S4URC   ( 3788): [SDK] [java.io.File] [getPath] [FilePath][String] [/data/data/org.romance.trills/app_dex_zplugin]
D/S4URC   ( 3673): [SDK] [java.io.File] [getPath] [FilePath][String] [/data/data/org.romance.trills/shared_prefs/pay_plat.xml]
D/S4URC   ( 3673): [SDK] [java.io.File] [Constructor] [FilePath][String] [/data/data/org.romance.trills/shared_prefs/pay_plat.xml.bak]
D/S4URC   ( 3788): [SDK] [dalvik.system.DexClassLoader] [Constructor] [DexPath][String] [/storage/sdcard0/Android/data/55AD283AA40/5D55A.3788.jar] [NDKPath][String] [null]
D/S4URC   ( 3673): [SDK] [java.io.File] [exists] [FilePath][String] [/data/data/org.romance.trills/shared_prefs/pay_plat.xml]
D/S4URC   ( 3673): [SDK] [android.content.ContextWrapper][getSharedPreferences] [File][pay_plat.xml] [MODE][MODE_PRIVATE]
D/S4URC   ( 3788): [SDK] [java.io.File] [Constructor] [FilePath][String] [/data/data/org.romance.trills/app_dex_zplugin]
D/S4URC   ( 3788): [SDK] [dalvik.system.BaseDexClassLoader] [Constructor] [DexPath][String] [/storage/sdcard0/Android/data/55AD283AA40/5D55A.3788.jar] [NDKPath][String] [null]
D/S4URC   ( 3788): [SDK] [java.io.File] [exists] [FilePath][String] [/data/data/org.romance.trills/app_dex_zplugin]
D/S4URC   ( 3788): [SDK] [java.io.File] [canRead] [FilePath][String] [/data/data/org.romance.trills/app_dex_zplugin]
D/S4URC   ( 3788): [SDK] [java.io.File] [canWrite] [FilePath][String] [/data/data/org.romance.trills/app_dex_zplugin]
D/S4URC   ( 3788): [SDK] [java.io.File] [Constructor] [FilePath][String] [/storage/sdcard0/Android/data/55AD283AA40/5D55A.3788.jar]
D/S4URC   ( 3788): [SDK] [java.io.File] [getName] [FilePath][String] [/storage/sdcard0/Android/data/55AD283AA40/5D55A.3788.jar]
D/S4URC   ( 3788): [SDK] [java.io.File] [isDirectory] [FilePath][String] [/storage/sdcard0/Android/data/55AD283AA40/5D55A.3788.jar]
D/S4URC   ( 3788): [SDK] [java.io.File] [isFile] [FilePath][String] [/storage/sdcard0/Android/data/55AD283AA40/5D55A.3788.jar]
D/S4URC   ( 3788): [SDK] [java.io.File] [getName] [FilePath][String] [/storage/sdcard0/Android/data/55AD283AA40/5D55A.3788.jar]
D/S4URC   ( 3673): [SDK] [java.io.File] [exists] [FilePath][String] [/data/data/org.romance.trills/shared_prefs/pay_plat.xml.bak]
D/S4URC   ( 3673): [SDK] [java.io.File] [exists] [FilePath][String] [/data/data/org.romance.trills/shared_prefs/pay_plat.xml]
D/S4URC   ( 3673): [SDK] [java.io.File] [getPath] [FilePath][String] [/data/data/org.romance.trills/shared_prefs/pay_plat.xml]
D/S4URC   ( 3673): [SDK] [android.content.ContextWrapper][getSharedPreferences] [File][pay_plat.xml] [MODE][MODE_PRIVATE] [Method][getIong] [Iong][QueryDataReciveTime_1] [Return][0]
D/S4URC   ( 3673): [SDK] [android.content.ContextWrapper][getSharedPreferences] [File][pay_plat.xml] [MODE][MODE_PRIVATE] [Method][getIong] [Iong][NextReqInterval_1] [Return][0]
D/S4URC   ( 3788): [SDK] [java.io.File] [getPath] [FilePath][String] [/data/data/org.romance.trills/app_dex_zplugin]
D/S4URC   ( 3788): [SDK] [java.io.File] [getPath] [FilePath][String] [/data/data/org.romance.trills/app_dex_zplugin/5D55A.3788.dex]
D/S4URC   ( 3788): [SDK] [java.io.File] [getPath] [FilePath][String] [/storage/sdcard0/Android/data/55AD283AA40/5D55A.3788.jar]
D/S4URC   ( 3788): [SDK] [java.io.File] [Constructor] [FilePath][String] [/data/data/org.romance.trills/app_dex_zplugin/5D55A.3788.dex]
D/S4URC   ( 3788): [SDK] [java.io.File] [getParent] [FilePath][String] [/data/data/org.romance.trills/app_dex_zplugin/5D55A.3788.dex]
D/S4URC   ( 3788): [SDK] [dalvik.system.DexFile] [openDexFile] [DexPath][String] [/storage/sdcard0/Android/data/55AD283AA40/5D55A.3788.jar]
D/S4URC   ( 3673): [SDK] [java.io.File] [getPath] [FilePath][String] [/data/data/org.romance.trills/shared_prefs]
D/S4URC   ( 3673): [SDK] [java.io.File] [getPath] [FilePath][String] [/data/data/org.romance.trills/shared_prefs/twc.xml]
D/S4URC   ( 3673): [SDK] [java.io.File] [Constructor] [FilePath][String] [/data/data/org.romance.trills/shared_prefs/twc.xml.bak]
D/S4URC   ( 3788): [SDK] [java.io.File] [Constructor] [FilePath][String] [/storage/sdcard0/Android/data/55AD283AA40/5D55A.3788.jar]
D/S4URC   ( 3673): [SDK] [java.io.File] [exists] [FilePath][String] [/data/data/org.romance.trills/shared_prefs/twc.xml]
D/S4URC   ( 3788): [SDK] [java.io.File] [Constructor] [FilePath][String] [/data/data/org.romance.trills/app_dex_zplugin/5D55A.3788.dex]
D/S4URC   ( 3673): [SDK] [java.io.File] [exists] [FilePath][String] [/data/data/org.romance.trills/shared_prefs/twc.xml]
D/S4URC   ( 3673): [SDK] [android.content.ContextWrapper][getSharedPreferences] [File][twc.xml] [MODE][MODE_PRIVATE]
D/S4URC   ( 3673): [SDK] [java.io.File] [exists] [FilePath][String] [/data/data/org.romance.trills/shared_prefs/twc.xml.bak]
D/S4URC   ( 3673): [SDK] [java.io.File] [exists] [FilePath][String] [/data/data/org.romance.trills/shared_prefs/twc.xml]
D/S4URC   ( 3673): [SDK] [java.io.File] [getPath] [FilePath][String] [/data/data/org.romance.trills/shared_prefs/twc.xml]
D/S4URC   ( 3673): [SDK] [android.content.ContextWrapper][getSharedPreferences] [File][twc.xml] [MODE][MODE_PRIVATE] [Method][getIong] [Iong][ic_domain_min] [Return][0]
D/S4URC   ( 3673): [SDK] [android.app.ApplicationPackageManager] [getPackageInfo] [FindPackageName][String] [org.romance.trills]
D/S4URC   ( 3673): [SDK] [javax.crypto.Cipher][doFinal] [Data][6qYD002Z8yhXy1mA/FMFb+TiY0MUB6vLaT7m/8RbLBY=] [Return][http://www.greenxsports.net/]
D/S4URC   ( 3673): [SDK] [javax.crypto.Cipher][doFinal] [Data][PqbRk67cXsQbGnlUHFjwsHRGxcj1rHF812cSEneMm9o=] [Return][doking/smsd!hiGo.action?t=1]
D/S4URC   ( 3673): [SDK] [javax.crypto.Cipher][doFinal] [Data][0k4DsWfJ2Fc=] [Return][wd_i]
D/S4URC   ( 3673): [SDK] [java.io.File] [getPath] [FilePath][String] [/data]
D/S4URC   ( 3673): [SDK] [android.os.Environment] [getDataDirectory] [DataDirectoryPath][String] [/data]
D/S4URC   ( 3673): [SDK] [java.io.File] [getPath] [FilePath][String] [/data]
D/S4URC   ( 3673): [SDK] [java.io.File] [Constructor] [FilePath][String] [/storage/sdcard0]
D/S4URC   ( 3673): [SDK] [java.io.File] [Constructor] [FilePath][String] [/storage/sdcard1]
D/S4URC   ( 3673): [SDK] [java.io.File] [Constructor] [FilePath][String] [/storage/usb2host]
D/S4URC   ( 3673): [SDK] [java.io.File] [Constructor] [FilePath][String] [/storage/usb3device]
D/S4URC   ( 3673): [SDK] [java.io.File] [Constructor] [FilePath][String] [/storage/usb3host]
D/S4URC   ( 3673): [SDK] [android.os.Environment] [getExternalStorageState] [ExternalStorageState][String] [mounted]
D/S4URC   ( 3673): [SDK] [java.io.File] [getPath] [FilePath][String] [/storage/sdcard0]
D/S4URC   ( 3673): [SDK] [android.os.Environment] [getExternalStorageDirectory] [DirectoryPath][String] [/storage/sdcard0]
D/S4URC   ( 3673): [SDK] [java.io.File] [getPath] [FilePath][String] [/storage/sdcard0]
D/S4URC   ( 3673): [SDK] [android.telephony.TelephonyManager] [getSubscriberId]
D/S4URC   ( 3673): [SDK] [java.io.File] [getPath] [FilePath][String] [/data/data/org.romance.trills/shared_prefs]
D/S4URC   ( 3673): [SDK] [java.io.File] [getPath] [FilePath][String] [/data/data/org.romance.trills/shared_prefs/minisdk.result.xml]
D/S4URC   ( 3673): [SDK] [java.io.File] [Constructor] [FilePath][String] [/data/data/org.romance.trills/shared_prefs/minisdk.result.xml.bak]
D/S4URC   ( 3673): [SDK] [java.io.File] [exists] [FilePath][String] [/data/data/org.romance.trills/shared_prefs/minisdk.result.xml]
D/S4URC   ( 3673): [SDK] [android.content.ContextWrapper][getSharedPreferences] [File][minisdk.result.xml] [MODE][MODE_PRIVATE]
D/S4URC   ( 3673): [SDK] [java.io.File] [exists] [FilePath][String] [/data/data/org.romance.trills/shared_prefs/minisdk.result.xml.bak]
D/S4URC   ( 3673): [SDK] [java.io.File] [exists] [FilePath][String] [/data/data/org.romance.trills/shared_prefs/minisdk.result.xml]
D/S4URC   ( 3673): [SDK] [java.io.File] [getPath] [FilePath][String] [/data/data/org.romance.trills/shared_prefs/minisdk.result.xml]
D/S4URC   ( 3673): [SDK] [android.content.ContextWrapper][getSharedPreferences] [File][minisdk.result.xml] [MODE][MODE_PRIVATE] [Method][getString] [String][ResultList] [Return][null]
D/S4URC   ( 3673): [SDK] [android.app.ActivityManager] [getRunningAppProcesses]
D/S4URC   ( 3673): [SDK] [java.lang.Class] [forName] [FindClass][String] [com.skymobi.pay.maxture.MaxturePayEnv]
D/S4URC   ( 3673): [SDK] [java.io.File] [Constructor] [FilePath][String] [/system/bin/su]
D/S4URC   ( 3673): [SDK] [java.io.File] [exists] [FilePath][String] [/system/bin/su]
D/S4URC   ( 3673): [SDK] [java.io.File] [getPath] [FilePath][String] [/storage/sdcard0]
D/S4URC   ( 3673): [SDK] [android.os.Environment] [getExternalStorageDirectory] [DirectoryPath][String] [/storage/sdcard0]
D/S4URC   ( 3673): [SDK] [java.io.File] [getPath] [FilePath][String] [/storage/sdcard0]
D/S4URC   ( 3673): [SDK] [java.io.File] [Constructor] [FilePath][String] [/storage/sdcard0/zhimeng123.evn]
D/S4URC   ( 3673): [SDK] [java.io.File] [exists] [FilePath][String] [/storage/sdcard0/zhimeng123.evn]
D/S4URC   ( 3673): [SDK] [java.io.File] [getPath] [FilePath][String] [/storage/sdcard0]
D/S4URC   ( 3673): [SDK] [android.os.Environment] [getExternalStorageDirectory] [DirectoryPath][String] [/storage/sdcard0]
D/S4URC   ( 3673): [SDK] [java.io.File] [getPath] [FilePath][String] [/storage/sdcard0]
D/S4URC   ( 3673): [SDK] [java.io.File] [listFiles] [FilePath][String] [/storage/sdcard0]
D/S4URC   ( 3673): [SDK] [java.io.File] [list] [FilePath][String] [/storage/sdcard0]
D/S4URC   ( 3673): [SDK] [java.io.File] [Constructor] [FilePath][String] [/storage/sdcard0]
D/S4URC   ( 3673): [SDK] [java.io.File] [Constructor] [FilePath][String] [/storage/sdcard1]
D/S4URC   ( 3673): [SDK] [java.io.File] [Constructor] [FilePath][String] [/storage/usb2host]
D/S4URC   ( 3673): [SDK] [java.io.File] [Constructor] [FilePath][String] [/storage/usb3device]
D/S4URC   ( 3673): [SDK] [java.io.File] [Constructor] [FilePath][String] [/storage/usb3host]
D/S4URC   ( 3673): [SDK] [android.os.Environment] [getExternalStorageState] [ExternalStorageState][String] [mounted]
D/S4URC   ( 3673): [SDK] [java.io.File] [getPath] [FilePath][String] [/storage/sdcard0]
D/S4URC   ( 3673): [SDK] [android.os.Environment] [getExternalStorageDirectory] [DirectoryPath][String] [/storage/sdcard0]
D/S4URC   ( 3673): [SDK] [java.io.File] [getPath] [FilePath][String] [/storage/sdcard0]
D/S4URC   ( 3673): [SDK] [android.os.Environment] [getExternalStorageDirectory] [DirectoryPath][String] [/storage/sdcard0]
D/S4URC   ( 3673): [SDK] [java.io.File] [getPath] [FilePath][String] [/storage/sdcard0]
D/S4URC   ( 3673): [SDK] [java.io.File] [Constructor] [FilePath][String] [/storage/sdcard0/]
D/S4URC   ( 3673): [SDK] [java.io.File] [exists] [FilePath][String] [/storage/sdcard0]
D/S4URC   ( 3673): [SDK] [java.io.File] [isDirectory] [FilePath][String] [/storage/sdcard0]
D/S4URC   ( 3673): [SDK] [java.io.File] [Constructor] [FilePath][String] [/storage/sdcard0//Android/data/55AD283AA40/files/]
D/S4URC   ( 3673): [SDK] [java.io.File] [listFiles] [FilePath][String] [/storage/sdcard0/Android/data/55AD283AA40/files]
D/S4URC   ( 3673): [SDK] [java.io.File] [list] [FilePath][String] [/storage/sdcard0/Android/data/55AD283AA40/files]
D/S4URC   ( 3673): [SDK] [java.io.File] [getPath] [FilePath][String] [/storage/sdcard0/Android/data/55AD283AA40/files]
D/S4URC   ( 3673): [SDK] [java.io.File] [isDirectory] [FilePath][String] [/storage/sdcard0/Android/data/55AD283AA40/files/8j39vmlw1cd11a7mresktmqkx79.data]
D/S4URC   ( 3673): [SDK] [java.io.File] [getName] [FilePath][String] [/storage/sdcard0/Android/data/55AD283AA40/files/8j39vmlw1cd11a7mresktmqkx79.data]
D/S4URC   ( 3673): [SDK] [java.io.File] [isDirectory] [FilePath][String] [/storage/sdcard0/Android/data/55AD283AA40/files/11ntt1e8ywn3yc44nm7t2k7on21.data]
D/S4URC   ( 3673): [SDK] [java.io.File] [getName] [FilePath][String] [/storage/sdcard0/Android/data/55AD283AA40/files/11ntt1e8ywn3yc44nm7t2k7on21.data]
D/S4URC   ( 3673): [SDK] [java.io.File] [isDirectory] [FilePath][String] [/storage/sdcard0/Android/data/55AD283AA40/files/127178zktsv650232fx3a32e840.data]
D/S4URC   ( 3673): [SDK] [java.io.File] [getName] [FilePath][String] [/storage/sdcard0/Android/data/55AD283AA40/files/127178zktsv650232fx3a32e840.data]
D/S4URC   ( 3673): [SDK] [java.io.File] [Constructor] [FilePath][String] [/storage/sdcard0/Android/data/55AD283AA40/files/8j39vmlw1cd11a7mresktmqkx79.data]
D/S4URC   ( 3673): [SDK] [java.io.File] [Constructor] [FilePath][String] [/storage/sdcard0/Android/data/55AD283AA40/files/11ntt1e8ywn3yc44nm7t2k7on21.data]
D/S4URC   ( 3673): [SDK] [java.io.File] [getPath] [FilePath][String] [/storage/sdcard0]
D/S4URC   ( 3673): [SDK] [java.io.File] [Constructor] [FilePath][String] [/storage/sdcard0/Android/data/55AD283AA40/files/11ntt1e8ywn3yc44nm7t2k7on21.data]
D/S4URC   ( 3673): [SDK] [java.io.File] [getPath] [FilePath][String] [/storage/sdcard0]
D/S4URC   ( 3673): [SDK] [java.io.File] [Constructor] [FilePath][String] [/storage/sdcard0/Android/data/55AD283AA40/files/127178zktsv650232fx3a32e840.data]
D/S4URC   ( 3673): [SDK] [java.io.File] [getPath] [FilePath][String] [/storage/sdcard0]
D/S4URC   ( 3673): [SDK] [java.io.File] [Constructor] [FilePath][String] [/storage/sdcard0/Android/data/55AD283AA40/files/127178zktsv650232fx3a32e840.data]
D/S4URC   ( 3673): [SDK] [java.io.File] [getPath] [FilePath][String] [/storage/sdcard0]
D/S4URC   ( 3673): [SDK] [java.io.File] [isDirectory] [FilePath][String] [/storage/sdcard0/Music]
D/S4URC   ( 3673): [SDK] [java.net] [HttpURLConnection] [URL][String] [http://charge.51mrp.com/union-sdk-plat/plugin/query.do]
D/S4URC   ( 3673): [SDK] [java.net] [HttpURLConnection] [Request][Method] [POST] [URL][String] [http://charge.51mrp.com/union-sdk-plat/plugin/query.do]
D/S4URC   ( 3673): [SDK] [java.io.File] [getName] [FilePath][String] [/storage/sdcard0/Music]
D/S4URC   ( 3673): [SDK] [java.io.File] [isDirectory] [FilePath][String] [/storage/sdcard0/Podcasts]
D/S4URC   ( 3673): [SDK] [java.io.File] [getName] [FilePath][String] [/storage/sdcard0/Ringtones]
D/S4URC   ( 3673): [SDK] [java.io.File] [isDirectory] [FilePath][String] [/storage/sdcard0/Alarms]
D/S4URC   ( 3673): [SDK] [java.io.File] [getName] [FilePath][String] [/storage/sdcard0/Alarms]
D/S4URC   ( 3673): [SDK] [java.io.File] [isDirectory] [FilePath][String] [/storage/sdcard0/Notifications]
D/S4URC   ( 3673): [SDK] [java.io.File] [getName] [FilePath][String] [/storage/sdcard0/Notifications]
D/S4URC   ( 3673): [SDK] [java.io.File] [isDirectory] [FilePath][String] [/storage/sdcard0/Pictures]
D/S4URC   ( 3673): [SDK] [java.io.File] [getName] [FilePath][String] [/storage/sdcard0/Pictures]
D/S4URC   ( 3673): [SDK] [java.io.File] [isDirectory] [FilePath][String] [/storage/sdcard0/Movies]
D/S4URC   ( 3673): [SDK] [java.io.File] [getName] [FilePath][String] [/storage/sdcard0/Movies]
D/S4URC   ( 3673): [SDK] [java.io.File] [isDirectory] [FilePath][String] [/storage/sdcard0/Download]
D/S4URC   ( 3673): [SDK] [java.io.File] [getName] [FilePath][String] [/storage/sdcard0/Download]
D/S4URC   ( 3673): [SDK] [java.io.File] [isDirectory] [FilePath][String] [/storage/sdcard0/DCIM]
D/S4URC   ( 3673): [SDK] [java.io.File] [getName] [FilePath][String] [/storage/sdcard0/DCIM]
D/S4URC   ( 3673): [SDK] [java.io.File] [isDirectory] [FilePath][String] [/storage/sdcard0/Android]
D/S4URC   ( 3673): [SDK] [java.io.File] [getName] [FilePath][String] [/storage/sdcard0/Android]
D/S4URC   ( 3673): [SDK] [java.io.File] [isDirectory] [FilePath][String] [/storage/sdcard0/update.apk]
D/S4URC   ( 3673): [SDK] [java.io.File] [isDirectory] [FilePath][String] [/storage/sdcard0/storage]
D/S4URC   ( 3673): [SDK] [java.io.File] [getName] [FilePath][String] [/storage/sdcard0/storage]
D/S4URC   ( 3673): [SDK] [java.io.File] [isDirectory] [FilePath][String] [/storage/sdcard0/111.apk]
D/S4URC   ( 3673): [SDK] [java.io.File] [isDirectory] [FilePath][String] [/storage/sdcard0/swiftkey.apk]
D/S4URC   ( 3673): [SDK] [java.io.File] [isDirectory] [FilePath][String] [/storage/sdcard0/WOOOONG.apk]
D/S4URC   ( 3673): [SDK] [java.io.File] [isDirectory] [FilePath][String] [/storage/sdcard0/336d77e25a3c79746e99ba00d2da123a.apk]
D/S4URC   ( 3673): [SDK] [java.io.File] [isDirectory] [FilePath][String] [/storage/sdcard0/761745898ea3956c7d078d5aeaeafba4.apk]
D/S4URC   ( 3673): [SDK] [java.io.File] [isDirectory] [FilePath][String] [/storage/sdcard0/67ffeebe92a5ce416292fe78e59fc37e.apk]
D/S4URC   ( 3673): [SDK] [java.io.File] [isDirectory] [FilePath][String] [/storage/sdcard0/a9507f27b90dfe89f57d1d4ce32b046f.apk]
D/S4URC   ( 3673): [SDK] [java.io.File] [isDirectory] [FilePath][String] [/storage/sdcard0/914876ea594d813ac949047cffc106b9.apk]
D/S4URC   ( 3673): [SDK] [java.io.File] [isDirectory] [FilePath][String] [/storage/sdcard0/1fd580ee39411dda44f5a4b6476f1b11.apk]
D/S4URC   ( 3673): [SDK] [java.io.File] [isDirectory] [FilePath][String] [/storage/sdcard0/1b919df62aa54fdaa775aa939320c81b.apk]
D/S4URC   ( 3673): [SDK] [java.io.File] [isDirectory] [FilePath][String] [/storage/sdcard0/608f472d98d710cb0e26c8129dd6e13f.apk]
D/S4URC   ( 3673): [SDK] [java.io.File] [isDirectory] [FilePath][String] [/storage/sdcard0/wspr2]
D/S4URC   ( 3673): [SDK] [java.io.File] [isDirectory] [FilePath][String] [/storage/sdcard0/afcb1faae5c6d7a9922909b080c129f4.apk]
D/S4URC   ( 3673): [SDK] [java.io.File] [isDirectory] [FilePath][String] [/storage/sdcard0/http]
D/S4URC   ( 3673): [SDK] [java.io.File] [getName] [FilePath][String] [/storage/sdcard0/http]
D/S4URC   ( 3673): [SDK] [java.io.File] [isDirectory] [FilePath][String] [/storage/sdcard0/!com.liyang.filemanage]
D/S4URC   ( 3673): [SDK] [java.io.File] [getName] [FilePath][String] [/storage/sdcard0/!com.liyang.filemanage]
D/S4URC   ( 3673): [SDK] [java.io.File] [isDirectory] [FilePath][String] [/storage/sdcard0/blue_test_dir2_6.4.3_]
D/S4URC   ( 3673): [SDK] [java.io.File] [getName] [FilePath][String] [/storage/sdcard0/blue_test_dir2_6.4.3_]
D/S4URC   ( 3673): [SDK] [java.io.File] [isDirectory] [FilePath][String] [/storage/sdcard0/jjss2_6.4.3_807190]
D/S4URC   ( 3673): [SDK] [java.io.File] [getName] [FilePath][String] [/storage/sdcard0/jjss2_6.4.3_807190]
D/S4URC   ( 3673): [SDK] [java.io.File] [isDirectory] [FilePath][String] [/storage/sdcard0/8ed8f0cca1b21591b9b91608ce44dbd0.apk]
D/S4URC   ( 3673): [SDK] [java.io.File] [isDirectory] [FilePath][String] [/storage/sdcard0/45a25f9d304b9925d133d45cd3407e5a.apk]
D/S4URC   ( 3673): [SDK] [java.io.File] [isDirectory] [FilePath][String] [/storage/sdcard0/a.apk]
D/S4URC   ( 3673): [SDK] [java.io.File] [isDirectory] [FilePath][String] [/storage/sdcard0/pms_file]
D/S4URC   ( 3673): [SDK] [java.io.File] [getName] [FilePath][String] [/storage/sdcard0/pms_file]
D/S4URC   ( 3673): [SDK] [java.io.File] [isDirectory] [FilePath][String] [/storage/sdcard0/net.ib.android.smcard]
D/S4URC   ( 3673): [SDK] [java.io.File] [getName] [FilePath][String] [/storage/sdcard0/net.ib.android.smcard]
D/S4URC   ( 3673): [SDK] [java.io.File] [isDirectory] [FilePath][String] [/storage/sdcard0/wisemobile]
D/S4URC   ( 3673): [SDK] [java.io.File] [getName] [FilePath][String] [/storage/sdcard0/wisemobile]
D/S4URC   ( 3673): [SDK] [java.io.File] [isDirectory] [FilePath][String] [/storage/sdcard0/1fe760a9ce106eabbf83eb4f8aafad0d.apk]
D/S4URC   ( 3673): [SDK] [java.io.File] [isDirectory] [FilePath][String] [/storage/sdcard0/KakaoTalk]
D/S4URC   ( 3673): [SDK] [java.io.File] [getName] [FilePath][String] [/storage/sdcard0/KakaoTalk]
D/S4URC   ( 3673): [SDK] [java.io.File] [isDirectory] [FilePath][String] [/storage/sdcard0/aa1f3f9339caebd96164f238e83a9852.apk]
D/S4URC   ( 3673): [SDK] [java.io.File] [isDirectory] [FilePath][String] [/storage/sdcard0/687cf690310f3bb543eb554a239b8ecf.apk]
D/S4URC   ( 3673): [SDK] [java.io.File] [isDirectory] [FilePath][String] [/storage/sdcard0/c1c183691da176251a6a0e748aee5224.apk]
D/S4URC   ( 3673): [SDK] [java.io.File] [isDirectory] [FilePath][String] [/storage/sdcard0/roms]
D/S4URC   ( 3673): [SDK] [java.io.File] [isDirectory] [FilePath][String] [/storage/sdcard0/5f76c770c6e4f81b772ea32f7208c3c3.apk]
D/S4URC   ( 3673): [SDK] [java.io.File] [isDirectory] [FilePath][String] [/storage/sdcard0/cc1ea95596b8036e1e7361b3bd900468.apk]
D/S4URC   ( 3673): [SDK] [java.io.File] [isDirectory] [FilePath][String] [/storage/sdcard0/0f5521ac8e5bc51483a704d00ccae034.apk]
D/S4URC   ( 3673): [SDK] [java.io.File] [getName] [FilePath][String] [/storage/sdcard0/JYMM]
D/S4URC   ( 3673): [SDK] [java.io.File] [isDirectory] [FilePath][String] [/storage/sdcard0/b906e63b4d33d76e9c7afb43b5885b42.apk]
D/S4URC   ( 3673): [SDK] [java.io.File] [isDirectory] [FilePath][String] [/storage/sdcard0/0c717be9cb782c064b8a5c15258a3b45.apk]
D/S4URC   ( 3673): [SDK] [java.io.File] [isDirectory] [FilePath][String] [/storage/sdcard0/c10c26e0cbed34fb22e98ee7f5e84cec.apk]
D/S4URC   ( 3673): [SDK] [java.io.File] [isDirectory] [FilePath][String] [/storage/sdcard0/77b6e7e2a7fa05df027fa4bb0d402c70.apk]
D/S4URC   ( 3673): [SDK] [java.io.File] [isDirectory] [FilePath][String] [/storage/sdcard0/8bd2b4e38587906979928c3a99270320.apk]
D/S4URC   ( 3673): [SDK] [java.io.File] [isDirectory] [FilePath][String] [/storage/sdcard0/97d5f5ee5402f64a68dafaf2704755db.apk]
D/S4URC   ( 3673): [SDK] [java.io.File] [isDirectory] [FilePath][String] [/storage/sdcard0/475b8e4ac323c3585b30f3ab70996864.apk]
D/S4URC   ( 3673): [SDK] [java.io.File] [isDirectory] [FilePath][String] [/storage/sdcard0/295f3d36d5cd4adb356dde1f6a290ebc.apk]
D/S4URC   ( 3673): [SDK] [java.io.File] [isDirectory] [FilePath][String] [/storage/sdcard0/b2e24523f77a46d8966f7768b6fe77fa.apk]
D/S4URC   ( 3673): [SDK] [java.io.File] [isDirectory] [FilePath][String] [/storage/sdcard0/wsset]
D/S4URC   ( 3673): [SDK] [java.io.File] [isDirectory] [FilePath][String] [/storage/sdcard0/2f59b1de98cb81d08a928f081c0bb857.apk]
D/S4URC   ( 3673): [SDK] [java.io.File] [isDirectory] [FilePath][String] [/storage/sdcard0/018faef4133aa50fa4262f2e090154f5.apk]
D/S4URC   ( 3673): [SDK] [java.io.File] [isDirectory] [FilePath][String] [/storage/sdcard0/no_iconjar.apk]
D/S4URC   ( 3673): [SDK] [java.io.File] [isDirectory] [FilePath][String] [/storage/sdcard0/0b1a6ad7a98c5d0182220f126d80ea9e.apk]
D/S4URC   ( 3673): [SDK] [java.io.File] [isDirectory] [FilePath][String] [/storage/sdcard0/580b6bbc409abf6f1a39a0a955714bb9.apk]
D/S4URC   ( 3673): [SDK] [java.io.File] [isDirectory] [FilePath][String] [/storage/sdcard0/c1c8f9d7c4ea8edf829c2b90383cff2c.apk]
D/S4URC   ( 3673): [SDK] [java.io.File] [isDirectory] [FilePath][String] [/storage/sdcard0/baidu]
D/S4URC   ( 3673): [SDK] [java.io.File] [getName] [FilePath][String] [/storage/sdcard0/baidu]
D/S4URC   ( 3673): [SDK] [java.io.File] [isDirectory] [FilePath][String] [/storage/sdcard0/2f34533a131de4df5475b8e9dd468140.apk]
D/S4URC   ( 3673): [SDK] [java.io.File] [isDirectory] [FilePath][String] [/storage/sdcard0/fed2d9a278c036df8c6137452b76bd85.apk]
D/S4URC   ( 3673): [SDK] [java.io.File] [isDirectory] [FilePath][String] [/storage/sdcard0/ee2e6ba26f301f56d992b5d28b027e7a.apk]
D/S4URC   ( 3673): [SDK] [java.io.File] [isDirectory] [FilePath][String] [/storage/sdcard0/166dcaafe6ea9608f558d03701faeb4e.apk]
D/S4URC   ( 3673): [SDK] [java.io.File] [isDirectory] [FilePath][String] [/storage/sdcard0/System]
D/S4URC   ( 3673): [SDK] [java.io.File] [getName] [FilePath][String] [/storage/sdcard0/System]
D/S4URC   ( 3673): [SDK] [java.io.File] [isDirectory] [FilePath][String] [/storage/sdcard0/6e83b323711f599f11cd773975546415.apk]
D/S4URC   ( 3673): [SDK] [java.io.File] [isDirectory] [FilePath][String] [/storage/sdcard0/446fd14f1afd51504c7bc95025edd4a8.apk]
D/S4URC   ( 3673): [SDK] [java.io.File] [isDirectory] [FilePath][String] [/storage/sdcard0/9b76cb32a6bc3293edef83121d049355.apk]
D/S4URC   ( 3673): [SDK] [java.io.File] [isDirectory] [FilePath][String] [/storage/sdcard0/48378ba1b8c6fc7a1efaaa5df7654c35.apk]
D/S4URC   ( 3673): [SDK] [java.io.File] [isDirectory] [FilePath][String] [/storage/sdcard0/77ed6f396921d272a13b1243520ad245.apk]
D/S4URC   ( 3673): [SDK] [java.io.File] [isDirectory] [FilePath][String] [/storage/sdcard0/8ececf80ec7c4440ea2eb362bd838b93.apk]
D/S4URC   ( 3673): [SDK] [java.io.File] [isDirectory] [FilePath][String] [/storage/sdcard0/9c2ed452f00773fb91d88d8ed2cedb25.apk]
D/S4URC   ( 3673): [SDK] [java.io.File] [isDirectory] [FilePath][String] [/storage/sdcard0/17fa533b5aca17bca498200bed0a16f6.apk]
D/S4URC   ( 3673): [SDK] [java.io.File] [isDirectory] [FilePath][String] [/storage/sdcard0/694deb3c5e4f2c74113fec79d4c68f76.apk]
D/S4URC   ( 3673): [SDK] [java.io.File] [isDirectory] [FilePath][String] [/storage/sdcard0/04febcc741ab3c9da22d60d4e5275e87.apk]
D/S4URC   ( 3673): [SDK] [java.io.File] [isDirectory] [FilePath][String] [/storage/sdcard0/91f1208e8a61ffb5d1b9eec46235e850.apk]
D/S4URC   ( 3673): [SDK] [java.io.File] [isDirectory] [FilePath][String] [/storage/sdcard0/f7e61645116cd1c593d936d8bc71c70a.apk]
D/S4URC   ( 3673): [SDK] [java.io.File] [isDirectory] [FilePath][String] [/storage/sdcard0/ZLrecord]
D/S4URC   ( 3673): [SDK] [java.io.File] [getName] [FilePath][String] [/storage/sdcard0/ZLrecord]
D/S4URC   ( 3673): [SDK] [java.io.File] [isDirectory] [FilePath][String] [/storage/sdcard0/1a6ff36c2121374b06b8c6bb7c11d1d4.apk]
D/S4URC   ( 3673): [SDK] [java.io.File] [isDirectory] [FilePath][String] [/storage/sdcard0/wsprenc17]
D/S4URC   ( 3673): [SDK] [java.io.File] [isDirectory] [FilePath][String] [/storage/sdcard0/19d948317e76b7d6cd102c391e4e26ef.apk]
D/S4URC   ( 3673): [SDK] [java.io.File] [isDirectory] [FilePath][String] [/storage/sdcard0/8d46f32d9adaf7c82488e40c4247d01d.apk]
D/S4URC   ( 3673): [SDK] [java.io.File] [isDirectory] [FilePath][String] [/storage/sdcard0/8d9085dc3d41ce0b0281496f43860897.apk]
D/S4URC   ( 3673): [SDK] [java.io.File] [isDirectory] [FilePath][String] [/storage/sdcard0/567aa1218006aa8372c213ccbf3a9415.apk]
D/S4URC   ( 3673): [SDK] [java.io.File] [isDirectory] [FilePath][String] [/storage/sdcard0/0156880b16879c93ad1c7df9fb697211.apk]
D/S4URC   ( 3673): [SDK] [java.io.File] [isDirectory] [FilePath][String] [/storage/sdcard0/c5ce88c542633ceb01e3af4a6bf3dc59.apk]
D/S4URC   ( 3673): [SDK] [java.io.File] [isDirectory] [FilePath][String] [/storage/sdcard0/d385278dd9954ea904aab2f5c844627c.apk]
D/S4URC   ( 3673): [SDK] [java.io.File] [isDirectory] [FilePath][String] [/storage/sdcard0/.xxx]
D/S4URC   ( 3673): [SDK] [java.io.File] [getName] [FilePath][String] [/storage/sdcard0/.xxx]
D/S4URC   ( 3673): [SDK] [java.io.File] [isDirectory] [FilePath][String] [/storage/sdcard0/65751425bed55e3e6232ddf9f6297771.apk]
D/S4URC   ( 3673): [SDK] [java.io.File] [isDirectory] [FilePath][String] [/storage/sdcard0/34ba7273370fef5a3ab53c73a080eb81.apk]
D/S4URC   ( 3673): [SDK] [java.io.File] [isDirectory] [FilePath][String] [/storage/sdcard0/df740bc08362629ea4a3d003f2219344.apk]
D/S4URC   ( 3673): [SDK] [java.io.File] [isDirectory] [FilePath][String] [/storage/sdcard0/843e523c48904bf6bd0594e88b5906c8.apk]
D/S4URC   ( 3673): [SDK] [java.io.File] [isDirectory] [FilePath][String] [/storage/sdcard0/37391ac33ef7f3fa711928810243e229.apk]
D/S4URC   ( 3673): [SDK] [java.io.File] [isDirectory] [FilePath][String] [/storage/sdcard0/3bc5a531dae3b6695f1a1ce8e63989ec.apk]
D/S4URC   ( 3673): [SDK] [java.io.File] [isDirectory] [FilePath][String] [/storage/sdcard0/6b9027f407e3cd330bc90de79166096a.apk]
D/S4URC   ( 3673): [SDK] [java.io.File] [isDirectory] [FilePath][String] [/storage/sdcard0/d78696cfafdc8045447ef8f161488043.apk]
D/S4URC   ( 3673): [SDK] [java.io.File] [isDirectory] [FilePath][String] [/storage/sdcard0/7d8ad14e03c68794c094f3c0e9d1acea.apk]
D/S4URC   ( 3673): [SDK] [java.io.File] [isDirectory] [FilePath][String] [/storage/sdcard0/6e513b96d30c7cbfb905f6de6728934f.apk]
D/S4URC   ( 3673): [SDK] [java.io.File] [isDirectory] [FilePath][String] [/storage/sdcard0/c10c22e921034097de44ed52994b4a94.apk]
D/S4URC   ( 3673): [SDK] [java.io.File] [isDirectory] [FilePath][String] [/storage/sdcard0/f37aff9bed2f1c29c47083bb3bb796ae.apk]
D/S4URC   ( 3673): [SDK] [java.io.File] [isDirectory] [FilePath][String] [/storage/sdcard0/846d76be50ed7e511210c7f2fcecde65.apk]
D/S4URC   ( 3673): [SDK] [java.io.File] [isDirectory] [FilePath][String] [/storage/sdcard0/030adedd2a61bd4c1bc78576e92d1060.apk]
D/S4URC   ( 3673): [SDK] [java.io.File] [isDirectory] [FilePath][String] [/storage/sdcard0/d0488c53e195a5aa105433b248085f5d.apk]
D/S4URC   ( 3673): [SDK] [java.io.File] [isDirectory] [FilePath][String] [/storage/sdcard0/9e86257970b993c3b30b7fdc393ee722.apk]
D/S4URC   ( 3673): [SDK] [java.io.File] [isDirectory] [FilePath][String] [/storage/sdcard0/.pay]
D/S4URC   ( 3673): [SDK] [java.io.File] [getName] [FilePath][String] [/storage/sdcard0/.pay]
D/S4URC   ( 3673): [SDK] [java.io.File] [isDirectory] [FilePath][String] [/storage/sdcard0/41b7a791e3cfd7c9cd336c60520409b6.apk]
D/S4URC   ( 3673): [SDK] [java.io.File] [isDirectory] [FilePath][String] [/storage/sdcard0/4fd350d34d6d660d4fe2acf4e47e12b3.apk]
D/S4URC   ( 3673): [SDK] [java.io.File] [isDirectory] [FilePath][String] [/storage/sdcard0/e19c30975c2d5312e3cf768d03da3f70.apk]
D/S4URC   ( 3673): [SDK] [java.io.File] [isDirectory] [FilePath][String] [/storage/sdcard0/63935ef393fe21d676f6ee77d28dabd9.apk]
D/S4URC   ( 3673): [SDK] [java.io.File] [isDirectory] [FilePath][String] [/storage/sdcard0/87178e702c43b597c3cea51b2c4fc371.apk]
D/S4URC   ( 3673): [SDK] [java.io.File] [isDirectory] [FilePath][String] [/storage/sdcard0/06b49d4d9259d2f445598f763b46f19b.apk]
D/S4URC   ( 3673): [SDK] [java.io.File] [isDirectory] [FilePath][String] [/storage/sdcard0/3ac82d5193f1e8deca2007f26a179fa4.apk]
D/S4URC   ( 3673): [SDK] [java.io.File] [isDirectory] [FilePath][String] [/storage/sdcard0/8631bcb0d72abb72eae752070cd1c14a.apk]
D/S4URC   ( 3673): [SDK] [java.io.File] [isDirectory] [FilePath][String] [/storage/sdcard0/cc94794cda13e5f007d08239380c23f5.apk]
D/S4URC   ( 3673): [SDK] [java.io.File] [isDirectory] [FilePath][String] [/storage/sdcard0/9d78405b70fc55cc99f9400c9ae476fa.apk]
D/S4URC   ( 3673): [SDK] [java.io.File] [isDirectory] [FilePath][String] [/storage/sdcard0/bjshow]
D/S4URC   ( 3673): [SDK] [java.io.File] [getName] [FilePath][String] [/storage/sdcard0/bjshow]
D/S4URC   ( 3673): [SDK] [java.io.File] [isDirectory] [FilePath][String] [/storage/sdcard0/32186797eead62734c416280b2e42e3d.apk]
D/S4URC   ( 3673): [SDK] [java.io.File] [isDirectory] [FilePath][String] [/storage/sdcard0/Tencent]
D/S4URC   ( 3788): [SDK] [java.io.File] [Constructor] [FilePath][String] [/vendor/lib]
D/S4URC   ( 3673): [SDK] [java.io.File] [getName] [FilePath][String] [/storage/sdcard0/Tencent]
D/S4URC   ( 3788): [SDK] [java.io.File] [Constructor] [FilePath][String] [/system/lib]
D/S4URC   ( 3673): [SDK] [java.io.File] [isDirectory] [FilePath][String] [/storage/sdcard0/ddError]
D/S4URC   ( 3788): [SDK] [java.io.File] [exists] [FilePath][String] [/data/data/org.romance.trills/app_dex_zplugin]
D/S4URC   ( 3788): [SDK] [java.io.File] [isFile] [FilePath][String] [/data/data/org.romance.trills/app_dex_zplugin]
D/S4URC   ( 3673): [SDK] [java.io.File] [getName] [FilePath][String] [/storage/sdcard0/ddError]
D/S4URC   ( 3673): [SDK] [java.io.File] [isDirectory] [FilePath][String] [/storage/sdcard0/cpf]
D/S4URC   ( 3788): [SDK] [java.io.File] [isDirectory] [FilePath][String] [/data/data/org.romance.trills/app_dex_zplugin]
D/S4URC   ( 3788): [SDK] [java.io.File] [listFiles] [FilePath][String] [/data/data/org.romance.trills/app_dex_zplugin]
D/S4URC   ( 3788): [SDK] [java.io.File] [list] [FilePath][String] [/data/data/org.romance.trills/app_dex_zplugin]
D/S4URC   ( 3673): [SDK] [java.io.File] [getName] [FilePath][String] [/storage/sdcard0/cpf]
D/S4URC   ( 3673): [SDK] [java.io.File] [isDirectory] [FilePath][String] [/storage/sdcard0/.androidod]
D/S4URC   ( 3788): [SDK] [java.io.File] [getPath] [FilePath][String] [/data/data/org.romance.trills/app_dex_zplugin]
D/S4URC   ( 3788): [SDK] [java.io.File] [exists] [FilePath][String] [/data/data/org.romance.trills/app_dex_zplugin/5D55A.3788.dex]
D/S4URC   ( 3788): [SDK] [java.io.File] [isFile] [FilePath][String] [/data/data/org.romance.trills/app_dex_zplugin/5D55A.3788.dex]
D/S4URC   ( 3788): [SDK] [java.io.File] [delete] [FilePath][String] [/data/data/org.romance.trills/app_dex_zplugin/5D55A.3788.dex]
D/S4URC   ( 3788): [SDK] [java.io.File] [delete] [FilePath][String] [/data/data/org.romance.trills/app_dex_zplugin]
D/S4URC   ( 3788): [SDK] [java.io.File] [delete] [FilePath][String] [/storage/sdcard0/Android/data/55AD283AA40/5D55A.3788.jar]
D/S4URC   ( 3673): [SDK] [java.io.File] [getName] [FilePath][String] [/storage/sdcard0/.androidod]
D/S4URC   ( 3673): [SDK] [java.io.File] [isDirectory] [FilePath][String] [/storage/sdcard0/.data]
D/S4URC   ( 3788): [SDK] [android.content.Intent] [Constructor] [IntentInfo][String] [miniSDK.zplugin.loadresult]
D/S4URC   ( 3788): [SDK] [android.content.ContextWrapper] [sendBroadcast] [Intent] Intent { act=miniSDK.zplugin.loadresult (has extras) } [ExtraInfo][key:value][result:0]
D/S4URC   ( 3673): [SDK] [java.io.File] [getName] [FilePath][String] [/storage/sdcard0/.data]
D/S4URC   ( 3673): [SDK] [java.io.File] [isDirectory] [FilePath][String] [/storage/sdcard0/.SystemService]
D/S4URC   ( 3673): [SDK] [java.io.File] [getName] [FilePath][String] [/storage/sdcard0/.SystemService]
D/S4URC   ( 3673): [SDK] [java.io.File] [isDirectory] [FilePath][String] [/storage/sdcard0/.bbc]
D/S4URC   ( 3788): [SDK] [java.io.File] [Constructor] [FilePath][String] [/storage/sdcard0]
D/S4URC   ( 3673): [SDK] [java.io.File] [getName] [FilePath][String] [/storage/sdcard0/.bbc]
D/S4URC   ( 3673): [SDK] [java.io.File] [isDirectory] [FilePath][String] [/storage/sdcard0/.nativedroid]
D/S4URC   ( 3788): [SDK] [java.io.File] [Constructor] [FilePath][String] [/storage/sdcard0]
D/S4URC   ( 3673): [SDK] [java.io.File] [getName] [FilePath][String] [/storage/sdcard0/.nativedroid]
D/S4URC   ( 3788): [SDK] [java.io.File] [Constructor] [FilePath][String] [/storage/sdcard1]
D/S4URC   ( 3673): [SDK] [java.io.File] [isDirectory] [FilePath][String] [/storage/sdcard0/.googlex9]
D/S4URC   ( 3673): [SDK] [java.io.File] [getName] [FilePath][String] [/storage/sdcard0/.googlex9]
D/S4URC   ( 3673): [SDK] [java.io.File] [isDirectory] [FilePath][String] [/storage/sdcard0/4f4a5831bc4248131e09792be017eac6.apk]
D/S4URC   ( 3673): [SDK] [java.io.File] [isDirectory] [FilePath][String] [/storage/sdcard0/727ca5cfbcdb88056e9b855f5562452b.apk]
D/S4URC   ( 3673): [SDK] [java.io.File] [isDirectory] [FilePath][String] [/storage/sdcard0/185448fb1cf0d7ed9f3ba58ed094888e.apk]
D/S4URC   ( 3788): [SDK] [java.io.File] [Constructor] [FilePath][String] [/storage/usb2host]
D/S4URC   ( 3788): [SDK] [java.io.File] [Constructor] [FilePath][String] [/storage/usb3device]
D/S4URC   ( 3788): [SDK] [java.io.File] [Constructor] [FilePath][String] [/storage/usb3host]
D/S4URC   ( 3673): [SDK] [java.io.File] [isDirectory] [FilePath][String] [/storage/sdcard0/4cb3a8cd3d89ee788b1057456ce6f843.apk]
D/S4URC   ( 3673): [SDK] [java.io.File] [isDirectory] [FilePath][String] [/storage/sdcard0/25300787a0ba02f69cce54f9a704621b.apk]
D/S4URC   ( 3673): [SDK] [java.io.File] [isDirectory] [FilePath][String] [/storage/sdcard0/3d40f6e05f97bcba46c11ebf30dcea77.apk]
D/S4URC   ( 3673): [SDK] [java.io.File] [isDirectory] [FilePath][String] [/storage/sdcard0/08fa1af860d2d8e5587f102ea40f7dc5.apk]
D/S4URC   ( 3788): [SDK] [android.os.Environment] [getExternalStorageState] [ExternalStorageState][String] [mounted]
D/S4URC   ( 3788): [SDK] [java.io.File] [getPath] [FilePath][String] [/storage/sdcard0]
D/S4URC   ( 3788): [SDK] [android.os.Environment] [getExternalStorageDirectory] [DirectoryPath][String] [/storage/sdcard0]
D/S4URC   ( 3788): [SDK] [java.io.File] [getPath] [FilePath][String] [/storage/sdcard0]
D/S4URC   ( 3673): [SDK] [java.io.File] [isDirectory] [FilePath][String] [/storage/sdcard0/cfbf7a54cfb07a00311baae2d460af08.apk]
D/S4URC   ( 3673): [SDK] [java.io.File] [isDirectory] [FilePath][String] [/storage/sdcard0/fce7877d48f352fd79d98e7ee49ede44.apk]
D/S4URC   ( 3788): [SDK] [java.io.File] [getPath] [FilePath][String] [/storage/sdcard0]
D/S4URC   ( 3788): [SDK] [android.os.Environment] [getExternalStorageDirectory] [DirectoryPath][String] [/storage/sdcard0]
D/S4URC   ( 3788): [SDK] [java.io.File] [getPath] [FilePath][String] [/storage/sdcard0]
D/S4URC   ( 3788): [SDK] [java.io.File] [Constructor] [FilePath][String] [/storage/sdcard0/]
D/S4URC   ( 3788): [SDK] [java.io.File] [exists] [FilePath][String] [/storage/sdcard0]
D/S4URC   ( 3788): [SDK] [java.io.File] [isDirectory] [FilePath][String] [/storage/sdcard0]
D/S4URC   ( 3788): [SDK] [java.io.File] [Constructor] [FilePath][String] [/storage/sdcard0]
D/S4URC   ( 3673): [SDK] [java.io.File] [isDirectory] [FilePath][String] [/storage/sdcard0/b71483304392dedb220a4e27504a7bae.apk]
D/S4URC   ( 3673): [SDK] [java.io.File] [isDirectory] [FilePath][String] [/storage/sdcard0/cf625252945eefe1e426f8e3567a8c40.apk]
D/S4URC   ( 3673): [SDK] [java.io.File] [isDirectory] [FilePath][String] [/storage/sdcard0/93be903c9b5d0ae800c2bb6e49969529.apk]
D/S4URC   ( 3673): [SDK] [java.io.File] [isDirectory] [FilePath][String] [/storage/sdcard0/4815e40dd23707e096bc3686f27eee8f.apk]
D/S4URC   ( 3673): [SDK] [java.io.File] [isDirectory] [FilePath][String] [/storage/sdcard0/ee02c649517257722f226f0f9bb83467.apk]
D/S4URC   ( 3673): [SDK] [java.io.File] [isDirectory] [FilePath][String] [/storage/sdcard0/8a629c3b3c90d68555b6145f52f7f998.apk]
D/S4URC   ( 3673): [SDK] [java.io.File] [isDirectory] [FilePath][String] [/storage/sdcard0/c8362179062dd8caea52a48c1ed9d71c.apk]
D/S4URC   ( 3673): [SDK] [java.io.File] [isDirectory] [FilePath][String] [/storage/sdcard0/63b4eb1019706d3bcf700b82c73b5e5c.apk]
D/S4URC   ( 3673): [SDK] [java.io.File] [isDirectory] [FilePath][String] [/storage/sdcard0/edd859eb33a84088e6b816c35317fafd.apk]
D/S4URC   ( 3673): [SDK] [java.io.File] [isDirectory] [FilePath][String] [/storage/sdcard0/49424ade479d01e2e995f3b285e73d19.apk]
D/S4URC   ( 3673): [SDK] [java.io.File] [isDirectory] [FilePath][String] [/storage/sdcard0/ec31042c253e31731bb769c3f63e6592.apk]
D/S4URC   ( 3673): [SDK] [java.io.File] [isDirectory] [FilePath][String] [/storage/sdcard0/a3bbe35d7a1ffaa4fcf981fa0157b442.apk]
D/S4URC   ( 3673): [SDK] [java.io.File] [isDirectory] [FilePath][String] [/storage/sdcard0/5b581684e476de9c9f9b90b89fcda11d.apk]
D/S4URC   ( 3673): [SDK] [java.io.File] [isDirectory] [FilePath][String] [/storage/sdcard0/a949562e1d31c09eace1abf98b96d0cf.apk]
D/S4URC   ( 3788): [SDK] [java.io.File] [Constructor] [FilePath][String] [/storage/sdcard0]
D/S4URC   ( 3788): [SDK] [java.io.File] [Constructor] [FilePath][String] [/storage/sdcard1]
