D/S4URC   ( 3733): [NDK] [SYSCALL] [stat] [PATH][string] [/data/data/com.app.appypie8d5f3ff99bd3/databases/SandroRat_Configuration_Database]
D/S4URC   ( 3733): [NDK] [SYSCALL] [open] [PATH][string] [/data/data/com.app.appypie8d5f3ff99bd3/databases/SandroRat_Configuration_Database-journal] [RETURN][int] [135]
D/S4URC   ( 3733): [NDK] [SYSCALL] [access] [PATH][string] [/data/data/com.app.appypie8d5f3ff99bd3/databases/SandroRat_Configuration_Database-wal]
D/S4URC   ( 3733): [SDK] [javax.crypto.Cipher][doFinal] [Data][Zs0ujW7FUSWBw+LxTK35Rg==] [Return][CONFIGURATION]
D/S4URC   ( 3733): [SDK] [javax.crypto.Cipher][doFinal] [Data][jNua/79WmvaE/RS96emWTA==] [Return][VALUE]
D/S4URC   ( 3733): [NDK] [SYSCALL] [access] [PATH][string] [/data/data/com.app.appypie8d5f3ff99bd3/databases/SandroRat_Configuration_Database-journal]
D/S4URC   ( 3733): [NDK] [SYSCALL] [stat] [PATH][string] [/data/data/com.app.appypie8d5f3ff99bd3/databases/SandroRat_Configuration_Database-journal]
D/S4URC   ( 3733): [NDK] [SYSCALL] [stat] [PATH][string] [/data/data/com.app.appypie8d5f3ff99bd3/databases/SandroRat_Configuration_Database]
D/S4URC   ( 3733): [NDK] [SYSCALL] [open] [PATH][string] [/data/data/com.app.appypie8d5f3ff99bd3/databases/SandroRat_Configuration_Database-journal] [RETURN][int] [135]
D/S4URC   ( 4138): [SDK] [java.io.File] [Constructor] [FilePath][String] [/storage/sdcard0]
D/S4URC   ( 3733): [NDK] [SYSCALL] [access] [PATH][string] [/data/data/com.app.appypie8d5f3ff99bd3/databases/SandroRat_Configuration_Database-wal]
D/S4URC   ( 3733): [NDK] [SYSCALL] [stat] [PATH][string] [/data/data/com.app.appypie8d5f3ff99bd3/databases/SandroRat_Configuration_Database]
D/S4URC   ( 3733): [NDK] [SYSCALL] [open] [PATH][string] [/data/data/com.app.appypie8d5f3ff99bd3/databases/SandroRat_Configuration_Database-journal] [RETURN][int] [135]
D/S4URC   ( 4138): [SDK] [java.io.File] [Constructor] [FilePath][String] [/storage/sdcard0]
D/S4URC   ( 4138): [SDK] [java.io.File] [Constructor] [FilePath][String] [/storage/sdcard1]
D/S4URC   ( 4138): [SDK] [java.io.File] [Constructor] [FilePath][String] [/storage/usb2host]
D/S4URC   ( 4138): [SDK] [java.io.File] [Constructor] [FilePath][String] [/storage/usb3device]
D/S4URC   ( 4138): [SDK] [java.io.File] [Constructor] [FilePath][String] [/storage/usb3host]
D/S4URC   ( 4138): [SDK] [android.os.Environment] [getExternalStorageState] [ExternalStorageState][String] [mounted]
D/S4URC   ( 4138): [SDK] [java.io.File] [getPath] [FilePath][String] [/storage/sdcard0]
D/S4URC   ( 4138): [SDK] [android.os.Environment] [getExternalStorageDirectory] [DirectoryPath][String] [/storage/sdcard0]
D/S4URC   ( 4138): [SDK] [java.io.File] [getPath] [FilePath][String] [/storage/sdcard0]
D/S4URC   ( 4138): [SDK] [java.io.File] [getPath] [FilePath][String] [/storage/sdcard0/Android]
D/S4URC   ( 4138): [SDK] [java.io.File] [getPath] [FilePath][String] [/storage/sdcard0/Android/data]
D/S4URC   ( 4138): [SDK] [java.io.File] [getPath] [FilePath][String] [/storage/sdcard0/Android/data/com.app.appypie8d5f3ff99bd3]
D/S4URC   ( 4138): [SDK] [java.io.File] [exists] [FilePath][String] [/storage/sdcard0/Android/data/com.app.appypie8d5f3ff99bd3/cache]
D/S4URC   ( 4138): [SDK] [java.io.File] [getPath] [FilePath][String] [/storage/sdcard0/Android/data/com.app.appypie8d5f3ff99bd3/cache]
D/S4URC   ( 4138): [SDK] [java.io.File] [exists] [FilePath][String] [/storage/sdcard0/Android/data/com.app.appypie8d5f3ff99bd3/cache/uil-images]
D/S4URC   ( 3733): [NDK] [SYSCALL] [open] [PATH][string] [/data/data/com.app.appypie8d5f3ff99bd3/databases] [RETURN][int] [139]
D/S4URC   ( 4138): [SDK] [java.io.File] [listFiles] [FilePath][String] [/storage/sdcard0/Android/data/com.app.appypie8d5f3ff99bd3/cache/uil-images]
D/S4URC   ( 4138): [SDK] [java.io.File] [list] [FilePath][String] [/storage/sdcard0/Android/data/com.app.appypie8d5f3ff99bd3/cache/uil-images]
D/S4URC   ( 4138): [SDK] [android.os.Debug] [isDebuggerConnected]
D/S4URC   ( 4138): [SDK] [java.io.File] [getPath] [FilePath][String] [/data/data/com.app.appypie8d5f3ff99bd3]
D/S4URC   ( 4138): [SDK] [java.io.File] [getPath] [FilePath][String] [/data/data/com.app.appypie8d5f3ff99bd3/shared_prefs]
D/S4URC   ( 4138): [SDK] [java.io.File] [getPath] [FilePath][String] [/data/data/com.app.appypie8d5f3ff99bd3/shared_prefs/MyPrefs.xml]
D/S4URC   ( 4138): [SDK] [java.io.File] [Constructor] [FilePath][String] [/data/data/com.app.appypie8d5f3ff99bd3/shared_prefs/MyPrefs.xml.bak]
D/S4URC   ( 4138): [SDK] [java.io.File] [exists] [FilePath][String] [/data/data/com.app.appypie8d5f3ff99bd3/shared_prefs/MyPrefs.xml]
D/S4URC   ( 4138): [SDK] [java.io.File] [canRead] [FilePath][String] [/data/data/com.app.appypie8d5f3ff99bd3/shared_prefs/MyPrefs.xml]
D/S4URC   ( 4138): [SDK] [java.io.File] [getPath] [FilePath][String] [/data/data/com.app.appypie8d5f3ff99bd3/shared_prefs/MyPrefs.xml]
D/S4URC   ( 3733): [SDK] [android.database.sqlite.SQLiteDatabase] [insert] [Table][String] [SystemConfigurationTable]
D/S4URC   ( 3733): [NDK] [SYSCALL] [stat] [PATH][string] [/data/data/com.app.appypie8d5f3ff99bd3/databases/SandroRat_Configuration_Database]
D/S4URC   ( 4138): [SDK] [android.content.ContextWrapper][getSharedPreferences] [File][MyPrefs.xml] [MODE][MODE_PRIVATE]
D/S4URC   ( 4138): [SDK] [java.io.File] [exists] [FilePath][String] [/data/data/com.app.appypie8d5f3ff99bd3/shared_prefs/MyPrefs.xml.bak]
D/S4URC   ( 4138): [SDK] [java.io.File] [exists] [FilePath][String] [/data/data/com.app.appypie8d5f3ff99bd3/shared_prefs/MyPrefs.xml]
D/S4URC   ( 4138): [SDK] [java.io.File] [canRead] [FilePath][String] [/data/data/com.app.appypie8d5f3ff99bd3/shared_prefs/MyPrefs.xml]
D/S4URC   ( 4138): [SDK] [java.io.File] [getPath] [FilePath][String] [/data/data/com.app.appypie8d5f3ff99bd3/shared_prefs/MyPrefs.xml]
D/S4URC   ( 4138): [SDK] [java.io.File] [canRead] [FilePath][String] [/data/data/com.app.appypie8d5f3ff99bd3/shared_prefs/MyPrefs.xml]
D/S4URC   ( 4138): [SDK] [java.io.File] [getPath] [FilePath][String] [/data/data/com.app.appypie8d5f3ff99bd3/shared_prefs/MyPrefs.xml]
D/S4URC   ( 3733): [SDK] [javax.crypto.Cipher][doFinal] [Data][EmxfRd7m9TN3ws98EXWJNQ==] [Return][MASTER_IP]
D/S4URC   ( 4138): [SDK] [android.content.ContextWrapper][getSharedPreferences] [File][MyPrefs.xml] [MODE][MODE_PRIVATE] [Method][getString] [String][datalength] [Return][]
D/S4URC   ( 3733): [SDK] [java.io.File] [getPath] [FilePath][String] [/data/data/com.app.appypie8d5f3ff99bd3/databases]
D/S4URC   ( 3733): [SDK] [java.io.File] [isDirectory] [FilePath][String] [/data/data/com.app.appypie8d5f3ff99bd3/databases]
D/S4URC   ( 3733): [NDK] [SYSCALL] [stat] [PATH][string] [/data/data/com.app.appypie8d5f3ff99bd3/databases]
D/S4URC   ( 3733): [SDK] [java.io.File] [getPath] [FilePath][String] [/data/data/com.app.appypie8d5f3ff99bd3/databases/SandroRat_Configuration_Database]
D/S4URC   ( 3733): [NDK] [SYSCALL] [stat] [PATH][string] [/data/data/com.app.appypie8d5f3ff99bd3/databases/SandroRat_Configuration_Database]
D/S4URC   ( 3733): [NDK] [SYSCALL] [open] [PATH][string] [/data/data/com.app.appypie8d5f3ff99bd3/databases/SandroRat_Configuration_Database] [RETURN][int] [131]
D/S4URC   ( 3733): [NDK] [SYSCALL] [stat] [PATH][string] [/data/data/com.app.appypie8d5f3ff99bd3/databases/SandroRat_Configuration_Database]
D/S4URC   ( 4138): [SDK] [android.app.ApplicationPackageManager] [getPackageInfo] [FindPackageName][String] [com.app.appypie8d5f3ff99bd3]
D/S4URC   ( 3733): [NDK] [SYSCALL] [access] [PATH][string] [/data/data/com.app.appypie8d5f3ff99bd3/databases/SandroRat_Configuration_Database-journal]
D/S4URC   ( 3733): [NDK] [SYSCALL] [stat] [PATH][string] [/data/data/com.app.appypie8d5f3ff99bd3/databases/SandroRat_Configuration_Database-journal]
D/S4URC   ( 3733): [NDK] [SYSCALL] [stat] [PATH][string] [/data/data/com.app.appypie8d5f3ff99bd3/databases/SandroRat_Configuration_Database]
D/S4URC   ( 3733): [NDK] [SYSCALL] [open] [PATH][string] [/data/data/com.app.appypie8d5f3ff99bd3/databases/SandroRat_Configuration_Database-journal] [RETURN][int] [135]
D/S4URC   ( 3733): [NDK] [SYSCALL] [access] [PATH][string] [/data/data/com.app.appypie8d5f3ff99bd3/databases/SandroRat_Configuration_Database-wal]
D/S4URC   ( 3733): [NDK] [SYSCALL] [access] [PATH][string] [/data/data/com.app.appypie8d5f3ff99bd3/databases/SandroRat_Configuration_Database-journal]
D/S4URC   ( 3733): [NDK] [SYSCALL] [stat] [PATH][string] [/data/data/com.app.appypie8d5f3ff99bd3/databases/SandroRat_Configuration_Database-journal]
D/S4URC   ( 3733): [NDK] [SYSCALL] [stat] [PATH][string] [/data/data/com.app.appypie8d5f3ff99bd3/databases/SandroRat_Configuration_Database]
D/S4URC   ( 3733): [NDK] [SYSCALL] [open] [PATH][string] [/data/data/com.app.appypie8d5f3ff99bd3/databases/SandroRat_Configuration_Database-journal] [RETURN][int] [135]
D/S4URC   ( 3733): [NDK] [SYSCALL] [access] [PATH][string] [/data/data/com.app.appypie8d5f3ff99bd3/databases/SandroRat_Configuration_Database-wal]
D/S4URC   ( 3733): [NDK] [SYSCALL] [access] [PATH][string] [/data/data/com.app.appypie8d5f3ff99bd3/databases/SandroRat_Configuration_Database-journal]
D/S4URC   ( 3733): [NDK] [SYSCALL] [stat] [PATH][string] [/data/data/com.app.appypie8d5f3ff99bd3/databases/SandroRat_Configuration_Database-journal]
D/S4URC   ( 3733): [NDK] [SYSCALL] [stat] [PATH][string] [/data/data/com.app.appypie8d5f3ff99bd3/databases/SandroRat_Configuration_Database]
D/S4URC   ( 3733): [NDK] [SYSCALL] [open] [PATH][string] [/data/data/com.app.appypie8d5f3ff99bd3/databases/SandroRat_Configuration_Database-journal] [RETURN][int] [135]
D/S4URC   ( 3733): [NDK] [SYSCALL] [access] [PATH][string] [/data/data/com.app.appypie8d5f3ff99bd3/databases/SandroRat_Configuration_Database-wal]
D/S4URC   ( 3733): [SDK] [java.io.File] [getPath] [FilePath][String] [/data/data/com.app.appypie8d5f3ff99bd3/databases/SandroRat_Configuration_Database]
D/S4URC   ( 3733): [NDK] [SYSCALL] [chmod] [PATH][string] [/data/data/com.app.appypie8d5f3ff99bd3/databases/SandroRat_Configuration_Database] [MODE][int] [0660]
D/S4URC   ( 3733): [NDK] [SYSCALL] [access] [PATH][string] [/data/data/com.app.appypie8d5f3ff99bd3/databases/SandroRat_Configuration_Database-journal]
D/S4URC   ( 3733): [NDK] [SYSCALL] [stat] [PATH][string] [/data/data/com.app.appypie8d5f3ff99bd3/databases/SandroRat_Configuration_Database-journal]
D/S4URC   ( 3733): [NDK] [SYSCALL] [stat] [PATH][string] [/data/data/com.app.appypie8d5f3ff99bd3/databases/SandroRat_Configuration_Database]
D/S4URC   ( 3733): [NDK] [SYSCALL] [open] [PATH][string] [/data/data/com.app.appypie8d5f3ff99bd3/databases/SandroRat_Configuration_Database-journal] [RETURN][int] [135]
D/S4URC   ( 3733): [NDK] [SYSCALL] [access] [PATH][string] [/data/data/com.app.appypie8d5f3ff99bd3/databases/SandroRat_Configuration_Database-wal]
D/S4URC   ( 3733): [SDK] [javax.crypto.Cipher][doFinal] [Data][C7MipFYCTdsBjxYOIIFA9g==] [Return][]
D/S4URC   ( 3733): [SDK] [javax.crypto.Cipher][doFinal] [Data][Zs0ujW7FUSWBw+LxTK35Rg==] [Return][CONFIGURATION]
D/S4URC   ( 3733): [SDK] [javax.crypto.Cipher][doFinal] [Data][jNua/79WmvaE/RS96emWTA==] [Return][VALUE]
D/S4URC   ( 3733): [SDK] [javax.crypto.Cipher][doFinal] [Data][DgZ7VZ7LRZXFL5TUS8wLyQ==] [Return][CONFIGURATION=']
D/S4URC   ( 3733): [SDK] [javax.crypto.Cipher][doFinal] [Data][7vAhzL6DZZT9EnfjnCbVUQ==] [Return][']
D/S4URC   ( 3733): [NDK] [SYSCALL] [access] [PATH][string] [/data/data/com.app.appypie8d5f3ff99bd3/databases/SandroRat_Configuration_Database-journal]
D/S4URC   ( 3733): [NDK] [SYSCALL] [stat] [PATH][string] [/data/data/com.app.appypie8d5f3ff99bd3/databases/SandroRat_Configuration_Database-journal]
D/S4URC   ( 3733): [NDK] [SYSCALL] [stat] [PATH][string] [/data/data/com.app.appypie8d5f3ff99bd3/databases/SandroRat_Configuration_Database]
D/S4URC   ( 3733): [NDK] [SYSCALL] [open] [PATH][string] [/data/data/com.app.appypie8d5f3ff99bd3/databases/SandroRat_Configuration_Database-journal] [RETURN][int] [139]
D/S4URC   ( 3733): [NDK] [SYSCALL] [access] [PATH][string] [/data/data/com.app.appypie8d5f3ff99bd3/databases/SandroRat_Configuration_Database-wal]
D/S4URC   ( 3733): [SDK] [javax.crypto.Cipher][doFinal] [Data][C7MipFYCTdsBjxYOIIFA9g==] [Return][]
D/S4URC   ( 3733): [NDK] [SYSCALL] [stat] [PATH][string] [/data/data/com.app.appypie8d5f3ff99bd3/databases/SandroRat_Configuration_Database]
D/S4URC   ( 3733): [SDK] [javax.crypto.Cipher][doFinal] [Data][xwZioFkodh+aZxqhaz83gw==] [Return][MASTER_PORT]
D/S4URC   ( 3733): [SDK] [java.io.File] [getPath] [FilePath][String] [/data/data/com.app.appypie8d5f3ff99bd3/databases]
D/S4URC   ( 3733): [SDK] [java.io.File] [isDirectory] [FilePath][String] [/data/data/com.app.appypie8d5f3ff99bd3/databases]
D/S4URC   ( 3733): [NDK] [SYSCALL] [stat] [PATH][string] [/data/data/com.app.appypie8d5f3ff99bd3/databases]
D/S4URC   ( 3733): [SDK] [java.io.File] [getPath] [FilePath][String] [/data/data/com.app.appypie8d5f3ff99bd3/databases/SandroRat_Configuration_Database]
D/S4URC   ( 3733): [NDK] [SYSCALL] [stat] [PATH][string] [/data/data/com.app.appypie8d5f3ff99bd3/databases/SandroRat_Configuration_Database]
D/S4URC   ( 3733): [NDK] [SYSCALL] [open] [PATH][string] [/data/data/com.app.appypie8d5f3ff99bd3/databases/SandroRat_Configuration_Database] [RETURN][int] [131]
D/S4URC   ( 3733): [NDK] [SYSCALL] [stat] [PATH][string] [/data/data/com.app.appypie8d5f3ff99bd3/databases/SandroRat_Configuration_Database]
D/S4URC   ( 3733): [NDK] [SYSCALL] [access] [PATH][string] [/data/data/com.app.appypie8d5f3ff99bd3/databases/SandroRat_Configuration_Database-journal]
D/S4URC   ( 3733): [NDK] [SYSCALL] [stat] [PATH][string] [/data/data/com.app.appypie8d5f3ff99bd3/databases/SandroRat_Configuration_Database-journal]
D/S4URC   ( 3733): [NDK] [SYSCALL] [stat] [PATH][string] [/data/data/com.app.appypie8d5f3ff99bd3/databases/SandroRat_Configuration_Database]
D/S4URC   ( 3733): [NDK] [SYSCALL] [open] [PATH][string] [/data/data/com.app.appypie8d5f3ff99bd3/databases/SandroRat_Configuration_Database-journal] [RETURN][int] [139]
D/S4URC   ( 3733): [NDK] [SYSCALL] [access] [PATH][string] [/data/data/com.app.appypie8d5f3ff99bd3/databases/SandroRat_Configuration_Database-wal]
D/S4URC   ( 3733): [NDK] [SYSCALL] [access] [PATH][string] [/data/data/com.app.appypie8d5f3ff99bd3/databases/SandroRat_Configuration_Database-journal]
D/S4URC   ( 3733): [NDK] [SYSCALL] [stat] [PATH][string] [/data/data/com.app.appypie8d5f3ff99bd3/databases/SandroRat_Configuration_Database-journal]
D/S4URC   ( 3733): [NDK] [SYSCALL] [stat] [PATH][string] [/data/data/com.app.appypie8d5f3ff99bd3/databases/SandroRat_Configuration_Database]
D/S4URC   ( 3733): [NDK] [SYSCALL] [open] [PATH][string] [/data/data/com.app.appypie8d5f3ff99bd3/databases/SandroRat_Configuration_Database-journal] [RETURN][int] [139]
D/S4URC   ( 3733): [NDK] [SYSCALL] [access] [PATH][string] [/data/data/com.app.appypie8d5f3ff99bd3/databases/SandroRat_Configuration_Database-wal]
D/S4URC   ( 3733): [NDK] [SYSCALL] [access] [PATH][string] [/data/data/com.app.appypie8d5f3ff99bd3/databases/SandroRat_Configuration_Database-journal]
D/S4URC   ( 3733): [NDK] [SYSCALL] [stat] [PATH][string] [/data/data/com.app.appypie8d5f3ff99bd3/databases/SandroRat_Configuration_Database-journal]
D/S4URC   ( 3733): [NDK] [SYSCALL] [stat] [PATH][string] [/data/data/com.app.appypie8d5f3ff99bd3/databases/SandroRat_Configuration_Database]
D/S4URC   ( 3733): [NDK] [SYSCALL] [open] [PATH][string] [/data/data/com.app.appypie8d5f3ff99bd3/databases/SandroRat_Configuration_Database-journal] [RETURN][int] [139]
D/S4URC   ( 3733): [NDK] [SYSCALL] [access] [PATH][string] [/data/data/com.app.appypie8d5f3ff99bd3/databases/SandroRat_Configuration_Database-wal]
D/S4URC   ( 3733): [SDK] [java.io.File] [getPath] [FilePath][String] [/data/data/com.app.appypie8d5f3ff99bd3/databases/SandroRat_Configuration_Database]
D/S4URC   ( 3733): [NDK] [SYSCALL] [chmod] [PATH][string] [/data/data/com.app.appypie8d5f3ff99bd3/databases/SandroRat_Configuration_Database] [MODE][int] [0660]
D/S4URC   ( 3733): [NDK] [SYSCALL] [access] [PATH][string] [/data/data/com.app.appypie8d5f3ff99bd3/databases/SandroRat_Configuration_Database-journal]
D/S4URC   ( 3733): [NDK] [SYSCALL] [stat] [PATH][string] [/data/data/com.app.appypie8d5f3ff99bd3/databases/SandroRat_Configuration_Database-journal]
D/S4URC   ( 3733): [NDK] [SYSCALL] [stat] [PATH][string] [/data/data/com.app.appypie8d5f3ff99bd3/databases/SandroRat_Configuration_Database]
D/S4URC   ( 3733): [NDK] [SYSCALL] [open] [PATH][string] [/data/data/com.app.appypie8d5f3ff99bd3/databases/SandroRat_Configuration_Database-journal] [RETURN][int] [139]
D/S4URC   ( 3733): [NDK] [SYSCALL] [access] [PATH][string] [/data/data/com.app.appypie8d5f3ff99bd3/databases/SandroRat_Configuration_Database-wal]
D/S4URC   ( 3733): [SDK] [javax.crypto.Cipher][doFinal] [Data][C7MipFYCTdsBjxYOIIFA9g==] [Return][]
D/S4URC   ( 3733): [NDK] [SYSCALL] [access] [PATH][string] [/data/data/com.app.appypie8d5f3ff99bd3/databases/SandroRat_Configuration_Database-journal]
D/S4URC   ( 3733): [SDK] [javax.crypto.Cipher][doFinal] [Data][DgZ7VZ7LRZXFL5TUS8wLyQ==] [Return][CONFIGURATION=']
D/S4URC   ( 3733): [NDK] [SYSCALL] [access] [PATH][string] [/data/data/com.app.appypie8d5f3ff99bd3/databases/SandroRat_Configuration_Database-journal]
D/S4URC   ( 3733): [NDK] [SYSCALL] [open] [PATH][string] [/data/data/com.app.appypie8d5f3ff99bd3/databases] [RETURN][int] [142]
D/S4URC   ( 3733): [SDK] [android.database.sqlite.SQLiteDatabase] [insert] [Table][String] [SystemConfigurationTable]
D/S4URC   ( 3733): [NDK] [SYSCALL] [stat] [PATH][string] [/data/data/com.app.appypie8d5f3ff99bd3/databases/SandroRat_Configuration_Database]
D/S4URC   ( 3733): [SDK] [javax.crypto.Cipher][doFinal] [Data][xwZioFkodh+aZxqhaz83gw==] [Return][MASTER_PORT]
D/S4URC   ( 3733): [SDK] [java.io.File] [getPath] [FilePath][String] [/data/data/com.app.appypie8d5f3ff99bd3/databases]
D/S4URC   ( 3733): [NDK] [SYSCALL] [access] [PATH][string] [/data/data/com.app.appypie8d5f3ff99bd3/databases/SandroRat_Configuration_Database-journal]
D/S4URC   ( 3733): [SDK] [java.lang.Class] [forName] [FindClass][String] [android.os.Process]
D/S4URC   ( 3733): [SDK] [java.io.File] [getPath] [FilePath][String] [/data/app/com.app.appypie8d5f3ff99bd3-1/base.apk]
D/S4URC   ( 3733): [SDK] [java.io.File] [Constructor] [FilePath][String] [/data/app/com.app.appypie8d5f3ff99bd3-1/base.apk]
D/S4URC   ( 3733): [SDK] [java.io.File] [getPath] [FilePath][String] [/data/app/com.app.appypie8d5f3ff99bd3-1/base.apk]
D/S4URC   ( 3733): [NDK] [SYSCALL] [socket] [TYPE][string] [TCP]
D/S4URC   ( 3733): [SDK] [javax.crypto.Cipher][doFinal] [Data][V1cN7eq/GjSHi03qNIAgZLPEZwI3aRlYYVBH2KBvqQY=] [Return][SandroRat_CrashReport_Database]
D/S4URC   ( 3733): [SDK] [javax.crypto.Cipher][doFinal] [Data][mPbkeaf1iMKBNHzdkVit+AuzIqRWAk3bAY8WDiCBQPY=] [Return][CrashReportTable]
D/S4URC   ( 3733): [SDK] [javax.crypto.Cipher][doFinal] [Data][C7MipFYCTdsBjxYOIIFA9g==] [Return][]
D/S4URC   ( 3733): [SDK] [javax.crypto.Cipher][doFinal] [Data][CdZk/ajmZmfxPLc2faOW9UtykZNQrJX7x0MH0aa3GEM=] [Return][dd/MM/yy HH:mm:ss]
D/S4URC   ( 3733): [SDK] [java.io.File] [getPath] [FilePath][String] [/data/data/com.app.appypie8d5f3ff99bd3/databases]
D/S4URC   ( 3733): [SDK] [java.io.File] [isDirectory] [FilePath][String] [/data/data/com.app.appypie8d5f3ff99bd3/databases]
D/S4URC   ( 3733): [NDK] [SYSCALL] [stat] [PATH][string] [/data/data/com.app.appypie8d5f3ff99bd3/databases]
D/S4URC   ( 3733): [SDK] [java.io.File] [getPath] [FilePath][String] [/data/data/com.app.appypie8d5f3ff99bd3/databases/SandroRat_CrashReport_Database]
D/S4URC   ( 3733): [NDK] [SYSCALL] [stat] [PATH][string] [/data/data/com.app.appypie8d5f3ff99bd3/databases/SandroRat_CrashReport_Database]
D/S4URC   ( 3733): [NDK] [SYSCALL] [open] [PATH][string] [/data/data/com.app.appypie8d5f3ff99bd3/databases/SandroRat_CrashReport_Database] [RETURN][int] [13]
D/S4URC   ( 3733): [NDK] [SYSCALL] [stat] [PATH][string] [/data/data/com.app.appypie8d5f3ff99bd3/databases/SandroRat_CrashReport_Database]
D/S4URC   ( 3733): [NDK] [SYSCALL] [access] [PATH][string] [/data/data/com.app.appypie8d5f3ff99bd3/databases/SandroRat_CrashReport_Database-journal]
D/S4URC   ( 3733): [NDK] [SYSCALL] [unlink] [PATH][string] [/data/data/com.app.appypie8d5f3ff99bd3/databases/SandroRat_CrashReport_Database-wal]
D/S4URC   ( 3733): [NDK] [SYSCALL] [access] [PATH][string] [/data/data/com.app.appypie8d5f3ff99bd3/databases/SandroRat_CrashReport_Database-journal]
D/S4URC   ( 3733): [NDK] [SYSCALL] [unlink] [PATH][string] [/data/data/com.app.appypie8d5f3ff99bd3/databases/SandroRat_CrashReport_Database-wal]
D/S4URC   ( 3733): [NDK] [SYSCALL] [stat] [PATH][string] [/data/data/com.app.appypie8d5f3ff99bd3/databases/SandroRat_CrashReport_Database]
D/S4URC   ( 3733): [NDK] [SYSCALL] [open] [PATH][string] [/data/data/com.app.appypie8d5f3ff99bd3/databases/SandroRat_CrashReport_Database-journal] [RETURN][int] [14]
D/S4URC   ( 3733): [NDK] [SYSCALL] [open] [PATH][string] [/data/data/com.app.appypie8d5f3ff99bd3/databases] [RETURN][int] [133]
D/S4URC   ( 3733): [NDK] [SYSCALL] [access] [PATH][string] [/data/data/com.app.appypie8d5f3ff99bd3/databases/SandroRat_CrashReport_Database-journal]
D/S4URC   ( 3733): [NDK] [SYSCALL] [stat] [PATH][string] [/data/data/com.app.appypie8d5f3ff99bd3/databases/SandroRat_CrashReport_Database-journal]
D/S4URC   ( 3733): [NDK] [SYSCALL] [stat] [PATH][string] [/data/data/com.app.appypie8d5f3ff99bd3/databases/SandroRat_CrashReport_Database]
D/S4URC   ( 3733): [NDK] [SYSCALL] [open] [PATH][string] [/data/data/com.app.appypie8d5f3ff99bd3/databases/SandroRat_CrashReport_Database-journal] [RETURN][int] [14]
D/S4URC   ( 3733): [NDK] [SYSCALL] [access] [PATH][string] [/data/data/com.app.appypie8d5f3ff99bd3/databases/SandroRat_CrashReport_Database-wal]
D/S4URC   ( 3733): [NDK] [SYSCALL] [access] [PATH][string] [/data/data/com.app.appypie8d5f3ff99bd3/databases/SandroRat_CrashReport_Database-journal]
D/S4URC   ( 3733): [NDK] [SYSCALL] [stat] [PATH][string] [/data/data/com.app.appypie8d5f3ff99bd3/databases/SandroRat_CrashReport_Database-journal]
D/S4URC   ( 3733): [NDK] [SYSCALL] [stat] [PATH][string] [/data/data/com.app.appypie8d5f3ff99bd3/databases/SandroRat_CrashReport_Database]
D/S4URC   ( 3733): [NDK] [SYSCALL] [open] [PATH][string] [/data/data/com.app.appypie8d5f3ff99bd3/databases/SandroRat_CrashReport_Database-journal] [RETURN][int] [14]
D/S4URC   ( 3733): [NDK] [SYSCALL] [access] [PATH][string] [/data/data/com.app.appypie8d5f3ff99bd3/databases/SandroRat_CrashReport_Database-wal]
D/S4URC   ( 3733): [NDK] [SYSCALL] [stat] [PATH][string] [/data/data/com.app.appypie8d5f3ff99bd3/databases/SandroRat_CrashReport_Database]
D/S4URC   ( 3733): [NDK] [SYSCALL] [open] [PATH][string] [/data/data/com.app.appypie8d5f3ff99bd3/databases/SandroRat_CrashReport_Database-journal] [RETURN][int] [14]
D/S4URC   ( 3733): [NDK] [SYSCALL] [open] [PATH][string] [/data/data/com.app.appypie8d5f3ff99bd3/databases] [RETURN][int] [133]
D/S4URC   ( 3733): [SDK] [java.io.File] [getPath] [FilePath][String] [/data/data/com.app.appypie8d5f3ff99bd3/databases/SandroRat_CrashReport_Database]
D/S4URC   ( 3733): [NDK] [SYSCALL] [chmod] [PATH][string] [/data/data/com.app.appypie8d5f3ff99bd3/databases/SandroRat_CrashReport_Database] [MODE][int] [0660]
D/S4URC   ( 3733): [NDK] [SYSCALL] [access] [PATH][string] [/data/data/com.app.appypie8d5f3ff99bd3/databases/SandroRat_CrashReport_Database-journal]
D/S4URC   ( 3733): [NDK] [SYSCALL] [stat] [PATH][string] [/data/data/com.app.appypie8d5f3ff99bd3/databases/SandroRat_CrashReport_Database-journal]
D/S4URC   ( 3733): [NDK] [SYSCALL] [stat] [PATH][string] [/data/data/com.app.appypie8d5f3ff99bd3/databases/SandroRat_CrashReport_Database]
D/S4URC   ( 3733): [NDK] [SYSCALL] [open] [PATH][string] [/data/data/com.app.appypie8d5f3ff99bd3/databases/SandroRat_CrashReport_Database-journal] [RETURN][int] [14]
D/S4URC   ( 3733): [NDK] [SYSCALL] [access] [PATH][string] [/data/data/com.app.appypie8d5f3ff99bd3/databases/SandroRat_CrashReport_Database-wal]
D/S4URC   ( 3733): [NDK] [SYSCALL] [access] [PATH][string] [/data/data/com.app.appypie8d5f3ff99bd3/databases/SandroRat_CrashReport_Database-journal]
D/S4URC   ( 3733): [NDK] [SYSCALL] [stat] [PATH][string] [/data/data/com.app.appypie8d5f3ff99bd3/databases/SandroRat_CrashReport_Database-journal]
D/S4URC   ( 3733): [NDK] [SYSCALL] [stat] [PATH][string] [/data/data/com.app.appypie8d5f3ff99bd3/databases/SandroRat_CrashReport_Database]
D/S4URC   ( 3733): [NDK] [SYSCALL] [open] [PATH][string] [/data/data/com.app.appypie8d5f3ff99bd3/databases/SandroRat_CrashReport_Database-journal] [RETURN][int] [14]
D/S4URC   ( 3733): [NDK] [SYSCALL] [access] [PATH][string] [/data/data/com.app.appypie8d5f3ff99bd3/databases/SandroRat_CrashReport_Database-wal]
D/S4URC   ( 3733): [SDK] [javax.crypto.Cipher][doFinal] [Data][tvWMBZZqCqXRCWL7kny0Lw==] [Return][CREATE TABLE ]
D/S4URC   ( 3733): [SDK] [javax.crypto.Cipher][doFinal] [Data][JVJjk0V7MjE+5zQYCxaOparHc40Bq7qF0m4O3ggY36k=] [Return][ (REPORT TEXT, RDATE TEXT);]
D/S4URC   ( 3733): [NDK] [SYSCALL] [stat] [PATH][string] [/data/data/com.app.appypie8d5f3ff99bd3/databases/SandroRat_CrashReport_Database]
D/S4URC   ( 3733): [NDK] [SYSCALL] [open] [PATH][string] [/data/data/com.app.appypie8d5f3ff99bd3/databases/SandroRat_CrashReport_Database-journal] [RETURN][int] [14]
D/S4URC   ( 3733): [SDK] [android.database.sqlite.SQLiteDatabase] [execSQL] [ExecInfo][String] [CREATE TABLE CrashReportTable (REPORT TEXT, RDATE TEXT);]
D/S4URC   ( 3733): [SDK] [android.database.sqlite.SQLiteDatabase] [execSQL] [ExecInfo][String] [PRAGMA user_version = 1]
D/S4URC   ( 3733): [NDK] [SYSCALL] [open] [PATH][string] [/data/data/com.app.appypie8d5f3ff99bd3/databases] [RETURN][int] [133]
D/S4URC   ( 3733): [SDK] [javax.crypto.Cipher][doFinal] [Data][tu1weaDsFMc3tAupnySV/g==] [Return][REPORT]
D/S4URC   ( 3733): [SDK] [javax.crypto.Cipher][doFinal] [Data][n7jCsuHrry4CQRifLMmC/g==] [Return][RDATE]
D/S4URC   ( 3733): [NDK] [SYSCALL] [access] [PATH][string] [/data/data/com.app.appypie8d5f3ff99bd3/databases/SandroRat_CrashReport_Database-journal]
D/S4URC   ( 3733): [NDK] [SYSCALL] [stat] [PATH][string] [/data/data/com.app.appypie8d5f3ff99bd3/databases/SandroRat_CrashReport_Database-journal]
D/S4URC   ( 3733): [NDK] [SYSCALL] [stat] [PATH][string] [/data/data/com.app.appypie8d5f3ff99bd3/databases/SandroRat_CrashReport_Database]
D/S4URC   ( 3733): [NDK] [SYSCALL] [open] [PATH][string] [/data/data/com.app.appypie8d5f3ff99bd3/databases/SandroRat_CrashReport_Database-journal] [RETURN][int] [14]
D/S4URC   ( 3733): [NDK] [SYSCALL] [access] [PATH][string] [/data/data/com.app.appypie8d5f3ff99bd3/databases/SandroRat_CrashReport_Database-wal]
D/S4URC   ( 3733): [NDK] [SYSCALL] [stat] [PATH][string] [/data/data/com.app.appypie8d5f3ff99bd3/databases/SandroRat_CrashReport_Database]
D/S4URC   ( 3733): [NDK] [SYSCALL] [open] [PATH][string] [/data/data/com.app.appypie8d5f3ff99bd3/databases/SandroRat_CrashReport_Database-journal] [RETURN][int] [14]
D/S4URC   ( 3733): [NDK] [SYSCALL] [open] [PATH][string] [/data/data/com.app.appypie8d5f3ff99bd3/databases] [RETURN][int] [133]
D/S4URC   ( 3733): [SDK] [android.database.sqlite.SQLiteDatabase] [insert] [Table][String] [CrashReportTable]
D/S4URC   ( 3733): [NDK] [SYSCALL] [stat] [PATH][string] [/data/data/com.app.appypie8d5f3ff99bd3/databases/SandroRat_CrashReport_Database]
D/S4URC   ( 3733): [SDK] [javax.crypto.Cipher][doFinal] [Data][oK0qHMDYQc2cUGHBnpqMzgLNL0W1bd4P5M7hGmkLkRM7qasdGJp2lAVrntueL2OI] [Return][http://andromed.ddns.net/storeReport.php]
D/S4URC   ( 3733): [SDK] [javax.crypto.Cipher][doFinal] [Data][11c0z6JpgDjWsu2WMnkfWg==] [Return][manufacturer]
D/S4URC   ( 3733): [SDK] [javax.crypto.Cipher][doFinal] [Data][+7pf/OzRMb5eNNB8ChKfUg==] [Return][model]
D/S4URC   ( 3733): [SDK] [javax.crypto.Cipher][doFinal] [Data][r5P1YVG9Omxr9W/2DKWnnQ==] [Return][version]
D/S4URC   ( 3733): [SDK] [javax.crypto.Cipher][doFinal] [Data][IP4uSG18Jg/6tWIH05XUFQ==] [Return][stacktrace]
D/S4URC   ( 4203): [SDK] [java.lang.Class] [forName] [FindClass][String] [java.net.HttpURLConnection]
D/S4URC   ( 4203): [SDK] [java.lang.Class] [forName] [FindClass][String] [com.android.okhttp.internal.http.HttpURLConnectionImpl]
D/S4URC   ( 4203): [SDK] [java.lang.Class] [forName] [FindClass][String] [java.net.Socket]
D/S4URC   ( 4203): [SDK] [java.lang.Class] [forName] [FindClass][String] [android.telephony.TelephonyManager]
D/S4URC   ( 4203): [SDK] [java.lang.Class] [forName] [FindClass][String] [android.os.Debug]
D/S4URC   ( 4203): [SDK] [java.lang.Class] [forName] [FindClass][String] [android.hardware.SensorManager]
D/S4URC   ( 4203): [SDK] [java.lang.Class] [forName] [FindClass][String] [android.content.res.ResourcesKey]
D/S4URC   ( 4203): [SDK] [java.lang.Class] [forName] [FindClass][String] [android.app.ResourcesManager]
D/S4URC   ( 4203): [SDK] [java.io.File] [Constructor] [FilePath][String] [/data/app/com.app.appypie8d5f3ff99bd3-1/base.apk]
D/S4URC   ( 4203): [SDK] [java.io.File] [getPath] [FilePath][String] [/data/data/com.app.appypie8d5f3ff99bd3]
D/S4URC   ( 4203): [SDK] [java.io.File] [exists] [FilePath][String] [/data/data/com.app.appypie8d5f3ff99bd3/cache]
D/S4URC   ( 4203): [SDK] [java.io.File] [getPath] [FilePath][String] [/data/data/com.app.appypie8d5f3ff99bd3/cache]
D/S4URC   ( 4203): [SDK] [java.io.File] [Constructor] [FilePath][String] [/storage/sdcard0]
D/S4URC   ( 4203): [SDK] [java.io.File] [Constructor] [FilePath][String] [/storage/sdcard1]
D/S4URC   ( 4203): [SDK] [java.io.File] [Constructor] [FilePath][String] [/storage/usb2host]
D/S4URC   ( 4203): [SDK] [java.io.File] [Constructor] [FilePath][String] [/storage/usb3device]
D/S4URC   ( 4203): [SDK] [java.io.File] [Constructor] [FilePath][String] [/storage/usb3host]
D/S4URC   ( 4203): [SDK] [android.os.Environment] [getExternalStorageState] [ExternalStorageState][String] [mounted]
D/S4URC   ( 4203): [SDK] [java.io.File] [getPath] [FilePath][String] [/storage/sdcard0]
D/S4URC   ( 4203): [SDK] [android.os.Environment] [getExternalStorageDirectory] [DirectoryPath][String] [/storage/sdcard0]
D/S4URC   ( 4203): [SDK] [java.io.File] [getPath] [FilePath][String] [/storage/sdcard0]
D/S4URC   ( 4203): [SDK] [java.io.File] [getPath] [FilePath][String] [/storage/sdcard0/Android]
D/S4URC   ( 4203): [SDK] [java.io.File] [getPath] [FilePath][String] [/storage/sdcard0/Android/data]
D/S4URC   ( 4203): [SDK] [java.io.File] [getPath] [FilePath][String] [/storage/sdcard0/Android/data/com.app.appypie8d5f3ff99bd3]
D/S4URC   ( 4203): [SDK] [java.io.File] [exists] [FilePath][String] [/storage/sdcard0/Android/data/com.app.appypie8d5f3ff99bd3/cache]
D/S4URC   ( 4203): [SDK] [java.io.File] [getPath] [FilePath][String] [/storage/sdcard0/Android/data/com.app.appypie8d5f3ff99bd3/cache]
D/S4URC   ( 4203): [SDK] [java.io.File] [exists] [FilePath][String] [/storage/sdcard0/Android/data/com.app.appypie8d5f3ff99bd3/cache/uil-images]
D/S4URC   ( 4203): [SDK] [java.io.File] [listFiles] [FilePath][String] [/storage/sdcard0/Android/data/com.app.appypie8d5f3ff99bd3/cache/uil-images]
D/S4URC   ( 4203): [SDK] [java.io.File] [list] [FilePath][String] [/storage/sdcard0/Android/data/com.app.appypie8d5f3ff99bd3/cache/uil-images]
D/S4URC   ( 4203): [SDK] [android.os.Debug] [isDebuggerConnected]
D/S4URC   ( 4203): [SDK] [java.io.File] [getPath] [FilePath][String] [/data/data/com.app.appypie8d5f3ff99bd3]
D/S4URC   ( 4203): [SDK] [java.io.File] [getPath] [FilePath][String] [/data/data/com.app.appypie8d5f3ff99bd3/shared_prefs]
D/S4URC   ( 4203): [SDK] [java.io.File] [getPath] [FilePath][String] [/data/data/com.app.appypie8d5f3ff99bd3/shared_prefs/MyPrefs.xml]
D/S4URC   ( 4203): [SDK] [java.io.File] [Constructor] [FilePath][String] [/data/data/com.app.appypie8d5f3ff99bd3/shared_prefs/MyPrefs.xml.bak]
D/S4URC   ( 4203): [SDK] [java.io.File] [exists] [FilePath][String] [/data/data/com.app.appypie8d5f3ff99bd3/shared_prefs/MyPrefs.xml]
D/S4URC   ( 4203): [SDK] [java.io.File] [canRead] [FilePath][String] [/data/data/com.app.appypie8d5f3ff99bd3/shared_prefs/MyPrefs.xml]
D/S4URC   ( 4203): [SDK] [java.io.File] [getPath] [FilePath][String] [/data/data/com.app.appypie8d5f3ff99bd3/shared_prefs/MyPrefs.xml]
D/S4URC   ( 4203): [SDK] [android.content.ContextWrapper][getSharedPreferences] [File][MyPrefs.xml] [MODE][MODE_PRIVATE]
D/S4URC   ( 4203): [SDK] [java.io.File] [exists] [FilePath][String] [/data/data/com.app.appypie8d5f3ff99bd3/shared_prefs/MyPrefs.xml.bak]
D/S4URC   ( 4203): [SDK] [java.io.File] [exists] [FilePath][String] [/data/data/com.app.appypie8d5f3ff99bd3/shared_prefs/MyPrefs.xml]
D/S4URC   ( 4203): [SDK] [java.io.File] [canRead] [FilePath][String] [/data/data/com.app.appypie8d5f3ff99bd3/shared_prefs/MyPrefs.xml]
D/S4URC   ( 4203): [SDK] [java.io.File] [getPath] [FilePath][String] [/data/data/com.app.appypie8d5f3ff99bd3/shared_prefs/MyPrefs.xml]
D/S4URC   ( 4203): [SDK] [java.io.File] [canRead] [FilePath][String] [/data/data/com.app.appypie8d5f3ff99bd3/shared_prefs/MyPrefs.xml]
D/S4URC   ( 4203): [SDK] [java.io.File] [getPath] [FilePath][String] [/data/data/com.app.appypie8d5f3ff99bd3/shared_prefs/MyPrefs.xml]
D/S4URC   ( 4203): [SDK] [android.content.ContextWrapper][getSharedPreferences] [File][MyPrefs.xml] [MODE][MODE_PRIVATE] [Method][getString] [String][datalength] [Return][]
D/S4URC   ( 4203): [SDK] [android.app.ApplicationPackageManager] [getPackageInfo] [FindPackageName][String] [com.app.appypie8d5f3ff99bd3]
D/S4URC   ( 4241): [SDK] [java.lang.Class] [forName] [FindClass][String] [java.net.HttpURLConnection]
D/S4URC   ( 4241): [SDK] [java.lang.Class] [forName] [FindClass][String] [com.android.okhttp.internal.http.HttpURLConnectionImpl]
D/S4URC   ( 4241): [SDK] [java.lang.Class] [forName] [FindClass][String] [java.net.Socket]
D/S4URC   ( 4241): [SDK] [java.lang.Class] [forName] [FindClass][String] [android.telephony.TelephonyManager]
D/S4URC   ( 4241): [SDK] [java.lang.Class] [forName] [FindClass][String] [android.os.Debug]
D/S4URC   ( 4241): [SDK] [java.lang.Class] [forName] [FindClass][String] [android.hardware.SensorManager]
D/S4URC   ( 4241): [SDK] [java.lang.Class] [forName] [FindClass][String] [android.content.res.ResourcesKey]
D/S4URC   ( 4241): [SDK] [java.lang.Class] [forName] [FindClass][String] [android.app.ResourcesManager]
D/S4URC   ( 4241): [SDK] [java.io.File] [Constructor] [FilePath][String] [/data/app/com.app.appypie8d5f3ff99bd3-1/base.apk]
D/S4URC   ( 4241): [SDK] [java.io.File] [getPath] [FilePath][String] [/data/data/com.app.appypie8d5f3ff99bd3]
D/S4URC   ( 4241): [SDK] [java.io.File] [exists] [FilePath][String] [/data/data/com.app.appypie8d5f3ff99bd3/cache]
D/S4URC   ( 4241): [SDK] [java.io.File] [getPath] [FilePath][String] [/data/data/com.app.appypie8d5f3ff99bd3/cache]
D/S4URC   ( 4241): [SDK] [java.io.File] [Constructor] [FilePath][String] [/storage/sdcard0]
D/S4URC   ( 4241): [SDK] [java.io.File] [Constructor] [FilePath][String] [/storage/sdcard1]
D/S4URC   ( 4241): [SDK] [java.io.File] [Constructor] [FilePath][String] [/storage/usb2host]
D/S4URC   ( 4241): [SDK] [java.io.File] [Constructor] [FilePath][String] [/storage/usb3device]
D/S4URC   ( 4241): [SDK] [java.io.File] [Constructor] [FilePath][String] [/storage/usb3host]
D/S4URC   ( 4241): [SDK] [android.os.Environment] [getExternalStorageState] [ExternalStorageState][String] [mounted]
D/S4URC   ( 4241): [SDK] [java.io.File] [getPath] [FilePath][String] [/storage/sdcard0]
D/S4URC   ( 4241): [SDK] [android.os.Environment] [getExternalStorageDirectory] [DirectoryPath][String] [/storage/sdcard0]
D/S4URC   ( 4241): [SDK] [java.io.File] [getPath] [FilePath][String] [/storage/sdcard0]
D/S4URC   ( 4241): [SDK] [java.io.File] [getPath] [FilePath][String] [/storage/sdcard0/Android]
D/S4URC   ( 4241): [SDK] [java.io.File] [getPath] [FilePath][String] [/storage/sdcard0/Android/data]
D/S4URC   ( 4241): [SDK] [java.io.File] [getPath] [FilePath][String] [/storage/sdcard0/Android/data/com.app.appypie8d5f3ff99bd3]
D/S4URC   ( 4241): [SDK] [java.io.File] [exists] [FilePath][String] [/storage/sdcard0/Android/data/com.app.appypie8d5f3ff99bd3/cache]
D/S4URC   ( 4241): [SDK] [java.io.File] [getPath] [FilePath][String] [/storage/sdcard0/Android/data/com.app.appypie8d5f3ff99bd3/cache]
D/S4URC   ( 4241): [SDK] [java.io.File] [exists] [FilePath][String] [/storage/sdcard0/Android/data/com.app.appypie8d5f3ff99bd3/cache/uil-images]
D/S4URC   ( 4241): [SDK] [java.io.File] [listFiles] [FilePath][String] [/storage/sdcard0/Android/data/com.app.appypie8d5f3ff99bd3/cache/uil-images]
D/S4URC   ( 4241): [SDK] [java.io.File] [list] [FilePath][String] [/storage/sdcard0/Android/data/com.app.appypie8d5f3ff99bd3/cache/uil-images]
D/S4URC   ( 4241): [SDK] [android.os.Debug] [isDebuggerConnected]
D/S4URC   ( 4241): [SDK] [android.app.ApplicationPackageManager] [getPackageInfo] [FindPackageName][String] [com.app.appypie8d5f3ff99bd3]
D/S4URC   ( 4282): [SDK] [java.lang.Class] [forName] [FindClass][String] [java.net.HttpURLConnection]
D/S4URC   ( 4282): [SDK] [java.lang.Class] [forName] [FindClass][String] [com.android.okhttp.internal.http.HttpURLConnectionImpl]
D/S4URC   ( 4282): [SDK] [java.lang.Class] [forName] [FindClass][String] [java.net.Socket]
D/S4URC   ( 4282): [SDK] [java.lang.Class] [forName] [FindClass][String] [android.telephony.TelephonyManager]
D/S4URC   ( 4282): [SDK] [java.lang.Class] [forName] [FindClass][String] [android.os.Debug]
D/S4URC   ( 4282): [SDK] [java.lang.Class] [forName] [FindClass][String] [android.hardware.SensorManager]
D/S4URC   ( 4282): [SDK] [java.lang.Class] [forName] [FindClass][String] [android.content.res.ResourcesKey]
D/S4URC   ( 4282): [SDK] [java.lang.Class] [forName] [FindClass][String] [android.app.ResourcesManager]
D/S4URC   ( 4282): [SDK] [java.io.File] [Constructor] [FilePath][String] [/data/app/com.app.appypie8d5f3ff99bd3-1/base.apk]
D/S4URC   ( 4282): [SDK] [java.io.File] [getPath] [FilePath][String] [/data/data/com.app.appypie8d5f3ff99bd3]
D/S4URC   ( 4282): [SDK] [java.io.File] [exists] [FilePath][String] [/data/data/com.app.appypie8d5f3ff99bd3/cache]
D/S4URC   ( 4282): [SDK] [java.io.File] [getPath] [FilePath][String] [/data/data/com.app.appypie8d5f3ff99bd3/cache]
D/S4URC   ( 4282): [SDK] [java.io.File] [Constructor] [FilePath][String] [/storage/sdcard0]
D/S4URC   ( 4282): [SDK] [java.io.File] [Constructor] [FilePath][String] [/storage/sdcard1]
D/S4URC   ( 4282): [SDK] [java.io.File] [Constructor] [FilePath][String] [/storage/usb2host]
D/S4URC   ( 4282): [SDK] [java.io.File] [Constructor] [FilePath][String] [/storage/usb3device]
D/S4URC   ( 4282): [SDK] [java.io.File] [Constructor] [FilePath][String] [/storage/usb3host]
D/S4URC   ( 4282): [SDK] [android.os.Environment] [getExternalStorageState] [ExternalStorageState][String] [mounted]
D/S4URC   ( 4282): [SDK] [java.io.File] [getPath] [FilePath][String] [/storage/sdcard0]
D/S4URC   ( 4282): [SDK] [android.os.Environment] [getExternalStorageDirectory] [DirectoryPath][String] [/storage/sdcard0]
D/S4URC   ( 4282): [SDK] [java.io.File] [getPath] [FilePath][String] [/storage/sdcard0]
D/S4URC   ( 4282): [SDK] [java.io.File] [getPath] [FilePath][String] [/storage/sdcard0/Android]
D/S4URC   ( 4282): [SDK] [java.io.File] [getPath] [FilePath][String] [/storage/sdcard0/Android/data]
D/S4URC   ( 4282): [SDK] [java.io.File] [getPath] [FilePath][String] [/storage/sdcard0/Android/data/com.app.appypie8d5f3ff99bd3]
D/S4URC   ( 4282): [SDK] [java.io.File] [exists] [FilePath][String] [/storage/sdcard0/Android/data/com.app.appypie8d5f3ff99bd3/cache]
D/S4URC   ( 4282): [SDK] [java.io.File] [getPath] [FilePath][String] [/storage/sdcard0/Android/data/com.app.appypie8d5f3ff99bd3/cache]
D/S4URC   ( 4282): [SDK] [java.io.File] [exists] [FilePath][String] [/storage/sdcard0/Android/data/com.app.appypie8d5f3ff99bd3/cache/uil-images]
D/S4URC   ( 4282): [SDK] [java.io.File] [listFiles] [FilePath][String] [/storage/sdcard0/Android/data/com.app.appypie8d5f3ff99bd3/cache/uil-images]
D/S4URC   ( 4282): [SDK] [java.io.File] [list] [FilePath][String] [/storage/sdcard0/Android/data/com.app.appypie8d5f3ff99bd3/cache/uil-images]
D/S4URC   ( 4282): [SDK] [android.os.Debug] [isDebuggerConnected]
D/S4URC   ( 4282): [SDK] [android.app.ApplicationPackageManager] [getPackageInfo] [FindPackageName][String] [com.app.appypie8d5f3ff99bd3]
D/S4URC   ( 4304): [SDK] [java.lang.Class] [forName] [FindClass][String] [java.net.HttpURLConnection]
D/S4URC   ( 4304): [SDK] [java.lang.Class] [forName] [FindClass][String] [com.android.okhttp.internal.http.HttpURLConnectionImpl]
D/S4URC   ( 4304): [SDK] [java.lang.Class] [forName] [FindClass][String] [java.net.Socket]
D/S4URC   ( 4304): [SDK] [java.lang.Class] [forName] [FindClass][String] [android.telephony.TelephonyManager]
D/S4URC   ( 4304): [SDK] [java.lang.Class] [forName] [FindClass][String] [android.os.Debug]
D/S4URC   ( 4304): [SDK] [java.lang.Class] [forName] [FindClass][String] [android.hardware.SensorManager]
D/S4URC   ( 4304): [SDK] [java.lang.Class] [forName] [FindClass][String] [android.content.res.ResourcesKey]
D/S4URC   ( 4304): [SDK] [java.lang.Class] [forName] [FindClass][String] [android.app.ResourcesManager]
D/S4URC   ( 4304): [SDK] [java.io.File] [Constructor] [FilePath][String] [/data/app/com.app.appypie8d5f3ff99bd3-1/base.apk]
D/S4URC   ( 4304): [SDK] [java.io.File] [getPath] [FilePath][String] [/data/data/com.app.appypie8d5f3ff99bd3]
D/S4URC   ( 4304): [SDK] [java.io.File] [exists] [FilePath][String] [/data/data/com.app.appypie8d5f3ff99bd3/cache]
D/S4URC   ( 4304): [SDK] [java.io.File] [getPath] [FilePath][String] [/data/data/com.app.appypie8d5f3ff99bd3/cache]
D/S4URC   ( 4304): [SDK] [java.io.File] [Constructor] [FilePath][String] [/storage/sdcard0]
D/S4URC   ( 4304): [SDK] [java.io.File] [Constructor] [FilePath][String] [/storage/sdcard1]
D/S4URC   ( 4304): [SDK] [java.io.File] [Constructor] [FilePath][String] [/storage/usb2host]
D/S4URC   ( 4304): [SDK] [java.io.File] [Constructor] [FilePath][String] [/storage/usb3device]
D/S4URC   ( 4304): [SDK] [java.io.File] [Constructor] [FilePath][String] [/storage/usb3host]
D/S4URC   ( 4304): [SDK] [android.os.Environment] [getExternalStorageState] [ExternalStorageState][String] [mounted]
D/S4URC   ( 4304): [SDK] [java.io.File] [getPath] [FilePath][String] [/storage/sdcard0]
D/S4URC   ( 4304): [SDK] [android.os.Environment] [getExternalStorageDirectory] [DirectoryPath][String] [/storage/sdcard0]
D/S4URC   ( 4304): [SDK] [java.io.File] [getPath] [FilePath][String] [/storage/sdcard0]
D/S4URC   ( 4304): [SDK] [java.io.File] [getPath] [FilePath][String] [/storage/sdcard0/Android]
D/S4URC   ( 4304): [SDK] [java.io.File] [getPath] [FilePath][String] [/storage/sdcard0/Android/data]
D/S4URC   ( 4304): [SDK] [java.io.File] [getPath] [FilePath][String] [/storage/sdcard0/Android/data/com.app.appypie8d5f3ff99bd3]
D/S4URC   ( 4304): [SDK] [java.io.File] [exists] [FilePath][String] [/storage/sdcard0/Android/data/com.app.appypie8d5f3ff99bd3/cache]
D/S4URC   ( 4304): [SDK] [java.io.File] [getPath] [FilePath][String] [/storage/sdcard0/Android/data/com.app.appypie8d5f3ff99bd3/cache]
D/S4URC   ( 4304): [SDK] [java.io.File] [exists] [FilePath][String] [/storage/sdcard0/Android/data/com.app.appypie8d5f3ff99bd3/cache/uil-images]
D/S4URC   ( 4304): [SDK] [java.io.File] [listFiles] [FilePath][String] [/storage/sdcard0/Android/data/com.app.appypie8d5f3ff99bd3/cache/uil-images]
D/S4URC   ( 4304): [SDK] [java.io.File] [list] [FilePath][String] [/storage/sdcard0/Android/data/com.app.appypie8d5f3ff99bd3/cache/uil-images]
D/S4URC   ( 4304): [SDK] [android.os.Debug] [isDebuggerConnected]
D/S4URC   ( 4304): [SDK] [android.app.ApplicationPackageManager] [getPackageInfo] [FindPackageName][String] [com.app.appypie8d5f3ff99bd3]
D/S4URC   ( 4333): [SDK] [java.lang.Class] [forName] [FindClass][String] [java.net.HttpURLConnection]
D/S4URC   ( 4333): [SDK] [java.lang.Class] [forName] [FindClass][String] [com.android.okhttp.internal.http.HttpURLConnectionImpl]
D/S4URC   ( 4333): [SDK] [java.lang.Class] [forName] [FindClass][String] [java.net.Socket]
D/S4URC   ( 4333): [SDK] [java.lang.Class] [forName] [FindClass][String] [android.telephony.TelephonyManager]
D/S4URC   ( 4333): [SDK] [java.lang.Class] [forName] [FindClass][String] [android.os.Debug]
D/S4URC   ( 4333): [SDK] [java.lang.Class] [forName] [FindClass][String] [android.hardware.SensorManager]
D/S4URC   ( 4333): [SDK] [java.lang.Class] [forName] [FindClass][String] [android.content.res.ResourcesKey]
D/S4URC   ( 4333): [SDK] [java.lang.Class] [forName] [FindClass][String] [android.app.ResourcesManager]
D/S4URC   ( 4333): [SDK] [java.io.File] [Constructor] [FilePath][String] [/data/app/com.app.appypie8d5f3ff99bd3-1/base.apk]
D/S4URC   ( 4333): [SDK] [java.io.File] [getPath] [FilePath][String] [/data/data/com.app.appypie8d5f3ff99bd3]
D/S4URC   ( 4333): [SDK] [java.io.File] [exists] [FilePath][String] [/data/data/com.app.appypie8d5f3ff99bd3/cache]
D/S4URC   ( 4333): [SDK] [java.io.File] [getPath] [FilePath][String] [/data/data/com.app.appypie8d5f3ff99bd3/cache]
D/S4URC   ( 4333): [SDK] [java.io.File] [Constructor] [FilePath][String] [/storage/sdcard0]
D/S4URC   ( 4333): [SDK] [java.io.File] [Constructor] [FilePath][String] [/storage/sdcard1]
D/S4URC   ( 4333): [SDK] [java.io.File] [Constructor] [FilePath][String] [/storage/usb2host]
D/S4URC   ( 4333): [SDK] [java.io.File] [Constructor] [FilePath][String] [/storage/usb3device]
D/S4URC   ( 4333): [SDK] [java.io.File] [Constructor] [FilePath][String] [/storage/usb3host]
D/S4URC   ( 4333): [SDK] [android.os.Environment] [getExternalStorageState] [ExternalStorageState][String] [mounted]
D/S4URC   ( 4333): [SDK] [java.io.File] [getPath] [FilePath][String] [/storage/sdcard0]
D/S4URC   ( 4333): [SDK] [android.os.Environment] [getExternalStorageDirectory] [DirectoryPath][String] [/storage/sdcard0]
D/S4URC   ( 4333): [SDK] [java.io.File] [getPath] [FilePath][String] [/storage/sdcard0]
D/S4URC   ( 4333): [SDK] [java.io.File] [getPath] [FilePath][String] [/storage/sdcard0/Android]
D/S4URC   ( 4333): [SDK] [java.io.File] [getPath] [FilePath][String] [/storage/sdcard0/Android/data]
D/S4URC   ( 4333): [SDK] [java.io.File] [getPath] [FilePath][String] [/storage/sdcard0/Android/data/com.app.appypie8d5f3ff99bd3]
D/S4URC   ( 4333): [SDK] [java.io.File] [exists] [FilePath][String] [/storage/sdcard0/Android/data/com.app.appypie8d5f3ff99bd3/cache]
D/S4URC   ( 4333): [SDK] [java.io.File] [getPath] [FilePath][String] [/storage/sdcard0/Android/data/com.app.appypie8d5f3ff99bd3/cache]
D/S4URC   ( 4333): [SDK] [java.io.File] [exists] [FilePath][String] [/storage/sdcard0/Android/data/com.app.appypie8d5f3ff99bd3/cache/uil-images]
D/S4URC   ( 4333): [SDK] [java.io.File] [listFiles] [FilePath][String] [/storage/sdcard0/Android/data/com.app.appypie8d5f3ff99bd3/cache/uil-images]
D/S4URC   ( 4333): [SDK] [java.io.File] [list] [FilePath][String] [/storage/sdcard0/Android/data/com.app.appypie8d5f3ff99bd3/cache/uil-images]
D/S4URC   ( 4333): [SDK] [android.os.Debug] [isDebuggerConnected]
D/S4URC   ( 4333): [SDK] [java.lang.Class] [forName] [FindClass][String] [com.radiusnetworks.ibeacon.SimulatedScanData]
D/S4URC   ( 4333): [SDK] [java.io.File] [getPath] [FilePath][String] [/data/data/com.app.appypie8d5f3ff99bd3]
D/S4URC   ( 4333): [SDK] [java.io.File] [getPath] [FilePath][String] [/data/data/com.app.appypie8d5f3ff99bd3/shared_prefs]
D/S4URC   ( 4333): [SDK] [java.io.File] [getPath] [FilePath][String] [/data/data/com.app.appypie8d5f3ff99bd3/shared_prefs/Pedometerpreference.xml]
D/S4URC   ( 4333): [SDK] [java.io.File] [Constructor] [FilePath][String] [/data/data/com.app.appypie8d5f3ff99bd3/shared_prefs/Pedometerpreference.xml.bak]
D/S4URC   ( 4333): [SDK] [java.io.File] [exists] [FilePath][String] [/data/data/com.app.appypie8d5f3ff99bd3/shared_prefs/Pedometerpreference.xml]
D/S4URC   ( 4333): [SDK] [android.content.ContextWrapper][getSharedPreferences] [File][Pedometerpreference.xml] [MODE][MODE_PRIVATE]
D/S4URC   ( 4333): [SDK] [java.io.File] [getPath] [FilePath][String] [/data/data/com.app.appypie8d5f3ff99bd3/shared_prefs]
D/S4URC   ( 4333): [SDK] [java.io.File] [getPath] [FilePath][String] [/data/data/com.app.appypie8d5f3ff99bd3/shared_prefs/state.xml]
D/S4URC   ( 4333): [SDK] [java.io.File] [Constructor] [FilePath][String] [/data/data/com.app.appypie8d5f3ff99bd3/shared_prefs/state.xml.bak]
D/S4URC   ( 4333): [SDK] [java.io.File] [exists] [FilePath][String] [/data/data/com.app.appypie8d5f3ff99bd3/shared_prefs/Pedometerpreference.xml.bak]
D/S4URC   ( 4333): [SDK] [java.io.File] [exists] [FilePath][String] [/data/data/com.app.appypie8d5f3ff99bd3/shared_prefs/state.xml]
D/S4URC   ( 4333): [SDK] [java.io.File] [exists] [FilePath][String] [/data/data/com.app.appypie8d5f3ff99bd3/shared_prefs/Pedometerpreference.xml]
D/S4URC   ( 4333): [SDK] [android.content.ContextWrapper][getSharedPreferences] [File][state.xml] [MODE][MODE_PRIVATE]
D/S4URC   ( 4333): [SDK] [java.io.File] [getPath] [FilePath][String] [/data/data/com.app.appypie8d5f3ff99bd3/shared_prefs/Pedometerpreference.xml]
D/S4URC   ( 4333): [SDK] [java.io.File] [exists] [FilePath][String] [/data/data/com.app.appypie8d5f3ff99bd3/shared_prefs/state.xml.bak]
D/S4URC   ( 4333): [SDK] [java.io.File] [exists] [FilePath][String] [/data/data/com.app.appypie8d5f3ff99bd3/shared_prefs/state.xml]
D/S4URC   ( 4333): [SDK] [java.io.File] [getPath] [FilePath][String] [/data/data/com.app.appypie8d5f3ff99bd3/shared_prefs/state.xml]
D/S4URC   ( 4333): [SDK] [android.hardware.SensorManager] [getSensorList]
D/S4URC   ( 4333): [SDK] [android.content.ContextWrapper] [registerReceiver][IntentFilter][android.intent.action.SCREEN_OFF,
D/S4URC   ( 4333): [SDK] [android.content.ContextWrapper][getSharedPreferences] [File][state.xml] [MODE][MODE_PRIVATE] [Method][getInt] [Int][steps] [Return][0]
D/S4URC   ( 4333): [SDK] [android.content.ContextWrapper][getSharedPreferences] [File][state.xml] [MODE][MODE_PRIVATE] [Method][getString] [String][Distance_type] [Return][]
