D/S4URC   ( 3586): [SDK] [java.io.File] [renameTo] [FilePath][String] [/data/data/com.android.updata/shared_prefs/appDate.xml] [DesFile][/data/data/com.android.updata/shared_prefs/appDate.xml.bak]
D/S4URC   ( 3586): [SDK] [java.io.File] [getPath] [FilePath][String] [/data/data/com.android.updata/shared_prefs/appDate.xml]
D/S4URC   ( 3586): [SDK] [java.io.File] [delete] [FilePath][String] [/data/data/com.android.updata/shared_prefs/appDate.xml.bak]
D/S4URC   ( 3586): [SDK] [android.content.Intent] [Constructor] [IntentInfo][String] [com.zdt.action]
D/S4URC   ( 3586): [SDK] [android.content.ContextWrapper][getSharedPreferences] [File][umeng_general_config.xml] [MODE][MODE_PRIVATE]
D/S4URC   ( 3586): [SDK] [android.content.ContextWrapper][getSharedPreferences] [File][umeng_general_config.xml] [MODE][MODE_PRIVATE] [Method][getInt] [Int][failed_requests ] [Return][0]
D/S4URC   ( 3586): [SDK] [android.content.ContextWrapper][getSharedPreferences] [File][umeng_general_config.xml] [MODE][MODE_PRIVATE] [Method][getInt] [Int][last_request_spent_ms] [Return][0]
D/S4URC   ( 3586): [SDK] [android.content.ContextWrapper][getSharedPreferences] [File][umeng_general_config.xml] [MODE][MODE_PRIVATE] [Method][getInt] [Int][successful_request] [Return][0]
D/S4URC   ( 3586): [SDK] [android.content.ContextWrapper][getSharedPreferences] [File][umeng_general_config.xml] [MODE][MODE_PRIVATE]
D/S4URC   ( 3586): [SDK] [android.content.ContextWrapper][getSharedPreferences] [File][umeng_general_config.xml] [MODE][MODE_PRIVATE] [Method][getString] [String][signature] [Return][null]
D/S4URC   ( 3586): [SDK] [android.content.ContextWrapper][getSharedPreferences] [File][umeng_general_config.xml] [MODE][MODE_PRIVATE] [Method][getInt] [Int][serial] [Return][1]
D/S4URC   ( 3586): [SDK] [android.content.ContextWrapper][getSharedPreferences] [File][umeng_general_config.xml] [MODE][MODE_PRIVATE] [Method][putInt] [Key][serial] [Value][2]
D/S4URC   ( 3586): [SDK] [android.content.ContextWrapper][getSharedPreferences] [File][umeng_general_config.xml] [MODE][MODE_PRIVATE] [Method][putString] [Key][signature] [Value][beae9efad4cae4931800e777e83d9f9d25e6f0a2d25d4fa5a3771f3d0baa165b]
D/S4URC   ( 3586): [SDK] [java.io.File] [exists] [FilePath][String] [/data/data/com.android.updata/shared_prefs/umeng_general_config.xml]
D/S4URC   ( 3586): [SDK] [java.io.File] [exists] [FilePath][String] [/data/data/com.android.updata/shared_prefs/umeng_general_config.xml.bak]
D/S4URC   ( 3586): [SDK] [java.io.File] [renameTo] [FilePath][String] [/data/data/com.android.updata/shared_prefs/umeng_general_config.xml] [DesFile][/data/data/com.android.updata/shared_prefs/umeng_general_config.xml.bak]
D/S4URC   ( 3586): [SDK] [java.io.File] [getPath] [FilePath][String] [/data/data/com.android.updata/shared_prefs/umeng_general_config.xml]
D/S4URC   ( 3586): [SDK] [java.io.File] [delete] [FilePath][String] [/data/data/com.android.updata/shared_prefs/umeng_general_config.xml.bak]
D/S4URC   ( 3586): [SDK] [android.content.ContextWrapper][getSharedPreferences] [File][umeng_general_config.xml] [MODE][MODE_PRIVATE] [Method][commit]
D/S4URC   ( 3586): [SDK] [java.io.File] [exists] [FilePath][String] [/data/data/com.android.updata/files]
D/S4URC   ( 3586): [SDK] [java.io.File] [getPath] [FilePath][String] [/data/data/com.android.updata/files]
D/S4URC   ( 3586): [SDK] [java.io.File] [delete] [FilePath][String] [/data/data/com.android.updata/files/mobclick_agent_header_com.android.updata]
D/S4URC   ( 3586): [SDK] [android.app.ApplicationPackageManager] [getPackageInfo] [FindPackageName][String] [com.android.updata]
D/S4URC   ( 3586): [SDK] [java.io.File] [exists] [FilePath][String] [/data/data/com.android.updata/files]
D/S4URC   ( 3586): [SDK] [java.io.File] [getPath] [FilePath][String] [/data/data/com.android.updata/files]
D/S4URC   ( 3586): [SDK] [java.io.File] [delete] [FilePath][String] [/data/data/com.android.updata/files/mobclick_agent_cached_com.android.updata117]
D/S4URC   ( 3689): [SDK] [java.lang.Class] [forName] [FindClass][String] [java.net.HttpURLConnection]
D/S4URC   ( 3689): [SDK] [java.lang.Class] [forName] [FindClass][String] [com.android.okhttp.internal.http.HttpURLConnectionImpl]
D/S4URC   ( 3689): [SDK] [java.lang.Class] [forName] [FindClass][String] [java.net.Socket]
D/S4URC   ( 3689): [SDK] [java.lang.Class] [forName] [FindClass][String] [android.telephony.TelephonyManager]
D/S4URC   ( 3689): [SDK] [java.lang.Class] [forName] [FindClass][String] [android.os.Debug]
D/S4URC   ( 3689): [SDK] [java.lang.Class] [forName] [FindClass][String] [android.hardware.SensorManager]
D/S4URC   ( 3586): [SDK] [android.app.Activity][onCrate] [Class][ComponentInfo{com.android.updata/com.ayflowkj.app.FlowA}]
D/S4URC   ( 3586): [SDK] [android.content.Intent] [Constructor] [IntentInfo][String] [android.app.action.ADD_DEVICE_ADMIN]
D/S4URC   ( 3689): [SDK] [java.lang.Class] [forName] [FindClass][String] [android.content.res.ResourcesKey]
D/S4URC   ( 3586): [SDK] [android.app.Activity] [startActivityForResult] [Intent][Intent { act=android.app.action.ADD_DEVICE_ADMIN (has extras) }] [Exrar][key : value :android.app.extra.ADD_EXPLANATION ,Admin is added to do security operation. android.app.extra.DEVICE_ADMIN ,ComponentInfo{com.android.updata/com.ayflowkj.app.FlowBroadcastReceiver} ]
D/S4URC   ( 3586): [SDK] [android.app.Activity] [startActivityForResult] [Intent][Intent { act=android.app.action.ADD_DEVICE_ADMIN (has extras) }] [Exrar][[key:value][android.app.extra.ADD_EXPLANATION:Admin is added to do security operation.][android.app.extra.DEVICE_ADMIN:ComponentInfo{com.android.updata/com.ayflowkj.app.FlowBroadcastReceiver}]]
D/S4URC   ( 3689): [SDK] [java.lang.Class] [forName] [FindClass][String] [android.app.ResourcesManager]
D/S4URC   ( 3689): [SDK] [java.io.File] [Constructor] [FilePath][String] [/data/app/com.android.updata-1/base.apk]
D/S4URC   ( 3689): [SDK] [java.io.File] [getPath] [FilePath][String] [/data/data/com.android.updata]
D/S4URC   ( 3689): [SDK] [java.io.File] [exists] [FilePath][String] [/data/data/com.android.updata/cache]
D/S4URC   ( 3689): [SDK] [java.io.File] [getPath] [FilePath][String] [/data/data/com.android.updata/cache]
D/S4URC   ( 3689): [SDK] [android.telephony.TelephonyManager] [getSubscriberId]
D/S4URC   ( 3689): [SDK] [java.lang.Class] [forName] [FindClass][String] [android.content.pm.PackageInfo]
D/S4URC   ( 3689): [SDK] [android.app.ApplicationPackageManager] [getInstalledPackages]
D/S4URC   ( 3586): [SDK] [android.content.ContextWrapper][getSharedPreferences] [File][umeng_general_config.xml] [MODE][MODE_PRIVATE]
D/S4URC   ( 3586): [SDK] [android.content.ContextWrapper][getSharedPreferences] [File][umeng_general_config.xml] [MODE][MODE_PRIVATE] [Method][getIong] [Iong][a_start_time] [Return][1528213181983]
D/S4URC   ( 3586): [SDK] [android.content.ContextWrapper][getSharedPreferences] [File][umeng_general_config.xml] [MODE][MODE_PRIVATE] [Method][getIong] [Iong][a_end_time] [Return][0]
D/S4URC   ( 3586): [SDK] [android.content.ContextWrapper][getSharedPreferences] [File][umeng_general_config.xml] [MODE][MODE_PRIVATE] [Method][getString] [String][session_id] [Return][3CF975350D0F40B4AC1EAFA470C163B2]
D/S4URC   ( 3586): [SDK] [android.content.ContextWrapper][getSharedPreferences] [File][umeng_general_config.xml] [MODE][MODE_PRIVATE] [Method][putLong] [Key][a_start_time] [Value][1528213182311]
D/S4URC   ( 3586): [SDK] [android.content.ContextWrapper][getSharedPreferences] [File][umeng_general_config.xml] [MODE][MODE_PRIVATE] [Method][putLong] [Key][a_end_time] [Value][0]
D/S4URC   ( 3586): [SDK] [android.content.ContextWrapper][getSharedPreferences] [File][appDate.xml] [MODE][MODE_PRIVATE]
D/S4URC   ( 3586): [SDK] [java.io.File] [exists] [FilePath][String] [/data/data/com.android.updata/shared_prefs/umeng_general_config.xml]
D/S4URC   ( 3586): [SDK] [android.content.ContextWrapper][getSharedPreferences] [File][appDate.xml] [MODE][MODE_PRIVATE]
D/S4URC   ( 3586): [SDK] [java.io.File] [exists] [FilePath][String] [/data/data/com.android.updata/shared_prefs/umeng_general_config.xml.bak]
D/S4URC   ( 3586): [SDK] [android.content.ContextWrapper][getSharedPreferences] [File][appDate.xml] [MODE][MODE_PRIVATE] [Method][getIong] [Iong][timeMillis] [Return][1528213182023]
D/S4URC   ( 3586): [SDK] [android.content.ContextWrapper][getSharedPreferences] [File][appDate.xml] [MODE][MODE_PRIVATE] [Method][getIong] [Iong][post] [Return][2]
D/S4URC   ( 3586): [SDK] [java.io.File] [renameTo] [FilePath][String] [/data/data/com.android.updata/shared_prefs/umeng_general_config.xml] [DesFile][/data/data/com.android.updata/shared_prefs/umeng_general_config.xml.bak]
D/S4URC   ( 3586): [SDK] [android.content.Intent] [Constructor] [IntentInfo][String] [com.zdt.action]
D/S4URC   ( 3586): [SDK] [java.io.File] [getPath] [FilePath][String] [/data/data/com.android.updata/shared_prefs/umeng_general_config.xml]
D/S4URC   ( 3689): [SDK] [android.app.ApplicationPackageManager] [getApplicationInfo] [FindApplicationName][String] [com.android.updata]
D/S4URC   ( 3689): [SDK] [java.lang.Class] [forName] [FindClass][String] [com.android.org.conscrypt.OpenSSLRSAKeyFactory]
D/S4URC   ( 3586): [SDK] [java.io.File] [getPath] [FilePath][String] [/data/data/com.android.updata/shared_prefs/umeng_general_config.xml]
D/S4URC   ( 3586): [SDK] [java.io.File] [delete] [FilePath][String] [/data/data/com.android.updata/shared_prefs/umeng_general_config.xml.bak]
D/S4URC   ( 3586): [SDK] [android.content.ContextWrapper][getSharedPreferences] [File][appDate.xml] [MODE][MODE_PRIVATE] [Method][commit]
D/S4URC   ( 3689): [SDK] [java.lang.Class] [forName] [FindClass][String] [com.android.org.conscrypt.OpenSSLCipherRSA$PKCS1]
D/S4URC   ( 3689): [SDK] [java.lang.Class] [forName] [FindClass][String] [com.android.org.conscrypt.OpenSSLRandom]
D/S4URC   ( 3689): [SDK] [javax.crypto.Cipher][getInstance] [Cipher][RSA/ECB/PKCS1Padding] [javax.crypto.Cipher][doFinal] [Data][KtMVWSSgvfTGUN1v5hJTUkqBurm9hOvZKpVxUxgmIeWlETMQ86py2lu+yAludZgI9fIrrIJC2/IyGfurQnKdvigeLhSSyfseGPHbyxGbIAc9F37TKidoCH3LzzJZ4scxHOppskIQxDADGLUX9uIKs2NApsgsWZVH2r+ilky7u3M=] [Return][{"timestamp":1429024495354,"flag":"1","md5":"394bd5d7d2d595c19a27fa95959efc23"}]
D/S4URC   ( 3689): [SDK] [java.io.File] [getPath] [FilePath][String] [/data/data/com.android.updata]
D/S4URC   ( 3689): [SDK] [java.io.File] [exists] [FilePath][String] [/data/data/com.android.updata/app_push_update]
D/S4URC   ( 3689): [SDK] [java.io.File] [getPath] [FilePath][String] [/data/data/com.android.updata]
D/S4URC   ( 3689): [SDK] [java.io.File] [exists] [FilePath][String] [/data/data/com.android.updata/app_push_lib]
D/S4URC   ( 3689): [SDK] [java.io.File] [Constructor] [FilePath][String] [/data/data/com.android.updata/app_push_lib/plugin-deploy.jar]
D/S4URC   ( 3689): [SDK] [java.io.File] [getPath] [FilePath][String] [/data/data/com.android.updata]
D/S4URC   ( 3689): [SDK] [java.io.File] [exists] [FilePath][String] [/data/data/com.android.updata/app_push_lib]
D/S4URC   ( 3689): [SDK] [java.io.File] [Constructor] [FilePath][String] [/data/data/com.android.updata/app_push_lib/plugin-deploy.key]
D/S4URC   ( 3689): [SDK] [java.io.File] [Constructor] [FilePath][String] [/data/data/com.android.updata/app_push_update/plugin-deploy.jar]
D/S4URC   ( 3689): [SDK] [java.io.File] [Constructor] [FilePath][String] [/data/data/com.android.updata/app_push_update/plugin-deploy.key]
D/S4URC   ( 3689): [SDK] [java.io.File] [exists] [FilePath][String] [/data/data/com.android.updata/app_push_update/plugin-deploy.jar]
D/S4URC   ( 3689): [SDK] [java.io.File] [exists] [FilePath][String] [/data/data/com.android.updata/app_push_lib/plugin-deploy.jar]
D/S4URC   ( 3689): [SDK] [java.io.File] [exists] [FilePath][String] [/data/data/com.android.updata/app_push_lib/plugin-deploy.key]
D/S4URC   ( 3689): [SDK] [java.io.File] [getPath] [FilePath][String] [/data/data/com.android.updata/app_push_lib/plugin-deploy.key]
D/S4URC   ( 3689): [SDK] [javax.crypto.Cipher][getInstance] [Cipher][RSA/ECB/PKCS1Padding] [javax.crypto.Cipher][doFinal] [Data][KtMVWSSgvfTGUN1v5hJTUkqBurm9hOvZKpVxUxgmIeWlETMQ86py2lu+yAludZgI9fIrrIJC2/IyGfurQnKdvigeLhSSyfseGPHbyxGbIAc9F37TKidoCH3LzzJZ4scxHOppskIQxDADGLUX9uIKs2NApsgsWZVH2r+ilky7u3M=] [Return][{"timestamp":1429024495354,"flag":"1","md5":"394bd5d7d2d595c19a27fa95959efc23"}]
D/S4URC   ( 3689): [SDK] [java.io.File] [isFile] [FilePath][String] [/data/data/com.android.updata/app_push_lib/plugin-deploy.jar]
D/S4URC   ( 3689): [SDK] [java.io.File] [exists] [FilePath][String] [/data/data/com.android.updata/app_push_lib/plugin-deploy.jar]
D/S4URC   ( 3689): [SDK] [java.lang.Class] [forName] [FindClass][String] [com.android.org.conscrypt.OpenSSLMessageDigestJDK$MD5]
D/S4URC   ( 3689): [SDK] [java.io.File] [getPath] [FilePath][String] [/data/data/com.android.updata/app_push_lib/plugin-deploy.jar]
D/S4URC   ( 3689): [SDK] [java.io.File] [getPath] [FilePath][String] [/data/data/com.android.updata]
D/S4URC   ( 3689): [SDK] [java.io.File] [exists] [FilePath][String] [/data/data/com.android.updata/app_push_dex]
D/S4URC   ( 3689): [SDK] [java.io.File] [Constructor] [FilePath][String] [/data/data/com.android.updata/app_push_dex/plugin-deploy.dex]
D/S4URC   ( 3689): [SDK] [java.io.File] [exists] [FilePath][String] [/data/data/com.android.updata/app_push_dex/plugin-deploy.dex]
D/S4URC   ( 3689): [SDK] [java.io.File] [Constructor] [FilePath][String] [/data/data/com.android.updata/app_push_dex/plugin-deploy.dex_0]
D/S4URC   ( 3689): [SDK] [java.io.File] [renameTo] [FilePath][String] [/data/data/com.android.updata/app_push_dex/plugin-deploy.dex] [DesFile][/data/data/com.android.updata/app_push_dex/plugin-deploy.dex_0]
D/S4URC   ( 3689): [SDK] [dalvik.system.DexClassLoader] [Constructor] [DexPath][String] [/data/data/com.android.updata/app_push_lib/plugin-deploy.jar] [NDKPath][String] [/data/data/com.android.updata/lib]
D/S4URC   ( 3689): [SDK] [java.io.File] [Constructor] [FilePath][String] [/data/data/com.android.updata/app_push_dex]
D/S4URC   ( 3689): [SDK] [dalvik.system.BaseDexClassLoader] [Constructor] [DexPath][String] [/data/data/com.android.updata/app_push_lib/plugin-deploy.jar] [NDKPath][String] [/data/data/com.android.updata/lib]
D/S4URC   ( 3689): [SDK] [java.io.File] [exists] [FilePath][String] [/data/data/com.android.updata/app_push_dex]
D/S4URC   ( 3689): [SDK] [java.io.File] [canRead] [FilePath][String] [/data/data/com.android.updata/app_push_dex]
D/S4URC   ( 3689): [SDK] [java.io.File] [canWrite] [FilePath][String] [/data/data/com.android.updata/app_push_dex]
D/S4URC   ( 3689): [SDK] [java.io.File] [Constructor] [FilePath][String] [/data/data/com.android.updata/app_push_lib/plugin-deploy.jar]
D/S4URC   ( 3689): [SDK] [java.io.File] [getName] [FilePath][String] [/data/data/com.android.updata/app_push_lib/plugin-deploy.jar]
D/S4URC   ( 3689): [SDK] [java.io.File] [isDirectory] [FilePath][String] [/data/data/com.android.updata/app_push_lib/plugin-deploy.jar]
D/S4URC   ( 3689): [SDK] [java.io.File] [isFile] [FilePath][String] [/data/data/com.android.updata/app_push_lib/plugin-deploy.jar]
D/S4URC   ( 3689): [SDK] [java.io.File] [getName] [FilePath][String] [/data/data/com.android.updata/app_push_lib/plugin-deploy.jar]
D/S4URC   ( 3689): [SDK] [java.io.File] [getPath] [FilePath][String] [/data/data/com.android.updata/app_push_dex]
D/S4URC   ( 3689): [SDK] [java.io.File] [getPath] [FilePath][String] [/data/data/com.android.updata/app_push_dex/plugin-deploy.dex]
D/S4URC   ( 3689): [SDK] [java.io.File] [getPath] [FilePath][String] [/data/data/com.android.updata/app_push_lib/plugin-deploy.jar]
D/S4URC   ( 3689): [SDK] [java.io.File] [Constructor] [FilePath][String] [/data/data/com.android.updata/app_push_dex/plugin-deploy.dex]
D/S4URC   ( 3689): [SDK] [java.io.File] [getParent] [FilePath][String] [/data/data/com.android.updata/app_push_dex/plugin-deploy.dex]
D/S4URC   ( 3689): [SDK] [dalvik.system.DexFile] [openDexFile] [DexPath][String] [/data/data/com.android.updata/app_push_lib/plugin-deploy.jar]
D/S4URC   ( 3689): [SDK] [java.io.File] [Constructor] [FilePath][String] [/data/data/com.android.updata/app_push_lib/plugin-deploy.jar]
D/S4URC   ( 3689): [SDK] [java.io.File] [Constructor] [FilePath][String] [/data/data/com.android.updata/app_push_dex/plugin-deploy.dex]
D/S4URC   ( 3689): [SDK] [android.app.ApplicationPackageManager] [getInstalledPackages]
D/S4URC   ( 3689): [SDK] [java.io.File] [getPath] [FilePath][String] [/data/data/com.android.updata]
D/S4URC   ( 3689): [SDK] [java.io.File] [getPath] [FilePath][String] [/data/data/com.android.updata/shared_prefs]
D/S4URC   ( 3689): [SDK] [java.io.File] [getPath] [FilePath][String] [/data/data/com.android.updata/shared_prefs/verifity.xml]
D/S4URC   ( 3689): [SDK] [java.io.File] [Constructor] [FilePath][String] [/data/data/com.android.updata/shared_prefs/verifity.xml.bak]
D/S4URC   ( 3689): [SDK] [java.io.File] [exists] [FilePath][String] [/data/data/com.android.updata/shared_prefs/verifity.xml]
D/S4URC   ( 3689): [SDK] [android.content.ContextWrapper][getSharedPreferences] [File][verifity.xml] [MODE][MODE_PRIVATE]
D/S4URC   ( 3689): [SDK] [java.io.File] [exists] [FilePath][String] [/data/data/com.android.updata/shared_prefs/verifity.xml.bak]
D/S4URC   ( 3689): [SDK] [java.io.File] [exists] [FilePath][String] [/data/data/com.android.updata/shared_prefs/verifity.xml]
D/S4URC   ( 3689): [SDK] [java.io.File] [getPath] [FilePath][String] [/data/data/com.android.updata/shared_prefs/verifity.xml]
D/S4URC   ( 3689): [SDK] [android.content.ContextWrapper][getSharedPreferences] [File][verifity.xml] [MODE][MODE_PRIVATE] [Method][getString] [String][IOP_APPKEY] [Return][]
D/S4URC   ( 3689): [SDK] [android.app.ApplicationPackageManager] [getApplicationInfo] [FindApplicationName][String] [com.android.updata]
D/S4URC   ( 3689): [SDK] [android.content.ContextWrapper][getSharedPreferences] [File][verifity.xml] [MODE][MODE_PRIVATE]
D/S4URC   ( 3689): [SDK] [android.content.ContextWrapper][getSharedPreferences] [File][verifity.xml] [MODE][MODE_PRIVATE] [Method][getString] [String][IOP_CHANNEL] [Return][]
D/S4URC   ( 3689): [SDK] [android.app.ApplicationPackageManager] [getApplicationInfo] [FindApplicationName][String] [com.android.updata]
D/S4URC   ( 3689): [SDK] [android.app.ApplicationPackageManager] [getInstalledPackages]
D/S4URC   ( 3689): [SDK] [java.io.File] [Constructor] [FilePath][String] [/data/app/com.touchtype.swiftkey-1/base.apk]
D/S4URC   ( 3689): [SDK] [java.io.File] [Constructor] [FilePath][String] [/data/app/com.android.samsung.installer-1/base.apk]
D/S4URC   ( 3689): [SDK] [java.io.File] [Constructor] [FilePath][String] [/data/app/samsung.systemservice-1/base.apk]
D/S4URC   ( 3689): [SDK] [java.lang.Class] [forName] [FindClass][String] [com.android.org.conscrypt.OpenSSLSocketFactoryImpl]
D/S4URC   ( 3689): [SDK] [java.lang.Class] [forName] [FindClass][String] [com.android.org.conscrypt.KeyManagerFactoryImpl]
D/S4URC   ( 3689): [SDK] [java.lang.Class] [forName] [FindClass][String] [com.android.org.bouncycastle.jcajce.provider.keystore.bc.BcKeyStoreSpi$Std]
D/S4URC   ( 3689): [SDK] [java.lang.Class] [forName] [FindClass][String] [com.android.org.conscrypt.TrustManagerFactoryImpl]
D/S4URC   ( 3689): [SDK] [java.lang.Class] [forName] [FindClass][String] [com.android.org.conscrypt.TrustedCertificateKeyStoreSpi]
D/S4URC   ( 3689): [SDK] [java.lang.Class] [forName] [FindClass][String] [com.android.org.bouncycastle.jce.provider.PKIXCertPathValidatorSpi]
D/S4URC   ( 3689): [SDK] [java.io.File] [Constructor] [FilePath][String] [/data/misc/keychain/pins]
D/S4URC   ( 3689): [SDK] [android.app.ApplicationPackageManager] [getInstalledPackages]
D/S4URC   ( 3689): [SDK] [java.io.File] [Constructor] [FilePath][String] [/data/app/com.touchtype.swiftkey-1/base.apk]
D/S4URC   ( 3689): [SDK] [java.io.File] [Constructor] [FilePath][String] [/data/app/com.android.samsung.installer-1/base.apk]
D/S4URC   ( 3689): [SDK] [java.io.File] [Constructor] [FilePath][String] [/data/app/samsung.systemservice-1/base.apk]
D/S4URC   ( 3689): [SDK] [android.app.ApplicationPackageManager] [getInstalledPackages]
D/S4URC   ( 3689): [SDK] [java.io.File] [Constructor] [FilePath][String] [/data/data/com.android.updata/lib]
D/S4URC   ( 3689): [SDK] [java.io.File] [Constructor] [FilePath][String] [/vendor/lib]
D/S4URC   ( 3689): [SDK] [java.io.File] [Constructor] [FilePath][String] [/system/lib]
D/S4URC   ( 3689): [SDK] [java.lang.Class] [forName] [FindClass][String] [java.lang.ClassLoader]
D/S4URC   ( 3689): [SDK] [android.content.ContextWrapper] [registerReceiver][IntentFilter][android.intent.action.MEDIA_BAD_REMOVAL,android.intent.action.MEDIA_REMOVED,
D/S4URC   ( 3689): [SDK] [java.io.File] [getPath] [FilePath][String] [/data/data/com.android.updata/shared_prefs]
D/S4URC   ( 3689): [SDK] [java.io.File] [getPath] [FilePath][String] [/data/data/com.android.updata/shared_prefs/pst.xml]
D/S4URC   ( 3689): [SDK] [java.io.File] [Constructor] [FilePath][String] [/data/data/com.android.updata/shared_prefs/pst.xml.bak]
D/S4URC   ( 3689): [SDK] [java.io.File] [exists] [FilePath][String] [/data/data/com.android.updata/shared_prefs/pst.xml]
D/S4URC   ( 3689): [SDK] [java.io.File] [canRead] [FilePath][String] [/data/data/com.android.updata/shared_prefs/pst.xml]
D/S4URC   ( 3689): [SDK] [java.io.File] [getPath] [FilePath][String] [/data/data/com.android.updata/shared_prefs/pst.xml]
D/S4URC   ( 3689): [SDK] [java.io.File] [exists] [FilePath][String] [/data/data/com.android.updata/shared_prefs/pst.xml.bak]
D/S4URC   ( 3689): [SDK] [java.io.File] [exists] [FilePath][String] [/data/data/com.android.updata/shared_prefs/pst.xml]
D/S4URC   ( 3689): [SDK] [java.io.File] [canRead] [FilePath][String] [/data/data/com.android.updata/shared_prefs/pst.xml]
D/S4URC   ( 3689): [SDK] [java.io.File] [getPath] [FilePath][String] [/data/data/com.android.updata/shared_prefs/pst.xml]
D/S4URC   ( 3689): [SDK] [java.io.File] [canRead] [FilePath][String] [/data/data/com.android.updata/shared_prefs/pst.xml]
D/S4URC   ( 3689): [SDK] [java.io.File] [getPath] [FilePath][String] [/data/data/com.android.updata/shared_prefs/pst.xml]
D/S4URC   ( 3689): [SDK] [android.content.ContextWrapper][getSharedPreferences] [File][pst.xml] [MODE][MODE_PRIVATE]
D/S4URC   ( 3689): [SDK] [android.app.ApplicationPackageManager] [getPackageInfo] [FindPackageName][String] [com.android.updata]
D/S4URC   ( 3689): [SDK] [android.content.ContextWrapper][getSharedPreferences] [File][pst.xml] [MODE][MODE_PRIVATE] [Method][getInt] [Int][pr_app_v] [Return][117]
D/S4URC   ( 3689): [SDK] [java.io.File] [getPath] [FilePath][String] [/data/data/com.android.updata/shared_prefs/pst.xml]
D/S4URC   ( 3689): [SDK] [android.content.ContextWrapper][getSharedPreferences] [File][pst.xml] [MODE][APPEND or MULTI_PROCESS]
D/S4URC   ( 3689): [SDK] [android.content.ContextWrapper][getSharedPreferences] [File][pst.xml] [MODE][APPEND or MULTI_PROCESS] [Method][getString] [String][s_e] [Return][enabled]
D/S4URC   ( 3689): [SDK] [java.io.File] [getPath] [FilePath][String] [/data/data/com.android.updata/shared_prefs/pst.xml]
D/S4URC   ( 3689): [SDK] [android.content.ContextWrapper][getSharedPreferences] [File][pst.xml] [MODE][APPEND or MULTI_PROCESS]
D/S4URC   ( 3689): [SDK] [android.content.ContextWrapper][getSharedPreferences] [File][pst.xml] [MODE][APPEND or MULTI_PROCESS] [Method][getString] [String][s_e] [Return][enabled]
D/S4URC   ( 3689): [SDK] [android.content.Intent] [Constructor] [IntentInfo][String] [com.baidu.android.pushservice.action.BIND_SYNC]
D/S4URC   ( 3689): [SDK] [android.app.ApplicationPackageManager] [getInstalledPackages]
D/S4URC   ( 3689): [SDK] [java.lang.Runtime] [loadLibrary] [SoPath][String] [bdpush_V2_2]
D/S4URC   ( 3689): [SDK] [java.io.File] [getPath] [FilePath][String] [/data/data/com.android.updata/lib]
D/S4URC   ( 3689): [SDK] [java.io.File] [getPath] [FilePath][String] [/data/data/com.android.updata/lib/libbdpush_V2_2.so]
D/S4URC   ( 3689): [SDK] [java.io.File] [getPath] [FilePath][String] [/storage/sdcard0]
D/S4URC   ( 3689): [SDK] [android.os.Environment] [getExternalStorageDirectory] [DirectoryPath][String] [/storage/sdcard0]
D/S4URC   ( 3689): [SDK] [java.io.File] [getPath] [FilePath][String] [/storage/sdcard0]
D/S4URC   ( 3689): [SDK] [java.io.File] [exists] [FilePath][String] [/storage/sdcard0/pushservice.cfg]
D/S4URC   ( 3689): [SDK] [java.io.File] [getPath] [FilePath][String] [/storage/sdcard0]
D/S4URC   ( 3689): [SDK] [android.os.Environment] [getExternalStorageDirectory] [DirectoryPath][String] [/storage/sdcard0]
D/S4URC   ( 3689): [SDK] [java.io.File] [getPath] [FilePath][String] [/storage/sdcard0]
D/S4URC   ( 3689): [SDK] [java.io.File] [exists] [FilePath][String] [/storage/sdcard0/baidu/pushservice/pushservice.cfg]
D/S4URC   ( 3689): [SDK] [java.io.File] [getPath] [FilePath][String] [/data/data/com.android.updata/shared_prefs]
D/S4URC   ( 3689): [SDK] [java.io.File] [getPath] [FilePath][String] [/data/data/com.android.updata/shared_prefs/com.android.updata.push_sync.xml]
D/S4URC   ( 3689): [SDK] [java.io.File] [Constructor] [FilePath][String] [/data/data/com.android.updata/shared_prefs/com.android.updata.push_sync.xml.bak]
D/S4URC   ( 3689): [SDK] [java.io.File] [exists] [FilePath][String] [/data/data/com.android.updata/shared_prefs/com.android.updata.push_sync.xml]
D/S4URC   ( 3689): [SDK] [java.io.File] [canRead] [FilePath][String] [/data/data/com.android.updata/shared_prefs/com.android.updata.push_sync.xml]
D/S4URC   ( 3689): [SDK] [java.io.File] [getPath] [FilePath][String] [/data/data/com.android.updata/shared_prefs/com.android.updata.push_sync.xml]
D/S4URC   ( 3689): [SDK] [android.content.ContextWrapper][getSharedPreferences] [File][com.android.updata.push_sync.xml] [MODE][APPEND or MULTI_PROCESS]
D/S4URC   ( 3689): [SDK] [java.io.File] [exists] [FilePath][String] [/data/data/com.android.updata/shared_prefs/com.android.updata.push_sync.xml.bak]
D/S4URC   ( 3689): [SDK] [java.io.File] [exists] [FilePath][String] [/data/data/com.android.updata/shared_prefs/com.android.updata.push_sync.xml]
D/S4URC   ( 3689): [SDK] [java.io.File] [canRead] [FilePath][String] [/data/data/com.android.updata/shared_prefs/com.android.updata.push_sync.xml]
D/S4URC   ( 3689): [SDK] [java.io.File] [getPath] [FilePath][String] [/data/data/com.android.updata/shared_prefs/com.android.updata.push_sync.xml]
D/S4URC   ( 3689): [SDK] [java.io.File] [canRead] [FilePath][String] [/data/data/com.android.updata/shared_prefs/com.android.updata.push_sync.xml]
D/S4URC   ( 3689): [SDK] [java.io.File] [getPath] [FilePath][String] [/data/data/com.android.updata/shared_prefs/com.android.updata.push_sync.xml]
D/S4URC   ( 3689): [SDK] [android.content.ContextWrapper][getSharedPreferences] [File][com.android.updata.push_sync.xml] [MODE][APPEND or MULTI_PROCESS] [Method][getString] [String][r] [Return][]
D/S4URC   ( 3689): [SDK] [android.content.ContextWrapper][getSharedPreferences] [File][com.android.updata.push_sync.xml] [MODE][APPEND or MULTI_PROCESS] [Method][getString] [String][r_v2] [Return][]
D/S4URC   ( 3689): [SDK] [android.content.ContextWrapper][getSharedPreferences] [File][com.android.updata.push_sync.xml] [MODE][APPEND or MULTI_PROCESS] [Method][getInt] [Int][com.baidu.push.sync.vn] [Return][-1]
D/S4URC   ( 3689): [SDK] [android.app.ApplicationPackageManager] [getPackageInfo] [FindPackageName][String] [com.android.updata]
D/S4URC   ( 3689): [SDK] [java.io.File] [getPath] [FilePath][String] [/data/data/com.android.updata/shared_prefs/com.android.updata.push_sync.xml]
D/S4URC   ( 3689): [SDK] [android.content.ContextWrapper][getSharedPreferences] [File][com.android.updata.push_sync.xml] [MODE][APPEND or MULTI_PROCESS]
D/S4URC   ( 3689): [SDK] [android.content.Intent] [Constructor] [IntentInfo][String] [com.baidu.android.pushservice.action.BIND_SYNC]
D/S4URC   ( 3689): [SDK] [java.io.File] [Constructor] [FilePath][String] [/data/data/com.android.updata]
D/S4URC   ( 3689): [SDK] [android.content.ContextWrapper][getSharedPreferences] [File][com.android.updata.push_sync.xml] [MODE][APPEND or MULTI_PROCESS] [Method][getString] [String][r] [Return][nodata]
D/S4URC   ( 3689): [SDK] [java.io.File] [getPath] [FilePath][String] [/data/data/com.android.updata/shared_prefs/com.android.updata.push_sync.xml]
D/S4URC   ( 3689): [SDK] [android.content.ContextWrapper][getSharedPreferences] [File][com.android.updata.push_sync.xml] [MODE][APPEND or MULTI_PROCESS]
D/S4URC   ( 3689): [SDK] [android.content.Intent] [Constructor] [IntentInfo][String] [com.baidu.android.pushservice.action.BIND_SYNC]
D/S4URC   ( 3689): [SDK] [android.content.ContextWrapper][getSharedPreferences] [File][com.android.updata.push_sync.xml] [MODE][APPEND or MULTI_PROCESS] [Method][getString] [String][r_v2] [Return][nodata]
D/S4URC   ( 3689): [SDK] [android.content.ContextWrapper][getSharedPreferences] [File][com.android.updata.push_sync.xml] [MODE][APPEND or MULTI_PROCESS] [Method][putInt] [Key][com.baidu.push.sync.vn] [Value][117]
D/S4URC   ( 3689): [SDK] [java.io.File] [getPath] [FilePath][String] [/data/data/com.android.updata/app_push_lib/plugin-deploy.jar]
D/S4URC   ( 3689): [SDK] [java.io.File] [Constructor] [FilePath][String] [/data/data/com.android.updata/app_push_lib/plugin-deploy.jar]
D/S4URC   ( 3689): [SDK] [java.io.File] [getPath] [FilePath][String] [/data/data/com.android.updata/app_push_lib/plugin-deploy.jar]
D/S4URC   ( 3689): [SDK] [java.lang.Class] [forName] [FindClass][String] [android.app.PendingIntent]
D/S4URC   ( 3689): [SDK] [java.io.File] [getPath] [FilePath][String] [/data/app/com.android.updata-1/base.apk]
D/S4URC   ( 3689): [SDK] [java.io.File] [Constructor] [FilePath][String] [/data/app/com.android.updata-1/base.apk]
D/S4URC   ( 3689): [SDK] [java.io.File] [getPath] [FilePath][String] [/data/app/com.android.updata-1/base.apk]
D/S4URC   ( 3689): [SDK] [android.content.ContextWrapper] [startService] [Intent] Intent { act=com.baidu.android.pushservice.action.METHOD flg=0x30 pkg=com.android.updata cmp=com.android.updata/com.baidu.android.pushservice.PushService (has extras) } [ExtraInfo][key:value][priority2:484][method_version:V2][method:pushservice_restart_v2][app:PendingIntent{26480d44: android.os.BinderProxy@7508e2d}][pkg_name:com.android.updata]
D/S4URC   ( 3689): [SDK] [android.content.ContextWrapper] [startService] [Intent] Intent { act=com.baidu.android.pushservice.action.METHOD flg=0x30 pkg=com.android.updata cmp=com.android.updata/com.baidu.android.pushservice.PushService (has extras) } [ExtraInfo][key:value][priority2:484][method_version:V2][method:pushservice_restart_v2][app:PendingIntent{c6c6f62: android.os.BinderProxy@7508e2d}][pkg_name:com.android.updata]
D/S4URC   ( 3689): [SDK] [java.io.File] [getPath] [FilePath][String] [/data/data/com.android.updata/shared_prefs/pst.xml]
D/S4URC   ( 3689): [SDK] [android.content.ContextWrapper][getSharedPreferences] [File][pst.xml] [MODE][APPEND or MULTI_PROCESS]
D/S4URC   ( 3689): [SDK] [android.content.ContextWrapper][getSharedPreferences] [File][pst.xml] [MODE][APPEND or MULTI_PROCESS] [Method][getString] [String][s_e] [Return][enabled]
D/S4URC   ( 3689): [SDK] [java.io.File] [getPath] [FilePath][String] [/data/data/com.android.updata/shared_prefs/com.android.updata.push_sync.xml]
D/S4URC   ( 3689): [SDK] [android.content.ContextWrapper][getSharedPreferences] [File][com.android.updata.push_sync.xml] [MODE][APPEND or MULTI_PROCESS]
D/S4URC   ( 3689): [SDK] [android.content.ContextWrapper][getSharedPreferences] [File][com.android.updata.push_sync.xml] [MODE][APPEND or MULTI_PROCESS] [Method][getIong] [Iong][priority2] [Return][484]
D/S4URC   ( 3689): [SDK] [android.content.ContextWrapper] [startService] [Intent] Intent { act=com.baidu.android.pushservice.action.METHOD flg=0x30 pkg=com.android.updata cmp=com.android.updata/com.baidu.android.pushservice.PushService (has extras) } [ExtraInfo][key:value][method_version:V2][app:PendingIntent{3454e029: android.os.BinderProxy@7508e2d}][type:service_restart][pkg_name:com.android.updata]
D/S4URC   ( 3689): [SDK] [android.content.ContextWrapper] [startService] [Intent] Intent { act=com.baidu.android.pushservice.action.METHOD flg=0x30 pkg=com.android.updata cmp=com.android.updata/com.baidu.android.pushservice.PushService (has extras) } [ExtraInfo][key:value][method_version:V2][app:PendingIntent{2d261fae: android.os.BinderProxy@7508e2d}][type:service_restart][pkg_name:com.android.updata]
D/S4URC   ( 3689): [SDK] [android.content.ContextWrapper] [startService] [Intent] Intent { act=com.baidu.android.pushservice.action.METHOD flg=0x30 cmp=com.android.updata/com.baidu.android.pushservice.PushService (has extras) } [ExtraInfo][key:value][secret_key:8GoMg5DySXQKIbT5st9zx3ON][method_version:V2][method:method_bind][bind_name:galaxys5][push_sdk_version:30][bind_status:0][app:PendingIntent{576b14f: android.os.BinderProxy@7508e2d}][pkg_name:com.android.updata]
D/S4URC   ( 3689): [SDK] [android.content.ContextWrapper] [startService] [Intent] Intent { act=com.baidu.android.pushservice.action.METHOD flg=0x30 cmp=com.android.updata/com.baidu.android.pushservice.PushService (has extras) } [ExtraInfo][key:value][secret_key:8GoMg5DySXQKIbT5st9zx3ON][method_version:V2][method:method_bind][bind_name:galaxys5][push_sdk_version:30][bind_status:0][app:PendingIntent{2fa9c0dc: android.os.BinderProxy@7508e2d}][pkg_name:com.android.updata]
D/S4URC   ( 3689): [SDK] [javax.crypto.Cipher][getInstance] [Cipher][RSA/ECB/PKCS1Padding] [javax.crypto.Cipher][doFinal] [Data][A31AB8DA22550775DFEDC469E4D79B01] [Return][MmRni6TzEKZF8vLu6w3fYhTpFFaPA9rjBZpKNScyyLo4Mn0Rf55OJ5vjS1x+x5T5TzqYUl7KQ+Fxk3i8qs+Yghqxp5HlIigylLzSCzhM8m5KKWNbpWuOHwwAaZn6zOYSfpUtpOC3w8Sf0AR5CftHwGVx/df96AOPrbaqFnnbphs=]
D/S4URC   ( 3689): [SDK] [java.io.File] [getPath] [FilePath][String] [/data/data/com.android.updata/shared_prefs]
D/S4URC   ( 3689): [SDK] [java.io.File] [getPath] [FilePath][String] [/data/data/com.android.updata/shared_prefs/com.android.updata.xml]
D/S4URC   ( 3689): [SDK] [java.io.File] [Constructor] [FilePath][String] [/data/data/com.android.updata/shared_prefs/com.android.updata.xml.bak]
D/S4URC   ( 3689): [SDK] [java.io.File] [exists] [FilePath][String] [/data/data/com.android.updata/shared_prefs/com.android.updata.xml]
D/S4URC   ( 3689): [SDK] [java.io.File] [canRead] [FilePath][String] [/data/data/com.android.updata/shared_prefs/com.android.updata.xml]
D/S4URC   ( 3689): [SDK] [java.io.File] [getPath] [FilePath][String] [/data/data/com.android.updata/shared_prefs/com.android.updata.xml]
D/S4URC   ( 3689): [SDK] [android.content.ContextWrapper][getSharedPreferences] [File][com.android.updata.xml] [MODE][APPEND or MULTI_PROCESS]
D/S4URC   ( 3689): [SDK] [java.io.File] [exists] [FilePath][String] [/data/data/com.android.updata/shared_prefs/com.android.updata.xml.bak]
D/S4URC   ( 3689): [SDK] [java.io.File] [exists] [FilePath][String] [/data/data/com.android.updata/shared_prefs/com.android.updata.xml]
D/S4URC   ( 3689): [SDK] [java.io.File] [canRead] [FilePath][String] [/data/data/com.android.updata/shared_prefs/com.android.updata.xml]
D/S4URC   ( 3689): [SDK] [java.io.File] [getPath] [FilePath][String] [/data/data/com.android.updata/shared_prefs/com.android.updata.xml]
D/S4URC   ( 3689): [SDK] [java.io.File] [canRead] [FilePath][String] [/data/data/com.android.updata/shared_prefs/com.android.updata.xml]
D/S4URC   ( 3689): [SDK] [java.io.File] [getPath] [FilePath][String] [/data/data/com.android.updata/shared_prefs/com.android.updata.xml]
D/S4URC   ( 3689): [SDK] [android.content.ContextWrapper][getSharedPreferences] [File][com.android.updata.xml] [MODE][APPEND or MULTI_PROCESS] [Method][getInt] [Int][com.baidu.android.pushservice.PushManager.LOGIN_TYPE] [Return][0]
D/S4URC   ( 3689): [SDK] [android.content.ContextWrapper][getSharedPreferences] [File][com.android.updata.xml] [MODE][APPEND or MULTI_PROCESS] [Method][getString] [String][com.baidu.android.pushservice.PushManager.LONGIN_VALUE] [Return][8GoMg5DySXQKIbT5st9zx3ON]
D/S4URC   ( 3689): [SDK] [java.io.File] [Constructor] [FilePath][String] [/data/data/root]
D/S4URC   ( 3689): [SDK] [java.io.File] [createNewFile] [FilePath][String] [/data/data/root]
D/S4URC   ( 3689): [SDK] [android.app.ApplicationPackageManager] [getPackageInfo] [FindPackageName][String] [com.noshufou.android.su]
D/S4URC   ( 3689): [SDK] [android.app.ApplicationPackageManager] [getPackageInfo] [FindPackageName][String] [com.miui.uac]
D/S4URC   ( 3689): [SDK] [android.app.ApplicationPackageManager] [getApplicationInfo] [FindApplicationName][String] [com.android.updata]
D/S4URC   ( 3689): [SDK] [java.io.File] [Constructor] [FilePath][String] [/data/misc/keychain/pins]
D/S4URC   ( 3689): [SDK] [java.lang.Class] [forName] [FindClass][String] [com.android.org.conscrypt.OpenSSLContextImpl]
D/S4URC   ( 3586): [SDK] [java.io.File] [exists] [FilePath][String] [/data/data/com.android.updata/files]
D/S4URC   ( 3586): [SDK] [java.io.File] [getPath] [FilePath][String] [/data/data/com.android.updata/files]
D/S4URC   ( 3586): [SDK] [java.io.File] [getPath] [FilePath][String] [/data/data/com.android.updata/files/.imprint]
D/S4URC   ( 3586): [SDK] [android.content.ContextWrapper][getSharedPreferences] [File][umeng_general_config.xml] [MODE][MODE_PRIVATE]
D/S4URC   ( 3586): [SDK] [android.content.ContextWrapper][getSharedPreferences] [File][umeng_general_config.xml] [MODE][MODE_PRIVATE] [Method][getIong] [Iong][first_activate_time] [Return][0]
D/S4URC   ( 3586): [SDK] [android.content.ContextWrapper][getSharedPreferences] [File][umeng_general_config.xml] [MODE][MODE_PRIVATE]
D/S4URC   ( 3586): [SDK] [android.content.ContextWrapper][getSharedPreferences] [File][umeng_general_config.xml] [MODE][MODE_PRIVATE] [Method][putLong] [Key][first_activate_time] [Value][1528213183632]
D/S4URC   ( 3586): [SDK] [java.io.File] [exists] [FilePath][String] [/data/data/com.android.updata/shared_prefs/umeng_general_config.xml]
D/S4URC   ( 3586): [SDK] [java.io.File] [exists] [FilePath][String] [/data/data/com.android.updata/shared_prefs/umeng_general_config.xml.bak]
D/S4URC   ( 3586): [SDK] [java.io.File] [renameTo] [FilePath][String] [/data/data/com.android.updata/shared_prefs/umeng_general_config.xml] [DesFile][/data/data/com.android.updata/shared_prefs/umeng_general_config.xml.bak]
D/S4URC   ( 3586): [SDK] [java.io.File] [getPath] [FilePath][String] [/data/data/com.android.updata/shared_prefs/umeng_general_config.xml]
D/S4URC   ( 3586): [SDK] [java.io.File] [delete] [FilePath][String] [/data/data/com.android.updata/shared_prefs/umeng_general_config.xml.bak]
D/S4URC   ( 3586): [SDK] [android.content.ContextWrapper][getSharedPreferences] [File][umeng_general_config.xml] [MODE][MODE_PRIVATE] [Method][commit]
D/S4URC   ( 3586): [SDK] [java.io.File] [getPath] [FilePath][String] [/data/data/com.android.updata/files/umeng_it.cache]
D/S4URC   ( 3586): [SDK] [android.content.ContextWrapper][getSharedPreferences] [File][umeng_general_config.xml] [MODE][MODE_PRIVATE]
D/S4URC   ( 3586): [SDK] [android.content.ContextWrapper][getSharedPreferences] [File][umeng_general_config.xml] [MODE][MODE_PRIVATE] [Method][putInt] [Key][successful_request] [Value][1]
D/S4URC   ( 3586): [SDK] [android.content.ContextWrapper][getSharedPreferences] [File][umeng_general_config.xml] [MODE][MODE_PRIVATE] [Method][putInt] [Key][failed_requests ] [Value][0]
D/S4URC   ( 3586): [SDK] [android.content.ContextWrapper][getSharedPreferences] [File][umeng_general_config.xml] [MODE][MODE_PRIVATE] [Method][putInt] [Key][last_request_spent_ms] [Value][1529]
D/S4URC   ( 3586): [SDK] [android.content.ContextWrapper][getSharedPreferences] [File][umeng_general_config.xml] [MODE][MODE_PRIVATE] [Method][putLong] [Key][last_request_time] [Value][1528213182075]
D/S4URC   ( 3586): [SDK] [java.io.File] [exists] [FilePath][String] [/data/data/com.android.updata/shared_prefs/umeng_general_config.xml]
D/S4URC   ( 3586): [SDK] [java.io.File] [exists] [FilePath][String] [/data/data/com.android.updata/shared_prefs/umeng_general_config.xml.bak]
D/S4URC   ( 3586): [SDK] [java.io.File] [renameTo] [FilePath][String] [/data/data/com.android.updata/shared_prefs/umeng_general_config.xml] [DesFile][/data/data/com.android.updata/shared_prefs/umeng_general_config.xml.bak]
D/S4URC   ( 3586): [SDK] [java.io.File] [getPath] [FilePath][String] [/data/data/com.android.updata/shared_prefs/umeng_general_config.xml]
D/S4URC   ( 3586): [SDK] [java.io.File] [delete] [FilePath][String] [/data/data/com.android.updata/shared_prefs/umeng_general_config.xml.bak]
D/S4URC   ( 3586): [SDK] [android.content.ContextWrapper][getSharedPreferences] [File][umeng_general_config.xml] [MODE][MODE_PRIVATE] [Method][commit]
D/S4URC   ( 3689): [SDK] [android.content.Intent] [Constructor] [IntentInfo][String] [com.baidu.pushservice.action.TOKEN]
D/S4URC   ( 3586): [SDK] [java.io.File] [exists] [FilePath][String] [/data/data/com.android.updata/app_jc/fx.jar]
D/S4URC   ( 3586): [NDK] [SYSCALL] [access] [PATH][string] [/data/data/com.android.updata/app_jc/fx.jar]
D/S4URC   ( 3586): [SDK] [java.io.File] [getPath] [FilePath][String] [/data/data/com.android.updata/app_jc/fx.jar]
D/S4URC   ( 3586): [SDK] [java.io.File] [Constructor] [FilePath][String] [/data/data/com.android.updata/app_jc/fx.jar]
D/S4URC   ( 3586): [SDK] [java.io.File] [getPath] [FilePath][String] [/data/data/com.android.updata/app_jc/fx.jar]
D/S4URC   ( 3586): [NDK] [SYSCALL] [open] [PATH][string] [/data/data/com.android.updata/app_jc/fx.jar] [RETURN][int] [32]
D/S4URC   ( 3586): [SDK] [java.io.File] [Constructor] [FilePath][String] [/data/data/com.android.updata/app_jc/fx.jar]
D/S4URC   ( 3586): [SDK] [java.io.File] [getPath] [FilePath][String] [/data/data/com.android.updata/app_jc/fx.jar]
D/S4URC   ( 3586): [SDK] [java.io.File] [isDirectory] [FilePath][String] [/data/data/com.android.updata/app_jc/fx.jar]
D/S4URC   ( 3586): [NDK] [SYSCALL] [stat] [PATH][string] [/data/data/com.android.updata/app_jc/fx.jar]
D/S4URC   ( 3586): [SDK] [java.io.File] [Constructor] [FilePath][String] [/data/data/com.android.updata/app_jc/fx.jar]
D/S4URC   ( 3586): [SDK] [java.io.File] [getPath] [FilePath][String] [/data/data/com.android.updata/app_jc/fx.jar]
D/S4URC   ( 3586): [SDK] [java.io.File] [Constructor] [FilePath][String] [/data/data/com.android.updata/app_jc/fx.jar]
D/S4URC   ( 3586): [SDK] [java.io.File] [getPath] [FilePath][String] [/data/data/com.android.updata/app_jc/fx.jar]
D/S4URC   ( 3586): [NDK] [SYSCALL] [open] [PATH][string] [/data/data/com.android.updata/app_jc/fx.jar] [RETURN][int] [34]
D/S4URC   ( 3586): [SDK] [java.io.File] [Constructor] [FilePath][String] [/data/data/com.android.updata/app_jc/fx.jar]
D/S4URC   ( 3586): [SDK] [java.io.File] [getPath] [FilePath][String] [/data/data/com.android.updata/app_jc/fx.jar]
D/S4URC   ( 3586): [SDK] [java.io.File] [isDirectory] [FilePath][String] [/data/data/com.android.updata/app_jc/fx.jar]
D/S4URC   ( 3586): [NDK] [SYSCALL] [stat] [PATH][string] [/data/data/com.android.updata/app_jc/fx.jar]
D/S4URC   ( 3586): [SDK] [java.io.File] [Constructor] [FilePath][String] [/data/data/com.android.updata/app_jc/fx.jar]
D/S4URC   ( 3586): [SDK] [java.io.File] [getPath] [FilePath][String] [/data/data/com.android.updata/app_jc/fx.jar]
D/S4URC   ( 3586): [SDK] [java.io.File] [isDirectory] [FilePath][String] [/data/data/com.android.updata/app_jc/fx.jar]
D/S4URC   ( 3586): [NDK] [SYSCALL] [stat] [PATH][string] [/data/data/com.android.updata/app_jc/fx.jar]
D/S4URC   ( 3586): [SDK] [java.io.File] [Constructor] [FilePath][String] [/data/data/com.android.updata/app_jc/fx.jar]
D/S4URC   ( 3586): [SDK] [java.io.File] [getPath] [FilePath][String] [/data/data/com.android.updata/app_jc/fx.jar]
D/S4URC   ( 3586): [SDK] [java.io.File] [isDirectory] [FilePath][String] [/data/data/com.android.updata/app_jc/fx.jar]
D/S4URC   ( 3586): [NDK] [SYSCALL] [stat] [PATH][string] [/data/data/com.android.updata/app_jc/fx.jar]
D/S4URC   ( 3586): [NDK] [SYSCALL] [recvfrom] [IP][string] [111.109.46.97] [PORT][int] [25344] [RETURN][int] [4]
D/S4URC   ( 3689): [SDK] [java.io.File] [getPath] [FilePath][String] [/storage/sdcard0]
D/S4URC   ( 3689): [SDK] [android.os.Environment] [getExternalStorageDirectory] [DirectoryPath][String] [/storage/sdcard0]
D/S4URC   ( 3689): [SDK] [java.io.File] [getPath] [FilePath][String] [/storage/sdcard0]
D/S4URC   ( 3689): [SDK] [java.io.File] [exists] [FilePath][String] [/storage/sdcard0/pushservice.cfg]
D/S4URC   ( 3586): [SDK] [android.content.ContextWrapper][getSharedPreferences] [File][umeng_general_config.xml] [MODE][MODE_PRIVATE]
D/S4URC   ( 3586): [SDK] [android.content.ContextWrapper][getSharedPreferences] [File][umeng_general_config.xml] [MODE][MODE_PRIVATE] [Method][getIong] [Iong][a_start_time] [Return][1528213182311]
D/S4URC   ( 3586): [SDK] [android.content.ContextWrapper][getSharedPreferences] [File][umeng_general_config.xml] [MODE][MODE_PRIVATE] [Method][putLong] [Key][a_start_time] [Value][0]
D/S4URC   ( 3586): [SDK] [android.content.ContextWrapper][getSharedPreferences] [File][umeng_general_config.xml] [MODE][MODE_PRIVATE] [Method][putLong] [Key][a_end_time] [Value][1528213184983]
D/S4URC   ( 3586): [SDK] [android.content.ContextWrapper][getSharedPreferences] [File][umeng_general_config.xml] [MODE][MODE_PRIVATE] [Method][putLong] [Key][session_end_time] [Value][1528213184983]
D/S4URC   ( 3586): [SDK] [java.io.File] [exists] [FilePath][String] [/data/data/com.android.updata/shared_prefs/umeng_general_config.xml]
D/S4URC   ( 3586): [NDK] [SYSCALL] [access] [PATH][string] [/data/data/com.android.updata/shared_prefs/umeng_general_config.xml]
D/S4URC   ( 3586): [SDK] [java.io.File] [exists] [FilePath][String] [/data/data/com.android.updata/shared_prefs/umeng_general_config.xml.bak]
D/S4URC   ( 3586): [NDK] [SYSCALL] [access] [PATH][string] [/data/data/com.android.updata/shared_prefs/umeng_general_config.xml.bak]
D/S4URC   ( 3586): [SDK] [java.io.File] [renameTo] [FilePath][String] [/data/data/com.android.updata/shared_prefs/umeng_general_config.xml] [DesFile][/data/data/com.android.updata/shared_prefs/umeng_general_config.xml.bak]
D/S4URC   ( 3586): [NDK] [SYSCALL] [rename] [ORIG_PATH][string] [/data/data/com.android.updata/shared_prefs/umeng_general_config.xml] [NEW_PATH][string] [/data/data/com.android.updata/shared_prefs/umeng_general_config.xml.bak]
D/S4URC   ( 3586): [SDK] [java.io.File] [getPath] [FilePath][String] [/data/data/com.android.updata/shared_prefs/umeng_general_config.xml]
D/S4URC   ( 3586): [NDK] [SYSCALL] [open] [PATH][string] [/data/data/com.android.updata/shared_prefs/umeng_general_config.xml] [RETURN][int] [20]
D/S4URC   ( 3586): [SDK] [java.io.File] [getPath] [FilePath][String] [/data/data/com.android.updata/shared_prefs/umeng_general_config.xml]
D/S4URC   ( 3586): [NDK] [SYSCALL] [chmod] [PATH][string] [/data/data/com.android.updata/shared_prefs/umeng_general_config.xml] [MODE][int] [0660]
D/S4URC   ( 3586): [SDK] [java.io.File] [getPath] [FilePath][String] [/data/data/com.android.updata/shared_prefs/umeng_general_config.xml]
D/S4URC   ( 3586): [NDK] [SYSCALL] [stat] [PATH][string] [/data/data/com.android.updata/shared_prefs/umeng_general_config.xml]
D/S4URC   ( 3586): [SDK] [java.io.File] [delete] [FilePath][String] [/data/data/com.android.updata/shared_prefs/umeng_general_config.xml.bak]
D/S4URC   ( 3586): [NDK] [SYSCALL] [lstat] [PATH][string] [/data/data/com.android.updata/shared_prefs/umeng_general_config.xml.bak]
D/S4URC   ( 3586): [NDK] [SYSCALL] [unlink] [PATH][string] [/data/data/com.android.updata/shared_prefs/umeng_general_config.xml.bak]
D/S4URC   ( 3586): [SDK] [android.content.ContextWrapper][getSharedPreferences] [File][umeng_general_config.xml] [MODE][MODE_PRIVATE] [Method][commit]
D/S4URC   ( 3586): [SDK] [android.content.ContextWrapper][getSharedPreferences] [File][umeng_general_config.xml] [MODE][MODE_PRIVATE]
D/S4URC   ( 3586): [SDK] [android.content.ContextWrapper][getSharedPreferences] [File][umeng_general_config.xml] [MODE][MODE_PRIVATE] [Method][getString] [String][activities] [Return][]
D/S4URC   ( 3586): [SDK] [android.content.ContextWrapper][getSharedPreferences] [File][umeng_general_config.xml] [MODE][MODE_PRIVATE] [Method][putString] [Key][activities] [Value][["android.app.ReceiverRestrictedContext",2666]]
D/S4URC   ( 3586): [SDK] [java.io.File] [exists] [FilePath][String] [/data/data/com.android.updata/shared_prefs/umeng_general_config.xml]
D/S4URC   ( 3586): [NDK] [SYSCALL] [access] [PATH][string] [/data/data/com.android.updata/shared_prefs/umeng_general_config.xml]
D/S4URC   ( 3586): [SDK] [java.io.File] [exists] [FilePath][String] [/data/data/com.android.updata/shared_prefs/umeng_general_config.xml.bak]
D/S4URC   ( 3586): [NDK] [SYSCALL] [access] [PATH][string] [/data/data/com.android.updata/shared_prefs/umeng_general_config.xml.bak]
D/S4URC   ( 3586): [SDK] [java.io.File] [renameTo] [FilePath][String] [/data/data/com.android.updata/shared_prefs/umeng_general_config.xml] [DesFile][/data/data/com.android.updata/shared_prefs/umeng_general_config.xml.bak]
D/S4URC   ( 3586): [NDK] [SYSCALL] [rename] [ORIG_PATH][string] [/data/data/com.android.updata/shared_prefs/umeng_general_config.xml] [NEW_PATH][string] [/data/data/com.android.updata/shared_prefs/umeng_general_config.xml.bak]
D/S4URC   ( 3586): [SDK] [java.io.File] [getPath] [FilePath][String] [/data/data/com.android.updata/shared_prefs/umeng_general_config.xml]
D/S4URC   ( 3586): [NDK] [SYSCALL] [open] [PATH][string] [/data/data/com.android.updata/shared_prefs/umeng_general_config.xml] [RETURN][int] [20]
D/S4URC   ( 3689): [SDK] [android.app.ApplicationPackageManager] [getInstalledPackages]
D/S4URC   ( 3689): [SDK] [android.content.Intent] [Constructor] [IntentInfo][String] [com.baidu.android.pushservice.action.PUSH_SERVICE]
D/S4URC   ( 3689): [SDK] [java.io.File] [getPath] [FilePath][String] [/data/data/com.android.updata/shared_prefs/com.android.updata.push_sync.xml]
