D/S4URC   ( 3656): [SDK] [java.io.File] [exists] [FilePath][String] [/data/data/uviyju.xlugh.oemwdco.kljln/shared_prefs/dc.preferences.xml]
D/S4URC   ( 3656): [NDK] [SYSCALL] [access] [PATH][string] [/data/data/uviyju.xlugh.oemwdco.kljln/shared_prefs/dc.preferences.xml]
D/S4URC   ( 3656): [SDK] [android.content.ContextWrapper][getSharedPreferences] [File][dc.preferences.xml] [MODE][MODE_PRIVATE]
D/S4URC   ( 3656): [SDK] [android.content.ContextWrapper][getSharedPreferences] [File][zpay_info.xml] [MODE][MODE_PRIVATE]
D/S4URC   ( 3656): [SDK] [android.content.ContextWrapper][getSharedPreferences] [File][zpay_info.xml] [MODE][MODE_PRIVATE] [Method][putString] [Key][qd] [Value][zyap3030_58470_100]
D/S4URC   ( 3656): [SDK] [java.io.File] [getPath] [FilePath][String] [/data/data/uviyju.xlugh.oemwdco.kljln/shared_prefs]
D/S4URC   ( 3656): [SDK] [java.io.File] [getPath] [FilePath][String] [/data/data/uviyju.xlugh.oemwdco.kljln/shared_prefs/dc.053CE9326103161DC37854ECE8E0DBE2.preferences.xml]
D/S4URC   ( 3656): [SDK] [java.io.File] [Constructor] [FilePath][String] [/data/data/uviyju.xlugh.oemwdco.kljln/shared_prefs/dc.053CE9326103161DC37854ECE8E0DBE2.preferences.xml.bak]
D/S4URC   ( 3656): [SDK] [java.io.File] [getPath] [FilePath][String] [/data/data/uviyju.xlugh.oemwdco.kljln/shared_prefs/zpay_info.xml]
D/S4URC   ( 3656): [NDK] [SYSCALL] [chmod] [PATH][string] [/data/data/uviyju.xlugh.oemwdco.kljln/shared_prefs/zpay_info.xml] [MODE][int] [0660]
D/S4URC   ( 3656): [SDK] [java.io.File] [getPath] [FilePath][String] [/data/data/uviyju.xlugh.oemwdco.kljln/shared_prefs/zpay_info.xml]
D/S4URC   ( 3656): [NDK] [SYSCALL] [stat] [PATH][string] [/data/data/uviyju.xlugh.oemwdco.kljln/shared_prefs/zpay_info.xml]
D/S4URC   ( 3656): [SDK] [java.io.File] [Constructor] [FilePath][String] [oid]
D/S4URC   ( 3656): [SDK] [java.io.File] [delete] [FilePath][String] [/data/data/uviyju.xlugh.oemwdco.kljln/shared_prefs/zpay_info.xml.bak]
D/S4URC   ( 3656): [SDK] [java.io.File] [getPath] [FilePath][String] [/oid]
D/S4URC   ( 3656): [NDK] [SYSCALL] [lstat] [PATH][string] [/data/data/uviyju.xlugh.oemwdco.kljln/shared_prefs/zpay_info.xml.bak]
D/S4URC   ( 3656): [NDK] [SYSCALL] [open] [PATH][string] [oid] [RETURN][int] [-1]
D/S4URC   ( 3656): [SDK] [java.io.File] [exists] [FilePath][String] [/data/data/uviyju.xlugh.oemwdco.kljln/shared_prefs/zpay_info.xml]
D/S4URC   ( 3656): [NDK] [SYSCALL] [access] [PATH][string] [/data/data/uviyju.xlugh.oemwdco.kljln/shared_prefs/zpay_info.xml]
D/S4URC   ( 3656): [SDK] [java.io.File] [exists] [FilePath][String] [/data/data/uviyju.xlugh.oemwdco.kljln/shared_prefs/zpay_info.xml.bak]
D/S4URC   ( 3656): [NDK] [SYSCALL] [access] [PATH][string] [/data/data/uviyju.xlugh.oemwdco.kljln/shared_prefs/zpay_info.xml.bak]
D/S4URC   ( 3656): [SDK] [java.io.File] [exists] [FilePath][String] [/data/data/uviyju.xlugh.oemwdco.kljln/shared_prefs/dc.preferences.xml.bak]
D/S4URC   ( 3656): [NDK] [SYSCALL] [access] [PATH][string] [/data/data/uviyju.xlugh.oemwdco.kljln/shared_prefs/dc.preferences.xml.bak]
D/S4URC   ( 3656): [SDK] [java.io.File] [renameTo] [FilePath][String] [/data/data/uviyju.xlugh.oemwdco.kljln/shared_prefs/zpay_info.xml] [DesFile][/data/data/uviyju.xlugh.oemwdco.kljln/shared_prefs/zpay_info.xml.bak]
D/S4URC   ( 3656): [NDK] [SYSCALL] [rename] [ORIG_PATH][string] [/data/data/uviyju.xlugh.oemwdco.kljln/shared_prefs/zpay_info.xml] [NEW_PATH][string] [/data/data/uviyju.xlugh.oemwdco.kljln/shared_prefs/zpay_info.xml.bak]
D/S4URC   ( 3656): [SDK] [java.io.File] [exists] [FilePath][String] [/data/data/uviyju.xlugh.oemwdco.kljln/shared_prefs/dc.preferences.xml]
D/S4URC   ( 3656): [NDK] [SYSCALL] [access] [PATH][string] [/data/data/uviyju.xlugh.oemwdco.kljln/shared_prefs/dc.preferences.xml]
D/S4URC   ( 3656): [SDK] [java.io.File] [getPath] [FilePath][String] [/data/data/uviyju.xlugh.oemwdco.kljln/shared_prefs/dc.preferences.xml]
D/S4URC   ( 3656): [NDK] [SYSCALL] [stat] [PATH][string] [/data/data/uviyju.xlugh.oemwdco.kljln/shared_prefs/dc.preferences.xml]
D/S4URC   ( 3656): [SDK] [java.io.File] [getPath] [FilePath][String] [/data/data/uviyju.xlugh.oemwdco.kljln/shared_prefs/zpay_info.xml]
D/S4URC   ( 3656): [SDK] [java.io.File] [Constructor] [FilePath][String] [oid]
D/S4URC   ( 3656): [SDK] [java.io.File] [getPath] [FilePath][String] [/oid]
D/S4URC   ( 3656): [NDK] [SYSCALL] [open] [PATH][string] [/data/data/uviyju.xlugh.oemwdco.kljln/shared_prefs/zpay_info.xml] [RETURN][int] [105]
D/S4URC   ( 3656): [NDK] [SYSCALL] [open] [PATH][string] [oid] [RETURN][int] [-1]
D/S4URC   ( 3656): [SDK] [java.lang.Runtime] [exec] [Command][String] [/system/bin/sh]
D/S4URC   ( 3656): [SDK] [java.io.File] [getPath] [FilePath][String] [/data/data/uviyju.xlugh.oemwdco.kljln/shared_prefs/zpay_info.xml]
D/S4URC   ( 3656): [NDK] [SYSCALL] [chmod] [PATH][string] [/data/data/uviyju.xlugh.oemwdco.kljln/shared_prefs/zpay_info.xml] [MODE][int] [0660]
D/S4URC   ( 3656): [SDK] [java.io.File] [exists] [FilePath][String] [/data/data/uviyju.xlugh.oemwdco.kljln/shared_prefs/dc.053CE9326103161DC37854ECE8E0DBE2.preferences.xml]
D/S4URC   ( 3656): [NDK] [SYSCALL] [access] [PATH][string] [/data/data/uviyju.xlugh.oemwdco.kljln/shared_prefs/dc.053CE9326103161DC37854ECE8E0DBE2.preferences.xml]
D/S4URC   ( 3656): [SDK] [java.io.File] [getPath] [FilePath][String] [/data/data/uviyju.xlugh.oemwdco.kljln/shared_prefs/zpay_info.xml]
D/S4URC   ( 3656): [NDK] [SYSCALL] [stat] [PATH][string] [/data/data/uviyju.xlugh.oemwdco.kljln/shared_prefs/zpay_info.xml]
D/S4URC   ( 3908): [NDK] [SYSCALL] [getdents] [PATH][string] [.]
D/S4URC   ( 3656): [SDK] [java.io.File] [exists] [FilePath][String] [/data/data/uviyju.xlugh.oemwdco.kljln/shared_prefs/dc.053CE9326103161DC37854ECE8E0DBE2.preferences.xml]
D/S4URC   ( 3656): [NDK] [SYSCALL] [access] [PATH][string] [/data/data/uviyju.xlugh.oemwdco.kljln/shared_prefs/dc.053CE9326103161DC37854ECE8E0DBE2.preferences.xml]
D/S4URC   ( 3656): [SDK] [java.io.File] [delete] [FilePath][String] [/data/data/uviyju.xlugh.oemwdco.kljln/shared_prefs/zpay_info.xml.bak]
D/S4URC   ( 3656): [NDK] [SYSCALL] [lstat] [PATH][string] [/data/data/uviyju.xlugh.oemwdco.kljln/shared_prefs/zpay_info.xml.bak]
D/S4URC   ( 3656): [NDK] [SYSCALL] [unlink] [PATH][string] [/data/data/uviyju.xlugh.oemwdco.kljln/shared_prefs/zpay_info.xml.bak]
D/S4URC   ( 3656): [SDK] [android.content.ContextWrapper][getSharedPreferences] [File][dc.053CE9326103161DC37854ECE8E0DBE2.preferences.xml] [MODE][MODE_PRIVATE]
D/S4URC   ( 3656): [SDK] [java.io.File] [exists] [FilePath][String] [/data/data/uviyju.xlugh.oemwdco.kljln/shared_prefs/dc.053CE9326103161DC37854ECE8E0DBE2.preferences.xml.bak]
D/S4URC   ( 3656): [SDK] [android.content.ContextWrapper][getSharedPreferences] [File][zpay_info.xml] [MODE][MODE_PRIVATE]
D/S4URC   ( 3656): [NDK] [SYSCALL] [access] [PATH][string] [/data/data/uviyju.xlugh.oemwdco.kljln/shared_prefs/dc.053CE9326103161DC37854ECE8E0DBE2.preferences.xml.bak]
D/S4URC   ( 3656): [SDK] [android.content.ContextWrapper][getSharedPreferences] [File][zpay_info.xml] [MODE][MODE_PRIVATE] [Method][putString] [Key][appId] [Value][3030]
D/S4URC   ( 3656): [SDK] [java.io.File] [exists] [FilePath][String] [/data/data/uviyju.xlugh.oemwdco.kljln/shared_prefs/dc.053CE9326103161DC37854ECE8E0DBE2.preferences.xml]
D/S4URC   ( 3656): [NDK] [SYSCALL] [access] [PATH][string] [/data/data/uviyju.xlugh.oemwdco.kljln/shared_prefs/dc.053CE9326103161DC37854ECE8E0DBE2.preferences.xml]
D/S4URC   ( 3656): [SDK] [java.io.File] [getPath] [FilePath][String] [/data/data/uviyju.xlugh.oemwdco.kljln/shared_prefs/dc.053CE9326103161DC37854ECE8E0DBE2.preferences.xml]
D/S4URC   ( 3656): [NDK] [SYSCALL] [stat] [PATH][string] [/data/data/uviyju.xlugh.oemwdco.kljln/shared_prefs/dc.053CE9326103161DC37854ECE8E0DBE2.preferences.xml]
D/S4URC   ( 3656): [SDK] [java.io.File] [exists] [FilePath][String] [/data/data/uviyju.xlugh.oemwdco.kljln/shared_prefs/zpay_info.xml]
D/S4URC   ( 3656): [NDK] [SYSCALL] [access] [PATH][string] [/data/data/uviyju.xlugh.oemwdco.kljln/shared_prefs/zpay_info.xml]
D/S4URC   ( 3656): [SDK] [java.io.File] [exists] [FilePath][String] [/data/data/uviyju.xlugh.oemwdco.kljln/shared_prefs/zpay_info.xml.bak]
D/S4URC   ( 3656): [NDK] [SYSCALL] [access] [PATH][string] [/data/data/uviyju.xlugh.oemwdco.kljln/shared_prefs/zpay_info.xml.bak]
D/S4URC   ( 3656): [SDK] [java.io.File] [renameTo] [FilePath][String] [/data/data/uviyju.xlugh.oemwdco.kljln/shared_prefs/zpay_info.xml] [DesFile][/data/data/uviyju.xlugh.oemwdco.kljln/shared_prefs/zpay_info.xml.bak]
D/S4URC   ( 3656): [NDK] [SYSCALL] [rename] [ORIG_PATH][string] [/data/data/uviyju.xlugh.oemwdco.kljln/shared_prefs/zpay_info.xml] [NEW_PATH][string] [/data/data/uviyju.xlugh.oemwdco.kljln/shared_prefs/zpay_info.xml.bak]
D/S4URC   ( 3656): [SDK] [java.io.File] [getPath] [FilePath][String] [/data/data/uviyju.xlugh.oemwdco.kljln/shared_prefs/zpay_info.xml]
D/S4URC   ( 3656): [NDK] [SYSCALL] [open] [PATH][string] [/data/data/uviyju.xlugh.oemwdco.kljln/shared_prefs/zpay_info.xml] [RETURN][int] [105]
D/S4URC   ( 3656):  [Method][getString] [String][DC_CURRENT_HOST] [Return][rd.gdatacube.net]
D/S4URC   ( 3656):  [Method][getString] [String][DC_APPVERSION] [Return][]
D/S4URC   ( 3656): [SDK] [android.app.ApplicationPackageManager] [getPackageInfo] [FindPackageName][String] [uviyju.xlugh.oemwdco.kljln]
D/S4URC   ( 3656):  [Method][getString] [String][DC_CONFIGPARAMS] [Return][]
D/S4URC   ( 3656): [SDK] [java.io.File] [getPath] [FilePath][String] [/data/data/uviyju.xlugh.oemwdco.kljln/shared_prefs/zpay_info.xml]
D/S4URC   ( 3656): [SDK] [android.content.ContextWrapper][getSharedPreferences] [File][zpay_info.xml] [MODE][MODE_PRIVATE]
D/S4URC   ( 3656): [NDK] [SYSCALL] [chmod] [PATH][string] [/data/data/uviyju.xlugh.oemwdco.kljln/shared_prefs/zpay_info.xml] [MODE][int] [0660]
D/S4URC   ( 3656): [SDK] [android.content.ContextWrapper][getSharedPreferences] [File][zpay_info.xml] [MODE][MODE_PRIVATE] [Method][getString] [String][cp] [Return][1000100020001204]
D/S4URC   ( 3656): [SDK] [android.content.ContextWrapper][getSharedPreferences] [File][zpay_info.xml] [MODE][MODE_PRIVATE]
D/S4URC   ( 3656): [SDK] [java.io.File] [getPath] [FilePath][String] [/data/data/uviyju.xlugh.oemwdco.kljln/shared_prefs/zpay_info.xml]
D/S4URC   ( 3656): [NDK] [SYSCALL] [stat] [PATH][string] [/data/data/uviyju.xlugh.oemwdco.kljln/shared_prefs/zpay_info.xml]
D/S4URC   ( 3656): [SDK] [android.content.ContextWrapper][getSharedPreferences] [File][zpay_info.xml] [MODE][MODE_PRIVATE] [Method][getString] [String][appId] [Return][3030]
D/S4URC   ( 3656): [SDK] [android.content.ContextWrapper][getSharedPreferences] [File][zpay_info.xml] [MODE][MODE_PRIVATE]
D/S4URC   ( 3656): [SDK] [java.io.File] [delete] [FilePath][String] [/data/data/uviyju.xlugh.oemwdco.kljln/shared_prefs/zpay_info.xml.bak]
D/S4URC   ( 3656): [NDK] [SYSCALL] [lstat] [PATH][string] [/data/data/uviyju.xlugh.oemwdco.kljln/shared_prefs/zpay_info.xml.bak]
D/S4URC   ( 3656): [SDK] [android.content.ContextWrapper][getSharedPreferences] [File][zpay_info.xml] [MODE][MODE_PRIVATE] [Method][getString] [String][qd] [Return][zyap3030_58470_100]
D/S4URC   ( 3656): [NDK] [SYSCALL] [unlink] [PATH][string] [/data/data/uviyju.xlugh.oemwdco.kljln/shared_prefs/zpay_info.xml.bak]
D/S4URC   ( 3656): [NDK] [SYSCALL] [lstat] [PATH][string] [/storage]
D/S4URC   ( 3656): [NDK] [SYSCALL] [lstat] [PATH][string] [/storage/sdcard0]
D/S4URC   ( 3656): [SDK] [java.io.File] [Constructor] [FilePath][String] [/storage/sdcard0]
D/S4URC   ( 3656): [SDK] [java.io.File] [Constructor] [FilePath][String] [/storage/sdcard1]
D/S4URC   ( 3656): [SDK] [java.io.File] [Constructor] [FilePath][String] [/storage/usb2host]
D/S4URC   ( 3656): [SDK] [java.io.File] [Constructor] [FilePath][String] [/storage/usb3device]
D/S4URC   ( 3656): [SDK] [java.io.File] [Constructor] [FilePath][String] [/storage/usb3host]
D/S4URC   ( 3656): [SDK] [android.os.Environment] [getExternalStorageState] [ExternalStorageState][String] [mounted]
D/S4URC   ( 3656): [SDK] [java.io.File] [getPath] [FilePath][String] [/storage/sdcard0]
D/S4URC   ( 3656): [SDK] [android.os.Environment] [getExternalStorageDirectory] [DirectoryPath][String] [/storage/sdcard0]
D/S4URC   ( 3656): [SDK] [java.io.File] [getPath] [FilePath][String] [/storage/sdcard0]
D/S4URC   ( 3656): [SDK] [android.os.Environment] [getExternalStorageDirectory] [DirectoryPath][String] [/storage/sdcard0]
D/S4URC   ( 3656): [SDK] [java.io.File] [getPath] [FilePath][String] [/storage/sdcard0]
D/S4URC   ( 3656): [SDK] [android.os.Environment] [getExternalStorageDirectory] [DirectoryPath][String] [/storage/sdcard0]
D/S4URC   ( 3656): [SDK] [java.io.File] [Constructor] [FilePath][String] [/storage/sdcard0/.SystemService/DEID/uviyju.xlugh.oemwdco.kljln/]
D/S4URC   ( 3656): [SDK] [java.io.File] [exists] [FilePath][String] [/storage/sdcard0/.SystemService/DEID/uviyju.xlugh.oemwdco.kljln]
D/S4URC   ( 3656): [NDK] [SYSCALL] [access] [PATH][string] [/storage/sdcard0/.SystemService/DEID/uviyju.xlugh.oemwdco.kljln]
D/S4URC   ( 3656): [SDK] [java.io.File] [mkdirs] [FilePath][String] [/storage/sdcard0/.SystemService/DEID/uviyju.xlugh.oemwdco.kljln]
D/S4URC   ( 3656): [NDK] [SYSCALL] [mkdir] [PATH][string] [/storage/sdcard0/.SystemService/DEID/uviyju.xlugh.oemwdco.kljln] [MODE][int] [0700]
D/S4URC   ( 3656): [SDK] [java.io.File] [getParent] [FilePath][String] [/storage/sdcard0/.SystemService/DEID/uviyju.xlugh.oemwdco.kljln]
D/S4URC   ( 3656): [SDK] [java.io.File] [Constructor] [FilePath][String] [/storage/sdcard0/.SystemService/DEID]
D/S4URC   ( 3656): [NDK] [SYSCALL] [mkdir] [PATH][string] [/storage/sdcard0/.SystemService/DEID] [MODE][int] [0700]
D/S4URC   ( 3656): [SDK] [java.io.File] [getParent] [FilePath][String] [/storage/sdcard0/.SystemService/DEID]
D/S4URC   ( 3656): [SDK] [java.io.File] [Constructor] [FilePath][String] [/storage/sdcard0/.SystemService]
D/S4URC   ( 3656): [NDK] [SYSCALL] [mkdir] [PATH][string] [/storage/sdcard0/.SystemService] [MODE][int] [0700]
D/S4URC   ( 3656): [SDK] [java.io.File] [mkdir] [FilePath][String] [/storage/sdcard0/.SystemService/DEID]
D/S4URC   ( 3656): [NDK] [SYSCALL] [mkdir] [PATH][string] [/storage/sdcard0/.SystemService/DEID] [MODE][int] [0700]
D/S4URC   ( 3656): [SDK] [java.io.File] [mkdir] [FilePath][String] [/storage/sdcard0/.SystemService/DEID/uviyju.xlugh.oemwdco.kljln]
D/S4URC   ( 3656): [NDK] [SYSCALL] [mkdir] [PATH][string] [/storage/sdcard0/.SystemService/DEID/uviyju.xlugh.oemwdco.kljln] [MODE][int] [0700]
D/S4URC   ( 3656): [SDK] [java.io.File] [getPath] [FilePath][String] [/storage/sdcard0]
D/S4URC   ( 3656): [NDK] [SYSCALL] [access] [PATH][string] [/storage/sdcard0/.SystemService/053CE9326103161DC37854ECE8E0DBE2]
D/S4URC   ( 3656): [NDK] [SYSCALL] [mkdir] [PATH][string] [/storage/sdcard0/.SystemService/053CE9326103161DC37854ECE8E0DBE2] [MODE][int] [0700]
D/S4URC   ( 3656): [NDK] [SYSCALL] [access] [PATH][string] [/storage/sdcard0/.SystemService/053CE9326103161DC37854ECE8E0DBE2/.account]
D/S4URC   ( 3656): [NDK] [SYSCALL] [mkdir] [PATH][string] [/storage/sdcard0/.SystemService/053CE9326103161DC37854ECE8E0DBE2/.account] [MODE][int] [0700]
D/S4URC   ( 3656): [NDK] [SYSCALL] [access] [PATH][string] [/data/data/uviyju.xlugh.oemwdco.kljln/files]
D/S4URC   ( 3656): [NDK] [SYSCALL] [access] [PATH][string] [/data/data/uviyju.xlugh.oemwdco.kljln/files/.SystemService/053CE9326103161DC37854ECE8E0DBE2]
D/S4URC   ( 3656): [NDK] [SYSCALL] [mkdir] [PATH][string] [/data/data/uviyju.xlugh.oemwdco.kljln/files/.SystemService/053CE9326103161DC37854ECE8E0DBE2] [MODE][int] [0700]
D/S4URC   ( 3656): [SDK] [java.io.File] [Constructor] [FilePath][String] [/data/data/uviyju.xlugh.oemwdco.kljln/files/.SystemService]
D/S4URC   ( 3656): [NDK] [SYSCALL] [mkdir] [PATH][string] [/data/data/uviyju.xlugh.oemwdco.kljln/files/.SystemService] [MODE][int] [0700]
D/S4URC   ( 3656): [SDK] [java.io.File] [mkdir] [FilePath][String] [/data/data/uviyju.xlugh.oemwdco.kljln/files/.SystemService/053CE9326103161DC37854ECE8E0DBE2]
D/S4URC   ( 3656): [NDK] [SYSCALL] [mkdir] [PATH][string] [/data/data/uviyju.xlugh.oemwdco.kljln/files/.SystemService/053CE9326103161DC37854ECE8E0DBE2] [MODE][int] [0700]
D/S4URC   ( 3656): [SDK] [java.io.File] [exists] [FilePath][String] [/data/data/uviyju.xlugh.oemwdco.kljln/files]
D/S4URC   ( 3656): [NDK] [SYSCALL] [access] [PATH][string] [/data/data/uviyju.xlugh.oemwdco.kljln/files]
D/S4URC   ( 3656): [SDK] [java.io.File] [Constructor] [FilePath][String] [/data/data/uviyju.xlugh.oemwdco.kljln/files/.SystemService/053CE9326103161DC37854ECE8E0DBE2/.account/]
D/S4URC   ( 3656): [SDK] [java.io.File] [exists] [FilePath][String] [/data/data/uviyju.xlugh.oemwdco.kljln/files/.SystemService/053CE9326103161DC37854ECE8E0DBE2/.account]
D/S4URC   ( 3656): [NDK] [SYSCALL] [access] [PATH][string] [/data/data/uviyju.xlugh.oemwdco.kljln/files/.SystemService/053CE9326103161DC37854ECE8E0DBE2/.account]
D/S4URC   ( 3656): [SDK] [java.io.File] [mkdirs] [FilePath][String] [/data/data/uviyju.xlugh.oemwdco.kljln/files/.SystemService/053CE9326103161DC37854ECE8E0DBE2/.account]
D/S4URC   ( 3656): [NDK] [SYSCALL] [mkdir] [PATH][string] [/data/data/uviyju.xlugh.oemwdco.kljln/files/.SystemService/053CE9326103161DC37854ECE8E0DBE2/.account] [MODE][int] [0700]
D/S4URC   ( 3656): [SDK] [android.content.ContextWrapper][getSharedPreferences] [File][zpay_info.xml] [MODE][MODE_PRIVATE] [Method][getString] [String][DC_UID_ActTime] [Return][null]
D/S4URC   ( 3656): [SDK] [android.content.ContextWrapper][getSharedPreferences] [File][zpay_info.xml] [MODE][MODE_PRIVATE] [Method][getString] [String][053CE9326103161DC37854ECE8E0DBE2_DC_UID_ActTime] [Return][null]
D/S4URC   ( 3656): [SDK] [android.content.ContextWrapper][getSharedPreferences] [File][zpay_info.xml] [MODE][MODE_PRIVATE] [Method][getString] [String][DC_UID_ActTime] [Return][null]
D/S4URC   ( 3656): [SDK] [android.content.ContextWrapper][getSharedPreferences] [File][zpay_info.xml] [MODE][MODE_PRIVATE] [Method][getString] [String][053CE9326103161DC37854ECE8E0DBE2_DC_UID_ActTime] [Return][null]
D/S4URC   ( 3656): [SDK] [java.io.File] [Constructor] [FilePath][String] [/storage/sdcard0/.SystemService/uviyju.xlugh.oemwdco.kljln/uid]
D/S4URC   ( 3656): [SDK] [java.io.File] [getPath] [FilePath][String] [/storage/sdcard0/.SystemService/uviyju.xlugh.oemwdco.kljln/uid]
D/S4URC   ( 3656): [NDK] [SYSCALL] [open] [PATH][string] [/storage/sdcard0/.SystemService/uviyju.xlugh.oemwdco.kljln/uid] [RETURN][int] [-1]
D/S4URC   ( 3656): [NDK] [SYSCALL] [lstat] [PATH][string] [/storage]
D/S4URC   ( 3656): [NDK] [SYSCALL] [lstat] [PATH][string] [/storage/sdcard0]
D/S4URC   ( 3656): [SDK] [java.io.File] [Constructor] [FilePath][String] [/storage/sdcard0]
D/S4URC   ( 3656): [SDK] [android.telephony.TelephonyManager] [getLine1Number]
D/S4URC   ( 3656): [SDK] [java.io.File] [Constructor] [FilePath][String] [/storage/sdcard0]
D/S4URC   ( 3656): [SDK] [java.io.File] [Constructor] [FilePath][String] [/storage/sdcard1]
D/S4URC   ( 3656): [SDK] [java.io.File] [Constructor] [FilePath][String] [/storage/usb2host]
D/S4URC   ( 3656): [SDK] [java.io.File] [Constructor] [FilePath][String] [/storage/usb3device]
D/S4URC   ( 3656): [SDK] [java.io.File] [Constructor] [FilePath][String] [/storage/usb3host]
D/S4URC   ( 3656): [SDK] [android.os.Environment] [getExternalStorageState] [ExternalStorageState][String] [mounted]
D/S4URC   ( 3656): [SDK] [java.io.File] [Constructor] [FilePath][String] [/storage/sdcard0/.SystemService/053CE9326103161DC37854ECE8E0DBE2/uid]
D/S4URC   ( 3656): [SDK] [java.io.File] [getPath] [FilePath][String] [/storage/sdcard0/.SystemService/053CE9326103161DC37854ECE8E0DBE2/uid]
D/S4URC   ( 3656): [NDK] [SYSCALL] [open] [PATH][string] [/storage/sdcard0/.SystemService/053CE9326103161DC37854ECE8E0DBE2/uid] [RETURN][int] [-1]
D/S4URC   ( 3874): [SDK] [java.lang.Class] [forName] [FindClass][String] [java.net.HttpURLConnection]
D/S4URC   ( 3874): [SDK] [java.lang.Class] [forName] [FindClass][String] [com.android.okhttp.internal.http.HttpURLConnectionImpl]
D/S4URC   ( 3874): [SDK] [java.lang.Class] [forName] [FindClass][String] [java.net.Socket]
D/S4URC   ( 3874): [SDK] [java.lang.Class] [forName] [FindClass][String] [android.telephony.TelephonyManager]
D/S4URC   ( 3656): [NDK] [SYSCALL] [socket] [TYPE][string] [TCP]
D/S4URC   ( 3874): [SDK] [java.lang.Class] [forName] [FindClass][String] [android.telephony.TelephonyManager]
D/S4URC   ( 3656): [SDK] [android.telephony.TelephonyManager] [getLine1Number]
D/S4URC   ( 3874): [SDK] [java.lang.Class] [forName] [FindClass][String] [android.os.Debug]
D/S4URC   ( 3656): [SDK] [android.telephony.TelephonyManager] [getLine1Number]
D/S4URC   ( 3874): [SDK] [java.lang.Class] [forName] [FindClass][String] [android.hardware.SensorManager]
D/S4URC   ( 3656): [NDK] [SYSCALL] [socket] [TYPE][string] [TCP]
D/S4URC   ( 3656): [NDK] [SYSCALL] [lstat] [PATH][string] [/storage]
D/S4URC   ( 3656): [NDK] [SYSCALL] [lstat] [PATH][string] [/storage/sdcard0]
D/S4URC   ( 3656): [SDK] [java.io.File] [Constructor] [FilePath][String] [/storage/sdcard0]
D/S4URC   ( 3656): [SDK] [android.telephony.TelephonyManager] [getLine1Number]
D/S4URC   ( 3656): [SDK] [java.io.File] [Constructor] [FilePath][String] [/storage/sdcard0]
D/S4URC   ( 3656): [SDK] [java.io.File] [Constructor] [FilePath][String] [/storage/sdcard1]
D/S4URC   ( 3656): [SDK] [java.io.File] [Constructor] [FilePath][String] [/storage/usb2host]
D/S4URC   ( 3656): [SDK] [java.io.File] [Constructor] [FilePath][String] [/storage/usb3device]
D/S4URC   ( 3656): [SDK] [java.io.File] [Constructor] [FilePath][String] [/storage/usb3host]
D/S4URC   ( 3656): [SDK] [android.os.Environment] [getExternalStorageState] [ExternalStorageState][String] [mounted]
D/S4URC   ( 3656): [SDK] [java.io.File] [Constructor] [FilePath][String] [/storage/sdcard0/.SystemService/053CE9326103161DC37854ECE8E0DBE2/uid]
D/S4URC   ( 3656): [SDK] [java.io.File] [getPath] [FilePath][String] [/storage/sdcard0/.SystemService/053CE9326103161DC37854ECE8E0DBE2/uid]
D/S4URC   ( 3656): [SDK] [android.content.ContextWrapper][getSharedPreferences] [File][zpay_info.xml] [MODE][MODE_PRIVATE] [Method][getString] [String][DC_ETAG] [Return][]
D/S4URC   ( 3656): [NDK] [SYSCALL] [open] [PATH][string] [/storage/sdcard0/.SystemService/053CE9326103161DC37854ECE8E0DBE2/uid] [RETURN][int] [105]
D/S4URC   ( 3656): [SDK] [android.content.ContextWrapper][getSharedPreferences] [File][zpay_info.xml] [MODE][MODE_PRIVATE] [Method][putString] [Key][053CE9326103161DC37854ECE8E0DBE2_DC_UID_ActTime] [Value][4E9A135B188AF3619A4E2982CF4FEBE0|0]
D/S4URC   ( 3656): [SDK] [java.io.File] [exists] [FilePath][String] [/data/data/uviyju.xlugh.oemwdco.kljln/shared_prefs/dc.053CE9326103161DC37854ECE8E0DBE2.preferences.xml]
D/S4URC   ( 3656): [NDK] [SYSCALL] [access] [PATH][string] [/data/data/uviyju.xlugh.oemwdco.kljln/shared_prefs/dc.053CE9326103161DC37854ECE8E0DBE2.preferences.xml]
D/S4URC   ( 3656): [SDK] [java.io.File] [getPath] [FilePath][String] [/data/data/uviyju.xlugh.oemwdco.kljln/shared_prefs/dc.053CE9326103161DC37854ECE8E0DBE2.preferences.xml]
D/S4URC   ( 3656): [NDK] [SYSCALL] [open] [PATH][string] [/data/data/uviyju.xlugh.oemwdco.kljln/shared_prefs/dc.053CE9326103161DC37854ECE8E0DBE2.preferences.xml] [RETURN][int] [105]
D/S4URC   ( 3656): [SDK] [java.io.File] [getPath] [FilePath][String] [/data/data/uviyju.xlugh.oemwdco.kljln/shared_prefs/dc.053CE9326103161DC37854ECE8E0DBE2.preferences.xml]
D/S4URC   ( 3656): [NDK] [SYSCALL] [chmod] [PATH][string] [/data/data/uviyju.xlugh.oemwdco.kljln/shared_prefs/dc.053CE9326103161DC37854ECE8E0DBE2.preferences.xml] [MODE][int] [0660]
D/S4URC   ( 3656): [SDK] [java.io.File] [getPath] [FilePath][String] [/data/data/uviyju.xlugh.oemwdco.kljln/shared_prefs/dc.053CE9326103161DC37854ECE8E0DBE2.preferences.xml]
D/S4URC   ( 3656): [NDK] [SYSCALL] [stat] [PATH][string] [/data/data/uviyju.xlugh.oemwdco.kljln/shared_prefs/dc.053CE9326103161DC37854ECE8E0DBE2.preferences.xml]
D/S4URC   ( 3656): [SDK] [java.io.File] [delete] [FilePath][String] [/data/data/uviyju.xlugh.oemwdco.kljln/shared_prefs/dc.053CE9326103161DC37854ECE8E0DBE2.preferences.xml.bak]
D/S4URC   ( 3656): [NDK] [SYSCALL] [lstat] [PATH][string] [/data/data/uviyju.xlugh.oemwdco.kljln/shared_prefs/dc.053CE9326103161DC37854ECE8E0DBE2.preferences.xml.bak]
D/S4URC   ( 3656):  [Method][getString] [String][DC_ACCOUNT_CFC496CC89506D71DA13E6245D2467D3] [Return][]
D/S4URC   ( 3656):  [Method][getString] [String][053CE9326103161DC37854ECE8E0DBE2_DC_ACCOUNT_CFC496CC89506D71DA13E6245D2467D3] [Return][]
D/S4URC   ( 3656): [SDK] [java.io.File] [Constructor] [FilePath][String] [/storage/sdcard0/uviyju.xlugh.oemwdco.kljln/.account/CFC496CC89506D71DA13E6245D2467D3]
D/S4URC   ( 3656): [SDK] [java.io.File] [getPath] [FilePath][String] [/storage/sdcard0/uviyju.xlugh.oemwdco.kljln/.account/CFC496CC89506D71DA13E6245D2467D3]
D/S4URC   ( 3656): [SDK] [android.telephony.TelephonyManager] [getLine1Number]
D/S4URC   ( 3656): [NDK] [SYSCALL] [open] [PATH][string] [/storage/sdcard0/uviyju.xlugh.oemwdco.kljln/.account/CFC496CC89506D71DA13E6245D2467D3] [RETURN][int] [-1]
D/S4URC   ( 3656): [NDK] [SYSCALL] [lstat] [PATH][string] [/storage]
D/S4URC   ( 3656): [NDK] [SYSCALL] [lstat] [PATH][string] [/storage/sdcard0]
D/S4URC   ( 3656): [SDK] [java.io.File] [Constructor] [FilePath][String] [/storage/sdcard0]
D/S4URC   ( 3874): [SDK] [java.lang.Class] [forName] [FindClass][String] [android.content.res.ResourcesKey]
D/S4URC   ( 3874): [SDK] [java.lang.Class] [forName] [FindClass][String] [android.app.ResourcesManager]
D/S4URC   ( 3874): [SDK] [java.io.File] [Constructor] [FilePath][String] [/data/app/uviyju.xlugh.oemwdco.kljln-1/base.apk]
D/S4URC   ( 3656): [SDK] [android.telephony.TelephonyManager] [getLine1Number]
D/S4URC   ( 3656): [SDK] [java.io.File] [Constructor] [FilePath][String] [/storage/sdcard0]
D/S4URC   ( 3874): [SDK] [java.io.File] [getPath] [FilePath][String] [/data/data/uviyju.xlugh.oemwdco.kljln]
D/S4URC   ( 3874): [SDK] [java.io.File] [exists] [FilePath][String] [/data/data/uviyju.xlugh.oemwdco.kljln/cache]
D/S4URC   ( 3656): [SDK] [java.io.File] [Constructor] [FilePath][String] [/storage/sdcard1]
D/S4URC   ( 3656): [SDK] [java.io.File] [Constructor] [FilePath][String] [/storage/usb2host]
D/S4URC   ( 3656): [SDK] [java.io.File] [Constructor] [FilePath][String] [/storage/usb3device]
D/S4URC   ( 3656): [SDK] [java.io.File] [Constructor] [FilePath][String] [/storage/usb3host]
D/S4URC   ( 3874): [SDK] [java.io.File] [getPath] [FilePath][String] [/data/data/uviyju.xlugh.oemwdco.kljln/cache]
D/S4URC   ( 3656): [SDK] [java.lang.Class] [forName] [FindClass][String] [android.telephony.MSimTelephonyManager]
D/S4URC   ( 3656): [SDK] [java.lang.Class] [forName] [FindClass][String] [com.android.internal.telephony.Phone]
D/S4URC   ( 3656): [SDK] [java.lang.Class] [forName] [FindClass][String] [com.android.internal.telephony.PhoneFactory]
D/S4URC   ( 3656): [SDK] [android.telephony.TelephonyManager] [getSubscriberId]
D/S4URC   ( 3656): [SDK] [android.os.Environment] [getExternalStorageState] [ExternalStorageState][String] [mounted]
D/S4URC   ( 3656): [SDK] [java.io.File] [Constructor] [FilePath][String] [/storage/sdcard0/.SystemService/053CE9326103161DC37854ECE8E0DBE2/.account/CFC496CC89506D71DA13E6245D2467D3]
D/S4URC   ( 3656): [SDK] [java.io.File] [getPath] [FilePath][String] [/storage/sdcard0/.SystemService/053CE9326103161DC37854ECE8E0DBE2/.account/CFC496CC89506D71DA13E6245D2467D3]
D/S4URC   ( 3656): [NDK] [SYSCALL] [open] [PATH][string] [/storage/sdcard0/.SystemService/053CE9326103161DC37854ECE8E0DBE2/.account/CFC496CC89506D71DA13E6245D2467D3] [RETURN][int] [-1]
D/S4URC   ( 3874): [SDK] [android.app.ApplicationPackageManager] [getApplicationInfo] [FindApplicationName][String] [uviyju.xlugh.oemwdco.kljln]
D/S4URC   ( 3656): [SDK] [java.lang.Class] [forName] [FindClass][String] [android.telephony.MSimTelephonyManager]
D/S4URC   ( 3656): [SDK] [java.lang.Class] [forName] [FindClass][String] [com.android.internal.telephony.Phone]
D/S4URC   ( 3656): [SDK] [java.lang.Class] [forName] [FindClass][String] [com.android.internal.telephony.PhoneFactory]
D/S4URC   ( 3656): [SDK] [android.telephony.TelephonyManager] [getSubscriberId]
D/S4URC   ( 3656): [SDK] [java.lang.Class] [forName] [FindClass][String] [android.telephony.MSimTelephonyManager]
D/S4URC   ( 3874): [SDK] [android.app.ApplicationPackageManager] [getApplicationInfo] [FindApplicationName][String] [uviyju.xlugh.oemwdco.kljln]
D/S4URC   ( 3656): [SDK] [java.lang.Class] [forName] [FindClass][String] [com.android.internal.telephony.PhoneFactory]
D/S4URC   ( 3656): [SDK] [java.lang.Class] [forName] [FindClass][String] [com.android.internal.telephony.Phone]
D/S4URC   ( 3874): [SDK] [android.app.ApplicationPackageManager] [getApplicationInfo] [FindApplicationName][String] [uviyju.xlugh.oemwdco.kljln]
D/S4URC   ( 3656): [SDK] [java.lang.Class] [forName] [FindClass][String] [com.android.internal.telephony.PhoneFactory]
D/S4URC   ( 3656): [SDK] [java.lang.Class] [forName] [FindClass][String] [android.telephony.MSimTelephonyManager]
D/S4URC   ( 3656): [SDK] [java.lang.Class] [forName] [FindClass][String] [com.android.internal.telephony.Phone]
D/S4URC   ( 3656): [SDK] [java.lang.Class] [forName] [FindClass][String] [com.android.internal.telephony.PhoneConstants]
D/S4URC   ( 3656): [SDK] [android.telephony.TelephonyManager] [getDeviceId]
D/S4URC   ( 3656): [SDK] [android.telephony.TelephonyManager] [getSubscriberId]
D/S4URC   ( 3874): [SDK] [java.lang.Class] [forName] [FindClass][String] [dalvik.system.DexClassLoader]
D/S4URC   ( 3656):  [Method][getString] [String][DC_APP_VERSIONCODE] [Return][]
D/S4URC   ( 3874): [SDK] [java.io.File] [Constructor] [FilePath][String] [/storage/sdcard0]
D/S4URC   ( 3656): [SDK] [android.content.ContextWrapper][getSharedPreferences] [File][zpay_info.xml] [MODE][MODE_PRIVATE] [Method][putString] [Key][DC_APP_VERSIONCODE] [Value][40459]
D/S4URC   ( 3656): [SDK] [java.lang.Class] [forName] [FindClass][String] [com.android.internal.telephony.PhoneFactory]
D/S4URC   ( 3874): [SDK] [java.io.File] [getPath] [FilePath][String] [/storage/sdcard0]
D/S4URC   ( 3874): [SDK] [android.os.Environment] [getExternalStorageDirectory] [DirectoryPath][String] [/storage/sdcard0]
D/S4URC   ( 3656): [SDK] [java.lang.Class] [forName] [FindClass][String] [android.telephony.MSimTelephonyManager]
D/S4URC   ( 3656):  [Method][getString] [String][DC_JPush_Registed] [Return][]
D/S4URC   ( 3656): [SDK] [android.telephony.TelephonyManager] [getSubscriberId]
D/S4URC   ( 3874): [SDK] [java.lang.Class] [forName] [FindClass][String] [com.android.org.conscrypt.OpenSSLMessageDigestJDK$MD5]
D/S4URC   ( 3874): [SDK] [java.io.File] [getPath] [FilePath][String] [/data/data/uviyju.xlugh.oemwdco.kljln]
D/S4URC   ( 3874): [SDK] [java.io.File] [getPath] [FilePath][String] [/data/data/uviyju.xlugh.oemwdco.kljln/shared_prefs]
D/S4URC   ( 3874): [SDK] [java.io.File] [getPath] [FilePath][String] [/data/data/uviyju.xlugh.oemwdco.kljln/shared_prefs/zplugin_query.xml]
D/S4URC   ( 3874): [SDK] [java.io.File] [Constructor] [FilePath][String] [/data/data/uviyju.xlugh.oemwdco.kljln/shared_prefs/zplugin_query.xml.bak]
D/S4URC   ( 3874): [SDK] [java.io.File] [exists] [FilePath][String] [/data/data/uviyju.xlugh.oemwdco.kljln/shared_prefs/zplugin_query.xml]
D/S4URC   ( 3874): [SDK] [java.io.File] [canRead] [FilePath][String] [/data/data/uviyju.xlugh.oemwdco.kljln/shared_prefs/zplugin_query.xml]
D/S4URC   ( 3874): [SDK] [java.io.File] [getPath] [FilePath][String] [/data/data/uviyju.xlugh.oemwdco.kljln/shared_prefs/zplugin_query.xml]
D/S4URC   ( 3874): [SDK] [java.io.File] [exists] [FilePath][String] [/data/data/uviyju.xlugh.oemwdco.kljln/shared_prefs/zplugin_query.xml.bak]
D/S4URC   ( 3874): [SDK] [java.io.File] [exists] [FilePath][String] [/data/data/uviyju.xlugh.oemwdco.kljln/shared_prefs/zplugin_query.xml]
D/S4URC   ( 3874): [SDK] [java.io.File] [canRead] [FilePath][String] [/data/data/uviyju.xlugh.oemwdco.kljln/shared_prefs/zplugin_query.xml]
D/S4URC   ( 3874): [SDK] [java.io.File] [getPath] [FilePath][String] [/data/data/uviyju.xlugh.oemwdco.kljln/shared_prefs/zplugin_query.xml]
D/S4URC   ( 3656): [SDK] [java.lang.Class] [forName] [FindClass][String] [com.android.internal.telephony.PhoneFactory]
D/S4URC   ( 3656): [SDK] [java.lang.Class] [forName] [FindClass][String] [android.telephony.MSimTelephonyManager]
D/S4URC   ( 3656): [SDK] [java.lang.Class] [forName] [FindClass][String] [com.android.internal.telephony.Phone]
D/S4URC   ( 3656): [SDK] [java.io.File] [getPath] [FilePath][String] [/data/data/uviyju.xlugh.oemwdco.kljln/shared_prefs]
D/S4URC   ( 3656): [SDK] [android.content.ContextWrapper] [registerReceiver][IntentFilter][android.provider.Telephony.SMS_RECEIVED,
D/S4URC   ( 3656): [SDK] [java.io.File] [Constructor] [FilePath][String] [/data/data/uviyju.xlugh.oemwdco.kljln/files/mj.apk]
D/S4URC   ( 3656): [SDK] [java.io.File] [exists] [FilePath][String] [/data/data/uviyju.xlugh.oemwdco.kljln/files/mj.apk]
D/S4URC   ( 3656): [NDK] [SYSCALL] [access] [PATH][string] [/data/data/uviyju.xlugh.oemwdco.kljln/files/mj.apk]
D/S4URC   ( 3656): [SDK] [java.io.File] [getPath] [FilePath][String] [/data/data/uviyju.xlugh.oemwdco.kljln/shared_prefs/zpay_info.xml]
D/S4URC   ( 3656): [NDK] [SYSCALL] [stat] [PATH][string] [/data/data/uviyju.xlugh.oemwdco.kljln/shared_prefs/zpay_info.xml]
D/S4URC   ( 3656): [SDK] [android.content.ContextWrapper][getSharedPreferences] [File][zpay_info.xml] [MODE][MODE_PRIVATE]
D/S4URC   ( 3656): [SDK] [android.content.ContextWrapper][getSharedPreferences] [File][zpay_info.xml] [MODE][MODE_PRIVATE] [Method][getString] [String][cp] [Return][1000100020001204]
D/S4URC   ( 3656): [SDK] [java.io.File] [getPath] [FilePath][String] [/data/data/uviyju.xlugh.oemwdco.kljln/shared_prefs/zpay_info.xml]
D/S4URC   ( 3656): [NDK] [SYSCALL] [stat] [PATH][string] [/data/data/uviyju.xlugh.oemwdco.kljln/shared_prefs/zpay_info.xml]
D/S4URC   ( 3656): [SDK] [android.content.ContextWrapper][getSharedPreferences] [File][zpay_info.xml] [MODE][MODE_PRIVATE]
D/S4URC   ( 3656): [SDK] [android.content.ContextWrapper][getSharedPreferences] [File][zpay_info.xml] [MODE][MODE_PRIVATE] [Method][getString] [String][qd] [Return][zyap3030_58470_100]
D/S4URC   ( 3656): [SDK] [java.io.File] [getPath] [FilePath][String] [/data/data/uviyju.xlugh.oemwdco.kljln/shared_prefs/zpay_info.xml]
D/S4URC   ( 3656): [NDK] [SYSCALL] [stat] [PATH][string] [/data/data/uviyju.xlugh.oemwdco.kljln/shared_prefs/zpay_info.xml]
D/S4URC   ( 3656): [SDK] [android.content.ContextWrapper][getSharedPreferences] [File][zpay_info.xml] [MODE][MODE_PRIVATE]
D/S4URC   ( 3656): [SDK] [android.content.ContextWrapper][getSharedPreferences] [File][zpay_info.xml] [MODE][MODE_PRIVATE] [Method][getString] [String][appId] [Return][3030]
D/S4URC   ( 3874): [SDK] [android.telephony.TelephonyManager] [getLine1Number]
D/S4URC   ( 3656): [SDK] [java.io.File] [getPath] [FilePath][String] [/data/data/uviyju.xlugh.oemwdco.kljln/shared_prefs/zpay_info.xml]
D/S4URC   ( 3656): [NDK] [SYSCALL] [stat] [PATH][string] [/data/data/uviyju.xlugh.oemwdco.kljln/shared_prefs/zpay_info.xml]
D/S4URC   ( 3656): [SDK] [android.content.ContextWrapper][getSharedPreferences] [File][zpay_info.xml] [MODE][MODE_PRIVATE]
D/S4URC   ( 3656): [SDK] [android.content.ContextWrapper][getSharedPreferences] [File][zpay_info.xml] [MODE][MODE_PRIVATE] [Method][getString] [String][cp] [Return][1000100020001204]
D/S4URC   ( 3656): [SDK] [java.io.File] [getPath] [FilePath][String] [/data/data/uviyju.xlugh.oemwdco.kljln/shared_prefs/zpay_info.xml]
D/S4URC   ( 3656): [NDK] [SYSCALL] [stat] [PATH][string] [/data/data/uviyju.xlugh.oemwdco.kljln/shared_prefs/zpay_info.xml]
D/S4URC   ( 3656): [SDK] [android.content.ContextWrapper][getSharedPreferences] [File][zpay_info.xml] [MODE][MODE_PRIVATE]
D/S4URC   ( 3656): [SDK] [android.content.ContextWrapper][getSharedPreferences] [File][zpay_info.xml] [MODE][MODE_PRIVATE] [Method][getString] [String][qd] [Return][zyap3030_58470_100]
D/S4URC   ( 3656): [SDK] [java.io.File] [getPath] [FilePath][String] [/data/data/uviyju.xlugh.oemwdco.kljln/shared_prefs/zpay_info.xml]
D/S4URC   ( 3656): [NDK] [SYSCALL] [stat] [PATH][string] [/data/data/uviyju.xlugh.oemwdco.kljln/shared_prefs/zpay_info.xml]
D/S4URC   ( 3656): [SDK] [android.content.ContextWrapper][getSharedPreferences] [File][zpay_info.xml] [MODE][MODE_PRIVATE]
D/S4URC   ( 3656): [SDK] [android.content.ContextWrapper][getSharedPreferences] [File][zpay_info.xml] [MODE][MODE_PRIVATE] [Method][getString] [String][appId] [Return][3030]
D/S4URC   ( 3656): [SDK] [java.lang.ProcessBuilder] [Constructor] [Command][String] [,/system/bin/cat,/sys/devices/system/cpu/cpu0/cpufreq/cpuinfo_max_freq]
D/S4URC   ( 3656): [SDK] [java.io.File] [getPath] [FilePath][String] [/data/data/uviyju.xlugh.oemwdco.kljln/shared_prefs/zpay_info.xml]
D/S4URC   ( 3656): [NDK] [SYSCALL] [stat] [PATH][string] [/data/data/uviyju.xlugh.oemwdco.kljln/shared_prefs/zpay_info.xml]
D/S4URC   ( 3656): [SDK] [android.content.ContextWrapper][getSharedPreferences] [File][zpay_info.xml] [MODE][MODE_PRIVATE]
D/S4URC   ( 3656): [SDK] [android.content.ContextWrapper][getSharedPreferences] [File][zpay_info.xml] [MODE][MODE_PRIVATE] [Method][getString] [String][cp] [Return][1000100020001204]
D/S4URC   ( 3656): [SDK] [java.io.File] [getPath] [FilePath][String] [/data/data/uviyju.xlugh.oemwdco.kljln/shared_prefs/zpay_info.xml]
D/S4URC   ( 3656): [NDK] [SYSCALL] [stat] [PATH][string] [/data/data/uviyju.xlugh.oemwdco.kljln/shared_prefs/zpay_info.xml]
D/S4URC   ( 3656): [SDK] [android.content.ContextWrapper][getSharedPreferences] [File][zpay_info.xml] [MODE][MODE_PRIVATE]
D/S4URC   ( 3656): [SDK] [java.io.File] [getPath] [FilePath][String] [/data/data/uviyju.xlugh.oemwdco.kljln/files/mj.apk]
D/S4URC   ( 3656): [SDK] [android.content.ContextWrapper][getSharedPreferences] [File][zpay_info.xml] [MODE][MODE_PRIVATE] [Method][getString] [String][qd] [Return][zyap3030_58470_100]
D/S4URC   ( 3656): [NDK] [SYSCALL] [open] [PATH][string] [/data/data/uviyju.xlugh.oemwdco.kljln/files/mj.apk] [RETURN][int] [121]
D/S4URC   ( 3874): [SDK] [android.app.ApplicationPackageManager] [getPackageInfo] [FindPackageName][String] [uviyju.xlugh.oemwdco.kljln]
D/S4URC   ( 3874): [SDK] [android.app.ApplicationPackageManager] [getPackageInfo] [FindPackageName][String] [com.google.android.webview]
D/S4URC   ( 3874): [SDK] [android.app.ApplicationPackageManager] [getApplicationInfo] [FindApplicationName][String] [com.android.webview]
D/S4URC   ( 3656): [SDK] [java.io.File] [Constructor] [FilePath][String] [/data/data/uviyju.xlugh.oemwdco.kljln/files/mj.dex]
D/S4URC   ( 3656): [SDK] [java.lang.ProcessBuilder] [Constructor] [Command][String] [,/system/bin/cat,/sys/devices/system/cpu/cpu0/cpufreq/cpuinfo_max_freq]
D/S4URC   ( 3656): [SDK] [java.io.File] [delete] [FilePath][String] [/data/data/uviyju.xlugh.oemwdco.kljln/files/mj.dex]
D/S4URC   ( 3656): [NDK] [SYSCALL] [lstat] [PATH][string] [/data/data/uviyju.xlugh.oemwdco.kljln/files/mj.dex]
D/S4URC   ( 3930): [NDK] [SYSCALL] [getdents] [PATH][string] [.]
D/S4URC   ( 3656): [SDK] [java.io.File] [getParent] [FilePath][String] [/data/data/uviyju.xlugh.oemwdco.kljln/files/mj.apk]
D/S4URC   ( 3656): [SDK] [dalvik.system.DexClassLoader] [Constructor] [DexPath][String] [/data/data/uviyju.xlugh.oemwdco.kljln/files/mj.apk] [NDKPath][String] [null]
D/S4URC   ( 3656): [SDK] [java.io.File] [Constructor] [FilePath][String] [/data/data/uviyju.xlugh.oemwdco.kljln/files]
D/S4URC   ( 3656): [SDK] [dalvik.system.BaseDexClassLoader] [Constructor] [DexPath][String] [/data/data/uviyju.xlugh.oemwdco.kljln/files/mj.apk] [NDKPath][String] [null]
D/S4URC   ( 3656): [SDK] [java.io.File] [exists] [FilePath][String] [/data/data/uviyju.xlugh.oemwdco.kljln/files]
D/S4URC   ( 3656): [NDK] [SYSCALL] [access] [PATH][string] [/data/data/uviyju.xlugh.oemwdco.kljln/files]
D/S4URC   ( 3656): [SDK] [java.io.File] [canRead] [FilePath][String] [/data/data/uviyju.xlugh.oemwdco.kljln/files]
D/S4URC   ( 3656): [NDK] [SYSCALL] [access] [PATH][string] [/data/data/uviyju.xlugh.oemwdco.kljln/files]
D/S4URC   ( 3656): [SDK] [java.io.File] [canWrite] [FilePath][String] [/data/data/uviyju.xlugh.oemwdco.kljln/files]
D/S4URC   ( 3656): [NDK] [SYSCALL] [access] [PATH][string] [/data/data/uviyju.xlugh.oemwdco.kljln/files]
D/S4URC   ( 3656): [NDK] [SYSCALL] [stat] [PATH][string] [/data/data/uviyju.xlugh.oemwdco.kljln/files/mj.apk]
D/S4URC   ( 3656): [SDK] [java.io.File] [Constructor] [FilePath][String] [/data/data/uviyju.xlugh.oemwdco.kljln/files/mj.apk]
D/S4URC   ( 3656): [SDK] [java.io.File] [getName] [FilePath][String] [/data/data/uviyju.xlugh.oemwdco.kljln/files/mj.apk]
D/S4URC   ( 3656): [SDK] [java.io.File] [isDirectory] [FilePath][String] [/data/data/uviyju.xlugh.oemwdco.kljln/files/mj.apk]
D/S4URC   ( 3656): [NDK] [SYSCALL] [stat] [PATH][string] [/data/data/uviyju.xlugh.oemwdco.kljln/files/mj.apk]
D/S4URC   ( 3656): [SDK] [java.io.File] [isFile] [FilePath][String] [/data/data/uviyju.xlugh.oemwdco.kljln/files/mj.apk]
D/S4URC   ( 3656): [NDK] [SYSCALL] [stat] [PATH][string] [/data/data/uviyju.xlugh.oemwdco.kljln/files/mj.apk]
D/S4URC   ( 3656): [SDK] [java.io.File] [getName] [FilePath][String] [/data/data/uviyju.xlugh.oemwdco.kljln/files/mj.apk]
D/S4URC   ( 3656): [SDK] [java.io.File] [getPath] [FilePath][String] [/data/data/uviyju.xlugh.oemwdco.kljln/files]
D/S4URC   ( 3656): [SDK] [java.io.File] [getPath] [FilePath][String] [/data/data/uviyju.xlugh.oemwdco.kljln/files/mj.dex]
D/S4URC   ( 3656): [SDK] [java.io.File] [getPath] [FilePath][String] [/data/data/uviyju.xlugh.oemwdco.kljln/files/mj.apk]
D/S4URC   ( 3656): [SDK] [java.io.File] [Constructor] [FilePath][String] [/data/data/uviyju.xlugh.oemwdco.kljln/files/mj.dex]
D/S4URC   ( 3656): [SDK] [java.io.File] [getParent] [FilePath][String] [/data/data/uviyju.xlugh.oemwdco.kljln/files/mj.dex]
D/S4URC   ( 3656): [NDK] [SYSCALL] [stat] [PATH][string] [/data/data/uviyju.xlugh.oemwdco.kljln/files]
D/S4URC   ( 3656): [SDK] [dalvik.system.DexFile] [openDexFile] [DexPath][String] [/data/data/uviyju.xlugh.oemwdco.kljln/files/mj.apk]
D/S4URC   ( 3656): [SDK] [java.io.File] [Constructor] [FilePath][String] [/data/data/uviyju.xlugh.oemwdco.kljln/files/mj.apk]
D/S4URC   ( 3656): [SDK] [java.io.File] [Constructor] [FilePath][String] [/data/data/uviyju.xlugh.oemwdco.kljln/files/mj.dex]
D/S4URC   ( 3656): [NDK] [SYSCALL] [open] [PATH][string] [/data/data/uviyju.xlugh.oemwdco.kljln/files/mj.apk] [RETURN][int] [112]
D/S4URC   ( 3656): [NDK] [SYSCALL] [open] [PATH][string] [/data/data/uviyju.xlugh.oemwdco.kljln/files/mj.dex] [RETURN][int] [112]
D/S4URC   ( 3656): [NDK] [SYSCALL] [stat] [PATH][string] [/data/data/uviyju.xlugh.oemwdco.kljln/files/mj.dex]
D/S4URC   ( 3656): [NDK] [SYSCALL] [open] [PATH][string] [/data/data/uviyju.xlugh.oemwdco.kljln/files/mj.dex] [RETURN][int] [116]
D/S4URC   ( 3656): [NDK] [SYSCALL] [stat] [PATH][string] [/system]
D/S4URC   ( 3656): [NDK] [SYSCALL] [stat] [PATH][string] [/data]
D/S4URC   ( 3656): [SDK] [java.io.File] [getPath] [FilePath][String] [/data/data/uviyju.xlugh.oemwdco.kljln/shared_prefs/zpay_info.xml]
D/S4URC   ( 3656): [NDK] [SYSCALL] [stat] [PATH][string] [/data/data/uviyju.xlugh.oemwdco.kljln/shared_prefs/zpay_info.xml]
D/S4URC   ( 3656): [SDK] [android.content.ContextWrapper][getSharedPreferences] [File][zpay_info.xml] [MODE][MODE_PRIVATE]
D/S4URC   ( 3656): [SDK] [android.content.ContextWrapper][getSharedPreferences] [File][zpay_info.xml] [MODE][MODE_PRIVATE] [Method][getString] [String][appId] [Return][3030]
D/S4URC   ( 3933): [NDK] [SYSCALL] [execve] [PATH][string] [/system/bin/dex2oat] [INST][string] [/system/bin/dex2oat --runtime-arg -classpath --runtime-arg /system/framework/SamsungBridge.jar --instruction-set=arm --instruction-set-features=div --runtime-arg -Xnorelocate --boot-image=/system/framework/boot.art --dex-file=/data/data/uviyju.xlugh.oemwdco.kljln/files/mj.apk --oat-fd=112 --oat-location=/data/data/uviyju.xlugh.oemwdco.kljln/files/mj.dex --runtime-arg -Xms64m --runtime-arg -Xmx512m ]
D/S4URC   ( 3656): [SDK] [java.io.File] [Constructor] [FilePath][String] [/sys/devices/system/cpu/cpu0/cpufreq/scaling_cur_freq]
D/S4URC   ( 3656): [SDK] [java.io.File] [getPath] [FilePath][String] [/sys/devices/system/cpu/cpu0/cpufreq/scaling_cur_freq]
D/S4URC   ( 3656): [SDK] [java.lang.ProcessBuilder] [Constructor] [Command][String] [,/system/bin/cat,/sys/devices/system/cpu/cpu0/cpufreq/cpuinfo_max_freq]
D/S4URC   ( 3656): [SDK] [java.lang.ProcessBuilder] [Constructor] [Command][String] [,/system/bin/cat,/sys/devices/system/cpu/cpu0/cpufreq/cpuinfo_min_freq]
D/S4URC   ( 3935): [NDK] [SYSCALL] [getdents] [PATH][string] [.]
D/S4URC   ( 3874): [SDK] [android.app.ApplicationPackageManager] [getPackageInfo] [FindPackageName][String] [com.google.android.webview]
D/S4URC   ( 3874): [SDK] [android.app.ApplicationPackageManager] [getPackageInfo] [FindPackageName][String] [com.android.webview]
D/S4URC   ( 3874): [SDK] [java.io.File] [Constructor] [FilePath][String] [/data/data/com.android.webview]
D/S4URC   ( 3874): [SDK] [dalvik.system.BaseDexClassLoader] [Constructor] [DexPath][String] [/system/app/webview/webview.apk] [NDKPath][String] [/system/app/webview/lib/arm]
D/S4URC   ( 3874): [SDK] [java.io.File] [Constructor] [FilePath][String] [/system/app/webview/webview.apk]
D/S4URC   ( 3874): [SDK] [java.io.File] [getName] [FilePath][String] [/system/app/webview/webview.apk]
D/S4URC   ( 3874): [SDK] [java.io.File] [isDirectory] [FilePath][String] [/system/app/webview/webview.apk]
D/S4URC   ( 3874): [SDK] [java.io.File] [isFile] [FilePath][String] [/system/app/webview/webview.apk]
D/S4URC   ( 3874): [SDK] [java.io.File] [getPath] [FilePath][String] [/system/app/webview/webview.apk]
D/S4URC   ( 3874): [SDK] [dalvik.system.DexFile] [openDexFile] [DexPath][String] [/system/app/webview/webview.apk]
D/S4URC   ( 3874): [SDK] [java.io.File] [Constructor] [FilePath][String] [/system/app/webview/webview.apk]
D/S4URC   ( 3656): [SDK] [java.io.File] [Constructor] [FilePath][String] [/sys/devices/system/cpu/cpu0/cpufreq/scaling_cur_freq]
D/S4URC   ( 3656): [SDK] [java.io.File] [getPath] [FilePath][String] [/sys/devices/system/cpu/cpu0/cpufreq/scaling_cur_freq]
D/S4URC   ( 3656): [SDK] [java.lang.ProcessBuilder] [Constructor] [Command][String] [,/system/bin/cat,/sys/devices/system/cpu/cpu0/cpufreq/cpuinfo_min_freq]
D/S4URC   ( 3874): [SDK] [java.io.File] [Constructor] [FilePath][String] [/system/app/webview/lib/arm]
D/S4URC   ( 3874): [SDK] [java.io.File] [Constructor] [FilePath][String] [/vendor/lib]
D/S4URC   ( 3874): [SDK] [java.io.File] [Constructor] [FilePath][String] [/system/lib]
D/S4URC   ( 3937): [NDK] [SYSCALL] [getdents] [PATH][string] [.]
D/S4URC   ( 3874): [SDK] [java.lang.Class] [forName] [FindClass][String] [net.sqlcipher.database.SQLiteDatabase]
D/S4URC   ( 3874): [SDK] [java.lang.Class] [forName] [FindClass][String] [net.sqlcipher.database$SQLiteDatabase]
D/S4URC   ( 3874): [SDK] [java.lang.Class] [forName] [FindClass][String] [net.sqlcipher$database$SQLiteDatabase]
D/S4URC   ( 3874): [SDK] [java.lang.Class] [forName] [FindClass][String] [net$sqlcipher$database$SQLiteDatabase]
D/S4URC   ( 3874): [SDK] [java.lang.Class] [forName] [FindClass][String] [[I]
D/S4URC   ( 3874): [SDK] [java.lang.Class] [forName] [FindClass][String] [android.app.SharedPreferencesImpl]
D/S4URC   ( 3874): [SDK] [java.lang.Class] [forName] [FindClass][String] [[I]
D/S4URC   ( 3874): [SDK] [java.lang.Class] [forName] [FindClass][String] [android.app.SharedPreferencesImpl.EditorImpl]
D/S4URC   ( 3874): [SDK] [java.lang.Class] [forName] [FindClass][String] [android.app.SharedPreferencesImpl$EditorImpl]
D/S4URC   ( 3874): [SDK] [java.lang.Class] [forName] [FindClass][String] [android.app.SharedPreferencesImpl.EditorImpl]
D/S4URC   ( 3874): [SDK] [java.lang.Class] [forName] [FindClass][String] [android.app.SharedPreferencesImpl$EditorImpl]
D/S4URC   ( 3874): [SDK] [java.lang.Class] [forName] [FindClass][String] [android.app.SharedPreferencesImpl]
D/S4URC   ( 3874): [SDK] [java.lang.Class] [forName] [FindClass][String] [[Z]
D/S4URC   ( 3874): [SDK] [java.lang.Class] [forName] [FindClass][String] [android.app.SharedPreferencesImpl]
D/S4URC   ( 3874): [SDK] [java.lang.Class] [forName] [FindClass][String] [[F]
D/S4URC   ( 3874): [SDK] [java.lang.Class] [forName] [FindClass][String] [android.app.SharedPreferencesImpl]
D/S4URC   ( 3874): [SDK] [java.lang.Class] [forName] [FindClass][String] [[I]
D/S4URC   ( 3874): [SDK] [java.lang.Class] [forName] [FindClass][String] [android.app.SharedPreferencesImpl]
D/S4URC   ( 3874): [SDK] [java.lang.Class] [forName] [FindClass][String] [[J]
D/S4URC   ( 3874): [SDK] [java.lang.Class] [forName] [FindClass][String] [android.app.SharedPreferencesImpl]
D/S4URC   ( 3874): [SDK] [java.lang.Class] [forName] [FindClass][String] [android.app.SharedPreferencesImpl.EditorImpl]
D/S4URC   ( 3874): [SDK] [java.lang.Class] [forName] [FindClass][String] [android.app.SharedPreferencesImpl$EditorImpl]
D/S4URC   ( 3874): [SDK] [java.lang.Class] [forName] [FindClass][String] [android.app.SharedPreferencesImpl.EditorImpl]
D/S4URC   ( 3874): [SDK] [java.lang.Class] [forName] [FindClass][String] [android.app.SharedPreferencesImpl$EditorImpl]
D/S4URC   ( 3874): [SDK] [java.lang.Class] [forName] [FindClass][String] [[Z]
D/S4URC   ( 3874): [SDK] [java.lang.Class] [forName] [FindClass][String] [android.app.SharedPreferencesImpl.EditorImpl]
D/S4URC   ( 3874): [SDK] [java.lang.Class] [forName] [FindClass][String] [android.app.SharedPreferencesImpl$EditorImpl]
D/S4URC   ( 3874): [SDK] [java.lang.Class] [forName] [FindClass][String] [[I]
D/S4URC   ( 3874): [SDK] [java.lang.Class] [forName] [FindClass][String] [android.app.SharedPreferencesImpl.EditorImpl]
D/S4URC   ( 3874): [SDK] [java.lang.Class] [forName] [FindClass][String] [android.app.SharedPreferencesImpl$EditorImpl]
D/S4URC   ( 3874): [SDK] [java.lang.Class] [forName] [FindClass][String] [[J]
