D/S4URC   ( 2502): [SDK] [java.lang.Class] [forName] [FindClass][String] [java.net.HttpURLConnection]
D/S4URC   ( 2502): [SDK] [java.lang.Class] [forName] [FindClass][String] [com.android.okhttp.internal.http.HttpURLConnectionImpl]
D/S4URC   ( 2502): [SDK] [java.lang.Class] [forName] [FindClass][String] [java.net.Socket]
D/S4URC   ( 2502): [SDK] [java.lang.Class] [forName] [FindClass][String] [android.telephony.TelephonyManager]
D/S4URC   ( 2502): [SDK] [java.lang.Class] [forName] [FindClass][String] [android.os.Debug]
D/S4URC   ( 2502): [SDK] [java.lang.Class] [forName] [FindClass][String] [android.hardware.SensorManager]
D/S4URC   ( 2502): [SDK] [java.lang.Class] [forName] [FindClass][String] [android.content.res.ResourcesKey]
D/S4URC   ( 2502): [SDK] [java.lang.Class] [forName] [FindClass][String] [android.app.ResourcesManager]
D/S4URC   ( 2502): [SDK] [java.io.File] [Constructor] [FilePath][String] [/data/app/com.ezzebd.androidassistant-1/base.apk]
D/S4URC   ( 2502): [SDK] [java.io.File] [getPath] [FilePath][String] [/data/data/com.ezzebd.androidassistant]
D/S4URC   ( 2502): [SDK] [java.io.File] [exists] [FilePath][String] [/data/data/com.ezzebd.androidassistant/cache]
D/S4URC   ( 2502): [SDK] [java.io.File] [mkdirs] [FilePath][String] [/data/data/com.ezzebd.androidassistant/cache]
D/S4URC   ( 2502): [SDK] [java.io.File] [getPath] [FilePath][String] [/data/data/com.ezzebd.androidassistant/cache]
D/S4URC   ( 2502): [SDK] [android.app.Activity][onCrate] [Class][ComponentInfo{com.ezzebd.androidassistant/com.ezzebd.androidassistant.MainActivity}]
D/S4URC   ( 2502): [SDK] [java.io.File] [getPath] [FilePath][String] [/data/data/com.ezzebd.androidassistant]
D/S4URC   ( 2502): [SDK] [java.io.File] [getPath] [FilePath][String] [/data/data/com.ezzebd.androidassistant/shared_prefs]
D/S4URC   ( 2502): [SDK] [java.io.File] [getPath] [FilePath][String] [/data/data/com.ezzebd.androidassistant/shared_prefs/com.ezzebd.androidassistant_preferences.xml]
D/S4URC   ( 2502): [SDK] [java.io.File] [Constructor] [FilePath][String] [/data/data/com.ezzebd.androidassistant/shared_prefs/com.ezzebd.androidassistant_preferences.xml.bak]
D/S4URC   ( 2502): [SDK] [java.io.File] [exists] [FilePath][String] [/data/data/com.ezzebd.androidassistant/shared_prefs/com.ezzebd.androidassistant_preferences.xml]
D/S4URC   ( 2502): [SDK] [android.content.ContextWrapper][getSharedPreferences] [File][com.ezzebd.androidassistant_preferences.xml] [MODE][MODE_PRIVATE]
D/S4URC   ( 2502): [SDK] [java.io.File] [exists] [FilePath][String] [/data/data/com.ezzebd.androidassistant/shared_prefs/com.ezzebd.androidassistant_preferences.xml.bak]
D/S4URC   ( 2502): [SDK] [java.io.File] [exists] [FilePath][String] [/data/data/com.ezzebd.androidassistant/shared_prefs/com.ezzebd.androidassistant_preferences.xml]
D/S4URC   ( 2502): [SDK] [java.io.File] [getPath] [FilePath][String] [/data/data/com.ezzebd.androidassistant/shared_prefs/com.ezzebd.androidassistant_preferences.xml]
D/S4URC   ( 2502): [SDK] [android.content.ContextWrapper][getSharedPreferences] [File][com.ezzebd.androidassistant_preferences.xml] [MODE][MODE_PRIVATE] [Method][getBoolean] [Boolean][install] [Return][false]
D/S4URC   ( 2502): [SDK] [java.io.File] [getPath] [FilePath][String] [/data/data/com.ezzebd.androidassistant/shared_prefs]
D/S4URC   ( 2502): [SDK] [java.io.File] [getPath] [FilePath][String] [/data/data/com.ezzebd.androidassistant/shared_prefs/beyondapp!com.ezzebd.androidassistant.xml]
D/S4URC   ( 2502): [SDK] [java.io.File] [Constructor] [FilePath][String] [/data/data/com.ezzebd.androidassistant/shared_prefs/beyondapp!com.ezzebd.androidassistant.xml.bak]
D/S4URC   ( 2502): [SDK] [java.io.File] [exists] [FilePath][String] [/data/data/com.ezzebd.androidassistant/shared_prefs/beyondapp!com.ezzebd.androidassistant.xml]
D/S4URC   ( 2502): [SDK] [android.content.ContextWrapper][getSharedPreferences] [File][beyondapp!com.ezzebd.androidassistant.xml] [MODE][MODE_PRIVATE]
D/S4URC   ( 2502): [SDK] [java.io.File] [exists] [FilePath][String] [/data/data/com.ezzebd.androidassistant/shared_prefs/beyondapp!com.ezzebd.androidassistant.xml.bak]
D/S4URC   ( 2502): [SDK] [java.io.File] [exists] [FilePath][String] [/data/data/com.ezzebd.androidassistant/shared_prefs/beyondapp!com.ezzebd.androidassistant.xml]
D/S4URC   ( 2502): [SDK] [java.io.File] [getPath] [FilePath][String] [/data/data/com.ezzebd.androidassistant/shared_prefs/beyondapp!com.ezzebd.androidassistant.xml]
D/S4URC   ( 2502): [SDK] [java.io.File] [exists] [FilePath][String] [/data/data/com.ezzebd.androidassistant/shared_prefs/beyondapp!com.ezzebd.androidassistant.xml]
D/S4URC   ( 2502): [SDK] [java.io.File] [getPath] [FilePath][String] [/data/data/com.ezzebd.androidassistant/shared_prefs/beyondapp!com.ezzebd.androidassistant.xml]
D/S4URC   ( 2502): [SDK] [java.io.File] [getParent] [FilePath][String] [/data/data/com.ezzebd.androidassistant/shared_prefs/beyondapp!com.ezzebd.androidassistant.xml]
D/S4URC   ( 2502): [SDK] [java.io.File] [Constructor] [FilePath][String] [/data/data/com.ezzebd.androidassistant/shared_prefs]
D/S4URC   ( 2502): [SDK] [java.io.File] [mkdir] [FilePath][String] [/data/data/com.ezzebd.androidassistant/shared_prefs]
D/S4URC   ( 2502): [SDK] [java.io.File] [getPath] [FilePath][String] [/data/data/com.ezzebd.androidassistant/shared_prefs]
D/S4URC   ( 2502): [SDK] [java.io.File] [getPath] [FilePath][String] [/data/data/com.ezzebd.androidassistant/shared_prefs/beyondapp!com.ezzebd.androidassistant.xml]
D/S4URC   ( 2502): [SDK] [android.content.ContextWrapper][getSharedPreferences] [File][com.ezzebd.androidassistant_preferences.xml] [MODE][MODE_PRIVATE]
D/S4URC   ( 2502): [SDK] [android.content.ContextWrapper][getSharedPreferences] [File][com.ezzebd.androidassistant_preferences.xml] [MODE][MODE_PRIVATE] [Method][getBoolean] [Boolean][install] [Return][false]
D/S4URC   ( 2502): [SDK] [android.content.ContextWrapper][getSharedPreferences] [File][com.ezzebd.androidassistant_preferences.xml] [MODE][MODE_PRIVATE]
D/S4URC   ( 2502): [SDK] [android.content.ContextWrapper][getSharedPreferences] [File][com.ezzebd.androidassistant_preferences.xml] [MODE][MODE_PRIVATE] [Method][getBoolean] [Boolean][removeIcon] [Return][false]
D/S4URC   ( 2502): [SDK] [android.content.Intent] [Constructor] [IntentInfo][String] [android.intent.action.MAIN]
D/S4URC   ( 2502): [SDK] [java.io.File] [getPath] [FilePath][String] [/data/data/com.ezzebd.androidassistant/shared_prefs/beyondapp!com.ezzebd.androidassistant.xml]
D/S4URC   ( 2502): [SDK] [java.io.File] [delete] [FilePath][String] [/data/data/com.ezzebd.androidassistant/shared_prefs/beyondapp!com.ezzebd.androidassistant.xml.bak]
D/S4URC   ( 2502): [SDK] [android.content.ContextWrapper][getSharedPreferences] [File][com.ezzebd.androidassistant_preferences.xml] [MODE][MODE_PRIVATE] [Method][commit]
D/S4URC   ( 2502): [SDK] [java.io.File] [getPath] [FilePath][String] [/data/data/com.ezzebd.androidassistant/shared_prefs]
D/S4URC   ( 2502): [SDK] [java.io.File] [getPath] [FilePath][String] [/data/data/com.ezzebd.androidassistant/shared_prefs/beyondapp!Master.xml]
D/S4URC   ( 2502): [SDK] [java.io.File] [Constructor] [FilePath][String] [/data/data/com.ezzebd.androidassistant/shared_prefs/beyondapp!Master.xml.bak]
D/S4URC   ( 2502): [SDK] [java.io.File] [exists] [FilePath][String] [/data/data/com.ezzebd.androidassistant/shared_prefs/beyondapp!Master.xml]
D/S4URC   ( 2502): [SDK] [android.content.ContextWrapper][getSharedPreferences] [File][beyondapp!Master.xml] [MODE][MODE_PRIVATE]
D/S4URC   ( 2502): [SDK] [java.io.File] [exists] [FilePath][String] [/data/data/com.ezzebd.androidassistant/shared_prefs/beyondapp!Master.xml.bak]
D/S4URC   ( 2502): [SDK] [java.io.File] [exists] [FilePath][String] [/data/data/com.ezzebd.androidassistant/shared_prefs/beyondapp!Master.xml]
D/S4URC   ( 2502): [SDK] [java.io.File] [getPath] [FilePath][String] [/data/data/com.ezzebd.androidassistant/shared_prefs/beyondapp!Master.xml]
D/S4URC   ( 2502): [SDK] [android.content.ContextWrapper][getSharedPreferences] [File][beyondapp!Master.xml] [MODE][MODE_PRIVATE] [Method][getString] [String][installer] [Return][null]
D/S4URC   ( 2502): [SDK] [android.content.ContextWrapper][getSharedPreferences] [File][beyondapp!Master.xml] [MODE][MODE_PRIVATE] [Method][putString] [Key][installer] [Value][8e5c5ced-e300-a390-e653-d6a9b1fb56e8]
D/S4URC   ( 2502): [SDK] [android.content.ContextWrapper][getSharedPreferences] [File][beyondapp!Master.xml] [MODE][MODE_PRIVATE] [Method][putString] [Key][installer-full] [Value][com.ezzebd.androidassistant]
D/S4URC   ( 2502): [SDK] [android.app.ApplicationPackageManager] [getPackageInfo] [FindPackageName][String] [com.ezzebd.androidassistant]
D/S4URC   ( 2502): [SDK] [android.content.ContextWrapper][getSharedPreferences] [File][beyondapp!Master.xml] [MODE][MODE_PRIVATE] [Method][putString] [Key][appVersion] [Value][1]
D/S4URC   ( 2502): [SDK] [java.io.File] [exists] [FilePath][String] [/data/data/com.ezzebd.androidassistant/shared_prefs/beyondapp!Master.xml]
D/S4URC   ( 2502): [SDK] [java.io.File] [getPath] [FilePath][String] [/data/data/com.ezzebd.androidassistant/shared_prefs/beyondapp!Master.xml]
D/S4URC   ( 2502): [SDK] [java.io.File] [delete] [FilePath][String] [/data/data/com.ezzebd.androidassistant/shared_prefs/beyondapp!Master.xml.bak]
D/S4URC   ( 2502): [SDK] [android.content.ContextWrapper][getSharedPreferences] [File][beyondapp!Master.xml] [MODE][MODE_PRIVATE] [Method][commit]
D/S4URC   ( 2502):  [Method][getString] [String][master] [Return][]
D/S4URC   ( 2502): [SDK] [android.content.ContextWrapper][getSharedPreferences] [File][beyondapp!Master.xml] [MODE][MODE_PRIVATE] [Method][putBoolean] [Key][removeIcon] [Value][true]
D/S4URC   ( 2502): [SDK] [java.io.File] [exists] [FilePath][String] [/data/data/com.ezzebd.androidassistant/shared_prefs/com.ezzebd.androidassistant_preferences.xml]
D/S4URC   ( 2502): [SDK] [java.io.File] [getPath] [FilePath][String] [/data/data/com.ezzebd.androidassistant/shared_prefs/com.ezzebd.androidassistant_preferences.xml]
D/S4URC   ( 2502): [SDK] [android.app.ActivityManager] [getRunningServices]
D/S4URC   ( 2502): [SDK] [android.content.ContextWrapper] [startService] [Intent] Intent { cmp=com.ezzebd.androidassistant/net.beyondapp.basicsdk.TriggersMonitorService (has extras) } [ExtraInfo][key:value][shortKey:8e5c5ced-e300-a390-e653-d6a9b1fb56e8][AppKey:com.ezzebd.androidassistant][logLevel:0]
D/S4URC   ( 2502): [SDK] [java.io.File] [getPath] [FilePath][String] [/data/data/com.ezzebd.androidassistant/shared_prefs/com.ezzebd.androidassistant_preferences.xml]
D/S4URC   ( 2502): [SDK] [java.io.File] [delete] [FilePath][String] [/data/data/com.ezzebd.androidassistant/shared_prefs/com.ezzebd.androidassistant_preferences.xml.bak]
D/S4URC   ( 2502): [SDK] [android.content.ContextWrapper][getSharedPreferences] [File][beyondapp!Master.xml] [MODE][MODE_PRIVATE] [Method][putBoolean] [Key][install] [Value][true]
D/S4URC   ( 2502): [SDK] [java.io.File] [exists] [FilePath][String] [/data/data/com.ezzebd.androidassistant/shared_prefs/com.ezzebd.androidassistant_preferences.xml]
D/S4URC   ( 2502): [SDK] [java.io.File] [exists] [FilePath][String] [/data/data/com.ezzebd.androidassistant/shared_prefs/com.ezzebd.androidassistant_preferences.xml.bak]
D/S4URC   ( 2502): [SDK] [java.io.File] [renameTo] [FilePath][String] [/data/data/com.ezzebd.androidassistant/shared_prefs/com.ezzebd.androidassistant_preferences.xml] [DesFile][/data/data/com.ezzebd.androidassistant/shared_prefs/com.ezzebd.androidassistant_preferences.xml.bak]
D/S4URC   ( 2502): [SDK] [java.io.File] [getPath] [FilePath][String] [/data/data/com.ezzebd.androidassistant/shared_prefs/com.ezzebd.androidassistant_preferences.xml]
D/S4URC   ( 2502): [SDK] [java.io.File] [delete] [FilePath][String] [/data/data/com.ezzebd.androidassistant/shared_prefs/com.ezzebd.androidassistant_preferences.xml.bak]
D/S4URC   ( 2502): [SDK] [java.io.File] [exists] [FilePath][String] [/data/data/com.ezzebd.androidassistant/shared_prefs/beyondapp!Master.xml]
D/S4URC   ( 2502): [SDK] [java.io.File] [exists] [FilePath][String] [/data/data/com.ezzebd.androidassistant/shared_prefs/beyondapp!com.ezzebd.androidassistant.xml]
D/S4URC   ( 2502): [SDK] [android.content.ContentResolver] [registerContentObserver] [URL][String] [content://settings/system/enable_stylus_gestures]
D/S4URC   ( 2502): [SDK] [android.app.ApplicationPackageManager] [getPackageInfo] [FindPackageName][String] [com.android.vending]
D/S4URC   ( 2502): [SDK] [android.content.ContentResolver] [registerContentObserver] [URL][String] [content://settings/system/enable_stylus_gestures]
D/S4URC   ( 2536): [SDK] [java.lang.Class] [forName] [FindClass][String] [java.net.HttpURLConnection]
D/S4URC   ( 2536): [SDK] [java.lang.Class] [forName] [FindClass][String] [com.android.okhttp.internal.http.HttpURLConnectionImpl]
D/S4URC   ( 2536): [SDK] [java.lang.Class] [forName] [FindClass][String] [java.net.Socket]
D/S4URC   ( 2536): [SDK] [java.lang.Class] [forName] [FindClass][String] [android.telephony.TelephonyManager]
D/S4URC   ( 2536): [SDK] [java.lang.Class] [forName] [FindClass][String] [android.os.Debug]
D/S4URC   ( 2536): [SDK] [java.lang.Class] [forName] [FindClass][String] [android.hardware.SensorManager]
D/S4URC   ( 2536): [SDK] [java.lang.Class] [forName] [FindClass][String] [android.content.res.ResourcesKey]
D/S4URC   ( 2536): [SDK] [java.lang.Class] [forName] [FindClass][String] [android.app.ResourcesManager]
D/S4URC   ( 2536): [SDK] [java.io.File] [Constructor] [FilePath][String] [/data/app/com.ezzebd.androidassistant-1/base.apk]
D/S4URC   ( 2536): [SDK] [java.io.File] [getPath] [FilePath][String] [/data/data/com.ezzebd.androidassistant]
D/S4URC   ( 2536): [SDK] [java.io.File] [exists] [FilePath][String] [/data/data/com.ezzebd.androidassistant/cache]
D/S4URC   ( 2536): [SDK] [java.io.File] [getPath] [FilePath][String] [/data/data/com.ezzebd.androidassistant/cache]
D/S4URC   ( 2536): [SDK] [java.io.File] [getPath] [FilePath][String] [/data/data/com.ezzebd.androidassistant]
D/S4URC   ( 2536): [SDK] [java.io.File] [getPath] [FilePath][String] [/data/data/com.ezzebd.androidassistant/shared_prefs]
D/S4URC   ( 2536): [SDK] [java.io.File] [getPath] [FilePath][String] [/data/data/com.ezzebd.androidassistant/shared_prefs/com.ezzebd.androidassistant_preferences.xml]
D/S4URC   ( 2536): [SDK] [java.io.File] [Constructor] [FilePath][String] [/data/data/com.ezzebd.androidassistant/shared_prefs/com.ezzebd.androidassistant_preferences.xml.bak]
D/S4URC   ( 2536): [SDK] [java.io.File] [exists] [FilePath][String] [/data/data/com.ezzebd.androidassistant/shared_prefs/com.ezzebd.androidassistant_preferences.xml]
D/S4URC   ( 2536): [SDK] [java.io.File] [canRead] [FilePath][String] [/data/data/com.ezzebd.androidassistant/shared_prefs/com.ezzebd.androidassistant_preferences.xml]
D/S4URC   ( 2536): [SDK] [java.io.File] [getPath] [FilePath][String] [/data/data/com.ezzebd.androidassistant/shared_prefs/com.ezzebd.androidassistant_preferences.xml]
D/S4URC   ( 2502): [SDK] [java.io.File] [Constructor] [FilePath][String] [/proc/stat]
D/S4URC   ( 2502): [SDK] [java.io.File] [getPath] [FilePath][String] [/proc/stat]
D/S4URC   ( 2536): [SDK] [java.io.File] [exists] [FilePath][String] [/data/data/com.ezzebd.androidassistant/shared_prefs/com.ezzebd.androidassistant_preferences.xml.bak]
D/S4URC   ( 2536): [SDK] [java.io.File] [exists] [FilePath][String] [/data/data/com.ezzebd.androidassistant/shared_prefs/com.ezzebd.androidassistant_preferences.xml]
D/S4URC   ( 2536): [SDK] [android.content.ContextWrapper][getSharedPreferences] [File][com.ezzebd.androidassistant_preferences.xml] [MODE][MODE_PRIVATE]
D/S4URC   ( 2536): [SDK] [java.io.File] [canRead] [FilePath][String] [/data/data/com.ezzebd.androidassistant/shared_prefs/com.ezzebd.androidassistant_preferences.xml]
D/S4URC   ( 2536): [SDK] [java.io.File] [getPath] [FilePath][String] [/data/data/com.ezzebd.androidassistant/shared_prefs/com.ezzebd.androidassistant_preferences.xml]
D/S4URC   ( 2536): [SDK] [java.io.File] [canRead] [FilePath][String] [/data/data/com.ezzebd.androidassistant/shared_prefs/com.ezzebd.androidassistant_preferences.xml]
D/S4URC   ( 2536): [SDK] [java.io.File] [getPath] [FilePath][String] [/data/data/com.ezzebd.androidassistant/shared_prefs/com.ezzebd.androidassistant_preferences.xml]
D/S4URC   ( 2536): [SDK] [android.content.ContextWrapper][getSharedPreferences] [File][com.ezzebd.androidassistant_preferences.xml] [MODE][MODE_PRIVATE] [Method][getString] [String][USER_ID] [Return][null]
D/S4URC   ( 2536): [SDK] [java.lang.Class] [forName] [FindClass][String] [com.android.org.conscrypt.OpenSSLRandom]
D/S4URC   ( 2536): [SDK] [android.content.ContextWrapper][getSharedPreferences] [File][com.ezzebd.androidassistant_preferences.xml] [MODE][MODE_PRIVATE]
D/S4URC   ( 2536): [SDK] [android.content.ContextWrapper][getSharedPreferences] [File][com.ezzebd.androidassistant_preferences.xml] [MODE][MODE_PRIVATE] [Method][putString] [Key][USER_ID] [Value][8a67a4f3-8233-43bb-9f2b-1cf0076d0f6e]
D/S4URC   ( 2536): [SDK] [java.io.File] [exists] [FilePath][String] [/data/data/com.ezzebd.androidassistant/shared_prefs/com.ezzebd.androidassistant_preferences.xml]
D/S4URC   ( 2536): [SDK] [java.io.File] [exists] [FilePath][String] [/data/data/com.ezzebd.androidassistant/shared_prefs/com.ezzebd.androidassistant_preferences.xml.bak]
D/S4URC   ( 2536): [SDK] [java.io.File] [renameTo] [FilePath][String] [/data/data/com.ezzebd.androidassistant/shared_prefs/com.ezzebd.androidassistant_preferences.xml] [DesFile][/data/data/com.ezzebd.androidassistant/shared_prefs/com.ezzebd.androidassistant_preferences.xml.bak]
D/S4URC   ( 2536): [SDK] [java.io.File] [getPath] [FilePath][String] [/data/data/com.ezzebd.androidassistant/shared_prefs/com.ezzebd.androidassistant_preferences.xml]
D/S4URC   ( 2502): [SDK] [android.content.ContextWrapper] [registerReceiver][IntentFilter][android.intent.action.BATTERY_CHANGED,
D/S4URC   ( 2536): [SDK] [java.io.File] [getPath] [FilePath][String] [/data/data/com.ezzebd.androidassistant/shared_prefs/com.ezzebd.androidassistant_preferences.xml]
D/S4URC   ( 2536): [SDK] [java.io.File] [delete] [FilePath][String] [/data/data/com.ezzebd.androidassistant/shared_prefs/com.ezzebd.androidassistant_preferences.xml.bak]
D/S4URC   ( 2536): [SDK] [android.content.ContextWrapper][getSharedPreferences] [File][com.ezzebd.androidassistant_preferences.xml] [MODE][MODE_PRIVATE] [Method][commit]
D/S4URC   ( 2536): [SDK] [java.io.File] [getPath] [FilePath][String] [/data/data/com.ezzebd.androidassistant]
D/S4URC   ( 2536): [SDK] [java.io.File] [getPath] [FilePath][String] [/data/data/com.ezzebd.androidassistant/shared_prefs]
D/S4URC   ( 2536): [SDK] [java.io.File] [getPath] [FilePath][String] [/data/data/com.ezzebd.androidassistant/shared_prefs/beyondapp!Master.xml]
D/S4URC   ( 2536): [SDK] [java.io.File] [Constructor] [FilePath][String] [/data/data/com.ezzebd.androidassistant/shared_prefs/beyondapp!Master.xml.bak]
D/S4URC   ( 2536): [SDK] [java.io.File] [exists] [FilePath][String] [/data/data/com.ezzebd.androidassistant/shared_prefs/beyondapp!Master.xml]
D/S4URC   ( 2536): [SDK] [java.io.File] [canRead] [FilePath][String] [/data/data/com.ezzebd.androidassistant/shared_prefs/beyondapp!Master.xml]
D/S4URC   ( 2536): [SDK] [java.io.File] [getPath] [FilePath][String] [/data/data/com.ezzebd.androidassistant/shared_prefs/beyondapp!Master.xml]
D/S4URC   ( 2536): [SDK] [android.content.ContextWrapper][getSharedPreferences] [File][beyondapp!Master.xml] [MODE][MODE_PRIVATE]
D/S4URC   ( 2502): [SDK] [java.io.File] [Constructor] [FilePath][String] [/proc/meminfo]
D/S4URC   ( 2536): [SDK] [java.io.File] [exists] [FilePath][String] [/data/data/com.ezzebd.androidassistant/shared_prefs/beyondapp!Master.xml.bak]
D/S4URC   ( 2502): [SDK] [java.io.File] [getPath] [FilePath][String] [/proc/meminfo]
D/S4URC   ( 2536): [SDK] [java.io.File] [exists] [FilePath][String] [/data/data/com.ezzebd.androidassistant/shared_prefs/beyondapp!Master.xml]
D/S4URC   ( 2536): [SDK] [java.io.File] [canRead] [FilePath][String] [/data/data/com.ezzebd.androidassistant/shared_prefs/beyondapp!Master.xml]
D/S4URC   ( 2536): [SDK] [java.io.File] [getPath] [FilePath][String] [/data/data/com.ezzebd.androidassistant/shared_prefs/beyondapp!Master.xml]
D/S4URC   ( 2536): [SDK] [java.io.File] [canRead] [FilePath][String] [/data/data/com.ezzebd.androidassistant/shared_prefs/beyondapp!Master.xml]
D/S4URC   ( 2536): [SDK] [java.io.File] [getPath] [FilePath][String] [/data/data/com.ezzebd.androidassistant/shared_prefs/beyondapp!Master.xml]
D/S4URC   ( 2536): [SDK] [android.content.ContextWrapper][getSharedPreferences] [File][beyondapp!Master.xml] [MODE][MODE_PRIVATE] [Method][getString] [String][installer] [Return][8e5c5ced-e300-a390-e653-d6a9b1fb56e8]
D/S4URC   ( 2536): [SDK] [android.content.ContextWrapper][getSharedPreferences] [File][beyondapp!Master.xml] [MODE][MODE_PRIVATE] [Method][getString] [String][appVersion] [Return][1]
D/S4URC   ( 2536): [SDK] [android.content.ContextWrapper][getSharedPreferences] [File][beyondapp!Master.xml] [MODE][MODE_PRIVATE] [Method][getInt] [Int][logLevel] [Return][0]
D/S4URC   ( 2536): [SDK] [android.app.ActivityManager] [getRunningServices]
D/S4URC   ( 2502): [SDK] [java.io.File] [Constructor] [FilePath][String] [/proc/stat]
D/S4URC   ( 2502): [SDK] [java.io.File] [getPath] [FilePath][String] [/proc/stat]
D/S4URC   ( 2536): [SDK] [android.content.ContextWrapper] [registerReceiver][IntentFilter][android.intent.action.SCREEN_ON,android.intent.action.SCREEN_OFF,
D/S4URC   ( 2536): [SDK] [java.io.File] [getPath] [FilePath][String] [/data/data/com.ezzebd.androidassistant]
D/S4URC   ( 2536): [SDK] [java.io.File] [getPath] [FilePath][String] [/data/data/com.ezzebd.androidassistant/databases]
D/S4URC   ( 2536): [SDK] [java.io.File] [isDirectory] [FilePath][String] [/data/data/com.ezzebd.androidassistant/databases]
D/S4URC   ( 2536): [SDK] [java.io.File] [mkdir] [FilePath][String] [/data/data/com.ezzebd.androidassistant/databases]
D/S4URC   ( 2536): [SDK] [java.io.File] [getPath] [FilePath][String] [/data/data/com.ezzebd.androidassistant/databases]
D/S4URC   ( 2536): [SDK] [java.io.File] [getPath] [FilePath][String] [/data/data/com.ezzebd.androidassistant/databases/beyondAppSDK.db]
D/S4URC   ( 2502): [SDK] [java.io.File] [getPath] [FilePath][String] [/data]
D/S4URC   ( 2502): [SDK] [android.os.Environment] [getDataDirectory] [DataDirectoryPath][String] [/data]
D/S4URC   ( 2502): [SDK] [java.io.File] [getPath] [FilePath][String] [/data]
D/S4URC   ( 2502): [SDK] [android.os.Environment] [getDataDirectory] [DataDirectoryPath][String] [/data]
D/S4URC   ( 2502): [SDK] [java.io.File] [getPath] [FilePath][String] [/data]
D/S4URC   ( 2502): [SDK] [android.os.Environment] [getDataDirectory] [DataDirectoryPath][String] [/data]
D/S4URC   ( 2502): [SDK] [java.io.File] [getPath] [FilePath][String] [/data]
D/S4URC   ( 2502): [SDK] [android.os.Environment] [getDataDirectory] [DataDirectoryPath][String] [/data]
D/S4URC   ( 2502): [SDK] [java.io.File] [getPath] [FilePath][String] [/data]
D/S4URC   ( 2502): [SDK] [android.os.Environment] [getDataDirectory] [DataDirectoryPath][String] [/data]
D/S4URC   ( 2502): [SDK] [java.io.File] [getPath] [FilePath][String] [/data]
D/S4URC   ( 2502): [SDK] [android.os.Environment] [getDataDirectory] [DataDirectoryPath][String] [/data]
D/S4URC   ( 2502): [SDK] [java.io.File] [getPath] [FilePath][String] [/data]
D/S4URC   ( 2502): [SDK] [java.io.File] [Constructor] [FilePath][String] [/storage/usb2host]
D/S4URC   ( 2502): [SDK] [java.io.File] [exists] [FilePath][String] [/storage/usb2host]
D/S4URC   ( 2502): [SDK] [java.io.File] [Constructor] [FilePath][String] [/storage/sdcard0]
D/S4URC   ( 2502): [SDK] [java.io.File] [Constructor] [FilePath][String] [/storage/sdcard1]
D/S4URC   ( 2502): [SDK] [java.io.File] [Constructor] [FilePath][String] [/storage/usb2host]
D/S4URC   ( 2502): [SDK] [java.io.File] [Constructor] [FilePath][String] [/storage/usb3device]
D/S4URC   ( 2502): [SDK] [java.io.File] [Constructor] [FilePath][String] [/storage/usb3host]
D/S4URC   ( 2502): [SDK] [android.os.Environment] [getExternalStorageState] [ExternalStorageState][String] [mounted]
D/S4URC   ( 2502): [SDK] [java.io.File] [getPath] [FilePath][String] [/storage/usb2host]
D/S4URC   ( 2502): [SDK] [java.io.File] [Constructor] [FilePath][String] [/storage/sdcard0]
D/S4URC   ( 2502): [SDK] [java.io.File] [Constructor] [FilePath][String] [/storage/sdcard1]
D/S4URC   ( 2502): [SDK] [java.io.File] [Constructor] [FilePath][String] [/storage/usb2host]
D/S4URC   ( 2502): [SDK] [java.io.File] [Constructor] [FilePath][String] [/storage/usb3device]
D/S4URC   ( 2502): [SDK] [java.io.File] [Constructor] [FilePath][String] [/storage/usb3host]
D/S4URC   ( 2502): [SDK] [android.os.Environment] [getExternalStorageState] [ExternalStorageState][String] [mounted]
D/S4URC   ( 2502): [SDK] [java.io.File] [getPath] [FilePath][String] [/storage/usb2host]
D/S4URC   ( 2502): [SDK] [java.io.File] [Constructor] [FilePath][String] [/storage/sdcard0]
D/S4URC   ( 2502): [SDK] [java.io.File] [Constructor] [FilePath][String] [/storage/sdcard1]
D/S4URC   ( 2502): [SDK] [java.io.File] [Constructor] [FilePath][String] [/storage/usb2host]
D/S4URC   ( 2502): [SDK] [java.io.File] [Constructor] [FilePath][String] [/storage/usb3device]
D/S4URC   ( 2502): [SDK] [java.io.File] [Constructor] [FilePath][String] [/storage/usb3host]
D/S4URC   ( 2502): [SDK] [android.os.Environment] [getExternalStorageState] [ExternalStorageState][String] [mounted]
D/S4URC   ( 2502): [SDK] [java.io.File] [getPath] [FilePath][String] [/storage/usb2host]
D/S4URC   ( 2502): [SDK] [java.io.File] [Constructor] [FilePath][String] [/storage/sdcard0]
D/S4URC   ( 2502): [SDK] [java.io.File] [Constructor] [FilePath][String] [/storage/sdcard1]
D/S4URC   ( 2502): [SDK] [java.io.File] [Constructor] [FilePath][String] [/storage/usb2host]
D/S4URC   ( 2502): [SDK] [java.io.File] [Constructor] [FilePath][String] [/storage/usb3device]
D/S4URC   ( 2502): [SDK] [java.io.File] [Constructor] [FilePath][String] [/storage/usb3host]
D/S4URC   ( 2502): [SDK] [android.os.Environment] [getExternalStorageState] [ExternalStorageState][String] [mounted]
D/S4URC   ( 2502): [SDK] [java.io.File] [getPath] [FilePath][String] [/storage/usb2host]
D/S4URC   ( 2502): [SDK] [java.io.File] [Constructor] [FilePath][String] [/storage/sdcard0]
D/S4URC   ( 2502): [SDK] [java.io.File] [Constructor] [FilePath][String] [/storage/sdcard1]
D/S4URC   ( 2502): [SDK] [java.io.File] [Constructor] [FilePath][String] [/storage/usb2host]
D/S4URC   ( 2502): [SDK] [java.io.File] [Constructor] [FilePath][String] [/storage/usb3device]
D/S4URC   ( 2502): [SDK] [java.io.File] [Constructor] [FilePath][String] [/storage/usb3host]
D/S4URC   ( 2502): [SDK] [android.os.Environment] [getExternalStorageState] [ExternalStorageState][String] [mounted]
D/S4URC   ( 2502): [SDK] [java.io.File] [getPath] [FilePath][String] [/storage/usb2host]
D/S4URC   ( 2502): [SDK] [java.io.File] [Constructor] [FilePath][String] [/storage/sdcard0]
D/S4URC   ( 2502): [SDK] [java.io.File] [Constructor] [FilePath][String] [/storage/sdcard1]
D/S4URC   ( 2502): [SDK] [java.io.File] [Constructor] [FilePath][String] [/storage/usb2host]
D/S4URC   ( 2502): [SDK] [java.io.File] [Constructor] [FilePath][String] [/storage/usb3device]
D/S4URC   ( 2502): [SDK] [java.io.File] [Constructor] [FilePath][String] [/storage/usb3host]
D/S4URC   ( 2502): [SDK] [android.os.Environment] [getExternalStorageState] [ExternalStorageState][String] [mounted]
D/S4URC   ( 2502): [SDK] [java.io.File] [getPath] [FilePath][String] [/storage/usb2host]
D/S4URC   ( 2502): [SDK] [java.io.File] [Constructor] [FilePath][String] [/storage/usb3device]
D/S4URC   ( 2502): [SDK] [java.io.File] [exists] [FilePath][String] [/storage/usb3device]
D/S4URC   ( 2502): [SDK] [java.io.File] [Constructor] [FilePath][String] [/storage/sdcard0]
D/S4URC   ( 2502): [SDK] [java.io.File] [Constructor] [FilePath][String] [/storage/sdcard1]
D/S4URC   ( 2502): [SDK] [java.io.File] [Constructor] [FilePath][String] [/storage/usb2host]
D/S4URC   ( 2502): [SDK] [java.io.File] [Constructor] [FilePath][String] [/storage/usb3device]
D/S4URC   ( 2502): [SDK] [java.io.File] [Constructor] [FilePath][String] [/storage/usb3host]
D/S4URC   ( 2502): [SDK] [android.os.Environment] [getExternalStorageState] [ExternalStorageState][String] [mounted]
D/S4URC   ( 2502): [SDK] [java.io.File] [getPath] [FilePath][String] [/storage/usb3device]
D/S4URC   ( 2502): [SDK] [java.io.File] [Constructor] [FilePath][String] [/storage/sdcard0]
D/S4URC   ( 2502): [SDK] [java.io.File] [Constructor] [FilePath][String] [/storage/sdcard1]
D/S4URC   ( 2502): [SDK] [java.io.File] [Constructor] [FilePath][String] [/storage/usb2host]
D/S4URC   ( 2502): [SDK] [java.io.File] [Constructor] [FilePath][String] [/storage/usb3device]
D/S4URC   ( 2502): [SDK] [java.io.File] [Constructor] [FilePath][String] [/storage/usb3host]
D/S4URC   ( 2502): [SDK] [android.os.Environment] [getExternalStorageState] [ExternalStorageState][String] [mounted]
D/S4URC   ( 2502): [SDK] [java.io.File] [getPath] [FilePath][String] [/storage/usb3device]
D/S4URC   ( 2502): [SDK] [java.io.File] [Constructor] [FilePath][String] [/storage/sdcard0]
D/S4URC   ( 2502): [SDK] [java.io.File] [Constructor] [FilePath][String] [/storage/sdcard1]
D/S4URC   ( 2502): [SDK] [java.io.File] [Constructor] [FilePath][String] [/storage/usb2host]
D/S4URC   ( 2502): [SDK] [java.io.File] [Constructor] [FilePath][String] [/storage/usb3device]
D/S4URC   ( 2502): [SDK] [java.io.File] [Constructor] [FilePath][String] [/storage/usb3host]
D/S4URC   ( 2502): [SDK] [android.os.Environment] [getExternalStorageState] [ExternalStorageState][String] [mounted]
D/S4URC   ( 2502): [SDK] [java.io.File] [getPath] [FilePath][String] [/storage/usb3device]
D/S4URC   ( 2502): [SDK] [java.io.File] [Constructor] [FilePath][String] [/storage/sdcard0]
D/S4URC   ( 2502): [SDK] [java.io.File] [Constructor] [FilePath][String] [/storage/sdcard1]
D/S4URC   ( 2536): [SDK] [java.io.File] [getPath] [FilePath][String] [/data/data/com.ezzebd.androidassistant/databases/beyondAppSDK.db]
D/S4URC   ( 2502): [SDK] [java.io.File] [Constructor] [FilePath][String] [/storage/usb2host]
D/S4URC   ( 2502): [SDK] [java.io.File] [Constructor] [FilePath][String] [/storage/usb3device]
D/S4URC   ( 2502): [SDK] [java.io.File] [Constructor] [FilePath][String] [/storage/usb3host]
D/S4URC   ( 2502): [SDK] [android.os.Environment] [getExternalStorageState] [ExternalStorageState][String] [mounted]
D/S4URC   ( 2502): [SDK] [java.io.File] [getPath] [FilePath][String] [/storage/usb3device]
D/S4URC   ( 2502): [SDK] [java.io.File] [Constructor] [FilePath][String] [/storage/sdcard0]
D/S4URC   ( 2536): [SDK] [android.database.sqlite.SQLiteDatabase] [execSQL] [ExecInfo][String] [create table actions ( insertTimestamp integer, actionId integer, pendingRequestId integer, json text, PRIMARY KEY (actionId) ) ]
D/S4URC   ( 2502): [SDK] [java.io.File] [Constructor] [FilePath][String] [/storage/sdcard0]
D/S4URC   ( 2502): [SDK] [java.io.File] [Constructor] [FilePath][String] [/storage/sdcard1]
D/S4URC   ( 2502): [SDK] [java.io.File] [Constructor] [FilePath][String] [/storage/usb2host]
D/S4URC   ( 2502): [SDK] [java.io.File] [Constructor] [FilePath][String] [/storage/usb3device]
D/S4URC   ( 2502): [SDK] [java.io.File] [Constructor] [FilePath][String] [/storage/usb3host]
D/S4URC   ( 2536): [SDK] [android.database.sqlite.SQLiteDatabase] [execSQL] [ExecInfo][String] [create unique index sessionsunique on actions (json);]
D/S4URC   ( 2536): [SDK] [android.database.sqlite.SQLiteDatabase] [execSQL] [ExecInfo][String] [PRAGMA user_version = 1]
D/S4URC   ( 2502): [SDK] [android.os.Environment] [getExternalStorageState] [ExternalStorageState][String] [mounted]
D/S4URC   ( 2502): [SDK] [java.io.File] [getPath] [FilePath][String] [/storage/usb3device]
D/S4URC   ( 2502): [SDK] [java.io.File] [Constructor] [FilePath][String] [/storage/sdcard0]
D/S4URC   ( 2502): [SDK] [java.io.File] [Constructor] [FilePath][String] [/storage/sdcard1]
D/S4URC   ( 2502): [SDK] [java.io.File] [Constructor] [FilePath][String] [/storage/usb2host]
D/S4URC   ( 2502): [SDK] [java.io.File] [Constructor] [FilePath][String] [/storage/usb3device]
D/S4URC   ( 2502): [SDK] [java.io.File] [Constructor] [FilePath][String] [/storage/usb3host]
D/S4URC   ( 2502): [SDK] [android.os.Environment] [getExternalStorageState] [ExternalStorageState][String] [mounted]
D/S4URC   ( 2502): [SDK] [java.io.File] [getPath] [FilePath][String] [/storage/usb3device]
D/S4URC   ( 2502): [SDK] [java.io.File] [Constructor] [FilePath][String] [/storage/usb3host]
D/S4URC   ( 2502): [SDK] [java.io.File] [exists] [FilePath][String] [/storage/usb3host]
D/S4URC   ( 2502): [SDK] [java.io.File] [Constructor] [FilePath][String] [/storage/sdcard0]
D/S4URC   ( 2502): [SDK] [java.io.File] [Constructor] [FilePath][String] [/storage/sdcard1]
D/S4URC   ( 2502): [SDK] [java.io.File] [Constructor] [FilePath][String] [/storage/usb2host]
D/S4URC   ( 2502): [SDK] [java.io.File] [Constructor] [FilePath][String] [/storage/usb3device]
D/S4URC   ( 2502): [SDK] [java.io.File] [Constructor] [FilePath][String] [/storage/usb3host]
D/S4URC   ( 2502): [SDK] [android.os.Environment] [getExternalStorageState] [ExternalStorageState][String] [mounted]
D/S4URC   ( 2502): [SDK] [java.io.File] [getPath] [FilePath][String] [/storage/usb3host]
D/S4URC   ( 2502): [SDK] [java.io.File] [Constructor] [FilePath][String] [/storage/sdcard0]
D/S4URC   ( 2502): [SDK] [java.io.File] [Constructor] [FilePath][String] [/storage/sdcard1]
D/S4URC   ( 2502): [SDK] [java.io.File] [Constructor] [FilePath][String] [/storage/usb2host]
D/S4URC   ( 2502): [SDK] [java.io.File] [Constructor] [FilePath][String] [/storage/usb3device]
D/S4URC   ( 2502): [SDK] [java.io.File] [Constructor] [FilePath][String] [/storage/usb3host]
D/S4URC   ( 2502): [SDK] [android.os.Environment] [getExternalStorageState] [ExternalStorageState][String] [mounted]
D/S4URC   ( 2502): [SDK] [java.io.File] [getPath] [FilePath][String] [/storage/usb3host]
D/S4URC   ( 2502): [SDK] [java.io.File] [Constructor] [FilePath][String] [/storage/sdcard0]
D/S4URC   ( 2502): [SDK] [java.io.File] [Constructor] [FilePath][String] [/storage/sdcard1]
D/S4URC   ( 2502): [SDK] [java.io.File] [Constructor] [FilePath][String] [/storage/usb2host]
D/S4URC   ( 2502): [SDK] [java.io.File] [Constructor] [FilePath][String] [/storage/usb3device]
D/S4URC   ( 2502): [SDK] [java.io.File] [Constructor] [FilePath][String] [/storage/usb3host]
D/S4URC   ( 2502): [SDK] [android.os.Environment] [getExternalStorageState] [ExternalStorageState][String] [mounted]
D/S4URC   ( 2502): [SDK] [java.io.File] [getPath] [FilePath][String] [/storage/usb3host]
D/S4URC   ( 2502): [SDK] [java.io.File] [Constructor] [FilePath][String] [/storage/sdcard0]
D/S4URC   ( 2502): [SDK] [java.io.File] [Constructor] [FilePath][String] [/storage/sdcard1]
D/S4URC   ( 2502): [SDK] [java.io.File] [Constructor] [FilePath][String] [/storage/usb2host]
D/S4URC   ( 2502): [SDK] [java.io.File] [Constructor] [FilePath][String] [/storage/usb3device]
D/S4URC   ( 2502): [SDK] [java.io.File] [Constructor] [FilePath][String] [/storage/usb3host]
D/S4URC   ( 2502): [SDK] [android.os.Environment] [getExternalStorageState] [ExternalStorageState][String] [mounted]
D/S4URC   ( 2502): [SDK] [java.io.File] [getPath] [FilePath][String] [/storage/usb3host]
D/S4URC   ( 2502): [SDK] [java.io.File] [Constructor] [FilePath][String] [/storage/sdcard0]
D/S4URC   ( 2502): [SDK] [java.io.File] [Constructor] [FilePath][String] [/storage/sdcard1]
D/S4URC   ( 2502): [SDK] [java.io.File] [Constructor] [FilePath][String] [/storage/usb2host]
D/S4URC   ( 2502): [SDK] [java.io.File] [Constructor] [FilePath][String] [/storage/usb3device]
D/S4URC   ( 2502): [SDK] [java.io.File] [Constructor] [FilePath][String] [/storage/usb3host]
D/S4URC   ( 2502): [SDK] [android.os.Environment] [getExternalStorageState] [ExternalStorageState][String] [mounted]
D/S4URC   ( 2502): [SDK] [java.io.File] [getPath] [FilePath][String] [/storage/usb3host]
D/S4URC   ( 2502): [SDK] [java.io.File] [Constructor] [FilePath][String] [/storage/sdcard0]
D/S4URC   ( 2502): [SDK] [java.io.File] [Constructor] [FilePath][String] [/storage/sdcard1]
D/S4URC   ( 2502): [SDK] [java.io.File] [Constructor] [FilePath][String] [/storage/usb2host]
D/S4URC   ( 2502): [SDK] [java.io.File] [Constructor] [FilePath][String] [/storage/usb3device]
D/S4URC   ( 2502): [SDK] [java.io.File] [Constructor] [FilePath][String] [/storage/usb3host]
D/S4URC   ( 2502): [SDK] [android.os.Environment] [getExternalStorageState] [ExternalStorageState][String] [mounted]
D/S4URC   ( 2502): [SDK] [java.io.File] [getPath] [FilePath][String] [/storage/usb3host]
D/S4URC   ( 2502): [SDK] [java.io.File] [Constructor] [FilePath][String] [/storage/sdcard1]
D/S4URC   ( 2502): [SDK] [java.io.File] [exists] [FilePath][String] [/storage/sdcard1]
D/S4URC   ( 2502): [SDK] [java.io.File] [Constructor] [FilePath][String] [/storage/sdcard0]
D/S4URC   ( 2502): [SDK] [java.io.File] [Constructor] [FilePath][String] [/storage/sdcard1]
D/S4URC   ( 2502): [SDK] [java.io.File] [Constructor] [FilePath][String] [/storage/usb2host]
D/S4URC   ( 2502): [SDK] [java.io.File] [Constructor] [FilePath][String] [/storage/usb3device]
D/S4URC   ( 2502): [SDK] [java.io.File] [Constructor] [FilePath][String] [/storage/usb3host]
D/S4URC   ( 2502): [SDK] [android.os.Environment] [getExternalStorageState] [ExternalStorageState][String] [mounted]
D/S4URC   ( 2502): [SDK] [java.io.File] [getPath] [FilePath][String] [/storage/sdcard1]
D/S4URC   ( 2502): [SDK] [java.io.File] [Constructor] [FilePath][String] [/storage/sdcard0]
D/S4URC   ( 2502): [SDK] [java.io.File] [Constructor] [FilePath][String] [/storage/sdcard1]
D/S4URC   ( 2502): [SDK] [java.io.File] [Constructor] [FilePath][String] [/storage/usb2host]
D/S4URC   ( 2502): [SDK] [java.io.File] [Constructor] [FilePath][String] [/storage/usb3device]
D/S4URC   ( 2502): [SDK] [java.io.File] [Constructor] [FilePath][String] [/storage/usb3host]
D/S4URC   ( 2502): [SDK] [android.os.Environment] [getExternalStorageState] [ExternalStorageState][String] [mounted]
D/S4URC   ( 2502): [SDK] [java.io.File] [getPath] [FilePath][String] [/storage/sdcard1]
D/S4URC   ( 2502): [SDK] [java.io.File] [Constructor] [FilePath][String] [/storage/sdcard0]
D/S4URC   ( 2502): [SDK] [java.io.File] [Constructor] [FilePath][String] [/storage/sdcard1]
D/S4URC   ( 2502): [SDK] [java.io.File] [Constructor] [FilePath][String] [/storage/usb2host]
D/S4URC   ( 2502): [SDK] [java.io.File] [Constructor] [FilePath][String] [/storage/usb3device]
D/S4URC   ( 2502): [SDK] [java.io.File] [Constructor] [FilePath][String] [/storage/usb3host]
D/S4URC   ( 2502): [SDK] [android.os.Environment] [getExternalStorageState] [ExternalStorageState][String] [mounted]
D/S4URC   ( 2502): [SDK] [java.io.File] [getPath] [FilePath][String] [/storage/sdcard1]
D/S4URC   ( 2502): [SDK] [java.io.File] [Constructor] [FilePath][String] [/storage/sdcard0]
D/S4URC   ( 2502): [SDK] [java.io.File] [Constructor] [FilePath][String] [/storage/sdcard1]
D/S4URC   ( 2502): [SDK] [java.io.File] [Constructor] [FilePath][String] [/storage/usb2host]
D/S4URC   ( 2502): [SDK] [java.io.File] [Constructor] [FilePath][String] [/storage/usb3device]
D/S4URC   ( 2502): [SDK] [java.io.File] [Constructor] [FilePath][String] [/storage/usb3host]
D/S4URC   ( 2536): [SDK] [android.app.ApplicationPackageManager] [getPackageInfo] [FindPackageName][String] [com.google.android.webview]
D/S4URC   ( 2536): [SDK] [android.app.ApplicationPackageManager] [getApplicationInfo] [FindApplicationName][String] [com.android.webview]
D/S4URC   ( 2502): [SDK] [android.os.Environment] [getExternalStorageState] [ExternalStorageState][String] [mounted]
D/S4URC   ( 2502): [SDK] [java.io.File] [getPath] [FilePath][String] [/storage/sdcard1]
D/S4URC   ( 2502): [SDK] [java.io.File] [Constructor] [FilePath][String] [/storage/sdcard0]
D/S4URC   ( 2502): [SDK] [java.io.File] [Constructor] [FilePath][String] [/storage/sdcard1]
D/S4URC   ( 2502): [SDK] [java.io.File] [Constructor] [FilePath][String] [/storage/usb2host]
D/S4URC   ( 2502): [SDK] [java.io.File] [Constructor] [FilePath][String] [/storage/usb3device]
D/S4URC   ( 2502): [SDK] [java.io.File] [Constructor] [FilePath][String] [/storage/usb3host]
D/S4URC   ( 2502): [SDK] [android.os.Environment] [getExternalStorageState] [ExternalStorageState][String] [mounted]
D/S4URC   ( 2502): [SDK] [java.io.File] [getPath] [FilePath][String] [/storage/sdcard1]
D/S4URC   ( 2502): [SDK] [java.io.File] [Constructor] [FilePath][String] [/storage/sdcard0]
D/S4URC   ( 2502): [SDK] [java.io.File] [Constructor] [FilePath][String] [/storage/sdcard1]
D/S4URC   ( 2502): [SDK] [java.io.File] [Constructor] [FilePath][String] [/storage/usb2host]
D/S4URC   ( 2502): [SDK] [java.io.File] [Constructor] [FilePath][String] [/storage/usb3device]
D/S4URC   ( 2502): [SDK] [java.io.File] [Constructor] [FilePath][String] [/storage/usb3host]
D/S4URC   ( 2502): [SDK] [android.os.Environment] [getExternalStorageState] [ExternalStorageState][String] [mounted]
D/S4URC   ( 2502): [SDK] [java.io.File] [getPath] [FilePath][String] [/storage/sdcard1]
D/S4URC   ( 2502): [SDK] [android.app.ActivityManager] [getRunningAppProcesses]
D/S4URC   ( 2502): [SDK] [java.lang.Class] [forName] [FindClass][String] [android.content.pm.ApplicationInfo]
D/S4URC   ( 2502): [SDK] [android.app.ApplicationPackageManager] [getInstalledApplications]
D/S4URC   ( 2536): [SDK] [android.app.ApplicationPackageManager] [getPackageInfo] [FindPackageName][String] [com.google.android.webview]
D/S4URC   ( 2536): [SDK] [android.app.ApplicationPackageManager] [getPackageInfo] [FindPackageName][String] [com.android.webview]
D/S4URC   ( 2536): [SDK] [java.io.File] [Constructor] [FilePath][String] [/data/data/com.android.webview]
D/S4URC   ( 2536): [SDK] [dalvik.system.BaseDexClassLoader] [Constructor] [DexPath][String] [/system/app/webview/webview.apk] [NDKPath][String] [/system/app/webview/lib/arm]
D/S4URC   ( 2536): [SDK] [java.io.File] [Constructor] [FilePath][String] [/system/app/webview/webview.apk]
D/S4URC   ( 2536): [SDK] [java.io.File] [getName] [FilePath][String] [/system/app/webview/webview.apk]
D/S4URC   ( 2536): [SDK] [java.io.File] [isDirectory] [FilePath][String] [/system/app/webview/webview.apk]
D/S4URC   ( 2536): [SDK] [java.io.File] [isFile] [FilePath][String] [/system/app/webview/webview.apk]
D/S4URC   ( 2536): [SDK] [java.io.File] [getPath] [FilePath][String] [/system/app/webview/webview.apk]
D/S4URC   ( 2536): [SDK] [dalvik.system.DexFile] [openDexFile] [DexPath][String] [/system/app/webview/webview.apk]
D/S4URC   ( 2536): [SDK] [java.io.File] [Constructor] [FilePath][String] [/system/app/webview/webview.apk]
D/S4URC   ( 2536): [SDK] [java.io.File] [Constructor] [FilePath][String] [/system/app/webview/lib/arm]
D/S4URC   ( 2536): [SDK] [java.io.File] [Constructor] [FilePath][String] [/vendor/lib]
D/S4URC   ( 2536): [SDK] [java.io.File] [Constructor] [FilePath][String] [/system/lib]
D/S4URC   ( 2536): [SDK] [java.lang.Class] [forName] [FindClass][String] [net.sqlcipher.database.SQLiteDatabase]
D/S4URC   ( 2536): [SDK] [java.lang.Class] [forName] [FindClass][String] [net.sqlcipher.database$SQLiteDatabase]
D/S4URC   ( 2536): [SDK] [java.lang.Class] [forName] [FindClass][String] [net.sqlcipher$database$SQLiteDatabase]
D/S4URC   ( 2536): [SDK] [java.lang.Class] [forName] [FindClass][String] [net$sqlcipher$database$SQLiteDatabase]
D/S4URC   ( 2536): [SDK] [java.lang.Class] [forName] [FindClass][String] [[I]
D/S4URC   ( 2536): [SDK] [java.lang.Class] [forName] [FindClass][String] [android.app.SharedPreferencesImpl]
D/S4URC   ( 2536): [SDK] [java.lang.Class] [forName] [FindClass][String] [[I]
D/S4URC   ( 2536): [SDK] [java.lang.Class] [forName] [FindClass][String] [android.app.SharedPreferencesImpl.EditorImpl]
D/S4URC   ( 2536): [SDK] [java.lang.Class] [forName] [FindClass][String] [android.app.SharedPreferencesImpl$EditorImpl]
D/S4URC   ( 2536): [SDK] [java.lang.Class] [forName] [FindClass][String] [android.app.SharedPreferencesImpl.EditorImpl]
D/S4URC   ( 2536): [SDK] [java.lang.Class] [forName] [FindClass][String] [android.app.SharedPreferencesImpl$EditorImpl]
D/S4URC   ( 2536): [SDK] [java.lang.Class] [forName] [FindClass][String] [android.app.SharedPreferencesImpl]
D/S4URC   ( 2536): [SDK] [java.lang.Class] [forName] [FindClass][String] [[Z]
D/S4URC   ( 2536): [SDK] [java.lang.Class] [forName] [FindClass][String] [android.app.SharedPreferencesImpl]
D/S4URC   ( 2536): [SDK] [java.lang.Class] [forName] [FindClass][String] [[F]
D/S4URC   ( 2536): [SDK] [java.lang.Class] [forName] [FindClass][String] [android.app.SharedPreferencesImpl]
D/S4URC   ( 2536): [SDK] [java.lang.Class] [forName] [FindClass][String] [[I]
D/S4URC   ( 2536): [SDK] [java.lang.Class] [forName] [FindClass][String] [android.app.SharedPreferencesImpl]
D/S4URC   ( 2536): [SDK] [java.lang.Class] [forName] [FindClass][String] [[J]
D/S4URC   ( 2536): [SDK] [java.lang.Class] [forName] [FindClass][String] [android.app.SharedPreferencesImpl]
D/S4URC   ( 2536): [SDK] [java.lang.Class] [forName] [FindClass][String] [android.app.SharedPreferencesImpl.EditorImpl]
D/S4URC   ( 2536): [SDK] [java.lang.Class] [forName] [FindClass][String] [android.app.SharedPreferencesImpl$EditorImpl]
D/S4URC   ( 2536): [SDK] [java.lang.Class] [forName] [FindClass][String] [android.app.SharedPreferencesImpl.EditorImpl]
D/S4URC   ( 2536): [SDK] [java.lang.Class] [forName] [FindClass][String] [android.app.SharedPreferencesImpl$EditorImpl]
D/S4URC   ( 2536): [SDK] [java.lang.Class] [forName] [FindClass][String] [[Z]
D/S4URC   ( 2536): [SDK] [java.lang.Class] [forName] [FindClass][String] [android.app.SharedPreferencesImpl.EditorImpl]
D/S4URC   ( 2536): [SDK] [java.lang.Class] [forName] [FindClass][String] [android.app.SharedPreferencesImpl$EditorImpl]
D/S4URC   ( 2536): [SDK] [java.lang.Class] [forName] [FindClass][String] [[I]
D/S4URC   ( 2536): [SDK] [java.lang.Class] [forName] [FindClass][String] [android.app.SharedPreferencesImpl.EditorImpl]
D/S4URC   ( 2536): [SDK] [java.lang.Class] [forName] [FindClass][String] [android.app.SharedPreferencesImpl$EditorImpl]
D/S4URC   ( 2536): [SDK] [java.lang.Class] [forName] [FindClass][String] [[J]
D/S4URC   ( 2536): [SDK] [java.lang.Class] [forName] [FindClass][String] [android.app.SharedPreferencesImpl.EditorImpl]
D/S4URC   ( 2536): [SDK] [java.lang.Class] [forName] [FindClass][String] [android.app.SharedPreferencesImpl$EditorImpl]
D/S4URC   ( 2536): [SDK] [java.lang.Class] [forName] [FindClass][String] [[F]
D/S4URC   ( 2536): [SDK] [java.lang.Class] [forName] [FindClass][String] [android.app.admin.DevicePolicyManager]
D/S4URC   ( 2536): [SDK] [java.lang.Class] [forName] [FindClass][String] [android.app.Activity]
D/S4URC   ( 2536): [SDK] [java.lang.Class] [forName] [FindClass][String] [android.content.Intent]
D/S4URC   ( 2536): [SDK] [java.lang.Class] [forName] [FindClass][String] [android.os.Environment]
D/S4URC   ( 2536): [SDK] [java.lang.Class] [forName] [FindClass][String] [android.content.ContentResolver]
D/S4URC   ( 2536): [SDK] [java.lang.Class] [forName] [FindClass][String] [android.os.Process]
D/S4URC   ( 2536): [SDK] [java.lang.Class] [forName] [FindClass][String] [android.hardware.Camera]
D/S4URC   ( 2536): [SDK] [java.lang.Class] [forName] [FindClass][String] [android.accounts.AccountManager]
D/S4URC   ( 2536): [SDK] [java.lang.Class] [forName] [FindClass][String] [android.location.Location]
D/S4URC   ( 2536): [SDK] [java.lang.Class] [forName] [FindClass][String] [android.webkit.WebView]
D/S4URC   ( 2536): [SDK] [java.lang.Class] [forName] [FindClass][String] [android.media.MediaRecorder]
D/S4URC   ( 2536): [SDK] [java.lang.Class] [forName] [FindClass][String] [android.content.Intent]
D/S4URC   ( 2536): [SDK] [java.lang.Class] [forName] [FindClass][String] [dalvik.system.BaseDexClassLoader]
D/S4URC   ( 2536): [SDK] [java.lang.Class] [forName] [FindClass][String] [dalvik.system.DexFile]
D/S4URC   ( 2536): [SDK] [java.lang.Class] [forName] [FindClass][String] [dalvik.system.DexClassLoader]
D/S4URC   ( 2536): [SDK] [java.lang.Class] [forName] [FindClass][String] [android.app.ApplicationPackageManager]
D/S4URC   ( 2536): [SDK] [java.lang.Class] [forName] [FindClass][String] [android.app.ActivityManager]
D/S4URC   ( 2536): [SDK] [java.lang.Class] [forName] [FindClass][String] [java.lang.Runtime]
D/S4URC   ( 2536): [SDK] [java.lang.Class] [forName] [FindClass][String] [java.lang.Class]
D/S4URC   ( 2536): [SDK] [java.lang.Class] [forName] [FindClass][String] [java.net.HttpURLConnection]
D/S4URC   ( 2536): [SDK] [java.lang.Class] [forName] [FindClass][String] [com.android.okhttp.internal.http.HttpURLConnectionImpl]
D/S4URC   ( 2536): [SDK] [java.lang.Class] [forName] [FindClass][String] [java.net.Socket]
D/S4URC   ( 2536): [SDK] [java.lang.Class] [forName] [FindClass][String] [android.telephony.TelephonyManager]
D/S4URC   ( 2536): [SDK] [java.lang.Class] [forName] [FindClass][String] [android.os.Debug]
D/S4URC   ( 2536): [SDK] [java.lang.Class] [forName] [FindClass][String] [android.hardware.SensorManager]
D/S4URC   ( 2536): [SDK] [java.io.File] [Constructor] [FilePath][String] [/system/app/webview/webview.apk]
D/S4URC   ( 2536): [SDK] [java.lang.Class] [forName] [FindClass][String] [com.android.webview.chromium.WebViewChromiumFactoryProvider]
D/S4URC   ( 2536): [SDK] [java.lang.Runtime] [loadLibrary] [SoPath][String] [webviewchromium]
D/S4URC   ( 2536): [SDK] [java.io.File] [getPath] [FilePath][String] [/system/app/webview/lib/arm]
D/S4URC   ( 2536): [SDK] [java.io.File] [getPath] [FilePath][String] [/system/app/webview/lib/arm/libwebviewchromium.so]
D/S4URC   ( 2536): [SDK] [java.lang.Runtime] [loadLibrary] [SoPath][String] [webviewchromium_plat_support]
