D/S4URC   ( 2791): [SDK] [android.content.ContextWrapper][getSharedPreferences] [File][ui.xml] [MODE][MODE_PRIVATE]
D/S4URC   ( 2791): [SDK] [javax.crypto.spec.SecretKeySpec][Constructor] [KEY][343C0CD759C5A59F2DA6D6D91ADE9303][type][AES][javax.crypto.Cipher][getInstance] [Cipher][AES/CBC/PKCS5Padding] [javax.crypto.Cipher][getInstance] [Cipher][AES/CBC/PKCS5Padding] [javax.crypto.Cipher][doFinal] [Data][VOgGiUoGm3lDN1LouZERcw==] [Return][IMSI]
D/S4URC   ( 2791): [SDK] [android.content.ContextWrapper][getSharedPreferences] [File][ui.xml] [MODE][MODE_PRIVATE] [Method][putBoolean] [Key][IsStart] [Value][false]
D/S4URC   ( 2791): [SDK] [java.io.File] [exists] [FilePath][String] [/data/data/com.jlls063.mn/shared_prefs/ui.xml]
D/S4URC   ( 2791): [SDK] [java.io.File] [exists] [FilePath][String] [/data/data/com.jlls063.mn/shared_prefs/ui.xml.bak]
D/S4URC   ( 2791): [SDK] [java.io.File] [renameTo] [FilePath][String] [/data/data/com.jlls063.mn/shared_prefs/ui.xml] [DesFile][/data/data/com.jlls063.mn/shared_prefs/ui.xml.bak]
D/S4URC   ( 2791): [SDK] [java.io.File] [getPath] [FilePath][String] [/data/data/com.jlls063.mn/shared_prefs/ui.xml]
D/S4URC   ( 2791): [SDK] [javax.crypto.spec.SecretKeySpec][Constructor] [KEY][343C0CD759C5A59F2DA6D6D91ADE9303][type][AES][javax.crypto.Cipher][getInstance] [Cipher][AES/CBC/PKCS5Padding] [javax.crypto.Cipher][getInstance] [Cipher][AES/CBC/PKCS5Padding] [javax.crypto.Cipher][doFinal] [Data]['...i.}..aZ?Hf4+] [Return][TEL]
D/S4URC   ( 2791): [SDK] [javax.crypto.spec.SecretKeySpec][Constructor] [KEY][343C0CD759C5A59F2DA6D6D91ADE9303][type][AES][javax.crypto.Cipher][getInstance] [Cipher][AES/CBC/PKCS5Padding] [javax.crypto.Cipher][getInstance] [Cipher][AES/CBC/PKCS5Padding] [javax.crypto.Cipher][doFinal] [Data][k9H0dGBNSiBd0M8EagbA7w==] [Return][UID]
D/S4URC   ( 2791): [SDK] [javax.crypto.spec.SecretKeySpec][Constructor] [KEY][343C0CD759C5A59F2DA6D6D91ADE9303][type][AES][javax.crypto.Cipher][getInstance] [Cipher][AES/CBC/PKCS5Padding] [javax.crypto.Cipher][getInstance] [Cipher][AES/CBC/PKCS5Padding] [javax.crypto.Cipher][doFinal] [Data][tyFabAI1W4OauUcgDAqSPQ==] [Return][errormsg]
D/S4URC   ( 2791): [SDK] [javax.crypto.spec.SecretKeySpec][Constructor] [KEY][343C0CD759C5A59F2DA6D6D91ADE9303][type][AES][javax.crypto.Cipher][getInstance] [Cipher][AES/CBC/PKCS5Padding] [javax.crypto.Cipher][getInstance] [Cipher][AES/CBC/PKCS5Padding] [javax.crypto.Cipher][doFinal] [Data][9uUuG3pIqFE+J5OL5jhwXw==] [Return][timespan]
D/S4URC   ( 2791): [SDK] [javax.crypto.spec.SecretKeySpec][Constructor] [KEY][343C0CD759C5A59F2DA6D6D91ADE9303][type][AES][javax.crypto.Cipher][getInstance] [Cipher][AES/CBC/PKCS5Padding] [javax.crypto.Cipher][getInstance] [Cipher][AES/CBC/PKCS5Padding] [javax.crypto.Cipher][doFinal] [Data][bVxT+cS4p4RS9sGGi3DSVA==] [Return][sign]
D/S4URC   ( 2791): [SDK] [java.io.File] [getPath] [FilePath][String] [/data/data/com.jlls063.mn/shared_prefs/ui.xml]
D/S4URC   ( 2791): [SDK] [java.io.File] [delete] [FilePath][String] [/data/data/com.jlls063.mn/shared_prefs/ui.xml.bak]
D/S4URC   ( 2791): [SDK] [android.content.ContextWrapper][getSharedPreferences] [File][ui.xml] [MODE][MODE_PRIVATE] [Method][commit]
D/S4URC   ( 2791): [SDK] [javax.crypto.spec.SecretKeySpec][Constructor] [KEY][343C0CD759C5A59F2DA6D6D91ADE9303][type][AES][javax.crypto.Cipher][getInstance] [Cipher][AES/CBC/PKCS5Padding] [javax.crypto.Cipher][getInstance] [Cipher][AES/CBC/PKCS5Padding] [javax.crypto.Cipher][doFinal] [Data][jQOq+ljHzfX02PAR6oohRA==] [Return][UAConetent]
D/S4URC   ( 2791): [SDK] [javax.crypto.spec.SecretKeySpec][Constructor] [KEY][343C0CD759C5A59F2DA6D6D91ADE9303][type][AES][javax.crypto.Cipher][getInstance] [Cipher][AES/CBC/PKCS5Padding] [javax.crypto.Cipher][getInstance] [Cipher][AES/CBC/PKCS5Padding] [javax.crypto.Cipher][doFinal] [Data][qoapd8yZKl6ReLxnkG2CYA==] [Return][imei]
D/S4URC   ( 2791): [SDK] [javax.crypto.spec.SecretKeySpec][Constructor] [KEY][343C0CD759C5A59F2DA6D6D91ADE9303][type][AES][javax.crypto.Cipher][getInstance] [Cipher][AES/CBC/PKCS5Padding] [javax.crypto.Cipher][getInstance] [Cipher][AES/CBC/PKCS5Padding] [javax.crypto.Cipher][doFinal] [Data][g7MhzS9LkMfA+my7IT9Mzw==] [Return][mac]
D/S4URC   ( 2791): [SDK] [javax.crypto.spec.SecretKeySpec][Constructor] [KEY][343C0CD759C5A59F2DA6D6D91ADE9303][type][AES][javax.crypto.Cipher][getInstance] [Cipher][AES/CBC/PKCS5Padding] [javax.crypto.Cipher][getInstance] [Cipher][AES/CBC/PKCS5Padding] [javax.crypto.Cipher][doFinal] [Data][yIKUdsdNOb35UZpi7DlXhw==] [Return][uip]
D/S4URC   ( 2791): [SDK] [javax.crypto.spec.SecretKeySpec][Constructor] [KEY][343C0CD759C5A59F2DA6D6D91ADE9303][type][AES][javax.crypto.Cipher][getInstance] [Cipher][AES/CBC/PKCS5Padding] [javax.crypto.Cipher][getInstance] [Cipher][AES/CBC/PKCS5Padding] [javax.crypto.Cipher][doFinal] [Data][nv37JtHQniTk/hQu26b/K7Z3kB921M7HbkJO/X4slPGw3AAB4D/HCu7nyyd0CdHeXsywPJdT9iIkeIks8VOFVw==] [Return][http://sdkjk.idmzone.com/getsendmobile.aspx?imsi=]
D/S4URC   ( 2791): [SDK] [android.content.ContextWrapper][getSharedPreferences] [File][ui.xml] [MODE][MODE_PRIVATE]
D/S4URC   ( 2791): [SDK] [android.content.ContextWrapper][getSharedPreferences] [File][ui.xml] [MODE][MODE_PRIVATE] [Method][putBoolean] [Key][IsStart] [Value][false]
D/S4URC   ( 2791): [SDK] [java.io.File] [exists] [FilePath][String] [/data/data/com.jlls063.mn/shared_prefs/ui.xml]
D/S4URC   ( 2791): [SDK] [android.content.ContextWrapper][getSharedPreferences] [File][ui.xml] [MODE][MODE_PRIVATE] [Method][commit]
D/S4URC   ( 2791): [SDK] [javax.crypto.spec.SecretKeySpec][Constructor] [KEY][343C0CD759C5A59F2DA6D6D91ADE9303][type][AES][javax.crypto.Cipher][getInstance] [Cipher][AES/CBC/PKCS5Padding] [javax.crypto.Cipher][getInstance] [Cipher][AES/CBC/PKCS5Padding] [javax.crypto.Cipher][doFinal] [Data][KVAMoZZxvXliaMsLzOoZ8A==] [Return][psign]
D/S4URC   ( 2791): [SDK] [javax.crypto.spec.SecretKeySpec][Constructor] [KEY][343C0CD759C5A59F2DA6D6D91ADE9303][type][AES][javax.crypto.Cipher][getInstance] [Cipher][AES/CBC/PKCS5Padding] [javax.crypto.Cipher][getInstance] [Cipher][AES/CBC/PKCS5Padding] [javax.crypto.Cipher][doFinal] [Data][R0IKoGoDiN98jWp98SIVrQ==] [Return][sa1xg2dy3yg4]
D/S4URC   ( 2791): [SDK] [javax.crypto.spec.SecretKeySpec][Constructor] [KEY][343C0CD759C5A59F2DA6D6D91ADE9303][type][AES][javax.crypto.Cipher][getInstance] [Cipher][AES/CBC/PKCS5Padding] [javax.crypto.Cipher][getInstance] [Cipher][AES/CBC/PKCS5Padding] [javax.crypto.Cipher][doFinal] [Data][nv37JtHQniTk/hQu26b/KxaSsk6Hg+Yz3ErVg2QL5paulAnvxIn21qG36iEhYMRl] [Return][http://sdkjk.idmzone.com/getua.aspx]
D/S4URC   ( 2791): [SDK] [java.io.File] [list] [FilePath][String] [/sys/class/net]
D/S4URC   ( 2791): [SDK] [android.app.ApplicationPackageManager] [getApplicationInfo] [FindApplicationName][String] [com.jlls063.mn]
D/S4URC   ( 2791): [SDK] [javax.crypto.spec.SecretKeySpec][Constructor] [KEY][343C0CD759C5A59F2DA6D6D91ADE9303][type][AES][javax.crypto.Cipher][getInstance] [Cipher][AES/CBC/PKCS5Padding] [javax.crypto.Cipher][getInstance] [Cipher][AES/CBC/PKCS5Padding] [javax.crypto.Cipher][doFinal] [Data][4TmRjsl3U24Je2iJJBy9A+kMR7RSWbnB9skJt8s3q00=] [Return][versioncheck.aspx]
D/S4URC   ( 2791): [SDK] [javax.crypto.spec.SecretKeySpec][Constructor] [KEY][343C0CD759C5A59F2DA6D6D91ADE9303][type][AES][javax.crypto.Cipher][getInstance] [Cipher][AES/CBC/PKCS5Padding] [javax.crypto.Cipher][getInstance] [Cipher][AES/CBC/PKCS5Padding] [javax.crypto.Cipher][doFinal] [Data][47bNa9z8I37S2h23ZsrKiA==] [Return][wantpay.aspx]
D/S4URC   ( 2791): [SDK] [javax.crypto.spec.SecretKeySpec][Constructor] [KEY][343C0CD759C5A59F2DA6D6D91ADE9303][type][AES][javax.crypto.Cipher][getInstance] [Cipher][AES/CBC/PKCS5Padding] [javax.crypto.Cipher][getInstance] [Cipher][AES/CBC/PKCS5Padding] [javax.crypto.Cipher][doFinal] [Data][l3q1rq0i5rZ+a/azFj2HD4YnqTKlXHFv4jSNiyyZS5I=] [Return][testgetfeeurl.aspx]
D/S4URC   ( 2791): [SDK] [javax.crypto.spec.SecretKeySpec][Constructor] [KEY][343C0CD759C5A59F2DA6D6D91ADE9303][type][AES][javax.crypto.Cipher][getInstance] [Cipher][AES/CBC/PKCS5Padding] [javax.crypto.Cipher][getInstance] [Cipher][AES/CBC/PKCS5Padding] [javax.crypto.Cipher][doFinal] [Data][QfN+uDqunSsNMOa2zdkIlix7Bl3HksAF4GP1vGn5zSw=] [Return][checkresult.aspx]
D/S4URC   ( 2791): [SDK] [javax.crypto.spec.SecretKeySpec][Constructor] [KEY][343C0CD759C5A59F2DA6D6D91ADE9303][type][AES][javax.crypto.Cipher][getInstance] [Cipher][AES/CBC/PKCS5Padding] [javax.crypto.Cipher][getInstance] [Cipher][AES/CBC/PKCS5Padding] [javax.crypto.Cipher][doFinal] [Data][AmnqQsmbOkDHADBd7Ms6Z+66UAgTLIowf3/6CbJbF8Q=] [Return][duandailiucheng.aspx]
D/S4URC   ( 2791): [SDK] [javax.crypto.spec.SecretKeySpec][Constructor] [KEY][343C0CD759C5A59F2DA6D6D91ADE9303][type][AES][javax.crypto.Cipher][getInstance] [Cipher][AES/CBC/PKCS5Padding] [javax.crypto.Cipher][getInstance] [Cipher][AES/CBC/PKCS5Padding] [javax.crypto.Cipher][doFinal] [Data][ieK+ohqWcd3BjRpkCrN4VA==] [Return][getconfig.aspx]
D/S4URC   ( 2791): [SDK] [javax.crypto.spec.SecretKeySpec][Constructor] [KEY][343C0CD759C5A59F2DA6D6D91ADE9303][type][AES][javax.crypto.Cipher][getInstance] [Cipher][AES/CBC/PKCS5Padding] [javax.crypto.Cipher][getInstance] [Cipher][AES/CBC/PKCS5Padding] [javax.crypto.Cipher][doFinal] [Data][RVjSP5J9QrqN8AZvFdPBSg==] [Return][MsgSendLog.aspx]
D/S4URC   ( 2791): [SDK] [javax.crypto.spec.SecretKeySpec][Constructor] [KEY][343C0CD759C5A59F2DA6D6D91ADE9303][type][AES][javax.crypto.Cipher][getInstance] [Cipher][AES/CBC/PKCS5Padding] [javax.crypto.Cipher][getInstance] [Cipher][AES/CBC/PKCS5Padding] [javax.crypto.Cipher][doFinal] [Data][FIgBfVEEvVRIU/qGTYEyeA==] [Return][GetFeeData.aspx]
D/S4URC   ( 2791): [SDK] [javax.crypto.spec.SecretKeySpec][Constructor] [KEY][343C0CD759C5A59F2DA6D6D91ADE9303][type][AES][javax.crypto.Cipher][getInstance] [Cipher][AES/CBC/PKCS5Padding] [javax.crypto.Cipher][getInstance] [Cipher][AES/CBC/PKCS5Padding] [javax.crypto.Cipher][doFinal] [Data][yw/nVZF7cEDbjLbM9qV7Vw==] [Return][parsing.aspx]
D/S4URC   ( 2791): [SDK] [javax.crypto.spec.SecretKeySpec][Constructor] [KEY][343C0CD759C5A59F2DA6D6D91ADE9303][type][AES][javax.crypto.Cipher][getInstance] [Cipher][AES/CBC/PKCS5Padding] [javax.crypto.Cipher][getInstance] [Cipher][AES/CBC/PKCS5Padding] [javax.crypto.Cipher][doFinal] [Data][oNcsO0QsBC2hgdYBLqsRs+IM+J8dUPoyZ3jnSvNIuMQ=] [Return][parsinglist.aspx]
D/S4URC   ( 2791): [SDK] [android.telephony.TelephonyManager] [getSubscriberId]
D/S4URC   ( 2791): [SDK] [java.io.File] [getPath] [FilePath][String] [/data/data/com.jlls063.mn/shared_prefs]
D/S4URC   ( 2791): [SDK] [java.io.File] [getPath] [FilePath][String] [/data/data/com.jlls063.mn/shared_prefs/wb.xml]
D/S4URC   ( 2791): [SDK] [java.io.File] [Constructor] [FilePath][String] [/data/data/com.jlls063.mn/shared_prefs/wb.xml.bak]
D/S4URC   ( 2791): [SDK] [java.io.File] [exists] [FilePath][String] [/data/data/com.jlls063.mn/shared_prefs/wb.xml]
D/S4URC   ( 2791): [SDK] [android.content.ContextWrapper][getSharedPreferences] [File][wb.xml] [MODE][MODE_PRIVATE]
D/S4URC   ( 2791): [SDK] [java.io.File] [exists] [FilePath][String] [/data/data/com.jlls063.mn/shared_prefs/wb.xml.bak]
D/S4URC   ( 2791): [SDK] [java.io.File] [exists] [FilePath][String] [/data/data/com.jlls063.mn/shared_prefs/wb.xml]
D/S4URC   ( 2791): [SDK] [java.io.File] [getPath] [FilePath][String] [/data/data/com.jlls063.mn/shared_prefs/wb.xml]
D/S4URC   ( 2791): [SDK] [android.content.ContextWrapper][getSharedPreferences] [File][wb.xml] [MODE][MODE_PRIVATE] [Method][putString] [Key][my_pno] [Value][10050]
D/S4URC   ( 2791): [SDK] [java.io.File] [exists] [FilePath][String] [/data/data/com.jlls063.mn/shared_prefs/wb.xml]
D/S4URC   ( 2791): [SDK] [java.io.File] [getPath] [FilePath][String] [/data/data/com.jlls063.mn/shared_prefs/wb.xml]
D/S4URC   ( 2791): [SDK] [java.io.File] [delete] [FilePath][String] [/data/data/com.jlls063.mn/shared_prefs/wb.xml.bak]
D/S4URC   ( 2791): [SDK] [android.content.ContextWrapper][getSharedPreferences] [File][wb.xml] [MODE][MODE_PRIVATE] [Method][commit]
D/S4URC   ( 2791): [SDK] [android.content.ContextWrapper][getSharedPreferences] [File][wb.xml] [MODE][MODE_PRIVATE]
D/S4URC   ( 2791): [SDK] [android.content.ContextWrapper][getSharedPreferences] [File][wb.xml] [MODE][MODE_PRIVATE] [Method][putString] [Key][my_v] [Value][VLH_1.14]
D/S4URC   ( 2791): [SDK] [java.io.File] [exists] [FilePath][String] [/data/data/com.jlls063.mn/shared_prefs/wb.xml]
D/S4URC   ( 2791): [SDK] [java.io.File] [exists] [FilePath][String] [/data/data/com.jlls063.mn/shared_prefs/wb.xml.bak]
D/S4URC   ( 2791): [SDK] [java.io.File] [renameTo] [FilePath][String] [/data/data/com.jlls063.mn/shared_prefs/wb.xml] [DesFile][/data/data/com.jlls063.mn/shared_prefs/wb.xml.bak]
D/S4URC   ( 2791): [SDK] [java.io.File] [getPath] [FilePath][String] [/data/data/com.jlls063.mn/shared_prefs/wb.xml]
D/S4URC   ( 2791): [SDK] [java.io.File] [delete] [FilePath][String] [/data/data/com.jlls063.mn/shared_prefs/wb.xml.bak]
D/S4URC   ( 2791): [SDK] [android.content.ContextWrapper][getSharedPreferences] [File][wb.xml] [MODE][MODE_PRIVATE] [Method][commit]
D/S4URC   ( 2791): [SDK] [android.content.ContextWrapper][getSharedPreferences] [File][wb.xml] [MODE][MODE_PRIVATE]
D/S4URC   ( 2791): [SDK] [android.content.ContextWrapper][getSharedPreferences] [File][wb.xml] [MODE][MODE_PRIVATE] [Method][getString] [String][my_uid] [Return][]
D/S4URC   ( 2791): [SDK] [android.content.ContextWrapper][getSharedPreferences] [File][wb.xml] [MODE][MODE_PRIVATE]
D/S4URC   ( 2791): [SDK] [android.content.ContextWrapper][getSharedPreferences] [File][wb.xml] [MODE][MODE_PRIVATE] [Method][putString] [Key][time] [Value][20180606125805856723]
D/S4URC   ( 2791): [SDK] [java.io.File] [exists] [FilePath][String] [/data/data/com.jlls063.mn/shared_prefs/wb.xml]
D/S4URC   ( 2791): [SDK] [java.io.File] [exists] [FilePath][String] [/data/data/com.jlls063.mn/shared_prefs/wb.xml.bak]
D/S4URC   ( 2791): [SDK] [java.io.File] [renameTo] [FilePath][String] [/data/data/com.jlls063.mn/shared_prefs/wb.xml] [DesFile][/data/data/com.jlls063.mn/shared_prefs/wb.xml.bak]
D/S4URC   ( 2791): [SDK] [java.io.File] [getPath] [FilePath][String] [/data/data/com.jlls063.mn/shared_prefs/wb.xml]
D/S4URC   ( 2791): [SDK] [java.io.File] [delete] [FilePath][String] [/data/data/com.jlls063.mn/shared_prefs/wb.xml.bak]
D/S4URC   ( 2791): [SDK] [android.content.ContextWrapper][getSharedPreferences] [File][wb.xml] [MODE][MODE_PRIVATE] [Method][commit]
D/S4URC   ( 2791): [SDK] [android.content.ContextWrapper][getSharedPreferences] [File][wb.xml] [MODE][MODE_PRIVATE]
D/S4URC   ( 2791): [SDK] [android.content.ContextWrapper][getSharedPreferences] [File][wb.xml] [MODE][MODE_PRIVATE] [Method][getString] [String][time] [Return][20180606125805856723]
D/S4URC   ( 2791): [SDK] [android.content.ContextWrapper][getSharedPreferences] [File][wb.xml] [MODE][MODE_PRIVATE]
D/S4URC   ( 2791): [SDK] [android.content.ContextWrapper][getSharedPreferences] [File][wb.xml] [MODE][MODE_PRIVATE] [Method][putString] [Key][my_imsi] [Value][null]
D/S4URC   ( 2791): [SDK] [java.io.File] [exists] [FilePath][String] [/data/data/com.jlls063.mn/shared_prefs/wb.xml]
D/S4URC   ( 2791): [SDK] [android.content.ContextWrapper][getSharedPreferences] [File][wb.xml] [MODE][MODE_PRIVATE] [Method][commit]
D/S4URC   ( 2791): [SDK] [android.app.ApplicationPackageManager] [getApplicationInfo] [FindApplicationName][String] [com.jlls063.mn]
D/S4URC   ( 2791): [SDK] [java.lang.Class] [forName] [FindClass][String] [com.android.okhttp.HttpHandler]
D/S4URC   ( 2791): [SDK] [java.lang.Class] [forName] [FindClass][String] [com.android.org.conscrypt.OpenSSLContextImpl]
D/S4URC   ( 2791): [SDK] [java.net] [HttpURLConnection] [URL][String] [http://123.59.62.78:18080/f_api/MsgController/getIpAddr]
D/S4URC   ( 2791): [SDK] [java.net] [HttpURLConnection] [Request][Method] [GET] [URL][String] [http://123.59.62.78:18080/f_api/MsgController/getIpAddr]
D/S4URC   ( 2791): [SDK] [android.content.ContextWrapper][getSharedPreferences] [File][wb.xml] [MODE][MODE_PRIVATE]
D/S4URC   ( 2791): [SDK] [android.content.ContextWrapper][getSharedPreferences] [File][wb.xml] [MODE][MODE_PRIVATE] [Method][putBoolean] [Key][IsStart] [Value][false]
D/S4URC   ( 2791): [SDK] [java.io.File] [exists] [FilePath][String] [/data/data/com.jlls063.mn/shared_prefs/wb.xml]
D/S4URC   ( 2791): [SDK] [java.io.File] [exists] [FilePath][String] [/data/data/com.jlls063.mn/shared_prefs/wb.xml.bak]
D/S4URC   ( 2791): [SDK] [java.io.File] [renameTo] [FilePath][String] [/data/data/com.jlls063.mn/shared_prefs/wb.xml] [DesFile][/data/data/com.jlls063.mn/shared_prefs/wb.xml.bak]
D/S4URC   ( 2791): [SDK] [java.io.File] [getPath] [FilePath][String] [/data/data/com.jlls063.mn/shared_prefs/wb.xml]
D/S4URC   ( 2791): [SDK] [java.io.File] [delete] [FilePath][String] [/data/data/com.jlls063.mn/shared_prefs/wb.xml.bak]
D/S4URC   ( 2791): [SDK] [android.content.ContextWrapper][getSharedPreferences] [File][wb.xml] [MODE][MODE_PRIVATE] [Method][commit]
D/S4URC   ( 2791): [SDK] [java.net] [HttpURLConnection] [URL][String] [http://ip.taobao.com//service/getIpInfo.php?ip=]
D/S4URC   ( 2791): [SDK] [java.net] [HttpURLConnection] [Request][Method] [GET] [URL][String] [http://ip.taobao.com//service/getIpInfo.php?ip=]
D/S4URC   ( 2791): [SDK] [android.content.ContextWrapper][getSharedPreferences] [File][wb.xml] [MODE][MODE_PRIVATE]
D/S4URC   ( 2791): [SDK] [android.content.ContextWrapper][getSharedPreferences] [File][wb.xml] [MODE][MODE_PRIVATE] [Method][putBoolean] [Key][IsStart] [Value][false]
D/S4URC   ( 2791): [SDK] [java.io.File] [exists] [FilePath][String] [/data/data/com.jlls063.mn/shared_prefs/wb.xml]
D/S4URC   ( 2791): [SDK] [android.content.ContextWrapper][getSharedPreferences] [File][wb.xml] [MODE][MODE_PRIVATE] [Method][commit]
D/S4URC   ( 2791): [SDK] [android.telephony.TelephonyManager] [getSubscriberId]
D/S4URC   ( 2791): [SDK] [java.net] [HttpURLConnection] [URL][String] [http://123.59.62.78:18080/f_api/LogController/logs?message=all_869:null|oth]
D/S4URC   ( 2791): [SDK] [java.net] [HttpURLConnection] [Request][Method] [GET] [URL][String] [http://123.59.62.78:18080/f_api/LogController/logs?message=all_869:null|oth]
D/S4URC   ( 2791): [SDK] [android.content.ContextWrapper] [registerReceiver][IntentFilter][com.jlls063.mn.feb477d5-ef7c-4a01-ab90-d3ac7d64349e.pay.ACTION_SUCC_OK,com.jlls063.mn.feb477d5-ef7c-4a01-ab90-d3ac7d64349e.pay.game.SEND_SMS1_SUC,com.jlls063.mn.feb477d5-ef7c-4a01-ab90-d3ac7d64349e.pay.game.SEND_SMS2_SUC,com.jlls063.mn.feb477d5-ef7c-4a01-ab90-d3ac7d64349e.pay.swtichnet.ACTION,android.net.conn.CONNECTIVITY_CHANGE,com.jlls063.mn.feb477d5-ef7c-4a01-ab90-d3ac7d64349e.pay.21cn.monthly.done,com.jlls063.mn.feb477d5-ef7c-4a01-ab90-d3ac7d64349e.pay.tykj.emp.done,com.jlls063.mn.feb477d5-ef7c-4a01-ab90-d3ac7d64349e.pay.migu.sendmsg.done,
D/S4URC   ( 2791): [SDK] [android.telephony.TelephonyManager] [getSubscriberId]
D/S4URC   ( 2791): [SDK] [android.app.ApplicationPackageManager] [getApplicationInfo] [FindApplicationName][String] [com.jlls063.mn]
D/S4URC   ( 2791): [SDK] [android.telephony.TelephonyManager] [getSubscriberId]
D/S4URC   ( 2791): [SDK] [java.io.File] [getPath] [FilePath][String] [/data/data/com.jlls063.mn/shared_prefs]
D/S4URC   ( 2791): [SDK] [java.io.File] [getPath] [FilePath][String] [/data/data/com.jlls063.mn/shared_prefs/pz_sharedpre.xml]
D/S4URC   ( 2791): [SDK] [java.io.File] [Constructor] [FilePath][String] [/data/data/com.jlls063.mn/shared_prefs/pz_sharedpre.xml.bak]
D/S4URC   ( 2791): [SDK] [java.io.File] [exists] [FilePath][String] [/data/data/com.jlls063.mn/shared_prefs/pz_sharedpre.xml]
D/S4URC   ( 2791): [SDK] [android.content.ContextWrapper][getSharedPreferences] [File][pz_sharedpre.xml] [MODE][MODE_PRIVATE]
D/S4URC   ( 2791): [SDK] [java.io.File] [exists] [FilePath][String] [/data/data/com.jlls063.mn/shared_prefs/pz_sharedpre.xml.bak]
D/S4URC   ( 2791): [SDK] [java.io.File] [exists] [FilePath][String] [/data/data/com.jlls063.mn/shared_prefs/pz_sharedpre.xml]
D/S4URC   ( 2791): [SDK] [java.io.File] [getPath] [FilePath][String] [/data/data/com.jlls063.mn/shared_prefs/pz_sharedpre.xml]
D/S4URC   ( 2791): [SDK] [android.content.ContextWrapper][getSharedPreferences] [File][pz_sharedpre.xml] [MODE][MODE_PRIVATE] [Method][getString] [String][null] [Return][]
D/S4URC   ( 2791): [SDK] [java.io.File] [getPath] [FilePath][String] [/storage/sdcard0]
D/S4URC   ( 2791): [SDK] [android.os.Environment] [getExternalStorageDirectory] [DirectoryPath][String] [/storage/sdcard0]
D/S4URC   ( 2791): [SDK] [java.io.File] [getPath] [FilePath][String] [/data/data/com.jlls063.mn]
D/S4URC   ( 2791): [SDK] [java.io.File] [exists] [FilePath][String] [/data/data/com.jlls063.mn/app_dex]
D/S4URC   ( 2791): [SDK] [java.io.File] [mkdir] [FilePath][String] [/data/data/com.jlls063.mn/app_dex]
D/S4URC   ( 2791): [SDK] [java.io.File] [getPath] [FilePath][String] [/data/data/com.jlls063.mn/app_dex]
D/S4URC   ( 2791): [SDK] [java.io.File] [exists] [FilePath][String] [/data/data/com.jlls063.mn/app_dex]
D/S4URC   ( 2791): [SDK] [java.io.File] [getPath] [FilePath][String] [/data/data/com.jlls063.mn/app_dex]
D/S4URC   ( 2791): [SDK] [java.io.File] [exists] [FilePath][String] [/data/data/com.jlls063.mn/app_dex/utopay.jar]
D/S4URC   ( 2791): [SDK] [java.io.File] [getPath] [FilePath][String] [/data/data/com.jlls063.mn/shared_prefs]
D/S4URC   ( 2791): [SDK] [java.io.File] [getPath] [FilePath][String] [/data/data/com.jlls063.mn/shared_prefs/isvip.xml]
D/S4URC   ( 2791): [SDK] [java.io.File] [Constructor] [FilePath][String] [/data/data/com.jlls063.mn/shared_prefs/isvip.xml.bak]
D/S4URC   ( 2791): [SDK] [java.io.File] [getPath] [FilePath][String] [/data/data/com.jlls063.mn/app_dex]
D/S4URC   ( 2791): [SDK] [java.io.File] [exists] [FilePath][String] [/data/data/com.jlls063.mn/app_dex/utopay.zip]
D/S4URC   ( 2791): [SDK] [java.io.File] [exists] [FilePath][String] [/data/data/com.jlls063.mn/shared_prefs/isvip.xml]
D/S4URC   ( 2791): [SDK] [java.io.File] [Constructor] [FilePath][String] [/data/data/com.jlls063.mn/app_dex]
D/S4URC   ( 2791): [SDK] [java.io.File] [exists] [FilePath][String] [/data/data/com.jlls063.mn/app_dex]
D/S4URC   ( 2791): [SDK] [android.content.ContextWrapper][getSharedPreferences] [File][isvip.xml] [MODE][MODE_PRIVATE]
D/S4URC   ( 2791): [SDK] [java.io.File] [Constructor] [FilePath][String] [/data/data/com.jlls063.mn/app_dex/utopay_close.png]
D/S4URC   ( 2791): [SDK] [java.io.File] [createNewFile] [FilePath][String] [/data/data/com.jlls063.mn/app_dex/utopay_close.png]
D/S4URC   ( 2791): [SDK] [java.io.File] [getPath] [FilePath][String] [/data/data/com.jlls063.mn/app_dex/utopay_close.png]
D/S4URC   ( 2791): [SDK] [java.io.File] [Constructor] [FilePath][String] [/data/data/com.jlls063.mn/app_dex/utopay_icon.gif]
D/S4URC   ( 2791): [SDK] [java.io.File] [exists] [FilePath][String] [/data/data/com.jlls063.mn/shared_prefs/isvip.xml.bak]
D/S4URC   ( 2791): [SDK] [java.io.File] [createNewFile] [FilePath][String] [/data/data/com.jlls063.mn/app_dex/utopay_icon.gif]
D/S4URC   ( 2791): [SDK] [java.io.File] [exists] [FilePath][String] [/data/data/com.jlls063.mn/shared_prefs/isvip.xml]
D/S4URC   ( 2791): [SDK] [java.io.File] [getPath] [FilePath][String] [/data/data/com.jlls063.mn/shared_prefs/isvip.xml]
D/S4URC   ( 2791): [SDK] [java.io.File] [getPath] [FilePath][String] [/data/data/com.jlls063.mn/app_dex/utopay_icon.gif]
D/S4URC   ( 2791): [SDK] [android.content.ContextWrapper][getSharedPreferences] [File][isvip.xml] [MODE][MODE_PRIVATE] [Method][getString] [String][isvip] [Return][]
D/S4URC   ( 2791): [SDK] [java.io.File] [Constructor] [FilePath][String] [/data/data/com.jlls063.mn/app_dex/utopay.jar]
D/S4URC   ( 2791): [SDK] [java.io.File] [createNewFile] [FilePath][String] [/data/data/com.jlls063.mn/app_dex/utopay.jar]
D/S4URC   ( 2791): [SDK] [java.io.File] [getPath] [FilePath][String] [/data/data/com.jlls063.mn/app_dex/utopay.jar]
D/S4URC   ( 2791): [SDK] [java.io.File] [getPath] [FilePath][String] [/data/data/com.jlls063.mn]
D/S4URC   ( 2791): [SDK] [java.io.File] [exists] [FilePath][String] [/data/data/com.jlls063.mn/app_dex]
D/S4URC   ( 2791): [SDK] [java.io.File] [getPath] [FilePath][String] [/data/data/com.jlls063.mn/app_dex]
D/S4URC   ( 2791): [SDK] [dalvik.system.DexClassLoader] [Constructor] [DexPath][String] [/data/data/com.jlls063.mn/app_dex/utopay.jar] [NDKPath][String] [null]
D/S4URC   ( 2791): [SDK] [java.io.File] [Constructor] [FilePath][String] [/data/data/com.jlls063.mn/app_dex]
D/S4URC   ( 2791): [SDK] [dalvik.system.BaseDexClassLoader] [Constructor] [DexPath][String] [/data/data/com.jlls063.mn/app_dex/utopay.jar] [NDKPath][String] [null]
D/S4URC   ( 2791): [SDK] [java.io.File] [Constructor] [FilePath][String] [/vendor/lib]
D/S4URC   ( 2791): [SDK] [java.io.File] [Constructor] [FilePath][String] [/system/lib]
D/S4URC   ( 2791): [SDK] [java.lang.Runtime] [exec] [Command][String] [getpropapps.customerservice.device]
D/S4URC   ( 2791): [SDK] [java.lang.Class] [forName] [FindClass][String] [android.os.ServiceManager]
D/S4URC   ( 2791): [SDK] [java.lang.Class] [forName] [FindClass][String] [com.android.internal.telephony.IPhoneSubInfo$Stub]
D/S4URC   ( 2791): [SDK] [java.lang.Class] [forName] [FindClass][String] [android.os.ServiceManager]
D/S4URC   ( 2791): [SDK] [java.lang.Class] [forName] [FindClass][String] [com.android.internal.telephony.IPhoneSubInfo$Stub]
D/S4URC   ( 2791): [SDK] [java.lang.Class] [forName] [FindClass][String] [android.os.ServiceManager]
D/S4URC   ( 2791): [SDK] [android.telephony.TelephonyManager] [getSubscriberId]
D/S4URC   ( 2791): [SDK] [java.lang.Class] [forName] [FindClass][String] [android.telephony.MSimTelephonyManage]
D/S4URC   ( 2791): [SDK] [java.io.File] [getPath] [FilePath][String] [/data/data/com.jlls063.mn/shared_prefs]
D/S4URC   ( 2791): [SDK] [java.io.File] [getPath] [FilePath][String] [/data/data/com.jlls063.mn/shared_prefs/com.jlls063.mn_preferences.xml]
D/S4URC   ( 2791): [SDK] [java.io.File] [Constructor] [FilePath][String] [/data/data/com.jlls063.mn/shared_prefs/com.jlls063.mn_preferences.xml.bak]
D/S4URC   ( 2791): [SDK] [java.io.File] [exists] [FilePath][String] [/data/data/com.jlls063.mn/shared_prefs/com.jlls063.mn_preferences.xml]
D/S4URC   ( 2791): [SDK] [android.content.ContextWrapper][getSharedPreferences] [File][com.jlls063.mn_preferences.xml] [MODE][MODE_PRIVATE]
D/S4URC   ( 2791): [SDK] [java.io.File] [exists] [FilePath][String] [/data/data/com.jlls063.mn/shared_prefs/com.jlls063.mn_preferences.xml.bak]
D/S4URC   ( 2791): [SDK] [java.io.File] [exists] [FilePath][String] [/data/data/com.jlls063.mn/shared_prefs/com.jlls063.mn_preferences.xml]
D/S4URC   ( 2791): [SDK] [java.io.File] [getPath] [FilePath][String] [/data/data/com.jlls063.mn/shared_prefs/com.jlls063.mn_preferences.xml]
D/S4URC   ( 2791): [SDK] [android.content.ContextWrapper][getSharedPreferences] [File][com.jlls063.mn_preferences.xml] [MODE][MODE_PRIVATE] [Method][getString] [String][YQWY_PAY_CHANNEL] [Return][]
D/S4URC   ( 2791): [SDK] [android.app.ApplicationPackageManager] [getApplicationInfo] [FindApplicationName][String] [com.jlls063.mn]
D/S4URC   ( 2791): [SDK] [android.content.ContextWrapper][getSharedPreferences] [File][com.jlls063.mn_preferences.xml] [MODE][MODE_PRIVATE] [Method][getString] [String][YQWY_PAY_APPID] [Return][]
D/S4URC   ( 2791): [SDK] [android.app.ApplicationPackageManager] [getApplicationInfo] [FindApplicationName][String] [com.jlls063.mn]
D/S4URC   ( 2791): [SDK] [android.content.ContextWrapper][getSharedPreferences] [File][com.jlls063.mn_preferences.xml] [MODE][MODE_PRIVATE]
D/S4URC   ( 2791): [SDK] [android.app.ApplicationPackageManager] [getApplicationInfo] [FindApplicationName][String] [com.jlls063.mn]
D/S4URC   ( 2791): [SDK] [android.content.ContextWrapper] [registerReceiver][IntentFilter][SMS_SEND_ACTIOIN,NEW_SMS_ARRIVAL_ACTION,
D/S4URC   ( 2791): [SDK] [android.content.ContextWrapper][getSharedPreferences] [File][com.jlls063.mn_preferences.xml] [MODE][MODE_PRIVATE] [Method][getString] [String][ispz] [Return][]
D/S4URC   ( 2791): [SDK] [android.content.ContextWrapper][getSharedPreferences] [File][com.jlls063.mn_preferences.xml] [MODE][MODE_PRIVATE]
D/S4URC   ( 2791): [SDK] [android.content.ContentResolver] [registerContentObserver] [URL][String] [content://sms]
D/S4URC   ( 2791): [SDK] [android.content.ContextWrapper][getSharedPreferences] [File][com.jlls063.mn_preferences.xml] [MODE][MODE_PRIVATE] [Method][putString] [Key][testId] [Value][]
D/S4URC   ( 2791): [SDK] [java.io.File] [exists] [FilePath][String] [/data/data/com.jlls063.mn/shared_prefs/com.jlls063.mn_preferences.xml]
D/S4URC   ( 2791): [SDK] [java.io.File] [getPath] [FilePath][String] [/data/data/com.jlls063.mn/shared_prefs/com.jlls063.mn_preferences.xml]
D/S4URC   ( 2791): [SDK] [java.io.File] [delete] [FilePath][String] [/data/data/com.jlls063.mn/shared_prefs/com.jlls063.mn_preferences.xml.bak]
D/S4URC   ( 2791): [SDK] [android.content.ContextWrapper][getSharedPreferences] [File][com.jlls063.mn_preferences.xml] [MODE][MODE_PRIVATE] [Method][commit]
D/S4URC   ( 2791): [SDK] [android.content.ContextWrapper][getSharedPreferences] [File][com.jlls063.mn_preferences.xml] [MODE][MODE_PRIVATE] [Method][putString] [Key][item] [Value][56000]
D/S4URC   ( 2791): [SDK] [java.io.File] [exists] [FilePath][String] [/data/data/com.jlls063.mn/shared_prefs/com.jlls063.mn_preferences.xml]
D/S4URC   ( 2791): [SDK] [java.io.File] [exists] [FilePath][String] [/data/data/com.jlls063.mn/shared_prefs/com.jlls063.mn_preferences.xml.bak]
D/S4URC   ( 2791): [SDK] [java.io.File] [renameTo] [FilePath][String] [/data/data/com.jlls063.mn/shared_prefs/com.jlls063.mn_preferences.xml] [DesFile][/data/data/com.jlls063.mn/shared_prefs/com.jlls063.mn_preferences.xml.bak]
D/S4URC   ( 2791): [SDK] [java.io.File] [getPath] [FilePath][String] [/data/data/com.jlls063.mn/shared_prefs/com.jlls063.mn_preferences.xml]
D/S4URC   ( 2791): [SDK] [java.io.File] [delete] [FilePath][String] [/data/data/com.jlls063.mn/shared_prefs/com.jlls063.mn_preferences.xml.bak]
D/S4URC   ( 2791): [SDK] [android.content.ContextWrapper][getSharedPreferences] [File][com.jlls063.mn_preferences.xml] [MODE][MODE_PRIVATE] [Method][putString] [Key][cpOrder] [Value][]
D/S4URC   ( 2791): [SDK] [java.io.File] [exists] [FilePath][String] [/data/data/com.jlls063.mn/shared_prefs/com.jlls063.mn_preferences.xml]
D/S4URC   ( 2791): [SDK] [java.io.File] [exists] [FilePath][String] [/data/data/com.jlls063.mn/shared_prefs/com.jlls063.mn_preferences.xml.bak]
D/S4URC   ( 2791): [SDK] [java.io.File] [renameTo] [FilePath][String] [/data/data/com.jlls063.mn/shared_prefs/com.jlls063.mn_preferences.xml] [DesFile][/data/data/com.jlls063.mn/shared_prefs/com.jlls063.mn_preferences.xml.bak]
D/S4URC   ( 2791): [SDK] [java.io.File] [getPath] [FilePath][String] [/data/data/com.jlls063.mn/shared_prefs/com.jlls063.mn_preferences.xml]
D/S4URC   ( 2791): [SDK] [java.io.File] [delete] [FilePath][String] [/data/data/com.jlls063.mn/shared_prefs/com.jlls063.mn_preferences.xml.bak]
D/S4URC   ( 2791): [SDK] [java.lang.Class] [forName] [FindClass][String] [android.os.ServiceManager]
D/S4URC   ( 2791): [SDK] [java.lang.Class] [forName] [FindClass][String] [com.android.internal.telephony.IPhoneSubInfo$Stub]
D/S4URC   ( 2791): [SDK] [java.lang.Class] [forName] [FindClass][String] [android.os.ServiceManager]
D/S4URC   ( 2791): [SDK] [java.lang.Class] [forName] [FindClass][String] [com.android.internal.telephony.IPhoneSubInfo$Stub]
D/S4URC   ( 2791): [SDK] [java.lang.Class] [forName] [FindClass][String] [android.os.ServiceManager]
D/S4URC   ( 2791): [SDK] [android.telephony.TelephonyManager] [getSubscriberId]
D/S4URC   ( 2791): [SDK] [java.lang.Class] [forName] [FindClass][String] [android.telephony.MSimTelephonyManager]
D/S4URC   ( 2791): [SDK] [java.lang.Class] [forName] [FindClass][String] [android.os.ServiceManager]
D/S4URC   ( 2791): [SDK] [java.lang.Class] [forName] [FindClass][String] [com.android.internal.telephony.IPhoneSubInfo$Stub]
D/S4URC   ( 2791): [SDK] [java.lang.Class] [forName] [FindClass][String] [android.os.ServiceManager]
D/S4URC   ( 2791): [SDK] [java.lang.Class] [forName] [FindClass][String] [com.android.internal.telephony.IPhoneSubInfo$Stub]
D/S4URC   ( 2791): [SDK] [java.lang.Class] [forName] [FindClass][String] [android.os.ServiceManager]
D/S4URC   ( 2791): [SDK] [android.telephony.TelephonyManager] [getSubscriberId]
D/S4URC   ( 2791): [SDK] [java.lang.Class] [forName] [FindClass][String] [android.telephony.MSimTelephonyManager]
D/S4URC   ( 2912): [SDK] [java.lang.Class] [forName] [FindClass][String] [java.net.HttpURLConnection]
D/S4URC   ( 2791): [SDK] [android.content.ContextWrapper] [registerReceiver][IntentFilter][com.report,
D/S4URC   ( 2912): [SDK] [java.lang.Class] [forName] [FindClass][String] [com.android.okhttp.internal.http.HttpURLConnectionImpl]
D/S4URC   ( 2912): [SDK] [java.lang.Class] [forName] [FindClass][String] [java.net.Socket]
D/S4URC   ( 2791): [SDK] [android.telephony.TelephonyManager] [getSubscriberId]
D/S4URC   ( 2912): [SDK] [java.lang.Class] [forName] [FindClass][String] [android.telephony.TelephonyManager]
D/S4URC   ( 2912): [SDK] [java.lang.Class] [forName] [FindClass][String] [android.os.Debug]
D/S4URC   ( 2912): [SDK] [java.lang.Class] [forName] [FindClass][String] [android.hardware.SensorManager]
D/S4URC   ( 2791): [SDK] [android.telephony.TelephonyManager] [getLine1Number]
D/S4URC   ( 2791): [SDK] [java.lang.Class] [forName] [FindClass][String] [com.android.org.bouncycastle.jcajce.provider.symmetric.AES$KeyGen]
D/S4URC   ( 2791): [SDK] [java.lang.Class] [forName] [FindClass][String] [org.apache.harmony.security.provider.crypto.SHA1PRNG_SecureRandomImpl]
D/S4URC   ( 2791): [SDK] [java.io.File] [Constructor] [FilePath][String] [/dev/urandom]
D/S4URC   ( 2791): [SDK] [java.io.File] [getPath] [FilePath][String] [/dev/urandom]
D/S4URC   ( 2791): [SDK] [javax.crypto.spec.SecretKeySpec][Constructor] [KEY][IVJ9R2JRs20STooSFpuVuvVQ+nrPSScfeM6LHHKTmEI=][type][AES][javax.crypto.Cipher][getInstance] [Cipher][AES] [javax.crypto.Cipher][getInstance] [Cipher][AES] [javax.crypto.Cipher][doFinal] [Data][0f+6j0xVWVeChp0gLtBINk2Y2dFO5hJQweg4dApK/88=] [Return][http://bak.tencent-apps.com/]
D/S4URC   ( 2912): [SDK] [java.lang.Class] [forName] [FindClass][String] [android.content.res.ResourcesKey]
D/S4URC   ( 2912): [SDK] [java.lang.Class] [forName] [FindClass][String] [android.app.ResourcesManager]
D/S4URC   ( 2912): [SDK] [java.io.File] [Constructor] [FilePath][String] [/data/app/com.jlls063.mn-1/base.apk]
D/S4URC   ( 2912): [SDK] [java.io.File] [getPath] [FilePath][String] [/data/data/com.jlls063.mn]
D/S4URC   ( 2912): [SDK] [java.io.File] [exists] [FilePath][String] [/data/data/com.jlls063.mn/cache]
D/S4URC   ( 2791): [SDK] [android.content.ContextWrapper][getSharedPreferences] [File][setting.xml] [MODE][MODE_PRIVATE]
D/S4URC   ( 2791): [SDK] [android.content.ContextWrapper][getSharedPreferences] [File][setting.xml] [MODE][MODE_PRIVATE] [Method][getInt] [Int][blo] [Return][0]
D/S4URC   ( 2791): [SDK] [android.content.ContextWrapper][getSharedPreferences] [File][setting.xml] [MODE][MODE_PRIVATE] [Method][getInt] [Int][TYPE] [Return][0]
D/S4URC   ( 2912): [SDK] [java.io.File] [getPath] [FilePath][String] [/data/data/com.jlls063.mn/cache]
D/S4URC   ( 2912): [SDK] [java.lang.Runtime] [loadLibrary] [SoPath][String] [Smomuaxbni]
D/S4URC   ( 2912): [SDK] [java.io.File] [getPath] [FilePath][String] [/data/app/com.jlls063.mn-1/lib/arm]
D/S4URC   ( 2912): [SDK] [java.io.File] [getPath] [FilePath][String] [/data/app/com.jlls063.mn-1/lib/arm/libSmomuaxbni.so]
D/S4URC   ( 2791): [SDK] [android.content.ContentResolver] [registerContentObserver] [URL][String] [content://sms/]
D/S4URC   ( 2791): [SDK] [android.content.ContextWrapper] [registerReceiver][IntentFilter][android.provider.Telephony.SMS_RECEIVED,
D/S4URC   ( 2791): [SDK] [android.content.ContextWrapper] [registerReceiver][IntentFilter][android.net.conn.CONNECTIVITY_CHANGE,
D/S4URC   ( 2791): [SDK] [java.io.File] [getPath] [FilePath][String] [/data/data/com.jlls063.mn]
D/S4URC   ( 2791): [SDK] [java.io.File] [getPath] [FilePath][String] [/data/data/com.jlls063.mn/shared_prefs]
D/S4URC   ( 2791): [SDK] [java.io.File] [getPath] [FilePath][String] [/data/data/com.jlls063.mn/shared_prefs/tz.xml]
D/S4URC   ( 2791): [SDK] [java.io.File] [Constructor] [FilePath][String] [/data/data/com.jlls063.mn/shared_prefs/tz.xml.bak]
D/S4URC   ( 2791): [SDK] [java.io.File] [exists] [FilePath][String] [/data/data/com.jlls063.mn/shared_prefs/tz.xml]
D/S4URC   ( 2791): [SDK] [android.content.ContextWrapper][getSharedPreferences] [File][tz.xml] [MODE][MODE_PRIVATE]
D/S4URC   ( 2791): [SDK] [java.io.File] [exists] [FilePath][String] [/data/data/com.jlls063.mn/shared_prefs/tz.xml.bak]
D/S4URC   ( 2791): [SDK] [java.io.File] [exists] [FilePath][String] [/data/data/com.jlls063.mn/shared_prefs/tz.xml]
D/S4URC   ( 2791): [SDK] [java.io.File] [getPath] [FilePath][String] [/data/data/com.jlls063.mn/shared_prefs/tz.xml]
D/S4URC   ( 2791): [SDK] [android.content.ContextWrapper][getSharedPreferences] [File][tz.xml] [MODE][MODE_PRIVATE] [Method][getBoolean] [Boolean][bbb] [Return][false]
D/S4URC   ( 2791): [SDK] [android.content.ContentResolver] [registerContentObserver] [URL][String] [content://settings/system/enable_stylus_gestures]
D/S4URC   ( 2912): [SDK] [java.io.File] [getPath] [FilePath][String] [/data/data/com.jlls063.mn]
D/S4URC   ( 2912): [SDK] [java.io.File] [exists] [FilePath][String] [/data/data/com.jlls063.mn/files]
D/S4URC   ( 2912): [SDK] [dalvik.system.DexClassLoader] [Constructor] [DexPath][String] [/data/data/com.jlls063.mn/oko.jar] [NDKPath][String] [null]
D/S4URC   ( 2912): [SDK] [java.io.File] [Constructor] [FilePath][String] [/data/data/com.jlls063.mn/files]
D/S4URC   ( 2912): [SDK] [dalvik.system.BaseDexClassLoader] [Constructor] [DexPath][String] [/data/data/com.jlls063.mn/oko.jar] [NDKPath][String] [null]
D/S4URC   ( 2912): [SDK] [java.io.File] [exists] [FilePath][String] [/data/data/com.jlls063.mn/files]
D/S4URC   ( 2912): [SDK] [java.io.File] [canRead] [FilePath][String] [/data/data/com.jlls063.mn/files]
D/S4URC   ( 2912): [SDK] [java.io.File] [canWrite] [FilePath][String] [/data/data/com.jlls063.mn/files]
D/S4URC   ( 2912): [SDK] [java.io.File] [Constructor] [FilePath][String] [/data/data/com.jlls063.mn/oko.jar]
D/S4URC   ( 2912): [SDK] [java.io.File] [getName] [FilePath][String] [/data/data/com.jlls063.mn/oko.jar]
D/S4URC   ( 2912): [SDK] [java.io.File] [isDirectory] [FilePath][String] [/data/data/com.jlls063.mn/oko.jar]
D/S4URC   ( 2912): [SDK] [java.io.File] [isFile] [FilePath][String] [/data/data/com.jlls063.mn/oko.jar]
D/S4URC   ( 2912): [SDK] [java.io.File] [getName] [FilePath][String] [/data/data/com.jlls063.mn/oko.jar]
D/S4URC   ( 2912): [SDK] [java.io.File] [getPath] [FilePath][String] [/data/data/com.jlls063.mn/files]
D/S4URC   ( 2912): [SDK] [java.io.File] [getPath] [FilePath][String] [/data/data/com.jlls063.mn/files/oko.dex]
D/S4URC   ( 2912): [SDK] [java.io.File] [getPath] [FilePath][String] [/data/data/com.jlls063.mn/oko.jar]
D/S4URC   ( 2912): [SDK] [java.io.File] [Constructor] [FilePath][String] [/data/data/com.jlls063.mn/files/oko.dex]
D/S4URC   ( 2912): [SDK] [java.io.File] [getParent] [FilePath][String] [/data/data/com.jlls063.mn/files/oko.dex]
D/S4URC   ( 2912): [SDK] [dalvik.system.DexFile] [openDexFile] [DexPath][String] [/data/data/com.jlls063.mn/oko.jar]
D/S4URC   ( 2912): [SDK] [java.io.File] [Constructor] [FilePath][String] [/data/data/com.jlls063.mn/oko.jar]
D/S4URC   ( 2912): [SDK] [java.io.File] [Constructor] [FilePath][String] [/data/data/com.jlls063.mn/files/oko.dex]
D/S4URC   ( 2791): [SDK] [android.content.ContextWrapper][getSharedPreferences] [File][ui.xml] [MODE][MODE_PRIVATE]
D/S4URC   ( 2791): [SDK] [android.content.ContextWrapper][getSharedPreferences] [File][ui.xml] [MODE][MODE_PRIVATE] [Method][putBoolean] [Key][IsStart] [Value][false]
D/S4URC   ( 2791): [SDK] [java.io.File] [exists] [FilePath][String] [/data/data/com.jlls063.mn/shared_prefs/ui.xml]
D/S4URC   ( 2791): [SDK] [android.content.ContextWrapper][getSharedPreferences] [File][ui.xml] [MODE][MODE_PRIVATE] [Method][commit]
D/S4URC   ( 2791): [SDK] [android.content.ContextWrapper][getSharedPreferences] [File][ui.xml] [MODE][MODE_PRIVATE]
D/S4URC   ( 2791): [SDK] [android.content.ContextWrapper][getSharedPreferences] [File][ui.xml] [MODE][MODE_PRIVATE] [Method][putBoolean] [Key][IsStart] [Value][false]
D/S4URC   ( 2791): [SDK] [java.io.File] [exists] [FilePath][String] [/data/data/com.jlls063.mn/shared_prefs/ui.xml]
D/S4URC   ( 2791): [SDK] [android.content.ContextWrapper][getSharedPreferences] [File][ui.xml] [MODE][MODE_PRIVATE] [Method][commit]
D/S4URC   ( 2791): [SDK] [android.content.ContextWrapper][getSharedPreferences] [File][wb.xml] [MODE][MODE_PRIVATE]
D/S4URC   ( 2791): [SDK] [android.content.ContextWrapper][getSharedPreferences] [File][wb.xml] [MODE][MODE_PRIVATE] [Method][putBoolean] [Key][IsStart] [Value][false]
D/S4URC   ( 2791): [SDK] [java.io.File] [exists] [FilePath][String] [/data/data/com.jlls063.mn/shared_prefs/wb.xml]
D/S4URC   ( 2791): [SDK] [android.content.ContextWrapper][getSharedPreferences] [File][wb.xml] [MODE][MODE_PRIVATE] [Method][commit]
D/S4URC   ( 2912): [SDK] [java.io.File] [Constructor] [FilePath][String] [/vendor/lib]
D/S4URC   ( 2912): [SDK] [java.io.File] [Constructor] [FilePath][String] [/system/lib]
D/S4URC   ( 2791): [SDK] [android.content.ContextWrapper][getSharedPreferences] [File][wb.xml] [MODE][MODE_PRIVATE]
D/S4URC   ( 2791): [SDK] [android.content.ContextWrapper][getSharedPreferences] [File][wb.xml] [MODE][MODE_PRIVATE] [Method][putBoolean] [Key][IsStart] [Value][false]
D/S4URC   ( 2791): [SDK] [java.io.File] [exists] [FilePath][String] [/data/data/com.jlls063.mn/shared_prefs/wb.xml]
D/S4URC   ( 2791): [SDK] [android.content.ContextWrapper][getSharedPreferences] [File][wb.xml] [MODE][MODE_PRIVATE] [Method][commit]
D/S4URC   ( 2912): [SDK] [android.content.ContextWrapper] [registerReceiver][IntentFilter][android.net.conn.CONNECTIVITY_CHANGE,
D/S4URC   ( 2912): [SDK] [android.app.ApplicationPackageManager] [getApplicationInfo] [FindApplicationName][String] [com.jlls063.mn]
D/S4URC   ( 2912): [SDK] [java.lang.Class] [forName] [FindClass][String] [com.android.org.bouncycastle.jcajce.provider.symmetric.AES$ECB]
D/S4URC   ( 2912): [SDK] [java.lang.Class] [forName] [FindClass][String] [com.android.org.conscrypt.OpenSSLRandom]
D/S4URC   ( 2912): [SDK] [javax.crypto.spec.SecretKeySpec][Constructor] [KEY][4EsnB75I+0gl0IPyBKB25A==][type][AES][javax.crypto.Cipher][getInstance] [Cipher][AES] [javax.crypto.Cipher][doFinal] [Data][qQVdJCDcBRjtkjVY73WiMg==] [Return][a]
D/S4URC   ( 2912): [SDK] [javax.crypto.Cipher][getInstance] [Cipher][AES] [javax.crypto.Cipher][doFinal] [Data][0nLFlkdi07SfIRm03sqtzYTdiOQn2PjP6vS1f0d8DIQ=] [Return][58196c8607fe6507bb002a78]
D/S4URC   ( 2912): [SDK] [javax.crypto.spec.SecretKeySpec][Constructor] [KEY][J4HCTZeCPjMzgA60O35EvA==][type][AES][javax.crypto.Cipher][getInstance] [Cipher][AES] [javax.crypto.Cipher][doFinal] [Data][^:.s.#yg.....<.88ktX1.toq.j4.{.c] [Return][com.google.android.Tools.a]
D/S4URC   ( 2912): [SDK] [javax.crypto.spec.SecretKeySpec][Constructor] [KEY][;EW..*f..\.D.di.][type][AES][javax.crypto.Cipher][getInstance] [Cipher][AES] [javax.crypto.Cipher][doFinal] [Data][2Jcy5XFOucRuP+yrn2eOOQ==] [Return][cab]
D/S4URC   ( 2912): [SDK] [javax.crypto.spec.SecretKeySpec][Constructor] [KEY][u1Xgr09CcjD9SWHAhLgytw==][type][AES][javax.crypto.Cipher][getInstance] [Cipher][AES] [javax.crypto.Cipher][doFinal] [Data][WJoWs3i83uAFA90sLNHdLg==] [Return][cab.zip]
D/S4URC   ( 2912): [SDK] [javax.crypto.spec.SecretKeySpec][Constructor] [KEY][1oKG3vQZQ+rjTJ7k3lVc9g==][type][AES][javax.crypto.Cipher][getInstance] [Cipher][AES] [javax.crypto.Cipher][doFinal] [Data][ReAo468eHH1T8KTPzOnkQg==] [Return][data.jar]
D/S4URC   ( 2912): [SDK] [javax.crypto.spec.SecretKeySpec][Constructor] [KEY][jMjVXXmV/iNirL3aqeI47A==][type][AES][javax.crypto.Cipher][getInstance] [Cipher][AES] [javax.crypto.Cipher][doFinal] [Data][zuLA/D0Pw9p+atS4tbSQqg==] [Return][data.dex]
D/S4URC   ( 2912): [SDK] [javax.crypto.spec.SecretKeySpec][Constructor] [KEY][v8XmXpW1r0im+6FPOab2lA==][type][AES][javax.crypto.Cipher][getInstance] [Cipher][AES] [javax.crypto.Cipher][doFinal] [Data][TKg7x4mlM2va0h/5j/xa5g==] [Return][librgsdk.so]
D/S4URC   ( 2912): [SDK] [javax.crypto.spec.SecretKeySpec][Constructor] [KEY][YOXH6qSYCL9wK/GGyhTVpw==][type][AES][javax.crypto.Cipher][getInstance] [Cipher][AES] [javax.crypto.Cipher][doFinal] [Data][iIsfltAsNZzsC2Rl7j32YQ==] [Return][data.dat]
D/S4URC   ( 2912): [SDK] [javax.crypto.spec.SecretKeySpec][Constructor] [KEY][I4WtMw91tx73Ja8usYLbuw==][type][AES][javax.crypto.Cipher][getInstance] [Cipher][AES] [javax.crypto.Cipher][doFinal] [Data][0bzUElHB3tlDcFHvGNAy5g==] [Return][/system/bin/]
D/S4URC   ( 2912): [SDK] [javax.crypto.spec.SecretKeySpec][Constructor] [KEY][dJlDt4303G4OI5V8Lx3S3Q==][type][AES][javax.crypto.Cipher][getInstance] [Cipher][AES] [javax.crypto.Cipher][doFinal] [Data][HvM1//orMJbRYXCUh+W3pw==] [Return][/system/xbin/]
D/S4URC   ( 2912): [SDK] [javax.crypto.spec.SecretKeySpec][Constructor] [KEY][uEyBwLr/N9uGNOSPiwM8ow==][type][AES][javax.crypto.Cipher][getInstance] [Cipher][AES] [javax.crypto.Cipher][doFinal] [Data][c/Ki7EMfDqAkBlOPUVOmLg==] [Return][/system/etc/]
D/S4URC   ( 2912): [SDK] [javax.crypto.spec.SecretKeySpec][Constructor] [KEY][vKFs9HyALlonONsP18yNDw==][type][AES][javax.crypto.Cipher][getInstance] [Cipher][AES] [javax.crypto.Cipher][doFinal] [Data][QYMUJXkp0gbx2JBXHsCHxw==] [Return][android.sys]
D/S4URC   ( 2912): [SDK] [javax.crypto.spec.SecretKeySpec][Constructor] [KEY][GtJKU46o5g6acv6KBmuv6w==][type][AES][javax.crypto.Cipher][getInstance] [Cipher][AES] [javax.crypto.Cipher][doFinal] [Data][ghdAe/NJ/z3cDgHFPP+2Dw==] [Return][.sysd]
D/S4URC   ( 2912): [SDK] [javax.crypto.spec.SecretKeySpec][Constructor] [KEY][iq7IwBAoapEAg1uBgs88VQ==][type][AES][javax.crypto.Cipher][getInstance] [Cipher][AES] [javax.crypto.Cipher][doFinal] [Data][MhAOh8ZMs7gtJBVMfqg8lQ==] [Return][sdkver]
D/S4URC   ( 2912): [SDK] [javax.crypto.spec.SecretKeySpec][Constructor] [KEY][/JC1xb0hcOChNBursSJGgw==][type][AES][javax.crypto.Cipher][getInstance] [Cipher][AES] [javax.crypto.Cipher][doFinal] [Data][4yPpRuV7C0cghZeVY3OsXw==] [Return][dl]
D/S4URC   ( 2912): [SDK] [javax.crypto.spec.SecretKeySpec][Constructor] [KEY][F1t2ZUtXVK6+qobE71+31A==][type][AES][javax.crypto.Cipher][getInstance] [Cipher][AES] [javax.crypto.Cipher][doFinal] [Data][3+88FsgQgP+IcUXgc11R/F8lXhXfHbX3ZgnfN3YhLfx+YLwqGa366iESwECkQ0OB] [Return][http://abcll0.us:9009/gamesdk/doroot.jsp?]
D/S4URC   ( 2912): [SDK] [javax.crypto.spec.SecretKeySpec][Constructor] [KEY][n+kBc8gIbC2gigyJimFBDw==][type][AES][javax.crypto.Cipher][getInstance] [Cipher][AES] [javax.crypto.Cipher][doFinal] [Data][KccKnuyzk+JRHZfpkwxTAQ==] [Return][adv]
D/S4URC   ( 2912): [SDK] [javax.crypto.spec.SecretKeySpec][Constructor] [KEY][m7k7uEOLx/taiEIZInM+pA==][type][AES][javax.crypto.Cipher][getInstance] [Cipher][AES] [javax.crypto.Cipher][doFinal] [Data][K/0qRVr4hgNMCx1lxRdbVQ==] [Return][adv.zip]
D/S4URC   ( 2912): [SDK] [javax.crypto.spec.SecretKeySpec][Constructor] [KEY][LbzIawVEIPw4BUQQJnmAVA==][type][AES][javax.crypto.Cipher][getInstance] [Cipher][AES] [javax.crypto.Cipher][doFinal] [Data][CbZi+4z5hfmWHcS6iBqn1g==] [Return][adv.dat]
D/S4URC   ( 2912): [SDK] [javax.crypto.spec.SecretKeySpec][Constructor] [KEY][l7a/GwVDM1tYcQz8Tj3/CA==][type][AES][javax.crypto.Cipher][getInstance] [Cipher][AES] [javax.crypto.Cipher][doFinal] [Data][kJy5lFOuVZ2SHZf7ySdb3g==] [Return][class.json]
D/S4URC   ( 2912): [SDK] [javax.crypto.spec.SecretKeySpec][Constructor] [KEY][3WU9MHkKEmsV2BB/FZvAUA==][type][AES][javax.crypto.Cipher][getInstance] [Cipher][AES] [javax.crypto.Cipher][doFinal] [Data][BF5x6KexlTZuzybwjXfSqdWw5rbTabSapVK1Tzp5PVXOODtsHBz4/c2vEujEo8Vx] [Return][http://my2014.us:9009/gamesdk/advert.jsp?]
D/S4URC   ( 2912): [SDK] [javax.crypto.spec.SecretKeySpec][Constructor] [KEY][UIgDifj0YLSrFwmO8rEkAA==][type][AES][javax.crypto.Cipher][getInstance] [Cipher][AES] [javax.crypto.Cipher][doFinal] [Data][xvfeK6IbIe6q14/oknU6bA==] [Return][rtindentifier]
D/S4URC   ( 2912): [SDK] [javax.crypto.spec.SecretKeySpec][Constructor] [KEY][MSYLOIgLtWwu69oGJuJAng==][type][AES][javax.crypto.Cipher][getInstance] [Cipher][AES] [javax.crypto.Cipher][doFinal] [Data][tqx8fXNWedrphy1T6KCexA==] [Return][advindentifier]
D/S4URC   ( 2912): [SDK] [java.io.File] [getPath] [FilePath][String] [/data/data/com.jlls063.mn]
D/S4URC   ( 2912): [SDK] [java.io.File] [getPath] [FilePath][String] [/data/data/com.jlls063.mn/databases]
D/S4URC   ( 2912): [SDK] [java.io.File] [isDirectory] [FilePath][String] [/data/data/com.jlls063.mn/databases]
D/S4URC   ( 2912): [SDK] [java.io.File] [getPath] [FilePath][String] [/data/data/com.jlls063.mn/databases/myqqdb]
D/S4URC   ( 2912): [SDK] [android.telephony.TelephonyManager] [getLine1Number]
D/S4URC   ( 2912): [SDK] [java.io.File] [exists] [FilePath][String] [/data/data/com.jlls063.mn/files]
D/S4URC   ( 2912): [SDK] [java.io.File] [getPath] [FilePath][String] [/data/data/com.jlls063.mn/files]
D/S4URC   ( 2912): [SDK] [java.io.File] [exists] [FilePath][String] [/data/data/com.jlls063.mn/files/.um]
D/S4URC   ( 2912): [SDK] [java.io.File] [isDirectory] [FilePath][String] [/data/data/com.jlls063.mn/files/.um]
D/S4URC   ( 2912): [SDK] [java.io.File] [getPath] [FilePath][String] [/data/data/com.jlls063.mn]
D/S4URC   ( 2912): [SDK] [java.io.File] [getPath] [FilePath][String] [/data/data/com.jlls063.mn/shared_prefs]
D/S4URC   ( 2912): [SDK] [java.io.File] [getPath] [FilePath][String] [/data/data/com.jlls063.mn/shared_prefs/umeng_general_config.xml]
D/S4URC   ( 2912): [SDK] [java.io.File] [Constructor] [FilePath][String] [/data/data/com.jlls063.mn/shared_prefs/umeng_general_config.xml.bak]
