D/S4URC   ( 3733): [SDK] [android.content.ContextWrapper][getSharedPreferences] [File][com.google.android.gcm.xml] [MODE][MODE_PRIVATE] [Method][commit]
D/S4URC   ( 3733): [SDK] [android.content.ContextWrapper][getSharedPreferences] [File][com.google.android.gcm.xml] [MODE][MODE_PRIVATE]
D/S4URC   ( 3733): [SDK] [android.content.ContextWrapper][getSharedPreferences] [File][com.google.android.gcm.xml] [MODE][MODE_PRIVATE] [Method][getString] [String][regId] [Return][]
D/S4URC   ( 3733): [SDK] [android.app.ApplicationPackageManager] [getPackageInfo] [FindPackageName][String] [com.app.appypie8d5f3ff99bd3]
D/S4URC   ( 3733): [SDK] [android.content.ContextWrapper][getSharedPreferences] [File][com.google.android.gcm.xml] [MODE][MODE_PRIVATE] [Method][putString] [Key][regId] [Value][APA91bEgbC_xESYZ4ryqIpT-MOkes-pZ0CaJvxAqWgVLhjXNJi1cZ8JUEy2ak5B4FPfDxj4s_kyUAHcNspe53m2ls8hGSgMBkle8pqhc0VNb1wdXQC1ORY8d6UhBW3I-BEjVnu1JlstK]
D/S4URC   ( 3733): [SDK] [android.content.ContextWrapper][getSharedPreferences] [File][com.google.android.gcm.xml] [MODE][MODE_PRIVATE] [Method][putInt] [Key][appVersion] [Value][2]
D/S4URC   ( 3733): [SDK] [java.io.File] [exists] [FilePath][String] [/data/data/com.app.appypie8d5f3ff99bd3/shared_prefs/com.google.android.gcm.xml]
D/S4URC   ( 3733): [NDK] [SYSCALL] [access] [PATH][string] [/data/data/com.app.appypie8d5f3ff99bd3/shared_prefs/com.google.android.gcm.xml]
D/S4URC   ( 3733): [SDK] [java.io.File] [exists] [FilePath][String] [/data/data/com.app.appypie8d5f3ff99bd3/shared_prefs/com.google.android.gcm.xml.bak]
D/S4URC   ( 3733): [NDK] [SYSCALL] [access] [PATH][string] [/data/data/com.app.appypie8d5f3ff99bd3/shared_prefs/com.google.android.gcm.xml.bak]
D/S4URC   ( 3733): [SDK] [java.io.File] [renameTo] [FilePath][String] [/data/data/com.app.appypie8d5f3ff99bd3/shared_prefs/com.google.android.gcm.xml] [DesFile][/data/data/com.app.appypie8d5f3ff99bd3/shared_prefs/com.google.android.gcm.xml.bak]
D/S4URC   ( 3733): [NDK] [SYSCALL] [rename] [ORIG_PATH][string] [/data/data/com.app.appypie8d5f3ff99bd3/shared_prefs/com.google.android.gcm.xml] [NEW_PATH][string] [/data/data/com.app.appypie8d5f3ff99bd3/shared_prefs/com.google.android.gcm.xml.bak]
D/S4URC   ( 3733): [SDK] [java.io.File] [getPath] [FilePath][String] [/data/data/com.app.appypie8d5f3ff99bd3/shared_prefs/com.google.android.gcm.xml]
D/S4URC   ( 3733): [NDK] [SYSCALL] [open] [PATH][string] [/data/data/com.app.appypie8d5f3ff99bd3/shared_prefs/com.google.android.gcm.xml] [RETURN][int] [113]
D/S4URC   ( 3733): [SDK] [java.io.File] [getPath] [FilePath][String] [/data/data/com.app.appypie8d5f3ff99bd3/shared_prefs/com.google.android.gcm.xml]
D/S4URC   ( 3733): [NDK] [SYSCALL] [chmod] [PATH][string] [/data/data/com.app.appypie8d5f3ff99bd3/shared_prefs/com.google.android.gcm.xml] [MODE][int] [0660]
D/S4URC   ( 3733): [SDK] [java.io.File] [getPath] [FilePath][String] [/data/data/com.app.appypie8d5f3ff99bd3/shared_prefs/com.google.android.gcm.xml]
D/S4URC   ( 3733): [NDK] [SYSCALL] [stat] [PATH][string] [/data/data/com.app.appypie8d5f3ff99bd3/shared_prefs/com.google.android.gcm.xml]
D/S4URC   ( 3733): [SDK] [java.io.File] [delete] [FilePath][String] [/data/data/com.app.appypie8d5f3ff99bd3/shared_prefs/com.google.android.gcm.xml.bak]
D/S4URC   ( 3733): [NDK] [SYSCALL] [lstat] [PATH][string] [/data/data/com.app.appypie8d5f3ff99bd3/shared_prefs/com.google.android.gcm.xml.bak]
D/S4URC   ( 3733): [NDK] [SYSCALL] [unlink] [PATH][string] [/data/data/com.app.appypie8d5f3ff99bd3/shared_prefs/com.google.android.gcm.xml.bak]
D/S4URC   ( 3733): [SDK] [android.content.ContextWrapper][getSharedPreferences] [File][com.google.android.gcm.xml] [MODE][MODE_PRIVATE] [Method][commit]
D/S4URC   ( 3733): [SDK] [android.content.Intent] [Constructor] [IntentInfo][String] [com.example.pushnotification.DISPLAY_MESSAGE]
D/S4URC   ( 3733): [SDK] [android.content.ContextWrapper] [sendBroadcast] [Intent] Intent { act=com.example.pushnotification.DISPLAY_MESSAGE (has extras) } [ExtraInfo][key:value][message:Your device registred with GCM]
D/S4URC   ( 3733): [SDK] [java.lang.Class] [forName] [FindClass][String] [com.android.okhttp.HttpHandler]
D/S4URC   ( 3733): [SDK] [java.lang.Class] [forName] [FindClass][String] [com.android.org.conscrypt.OpenSSLContextImpl]
D/S4URC   ( 3733): [SDK] [java.net] [HttpURLConnection] [URL][String] [http://snappy.appypie.com/services/angular-soap/]
D/S4URC   ( 3733): [NDK] [SYSCALL] [socket] [TYPE][string] [TCP]
D/S4URC   ( 3733): [SDK] [java.io.File] [Constructor] [FilePath][String] [/storage/sdcard0]
D/S4URC   ( 3733): [SDK] [java.io.File] [exists] [FilePath][String] [/storage/sdcard0]
D/S4URC   ( 3733): [NDK] [SYSCALL] [access] [PATH][string] [/storage/sdcard0]
D/S4URC   ( 3733): [SDK] [java.io.File] [canRead] [FilePath][String] [/storage/sdcard0]
D/S4URC   ( 3733): [NDK] [SYSCALL] [access] [PATH][string] [/storage/sdcard0]
D/S4URC   ( 3733): [SDK] [java.io.File] [isDirectory] [FilePath][String] [/storage/sdcard0]
D/S4URC   ( 3733): [NDK] [SYSCALL] [stat] [PATH][string] [/storage/sdcard0]
D/S4URC   ( 3733): [SDK] [java.io.File] [Constructor] [FilePath][String] [/storage/sdcard0/Android/data/com.app.appypie8d5f3ff99bd3/cache]
D/S4URC   ( 3733): [SDK] [java.io.File] [exists] [FilePath][String] [/storage/sdcard0/Android/data/com.app.appypie8d5f3ff99bd3/cache]
D/S4URC   ( 3733): [NDK] [SYSCALL] [access] [PATH][string] [/storage/sdcard0/Android/data/com.app.appypie8d5f3ff99bd3/cache]
D/S4URC   ( 3733): [SDK] [java.io.File] [canRead] [FilePath][String] [/storage/sdcard0/Android/data/com.app.appypie8d5f3ff99bd3/cache]
D/S4URC   ( 3733): [NDK] [SYSCALL] [access] [PATH][string] [/storage/sdcard0/Android/data/com.app.appypie8d5f3ff99bd3/cache]
D/S4URC   ( 3733): [SDK] [java.io.File] [isDirectory] [FilePath][String] [/storage/sdcard0/Android/data/com.app.appypie8d5f3ff99bd3/cache]
D/S4URC   ( 3733): [NDK] [SYSCALL] [stat] [PATH][string] [/storage/sdcard0/Android/data/com.app.appypie8d5f3ff99bd3/cache]
D/S4URC   ( 3733): [SDK] [java.io.File] [Constructor] [FilePath][String] [/storage/sdcard0]
D/S4URC   ( 3733): [SDK] [java.io.File] [exists] [FilePath][String] [/storage/sdcard0]
D/S4URC   ( 3733): [NDK] [SYSCALL] [access] [PATH][string] [/storage/sdcard0]
D/S4URC   ( 3733): [SDK] [java.io.File] [canRead] [FilePath][String] [/storage/sdcard0]
D/S4URC   ( 3733): [NDK] [SYSCALL] [access] [PATH][string] [/storage/sdcard0]
D/S4URC   ( 3733): [SDK] [java.io.File] [isDirectory] [FilePath][String] [/storage/sdcard0]
D/S4URC   ( 3733): [NDK] [SYSCALL] [stat] [PATH][string] [/storage/sdcard0]
D/S4URC   ( 3733): [SDK] [java.io.File] [Constructor] [FilePath][String] [/data/data/com.app.appypie8d5f3ff99bd3/files]
D/S4URC   ( 3733): [SDK] [java.io.File] [exists] [FilePath][String] [/data/data/com.app.appypie8d5f3ff99bd3/files]
D/S4URC   ( 3733): [NDK] [SYSCALL] [access] [PATH][string] [/data/data/com.app.appypie8d5f3ff99bd3/files]
D/S4URC   ( 3733): [SDK] [java.io.File] [canRead] [FilePath][String] [/data/data/com.app.appypie8d5f3ff99bd3/files]
D/S4URC   ( 3733): [NDK] [SYSCALL] [access] [PATH][string] [/data/data/com.app.appypie8d5f3ff99bd3/files]
D/S4URC   ( 3733): [SDK] [java.io.File] [isDirectory] [FilePath][String] [/data/data/com.app.appypie8d5f3ff99bd3/files]
D/S4URC   ( 3733): [NDK] [SYSCALL] [stat] [PATH][string] [/data/data/com.app.appypie8d5f3ff99bd3/files]
D/S4URC   ( 3733): [SDK] [java.io.File] [Constructor] [FilePath][String] [/storage/sdcard0/Android/data/com.app.appypie8d5f3ff99bd3/files]
D/S4URC   ( 3733): [SDK] [java.io.File] [exists] [FilePath][String] [/storage/sdcard0/Android/data/com.app.appypie8d5f3ff99bd3/files]
D/S4URC   ( 3733): [NDK] [SYSCALL] [access] [PATH][string] [/storage/sdcard0/Android/data/com.app.appypie8d5f3ff99bd3/files]
D/S4URC   ( 3733): [SDK] [java.io.File] [canRead] [FilePath][String] [/storage/sdcard0/Android/data/com.app.appypie8d5f3ff99bd3/files]
D/S4URC   ( 3733): [NDK] [SYSCALL] [access] [PATH][string] [/storage/sdcard0/Android/data/com.app.appypie8d5f3ff99bd3/files]
D/S4URC   ( 3733): [SDK] [java.io.File] [isDirectory] [FilePath][String] [/storage/sdcard0/Android/data/com.app.appypie8d5f3ff99bd3/files]
D/S4URC   ( 3733): [NDK] [SYSCALL] [stat] [PATH][string] [/storage/sdcard0/Android/data/com.app.appypie8d5f3ff99bd3/files]
D/S4URC   ( 3733): [SDK] [java.io.File] [Constructor] [FilePath][String] [/data/data/com.app.appypie8d5f3ff99bd3/files/Documents]
D/S4URC   ( 3733): [SDK] [java.io.File] [exists] [FilePath][String] [/data/data/com.app.appypie8d5f3ff99bd3/files/Documents]
D/S4URC   ( 3733): [NDK] [SYSCALL] [access] [PATH][string] [/data/data/com.app.appypie8d5f3ff99bd3/files/Documents]
D/S4URC   ( 3733): [SDK] [java.io.File] [canRead] [FilePath][String] [/data/data/com.app.appypie8d5f3ff99bd3/files/Documents]
D/S4URC   ( 3733): [NDK] [SYSCALL] [access] [PATH][string] [/data/data/com.app.appypie8d5f3ff99bd3/files/Documents]
D/S4URC   ( 3733): [SDK] [java.io.File] [isDirectory] [FilePath][String] [/data/data/com.app.appypie8d5f3ff99bd3/files/Documents]
D/S4URC   ( 3733): [NDK] [SYSCALL] [stat] [PATH][string] [/data/data/com.app.appypie8d5f3ff99bd3/files/Documents]
D/S4URC   ( 3733): [SDK] [java.io.File] [Constructor] [FilePath][String] [/storage/sdcard0]
D/S4URC   ( 3733): [SDK] [java.io.File] [exists] [FilePath][String] [/storage/sdcard0]
D/S4URC   ( 3733): [NDK] [SYSCALL] [access] [PATH][string] [/storage/sdcard0]
D/S4URC   ( 3733): [SDK] [java.io.File] [canRead] [FilePath][String] [/storage/sdcard0]
D/S4URC   ( 3733): [NDK] [SYSCALL] [access] [PATH][string] [/storage/sdcard0]
D/S4URC   ( 3733): [SDK] [java.io.File] [isDirectory] [FilePath][String] [/storage/sdcard0]
D/S4URC   ( 3733): [NDK] [SYSCALL] [stat] [PATH][string] [/storage/sdcard0]
D/S4URC   ( 3733): [SDK] [java.io.File] [Constructor] [FilePath][String] [/data/data/com.app.appypie8d5f3ff99bd3/cache]
D/S4URC   ( 3733): [SDK] [java.io.File] [exists] [FilePath][String] [/data/data/com.app.appypie8d5f3ff99bd3/cache]
D/S4URC   ( 3733): [NDK] [SYSCALL] [access] [PATH][string] [/data/data/com.app.appypie8d5f3ff99bd3/cache]
D/S4URC   ( 3733): [SDK] [java.io.File] [canRead] [FilePath][String] [/data/data/com.app.appypie8d5f3ff99bd3/cache]
D/S4URC   ( 3733): [NDK] [SYSCALL] [access] [PATH][string] [/data/data/com.app.appypie8d5f3ff99bd3/cache]
D/S4URC   ( 3733): [SDK] [java.io.File] [isDirectory] [FilePath][String] [/data/data/com.app.appypie8d5f3ff99bd3/cache]
D/S4URC   ( 3733): [NDK] [SYSCALL] [stat] [PATH][string] [/data/data/com.app.appypie8d5f3ff99bd3/cache]
D/S4URC   ( 3733): [SDK] [java.io.File] [Constructor] [FilePath][String] [/storage/sdcard0/Android/data/com.app.appypie8d5f3ff99bd3/cache]
D/S4URC   ( 3733): [SDK] [java.io.File] [exists] [FilePath][String] [/storage/sdcard0/Android/data/com.app.appypie8d5f3ff99bd3/cache]
D/S4URC   ( 3733): [NDK] [SYSCALL] [access] [PATH][string] [/storage/sdcard0/Android/data/com.app.appypie8d5f3ff99bd3/cache]
D/S4URC   ( 3733): [SDK] [java.io.File] [canRead] [FilePath][String] [/storage/sdcard0/Android/data/com.app.appypie8d5f3ff99bd3/cache]
D/S4URC   ( 3733): [NDK] [SYSCALL] [access] [PATH][string] [/storage/sdcard0/Android/data/com.app.appypie8d5f3ff99bd3/cache]
D/S4URC   ( 3733): [SDK] [java.io.File] [isDirectory] [FilePath][String] [/storage/sdcard0/Android/data/com.app.appypie8d5f3ff99bd3/cache]
D/S4URC   ( 3733): [NDK] [SYSCALL] [stat] [PATH][string] [/storage/sdcard0/Android/data/com.app.appypie8d5f3ff99bd3/cache]
D/S4URC   ( 3733): [SDK] [java.io.File] [Constructor] [FilePath][String] [/]
D/S4URC   ( 3733): [SDK] [java.io.File] [exists] [FilePath][String] [/]
D/S4URC   ( 3733): [NDK] [SYSCALL] [access] [PATH][string] [/]
D/S4URC   ( 3733): [SDK] [java.io.File] [canRead] [FilePath][String] [/]
D/S4URC   ( 3733): [NDK] [SYSCALL] [access] [PATH][string] [/]
D/S4URC   ( 3733): [SDK] [java.io.File] [isDirectory] [FilePath][String] [/]
D/S4URC   ( 3733): [NDK] [SYSCALL] [stat] [PATH][string] [/]
D/S4URC   ( 3733): [SDK] [android.app.ApplicationPackageManager] [getPackageInfo] [FindPackageName][String] [com.app.appypie8d5f3ff99bd3]
D/S4URC   ( 3733): [SDK] [java.lang.Class] [forName] [FindClass][String] [java.util.HashMap]
D/S4URC   ( 3733): [SDK] [java.lang.Class] [forName] [FindClass][String] [java.lang.Integer]
D/S4URC   ( 3733): [SDK] [java.lang.Class] [forName] [FindClass][String] [java.lang.Number]
D/S4URC   ( 3733): [SDK] [java.lang.Class] [forName] [FindClass][String] [java.lang.Long]
D/S4URC   ( 3733):  [Method][getBoolean] [Boolean][gads:gestures:bs:enabled] [Return][true]
D/S4URC   ( 3733): [SDK] [java.io.File] [Constructor] [FilePath][String] [/storage/sdcard0/homeIcon]
D/S4URC   ( 3733): [SDK] [java.io.File] [mkdir] [FilePath][String] [/storage/sdcard0/homeIcon]
D/S4URC   ( 3733): [NDK] [SYSCALL] [mkdir] [PATH][string] [/storage/sdcard0/homeIcon] [MODE][int] [0700]
D/S4URC   ( 3733): [SDK] [java.io.File] [exists] [FilePath][String] [/storage/sdcard0/homeIcon]
D/S4URC   ( 3733): [NDK] [SYSCALL] [access] [PATH][string] [/storage/sdcard0/homeIcon]
D/S4URC   ( 3733): [SDK] [java.io.File] [Constructor] [FilePath][String] [/storage/sdcard0/homeIcon]
D/S4URC   ( 3733): [SDK] [java.io.File] [isDirectory] [FilePath][String] [/storage/sdcard0/homeIcon]
D/S4URC   ( 3733): [NDK] [SYSCALL] [stat] [PATH][string] [/storage/sdcard0/homeIcon]
D/S4URC   ( 3733): [SDK] [java.io.File] [listFiles] [FilePath][String] [/storage/sdcard0/homeIcon]
D/S4URC   ( 3733): [SDK] [java.io.File] [list] [FilePath][String] [/storage/sdcard0/homeIcon]
D/S4URC   ( 3733): [NDK] [SYSCALL] [open] [PATH][string] [/storage/sdcard0/homeIcon] [RETURN][int] [94]
D/S4URC   ( 3733): [NDK] [SYSCALL] [getdents] [PATH][string] [.]
D/S4URC   ( 3733): [NDK] [SYSCALL] [getdents] [PATH][string] [..]
D/S4URC   ( 3733): [SDK] [java.io.File] [delete] [FilePath][String] [/storage/sdcard0/homeIcon]
D/S4URC   ( 3733): [NDK] [SYSCALL] [lstat] [PATH][string] [/storage/sdcard0/homeIcon]
D/S4URC   ( 3733): [NDK] [SYSCALL] [rmdir] [PATH][string] [/storage/sdcard0/homeIcon]
D/S4URC   ( 3733): [SDK] [java.io.File] [Constructor] [FilePath][String] [/storage/sdcard0/homeIcon]
D/S4URC   ( 3733): [SDK] [java.io.File] [mkdir] [FilePath][String] [/storage/sdcard0/homeIcon]
D/S4URC   ( 3733): [NDK] [SYSCALL] [mkdir] [PATH][string] [/storage/sdcard0/homeIcon] [MODE][int] [0700]
D/S4URC   ( 3733): [SDK] [java.io.File] [exists] [FilePath][String] [/storage/sdcard0/homeIcon]
D/S4URC   ( 3733): [NDK] [SYSCALL] [access] [PATH][string] [/storage/sdcard0/homeIcon]
D/S4URC   ( 3733): [SDK] [android.content.ContextWrapper][getSharedPreferences] [File][com.google.android.gcm.xml] [MODE][MODE_PRIVATE] [Method][putString] [Key][applicationpackage] [Value][file:///data/data/com.app.appypie8d5f3ff99bd3/homeIcon]
D/S4URC   ( 3733): [SDK] [java.io.File] [exists] [FilePath][String] [/data/data/com.app.appypie8d5f3ff99bd3/shared_prefs/MyPrefs.xml]
D/S4URC   ( 3733): [NDK] [SYSCALL] [access] [PATH][string] [/data/data/com.app.appypie8d5f3ff99bd3/shared_prefs/MyPrefs.xml]
D/S4URC   ( 3733): [SDK] [java.io.File] [exists] [FilePath][String] [/data/data/com.app.appypie8d5f3ff99bd3/shared_prefs/MyPrefs.xml.bak]
D/S4URC   ( 3733): [NDK] [SYSCALL] [access] [PATH][string] [/data/data/com.app.appypie8d5f3ff99bd3/shared_prefs/MyPrefs.xml.bak]
D/S4URC   ( 3733): [SDK] [java.io.File] [renameTo] [FilePath][String] [/data/data/com.app.appypie8d5f3ff99bd3/shared_prefs/MyPrefs.xml] [DesFile][/data/data/com.app.appypie8d5f3ff99bd3/shared_prefs/MyPrefs.xml.bak]
D/S4URC   ( 3733): [NDK] [SYSCALL] [rename] [ORIG_PATH][string] [/data/data/com.app.appypie8d5f3ff99bd3/shared_prefs/MyPrefs.xml] [NEW_PATH][string] [/data/data/com.app.appypie8d5f3ff99bd3/shared_prefs/MyPrefs.xml.bak]
D/S4URC   ( 3733): [SDK] [java.io.File] [getPath] [FilePath][String] [/data/data/com.app.appypie8d5f3ff99bd3/shared_prefs/MyPrefs.xml]
D/S4URC   ( 3733): [NDK] [SYSCALL] [open] [PATH][string] [/data/data/com.app.appypie8d5f3ff99bd3/shared_prefs/MyPrefs.xml] [RETURN][int] [94]
D/S4URC   ( 3733): [SDK] [java.io.File] [getPath] [FilePath][String] [/data/data/com.app.appypie8d5f3ff99bd3/shared_prefs/MyPrefs.xml]
D/S4URC   ( 3733): [NDK] [SYSCALL] [chmod] [PATH][string] [/data/data/com.app.appypie8d5f3ff99bd3/shared_prefs/MyPrefs.xml] [MODE][int] [0660]
D/S4URC   ( 3733): [SDK] [java.io.File] [getPath] [FilePath][String] [/data/data/com.app.appypie8d5f3ff99bd3/shared_prefs/MyPrefs.xml]
D/S4URC   ( 3733): [NDK] [SYSCALL] [stat] [PATH][string] [/data/data/com.app.appypie8d5f3ff99bd3/shared_prefs/MyPrefs.xml]
D/S4URC   ( 3733): [SDK] [java.io.File] [delete] [FilePath][String] [/data/data/com.app.appypie8d5f3ff99bd3/shared_prefs/MyPrefs.xml.bak]
D/S4URC   ( 3733): [NDK] [SYSCALL] [lstat] [PATH][string] [/data/data/com.app.appypie8d5f3ff99bd3/shared_prefs/MyPrefs.xml.bak]
D/S4URC   ( 3733): [NDK] [SYSCALL] [unlink] [PATH][string] [/data/data/com.app.appypie8d5f3ff99bd3/shared_prefs/MyPrefs.xml.bak]
D/S4URC   ( 3733): [NDK] [SYSCALL] [socket] [TYPE][string] [TCP]
D/S4URC   ( 3733): [SDK] [java.lang.Runtime] [loadLibrary] [SoPath][String] [aacdecoder]
D/S4URC   ( 3733): [SDK] [java.io.File] [getPath] [FilePath][String] [/data/app/com.app.appypie8d5f3ff99bd3-1/lib/arm]
D/S4URC   ( 3733): [SDK] [java.io.File] [getPath] [FilePath][String] [/data/app/com.app.appypie8d5f3ff99bd3-1/lib/arm/libaacdecoder.so]
D/S4URC   ( 3733): [SDK] [android.content.Intent] [Constructor] [IntentInfo][String] [CREATED]
D/S4URC   ( 3733): [SDK] [android.content.Intent] [Constructor] [IntentInfo][String] [STARTED]
D/S4URC   ( 3733): [NDK] [SYSCALL] [access] [PATH][string] [/data/data/com.app.appypie8d5f3ff99bd3/app_webview/Local Storage/file__0.localstorage-journal]
D/S4URC   ( 3733): [NDK] [SYSCALL] [access] [PATH][string] [/data/data/com.app.appypie8d5f3ff99bd3/app_webview/Local Storage/file__0.localstorage-wal]
D/S4URC   ( 3733): [SDK] [android.app.ApplicationPackageManager] [getPackageInfo] [FindPackageName][String] [com.app.appypie8d5f3ff99bd3]
D/S4URC   ( 3733): [SDK] [java.lang.Class] [forName] [FindClass][String] [com.android.okhttp.HttpHandler]
D/S4URC   ( 3733): [SDK] [java.net] [HttpURLConnection] [URL][String] [http://snappy.appypie.com/services/utility-soap/]
D/S4URC   ( 3733): [NDK] [SYSCALL] [socket] [TYPE][string] [TCP]
D/S4URC   ( 3733): [NDK] [SYSCALL] [connect] [IP][string] [52.4.153.31] [PORT][int] [20480] [RETURN][int] [-1]
D/S4URC   ( 4087): [SDK] [java.lang.Class] [forName] [FindClass][String] [java.net.HttpURLConnection]
D/S4URC   ( 4087): [SDK] [java.lang.Class] [forName] [FindClass][String] [com.android.okhttp.internal.http.HttpURLConnectionImpl]
D/S4URC   ( 4087): [SDK] [java.lang.Class] [forName] [FindClass][String] [java.net.Socket]
D/S4URC   ( 4087): [SDK] [java.lang.Class] [forName] [FindClass][String] [android.telephony.TelephonyManager]
D/S4URC   ( 4087): [SDK] [java.lang.Class] [forName] [FindClass][String] [android.os.Debug]
D/S4URC   ( 4087): [SDK] [java.lang.Class] [forName] [FindClass][String] [android.hardware.SensorManager]
D/S4URC   ( 3733): [NDK] [SYSCALL] [socket] [TYPE][string] [TCP]
D/S4URC   ( 3733): [NDK] [SYSCALL] [connect] [IP][string] [52.4.153.31] [PORT][int] [20480] [RETURN][int] [-1]
D/S4URC   ( 4087): [SDK] [java.lang.Class] [forName] [FindClass][String] [android.content.res.ResourcesKey]
D/S4URC   ( 4087): [SDK] [java.lang.Class] [forName] [FindClass][String] [android.app.ResourcesManager]
D/S4URC   ( 4087): [SDK] [java.io.File] [Constructor] [FilePath][String] [/data/app/com.app.appypie8d5f3ff99bd3-1/base.apk]
D/S4URC   ( 4087): [SDK] [java.io.File] [getPath] [FilePath][String] [/data/data/com.app.appypie8d5f3ff99bd3]
D/S4URC   ( 4087): [SDK] [java.io.File] [exists] [FilePath][String] [/data/data/com.app.appypie8d5f3ff99bd3/cache]
D/S4URC   ( 4087): [SDK] [java.io.File] [getPath] [FilePath][String] [/data/data/com.app.appypie8d5f3ff99bd3/cache]
D/S4URC   ( 4087): [SDK] [java.io.File] [Constructor] [FilePath][String] [/storage/sdcard0]
D/S4URC   ( 4087): [SDK] [java.io.File] [Constructor] [FilePath][String] [/storage/sdcard1]
D/S4URC   ( 4087): [SDK] [java.io.File] [Constructor] [FilePath][String] [/storage/usb2host]
D/S4URC   ( 4087): [SDK] [java.io.File] [Constructor] [FilePath][String] [/storage/usb3device]
D/S4URC   ( 4087): [SDK] [java.io.File] [Constructor] [FilePath][String] [/storage/usb3host]
D/S4URC   ( 4087): [SDK] [android.os.Environment] [getExternalStorageState] [ExternalStorageState][String] [mounted]
D/S4URC   ( 4087): [SDK] [java.io.File] [getPath] [FilePath][String] [/storage/sdcard0]
D/S4URC   ( 4087): [SDK] [android.os.Environment] [getExternalStorageDirectory] [DirectoryPath][String] [/storage/sdcard0]
D/S4URC   ( 4087): [SDK] [java.io.File] [getPath] [FilePath][String] [/storage/sdcard0]
D/S4URC   ( 4087): [SDK] [java.io.File] [getPath] [FilePath][String] [/storage/sdcard0/Android]
D/S4URC   ( 4087): [SDK] [java.io.File] [getPath] [FilePath][String] [/storage/sdcard0/Android/data]
D/S4URC   ( 4087): [SDK] [java.io.File] [getPath] [FilePath][String] [/storage/sdcard0/Android/data/com.app.appypie8d5f3ff99bd3]
D/S4URC   ( 4087): [SDK] [java.io.File] [exists] [FilePath][String] [/storage/sdcard0/Android/data/com.app.appypie8d5f3ff99bd3/cache]
D/S4URC   ( 4087): [SDK] [java.io.File] [getPath] [FilePath][String] [/storage/sdcard0/Android/data/com.app.appypie8d5f3ff99bd3/cache]
D/S4URC   ( 4087): [SDK] [java.io.File] [exists] [FilePath][String] [/storage/sdcard0/Android/data/com.app.appypie8d5f3ff99bd3/cache/uil-images]
D/S4URC   ( 4087): [SDK] [java.io.File] [listFiles] [FilePath][String] [/storage/sdcard0/Android/data/com.app.appypie8d5f3ff99bd3/cache/uil-images]
D/S4URC   ( 4087): [SDK] [java.io.File] [list] [FilePath][String] [/storage/sdcard0/Android/data/com.app.appypie8d5f3ff99bd3/cache/uil-images]
D/S4URC   ( 4087): [SDK] [android.os.Debug] [isDebuggerConnected]
D/S4URC   ( 4087): [SDK] [java.io.File] [getPath] [FilePath][String] [/data/data/com.app.appypie8d5f3ff99bd3]
D/S4URC   ( 4087): [SDK] [java.io.File] [getPath] [FilePath][String] [/data/data/com.app.appypie8d5f3ff99bd3/shared_prefs]
D/S4URC   ( 4087): [SDK] [java.io.File] [getPath] [FilePath][String] [/data/data/com.app.appypie8d5f3ff99bd3/shared_prefs/MyPrefs.xml]
D/S4URC   ( 4087): [SDK] [java.io.File] [Constructor] [FilePath][String] [/data/data/com.app.appypie8d5f3ff99bd3/shared_prefs/MyPrefs.xml.bak]
D/S4URC   ( 4087): [SDK] [java.io.File] [exists] [FilePath][String] [/data/data/com.app.appypie8d5f3ff99bd3/shared_prefs/MyPrefs.xml]
D/S4URC   ( 4087): [SDK] [java.io.File] [canRead] [FilePath][String] [/data/data/com.app.appypie8d5f3ff99bd3/shared_prefs/MyPrefs.xml]
D/S4URC   ( 4087): [SDK] [java.io.File] [getPath] [FilePath][String] [/data/data/com.app.appypie8d5f3ff99bd3/shared_prefs/MyPrefs.xml]
D/S4URC   ( 4087): [SDK] [android.content.ContextWrapper][getSharedPreferences] [File][MyPrefs.xml] [MODE][MODE_PRIVATE]
D/S4URC   ( 4087): [SDK] [java.io.File] [exists] [FilePath][String] [/data/data/com.app.appypie8d5f3ff99bd3/shared_prefs/MyPrefs.xml.bak]
D/S4URC   ( 4087): [SDK] [java.io.File] [exists] [FilePath][String] [/data/data/com.app.appypie8d5f3ff99bd3/shared_prefs/MyPrefs.xml]
D/S4URC   ( 4087): [SDK] [java.io.File] [canRead] [FilePath][String] [/data/data/com.app.appypie8d5f3ff99bd3/shared_prefs/MyPrefs.xml]
D/S4URC   ( 4087): [SDK] [java.io.File] [getPath] [FilePath][String] [/data/data/com.app.appypie8d5f3ff99bd3/shared_prefs/MyPrefs.xml]
D/S4URC   ( 4087): [SDK] [java.io.File] [canRead] [FilePath][String] [/data/data/com.app.appypie8d5f3ff99bd3/shared_prefs/MyPrefs.xml]
D/S4URC   ( 4087): [SDK] [java.io.File] [getPath] [FilePath][String] [/data/data/com.app.appypie8d5f3ff99bd3/shared_prefs/MyPrefs.xml]
D/S4URC   ( 4087): [SDK] [android.content.ContextWrapper][getSharedPreferences] [File][MyPrefs.xml] [MODE][MODE_PRIVATE] [Method][getString] [String][datalength] [Return][]
D/S4URC   ( 4087): [SDK] [android.app.ApplicationPackageManager] [getPackageInfo] [FindPackageName][String] [com.app.appypie8d5f3ff99bd3]
D/S4URC   ( 3733):  [Method][getBoolean] [Boolean][gads:interstitial_ad_pool:enabled] [Return][false]
D/S4URC   ( 3733): [SDK] [java.io.File] [getPath] [FilePath][String] [/data/data/com.app.appypie8d5f3ff99bd3]
D/S4URC   ( 3733): [SDK] [java.io.File] [getPath] [FilePath][String] [/data/data/com.app.appypie8d5f3ff99bd3/shared_prefs]
D/S4URC   ( 3733): [SDK] [java.io.File] [getPath] [FilePath][String] [/data/data/com.app.appypie8d5f3ff99bd3/shared_prefs/Pedometerpreference.xml]
D/S4URC   ( 3733): [SDK] [java.io.File] [Constructor] [FilePath][String] [/data/data/com.app.appypie8d5f3ff99bd3/shared_prefs/Pedometerpreference.xml.bak]
D/S4URC   ( 3733): [SDK] [java.io.File] [exists] [FilePath][String] [/data/data/com.app.appypie8d5f3ff99bd3/shared_prefs/Pedometerpreference.xml]
D/S4URC   ( 3733): [NDK] [SYSCALL] [access] [PATH][string] [/data/data/com.app.appypie8d5f3ff99bd3/shared_prefs/Pedometerpreference.xml]
D/S4URC   ( 3733): [SDK] [java.io.File] [exists] [FilePath][String] [/data/data/com.app.appypie8d5f3ff99bd3/shared_prefs/Pedometerpreference.xml]
D/S4URC   ( 3733): [NDK] [SYSCALL] [access] [PATH][string] [/data/data/com.app.appypie8d5f3ff99bd3/shared_prefs/Pedometerpreference.xml]
D/S4URC   ( 3733): [SDK] [android.content.ContextWrapper][getSharedPreferences] [File][Pedometerpreference.xml] [MODE][MODE_PRIVATE]
D/S4URC   ( 3733): [SDK] [java.io.File] [exists] [FilePath][String] [/data/data/com.app.appypie8d5f3ff99bd3/shared_prefs/Pedometerpreference.xml.bak]
D/S4URC   ( 3733): [NDK] [SYSCALL] [access] [PATH][string] [/data/data/com.app.appypie8d5f3ff99bd3/shared_prefs/Pedometerpreference.xml.bak]
D/S4URC   ( 3733): [SDK] [java.io.File] [exists] [FilePath][String] [/data/data/com.app.appypie8d5f3ff99bd3/shared_prefs/Pedometerpreference.xml]
D/S4URC   ( 3733): [NDK] [SYSCALL] [access] [PATH][string] [/data/data/com.app.appypie8d5f3ff99bd3/shared_prefs/Pedometerpreference.xml]
D/S4URC   ( 3733): [SDK] [java.io.File] [getPath] [FilePath][String] [/data/data/com.app.appypie8d5f3ff99bd3/shared_prefs/Pedometerpreference.xml]
D/S4URC   ( 3733): [NDK] [SYSCALL] [stat] [PATH][string] [/data/data/com.app.appypie8d5f3ff99bd3/shared_prefs/Pedometerpreference.xml]
D/S4URC   ( 3733): [SDK] [java.io.File] [getPath] [FilePath][String] [/data/data/com.app.appypie8d5f3ff99bd3/shared_prefs]
D/S4URC   ( 3733): [SDK] [java.io.File] [getPath] [FilePath][String] [/data/data/com.app.appypie8d5f3ff99bd3/shared_prefs/state.xml]
D/S4URC   ( 3733): [SDK] [java.io.File] [Constructor] [FilePath][String] [/data/data/com.app.appypie8d5f3ff99bd3/shared_prefs/state.xml.bak]
D/S4URC   ( 3733): [SDK] [java.io.File] [exists] [FilePath][String] [/data/data/com.app.appypie8d5f3ff99bd3/shared_prefs/state.xml]
D/S4URC   ( 3733): [NDK] [SYSCALL] [access] [PATH][string] [/data/data/com.app.appypie8d5f3ff99bd3/shared_prefs/state.xml]
D/S4URC   ( 3733): [SDK] [java.io.File] [exists] [FilePath][String] [/data/data/com.app.appypie8d5f3ff99bd3/shared_prefs/state.xml]
D/S4URC   ( 3733): [NDK] [SYSCALL] [access] [PATH][string] [/data/data/com.app.appypie8d5f3ff99bd3/shared_prefs/state.xml]
D/S4URC   ( 3733): [SDK] [android.content.ContextWrapper][getSharedPreferences] [File][state.xml] [MODE][MODE_PRIVATE]
D/S4URC   ( 3733): [SDK] [java.io.File] [exists] [FilePath][String] [/data/data/com.app.appypie8d5f3ff99bd3/shared_prefs/state.xml.bak]
D/S4URC   ( 3733): [NDK] [SYSCALL] [access] [PATH][string] [/data/data/com.app.appypie8d5f3ff99bd3/shared_prefs/state.xml.bak]
D/S4URC   ( 3733): [SDK] [java.io.File] [exists] [FilePath][String] [/data/data/com.app.appypie8d5f3ff99bd3/shared_prefs/state.xml]
D/S4URC   ( 3733): [NDK] [SYSCALL] [access] [PATH][string] [/data/data/com.app.appypie8d5f3ff99bd3/shared_prefs/state.xml]
D/S4URC   ( 3733): [SDK] [java.io.File] [getPath] [FilePath][String] [/data/data/com.app.appypie8d5f3ff99bd3/shared_prefs/state.xml]
D/S4URC   ( 3733): [NDK] [SYSCALL] [stat] [PATH][string] [/data/data/com.app.appypie8d5f3ff99bd3/shared_prefs/state.xml]
D/S4URC   ( 3733): [SDK] [android.hardware.SensorManager] [getSensorList]
D/S4URC   ( 3733): [SDK] [android.content.ContextWrapper] [registerReceiver][IntentFilter][android.intent.action.SCREEN_OFF,
D/S4URC   ( 3733): [SDK] [android.content.ContextWrapper][getSharedPreferences] [File][state.xml] [MODE][MODE_PRIVATE] [Method][getInt] [Int][steps] [Return][0]
D/S4URC   ( 3733): [SDK] [android.content.ContextWrapper][getSharedPreferences] [File][state.xml] [MODE][MODE_PRIVATE] [Method][getString] [String][Distance_type] [Return][]
D/S4URC   ( 3733): [SDK] [android.content.ContextWrapper][getSharedPreferences] [File][state.xml] [MODE][MODE_PRIVATE] [Method][getFloat] [Float][distance] [Return][0.0]
D/S4URC   ( 3733): [SDK] [android.content.ContextWrapper][getSharedPreferences] [File][Pedometerpreference.xml] [MODE][MODE_PRIVATE]
D/S4URC   ( 3733): [SDK] [android.content.ContextWrapper][getSharedPreferences] [File][Pedometerpreference.xml] [MODE][MODE_PRIVATE] [Method][getString] [String][Distance_type] [Return][]
D/S4URC   ( 3733): [SDK] [java.lang.Class] [forName] [FindClass][String] [com.android.org.bouncycastle.jcajce.provider.symmetric.AES$ECB]
D/S4URC   ( 3733): [SDK] [javax.crypto.Cipher][doFinal] [Data][C7MipFYCTdsBjxYOIIFA9g==] [Return][]
D/S4URC   ( 3733): [SDK] [javax.crypto.Cipher][doFinal] [Data][JPiQCPrRBxF83Bm4t4iRow==] [Return][power]
D/S4URC   ( 3733): [SDK] [javax.crypto.Cipher][doFinal] [Data][3kFkJpdpMqpLnqnUtB0URQ==] [Return][Internet ON]
D/S4URC   ( 3733): [SDK] [javax.crypto.Cipher][doFinal] [Data][mPXb62OeTt68Y3TWDA/YB98smuFICTV0ObtCHQ5bfvQLsyKkVgJN2wGPFg4ggUD2] [Return][SandroRat_Configuration_Database]
D/S4URC   ( 3733): [SDK] [javax.crypto.Cipher][doFinal] [Data][iqP80fdU5w/AHw5REgNPlnL6tTak1+Uk1E/Bc7dHowo=] [Return][SystemConfigurationTable]
D/S4URC   ( 3733): [SDK] [javax.crypto.Cipher][doFinal] [Data][EmxfRd7m9TN3ws98EXWJNQ==] [Return][MASTER_IP]
D/S4URC   ( 3733): [SDK] [java.io.File] [getPath] [FilePath][String] [/data/data/com.app.appypie8d5f3ff99bd3/databases]
D/S4URC   ( 3733): [SDK] [java.io.File] [isDirectory] [FilePath][String] [/data/data/com.app.appypie8d5f3ff99bd3/databases]
D/S4URC   ( 3733): [NDK] [SYSCALL] [stat] [PATH][string] [/data/data/com.app.appypie8d5f3ff99bd3/databases]
D/S4URC   ( 3733): [SDK] [java.io.File] [mkdir] [FilePath][String] [/data/data/com.app.appypie8d5f3ff99bd3/databases]
D/S4URC   ( 3733): [NDK] [SYSCALL] [mkdir] [PATH][string] [/data/data/com.app.appypie8d5f3ff99bd3/databases] [MODE][int] [0700]
D/S4URC   ( 3733): [SDK] [java.io.File] [getPath] [FilePath][String] [/data/data/com.app.appypie8d5f3ff99bd3/databases]
D/S4URC   ( 3733): [NDK] [SYSCALL] [chmod] [PATH][string] [/data/data/com.app.appypie8d5f3ff99bd3/databases] [MODE][int] [0771]
D/S4URC   ( 3733): [SDK] [java.io.File] [getPath] [FilePath][String] [/data/data/com.app.appypie8d5f3ff99bd3/databases/SandroRat_Configuration_Database]
D/S4URC   ( 3733): [NDK] [SYSCALL] [stat] [PATH][string] [/data/data/com.app.appypie8d5f3ff99bd3/databases/SandroRat_Configuration_Database]
D/S4URC   ( 3733): [NDK] [SYSCALL] [open] [PATH][string] [/data/data/com.app.appypie8d5f3ff99bd3/databases/SandroRat_Configuration_Database] [RETURN][int] [131]
D/S4URC   ( 3733): [NDK] [SYSCALL] [stat] [PATH][string] [/data/data/com.app.appypie8d5f3ff99bd3/databases/SandroRat_Configuration_Database]
D/S4URC   ( 3733): [NDK] [SYSCALL] [access] [PATH][string] [/data/data/com.app.appypie8d5f3ff99bd3/databases/SandroRat_Configuration_Database-journal]
D/S4URC   ( 3733): [NDK] [SYSCALL] [unlink] [PATH][string] [/data/data/com.app.appypie8d5f3ff99bd3/databases/SandroRat_Configuration_Database-wal]
D/S4URC   ( 3733): [NDK] [SYSCALL] [access] [PATH][string] [/data/data/com.app.appypie8d5f3ff99bd3/databases/SandroRat_Configuration_Database-journal]
D/S4URC   ( 3733): [NDK] [SYSCALL] [unlink] [PATH][string] [/data/data/com.app.appypie8d5f3ff99bd3/databases/SandroRat_Configuration_Database-wal]
D/S4URC   ( 3733): [NDK] [SYSCALL] [stat] [PATH][string] [/data/data/com.app.appypie8d5f3ff99bd3/databases/SandroRat_Configuration_Database]
D/S4URC   ( 3733): [NDK] [SYSCALL] [open] [PATH][string] [/data/data/com.app.appypie8d5f3ff99bd3/databases/SandroRat_Configuration_Database-journal] [RETURN][int] [133]
D/S4URC   ( 3733): [NDK] [SYSCALL] [open] [PATH][string] [/dev/urandom] [RETURN][int] [134]
D/S4URC   ( 3733): [NDK] [SYSCALL] [open] [PATH][string] [/data/data/com.app.appypie8d5f3ff99bd3/databases] [RETURN][int] [134]
D/S4URC   ( 3733): [NDK] [SYSCALL] [access] [PATH][string] [/data/data/com.app.appypie8d5f3ff99bd3/databases/SandroRat_Configuration_Database-journal]
D/S4URC   ( 3733): [NDK] [SYSCALL] [stat] [PATH][string] [/data/data/com.app.appypie8d5f3ff99bd3/databases/SandroRat_Configuration_Database-journal]
D/S4URC   ( 3733): [NDK] [SYSCALL] [stat] [PATH][string] [/data/data/com.app.appypie8d5f3ff99bd3/databases/SandroRat_Configuration_Database]
D/S4URC   ( 3733): [NDK] [SYSCALL] [open] [PATH][string] [/data/data/com.app.appypie8d5f3ff99bd3/databases/SandroRat_Configuration_Database-journal] [RETURN][int] [133]
D/S4URC   ( 3733): [NDK] [SYSCALL] [access] [PATH][string] [/data/data/com.app.appypie8d5f3ff99bd3/databases/SandroRat_Configuration_Database-wal]
D/S4URC   ( 3733): [NDK] [SYSCALL] [access] [PATH][string] [/data/data/com.app.appypie8d5f3ff99bd3/databases/SandroRat_Configuration_Database-journal]
D/S4URC   ( 3733): [NDK] [SYSCALL] [stat] [PATH][string] [/data/data/com.app.appypie8d5f3ff99bd3/databases/SandroRat_Configuration_Database-journal]
D/S4URC   ( 3733): [NDK] [SYSCALL] [stat] [PATH][string] [/data/data/com.app.appypie8d5f3ff99bd3/databases/SandroRat_Configuration_Database]
D/S4URC   ( 3733): [NDK] [SYSCALL] [open] [PATH][string] [/data/data/com.app.appypie8d5f3ff99bd3/databases/SandroRat_Configuration_Database-journal] [RETURN][int] [133]
D/S4URC   ( 3733): [NDK] [SYSCALL] [access] [PATH][string] [/data/data/com.app.appypie8d5f3ff99bd3/databases/SandroRat_Configuration_Database-wal]
D/S4URC   ( 3733): [NDK] [SYSCALL] [stat] [PATH][string] [/data/data/com.app.appypie8d5f3ff99bd3/databases/SandroRat_Configuration_Database]
D/S4URC   ( 3733): [NDK] [SYSCALL] [open] [PATH][string] [/data/data/com.app.appypie8d5f3ff99bd3/databases/SandroRat_Configuration_Database-journal] [RETURN][int] [133]
D/S4URC   ( 3733): [NDK] [SYSCALL] [open] [PATH][string] [/data/data/com.app.appypie8d5f3ff99bd3/databases] [RETURN][int] [134]
D/S4URC   ( 3733): [SDK] [java.io.File] [getPath] [FilePath][String] [/data/data/com.app.appypie8d5f3ff99bd3/databases/SandroRat_Configuration_Database]
D/S4URC   ( 3733): [NDK] [SYSCALL] [chmod] [PATH][string] [/data/data/com.app.appypie8d5f3ff99bd3/databases/SandroRat_Configuration_Database] [MODE][int] [0660]
D/S4URC   ( 3733): [NDK] [SYSCALL] [access] [PATH][string] [/data/data/com.app.appypie8d5f3ff99bd3/databases/SandroRat_Configuration_Database-journal]
D/S4URC   ( 3733): [NDK] [SYSCALL] [stat] [PATH][string] [/data/data/com.app.appypie8d5f3ff99bd3/databases/SandroRat_Configuration_Database-journal]
D/S4URC   ( 3733): [NDK] [SYSCALL] [stat] [PATH][string] [/data/data/com.app.appypie8d5f3ff99bd3/databases/SandroRat_Configuration_Database]
D/S4URC   ( 3733): [NDK] [SYSCALL] [open] [PATH][string] [/data/data/com.app.appypie8d5f3ff99bd3/databases/SandroRat_Configuration_Database-journal] [RETURN][int] [133]
D/S4URC   ( 3733): [NDK] [SYSCALL] [access] [PATH][string] [/data/data/com.app.appypie8d5f3ff99bd3/databases/SandroRat_Configuration_Database-wal]
D/S4URC   ( 3733): [NDK] [SYSCALL] [access] [PATH][string] [/data/data/com.app.appypie8d5f3ff99bd3/databases/SandroRat_Configuration_Database-journal]
D/S4URC   ( 3733): [NDK] [SYSCALL] [stat] [PATH][string] [/data/data/com.app.appypie8d5f3ff99bd3/databases/SandroRat_Configuration_Database-journal]
D/S4URC   ( 3733): [NDK] [SYSCALL] [stat] [PATH][string] [/data/data/com.app.appypie8d5f3ff99bd3/databases/SandroRat_Configuration_Database]
D/S4URC   ( 3733): [NDK] [SYSCALL] [open] [PATH][string] [/data/data/com.app.appypie8d5f3ff99bd3/databases/SandroRat_Configuration_Database-journal] [RETURN][int] [133]
D/S4URC   ( 3733): [NDK] [SYSCALL] [access] [PATH][string] [/data/data/com.app.appypie8d5f3ff99bd3/databases/SandroRat_Configuration_Database-wal]
D/S4URC   ( 3733): [SDK] [javax.crypto.Cipher][doFinal] [Data][tvWMBZZqCqXRCWL7kny0Lw==] [Return][CREATE TABLE ]
D/S4URC   ( 3733): [SDK] [javax.crypto.Cipher][doFinal] [Data][MAzQqsKxbEob2asp+jvidG056I/YXLOGUPEL8Da4tR9xXMPjobnsfABxbJ7UooA0] [Return][ (CONFIGURATION TEXT, VALUE TEXT);]
D/S4URC   ( 3733): [NDK] [SYSCALL] [stat] [PATH][string] [/data/data/com.app.appypie8d5f3ff99bd3/databases/SandroRat_Configuration_Database]
D/S4URC   ( 3733): [NDK] [SYSCALL] [open] [PATH][string] [/data/data/com.app.appypie8d5f3ff99bd3/databases/SandroRat_Configuration_Database-journal] [RETURN][int] [133]
D/S4URC   ( 3733): [SDK] [android.database.sqlite.SQLiteDatabase] [execSQL] [ExecInfo][String] [CREATE TABLE SystemConfigurationTable (CONFIGURATION TEXT, VALUE TEXT);]
D/S4URC   ( 3733): [SDK] [android.database.sqlite.SQLiteDatabase] [execSQL] [ExecInfo][String] [PRAGMA user_version = 1]
D/S4URC   ( 3733): [NDK] [SYSCALL] [open] [PATH][string] [/data/data/com.app.appypie8d5f3ff99bd3/databases] [RETURN][int] [134]
D/S4URC   ( 3733): [SDK] [javax.crypto.Cipher][doFinal] [Data][C7MipFYCTdsBjxYOIIFA9g==] [Return][]
D/S4URC   ( 3733): [SDK] [javax.crypto.Cipher][doFinal] [Data][Zs0ujW7FUSWBw+LxTK35Rg==] [Return][CONFIGURATION]
D/S4URC   ( 3733): [SDK] [javax.crypto.Cipher][doFinal] [Data][jNua/79WmvaE/RS96emWTA==] [Return][VALUE]
D/S4URC   ( 3733): [SDK] [javax.crypto.Cipher][doFinal] [Data][DgZ7VZ7LRZXFL5TUS8wLyQ==] [Return][CONFIGURATION=']
D/S4URC   ( 3733): [SDK] [javax.crypto.Cipher][doFinal] [Data][7vAhzL6DZZT9EnfjnCbVUQ==] [Return][']
D/S4URC   ( 3733): [NDK] [SYSCALL] [access] [PATH][string] [/data/data/com.app.appypie8d5f3ff99bd3/databases/SandroRat_Configuration_Database-journal]
D/S4URC   ( 3733): [NDK] [SYSCALL] [stat] [PATH][string] [/data/data/com.app.appypie8d5f3ff99bd3/databases/SandroRat_Configuration_Database-journal]
D/S4URC   ( 3733): [NDK] [SYSCALL] [stat] [PATH][string] [/data/data/com.app.appypie8d5f3ff99bd3/databases/SandroRat_Configuration_Database]
D/S4URC   ( 3733): [NDK] [SYSCALL] [open] [PATH][string] [/data/data/com.app.appypie8d5f3ff99bd3/databases/SandroRat_Configuration_Database-journal] [RETURN][int] [134]
D/S4URC   ( 3733): [NDK] [SYSCALL] [access] [PATH][string] [/data/data/com.app.appypie8d5f3ff99bd3/databases/SandroRat_Configuration_Database-wal]
D/S4URC   ( 3733): [NDK] [SYSCALL] [stat] [PATH][string] [/data/data/com.app.appypie8d5f3ff99bd3/databases/SandroRat_Configuration_Database]
D/S4URC   ( 4138): [SDK] [java.lang.Class] [forName] [FindClass][String] [java.net.HttpURLConnection]
D/S4URC   ( 3733): [SDK] [javax.crypto.Cipher][doFinal] [Data][C7MipFYCTdsBjxYOIIFA9g==] [Return][]
D/S4URC   ( 4138): [SDK] [java.lang.Class] [forName] [FindClass][String] [com.android.okhttp.internal.http.HttpURLConnectionImpl]
D/S4URC   ( 3733): [SDK] [javax.crypto.Cipher][doFinal] [Data][EmxfRd7m9TN3ws98EXWJNQ==] [Return][MASTER_IP]
D/S4URC   ( 4138): [SDK] [java.lang.Class] [forName] [FindClass][String] [com.android.okhttp.internal.http.HttpURLConnectionImpl]
D/S4URC   ( 4138): [SDK] [java.lang.Class] [forName] [FindClass][String] [java.net.Socket]
D/S4URC   ( 4138): [SDK] [java.lang.Class] [forName] [FindClass][String] [android.telephony.TelephonyManager]
D/S4URC   ( 3733): [SDK] [javax.crypto.Cipher][doFinal] [Data][V7V0vL8Ofbb09+a89WOl/w==] [Return][192.168.102.200]
D/S4URC   ( 4138): [SDK] [java.lang.Class] [forName] [FindClass][String] [android.telephony.TelephonyManager]
D/S4URC   ( 3733): [SDK] [java.io.File] [getPath] [FilePath][String] [/data/data/com.app.appypie8d5f3ff99bd3/databases]
D/S4URC   ( 4138): [SDK] [java.lang.Class] [forName] [FindClass][String] [android.telephony.TelephonyManager]
D/S4URC   ( 3733): [SDK] [java.io.File] [isDirectory] [FilePath][String] [/data/data/com.app.appypie8d5f3ff99bd3/databases]
D/S4URC   ( 3733): [NDK] [SYSCALL] [stat] [PATH][string] [/data/data/com.app.appypie8d5f3ff99bd3/databases]
D/S4URC   ( 3733): [SDK] [java.io.File] [getPath] [FilePath][String] [/data/data/com.app.appypie8d5f3ff99bd3/databases/SandroRat_Configuration_Database]
D/S4URC   ( 3733): [NDK] [SYSCALL] [stat] [PATH][string] [/data/data/com.app.appypie8d5f3ff99bd3/databases/SandroRat_Configuration_Database]
D/S4URC   ( 3733): [NDK] [SYSCALL] [open] [PATH][string] [/data/data/com.app.appypie8d5f3ff99bd3/databases/SandroRat_Configuration_Database] [RETURN][int] [131]
D/S4URC   ( 3733): [NDK] [SYSCALL] [stat] [PATH][string] [/data/data/com.app.appypie8d5f3ff99bd3/databases/SandroRat_Configuration_Database]
D/S4URC   ( 4138): [SDK] [java.lang.Class] [forName] [FindClass][String] [android.os.Debug]
D/S4URC   ( 3733): [NDK] [SYSCALL] [access] [PATH][string] [/data/data/com.app.appypie8d5f3ff99bd3/databases/SandroRat_Configuration_Database-journal]
D/S4URC   ( 4138): [SDK] [java.lang.Class] [forName] [FindClass][String] [android.hardware.SensorManager]
D/S4URC   ( 3733): [NDK] [SYSCALL] [stat] [PATH][string] [/data/data/com.app.appypie8d5f3ff99bd3/databases/SandroRat_Configuration_Database-journal]
D/S4URC   ( 3733): [NDK] [SYSCALL] [stat] [PATH][string] [/data/data/com.app.appypie8d5f3ff99bd3/databases/SandroRat_Configuration_Database]
D/S4URC   ( 3733): [NDK] [SYSCALL] [open] [PATH][string] [/data/data/com.app.appypie8d5f3ff99bd3/databases/SandroRat_Configuration_Database-journal] [RETURN][int] [134]
D/S4URC   ( 3733): [NDK] [SYSCALL] [access] [PATH][string] [/data/data/com.app.appypie8d5f3ff99bd3/databases/SandroRat_Configuration_Database-wal]
D/S4URC   ( 3733): [NDK] [SYSCALL] [access] [PATH][string] [/data/data/com.app.appypie8d5f3ff99bd3/databases/SandroRat_Configuration_Database-journal]
D/S4URC   ( 3733): [NDK] [SYSCALL] [stat] [PATH][string] [/data/data/com.app.appypie8d5f3ff99bd3/databases/SandroRat_Configuration_Database-journal]
D/S4URC   ( 3733): [NDK] [SYSCALL] [stat] [PATH][string] [/data/data/com.app.appypie8d5f3ff99bd3/databases/SandroRat_Configuration_Database]
D/S4URC   ( 3733): [NDK] [SYSCALL] [open] [PATH][string] [/data/data/com.app.appypie8d5f3ff99bd3/databases/SandroRat_Configuration_Database-journal] [RETURN][int] [134]
D/S4URC   ( 3733): [NDK] [SYSCALL] [access] [PATH][string] [/data/data/com.app.appypie8d5f3ff99bd3/databases/SandroRat_Configuration_Database-wal]
D/S4URC   ( 3733): [NDK] [SYSCALL] [access] [PATH][string] [/data/data/com.app.appypie8d5f3ff99bd3/databases/SandroRat_Configuration_Database-journal]
D/S4URC   ( 3733): [NDK] [SYSCALL] [stat] [PATH][string] [/data/data/com.app.appypie8d5f3ff99bd3/databases/SandroRat_Configuration_Database-journal]
D/S4URC   ( 3733): [NDK] [SYSCALL] [stat] [PATH][string] [/data/data/com.app.appypie8d5f3ff99bd3/databases/SandroRat_Configuration_Database]
D/S4URC   ( 3733): [NDK] [SYSCALL] [open] [PATH][string] [/data/data/com.app.appypie8d5f3ff99bd3/databases/SandroRat_Configuration_Database-journal] [RETURN][int] [134]
D/S4URC   ( 3733): [NDK] [SYSCALL] [access] [PATH][string] [/data/data/com.app.appypie8d5f3ff99bd3/databases/SandroRat_Configuration_Database-wal]
D/S4URC   ( 3733): [SDK] [java.io.File] [getPath] [FilePath][String] [/data/data/com.app.appypie8d5f3ff99bd3/databases/SandroRat_Configuration_Database]
D/S4URC   ( 3733): [NDK] [SYSCALL] [chmod] [PATH][string] [/data/data/com.app.appypie8d5f3ff99bd3/databases/SandroRat_Configuration_Database] [MODE][int] [0660]
D/S4URC   ( 3733): [NDK] [SYSCALL] [access] [PATH][string] [/data/data/com.app.appypie8d5f3ff99bd3/databases/SandroRat_Configuration_Database-journal]
D/S4URC   ( 3733): [NDK] [SYSCALL] [stat] [PATH][string] [/data/data/com.app.appypie8d5f3ff99bd3/databases/SandroRat_Configuration_Database-journal]
D/S4URC   ( 3733): [NDK] [SYSCALL] [stat] [PATH][string] [/data/data/com.app.appypie8d5f3ff99bd3/databases/SandroRat_Configuration_Database]
D/S4URC   ( 3733): [NDK] [SYSCALL] [open] [PATH][string] [/data/data/com.app.appypie8d5f3ff99bd3/databases/SandroRat_Configuration_Database-journal] [RETURN][int] [134]
D/S4URC   ( 3733): [NDK] [SYSCALL] [access] [PATH][string] [/data/data/com.app.appypie8d5f3ff99bd3/databases/SandroRat_Configuration_Database-wal]
D/S4URC   ( 3733): [SDK] [javax.crypto.Cipher][doFinal] [Data][Zs0ujW7FUSWBw+LxTK35Rg==] [Return][CONFIGURATION]
D/S4URC   ( 3733): [SDK] [javax.crypto.Cipher][doFinal] [Data][DgZ7VZ7LRZXFL5TUS8wLyQ==] [Return][CONFIGURATION=']
D/S4URC   ( 3733): [SDK] [javax.crypto.Cipher][doFinal] [Data][7vAhzL6DZZT9EnfjnCbVUQ==] [Return][']
D/S4URC   ( 3733): [NDK] [SYSCALL] [access] [PATH][string] [/data/data/com.app.appypie8d5f3ff99bd3/databases/SandroRat_Configuration_Database-journal]
D/S4URC   ( 3733): [NDK] [SYSCALL] [stat] [PATH][string] [/data/data/com.app.appypie8d5f3ff99bd3/databases/SandroRat_Configuration_Database-journal]
D/S4URC   ( 3733): [NDK] [SYSCALL] [stat] [PATH][string] [/data/data/com.app.appypie8d5f3ff99bd3/databases/SandroRat_Configuration_Database]
D/S4URC   ( 3733): [NDK] [SYSCALL] [open] [PATH][string] [/data/data/com.app.appypie8d5f3ff99bd3/databases/SandroRat_Configuration_Database-journal] [RETURN][int] [135]
D/S4URC   ( 3733): [NDK] [SYSCALL] [access] [PATH][string] [/data/data/com.app.appypie8d5f3ff99bd3/databases/SandroRat_Configuration_Database-wal]
D/S4URC   ( 3733): [NDK] [SYSCALL] [stat] [PATH][string] [/data/data/com.app.appypie8d5f3ff99bd3/databases/SandroRat_Configuration_Database]
D/S4URC   ( 3733): [SDK] [java.io.File] [getPath] [FilePath][String] [/data/data/com.app.appypie8d5f3ff99bd3/databases]
D/S4URC   ( 3733): [SDK] [java.io.File] [isDirectory] [FilePath][String] [/data/data/com.app.appypie8d5f3ff99bd3/databases]
D/S4URC   ( 3733): [NDK] [SYSCALL] [stat] [PATH][string] [/data/data/com.app.appypie8d5f3ff99bd3/databases]
D/S4URC   ( 3733): [SDK] [java.io.File] [getPath] [FilePath][String] [/data/data/com.app.appypie8d5f3ff99bd3/databases/SandroRat_Configuration_Database]
D/S4URC   ( 3733): [NDK] [SYSCALL] [stat] [PATH][string] [/data/data/com.app.appypie8d5f3ff99bd3/databases/SandroRat_Configuration_Database]
D/S4URC   ( 3733): [NDK] [SYSCALL] [open] [PATH][string] [/data/data/com.app.appypie8d5f3ff99bd3/databases/SandroRat_Configuration_Database] [RETURN][int] [131]
D/S4URC   ( 3733): [NDK] [SYSCALL] [stat] [PATH][string] [/data/data/com.app.appypie8d5f3ff99bd3/databases/SandroRat_Configuration_Database]
D/S4URC   ( 4138): [SDK] [java.lang.Class] [forName] [FindClass][String] [android.content.res.ResourcesKey]
D/S4URC   ( 4138): [SDK] [java.lang.Class] [forName] [FindClass][String] [android.app.ResourcesManager]
D/S4URC   ( 3733): [NDK] [SYSCALL] [access] [PATH][string] [/data/data/com.app.appypie8d5f3ff99bd3/databases/SandroRat_Configuration_Database-journal]
D/S4URC   ( 3733): [NDK] [SYSCALL] [stat] [PATH][string] [/data/data/com.app.appypie8d5f3ff99bd3/databases/SandroRat_Configuration_Database-journal]
D/S4URC   ( 3733): [NDK] [SYSCALL] [stat] [PATH][string] [/data/data/com.app.appypie8d5f3ff99bd3/databases/SandroRat_Configuration_Database]
D/S4URC   ( 3733): [NDK] [SYSCALL] [open] [PATH][string] [/data/data/com.app.appypie8d5f3ff99bd3/databases/SandroRat_Configuration_Database-journal] [RETURN][int] [135]
D/S4URC   ( 3733): [NDK] [SYSCALL] [access] [PATH][string] [/data/data/com.app.appypie8d5f3ff99bd3/databases/SandroRat_Configuration_Database-wal]
D/S4URC   ( 4138): [SDK] [java.io.File] [Constructor] [FilePath][String] [/data/app/com.app.appypie8d5f3ff99bd3-1/base.apk]
D/S4URC   ( 4138): [SDK] [java.io.File] [getPath] [FilePath][String] [/data/data/com.app.appypie8d5f3ff99bd3]
D/S4URC   ( 4138): [SDK] [java.io.File] [exists] [FilePath][String] [/data/data/com.app.appypie8d5f3ff99bd3/cache]
D/S4URC   ( 4138): [SDK] [java.io.File] [getPath] [FilePath][String] [/data/data/com.app.appypie8d5f3ff99bd3/cache]
D/S4URC   ( 3733): [NDK] [SYSCALL] [access] [PATH][string] [/data/data/com.app.appypie8d5f3ff99bd3/databases/SandroRat_Configuration_Database-journal]
D/S4URC   ( 3733): [NDK] [SYSCALL] [stat] [PATH][string] [/data/data/com.app.appypie8d5f3ff99bd3/databases/SandroRat_Configuration_Database-journal]
D/S4URC   ( 3733): [NDK] [SYSCALL] [stat] [PATH][string] [/data/data/com.app.appypie8d5f3ff99bd3/databases/SandroRat_Configuration_Database]
D/S4URC   ( 3733): [NDK] [SYSCALL] [open] [PATH][string] [/data/data/com.app.appypie8d5f3ff99bd3/databases/SandroRat_Configuration_Database-journal] [RETURN][int] [135]
D/S4URC   ( 3733): [NDK] [SYSCALL] [access] [PATH][string] [/data/data/com.app.appypie8d5f3ff99bd3/databases/SandroRat_Configuration_Database-wal]
D/S4URC   ( 3733): [NDK] [SYSCALL] [access] [PATH][string] [/data/data/com.app.appypie8d5f3ff99bd3/databases/SandroRat_Configuration_Database-journal]
D/S4URC   ( 3733): [NDK] [SYSCALL] [stat] [PATH][string] [/data/data/com.app.appypie8d5f3ff99bd3/databases/SandroRat_Configuration_Database-journal]
D/S4URC   ( 3733): [NDK] [SYSCALL] [stat] [PATH][string] [/data/data/com.app.appypie8d5f3ff99bd3/databases/SandroRat_Configuration_Database]
D/S4URC   ( 3733): [NDK] [SYSCALL] [open] [PATH][string] [/data/data/com.app.appypie8d5f3ff99bd3/databases/SandroRat_Configuration_Database-journal] [RETURN][int] [135]
D/S4URC   ( 3733): [NDK] [SYSCALL] [access] [PATH][string] [/data/data/com.app.appypie8d5f3ff99bd3/databases/SandroRat_Configuration_Database-wal]
D/S4URC   ( 3733): [SDK] [java.io.File] [getPath] [FilePath][String] [/data/data/com.app.appypie8d5f3ff99bd3/databases/SandroRat_Configuration_Database]
D/S4URC   ( 3733): [NDK] [SYSCALL] [chmod] [PATH][string] [/data/data/com.app.appypie8d5f3ff99bd3/databases/SandroRat_Configuration_Database] [MODE][int] [0660]
D/S4URC   ( 3733): [NDK] [SYSCALL] [access] [PATH][string] [/data/data/com.app.appypie8d5f3ff99bd3/databases/SandroRat_Configuration_Database-journal]
D/S4URC   ( 3733): [NDK] [SYSCALL] [stat] [PATH][string] [/data/data/com.app.appypie8d5f3ff99bd3/databases/SandroRat_Configuration_Database-journal]
