D/S4URC   ( 2547): [SDK] [java.io.File] [list] [FilePath][String] [/sys/class/net]
D/S4URC   ( 2547): [SDK] [javax.crypto.spec.SecretKeySpec][Constructor] [KEY][MjAxNwAAAAA=][type][DES][javax.crypto.Cipher][getInstance] [Cipher][DES] [javax.crypto.Cipher][getInstance] [Cipher][DES] [javax.crypto.Cipher][doFinal] [Data][dNvNW/zyLlhUWRURYLWYxQ==] [Return][/e/plus.jar]
D/S4URC   ( 2547): [SDK] [java.io.File] [exists] [FilePath][String] [/data/data/org.persuading.german/files]
D/S4URC   ( 2547): [SDK] [java.io.File] [getPath] [FilePath][String] [/data/data/org.persuading.german]
D/S4URC   ( 2547): [SDK] [java.io.File] [Constructor] [FilePath][String] [/data/data/org.persuading.german/files/e/plus.jar]
D/S4URC   ( 2547): [SDK] [java.io.File] [exists] [FilePath][String] [/data/data/org.persuading.german/files/e/plus.jar]
D/S4URC   ( 2547): [SDK] [java.io.File] [getPath] [FilePath][String] [/data/data/org.persuading.german/shared_prefs]
D/S4URC   ( 2547): [SDK] [java.io.File] [getPath] [FilePath][String] [/data/data/org.persuading.german/shared_prefs/zzconfig.xml]
D/S4URC   ( 2547): [SDK] [java.io.File] [Constructor] [FilePath][String] [/data/data/org.persuading.german/shared_prefs/zzconfig.xml.bak]
D/S4URC   ( 2547): [SDK] [java.io.File] [getParent] [FilePath][String] [/data/data/org.persuading.german/files/e/plus.jar]
D/S4URC   ( 2547): [SDK] [java.io.File] [Constructor] [FilePath][String] [/data/data/org.persuading.german/files/e]
D/S4URC   ( 2547): [SDK] [java.io.File] [exists] [FilePath][String] [/data/data/org.persuading.german/shared_prefs/zzconfig.xml]
D/S4URC   ( 2547): [SDK] [java.io.File] [exists] [FilePath][String] [/data/data/org.persuading.german/files/e]
D/S4URC   ( 2547): [SDK] [java.io.File] [getParent] [FilePath][String] [/data/data/org.persuading.german/files/e/plus.jar]
D/S4URC   ( 2547): [SDK] [java.io.File] [exists] [FilePath][String] [/data/data/org.persuading.german/shared_prefs/zzconfig.xml]
D/S4URC   ( 2547): [SDK] [java.io.File] [Constructor] [FilePath][String] [/data/data/org.persuading.german/files/e]
D/S4URC   ( 2547): [SDK] [java.io.File] [mkdirs] [FilePath][String] [/data/data/org.persuading.german/files/e]
D/S4URC   ( 2547): [SDK] [android.content.ContextWrapper][getSharedPreferences] [File][zzconfig.xml] [MODE][MODE_PRIVATE]
D/S4URC   ( 2547): [SDK] [java.io.File] [createNewFile] [FilePath][String] [/data/data/org.persuading.german/files/e/plus.jar]
D/S4URC   ( 2547): [SDK] [java.io.File] [getPath] [FilePath][String] [/data/data/org.persuading.german/files/e/plus.jar]
D/S4URC   ( 2547): [SDK] [java.io.File] [exists] [FilePath][String] [/data/data/org.persuading.german/shared_prefs/zzconfig.xml.bak]
D/S4URC   ( 2547): [SDK] [java.io.File] [exists] [FilePath][String] [/data/data/org.persuading.german/shared_prefs/zzconfig.xml]
D/S4URC   ( 2547): [SDK] [java.io.File] [getPath] [FilePath][String] [/data/data/org.persuading.german/shared_prefs/zzconfig.xml]
D/S4URC   ( 2547): [SDK] [java.lang.Class] [forName] [FindClass][String] [com.android.org.bouncycastle.jcajce.provider.symmetric.AES$ECB]
D/S4URC   ( 2547): [SDK] [javax.crypto.spec.SecretKeySpec][Constructor] [KEY][MjAxNwAAAAA=][type][DES][javax.crypto.Cipher][getInstance] [Cipher][DES] [javax.crypto.Cipher][getInstance] [Cipher][DES] [javax.crypto.Cipher][doFinal] [Data][CUwtwM5H3WKL80nVCm3AOHQrbMqj3vbc0yrMq/T3w79g+2i01lmxrg==] [Return][http://sdk.ejiasdk.com:8888/v1/sdk/init]
D/S4URC   ( 2547): [SDK] [javax.crypto.spec.SecretKeySpec][Constructor] [KEY][MjAxNwAAAAA=][type][DES][javax.crypto.Cipher][getInstance] [Cipher][DES] [javax.crypto.Cipher][getInstance] [Cipher][DES] [javax.crypto.Cipher][doFinal] [Data][dNvNW/zyLlhUWRURYLWYxQ==] [Return][/e/plus.jar]
D/S4URC   ( 2547): [SDK] [java.io.File] [exists] [FilePath][String] [/data/data/org.persuading.german/files]
D/S4URC   ( 2547): [SDK] [java.io.File] [Constructor] [FilePath][String] [/data/data/org.persuading.german/files/e/plus.jar]
D/S4URC   ( 2547): [SDK] [java.io.File] [Constructor] [FilePath][String] [/vendor/lib]
D/S4URC   ( 2547): [SDK] [java.io.File] [Constructor] [FilePath][String] [/system/lib]
D/S4URC   ( 2547): [SDK] [javax.crypto.spec.SecretKeySpec][Constructor] [KEY][MjAxNwAAAAA=][type][DES][javax.crypto.Cipher][getInstance] [Cipher][DES] [javax.crypto.Cipher][getInstance] [Cipher][DES] [javax.crypto.Cipher][doFinal] [Data][jKjitDg8CEDEuw49I1/Mx9bbFkzSqtJT] [Return][com.zo2017.main.ZQSDK]
D/S4URC   ( 2547): [SDK] [javax.crypto.spec.SecretKeySpec][Constructor] [KEY][MjAxNwAAAAA=][type][DES][javax.crypto.Cipher][getInstance] [Cipher][DES] [javax.crypto.Cipher][getInstance] [Cipher][DES] [javax.crypto.Cipher][doFinal] [Data][rqoJlFGplOz8N5iZ1aguLQ==] [Return][getInstance]
D/S4URC   ( 2547): [SDK] [javax.crypto.spec.SecretKeySpec][Constructor] [KEY][MjAxNwAAAAA=][type][DES][javax.crypto.Cipher][getInstance] [Cipher][DES] [javax.crypto.Cipher][getInstance] [Cipher][DES] [javax.crypto.Cipher][doFinal] [Data][4njzSW/AJt8=] [Return][InitSDK]
D/S4URC   ( 2547): [SDK] [android.content.ContentResolver] [query] [URL][String] [content://sms/]
D/S4URC   ( 2547): [SDK] [android.telephony.TelephonyManager] [getSubscriberId]
D/S4URC   ( 2547): [SDK] [android.telephony.TelephonyManager] [getLine1Number]
D/S4URC   ( 2547): [SDK] [java.io.File] [getPath] [FilePath][String] [/data/data/org.persuading.german/shared_prefs/zzconfig.xml]
D/S4URC   ( 2547): [SDK] [android.content.ContextWrapper][getSharedPreferences] [File][zzconfig.xml] [MODE][MODE_PRIVATE]
D/S4URC   ( 2547): [SDK] [java.io.File] [exists] [FilePath][String] [/data/data/org.persuading.german/shared_prefs/zzconfig.xml.bak]
D/S4URC   ( 2547): [SDK] [java.io.File] [exists] [FilePath][String] [/data/data/org.persuading.german/shared_prefs/zzconfig.xml]
D/S4URC   ( 2547): [SDK] [java.io.File] [getPath] [FilePath][String] [/data/data/org.persuading.german/shared_prefs/zzconfig.xml]
D/S4URC   ( 2547): [SDK] [android.content.ContextWrapper][getSharedPreferences] [File][zzconfig.xml] [MODE][MODE_PRIVATE] [Method][getInt] [Int][num] [Return][-1]
D/S4URC   ( 2547): [SDK] [android.content.ContextWrapper][getSharedPreferences] [File][zzconfig.xml] [MODE][MODE_PRIVATE] [Method][getInt] [Int][date] [Return][-1]
D/S4URC   ( 2547): [SDK] [java.io.File] [getPath] [FilePath][String] [/data/data/org.persuading.german/shared_prefs/zzconfig.xml]
D/S4URC   ( 2547): [SDK] [android.content.ContextWrapper][getSharedPreferences] [File][zzconfig.xml] [MODE][MODE_PRIVATE]
D/S4URC   ( 2547): [SDK] [java.io.File] [exists] [FilePath][String] [/data/data/org.persuading.german/shared_prefs/zzconfig.xml.bak]
D/S4URC   ( 2547): [SDK] [java.io.File] [exists] [FilePath][String] [/data/data/org.persuading.german/shared_prefs/zzconfig.xml]
D/S4URC   ( 2547): [SDK] [java.io.File] [getPath] [FilePath][String] [/data/data/org.persuading.german/shared_prefs/zzconfig.xml]
D/S4URC   ( 2547): [SDK] [android.content.ContextWrapper][getSharedPreferences] [File][zzconfig.xml] [MODE][MODE_PRIVATE] [Method][putInt] [Key][num] [Value][2]
D/S4URC   ( 2547): [SDK] [android.content.ContextWrapper][getSharedPreferences] [File][zzconfig.xml] [MODE][MODE_PRIVATE] [Method][putInt] [Key][date] [Value][20180829]
D/S4URC   ( 2547): [SDK] [java.io.File] [exists] [FilePath][String] [/data/data/org.persuading.german/shared_prefs/zzconfig.xml]
D/S4URC   ( 2547): [SDK] [java.io.File] [getPath] [FilePath][String] [/data/data/org.persuading.german/shared_prefs/zzconfig.xml]
D/S4URC   ( 2547): [SDK] [java.io.File] [delete] [FilePath][String] [/data/data/org.persuading.german/shared_prefs/zzconfig.xml.bak]
D/S4URC   ( 2547): [SDK] [android.app.ApplicationPackageManager] [getPackageInfo] [FindPackageName][String] [org.persuading.german]
D/S4URC   ( 2547): [SDK] [java.lang.Class] [forName] [FindClass][String] [android.telephony.MSimTelephonyManager]
D/S4URC   ( 2547): [SDK] [java.lang.Class] [forName] [FindClass][String] [com.yulong.android.mms.util.MmsFrameworkInterface]
D/S4URC   ( 2547): [SDK] [android.telephony.TelephonyManager] [getSubscriberId]
D/S4URC   ( 2547): [SDK] [java.net] [HttpURLConnection] [URL][String] [http://pv.sohu.com/cityjson?ie=utf-8]
D/S4URC   ( 2547): [SDK] [android.content.ContextWrapper] [registerReceiver][IntentFilter][android.provider.Telephony.SMS_RECEIVED,com.zqsdk.SMS_SENT,com.zqsdk.SMS_SENT_CONFIRM,com.zqsdk.SMS_SENT_SERVICE,com.zqsdk.SMS_DELIVERED,
D/S4URC   ( 2547): [SDK] [android.content.ContentResolver] [registerContentObserver] [URL][String] [content://sms/inbox]
D/S4URC   ( 2547): [SDK] [java.io.File] [getPath] [FilePath][String] [/data/data/org.persuading.german/shared_prefs/zzconfig.xml]
D/S4URC   ( 2547): [SDK] [android.content.ContextWrapper][getSharedPreferences] [File][zzconfig.xml] [MODE][MODE_PRIVATE]
D/S4URC   ( 2547): [SDK] [android.content.ContextWrapper][getSharedPreferences] [File][zzconfig.xml] [MODE][MODE_PRIVATE] [Method][putString] [Key][ver] [Value][48]
D/S4URC   ( 2547): [SDK] [java.io.File] [exists] [FilePath][String] [/data/data/org.persuading.german/shared_prefs/zzconfig.xml]
D/S4URC   ( 2547): [SDK] [java.io.File] [exists] [FilePath][String] [/data/data/org.persuading.german/shared_prefs/zzconfig.xml.bak]
D/S4URC   ( 2547): [SDK] [java.io.File] [renameTo] [FilePath][String] [/data/data/org.persuading.german/shared_prefs/zzconfig.xml] [DesFile][/data/data/org.persuading.german/shared_prefs/zzconfig.xml.bak]
D/S4URC   ( 2547): [SDK] [java.io.File] [getPath] [FilePath][String] [/data/data/org.persuading.german/shared_prefs/zzconfig.xml]
D/S4URC   ( 2547): [SDK] [java.io.File] [delete] [FilePath][String] [/data/data/org.persuading.german/shared_prefs/zzconfig.xml.bak]
D/S4URC   ( 2547): [SDK] [java.io.File] [Constructor] [FilePath][String] [/data/data/org.persuading.german]
D/S4URC   ( 2547): [SDK] [java.io.File] [getPath] [FilePath][String] [/data/data/org.persuading.german]
D/S4URC   ( 2547): [SDK] [java.io.File] [exists] [FilePath][String] [/data/data/org.persuading.german/daemon]
D/S4URC   ( 2547): [SDK] [java.io.File] [getPath] [FilePath][String] [/data/data/org.persuading.german/daemon.t]
D/S4URC   ( 2547): [SDK] [java.io.File] [Constructor] [FilePath][String] [/data/data/org.persuading.german/daemon.t.tmp]
D/S4URC   ( 2547): [SDK] [java.io.File] [delete] [FilePath][String] [/data/data/org.persuading.german/daemon.t]
D/S4URC   ( 2547): [SDK] [java.io.File] [getPath] [FilePath][String] [/data/data/org.persuading.german/daemon.t.tmp]
D/S4URC   ( 2547): [SDK] [java.io.File] [renameTo] [FilePath][String] [/data/data/org.persuading.german/daemon.t.tmp] [DesFile][/data/data/org.persuading.german/daemon.t]
D/S4URC   ( 2547): [SDK] [java.io.File] [getPath] [FilePath][String] [/data/data/org.persuading.german/shared_prefs]
D/S4URC   ( 2547): [SDK] [java.io.File] [renameTo] [FilePath][String] [/data/data/org.persuading.german/daemon.t] [DesFile][/data/data/org.persuading.german/daemon]
D/S4URC   ( 2547): [SDK] [java.io.File] [getPath] [FilePath][String] [/data/data/org.persuading.german/shared_prefs/org.persuading.german91YKJ.xml]
D/S4URC   ( 2547): [SDK] [java.io.File] [exists] [FilePath][String] [/data/data/org.persuading.german/daemon]
D/S4URC   ( 2547): [SDK] [java.io.File] [getPath] [FilePath][String] [/data/data/org.persuading.german/daemon]
D/S4URC   ( 2547): [SDK] [java.io.File] [Constructor] [FilePath][String] [/data/data/org.persuading.german/shared_prefs/org.persuading.german91YKJ.xml.bak]
D/S4URC   ( 2547): [SDK] [java.lang.Class] [forName] [FindClass][String] [com.eplus.internet.service.DmService]
D/S4URC   ( 2547): [SDK] [java.io.File] [exists] [FilePath][String] [/data/data/org.persuading.german/shared_prefs/org.persuading.german91YKJ.xml]
D/S4URC   ( 2547): [SDK] [java.io.File] [getPath] [FilePath][String] [/data/data/org.persuading.german/daemon]
D/S4URC   ( 2547): [SDK] [java.io.File] [exists] [FilePath][String] [/data/data/org.persuading.german/shared_prefs/org.persuading.german91YKJ.xml]
D/S4URC   ( 2547): [SDK] [java.lang.Runtime] [exec] [Command][String] [chmod777/data/data/org.persuading.german/daemon]
D/S4URC   ( 2547): [SDK] [android.content.ContextWrapper][getSharedPreferences] [File][org.persuading.german91YKJ.xml] [MODE][APPEND or MULTI_PROCESS]
D/S4URC   ( 2547): [SDK] [java.io.File] [exists] [FilePath][String] [/data/data/org.persuading.german/shared_prefs/org.persuading.german91YKJ.xml.bak]
D/S4URC   ( 2547): [SDK] [java.io.File] [exists] [FilePath][String] [/data/data/org.persuading.german/shared_prefs/org.persuading.german91YKJ.xml]
D/S4URC   ( 2547): [SDK] [java.io.File] [getPath] [FilePath][String] [/data/data/org.persuading.german/shared_prefs/org.persuading.german91YKJ.xml]
D/S4URC   ( 2547): [SDK] [android.content.ContextWrapper][getSharedPreferences] [File][org.persuading.german91YKJ.xml] [MODE][APPEND or MULTI_PROCESS] [Method][putString] [Key][cpappid] [Value][477]
D/S4URC   ( 2547): [SDK] [java.io.File] [exists] [FilePath][String] [/data/data/org.persuading.german/shared_prefs/org.persuading.german91YKJ.xml]
D/S4URC   ( 2547): [SDK] [java.io.File] [getPath] [FilePath][String] [/data/data/org.persuading.german/shared_prefs/org.persuading.german91YKJ.xml]
D/S4URC   ( 2547): [SDK] [java.io.File] [delete] [FilePath][String] [/data/data/org.persuading.german/shared_prefs/org.persuading.german91YKJ.xml.bak]
D/S4URC   ( 2547): [SDK] [java.io.File] [getPath] [FilePath][String] [/storage/sdcard0]
D/S4URC   ( 2547): [SDK] [android.os.Environment] [getExternalStorageDirectory] [DirectoryPath][String] [/storage/sdcard0]
D/S4URC   ( 2547): [SDK] [java.io.File] [getPath] [FilePath][String] [/storage/sdcard0]
D/S4URC   ( 2547): [SDK] [java.io.File] [Constructor] [FilePath][String] [/storage/sdcard0/NinePay]
D/S4URC   ( 2547): [SDK] [java.io.File] [exists] [FilePath][String] [/storage/sdcard0/NinePay]
D/S4URC   ( 2547): [SDK] [java.io.File] [mkdirs] [FilePath][String] [/storage/sdcard0/NinePay]
D/S4URC   ( 2547): [SDK] [java.io.File] [Constructor] [FilePath][String] [/storage/sdcard0/NinePay/org.persuading.german]
D/S4URC   ( 2547): [SDK] [java.io.File] [exists] [FilePath][String] [/storage/sdcard0/NinePay/org.persuading.german]
D/S4URC   ( 2547): [SDK] [java.io.File] [mkdirs] [FilePath][String] [/storage/sdcard0/NinePay/org.persuading.german]
D/S4URC   ( 2547): [SDK] [java.io.File] [getParent] [FilePath][String] [/storage/sdcard0/NinePay/org.persuading.german]
D/S4URC   ( 2547): [SDK] [java.io.File] [Constructor] [FilePath][String] [/storage/sdcard0/NinePay]
D/S4URC   ( 2547): [SDK] [java.io.File] [Constructor] [FilePath][String] [/storage/sdcard0/NinePay/org.persuading.german/picture]
D/S4URC   ( 2547): [SDK] [java.io.File] [exists] [FilePath][String] [/storage/sdcard0/NinePay/org.persuading.german/picture]
D/S4URC   ( 2547): [SDK] [java.lang.Runtime] [exec] [Command][String] [/data/data/org.persuading.german/daemon-porg.persuading.german/daemon-ram startservice  --user 0 -n org.persuading.german/com.eplus.internet.service.DmService -e key daemon-i2547]
D/S4URC   ( 2547): [SDK] [java.io.File] [mkdirs] [FilePath][String] [/storage/sdcard0/NinePay/org.persuading.german/picture]
D/S4URC   ( 2547): [SDK] [java.io.File] [getParent] [FilePath][String] [/storage/sdcard0/NinePay/org.persuading.german/picture]
D/S4URC   ( 2547): [SDK] [java.io.File] [Constructor] [FilePath][String] [/storage/sdcard0/NinePay/org.persuading.german]
D/S4URC   ( 2547): [SDK] [java.io.File] [getParent] [FilePath][String] [/storage/sdcard0/NinePay/org.persuading.german]
D/S4URC   ( 2547): [SDK] [java.io.File] [Constructor] [FilePath][String] [/storage/sdcard0/NinePay]
D/S4URC   ( 2547): [SDK] [java.io.File] [Constructor] [FilePath][String] [/storage/sdcard0/NinePay/org.persuading.german/log]
D/S4URC   ( 2547): [SDK] [java.io.File] [exists] [FilePath][String] [/storage/sdcard0/NinePay/org.persuading.german/log]
D/S4URC   ( 2547): [SDK] [java.io.File] [mkdirs] [FilePath][String] [/storage/sdcard0/NinePay/org.persuading.german/log]
D/S4URC   ( 2547): [SDK] [java.io.File] [getParent] [FilePath][String] [/storage/sdcard0/NinePay/org.persuading.german/log]
D/S4URC   ( 2547): [SDK] [java.io.File] [Constructor] [FilePath][String] [/storage/sdcard0/NinePay/org.persuading.german]
D/S4URC   ( 2547): [SDK] [java.io.File] [getParent] [FilePath][String] [/storage/sdcard0/NinePay/org.persuading.german]
D/S4URC   ( 2547): [SDK] [java.io.File] [Constructor] [FilePath][String] [/storage/sdcard0/NinePay]
D/S4URC   ( 2547): [SDK] [java.io.File] [Constructor] [FilePath][String] [/storage/sdcard0/NinePay/org.persuading.german/info]
D/S4URC   ( 2547): [SDK] [java.io.File] [exists] [FilePath][String] [/storage/sdcard0/NinePay/org.persuading.german/info]
D/S4URC   ( 2547): [SDK] [java.io.File] [mkdirs] [FilePath][String] [/storage/sdcard0/NinePay/org.persuading.german/info]
D/S4URC   ( 2547): [SDK] [java.io.File] [getParent] [FilePath][String] [/storage/sdcard0/NinePay/org.persuading.german/info]
D/S4URC   ( 2547): [SDK] [java.io.File] [Constructor] [FilePath][String] [/storage/sdcard0/NinePay/org.persuading.german]
D/S4URC   ( 2547): [SDK] [java.io.File] [getParent] [FilePath][String] [/storage/sdcard0/NinePay/org.persuading.german]
D/S4URC   ( 2547): [SDK] [java.io.File] [Constructor] [FilePath][String] [/storage/sdcard0/NinePay]
D/S4URC   ( 2547): [SDK] [java.io.File] [Constructor] [FilePath][String] [/storage/sdcard0/NinePay/org.persuading.german/apk]
D/S4URC   ( 2547): [SDK] [java.io.File] [exists] [FilePath][String] [/storage/sdcard0/NinePay/org.persuading.german/apk]
D/S4URC   ( 2547): [SDK] [java.io.File] [mkdirs] [FilePath][String] [/storage/sdcard0/NinePay/org.persuading.german/apk]
D/S4URC   ( 2547): [SDK] [java.io.File] [getParent] [FilePath][String] [/storage/sdcard0/NinePay/org.persuading.german/apk]
D/S4URC   ( 2547): [SDK] [java.io.File] [Constructor] [FilePath][String] [/storage/sdcard0/NinePay/org.persuading.german]
D/S4URC   ( 2547): [SDK] [java.io.File] [getParent] [FilePath][String] [/storage/sdcard0/NinePay/org.persuading.german]
D/S4URC   ( 2547): [SDK] [java.io.File] [Constructor] [FilePath][String] [/storage/sdcard0/NinePay]
D/S4URC   ( 2547): [SDK] [java.io.File] [Constructor] [FilePath][String] [/storage/sdcard0/NinePay/org.persuading.german/log/autolog.info]
D/S4URC   ( 2547): [SDK] [java.io.File] [exists] [FilePath][String] [/storage/sdcard0/NinePay/org.persuading.german/log/autolog.info]
D/S4URC   ( 2547): [SDK] [java.lang.Runtime] [exec] [Command][String] [getpropapps.customerservice.device]
D/S4URC   ( 2547): [SDK] [android.telephony.TelephonyManager] [getSubscriberId]
D/S4URC   ( 2547): [SDK] [java.io.File] [getPath] [FilePath][String] [/data/data/org.persuading.german/shared_prefs/org.persuading.german91YKJ.xml]
D/S4URC   ( 2547): [SDK] [android.content.ContextWrapper][getSharedPreferences] [File][org.persuading.german91YKJ.xml] [MODE][APPEND or MULTI_PROCESS]
D/S4URC   ( 2547): [SDK] [android.content.ContextWrapper][getSharedPreferences] [File][org.persuading.german91YKJ.xml] [MODE][APPEND or MULTI_PROCESS] [Method][getString] [String][cpappid] [Return][477]
D/S4URC   ( 2547): [SDK] [android.app.ApplicationPackageManager] [getPackageInfo] [FindPackageName][String] [org.persuading.german]
D/S4URC   ( 2547): [SDK] [java.io.File] [exists] [FilePath][String] [/data/data/org.persuading.german/files]
D/S4URC   ( 2547): [SDK] [java.io.File] [getPath] [FilePath][String] [/data/data/org.persuading.german/files]
D/S4URC   ( 2547): [SDK] [java.io.File] [exists] [FilePath][String] [/data/data/org.persuading.german/files/getlei.info]
D/S4URC   ( 2547): [SDK] [android.content.ContextWrapper] [registerReceiver][IntentFilter][org.persuading.german.5150daef-bff1-4557-b502-353da667c4ef.pay.ACTION_SUCC_OK,org.persuading.german.5150daef-bff1-4557-b502-353da667c4ef.pay.game.SEND_SMS1_SUC,org.persuading.german.5150daef-bff1-4557-b502-353da667c4ef.pay.game.SEND_SMS2_SUC,org.persuading.german.5150daef-bff1-4557-b502-353da667c4ef.pay.swtichnet.ACTION,android.net.conn.CONNECTIVITY_CHANGE,org.persuading.german.5150daef-bff1-4557-b502-353da667c4ef.pay.21cn.monthly.done,org.persuading.german.5150daef-bff1-4557-b502-353da667c4ef.pay.tykj.emp.done,org.persuading.german.5150daef-bff1-4557-b502-353da667c4ef.pay.migu.sendmsg.done,com.sdky.jzp.service.CoreService_onCreated,
D/S4URC   ( 2547): [SDK] [android.app.ApplicationPackageManager] [getApplicationInfo] [FindApplicationName][String] [org.persuading.german]
D/S4URC   ( 2547): [SDK] [java.lang.Runtime] [exec] [Command][String] [getpropapps.customerservice.device]
D/S4URC   ( 2547): [SDK] [java.lang.Class] [forName] [FindClass][String] [android.telephony.MSimTelephonyManager]
D/S4URC   ( 2547): [SDK] [android.telephony.TelephonyManager] [getSubscriberId]
D/S4URC   ( 2547): [SDK] [android.app.ApplicationPackageManager] [getApplicationInfo] [FindApplicationName][String] [org.persuading.german]
D/S4URC   ( 2547): [SDK] [android.app.ActivityManager] [getRunningAppProcesses]
D/S4URC   ( 2547): [SDK] [android.app.ApplicationPackageManager] [getApplicationInfo] [FindApplicationName][String] [org.persuading.german]
D/S4URC   ( 2547): [SDK] [java.lang.Class] [forName] [FindClass][String] [com.android.org.bouncycastle.jcajce.provider.symmetric.DES$KeyFactory]
D/S4URC   ( 2547): [SDK] [javax.crypto.spec.SecretKeySpec][Constructor] [KEY][1aa28b5d][type][DES][javax.crypto.Cipher][getInstance] [Cipher][DES] [javax.crypto.Cipher][getInstance] [Cipher][DES] [javax.crypto.Cipher][doFinal] [Data][*v'..i.k] [Return][rushId]
D/S4URC   ( 2547): [SDK] [javax.crypto.spec.SecretKeySpec][Constructor] [KEY][1aa28b5d][type][DES][javax.crypto.Cipher][getInstance] [Cipher][DES] [javax.crypto.Cipher][getInstance] [Cipher][DES] [javax.crypto.Cipher][doFinal] [Data][VO7XR8o5/9E=] [Return][qsh_pid]
D/S4URC   ( 2547): [SDK] [android.app.ApplicationPackageManager] [getPackageInfo] [FindPackageName][String] [org.persuading.german]
D/S4URC   ( 2547): [SDK] [javax.crypto.spec.SecretKeySpec][Constructor] [KEY][1aa28b5d][type][DES][javax.crypto.Cipher][getInstance] [Cipher][DES] [javax.crypto.Cipher][getInstance] [Cipher][DES] [javax.crypto.Cipher][doFinal] [Data][fOhSN7EXqbWcGQiyYPNR4A==] [Return][qshp_3001_2257]
D/S4URC   ( 2547): [SDK] [javax.crypto.spec.SecretKeySpec][Constructor] [KEY][1aa28b5d][type][DES][javax.crypto.Cipher][getInstance] [Cipher][DES] [javax.crypto.Cipher][getInstance] [Cipher][DES] [javax.crypto.Cipher][doFinal] [Data][O/yAWgmo5n6BRVlg3ne5wg==] [Return][adopentype]
D/S4URC   ( 2547): [SDK] [android.telephony.TelephonyManager] [getLine1Number]
D/S4URC   ( 2649): [SDK] [java.lang.Class] [forName] [FindClass][String] [java.net.HttpURLConnection]
D/S4URC   ( 2649): [SDK] [java.lang.Class] [forName] [FindClass][String] [com.android.okhttp.internal.http.HttpURLConnectionImpl]
D/S4URC   ( 2649): [SDK] [java.lang.Class] [forName] [FindClass][String] [java.net.Socket]
D/S4URC   ( 2649): [SDK] [java.lang.Class] [forName] [FindClass][String] [android.telephony.TelephonyManager]
D/S4URC   ( 2649): [SDK] [java.lang.Class] [forName] [FindClass][String] [android.os.Debug]
D/S4URC   ( 2649): [SDK] [java.lang.Class] [forName] [FindClass][String] [android.hardware.SensorManager]
D/S4URC   ( 2547): [SDK] [android.app.ApplicationPackageManager] [getPackageInfo] [FindPackageName][String] [org.persuading.german]
D/S4URC   ( 2547): [SDK] [java.io.File] [list] [FilePath][String] [/sys/class/net]
D/S4URC   ( 2547): [SDK] [java.lang.Class] [forName] [FindClass][String] [com.umeng.analytics.MobclickAgent]
D/S4URC   ( 2649): [SDK] [java.lang.Class] [forName] [FindClass][String] [android.content.res.ResourcesKey]
D/S4URC   ( 2649): [SDK] [java.lang.Class] [forName] [FindClass][String] [android.app.ResourcesManager]
D/S4URC   ( 2547): [SDK] [java.io.File] [getPath] [FilePath][String] [/data/data/org.persuading.german/shared_prefs]
D/S4URC   ( 2547): [SDK] [java.io.File] [getPath] [FilePath][String] [/data/data/org.persuading.german/shared_prefs/umeng_general_config.xml]
D/S4URC   ( 2547): [SDK] [java.io.File] [Constructor] [FilePath][String] [/data/data/org.persuading.german/shared_prefs/umeng_general_config.xml.bak]
D/S4URC   ( 2649): [SDK] [java.io.File] [Constructor] [FilePath][String] [/data/app/org.persuading.german-1/base.apk]
D/S4URC   ( 2547): [SDK] [java.io.File] [exists] [FilePath][String] [/data/data/org.persuading.german/shared_prefs/umeng_general_config.xml]
D/S4URC   ( 2649): [SDK] [java.io.File] [getPath] [FilePath][String] [/data/data/org.persuading.german]
D/S4URC   ( 2649): [SDK] [java.io.File] [exists] [FilePath][String] [/data/data/org.persuading.german/cache]
D/S4URC   ( 2547): [SDK] [java.io.File] [exists] [FilePath][String] [/data/data/org.persuading.german/shared_prefs/umeng_general_config.xml]
D/S4URC   ( 2547): [SDK] [android.content.ContextWrapper][getSharedPreferences] [File][umeng_general_config.xml] [MODE][MODE_PRIVATE]
D/S4URC   ( 2649): [SDK] [java.io.File] [getPath] [FilePath][String] [/data/data/org.persuading.german/cache]
D/S4URC   ( 2547): [SDK] [java.io.File] [exists] [FilePath][String] [/data/data/org.persuading.german/shared_prefs/umeng_general_config.xml.bak]
D/S4URC   ( 2547): [SDK] [java.io.File] [exists] [FilePath][String] [/data/data/org.persuading.german/shared_prefs/umeng_general_config.xml]
D/S4URC   ( 2547): [SDK] [java.io.File] [getPath] [FilePath][String] [/data/data/org.persuading.german/shared_prefs/umeng_general_config.xml]
D/S4URC   ( 2547): [SDK] [android.content.ContextWrapper][getSharedPreferences] [File][umeng_general_config.xml] [MODE][MODE_PRIVATE] [Method][getInt] [Int][successful_request] [Return][0]
D/S4URC   ( 2547): [SDK] [android.content.ContextWrapper][getSharedPreferences] [File][umeng_general_config.xml] [MODE][MODE_PRIVATE] [Method][getInt] [Int][failed_requests ] [Return][0]
D/S4URC   ( 2547): [SDK] [android.content.ContextWrapper][getSharedPreferences] [File][umeng_general_config.xml] [MODE][MODE_PRIVATE] [Method][getInt] [Int][last_request_spent_ms] [Return][0]
D/S4URC   ( 2547): [SDK] [android.content.ContextWrapper][getSharedPreferences] [File][umeng_general_config.xml] [MODE][MODE_PRIVATE] [Method][getIong] [Iong][last_request_time] [Return][0]
D/S4URC   ( 2547): [SDK] [android.content.ContextWrapper][getSharedPreferences] [File][umeng_general_config.xml] [MODE][MODE_PRIVATE] [Method][getIong] [Iong][last_req] [Return][0]
D/S4URC   ( 2547): [SDK] [java.io.File] [exists] [FilePath][String] [/data/data/org.persuading.german/files]
D/S4URC   ( 2547): [SDK] [java.io.File] [getPath] [FilePath][String] [/data/data/org.persuading.german/files]
D/S4URC   ( 2547): [SDK] [java.io.File] [exists] [FilePath][String] [/data/data/org.persuading.german/files/.um]
D/S4URC   ( 2649): [SDK] [java.io.File] [getPath] [FilePath][String] [/data/data/org.persuading.german]
D/S4URC   ( 2547): [SDK] [java.io.File] [mkdir] [FilePath][String] [/data/data/org.persuading.german/files/.um]
D/S4URC   ( 2649): [SDK] [java.io.File] [exists] [FilePath][String] [/data/data/org.persuading.german/files]
D/S4URC   ( 2649): [SDK] [java.io.File] [Constructor] [FilePath][String] [/data/data/org.persuading.german/files/isvostchik.jar]
D/S4URC   ( 2649): [SDK] [java.io.File] [exists] [FilePath][String] [/data/data/org.persuading.german/files/isvostchik.jar]
D/S4URC   ( 2649): [SDK] [dalvik.system.DexClassLoader] [Constructor] [DexPath][String] [/data/data/org.persuading.german/files/isvostchik.jar] [NDKPath][String] [null]
D/S4URC   ( 2649): [SDK] [java.io.File] [Constructor] [FilePath][String] [/data/data/org.persuading.german/files]
D/S4URC   ( 2649): [SDK] [dalvik.system.BaseDexClassLoader] [Constructor] [DexPath][String] [/data/data/org.persuading.german/files/isvostchik.jar] [NDKPath][String] [null]
D/S4URC   ( 2649): [SDK] [java.io.File] [exists] [FilePath][String] [/data/data/org.persuading.german/files]
D/S4URC   ( 2649): [SDK] [java.io.File] [canRead] [FilePath][String] [/data/data/org.persuading.german/files]
D/S4URC   ( 2649): [SDK] [java.io.File] [canWrite] [FilePath][String] [/data/data/org.persuading.german/files]
D/S4URC   ( 2649): [SDK] [java.io.File] [Constructor] [FilePath][String] [/data/data/org.persuading.german/files/isvostchik.jar]
D/S4URC   ( 2649): [SDK] [java.io.File] [getName] [FilePath][String] [/data/data/org.persuading.german/files/isvostchik.jar]
D/S4URC   ( 2547): [SDK] [java.io.File] [exists] [FilePath][String] [/data/data/org.persuading.german/files]
D/S4URC   ( 2649): [SDK] [java.io.File] [isDirectory] [FilePath][String] [/data/data/org.persuading.german/files/isvostchik.jar]
D/S4URC   ( 2547): [SDK] [java.io.File] [getPath] [FilePath][String] [/data/data/org.persuading.german/files]
D/S4URC   ( 2649): [SDK] [java.io.File] [isFile] [FilePath][String] [/data/data/org.persuading.german/files/isvostchik.jar]
D/S4URC   ( 2547): [SDK] [java.io.File] [exists] [FilePath][String] [/data/data/org.persuading.german/files/.imprint]
D/S4URC   ( 2649): [SDK] [java.io.File] [getName] [FilePath][String] [/data/data/org.persuading.german/files/isvostchik.jar]
D/S4URC   ( 2649): [SDK] [java.io.File] [getPath] [FilePath][String] [/data/data/org.persuading.german/files]
D/S4URC   ( 2649): [SDK] [java.io.File] [getPath] [FilePath][String] [/data/data/org.persuading.german/files/isvostchik.dex]
D/S4URC   ( 2649): [SDK] [java.io.File] [getPath] [FilePath][String] [/data/data/org.persuading.german/files/isvostchik.jar]
D/S4URC   ( 2649): [SDK] [java.io.File] [Constructor] [FilePath][String] [/data/data/org.persuading.german/files/isvostchik.dex]
D/S4URC   ( 2649): [SDK] [java.io.File] [getParent] [FilePath][String] [/data/data/org.persuading.german/files/isvostchik.dex]
D/S4URC   ( 2649): [SDK] [dalvik.system.DexFile] [openDexFile] [DexPath][String] [/data/data/org.persuading.german/files/isvostchik.jar]
D/S4URC   ( 2649): [SDK] [java.io.File] [Constructor] [FilePath][String] [/data/data/org.persuading.german/files/isvostchik.jar]
D/S4URC   ( 2649): [SDK] [java.io.File] [Constructor] [FilePath][String] [/data/data/org.persuading.german/files/isvostchik.dex]
D/S4URC   ( 2547): [SDK] [java.io.File] [getPath] [FilePath][String] [/data/data/org.persuading.german/shared_prefs/umeng_general_config.xml]
D/S4URC   ( 2547): [SDK] [android.content.ContextWrapper][getSharedPreferences] [File][umeng_general_config.xml] [MODE][MODE_PRIVATE]
D/S4URC   ( 2649): [SDK] [java.io.File] [Constructor] [FilePath][String] [/vendor/lib]
D/S4URC   ( 2547): [SDK] [java.io.File] [exists] [FilePath][String] [/data/data/org.persuading.german/shared_prefs/umeng_general_config.xml.bak]
D/S4URC   ( 2649): [SDK] [java.io.File] [Constructor] [FilePath][String] [/system/lib]
D/S4URC   ( 2547): [SDK] [java.io.File] [exists] [FilePath][String] [/data/data/org.persuading.german/shared_prefs/umeng_general_config.xml]
D/S4URC   ( 2547): [SDK] [java.io.File] [getPath] [FilePath][String] [/data/data/org.persuading.german/shared_prefs/umeng_general_config.xml]
D/S4URC   ( 2547): [SDK] [android.content.ContextWrapper][getSharedPreferences] [File][umeng_general_config.xml] [MODE][MODE_PRIVATE] [Method][getString] [String][signature] [Return][null]
D/S4URC   ( 2547): [SDK] [java.io.File] [getPath] [FilePath][String] [/data/data/org.persuading.german/shared_prefs/umeng_general_config.xml]
D/S4URC   ( 2547): [SDK] [android.content.ContextWrapper][getSharedPreferences] [File][umeng_general_config.xml] [MODE][MODE_PRIVATE]
D/S4URC   ( 2547): [SDK] [java.io.File] [exists] [FilePath][String] [/data/data/org.persuading.german/shared_prefs/umeng_general_config.xml.bak]
D/S4URC   ( 2547): [SDK] [java.io.File] [exists] [FilePath][String] [/data/data/org.persuading.german/shared_prefs/umeng_general_config.xml]
D/S4URC   ( 2547): [SDK] [java.io.File] [getPath] [FilePath][String] [/data/data/org.persuading.german/shared_prefs/umeng_general_config.xml]
D/S4URC   ( 2547): [SDK] [android.content.ContextWrapper][getSharedPreferences] [File][umeng_general_config.xml] [MODE][MODE_PRIVATE] [Method][getIong] [Iong][thtstart] [Return][0]
D/S4URC   ( 2547): [SDK] [android.content.ContextWrapper][getSharedPreferences] [File][umeng_general_config.xml] [MODE][MODE_PRIVATE] [Method][getInt] [Int][gkvc] [Return][0]
D/S4URC   ( 2547): [SDK] [android.content.ContextWrapper][getSharedPreferences] [File][umeng_general_config.xml] [MODE][MODE_PRIVATE] [Method][getInt] [Int][ekvc] [Return][0]
D/S4URC   ( 2547): [SDK] [java.io.File] [getPath] [FilePath][String] [/data/data/org.persuading.german/shared_prefs/umeng_general_config.xml]
D/S4URC   ( 2547): [SDK] [android.content.ContextWrapper][getSharedPreferences] [File][umeng_general_config.xml] [MODE][MODE_PRIVATE]
D/S4URC   ( 2649): [SDK] [java.lang.Class] [forName] [FindClass][String] [com.compat.plus.main.MaySDK]
D/S4URC   ( 2547): [SDK] [java.io.File] [exists] [FilePath][String] [/data/data/org.persuading.german/shared_prefs/umeng_general_config.xml.bak]
D/S4URC   ( 2547): [SDK] [java.io.File] [exists] [FilePath][String] [/data/data/org.persuading.german/shared_prefs/umeng_general_config.xml]
D/S4URC   ( 2547): [SDK] [java.io.File] [getPath] [FilePath][String] [/data/data/org.persuading.german/shared_prefs/umeng_general_config.xml]
D/S4URC   ( 2649): [SDK] [android.app.ApplicationPackageManager] [getApplicationInfo] [FindApplicationName][String] [org.persuading.german]
D/S4URC   ( 2547): [SDK] [android.content.ContextWrapper][getSharedPreferences] [File][umeng_general_config.xml] [MODE][MODE_PRIVATE] [Method][getString] [String][fs_lc_tl] [Return][null]
D/S4URC   ( 2649): [SDK] [android.app.ApplicationPackageManager] [getApplicationInfo] [FindApplicationName][String] [org.persuading.german]
D/S4URC   ( 2649): [SDK] [java.lang.Class] [forName] [FindClass][String] [dalvik.system.DexClassLoader]
D/S4URC   ( 2547): [SDK] [java.io.File] [getPath] [FilePath][String] [/data/data/org.persuading.german/shared_prefs/umeng_general_config.xml]
D/S4URC   ( 2547): [SDK] [android.content.ContextWrapper][getSharedPreferences] [File][umeng_general_config.xml] [MODE][MODE_PRIVATE]
D/S4URC   ( 2649): [SDK] [java.io.File] [Constructor] [FilePath][String] [/storage/sdcard0]
D/S4URC   ( 2547): [SDK] [java.io.File] [exists] [FilePath][String] [/data/data/org.persuading.german/shared_prefs/umeng_general_config.xml.bak]
D/S4URC   ( 2649): [SDK] [java.io.File] [Constructor] [FilePath][String] [/storage/sdcard0]
D/S4URC   ( 2649): [SDK] [java.io.File] [Constructor] [FilePath][String] [/storage/sdcard1]
D/S4URC   ( 2649): [SDK] [java.io.File] [Constructor] [FilePath][String] [/storage/usb2host]
D/S4URC   ( 2649): [SDK] [java.io.File] [Constructor] [FilePath][String] [/storage/usb3device]
D/S4URC   ( 2649): [SDK] [java.io.File] [Constructor] [FilePath][String] [/storage/usb3host]
D/S4URC   ( 2547): [SDK] [java.io.File] [exists] [FilePath][String] [/data/data/org.persuading.german/shared_prefs/umeng_general_config.xml]
D/S4URC   ( 2547): [SDK] [java.io.File] [getPath] [FilePath][String] [/data/data/org.persuading.german/shared_prefs/umeng_general_config.xml]
D/S4URC   ( 2547): [SDK] [android.content.ContextWrapper][getSharedPreferences] [File][umeng_general_config.xml] [MODE][MODE_PRIVATE] [Method][getInt] [Int][versioncode] [Return][0]
D/S4URC   ( 2649): [SDK] [android.os.Environment] [getExternalStorageState] [ExternalStorageState][String] [mounted]
D/S4URC   ( 2649): [SDK] [java.io.File] [getPath] [FilePath][String] [/storage/sdcard0]
D/S4URC   ( 2649): [SDK] [android.os.Environment] [getExternalStorageDirectory] [DirectoryPath][String] [/storage/sdcard0]
D/S4URC   ( 2649): [SDK] [java.io.File] [canRead] [FilePath][String] [/storage/sdcard0]
D/S4URC   ( 2649): [SDK] [java.io.File] [canWrite] [FilePath][String] [/storage/sdcard0]
D/S4URC   ( 2649): [SDK] [java.io.File] [getPath] [FilePath][String] [/storage/sdcard0]
D/S4URC   ( 2649): [SDK] [android.os.Environment] [getExternalStorageDirectory] [DirectoryPath][String] [/storage/sdcard0]
D/S4URC   ( 2649): [SDK] [java.io.File] [Constructor] [FilePath][String] [/storage/sdcard0/zhimeng123.evn]
D/S4URC   ( 2649): [SDK] [java.io.File] [exists] [FilePath][String] [/storage/sdcard0/zhimeng123.evn]
D/S4URC   ( 2547): [SDK] [android.app.ApplicationPackageManager] [getPackageInfo] [FindPackageName][String] [org.persuading.german]
D/S4URC   ( 2547): [SDK] [java.io.File] [Constructor] [FilePath][String] [/data/data/org.persuading.german/databases/cc/cc.db]
D/S4URC   ( 2547): [SDK] [java.io.File] [getParent] [FilePath][String] [/data/data/org.persuading.german/databases/cc/cc.db]
D/S4URC   ( 2547): [SDK] [java.io.File] [Constructor] [FilePath][String] [/data/data/org.persuading.german/databases/cc]
D/S4URC   ( 2547): [SDK] [java.io.File] [exists] [FilePath][String] [/data/data/org.persuading.german/databases/cc]
D/S4URC   ( 2547): [SDK] [java.io.File] [getParent] [FilePath][String] [/data/data/org.persuading.german/databases/cc/cc.db]
D/S4URC   ( 2547): [SDK] [java.io.File] [Constructor] [FilePath][String] [/data/data/org.persuading.german/databases/cc]
D/S4URC   ( 2547): [SDK] [java.io.File] [isDirectory] [FilePath][String] [/data/data/org.persuading.german/databases/cc]
D/S4URC   ( 2547): [SDK] [java.io.File] [getParent] [FilePath][String] [/data/data/org.persuading.german/databases/cc/cc.db]
D/S4URC   ( 2547): [SDK] [java.io.File] [Constructor] [FilePath][String] [/data/data/org.persuading.german/databases/cc]
D/S4URC   ( 2547): [SDK] [java.io.File] [mkdirs] [FilePath][String] [/data/data/org.persuading.german/databases/cc]
D/S4URC   ( 2547): [SDK] [android.content.ContextWrapper][getSharedPreferences] [File][umeng_general_config.xml] [MODE][MODE_PRIVATE] [Method][getIong] [Iong][a_start_time] [Return][0]
D/S4URC   ( 2547): [SDK] [java.io.File] [getParent] [FilePath][String] [/data/data/org.persuading.german/databases/cc]
D/S4URC   ( 2547): [SDK] [android.content.ContextWrapper][getSharedPreferences] [File][umeng_general_config.xml] [MODE][MODE_PRIVATE] [Method][getIong] [Iong][a_end_time] [Return][0]
D/S4URC   ( 2547): [SDK] [java.io.File] [Constructor] [FilePath][String] [/data/data/org.persuading.german/databases]
D/S4URC   ( 2547): [SDK] [java.io.File] [getPath] [FilePath][String] [/data/data/org.persuading.german/shared_prefs/umeng_general_config.xml]
D/S4URC   ( 2547): [SDK] [java.io.File] [mkdir] [FilePath][String] [/data/data/org.persuading.german/databases/cc]
D/S4URC   ( 2547): [SDK] [java.io.File] [getPath] [FilePath][String] [/storage/sdcard0]
D/S4URC   ( 2547): [SDK] [android.os.Environment] [getExternalStorageDirectory] [DirectoryPath][String] [/storage/sdcard0]
D/S4URC   ( 2547): [SDK] [java.io.File] [getPath] [FilePath][String] [/storage/sdcard0]
D/S4URC   ( 2547): [SDK] [java.io.File] [Constructor] [FilePath][String] [/storage/sdcard0/Android/data/3949BA59/10ADC.94]
D/S4URC   ( 2547): [SDK] [java.io.File] [exists] [FilePath][String] [/storage/sdcard0/Android/data/3949BA59/10ADC.94]
D/S4URC   ( 2547): [SDK] [android.content.ContextWrapper][getSharedPreferences] [File][umeng_general_config.xml] [MODE][MODE_PRIVATE]
D/S4URC   ( 2547): [SDK] [java.io.File] [exists] [FilePath][String] [/data/data/org.persuading.german/shared_prefs/umeng_general_config.xml.bak]
D/S4URC   ( 2547): [SDK] [java.io.File] [exists] [FilePath][String] [/data/data/org.persuading.german/shared_prefs/umeng_general_config.xml]
D/S4URC   ( 2547): [SDK] [java.io.File] [getPath] [FilePath][String] [/data/data/org.persuading.german/shared_prefs/umeng_general_config.xml]
D/S4URC   ( 2547): [SDK] [android.content.ContextWrapper][getSharedPreferences] [File][umeng_general_config.xml] [MODE][MODE_PRIVATE] [Method][getInt] [Int][vt] [Return][0]
D/S4URC   ( 2547): [SDK] [java.io.File] [getPath] [FilePath][String] [/data/data/org.persuading.german/shared_prefs/umeng_general_config.xml]
D/S4URC   ( 2547): [SDK] [android.content.ContextWrapper][getSharedPreferences] [File][umeng_general_config.xml] [MODE][MODE_PRIVATE]
D/S4URC   ( 2649): [SDK] [java.lang.Class] [forName] [FindClass][String] [com.android.org.conscrypt.OpenSSLMessageDigestJDK$MD5]
D/S4URC   ( 2547): [SDK] [android.content.ContentResolver] [registerContentObserver] [URL][String] [content://sms/]
D/S4URC   ( 2547): [SDK] [java.io.File] [exists] [FilePath][String] [/data/data/org.persuading.german/shared_prefs/umeng_general_config.xml.bak]
D/S4URC   ( 2547): [SDK] [android.content.ContentResolver] [registerContentObserver] [URL][String] [content://sms/]
D/S4URC   ( 2547): [SDK] [java.io.File] [exists] [FilePath][String] [/data/data/org.persuading.german/shared_prefs/umeng_general_config.xml]
D/S4URC   ( 2547): [SDK] [java.io.File] [getPath] [FilePath][String] [/data/data/org.persuading.german/shared_prefs/umeng_general_config.xml]
D/S4URC   ( 2547): [SDK] [android.content.ContextWrapper][getSharedPreferences] [File][umeng_general_config.xml] [MODE][MODE_PRIVATE] [Method][getInt] [Int][vt] [Return][0]
D/S4URC   ( 2649): [SDK] [java.io.File] [getPath] [FilePath][String] [/data/data/org.persuading.german]
D/S4URC   ( 2649): [SDK] [java.io.File] [getPath] [FilePath][String] [/data/data/org.persuading.german/shared_prefs]
D/S4URC   ( 2649): [SDK] [java.io.File] [getPath] [FilePath][String] [/data/data/org.persuading.german/shared_prefs/zplugin_query.xml]
D/S4URC   ( 2649): [SDK] [java.io.File] [Constructor] [FilePath][String] [/data/data/org.persuading.german/shared_prefs/zplugin_query.xml.bak]
D/S4URC   ( 2649): [SDK] [java.io.File] [exists] [FilePath][String] [/data/data/org.persuading.german/shared_prefs/zplugin_query.xml]
D/S4URC   ( 2649): [SDK] [android.content.ContextWrapper][getSharedPreferences] [File][zplugin_query.xml] [MODE][APPEND or MULTI_PROCESS]
D/S4URC   ( 2547): [SDK] [android.content.ContentResolver] [registerContentObserver] [URL][String] [content://settings/system/enable_stylus_gestures]
D/S4URC   ( 2547): [SDK] [javax.crypto.spec.SecretKeySpec][Constructor] [KEY][1aa28b5d][type][DES][javax.crypto.Cipher][getInstance] [Cipher][DES] [javax.crypto.Cipher][getInstance] [Cipher][DES] [javax.crypto.Cipher][doFinal] [Data][Zzp8Uci06LaSSBXafcL2Bw==] [Return][.twservice]
D/S4URC   ( 2547): [SDK] [java.io.File] [getPath] [FilePath][String] [/storage/sdcard0]
D/S4URC   ( 2547): [SDK] [android.os.Environment] [getExternalStorageDirectory] [DirectoryPath][String] [/storage/sdcard0]
D/S4URC   ( 2547): [SDK] [java.io.File] [getPath] [FilePath][String] [/storage/sdcard0]
D/S4URC   ( 2547): [SDK] [java.io.File] [exists] [FilePath][String] [/storage/sdcard0/.twservice]
D/S4URC   ( 2649): [SDK] [java.io.File] [exists] [FilePath][String] [/data/data/org.persuading.german/shared_prefs/zplugin_query.xml.bak]
D/S4URC   ( 2649): [SDK] [java.io.File] [exists] [FilePath][String] [/data/data/org.persuading.german/shared_prefs/zplugin_query.xml]
D/S4URC   ( 2649): [SDK] [java.io.File] [getPath] [FilePath][String] [/data/data/org.persuading.german/shared_prefs/zplugin_query.xml]
D/S4URC   ( 2547): [SDK] [java.io.File] [mkdirs] [FilePath][String] [/storage/sdcard0/.twservice]
D/S4URC   ( 2649): [SDK] [android.telephony.TelephonyManager] [getSubscriberId]
D/S4URC   ( 2547): [SDK] [java.io.File] [exists] [FilePath][String] [/data/data/org.persuading.german/files]
D/S4URC   ( 2547): [SDK] [java.io.File] [getPath] [FilePath][String] [/data/data/org.persuading.german/files]
D/S4URC   ( 2547): [SDK] [java.io.File] [exists] [FilePath][String] [/data/data/org.persuading.german/files/.twservice]
D/S4URC   ( 2547): [SDK] [java.io.File] [mkdirs] [FilePath][String] [/data/data/org.persuading.german/files/.twservice]
D/S4URC   ( 2547): [SDK] [java.io.File] [listFiles] [FilePath][String] [/data/data/org.persuading.german/files/.twservice]
D/S4URC   ( 2547): [SDK] [java.io.File] [list] [FilePath][String] [/data/data/org.persuading.german/files/.twservice]
D/S4URC   ( 2547): [SDK] [javax.crypto.spec.SecretKeySpec][Constructor] [KEY][1aa28b5d][type][DES][javax.crypto.Cipher][getInstance] [Cipher][DES] [javax.crypto.Cipher][getInstance] [Cipher][DES] [javax.crypto.Cipher][doFinal] [Data][fOhSN7EXqbWcGQiyYPNR4A==] [Return][qshp_3001_2257]
D/S4URC   ( 2547): [SDK] [javax.crypto.spec.SecretKeySpec][Constructor] [KEY][1aa28b5d][type][DES][javax.crypto.Cipher][getInstance] [Cipher][DES] [javax.crypto.Cipher][getInstance] [Cipher][DES] [javax.crypto.Cipher][doFinal] [Data][WIyD2Ah+JuM=] [Return][.zip]
D/S4URC   ( 2547): [SDK] [java.io.File] [Constructor] [FilePath][String] [/data/data/org.persuading.german/files/.twservice]
D/S4URC   ( 2547): [SDK] [java.io.File] [exists] [FilePath][String] [/data/data/org.persuading.german/files/.twservice]
D/S4URC   ( 2547): [SDK] [java.io.File] [Constructor] [FilePath][String] [/data/data/org.persuading.german/files/.twservice/qshp_3001_2257.zip]
D/S4URC   ( 2547): [SDK] [java.io.File] [exists] [FilePath][String] [/data/data/org.persuading.german/files/.twservice/qshp_3001_2257.zip]
D/S4URC   ( 2547): [SDK] [java.io.File] [getName] [FilePath][String] [/data/data/org.persuading.german/files/.twservice/qshp_3001_2257.zip]
D/S4URC   ( 2547): [SDK] [javax.crypto.spec.SecretKeySpec][Constructor] [KEY][1aa28b5d][type][DES][javax.crypto.Cipher][getInstance] [Cipher][DES] [javax.crypto.Cipher][getInstance] [Cipher][DES] [javax.crypto.Cipher][doFinal] [Data][SoW4tGapkhYKQ3ox9f+Wrg==] [Return][tkwdencodekey]
D/S4URC   ( 2547): [SDK] [javax.crypto.spec.SecretKeySpec][Constructor] [KEY][1aa28b5d][type][DES][javax.crypto.Cipher][getInstance] [Cipher][DES] [javax.crypto.Cipher][getInstance] [Cipher][DES] [javax.crypto.Cipher][doFinal] [Data][BAXzr/xUy80=] [Return][DES]
D/S4URC   ( 2547): [SDK] [java.io.File] [getParent] [FilePath][String] [/data/data/org.persuading.german/files/.twservice/qshp_3001_2257.zip]
D/S4URC   ( 2547): [SDK] [java.io.File] [Constructor] [FilePath][String] [/data/data/org.persuading.german/files/.twservice]
D/S4URC   ( 2547): [SDK] [java.io.File] [exists] [FilePath][String] [/data/data/org.persuading.german/files/.twservice]
D/S4URC   ( 2547): [SDK] [java.io.File] [createNewFile] [FilePath][String] [/data/data/org.persuading.german/files/.twservice/qshp_3001_2257.zip]
D/S4URC   ( 2547): [SDK] [java.io.File] [getPath] [FilePath][String] [/data/data/org.persuading.german/files/.twservice/qshp_3001_2257.zip]
D/S4URC   ( 2547): [SDK] [android.app.ApplicationPackageManager] [getApplicationInfo] [FindApplicationName][String] [org.persuading.german]
D/S4URC   ( 2547): [SDK] [android.database.sqlite.SQLiteDatabase] [execSQL] [ExecInfo][String] [create table if not exists aggregated_cache(Id INTEGER primary key autoincrement, key TEXT, totalTimestamp TEXT, value INTEGER, count INTEGER, label TEXT, timeWindowNum TEXT)]
D/S4URC   ( 2547): [SDK] [android.database.sqlite.SQLiteDatabase] [execSQL] [ExecInfo][String] [create table if not exists aggregated(Id INTEGER primary key autoincrement, key TEXT, totalTimestamp TEXT, value INTEGER, count INTEGER, label TEXT, timeWindowNum TEXT)]
D/S4URC   ( 2547): [SDK] [android.database.sqlite.SQLiteDatabase] [execSQL] [ExecInfo][String] [create table if not exists system(Id INTEGER primary key autoincrement, key TEXT, timeStamp INTEGER, count INTEGER)]
D/S4URC   ( 2547): [SDK] [java.io.File] [getPath] [FilePath][String] [/data/data/org.persuading.german/shared_prefs/umeng_general_config.xml]
D/S4URC   ( 2547): [SDK] [android.database.sqlite.SQLiteDatabase] [execSQL] [ExecInfo][String] [create table if not exists limitedck(Id INTEGER primary key autoincrement, ck TEXT unique)]
D/S4URC   ( 2547): [SDK] [android.content.ContextWrapper][getSharedPreferences] [File][umeng_general_config.xml] [MODE][MODE_PRIVATE]
D/S4URC   ( 2547): [SDK] [android.database.sqlite.SQLiteDatabase] [execSQL] [ExecInfo][String] [PRAGMA user_version = 1]
D/S4URC   ( 2547): [SDK] [java.io.File] [exists] [FilePath][String] [/data/data/org.persuading.german/shared_prefs/umeng_general_config.xml.bak]
D/S4URC   ( 2547): [SDK] [java.io.File] [exists] [FilePath][String] [/data/data/org.persuading.german/shared_prefs/umeng_general_config.xml]
D/S4URC   ( 2547): [SDK] [java.io.File] [getPath] [FilePath][String] [/data/data/org.persuading.german/shared_prefs/umeng_general_config.xml]
D/S4URC   ( 2547): [SDK] [android.content.ContextWrapper][getSharedPreferences] [File][umeng_general_config.xml] [MODE][MODE_PRIVATE] [Method][getString] [String][session_id] [Return][null]
D/S4URC   ( 2547): [SDK] [android.content.ContextWrapper][getSharedPreferences] [File][umeng_general_config.xml] [MODE][MODE_PRIVATE] [Method][putString] [Key][session_id] [Value][7D23F50111BE2FEAFABA31E33CD85638]
D/S4URC   ( 2547): [SDK] [android.content.ContextWrapper][getSharedPreferences] [File][umeng_general_config.xml] [MODE][MODE_PRIVATE] [Method][putLong] [Key][session_start_time] [Value][1535554930345]
D/S4URC   ( 2547): [SDK] [android.content.ContextWrapper][getSharedPreferences] [File][umeng_general_config.xml] [MODE][MODE_PRIVATE] [Method][putLong] [Key][session_end_time] [Value][0]
D/S4URC   ( 2547): [SDK] [android.content.ContextWrapper][getSharedPreferences] [File][umeng_general_config.xml] [MODE][MODE_PRIVATE] [Method][putLong] [Key][a_start_time] [Value][1535554930346]
D/S4URC   ( 2547): [SDK] [android.content.ContextWrapper][getSharedPreferences] [File][umeng_general_config.xml] [MODE][MODE_PRIVATE] [Method][putLong] [Key][a_end_time] [Value][0]
D/S4URC   ( 2547): [SDK] [android.app.ApplicationPackageManager] [getPackageInfo] [FindPackageName][String] [org.persuading.german]
D/S4URC   ( 2547): [SDK] [android.content.ContextWrapper][getSharedPreferences] [File][umeng_general_config.xml] [MODE][MODE_PRIVATE] [Method][putInt] [Key][versioncode] [Value][0]
D/S4URC   ( 2547): [SDK] [android.app.ApplicationPackageManager] [getPackageInfo] [FindPackageName][String] [org.persuading.german]
D/S4URC   ( 2649): [SDK] [android.telephony.TelephonyManager] [getSubscriberId]
D/S4URC   ( 2547): [SDK] [javax.crypto.spec.SecretKeySpec][Constructor] [KEY][1aa28b5d][type][DES][javax.crypto.Cipher][getInstance] [Cipher][DES] [javax.crypto.Cipher][getInstance] [Cipher][DES] [javax.crypto.Cipher][doFinal] [Data][WIyD2Ah+JuM=] [Return][.zip]
