D/S4URC   ( 2543): [SDK] [android.database.sqlite.SQLiteDatabase] [insert] [Table][String] [app_statistics]
D/S4URC   ( 2543): [NDK] [SYSCALL] [stat] [PATH][string] [/data/data/com.cooee.launcherS4/databases/launcher.db]
D/S4URC   ( 2543): [NDK] [SYSCALL] [open] [PATH][string] [/data/data/com.cooee.launcherS4/databases/launcher.db-journal] [RETURN][int] [48]
D/S4URC   ( 2543): [NDK] [SYSCALL] [open] [PATH][string] [/data/data/com.cooee.launcherS4/databases] [RETURN][int] [57]
D/S4URC   ( 2543): [SDK] [android.database.sqlite.SQLiteDatabase] [insert] [Table][String] [favorites]
D/S4URC   ( 2543): [NDK] [SYSCALL] [access] [PATH][string] [/data/data/com.cooee.launcherS4/databases/launcher.db-journal]
D/S4URC   ( 2543): [NDK] [SYSCALL] [stat] [PATH][string] [/data/data/com.cooee.launcherS4/databases/launcher.db-journal]
D/S4URC   ( 2543): [NDK] [SYSCALL] [stat] [PATH][string] [/data/data/com.cooee.launcherS4/databases/launcher.db]
D/S4URC   ( 2543): [NDK] [SYSCALL] [open] [PATH][string] [/data/data/com.cooee.launcherS4/databases/launcher.db-journal] [RETURN][int] [48]
D/S4URC   ( 2543): [NDK] [SYSCALL] [access] [PATH][string] [/data/data/com.cooee.launcherS4/databases/launcher.db-wal]
D/S4URC   ( 2543): [NDK] [SYSCALL] [stat] [PATH][string] [/data/data/com.cooee.launcherS4/databases/launcher.db]
D/S4URC   ( 2543): [NDK] [SYSCALL] [open] [PATH][string] [/data/data/com.cooee.launcherS4/databases/launcher.db-journal] [RETURN][int] [48]
D/S4URC   ( 2543): [NDK] [SYSCALL] [open] [PATH][string] [/data/data/com.cooee.launcherS4/databases] [RETURN][int] [57]
D/S4URC   ( 2543): [SDK] [java.lang.Runtime] [loadLibrary] [SoPath][String] [coogl20]
D/S4URC   ( 2543): [SDK] [java.io.File] [getPath] [FilePath][String] [/data/app/com.cooee.launcherS4-1/lib/arm]
D/S4URC   ( 2543): [SDK] [java.io.File] [getPath] [FilePath][String] [/data/app/com.cooee.launcherS4-1/lib/arm/libcoogl20.so]
D/S4URC   ( 2994): [SDK] [java.lang.Class] [forName] [FindClass][String] [android.content.res.ResourcesKey]
D/S4URC   ( 2994): [SDK] [java.lang.Class] [forName] [FindClass][String] [android.app.ResourcesManager]
D/S4URC   ( 2543): [SDK] [android.database.sqlite.SQLiteDatabase] [insert] [Table][String] [favorites]
D/S4URC   ( 2994): [SDK] [java.io.File] [Constructor] [FilePath][String] [/data/app/com.cooee.launcherS4-1/base.apk]
D/S4URC   ( 2543): [NDK] [SYSCALL] [access] [PATH][string] [/data/data/com.cooee.launcherS4/databases/launcher.db-journal]
D/S4URC   ( 2543): [NDK] [SYSCALL] [stat] [PATH][string] [/data/data/com.cooee.launcherS4/databases/launcher.db-journal]
D/S4URC   ( 2543): [NDK] [SYSCALL] [stat] [PATH][string] [/data/data/com.cooee.launcherS4/databases/launcher.db]
D/S4URC   ( 2543): [NDK] [SYSCALL] [open] [PATH][string] [/data/data/com.cooee.launcherS4/databases/launcher.db-journal] [RETURN][int] [48]
D/S4URC   ( 2994): [SDK] [java.io.File] [getPath] [FilePath][String] [/data/data/com.cooee.launcherS4]
D/S4URC   ( 2543): [NDK] [SYSCALL] [access] [PATH][string] [/data/data/com.cooee.launcherS4/databases/launcher.db-wal]
D/S4URC   ( 2994): [SDK] [java.io.File] [exists] [FilePath][String] [/data/data/com.cooee.launcherS4/cache]
D/S4URC   ( 2543): [NDK] [SYSCALL] [stat] [PATH][string] [/data/data/com.cooee.launcherS4/databases/launcher.db]
D/S4URC   ( 2543): [NDK] [SYSCALL] [open] [PATH][string] [/data/data/com.cooee.launcherS4/databases/launcher.db-journal] [RETURN][int] [48]
D/S4URC   ( 2543): [NDK] [SYSCALL] [access] [PATH][string] [/data/data/com.cooee.launcherS4/databases/launcher_app_statistics.db-journal]
D/S4URC   ( 2994): [SDK] [java.io.File] [getPath] [FilePath][String] [/data/data/com.cooee.launcherS4/cache]
D/S4URC   ( 2543): [NDK] [SYSCALL] [stat] [PATH][string] [/data/data/com.cooee.launcherS4/databases/launcher_app_statistics.db-journal]
D/S4URC   ( 2543): [NDK] [SYSCALL] [stat] [PATH][string] [/data/data/com.cooee.launcherS4/databases/launcher_app_statistics.db]
D/S4URC   ( 2543): [NDK] [SYSCALL] [open] [PATH][string] [/data/data/com.cooee.launcherS4/databases/launcher_app_statistics.db-journal] [RETURN][int] [57]
D/S4URC   ( 2543): [NDK] [SYSCALL] [access] [PATH][string] [/data/data/com.cooee.launcherS4/databases/launcher_app_statistics.db-wal]
D/S4URC   ( 2543): [NDK] [SYSCALL] [open] [PATH][string] [/data/data/com.cooee.launcherS4/databases] [RETURN][int] [57]
D/S4URC   ( 2543): [SDK] [android.content.ContextWrapper][getSharedPreferences] [File][com.cooee.launcherS4_preferences.xml] [MODE][MODE_PRIVATE] [Method][getIong] [Iong][next_update_time] [Return][0]
D/S4URC   ( 2543): [SDK] [android.content.ContextWrapper][getSharedPreferences] [File][com.cooee.launcherS4_preferences.xml] [MODE][MODE_PRIVATE] [Method][putLong] [Key][next_update_time] [Value][1535353823960]
D/S4URC   ( 2543): [SDK] [java.io.File] [exists] [FilePath][String] [/data/data/com.cooee.launcherS4/shared_prefs/app.statistics.xml]
D/S4URC   ( 2543): [NDK] [SYSCALL] [access] [PATH][string] [/data/data/com.cooee.launcherS4/shared_prefs/app.statistics.xml]
D/S4URC   ( 2543): [SDK] [java.io.File] [getPath] [FilePath][String] [/data/data/com.cooee.launcherS4/shared_prefs/app.statistics.xml]
D/S4URC   ( 2543): [NDK] [SYSCALL] [open] [PATH][string] [/data/data/com.cooee.launcherS4/shared_prefs/app.statistics.xml] [RETURN][int] [54]
D/S4URC   ( 2543): [SDK] [java.io.File] [getPath] [FilePath][String] [/data/data/com.cooee.launcherS4/shared_prefs/app.statistics.xml]
D/S4URC   ( 2543): [NDK] [SYSCALL] [chmod] [PATH][string] [/data/data/com.cooee.launcherS4/shared_prefs/app.statistics.xml] [MODE][int] [0660]
D/S4URC   ( 2543): [SDK] [java.io.File] [getPath] [FilePath][String] [/data/data/com.cooee.launcherS4/shared_prefs/app.statistics.xml]
D/S4URC   ( 2543): [NDK] [SYSCALL] [stat] [PATH][string] [/data/data/com.cooee.launcherS4/shared_prefs/app.statistics.xml]
D/S4URC   ( 2543): [SDK] [java.io.File] [delete] [FilePath][String] [/data/data/com.cooee.launcherS4/shared_prefs/app.statistics.xml.bak]
D/S4URC   ( 2543): [NDK] [SYSCALL] [lstat] [PATH][string] [/data/data/com.cooee.launcherS4/shared_prefs/app.statistics.xml.bak]
D/S4URC   ( 2543): [SDK] [android.content.ContextWrapper][getSharedPreferences] [File][com.cooee.launcherS4_preferences.xml] [MODE][MODE_PRIVATE] [Method][commit]
D/S4URC   ( 2543): [SDK] [android.database.sqlite.SQLiteDatabase] [insert] [Table][String] [favorites]
D/S4URC   ( 2994): [SDK] [java.io.File] [getPath] [FilePath][String] [/data/data/com.cooee.launcherS4]
D/S4URC   ( 2994): [SDK] [java.io.File] [getPath] [FilePath][String] [/data/data/com.cooee.launcherS4/shared_prefs]
D/S4URC   ( 2994): [SDK] [java.io.File] [getPath] [FilePath][String] [/data/data/com.cooee.launcherS4/shared_prefs/config.xml]
D/S4URC   ( 2994): [SDK] [java.io.File] [Constructor] [FilePath][String] [/data/data/com.cooee.launcherS4/shared_prefs/config.xml.bak]
D/S4URC   ( 2994): [SDK] [java.io.File] [exists] [FilePath][String] [/data/data/com.cooee.launcherS4/shared_prefs/config.xml]
D/S4URC   ( 2994): [SDK] [java.io.File] [canRead] [FilePath][String] [/data/data/com.cooee.launcherS4/shared_prefs/config.xml]
D/S4URC   ( 2994): [SDK] [java.io.File] [getPath] [FilePath][String] [/data/data/com.cooee.launcherS4/shared_prefs/config.xml]
D/S4URC   ( 2994): [SDK] [android.content.ContextWrapper][getSharedPreferences] [File][config.xml] [MODE][MODE_WORLD_READABLE]
D/S4URC   ( 2994): [SDK] [java.io.File] [exists] [FilePath][String] [/data/data/com.cooee.launcherS4/shared_prefs/config.xml.bak]
D/S4URC   ( 2994): [SDK] [java.io.File] [exists] [FilePath][String] [/data/data/com.cooee.launcherS4/shared_prefs/config.xml]
D/S4URC   ( 2994): [SDK] [java.io.File] [canRead] [FilePath][String] [/data/data/com.cooee.launcherS4/shared_prefs/config.xml]
D/S4URC   ( 2994): [SDK] [java.io.File] [getPath] [FilePath][String] [/data/data/com.cooee.launcherS4/shared_prefs/config.xml]
D/S4URC   ( 2994): [SDK] [java.io.File] [canRead] [FilePath][String] [/data/data/com.cooee.launcherS4/shared_prefs/config.xml]
D/S4URC   ( 2994): [SDK] [java.io.File] [getPath] [FilePath][String] [/data/data/com.cooee.launcherS4/shared_prefs/config.xml]
D/S4URC   ( 2543): [NDK] [SYSCALL] [access] [PATH][string] [/data/data/com.cooee.launcherS4/databases/launcher.db-journal]
D/S4URC   ( 2543): [NDK] [SYSCALL] [stat] [PATH][string] [/data/data/com.cooee.launcherS4/databases/launcher.db-journal]
D/S4URC   ( 2543): [NDK] [SYSCALL] [stat] [PATH][string] [/data/data/com.cooee.launcherS4/databases/launcher.db]
D/S4URC   ( 2543): [NDK] [SYSCALL] [open] [PATH][string] [/data/data/com.cooee.launcherS4/databases/launcher.db-journal] [RETURN][int] [48]
D/S4URC   ( 2543): [NDK] [SYSCALL] [access] [PATH][string] [/data/data/com.cooee.launcherS4/databases/launcher.db-wal]
D/S4URC   ( 2543): [NDK] [SYSCALL] [stat] [PATH][string] [/data/data/com.cooee.launcherS4/databases/launcher.db]
D/S4URC   ( 2543): [NDK] [SYSCALL] [open] [PATH][string] [/data/data/com.cooee.launcherS4/databases/launcher.db-journal] [RETURN][int] [48]
D/S4URC   ( 2994): [SDK] [android.content.ContextWrapper][getSharedPreferences] [File][config.xml] [MODE][MODE_WORLD_READABLE] [Method][putString] [Key][domain] [Value][http://w1.mumucloud.com]
D/S4URC   ( 2994): [SDK] [android.content.ContextWrapper][getSharedPreferences] [File][config.xml] [MODE][MODE_WORLD_READABLE] [Method][putString] [Key][serialno] [Value][sz00137]
D/S4URC   ( 2994): [SDK] [android.content.ContextWrapper][getSharedPreferences] [File][config.xml] [MODE][MODE_WORLD_READABLE] [Method][putString] [Key][app_id] [Value][f2625]
D/S4URC   ( 2994): [SDK] [android.content.ContextWrapper][getSharedPreferences] [File][config.xml] [MODE][MODE_WORLD_READABLE] [Method][putString] [Key][template_id] [Value][20]
D/S4URC   ( 2994): [SDK] [android.content.ContextWrapper][getSharedPreferences] [File][config.xml] [MODE][MODE_WORLD_READABLE] [Method][putString] [Key][channel_id] [Value][0]
D/S4URC   ( 2994): [SDK] [java.io.File] [exists] [FilePath][String] [/data/data/com.cooee.launcherS4/shared_prefs/config.xml]
D/S4URC   ( 2543): [NDK] [SYSCALL] [open] [PATH][string] [/data/data/com.cooee.launcherS4/databases] [RETURN][int] [54]
D/S4URC   ( 2994): [SDK] [android.content.ContextWrapper][getSharedPreferences] [File][config.xml] [MODE][MODE_WORLD_READABLE] [Method][commit]
D/S4URC   ( 2994): [SDK] [java.io.File] [Constructor] [FilePath][String] [/system/oem/launcher/s3_feature_config.xml]
D/S4URC   ( 2994): [SDK] [java.io.File] [exists] [FilePath][String] [/system/oem/launcher/s3_feature_config.xml]
D/S4URC   ( 2994): [SDK] [java.io.File] [Constructor] [FilePath][String] [/system/launcher/s3_feature_config.xml]
D/S4URC   ( 2994): [SDK] [java.io.File] [exists] [FilePath][String] [/system/launcher/s3_feature_config.xml]
D/S4URC   ( 2994): [SDK] [java.io.File] [Constructor] [FilePath][String] [/storage/sdcard0]
D/S4URC   ( 2543): [SDK] [android.database.sqlite.SQLiteDatabase] [insert] [Table][String] [favorites]
D/S4URC   ( 2994): [SDK] [java.io.File] [Constructor] [FilePath][String] [/storage/sdcard0]
D/S4URC   ( 2994): [SDK] [java.io.File] [Constructor] [FilePath][String] [/storage/sdcard1]
D/S4URC   ( 2994): [SDK] [java.io.File] [Constructor] [FilePath][String] [/storage/usb2host]
D/S4URC   ( 2994): [SDK] [java.io.File] [Constructor] [FilePath][String] [/storage/usb3device]
D/S4URC   ( 2994): [SDK] [java.io.File] [Constructor] [FilePath][String] [/storage/usb3host]
D/S4URC   ( 2543): [SDK] [android.content.ContextWrapper][getSharedPreferences] [File][com.cooee.launcherS4_preferences.xml] [MODE][MODE_PRIVATE] [Method][putBoolean] [Key][first_run] [Value][false]
D/S4URC   ( 2543): [SDK] [java.io.File] [exists] [FilePath][String] [/data/data/com.cooee.launcherS4/shared_prefs/launcher.xml]
D/S4URC   ( 2543): [NDK] [SYSCALL] [access] [PATH][string] [/data/data/com.cooee.launcherS4/shared_prefs/launcher.xml]
D/S4URC   ( 2543): [SDK] [java.io.File] [exists] [FilePath][String] [/data/data/com.cooee.launcherS4/shared_prefs/launcher.xml.bak]
D/S4URC   ( 2543): [NDK] [SYSCALL] [access] [PATH][string] [/data/data/com.cooee.launcherS4/shared_prefs/launcher.xml.bak]
D/S4URC   ( 2543): [SDK] [java.io.File] [renameTo] [FilePath][String] [/data/data/com.cooee.launcherS4/shared_prefs/launcher.xml] [DesFile][/data/data/com.cooee.launcherS4/shared_prefs/launcher.xml.bak]
D/S4URC   ( 2543): [NDK] [SYSCALL] [rename] [ORIG_PATH][string] [/data/data/com.cooee.launcherS4/shared_prefs/launcher.xml] [NEW_PATH][string] [/data/data/com.cooee.launcherS4/shared_prefs/launcher.xml.bak]
D/S4URC   ( 2543): [SDK] [java.io.File] [getPath] [FilePath][String] [/data/data/com.cooee.launcherS4/shared_prefs/launcher.xml]
D/S4URC   ( 2543): [NDK] [SYSCALL] [open] [PATH][string] [/data/data/com.cooee.launcherS4/shared_prefs/launcher.xml] [RETURN][int] [48]
D/S4URC   ( 2994): [SDK] [android.os.Environment] [getExternalStorageState] [ExternalStorageState][String] [mounted]
D/S4URC   ( 2994): [SDK] [java.io.File] [getPath] [FilePath][String] [/storage/sdcard0]
D/S4URC   ( 2994): [SDK] [android.os.Environment] [getExternalStorageDirectory] [DirectoryPath][String] [/storage/sdcard0]
D/S4URC   ( 2994): [SDK] [java.io.File] [Constructor] [FilePath][String] [/storage/sdcard0]
D/S4URC   ( 2543): [SDK] [java.io.File] [getPath] [FilePath][String] [/data/data/com.cooee.launcherS4/shared_prefs/launcher.xml]
D/S4URC   ( 2543): [NDK] [SYSCALL] [chmod] [PATH][string] [/data/data/com.cooee.launcherS4/shared_prefs/launcher.xml] [MODE][int] [0660]
D/S4URC   ( 2543): [SDK] [java.io.File] [getPath] [FilePath][String] [/data/data/com.cooee.launcherS4/shared_prefs/launcher.xml]
D/S4URC   ( 2543): [NDK] [SYSCALL] [stat] [PATH][string] [/data/data/com.cooee.launcherS4/shared_prefs/launcher.xml]
D/S4URC   ( 2543): [SDK] [java.io.File] [delete] [FilePath][String] [/data/data/com.cooee.launcherS4/shared_prefs/launcher.xml.bak]
D/S4URC   ( 2543): [NDK] [SYSCALL] [lstat] [PATH][string] [/data/data/com.cooee.launcherS4/shared_prefs/launcher.xml.bak]
D/S4URC   ( 2543): [NDK] [SYSCALL] [unlink] [PATH][string] [/data/data/com.cooee.launcherS4/shared_prefs/launcher.xml.bak]
D/S4URC   ( 2543): [SDK] [android.content.ContentResolver] [registerContentObserver] [URL][String] [content://com.cooee.launcherS4.app/favorites?notify=true]
D/S4URC   ( 2994): [SDK] [java.io.File] [Constructor] [FilePath][String] [/storage/sdcard0]
D/S4URC   ( 2994): [SDK] [java.io.File] [Constructor] [FilePath][String] [/storage/sdcard1]
D/S4URC   ( 2994): [SDK] [java.io.File] [Constructor] [FilePath][String] [/storage/usb2host]
D/S4URC   ( 2994): [SDK] [java.io.File] [Constructor] [FilePath][String] [/storage/usb3device]
D/S4URC   ( 2994): [SDK] [java.io.File] [Constructor] [FilePath][String] [/storage/usb3host]
D/S4URC   ( 2543): [SDK] [android.content.Intent] [Constructor] [IntentInfo][String] [scene_begin_action]
D/S4URC   ( 2543): [SDK] [android.content.Intent] [Constructor] [IntentInfo][String] [scene_stop_action]
D/S4URC   ( 2543): [NDK] [SYSCALL] [access] [PATH][string] [/data/data/com.cooee.launcherS4/databases/launcher.db-journal]
D/S4URC   ( 2543): [NDK] [SYSCALL] [stat] [PATH][string] [/data/data/com.cooee.launcherS4/databases/launcher.db-journal]
D/S4URC   ( 2543): [NDK] [SYSCALL] [stat] [PATH][string] [/data/data/com.cooee.launcherS4/databases/launcher.db]
D/S4URC   ( 2543): [NDK] [SYSCALL] [open] [PATH][string] [/data/data/com.cooee.launcherS4/databases/launcher.db-journal] [RETURN][int] [54]
D/S4URC   ( 2543): [NDK] [SYSCALL] [access] [PATH][string] [/data/data/com.cooee.launcherS4/databases/launcher.db-wal]
D/S4URC   ( 2543): [SDK] [android.content.Intent] [Constructor] [IntentInfo][String] [android.intent.action.VIEW]
D/S4URC   ( 2543):  [Method][getInt] [Int][screen_count] [Return][7]
D/S4URC   ( 2994): [SDK] [android.os.Environment] [getExternalStorageState] [ExternalStorageState][String] [mounted]
D/S4URC   ( 2994): [SDK] [java.io.File] [getPath] [FilePath][String] [/storage/sdcard0]
D/S4URC   ( 2994): [SDK] [android.os.Environment] [getExternalStorageDirectory] [DirectoryPath][String] [/storage/sdcard0]
D/S4URC   ( 2994): [SDK] [java.io.File] [Constructor] [FilePath][String] [/storage/sdcard0/enablelog.log]
D/S4URC   ( 2994): [SDK] [java.io.File] [exists] [FilePath][String] [/storage/sdcard0/enablelog.log]
D/S4URC   ( 2543): [SDK] [android.content.Intent] [Constructor] [IntentInfo][String] [android.intent.action.VIEW]
D/S4URC   ( 2994): [SDK] [java.io.File] [Constructor] [FilePath][String] [/storage/sdcard0/error.log]
D/S4URC   ( 2543): [SDK] [android.content.Intent] [Constructor] [IntentInfo][String] [android.intent.action.VIEW]
D/S4URC   ( 2543): [SDK] [android.app.ApplicationPackageManager] [getApplicationInfo] [FindApplicationName][String] [null]
D/S4URC   ( 2543): [SDK] [java.io.File] [getPath] [FilePath][String] [/data/data/com.cooee.launcherS4/shared_prefs/launcher.xml]
D/S4URC   ( 2543): [NDK] [SYSCALL] [stat] [PATH][string] [/data/data/com.cooee.launcherS4/shared_prefs/launcher.xml]
D/S4URC   ( 2543): [SDK] [android.content.ContextWrapper][getSharedPreferences] [File][launcher.xml] [MODE][MODE_PRIVATE]
D/S4URC   ( 2543): [SDK] [android.content.ContextWrapper][getSharedPreferences] [File][launcher.xml] [MODE][MODE_PRIVATE] [Method][putLong] [Key][resume_time] [Value][8684948500963]
D/S4URC   ( 2543): [SDK] [java.io.File] [exists] [FilePath][String] [/data/data/com.cooee.launcherS4/shared_prefs/launcher.xml]
D/S4URC   ( 2543): [NDK] [SYSCALL] [access] [PATH][string] [/data/data/com.cooee.launcherS4/shared_prefs/launcher.xml]
D/S4URC   ( 2543): [SDK] [java.io.File] [exists] [FilePath][String] [/data/data/com.cooee.launcherS4/shared_prefs/launcher.xml.bak]
D/S4URC   ( 2543): [NDK] [SYSCALL] [access] [PATH][string] [/data/data/com.cooee.launcherS4/shared_prefs/launcher.xml.bak]
D/S4URC   ( 2543): [SDK] [java.io.File] [renameTo] [FilePath][String] [/data/data/com.cooee.launcherS4/shared_prefs/launcher.xml] [DesFile][/data/data/com.cooee.launcherS4/shared_prefs/launcher.xml.bak]
D/S4URC   ( 2543): [NDK] [SYSCALL] [rename] [ORIG_PATH][string] [/data/data/com.cooee.launcherS4/shared_prefs/launcher.xml] [NEW_PATH][string] [/data/data/com.cooee.launcherS4/shared_prefs/launcher.xml.bak]
D/S4URC   ( 2543): [SDK] [java.io.File] [getPath] [FilePath][String] [/data/data/com.cooee.launcherS4/shared_prefs/launcher.xml]
D/S4URC   ( 2543): [SDK] [android.content.Intent] [Constructor] [IntentInfo][String] [android.intent.action.VIEW]
D/S4URC   ( 2543): [SDK] [android.app.ApplicationPackageManager] [getApplicationInfo] [FindApplicationName][String] [null]
D/S4URC   ( 2994): [SDK] [java.io.File] [getPath] [FilePath][String] [/data/data/com.cooee.launcherS4/shared_prefs]
D/S4URC   ( 2994): [SDK] [java.io.File] [getPath] [FilePath][String] [/data/data/com.cooee.launcherS4/shared_prefs/theme.xml]
D/S4URC   ( 2994): [SDK] [java.io.File] [Constructor] [FilePath][String] [/data/data/com.cooee.launcherS4/shared_prefs/theme.xml.bak]
D/S4URC   ( 2994): [SDK] [java.io.File] [exists] [FilePath][String] [/data/data/com.cooee.launcherS4/shared_prefs/theme.xml]
D/S4URC   ( 2994): [SDK] [java.io.File] [canRead] [FilePath][String] [/data/data/com.cooee.launcherS4/shared_prefs/theme.xml]
D/S4URC   ( 2994): [SDK] [java.io.File] [getPath] [FilePath][String] [/data/data/com.cooee.launcherS4/shared_prefs/theme.xml]
D/S4URC   ( 2994): [SDK] [android.content.ContextWrapper][getSharedPreferences] [File][theme.xml] [MODE][MODE_WORLD_WRITEABLE]
D/S4URC   ( 2994): [SDK] [java.io.File] [exists] [FilePath][String] [/data/data/com.cooee.launcherS4/shared_prefs/theme.xml.bak]
D/S4URC   ( 2994): [SDK] [java.io.File] [exists] [FilePath][String] [/data/data/com.cooee.launcherS4/shared_prefs/theme.xml]
D/S4URC   ( 2994): [SDK] [java.io.File] [canRead] [FilePath][String] [/data/data/com.cooee.launcherS4/shared_prefs/theme.xml]
D/S4URC   ( 2994): [SDK] [java.io.File] [getPath] [FilePath][String] [/data/data/com.cooee.launcherS4/shared_prefs/theme.xml]
D/S4URC   ( 2994): [SDK] [java.io.File] [canRead] [FilePath][String] [/data/data/com.cooee.launcherS4/shared_prefs/theme.xml]
D/S4URC   ( 2994): [SDK] [java.io.File] [getPath] [FilePath][String] [/data/data/com.cooee.launcherS4/shared_prefs/theme.xml]
D/S4URC   ( 2994): [SDK] [android.content.ContextWrapper][getSharedPreferences] [File][theme.xml] [MODE][MODE_WORLD_WRITEABLE] [Method][getString] [String][theme] [Return][com.cooee.launcherS4]
D/S4URC   ( 2543): [NDK] [SYSCALL] [open] [PATH][string] [/data/data/com.cooee.launcherS4/shared_prefs/launcher.xml] [RETURN][int] [58]
D/S4URC   ( 2543): [SDK] [android.content.Intent] [Constructor] [IntentInfo][String] [android.intent.action.VIEW]
D/S4URC   ( 2543): [SDK] [android.app.ApplicationPackageManager] [getApplicationInfo] [FindApplicationName][String] [null]
D/S4URC   ( 2994): [SDK] [java.io.File] [getPath] [FilePath][String] [/storage/sdcard0]
D/S4URC   ( 2994): [SDK] [android.os.Environment] [getExternalStorageDirectory] [DirectoryPath][String] [/storage/sdcard0]
D/S4URC   ( 2543): [SDK] [java.io.File] [getPath] [FilePath][String] [/data/data/com.cooee.launcherS4/shared_prefs/launcher.xml]
D/S4URC   ( 2543): [NDK] [SYSCALL] [chmod] [PATH][string] [/data/data/com.cooee.launcherS4/shared_prefs/launcher.xml] [MODE][int] [0660]
D/S4URC   ( 2543): [SDK] [java.io.File] [getPath] [FilePath][String] [/data/data/com.cooee.launcherS4/shared_prefs/launcher.xml]
D/S4URC   ( 2543): [NDK] [SYSCALL] [stat] [PATH][string] [/data/data/com.cooee.launcherS4/shared_prefs/launcher.xml]
D/S4URC   ( 2543): [SDK] [java.io.File] [delete] [FilePath][String] [/data/data/com.cooee.launcherS4/shared_prefs/launcher.xml.bak]
D/S4URC   ( 2543): [NDK] [SYSCALL] [lstat] [PATH][string] [/data/data/com.cooee.launcherS4/shared_prefs/launcher.xml.bak]
D/S4URC   ( 2543): [NDK] [SYSCALL] [unlink] [PATH][string] [/data/data/com.cooee.launcherS4/shared_prefs/launcher.xml.bak]
D/S4URC   ( 2994): [SDK] [java.io.File] [Constructor] [FilePath][String] [/system/launcher/s3_configbase.xml]
D/S4URC   ( 2994): [SDK] [java.io.File] [exists] [FilePath][String] [/system/launcher/s3_configbase.xml]
D/S4URC   ( 2994): [SDK] [java.io.File] [getPath] [FilePath][String] [/storage/sdcard0]
D/S4URC   ( 2994): [SDK] [android.os.Environment] [getExternalStorageDirectory] [DirectoryPath][String] [/storage/sdcard0]
D/S4URC   ( 2543): [SDK] [android.content.ContextWrapper][getSharedPreferences] [File][launcher.xml] [MODE][MODE_PRIVATE] [Method][commit]
D/S4URC   ( 2994): [SDK] [android.content.ContextWrapper] [registerReceiver][IntentFilter][android.intent.action.PACKAGE_ADDED,android.intent.action.PACKAGE_REMOVED,android.intent.action.PACKAGE_CHANGED,
D/S4URC   ( 2543): [NDK] [SYSCALL] [access] [PATH][string] [/data/data/com.cooee.launcherS4/databases/launcher.db-journal]
D/S4URC   ( 2543): [NDK] [SYSCALL] [stat] [PATH][string] [/data/data/com.cooee.launcherS4/databases/launcher.db-journal]
D/S4URC   ( 2543): [NDK] [SYSCALL] [stat] [PATH][string] [/data/data/com.cooee.launcherS4/databases/launcher.db]
D/S4URC   ( 2543): [NDK] [SYSCALL] [open] [PATH][string] [/data/data/com.cooee.launcherS4/databases/launcher.db-journal] [RETURN][int] [48]
D/S4URC   ( 2543): [NDK] [SYSCALL] [access] [PATH][string] [/data/data/com.cooee.launcherS4/databases/launcher.db-wal]
D/S4URC   ( 2543): [NDK] [SYSCALL] [stat] [PATH][string] [/data/data/com.cooee.launcherS4/databases/launcher.db]
D/S4URC   ( 2543): [NDK] [SYSCALL] [open] [PATH][string] [/data/data/com.cooee.launcherS4/databases/launcher.db-journal] [RETURN][int] [48]
D/S4URC   ( 2543): [NDK] [SYSCALL] [open] [PATH][string] [/data/data/com.cooee.launcherS4/databases] [RETURN][int] [54]
D/S4URC   ( 2543): [NDK] [SYSCALL] [access] [PATH][string] [/data/data/com.cooee.launcherS4/databases/launcher.db-journal]
D/S4URC   ( 2543): [NDK] [SYSCALL] [stat] [PATH][string] [/data/data/com.cooee.launcherS4/databases/launcher.db-journal]
D/S4URC   ( 2543): [NDK] [SYSCALL] [stat] [PATH][string] [/data/data/com.cooee.launcherS4/databases/launcher.db]
D/S4URC   ( 2543): [NDK] [SYSCALL] [open] [PATH][string] [/data/data/com.cooee.launcherS4/databases/launcher.db-journal] [RETURN][int] [48]
D/S4URC   ( 2543): [NDK] [SYSCALL] [access] [PATH][string] [/data/data/com.cooee.launcherS4/databases/launcher.db-wal]
D/S4URC   ( 2543): [NDK] [SYSCALL] [stat] [PATH][string] [/data/data/com.cooee.launcherS4/databases/launcher.db]
D/S4URC   ( 2543): [NDK] [SYSCALL] [open] [PATH][string] [/data/data/com.cooee.launcherS4/databases/launcher.db-journal] [RETURN][int] [48]
D/S4URC   ( 2543): [NDK] [SYSCALL] [open] [PATH][string] [/data/data/com.cooee.launcherS4/databases] [RETURN][int] [54]
D/S4URC   ( 2543): [SDK] [android.database.sqlite.SQLiteDatabase] [insert] [Table][String] [favorites]
D/S4URC   ( 2543): [SDK] [android.content.Intent] [Constructor] [IntentInfo][String] [android.intent.action.VIEW]
D/S4URC   ( 2543):  [Method][getBoolean] [Boolean][HIDE:ComponentInfo{com.android.browser/com.android.browser.BrowserActivity}] [Return][false]
D/S4URC   ( 2543): [SDK] [java.io.File] [Constructor] [FilePath][String] [theme/pack_source/appbar-show-userapp-navigation-back.png]
D/S4URC   ( 2543): [SDK] [java.io.File] [getPath] [FilePath][String] [/theme/pack_source/appbar-show-userapp-navigation-back.png]
D/S4URC   ( 2543): [SDK] [android.content.ContentResolver] [query] [URL][String] [content://call_log/calls]
D/S4URC   ( 2543):  [Method][getBoolean] [Boolean][HIDE:com.iLoong.widget.folder] [Return][false]
D/S4URC   ( 2994): [SDK] [android.content.ContextWrapper] [registerReceiver][IntentFilter][android.intent.action.EXTERNAL_APPLICATIONS_AVAILABLE,android.intent.action.EXTERNAL_APPLICATIONS_UNAVAILABLE,
D/S4URC   ( 2543):  [Method][getBoolean] [Boolean][HIDE:com.iLoong.widget.contact] [Return][false]
D/S4URC   ( 2543): [SDK] [java.io.File] [getPath] [FilePath][String] [/data/data/com.cooee.launcherS4/shared_prefs/com.cooee.launcherS4_preferences.xml]
D/S4URC   ( 2543): [NDK] [SYSCALL] [stat] [PATH][string] [/data/data/com.cooee.launcherS4/shared_prefs/com.cooee.launcherS4_preferences.xml]
D/S4URC   ( 2543): [SDK] [android.content.ContextWrapper][getSharedPreferences] [File][com.cooee.launcherS4_preferences.xml] [MODE][MODE_PRIVATE]
D/S4URC   ( 2543): [SDK] [android.content.ContextWrapper][getSharedPreferences] [File][com.cooee.launcherS4_preferences.xml] [MODE][MODE_PRIVATE] [Method][getString] [String][desktopeffects] [Return][-1]
D/S4URC   ( 2543): [SDK] [java.io.File] [getPath] [FilePath][String] [/data/data/com.cooee.launcherS4/shared_prefs/com.cooee.launcherS4_preferences.xml]
D/S4URC   ( 2543): [NDK] [SYSCALL] [stat] [PATH][string] [/data/data/com.cooee.launcherS4/shared_prefs/com.cooee.launcherS4_preferences.xml]
D/S4URC   ( 2543): [SDK] [android.content.ContextWrapper][getSharedPreferences] [File][com.cooee.launcherS4_preferences.xml] [MODE][MODE_PRIVATE]
D/S4URC   ( 2543): [SDK] [android.content.ContextWrapper][getSharedPreferences] [File][com.cooee.launcherS4_preferences.xml] [MODE][MODE_PRIVATE] [Method][putString] [Key][desktopeffects] [Value][9]
D/S4URC   ( 2543): [SDK] [java.io.File] [exists] [FilePath][String] [/data/data/com.cooee.launcherS4/shared_prefs/com.cooee.launcherS4_preferences.xml]
D/S4URC   ( 2543): [NDK] [SYSCALL] [access] [PATH][string] [/data/data/com.cooee.launcherS4/shared_prefs/com.cooee.launcherS4_preferences.xml]
D/S4URC   ( 2543): [SDK] [java.io.File] [exists] [FilePath][String] [/data/data/com.cooee.launcherS4/shared_prefs/com.cooee.launcherS4_preferences.xml.bak]
D/S4URC   ( 2543): [NDK] [SYSCALL] [access] [PATH][string] [/data/data/com.cooee.launcherS4/shared_prefs/com.cooee.launcherS4_preferences.xml.bak]
D/S4URC   ( 2543): [SDK] [java.io.File] [renameTo] [FilePath][String] [/data/data/com.cooee.launcherS4/shared_prefs/com.cooee.launcherS4_preferences.xml] [DesFile][/data/data/com.cooee.launcherS4/shared_prefs/com.cooee.launcherS4_preferences.xml.bak]
D/S4URC   ( 2543): [NDK] [SYSCALL] [rename] [ORIG_PATH][string] [/data/data/com.cooee.launcherS4/shared_prefs/com.cooee.launcherS4_preferences.xml] [NEW_PATH][string] [/data/data/com.cooee.launcherS4/shared_prefs/com.cooee.launcherS4_preferences.xml.bak]
D/S4URC   ( 2543): [SDK] [java.io.File] [getPath] [FilePath][String] [/data/data/com.cooee.launcherS4/shared_prefs/com.cooee.launcherS4_preferences.xml]
D/S4URC   ( 2543): [NDK] [SYSCALL] [open] [PATH][string] [/data/data/com.cooee.launcherS4/shared_prefs/com.cooee.launcherS4_preferences.xml] [RETURN][int] [48]
D/S4URC   ( 2543): [SDK] [java.io.File] [getPath] [FilePath][String] [/data/data/com.cooee.launcherS4/shared_prefs/com.cooee.launcherS4_preferences.xml]
D/S4URC   ( 2543): [NDK] [SYSCALL] [chmod] [PATH][string] [/data/data/com.cooee.launcherS4/shared_prefs/com.cooee.launcherS4_preferences.xml] [MODE][int] [0660]
D/S4URC   ( 2543): [SDK] [java.io.File] [getPath] [FilePath][String] [/data/data/com.cooee.launcherS4/shared_prefs/com.cooee.launcherS4_preferences.xml]
D/S4URC   ( 2543): [NDK] [SYSCALL] [stat] [PATH][string] [/data/data/com.cooee.launcherS4/shared_prefs/com.cooee.launcherS4_preferences.xml]
D/S4URC   ( 2543): [SDK] [java.io.File] [delete] [FilePath][String] [/data/data/com.cooee.launcherS4/shared_prefs/com.cooee.launcherS4_preferences.xml.bak]
D/S4URC   ( 2543): [NDK] [SYSCALL] [lstat] [PATH][string] [/data/data/com.cooee.launcherS4/shared_prefs/com.cooee.launcherS4_preferences.xml.bak]
D/S4URC   ( 2543): [NDK] [SYSCALL] [unlink] [PATH][string] [/data/data/com.cooee.launcherS4/shared_prefs/com.cooee.launcherS4_preferences.xml.bak]
D/S4URC   ( 2543): [SDK] [android.content.ContextWrapper][getSharedPreferences] [File][com.cooee.launcherS4_preferences.xml] [MODE][MODE_PRIVATE] [Method][commit]
D/S4URC   ( 2543): [SDK] [java.io.File] [getPath] [FilePath][String] [/data/data/com.cooee.launcherS4/shared_prefs/com.cooee.launcherS4_preferences.xml]
D/S4URC   ( 2543): [NDK] [SYSCALL] [stat] [PATH][string] [/data/data/com.cooee.launcherS4/shared_prefs/com.cooee.launcherS4_preferences.xml]
D/S4URC   ( 2543): [SDK] [android.content.ContextWrapper][getSharedPreferences] [File][com.cooee.launcherS4_preferences.xml] [MODE][MODE_PRIVATE]
D/S4URC   ( 2543): [SDK] [android.content.ContextWrapper][getSharedPreferences] [File][com.cooee.launcherS4_preferences.xml] [MODE][MODE_PRIVATE] [Method][getBoolean] [Boolean][circled] [Return][false]
D/S4URC   ( 2543): [SDK] [android.content.ContextWrapper][getSharedPreferences] [File][com.cooee.launcherS4_preferences.xml] [MODE][MODE_PRIVATE] [Method][getInt] [Int][home_page] [Return][3]
D/S4URC   ( 2543): [SDK] [android.content.ContextWrapper][getSharedPreferences] [File][com.cooee.launcherS4_preferences.xml] [MODE][MODE_PRIVATE] [Method][getInt] [Int][screen_count] [Return][7]
D/S4URC   ( 2994): [SDK] [java.io.File] [getPath] [FilePath][String] [/data/data/com.cooee.launcherS4]
D/S4URC   ( 2994): [SDK] [java.io.File] [getPath] [FilePath][String] [/data/data/com.cooee.launcherS4/databases]
D/S4URC   ( 2994): [SDK] [java.io.File] [isDirectory] [FilePath][String] [/data/data/com.cooee.launcherS4/databases]
D/S4URC   ( 2994): [SDK] [java.io.File] [getPath] [FilePath][String] [/data/data/com.cooee.launcherS4/databases/statisticsNew.db]
D/S4URC   ( 2543): [SDK] [android.content.ContextWrapper][getSharedPreferences] [File][com.cooee.launcherS4_preferences.xml] [MODE][MODE_PRIVATE] [Method][getInt] [Int][mainmenu_bg_alpha] [Return][50]
D/S4URC   ( 2543): [SDK] [java.io.File] [getPath] [FilePath][String] [/data/data/com.cooee.launcherS4/shared_prefs/com.cooee.launcherS4_preferences.xml]
D/S4URC   ( 2543): [NDK] [SYSCALL] [stat] [PATH][string] [/data/data/com.cooee.launcherS4/shared_prefs/com.cooee.launcherS4_preferences.xml]
D/S4URC   ( 2543): [SDK] [android.content.ContextWrapper][getSharedPreferences] [File][com.cooee.launcherS4_preferences.xml] [MODE][MODE_PRIVATE]
D/S4URC   ( 2543): [SDK] [android.content.ContextWrapper][getSharedPreferences] [File][com.cooee.launcherS4_preferences.xml] [MODE][MODE_PRIVATE] [Method][getString] [String][desktopeffects] [Return][9]
D/S4URC   ( 2543): [SDK] [java.io.File] [getPath] [FilePath][String] [/data/data/com.cooee.launcherS4/shared_prefs/com.cooee.launcherS4_preferences.xml]
D/S4URC   ( 2543): [NDK] [SYSCALL] [stat] [PATH][string] [/data/data/com.cooee.launcherS4/shared_prefs/com.cooee.launcherS4_preferences.xml]
D/S4URC   ( 2543): [SDK] [android.content.ContextWrapper][getSharedPreferences] [File][com.cooee.launcherS4_preferences.xml] [MODE][MODE_PRIVATE]
D/S4URC   ( 2543): [SDK] [android.content.ContextWrapper][getSharedPreferences] [File][com.cooee.launcherS4_preferences.xml] [MODE][MODE_PRIVATE] [Method][getBoolean] [Boolean][setting_key_big_font] [Return][false]
D/S4URC   ( 2543): [SDK] [java.io.File] [getPath] [FilePath][String] [/data/data/com.cooee.launcherS4/shared_prefs/com.cooee.launcherS4_preferences.xml]
D/S4URC   ( 2543): [NDK] [SYSCALL] [stat] [PATH][string] [/data/data/com.cooee.launcherS4/shared_prefs/com.cooee.launcherS4_preferences.xml]
D/S4URC   ( 2543): [SDK] [android.content.ContextWrapper][getSharedPreferences] [File][com.cooee.launcherS4_preferences.xml] [MODE][MODE_PRIVATE]
D/S4URC   ( 2543): [SDK] [android.content.ContextWrapper][getSharedPreferences] [File][com.cooee.launcherS4_preferences.xml] [MODE][MODE_PRIVATE] [Method][getString] [String][appeffects] [Return][-1]
D/S4URC   ( 2543): [SDK] [java.io.File] [getPath] [FilePath][String] [/data/data/com.cooee.launcherS4/shared_prefs/com.cooee.launcherS4_preferences.xml]
D/S4URC   ( 2543): [NDK] [SYSCALL] [stat] [PATH][string] [/data/data/com.cooee.launcherS4/shared_prefs/com.cooee.launcherS4_preferences.xml]
D/S4URC   ( 2543): [SDK] [android.content.ContextWrapper][getSharedPreferences] [File][com.cooee.launcherS4_preferences.xml] [MODE][MODE_PRIVATE]
D/S4URC   ( 2543): [SDK] [android.content.ContextWrapper][getSharedPreferences] [File][com.cooee.launcherS4_preferences.xml] [MODE][MODE_PRIVATE] [Method][putString] [Key][appeffects] [Value][0]
D/S4URC   ( 2543): [SDK] [java.io.File] [exists] [FilePath][String] [/data/data/com.cooee.launcherS4/shared_prefs/com.cooee.launcherS4_preferences.xml]
D/S4URC   ( 2543): [NDK] [SYSCALL] [access] [PATH][string] [/data/data/com.cooee.launcherS4/shared_prefs/com.cooee.launcherS4_preferences.xml]
D/S4URC   ( 2543): [SDK] [java.io.File] [exists] [FilePath][String] [/data/data/com.cooee.launcherS4/shared_prefs/com.cooee.launcherS4_preferences.xml.bak]
D/S4URC   ( 2543): [NDK] [SYSCALL] [access] [PATH][string] [/data/data/com.cooee.launcherS4/shared_prefs/com.cooee.launcherS4_preferences.xml.bak]
D/S4URC   ( 2543): [SDK] [java.io.File] [renameTo] [FilePath][String] [/data/data/com.cooee.launcherS4/shared_prefs/com.cooee.launcherS4_preferences.xml] [DesFile][/data/data/com.cooee.launcherS4/shared_prefs/com.cooee.launcherS4_preferences.xml.bak]
D/S4URC   ( 2543): [NDK] [SYSCALL] [rename] [ORIG_PATH][string] [/data/data/com.cooee.launcherS4/shared_prefs/com.cooee.launcherS4_preferences.xml] [NEW_PATH][string] [/data/data/com.cooee.launcherS4/shared_prefs/com.cooee.launcherS4_preferences.xml.bak]
D/S4URC   ( 2543): [SDK] [java.io.File] [getPath] [FilePath][String] [/data/data/com.cooee.launcherS4/shared_prefs/com.cooee.launcherS4_preferences.xml]
D/S4URC   ( 2543): [NDK] [SYSCALL] [open] [PATH][string] [/data/data/com.cooee.launcherS4/shared_prefs/com.cooee.launcherS4_preferences.xml] [RETURN][int] [48]
D/S4URC   ( 2543): [SDK] [android.content.ContentResolver] [query] [URL][String] [content://sms/inbox]
D/S4URC   ( 2543): [SDK] [java.io.File] [getPath] [FilePath][String] [/data/data/com.cooee.launcherS4/shared_prefs/com.cooee.launcherS4_preferences.xml]
D/S4URC   ( 2543): [NDK] [SYSCALL] [chmod] [PATH][string] [/data/data/com.cooee.launcherS4/shared_prefs/com.cooee.launcherS4_preferences.xml] [MODE][int] [0660]
D/S4URC   ( 2543): [SDK] [java.io.File] [getPath] [FilePath][String] [/data/data/com.cooee.launcherS4/shared_prefs/com.cooee.launcherS4_preferences.xml]
D/S4URC   ( 2543): [NDK] [SYSCALL] [stat] [PATH][string] [/data/data/com.cooee.launcherS4/shared_prefs/com.cooee.launcherS4_preferences.xml]
D/S4URC   ( 2543): [SDK] [java.io.File] [delete] [FilePath][String] [/data/data/com.cooee.launcherS4/shared_prefs/com.cooee.launcherS4_preferences.xml.bak]
D/S4URC   ( 2543): [NDK] [SYSCALL] [lstat] [PATH][string] [/data/data/com.cooee.launcherS4/shared_prefs/com.cooee.launcherS4_preferences.xml.bak]
D/S4URC   ( 2543): [NDK] [SYSCALL] [unlink] [PATH][string] [/data/data/com.cooee.launcherS4/shared_prefs/com.cooee.launcherS4_preferences.xml.bak]
D/S4URC   ( 2543): [SDK] [android.content.ContextWrapper][getSharedPreferences] [File][com.cooee.launcherS4_preferences.xml] [MODE][MODE_PRIVATE] [Method][commit]
D/S4URC   ( 2543): [SDK] [java.io.File] [getPath] [FilePath][String] [/data/data/com.cooee.launcherS4/shared_prefs/com.cooee.launcherS4_preferences.xml]
D/S4URC   ( 2543): [NDK] [SYSCALL] [stat] [PATH][string] [/data/data/com.cooee.launcherS4/shared_prefs/com.cooee.launcherS4_preferences.xml]
D/S4URC   ( 2543): [SDK] [android.content.ContextWrapper][getSharedPreferences] [File][com.cooee.launcherS4_preferences.xml] [MODE][MODE_PRIVATE]
D/S4URC   ( 2543): [SDK] [android.content.ContextWrapper][getSharedPreferences] [File][com.cooee.launcherS4_preferences.xml] [MODE][MODE_PRIVATE] [Method][getInt] [Int][sort_app] [Return][-1]
D/S4URC   ( 2543): [SDK] [java.io.File] [Constructor] [FilePath][String] [theme/pack_source/app-uninstall-button.png]
D/S4URC   ( 2543): [SDK] [java.io.File] [getPath] [FilePath][String] [/theme/pack_source/app-uninstall-button.png]
D/S4URC   ( 2543): [SDK] [java.io.File] [Constructor] [FilePath][String] [theme/pack_source/app-hide-button.png]
D/S4URC   ( 2543): [SDK] [java.io.File] [getPath] [FilePath][String] [/theme/pack_source/app-hide-button.png]
D/S4URC   ( 2543): [SDK] [java.io.File] [Constructor] [FilePath][String] [theme/pack_source/app-sort-button.png]
D/S4URC   ( 2543): [SDK] [java.io.File] [getPath] [FilePath][String] [/theme/pack_source/app-sort-button.png]
D/S4URC   ( 2543): [SDK] [java.io.File] [Constructor] [FilePath][String] [setupmenu_android4/bg_frame.png]
D/S4URC   ( 2543): [SDK] [java.io.File] [getPath] [FilePath][String] [/setupmenu_android4/bg_frame.png]
D/S4URC   ( 2994): [SDK] [android.database.sqlite.SQLiteDatabase] [insert] [Table][String] [logTable]
D/S4URC   ( 2543): [SDK] [java.io.File] [Constructor] [FilePath][String] [setupmenu_android4/bg-2.png]
D/S4URC   ( 2543): [SDK] [java.io.File] [getPath] [FilePath][String] [/setupmenu_android4/bg-2.png]
D/S4URC   ( 2543): [SDK] [java.io.File] [getPath] [FilePath][String] [/data/data/com.cooee.launcherS4/shared_prefs/com.cooee.launcherS4_preferences.xml]
D/S4URC   ( 2543): [NDK] [SYSCALL] [stat] [PATH][string] [/data/data/com.cooee.launcherS4/shared_prefs/com.cooee.launcherS4_preferences.xml]
D/S4URC   ( 2543): [SDK] [android.content.ContextWrapper][getSharedPreferences] [File][com.cooee.launcherS4_preferences.xml] [MODE][MODE_PRIVATE]
D/S4URC   ( 2543): [SDK] [android.content.ContextWrapper][getSharedPreferences] [File][com.cooee.launcherS4_preferences.xml] [MODE][MODE_PRIVATE] [Method][getBoolean] [Boolean][setting_key_big_font] [Return][false]
D/S4URC   ( 2994): [SDK] [java.io.File] [getPath] [FilePath][String] [/data/data/com.cooee.launcherS4/databases]
D/S4URC   ( 2994): [SDK] [java.io.File] [isDirectory] [FilePath][String] [/data/data/com.cooee.launcherS4/databases]
D/S4URC   ( 2994): [SDK] [java.io.File] [getPath] [FilePath][String] [/data/data/com.cooee.launcherS4/databases/statisticsNew.db]
D/S4URC   ( 2543): [SDK] [java.io.File] [Constructor] [FilePath][String] [theme/pack_source/appbar-show-userapp-navigation-back.png]
D/S4URC   ( 2543): [SDK] [java.io.File] [getPath] [FilePath][String] [/theme/pack_source/appbar-show-userapp-navigation-back.png]
D/S4URC   ( 2994): [SDK] [java.io.File] [getPath] [FilePath][String] [/data/data/com.cooee.launcherS4/databases/statisticsNew.db]
D/S4URC   ( 2543): [SDK] [java.io.File] [Constructor] [FilePath][String] [theme/pack_source/appbar-indicator.png]
D/S4URC   ( 2543): [SDK] [java.io.File] [getPath] [FilePath][String] [/theme/pack_source/appbar-indicator.png]
D/S4URC   ( 2543): [SDK] [java.io.File] [Constructor] [FilePath][String] [theme/pack_source/appbar-bg.png]
D/S4URC   ( 2543): [SDK] [java.io.File] [getPath] [FilePath][String] [/theme/pack_source/appbar-bg.png]
D/S4URC   ( 2543): [SDK] [java.io.File] [Constructor] [FilePath][String] [theme/pack_source/app-item-bg.png]
D/S4URC   ( 2543): [SDK] [java.io.File] [getPath] [FilePath][String] [/theme/pack_source/app-item-bg.png]
D/S4URC   ( 2543): [SDK] [java.io.File] [Constructor] [FilePath][String] [theme/pack_source/appbar-divider.png]
D/S4URC   ( 2543): [SDK] [java.io.File] [getPath] [FilePath][String] [/theme/pack_source/appbar-divider.png]
D/S4URC   ( 2994): [SDK] [java.io.File] [getPath] [FilePath][String] [/data/data/com.cooee.launcherS4/databases]
D/S4URC   ( 2994): [SDK] [java.io.File] [isDirectory] [FilePath][String] [/data/data/com.cooee.launcherS4/databases]
D/S4URC   ( 2994): [SDK] [java.io.File] [getPath] [FilePath][String] [/data/data/com.cooee.launcherS4/databases/statisticsNew.db]
D/S4URC   ( 2994): [SDK] [java.io.File] [getPath] [FilePath][String] [/data/data/com.cooee.launcherS4/databases]
D/S4URC   ( 2994): [SDK] [java.io.File] [isDirectory] [FilePath][String] [/data/data/com.cooee.launcherS4/databases]
D/S4URC   ( 2994): [SDK] [java.io.File] [getPath] [FilePath][String] [/data/data/com.cooee.launcherS4/databases/statisticsNew.db]
D/S4URC   ( 2994): [SDK] [java.io.File] [getPath] [FilePath][String] [/data/data/com.cooee.launcherS4/databases]
D/S4URC   ( 2994): [SDK] [java.io.File] [isDirectory] [FilePath][String] [/data/data/com.cooee.launcherS4/databases]
D/S4URC   ( 2994): [SDK] [java.io.File] [getPath] [FilePath][String] [/data/data/com.cooee.launcherS4/databases/statisticsNew.db]
D/S4URC   ( 2994): [SDK] [java.io.File] [exists] [FilePath][String] [/storage/sdcard0/error.log]
D/S4URC   ( 2994): [SDK] [java.io.File] [delete] [FilePath][String] [/storage/sdcard0/error.log]
D/S4URC   ( 2994): [SDK] [java.io.File] [createNewFile] [FilePath][String] [/storage/sdcard0/error.log]
D/S4URC   ( 2994): [SDK] [java.io.File] [getPath] [FilePath][String] [/storage/sdcard0/error.log]
D/S4URC   ( 2994): [SDK] [android.database.sqlite.SQLiteDatabase] [insert] [Table][String] [logTable]
D/S4URC   ( 2543): [SDK] [android.content.ContentResolver] [update] [URL][String] [content://com.cooee.launcherS4.app/favorites/8?notify=false]
D/S4URC   ( 2543): [NDK] [SYSCALL] [access] [PATH][string] [/data/data/com.cooee.launcherS4/databases/launcher.db-journal]
D/S4URC   ( 2543): [NDK] [SYSCALL] [stat] [PATH][string] [/data/data/com.cooee.launcherS4/databases/launcher.db-journal]
D/S4URC   ( 2543): [NDK] [SYSCALL] [stat] [PATH][string] [/data/data/com.cooee.launcherS4/databases/launcher.db]
D/S4URC   ( 2543): [NDK] [SYSCALL] [open] [PATH][string] [/data/data/com.cooee.launcherS4/databases/launcher.db-journal] [RETURN][int] [27]
D/S4URC   ( 2543): [NDK] [SYSCALL] [access] [PATH][string] [/data/data/com.cooee.launcherS4/databases/launcher.db-wal]
D/S4URC   ( 2543): [NDK] [SYSCALL] [stat] [PATH][string] [/data/data/com.cooee.launcherS4/databases/launcher.db]
D/S4URC   ( 2543): [NDK] [SYSCALL] [open] [PATH][string] [/data/data/com.cooee.launcherS4/databases/launcher.db-journal] [RETURN][int] [27]
D/S4URC   ( 2543): [NDK] [SYSCALL] [open] [PATH][string] [/data/data/com.cooee.launcherS4/databases] [RETURN][int] [30]
D/S4URC   ( 2543): [SDK] [android.database.sqlite.SQLiteDatabase] [update] [updateInfo][String] [favorites] [SET][cellX=0,y=384,screen=3,cellY=1,x=200,container=-100,angle=0] [WHERE][_id=8]
D/S4URC   ( 2543): [SDK] [android.content.ContextWrapper][getSharedPreferences] [File][com.cooee.launcherS4_preferences.xml] [MODE][MODE_PRIVATE] [Method][getBoolean] [Boolean][isHiddenAppsShow] [Return][false]
D/S4URC   ( 2543): [NDK] [SYSCALL] [access] [PATH][string] [/data/data/com.cooee.launcherS4/databases/launcher.db-journal]
D/S4URC   ( 2543): [NDK] [SYSCALL] [stat] [PATH][string] [/data/data/com.cooee.launcherS4/databases/launcher.db-journal]
D/S4URC   ( 2543): [NDK] [SYSCALL] [stat] [PATH][string] [/data/data/com.cooee.launcherS4/databases/launcher.db]
D/S4URC   ( 2543): [NDK] [SYSCALL] [open] [PATH][string] [/data/data/com.cooee.launcherS4/databases/launcher.db-journal] [RETURN][int] [30]
D/S4URC   ( 2543): [NDK] [SYSCALL] [access] [PATH][string] [/data/data/com.cooee.launcherS4/databases/launcher.db-wal]
D/S4URC   ( 2543): [NDK] [SYSCALL] [access] [PATH][string] [/data/data/com.cooee.launcherS4/databases/launcher.db-journal]
D/S4URC   ( 2543): [NDK] [SYSCALL] [stat] [PATH][string] [/data/data/com.cooee.launcherS4/databases/launcher.db-journal]
D/S4URC   ( 2543): [NDK] [SYSCALL] [stat] [PATH][string] [/data/data/com.cooee.launcherS4/databases/launcher.db]
D/S4URC   ( 2543): [NDK] [SYSCALL] [open] [PATH][string] [/data/data/com.cooee.launcherS4/databases/launcher.db-journal] [RETURN][int] [30]
D/S4URC   ( 2543): [NDK] [SYSCALL] [access] [PATH][string] [/data/data/com.cooee.launcherS4/databases/launcher.db-wal]
D/S4URC   ( 2543): [NDK] [SYSCALL] [access] [PATH][string] [/data/data/com.cooee.launcherS4/databases/launcher.db-journal]
D/S4URC   ( 2543): [NDK] [SYSCALL] [stat] [PATH][string] [/data/data/com.cooee.launcherS4/databases/launcher.db-journal]
D/S4URC   ( 2543): [NDK] [SYSCALL] [stat] [PATH][string] [/data/data/com.cooee.launcherS4/databases/launcher.db]
D/S4URC   ( 2543): [NDK] [SYSCALL] [open] [PATH][string] [/data/data/com.cooee.launcherS4/databases/launcher.db-journal] [RETURN][int] [30]
D/S4URC   ( 2543): [NDK] [SYSCALL] [access] [PATH][string] [/data/data/com.cooee.launcherS4/databases/launcher.db-wal]
D/S4URC   ( 2543): [SDK] [android.content.ContextWrapper][getSharedPreferences] [File][com.cooee.launcherS4_preferences.xml] [MODE][MODE_PRIVATE] [Method][getBoolean] [Boolean][HIDE:ComponentInfo{com.android.calendar/com.android.calendar.AllInOneActivity}] [Return][false]
D/S4URC   ( 2543): [SDK] [android.content.ContentResolver] [update] [URL][String] [content://com.cooee.launcherS4.app/favorites/1?notify=false]
D/S4URC   ( 2543): [NDK] [SYSCALL] [access] [PATH][string] [/data/data/com.cooee.launcherS4/databases/launcher.db-journal]
D/S4URC   ( 2543): [NDK] [SYSCALL] [stat] [PATH][string] [/data/data/com.cooee.launcherS4/databases/launcher.db-journal]
D/S4URC   ( 2543): [NDK] [SYSCALL] [stat] [PATH][string] [/data/data/com.cooee.launcherS4/databases/launcher.db]
D/S4URC   ( 2543): [NDK] [SYSCALL] [open] [PATH][string] [/data/data/com.cooee.launcherS4/databases/launcher.db-journal] [RETURN][int] [27]
D/S4URC   ( 2543): [NDK] [SYSCALL] [access] [PATH][string] [/data/data/com.cooee.launcherS4/databases/launcher.db-wal]
D/S4URC   ( 2543): [NDK] [SYSCALL] [stat] [PATH][string] [/data/data/com.cooee.launcherS4/databases/launcher.db]
D/S4URC   ( 2543): [NDK] [SYSCALL] [open] [PATH][string] [/data/data/com.cooee.launcherS4/databases/launcher.db-journal] [RETURN][int] [27]
D/S4URC   ( 2543): [NDK] [SYSCALL] [open] [PATH][string] [/data/data/com.cooee.launcherS4/databases] [RETURN][int] [31]
D/S4URC   ( 2543): [SDK] [android.database.sqlite.SQLiteDatabase] [update] [updateInfo][String] [favorites] [SET][cellX=1,y=163,screen=2,cellY=0,x=205,container=-100,angle=0] [WHERE][_id=1]
D/S4URC   ( 2543): [SDK] [android.content.ContextWrapper][getSharedPreferences] [File][com.cooee.launcherS4_preferences.xml] [MODE][MODE_PRIVATE] [Method][getBoolean] [Boolean][HIDE:ComponentInfo{com.android.gallery3d/com.android.gallery3d.app.GalleryActivity}] [Return][false]
D/S4URC   ( 2543): [SDK] [android.content.ContentResolver] [update] [URL][String] [content://com.cooee.launcherS4.app/favorites/2?notify=false]
D/S4URC   ( 2543): [NDK] [SYSCALL] [access] [PATH][string] [/data/data/com.cooee.launcherS4/databases/launcher.db-journal]
D/S4URC   ( 2543): [NDK] [SYSCALL] [stat] [PATH][string] [/data/data/com.cooee.launcherS4/databases/launcher.db-journal]
D/S4URC   ( 2543): [NDK] [SYSCALL] [stat] [PATH][string] [/data/data/com.cooee.launcherS4/databases/launcher.db]
D/S4URC   ( 2543): [NDK] [SYSCALL] [open] [PATH][string] [/data/data/com.cooee.launcherS4/databases/launcher.db-journal] [RETURN][int] [27]
D/S4URC   ( 2543): [NDK] [SYSCALL] [access] [PATH][string] [/data/data/com.cooee.launcherS4/databases/launcher.db-wal]
D/S4URC   ( 2543): [NDK] [SYSCALL] [stat] [PATH][string] [/data/data/com.cooee.launcherS4/databases/launcher.db]
D/S4URC   ( 2543): [NDK] [SYSCALL] [open] [PATH][string] [/data/data/com.cooee.launcherS4/databases/launcher.db-journal] [RETURN][int] [27]
D/S4URC   ( 2543): [NDK] [SYSCALL] [open] [PATH][string] [/data/data/com.cooee.launcherS4/databases] [RETURN][int] [31]
D/S4URC   ( 2543): [SDK] [android.database.sqlite.SQLiteDatabase] [update] [updateInfo][String] [favorites] [SET][cellX=2,y=163,screen=2,cellY=0,x=355,container=-100,angle=0] [WHERE][_id=2]
D/S4URC   ( 2543): [SDK] [android.content.ContextWrapper][getSharedPreferences] [File][com.cooee.launcherS4_preferences.xml] [MODE][MODE_PRIVATE] [Method][getBoolean] [Boolean][HIDE:ComponentInfo{com.android.settings/com.android.settings.Settings}] [Return][false]
D/S4URC   ( 2543): [SDK] [android.content.ContentResolver] [update] [URL][String] [content://com.cooee.launcherS4.app/favorites/3?notify=false]
D/S4URC   ( 2543): [NDK] [SYSCALL] [access] [PATH][string] [/data/data/com.cooee.launcherS4/databases/launcher.db-journal]
D/S4URC   ( 2543): [NDK] [SYSCALL] [stat] [PATH][string] [/data/data/com.cooee.launcherS4/databases/launcher.db-journal]
D/S4URC   ( 2543): [NDK] [SYSCALL] [stat] [PATH][string] [/data/data/com.cooee.launcherS4/databases/launcher.db]
D/S4URC   ( 2543): [NDK] [SYSCALL] [open] [PATH][string] [/data/data/com.cooee.launcherS4/databases/launcher.db-journal] [RETURN][int] [27]
D/S4URC   ( 2543): [NDK] [SYSCALL] [access] [PATH][string] [/data/data/com.cooee.launcherS4/databases/launcher.db-wal]
