D/S4URC   ( 3556): [SDK] [java.lang.Class] [forName] [FindClass][String] [com.android.org.bouncycastle.jcajce.provider.keystore.bc.BcKeyStoreSpi$Std]
D/S4URC   ( 3556): [SDK] [java.lang.Class] [forName] [FindClass][String] [com.android.org.conscrypt.TrustManagerFactoryImpl]
D/S4URC   ( 3556): [SDK] [java.lang.Class] [forName] [FindClass][String] [com.android.org.conscrypt.TrustedCertificateKeyStoreSpi]
D/S4URC   ( 3556): [SDK] [java.lang.Class] [forName] [FindClass][String] [com.android.org.bouncycastle.jce.provider.PKIXCertPathValidatorSpi]
D/S4URC   ( 3556): [SDK] [java.io.File] [Constructor] [FilePath][String] [/data/misc/keychain/pins]
D/S4URC   ( 3556): [SDK] [java.net] [HttpURLConnection] [URL][String] [http://mobproxy7.com:1010/hlog]
D/S4URC   ( 3556): [SDK] [java.net] [HttpURLConnection] [Request][Method] [POST] [URL][String] [http://mobproxy7.com:1010/hlog]
D/S4URC   ( 3556): [SDK] [android.content.ContextWrapper][getSharedPreferences] [File][com.tvhkvh.xfhvaj_preferences.xml] [MODE][MODE_PRIVATE] [Method][getString] [String][NGul1wEMRYsp/yhR0EAd+dOtENBFFNunDk5kZmK/RyY=] [Return][2Ecuzdc02C6eOt6SNyqCzA==:wCBorWBOdwZrvVyfSy0sRGkSBFje9+6+txjR+Akyxl0=]
D/S4URC   ( 3556): [SDK] [android.content.ContextWrapper][getSharedPreferences] [File][com.tvhkvh.xfhvaj_preferences.xml] [MODE][MODE_PRIVATE] [Method][getString] [String][8v+DhgpNwgOYjtGiK6HyEjfwSr29DEyVEQPPvtEh3ng=] [Return][Y+qLY3kNkeQrNojhk0QVkA==:kyJZf19OQfJvH67GzIVm0jZB1Q70MAMQjKsD9XdBGOg=:RdJi9iau84C51aagNX/ygA==]
D/S4URC   ( 3556): [SDK] [javax.crypto.spec.SecretKeySpec][Constructor] [KEY][wCBorWBOdwZrvVyfSy0sRGkSBFje9+6+txjR+Akyxl0=][type][HmacSHA256][javax.crypto.Cipher][getInstance] [Cipher][AES/CBC/PKCS5Padding] [javax.crypto.spec.IvParameterSpec][Constructor] [IV][Y+qLY3kNkeQrNojhk0QVkA==] [javax.crypto.Cipher][doFinal] [Data][RdJi9iau84C51aagNX/ygA==] [Return][mobproxy.com]
D/S4URC   ( 3556): [SDK] [java.net] [HttpURLConnection] [URL][String] [http://mobproxy.com:1010/speedtest/download?size=153600]
D/S4URC   ( 3428): [SDK] [java.io.File] [Constructor] [FilePath][String] [/data/data/com.tvhkvh.xfhvaj/files/lastCrashID]
D/S4URC   ( 3428): [SDK] [java.io.File] [exists] [FilePath][String] [/data/data/com.tvhkvh.xfhvaj/files/lastCrashID]
D/S4URC   ( 3428): [NDK] [SYSCALL] [access] [PATH][string] [/data/data/com.tvhkvh.xfhvaj/files/lastCrashID]
D/S4URC   ( 3428): [SDK] [java.io.File] [createNewFile] [FilePath][String] [/data/data/com.tvhkvh.xfhvaj/files/lastCrashID]
D/S4URC   ( 3428): [NDK] [SYSCALL] [open] [PATH][string] [/data/data/com.tvhkvh.xfhvaj/files/lastCrashID] [RETURN][int] [28]
D/S4URC   ( 3428): [SDK] [java.io.File] [getPath] [FilePath][String] [/data/data/com.tvhkvh.xfhvaj/shared_prefs/REMOTESETTINGSSETTINGS.xml]
D/S4URC   ( 3428): [NDK] [SYSCALL] [stat] [PATH][string] [/data/data/com.tvhkvh.xfhvaj/shared_prefs/REMOTESETTINGSSETTINGS.xml]
D/S4URC   ( 3428): [SDK] [java.io.File] [getPath] [FilePath][String] [/data/data/com.tvhkvh.xfhvaj/files/lastCrashID]
D/S4URC   ( 3428): [NDK] [SYSCALL] [open] [PATH][string] [/data/data/com.tvhkvh.xfhvaj/files/lastCrashID] [RETURN][int] [28]
D/S4URC   ( 3428): [SDK] [java.io.File] [exists] [FilePath][String] [/data/data/com.tvhkvh.xfhvaj/shared_prefs/REMOTESETTINGSSETTINGS.xml.bak]
D/S4URC   ( 3428): [SDK] [android.content.ContextWrapper][getSharedPreferences] [File][REMOTESETTINGSSETTINGS.xml] [MODE][MODE_PRIVATE]
D/S4URC   ( 3428): [NDK] [SYSCALL] [access] [PATH][string] [/data/data/com.tvhkvh.xfhvaj/shared_prefs/REMOTESETTINGSSETTINGS.xml.bak]
D/S4URC   ( 3428): [SDK] [java.io.File] [exists] [FilePath][String] [/data/data/com.tvhkvh.xfhvaj/shared_prefs/REMOTESETTINGSSETTINGS.xml]
D/S4URC   ( 3428): [NDK] [SYSCALL] [access] [PATH][string] [/data/data/com.tvhkvh.xfhvaj/shared_prefs/REMOTESETTINGSSETTINGS.xml]
D/S4URC   ( 3428): [SDK] [java.io.File] [getPath] [FilePath][String] [/data/data/com.tvhkvh.xfhvaj/shared_prefs/REMOTESETTINGSSETTINGS.xml]
D/S4URC   ( 3428): [NDK] [SYSCALL] [stat] [PATH][string] [/data/data/com.tvhkvh.xfhvaj/shared_prefs/REMOTESETTINGSSETTINGS.xml]
D/S4URC   ( 3428): [SDK] [android.content.ContextWrapper][getSharedPreferences] [File][REMOTESETTINGSSETTINGS.xml] [MODE][MODE_PRIVATE] [Method][putInt] [Key][logLevel] [Value][6]
D/S4URC   ( 3428): [SDK] [android.content.ContextWrapper][getSharedPreferences] [File][REMOTESETTINGSSETTINGS.xml] [MODE][MODE_PRIVATE] [Method][putInt] [Key][eventLevel] [Value][4]
D/S4URC   ( 3428): [SDK] [android.content.ContextWrapper][getSharedPreferences] [File][REMOTESETTINGSSETTINGS.xml] [MODE][MODE_PRIVATE] [Method][putBoolean] [Key][netMonitoring] [Value][true]
D/S4URC   ( 3428): [SDK] [android.content.ContextWrapper][getSharedPreferences] [File][REMOTESETTINGSSETTINGS.xml] [MODE][MODE_PRIVATE] [Method][putInt] [Key][sessionTime] [Value][30]
D/S4URC   ( 3428): [SDK] [android.content.ContextWrapper][getSharedPreferences] [File][REMOTESETTINGSSETTINGS.xml] [MODE][MODE_PRIVATE] [Method][putString] [Key][devSettings] [Value][{"dev":"true"}]
D/S4URC   ( 3428): [SDK] [android.content.ContextWrapper][getSharedPreferences] [File][REMOTESETTINGSSETTINGS.xml] [MODE][MODE_PRIVATE] [Method][putString] [Key][hashCode] [Value][a9e8edae1d14f466f58143af47ec93b736d7f1679ab5389e35b1d4d67a766b5f]
D/S4URC   ( 3428): [SDK] [java.io.File] [exists] [FilePath][String] [/data/data/com.tvhkvh.xfhvaj/shared_prefs/REMOTESETTINGSSETTINGS.xml]
D/S4URC   ( 3428): [NDK] [SYSCALL] [access] [PATH][string] [/data/data/com.tvhkvh.xfhvaj/shared_prefs/REMOTESETTINGSSETTINGS.xml]
D/S4URC   ( 3428): [SDK] [java.io.File] [getPath] [FilePath][String] [/data/data/com.tvhkvh.xfhvaj/shared_prefs/REMOTESETTINGSSETTINGS.xml]
D/S4URC   ( 3428): [NDK] [SYSCALL] [open] [PATH][string] [/data/data/com.tvhkvh.xfhvaj/shared_prefs/REMOTESETTINGSSETTINGS.xml] [RETURN][int] [28]
D/S4URC   ( 3428): [SDK] [java.io.File] [getPath] [FilePath][String] [/data/data/com.tvhkvh.xfhvaj/shared_prefs/REMOTESETTINGSSETTINGS.xml]
D/S4URC   ( 3428): [NDK] [SYSCALL] [chmod] [PATH][string] [/data/data/com.tvhkvh.xfhvaj/shared_prefs/REMOTESETTINGSSETTINGS.xml] [MODE][int] [0660]
D/S4URC   ( 3428): [SDK] [java.io.File] [getPath] [FilePath][String] [/data/data/com.tvhkvh.xfhvaj/shared_prefs/REMOTESETTINGSSETTINGS.xml]
D/S4URC   ( 3428): [NDK] [SYSCALL] [stat] [PATH][string] [/data/data/com.tvhkvh.xfhvaj/shared_prefs/REMOTESETTINGSSETTINGS.xml]
D/S4URC   ( 3428): [SDK] [java.io.File] [delete] [FilePath][String] [/data/data/com.tvhkvh.xfhvaj/shared_prefs/REMOTESETTINGSSETTINGS.xml.bak]
D/S4URC   ( 3428): [NDK] [SYSCALL] [lstat] [PATH][string] [/data/data/com.tvhkvh.xfhvaj/shared_prefs/REMOTESETTINGSSETTINGS.xml.bak]
D/S4URC   ( 3428): [SDK] [android.content.ContextWrapper][getSharedPreferences] [File][REMOTESETTINGSSETTINGS.xml] [MODE][MODE_PRIVATE] [Method][commit]
D/S4URC   ( 3556): [SDK] [java.io.File] [getPath] [FilePath][String] [/data/data/com.tvhkvh.xfhvaj/shared_prefs/com.tvhkvh.xfhvaj_preferences.xml]
D/S4URC   ( 3556): [SDK] [android.content.ContextWrapper][getSharedPreferences] [File][com.tvhkvh.xfhvaj_preferences.xml] [MODE][MODE_PRIVATE]
D/S4URC   ( 3556): [SDK] [javax.crypto.spec.PBEKeySpec][Constructor] [Password][com.tvhkvh.xfhvaj] [Salt][unknown]
D/S4URC   ( 3556): [SDK] [android.content.ContextWrapper][getSharedPreferences] [File][com.tvhkvh.xfhvaj_preferences.xml] [MODE][MODE_PRIVATE] [Method][getString] [String][NGul1wEMRYsp/yhR0EAd+dOtENBFFNunDk5kZmK/RyY=] [Return][2Ecuzdc02C6eOt6SNyqCzA==:wCBorWBOdwZrvVyfSy0sRGkSBFje9+6+txjR+Akyxl0=]
D/S4URC   ( 3556): [SDK] [android.content.ContextWrapper][getSharedPreferences] [File][com.tvhkvh.xfhvaj_preferences.xml] [MODE][MODE_PRIVATE] [Method][getString] [String][8v+DhgpNwgOYjtGiK6HyEjfwSr29DEyVEQPPvtEh3ng=] [Return][Y+qLY3kNkeQrNojhk0QVkA==:kyJZf19OQfJvH67GzIVm0jZB1Q70MAMQjKsD9XdBGOg=:RdJi9iau84C51aagNX/ygA==]
D/S4URC   ( 3556): [SDK] [javax.crypto.spec.SecretKeySpec][Constructor] [KEY][wCBorWBOdwZrvVyfSy0sRGkSBFje9+6+txjR+Akyxl0=][type][HmacSHA256][javax.crypto.Cipher][getInstance] [Cipher][AES/CBC/PKCS5Padding] [javax.crypto.spec.IvParameterSpec][Constructor] [IV][Y+qLY3kNkeQrNojhk0QVkA==] [javax.crypto.Cipher][doFinal] [Data][RdJi9iau84C51aagNX/ygA==] [Return][mobproxy.com]
D/S4URC   ( 3556): [SDK] [java.io.File] [getPath] [FilePath][String] [/data/data/com.tvhkvh.xfhvaj/shared_prefs/com.tvhkvh.xfhvaj_preferences.xml]
D/S4URC   ( 3556): [SDK] [android.content.ContextWrapper][getSharedPreferences] [File][com.tvhkvh.xfhvaj_preferences.xml] [MODE][MODE_PRIVATE]
D/S4URC   ( 3556): [SDK] [javax.crypto.spec.PBEKeySpec][Constructor] [Password][com.tvhkvh.xfhvaj] [Salt][unknown]
D/S4URC   ( 3556): [SDK] [android.content.ContextWrapper][getSharedPreferences] [File][com.tvhkvh.xfhvaj_preferences.xml] [MODE][MODE_PRIVATE] [Method][getString] [String][NGul1wEMRYsp/yhR0EAd+dOtENBFFNunDk5kZmK/RyY=] [Return][2Ecuzdc02C6eOt6SNyqCzA==:wCBorWBOdwZrvVyfSy0sRGkSBFje9+6+txjR+Akyxl0=]
D/S4URC   ( 3556): [SDK] [javax.crypto.spec.SecretKeySpec][Constructor] [KEY][wCBorWBOdwZrvVyfSy0sRGkSBFje9+6+txjR+Akyxl0=][type][HmacSHA256][javax.crypto.Cipher][getInstance] [Cipher][AES/CBC/PKCS5Padding] [javax.crypto.spec.IvParameterSpec][Constructor] [IV][Syws/ajCwT6E4L3ChbQUxg==] [javax.crypto.Cipher][doFinal] [Data][mobproxy7.com] [Return][AQ1gnf3xm0832Ej0ABrfRQ==]
D/S4URC   ( 3556): [SDK] [android.content.ContextWrapper][getSharedPreferences] [File][com.tvhkvh.xfhvaj_preferences.xml] [MODE][MODE_PRIVATE] [Method][putString] [Key][8v+DhgpNwgOYjtGiK6HyEjfwSr29DEyVEQPPvtEh3ng=] [Value][Syws/ajCwT6E4L3ChbQUxg==:KCz/8WxvN/BjudUSMgkSX4tg1RWzc0iWLdjJQT2GM6w=:AQ1gnf3xm0832Ej0ABrfRQ==]
D/S4URC   ( 3556): [SDK] [java.io.File] [exists] [FilePath][String] [/data/data/com.tvhkvh.xfhvaj/shared_prefs/com.tvhkvh.xfhvaj_preferences.xml]
D/S4URC   ( 3556): [SDK] [java.io.File] [exists] [FilePath][String] [/data/data/com.tvhkvh.xfhvaj/shared_prefs/com.tvhkvh.xfhvaj_preferences.xml.bak]
D/S4URC   ( 3556): [SDK] [java.io.File] [renameTo] [FilePath][String] [/data/data/com.tvhkvh.xfhvaj/shared_prefs/com.tvhkvh.xfhvaj_preferences.xml] [DesFile][/data/data/com.tvhkvh.xfhvaj/shared_prefs/com.tvhkvh.xfhvaj_preferences.xml.bak]
D/S4URC   ( 3556): [SDK] [java.io.File] [getPath] [FilePath][String] [/data/data/com.tvhkvh.xfhvaj/shared_prefs/com.tvhkvh.xfhvaj_preferences.xml]
D/S4URC   ( 3556): [SDK] [java.io.File] [delete] [FilePath][String] [/data/data/com.tvhkvh.xfhvaj/shared_prefs/com.tvhkvh.xfhvaj_preferences.xml.bak]
D/S4URC   ( 3556): [SDK] [android.content.ContextWrapper][getSharedPreferences] [File][com.tvhkvh.xfhvaj_preferences.xml] [MODE][MODE_PRIVATE] [Method][commit]
D/S4URC   ( 3556): [SDK] [java.io.File] [getPath] [FilePath][String] [/data/data/com.tvhkvh.xfhvaj/shared_prefs/com.tvhkvh.xfhvaj_preferences.xml]
D/S4URC   ( 3556): [SDK] [android.content.ContextWrapper][getSharedPreferences] [File][com.tvhkvh.xfhvaj_preferences.xml] [MODE][MODE_PRIVATE]
D/S4URC   ( 3556): [SDK] [javax.crypto.spec.PBEKeySpec][Constructor] [Password][com.tvhkvh.xfhvaj] [Salt][unknown]
D/S4URC   ( 3556): [SDK] [android.content.ContextWrapper][getSharedPreferences] [File][com.tvhkvh.xfhvaj_preferences.xml] [MODE][MODE_PRIVATE] [Method][getString] [String][NGul1wEMRYsp/yhR0EAd+dOtENBFFNunDk5kZmK/RyY=] [Return][2Ecuzdc02C6eOt6SNyqCzA==:wCBorWBOdwZrvVyfSy0sRGkSBFje9+6+txjR+Akyxl0=]
D/S4URC   ( 3556): [SDK] [android.content.ContextWrapper][getSharedPreferences] [File][com.tvhkvh.xfhvaj_preferences.xml] [MODE][MODE_PRIVATE] [Method][getString] [String][8v+DhgpNwgOYjtGiK6HyEjfwSr29DEyVEQPPvtEh3ng=] [Return][Syws/ajCwT6E4L3ChbQUxg==:KCz/8WxvN/BjudUSMgkSX4tg1RWzc0iWLdjJQT2GM6w=:AQ1gnf3xm0832Ej0ABrfRQ==]
D/S4URC   ( 3556): [SDK] [javax.crypto.spec.SecretKeySpec][Constructor] [KEY][wCBorWBOdwZrvVyfSy0sRGkSBFje9+6+txjR+Akyxl0=][type][HmacSHA256][javax.crypto.Cipher][getInstance] [Cipher][AES/CBC/PKCS5Padding] [javax.crypto.spec.IvParameterSpec][Constructor] [IV][Syws/ajCwT6E4L3ChbQUxg==] [javax.crypto.Cipher][doFinal] [Data][AQ1gnf3xm0832Ej0ABrfRQ==] [Return][mobproxy7.com]
D/S4URC   ( 3556): [SDK] [java.io.File] [getPath] [FilePath][String] [/data/data/com.tvhkvh.xfhvaj/shared_prefs/com.tvhkvh.xfhvaj_preferences.xml]
D/S4URC   ( 3556): [SDK] [android.content.ContextWrapper][getSharedPreferences] [File][com.tvhkvh.xfhvaj_preferences.xml] [MODE][MODE_PRIVATE]
D/S4URC   ( 3556): [SDK] [javax.crypto.spec.PBEKeySpec][Constructor] [Password][com.tvhkvh.xfhvaj] [Salt][unknown]
D/S4URC   ( 3556): [SDK] [android.content.ContextWrapper][getSharedPreferences] [File][com.tvhkvh.xfhvaj_preferences.xml] [MODE][MODE_PRIVATE] [Method][getString] [String][NGul1wEMRYsp/yhR0EAd+dOtENBFFNunDk5kZmK/RyY=] [Return][2Ecuzdc02C6eOt6SNyqCzA==:wCBorWBOdwZrvVyfSy0sRGkSBFje9+6+txjR+Akyxl0=]
D/S4URC   ( 3556): [SDK] [android.content.ContextWrapper][getSharedPreferences] [File][com.tvhkvh.xfhvaj_preferences.xml] [MODE][MODE_PRIVATE] [Method][getString] [String][KTG81sSjZqvKo7LXRs0+R1OcEkazrNv6w297XBpYnVs=] [Return][b0go/xu7amdhB//vNQtMDQ==:lw22F+4VPEGXOO/4TRpuQgWs0pZNS7o8hh7RabmvUBI=:xGFaYuUzyX1lirBnJroDMQ==]
D/S4URC   ( 3556): [SDK] [javax.crypto.spec.SecretKeySpec][Constructor] [KEY][wCBorWBOdwZrvVyfSy0sRGkSBFje9+6+txjR+Akyxl0=][type][HmacSHA256][javax.crypto.Cipher][getInstance] [Cipher][AES/CBC/PKCS5Padding] [javax.crypto.spec.IvParameterSpec][Constructor] [IV][b0go/xu7amdhB//vNQtMDQ==] [javax.crypto.Cipher][doFinal] [Data][xGFaYuUzyX1lirBnJroDMQ==] [Return][-1]
D/S4URC   ( 3556): [SDK] [java.io.File] [getPath] [FilePath][String] [/data/data/com.tvhkvh.xfhvaj/shared_prefs/com.tvhkvh.xfhvaj_preferences.xml]
D/S4URC   ( 3556): [SDK] [android.content.ContextWrapper][getSharedPreferences] [File][com.tvhkvh.xfhvaj_preferences.xml] [MODE][MODE_PRIVATE]
D/S4URC   ( 3556): [SDK] [javax.crypto.spec.PBEKeySpec][Constructor] [Password][com.tvhkvh.xfhvaj] [Salt][unknown]
D/S4URC   ( 3428): [SDK] [java.io.File] [Constructor] [FilePath][String] [/data/data/com.tvhkvh.xfhvaj/files/Mint-lastsavedfile]
D/S4URC   ( 3428): [SDK] [java.io.File] [getPath] [FilePath][String] [/data/data/com.tvhkvh.xfhvaj/files/Mint-lastsavedfile]
D/S4URC   ( 3428): [NDK] [SYSCALL] [open] [PATH][string] [/data/data/com.tvhkvh.xfhvaj/files/Mint-lastsavedfile] [RETURN][int] [-1]
D/S4URC   ( 3428): [SDK] [java.io.File] [Constructor] [FilePath][String] [/data/data/com.tvhkvh.xfhvaj/files/MintSavedData-1-1530114727564.json]
D/S4URC   ( 3428): [NDK] [SYSCALL] [stat] [PATH][string] [/data/data/com.tvhkvh.xfhvaj/files/MintSavedData-1-1530114727564.json]
D/S4URC   ( 3428): [SDK] [java.io.File] [exists] [FilePath][String] [/data/data/com.tvhkvh.xfhvaj/files/MintSavedData-1-1530114727564.json]
D/S4URC   ( 3428): [NDK] [SYSCALL] [access] [PATH][string] [/data/data/com.tvhkvh.xfhvaj/files/MintSavedData-1-1530114727564.json]
D/S4URC   ( 3428): [SDK] [java.io.File] [createNewFile] [FilePath][String] [/data/data/com.tvhkvh.xfhvaj/files/MintSavedData-1-1530114727564.json]
D/S4URC   ( 3428): [NDK] [SYSCALL] [open] [PATH][string] [/data/data/com.tvhkvh.xfhvaj/files/MintSavedData-1-1530114727564.json] [RETURN][int] [28]
D/S4URC   ( 3428): [SDK] [java.io.File] [getPath] [FilePath][String] [/data/data/com.tvhkvh.xfhvaj/files/MintSavedData-1-1530114727564.json]
D/S4URC   ( 3428): [NDK] [SYSCALL] [open] [PATH][string] [/data/data/com.tvhkvh.xfhvaj/files/MintSavedData-1-1530114727564.json] [RETURN][int] [28]
D/S4URC   ( 3428): [SDK] [java.io.File] [getName] [FilePath][String] [/data/data/com.tvhkvh.xfhvaj/files/MintSavedData-1-1530114727564.json]
D/S4URC   ( 3428): [SDK] [java.io.File] [Constructor] [FilePath][String] [/data/data/com.tvhkvh.xfhvaj/files/Mint-lastsavedfile]
D/S4URC   ( 3428): [SDK] [java.io.File] [exists] [FilePath][String] [/data/data/com.tvhkvh.xfhvaj/files/Mint-lastsavedfile]
D/S4URC   ( 3428): [NDK] [SYSCALL] [access] [PATH][string] [/data/data/com.tvhkvh.xfhvaj/files/Mint-lastsavedfile]
D/S4URC   ( 3428): [SDK] [java.io.File] [delete] [FilePath][String] [/data/data/com.tvhkvh.xfhvaj/files/Mint-lastsavedfile]
D/S4URC   ( 3428): [NDK] [SYSCALL] [lstat] [PATH][string] [/data/data/com.tvhkvh.xfhvaj/files/Mint-lastsavedfile]
D/S4URC   ( 3428): [SDK] [java.io.File] [createNewFile] [FilePath][String] [/data/data/com.tvhkvh.xfhvaj/files/Mint-lastsavedfile]
D/S4URC   ( 3428): [NDK] [SYSCALL] [open] [PATH][string] [/data/data/com.tvhkvh.xfhvaj/files/Mint-lastsavedfile] [RETURN][int] [28]
D/S4URC   ( 3428): [SDK] [java.io.File] [getPath] [FilePath][String] [/data/data/com.tvhkvh.xfhvaj/files/Mint-lastsavedfile]
D/S4URC   ( 3428): [NDK] [SYSCALL] [open] [PATH][string] [/data/data/com.tvhkvh.xfhvaj/files/Mint-lastsavedfile] [RETURN][int] [25]
D/S4URC   ( 3428): [SDK] [java.io.File] [Constructor] [FilePath][String] [/system/app/Superuser.apk]
D/S4URC   ( 3428): [SDK] [java.io.File] [exists] [FilePath][String] [/system/app/Superuser.apk]
D/S4URC   ( 3428): [NDK] [SYSCALL] [access] [PATH][string] [/system/app/Superuser.apk]
D/S4URC   ( 3428): [SDK] [java.lang.Runtime] [exec] [Command][String] [/system/xbin/whichsu]
D/S4URC   ( 3828): [NDK] [SYSCALL] [getdents] [PATH][string] [.]
D/S4URC   ( 3428): [SDK] [android.telephony.TelephonyManager] [getLine1Number]
D/S4URC   ( 3428): [SDK] [android.telephony.TelephonyManager] [getSubscriberId]
D/S4URC   ( 3428):  [Method][getString] [String][mobile] [Return][null]
D/S4URC   ( 3428):  [Method][getString] [String][agent] [Return][Dalvik/2.1.0 (Linux; U; Android 5.1.1; galaxys5 Build/LMY49J)]
D/S4URC   ( 3428): [SDK] [java.lang.Class] [forName] [FindClass][String] [java.net.PlainSocketImpl]
D/S4URC   ( 3428): [NDK] [SYSCALL] [socket] [TYPE][string] [TCP]
D/S4URC   ( 3556): [SDK] [android.content.ContextWrapper][getSharedPreferences] [File][com.tvhkvh.xfhvaj_preferences.xml] [MODE][MODE_PRIVATE] [Method][getString] [String][NGul1wEMRYsp/yhR0EAd+dOtENBFFNunDk5kZmK/RyY=] [Return][2Ecuzdc02C6eOt6SNyqCzA==:wCBorWBOdwZrvVyfSy0sRGkSBFje9+6+txjR+Akyxl0=]
D/S4URC   ( 3556): [SDK] [javax.crypto.spec.SecretKeySpec][Constructor] [KEY][wCBorWBOdwZrvVyfSy0sRGkSBFje9+6+txjR+Akyxl0=][type][HmacSHA256][javax.crypto.Cipher][getInstance] [Cipher][AES/CBC/PKCS5Padding] [javax.crypto.spec.IvParameterSpec][Constructor] [IV][hPd5KreT0DGeODSqo2UylQ==] [javax.crypto.Cipher][doFinal] [Data][mobproxy7.com] [Return][1Nn4XAVGfKi8c+tSfFm4JQ==]
D/S4URC   ( 3556): [SDK] [android.content.ContextWrapper][getSharedPreferences] [File][com.tvhkvh.xfhvaj_preferences.xml] [MODE][MODE_PRIVATE] [Method][putString] [Key][8v+DhgpNwgOYjtGiK6HyEjfwSr29DEyVEQPPvtEh3ng=] [Value][hPd5KreT0DGeODSqo2UylQ==:oIBRNXgin80tGjG2cDdraD2FkiTveQUk0FAVOCarKKI=:1Nn4XAVGfKi8c+tSfFm4JQ==]
D/S4URC   ( 3556): [SDK] [java.io.File] [exists] [FilePath][String] [/data/data/com.tvhkvh.xfhvaj/shared_prefs/com.tvhkvh.xfhvaj_preferences.xml]
D/S4URC   ( 3556): [SDK] [java.io.File] [exists] [FilePath][String] [/data/data/com.tvhkvh.xfhvaj/shared_prefs/com.tvhkvh.xfhvaj_preferences.xml.bak]
D/S4URC   ( 3556): [SDK] [java.io.File] [renameTo] [FilePath][String] [/data/data/com.tvhkvh.xfhvaj/shared_prefs/com.tvhkvh.xfhvaj_preferences.xml] [DesFile][/data/data/com.tvhkvh.xfhvaj/shared_prefs/com.tvhkvh.xfhvaj_preferences.xml.bak]
D/S4URC   ( 3556): [SDK] [java.io.File] [getPath] [FilePath][String] [/data/data/com.tvhkvh.xfhvaj/shared_prefs/com.tvhkvh.xfhvaj_preferences.xml]
D/S4URC   ( 3556): [SDK] [java.io.File] [delete] [FilePath][String] [/data/data/com.tvhkvh.xfhvaj/shared_prefs/com.tvhkvh.xfhvaj_preferences.xml.bak]
D/S4URC   ( 3556): [SDK] [android.content.ContextWrapper][getSharedPreferences] [File][com.tvhkvh.xfhvaj_preferences.xml] [MODE][MODE_PRIVATE] [Method][commit]
D/S4URC   ( 3556): [SDK] [java.io.File] [getPath] [FilePath][String] [/data/data/com.tvhkvh.xfhvaj/shared_prefs/com.tvhkvh.xfhvaj_preferences.xml]
D/S4URC   ( 3556): [SDK] [android.content.ContextWrapper][getSharedPreferences] [File][com.tvhkvh.xfhvaj_preferences.xml] [MODE][MODE_PRIVATE]
D/S4URC   ( 3556): [SDK] [javax.crypto.spec.PBEKeySpec][Constructor] [Password][com.tvhkvh.xfhvaj] [Salt][unknown]
D/S4URC   ( 3556): [SDK] [android.content.ContextWrapper][getSharedPreferences] [File][com.tvhkvh.xfhvaj_preferences.xml] [MODE][MODE_PRIVATE] [Method][getString] [String][NGul1wEMRYsp/yhR0EAd+dOtENBFFNunDk5kZmK/RyY=] [Return][2Ecuzdc02C6eOt6SNyqCzA==:wCBorWBOdwZrvVyfSy0sRGkSBFje9+6+txjR+Akyxl0=]
D/S4URC   ( 3556): [SDK] [android.content.ContextWrapper][getSharedPreferences] [File][com.tvhkvh.xfhvaj_preferences.xml] [MODE][MODE_PRIVATE] [Method][getString] [String][KTG81sSjZqvKo7LXRs0+R1OcEkazrNv6w297XBpYnVs=] [Return][b0go/xu7amdhB//vNQtMDQ==:lw22F+4VPEGXOO/4TRpuQgWs0pZNS7o8hh7RabmvUBI=:xGFaYuUzyX1lirBnJroDMQ==]
D/S4URC   ( 3556): [SDK] [javax.crypto.spec.SecretKeySpec][Constructor] [KEY][wCBorWBOdwZrvVyfSy0sRGkSBFje9+6+txjR+Akyxl0=][type][HmacSHA256][javax.crypto.Cipher][getInstance] [Cipher][AES/CBC/PKCS5Padding] [javax.crypto.spec.IvParameterSpec][Constructor] [IV][b0go/xu7amdhB//vNQtMDQ==] [javax.crypto.Cipher][doFinal] [Data][xGFaYuUzyX1lirBnJroDMQ==] [Return][-1]
D/S4URC   ( 3556): [SDK] [java.io.File] [getPath] [FilePath][String] [/data/data/com.tvhkvh.xfhvaj/shared_prefs/com.tvhkvh.xfhvaj_preferences.xml]
D/S4URC   ( 3556): [SDK] [android.content.ContextWrapper][getSharedPreferences] [File][com.tvhkvh.xfhvaj_preferences.xml] [MODE][MODE_PRIVATE]
D/S4URC   ( 3556): [SDK] [javax.crypto.spec.PBEKeySpec][Constructor] [Password][com.tvhkvh.xfhvaj] [Salt][unknown]
D/S4URC   ( 3428): [SDK] [java.io.File] [Constructor] [FilePath][String] [/data/data/com.tvhkvh.xfhvaj/files/Mint-lastsavedfile]
D/S4URC   ( 3428): [SDK] [java.io.File] [getPath] [FilePath][String] [/data/data/com.tvhkvh.xfhvaj/files/Mint-lastsavedfile]
D/S4URC   ( 3428): [NDK] [SYSCALL] [open] [PATH][string] [/data/data/com.tvhkvh.xfhvaj/files/Mint-lastsavedfile] [RETURN][int] [28]
D/S4URC   ( 3428): [SDK] [java.io.File] [Constructor] [FilePath][String] [/data/data/com.tvhkvh.xfhvaj/files/MintSavedData-1-1530114727564.json]
D/S4URC   ( 3428): [NDK] [SYSCALL] [stat] [PATH][string] [/data/data/com.tvhkvh.xfhvaj/files/MintSavedData-1-1530114727564.json]
D/S4URC   ( 3428): [SDK] [java.io.File] [exists] [FilePath][String] [/data/data/com.tvhkvh.xfhvaj/files/MintSavedData-1-1530114727564.json]
D/S4URC   ( 3428): [NDK] [SYSCALL] [access] [PATH][string] [/data/data/com.tvhkvh.xfhvaj/files/MintSavedData-1-1530114727564.json]
D/S4URC   ( 3428): [SDK] [java.io.File] [getPath] [FilePath][String] [/data/data/com.tvhkvh.xfhvaj/files/MintSavedData-1-1530114727564.json]
D/S4URC   ( 3428): [NDK] [SYSCALL] [open] [PATH][string] [/data/data/com.tvhkvh.xfhvaj/files/MintSavedData-1-1530114727564.json] [RETURN][int] [25]
D/S4URC   ( 3428): [SDK] [java.io.File] [getName] [FilePath][String] [/data/data/com.tvhkvh.xfhvaj/files/MintSavedData-1-1530114727564.json]
D/S4URC   ( 3428): [SDK] [java.io.File] [Constructor] [FilePath][String] [/data/data/com.tvhkvh.xfhvaj/files/Mint-lastsavedfile]
D/S4URC   ( 3428): [SDK] [java.io.File] [exists] [FilePath][String] [/data/data/com.tvhkvh.xfhvaj/files/Mint-lastsavedfile]
D/S4URC   ( 3428): [SDK] [java.io.File] [Constructor] [FilePath][String] [/system/app/Superuser.apk]
D/S4URC   ( 3428): [NDK] [SYSCALL] [access] [PATH][string] [/data/data/com.tvhkvh.xfhvaj/files/Mint-lastsavedfile]
D/S4URC   ( 3428): [SDK] [java.io.File] [exists] [FilePath][String] [/system/app/Superuser.apk]
D/S4URC   ( 3428): [NDK] [SYSCALL] [access] [PATH][string] [/system/app/Superuser.apk]
D/S4URC   ( 3428): [SDK] [java.io.File] [getPath] [FilePath][String] [/data/data/com.tvhkvh.xfhvaj/files/Mint-lastsavedfile]
D/S4URC   ( 3428): [SDK] [java.lang.Runtime] [exec] [Command][String] [/system/xbin/whichsu]
D/S4URC   ( 3428): [NDK] [SYSCALL] [open] [PATH][string] [/data/data/com.tvhkvh.xfhvaj/files/Mint-lastsavedfile] [RETURN][int] [25]
D/S4URC   ( 3856): [NDK] [SYSCALL] [getdents] [PATH][string] [.]
D/S4URC   ( 3428): [SDK] [android.telephony.TelephonyManager] [getLine1Number]
D/S4URC   ( 3428): [SDK] [android.telephony.TelephonyManager] [getSubscriberId]
D/S4URC   ( 3428):  [Method][getString] [String][mobile] [Return][null]
D/S4URC   ( 3428):  [Method][getString] [String][agent] [Return][Dalvik/2.1.0 (Linux; U; Android 5.1.1; galaxys5 Build/LMY49J)]
D/S4URC   ( 3428): [SDK] [java.lang.Class] [forName] [FindClass][String] [java.net.PlainSocketImpl]
D/S4URC   ( 3428): [NDK] [SYSCALL] [socket] [TYPE][string] [TCP]
D/S4URC   ( 3556): [SDK] [android.content.ContextWrapper][getSharedPreferences] [File][com.tvhkvh.xfhvaj_preferences.xml] [MODE][MODE_PRIVATE] [Method][getString] [String][NGul1wEMRYsp/yhR0EAd+dOtENBFFNunDk5kZmK/RyY=] [Return][2Ecuzdc02C6eOt6SNyqCzA==:wCBorWBOdwZrvVyfSy0sRGkSBFje9+6+txjR+Akyxl0=]
D/S4URC   ( 3556): [SDK] [javax.crypto.spec.SecretKeySpec][Constructor] [KEY][wCBorWBOdwZrvVyfSy0sRGkSBFje9+6+txjR+Akyxl0=][type][HmacSHA256][javax.crypto.Cipher][getInstance] [Cipher][AES/CBC/PKCS5Padding] [javax.crypto.spec.IvParameterSpec][Constructor] [IV][VhKQI7vzzdsfi9hmwFnvkg==] [javax.crypto.Cipher][doFinal] [Data][0] [Return][A.y.6?X..kT0.N.O]
D/S4URC   ( 3556): [SDK] [android.content.ContextWrapper][getSharedPreferences] [File][com.tvhkvh.xfhvaj_preferences.xml] [MODE][MODE_PRIVATE] [Method][putString] [Key][KTG81sSjZqvKo7LXRs0+R1OcEkazrNv6w297XBpYnVs=] [Value][VhKQI7vzzdsfi9hmwFnvkg==:9i+A/1xWosfqM1GdXJKaF9/OqRiP7Zxr99oUPGpnbj4=:QY958DY/WJyba1Qwz06HTw==]
D/S4URC   ( 3556): [SDK] [java.io.File] [exists] [FilePath][String] [/data/data/com.tvhkvh.xfhvaj/shared_prefs/com.tvhkvh.xfhvaj_preferences.xml]
D/S4URC   ( 3556): [SDK] [java.io.File] [exists] [FilePath][String] [/data/data/com.tvhkvh.xfhvaj/shared_prefs/com.tvhkvh.xfhvaj_preferences.xml.bak]
D/S4URC   ( 3556): [SDK] [java.io.File] [renameTo] [FilePath][String] [/data/data/com.tvhkvh.xfhvaj/shared_prefs/com.tvhkvh.xfhvaj_preferences.xml] [DesFile][/data/data/com.tvhkvh.xfhvaj/shared_prefs/com.tvhkvh.xfhvaj_preferences.xml.bak]
D/S4URC   ( 3556): [SDK] [java.io.File] [getPath] [FilePath][String] [/data/data/com.tvhkvh.xfhvaj/shared_prefs/com.tvhkvh.xfhvaj_preferences.xml]
D/S4URC   ( 3556): [SDK] [java.io.File] [delete] [FilePath][String] [/data/data/com.tvhkvh.xfhvaj/shared_prefs/com.tvhkvh.xfhvaj_preferences.xml.bak]
D/S4URC   ( 3556): [SDK] [android.content.ContextWrapper][getSharedPreferences] [File][com.tvhkvh.xfhvaj_preferences.xml] [MODE][MODE_PRIVATE] [Method][commit]
D/S4URC   ( 3556): [SDK] [java.io.File] [getPath] [FilePath][String] [/data/data/com.tvhkvh.xfhvaj/shared_prefs/com.tvhkvh.xfhvaj_preferences.xml]
D/S4URC   ( 3556): [SDK] [android.content.ContextWrapper][getSharedPreferences] [File][com.tvhkvh.xfhvaj_preferences.xml] [MODE][MODE_PRIVATE]
D/S4URC   ( 3556): [SDK] [javax.crypto.spec.PBEKeySpec][Constructor] [Password][com.tvhkvh.xfhvaj] [Salt][unknown]
D/S4URC   ( 3556): [SDK] [android.content.ContextWrapper][getSharedPreferences] [File][com.tvhkvh.xfhvaj_preferences.xml] [MODE][MODE_PRIVATE] [Method][getString] [String][NGul1wEMRYsp/yhR0EAd+dOtENBFFNunDk5kZmK/RyY=] [Return][2Ecuzdc02C6eOt6SNyqCzA==:wCBorWBOdwZrvVyfSy0sRGkSBFje9+6+txjR+Akyxl0=]
D/S4URC   ( 3556): [SDK] [android.content.ContextWrapper][getSharedPreferences] [File][com.tvhkvh.xfhvaj_preferences.xml] [MODE][MODE_PRIVATE] [Method][getString] [String][8v+DhgpNwgOYjtGiK6HyEjfwSr29DEyVEQPPvtEh3ng=] [Return][hPd5KreT0DGeODSqo2UylQ==:oIBRNXgin80tGjG2cDdraD2FkiTveQUk0FAVOCarKKI=:1Nn4XAVGfKi8c+tSfFm4JQ==]
D/S4URC   ( 3556): [SDK] [javax.crypto.spec.SecretKeySpec][Constructor] [KEY][wCBorWBOdwZrvVyfSy0sRGkSBFje9+6+txjR+Akyxl0=][type][HmacSHA256][javax.crypto.Cipher][getInstance] [Cipher][AES/CBC/PKCS5Padding] [javax.crypto.spec.IvParameterSpec][Constructor] [IV][hPd5KreT0DGeODSqo2UylQ==] [javax.crypto.Cipher][doFinal] [Data][1Nn4XAVGfKi8c+tSfFm4JQ==] [Return][mobproxy7.com]
D/S4URC   ( 3428): [SDK] [java.io.File] [Constructor] [FilePath][String] [/data/data/com.tvhkvh.xfhvaj/files/Mint-lastsavedfile]
D/S4URC   ( 3428): [SDK] [java.io.File] [getPath] [FilePath][String] [/data/data/com.tvhkvh.xfhvaj/files/Mint-lastsavedfile]
D/S4URC   ( 3428): [NDK] [SYSCALL] [open] [PATH][string] [/data/data/com.tvhkvh.xfhvaj/files/Mint-lastsavedfile] [RETURN][int] [18]
D/S4URC   ( 3428): [SDK] [java.io.File] [Constructor] [FilePath][String] [/data/data/com.tvhkvh.xfhvaj/files/MintSavedData-1-1530114727564.json]
D/S4URC   ( 3428): [NDK] [SYSCALL] [stat] [PATH][string] [/data/data/com.tvhkvh.xfhvaj/files/MintSavedData-1-1530114727564.json]
D/S4URC   ( 3428): [SDK] [java.io.File] [exists] [FilePath][String] [/data/data/com.tvhkvh.xfhvaj/files/MintSavedData-1-1530114727564.json]
D/S4URC   ( 3428): [NDK] [SYSCALL] [access] [PATH][string] [/data/data/com.tvhkvh.xfhvaj/files/MintSavedData-1-1530114727564.json]
D/S4URC   ( 3428): [SDK] [java.io.File] [getPath] [FilePath][String] [/data/data/com.tvhkvh.xfhvaj/files/MintSavedData-1-1530114727564.json]
D/S4URC   ( 3428): [NDK] [SYSCALL] [open] [PATH][string] [/data/data/com.tvhkvh.xfhvaj/files/MintSavedData-1-1530114727564.json] [RETURN][int] [18]
D/S4URC   ( 3428): [SDK] [java.io.File] [getName] [FilePath][String] [/data/data/com.tvhkvh.xfhvaj/files/MintSavedData-1-1530114727564.json]
D/S4URC   ( 3428): [SDK] [java.io.File] [Constructor] [FilePath][String] [/data/data/com.tvhkvh.xfhvaj/files/Mint-lastsavedfile]
D/S4URC   ( 3428): [SDK] [java.io.File] [exists] [FilePath][String] [/data/data/com.tvhkvh.xfhvaj/files/Mint-lastsavedfile]
D/S4URC   ( 3428): [NDK] [SYSCALL] [access] [PATH][string] [/data/data/com.tvhkvh.xfhvaj/files/Mint-lastsavedfile]
D/S4URC   ( 3428): [SDK] [java.io.File] [getPath] [FilePath][String] [/data/data/com.tvhkvh.xfhvaj/files/Mint-lastsavedfile]
D/S4URC   ( 3428): [NDK] [SYSCALL] [open] [PATH][string] [/data/data/com.tvhkvh.xfhvaj/files/Mint-lastsavedfile] [RETURN][int] [18]
D/S4URC   ( 3428): [SDK] [java.io.File] [Constructor] [FilePath][String] [/system/app/Superuser.apk]
D/S4URC   ( 3428): [SDK] [java.io.File] [exists] [FilePath][String] [/system/app/Superuser.apk]
D/S4URC   ( 3428): [NDK] [SYSCALL] [access] [PATH][string] [/system/app/Superuser.apk]
D/S4URC   ( 3428): [SDK] [java.lang.Runtime] [exec] [Command][String] [/system/xbin/whichsu]
D/S4URC   ( 3862): [NDK] [SYSCALL] [getdents] [PATH][string] [.]
D/S4URC   ( 3428): [SDK] [android.telephony.TelephonyManager] [getLine1Number]
D/S4URC   ( 3428): [SDK] [android.telephony.TelephonyManager] [getSubscriberId]
D/S4URC   ( 3428):  [Method][getString] [String][mobile] [Return][null]
D/S4URC   ( 3428):  [Method][getString] [String][agent] [Return][Dalvik/2.1.0 (Linux; U; Android 5.1.1; galaxys5 Build/LMY49J)]
D/S4URC   ( 3428): [SDK] [java.lang.Class] [forName] [FindClass][String] [java.net.PlainSocketImpl]
D/S4URC   ( 3428): [NDK] [SYSCALL] [socket] [TYPE][string] [TCP]
D/S4URC   ( 3556): [SDK] [java.io.File] [getPath] [FilePath][String] [/data/data/com.tvhkvh.xfhvaj/shared_prefs/com.tvhkvh.xfhvaj_preferences.xml]
D/S4URC   ( 3556): [SDK] [android.content.ContextWrapper][getSharedPreferences] [File][com.tvhkvh.xfhvaj_preferences.xml] [MODE][MODE_PRIVATE]
D/S4URC   ( 3556): [SDK] [javax.crypto.spec.PBEKeySpec][Constructor] [Password][com.tvhkvh.xfhvaj] [Salt][unknown]
D/S4URC   ( 3556): [SDK] [android.content.ContextWrapper][getSharedPreferences] [File][com.tvhkvh.xfhvaj_preferences.xml] [MODE][MODE_PRIVATE] [Method][getString] [String][NGul1wEMRYsp/yhR0EAd+dOtENBFFNunDk5kZmK/RyY=] [Return][2Ecuzdc02C6eOt6SNyqCzA==:wCBorWBOdwZrvVyfSy0sRGkSBFje9+6+txjR+Akyxl0=]
D/S4URC   ( 3556): [SDK] [android.content.ContextWrapper][getSharedPreferences] [File][com.tvhkvh.xfhvaj_preferences.xml] [MODE][MODE_PRIVATE] [Method][getString] [String][RJLlwrHbab/nlP+fp/Rx4lGZTFlUIrCnqrFdHoZub+s=] [Return][null]
D/S4URC   ( 3556): [SDK] [java.io.File] [getPath] [FilePath][String] [/data/data/com.tvhkvh.xfhvaj/shared_prefs/com.tvhkvh.xfhvaj_preferences.xml]
D/S4URC   ( 3556): [SDK] [android.content.ContextWrapper][getSharedPreferences] [File][com.tvhkvh.xfhvaj_preferences.xml] [MODE][MODE_PRIVATE]
D/S4URC   ( 3556): [SDK] [javax.crypto.spec.SecretKeySpec][Constructor] [KEY][wCBorWBOdwZrvVyfSy0sRGkSBFje9+6+txjR+Akyxl0=][type][HmacSHA256][javax.crypto.spec.PBEKeySpec][Constructor] [Password][com.tvhkvh.xfhvaj] [Salt][unknown]
D/S4URC   ( 3556): [SDK] [android.content.ContextWrapper][getSharedPreferences] [File][com.tvhkvh.xfhvaj_preferences.xml] [MODE][MODE_PRIVATE] [Method][getString] [String][NGul1wEMRYsp/yhR0EAd+dOtENBFFNunDk5kZmK/RyY=] [Return][2Ecuzdc02C6eOt6SNyqCzA==:wCBorWBOdwZrvVyfSy0sRGkSBFje9+6+txjR+Akyxl0=]
D/S4URC   ( 3556): [SDK] [android.content.ContextWrapper][getSharedPreferences] [File][com.tvhkvh.xfhvaj_preferences.xml] [MODE][MODE_PRIVATE] [Method][getString] [String][8v+DhgpNwgOYjtGiK6HyEjfwSr29DEyVEQPPvtEh3ng=] [Return][hPd5KreT0DGeODSqo2UylQ==:oIBRNXgin80tGjG2cDdraD2FkiTveQUk0FAVOCarKKI=:1Nn4XAVGfKi8c+tSfFm4JQ==]
D/S4URC   ( 3556): [SDK] [javax.crypto.spec.SecretKeySpec][Constructor] [KEY][wCBorWBOdwZrvVyfSy0sRGkSBFje9+6+txjR+Akyxl0=][type][HmacSHA256][javax.crypto.Cipher][getInstance] [Cipher][AES/CBC/PKCS5Padding] [javax.crypto.spec.IvParameterSpec][Constructor] [IV][hPd5KreT0DGeODSqo2UylQ==] [javax.crypto.Cipher][doFinal] [Data][1Nn4XAVGfKi8c+tSfFm4JQ==] [Return][mobproxy7.com]
D/S4URC   ( 3556): [SDK] [java.net] [HttpURLConnection] [URL][String] [http://mobproxy7.com:1010/speedtest/download?size=153600]
D/S4URC   ( 3556): [SDK] [java.io.File] [getPath] [FilePath][String] [/data/data/com.tvhkvh.xfhvaj/shared_prefs/com.tvhkvh.xfhvaj_preferences.xml]
D/S4URC   ( 3556): [SDK] [android.content.ContextWrapper][getSharedPreferences] [File][com.tvhkvh.xfhvaj_preferences.xml] [MODE][MODE_PRIVATE]
D/S4URC   ( 3556): [SDK] [javax.crypto.spec.PBEKeySpec][Constructor] [Password][com.tvhkvh.xfhvaj] [Salt][unknown]
D/S4URC   ( 3556): [SDK] [android.content.ContextWrapper][getSharedPreferences] [File][com.tvhkvh.xfhvaj_preferences.xml] [MODE][MODE_PRIVATE] [Method][getString] [String][NGul1wEMRYsp/yhR0EAd+dOtENBFFNunDk5kZmK/RyY=] [Return][2Ecuzdc02C6eOt6SNyqCzA==:wCBorWBOdwZrvVyfSy0sRGkSBFje9+6+txjR+Akyxl0=]
D/S4URC   ( 3556): [SDK] [android.content.ContextWrapper][getSharedPreferences] [File][com.tvhkvh.xfhvaj_preferences.xml] [MODE][MODE_PRIVATE] [Method][getString] [String][8v+DhgpNwgOYjtGiK6HyEjfwSr29DEyVEQPPvtEh3ng=] [Return][hPd5KreT0DGeODSqo2UylQ==:oIBRNXgin80tGjG2cDdraD2FkiTveQUk0FAVOCarKKI=:1Nn4XAVGfKi8c+tSfFm4JQ==]
D/S4URC   ( 3556): [SDK] [javax.crypto.spec.SecretKeySpec][Constructor] [KEY][wCBorWBOdwZrvVyfSy0sRGkSBFje9+6+txjR+Akyxl0=][type][HmacSHA256][javax.crypto.Cipher][getInstance] [Cipher][AES/CBC/PKCS5Padding] [javax.crypto.spec.IvParameterSpec][Constructor] [IV][hPd5KreT0DGeODSqo2UylQ==] [javax.crypto.Cipher][doFinal] [Data][1Nn4XAVGfKi8c+tSfFm4JQ==] [Return][mobproxy7.com]
D/S4URC   ( 3556): [SDK] [java.io.File] [getPath] [FilePath][String] [/data/data/com.tvhkvh.xfhvaj/shared_prefs/com.tvhkvh.xfhvaj_preferences.xml]
D/S4URC   ( 3556): [SDK] [android.content.ContextWrapper][getSharedPreferences] [File][com.tvhkvh.xfhvaj_preferences.xml] [MODE][MODE_PRIVATE]
D/S4URC   ( 3556): [SDK] [javax.crypto.spec.PBEKeySpec][Constructor] [Password][com.tvhkvh.xfhvaj] [Salt][unknown]
D/S4URC   ( 3556): [SDK] [android.content.ContextWrapper][getSharedPreferences] [File][com.tvhkvh.xfhvaj_preferences.xml] [MODE][MODE_PRIVATE] [Method][getString] [String][NGul1wEMRYsp/yhR0EAd+dOtENBFFNunDk5kZmK/RyY=] [Return][2Ecuzdc02C6eOt6SNyqCzA==:wCBorWBOdwZrvVyfSy0sRGkSBFje9+6+txjR+Akyxl0=]
D/S4URC   ( 3556): [SDK] [javax.crypto.spec.SecretKeySpec][Constructor] [KEY][wCBorWBOdwZrvVyfSy0sRGkSBFje9+6+txjR+Akyxl0=][type][HmacSHA256][javax.crypto.Cipher][getInstance] [Cipher][AES/CBC/PKCS5Padding] [javax.crypto.spec.IvParameterSpec][Constructor] [IV][T/o1V3br3vbuVbRJU4HL1g==] [javax.crypto.Cipher][doFinal] [Data][mobproxy7.com] [Return][GaZfoUmwUw//9zULbZ62EA==]
D/S4URC   ( 3556): [SDK] [android.content.ContextWrapper][getSharedPreferences] [File][com.tvhkvh.xfhvaj_preferences.xml] [MODE][MODE_PRIVATE] [Method][putString] [Key][8v+DhgpNwgOYjtGiK6HyEjfwSr29DEyVEQPPvtEh3ng=] [Value][T/o1V3br3vbuVbRJU4HL1g==:nFtxvylrc5dnlY1FxRi6PJfT9wi+bP/0lbX6Ia3Fkdo=:GaZfoUmwUw//9zULbZ62EA==]
D/S4URC   ( 3556): [SDK] [java.io.File] [exists] [FilePath][String] [/data/data/com.tvhkvh.xfhvaj/shared_prefs/com.tvhkvh.xfhvaj_preferences.xml]
D/S4URC   ( 3556): [SDK] [java.io.File] [exists] [FilePath][String] [/data/data/com.tvhkvh.xfhvaj/shared_prefs/com.tvhkvh.xfhvaj_preferences.xml.bak]
D/S4URC   ( 3556): [SDK] [java.io.File] [renameTo] [FilePath][String] [/data/data/com.tvhkvh.xfhvaj/shared_prefs/com.tvhkvh.xfhvaj_preferences.xml] [DesFile][/data/data/com.tvhkvh.xfhvaj/shared_prefs/com.tvhkvh.xfhvaj_preferences.xml.bak]
D/S4URC   ( 3556): [SDK] [java.io.File] [getPath] [FilePath][String] [/data/data/com.tvhkvh.xfhvaj/shared_prefs/com.tvhkvh.xfhvaj_preferences.xml]
D/S4URC   ( 3556): [SDK] [java.io.File] [delete] [FilePath][String] [/data/data/com.tvhkvh.xfhvaj/shared_prefs/com.tvhkvh.xfhvaj_preferences.xml.bak]
D/S4URC   ( 3556): [SDK] [android.content.ContextWrapper][getSharedPreferences] [File][com.tvhkvh.xfhvaj_preferences.xml] [MODE][MODE_PRIVATE] [Method][commit]
D/S4URC   ( 3556): [SDK] [java.io.File] [getPath] [FilePath][String] [/data/data/com.tvhkvh.xfhvaj/shared_prefs/com.tvhkvh.xfhvaj_preferences.xml]
D/S4URC   ( 3556): [SDK] [android.content.ContextWrapper][getSharedPreferences] [File][com.tvhkvh.xfhvaj_preferences.xml] [MODE][MODE_PRIVATE]
D/S4URC   ( 3556): [SDK] [javax.crypto.spec.PBEKeySpec][Constructor] [Password][com.tvhkvh.xfhvaj] [Salt][unknown]
D/S4URC   ( 3556): [SDK] [android.content.ContextWrapper][getSharedPreferences] [File][com.tvhkvh.xfhvaj_preferences.xml] [MODE][MODE_PRIVATE] [Method][getString] [String][NGul1wEMRYsp/yhR0EAd+dOtENBFFNunDk5kZmK/RyY=] [Return][2Ecuzdc02C6eOt6SNyqCzA==:wCBorWBOdwZrvVyfSy0sRGkSBFje9+6+txjR+Akyxl0=]
D/S4URC   ( 3556): [SDK] [android.content.ContextWrapper][getSharedPreferences] [File][com.tvhkvh.xfhvaj_preferences.xml] [MODE][MODE_PRIVATE] [Method][getString] [String][8v+DhgpNwgOYjtGiK6HyEjfwSr29DEyVEQPPvtEh3ng=] [Return][T/o1V3br3vbuVbRJU4HL1g==:nFtxvylrc5dnlY1FxRi6PJfT9wi+bP/0lbX6Ia3Fkdo=:GaZfoUmwUw//9zULbZ62EA==]
D/S4URC   ( 3556): [SDK] [javax.crypto.spec.SecretKeySpec][Constructor] [KEY][wCBorWBOdwZrvVyfSy0sRGkSBFje9+6+txjR+Akyxl0=][type][HmacSHA256][javax.crypto.Cipher][getInstance] [Cipher][AES/CBC/PKCS5Padding] [javax.crypto.spec.IvParameterSpec][Constructor] [IV][T/o1V3br3vbuVbRJU4HL1g==] [javax.crypto.Cipher][doFinal] [Data][GaZfoUmwUw//9zULbZ62EA==] [Return][mobproxy7.com]
D/S4URC   ( 3556): [SDK] [java.io.File] [getPath] [FilePath][String] [/data/data/com.tvhkvh.xfhvaj/shared_prefs/com.tvhkvh.xfhvaj_preferences.xml]
D/S4URC   ( 3556): [SDK] [android.content.ContextWrapper][getSharedPreferences] [File][com.tvhkvh.xfhvaj_preferences.xml] [MODE][MODE_PRIVATE]
D/S4URC   ( 3556): [SDK] [javax.crypto.spec.PBEKeySpec][Constructor] [Password][com.tvhkvh.xfhvaj] [Salt][unknown]
D/S4URC   ( 3556): [SDK] [android.content.ContextWrapper][getSharedPreferences] [File][com.tvhkvh.xfhvaj_preferences.xml] [MODE][MODE_PRIVATE] [Method][getString] [String][NGul1wEMRYsp/yhR0EAd+dOtENBFFNunDk5kZmK/RyY=] [Return][2Ecuzdc02C6eOt6SNyqCzA==:wCBorWBOdwZrvVyfSy0sRGkSBFje9+6+txjR+Akyxl0=]
D/S4URC   ( 3556): [SDK] [android.content.ContextWrapper][getSharedPreferences] [File][com.tvhkvh.xfhvaj_preferences.xml] [MODE][MODE_PRIVATE] [Method][getString] [String][KTG81sSjZqvKo7LXRs0+R1OcEkazrNv6w297XBpYnVs=] [Return][VhKQI7vzzdsfi9hmwFnvkg==:9i+A/1xWosfqM1GdXJKaF9/OqRiP7Zxr99oUPGpnbj4=:QY958DY/WJyba1Qwz06HTw==]
D/S4URC   ( 3556): [SDK] [javax.crypto.spec.SecretKeySpec][Constructor] [KEY][wCBorWBOdwZrvVyfSy0sRGkSBFje9+6+txjR+Akyxl0=][type][HmacSHA256][javax.crypto.Cipher][getInstance] [Cipher][AES/CBC/PKCS5Padding] [javax.crypto.spec.IvParameterSpec][Constructor] [IV][VhKQI7vzzdsfi9hmwFnvkg==] [javax.crypto.Cipher][doFinal] [Data][A.y.6?X..kT0.N.O] [Return][0]
D/S4URC   ( 3428): [SDK] [java.io.File] [Constructor] [FilePath][String] [/data/data/com.tvhkvh.xfhvaj/files/Mint-lastsavedfile]
D/S4URC   ( 3428): [SDK] [java.io.File] [getPath] [FilePath][String] [/data/data/com.tvhkvh.xfhvaj/files/Mint-lastsavedfile]
D/S4URC   ( 3428): [NDK] [SYSCALL] [open] [PATH][string] [/data/data/com.tvhkvh.xfhvaj/files/Mint-lastsavedfile] [RETURN][int] [23]
D/S4URC   ( 3428): [SDK] [java.io.File] [Constructor] [FilePath][String] [/data/data/com.tvhkvh.xfhvaj/files/MintSavedData-1-1530114727564.json]
D/S4URC   ( 3428): [NDK] [SYSCALL] [stat] [PATH][string] [/data/data/com.tvhkvh.xfhvaj/files/MintSavedData-1-1530114727564.json]
D/S4URC   ( 3428): [SDK] [java.io.File] [exists] [FilePath][String] [/data/data/com.tvhkvh.xfhvaj/files/MintSavedData-1-1530114727564.json]
D/S4URC   ( 3428): [NDK] [SYSCALL] [access] [PATH][string] [/data/data/com.tvhkvh.xfhvaj/files/MintSavedData-1-1530114727564.json]
D/S4URC   ( 3428): [SDK] [java.io.File] [getPath] [FilePath][String] [/data/data/com.tvhkvh.xfhvaj/files/MintSavedData-1-1530114727564.json]
D/S4URC   ( 3428): [NDK] [SYSCALL] [open] [PATH][string] [/data/data/com.tvhkvh.xfhvaj/files/MintSavedData-1-1530114727564.json] [RETURN][int] [23]
D/S4URC   ( 3428): [SDK] [java.io.File] [getName] [FilePath][String] [/data/data/com.tvhkvh.xfhvaj/files/MintSavedData-1-1530114727564.json]
D/S4URC   ( 3428): [SDK] [java.io.File] [Constructor] [FilePath][String] [/data/data/com.tvhkvh.xfhvaj/files/Mint-lastsavedfile]
D/S4URC   ( 3428): [SDK] [java.io.File] [exists] [FilePath][String] [/data/data/com.tvhkvh.xfhvaj/files/Mint-lastsavedfile]
D/S4URC   ( 3428): [NDK] [SYSCALL] [access] [PATH][string] [/data/data/com.tvhkvh.xfhvaj/files/Mint-lastsavedfile]
D/S4URC   ( 3428): [SDK] [java.io.File] [getPath] [FilePath][String] [/data/data/com.tvhkvh.xfhvaj/files/Mint-lastsavedfile]
D/S4URC   ( 3428): [NDK] [SYSCALL] [open] [PATH][string] [/data/data/com.tvhkvh.xfhvaj/files/Mint-lastsavedfile] [RETURN][int] [23]
D/S4URC   ( 3428): [SDK] [java.lang.Class] [forName] [FindClass][String] [java.net.PlainSocketImpl]
D/S4URC   ( 3428): [NDK] [SYSCALL] [socket] [TYPE][string] [TCP]
D/S4URC   ( 3428): [SDK] [java.io.File] [Constructor] [FilePath][String] [/system/app/Superuser.apk]
D/S4URC   ( 3428): [SDK] [java.io.File] [exists] [FilePath][String] [/system/app/Superuser.apk]
D/S4URC   ( 3428): [NDK] [SYSCALL] [access] [PATH][string] [/system/app/Superuser.apk]
D/S4URC   ( 3428): [SDK] [java.lang.Runtime] [exec] [Command][String] [/system/xbin/whichsu]
D/S4URC   ( 4764): [NDK] [SYSCALL] [getdents] [PATH][string] [.]
D/S4URC   ( 3428): [SDK] [android.telephony.TelephonyManager] [getLine1Number]
D/S4URC   ( 3428): [SDK] [android.telephony.TelephonyManager] [getSubscriberId]
D/S4URC   ( 3428):  [Method][getString] [String][mobile] [Return][null]
D/S4URC   ( 3428):  [Method][getString] [String][agent] [Return][Dalvik/2.1.0 (Linux; U; Android 5.1.1; galaxys5 Build/LMY49J)]
D/S4URC   ( 3428): [SDK] [java.lang.Class] [forName] [FindClass][String] [java.net.PlainSocketImpl]
D/S4URC   ( 3428): [NDK] [SYSCALL] [socket] [TYPE][string] [TCP]
D/S4URC   ( 3428): [SDK] [java.io.File] [Constructor] [FilePath][String] [/data/data/com.tvhkvh.xfhvaj/files/Mint-lastsavedfile]
D/S4URC   ( 3428): [SDK] [java.io.File] [getPath] [FilePath][String] [/data/data/com.tvhkvh.xfhvaj/files/Mint-lastsavedfile]
D/S4URC   ( 3428): [NDK] [SYSCALL] [open] [PATH][string] [/data/data/com.tvhkvh.xfhvaj/files/Mint-lastsavedfile] [RETURN][int] [28]
D/S4URC   ( 3428): [SDK] [java.io.File] [Constructor] [FilePath][String] [/data/data/com.tvhkvh.xfhvaj/files/MintSavedData-1-1530114727564.json]
D/S4URC   ( 3428): [NDK] [SYSCALL] [stat] [PATH][string] [/data/data/com.tvhkvh.xfhvaj/files/MintSavedData-1-1530114727564.json]
D/S4URC   ( 3428): [SDK] [java.io.File] [exists] [FilePath][String] [/data/data/com.tvhkvh.xfhvaj/files/MintSavedData-1-1530114727564.json]
D/S4URC   ( 3428): [NDK] [SYSCALL] [access] [PATH][string] [/data/data/com.tvhkvh.xfhvaj/files/MintSavedData-1-1530114727564.json]
D/S4URC   ( 3428): [SDK] [java.io.File] [getPath] [FilePath][String] [/data/data/com.tvhkvh.xfhvaj/files/MintSavedData-1-1530114727564.json]
D/S4URC   ( 3428): [NDK] [SYSCALL] [open] [PATH][string] [/data/data/com.tvhkvh.xfhvaj/files/MintSavedData-1-1530114727564.json] [RETURN][int] [28]
D/S4URC   ( 3428): [SDK] [java.io.File] [getName] [FilePath][String] [/data/data/com.tvhkvh.xfhvaj/files/MintSavedData-1-1530114727564.json]
D/S4URC   ( 3428): [SDK] [java.io.File] [Constructor] [FilePath][String] [/data/data/com.tvhkvh.xfhvaj/files/Mint-lastsavedfile]
D/S4URC   ( 3428): [SDK] [java.io.File] [exists] [FilePath][String] [/data/data/com.tvhkvh.xfhvaj/files/Mint-lastsavedfile]
D/S4URC   ( 3428): [NDK] [SYSCALL] [access] [PATH][string] [/data/data/com.tvhkvh.xfhvaj/files/Mint-lastsavedfile]
D/S4URC   ( 3428): [SDK] [java.io.File] [getPath] [FilePath][String] [/data/data/com.tvhkvh.xfhvaj/files/Mint-lastsavedfile]
D/S4URC   ( 3428): [SDK] [java.io.File] [Constructor] [FilePath][String] [/system/app/Superuser.apk]
D/S4URC   ( 3428): [SDK] [java.io.File] [exists] [FilePath][String] [/system/app/Superuser.apk]
D/S4URC   ( 3428): [NDK] [SYSCALL] [access] [PATH][string] [/system/app/Superuser.apk]
D/S4URC   ( 3428): [NDK] [SYSCALL] [open] [PATH][string] [/data/data/com.tvhkvh.xfhvaj/files/Mint-lastsavedfile] [RETURN][int] [23]
D/S4URC   ( 3428): [SDK] [java.lang.Runtime] [exec] [Command][String] [/system/xbin/whichsu]
D/S4URC   ( 4905): [NDK] [SYSCALL] [getdents] [PATH][string] [.]
D/S4URC   ( 3428): [SDK] [android.telephony.TelephonyManager] [getLine1Number]
D/S4URC   ( 3428): [SDK] [android.telephony.TelephonyManager] [getSubscriberId]
D/S4URC   ( 3428):  [Method][getString] [String][mobile] [Return][null]
D/S4URC   ( 3428):  [Method][getString] [String][agent] [Return][Dalvik/2.1.0 (Linux; U; Android 5.1.1; galaxys5 Build/LMY49J)]
D/S4URC   ( 3428): [SDK] [java.lang.Class] [forName] [FindClass][String] [java.net.PlainSocketImpl]
D/S4URC   ( 3428): [NDK] [SYSCALL] [socket] [TYPE][string] [TCP]
D/S4URC   ( 3428): [SDK] [java.io.File] [Constructor] [FilePath][String] [/data/data/com.tvhkvh.xfhvaj/files/Mint-lastsavedfile]
D/S4URC   ( 3428): [SDK] [java.io.File] [getPath] [FilePath][String] [/data/data/com.tvhkvh.xfhvaj/files/Mint-lastsavedfile]
D/S4URC   ( 3428): [NDK] [SYSCALL] [open] [PATH][string] [/data/data/com.tvhkvh.xfhvaj/files/Mint-lastsavedfile] [RETURN][int] [20]
D/S4URC   ( 3428): [SDK] [java.io.File] [Constructor] [FilePath][String] [/data/data/com.tvhkvh.xfhvaj/files/MintSavedData-1-1530114727564.json]
D/S4URC   ( 3428): [NDK] [SYSCALL] [stat] [PATH][string] [/data/data/com.tvhkvh.xfhvaj/files/MintSavedData-1-1530114727564.json]
D/S4URC   ( 3428): [SDK] [java.io.File] [exists] [FilePath][String] [/data/data/com.tvhkvh.xfhvaj/files/MintSavedData-1-1530114727564.json]
D/S4URC   ( 3428): [NDK] [SYSCALL] [access] [PATH][string] [/data/data/com.tvhkvh.xfhvaj/files/MintSavedData-1-1530114727564.json]
D/S4URC   ( 3428): [SDK] [java.io.File] [getPath] [FilePath][String] [/data/data/com.tvhkvh.xfhvaj/files/MintSavedData-1-1530114727564.json]
D/S4URC   ( 3428): [NDK] [SYSCALL] [open] [PATH][string] [/data/data/com.tvhkvh.xfhvaj/files/MintSavedData-1-1530114727564.json] [RETURN][int] [20]
D/S4URC   ( 3428): [SDK] [java.io.File] [getName] [FilePath][String] [/data/data/com.tvhkvh.xfhvaj/files/MintSavedData-1-1530114727564.json]
D/S4URC   ( 3428): [SDK] [java.io.File] [Constructor] [FilePath][String] [/data/data/com.tvhkvh.xfhvaj/files/Mint-lastsavedfile]
D/S4URC   ( 3428): [SDK] [java.io.File] [exists] [FilePath][String] [/data/data/com.tvhkvh.xfhvaj/files/Mint-lastsavedfile]
D/S4URC   ( 3428): [NDK] [SYSCALL] [access] [PATH][string] [/data/data/com.tvhkvh.xfhvaj/files/Mint-lastsavedfile]
D/S4URC   ( 3428): [SDK] [java.io.File] [getPath] [FilePath][String] [/data/data/com.tvhkvh.xfhvaj/files/Mint-lastsavedfile]
D/S4URC   ( 3428): [NDK] [SYSCALL] [open] [PATH][string] [/data/data/com.tvhkvh.xfhvaj/files/Mint-lastsavedfile] [RETURN][int] [18]
D/S4URC   ( 3428): [SDK] [java.io.File] [Constructor] [FilePath][String] [/system/app/Superuser.apk]
D/S4URC   ( 3428): [SDK] [java.io.File] [exists] [FilePath][String] [/system/app/Superuser.apk]
D/S4URC   ( 3428): [NDK] [SYSCALL] [access] [PATH][string] [/system/app/Superuser.apk]
D/S4URC   ( 3428): [SDK] [java.lang.Runtime] [exec] [Command][String] [/system/xbin/whichsu]
D/S4URC   ( 5257): [NDK] [SYSCALL] [getdents] [PATH][string] [.]
D/S4URC   ( 3428): [SDK] [android.telephony.TelephonyManager] [getLine1Number]
D/S4URC   ( 3428): [SDK] [android.telephony.TelephonyManager] [getSubscriberId]
D/S4URC   ( 3428):  [Method][getString] [String][mobile] [Return][null]
D/S4URC   ( 3428):  [Method][getString] [String][agent] [Return][Dalvik/2.1.0 (Linux; U; Android 5.1.1; galaxys5 Build/LMY49J)]
D/S4URC   ( 3428): [SDK] [java.lang.Class] [forName] [FindClass][String] [java.net.PlainSocketImpl]
D/S4URC   ( 3428): [NDK] [SYSCALL] [socket] [TYPE][string] [TCP]
D/S4URC   ( 3428): [SDK] [java.io.File] [Constructor] [FilePath][String] [/data/data/com.tvhkvh.xfhvaj/files/Mint-lastsavedfile]
D/S4URC   ( 3428): [SDK] [java.io.File] [getPath] [FilePath][String] [/data/data/com.tvhkvh.xfhvaj/files/Mint-lastsavedfile]
D/S4URC   ( 3428): [NDK] [SYSCALL] [open] [PATH][string] [/data/data/com.tvhkvh.xfhvaj/files/Mint-lastsavedfile] [RETURN][int] [23]
D/S4URC   ( 3428): [SDK] [java.io.File] [Constructor] [FilePath][String] [/data/data/com.tvhkvh.xfhvaj/files/MintSavedData-1-1530114727564.json]
D/S4URC   ( 3428): [NDK] [SYSCALL] [stat] [PATH][string] [/data/data/com.tvhkvh.xfhvaj/files/MintSavedData-1-1530114727564.json]
D/S4URC   ( 3428): [SDK] [java.io.File] [exists] [FilePath][String] [/data/data/com.tvhkvh.xfhvaj/files/MintSavedData-1-1530114727564.json]
D/S4URC   ( 3428): [NDK] [SYSCALL] [access] [PATH][string] [/data/data/com.tvhkvh.xfhvaj/files/MintSavedData-1-1530114727564.json]
D/S4URC   ( 3428): [SDK] [java.io.File] [getPath] [FilePath][String] [/data/data/com.tvhkvh.xfhvaj/files/MintSavedData-1-1530114727564.json]
D/S4URC   ( 3428): [NDK] [SYSCALL] [open] [PATH][string] [/data/data/com.tvhkvh.xfhvaj/files/MintSavedData-1-1530114727564.json] [RETURN][int] [23]
