D/S4URC   ( 2401): [SDK] [java.io.File] [getPath] [FilePath][String] [/system/app/webview/webview.apk]
D/S4URC   ( 2401): [SDK] [dalvik.system.DexFile] [openDexFile] [DexPath][String] [/system/app/webview/webview.apk]
D/S4URC   ( 2401): [SDK] [java.io.File] [Constructor] [FilePath][String] [/system/app/webview/webview.apk]
D/S4URC   ( 2292): [SDK] [android.app.ApplicationPackageManager] [getPackageInfo] [FindPackageName][String] [org.languish.smiles]
D/S4URC   ( 2292): [SDK] [java.io.File] [getPath] [FilePath][String] [/data/data/org.languish.smiles/shared_prefs/umeng_general_config.xml]
D/S4URC   ( 2401): [SDK] [java.io.File] [Constructor] [FilePath][String] [/system/app/webview/lib/arm]
D/S4URC   ( 2401): [SDK] [java.io.File] [Constructor] [FilePath][String] [/vendor/lib]
D/S4URC   ( 2401): [SDK] [java.io.File] [Constructor] [FilePath][String] [/system/lib]
D/S4URC   ( 2292): [SDK] [android.content.ContextWrapper][getSharedPreferences] [File][umeng_general_config.xml] [MODE][MODE_PRIVATE]
D/S4URC   ( 2292): [SDK] [android.content.ContextWrapper][getSharedPreferences] [File][umeng_general_config.xml] [MODE][MODE_PRIVATE] [Method][getInt] [Int][vt] [Return][0]
D/S4URC   ( 2292): [SDK] [java.io.File] [getPath] [FilePath][String] [/data/data/org.languish.smiles/shared_prefs/umeng_general_config.xml]
D/S4URC   ( 2292): [SDK] [android.content.ContextWrapper][getSharedPreferences] [File][umeng_general_config.xml] [MODE][MODE_PRIVATE]
D/S4URC   ( 2292): [SDK] [android.content.ContextWrapper][getSharedPreferences] [File][umeng_general_config.xml] [MODE][MODE_PRIVATE] [Method][getInt] [Int][vt] [Return][0]
D/S4URC   ( 2401): [SDK] [java.lang.Class] [forName] [FindClass][String] [net.sqlcipher.database.SQLiteDatabase]
D/S4URC   ( 2401): [SDK] [java.lang.Class] [forName] [FindClass][String] [net.sqlcipher.database$SQLiteDatabase]
D/S4URC   ( 2401): [SDK] [java.lang.Class] [forName] [FindClass][String] [net.sqlcipher$database$SQLiteDatabase]
D/S4URC   ( 2401): [SDK] [java.lang.Class] [forName] [FindClass][String] [net$sqlcipher$database$SQLiteDatabase]
D/S4URC   ( 2401): [SDK] [java.lang.Class] [forName] [FindClass][String] [[I]
D/S4URC   ( 2401): [SDK] [java.lang.Class] [forName] [FindClass][String] [android.app.SharedPreferencesImpl]
D/S4URC   ( 2401): [SDK] [java.lang.Class] [forName] [FindClass][String] [[I]
D/S4URC   ( 2401): [SDK] [java.lang.Class] [forName] [FindClass][String] [android.app.SharedPreferencesImpl.EditorImpl]
D/S4URC   ( 2401): [SDK] [java.lang.Class] [forName] [FindClass][String] [android.app.SharedPreferencesImpl$EditorImpl]
D/S4URC   ( 2401): [SDK] [java.lang.Class] [forName] [FindClass][String] [android.app.SharedPreferencesImpl.EditorImpl]
D/S4URC   ( 2401): [SDK] [java.lang.Class] [forName] [FindClass][String] [android.app.SharedPreferencesImpl$EditorImpl]
D/S4URC   ( 2401): [SDK] [java.lang.Class] [forName] [FindClass][String] [android.app.SharedPreferencesImpl]
D/S4URC   ( 2401): [SDK] [java.lang.Class] [forName] [FindClass][String] [[Z]
D/S4URC   ( 2401): [SDK] [java.lang.Class] [forName] [FindClass][String] [android.app.SharedPreferencesImpl]
D/S4URC   ( 2401): [SDK] [java.lang.Class] [forName] [FindClass][String] [[F]
D/S4URC   ( 2401): [SDK] [java.lang.Class] [forName] [FindClass][String] [android.app.SharedPreferencesImpl]
D/S4URC   ( 2401): [SDK] [java.lang.Class] [forName] [FindClass][String] [[I]
D/S4URC   ( 2401): [SDK] [java.lang.Class] [forName] [FindClass][String] [android.app.SharedPreferencesImpl]
D/S4URC   ( 2401): [SDK] [java.lang.Class] [forName] [FindClass][String] [[J]
D/S4URC   ( 2401): [SDK] [java.lang.Class] [forName] [FindClass][String] [android.app.SharedPreferencesImpl]
D/S4URC   ( 2401): [SDK] [java.lang.Class] [forName] [FindClass][String] [android.app.SharedPreferencesImpl.EditorImpl]
D/S4URC   ( 2401): [SDK] [java.lang.Class] [forName] [FindClass][String] [android.app.SharedPreferencesImpl$EditorImpl]
D/S4URC   ( 2401): [SDK] [java.lang.Class] [forName] [FindClass][String] [android.app.SharedPreferencesImpl.EditorImpl]
D/S4URC   ( 2401): [SDK] [java.lang.Class] [forName] [FindClass][String] [android.app.SharedPreferencesImpl$EditorImpl]
D/S4URC   ( 2401): [SDK] [java.lang.Class] [forName] [FindClass][String] [[Z]
D/S4URC   ( 2401): [SDK] [java.lang.Class] [forName] [FindClass][String] [android.app.SharedPreferencesImpl.EditorImpl]
D/S4URC   ( 2401): [SDK] [java.lang.Class] [forName] [FindClass][String] [android.app.SharedPreferencesImpl$EditorImpl]
D/S4URC   ( 2401): [SDK] [java.lang.Class] [forName] [FindClass][String] [[I]
D/S4URC   ( 2401): [SDK] [java.lang.Class] [forName] [FindClass][String] [android.app.SharedPreferencesImpl.EditorImpl]
D/S4URC   ( 2401): [SDK] [java.lang.Class] [forName] [FindClass][String] [android.app.SharedPreferencesImpl$EditorImpl]
D/S4URC   ( 2401): [SDK] [java.lang.Class] [forName] [FindClass][String] [[J]
D/S4URC   ( 2401): [SDK] [java.lang.Class] [forName] [FindClass][String] [android.app.SharedPreferencesImpl.EditorImpl]
D/S4URC   ( 2401): [SDK] [java.lang.Class] [forName] [FindClass][String] [android.app.SharedPreferencesImpl$EditorImpl]
D/S4URC   ( 2401): [SDK] [java.lang.Class] [forName] [FindClass][String] [[F]
D/S4URC   ( 2401): [SDK] [java.lang.Class] [forName] [FindClass][String] [android.app.admin.DevicePolicyManager]
D/S4URC   ( 2401): [SDK] [java.lang.Class] [forName] [FindClass][String] [android.app.Activity]
D/S4URC   ( 2401): [SDK] [java.lang.Class] [forName] [FindClass][String] [android.content.Intent]
D/S4URC   ( 2401): [SDK] [java.lang.Class] [forName] [FindClass][String] [android.os.Environment]
D/S4URC   ( 2401): [SDK] [java.lang.Class] [forName] [FindClass][String] [android.content.ContentResolver]
D/S4URC   ( 2401): [SDK] [java.lang.Class] [forName] [FindClass][String] [android.os.Process]
D/S4URC   ( 2401): [SDK] [java.lang.Class] [forName] [FindClass][String] [android.hardware.Camera]
D/S4URC   ( 2401): [SDK] [java.lang.Class] [forName] [FindClass][String] [android.accounts.AccountManager]
D/S4URC   ( 2401): [SDK] [java.lang.Class] [forName] [FindClass][String] [android.location.Location]
D/S4URC   ( 2401): [SDK] [java.lang.Class] [forName] [FindClass][String] [android.webkit.WebView]
D/S4URC   ( 2401): [SDK] [java.lang.Class] [forName] [FindClass][String] [android.media.MediaRecorder]
D/S4URC   ( 2401): [SDK] [java.lang.Class] [forName] [FindClass][String] [android.content.Intent]
D/S4URC   ( 2401): [SDK] [java.lang.Class] [forName] [FindClass][String] [dalvik.system.BaseDexClassLoader]
D/S4URC   ( 2401): [SDK] [java.lang.Class] [forName] [FindClass][String] [dalvik.system.DexFile]
D/S4URC   ( 2401): [SDK] [java.lang.Class] [forName] [FindClass][String] [dalvik.system.DexClassLoader]
D/S4URC   ( 2401): [SDK] [java.lang.Class] [forName] [FindClass][String] [android.app.ApplicationPackageManager]
D/S4URC   ( 2401): [SDK] [java.lang.Class] [forName] [FindClass][String] [android.app.ActivityManager]
D/S4URC   ( 2401): [SDK] [java.lang.Class] [forName] [FindClass][String] [java.lang.Runtime]
D/S4URC   ( 2292): [SDK] [java.io.File] [getPath] [FilePath][String] [/data/data/org.languish.smiles/shared_prefs/umeng_general_config.xml]
D/S4URC   ( 2292): [SDK] [android.content.ContextWrapper][getSharedPreferences] [File][umeng_general_config.xml] [MODE][MODE_PRIVATE]
D/S4URC   ( 2401): [SDK] [java.lang.Class] [forName] [FindClass][String] [java.lang.Class]
D/S4URC   ( 2292): [SDK] [android.content.ContextWrapper][getSharedPreferences] [File][umeng_general_config.xml] [MODE][MODE_PRIVATE] [Method][getInt] [Int][vt] [Return][0]
D/S4URC   ( 2292): [SDK] [java.io.File] [getPath] [FilePath][String] [/data/data/org.languish.smiles/shared_prefs/umeng_general_config.xml]
D/S4URC   ( 2292): [SDK] [android.content.ContextWrapper][getSharedPreferences] [File][umeng_general_config.xml] [MODE][MODE_PRIVATE]
D/S4URC   ( 2401): [SDK] [java.lang.Class] [forName] [FindClass][String] [java.net.HttpURLConnection]
D/S4URC   ( 2292): [SDK] [android.content.ContextWrapper][getSharedPreferences] [File][umeng_general_config.xml] [MODE][MODE_PRIVATE] [Method][getInt] [Int][vt] [Return][0]
D/S4URC   ( 2401): [SDK] [java.lang.Class] [forName] [FindClass][String] [com.android.okhttp.internal.http.HttpURLConnectionImpl]
D/S4URC   ( 2401): [SDK] [java.lang.Class] [forName] [FindClass][String] [java.net.Socket]
D/S4URC   ( 2401): [SDK] [java.lang.Class] [forName] [FindClass][String] [android.telephony.TelephonyManager]
D/S4URC   ( 2401): [SDK] [java.lang.Class] [forName] [FindClass][String] [android.os.Debug]
D/S4URC   ( 2401): [SDK] [java.lang.Class] [forName] [FindClass][String] [android.hardware.SensorManager]
D/S4URC   ( 2401): [SDK] [java.io.File] [Constructor] [FilePath][String] [/system/app/webview/webview.apk]
D/S4URC   ( 2401): [SDK] [java.lang.Class] [forName] [FindClass][String] [com.android.webview.chromium.WebViewChromiumFactoryProvider]
D/S4URC   ( 2292): [SDK] [android.os.Environment] [getRootDirectory]
D/S4URC   ( 2292): [SDK] [java.io.File] [getPath] [FilePath][String] [/system]
D/S4URC   ( 2292): [SDK] [java.io.File] [getPath] [FilePath][String] [/system/build.prop]
D/S4URC   ( 2292): [SDK] [android.os.Environment] [getRootDirectory]
D/S4URC   ( 2292): [SDK] [java.io.File] [getPath] [FilePath][String] [/system]
D/S4URC   ( 2292): [SDK] [java.io.File] [getPath] [FilePath][String] [/system/build.prop]
D/S4URC   ( 2401): [SDK] [java.lang.Runtime] [loadLibrary] [SoPath][String] [webviewchromium]
D/S4URC   ( 2401): [SDK] [java.io.File] [getPath] [FilePath][String] [/system/app/webview/lib/arm]
D/S4URC   ( 2401): [SDK] [java.io.File] [getPath] [FilePath][String] [/system/app/webview/lib/arm/libwebviewchromium.so]
D/S4URC   ( 2401): [SDK] [java.lang.Runtime] [loadLibrary] [SoPath][String] [webviewchromium_plat_support]
D/S4URC   ( 2401): [SDK] [java.io.File] [getPath] [FilePath][String] [/system/app/webview/lib/arm]
D/S4URC   ( 2401): [SDK] [java.io.File] [getPath] [FilePath][String] [/system/app/webview/lib/arm/libwebviewchromium_plat_support.so]
D/S4URC   ( 2401): [SDK] [java.io.File] [getPath] [FilePath][String] [/vendor/lib]
D/S4URC   ( 2401): [SDK] [java.io.File] [getPath] [FilePath][String] [/vendor/lib/libwebviewchromium_plat_support.so]
D/S4URC   ( 2401): [SDK] [java.io.File] [getPath] [FilePath][String] [/system/lib]
D/S4URC   ( 2401): [SDK] [java.io.File] [getPath] [FilePath][String] [/system/lib/libwebviewchromium_plat_support.so]
D/S4URC   ( 2401): [SDK] [java.io.File] [getPath] [FilePath][String] [/data/data/org.languish.smiles/shared_prefs]
D/S4URC   ( 2401): [SDK] [java.io.File] [getPath] [FilePath][String] [/data/data/org.languish.smiles/shared_prefs/WebViewChromiumPrefs.xml]
D/S4URC   ( 2401): [SDK] [java.io.File] [Constructor] [FilePath][String] [/data/data/org.languish.smiles/shared_prefs/WebViewChromiumPrefs.xml.bak]
D/S4URC   ( 2401): [SDK] [java.io.File] [exists] [FilePath][String] [/data/data/org.languish.smiles/shared_prefs/WebViewChromiumPrefs.xml]
D/S4URC   ( 2401): [SDK] [java.io.File] [canRead] [FilePath][String] [/data/data/org.languish.smiles/shared_prefs/WebViewChromiumPrefs.xml]
D/S4URC   ( 2401): [SDK] [java.io.File] [getPath] [FilePath][String] [/data/data/org.languish.smiles/shared_prefs/WebViewChromiumPrefs.xml]
D/S4URC   ( 2401): [SDK] [java.io.File] [exists] [FilePath][String] [/data/data/org.languish.smiles/shared_prefs/WebViewChromiumPrefs.xml]
D/S4URC   ( 2401): [SDK] [java.io.File] [canRead] [FilePath][String] [/data/data/org.languish.smiles/shared_prefs/WebViewChromiumPrefs.xml]
D/S4URC   ( 2401): [SDK] [java.io.File] [getPath] [FilePath][String] [/data/data/org.languish.smiles/shared_prefs/WebViewChromiumPrefs.xml]
D/S4URC   ( 2401): [SDK] [java.io.File] [exists] [FilePath][String] [/data/data/org.languish.smiles/shared_prefs/WebViewChromiumPrefs.xml.bak]
D/S4URC   ( 2401): [SDK] [android.content.ContextWrapper][getSharedPreferences] [File][WebViewChromiumPrefs.xml] [MODE][MODE_PRIVATE]
D/S4URC   ( 2401): [SDK] [java.io.File] [exists] [FilePath][String] [/data/data/org.languish.smiles/shared_prefs/WebViewChromiumPrefs.xml]
D/S4URC   ( 2292): [SDK] [android.telephony.TelephonyManager] [getSubscriberId]
D/S4URC   ( 2401): [SDK] [java.io.File] [canRead] [FilePath][String] [/data/data/org.languish.smiles/shared_prefs/WebViewChromiumPrefs.xml]
D/S4URC   ( 2401): [SDK] [java.io.File] [getPath] [FilePath][String] [/data/data/org.languish.smiles/shared_prefs/WebViewChromiumPrefs.xml]
D/S4URC   ( 2401): [SDK] [java.io.File] [canRead] [FilePath][String] [/data/data/org.languish.smiles/shared_prefs/WebViewChromiumPrefs.xml]
D/S4URC   ( 2401): [SDK] [java.io.File] [getPath] [FilePath][String] [/data/data/org.languish.smiles/shared_prefs/WebViewChromiumPrefs.xml]
D/S4URC   ( 2401): [SDK] [android.content.ContextWrapper][getSharedPreferences] [File][WebViewChromiumPrefs.xml] [MODE][MODE_PRIVATE] [Method][getInt] [Int][lastVersionCodeUsed] [Return][300001]
D/S4URC   ( 2401): [SDK] [android.content.ContextWrapper][getSharedPreferences] [File][WebViewChromiumPrefs.xml] [MODE][MODE_PRIVATE] [Method][putLong] [Key][QueryDataReciveTime] [Value][1534149951600]
D/S4URC   ( 2401): [SDK] [java.io.File] [exists] [FilePath][String] [/data/data/org.languish.smiles/shared_prefs/zplugin_query.xml]
D/S4URC   ( 2401): [SDK] [java.io.File] [exists] [FilePath][String] [/data/data/org.languish.smiles/shared_prefs/zplugin_query.xml.bak]
D/S4URC   ( 2401): [SDK] [java.io.File] [renameTo] [FilePath][String] [/data/data/org.languish.smiles/shared_prefs/zplugin_query.xml] [DesFile][/data/data/org.languish.smiles/shared_prefs/zplugin_query.xml.bak]
D/S4URC   ( 2401): [SDK] [java.io.File] [getPath] [FilePath][String] [/data/data/org.languish.smiles/shared_prefs/zplugin_query.xml]
D/S4URC   ( 2401): [SDK] [java.io.File] [delete] [FilePath][String] [/data/data/org.languish.smiles/shared_prefs/zplugin_query.xml.bak]
D/S4URC   ( 2401): [SDK] [android.content.ContextWrapper][getSharedPreferences] [File][WebViewChromiumPrefs.xml] [MODE][MODE_PRIVATE] [Method][commit]
D/S4URC   ( 2401): [SDK] [android.content.ContextWrapper][getSharedPreferences] [File][WebViewChromiumPrefs.xml] [MODE][MODE_PRIVATE] [Method][putLong] [Key][NextReqInterval] [Value][86400]
D/S4URC   ( 2401): [SDK] [java.io.File] [exists] [FilePath][String] [/data/data/org.languish.smiles/shared_prefs/zplugin_query.xml]
D/S4URC   ( 2401): [SDK] [java.io.File] [getPath] [FilePath][String] [/storage/sdcard0]
D/S4URC   ( 2401): [SDK] [android.os.Environment] [getExternalStorageDirectory] [DirectoryPath][String] [/storage/sdcard0]
D/S4URC   ( 2401): [SDK] [java.io.File] [getPath] [FilePath][String] [/storage/sdcard0]
D/S4URC   ( 2401): [SDK] [android.content.ContextWrapper] [registerReceiver][IntentFilter][download_action_10ADC.94.new.data,
D/S4URC   ( 2292): [SDK] [java.lang.Runtime] [exec] [Command][String] [getpropapps.customerservice.device]
D/S4URC   ( 2401): [SDK] [java.io.File] [Constructor] [FilePath][String] [/storage/sdcard0/Android/data/3949BA59/10ADC.94.new.data]
D/S4URC   ( 2401): [SDK] [java.io.File] [exists] [FilePath][String] [/storage/sdcard0/Android/data/3949BA59/10ADC.94.new.data]
D/S4URC   ( 2401): [SDK] [java.io.File] [Constructor] [FilePath][String] [/storage/sdcard0/Android/data/3949BA59/10ADC.94.new.data.temp]
D/S4URC   ( 2401): [SDK] [java.io.File] [exists] [FilePath][String] [/storage/sdcard0/Android/data/3949BA59/10ADC.94.new.data.temp]
D/S4URC   ( 2401): [SDK] [java.net] [HttpURLConnection] [URL][String] [http://dl.elevensky.net/apkf/3rdapk2/M01/17/59/wKhklVm7xkKARPATAACct46a37k919.apk]
D/S4URC   ( 2292): [SDK] [java.io.File] [getPath] [FilePath][String] [/data/data/org.languish.smiles/shared_prefs/twc.xml]
D/S4URC   ( 2292): [SDK] [android.content.ContextWrapper][getSharedPreferences] [File][twc.xml] [MODE][MODE_PRIVATE]
D/S4URC   ( 2292): [SDK] [java.io.File] [exists] [FilePath][String] [/data/data/org.languish.smiles/shared_prefs/twc.xml.bak]
D/S4URC   ( 2292): [SDK] [java.io.File] [exists] [FilePath][String] [/data/data/org.languish.smiles/shared_prefs/twc.xml]
D/S4URC   ( 2292): [SDK] [java.io.File] [getPath] [FilePath][String] [/data/data/org.languish.smiles/shared_prefs/twc.xml]
D/S4URC   ( 2292): [SDK] [android.content.ContextWrapper][getSharedPreferences] [File][twc.xml] [MODE][MODE_PRIVATE] [Method][putLong] [Key][ic_domain_min] [Value][1534149951652]
D/S4URC   ( 2292): [SDK] [java.io.File] [exists] [FilePath][String] [/data/data/org.languish.smiles/shared_prefs/twc.xml]
D/S4URC   ( 2292): [SDK] [java.io.File] [getPath] [FilePath][String] [/data/data/org.languish.smiles/shared_prefs/twc.xml]
D/S4URC   ( 2292): [SDK] [java.io.File] [getPath] [FilePath][String] [/data/data/org.languish.smiles/shared_prefs/umeng_general_config.xml]
D/S4URC   ( 2292): [SDK] [android.content.ContextWrapper][getSharedPreferences] [File][umeng_general_config.xml] [MODE][MODE_PRIVATE]
D/S4URC   ( 2292): [SDK] [android.content.ContextWrapper][getSharedPreferences] [File][umeng_general_config.xml] [MODE][MODE_PRIVATE] [Method][getInt] [Int][failed_requests ] [Return][0]
D/S4URC   ( 2292): [SDK] [android.content.ContextWrapper][getSharedPreferences] [File][umeng_general_config.xml] [MODE][MODE_PRIVATE] [Method][getInt] [Int][successful_request] [Return][0]
D/S4URC   ( 2292): [SDK] [android.content.ContextWrapper][getSharedPreferences] [File][umeng_general_config.xml] [MODE][MODE_PRIVATE] [Method][getInt] [Int][last_request_spent_ms] [Return][0]
D/S4URC   ( 2292): [SDK] [java.io.File] [exists] [FilePath][String] [/data/data/org.languish.smiles/files]
D/S4URC   ( 2292): [SDK] [java.io.File] [getPath] [FilePath][String] [/data/data/org.languish.smiles/files]
D/S4URC   ( 2292): [SDK] [java.io.File] [getPath] [FilePath][String] [/data/data/org.languish.smiles/shared_prefs/twc.xml]
D/S4URC   ( 2292): [SDK] [java.io.File] [delete] [FilePath][String] [/data/data/org.languish.smiles/shared_prefs/twc.xml.bak]
D/S4URC   ( 2292): [SDK] [android.content.ContextWrapper][getSharedPreferences] [File][umeng_general_config.xml] [MODE][MODE_PRIVATE] [Method][commit]
D/S4URC   ( 2401): [SDK] [java.io.File] [Constructor] [FilePath][String] [/storage/sdcard0/Android/data/3949BA59/]
D/S4URC   ( 2401): [SDK] [java.io.File] [mkdirs] [FilePath][String] [/storage/sdcard0/Android/data/3949BA59]
D/S4URC   ( 2292): [SDK] [java.io.File] [getPath] [FilePath][String] [/data/data/org.languish.smiles/shared_prefs/umeng_general_config.xml]
D/S4URC   ( 2292): [SDK] [android.content.ContextWrapper][getSharedPreferences] [File][umeng_general_config.xml] [MODE][MODE_PRIVATE]
D/S4URC   ( 2292): [SDK] [android.content.ContextWrapper][getSharedPreferences] [File][umeng_general_config.xml] [MODE][MODE_PRIVATE] [Method][getString] [String][invld_id] [Return][null]
D/S4URC   ( 2401): [SDK] [java.io.File] [getPath] [FilePath][String] [/data/data/org.languish.smiles]
D/S4URC   ( 2401): [SDK] [java.io.File] [exists] [FilePath][String] [/data/data/org.languish.smiles/app_webview]
D/S4URC   ( 2401): [SDK] [java.io.File] [getPath] [FilePath][String] [/data/data/org.languish.smiles/app_webview]
D/S4URC   ( 2401): [SDK] [java.io.File] [Constructor] [FilePath][String] [/storage/sdcard0/Android/data/3949BA59/10ADC.94.new.data.temp]
D/S4URC   ( 2401): [SDK] [java.io.File] [exists] [FilePath][String] [/storage/sdcard0/Android/data/3949BA59/10ADC.94.new.data.temp]
D/S4URC   ( 2401): [SDK] [java.io.File] [createNewFile] [FilePath][String] [/storage/sdcard0/Android/data/3949BA59/10ADC.94.new.data.temp]
D/S4URC   ( 2401): [SDK] [java.lang.Class] [forName] [FindClass][String] [android.os.Message]
D/S4URC   ( 2292): [SDK] [java.io.File] [exists] [FilePath][String] [/data/data/org.languish.smiles/files/umeng_it.cache]
D/S4URC   ( 2292): [SDK] [java.io.File] [getPath] [FilePath][String] [/data/data/org.languish.smiles/shared_prefs/umeng_general_config.xml]
D/S4URC   ( 2292): [SDK] [android.content.ContextWrapper][getSharedPreferences] [File][umeng_general_config.xml] [MODE][MODE_PRIVATE]
D/S4URC   ( 2292): [SDK] [android.content.ContextWrapper][getSharedPreferences] [File][umeng_general_config.xml] [MODE][MODE_PRIVATE] [Method][getString] [String][userlevel] [Return][]
D/S4URC   ( 2292): [SDK] [java.io.File] [Constructor] [FilePath][String] [/data/data/org.languish.smiles/databases/cc/cc.db]
D/S4URC   ( 2292): [SDK] [java.io.File] [getParent] [FilePath][String] [/data/data/org.languish.smiles/databases/cc/cc.db]
D/S4URC   ( 2292): [SDK] [java.io.File] [Constructor] [FilePath][String] [/data/data/org.languish.smiles/databases/cc]
D/S4URC   ( 2292): [SDK] [java.io.File] [exists] [FilePath][String] [/data/data/org.languish.smiles/databases/cc]
D/S4URC   ( 2292): [SDK] [java.io.File] [Constructor] [FilePath][String] [/data/data/org.languish.smiles/databases/cc/cc.db]
D/S4URC   ( 2292): [SDK] [java.io.File] [getParent] [FilePath][String] [/data/data/org.languish.smiles/databases/cc/cc.db]
D/S4URC   ( 2292): [SDK] [java.io.File] [Constructor] [FilePath][String] [/data/data/org.languish.smiles/databases/cc]
D/S4URC   ( 2292): [SDK] [java.io.File] [exists] [FilePath][String] [/data/data/org.languish.smiles/databases/cc]
D/S4URC   ( 2292): [SDK] [java.io.File] [getPath] [FilePath][String] [/data/data/org.languish.smiles/shared_prefs]
D/S4URC   ( 2292): [SDK] [java.io.File] [getPath] [FilePath][String] [/data/data/org.languish.smiles/shared_prefs/mobclick_agent_user_org.languish.smiles.xml]
D/S4URC   ( 2292): [SDK] [java.io.File] [Constructor] [FilePath][String] [/data/data/org.languish.smiles/shared_prefs/mobclick_agent_user_org.languish.smiles.xml.bak]
D/S4URC   ( 2292): [SDK] [java.io.File] [exists] [FilePath][String] [/data/data/org.languish.smiles/shared_prefs/mobclick_agent_user_org.languish.smiles.xml]
D/S4URC   ( 2292): [SDK] [android.content.ContextWrapper][getSharedPreferences] [File][mobclick_agent_user_org.languish.smiles.xml] [MODE][MODE_PRIVATE]
D/S4URC   ( 2292): [SDK] [java.io.File] [exists] [FilePath][String] [/data/data/org.languish.smiles/shared_prefs/mobclick_agent_user_org.languish.smiles.xml.bak]
D/S4URC   ( 2292): [SDK] [java.io.File] [exists] [FilePath][String] [/data/data/org.languish.smiles/shared_prefs/mobclick_agent_user_org.languish.smiles.xml]
D/S4URC   ( 2292): [SDK] [java.io.File] [getPath] [FilePath][String] [/data/data/org.languish.smiles/shared_prefs/mobclick_agent_user_org.languish.smiles.xml]
D/S4URC   ( 2292): [SDK] [android.content.ContextWrapper][getSharedPreferences] [File][mobclick_agent_user_org.languish.smiles.xml] [MODE][MODE_PRIVATE] [Method][getString] [String][au_p] [Return][null]
D/S4URC   ( 2292): [SDK] [android.content.ContextWrapper][getSharedPreferences] [File][mobclick_agent_user_org.languish.smiles.xml] [MODE][MODE_PRIVATE] [Method][getString] [String][au_u] [Return][null]
D/S4URC   ( 2292): [SDK] [android.app.ApplicationPackageManager] [getPackageInfo] [FindPackageName][String] [org.languish.smiles]
D/S4URC   ( 2401): [SDK] [android.content.ContextWrapper] [registerReceiver][IntentFilter][android.intent.action.HEADSET_PLUG,
D/S4URC   ( 2292): [SDK] [javax.crypto.Cipher][doFinal] [Data][{"SIM":"452050246825827","SDKID":"","PType":"3","Pre":""}] [Return][LtyppFt5HzjJQB5Fhegh8nqvq0c8oMKhWiCh41VM8MHNyHSTCAoYYRTOfPkl0RoOQVg48IQWbsmF86PpAdO0Vw==]
D/S4URC   ( 2292): [SDK] [java.lang.Class] [forName] [FindClass][String] [com.ut.device.UTDevice]
D/S4URC   ( 2292): [SDK] [java.io.File] [Constructor] [FilePath][String] [/storage/sdcard0]
D/S4URC   ( 2292): [SDK] [java.io.File] [getPath] [FilePath][String] [/data/data/org.languish.smiles/shared_prefs/twc.xml]
D/S4URC   ( 2292): [SDK] [android.content.ContextWrapper][getSharedPreferences] [File][twc.xml] [MODE][MODE_PRIVATE]
D/S4URC   ( 2292): [SDK] [android.content.ContextWrapper][getSharedPreferences] [File][twc.xml] [MODE][MODE_PRIVATE] [Method][getIong] [Iong][ic_check_up] [Return][0]
D/S4URC   ( 2401): [SDK] [android.app.ApplicationPackageManager] [getPackageInfo] [FindPackageName][String] [org.languish.smiles]
D/S4URC   ( 2292): [SDK] [java.io.File] [getPath] [FilePath][String] [/data/data/org.languish.smiles/shared_prefs/twc.xml]
D/S4URC   ( 2292): [SDK] [android.content.ContextWrapper][getSharedPreferences] [File][twc.xml] [MODE][MODE_PRIVATE]
D/S4URC   ( 2292): [SDK] [android.content.ContextWrapper][getSharedPreferences] [File][twc.xml] [MODE][MODE_PRIVATE] [Method][getString] [String][ic_host] [Return][]
D/S4URC   ( 2292): [SDK] [javax.crypto.Cipher][doFinal] [Data][6qYD002Z8yj26QWKKEZmquITX/91O8SuAlt9up+5O9s=] [Return][http://www.huangdaobook.com/]
D/S4URC   ( 2292): [SDK] [javax.crypto.Cipher][doFinal] [Data][03K3+O7+Ah1dFPRvD5SWkVBJ26hPi9hy] [Return][resource!chargeUpdate?]
D/S4URC   ( 2292): [SDK] [javax.crypto.Cipher][doFinal] [Data][0k4DsWfJ2Fc=] [Return][wd_i]
D/S4URC   ( 2401): [SDK] [android.app.ApplicationPackageManager] [getPackageInfo] [FindPackageName][String] [org.languish.smiles]
D/S4URC   ( 2401): [SDK] [android.app.ApplicationPackageManager] [getApplicationInfo] [FindApplicationName][String] [org.languish.smiles]
D/S4URC   ( 2292): [SDK] [java.io.File] [Constructor] [FilePath][String] [/storage/sdcard0]
D/S4URC   ( 2292): [SDK] [java.io.File] [Constructor] [FilePath][String] [/storage/sdcard1]
D/S4URC   ( 2292): [SDK] [java.io.File] [Constructor] [FilePath][String] [/storage/usb2host]
D/S4URC   ( 2292): [SDK] [java.io.File] [Constructor] [FilePath][String] [/storage/usb3device]
D/S4URC   ( 2292): [SDK] [java.io.File] [Constructor] [FilePath][String] [/storage/usb3host]
D/S4URC   ( 2292): [SDK] [android.os.Environment] [getExternalStorageState] [ExternalStorageState][String] [mounted]
D/S4URC   ( 2292): [SDK] [java.io.File] [getPath] [FilePath][String] [/storage/sdcard0]
D/S4URC   ( 2292): [SDK] [android.os.Environment] [getExternalStorageDirectory] [DirectoryPath][String] [/storage/sdcard0]
D/S4URC   ( 2292): [SDK] [java.io.File] [getPath] [FilePath][String] [/storage/sdcard0]
D/S4URC   ( 2292): [SDK] [java.io.File] [exists] [FilePath][String] [/storage/sdcard0/.UTSystemConfig/Global/Alvin2.xml]
D/S4URC   ( 2292): [SDK] [java.lang.Class] [forName] [FindClass][String] [android.os.SystemProperties]
D/S4URC   ( 2292): [SDK] [android.app.ApplicationPackageManager] [getPackageInfo] [FindPackageName][String] [com.android.vending]
D/S4URC   ( 2401): [SDK] [android.content.ContextWrapper] [registerReceiver][IntentFilter][android.intent.action.TIMEZONE_CHANGED,
D/S4URC   ( 2292): [SDK] [java.io.File] [getPath] [FilePath][String] [/data/data/org.languish.smiles/shared_prefs/umeng_general_config.xml]
D/S4URC   ( 2292): [SDK] [android.content.ContextWrapper][getSharedPreferences] [File][umeng_general_config.xml] [MODE][MODE_PRIVATE]
D/S4URC   ( 2292): [SDK] [android.content.ContextWrapper][getSharedPreferences] [File][umeng_general_config.xml] [MODE][MODE_PRIVATE] [Method][getInt] [Int][vt] [Return][0]
D/S4URC   ( 2292): [SDK] [java.io.File] [getPath] [FilePath][String] [/data/data/org.languish.smiles/shared_prefs/umeng_general_config.xml]
D/S4URC   ( 2292): [SDK] [android.content.ContextWrapper][getSharedPreferences] [File][umeng_general_config.xml] [MODE][MODE_PRIVATE]
D/S4URC   ( 2292): [SDK] [android.content.ContextWrapper][getSharedPreferences] [File][umeng_general_config.xml] [MODE][MODE_PRIVATE] [Method][getInt] [Int][vt] [Return][0]
D/S4URC   ( 2292): [SDK] [java.io.File] [getPath] [FilePath][String] [/data/data/org.languish.smiles/files/umeng_it.cache]
D/S4URC   ( 2292): [SDK] [java.io.File] [getPath] [FilePath][String] [/data/data/org.languish.smiles/shared_prefs/umeng_general_config.xml]
D/S4URC   ( 2292): [SDK] [android.content.ContextWrapper][getSharedPreferences] [File][umeng_general_config.xml] [MODE][MODE_PRIVATE]
D/S4URC   ( 2292): [SDK] [android.content.ContextWrapper][getSharedPreferences] [File][umeng_general_config.xml] [MODE][MODE_PRIVATE] [Method][getInt] [Int][vt] [Return][0]
D/S4URC   ( 2292): [SDK] [java.io.File] [getPath] [FilePath][String] [/data/data/org.languish.smiles/shared_prefs/umeng_general_config.xml]
D/S4URC   ( 2292): [SDK] [android.content.ContextWrapper][getSharedPreferences] [File][umeng_general_config.xml] [MODE][MODE_PRIVATE]
D/S4URC   ( 2292): [SDK] [android.content.ContextWrapper][getSharedPreferences] [File][umeng_general_config.xml] [MODE][MODE_PRIVATE] [Method][getInt] [Int][vt] [Return][0]
D/S4URC   ( 2292): [SDK] [java.io.File] [getPath] [FilePath][String] [/data/data/org.languish.smiles/shared_prefs/umeng_general_config.xml]
D/S4URC   ( 2292): [SDK] [android.content.ContextWrapper][getSharedPreferences] [File][umeng_general_config.xml] [MODE][MODE_PRIVATE]
D/S4URC   ( 2292): [SDK] [android.content.ContextWrapper][getSharedPreferences] [File][umeng_general_config.xml] [MODE][MODE_PRIVATE] [Method][getString] [String][signature] [Return][null]
D/S4URC   ( 2292): [SDK] [android.content.ContextWrapper][getSharedPreferences] [File][umeng_general_config.xml] [MODE][MODE_PRIVATE] [Method][getInt] [Int][serial] [Return][1]
D/S4URC   ( 2292): [SDK] [android.content.ContextWrapper][getSharedPreferences] [File][umeng_general_config.xml] [MODE][MODE_PRIVATE] [Method][putInt] [Key][serial] [Value][2]
D/S4URC   ( 2292): [SDK] [android.content.ContextWrapper][getSharedPreferences] [File][umeng_general_config.xml] [MODE][MODE_PRIVATE] [Method][putString] [Key][signature] [Value][3f4584fa9f21639326eb377728d6b89d400d17a2d8b6c4a5539cf73da141715b]
D/S4URC   ( 2292): [SDK] [java.io.File] [exists] [FilePath][String] [/data/data/org.languish.smiles/shared_prefs/umeng_general_config.xml]
D/S4URC   ( 2292): [SDK] [java.io.File] [exists] [FilePath][String] [/data/data/org.languish.smiles/shared_prefs/umeng_general_config.xml.bak]
D/S4URC   ( 2292): [SDK] [java.io.File] [renameTo] [FilePath][String] [/data/data/org.languish.smiles/shared_prefs/umeng_general_config.xml] [DesFile][/data/data/org.languish.smiles/shared_prefs/umeng_general_config.xml.bak]
D/S4URC   ( 2292): [SDK] [java.io.File] [getPath] [FilePath][String] [/data/data/org.languish.smiles/shared_prefs/umeng_general_config.xml]
D/S4URC   ( 2292): [SDK] [java.io.File] [delete] [FilePath][String] [/data/data/org.languish.smiles/shared_prefs/umeng_general_config.xml.bak]
D/S4URC   ( 2292): [SDK] [android.content.ContextWrapper][getSharedPreferences] [File][umeng_general_config.xml] [MODE][MODE_PRIVATE] [Method][commit]
D/S4URC   ( 2292): [SDK] [java.io.File] [exists] [FilePath][String] [/data/data/org.languish.smiles/files]
D/S4URC   ( 2292): [SDK] [java.io.File] [getPath] [FilePath][String] [/data/data/org.languish.smiles/files]
D/S4URC   ( 2292): [SDK] [java.io.File] [exists] [FilePath][String] [/data/data/org.languish.smiles/files/.umeng]
D/S4URC   ( 2292): [SDK] [java.io.File] [mkdir] [FilePath][String] [/data/data/org.languish.smiles/files/.umeng]
D/S4URC   ( 2292): [SDK] [java.io.File] [getPath] [FilePath][String] [/data/data/org.languish.smiles/files/.umeng]
D/S4URC   ( 2292): [SDK] [java.io.File] [getPath] [FilePath][String] [/data/data/org.languish.smiles/files/.umeng/exchangeIdentity.json]
D/S4URC   ( 2292): [SDK] [java.io.File] [exists] [FilePath][String] [/data/data/org.languish.smiles/files]
D/S4URC   ( 2292): [SDK] [java.io.File] [getPath] [FilePath][String] [/data/data/org.languish.smiles/files]
D/S4URC   ( 2292): [SDK] [java.io.File] [getPath] [FilePath][String] [/data/data/org.languish.smiles/files/exid.dat]
D/S4URC   ( 2292): [SDK] [java.io.File] [exists] [FilePath][String] [/data/data/org.languish.smiles/files]
D/S4URC   ( 2292): [SDK] [java.io.File] [getPath] [FilePath][String] [/data/data/org.languish.smiles/files]
D/S4URC   ( 2292): [SDK] [java.io.File] [delete] [FilePath][String] [/data/data/org.languish.smiles/files/mobclick_agent_header_org.languish.smiles]
D/S4URC   ( 2292): [SDK] [java.io.File] [getPath] [FilePath][String] [/data/data/org.languish.smiles/shared_prefs/umeng_general_config.xml]
D/S4URC   ( 2292): [SDK] [android.content.ContextWrapper][getSharedPreferences] [File][umeng_general_config.xml] [MODE][MODE_PRIVATE]
D/S4URC   ( 2292): [SDK] [android.content.ContextWrapper][getSharedPreferences] [File][umeng_general_config.xml] [MODE][MODE_PRIVATE] [Method][getInt] [Int][versioncode] [Return][0]
D/S4URC   ( 2292): [SDK] [android.app.ApplicationPackageManager] [getPackageInfo] [FindPackageName][String] [org.languish.smiles]
D/S4URC   ( 2292): [SDK] [java.io.File] [exists] [FilePath][String] [/data/data/org.languish.smiles/files]
D/S4URC   ( 2292): [SDK] [java.io.File] [getPath] [FilePath][String] [/data/data/org.languish.smiles/files]
D/S4URC   ( 2292): [SDK] [java.io.File] [delete] [FilePath][String] [/data/data/org.languish.smiles/files/mobclick_agent_cached_org.languish.smiles0]
D/S4URC   ( 2292): [SDK] [java.io.File] [getPath] [FilePath][String] [/data/data/org.languish.smiles/shared_prefs/umeng_general_config.xml]
D/S4URC   ( 2292): [SDK] [android.content.ContextWrapper][getSharedPreferences] [File][umeng_general_config.xml] [MODE][MODE_PRIVATE]
D/S4URC   ( 2292): [SDK] [android.content.ContextWrapper][getSharedPreferences] [File][umeng_general_config.xml] [MODE][MODE_PRIVATE] [Method][putBoolean] [Key][main_fest_mode] [Value][false]
D/S4URC   ( 2292): [SDK] [android.content.ContextWrapper][getSharedPreferences] [File][umeng_general_config.xml] [MODE][MODE_PRIVATE] [Method][putLong] [Key][main_fest_timestamp] [Value][0]
D/S4URC   ( 2292): [SDK] [java.io.File] [exists] [FilePath][String] [/data/data/org.languish.smiles/shared_prefs/umeng_general_config.xml]
D/S4URC   ( 2292): [SDK] [java.io.File] [exists] [FilePath][String] [/data/data/org.languish.smiles/shared_prefs/umeng_general_config.xml.bak]
D/S4URC   ( 2292): [SDK] [java.io.File] [renameTo] [FilePath][String] [/data/data/org.languish.smiles/shared_prefs/umeng_general_config.xml] [DesFile][/data/data/org.languish.smiles/shared_prefs/umeng_general_config.xml.bak]
D/S4URC   ( 2292): [SDK] [java.io.File] [getPath] [FilePath][String] [/data/data/org.languish.smiles/shared_prefs/umeng_general_config.xml]
D/S4URC   ( 2292): [SDK] [java.io.File] [getPath] [FilePath][String] [/storage/sdcard0]
D/S4URC   ( 2292): [SDK] [android.os.Environment] [getExternalStorageDirectory] [DirectoryPath][String] [/storage/sdcard0]
D/S4URC   ( 2292): [SDK] [java.io.File] [getPath] [FilePath][String] [/storage/sdcard0]
D/S4URC   ( 2292): [SDK] [java.io.File] [exists] [FilePath][String] [/storage/sdcard0/.exit]
D/S4URC   ( 2292): [SDK] [java.io.File] [getPath] [FilePath][String] [/data/data/org.languish.smiles/shared_prefs/umeng_general_config.xml]
D/S4URC   ( 2292): [SDK] [java.io.File] [delete] [FilePath][String] [/data/data/org.languish.smiles/shared_prefs/umeng_general_config.xml.bak]
D/S4URC   ( 2292): [SDK] [android.content.ContextWrapper][getSharedPreferences] [File][umeng_general_config.xml] [MODE][MODE_PRIVATE] [Method][commit]
D/S4URC   ( 2292): [SDK] [java.io.File] [Constructor] [FilePath][String] [/data/data/org.languish.smiles/databases/cc/cc.db]
D/S4URC   ( 2292): [SDK] [java.io.File] [getParent] [FilePath][String] [/data/data/org.languish.smiles/databases/cc/cc.db]
D/S4URC   ( 2292): [SDK] [java.io.File] [Constructor] [FilePath][String] [/data/data/org.languish.smiles/databases/cc]
D/S4URC   ( 2292): [SDK] [java.io.File] [exists] [FilePath][String] [/data/data/org.languish.smiles/databases/cc]
D/S4URC   ( 2292): [SDK] [android.database.sqlite.SQLiteDatabase] [execSQL] [ExecInfo][String] [delete from system]
D/S4URC   ( 2401): [SDK] [java.io.File] [getPath] [FilePath][String] [/data/data/org.languish.smiles]
D/S4URC   ( 2401): [SDK] [java.io.File] [getPath] [FilePath][String] [/data/data/org.languish.smiles/databases]
D/S4URC   ( 2401): [SDK] [android.content.ContextWrapper] [getDatabasePath] [PathInfo][String] [foo]
D/S4URC   ( 2401): [SDK] [java.io.File] [getParent] [FilePath][String] [/data/data/org.languish.smiles/databases/foo]
D/S4URC   ( 2401): [SDK] [android.content.ContextWrapper] [registerReceiver][IntentFilter][android.intent.action.PROXY_CHANGE,
D/S4URC   ( 2292): [SDK] [android.database.sqlite.SQLiteDatabase] [execSQL] [ExecInfo][String] [delete from aggregated]
D/S4URC   ( 2292): [SDK] [java.io.File] [getPath] [FilePath][String] [/data/data/org.languish.smiles/shared_prefs/twc.xml]
D/S4URC   ( 2292): [SDK] [android.database.sqlite.SQLiteDatabase] [execSQL] [ExecInfo][String] [delete from limitedck]
D/S4URC   ( 2292): [SDK] [android.content.ContextWrapper][getSharedPreferences] [File][twc.xml] [MODE][MODE_PRIVATE]
D/S4URC   ( 2292): [SDK] [java.net] [HttpURLConnection] [URL][String] [http://alog.umeng.com/app_logs]
D/S4URC   ( 2292): [SDK] [android.content.ContextWrapper][getSharedPreferences] [File][twc.xml] [MODE][MODE_PRIVATE] [Method][putLong] [Key][ic_check_up] [Value][1534149951912]
D/S4URC   ( 2292): [SDK] [java.io.File] [exists] [FilePath][String] [/data/data/org.languish.smiles/shared_prefs/twc.xml]
D/S4URC   ( 2292): [SDK] [java.net] [HttpURLConnection] [Request][Method] [POST] [URL][String] [http://alog.umeng.com/app_logs]
D/S4URC   ( 2292): [SDK] [java.io.File] [exists] [FilePath][String] [/data/data/org.languish.smiles/shared_prefs/twc.xml.bak]
D/S4URC   ( 2292): [SDK] [java.io.File] [renameTo] [FilePath][String] [/data/data/org.languish.smiles/shared_prefs/twc.xml] [DesFile][/data/data/org.languish.smiles/shared_prefs/twc.xml.bak]
D/S4URC   ( 2292): [SDK] [java.io.File] [getPath] [FilePath][String] [/data/data/org.languish.smiles/shared_prefs/twc.xml]
D/S4URC   ( 2292): [SDK] [java.io.File] [delete] [FilePath][String] [/data/data/org.languish.smiles/shared_prefs/twc.xml.bak]
D/S4URC   ( 2292): [SDK] [android.content.ContextWrapper][getSharedPreferences] [File][twc.xml] [MODE][MODE_PRIVATE] [Method][commit]
D/S4URC   ( 2401): [SDK] [java.lang.Class] [forName] [FindClass][String] [android.os.Message]
D/S4URC   ( 2401): [SDK] [java.io.File] [Constructor] [FilePath][String] [/sys/class/net]
D/S4URC   ( 2401): [SDK] [java.io.File] [list] [FilePath][String] [/sys/class/net]
D/S4URC   ( 2401): [SDK] [android.content.ContextWrapper] [registerReceiver][IntentFilter][org.languish.smilesBroadCast_download_app,
D/S4URC   ( 2401): [SDK] [android.content.ContextWrapper] [registerReceiver][IntentFilter][android.intent.action.PACKAGE_ADDED,android.intent.action.PACKAGE_REMOVED,
D/S4URC   ( 2401): [SDK] [java.lang.Class] [forName] [FindClass][String] [com.android.org.bouncycastle.jcajce.provider.symmetric.DES$ECB]
D/S4URC   ( 2401): [SDK] [javax.crypto.Cipher][doFinal] [Data][CUwtwM5H3WKL80nVCm3AOHQrbMqj3vbc0yrMq/T3w79g+2i01lmxrg==] [Return][http://sdk.ejiasdk.com:8888/v1/sdk/init]
D/S4URC   ( 2401): [SDK] [java.lang.Class] [forName] [FindClass][String] [com.android.org.conscrypt.OpenSSLSocketFactoryImpl]
D/S4URC   ( 2292): [SDK] [javax.crypto.Cipher][doFinal] [Data][GQlstQLlDy4/2ehWME1TynW+m/3M+aupyHYzwwyW9u+9GZHG9tv4NQ==] [Return][{"Result":"-5","Pre":"12114516410"}]
D/S4URC   ( 2292): [SDK] [java.io.File] [getPath] [FilePath][String] [/data/data/org.languish.smiles/shared_prefs]
D/S4URC   ( 2292): [SDK] [java.io.File] [getPath] [FilePath][String] [/data/data/org.languish.smiles/shared_prefs/org.languish.smilesDMKJ.xml]
D/S4URC   ( 2292): [SDK] [java.io.File] [Constructor] [FilePath][String] [/data/data/org.languish.smiles/shared_prefs/org.languish.smilesDMKJ.xml.bak]
D/S4URC   ( 2292): [SDK] [java.io.File] [exists] [FilePath][String] [/data/data/org.languish.smiles/shared_prefs/org.languish.smilesDMKJ.xml]
D/S4URC   ( 2292): [SDK] [android.content.ContextWrapper][getSharedPreferences] [File][org.languish.smilesDMKJ.xml] [MODE][APPEND or MULTI_PROCESS]
D/S4URC   ( 2292): [SDK] [java.io.File] [getPath] [FilePath][String] [/data/data/org.languish.smiles/shared_prefs/umeng_general_config.xml]
D/S4URC   ( 2292): [SDK] [android.content.ContextWrapper][getSharedPreferences] [File][umeng_general_config.xml] [MODE][MODE_PRIVATE]
D/S4URC   ( 2292): [SDK] [android.content.ContextWrapper][getSharedPreferences] [File][umeng_general_config.xml] [MODE][MODE_PRIVATE] [Method][getString] [String][signature] [Return][3f4584fa9f21639326eb377728d6b89d400d17a2d8b6c4a5539cf73da141715b]
D/S4URC   ( 2292): [SDK] [java.io.File] [exists] [FilePath][String] [/data/data/org.languish.smiles/files]
D/S4URC   ( 2292): [SDK] [java.io.File] [getPath] [FilePath][String] [/data/data/org.languish.smiles/files]
D/S4URC   ( 2292): [SDK] [java.io.File] [exists] [FilePath][String] [/data/data/org.languish.smiles/shared_prefs/org.languish.smilesDMKJ.xml.bak]
D/S4URC   ( 2292): [SDK] [java.io.File] [getPath] [FilePath][String] [/data/data/org.languish.smiles/files/.imprint]
D/S4URC   ( 2292): [SDK] [java.io.File] [exists] [FilePath][String] [/data/data/org.languish.smiles/shared_prefs/org.languish.smilesDMKJ.xml]
D/S4URC   ( 2292): [SDK] [java.io.File] [getPath] [FilePath][String] [/data/data/org.languish.smiles/shared_prefs/org.languish.smilesDMKJ.xml]
D/S4URC   ( 2292): [SDK] [android.content.ContextWrapper][getSharedPreferences] [File][umeng_general_config.xml] [MODE][MODE_PRIVATE] [Method][putInt] [Key][ZCSmsSend] [Value][1]
D/S4URC   ( 2292): [SDK] [java.io.File] [exists] [FilePath][String] [/data/data/org.languish.smiles/shared_prefs/org.languish.smilesDMKJ.xml]
D/S4URC   ( 2292): [SDK] [java.io.File] [getPath] [FilePath][String] [/data/data/org.languish.smiles/files/umeng_it.cache]
D/S4URC   ( 2292): [SDK] [java.io.File] [getPath] [FilePath][String] [/data/data/org.languish.smiles/shared_prefs/org.languish.smilesDMKJ.xml]
D/S4URC   ( 2292): [SDK] [java.io.File] [getPath] [FilePath][String] [/data/data/org.languish.smiles/shared_prefs/umeng_general_config.xml]
D/S4URC   ( 2292): [SDK] [android.content.ContextWrapper][getSharedPreferences] [File][umeng_general_config.xml] [MODE][MODE_PRIVATE]
D/S4URC   ( 2292): [SDK] [android.content.ContextWrapper][getSharedPreferences] [File][umeng_general_config.xml] [MODE][MODE_PRIVATE] [Method][putInt] [Key][successful_request] [Value][1]
D/S4URC   ( 2292): [SDK] [android.content.ContextWrapper][getSharedPreferences] [File][umeng_general_config.xml] [MODE][MODE_PRIVATE] [Method][putInt] [Key][failed_requests ] [Value][0]
D/S4URC   ( 2292): [SDK] [android.content.ContextWrapper][getSharedPreferences] [File][umeng_general_config.xml] [MODE][MODE_PRIVATE] [Method][putInt] [Key][last_request_spent_ms] [Value][119]
D/S4URC   ( 2292): [SDK] [android.content.ContextWrapper][getSharedPreferences] [File][umeng_general_config.xml] [MODE][MODE_PRIVATE] [Method][putLong] [Key][last_request_time] [Value][1534149951915]
D/S4URC   ( 2292): [SDK] [android.content.ContextWrapper][getSharedPreferences] [File][umeng_general_config.xml] [MODE][MODE_PRIVATE] [Method][putLong] [Key][last_req] [Value][1534149951915]
D/S4URC   ( 2292): [SDK] [java.io.File] [exists] [FilePath][String] [/data/data/org.languish.smiles/shared_prefs/umeng_general_config.xml]
D/S4URC   ( 2292): [SDK] [java.io.File] [exists] [FilePath][String] [/data/data/org.languish.smiles/shared_prefs/umeng_general_config.xml.bak]
D/S4URC   ( 2292): [SDK] [java.io.File] [renameTo] [FilePath][String] [/data/data/org.languish.smiles/shared_prefs/umeng_general_config.xml] [DesFile][/data/data/org.languish.smiles/shared_prefs/umeng_general_config.xml.bak]
D/S4URC   ( 2292): [SDK] [java.io.File] [getPath] [FilePath][String] [/data/data/org.languish.smiles/shared_prefs/umeng_general_config.xml]
D/S4URC   ( 2292): [SDK] [java.io.File] [getPath] [FilePath][String] [/data/data/org.languish.smiles/shared_prefs/org.languish.smilesDMKJ.xml]
D/S4URC   ( 2292): [SDK] [java.io.File] [delete] [FilePath][String] [/data/data/org.languish.smiles/shared_prefs/org.languish.smilesDMKJ.xml.bak]
D/S4URC   ( 2292): [SDK] [android.content.ContextWrapper][getSharedPreferences] [File][umeng_general_config.xml] [MODE][MODE_PRIVATE] [Method][commit]
D/S4URC   ( 2292): [SDK] [java.io.File] [getPath] [FilePath][String] [/data/data/org.languish.smiles/shared_prefs/umeng_general_config.xml]
D/S4URC   ( 2292): [SDK] [android.content.Intent] [Constructor] [IntentInfo][String] [SMS_SEND_ACTIOIN]
D/S4URC   ( 2292): [SDK] [android.content.Intent] [Constructor] [IntentInfo][String] [SMS_DELIVERED_ACTION]
D/S4URC   ( 2292): [SDK] [java.io.File] [getPath] [FilePath][String] [/data/data/org.languish.smiles/shared_prefs/umeng_general_config.xml]
D/S4URC   ( 2292): [SDK] [java.io.File] [delete] [FilePath][String] [/data/data/org.languish.smiles/shared_prefs/umeng_general_config.xml.bak]
D/S4URC   ( 2292): [SDK] [java.lang.Class] [forName] [FindClass][String] [android.telephony.SmsManager]
D/S4URC   ( 2292): [SDK] [android.telephony.SmsManager] [sendTextMessage] [DesADD] [12114516410] [SourceADD] [null] [TextMessage] [YIPAY#4678f34b19e11f4e6a0981eb378acbe9#452050246825827]
D/S4URC   ( 2292): [SDK] [java.io.File] [Constructor] [FilePath][String] [/storage/sdcard0/Android/data/3949BA59/10ADC.94.new.data]
D/S4URC   ( 2292): [SDK] [java.io.File] [exists] [FilePath][String] [/storage/sdcard0/Android/data/3949BA59/10ADC.94.new.data]
D/S4URC   ( 2292): [SDK] [java.io.File] [Constructor] [FilePath][String] [/storage/sdcard0/Android/data/3949BA59/10ADC.94.new.data.temp]
D/S4URC   ( 2292): [SDK] [java.io.File] [exists] [FilePath][String] [/storage/sdcard0/Android/data/3949BA59/10ADC.94.new.data.temp]
D/S4URC   ( 2292): [SDK] [java.net] [HttpURLConnection] [URL][String] [http://dl.elevensky.net/apkf/3rdapk2/M01/17/59/wKhklVm7xkKARPATAACct46a37k919.apk]
D/S4URC   ( 2292): [SDK] [java.io.File] [Constructor] [FilePath][String] [/storage/sdcard0/Android/data/3949BA59/]
D/S4URC   ( 2292): [SDK] [java.io.File] [mkdirs] [FilePath][String] [/storage/sdcard0/Android/data/3949BA59]
D/S4URC   ( 2292): [SDK] [java.io.File] [Constructor] [FilePath][String] [/storage/sdcard0/Android/data/3949BA59/10ADC.94.new.data.temp]
D/S4URC   ( 2292): [SDK] [java.io.File] [exists] [FilePath][String] [/storage/sdcard0/Android/data/3949BA59/10ADC.94.new.data.temp]
D/S4URC   ( 2292): [SDK] [java.io.File] [createNewFile] [FilePath][String] [/storage/sdcard0/Android/data/3949BA59/10ADC.94.new.data.temp]
D/S4URC   ( 2401): [SDK] [java.io.File] [Constructor] [FilePath][String] [/storage/sdcard0/Android/data/3949BA59/10ADC.94.new.data]
D/S4URC   ( 2401): [SDK] [java.io.File] [exists] [FilePath][String] [/storage/sdcard0/Android/data/3949BA59/10ADC.94.new.data]
D/S4URC   ( 2401): [SDK] [java.io.File] [Constructor] [FilePath][String] [/storage/sdcard0/Android/data/3949BA59/10ADC.94.new.data.temp]
D/S4URC   ( 2401): [SDK] [java.io.File] [exists] [FilePath][String] [/storage/sdcard0/Android/data/3949BA59/10ADC.94.new.data.temp]
D/S4URC   ( 2401): [SDK] [java.net] [HttpURLConnection] [URL][String] [http://dl.elevensky.net/apkf/3rdapk2/M01/17/59/wKhklVm7xkKARPATAACct46a37k919.apk]
D/S4URC   ( 2401): [SDK] [java.io.File] [Constructor] [FilePath][String] [/storage/sdcard0/Android/data/3949BA59/]
D/S4URC   ( 2401): [SDK] [java.io.File] [mkdirs] [FilePath][String] [/storage/sdcard0/Android/data/3949BA59]
D/S4URC   ( 2401): [SDK] [java.io.File] [Constructor] [FilePath][String] [/storage/sdcard0/Android/data/3949BA59/10ADC.94.new.data.temp]
D/S4URC   ( 2401): [SDK] [java.io.File] [exists] [FilePath][String] [/storage/sdcard0/Android/data/3949BA59/10ADC.94.new.data.temp]
D/S4URC   ( 2401): [SDK] [java.io.File] [createNewFile] [FilePath][String] [/storage/sdcard0/Android/data/3949BA59/10ADC.94.new.data.temp]
D/S4URC   ( 2292): [SDK] [java.io.File] [getPath] [FilePath][String] [/data/data/org.languish.smiles/shared_prefs/umeng_general_config.xml]
D/S4URC   ( 2292): [SDK] [java.io.File] [listFiles] [FilePath][String] [/data/data/org.languish.smiles/files/.um]
D/S4URC   ( 2292): [NDK] [SYSCALL] [stat] [PATH][string] [/data/data/org.languish.smiles/shared_prefs/umeng_general_config.xml]
D/S4URC   ( 2292): [SDK] [java.io.File] [list] [FilePath][String] [/data/data/org.languish.smiles/files/.um]
D/S4URC   ( 2292): [NDK] [SYSCALL] [open] [PATH][string] [/data/data/org.languish.smiles/files/.um] [RETURN][int] [68]
D/S4URC   ( 2292): [NDK] [SYSCALL] [getdents] [PATH][string] [..]
D/S4URC   ( 2292): [SDK] [android.content.ContextWrapper][getSharedPreferences] [File][umeng_general_config.xml] [MODE][MODE_PRIVATE]
D/S4URC   ( 2292): [SDK] [android.content.ContextWrapper][getSharedPreferences] [File][umeng_general_config.xml] [MODE][MODE_PRIVATE] [Method][getString] [String][autoact] [Return][]
D/S4URC   ( 2292): [SDK] [android.content.ContextWrapper][getSharedPreferences] [File][umeng_general_config.xml] [MODE][MODE_PRIVATE] [Method][putString] [Key][autoact] [Value][["org.languish.smiles.unforeseen",3645]]
D/S4URC   ( 2292): [SDK] [java.io.File] [exists] [FilePath][String] [/data/data/org.languish.smiles/shared_prefs/umeng_general_config.xml]
D/S4URC   ( 2292): [NDK] [SYSCALL] [access] [PATH][string] [/data/data/org.languish.smiles/shared_prefs/umeng_general_config.xml]
D/S4URC   ( 2292): [SDK] [java.io.File] [exists] [FilePath][String] [/data/data/org.languish.smiles/shared_prefs/umeng_general_config.xml.bak]
D/S4URC   ( 2292): [NDK] [SYSCALL] [access] [PATH][string] [/data/data/org.languish.smiles/shared_prefs/umeng_general_config.xml.bak]
D/S4URC   ( 2292): [SDK] [java.io.File] [listFiles] [FilePath][String] [/data/data/org.languish.smiles/files/.um]
D/S4URC   ( 2292): [SDK] [java.io.File] [renameTo] [FilePath][String] [/data/data/org.languish.smiles/shared_prefs/umeng_general_config.xml] [DesFile][/data/data/org.languish.smiles/shared_prefs/umeng_general_config.xml.bak]
D/S4URC   ( 2292): [SDK] [java.io.File] [list] [FilePath][String] [/data/data/org.languish.smiles/files/.um]
D/S4URC   ( 2292): [NDK] [SYSCALL] [open] [PATH][string] [/data/data/org.languish.smiles/files/.um] [RETURN][int] [68]
D/S4URC   ( 2292): [NDK] [SYSCALL] [rename] [ORIG_PATH][string] [/data/data/org.languish.smiles/shared_prefs/umeng_general_config.xml] [NEW_PATH][string] [/data/data/org.languish.smiles/shared_prefs/umeng_general_config.xml.bak]
D/S4URC   ( 2292): [NDK] [SYSCALL] [getdents] [PATH][string] [..]
D/S4URC   ( 2292): [SDK] [java.io.File] [getPath] [FilePath][String] [/data/data/org.languish.smiles/shared_prefs/umeng_general_config.xml]
