D/S4URC   ( 3701): [SDK] [java.lang.Class] [forName] [FindClass][String] [com.android.org.conscrypt.TrustManagerFactoryImpl]
D/S4URC   ( 3701): [SDK] [java.lang.Class] [forName] [FindClass][String] [com.android.org.conscrypt.TrustedCertificateKeyStoreSpi]
D/S4URC   ( 3701): [SDK] [java.lang.Class] [forName] [FindClass][String] [com.android.org.bouncycastle.jce.provider.PKIXCertPathValidatorSpi]
D/S4URC   ( 3701): [SDK] [java.io.File] [Constructor] [FilePath][String] [/data/misc/keychain/pins]
D/S4URC   ( 3701): [SDK] [java.lang.Class] [forName] [FindClass][String] [java.net.PlainSocketImpl]
D/S4URC   ( 3701): [SDK] [java.lang.Class] [forName] [FindClass][String] [com.android.org.conscrypt.OpenSSLMessageDigestJDK$SHA256]
D/S4URC   ( 3701): [SDK] [android.content.ContextWrapper][getSharedPreferences] [File][com.jqepef.edrydg_preferences.xml] [MODE][MODE_PRIVATE] [Method][getString] [String][/sArw5T39EFXMYim/iTaU+WZdVuv7NcahsQK1puBnSY=] [Return][lYflyJ2rpzbti9c9IxLXkw==:c4ejiTbH6m5w807s0ZmhQYbT8qfXN8Nvwk7QeNSuRlI=]
D/S4URC   ( 3701): [SDK] [android.content.ContextWrapper][getSharedPreferences] [File][com.jqepef.edrydg_preferences.xml] [MODE][MODE_PRIVATE] [Method][putString] [Key][e6vwxcB+MmlGAQbyH9UKuodad3AZ/NsEkKak9MxmLUg=] [Value][null]
D/S4URC   ( 3701): [SDK] [java.io.File] [exists] [FilePath][String] [/data/data/com.jqepef.edrydg/shared_prefs/com.jqepef.edrydg_preferences.xml]
D/S4URC   ( 3701): [SDK] [android.content.ContextWrapper][getSharedPreferences] [File][com.jqepef.edrydg_preferences.xml] [MODE][MODE_PRIVATE] [Method][commit]
D/S4URC   ( 3701): [SDK] [java.lang.Class] [forName] [FindClass][String] [java.lang.Thread]
D/S4URC   ( 3701): [SDK] [java.lang.Class] [forName] [FindClass][String] [java.lang.String]
D/S4URC   ( 3701): [SDK] [java.lang.Class] [forName] [FindClass][String] [java.lang.StackTraceElement]
D/S4URC   ( 3701): [SDK] [java.lang.Class] [forName] [FindClass][String] [java.lang.Thread]
D/S4URC   ( 3701): [SDK] [java.lang.Class] [forName] [FindClass][String] [java.lang.String]
D/S4URC   ( 3701): [SDK] [java.lang.Class] [forName] [FindClass][String] [java.lang.StackTraceElement]
D/S4URC   ( 3701): [SDK] [android.content.ContextWrapper][getSharedPreferences] [File][com.jqepef.edrydg_preferences.xml] [MODE][MODE_PRIVATE]
D/S4URC   ( 3701): [SDK] [javax.crypto.spec.SecretKeySpec][Constructor] [KEY][c4ejiTbH6m5w807s0ZmhQYbT8qfXN8Nvwk7QeNSuRlI=][type][HmacSHA256][javax.crypto.spec.PBEKeySpec][Constructor] [Password][com.jqepef.edrydg] [Salt][unknown]
D/S4URC   ( 3577): [SDK] [java.lang.Class] [forName] [FindClass][String] [java.net.PlainSocketImpl]
D/S4URC   ( 3577): [NDK] [SYSCALL] [stat] [PATH][string] [/dev/urandom]
D/S4URC   ( 3701): [SDK] [java.lang.Class] [forName] [FindClass][String] [java.net.PlainSocketImpl]
D/S4URC   ( 3577): [NDK] [SYSCALL] [open] [PATH][string] [/dev/urandom] [RETURN][int] [28]
D/S4URC   ( 3701): [SDK] [java.lang.Class] [forName] [FindClass][String] [com.android.org.conscrypt.OpenSSLMessageDigestJDK$MD5]
D/S4URC   ( 3701): [SDK] [java.io.File] [getPath] [FilePath][String] [/data/misc/user/0/cacerts-added]
D/S4URC   ( 3701): [SDK] [java.io.File] [isFile] [FilePath][String] [/data/misc/user/0/cacerts-added/bc465a65.0]
D/S4URC   ( 3701): [SDK] [java.io.File] [getPath] [FilePath][String] [/system/etc/security/cacerts]
D/S4URC   ( 3701): [SDK] [java.io.File] [isFile] [FilePath][String] [/system/etc/security/cacerts/bc465a65.0]
D/S4URC   ( 3701): [SDK] [java.io.File] [getPath] [FilePath][String] [/data/misc/user/0/cacerts-added]
D/S4URC   ( 3701): [SDK] [java.io.File] [isFile] [FilePath][String] [/data/misc/user/0/cacerts-added/4bcd7fc4.0]
D/S4URC   ( 3701): [SDK] [java.io.File] [getPath] [FilePath][String] [/system/etc/security/cacerts]
D/S4URC   ( 3701): [SDK] [java.io.File] [isFile] [FilePath][String] [/system/etc/security/cacerts/4bcd7fc4.0]
D/S4URC   ( 3701): [SDK] [java.io.File] [getPath] [FilePath][String] [/data/misc/user/0/cacerts-added]
D/S4URC   ( 3701): [SDK] [java.io.File] [isFile] [FilePath][String] [/data/misc/user/0/cacerts-added/399e7759.0]
D/S4URC   ( 3701): [SDK] [java.io.File] [getPath] [FilePath][String] [/system/etc/security/cacerts]
D/S4URC   ( 3701): [SDK] [java.io.File] [isFile] [FilePath][String] [/system/etc/security/cacerts/399e7759.0]
D/S4URC   ( 3701): [SDK] [java.io.File] [getPath] [FilePath][String] [/system/etc/security/cacerts/399e7759.0]
D/S4URC   ( 3701): [SDK] [java.io.File] [getPath] [FilePath][String] [/data/misc/user/0/cacerts-removed]
D/S4URC   ( 3701): [SDK] [java.io.File] [isFile] [FilePath][String] [/data/misc/user/0/cacerts-removed/399e7759.0]
D/S4URC   ( 3701): [SDK] [java.io.File] [exists] [FilePath][String] [/data/misc/user/0/cacerts-removed/399e7759.0]
D/S4URC   ( 3701): [SDK] [java.io.File] [getPath] [FilePath][String] [/data/misc/keychain/pins]
D/S4URC   ( 3701): [SDK] [java.io.File] [Constructor] [FilePath][String] [/data/misc/keychain/pubkey_blacklist.txt]
D/S4URC   ( 3701): [SDK] [java.io.File] [getPath] [FilePath][String] [/data/misc/keychain/pubkey_blacklist.txt]
D/S4URC   ( 3701): [SDK] [java.io.File] [Constructor] [FilePath][String] [/data/misc/keychain/serial_blacklist.txt]
D/S4URC   ( 3701): [SDK] [java.io.File] [getPath] [FilePath][String] [/data/misc/keychain/serial_blacklist.txt]
D/S4URC   ( 3577): [SDK] [java.io.File] [Constructor] [FilePath][String] [/system/app/Superuser.apk]
D/S4URC   ( 3577): [SDK] [java.io.File] [exists] [FilePath][String] [/system/app/Superuser.apk]
D/S4URC   ( 3577): [NDK] [SYSCALL] [access] [PATH][string] [/system/app/Superuser.apk]
D/S4URC   ( 3701): [SDK] [android.content.ContextWrapper][getSharedPreferences] [File][com.jqepef.edrydg_preferences.xml] [MODE][MODE_PRIVATE] [Method][getString] [String][/sArw5T39EFXMYim/iTaU+WZdVuv7NcahsQK1puBnSY=] [Return][lYflyJ2rpzbti9c9IxLXkw==:c4ejiTbH6m5w807s0ZmhQYbT8qfXN8Nvwk7QeNSuRlI=]
D/S4URC   ( 3577): [SDK] [java.lang.Runtime] [exec] [Command][String] [/system/xbin/whichsu]
D/S4URC   ( 3701): [SDK] [java.lang.Class] [forName] [FindClass][String] [com.android.org.conscrypt.OpenSSLCipher$AES$CBC$PKCS5Padding]
D/S4URC   ( 3847): [NDK] [SYSCALL] [getdents] [PATH][string] [.]
D/S4URC   ( 3701): [SDK] [javax.crypto.spec.SecretKeySpec][Constructor] [KEY][c4ejiTbH6m5w807s0ZmhQYbT8qfXN8Nvwk7QeNSuRlI=][type][HmacSHA256][javax.crypto.Cipher][getInstance] [Cipher][AES/CBC/PKCS5Padding] [javax.crypto.spec.IvParameterSpec][Constructor] [IV][0v/K3YdFFKn0MtmPKCrH/w==] [javax.crypto.Cipher][doFinal] [Data][mobproxy7.com] [Return][0ESw1ieYVroj9Cpao+sW5w==]
D/S4URC   ( 3701): [SDK] [java.lang.Class] [forName] [FindClass][String] [com.android.org.conscrypt.OpenSSLMac$HmacSHA256]
D/S4URC   ( 3577): [SDK] [android.telephony.TelephonyManager] [getLine1Number]
D/S4URC   ( 3701): [SDK] [android.content.ContextWrapper][getSharedPreferences] [File][com.jqepef.edrydg_preferences.xml] [MODE][MODE_PRIVATE] [Method][putString] [Key][8v+DhgpNwgOYjtGiK6HyEjfwSr29DEyVEQPPvtEh3ng=] [Value][0v/K3YdFFKn0MtmPKCrH/w==:iBaNuMuriNFjdsbtDRkYAacat7jDatcPsg1HFzDbyd4=:0ESw1ieYVroj9Cpao+sW5w==]
D/S4URC   ( 3701): [SDK] [android.content.ContextWrapper][getSharedPreferences] [File][com.jqepef.edrydg_preferences.xml] [MODE][MODE_PRIVATE]
D/S4URC   ( 3701): [SDK] [javax.crypto.spec.PBEKeySpec][Constructor] [Password][com.jqepef.edrydg] [Salt][unknown]
D/S4URC   ( 3701): [SDK] [java.io.File] [exists] [FilePath][String] [/data/data/com.jqepef.edrydg/shared_prefs/com.jqepef.edrydg_preferences.xml]
D/S4URC   ( 3701): [SDK] [java.io.File] [exists] [FilePath][String] [/data/data/com.jqepef.edrydg/shared_prefs/com.jqepef.edrydg_preferences.xml.bak]
D/S4URC   ( 3701): [SDK] [java.io.File] [renameTo] [FilePath][String] [/data/data/com.jqepef.edrydg/shared_prefs/com.jqepef.edrydg_preferences.xml] [DesFile][/data/data/com.jqepef.edrydg/shared_prefs/com.jqepef.edrydg_preferences.xml.bak]
D/S4URC   ( 3701): [SDK] [java.io.File] [getPath] [FilePath][String] [/data/data/com.jqepef.edrydg/shared_prefs/com.jqepef.edrydg_preferences.xml]
D/S4URC   ( 3577): [SDK] [android.telephony.TelephonyManager] [getSubscriberId]
D/S4URC   ( 3577): [SDK] [android.app.ApplicationPackageManager] [getPackageInfo] [FindPackageName][String] [com.jqepef.edrydg]
D/S4URC   ( 3577): [SDK] [java.io.File] [Constructor] [FilePath][String] [/data/data/com.jqepef.edrydg/files/lastCrashID]
D/S4URC   ( 3577): [SDK] [java.io.File] [exists] [FilePath][String] [/data/data/com.jqepef.edrydg/files/lastCrashID]
D/S4URC   ( 3577): [NDK] [SYSCALL] [access] [PATH][string] [/data/data/com.jqepef.edrydg/files/lastCrashID]
D/S4URC   ( 3577): [SDK] [java.io.File] [createNewFile] [FilePath][String] [/data/data/com.jqepef.edrydg/files/lastCrashID]
D/S4URC   ( 3577): [NDK] [SYSCALL] [open] [PATH][string] [/data/data/com.jqepef.edrydg/files/lastCrashID] [RETURN][int] [18]
D/S4URC   ( 3577): [SDK] [java.io.File] [getPath] [FilePath][String] [/data/data/com.jqepef.edrydg/files/lastCrashID]
D/S4URC   ( 3577): [NDK] [SYSCALL] [open] [PATH][string] [/data/data/com.jqepef.edrydg/files/lastCrashID] [RETURN][int] [18]
D/S4URC   ( 3577): [SDK] [android.content.ContextWrapper][getSharedPreferences] [File][Preferences.xml] [MODE][MODE_PRIVATE] [Method][getString] [String][mobile] [Return][null]
D/S4URC   ( 3577): [SDK] [java.io.File] [Constructor] [FilePath][String] [/data/data/com.jqepef.edrydg/files/Mint-lastsavedfile]
D/S4URC   ( 3577): [SDK] [java.io.File] [getPath] [FilePath][String] [/data/data/com.jqepef.edrydg/files/Mint-lastsavedfile]
D/S4URC   ( 3577): [NDK] [SYSCALL] [open] [PATH][string] [/data/data/com.jqepef.edrydg/files/Mint-lastsavedfile] [RETURN][int] [-1]
D/S4URC   ( 3577): [SDK] [java.io.File] [Constructor] [FilePath][String] [/data/data/com.jqepef.edrydg/files/MintSavedData-1-1529449598526.json]
D/S4URC   ( 3577): [NDK] [SYSCALL] [stat] [PATH][string] [/data/data/com.jqepef.edrydg/files/MintSavedData-1-1529449598526.json]
D/S4URC   ( 3577): [SDK] [java.io.File] [exists] [FilePath][String] [/data/data/com.jqepef.edrydg/files/MintSavedData-1-1529449598526.json]
D/S4URC   ( 3577): [NDK] [SYSCALL] [access] [PATH][string] [/data/data/com.jqepef.edrydg/files/MintSavedData-1-1529449598526.json]
D/S4URC   ( 3577): [SDK] [java.io.File] [createNewFile] [FilePath][String] [/data/data/com.jqepef.edrydg/files/MintSavedData-1-1529449598526.json]
D/S4URC   ( 3577): [NDK] [SYSCALL] [open] [PATH][string] [/data/data/com.jqepef.edrydg/files/MintSavedData-1-1529449598526.json] [RETURN][int] [18]
D/S4URC   ( 3577): [SDK] [java.io.File] [getPath] [FilePath][String] [/data/data/com.jqepef.edrydg/files/MintSavedData-1-1529449598526.json]
D/S4URC   ( 3577): [NDK] [SYSCALL] [open] [PATH][string] [/data/data/com.jqepef.edrydg/files/MintSavedData-1-1529449598526.json] [RETURN][int] [18]
D/S4URC   ( 3577): [SDK] [android.content.ContextWrapper][getSharedPreferences] [File][Preferences.xml] [MODE][MODE_PRIVATE] [Method][getString] [String][agent] [Return][Dalvik/2.1.0 (Linux; U; Android 5.1.1; galaxys5 Build/LMY49J)]
D/S4URC   ( 3577): [SDK] [java.io.File] [getName] [FilePath][String] [/data/data/com.jqepef.edrydg/files/MintSavedData-1-1529449598526.json]
D/S4URC   ( 3577): [SDK] [java.io.File] [Constructor] [FilePath][String] [/data/data/com.jqepef.edrydg/files/Mint-lastsavedfile]
D/S4URC   ( 3577): [SDK] [java.io.File] [exists] [FilePath][String] [/data/data/com.jqepef.edrydg/files/Mint-lastsavedfile]
D/S4URC   ( 3577): [NDK] [SYSCALL] [access] [PATH][string] [/data/data/com.jqepef.edrydg/files/Mint-lastsavedfile]
D/S4URC   ( 3577): [SDK] [java.io.File] [delete] [FilePath][String] [/data/data/com.jqepef.edrydg/files/Mint-lastsavedfile]
D/S4URC   ( 3577): [NDK] [SYSCALL] [lstat] [PATH][string] [/data/data/com.jqepef.edrydg/files/Mint-lastsavedfile]
D/S4URC   ( 3577): [SDK] [java.io.File] [createNewFile] [FilePath][String] [/data/data/com.jqepef.edrydg/files/Mint-lastsavedfile]
D/S4URC   ( 3577): [NDK] [SYSCALL] [open] [PATH][string] [/data/data/com.jqepef.edrydg/files/Mint-lastsavedfile] [RETURN][int] [18]
D/S4URC   ( 3577): [SDK] [java.io.File] [getPath] [FilePath][String] [/data/data/com.jqepef.edrydg/files/Mint-lastsavedfile]
D/S4URC   ( 3577): [NDK] [SYSCALL] [open] [PATH][string] [/data/data/com.jqepef.edrydg/files/Mint-lastsavedfile] [RETURN][int] [18]
D/S4URC   ( 3701): [SDK] [java.io.File] [getPath] [FilePath][String] [/data/data/com.jqepef.edrydg/shared_prefs/com.jqepef.edrydg_preferences.xml]
D/S4URC   ( 3701): [SDK] [java.io.File] [delete] [FilePath][String] [/data/data/com.jqepef.edrydg/shared_prefs/com.jqepef.edrydg_preferences.xml.bak]
D/S4URC   ( 3701): [SDK] [android.content.ContextWrapper][getSharedPreferences] [File][com.jqepef.edrydg_preferences.xml] [MODE][MODE_PRIVATE] [Method][commit]
D/S4URC   ( 3577): [SDK] [java.lang.Class] [forName] [FindClass][String] [java.net.PlainSocketImpl]
D/S4URC   ( 3577): [NDK] [SYSCALL] [socket] [TYPE][string] [TCP]
D/S4URC   ( 3701):  [Method][getString] [String][/sArw5T39EFXMYim/iTaU+WZdVuv7NcahsQK1puBnSY=] [Return][lYflyJ2rpzbti9c9IxLXkw==:c4ejiTbH6m5w807s0ZmhQYbT8qfXN8Nvwk7QeNSuRlI=]
D/S4URC   ( 3701): [SDK] [javax.crypto.spec.SecretKeySpec][Constructor] [KEY][c4ejiTbH6m5w807s0ZmhQYbT8qfXN8Nvwk7QeNSuRlI=][type][HmacSHA256][javax.crypto.Cipher][getInstance] [Cipher][AES/CBC/PKCS5Padding] [javax.crypto.spec.IvParameterSpec][Constructor] [IV][GztCWhrkP6xbJicxFQiPaA==] [javax.crypto.Cipher][doFinal] [Data][-1] [Return][zJ0+lCEKR9ViNuV2svCdFg==]
D/S4URC   ( 3701): [SDK] [android.content.ContextWrapper][getSharedPreferences] [File][com.jqepef.edrydg_preferences.xml] [MODE][MODE_PRIVATE] [Method][putString] [Key][KTG81sSjZqvKo7LXRs0+R1OcEkazrNv6w297XBpYnVs=] [Value][GztCWhrkP6xbJicxFQiPaA==:kpdpWoWPpSiW4khW0kQuiju7fRsynLiGbooIiSLXy1U=:zJ0+lCEKR9ViNuV2svCdFg==]
D/S4URC   ( 3701): [SDK] [java.io.File] [exists] [FilePath][String] [/data/data/com.jqepef.edrydg/shared_prefs/com.jqepef.edrydg_preferences.xml]
D/S4URC   ( 3701): [SDK] [java.io.File] [exists] [FilePath][String] [/data/data/com.jqepef.edrydg/shared_prefs/com.jqepef.edrydg_preferences.xml.bak]
D/S4URC   ( 3701): [SDK] [java.io.File] [renameTo] [FilePath][String] [/data/data/com.jqepef.edrydg/shared_prefs/com.jqepef.edrydg_preferences.xml] [DesFile][/data/data/com.jqepef.edrydg/shared_prefs/com.jqepef.edrydg_preferences.xml.bak]
D/S4URC   ( 3701): [SDK] [java.io.File] [getPath] [FilePath][String] [/data/data/com.jqepef.edrydg/shared_prefs/com.jqepef.edrydg_preferences.xml]
D/S4URC   ( 3701): [SDK] [java.io.File] [delete] [FilePath][String] [/data/data/com.jqepef.edrydg/shared_prefs/com.jqepef.edrydg_preferences.xml.bak]
D/S4URC   ( 3701): [SDK] [android.content.ContextWrapper] [registerReceiver][IntentFilter][android.net.conn.CONNECTIVITY_CHANGE,android.net.wifi.WIFI_STATE_CHANGED,
D/S4URC   ( 3701): [SDK] [java.lang.Class] [forName] [FindClass][String] [java.lang.Thread]
D/S4URC   ( 3701): [SDK] [java.lang.Class] [forName] [FindClass][String] [java.lang.String]
D/S4URC   ( 3701): [SDK] [java.lang.Class] [forName] [FindClass][String] [java.lang.StackTraceElement]
D/S4URC   ( 3701): [SDK] [android.content.ContextWrapper] [registerReceiver][IntentFilter][android.provider.Telephony.SMS_RECEIVED,
D/S4URC   ( 3701): [SDK] [android.content.ContextWrapper][getSharedPreferences] [File][com.jqepef.edrydg_preferences.xml] [MODE][MODE_PRIVATE]
D/S4URC   ( 3701): [SDK] [android.content.ContextWrapper] [registerReceiver][IntentFilter][android.intent.action.SCREEN_ON,android.intent.action.SCREEN_OFF,
D/S4URC   ( 3701): [SDK] [javax.crypto.spec.PBEKeySpec][Constructor] [Password][com.jqepef.edrydg] [Salt][unknown]
D/S4URC   ( 3701): [SDK] [java.lang.Class] [forName] [FindClass][String] [android.net.NetworkInfo]
D/S4URC   ( 3701): [SDK] [android.content.ContextWrapper][getSharedPreferences] [File][com.jqepef.edrydg_preferences.xml] [MODE][MODE_PRIVATE]
D/S4URC   ( 3701): [SDK] [javax.crypto.spec.PBEKeySpec][Constructor] [Password][com.jqepef.edrydg] [Salt][unknown]
D/S4URC   ( 3577): [SDK] [java.io.File] [Constructor] [FilePath][String] [/data/data/com.jqepef.edrydg/files/Mint-lastsavedfile]
D/S4URC   ( 3577): [SDK] [java.io.File] [getPath] [FilePath][String] [/data/data/com.jqepef.edrydg/files/Mint-lastsavedfile]
D/S4URC   ( 3577): [NDK] [SYSCALL] [open] [PATH][string] [/data/data/com.jqepef.edrydg/files/Mint-lastsavedfile] [RETURN][int] [22]
D/S4URC   ( 3577): [SDK] [java.io.File] [Constructor] [FilePath][String] [/data/data/com.jqepef.edrydg/files/MintSavedData-1-1529449598526.json]
D/S4URC   ( 3577): [NDK] [SYSCALL] [stat] [PATH][string] [/data/data/com.jqepef.edrydg/files/MintSavedData-1-1529449598526.json]
D/S4URC   ( 3577): [SDK] [java.io.File] [exists] [FilePath][String] [/data/data/com.jqepef.edrydg/files/MintSavedData-1-1529449598526.json]
D/S4URC   ( 3577): [NDK] [SYSCALL] [access] [PATH][string] [/data/data/com.jqepef.edrydg/files/MintSavedData-1-1529449598526.json]
D/S4URC   ( 3577): [SDK] [java.io.File] [getPath] [FilePath][String] [/data/data/com.jqepef.edrydg/files/MintSavedData-1-1529449598526.json]
D/S4URC   ( 3577): [NDK] [SYSCALL] [open] [PATH][string] [/data/data/com.jqepef.edrydg/files/MintSavedData-1-1529449598526.json] [RETURN][int] [22]
D/S4URC   ( 3577): [SDK] [java.io.File] [getName] [FilePath][String] [/data/data/com.jqepef.edrydg/files/MintSavedData-1-1529449598526.json]
D/S4URC   ( 3577): [SDK] [java.io.File] [Constructor] [FilePath][String] [/data/data/com.jqepef.edrydg/files/Mint-lastsavedfile]
D/S4URC   ( 3577): [SDK] [java.io.File] [exists] [FilePath][String] [/data/data/com.jqepef.edrydg/files/Mint-lastsavedfile]
D/S4URC   ( 3577): [NDK] [SYSCALL] [access] [PATH][string] [/data/data/com.jqepef.edrydg/files/Mint-lastsavedfile]
D/S4URC   ( 3577): [SDK] [java.io.File] [getPath] [FilePath][String] [/data/data/com.jqepef.edrydg/files/Mint-lastsavedfile]
D/S4URC   ( 3577): [NDK] [SYSCALL] [open] [PATH][string] [/data/data/com.jqepef.edrydg/files/Mint-lastsavedfile] [RETURN][int] [18]
D/S4URC   ( 3577): [SDK] [java.io.File] [Constructor] [FilePath][String] [/system/app/Superuser.apk]
D/S4URC   ( 3577): [SDK] [java.io.File] [exists] [FilePath][String] [/system/app/Superuser.apk]
D/S4URC   ( 3577): [NDK] [SYSCALL] [access] [PATH][string] [/system/app/Superuser.apk]
D/S4URC   ( 3577): [SDK] [java.lang.Runtime] [exec] [Command][String] [/system/xbin/whichsu]
D/S4URC   ( 3926): [NDK] [SYSCALL] [getdents] [PATH][string] [.]
D/S4URC   ( 3577): [SDK] [android.telephony.TelephonyManager] [getLine1Number]
D/S4URC   ( 3577): [SDK] [android.telephony.TelephonyManager] [getSubscriberId]
D/S4URC   ( 3577): [SDK] [android.app.ApplicationPackageManager] [getPackageInfo] [FindPackageName][String] [com.jqepef.edrydg]
D/S4URC   ( 3577): [SDK] [android.content.ContextWrapper][getSharedPreferences] [File][Preferences.xml] [MODE][MODE_PRIVATE] [Method][getString] [String][mobile] [Return][null]
D/S4URC   ( 3577): [SDK] [android.content.ContextWrapper][getSharedPreferences] [File][Preferences.xml] [MODE][MODE_PRIVATE] [Method][getString] [String][agent] [Return][Dalvik/2.1.0 (Linux; U; Android 5.1.1; galaxys5 Build/LMY49J)]
D/S4URC   ( 3701): [SDK] [android.content.ContextWrapper][getSharedPreferences] [File][com.jqepef.edrydg_preferences.xml] [MODE][MODE_PRIVATE] [Method][getString] [String][/sArw5T39EFXMYim/iTaU+WZdVuv7NcahsQK1puBnSY=] [Return][lYflyJ2rpzbti9c9IxLXkw==:c4ejiTbH6m5w807s0ZmhQYbT8qfXN8Nvwk7QeNSuRlI=]
D/S4URC   ( 3701): [SDK] [android.content.ContextWrapper][getSharedPreferences] [File][com.jqepef.edrydg_preferences.xml] [MODE][MODE_PRIVATE] [Method][getString] [String][RJLlwrHbab/nlP+fp/Rx4lGZTFlUIrCnqrFdHoZub+s=] [Return][null]
D/S4URC   ( 3701): [SDK] [java.lang.Class] [forName] [FindClass][String] [java.lang.Thread]
D/S4URC   ( 3701): [SDK] [java.lang.Class] [forName] [FindClass][String] [java.lang.String]
D/S4URC   ( 3701): [SDK] [java.lang.Class] [forName] [FindClass][String] [java.lang.StackTraceElement]
D/S4URC   ( 3701): [SDK] [android.content.ContextWrapper][getSharedPreferences] [File][com.jqepef.edrydg_preferences.xml] [MODE][MODE_PRIVATE]
D/S4URC   ( 3701): [SDK] [javax.crypto.spec.SecretKeySpec][Constructor] [KEY][c4ejiTbH6m5w807s0ZmhQYbT8qfXN8Nvwk7QeNSuRlI=][type][HmacSHA256][javax.crypto.spec.PBEKeySpec][Constructor] [Password][com.jqepef.edrydg] [Salt][unknown]
D/S4URC   ( 3701): [SDK] [android.content.ContextWrapper][getSharedPreferences] [File][com.jqepef.edrydg_preferences.xml] [MODE][MODE_PRIVATE] [Method][getString] [String][/sArw5T39EFXMYim/iTaU+WZdVuv7NcahsQK1puBnSY=] [Return][lYflyJ2rpzbti9c9IxLXkw==:c4ejiTbH6m5w807s0ZmhQYbT8qfXN8Nvwk7QeNSuRlI=]
D/S4URC   ( 3701): [SDK] [android.content.ContextWrapper][getSharedPreferences] [File][com.jqepef.edrydg_preferences.xml] [MODE][MODE_PRIVATE] [Method][getString] [String][ChSYRKfJ9M/5SL85gz/MVCnOIyXkPWs4c6IqdulW5HA=] [Return][null]
D/S4URC   ( 3701): [SDK] [android.content.ContextWrapper][getSharedPreferences] [File][com.jqepef.edrydg_preferences.xml] [MODE][MODE_PRIVATE]
D/S4URC   ( 3701): [SDK] [javax.crypto.spec.SecretKeySpec][Constructor] [KEY][c4ejiTbH6m5w807s0ZmhQYbT8qfXN8Nvwk7QeNSuRlI=][type][HmacSHA256][javax.crypto.spec.PBEKeySpec][Constructor] [Password][com.jqepef.edrydg] [Salt][unknown]
D/S4URC   ( 3701): [SDK] [android.telephony.TelephonyManager] [getSubscriberId]
D/S4URC   ( 3701): [SDK] [java.io.File] [getPath] [FilePath][String] [/data/data/com.jqepef.edrydg]
D/S4URC   ( 3701): [SDK] [java.io.File] [exists] [FilePath][String] [/data/data/com.jqepef.edrydg/files]
D/S4URC   ( 3701): [SDK] [java.io.File] [getPath] [FilePath][String] [/data/data/com.jqepef.edrydg/files]
D/S4URC   ( 3701): [SDK] [java.io.File] [exists] [FilePath][String] [/data/data/com.jqepef.edrydg/files/proxyinstallation]
D/S4URC   ( 3701): [SDK] [java.io.File] [getPath] [FilePath][String] [/data/data/com.jqepef.edrydg/files/proxyinstallation]
D/S4URC   ( 3701): [SDK] [java.lang.Class] [forName] [FindClass][String] [java.lang.Thread]
D/S4URC   ( 3701): [SDK] [java.lang.Class] [forName] [FindClass][String] [java.lang.String]
D/S4URC   ( 3701): [SDK] [java.lang.Class] [forName] [FindClass][String] [java.lang.StackTraceElement]
D/S4URC   ( 3701): [SDK] [java.lang.Class] [forName] [FindClass][String] [com.android.okhttp.HttpHandler]
D/S4URC   ( 3701): [SDK] [java.lang.Class] [forName] [FindClass][String] [com.android.org.conscrypt.OpenSSLContextImpl]
D/S4URC   ( 3701): [SDK] [java.net] [HttpURLConnection] [URL][String] [http://mobproxy7.com:1010/hlog]
D/S4URC   ( 3701): [SDK] [java.net] [HttpURLConnection] [Request][Method] [POST] [URL][String] [http://mobproxy7.com:1010/hlog]
D/S4URC   ( 3577): [SDK] [java.lang.Class] [forName] [FindClass][String] [java.net.PlainSocketImpl]
D/S4URC   ( 3577): [NDK] [SYSCALL] [socket] [TYPE][string] [TCP]
D/S4URC   ( 3701): [SDK] [java.lang.Class] [forName] [FindClass][String] [java.net.PlainSocketImpl]
D/S4URC   ( 3701): [SDK] [android.content.ContextWrapper][getSharedPreferences] [File][com.jqepef.edrydg_preferences.xml] [MODE][MODE_PRIVATE] [Method][getString] [String][/sArw5T39EFXMYim/iTaU+WZdVuv7NcahsQK1puBnSY=] [Return][lYflyJ2rpzbti9c9IxLXkw==:c4ejiTbH6m5w807s0ZmhQYbT8qfXN8Nvwk7QeNSuRlI=]
D/S4URC   ( 3701): [SDK] [android.content.ContextWrapper][getSharedPreferences] [File][com.jqepef.edrydg_preferences.xml] [MODE][MODE_PRIVATE] [Method][getString] [String][8v+DhgpNwgOYjtGiK6HyEjfwSr29DEyVEQPPvtEh3ng=] [Return][0v/K3YdFFKn0MtmPKCrH/w==:iBaNuMuriNFjdsbtDRkYAacat7jDatcPsg1HFzDbyd4=:0ESw1ieYVroj9Cpao+sW5w==]
D/S4URC   ( 3701): [SDK] [javax.crypto.spec.SecretKeySpec][Constructor] [KEY][c4ejiTbH6m5w807s0ZmhQYbT8qfXN8Nvwk7QeNSuRlI=][type][HmacSHA256][javax.crypto.Cipher][getInstance] [Cipher][AES/CBC/PKCS5Padding] [javax.crypto.spec.IvParameterSpec][Constructor] [IV][0v/K3YdFFKn0MtmPKCrH/w==] [javax.crypto.Cipher][doFinal] [Data][0ESw1ieYVroj9Cpao+sW5w==] [Return][mobproxy7.com]
D/S4URC   ( 3701): [SDK] [java.net] [HttpURLConnection] [URL][String] [http://mobproxy7.com:1010/speedtest/download?size=153600]
D/S4URC   ( 3701): [SDK] [java.lang.Class] [forName] [FindClass][String] [java.net.PlainSocketImpl]
D/S4URC   ( 3701): [SDK] [android.content.ContextWrapper][getSharedPreferences] [File][com.jqepef.edrydg_preferences.xml] [MODE][MODE_PRIVATE] [Method][getString] [String][/sArw5T39EFXMYim/iTaU+WZdVuv7NcahsQK1puBnSY=] [Return][lYflyJ2rpzbti9c9IxLXkw==:c4ejiTbH6m5w807s0ZmhQYbT8qfXN8Nvwk7QeNSuRlI=]
D/S4URC   ( 3701): [SDK] [javax.crypto.spec.SecretKeySpec][Constructor] [KEY][c4ejiTbH6m5w807s0ZmhQYbT8qfXN8Nvwk7QeNSuRlI=][type][HmacSHA256][javax.crypto.Cipher][getInstance] [Cipher][AES/CBC/PKCS5Padding] [javax.crypto.spec.IvParameterSpec][Constructor] [IV][Wb/PuXBxc1oU73PI1iUcZQ==] [javax.crypto.Cipher][doFinal] [Data][wifi] [Return][mKSxIEC6WfQOMH5KG7SPbA==]
D/S4URC   ( 3701): [SDK] [android.content.ContextWrapper][getSharedPreferences] [File][com.jqepef.edrydg_preferences.xml] [MODE][MODE_PRIVATE] [Method][putString] [Key][U4MtfPuW7rf9SdxK63zZkoBxILgr1kkeKs1U4phIXoQ=] [Value][Wb/PuXBxc1oU73PI1iUcZQ==:0zb6ZjdHKgqtlfl7zpEj6maH7Kp2lZjeaVFYTQqaDR0=:mKSxIEC6WfQOMH5KG7SPbA==]
D/S4URC   ( 3701): [SDK] [java.io.File] [exists] [FilePath][String] [/data/data/com.jqepef.edrydg/shared_prefs/com.jqepef.edrydg_preferences.xml]
D/S4URC   ( 3701): [SDK] [java.io.File] [exists] [FilePath][String] [/data/data/com.jqepef.edrydg/shared_prefs/com.jqepef.edrydg_preferences.xml.bak]
D/S4URC   ( 3701): [SDK] [java.io.File] [renameTo] [FilePath][String] [/data/data/com.jqepef.edrydg/shared_prefs/com.jqepef.edrydg_preferences.xml] [DesFile][/data/data/com.jqepef.edrydg/shared_prefs/com.jqepef.edrydg_preferences.xml.bak]
D/S4URC   ( 3701): [SDK] [java.io.File] [getPath] [FilePath][String] [/data/data/com.jqepef.edrydg/shared_prefs/com.jqepef.edrydg_preferences.xml]
D/S4URC   ( 3701): [SDK] [java.io.File] [delete] [FilePath][String] [/data/data/com.jqepef.edrydg/shared_prefs/com.jqepef.edrydg_preferences.xml.bak]
D/S4URC   ( 3701): [SDK] [android.content.ContextWrapper][getSharedPreferences] [File][com.jqepef.edrydg_preferences.xml] [MODE][MODE_PRIVATE] [Method][commit]
D/S4URC   ( 3577): [SDK] [java.io.File] [Constructor] [FilePath][String] [/data/data/com.jqepef.edrydg/files/Mint-lastsavedfile]
D/S4URC   ( 3577): [SDK] [java.io.File] [getPath] [FilePath][String] [/data/data/com.jqepef.edrydg/files/Mint-lastsavedfile]
D/S4URC   ( 3577): [NDK] [SYSCALL] [open] [PATH][string] [/data/data/com.jqepef.edrydg/files/Mint-lastsavedfile] [RETURN][int] [19]
D/S4URC   ( 3577): [SDK] [java.io.File] [Constructor] [FilePath][String] [/data/data/com.jqepef.edrydg/files/MintSavedData-1-1529449598526.json]
D/S4URC   ( 3577): [NDK] [SYSCALL] [stat] [PATH][string] [/data/data/com.jqepef.edrydg/files/MintSavedData-1-1529449598526.json]
D/S4URC   ( 3577): [SDK] [java.io.File] [exists] [FilePath][String] [/data/data/com.jqepef.edrydg/files/MintSavedData-1-1529449598526.json]
D/S4URC   ( 3577): [NDK] [SYSCALL] [access] [PATH][string] [/data/data/com.jqepef.edrydg/files/MintSavedData-1-1529449598526.json]
D/S4URC   ( 3577): [SDK] [java.io.File] [getPath] [FilePath][String] [/data/data/com.jqepef.edrydg/files/MintSavedData-1-1529449598526.json]
D/S4URC   ( 3577): [NDK] [SYSCALL] [open] [PATH][string] [/data/data/com.jqepef.edrydg/files/MintSavedData-1-1529449598526.json] [RETURN][int] [19]
D/S4URC   ( 3577): [SDK] [java.io.File] [getName] [FilePath][String] [/data/data/com.jqepef.edrydg/files/MintSavedData-1-1529449598526.json]
D/S4URC   ( 3577): [SDK] [java.io.File] [Constructor] [FilePath][String] [/data/data/com.jqepef.edrydg/files/Mint-lastsavedfile]
D/S4URC   ( 3577): [SDK] [java.io.File] [exists] [FilePath][String] [/data/data/com.jqepef.edrydg/files/Mint-lastsavedfile]
D/S4URC   ( 3577): [NDK] [SYSCALL] [access] [PATH][string] [/data/data/com.jqepef.edrydg/files/Mint-lastsavedfile]
D/S4URC   ( 3577): [SDK] [java.io.File] [getPath] [FilePath][String] [/data/data/com.jqepef.edrydg/files/Mint-lastsavedfile]
D/S4URC   ( 3577): [NDK] [SYSCALL] [open] [PATH][string] [/data/data/com.jqepef.edrydg/files/Mint-lastsavedfile] [RETURN][int] [18]
D/S4URC   ( 3577): [SDK] [java.io.File] [Constructor] [FilePath][String] [/system/app/Superuser.apk]
D/S4URC   ( 3577): [SDK] [java.io.File] [exists] [FilePath][String] [/system/app/Superuser.apk]
D/S4URC   ( 3577): [NDK] [SYSCALL] [access] [PATH][string] [/system/app/Superuser.apk]
D/S4URC   ( 3577): [SDK] [java.lang.Runtime] [exec] [Command][String] [/system/xbin/whichsu]
D/S4URC   ( 3988): [NDK] [SYSCALL] [getdents] [PATH][string] [.]
D/S4URC   ( 3577): [SDK] [android.telephony.TelephonyManager] [getLine1Number]
D/S4URC   ( 3577): [SDK] [android.telephony.TelephonyManager] [getSubscriberId]
D/S4URC   ( 3577): [SDK] [android.app.ApplicationPackageManager] [getPackageInfo] [FindPackageName][String] [com.jqepef.edrydg]
D/S4URC   ( 3577): [SDK] [android.content.ContextWrapper][getSharedPreferences] [File][Preferences.xml] [MODE][MODE_PRIVATE] [Method][getString] [String][mobile] [Return][null]
D/S4URC   ( 3577): [SDK] [android.content.ContextWrapper][getSharedPreferences] [File][Preferences.xml] [MODE][MODE_PRIVATE] [Method][getString] [String][agent] [Return][Dalvik/2.1.0 (Linux; U; Android 5.1.1; galaxys5 Build/LMY49J)]
D/S4URC   ( 3701): [SDK] [java.io.File] [Constructor] [FilePath][String] [/data/data/com.jqepef.edrydg/files/Mint-lastsavedfile]
D/S4URC   ( 3701): [SDK] [java.io.File] [getPath] [FilePath][String] [/data/data/com.jqepef.edrydg/files/Mint-lastsavedfile]
D/S4URC   ( 3701): [SDK] [java.io.File] [Constructor] [FilePath][String] [/data/data/com.jqepef.edrydg/files/MintSavedData-1-1529449598526.json]
D/S4URC   ( 3701): [SDK] [java.io.File] [exists] [FilePath][String] [/data/data/com.jqepef.edrydg/files/MintSavedData-1-1529449598526.json]
D/S4URC   ( 3701): [SDK] [java.io.File] [getPath] [FilePath][String] [/data/data/com.jqepef.edrydg/files/MintSavedData-1-1529449598526.json]
D/S4URC   ( 3701): [SDK] [java.io.File] [getName] [FilePath][String] [/data/data/com.jqepef.edrydg/files/MintSavedData-1-1529449598526.json]
D/S4URC   ( 3701): [SDK] [java.io.File] [Constructor] [FilePath][String] [/data/data/com.jqepef.edrydg/files/Mint-lastsavedfile]
D/S4URC   ( 3701): [SDK] [java.io.File] [exists] [FilePath][String] [/data/data/com.jqepef.edrydg/files/Mint-lastsavedfile]
D/S4URC   ( 3701): [SDK] [java.io.File] [getPath] [FilePath][String] [/data/data/com.jqepef.edrydg/files/Mint-lastsavedfile]
D/S4URC   ( 3577): [SDK] [java.lang.Class] [forName] [FindClass][String] [java.net.PlainSocketImpl]
D/S4URC   ( 3577): [NDK] [SYSCALL] [socket] [TYPE][string] [TCP]
D/S4URC   ( 3701): [SDK] [java.io.File] [Constructor] [FilePath][String] [/data/data/com.jqepef.edrydg/files/Mint-lastsavedfile]
D/S4URC   ( 3701): [SDK] [java.io.File] [getPath] [FilePath][String] [/data/data/com.jqepef.edrydg/files/Mint-lastsavedfile]
D/S4URC   ( 3701): [SDK] [java.io.File] [Constructor] [FilePath][String] [/data/data/com.jqepef.edrydg/files/MintSavedData-1-1529449598526.json]
D/S4URC   ( 3701): [SDK] [java.io.File] [exists] [FilePath][String] [/data/data/com.jqepef.edrydg/files/MintSavedData-1-1529449598526.json]
D/S4URC   ( 3701): [SDK] [java.io.File] [getPath] [FilePath][String] [/data/data/com.jqepef.edrydg/files/MintSavedData-1-1529449598526.json]
D/S4URC   ( 3701): [SDK] [java.io.File] [getName] [FilePath][String] [/data/data/com.jqepef.edrydg/files/MintSavedData-1-1529449598526.json]
D/S4URC   ( 3701): [SDK] [java.io.File] [Constructor] [FilePath][String] [/data/data/com.jqepef.edrydg/files/Mint-lastsavedfile]
D/S4URC   ( 3701): [SDK] [java.io.File] [exists] [FilePath][String] [/data/data/com.jqepef.edrydg/files/Mint-lastsavedfile]
D/S4URC   ( 3701): [SDK] [java.io.File] [getPath] [FilePath][String] [/data/data/com.jqepef.edrydg/files/Mint-lastsavedfile]
D/S4URC   ( 3701): [SDK] [android.content.ContextWrapper][getSharedPreferences] [File][com.jqepef.edrydg_preferences.xml] [MODE][MODE_PRIVATE]
D/S4URC   ( 3701): [SDK] [javax.crypto.spec.PBEKeySpec][Constructor] [Password][com.jqepef.edrydg] [Salt][unknown]
D/S4URC   ( 3577): [SDK] [java.io.File] [Constructor] [FilePath][String] [/data/data/com.jqepef.edrydg/files/Mint-lastsavedfile]
D/S4URC   ( 3577): [SDK] [java.io.File] [getPath] [FilePath][String] [/data/data/com.jqepef.edrydg/files/Mint-lastsavedfile]
D/S4URC   ( 3577): [NDK] [SYSCALL] [open] [PATH][string] [/data/data/com.jqepef.edrydg/files/Mint-lastsavedfile] [RETURN][int] [22]
D/S4URC   ( 3577): [SDK] [java.io.File] [Constructor] [FilePath][String] [/data/data/com.jqepef.edrydg/files/MintSavedData-1-1529449598526.json]
D/S4URC   ( 3577): [NDK] [SYSCALL] [stat] [PATH][string] [/data/data/com.jqepef.edrydg/files/MintSavedData-1-1529449598526.json]
D/S4URC   ( 3577): [SDK] [java.io.File] [exists] [FilePath][String] [/data/data/com.jqepef.edrydg/files/MintSavedData-1-1529449598526.json]
D/S4URC   ( 3577): [NDK] [SYSCALL] [access] [PATH][string] [/data/data/com.jqepef.edrydg/files/MintSavedData-1-1529449598526.json]
D/S4URC   ( 3577): [SDK] [java.io.File] [getPath] [FilePath][String] [/data/data/com.jqepef.edrydg/files/MintSavedData-1-1529449598526.json]
D/S4URC   ( 3577): [NDK] [SYSCALL] [open] [PATH][string] [/data/data/com.jqepef.edrydg/files/MintSavedData-1-1529449598526.json] [RETURN][int] [22]
D/S4URC   ( 3577): [SDK] [java.io.File] [getName] [FilePath][String] [/data/data/com.jqepef.edrydg/files/MintSavedData-1-1529449598526.json]
D/S4URC   ( 3577): [SDK] [java.io.File] [Constructor] [FilePath][String] [/data/data/com.jqepef.edrydg/files/Mint-lastsavedfile]
D/S4URC   ( 3577): [SDK] [java.io.File] [exists] [FilePath][String] [/data/data/com.jqepef.edrydg/files/Mint-lastsavedfile]
D/S4URC   ( 3577): [NDK] [SYSCALL] [access] [PATH][string] [/data/data/com.jqepef.edrydg/files/Mint-lastsavedfile]
D/S4URC   ( 3577): [SDK] [java.io.File] [getPath] [FilePath][String] [/data/data/com.jqepef.edrydg/files/Mint-lastsavedfile]
D/S4URC   ( 3577): [NDK] [SYSCALL] [open] [PATH][string] [/data/data/com.jqepef.edrydg/files/Mint-lastsavedfile] [RETURN][int] [18]
D/S4URC   ( 3577): [SDK] [java.io.File] [Constructor] [FilePath][String] [/system/app/Superuser.apk]
D/S4URC   ( 3577): [SDK] [java.io.File] [exists] [FilePath][String] [/system/app/Superuser.apk]
D/S4URC   ( 3577): [NDK] [SYSCALL] [access] [PATH][string] [/system/app/Superuser.apk]
D/S4URC   ( 3577): [SDK] [java.lang.Runtime] [exec] [Command][String] [/system/xbin/whichsu]
D/S4URC   ( 4008): [NDK] [SYSCALL] [getdents] [PATH][string] [.]
D/S4URC   ( 3577): [SDK] [android.telephony.TelephonyManager] [getLine1Number]
D/S4URC   ( 3577): [SDK] [android.telephony.TelephonyManager] [getSubscriberId]
D/S4URC   ( 3577): [SDK] [android.app.ApplicationPackageManager] [getPackageInfo] [FindPackageName][String] [com.jqepef.edrydg]
D/S4URC   ( 3577): [SDK] [android.content.ContextWrapper][getSharedPreferences] [File][Preferences.xml] [MODE][MODE_PRIVATE] [Method][getString] [String][mobile] [Return][null]
D/S4URC   ( 3577): [SDK] [android.content.ContextWrapper][getSharedPreferences] [File][Preferences.xml] [MODE][MODE_PRIVATE] [Method][getString] [String][agent] [Return][Dalvik/2.1.0 (Linux; U; Android 5.1.1; galaxys5 Build/LMY49J)]
D/S4URC   ( 3701): [SDK] [android.content.ContextWrapper][getSharedPreferences] [File][com.jqepef.edrydg_preferences.xml] [MODE][MODE_PRIVATE] [Method][getString] [String][/sArw5T39EFXMYim/iTaU+WZdVuv7NcahsQK1puBnSY=] [Return][lYflyJ2rpzbti9c9IxLXkw==:c4ejiTbH6m5w807s0ZmhQYbT8qfXN8Nvwk7QeNSuRlI=]
D/S4URC   ( 3701): [SDK] [android.content.ContextWrapper][getSharedPreferences] [File][com.jqepef.edrydg_preferences.xml] [MODE][MODE_PRIVATE] [Method][getString] [String][8v+DhgpNwgOYjtGiK6HyEjfwSr29DEyVEQPPvtEh3ng=] [Return][0v/K3YdFFKn0MtmPKCrH/w==:iBaNuMuriNFjdsbtDRkYAacat7jDatcPsg1HFzDbyd4=:0ESw1ieYVroj9Cpao+sW5w==]
D/S4URC   ( 3701): [SDK] [javax.crypto.spec.SecretKeySpec][Constructor] [KEY][c4ejiTbH6m5w807s0ZmhQYbT8qfXN8Nvwk7QeNSuRlI=][type][HmacSHA256][javax.crypto.Cipher][getInstance] [Cipher][AES/CBC/PKCS5Padding] [javax.crypto.spec.IvParameterSpec][Constructor] [IV][0v/K3YdFFKn0MtmPKCrH/w==] [javax.crypto.Cipher][doFinal] [Data][0ESw1ieYVroj9Cpao+sW5w==] [Return][mobproxy7.com]
D/S4URC   ( 3701): [SDK] [android.content.ContextWrapper][getSharedPreferences] [File][com.jqepef.edrydg_preferences.xml] [MODE][MODE_PRIVATE]
D/S4URC   ( 3701): [SDK] [javax.crypto.spec.PBEKeySpec][Constructor] [Password][com.jqepef.edrydg] [Salt][unknown]
D/S4URC   ( 3577): [SDK] [java.lang.Class] [forName] [FindClass][String] [java.net.PlainSocketImpl]
D/S4URC   ( 3577): [NDK] [SYSCALL] [socket] [TYPE][string] [TCP]
D/S4URC   ( 3701): [SDK] [android.content.ContextWrapper][getSharedPreferences] [File][com.jqepef.edrydg_preferences.xml] [MODE][MODE_PRIVATE] [Method][getString] [String][/sArw5T39EFXMYim/iTaU+WZdVuv7NcahsQK1puBnSY=] [Return][lYflyJ2rpzbti9c9IxLXkw==:c4ejiTbH6m5w807s0ZmhQYbT8qfXN8Nvwk7QeNSuRlI=]
D/S4URC   ( 3701): [SDK] [javax.crypto.spec.SecretKeySpec][Constructor] [KEY][c4ejiTbH6m5w807s0ZmhQYbT8qfXN8Nvwk7QeNSuRlI=][type][HmacSHA256][javax.crypto.Cipher][getInstance] [Cipher][AES/CBC/PKCS5Padding] [javax.crypto.spec.IvParameterSpec][Constructor] [IV][zpMxc3wKMWLAPzkl9T67sg==] [javax.crypto.Cipher][doFinal] [Data][mobproxy.net,mobproxy7.com] [Return][aKEetBlFc1z6OQLLLFVP4CznH5I6bkVqTNclMfIPCKQ=]
D/S4URC   ( 3701): [SDK] [android.content.ContextWrapper][getSharedPreferences] [File][com.jqepef.edrydg_preferences.xml] [MODE][MODE_PRIVATE] [Method][putString] [Key][8v+DhgpNwgOYjtGiK6HyEjfwSr29DEyVEQPPvtEh3ng=] [Value][zpMxc3wKMWLAPzkl9T67sg==:5OSF2GlUuv15kbmkVKcsFRVTwXh1/x/aQknBWAwACzk=:aKEetBlFc1z6OQLLLFVP4CznH5I6bkVqTNclMfIPCKQ=]
D/S4URC   ( 3701): [SDK] [android.content.ContextWrapper][getSharedPreferences] [File][com.jqepef.edrydg_preferences.xml] [MODE][MODE_PRIVATE]
D/S4URC   ( 3701): [SDK] [javax.crypto.spec.PBEKeySpec][Constructor] [Password][com.jqepef.edrydg] [Salt][unknown]
D/S4URC   ( 3701): [SDK] [java.io.File] [exists] [FilePath][String] [/data/data/com.jqepef.edrydg/shared_prefs/com.jqepef.edrydg_preferences.xml]
D/S4URC   ( 3701): [SDK] [java.io.File] [exists] [FilePath][String] [/data/data/com.jqepef.edrydg/shared_prefs/com.jqepef.edrydg_preferences.xml.bak]
D/S4URC   ( 3701): [SDK] [java.io.File] [renameTo] [FilePath][String] [/data/data/com.jqepef.edrydg/shared_prefs/com.jqepef.edrydg_preferences.xml] [DesFile][/data/data/com.jqepef.edrydg/shared_prefs/com.jqepef.edrydg_preferences.xml.bak]
D/S4URC   ( 3701): [SDK] [java.io.File] [getPath] [FilePath][String] [/data/data/com.jqepef.edrydg/shared_prefs/com.jqepef.edrydg_preferences.xml]
D/S4URC   ( 3701): [SDK] [java.io.File] [delete] [FilePath][String] [/data/data/com.jqepef.edrydg/shared_prefs/com.jqepef.edrydg_preferences.xml.bak]
D/S4URC   ( 3701): [SDK] [android.content.ContextWrapper][getSharedPreferences] [File][com.jqepef.edrydg_preferences.xml] [MODE][MODE_PRIVATE] [Method][commit]
D/S4URC   ( 3701):  [Method][getString] [String][/sArw5T39EFXMYim/iTaU+WZdVuv7NcahsQK1puBnSY=] [Return][lYflyJ2rpzbti9c9IxLXkw==:c4ejiTbH6m5w807s0ZmhQYbT8qfXN8Nvwk7QeNSuRlI=]
D/S4URC   ( 3701):  [Method][getString] [String][8v+DhgpNwgOYjtGiK6HyEjfwSr29DEyVEQPPvtEh3ng=] [Return][zpMxc3wKMWLAPzkl9T67sg==:5OSF2GlUuv15kbmkVKcsFRVTwXh1/x/aQknBWAwACzk=:aKEetBlFc1z6OQLLLFVP4CznH5I6bkVqTNclMfIPCKQ=]
D/S4URC   ( 3701): [SDK] [javax.crypto.spec.SecretKeySpec][Constructor] [KEY][c4ejiTbH6m5w807s0ZmhQYbT8qfXN8Nvwk7QeNSuRlI=][type][HmacSHA256][javax.crypto.Cipher][getInstance] [Cipher][AES/CBC/PKCS5Padding] [javax.crypto.spec.IvParameterSpec][Constructor] [IV][zpMxc3wKMWLAPzkl9T67sg==] [javax.crypto.Cipher][doFinal] [Data][aKEetBlFc1z6OQLLLFVP4CznH5I6bkVqTNclMfIPCKQ=] [Return][mobproxy.net,mobproxy7.com]
D/S4URC   ( 3701): [SDK] [android.content.ContextWrapper][getSharedPreferences] [File][com.jqepef.edrydg_preferences.xml] [MODE][MODE_PRIVATE]
D/S4URC   ( 3701): [SDK] [javax.crypto.spec.PBEKeySpec][Constructor] [Password][com.jqepef.edrydg] [Salt][unknown]
D/S4URC   ( 3577): [SDK] [java.io.File] [Constructor] [FilePath][String] [/data/data/com.jqepef.edrydg/files/Mint-lastsavedfile]
D/S4URC   ( 3577): [SDK] [java.io.File] [getPath] [FilePath][String] [/data/data/com.jqepef.edrydg/files/Mint-lastsavedfile]
D/S4URC   ( 3577): [NDK] [SYSCALL] [open] [PATH][string] [/data/data/com.jqepef.edrydg/files/Mint-lastsavedfile] [RETURN][int] [19]
D/S4URC   ( 3577): [SDK] [java.io.File] [Constructor] [FilePath][String] [/data/data/com.jqepef.edrydg/files/MintSavedData-1-1529449598526.json]
D/S4URC   ( 3577): [NDK] [SYSCALL] [stat] [PATH][string] [/data/data/com.jqepef.edrydg/files/MintSavedData-1-1529449598526.json]
D/S4URC   ( 3577): [SDK] [java.io.File] [exists] [FilePath][String] [/data/data/com.jqepef.edrydg/files/MintSavedData-1-1529449598526.json]
D/S4URC   ( 3577): [NDK] [SYSCALL] [access] [PATH][string] [/data/data/com.jqepef.edrydg/files/MintSavedData-1-1529449598526.json]
D/S4URC   ( 3577): [SDK] [java.io.File] [getPath] [FilePath][String] [/data/data/com.jqepef.edrydg/files/MintSavedData-1-1529449598526.json]
D/S4URC   ( 3577): [NDK] [SYSCALL] [open] [PATH][string] [/data/data/com.jqepef.edrydg/files/MintSavedData-1-1529449598526.json] [RETURN][int] [19]
D/S4URC   ( 3577): [SDK] [java.io.File] [getName] [FilePath][String] [/data/data/com.jqepef.edrydg/files/MintSavedData-1-1529449598526.json]
D/S4URC   ( 3577): [SDK] [java.io.File] [Constructor] [FilePath][String] [/data/data/com.jqepef.edrydg/files/Mint-lastsavedfile]
D/S4URC   ( 3577): [SDK] [java.io.File] [exists] [FilePath][String] [/data/data/com.jqepef.edrydg/files/Mint-lastsavedfile]
D/S4URC   ( 3577): [NDK] [SYSCALL] [access] [PATH][string] [/data/data/com.jqepef.edrydg/files/Mint-lastsavedfile]
D/S4URC   ( 3577): [SDK] [java.io.File] [getPath] [FilePath][String] [/data/data/com.jqepef.edrydg/files/Mint-lastsavedfile]
D/S4URC   ( 3577): [NDK] [SYSCALL] [open] [PATH][string] [/data/data/com.jqepef.edrydg/files/Mint-lastsavedfile] [RETURN][int] [19]
D/S4URC   ( 3577): [SDK] [java.io.File] [Constructor] [FilePath][String] [/system/app/Superuser.apk]
D/S4URC   ( 3577): [SDK] [java.io.File] [exists] [FilePath][String] [/system/app/Superuser.apk]
D/S4URC   ( 3577): [NDK] [SYSCALL] [access] [PATH][string] [/system/app/Superuser.apk]
D/S4URC   ( 3577): [SDK] [java.lang.Runtime] [exec] [Command][String] [/system/xbin/whichsu]
D/S4URC   ( 4028): [NDK] [SYSCALL] [getdents] [PATH][string] [.]
D/S4URC   ( 3577): [SDK] [android.telephony.TelephonyManager] [getLine1Number]
D/S4URC   ( 3577): [SDK] [android.telephony.TelephonyManager] [getSubscriberId]
D/S4URC   ( 3577): [SDK] [android.app.ApplicationPackageManager] [getPackageInfo] [FindPackageName][String] [com.jqepef.edrydg]
D/S4URC   ( 3577): [SDK] [android.content.ContextWrapper][getSharedPreferences] [File][Preferences.xml] [MODE][MODE_PRIVATE] [Method][getString] [String][mobile] [Return][null]
D/S4URC   ( 3577): [SDK] [android.content.ContextWrapper][getSharedPreferences] [File][Preferences.xml] [MODE][MODE_PRIVATE] [Method][getString] [String][agent] [Return][Dalvik/2.1.0 (Linux; U; Android 5.1.1; galaxys5 Build/LMY49J)]
D/S4URC   ( 3577): [SDK] [java.lang.Class] [forName] [FindClass][String] [java.net.PlainSocketImpl]
D/S4URC   ( 3577): [NDK] [SYSCALL] [socket] [TYPE][string] [TCP]
D/S4URC   ( 3577): [SDK] [java.io.File] [Constructor] [FilePath][String] [/data/data/com.jqepef.edrydg/files/Mint-lastsavedfile]
D/S4URC   ( 3577): [SDK] [java.io.File] [getPath] [FilePath][String] [/data/data/com.jqepef.edrydg/files/Mint-lastsavedfile]
D/S4URC   ( 3577): [NDK] [SYSCALL] [open] [PATH][string] [/data/data/com.jqepef.edrydg/files/Mint-lastsavedfile] [RETURN][int] [22]
D/S4URC   ( 3577): [SDK] [java.io.File] [Constructor] [FilePath][String] [/data/data/com.jqepef.edrydg/files/MintSavedData-1-1529449598526.json]
D/S4URC   ( 3577): [NDK] [SYSCALL] [stat] [PATH][string] [/data/data/com.jqepef.edrydg/files/MintSavedData-1-1529449598526.json]
D/S4URC   ( 3577): [SDK] [java.io.File] [exists] [FilePath][String] [/data/data/com.jqepef.edrydg/files/MintSavedData-1-1529449598526.json]
D/S4URC   ( 3577): [NDK] [SYSCALL] [access] [PATH][string] [/data/data/com.jqepef.edrydg/files/MintSavedData-1-1529449598526.json]
D/S4URC   ( 3577): [SDK] [java.io.File] [getPath] [FilePath][String] [/data/data/com.jqepef.edrydg/files/MintSavedData-1-1529449598526.json]
D/S4URC   ( 3577): [NDK] [SYSCALL] [open] [PATH][string] [/data/data/com.jqepef.edrydg/files/MintSavedData-1-1529449598526.json] [RETURN][int] [22]
D/S4URC   ( 3577): [SDK] [java.io.File] [getName] [FilePath][String] [/data/data/com.jqepef.edrydg/files/MintSavedData-1-1529449598526.json]
D/S4URC   ( 3577): [SDK] [java.io.File] [Constructor] [FilePath][String] [/data/data/com.jqepef.edrydg/files/Mint-lastsavedfile]
D/S4URC   ( 3577): [SDK] [java.io.File] [exists] [FilePath][String] [/data/data/com.jqepef.edrydg/files/Mint-lastsavedfile]
D/S4URC   ( 3577): [NDK] [SYSCALL] [access] [PATH][string] [/data/data/com.jqepef.edrydg/files/Mint-lastsavedfile]
D/S4URC   ( 3577): [SDK] [java.io.File] [getPath] [FilePath][String] [/data/data/com.jqepef.edrydg/files/Mint-lastsavedfile]
D/S4URC   ( 3577): [NDK] [SYSCALL] [open] [PATH][string] [/data/data/com.jqepef.edrydg/files/Mint-lastsavedfile] [RETURN][int] [22]
D/S4URC   ( 3577): [SDK] [java.io.File] [Constructor] [FilePath][String] [/system/app/Superuser.apk]
D/S4URC   ( 3577): [SDK] [java.io.File] [exists] [FilePath][String] [/system/app/Superuser.apk]
D/S4URC   ( 3577): [NDK] [SYSCALL] [access] [PATH][string] [/system/app/Superuser.apk]
D/S4URC   ( 3577): [SDK] [java.lang.Runtime] [exec] [Command][String] [/system/xbin/whichsu]
D/S4URC   ( 4032): [NDK] [SYSCALL] [getdents] [PATH][string] [.]
D/S4URC   ( 3577): [SDK] [android.telephony.TelephonyManager] [getLine1Number]
D/S4URC   ( 3701): [SDK] [android.content.ContextWrapper][getSharedPreferences] [File][com.jqepef.edrydg_preferences.xml] [MODE][MODE_PRIVATE] [Method][getString] [String][/sArw5T39EFXMYim/iTaU+WZdVuv7NcahsQK1puBnSY=] [Return][lYflyJ2rpzbti9c9IxLXkw==:c4ejiTbH6m5w807s0ZmhQYbT8qfXN8Nvwk7QeNSuRlI=]
D/S4URC   ( 3701): [SDK] [android.content.ContextWrapper][getSharedPreferences] [File][com.jqepef.edrydg_preferences.xml] [MODE][MODE_PRIVATE] [Method][getString] [String][KTG81sSjZqvKo7LXRs0+R1OcEkazrNv6w297XBpYnVs=] [Return][GztCWhrkP6xbJicxFQiPaA==:kpdpWoWPpSiW4khW0kQuiju7fRsynLiGbooIiSLXy1U=:zJ0+lCEKR9ViNuV2svCdFg==]
D/S4URC   ( 3701): [SDK] [javax.crypto.spec.SecretKeySpec][Constructor] [KEY][c4ejiTbH6m5w807s0ZmhQYbT8qfXN8Nvwk7QeNSuRlI=][type][HmacSHA256][javax.crypto.Cipher][getInstance] [Cipher][AES/CBC/PKCS5Padding] [javax.crypto.spec.IvParameterSpec][Constructor] [IV][GztCWhrkP6xbJicxFQiPaA==] [javax.crypto.Cipher][doFinal] [Data][zJ0+lCEKR9ViNuV2svCdFg==] [Return][-1]
D/S4URC   ( 3701): [SDK] [android.content.ContextWrapper][getSharedPreferences] [File][com.jqepef.edrydg_preferences.xml] [MODE][MODE_PRIVATE]
D/S4URC   ( 3701): [SDK] [javax.crypto.spec.PBEKeySpec][Constructor] [Password][com.jqepef.edrydg] [Salt][unknown]
D/S4URC   ( 3577): [SDK] [android.telephony.TelephonyManager] [getSubscriberId]
D/S4URC   ( 3577): [SDK] [android.app.ApplicationPackageManager] [getPackageInfo] [FindPackageName][String] [com.jqepef.edrydg]
D/S4URC   ( 3577): [SDK] [android.content.ContextWrapper][getSharedPreferences] [File][Preferences.xml] [MODE][MODE_PRIVATE] [Method][getString] [String][mobile] [Return][null]
D/S4URC   ( 3577): [SDK] [android.content.ContextWrapper][getSharedPreferences] [File][Preferences.xml] [MODE][MODE_PRIVATE] [Method][getString] [String][agent] [Return][Dalvik/2.1.0 (Linux; U; Android 5.1.1; galaxys5 Build/LMY49J)]
D/S4URC   ( 3577): [SDK] [java.lang.Class] [forName] [FindClass][String] [java.net.PlainSocketImpl]
D/S4URC   ( 3577): [NDK] [SYSCALL] [socket] [TYPE][string] [TCP]
D/S4URC   ( 3577): [SDK] [java.io.File] [Constructor] [FilePath][String] [/data/data/com.jqepef.edrydg/files/Mint-lastsavedfile]
D/S4URC   ( 3577): [SDK] [java.io.File] [getPath] [FilePath][String] [/data/data/com.jqepef.edrydg/files/Mint-lastsavedfile]
D/S4URC   ( 3577): [NDK] [SYSCALL] [open] [PATH][string] [/data/data/com.jqepef.edrydg/files/Mint-lastsavedfile] [RETURN][int] [19]
D/S4URC   ( 3577): [SDK] [java.io.File] [Constructor] [FilePath][String] [/data/data/com.jqepef.edrydg/files/MintSavedData-1-1529449598526.json]
D/S4URC   ( 3577): [NDK] [SYSCALL] [stat] [PATH][string] [/data/data/com.jqepef.edrydg/files/MintSavedData-1-1529449598526.json]
D/S4URC   ( 3577): [SDK] [java.io.File] [exists] [FilePath][String] [/data/data/com.jqepef.edrydg/files/MintSavedData-1-1529449598526.json]
D/S4URC   ( 3577): [NDK] [SYSCALL] [access] [PATH][string] [/data/data/com.jqepef.edrydg/files/MintSavedData-1-1529449598526.json]
D/S4URC   ( 3577): [SDK] [java.io.File] [getPath] [FilePath][String] [/data/data/com.jqepef.edrydg/files/MintSavedData-1-1529449598526.json]
D/S4URC   ( 3577): [NDK] [SYSCALL] [open] [PATH][string] [/data/data/com.jqepef.edrydg/files/MintSavedData-1-1529449598526.json] [RETURN][int] [19]
D/S4URC   ( 3577): [SDK] [java.io.File] [getName] [FilePath][String] [/data/data/com.jqepef.edrydg/files/MintSavedData-1-1529449598526.json]
D/S4URC   ( 3577): [SDK] [java.io.File] [Constructor] [FilePath][String] [/data/data/com.jqepef.edrydg/files/Mint-lastsavedfile]
D/S4URC   ( 3577): [SDK] [java.io.File] [exists] [FilePath][String] [/data/data/com.jqepef.edrydg/files/Mint-lastsavedfile]
D/S4URC   ( 3577): [NDK] [SYSCALL] [access] [PATH][string] [/data/data/com.jqepef.edrydg/files/Mint-lastsavedfile]
D/S4URC   ( 3577): [SDK] [java.io.File] [getPath] [FilePath][String] [/data/data/com.jqepef.edrydg/files/Mint-lastsavedfile]
D/S4URC   ( 3577): [NDK] [SYSCALL] [open] [PATH][string] [/data/data/com.jqepef.edrydg/files/Mint-lastsavedfile] [RETURN][int] [18]
D/S4URC   ( 3701): [SDK] [android.content.ContextWrapper][getSharedPreferences] [File][com.jqepef.edrydg_preferences.xml] [MODE][MODE_PRIVATE] [Method][getString] [String][/sArw5T39EFXMYim/iTaU+WZdVuv7NcahsQK1puBnSY=] [Return][lYflyJ2rpzbti9c9IxLXkw==:c4ejiTbH6m5w807s0ZmhQYbT8qfXN8Nvwk7QeNSuRlI=]
