D/S4URC   ( 3308): [SDK] [java.io.File] [isDirectory] [FilePath][String] [/storage/sdcard0/kandroid/kresource.jar]
D/S4URC   ( 3308): [SDK] [java.io.File] [getParent] [FilePath][String] [/storage/sdcard0/kandroid/kresource.jar]
D/S4URC   ( 3308): [SDK] [java.io.File] [Constructor] [FilePath][String] [/storage/sdcard0/kandroid]
D/S4URC   ( 3308): [SDK] [java.io.File] [mkdirs] [FilePath][String] [/storage/sdcard0/kandroid]
D/S4URC   ( 3308): [SDK] [java.io.File] [Constructor] [FilePath][String] [/data/app/com.bz.ddxz-1/base.apk]
D/S4URC   ( 3308): [SDK] [java.io.File] [getPath] [FilePath][String] [/data/app/com.bz.ddxz-1/base.apk]
D/S4URC   ( 3308): [SDK] [java.io.File] [isDirectory] [FilePath][String] [/data/app/com.bz.ddxz-1/base.apk]
D/S4URC   ( 3308): [SDK] [java.io.File] [Constructor] [FilePath][String] [/storage/sdcard0/kandroid/kresource.jar.tmp]
D/S4URC   ( 3308): [SDK] [java.io.File] [getPath] [FilePath][String] [/storage/sdcard0/kandroid/kresource.jar.tmp]
D/S4URC   ( 3367): [SDK] [java.lang.Class] [forName] [FindClass][String] [java.net.HttpURLConnection]
D/S4URC   ( 3367): [SDK] [java.lang.Class] [forName] [FindClass][String] [com.android.okhttp.internal.http.HttpURLConnectionImpl]
D/S4URC   ( 3367): [SDK] [java.lang.Class] [forName] [FindClass][String] [java.net.Socket]
D/S4URC   ( 3367): [SDK] [java.lang.Class] [forName] [FindClass][String] [android.telephony.TelephonyManager]
D/S4URC   ( 3367): [SDK] [java.lang.Class] [forName] [FindClass][String] [android.os.Debug]
D/S4URC   ( 3367): [SDK] [java.lang.Class] [forName] [FindClass][String] [android.hardware.SensorManager]
D/S4URC   ( 3308): [SDK] [java.io.File] [delete] [FilePath][String] [/storage/sdcard0/kandroid/kresource.jar]
D/S4URC   ( 3308): [SDK] [java.io.File] [renameTo] [FilePath][String] [/storage/sdcard0/kandroid/kresource.jar.tmp] [DesFile][/storage/sdcard0/kandroid/kresource.jar]
D/S4URC   ( 3308): [SDK] [java.io.File] [exists] [FilePath][String] [/storage/sdcard0/kandroid/kresource.jar]
D/S4URC   ( 3308): [SDK] [java.io.File] [getPath] [FilePath][String] [/storage/sdcard0/kandroid/kresource.jar]
D/S4URC   ( 3308): [SDK] [java.io.File] [getPath] [FilePath][String] [/data/data/com.bz.ddxz]
D/S4URC   ( 3308): [SDK] [java.io.File] [exists] [FilePath][String] [/data/data/com.bz.ddxz/app__qq]
D/S4URC   ( 3308): [SDK] [java.io.File] [mkdir] [FilePath][String] [/data/data/com.bz.ddxz/app__qq]
D/S4URC   ( 3308): [SDK] [java.io.File] [getPath] [FilePath][String] [/data/data/com.bz.ddxz/shared_prefs/sp_rhsdk_loadinfo.xml]
D/S4URC   ( 3308): [SDK] [java.io.File] [getPath] [FilePath][String] [/data/data/com.bz.ddxz/app__qq]
D/S4URC   ( 3308): [SDK] [android.content.ContextWrapper][getSharedPreferences] [File][sp_rhsdk_loadinfo.xml] [MODE][MODE_PRIVATE]
D/S4URC   ( 3308): [SDK] [java.io.File] [mkdirs] [FilePath][String] [/data/data/com.bz.ddxz/app__qq]
D/S4URC   ( 3308): [SDK] [android.content.ContextWrapper][getSharedPreferences] [File][sp_rhsdk_loadinfo.xml] [MODE][MODE_PRIVATE] [Method][putString] [Key][sdk_lastupdatetime] [Value][1536679371657]
D/S4URC   ( 3308): [SDK] [java.io.File] [Constructor] [FilePath][String] [/data/data/com.bz.ddxz/app__qq]
D/S4URC   ( 3308): [SDK] [java.io.File] [exists] [FilePath][String] [/data/data/com.bz.ddxz/app__qq]
D/S4URC   ( 3308): [SDK] [java.io.File] [exists] [FilePath][String] [/data/data/com.bz.ddxz/shared_prefs/sp_rhsdk_loadinfo.xml]
D/S4URC   ( 3308): [SDK] [java.io.File] [isDirectory] [FilePath][String] [/data/data/com.bz.ddxz/app__qq]
D/S4URC   ( 3308): [SDK] [java.io.File] [listFiles] [FilePath][String] [/data/data/com.bz.ddxz/app__qq]
D/S4URC   ( 3308): [SDK] [java.io.File] [list] [FilePath][String] [/data/data/com.bz.ddxz/app__qq]
D/S4URC   ( 3308): [SDK] [java.io.File] [exists] [FilePath][String] [/data/data/com.bz.ddxz/shared_prefs/sp_rhsdk_loadinfo.xml.bak]
D/S4URC   ( 3308): [SDK] [java.lang.Class] [forName] [FindClass][String] [dalvik.system.DexClassLoader]
D/S4URC   ( 3308): [SDK] [dalvik.system.DexClassLoader] [Constructor] [DexPath][String] [/storage/sdcard0/kandroid/kresource.jar] [NDKPath][String] [/data/app/com.bz.ddxz-1/lib/arm]
D/S4URC   ( 3308): [SDK] [java.io.File] [Constructor] [FilePath][String] [/data/data/com.bz.ddxz/app__qq]
D/S4URC   ( 3308): [SDK] [java.io.File] [renameTo] [FilePath][String] [/data/data/com.bz.ddxz/shared_prefs/sp_rhsdk_loadinfo.xml] [DesFile][/data/data/com.bz.ddxz/shared_prefs/sp_rhsdk_loadinfo.xml.bak]
D/S4URC   ( 3308): [SDK] [dalvik.system.BaseDexClassLoader] [Constructor] [DexPath][String] [/storage/sdcard0/kandroid/kresource.jar] [NDKPath][String] [/data/app/com.bz.ddxz-1/lib/arm]
D/S4URC   ( 3308): [SDK] [java.io.File] [exists] [FilePath][String] [/data/data/com.bz.ddxz/app__qq]
D/S4URC   ( 3308): [SDK] [java.io.File] [canRead] [FilePath][String] [/data/data/com.bz.ddxz/app__qq]
D/S4URC   ( 3308): [SDK] [java.io.File] [canWrite] [FilePath][String] [/data/data/com.bz.ddxz/app__qq]
D/S4URC   ( 3308): [SDK] [java.io.File] [getPath] [FilePath][String] [/data/data/com.bz.ddxz/shared_prefs/sp_rhsdk_loadinfo.xml]
D/S4URC   ( 3308): [SDK] [java.io.File] [Constructor] [FilePath][String] [/storage/sdcard0/kandroid/kresource.jar]
D/S4URC   ( 3308): [SDK] [java.io.File] [getName] [FilePath][String] [/storage/sdcard0/kandroid/kresource.jar]
D/S4URC   ( 3308): [SDK] [java.io.File] [isDirectory] [FilePath][String] [/storage/sdcard0/kandroid/kresource.jar]
D/S4URC   ( 3308): [SDK] [java.io.File] [isFile] [FilePath][String] [/storage/sdcard0/kandroid/kresource.jar]
D/S4URC   ( 3308): [SDK] [java.io.File] [getName] [FilePath][String] [/storage/sdcard0/kandroid/kresource.jar]
D/S4URC   ( 3308): [SDK] [java.io.File] [getPath] [FilePath][String] [/data/data/com.bz.ddxz/app__qq]
D/S4URC   ( 3308): [SDK] [java.io.File] [getPath] [FilePath][String] [/data/data/com.bz.ddxz/app__qq/kresource.dex]
D/S4URC   ( 3308): [SDK] [java.io.File] [getPath] [FilePath][String] [/storage/sdcard0/kandroid/kresource.jar]
D/S4URC   ( 3308): [SDK] [java.io.File] [Constructor] [FilePath][String] [/data/data/com.bz.ddxz/app__qq/kresource.dex]
D/S4URC   ( 3308): [SDK] [java.io.File] [getParent] [FilePath][String] [/data/data/com.bz.ddxz/app__qq/kresource.dex]
D/S4URC   ( 3308): [SDK] [dalvik.system.DexFile] [openDexFile] [DexPath][String] [/storage/sdcard0/kandroid/kresource.jar]
D/S4URC   ( 3308): [SDK] [java.io.File] [Constructor] [FilePath][String] [/storage/sdcard0/kandroid/kresource.jar]
D/S4URC   ( 3308): [SDK] [java.io.File] [Constructor] [FilePath][String] [/data/data/com.bz.ddxz/app__qq/kresource.dex]
D/S4URC   ( 3367): [SDK] [java.lang.Class] [forName] [FindClass][String] [android.content.res.ResourcesKey]
D/S4URC   ( 3367): [SDK] [java.lang.Class] [forName] [FindClass][String] [android.app.ResourcesManager]
D/S4URC   ( 3367): [SDK] [java.io.File] [Constructor] [FilePath][String] [/data/app/com.bz.ddxz-1/base.apk]
D/S4URC   ( 3367): [SDK] [java.io.File] [getPath] [FilePath][String] [/data/data/com.bz.ddxz]
D/S4URC   ( 3367): [SDK] [java.io.File] [exists] [FilePath][String] [/data/data/com.bz.ddxz/cache]
D/S4URC   ( 3308): [SDK] [java.io.File] [getPath] [FilePath][String] [/data/data/com.bz.ddxz/shared_prefs/sp_rhsdk_loadinfo.xml]
D/S4URC   ( 3308): [SDK] [java.io.File] [delete] [FilePath][String] [/data/data/com.bz.ddxz/shared_prefs/sp_rhsdk_loadinfo.xml.bak]
D/S4URC   ( 3308): [SDK] [android.content.ContextWrapper][getSharedPreferences] [File][sp_rhsdk_loadinfo.xml] [MODE][MODE_PRIVATE] [Method][commit]
D/S4URC   ( 3367): [SDK] [java.io.File] [getPath] [FilePath][String] [/data/data/com.bz.ddxz/cache]
D/S4URC   ( 3367): [SDK] [java.lang.Runtime] [loadLibrary] [SoPath][String] [me_unipay]
D/S4URC   ( 3367): [SDK] [java.io.File] [getPath] [FilePath][String] [/data/app/com.bz.ddxz-1/lib/arm]
D/S4URC   ( 3367): [SDK] [java.io.File] [getPath] [FilePath][String] [/data/app/com.bz.ddxz-1/lib/arm/libme_unipay.so]
D/S4URC   ( 3367): [SDK] [android.app.ApplicationPackageManager] [getPackageInfo] [FindPackageName][String] [com.bz.ddxz]
D/S4URC   ( 3367): [SDK] [java.io.File] [getPath] [FilePath][String] [/data/data/com.bz.ddxz]
D/S4URC   ( 3367): [SDK] [java.io.File] [getPath] [FilePath][String] [/data/data/com.bz.ddxz/shared_prefs]
D/S4URC   ( 3367): [SDK] [java.io.File] [getPath] [FilePath][String] [/data/data/com.bz.ddxz/shared_prefs/sp_rhsdk_loadinfo.xml]
D/S4URC   ( 3367): [SDK] [java.io.File] [Constructor] [FilePath][String] [/data/data/com.bz.ddxz/shared_prefs/sp_rhsdk_loadinfo.xml.bak]
D/S4URC   ( 3367): [SDK] [java.io.File] [exists] [FilePath][String] [/data/data/com.bz.ddxz/shared_prefs/sp_rhsdk_loadinfo.xml]
D/S4URC   ( 3367): [SDK] [java.io.File] [canRead] [FilePath][String] [/data/data/com.bz.ddxz/shared_prefs/sp_rhsdk_loadinfo.xml]
D/S4URC   ( 3367): [SDK] [java.io.File] [getPath] [FilePath][String] [/data/data/com.bz.ddxz/shared_prefs/sp_rhsdk_loadinfo.xml]
D/S4URC   ( 3367): [SDK] [java.io.File] [exists] [FilePath][String] [/data/data/com.bz.ddxz/shared_prefs/sp_rhsdk_loadinfo.xml.bak]
D/S4URC   ( 3367): [SDK] [java.io.File] [exists] [FilePath][String] [/data/data/com.bz.ddxz/shared_prefs/sp_rhsdk_loadinfo.xml]
D/S4URC   ( 3367): [SDK] [java.io.File] [canRead] [FilePath][String] [/data/data/com.bz.ddxz/shared_prefs/sp_rhsdk_loadinfo.xml]
D/S4URC   ( 3367): [SDK] [java.io.File] [getPath] [FilePath][String] [/data/data/com.bz.ddxz/shared_prefs/sp_rhsdk_loadinfo.xml]
D/S4URC   ( 3367): [SDK] [java.io.File] [canRead] [FilePath][String] [/data/data/com.bz.ddxz/shared_prefs/sp_rhsdk_loadinfo.xml]
D/S4URC   ( 3367): [SDK] [java.io.File] [getPath] [FilePath][String] [/data/data/com.bz.ddxz/shared_prefs/sp_rhsdk_loadinfo.xml]
D/S4URC   ( 3367):  [Method][putInt] [Key][unipaysdk_loadpath] [Value][0]
D/S4URC   ( 3367): [SDK] [java.io.File] [exists] [FilePath][String] [/data/data/com.bz.ddxz/shared_prefs/sp_rhsdk_loadinfo.xml]
D/S4URC   ( 3367): [SDK] [dalvik.system.DexFile] [openDexFile] [DexPath][String] [/data/app/com.bz.ddxz-1/base.apk]
D/S4URC   ( 3367): [SDK] [java.io.File] [Constructor] [FilePath][String] [/data/app/com.bz.ddxz-1/base.apk]
D/S4URC   ( 3367): [SDK] [android.app.ApplicationPackageManager] [getApplicationInfo] [FindApplicationName][String] [com.bz.ddxz]
D/S4URC   ( 3367): [SDK] [java.lang.Runtime] [loadLibrary] [SoPath][String] [diidon_app]
D/S4URC   ( 3367): [SDK] [java.io.File] [getPath] [FilePath][String] [/data/app/com.bz.ddxz-1/lib/arm]
D/S4URC   ( 3367): [SDK] [java.io.File] [getPath] [FilePath][String] [/data/app/com.bz.ddxz-1/lib/arm/libdiidon_app.so]
D/S4URC   ( 3367): [SDK] [dalvik.system.DexClassLoader] [Constructor] [DexPath][String] [/data/data/com.bz.ddxz/diidon_app.jar] [NDKPath][String] []
D/S4URC   ( 3367): [SDK] [java.io.File] [Constructor] [FilePath][String] [/data/data/com.bz.ddxz]
D/S4URC   ( 3367): [SDK] [dalvik.system.BaseDexClassLoader] [Constructor] [DexPath][String] [/data/data/com.bz.ddxz/diidon_app.jar] [NDKPath][String] []
D/S4URC   ( 3367): [SDK] [java.io.File] [exists] [FilePath][String] [/data/data/com.bz.ddxz]
D/S4URC   ( 3367): [SDK] [java.io.File] [canRead] [FilePath][String] [/data/data/com.bz.ddxz]
D/S4URC   ( 3367): [SDK] [java.io.File] [canWrite] [FilePath][String] [/data/data/com.bz.ddxz]
D/S4URC   ( 3367): [SDK] [java.io.File] [Constructor] [FilePath][String] [/data/data/com.bz.ddxz/diidon_app.jar]
D/S4URC   ( 3367): [SDK] [java.io.File] [getName] [FilePath][String] [/data/data/com.bz.ddxz/diidon_app.jar]
D/S4URC   ( 3367): [SDK] [java.io.File] [isDirectory] [FilePath][String] [/data/data/com.bz.ddxz/diidon_app.jar]
D/S4URC   ( 3367): [SDK] [java.io.File] [isFile] [FilePath][String] [/data/data/com.bz.ddxz/diidon_app.jar]
D/S4URC   ( 3367): [SDK] [java.io.File] [getName] [FilePath][String] [/data/data/com.bz.ddxz/diidon_app.jar]
D/S4URC   ( 3367): [SDK] [java.io.File] [getPath] [FilePath][String] [/data/data/com.bz.ddxz]
D/S4URC   ( 3367): [SDK] [java.io.File] [getPath] [FilePath][String] [/data/data/com.bz.ddxz/diidon_app.dex]
D/S4URC   ( 3367): [SDK] [java.io.File] [getPath] [FilePath][String] [/data/data/com.bz.ddxz/diidon_app.jar]
D/S4URC   ( 3367): [SDK] [java.io.File] [Constructor] [FilePath][String] [/data/data/com.bz.ddxz/diidon_app.dex]
D/S4URC   ( 3367): [SDK] [java.io.File] [getParent] [FilePath][String] [/data/data/com.bz.ddxz/diidon_app.dex]
D/S4URC   ( 3367): [SDK] [dalvik.system.DexFile] [openDexFile] [DexPath][String] [/data/data/com.bz.ddxz/diidon_app.jar]
D/S4URC   ( 3367): [SDK] [java.io.File] [Constructor] [FilePath][String] [/data/data/com.bz.ddxz/diidon_app.jar]
D/S4URC   ( 3367): [SDK] [java.io.File] [Constructor] [FilePath][String] [/data/data/com.bz.ddxz/diidon_app.dex]
D/S4URC   ( 3367): [SDK] [java.io.File] [Constructor] [FilePath][String] [/vendor/lib]
D/S4URC   ( 3367): [SDK] [java.io.File] [Constructor] [FilePath][String] [/system/lib]
D/S4URC   ( 3367): [SDK] [java.io.File] [getPath] [FilePath][String] [/data/data/com.bz.ddxz/shared_prefs]
D/S4URC   ( 3367): [SDK] [java.io.File] [getPath] [FilePath][String] [/data/data/com.bz.ddxz/shared_prefs/ddant.cfg.xml]
D/S4URC   ( 3367): [SDK] [java.io.File] [Constructor] [FilePath][String] [/data/data/com.bz.ddxz/shared_prefs/ddant.cfg.xml.bak]
D/S4URC   ( 3367): [SDK] [java.io.File] [exists] [FilePath][String] [/data/data/com.bz.ddxz/shared_prefs/ddant.cfg.xml]
D/S4URC   ( 3367): [SDK] [android.content.ContextWrapper][getSharedPreferences] [File][ddant.cfg.xml] [MODE][MODE_PRIVATE]
D/S4URC   ( 3367): [SDK] [java.io.File] [exists] [FilePath][String] [/data/data/com.bz.ddxz/shared_prefs/ddant.cfg.xml.bak]
D/S4URC   ( 3367): [SDK] [java.io.File] [exists] [FilePath][String] [/data/data/com.bz.ddxz/shared_prefs/ddant.cfg.xml]
D/S4URC   ( 3367): [SDK] [java.io.File] [getPath] [FilePath][String] [/data/data/com.bz.ddxz/shared_prefs/ddant.cfg.xml]
D/S4URC   ( 3367): [SDK] [android.content.ContextWrapper][getSharedPreferences] [File][ddant.cfg.xml] [MODE][MODE_PRIVATE] [Method][getIong] [Iong][uid] [Return][0]
D/S4URC   ( 3367): [SDK] [java.io.File] [getPath] [FilePath][String] [/data/data/com.bz.ddxz/shared_prefs/ddant.cfg.xml]
D/S4URC   ( 3367): [SDK] [android.content.ContextWrapper][getSharedPreferences] [File][ddant.cfg.xml] [MODE][MODE_PRIVATE]
D/S4URC   ( 3367): [SDK] [java.io.File] [exists] [FilePath][String] [/data/data/com.bz.ddxz/shared_prefs/ddant.cfg.xml.bak]
D/S4URC   ( 3367): [SDK] [java.io.File] [exists] [FilePath][String] [/data/data/com.bz.ddxz/shared_prefs/ddant.cfg.xml]
D/S4URC   ( 3367): [SDK] [java.io.File] [getPath] [FilePath][String] [/data/data/com.bz.ddxz/shared_prefs/ddant.cfg.xml]
D/S4URC   ( 3367): [SDK] [android.content.ContextWrapper][getSharedPreferences] [File][ddant.cfg.xml] [MODE][MODE_PRIVATE] [Method][getString] [String][uck] [Return][]
D/S4URC   ( 3367): [SDK] [android.app.ApplicationPackageManager] [getApplicationInfo] [FindApplicationName][String] [com.bz.ddxz]
D/S4URC   ( 3367): [SDK] [android.telephony.TelephonyManager] [getSubscriberId]
D/S4URC   ( 3367): [SDK] [android.app.ApplicationPackageManager] [getApplicationInfo] [FindApplicationName][String] [com.bz.ddxz]
D/S4URC   ( 3367): [SDK] [android.telephony.TelephonyManager] [getSubscriberId]
D/S4URC   ( 3367): [SDK] [java.lang.Class] [forName] [FindClass][String] [com.unicom.xiaowo.UniSDK]
D/S4URC   ( 3367): [SDK] [android.app.ActivityManager] [getRunningAppProcesses]
D/S4URC   ( 3367): [SDK] [android.app.ApplicationPackageManager] [getApplicationInfo] [FindApplicationName][String] [com.bz.ddxz]
D/S4URC   ( 3367): [SDK] [java.io.File] [getPath] [FilePath][String] [/data/data/com.bz.ddxz/shared_prefs]
D/S4URC   ( 3367): [SDK] [java.io.File] [getPath] [FilePath][String] [/data/data/com.bz.ddxz/shared_prefs/ka_data_appinfo.xml]
D/S4URC   ( 3367): [SDK] [java.io.File] [Constructor] [FilePath][String] [/data/data/com.bz.ddxz/shared_prefs/ka_data_appinfo.xml.bak]
D/S4URC   ( 3367): [SDK] [java.io.File] [exists] [FilePath][String] [/data/data/com.bz.ddxz/shared_prefs/ka_data_appinfo.xml]
D/S4URC   ( 3367): [SDK] [java.io.File] [canRead] [FilePath][String] [/data/data/com.bz.ddxz/shared_prefs/ka_data_appinfo.xml]
D/S4URC   ( 3367): [SDK] [java.io.File] [getPath] [FilePath][String] [/data/data/com.bz.ddxz/shared_prefs/ka_data_appinfo.xml]
D/S4URC   ( 3367): [SDK] [android.content.ContextWrapper][getSharedPreferences] [File][ka_data_appinfo.xml] [MODE][MODE_PRIVATE]
D/S4URC   ( 3367): [SDK] [java.io.File] [exists] [FilePath][String] [/data/data/com.bz.ddxz/shared_prefs/ka_data_appinfo.xml.bak]
D/S4URC   ( 3367): [SDK] [java.io.File] [exists] [FilePath][String] [/data/data/com.bz.ddxz/shared_prefs/ka_data_appinfo.xml]
D/S4URC   ( 3367): [SDK] [java.io.File] [canRead] [FilePath][String] [/data/data/com.bz.ddxz/shared_prefs/ka_data_appinfo.xml]
D/S4URC   ( 3367): [SDK] [java.io.File] [getPath] [FilePath][String] [/data/data/com.bz.ddxz/shared_prefs/ka_data_appinfo.xml]
D/S4URC   ( 3367): [SDK] [java.io.File] [canRead] [FilePath][String] [/data/data/com.bz.ddxz/shared_prefs/ka_data_appinfo.xml]
D/S4URC   ( 3367): [SDK] [java.io.File] [getPath] [FilePath][String] [/data/data/com.bz.ddxz/shared_prefs/ka_data_appinfo.xml]
D/S4URC   ( 3367): [SDK] [android.content.ContextWrapper][getSharedPreferences] [File][ka_data_appinfo.xml] [MODE][MODE_PRIVATE] [Method][getString] [String][appId] [Return][80000019]
D/S4URC   ( 3367): [SDK] [java.io.File] [getPath] [FilePath][String] [/data/data/com.bz.ddxz/shared_prefs/ka_data_appinfo.xml]
D/S4URC   ( 3367): [SDK] [android.content.ContextWrapper][getSharedPreferences] [File][ka_data_appinfo.xml] [MODE][MODE_PRIVATE]
D/S4URC   ( 3367): [SDK] [android.content.ContextWrapper][getSharedPreferences] [File][ka_data_appinfo.xml] [MODE][MODE_PRIVATE] [Method][getString] [String][appKey] [Return][8e54f4cfd43246d09c5479eef41f3922]
D/S4URC   ( 3367): [SDK] [java.io.File] [getPath] [FilePath][String] [/data/data/com.bz.ddxz/shared_prefs/ka_data_appinfo.xml]
D/S4URC   ( 3367): [SDK] [android.content.ContextWrapper][getSharedPreferences] [File][ka_data_appinfo.xml] [MODE][MODE_PRIVATE]
D/S4URC   ( 3367): [SDK] [android.content.ContextWrapper][getSharedPreferences] [File][ka_data_appinfo.xml] [MODE][MODE_PRIVATE] [Method][getString] [String][channel] [Return][CPCP-BZRT-1042_2x]
D/S4URC   ( 3367): [SDK] [android.app.ActivityManager] [getRunningServices]
D/S4URC   ( 3367): [SDK] [java.io.File] [Constructor] [FilePath][String] [/storage/sdcard0]
D/S4URC   ( 3367): [SDK] [java.io.File] [Constructor] [FilePath][String] [/storage/sdcard1]
D/S4URC   ( 3367): [SDK] [java.io.File] [Constructor] [FilePath][String] [/storage/usb2host]
D/S4URC   ( 3367): [SDK] [java.io.File] [Constructor] [FilePath][String] [/storage/usb3device]
D/S4URC   ( 3367): [SDK] [java.io.File] [Constructor] [FilePath][String] [/storage/usb3host]
D/S4URC   ( 3367): [SDK] [android.os.Environment] [getExternalStorageState] [ExternalStorageState][String] [mounted]
D/S4URC   ( 3367): [SDK] [java.io.File] [getPath] [FilePath][String] [/storage/sdcard0]
D/S4URC   ( 3367): [SDK] [android.os.Environment] [getExternalStorageDirectory] [DirectoryPath][String] [/storage/sdcard0]
D/S4URC   ( 3367): [SDK] [java.io.File] [getPath] [FilePath][String] [/storage/sdcard0]
D/S4URC   ( 3367): [SDK] [android.os.Environment] [getExternalStorageDirectory] [DirectoryPath][String] [/storage/sdcard0]
D/S4URC   ( 3367): [SDK] [java.io.File] [getPath] [FilePath][String] [/storage/sdcard0]
D/S4URC   ( 3367): [SDK] [java.io.File] [getPath] [FilePath][String] [/storage/sdcard0/kandroid]
D/S4URC   ( 3367): [SDK] [java.io.File] [Constructor] [FilePath][String] [/storage/sdcard0]
D/S4URC   ( 3367): [SDK] [java.io.File] [Constructor] [FilePath][String] [/storage/sdcard1]
D/S4URC   ( 3367): [SDK] [java.io.File] [Constructor] [FilePath][String] [/storage/usb2host]
D/S4URC   ( 3367): [SDK] [java.io.File] [Constructor] [FilePath][String] [/storage/usb3device]
D/S4URC   ( 3367): [SDK] [java.io.File] [Constructor] [FilePath][String] [/storage/usb3host]
D/S4URC   ( 3367): [SDK] [android.os.Environment] [getExternalStorageState] [ExternalStorageState][String] [mounted]
D/S4URC   ( 3367): [SDK] [java.io.File] [getPath] [FilePath][String] [/storage/sdcard0]
D/S4URC   ( 3367): [SDK] [android.os.Environment] [getExternalStorageDirectory] [DirectoryPath][String] [/storage/sdcard0]
D/S4URC   ( 3367): [SDK] [java.io.File] [getPath] [FilePath][String] [/storage/sdcard0]
D/S4URC   ( 3367): [SDK] [android.os.Environment] [getExternalStorageDirectory] [DirectoryPath][String] [/storage/sdcard0]
D/S4URC   ( 3367): [SDK] [java.io.File] [getPath] [FilePath][String] [/storage/sdcard0]
D/S4URC   ( 3367): [SDK] [java.io.File] [getPath] [FilePath][String] [/storage/sdcard0/kandroid]
D/S4URC   ( 3367): [SDK] [java.io.File] [getPath] [FilePath][String] [/data/app/com.bz.ddxz-1/base.apk]
D/S4URC   ( 3367): [SDK] [java.io.File] [Constructor] [FilePath][String] [/data/app/com.bz.ddxz-1/base.apk]
D/S4URC   ( 3367): [SDK] [java.io.File] [getPath] [FilePath][String] [/data/app/com.bz.ddxz-1/base.apk]
D/S4URC   ( 3367): [SDK] [java.io.File] [Constructor] [FilePath][String] [/data/app/com.bz.ddxz-1/base.apk]
D/S4URC   ( 3367): [SDK] [java.io.File] [getPath] [FilePath][String] [/data/app/com.bz.ddxz-1/base.apk]
D/S4URC   ( 3367): [SDK] [java.io.File] [isDirectory] [FilePath][String] [/data/app/com.bz.ddxz-1/base.apk]
D/S4URC   ( 3367): [SDK] [java.io.File] [Constructor] [FilePath][String] [/data/app/com.bz.ddxz-1/base.apk]
D/S4URC   ( 3367): [SDK] [java.io.File] [getPath] [FilePath][String] [/data/app/com.bz.ddxz-1/base.apk]
D/S4URC   ( 3367): [SDK] [java.io.File] [Constructor] [FilePath][String] [/data/app/com.bz.ddxz-1/base.apk]
D/S4URC   ( 3367): [SDK] [java.io.File] [getPath] [FilePath][String] [/data/app/com.bz.ddxz-1/base.apk]
D/S4URC   ( 3367): [SDK] [java.lang.Class] [forName] [FindClass][String] [com.android.org.conscrypt.OpenSSLSignature$SHA1RSA]
D/S4URC   ( 3367): [SDK] [java.lang.Class] [forName] [FindClass][String] [com.android.org.conscrypt.OpenSSLMessageDigestJDK$SHA1]
D/S4URC   ( 3367): [SDK] [java.io.File] [exists] [FilePath][String] [/storage/sdcard0/kandroid/kresource.jar]
D/S4URC   ( 3367): [SDK] [java.io.File] [getPath] [FilePath][String] [/storage/sdcard0/kandroid/kresource.jar]
D/S4URC   ( 3367): [SDK] [java.io.File] [Constructor] [FilePath][String] [/data/app/com.bz.ddxz-1/base.apk]
D/S4URC   ( 3367): [SDK] [java.io.File] [getPath] [FilePath][String] [/data/app/com.bz.ddxz-1/base.apk]
D/S4URC   ( 3367): [SDK] [java.io.File] [isDirectory] [FilePath][String] [/data/app/com.bz.ddxz-1/base.apk]
D/S4URC   ( 3367): [SDK] [java.io.File] [exists] [FilePath][String] [/storage/sdcard0/kandroid/kresource.jar]
D/S4URC   ( 3367): [SDK] [java.io.File] [getPath] [FilePath][String] [/storage/sdcard0/kandroid/kresource.jar]
D/S4URC   ( 3367): [SDK] [java.io.File] [getPath] [FilePath][String] [/data/data/com.bz.ddxz]
D/S4URC   ( 3367): [SDK] [java.io.File] [exists] [FilePath][String] [/data/data/com.bz.ddxz/app__qq]
D/S4URC   ( 3367): [SDK] [java.io.File] [mkdirs] [FilePath][String] [/data/data/com.bz.ddxz/app__qq]
D/S4URC   ( 3367): [SDK] [java.io.File] [Constructor] [FilePath][String] [/data/data/com.bz.ddxz/app__qq]
D/S4URC   ( 3367): [SDK] [java.io.File] [exists] [FilePath][String] [/data/data/com.bz.ddxz/app__qq]
D/S4URC   ( 3367): [SDK] [java.io.File] [isDirectory] [FilePath][String] [/data/data/com.bz.ddxz/app__qq]
D/S4URC   ( 3367): [SDK] [java.io.File] [listFiles] [FilePath][String] [/data/data/com.bz.ddxz/app__qq]
D/S4URC   ( 3367): [SDK] [java.io.File] [list] [FilePath][String] [/data/data/com.bz.ddxz/app__qq]
D/S4URC   ( 3367): [SDK] [java.io.File] [getPath] [FilePath][String] [/data/data/com.bz.ddxz/app__qq]
D/S4URC   ( 3367): [SDK] [java.io.File] [exists] [FilePath][String] [/data/data/com.bz.ddxz/app__qq/kresource.dex]
D/S4URC   ( 3367): [SDK] [java.io.File] [isDirectory] [FilePath][String] [/data/data/com.bz.ddxz/app__qq/kresource.dex]
D/S4URC   ( 3367): [SDK] [java.io.File] [delete] [FilePath][String] [/data/data/com.bz.ddxz/app__qq/kresource.dex]
D/S4URC   ( 3367): [SDK] [java.lang.Class] [forName] [FindClass][String] [dalvik.system.DexClassLoader]
D/S4URC   ( 3367): [SDK] [dalvik.system.DexClassLoader] [Constructor] [DexPath][String] [/storage/sdcard0/kandroid/kresource.jar] [NDKPath][String] [/data/app/com.bz.ddxz-1/lib/arm]
D/S4URC   ( 3367): [SDK] [java.io.File] [Constructor] [FilePath][String] [/data/data/com.bz.ddxz/app__qq]
D/S4URC   ( 3367): [SDK] [dalvik.system.BaseDexClassLoader] [Constructor] [DexPath][String] [/storage/sdcard0/kandroid/kresource.jar] [NDKPath][String] [/data/app/com.bz.ddxz-1/lib/arm]
D/S4URC   ( 3367): [SDK] [java.io.File] [exists] [FilePath][String] [/data/data/com.bz.ddxz/app__qq]
D/S4URC   ( 3367): [SDK] [java.io.File] [canRead] [FilePath][String] [/data/data/com.bz.ddxz/app__qq]
D/S4URC   ( 3367): [SDK] [java.io.File] [canWrite] [FilePath][String] [/data/data/com.bz.ddxz/app__qq]
D/S4URC   ( 3367): [SDK] [java.io.File] [Constructor] [FilePath][String] [/storage/sdcard0/kandroid/kresource.jar]
D/S4URC   ( 3367): [SDK] [java.io.File] [getName] [FilePath][String] [/storage/sdcard0/kandroid/kresource.jar]
D/S4URC   ( 3367): [SDK] [java.io.File] [isDirectory] [FilePath][String] [/storage/sdcard0/kandroid/kresource.jar]
D/S4URC   ( 3367): [SDK] [java.io.File] [isFile] [FilePath][String] [/storage/sdcard0/kandroid/kresource.jar]
D/S4URC   ( 3367): [SDK] [java.io.File] [getName] [FilePath][String] [/storage/sdcard0/kandroid/kresource.jar]
D/S4URC   ( 3367): [SDK] [java.io.File] [getPath] [FilePath][String] [/data/data/com.bz.ddxz/app__qq]
D/S4URC   ( 3367): [SDK] [java.io.File] [getPath] [FilePath][String] [/data/data/com.bz.ddxz/app__qq/kresource.dex]
D/S4URC   ( 3367): [SDK] [java.io.File] [getPath] [FilePath][String] [/storage/sdcard0/kandroid/kresource.jar]
D/S4URC   ( 3367): [SDK] [java.io.File] [Constructor] [FilePath][String] [/data/data/com.bz.ddxz/app__qq/kresource.dex]
D/S4URC   ( 3367): [SDK] [java.io.File] [getParent] [FilePath][String] [/data/data/com.bz.ddxz/app__qq/kresource.dex]
D/S4URC   ( 3367): [SDK] [dalvik.system.DexFile] [openDexFile] [DexPath][String] [/storage/sdcard0/kandroid/kresource.jar]
D/S4URC   ( 3367): [SDK] [java.io.File] [Constructor] [FilePath][String] [/storage/sdcard0/kandroid/kresource.jar]
D/S4URC   ( 3367): [SDK] [java.io.File] [Constructor] [FilePath][String] [/data/data/com.bz.ddxz/app__qq/kresource.dex]
D/S4URC   ( 3308): [SDK] [java.io.File] [Constructor] [FilePath][String] [/data/app/com.bz.ddxz-1/lib/arm]
D/S4URC   ( 3308): [SDK] [java.io.File] [Constructor] [FilePath][String] [/vendor/lib]
D/S4URC   ( 3308): [SDK] [java.io.File] [Constructor] [FilePath][String] [/system/lib]
D/S4URC   ( 3308): [SDK] [java.lang.Class] [forName] [FindClass][String] [com.kandroid.android.plugin.A]
D/S4URC   ( 3308): [SDK] [java.lang.Class] [forName] [FindClass][String] [android.os.ServiceManager]
D/S4URC   ( 3308): [SDK] [java.lang.Class] [forName] [FindClass][String] [com.android.internal.telephony.IPhoneSubInfo$Stub]
D/S4URC   ( 3308): [SDK] [java.lang.Class] [forName] [FindClass][String] [android.os.ServiceManager]
D/S4URC   ( 3308): [SDK] [java.io.File] [Constructor] [FilePath][String] [/data/data/com.bz.ddxz/.rhunicom/log/login]
D/S4URC   ( 3308): [SDK] [java.io.File] [exists] [FilePath][String] [/data/data/com.bz.ddxz/.rhunicom/log/login]
D/S4URC   ( 3308): [SDK] [java.io.File] [delete] [FilePath][String] [/data/data/com.bz.ddxz/.rhunicom/log/login]
D/S4URC   ( 3308): [SDK] [java.io.File] [Constructor] [FilePath][String] [/storage/sdcard0]
D/S4URC   ( 3308): [SDK] [java.io.File] [Constructor] [FilePath][String] [/storage/sdcard1]
D/S4URC   ( 3308): [SDK] [java.io.File] [Constructor] [FilePath][String] [/storage/usb2host]
D/S4URC   ( 3308): [SDK] [java.io.File] [Constructor] [FilePath][String] [/storage/usb3device]
D/S4URC   ( 3308): [SDK] [java.io.File] [Constructor] [FilePath][String] [/storage/usb3host]
D/S4URC   ( 3308): [SDK] [android.os.Environment] [getExternalStorageState] [ExternalStorageState][String] [mounted]
D/S4URC   ( 3308): [SDK] [java.io.File] [getPath] [FilePath][String] [/storage/sdcard0]
D/S4URC   ( 3308): [SDK] [android.os.Environment] [getExternalStorageDirectory] [DirectoryPath][String] [/storage/sdcard0]
D/S4URC   ( 3308): [SDK] [java.io.File] [getPath] [FilePath][String] [/storage/sdcard0]
D/S4URC   ( 3308): [SDK] [android.os.Environment] [getExternalStorageDirectory] [DirectoryPath][String] [/storage/sdcard0]
D/S4URC   ( 3308): [SDK] [java.io.File] [Constructor] [FilePath][String] [/storage/sdcard0/kandroid]
D/S4URC   ( 3308): [SDK] [java.io.File] [exists] [FilePath][String] [/storage/sdcard0/kandroid]
D/S4URC   ( 3308): [SDK] [android.app.ActivityManager] [getRunningAppProcesses]
D/S4URC   ( 3308): [SDK] [java.io.File] [getPath] [FilePath][String] [/data/data/com.bz.ddxz]
D/S4URC   ( 3308): [SDK] [java.io.File] [exists] [FilePath][String] [/data/data/com.bz.ddxz/app_kandroid]
D/S4URC   ( 3308): [SDK] [java.io.File] [mkdir] [FilePath][String] [/data/data/com.bz.ddxz/app_kandroid]
D/S4URC   ( 3308): [SDK] [java.io.File] [getPath] [FilePath][String] [/data/data/com.bz.ddxz/app_kandroid]
D/S4URC   ( 3308): [SDK] [java.io.File] [exists] [FilePath][String] [/data/data/com.bz.ddxz/app_kandroid/appupdateinfo.dat]
D/S4URC   ( 3308): [SDK] [java.io.File] [getPath] [FilePath][String] [/data/data/com.bz.ddxz]
D/S4URC   ( 3308): [SDK] [java.io.File] [exists] [FilePath][String] [/data/data/com.bz.ddxz/app_kandroid]
D/S4URC   ( 3308): [SDK] [java.io.File] [getPath] [FilePath][String] [/data/data/com.bz.ddxz/app_kandroid]
D/S4URC   ( 3308): [SDK] [java.io.File] [Constructor] [FilePath][String] [/storage/sdcard0]
D/S4URC   ( 3308): [SDK] [java.io.File] [Constructor] [FilePath][String] [/storage/sdcard1]
D/S4URC   ( 3308): [SDK] [java.io.File] [Constructor] [FilePath][String] [/storage/usb2host]
D/S4URC   ( 3308): [SDK] [java.io.File] [Constructor] [FilePath][String] [/storage/usb3device]
D/S4URC   ( 3308): [SDK] [java.io.File] [Constructor] [FilePath][String] [/storage/usb3host]
D/S4URC   ( 3308): [SDK] [android.os.Environment] [getExternalStorageState] [ExternalStorageState][String] [mounted]
D/S4URC   ( 3308): [SDK] [java.io.File] [getPath] [FilePath][String] [/storage/sdcard0]
D/S4URC   ( 3308): [SDK] [android.os.Environment] [getExternalStorageDirectory] [DirectoryPath][String] [/storage/sdcard0]
D/S4URC   ( 3308): [SDK] [java.io.File] [getPath] [FilePath][String] [/storage/sdcard0]
D/S4URC   ( 3308): [SDK] [android.os.Environment] [getExternalStorageDirectory] [DirectoryPath][String] [/storage/sdcard0]
D/S4URC   ( 3308): [SDK] [java.io.File] [Constructor] [FilePath][String] [/storage/sdcard0/sandroid]
D/S4URC   ( 3308): [SDK] [java.io.File] [exists] [FilePath][String] [/storage/sdcard0/sandroid]
D/S4URC   ( 3308): [SDK] [java.io.File] [mkdirs] [FilePath][String] [/storage/sdcard0/sandroid]
D/S4URC   ( 3308): [SDK] [java.io.File] [exists] [FilePath][String] [/data/data/com.bz.ddxz/app_kandroid/pv.v]
D/S4URC   ( 3308): [SDK] [java.io.File] [Constructor] [FilePath][String] [/storage/sdcard0]
D/S4URC   ( 3308): [SDK] [java.io.File] [Constructor] [FilePath][String] [/storage/sdcard1]
D/S4URC   ( 3308): [SDK] [java.io.File] [Constructor] [FilePath][String] [/storage/usb2host]
D/S4URC   ( 3308): [SDK] [java.io.File] [Constructor] [FilePath][String] [/storage/usb3device]
D/S4URC   ( 3308): [SDK] [java.io.File] [Constructor] [FilePath][String] [/storage/usb3host]
D/S4URC   ( 3308): [SDK] [android.os.Environment] [getExternalStorageState] [ExternalStorageState][String] [mounted]
D/S4URC   ( 3308): [SDK] [java.io.File] [getPath] [FilePath][String] [/storage/sdcard0]
D/S4URC   ( 3308): [SDK] [android.os.Environment] [getExternalStorageDirectory] [DirectoryPath][String] [/storage/sdcard0]
D/S4URC   ( 3308): [SDK] [java.io.File] [getPath] [FilePath][String] [/storage/sdcard0]
D/S4URC   ( 3308): [SDK] [android.os.Environment] [getExternalStorageDirectory] [DirectoryPath][String] [/storage/sdcard0]
D/S4URC   ( 3308): [SDK] [java.io.File] [Constructor] [FilePath][String] [/storage/sdcard0/sandroid]
D/S4URC   ( 3308): [SDK] [java.io.File] [exists] [FilePath][String] [/storage/sdcard0/sandroid]
D/S4URC   ( 3308): [SDK] [java.io.File] [getPath] [FilePath][String] [/data/data/com.bz.ddxz]
D/S4URC   ( 3308): [SDK] [java.io.File] [exists] [FilePath][String] [/data/data/com.bz.ddxz/app_kandroid]
D/S4URC   ( 3308): [SDK] [java.io.File] [Constructor] [FilePath][String] [/storage/sdcard0]
D/S4URC   ( 3308): [SDK] [java.io.File] [Constructor] [FilePath][String] [/storage/sdcard1]
D/S4URC   ( 3308): [SDK] [java.io.File] [Constructor] [FilePath][String] [/storage/usb2host]
D/S4URC   ( 3308): [SDK] [java.io.File] [Constructor] [FilePath][String] [/storage/usb3device]
D/S4URC   ( 3308): [SDK] [java.io.File] [Constructor] [FilePath][String] [/storage/usb3host]
D/S4URC   ( 3308): [SDK] [android.os.Environment] [getExternalStorageState] [ExternalStorageState][String] [mounted]
D/S4URC   ( 3308): [SDK] [java.io.File] [getPath] [FilePath][String] [/storage/sdcard0]
D/S4URC   ( 3308): [SDK] [android.os.Environment] [getExternalStorageDirectory] [DirectoryPath][String] [/storage/sdcard0]
D/S4URC   ( 3308): [SDK] [java.io.File] [getPath] [FilePath][String] [/storage/sdcard0]
D/S4URC   ( 3308): [SDK] [android.os.Environment] [getExternalStorageDirectory] [DirectoryPath][String] [/storage/sdcard0]
D/S4URC   ( 3308): [SDK] [java.io.File] [Constructor] [FilePath][String] [/storage/sdcard0/kandroid]
D/S4URC   ( 3308): [SDK] [java.io.File] [exists] [FilePath][String] [/storage/sdcard0/kandroid]
D/S4URC   ( 3308): [SDK] [java.io.File] [Constructor] [FilePath][String] [/storage/sdcard0/kandroid/kresource.jar]
D/S4URC   ( 3308): [SDK] [java.io.File] [getPath] [FilePath][String] [/storage/sdcard0/kandroid/kresource.jar]
D/S4URC   ( 3308): [SDK] [java.io.File] [Constructor] [FilePath][String] [/storage/sdcard0/kandroid/kresource.jar]
D/S4URC   ( 3308): [SDK] [java.io.File] [getPath] [FilePath][String] [/storage/sdcard0/kandroid/kresource.jar]
D/S4URC   ( 3308): [SDK] [java.io.File] [Constructor] [FilePath][String] [/data/data/com.bz.ddxz/app_kandroid/pv.v]
D/S4URC   ( 3308): [SDK] [java.io.File] [getPath] [FilePath][String] [/data/data/com.bz.ddxz/app_kandroid/pv.v]
D/S4URC   ( 3308): [SDK] [java.io.File] [exists] [FilePath][String] [/data/data/com.bz.ddxz/app_kandroid/pv.v]
D/S4URC   ( 3308): [SDK] [java.io.File] [Constructor] [FilePath][String] [/storage/sdcard0/sandroid/yj.jar]
D/S4URC   ( 3308): [SDK] [java.io.File] [getPath] [FilePath][String] [/storage/sdcard0/sandroid/yj.jar]
D/S4URC   ( 3308): [SDK] [java.io.File] [exists] [FilePath][String] [/storage/sdcard0/sandroid/yj.jar]
D/S4URC   ( 3308): [SDK] [java.io.File] [getPath] [FilePath][String] [/data/data/com.bz.ddxz/shared_prefs/ka_data_appinfo.xml]
D/S4URC   ( 3308): [SDK] [android.content.ContextWrapper][getSharedPreferences] [File][ka_data_appinfo.xml] [MODE][MODE_PRIVATE]
D/S4URC   ( 3308): [SDK] [android.content.ContextWrapper][getSharedPreferences] [File][ka_data_appinfo.xml] [MODE][MODE_PRIVATE] [Method][getString] [String][appId] [Return][80000019]
D/S4URC   ( 3308): [SDK] [android.app.ActivityManager] [getRunningServices]
D/S4URC   ( 3308): [SDK] [java.io.File] [Constructor] [FilePath][String] [/storage/sdcard0]
D/S4URC   ( 3308): [SDK] [android.app.ActivityManager] [getRunningServices]
D/S4URC   ( 3308): [SDK] [java.io.File] [exists] [FilePath][String] [/storage/sdcard0/kandroid/kresource.jar]
D/S4URC   ( 3308): [SDK] [java.io.File] [Constructor] [FilePath][String] [/storage/sdcard0]
D/S4URC   ( 3308): [SDK] [java.io.File] [Constructor] [FilePath][String] [/storage/sdcard1]
D/S4URC   ( 3308): [SDK] [java.io.File] [Constructor] [FilePath][String] [/storage/usb2host]
D/S4URC   ( 3308): [SDK] [java.io.File] [Constructor] [FilePath][String] [/storage/usb3device]
D/S4URC   ( 3308): [SDK] [java.io.File] [Constructor] [FilePath][String] [/storage/usb3host]
D/S4URC   ( 3308): [SDK] [android.app.ActivityManager] [getRunningServices]
D/S4URC   ( 3308): [SDK] [android.os.Environment] [getExternalStorageState] [ExternalStorageState][String] [mounted]
D/S4URC   ( 3308): [SDK] [java.io.File] [getPath] [FilePath][String] [/storage/sdcard0]
D/S4URC   ( 3308): [SDK] [android.os.Environment] [getExternalStorageDirectory] [DirectoryPath][String] [/storage/sdcard0]
D/S4URC   ( 3308): [SDK] [java.io.File] [getPath] [FilePath][String] [/storage/sdcard0]
D/S4URC   ( 3308): [SDK] [android.os.Environment] [getExternalStorageDirectory] [DirectoryPath][String] [/storage/sdcard0]
D/S4URC   ( 3308): [SDK] [java.io.File] [Constructor] [FilePath][String] [/storage/sdcard0/kandroid]
D/S4URC   ( 3308): [SDK] [java.io.File] [exists] [FilePath][String] [/storage/sdcard0/kandroid]
D/S4URC   ( 3308): [SDK] [java.io.File] [getPath] [FilePath][String] [/storage/sdcard0/kandroid]
D/S4URC   ( 3308): [SDK] [java.io.File] [exists] [FilePath][String] [/storage/sdcard0/kandroid/user.uuid]
D/S4URC   ( 3308): [SDK] [java.io.File] [getPath] [FilePath][String] [/data/data/com.bz.ddxz]
D/S4URC   ( 3308): [SDK] [java.io.File] [exists] [FilePath][String] [/data/data/com.bz.ddxz/app_kandroid]
D/S4URC   ( 3308): [SDK] [java.io.File] [Constructor] [FilePath][String] [/data/data/com.bz.ddxz/app_kandroid]
D/S4URC   ( 3308): [SDK] [java.io.File] [exists] [FilePath][String] [/data/data/com.bz.ddxz/app_kandroid]
D/S4URC   ( 3308): [SDK] [java.io.File] [getPath] [FilePath][String] [/data/data/com.bz.ddxz/app_kandroid]
D/S4URC   ( 3308): [SDK] [java.io.File] [exists] [FilePath][String] [/data/data/com.bz.ddxz/app_kandroid/user.uuid]
D/S4URC   ( 3308): [SDK] [java.lang.Class] [forName] [FindClass][String] [com.sf.factory.ACI]
D/S4URC   ( 3308): [SDK] [java.io.File] [Constructor] [FilePath][String] [/proc/cpuinfo]
D/S4URC   ( 3308): [SDK] [java.io.File] [getPath] [FilePath][String] [/proc/cpuinfo]
D/S4URC   ( 3308): [SDK] [android.app.Activity][onCrate] [Class][ComponentInfo{com.bz.ddxz/com.bz.ddxz.SplashActivity}]
D/S4URC   ( 3308): [SDK] [java.lang.Class] [forName] [FindClass][String] [android.telephony.TelephonyManager]
D/S4URC   ( 3308): [SDK] [android.telephony.TelephonyManager] [getDeviceId]
D/S4URC   ( 3308): [SDK] [java.lang.Class] [forName] [FindClass][String] [android.telephony.TelephonyManager]
D/S4URC   ( 3308): [SDK] [java.lang.Class] [forName] [FindClass][String] [com.mediatek.telephony.TelephonyManagerEx]
D/S4URC   ( 3308): [SDK] [java.lang.Class] [forName] [FindClass][String] [com.android.internal.telephony.PhoneConstants]
D/S4URC   ( 3308): [SDK] [java.lang.Class] [forName] [FindClass][String] [android.telephony.SubscriptionManager]
D/S4URC   ( 3308): [SDK] [java.lang.Class] [forName] [FindClass][String] [android.telephony.TelephonyManager]
D/S4URC   ( 3308): [SDK] [android.telephony.TelephonyManager] [getDeviceId]
D/S4URC   ( 3308): [SDK] [java.lang.Class] [forName] [FindClass][String] [com.unicom.xiaowo.security.LocalSecurityService]
D/S4URC   ( 3308): [SDK] [java.lang.Class] [forName] [FindClass][String] [android.telephony.TelephonyManager]
D/S4URC   ( 3308): [SDK] [java.lang.Class] [forName] [FindClass][String] [com.android.internal.telephony.Phone]
D/S4URC   ( 3308): [SDK] [java.io.File] [Constructor] [FilePath][String] [/system/framework/mediatek-framework.jar]
D/S4URC   ( 3308): [SDK] [java.io.File] [exists] [FilePath][String] [/system/framework/mediatek-framework.jar]
D/S4URC   ( 3308): [SDK] [java.io.File] [Constructor] [FilePath][String] [/system/framework/com.mediatek.framework.jar]
D/S4URC   ( 3308): [SDK] [java.io.File] [exists] [FilePath][String] [/system/framework/com.mediatek.framework.jar]
D/S4URC   ( 3308): [SDK] [java.lang.Class] [forName] [FindClass][String] [com.mediatek.telephony.TelephonyManagerEx]
D/S4URC   ( 3308): [SDK] [java.lang.Class] [forName] [FindClass][String] [android.telephony.MSimTelephonyManager]
D/S4URC   ( 3308): [SDK] [java.lang.Class] [forName] [FindClass][String] [com.android.internal.telephony.PhoneFactory]
D/S4URC   ( 3308): [SDK] [android.app.ActivityManager] [getRunningServices]
D/S4URC   ( 3308): [SDK] [java.lang.Class] [forName] [FindClass][String] [android.telephony.MSimTelephonyManager]
D/S4URC   ( 3308): [SDK] [java.lang.Class] [forName] [FindClass][String] [android.telephony.TelephonyManager]
D/S4URC   ( 3308): [SDK] [android.telephony.TelephonyManager] [getDeviceId]
D/S4URC   ( 3308): [SDK] [java.lang.Class] [forName] [FindClass][String] [android.telephony.TelephonyManager]
D/S4URC   ( 3308): [SDK] [java.lang.Class] [forName] [FindClass][String] [com.mediatek.telephony.TelephonyManagerEx]
D/S4URC   ( 3308): [SDK] [java.lang.Class] [forName] [FindClass][String] [com.android.internal.telephony.PhoneConstants]
D/S4URC   ( 3308): [SDK] [java.lang.Class] [forName] [FindClass][String] [android.telephony.SubscriptionManager]
D/S4URC   ( 3308): [SDK] [java.lang.Class] [forName] [FindClass][String] [android.telephony.TelephonyManager]
D/S4URC   ( 3308): [SDK] [java.lang.Class] [forName] [FindClass][String] [com.android.internal.telephony.Phone]
D/S4URC   ( 3308): [SDK] [java.io.File] [Constructor] [FilePath][String] [/system/framework/mediatek-framework.jar]
D/S4URC   ( 3308): [SDK] [java.io.File] [exists] [FilePath][String] [/system/framework/mediatek-framework.jar]
D/S4URC   ( 3308): [SDK] [java.io.File] [Constructor] [FilePath][String] [/system/framework/com.mediatek.framework.jar]
D/S4URC   ( 3308): [SDK] [java.io.File] [exists] [FilePath][String] [/system/framework/com.mediatek.framework.jar]
D/S4URC   ( 3308): [SDK] [java.lang.Class] [forName] [FindClass][String] [com.mediatek.telephony.TelephonyManagerEx]
D/S4URC   ( 3308): [SDK] [java.lang.Class] [forName] [FindClass][String] [android.telephony.MSimTelephonyManager]
D/S4URC   ( 3308): [SDK] [java.lang.Class] [forName] [FindClass][String] [com.android.internal.telephony.PhoneFactory]
D/S4URC   ( 3308): [SDK] [java.lang.Class] [forName] [FindClass][String] [android.telephony.MSimTelephonyManager]
D/S4URC   ( 3367): [SDK] [java.io.File] [Constructor] [FilePath][String] [/data/app/com.bz.ddxz-1/lib/arm]
D/S4URC   ( 3367): [SDK] [java.io.File] [Constructor] [FilePath][String] [/vendor/lib]
D/S4URC   ( 3367): [SDK] [java.io.File] [Constructor] [FilePath][String] [/system/lib]
D/S4URC   ( 3367): [SDK] [java.lang.Class] [forName] [FindClass][String] [com.kandroid.android.plugin.A]
D/S4URC   ( 3308): [SDK] [java.lang.Class] [forName] [FindClass][String] [android.telephony.TelephonyManager]
D/S4URC   ( 3308): [SDK] [android.content.ContextWrapper] [registerReceiver][IntentFilter][com.unipay.secservice.action.SYNC,android.net.conn.CONNECTIVITY_CHANGE,com.unipay.secservice.action.CONNECT_ERROR,com.unipay.secservice.action.ERROR,com.unipay.secservice.action.DISCONNECT,com.unipay.secservice.action.RESTART_COMMUNICATION,
D/S4URC   ( 3308): [SDK] [android.telephony.TelephonyManager] [getSubscriberId]
D/S4URC   ( 3308): [SDK] [java.lang.Class] [forName] [FindClass][String] [com.unicom.xiaowo.pluginmgr.plugin1.SlientMgr]
D/S4URC   ( 3308): [SDK] [java.lang.Class] [forName] [FindClass][String] [android.telephony.TelephonyManager]
D/S4URC   ( 3308): [SDK] [android.content.ContextWrapper] [registerReceiver][IntentFilter][com.unipay.secservice.action.SYNC22222222,
D/S4URC   ( 3308): [SDK] [android.content.ContextWrapper] [registerReceiver][IntentFilter][android.intent.action.PACKAGE_ADDED,android.intent.action.PACKAGE_REPLACED,
D/S4URC   ( 3308): [SDK] [java.io.File] [Constructor] [FilePath][String] [/storage/sdcard0]
D/S4URC   ( 3308): [SDK] [java.io.File] [Constructor] [FilePath][String] [/storage/sdcard1]
D/S4URC   ( 3308): [SDK] [java.io.File] [Constructor] [FilePath][String] [/storage/usb2host]
D/S4URC   ( 3308): [SDK] [java.io.File] [Constructor] [FilePath][String] [/storage/usb3device]
D/S4URC   ( 3308): [SDK] [java.io.File] [Constructor] [FilePath][String] [/storage/usb3host]
D/S4URC   ( 3308): [SDK] [android.os.Environment] [getExternalStorageState] [ExternalStorageState][String] [mounted]
D/S4URC   ( 3308): [SDK] [java.io.File] [getPath] [FilePath][String] [/storage/sdcard0]
D/S4URC   ( 3308): [SDK] [android.os.Environment] [getExternalStorageDirectory] [DirectoryPath][String] [/storage/sdcard0]
D/S4URC   ( 3308): [SDK] [java.io.File] [Constructor] [FilePath][String] [/storage/sdcard0/wostoresecurity/data6.dat]
D/S4URC   ( 3308): [SDK] [java.io.File] [exists] [FilePath][String] [/storage/sdcard0/wostoresecurity/data6.dat]
D/S4URC   ( 3308): [SDK] [java.lang.Class] [forName] [FindClass][String] [com.unicom.xiaowo.pluginmgr.plugin3.AppMgr]
D/S4URC   ( 3308): [SDK] [android.content.Intent] [Constructor] [IntentInfo][String] [StartService]
D/S4URC   ( 3308): [SDK] [java.io.File] [getPath] [FilePath][String] [/data/data/com.bz.ddxz/shared_prefs/ka_data_appinfo.xml]
D/S4URC   ( 3308): [SDK] [android.content.Intent] [Constructor] [IntentInfo][String] [com.unipay.secservice.action.SYNC]
D/S4URC   ( 3308): [SDK] [android.content.ContextWrapper] [sendBroadcast] [Intent] Intent { act=com.unipay.secservice.action.SYNC flg=0x20 (has extras) } [ExtraInfo][key:value][sync_type:1]
D/S4URC   ( 3308): [SDK] [android.content.ContentResolver] [registerContentObserver] [URL][String] [content://settings/system/enable_stylus_gestures]
D/S4URC   ( 3308): [SDK] [android.content.ContextWrapper][getSharedPreferences] [File][ka_data_appinfo.xml] [MODE][MODE_PRIVATE]
D/S4URC   ( 3308): [SDK] [android.content.ContextWrapper][getSharedPreferences] [File][ka_data_appinfo.xml] [MODE][MODE_PRIVATE] [Method][getString] [String][channel] [Return][CPCP-BZRT-1042_2x]
D/S4URC   ( 3308): [SDK] [java.io.File] [Constructor] [FilePath][String] [/storage/sdcard0]
D/S4URC   ( 3308): [SDK] [java.io.File] [Constructor] [FilePath][String] [/storage/sdcard1]
D/S4URC   ( 3308): [SDK] [java.io.File] [Constructor] [FilePath][String] [/storage/usb2host]
D/S4URC   ( 3308): [SDK] [java.io.File] [Constructor] [FilePath][String] [/storage/usb3device]
D/S4URC   ( 3308): [SDK] [java.io.File] [Constructor] [FilePath][String] [/storage/usb3host]
D/S4URC   ( 3308): [SDK] [java.io.File] [Constructor] [FilePath][String] [/proc/meminfo]
D/S4URC   ( 3308): [SDK] [java.io.File] [getPath] [FilePath][String] [/proc/meminfo]
D/S4URC   ( 3308): [SDK] [android.os.Environment] [getExternalStorageState] [ExternalStorageState][String] [mounted]
D/S4URC   ( 3367): [SDK] [java.lang.Class] [forName] [FindClass][String] [com.android.org.conscrypt.OpenSSLMessageDigestJDK$MD5]
D/S4URC   ( 3308): [SDK] [java.io.File] [getPath] [FilePath][String] [/storage/sdcard0]
D/S4URC   ( 3308): [SDK] [android.os.Environment] [getExternalStorageDirectory] [DirectoryPath][String] [/storage/sdcard0]
D/S4URC   ( 3308): [SDK] [java.io.File] [Constructor] [FilePath][String] [/storage/sdcard0/wostoresecurity/data2.dat]
D/S4URC   ( 3308): [SDK] [java.io.File] [exists] [FilePath][String] [/storage/sdcard0/wostoresecurity/data2.dat]
D/S4URC   ( 3367): [SDK] [java.lang.Class] [forName] [FindClass][String] [android.os.ServiceManager]
D/S4URC   ( 3308): [SDK] [java.io.File] [Constructor] [FilePath][String] [/storage/sdcard0]
D/S4URC   ( 3367): [SDK] [java.lang.Class] [forName] [FindClass][String] [com.android.internal.telephony.IPhoneSubInfo$Stub]
D/S4URC   ( 3367): [SDK] [java.lang.Class] [forName] [FindClass][String] [android.os.ServiceManager]
D/S4URC   ( 3308): [SDK] [java.io.File] [Constructor] [FilePath][String] [/storage/sdcard0]
D/S4URC   ( 3308): [SDK] [java.io.File] [Constructor] [FilePath][String] [/storage/sdcard1]
D/S4URC   ( 3308): [SDK] [java.io.File] [Constructor] [FilePath][String] [/storage/usb2host]
D/S4URC   ( 3308): [SDK] [java.io.File] [Constructor] [FilePath][String] [/storage/usb3device]
D/S4URC   ( 3308): [SDK] [java.io.File] [Constructor] [FilePath][String] [/storage/usb3host]
D/S4URC   ( 3367): [SDK] [java.io.File] [Constructor] [FilePath][String] [/storage/sdcard0]
D/S4URC   ( 3308): [SDK] [java.io.File] [Constructor] [FilePath][String] [/storage/sdcard0]
D/S4URC   ( 3308): [SDK] [java.io.File] [Constructor] [FilePath][String] [/storage/sdcard1]
D/S4URC   ( 3308): [SDK] [java.io.File] [Constructor] [FilePath][String] [/storage/usb2host]
D/S4URC   ( 3308): [SDK] [java.io.File] [Constructor] [FilePath][String] [/storage/usb3device]
D/S4URC   ( 3308): [SDK] [android.os.Environment] [getExternalStorageState] [ExternalStorageState][String] [mounted]
D/S4URC   ( 3308): [SDK] [java.io.File] [getPath] [FilePath][String] [/storage/sdcard0]
D/S4URC   ( 3308): [SDK] [java.io.File] [Constructor] [FilePath][String] [/storage/usb3host]
D/S4URC   ( 3308): [SDK] [android.os.Environment] [getExternalStorageDirectory] [DirectoryPath][String] [/storage/sdcard0]
D/S4URC   ( 3308): [SDK] [java.io.File] [Constructor] [FilePath][String] [/storage/sdcard0/wostoresecurity/data50.dat]
D/S4URC   ( 3308): [SDK] [java.io.File] [exists] [FilePath][String] [/storage/sdcard0/wostoresecurity/data50.dat]
D/S4URC   ( 3367): [SDK] [java.io.File] [Constructor] [FilePath][String] [/storage/sdcard0]
D/S4URC   ( 3367): [SDK] [java.io.File] [Constructor] [FilePath][String] [/storage/sdcard1]
D/S4URC   ( 3367): [SDK] [java.io.File] [Constructor] [FilePath][String] [/storage/usb2host]
D/S4URC   ( 3367): [SDK] [java.io.File] [Constructor] [FilePath][String] [/storage/usb3device]
D/S4URC   ( 3367): [SDK] [java.io.File] [Constructor] [FilePath][String] [/storage/usb3host]
D/S4URC   ( 3308): [SDK] [android.os.Environment] [getExternalStorageState] [ExternalStorageState][String] [mounted]
D/S4URC   ( 3308): [SDK] [java.io.File] [getPath] [FilePath][String] [/storage/sdcard0]
D/S4URC   ( 3308): [SDK] [android.os.Environment] [getExternalStorageDirectory] [DirectoryPath][String] [/storage/sdcard0]
D/S4URC   ( 3308): [SDK] [java.io.File] [getPath] [FilePath][String] [/storage/sdcard0]
D/S4URC   ( 3308): [SDK] [android.os.Environment] [getExternalStorageDirectory] [DirectoryPath][String] [/storage/sdcard0]
D/S4URC   ( 3308): [SDK] [java.io.File] [Constructor] [FilePath][String] [/storage/sdcard0/kandroid]
