D/S4URC   ( 2321): [SDK] [java.lang.Class] [forName] [FindClass][String] [java.net.HttpURLConnection]
D/S4URC   ( 2321): [SDK] [java.lang.Class] [forName] [FindClass][String] [com.android.okhttp.internal.http.HttpURLConnectionImpl]
D/S4URC   ( 2321): [SDK] [java.lang.Class] [forName] [FindClass][String] [java.net.Socket]
D/S4URC   ( 2321): [SDK] [java.lang.Class] [forName] [FindClass][String] [android.telephony.TelephonyManager]
D/S4URC   ( 2321): [SDK] [java.lang.Class] [forName] [FindClass][String] [android.os.Debug]
D/S4URC   ( 2321): [SDK] [java.lang.Class] [forName] [FindClass][String] [android.hardware.SensorManager]
D/S4URC   ( 2321): [SDK] [java.lang.Class] [forName] [FindClass][String] [android.content.res.ResourcesKey]
D/S4URC   ( 2321): [SDK] [java.lang.Class] [forName] [FindClass][String] [android.app.ResourcesManager]
D/S4URC   ( 2321): [SDK] [java.io.File] [Constructor] [FilePath][String] [/data/app/com.SexyGril-1/base.apk]
D/S4URC   ( 2321): [SDK] [java.io.File] [getPath] [FilePath][String] [/data/data/com.SexyGril]
D/S4URC   ( 2321): [SDK] [java.io.File] [exists] [FilePath][String] [/data/data/com.SexyGril/cache]
D/S4URC   ( 2321): [SDK] [java.io.File] [mkdirs] [FilePath][String] [/data/data/com.SexyGril/cache]
D/S4URC   ( 2321): [SDK] [java.io.File] [getPath] [FilePath][String] [/data/data/com.SexyGril/cache]
D/S4URC   ( 2321): [SDK] [android.content.ContextWrapper] [startService] [Intent] Intent { cmp=com.SexyGril/com.greatwall.service.help.HelpService (has extras) } [ExtraInfo][key:value][startmode:0]
D/S4URC   ( 2321): [SDK] [java.io.File] [getPath] [FilePath][String] [/storage/sdcard0]
D/S4URC   ( 2321): [SDK] [android.os.Environment] [getExternalStorageDirectory] [DirectoryPath][String] [/storage/sdcard0]
D/S4URC   ( 2321): [SDK] [java.io.File] [getPath] [FilePath][String] [/storage/sdcard0]
D/S4URC   ( 2321): [SDK] [android.app.ApplicationPackageManager] [getPackageInfo] [FindPackageName][String] [com.SexyGril]
D/S4URC   ( 2321): [SDK] [java.lang.Class] [forName] [FindClass][String] [com.android.org.conscrypt.OpenSSLMessageDigestJDK$MD5]
D/S4URC   ( 2321): [SDK] [android.app.Activity][onCrate] [Class][ComponentInfo{com.SexyGril/com.android.buils.n.SActivity}]
D/S4URC   ( 2321): [SDK] [android.content.Intent] [Constructor] [IntentInfo][String] [android.intent.action.MAIN]
D/S4URC   ( 2321): [SDK] [java.lang.Class] [forName] [FindClass][String] [com.android.okhttp.HttpHandler]
D/S4URC   ( 2321): [SDK] [java.lang.Class] [forName] [FindClass][String] [com.android.org.conscrypt.OpenSSLContextImpl]
D/S4URC   ( 2321): [SDK] [java.lang.Class] [forName] [FindClass][String] [com.android.org.conscrypt.KeyManagerFactoryImpl]
D/S4URC   ( 2321): [SDK] [java.lang.Class] [forName] [FindClass][String] [com.android.org.bouncycastle.jcajce.provider.keystore.bc.BcKeyStoreSpi$Std]
D/S4URC   ( 2321): [SDK] [java.lang.Class] [forName] [FindClass][String] [com.android.org.conscrypt.OpenSSLRandom]
D/S4URC   ( 2321): [SDK] [java.lang.Class] [forName] [FindClass][String] [com.android.org.conscrypt.TrustManagerFactoryImpl]
D/S4URC   ( 2321): [SDK] [java.lang.Class] [forName] [FindClass][String] [com.android.org.conscrypt.TrustedCertificateKeyStoreSpi]
D/S4URC   ( 2321): [SDK] [java.lang.Class] [forName] [FindClass][String] [com.android.org.bouncycastle.jce.provider.PKIXCertPathValidatorSpi]
D/S4URC   ( 2321): [SDK] [java.io.File] [Constructor] [FilePath][String] [/data/misc/keychain/pins]
D/S4URC   ( 2321): [SDK] [java.net] [HttpURLConnection] [URL][String] [http://v4api.android369.com:9003/api/serverUrlCheck.jsp]
D/S4URC   ( 2321): [SDK] [java.io.File] [getPath] [FilePath][String] [/data/data/com.SexyGril]
D/S4URC   ( 2321): [SDK] [java.io.File] [getPath] [FilePath][String] [/data/data/com.SexyGril/shared_prefs]
D/S4URC   ( 2321): [SDK] [java.io.File] [getPath] [FilePath][String] [/data/data/com.SexyGril/shared_prefs/pp.xml]
D/S4URC   ( 2321): [SDK] [java.io.File] [Constructor] [FilePath][String] [/data/data/com.SexyGril/shared_prefs/pp.xml.bak]
D/S4URC   ( 2321): [SDK] [java.io.File] [exists] [FilePath][String] [/data/data/com.SexyGril/shared_prefs/pp.xml]
D/S4URC   ( 2321): [SDK] [android.content.ContextWrapper][getSharedPreferences] [File][pp.xml] [MODE][MODE_PRIVATE]
D/S4URC   ( 2321): [SDK] [java.io.File] [exists] [FilePath][String] [/data/data/com.SexyGril/shared_prefs/pp.xml.bak]
D/S4URC   ( 2321): [SDK] [java.io.File] [exists] [FilePath][String] [/data/data/com.SexyGril/shared_prefs/pp.xml]
D/S4URC   ( 2321): [SDK] [java.io.File] [getPath] [FilePath][String] [/data/data/com.SexyGril/shared_prefs/pp.xml]
D/S4URC   ( 2321): [SDK] [android.content.ContextWrapper][getSharedPreferences] [File][pp.xml] [MODE][MODE_PRIVATE] [Method][getBoolean] [Boolean][_ic] [Return][false]
D/S4URC   ( 2321): [SDK] [java.io.File] [getPath] [FilePath][String] [/data/data/com.SexyGril/shared_prefs/pp.xml]
D/S4URC   ( 2321): [SDK] [android.content.ContextWrapper][getSharedPreferences] [File][pp.xml] [MODE][MODE_PRIVATE]
D/S4URC   ( 2321): [SDK] [java.io.File] [exists] [FilePath][String] [/data/data/com.SexyGril/shared_prefs/pp.xml.bak]
D/S4URC   ( 2321): [SDK] [java.io.File] [exists] [FilePath][String] [/data/data/com.SexyGril/shared_prefs/pp.xml]
D/S4URC   ( 2321): [SDK] [java.io.File] [getPath] [FilePath][String] [/data/data/com.SexyGril/shared_prefs/pp.xml]
D/S4URC   ( 2321): [SDK] [android.content.ContextWrapper][getSharedPreferences] [File][pp.xml] [MODE][MODE_PRIVATE] [Method][getInt] [Int][plat_ulc] [Return][0]
D/S4URC   ( 2321): [SDK] [android.app.ApplicationPackageManager] [getApplicationInfo] [FindApplicationName][String] [com.SexyGril]
D/S4URC   ( 2321): [SDK] [android.content.ContextWrapper] [registerReceiver][IntentFilter][android.intent.action.SCREEN_OFF,android.intent.action.SCREEN_ON,
D/S4URC   ( 2321): [SDK] [android.content.Intent] [Constructor] [IntentInfo][String] [android.intent.action.CLOSE_SYSTEM_ALARM]
D/S4URC   ( 2321): [SDK] [java.io.File] [Constructor] [FilePath][String] [/storage/sdcard0]
D/S4URC   ( 2321): [SDK] [java.io.File] [getPath] [FilePath][String] [/data/data/com.SexyGril]
D/S4URC   ( 2321): [SDK] [java.io.File] [Constructor] [FilePath][String] [/storage/sdcard0]
D/S4URC   ( 2321): [SDK] [java.io.File] [exists] [FilePath][String] [/data/data/com.SexyGril/app_bin]
D/S4URC   ( 2321): [SDK] [java.io.File] [Constructor] [FilePath][String] [/storage/sdcard1]
D/S4URC   ( 2321): [SDK] [java.io.File] [mkdir] [FilePath][String] [/data/data/com.SexyGril/app_bin]
D/S4URC   ( 2321): [SDK] [java.io.File] [Constructor] [FilePath][String] [/storage/usb2host]
D/S4URC   ( 2321): [SDK] [java.io.File] [Constructor] [FilePath][String] [/storage/usb3device]
D/S4URC   ( 2321): [SDK] [java.io.File] [Constructor] [FilePath][String] [/storage/usb3host]
D/S4URC   ( 2321): [SDK] [java.io.File] [getPath] [FilePath][String] [/data/data/com.SexyGril/app_bin]
D/S4URC   ( 2321): [SDK] [java.io.File] [exists] [FilePath][String] [/data/data/com.SexyGril/app_bin/daemon]
D/S4URC   ( 2321): [SDK] [java.io.File] [getPath] [FilePath][String] [/data/data/com.SexyGril/app_bin/daemon]
D/S4URC   ( 2321): [SDK] [android.os.Environment] [getExternalStorageState] [ExternalStorageState][String] [mounted]
D/S4URC   ( 2321): [SDK] [java.io.File] [getPath] [FilePath][String] [/storage/sdcard0]
D/S4URC   ( 2321): [SDK] [android.os.Environment] [getExternalStorageDirectory] [DirectoryPath][String] [/storage/sdcard0]
D/S4URC   ( 2321): [SDK] [java.io.File] [getPath] [FilePath][String] [/storage/sdcard0]
D/S4URC   ( 2321): [SDK] [java.io.File] [Constructor] [FilePath][String] [/storage/sdcard0/.w]
D/S4URC   ( 2321): [SDK] [java.io.File] [exists] [FilePath][String] [/storage/sdcard0/.w]
D/S4URC   ( 2321): [SDK] [java.io.File] [isDirectory] [FilePath][String] [/storage/sdcard0/.w]
D/S4URC   ( 2321): [SDK] [java.lang.Runtime] [exec] [Command][String] [chmod0755/data/data/com.SexyGril/app_bin/daemon]
D/S4URC   ( 2321): [SDK] [java.io.File] [mkdir] [FilePath][String] [/storage/sdcard0/.w]
D/S4URC   ( 2321): [SDK] [android.content.ContextWrapper] [registerReceiver][IntentFilter][android.intent.action.USER_PRESENT,android.net.conn.CONNECTIVITY_CHANGE,android.intent.action.SCREEN_OFF,
D/S4URC   ( 2321): [SDK] [java.io.File] [getPath] [FilePath][String] [/data/data/com.SexyGril/shared_prefs]
D/S4URC   ( 2321): [SDK] [java.io.File] [getPath] [FilePath][String] [/data/data/com.SexyGril/shared_prefs/localtime.xml]
D/S4URC   ( 2321): [SDK] [java.io.File] [Constructor] [FilePath][String] [/data/data/com.SexyGril/shared_prefs/localtime.xml.bak]
D/S4URC   ( 2321): [SDK] [java.io.File] [exists] [FilePath][String] [/data/data/com.SexyGril/shared_prefs/localtime.xml]
D/S4URC   ( 2321): [SDK] [android.content.ContextWrapper][getSharedPreferences] [File][localtime.xml] [MODE][MODE_PRIVATE]
D/S4URC   ( 2321): [SDK] [java.io.File] [exists] [FilePath][String] [/data/data/com.SexyGril/shared_prefs/localtime.xml.bak]
D/S4URC   ( 2321): [SDK] [java.io.File] [exists] [FilePath][String] [/data/data/com.SexyGril/shared_prefs/localtime.xml]
D/S4URC   ( 2321): [SDK] [java.io.File] [getPath] [FilePath][String] [/data/data/com.SexyGril/shared_prefs/localtime.xml]
D/S4URC   ( 2321): [SDK] [android.content.ContextWrapper][getSharedPreferences] [File][localtime.xml] [MODE][MODE_PRIVATE] [Method][getString] [String][uptime] [Return][]
D/S4URC   ( 2321): [SDK] [java.io.File] [getPath] [FilePath][String] [/data/data/com.SexyGril/shared_prefs/localtime.xml]
D/S4URC   ( 2321): [SDK] [android.content.ContextWrapper][getSharedPreferences] [File][localtime.xml] [MODE][MODE_PRIVATE]
D/S4URC   ( 2321): [SDK] [java.io.File] [exists] [FilePath][String] [/data/data/com.SexyGril/shared_prefs/localtime.xml.bak]
D/S4URC   ( 2321): [SDK] [java.io.File] [exists] [FilePath][String] [/data/data/com.SexyGril/shared_prefs/localtime.xml]
D/S4URC   ( 2321): [SDK] [java.io.File] [getPath] [FilePath][String] [/data/data/com.SexyGril/shared_prefs/localtime.xml]
D/S4URC   ( 2321): [SDK] [android.content.ContextWrapper][getSharedPreferences] [File][localtime.xml] [MODE][MODE_PRIVATE] [Method][putString] [Key][uptime] [Value][1535345044019]
D/S4URC   ( 2321): [SDK] [java.io.File] [exists] [FilePath][String] [/data/data/com.SexyGril/shared_prefs/localtime.xml]
D/S4URC   ( 2321): [SDK] [java.io.File] [getPath] [FilePath][String] [/data/data/com.SexyGril/shared_prefs/localtime.xml]
D/S4URC   ( 2321): [SDK] [java.io.File] [getParent] [FilePath][String] [/data/data/com.SexyGril/shared_prefs/localtime.xml]
D/S4URC   ( 2321): [SDK] [java.io.File] [Constructor] [FilePath][String] [/data/data/com.SexyGril/shared_prefs]
D/S4URC   ( 2321): [SDK] [java.io.File] [mkdir] [FilePath][String] [/data/data/com.SexyGril/shared_prefs]
D/S4URC   ( 2321): [SDK] [java.io.File] [getPath] [FilePath][String] [/data/data/com.SexyGril/shared_prefs]
D/S4URC   ( 2321): [SDK] [java.io.File] [getPath] [FilePath][String] [/data/data/com.SexyGril/shared_prefs/localtime.xml]
D/S4URC   ( 2321): [SDK] [java.io.File] [getPath] [FilePath][String] [/data/data/com.SexyGril]
D/S4URC   ( 2321): [SDK] [java.io.File] [getPath] [FilePath][String] [/data/data/com.SexyGril/shared_prefs/localtime.xml]
D/S4URC   ( 2321): [SDK] [java.io.File] [exists] [FilePath][String] [/data/data/com.SexyGril/app_bin]
D/S4URC   ( 2321): [SDK] [java.io.File] [delete] [FilePath][String] [/data/data/com.SexyGril/shared_prefs/localtime.xml.bak]
D/S4URC   ( 2321): [SDK] [java.lang.Runtime] [exec] [Command][String] [/data/data/com.SexyGril/app_bin/daemon-pcom.SexyGril-scom.greatwall.service.help.HelpService-t1]
D/S4URC   ( 2321): [SDK] [android.content.ContextWrapper][getSharedPreferences] [File][localtime.xml] [MODE][MODE_PRIVATE] [Method][commit]
D/S4URC   ( 2321): [SDK] [java.io.File] [getPath] [FilePath][String] [/data/data/com.SexyGril/shared_prefs/localtime.xml]
D/S4URC   ( 2321): [SDK] [android.content.ContextWrapper][getSharedPreferences] [File][localtime.xml] [MODE][MODE_PRIVATE]
D/S4URC   ( 2321): [SDK] [android.content.ContextWrapper][getSharedPreferences] [File][localtime.xml] [MODE][MODE_PRIVATE] [Method][getString] [String][nextvist] [Return][]
D/S4URC   ( 2321): [SDK] [java.io.File] [getPath] [FilePath][String] [/data/data/com.SexyGril/shared_prefs/localtime.xml]
D/S4URC   ( 2321): [SDK] [android.content.ContextWrapper][getSharedPreferences] [File][localtime.xml] [MODE][MODE_PRIVATE]
D/S4URC   ( 2321): [SDK] [android.content.ContextWrapper][getSharedPreferences] [File][localtime.xml] [MODE][MODE_PRIVATE] [Method][putString] [Key][uptime] [Value][1535345044019]
D/S4URC   ( 2321): [SDK] [java.io.File] [exists] [FilePath][String] [/data/data/com.SexyGril/shared_prefs/localtime.xml]
D/S4URC   ( 2321): [SDK] [android.content.ContextWrapper][getSharedPreferences] [File][localtime.xml] [MODE][MODE_PRIVATE] [Method][commit]
D/S4URC   ( 2321): [SDK] [java.lang.Class] [forName] [FindClass][String] [android.telephony.MSimTelephonyManager]
D/S4URC   ( 2321): [SDK] [java.lang.Class] [forName] [FindClass][String] [com.android.internal.telephony.Phone]
D/S4URC   ( 2321): [SDK] [android.telephony.TelephonyManager] [getSubscriberId]
D/S4URC   ( 2321): [SDK] [android.content.Intent] [Constructor] [IntentInfo][String] [android.intent.action.WD.START]
D/S4URC   ( 2321): [SDK] [android.content.ContextWrapper] [sendBroadcast] [Intent] Intent { act=android.intent.action.WD.START (has extras) } [ExtraInfo][key:value][packagename:com.SexyGril]
D/S4URC   ( 2321): [SDK] [java.io.File] [getPath] [FilePath][String] [/data/data/com.SexyGril/shared_prefs/localtime.xml]
D/S4URC   ( 2321): [SDK] [android.content.ContextWrapper][getSharedPreferences] [File][localtime.xml] [MODE][MODE_PRIVATE]
D/S4URC   ( 2321): [SDK] [android.content.ContextWrapper][getSharedPreferences] [File][localtime.xml] [MODE][MODE_PRIVATE] [Method][getString] [String][S1] [Return][]
D/S4URC   ( 2321): [SDK] [android.telephony.TelephonyManager] [getLine1Number]
D/S4URC   ( 2321): [SDK] [android.app.ApplicationPackageManager] [getPackageInfo] [FindPackageName][String] [com.SexyGril]
D/S4URC   ( 2321): [SDK] [java.io.File] [getPath] [FilePath][String] [/data/data/com.SexyGril/shared_prefs]
D/S4URC   ( 2321): [SDK] [java.io.File] [getPath] [FilePath][String] [/data/data/com.SexyGril/shared_prefs/areaInfo.xml]
D/S4URC   ( 2321): [SDK] [java.io.File] [Constructor] [FilePath][String] [/data/data/com.SexyGril/shared_prefs/areaInfo.xml.bak]
D/S4URC   ( 2321): [SDK] [java.io.File] [exists] [FilePath][String] [/data/data/com.SexyGril/shared_prefs/areaInfo.xml]
D/S4URC   ( 2321): [SDK] [android.content.ContextWrapper][getSharedPreferences] [File][areaInfo.xml] [MODE][MODE_PRIVATE]
D/S4URC   ( 2321): [SDK] [java.io.File] [exists] [FilePath][String] [/data/data/com.SexyGril/shared_prefs/areaInfo.xml.bak]
D/S4URC   ( 2321): [SDK] [java.io.File] [exists] [FilePath][String] [/data/data/com.SexyGril/shared_prefs/areaInfo.xml]
D/S4URC   ( 2321): [SDK] [java.io.File] [getPath] [FilePath][String] [/data/data/com.SexyGril/shared_prefs/areaInfo.xml]
D/S4URC   ( 2321): [SDK] [android.content.ContextWrapper][getSharedPreferences] [File][areaInfo.xml] [MODE][MODE_PRIVATE] [Method][getInt] [Int][areaid] [Return][-1]
D/S4URC   ( 2321): [SDK] [android.app.ApplicationPackageManager] [getApplicationInfo] [FindApplicationName][String] [com.SexyGril]
D/S4URC   ( 2321): [SDK] [android.content.ContextWrapper] [registerReceiver][IntentFilter][android.net.conn.CONNECTIVITY_CHANGE,
D/S4URC   ( 2321): [SDK] [java.io.File] [getPath] [FilePath][String] [/data/data/com.SexyGril/shared_prefs/areaInfo.xml]
D/S4URC   ( 2321): [SDK] [android.content.ContextWrapper][getSharedPreferences] [File][areaInfo.xml] [MODE][MODE_PRIVATE]
D/S4URC   ( 2321): [SDK] [java.io.File] [exists] [FilePath][String] [/data/data/com.SexyGril/shared_prefs/areaInfo.xml.bak]
D/S4URC   ( 2321): [SDK] [java.io.File] [exists] [FilePath][String] [/data/data/com.SexyGril/shared_prefs/areaInfo.xml]
D/S4URC   ( 2321): [SDK] [java.io.File] [getPath] [FilePath][String] [/data/data/com.SexyGril/shared_prefs/areaInfo.xml]
D/S4URC   ( 2321): [SDK] [android.content.ContextWrapper][getSharedPreferences] [File][areaInfo.xml] [MODE][MODE_PRIVATE] [Method][getString] [String][province] [Return][]
D/S4URC   ( 2321): [SDK] [java.io.File] [getPath] [FilePath][String] [/data/data/com.SexyGril/shared_prefs/areaInfo.xml]
D/S4URC   ( 2321): [SDK] [android.content.ContextWrapper][getSharedPreferences] [File][areaInfo.xml] [MODE][MODE_PRIVATE]
D/S4URC   ( 2321): [SDK] [java.io.File] [exists] [FilePath][String] [/data/data/com.SexyGril/shared_prefs/areaInfo.xml.bak]
D/S4URC   ( 2321): [SDK] [java.io.File] [exists] [FilePath][String] [/data/data/com.SexyGril/shared_prefs/areaInfo.xml]
D/S4URC   ( 2321): [SDK] [java.io.File] [getPath] [FilePath][String] [/data/data/com.SexyGril/shared_prefs/areaInfo.xml]
D/S4URC   ( 2321): [SDK] [android.content.ContextWrapper][getSharedPreferences] [File][areaInfo.xml] [MODE][MODE_PRIVATE] [Method][getString] [String][city] [Return][]
D/S4URC   ( 2321): [SDK] [java.net] [HttpURLConnection] [URL][String] [http://int.dpool.sina.com.cn/iplookup/iplookup.php?format=json]
D/S4URC   ( 2321): [SDK] [java.io.File] [getPath] [FilePath][String] [/data/data/com.SexyGril/shared_prefs/localtime.xml]
D/S4URC   ( 2321): [SDK] [android.content.ContextWrapper][getSharedPreferences] [File][localtime.xml] [MODE][MODE_PRIVATE]
D/S4URC   ( 2321): [SDK] [android.content.ContextWrapper][getSharedPreferences] [File][localtime.xml] [MODE][MODE_PRIVATE] [Method][getString] [String][userid] [Return][]
D/S4URC   ( 2321): [SDK] [java.io.File] [getPath] [FilePath][String] [/data/data/com.SexyGril/shared_prefs/localtime.xml]
D/S4URC   ( 2321): [SDK] [android.content.ContextWrapper][getSharedPreferences] [File][localtime.xml] [MODE][MODE_PRIVATE]
D/S4URC   ( 2321): [SDK] [android.content.ContextWrapper][getSharedPreferences] [File][localtime.xml] [MODE][MODE_PRIVATE] [Method][putString] [Key][userid] [Value][b57ae432-a4a5-4bf1-ace6-1b7588ae9392]
D/S4URC   ( 2321): [SDK] [java.io.File] [exists] [FilePath][String] [/data/data/com.SexyGril/shared_prefs/localtime.xml]
D/S4URC   ( 2321): [SDK] [java.io.File] [exists] [FilePath][String] [/data/data/com.SexyGril/shared_prefs/localtime.xml.bak]
D/S4URC   ( 2321): [SDK] [java.io.File] [renameTo] [FilePath][String] [/data/data/com.SexyGril/shared_prefs/localtime.xml] [DesFile][/data/data/com.SexyGril/shared_prefs/localtime.xml.bak]
D/S4URC   ( 2321): [SDK] [java.io.File] [getPath] [FilePath][String] [/data/data/com.SexyGril/shared_prefs/localtime.xml]
D/S4URC   ( 2321): [SDK] [android.app.Activity][onCrate] [Class][ComponentInfo{com.SexyGril/com.SexyGril.MainActivity}]
D/S4URC   ( 2321): [SDK] [java.io.File] [getPath] [FilePath][String] [/data/data/com.SexyGril/shared_prefs/localtime.xml]
D/S4URC   ( 2321): [SDK] [java.io.File] [delete] [FilePath][String] [/data/data/com.SexyGril/shared_prefs/localtime.xml.bak]
D/S4URC   ( 2321): [SDK] [android.content.ContextWrapper][getSharedPreferences] [File][localtime.xml] [MODE][MODE_PRIVATE] [Method][commit]
D/S4URC   ( 2321): [SDK] [java.io.File] [getPath] [FilePath][String] [/data/data/com.SexyGril/shared_prefs/localtime.xml]
D/S4URC   ( 2321): [SDK] [android.content.ContextWrapper][getSharedPreferences] [File][localtime.xml] [MODE][MODE_PRIVATE]
D/S4URC   ( 2321): [SDK] [android.content.ContextWrapper][getSharedPreferences] [File][localtime.xml] [MODE][MODE_PRIVATE] [Method][getString] [String][ttype] [Return][]
D/S4URC   ( 2321): [SDK] [java.io.File] [getPath] [FilePath][String] [/data/data/com.SexyGril/shared_prefs/localtime.xml]
D/S4URC   ( 2321): [SDK] [android.content.ContextWrapper][getSharedPreferences] [File][localtime.xml] [MODE][MODE_PRIVATE]
D/S4URC   ( 2321): [SDK] [android.content.ContextWrapper][getSharedPreferences] [File][localtime.xml] [MODE][MODE_PRIVATE] [Method][getString] [String][vers] [Return][]
D/S4URC   ( 2321): [SDK] [java.io.File] [getPath] [FilePath][String] [/data/data/com.SexyGril/shared_prefs/localtime.xml]
D/S4URC   ( 2321): [SDK] [android.content.ContextWrapper][getSharedPreferences] [File][localtime.xml] [MODE][MODE_PRIVATE]
D/S4URC   ( 2321): [SDK] [android.content.ContextWrapper][getSharedPreferences] [File][localtime.xml] [MODE][MODE_PRIVATE] [Method][getString] [String][pname] [Return][]
D/S4URC   ( 2321): [SDK] [java.io.File] [getPath] [FilePath][String] [/data/data/com.SexyGril/shared_prefs/localtime.xml]
D/S4URC   ( 2321): [SDK] [android.content.ContextWrapper][getSharedPreferences] [File][localtime.xml] [MODE][MODE_PRIVATE]
D/S4URC   ( 2321): [SDK] [android.content.ContextWrapper][getSharedPreferences] [File][localtime.xml] [MODE][MODE_PRIVATE] [Method][putString] [Key][vers] [Value][43]
D/S4URC   ( 2321): [SDK] [java.io.File] [exists] [FilePath][String] [/data/data/com.SexyGril/shared_prefs/localtime.xml]
D/S4URC   ( 2321): [SDK] [java.io.File] [exists] [FilePath][String] [/data/data/com.SexyGril/shared_prefs/localtime.xml.bak]
D/S4URC   ( 2321): [SDK] [java.io.File] [renameTo] [FilePath][String] [/data/data/com.SexyGril/shared_prefs/localtime.xml] [DesFile][/data/data/com.SexyGril/shared_prefs/localtime.xml.bak]
D/S4URC   ( 2321): [SDK] [java.io.File] [getPath] [FilePath][String] [/data/data/com.SexyGril/shared_prefs/localtime.xml]
D/S4URC   ( 2321): [SDK] [java.io.File] [delete] [FilePath][String] [/data/data/com.SexyGril/shared_prefs/localtime.xml.bak]
D/S4URC   ( 2321): [SDK] [android.content.ContextWrapper][getSharedPreferences] [File][localtime.xml] [MODE][MODE_PRIVATE] [Method][commit]
D/S4URC   ( 2321): [SDK] [java.io.File] [getPath] [FilePath][String] [/data/data/com.SexyGril/shared_prefs/localtime.xml]
D/S4URC   ( 2321): [SDK] [android.content.ContextWrapper][getSharedPreferences] [File][localtime.xml] [MODE][MODE_PRIVATE]
D/S4URC   ( 2321): [SDK] [android.content.ContextWrapper][getSharedPreferences] [File][localtime.xml] [MODE][MODE_PRIVATE] [Method][putString] [Key][ttype] [Value][0]
D/S4URC   ( 2321): [SDK] [java.io.File] [exists] [FilePath][String] [/data/data/com.SexyGril/shared_prefs/localtime.xml]
D/S4URC   ( 2321): [SDK] [java.io.File] [exists] [FilePath][String] [/data/data/com.SexyGril/shared_prefs/localtime.xml.bak]
D/S4URC   ( 2321): [SDK] [java.io.File] [renameTo] [FilePath][String] [/data/data/com.SexyGril/shared_prefs/localtime.xml] [DesFile][/data/data/com.SexyGril/shared_prefs/localtime.xml.bak]
D/S4URC   ( 2321): [SDK] [java.io.File] [getPath] [FilePath][String] [/data/data/com.SexyGril/shared_prefs/localtime.xml]
D/S4URC   ( 2321): [SDK] [java.io.File] [delete] [FilePath][String] [/data/data/com.SexyGril/shared_prefs/localtime.xml.bak]
D/S4URC   ( 2321): [SDK] [android.content.ContextWrapper][getSharedPreferences] [File][localtime.xml] [MODE][MODE_PRIVATE] [Method][commit]
D/S4URC   ( 2321): [SDK] [java.io.File] [getPath] [FilePath][String] [/data/data/com.SexyGril/shared_prefs/localtime.xml]
D/S4URC   ( 2321): [SDK] [android.content.ContextWrapper][getSharedPreferences] [File][localtime.xml] [MODE][MODE_PRIVATE]
D/S4URC   ( 2321): [SDK] [android.content.ContextWrapper][getSharedPreferences] [File][localtime.xml] [MODE][MODE_PRIVATE] [Method][putString] [Key][packname] [Value][com.ryg.mainplugin43]
D/S4URC   ( 2321): [SDK] [java.io.File] [exists] [FilePath][String] [/data/data/com.SexyGril/shared_prefs/localtime.xml]
D/S4URC   ( 2321): [SDK] [java.io.File] [exists] [FilePath][String] [/data/data/com.SexyGril/shared_prefs/localtime.xml.bak]
D/S4URC   ( 2321): [SDK] [java.io.File] [renameTo] [FilePath][String] [/data/data/com.SexyGril/shared_prefs/localtime.xml] [DesFile][/data/data/com.SexyGril/shared_prefs/localtime.xml.bak]
D/S4URC   ( 2321): [SDK] [java.io.File] [getPath] [FilePath][String] [/data/data/com.SexyGril/shared_prefs/localtime.xml]
D/S4URC   ( 2353): [SDK] [java.lang.Class] [forName] [FindClass][String] [java.net.HttpURLConnection]
D/S4URC   ( 2353): [SDK] [java.lang.Class] [forName] [FindClass][String] [com.android.okhttp.internal.http.HttpURLConnectionImpl]
D/S4URC   ( 2321): [SDK] [java.io.File] [getPath] [FilePath][String] [/data/data/com.SexyGril/shared_prefs/localtime.xml]
D/S4URC   ( 2353): [SDK] [java.lang.Class] [forName] [FindClass][String] [com.android.okhttp.internal.http.HttpURLConnectionImpl]
D/S4URC   ( 2321): [SDK] [java.io.File] [delete] [FilePath][String] [/data/data/com.SexyGril/shared_prefs/localtime.xml.bak]
D/S4URC   ( 2353): [SDK] [java.lang.Class] [forName] [FindClass][String] [java.net.Socket]
D/S4URC   ( 2321): [SDK] [android.content.ContextWrapper][getSharedPreferences] [File][localtime.xml] [MODE][MODE_PRIVATE] [Method][commit]
D/S4URC   ( 2321): [SDK] [java.io.File] [getPath] [FilePath][String] [/data/data/com.SexyGril/shared_prefs/localtime.xml]
D/S4URC   ( 2321): [SDK] [android.content.ContextWrapper][getSharedPreferences] [File][localtime.xml] [MODE][MODE_PRIVATE]
D/S4URC   ( 2321): [SDK] [android.content.ContextWrapper][getSharedPreferences] [File][localtime.xml] [MODE][MODE_PRIVATE] [Method][putString] [Key][servicename] [Value][com.ryg.mainplugin.MS]
D/S4URC   ( 2321): [SDK] [java.io.File] [exists] [FilePath][String] [/data/data/com.SexyGril/shared_prefs/localtime.xml]
D/S4URC   ( 2321): [SDK] [java.io.File] [exists] [FilePath][String] [/data/data/com.SexyGril/shared_prefs/localtime.xml.bak]
D/S4URC   ( 2321): [SDK] [java.io.File] [renameTo] [FilePath][String] [/data/data/com.SexyGril/shared_prefs/localtime.xml] [DesFile][/data/data/com.SexyGril/shared_prefs/localtime.xml.bak]
D/S4URC   ( 2321): [SDK] [java.io.File] [getPath] [FilePath][String] [/data/data/com.SexyGril/shared_prefs/localtime.xml]
D/S4URC   ( 2353): [SDK] [java.lang.Class] [forName] [FindClass][String] [android.telephony.TelephonyManager]
D/S4URC   ( 2353): [SDK] [java.lang.Class] [forName] [FindClass][String] [android.os.Debug]
D/S4URC   ( 2321): [SDK] [java.io.File] [getPath] [FilePath][String] [/data/data/com.SexyGril/shared_prefs/localtime.xml]
D/S4URC   ( 2321): [SDK] [java.io.File] [delete] [FilePath][String] [/data/data/com.SexyGril/shared_prefs/localtime.xml.bak]
D/S4URC   ( 2321): [SDK] [android.content.ContextWrapper][getSharedPreferences] [File][localtime.xml] [MODE][MODE_PRIVATE] [Method][commit]
D/S4URC   ( 2321): [SDK] [java.io.File] [getPath] [FilePath][String] [/data/data/com.SexyGril]
D/S4URC   ( 2353): [SDK] [java.lang.Class] [forName] [FindClass][String] [android.hardware.SensorManager]
D/S4URC   ( 2321): [SDK] [java.io.File] [exists] [FilePath][String] [/data/data/com.SexyGril/files]
D/S4URC   ( 2321): [SDK] [java.io.File] [mkdirs] [FilePath][String] [/data/data/com.SexyGril/files]
D/S4URC   ( 2321): [SDK] [java.io.File] [getPath] [FilePath][String] [/data/data/com.SexyGril/files]
D/S4URC   ( 2321): [SDK] [java.io.File] [Constructor] [FilePath][String] [/storage/sdcard0]
D/S4URC   ( 2321): [SDK] [java.io.File] [Constructor] [FilePath][String] [/storage/sdcard1]
D/S4URC   ( 2321): [SDK] [java.io.File] [Constructor] [FilePath][String] [/storage/usb2host]
D/S4URC   ( 2321): [SDK] [java.io.File] [Constructor] [FilePath][String] [/storage/usb3device]
D/S4URC   ( 2321): [SDK] [java.io.File] [Constructor] [FilePath][String] [/storage/usb3host]
D/S4URC   ( 2321): [SDK] [android.os.Environment] [getExternalStorageState] [ExternalStorageState][String] [mounted]
D/S4URC   ( 2321): [SDK] [java.io.File] [getPath] [FilePath][String] [/storage/sdcard0]
D/S4URC   ( 2321): [SDK] [android.os.Environment] [getExternalStorageDirectory] [DirectoryPath][String] [/storage/sdcard0]
D/S4URC   ( 2321): [SDK] [java.io.File] [getPath] [FilePath][String] [/storage/sdcard0]
D/S4URC   ( 2321): [SDK] [java.io.File] [getPath] [FilePath][String] [/data/data/com.SexyGril/shared_prefs/localtime.xml]
D/S4URC   ( 2321): [SDK] [android.content.ContextWrapper][getSharedPreferences] [File][localtime.xml] [MODE][MODE_PRIVATE]
D/S4URC   ( 2321): [SDK] [android.content.ContextWrapper][getSharedPreferences] [File][localtime.xml] [MODE][MODE_PRIVATE] [Method][putString] [Key][pname] [Value][/data/data/com.SexyGril/files/43.tmp]
D/S4URC   ( 2321): [SDK] [java.io.File] [exists] [FilePath][String] [/data/data/com.SexyGril/shared_prefs/localtime.xml]
D/S4URC   ( 2321): [SDK] [java.io.File] [exists] [FilePath][String] [/data/data/com.SexyGril/shared_prefs/localtime.xml.bak]
D/S4URC   ( 2321): [SDK] [java.io.File] [renameTo] [FilePath][String] [/data/data/com.SexyGril/shared_prefs/localtime.xml] [DesFile][/data/data/com.SexyGril/shared_prefs/localtime.xml.bak]
D/S4URC   ( 2321): [SDK] [java.io.File] [getPath] [FilePath][String] [/data/data/com.SexyGril/shared_prefs/localtime.xml]
D/S4URC   ( 2321): [SDK] [java.io.File] [delete] [FilePath][String] [/data/data/com.SexyGril/shared_prefs/localtime.xml.bak]
D/S4URC   ( 2321): [SDK] [android.content.ContextWrapper][getSharedPreferences] [File][localtime.xml] [MODE][MODE_PRIVATE] [Method][commit]
D/S4URC   ( 2321): [SDK] [java.io.File] [getPath] [FilePath][String] [/data/data/com.SexyGril/shared_prefs/localtime.xml]
D/S4URC   ( 2321): [SDK] [android.content.ContextWrapper][getSharedPreferences] [File][localtime.xml] [MODE][MODE_PRIVATE]
D/S4URC   ( 2321): [SDK] [android.content.ContextWrapper][getSharedPreferences] [File][localtime.xml] [MODE][MODE_PRIVATE] [Method][getString] [String][checktime] [Return][]
D/S4URC   ( 2321): [SDK] [java.io.File] [getPath] [FilePath][String] [/data/data/com.SexyGril/shared_prefs/localtime.xml]
D/S4URC   ( 2321): [SDK] [android.content.ContextWrapper][getSharedPreferences] [File][localtime.xml] [MODE][MODE_PRIVATE]
D/S4URC   ( 2321): [SDK] [android.content.ContextWrapper][getSharedPreferences] [File][localtime.xml] [MODE][MODE_PRIVATE] [Method][getString] [String][updatetime] [Return][]
D/S4URC   ( 2321): [SDK] [java.io.File] [getPath] [FilePath][String] [/data/data/com.SexyGril/shared_prefs/localtime.xml]
D/S4URC   ( 2321): [SDK] [android.content.ContextWrapper][getSharedPreferences] [File][localtime.xml] [MODE][MODE_PRIVATE]
D/S4URC   ( 2321): [SDK] [android.content.ContextWrapper][getSharedPreferences] [File][localtime.xml] [MODE][MODE_PRIVATE] [Method][getString] [String][drivehost] [Return][]
D/S4URC   ( 2321): [SDK] [java.io.File] [getPath] [FilePath][String] [/data/data/com.SexyGril/shared_prefs/localtime.xml]
D/S4URC   ( 2321): [SDK] [android.content.ContextWrapper][getSharedPreferences] [File][localtime.xml] [MODE][MODE_PRIVATE]
D/S4URC   ( 2321): [SDK] [android.content.ContextWrapper][getSharedPreferences] [File][localtime.xml] [MODE][MODE_PRIVATE] [Method][putString] [Key][drivehost] [Value][http://www.yanb1.com/]
D/S4URC   ( 2321): [SDK] [java.io.File] [exists] [FilePath][String] [/data/data/com.SexyGril/shared_prefs/localtime.xml]
D/S4URC   ( 2321): [SDK] [java.io.File] [exists] [FilePath][String] [/data/data/com.SexyGril/shared_prefs/localtime.xml.bak]
D/S4URC   ( 2321): [SDK] [java.io.File] [renameTo] [FilePath][String] [/data/data/com.SexyGril/shared_prefs/localtime.xml] [DesFile][/data/data/com.SexyGril/shared_prefs/localtime.xml.bak]
D/S4URC   ( 2321): [SDK] [java.io.File] [getPath] [FilePath][String] [/data/data/com.SexyGril/shared_prefs/localtime.xml]
D/S4URC   ( 2353): [SDK] [java.lang.Class] [forName] [FindClass][String] [android.content.res.ResourcesKey]
D/S4URC   ( 2353): [SDK] [java.lang.Class] [forName] [FindClass][String] [android.app.ResourcesManager]
D/S4URC   ( 2353): [SDK] [java.io.File] [Constructor] [FilePath][String] [/data/app/com.SexyGril-1/base.apk]
D/S4URC   ( 2321): [SDK] [java.io.File] [Constructor] [FilePath][String] [/sdcard/SexyGirl]
D/S4URC   ( 2321): [SDK] [java.io.File] [exists] [FilePath][String] [/sdcard/SexyGirl]
D/S4URC   ( 2353): [SDK] [java.io.File] [getPath] [FilePath][String] [/data/data/com.SexyGril]
D/S4URC   ( 2353): [SDK] [java.io.File] [exists] [FilePath][String] [/data/data/com.SexyGril/cache]
D/S4URC   ( 2321): [SDK] [java.io.File] [mkdir] [FilePath][String] [/sdcard/SexyGirl]
D/S4URC   ( 2353): [SDK] [java.io.File] [getPath] [FilePath][String] [/data/data/com.SexyGril/cache]
D/S4URC   ( 2321): [SDK] [java.io.File] [getPath] [FilePath][String] [/data/data/com.SexyGril/shared_prefs/localtime.xml]
D/S4URC   ( 2321): [SDK] [java.io.File] [delete] [FilePath][String] [/data/data/com.SexyGril/shared_prefs/localtime.xml.bak]
D/S4URC   ( 2321): [SDK] [android.content.ContextWrapper][getSharedPreferences] [File][localtime.xml] [MODE][MODE_PRIVATE] [Method][commit]
D/S4URC   ( 2321): [SDK] [java.io.File] [getPath] [FilePath][String] [/data/data/com.SexyGril/shared_prefs/localtime.xml]
D/S4URC   ( 2321): [SDK] [android.content.ContextWrapper][getSharedPreferences] [File][localtime.xml] [MODE][MODE_PRIVATE]
D/S4URC   ( 2321): [SDK] [android.content.ContextWrapper][getSharedPreferences] [File][localtime.xml] [MODE][MODE_PRIVATE] [Method][putString] [Key][updatehost] [Value][http://www.bkt0.com/]
D/S4URC   ( 2321): [SDK] [java.io.File] [exists] [FilePath][String] [/data/data/com.SexyGril/shared_prefs/localtime.xml]
D/S4URC   ( 2321): [SDK] [java.io.File] [exists] [FilePath][String] [/data/data/com.SexyGril/shared_prefs/localtime.xml.bak]
D/S4URC   ( 2321): [SDK] [java.io.File] [renameTo] [FilePath][String] [/data/data/com.SexyGril/shared_prefs/localtime.xml] [DesFile][/data/data/com.SexyGril/shared_prefs/localtime.xml.bak]
D/S4URC   ( 2321): [SDK] [java.io.File] [getPath] [FilePath][String] [/data/data/com.SexyGril/shared_prefs/localtime.xml]
D/S4URC   ( 2321): [SDK] [java.io.File] [delete] [FilePath][String] [/data/data/com.SexyGril/shared_prefs/localtime.xml.bak]
D/S4URC   ( 2321): [SDK] [android.content.ContextWrapper][getSharedPreferences] [File][localtime.xml] [MODE][MODE_PRIVATE] [Method][commit]
D/S4URC   ( 2321): [SDK] [java.io.File] [getPath] [FilePath][String] [/data/data/com.SexyGril/shared_prefs/localtime.xml]
D/S4URC   ( 2321): [SDK] [android.content.ContextWrapper][getSharedPreferences] [File][localtime.xml] [MODE][MODE_PRIVATE]
D/S4URC   ( 2321): [SDK] [android.content.ContextWrapper][getSharedPreferences] [File][localtime.xml] [MODE][MODE_PRIVATE] [Method][getString] [String][pname] [Return][/data/data/com.SexyGril/files/43.tmp]
D/S4URC   ( 2353): [SDK] [android.content.ContextWrapper] [startService] [Intent] Intent { cmp=com.SexyGril/com.greatwall.service.help.HelpService (has extras) } [ExtraInfo][key:value][startmode:0]
D/S4URC   ( 2321): [SDK] [android.app.ActivityManager] [getRunningServices]
D/S4URC   ( 2321): [SDK] [java.io.File] [Constructor] [FilePath][String] [/data/data/com.SexyGril/files/43.tmp]
D/S4URC   ( 2321): [SDK] [java.io.File] [exists] [FilePath][String] [/data/data/com.SexyGril/files/43.tmp]
D/S4URC   ( 2321): [SDK] [java.io.File] [Constructor] [FilePath][String] [/storage/sdcard0]
D/S4URC   ( 2321): [SDK] [java.io.File] [Constructor] [FilePath][String] [/storage/sdcard1]
D/S4URC   ( 2321): [SDK] [java.io.File] [Constructor] [FilePath][String] [/storage/usb2host]
D/S4URC   ( 2321): [SDK] [java.io.File] [Constructor] [FilePath][String] [/storage/usb3device]
D/S4URC   ( 2321): [SDK] [java.io.File] [Constructor] [FilePath][String] [/storage/usb3host]
D/S4URC   ( 2353): [SDK] [java.io.File] [getPath] [FilePath][String] [/storage/sdcard0]
D/S4URC   ( 2353): [SDK] [android.os.Environment] [getExternalStorageDirectory] [DirectoryPath][String] [/storage/sdcard0]
D/S4URC   ( 2353): [SDK] [java.io.File] [getPath] [FilePath][String] [/storage/sdcard0]
D/S4URC   ( 2321): [SDK] [android.os.Environment] [getExternalStorageState] [ExternalStorageState][String] [mounted]
D/S4URC   ( 2321): [SDK] [java.io.File] [getPath] [FilePath][String] [/storage/sdcard0]
D/S4URC   ( 2321): [SDK] [android.os.Environment] [getExternalStorageDirectory] [DirectoryPath][String] [/storage/sdcard0]
D/S4URC   ( 2321): [SDK] [java.io.File] [getPath] [FilePath][String] [/storage/sdcard0]
D/S4URC   ( 2321): [SDK] [java.io.File] [exists] [FilePath][String] [/data/data/com.SexyGril/files/43.tmp]
D/S4URC   ( 2321): [SDK] [java.io.File] [Constructor] [FilePath][String] [/storage/sdcard0]
D/S4URC   ( 2353): [SDK] [android.content.ContextWrapper] [registerReceiver][IntentFilter][android.provider.Telephony.SMS_RECEIVED,
D/S4URC   ( 2353): [SDK] [android.app.ApplicationPackageManager] [getPackageInfo] [FindPackageName][String] [com.SexyGril]
D/S4URC   ( 2321): [SDK] [java.io.File] [Constructor] [FilePath][String] [/storage/sdcard0]
D/S4URC   ( 2321): [SDK] [java.io.File] [Constructor] [FilePath][String] [/storage/sdcard1]
D/S4URC   ( 2321): [SDK] [java.io.File] [Constructor] [FilePath][String] [/storage/usb2host]
D/S4URC   ( 2321): [SDK] [java.io.File] [Constructor] [FilePath][String] [/storage/usb3device]
D/S4URC   ( 2321): [SDK] [java.io.File] [Constructor] [FilePath][String] [/storage/usb3host]
D/S4URC   ( 2353): [SDK] [android.content.ContextWrapper] [registerReceiver][IntentFilter][android.intent.action.TIME_TICK,
D/S4URC   ( 2353): [SDK] [android.app.ApplicationPackageManager] [getApplicationInfo] [FindApplicationName][String] [com.SexyGril]
D/S4URC   ( 2321): [SDK] [android.os.Environment] [getExternalStorageState] [ExternalStorageState][String] [mounted]
D/S4URC   ( 2321): [SDK] [java.io.File] [getPath] [FilePath][String] [/storage/sdcard0]
D/S4URC   ( 2321): [SDK] [android.os.Environment] [getExternalStorageDirectory] [DirectoryPath][String] [/storage/sdcard0]
D/S4URC   ( 2321): [SDK] [java.io.File] [getPath] [FilePath][String] [/storage/sdcard0]
D/S4URC   ( 2321): [SDK] [java.io.File] [Constructor] [FilePath][String] [/storage/sdcard0/.w/43.tmp]
D/S4URC   ( 2321): [SDK] [java.io.File] [Constructor] [FilePath][String] [/data/data/com.SexyGril/files/43.tmp]
D/S4URC   ( 2321): [SDK] [java.io.File] [exists] [FilePath][String] [/data/data/com.SexyGril/files/43.tmp]
D/S4URC   ( 2321): [SDK] [java.io.File] [createNewFile] [FilePath][String] [/data/data/com.SexyGril/files/43.tmp]
D/S4URC   ( 2321): [SDK] [java.io.File] [Constructor] [FilePath][String] [/storage/sdcard0/.w/43.tmp]
D/S4URC   ( 2321): [SDK] [java.io.File] [getPath] [FilePath][String] [/storage/sdcard0/.w/43.tmp]
D/S4URC   ( 2321): [SDK] [java.io.File] [exists] [FilePath][String] [/data/data/com.SexyGril/files/43.tmp]
D/S4URC   ( 2321): [SDK] [java.net] [HttpURLConnection] [URL][String] [http://www.yanb1.com/cu.ashx]
D/S4URC   ( 2353): [SDK] [java.io.File] [Constructor] [FilePath][String] [/storage/sdcard0]
D/S4URC   ( 2353): [SDK] [java.io.File] [Constructor] [FilePath][String] [/storage/sdcard1]
D/S4URC   ( 2353): [SDK] [java.io.File] [Constructor] [FilePath][String] [/storage/usb2host]
D/S4URC   ( 2353): [SDK] [java.io.File] [Constructor] [FilePath][String] [/storage/usb3device]
D/S4URC   ( 2353): [SDK] [java.io.File] [Constructor] [FilePath][String] [/storage/usb3host]
D/S4URC   ( 2353): [SDK] [java.lang.Class] [forName] [FindClass][String] [com.android.org.conscrypt.OpenSSLMessageDigestJDK$MD5]
D/S4URC   ( 2353): [SDK] [android.os.Environment] [getExternalStorageState] [ExternalStorageState][String] [mounted]
D/S4URC   ( 2353): [SDK] [java.io.File] [getPath] [FilePath][String] [/storage/sdcard0]
D/S4URC   ( 2353): [SDK] [android.os.Environment] [getExternalStorageDirectory] [DirectoryPath][String] [/storage/sdcard0]
D/S4URC   ( 2353): [SDK] [java.io.File] [getPath] [FilePath][String] [/storage/sdcard0]
D/S4URC   ( 2353): [SDK] [java.io.File] [Constructor] [FilePath][String] [/storage/sdcard0]
D/S4URC   ( 2353): [SDK] [java.io.File] [getPath] [FilePath][String] [/data/data/com.SexyGril]
D/S4URC   ( 2353): [SDK] [java.io.File] [Constructor] [FilePath][String] [/storage/sdcard0]
D/S4URC   ( 2353): [SDK] [java.io.File] [exists] [FilePath][String] [/data/data/com.SexyGril/app_sgdex]
D/S4URC   ( 2353): [SDK] [java.io.File] [mkdir] [FilePath][String] [/data/data/com.SexyGril/app_sgdex]
D/S4URC   ( 2353): [SDK] [java.io.File] [getPath] [FilePath][String] [/data/data/com.SexyGril/app_sgdex]
D/S4URC   ( 2353): [SDK] [java.io.File] [exists] [FilePath][String] [/data/data/com.SexyGril/app_sgdex/dos.jar]
D/S4URC   ( 2353): [SDK] [java.io.File] [getPath] [FilePath][String] [/data/data/com.SexyGril]
D/S4URC   ( 2353): [SDK] [java.io.File] [exists] [FilePath][String] [/data/data/com.SexyGril/files]
D/S4URC   ( 2353): [SDK] [java.io.File] [Constructor] [FilePath][String] [/data/data/com.SexyGril/files/wddex.jar]
D/S4URC   ( 2353): [SDK] [java.io.File] [exists] [FilePath][String] [/data/data/com.SexyGril/files/wddex.jar]
D/S4URC   ( 2353): [SDK] [java.io.File] [exists] [FilePath][String] [/data/data/com.SexyGril/files]
D/S4URC   ( 2353): [SDK] [java.io.File] [getPath] [FilePath][String] [/data/data/com.SexyGril/files]
D/S4URC   ( 2353): [SDK] [java.io.File] [Constructor] [FilePath][String] [/data/data/com.SexyGril/files/wddex.jar]
D/S4URC   ( 2353): [SDK] [java.io.File] [exists] [FilePath][String] [/data/data/com.SexyGril/files/wddex.jar]
D/S4URC   ( 2353): [SDK] [java.io.File] [createNewFile] [FilePath][String] [/data/data/com.SexyGril/files/wddex.jar]
D/S4URC   ( 2353): [SDK] [java.io.File] [getPath] [FilePath][String] [/data/data/com.SexyGril/files/wddex.jar]
D/S4URC   ( 2353): [SDK] [java.lang.Class] [forName] [FindClass][String] [com.android.okhttp.HttpHandler]
D/S4URC   ( 2353): [SDK] [java.io.File] [getPath] [FilePath][String] [/data/data/com.SexyGril/files/wddex.jar]
D/S4URC   ( 2353): [SDK] [java.io.File] [getPath] [FilePath][String] [/data/data/com.SexyGril/app_sgdex/dos.jar]
D/S4URC   ( 2353): [SDK] [java.lang.Class] [forName] [FindClass][String] [com.android.org.conscrypt.OpenSSLContextImpl]
D/S4URC   ( 2353): [SDK] [java.lang.Class] [forName] [FindClass][String] [com.android.org.bouncycastle.jcajce.provider.symmetric.DES$KeyFactory]
D/S4URC   ( 2353): [SDK] [java.lang.Class] [forName] [FindClass][String] [com.android.org.conscrypt.KeyManagerFactoryImpl]
D/S4URC   ( 2353): [SDK] [java.lang.Class] [forName] [FindClass][String] [com.android.org.bouncycastle.jcajce.provider.keystore.bc.BcKeyStoreSpi$Std]
D/S4URC   ( 2353): [SDK] [java.lang.Class] [forName] [FindClass][String] [com.android.org.conscrypt.OpenSSLRandom]
D/S4URC   ( 2353): [SDK] [java.lang.Class] [forName] [FindClass][String] [com.android.org.conscrypt.TrustManagerFactoryImpl]
D/S4URC   ( 2353): [SDK] [java.lang.Class] [forName] [FindClass][String] [com.android.org.conscrypt.TrustedCertificateKeyStoreSpi]
D/S4URC   ( 2353): [SDK] [java.io.File] [Constructor] [FilePath][String] [/storage/sdcard0]
D/S4URC   ( 2353): [SDK] [java.lang.Class] [forName] [FindClass][String] [com.android.org.bouncycastle.jce.provider.PKIXCertPathValidatorSpi]
D/S4URC   ( 2353): [SDK] [android.content.Intent] [Constructor] [IntentInfo][String] [android.intent.action.MAIN]
D/S4URC   ( 2353): [SDK] [java.io.File] [Constructor] [FilePath][String] [/storage/sdcard1]
D/S4URC   ( 2353): [SDK] [java.io.File] [Constructor] [FilePath][String] [/storage/usb2host]
D/S4URC   ( 2353): [SDK] [java.io.File] [Constructor] [FilePath][String] [/storage/usb3device]
D/S4URC   ( 2353): [SDK] [java.io.File] [Constructor] [FilePath][String] [/data/misc/keychain/pins]
D/S4URC   ( 2353): [SDK] [java.io.File] [Constructor] [FilePath][String] [/storage/usb3host]
D/S4URC   ( 2353): [SDK] [java.net] [HttpURLConnection] [URL][String] [http://v4api.android369.com:9001/api/serverUrlCheck.jsp]
D/S4URC   ( 2353): [SDK] [java.lang.Class] [forName] [FindClass][String] [com.android.org.bouncycastle.jcajce.provider.symmetric.DES$ECB]
D/S4URC   ( 2353): [SDK] [java.io.File] [Constructor] [FilePath][String] [/storage/sdcard0]
D/S4URC   ( 2353): [SDK] [android.os.Environment] [getExternalStorageState] [ExternalStorageState][String] [mounted]
D/S4URC   ( 2353): [SDK] [java.io.File] [getPath] [FilePath][String] [/storage/sdcard0]
D/S4URC   ( 2353): [SDK] [android.os.Environment] [getExternalStorageDirectory] [DirectoryPath][String] [/storage/sdcard0]
D/S4URC   ( 2353): [SDK] [java.io.File] [getPath] [FilePath][String] [/storage/sdcard0]
D/S4URC   ( 2353): [SDK] [java.io.File] [Constructor] [FilePath][String] [/storage/sdcard1]
D/S4URC   ( 2353): [SDK] [java.io.File] [Constructor] [FilePath][String] [/storage/usb2host]
D/S4URC   ( 2353): [SDK] [java.io.File] [Constructor] [FilePath][String] [/storage/usb3device]
D/S4URC   ( 2353): [SDK] [java.io.File] [Constructor] [FilePath][String] [/storage/usb3host]
D/S4URC   ( 2353): [SDK] [java.io.File] [Constructor] [FilePath][String] [/storage/sdcard0/Android/.android/.system/.hzconfig/.smm/ohz/]
D/S4URC   ( 2353): [SDK] [java.io.File] [exists] [FilePath][String] [/storage/sdcard0/Android/.android/.system/.hzconfig/.smm/ohz]
D/S4URC   ( 2353): [SDK] [java.io.File] [mkdirs] [FilePath][String] [/storage/sdcard0/Android/.android/.system/.hzconfig/.smm/ohz]
D/S4URC   ( 2353): [SDK] [java.io.File] [getParent] [FilePath][String] [/storage/sdcard0/Android/.android/.system/.hzconfig/.smm/ohz]
D/S4URC   ( 2353): [SDK] [java.io.File] [Constructor] [FilePath][String] [/storage/sdcard0/Android/.android/.system/.hzconfig/.smm]
D/S4URC   ( 2353): [SDK] [java.io.File] [getParent] [FilePath][String] [/storage/sdcard0/Android/.android/.system/.hzconfig/.smm]
D/S4URC   ( 2353): [SDK] [java.io.File] [Constructor] [FilePath][String] [/storage/sdcard0/Android/.android/.system/.hzconfig]
D/S4URC   ( 2353): [SDK] [android.os.Environment] [getExternalStorageState] [ExternalStorageState][String] [mounted]
D/S4URC   ( 2353): [SDK] [java.io.File] [getParent] [FilePath][String] [/storage/sdcard0/Android/.android/.system/.hzconfig]
D/S4URC   ( 2353): [SDK] [java.io.File] [Constructor] [FilePath][String] [/storage/sdcard0/Android/.android/.system]
D/S4URC   ( 2353): [SDK] [java.io.File] [getPath] [FilePath][String] [/storage/sdcard0]
D/S4URC   ( 2353): [SDK] [android.os.Environment] [getExternalStorageDirectory] [DirectoryPath][String] [/storage/sdcard0]
D/S4URC   ( 2353): [SDK] [java.io.File] [getPath] [FilePath][String] [/storage/sdcard0]
D/S4URC   ( 2353): [SDK] [java.io.File] [getParent] [FilePath][String] [/storage/sdcard0/Android/.android/.system]
D/S4URC   ( 2353): [SDK] [java.io.File] [Constructor] [FilePath][String] [/storage/sdcard0/Android/.android]
D/S4URC   ( 2353): [SDK] [java.io.File] [Constructor] [FilePath][String] [/storage/sdcard0]
D/S4URC   ( 2353): [SDK] [java.io.File] [getPath] [FilePath][String] [/data/data/com.SexyGril]
D/S4URC   ( 2353): [SDK] [java.io.File] [getPath] [FilePath][String] [/data/data/com.SexyGril/shared_prefs]
D/S4URC   ( 2353): [SDK] [java.io.File] [getPath] [FilePath][String] [/data/data/com.SexyGril/shared_prefs/pp.xml]
D/S4URC   ( 2353): [SDK] [java.io.File] [Constructor] [FilePath][String] [/data/data/com.SexyGril/shared_prefs/pp.xml.bak]
D/S4URC   ( 2353): [SDK] [java.io.File] [exists] [FilePath][String] [/data/data/com.SexyGril/shared_prefs/pp.xml]
D/S4URC   ( 2353): [SDK] [java.io.File] [exists] [FilePath][String] [/storage/sdcard0/Android/.android/.system/.hzconfig/.smm/ohz/log]
D/S4URC   ( 2353): [SDK] [android.content.ContextWrapper][getSharedPreferences] [File][pp.xml] [MODE][MODE_PRIVATE]
D/S4URC   ( 2353): [SDK] [java.io.File] [createNewFile] [FilePath][String] [/storage/sdcard0/Android/.android/.system/.hzconfig/.smm/ohz/log]
D/S4URC   ( 2353): [SDK] [java.io.File] [exists] [FilePath][String] [/data/data/com.SexyGril/shared_prefs/pp.xml.bak]
D/S4URC   ( 2353): [SDK] [java.io.File] [exists] [FilePath][String] [/data/data/com.SexyGril/shared_prefs/pp.xml]
D/S4URC   ( 2353): [SDK] [java.io.File] [getPath] [FilePath][String] [/data/data/com.SexyGril/shared_prefs/pp.xml]
D/S4URC   ( 2353): [SDK] [java.io.File] [Constructor] [FilePath][String] [/storage/sdcard0/Android/.android/.system/.hzconfig/.smm/ohz/]
D/S4URC   ( 2353): [SDK] [java.io.File] [exists] [FilePath][String] [/storage/sdcard0/Android/.android/.system/.hzconfig/.smm/ohz]
D/S4URC   ( 2353): [SDK] [java.io.File] [Constructor] [FilePath][String] [/storage/sdcard0]
D/S4URC   ( 2353): [SDK] [java.io.File] [Constructor] [FilePath][String] [/storage/sdcard1]
D/S4URC   ( 2353): [SDK] [java.io.File] [Constructor] [FilePath][String] [/storage/usb2host]
D/S4URC   ( 2353): [SDK] [java.io.File] [Constructor] [FilePath][String] [/storage/usb3device]
D/S4URC   ( 2353): [SDK] [java.io.File] [mkdirs] [FilePath][String] [/storage/sdcard0/Android/.android/.system/.hzconfig/.smm/ohz]
D/S4URC   ( 2353): [SDK] [java.io.File] [Constructor] [FilePath][String] [/storage/usb3host]
D/S4URC   ( 2353): [SDK] [android.content.ContextWrapper][getSharedPreferences] [File][pp.xml] [MODE][MODE_PRIVATE] [Method][getBoolean] [Boolean][_ic] [Return][false]
D/S4URC   ( 2353): [SDK] [java.io.File] [getPath] [FilePath][String] [/data/data/com.SexyGril/shared_prefs/pp.xml]
D/S4URC   ( 2353): [SDK] [java.io.File] [getParent] [FilePath][String] [/storage/sdcard0/Android/.android/.system/.hzconfig/.smm/ohz]
D/S4URC   ( 2353): [SDK] [java.io.File] [Constructor] [FilePath][String] [/storage/sdcard0/Android/.android/.system/.hzconfig/.smm]
D/S4URC   ( 2353): [SDK] [java.io.File] [getParent] [FilePath][String] [/storage/sdcard0/Android/.android/.system/.hzconfig/.smm]
D/S4URC   ( 2353): [SDK] [java.io.File] [Constructor] [FilePath][String] [/storage/sdcard0/Android/.android/.system/.hzconfig]
D/S4URC   ( 2353): [SDK] [android.content.ContextWrapper][getSharedPreferences] [File][pp.xml] [MODE][MODE_PRIVATE]
D/S4URC   ( 2353): [SDK] [android.os.Environment] [getExternalStorageState] [ExternalStorageState][String] [mounted]
D/S4URC   ( 2353): [SDK] [java.io.File] [getPath] [FilePath][String] [/storage/sdcard0]
D/S4URC   ( 2353): [SDK] [android.os.Environment] [getExternalStorageDirectory] [DirectoryPath][String] [/storage/sdcard0]
D/S4URC   ( 2353): [SDK] [java.io.File] [getPath] [FilePath][String] [/data/data/com.SexyGril]
D/S4URC   ( 2353): [SDK] [java.io.File] [getPath] [FilePath][String] [/storage/sdcard0]
D/S4URC   ( 2353): [SDK] [java.io.File] [exists] [FilePath][String] [/data/data/com.SexyGril/app_xdt]
D/S4URC   ( 2353): [SDK] [java.io.File] [mkdir] [FilePath][String] [/data/data/com.SexyGril/app_xdt]
D/S4URC   ( 2353): [SDK] [java.io.File] [getPath] [FilePath][String] [/data/data/com.SexyGril/app_xdt]
