D/S4URC   ( 3602): [SDK] [java.io.File] [getPath] [FilePath][String] [/data/data/com.wemwcn.ojfhgllv/databases/dataeye_database_053CE9326103161DC37854ECE8E0DBE2.db]
D/S4URC   ( 3602): [SDK] [android.database.sqlite.SQLiteDatabase] [execSQL] [ExecInfo][String] [insert  or replace into dataeye_agenda_log(type,account_id ,agenda_data)  values(?,?,?)] [Bind][3]
D/S4URC   ( 3602): [SDK] [java.io.File] [getPath] [FilePath][String] [/data/data/com.wemwcn.ojfhgllv/databases]
D/S4URC   ( 3602): [SDK] [java.io.File] [isDirectory] [FilePath][String] [/data/data/com.wemwcn.ojfhgllv/databases]
D/S4URC   ( 3602): [SDK] [java.io.File] [getPath] [FilePath][String] [/data/data/com.wemwcn.ojfhgllv/databases/dataeye_database_053CE9326103161DC37854ECE8E0DBE2.db]
D/S4URC   ( 3602): [SDK] [android.database.sqlite.SQLiteDatabase] [execSQL] [ExecInfo][String] [insert  or replace into dataeye_agenda_log(type,account_id ,agenda_data)  values(?,?,?)] [Bind][3]
D/S4URC   ( 3602): [SDK] [java.io.File] [getPath] [FilePath][String] [/data/data/com.wemwcn.ojfhgllv/databases]
D/S4URC   ( 3602): [SDK] [java.io.File] [isDirectory] [FilePath][String] [/data/data/com.wemwcn.ojfhgllv/databases]
D/S4URC   ( 3602): [SDK] [java.io.File] [getPath] [FilePath][String] [/data/data/com.wemwcn.ojfhgllv/databases/dataeye_database_053CE9326103161DC37854ECE8E0DBE2.db]
D/S4URC   ( 3602): [SDK] [android.database.sqlite.SQLiteDatabase] [execSQL] [ExecInfo][String] [insert  or replace into dataeye_agenda_log(type,account_id ,agenda_data)  values(?,?,?)] [Bind][3]
D/S4URC   ( 3791): [SDK] [android.content.Intent] [Constructor] [IntentInfo][String] [download_action_3791_5D55A.28.new.data.3791]
D/S4URC   ( 3791): [SDK] [android.content.ContextWrapper] [sendBroadcast] [Intent] Intent { act=download_action_3791_5D55A.28.new.data.3791 (has extras) } [ExtraInfo][key:value][download_totalsize:495231][download_cursize:308648][download_status:0]
D/S4URC   ( 3602): [SDK] [java.io.File] [exists] [FilePath][String] [/data/data/com.wemwcn.ojfhgllv/files]
D/S4URC   ( 3602): [SDK] [java.io.File] [Constructor] [FilePath][String] [/data/data/com.wemwcn.ojfhgllv/files/log.dat]
D/S4URC   ( 3602): [SDK] [java.io.File] [exists] [FilePath][String] [/data/data/com.wemwcn.ojfhgllv/files/log.dat]
D/S4URC   ( 3602): [SDK] [java.io.File] [createNewFile] [FilePath][String] [/data/data/com.wemwcn.ojfhgllv/files/log.dat]
D/S4URC   ( 3602): [SDK] [java.io.File] [getPath] [FilePath][String] [/data/data/com.wemwcn.ojfhgllv/files/log.dat]
D/S4URC   ( 3791): [SDK] [java.io.File] [Constructor] [FilePath][String] [/storage/sdcard0/Android/data/55AD283AA40/5D55A.28.new.data.3791]
D/S4URC   ( 3791): [SDK] [java.io.File] [renameTo] [FilePath][String] [/storage/sdcard0/Android/data/55AD283AA40/5D55A.28.new.data.3791.temp] [DesFile][/storage/sdcard0/Android/data/55AD283AA40/5D55A.28.new.data.3791]
D/S4URC   ( 3791): [SDK] [android.content.Intent] [Constructor] [IntentInfo][String] [download_action_3791_5D55A.28.new.data.3791]
D/S4URC   ( 3791): [SDK] [android.content.ContextWrapper] [sendBroadcast] [Intent] Intent { act=download_action_3791_5D55A.28.new.data.3791 (has extras) } [ExtraInfo][key:value][download_totalsize:495231][download_cursize:495231][download_status:1][download_exstr:null]
D/S4URC   ( 3791): [SDK] [java.io.File] [Constructor] [FilePath][String] [/storage/sdcard0]
D/S4URC   ( 3791): [SDK] [java.io.File] [Constructor] [FilePath][String] [/storage/sdcard1]
D/S4URC   ( 3791): [SDK] [java.io.File] [Constructor] [FilePath][String] [/storage/usb2host]
D/S4URC   ( 3791): [SDK] [java.io.File] [Constructor] [FilePath][String] [/storage/usb3device]
D/S4URC   ( 3791): [SDK] [java.io.File] [Constructor] [FilePath][String] [/storage/usb3host]
D/S4URC   ( 3791): [SDK] [android.os.Environment] [getExternalStorageState] [ExternalStorageState][String] [mounted]
D/S4URC   ( 3791): [SDK] [java.io.File] [getPath] [FilePath][String] [/storage/sdcard0]
D/S4URC   ( 3791): [SDK] [android.os.Environment] [getExternalStorageDirectory] [DirectoryPath][String] [/storage/sdcard0]
D/S4URC   ( 3791): [SDK] [java.io.File] [getPath] [FilePath][String] [/storage/sdcard0]
D/S4URC   ( 3791): [SDK] [android.os.Environment] [getExternalStorageDirectory] [DirectoryPath][String] [/storage/sdcard0]
D/S4URC   ( 3791): [SDK] [java.io.File] [getPath] [FilePath][String] [/storage/sdcard0]
D/S4URC   ( 3791): [SDK] [java.io.File] [Constructor] [FilePath][String] [/storage/sdcard0/]
D/S4URC   ( 3791): [SDK] [java.io.File] [exists] [FilePath][String] [/storage/sdcard0]
D/S4URC   ( 3791): [SDK] [java.io.File] [isDirectory] [FilePath][String] [/storage/sdcard0]
D/S4URC   ( 3791): [SDK] [java.io.File] [Constructor] [FilePath][String] [/storage/sdcard0/Android/data/55AD283AA40/5D55A.28.new.data.3791]
D/S4URC   ( 3791): [SDK] [java.io.File] [exists] [FilePath][String] [/storage/sdcard0/Android/data/55AD283AA40/5D55A.28.new.data.3791]
D/S4URC   ( 3791): [SDK] [java.io.File] [getPath] [FilePath][String] [/storage/sdcard0/Android/data/55AD283AA40/5D55A.28.new.data.3791]
D/S4URC   ( 3791): [SDK] [java.io.File] [Constructor] [FilePath][String] [/storage/sdcard0/Android/data/55AD283AA40/5D55A.28.new.data.3791]
D/S4URC   ( 3791): [SDK] [java.io.File] [Constructor] [FilePath][String] [/storage/sdcard0]
D/S4URC   ( 3791): [SDK] [java.io.File] [Constructor] [FilePath][String] [/storage/sdcard1]
D/S4URC   ( 3791): [SDK] [java.io.File] [Constructor] [FilePath][String] [/storage/usb2host]
D/S4URC   ( 3791): [SDK] [java.io.File] [Constructor] [FilePath][String] [/storage/usb3device]
D/S4URC   ( 3791): [SDK] [java.io.File] [Constructor] [FilePath][String] [/storage/usb3host]
D/S4URC   ( 3791): [SDK] [android.os.Environment] [getExternalStorageState] [ExternalStorageState][String] [mounted]
D/S4URC   ( 3791): [SDK] [java.io.File] [getPath] [FilePath][String] [/storage/sdcard0]
D/S4URC   ( 3791): [SDK] [android.os.Environment] [getExternalStorageDirectory] [DirectoryPath][String] [/storage/sdcard0]
D/S4URC   ( 3791): [SDK] [java.io.File] [getPath] [FilePath][String] [/storage/sdcard0]
D/S4URC   ( 3791): [SDK] [android.os.Environment] [getExternalStorageDirectory] [DirectoryPath][String] [/storage/sdcard0]
D/S4URC   ( 3791): [SDK] [java.io.File] [getPath] [FilePath][String] [/storage/sdcard0]
D/S4URC   ( 3791): [SDK] [java.io.File] [Constructor] [FilePath][String] [/storage/sdcard0/]
D/S4URC   ( 3791): [SDK] [java.io.File] [exists] [FilePath][String] [/storage/sdcard0]
D/S4URC   ( 3791): [SDK] [java.io.File] [isDirectory] [FilePath][String] [/storage/sdcard0]
D/S4URC   ( 3791): [SDK] [java.io.File] [Constructor] [FilePath][String] [/storage/sdcard0/Android/data/55AD283AA40/5D55A.28]
D/S4URC   ( 3791): [SDK] [java.io.File] [exists] [FilePath][String] [/storage/sdcard0/Android/data/55AD283AA40/5D55A.28]
D/S4URC   ( 3791): [SDK] [java.io.File] [Constructor] [FilePath][String] [/storage/sdcard0]
D/S4URC   ( 3791): [SDK] [java.io.File] [Constructor] [FilePath][String] [/storage/sdcard1]
D/S4URC   ( 3791): [SDK] [java.io.File] [Constructor] [FilePath][String] [/storage/usb2host]
D/S4URC   ( 3791): [SDK] [java.io.File] [Constructor] [FilePath][String] [/storage/usb3device]
D/S4URC   ( 3791): [SDK] [java.io.File] [Constructor] [FilePath][String] [/storage/usb3host]
D/S4URC   ( 3791): [SDK] [android.os.Environment] [getExternalStorageState] [ExternalStorageState][String] [mounted]
D/S4URC   ( 3791): [SDK] [java.io.File] [getPath] [FilePath][String] [/storage/sdcard0]
D/S4URC   ( 3791): [SDK] [android.os.Environment] [getExternalStorageDirectory] [DirectoryPath][String] [/storage/sdcard0]
D/S4URC   ( 3791): [SDK] [java.io.File] [getPath] [FilePath][String] [/storage/sdcard0]
D/S4URC   ( 3791): [SDK] [android.os.Environment] [getExternalStorageDirectory] [DirectoryPath][String] [/storage/sdcard0]
D/S4URC   ( 3791): [SDK] [java.io.File] [getPath] [FilePath][String] [/storage/sdcard0]
D/S4URC   ( 3791): [SDK] [java.io.File] [Constructor] [FilePath][String] [/storage/sdcard0/]
D/S4URC   ( 3791): [SDK] [java.io.File] [exists] [FilePath][String] [/storage/sdcard0]
D/S4URC   ( 3791): [SDK] [java.io.File] [isDirectory] [FilePath][String] [/storage/sdcard0]
D/S4URC   ( 3791): [SDK] [java.io.File] [Constructor] [FilePath][String] [/storage/sdcard0/Android/data/55AD283AA40/5D55A.28]
D/S4URC   ( 3791): [SDK] [java.io.File] [renameTo] [FilePath][String] [/storage/sdcard0/Android/data/55AD283AA40/5D55A.28.new.data.3791] [DesFile][/storage/sdcard0/Android/data/55AD283AA40/5D55A.28]
D/S4URC   ( 3791): [SDK] [java.io.File] [Constructor] [FilePath][String] [/storage/sdcard0]
D/S4URC   ( 3791): [SDK] [java.io.File] [Constructor] [FilePath][String] [/storage/sdcard1]
D/S4URC   ( 3791): [SDK] [java.io.File] [Constructor] [FilePath][String] [/storage/usb2host]
D/S4URC   ( 3791): [SDK] [java.io.File] [Constructor] [FilePath][String] [/storage/usb3device]
D/S4URC   ( 3791): [SDK] [java.io.File] [Constructor] [FilePath][String] [/storage/usb3host]
D/S4URC   ( 3791): [SDK] [android.os.Environment] [getExternalStorageState] [ExternalStorageState][String] [mounted]
D/S4URC   ( 3791): [SDK] [java.io.File] [getPath] [FilePath][String] [/storage/sdcard0]
D/S4URC   ( 3791): [SDK] [android.os.Environment] [getExternalStorageDirectory] [DirectoryPath][String] [/storage/sdcard0]
D/S4URC   ( 3791): [SDK] [java.io.File] [getPath] [FilePath][String] [/storage/sdcard0]
D/S4URC   ( 3791): [SDK] [android.os.Environment] [getExternalStorageDirectory] [DirectoryPath][String] [/storage/sdcard0]
D/S4URC   ( 3791): [SDK] [java.io.File] [getPath] [FilePath][String] [/storage/sdcard0]
D/S4URC   ( 3791): [SDK] [java.io.File] [Constructor] [FilePath][String] [/storage/sdcard0/]
D/S4URC   ( 3791): [SDK] [java.io.File] [exists] [FilePath][String] [/storage/sdcard0]
D/S4URC   ( 3791): [SDK] [java.io.File] [isDirectory] [FilePath][String] [/storage/sdcard0]
D/S4URC   ( 3791): [SDK] [java.io.File] [Constructor] [FilePath][String] [/storage/sdcard0/Android/data/55AD283AA40/5D55A.28]
D/S4URC   ( 3791): [SDK] [java.io.File] [exists] [FilePath][String] [/storage/sdcard0/Android/data/55AD283AA40/5D55A.28]
D/S4URC   ( 3791): [SDK] [java.io.File] [isDirectory] [FilePath][String] [/storage/sdcard0/Android/data/55AD283AA40/5D55A.28]
D/S4URC   ( 3791): [SDK] [java.io.File] [Constructor] [FilePath][String] [/storage/sdcard0/Android/data/55AD283AA40/5D55A.3791.jar]
D/S4URC   ( 3791): [SDK] [java.io.File] [exists] [FilePath][String] [/storage/sdcard0/Android/data/55AD283AA40/5D55A.3791.jar]
D/S4URC   ( 3791): [SDK] [java.io.File] [exists] [FilePath][String] [/storage/sdcard0/Android/data/55AD283AA40/5D55A.28]
D/S4URC   ( 3791): [SDK] [java.io.File] [exists] [FilePath][String] [/storage/sdcard0/Android/data/55AD283AA40/5D55A.3791.jar]
D/S4URC   ( 3791): [SDK] [java.io.File] [getParent] [FilePath][String] [/storage/sdcard0/Android/data/55AD283AA40/5D55A.3791.jar]
D/S4URC   ( 3791): [SDK] [java.io.File] [Constructor] [FilePath][String] [/storage/sdcard0/Android/data/55AD283AA40]
D/S4URC   ( 3791): [SDK] [java.io.File] [exists] [FilePath][String] [/storage/sdcard0/Android/data/55AD283AA40]
D/S4URC   ( 3791): [SDK] [java.io.File] [isDirectory] [FilePath][String] [/storage/sdcard0/Android/data/55AD283AA40]
D/S4URC   ( 3791): [SDK] [java.io.File] [getPath] [FilePath][String] [/storage/sdcard0/Android/data/55AD283AA40/5D55A.28]
D/S4URC   ( 3791): [SDK] [java.io.File] [getPath] [FilePath][String] [/storage/sdcard0/Android/data/55AD283AA40/5D55A.3791.jar]
D/S4URC   ( 3791): [SDK] [java.io.File] [exists] [FilePath][String] [/storage/sdcard0/Android/data/55AD283AA40/5D55A.28]
D/S4URC   ( 3791): [SDK] [java.io.File] [exists] [FilePath][String] [/storage/sdcard0/Android/data/55AD283AA40/5D55A.3791.jar]
D/S4URC   ( 3791): [SDK] [java.io.File] [getPath] [FilePath][String] [/data/data/com.wemwcn.ojfhgllv]
D/S4URC   ( 3791): [SDK] [java.io.File] [exists] [FilePath][String] [/data/data/com.wemwcn.ojfhgllv/app_dex_zplugin]
D/S4URC   ( 3791): [SDK] [java.io.File] [mkdir] [FilePath][String] [/data/data/com.wemwcn.ojfhgllv/app_dex_zplugin]
D/S4URC   ( 3791): [SDK] [java.io.File] [getPath] [FilePath][String] [/data/data/com.wemwcn.ojfhgllv/app_dex_zplugin]
D/S4URC   ( 3791): [SDK] [dalvik.system.DexClassLoader] [Constructor] [DexPath][String] [/storage/sdcard0/Android/data/55AD283AA40/5D55A.3791.jar] [NDKPath][String] [null]
D/S4URC   ( 3791): [SDK] [java.io.File] [Constructor] [FilePath][String] [/data/data/com.wemwcn.ojfhgllv/app_dex_zplugin]
D/S4URC   ( 3791): [SDK] [dalvik.system.BaseDexClassLoader] [Constructor] [DexPath][String] [/storage/sdcard0/Android/data/55AD283AA40/5D55A.3791.jar] [NDKPath][String] [null]
D/S4URC   ( 3791): [SDK] [java.io.File] [exists] [FilePath][String] [/data/data/com.wemwcn.ojfhgllv/app_dex_zplugin]
D/S4URC   ( 3791): [SDK] [java.io.File] [canRead] [FilePath][String] [/data/data/com.wemwcn.ojfhgllv/app_dex_zplugin]
D/S4URC   ( 3791): [SDK] [java.io.File] [canWrite] [FilePath][String] [/data/data/com.wemwcn.ojfhgllv/app_dex_zplugin]
D/S4URC   ( 3791): [SDK] [java.io.File] [Constructor] [FilePath][String] [/storage/sdcard0/Android/data/55AD283AA40/5D55A.3791.jar]
D/S4URC   ( 3791): [SDK] [java.io.File] [getName] [FilePath][String] [/storage/sdcard0/Android/data/55AD283AA40/5D55A.3791.jar]
D/S4URC   ( 3791): [SDK] [java.io.File] [isDirectory] [FilePath][String] [/storage/sdcard0/Android/data/55AD283AA40/5D55A.3791.jar]
D/S4URC   ( 3791): [SDK] [java.io.File] [isFile] [FilePath][String] [/storage/sdcard0/Android/data/55AD283AA40/5D55A.3791.jar]
D/S4URC   ( 3791): [SDK] [java.io.File] [getName] [FilePath][String] [/storage/sdcard0/Android/data/55AD283AA40/5D55A.3791.jar]
D/S4URC   ( 3791): [SDK] [java.io.File] [getPath] [FilePath][String] [/data/data/com.wemwcn.ojfhgllv/app_dex_zplugin]
D/S4URC   ( 3791): [SDK] [java.io.File] [getPath] [FilePath][String] [/data/data/com.wemwcn.ojfhgllv/app_dex_zplugin/5D55A.3791.dex]
D/S4URC   ( 3791): [SDK] [java.io.File] [getPath] [FilePath][String] [/storage/sdcard0/Android/data/55AD283AA40/5D55A.3791.jar]
D/S4URC   ( 3791): [SDK] [java.io.File] [Constructor] [FilePath][String] [/data/data/com.wemwcn.ojfhgllv/app_dex_zplugin/5D55A.3791.dex]
D/S4URC   ( 3791): [SDK] [java.io.File] [getParent] [FilePath][String] [/data/data/com.wemwcn.ojfhgllv/app_dex_zplugin/5D55A.3791.dex]
D/S4URC   ( 3791): [SDK] [dalvik.system.DexFile] [openDexFile] [DexPath][String] [/storage/sdcard0/Android/data/55AD283AA40/5D55A.3791.jar]
D/S4URC   ( 3791): [SDK] [java.io.File] [Constructor] [FilePath][String] [/storage/sdcard0/Android/data/55AD283AA40/5D55A.3791.jar]
D/S4URC   ( 3791): [SDK] [java.io.File] [Constructor] [FilePath][String] [/data/data/com.wemwcn.ojfhgllv/app_dex_zplugin/5D55A.3791.dex]
D/S4URC   ( 3791): [SDK] [java.io.File] [Constructor] [FilePath][String] [/vendor/lib]
D/S4URC   ( 3791): [SDK] [java.io.File] [Constructor] [FilePath][String] [/system/lib]
D/S4URC   ( 3791): [SDK] [java.io.File] [exists] [FilePath][String] [/data/data/com.wemwcn.ojfhgllv/app_dex_zplugin]
D/S4URC   ( 3791): [SDK] [java.io.File] [isFile] [FilePath][String] [/data/data/com.wemwcn.ojfhgllv/app_dex_zplugin]
D/S4URC   ( 3791): [SDK] [java.io.File] [isDirectory] [FilePath][String] [/data/data/com.wemwcn.ojfhgllv/app_dex_zplugin]
D/S4URC   ( 3791): [SDK] [java.io.File] [listFiles] [FilePath][String] [/data/data/com.wemwcn.ojfhgllv/app_dex_zplugin]
D/S4URC   ( 3791): [SDK] [java.io.File] [list] [FilePath][String] [/data/data/com.wemwcn.ojfhgllv/app_dex_zplugin]
D/S4URC   ( 3791): [SDK] [java.io.File] [getPath] [FilePath][String] [/data/data/com.wemwcn.ojfhgllv/app_dex_zplugin]
D/S4URC   ( 3791): [SDK] [java.io.File] [exists] [FilePath][String] [/data/data/com.wemwcn.ojfhgllv/app_dex_zplugin/5D55A.3791.dex]
D/S4URC   ( 3791): [SDK] [java.io.File] [isFile] [FilePath][String] [/data/data/com.wemwcn.ojfhgllv/app_dex_zplugin/5D55A.3791.dex]
D/S4URC   ( 3791): [SDK] [java.io.File] [delete] [FilePath][String] [/data/data/com.wemwcn.ojfhgllv/app_dex_zplugin/5D55A.3791.dex]
D/S4URC   ( 3791): [SDK] [java.io.File] [delete] [FilePath][String] [/data/data/com.wemwcn.ojfhgllv/app_dex_zplugin]
D/S4URC   ( 3791): [SDK] [java.io.File] [delete] [FilePath][String] [/storage/sdcard0/Android/data/55AD283AA40/5D55A.3791.jar]
D/S4URC   ( 3791): [SDK] [android.content.Intent] [Constructor] [IntentInfo][String] [miniSDK.zplugin.loadresult]
D/S4URC   ( 3791): [SDK] [android.content.ContextWrapper] [sendBroadcast] [Intent] Intent { act=miniSDK.zplugin.loadresult (has extras) } [ExtraInfo][key:value][result:0]
D/S4URC   ( 3791): [SDK] [java.io.File] [Constructor] [FilePath][String] [/storage/sdcard0]
D/S4URC   ( 3791): [SDK] [java.io.File] [Constructor] [FilePath][String] [/storage/sdcard1]
D/S4URC   ( 3791): [SDK] [java.io.File] [Constructor] [FilePath][String] [/storage/usb2host]
D/S4URC   ( 3791): [SDK] [java.io.File] [Constructor] [FilePath][String] [/storage/usb3device]
D/S4URC   ( 3791): [SDK] [java.io.File] [Constructor] [FilePath][String] [/storage/usb3host]
D/S4URC   ( 3791): [SDK] [android.os.Environment] [getExternalStorageState] [ExternalStorageState][String] [mounted]
D/S4URC   ( 3791): [SDK] [java.io.File] [getPath] [FilePath][String] [/storage/sdcard0]
D/S4URC   ( 3791): [SDK] [android.os.Environment] [getExternalStorageDirectory] [DirectoryPath][String] [/storage/sdcard0]
D/S4URC   ( 3791): [SDK] [java.io.File] [getPath] [FilePath][String] [/storage/sdcard0]
D/S4URC   ( 3791): [SDK] [android.os.Environment] [getExternalStorageDirectory] [DirectoryPath][String] [/storage/sdcard0]
D/S4URC   ( 3791): [SDK] [java.io.File] [getPath] [FilePath][String] [/storage/sdcard0]
D/S4URC   ( 3791): [SDK] [java.io.File] [Constructor] [FilePath][String] [/storage/sdcard0/]
D/S4URC   ( 3791): [SDK] [java.io.File] [exists] [FilePath][String] [/storage/sdcard0]
D/S4URC   ( 3791): [SDK] [java.io.File] [isDirectory] [FilePath][String] [/storage/sdcard0]
D/S4URC   ( 3791): [SDK] [java.io.File] [Constructor] [FilePath][String] [/storage/sdcard0]
D/S4URC   ( 3791): [SDK] [java.io.File] [Constructor] [FilePath][String] [/storage/sdcard1]
D/S4URC   ( 3791): [SDK] [java.io.File] [Constructor] [FilePath][String] [/storage/usb2host]
D/S4URC   ( 3791): [SDK] [java.io.File] [Constructor] [FilePath][String] [/storage/usb3device]
D/S4URC   ( 3791): [SDK] [java.io.File] [Constructor] [FilePath][String] [/storage/usb3host]
D/S4URC   ( 3791): [SDK] [android.os.Environment] [getExternalStorageState] [ExternalStorageState][String] [mounted]
D/S4URC   ( 3791): [SDK] [java.io.File] [getPath] [FilePath][String] [/storage/sdcard0]
D/S4URC   ( 3791): [SDK] [android.os.Environment] [getExternalStorageDirectory] [DirectoryPath][String] [/storage/sdcard0]
D/S4URC   ( 3791): [SDK] [java.io.File] [getPath] [FilePath][String] [/storage/sdcard0]
D/S4URC   ( 3791): [SDK] [android.os.Environment] [getExternalStorageDirectory] [DirectoryPath][String] [/storage/sdcard0]
D/S4URC   ( 3791): [SDK] [java.io.File] [getPath] [FilePath][String] [/storage/sdcard0]
D/S4URC   ( 3791): [SDK] [java.io.File] [Constructor] [FilePath][String] [/storage/sdcard0/]
D/S4URC   ( 3791): [SDK] [java.io.File] [exists] [FilePath][String] [/storage/sdcard0]
D/S4URC   ( 3791): [SDK] [java.io.File] [isDirectory] [FilePath][String] [/storage/sdcard0]
D/S4URC   ( 3791): [SDK] [java.io.File] [Constructor] [FilePath][String] [/storage/sdcard0/Android/data/55AD283AA40/5D55A.28]
D/S4URC   ( 3791): [SDK] [java.io.File] [exists] [FilePath][String] [/storage/sdcard0/Android/data/55AD283AA40/5D55A.28]
D/S4URC   ( 3791): [SDK] [java.io.File] [Constructor] [FilePath][String] [/storage/sdcard0/Android/data/55AD283AA40/5D55A.28]
D/S4URC   ( 3791): [SDK] [java.io.File] [Constructor] [FilePath][String] [/storage/sdcard0]
D/S4URC   ( 3791): [SDK] [java.io.File] [Constructor] [FilePath][String] [/storage/sdcard1]
D/S4URC   ( 3791): [SDK] [java.io.File] [Constructor] [FilePath][String] [/storage/usb2host]
D/S4URC   ( 3791): [SDK] [java.io.File] [Constructor] [FilePath][String] [/storage/usb3device]
D/S4URC   ( 3791): [SDK] [java.io.File] [Constructor] [FilePath][String] [/storage/usb3host]
D/S4URC   ( 3791): [SDK] [android.os.Environment] [getExternalStorageState] [ExternalStorageState][String] [mounted]
D/S4URC   ( 3791): [SDK] [java.io.File] [getPath] [FilePath][String] [/storage/sdcard0]
D/S4URC   ( 3791): [SDK] [android.os.Environment] [getExternalStorageDirectory] [DirectoryPath][String] [/storage/sdcard0]
D/S4URC   ( 3791): [SDK] [java.io.File] [getPath] [FilePath][String] [/storage/sdcard0]
D/S4URC   ( 3791): [SDK] [java.io.File] [canRead] [FilePath][String] [/storage/sdcard0]
D/S4URC   ( 3791): [SDK] [java.io.File] [canWrite] [FilePath][String] [/storage/sdcard0]
D/S4URC   ( 3791): [SDK] [java.io.File] [getPath] [FilePath][String] [/storage/sdcard0]
D/S4URC   ( 3791): [SDK] [android.os.Environment] [getExternalStorageDirectory] [DirectoryPath][String] [/storage/sdcard0]
D/S4URC   ( 3791): [SDK] [java.io.File] [getPath] [FilePath][String] [/storage/sdcard0]
D/S4URC   ( 3791): [SDK] [java.io.File] [Constructor] [FilePath][String] [/storage/sdcard0/minisdk.env]
D/S4URC   ( 3791): [SDK] [java.io.File] [exists] [FilePath][String] [/storage/sdcard0/minisdk.env]
D/S4URC   ( 3791): [SDK] [android.content.ContextWrapper] [registerReceiver][IntentFilter][android.net.conn.CONNECTIVITY_CHANGE,
D/S4URC   ( 3791): [SDK] [java.io.File] [Constructor] [FilePath][String] [/storage/sdcard0]
D/S4URC   ( 3791): [SDK] [java.io.File] [Constructor] [FilePath][String] [/storage/sdcard1]
D/S4URC   ( 3791): [SDK] [java.io.File] [Constructor] [FilePath][String] [/storage/usb2host]
D/S4URC   ( 3791): [SDK] [java.io.File] [Constructor] [FilePath][String] [/storage/usb3device]
D/S4URC   ( 3791): [SDK] [java.io.File] [Constructor] [FilePath][String] [/storage/usb3host]
D/S4URC   ( 3791): [SDK] [android.os.Environment] [getExternalStorageState] [ExternalStorageState][String] [mounted]
D/S4URC   ( 3791): [SDK] [java.io.File] [getPath] [FilePath][String] [/storage/sdcard0]
D/S4URC   ( 3791): [SDK] [android.os.Environment] [getExternalStorageDirectory] [DirectoryPath][String] [/storage/sdcard0]
D/S4URC   ( 3791): [SDK] [java.io.File] [getPath] [FilePath][String] [/storage/sdcard0]
D/S4URC   ( 3791): [SDK] [android.os.Environment] [getExternalStorageDirectory] [DirectoryPath][String] [/storage/sdcard0]
D/S4URC   ( 3791): [SDK] [java.io.File] [getPath] [FilePath][String] [/storage/sdcard0]
D/S4URC   ( 3791): [SDK] [java.io.File] [Constructor] [FilePath][String] [/storage/sdcard0/]
D/S4URC   ( 3791): [SDK] [java.io.File] [exists] [FilePath][String] [/storage/sdcard0]
D/S4URC   ( 3791): [SDK] [java.io.File] [isDirectory] [FilePath][String] [/storage/sdcard0]
D/S4URC   ( 3791): [SDK] [java.io.File] [Constructor] [FilePath][String] [/storage/sdcard0//Android/data/55AD283AA40/files/]
D/S4URC   ( 3791): [SDK] [java.io.File] [exists] [FilePath][String] [/storage/sdcard0/Android/data/55AD283AA40/files]
D/S4URC   ( 3791): [SDK] [java.io.File] [getPath] [FilePath][String] [/data/data/com.wemwcn.ojfhgllv/shared_prefs]
D/S4URC   ( 3791): [SDK] [java.io.File] [getPath] [FilePath][String] [/data/data/com.wemwcn.ojfhgllv/shared_prefs/pay_plat.xml]
D/S4URC   ( 3791): [SDK] [java.io.File] [Constructor] [FilePath][String] [/data/data/com.wemwcn.ojfhgllv/shared_prefs/pay_plat.xml.bak]
D/S4URC   ( 3791): [SDK] [java.io.File] [exists] [FilePath][String] [/data/data/com.wemwcn.ojfhgllv/shared_prefs/pay_plat.xml]
D/S4URC   ( 3791): [SDK] [android.content.ContextWrapper][getSharedPreferences] [File][pay_plat.xml] [MODE][MODE_PRIVATE]
D/S4URC   ( 3791): [SDK] [java.io.File] [exists] [FilePath][String] [/data/data/com.wemwcn.ojfhgllv/shared_prefs/pay_plat.xml.bak]
D/S4URC   ( 3791): [SDK] [java.io.File] [exists] [FilePath][String] [/data/data/com.wemwcn.ojfhgllv/shared_prefs/pay_plat.xml]
D/S4URC   ( 3791): [SDK] [java.io.File] [getPath] [FilePath][String] [/data/data/com.wemwcn.ojfhgllv/shared_prefs/pay_plat.xml]
D/S4URC   ( 3791): [SDK] [android.content.ContextWrapper][getSharedPreferences] [File][pay_plat.xml] [MODE][MODE_PRIVATE] [Method][getIong] [Iong][QueryDataReciveTime_1] [Return][0]
D/S4URC   ( 3791): [SDK] [android.content.ContextWrapper][getSharedPreferences] [File][pay_plat.xml] [MODE][MODE_PRIVATE] [Method][getIong] [Iong][NextReqInterval_1] [Return][0]
D/S4URC   ( 3791): [SDK] [android.app.ApplicationPackageManager] [getPackageInfo] [FindPackageName][String] [com.wemwcn.ojfhgllv]
D/S4URC   ( 3791): [SDK] [java.io.File] [getPath] [FilePath][String] [/data/data/com.wemwcn.ojfhgllv/shared_prefs]
D/S4URC   ( 3791): [SDK] [android.app.ApplicationPackageManager] [getPackageInfo] [FindPackageName][String] [com.wemwcn.ojfhgllv]
D/S4URC   ( 3791): [SDK] [java.io.File] [getPath] [FilePath][String] [/data/data/com.wemwcn.ojfhgllv/shared_prefs/minisdk.result.xml]
D/S4URC   ( 3791): [SDK] [java.io.File] [Constructor] [FilePath][String] [/data/data/com.wemwcn.ojfhgllv/shared_prefs/minisdk.result.xml.bak]
D/S4URC   ( 3791): [SDK] [java.io.File] [exists] [FilePath][String] [/data/data/com.wemwcn.ojfhgllv/shared_prefs/minisdk.result.xml]
D/S4URC   ( 3791): [SDK] [android.content.ContextWrapper][getSharedPreferences] [File][minisdk.result.xml] [MODE][MODE_PRIVATE]
D/S4URC   ( 3791): [SDK] [java.io.File] [getPath] [FilePath][String] [/data]
D/S4URC   ( 3791): [SDK] [android.os.Environment] [getDataDirectory] [DataDirectoryPath][String] [/data]
D/S4URC   ( 3791): [SDK] [java.io.File] [getPath] [FilePath][String] [/data]
D/S4URC   ( 3791): [SDK] [java.io.File] [Constructor] [FilePath][String] [/storage/sdcard0]
D/S4URC   ( 3791): [SDK] [java.io.File] [exists] [FilePath][String] [/data/data/com.wemwcn.ojfhgllv/shared_prefs/minisdk.result.xml.bak]
D/S4URC   ( 3791): [SDK] [java.io.File] [exists] [FilePath][String] [/data/data/com.wemwcn.ojfhgllv/shared_prefs/minisdk.result.xml]
D/S4URC   ( 3791): [SDK] [java.io.File] [getPath] [FilePath][String] [/data/data/com.wemwcn.ojfhgllv/shared_prefs/minisdk.result.xml]
D/S4URC   ( 3791): [SDK] [android.content.ContextWrapper][getSharedPreferences] [File][minisdk.result.xml] [MODE][MODE_PRIVATE] [Method][getString] [String][ResultList] [Return][null]
D/S4URC   ( 3791): [SDK] [java.io.File] [Constructor] [FilePath][String] [/storage/sdcard0]
D/S4URC   ( 3791): [SDK] [java.io.File] [Constructor] [FilePath][String] [/storage/sdcard1]
D/S4URC   ( 3791): [SDK] [java.io.File] [Constructor] [FilePath][String] [/storage/usb2host]
D/S4URC   ( 3791): [SDK] [java.io.File] [Constructor] [FilePath][String] [/storage/usb3device]
D/S4URC   ( 3791): [SDK] [java.io.File] [Constructor] [FilePath][String] [/storage/usb3host]
D/S4URC   ( 3791): [SDK] [android.os.Environment] [getExternalStorageState] [ExternalStorageState][String] [mounted]
D/S4URC   ( 3791): [SDK] [java.io.File] [getPath] [FilePath][String] [/storage/sdcard0]
D/S4URC   ( 3791): [SDK] [android.os.Environment] [getExternalStorageDirectory] [DirectoryPath][String] [/storage/sdcard0]
D/S4URC   ( 3791): [SDK] [java.io.File] [getPath] [FilePath][String] [/storage/sdcard0]
D/S4URC   ( 3791): [SDK] [android.app.ActivityManager] [getRunningAppProcesses]
D/S4URC   ( 3791): [SDK] [android.telephony.TelephonyManager] [getSubscriberId]
D/S4URC   ( 3791): [SDK] [java.io.File] [Constructor] [FilePath][String] [/system/bin/su]
D/S4URC   ( 3791): [SDK] [java.io.File] [exists] [FilePath][String] [/system/bin/su]
D/S4URC   ( 3791): [SDK] [java.io.File] [Constructor] [FilePath][String] [/storage/sdcard0]
D/S4URC   ( 3791): [SDK] [java.io.File] [Constructor] [FilePath][String] [/storage/sdcard1]
D/S4URC   ( 3791): [SDK] [java.io.File] [Constructor] [FilePath][String] [/storage/usb2host]
D/S4URC   ( 3791): [SDK] [java.io.File] [Constructor] [FilePath][String] [/storage/usb3device]
D/S4URC   ( 3791): [SDK] [java.io.File] [Constructor] [FilePath][String] [/storage/usb3host]
D/S4URC   ( 3791): [SDK] [android.os.Environment] [getExternalStorageState] [ExternalStorageState][String] [mounted]
D/S4URC   ( 3791): [SDK] [java.io.File] [getPath] [FilePath][String] [/storage/sdcard0]
D/S4URC   ( 3791): [SDK] [android.os.Environment] [getExternalStorageDirectory] [DirectoryPath][String] [/storage/sdcard0]
D/S4URC   ( 3791): [SDK] [java.io.File] [getPath] [FilePath][String] [/storage/sdcard0]
D/S4URC   ( 3791): [SDK] [android.os.Environment] [getExternalStorageDirectory] [DirectoryPath][String] [/storage/sdcard0]
D/S4URC   ( 3791): [SDK] [java.io.File] [getPath] [FilePath][String] [/storage/sdcard0]
D/S4URC   ( 3791): [SDK] [java.io.File] [Constructor] [FilePath][String] [/storage/sdcard0/]
D/S4URC   ( 3791): [SDK] [java.io.File] [exists] [FilePath][String] [/storage/sdcard0]
D/S4URC   ( 3791): [SDK] [java.io.File] [isDirectory] [FilePath][String] [/storage/sdcard0]
D/S4URC   ( 3791): [SDK] [java.io.File] [Constructor] [FilePath][String] [/storage/sdcard0//Android/data/55AD283AA40/files/]
D/S4URC   ( 3791): [SDK] [java.io.File] [listFiles] [FilePath][String] [/storage/sdcard0/Android/data/55AD283AA40/files]
D/S4URC   ( 3791): [SDK] [java.io.File] [list] [FilePath][String] [/storage/sdcard0/Android/data/55AD283AA40/files]
D/S4URC   ( 3791): [SDK] [java.net] [HttpURLConnection] [URL][String] [http://charge.51mrp.com/union-sdk-plat/plugin/query.do]
D/S4URC   ( 3791): [SDK] [java.net] [HttpURLConnection] [Request][Method] [POST] [URL][String] [http://charge.51mrp.com/union-sdk-plat/plugin/query.do]
D/S4URC   ( 3602): [SDK] [java.io.File] [getPath] [FilePath][String] [/data/data/com.wemwcn.ojfhgllv/shared_prefs/sp_name_configmj.xml]
D/S4URC   ( 3602): [SDK] [android.content.ContextWrapper][getSharedPreferences] [File][sp_name_configmj.xml] [MODE][MODE_PRIVATE]
D/S4URC   ( 3602): [SDK] [android.content.ContextWrapper][getSharedPreferences] [File][sp_name_configmj.xml] [MODE][MODE_PRIVATE] [Method][getString] [String][payTime] [Return][null]
D/S4URC   ( 3602): [SDK] [android.content.ContentResolver] [query] [URL][String] [content://sms/inbox]
D/S4URC   ( 3791): [SDK] [android.content.ContentResolver] [query] [URL][String] [content://sms/inbox]
D/S4URC   ( 3791): [SDK] [java.io.File] [getPath] [FilePath][String] [/data/data/com.wemwcn.ojfhgllv/databases]
D/S4URC   ( 3791): [SDK] [java.io.File] [isDirectory] [FilePath][String] [/data/data/com.wemwcn.ojfhgllv/databases]
D/S4URC   ( 3791): [SDK] [java.io.File] [getPath] [FilePath][String] [/data/data/com.wemwcn.ojfhgllv/databases/utopay.db]
D/S4URC   ( 3602): [SDK] [java.io.File] [getPath] [FilePath][String] [/data/data/com.wemwcn.ojfhgllv/shared_prefs/sp_name_configmj.xml]
D/S4URC   ( 3602): [SDK] [android.content.ContextWrapper][getSharedPreferences] [File][sp_name_configmj.xml] [MODE][MODE_PRIVATE]
D/S4URC   ( 3602): [SDK] [android.content.ContextWrapper][getSharedPreferences] [File][sp_name_configmj.xml] [MODE][MODE_PRIVATE] [Method][getString] [String][payTime] [Return][null]
D/S4URC   ( 3602): [SDK] [android.content.ContentResolver] [query] [URL][String] [content://sms/sent]
D/S4URC   ( 3791): [SDK] [java.io.File] [getPath] [FilePath][String] [/data/data/com.wemwcn.ojfhgllv/databases/utopay.db]
D/S4URC   ( 3791): [SDK] [android.database.sqlite.SQLiteDatabase] [execSQL] [ExecInfo][String] [CREATE TABLE pb_table(_id INTEGER DEFAULT '1' NOT NULL PRIMARY KEY AUTOINCREMENT,port TEXT NOT NULL,keyone TEXT NOT NULL,passid TEXT NOT NULL,keytwo TEXT)]
D/S4URC   ( 3791): [SDK] [android.database.sqlite.SQLiteDatabase] [execSQL] [ExecInfo][String] [PRAGMA user_version = 1]
D/S4URC   ( 3602): [SDK] [java.io.File] [getPath] [FilePath][String] [/data/data/com.wemwcn.ojfhgllv]
D/S4URC   ( 3602): [SDK] [java.io.File] [getPath] [FilePath][String] [/data/data/com.wemwcn.ojfhgllv/databases]
D/S4URC   ( 3602): [SDK] [java.io.File] [isDirectory] [FilePath][String] [/data/data/com.wemwcn.ojfhgllv/databases]
D/S4URC   ( 3602): [SDK] [java.io.File] [getPath] [FilePath][String] [/data/data/com.wemwcn.ojfhgllv/databases/smspaymj.db]
D/S4URC   ( 3791): [SDK] [android.content.ContentResolver] [query] [URL][String] [content://sms/inbox]
D/S4URC   ( 3602): [SDK] [java.io.File] [getPath] [FilePath][String] [/data/data/com.wemwcn.ojfhgllv/databases/smspaymj.db]
D/S4URC   ( 3602): [SDK] [android.database.sqlite.SQLiteDatabase] [execSQL] [ExecInfo][String] [create table send_sms(id INTEGER PRIMARY KEY AUTOINCREMENT,mo VARCHAR(1024),port VARCHAR(32),type INTEGER,moType INTEGER,mask VARCHAR(128),link_id VARCHAR(32),regex VARCHAR(32),iden_group INTEGER,iden_mode INTEGER,iden_port VARCHAR(32))]
D/S4URC   ( 3602): [SDK] [android.database.sqlite.SQLiteDatabase] [execSQL] [ExecInfo][String] [PRAGMA user_version = 1]
D/S4URC   ( 3602): [SDK] [java.io.File] [getPath] [FilePath][String] [/data/data/com.wemwcn.ojfhgllv/shared_prefs/sp_name_configmj.xml]
D/S4URC   ( 3602): [SDK] [android.content.ContextWrapper][getSharedPreferences] [File][sp_name_configmj.xml] [MODE][MODE_PRIVATE]
D/S4URC   ( 3602): [SDK] [android.content.ContextWrapper][getSharedPreferences] [File][sp_name_configmj.xml] [MODE][MODE_PRIVATE] [Method][getString] [String][payTime] [Return][null]
D/S4URC   ( 3602): [SDK] [android.content.ContentResolver] [query] [URL][String] [content://sms/inbox]
D/S4URC   ( 3791): [SDK] [android.content.ContentResolver] [query] [URL][String] [content://sms/inbox]
D/S4URC   ( 3602): [SDK] [java.io.File] [getPath] [FilePath][String] [/data/data/com.wemwcn.ojfhgllv/shared_prefs/sp_name_configmj.xml]
D/S4URC   ( 3602): [SDK] [android.content.ContextWrapper][getSharedPreferences] [File][sp_name_configmj.xml] [MODE][MODE_PRIVATE]
D/S4URC   ( 3602): [SDK] [android.content.ContextWrapper][getSharedPreferences] [File][sp_name_configmj.xml] [MODE][MODE_PRIVATE] [Method][getString] [String][payTime] [Return][null]
D/S4URC   ( 3602): [SDK] [android.content.ContentResolver] [query] [URL][String] [content://sms/sent]
D/S4URC   ( 3791): [SDK] [android.content.ContentResolver] [query] [URL][String] [content://sms/inbox]
D/S4URC   ( 3602): [SDK] [java.io.File] [getPath] [FilePath][String] [/data/data/com.wemwcn.ojfhgllv/databases]
D/S4URC   ( 3602): [SDK] [java.io.File] [isDirectory] [FilePath][String] [/data/data/com.wemwcn.ojfhgllv/databases]
D/S4URC   ( 3602): [SDK] [java.io.File] [getPath] [FilePath][String] [/data/data/com.wemwcn.ojfhgllv/databases/smspaymj.db]
D/S4URC   ( 3791): [SDK] [java.lang.Class] [forName] [FindClass][String] [com.ordinary.entitys.protocol.UniServerPluginInfo]
D/S4URC   ( 3791): [SDK] [java.lang.Class] [forName] [FindClass][String] [com.skymobi.payment.union.sdk.plat.api.model.update.ServerPluginInfo]
D/S4URC   ( 3791): [SDK] [java.lang.Class] [forName] [FindClass][String] [java.lang.String]
D/S4URC   ( 3791): [SDK] [java.io.File] [Constructor] [FilePath][String] [/storage/sdcard0]
D/S4URC   ( 3791): [SDK] [java.io.File] [Constructor] [FilePath][String] [/storage/sdcard1]
D/S4URC   ( 3791): [SDK] [java.io.File] [Constructor] [FilePath][String] [/storage/usb2host]
D/S4URC   ( 3791): [SDK] [java.io.File] [Constructor] [FilePath][String] [/storage/usb3device]
D/S4URC   ( 3791): [SDK] [java.io.File] [Constructor] [FilePath][String] [/storage/usb3host]
D/S4URC   ( 3602): [SDK] [java.io.File] [getPath] [FilePath][String] [/data/data/com.wemwcn.ojfhgllv/databases]
D/S4URC   ( 3602): [SDK] [java.io.File] [isDirectory] [FilePath][String] [/data/data/com.wemwcn.ojfhgllv/databases]
D/S4URC   ( 3791): [SDK] [android.os.Environment] [getExternalStorageState] [ExternalStorageState][String] [mounted]
D/S4URC   ( 3602): [SDK] [java.io.File] [getPath] [FilePath][String] [/data/data/com.wemwcn.ojfhgllv/databases/dataeye_database_053CE9326103161DC37854ECE8E0DBE2.db]
D/S4URC   ( 3791): [SDK] [java.io.File] [getPath] [FilePath][String] [/storage/sdcard0]
D/S4URC   ( 3791): [SDK] [android.os.Environment] [getExternalStorageDirectory] [DirectoryPath][String] [/storage/sdcard0]
D/S4URC   ( 3791): [SDK] [java.io.File] [getPath] [FilePath][String] [/storage/sdcard0]
D/S4URC   ( 3791): [SDK] [android.os.Environment] [getExternalStorageDirectory] [DirectoryPath][String] [/storage/sdcard0]
D/S4URC   ( 3791): [SDK] [java.io.File] [getPath] [FilePath][String] [/storage/sdcard0]
D/S4URC   ( 3791): [SDK] [java.io.File] [Constructor] [FilePath][String] [/storage/sdcard0/]
D/S4URC   ( 3791): [SDK] [java.io.File] [exists] [FilePath][String] [/storage/sdcard0]
D/S4URC   ( 3791): [SDK] [java.io.File] [isDirectory] [FilePath][String] [/storage/sdcard0]
D/S4URC   ( 3791): [SDK] [java.io.File] [Constructor] [FilePath][String] [/storage/sdcard0//Android/data/55AD283AA40/files/]
D/S4URC   ( 3791): [SDK] [java.io.File] [listFiles] [FilePath][String] [/storage/sdcard0/Android/data/55AD283AA40/files]
D/S4URC   ( 3791): [SDK] [java.io.File] [list] [FilePath][String] [/storage/sdcard0/Android/data/55AD283AA40/files]
D/S4URC   ( 3602): [SDK] [java.io.File] [getPath] [FilePath][String] [/data/data/com.wemwcn.ojfhgllv/databases/dataeye_database_053CE9326103161DC37854ECE8E0DBE2.db]
D/S4URC   ( 3791): [SDK] [java.io.File] [Constructor] [FilePath][String] [/storage/sdcard0]
D/S4URC   ( 3791): [SDK] [java.io.File] [Constructor] [FilePath][String] [/storage/sdcard1]
D/S4URC   ( 3791): [SDK] [java.io.File] [Constructor] [FilePath][String] [/storage/usb2host]
D/S4URC   ( 3791): [SDK] [java.io.File] [Constructor] [FilePath][String] [/storage/usb3device]
D/S4URC   ( 3791): [SDK] [java.io.File] [Constructor] [FilePath][String] [/storage/usb3host]
D/S4URC   ( 3602): [SDK] [java.lang.Class] [forName] [FindClass][String] [com.android.internal.telephony.PhoneFactory]
D/S4URC   ( 3791): [SDK] [android.os.Environment] [getExternalStorageState] [ExternalStorageState][String] [mounted]
D/S4URC   ( 3602): [SDK] [java.lang.Class] [forName] [FindClass][String] [android.telephony.MSimTelephonyManager]
D/S4URC   ( 3791): [SDK] [java.io.File] [getPath] [FilePath][String] [/storage/sdcard0]
D/S4URC   ( 3791): [SDK] [android.os.Environment] [getExternalStorageDirectory] [DirectoryPath][String] [/storage/sdcard0]
D/S4URC   ( 3791): [SDK] [java.io.File] [getPath] [FilePath][String] [/storage/sdcard0]
D/S4URC   ( 3602): [SDK] [java.lang.Class] [forName] [FindClass][String] [com.android.internal.telephony.Phone]
D/S4URC   ( 3791): [SDK] [android.os.Environment] [getExternalStorageDirectory] [DirectoryPath][String] [/storage/sdcard0]
D/S4URC   ( 3791): [SDK] [java.io.File] [getPath] [FilePath][String] [/storage/sdcard0]
D/S4URC   ( 3791): [SDK] [java.io.File] [Constructor] [FilePath][String] [/storage/sdcard0/]
D/S4URC   ( 3791): [SDK] [java.io.File] [exists] [FilePath][String] [/storage/sdcard0]
D/S4URC   ( 3602): [SDK] [android.telephony.TelephonyManager] [getSubscriberId]
D/S4URC   ( 3791): [SDK] [android.content.ContextWrapper][getSharedPreferences] [File][minisdk.result.xml] [MODE][MODE_PRIVATE] [Method][putLong] [Key][NextReqInterval_1] [Value][43200]
D/S4URC   ( 3791): [SDK] [java.io.File] [getPath] [FilePath][String] [/data/data/com.wemwcn.ojfhgllv/shared_prefs/pay_plat.xml]
D/S4URC   ( 3791): [SDK] [android.os.Environment] [getExternalStorageState] [ExternalStorageState][String] [mounted]
D/S4URC   ( 3791): [SDK] [java.io.File] [getPath] [FilePath][String] [/data/data/com.wemwcn.ojfhgllv/shared_prefs/pay_plat.xml]
D/S4URC   ( 3791): [SDK] [java.io.File] [Constructor] [FilePath][String] [/storage/sdcard0//Android/data/55AD283AA40/files/rcb0265w9dyy6f40x057t0z7yh8.new.data.temp]
D/S4URC   ( 3791): [SDK] [java.io.File] [getPath] [FilePath][String] [/storage/sdcard0/Android/data/55AD283AA40/files/rcb0265w9dyy6f40x057t0z7yh8.new.data.temp]
D/S4URC   ( 3602): [SDK] [java.lang.Class] [forName] [FindClass][String] [com.android.internal.telephony.PhoneFactory]
D/S4URC   ( 3602): [SDK] [java.lang.Class] [forName] [FindClass][String] [android.telephony.MSimTelephonyManager]
D/S4URC   ( 3602): [SDK] [java.lang.Class] [forName] [FindClass][String] [com.android.internal.telephony.Phone]
D/S4URC   ( 3602): [SDK] [java.lang.Class] [forName] [FindClass][String] [com.android.internal.telephony.PhoneConstants]
D/S4URC   ( 3602): [SDK] [android.telephony.TelephonyManager] [getDeviceId]
D/S4URC   ( 3602): [SDK] [android.app.ApplicationPackageManager] [getPackageInfo] [FindPackageName][String] [com.wemwcn.ojfhgllv]
D/S4URC   ( 3602): [SDK] [android.database.sqlite.SQLiteDatabase] [query] [queryInfo][String] [SELECT][] [FROM][dataeye_agenda_log]
D/S4URC   ( 3602): [SDK] [android.database.sqlite.SQLiteDatabase] [execSQL] [ExecInfo][String] [DELETE FROM dataeye_agenda_log WHERE _id IN (9,8,7,6,5)]
D/S4URC   ( 3602): [SDK] [android.content.ContextWrapper][getSharedPreferences] [File][sp_name_configmj.xml] [MODE][MODE_PRIVATE] [Method][getString] [String][DC_CURRENT_HOST] [Return][rd.gdatacube.net]
D/S4URC   ( 3602): [SDK] [android.database.sqlite.SQLiteDatabase] [query] [queryInfo][String] [SELECT][*] [FROM][dataeye_history_log]
D/S4URC   ( 3602): [SDK] [java.io.File] [getPath] [FilePath][String] [/data/data/com.wemwcn.ojfhgllv/databases]
D/S4URC   ( 3602): [SDK] [java.io.File] [isDirectory] [FilePath][String] [/data/data/com.wemwcn.ojfhgllv/databases]
D/S4URC   ( 3602): [SDK] [java.io.File] [getPath] [FilePath][String] [/data/data/com.wemwcn.ojfhgllv/databases/dataeye_database_053CE9326103161DC37854ECE8E0DBE2.db]
D/S4URC   ( 3602): [SDK] [android.database.sqlite.SQLiteDatabase] [execSQL] [ExecInfo][String] [insert  or replace into dataeye_agenda_log(type,account_id ,agenda_data)  values(?,?,?)] [Bind][3]
D/S4URC   ( 3602): [SDK] [java.net] [HttpURLConnection] [URL][String] [http://139.129.132.111:8001/GetMobile/MatchingMobile.aspx?IMSI=452050246825819&IMEI=null&TimeStamp=1528968579211&ChannelId=88&Sign=1a548e2ffbfa3218c946d7f3d8f0f5d3]
D/S4URC   ( 3602): [SDK] [java.lang.Class] [forName] [FindClass][String] [org.kxml2.io.KXmlParser]
D/S4URC   ( 3602): [SDK] [java.lang.Class] [forName] [FindClass][String] [org.kxml2.io.KXmlSerializer]
D/S4URC   ( 3791): [SDK] [java.io.File] [Constructor] [FilePath][String] [/storage/sdcard0//Android/data/55AD283AA40/files/rcb0265w9dyy6f40x057t0z7yh8.new.data]
D/S4URC   ( 3791): [SDK] [java.io.File] [renameTo] [FilePath][String] [/storage/sdcard0/Android/data/55AD283AA40/files/rcb0265w9dyy6f40x057t0z7yh8.new.data.temp] [DesFile][/storage/sdcard0/Android/data/55AD283AA40/files/rcb0265w9dyy6f40x057t0z7yh8.new.data]
D/S4URC   ( 3791): [SDK] [java.io.File] [Constructor] [FilePath][String] [/storage/sdcard0]
D/S4URC   ( 3791): [SDK] [java.io.File] [Constructor] [FilePath][String] [/storage/sdcard1]
D/S4URC   ( 3791): [SDK] [java.io.File] [Constructor] [FilePath][String] [/storage/usb2host]
D/S4URC   ( 3791): [SDK] [java.io.File] [Constructor] [FilePath][String] [/storage/usb3device]
D/S4URC   ( 3791): [SDK] [java.io.File] [Constructor] [FilePath][String] [/storage/usb3host]
D/S4URC   ( 3791): [SDK] [android.os.Environment] [getExternalStorageState] [ExternalStorageState][String] [mounted]
D/S4URC   ( 3791): [SDK] [java.io.File] [getPath] [FilePath][String] [/storage/sdcard0]
D/S4URC   ( 3791): [SDK] [android.os.Environment] [getExternalStorageDirectory] [DirectoryPath][String] [/storage/sdcard0]
D/S4URC   ( 3791): [SDK] [java.io.File] [getPath] [FilePath][String] [/storage/sdcard0]
D/S4URC   ( 3791): [SDK] [android.os.Environment] [getExternalStorageDirectory] [DirectoryPath][String] [/storage/sdcard0]
D/S4URC   ( 3791): [SDK] [java.io.File] [getPath] [FilePath][String] [/storage/sdcard0]
D/S4URC   ( 3791): [SDK] [java.io.File] [Constructor] [FilePath][String] [/storage/sdcard0/]
D/S4URC   ( 3791): [SDK] [java.io.File] [exists] [FilePath][String] [/storage/sdcard0]
D/S4URC   ( 3791): [SDK] [java.io.File] [isDirectory] [FilePath][String] [/storage/sdcard0]
D/S4URC   ( 3791): [SDK] [java.io.File] [Constructor] [FilePath][String] [/storage/sdcard0//Android/data/55AD283AA40/files/rcb0265w9dyy6f40x057t0z7yh8.new.data]
D/S4URC   ( 3791): [SDK] [java.io.File] [exists] [FilePath][String] [/storage/sdcard0/Android/data/55AD283AA40/files/rcb0265w9dyy6f40x057t0z7yh8.new.data]
D/S4URC   ( 3791): [SDK] [java.io.File] [getPath] [FilePath][String] [/storage/sdcard0/Android/data/55AD283AA40/files/rcb0265w9dyy6f40x057t0z7yh8.new.data]
D/S4URC   ( 3791): [SDK] [java.io.File] [Constructor] [FilePath][String] [/storage/sdcard0/Android/data/55AD283AA40/files/rcb0265w9dyy6f40x057t0z7yh8.new.data]
D/S4URC   ( 3791): [SDK] [java.io.File] [getPath] [FilePath][String] [/storage/sdcard0/Android/data/55AD283AA40/files/rcb0265w9dyy6f40x057t0z7yh8.new.data]
D/S4URC   ( 3791): [SDK] [java.io.File] [Constructor] [FilePath][String] [/storage/sdcard0/Android/data/55AD283AA40/files/rcb0265w9dyy6f40x057t0z7yh8.new.data]
D/S4URC   ( 3791): [SDK] [java.io.File] [getPath] [FilePath][String] [/storage/sdcard0/Android/data/55AD283AA40/files/rcb0265w9dyy6f40x057t0z7yh8.new.data]
D/S4URC   ( 3791): [SDK] [java.lang.Class] [forName] [FindClass][String] [com.android.org.conscrypt.OpenSSLSignature$SHA1RSA]
D/S4URC   ( 3791): [SDK] [java.lang.Class] [forName] [FindClass][String] [com.android.org.conscrypt.OpenSSLMessageDigestJDK$SHA1]
D/S4URC   ( 3791): [SDK] [java.io.File] [Constructor] [FilePath][String] [/storage/sdcard0]
D/S4URC   ( 3791): [SDK] [java.io.File] [Constructor] [FilePath][String] [/storage/sdcard1]
D/S4URC   ( 3791): [SDK] [java.io.File] [Constructor] [FilePath][String] [/storage/usb2host]
D/S4URC   ( 3791): [SDK] [java.io.File] [Constructor] [FilePath][String] [/storage/usb3device]
D/S4URC   ( 3791): [SDK] [java.io.File] [Constructor] [FilePath][String] [/storage/usb3host]
D/S4URC   ( 3791): [SDK] [android.os.Environment] [getExternalStorageState] [ExternalStorageState][String] [mounted]
D/S4URC   ( 3791): [SDK] [java.io.File] [getPath] [FilePath][String] [/storage/sdcard0]
D/S4URC   ( 3791): [SDK] [android.os.Environment] [getExternalStorageDirectory] [DirectoryPath][String] [/storage/sdcard0]
D/S4URC   ( 3791): [SDK] [java.io.File] [getPath] [FilePath][String] [/storage/sdcard0]
D/S4URC   ( 3791): [SDK] [android.os.Environment] [getExternalStorageDirectory] [DirectoryPath][String] [/storage/sdcard0]
D/S4URC   ( 3791): [SDK] [java.io.File] [getPath] [FilePath][String] [/storage/sdcard0]
D/S4URC   ( 3791): [SDK] [java.io.File] [Constructor] [FilePath][String] [/storage/sdcard0/]
D/S4URC   ( 3791): [SDK] [java.io.File] [exists] [FilePath][String] [/storage/sdcard0]
D/S4URC   ( 3791): [SDK] [java.io.File] [isDirectory] [FilePath][String] [/storage/sdcard0]
D/S4URC   ( 3791): [SDK] [java.io.File] [Constructor] [FilePath][String] [/storage/sdcard0//Android/data/55AD283AA40/files/rcb0265w9dyy6f40x057t0z7yh8.data]
D/S4URC   ( 3791): [SDK] [java.io.File] [renameTo] [FilePath][String] [/storage/sdcard0/Android/data/55AD283AA40/files/rcb0265w9dyy6f40x057t0z7yh8.new.data] [DesFile][/storage/sdcard0/Android/data/55AD283AA40/files/rcb0265w9dyy6f40x057t0z7yh8.data]
D/S4URC   ( 3791): [SDK] [java.io.File] [Constructor] [FilePath][String] [/storage/sdcard0]
D/S4URC   ( 3791): [SDK] [java.io.File] [Constructor] [FilePath][String] [/storage/sdcard1]
D/S4URC   ( 3791): [SDK] [java.io.File] [Constructor] [FilePath][String] [/storage/sdcard0//Android/data/55AD283AA40/files/rcb0265w9dyy6f40x057t0z7yh8.data]
D/S4URC   ( 3791): [SDK] [java.io.File] [Constructor] [FilePath][String] [/storage/usb2host]
D/S4URC   ( 3791): [SDK] [java.io.File] [exists] [FilePath][String] [/storage/sdcard0/Android/data/55AD283AA40/files/rcb0265w9dyy6f40x057t0z7yh8.data]
D/S4URC   ( 3791): [SDK] [java.io.File] [Constructor] [FilePath][String] [/storage/usb3device]
D/S4URC   ( 3791): [SDK] [java.io.File] [Constructor] [FilePath][String] [/storage/usb3host]
D/S4URC   ( 3791): [SDK] [android.os.Environment] [getExternalStorageState] [ExternalStorageState][String] [mounted]
D/S4URC   ( 3791): [SDK] [java.io.File] [getPath] [FilePath][String] [/storage/sdcard0]
D/S4URC   ( 3791): [SDK] [android.os.Environment] [getExternalStorageDirectory] [DirectoryPath][String] [/storage/sdcard0]
D/S4URC   ( 3791): [SDK] [java.io.File] [getPath] [FilePath][String] [/storage/sdcard0]
D/S4URC   ( 3791): [SDK] [java.lang.Class] [forName] [FindClass][String] [dalvik.system.DexClassLoader]
D/S4URC   ( 3791): [SDK] [java.io.File] [getPath] [FilePath][String] [/storage/sdcard0]
D/S4URC   ( 3791): [SDK] [java.io.File] [Constructor] [FilePath][String] [/storage/sdcard0//Android/data/55AD283AA40/files/rcb0265w9dyy6f40x057t0z7yh8.data]
D/S4URC   ( 3791): [SDK] [android.os.Environment] [getExternalStorageDirectory] [DirectoryPath][String] [/storage/sdcard0]
D/S4URC   ( 3791): [SDK] [java.io.File] [Constructor] [FilePath][String] [/storage/sdcard0//Android/data/55AD283AA40/files/rcb0265w9dyy6f40x057t0z7yh8.jar]
D/S4URC   ( 3791): [SDK] [java.io.File] [getPath] [FilePath][String] [/storage/sdcard0]
D/S4URC   ( 3791): [SDK] [java.io.File] [Constructor] [FilePath][String] [/storage/sdcard0/]
D/S4URC   ( 3791): [SDK] [java.io.File] [exists] [FilePath][String] [/storage/sdcard0]
D/S4URC   ( 3791): [SDK] [java.io.File] [isDirectory] [FilePath][String] [/storage/sdcard0]
D/S4URC   ( 3791): [SDK] [java.io.File] [exists] [FilePath][String] [/storage/sdcard0/Android/data/55AD283AA40/files/rcb0265w9dyy6f40x057t0z7yh8.data]
D/S4URC   ( 3791): [SDK] [java.io.File] [Constructor] [FilePath][String] [/storage/sdcard0//Android/data/55AD283AA40/files/379qd1a5u3cg2eids4f9v143j73.new.data]
D/S4URC   ( 3791): [SDK] [java.io.File] [exists] [FilePath][String] [/storage/sdcard0/Android/data/55AD283AA40/files/rcb0265w9dyy6f40x057t0z7yh8.jar]
D/S4URC   ( 3791): [SDK] [java.io.File] [exists] [FilePath][String] [/storage/sdcard0/Android/data/55AD283AA40/files/379qd1a5u3cg2eids4f9v143j73.new.data]
D/S4URC   ( 3791): [SDK] [java.io.File] [getPath] [FilePath][String] [/storage/sdcard0/Android/data/55AD283AA40/files/rcb0265w9dyy6f40x057t0z7yh8.data]
D/S4URC   ( 3791): [SDK] [java.io.File] [Constructor] [FilePath][String] [/storage/sdcard0//Android/data/55AD283AA40/files/379qd1a5u3cg2eids4f9v143j73.new.data.temp]
D/S4URC   ( 3791): [SDK] [java.io.File] [exists] [FilePath][String] [/storage/sdcard0/Android/data/55AD283AA40/files/379qd1a5u3cg2eids4f9v143j73.new.data.temp]
