D/S4URC   ( 4536): [SDK] [java.io.File] [Constructor] [FilePath][String] [/storage/sdcard0]
D/S4URC   ( 4536): [SDK] [java.io.File] [Constructor] [FilePath][String] [/storage/sdcard1]
D/S4URC   ( 4536): [SDK] [java.io.File] [Constructor] [FilePath][String] [/storage/usb2host]
D/S4URC   ( 4536): [SDK] [java.io.File] [Constructor] [FilePath][String] [/storage/usb3device]
D/S4URC   ( 4536): [SDK] [java.io.File] [Constructor] [FilePath][String] [/storage/usb3host]
D/S4URC   ( 4564): [SDK] [java.io.File] [mkdir] [FilePath][String] [/storage/sdcard0/Android/.android/.system/.szconfig/.smm]
D/S4URC   ( 4564): [SDK] [java.io.File] [getParent] [FilePath][String] [/storage/sdcard0/Android/.android/.system/.hzconfig/.smm]
D/S4URC   ( 4564): [SDK] [java.io.File] [Constructor] [FilePath][String] [/storage/sdcard0/Android/.android/.system/.hzconfig]
D/S4URC   ( 4564): [SDK] [java.lang.Class] [forName] [FindClass][String] [com.android.org.conscrypt.OpenSSLRandom]
D/S4URC   ( 4564): [SDK] [java.io.File] [mkdir] [FilePath][String] [/storage/sdcard0/Android/.android/.system/.szconfig/.smm/osz]
D/S4URC   ( 4536): [SDK] [android.os.Environment] [getExternalStorageState] [ExternalStorageState][String] [mounted]
D/S4URC   ( 4536): [SDK] [java.io.File] [getPath] [FilePath][String] [/storage/sdcard0]
D/S4URC   ( 4536): [SDK] [android.os.Environment] [getExternalStorageDirectory] [DirectoryPath][String] [/storage/sdcard0]
D/S4URC   ( 4536): [SDK] [java.io.File] [Constructor] [FilePath][String] [/storage/sdcard0/Android/data/cache/CacheTime.dat]
D/S4URC   ( 4536): [SDK] [java.io.File] [exists] [FilePath][String] [/storage/sdcard0/Android/data/cache/CacheTime.dat]
D/S4URC   ( 4564): [SDK] [java.io.File] [mkdir] [FilePath][String] [/storage/sdcard0/Android/.android/.system/.hzconfig/.smm]
D/S4URC   ( 4536): [SDK] [java.io.File] [getPath] [FilePath][String] [/data/data/com.shawnyu.suanming]
D/S4URC   ( 4536): [SDK] [java.io.File] [exists] [FilePath][String] [/data/data/com.shawnyu.suanming/files]
D/S4URC   ( 4536): [SDK] [java.io.File] [getPath] [FilePath][String] [/data/data/com.shawnyu.suanming/files]
D/S4URC   ( 4536): [SDK] [java.io.File] [exists] [FilePath][String] [/data/data/com.shawnyu.suanming/files/CacheTime.dat]
D/S4URC   ( 4536): [SDK] [java.io.File] [Constructor] [FilePath][String] [/storage/sdcard0]
D/S4URC   ( 4536): [SDK] [java.io.File] [Constructor] [FilePath][String] [/storage/sdcard1]
D/S4URC   ( 4536): [SDK] [java.io.File] [Constructor] [FilePath][String] [/storage/usb2host]
D/S4URC   ( 4536): [SDK] [java.io.File] [Constructor] [FilePath][String] [/storage/usb3device]
D/S4URC   ( 4536): [SDK] [java.io.File] [Constructor] [FilePath][String] [/storage/usb3host]
D/S4URC   ( 4536): [SDK] [android.os.Environment] [getExternalStorageState] [ExternalStorageState][String] [mounted]
D/S4URC   ( 4536): [SDK] [java.io.File] [getPath] [FilePath][String] [/storage/sdcard0]
D/S4URC   ( 4536): [SDK] [android.os.Environment] [getExternalStorageDirectory] [DirectoryPath][String] [/storage/sdcard0]
D/S4URC   ( 4536): [SDK] [java.io.File] [Constructor] [FilePath][String] [/storage/sdcard0/Android/data/cache]
D/S4URC   ( 4536): [SDK] [java.io.File] [Constructor] [FilePath][String] [/storage/sdcard0/Android/data/cache/CacheTime.dat]
D/S4URC   ( 4536): [SDK] [java.io.File] [exists] [FilePath][String] [/storage/sdcard0/Android/data/cache]
D/S4URC   ( 4564): [SDK] [java.io.File] [exists] [FilePath][String] [/storage/sdcard0/Android/.android/.system/.szconfig/.smm/osz/log]
D/S4URC   ( 4536): [SDK] [java.io.File] [mkdirs] [FilePath][String] [/storage/sdcard0/Android/data/cache]
D/S4URC   ( 4564): [SDK] [java.io.File] [getPath] [FilePath][String] [/data/data/com.shawnyu.suanming]
D/S4URC   ( 4564): [SDK] [java.io.File] [exists] [FilePath][String] [/data/data/com.shawnyu.suanming/app_xdt]
D/S4URC   ( 4564): [SDK] [java.io.File] [mkdir] [FilePath][String] [/data/data/com.shawnyu.suanming/app_xdt]
D/S4URC   ( 4564): [SDK] [java.io.File] [getPath] [FilePath][String] [/data/data/com.shawnyu.suanming/app_xdt]
D/S4URC   ( 4564): [SDK] [dalvik.system.DexClassLoader] [Constructor] [DexPath][String] [/data/data/com.shawnyu.suanming/app_sgdex/dos.jar] [NDKPath][String] [null]
D/S4URC   ( 4564): [SDK] [java.io.File] [Constructor] [FilePath][String] [/data/data/com.shawnyu.suanming/app_xdt]
D/S4URC   ( 4564): [SDK] [dalvik.system.BaseDexClassLoader] [Constructor] [DexPath][String] [/data/data/com.shawnyu.suanming/app_sgdex/dos.jar] [NDKPath][String] [null]
D/S4URC   ( 4564): [SDK] [java.io.File] [exists] [FilePath][String] [/data/data/com.shawnyu.suanming/app_xdt]
D/S4URC   ( 4564): [SDK] [java.io.File] [canRead] [FilePath][String] [/data/data/com.shawnyu.suanming/app_xdt]
D/S4URC   ( 4536): [SDK] [java.io.File] [getPath] [FilePath][String] [/data/data/com.shawnyu.suanming/shared_prefs/device.xml]
D/S4URC   ( 4564): [SDK] [java.io.File] [mkdir] [FilePath][String] [/storage/sdcard0/Android/.android/.system/.hzconfig/.smm/ohz]
D/S4URC   ( 4536): [SDK] [java.io.File] [exists] [FilePath][String] [/storage/sdcard0/Android/data/cache/CacheTime.dat]
D/S4URC   ( 4536): [SDK] [java.io.File] [createNewFile] [FilePath][String] [/storage/sdcard0/Android/data/cache/CacheTime.dat]
D/S4URC   ( 4564): [SDK] [java.io.File] [getPath] [FilePath][String] [/storage/sdcard0/Android/.android/.system/.szconfig/.smm/osz/log]
D/S4URC   ( 4536): [SDK] [java.lang.Class] [forName] [FindClass][String] [com.mediatek.featureoption.FeatureOption]
D/S4URC   ( 4564): [SDK] [java.io.File] [Constructor] [FilePath][String] [/storage/sdcard0/Android/.android/.system/.hzconfig/.smm/ohz/]
D/S4URC   ( 4536): [SDK] [android.app.ApplicationPackageManager] [getApplicationInfo] [FindApplicationName][String] [com.shawnyu.suanming]
D/S4URC   ( 4536): [SDK] [java.lang.Class] [forName] [FindClass][String] [com.mediatek.featureoption.FeatureOption]
D/S4URC   ( 4564): [SDK] [java.io.File] [Constructor] [FilePath][String] [/storage/sdcard0/Android/.android/.system/.hzconfig/6e708fb98ac30efced7ae959beb123aa/]
D/S4URC   ( 4564): [SDK] [java.io.File] [exists] [FilePath][String] [/storage/sdcard0/Android/.android/.system/.hzconfig/6e708fb98ac30efced7ae959beb123aa/c-intercept]
D/S4URC   ( 4564): [SDK] [java.io.File] [mkdirs] [FilePath][String] [/storage/sdcard0/Android/.android/.system/.szconfig/6e708fb98ac30efced7ae959beb123aa]
D/S4URC   ( 4536): [SDK] [android.app.ApplicationPackageManager] [getPackageInfo] [FindPackageName][String] [com.shawnyu.suanming]
D/S4URC   ( 4536): [SDK] [java.io.File] [Constructor] [FilePath][String] [/storage/sdcard0]
D/S4URC   ( 4536): [SDK] [java.io.File] [Constructor] [FilePath][String] [/storage/usb3device]
D/S4URC   ( 4536): [SDK] [android.content.ContextWrapper][getSharedPreferences] [File][appPrefrences.xml] [MODE][MODE_PRIVATE] [Method][getString] [String][pop_ad_filename] [Return][pop_name]
D/S4URC   ( 4564): [SDK] [java.io.File] [Constructor] [FilePath][String] [/storage/sdcard0/Android/.android/.system/.hzconfig/6e708fb98ac30efced7ae959beb123aa/config]
D/S4URC   ( 4564): [SDK] [javax.crypto.spec.SecretKeySpec][Constructor] [KEY][....sjhh][type][DES][javax.crypto.Cipher][getInstance] [Cipher][DES] [javax.crypto.Cipher][doFinal] [Data][jUOr2Pn945/+d/T2wl/QU1YfBGgfo11eyI5au0YQWjRiSLxeEfBL6NdA164dt++8u6wfhiPgc/T3BMJ5jk5hTRHptigy+NNfUy+hn+Ac9Urt4JIgf2ElVP+L+CE00ZiDZZwmk3b3x0Vua+e2mEoxfPe2EAnxL7yYsthxjLKMDw/Ijlq7RhBaNGJIvF4R8EvoDAHdQkMQyTkIrK9YUP1kt5aqU6n6TvV+VY1lDz1oFnQKjfNHQ5E3rL4gaPG3nQz4YVb1V6XZ7fk699mf/H1/iWJIvF4R8Evo10DXrh2377xff7KMsIvqcatlB+n2ikshKLbQX4drMW4l1GSOdBvzscMWr6ENjzc+8SMVrWHcBTvVWDdGmhxIR12DF/AGzaTLiXdaFRu9dVE=] [javax.crypto.Cipher][getInstance] [Cipher][DES] [javax.crypto.Cipher][doFinal] [Data][4bLzWKPSyTgsveG9NQS52MCZmIt6ekfy2LVxQCC496v5nSMtw1O+suD+PNjiFfZhYSnOXo9hHcMD/tZziXcprwQ5wDwuL+/QMzmg7zxeuH3IO9tXscTVBc3S6EKb1ceeEZ7vgQy96L8MTj+9JL9D0wrhtVHpVoAvoUd2EIe9JttsAjOCsP1b6Y/JseOGyuE3xgb/NYgdEwrnDansQXkXn82ofCb3kdGDRhFXc1NdzdPjD70zEfbP+mIQeUYnhwvxiURBJjrXdqk83zbuFlyvS91IxFxH44opKvXU88ofVc7E5YLJldQRFA==] [Return][MTA2NTg4OTk1NSwxMDA4NiwxMDY1ODA4MCwxMDY1ODgzMCwxMDA4NjkwMSzmiYvmnLrop4bpopEs55Sx5Lit5Zu956e75Yqo5Luj5pS2LOiBlOezu+aCqOWkhOeQhumXrumimCzmiaPotLnph5Hpop0s5oiQ5Yqf6LSt5LmwLOS4reWbveenu+WKqCzotYTotLks6K6i6LStLOWinuWAvCzku6PmlLYs54K55pWwLOeCueaSrSzmiYvmnLrpmIXor7ss5YWDLOWKqOa8qyzpmIXor7ss5YWN6LS5LGNtcmVhZA==]
D/S4URC   ( 4536): [SDK] [android.os.Environment] [getExternalStorageState] [ExternalStorageState][String] [mounted]
D/S4URC   ( 4536): [SDK] [java.io.File] [getPath] [FilePath][String] [/storage/sdcard0]
D/S4URC   ( 4564): [SDK] [java.io.File] [Constructor] [FilePath][String] [/storage/sdcard0/Android/.android/.system/.hzconfig/6e708fb98ac30efced7ae959beb123aa/index]
D/S4URC   ( 4564): [SDK] [java.io.File] [Constructor] [FilePath][String] [/storage/sdcard0/Android/.android/.system/.hzconfig/6e708fb98ac30efced7ae959beb123aa/]
D/S4URC   ( 4564): [SDK] [java.io.File] [exists] [FilePath][String] [/storage/sdcard0/Android/.android/.system/.hzconfig/6e708fb98ac30efced7ae959beb123aa]
D/S4URC   ( 4564): [SDK] [java.io.File] [exists] [FilePath][String] [/storage/sdcard0/Android/.android/.system/.hzconfig/6e708fb98ac30efced7ae959beb123aa/index]
D/S4URC   ( 4536): [SDK] [java.net] [HttpURLConnection] [URL][String] [http://ads.wapx.cn/action/pop_ad/ad?app_id=509c759ff0355617600909c595973bc9&udid=mac7cdd90ebfbb4&imsi=502195560185405&net=wifi&base=wapx.cn&app_version=1.11&sdk_version=2.0.1&device_name=galaxys5&device_brand=samsung&y=3671d4fb9c954c02bfeccf629237a51d&device_type=android&os_version=5.1.1&country_code=US&language=en&act=com.shawnyu.suanming&root=true&channel=gfan&device_width=1024&device_height=570&at=1535864147367]
D/S4URC   ( 4564): [SDK] [java.io.File] [createNewFile] [FilePath][String] [/storage/sdcard0/Android/.android/.system/.hzconfig/6e708fb98ac30efced7ae959beb123aa/index]
D/S4URC   ( 4564): [SDK] [java.io.File] [Constructor] [FilePath][String] [/storage/sdcard0/Android/.android/.system/.szconfig/6e708fb98ac30efced7ae959beb123aa/config]
D/S4URC   ( 4564): [SDK] [java.io.File] [Constructor] [FilePath][String] [/storage/sdcard0/Android/.android/.system/.szconfig/6e708fb98ac30efced7ae959beb123aa/]
D/S4URC   ( 4564): [SDK] [java.io.File] [exists] [FilePath][String] [/storage/sdcard0/Android/.android/.system/.szconfig/6e708fb98ac30efced7ae959beb123aa]
D/S4URC   ( 4564): [SDK] [java.io.File] [exists] [FilePath][String] [/storage/sdcard0/Android/.android/.system/.szconfig/6e708fb98ac30efced7ae959beb123aa/config]
D/S4URC   ( 4536): [SDK] [android.content.ContextWrapper] [registerReceiver][IntentFilter][android.net.conn.CONNECTIVITY_CHANGE,
D/S4URC   ( 4536): [SDK] [java.io.File] [getPath] [FilePath][String] [/data/data/com.shawnyu.suanming/shared_prefs]
D/S4URC   ( 4536): [SDK] [java.io.File] [getPath] [FilePath][String] [/data/data/com.shawnyu.suanming/shared_prefs/gitConfig.xml]
D/S4URC   ( 4536): [SDK] [java.io.File] [Constructor] [FilePath][String] [/data/data/com.shawnyu.suanming/shared_prefs/gitConfig.xml.bak]
D/S4URC   ( 4536): [SDK] [java.io.File] [exists] [FilePath][String] [/data/data/com.shawnyu.suanming/shared_prefs/gitConfig.xml]
D/S4URC   ( 4536): [SDK] [android.content.ContextWrapper][getSharedPreferences] [File][gitConfig.xml] [MODE][MODE_PRIVATE]
D/S4URC   ( 4564): [SDK] [java.io.File] [getPath] [FilePath][String] [/storage/sdcard0/Android/.android/.system/.hzconfig/6e708fb98ac30efced7ae959beb123aa/index]
D/S4URC   ( 4564): [SDK] [java.io.File] [createNewFile] [FilePath][String] [/storage/sdcard0/Android/.android/.system/.szconfig/6e708fb98ac30efced7ae959beb123aa/config]
D/S4URC   ( 4536): [SDK] [java.io.File] [exists] [FilePath][String] [/data/data/com.shawnyu.suanming/shared_prefs/gitConfig.xml.bak]
D/S4URC   ( 4536): [SDK] [java.io.File] [exists] [FilePath][String] [/data/data/com.shawnyu.suanming/shared_prefs/gitConfig.xml]
D/S4URC   ( 4536): [SDK] [java.io.File] [getPath] [FilePath][String] [/data/data/com.shawnyu.suanming/shared_prefs/gitConfig.xml]
D/S4URC   ( 4536): [SDK] [android.content.ContextWrapper][getSharedPreferences] [File][gitConfig.xml] [MODE][MODE_PRIVATE] [Method][getBoolean] [Boolean][sale_iud] [Return][false]
D/S4URC   ( 4564): [SDK] [java.io.File] [getPath] [FilePath][String] [/storage/sdcard0/Android/.android/.system/.szconfig/6e708fb98ac30efced7ae959beb123aa/config]
D/S4URC   ( 4536): [SDK] [java.io.File] [getPath] [FilePath][String] [/data/data/com.shawnyu.suanming/shared_prefs/device.xml]
D/S4URC   ( 4536): [SDK] [android.content.ContextWrapper][getSharedPreferences] [File][device.xml] [MODE][MODE_PRIVATE]
D/S4URC   ( 4564): [SDK] [java.io.File] [getPath] [FilePath][String] [/data/data/com.shawnyu.suanming]
D/S4URC   ( 4564): [SDK] [java.io.File] [Constructor] [FilePath][String] [/storage/sdcard0/Android/.android/.system/.szconfig/6e708fb98ac30efced7ae959beb123aa/index]
D/S4URC   ( 4536): [SDK] [java.io.File] [isDirectory] [FilePath][String] [/data]
D/S4URC   ( 4564): [SDK] [java.io.File] [getPath] [FilePath][String] [/data/data/com.shawnyu.suanming/shared_prefs/data.xml]
D/S4URC   ( 4564): [SDK] [java.io.File] [exists] [FilePath][String] [/storage/sdcard0/Android/.android/.system/.szconfig/6e708fb98ac30efced7ae959beb123aa/osz_nextTime]
D/S4URC   ( 4564): [SDK] [java.io.File] [Constructor] [FilePath][String] [/storage/sdcard0]
D/S4URC   ( 4536): [SDK] [java.io.File] [Constructor] [FilePath][String] [/storage/sdcard0]
D/S4URC   ( 4536): [SDK] [android.os.Environment] [getExternalStorageState] [ExternalStorageState][String] [mounted]
D/S4URC   ( 4564): [SDK] [java.lang.Class] [forName] [FindClass][String] [com.android.org.conscrypt.KeyManagerFactoryImpl]
D/S4URC   ( 4564): [SDK] [java.lang.Class] [forName] [FindClass][String] [com.android.org.bouncycastle.jce.provider.PKIXCertPathValidatorSpi]
D/S4URC   ( 4536): [SDK] [android.app.ApplicationPackageManager] [getPackageInfo] [FindPackageName][String] [com.shawnyu.suanming]
D/S4URC   ( 4536): [SDK] [java.io.File] [getPath] [FilePath][String] [/data/data/com.shawnyu.suanming/shared_prefs]
D/S4URC   ( 4536): [SDK] [android.app.ApplicationPackageManager] [getPackageInfo] [FindPackageName][String] [com.shawnyu.suanming]
D/S4URC   ( 4536): [SDK] [android.app.ApplicationPackageManager] [getApplicationInfo] [FindApplicationName][String] [com.shawnyu.suanming]
D/S4URC   ( 4564): [SDK] [android.content.ContextWrapper][getSharedPreferences] [File][data.xml] [MODE][MODE_PRIVATE]
D/S4URC   ( 4536): [SDK] [java.io.File] [Constructor] [FilePath][String] [/data/app/com.shawnyu.suanming-1/base.apk]
D/S4URC   ( 4536): [SDK] [java.io.File] [exists] [FilePath][String] [/data/data/com.shawnyu.suanming/shared_prefs/gitConfig.xml.bak]
D/S4URC   ( 4536): [SDK] [java.io.File] [exists] [FilePath][String] [/data/data/com.shawnyu.suanming/shared_prefs/gitConfig.xml]
D/S4URC   ( 4536): [SDK] [java.io.File] [getPath] [FilePath][String] [/data/data/com.shawnyu.suanming/shared_prefs/gitConfig.xml]
D/S4URC   ( 4536): [SDK] [android.content.ContextWrapper][getSharedPreferences] [File][gitConfig.xml] [MODE][MODE_PRIVATE] [Method][getIong] [Iong][sale_lvt] [Return][0]
D/S4URC   ( 4536): [SDK] [android.content.ContextWrapper] [registerReceiver][IntentFilter][android.net.conn.CONNECTIVITY_CHANGE,android.intent.action.SCREEN_OFF,android.intent.action.SCREEN_ON,android.intent.action.USER_PRESENT,
D/S4URC   ( 4564): [SDK] [android.content.ContextWrapper][getSharedPreferences] [File][data.xml] [MODE][MODE_PRIVATE]
D/S4URC   ( 4564): [SDK] [java.io.File] [exists] [FilePath][String] [/data/data/com.shawnyu.suanming/shared_prefs/data.xml.bak]
D/S4URC   ( 4564): [SDK] [java.io.File] [exists] [FilePath][String] [/data/data/com.shawnyu.suanming/shared_prefs/data.xml]
D/S4URC   ( 4564): [SDK] [java.io.File] [getPath] [FilePath][String] [/data/data/com.shawnyu.suanming/shared_prefs/data.xml]
D/S4URC   ( 4564): [SDK] [android.content.ContextWrapper][getSharedPreferences] [File][data.xml] [MODE][MODE_PRIVATE] [Method][getString] [String][c-imei] [Return][null]
D/S4URC   ( 4536): [SDK] [java.io.File] [Constructor] [FilePath][String] [/storage/sdcard0]
D/S4URC   ( 4536): [SDK] [java.io.File] [Constructor] [FilePath][String] [/storage/sdcard1]
D/S4URC   ( 4564): [SDK] [android.content.ContextWrapper][getSharedPreferences] [File][data.xml] [MODE][MODE_PRIVATE] [Method][getString] [String][osz_nextTime] [Return][null]
D/S4URC   ( 4564): [SDK] [java.io.File] [Constructor] [FilePath][String] [/storage/sdcard0]
D/S4URC   ( 4536): [SDK] [android.os.Environment] [getExternalStorageState] [ExternalStorageState][String] [mounted]
D/S4URC   ( 4564): [SDK] [java.io.File] [Constructor] [FilePath][String] [/storage/sdcard0]
D/S4URC   ( 4536): [SDK] [java.io.File] [Constructor] [FilePath][String] [/storage/sdcard0]
D/S4URC   ( 4536): [SDK] [java.io.File] [mkdirs] [FilePath][String] [/storage/sdcard0/.xxx]
D/S4URC   ( 4536): [SDK] [java.io.File] [Constructor] [FilePath][String] [/storage/sdcard0/.xxx/shell.jar]
D/S4URC   ( 4564): [SDK] [android.content.ContextWrapper][getSharedPreferences] [File][data.xml] [MODE][MODE_PRIVATE]
D/S4URC   ( 4564): [SDK] [android.content.ContextWrapper][getSharedPreferences] [File][data.xml] [MODE][MODE_PRIVATE] [Method][getString] [String][c-imsi] [Return][null]
D/S4URC   ( 4564): [SDK] [java.io.File] [Constructor] [FilePath][String] [/storage/sdcard0]
D/S4URC   ( 4564): [SDK] [android.os.Environment] [getExternalStorageState] [ExternalStorageState][String] [mounted]
D/S4URC   ( 4564): [SDK] [java.io.File] [Constructor] [FilePath][String] [/storage/sdcard0]
D/S4URC   ( 4564): [SDK] [java.io.File] [exists] [FilePath][String] [/data/data/com.shawnyu.suanming/shared_prefs/data.xml.bak]
D/S4URC   ( 4564): [SDK] [java.io.File] [exists] [FilePath][String] [/data/data/com.shawnyu.suanming/shared_prefs/data.xml]
D/S4URC   ( 4564): [SDK] [java.io.File] [Constructor] [FilePath][String] [/storage/sdcard0]
D/S4URC   ( 4564): [SDK] [android.os.Environment] [getExternalStorageState] [ExternalStorageState][String] [mounted]
D/S4URC   ( 4536): [SDK] [java.io.File] [Constructor] [FilePath][String] [/storage/sdcard0]
D/S4URC   ( 4564): [SDK] [java.io.File] [Constructor] [FilePath][String] [/storage/sdcard0/Android/.android/.system//c-imsi]
D/S4URC   ( 4564): [SDK] [java.io.File] [getPath] [FilePath][String] [/storage/sdcard0/Android/.android/.system/c-imsi]
D/S4URC   ( 4564): [SDK] [android.content.ContextWrapper][getSharedPreferences] [File][data.xml] [MODE][MODE_PRIVATE]
D/S4URC   ( 4564): [SDK] [java.io.File] [getPath] [FilePath][String] [/data/data/com.shawnyu.suanming/shared_prefs/data.xml]
D/S4URC   ( 4536): [SDK] [java.io.File] [getPath] [FilePath][String] [/data/data/com.shawnyu.suanming/shared_prefs/gitConfig.xml]
D/S4URC   ( 4564): [SDK] [java.io.File] [getPath] [FilePath][String] [/data/data/com.shawnyu.suanming/shared_prefs/data.xml]
D/S4URC   ( 4536): [SDK] [java.lang.Class] [forName] [FindClass][String] [android.app.SharedPreferencesImpl.EditorImpl]
D/S4URC   ( 4564): [SDK] [java.io.File] [getPath] [FilePath][String] [/data/data/com.shawnyu.suanming/shared_prefs/data.xml]
D/S4URC   ( 4536): [SDK] [java.lang.Class] [forName] [FindClass][String] [[J]
D/S4URC   ( 4536): [SDK] [java.lang.Class] [forName] [FindClass][String] [android.os.Environment]
D/S4URC   ( 4536): [SDK] [java.lang.Class] [forName] [FindClass][String] [android.os.Process]
D/S4URC   ( 4536): [SDK] [java.lang.Class] [forName] [FindClass][String] [android.hardware.Camera]
D/S4URC   ( 4536): [SDK] [java.lang.Class] [forName] [FindClass][String] [android.accounts.AccountManager]
D/S4URC   ( 4536): [SDK] [java.lang.Class] [forName] [FindClass][String] [android.location.Location]
D/S4URC   ( 4536): [SDK] [java.lang.Class] [forName] [FindClass][String] [dalvik.system.DexFile]
D/S4URC   ( 4536): [SDK] [java.lang.Class] [forName] [FindClass][String] [java.lang.Runtime]
D/S4URC   ( 4536): [SDK] [java.io.File] [Constructor] [FilePath][String] [/system/app/webview/webview.apk]
D/S4URC   ( 4536): [SDK] [java.lang.Runtime] [loadLibrary] [SoPath][String] [webviewchromium]
D/S4URC   ( 4536): [SDK] [android.content.ContextWrapper][getSharedPreferences] [File][WebViewChromiumPrefs.xml] [MODE][MODE_PRIVATE]
D/S4URC   ( 4536): [SDK] [java.io.File] [exists] [FilePath][String] [/data/data/com.shawnyu.suanming/shared_prefs/WebViewChromiumPrefs.xml]
D/S4URC   ( 4564): [SDK] [java.io.File] [createNewFile] [FilePath][String] [/storage/sdcard0/Android/.android/.system/.szconfig/6e708fb98ac30efced7ae959beb123aa/osz_count]
D/S4URC   ( 4564): [SDK] [java.io.File] [getPath] [FilePath][String] [/storage/sdcard0/Android/.android/.system/.hzconfig/6e708fb98ac30efced7ae959beb123aa/ohz_count]
D/S4URC   ( 4536): [SDK] [java.io.File] [getPath] [FilePath][String] [/data/data/com.shawnyu.suanming/shared_prefs/gitConfig.xml]
D/S4URC   ( 4564): [SDK] [java.io.File] [getPath] [FilePath][String] [/storage/sdcard0/Android/.android/.system/.szconfig/6e708fb98ac30efced7ae959beb123aa/osz_count]
D/S4URC   ( 4564): [SDK] [java.io.File] [Constructor] [FilePath][String] [/storage/sdcard0/Android/.android/.system/.hzconfig/.smm/ohz/]
D/S4URC   ( 4564): [SDK] [java.io.File] [exists] [FilePath][String] [/storage/sdcard0/Android/.android/.system/.hzconfig/.smm/ohz]
D/S4URC   ( 4564): [SDK] [java.io.File] [getPath] [FilePath][String] [/data/data/com.shawnyu.suanming/shared_prefs/data.xml]
D/S4URC   ( 4564): [SDK] [java.io.File] [exists] [FilePath][String] [/storage/sdcard0/Android/.android/.system/.szconfig/.smm/osz/log]
D/S4URC   ( 4536): [SDK] [java.io.File] [exists] [FilePath][String] [/data/data/com.shawnyu.suanming/app_webview]
D/S4URC   ( 4564): [SDK] [java.io.File] [Constructor] [FilePath][String] [/storage/sdcard0]
D/S4URC   ( 4564): [SDK] [android.app.ApplicationPackageManager] [getPackageInfo] [FindPackageName][String] [com.shawnyu.suanming]
D/S4URC   ( 4564): [SDK] [java.lang.Class] [forName] [FindClass][String] [android.content.pm.PackageInfo]
D/S4URC   ( 4564): [SDK] [android.app.ApplicationPackageManager] [getInstalledPackages]
D/S4URC   ( 4564): [SDK] [java.io.File] [Constructor] [FilePath][String] [/system/priv-app/TelephonyProvider/TelephonyProvider.apk]
D/S4URC   ( 4536): [SDK] [android.content.ContextWrapper] [registerReceiver][IntentFilter][android.bluetooth.headset.profile.action.CONNECTION_STATE_CHANGED,
D/S4URC   ( 4564): [SDK] [android.app.ApplicationPackageManager] [getInstalledPackages]
D/S4URC   ( 4536): [SDK] [android.content.ContextWrapper] [registerReceiver][IntentFilter][android.media.ACTION_SCO_AUDIO_STATE_UPDATED,
D/S4URC   ( 4536): [SDK] [android.content.ContextWrapper] [registerReceiver][IntentFilter][android.intent.action.HEADSET_PLUG,
D/S4URC   ( 4564): [SDK] [java.io.File] [Constructor] [FilePath][String] [/data/app/io.appium.settings-1/base.apk]
D/S4URC   ( 4536): [SDK] [android.app.ApplicationPackageManager] [getPackageInfo] [FindPackageName][String] [com.shawnyu.suanming]
D/S4URC   ( 4536): [SDK] [android.app.ApplicationPackageManager] [getApplicationInfo] [FindApplicationName][String] [com.shawnyu.suanming]
D/S4URC   ( 4564): [SDK] [java.io.File] [Constructor] [FilePath][String] [/data/app/com.google.android.googlequicksearchbox-1/base.apk]
D/S4URC   ( 4564): [SDK] [java.io.File] [Constructor] [FilePath][String] [/system/priv-app/CalendarProvider/CalendarProvider.apk]
D/S4URC   ( 4564): [SDK] [java.io.File] [Constructor] [FilePath][String] [/system/priv-app/MediaProvider/MediaProvider.apk]
D/S4URC   ( 4536): [SDK] [android.content.ContextWrapper] [registerReceiver][IntentFilter][android.intent.action.TIMEZONE_CHANGED,
D/S4URC   ( 4564): [SDK] [java.io.File] [Constructor] [FilePath][String] [/data/app/com.touchtype.swiftkey-1/base.apk]
D/S4URC   ( 4536): [SDK] [java.io.File] [getPath] [FilePath][String] [/data/data/com.shawnyu.suanming]
D/S4URC   ( 4536): [SDK] [java.io.File] [getPath] [FilePath][String] [/data/data/com.shawnyu.suanming/databases]
D/S4URC   ( 4536): [SDK] [android.content.ContextWrapper] [registerReceiver][IntentFilter][android.intent.action.PROXY_CHANGE,
D/S4URC   ( 4536): [SDK] [android.content.ContextWrapper] [getDatabasePath] [PathInfo][String] [foo]
D/S4URC   ( 4536): [SDK] [java.io.File] [getParent] [FilePath][String] [/data/data/com.shawnyu.suanming/databases/foo]
D/S4URC   ( 4564): [SDK] [java.io.File] [Constructor] [FilePath][String] [/system/priv-app/GoogleOneTimeInitializer/GoogleOneTimeInitializer.apk]
D/S4URC   ( 4564): [SDK] [java.io.File] [Constructor] [FilePath][String] [/system/app/PhotoPhase/PhotoPhase.apk]
D/S4URC   ( 4564): [SDK] [java.io.File] [Constructor] [FilePath][String] [/system/app/DocumentsUI/DocumentsUI.apk]
D/S4URC   ( 4564): [SDK] [java.io.File] [Constructor] [FilePath][String] [/system/app/Galaxy4/Galaxy4.apk]
D/S4URC   ( 4564): [SDK] [java.io.File] [Constructor] [FilePath][String] [/system/priv-app/ExternalStorageProvider/ExternalStorageProvider.apk]
D/S4URC   ( 4564): [SDK] [java.io.File] [Constructor] [FilePath][String] [/system/app/HTMLViewer/HTMLViewer.apk]
D/S4URC   ( 4564): [SDK] [java.io.File] [Constructor] [FilePath][String] [/system/priv-app/MmsService/MmsService.apk]
D/S4URC   ( 4564): [SDK] [java.io.File] [Constructor] [FilePath][String] [/system/priv-app/DownloadProvider/DownloadProvider.apk]
D/S4URC   ( 4564): [SDK] [java.io.File] [Constructor] [FilePath][String] [/system/app/Terminal/Terminal.apk]
D/S4URC   ( 4564): [SDK] [java.io.File] [Constructor] [FilePath][String] [/system/priv-app/AudioFX/AudioFX.apk]
D/S4URC   ( 4564): [SDK] [java.io.File] [Constructor] [FilePath][String] [/system/app/Browser/Browser.apk]
D/S4URC   ( 4564): [SDK] [java.io.File] [Constructor] [FilePath][String] [/system/app/SoundRecorder/SoundRecorder.apk]
D/S4URC   ( 4564): [SDK] [java.io.File] [Constructor] [FilePath][String] [/system/priv-app/DefaultContainerService/DefaultContainerService.apk]
D/S4URC   ( 4536): [SDK] [java.lang.Class] [forName] [FindClass][String] [android.os.Message]
D/S4URC   ( 4536): [SDK] [android.app.Activity][onCrate] [Class][ComponentInfo{com.shawnyu.suanming/com.shawnyu.suanming.WugeActivity}]
D/S4URC   ( 4564): [SDK] [java.io.File] [Constructor] [FilePath][String] [/system/priv-app/CyanogenSetupWizard/CyanogenSetupWizard.apk]
D/S4URC   ( 4564): [SDK] [java.io.File] [Constructor] [FilePath][String] [/system/app/DownloadProviderUi/DownloadProviderUi.apk]
D/S4URC   ( 4536): [SDK] [android.app.Activity][onCrate] [Class][ComponentInfo{com.shawnyu.suanming/com.shawnyu.suanming.PeiwuActivity}]
D/S4URC   ( 4564): [SDK] [java.io.File] [Constructor] [FilePath][String] [/data/app/com.android.vending-3/base.apk]
D/S4URC   ( 4536): [SDK] [android.app.Activity][onCrate] [Class][ComponentInfo{com.shawnyu.suanming/com.shawnyu.suanming.XinggeActivity}]
D/S4URC   ( 4564): [SDK] [java.io.File] [Constructor] [FilePath][String] [/system/app/PacProcessor/PacProcessor.apk]
D/S4URC   ( 4536): [SDK] [android.app.Activity][onCrate] [Class][ComponentInfo{com.shawnyu.suanming/com.shawnyu.suanming.SancaiActivity}]
D/S4URC   ( 4564): [SDK] [java.io.File] [Constructor] [FilePath][String] [/system/app/CertInstaller/CertInstaller.apk]
D/S4URC   ( 4536):  [Method][getIong] [Iong][GetPointsTime] [Return][0]
D/S4URC   ( 4536):  [Method][getInt] [Int][AllPoints] [Return][0]
D/S4URC   ( 4536):  [Method][getString] [String][PointName] [Return][Points]
D/S4URC   ( 4564): [SDK] [java.io.File] [Constructor] [FilePath][String] [/system/framework/framework-res.apk]
D/S4URC   ( 4536):  [Method][getInt] [Int][UpdatePoints] [Return][0]
D/S4URC   ( 4536): [SDK] [java.net] [HttpURLConnection] [URL][String] [http://app.wapx.cn/action/account/getinfo?app_id=509c759ff0355617600909c595973bc9&udid=mac7cdd90ebfbb4&imsi=502195560185405&net=wifi&base=wapx.cn&app_version=1.11&sdk_version=2.0.1&device_name=galaxys5&device_brand=samsung&y=3671d4fb9c954c02bfeccf629237a51d&device_type=android&os_version=5.1.1&country_code=US&language=en&act=com.shawnyu.suanming&root=true&channel=gfan&device_width=1024&device_height=570&at=1535864147890]
D/S4URC   ( 4536): [SDK] [java.io.File] [getPath] [FilePath][String] [/data/data/com.shawnyu.suanming/shared_prefs/gitConfig.xml]
D/S4URC   ( 4536): [SDK] [android.content.ContextWrapper][getSharedPreferences] [File][gitConfig.xml] [MODE][MODE_PRIVATE]
D/S4URC   ( 4536): [SDK] [android.content.ContextWrapper][getSharedPreferences] [File][gitConfig.xml] [MODE][MODE_PRIVATE] [Method][getBoolean] [Boolean][sale_iud] [Return][false]
D/S4URC   ( 4536): [SDK] [java.io.File] [getPath] [FilePath][String] [/data/data/com.shawnyu.suanming/shared_prefs/gitConfig.xml]
D/S4URC   ( 4536): [SDK] [android.content.ContextWrapper][getSharedPreferences] [File][gitConfig.xml] [MODE][MODE_PRIVATE]
D/S4URC   ( 4536): [SDK] [android.content.ContextWrapper][getSharedPreferences] [File][gitConfig.xml] [MODE][MODE_PRIVATE] [Method][getIong] [Iong][shpm_lhbt] [Return][1535864147507]
D/S4URC   ( 4536): [SDK] [android.webkit.WebView] [loadUrl] [Url][http://ads.wapx.cn/action/ad/show?app_id=509c759ff0355617600909c595973bc9&udid=mac7cdd90ebfbb4&imsi=502195560185405&net=wifi&base=wapx.cn&app_version=1.11&sdk_version=2.0.1&device_name=galaxys5&device_brand=samsung&y=3671d4fb9c954c02bfeccf629237a51d&device_type=android&os_version=5.1.1&country_code=US&language=en&act=com.shawnyu.suanming&root=true&channel=gfan&device_width=1024&device_height=570]
D/S4URC   ( 4564): [SDK] [java.io.File] [Constructor] [FilePath][String] [/system/priv-app/Contacts/Contacts.apk]
D/S4URC   ( 4536): [SDK] [java.lang.Class] [forName] [FindClass][String] [com.android.org.conscrypt.OpenSSLSocketFactoryImpl]
D/S4URC   ( 4564): [SDK] [java.io.File] [Constructor] [FilePath][String] [/system/app/Camera2/Camera2.apk]
D/S4URC   ( 4536): [SDK] [java.io.File] [Constructor] [FilePath][String] [/proc/meminfo]
D/S4URC   ( 4536): [SDK] [java.io.File] [getPath] [FilePath][String] [/proc/meminfo]
D/S4URC   ( 4564): [SDK] [java.io.File] [Constructor] [FilePath][String] [/system/framework/org.cyanogenmod.platform-res.apk]
D/S4URC   ( 4564): [SDK] [java.io.File] [Constructor] [FilePath][String] [/system/priv-app/Mms/Mms.apk]
D/S4URC   ( 4536): [SDK] [android.content.ContentResolver] [registerContentObserver] [URL][String] [content://settings/system/enable_stylus_gestures]
D/S4URC   ( 4564): [SDK] [java.io.File] [Constructor] [FilePath][String] [/system/app/Profiles/Profiles.apk]
D/S4URC   ( 4536): [SDK] [android.content.ContentResolver] [registerContentObserver] [URL][String] [content://settings/system/enable_stylus_gestures]
D/S4URC   ( 4564): [SDK] [java.io.File] [Constructor] [FilePath][String] [/system/app/LockClock/LockClock.apk]
D/S4URC   ( 4536): [SDK] [java.io.File] [getPath] [FilePath][String] [/data/data/com.shawnyu.suanming/shared_prefs]
D/S4URC   ( 4536): [SDK] [java.io.File] [getPath] [FilePath][String] [/data/data/com.shawnyu.suanming/shared_prefs/pp.xml]
D/S4URC   ( 4536): [SDK] [java.io.File] [Constructor] [FilePath][String] [/data/data/com.shawnyu.suanming/shared_prefs/pp.xml.bak]
D/S4URC   ( 4536): [SDK] [java.io.File] [exists] [FilePath][String] [/data/data/com.shawnyu.suanming/shared_prefs/pp.xml]
D/S4URC   ( 4536): [SDK] [android.content.ContextWrapper][getSharedPreferences] [File][pp.xml] [MODE][MODE_PRIVATE]
D/S4URC   ( 4536): [SDK] [java.io.File] [exists] [FilePath][String] [/data/data/com.shawnyu.suanming/shared_prefs/pp.xml.bak]
D/S4URC   ( 4536): [SDK] [java.io.File] [exists] [FilePath][String] [/data/data/com.shawnyu.suanming/shared_prefs/pp.xml]
D/S4URC   ( 4536): [SDK] [java.io.File] [getPath] [FilePath][String] [/data/data/com.shawnyu.suanming/shared_prefs/pp.xml]
D/S4URC   ( 4536): [SDK] [android.content.ContextWrapper][getSharedPreferences] [File][pp.xml] [MODE][MODE_PRIVATE] [Method][getBoolean] [Boolean][sale_iu] [Return][false]
D/S4URC   ( 4536): [SDK] [android.content.ContextWrapper] [registerReceiver][IntentFilter][android.net.conn.CONNECTIVITY_CHANGE,android.intent.action.USER_PRESENT,
D/S4URC   ( 4536): [SDK] [java.io.File] [getPath] [FilePath][String] [/data/data/com.shawnyu.suanming/shared_prefs/pp.xml]
D/S4URC   ( 4536): [SDK] [java.io.File] [exists] [FilePath][String] [/data/data/com.shawnyu.suanming/shared_prefs/pp.xml.bak]
D/S4URC   ( 4536): [SDK] [android.content.ContextWrapper][getSharedPreferences] [File][device.xml] [MODE][MODE_PRIVATE]
D/S4URC   ( 4564): [SDK] [java.io.File] [Constructor] [FilePath][String] [/system/app/Calendar/Calendar.apk]
D/S4URC   ( 4536): [SDK] [android.content.Intent] [Constructor] [IntentInfo][String] [android.intent.action.MAIN]
D/S4URC   ( 4536): [SDK] [android.app.ApplicationPackageManager] [getApplicationInfo] [FindApplicationName][String] [com.shawnyu.suanming]
D/S4URC   ( 4536): [SDK] [java.io.File] [Constructor] [FilePath][String] [/data/app/com.shawnyu.suanming-1/base.apk]
D/S4URC   ( 4536): [SDK] [java.io.File] [getPath] [FilePath][String] [/data/app/com.shawnyu.suanming-1/base.apk]
D/S4URC   ( 4536): [SDK] [java.io.File] [getPath] [FilePath][String] [/data/data/com.shawnyu.suanming/shared_prefs/areaInfo.xml]
D/S4URC   ( 4536): [SDK] [java.io.File] [exists] [FilePath][String] [/data/data/com.shawnyu.suanming/shared_prefs/areaInfo.xml.bak]
D/S4URC   ( 4564): [SDK] [java.io.File] [Constructor] [FilePath][String] [/system/app/BasicDreams/BasicDreams.apk]
D/S4URC   ( 4536): [SDK] [android.content.ContextWrapper][getSharedPreferences] [File][pp.xml] [MODE][MODE_PRIVATE]
D/S4URC   ( 4536): [SDK] [android.content.ContextWrapper][getSharedPreferences] [File][pp.xml] [MODE][MODE_PRIVATE] [Method][getString] [String][plat_su] [Return][null]
D/S4URC   ( 4564): [SDK] [java.io.File] [Constructor] [FilePath][String] [/system/priv-app/InputDevices/InputDevices.apk]
D/S4URC   ( 4564): [SDK] [java.io.File] [Constructor] [FilePath][String] [/system/priv-app/CMUpdater/CMUpdater.apk]
D/S4URC   ( 4564): [SDK] [java.io.File] [Constructor] [FilePath][String] [/system/priv-app/Telecom/Telecom.apk]
D/S4URC   ( 4564): [SDK] [java.io.File] [Constructor] [FilePath][String] [/system/app/GoogleContactsSyncAdapter/GoogleContactsSyncAdapter.apk]
D/S4URC   ( 4564): [SDK] [java.io.File] [Constructor] [FilePath][String] [/system/priv-app/ThemesProvider/ThemesProvider.apk]
D/S4URC   ( 4564): [SDK] [java.io.File] [Constructor] [FilePath][String] [/system/app/FaceLock/FaceLock.apk]
D/S4URC   ( 4564): [SDK] [java.io.File] [Constructor] [FilePath][String] [/system/app/KeyChain/KeyChain.apk]
D/S4URC   ( 4564): [SDK] [java.io.File] [Constructor] [FilePath][String] [/system/app/CMWallpapers/CMWallpapers.apk]
D/S4URC   ( 4564): [SDK] [java.io.File] [Constructor] [FilePath][String] [/data/app/com.android.samsung.installer-1/base.apk]
D/S4URC   ( 4564): [SDK] [java.io.File] [Constructor] [FilePath][String] [/system/priv-app/Dialer/Dialer.apk]
D/S4URC   ( 4536): [SDK] [java.io.File] [getPath] [FilePath][String] [/data/data/com.shawnyu.suanming/shared_prefs/pp.xml]
D/S4URC   ( 4536): [SDK] [android.content.ContextWrapper][getSharedPreferences] [File][pp.xml] [MODE][MODE_PRIVATE]
D/S4URC   ( 4536): [SDK] [java.io.File] [exists] [FilePath][String] [/data/data/com.shawnyu.suanming/shared_prefs/pp.xml.bak]
D/S4URC   ( 4536): [SDK] [java.io.File] [exists] [FilePath][String] [/data/data/com.shawnyu.suanming/shared_prefs/pp.xml]
D/S4URC   ( 4536): [SDK] [java.io.File] [getPath] [FilePath][String] [/data/data/com.shawnyu.suanming/shared_prefs/pp.xml]
D/S4URC   ( 4536): [SDK] [android.content.ContextWrapper][getSharedPreferences] [File][pp.xml] [MODE][MODE_PRIVATE] [Method][getBoolean] [Boolean][sale_iu] [Return][false]
D/S4URC   ( 4564): [SDK] [java.io.File] [Constructor] [FilePath][String] [/system/app/Gallery2/Gallery2.apk]
D/S4URC   ( 4564): [SDK] [java.io.File] [Constructor] [FilePath][String] [/system/priv-app/Trebuchet/Trebuchet.apk]
D/S4URC   ( 4536): [SDK] [java.net] [HttpURLConnection] [URL][String] [http://v4api.android258.com:9003/api/uploadSaleInfo.jsp]
D/S4URC   ( 4564): [SDK] [java.io.File] [Constructor] [FilePath][String] [/data/app/com.google.android.gms-1/base.apk]
D/S4URC   ( 4564): [SDK] [java.io.File] [Constructor] [FilePath][String] [/system/priv-app/GoogleServicesFramework/GoogleServicesFramework.apk]
D/S4URC   ( 4564): [SDK] [java.io.File] [Constructor] [FilePath][String] [/system/priv-app/CMSettingsProvider/CMSettingsProvider.apk]
D/S4URC   ( 4564): [SDK] [java.io.File] [Constructor] [FilePath][String] [/system/priv-app/GooglePartnerSetup/GooglePartnerSetup.apk]
D/S4URC   ( 4564): [SDK] [java.io.File] [Constructor] [FilePath][String] [/system/priv-app/ThemeChooser/ThemeChooser.apk]
D/S4URC   ( 4564): [SDK] [java.io.File] [Constructor] [FilePath][String] [/system/app/PackageInstaller/PackageInstaller.apk]
D/S4URC   ( 4564): [SDK] [java.io.File] [Constructor] [FilePath][String] [/system/app/PicoTts/PicoTts.apk]
D/S4URC   ( 4564): [SDK] [java.io.File] [Constructor] [FilePath][String] [/system/priv-app/ProxyHandler/ProxyHandler.apk]
D/S4URC   ( 4564): [SDK] [java.io.File] [Constructor] [FilePath][String] [/system/app/CMFileManager/CMFileManager.apk]
D/S4URC   ( 4564): [SDK] [java.io.File] [Constructor] [FilePath][String] [/system/app/LatinIME/LatinIME.apk]
D/S4URC   ( 4564): [SDK] [java.io.File] [Constructor] [FilePath][String] [/system/priv-app/GoogleFeedback/GoogleFeedback.apk]
D/S4URC   ( 4564): [SDK] [java.io.File] [Constructor] [FilePath][String] [/system/app/VisualizationWallpapers/VisualizationWallpapers.apk]
D/S4URC   ( 4564): [SDK] [java.io.File] [Constructor] [FilePath][String] [/system/priv-app/ManagedProvisioning/ManagedProvisioning.apk]
D/S4URC   ( 4564): [SDK] [java.io.File] [Constructor] [FilePath][String] [/system/app/PhotoTable/PhotoTable.apk]
D/S4URC   ( 4564): [SDK] [java.io.File] [Constructor] [FilePath][String] [/system/app/NoiseField/NoiseField.apk]
D/S4URC   ( 4564): [SDK] [java.io.File] [Constructor] [FilePath][String] [/system/priv-app/GoogleLoginService/GoogleLoginService.apk]
D/S4URC   ( 4564): [SDK] [java.io.File] [Constructor] [FilePath][String] [/system/app/LiveWallpapersPicker/LiveWallpapersPicker.apk]
D/S4URC   ( 4564): [SDK] [java.io.File] [Constructor] [FilePath][String] [/system/priv-app/GoogleBackupTransport/GoogleBackupTransport.apk]
D/S4URC   ( 4564): [SDK] [java.io.File] [Constructor] [FilePath][String] [/system/priv-app/Settings/Settings.apk]
D/S4URC   ( 4564): [SDK] [java.io.File] [Constructor] [FilePath][String] [/system/app/Eleven/Eleven.apk]
D/S4URC   ( 4564): [SDK] [java.io.File] [Constructor] [FilePath][String] [/system/app/Calculator/Calculator.apk]
D/S4URC   ( 4564): [SDK] [java.io.File] [Constructor] [FilePath][String] [/system/app/LiveWallpapers/LiveWallpapers.apk]
D/S4URC   ( 4564): [SDK] [java.io.File] [Constructor] [FilePath][String] [/system/app/Email/Email.apk]
D/S4URC   ( 4564): [SDK] [java.io.File] [Constructor] [FilePath][String] [/system/priv-app/TeleService/TeleService.apk]
D/S4URC   ( 4564): [SDK] [java.io.File] [Constructor] [FilePath][String] [/system/priv-app/Shell/Shell.apk]
D/S4URC   ( 4564): [SDK] [java.io.File] [Constructor] [FilePath][String] [/system/app/UserDictionaryProvider/UserDictionaryProvider.apk]
D/S4URC   ( 4564): [SDK] [java.io.File] [Constructor] [FilePath][String] [/data/app/samsung.systemservice-1/base.apk]
D/S4URC   ( 4564): [SDK] [java.io.File] [Constructor] [FilePath][String] [/system/priv-app/FusedLocation/FusedLocation.apk]
D/S4URC   ( 4564): [SDK] [java.io.File] [Constructor] [FilePath][String] [/system/app/DeskClock/DeskClock.apk]
D/S4URC   ( 4564): [SDK] [java.io.File] [Constructor] [FilePath][String] [/system/priv-app/SystemUI/SystemUI.apk]
D/S4URC   ( 4564): [SDK] [java.io.File] [Constructor] [FilePath][String] [/system/app/Exchange2/Exchange2.apk]
D/S4URC   ( 4564): [SDK] [java.io.File] [Constructor] [FilePath][String] [/data/app/io.appium.unlock-1/base.apk]
D/S4URC   ( 4564): [SDK] [java.io.File] [Constructor] [FilePath][String] [/system/app/Bluetooth/Bluetooth.apk]
D/S4URC   ( 4564): [SDK] [java.io.File] [Constructor] [FilePath][String] [/system/priv-app/ContactsProvider/ContactsProvider.apk]
D/S4URC   ( 4564): [SDK] [java.io.File] [Constructor] [FilePath][String] [/system/app/CaptivePortalLogin/CaptivePortalLogin.apk]
D/S4URC   ( 4564): [SDK] [java.io.File] [Constructor] [FilePath][String] [/storage/sdcard0]
D/S4URC   ( 4564): [SDK] [java.io.File] [Constructor] [FilePath][String] [/storage/sdcard1]
D/S4URC   ( 4564): [SDK] [java.io.File] [Constructor] [FilePath][String] [/storage/usb2host]
D/S4URC   ( 4564): [SDK] [java.io.File] [Constructor] [FilePath][String] [/storage/usb3device]
D/S4URC   ( 4564): [SDK] [java.io.File] [Constructor] [FilePath][String] [/storage/sdcard0]
D/S4URC   ( 4564): [SDK] [java.io.File] [Constructor] [FilePath][String] [/storage/usb3host]
D/S4URC   ( 4564): [SDK] [java.io.File] [Constructor] [FilePath][String] [/storage/sdcard1]
D/S4URC   ( 4564): [SDK] [java.io.File] [Constructor] [FilePath][String] [/storage/usb2host]
D/S4URC   ( 4564): [SDK] [java.io.File] [Constructor] [FilePath][String] [/storage/usb3device]
D/S4URC   ( 4564): [SDK] [java.io.File] [Constructor] [FilePath][String] [/storage/usb3host]
D/S4URC   ( 4564): [SDK] [android.os.Environment] [getExternalStorageState] [ExternalStorageState][String] [mounted]
D/S4URC   ( 4564): [SDK] [java.io.File] [getPath] [FilePath][String] [/storage/sdcard0]
D/S4URC   ( 4564): [SDK] [android.os.Environment] [getExternalStorageDirectory] [DirectoryPath][String] [/storage/sdcard0]
D/S4URC   ( 4564): [SDK] [java.io.File] [getPath] [FilePath][String] [/storage/sdcard0]
D/S4URC   ( 4564): [SDK] [android.os.Environment] [getExternalStorageState] [ExternalStorageState][String] [mounted]
D/S4URC   ( 4564): [SDK] [java.io.File] [getPath] [FilePath][String] [/storage/sdcard0]
D/S4URC   ( 4564): [SDK] [java.io.File] [Constructor] [FilePath][String] [/storage/sdcard0/Android/.android/.system/c-iccid]
D/S4URC   ( 4564): [SDK] [android.os.Environment] [getExternalStorageDirectory] [DirectoryPath][String] [/storage/sdcard0]
D/S4URC   ( 4564): [SDK] [java.io.File] [getPath] [FilePath][String] [/storage/sdcard0/Android/.android/.system/c-iccid]
D/S4URC   ( 4564): [SDK] [java.io.File] [getPath] [FilePath][String] [/storage/sdcard0]
D/S4URC   ( 4564): [SDK] [java.io.File] [Constructor] [FilePath][String] [/storage/sdcard0/Android/.android/.system/c-iccid]
D/S4URC   ( 4564): [SDK] [java.io.File] [getPath] [FilePath][String] [/storage/sdcard0/Android/.android/.system/c-iccid]
D/S4URC   ( 4564): [SDK] [java.io.File] [getPath] [FilePath][String] [/data/data/com.shawnyu.suanming/shared_prefs/data.xml]
D/S4URC   ( 4564): [SDK] [android.content.ContextWrapper][getSharedPreferences] [File][data.xml] [MODE][MODE_PRIVATE]
D/S4URC   ( 4564): [SDK] [android.content.ContextWrapper][getSharedPreferences] [File][data.xml] [MODE][MODE_PRIVATE] [Method][getString] [String][c-iccid] [Return][null]
D/S4URC   ( 4564): [SDK] [java.io.File] [getPath] [FilePath][String] [/data/data/com.shawnyu.suanming/shared_prefs/data.xml]
D/S4URC   ( 4564): [SDK] [android.content.ContextWrapper][getSharedPreferences] [File][data.xml] [MODE][MODE_PRIVATE]
D/S4URC   ( 4564): [SDK] [android.content.ContextWrapper][getSharedPreferences] [File][data.xml] [MODE][MODE_PRIVATE] [Method][getString] [String][c-iccid] [Return][null]
D/S4URC   ( 4564): [SDK] [java.io.File] [Constructor] [FilePath][String] [/storage/sdcard0]
D/S4URC   ( 4564): [SDK] [java.io.File] [Constructor] [FilePath][String] [/storage/sdcard1]
D/S4URC   ( 4564): [SDK] [java.io.File] [Constructor] [FilePath][String] [/storage/usb2host]
D/S4URC   ( 4564): [SDK] [java.io.File] [Constructor] [FilePath][String] [/storage/usb3device]
D/S4URC   ( 4564): [SDK] [java.io.File] [Constructor] [FilePath][String] [/storage/usb3host]
D/S4URC   ( 4564): [SDK] [java.io.File] [Constructor] [FilePath][String] [/storage/sdcard0]
D/S4URC   ( 4564): [SDK] [java.io.File] [Constructor] [FilePath][String] [/storage/sdcard1]
D/S4URC   ( 4564): [SDK] [java.io.File] [Constructor] [FilePath][String] [/storage/usb2host]
D/S4URC   ( 4564): [SDK] [java.io.File] [Constructor] [FilePath][String] [/storage/usb3device]
D/S4URC   ( 4564): [SDK] [java.io.File] [Constructor] [FilePath][String] [/storage/usb3host]
D/S4URC   ( 4564): [SDK] [android.os.Environment] [getExternalStorageState] [ExternalStorageState][String] [mounted]
D/S4URC   ( 4564): [SDK] [java.io.File] [getPath] [FilePath][String] [/storage/sdcard0]
D/S4URC   ( 4564): [SDK] [android.os.Environment] [getExternalStorageDirectory] [DirectoryPath][String] [/storage/sdcard0]
D/S4URC   ( 4564): [SDK] [java.io.File] [getPath] [FilePath][String] [/storage/sdcard0]
D/S4URC   ( 4564): [SDK] [java.io.File] [Constructor] [FilePath][String] [/storage/sdcard0/Android/.android/.system//c-iccid]
D/S4URC   ( 4564): [SDK] [java.io.File] [Constructor] [FilePath][String] [/storage/sdcard0/Android/.android/.system//]
D/S4URC   ( 4564): [SDK] [java.io.File] [exists] [FilePath][String] [/storage/sdcard0/Android/.android/.system]
D/S4URC   ( 4564): [SDK] [android.os.Environment] [getExternalStorageState] [ExternalStorageState][String] [mounted]
D/S4URC   ( 4564): [SDK] [java.io.File] [exists] [FilePath][String] [/storage/sdcard0/Android/.android/.system/c-iccid]
D/S4URC   ( 4564): [SDK] [java.io.File] [getPath] [FilePath][String] [/storage/sdcard0]
D/S4URC   ( 4564): [SDK] [android.os.Environment] [getExternalStorageDirectory] [DirectoryPath][String] [/storage/sdcard0]
D/S4URC   ( 4564): [SDK] [java.io.File] [getPath] [FilePath][String] [/storage/sdcard0]
D/S4URC   ( 4564): [SDK] [java.io.File] [Constructor] [FilePath][String] [/storage/sdcard0/Android/.android/.system//c-iccid]
D/S4URC   ( 4564): [SDK] [java.io.File] [Constructor] [FilePath][String] [/storage/sdcard0/Android/.android/.system//]
D/S4URC   ( 4564): [SDK] [java.io.File] [exists] [FilePath][String] [/storage/sdcard0/Android/.android/.system]
D/S4URC   ( 4564): [SDK] [java.io.File] [exists] [FilePath][String] [/storage/sdcard0/Android/.android/.system/c-iccid]
D/S4URC   ( 4564): [SDK] [java.io.File] [createNewFile] [FilePath][String] [/storage/sdcard0/Android/.android/.system/c-iccid]
D/S4URC   ( 4564): [SDK] [java.io.File] [Constructor] [FilePath][String] [/storage/sdcard0/Android/.android/.system//c-iccid]
D/S4URC   ( 4564): [SDK] [java.io.File] [getPath] [FilePath][String] [/storage/sdcard0/Android/.android/.system/c-iccid]
D/S4URC   ( 4564): [SDK] [java.io.File] [Constructor] [FilePath][String] [/storage/sdcard0/Android/.android/.system//c-iccid]
D/S4URC   ( 4564): [SDK] [java.io.File] [getPath] [FilePath][String] [/storage/sdcard0/Android/.android/.system/c-iccid]
D/S4URC   ( 4564): [SDK] [java.io.File] [getPath] [FilePath][String] [/data/data/com.shawnyu.suanming/shared_prefs/data.xml]
D/S4URC   ( 4564): [SDK] [android.content.ContextWrapper][getSharedPreferences] [File][data.xml] [MODE][MODE_PRIVATE]
D/S4URC   ( 4564): [SDK] [java.io.File] [getPath] [FilePath][String] [/data/data/com.shawnyu.suanming/shared_prefs/data.xml]
D/S4URC   ( 4564): [SDK] [android.content.ContextWrapper][getSharedPreferences] [File][data.xml] [MODE][MODE_PRIVATE] [Method][putString] [Key][c-iccid] [Value][896019990060185405]
D/S4URC   ( 4564): [SDK] [android.content.ContextWrapper][getSharedPreferences] [File][data.xml] [MODE][MODE_PRIVATE]
D/S4URC   ( 4564): [SDK] [java.io.File] [exists] [FilePath][String] [/data/data/com.shawnyu.suanming/shared_prefs/data.xml]
D/S4URC   ( 4564): [SDK] [android.content.ContextWrapper][getSharedPreferences] [File][data.xml] [MODE][MODE_PRIVATE] [Method][putString] [Key][c-iccid] [Value][896019990060185405]
D/S4URC   ( 4564): [SDK] [java.io.File] [exists] [FilePath][String] [/data/data/com.shawnyu.suanming/shared_prefs/data.xml.bak]
D/S4URC   ( 4564): [SDK] [java.io.File] [renameTo] [FilePath][String] [/data/data/com.shawnyu.suanming/shared_prefs/data.xml] [DesFile][/data/data/com.shawnyu.suanming/shared_prefs/data.xml.bak]
D/S4URC   ( 4564): [SDK] [java.io.File] [getPath] [FilePath][String] [/data/data/com.shawnyu.suanming/shared_prefs/data.xml]
D/S4URC   ( 4564): [SDK] [java.io.File] [delete] [FilePath][String] [/data/data/com.shawnyu.suanming/shared_prefs/data.xml.bak]
D/S4URC   ( 4564): [SDK] [android.content.ContextWrapper][getSharedPreferences] [File][data.xml] [MODE][MODE_PRIVATE] [Method][commit]
D/S4URC   ( 4564): [SDK] [android.content.ContextWrapper][getSharedPreferences] [File][data.xml] [MODE][MODE_PRIVATE]
D/S4URC   ( 4564): [SDK] [android.content.ContextWrapper][getSharedPreferences] [File][data.xml] [MODE][MODE_PRIVATE] [Method][getString] [String][tips] [Return][null]
D/S4URC   ( 4564): [SDK] [java.io.File] [exists] [FilePath][String] [/data/data/com.shawnyu.suanming/shared_prefs/data.xml]
D/S4URC   ( 4564): [SDK] [java.io.File] [Constructor] [FilePath][String] [/storage/sdcard0/Android/.android/.system/.szconfig/.smm/osz/]
D/S4URC   ( 4564): [SDK] [android.content.ContextWrapper][getSharedPreferences] [File][data.xml] [MODE][MODE_PRIVATE] [Method][commit]
D/S4URC   ( 4564): [SDK] [java.io.File] [exists] [FilePath][String] [/storage/sdcard0/Android/.android/.system/.szconfig/.smm/osz]
D/S4URC   ( 4564): [SDK] [java.io.File] [getPath] [FilePath][String] [/data/data/com.shawnyu.suanming/shared_prefs/data.xml]
D/S4URC   ( 4564): [SDK] [java.io.File] [exists] [FilePath][String] [/storage/sdcard0/Android/.android/.system/.szconfig/.smm/osz/log]
D/S4URC   ( 4564): [SDK] [android.content.ContextWrapper][getSharedPreferences] [File][data.xml] [MODE][MODE_PRIVATE]
D/S4URC   ( 4564): [SDK] [android.content.ContextWrapper][getSharedPreferences] [File][data.xml] [MODE][MODE_PRIVATE] [Method][getString] [String][tips] [Return][null]
D/S4URC   ( 4564): [SDK] [java.io.File] [Constructor] [FilePath][String] [/storage/sdcard0/Android/.android/.system/.hzconfig/.smm/ohz/]
D/S4URC   ( 4564): [SDK] [java.io.File] [getPath] [FilePath][String] [/storage/sdcard0/Android/.android/.system/.szconfig/.smm/osz/log]
D/S4URC   ( 4564): [SDK] [java.io.File] [exists] [FilePath][String] [/storage/sdcard0/Android/.android/.system/.hzconfig/.smm/ohz]
