D/S4URC   ( 3308): [SDK] [android.content.ContextWrapper][getSharedPreferences] [File][Cocos2dxPrefsFile.xml] [MODE][MODE_PRIVATE]
D/S4URC   ( 3308): [SDK] [android.content.ContextWrapper][getSharedPreferences] [File][Cocos2dxPrefsFile.xml] [MODE][MODE_PRIVATE] [Method][putInt] [Key][logon-times-4v11-1] [Value][1]
D/S4URC   ( 3308): [SDK] [android.content.ContextWrapper][getSharedPreferences] [File][Cocos2dxPrefsFile.xml] [MODE][MODE_PRIVATE] [Method][apply]
D/S4URC   ( 3308): [SDK] [java.io.File] [getPath] [FilePath][String] [/storage/sdcard0/.UTSystemConfig/Global/Alvin2.xml]
D/S4URC   ( 3308): [SDK] [java.io.File] [exists] [FilePath][String] [/data/data/com.bz.ddxz/shared_prefs/Cocos2dxPrefsFile.xml]
D/S4URC   ( 3308): [NDK] [SYSCALL] [access] [PATH][string] [/data/data/com.bz.ddxz/shared_prefs/Cocos2dxPrefsFile.xml]
D/S4URC   ( 3308): [SDK] [java.io.File] [exists] [FilePath][String] [/data/data/com.bz.ddxz/shared_prefs/Cocos2dxPrefsFile.xml.bak]
D/S4URC   ( 3308): [NDK] [SYSCALL] [access] [PATH][string] [/data/data/com.bz.ddxz/shared_prefs/Cocos2dxPrefsFile.xml.bak]
D/S4URC   ( 3308): [SDK] [java.io.File] [renameTo] [FilePath][String] [/data/data/com.bz.ddxz/shared_prefs/Cocos2dxPrefsFile.xml] [DesFile][/data/data/com.bz.ddxz/shared_prefs/Cocos2dxPrefsFile.xml.bak]
D/S4URC   ( 3308): [NDK] [SYSCALL] [rename] [ORIG_PATH][string] [/data/data/com.bz.ddxz/shared_prefs/Cocos2dxPrefsFile.xml] [NEW_PATH][string] [/data/data/com.bz.ddxz/shared_prefs/Cocos2dxPrefsFile.xml.bak]
D/S4URC   ( 3308): [SDK] [java.io.File] [getPath] [FilePath][String] [/data/data/com.bz.ddxz/shared_prefs/Cocos2dxPrefsFile.xml]
D/S4URC   ( 3308): [NDK] [SYSCALL] [open] [PATH][string] [/data/data/com.bz.ddxz/shared_prefs/Cocos2dxPrefsFile.xml] [RETURN][int] [37]
D/S4URC   ( 3308): [NDK] [SYSCALL] [open] [PATH][string] [/storage/sdcard0/.UTSystemConfig/Global/Alvin2.xml] [RETURN][int] [31]
D/S4URC   ( 3594): [SDK] [java.io.File] [getPath] [FilePath][String] [/data/data/com.bz.ddxz]
D/S4URC   ( 3594): [SDK] [java.io.File] [getPath] [FilePath][String] [/data/data/com.bz.ddxz/shared_prefs]
D/S4URC   ( 3594): [SDK] [java.io.File] [getPath] [FilePath][String] [/data/data/com.bz.ddxz/shared_prefs/sp_rhsdk_loadinfo.xml]
D/S4URC   ( 3594): [SDK] [java.io.File] [Constructor] [FilePath][String] [/data/data/com.bz.ddxz/shared_prefs/sp_rhsdk_loadinfo.xml.bak]
D/S4URC   ( 3594): [SDK] [java.io.File] [exists] [FilePath][String] [/data/data/com.bz.ddxz/shared_prefs/sp_rhsdk_loadinfo.xml]
D/S4URC   ( 3594): [SDK] [java.io.File] [canRead] [FilePath][String] [/data/data/com.bz.ddxz/shared_prefs/sp_rhsdk_loadinfo.xml]
D/S4URC   ( 3594): [SDK] [java.io.File] [getPath] [FilePath][String] [/data/data/com.bz.ddxz/shared_prefs/sp_rhsdk_loadinfo.xml]
D/S4URC   ( 3594): [SDK] [java.io.File] [exists] [FilePath][String] [/data/data/com.bz.ddxz/shared_prefs/sp_rhsdk_loadinfo.xml.bak]
D/S4URC   ( 3308): [NDK] [SYSCALL] [access] [PATH][string] [/storage/sdcard0/.UTSystemConfig/Global/Alvin2.xml]
D/S4URC   ( 3308): [NDK] [SYSCALL] [stat] [PATH][string] [/data/data/com.bz.ddxz/lib]
D/S4URC   ( 3308): [SDK] [java.io.File] [getPath] [FilePath][String] [/data/data/com.bz.ddxz/shared_prefs/Alvin2.xml]
D/S4URC   ( 3308): [NDK] [SYSCALL] [access] [PATH][string] [/data/data/com.bz.ddxz/shared_prefs/Cocos2dxPrefsFile.xml]
D/S4URC   ( 3308): [SDK] [java.io.File] [delete] [FilePath][String] [/storage/sdcard0/.UTSystemConfig/Global/Alvin2.xml.bak]
D/S4URC   ( 3308): [SDK] [java.io.File] [exists] [FilePath][String] [/data/data/com.bz.ddxz/files]
D/S4URC   ( 3308): [NDK] [SYSCALL] [getdents] [PATH][string] [EGAME_125]
D/S4URC   ( 3308): [SDK] [android.content.ContextWrapper][getSharedPreferences] [File][ContextData.xml] [MODE][MODE_PRIVATE] [Method][getIong] [Iong][t] [Return][0]
D/S4URC   ( 3308): [NDK] [SYSCALL] [lstat] [PATH][string] [/storage]
D/S4URC   ( 3308): [SDK] [android.os.Environment] [getExternalStorageState] [ExternalStorageState][String] [mounted]
D/S4URC   ( 3308): [SDK] [java.io.File] [Constructor] [FilePath][String] [/storage/sdcard0/.DataStorage]
D/S4URC   ( 3308): [SDK] [java.io.File] [getPath] [FilePath][String] [/storage/sdcard0/.DataStorage]
D/S4URC   ( 3308): [SDK] [java.io.File] [getPath] [FilePath][String] [/storage/sdcard0/.DataStorage/ContextData.xml]
D/S4URC   ( 3308): [SDK] [java.io.File] [Constructor] [FilePath][String] [/storage/sdcard0/.DataStorage/ContextData.xml.bak]
D/S4URC   ( 3308): [SDK] [java.io.File] [exists] [FilePath][String] [/storage/sdcard0/.DataStorage/ContextData.xml.bak]
D/S4URC   ( 3308): [NDK] [SYSCALL] [access] [PATH][string] [/storage/sdcard0/.DataStorage/ContextData.xml.bak]
D/S4URC   ( 3308): [SDK] [java.io.File] [exists] [FilePath][String] [/storage/sdcard0/.DataStorage/ContextData.xml]
D/S4URC   ( 3308): [NDK] [SYSCALL] [access] [PATH][string] [/storage/sdcard0/.DataStorage/ContextData.xml]
D/S4URC   ( 3308): [SDK] [java.io.File] [exists] [FilePath][String] [/storage/sdcard0/.DataStorage/ContextData.xml]
D/S4URC   ( 3308): [NDK] [SYSCALL] [access] [PATH][string] [/storage/sdcard0/.DataStorage/ContextData.xml]
D/S4URC   ( 3308): [SDK] [java.io.File] [getPath] [FilePath][String] [/storage/sdcard0/.DataStorage/ContextData.xml]
D/S4URC   ( 3308): [SDK] [java.io.File] [Constructor] [FilePath][String] [/storage/sdcard0/.DataStorage/ContextData.xml.bak]
D/S4URC   ( 3308): [SDK] [java.io.File] [getPath] [FilePath][String] [/storage/sdcard0/.DataStorage/ContextData.xml]
D/S4URC   ( 3308): [SDK] [android.content.ContextWrapper][getSharedPreferences] [File][ContextData.xml] [MODE][MODE_PRIVATE] [Method][getIong] [Iong][t2] [Return][0]
D/S4URC   ( 3308): [SDK] [java.io.File] [exists] [FilePath][String] [/storage/sdcard0/.DataStorage/ContextData.xml]
D/S4URC   ( 3308): [SDK] [android.app.ApplicationPackageManager] [getPackageInfo] [FindPackageName][String] [com.bz.ddxz]
D/S4URC   ( 3308): [NDK] [SYSCALL] [access] [PATH][string] [/storage/sdcard0/.DataStorage/ContextData.xml]
D/S4URC   ( 3308): [SDK] [java.io.File] [getPath] [FilePath][String] [/storage/sdcard0/.DataStorage/ContextData.xml]
D/S4URC   ( 3308): [NDK] [SYSCALL] [open] [PATH][string] [/storage/sdcard0/.DataStorage/ContextData.xml] [RETURN][int] [31]
D/S4URC   ( 3594): [SDK] [dalvik.system.DexClassLoader] [Constructor] [DexPath][String] [/data/data/com.bz.ddxz/diidon_app.jar] [NDKPath][String] []
D/S4URC   ( 3594): [SDK] [java.io.File] [Constructor] [FilePath][String] [/data/data/com.bz.ddxz]
D/S4URC   ( 3594): [SDK] [dalvik.system.BaseDexClassLoader] [Constructor] [DexPath][String] [/data/data/com.bz.ddxz/diidon_app.jar] [NDKPath][String] []
D/S4URC   ( 3594): [SDK] [java.io.File] [exists] [FilePath][String] [/data/data/com.bz.ddxz]
D/S4URC   ( 3594): [SDK] [java.io.File] [canRead] [FilePath][String] [/data/data/com.bz.ddxz]
D/S4URC   ( 3594): [SDK] [java.io.File] [canWrite] [FilePath][String] [/data/data/com.bz.ddxz]
D/S4URC   ( 3594): [SDK] [java.io.File] [Constructor] [FilePath][String] [/data/data/com.bz.ddxz/diidon_app.jar]
D/S4URC   ( 3594): [SDK] [java.io.File] [getName] [FilePath][String] [/data/data/com.bz.ddxz/diidon_app.jar]
D/S4URC   ( 3594): [SDK] [java.io.File] [isDirectory] [FilePath][String] [/data/data/com.bz.ddxz/diidon_app.jar]
D/S4URC   ( 3308): [SDK] [java.io.File] [delete] [FilePath][String] [/storage/sdcard0/.DataStorage/ContextData.xml.bak]
D/S4URC   ( 3594): [SDK] [java.io.File] [isFile] [FilePath][String] [/data/data/com.bz.ddxz/diidon_app.jar]
D/S4URC   ( 3308): [NDK] [SYSCALL] [lstat] [PATH][string] [/storage/sdcard0/.DataStorage/ContextData.xml.bak]
D/S4URC   ( 3594): [SDK] [java.io.File] [getName] [FilePath][String] [/data/data/com.bz.ddxz/diidon_app.jar]
D/S4URC   ( 3594): [SDK] [java.io.File] [getPath] [FilePath][String] [/data/data/com.bz.ddxz]
D/S4URC   ( 3594): [SDK] [java.io.File] [getPath] [FilePath][String] [/data/data/com.bz.ddxz/diidon_app.dex]
D/S4URC   ( 3594): [SDK] [java.io.File] [getPath] [FilePath][String] [/data/data/com.bz.ddxz/diidon_app.jar]
D/S4URC   ( 3594): [SDK] [java.io.File] [Constructor] [FilePath][String] [/data/data/com.bz.ddxz/diidon_app.dex]
D/S4URC   ( 3594): [SDK] [java.io.File] [getParent] [FilePath][String] [/data/data/com.bz.ddxz/diidon_app.dex]
D/S4URC   ( 3594): [SDK] [dalvik.system.DexFile] [openDexFile] [DexPath][String] [/data/data/com.bz.ddxz/diidon_app.jar]
D/S4URC   ( 3594): [SDK] [java.io.File] [Constructor] [FilePath][String] [/data/data/com.bz.ddxz/diidon_app.jar]
D/S4URC   ( 3594): [SDK] [java.io.File] [Constructor] [FilePath][String] [/data/data/com.bz.ddxz/diidon_app.dex]
D/S4URC   ( 3308): [SDK] [java.io.File] [getPath] [FilePath][String] [/storage/sdcard0/.DataStorage]
D/S4URC   ( 3308): [SDK] [java.io.File] [getPath] [FilePath][String] [/storage/sdcard0/.DataStorage/ContextData.xml]
D/S4URC   ( 3308): [SDK] [java.io.File] [Constructor] [FilePath][String] [/storage/sdcard0/.DataStorage/ContextData.xml.bak]
D/S4URC   ( 3308): [SDK] [java.io.File] [exists] [FilePath][String] [/storage/sdcard0/.DataStorage/ContextData.xml.bak]
D/S4URC   ( 3308): [NDK] [SYSCALL] [access] [PATH][string] [/storage/sdcard0/.DataStorage/ContextData.xml.bak]
D/S4URC   ( 3308): [SDK] [java.io.File] [exists] [FilePath][String] [/storage/sdcard0/.DataStorage/ContextData.xml]
D/S4URC   ( 3308): [NDK] [SYSCALL] [access] [PATH][string] [/storage/sdcard0/.DataStorage/ContextData.xml]
D/S4URC   ( 3308): [SDK] [java.io.File] [canRead] [FilePath][String] [/storage/sdcard0/.DataStorage/ContextData.xml]
D/S4URC   ( 3308): [NDK] [SYSCALL] [access] [PATH][string] [/storage/sdcard0/.DataStorage/ContextData.xml]
D/S4URC   ( 3308): [SDK] [java.io.File] [exists] [FilePath][String] [/storage/sdcard0/.DataStorage/ContextData.xml]
D/S4URC   ( 3308): [NDK] [SYSCALL] [access] [PATH][string] [/storage/sdcard0/.DataStorage/ContextData.xml]
D/S4URC   ( 3308): [SDK] [java.io.File] [canRead] [FilePath][String] [/storage/sdcard0/.DataStorage/ContextData.xml]
D/S4URC   ( 3308): [NDK] [SYSCALL] [access] [PATH][string] [/storage/sdcard0/.DataStorage/ContextData.xml]
D/S4URC   ( 3308): [SDK] [java.io.File] [getPath] [FilePath][String] [/storage/sdcard0/.DataStorage/ContextData.xml]
D/S4URC   ( 3308): [NDK] [SYSCALL] [open] [PATH][string] [/storage/sdcard0/.DataStorage/ContextData.xml] [RETURN][int] [31]
D/S4URC   ( 3308): [SDK] [android.content.ContextWrapper][getSharedPreferences] [File][ContextData.xml] [MODE][MODE_PRIVATE] [Method][putLong] [Key][t2] [Value][1536679377885]
D/S4URC   ( 3308): [SDK] [java.io.File] [exists] [FilePath][String] [/data/data/com.bz.ddxz/shared_prefs/ContextData.xml]
D/S4URC   ( 3308): [NDK] [SYSCALL] [access] [PATH][string] [/data/data/com.bz.ddxz/shared_prefs/ContextData.xml]
D/S4URC   ( 3308): [SDK] [java.io.File] [getPath] [FilePath][String] [/data/data/com.bz.ddxz/shared_prefs/ContextData.xml]
D/S4URC   ( 3308): [NDK] [SYSCALL] [open] [PATH][string] [/data/data/com.bz.ddxz/shared_prefs/ContextData.xml] [RETURN][int] [31]
D/S4URC   ( 3594): [SDK] [java.io.File] [Constructor] [FilePath][String] [/vendor/lib]
D/S4URC   ( 3594): [SDK] [java.io.File] [Constructor] [FilePath][String] [/system/lib]
D/S4URC   ( 3308): [SDK] [java.io.File] [getPath] [FilePath][String] [/data/data/com.bz.ddxz/shared_prefs/ContextData.xml]
D/S4URC   ( 3308): [SDK] [java.io.File] [exists] [FilePath][String] [/storage/sdcard0/.DataStorage/ContextData.xml]
D/S4URC   ( 3308): [SDK] [android.content.ContextWrapper][getSharedPreferences] [File][Cocos2dxPrefsFile.xml] [MODE][MODE_PRIVATE] [Method][getBoolean] [Boolean][game-istimenewguide] [Return][false]
D/S4URC   ( 3594): [SDK] [java.io.File] [getPath] [FilePath][String] [/data/data/com.bz.ddxz/shared_prefs]
D/S4URC   ( 3308): [SDK] [java.io.File] [Constructor] [FilePath][String] [/storage/sdcard0/.UTSystemConfig/Global/Alvin2.xml]
D/S4URC   ( 3308): [SDK] [java.io.File] [exists] [FilePath][String] [/storage/sdcard0/.UTSystemConfig/Global/Alvin2.xml]
D/S4URC   ( 3308): [NDK] [SYSCALL] [access] [PATH][string] [/storage/sdcard0/.UTSystemConfig/Global/Alvin2.xml]
D/S4URC   ( 3308): [SDK] [java.lang.Class] [forName] [FindClass][String] [cn.egame.terminal.sdk.log.EgameAgent]
D/S4URC   ( 3308): [SDK] [java.io.File] [Constructor] [FilePath][String] [/storage/sdcard0/.UTSystemConfig/Global/Alvin2.xml]
D/S4URC   ( 3308): [SDK] [java.io.File] [exists] [FilePath][String] [/storage/sdcard0/.UTSystemConfig/Global/Alvin2.xml]
D/S4URC   ( 3308): [NDK] [SYSCALL] [access] [PATH][string] [/storage/sdcard0/.UTSystemConfig/Global/Alvin2.xml]
D/S4URC   ( 3308): [SDK] [java.io.File] [Constructor] [FilePath][String] [/storage/sdcard0/.UTSystemConfig/Global/Alvin2.xml]
D/S4URC   ( 3308): [SDK] [java.io.File] [exists] [FilePath][String] [/storage/sdcard0/.UTSystemConfig/Global/Alvin2.xml]
D/S4URC   ( 3308): [NDK] [SYSCALL] [access] [PATH][string] [/storage/sdcard0/.UTSystemConfig/Global/Alvin2.xml]
D/S4URC   ( 3594): [SDK] [android.app.ApplicationPackageManager] [getApplicationInfo] [FindApplicationName][String] [com.bz.ddxz]
D/S4URC   ( 3308): [SDK] [java.io.File] [getPath] [FilePath][String] [/data/data/com.bz.ddxz/shared_prefs]
D/S4URC   ( 3308): [SDK] [java.io.File] [getPath] [FilePath][String] [/data/data/com.bz.ddxz/shared_prefs/cn_egame_sdk_log.xml]
D/S4URC   ( 3308): [SDK] [java.io.File] [Constructor] [FilePath][String] [/data/data/com.bz.ddxz/shared_prefs/cn_egame_sdk_log.xml.bak]
D/S4URC   ( 3308): [SDK] [android.content.ContextWrapper][getSharedPreferences] [File][Cocos2dxPrefsFile.xml] [MODE][MODE_PRIVATE] [Method][putLong] [Key][timestamp] [Value][1536679377976]
D/S4URC   ( 3308): [SDK] [java.io.File] [exists] [FilePath][String] [/data/data/com.bz.ddxz/shared_prefs/cn_egame_sdk_log.xml]
D/S4URC   ( 3308): [NDK] [SYSCALL] [access] [PATH][string] [/data/data/com.bz.ddxz/shared_prefs/cn_egame_sdk_log.xml]
D/S4URC   ( 3308): [SDK] [java.io.File] [exists] [FilePath][String] [/data/data/com.bz.ddxz/shared_prefs/cn_egame_sdk_log.xml]
D/S4URC   ( 3308): [NDK] [SYSCALL] [access] [PATH][string] [/data/data/com.bz.ddxz/shared_prefs/cn_egame_sdk_log.xml]
D/S4URC   ( 3308): [SDK] [java.io.File] [Constructor] [FilePath][String] [/storage/sdcard0/.UTSystemConfig/Global/Alvin2.xml]
D/S4URC   ( 3308): [SDK] [android.content.ContextWrapper][getSharedPreferences] [File][cn_egame_sdk_log.xml] [MODE][MODE_PRIVATE]
D/S4URC   ( 3308): [SDK] [java.io.File] [exists] [FilePath][String] [/storage/sdcard0/.UTSystemConfig/Global/Alvin2.xml]
D/S4URC   ( 3308): [NDK] [SYSCALL] [access] [PATH][string] [/storage/sdcard0/.UTSystemConfig/Global/Alvin2.xml]
D/S4URC   ( 3308): [SDK] [android.app.ApplicationPackageManager] [getApplicationInfo] [FindApplicationName][String] [com.bz.ddxz]
D/S4URC   ( 3308): [SDK] [android.content.ContextWrapper][getSharedPreferences] [File][cn_egame_sdk_log.xml] [MODE][MODE_PRIVATE] [Method][putLong] [Key][S] [Value][3603438853]
D/S4URC   ( 3308): [SDK] [java.io.File] [getPath] [FilePath][String] [/data/data/com.bz.ddxz/shared_prefs/Alvin2.xml]
D/S4URC   ( 3594): [SDK] [android.app.ApplicationPackageManager] [getApplicationInfo] [FindApplicationName][String] [com.bz.ddxz]
D/S4URC   ( 3308): [SDK] [android.telephony.TelephonyManager] [getSubscriberId]
D/S4URC   ( 3308): [SDK] [java.io.File] [getPath] [FilePath][String] [/data/data/com.bz.ddxz/shared_prefs/cn_egame_sdk_log.xml]
D/S4URC   ( 3308): [SDK] [java.io.File] [getPath] [FilePath][String] [/data/data/com.bz.ddxz/shared_prefs/Alvin2.xml]
D/S4URC   ( 3308): [SDK] [java.io.File] [Constructor] [FilePath][String] [/storage/sdcard0]
D/S4URC   ( 3308): [SDK] [java.io.File] [Constructor] [FilePath][String] [/storage/sdcard1]
D/S4URC   ( 3308): [SDK] [android.os.Environment] [getExternalStorageState] [ExternalStorageState][String] [mounted]
D/S4URC   ( 3308): [SDK] [java.io.File] [renameTo] [FilePath][String] [/storage/sdcard0/.UTSystemConfig/Global/Alvin2.xml] [DesFile][/storage/sdcard0/.UTSystemConfig/Global/Alvin2.xml.bak]
D/S4URC   ( 3308): [SDK] [java.io.File] [getPath] [FilePath][String] [/storage/sdcard0/.UTSystemConfig/Global]
D/S4URC   ( 3308): [SDK] [java.io.File] [Constructor] [FilePath][String] [/sys/class/net/wlan0/address]
D/S4URC   ( 3308): [SDK] [java.io.File] [getPath] [FilePath][String] [/sys/class/net/wlan0/address]
D/S4URC   ( 3308): [SDK] [javax.crypto.spec.SecretKeySpec][Constructor] [KEY][ABfcG+IlhVTPAsV7eOdApQ==][type][AES][javax.crypto.Cipher][getInstance] [Cipher][AES/CBC/PKCS5Padding] [javax.crypto.Cipher][getInstance] [Cipher][AES/CBC/PKCS5Padding] [javax.crypto.spec.IvParameterSpec][Constructor] [IV][AAAAAAAAAAAAAAAAAAAAAA==] [javax.crypto.spec.IvParameterSpec][Constructor] [IV][AAAAAAAAAAAAAAAAAAAAAA==] [javax.crypto.Cipher][doFinal] [Data][W5fd0QbJZBIDACud55PVNWUs] [Return][uQfCgrbBAM20Hp1mdHSENRcVbCy7xnqXa28EcmaIbJs=]
D/S4URC   ( 3594): [SDK] [android.content.ContextWrapper][getSharedPreferences] [File][ka_data_appinfo.xml] [MODE][MODE_PRIVATE]
D/S4URC   ( 3594): [SDK] [android.app.ActivityManager] [getRunningServices]
D/S4URC   ( 3594): [SDK] [java.io.File] [Constructor] [FilePath][String] [/storage/sdcard0]
D/S4URC   ( 3308): [SDK] [java.io.File] [Constructor] [FilePath][String] [/storage/sdcard0/.DataStorage/ContextData.xml]
D/S4URC   ( 3594): [SDK] [android.os.Environment] [getExternalStorageState] [ExternalStorageState][String] [mounted]
D/S4URC   ( 3594): [SDK] [java.io.File] [getPath] [FilePath][String] [/storage/sdcard0]
D/S4URC   ( 3594): [SDK] [java.io.File] [Constructor] [FilePath][String] [/storage/sdcard0]
D/S4URC   ( 3594): [SDK] [java.io.File] [Constructor] [FilePath][String] [/storage/sdcard1]
D/S4URC   ( 3594): [SDK] [java.io.File] [Constructor] [FilePath][String] [/storage/usb2host]
D/S4URC   ( 3594): [SDK] [java.io.File] [Constructor] [FilePath][String] [/storage/usb3device]
D/S4URC   ( 3594): [SDK] [java.io.File] [Constructor] [FilePath][String] [/storage/usb3host]
D/S4URC   ( 3308): [SDK] [java.io.File] [Constructor] [FilePath][String] [/storage/sdcard0]
D/S4URC   ( 3308): [SDK] [java.io.File] [Constructor] [FilePath][String] [/storage/sdcard1]
D/S4URC   ( 3308): [SDK] [java.io.File] [Constructor] [FilePath][String] [/storage/usb2host]
D/S4URC   ( 3308): [SDK] [java.io.File] [Constructor] [FilePath][String] [/storage/usb3device]
D/S4URC   ( 3308): [SDK] [java.io.File] [Constructor] [FilePath][String] [/storage/usb3host]
D/S4URC   ( 3594): [SDK] [android.os.Environment] [getExternalStorageState] [ExternalStorageState][String] [mounted]
D/S4URC   ( 3594): [SDK] [java.io.File] [getPath] [FilePath][String] [/storage/sdcard0]
D/S4URC   ( 3594): [SDK] [android.os.Environment] [getExternalStorageDirectory] [DirectoryPath][String] [/storage/sdcard0]
D/S4URC   ( 3308): [SDK] [java.io.File] [renameTo] [FilePath][String] [/storage/sdcard0/.DataStorage/ContextData.xml] [DesFile][/storage/sdcard0/.DataStorage/ContextData.xml.bak]
D/S4URC   ( 3308): [NDK] [SYSCALL] [open] [PATH][string] [/storage/sdcard0/.DataStorage/ContextData.xml] [RETURN][int] [23]
D/S4URC   ( 3594): [SDK] [java.io.File] [Constructor] [FilePath][String] [/data/app/com.bz.ddxz-1/base.apk]
D/S4URC   ( 3308): [SDK] [java.io.File] [exists] [FilePath][String] [/storage/sdcard0/.DataStorage/ContextData.xml.bak]
D/S4URC   ( 3308): [SDK] [android.telephony.TelephonyManager] [getSubscriberId]
D/S4URC   ( 3308): [SDK] [java.io.File] [getPath] [FilePath][String] [/data/data/com.bz.ddxz/shared_prefs]
D/S4URC   ( 3308): [NDK] [SYSCALL] [access] [PATH][string] [/data/data/com.bz.ddxz/shared_prefs/EGAME_PAY_SDK.xml.bak]
D/S4URC   ( 3308): [SDK] [java.io.File] [getPath] [FilePath][String] [/data/data/com.bz.ddxz/shared_prefs/EGAME_PAY_SDK.xml]
D/S4URC   ( 3594): [SDK] [java.lang.Class] [forName] [FindClass][String] [com.android.org.conscrypt.OpenSSLMessageDigestJDK$SHA1]
D/S4URC   ( 3594): [SDK] [java.io.File] [exists] [FilePath][String] [/storage/sdcard0/kandroid/kresource.jar]
D/S4URC   ( 3594): [SDK] [java.io.File] [getPath] [FilePath][String] [/storage/sdcard0/kandroid/kresource.jar]
D/S4URC   ( 3594): [SDK] [java.io.File] [Constructor] [FilePath][String] [/data/app/com.bz.ddxz-1/base.apk]
D/S4URC   ( 3594): [SDK] [java.io.File] [getPath] [FilePath][String] [/data/app/com.bz.ddxz-1/base.apk]
D/S4URC   ( 3594): [SDK] [java.io.File] [isDirectory] [FilePath][String] [/data/app/com.bz.ddxz-1/base.apk]
D/S4URC   ( 3594): [SDK] [java.io.File] [exists] [FilePath][String] [/storage/sdcard0/kandroid/kresource.jar]
D/S4URC   ( 3594): [SDK] [java.io.File] [listFiles] [FilePath][String] [/data/data/com.bz.ddxz/app__qq]
D/S4URC   ( 3308): [SDK] [java.io.File] [getPath] [FilePath][String] [/data/data/com.bz.ddxz/shared_prefs/umeng_general_config.xml]
D/S4URC   ( 3308): [SDK] [android.content.ContextWrapper][getSharedPreferences] [File][umeng_general_config.xml] [MODE][MODE_PRIVATE] [Method][putInt] [Key][serial] [Value][2]
D/S4URC   ( 3308): [SDK] [java.io.File] [getPath] [FilePath][String] [/data/data/com.bz.ddxz/shared_prefs/umeng_general_config.xml]
D/S4URC   ( 3308): [SDK] [android.content.ContextWrapper][getSharedPreferences] [File][umeng_general_config.xml] [MODE][MODE_PRIVATE] [Method][commit]
D/S4URC   ( 3308): [SDK] [java.io.File] [exists] [FilePath][String] [/data/data/com.bz.ddxz/files]
D/S4URC   ( 3308): [NDK] [SYSCALL] [access] [PATH][string] [/data/data/com.bz.ddxz/files]
D/S4URC   ( 3308): [SDK] [java.io.File] [getPath] [FilePath][String] [/data/data/com.bz.ddxz/files]
D/S4URC   ( 3308): [SDK] [java.io.File] [delete] [FilePath][String] [/data/data/com.bz.ddxz/files/mobclick_agent_header_com.bz.ddxz]
D/S4URC   ( 3308): [NDK] [SYSCALL] [stat] [PATH][string] [/data/data/com.bz.ddxz/databases/ua.db]
D/S4URC   ( 3308): [NDK] [SYSCALL] [access] [PATH][string] [/data/data/com.bz.ddxz/databases/ua.db-journal]
D/S4URC   ( 3308): [NDK] [SYSCALL] [open] [PATH][string] [/data/data/com.bz.ddxz/databases/ua.db-journal] [RETURN][int] [103]
D/S4URC   ( 3308): [NDK] [SYSCALL] [open] [PATH][string] [/data/data/com.bz.ddxz/databases] [RETURN][int] [103]
D/S4URC   ( 3308): [NDK] [SYSCALL] [stat] [PATH][string] [/data/data/com.bz.ddxz/databases/ua.db]
D/S4URC   ( 3308): [SDK] [java.io.File] [getPath] [FilePath][String] [/data/data/com.bz.ddxz/shared_prefs/umeng_general_config.xml]
D/S4URC   ( 3308): [NDK] [SYSCALL] [access] [PATH][string] [/data/data/com.bz.ddxz/databases/cc.db-journal]
D/S4URC   ( 3308): [NDK] [SYSCALL] [access] [PATH][string] [/data/data/com.bz.ddxz/databases/cc.db-wal]
D/S4URC   ( 3308): [NDK] [SYSCALL] [access] [PATH][string] [/data/data/com.bz.ddxz/databases/cc.db-journal]
D/S4URC   ( 3308): [NDK] [SYSCALL] [stat] [PATH][string] [/data/data/com.bz.ddxz/databases/cc.db-journal]
D/S4URC   ( 3308): [NDK] [SYSCALL] [stat] [PATH][string] [/data/data/com.bz.ddxz/databases/cc.db]
D/S4URC   ( 3308): [NDK] [SYSCALL] [open] [PATH][string] [/data/data/com.bz.ddxz/databases/cc.db-journal] [RETURN][int] [107]
D/S4URC   ( 3308): [NDK] [SYSCALL] [access] [PATH][string] [/data/data/com.bz.ddxz/databases/cc.db-wal]
D/S4URC   ( 3308): [NDK] [SYSCALL] [access] [PATH][string] [/data/data/com.bz.ddxz/databases/cc.db-journal]
D/S4URC   ( 3308): [NDK] [SYSCALL] [stat] [PATH][string] [/data/data/com.bz.ddxz/databases/cc.db-journal]
D/S4URC   ( 3308): [NDK] [SYSCALL] [stat] [PATH][string] [/data/data/com.bz.ddxz/databases/cc.db]
D/S4URC   ( 3308): [NDK] [SYSCALL] [open] [PATH][string] [/data/data/com.bz.ddxz/databases/cc.db-journal] [RETURN][int] [106]
D/S4URC   ( 3308): [NDK] [SYSCALL] [access] [PATH][string] [/data/data/com.bz.ddxz/databases/cc.db-wal]
D/S4URC   ( 3308): [NDK] [SYSCALL] [stat] [PATH][string] [/data/data/com.bz.ddxz/databases/cc.db]
D/S4URC   ( 3308): [NDK] [SYSCALL] [open] [PATH][string] [/data/data/com.bz.ddxz/databases/cc.db-journal] [RETURN][int] [106]
D/S4URC   ( 3308): [NDK] [SYSCALL] [open] [PATH][string] [/data/data/com.bz.ddxz/databases] [RETURN][int] [103]
D/S4URC   ( 3308): [SDK] [android.database.sqlite.SQLiteDatabase] [execSQL] [ExecInfo][String] [delete from system]
D/S4URC   ( 3308): [NDK] [SYSCALL] [access] [PATH][string] [/data/data/com.bz.ddxz/databases/cc.db-journal]
D/S4URC   ( 3308): [NDK] [SYSCALL] [stat] [PATH][string] [/data/data/com.bz.ddxz/databases/cc.db-journal]
D/S4URC   ( 3308): [NDK] [SYSCALL] [stat] [PATH][string] [/data/data/com.bz.ddxz/databases/cc.db]
D/S4URC   ( 3308): [NDK] [SYSCALL] [open] [PATH][string] [/data/data/com.bz.ddxz/databases/cc.db-journal] [RETURN][int] [104]
D/S4URC   ( 3308): [NDK] [SYSCALL] [access] [PATH][string] [/data/data/com.bz.ddxz/databases/cc.db-wal]
D/S4URC   ( 3308): [NDK] [SYSCALL] [access] [PATH][string] [/data/data/com.bz.ddxz/databases/cc.db-journal]
D/S4URC   ( 3308): [NDK] [SYSCALL] [stat] [PATH][string] [/data/data/com.bz.ddxz/databases/cc.db-journal]
D/S4URC   ( 3308): [NDK] [SYSCALL] [stat] [PATH][string] [/data/data/com.bz.ddxz/databases/cc.db]
D/S4URC   ( 3308): [NDK] [SYSCALL] [open] [PATH][string] [/data/data/com.bz.ddxz/databases/cc.db-journal] [RETURN][int] [103]
D/S4URC   ( 3308): [NDK] [SYSCALL] [access] [PATH][string] [/data/data/com.bz.ddxz/databases/cc.db-wal]
D/S4URC   ( 3308): [NDK] [SYSCALL] [stat] [PATH][string] [/data/data/com.bz.ddxz/databases/cc.db]
D/S4URC   ( 3308): [NDK] [SYSCALL] [open] [PATH][string] [/data/data/com.bz.ddxz/databases/cc.db-journal] [RETURN][int] [103]
D/S4URC   ( 3308): [NDK] [SYSCALL] [open] [PATH][string] [/data/data/com.bz.ddxz/databases] [RETURN][int] [104]
D/S4URC   ( 3308): [SDK] [android.database.sqlite.SQLiteDatabase] [execSQL] [ExecInfo][String] [delete from aggregated]
D/S4URC   ( 3308): [NDK] [SYSCALL] [access] [PATH][string] [/data/data/com.bz.ddxz/databases/cc.db-journal]
D/S4URC   ( 3308): [NDK] [SYSCALL] [stat] [PATH][string] [/data/data/com.bz.ddxz/databases/cc.db-journal]
D/S4URC   ( 3308): [NDK] [SYSCALL] [stat] [PATH][string] [/data/data/com.bz.ddxz/databases/cc.db]
D/S4URC   ( 3308): [NDK] [SYSCALL] [open] [PATH][string] [/data/data/com.bz.ddxz/databases/cc.db-journal] [RETURN][int] [104]
D/S4URC   ( 3308): [NDK] [SYSCALL] [access] [PATH][string] [/data/data/com.bz.ddxz/databases/cc.db-wal]
D/S4URC   ( 3308): [NDK] [SYSCALL] [access] [PATH][string] [/data/data/com.bz.ddxz/databases/cc.db-journal]
D/S4URC   ( 3308): [NDK] [SYSCALL] [stat] [PATH][string] [/data/data/com.bz.ddxz/databases/cc.db-journal]
D/S4URC   ( 3308): [NDK] [SYSCALL] [stat] [PATH][string] [/data/data/com.bz.ddxz/databases/cc.db]
D/S4URC   ( 3308): [NDK] [SYSCALL] [open] [PATH][string] [/data/data/com.bz.ddxz/databases/cc.db-journal] [RETURN][int] [103]
D/S4URC   ( 3308): [NDK] [SYSCALL] [access] [PATH][string] [/data/data/com.bz.ddxz/databases/cc.db-wal]
D/S4URC   ( 3308): [NDK] [SYSCALL] [stat] [PATH][string] [/data/data/com.bz.ddxz/databases/cc.db]
D/S4URC   ( 3308): [NDK] [SYSCALL] [open] [PATH][string] [/data/data/com.bz.ddxz/databases/cc.db-journal] [RETURN][int] [103]
D/S4URC   ( 3308): [NDK] [SYSCALL] [socket] [TYPE][string] [TCP]
D/S4URC   ( 3308): [NDK] [SYSCALL] [open] [PATH][string] [/data/data/com.bz.ddxz/databases] [RETURN][int] [104]
D/S4URC   ( 3308): [NDK] [SYSCALL] [socket] [TYPE][string] [TCP]
D/S4URC   ( 3308): [NDK] [SYSCALL] [connect] [IP][string] [118.244.192.23] [PORT][int] [10755] [RETURN][int] [-1]
D/S4URC   ( 3308): [SDK] [android.database.sqlite.SQLiteDatabase] [execSQL] [ExecInfo][String] [delete from limitedck]
D/S4URC   ( 3308): [NDK] [SYSCALL] [stat] [PATH][string] [/data/data/com.bz.ddxz/databases/cc.db]
D/S4URC   ( 3308): [SDK] [java.net] [HttpURLConnection] [URL][String] [http://alog.umeng.com/app_logs]
D/S4URC   ( 3308): [SDK] [java.net] [HttpURLConnection] [Request][Method] [POST] [URL][String] [http://alog.umeng.com/app_logs]
D/S4URC   ( 3308): [NDK] [SYSCALL] [socket] [TYPE][string] [TCP]
D/S4URC   ( 3662): [SDK] [java.lang.Class] [forName] [FindClass][String] [java.net.HttpURLConnection]
D/S4URC   ( 3662): [SDK] [java.lang.Class] [forName] [FindClass][String] [com.android.okhttp.internal.http.HttpURLConnectionImpl]
D/S4URC   ( 3662): [SDK] [java.lang.Class] [forName] [FindClass][String] [java.net.Socket]
D/S4URC   ( 3662): [SDK] [java.lang.Class] [forName] [FindClass][String] [android.telephony.TelephonyManager]
D/S4URC   ( 3662): [SDK] [java.lang.Class] [forName] [FindClass][String] [android.os.Debug]
D/S4URC   ( 3662): [SDK] [java.lang.Class] [forName] [FindClass][String] [android.hardware.SensorManager]
D/S4URC   ( 3662): [SDK] [java.lang.Class] [forName] [FindClass][String] [android.content.res.ResourcesKey]
D/S4URC   ( 3662): [SDK] [java.lang.Class] [forName] [FindClass][String] [android.app.ResourcesManager]
D/S4URC   ( 3662): [SDK] [java.io.File] [Constructor] [FilePath][String] [/data/app/com.bz.ddxz-1/base.apk]
D/S4URC   ( 3662): [SDK] [java.io.File] [getPath] [FilePath][String] [/data/data/com.bz.ddxz]
D/S4URC   ( 3662): [SDK] [java.io.File] [exists] [FilePath][String] [/data/data/com.bz.ddxz/cache]
D/S4URC   ( 3662): [SDK] [java.io.File] [getPath] [FilePath][String] [/data/data/com.bz.ddxz/cache]
D/S4URC   ( 3662): [SDK] [java.lang.Runtime] [loadLibrary] [SoPath][String] [me_unipay]
D/S4URC   ( 3662): [SDK] [java.io.File] [getPath] [FilePath][String] [/data/app/com.bz.ddxz-1/lib/arm]
D/S4URC   ( 3662): [SDK] [java.io.File] [getPath] [FilePath][String] [/data/app/com.bz.ddxz-1/lib/arm/libme_unipay.so]
D/S4URC   ( 3662): [SDK] [android.app.ApplicationPackageManager] [getPackageInfo] [FindPackageName][String] [com.bz.ddxz]
D/S4URC   ( 3662): [SDK] [java.io.File] [getPath] [FilePath][String] [/data/data/com.bz.ddxz]
D/S4URC   ( 3662): [SDK] [java.io.File] [getPath] [FilePath][String] [/data/data/com.bz.ddxz/shared_prefs]
D/S4URC   ( 3662): [SDK] [java.io.File] [getPath] [FilePath][String] [/data/data/com.bz.ddxz/shared_prefs/sp_rhsdk_loadinfo.xml]
D/S4URC   ( 3662): [SDK] [java.io.File] [Constructor] [FilePath][String] [/data/data/com.bz.ddxz/shared_prefs/sp_rhsdk_loadinfo.xml.bak]
D/S4URC   ( 3662): [SDK] [java.io.File] [exists] [FilePath][String] [/data/data/com.bz.ddxz/shared_prefs/sp_rhsdk_loadinfo.xml]
D/S4URC   ( 3662): [SDK] [java.io.File] [canRead] [FilePath][String] [/data/data/com.bz.ddxz/shared_prefs/sp_rhsdk_loadinfo.xml]
D/S4URC   ( 3662): [SDK] [java.io.File] [getPath] [FilePath][String] [/data/data/com.bz.ddxz/shared_prefs/sp_rhsdk_loadinfo.xml]
D/S4URC   ( 3662): [SDK] [java.io.File] [exists] [FilePath][String] [/data/data/com.bz.ddxz/shared_prefs/sp_rhsdk_loadinfo.xml.bak]
D/S4URC   ( 3662): [SDK] [java.io.File] [exists] [FilePath][String] [/data/data/com.bz.ddxz/shared_prefs/sp_rhsdk_loadinfo.xml]
D/S4URC   ( 3662): [SDK] [java.io.File] [canRead] [FilePath][String] [/data/data/com.bz.ddxz/shared_prefs/sp_rhsdk_loadinfo.xml]
D/S4URC   ( 3662): [SDK] [java.io.File] [getPath] [FilePath][String] [/data/data/com.bz.ddxz/shared_prefs/sp_rhsdk_loadinfo.xml]
D/S4URC   ( 3662): [SDK] [java.io.File] [canRead] [FilePath][String] [/data/data/com.bz.ddxz/shared_prefs/sp_rhsdk_loadinfo.xml]
D/S4URC   ( 3662): [SDK] [java.io.File] [getPath] [FilePath][String] [/data/data/com.bz.ddxz/shared_prefs/sp_rhsdk_loadinfo.xml]
D/S4URC   ( 3662):  [Method][putInt] [Key][unipaysdk_loadpath] [Value][0]
D/S4URC   ( 3662): [SDK] [java.io.File] [exists] [FilePath][String] [/data/data/com.bz.ddxz/shared_prefs/sp_rhsdk_loadinfo.xml]
D/S4URC   ( 3662): [SDK] [dalvik.system.DexFile] [openDexFile] [DexPath][String] [/data/app/com.bz.ddxz-1/base.apk]
D/S4URC   ( 3662): [SDK] [java.io.File] [Constructor] [FilePath][String] [/data/app/com.bz.ddxz-1/base.apk]
D/S4URC   ( 3662): [SDK] [android.app.ApplicationPackageManager] [getApplicationInfo] [FindApplicationName][String] [com.bz.ddxz]
D/S4URC   ( 3662): [SDK] [java.lang.Runtime] [loadLibrary] [SoPath][String] [diidon_app]
D/S4URC   ( 3662): [SDK] [java.io.File] [getPath] [FilePath][String] [/data/app/com.bz.ddxz-1/lib/arm]
D/S4URC   ( 3662): [SDK] [java.io.File] [getPath] [FilePath][String] [/data/app/com.bz.ddxz-1/lib/arm/libdiidon_app.so]
D/S4URC   ( 3662): [SDK] [dalvik.system.DexClassLoader] [Constructor] [DexPath][String] [/data/data/com.bz.ddxz/diidon_app.jar] [NDKPath][String] []
D/S4URC   ( 3662): [SDK] [java.io.File] [Constructor] [FilePath][String] [/data/data/com.bz.ddxz]
D/S4URC   ( 3662): [SDK] [dalvik.system.BaseDexClassLoader] [Constructor] [DexPath][String] [/data/data/com.bz.ddxz/diidon_app.jar] [NDKPath][String] []
D/S4URC   ( 3662): [SDK] [java.io.File] [exists] [FilePath][String] [/data/data/com.bz.ddxz]
D/S4URC   ( 3662): [SDK] [java.io.File] [canRead] [FilePath][String] [/data/data/com.bz.ddxz]
D/S4URC   ( 3662): [SDK] [java.io.File] [canWrite] [FilePath][String] [/data/data/com.bz.ddxz]
D/S4URC   ( 3662): [SDK] [java.io.File] [Constructor] [FilePath][String] [/data/data/com.bz.ddxz/diidon_app.jar]
D/S4URC   ( 3662): [SDK] [java.io.File] [getName] [FilePath][String] [/data/data/com.bz.ddxz/diidon_app.jar]
D/S4URC   ( 3662): [SDK] [java.io.File] [isDirectory] [FilePath][String] [/data/data/com.bz.ddxz/diidon_app.jar]
D/S4URC   ( 3662): [SDK] [java.io.File] [isFile] [FilePath][String] [/data/data/com.bz.ddxz/diidon_app.jar]
D/S4URC   ( 3662): [SDK] [java.io.File] [getName] [FilePath][String] [/data/data/com.bz.ddxz/diidon_app.jar]
D/S4URC   ( 3662): [SDK] [java.io.File] [getPath] [FilePath][String] [/data/data/com.bz.ddxz]
D/S4URC   ( 3662): [SDK] [java.io.File] [getPath] [FilePath][String] [/data/data/com.bz.ddxz/diidon_app.dex]
D/S4URC   ( 3662): [SDK] [java.io.File] [getPath] [FilePath][String] [/data/data/com.bz.ddxz/diidon_app.jar]
D/S4URC   ( 3662): [SDK] [java.io.File] [Constructor] [FilePath][String] [/data/data/com.bz.ddxz/diidon_app.dex]
D/S4URC   ( 3662): [SDK] [java.io.File] [getParent] [FilePath][String] [/data/data/com.bz.ddxz/diidon_app.dex]
D/S4URC   ( 3662): [SDK] [dalvik.system.DexFile] [openDexFile] [DexPath][String] [/data/data/com.bz.ddxz/diidon_app.jar]
D/S4URC   ( 3662): [SDK] [java.io.File] [Constructor] [FilePath][String] [/data/data/com.bz.ddxz/diidon_app.jar]
D/S4URC   ( 3662): [SDK] [java.io.File] [Constructor] [FilePath][String] [/data/data/com.bz.ddxz/diidon_app.dex]
D/S4URC   ( 3662): [SDK] [java.io.File] [Constructor] [FilePath][String] [/vendor/lib]
D/S4URC   ( 3662): [SDK] [java.io.File] [Constructor] [FilePath][String] [/system/lib]
D/S4URC   ( 3308): [NDK] [SYSCALL] [socket] [TYPE][string] [TCP]
D/S4URC   ( 3308): [NDK] [SYSCALL] [open] [PATH][string] [/data/data/com.bz.ddxz/ddant.prop] [RETURN][int] [23]
D/S4URC   ( 3662): [SDK] [java.io.File] [getPath] [FilePath][String] [/data/data/com.bz.ddxz/shared_prefs]
D/S4URC   ( 3662): [SDK] [java.io.File] [getPath] [FilePath][String] [/data/data/com.bz.ddxz/shared_prefs/ddant.cfg.xml]
D/S4URC   ( 3662): [SDK] [java.io.File] [Constructor] [FilePath][String] [/data/data/com.bz.ddxz/shared_prefs/ddant.cfg.xml.bak]
D/S4URC   ( 3662): [SDK] [java.io.File] [exists] [FilePath][String] [/data/data/com.bz.ddxz/shared_prefs/ddant.cfg.xml]
D/S4URC   ( 3662): [SDK] [android.content.ContextWrapper][getSharedPreferences] [File][ddant.cfg.xml] [MODE][MODE_PRIVATE]
D/S4URC   ( 3662): [SDK] [java.io.File] [exists] [FilePath][String] [/data/data/com.bz.ddxz/shared_prefs/ddant.cfg.xml.bak]
D/S4URC   ( 3662): [SDK] [java.io.File] [exists] [FilePath][String] [/data/data/com.bz.ddxz/shared_prefs/ddant.cfg.xml]
D/S4URC   ( 3662): [SDK] [java.io.File] [getPath] [FilePath][String] [/data/data/com.bz.ddxz/shared_prefs/ddant.cfg.xml]
D/S4URC   ( 3662): [SDK] [android.content.ContextWrapper][getSharedPreferences] [File][ddant.cfg.xml] [MODE][MODE_PRIVATE] [Method][getIong] [Iong][uid] [Return][0]
D/S4URC   ( 3662): [SDK] [java.io.File] [getPath] [FilePath][String] [/data/data/com.bz.ddxz/shared_prefs/ddant.cfg.xml]
D/S4URC   ( 3662): [SDK] [android.content.ContextWrapper][getSharedPreferences] [File][ddant.cfg.xml] [MODE][MODE_PRIVATE]
D/S4URC   ( 3662): [SDK] [java.io.File] [exists] [FilePath][String] [/data/data/com.bz.ddxz/shared_prefs/ddant.cfg.xml.bak]
D/S4URC   ( 3662): [SDK] [java.io.File] [exists] [FilePath][String] [/data/data/com.bz.ddxz/shared_prefs/ddant.cfg.xml]
D/S4URC   ( 3662): [SDK] [java.io.File] [getPath] [FilePath][String] [/data/data/com.bz.ddxz/shared_prefs/ddant.cfg.xml]
D/S4URC   ( 3662): [SDK] [android.content.ContextWrapper][getSharedPreferences] [File][ddant.cfg.xml] [MODE][MODE_PRIVATE] [Method][getString] [String][uck] [Return][]
D/S4URC   ( 3662): [SDK] [android.app.ApplicationPackageManager] [getApplicationInfo] [FindApplicationName][String] [com.bz.ddxz]
D/S4URC   ( 3662): [SDK] [android.telephony.TelephonyManager] [getSubscriberId]
D/S4URC   ( 3594): [SDK] [java.io.File] [Constructor] [FilePath][String] [/data/app/com.bz.ddxz-1/lib/arm]
D/S4URC   ( 3594): [SDK] [java.io.File] [Constructor] [FilePath][String] [/vendor/lib]
D/S4URC   ( 3594): [SDK] [java.io.File] [Constructor] [FilePath][String] [/system/lib]
D/S4URC   ( 3594): [SDK] [java.lang.Class] [forName] [FindClass][String] [com.kandroid.android.plugin.A]
D/S4URC   ( 3308): [SDK] [java.io.File] [getPath] [FilePath][String] [/data/data/com.bz.ddxz/shared_prefs/cn_egame_sdk_log.xml]
D/S4URC   ( 3308): [NDK] [SYSCALL] [stat] [PATH][string] [/data/data/com.bz.ddxz/shared_prefs/cn_egame_sdk_log.xml]
D/S4URC   ( 3308): [SDK] [android.content.ContextWrapper][getSharedPreferences] [File][cn_egame_sdk_log.xml] [MODE][MODE_PRIVATE]
D/S4URC   ( 3308): [SDK] [android.content.ContextWrapper][getSharedPreferences] [File][cn_egame_sdk_log.xml] [MODE][MODE_PRIVATE] [Method][putInt] [Key][record_policy] [Value][1]
D/S4URC   ( 3308): [SDK] [java.io.File] [exists] [FilePath][String] [/data/data/com.bz.ddxz/shared_prefs/cn_egame_sdk_log.xml]
D/S4URC   ( 3308): [NDK] [SYSCALL] [access] [PATH][string] [/data/data/com.bz.ddxz/shared_prefs/cn_egame_sdk_log.xml]
D/S4URC   ( 3308): [SDK] [java.io.File] [exists] [FilePath][String] [/data/data/com.bz.ddxz/shared_prefs/cn_egame_sdk_log.xml.bak]
D/S4URC   ( 3308): [NDK] [SYSCALL] [access] [PATH][string] [/data/data/com.bz.ddxz/shared_prefs/cn_egame_sdk_log.xml.bak]
D/S4URC   ( 3308): [SDK] [java.io.File] [renameTo] [FilePath][String] [/data/data/com.bz.ddxz/shared_prefs/cn_egame_sdk_log.xml] [DesFile][/data/data/com.bz.ddxz/shared_prefs/cn_egame_sdk_log.xml.bak]
D/S4URC   ( 3308): [NDK] [SYSCALL] [rename] [ORIG_PATH][string] [/data/data/com.bz.ddxz/shared_prefs/cn_egame_sdk_log.xml] [NEW_PATH][string] [/data/data/com.bz.ddxz/shared_prefs/cn_egame_sdk_log.xml.bak]
D/S4URC   ( 3308): [SDK] [java.io.File] [getPath] [FilePath][String] [/data/data/com.bz.ddxz/shared_prefs/cn_egame_sdk_log.xml]
D/S4URC   ( 3308): [NDK] [SYSCALL] [open] [PATH][string] [/data/data/com.bz.ddxz/shared_prefs/cn_egame_sdk_log.xml] [RETURN][int] [102]
D/S4URC   ( 3662): [SDK] [android.app.ApplicationPackageManager] [getApplicationInfo] [FindApplicationName][String] [com.bz.ddxz]
D/S4URC   ( 3308): [SDK] [java.io.File] [getPath] [FilePath][String] [/data/data/com.bz.ddxz/shared_prefs/cn_egame_sdk_log.xml]
D/S4URC   ( 3308): [NDK] [SYSCALL] [chmod] [PATH][string] [/data/data/com.bz.ddxz/shared_prefs/cn_egame_sdk_log.xml] [MODE][int] [0660]
D/S4URC   ( 3308): [SDK] [java.io.File] [getPath] [FilePath][String] [/data/data/com.bz.ddxz/shared_prefs/cn_egame_sdk_log.xml]
D/S4URC   ( 3308): [NDK] [SYSCALL] [stat] [PATH][string] [/data/data/com.bz.ddxz/shared_prefs/cn_egame_sdk_log.xml]
D/S4URC   ( 3308): [SDK] [java.io.File] [delete] [FilePath][String] [/data/data/com.bz.ddxz/shared_prefs/cn_egame_sdk_log.xml.bak]
D/S4URC   ( 3308): [NDK] [SYSCALL] [lstat] [PATH][string] [/data/data/com.bz.ddxz/shared_prefs/cn_egame_sdk_log.xml.bak]
D/S4URC   ( 3308): [NDK] [SYSCALL] [unlink] [PATH][string] [/data/data/com.bz.ddxz/shared_prefs/cn_egame_sdk_log.xml.bak]
D/S4URC   ( 3308): [SDK] [android.content.ContextWrapper][getSharedPreferences] [File][cn_egame_sdk_log.xml] [MODE][MODE_PRIVATE] [Method][commit]
D/S4URC   ( 3308): [SDK] [java.io.File] [getPath] [FilePath][String] [/data/data/com.bz.ddxz/shared_prefs/cn_egame_sdk_log.xml]
D/S4URC   ( 3308): [NDK] [SYSCALL] [stat] [PATH][string] [/data/data/com.bz.ddxz/shared_prefs/cn_egame_sdk_log.xml]
D/S4URC   ( 3308): [SDK] [android.content.ContextWrapper][getSharedPreferences] [File][cn_egame_sdk_log.xml] [MODE][MODE_PRIVATE]
D/S4URC   ( 3308): [SDK] [android.content.ContextWrapper][getSharedPreferences] [File][cn_egame_sdk_log.xml] [MODE][MODE_PRIVATE] [Method][getString] [String][cp_uid] [Return][]
D/S4URC   ( 3662): [SDK] [android.app.ApplicationPackageManager] [getApplicationInfo] [FindApplicationName][String] [com.bz.ddxz]
D/S4URC   ( 3308): [SDK] [java.io.File] [getPath] [FilePath][String] [/data/data/com.bz.ddxz/shared_prefs/cn_egame_sdk_log.xml]
D/S4URC   ( 3308): [NDK] [SYSCALL] [stat] [PATH][string] [/data/data/com.bz.ddxz/shared_prefs/cn_egame_sdk_log.xml]
D/S4URC   ( 3308): [SDK] [android.content.ContextWrapper][getSharedPreferences] [File][cn_egame_sdk_log.xml] [MODE][MODE_PRIVATE]
D/S4URC   ( 3308): [SDK] [android.content.ContextWrapper][getSharedPreferences] [File][cn_egame_sdk_log.xml] [MODE][MODE_PRIVATE] [Method][getInt] [Int][record_policy] [Return][1]
D/S4URC   ( 3662): [SDK] [android.telephony.TelephonyManager] [getSubscriberId]
D/S4URC   ( 3594): [SDK] [java.lang.Class] [forName] [FindClass][String] [com.android.org.conscrypt.OpenSSLMessageDigestJDK$MD5]
D/S4URC   ( 3594): [SDK] [java.lang.Class] [forName] [FindClass][String] [android.os.ServiceManager]
D/S4URC   ( 3308): [NDK] [SYSCALL] [socket] [TYPE][string] [TCP]
D/S4URC   ( 3594): [SDK] [java.lang.Class] [forName] [FindClass][String] [com.android.internal.telephony.IPhoneSubInfo$Stub]
D/S4URC   ( 3594): [SDK] [java.lang.Class] [forName] [FindClass][String] [android.os.ServiceManager]
D/S4URC   ( 3594): [SDK] [java.io.File] [Constructor] [FilePath][String] [/storage/sdcard0]
D/S4URC   ( 3594): [SDK] [java.io.File] [Constructor] [FilePath][String] [/storage/sdcard1]
D/S4URC   ( 3594): [SDK] [java.io.File] [Constructor] [FilePath][String] [/storage/usb2host]
D/S4URC   ( 3594): [SDK] [java.io.File] [Constructor] [FilePath][String] [/storage/usb3device]
D/S4URC   ( 3594): [SDK] [java.io.File] [Constructor] [FilePath][String] [/storage/usb3host]
D/S4URC   ( 3662): [SDK] [java.lang.Class] [forName] [FindClass][String] [com.unicom.xiaowo.UniSDK]
D/S4URC   ( 3594): [SDK] [android.os.Environment] [getExternalStorageState] [ExternalStorageState][String] [mounted]
D/S4URC   ( 3594): [SDK] [java.io.File] [getPath] [FilePath][String] [/storage/sdcard0]
D/S4URC   ( 3594): [SDK] [android.os.Environment] [getExternalStorageDirectory] [DirectoryPath][String] [/storage/sdcard0]
D/S4URC   ( 3594): [SDK] [java.io.File] [getPath] [FilePath][String] [/storage/sdcard0]
D/S4URC   ( 3594): [SDK] [android.os.Environment] [getExternalStorageDirectory] [DirectoryPath][String] [/storage/sdcard0]
D/S4URC   ( 3594): [SDK] [java.io.File] [Constructor] [FilePath][String] [/storage/sdcard0/kandroid]
D/S4URC   ( 3594): [SDK] [java.io.File] [exists] [FilePath][String] [/storage/sdcard0/kandroid]
D/S4URC   ( 3594): [SDK] [android.app.ActivityManager] [getRunningAppProcesses]
D/S4URC   ( 3594): [SDK] [android.app.ActivityManager] [getRunningServices]
D/S4URC   ( 3594): [SDK] [java.io.File] [exists] [FilePath][String] [/storage/sdcard0/kandroid/kresource.jar]
D/S4URC   ( 3594): [SDK] [android.telephony.TelephonyManager] [getSubscriberId]
D/S4URC   ( 3308): [SDK] [java.io.File] [getPath] [FilePath][String] [/data/data/com.bz.ddxz/shared_prefs/umeng_general_config.xml]
D/S4URC   ( 3308): [NDK] [SYSCALL] [stat] [PATH][string] [/data/data/com.bz.ddxz/shared_prefs/umeng_general_config.xml]
D/S4URC   ( 3308): [SDK] [android.content.ContextWrapper][getSharedPreferences] [File][umeng_general_config.xml] [MODE][MODE_PRIVATE]
D/S4URC   ( 3308): [SDK] [android.content.ContextWrapper][getSharedPreferences] [File][umeng_general_config.xml] [MODE][MODE_PRIVATE] [Method][getString] [String][signature] [Return][d2ddb332db278f89ced266cd2ffe708dfc2399615624ed8257a3cba69881975b]
D/S4URC   ( 3308): [SDK] [java.io.File] [exists] [FilePath][String] [/data/data/com.bz.ddxz/files]
D/S4URC   ( 3308): [NDK] [SYSCALL] [access] [PATH][string] [/data/data/com.bz.ddxz/files]
D/S4URC   ( 3308): [SDK] [java.io.File] [getPath] [FilePath][String] [/data/data/com.bz.ddxz/files]
D/S4URC   ( 3308): [SDK] [java.io.File] [getPath] [FilePath][String] [/data/data/com.bz.ddxz/files/.imprint]
D/S4URC   ( 3308): [NDK] [SYSCALL] [open] [PATH][string] [/data/data/com.bz.ddxz/files/.imprint] [RETURN][int] [103]
D/S4URC   ( 3662): [SDK] [android.app.ActivityManager] [getRunningAppProcesses]
D/S4URC   ( 3308): [SDK] [java.io.File] [getPath] [FilePath][String] [/data/data/com.bz.ddxz/files/umeng_it.cache]
D/S4URC   ( 3308): [NDK] [SYSCALL] [open] [PATH][string] [/data/data/com.bz.ddxz/files/umeng_it.cache] [RETURN][int] [103]
D/S4URC   ( 3308): [SDK] [java.io.File] [getPath] [FilePath][String] [/data/data/com.bz.ddxz/shared_prefs/umeng_general_config.xml]
D/S4URC   ( 3308): [NDK] [SYSCALL] [stat] [PATH][string] [/data/data/com.bz.ddxz/shared_prefs/umeng_general_config.xml]
D/S4URC   ( 3308): [SDK] [android.content.ContextWrapper][getSharedPreferences] [File][umeng_general_config.xml] [MODE][MODE_PRIVATE]
D/S4URC   ( 3308): [SDK] [android.content.ContextWrapper][getSharedPreferences] [File][umeng_general_config.xml] [MODE][MODE_PRIVATE] [Method][putInt] [Key][successful_request] [Value][1]
D/S4URC   ( 3308): [SDK] [android.content.ContextWrapper][getSharedPreferences] [File][umeng_general_config.xml] [MODE][MODE_PRIVATE] [Method][putInt] [Key][failed_requests ] [Value][0]
D/S4URC   ( 3308): [SDK] [android.content.ContextWrapper][getSharedPreferences] [File][umeng_general_config.xml] [MODE][MODE_PRIVATE] [Method][putInt] [Key][last_request_spent_ms] [Value][342]
D/S4URC   ( 3308): [SDK] [android.content.ContextWrapper][getSharedPreferences] [File][umeng_general_config.xml] [MODE][MODE_PRIVATE] [Method][putLong] [Key][last_request_time] [Value][1536679378414]
D/S4URC   ( 3308): [SDK] [android.content.ContextWrapper][getSharedPreferences] [File][umeng_general_config.xml] [MODE][MODE_PRIVATE] [Method][putLong] [Key][last_req] [Value][1536679378414]
D/S4URC   ( 3308): [SDK] [java.io.File] [exists] [FilePath][String] [/data/data/com.bz.ddxz/shared_prefs/umeng_general_config.xml]
D/S4URC   ( 3308): [NDK] [SYSCALL] [access] [PATH][string] [/data/data/com.bz.ddxz/shared_prefs/umeng_general_config.xml]
D/S4URC   ( 3308): [SDK] [java.io.File] [exists] [FilePath][String] [/data/data/com.bz.ddxz/shared_prefs/umeng_general_config.xml.bak]
D/S4URC   ( 3308): [NDK] [SYSCALL] [access] [PATH][string] [/data/data/com.bz.ddxz/shared_prefs/umeng_general_config.xml.bak]
D/S4URC   ( 3308): [SDK] [java.io.File] [renameTo] [FilePath][String] [/data/data/com.bz.ddxz/shared_prefs/umeng_general_config.xml] [DesFile][/data/data/com.bz.ddxz/shared_prefs/umeng_general_config.xml.bak]
D/S4URC   ( 3308): [NDK] [SYSCALL] [rename] [ORIG_PATH][string] [/data/data/com.bz.ddxz/shared_prefs/umeng_general_config.xml] [NEW_PATH][string] [/data/data/com.bz.ddxz/shared_prefs/umeng_general_config.xml.bak]
D/S4URC   ( 3308): [SDK] [java.io.File] [getPath] [FilePath][String] [/data/data/com.bz.ddxz/shared_prefs/umeng_general_config.xml]
D/S4URC   ( 3308): [NDK] [SYSCALL] [open] [PATH][string] [/data/data/com.bz.ddxz/shared_prefs/umeng_general_config.xml] [RETURN][int] [37]
D/S4URC   ( 3662): [SDK] [android.app.ApplicationPackageManager] [getApplicationInfo] [FindApplicationName][String] [com.bz.ddxz]
D/S4URC   ( 3308): [SDK] [java.io.File] [getPath] [FilePath][String] [/data/data/com.bz.ddxz/shared_prefs/umeng_general_config.xml]
D/S4URC   ( 3308): [NDK] [SYSCALL] [chmod] [PATH][string] [/data/data/com.bz.ddxz/shared_prefs/umeng_general_config.xml] [MODE][int] [0660]
D/S4URC   ( 3308): [SDK] [java.io.File] [getPath] [FilePath][String] [/data/data/com.bz.ddxz/shared_prefs/umeng_general_config.xml]
D/S4URC   ( 3308): [NDK] [SYSCALL] [stat] [PATH][string] [/data/data/com.bz.ddxz/shared_prefs/umeng_general_config.xml]
D/S4URC   ( 3308): [SDK] [java.io.File] [delete] [FilePath][String] [/data/data/com.bz.ddxz/shared_prefs/umeng_general_config.xml.bak]
D/S4URC   ( 3308): [NDK] [SYSCALL] [lstat] [PATH][string] [/data/data/com.bz.ddxz/shared_prefs/umeng_general_config.xml.bak]
D/S4URC   ( 3308): [NDK] [SYSCALL] [unlink] [PATH][string] [/data/data/com.bz.ddxz/shared_prefs/umeng_general_config.xml.bak]
D/S4URC   ( 3308): [SDK] [android.content.ContextWrapper][getSharedPreferences] [File][umeng_general_config.xml] [MODE][MODE_PRIVATE] [Method][commit]
D/S4URC   ( 3308): [SDK] [java.io.File] [getPath] [FilePath][String] [/data/data/com.bz.ddxz/shared_prefs/umeng_general_config.xml]
D/S4URC   ( 3308): [NDK] [SYSCALL] [stat] [PATH][string] [/data/data/com.bz.ddxz/shared_prefs/umeng_general_config.xml]
D/S4URC   ( 3308): [SDK] [android.content.ContextWrapper][getSharedPreferences] [File][umeng_general_config.xml] [MODE][MODE_PRIVATE]
D/S4URC   ( 3308): [SDK] [android.content.ContextWrapper][getSharedPreferences] [File][umeng_general_config.xml] [MODE][MODE_PRIVATE] [Method][getString] [String][uopdta] [Return][]
D/S4URC   ( 3662): [SDK] [java.io.File] [getPath] [FilePath][String] [/data/data/com.bz.ddxz/shared_prefs]
D/S4URC   ( 3308): [SDK] [android.content.ContextWrapper][getSharedPreferences] [File][umeng_general_config.xml] [MODE][MODE_PRIVATE] [Method][getIong] [Iong][uopdte] [Return][-1]
D/S4URC   ( 3662): [SDK] [java.io.File] [getPath] [FilePath][String] [/data/data/com.bz.ddxz/shared_prefs/ka_data_appinfo.xml]
D/S4URC   ( 3662): [SDK] [java.io.File] [Constructor] [FilePath][String] [/data/data/com.bz.ddxz/shared_prefs/ka_data_appinfo.xml.bak]
D/S4URC   ( 3308): [SDK] [android.content.ContextWrapper][getSharedPreferences] [File][umeng_general_config.xml] [MODE][MODE_PRIVATE] [Method][getInt] [Int][uopcnt] [Return][0]
D/S4URC   ( 3662): [SDK] [java.io.File] [exists] [FilePath][String] [/data/data/com.bz.ddxz/shared_prefs/ka_data_appinfo.xml]
D/S4URC   ( 3308): [SDK] [android.content.ContextWrapper][getSharedPreferences] [File][umeng_general_config.xml] [MODE][MODE_PRIVATE] [Method][putInt] [Key][uopcnt] [Value][1]
