D/S4URC   ( 3602): [SDK] [javax.crypto.spec.SecretKeySpec][Constructor] [KEY][GT5xU7HP][type][DES][javax.crypto.Cipher][getInstance] [Cipher][DES/CBC/PKCS5Padding] [javax.crypto.Cipher][getInstance] [Cipher][DES/CBC/PKCS5Padding] [javax.crypto.Cipher][doFinal] [Data][{"SIM":"452050246825819","SDKID":"","PType":"3","Pre":""}] [Return][LtyppFt5HzjJQB5Fhegh8qipKDYCKpAvNrWvZ6M77CV/i7vDpIGZlVgoH00KepA3qihxIhU32flH8aXg4ssnbg==]
D/S4URC   ( 3602): [SDK] [android.content.ContextWrapper][getSharedPreferences] [File][pref.xml] [MODE][MODE_PRIVATE] [Method][getIong] [Iong][darkitvl] [Return][-1]
D/S4URC   ( 3602): [SDK] [java.lang.Class] [forName] [FindClass][String] [com.android.internal.telephony.PhoneFactory]
D/S4URC   ( 3602): [SDK] [java.lang.Class] [forName] [FindClass][String] [android.telephony.MSimTelephonyManager]
D/S4URC   ( 3602): [SDK] [java.lang.Class] [forName] [FindClass][String] [com.android.internal.telephony.Phone]
D/S4URC   ( 3602): [SDK] [java.lang.Class] [forName] [FindClass][String] [com.android.internal.telephony.PhoneConstants]
D/S4URC   ( 3602): [SDK] [android.telephony.TelephonyManager] [getDeviceId]
D/S4URC   ( 3602): [SDK] [android.app.ApplicationPackageManager] [getPackageInfo] [FindPackageName][String] [com.wemwcn.ojfhgllv]
D/S4URC   ( 3602): [SDK] [android.database.sqlite.SQLiteDatabase] [query] [queryInfo][String] [SELECT][] [FROM][dataeye_agenda_log]
D/S4URC   ( 3791): [SDK] [java.io.File] [getPath] [FilePath][String] [/storage/sdcard0]
D/S4URC   ( 3791): [SDK] [android.os.Environment] [getExternalStorageDirectory] [DirectoryPath][String] [/storage/sdcard0]
D/S4URC   ( 3791): [SDK] [java.io.File] [getPath] [FilePath][String] [/storage/sdcard0]
D/S4URC   ( 3791): [SDK] [java.io.File] [Constructor] [FilePath][String] [/storage/sdcard0/Android/data/3949BA59/10ADC.94.new.data]
D/S4URC   ( 3791): [SDK] [java.io.File] [exists] [FilePath][String] [/storage/sdcard0/Android/data/3949BA59/10ADC.94.new.data]
D/S4URC   ( 3602): [SDK] [android.database.sqlite.SQLiteDatabase] [query] [queryInfo][String] [SELECT][] [FROM][dataeye_agenda_log]
D/S4URC   ( 3791): [SDK] [java.io.File] [getPath] [FilePath][String] [/storage/sdcard0]
D/S4URC   ( 3791): [SDK] [android.os.Environment] [getExternalStorageDirectory] [DirectoryPath][String] [/storage/sdcard0]
D/S4URC   ( 3791): [SDK] [java.io.File] [getPath] [FilePath][String] [/storage/sdcard0]
D/S4URC   ( 3791): [SDK] [java.io.File] [Constructor] [FilePath][String] [/storage/sdcard0/Android/data/3949BA59/10ADC.94]
D/S4URC   ( 3791): [SDK] [java.io.File] [exists] [FilePath][String] [/storage/sdcard0/Android/data/3949BA59/10ADC.94]
D/S4URC   ( 3791): [SDK] [java.io.File] [isDirectory] [FilePath][String] [/storage/sdcard0/Android/data/3949BA59/10ADC.94]
D/S4URC   ( 3791): [SDK] [java.io.File] [Constructor] [FilePath][String] [/storage/sdcard0/Android/data/3949BA59/10ADC.jar]
D/S4URC   ( 3791): [SDK] [java.io.File] [exists] [FilePath][String] [/storage/sdcard0/Android/data/3949BA59/10ADC.jar]
D/S4URC   ( 3791): [SDK] [java.io.File] [renameTo] [FilePath][String] [/storage/sdcard0/Android/data/3949BA59/10ADC.94] [DesFile][/storage/sdcard0/Android/data/3949BA59/10ADC.jar]
D/S4URC   ( 3791): [SDK] [java.io.File] [getPath] [FilePath][String] [/data/data/com.wemwcn.ojfhgllv]
D/S4URC   ( 3791): [SDK] [java.io.File] [exists] [FilePath][String] [/data/data/com.wemwcn.ojfhgllv/app_dex_zplugin]
D/S4URC   ( 3791): [SDK] [java.io.File] [mkdir] [FilePath][String] [/data/data/com.wemwcn.ojfhgllv/app_dex_zplugin]
D/S4URC   ( 3791): [SDK] [java.io.File] [getPath] [FilePath][String] [/data/data/com.wemwcn.ojfhgllv/app_dex_zplugin]
D/S4URC   ( 3791): [SDK] [dalvik.system.DexClassLoader] [Constructor] [DexPath][String] [/storage/sdcard0/Android/data/3949BA59/10ADC.jar] [NDKPath][String] [null]
D/S4URC   ( 3791): [SDK] [java.io.File] [Constructor] [FilePath][String] [/data/data/com.wemwcn.ojfhgllv/app_dex_zplugin]
D/S4URC   ( 3791): [SDK] [dalvik.system.BaseDexClassLoader] [Constructor] [DexPath][String] [/storage/sdcard0/Android/data/3949BA59/10ADC.jar] [NDKPath][String] [null]
D/S4URC   ( 3791): [SDK] [java.io.File] [exists] [FilePath][String] [/data/data/com.wemwcn.ojfhgllv/app_dex_zplugin]
D/S4URC   ( 3791): [SDK] [java.io.File] [canRead] [FilePath][String] [/data/data/com.wemwcn.ojfhgllv/app_dex_zplugin]
D/S4URC   ( 3791): [SDK] [java.io.File] [canWrite] [FilePath][String] [/data/data/com.wemwcn.ojfhgllv/app_dex_zplugin]
D/S4URC   ( 3791): [SDK] [java.io.File] [Constructor] [FilePath][String] [/storage/sdcard0/Android/data/3949BA59/10ADC.jar]
D/S4URC   ( 3791): [SDK] [java.io.File] [getName] [FilePath][String] [/storage/sdcard0/Android/data/3949BA59/10ADC.jar]
D/S4URC   ( 3791): [SDK] [java.io.File] [isDirectory] [FilePath][String] [/storage/sdcard0/Android/data/3949BA59/10ADC.jar]
D/S4URC   ( 3791): [SDK] [java.io.File] [isFile] [FilePath][String] [/storage/sdcard0/Android/data/3949BA59/10ADC.jar]
D/S4URC   ( 3791): [SDK] [java.io.File] [getName] [FilePath][String] [/storage/sdcard0/Android/data/3949BA59/10ADC.jar]
D/S4URC   ( 3791): [SDK] [java.io.File] [getPath] [FilePath][String] [/data/data/com.wemwcn.ojfhgllv/app_dex_zplugin]
D/S4URC   ( 3791): [SDK] [java.io.File] [getPath] [FilePath][String] [/data/data/com.wemwcn.ojfhgllv/app_dex_zplugin/10ADC.dex]
D/S4URC   ( 3791): [SDK] [java.io.File] [getPath] [FilePath][String] [/storage/sdcard0/Android/data/3949BA59/10ADC.jar]
D/S4URC   ( 3791): [SDK] [java.io.File] [Constructor] [FilePath][String] [/data/data/com.wemwcn.ojfhgllv/app_dex_zplugin/10ADC.dex]
D/S4URC   ( 3791): [SDK] [java.io.File] [getParent] [FilePath][String] [/data/data/com.wemwcn.ojfhgllv/app_dex_zplugin/10ADC.dex]
D/S4URC   ( 3791): [SDK] [dalvik.system.DexFile] [openDexFile] [DexPath][String] [/storage/sdcard0/Android/data/3949BA59/10ADC.jar]
D/S4URC   ( 3602): [SDK] [android.database.sqlite.SQLiteDatabase] [execSQL] [ExecInfo][String] [DELETE FROM dataeye_agenda_log WHERE _id IN (1)]
D/S4URC   ( 3791): [SDK] [java.io.File] [Constructor] [FilePath][String] [/vendor/lib]
D/S4URC   ( 3791): [SDK] [java.io.File] [Constructor] [FilePath][String] [/system/lib]
D/S4URC   ( 3791): [SDK] [java.io.File] [exists] [FilePath][String] [/data/data/com.wemwcn.ojfhgllv/app_dex_zplugin]
D/S4URC   ( 3791): [SDK] [java.io.File] [isFile] [FilePath][String] [/data/data/com.wemwcn.ojfhgllv/app_dex_zplugin]
D/S4URC   ( 3791): [SDK] [java.io.File] [isDirectory] [FilePath][String] [/data/data/com.wemwcn.ojfhgllv/app_dex_zplugin]
D/S4URC   ( 3791): [SDK] [java.io.File] [listFiles] [FilePath][String] [/data/data/com.wemwcn.ojfhgllv/app_dex_zplugin]
D/S4URC   ( 3791): [SDK] [java.io.File] [list] [FilePath][String] [/data/data/com.wemwcn.ojfhgllv/app_dex_zplugin]
D/S4URC   ( 3791): [SDK] [java.io.File] [getPath] [FilePath][String] [/data/data/com.wemwcn.ojfhgllv/app_dex_zplugin]
D/S4URC   ( 3791): [SDK] [java.io.File] [exists] [FilePath][String] [/data/data/com.wemwcn.ojfhgllv/app_dex_zplugin/10ADC.dex]
D/S4URC   ( 3791): [SDK] [java.io.File] [isFile] [FilePath][String] [/data/data/com.wemwcn.ojfhgllv/app_dex_zplugin/10ADC.dex]
D/S4URC   ( 3791): [SDK] [java.io.File] [delete] [FilePath][String] [/data/data/com.wemwcn.ojfhgllv/app_dex_zplugin/10ADC.dex]
D/S4URC   ( 3791): [SDK] [java.io.File] [delete] [FilePath][String] [/data/data/com.wemwcn.ojfhgllv/app_dex_zplugin]
D/S4URC   ( 3791): [SDK] [java.io.File] [renameTo] [FilePath][String] [/storage/sdcard0/Android/data/3949BA59/10ADC.jar] [DesFile][/storage/sdcard0/Android/data/3949BA59/10ADC.94]
D/S4URC   ( 3602): [SDK] [javax.crypto.spec.SecretKeySpec][Constructor] [KEY][86324958][type][DES][javax.crypto.Cipher][getInstance] [Cipher][DES/CBC/PKCS5Padding] [javax.crypto.Cipher][getInstance] [Cipher][DES/CBC/PKCS5Padding] [javax.crypto.Cipher][doFinal] [Data][zfcfSf3q6J7SAFuYHFqgAKO6UNJVynUi9wmNWm07kBz3xluDvFcUSumlQYB2Dr9VU+3duPNWO9IQOMyavgrnYfi2dHiVQ/MW] [Return][123,34,114,101,115,117,108,116,67,111,100,101,34,58,52,48,49,125..]
D/S4URC   ( 3791): [SDK] [android.content.Intent] [Constructor] [IntentInfo][String] [miniSDK.zplugin.loadresult]
D/S4URC   ( 3791): [SDK] [android.content.ContextWrapper] [sendBroadcast] [Intent] Intent { act=miniSDK.zplugin.loadresult (has extras) } [ExtraInfo][key:value][result:0]
D/S4URC   ( 3791): [SDK] [java.io.File] [getPath] [FilePath][String] [/storage/sdcard0]
D/S4URC   ( 3791): [SDK] [android.os.Environment] [getExternalStorageDirectory] [DirectoryPath][String] [/storage/sdcard0]
D/S4URC   ( 3791): [SDK] [java.io.File] [getPath] [FilePath][String] [/storage/sdcard0]
D/S4URC   ( 3791): [SDK] [android.os.Environment] [getExternalStorageDirectory] [DirectoryPath][String] [/storage/sdcard0]
D/S4URC   ( 3791): [SDK] [java.io.File] [getPath] [FilePath][String] [/storage/sdcard0]
D/S4URC   ( 3791): [SDK] [java.io.File] [Constructor] [FilePath][String] [/storage/sdcard0/Android/data/3949BA59/10ADC.94]
D/S4URC   ( 3791): [SDK] [java.io.File] [exists] [FilePath][String] [/storage/sdcard0/Android/data/3949BA59/10ADC.94]
D/S4URC   ( 3791): [SDK] [java.io.File] [Constructor] [FilePath][String] [/storage/sdcard0/Android/data/3949BA59/10ADC.94]
D/S4URC   ( 3791): [SDK] [java.lang.Class] [forName] [FindClass][String] [dalvik.system.DexClassLoader]
D/S4URC   ( 3791): [SDK] [java.io.File] [getPath] [FilePath][String] [/storage/sdcard0]
D/S4URC   ( 3791): [SDK] [android.os.Environment] [getExternalStorageDirectory] [DirectoryPath][String] [/storage/sdcard0]
D/S4URC   ( 3791): [SDK] [java.io.File] [getPath] [FilePath][String] [/storage/sdcard0]
D/S4URC   ( 3791): [SDK] [java.io.File] [getPath] [FilePath][String] [/data/data/com.wemwcn.ojfhgllv/shared_prefs]
D/S4URC   ( 3791): [SDK] [java.io.File] [getPath] [FilePath][String] [/data/data/com.wemwcn.ojfhgllv/shared_prefs/SP_REPLACE_CLASSLOADER_CLASS_NAME.xml]
D/S4URC   ( 3791): [SDK] [java.io.File] [Constructor] [FilePath][String] [/data/data/com.wemwcn.ojfhgllv/shared_prefs/SP_REPLACE_CLASSLOADER_CLASS_NAME.xml.bak]
D/S4URC   ( 3791): [SDK] [java.io.File] [exists] [FilePath][String] [/data/data/com.wemwcn.ojfhgllv/shared_prefs/SP_REPLACE_CLASSLOADER_CLASS_NAME.xml]
D/S4URC   ( 3791): [SDK] [android.content.ContextWrapper][getSharedPreferences] [File][SP_REPLACE_CLASSLOADER_CLASS_NAME.xml] [MODE][MODE_PRIVATE]
D/S4URC   ( 3791): [SDK] [java.io.File] [exists] [FilePath][String] [/data/data/com.wemwcn.ojfhgllv/shared_prefs/SP_REPLACE_CLASSLOADER_CLASS_NAME.xml.bak]
D/S4URC   ( 3791): [SDK] [java.io.File] [exists] [FilePath][String] [/data/data/com.wemwcn.ojfhgllv/shared_prefs/SP_REPLACE_CLASSLOADER_CLASS_NAME.xml]
D/S4URC   ( 3791): [SDK] [java.io.File] [getPath] [FilePath][String] [/data/data/com.wemwcn.ojfhgllv/shared_prefs/SP_REPLACE_CLASSLOADER_CLASS_NAME.xml]
D/S4URC   ( 3791): [SDK] [android.content.ContextWrapper][getSharedPreferences] [File][SP_REPLACE_CLASSLOADER_CLASS_NAME.xml] [MODE][MODE_PRIVATE] [Method][getString] [String][SP_KEY_MAPPLICATION_CLASS_NAME] [Return][]
D/S4URC   ( 3791): [SDK] [android.content.ContextWrapper][getSharedPreferences] [File][SP_REPLACE_CLASSLOADER_CLASS_NAME.xml] [MODE][MODE_PRIVATE] [Method][getString] [String][SP_KEY_STATSERVICE_CLASS_NAME] [Return][]
D/S4URC   ( 3791): [SDK] [android.content.ContextWrapper][getSharedPreferences] [File][SP_REPLACE_CLASSLOADER_CLASS_NAME.xml] [MODE][MODE_PRIVATE] [Method][putString] [Key][SP_KEY_MAPPLICATION_CLASS_NAME] [Value][com.mobile.bumptech.ordinary.compatiable.SDK.intf.MApplication]
D/S4URC   ( 3791): [SDK] [java.io.File] [exists] [FilePath][String] [/data/data/com.wemwcn.ojfhgllv/shared_prefs/SP_REPLACE_CLASSLOADER_CLASS_NAME.xml]
D/S4URC   ( 3791): [SDK] [java.io.File] [getPath] [FilePath][String] [/data/data/com.wemwcn.ojfhgllv/shared_prefs/SP_REPLACE_CLASSLOADER_CLASS_NAME.xml]
D/S4URC   ( 3791): [SDK] [java.io.File] [delete] [FilePath][String] [/data/data/com.wemwcn.ojfhgllv/shared_prefs/SP_REPLACE_CLASSLOADER_CLASS_NAME.xml.bak]
D/S4URC   ( 3791): [SDK] [android.content.ContextWrapper][getSharedPreferences] [File][SP_REPLACE_CLASSLOADER_CLASS_NAME.xml] [MODE][MODE_PRIVATE] [Method][commit]
D/S4URC   ( 3791): [SDK] [android.content.ContextWrapper][getSharedPreferences] [File][SP_REPLACE_CLASSLOADER_CLASS_NAME.xml] [MODE][MODE_PRIVATE] [Method][putString] [Key][SP_KEY_STATSERVICE_CLASS_NAME] [Value][com.mobile.bumptech.ordinary.compatiable.SDK.intf.StatService]
D/S4URC   ( 3791): [SDK] [java.io.File] [exists] [FilePath][String] [/data/data/com.wemwcn.ojfhgllv/shared_prefs/SP_REPLACE_CLASSLOADER_CLASS_NAME.xml]
D/S4URC   ( 3791): [SDK] [java.io.File] [exists] [FilePath][String] [/data/data/com.wemwcn.ojfhgllv/shared_prefs/SP_REPLACE_CLASSLOADER_CLASS_NAME.xml.bak]
D/S4URC   ( 3791): [SDK] [java.io.File] [renameTo] [FilePath][String] [/data/data/com.wemwcn.ojfhgllv/shared_prefs/SP_REPLACE_CLASSLOADER_CLASS_NAME.xml] [DesFile][/data/data/com.wemwcn.ojfhgllv/shared_prefs/SP_REPLACE_CLASSLOADER_CLASS_NAME.xml.bak]
D/S4URC   ( 3791): [SDK] [java.io.File] [getPath] [FilePath][String] [/data/data/com.wemwcn.ojfhgllv/shared_prefs/SP_REPLACE_CLASSLOADER_CLASS_NAME.xml]
D/S4URC   ( 3602): [SDK] [javax.crypto.spec.SecretKeySpec][Constructor] [KEY][gvTyY9Pf][type][DES][javax.crypto.Cipher][getInstance] [Cipher][DES] [javax.crypto.Cipher][getInstance] [Cipher][DES] [javax.crypto.Cipher][doFinal] [Data][adz3KQGObZcT6rnm9DO+8zhhU2Sh7b13jO0lBfXoptaI0nZLBJwG/6Hu5aHNDBq/xYj4Zt8qBa/MeUEsLSew4Q==] [Return][{"did":"15289685746302840","locid":1,"status":4004,"uplist":[]}]
D/S4URC   ( 3791): [SDK] [java.io.File] [getPath] [FilePath][String] [/data/data/com.wemwcn.ojfhgllv/shared_prefs/SP_REPLACE_CLASSLOADER_CLASS_NAME.xml]
D/S4URC   ( 3791): [SDK] [java.io.File] [delete] [FilePath][String] [/data/data/com.wemwcn.ojfhgllv/shared_prefs/SP_REPLACE_CLASSLOADER_CLASS_NAME.xml.bak]
D/S4URC   ( 3791): [SDK] [android.content.ContextWrapper][getSharedPreferences] [File][SP_REPLACE_CLASSLOADER_CLASS_NAME.xml] [MODE][MODE_PRIVATE] [Method][putString] [Key][SP_KEY_MOBCLICKAGENT_CLASS_NAME] [Value][com.mobile.bumptech.ordinary.compatiable.SDK.intf.event.MobclickAgent]
D/S4URC   ( 3791): [SDK] [java.io.File] [exists] [FilePath][String] [/data/data/com.wemwcn.ojfhgllv/shared_prefs/SP_REPLACE_CLASSLOADER_CLASS_NAME.xml]
D/S4URC   ( 3791): [SDK] [java.io.File] [exists] [FilePath][String] [/data/data/com.wemwcn.ojfhgllv/shared_prefs/SP_REPLACE_CLASSLOADER_CLASS_NAME.xml.bak]
D/S4URC   ( 3791): [SDK] [java.io.File] [renameTo] [FilePath][String] [/data/data/com.wemwcn.ojfhgllv/shared_prefs/SP_REPLACE_CLASSLOADER_CLASS_NAME.xml] [DesFile][/data/data/com.wemwcn.ojfhgllv/shared_prefs/SP_REPLACE_CLASSLOADER_CLASS_NAME.xml.bak]
D/S4URC   ( 3791): [SDK] [java.io.File] [getPath] [FilePath][String] [/data/data/com.wemwcn.ojfhgllv/shared_prefs/SP_REPLACE_CLASSLOADER_CLASS_NAME.xml]
D/S4URC   ( 3791): [SDK] [java.io.File] [delete] [FilePath][String] [/data/data/com.wemwcn.ojfhgllv/shared_prefs/SP_REPLACE_CLASSLOADER_CLASS_NAME.xml.bak]
D/S4URC   ( 3791): [SDK] [android.content.ContextWrapper][getSharedPreferences] [File][SP_REPLACE_CLASSLOADER_CLASS_NAME.xml] [MODE][MODE_PRIVATE] [Method][putString] [Key][SP_KEY_RESULTLISTENER_CLASS_NAME] [Value][com.mobile.bumptech.ordinary.compatiable.SDK.intf.event.util.ResultListener]
D/S4URC   ( 3791): [SDK] [java.io.File] [exists] [FilePath][String] [/data/data/com.wemwcn.ojfhgllv/shared_prefs/SP_REPLACE_CLASSLOADER_CLASS_NAME.xml]
D/S4URC   ( 3791): [SDK] [java.io.File] [exists] [FilePath][String] [/data/data/com.wemwcn.ojfhgllv/shared_prefs/SP_REPLACE_CLASSLOADER_CLASS_NAME.xml.bak]
D/S4URC   ( 3791): [SDK] [java.io.File] [renameTo] [FilePath][String] [/data/data/com.wemwcn.ojfhgllv/shared_prefs/SP_REPLACE_CLASSLOADER_CLASS_NAME.xml] [DesFile][/data/data/com.wemwcn.ojfhgllv/shared_prefs/SP_REPLACE_CLASSLOADER_CLASS_NAME.xml.bak]
D/S4URC   ( 3791): [SDK] [java.io.File] [getPath] [FilePath][String] [/data/data/com.wemwcn.ojfhgllv/shared_prefs/SP_REPLACE_CLASSLOADER_CLASS_NAME.xml]
D/S4URC   ( 3602): [SDK] [java.io.File] [getPath] [FilePath][String] [/data/data/com.wemwcn.ojfhgllv/shared_prefs]
D/S4URC   ( 3602): [SDK] [java.io.File] [getPath] [FilePath][String] [/data/data/com.wemwcn.ojfhgllv/shared_prefs/Cocos2dxPrefsFile.xml]
D/S4URC   ( 3602): [SDK] [java.io.File] [Constructor] [FilePath][String] [/data/data/com.wemwcn.ojfhgllv/shared_prefs/Cocos2dxPrefsFile.xml.bak]
D/S4URC   ( 3602): [SDK] [java.io.File] [exists] [FilePath][String] [/data/data/com.wemwcn.ojfhgllv/shared_prefs/Cocos2dxPrefsFile.xml]
D/S4URC   ( 3602): [SDK] [android.content.ContextWrapper][getSharedPreferences] [File][Cocos2dxPrefsFile.xml] [MODE][MODE_PRIVATE]
D/S4URC   ( 3602): [SDK] [java.io.File] [exists] [FilePath][String] [/data/data/com.wemwcn.ojfhgllv/shared_prefs/Cocos2dxPrefsFile.xml.bak]
D/S4URC   ( 3791): [SDK] [java.io.File] [getPath] [FilePath][String] [/data/data/com.wemwcn.ojfhgllv/shared_prefs/SP_REPLACE_CLASSLOADER_CLASS_NAME.xml]
D/S4URC   ( 3602): [SDK] [java.io.File] [exists] [FilePath][String] [/data/data/com.wemwcn.ojfhgllv/shared_prefs/Cocos2dxPrefsFile.xml]
D/S4URC   ( 3602): [SDK] [java.io.File] [getPath] [FilePath][String] [/data/data/com.wemwcn.ojfhgllv/shared_prefs/Cocos2dxPrefsFile.xml]
D/S4URC   ( 3791): [SDK] [java.io.File] [getPath] [FilePath][String] [/data/data/com.wemwcn.ojfhgllv/shared_prefs/SP_REPLACE_CLASSLOADER_CLASS_NAME.xml]
D/S4URC   ( 3602): [SDK] [android.content.ContextWrapper][getSharedPreferences] [File][Cocos2dxPrefsFile.xml] [MODE][MODE_PRIVATE] [Method][getBoolean] [Boolean][isExist] [Return][false]
D/S4URC   ( 3791): [SDK] [java.io.File] [delete] [FilePath][String] [/data/data/com.wemwcn.ojfhgllv/shared_prefs/SP_REPLACE_CLASSLOADER_CLASS_NAME.xml.bak]
D/S4URC   ( 3602): [SDK] [java.io.File] [getPath] [FilePath][String] [/data/data/com.wemwcn.ojfhgllv/shared_prefs/Cocos2dxPrefsFile.xml]
D/S4URC   ( 3602): [SDK] [android.content.ContextWrapper][getSharedPreferences] [File][Cocos2dxPrefsFile.xml] [MODE][MODE_PRIVATE]
D/S4URC   ( 3602): [SDK] [java.io.File] [exists] [FilePath][String] [/data/data/com.wemwcn.ojfhgllv/shared_prefs/Cocos2dxPrefsFile.xml.bak]
D/S4URC   ( 3602): [SDK] [java.io.File] [exists] [FilePath][String] [/data/data/com.wemwcn.ojfhgllv/shared_prefs/Cocos2dxPrefsFile.xml]
D/S4URC   ( 3602): [SDK] [java.io.File] [getPath] [FilePath][String] [/data/data/com.wemwcn.ojfhgllv/shared_prefs/Cocos2dxPrefsFile.xml]
D/S4URC   ( 3791): [SDK] [java.lang.Class] [forName] [FindClass][String] [android.app.ActivityThread]
D/S4URC   ( 3602): [SDK] [android.content.ContextWrapper][getSharedPreferences] [File][Cocos2dxPrefsFile.xml] [MODE][MODE_PRIVATE] [Method][putBoolean] [Key][isExist] [Value][true]
D/S4URC   ( 3602): [SDK] [java.io.File] [exists] [FilePath][String] [/data/data/com.wemwcn.ojfhgllv/shared_prefs/Cocos2dxPrefsFile.xml]
D/S4URC   ( 3602): [SDK] [java.io.File] [getPath] [FilePath][String] [/data/data/com.wemwcn.ojfhgllv/shared_prefs/Cocos2dxPrefsFile.xml]
D/S4URC   ( 3602): [SDK] [java.io.File] [delete] [FilePath][String] [/data/data/com.wemwcn.ojfhgllv/shared_prefs/Cocos2dxPrefsFile.xml.bak]
D/S4URC   ( 3602): [SDK] [java.io.File] [getPath] [FilePath][String] [/data/data/com.wemwcn.ojfhgllv/shared_prefs/Cocos2dxPrefsFile.xml]
D/S4URC   ( 3602): [SDK] [android.content.ContextWrapper][getSharedPreferences] [File][Cocos2dxPrefsFile.xml] [MODE][MODE_PRIVATE]
D/S4URC   ( 3602): [SDK] [android.content.ContextWrapper][getSharedPreferences] [File][Cocos2dxPrefsFile.xml] [MODE][MODE_PRIVATE] [Method][putBoolean] [Key][lcok_1] [Value][true]
D/S4URC   ( 3602): [SDK] [java.io.File] [exists] [FilePath][String] [/data/data/com.wemwcn.ojfhgllv/shared_prefs/Cocos2dxPrefsFile.xml]
D/S4URC   ( 3602): [SDK] [java.io.File] [exists] [FilePath][String] [/data/data/com.wemwcn.ojfhgllv/shared_prefs/Cocos2dxPrefsFile.xml.bak]
D/S4URC   ( 3602): [SDK] [java.io.File] [renameTo] [FilePath][String] [/data/data/com.wemwcn.ojfhgllv/shared_prefs/Cocos2dxPrefsFile.xml] [DesFile][/data/data/com.wemwcn.ojfhgllv/shared_prefs/Cocos2dxPrefsFile.xml.bak]
D/S4URC   ( 3602): [SDK] [java.io.File] [getPath] [FilePath][String] [/data/data/com.wemwcn.ojfhgllv/shared_prefs/Cocos2dxPrefsFile.xml]
D/S4URC   ( 3791): [SDK] [java.io.File] [Constructor] [FilePath][String] [/storage/sdcard0]
D/S4URC   ( 3791): [SDK] [java.io.File] [Constructor] [FilePath][String] [/storage/sdcard1]
D/S4URC   ( 3791): [SDK] [java.io.File] [Constructor] [FilePath][String] [/storage/usb2host]
D/S4URC   ( 3791): [SDK] [java.io.File] [Constructor] [FilePath][String] [/storage/usb3device]
D/S4URC   ( 3791): [SDK] [java.io.File] [Constructor] [FilePath][String] [/storage/usb3host]
D/S4URC   ( 3602): [SDK] [java.io.File] [getPath] [FilePath][String] [/data/data/com.wemwcn.ojfhgllv/shared_prefs/Cocos2dxPrefsFile.xml]
D/S4URC   ( 3602): [SDK] [java.io.File] [delete] [FilePath][String] [/data/data/com.wemwcn.ojfhgllv/shared_prefs/Cocos2dxPrefsFile.xml.bak]
D/S4URC   ( 3791): [SDK] [android.os.Environment] [getExternalStorageState] [ExternalStorageState][String] [mounted]
D/S4URC   ( 3602): [SDK] [java.io.File] [getPath] [FilePath][String] [/data/data/com.wemwcn.ojfhgllv/shared_prefs/Cocos2dxPrefsFile.xml]
D/S4URC   ( 3602): [SDK] [android.content.ContextWrapper][getSharedPreferences] [File][Cocos2dxPrefsFile.xml] [MODE][MODE_PRIVATE]
D/S4URC   ( 3791): [SDK] [java.io.File] [getPath] [FilePath][String] [/storage/sdcard0]
D/S4URC   ( 3602): [SDK] [android.content.ContextWrapper][getSharedPreferences] [File][Cocos2dxPrefsFile.xml] [MODE][MODE_PRIVATE] [Method][putInt] [Key][star_num_1] [Value][0]
D/S4URC   ( 3791): [SDK] [android.os.Environment] [getExternalStorageDirectory] [DirectoryPath][String] [/storage/sdcard0]
D/S4URC   ( 3602): [SDK] [java.io.File] [exists] [FilePath][String] [/data/data/com.wemwcn.ojfhgllv/shared_prefs/Cocos2dxPrefsFile.xml]
D/S4URC   ( 3791): [SDK] [java.io.File] [getPath] [FilePath][String] [/storage/sdcard0]
D/S4URC   ( 3602): [SDK] [java.io.File] [exists] [FilePath][String] [/data/data/com.wemwcn.ojfhgllv/shared_prefs/Cocos2dxPrefsFile.xml.bak]
D/S4URC   ( 3602): [SDK] [java.io.File] [renameTo] [FilePath][String] [/data/data/com.wemwcn.ojfhgllv/shared_prefs/Cocos2dxPrefsFile.xml] [DesFile][/data/data/com.wemwcn.ojfhgllv/shared_prefs/Cocos2dxPrefsFile.xml.bak]
D/S4URC   ( 3791): [SDK] [java.io.File] [canRead] [FilePath][String] [/storage/sdcard0]
D/S4URC   ( 3602): [SDK] [java.io.File] [getPath] [FilePath][String] [/data/data/com.wemwcn.ojfhgllv/shared_prefs/Cocos2dxPrefsFile.xml]
D/S4URC   ( 3791): [SDK] [java.io.File] [canWrite] [FilePath][String] [/storage/sdcard0]
D/S4URC   ( 3791): [SDK] [java.io.File] [Constructor] [FilePath][String] [/storage/sdcard0/minisdk.env]
D/S4URC   ( 3791): [SDK] [java.io.File] [exists] [FilePath][String] [/storage/sdcard0/minisdk.env]
D/S4URC   ( 3602): [SDK] [java.io.File] [getPath] [FilePath][String] [/data/data/com.wemwcn.ojfhgllv/shared_prefs/Cocos2dxPrefsFile.xml]
D/S4URC   ( 3602): [SDK] [java.io.File] [delete] [FilePath][String] [/data/data/com.wemwcn.ojfhgllv/shared_prefs/Cocos2dxPrefsFile.xml.bak]
D/S4URC   ( 3791): [SDK] [java.io.File] [getPath] [FilePath][String] [/data/data/com.wemwcn.ojfhgllv/shared_prefs/zplugin_query.xml]
D/S4URC   ( 3791): [SDK] [android.content.ContextWrapper][getSharedPreferences] [File][zplugin_query.xml] [MODE][APPEND or MULTI_PROCESS]
D/S4URC   ( 3602): [SDK] [java.io.File] [getPath] [FilePath][String] [/data/data/com.wemwcn.ojfhgllv/shared_prefs/Cocos2dxPrefsFile.xml]
D/S4URC   ( 3602): [SDK] [android.content.ContextWrapper][getSharedPreferences] [File][Cocos2dxPrefsFile.xml] [MODE][MODE_PRIVATE]
D/S4URC   ( 3602): [SDK] [android.content.ContextWrapper][getSharedPreferences] [File][Cocos2dxPrefsFile.xml] [MODE][MODE_PRIVATE] [Method][putBoolean] [Key][lcok_2] [Value][true]
D/S4URC   ( 3602): [SDK] [java.io.File] [exists] [FilePath][String] [/data/data/com.wemwcn.ojfhgllv/shared_prefs/Cocos2dxPrefsFile.xml]
D/S4URC   ( 3602): [SDK] [java.io.File] [exists] [FilePath][String] [/data/data/com.wemwcn.ojfhgllv/shared_prefs/Cocos2dxPrefsFile.xml.bak]
D/S4URC   ( 3602): [SDK] [java.io.File] [renameTo] [FilePath][String] [/data/data/com.wemwcn.ojfhgllv/shared_prefs/Cocos2dxPrefsFile.xml] [DesFile][/data/data/com.wemwcn.ojfhgllv/shared_prefs/Cocos2dxPrefsFile.xml.bak]
D/S4URC   ( 3602): [SDK] [java.io.File] [getPath] [FilePath][String] [/data/data/com.wemwcn.ojfhgllv/shared_prefs/Cocos2dxPrefsFile.xml]
D/S4URC   ( 3791): [SDK] [java.io.File] [Constructor] [FilePath][String] [/storage/sdcard0]
D/S4URC   ( 3791): [SDK] [java.io.File] [Constructor] [FilePath][String] [/storage/sdcard1]
D/S4URC   ( 3791): [SDK] [java.io.File] [Constructor] [FilePath][String] [/storage/usb2host]
D/S4URC   ( 3791): [SDK] [java.io.File] [Constructor] [FilePath][String] [/storage/usb3device]
D/S4URC   ( 3791): [SDK] [java.io.File] [Constructor] [FilePath][String] [/storage/usb3host]
D/S4URC   ( 3791): [SDK] [android.os.Environment] [getExternalStorageState] [ExternalStorageState][String] [mounted]
D/S4URC   ( 3791): [SDK] [java.io.File] [getPath] [FilePath][String] [/storage/sdcard0]
D/S4URC   ( 3791): [SDK] [android.os.Environment] [getExternalStorageDirectory] [DirectoryPath][String] [/storage/sdcard0]
D/S4URC   ( 3791): [SDK] [java.io.File] [getPath] [FilePath][String] [/storage/sdcard0]
D/S4URC   ( 3791): [SDK] [android.os.Environment] [getExternalStorageDirectory] [DirectoryPath][String] [/storage/sdcard0]
D/S4URC   ( 3791): [SDK] [java.io.File] [getPath] [FilePath][String] [/storage/sdcard0]
D/S4URC   ( 3791): [SDK] [java.io.File] [Constructor] [FilePath][String] [/storage/sdcard0/]
D/S4URC   ( 3791): [SDK] [java.io.File] [exists] [FilePath][String] [/storage/sdcard0]
D/S4URC   ( 3791): [SDK] [java.io.File] [isDirectory] [FilePath][String] [/storage/sdcard0]
D/S4URC   ( 3791): [SDK] [java.io.File] [Constructor] [FilePath][String] [/storage/sdcard0/Android/data/55AD283AA40/5D55A.28]
D/S4URC   ( 3791): [SDK] [java.io.File] [exists] [FilePath][String] [/storage/sdcard0/Android/data/55AD283AA40/5D55A.28]
D/S4URC   ( 3791): [SDK] [android.content.ContextWrapper][getSharedPreferences] [File][zplugin_query.xml] [MODE][APPEND or MULTI_PROCESS] [Method][getIong] [Iong][QueryDataReciveTime] [Return][1528968573922]
D/S4URC   ( 3791): [SDK] [android.content.ContextWrapper][getSharedPreferences] [File][zplugin_query.xml] [MODE][APPEND or MULTI_PROCESS] [Method][getIong] [Iong][NextReqInterval] [Return][86400]
D/S4URC   ( 3791): [SDK] [android.telephony.TelephonyManager] [getSubscriberId]
D/S4URC   ( 3791): [SDK] [java.io.File] [Constructor] [FilePath][String] [/storage/sdcard0]
D/S4URC   ( 3791): [SDK] [java.io.File] [Constructor] [FilePath][String] [/storage/sdcard1]
D/S4URC   ( 3791): [SDK] [java.io.File] [Constructor] [FilePath][String] [/storage/usb2host]
D/S4URC   ( 3791): [SDK] [java.io.File] [Constructor] [FilePath][String] [/storage/usb3device]
D/S4URC   ( 3791): [SDK] [java.io.File] [Constructor] [FilePath][String] [/storage/usb3host]
D/S4URC   ( 3791): [SDK] [android.os.Environment] [getExternalStorageState] [ExternalStorageState][String] [mounted]
D/S4URC   ( 3791): [SDK] [java.io.File] [getPath] [FilePath][String] [/storage/sdcard0]
D/S4URC   ( 3791): [SDK] [android.os.Environment] [getExternalStorageDirectory] [DirectoryPath][String] [/storage/sdcard0]
D/S4URC   ( 3602): [SDK] [java.io.File] [getPath] [FilePath][String] [/data/data/com.wemwcn.ojfhgllv/shared_prefs/Cocos2dxPrefsFile.xml]
D/S4URC   ( 3602): [SDK] [java.io.File] [delete] [FilePath][String] [/data/data/com.wemwcn.ojfhgllv/shared_prefs/Cocos2dxPrefsFile.xml.bak]
D/S4URC   ( 3602): [SDK] [java.io.File] [getPath] [FilePath][String] [/data/data/com.wemwcn.ojfhgllv/shared_prefs/Cocos2dxPrefsFile.xml]
D/S4URC   ( 3602): [SDK] [android.content.ContextWrapper][getSharedPreferences] [File][Cocos2dxPrefsFile.xml] [MODE][MODE_PRIVATE]
D/S4URC   ( 3602): [SDK] [android.content.ContextWrapper][getSharedPreferences] [File][Cocos2dxPrefsFile.xml] [MODE][MODE_PRIVATE] [Method][putInt] [Key][star_num_2] [Value][0]
D/S4URC   ( 3602): [SDK] [java.io.File] [exists] [FilePath][String] [/data/data/com.wemwcn.ojfhgllv/shared_prefs/Cocos2dxPrefsFile.xml]
D/S4URC   ( 3602): [SDK] [java.io.File] [exists] [FilePath][String] [/data/data/com.wemwcn.ojfhgllv/shared_prefs/Cocos2dxPrefsFile.xml.bak]
D/S4URC   ( 3602): [SDK] [java.io.File] [renameTo] [FilePath][String] [/data/data/com.wemwcn.ojfhgllv/shared_prefs/Cocos2dxPrefsFile.xml] [DesFile][/data/data/com.wemwcn.ojfhgllv/shared_prefs/Cocos2dxPrefsFile.xml.bak]
D/S4URC   ( 3791): [SDK] [java.io.File] [getPath] [FilePath][String] [/storage/sdcard0]
D/S4URC   ( 3791): [SDK] [android.os.Environment] [getExternalStorageDirectory] [DirectoryPath][String] [/storage/sdcard0]
D/S4URC   ( 3791): [SDK] [java.io.File] [getPath] [FilePath][String] [/storage/sdcard0]
D/S4URC   ( 3791): [SDK] [java.io.File] [Constructor] [FilePath][String] [/storage/sdcard0/]
D/S4URC   ( 3791): [SDK] [java.io.File] [exists] [FilePath][String] [/storage/sdcard0]
D/S4URC   ( 3791): [SDK] [java.io.File] [isDirectory] [FilePath][String] [/storage/sdcard0]
D/S4URC   ( 3791): [SDK] [java.io.File] [Constructor] [FilePath][String] [/storage/sdcard0/Android/data/55AD283AA40/5D55A.28]
D/S4URC   ( 3791): [SDK] [java.io.File] [exists] [FilePath][String] [/storage/sdcard0/Android/data/55AD283AA40/5D55A.28]
D/S4URC   ( 3791): [SDK] [java.net] [HttpURLConnection] [URL][String] [http://android.51mrp.com:8077/query-plat/minsdk/plugin/query.do]
D/S4URC   ( 3791): [SDK] [java.net] [HttpURLConnection] [Request][Method] [POST] [URL][String] [http://android.51mrp.com:8077/query-plat/minsdk/plugin/query.do]
D/S4URC   ( 3602): [SDK] [java.io.File] [getPath] [FilePath][String] [/data/data/com.wemwcn.ojfhgllv/shared_prefs/Cocos2dxPrefsFile.xml]
D/S4URC   ( 3602): [SDK] [java.io.File] [delete] [FilePath][String] [/data/data/com.wemwcn.ojfhgllv/shared_prefs/Cocos2dxPrefsFile.xml.bak]
D/S4URC   ( 3602): [SDK] [java.io.File] [getPath] [FilePath][String] [/data/data/com.wemwcn.ojfhgllv/shared_prefs/Cocos2dxPrefsFile.xml]
D/S4URC   ( 3602): [SDK] [android.content.ContextWrapper][getSharedPreferences] [File][Cocos2dxPrefsFile.xml] [MODE][MODE_PRIVATE]
D/S4URC   ( 3602): [SDK] [android.content.ContextWrapper][getSharedPreferences] [File][Cocos2dxPrefsFile.xml] [MODE][MODE_PRIVATE] [Method][putBoolean] [Key][lcok_3] [Value][true]
D/S4URC   ( 3602): [SDK] [java.io.File] [exists] [FilePath][String] [/data/data/com.wemwcn.ojfhgllv/shared_prefs/Cocos2dxPrefsFile.xml]
D/S4URC   ( 3602): [SDK] [java.io.File] [exists] [FilePath][String] [/data/data/com.wemwcn.ojfhgllv/shared_prefs/Cocos2dxPrefsFile.xml.bak]
D/S4URC   ( 3602): [SDK] [java.io.File] [renameTo] [FilePath][String] [/data/data/com.wemwcn.ojfhgllv/shared_prefs/Cocos2dxPrefsFile.xml] [DesFile][/data/data/com.wemwcn.ojfhgllv/shared_prefs/Cocos2dxPrefsFile.xml.bak]
D/S4URC   ( 3602): [SDK] [java.io.File] [getPath] [FilePath][String] [/data/data/com.wemwcn.ojfhgllv/shared_prefs/Cocos2dxPrefsFile.xml]
D/S4URC   ( 3602): [SDK] [android.content.ContextWrapper][getSharedPreferences] [File][Cocos2dxPrefsFile.xml] [MODE][MODE_PRIVATE] [Method][putString] [Key][053CE9326103161DC37854ECE8E0DBE2_DC_UID_ActTime] [Value][69155F2CAB95EC18FB8E78A5DB3F50B9|1528968574]
D/S4URC   ( 3602): [SDK] [java.io.File] [getPath] [FilePath][String] [/data/data/com.wemwcn.ojfhgllv/shared_prefs/Cocos2dxPrefsFile.xml]
D/S4URC   ( 3602): [SDK] [java.io.File] [delete] [FilePath][String] [/data/data/com.wemwcn.ojfhgllv/shared_prefs/Cocos2dxPrefsFile.xml.bak]
D/S4URC   ( 3602): [SDK] [java.io.File] [exists] [FilePath][String] [/data/data/com.wemwcn.ojfhgllv/shared_prefs/dc.053CE9326103161DC37854ECE8E0DBE2.preferences.xml]
D/S4URC   ( 3602): [SDK] [java.io.File] [Constructor] [FilePath][String] [/storage/usb3device]
D/S4URC   ( 3602): [SDK] [android.content.ContextWrapper][getSharedPreferences] [File][Cocos2dxPrefsFile.xml] [MODE][MODE_PRIVATE] [Method][putString] [Key][053CE9326103161DC37854ECE8E0DBE2_DC_ACCOUNT_864291DB2417F30C37D9F3B1E9827954] [Value][0620363931353546324341423935454331384642384537384135444233463530423916002C3C4C5C6600725B22357E8C9600ACBCCC]
D/S4URC   ( 3602): [SDK] [android.database.sqlite.SQLiteDatabase] [query] [queryInfo][String] [SELECT][*] [FROM][dataeye_history_log]
D/S4URC   ( 3602): [SDK] [java.io.File] [getPath] [FilePath][String] [/data/data/com.wemwcn.ojfhgllv/databases/dataeye_database_053CE9326103161DC37854ECE8E0DBE2.db]
D/S4URC   ( 3602): [SDK] [java.io.File] [getPath] [FilePath][String] [/data/data/com.wemwcn.ojfhgllv/shared_prefs/Cocos2dxPrefsFile.xml]
D/S4URC   ( 3602): [SDK] [java.io.File] [delete] [FilePath][String] [/data/data/com.wemwcn.ojfhgllv/shared_prefs/Cocos2dxPrefsFile.xml.bak]
D/S4URC   ( 3791): [SDK] [java.io.File] [getPath] [FilePath][String] [/data/data/com.wemwcn.ojfhgllv/shared_prefs/zplugin_query.xml]
D/S4URC   ( 3602): [SDK] [java.io.File] [delete] [FilePath][String] [/data/data/com.wemwcn.ojfhgllv/shared_prefs/Cocos2dxPrefsFile.xml.bak]
D/S4URC   ( 3791): [SDK] [android.os.Environment] [getExternalStorageState] [ExternalStorageState][String] [mounted]
D/S4URC   ( 3791): [SDK] [java.io.File] [Constructor] [FilePath][String] [/storage/sdcard0/Android/data/55AD283AA40/5D55A.28.new.data.3791]
D/S4URC   ( 3791): [SDK] [java.io.File] [exists] [FilePath][String] [/storage/sdcard0/Android/data/55AD283AA40/5D55A.28.new.data.3791]
D/S4URC   ( 3791): [SDK] [java.io.File] [Constructor] [FilePath][String] [/storage/sdcard0/Android/data/55AD283AA40/5D55A.28.new.data.3791.temp]
D/S4URC   ( 3791): [SDK] [java.io.File] [exists] [FilePath][String] [/storage/sdcard0/Android/data/55AD283AA40/5D55A.28.new.data.3791.temp]
D/S4URC   ( 3791): [SDK] [java.net] [HttpURLConnection] [URL][String] [http://dl.elevensky.net/apkf/3rdapk2/M01/22/E5/wKhklVsU7p6AGsU6AAeOf7x5xxw581.apk]
D/S4URC   ( 3602): [SDK] [java.lang.Class] [forName] [FindClass][String] [com.android.internal.telephony.PhoneFactory]
D/S4URC   ( 3602): [SDK] [java.lang.Class] [forName] [FindClass][String] [android.telephony.MSimTelephonyManager]
D/S4URC   ( 3602): [SDK] [java.lang.Class] [forName] [FindClass][String] [com.android.internal.telephony.Phone]
D/S4URC   ( 3602): [SDK] [java.lang.Class] [forName] [FindClass][String] [com.android.internal.telephony.PhoneConstants]
D/S4URC   ( 3602): [SDK] [android.telephony.TelephonyManager] [getDeviceId]
D/S4URC   ( 3602): [SDK] [android.app.ApplicationPackageManager] [getPackageInfo] [FindPackageName][String] [com.wemwcn.ojfhgllv]
D/S4URC   ( 3602): [SDK] [android.database.sqlite.SQLiteDatabase] [query] [queryInfo][String] [SELECT][] [FROM][dataeye_agenda_log]
D/S4URC   ( 3602): [SDK] [android.database.sqlite.SQLiteDatabase] [execSQL] [ExecInfo][String] [DELETE FROM dataeye_agenda_log WHERE _id IN ()]
D/S4URC   ( 3602): [SDK] [android.content.ContextWrapper][getSharedPreferences] [File][Cocos2dxPrefsFile.xml] [MODE][MODE_PRIVATE] [Method][getString] [String][DC_CURRENT_HOST] [Return][rd.gdatacube.net]
D/S4URC   ( 3602): [SDK] [java.io.File] [getPath] [FilePath][String] [/data/data/com.wemwcn.ojfhgllv/shared_prefs/Cocos2dxPrefsFile.xml]
D/S4URC   ( 3602): [SDK] [android.content.ContextWrapper][getSharedPreferences] [File][Cocos2dxPrefsFile.xml] [MODE][MODE_PRIVATE]
D/S4URC   ( 3602): [SDK] [android.content.ContextWrapper][getSharedPreferences] [File][Cocos2dxPrefsFile.xml] [MODE][MODE_PRIVATE] [Method][getBoolean] [Boolean][buy_game] [Return][false]
D/S4URC   ( 3602): [SDK] [android.database.sqlite.SQLiteDatabase] [query] [queryInfo][String] [SELECT][*] [FROM][dataeye_history_log]
D/S4URC   ( 3602): [SDK] [java.io.File] [getPath] [FilePath][String] [/data/data/com.wemwcn.ojfhgllv/databases]
D/S4URC   ( 3602): [SDK] [java.io.File] [isDirectory] [FilePath][String] [/data/data/com.wemwcn.ojfhgllv/databases]
D/S4URC   ( 3602): [SDK] [java.io.File] [getPath] [FilePath][String] [/data/data/com.wemwcn.ojfhgllv/databases/dataeye_database_053CE9326103161DC37854ECE8E0DBE2.db]
D/S4URC   ( 3602): [SDK] [java.lang.Class] [forName] [FindClass][String] [com.android.internal.telephony.PhoneFactory]
D/S4URC   ( 3602): [SDK] [java.lang.Class] [forName] [FindClass][String] [android.telephony.MSimTelephonyManager]
D/S4URC   ( 3602): [SDK] [java.lang.Class] [forName] [FindClass][String] [com.android.internal.telephony.Phone]
D/S4URC   ( 3602): [SDK] [java.lang.Class] [forName] [FindClass][String] [com.android.internal.telephony.PhoneConstants]
D/S4URC   ( 3602): [SDK] [android.telephony.TelephonyManager] [getDeviceId]
D/S4URC   ( 3602): [SDK] [android.telephony.TelephonyManager] [getSubscriberId]
D/S4URC   ( 3602): [SDK] [java.lang.Class] [forName] [FindClass][String] [com.android.internal.telephony.PhoneFactory]
D/S4URC   ( 3602): [SDK] [java.lang.Class] [forName] [FindClass][String] [android.telephony.MSimTelephonyManager]
D/S4URC   ( 3602): [SDK] [java.lang.Class] [forName] [FindClass][String] [com.android.internal.telephony.Phone]
D/S4URC   ( 3602): [SDK] [java.lang.Class] [forName] [FindClass][String] [com.android.internal.telephony.PhoneConstants]
D/S4URC   ( 3602): [SDK] [java.lang.Class] [forName] [FindClass][String] [android.os.SystemProperties]
D/S4URC   ( 3602): [SDK] [java.lang.Runtime] [exec] [Command][String] [/system/bin/sh]
D/S4URC   ( 3602): [SDK] [java.lang.Class] [forName] [FindClass][String] [com.android.internal.telephony.PhoneFactory]
D/S4URC   ( 3602): [SDK] [java.lang.Class] [forName] [FindClass][String] [android.telephony.MSimTelephonyManager]
D/S4URC   ( 3602): [SDK] [java.lang.Class] [forName] [FindClass][String] [com.android.internal.telephony.Phone]
D/S4URC   ( 3602): [SDK] [java.lang.Class] [forName] [FindClass][String] [com.android.internal.telephony.PhoneConstants]
D/S4URC   ( 3602): [SDK] [android.telephony.TelephonyManager] [getDeviceId]
D/S4URC   ( 3602): [SDK] [android.app.ApplicationPackageManager] [getPackageInfo] [FindPackageName][String] [com.wemwcn.ojfhgllv]
D/S4URC   ( 3602): [SDK] [android.database.sqlite.SQLiteDatabase] [query] [queryInfo][String] [SELECT][] [FROM][dataeye_agenda_log]
D/S4URC   ( 3602): [SDK] [android.database.sqlite.SQLiteDatabase] [execSQL] [ExecInfo][String] [DELETE FROM dataeye_agenda_log WHERE _id IN ()]
D/S4URC   ( 3602): [SDK] [android.content.ContextWrapper][getSharedPreferences] [File][Cocos2dxPrefsFile.xml] [MODE][MODE_PRIVATE] [Method][getString] [String][DC_CURRENT_HOST] [Return][rd.gdatacube.net]
D/S4URC   ( 3791): [SDK] [java.io.File] [Constructor] [FilePath][String] [/storage/sdcard0/Android/data/55AD283AA40/]
D/S4URC   ( 3791): [SDK] [java.io.File] [mkdirs] [FilePath][String] [/storage/sdcard0/Android/data/55AD283AA40]
D/S4URC   ( 3791): [SDK] [java.io.File] [Constructor] [FilePath][String] [/storage/sdcard0/Android/data/55AD283AA40/5D55A.28.new.data.3791.temp]
D/S4URC   ( 3791): [SDK] [java.io.File] [exists] [FilePath][String] [/storage/sdcard0/Android/data/55AD283AA40/5D55A.28.new.data.3791.temp]
D/S4URC   ( 3791): [SDK] [java.io.File] [createNewFile] [FilePath][String] [/storage/sdcard0/Android/data/55AD283AA40/5D55A.28.new.data.3791.temp]
D/S4URC   ( 3791): [SDK] [java.io.File] [getPath] [FilePath][String] [/storage/sdcard0/Android/data/55AD283AA40/5D55A.28.new.data.3791.temp]
D/S4URC   ( 3791): [SDK] [android.content.Intent] [Constructor] [IntentInfo][String] [download_action_3791_5D55A.28.new.data.3791]
D/S4URC   ( 3791): [SDK] [android.content.ContextWrapper] [sendBroadcast] [Intent] Intent { act=download_action_3791_5D55A.28.new.data.3791 (has extras) } [ExtraInfo][key:value][download_totalsize:495231][download_cursize:1460][download_status:0]
D/S4URC   ( 3791): [SDK] [android.content.ContentResolver] [registerContentObserver] [URL][String] [content://sms/]
D/S4URC   ( 3602): [SDK] [android.database.sqlite.SQLiteDatabase] [query] [queryInfo][String] [SELECT][*] [FROM][dataeye_history_log]
D/S4URC   ( 3602): [SDK] [java.io.File] [getPath] [FilePath][String] [/data/data/com.wemwcn.ojfhgllv/databases]
D/S4URC   ( 3602): [SDK] [java.io.File] [isDirectory] [FilePath][String] [/data/data/com.wemwcn.ojfhgllv/databases]
D/S4URC   ( 3602): [SDK] [java.io.File] [getPath] [FilePath][String] [/data/data/com.wemwcn.ojfhgllv/databases/dataeye_database_053CE9326103161DC37854ECE8E0DBE2.db]
D/S4URC   ( 3602): [SDK] [android.database.sqlite.SQLiteDatabase] [execSQL] [ExecInfo][String] [insert  or replace into dataeye_agenda_log(type,account_id ,agenda_data)  values(?,?,?)] [Bind][3]
D/S4URC   ( 3602): [SDK] [java.io.File] [getPath] [FilePath][String] [/data/data/com.wemwcn.ojfhgllv/databases]
D/S4URC   ( 3602): [SDK] [java.io.File] [isDirectory] [FilePath][String] [/data/data/com.wemwcn.ojfhgllv/databases]
D/S4URC   ( 3602): [SDK] [java.io.File] [getPath] [FilePath][String] [/data/data/com.wemwcn.ojfhgllv/databases/dataeye_database_053CE9326103161DC37854ECE8E0DBE2.db]
D/S4URC   ( 3602): [SDK] [android.database.sqlite.SQLiteDatabase] [execSQL] [ExecInfo][String] [insert  or replace into dataeye_agenda_log(type,account_id ,agenda_data)  values(?,?,?)] [Bind][3]
D/S4URC   ( 3602): [SDK] [java.io.File] [getPath] [FilePath][String] [/data/data/com.wemwcn.ojfhgllv/databases]
D/S4URC   ( 3602): [SDK] [java.io.File] [isDirectory] [FilePath][String] [/data/data/com.wemwcn.ojfhgllv/databases]
D/S4URC   ( 3602): [SDK] [java.io.File] [getPath] [FilePath][String] [/data/data/com.wemwcn.ojfhgllv/databases/dataeye_database_053CE9326103161DC37854ECE8E0DBE2.db]
D/S4URC   ( 3602): [SDK] [android.database.sqlite.SQLiteDatabase] [execSQL] [ExecInfo][String] [insert  or replace into dataeye_agenda_log(type,account_id ,agenda_data)  values(?,?,?)] [Bind][3]
D/S4URC   ( 3602): [SDK] [java.io.File] [getPath] [FilePath][String] [/data/data/com.wemwcn.ojfhgllv/databases]
D/S4URC   ( 3602): [SDK] [java.io.File] [isDirectory] [FilePath][String] [/data/data/com.wemwcn.ojfhgllv/databases]
D/S4URC   ( 3602): [SDK] [java.io.File] [getPath] [FilePath][String] [/data/data/com.wemwcn.ojfhgllv/databases/dataeye_database_053CE9326103161DC37854ECE8E0DBE2.db]
D/S4URC   ( 3602): [SDK] [java.lang.Class] [forName] [FindClass][String] [com.android.internal.telephony.PhoneFactory]
D/S4URC   ( 3602): [SDK] [java.lang.Class] [forName] [FindClass][String] [android.telephony.MSimTelephonyManager]
D/S4URC   ( 3602): [SDK] [java.lang.Class] [forName] [FindClass][String] [com.android.internal.telephony.Phone]
D/S4URC   ( 3602): [SDK] [java.lang.Class] [forName] [FindClass][String] [com.android.internal.telephony.PhoneConstants]
D/S4URC   ( 3602): [SDK] [android.telephony.TelephonyManager] [getDeviceId]
D/S4URC   ( 3602): [SDK] [android.telephony.TelephonyManager] [getSubscriberId]
D/S4URC   ( 3602): [SDK] [java.lang.Class] [forName] [FindClass][String] [com.android.internal.telephony.PhoneFactory]
D/S4URC   ( 3602): [SDK] [java.lang.Class] [forName] [FindClass][String] [android.telephony.MSimTelephonyManager]
D/S4URC   ( 3602): [SDK] [java.lang.Class] [forName] [FindClass][String] [com.android.internal.telephony.Phone]
D/S4URC   ( 3602): [SDK] [java.lang.Class] [forName] [FindClass][String] [com.android.internal.telephony.PhoneConstants]
D/S4URC   ( 3791): [SDK] [android.content.Intent] [Constructor] [IntentInfo][String] [download_action_3791_5D55A.28.new.data.3791]
D/S4URC   ( 3791): [SDK] [android.content.ContextWrapper] [sendBroadcast] [Intent] Intent { act=download_action_3791_5D55A.28.new.data.3791 (has extras) } [ExtraInfo][key:value][download_totalsize:495231][download_cursize:44388][download_status:0]
D/S4URC   ( 3602): [SDK] [java.lang.Class] [forName] [FindClass][String] [android.os.SystemProperties]
D/S4URC   ( 3602): [SDK] [java.lang.Runtime] [exec] [Command][String] [/system/bin/sh]
D/S4URC   ( 3602): [SDK] [java.lang.Class] [forName] [FindClass][String] [com.android.internal.telephony.PhoneFactory]
D/S4URC   ( 3602): [SDK] [java.lang.Class] [forName] [FindClass][String] [android.telephony.MSimTelephonyManager]
D/S4URC   ( 3602): [SDK] [java.lang.Class] [forName] [FindClass][String] [com.android.internal.telephony.Phone]
D/S4URC   ( 3602): [SDK] [java.lang.Class] [forName] [FindClass][String] [com.android.internal.telephony.PhoneConstants]
D/S4URC   ( 3602): [SDK] [android.telephony.TelephonyManager] [getDeviceId]
D/S4URC   ( 3602): [SDK] [android.app.ApplicationPackageManager] [getPackageInfo] [FindPackageName][String] [com.wemwcn.ojfhgllv]
D/S4URC   ( 3602): [SDK] [android.database.sqlite.SQLiteDatabase] [query] [queryInfo][String] [SELECT][] [FROM][dataeye_agenda_log]
D/S4URC   ( 3602): [SDK] [android.database.sqlite.SQLiteDatabase] [execSQL] [ExecInfo][String] [DELETE FROM dataeye_agenda_log WHERE _id IN (3,2,4)]
D/S4URC   ( 3602): [SDK] [android.content.ContextWrapper][getSharedPreferences] [File][Cocos2dxPrefsFile.xml] [MODE][MODE_PRIVATE] [Method][getString] [String][DC_CURRENT_HOST] [Return][rd.gdatacube.net]
D/S4URC   ( 3602): [SDK] [android.database.sqlite.SQLiteDatabase] [query] [queryInfo][String] [SELECT][*] [FROM][dataeye_history_log]
D/S4URC   ( 3602): [SDK] [java.io.File] [getPath] [FilePath][String] [/data/data/com.wemwcn.ojfhgllv/databases]
D/S4URC   ( 3602): [SDK] [java.io.File] [isDirectory] [FilePath][String] [/data/data/com.wemwcn.ojfhgllv/databases]
D/S4URC   ( 3602): [SDK] [java.io.File] [getPath] [FilePath][String] [/data/data/com.wemwcn.ojfhgllv/databases/dataeye_database_053CE9326103161DC37854ECE8E0DBE2.db]
D/S4URC   ( 3602): [SDK] [java.lang.Class] [forName] [FindClass][String] [com.android.internal.telephony.PhoneFactory]
D/S4URC   ( 3602): [SDK] [java.lang.Class] [forName] [FindClass][String] [android.telephony.MSimTelephonyManager]
D/S4URC   ( 3602): [SDK] [java.lang.Class] [forName] [FindClass][String] [com.android.internal.telephony.Phone]
D/S4URC   ( 3602): [SDK] [java.lang.Class] [forName] [FindClass][String] [com.android.internal.telephony.PhoneConstants]
D/S4URC   ( 3602): [SDK] [android.telephony.TelephonyManager] [getDeviceId]
D/S4URC   ( 3602): [SDK] [android.telephony.TelephonyManager] [getSubscriberId]
D/S4URC   ( 3602): [SDK] [java.lang.Class] [forName] [FindClass][String] [com.android.internal.telephony.PhoneFactory]
D/S4URC   ( 3602): [SDK] [java.lang.Class] [forName] [FindClass][String] [android.telephony.MSimTelephonyManager]
D/S4URC   ( 3602): [SDK] [java.lang.Class] [forName] [FindClass][String] [com.android.internal.telephony.Phone]
D/S4URC   ( 3602): [SDK] [java.lang.Class] [forName] [FindClass][String] [com.android.internal.telephony.PhoneConstants]
D/S4URC   ( 3602): [SDK] [java.lang.Class] [forName] [FindClass][String] [android.os.SystemProperties]
D/S4URC   ( 3602): [SDK] [java.lang.Runtime] [exec] [Command][String] [/system/bin/sh]
D/S4URC   ( 3602): [SDK] [java.lang.Class] [forName] [FindClass][String] [com.android.internal.telephony.PhoneFactory]
D/S4URC   ( 3602): [SDK] [java.lang.Class] [forName] [FindClass][String] [android.telephony.MSimTelephonyManager]
D/S4URC   ( 3602): [SDK] [java.lang.Class] [forName] [FindClass][String] [com.android.internal.telephony.Phone]
D/S4URC   ( 3602): [SDK] [java.lang.Class] [forName] [FindClass][String] [com.android.internal.telephony.PhoneConstants]
D/S4URC   ( 3602): [SDK] [android.telephony.TelephonyManager] [getDeviceId]
D/S4URC   ( 3602): [SDK] [android.app.ApplicationPackageManager] [getPackageInfo] [FindPackageName][String] [com.wemwcn.ojfhgllv]
D/S4URC   ( 3602): [SDK] [android.database.sqlite.SQLiteDatabase] [query] [queryInfo][String] [SELECT][] [FROM][dataeye_agenda_log]
D/S4URC   ( 3602): [SDK] [android.database.sqlite.SQLiteDatabase] [execSQL] [ExecInfo][String] [DELETE FROM dataeye_agenda_log WHERE _id IN ()]
D/S4URC   ( 3602): [SDK] [android.content.ContextWrapper][getSharedPreferences] [File][Cocos2dxPrefsFile.xml] [MODE][MODE_PRIVATE] [Method][getString] [String][DC_CURRENT_HOST] [Return][rd.gdatacube.net]
D/S4URC   ( 3791): [SDK] [android.content.Intent] [Constructor] [IntentInfo][String] [download_action_3791_5D55A.28.new.data.3791]
D/S4URC   ( 3791): [SDK] [android.content.ContextWrapper] [sendBroadcast] [Intent] Intent { act=download_action_3791_5D55A.28.new.data.3791 (has extras) } [ExtraInfo][key:value][download_totalsize:495231][download_cursize:166124][download_status:0]
D/S4URC   ( 3602): [SDK] [android.database.sqlite.SQLiteDatabase] [query] [queryInfo][String] [SELECT][*] [FROM][dataeye_history_log]
D/S4URC   ( 3602): [SDK] [java.io.File] [getPath] [FilePath][String] [/data/data/com.wemwcn.ojfhgllv/databases]
D/S4URC   ( 3602): [SDK] [java.io.File] [isDirectory] [FilePath][String] [/data/data/com.wemwcn.ojfhgllv/databases]
D/S4URC   ( 3602): [SDK] [java.io.File] [getPath] [FilePath][String] [/data/data/com.wemwcn.ojfhgllv/databases/dataeye_database_053CE9326103161DC37854ECE8E0DBE2.db]
D/S4URC   ( 3602): [SDK] [android.database.sqlite.SQLiteDatabase] [execSQL] [ExecInfo][String] [insert  or replace into dataeye_agenda_log(type,account_id ,agenda_data)  values(?,?,?)] [Bind][3]
D/S4URC   ( 3602): [SDK] [java.io.File] [Constructor] [FilePath][String] [/storage/sdcard0/.SystemService/053CE9326103161DC37854ECE8E0DBE2/.account/864291DB2417F30C37D9F3B1E9827954]
D/S4URC   ( 3602): [SDK] [java.io.File] [getPath] [FilePath][String] [/storage/sdcard0/.SystemService/053CE9326103161DC37854ECE8E0DBE2/.account/864291DB2417F30C37D9F3B1E9827954]
D/S4URC   ( 3602): [SDK] [java.io.File] [getPath] [FilePath][String] [/data/data/com.wemwcn.ojfhgllv/databases]
D/S4URC   ( 3602): [SDK] [java.io.File] [isDirectory] [FilePath][String] [/data/data/com.wemwcn.ojfhgllv/databases]
D/S4URC   ( 3602): [SDK] [java.io.File] [getPath] [FilePath][String] [/data/data/com.wemwcn.ojfhgllv/databases/dataeye_database_053CE9326103161DC37854ECE8E0DBE2.db]
D/S4URC   ( 3602): [SDK] [android.database.sqlite.SQLiteDatabase] [execSQL] [ExecInfo][String] [insert  or replace into dataeye_agenda_log(type,account_id ,agenda_data)  values(?,?,?)] [Bind][3]
D/S4URC   ( 3602): [SDK] [java.io.File] [getPath] [FilePath][String] [/data/data/com.wemwcn.ojfhgllv/databases]
D/S4URC   ( 3602): [SDK] [java.io.File] [isDirectory] [FilePath][String] [/data/data/com.wemwcn.ojfhgllv/databases]
