D/S4URC   ( 3514): [NDK] [SYSCALL] [stat] [PATH][string] [/data/data/com.c101433227688TLkhLSDKdd34/shared_prefs/qq.xml]
D/S4URC   ( 3514): [SDK] [android.content.ContextWrapper][getSharedPreferences] [File][qq.xml] [MODE][MODE_PRIVATE]
D/S4URC   ( 3514): [SDK] [android.content.ContextWrapper][getSharedPreferences] [File][qq.xml] [MODE][MODE_PRIVATE] [Method][getInt] [Int][plat_ulc] [Return][0]
D/S4URC   ( 3514): [SDK] [java.io.File] [getPath] [FilePath][String] [/data/data/com.c101433227688TLkhLSDKdd34/shared_prefs/qq.xml]
D/S4URC   ( 3514): [NDK] [SYSCALL] [stat] [PATH][string] [/data/data/com.c101433227688TLkhLSDKdd34/shared_prefs/qq.xml]
D/S4URC   ( 3514): [SDK] [android.content.ContextWrapper][getSharedPreferences] [File][qq.xml] [MODE][MODE_PRIVATE]
D/S4URC   ( 3514): [SDK] [android.content.ContextWrapper][getSharedPreferences] [File][qq.xml] [MODE][MODE_PRIVATE] [Method][getInt] [Int][plat_unc] [Return][2]
D/S4URC   ( 3514): [SDK] [java.io.File] [getPath] [FilePath][String] [/data/data/com.c101433227688TLkhLSDKdd34/shared_prefs/qq.xml]
D/S4URC   ( 3514): [NDK] [SYSCALL] [stat] [PATH][string] [/data/data/com.c101433227688TLkhLSDKdd34/shared_prefs/qq.xml]
D/S4URC   ( 3514): [SDK] [android.content.ContextWrapper][getSharedPreferences] [File][qq.xml] [MODE][MODE_PRIVATE]
D/S4URC   ( 3514): [SDK] [android.content.ContextWrapper][getSharedPreferences] [File][qq.xml] [MODE][MODE_PRIVATE] [Method][putInt] [Key][plat_unc] [Value][3]
D/S4URC   ( 3514): [SDK] [java.io.File] [exists] [FilePath][String] [/data/data/com.c101433227688TLkhLSDKdd34/shared_prefs/qq.xml]
D/S4URC   ( 3514): [NDK] [SYSCALL] [access] [PATH][string] [/data/data/com.c101433227688TLkhLSDKdd34/shared_prefs/qq.xml]
D/S4URC   ( 3514): [SDK] [java.io.File] [exists] [FilePath][String] [/data/data/com.c101433227688TLkhLSDKdd34/shared_prefs/qq.xml.bak]
D/S4URC   ( 3514): [NDK] [SYSCALL] [access] [PATH][string] [/data/data/com.c101433227688TLkhLSDKdd34/shared_prefs/qq.xml.bak]
D/S4URC   ( 3514): [SDK] [java.io.File] [renameTo] [FilePath][String] [/data/data/com.c101433227688TLkhLSDKdd34/shared_prefs/qq.xml] [DesFile][/data/data/com.c101433227688TLkhLSDKdd34/shared_prefs/qq.xml.bak]
D/S4URC   ( 3514): [NDK] [SYSCALL] [rename] [ORIG_PATH][string] [/data/data/com.c101433227688TLkhLSDKdd34/shared_prefs/qq.xml] [NEW_PATH][string] [/data/data/com.c101433227688TLkhLSDKdd34/shared_prefs/qq.xml.bak]
D/S4URC   ( 3514): [SDK] [java.io.File] [getPath] [FilePath][String] [/data/data/com.c101433227688TLkhLSDKdd34/shared_prefs/qq.xml]
D/S4URC   ( 3514): [NDK] [SYSCALL] [open] [PATH][string] [/data/data/com.c101433227688TLkhLSDKdd34/shared_prefs/qq.xml] [RETURN][int] [28]
D/S4URC   ( 3514): [SDK] [java.io.File] [getPath] [FilePath][String] [/data/data/com.c101433227688TLkhLSDKdd34/shared_prefs/qq.xml]
D/S4URC   ( 3514): [NDK] [SYSCALL] [chmod] [PATH][string] [/data/data/com.c101433227688TLkhLSDKdd34/shared_prefs/qq.xml] [MODE][int] [0660]
D/S4URC   ( 3514): [SDK] [java.io.File] [getPath] [FilePath][String] [/data/data/com.c101433227688TLkhLSDKdd34/shared_prefs/qq.xml]
D/S4URC   ( 3514): [NDK] [SYSCALL] [stat] [PATH][string] [/data/data/com.c101433227688TLkhLSDKdd34/shared_prefs/qq.xml]
D/S4URC   ( 3514): [SDK] [java.io.File] [delete] [FilePath][String] [/data/data/com.c101433227688TLkhLSDKdd34/shared_prefs/qq.xml.bak]
D/S4URC   ( 3514): [NDK] [SYSCALL] [lstat] [PATH][string] [/data/data/com.c101433227688TLkhLSDKdd34/shared_prefs/qq.xml.bak]
D/S4URC   ( 3514): [NDK] [SYSCALL] [unlink] [PATH][string] [/data/data/com.c101433227688TLkhLSDKdd34/shared_prefs/qq.xml.bak]
D/S4URC   ( 3514): [SDK] [android.content.ContextWrapper][getSharedPreferences] [File][qq.xml] [MODE][MODE_PRIVATE] [Method][commit]
D/S4URC   ( 3778): [SDK] [java.io.File] [getPath] [FilePath][String] [/data/data/com.c101433227688TLkhLSDKdd34/shared_prefs/data.xml]
D/S4URC   ( 3778): [SDK] [android.content.ContextWrapper][getSharedPreferences] [File][data.xml] [MODE][MODE_PRIVATE]
D/S4URC   ( 3778): [SDK] [android.content.ContextWrapper][getSharedPreferences] [File][data.xml] [MODE][MODE_PRIVATE] [Method][getString] [String][AM_KEY] [Return][bb446da8-db85-404d-9c42-1c9c57d018d5]
D/S4URC   ( 3778): [SDK] [java.io.File] [getPath] [FilePath][String] [/data/data/com.c101433227688TLkhLSDKdd34/shared_prefs/data.xml]
D/S4URC   ( 3778): [SDK] [android.content.ContextWrapper][getSharedPreferences] [File][data.xml] [MODE][MODE_PRIVATE]
D/S4URC   ( 3778): [SDK] [android.content.ContextWrapper][getSharedPreferences] [File][data.xml] [MODE][MODE_PRIVATE] [Method][getString] [String][packName] [Return][com.android.bigpafthagt]
D/S4URC   ( 3778): [SDK] [java.io.File] [getPath] [FilePath][String] [/data/data/com.c101433227688TLkhLSDKdd34/shared_prefs/data.xml]
D/S4URC   ( 3778): [SDK] [android.content.ContextWrapper][getSharedPreferences] [File][data.xml] [MODE][MODE_PRIVATE]
D/S4URC   ( 3778): [SDK] [android.content.ContextWrapper][getSharedPreferences] [File][data.xml] [MODE][MODE_PRIVATE] [Method][putString] [Key][AM_KEY] [Value][bb446da8-db85-404d-9c42-1c9c57d018d5]
D/S4URC   ( 3778): [SDK] [java.io.File] [exists] [FilePath][String] [/data/data/com.c101433227688TLkhLSDKdd34/shared_prefs/data.xml]
D/S4URC   ( 3778): [SDK] [android.content.ContextWrapper][getSharedPreferences] [File][data.xml] [MODE][MODE_PRIVATE] [Method][commit]
D/S4URC   ( 3778): [SDK] [java.io.File] [getPath] [FilePath][String] [/data/data/com.c101433227688TLkhLSDKdd34/shared_prefs/data.xml]
D/S4URC   ( 3778): [SDK] [android.content.ContextWrapper][getSharedPreferences] [File][data.xml] [MODE][MODE_PRIVATE]
D/S4URC   ( 3778): [SDK] [android.content.ContextWrapper][getSharedPreferences] [File][data.xml] [MODE][MODE_PRIVATE] [Method][putString] [Key][packName] [Value][com.android.bigpafthagt]
D/S4URC   ( 3778): [SDK] [java.io.File] [exists] [FilePath][String] [/data/data/com.c101433227688TLkhLSDKdd34/shared_prefs/data.xml]
D/S4URC   ( 3778): [SDK] [android.content.ContextWrapper][getSharedPreferences] [File][data.xml] [MODE][MODE_PRIVATE] [Method][commit]
D/S4URC   ( 3778): [SDK] [android.app.ApplicationPackageManager] [getInstalledPackages]
D/S4URC   ( 3778): [SDK] [java.io.File] [getPath] [FilePath][String] [/storage/sdcard0]
D/S4URC   ( 3778): [SDK] [java.io.File] [getPath] [FilePath][String] [/storage/sdcard1]
D/S4URC   ( 3778): [SDK] [java.io.File] [getPath] [FilePath][String] [/storage/usb2host]
D/S4URC   ( 3778): [SDK] [java.io.File] [getPath] [FilePath][String] [/storage/usb3device]
D/S4URC   ( 3778): [SDK] [java.io.File] [getPath] [FilePath][String] [/storage/usb3host]
D/S4URC   ( 3778): [SDK] [java.io.File] [getPath] [FilePath][String] [/storage/sdcard0/Download]
D/S4URC   ( 3778): [SDK] [java.io.File] [Constructor] [FilePath][String] [/storage/sdcard0/Download/P.apk]
D/S4URC   ( 3778): [SDK] [java.io.File] [exists] [FilePath][String] [/storage/sdcard0/Download/P.apk]
D/S4URC   ( 3778): [SDK] [java.io.File] [getPath] [FilePath][String] [/storage/sdcard0]
D/S4URC   ( 3778): [SDK] [java.io.File] [getPath] [FilePath][String] [/storage/sdcard1]
D/S4URC   ( 3778): [SDK] [java.io.File] [getPath] [FilePath][String] [/storage/usb2host]
D/S4URC   ( 3778): [SDK] [java.io.File] [getPath] [FilePath][String] [/storage/usb3device]
D/S4URC   ( 3778): [SDK] [java.io.File] [getPath] [FilePath][String] [/storage/usb3host]
D/S4URC   ( 3778): [SDK] [java.io.File] [getPath] [FilePath][String] [/storage/sdcard0/Download]
D/S4URC   ( 3778): [SDK] [java.io.File] [Constructor] [FilePath][String] [/storage/sdcard0/Download/P.apk]
D/S4URC   ( 3778): [SDK] [java.io.File] [exists] [FilePath][String] [/storage/sdcard0/Download/P.apk]
D/S4URC   ( 3778): [SDK] [java.io.File] [Constructor] [FilePath][String] [/storage/sdcard0/Download/P.apk]
D/S4URC   ( 3778): [SDK] [java.io.File] [exists] [FilePath][String] [/storage/sdcard0/Download/P.apk]
D/S4URC   ( 3778): [SDK] [java.io.File] [delete] [FilePath][String] [/storage/sdcard0/Download/P.apk]
D/S4URC   ( 3778): [SDK] [java.io.File] [createNewFile] [FilePath][String] [/storage/sdcard0/Download/P.apk]
D/S4URC   ( 3778): [SDK] [java.io.File] [getPath] [FilePath][String] [/storage/sdcard0/Download/P.apk]
D/S4URC   ( 3778): [SDK] [java.io.File] [Constructor] [FilePath][String] [/storage/sdcard0/Download/P.apk]
D/S4URC   ( 3778): [SDK] [java.io.File] [exists] [FilePath][String] [/storage/sdcard0/Download/P.apk]
D/S4URC   ( 3778): [SDK] [android.app.ActivityManager] [getRunningTasks]
D/S4URC   ( 3778): [SDK] [java.io.File] [getPath] [FilePath][String] [/data/data/com.c101433227688TLkhLSDKdd34/shared_prefs/data.xml]
D/S4URC   ( 3778): [SDK] [android.content.ContextWrapper][getSharedPreferences] [File][data.xml] [MODE][MODE_PRIVATE]
D/S4URC   ( 3778): [SDK] [android.content.ContextWrapper][getSharedPreferences] [File][data.xml] [MODE][MODE_PRIVATE] [Method][getBoolean] [Boolean][isStart] [Return][true]
D/S4URC   ( 3514): [SDK] [java.io.File] [Constructor] [FilePath][String] [/storage/sdcard0/Download/P.apk]
D/S4URC   ( 3514): [SDK] [java.io.File] [exists] [FilePath][String] [/storage/sdcard0/Download/P.apk]
D/S4URC   ( 3514): [NDK] [SYSCALL] [access] [PATH][string] [/storage/sdcard0/Download/P.apk]
D/S4URC   ( 3514): [SDK] [android.content.Intent] [Constructor] [IntentInfo][String] [android.intent.action.VIEW]
D/S4URC   ( 3514): [SDK] [java.io.File] [getPath] [FilePath][String] [/data/data/com.c101433227688TLkhLSDKdd34/shared_prefs/data.xml]
D/S4URC   ( 3514): [NDK] [SYSCALL] [stat] [PATH][string] [/data/data/com.c101433227688TLkhLSDKdd34/shared_prefs/data.xml]
D/S4URC   ( 3514): [SDK] [android.content.ContextWrapper][getSharedPreferences] [File][data.xml] [MODE][MODE_PRIVATE]
D/S4URC   ( 3514): [SDK] [java.io.File] [exists] [FilePath][String] [/data/data/com.c101433227688TLkhLSDKdd34/shared_prefs/data.xml.bak]
D/S4URC   ( 3514): [NDK] [SYSCALL] [access] [PATH][string] [/data/data/com.c101433227688TLkhLSDKdd34/shared_prefs/data.xml.bak]
D/S4URC   ( 3514): [SDK] [java.io.File] [exists] [FilePath][String] [/data/data/com.c101433227688TLkhLSDKdd34/shared_prefs/data.xml]
D/S4URC   ( 3514): [NDK] [SYSCALL] [access] [PATH][string] [/data/data/com.c101433227688TLkhLSDKdd34/shared_prefs/data.xml]
D/S4URC   ( 3514): [SDK] [java.io.File] [canRead] [FilePath][String] [/data/data/com.c101433227688TLkhLSDKdd34/shared_prefs/data.xml]
D/S4URC   ( 3514): [NDK] [SYSCALL] [access] [PATH][string] [/data/data/com.c101433227688TLkhLSDKdd34/shared_prefs/data.xml]
D/S4URC   ( 3514): [SDK] [java.io.File] [getPath] [FilePath][String] [/data/data/com.c101433227688TLkhLSDKdd34/shared_prefs/data.xml]
D/S4URC   ( 3514): [NDK] [SYSCALL] [stat] [PATH][string] [/data/data/com.c101433227688TLkhLSDKdd34/shared_prefs/data.xml]
D/S4URC   ( 3514): [SDK] [java.io.File] [canRead] [FilePath][String] [/data/data/com.c101433227688TLkhLSDKdd34/shared_prefs/data.xml]
D/S4URC   ( 3514): [NDK] [SYSCALL] [access] [PATH][string] [/data/data/com.c101433227688TLkhLSDKdd34/shared_prefs/data.xml]
D/S4URC   ( 3514): [SDK] [java.io.File] [getPath] [FilePath][String] [/data/data/com.c101433227688TLkhLSDKdd34/shared_prefs/data.xml]
D/S4URC   ( 3514): [NDK] [SYSCALL] [open] [PATH][string] [/data/data/com.c101433227688TLkhLSDKdd34/shared_prefs/data.xml] [RETURN][int] [28]
D/S4URC   ( 3514): [SDK] [android.content.ContextWrapper][getSharedPreferences] [File][data.xml] [MODE][MODE_PRIVATE] [Method][putBoolean] [Key][isStart] [Value][false]
D/S4URC   ( 3514): [SDK] [java.io.File] [exists] [FilePath][String] [/data/data/com.c101433227688TLkhLSDKdd34/shared_prefs/data.xml]
D/S4URC   ( 3514): [NDK] [SYSCALL] [access] [PATH][string] [/data/data/com.c101433227688TLkhLSDKdd34/shared_prefs/data.xml]
D/S4URC   ( 3514): [SDK] [java.io.File] [exists] [FilePath][String] [/data/data/com.c101433227688TLkhLSDKdd34/shared_prefs/data.xml.bak]
D/S4URC   ( 3514): [NDK] [SYSCALL] [access] [PATH][string] [/data/data/com.c101433227688TLkhLSDKdd34/shared_prefs/data.xml.bak]
D/S4URC   ( 3514): [SDK] [java.io.File] [renameTo] [FilePath][String] [/data/data/com.c101433227688TLkhLSDKdd34/shared_prefs/data.xml] [DesFile][/data/data/com.c101433227688TLkhLSDKdd34/shared_prefs/data.xml.bak]
D/S4URC   ( 3514): [NDK] [SYSCALL] [rename] [ORIG_PATH][string] [/data/data/com.c101433227688TLkhLSDKdd34/shared_prefs/data.xml] [NEW_PATH][string] [/data/data/com.c101433227688TLkhLSDKdd34/shared_prefs/data.xml.bak]
D/S4URC   ( 3514): [SDK] [java.io.File] [getPath] [FilePath][String] [/data/data/com.c101433227688TLkhLSDKdd34/shared_prefs/data.xml]
D/S4URC   ( 3514): [NDK] [SYSCALL] [open] [PATH][string] [/data/data/com.c101433227688TLkhLSDKdd34/shared_prefs/data.xml] [RETURN][int] [28]
D/S4URC   ( 3514): [SDK] [java.io.File] [getPath] [FilePath][String] [/data/data/com.c101433227688TLkhLSDKdd34/shared_prefs/data.xml]
D/S4URC   ( 3514): [NDK] [SYSCALL] [chmod] [PATH][string] [/data/data/com.c101433227688TLkhLSDKdd34/shared_prefs/data.xml] [MODE][int] [0660]
D/S4URC   ( 3514): [SDK] [java.io.File] [getPath] [FilePath][String] [/data/data/com.c101433227688TLkhLSDKdd34/shared_prefs/data.xml]
D/S4URC   ( 3514): [NDK] [SYSCALL] [stat] [PATH][string] [/data/data/com.c101433227688TLkhLSDKdd34/shared_prefs/data.xml]
D/S4URC   ( 3514): [SDK] [java.io.File] [delete] [FilePath][String] [/data/data/com.c101433227688TLkhLSDKdd34/shared_prefs/data.xml.bak]
D/S4URC   ( 3514): [NDK] [SYSCALL] [lstat] [PATH][string] [/data/data/com.c101433227688TLkhLSDKdd34/shared_prefs/data.xml.bak]
D/S4URC   ( 3514): [NDK] [SYSCALL] [unlink] [PATH][string] [/data/data/com.c101433227688TLkhLSDKdd34/shared_prefs/data.xml.bak]
D/S4URC   ( 3514): [SDK] [android.content.ContextWrapper][getSharedPreferences] [File][data.xml] [MODE][MODE_PRIVATE] [Method][commit]
D/S4URC   ( 3514): [SDK] [java.io.File] [getPath] [FilePath][String] [/data/data/com.c101433227688TLkhLSDKdd34/shared_prefs/data.xml]
D/S4URC   ( 3514): [NDK] [SYSCALL] [stat] [PATH][string] [/data/data/com.c101433227688TLkhLSDKdd34/shared_prefs/data.xml]
D/S4URC   ( 3514): [SDK] [android.content.ContextWrapper][getSharedPreferences] [File][data.xml] [MODE][MODE_PRIVATE]
D/S4URC   ( 3514): [SDK] [android.content.ContextWrapper][getSharedPreferences] [File][data.xml] [MODE][MODE_PRIVATE] [Method][putBoolean] [Key][isStart] [Value][false]
D/S4URC   ( 3514): [SDK] [java.io.File] [exists] [FilePath][String] [/data/data/com.c101433227688TLkhLSDKdd34/shared_prefs/data.xml]
D/S4URC   ( 3514): [NDK] [SYSCALL] [access] [PATH][string] [/data/data/com.c101433227688TLkhLSDKdd34/shared_prefs/data.xml]
D/S4URC   ( 3514): [SDK] [android.content.ContextWrapper][getSharedPreferences] [File][data.xml] [MODE][MODE_PRIVATE] [Method][commit]
D/S4URC   ( 3778): [SDK] [java.io.File] [getPath] [FilePath][String] [/data/data/com.c101433227688TLkhLSDKdd34/shared_prefs/data.xml]
D/S4URC   ( 3778): [SDK] [android.content.ContextWrapper][getSharedPreferences] [File][data.xml] [MODE][MODE_PRIVATE]
D/S4URC   ( 3778): [SDK] [java.io.File] [exists] [FilePath][String] [/data/data/com.c101433227688TLkhLSDKdd34/shared_prefs/data.xml.bak]
D/S4URC   ( 3778): [SDK] [java.io.File] [exists] [FilePath][String] [/data/data/com.c101433227688TLkhLSDKdd34/shared_prefs/data.xml]
D/S4URC   ( 3778): [SDK] [java.io.File] [canRead] [FilePath][String] [/data/data/com.c101433227688TLkhLSDKdd34/shared_prefs/data.xml]
D/S4URC   ( 3778): [SDK] [java.io.File] [getPath] [FilePath][String] [/data/data/com.c101433227688TLkhLSDKdd34/shared_prefs/data.xml]
D/S4URC   ( 3778): [SDK] [java.io.File] [canRead] [FilePath][String] [/data/data/com.c101433227688TLkhLSDKdd34/shared_prefs/data.xml]
D/S4URC   ( 3778): [SDK] [java.io.File] [getPath] [FilePath][String] [/data/data/com.c101433227688TLkhLSDKdd34/shared_prefs/data.xml]
D/S4URC   ( 3778): [SDK] [android.content.ContextWrapper][getSharedPreferences] [File][data.xml] [MODE][MODE_PRIVATE] [Method][getString] [String][AM_KEY] [Return][bb446da8-db85-404d-9c42-1c9c57d018d5]
D/S4URC   ( 3778): [SDK] [java.io.File] [getPath] [FilePath][String] [/data/data/com.c101433227688TLkhLSDKdd34/shared_prefs/data.xml]
D/S4URC   ( 3778): [SDK] [android.content.ContextWrapper][getSharedPreferences] [File][data.xml] [MODE][MODE_PRIVATE]
D/S4URC   ( 3778): [SDK] [android.content.ContextWrapper][getSharedPreferences] [File][data.xml] [MODE][MODE_PRIVATE] [Method][getString] [String][packName] [Return][com.android.bigpafthagt]
D/S4URC   ( 3778): [SDK] [java.io.File] [getPath] [FilePath][String] [/data/data/com.c101433227688TLkhLSDKdd34/shared_prefs/data.xml]
D/S4URC   ( 3778): [SDK] [android.content.ContextWrapper][getSharedPreferences] [File][data.xml] [MODE][MODE_PRIVATE]
D/S4URC   ( 3778): [SDK] [android.content.ContextWrapper][getSharedPreferences] [File][data.xml] [MODE][MODE_PRIVATE] [Method][putString] [Key][AM_KEY] [Value][bb446da8-db85-404d-9c42-1c9c57d018d5]
D/S4URC   ( 3778): [SDK] [java.io.File] [exists] [FilePath][String] [/data/data/com.c101433227688TLkhLSDKdd34/shared_prefs/data.xml]
D/S4URC   ( 3778): [SDK] [android.content.ContextWrapper][getSharedPreferences] [File][data.xml] [MODE][MODE_PRIVATE] [Method][commit]
D/S4URC   ( 3778): [SDK] [java.io.File] [getPath] [FilePath][String] [/data/data/com.c101433227688TLkhLSDKdd34/shared_prefs/data.xml]
D/S4URC   ( 3778): [SDK] [android.content.ContextWrapper][getSharedPreferences] [File][data.xml] [MODE][MODE_PRIVATE]
D/S4URC   ( 3778): [SDK] [android.content.ContextWrapper][getSharedPreferences] [File][data.xml] [MODE][MODE_PRIVATE] [Method][putString] [Key][packName] [Value][com.android.bigpafthagt]
D/S4URC   ( 3778): [SDK] [java.io.File] [exists] [FilePath][String] [/data/data/com.c101433227688TLkhLSDKdd34/shared_prefs/data.xml]
D/S4URC   ( 3778): [SDK] [android.content.ContextWrapper][getSharedPreferences] [File][data.xml] [MODE][MODE_PRIVATE] [Method][commit]
D/S4URC   ( 3778): [SDK] [android.app.ApplicationPackageManager] [getInstalledPackages]
D/S4URC   ( 3778): [SDK] [java.io.File] [getPath] [FilePath][String] [/storage/sdcard0]
D/S4URC   ( 3778): [SDK] [java.io.File] [getPath] [FilePath][String] [/storage/sdcard1]
D/S4URC   ( 3778): [SDK] [java.io.File] [getPath] [FilePath][String] [/storage/usb2host]
D/S4URC   ( 3778): [SDK] [java.io.File] [getPath] [FilePath][String] [/storage/usb3device]
D/S4URC   ( 3778): [SDK] [java.io.File] [getPath] [FilePath][String] [/storage/usb3host]
D/S4URC   ( 3778): [SDK] [java.io.File] [getPath] [FilePath][String] [/storage/sdcard0/Download]
D/S4URC   ( 3778): [SDK] [java.io.File] [Constructor] [FilePath][String] [/storage/sdcard0/Download/P.apk]
D/S4URC   ( 3778): [SDK] [java.io.File] [exists] [FilePath][String] [/storage/sdcard0/Download/P.apk]
D/S4URC   ( 3778): [SDK] [java.io.File] [getPath] [FilePath][String] [/storage/sdcard0]
D/S4URC   ( 3778): [SDK] [java.io.File] [getPath] [FilePath][String] [/storage/sdcard1]
D/S4URC   ( 3778): [SDK] [java.io.File] [getPath] [FilePath][String] [/storage/usb2host]
D/S4URC   ( 3778): [SDK] [java.io.File] [getPath] [FilePath][String] [/storage/usb3device]
D/S4URC   ( 3778): [SDK] [java.io.File] [getPath] [FilePath][String] [/storage/usb3host]
D/S4URC   ( 3778): [SDK] [java.io.File] [getPath] [FilePath][String] [/storage/sdcard0/Download]
D/S4URC   ( 3778): [SDK] [java.io.File] [Constructor] [FilePath][String] [/storage/sdcard0/Download/P.apk]
D/S4URC   ( 3778): [SDK] [java.io.File] [exists] [FilePath][String] [/storage/sdcard0/Download/P.apk]
D/S4URC   ( 3778): [SDK] [java.io.File] [Constructor] [FilePath][String] [/storage/sdcard0/Download/P.apk]
D/S4URC   ( 3778): [SDK] [java.io.File] [exists] [FilePath][String] [/storage/sdcard0/Download/P.apk]
D/S4URC   ( 3778): [SDK] [java.io.File] [delete] [FilePath][String] [/storage/sdcard0/Download/P.apk]
D/S4URC   ( 3778): [SDK] [java.io.File] [createNewFile] [FilePath][String] [/storage/sdcard0/Download/P.apk]
D/S4URC   ( 3778): [SDK] [java.io.File] [getPath] [FilePath][String] [/storage/sdcard0/Download/P.apk]
D/S4URC   ( 3778): [SDK] [java.io.File] [Constructor] [FilePath][String] [/storage/sdcard0/Download/P.apk]
D/S4URC   ( 3778): [SDK] [java.io.File] [exists] [FilePath][String] [/storage/sdcard0/Download/P.apk]
D/S4URC   ( 3778): [SDK] [android.app.ActivityManager] [getRunningTasks]
D/S4URC   ( 3778): [SDK] [java.io.File] [getPath] [FilePath][String] [/data/data/com.c101433227688TLkhLSDKdd34/shared_prefs/data.xml]
D/S4URC   ( 3778): [SDK] [android.content.ContextWrapper][getSharedPreferences] [File][data.xml] [MODE][MODE_PRIVATE]
D/S4URC   ( 3778): [SDK] [android.content.ContextWrapper][getSharedPreferences] [File][data.xml] [MODE][MODE_PRIVATE] [Method][getBoolean] [Boolean][isStart] [Return][false]
D/S4URC   ( 3778): [SDK] [java.io.File] [getPath] [FilePath][String] [/data/data/com.c101433227688TLkhLSDKdd34/shared_prefs/data.xml]
D/S4URC   ( 3778): [SDK] [android.content.ContextWrapper][getSharedPreferences] [File][data.xml] [MODE][MODE_PRIVATE]
D/S4URC   ( 3778): [SDK] [android.content.ContextWrapper][getSharedPreferences] [File][data.xml] [MODE][MODE_PRIVATE] [Method][putBoolean] [Key][isStart] [Value][true]
D/S4URC   ( 3778): [SDK] [java.io.File] [exists] [FilePath][String] [/data/data/com.c101433227688TLkhLSDKdd34/shared_prefs/data.xml]
D/S4URC   ( 3778): [SDK] [java.io.File] [exists] [FilePath][String] [/data/data/com.c101433227688TLkhLSDKdd34/shared_prefs/data.xml.bak]
D/S4URC   ( 3778): [SDK] [java.io.File] [renameTo] [FilePath][String] [/data/data/com.c101433227688TLkhLSDKdd34/shared_prefs/data.xml] [DesFile][/data/data/com.c101433227688TLkhLSDKdd34/shared_prefs/data.xml.bak]
D/S4URC   ( 3778): [SDK] [java.io.File] [getPath] [FilePath][String] [/data/data/com.c101433227688TLkhLSDKdd34/shared_prefs/data.xml]
D/S4URC   ( 3514): [SDK] [android.app.Activity][onCrate] [Class][ComponentInfo{com.c101433227688TLkhLSDKdd34/com.mhamed.jicheng.DialogActivity}]
D/S4URC   ( 3514): [SDK] [java.io.File] [getPath] [FilePath][String] [/data/data/com.c101433227688TLkhLSDKdd34/shared_prefs/data.xml]
D/S4URC   ( 3514): [NDK] [SYSCALL] [stat] [PATH][string] [/data/data/com.c101433227688TLkhLSDKdd34/shared_prefs/data.xml]
D/S4URC   ( 3514): [SDK] [android.content.ContextWrapper][getSharedPreferences] [File][data.xml] [MODE][MODE_PRIVATE]
D/S4URC   ( 3514): [SDK] [java.io.File] [exists] [FilePath][String] [/data/data/com.c101433227688TLkhLSDKdd34/shared_prefs/data.xml.bak]
D/S4URC   ( 3514): [NDK] [SYSCALL] [access] [PATH][string] [/data/data/com.c101433227688TLkhLSDKdd34/shared_prefs/data.xml.bak]
D/S4URC   ( 3514): [SDK] [java.io.File] [delete] [FilePath][String] [/data/data/com.c101433227688TLkhLSDKdd34/shared_prefs/data.xml]
D/S4URC   ( 3514): [NDK] [SYSCALL] [lstat] [PATH][string] [/data/data/com.c101433227688TLkhLSDKdd34/shared_prefs/data.xml]
D/S4URC   ( 3514): [NDK] [SYSCALL] [unlink] [PATH][string] [/data/data/com.c101433227688TLkhLSDKdd34/shared_prefs/data.xml]
D/S4URC   ( 3514): [SDK] [java.io.File] [renameTo] [FilePath][String] [/data/data/com.c101433227688TLkhLSDKdd34/shared_prefs/data.xml.bak] [DesFile][/data/data/com.c101433227688TLkhLSDKdd34/shared_prefs/data.xml]
D/S4URC   ( 3514): [NDK] [SYSCALL] [rename] [ORIG_PATH][string] [/data/data/com.c101433227688TLkhLSDKdd34/shared_prefs/data.xml.bak] [NEW_PATH][string] [/data/data/com.c101433227688TLkhLSDKdd34/shared_prefs/data.xml]
D/S4URC   ( 3514): [SDK] [java.io.File] [exists] [FilePath][String] [/data/data/com.c101433227688TLkhLSDKdd34/shared_prefs/data.xml]
D/S4URC   ( 3514): [NDK] [SYSCALL] [access] [PATH][string] [/data/data/com.c101433227688TLkhLSDKdd34/shared_prefs/data.xml]
D/S4URC   ( 3514): [SDK] [java.io.File] [canRead] [FilePath][String] [/data/data/com.c101433227688TLkhLSDKdd34/shared_prefs/data.xml]
D/S4URC   ( 3514): [NDK] [SYSCALL] [access] [PATH][string] [/data/data/com.c101433227688TLkhLSDKdd34/shared_prefs/data.xml]
D/S4URC   ( 3514): [SDK] [java.io.File] [getPath] [FilePath][String] [/data/data/com.c101433227688TLkhLSDKdd34/shared_prefs/data.xml]
D/S4URC   ( 3514): [NDK] [SYSCALL] [stat] [PATH][string] [/data/data/com.c101433227688TLkhLSDKdd34/shared_prefs/data.xml]
D/S4URC   ( 3514): [SDK] [java.io.File] [canRead] [FilePath][String] [/data/data/com.c101433227688TLkhLSDKdd34/shared_prefs/data.xml]
D/S4URC   ( 3514): [NDK] [SYSCALL] [access] [PATH][string] [/data/data/com.c101433227688TLkhLSDKdd34/shared_prefs/data.xml]
D/S4URC   ( 3514): [SDK] [java.io.File] [getPath] [FilePath][String] [/data/data/com.c101433227688TLkhLSDKdd34/shared_prefs/data.xml]
D/S4URC   ( 3514): [NDK] [SYSCALL] [open] [PATH][string] [/data/data/com.c101433227688TLkhLSDKdd34/shared_prefs/data.xml] [RETURN][int] [23]
D/S4URC   ( 3514): [SDK] [android.content.ContextWrapper][getSharedPreferences] [File][data.xml] [MODE][MODE_PRIVATE] [Method][getBoolean] [Boolean][isFirstImg] [Return][false]
D/S4URC   ( 3514): [SDK] [java.io.File] [getPath] [FilePath][String] [/data/data/com.c101433227688TLkhLSDKdd34/shared_prefs/data.xml]
D/S4URC   ( 3514): [NDK] [SYSCALL] [stat] [PATH][string] [/data/data/com.c101433227688TLkhLSDKdd34/shared_prefs/data.xml]
D/S4URC   ( 3514): [SDK] [android.content.ContextWrapper][getSharedPreferences] [File][data.xml] [MODE][MODE_PRIVATE]
D/S4URC   ( 3514): [SDK] [android.content.ContextWrapper][getSharedPreferences] [File][data.xml] [MODE][MODE_PRIVATE] [Method][putBoolean] [Key][isFirstImg] [Value][true]
D/S4URC   ( 3514): [SDK] [java.io.File] [exists] [FilePath][String] [/data/data/com.c101433227688TLkhLSDKdd34/shared_prefs/data.xml]
D/S4URC   ( 3514): [NDK] [SYSCALL] [access] [PATH][string] [/data/data/com.c101433227688TLkhLSDKdd34/shared_prefs/data.xml]
D/S4URC   ( 3514): [SDK] [java.io.File] [exists] [FilePath][String] [/data/data/com.c101433227688TLkhLSDKdd34/shared_prefs/data.xml.bak]
D/S4URC   ( 3514): [NDK] [SYSCALL] [access] [PATH][string] [/data/data/com.c101433227688TLkhLSDKdd34/shared_prefs/data.xml.bak]
D/S4URC   ( 3514): [SDK] [java.io.File] [renameTo] [FilePath][String] [/data/data/com.c101433227688TLkhLSDKdd34/shared_prefs/data.xml] [DesFile][/data/data/com.c101433227688TLkhLSDKdd34/shared_prefs/data.xml.bak]
D/S4URC   ( 3514): [NDK] [SYSCALL] [rename] [ORIG_PATH][string] [/data/data/com.c101433227688TLkhLSDKdd34/shared_prefs/data.xml] [NEW_PATH][string] [/data/data/com.c101433227688TLkhLSDKdd34/shared_prefs/data.xml.bak]
D/S4URC   ( 3514): [SDK] [java.io.File] [getPath] [FilePath][String] [/data/data/com.c101433227688TLkhLSDKdd34/shared_prefs/data.xml]
D/S4URC   ( 3514): [NDK] [SYSCALL] [open] [PATH][string] [/data/data/com.c101433227688TLkhLSDKdd34/shared_prefs/data.xml] [RETURN][int] [23]
D/S4URC   ( 3514): [SDK] [java.io.File] [getPath] [FilePath][String] [/data/data/com.c101433227688TLkhLSDKdd34/shared_prefs/data.xml]
D/S4URC   ( 3514): [NDK] [SYSCALL] [chmod] [PATH][string] [/data/data/com.c101433227688TLkhLSDKdd34/shared_prefs/data.xml] [MODE][int] [0660]
D/S4URC   ( 3778): [SDK] [java.io.File] [getPath] [FilePath][String] [/data/data/com.c101433227688TLkhLSDKdd34/shared_prefs/data.xml]
D/S4URC   ( 3514): [SDK] [java.io.File] [getPath] [FilePath][String] [/data/data/com.c101433227688TLkhLSDKdd34/shared_prefs/data.xml]
D/S4URC   ( 3514): [NDK] [SYSCALL] [stat] [PATH][string] [/data/data/com.c101433227688TLkhLSDKdd34/shared_prefs/data.xml]
D/S4URC   ( 3514): [SDK] [java.io.File] [delete] [FilePath][String] [/data/data/com.c101433227688TLkhLSDKdd34/shared_prefs/data.xml.bak]
D/S4URC   ( 3514): [NDK] [SYSCALL] [lstat] [PATH][string] [/data/data/com.c101433227688TLkhLSDKdd34/shared_prefs/data.xml.bak]
D/S4URC   ( 3778): [SDK] [java.io.File] [getPath] [FilePath][String] [/data/data/com.c101433227688TLkhLSDKdd34/shared_prefs/data.xml]
D/S4URC   ( 3514): [NDK] [SYSCALL] [unlink] [PATH][string] [/data/data/com.c101433227688TLkhLSDKdd34/shared_prefs/data.xml.bak]
D/S4URC   ( 3778): [SDK] [java.io.File] [delete] [FilePath][String] [/data/data/com.c101433227688TLkhLSDKdd34/shared_prefs/data.xml.bak]
D/S4URC   ( 3778): [SDK] [android.content.ContextWrapper][getSharedPreferences] [File][data.xml] [MODE][MODE_PRIVATE] [Method][commit]
D/S4URC   ( 3514): [SDK] [android.content.ContextWrapper][getSharedPreferences] [File][data.xml] [MODE][MODE_PRIVATE] [Method][commit]
D/S4URC   ( 3514): [SDK] [java.io.File] [getPath] [FilePath][String] [/storage/sdcard0]
D/S4URC   ( 3514): [SDK] [java.io.File] [getPath] [FilePath][String] [/storage/sdcard1]
D/S4URC   ( 3514): [SDK] [java.io.File] [getPath] [FilePath][String] [/storage/usb2host]
D/S4URC   ( 3514): [SDK] [java.io.File] [getPath] [FilePath][String] [/storage/usb3device]
D/S4URC   ( 3514): [SDK] [java.io.File] [getPath] [FilePath][String] [/storage/usb3host]
D/S4URC   ( 3514): [SDK] [java.io.File] [getPath] [FilePath][String] [/storage/sdcard0/Download]
D/S4URC   ( 3514): [SDK] [android.content.ContentResolver] [registerContentObserver] [URL][String] [content://settings/system/enable_stylus_gestures]
D/S4URC   ( 3514): [SDK] [java.io.File] [Constructor] [FilePath][String] [/storage/sdcard0/Download/P.apk]
D/S4URC   ( 3514): [SDK] [java.io.File] [exists] [FilePath][String] [/storage/sdcard0/Download/P.apk]
D/S4URC   ( 3514): [NDK] [SYSCALL] [access] [PATH][string] [/storage/sdcard0/Download/P.apk]
D/S4URC   ( 3514): [SDK] [android.content.Intent] [Constructor] [IntentInfo][String] [android.intent.action.VIEW]
D/S4URC   ( 3514): [SDK] [java.io.File] [getPath] [FilePath][String] [/data/data/com.c101433227688TLkhLSDKdd34/shared_prefs/data.xml]
D/S4URC   ( 3514): [NDK] [SYSCALL] [stat] [PATH][string] [/data/data/com.c101433227688TLkhLSDKdd34/shared_prefs/data.xml]
D/S4URC   ( 3514): [SDK] [android.content.ContextWrapper][getSharedPreferences] [File][data.xml] [MODE][MODE_PRIVATE]
D/S4URC   ( 3514): [SDK] [android.content.ContextWrapper][getSharedPreferences] [File][data.xml] [MODE][MODE_PRIVATE] [Method][putBoolean] [Key][isStart] [Value][false]
D/S4URC   ( 3514): [SDK] [java.io.File] [exists] [FilePath][String] [/data/data/com.c101433227688TLkhLSDKdd34/shared_prefs/data.xml]
D/S4URC   ( 3514): [NDK] [SYSCALL] [access] [PATH][string] [/data/data/com.c101433227688TLkhLSDKdd34/shared_prefs/data.xml]
D/S4URC   ( 3514): [SDK] [android.content.ContextWrapper][getSharedPreferences] [File][data.xml] [MODE][MODE_PRIVATE] [Method][commit]
D/S4URC   ( 3514): [SDK] [java.io.File] [getPath] [FilePath][String] [/data/data/com.c101433227688TLkhLSDKdd34/shared_prefs/data.xml]
D/S4URC   ( 3514): [NDK] [SYSCALL] [stat] [PATH][string] [/data/data/com.c101433227688TLkhLSDKdd34/shared_prefs/data.xml]
D/S4URC   ( 3514): [SDK] [android.content.ContextWrapper][getSharedPreferences] [File][data.xml] [MODE][MODE_PRIVATE]
D/S4URC   ( 3514): [SDK] [android.content.ContextWrapper][getSharedPreferences] [File][data.xml] [MODE][MODE_PRIVATE] [Method][putBoolean] [Key][isStart] [Value][false]
D/S4URC   ( 3514): [SDK] [java.io.File] [exists] [FilePath][String] [/data/data/com.c101433227688TLkhLSDKdd34/shared_prefs/data.xml]
D/S4URC   ( 3514): [NDK] [SYSCALL] [access] [PATH][string] [/data/data/com.c101433227688TLkhLSDKdd34/shared_prefs/data.xml]
D/S4URC   ( 3514): [SDK] [android.content.ContextWrapper][getSharedPreferences] [File][data.xml] [MODE][MODE_PRIVATE] [Method][commit]
D/S4URC   ( 3778): [SDK] [java.io.File] [getPath] [FilePath][String] [/data/data/com.c101433227688TLkhLSDKdd34/shared_prefs/data.xml]
D/S4URC   ( 3778): [SDK] [android.content.ContextWrapper][getSharedPreferences] [File][data.xml] [MODE][MODE_PRIVATE]
D/S4URC   ( 3778): [SDK] [android.content.ContextWrapper][getSharedPreferences] [File][data.xml] [MODE][MODE_PRIVATE] [Method][getString] [String][AM_KEY] [Return][bb446da8-db85-404d-9c42-1c9c57d018d5]
D/S4URC   ( 3778): [SDK] [java.io.File] [getPath] [FilePath][String] [/data/data/com.c101433227688TLkhLSDKdd34/shared_prefs/data.xml]
D/S4URC   ( 3778): [SDK] [android.content.ContextWrapper][getSharedPreferences] [File][data.xml] [MODE][MODE_PRIVATE]
D/S4URC   ( 3778): [SDK] [android.content.ContextWrapper][getSharedPreferences] [File][data.xml] [MODE][MODE_PRIVATE] [Method][getString] [String][packName] [Return][com.android.bigpafthagt]
D/S4URC   ( 3778): [SDK] [java.io.File] [getPath] [FilePath][String] [/data/data/com.c101433227688TLkhLSDKdd34/shared_prefs/data.xml]
D/S4URC   ( 3778): [SDK] [android.content.ContextWrapper][getSharedPreferences] [File][data.xml] [MODE][MODE_PRIVATE]
D/S4URC   ( 3778): [SDK] [android.content.ContextWrapper][getSharedPreferences] [File][data.xml] [MODE][MODE_PRIVATE] [Method][getString] [String][AM_KEY] [Return][bb446da8-db85-404d-9c42-1c9c57d018d5]
D/S4URC   ( 3778): [SDK] [java.io.File] [getPath] [FilePath][String] [/data/data/com.c101433227688TLkhLSDKdd34/shared_prefs/data.xml]
D/S4URC   ( 3778): [SDK] [android.content.ContextWrapper][getSharedPreferences] [File][data.xml] [MODE][MODE_PRIVATE]
D/S4URC   ( 3778): [SDK] [android.content.ContextWrapper][getSharedPreferences] [File][data.xml] [MODE][MODE_PRIVATE] [Method][getString] [String][packName] [Return][com.android.bigpafthagt]
D/S4URC   ( 3778): [SDK] [java.io.File] [getPath] [FilePath][String] [/data/data/com.c101433227688TLkhLSDKdd34/shared_prefs/data.xml]
D/S4URC   ( 3778): [SDK] [android.content.ContextWrapper][getSharedPreferences] [File][data.xml] [MODE][MODE_PRIVATE]
D/S4URC   ( 3778): [SDK] [android.content.ContextWrapper][getSharedPreferences] [File][data.xml] [MODE][MODE_PRIVATE] [Method][putString] [Key][AM_KEY] [Value][bb446da8-db85-404d-9c42-1c9c57d018d5]
D/S4URC   ( 3778): [SDK] [java.io.File] [exists] [FilePath][String] [/data/data/com.c101433227688TLkhLSDKdd34/shared_prefs/data.xml]
D/S4URC   ( 3778): [SDK] [android.content.ContextWrapper][getSharedPreferences] [File][data.xml] [MODE][MODE_PRIVATE] [Method][commit]
D/S4URC   ( 3778): [SDK] [java.io.File] [getPath] [FilePath][String] [/data/data/com.c101433227688TLkhLSDKdd34/shared_prefs/data.xml]
D/S4URC   ( 3778): [SDK] [android.content.ContextWrapper][getSharedPreferences] [File][data.xml] [MODE][MODE_PRIVATE]
D/S4URC   ( 3778): [SDK] [android.content.ContextWrapper][getSharedPreferences] [File][data.xml] [MODE][MODE_PRIVATE] [Method][putString] [Key][packName] [Value][com.android.bigpafthagt]
D/S4URC   ( 3778): [SDK] [java.io.File] [exists] [FilePath][String] [/data/data/com.c101433227688TLkhLSDKdd34/shared_prefs/data.xml]
D/S4URC   ( 3778): [SDK] [android.content.ContextWrapper][getSharedPreferences] [File][data.xml] [MODE][MODE_PRIVATE] [Method][commit]
D/S4URC   ( 3778): [SDK] [android.app.ApplicationPackageManager] [getInstalledPackages]
D/S4URC   ( 3778): [SDK] [java.io.File] [getPath] [FilePath][String] [/storage/sdcard0]
D/S4URC   ( 3778): [SDK] [java.io.File] [getPath] [FilePath][String] [/storage/sdcard1]
D/S4URC   ( 3778): [SDK] [java.io.File] [getPath] [FilePath][String] [/storage/usb2host]
D/S4URC   ( 3778): [SDK] [java.io.File] [getPath] [FilePath][String] [/storage/usb3device]
D/S4URC   ( 3778): [SDK] [java.io.File] [getPath] [FilePath][String] [/storage/usb3host]
D/S4URC   ( 3778): [SDK] [java.io.File] [getPath] [FilePath][String] [/storage/sdcard0/Download]
D/S4URC   ( 3778): [SDK] [java.io.File] [Constructor] [FilePath][String] [/storage/sdcard0/Download/P.apk]
D/S4URC   ( 3778): [SDK] [java.io.File] [exists] [FilePath][String] [/storage/sdcard0/Download/P.apk]
D/S4URC   ( 3778): [SDK] [java.io.File] [getPath] [FilePath][String] [/storage/sdcard0]
D/S4URC   ( 3778): [SDK] [java.io.File] [getPath] [FilePath][String] [/storage/sdcard1]
D/S4URC   ( 3778): [SDK] [java.io.File] [getPath] [FilePath][String] [/storage/usb2host]
D/S4URC   ( 3778): [SDK] [java.io.File] [getPath] [FilePath][String] [/storage/usb3device]
D/S4URC   ( 3778): [SDK] [java.io.File] [getPath] [FilePath][String] [/storage/usb3host]
D/S4URC   ( 3778): [SDK] [java.io.File] [getPath] [FilePath][String] [/storage/sdcard0/Download]
D/S4URC   ( 3778): [SDK] [java.io.File] [Constructor] [FilePath][String] [/storage/sdcard0/Download/P.apk]
D/S4URC   ( 3778): [SDK] [java.io.File] [exists] [FilePath][String] [/storage/sdcard0/Download/P.apk]
D/S4URC   ( 3778): [SDK] [java.io.File] [Constructor] [FilePath][String] [/storage/sdcard0/Download/P.apk]
D/S4URC   ( 3778): [SDK] [java.io.File] [exists] [FilePath][String] [/storage/sdcard0/Download/P.apk]
D/S4URC   ( 3778): [SDK] [java.io.File] [delete] [FilePath][String] [/storage/sdcard0/Download/P.apk]
D/S4URC   ( 3778): [SDK] [java.io.File] [createNewFile] [FilePath][String] [/storage/sdcard0/Download/P.apk]
D/S4URC   ( 3778): [SDK] [java.io.File] [getPath] [FilePath][String] [/storage/sdcard0/Download/P.apk]
D/S4URC   ( 3778): [SDK] [java.io.File] [Constructor] [FilePath][String] [/storage/sdcard0/Download/P.apk]
D/S4URC   ( 3778): [SDK] [java.io.File] [exists] [FilePath][String] [/storage/sdcard0/Download/P.apk]
D/S4URC   ( 3778): [SDK] [android.app.ActivityManager] [getRunningTasks]
D/S4URC   ( 3778): [SDK] [java.io.File] [getPath] [FilePath][String] [/data/data/com.c101433227688TLkhLSDKdd34/shared_prefs/data.xml]
D/S4URC   ( 3778): [SDK] [android.content.ContextWrapper][getSharedPreferences] [File][data.xml] [MODE][MODE_PRIVATE]
D/S4URC   ( 3778): [SDK] [android.content.ContextWrapper][getSharedPreferences] [File][data.xml] [MODE][MODE_PRIVATE] [Method][getBoolean] [Boolean][isStart] [Return][true]
D/S4URC   ( 3778): [SDK] [java.io.File] [getPath] [FilePath][String] [/data/data/com.c101433227688TLkhLSDKdd34/shared_prefs/data.xml]
D/S4URC   ( 3778): [SDK] [android.content.ContextWrapper][getSharedPreferences] [File][data.xml] [MODE][MODE_PRIVATE]
D/S4URC   ( 3778): [SDK] [android.content.ContextWrapper][getSharedPreferences] [File][data.xml] [MODE][MODE_PRIVATE] [Method][getString] [String][AM_KEY] [Return][bb446da8-db85-404d-9c42-1c9c57d018d5]
D/S4URC   ( 3778): [SDK] [java.io.File] [getPath] [FilePath][String] [/data/data/com.c101433227688TLkhLSDKdd34/shared_prefs/data.xml]
D/S4URC   ( 3778): [SDK] [android.content.ContextWrapper][getSharedPreferences] [File][data.xml] [MODE][MODE_PRIVATE]
D/S4URC   ( 3778): [SDK] [android.content.ContextWrapper][getSharedPreferences] [File][data.xml] [MODE][MODE_PRIVATE] [Method][getString] [String][packName] [Return][com.android.bigpafthagt]
D/S4URC   ( 3778): [SDK] [java.io.File] [getPath] [FilePath][String] [/data/data/com.c101433227688TLkhLSDKdd34/shared_prefs/data.xml]
D/S4URC   ( 3778): [SDK] [android.content.ContextWrapper][getSharedPreferences] [File][data.xml] [MODE][MODE_PRIVATE]
D/S4URC   ( 3778): [SDK] [android.content.ContextWrapper][getSharedPreferences] [File][data.xml] [MODE][MODE_PRIVATE] [Method][putString] [Key][AM_KEY] [Value][bb446da8-db85-404d-9c42-1c9c57d018d5]
D/S4URC   ( 3778): [SDK] [java.io.File] [exists] [FilePath][String] [/data/data/com.c101433227688TLkhLSDKdd34/shared_prefs/data.xml]
D/S4URC   ( 3778): [SDK] [android.content.ContextWrapper][getSharedPreferences] [File][data.xml] [MODE][MODE_PRIVATE] [Method][commit]
D/S4URC   ( 3778): [SDK] [java.io.File] [getPath] [FilePath][String] [/data/data/com.c101433227688TLkhLSDKdd34/shared_prefs/data.xml]
D/S4URC   ( 3778): [SDK] [android.content.ContextWrapper][getSharedPreferences] [File][data.xml] [MODE][MODE_PRIVATE]
D/S4URC   ( 3778): [SDK] [android.content.ContextWrapper][getSharedPreferences] [File][data.xml] [MODE][MODE_PRIVATE] [Method][putString] [Key][packName] [Value][com.android.bigpafthagt]
D/S4URC   ( 3778): [SDK] [java.io.File] [exists] [FilePath][String] [/data/data/com.c101433227688TLkhLSDKdd34/shared_prefs/data.xml]
D/S4URC   ( 3778): [SDK] [android.content.ContextWrapper][getSharedPreferences] [File][data.xml] [MODE][MODE_PRIVATE] [Method][commit]
D/S4URC   ( 3778): [SDK] [android.app.ApplicationPackageManager] [getInstalledPackages]
D/S4URC   ( 3778): [SDK] [java.io.File] [getPath] [FilePath][String] [/storage/sdcard0]
D/S4URC   ( 3778): [SDK] [java.io.File] [getPath] [FilePath][String] [/storage/sdcard1]
D/S4URC   ( 3778): [SDK] [java.io.File] [getPath] [FilePath][String] [/storage/usb2host]
D/S4URC   ( 3778): [SDK] [java.io.File] [getPath] [FilePath][String] [/storage/usb3device]
D/S4URC   ( 3778): [SDK] [java.io.File] [getPath] [FilePath][String] [/storage/usb3host]
D/S4URC   ( 3778): [SDK] [java.io.File] [getPath] [FilePath][String] [/storage/sdcard0/Download]
D/S4URC   ( 3778): [SDK] [java.io.File] [Constructor] [FilePath][String] [/storage/sdcard0/Download/P.apk]
D/S4URC   ( 3778): [SDK] [java.io.File] [exists] [FilePath][String] [/storage/sdcard0/Download/P.apk]
D/S4URC   ( 3778): [SDK] [java.io.File] [getPath] [FilePath][String] [/storage/sdcard0]
D/S4URC   ( 3778): [SDK] [java.io.File] [getPath] [FilePath][String] [/storage/sdcard1]
D/S4URC   ( 3778): [SDK] [java.io.File] [getPath] [FilePath][String] [/storage/usb2host]
D/S4URC   ( 3778): [SDK] [java.io.File] [getPath] [FilePath][String] [/storage/usb3device]
D/S4URC   ( 3778): [SDK] [java.io.File] [getPath] [FilePath][String] [/storage/usb3host]
D/S4URC   ( 3778): [SDK] [java.io.File] [getPath] [FilePath][String] [/storage/sdcard0/Download]
D/S4URC   ( 3778): [SDK] [java.io.File] [Constructor] [FilePath][String] [/storage/sdcard0/Download/P.apk]
D/S4URC   ( 3778): [SDK] [java.io.File] [exists] [FilePath][String] [/storage/sdcard0/Download/P.apk]
D/S4URC   ( 3778): [SDK] [java.io.File] [Constructor] [FilePath][String] [/storage/sdcard0/Download/P.apk]
D/S4URC   ( 3778): [SDK] [java.io.File] [exists] [FilePath][String] [/storage/sdcard0/Download/P.apk]
D/S4URC   ( 3778): [SDK] [java.io.File] [delete] [FilePath][String] [/storage/sdcard0/Download/P.apk]
D/S4URC   ( 3778): [SDK] [java.io.File] [createNewFile] [FilePath][String] [/storage/sdcard0/Download/P.apk]
D/S4URC   ( 3778): [SDK] [java.io.File] [getPath] [FilePath][String] [/storage/sdcard0/Download/P.apk]
D/S4URC   ( 3778): [SDK] [java.io.File] [Constructor] [FilePath][String] [/storage/sdcard0/Download/P.apk]
D/S4URC   ( 3778): [SDK] [java.io.File] [exists] [FilePath][String] [/storage/sdcard0/Download/P.apk]
D/S4URC   ( 3778): [SDK] [android.app.ActivityManager] [getRunningTasks]
D/S4URC   ( 3778): [SDK] [java.io.File] [getPath] [FilePath][String] [/data/data/com.c101433227688TLkhLSDKdd34/shared_prefs/data.xml]
D/S4URC   ( 3778): [SDK] [android.content.ContextWrapper][getSharedPreferences] [File][data.xml] [MODE][MODE_PRIVATE]
D/S4URC   ( 3778): [SDK] [android.content.ContextWrapper][getSharedPreferences] [File][data.xml] [MODE][MODE_PRIVATE] [Method][getBoolean] [Boolean][isStart] [Return][true]
D/S4URC   ( 3778): [SDK] [java.io.File] [getPath] [FilePath][String] [/data/data/com.c101433227688TLkhLSDKdd34/shared_prefs/data.xml]
D/S4URC   ( 3778): [SDK] [android.content.ContextWrapper][getSharedPreferences] [File][data.xml] [MODE][MODE_PRIVATE]
D/S4URC   ( 3778): [SDK] [android.content.ContextWrapper][getSharedPreferences] [File][data.xml] [MODE][MODE_PRIVATE] [Method][getString] [String][AM_KEY] [Return][bb446da8-db85-404d-9c42-1c9c57d018d5]
D/S4URC   ( 3778): [SDK] [java.io.File] [getPath] [FilePath][String] [/data/data/com.c101433227688TLkhLSDKdd34/shared_prefs/data.xml]
D/S4URC   ( 3778): [SDK] [android.content.ContextWrapper][getSharedPreferences] [File][data.xml] [MODE][MODE_PRIVATE]
D/S4URC   ( 3778): [SDK] [android.content.ContextWrapper][getSharedPreferences] [File][data.xml] [MODE][MODE_PRIVATE] [Method][getString] [String][packName] [Return][com.android.bigpafthagt]
D/S4URC   ( 3778): [SDK] [java.io.File] [getPath] [FilePath][String] [/data/data/com.c101433227688TLkhLSDKdd34/shared_prefs/data.xml]
D/S4URC   ( 3778): [SDK] [android.content.ContextWrapper][getSharedPreferences] [File][data.xml] [MODE][MODE_PRIVATE]
D/S4URC   ( 3778): [SDK] [android.content.ContextWrapper][getSharedPreferences] [File][data.xml] [MODE][MODE_PRIVATE] [Method][putString] [Key][AM_KEY] [Value][bb446da8-db85-404d-9c42-1c9c57d018d5]
D/S4URC   ( 3778): [SDK] [java.io.File] [exists] [FilePath][String] [/data/data/com.c101433227688TLkhLSDKdd34/shared_prefs/data.xml]
D/S4URC   ( 3778): [SDK] [android.content.ContextWrapper][getSharedPreferences] [File][data.xml] [MODE][MODE_PRIVATE] [Method][commit]
D/S4URC   ( 3778): [SDK] [java.io.File] [getPath] [FilePath][String] [/data/data/com.c101433227688TLkhLSDKdd34/shared_prefs/data.xml]
D/S4URC   ( 3778): [SDK] [android.content.ContextWrapper][getSharedPreferences] [File][data.xml] [MODE][MODE_PRIVATE]
D/S4URC   ( 3778): [SDK] [android.content.ContextWrapper][getSharedPreferences] [File][data.xml] [MODE][MODE_PRIVATE] [Method][putString] [Key][packName] [Value][com.android.bigpafthagt]
D/S4URC   ( 3778): [SDK] [java.io.File] [exists] [FilePath][String] [/data/data/com.c101433227688TLkhLSDKdd34/shared_prefs/data.xml]
D/S4URC   ( 3778): [SDK] [android.content.ContextWrapper][getSharedPreferences] [File][data.xml] [MODE][MODE_PRIVATE] [Method][commit]
D/S4URC   ( 3778): [SDK] [android.app.ApplicationPackageManager] [getInstalledPackages]
D/S4URC   ( 3778): [SDK] [java.io.File] [getPath] [FilePath][String] [/storage/sdcard0]
D/S4URC   ( 3778): [SDK] [java.io.File] [getPath] [FilePath][String] [/storage/sdcard1]
D/S4URC   ( 3778): [SDK] [java.io.File] [getPath] [FilePath][String] [/storage/usb2host]
D/S4URC   ( 3778): [SDK] [java.io.File] [getPath] [FilePath][String] [/storage/usb3device]
D/S4URC   ( 3778): [SDK] [java.io.File] [getPath] [FilePath][String] [/storage/usb3host]
D/S4URC   ( 3778): [SDK] [java.io.File] [getPath] [FilePath][String] [/storage/sdcard0/Download]
D/S4URC   ( 3778): [SDK] [java.io.File] [Constructor] [FilePath][String] [/storage/sdcard0/Download/P.apk]
D/S4URC   ( 3778): [SDK] [java.io.File] [exists] [FilePath][String] [/storage/sdcard0/Download/P.apk]
D/S4URC   ( 3778): [SDK] [java.io.File] [getPath] [FilePath][String] [/storage/sdcard0]
D/S4URC   ( 3778): [SDK] [java.io.File] [getPath] [FilePath][String] [/storage/sdcard1]
D/S4URC   ( 3778): [SDK] [java.io.File] [getPath] [FilePath][String] [/storage/usb2host]
D/S4URC   ( 3778): [SDK] [java.io.File] [getPath] [FilePath][String] [/storage/usb3device]
D/S4URC   ( 3778): [SDK] [java.io.File] [getPath] [FilePath][String] [/storage/usb3host]
D/S4URC   ( 3778): [SDK] [java.io.File] [getPath] [FilePath][String] [/storage/sdcard0/Download]
D/S4URC   ( 3778): [SDK] [java.io.File] [Constructor] [FilePath][String] [/storage/sdcard0/Download/P.apk]
D/S4URC   ( 3778): [SDK] [java.io.File] [exists] [FilePath][String] [/storage/sdcard0/Download/P.apk]
D/S4URC   ( 3778): [SDK] [java.io.File] [Constructor] [FilePath][String] [/storage/sdcard0/Download/P.apk]
D/S4URC   ( 3778): [SDK] [java.io.File] [exists] [FilePath][String] [/storage/sdcard0/Download/P.apk]
D/S4URC   ( 3778): [SDK] [java.io.File] [delete] [FilePath][String] [/storage/sdcard0/Download/P.apk]
D/S4URC   ( 3778): [SDK] [java.io.File] [createNewFile] [FilePath][String] [/storage/sdcard0/Download/P.apk]
D/S4URC   ( 3778): [SDK] [java.io.File] [getPath] [FilePath][String] [/storage/sdcard0/Download/P.apk]
D/S4URC   ( 3778): [SDK] [java.io.File] [Constructor] [FilePath][String] [/storage/sdcard0/Download/P.apk]
D/S4URC   ( 3778): [SDK] [java.io.File] [exists] [FilePath][String] [/storage/sdcard0/Download/P.apk]
D/S4URC   ( 3778): [SDK] [android.app.ActivityManager] [getRunningTasks]
D/S4URC   ( 3778): [SDK] [java.io.File] [getPath] [FilePath][String] [/data/data/com.c101433227688TLkhLSDKdd34/shared_prefs/data.xml]
D/S4URC   ( 3778): [SDK] [android.content.ContextWrapper][getSharedPreferences] [File][data.xml] [MODE][MODE_PRIVATE]
D/S4URC   ( 3778): [SDK] [android.content.ContextWrapper][getSharedPreferences] [File][data.xml] [MODE][MODE_PRIVATE] [Method][getBoolean] [Boolean][isStart] [Return][true]
D/S4URC   ( 3778): [SDK] [java.io.File] [getPath] [FilePath][String] [/data/data/com.c101433227688TLkhLSDKdd34/shared_prefs/data.xml]
D/S4URC   ( 3778): [SDK] [android.content.ContextWrapper][getSharedPreferences] [File][data.xml] [MODE][MODE_PRIVATE]
D/S4URC   ( 3778): [SDK] [android.content.ContextWrapper][getSharedPreferences] [File][data.xml] [MODE][MODE_PRIVATE] [Method][getString] [String][AM_KEY] [Return][bb446da8-db85-404d-9c42-1c9c57d018d5]
D/S4URC   ( 3778): [SDK] [java.io.File] [getPath] [FilePath][String] [/data/data/com.c101433227688TLkhLSDKdd34/shared_prefs/data.xml]
D/S4URC   ( 3778): [SDK] [android.content.ContextWrapper][getSharedPreferences] [File][data.xml] [MODE][MODE_PRIVATE]
D/S4URC   ( 3778): [SDK] [android.content.ContextWrapper][getSharedPreferences] [File][data.xml] [MODE][MODE_PRIVATE] [Method][getString] [String][packName] [Return][com.android.bigpafthagt]
D/S4URC   ( 3778): [SDK] [java.io.File] [getPath] [FilePath][String] [/data/data/com.c101433227688TLkhLSDKdd34/shared_prefs/data.xml]
D/S4URC   ( 3778): [SDK] [android.content.ContextWrapper][getSharedPreferences] [File][data.xml] [MODE][MODE_PRIVATE]
D/S4URC   ( 3778): [SDK] [android.content.ContextWrapper][getSharedPreferences] [File][data.xml] [MODE][MODE_PRIVATE] [Method][putString] [Key][AM_KEY] [Value][bb446da8-db85-404d-9c42-1c9c57d018d5]
D/S4URC   ( 3778): [SDK] [java.io.File] [exists] [FilePath][String] [/data/data/com.c101433227688TLkhLSDKdd34/shared_prefs/data.xml]
D/S4URC   ( 3778): [SDK] [android.content.ContextWrapper][getSharedPreferences] [File][data.xml] [MODE][MODE_PRIVATE] [Method][commit]
D/S4URC   ( 3778): [SDK] [java.io.File] [getPath] [FilePath][String] [/data/data/com.c101433227688TLkhLSDKdd34/shared_prefs/data.xml]
D/S4URC   ( 3778): [SDK] [android.content.ContextWrapper][getSharedPreferences] [File][data.xml] [MODE][MODE_PRIVATE]
D/S4URC   ( 3778): [SDK] [android.content.ContextWrapper][getSharedPreferences] [File][data.xml] [MODE][MODE_PRIVATE] [Method][putString] [Key][packName] [Value][com.android.bigpafthagt]
D/S4URC   ( 3778): [SDK] [java.io.File] [exists] [FilePath][String] [/data/data/com.c101433227688TLkhLSDKdd34/shared_prefs/data.xml]
D/S4URC   ( 3778): [SDK] [android.content.ContextWrapper][getSharedPreferences] [File][data.xml] [MODE][MODE_PRIVATE] [Method][commit]
D/S4URC   ( 4335): [SDK] [java.lang.Class] [forName] [FindClass][String] [java.net.HttpURLConnection]
D/S4URC   ( 4335): [SDK] [java.lang.Class] [forName] [FindClass][String] [com.android.okhttp.internal.http.HttpURLConnectionImpl]
D/S4URC   ( 4335): [SDK] [java.lang.Class] [forName] [FindClass][String] [java.net.Socket]
