D/S4URC   ( 3696): [NDK] [SYSCALL] [open] [PATH][string] [/dev/urandom] [RETURN][int] [28]
D/S4URC   ( 3820): [SDK] [java.lang.Class] [forName] [FindClass][String] [java.net.PlainSocketImpl]
D/S4URC   ( 3820): [SDK] [java.lang.Class] [forName] [FindClass][String] [com.android.org.conscrypt.OpenSSLMessageDigestJDK$SHA256]
D/S4URC   ( 3820): [SDK] [android.content.ContextWrapper][getSharedPreferences] [File][REMOTESETTINGSSETTINGS.xml] [MODE][MODE_PRIVATE] [Method][getString] [String][/sArw5T39EFXMYim/iTaU+WZdVuv7NcahsQK1puBnSY=] [Return][W4fnud61WncxeHS4F1B19g==:8TnjHII4Oh5peUrQvDxr8xGU0sp8aMvG2y1p9/zWyJs=]
D/S4URC   ( 3820): [SDK] [android.content.ContextWrapper][getSharedPreferences] [File][REMOTESETTINGSSETTINGS.xml] [MODE][MODE_PRIVATE] [Method][putString] [Key][e6vwxcB+MmlGAQbyH9UKuodad3AZ/NsEkKak9MxmLUg=] [Value][null]
D/S4URC   ( 3820): [SDK] [java.io.File] [exists] [FilePath][String] [/data/data/com.jqepef.edrydg/shared_prefs/com.jqepef.edrydg_preferences.xml]
D/S4URC   ( 3820): [SDK] [android.content.ContextWrapper][getSharedPreferences] [File][REMOTESETTINGSSETTINGS.xml] [MODE][MODE_PRIVATE] [Method][commit]
D/S4URC   ( 3820): [SDK] [java.lang.Class] [forName] [FindClass][String] [java.lang.Thread]
D/S4URC   ( 3820): [SDK] [java.lang.Class] [forName] [FindClass][String] [java.lang.String]
D/S4URC   ( 3820): [SDK] [java.lang.Class] [forName] [FindClass][String] [java.lang.StackTraceElement]
D/S4URC   ( 3820): [SDK] [java.lang.Class] [forName] [FindClass][String] [java.lang.Thread]
D/S4URC   ( 3820): [SDK] [java.lang.Class] [forName] [FindClass][String] [java.lang.String]
D/S4URC   ( 3820): [SDK] [java.lang.Class] [forName] [FindClass][String] [java.lang.StackTraceElement]
D/S4URC   ( 3820): [SDK] [android.content.ContextWrapper][getSharedPreferences] [File][com.jqepef.edrydg_preferences.xml] [MODE][MODE_PRIVATE]
D/S4URC   ( 3820): [SDK] [javax.crypto.spec.SecretKeySpec][Constructor] [KEY][8TnjHII4Oh5peUrQvDxr8xGU0sp8aMvG2y1p9/zWyJs=][type][HmacSHA256][javax.crypto.spec.PBEKeySpec][Constructor] [Password][com.jqepef.edrydg] [Salt][unknown]
D/S4URC   ( 3696): [SDK] [java.io.File] [Constructor] [FilePath][String] [/data/data/com.jqepef.edrydg/files/lastCrashID]
D/S4URC   ( 3696): [SDK] [java.io.File] [exists] [FilePath][String] [/data/data/com.jqepef.edrydg/files/lastCrashID]
D/S4URC   ( 3696): [NDK] [SYSCALL] [access] [PATH][string] [/data/data/com.jqepef.edrydg/files/lastCrashID]
D/S4URC   ( 3696): [SDK] [java.io.File] [createNewFile] [FilePath][String] [/data/data/com.jqepef.edrydg/files/lastCrashID]
D/S4URC   ( 3696): [NDK] [SYSCALL] [open] [PATH][string] [/data/data/com.jqepef.edrydg/files/lastCrashID] [RETURN][int] [31]
D/S4URC   ( 3696): [SDK] [java.io.File] [getPath] [FilePath][String] [/data/data/com.jqepef.edrydg/files/lastCrashID]
D/S4URC   ( 3696): [NDK] [SYSCALL] [open] [PATH][string] [/data/data/com.jqepef.edrydg/files/lastCrashID] [RETURN][int] [31]
D/S4URC   ( 3820): [SDK] [java.lang.Class] [forName] [FindClass][String] [com.android.org.conscrypt.OpenSSLMessageDigestJDK$MD5]
D/S4URC   ( 3820): [SDK] [java.io.File] [getPath] [FilePath][String] [/data/misc/user/0/cacerts-added]
D/S4URC   ( 3820): [SDK] [java.io.File] [isFile] [FilePath][String] [/data/misc/user/0/cacerts-added/bc465a65.0]
D/S4URC   ( 3820): [SDK] [java.io.File] [getPath] [FilePath][String] [/system/etc/security/cacerts]
D/S4URC   ( 3820): [SDK] [java.io.File] [isFile] [FilePath][String] [/system/etc/security/cacerts/bc465a65.0]
D/S4URC   ( 3820): [SDK] [java.io.File] [getPath] [FilePath][String] [/data/misc/user/0/cacerts-added]
D/S4URC   ( 3820): [SDK] [java.io.File] [isFile] [FilePath][String] [/data/misc/user/0/cacerts-added/4bcd7fc4.0]
D/S4URC   ( 3820): [SDK] [java.io.File] [getPath] [FilePath][String] [/system/etc/security/cacerts]
D/S4URC   ( 3820): [SDK] [java.io.File] [isFile] [FilePath][String] [/system/etc/security/cacerts/4bcd7fc4.0]
D/S4URC   ( 3820): [SDK] [java.io.File] [getPath] [FilePath][String] [/data/misc/user/0/cacerts-added]
D/S4URC   ( 3820): [SDK] [java.io.File] [isFile] [FilePath][String] [/data/misc/user/0/cacerts-added/399e7759.0]
D/S4URC   ( 3820): [SDK] [java.io.File] [getPath] [FilePath][String] [/system/etc/security/cacerts]
D/S4URC   ( 3820): [SDK] [java.io.File] [isFile] [FilePath][String] [/system/etc/security/cacerts/399e7759.0]
D/S4URC   ( 3820): [SDK] [java.io.File] [getPath] [FilePath][String] [/system/etc/security/cacerts/399e7759.0]
D/S4URC   ( 3820): [SDK] [java.io.File] [getPath] [FilePath][String] [/data/misc/user/0/cacerts-removed]
D/S4URC   ( 3820): [SDK] [java.io.File] [isFile] [FilePath][String] [/data/misc/user/0/cacerts-removed/399e7759.0]
D/S4URC   ( 3820): [SDK] [java.io.File] [exists] [FilePath][String] [/data/misc/user/0/cacerts-removed/399e7759.0]
D/S4URC   ( 3820): [SDK] [java.io.File] [getPath] [FilePath][String] [/data/misc/keychain/pins]
D/S4URC   ( 3820): [SDK] [java.io.File] [Constructor] [FilePath][String] [/data/misc/keychain/pubkey_blacklist.txt]
D/S4URC   ( 3820): [SDK] [java.io.File] [getPath] [FilePath][String] [/data/misc/keychain/pubkey_blacklist.txt]
D/S4URC   ( 3820): [SDK] [java.io.File] [Constructor] [FilePath][String] [/data/misc/keychain/serial_blacklist.txt]
D/S4URC   ( 3820): [SDK] [java.io.File] [getPath] [FilePath][String] [/data/misc/keychain/serial_blacklist.txt]
D/S4URC   ( 3820): [SDK] [android.content.ContextWrapper][getSharedPreferences] [File][com.jqepef.edrydg_preferences.xml] [MODE][MODE_PRIVATE] [Method][getString] [String][/sArw5T39EFXMYim/iTaU+WZdVuv7NcahsQK1puBnSY=] [Return][W4fnud61WncxeHS4F1B19g==:8TnjHII4Oh5peUrQvDxr8xGU0sp8aMvG2y1p9/zWyJs=]
D/S4URC   ( 3820): [SDK] [java.lang.Class] [forName] [FindClass][String] [com.android.org.conscrypt.OpenSSLCipher$AES$CBC$PKCS5Padding]
D/S4URC   ( 3820): [SDK] [javax.crypto.spec.SecretKeySpec][Constructor] [KEY][8TnjHII4Oh5peUrQvDxr8xGU0sp8aMvG2y1p9/zWyJs=][type][HmacSHA256][javax.crypto.Cipher][getInstance] [Cipher][AES/CBC/PKCS5Padding] [javax.crypto.spec.IvParameterSpec][Constructor] [IV][XG2kuZql54BbqHd7MwC9vw==] [javax.crypto.Cipher][doFinal] [Data][mobproxy7.com] [Return][HkhfFoZMDCKgK3SBbLXLqw==]
D/S4URC   ( 3820): [SDK] [java.lang.Class] [forName] [FindClass][String] [com.android.org.conscrypt.OpenSSLMac$HmacSHA256]
D/S4URC   ( 3820): [SDK] [android.content.ContextWrapper][getSharedPreferences] [File][com.jqepef.edrydg_preferences.xml] [MODE][MODE_PRIVATE] [Method][putString] [Key][8v+DhgpNwgOYjtGiK6HyEjfwSr29DEyVEQPPvtEh3ng=] [Value][XG2kuZql54BbqHd7MwC9vw==:Zns69dx9taqDdbLn9Wk6iATS4l6wlvqIMKnRVglqY5Y=:HkhfFoZMDCKgK3SBbLXLqw==]
D/S4URC   ( 3820): [SDK] [android.content.ContextWrapper][getSharedPreferences] [File][com.jqepef.edrydg_preferences.xml] [MODE][MODE_PRIVATE]
D/S4URC   ( 3820): [SDK] [javax.crypto.spec.PBEKeySpec][Constructor] [Password][com.jqepef.edrydg] [Salt][unknown]
D/S4URC   ( 3820): [SDK] [java.io.File] [exists] [FilePath][String] [/data/data/com.jqepef.edrydg/shared_prefs/com.jqepef.edrydg_preferences.xml]
D/S4URC   ( 3820): [SDK] [java.io.File] [exists] [FilePath][String] [/data/data/com.jqepef.edrydg/shared_prefs/com.jqepef.edrydg_preferences.xml.bak]
D/S4URC   ( 3820): [SDK] [java.io.File] [renameTo] [FilePath][String] [/data/data/com.jqepef.edrydg/shared_prefs/com.jqepef.edrydg_preferences.xml] [DesFile][/data/data/com.jqepef.edrydg/shared_prefs/com.jqepef.edrydg_preferences.xml.bak]
D/S4URC   ( 3820): [SDK] [java.io.File] [getPath] [FilePath][String] [/data/data/com.jqepef.edrydg/shared_prefs/com.jqepef.edrydg_preferences.xml]
D/S4URC   ( 3820): [SDK] [java.io.File] [delete] [FilePath][String] [/data/data/com.jqepef.edrydg/shared_prefs/com.jqepef.edrydg_preferences.xml.bak]
D/S4URC   ( 3820): [SDK] [android.content.ContextWrapper][getSharedPreferences] [File][com.jqepef.edrydg_preferences.xml] [MODE][MODE_PRIVATE] [Method][commit]
D/S4URC   ( 3696): [SDK] [java.io.File] [Constructor] [FilePath][String] [/data/data/com.jqepef.edrydg/files/Mint-lastsavedfile]
D/S4URC   ( 3696): [SDK] [java.io.File] [getPath] [FilePath][String] [/data/data/com.jqepef.edrydg/files/Mint-lastsavedfile]
D/S4URC   ( 3696): [NDK] [SYSCALL] [open] [PATH][string] [/data/data/com.jqepef.edrydg/files/Mint-lastsavedfile] [RETURN][int] [-1]
D/S4URC   ( 3696): [SDK] [java.io.File] [Constructor] [FilePath][String] [/data/data/com.jqepef.edrydg/files/MintSavedData-1-1528136741910.json]
D/S4URC   ( 3696): [NDK] [SYSCALL] [stat] [PATH][string] [/data/data/com.jqepef.edrydg/files/MintSavedData-1-1528136741910.json]
D/S4URC   ( 3696): [SDK] [java.io.File] [exists] [FilePath][String] [/data/data/com.jqepef.edrydg/files/MintSavedData-1-1528136741910.json]
D/S4URC   ( 3696): [NDK] [SYSCALL] [access] [PATH][string] [/data/data/com.jqepef.edrydg/files/MintSavedData-1-1528136741910.json]
D/S4URC   ( 3696): [SDK] [java.io.File] [createNewFile] [FilePath][String] [/data/data/com.jqepef.edrydg/files/MintSavedData-1-1528136741910.json]
D/S4URC   ( 3696): [NDK] [SYSCALL] [open] [PATH][string] [/data/data/com.jqepef.edrydg/files/MintSavedData-1-1528136741910.json] [RETURN][int] [18]
D/S4URC   ( 3696): [SDK] [java.io.File] [getPath] [FilePath][String] [/data/data/com.jqepef.edrydg/files/MintSavedData-1-1528136741910.json]
D/S4URC   ( 3696): [NDK] [SYSCALL] [open] [PATH][string] [/data/data/com.jqepef.edrydg/files/MintSavedData-1-1528136741910.json] [RETURN][int] [18]
D/S4URC   ( 3696): [SDK] [java.io.File] [getName] [FilePath][String] [/data/data/com.jqepef.edrydg/files/MintSavedData-1-1528136741910.json]
D/S4URC   ( 3696): [SDK] [java.io.File] [Constructor] [FilePath][String] [/data/data/com.jqepef.edrydg/files/Mint-lastsavedfile]
D/S4URC   ( 3696): [SDK] [java.io.File] [exists] [FilePath][String] [/data/data/com.jqepef.edrydg/files/Mint-lastsavedfile]
D/S4URC   ( 3696): [NDK] [SYSCALL] [access] [PATH][string] [/data/data/com.jqepef.edrydg/files/Mint-lastsavedfile]
D/S4URC   ( 3696): [SDK] [java.io.File] [delete] [FilePath][String] [/data/data/com.jqepef.edrydg/files/Mint-lastsavedfile]
D/S4URC   ( 3696): [NDK] [SYSCALL] [lstat] [PATH][string] [/data/data/com.jqepef.edrydg/files/Mint-lastsavedfile]
D/S4URC   ( 3696): [SDK] [java.io.File] [createNewFile] [FilePath][String] [/data/data/com.jqepef.edrydg/files/Mint-lastsavedfile]
D/S4URC   ( 3696): [NDK] [SYSCALL] [open] [PATH][string] [/data/data/com.jqepef.edrydg/files/Mint-lastsavedfile] [RETURN][int] [18]
D/S4URC   ( 3696): [SDK] [java.io.File] [getPath] [FilePath][String] [/data/data/com.jqepef.edrydg/files/Mint-lastsavedfile]
D/S4URC   ( 3696): [NDK] [SYSCALL] [open] [PATH][string] [/data/data/com.jqepef.edrydg/files/Mint-lastsavedfile] [RETURN][int] [18]
D/S4URC   ( 3696): [SDK] [java.io.File] [Constructor] [FilePath][String] [/system/app/Superuser.apk]
D/S4URC   ( 3696): [SDK] [java.io.File] [exists] [FilePath][String] [/system/app/Superuser.apk]
D/S4URC   ( 3696): [NDK] [SYSCALL] [access] [PATH][string] [/system/app/Superuser.apk]
D/S4URC   ( 3696): [SDK] [java.lang.Runtime] [exec] [Command][String] [/system/xbin/whichsu]
D/S4URC   ( 3998): [NDK] [SYSCALL] [getdents] [PATH][string] [.]
D/S4URC   ( 3696): [SDK] [android.telephony.TelephonyManager] [getLine1Number]
D/S4URC   ( 3696): [SDK] [android.telephony.TelephonyManager] [getSubscriberId]
D/S4URC   ( 3696): [SDK] [android.app.ApplicationPackageManager] [getPackageInfo] [FindPackageName][String] [com.jqepef.edrydg]
D/S4URC   ( 3696): [SDK] [android.content.ContextWrapper][getSharedPreferences] [File][Preferences.xml] [MODE][MODE_PRIVATE] [Method][getString] [String][mobile] [Return][null]
D/S4URC   ( 3696): [SDK] [android.content.ContextWrapper][getSharedPreferences] [File][Preferences.xml] [MODE][MODE_PRIVATE] [Method][getString] [String][agent] [Return][Dalvik/2.1.0 (Linux; U; Android 5.1.1; galaxys5 Build/LMY49J)]
D/S4URC   ( 3820):  [Method][getString] [String][/sArw5T39EFXMYim/iTaU+WZdVuv7NcahsQK1puBnSY=] [Return][W4fnud61WncxeHS4F1B19g==:8TnjHII4Oh5peUrQvDxr8xGU0sp8aMvG2y1p9/zWyJs=]
D/S4URC   ( 3820): [SDK] [javax.crypto.spec.SecretKeySpec][Constructor] [KEY][8TnjHII4Oh5peUrQvDxr8xGU0sp8aMvG2y1p9/zWyJs=][type][HmacSHA256][javax.crypto.Cipher][getInstance] [Cipher][AES/CBC/PKCS5Padding] [javax.crypto.spec.IvParameterSpec][Constructor] [IV][1r8rC+UWnC+hbyuu3gB1kQ==] [javax.crypto.Cipher][doFinal] [Data][-1] [Return][6pCIQJuMBerLsTNHO2Actw==]
D/S4URC   ( 3820): [SDK] [android.content.ContextWrapper][getSharedPreferences] [File][com.jqepef.edrydg_preferences.xml] [MODE][MODE_PRIVATE] [Method][putString] [Key][KTG81sSjZqvKo7LXRs0+R1OcEkazrNv6w297XBpYnVs=] [Value][1r8rC+UWnC+hbyuu3gB1kQ==:7l2DJFH+5ec66M8KkcSiUaZgeGzwuFPkRXT8ZnVJELw=:6pCIQJuMBerLsTNHO2Actw==]
D/S4URC   ( 3820): [SDK] [java.io.File] [exists] [FilePath][String] [/data/data/com.jqepef.edrydg/shared_prefs/com.jqepef.edrydg_preferences.xml]
D/S4URC   ( 3820): [SDK] [java.io.File] [exists] [FilePath][String] [/data/data/com.jqepef.edrydg/shared_prefs/com.jqepef.edrydg_preferences.xml.bak]
D/S4URC   ( 3820): [SDK] [java.io.File] [renameTo] [FilePath][String] [/data/data/com.jqepef.edrydg/shared_prefs/com.jqepef.edrydg_preferences.xml] [DesFile][/data/data/com.jqepef.edrydg/shared_prefs/com.jqepef.edrydg_preferences.xml.bak]
D/S4URC   ( 3820): [SDK] [java.io.File] [getPath] [FilePath][String] [/data/data/com.jqepef.edrydg/shared_prefs/com.jqepef.edrydg_preferences.xml]
D/S4URC   ( 3820): [SDK] [java.io.File] [delete] [FilePath][String] [/data/data/com.jqepef.edrydg/shared_prefs/com.jqepef.edrydg_preferences.xml.bak]
D/S4URC   ( 3820): [SDK] [android.content.ContextWrapper] [registerReceiver][IntentFilter][android.net.conn.CONNECTIVITY_CHANGE,android.net.wifi.WIFI_STATE_CHANGED,
D/S4URC   ( 3820): [SDK] [java.lang.Class] [forName] [FindClass][String] [java.lang.Thread]
D/S4URC   ( 3820): [SDK] [java.lang.Class] [forName] [FindClass][String] [java.lang.String]
D/S4URC   ( 3820): [SDK] [java.lang.Class] [forName] [FindClass][String] [java.lang.StackTraceElement]
D/S4URC   ( 3820): [SDK] [android.content.ContextWrapper] [registerReceiver][IntentFilter][android.provider.Telephony.SMS_RECEIVED,
D/S4URC   ( 3820): [SDK] [android.content.ContextWrapper][getSharedPreferences] [File][com.jqepef.edrydg_preferences.xml] [MODE][MODE_PRIVATE]
D/S4URC   ( 3820): [SDK] [javax.crypto.spec.PBEKeySpec][Constructor] [Password][com.jqepef.edrydg] [Salt][unknown]
D/S4URC   ( 3820): [SDK] [android.content.ContextWrapper] [registerReceiver][IntentFilter][android.intent.action.SCREEN_ON,android.intent.action.SCREEN_OFF,
D/S4URC   ( 3820): [SDK] [java.lang.Class] [forName] [FindClass][String] [android.net.NetworkInfo]
D/S4URC   ( 3820): [SDK] [android.content.ContextWrapper][getSharedPreferences] [File][com.jqepef.edrydg_preferences.xml] [MODE][MODE_PRIVATE]
D/S4URC   ( 3820): [SDK] [javax.crypto.spec.PBEKeySpec][Constructor] [Password][com.jqepef.edrydg] [Salt][unknown]
D/S4URC   ( 3696): [SDK] [java.lang.Class] [forName] [FindClass][String] [java.net.PlainSocketImpl]
D/S4URC   ( 3696): [NDK] [SYSCALL] [socket] [TYPE][string] [TCP]
D/S4URC   ( 3820): [SDK] [android.content.ContextWrapper][getSharedPreferences] [File][com.jqepef.edrydg_preferences.xml] [MODE][MODE_PRIVATE] [Method][getString] [String][/sArw5T39EFXMYim/iTaU+WZdVuv7NcahsQK1puBnSY=] [Return][W4fnud61WncxeHS4F1B19g==:8TnjHII4Oh5peUrQvDxr8xGU0sp8aMvG2y1p9/zWyJs=]
D/S4URC   ( 3820): [SDK] [android.content.ContextWrapper][getSharedPreferences] [File][com.jqepef.edrydg_preferences.xml] [MODE][MODE_PRIVATE] [Method][getString] [String][RJLlwrHbab/nlP+fp/Rx4lGZTFlUIrCnqrFdHoZub+s=] [Return][null]
D/S4URC   ( 3820): [SDK] [java.lang.Class] [forName] [FindClass][String] [java.lang.Thread]
D/S4URC   ( 3820): [SDK] [java.lang.Class] [forName] [FindClass][String] [java.lang.String]
D/S4URC   ( 3820): [SDK] [java.lang.Class] [forName] [FindClass][String] [java.lang.StackTraceElement]
D/S4URC   ( 3820): [SDK] [android.content.ContextWrapper][getSharedPreferences] [File][com.jqepef.edrydg_preferences.xml] [MODE][MODE_PRIVATE]
D/S4URC   ( 3820): [SDK] [javax.crypto.spec.SecretKeySpec][Constructor] [KEY][8TnjHII4Oh5peUrQvDxr8xGU0sp8aMvG2y1p9/zWyJs=][type][HmacSHA256][javax.crypto.spec.PBEKeySpec][Constructor] [Password][com.jqepef.edrydg] [Salt][unknown]
D/S4URC   ( 3820): [SDK] [android.content.ContextWrapper][getSharedPreferences] [File][com.jqepef.edrydg_preferences.xml] [MODE][MODE_PRIVATE] [Method][getString] [String][/sArw5T39EFXMYim/iTaU+WZdVuv7NcahsQK1puBnSY=] [Return][W4fnud61WncxeHS4F1B19g==:8TnjHII4Oh5peUrQvDxr8xGU0sp8aMvG2y1p9/zWyJs=]
D/S4URC   ( 3820): [SDK] [android.content.ContextWrapper][getSharedPreferences] [File][com.jqepef.edrydg_preferences.xml] [MODE][MODE_PRIVATE] [Method][getString] [String][ChSYRKfJ9M/5SL85gz/MVCnOIyXkPWs4c6IqdulW5HA=] [Return][null]
D/S4URC   ( 3820): [SDK] [android.content.ContextWrapper][getSharedPreferences] [File][com.jqepef.edrydg_preferences.xml] [MODE][MODE_PRIVATE]
D/S4URC   ( 3820): [SDK] [javax.crypto.spec.SecretKeySpec][Constructor] [KEY][8TnjHII4Oh5peUrQvDxr8xGU0sp8aMvG2y1p9/zWyJs=][type][HmacSHA256][javax.crypto.spec.PBEKeySpec][Constructor] [Password][com.jqepef.edrydg] [Salt][unknown]
D/S4URC   ( 3820): [SDK] [android.telephony.TelephonyManager] [getSubscriberId]
D/S4URC   ( 3820): [SDK] [java.io.File] [getPath] [FilePath][String] [/data/data/com.jqepef.edrydg]
D/S4URC   ( 3820): [SDK] [java.io.File] [exists] [FilePath][String] [/data/data/com.jqepef.edrydg/files]
D/S4URC   ( 3820): [SDK] [java.io.File] [getPath] [FilePath][String] [/data/data/com.jqepef.edrydg/files]
D/S4URC   ( 3820): [SDK] [java.io.File] [exists] [FilePath][String] [/data/data/com.jqepef.edrydg/files/proxyinstallation]
D/S4URC   ( 3820): [SDK] [java.io.File] [getPath] [FilePath][String] [/data/data/com.jqepef.edrydg/files/proxyinstallation]
D/S4URC   ( 3820): [SDK] [java.lang.Class] [forName] [FindClass][String] [java.lang.Thread]
D/S4URC   ( 3820): [SDK] [java.lang.Class] [forName] [FindClass][String] [java.lang.String]
D/S4URC   ( 3820): [SDK] [java.lang.Class] [forName] [FindClass][String] [java.lang.StackTraceElement]
D/S4URC   ( 3820): [SDK] [java.lang.Class] [forName] [FindClass][String] [com.android.okhttp.HttpHandler]
D/S4URC   ( 3820): [SDK] [java.lang.Class] [forName] [FindClass][String] [com.android.org.conscrypt.OpenSSLContextImpl]
D/S4URC   ( 3820): [SDK] [java.net] [HttpURLConnection] [URL][String] [http://mobproxy7.com:1010/hlog]
D/S4URC   ( 3820): [SDK] [java.net] [HttpURLConnection] [Request][Method] [POST] [URL][String] [http://mobproxy7.com:1010/hlog]
D/S4URC   ( 3820): [SDK] [java.lang.Class] [forName] [FindClass][String] [java.net.PlainSocketImpl]
D/S4URC   ( 3820): [SDK] [android.content.ContextWrapper][getSharedPreferences] [File][com.jqepef.edrydg_preferences.xml] [MODE][MODE_PRIVATE] [Method][getString] [String][/sArw5T39EFXMYim/iTaU+WZdVuv7NcahsQK1puBnSY=] [Return][W4fnud61WncxeHS4F1B19g==:8TnjHII4Oh5peUrQvDxr8xGU0sp8aMvG2y1p9/zWyJs=]
D/S4URC   ( 3820): [SDK] [android.content.ContextWrapper][getSharedPreferences] [File][com.jqepef.edrydg_preferences.xml] [MODE][MODE_PRIVATE] [Method][getString] [String][8v+DhgpNwgOYjtGiK6HyEjfwSr29DEyVEQPPvtEh3ng=] [Return][XG2kuZql54BbqHd7MwC9vw==:Zns69dx9taqDdbLn9Wk6iATS4l6wlvqIMKnRVglqY5Y=:HkhfFoZMDCKgK3SBbLXLqw==]
D/S4URC   ( 3820): [SDK] [javax.crypto.spec.SecretKeySpec][Constructor] [KEY][8TnjHII4Oh5peUrQvDxr8xGU0sp8aMvG2y1p9/zWyJs=][type][HmacSHA256][javax.crypto.Cipher][getInstance] [Cipher][AES/CBC/PKCS5Padding] [javax.crypto.spec.IvParameterSpec][Constructor] [IV][XG2kuZql54BbqHd7MwC9vw==] [javax.crypto.Cipher][doFinal] [Data][HkhfFoZMDCKgK3SBbLXLqw==] [Return][mobproxy7.com]
D/S4URC   ( 3820): [SDK] [java.net] [HttpURLConnection] [URL][String] [http://mobproxy7.com:1010/speedtest/download?size=153600]
D/S4URC   ( 3820): [SDK] [java.lang.Class] [forName] [FindClass][String] [java.net.PlainSocketImpl]
D/S4URC   ( 3820): [SDK] [android.content.ContextWrapper][getSharedPreferences] [File][com.jqepef.edrydg_preferences.xml] [MODE][MODE_PRIVATE] [Method][getString] [String][/sArw5T39EFXMYim/iTaU+WZdVuv7NcahsQK1puBnSY=] [Return][W4fnud61WncxeHS4F1B19g==:8TnjHII4Oh5peUrQvDxr8xGU0sp8aMvG2y1p9/zWyJs=]
D/S4URC   ( 3820): [SDK] [javax.crypto.spec.SecretKeySpec][Constructor] [KEY][8TnjHII4Oh5peUrQvDxr8xGU0sp8aMvG2y1p9/zWyJs=][type][HmacSHA256][javax.crypto.Cipher][getInstance] [Cipher][AES/CBC/PKCS5Padding] [javax.crypto.spec.IvParameterSpec][Constructor] [IV][kNkHCmDaOAjWV2dt7cGZng==] [javax.crypto.Cipher][doFinal] [Data][wifi] [Return][LBem/0hpYDRR9cxAqoEd/w==]
D/S4URC   ( 3820): [SDK] [android.content.ContextWrapper][getSharedPreferences] [File][com.jqepef.edrydg_preferences.xml] [MODE][MODE_PRIVATE] [Method][putString] [Key][U4MtfPuW7rf9SdxK63zZkoBxILgr1kkeKs1U4phIXoQ=] [Value][kNkHCmDaOAjWV2dt7cGZng==:9WnyXSga79KVJsT0/S1jRYd9161K9T4SWxQmPym/a2g=:LBem/0hpYDRR9cxAqoEd/w==]
D/S4URC   ( 3820): [SDK] [java.io.File] [exists] [FilePath][String] [/data/data/com.jqepef.edrydg/shared_prefs/com.jqepef.edrydg_preferences.xml]
D/S4URC   ( 3820): [SDK] [java.io.File] [exists] [FilePath][String] [/data/data/com.jqepef.edrydg/shared_prefs/com.jqepef.edrydg_preferences.xml.bak]
D/S4URC   ( 3820): [SDK] [java.io.File] [renameTo] [FilePath][String] [/data/data/com.jqepef.edrydg/shared_prefs/com.jqepef.edrydg_preferences.xml] [DesFile][/data/data/com.jqepef.edrydg/shared_prefs/com.jqepef.edrydg_preferences.xml.bak]
D/S4URC   ( 3820): [SDK] [java.io.File] [getPath] [FilePath][String] [/data/data/com.jqepef.edrydg/shared_prefs/com.jqepef.edrydg_preferences.xml]
D/S4URC   ( 3820): [SDK] [java.io.File] [delete] [FilePath][String] [/data/data/com.jqepef.edrydg/shared_prefs/com.jqepef.edrydg_preferences.xml.bak]
D/S4URC   ( 3820): [SDK] [android.content.ContextWrapper][getSharedPreferences] [File][com.jqepef.edrydg_preferences.xml] [MODE][MODE_PRIVATE] [Method][commit]
D/S4URC   ( 3696): [SDK] [java.io.File] [Constructor] [FilePath][String] [/data/data/com.jqepef.edrydg/files/Mint-lastsavedfile]
D/S4URC   ( 3696): [SDK] [java.io.File] [getPath] [FilePath][String] [/data/data/com.jqepef.edrydg/files/Mint-lastsavedfile]
D/S4URC   ( 3696): [NDK] [SYSCALL] [open] [PATH][string] [/data/data/com.jqepef.edrydg/files/Mint-lastsavedfile] [RETURN][int] [22]
D/S4URC   ( 3696): [SDK] [java.io.File] [Constructor] [FilePath][String] [/data/data/com.jqepef.edrydg/files/MintSavedData-1-1528136741910.json]
D/S4URC   ( 3696): [NDK] [SYSCALL] [stat] [PATH][string] [/data/data/com.jqepef.edrydg/files/MintSavedData-1-1528136741910.json]
D/S4URC   ( 3696): [SDK] [java.io.File] [exists] [FilePath][String] [/data/data/com.jqepef.edrydg/files/MintSavedData-1-1528136741910.json]
D/S4URC   ( 3696): [NDK] [SYSCALL] [access] [PATH][string] [/data/data/com.jqepef.edrydg/files/MintSavedData-1-1528136741910.json]
D/S4URC   ( 3696): [SDK] [java.io.File] [getPath] [FilePath][String] [/data/data/com.jqepef.edrydg/files/MintSavedData-1-1528136741910.json]
D/S4URC   ( 3696): [NDK] [SYSCALL] [open] [PATH][string] [/data/data/com.jqepef.edrydg/files/MintSavedData-1-1528136741910.json] [RETURN][int] [22]
D/S4URC   ( 3696): [SDK] [java.io.File] [getName] [FilePath][String] [/data/data/com.jqepef.edrydg/files/MintSavedData-1-1528136741910.json]
D/S4URC   ( 3696): [SDK] [java.io.File] [Constructor] [FilePath][String] [/data/data/com.jqepef.edrydg/files/Mint-lastsavedfile]
D/S4URC   ( 3696): [SDK] [java.io.File] [exists] [FilePath][String] [/data/data/com.jqepef.edrydg/files/Mint-lastsavedfile]
D/S4URC   ( 3696): [NDK] [SYSCALL] [access] [PATH][string] [/data/data/com.jqepef.edrydg/files/Mint-lastsavedfile]
D/S4URC   ( 3696): [SDK] [java.io.File] [getPath] [FilePath][String] [/data/data/com.jqepef.edrydg/files/Mint-lastsavedfile]
D/S4URC   ( 3696): [NDK] [SYSCALL] [open] [PATH][string] [/data/data/com.jqepef.edrydg/files/Mint-lastsavedfile] [RETURN][int] [18]
D/S4URC   ( 3696): [SDK] [java.io.File] [Constructor] [FilePath][String] [/system/app/Superuser.apk]
D/S4URC   ( 3696): [SDK] [java.io.File] [exists] [FilePath][String] [/system/app/Superuser.apk]
D/S4URC   ( 3696): [NDK] [SYSCALL] [access] [PATH][string] [/system/app/Superuser.apk]
D/S4URC   ( 3696): [SDK] [java.lang.Runtime] [exec] [Command][String] [/system/xbin/whichsu]
D/S4URC   ( 4104): [NDK] [SYSCALL] [getdents] [PATH][string] [.]
D/S4URC   ( 3696): [SDK] [android.telephony.TelephonyManager] [getLine1Number]
D/S4URC   ( 3696): [SDK] [android.telephony.TelephonyManager] [getSubscriberId]
D/S4URC   ( 3696): [SDK] [android.app.ApplicationPackageManager] [getPackageInfo] [FindPackageName][String] [com.jqepef.edrydg]
D/S4URC   ( 3696): [SDK] [android.content.ContextWrapper][getSharedPreferences] [File][Preferences.xml] [MODE][MODE_PRIVATE] [Method][getString] [String][mobile] [Return][null]
D/S4URC   ( 3696): [SDK] [android.content.ContextWrapper][getSharedPreferences] [File][Preferences.xml] [MODE][MODE_PRIVATE] [Method][getString] [String][agent] [Return][Dalvik/2.1.0 (Linux; U; Android 5.1.1; galaxys5 Build/LMY49J)]
D/S4URC   ( 3820): [SDK] [java.io.File] [Constructor] [FilePath][String] [/data/data/com.jqepef.edrydg/files/Mint-lastsavedfile]
D/S4URC   ( 3820): [SDK] [java.io.File] [getPath] [FilePath][String] [/data/data/com.jqepef.edrydg/files/Mint-lastsavedfile]
D/S4URC   ( 3820): [SDK] [java.io.File] [Constructor] [FilePath][String] [/data/data/com.jqepef.edrydg/files/MintSavedData-1-1528136741910.json]
D/S4URC   ( 3820): [SDK] [java.io.File] [exists] [FilePath][String] [/data/data/com.jqepef.edrydg/files/MintSavedData-1-1528136741910.json]
D/S4URC   ( 3820): [SDK] [java.io.File] [getPath] [FilePath][String] [/data/data/com.jqepef.edrydg/files/MintSavedData-1-1528136741910.json]
D/S4URC   ( 3820): [SDK] [android.content.ContextWrapper][getSharedPreferences] [File][com.jqepef.edrydg_preferences.xml] [MODE][MODE_PRIVATE]
D/S4URC   ( 3820): [SDK] [java.io.File] [getName] [FilePath][String] [/data/data/com.jqepef.edrydg/files/MintSavedData-1-1528136741910.json]
D/S4URC   ( 3820): [SDK] [java.io.File] [Constructor] [FilePath][String] [/data/data/com.jqepef.edrydg/files/Mint-lastsavedfile]
D/S4URC   ( 3820): [SDK] [java.io.File] [exists] [FilePath][String] [/data/data/com.jqepef.edrydg/files/Mint-lastsavedfile]
D/S4URC   ( 3820): [SDK] [javax.crypto.spec.PBEKeySpec][Constructor] [Password][com.jqepef.edrydg] [Salt][unknown]
D/S4URC   ( 3820): [SDK] [java.io.File] [getPath] [FilePath][String] [/data/data/com.jqepef.edrydg/files/Mint-lastsavedfile]
D/S4URC   ( 3820): [SDK] [java.io.File] [Constructor] [FilePath][String] [/data/data/com.jqepef.edrydg/files/Mint-lastsavedfile]
D/S4URC   ( 3820): [SDK] [java.io.File] [getPath] [FilePath][String] [/data/data/com.jqepef.edrydg/files/Mint-lastsavedfile]
D/S4URC   ( 3820): [SDK] [java.io.File] [Constructor] [FilePath][String] [/data/data/com.jqepef.edrydg/files/MintSavedData-1-1528136741910.json]
D/S4URC   ( 3820): [SDK] [java.io.File] [exists] [FilePath][String] [/data/data/com.jqepef.edrydg/files/MintSavedData-1-1528136741910.json]
D/S4URC   ( 3820): [SDK] [java.io.File] [getPath] [FilePath][String] [/data/data/com.jqepef.edrydg/files/MintSavedData-1-1528136741910.json]
D/S4URC   ( 3820): [SDK] [java.io.File] [getName] [FilePath][String] [/data/data/com.jqepef.edrydg/files/MintSavedData-1-1528136741910.json]
D/S4URC   ( 3820): [SDK] [java.io.File] [Constructor] [FilePath][String] [/data/data/com.jqepef.edrydg/files/Mint-lastsavedfile]
D/S4URC   ( 3820): [SDK] [java.io.File] [exists] [FilePath][String] [/data/data/com.jqepef.edrydg/files/Mint-lastsavedfile]
D/S4URC   ( 3820): [SDK] [java.io.File] [getPath] [FilePath][String] [/data/data/com.jqepef.edrydg/files/Mint-lastsavedfile]
D/S4URC   ( 3696): [SDK] [java.lang.Class] [forName] [FindClass][String] [java.net.PlainSocketImpl]
D/S4URC   ( 3696): [NDK] [SYSCALL] [socket] [TYPE][string] [TCP]
D/S4URC   ( 3820): [SDK] [android.content.ContextWrapper][getSharedPreferences] [File][com.jqepef.edrydg_preferences.xml] [MODE][MODE_PRIVATE] [Method][getString] [String][/sArw5T39EFXMYim/iTaU+WZdVuv7NcahsQK1puBnSY=] [Return][W4fnud61WncxeHS4F1B19g==:8TnjHII4Oh5peUrQvDxr8xGU0sp8aMvG2y1p9/zWyJs=]
D/S4URC   ( 3820): [SDK] [android.content.ContextWrapper][getSharedPreferences] [File][com.jqepef.edrydg_preferences.xml] [MODE][MODE_PRIVATE] [Method][getString] [String][8v+DhgpNwgOYjtGiK6HyEjfwSr29DEyVEQPPvtEh3ng=] [Return][XG2kuZql54BbqHd7MwC9vw==:Zns69dx9taqDdbLn9Wk6iATS4l6wlvqIMKnRVglqY5Y=:HkhfFoZMDCKgK3SBbLXLqw==]
D/S4URC   ( 3820): [SDK] [javax.crypto.spec.SecretKeySpec][Constructor] [KEY][8TnjHII4Oh5peUrQvDxr8xGU0sp8aMvG2y1p9/zWyJs=][type][HmacSHA256][javax.crypto.Cipher][getInstance] [Cipher][AES/CBC/PKCS5Padding] [javax.crypto.spec.IvParameterSpec][Constructor] [IV][XG2kuZql54BbqHd7MwC9vw==] [javax.crypto.Cipher][doFinal] [Data][HkhfFoZMDCKgK3SBbLXLqw==] [Return][mobproxy7.com]
D/S4URC   ( 3820): [SDK] [android.content.ContextWrapper][getSharedPreferences] [File][com.jqepef.edrydg_preferences.xml] [MODE][MODE_PRIVATE]
D/S4URC   ( 3820): [SDK] [javax.crypto.spec.PBEKeySpec][Constructor] [Password][com.jqepef.edrydg] [Salt][unknown]
D/S4URC   ( 3696): [SDK] [java.io.File] [Constructor] [FilePath][String] [/data/data/com.jqepef.edrydg/files/Mint-lastsavedfile]
D/S4URC   ( 3696): [SDK] [java.io.File] [getPath] [FilePath][String] [/data/data/com.jqepef.edrydg/files/Mint-lastsavedfile]
D/S4URC   ( 3696): [NDK] [SYSCALL] [open] [PATH][string] [/data/data/com.jqepef.edrydg/files/Mint-lastsavedfile] [RETURN][int] [19]
D/S4URC   ( 3696): [SDK] [java.io.File] [Constructor] [FilePath][String] [/data/data/com.jqepef.edrydg/files/MintSavedData-1-1528136741910.json]
D/S4URC   ( 3696): [NDK] [SYSCALL] [stat] [PATH][string] [/data/data/com.jqepef.edrydg/files/MintSavedData-1-1528136741910.json]
D/S4URC   ( 3696): [SDK] [java.io.File] [exists] [FilePath][String] [/data/data/com.jqepef.edrydg/files/MintSavedData-1-1528136741910.json]
D/S4URC   ( 3696): [NDK] [SYSCALL] [access] [PATH][string] [/data/data/com.jqepef.edrydg/files/MintSavedData-1-1528136741910.json]
D/S4URC   ( 3696): [SDK] [java.io.File] [getPath] [FilePath][String] [/data/data/com.jqepef.edrydg/files/MintSavedData-1-1528136741910.json]
D/S4URC   ( 3696): [NDK] [SYSCALL] [open] [PATH][string] [/data/data/com.jqepef.edrydg/files/MintSavedData-1-1528136741910.json] [RETURN][int] [19]
D/S4URC   ( 3696): [SDK] [java.io.File] [getName] [FilePath][String] [/data/data/com.jqepef.edrydg/files/MintSavedData-1-1528136741910.json]
D/S4URC   ( 3696): [SDK] [java.io.File] [Constructor] [FilePath][String] [/data/data/com.jqepef.edrydg/files/Mint-lastsavedfile]
D/S4URC   ( 3696): [SDK] [java.io.File] [exists] [FilePath][String] [/data/data/com.jqepef.edrydg/files/Mint-lastsavedfile]
D/S4URC   ( 3696): [NDK] [SYSCALL] [access] [PATH][string] [/data/data/com.jqepef.edrydg/files/Mint-lastsavedfile]
D/S4URC   ( 3696): [SDK] [java.io.File] [getPath] [FilePath][String] [/data/data/com.jqepef.edrydg/files/Mint-lastsavedfile]
D/S4URC   ( 3696): [NDK] [SYSCALL] [open] [PATH][string] [/data/data/com.jqepef.edrydg/files/Mint-lastsavedfile] [RETURN][int] [18]
D/S4URC   ( 3696): [SDK] [java.io.File] [Constructor] [FilePath][String] [/system/app/Superuser.apk]
D/S4URC   ( 3696): [SDK] [java.io.File] [exists] [FilePath][String] [/system/app/Superuser.apk]
D/S4URC   ( 3696): [NDK] [SYSCALL] [access] [PATH][string] [/system/app/Superuser.apk]
D/S4URC   ( 3696): [SDK] [java.lang.Runtime] [exec] [Command][String] [/system/xbin/whichsu]
D/S4URC   ( 4132): [NDK] [SYSCALL] [getdents] [PATH][string] [.]
D/S4URC   ( 3696): [SDK] [android.telephony.TelephonyManager] [getLine1Number]
D/S4URC   ( 3696): [SDK] [android.telephony.TelephonyManager] [getSubscriberId]
D/S4URC   ( 3696): [SDK] [android.app.ApplicationPackageManager] [getPackageInfo] [FindPackageName][String] [com.jqepef.edrydg]
D/S4URC   ( 3696): [SDK] [android.content.ContextWrapper][getSharedPreferences] [File][Preferences.xml] [MODE][MODE_PRIVATE] [Method][getString] [String][mobile] [Return][null]
D/S4URC   ( 3696): [SDK] [android.content.ContextWrapper][getSharedPreferences] [File][Preferences.xml] [MODE][MODE_PRIVATE] [Method][getString] [String][agent] [Return][Dalvik/2.1.0 (Linux; U; Android 5.1.1; galaxys5 Build/LMY49J)]
D/S4URC   ( 3696): [SDK] [java.lang.Class] [forName] [FindClass][String] [java.net.PlainSocketImpl]
D/S4URC   ( 3696): [NDK] [SYSCALL] [socket] [TYPE][string] [TCP]
D/S4URC   ( 3820): [SDK] [android.content.ContextWrapper][getSharedPreferences] [File][com.jqepef.edrydg_preferences.xml] [MODE][MODE_PRIVATE] [Method][getString] [String][/sArw5T39EFXMYim/iTaU+WZdVuv7NcahsQK1puBnSY=] [Return][W4fnud61WncxeHS4F1B19g==:8TnjHII4Oh5peUrQvDxr8xGU0sp8aMvG2y1p9/zWyJs=]
D/S4URC   ( 3820): [SDK] [javax.crypto.spec.SecretKeySpec][Constructor] [KEY][8TnjHII4Oh5peUrQvDxr8xGU0sp8aMvG2y1p9/zWyJs=][type][HmacSHA256][javax.crypto.Cipher][getInstance] [Cipher][AES/CBC/PKCS5Padding] [javax.crypto.spec.IvParameterSpec][Constructor] [IV][RlnIyYCwncGk3d1EyhEYLQ==] [javax.crypto.Cipher][doFinal] [Data][mobproxy.net,mobproxy7.com] [Return][vmirDjzW5axEysXD+uDyRmU8S56FKEkRCNUmqFDoWzk=]
D/S4URC   ( 3820): [SDK] [android.content.ContextWrapper][getSharedPreferences] [File][com.jqepef.edrydg_preferences.xml] [MODE][MODE_PRIVATE] [Method][putString] [Key][8v+DhgpNwgOYjtGiK6HyEjfwSr29DEyVEQPPvtEh3ng=] [Value][RlnIyYCwncGk3d1EyhEYLQ==:Eqv9VuQWEVPzykwlj5yImk02siUvrB4dXBP8fUmBKqI=:vmirDjzW5axEysXD+uDyRmU8S56FKEkRCNUmqFDoWzk=]
D/S4URC   ( 3820): [SDK] [android.content.ContextWrapper][getSharedPreferences] [File][com.jqepef.edrydg_preferences.xml] [MODE][MODE_PRIVATE]
D/S4URC   ( 3820): [SDK] [javax.crypto.spec.PBEKeySpec][Constructor] [Password][com.jqepef.edrydg] [Salt][unknown]
D/S4URC   ( 3820): [SDK] [java.io.File] [exists] [FilePath][String] [/data/data/com.jqepef.edrydg/shared_prefs/com.jqepef.edrydg_preferences.xml]
D/S4URC   ( 3820): [SDK] [java.io.File] [exists] [FilePath][String] [/data/data/com.jqepef.edrydg/shared_prefs/com.jqepef.edrydg_preferences.xml.bak]
D/S4URC   ( 3820): [SDK] [java.io.File] [renameTo] [FilePath][String] [/data/data/com.jqepef.edrydg/shared_prefs/com.jqepef.edrydg_preferences.xml] [DesFile][/data/data/com.jqepef.edrydg/shared_prefs/com.jqepef.edrydg_preferences.xml.bak]
D/S4URC   ( 3820): [SDK] [java.io.File] [getPath] [FilePath][String] [/data/data/com.jqepef.edrydg/shared_prefs/com.jqepef.edrydg_preferences.xml]
D/S4URC   ( 3820): [SDK] [java.io.File] [delete] [FilePath][String] [/data/data/com.jqepef.edrydg/shared_prefs/com.jqepef.edrydg_preferences.xml.bak]
D/S4URC   ( 3820): [SDK] [android.content.ContextWrapper][getSharedPreferences] [File][com.jqepef.edrydg_preferences.xml] [MODE][MODE_PRIVATE] [Method][commit]
D/S4URC   ( 3696): [SDK] [java.io.File] [Constructor] [FilePath][String] [/data/data/com.jqepef.edrydg/files/Mint-lastsavedfile]
D/S4URC   ( 3696): [SDK] [java.io.File] [getPath] [FilePath][String] [/data/data/com.jqepef.edrydg/files/Mint-lastsavedfile]
D/S4URC   ( 3696): [NDK] [SYSCALL] [open] [PATH][string] [/data/data/com.jqepef.edrydg/files/Mint-lastsavedfile] [RETURN][int] [22]
D/S4URC   ( 3696): [SDK] [java.io.File] [Constructor] [FilePath][String] [/data/data/com.jqepef.edrydg/files/MintSavedData-1-1528136741910.json]
D/S4URC   ( 3696): [NDK] [SYSCALL] [stat] [PATH][string] [/data/data/com.jqepef.edrydg/files/MintSavedData-1-1528136741910.json]
D/S4URC   ( 3696): [SDK] [java.io.File] [exists] [FilePath][String] [/data/data/com.jqepef.edrydg/files/MintSavedData-1-1528136741910.json]
D/S4URC   ( 3696): [NDK] [SYSCALL] [access] [PATH][string] [/data/data/com.jqepef.edrydg/files/MintSavedData-1-1528136741910.json]
D/S4URC   ( 3696): [SDK] [java.io.File] [getPath] [FilePath][String] [/data/data/com.jqepef.edrydg/files/MintSavedData-1-1528136741910.json]
D/S4URC   ( 3696): [NDK] [SYSCALL] [open] [PATH][string] [/data/data/com.jqepef.edrydg/files/MintSavedData-1-1528136741910.json] [RETURN][int] [22]
D/S4URC   ( 3696): [SDK] [java.io.File] [getName] [FilePath][String] [/data/data/com.jqepef.edrydg/files/MintSavedData-1-1528136741910.json]
D/S4URC   ( 3696): [SDK] [java.io.File] [Constructor] [FilePath][String] [/data/data/com.jqepef.edrydg/files/Mint-lastsavedfile]
D/S4URC   ( 3696): [SDK] [java.io.File] [exists] [FilePath][String] [/data/data/com.jqepef.edrydg/files/Mint-lastsavedfile]
D/S4URC   ( 3696): [NDK] [SYSCALL] [access] [PATH][string] [/data/data/com.jqepef.edrydg/files/Mint-lastsavedfile]
D/S4URC   ( 3696): [SDK] [java.io.File] [getPath] [FilePath][String] [/data/data/com.jqepef.edrydg/files/Mint-lastsavedfile]
D/S4URC   ( 3696): [NDK] [SYSCALL] [open] [PATH][string] [/data/data/com.jqepef.edrydg/files/Mint-lastsavedfile] [RETURN][int] [18]
D/S4URC   ( 3696): [SDK] [java.io.File] [Constructor] [FilePath][String] [/system/app/Superuser.apk]
D/S4URC   ( 3696): [SDK] [java.io.File] [exists] [FilePath][String] [/system/app/Superuser.apk]
D/S4URC   ( 3696): [NDK] [SYSCALL] [access] [PATH][string] [/system/app/Superuser.apk]
D/S4URC   ( 3696): [SDK] [java.lang.Runtime] [exec] [Command][String] [/system/xbin/whichsu]
D/S4URC   ( 4136): [NDK] [SYSCALL] [getdents] [PATH][string] [.]
D/S4URC   ( 3696): [SDK] [android.telephony.TelephonyManager] [getLine1Number]
D/S4URC   ( 3696): [SDK] [android.telephony.TelephonyManager] [getSubscriberId]
D/S4URC   ( 3696): [SDK] [android.app.ApplicationPackageManager] [getPackageInfo] [FindPackageName][String] [com.jqepef.edrydg]
D/S4URC   ( 3696): [SDK] [android.content.ContextWrapper][getSharedPreferences] [File][Preferences.xml] [MODE][MODE_PRIVATE] [Method][getString] [String][mobile] [Return][null]
D/S4URC   ( 3696): [SDK] [android.content.ContextWrapper][getSharedPreferences] [File][Preferences.xml] [MODE][MODE_PRIVATE] [Method][getString] [String][agent] [Return][Dalvik/2.1.0 (Linux; U; Android 5.1.1; galaxys5 Build/LMY49J)]
D/S4URC   ( 3696): [SDK] [java.lang.Class] [forName] [FindClass][String] [java.net.PlainSocketImpl]
D/S4URC   ( 3696): [NDK] [SYSCALL] [socket] [TYPE][string] [TCP]
D/S4URC   ( 3820):  [Method][getString] [String][/sArw5T39EFXMYim/iTaU+WZdVuv7NcahsQK1puBnSY=] [Return][W4fnud61WncxeHS4F1B19g==:8TnjHII4Oh5peUrQvDxr8xGU0sp8aMvG2y1p9/zWyJs=]
D/S4URC   ( 3820):  [Method][getString] [String][8v+DhgpNwgOYjtGiK6HyEjfwSr29DEyVEQPPvtEh3ng=] [Return][RlnIyYCwncGk3d1EyhEYLQ==:Eqv9VuQWEVPzykwlj5yImk02siUvrB4dXBP8fUmBKqI=:vmirDjzW5axEysXD+uDyRmU8S56FKEkRCNUmqFDoWzk=]
D/S4URC   ( 3820): [SDK] [javax.crypto.spec.SecretKeySpec][Constructor] [KEY][8TnjHII4Oh5peUrQvDxr8xGU0sp8aMvG2y1p9/zWyJs=][type][HmacSHA256][javax.crypto.Cipher][getInstance] [Cipher][AES/CBC/PKCS5Padding] [javax.crypto.spec.IvParameterSpec][Constructor] [IV][RlnIyYCwncGk3d1EyhEYLQ==] [javax.crypto.Cipher][doFinal] [Data][vmirDjzW5axEysXD+uDyRmU8S56FKEkRCNUmqFDoWzk=] [Return][mobproxy.net,mobproxy7.com]
D/S4URC   ( 3820): [SDK] [android.content.ContextWrapper][getSharedPreferences] [File][com.jqepef.edrydg_preferences.xml] [MODE][MODE_PRIVATE]
D/S4URC   ( 3820): [SDK] [javax.crypto.spec.PBEKeySpec][Constructor] [Password][com.jqepef.edrydg] [Salt][unknown]
D/S4URC   ( 3696): [SDK] [java.io.File] [Constructor] [FilePath][String] [/data/data/com.jqepef.edrydg/files/Mint-lastsavedfile]
D/S4URC   ( 3696): [SDK] [java.io.File] [getPath] [FilePath][String] [/data/data/com.jqepef.edrydg/files/Mint-lastsavedfile]
D/S4URC   ( 3696): [NDK] [SYSCALL] [open] [PATH][string] [/data/data/com.jqepef.edrydg/files/Mint-lastsavedfile] [RETURN][int] [19]
D/S4URC   ( 3696): [SDK] [java.io.File] [Constructor] [FilePath][String] [/data/data/com.jqepef.edrydg/files/MintSavedData-1-1528136741910.json]
D/S4URC   ( 3696): [NDK] [SYSCALL] [stat] [PATH][string] [/data/data/com.jqepef.edrydg/files/MintSavedData-1-1528136741910.json]
D/S4URC   ( 3696): [SDK] [java.io.File] [exists] [FilePath][String] [/data/data/com.jqepef.edrydg/files/MintSavedData-1-1528136741910.json]
D/S4URC   ( 3696): [NDK] [SYSCALL] [access] [PATH][string] [/data/data/com.jqepef.edrydg/files/MintSavedData-1-1528136741910.json]
D/S4URC   ( 3696): [SDK] [java.io.File] [getPath] [FilePath][String] [/data/data/com.jqepef.edrydg/files/MintSavedData-1-1528136741910.json]
D/S4URC   ( 3696): [NDK] [SYSCALL] [open] [PATH][string] [/data/data/com.jqepef.edrydg/files/MintSavedData-1-1528136741910.json] [RETURN][int] [19]
D/S4URC   ( 3696): [SDK] [java.io.File] [getName] [FilePath][String] [/data/data/com.jqepef.edrydg/files/MintSavedData-1-1528136741910.json]
D/S4URC   ( 3696): [SDK] [java.io.File] [Constructor] [FilePath][String] [/data/data/com.jqepef.edrydg/files/Mint-lastsavedfile]
D/S4URC   ( 3696): [SDK] [java.io.File] [exists] [FilePath][String] [/data/data/com.jqepef.edrydg/files/Mint-lastsavedfile]
D/S4URC   ( 3696): [NDK] [SYSCALL] [access] [PATH][string] [/data/data/com.jqepef.edrydg/files/Mint-lastsavedfile]
D/S4URC   ( 3696): [SDK] [java.io.File] [getPath] [FilePath][String] [/data/data/com.jqepef.edrydg/files/Mint-lastsavedfile]
D/S4URC   ( 3696): [SDK] [java.io.File] [Constructor] [FilePath][String] [/system/app/Superuser.apk]
D/S4URC   ( 3696): [NDK] [SYSCALL] [open] [PATH][string] [/data/data/com.jqepef.edrydg/files/Mint-lastsavedfile] [RETURN][int] [18]
D/S4URC   ( 3696): [SDK] [java.io.File] [exists] [FilePath][String] [/system/app/Superuser.apk]
D/S4URC   ( 3696): [NDK] [SYSCALL] [access] [PATH][string] [/system/app/Superuser.apk]
D/S4URC   ( 3696): [SDK] [java.lang.Runtime] [exec] [Command][String] [/system/xbin/whichsu]
D/S4URC   ( 4148): [NDK] [SYSCALL] [getdents] [PATH][string] [.]
D/S4URC   ( 3696): [SDK] [android.telephony.TelephonyManager] [getLine1Number]
D/S4URC   ( 3696): [SDK] [android.telephony.TelephonyManager] [getSubscriberId]
D/S4URC   ( 3696): [SDK] [android.app.ApplicationPackageManager] [getPackageInfo] [FindPackageName][String] [com.jqepef.edrydg]
D/S4URC   ( 3696): [SDK] [android.content.ContextWrapper][getSharedPreferences] [File][Preferences.xml] [MODE][MODE_PRIVATE] [Method][getString] [String][mobile] [Return][null]
D/S4URC   ( 3696): [SDK] [android.content.ContextWrapper][getSharedPreferences] [File][Preferences.xml] [MODE][MODE_PRIVATE] [Method][getString] [String][agent] [Return][Dalvik/2.1.0 (Linux; U; Android 5.1.1; galaxys5 Build/LMY49J)]
D/S4URC   ( 3696): [SDK] [java.lang.Class] [forName] [FindClass][String] [java.net.PlainSocketImpl]
D/S4URC   ( 3696): [NDK] [SYSCALL] [socket] [TYPE][string] [TCP]
D/S4URC   ( 3820): [SDK] [android.content.ContextWrapper][getSharedPreferences] [File][com.jqepef.edrydg_preferences.xml] [MODE][MODE_PRIVATE] [Method][getString] [String][/sArw5T39EFXMYim/iTaU+WZdVuv7NcahsQK1puBnSY=] [Return][W4fnud61WncxeHS4F1B19g==:8TnjHII4Oh5peUrQvDxr8xGU0sp8aMvG2y1p9/zWyJs=]
D/S4URC   ( 3820): [SDK] [android.content.ContextWrapper][getSharedPreferences] [File][com.jqepef.edrydg_preferences.xml] [MODE][MODE_PRIVATE] [Method][getString] [String][KTG81sSjZqvKo7LXRs0+R1OcEkazrNv6w297XBpYnVs=] [Return][1r8rC+UWnC+hbyuu3gB1kQ==:7l2DJFH+5ec66M8KkcSiUaZgeGzwuFPkRXT8ZnVJELw=:6pCIQJuMBerLsTNHO2Actw==]
D/S4URC   ( 3820): [SDK] [javax.crypto.spec.SecretKeySpec][Constructor] [KEY][8TnjHII4Oh5peUrQvDxr8xGU0sp8aMvG2y1p9/zWyJs=][type][HmacSHA256][javax.crypto.Cipher][getInstance] [Cipher][AES/CBC/PKCS5Padding] [javax.crypto.spec.IvParameterSpec][Constructor] [IV][1r8rC+UWnC+hbyuu3gB1kQ==] [javax.crypto.Cipher][doFinal] [Data][6pCIQJuMBerLsTNHO2Actw==] [Return][-1]
D/S4URC   ( 3820): [SDK] [android.content.ContextWrapper][getSharedPreferences] [File][com.jqepef.edrydg_preferences.xml] [MODE][MODE_PRIVATE]
D/S4URC   ( 3820): [SDK] [javax.crypto.spec.PBEKeySpec][Constructor] [Password][com.jqepef.edrydg] [Salt][unknown]
D/S4URC   ( 3696): [SDK] [java.io.File] [Constructor] [FilePath][String] [/data/data/com.jqepef.edrydg/files/Mint-lastsavedfile]
D/S4URC   ( 3696): [SDK] [java.io.File] [getPath] [FilePath][String] [/data/data/com.jqepef.edrydg/files/Mint-lastsavedfile]
D/S4URC   ( 3696): [NDK] [SYSCALL] [open] [PATH][string] [/data/data/com.jqepef.edrydg/files/Mint-lastsavedfile] [RETURN][int] [19]
D/S4URC   ( 3696): [SDK] [java.io.File] [Constructor] [FilePath][String] [/data/data/com.jqepef.edrydg/files/MintSavedData-1-1528136741910.json]
D/S4URC   ( 3696): [NDK] [SYSCALL] [stat] [PATH][string] [/data/data/com.jqepef.edrydg/files/MintSavedData-1-1528136741910.json]
D/S4URC   ( 3696): [SDK] [java.io.File] [exists] [FilePath][String] [/data/data/com.jqepef.edrydg/files/MintSavedData-1-1528136741910.json]
D/S4URC   ( 3696): [NDK] [SYSCALL] [access] [PATH][string] [/data/data/com.jqepef.edrydg/files/MintSavedData-1-1528136741910.json]
D/S4URC   ( 3696): [SDK] [java.io.File] [getPath] [FilePath][String] [/data/data/com.jqepef.edrydg/files/MintSavedData-1-1528136741910.json]
D/S4URC   ( 3696): [NDK] [SYSCALL] [open] [PATH][string] [/data/data/com.jqepef.edrydg/files/MintSavedData-1-1528136741910.json] [RETURN][int] [19]
D/S4URC   ( 3696): [SDK] [java.io.File] [getName] [FilePath][String] [/data/data/com.jqepef.edrydg/files/MintSavedData-1-1528136741910.json]
D/S4URC   ( 3696): [SDK] [java.io.File] [Constructor] [FilePath][String] [/data/data/com.jqepef.edrydg/files/Mint-lastsavedfile]
D/S4URC   ( 3696): [SDK] [java.io.File] [exists] [FilePath][String] [/data/data/com.jqepef.edrydg/files/Mint-lastsavedfile]
D/S4URC   ( 3696): [NDK] [SYSCALL] [access] [PATH][string] [/data/data/com.jqepef.edrydg/files/Mint-lastsavedfile]
D/S4URC   ( 3696): [SDK] [java.io.File] [getPath] [FilePath][String] [/data/data/com.jqepef.edrydg/files/Mint-lastsavedfile]
D/S4URC   ( 3696): [NDK] [SYSCALL] [open] [PATH][string] [/data/data/com.jqepef.edrydg/files/Mint-lastsavedfile] [RETURN][int] [18]
D/S4URC   ( 3696): [SDK] [java.io.File] [Constructor] [FilePath][String] [/system/app/Superuser.apk]
D/S4URC   ( 3696): [SDK] [java.io.File] [exists] [FilePath][String] [/system/app/Superuser.apk]
D/S4URC   ( 3696): [NDK] [SYSCALL] [access] [PATH][string] [/system/app/Superuser.apk]
D/S4URC   ( 3696): [SDK] [java.lang.Runtime] [exec] [Command][String] [/system/xbin/whichsu]
D/S4URC   ( 4159): [NDK] [SYSCALL] [getdents] [PATH][string] [.]
D/S4URC   ( 3696): [SDK] [android.telephony.TelephonyManager] [getLine1Number]
D/S4URC   ( 3696): [SDK] [android.telephony.TelephonyManager] [getSubscriberId]
D/S4URC   ( 3696): [SDK] [android.app.ApplicationPackageManager] [getPackageInfo] [FindPackageName][String] [com.jqepef.edrydg]
D/S4URC   ( 3696): [SDK] [android.content.ContextWrapper][getSharedPreferences] [File][Preferences.xml] [MODE][MODE_PRIVATE] [Method][getString] [String][mobile] [Return][null]
D/S4URC   ( 3696): [SDK] [android.content.ContextWrapper][getSharedPreferences] [File][Preferences.xml] [MODE][MODE_PRIVATE] [Method][getString] [String][agent] [Return][Dalvik/2.1.0 (Linux; U; Android 5.1.1; galaxys5 Build/LMY49J)]
D/S4URC   ( 3696): [SDK] [java.lang.Class] [forName] [FindClass][String] [java.net.PlainSocketImpl]
D/S4URC   ( 3696): [NDK] [SYSCALL] [socket] [TYPE][string] [TCP]
D/S4URC   ( 3820): [SDK] [android.content.ContextWrapper][getSharedPreferences] [File][com.jqepef.edrydg_preferences.xml] [MODE][MODE_PRIVATE] [Method][getString] [String][/sArw5T39EFXMYim/iTaU+WZdVuv7NcahsQK1puBnSY=] [Return][W4fnud61WncxeHS4F1B19g==:8TnjHII4Oh5peUrQvDxr8xGU0sp8aMvG2y1p9/zWyJs=]
D/S4URC   ( 3820): [SDK] [javax.crypto.spec.SecretKeySpec][Constructor] [KEY][8TnjHII4Oh5peUrQvDxr8xGU0sp8aMvG2y1p9/zWyJs=][type][HmacSHA256][javax.crypto.Cipher][getInstance] [Cipher][AES/CBC/PKCS5Padding] [javax.crypto.spec.IvParameterSpec][Constructor] [IV][PxR2/NpAFqKxB8hWu9VXdw==] [javax.crypto.Cipher][doFinal] [Data][mobproxy.net] [Return][QK3bVUKsMyJRXofJtPaLuw==]
D/S4URC   ( 3820): [SDK] [android.content.ContextWrapper][getSharedPreferences] [File][com.jqepef.edrydg_preferences.xml] [MODE][MODE_PRIVATE] [Method][putString] [Key][8v+DhgpNwgOYjtGiK6HyEjfwSr29DEyVEQPPvtEh3ng=] [Value][PxR2/NpAFqKxB8hWu9VXdw==:QnfwpmfQg/wWjVsu99fZp3GIsYokThtHM2bSe/+o/hA=:QK3bVUKsMyJRXofJtPaLuw==]
D/S4URC   ( 3820): [SDK] [android.content.ContextWrapper][getSharedPreferences] [File][com.jqepef.edrydg_preferences.xml] [MODE][MODE_PRIVATE]
D/S4URC   ( 3820): [SDK] [javax.crypto.spec.PBEKeySpec][Constructor] [Password][com.jqepef.edrydg] [Salt][unknown]
D/S4URC   ( 3820): [SDK] [java.io.File] [exists] [FilePath][String] [/data/data/com.jqepef.edrydg/shared_prefs/com.jqepef.edrydg_preferences.xml]
D/S4URC   ( 3820): [SDK] [java.io.File] [exists] [FilePath][String] [/data/data/com.jqepef.edrydg/shared_prefs/com.jqepef.edrydg_preferences.xml.bak]
D/S4URC   ( 3820): [SDK] [java.io.File] [renameTo] [FilePath][String] [/data/data/com.jqepef.edrydg/shared_prefs/com.jqepef.edrydg_preferences.xml] [DesFile][/data/data/com.jqepef.edrydg/shared_prefs/com.jqepef.edrydg_preferences.xml.bak]
D/S4URC   ( 3820): [SDK] [java.io.File] [getPath] [FilePath][String] [/data/data/com.jqepef.edrydg/shared_prefs/com.jqepef.edrydg_preferences.xml]
D/S4URC   ( 3820): [SDK] [java.io.File] [delete] [FilePath][String] [/data/data/com.jqepef.edrydg/shared_prefs/com.jqepef.edrydg_preferences.xml.bak]
D/S4URC   ( 3820): [SDK] [android.content.ContextWrapper][getSharedPreferences] [File][com.jqepef.edrydg_preferences.xml] [MODE][MODE_PRIVATE] [Method][commit]
D/S4URC   ( 3696): [SDK] [java.io.File] [Constructor] [FilePath][String] [/data/data/com.jqepef.edrydg/files/Mint-lastsavedfile]
D/S4URC   ( 3696): [SDK] [java.io.File] [getPath] [FilePath][String] [/data/data/com.jqepef.edrydg/files/Mint-lastsavedfile]
D/S4URC   ( 3696): [NDK] [SYSCALL] [open] [PATH][string] [/data/data/com.jqepef.edrydg/files/Mint-lastsavedfile] [RETURN][int] [19]
D/S4URC   ( 3696): [SDK] [java.io.File] [Constructor] [FilePath][String] [/data/data/com.jqepef.edrydg/files/MintSavedData-1-1528136741910.json]
D/S4URC   ( 3696): [NDK] [SYSCALL] [stat] [PATH][string] [/data/data/com.jqepef.edrydg/files/MintSavedData-1-1528136741910.json]
D/S4URC   ( 3696): [SDK] [java.io.File] [exists] [FilePath][String] [/data/data/com.jqepef.edrydg/files/MintSavedData-1-1528136741910.json]
D/S4URC   ( 3696): [NDK] [SYSCALL] [access] [PATH][string] [/data/data/com.jqepef.edrydg/files/MintSavedData-1-1528136741910.json]
