D/S4URC   ( 3681): [SDK] [java.io.File] [exists] [FilePath][String] [/data/data/com.sd.manerg/shared_prefs/pp.xml]
D/S4URC   ( 3681): [SDK] [java.io.File] [getPath] [FilePath][String] [/data/data/com.sd.manerg/shared_prefs/pp.xml]
D/S4URC   ( 3681): [SDK] [android.content.ContextWrapper][getSharedPreferences] [File][pp.xml] [MODE][MODE_PRIVATE] [Method][getBoolean] [Boolean][_ic] [Return][false]
D/S4URC   ( 3681): [SDK] [java.io.File] [getPath] [FilePath][String] [/data/data/com.sd.manerg/shared_prefs/pp.xml]
D/S4URC   ( 3681): [SDK] [android.content.ContextWrapper][getSharedPreferences] [File][pp.xml] [MODE][MODE_PRIVATE]
D/S4URC   ( 3681): [SDK] [java.io.File] [exists] [FilePath][String] [/data/data/com.sd.manerg/shared_prefs/pp.xml.bak]
D/S4URC   ( 3681): [SDK] [java.io.File] [exists] [FilePath][String] [/data/data/com.sd.manerg/shared_prefs/pp.xml]
D/S4URC   ( 3681): [SDK] [java.io.File] [getPath] [FilePath][String] [/data/data/com.sd.manerg/shared_prefs/pp.xml]
D/S4URC   ( 3681): [SDK] [android.content.ContextWrapper][getSharedPreferences] [File][pp.xml] [MODE][MODE_PRIVATE] [Method][getString] [String][plat_su] [Return][null]
D/S4URC   ( 3681): [SDK] [java.io.File] [getPath] [FilePath][String] [/storage/sdcard0]
D/S4URC   ( 3681): [SDK] [android.os.Environment] [getExternalStorageDirectory] [DirectoryPath][String] [/storage/sdcard0]
D/S4URC   ( 3681): [SDK] [java.io.File] [getPath] [FilePath][String] [/data/data/com.sd.manerg/shared_prefs]
D/S4URC   ( 3681): [SDK] [java.io.File] [getPath] [FilePath][String] [/data/data/com.sd.manerg/shared_prefs/device.xml]
D/S4URC   ( 3681): [SDK] [java.io.File] [Constructor] [FilePath][String] [/data/data/com.sd.manerg/shared_prefs/device.xml.bak]
D/S4URC   ( 3681): [SDK] [java.io.File] [exists] [FilePath][String] [/data/data/com.sd.manerg/shared_prefs/device.xml]
D/S4URC   ( 3681): [SDK] [android.content.ContextWrapper][getSharedPreferences] [File][device.xml] [MODE][MODE_PRIVATE]
D/S4URC   ( 3681): [SDK] [java.io.File] [exists] [FilePath][String] [/data/data/com.sd.manerg/shared_prefs/device.xml.bak]
D/S4URC   ( 3681): [SDK] [java.io.File] [exists] [FilePath][String] [/data/data/com.sd.manerg/shared_prefs/device.xml]
D/S4URC   ( 3681): [SDK] [java.io.File] [getPath] [FilePath][String] [/data/data/com.sd.manerg/shared_prefs/device.xml]
D/S4URC   ( 3681): [SDK] [android.content.ContextWrapper][getSharedPreferences] [File][device.xml] [MODE][MODE_PRIVATE] [Method][getString] [String][uid] [Return][null]
D/S4URC   ( 3681): [SDK] [java.io.File] [Constructor] [FilePath][String] [/storage/sdcard0]
D/S4URC   ( 3681): [SDK] [java.io.File] [Constructor] [FilePath][String] [/storage/sdcard1]
D/S4URC   ( 3681): [SDK] [java.io.File] [Constructor] [FilePath][String] [/storage/usb2host]
D/S4URC   ( 3681): [SDK] [java.io.File] [Constructor] [FilePath][String] [/storage/usb3device]
D/S4URC   ( 3681): [SDK] [java.io.File] [Constructor] [FilePath][String] [/storage/usb3host]
D/S4URC   ( 3681): [SDK] [android.os.Environment] [getExternalStorageState] [ExternalStorageState][String] [mounted]
D/S4URC   ( 3681): [SDK] [java.io.File] [Constructor] [FilePath][String] [/storage/sdcard0/device]
D/S4URC   ( 3681): [SDK] [java.io.File] [exists] [FilePath][String] [/storage/sdcard0/device]
D/S4URC   ( 3681): [SDK] [android.content.ContextWrapper] [registerReceiver][IntentFilter][android.intent.action.DOWNLOAD_COMPLETE,
D/S4URC   ( 3681): [SDK] [java.io.File] [getPath] [FilePath][String] [/data/data/com.sd.manerg/shared_prefs/device.xml]
D/S4URC   ( 3681): [SDK] [android.content.ContextWrapper][getSharedPreferences] [File][device.xml] [MODE][MODE_PRIVATE]
D/S4URC   ( 3681): [SDK] [java.io.File] [exists] [FilePath][String] [/data/data/com.sd.manerg/shared_prefs/device.xml.bak]
D/S4URC   ( 3681): [SDK] [java.io.File] [exists] [FilePath][String] [/data/data/com.sd.manerg/shared_prefs/device.xml]
D/S4URC   ( 3681): [SDK] [java.io.File] [getPath] [FilePath][String] [/data/data/com.sd.manerg/shared_prefs/device.xml]
D/S4URC   ( 3681): [SDK] [android.content.ContextWrapper][getSharedPreferences] [File][device.xml] [MODE][MODE_PRIVATE] [Method][putString] [Key][uid] [Value][e67d90a4c853b3ad0592fcbfe03f7661]
D/S4URC   ( 3681): [SDK] [java.io.File] [exists] [FilePath][String] [/data/data/com.sd.manerg/shared_prefs/device.xml]
D/S4URC   ( 3681): [SDK] [java.io.File] [getPath] [FilePath][String] [/data/data/com.sd.manerg/shared_prefs/device.xml]
D/S4URC   ( 3681): [SDK] [java.io.File] [delete] [FilePath][String] [/data/data/com.sd.manerg/shared_prefs/device.xml.bak]
D/S4URC   ( 3681): [SDK] [android.content.ContextWrapper][getSharedPreferences] [File][device.xml] [MODE][MODE_PRIVATE] [Method][commit]
D/S4URC   ( 3681): [SDK] [java.io.File] [Constructor] [FilePath][String] [/storage/sdcard0]
D/S4URC   ( 3681): [SDK] [java.io.File] [Constructor] [FilePath][String] [/storage/sdcard1]
D/S4URC   ( 3681): [SDK] [java.io.File] [Constructor] [FilePath][String] [/storage/usb2host]
D/S4URC   ( 3681): [SDK] [java.io.File] [Constructor] [FilePath][String] [/storage/usb3device]
D/S4URC   ( 3681): [SDK] [java.io.File] [Constructor] [FilePath][String] [/storage/usb3host]
D/S4URC   ( 3681): [SDK] [android.os.Environment] [getExternalStorageState] [ExternalStorageState][String] [mounted]
D/S4URC   ( 3681): [SDK] [java.io.File] [Constructor] [FilePath][String] [/storage/sdcard0/device]
D/S4URC   ( 3681): [SDK] [java.io.File] [getPath] [FilePath][String] [/storage/sdcard0/device]
D/S4URC   ( 3681): [SDK] [java.lang.Class] [forName] [FindClass][String] [android.telephony.MSimTelephonyManager]
D/S4URC   ( 3681): [SDK] [java.lang.Class] [forName] [FindClass][String] [com.android.internal.telephony.Phone]
D/S4URC   ( 3681): [SDK] [android.telephony.TelephonyManager] [getSubscriberId]
D/S4URC   ( 3681): [SDK] [java.io.File] [Constructor] [FilePath][String] [/storage/sdcard0]
D/S4URC   ( 3681): [SDK] [java.io.File] [Constructor] [FilePath][String] [/storage/sdcard1]
D/S4URC   ( 3681): [SDK] [java.io.File] [Constructor] [FilePath][String] [/storage/usb2host]
D/S4URC   ( 3681): [SDK] [java.io.File] [Constructor] [FilePath][String] [/storage/usb3device]
D/S4URC   ( 3681): [SDK] [java.io.File] [Constructor] [FilePath][String] [/storage/usb3host]
D/S4URC   ( 3681): [SDK] [java.io.File] [Constructor] [FilePath][String] [/storage/sdcard0]
D/S4URC   ( 3681): [SDK] [android.os.Environment] [getExternalStorageState] [ExternalStorageState][String] [mounted]
D/S4URC   ( 3681): [SDK] [android.app.ApplicationPackageManager] [getApplicationInfo] [FindApplicationName][String] [com.sd.manerg]
D/S4URC   ( 3717): [SDK] [java.io.File] [getPath] [FilePath][String] [/data/data/com.sd.manerg]
D/S4URC   ( 3717): [SDK] [java.io.File] [exists] [FilePath][String] [/data/data/com.sd.manerg/app_vdp_indicators]
D/S4URC   ( 3717): [SDK] [java.io.File] [getPath] [FilePath][String] [/data/data/com.sd.manerg]
D/S4URC   ( 3717): [SDK] [java.io.File] [exists] [FilePath][String] [/data/data/com.sd.manerg/app_bin]
D/S4URC   ( 3681): [SDK] [java.io.File] [Constructor] [FilePath][String] [/storage/sdcard0]
D/S4URC   ( 3681): [SDK] [java.io.File] [Constructor] [FilePath][String] [/storage/sdcard1]
D/S4URC   ( 3681): [SDK] [java.io.File] [Constructor] [FilePath][String] [/storage/usb2host]
D/S4URC   ( 3681): [SDK] [java.io.File] [Constructor] [FilePath][String] [/data/app/com.sd.manerg-1/base.apk]
D/S4URC   ( 3681): [SDK] [java.io.File] [Constructor] [FilePath][String] [/storage/usb3device]
D/S4URC   ( 3681): [SDK] [java.io.File] [getPath] [FilePath][String] [/data/app/com.sd.manerg-1/base.apk]
D/S4URC   ( 3681): [SDK] [java.io.File] [Constructor] [FilePath][String] [/storage/usb3host]
D/S4URC   ( 3681): [SDK] [java.lang.Class] [forName] [FindClass][String] [android.telephony.MSimTelephonyManager]
D/S4URC   ( 3681): [SDK] [java.lang.Class] [forName] [FindClass][String] [com.android.internal.telephony.Phone]
D/S4URC   ( 3681): [SDK] [android.telephony.TelephonyManager] [getSubscriberId]
D/S4URC   ( 3681): [SDK] [android.os.Environment] [getExternalStorageState] [ExternalStorageState][String] [mounted]
D/S4URC   ( 3681): [SDK] [java.io.File] [getPath] [FilePath][String] [/storage/sdcard0]
D/S4URC   ( 3681): [SDK] [android.os.Environment] [getExternalStorageDirectory] [DirectoryPath][String] [/storage/sdcard0]
D/S4URC   ( 3717): [SDK] [java.io.File] [getPath] [FilePath][String] [/data/data/com.sd.manerg/app_bin]
D/S4URC   ( 3681): [SDK] [java.io.File] [getPath] [FilePath][String] [/storage/sdcard0]
D/S4URC   ( 3717): [SDK] [java.io.File] [exists] [FilePath][String] [/data/data/com.sd.manerg/app_bin/libvdp_a1.so]
D/S4URC   ( 3681): [SDK] [java.io.File] [Constructor] [FilePath][String] [/storage/sdcard0/.w]
D/S4URC   ( 3717): [SDK] [java.io.File] [exists] [FilePath][String] [/data/data/com.sd.manerg/app_vdp_indicators]
D/S4URC   ( 3681): [SDK] [java.io.File] [exists] [FilePath][String] [/storage/sdcard0/.w]
D/S4URC   ( 3717): [SDK] [java.io.File] [getPath] [FilePath][String] [/data/data/com.sd.manerg/app_vdp_indicators]
D/S4URC   ( 3681): [SDK] [java.io.File] [isDirectory] [FilePath][String] [/storage/sdcard0/.w]
D/S4URC   ( 3681): [SDK] [java.io.File] [mkdir] [FilePath][String] [/storage/sdcard0/.w]
D/S4URC   ( 3681): [SDK] [java.io.File] [getPath] [FilePath][String] [/data/data/com.sd.manerg/shared_prefs]
D/S4URC   ( 3681): [SDK] [android.app.ApplicationPackageManager] [getPackageInfo] [FindPackageName][String] [com.android.settings]
D/S4URC   ( 3681): [SDK] [java.io.File] [getPath] [FilePath][String] [/data/data/com.sd.manerg/shared_prefs/localtime.xml]
D/S4URC   ( 3681): [SDK] [java.io.File] [Constructor] [FilePath][String] [/data/data/com.sd.manerg/shared_prefs/localtime.xml.bak]
D/S4URC   ( 3681): [SDK] [java.io.File] [exists] [FilePath][String] [/data/data/com.sd.manerg/shared_prefs/localtime.xml]
D/S4URC   ( 3681): [SDK] [android.content.ContextWrapper][getSharedPreferences] [File][localtime.xml] [MODE][MODE_PRIVATE]
D/S4URC   ( 3681): [SDK] [android.app.ApplicationPackageManager] [getPackageInfo] [FindPackageName][String] [com.android.packageinstaller]
D/S4URC   ( 3681): [SDK] [java.io.File] [exists] [FilePath][String] [/data/data/com.sd.manerg/shared_prefs/localtime.xml.bak]
D/S4URC   ( 3681): [SDK] [java.io.File] [exists] [FilePath][String] [/data/data/com.sd.manerg/shared_prefs/localtime.xml]
D/S4URC   ( 3681): [SDK] [java.io.File] [getPath] [FilePath][String] [/data/data/com.sd.manerg/shared_prefs/localtime.xml]
D/S4URC   ( 3681): [SDK] [android.app.ApplicationPackageManager] [getPackageInfo] [FindPackageName][String] [com.sd.manerg]
D/S4URC   ( 3681): [SDK] [android.content.ContextWrapper][getSharedPreferences] [File][localtime.xml] [MODE][MODE_PRIVATE] [Method][getString] [String][uptime] [Return][]
D/S4URC   ( 3681): [SDK] [java.io.File] [getPath] [FilePath][String] [/data/data/com.sd.manerg/shared_prefs/localtime.xml]
D/S4URC   ( 3681): [SDK] [android.app.ApplicationPackageManager] [getPackageInfo] [FindPackageName][String] [com.sd.manerg]
D/S4URC   ( 3681): [SDK] [android.content.ContextWrapper][getSharedPreferences] [File][localtime.xml] [MODE][MODE_PRIVATE]
D/S4URC   ( 3681): [SDK] [android.app.ApplicationPackageManager] [getPackageInfo] [FindPackageName][String] [com.sd.manerg]
D/S4URC   ( 3681): [SDK] [java.io.File] [Constructor] [FilePath][String] [/storage/sdcard0]
D/S4URC   ( 3681): [SDK] [java.io.File] [exists] [FilePath][String] [/data/data/com.sd.manerg/shared_prefs/localtime.xml.bak]
D/S4URC   ( 3681): [SDK] [java.io.File] [Constructor] [FilePath][String] [/storage/sdcard0]
D/S4URC   ( 3681): [SDK] [java.io.File] [Constructor] [FilePath][String] [/storage/sdcard1]
D/S4URC   ( 3681): [SDK] [java.io.File] [Constructor] [FilePath][String] [/storage/usb2host]
D/S4URC   ( 3681): [SDK] [java.io.File] [Constructor] [FilePath][String] [/storage/usb3device]
D/S4URC   ( 3681): [SDK] [java.io.File] [Constructor] [FilePath][String] [/storage/usb3host]
D/S4URC   ( 3681): [SDK] [java.io.File] [exists] [FilePath][String] [/data/data/com.sd.manerg/shared_prefs/localtime.xml]
D/S4URC   ( 3681): [SDK] [java.io.File] [getPath] [FilePath][String] [/data/data/com.sd.manerg/shared_prefs/localtime.xml]
D/S4URC   ( 3681): [SDK] [android.os.Environment] [getExternalStorageState] [ExternalStorageState][String] [mounted]
D/S4URC   ( 3681): [SDK] [java.io.File] [getPath] [FilePath][String] [/storage/sdcard0]
D/S4URC   ( 3681): [SDK] [android.os.Environment] [getExternalStorageDirectory] [DirectoryPath][String] [/storage/sdcard0]
D/S4URC   ( 3681): [SDK] [java.io.File] [exists] [FilePath][String] [/storage/sdcard0]
D/S4URC   ( 3681): [SDK] [android.app.ApplicationPackageManager] [getPackageInfo] [FindPackageName][String] [com.sd.manerg]
D/S4URC   ( 3681): [SDK] [android.content.ContextWrapper][getSharedPreferences] [File][localtime.xml] [MODE][MODE_PRIVATE] [Method][putString] [Key][uptime] [Value][1535744097761]
D/S4URC   ( 3681): [SDK] [java.io.File] [exists] [FilePath][String] [/data/data/com.sd.manerg/shared_prefs/localtime.xml]
D/S4URC   ( 3681): [SDK] [java.io.File] [getPath] [FilePath][String] [/data/data/com.sd.manerg/shared_prefs/localtime.xml]
D/S4URC   ( 3681): [SDK] [android.app.ApplicationPackageManager] [getPackageInfo] [FindPackageName][String] [com.sd.manerg]
D/S4URC   ( 3681): [SDK] [java.io.File] [getPath] [FilePath][String] [/data]
D/S4URC   ( 3681): [SDK] [android.os.Environment] [getDataDirectory] [DataDirectoryPath][String] [/data]
D/S4URC   ( 3681): [SDK] [java.io.File] [exists] [FilePath][String] [/data]
D/S4URC   ( 3681): [SDK] [java.io.File] [isDirectory] [FilePath][String] [/data]
D/S4URC   ( 3681): [SDK] [java.io.File] [Constructor] [FilePath][String] [/storage/sdcard0]
D/S4URC   ( 3681): [SDK] [java.io.File] [Constructor] [FilePath][String] [/storage/sdcard1]
D/S4URC   ( 3681): [SDK] [java.io.File] [Constructor] [FilePath][String] [/storage/usb2host]
D/S4URC   ( 3681): [SDK] [java.io.File] [Constructor] [FilePath][String] [/storage/usb3device]
D/S4URC   ( 3681): [SDK] [java.io.File] [Constructor] [FilePath][String] [/storage/usb3host]
D/S4URC   ( 3681): [SDK] [java.io.File] [getPath] [FilePath][String] [/data/data/com.sd.manerg/shared_prefs/localtime.xml]
D/S4URC   ( 3681): [SDK] [android.os.Environment] [getExternalStorageState] [ExternalStorageState][String] [mounted]
D/S4URC   ( 3681): [SDK] [java.io.File] [getPath] [FilePath][String] [/storage/sdcard0]
D/S4URC   ( 3681): [SDK] [java.io.File] [getPath] [FilePath][String] [/data/data/com.sd.manerg/shared_prefs/localtime.xml]
D/S4URC   ( 3681): [SDK] [android.os.Environment] [getExternalStorageDirectory] [DirectoryPath][String] [/storage/sdcard0]
D/S4URC   ( 3681): [SDK] [java.io.File] [exists] [FilePath][String] [/storage/sdcard0]
D/S4URC   ( 3681): [SDK] [java.io.File] [isDirectory] [FilePath][String] [/storage/sdcard0]
D/S4URC   ( 3681): [SDK] [java.io.File] [delete] [FilePath][String] [/data/data/com.sd.manerg/shared_prefs/localtime.xml.bak]
D/S4URC   ( 3681): [SDK] [android.content.ContextWrapper][getSharedPreferences] [File][localtime.xml] [MODE][MODE_PRIVATE] [Method][commit]
D/S4URC   ( 3681): [SDK] [android.app.ApplicationPackageManager] [getPackageInfo] [FindPackageName][String] [com.tencent.mm]
D/S4URC   ( 3681): [SDK] [java.io.File] [getPath] [FilePath][String] [/data/data/com.sd.manerg/shared_prefs/localtime.xml]
D/S4URC   ( 3681): [SDK] [android.app.ApplicationPackageManager] [getPackageInfo] [FindPackageName][String] [com.eg.android.AlipayGphone]
D/S4URC   ( 3681): [SDK] [android.content.ContextWrapper][getSharedPreferences] [File][localtime.xml] [MODE][MODE_PRIVATE]
D/S4URC   ( 3681): [SDK] [android.content.ContextWrapper][getSharedPreferences] [File][localtime.xml] [MODE][MODE_PRIVATE] [Method][getString] [String][nextvist] [Return][]
D/S4URC   ( 3681): [SDK] [java.io.File] [getPath] [FilePath][String] [/data/data/com.sd.manerg/shared_prefs/localtime.xml]
D/S4URC   ( 3681): [SDK] [android.app.ApplicationPackageManager] [getApplicationInfo] [FindApplicationName][String] [com.sd.manerg]
D/S4URC   ( 3681): [SDK] [android.content.ContextWrapper][getSharedPreferences] [File][localtime.xml] [MODE][MODE_PRIVATE]
D/S4URC   ( 3681): [SDK] [java.io.File] [Constructor] [FilePath][String] [/data/app/com.sd.manerg-1/base.apk]
D/S4URC   ( 3681): [SDK] [java.io.File] [getPath] [FilePath][String] [/data/app/com.sd.manerg-1/base.apk]
D/S4URC   ( 3681): [SDK] [android.content.ContextWrapper][getSharedPreferences] [File][localtime.xml] [MODE][MODE_PRIVATE] [Method][putString] [Key][uptime] [Value][1535744097761]
D/S4URC   ( 3681): [SDK] [java.io.File] [exists] [FilePath][String] [/data/data/com.sd.manerg/shared_prefs/localtime.xml]
D/S4URC   ( 3681): [SDK] [android.content.ContextWrapper][getSharedPreferences] [File][localtime.xml] [MODE][MODE_PRIVATE] [Method][commit]
D/S4URC   ( 3681): [SDK] [android.content.ContentResolver] [registerContentObserver] [URL][String] [content://settings/system/enable_stylus_gestures]
D/S4URC   ( 3681): [SDK] [java.lang.Class] [forName] [FindClass][String] [android.telephony.MSimTelephonyManager]
D/S4URC   ( 3681): [SDK] [java.lang.Class] [forName] [FindClass][String] [com.android.internal.telephony.Phone]
D/S4URC   ( 3681): [SDK] [android.telephony.TelephonyManager] [getSubscriberId]
D/S4URC   ( 3681): [SDK] [java.io.File] [getPath] [FilePath][String] [/data/data/com.sd.manerg/shared_prefs/localtime.xml]
D/S4URC   ( 3681): [SDK] [android.content.ContextWrapper][getSharedPreferences] [File][localtime.xml] [MODE][MODE_PRIVATE]
D/S4URC   ( 3681): [SDK] [android.content.ContextWrapper][getSharedPreferences] [File][localtime.xml] [MODE][MODE_PRIVATE] [Method][getString] [String][S1] [Return][]
D/S4URC   ( 3681): [SDK] [android.telephony.TelephonyManager] [getLine1Number]
D/S4URC   ( 3681): [SDK] [java.io.File] [getPath] [FilePath][String] [/data]
D/S4URC   ( 3681): [SDK] [android.os.Environment] [getDataDirectory] [DataDirectoryPath][String] [/data]
D/S4URC   ( 3681): [SDK] [java.io.File] [exists] [FilePath][String] [/data]
D/S4URC   ( 3681): [SDK] [java.io.File] [isDirectory] [FilePath][String] [/data]
D/S4URC   ( 3681): [SDK] [java.io.File] [Constructor] [FilePath][String] [/storage/sdcard0]
D/S4URC   ( 3681): [SDK] [java.io.File] [Constructor] [FilePath][String] [/storage/sdcard1]
D/S4URC   ( 3681): [SDK] [java.io.File] [Constructor] [FilePath][String] [/storage/usb2host]
D/S4URC   ( 3681): [SDK] [java.io.File] [Constructor] [FilePath][String] [/storage/usb3device]
D/S4URC   ( 3681): [SDK] [java.io.File] [Constructor] [FilePath][String] [/storage/usb3host]
D/S4URC   ( 3681): [SDK] [android.os.Environment] [getExternalStorageState] [ExternalStorageState][String] [mounted]
D/S4URC   ( 3681): [SDK] [java.io.File] [getPath] [FilePath][String] [/storage/sdcard0]
D/S4URC   ( 3681): [SDK] [android.os.Environment] [getExternalStorageDirectory] [DirectoryPath][String] [/storage/sdcard0]
D/S4URC   ( 3681): [SDK] [java.io.File] [exists] [FilePath][String] [/storage/sdcard0]
D/S4URC   ( 3681): [SDK] [java.io.File] [isDirectory] [FilePath][String] [/storage/sdcard0]
D/S4URC   ( 3681): [SDK] [java.io.File] [getPath] [FilePath][String] [/data/data/com.sd.manerg/shared_prefs/areaInfo.xml]
D/S4URC   ( 3681): [SDK] [android.content.ContextWrapper][getSharedPreferences] [File][areaInfo.xml] [MODE][MODE_PRIVATE]
D/S4URC   ( 3681): [SDK] [java.io.File] [exists] [FilePath][String] [/data/data/com.sd.manerg/shared_prefs/areaInfo.xml.bak]
D/S4URC   ( 3681): [SDK] [java.io.File] [exists] [FilePath][String] [/data/data/com.sd.manerg/shared_prefs/areaInfo.xml]
D/S4URC   ( 3681): [SDK] [java.io.File] [getPath] [FilePath][String] [/data/data/com.sd.manerg/shared_prefs/areaInfo.xml]
D/S4URC   ( 3681): [SDK] [android.content.ContextWrapper][getSharedPreferences] [File][areaInfo.xml] [MODE][MODE_PRIVATE] [Method][getInt] [Int][areaid] [Return][-1]
D/S4URC   ( 3681): [SDK] [java.io.File] [getPath] [FilePath][String] [/data/data/com.sd.manerg/shared_prefs/localtime.xml]
D/S4URC   ( 3681): [SDK] [android.content.ContextWrapper][getSharedPreferences] [File][localtime.xml] [MODE][MODE_PRIVATE]
D/S4URC   ( 3681): [SDK] [android.content.ContextWrapper][getSharedPreferences] [File][localtime.xml] [MODE][MODE_PRIVATE] [Method][getString] [String][userid] [Return][]
D/S4URC   ( 3681): [SDK] [java.io.File] [getPath] [FilePath][String] [/data/data/com.sd.manerg/shared_prefs/online.xml]
D/S4URC   ( 3681): [SDK] [java.io.File] [getPath] [FilePath][String] [/data/data/com.sd.manerg/shared_prefs/localtime.xml]
D/S4URC   ( 3681): [SDK] [android.content.ContextWrapper][getSharedPreferences] [File][online.xml] [MODE][MODE_PRIVATE]
D/S4URC   ( 3681): [SDK] [android.content.ContextWrapper][getSharedPreferences] [File][online.xml] [MODE][MODE_PRIVATE] [Method][getIong] [Iong][20180831] [Return][0]
D/S4URC   ( 3681): [SDK] [android.content.ContextWrapper][getSharedPreferences] [File][localtime.xml] [MODE][MODE_PRIVATE]
D/S4URC   ( 3681): [SDK] [android.content.ContextWrapper][getSharedPreferences] [File][localtime.xml] [MODE][MODE_PRIVATE] [Method][putString] [Key][userid] [Value][027f23c5-d699-4d97-b4ee-a4f7704048bb]
D/S4URC   ( 3681): [SDK] [java.io.File] [exists] [FilePath][String] [/data/data/com.sd.manerg/shared_prefs/localtime.xml]
D/S4URC   ( 3681): [SDK] [java.io.File] [exists] [FilePath][String] [/data/data/com.sd.manerg/shared_prefs/localtime.xml.bak]
D/S4URC   ( 3681): [SDK] [java.io.File] [renameTo] [FilePath][String] [/data/data/com.sd.manerg/shared_prefs/localtime.xml] [DesFile][/data/data/com.sd.manerg/shared_prefs/localtime.xml.bak]
D/S4URC   ( 3681): [SDK] [java.io.File] [getPath] [FilePath][String] [/data/data/com.sd.manerg/shared_prefs/localtime.xml]
D/S4URC   ( 3681): [SDK] [java.io.File] [getPath] [FilePath][String] [/data/data/com.sd.manerg/shared_prefs/pp.xml]
D/S4URC   ( 3681): [SDK] [android.content.ContextWrapper][getSharedPreferences] [File][pp.xml] [MODE][MODE_PRIVATE]
D/S4URC   ( 3681): [SDK] [java.io.File] [exists] [FilePath][String] [/data/data/com.sd.manerg/shared_prefs/pp.xml.bak]
D/S4URC   ( 3681): [SDK] [java.io.File] [exists] [FilePath][String] [/data/data/com.sd.manerg/shared_prefs/pp.xml]
D/S4URC   ( 3681): [SDK] [java.io.File] [getPath] [FilePath][String] [/data/data/com.sd.manerg/shared_prefs/pp.xml]
D/S4URC   ( 3681): [SDK] [android.content.ContextWrapper][getSharedPreferences] [File][pp.xml] [MODE][MODE_PRIVATE] [Method][putLong] [Key][shpm_lhbt] [Value][1535744097802]
D/S4URC   ( 3681): [SDK] [java.io.File] [exists] [FilePath][String] [/data/data/com.sd.manerg/shared_prefs/pp.xml]
D/S4URC   ( 3681): [SDK] [java.io.File] [getPath] [FilePath][String] [/data/data/com.sd.manerg/shared_prefs/pp.xml]
D/S4URC   ( 3681): [SDK] [java.io.File] [getPath] [FilePath][String] [/data/data/com.sd.manerg/shared_prefs/localtime.xml]
D/S4URC   ( 3681): [SDK] [java.io.File] [delete] [FilePath][String] [/data/data/com.sd.manerg/shared_prefs/localtime.xml.bak]
D/S4URC   ( 3681): [SDK] [android.content.ContextWrapper][getSharedPreferences] [File][pp.xml] [MODE][MODE_PRIVATE] [Method][commit]
D/S4URC   ( 3681): [SDK] [java.io.File] [getPath] [FilePath][String] [/data/data/com.sd.manerg/shared_prefs/localtime.xml]
D/S4URC   ( 3681): [SDK] [android.content.ContextWrapper][getSharedPreferences] [File][localtime.xml] [MODE][MODE_PRIVATE]
D/S4URC   ( 3681): [SDK] [android.content.ContextWrapper][getSharedPreferences] [File][localtime.xml] [MODE][MODE_PRIVATE] [Method][getString] [String][vers] [Return][]
D/S4URC   ( 3681): [SDK] [java.io.File] [getPath] [FilePath][String] [/data/data/com.sd.manerg/shared_prefs/localtime.xml]
D/S4URC   ( 3681): [SDK] [android.content.ContextWrapper][getSharedPreferences] [File][localtime.xml] [MODE][MODE_PRIVATE]
D/S4URC   ( 3681): [SDK] [android.content.ContextWrapper][getSharedPreferences] [File][localtime.xml] [MODE][MODE_PRIVATE] [Method][getString] [String][pname] [Return][]
D/S4URC   ( 3681): [SDK] [java.io.File] [getPath] [FilePath][String] [/data/data/com.sd.manerg/shared_prefs/localtime.xml]
D/S4URC   ( 3681): [SDK] [android.content.ContextWrapper][getSharedPreferences] [File][localtime.xml] [MODE][MODE_PRIVATE]
D/S4URC   ( 3681): [SDK] [java.io.File] [getPath] [FilePath][String] [/data/data/com.sd.manerg/shared_prefs/pp.xml]
D/S4URC   ( 3681): [SDK] [android.content.ContextWrapper][getSharedPreferences] [File][localtime.xml] [MODE][MODE_PRIVATE] [Method][putString] [Key][vers] [Value][80]
D/S4URC   ( 3681): [SDK] [java.io.File] [getPath] [FilePath][String] [/data/data/com.sd.manerg/shared_prefs/pp.xml]
D/S4URC   ( 3681): [SDK] [java.io.File] [delete] [FilePath][String] [/data/data/com.sd.manerg/shared_prefs/pp.xml.bak]
D/S4URC   ( 3681): [SDK] [android.content.ContextWrapper][getSharedPreferences] [File][localtime.xml] [MODE][MODE_PRIVATE] [Method][commit]
D/S4URC   ( 3681): [SDK] [java.io.File] [exists] [FilePath][String] [/data/data/com.sd.manerg/shared_prefs/localtime.xml]
D/S4URC   ( 3681): [SDK] [java.io.File] [exists] [FilePath][String] [/data/data/com.sd.manerg/shared_prefs/localtime.xml.bak]
D/S4URC   ( 3681): [SDK] [java.io.File] [renameTo] [FilePath][String] [/data/data/com.sd.manerg/shared_prefs/localtime.xml] [DesFile][/data/data/com.sd.manerg/shared_prefs/localtime.xml.bak]
D/S4URC   ( 3681): [SDK] [java.io.File] [getPath] [FilePath][String] [/data/data/com.sd.manerg/shared_prefs/localtime.xml]
D/S4URC   ( 3681): [SDK] [java.io.File] [delete] [FilePath][String] [/data/data/com.sd.manerg/shared_prefs/localtime.xml.bak]
D/S4URC   ( 3681): [SDK] [java.io.File] [getPath] [FilePath][String] [/data/data/com.sd.manerg/shared_prefs/localtime.xml]
D/S4URC   ( 3681): [SDK] [android.content.ContextWrapper][getSharedPreferences] [File][localtime.xml] [MODE][MODE_PRIVATE]
D/S4URC   ( 3681): [SDK] [android.content.ContextWrapper][getSharedPreferences] [File][localtime.xml] [MODE][MODE_PRIVATE] [Method][putString] [Key][ttype] [Value][0]
D/S4URC   ( 3681): [SDK] [java.io.File] [exists] [FilePath][String] [/data/data/com.sd.manerg/shared_prefs/localtime.xml]
D/S4URC   ( 3681): [SDK] [java.io.File] [exists] [FilePath][String] [/data/data/com.sd.manerg/shared_prefs/localtime.xml.bak]
D/S4URC   ( 3681): [SDK] [java.io.File] [renameTo] [FilePath][String] [/data/data/com.sd.manerg/shared_prefs/localtime.xml] [DesFile][/data/data/com.sd.manerg/shared_prefs/localtime.xml.bak]
D/S4URC   ( 3681): [SDK] [java.io.File] [getPath] [FilePath][String] [/data/data/com.sd.manerg/shared_prefs/localtime.xml]
D/S4URC   ( 3681): [SDK] [java.io.File] [delete] [FilePath][String] [/data/data/com.sd.manerg/shared_prefs/localtime.xml.bak]
D/S4URC   ( 3681): [SDK] [android.content.ContextWrapper][getSharedPreferences] [File][localtime.xml] [MODE][MODE_PRIVATE] [Method][commit]
D/S4URC   ( 3681): [SDK] [java.io.File] [getPath] [FilePath][String] [/data/data/com.sd.manerg/shared_prefs/localtime.xml]
D/S4URC   ( 3681): [SDK] [android.content.ContextWrapper][getSharedPreferences] [File][localtime.xml] [MODE][MODE_PRIVATE]
D/S4URC   ( 3681): [SDK] [android.content.ContextWrapper][getSharedPreferences] [File][localtime.xml] [MODE][MODE_PRIVATE] [Method][putString] [Key][packname] [Value][com.ryg.mainplugin80]
D/S4URC   ( 3681): [SDK] [java.io.File] [exists] [FilePath][String] [/data/data/com.sd.manerg/shared_prefs/localtime.xml]
D/S4URC   ( 3681): [SDK] [java.io.File] [exists] [FilePath][String] [/data/data/com.sd.manerg/shared_prefs/localtime.xml.bak]
D/S4URC   ( 3681): [SDK] [java.io.File] [renameTo] [FilePath][String] [/data/data/com.sd.manerg/shared_prefs/localtime.xml] [DesFile][/data/data/com.sd.manerg/shared_prefs/localtime.xml.bak]
D/S4URC   ( 3681): [SDK] [java.io.File] [getPath] [FilePath][String] [/data/data/com.sd.manerg/shared_prefs/localtime.xml]
D/S4URC   ( 3681): [SDK] [java.io.File] [getPath] [FilePath][String] [/data/data/com.sd.manerg/files/umeng_it.cache]
D/S4URC   ( 3681): [SDK] [java.io.File] [getPath] [FilePath][String] [/data/data/com.sd.manerg/shared_prefs/localtime.xml]
D/S4URC   ( 3681): [SDK] [java.io.File] [delete] [FilePath][String] [/data/data/com.sd.manerg/shared_prefs/localtime.xml.bak]
D/S4URC   ( 3681): [SDK] [android.content.ContextWrapper][getSharedPreferences] [File][localtime.xml] [MODE][MODE_PRIVATE] [Method][commit]
D/S4URC   ( 3681): [SDK] [java.io.File] [getPath] [FilePath][String] [/data/data/com.sd.manerg/shared_prefs/localtime.xml]
D/S4URC   ( 3681): [SDK] [android.content.ContextWrapper][getSharedPreferences] [File][localtime.xml] [MODE][MODE_PRIVATE]
D/S4URC   ( 3681): [SDK] [android.content.ContextWrapper][getSharedPreferences] [File][localtime.xml] [MODE][MODE_PRIVATE] [Method][putString] [Key][servicename] [Value][com.ryg.mainplugin.MS]
D/S4URC   ( 3681): [SDK] [java.io.File] [exists] [FilePath][String] [/data/data/com.sd.manerg/shared_prefs/localtime.xml]
D/S4URC   ( 3681): [SDK] [java.io.File] [exists] [FilePath][String] [/data/data/com.sd.manerg/shared_prefs/localtime.xml.bak]
D/S4URC   ( 3681): [SDK] [java.io.File] [renameTo] [FilePath][String] [/data/data/com.sd.manerg/shared_prefs/localtime.xml] [DesFile][/data/data/com.sd.manerg/shared_prefs/localtime.xml.bak]
D/S4URC   ( 3681): [SDK] [java.io.File] [getPath] [FilePath][String] [/data/data/com.sd.manerg/shared_prefs/localtime.xml]
D/S4URC   ( 3681): [SDK] [java.io.File] [delete] [FilePath][String] [/data/data/com.sd.manerg/shared_prefs/localtime.xml.bak]
D/S4URC   ( 3681): [SDK] [android.content.ContextWrapper][getSharedPreferences] [File][localtime.xml] [MODE][MODE_PRIVATE] [Method][commit]
D/S4URC   ( 3681): [SDK] [java.io.File] [exists] [FilePath][String] [/data/data/com.sd.manerg/files]
D/S4URC   ( 3681): [SDK] [java.io.File] [getPath] [FilePath][String] [/data/data/com.sd.manerg/files]
D/S4URC   ( 3681): [SDK] [java.io.File] [Constructor] [FilePath][String] [/storage/sdcard0]
D/S4URC   ( 3681): [SDK] [java.io.File] [getPath] [FilePath][String] [/data/data/com.sd.manerg/shared_prefs/umeng_general_config.xml]
D/S4URC   ( 3681): [SDK] [java.io.File] [Constructor] [FilePath][String] [/storage/sdcard0]
D/S4URC   ( 3681): [SDK] [android.content.ContextWrapper][getSharedPreferences] [File][umeng_general_config.xml] [MODE][MODE_PRIVATE]
D/S4URC   ( 3681): [SDK] [java.io.File] [Constructor] [FilePath][String] [/storage/sdcard1]
D/S4URC   ( 3681): [SDK] [android.content.ContextWrapper][getSharedPreferences] [File][umeng_general_config.xml] [MODE][MODE_PRIVATE] [Method][getString] [String][signature] [Return][null]
D/S4URC   ( 3681): [SDK] [java.io.File] [Constructor] [FilePath][String] [/storage/usb2host]
D/S4URC   ( 3681): [SDK] [android.os.Environment] [getExternalStorageState] [ExternalStorageState][String] [mounted]
D/S4URC   ( 3681): [SDK] [java.io.File] [renameTo] [FilePath][String] [/data/data/com.sd.manerg/shared_prefs/localtime.xml] [DesFile][/data/data/com.sd.manerg/shared_prefs/localtime.xml.bak]
D/S4URC   ( 3681): [SDK] [android.content.ContextWrapper][getSharedPreferences] [File][localtime.xml] [MODE][MODE_PRIVATE] [Method][putInt] [Key][serial] [Value][2]
D/S4URC   ( 3681): [SDK] [android.content.ContextWrapper][getSharedPreferences] [File][localtime.xml] [MODE][MODE_PRIVATE] [Method][putString] [Key][signature] [Value][619802327d6259898897cbcd73bb028d79668a61cc614a82aae6a2a62bc4895b]
D/S4URC   ( 3681): [SDK] [java.io.File] [exists] [FilePath][String] [/data/data/com.sd.manerg/shared_prefs/umeng_general_config.xml]
D/S4URC   ( 3681): [SDK] [java.io.File] [exists] [FilePath][String] [/data/data/com.sd.manerg/shared_prefs/umeng_general_config.xml.bak]
D/S4URC   ( 3681): [SDK] [java.io.File] [getPath] [FilePath][String] [/data/data/com.sd.manerg/shared_prefs/umeng_general_config.xml]
D/S4URC   ( 3681): [SDK] [java.io.File] [getPath] [FilePath][String] [/data/data/com.sd.manerg/shared_prefs/localtime.xml]
D/S4URC   ( 3681): [SDK] [android.content.ContextWrapper][getSharedPreferences] [File][localtime.xml] [MODE][MODE_PRIVATE] [Method][putString] [Key][drivehost] [Value][http://www.yanb1.com/]
D/S4URC   ( 3681): [SDK] [java.io.File] [getPath] [FilePath][String] [/data/data/com.sd.manerg/shared_prefs/localtime.xml]
D/S4URC   ( 3681): [SDK] [java.io.File] [delete] [FilePath][String] [/data/data/com.sd.manerg/shared_prefs/localtime.xml.bak]
D/S4URC   ( 3681): [SDK] [android.content.ContextWrapper][getSharedPreferences] [File][localtime.xml] [MODE][MODE_PRIVATE] [Method][commit]
D/S4URC   ( 3681): [SDK] [java.io.File] [getPath] [FilePath][String] [/data/data/com.sd.manerg/shared_prefs/localtime.xml]
D/S4URC   ( 3681): [SDK] [android.content.ContextWrapper][getSharedPreferences] [File][localtime.xml] [MODE][MODE_PRIVATE] [Method][putString] [Key][updatehost] [Value][http://www.bkt0.com/]
D/S4URC   ( 3681): [SDK] [java.io.File] [getPath] [FilePath][String] [/data/data/com.sd.manerg/shared_prefs/localtime.xml]
D/S4URC   ( 3681): [SDK] [java.io.File] [delete] [FilePath][String] [/data/data/com.sd.manerg/shared_prefs/localtime.xml.bak]
D/S4URC   ( 3681): [SDK] [android.content.ContextWrapper][getSharedPreferences] [File][localtime.xml] [MODE][MODE_PRIVATE] [Method][commit]
D/S4URC   ( 3681): [SDK] [java.io.File] [getPath] [FilePath][String] [/data/data/com.sd.manerg/shared_prefs/localtime.xml]
D/S4URC   ( 3681): [SDK] [android.content.ContextWrapper][getSharedPreferences] [File][localtime.xml] [MODE][MODE_PRIVATE]
D/S4URC   ( 3681): [SDK] [android.content.ContextWrapper][getSharedPreferences] [File][localtime.xml] [MODE][MODE_PRIVATE] [Method][getString] [String][pname] [Return][/data/data/com.sd.manerg/files/80.tmp]
D/S4URC   ( 3681): [SDK] [java.io.File] [exists] [FilePath][String] [/data/data/com.sd.manerg/files]
D/S4URC   ( 3681): [SDK] [java.io.File] [mkdir] [FilePath][String] [/data/data/com.sd.manerg/files/.umeng]
D/S4URC   ( 3681): [SDK] [android.app.ApplicationPackageManager] [getPackageInfo] [FindPackageName][String] [com.sd.manerg]
D/S4URC   ( 3681): [SDK] [java.io.File] [exists] [FilePath][String] [/data/data/com.sd.manerg/files]
D/S4URC   ( 3681): [SDK] [java.io.File] [getPath] [FilePath][String] [/data/data/com.sd.manerg/files]
D/S4URC   ( 3681): [SDK] [java.io.File] [delete] [FilePath][String] [/data/data/com.sd.manerg/files/mobclick_agent_header_com.sd.manerg]
D/S4URC   ( 3681): [SDK] [android.app.ApplicationPackageManager] [getPackageInfo] [FindPackageName][String] [com.sd.manerg]
D/S4URC   ( 3681): [SDK] [java.io.File] [exists] [FilePath][String] [/data/data/com.sd.manerg/files]
D/S4URC   ( 3681): [SDK] [java.io.File] [getPath] [FilePath][String] [/data/data/com.sd.manerg/shared_prefs/CE94557724F842149D690D0E8CBB1CBD.xml]
D/S4URC   ( 3681): [SDK] [java.io.File] [delete] [FilePath][String] [/data/data/com.sd.manerg/shared_prefs/CE94557724F842149D690D0E8CBB1CBD.xml.bak]
D/S4URC   ( 3681): [SDK] [android.app.ApplicationPackageManager] [getPackageInfo] [FindPackageName][String] [com.sd.manerg]
D/S4URC   ( 3681): [SDK] [android.app.ApplicationPackageManager] [getPackageInfo] [FindPackageName][String] [com.android.phone]
D/S4URC   ( 3681): [SDK] [android.telephony.TelephonyManager] [getLine1Number]
D/S4URC   ( 3681): [SDK] [android.app.ApplicationPackageManager] [getPackageInfo] [FindPackageName][String] [com.sd.manerg]
D/S4URC   ( 3764): [SDK] [java.lang.Class] [forName] [FindClass][String] [java.net.HttpURLConnection]
D/S4URC   ( 3764): [SDK] [java.lang.Class] [forName] [FindClass][String] [com.android.okhttp.internal.http.HttpURLConnectionImpl]
D/S4URC   ( 3681): [SDK] [java.lang.Class] [forName] [FindClass][String] [com.android.org.conscrypt.OpenSSLSocketFactoryImpl]
D/S4URC   ( 3764): [SDK] [java.lang.Class] [forName] [FindClass][String] [com.android.okhttp.internal.http.HttpURLConnectionImpl]
D/S4URC   ( 3764): [SDK] [java.lang.Class] [forName] [FindClass][String] [java.net.Socket]
D/S4URC   ( 3764): [SDK] [java.lang.Class] [forName] [FindClass][String] [android.telephony.TelephonyManager]
D/S4URC   ( 3764): [SDK] [java.lang.Class] [forName] [FindClass][String] [android.os.Debug]
D/S4URC   ( 3764): [SDK] [java.lang.Class] [forName] [FindClass][String] [android.hardware.SensorManager]
D/S4URC   ( 3764): [SDK] [java.lang.Class] [forName] [FindClass][String] [android.content.res.ResourcesKey]
D/S4URC   ( 3764): [SDK] [java.lang.Class] [forName] [FindClass][String] [android.app.ResourcesManager]
D/S4URC   ( 3764): [SDK] [java.io.File] [Constructor] [FilePath][String] [/data/app/com.sd.manerg-1/base.apk]
D/S4URC   ( 3764): [SDK] [java.io.File] [getPath] [FilePath][String] [/data/data/com.sd.manerg]
D/S4URC   ( 3764): [SDK] [java.io.File] [exists] [FilePath][String] [/data/data/com.sd.manerg/cache]
D/S4URC   ( 3764): [SDK] [java.io.File] [getPath] [FilePath][String] [/data/data/com.sd.manerg/cache]
D/S4URC   ( 3764): [SDK] [java.io.File] [getPath] [FilePath][String] [/data/data/com.sd.manerg]
D/S4URC   ( 3764): [SDK] [java.io.File] [getPath] [FilePath][String] [/data/data/com.sd.manerg/shared_prefs]
D/S4URC   ( 3764): [SDK] [java.io.File] [getPath] [FilePath][String] [/data/data/com.sd.manerg/shared_prefs/umeng_event_snapshot.xml]
D/S4URC   ( 3764): [SDK] [java.io.File] [Constructor] [FilePath][String] [/data/data/com.sd.manerg/shared_prefs/umeng_event_snapshot.xml.bak]
D/S4URC   ( 3764): [SDK] [java.io.File] [exists] [FilePath][String] [/data/data/com.sd.manerg/shared_prefs/umeng_event_snapshot.xml]
D/S4URC   ( 3764): [SDK] [android.content.ContextWrapper][getSharedPreferences] [File][umeng_event_snapshot.xml] [MODE][MODE_PRIVATE]
D/S4URC   ( 3764): [SDK] [java.io.File] [exists] [FilePath][String] [/data/data/com.sd.manerg/shared_prefs/umeng_event_snapshot.xml.bak]
D/S4URC   ( 3764): [SDK] [java.io.File] [exists] [FilePath][String] [/data/data/com.sd.manerg/shared_prefs/umeng_event_snapshot.xml]
D/S4URC   ( 3764): [SDK] [java.io.File] [getPath] [FilePath][String] [/data/data/com.sd.manerg/shared_prefs/umeng_event_snapshot.xml]
D/S4URC   ( 3681): [SDK] [java.io.File] [getPath] [FilePath][String] [/data/data/com.sd.manerg/shared_prefs/pp.xml]
D/S4URC   ( 3681): [SDK] [android.content.ContextWrapper][getSharedPreferences] [File][pp.xml] [MODE][MODE_PRIVATE]
D/S4URC   ( 3681): [SDK] [android.content.ContextWrapper][getSharedPreferences] [File][pp.xml] [MODE][MODE_PRIVATE] [Method][getIong] [Iong][shpm_lhbt] [Return][1535744097802]
D/S4URC   ( 3764): [SDK] [java.io.File] [getPath] [FilePath][String] [/data/data/com.sd.manerg/shared_prefs]
D/S4URC   ( 3764): [SDK] [java.io.File] [getPath] [FilePath][String] [/data/data/com.sd.manerg/shared_prefs/umeng_general_config.xml]
D/S4URC   ( 3764): [SDK] [java.io.File] [Constructor] [FilePath][String] [/data/data/com.sd.manerg/shared_prefs/umeng_general_config.xml.bak]
D/S4URC   ( 3764): [SDK] [java.io.File] [exists] [FilePath][String] [/data/data/com.sd.manerg/shared_prefs/umeng_general_config.xml]
D/S4URC   ( 3764): [SDK] [java.io.File] [canRead] [FilePath][String] [/data/data/com.sd.manerg/shared_prefs/umeng_general_config.xml]
D/S4URC   ( 3764): [SDK] [java.io.File] [getPath] [FilePath][String] [/data/data/com.sd.manerg/shared_prefs/umeng_general_config.xml]
D/S4URC   ( 3764): [SDK] [android.content.ContextWrapper][getSharedPreferences] [File][umeng_general_config.xml] [MODE][MODE_PRIVATE]
D/S4URC   ( 3764): [SDK] [java.io.File] [exists] [FilePath][String] [/data/data/com.sd.manerg/shared_prefs/umeng_general_config.xml.bak]
D/S4URC   ( 3764): [SDK] [java.io.File] [exists] [FilePath][String] [/data/data/com.sd.manerg/shared_prefs/umeng_general_config.xml]
D/S4URC   ( 3764): [SDK] [java.io.File] [canRead] [FilePath][String] [/data/data/com.sd.manerg/shared_prefs/umeng_general_config.xml]
D/S4URC   ( 3764): [SDK] [java.io.File] [getPath] [FilePath][String] [/data/data/com.sd.manerg/shared_prefs/umeng_general_config.xml]
D/S4URC   ( 3764): [SDK] [java.io.File] [canRead] [FilePath][String] [/data/data/com.sd.manerg/shared_prefs/umeng_general_config.xml]
D/S4URC   ( 3764): [SDK] [java.io.File] [getPath] [FilePath][String] [/data/data/com.sd.manerg/shared_prefs/umeng_general_config.xml]
D/S4URC   ( 3764): [SDK] [android.content.ContextWrapper][getSharedPreferences] [File][umeng_general_config.xml] [MODE][MODE_PRIVATE] [Method][getInt] [Int][successful_request] [Return][0]
D/S4URC   ( 3764): [SDK] [android.content.ContextWrapper][getSharedPreferences] [File][umeng_general_config.xml] [MODE][MODE_PRIVATE] [Method][getInt] [Int][failed_requests ] [Return][0]
D/S4URC   ( 3764): [SDK] [android.content.ContextWrapper][getSharedPreferences] [File][umeng_general_config.xml] [MODE][MODE_PRIVATE] [Method][getInt] [Int][last_request_spent_ms] [Return][0]
D/S4URC   ( 3764): [SDK] [android.content.ContextWrapper][getSharedPreferences] [File][umeng_general_config.xml] [MODE][MODE_PRIVATE] [Method][getIong] [Iong][last_request_time] [Return][0]
D/S4URC   ( 3764): [SDK] [android.content.ContextWrapper][getSharedPreferences] [File][umeng_general_config.xml] [MODE][MODE_PRIVATE] [Method][getIong] [Iong][last_req] [Return][0]
D/S4URC   ( 3764): [SDK] [java.io.File] [getPath] [FilePath][String] [/data/data/com.sd.manerg]
D/S4URC   ( 3764): [SDK] [java.io.File] [exists] [FilePath][String] [/data/data/com.sd.manerg/files]
D/S4URC   ( 3764): [SDK] [java.io.File] [getPath] [FilePath][String] [/data/data/com.sd.manerg/files]
D/S4URC   ( 3764): [SDK] [java.io.File] [exists] [FilePath][String] [/data/data/com.sd.manerg/files/.um]
D/S4URC   ( 3764): [SDK] [java.io.File] [isDirectory] [FilePath][String] [/data/data/com.sd.manerg/files/.um]
D/S4URC   ( 3764): [SDK] [java.io.File] [exists] [FilePath][String] [/data/data/com.sd.manerg/files]
D/S4URC   ( 3764): [SDK] [java.io.File] [getPath] [FilePath][String] [/data/data/com.sd.manerg/files]
D/S4URC   ( 3764): [SDK] [java.io.File] [exists] [FilePath][String] [/data/data/com.sd.manerg/files/.imprint]
D/S4URC   ( 3764): [SDK] [java.io.File] [getPath] [FilePath][String] [/data/data/com.sd.manerg/shared_prefs/umeng_general_config.xml]
D/S4URC   ( 3764): [SDK] [android.content.ContextWrapper][getSharedPreferences] [File][umeng_general_config.xml] [MODE][MODE_PRIVATE]
D/S4URC   ( 3764): [SDK] [android.content.ContextWrapper][getSharedPreferences] [File][umeng_general_config.xml] [MODE][MODE_PRIVATE] [Method][getString] [String][signature] [Return][619802327d6259898897cbcd73bb028d79668a61cc614a82aae6a2a62bc4895b]
D/S4URC   ( 3764): [SDK] [java.io.File] [getPath] [FilePath][String] [/data/data/com.sd.manerg/shared_prefs/umeng_general_config.xml]
D/S4URC   ( 3764): [SDK] [android.content.ContextWrapper][getSharedPreferences] [File][umeng_general_config.xml] [MODE][MODE_PRIVATE]
D/S4URC   ( 3764): [SDK] [android.content.ContextWrapper][getSharedPreferences] [File][umeng_general_config.xml] [MODE][MODE_PRIVATE] [Method][getIong] [Iong][thtstart] [Return][0]
D/S4URC   ( 3764): [SDK] [android.content.ContextWrapper][getSharedPreferences] [File][umeng_general_config.xml] [MODE][MODE_PRIVATE] [Method][getInt] [Int][gkvc] [Return][0]
D/S4URC   ( 3764): [SDK] [android.content.ContextWrapper][getSharedPreferences] [File][umeng_general_config.xml] [MODE][MODE_PRIVATE] [Method][getInt] [Int][ekvc] [Return][0]
D/S4URC   ( 3681): [SDK] [java.net] [HttpURLConnection] [URL][String] [http://wd.api.qingnian94188.com:9001/api/getSht.jsp]
D/S4URC   ( 3764): [SDK] [java.io.File] [getPath] [FilePath][String] [/data/data/com.sd.manerg/shared_prefs/umeng_general_config.xml]
D/S4URC   ( 3764): [SDK] [android.content.ContextWrapper][getSharedPreferences] [File][umeng_general_config.xml] [MODE][MODE_PRIVATE]
D/S4URC   ( 3764): [SDK] [android.content.ContextWrapper][getSharedPreferences] [File][umeng_general_config.xml] [MODE][MODE_PRIVATE] [Method][getIong] [Iong][a_start_time] [Return][1535744097413]
D/S4URC   ( 3764): [SDK] [android.content.ContextWrapper][getSharedPreferences] [File][umeng_general_config.xml] [MODE][MODE_PRIVATE] [Method][getIong] [Iong][a_end_time] [Return][0]
D/S4URC   ( 3764): [SDK] [android.content.ContextWrapper][getSharedPreferences] [File][umeng_general_config.xml] [MODE][MODE_PRIVATE] [Method][getString] [String][session_id] [Return][87D6F062A409B60FF0ADCCC11D074851]
D/S4URC   ( 3764): [SDK] [android.content.ContextWrapper][getSharedPreferences] [File][umeng_general_config.xml] [MODE][MODE_PRIVATE] [Method][putLong] [Key][a_start_time] [Value][1535744097980]
D/S4URC   ( 3764): [SDK] [android.content.ContextWrapper][getSharedPreferences] [File][umeng_general_config.xml] [MODE][MODE_PRIVATE] [Method][putLong] [Key][a_end_time] [Value][0]
D/S4URC   ( 3764): [SDK] [java.io.File] [exists] [FilePath][String] [/data/data/com.sd.manerg/shared_prefs/umeng_general_config.xml]
D/S4URC   ( 3764): [SDK] [java.io.File] [exists] [FilePath][String] [/data/data/com.sd.manerg/shared_prefs/umeng_general_config.xml.bak]
D/S4URC   ( 3764): [SDK] [java.io.File] [renameTo] [FilePath][String] [/data/data/com.sd.manerg/shared_prefs/umeng_general_config.xml] [DesFile][/data/data/com.sd.manerg/shared_prefs/umeng_general_config.xml.bak]
D/S4URC   ( 3764): [SDK] [java.io.File] [getPath] [FilePath][String] [/data/data/com.sd.manerg/shared_prefs/umeng_general_config.xml]
D/S4URC   ( 3764): [SDK] [java.io.File] [getPath] [FilePath][String] [/data/data/com.sd.manerg/shared_prefs]
D/S4URC   ( 3764): [SDK] [java.io.File] [getPath] [FilePath][String] [/data/data/com.sd.manerg/shared_prefs/d_permit.xml]
D/S4URC   ( 3764): [SDK] [java.io.File] [Constructor] [FilePath][String] [/data/data/com.sd.manerg/shared_prefs/d_permit.xml.bak]
D/S4URC   ( 3764): [SDK] [java.io.File] [exists] [FilePath][String] [/data/data/com.sd.manerg/shared_prefs/d_permit.xml]
D/S4URC   ( 3764): [SDK] [android.content.ContextWrapper][getSharedPreferences] [File][d_permit.xml] [MODE][MODE_PRIVATE]
D/S4URC   ( 3764): [SDK] [java.io.File] [exists] [FilePath][String] [/data/data/com.sd.manerg/shared_prefs/d_permit.xml.bak]
D/S4URC   ( 3764): [SDK] [java.io.File] [exists] [FilePath][String] [/data/data/com.sd.manerg/shared_prefs/d_permit.xml]
D/S4URC   ( 3764): [SDK] [java.io.File] [getPath] [FilePath][String] [/data/data/com.sd.manerg/shared_prefs/d_permit.xml]
D/S4URC   ( 3764): [SDK] [android.content.ContextWrapper][getSharedPreferences] [File][d_permit.xml] [MODE][MODE_PRIVATE] [Method][getBoolean] [Boolean][permitted] [Return][true]
D/S4URC   ( 3764): [SDK] [java.io.File] [Constructor] [FilePath][String] [/proc/3764/cmdline]
D/S4URC   ( 3764): [SDK] [java.io.File] [getPath] [FilePath][String] [/proc/3764/cmdline]
D/S4URC   ( 3764): [SDK] [java.lang.Class] [forName] [FindClass][String] [android.app.ActivityManagerNative]
D/S4URC   ( 3764): [SDK] [java.io.File] [getPath] [FilePath][String] [/data/data/com.sd.manerg/shared_prefs/umeng_general_config.xml]
D/S4URC   ( 3764): [SDK] [java.io.File] [delete] [FilePath][String] [/data/data/com.sd.manerg/shared_prefs/umeng_general_config.xml.bak]
D/S4URC   ( 3764): [SDK] [android.content.ContextWrapper][getSharedPreferences] [File][d_permit.xml] [MODE][MODE_PRIVATE] [Method][commit]
D/S4URC   ( 3764): [SDK] [java.io.File] [getPath] [FilePath][String] [/data/data/com.sd.manerg]
D/S4URC   ( 3764): [SDK] [java.io.File] [exists] [FilePath][String] [/data/data/com.sd.manerg/app_vdp_indicators]
D/S4URC   ( 3764): [SDK] [java.io.File] [getPath] [FilePath][String] [/data/data/com.sd.manerg]
D/S4URC   ( 3764): [SDK] [java.io.File] [exists] [FilePath][String] [/data/data/com.sd.manerg/app_bin]
D/S4URC   ( 3764): [SDK] [java.io.File] [getPath] [FilePath][String] [/data/data/com.sd.manerg/app_bin]
D/S4URC   ( 3764): [SDK] [java.io.File] [exists] [FilePath][String] [/data/data/com.sd.manerg/app_bin/libvdp_a1.so]
D/S4URC   ( 3764): [SDK] [java.io.File] [exists] [FilePath][String] [/data/data/com.sd.manerg/app_vdp_indicators]
D/S4URC   ( 3764): [SDK] [java.io.File] [getPath] [FilePath][String] [/data/data/com.sd.manerg/app_vdp_indicators]
D/S4URC   ( 3681): [SDK] [java.io.File] [getPath] [FilePath][String] [/data/data/com.sd.manerg/shared_prefs/pp.xml]
D/S4URC   ( 3681): [SDK] [android.content.ContextWrapper][getSharedPreferences] [File][pp.xml] [MODE][MODE_PRIVATE]
D/S4URC   ( 3681): [SDK] [android.content.ContextWrapper][getSharedPreferences] [File][pp.xml] [MODE][MODE_PRIVATE] [Method][getBoolean] [Boolean][sale_iu] [Return][false]
D/S4URC   ( 3681): [SDK] [android.content.ContextWrapper] [registerReceiver][IntentFilter][android.net.conn.CONNECTIVITY_CHANGE,android.intent.action.USER_PRESENT,
D/S4URC   ( 3681): [SDK] [java.io.File] [getPath] [FilePath][String] [/data/data/com.sd.manerg/shared_prefs/pp.xml]
D/S4URC   ( 3681): [SDK] [android.content.ContextWrapper][getSharedPreferences] [File][pp.xml] [MODE][MODE_PRIVATE]
D/S4URC   ( 3681): [SDK] [android.content.ContextWrapper][getSharedPreferences] [File][pp.xml] [MODE][MODE_PRIVATE] [Method][getBoolean] [Boolean][sale_iu] [Return][false]
D/S4URC   ( 3681): [SDK] [java.io.File] [getPath] [FilePath][String] [/data]
D/S4URC   ( 3681): [SDK] [android.os.Environment] [getDataDirectory] [DataDirectoryPath][String] [/data]
D/S4URC   ( 3681): [SDK] [java.io.File] [exists] [FilePath][String] [/data]
D/S4URC   ( 3681): [SDK] [java.io.File] [isDirectory] [FilePath][String] [/data]
D/S4URC   ( 3681): [SDK] [java.io.File] [Constructor] [FilePath][String] [/storage/sdcard0]
D/S4URC   ( 3681): [SDK] [java.io.File] [Constructor] [FilePath][String] [/storage/sdcard1]
D/S4URC   ( 3681): [SDK] [java.io.File] [Constructor] [FilePath][String] [/storage/usb2host]
D/S4URC   ( 3681): [SDK] [java.io.File] [Constructor] [FilePath][String] [/storage/usb3device]
D/S4URC   ( 3681): [SDK] [java.io.File] [Constructor] [FilePath][String] [/storage/usb3host]
D/S4URC   ( 3681): [SDK] [android.os.Environment] [getExternalStorageState] [ExternalStorageState][String] [mounted]
D/S4URC   ( 3681): [SDK] [java.io.File] [getPath] [FilePath][String] [/storage/sdcard0]
D/S4URC   ( 3681): [SDK] [android.os.Environment] [getExternalStorageDirectory] [DirectoryPath][String] [/storage/sdcard0]
D/S4URC   ( 3681): [SDK] [java.io.File] [exists] [FilePath][String] [/storage/sdcard0]
D/S4URC   ( 3681): [SDK] [java.io.File] [isDirectory] [FilePath][String] [/storage/sdcard0]
