D/S4URC   ( 2760): [SDK] [java.io.File] [Constructor] [FilePath][String] [/data/data/com.jr.qncqsd/files/MffiIVNZVMCEUUVRsa.dex]
D/S4URC   ( 2760): [SDK] [java.io.File] [Constructor] [FilePath][String] [/data/app/com.jr.qncqsd-1/lib/arm]
D/S4URC   ( 2760): [SDK] [java.io.File] [Constructor] [FilePath][String] [/vendor/lib]
D/S4URC   ( 2760): [SDK] [java.io.File] [Constructor] [FilePath][String] [/system/lib]
D/S4URC   ( 2760): [SDK] [java.lang.Class] [forName] [FindClass][String] [android.app.ActivityThread]
D/S4URC   ( 2760): [SDK] [java.lang.Class] [forName] [FindClass][String] [android.app.LoadedApk]
D/S4URC   ( 2760): [SDK] [java.lang.Class] [forName] [FindClass][String] [dalvik.system.LexClassLoader]
D/S4URC   ( 2760): [SDK] [java.lang.Class] [forName] [FindClass][String] [dalvik.system.BaseDexClassLoader]
D/S4URC   ( 2760): [SDK] [dalvik.system.DexClassLoader] [Constructor] [DexPath][String] [/data/data/com.jr.qncqsd/files/mOzRLKVIhLFtMBllstub.jar] [NDKPath][String] [/data/data/com.jr.qncqsd/files/mOzRLKVIhLFtMBllstub.jar]
D/S4URC   ( 2760): [SDK] [java.io.File] [Constructor] [FilePath][String] [/data/data/com.jr.qncqsd/files]
D/S4URC   ( 2760): [SDK] [dalvik.system.BaseDexClassLoader] [Constructor] [DexPath][String] [/data/data/com.jr.qncqsd/files/mOzRLKVIhLFtMBllstub.jar] [NDKPath][String] [/data/data/com.jr.qncqsd/files/mOzRLKVIhLFtMBllstub.jar]
D/S4URC   ( 2760): [SDK] [java.io.File] [exists] [FilePath][String] [/data/data/com.jr.qncqsd/files]
D/S4URC   ( 2760): [SDK] [java.io.File] [canRead] [FilePath][String] [/data/data/com.jr.qncqsd/files]
D/S4URC   ( 2760): [SDK] [java.io.File] [canWrite] [FilePath][String] [/data/data/com.jr.qncqsd/files]
D/S4URC   ( 2760): [SDK] [java.io.File] [Constructor] [FilePath][String] [/data/data/com.jr.qncqsd/files/mOzRLKVIhLFtMBllstub.jar]
D/S4URC   ( 2760): [SDK] [java.io.File] [getName] [FilePath][String] [/data/data/com.jr.qncqsd/files/mOzRLKVIhLFtMBllstub.jar]
D/S4URC   ( 2760): [SDK] [java.io.File] [isDirectory] [FilePath][String] [/data/data/com.jr.qncqsd/files/mOzRLKVIhLFtMBllstub.jar]
D/S4URC   ( 2760): [SDK] [java.io.File] [isFile] [FilePath][String] [/data/data/com.jr.qncqsd/files/mOzRLKVIhLFtMBllstub.jar]
D/S4URC   ( 2760): [SDK] [java.io.File] [getName] [FilePath][String] [/data/data/com.jr.qncqsd/files/mOzRLKVIhLFtMBllstub.jar]
D/S4URC   ( 2760): [SDK] [java.io.File] [getPath] [FilePath][String] [/data/data/com.jr.qncqsd/files]
D/S4URC   ( 2760): [SDK] [java.io.File] [getPath] [FilePath][String] [/data/data/com.jr.qncqsd/files/mOzRLKVIhLFtMBllstub.dex]
D/S4URC   ( 2760): [SDK] [java.io.File] [getPath] [FilePath][String] [/data/data/com.jr.qncqsd/files/mOzRLKVIhLFtMBllstub.jar]
D/S4URC   ( 2760): [SDK] [java.io.File] [Constructor] [FilePath][String] [/data/data/com.jr.qncqsd/files/mOzRLKVIhLFtMBllstub.dex]
D/S4URC   ( 2760): [SDK] [java.io.File] [getParent] [FilePath][String] [/data/data/com.jr.qncqsd/files/mOzRLKVIhLFtMBllstub.dex]
D/S4URC   ( 2760): [SDK] [dalvik.system.DexFile] [openDexFile] [DexPath][String] [/data/data/com.jr.qncqsd/files/mOzRLKVIhLFtMBllstub.jar]
D/S4URC   ( 2760): [SDK] [java.io.File] [Constructor] [FilePath][String] [/data/data/com.jr.qncqsd/files/mOzRLKVIhLFtMBllstub.jar]
D/S4URC   ( 2760): [SDK] [java.io.File] [Constructor] [FilePath][String] [/data/data/com.jr.qncqsd/files/mOzRLKVIhLFtMBllstub.dex]
D/S4URC   ( 2760): [SDK] [java.io.File] [Constructor] [FilePath][String] [/vendor/lib]
D/S4URC   ( 2760): [SDK] [java.io.File] [Constructor] [FilePath][String] [/system/lib]
D/S4URC   ( 2760): [SDK] [java.lang.Class] [forName] [FindClass][String] [dalvik.system.BaseDexClassLoader]
D/S4URC   ( 2760): [SDK] [java.lang.Class] [forName] [FindClass][String] [dalvik.system.DexPathList$Element]
D/S4URC   ( 2760): [SDK] [java.lang.Class] [forName] [FindClass][String] [dalvik.system.BaseDexClassLoader]
D/S4URC   ( 2760): [SDK] [java.io.File] [exists] [FilePath][String] [/data/data/com.jr.qncqsd/files]
D/S4URC   ( 2760): [SDK] [java.io.File] [Constructor] [FilePath][String] [/data/data/com.jr.qncqsd/files/log/agent_log]
D/S4URC   ( 2760): [SDK] [java.io.File] [getParent] [FilePath][String] [/data/data/com.jr.qncqsd/files/log/agent_log]
D/S4URC   ( 2760): [SDK] [java.io.File] [Constructor] [FilePath][String] [/data/data/com.jr.qncqsd/files/log]
D/S4URC   ( 2760): [SDK] [java.io.File] [exists] [FilePath][String] [/data/data/com.jr.qncqsd/files/log]
D/S4URC   ( 2760): [SDK] [java.io.File] [exists] [FilePath][String] [/data/data/com.jr.qncqsd/files/log/agent_log]
D/S4URC   ( 2760): [SDK] [java.io.File] [Constructor] [FilePath][String] [/data/data/com.jr.qncqsd/files/log/crash_log]
D/S4URC   ( 2760): [SDK] [java.io.File] [exists] [FilePath][String] [/data/data/com.jr.qncqsd/files/log/crash_log]
D/S4URC   ( 2760): [SDK] [java.io.File] [getPath] [FilePath][String] [/data/data/com.jr.qncqsd/files/log/agent_log]
D/S4URC   ( 2760): [SDK] [java.io.File] [getPath] [FilePath][String] [/data/data/com.jr.qncqsd/files/log/crash_log]
D/S4URC   ( 2760): [SDK] [java.io.File] [getPath] [FilePath][String] [/data/data/com.jr.qncqsd]
D/S4URC   ( 2760): [SDK] [java.io.File] [getPath] [FilePath][String] [/data/data/com.jr.qncqsd/shared_prefs]
D/S4URC   ( 2760): [SDK] [java.io.File] [getPath] [FilePath][String] [/data/data/com.jr.qncqsd/shared_prefs/com.nativedroid.sa.xml]
D/S4URC   ( 2760): [SDK] [java.io.File] [Constructor] [FilePath][String] [/data/data/com.jr.qncqsd/shared_prefs/com.nativedroid.sa.xml.bak]
D/S4URC   ( 2760): [SDK] [java.io.File] [exists] [FilePath][String] [/data/data/com.jr.qncqsd/shared_prefs/com.nativedroid.sa.xml]
D/S4URC   ( 2760): [SDK] [java.io.File] [canRead] [FilePath][String] [/data/data/com.jr.qncqsd/shared_prefs/com.nativedroid.sa.xml]
D/S4URC   ( 2760): [SDK] [java.io.File] [getPath] [FilePath][String] [/data/data/com.jr.qncqsd/shared_prefs/com.nativedroid.sa.xml]
D/S4URC   ( 2760): [SDK] [android.content.ContextWrapper][getSharedPreferences] [File][com.nativedroid.sa.xml] [MODE][MODE_PRIVATE]
D/S4URC   ( 2760): [SDK] [java.io.File] [exists] [FilePath][String] [/data/data/com.jr.qncqsd/shared_prefs/com.nativedroid.sa.xml.bak]
D/S4URC   ( 2760): [SDK] [java.io.File] [exists] [FilePath][String] [/data/data/com.jr.qncqsd/shared_prefs/com.nativedroid.sa.xml]
D/S4URC   ( 2760): [SDK] [java.io.File] [canRead] [FilePath][String] [/data/data/com.jr.qncqsd/shared_prefs/com.nativedroid.sa.xml]
D/S4URC   ( 2760): [SDK] [java.io.File] [getPath] [FilePath][String] [/data/data/com.jr.qncqsd/shared_prefs/com.nativedroid.sa.xml]
D/S4URC   ( 2760): [SDK] [java.io.File] [canRead] [FilePath][String] [/data/data/com.jr.qncqsd/shared_prefs/com.nativedroid.sa.xml]
D/S4URC   ( 2760): [SDK] [java.io.File] [getPath] [FilePath][String] [/data/data/com.jr.qncqsd/shared_prefs/com.nativedroid.sa.xml]
D/S4URC   ( 2760): [SDK] [android.content.ContextWrapper][getSharedPreferences] [File][com.nativedroid.sa.xml] [MODE][MODE_PRIVATE] [Method][putInt] [Key][APPID] [Value][30011]
D/S4URC   ( 2760): [SDK] [java.io.File] [exists] [FilePath][String] [/data/data/com.jr.qncqsd/shared_prefs/com.nativedroid.sa.xml]
D/S4URC   ( 2760): [SDK] [android.content.ContextWrapper][getSharedPreferences] [File][com.nativedroid.sa.xml] [MODE][MODE_PRIVATE] [Method][commit]
D/S4URC   ( 2760): [SDK] [android.content.ContextWrapper][getSharedPreferences] [File][com.nativedroid.sa.xml] [MODE][MODE_PRIVATE]
D/S4URC   ( 2760): [SDK] [android.content.ContextWrapper][getSharedPreferences] [File][com.nativedroid.sa.xml] [MODE][MODE_PRIVATE] [Method][putString] [Key][APPKEY] [Value][168adef79858ba9c5180aa19d2e8a17b]
D/S4URC   ( 2760): [SDK] [java.io.File] [exists] [FilePath][String] [/data/data/com.jr.qncqsd/shared_prefs/com.nativedroid.sa.xml]
D/S4URC   ( 2760): [SDK] [android.content.ContextWrapper][getSharedPreferences] [File][com.nativedroid.sa.xml] [MODE][MODE_PRIVATE] [Method][commit]
D/S4URC   ( 2760): [SDK] [android.content.ContextWrapper][getSharedPreferences] [File][com.nativedroid.sa.xml] [MODE][MODE_PRIVATE]
D/S4URC   ( 2760): [SDK] [android.content.ContextWrapper][getSharedPreferences] [File][com.nativedroid.sa.xml] [MODE][MODE_PRIVATE] [Method][putInt] [Key][RANK] [Value][1]
D/S4URC   ( 2760): [SDK] [java.io.File] [exists] [FilePath][String] [/data/data/com.jr.qncqsd/shared_prefs/com.nativedroid.sa.xml]
D/S4URC   ( 2760): [SDK] [android.content.ContextWrapper][getSharedPreferences] [File][com.nativedroid.sa.xml] [MODE][MODE_PRIVATE] [Method][commit]
D/S4URC   ( 2760): [SDK] [android.content.ContextWrapper][getSharedPreferences] [File][com.nativedroid.sa.xml] [MODE][MODE_PRIVATE]
D/S4URC   ( 2760): [SDK] [android.content.ContextWrapper][getSharedPreferences] [File][com.nativedroid.sa.xml] [MODE][MODE_PRIVATE] [Method][putInt] [Key][ISNOICON] [Value][0]
D/S4URC   ( 2760): [SDK] [java.io.File] [exists] [FilePath][String] [/data/data/com.jr.qncqsd/shared_prefs/com.nativedroid.sa.xml]
D/S4URC   ( 2760): [SDK] [android.content.ContextWrapper][getSharedPreferences] [File][com.nativedroid.sa.xml] [MODE][MODE_PRIVATE] [Method][commit]
D/S4URC   ( 2760): [SDK] [android.content.ContextWrapper][getSharedPreferences] [File][com.nativedroid.sa.xml] [MODE][MODE_PRIVATE]
D/S4URC   ( 2760): [SDK] [android.content.ContextWrapper][getSharedPreferences] [File][com.nativedroid.sa.xml] [MODE][MODE_PRIVATE] [Method][putString] [Key][KEY1] [Value][null]
D/S4URC   ( 2760): [SDK] [java.io.File] [exists] [FilePath][String] [/data/data/com.jr.qncqsd/shared_prefs/com.nativedroid.sa.xml]
D/S4URC   ( 2760): [SDK] [android.content.ContextWrapper][getSharedPreferences] [File][com.nativedroid.sa.xml] [MODE][MODE_PRIVATE] [Method][commit]
D/S4URC   ( 2760): [SDK] [android.content.ContextWrapper][getSharedPreferences] [File][com.nativedroid.sa.xml] [MODE][MODE_PRIVATE]
D/S4URC   ( 2760): [SDK] [android.content.ContextWrapper][getSharedPreferences] [File][com.nativedroid.sa.xml] [MODE][MODE_PRIVATE] [Method][putString] [Key][KEY2] [Value][null]
D/S4URC   ( 2760): [SDK] [java.io.File] [exists] [FilePath][String] [/data/data/com.jr.qncqsd/shared_prefs/com.nativedroid.sa.xml]
D/S4URC   ( 2760): [SDK] [android.content.ContextWrapper][getSharedPreferences] [File][com.nativedroid.sa.xml] [MODE][MODE_PRIVATE] [Method][commit]
D/S4URC   ( 2760): [SDK] [java.lang.Class] [forName] [FindClass][String] [com.nativedroid.module.phoenix.proxy.Stub]
D/S4URC   ( 2760): [SDK] [java.lang.Class] [forName] [FindClass][String] [cqlfgj.rsznrd.orzenxazvpcwnsrc]
D/S4URC   ( 2760): [SDK] [java.lang.Class] [forName] [FindClass][String] [com.nativedroid.module.phoenix.proxy.Stub]
D/S4URC   ( 2760): [SDK] [java.lang.Class] [forName] [FindClass][String] [yffvfk.jbowmj.dqilgshsvzxzcirn]
D/S4URC   ( 2786): [SDK] [java.lang.Class] [forName] [FindClass][String] [java.net.HttpURLConnection]
D/S4URC   ( 2760): [SDK] [java.lang.Class] [forName] [FindClass][String] [com.nativedroid.module.phoenix.proxy.Stub]
D/S4URC   ( 2760): [SDK] [java.lang.Class] [forName] [FindClass][String] [dwuubq.tzojmt.lvtgmwqvaojgqkll]
D/S4URC   ( 2786): [SDK] [java.lang.Class] [forName] [FindClass][String] [com.android.okhttp.internal.http.HttpURLConnectionImpl]
D/S4URC   ( 2760): [SDK] [java.lang.Class] [forName] [FindClass][String] [com.nativedroid.module.phoenix.proxy.Stub]
D/S4URC   ( 2786): [SDK] [java.lang.Class] [forName] [FindClass][String] [java.net.Socket]
D/S4URC   ( 2760): [SDK] [java.lang.Class] [forName] [FindClass][String] [tudqhs.qcxizd.smwtxzrmuxsdfqlj]
D/S4URC   ( 2661): [SDK] [java.io.File] [Constructor] [FilePath][String] [/vendor/lib]
D/S4URC   ( 2661): [SDK] [java.io.File] [Constructor] [FilePath][String] [/system/lib]
D/S4URC   ( 2786): [SDK] [java.lang.Class] [forName] [FindClass][String] [android.telephony.TelephonyManager]
D/S4URC   ( 2786): [SDK] [java.lang.Class] [forName] [FindClass][String] [android.os.Debug]
D/S4URC   ( 2786): [SDK] [java.lang.Class] [forName] [FindClass][String] [android.hardware.SensorManager]
D/S4URC   ( 2760): [SDK] [java.io.File] [Constructor] [FilePath][String] [/proc/2760/cmdline]
D/S4URC   ( 2760): [SDK] [java.io.File] [getPath] [FilePath][String] [/proc/2760/cmdline]
D/S4URC   ( 2760): [SDK] [java.io.File] [getPath] [FilePath][String] [/data/data/com.jr.qncqsd]
D/S4URC   ( 2760): [SDK] [java.io.File] [exists] [FilePath][String] [/data/data/com.jr.qncqsd/app_indicators]
D/S4URC   ( 2760): [SDK] [java.io.File] [getPath] [FilePath][String] [/data/data/com.jr.qncqsd/app_indicators]
D/S4URC   ( 2760): [SDK] [java.io.File] [exists] [FilePath][String] [/data/data/com.jr.qncqsd/app_indicators/indicator_p]
D/S4URC   ( 2760): [SDK] [java.io.File] [getPath] [FilePath][String] [/data/data/com.jr.qncqsd/app_indicators]
D/S4URC   ( 2760): [SDK] [java.io.File] [exists] [FilePath][String] [/data/data/com.jr.qncqsd/app_indicators/indicator_d]
D/S4URC   ( 2760): [SDK] [java.io.File] [getPath] [FilePath][String] [/data/data/com.jr.qncqsd]
D/S4URC   ( 2760): [SDK] [java.io.File] [exists] [FilePath][String] [/data/data/com.jr.qncqsd/app_indicators]
D/S4URC   ( 2760): [SDK] [java.lang.Class] [forName] [FindClass][String] [android.app.ActivityManagerNative]
D/S4URC   ( 2760): [SDK] [java.io.File] [getPath] [FilePath][String] [/data/data/com.jr.qncqsd/app_indicators]
D/S4URC   ( 2661): [SDK] [java.io.File] [getPath] [FilePath][String] [/storage/sdcard0]
D/S4URC   ( 2661): [SDK] [java.io.File] [getPath] [FilePath][String] [/storage/sdcard0/Android]
D/S4URC   ( 2661): [SDK] [java.io.File] [getPath] [FilePath][String] [/storage/sdcard0/Android/data]
D/S4URC   ( 2661): [SDK] [java.io.File] [getPath] [FilePath][String] [/storage/sdcard0/Android/data/com.jr.qncqsd]
D/S4URC   ( 2661): [SDK] [java.io.File] [getPath] [FilePath][String] [/storage/sdcard1]
D/S4URC   ( 2661): [SDK] [java.io.File] [getPath] [FilePath][String] [/storage/sdcard1/Android]
D/S4URC   ( 2661): [SDK] [java.io.File] [getPath] [FilePath][String] [/storage/sdcard1/Android/data]
D/S4URC   ( 2661): [SDK] [java.io.File] [getPath] [FilePath][String] [/storage/sdcard1/Android/data/com.jr.qncqsd]
D/S4URC   ( 2661): [SDK] [java.io.File] [getPath] [FilePath][String] [/storage/usb2host]
D/S4URC   ( 2661): [SDK] [java.io.File] [getPath] [FilePath][String] [/storage/usb2host/Android]
D/S4URC   ( 2661): [SDK] [java.io.File] [getPath] [FilePath][String] [/storage/usb2host/Android/data]
D/S4URC   ( 2661): [SDK] [java.io.File] [getPath] [FilePath][String] [/storage/usb2host/Android/data/com.jr.qncqsd]
D/S4URC   ( 2661): [SDK] [java.io.File] [getPath] [FilePath][String] [/storage/usb3device]
D/S4URC   ( 2661): [SDK] [java.io.File] [getPath] [FilePath][String] [/storage/usb3device/Android]
D/S4URC   ( 2661): [SDK] [java.io.File] [getPath] [FilePath][String] [/storage/usb3device/Android/data]
D/S4URC   ( 2661): [SDK] [java.io.File] [getPath] [FilePath][String] [/storage/usb3device/Android/data/com.jr.qncqsd]
D/S4URC   ( 2661): [SDK] [java.io.File] [getPath] [FilePath][String] [/storage/usb3host]
D/S4URC   ( 2661): [SDK] [java.io.File] [getPath] [FilePath][String] [/storage/usb3host/Android]
D/S4URC   ( 2661): [SDK] [java.io.File] [getPath] [FilePath][String] [/storage/usb3host/Android/data]
D/S4URC   ( 2661): [SDK] [java.io.File] [getPath] [FilePath][String] [/storage/usb3host/Android/data/com.jr.qncqsd]
D/S4URC   ( 2760): [SDK] [android.app.ApplicationPackageManager] [getApplicationInfo] [FindApplicationName][String] [com.jr.qncqsd]
D/S4URC   ( 2661): [SDK] [java.io.File] [Constructor] [FilePath][String] [/storage/sdcard0/Android/data/com.jr.qncqsd/files]
D/S4URC   ( 2661): [SDK] [java.io.File] [Constructor] [FilePath][String] [/storage/sdcard0]
D/S4URC   ( 2661): [SDK] [java.io.File] [Constructor] [FilePath][String] [/storage/sdcard1]
D/S4URC   ( 2661): [SDK] [java.io.File] [Constructor] [FilePath][String] [/storage/usb2host]
D/S4URC   ( 2661): [SDK] [java.io.File] [Constructor] [FilePath][String] [/storage/usb3device]
D/S4URC   ( 2661): [SDK] [java.io.File] [Constructor] [FilePath][String] [/storage/usb3host]
D/S4URC   ( 2661): [SDK] [java.io.File] [exists] [FilePath][String] [/storage/sdcard0/Android/data/com.jr.qncqsd/files]
D/S4URC   ( 2760): [SDK] [android.app.ApplicationPackageManager] [getApplicationInfo] [FindApplicationName][String] [com.jr.qncqsd]
D/S4URC   ( 2661): [SDK] [java.io.File] [mkdirs] [FilePath][String] [/storage/sdcard0/Android/data/com.jr.qncqsd/files]
D/S4URC   ( 2661): [SDK] [java.io.File] [getParent] [FilePath][String] [/storage/sdcard0/Android/data/com.jr.qncqsd/files]
D/S4URC   ( 2661): [SDK] [java.io.File] [Constructor] [FilePath][String] [/storage/sdcard0/Android/data/com.jr.qncqsd]
D/S4URC   ( 2786): [SDK] [java.lang.Class] [forName] [FindClass][String] [android.content.res.ResourcesKey]
D/S4URC   ( 2786): [SDK] [java.lang.Class] [forName] [FindClass][String] [android.app.ResourcesManager]
D/S4URC   ( 2786): [SDK] [java.io.File] [Constructor] [FilePath][String] [/data/app/com.jr.qncqsd-1/base.apk]
D/S4URC   ( 2786): [SDK] [java.io.File] [getPath] [FilePath][String] [/data/data/com.jr.qncqsd]
D/S4URC   ( 2786): [SDK] [java.io.File] [exists] [FilePath][String] [/data/data/com.jr.qncqsd/cache]
D/S4URC   ( 2661): [SDK] [java.io.File] [mkdir] [FilePath][String] [/storage/sdcard0/Android/data/com.jr.qncqsd/files]
D/S4URC   ( 2786): [SDK] [java.io.File] [getPath] [FilePath][String] [/data/data/com.jr.qncqsd/cache]
D/S4URC   ( 2760): [SDK] [android.app.ActivityManager] [getRunningAppProcesses]
D/S4URC   ( 2661): [SDK] [java.io.File] [Constructor] [FilePath][String] [/storage/sdcard1/Android/data/com.jr.qncqsd/files]
D/S4URC   ( 2661): [SDK] [java.io.File] [Constructor] [FilePath][String] [/storage/sdcard0]
D/S4URC   ( 2661): [SDK] [java.io.File] [Constructor] [FilePath][String] [/storage/sdcard1]
D/S4URC   ( 2661): [SDK] [java.io.File] [Constructor] [FilePath][String] [/storage/usb2host]
D/S4URC   ( 2661): [SDK] [java.io.File] [Constructor] [FilePath][String] [/storage/usb3device]
D/S4URC   ( 2661): [SDK] [java.io.File] [Constructor] [FilePath][String] [/storage/usb3host]
D/S4URC   ( 2661): [SDK] [java.io.File] [exists] [FilePath][String] [/storage/sdcard1/Android/data/com.jr.qncqsd/files]
D/S4URC   ( 2661): [SDK] [java.io.File] [mkdirs] [FilePath][String] [/storage/sdcard1/Android/data/com.jr.qncqsd/files]
D/S4URC   ( 2661): [SDK] [java.io.File] [exists] [FilePath][String] [/storage/sdcard1/Android/data/com.jr.qncqsd/files]
D/S4URC   ( 2786): [SDK] [java.io.File] [getPath] [FilePath][String] [/data/data/com.jr.qncqsd]
D/S4URC   ( 2786): [SDK] [java.io.File] [exists] [FilePath][String] [/data/data/com.jr.qncqsd/files]
D/S4URC   ( 2786): [SDK] [java.io.File] [Constructor] [FilePath][String] [/data/data/com.jr.qncqsd/files/libHTPbMvhQomeIWIJHbootstrap.so]
D/S4URC   ( 2786): [SDK] [java.io.File] [exists] [FilePath][String] [/data/data/com.jr.qncqsd/files/libHTPbMvhQomeIWIJHbootstrap.so]
D/S4URC   ( 2786): [SDK] [java.io.File] [exists] [FilePath][String] [/data/data/com.jr.qncqsd/files]
D/S4URC   ( 2786): [SDK] [java.io.File] [Constructor] [FilePath][String] [/data/data/com.jr.qncqsd/files/libHTPbMvhQomeIWIJHbootstrap.so]
D/S4URC   ( 2786): [SDK] [java.io.File] [Constructor] [FilePath][String] [/data/app/com.jr.qncqsd-1/lib/arm/libHTPbMvhQomeIWIJHbootstrap.so]
D/S4URC   ( 2786): [SDK] [java.io.File] [exists] [FilePath][String] [/data/data/com.jr.qncqsd/files]
D/S4URC   ( 2661): [SDK] [java.io.File] [Constructor] [FilePath][String] [/storage/usb2host/Android/data/com.jr.qncqsd/files]
D/S4URC   ( 2786): [SDK] [java.io.File] [exists] [FilePath][String] [/data/data/com.jr.qncqsd/files]
D/S4URC   ( 2661): [SDK] [java.io.File] [Constructor] [FilePath][String] [/storage/sdcard0]
D/S4URC   ( 2661): [SDK] [java.io.File] [Constructor] [FilePath][String] [/storage/sdcard1]
D/S4URC   ( 2661): [SDK] [java.io.File] [Constructor] [FilePath][String] [/storage/usb2host]
D/S4URC   ( 2661): [SDK] [java.io.File] [Constructor] [FilePath][String] [/storage/usb3device]
D/S4URC   ( 2661): [SDK] [java.io.File] [Constructor] [FilePath][String] [/storage/usb3host]
D/S4URC   ( 2661): [SDK] [java.io.File] [exists] [FilePath][String] [/storage/usb2host/Android/data/com.jr.qncqsd/files]
D/S4URC   ( 2661): [SDK] [java.io.File] [mkdirs] [FilePath][String] [/storage/usb2host/Android/data/com.jr.qncqsd/files]
D/S4URC   ( 2661): [SDK] [java.io.File] [exists] [FilePath][String] [/storage/usb2host/Android/data/com.jr.qncqsd/files]
D/S4URC   ( 2786): [SDK] [dalvik.system.DexClassLoader] [Constructor] [DexPath][String] [/data/data/com.jr.qncqsd/files/UrisOAzvMuMknfjVdynamicloader.jar] [NDKPath][String] [null]
D/S4URC   ( 2786): [SDK] [java.io.File] [Constructor] [FilePath][String] [/data/data/com.jr.qncqsd/files/]
D/S4URC   ( 2786): [SDK] [dalvik.system.BaseDexClassLoader] [Constructor] [DexPath][String] [/data/data/com.jr.qncqsd/files/UrisOAzvMuMknfjVdynamicloader.jar] [NDKPath][String] [null]
D/S4URC   ( 2786): [SDK] [java.io.File] [exists] [FilePath][String] [/data/data/com.jr.qncqsd/files]
D/S4URC   ( 2786): [SDK] [java.io.File] [canRead] [FilePath][String] [/data/data/com.jr.qncqsd/files]
D/S4URC   ( 2786): [SDK] [java.io.File] [canWrite] [FilePath][String] [/data/data/com.jr.qncqsd/files]
D/S4URC   ( 2786): [SDK] [java.io.File] [Constructor] [FilePath][String] [/data/data/com.jr.qncqsd/files/UrisOAzvMuMknfjVdynamicloader.jar]
D/S4URC   ( 2786): [SDK] [java.io.File] [getName] [FilePath][String] [/data/data/com.jr.qncqsd/files/UrisOAzvMuMknfjVdynamicloader.jar]
D/S4URC   ( 2786): [SDK] [java.io.File] [isDirectory] [FilePath][String] [/data/data/com.jr.qncqsd/files/UrisOAzvMuMknfjVdynamicloader.jar]
D/S4URC   ( 2786): [SDK] [java.io.File] [isFile] [FilePath][String] [/data/data/com.jr.qncqsd/files/UrisOAzvMuMknfjVdynamicloader.jar]
D/S4URC   ( 2786): [SDK] [java.io.File] [getName] [FilePath][String] [/data/data/com.jr.qncqsd/files/UrisOAzvMuMknfjVdynamicloader.jar]
D/S4URC   ( 2786): [SDK] [java.io.File] [getPath] [FilePath][String] [/data/data/com.jr.qncqsd/files]
D/S4URC   ( 2786): [SDK] [java.io.File] [getPath] [FilePath][String] [/data/data/com.jr.qncqsd/files/UrisOAzvMuMknfjVdynamicloader.dex]
D/S4URC   ( 2786): [SDK] [java.io.File] [getPath] [FilePath][String] [/data/data/com.jr.qncqsd/files/UrisOAzvMuMknfjVdynamicloader.jar]
D/S4URC   ( 2786): [SDK] [java.io.File] [Constructor] [FilePath][String] [/data/data/com.jr.qncqsd/files/UrisOAzvMuMknfjVdynamicloader.dex]
D/S4URC   ( 2786): [SDK] [java.io.File] [getParent] [FilePath][String] [/data/data/com.jr.qncqsd/files/UrisOAzvMuMknfjVdynamicloader.dex]
D/S4URC   ( 2786): [SDK] [dalvik.system.DexFile] [openDexFile] [DexPath][String] [/data/data/com.jr.qncqsd/files/UrisOAzvMuMknfjVdynamicloader.jar]
D/S4URC   ( 2786): [SDK] [java.io.File] [Constructor] [FilePath][String] [/data/data/com.jr.qncqsd/files/UrisOAzvMuMknfjVdynamicloader.jar]
D/S4URC   ( 2786): [SDK] [java.io.File] [Constructor] [FilePath][String] [/data/data/com.jr.qncqsd/files/UrisOAzvMuMknfjVdynamicloader.dex]
D/S4URC   ( 2661): [SDK] [java.io.File] [Constructor] [FilePath][String] [/storage/usb3device/Android/data/com.jr.qncqsd/files]
D/S4URC   ( 2661): [SDK] [java.io.File] [Constructor] [FilePath][String] [/storage/sdcard0]
D/S4URC   ( 2661): [SDK] [java.io.File] [Constructor] [FilePath][String] [/storage/sdcard1]
D/S4URC   ( 2661): [SDK] [java.io.File] [Constructor] [FilePath][String] [/storage/usb2host]
D/S4URC   ( 2661): [SDK] [java.io.File] [Constructor] [FilePath][String] [/storage/usb3device]
D/S4URC   ( 2661): [SDK] [java.io.File] [Constructor] [FilePath][String] [/storage/usb3host]
D/S4URC   ( 2786): [SDK] [java.io.File] [Constructor] [FilePath][String] [/vendor/lib]
D/S4URC   ( 2786): [SDK] [java.io.File] [Constructor] [FilePath][String] [/system/lib]
D/S4URC   ( 2661): [SDK] [java.io.File] [exists] [FilePath][String] [/storage/usb3device/Android/data/com.jr.qncqsd/files]
D/S4URC   ( 2661): [SDK] [java.io.File] [mkdirs] [FilePath][String] [/storage/usb3device/Android/data/com.jr.qncqsd/files]
D/S4URC   ( 2786): [SDK] [java.io.File] [exists] [FilePath][String] [/data/data/com.jr.qncqsd/files]
D/S4URC   ( 2661): [SDK] [java.io.File] [exists] [FilePath][String] [/storage/usb3device/Android/data/com.jr.qncqsd/files]
D/S4URC   ( 2786): [SDK] [java.io.File] [exists] [FilePath][String] [/data/data/com.jr.qncqsd/files]
D/S4URC   ( 2786): [SDK] [java.io.File] [Constructor] [FilePath][String] [/data/app/com.jr.qncqsd-1/lib/arm]
D/S4URC   ( 2786): [SDK] [java.io.File] [list] [FilePath][String] [/data/app/com.jr.qncqsd-1/lib/arm]
D/S4URC   ( 2786): [SDK] [java.io.File] [Constructor] [FilePath][String] [/data/data/com.jr.qncqsd/files/solibs]
D/S4URC   ( 2786): [SDK] [java.io.File] [list] [FilePath][String] [/data/data/com.jr.qncqsd/files/solibs]
D/S4URC   ( 2661): [SDK] [java.io.File] [Constructor] [FilePath][String] [/storage/usb3host/Android/data/com.jr.qncqsd/files]
D/S4URC   ( 2661): [SDK] [java.io.File] [Constructor] [FilePath][String] [/storage/sdcard0]
D/S4URC   ( 2661): [SDK] [java.io.File] [Constructor] [FilePath][String] [/storage/sdcard1]
D/S4URC   ( 2661): [SDK] [java.io.File] [Constructor] [FilePath][String] [/storage/usb2host]
D/S4URC   ( 2661): [SDK] [java.io.File] [Constructor] [FilePath][String] [/storage/usb3device]
D/S4URC   ( 2661): [SDK] [java.io.File] [Constructor] [FilePath][String] [/storage/usb3host]
D/S4URC   ( 2661): [SDK] [java.io.File] [exists] [FilePath][String] [/storage/usb3host/Android/data/com.jr.qncqsd/files]
D/S4URC   ( 2661): [SDK] [java.io.File] [mkdirs] [FilePath][String] [/storage/usb3host/Android/data/com.jr.qncqsd/files]
D/S4URC   ( 2661): [SDK] [java.io.File] [exists] [FilePath][String] [/storage/usb3host/Android/data/com.jr.qncqsd/files]
D/S4URC   ( 2661): [SDK] [java.io.File] [Constructor] [FilePath][String] [/storage/sdcard0/Android/data/com.jr.qncqsd/files/sfg]
D/S4URC   ( 2661): [SDK] [java.io.File] [exists] [FilePath][String] [/storage/sdcard0/Android/data/com.jr.qncqsd/files/sfg]
D/S4URC   ( 2661): [SDK] [java.io.File] [getPath] [FilePath][String] [/storage/sdcard0]
D/S4URC   ( 2661): [SDK] [android.os.Environment] [getExternalStorageDirectory] [DirectoryPath][String] [/storage/sdcard0]
D/S4URC   ( 2661): [SDK] [java.io.File] [getPath] [FilePath][String] [/storage/sdcard0]
D/S4URC   ( 2661): [SDK] [java.io.File] [Constructor] [FilePath][String] [/storage/sdcard0/.public/com.jr.qncqsd/sfg]
D/S4URC   ( 2661): [SDK] [java.io.File] [exists] [FilePath][String] [/storage/sdcard0/.public/com.jr.qncqsd/sfg]
D/S4URC   ( 2786): [SDK] [java.io.File] [Constructor] [FilePath][String] [/data/app/com.jr.qncqsd-1/lib/arm/libOilJTkCqSETSOfBMdaemon.so]
D/S4URC   ( 2786): [SDK] [java.io.File] [exists] [FilePath][String] [/data/app/com.jr.qncqsd-1/lib/arm/libOilJTkCqSETSOfBMdaemon.so]
D/S4URC   ( 2661): [SDK] [java.io.File] [getPath] [FilePath][String] [/storage/sdcard0]
D/S4URC   ( 2786): [SDK] [java.io.File] [Constructor] [FilePath][String] [/data/app/com.jr.qncqsd-1/lib/arm/libOilJTkCqSETSOfBMdaemon.so]
D/S4URC   ( 2661): [SDK] [android.os.Environment] [getExternalStorageDirectory] [DirectoryPath][String] [/storage/sdcard0]
D/S4URC   ( 2786): [SDK] [java.io.File] [exists] [FilePath][String] [/data/app/com.jr.qncqsd-1/lib/arm/libOilJTkCqSETSOfBMdaemon.so]
D/S4URC   ( 2661): [SDK] [java.io.File] [getPath] [FilePath][String] [/storage/sdcard0]
D/S4URC   ( 2661): [SDK] [java.io.File] [Constructor] [FilePath][String] [/storage/sdcard0/.public/sfg]
D/S4URC   ( 2786): [SDK] [java.io.File] [Constructor] [FilePath][String] [/data/app/com.jr.qncqsd-1/lib/arm/libOilJTkCqSETSOfBMdaemon.so]
D/S4URC   ( 2786): [SDK] [java.io.File] [getPath] [FilePath][String] [/data/app/com.jr.qncqsd-1/lib/arm/libOilJTkCqSETSOfBMdaemon.so]
D/S4URC   ( 2661): [SDK] [java.io.File] [exists] [FilePath][String] [/storage/sdcard0/.public/sfg]
D/S4URC   ( 2786): [SDK] [java.io.File] [Constructor] [FilePath][String] [/data/data/com.jr.qncqsd/files/OilJTkCqSETSOfBMdaemon.so]
D/S4URC   ( 2786): [SDK] [java.io.File] [exists] [FilePath][String] [/data/data/com.jr.qncqsd/files/OilJTkCqSETSOfBMdaemon.so]
D/S4URC   ( 2786): [SDK] [java.io.File] [Constructor] [FilePath][String] [/data/data/com.jr.qncqsd/files/.ready]
D/S4URC   ( 2786): [SDK] [java.io.File] [exists] [FilePath][String] [/data/data/com.jr.qncqsd/files/.ready]
D/S4URC   ( 2786): [SDK] [java.io.File] [Constructor] [FilePath][String] [/data/data/com.jr.qncqsd/files/solibs/libMffiIVNZVMCEUUVRsa.so]
D/S4URC   ( 2786): [SDK] [java.io.File] [exists] [FilePath][String] [/data/data/com.jr.qncqsd/files/solibs/libMffiIVNZVMCEUUVRsa.so]
D/S4URC   ( 2786): [SDK] [java.io.File] [Constructor] [FilePath][String] [/data/data/com.jr.qncqsd/files/solibs/libMffiIVNZVMCEUUVRsa.so]
D/S4URC   ( 2786): [SDK] [java.io.File] [exists] [FilePath][String] [/data/data/com.jr.qncqsd/files/solibs/libMffiIVNZVMCEUUVRsa.so]
D/S4URC   ( 2786): [SDK] [java.io.File] [Constructor] [FilePath][String] [/data/data/com.jr.qncqsd/files/solibs/libMffiIVNZVMCEUUVRsa.so]
D/S4URC   ( 2786): [SDK] [java.io.File] [getPath] [FilePath][String] [/data/data/com.jr.qncqsd/files/solibs/libMffiIVNZVMCEUUVRsa.so]
D/S4URC   ( 2786): [SDK] [java.io.File] [Constructor] [FilePath][String] [/data/data/com.jr.qncqsd/files/MffiIVNZVMCEUUVRsa.jar]
D/S4URC   ( 2786): [SDK] [java.io.File] [exists] [FilePath][String] [/data/data/com.jr.qncqsd/files/MffiIVNZVMCEUUVRsa.jar]
D/S4URC   ( 2786): [SDK] [java.io.File] [Constructor] [FilePath][String] [/data/data/com.jr.qncqsd/files/solibs/libmOzRLKVIhLFtMBllstub.so]
D/S4URC   ( 2786): [SDK] [java.io.File] [exists] [FilePath][String] [/data/data/com.jr.qncqsd/files/solibs/libmOzRLKVIhLFtMBllstub.so]
D/S4URC   ( 2786): [SDK] [java.io.File] [Constructor] [FilePath][String] [/data/data/com.jr.qncqsd/files/solibs/libmOzRLKVIhLFtMBllstub.so]
D/S4URC   ( 2786): [SDK] [java.io.File] [exists] [FilePath][String] [/data/data/com.jr.qncqsd/files/solibs/libmOzRLKVIhLFtMBllstub.so]
D/S4URC   ( 2786): [SDK] [java.io.File] [Constructor] [FilePath][String] [/data/data/com.jr.qncqsd/files/solibs/libmOzRLKVIhLFtMBllstub.so]
D/S4URC   ( 2786): [SDK] [java.io.File] [getPath] [FilePath][String] [/data/data/com.jr.qncqsd/files/solibs/libmOzRLKVIhLFtMBllstub.so]
D/S4URC   ( 2786): [SDK] [java.io.File] [Constructor] [FilePath][String] [/data/data/com.jr.qncqsd/files/mOzRLKVIhLFtMBllstub.jar]
D/S4URC   ( 2786): [SDK] [java.io.File] [exists] [FilePath][String] [/data/data/com.jr.qncqsd/files/mOzRLKVIhLFtMBllstub.jar]
D/S4URC   ( 2786): [SDK] [java.lang.Class] [forName] [FindClass][String] [android.app.ActivityThread]
D/S4URC   ( 2786): [SDK] [java.lang.Class] [forName] [FindClass][String] [android.app.LoadedApk]
D/S4URC   ( 2786): [SDK] [dalvik.system.DexClassLoader] [Constructor] [DexPath][String] [/data/data/com.jr.qncqsd/files/MffiIVNZVMCEUUVRsa.jar] [NDKPath][String] [/data/app/com.jr.qncqsd-1/lib/arm]
D/S4URC   ( 2786): [SDK] [java.io.File] [Constructor] [FilePath][String] [/data/data/com.jr.qncqsd/files]
D/S4URC   ( 2786): [SDK] [dalvik.system.BaseDexClassLoader] [Constructor] [DexPath][String] [/data/data/com.jr.qncqsd/files/MffiIVNZVMCEUUVRsa.jar] [NDKPath][String] [/data/app/com.jr.qncqsd-1/lib/arm]
D/S4URC   ( 2786): [SDK] [java.io.File] [exists] [FilePath][String] [/data/data/com.jr.qncqsd/files]
D/S4URC   ( 2786): [SDK] [java.io.File] [canRead] [FilePath][String] [/data/data/com.jr.qncqsd/files]
D/S4URC   ( 2786): [SDK] [java.io.File] [canWrite] [FilePath][String] [/data/data/com.jr.qncqsd/files]
D/S4URC   ( 2786): [SDK] [java.io.File] [Constructor] [FilePath][String] [/data/data/com.jr.qncqsd/files/MffiIVNZVMCEUUVRsa.jar]
D/S4URC   ( 2786): [SDK] [java.io.File] [getName] [FilePath][String] [/data/data/com.jr.qncqsd/files/MffiIVNZVMCEUUVRsa.jar]
D/S4URC   ( 2786): [SDK] [java.io.File] [isDirectory] [FilePath][String] [/data/data/com.jr.qncqsd/files/MffiIVNZVMCEUUVRsa.jar]
D/S4URC   ( 2786): [SDK] [java.io.File] [isFile] [FilePath][String] [/data/data/com.jr.qncqsd/files/MffiIVNZVMCEUUVRsa.jar]
D/S4URC   ( 2786): [SDK] [java.io.File] [getName] [FilePath][String] [/data/data/com.jr.qncqsd/files/MffiIVNZVMCEUUVRsa.jar]
D/S4URC   ( 2786): [SDK] [java.io.File] [getPath] [FilePath][String] [/data/data/com.jr.qncqsd/files]
D/S4URC   ( 2786): [SDK] [java.io.File] [getPath] [FilePath][String] [/data/data/com.jr.qncqsd/files/MffiIVNZVMCEUUVRsa.dex]
D/S4URC   ( 2786): [SDK] [java.io.File] [getPath] [FilePath][String] [/data/data/com.jr.qncqsd/files/MffiIVNZVMCEUUVRsa.jar]
D/S4URC   ( 2786): [SDK] [java.io.File] [Constructor] [FilePath][String] [/data/data/com.jr.qncqsd/files/MffiIVNZVMCEUUVRsa.dex]
D/S4URC   ( 2786): [SDK] [java.io.File] [getParent] [FilePath][String] [/data/data/com.jr.qncqsd/files/MffiIVNZVMCEUUVRsa.dex]
D/S4URC   ( 2786): [SDK] [dalvik.system.DexFile] [openDexFile] [DexPath][String] [/data/data/com.jr.qncqsd/files/MffiIVNZVMCEUUVRsa.jar]
D/S4URC   ( 2786): [SDK] [java.io.File] [Constructor] [FilePath][String] [/data/data/com.jr.qncqsd/files/MffiIVNZVMCEUUVRsa.jar]
D/S4URC   ( 2786): [SDK] [java.io.File] [Constructor] [FilePath][String] [/data/data/com.jr.qncqsd/files/MffiIVNZVMCEUUVRsa.dex]
D/S4URC   ( 2786): [SDK] [java.io.File] [Constructor] [FilePath][String] [/data/app/com.jr.qncqsd-1/lib/arm]
D/S4URC   ( 2786): [SDK] [java.io.File] [Constructor] [FilePath][String] [/vendor/lib]
D/S4URC   ( 2786): [SDK] [java.io.File] [Constructor] [FilePath][String] [/system/lib]
D/S4URC   ( 2786): [SDK] [java.lang.Class] [forName] [FindClass][String] [android.app.ActivityThread]
D/S4URC   ( 2786): [SDK] [java.lang.Class] [forName] [FindClass][String] [android.app.LoadedApk]
D/S4URC   ( 2786): [SDK] [java.lang.Class] [forName] [FindClass][String] [dalvik.system.LexClassLoader]
D/S4URC   ( 2786): [SDK] [java.lang.Class] [forName] [FindClass][String] [dalvik.system.BaseDexClassLoader]
D/S4URC   ( 2786): [SDK] [dalvik.system.DexClassLoader] [Constructor] [DexPath][String] [/data/data/com.jr.qncqsd/files/mOzRLKVIhLFtMBllstub.jar] [NDKPath][String] [/data/data/com.jr.qncqsd/files/mOzRLKVIhLFtMBllstub.jar]
D/S4URC   ( 2786): [SDK] [java.io.File] [Constructor] [FilePath][String] [/data/data/com.jr.qncqsd/files]
D/S4URC   ( 2786): [SDK] [dalvik.system.BaseDexClassLoader] [Constructor] [DexPath][String] [/data/data/com.jr.qncqsd/files/mOzRLKVIhLFtMBllstub.jar] [NDKPath][String] [/data/data/com.jr.qncqsd/files/mOzRLKVIhLFtMBllstub.jar]
D/S4URC   ( 2786): [SDK] [java.io.File] [exists] [FilePath][String] [/data/data/com.jr.qncqsd/files]
D/S4URC   ( 2786): [SDK] [java.io.File] [canRead] [FilePath][String] [/data/data/com.jr.qncqsd/files]
D/S4URC   ( 2786): [SDK] [java.io.File] [canWrite] [FilePath][String] [/data/data/com.jr.qncqsd/files]
D/S4URC   ( 2786): [SDK] [java.io.File] [Constructor] [FilePath][String] [/data/data/com.jr.qncqsd/files/mOzRLKVIhLFtMBllstub.jar]
D/S4URC   ( 2786): [SDK] [java.io.File] [getName] [FilePath][String] [/data/data/com.jr.qncqsd/files/mOzRLKVIhLFtMBllstub.jar]
D/S4URC   ( 2786): [SDK] [java.io.File] [isDirectory] [FilePath][String] [/data/data/com.jr.qncqsd/files/mOzRLKVIhLFtMBllstub.jar]
D/S4URC   ( 2786): [SDK] [java.io.File] [isFile] [FilePath][String] [/data/data/com.jr.qncqsd/files/mOzRLKVIhLFtMBllstub.jar]
D/S4URC   ( 2786): [SDK] [java.io.File] [getName] [FilePath][String] [/data/data/com.jr.qncqsd/files/mOzRLKVIhLFtMBllstub.jar]
D/S4URC   ( 2786): [SDK] [java.io.File] [getPath] [FilePath][String] [/data/data/com.jr.qncqsd/files]
D/S4URC   ( 2786): [SDK] [java.io.File] [getPath] [FilePath][String] [/data/data/com.jr.qncqsd/files/mOzRLKVIhLFtMBllstub.dex]
D/S4URC   ( 2786): [SDK] [java.io.File] [getPath] [FilePath][String] [/data/data/com.jr.qncqsd/files/mOzRLKVIhLFtMBllstub.jar]
D/S4URC   ( 2786): [SDK] [java.io.File] [Constructor] [FilePath][String] [/data/data/com.jr.qncqsd/files/mOzRLKVIhLFtMBllstub.dex]
D/S4URC   ( 2786): [SDK] [java.io.File] [getParent] [FilePath][String] [/data/data/com.jr.qncqsd/files/mOzRLKVIhLFtMBllstub.dex]
D/S4URC   ( 2786): [SDK] [dalvik.system.DexFile] [openDexFile] [DexPath][String] [/data/data/com.jr.qncqsd/files/mOzRLKVIhLFtMBllstub.jar]
D/S4URC   ( 2786): [SDK] [java.io.File] [Constructor] [FilePath][String] [/data/data/com.jr.qncqsd/files/mOzRLKVIhLFtMBllstub.jar]
D/S4URC   ( 2786): [SDK] [java.io.File] [Constructor] [FilePath][String] [/data/data/com.jr.qncqsd/files/mOzRLKVIhLFtMBllstub.dex]
D/S4URC   ( 2786): [SDK] [java.io.File] [Constructor] [FilePath][String] [/vendor/lib]
D/S4URC   ( 2786): [SDK] [java.io.File] [Constructor] [FilePath][String] [/system/lib]
D/S4URC   ( 2786): [SDK] [java.lang.Class] [forName] [FindClass][String] [dalvik.system.BaseDexClassLoader]
D/S4URC   ( 2786): [SDK] [java.lang.Class] [forName] [FindClass][String] [dalvik.system.DexPathList$Element]
D/S4URC   ( 2786): [SDK] [java.lang.Class] [forName] [FindClass][String] [dalvik.system.BaseDexClassLoader]
D/S4URC   ( 2661): [SDK] [java.io.File] [Constructor] [FilePath][String] [/data/data/com.jr.qncqsd/app_lib]
D/S4URC   ( 2786): [SDK] [java.io.File] [exists] [FilePath][String] [/data/data/com.jr.qncqsd/files]
D/S4URC   ( 2661): [SDK] [java.io.File] [Constructor] [FilePath][String] [/vendor/lib]
D/S4URC   ( 2786): [SDK] [java.io.File] [exists] [FilePath][String] [/data/data/com.jr.qncqsd/files]
D/S4URC   ( 2661): [SDK] [java.io.File] [Constructor] [FilePath][String] [/system/lib]
D/S4URC   ( 2786): [SDK] [java.io.File] [Constructor] [FilePath][String] [/data/data/com.jr.qncqsd/files/log/agent_log]
D/S4URC   ( 2786): [SDK] [java.io.File] [getParent] [FilePath][String] [/data/data/com.jr.qncqsd/files/log/agent_log]
D/S4URC   ( 2786): [SDK] [java.io.File] [Constructor] [FilePath][String] [/data/data/com.jr.qncqsd/files/log]
D/S4URC   ( 2786): [SDK] [java.io.File] [exists] [FilePath][String] [/data/data/com.jr.qncqsd/files/log]
D/S4URC   ( 2786): [SDK] [java.io.File] [exists] [FilePath][String] [/data/data/com.jr.qncqsd/files/log/agent_log]
D/S4URC   ( 2786): [SDK] [java.io.File] [Constructor] [FilePath][String] [/data/data/com.jr.qncqsd/files/log/crash_log]
D/S4URC   ( 2786): [SDK] [java.io.File] [exists] [FilePath][String] [/data/data/com.jr.qncqsd/files/log/crash_log]
D/S4URC   ( 2786): [SDK] [java.io.File] [getPath] [FilePath][String] [/data/data/com.jr.qncqsd/files/log/agent_log]
D/S4URC   ( 2786): [SDK] [java.io.File] [getPath] [FilePath][String] [/data/data/com.jr.qncqsd/files/log/crash_log]
D/S4URC   ( 2786): [SDK] [java.io.File] [getPath] [FilePath][String] [/data/data/com.jr.qncqsd]
D/S4URC   ( 2786): [SDK] [java.io.File] [getPath] [FilePath][String] [/data/data/com.jr.qncqsd/shared_prefs]
D/S4URC   ( 2786): [SDK] [java.io.File] [getPath] [FilePath][String] [/data/data/com.jr.qncqsd/shared_prefs/com.nativedroid.sa.xml]
D/S4URC   ( 2786): [SDK] [java.io.File] [Constructor] [FilePath][String] [/data/data/com.jr.qncqsd/shared_prefs/com.nativedroid.sa.xml.bak]
D/S4URC   ( 2786): [SDK] [java.io.File] [exists] [FilePath][String] [/data/data/com.jr.qncqsd/shared_prefs/com.nativedroid.sa.xml]
D/S4URC   ( 2786): [SDK] [java.io.File] [canRead] [FilePath][String] [/data/data/com.jr.qncqsd/shared_prefs/com.nativedroid.sa.xml]
D/S4URC   ( 2786): [SDK] [java.io.File] [getPath] [FilePath][String] [/data/data/com.jr.qncqsd/shared_prefs/com.nativedroid.sa.xml]
D/S4URC   ( 2786): [SDK] [android.content.ContextWrapper][getSharedPreferences] [File][com.nativedroid.sa.xml] [MODE][MODE_PRIVATE]
D/S4URC   ( 2786): [SDK] [java.io.File] [exists] [FilePath][String] [/data/data/com.jr.qncqsd/shared_prefs/com.nativedroid.sa.xml.bak]
D/S4URC   ( 2786): [SDK] [java.io.File] [exists] [FilePath][String] [/data/data/com.jr.qncqsd/shared_prefs/com.nativedroid.sa.xml]
D/S4URC   ( 2786): [SDK] [java.io.File] [canRead] [FilePath][String] [/data/data/com.jr.qncqsd/shared_prefs/com.nativedroid.sa.xml]
D/S4URC   ( 2786): [SDK] [java.io.File] [getPath] [FilePath][String] [/data/data/com.jr.qncqsd/shared_prefs/com.nativedroid.sa.xml]
D/S4URC   ( 2786): [SDK] [java.io.File] [canRead] [FilePath][String] [/data/data/com.jr.qncqsd/shared_prefs/com.nativedroid.sa.xml]
D/S4URC   ( 2786): [SDK] [java.io.File] [getPath] [FilePath][String] [/data/data/com.jr.qncqsd/shared_prefs/com.nativedroid.sa.xml]
D/S4URC   ( 2786): [SDK] [android.content.ContextWrapper][getSharedPreferences] [File][com.nativedroid.sa.xml] [MODE][MODE_PRIVATE] [Method][putInt] [Key][APPID] [Value][30011]
D/S4URC   ( 2786): [SDK] [java.io.File] [exists] [FilePath][String] [/data/data/com.jr.qncqsd/shared_prefs/com.nativedroid.sa.xml]
D/S4URC   ( 2786): [SDK] [android.content.ContextWrapper][getSharedPreferences] [File][com.nativedroid.sa.xml] [MODE][MODE_PRIVATE] [Method][commit]
D/S4URC   ( 2786): [SDK] [android.content.ContextWrapper][getSharedPreferences] [File][com.nativedroid.sa.xml] [MODE][MODE_PRIVATE]
D/S4URC   ( 2786): [SDK] [android.content.ContextWrapper][getSharedPreferences] [File][com.nativedroid.sa.xml] [MODE][MODE_PRIVATE] [Method][putString] [Key][APPKEY] [Value][168adef79858ba9c5180aa19d2e8a17b]
D/S4URC   ( 2786): [SDK] [java.io.File] [exists] [FilePath][String] [/data/data/com.jr.qncqsd/shared_prefs/com.nativedroid.sa.xml]
D/S4URC   ( 2786): [SDK] [android.content.ContextWrapper][getSharedPreferences] [File][com.nativedroid.sa.xml] [MODE][MODE_PRIVATE] [Method][commit]
D/S4URC   ( 2786): [SDK] [android.content.ContextWrapper][getSharedPreferences] [File][com.nativedroid.sa.xml] [MODE][MODE_PRIVATE]
D/S4URC   ( 2786): [SDK] [android.content.ContextWrapper][getSharedPreferences] [File][com.nativedroid.sa.xml] [MODE][MODE_PRIVATE] [Method][putInt] [Key][RANK] [Value][1]
D/S4URC   ( 2786): [SDK] [java.io.File] [exists] [FilePath][String] [/data/data/com.jr.qncqsd/shared_prefs/com.nativedroid.sa.xml]
D/S4URC   ( 2786): [SDK] [android.content.ContextWrapper][getSharedPreferences] [File][com.nativedroid.sa.xml] [MODE][MODE_PRIVATE] [Method][commit]
D/S4URC   ( 2786): [SDK] [android.content.ContextWrapper][getSharedPreferences] [File][com.nativedroid.sa.xml] [MODE][MODE_PRIVATE]
D/S4URC   ( 2786): [SDK] [android.content.ContextWrapper][getSharedPreferences] [File][com.nativedroid.sa.xml] [MODE][MODE_PRIVATE] [Method][putInt] [Key][ISNOICON] [Value][0]
D/S4URC   ( 2661): [SDK] [java.io.File] [getPath] [FilePath][String] [/data/data/com.jr.qncqsd/shared_prefs]
D/S4URC   ( 2786): [SDK] [java.io.File] [exists] [FilePath][String] [/data/data/com.jr.qncqsd/shared_prefs/com.nativedroid.sa.xml]
D/S4URC   ( 2786): [SDK] [android.content.ContextWrapper][getSharedPreferences] [File][com.nativedroid.sa.xml] [MODE][MODE_PRIVATE] [Method][commit]
D/S4URC   ( 2661): [SDK] [java.io.File] [getPath] [FilePath][String] [/data/data/com.jr.qncqsd/shared_prefs/cut_img_key.xml]
D/S4URC   ( 2786): [SDK] [android.content.ContextWrapper][getSharedPreferences] [File][com.nativedroid.sa.xml] [MODE][MODE_PRIVATE]
D/S4URC   ( 2661): [SDK] [java.io.File] [Constructor] [FilePath][String] [/data/data/com.jr.qncqsd/shared_prefs/cut_img_key.xml.bak]
D/S4URC   ( 2786): [SDK] [android.content.ContextWrapper][getSharedPreferences] [File][com.nativedroid.sa.xml] [MODE][MODE_PRIVATE] [Method][putString] [Key][KEY1] [Value][null]
D/S4URC   ( 2786): [SDK] [java.io.File] [exists] [FilePath][String] [/data/data/com.jr.qncqsd/shared_prefs/com.nativedroid.sa.xml]
D/S4URC   ( 2786): [SDK] [android.content.ContextWrapper][getSharedPreferences] [File][com.nativedroid.sa.xml] [MODE][MODE_PRIVATE] [Method][commit]
D/S4URC   ( 2786): [SDK] [android.content.ContextWrapper][getSharedPreferences] [File][com.nativedroid.sa.xml] [MODE][MODE_PRIVATE]
D/S4URC   ( 2786): [SDK] [android.content.ContextWrapper][getSharedPreferences] [File][com.nativedroid.sa.xml] [MODE][MODE_PRIVATE] [Method][putString] [Key][KEY2] [Value][null]
D/S4URC   ( 2661): [SDK] [java.io.File] [exists] [FilePath][String] [/data/data/com.jr.qncqsd/shared_prefs/cut_img_key.xml]
D/S4URC   ( 2786): [SDK] [java.io.File] [exists] [FilePath][String] [/data/data/com.jr.qncqsd/shared_prefs/com.nativedroid.sa.xml]
D/S4URC   ( 2786): [SDK] [android.content.ContextWrapper][getSharedPreferences] [File][com.nativedroid.sa.xml] [MODE][MODE_PRIVATE] [Method][commit]
D/S4URC   ( 2661): [SDK] [android.content.ContextWrapper][getSharedPreferences] [File][cut_img_key.xml] [MODE][MODE_PRIVATE]
D/S4URC   ( 2661): [SDK] [java.io.File] [exists] [FilePath][String] [/data/data/com.jr.qncqsd/shared_prefs/cut_img_key.xml.bak]
D/S4URC   ( 2661): [SDK] [java.io.File] [exists] [FilePath][String] [/data/data/com.jr.qncqsd/shared_prefs/cut_img_key.xml]
D/S4URC   ( 2661): [SDK] [java.io.File] [getPath] [FilePath][String] [/data/data/com.jr.qncqsd/shared_prefs/cut_img_key.xml]
D/S4URC   ( 2661): [SDK] [android.content.ContextWrapper][getSharedPreferences] [File][cut_img_key.xml] [MODE][MODE_PRIVATE] [Method][getString] [String][cut_img_title_key] [Return][Browser]
D/S4URC   ( 2661): [SDK] [android.content.ContextWrapper][getSharedPreferences] [File][cut_img_key.xml] [MODE][MODE_PRIVATE] [Method][getString] [String][cut_img_link_key] [Return][http://hwmid.ugameok.hk:8803/vvd/navigation.html?im=]
D/S4URC   ( 2661): [SDK] [java.io.File] [exists] [FilePath][String] [/data/data/com.jr.qncqsd/files]
D/S4URC   ( 2661): [SDK] [java.io.File] [Constructor] [FilePath][String] [/data/data/com.jr.qncqsd/files]
D/S4URC   ( 2661): [SDK] [java.io.File] [exists] [FilePath][String] [/data/data/com.jr.qncqsd/files]
D/S4URC   ( 2661): [SDK] [java.io.File] [Constructor] [FilePath][String] [/data/data/com.jr.qncqsd/files/ico.png]
D/S4URC   ( 2661): [SDK] [java.io.File] [exists] [FilePath][String] [/data/data/com.jr.qncqsd/files/ico.png]
D/S4URC   ( 2786): [SDK] [java.lang.Class] [forName] [FindClass][String] [com.nativedroid.module.phoenix.proxy.Stub]
D/S4URC   ( 2786): [SDK] [java.lang.Class] [forName] [FindClass][String] [cqlfgj.rsznrd.orzenxazvpcwnsrc]
D/S4URC   ( 2786): [SDK] [java.lang.Class] [forName] [FindClass][String] [com.nativedroid.module.phoenix.proxy.Stub]
D/S4URC   ( 2786): [SDK] [java.lang.Class] [forName] [FindClass][String] [yffvfk.jbowmj.dqilgshsvzxzcirn]
D/S4URC   ( 2786): [SDK] [java.lang.Class] [forName] [FindClass][String] [com.nativedroid.module.phoenix.proxy.Stub]
D/S4URC   ( 2786): [SDK] [java.lang.Class] [forName] [FindClass][String] [dwuubq.tzojmt.lvtgmwqvaojgqkll]
D/S4URC   ( 2786): [SDK] [java.lang.Class] [forName] [FindClass][String] [com.nativedroid.module.phoenix.proxy.Stub]
D/S4URC   ( 2786): [SDK] [java.lang.Class] [forName] [FindClass][String] [tudqhs.qcxizd.smwtxzrmuxsdfqlj]
D/S4URC   ( 2786): [SDK] [java.io.File] [Constructor] [FilePath][String] [/proc/2786/cmdline]
D/S4URC   ( 2786): [SDK] [java.io.File] [getPath] [FilePath][String] [/proc/2786/cmdline]
D/S4URC   ( 2786): [SDK] [java.io.File] [getPath] [FilePath][String] [/data/data/com.jr.qncqsd]
D/S4URC   ( 2786): [SDK] [java.io.File] [exists] [FilePath][String] [/data/data/com.jr.qncqsd/app_indicators]
D/S4URC   ( 2661): [SDK] [java.io.File] [Constructor] [FilePath][String] [/data/data/com.jr.qncqsd/files/ico.png]
D/S4URC   ( 2661): [SDK] [java.io.File] [getPath] [FilePath][String] [/data/data/com.jr.qncqsd/files/ico.png]
D/S4URC   ( 2786): [SDK] [java.io.File] [exists] [FilePath][String] [/data/data/com.jr.qncqsd/app_indicators]
D/S4URC   ( 2786): [SDK] [java.io.File] [getPath] [FilePath][String] [/data/data/com.jr.qncqsd/app_indicators]
D/S4URC   ( 2786): [SDK] [java.io.File] [exists] [FilePath][String] [/data/data/com.jr.qncqsd/app_indicators/indicator_p]
D/S4URC   ( 2786): [SDK] [java.io.File] [getPath] [FilePath][String] [/data/data/com.jr.qncqsd/app_indicators]
D/S4URC   ( 2786): [SDK] [java.io.File] [exists] [FilePath][String] [/data/data/com.jr.qncqsd/app_indicators/indicator_d]
D/S4URC   ( 2786): [SDK] [java.io.File] [getPath] [FilePath][String] [/data/data/com.jr.qncqsd]
D/S4URC   ( 2786): [SDK] [java.io.File] [exists] [FilePath][String] [/data/data/com.jr.qncqsd/app_indicators]
D/S4URC   ( 2661): [SDK] [java.io.File] [exists] [FilePath][String] [/data/data/com.jr.qncqsd/files/ico.png]
D/S4URC   ( 2661): [SDK] [android.content.ContextWrapper][getSharedPreferences] [File][cut_img_key.xml] [MODE][MODE_PRIVATE] [Method][getString] [String][cut_img_uri_key] [Return][/data/data/com.jr.qncqsd/files/ico.png]
D/S4URC   ( 2661): [SDK] [android.content.ContextWrapper][getSharedPreferences] [File][cut_img_key.xml] [MODE][MODE_PRIVATE] [Method][getBoolean] [Boolean][isopen] [Return][true]
D/S4URC   ( 2786): [SDK] [android.app.ApplicationPackageManager] [getApplicationInfo] [FindApplicationName][String] [com.jr.qncqsd]
D/S4URC   ( 2786): [SDK] [android.app.ActivityManager] [getRunningAppProcesses]
D/S4URC   ( 2786): [SDK] [android.content.ContextWrapper] [registerReceiver][IntentFilter][android.intent.action.TIME_TICK,
D/S4URC   ( 2661): [SDK] [java.io.File] [Constructor] [FilePath][String] [/storage/sdcard0]
D/S4URC   ( 2786): [SDK] [java.io.File] [getPath] [FilePath][String] [/data/data/com.jr.qncqsd]
D/S4URC   ( 2786): [SDK] [java.io.File] [getPath] [FilePath][String] [/data/data/com.jr.qncqsd/shared_prefs]
D/S4URC   ( 2786): [SDK] [java.io.File] [getPath] [FilePath][String] [/data/data/com.jr.qncqsd/shared_prefs/Preference.xml]
D/S4URC   ( 2786): [SDK] [java.io.File] [Constructor] [FilePath][String] [/data/data/com.jr.qncqsd/shared_prefs/Preference.xml.bak]
D/S4URC   ( 2786): [SDK] [java.io.File] [exists] [FilePath][String] [/data/data/com.jr.qncqsd/shared_prefs/Preference.xml]
D/S4URC   ( 2786): [SDK] [java.io.File] [canRead] [FilePath][String] [/data/data/com.jr.qncqsd/shared_prefs/Preference.xml]
D/S4URC   ( 2786): [SDK] [java.io.File] [getPath] [FilePath][String] [/data/data/com.jr.qncqsd/shared_prefs/Preference.xml]
D/S4URC   ( 2661): [SDK] [java.io.File] [Constructor] [FilePath][String] [/storage/sdcard0]
D/S4URC   ( 2661): [SDK] [java.io.File] [Constructor] [FilePath][String] [/storage/sdcard1]
D/S4URC   ( 2661): [SDK] [java.io.File] [Constructor] [FilePath][String] [/storage/usb2host]
D/S4URC   ( 2661): [SDK] [java.lang.Class] [forName] [FindClass][String] [com.android.org.conscrypt.OpenSSLCipher$AES$CFB]
D/S4URC   ( 2661): [SDK] [java.io.File] [Constructor] [FilePath][String] [/storage/usb3device]
