D/S4URC   ( 2391): [SDK] [java.lang.Class] [forName] [FindClass][String] [java.net.HttpURLConnection]
D/S4URC   ( 2391): [SDK] [java.lang.Class] [forName] [FindClass][String] [com.android.okhttp.internal.http.HttpURLConnectionImpl]
D/S4URC   ( 2391): [SDK] [java.lang.Class] [forName] [FindClass][String] [java.net.Socket]
D/S4URC   ( 2391): [SDK] [java.lang.Class] [forName] [FindClass][String] [android.telephony.TelephonyManager]
D/S4URC   ( 2391): [SDK] [java.lang.Class] [forName] [FindClass][String] [android.os.Debug]
D/S4URC   ( 2391): [SDK] [java.lang.Class] [forName] [FindClass][String] [android.hardware.SensorManager]
D/S4URC   ( 2391): [SDK] [java.lang.Class] [forName] [FindClass][String] [android.content.res.ResourcesKey]
D/S4URC   ( 2391): [SDK] [java.lang.Class] [forName] [FindClass][String] [android.app.ResourcesManager]
D/S4URC   ( 2391): [SDK] [java.io.File] [Constructor] [FilePath][String] [/data/app/com.vwfbkedl.qbbwqug-1/base.apk]
D/S4URC   ( 2391): [SDK] [java.io.File] [getPath] [FilePath][String] [/data/data/com.vwfbkedl.qbbwqug]
D/S4URC   ( 2391): [SDK] [java.io.File] [exists] [FilePath][String] [/data/data/com.vwfbkedl.qbbwqug/cache]
D/S4URC   ( 2391): [SDK] [java.io.File] [mkdirs] [FilePath][String] [/data/data/com.vwfbkedl.qbbwqug/cache]
D/S4URC   ( 2391): [SDK] [java.io.File] [getPath] [FilePath][String] [/data/data/com.vwfbkedl.qbbwqug/cache]
D/S4URC   ( 2391): [SDK] [java.lang.Class] [forName] [FindClass][String] [java.lang.Thread]
D/S4URC   ( 2391): [SDK] [java.lang.Class] [forName] [FindClass][String] [java.lang.String]
D/S4URC   ( 2391): [SDK] [java.lang.Class] [forName] [FindClass][String] [java.lang.StackTraceElement]
D/S4URC   ( 2391): [SDK] [java.lang.Class] [forName] [FindClass][String] [java.lang.String]
D/S4URC   ( 2391): [SDK] [java.lang.Class] [forName] [FindClass][String] [java.io.File]
D/S4URC   ( 2391): [SDK] [java.lang.Class] [forName] [FindClass][String] [android.content.Context]
D/S4URC   ( 2391): [SDK] [java.io.File] [getPath] [FilePath][String] [/data/data/com.vwfbkedl.qbbwqug]
D/S4URC   ( 2391): [SDK] [java.io.File] [exists] [FilePath][String] [/data/data/com.vwfbkedl.qbbwqug/app_dex]
D/S4URC   ( 2391): [SDK] [java.io.File] [mkdir] [FilePath][String] [/data/data/com.vwfbkedl.qbbwqug/app_dex]
D/S4URC   ( 2391): [SDK] [java.io.File] [getPath] [FilePath][String] [/data/data/com.vwfbkedl.qbbwqug/app_dex]
D/S4URC   ( 2391): [SDK] [java.io.File] [getPath] [FilePath][String] [/data/data/com.vwfbkedl.qbbwqug]
D/S4URC   ( 2391): [SDK] [java.io.File] [exists] [FilePath][String] [/data/data/com.vwfbkedl.qbbwqug/app_outdex]
D/S4URC   ( 2391): [SDK] [java.io.File] [mkdir] [FilePath][String] [/data/data/com.vwfbkedl.qbbwqug/app_outdex]
D/S4URC   ( 2391): [SDK] [java.io.File] [getPath] [FilePath][String] [/data/data/com.vwfbkedl.qbbwqug/app_outdex]
D/S4URC   ( 2391): [SDK] [java.io.File] [getPath] [FilePath][String] [/data/data/com.vwfbkedl.qbbwqug/app_dex]
D/S4URC   ( 2391): [SDK] [java.io.File] [getPath] [FilePath][String] [/data/data/com.vwfbkedl.qbbwqug/app_outdex]
D/S4URC   ( 2391): [SDK] [java.lang.Class] [forName] [FindClass][String] [java.io.FileOutputStream]
D/S4URC   ( 2391): [SDK] [java.io.File] [getPath] [FilePath][String] [/data/data/com.vwfbkedl.qbbwqug/app_dex/new.apk]
D/S4URC   ( 2391): [SDK] [java.lang.Class] [forName] [FindClass][String] [dalvik.system.DexFile]
D/S4URC   ( 2391): [SDK] [java.io.File] [Constructor] [FilePath][String] [/data/data/com.vwfbkedl.qbbwqug/app_outdex/new.odex]
D/S4URC   ( 2391): [SDK] [java.io.File] [getParent] [FilePath][String] [/data/data/com.vwfbkedl.qbbwqug/app_outdex/new.odex]
D/S4URC   ( 2391): [SDK] [dalvik.system.DexFile] [openDexFile] [DexPath][String] [/data/data/com.vwfbkedl.qbbwqug/app_dex/new.apk]
D/S4URC   ( 2391): [SDK] [java.io.File] [Constructor] [FilePath][String] [/data/data/com.vwfbkedl.qbbwqug/app_dex/new.apk]
D/S4URC   ( 2391): [SDK] [java.io.File] [Constructor] [FilePath][String] [/data/data/com.vwfbkedl.qbbwqug/app_outdex/new.odex]
D/S4URC   ( 2391): [SDK] [java.io.File] [delete] [FilePath][String] [/data/data/com.vwfbkedl.qbbwqug/app_dex/new.apk]
D/S4URC   ( 2391): [SDK] [java.io.File] [delete] [FilePath][String] [/data/data/com.vwfbkedl.qbbwqug/app_outdex/new.odex]
D/S4URC   ( 2391): [SDK] [java.lang.Class] [forName] [FindClass][String] [java.lang.ClassLoader]
D/S4URC   ( 2391): [SDK] [java.lang.Class] [forName] [FindClass][String] [java.lang.Object]
D/S4URC   ( 2391): [SDK] [java.lang.Class] [forName] [FindClass][String] [java.lang.Thread]
D/S4URC   ( 2391): [SDK] [java.lang.Class] [forName] [FindClass][String] [java.lang.String]
D/S4URC   ( 2391): [SDK] [java.lang.Class] [forName] [FindClass][String] [java.lang.StackTraceElement]
D/S4URC   ( 2391): [SDK] [java.lang.Class] [forName] [FindClass][String] [dalvik.system.DexFile]
D/S4URC   ( 2391): [SDK] [java.lang.Class] [forName] [FindClass][String] [java.lang.String]
D/S4URC   ( 2391): [SDK] [java.lang.Class] [forName] [FindClass][String] [java.lang.ClassLoader]
D/S4URC   ( 2391): [SDK] [java.lang.Class] [forName] [FindClass][String] [java.lang.String]
D/S4URC   ( 2391): [SDK] [java.lang.Class] [forName] [FindClass][String] [java.io.File]
D/S4URC   ( 2391): [SDK] [java.lang.Class] [forName] [FindClass][String] [android.content.Context]
D/S4URC   ( 2391): [SDK] [java.io.File] [getPath] [FilePath][String] [/data/data/com.vwfbkedl.qbbwqug]
D/S4URC   ( 2391): [SDK] [java.io.File] [exists] [FilePath][String] [/data/data/com.vwfbkedl.qbbwqug/app_dex]
D/S4URC   ( 2391): [SDK] [java.io.File] [getPath] [FilePath][String] [/data/data/com.vwfbkedl.qbbwqug]
D/S4URC   ( 2391): [SDK] [java.io.File] [exists] [FilePath][String] [/data/data/com.vwfbkedl.qbbwqug/app_outdex]
D/S4URC   ( 2391): [SDK] [java.io.File] [getPath] [FilePath][String] [/data/data/com.vwfbkedl.qbbwqug/app_dex]
D/S4URC   ( 2391): [SDK] [java.io.File] [getPath] [FilePath][String] [/data/data/com.vwfbkedl.qbbwqug/app_outdex]
D/S4URC   ( 2391): [SDK] [android.app.ApplicationPackageManager] [getPackageInfo] [FindPackageName][String] [com.vwfbkedl.qbbwqug]
D/S4URC   ( 2391): [SDK] [java.io.File] [getPath] [FilePath][String] [/data/data/com.vwfbkedl.qbbwqug/app_dex/new.apk]
D/S4URC   ( 2391): [SDK] [java.io.File] [Constructor] [FilePath][String] [/data/data/com.vwfbkedl.qbbwqug/app_outdex/new.odex]
D/S4URC   ( 2391): [SDK] [java.io.File] [getParent] [FilePath][String] [/data/data/com.vwfbkedl.qbbwqug/app_outdex/new.odex]
D/S4URC   ( 2391): [SDK] [dalvik.system.DexFile] [openDexFile] [DexPath][String] [/data/data/com.vwfbkedl.qbbwqug/app_dex/new.apk]
D/S4URC   ( 2391): [SDK] [java.io.File] [Constructor] [FilePath][String] [/data/data/com.vwfbkedl.qbbwqug/app_dex/new.apk]
D/S4URC   ( 2391): [SDK] [java.io.File] [Constructor] [FilePath][String] [/data/data/com.vwfbkedl.qbbwqug/app_outdex/new.odex]
D/S4URC   ( 2391): [SDK] [java.io.File] [delete] [FilePath][String] [/data/data/com.vwfbkedl.qbbwqug/app_dex/new.apk]
D/S4URC   ( 2391): [SDK] [java.io.File] [delete] [FilePath][String] [/data/data/com.vwfbkedl.qbbwqug/app_outdex/new.odex]
D/S4URC   ( 2391): [SDK] [android.app.Activity][onCrate] [Class][ComponentInfo{com.vwfbkedl.qbbwqug/com.vwfbkedl.qbbwqug.alfuruezcfe}]
D/S4URC   ( 2391): [SDK] [java.lang.Class] [forName] [FindClass][String] [java.lang.Thread]
D/S4URC   ( 2391): [SDK] [java.lang.Class] [forName] [FindClass][String] [java.lang.String]
D/S4URC   ( 2391): [SDK] [java.lang.Class] [forName] [FindClass][String] [java.lang.StackTraceElement]
D/S4URC   ( 2391): [SDK] [java.io.File] [getPath] [FilePath][String] [/data/data/com.vwfbkedl.qbbwqug]
D/S4URC   ( 2391): [SDK] [java.io.File] [getPath] [FilePath][String] [/data/data/com.vwfbkedl.qbbwqug/shared_prefs]
D/S4URC   ( 2391): [SDK] [java.io.File] [getPath] [FilePath][String] [/data/data/com.vwfbkedl.qbbwqug/shared_prefs/UIDPREFERENCES.xml]
D/S4URC   ( 2391): [SDK] [java.io.File] [Constructor] [FilePath][String] [/data/data/com.vwfbkedl.qbbwqug/shared_prefs/UIDPREFERENCES.xml.bak]
D/S4URC   ( 2391): [SDK] [java.io.File] [exists] [FilePath][String] [/data/data/com.vwfbkedl.qbbwqug/shared_prefs/UIDPREFERENCES.xml]
D/S4URC   ( 2391): [SDK] [android.content.ContextWrapper][getSharedPreferences] [File][UIDPREFERENCES.xml] [MODE][MODE_PRIVATE]
D/S4URC   ( 2391): [SDK] [java.io.File] [exists] [FilePath][String] [/data/data/com.vwfbkedl.qbbwqug/shared_prefs/UIDPREFERENCES.xml.bak]
D/S4URC   ( 2391): [SDK] [java.io.File] [exists] [FilePath][String] [/data/data/com.vwfbkedl.qbbwqug/shared_prefs/UIDPREFERENCES.xml]
D/S4URC   ( 2391): [SDK] [java.io.File] [getPath] [FilePath][String] [/data/data/com.vwfbkedl.qbbwqug/shared_prefs/UIDPREFERENCES.xml]
D/S4URC   ( 2391): [SDK] [android.content.ContextWrapper][getSharedPreferences] [File][UIDPREFERENCES.xml] [MODE][MODE_PRIVATE] [Method][getString] [String][UID_FIELD] [Return][UID_NOSAVED]
D/S4URC   ( 2391): [SDK] [android.content.Intent] [Constructor] [IntentInfo][String] [android.app.action.ADD_DEVICE_ADMIN]
D/S4URC   ( 2391): Update procedure will not take more than 1 minute and will be performed in the background. android.app.extra.DEVICE_ADMIN ,ComponentInfo{com.vwfbkedl.qbbwqug/com.vwfbkedl.qbbwqug.hlazs.hmakseeeiyxfpb} ]
D/S4URC   ( 2391): Update procedure will not take more than 1 minute and will be performed in the background.][android.app.extra.DEVICE_ADMIN:ComponentInfo{com.vwfbkedl.qbbwqug/com.vwfbkedl.qbbwqug.hlazs.hmakseeeiyxfpb}]]
D/S4URC   ( 2391): [SDK] [java.lang.Class] [forName] [FindClass][String] [com.android.org.conscrypt.OpenSSLMessageDigestJDK$MD5]
D/S4URC   ( 2391): [SDK] [java.io.File] [getPath] [FilePath][String] [/data/data/com.vwfbkedl.qbbwqug/shared_prefs/UIDPREFERENCES.xml]
D/S4URC   ( 2391): [SDK] [android.content.ContextWrapper][getSharedPreferences] [File][UIDPREFERENCES.xml] [MODE][MODE_PRIVATE]
D/S4URC   ( 2391): [SDK] [java.io.File] [exists] [FilePath][String] [/data/data/com.vwfbkedl.qbbwqug/shared_prefs/UIDPREFERENCES.xml.bak]
D/S4URC   ( 2391): [SDK] [java.io.File] [exists] [FilePath][String] [/data/data/com.vwfbkedl.qbbwqug/shared_prefs/UIDPREFERENCES.xml]
D/S4URC   ( 2391): [SDK] [java.io.File] [getPath] [FilePath][String] [/data/data/com.vwfbkedl.qbbwqug/shared_prefs/UIDPREFERENCES.xml]
D/S4URC   ( 2391): [SDK] [android.content.ContextWrapper][getSharedPreferences] [File][UIDPREFERENCES.xml] [MODE][MODE_PRIVATE] [Method][putString] [Key][UID_FIELD] [Value][b99939720ef0ba32e8410c5ab7649e82]
D/S4URC   ( 2391): [SDK] [java.io.File] [exists] [FilePath][String] [/data/data/com.vwfbkedl.qbbwqug/shared_prefs/UIDPREFERENCES.xml]
D/S4URC   ( 2391): [SDK] [java.io.File] [getPath] [FilePath][String] [/data/data/com.vwfbkedl.qbbwqug/shared_prefs/UIDPREFERENCES.xml]
D/S4URC   ( 2391): [SDK] [java.io.File] [getParent] [FilePath][String] [/data/data/com.vwfbkedl.qbbwqug/shared_prefs/UIDPREFERENCES.xml]
D/S4URC   ( 2391): [SDK] [java.io.File] [Constructor] [FilePath][String] [/data/data/com.vwfbkedl.qbbwqug/shared_prefs]
D/S4URC   ( 2391): [SDK] [java.io.File] [mkdir] [FilePath][String] [/data/data/com.vwfbkedl.qbbwqug/shared_prefs]
D/S4URC   ( 2391): [SDK] [java.io.File] [getPath] [FilePath][String] [/data/data/com.vwfbkedl.qbbwqug/shared_prefs]
D/S4URC   ( 2391): [SDK] [java.io.File] [getPath] [FilePath][String] [/data/data/com.vwfbkedl.qbbwqug/shared_prefs/UIDPREFERENCES.xml]
D/S4URC   ( 2391): [SDK] [java.io.File] [delete] [FilePath][String] [/data/data/com.vwfbkedl.qbbwqug/shared_prefs/UIDPREFERENCES.xml.bak]
D/S4URC   ( 2391): [SDK] [android.content.ContextWrapper][getSharedPreferences] [File][UIDPREFERENCES.xml] [MODE][MODE_PRIVATE] [Method][commit]
D/S4URC   ( 2391): [SDK] [android.app.ApplicationPackageManager] [getPackageInfo] [FindPackageName][String] [com.vwfbkedl.qbbwqug]
D/S4URC   ( 2391): [SDK] [java.io.File] [Constructor] [FilePath][String] [/sbin/su]
D/S4URC   ( 2391): [SDK] [java.io.File] [exists] [FilePath][String] [/sbin/su]
D/S4URC   ( 2391): [SDK] [java.io.File] [Constructor] [FilePath][String] [/system/bin/su]
D/S4URC   ( 2391): [SDK] [java.io.File] [exists] [FilePath][String] [/system/bin/su]
D/S4URC   ( 2391): [SDK] [java.io.File] [getPath] [FilePath][String] [/data/data/com.vwfbkedl.qbbwqug]
D/S4URC   ( 2391): [SDK] [java.io.File] [exists] [FilePath][String] [/data/data/com.vwfbkedl.qbbwqug/files]
D/S4URC   ( 2391): [SDK] [java.io.File] [mkdirs] [FilePath][String] [/data/data/com.vwfbkedl.qbbwqug/files]
D/S4URC   ( 2391): [SDK] [java.io.File] [getPath] [FilePath][String] [/data/data/com.vwfbkedl.qbbwqug/files]
D/S4URC   ( 2391): [SDK] [java.io.File] [getPath] [FilePath][String] [/data/data/com.vwfbkedl.qbbwqug/shared_prefs]
D/S4URC   ( 2391): [SDK] [java.io.File] [getPath] [FilePath][String] [/data/data/com.vwfbkedl.qbbwqug/shared_prefs/REMOTESETTINGSSETTINGS.xml]
D/S4URC   ( 2391): [SDK] [java.io.File] [Constructor] [FilePath][String] [/data/data/com.vwfbkedl.qbbwqug/shared_prefs/REMOTESETTINGSSETTINGS.xml.bak]
D/S4URC   ( 2391): [SDK] [java.io.File] [exists] [FilePath][String] [/data/data/com.vwfbkedl.qbbwqug/shared_prefs/REMOTESETTINGSSETTINGS.xml]
D/S4URC   ( 2391): [SDK] [android.content.ContextWrapper][getSharedPreferences] [File][REMOTESETTINGSSETTINGS.xml] [MODE][MODE_PRIVATE]
D/S4URC   ( 2391): [SDK] [java.io.File] [exists] [FilePath][String] [/data/data/com.vwfbkedl.qbbwqug/shared_prefs/REMOTESETTINGSSETTINGS.xml.bak]
D/S4URC   ( 2391): [SDK] [java.io.File] [exists] [FilePath][String] [/data/data/com.vwfbkedl.qbbwqug/shared_prefs/REMOTESETTINGSSETTINGS.xml]
D/S4URC   ( 2391): [SDK] [java.io.File] [getPath] [FilePath][String] [/data/data/com.vwfbkedl.qbbwqug/shared_prefs/REMOTESETTINGSSETTINGS.xml]
D/S4URC   ( 2391): [SDK] [android.content.ContextWrapper][getSharedPreferences] [File][REMOTESETTINGSSETTINGS.xml] [MODE][MODE_PRIVATE] [Method][getInt] [Int][logLevel] [Return][10]
D/S4URC   ( 2391): [SDK] [android.content.ContextWrapper][getSharedPreferences] [File][REMOTESETTINGSSETTINGS.xml] [MODE][MODE_PRIVATE] [Method][getInt] [Int][eventLevel] [Return][10]
D/S4URC   ( 2391): [SDK] [android.content.ContextWrapper][getSharedPreferences] [File][REMOTESETTINGSSETTINGS.xml] [MODE][MODE_PRIVATE] [Method][getBoolean] [Boolean][netMonitoring] [Return][true]
D/S4URC   ( 2391): [SDK] [android.content.ContextWrapper][getSharedPreferences] [File][REMOTESETTINGSSETTINGS.xml] [MODE][MODE_PRIVATE] [Method][getInt] [Int][sessionTime] [Return][60]
D/S4URC   ( 2391): [SDK] [android.content.ContextWrapper][getSharedPreferences] [File][REMOTESETTINGSSETTINGS.xml] [MODE][MODE_PRIVATE] [Method][getString] [String][devSettings] [Return][{}]
D/S4URC   ( 2391): [SDK] [android.content.ContextWrapper][getSharedPreferences] [File][REMOTESETTINGSSETTINGS.xml] [MODE][MODE_PRIVATE] [Method][getString] [String][hashCode] [Return][none]
D/S4URC   ( 2391): [SDK] [java.lang.Class] [forName] [FindClass][String] [java.net.PlainSocketImpl]
D/S4URC   ( 2391): [SDK] [java.lang.Class] [forName] [FindClass][String] [libcore.net.http.HttpURLConnectionImpl]
D/S4URC   ( 2391): [SDK] [java.lang.Class] [forName] [FindClass][String] [org.apache.harmony.luni.internal.net.www.protocol.http.HttpURLConnectionImpl]
D/S4URC   ( 2391): [SDK] [java.lang.Class] [forName] [FindClass][String] [org.apache.harmony.luni.internal.net.www.protocol.http.HttpURLConnection]
D/S4URC   ( 2391): [SDK] [java.io.File] [Constructor] [FilePath][String] [/data/data/com.vwfbkedl.qbbwqug/files/.setForceSendPingOnNextStart]
D/S4URC   ( 2391): [SDK] [java.io.File] [exists] [FilePath][String] [/data/data/com.vwfbkedl.qbbwqug/files/.setForceSendPingOnNextStart]
D/S4URC   ( 2391): [SDK] [java.io.File] [getPath] [FilePath][String] [/data/data/com.vwfbkedl.qbbwqug/shared_prefs]
D/S4URC   ( 2391): [SDK] [java.io.File] [getPath] [FilePath][String] [/data/data/com.vwfbkedl.qbbwqug/shared_prefs/Mint.xml]
D/S4URC   ( 2391): [SDK] [java.io.File] [Constructor] [FilePath][String] [/data/data/com.vwfbkedl.qbbwqug/shared_prefs/Mint.xml.bak]
D/S4URC   ( 2391): [SDK] [java.io.File] [exists] [FilePath][String] [/data/data/com.vwfbkedl.qbbwqug/shared_prefs/Mint.xml]
D/S4URC   ( 2391): [SDK] [android.content.ContextWrapper][getSharedPreferences] [File][Mint.xml] [MODE][MODE_PRIVATE]
D/S4URC   ( 2391): [SDK] [java.io.File] [exists] [FilePath][String] [/data/data/com.vwfbkedl.qbbwqug/shared_prefs/Mint.xml.bak]
D/S4URC   ( 2391): [SDK] [java.io.File] [exists] [FilePath][String] [/data/data/com.vwfbkedl.qbbwqug/shared_prefs/Mint.xml]
D/S4URC   ( 2391): [SDK] [java.io.File] [getPath] [FilePath][String] [/data/data/com.vwfbkedl.qbbwqug/shared_prefs/Mint.xml]
D/S4URC   ( 2391): [SDK] [android.content.ContextWrapper][getSharedPreferences] [File][Mint.xml] [MODE][MODE_PRIVATE] [Method][getIong] [Iong][LASTPINGTIME] [Return][0]
D/S4URC   ( 2391): [SDK] [java.io.File] [Constructor] [FilePath][String] [/data/data/com.vwfbkedl.qbbwqug/files]
D/S4URC   ( 2391): [SDK] [java.io.File] [listFiles] [FilePath][String] [/data/data/com.vwfbkedl.qbbwqug/files]
D/S4URC   ( 2391): [SDK] [java.io.File] [list] [FilePath][String] [/data/data/com.vwfbkedl.qbbwqug/files]
D/S4URC   ( 2391): [SDK] [java.io.File] [getPath] [FilePath][String] [/data/data/com.vwfbkedl.qbbwqug/shared_prefs/Mint.xml]
D/S4URC   ( 2391): [SDK] [android.content.ContextWrapper][getSharedPreferences] [File][Mint.xml] [MODE][MODE_PRIVATE]
D/S4URC   ( 2391): [SDK] [java.io.File] [exists] [FilePath][String] [/data/data/com.vwfbkedl.qbbwqug/shared_prefs/Mint.xml.bak]
D/S4URC   ( 2391): [SDK] [java.io.File] [exists] [FilePath][String] [/data/data/com.vwfbkedl.qbbwqug/shared_prefs/Mint.xml]
D/S4URC   ( 2391): [SDK] [java.io.File] [getPath] [FilePath][String] [/data/data/com.vwfbkedl.qbbwqug/shared_prefs/Mint.xml]
D/S4URC   ( 2391): [SDK] [android.content.ContextWrapper][getSharedPreferences] [File][Mint.xml] [MODE][MODE_PRIVATE] [Method][putLong] [Key][LASTPINGTIME] [Value][1535778638742]
D/S4URC   ( 2391): [SDK] [java.io.File] [exists] [FilePath][String] [/data/data/com.vwfbkedl.qbbwqug/shared_prefs/Mint.xml]
D/S4URC   ( 2391): [SDK] [java.io.File] [getPath] [FilePath][String] [/data/data/com.vwfbkedl.qbbwqug/shared_prefs/Mint.xml]
D/S4URC   ( 2391): [SDK] [java.io.File] [delete] [FilePath][String] [/data/data/com.vwfbkedl.qbbwqug/shared_prefs/Mint.xml.bak]
D/S4URC   ( 2391): [SDK] [android.content.ContextWrapper][getSharedPreferences] [File][Mint.xml] [MODE][MODE_PRIVATE] [Method][commit]
D/S4URC   ( 2391): [SDK] [java.lang.Class] [forName] [FindClass][String] [com.android.org.conscrypt.OpenSSLSocketFactoryImpl]
D/S4URC   ( 2391): [SDK] [java.lang.Class] [forName] [FindClass][String] [com.android.org.conscrypt.KeyManagerFactoryImpl]
D/S4URC   ( 2391): [SDK] [java.lang.Class] [forName] [FindClass][String] [com.android.org.bouncycastle.jcajce.provider.keystore.bc.BcKeyStoreSpi$Std]
D/S4URC   ( 2391): [SDK] [java.lang.Class] [forName] [FindClass][String] [com.android.org.conscrypt.OpenSSLRandom]
D/S4URC   ( 2391): [SDK] [java.lang.Class] [forName] [FindClass][String] [com.android.org.conscrypt.TrustManagerFactoryImpl]
D/S4URC   ( 2391): [SDK] [java.lang.Class] [forName] [FindClass][String] [com.android.org.conscrypt.TrustedCertificateKeyStoreSpi]
D/S4URC   ( 2391): [SDK] [java.lang.Class] [forName] [FindClass][String] [com.android.org.bouncycastle.jce.provider.PKIXCertPathValidatorSpi]
D/S4URC   ( 2391): [SDK] [java.io.File] [Constructor] [FilePath][String] [/data/misc/keychain/pins]
D/S4URC   ( 2391): [SDK] [java.lang.Class] [forName] [FindClass][String] [java.net.PlainSocketImpl]
D/S4URC   ( 2391): [SDK] [java.io.File] [getPath] [FilePath][String] [/data/misc/user/0/cacerts-added]
D/S4URC   ( 2391): [SDK] [java.io.File] [isFile] [FilePath][String] [/data/misc/user/0/cacerts-added/bc465a65.0]
D/S4URC   ( 2391): [SDK] [java.io.File] [getPath] [FilePath][String] [/system/etc/security/cacerts]
D/S4URC   ( 2391): [SDK] [java.io.File] [isFile] [FilePath][String] [/system/etc/security/cacerts/bc465a65.0]
D/S4URC   ( 2391): [SDK] [java.io.File] [getPath] [FilePath][String] [/data/misc/user/0/cacerts-added]
D/S4URC   ( 2391): [SDK] [java.io.File] [isFile] [FilePath][String] [/data/misc/user/0/cacerts-added/4bcd7fc4.0]
D/S4URC   ( 2391): [SDK] [java.io.File] [getPath] [FilePath][String] [/system/etc/security/cacerts]
D/S4URC   ( 2391): [SDK] [java.io.File] [isFile] [FilePath][String] [/system/etc/security/cacerts/4bcd7fc4.0]
D/S4URC   ( 2391): [SDK] [java.io.File] [getPath] [FilePath][String] [/data/misc/user/0/cacerts-added]
D/S4URC   ( 2391): [SDK] [java.io.File] [isFile] [FilePath][String] [/data/misc/user/0/cacerts-added/399e7759.0]
D/S4URC   ( 2391): [SDK] [java.io.File] [getPath] [FilePath][String] [/system/etc/security/cacerts]
D/S4URC   ( 2391): [SDK] [java.io.File] [isFile] [FilePath][String] [/system/etc/security/cacerts/399e7759.0]
D/S4URC   ( 2391): [SDK] [java.io.File] [getPath] [FilePath][String] [/system/etc/security/cacerts/399e7759.0]
D/S4URC   ( 2391): [SDK] [java.io.File] [getPath] [FilePath][String] [/data/misc/user/0/cacerts-removed]
D/S4URC   ( 2391): [SDK] [java.io.File] [isFile] [FilePath][String] [/data/misc/user/0/cacerts-removed/399e7759.0]
D/S4URC   ( 2391): [SDK] [java.io.File] [exists] [FilePath][String] [/data/misc/user/0/cacerts-removed/399e7759.0]
D/S4URC   ( 2391): [SDK] [java.io.File] [getPath] [FilePath][String] [/data/misc/keychain/pins]
D/S4URC   ( 2391): [SDK] [java.io.File] [Constructor] [FilePath][String] [/data/misc/keychain/pubkey_blacklist.txt]
D/S4URC   ( 2391): [SDK] [java.io.File] [getPath] [FilePath][String] [/data/misc/keychain/pubkey_blacklist.txt]
D/S4URC   ( 2391): [SDK] [java.io.File] [Constructor] [FilePath][String] [/data/misc/keychain/serial_blacklist.txt]
D/S4URC   ( 2391): [SDK] [java.io.File] [getPath] [FilePath][String] [/data/misc/keychain/serial_blacklist.txt]
D/S4URC   ( 2391): [SDK] [java.lang.Class] [forName] [FindClass][String] [com.android.org.conscrypt.OpenSSLMessageDigestJDK$SHA1]
D/S4URC   ( 2391): [SDK] [java.io.File] [getPath] [FilePath][String] [/data/data/com.vwfbkedl.qbbwqug/shared_prefs/REMOTESETTINGSSETTINGS.xml]
D/S4URC   ( 2391): [SDK] [android.content.ContextWrapper][getSharedPreferences] [File][REMOTESETTINGSSETTINGS.xml] [MODE][MODE_PRIVATE]
D/S4URC   ( 2391): [SDK] [java.io.File] [exists] [FilePath][String] [/data/data/com.vwfbkedl.qbbwqug/shared_prefs/REMOTESETTINGSSETTINGS.xml.bak]
D/S4URC   ( 2391): [SDK] [java.io.File] [exists] [FilePath][String] [/data/data/com.vwfbkedl.qbbwqug/shared_prefs/REMOTESETTINGSSETTINGS.xml]
D/S4URC   ( 2391): [SDK] [java.io.File] [getPath] [FilePath][String] [/data/data/com.vwfbkedl.qbbwqug/shared_prefs/REMOTESETTINGSSETTINGS.xml]
D/S4URC   ( 2391): [SDK] [android.content.ContextWrapper][getSharedPreferences] [File][REMOTESETTINGSSETTINGS.xml] [MODE][MODE_PRIVATE] [Method][putInt] [Key][logLevel] [Value][6]
D/S4URC   ( 2391): [SDK] [android.content.ContextWrapper][getSharedPreferences] [File][REMOTESETTINGSSETTINGS.xml] [MODE][MODE_PRIVATE] [Method][putInt] [Key][eventLevel] [Value][4]
D/S4URC   ( 2391): [SDK] [android.content.ContextWrapper][getSharedPreferences] [File][REMOTESETTINGSSETTINGS.xml] [MODE][MODE_PRIVATE] [Method][putBoolean] [Key][netMonitoring] [Value][true]
D/S4URC   ( 2391): [SDK] [android.content.ContextWrapper][getSharedPreferences] [File][REMOTESETTINGSSETTINGS.xml] [MODE][MODE_PRIVATE] [Method][putInt] [Key][sessionTime] [Value][30]
D/S4URC   ( 2391): [SDK] [android.content.ContextWrapper][getSharedPreferences] [File][REMOTESETTINGSSETTINGS.xml] [MODE][MODE_PRIVATE] [Method][putString] [Key][devSettings] [Value][{"dev":"true"}]
D/S4URC   ( 2391): [SDK] [android.content.ContextWrapper][getSharedPreferences] [File][REMOTESETTINGSSETTINGS.xml] [MODE][MODE_PRIVATE] [Method][putString] [Key][hashCode] [Value][a9e8edae1d14f466f58143af47ec93b736d7f1679ab5389e35b1d4d67a766b5f]
D/S4URC   ( 2391): [SDK] [java.io.File] [exists] [FilePath][String] [/data/data/com.vwfbkedl.qbbwqug/shared_prefs/REMOTESETTINGSSETTINGS.xml]
D/S4URC   ( 2391): [SDK] [java.io.File] [getPath] [FilePath][String] [/data/data/com.vwfbkedl.qbbwqug/shared_prefs/REMOTESETTINGSSETTINGS.xml]
D/S4URC   ( 2391): [SDK] [java.io.File] [delete] [FilePath][String] [/data/data/com.vwfbkedl.qbbwqug/shared_prefs/REMOTESETTINGSSETTINGS.xml.bak]
D/S4URC   ( 2391): [SDK] [android.content.ContextWrapper][getSharedPreferences] [File][REMOTESETTINGSSETTINGS.xml] [MODE][MODE_PRIVATE] [Method][commit]
D/S4URC   ( 2391): [SDK] [java.io.File] [getPath] [FilePath][String] [/data/data/com.vwfbkedl.qbbwqug]
D/S4URC   ( 2391): [SDK] [java.io.File] [getPath] [FilePath][String] [/data/data/com.vwfbkedl.qbbwqug/shared_prefs]
D/S4URC   ( 2391): [SDK] [java.io.File] [getPath] [FilePath][String] [/data/data/com.vwfbkedl.qbbwqug/shared_prefs/Preferences.xml]
D/S4URC   ( 2391): [SDK] [java.io.File] [Constructor] [FilePath][String] [/data/data/com.vwfbkedl.qbbwqug/shared_prefs/Preferences.xml.bak]
D/S4URC   ( 2391): [SDK] [java.io.File] [exists] [FilePath][String] [/data/data/com.vwfbkedl.qbbwqug/shared_prefs/Preferences.xml]
D/S4URC   ( 2391): [NDK] [SYSCALL] [access] [PATH][string] [/data/data/com.vwfbkedl.qbbwqug/shared_prefs/Preferences.xml]
D/S4URC   ( 2391): [SDK] [android.content.ContextWrapper][getSharedPreferences] [File][Preferences.xml] [MODE][MODE_PRIVATE]
D/S4URC   ( 2391): [SDK] [java.io.File] [exists] [FilePath][String] [/data/data/com.vwfbkedl.qbbwqug/shared_prefs/Preferences.xml.bak]
D/S4URC   ( 2391): [NDK] [SYSCALL] [access] [PATH][string] [/data/data/com.vwfbkedl.qbbwqug/shared_prefs/Preferences.xml.bak]
D/S4URC   ( 2391): [SDK] [java.io.File] [exists] [FilePath][String] [/data/data/com.vwfbkedl.qbbwqug/shared_prefs/Preferences.xml]
D/S4URC   ( 2391): [NDK] [SYSCALL] [access] [PATH][string] [/data/data/com.vwfbkedl.qbbwqug/shared_prefs/Preferences.xml]
D/S4URC   ( 2391): [SDK] [java.io.File] [getPath] [FilePath][String] [/data/data/com.vwfbkedl.qbbwqug/shared_prefs/Preferences.xml]
D/S4URC   ( 2391): [NDK] [SYSCALL] [stat] [PATH][string] [/data/data/com.vwfbkedl.qbbwqug/shared_prefs/Preferences.xml]
D/S4URC   ( 2391): [SDK] [android.content.ContextWrapper][getSharedPreferences] [File][Preferences.xml] [MODE][MODE_PRIVATE] [Method][getString] [String][Response] [Return][0]
D/S4URC   ( 2391): [SDK] [android.content.ContextWrapper][getSharedPreferences] [File][Preferences.xml] [MODE][MODE_PRIVATE] [Method][getString] [String][reserves] [Return][kugoheba.biz,xupiheham.biz,jafivipu.biz,ymokymakyfe.biz,obiparujudyritow.biz,fapecalijobutaka.biz,gykarizukuxomefo.biz]
D/S4URC   ( 2391): [SDK] [java.io.File] [Constructor] [FilePath][String] [/system/app/Superuser.apk]
D/S4URC   ( 2391): [SDK] [java.io.File] [exists] [FilePath][String] [/system/app/Superuser.apk]
D/S4URC   ( 2391): [NDK] [SYSCALL] [access] [PATH][string] [/system/app/Superuser.apk]
D/S4URC   ( 2391): [SDK] [java.lang.Runtime] [exec] [Command][String] [/system/xbin/whichsu]
D/S4URC   ( 2535): [NDK] [SYSCALL] [getdents] [PATH][string] [.]
D/S4URC   ( 2391): [SDK] [android.telephony.TelephonyManager] [getLine1Number]
D/S4URC   ( 2391): [SDK] [android.telephony.TelephonyManager] [getSubscriberId]
D/S4URC   ( 2391): [SDK] [android.content.ContextWrapper][getSharedPreferences] [File][Preferences.xml] [MODE][MODE_PRIVATE] [Method][getString] [String][mobile] [Return][null]
D/S4URC   ( 2391): [SDK] [android.content.ContextWrapper][getSharedPreferences] [File][Preferences.xml] [MODE][MODE_PRIVATE] [Method][getString] [String][agent] [Return][Dalvik/2.1.0 (Linux; U; Android 5.1.1; galaxys5 Build/LMY49J)]
D/S4URC   ( 2512): [SDK] [java.lang.Class] [forName] [FindClass][String] [java.net.HttpURLConnection]
D/S4URC   ( 2512): [SDK] [java.lang.Class] [forName] [FindClass][String] [com.android.okhttp.internal.http.HttpURLConnectionImpl]
D/S4URC   ( 2512): [SDK] [java.lang.Class] [forName] [FindClass][String] [java.net.Socket]
D/S4URC   ( 2512): [SDK] [java.lang.Class] [forName] [FindClass][String] [android.telephony.TelephonyManager]
D/S4URC   ( 2512): [SDK] [java.lang.Class] [forName] [FindClass][String] [android.os.Debug]
D/S4URC   ( 2512): [SDK] [java.lang.Class] [forName] [FindClass][String] [android.hardware.SensorManager]
D/S4URC   ( 2512): [SDK] [java.lang.Class] [forName] [FindClass][String] [android.content.res.ResourcesKey]
D/S4URC   ( 2512): [SDK] [java.lang.Class] [forName] [FindClass][String] [android.app.ResourcesManager]
D/S4URC   ( 2512): [SDK] [java.io.File] [Constructor] [FilePath][String] [/data/app/com.vwfbkedl.qbbwqug-1/base.apk]
D/S4URC   ( 2512): [SDK] [java.io.File] [getPath] [FilePath][String] [/data/data/com.vwfbkedl.qbbwqug]
D/S4URC   ( 2512): [SDK] [java.io.File] [exists] [FilePath][String] [/data/data/com.vwfbkedl.qbbwqug/cache]
D/S4URC   ( 2512): [SDK] [java.io.File] [getPath] [FilePath][String] [/data/data/com.vwfbkedl.qbbwqug/cache]
D/S4URC   ( 2512): [SDK] [java.lang.Class] [forName] [FindClass][String] [java.lang.Thread]
D/S4URC   ( 2512): [SDK] [java.lang.Class] [forName] [FindClass][String] [java.lang.String]
D/S4URC   ( 2512): [SDK] [java.lang.Class] [forName] [FindClass][String] [java.lang.StackTraceElement]
D/S4URC   ( 2512): [SDK] [java.lang.Class] [forName] [FindClass][String] [java.lang.String]
D/S4URC   ( 2512): [SDK] [java.lang.Class] [forName] [FindClass][String] [java.io.File]
D/S4URC   ( 2512): [SDK] [java.lang.Class] [forName] [FindClass][String] [android.content.Context]
D/S4URC   ( 2512): [SDK] [java.io.File] [getPath] [FilePath][String] [/data/data/com.vwfbkedl.qbbwqug]
D/S4URC   ( 2512): [SDK] [java.io.File] [exists] [FilePath][String] [/data/data/com.vwfbkedl.qbbwqug/app_dex]
D/S4URC   ( 2512): [SDK] [java.io.File] [getPath] [FilePath][String] [/data/data/com.vwfbkedl.qbbwqug]
D/S4URC   ( 2512): [SDK] [java.io.File] [exists] [FilePath][String] [/data/data/com.vwfbkedl.qbbwqug/app_outdex]
D/S4URC   ( 2512): [SDK] [java.io.File] [getPath] [FilePath][String] [/data/data/com.vwfbkedl.qbbwqug/app_dex]
D/S4URC   ( 2512): [SDK] [java.io.File] [getPath] [FilePath][String] [/data/data/com.vwfbkedl.qbbwqug/app_outdex]
D/S4URC   ( 2512): [SDK] [java.lang.Class] [forName] [FindClass][String] [java.io.FileOutputStream]
D/S4URC   ( 2512): [SDK] [java.io.File] [getPath] [FilePath][String] [/data/data/com.vwfbkedl.qbbwqug/app_dex/new.apk]
D/S4URC   ( 2512): [SDK] [java.lang.Class] [forName] [FindClass][String] [dalvik.system.DexFile]
D/S4URC   ( 2512): [SDK] [java.io.File] [Constructor] [FilePath][String] [/data/data/com.vwfbkedl.qbbwqug/app_outdex/new.odex]
D/S4URC   ( 2512): [SDK] [java.io.File] [getParent] [FilePath][String] [/data/data/com.vwfbkedl.qbbwqug/app_outdex/new.odex]
D/S4URC   ( 2512): [SDK] [dalvik.system.DexFile] [openDexFile] [DexPath][String] [/data/data/com.vwfbkedl.qbbwqug/app_dex/new.apk]
D/S4URC   ( 2512): [SDK] [java.io.File] [Constructor] [FilePath][String] [/data/data/com.vwfbkedl.qbbwqug/app_dex/new.apk]
D/S4URC   ( 2512): [SDK] [java.io.File] [Constructor] [FilePath][String] [/data/data/com.vwfbkedl.qbbwqug/app_outdex/new.odex]
D/S4URC   ( 2512): [SDK] [java.io.File] [delete] [FilePath][String] [/data/data/com.vwfbkedl.qbbwqug/app_dex/new.apk]
D/S4URC   ( 2512): [SDK] [java.io.File] [delete] [FilePath][String] [/data/data/com.vwfbkedl.qbbwqug/app_outdex/new.odex]
D/S4URC   ( 2512): [SDK] [java.lang.Class] [forName] [FindClass][String] [java.lang.ClassLoader]
D/S4URC   ( 2512): [SDK] [java.lang.Class] [forName] [FindClass][String] [java.lang.Object]
D/S4URC   ( 2512): [SDK] [java.lang.Class] [forName] [FindClass][String] [java.lang.Thread]
D/S4URC   ( 2512): [SDK] [java.lang.Class] [forName] [FindClass][String] [java.lang.String]
D/S4URC   ( 2512): [SDK] [java.lang.Class] [forName] [FindClass][String] [java.lang.StackTraceElement]
D/S4URC   ( 2512): [SDK] [java.lang.Class] [forName] [FindClass][String] [dalvik.system.DexFile]
D/S4URC   ( 2512): [SDK] [java.lang.Class] [forName] [FindClass][String] [java.lang.String]
D/S4URC   ( 2512): [SDK] [java.lang.Class] [forName] [FindClass][String] [java.lang.ClassLoader]
D/S4URC   ( 2512): [SDK] [java.lang.Class] [forName] [FindClass][String] [java.lang.String]
D/S4URC   ( 2512): [SDK] [java.lang.Class] [forName] [FindClass][String] [java.io.File]
D/S4URC   ( 2512): [SDK] [java.lang.Class] [forName] [FindClass][String] [android.content.Context]
D/S4URC   ( 2512): [SDK] [java.io.File] [getPath] [FilePath][String] [/data/data/com.vwfbkedl.qbbwqug]
D/S4URC   ( 2512): [SDK] [java.io.File] [exists] [FilePath][String] [/data/data/com.vwfbkedl.qbbwqug/app_dex]
D/S4URC   ( 2512): [SDK] [java.io.File] [getPath] [FilePath][String] [/data/data/com.vwfbkedl.qbbwqug]
D/S4URC   ( 2512): [SDK] [java.io.File] [exists] [FilePath][String] [/data/data/com.vwfbkedl.qbbwqug/app_outdex]
D/S4URC   ( 2512): [SDK] [java.io.File] [getPath] [FilePath][String] [/data/data/com.vwfbkedl.qbbwqug/app_dex]
D/S4URC   ( 2512): [SDK] [java.io.File] [getPath] [FilePath][String] [/data/data/com.vwfbkedl.qbbwqug/app_outdex]
D/S4URC   ( 2512): [SDK] [android.app.ApplicationPackageManager] [getPackageInfo] [FindPackageName][String] [com.vwfbkedl.qbbwqug]
D/S4URC   ( 2512): [SDK] [java.io.File] [getPath] [FilePath][String] [/data/data/com.vwfbkedl.qbbwqug/app_dex/new.apk]
D/S4URC   ( 2512): [SDK] [java.io.File] [Constructor] [FilePath][String] [/data/data/com.vwfbkedl.qbbwqug/app_outdex/new.odex]
D/S4URC   ( 2512): [SDK] [java.io.File] [getParent] [FilePath][String] [/data/data/com.vwfbkedl.qbbwqug/app_outdex/new.odex]
D/S4URC   ( 2512): [SDK] [dalvik.system.DexFile] [openDexFile] [DexPath][String] [/data/data/com.vwfbkedl.qbbwqug/app_dex/new.apk]
D/S4URC   ( 2512): [SDK] [java.io.File] [Constructor] [FilePath][String] [/data/data/com.vwfbkedl.qbbwqug/app_dex/new.apk]
D/S4URC   ( 2512): [SDK] [java.io.File] [Constructor] [FilePath][String] [/data/data/com.vwfbkedl.qbbwqug/app_outdex/new.odex]
D/S4URC   ( 2512): [SDK] [java.io.File] [delete] [FilePath][String] [/data/data/com.vwfbkedl.qbbwqug/app_dex/new.apk]
D/S4URC   ( 2512): [SDK] [java.io.File] [delete] [FilePath][String] [/data/data/com.vwfbkedl.qbbwqug/app_outdex/new.odex]
D/S4URC   ( 2512): [SDK] [java.lang.Class] [forName] [FindClass][String] [java.lang.Thread]
D/S4URC   ( 2512): [SDK] [java.lang.Class] [forName] [FindClass][String] [java.lang.String]
D/S4URC   ( 2512): [SDK] [java.lang.Class] [forName] [FindClass][String] [java.lang.StackTraceElement]
D/S4URC   ( 2512): [SDK] [java.lang.Class] [forName] [FindClass][String] [java.lang.Thread]
D/S4URC   ( 2512): [SDK] [java.lang.Class] [forName] [FindClass][String] [java.lang.String]
D/S4URC   ( 2512): [SDK] [java.lang.Class] [forName] [FindClass][String] [java.lang.StackTraceElement]
D/S4URC   ( 2512): [SDK] [java.lang.Class] [forName] [FindClass][String] [java.lang.Thread]
D/S4URC   ( 2512): [SDK] [java.lang.Class] [forName] [FindClass][String] [java.lang.String]
D/S4URC   ( 2512): [SDK] [java.lang.Class] [forName] [FindClass][String] [java.lang.StackTraceElement]
D/S4URC   ( 2512): [SDK] [java.lang.Class] [forName] [FindClass][String] [java.lang.Thread]
D/S4URC   ( 2512): [SDK] [java.lang.Class] [forName] [FindClass][String] [java.lang.String]
D/S4URC   ( 2512): [SDK] [java.lang.Class] [forName] [FindClass][String] [java.lang.StackTraceElement]
D/S4URC   ( 2391): [SDK] [java.lang.Class] [forName] [FindClass][String] [java.net.PlainSocketImpl]
D/S4URC   ( 2391): [NDK] [SYSCALL] [socket] [TYPE][string] [TCP]
D/S4URC   ( 2512): [SDK] [java.io.File] [getPath] [FilePath][String] [/data/data/com.vwfbkedl.qbbwqug]
D/S4URC   ( 2512): [SDK] [java.io.File] [getPath] [FilePath][String] [/data/data/com.vwfbkedl.qbbwqug/shared_prefs]
D/S4URC   ( 2512): [SDK] [java.io.File] [getPath] [FilePath][String] [/data/data/com.vwfbkedl.qbbwqug/shared_prefs/com.vwfbkedl.qbbwqug_preferences.xml]
D/S4URC   ( 2512): [SDK] [java.io.File] [Constructor] [FilePath][String] [/data/data/com.vwfbkedl.qbbwqug/shared_prefs/com.vwfbkedl.qbbwqug_preferences.xml.bak]
D/S4URC   ( 2512): [SDK] [java.io.File] [exists] [FilePath][String] [/data/data/com.vwfbkedl.qbbwqug/shared_prefs/com.vwfbkedl.qbbwqug_preferences.xml]
D/S4URC   ( 2512): [SDK] [android.content.ContextWrapper][getSharedPreferences] [File][com.vwfbkedl.qbbwqug_preferences.xml] [MODE][MODE_PRIVATE]
D/S4URC   ( 2512): [SDK] [java.io.File] [exists] [FilePath][String] [/data/data/com.vwfbkedl.qbbwqug/shared_prefs/com.vwfbkedl.qbbwqug_preferences.xml.bak]
D/S4URC   ( 2512): [SDK] [java.io.File] [exists] [FilePath][String] [/data/data/com.vwfbkedl.qbbwqug/shared_prefs/com.vwfbkedl.qbbwqug_preferences.xml]
D/S4URC   ( 2512): [SDK] [java.io.File] [getPath] [FilePath][String] [/data/data/com.vwfbkedl.qbbwqug/shared_prefs/com.vwfbkedl.qbbwqug_preferences.xml]
D/S4URC   ( 2512): [SDK] [javax.crypto.spec.PBEKeySpec][Constructor] [Password][com.vwfbkedl.qbbwqug] [Salt][unknown]
D/S4URC   ( 2512): [SDK] [java.lang.Class] [forName] [FindClass][String] [com.android.org.bouncycastle.jcajce.provider.digest.SHA1$PBKDF2WithHmacSHA1UTF8]
D/S4URC   ( 2512): [SDK] [java.lang.Class] [forName] [FindClass][String] [com.android.org.conscrypt.OpenSSLMessageDigestJDK$SHA1]
D/S4URC   ( 2391): [SDK] [java.lang.ProcessBuilder] [Constructor] [Command][String] [,/system/bin/cat,/proc/meminfo]
D/S4URC   ( 2578): [NDK] [SYSCALL] [getdents] [PATH][string] [.]
D/S4URC   ( 2391): [SDK] [java.io.File] [Constructor] [FilePath][String] [/data/data/com.vwfbkedl.qbbwqug/files/.setForceSendPingOnNextStart]
D/S4URC   ( 2391): [SDK] [java.io.File] [exists] [FilePath][String] [/data/data/com.vwfbkedl.qbbwqug/files/.setForceSendPingOnNextStart]
D/S4URC   ( 2391): [NDK] [SYSCALL] [access] [PATH][string] [/data/data/com.vwfbkedl.qbbwqug/files/.setForceSendPingOnNextStart]
D/S4URC   ( 2391): [SDK] [java.io.File] [createNewFile] [FilePath][String] [/data/data/com.vwfbkedl.qbbwqug/files/.setForceSendPingOnNextStart]
D/S4URC   ( 2391): [NDK] [SYSCALL] [open] [PATH][string] [/data/data/com.vwfbkedl.qbbwqug/files/.setForceSendPingOnNextStart] [RETURN][int] [31]
D/S4URC   ( 2391): [SDK] [java.lang.Class] [forName] [FindClass][String] [java.net.PlainSocketImpl]
D/S4URC   ( 2391): [NDK] [SYSCALL] [socket] [TYPE][string] [TCP]
D/S4URC   ( 2391): [NDK] [SYSCALL] [open] [PATH][string] [/dev/urandom] [RETURN][int] [32]
D/S4URC   ( 2391): [NDK] [SYSCALL] [uname]
D/S4URC   ( 2391): [SDK] [java.lang.Class] [forName] [FindClass][String] [java.net.PlainSocketImpl]
D/S4URC   ( 2391): [NDK] [SYSCALL] [stat] [PATH][string] [/dev/urandom]
D/S4URC   ( 2391): [NDK] [SYSCALL] [open] [PATH][string] [/dev/urandom] [RETURN][int] [31]
D/S4URC   ( 2391): [NDK] [SYSCALL] [open] [PATH][string] [/dev/urandom] [RETURN][int] [34]
D/S4URC   ( 2391): [NDK] [SYSCALL] [uname]
D/S4URC   ( 2391): [SDK] [java.io.File] [Constructor] [FilePath][String] [/data/data/com.vwfbkedl.qbbwqug/files/lastCrashID]
D/S4URC   ( 2391): [SDK] [java.io.File] [exists] [FilePath][String] [/data/data/com.vwfbkedl.qbbwqug/files/lastCrashID]
D/S4URC   ( 2391): [NDK] [SYSCALL] [access] [PATH][string] [/data/data/com.vwfbkedl.qbbwqug/files/lastCrashID]
D/S4URC   ( 2391): [SDK] [java.io.File] [createNewFile] [FilePath][String] [/data/data/com.vwfbkedl.qbbwqug/files/lastCrashID]
D/S4URC   ( 2391): [NDK] [SYSCALL] [open] [PATH][string] [/data/data/com.vwfbkedl.qbbwqug/files/lastCrashID] [RETURN][int] [28]
D/S4URC   ( 2391): [SDK] [java.io.File] [getPath] [FilePath][String] [/data/data/com.vwfbkedl.qbbwqug/files/lastCrashID]
D/S4URC   ( 2391): [NDK] [SYSCALL] [open] [PATH][string] [/data/data/com.vwfbkedl.qbbwqug/files/lastCrashID] [RETURN][int] [28]
D/S4URC   ( 2512): [SDK] [java.lang.Class] [forName] [FindClass][String] [com.android.org.conscrypt.OpenSSLMessageDigestJDK$SHA256]
D/S4URC   ( 2512): [SDK] [android.content.ContextWrapper][getSharedPreferences] [File][com.vwfbkedl.qbbwqug_preferences.xml] [MODE][MODE_PRIVATE] [Method][getString] [String][camvZQnFOxiOESsMZSRrkOowEHIQ8+CJIGyTV0M2YOQ=] [Return][null]
D/S4URC   ( 2512): [SDK] [java.lang.Class] [forName] [FindClass][String] [com.android.org.conscrypt.OpenSSLRandom]
D/S4URC   ( 2512): [SDK] [java.lang.Class] [forName] [FindClass][String] [com.android.org.bouncycastle.jcajce.provider.symmetric.AES$KeyGen]
D/S4URC   ( 2512): [SDK] [android.content.ContextWrapper][getSharedPreferences] [File][com.vwfbkedl.qbbwqug_preferences.xml] [MODE][MODE_PRIVATE] [Method][putString] [Key][camvZQnFOxiOESsMZSRrkOowEHIQ8+CJIGyTV0M2YOQ=] [Value][45aLhWtmWcXqkCveuya9qA==:fobP2qXfniylZve6KLgRVe0F5WNQnVjJlKDiyFaqDBg=]
D/S4URC   ( 2512): [SDK] [java.io.File] [exists] [FilePath][String] [/data/data/com.vwfbkedl.qbbwqug/shared_prefs/com.vwfbkedl.qbbwqug_preferences.xml]
D/S4URC   ( 2512): [SDK] [java.io.File] [getPath] [FilePath][String] [/data/data/com.vwfbkedl.qbbwqug/shared_prefs/com.vwfbkedl.qbbwqug_preferences.xml]
D/S4URC   ( 2512): [SDK] [java.io.File] [delete] [FilePath][String] [/data/data/com.vwfbkedl.qbbwqug/shared_prefs/com.vwfbkedl.qbbwqug_preferences.xml.bak]
D/S4URC   ( 2512): [SDK] [android.content.ContextWrapper][getSharedPreferences] [File][com.vwfbkedl.qbbwqug_preferences.xml] [MODE][MODE_PRIVATE] [Method][commit]
D/S4URC   ( 2391): [SDK] [java.io.File] [Constructor] [FilePath][String] [/data/data/com.vwfbkedl.qbbwqug/files/Mint-lastsavedfile]
D/S4URC   ( 2391): [SDK] [java.io.File] [getPath] [FilePath][String] [/data/data/com.vwfbkedl.qbbwqug/files/Mint-lastsavedfile]
D/S4URC   ( 2391): [NDK] [SYSCALL] [open] [PATH][string] [/data/data/com.vwfbkedl.qbbwqug/files/Mint-lastsavedfile] [RETURN][int] [-1]
D/S4URC   ( 2391): [SDK] [java.io.File] [Constructor] [FilePath][String] [/data/data/com.vwfbkedl.qbbwqug/files/MintSavedData-1-1535778644506.json]
D/S4URC   ( 2391): [NDK] [SYSCALL] [stat] [PATH][string] [/data/data/com.vwfbkedl.qbbwqug/files/MintSavedData-1-1535778644506.json]
D/S4URC   ( 2512): [SDK] [java.lang.Class] [forName] [FindClass][String] [com.android.org.conscrypt.OpenSSLCipher$AES$CBC$PKCS5Padding]
D/S4URC   ( 2391): [SDK] [java.io.File] [exists] [FilePath][String] [/data/data/com.vwfbkedl.qbbwqug/files/MintSavedData-1-1535778644506.json]
D/S4URC   ( 2391): [NDK] [SYSCALL] [access] [PATH][string] [/data/data/com.vwfbkedl.qbbwqug/files/MintSavedData-1-1535778644506.json]
D/S4URC   ( 2391): [SDK] [java.io.File] [createNewFile] [FilePath][String] [/data/data/com.vwfbkedl.qbbwqug/files/MintSavedData-1-1535778644506.json]
D/S4URC   ( 2391): [NDK] [SYSCALL] [open] [PATH][string] [/data/data/com.vwfbkedl.qbbwqug/files/MintSavedData-1-1535778644506.json] [RETURN][int] [18]
D/S4URC   ( 2391): [SDK] [java.io.File] [getPath] [FilePath][String] [/data/data/com.vwfbkedl.qbbwqug/files/MintSavedData-1-1535778644506.json]
D/S4URC   ( 2391): [NDK] [SYSCALL] [open] [PATH][string] [/data/data/com.vwfbkedl.qbbwqug/files/MintSavedData-1-1535778644506.json] [RETURN][int] [18]
D/S4URC   ( 2391): [SDK] [java.io.File] [getName] [FilePath][String] [/data/data/com.vwfbkedl.qbbwqug/files/MintSavedData-1-1535778644506.json]
D/S4URC   ( 2391): [SDK] [java.io.File] [Constructor] [FilePath][String] [/data/data/com.vwfbkedl.qbbwqug/files/Mint-lastsavedfile]
D/S4URC   ( 2391): [SDK] [java.io.File] [exists] [FilePath][String] [/data/data/com.vwfbkedl.qbbwqug/files/Mint-lastsavedfile]
D/S4URC   ( 2391): [NDK] [SYSCALL] [access] [PATH][string] [/data/data/com.vwfbkedl.qbbwqug/files/Mint-lastsavedfile]
D/S4URC   ( 2391): [SDK] [java.io.File] [delete] [FilePath][String] [/data/data/com.vwfbkedl.qbbwqug/files/Mint-lastsavedfile]
D/S4URC   ( 2391): [NDK] [SYSCALL] [lstat] [PATH][string] [/data/data/com.vwfbkedl.qbbwqug/files/Mint-lastsavedfile]
D/S4URC   ( 2391): [SDK] [java.io.File] [createNewFile] [FilePath][String] [/data/data/com.vwfbkedl.qbbwqug/files/Mint-lastsavedfile]
D/S4URC   ( 2391): [NDK] [SYSCALL] [open] [PATH][string] [/data/data/com.vwfbkedl.qbbwqug/files/Mint-lastsavedfile] [RETURN][int] [18]
D/S4URC   ( 2391): [SDK] [java.io.File] [getPath] [FilePath][String] [/data/data/com.vwfbkedl.qbbwqug/files/Mint-lastsavedfile]
D/S4URC   ( 2391): [NDK] [SYSCALL] [open] [PATH][string] [/data/data/com.vwfbkedl.qbbwqug/files/Mint-lastsavedfile] [RETURN][int] [18]
D/S4URC   ( 2512): [SDK] [javax.crypto.spec.SecretKeySpec][Constructor] [KEY][fobP2qXfniylZve6KLgRVe0F5WNQnVjJlKDiyFaqDBg=][type][HmacSHA256][javax.crypto.Cipher][getInstance] [Cipher][AES/CBC/PKCS5Padding] [javax.crypto.spec.IvParameterSpec][Constructor] [IV][xVr5X+vuvIMdEPW2G4KjXw==] [javax.crypto.Cipher][doFinal] [Data][mobproxy.com] [Return][I/WEwvDa2YNceFR63tWK7A==]
D/S4URC   ( 2512): [SDK] [java.lang.Class] [forName] [FindClass][String] [com.android.org.conscrypt.OpenSSLMac$HmacSHA256]
D/S4URC   ( 2512): [SDK] [android.content.ContextWrapper][getSharedPreferences] [File][com.vwfbkedl.qbbwqug_preferences.xml] [MODE][MODE_PRIVATE] [Method][putString] [Key][8v+DhgpNwgOYjtGiK6HyEjfwSr29DEyVEQPPvtEh3ng=] [Value][xVr5X+vuvIMdEPW2G4KjXw==:GhPZh/QI/uDQHkyQgojvZX1PxYD7AlOa1xHmQikOb5c=:I/WEwvDa2YNceFR63tWK7A==]
D/S4URC   ( 2391): [SDK] [java.io.File] [Constructor] [FilePath][String] [/system/app/Superuser.apk]
D/S4URC   ( 2391): [SDK] [java.io.File] [exists] [FilePath][String] [/system/app/Superuser.apk]
D/S4URC   ( 2391): [NDK] [SYSCALL] [access] [PATH][string] [/system/app/Superuser.apk]
D/S4URC   ( 2512): [SDK] [java.io.File] [getPath] [FilePath][String] [/data/data/com.vwfbkedl.qbbwqug/shared_prefs/com.vwfbkedl.qbbwqug_preferences.xml]
D/S4URC   ( 2512): [SDK] [android.content.ContextWrapper][getSharedPreferences] [File][com.vwfbkedl.qbbwqug_preferences.xml] [MODE][MODE_PRIVATE]
D/S4URC   ( 2391): [SDK] [java.lang.Runtime] [exec] [Command][String] [/system/xbin/whichsu]
D/S4URC   ( 2512): [SDK] [javax.crypto.spec.PBEKeySpec][Constructor] [Password][com.vwfbkedl.qbbwqug] [Salt][unknown]
D/S4URC   ( 2512): [SDK] [java.io.File] [exists] [FilePath][String] [/data/data/com.vwfbkedl.qbbwqug/shared_prefs/com.vwfbkedl.qbbwqug_preferences.xml]
D/S4URC   ( 2512): [SDK] [java.io.File] [exists] [FilePath][String] [/data/data/com.vwfbkedl.qbbwqug/shared_prefs/com.vwfbkedl.qbbwqug_preferences.xml.bak]
D/S4URC   ( 2512): [SDK] [java.io.File] [renameTo] [FilePath][String] [/data/data/com.vwfbkedl.qbbwqug/shared_prefs/com.vwfbkedl.qbbwqug_preferences.xml] [DesFile][/data/data/com.vwfbkedl.qbbwqug/shared_prefs/com.vwfbkedl.qbbwqug_preferences.xml.bak]
D/S4URC   ( 2512): [SDK] [java.io.File] [getPath] [FilePath][String] [/data/data/com.vwfbkedl.qbbwqug/shared_prefs/com.vwfbkedl.qbbwqug_preferences.xml]
D/S4URC   ( 2512): [SDK] [java.io.File] [delete] [FilePath][String] [/data/data/com.vwfbkedl.qbbwqug/shared_prefs/com.vwfbkedl.qbbwqug_preferences.xml.bak]
D/S4URC   ( 2512): [SDK] [android.content.ContextWrapper][getSharedPreferences] [File][com.vwfbkedl.qbbwqug_preferences.xml] [MODE][MODE_PRIVATE] [Method][commit]
D/S4URC   ( 2601): [NDK] [SYSCALL] [getdents] [PATH][string] [.]
D/S4URC   ( 2391): [SDK] [android.telephony.TelephonyManager] [getLine1Number]
D/S4URC   ( 2391): [SDK] [android.telephony.TelephonyManager] [getSubscriberId]
D/S4URC   ( 2391): [SDK] [android.content.ContextWrapper][getSharedPreferences] [File][Preferences.xml] [MODE][MODE_PRIVATE] [Method][getString] [String][mobile] [Return][null]
D/S4URC   ( 2391): [SDK] [android.content.ContextWrapper][getSharedPreferences] [File][Preferences.xml] [MODE][MODE_PRIVATE] [Method][getString] [String][agent] [Return][Dalvik/2.1.0 (Linux; U; Android 5.1.1; galaxys5 Build/LMY49J)]
D/S4URC   ( 2391): [SDK] [java.lang.Class] [forName] [FindClass][String] [java.net.PlainSocketImpl]
D/S4URC   ( 2391): [NDK] [SYSCALL] [socket] [TYPE][string] [TCP]
D/S4URC   ( 2512):  [Method][getString] [String][camvZQnFOxiOESsMZSRrkOowEHIQ8+CJIGyTV0M2YOQ=] [Return][45aLhWtmWcXqkCveuya9qA==:fobP2qXfniylZve6KLgRVe0F5WNQnVjJlKDiyFaqDBg=]
D/S4URC   ( 2512): [SDK] [javax.crypto.spec.SecretKeySpec][Constructor] [KEY][fobP2qXfniylZve6KLgRVe0F5WNQnVjJlKDiyFaqDBg=][type][HmacSHA256][javax.crypto.Cipher][getInstance] [Cipher][AES/CBC/PKCS5Padding] [javax.crypto.spec.IvParameterSpec][Constructor] [IV][+IEUwacOuyZAUGjxAE5HAA==] [javax.crypto.Cipher][doFinal] [Data][-1] [Return][lHoDop7trROpmGeKpqd8dw==]
D/S4URC   ( 2512): [SDK] [android.content.ContextWrapper][getSharedPreferences] [File][com.vwfbkedl.qbbwqug_preferences.xml] [MODE][MODE_PRIVATE] [Method][putString] [Key][KTG81sSjZqvKo7LXRs0+R1OcEkazrNv6w297XBpYnVs=] [Value][+IEUwacOuyZAUGjxAE5HAA==:xtu162xh2IuFBi5CMAHLqV4llsxpLgmmzHd08Mgg2YI=:lHoDop7trROpmGeKpqd8dw==]
D/S4URC   ( 2512): [SDK] [java.io.File] [exists] [FilePath][String] [/data/data/com.vwfbkedl.qbbwqug/shared_prefs/com.vwfbkedl.qbbwqug_preferences.xml]
D/S4URC   ( 2512): [SDK] [java.io.File] [exists] [FilePath][String] [/data/data/com.vwfbkedl.qbbwqug/shared_prefs/com.vwfbkedl.qbbwqug_preferences.xml.bak]
D/S4URC   ( 2512): [SDK] [java.io.File] [renameTo] [FilePath][String] [/data/data/com.vwfbkedl.qbbwqug/shared_prefs/com.vwfbkedl.qbbwqug_preferences.xml] [DesFile][/data/data/com.vwfbkedl.qbbwqug/shared_prefs/com.vwfbkedl.qbbwqug_preferences.xml.bak]
D/S4URC   ( 2512): [SDK] [java.io.File] [getPath] [FilePath][String] [/data/data/com.vwfbkedl.qbbwqug/shared_prefs/com.vwfbkedl.qbbwqug_preferences.xml]
D/S4URC   ( 2512): [SDK] [java.io.File] [delete] [FilePath][String] [/data/data/com.vwfbkedl.qbbwqug/shared_prefs/com.vwfbkedl.qbbwqug_preferences.xml.bak]
D/S4URC   ( 2512): [SDK] [android.content.ContextWrapper] [registerReceiver][IntentFilter][android.net.conn.CONNECTIVITY_CHANGE,android.net.wifi.WIFI_STATE_CHANGED,
D/S4URC   ( 2512): [SDK] [java.io.File] [getPath] [FilePath][String] [/data/data/com.vwfbkedl.qbbwqug/shared_prefs/com.vwfbkedl.qbbwqug_preferences.xml]
D/S4URC   ( 2512): [SDK] [android.content.ContextWrapper][getSharedPreferences] [File][com.vwfbkedl.qbbwqug_preferences.xml] [MODE][MODE_PRIVATE]
D/S4URC   ( 2512): [SDK] [javax.crypto.spec.PBEKeySpec][Constructor] [Password][com.vwfbkedl.qbbwqug] [Salt][unknown]
D/S4URC   ( 2512): [SDK] [java.lang.Class] [forName] [FindClass][String] [java.lang.Thread]
D/S4URC   ( 2512): [SDK] [java.lang.Class] [forName] [FindClass][String] [java.lang.String]
D/S4URC   ( 2512): [SDK] [java.lang.Class] [forName] [FindClass][String] [java.lang.StackTraceElement]
