D/S4URC   ( 2513): [SDK] [java.io.File] [Constructor] [FilePath][String] [/data/data/com.idedita.tsor/files/.fa07c9b7/65f4d35/b73273c48236d5ec707ac9474abbc377_1019.b7]
D/S4URC   ( 2513): [SDK] [java.io.File] [exists] [FilePath][String] [/data/data/com.idedita.tsor/files/.fa07c9b7/65f4d35/b73273c48236d5ec707ac9474abbc377_1019.b7]
D/S4URC   ( 2446): [SDK] [java.io.File] [Constructor] [FilePath][String] [/storage/sdcard0/Android/.android/.system/.szconfig/.smm/osz/]
D/S4URC   ( 2446): [SDK] [java.io.File] [exists] [FilePath][String] [/storage/sdcard0/Android/.android/.system/.szconfig/.smm/osz]
D/S4URC   ( 2513): [SDK] [java.io.File] [exists] [FilePath][String] [/data/data/com.idedita.tsor/files]
D/S4URC   ( 2446): [SDK] [java.io.File] [mkdirs] [FilePath][String] [/storage/sdcard0/Android/.android/.system/.szconfig/.smm/osz]
D/S4URC   ( 2513): [SDK] [java.io.File] [getPath] [FilePath][String] [/data/data/com.idedita.tsor/files]
D/S4URC   ( 2513): [SDK] [java.io.File] [exists] [FilePath][String] [/data/data/com.idedita.tsor/files/dexopt]
D/S4URC   ( 2513): [SDK] [java.io.File] [mkdirs] [FilePath][String] [/data/data/com.idedita.tsor/files/dexopt]
D/S4URC   ( 2513): [SDK] [java.io.File] [Constructor] [FilePath][String] [/data/data/com.idedita.tsor/files/.fa07c9b7/65f4d35/b73273c48236d5ec707ac9474abbc377_1019.b7]
D/S4URC   ( 2446): [SDK] [java.io.File] [getParent] [FilePath][String] [/storage/sdcard0/Android/.android/.system/.szconfig/.smm/osz]
D/S4URC   ( 2513): [SDK] [java.io.File] [exists] [FilePath][String] [/data/data/com.idedita.tsor/cache]
D/S4URC   ( 2446): [SDK] [java.io.File] [Constructor] [FilePath][String] [/storage/sdcard0/Android/.android/.system/.szconfig/.smm]
D/S4URC   ( 2513): [SDK] [java.io.File] [getPath] [FilePath][String] [/data/data/com.idedita.tsor/cache]
D/S4URC   ( 2513): [SDK] [java.io.File] [exists] [FilePath][String] [/data/data/com.idedita.tsor/cache/job1019_29938123.jar]
D/S4URC   ( 2513): [SDK] [java.io.File] [getParent] [FilePath][String] [/data/data/com.idedita.tsor/cache/job1019_29938123.jar]
D/S4URC   ( 2513): [SDK] [java.io.File] [Constructor] [FilePath][String] [/data/data/com.idedita.tsor/cache]
D/S4URC   ( 2513): [SDK] [java.io.File] [exists] [FilePath][String] [/data/data/com.idedita.tsor/cache]
D/S4URC   ( 2513): [SDK] [java.io.File] [createNewFile] [FilePath][String] [/data/data/com.idedita.tsor/cache/job1019_29938123.jar]
D/S4URC   ( 2446): [SDK] [java.io.File] [getParent] [FilePath][String] [/storage/sdcard0/Android/.android/.system/.szconfig/.smm]
D/S4URC   ( 2513): [SDK] [java.io.File] [getPath] [FilePath][String] [/data/data/com.idedita.tsor/files/.fa07c9b7/65f4d35/b73273c48236d5ec707ac9474abbc377_1019.b7]
D/S4URC   ( 2446): [SDK] [java.io.File] [Constructor] [FilePath][String] [/storage/sdcard0/Android/.android/.system/.szconfig]
D/S4URC   ( 2513): [SDK] [java.io.File] [getPath] [FilePath][String] [/data/data/com.idedita.tsor/cache/job1019_29938123.jar]
D/S4URC   ( 2513): [SDK] [java.io.File] [exists] [FilePath][String] [/data/data/com.idedita.tsor/files/.fa07c9b7/65f4d35/b73273c48236d5ec707ac9474abbc377_1019.b7]
D/S4URC   ( 2513): [SDK] [java.io.File] [canRead] [FilePath][String] [/data/data/com.idedita.tsor/files/.fa07c9b7/65f4d35/b73273c48236d5ec707ac9474abbc377_1019.b7]
D/S4URC   ( 2513): [SDK] [java.io.File] [getParent] [FilePath][String] [/data/data/com.idedita.tsor/cache/job1019_29938123.jar]
D/S4URC   ( 2513): [SDK] [java.io.File] [Constructor] [FilePath][String] [/data/data/com.idedita.tsor/cache]
D/S4URC   ( 2513): [SDK] [java.io.File] [exists] [FilePath][String] [/data/data/com.idedita.tsor/cache]
D/S4URC   ( 2513): [SDK] [java.io.File] [exists] [FilePath][String] [/data/data/com.idedita.tsor/cache/job1019_29938123.jar]
D/S4URC   ( 2513): [SDK] [java.io.File] [canWrite] [FilePath][String] [/data/data/com.idedita.tsor/cache/job1019_29938123.jar]
D/S4URC   ( 2513): [SDK] [java.io.File] [getPath] [FilePath][String] [/data/data/com.idedita.tsor/files/.fa07c9b7/65f4d35/b73273c48236d5ec707ac9474abbc377_1019.b7]
D/S4URC   ( 2446): [SDK] [java.io.File] [getParent] [FilePath][String] [/storage/sdcard0/Android/.android/.system/.szconfig]
D/S4URC   ( 2513): [SDK] [java.io.File] [getPath] [FilePath][String] [/data/data/com.idedita.tsor/cache/job1019_29938123.jar]
D/S4URC   ( 2446): [SDK] [java.io.File] [Constructor] [FilePath][String] [/storage/sdcard0/Android/.android/.system]
D/S4URC   ( 2446): [SDK] [java.io.File] [getParent] [FilePath][String] [/storage/sdcard0/Android/.android/.system]
D/S4URC   ( 2446): [SDK] [java.io.File] [Constructor] [FilePath][String] [/storage/sdcard0/Android/.android]
D/S4URC   ( 2513): [SDK] [java.io.File] [getPath] [FilePath][String] [/data/data/com.idedita.tsor/cache/job2513.temp]
D/S4URC   ( 2513): [SDK] [java.io.File] [Constructor] [FilePath][String] [/data/data/com.idedita.tsor/cache/job2513.temp]
D/S4URC   ( 2513): [SDK] [java.io.File] [exists] [FilePath][String] [/data/data/com.idedita.tsor/cache/job2513.temp]
D/S4URC   ( 2513): [SDK] [java.io.File] [isFile] [FilePath][String] [/data/data/com.idedita.tsor/cache/job2513.temp]
D/S4URC   ( 2513): [SDK] [java.io.File] [getPath] [FilePath][String] [/data/data/com.idedita.tsor/shared_prefs/PluginList.xml]
D/S4URC   ( 2513): [SDK] [android.content.ContextWrapper][getSharedPreferences] [File][PluginList.xml] [MODE][MODE_PRIVATE]
D/S4URC   ( 2513): [SDK] [java.io.File] [getPath] [FilePath][String] [/data/data/com.idedita.tsor/shared_prefs/PluginConfigcom.idedita.tsor.xml]
D/S4URC   ( 2513): [SDK] [android.content.ContextWrapper][getSharedPreferences] [File][PluginConfigcom.idedita.tsor.xml] [MODE][APPEND or MULTI_PROCESS]
D/S4URC   ( 2446): [SDK] [java.io.File] [exists] [FilePath][String] [/storage/sdcard0/Android/.android/.system/.szconfig/.smm/osz/log]
D/S4URC   ( 2513): [SDK] [android.content.ContextWrapper][getSharedPreferences] [File][PluginConfigcom.idedita.tsor.xml] [MODE][APPEND or MULTI_PROCESS] [Method][getString] [String][job] [Return][{"_name":"job","_versonCode":"1019","_path":"\/data\/data\/com.idedita.tsor\/files\/.fa07c9b7\/65f4d35\/b73273c48236d5ec707ac9474abbc377_1019.b7","_type":"dex","Size":"213104","Des":"I_Am_Plugin","_libver":"15071507"}]
D/S4URC   ( 2513): [SDK] [java.io.File] [getPath] [FilePath][String] [/data/data/com.idedita.tsor/shared_prefs/PluginList.xml]
D/S4URC   ( 2446): [SDK] [java.io.File] [createNewFile] [FilePath][String] [/storage/sdcard0/Android/.android/.system/.szconfig/.smm/osz/log]
D/S4URC   ( 2513): [SDK] [android.content.ContextWrapper][getSharedPreferences] [File][PluginList.xml] [MODE][MODE_PRIVATE]
D/S4URC   ( 2513): [SDK] [java.io.File] [getPath] [FilePath][String] [/data/data/com.idedita.tsor/shared_prefs/PluginConfigcom.idedita.tsor.xml]
D/S4URC   ( 2513): [SDK] [android.content.ContextWrapper][getSharedPreferences] [File][PluginConfigcom.idedita.tsor.xml] [MODE][APPEND or MULTI_PROCESS]
D/S4URC   ( 2513): [SDK] [java.io.File] [Constructor] [FilePath][String] [/data/data/com.idedita.tsor/cache/job2513.temp]
D/S4URC   ( 2513): [SDK] [java.io.File] [exists] [FilePath][String] [/data/data/com.idedita.tsor/cache/job2513.temp]
D/S4URC   ( 2513): [SDK] [java.io.File] [Constructor] [FilePath][String] [/storage/sdcard0]
D/S4URC   ( 2513): [SDK] [java.io.File] [Constructor] [FilePath][String] [/storage/sdcard1]
D/S4URC   ( 2513): [SDK] [java.io.File] [Constructor] [FilePath][String] [/storage/usb2host]
D/S4URC   ( 2513): [SDK] [java.io.File] [Constructor] [FilePath][String] [/storage/usb3device]
D/S4URC   ( 2513): [SDK] [java.io.File] [Constructor] [FilePath][String] [/storage/usb3host]
D/S4URC   ( 2513): [SDK] [java.io.File] [getPath] [FilePath][String] [/data/data/com.idedita.tsor/cache/job1019_29938123.jar]
D/S4URC   ( 2513): [SDK] [android.os.Environment] [getExternalStorageState] [ExternalStorageState][String] [mounted]
D/S4URC   ( 2513): [SDK] [java.io.File] [getPath] [FilePath][String] [/storage/sdcard0]
D/S4URC   ( 2513): [SDK] [android.os.Environment] [getExternalStorageDirectory] [DirectoryPath][String] [/storage/sdcard0]
D/S4URC   ( 2513): [SDK] [java.io.File] [exists] [FilePath][String] [/data/data/com.idedita.tsor/cache/job1019_29938123.jar]
D/S4URC   ( 2513): [SDK] [java.io.File] [getPath] [FilePath][String] [/storage/sdcard0]
D/S4URC   ( 2513): [SDK] [java.io.File] [getPath] [FilePath][String] [/data/data/com.idedita.tsor/cache/job1019_29938123.jar]
D/S4URC   ( 2513): [SDK] [java.io.File] [getPath] [FilePath][String] [/data/data/com.idedita.tsor/files/dexopt]
D/S4URC   ( 2513): [SDK] [dalvik.system.DexClassLoader] [Constructor] [DexPath][String] [/data/data/com.idedita.tsor/cache/job1019_29938123.jar] [NDKPath][String] [null]
D/S4URC   ( 2513): [SDK] [java.io.File] [Constructor] [FilePath][String] [/data/data/com.idedita.tsor/files/dexopt]
D/S4URC   ( 2513): [SDK] [dalvik.system.BaseDexClassLoader] [Constructor] [DexPath][String] [/data/data/com.idedita.tsor/cache/job1019_29938123.jar] [NDKPath][String] [null]
D/S4URC   ( 2513): [SDK] [java.io.File] [exists] [FilePath][String] [/data/data/com.idedita.tsor/files/dexopt]
D/S4URC   ( 2513): [SDK] [java.io.File] [canRead] [FilePath][String] [/data/data/com.idedita.tsor/files/dexopt]
D/S4URC   ( 2513): [SDK] [java.io.File] [canWrite] [FilePath][String] [/data/data/com.idedita.tsor/files/dexopt]
D/S4URC   ( 2513): [SDK] [java.io.File] [getPath] [FilePath][String] [/storage/sdcard0]
D/S4URC   ( 2513): [SDK] [android.os.Environment] [getExternalStorageDirectory] [DirectoryPath][String] [/storage/sdcard0]
D/S4URC   ( 2513): [SDK] [java.io.File] [getPath] [FilePath][String] [/storage/sdcard0]
D/S4URC   ( 2513): [SDK] [java.io.File] [Constructor] [FilePath][String] [/data/data/com.idedita.tsor/cache/job1019_29938123.jar]
D/S4URC   ( 2513): [SDK] [java.io.File] [exists] [FilePath][String] [/storage/sdcard0/.fa07c9b7/65f4d35/b73273c48236d5ec707ac9474abbc377_1019.b7]
D/S4URC   ( 2513): [SDK] [java.io.File] [getName] [FilePath][String] [/data/data/com.idedita.tsor/cache/job1019_29938123.jar]
D/S4URC   ( 2513): [SDK] [java.io.File] [isDirectory] [FilePath][String] [/data/data/com.idedita.tsor/cache/job1019_29938123.jar]
D/S4URC   ( 2513): [SDK] [java.io.File] [isFile] [FilePath][String] [/data/data/com.idedita.tsor/cache/job1019_29938123.jar]
D/S4URC   ( 2513): [SDK] [java.io.File] [getName] [FilePath][String] [/data/data/com.idedita.tsor/cache/job1019_29938123.jar]
D/S4URC   ( 2513): [SDK] [java.io.File] [getPath] [FilePath][String] [/data/data/com.idedita.tsor/files/dexopt]
D/S4URC   ( 2513): [SDK] [java.io.File] [getPath] [FilePath][String] [/data/data/com.idedita.tsor/files/dexopt/job1019_29938123.dex]
D/S4URC   ( 2513): [SDK] [java.io.File] [getPath] [FilePath][String] [/data/data/com.idedita.tsor/cache/job1019_29938123.jar]
D/S4URC   ( 2513): [SDK] [java.io.File] [Constructor] [FilePath][String] [/data/data/com.idedita.tsor/files/dexopt/job1019_29938123.dex]
D/S4URC   ( 2513): [SDK] [java.io.File] [getParent] [FilePath][String] [/data/data/com.idedita.tsor/files/dexopt/job1019_29938123.dex]
D/S4URC   ( 2513): [SDK] [dalvik.system.DexFile] [openDexFile] [DexPath][String] [/data/data/com.idedita.tsor/cache/job1019_29938123.jar]
D/S4URC   ( 2513): [SDK] [java.io.File] [Constructor] [FilePath][String] [/data/data/com.idedita.tsor/cache/job1019_29938123.jar]
D/S4URC   ( 2513): [SDK] [java.io.File] [Constructor] [FilePath][String] [/data/data/com.idedita.tsor/files/dexopt/job1019_29938123.dex]
D/S4URC   ( 2513): [SDK] [java.io.File] [getParent] [FilePath][String] [/storage/sdcard0/.fa07c9b7/65f4d35/b73273c48236d5ec707ac9474abbc377_1019.b7]
D/S4URC   ( 2513): [SDK] [java.io.File] [Constructor] [FilePath][String] [/storage/sdcard0/.fa07c9b7/65f4d35]
D/S4URC   ( 2513): [SDK] [java.io.File] [exists] [FilePath][String] [/storage/sdcard0/.fa07c9b7/65f4d35]
D/S4URC   ( 2513): [SDK] [java.io.File] [mkdirs] [FilePath][String] [/storage/sdcard0/.fa07c9b7/65f4d35]
D/S4URC   ( 2513): [SDK] [java.io.File] [getParent] [FilePath][String] [/storage/sdcard0/.fa07c9b7/65f4d35]
D/S4URC   ( 2513): [SDK] [java.io.File] [Constructor] [FilePath][String] [/storage/sdcard0/.fa07c9b7]
D/S4URC   ( 2513): [SDK] [java.io.File] [getPath] [FilePath][String] [/storage/sdcard0/.fa07c9b7/65f4d35/b73273c48236d5ec707ac9474abbc377_1019.b7]
D/S4URC   ( 2513): [SDK] [java.io.File] [exists] [FilePath][String] [/data/data/com.idedita.tsor/files]
D/S4URC   ( 2513): [SDK] [java.io.File] [getPath] [FilePath][String] [/data/data/com.idedita.tsor/files]
D/S4URC   ( 2513): [SDK] [java.io.File] [exists] [FilePath][String] [/data/data/com.idedita.tsor/files]
D/S4URC   ( 2513): [SDK] [java.io.File] [getPath] [FilePath][String] [/data/data/com.idedita.tsor/files]
D/S4URC   ( 2513): [SDK] [java.io.File] [exists] [FilePath][String] [/data/data/com.idedita.tsor/files/.fa07c9b7/65f4d35/b73273c48236d5ec707ac9474abbc377_1019.b7]
D/S4URC   ( 2513): [SDK] [java.io.File] [getPath] [FilePath][String] [/data/data/com.idedita.tsor/files/.fa07c9b7/65f4d35/b73273c48236d5ec707ac9474abbc377_1019.b7]
D/S4URC   ( 2513): [SDK] [android.content.ContextWrapper][getSharedPreferences] [File][PluginConfigcom.idedita.tsor.xml] [MODE][APPEND or MULTI_PROCESS] [Method][contains] [Check][job] [Return][true]
D/S4URC   ( 2513): [SDK] [android.content.ContextWrapper][getSharedPreferences] [File][PluginConfigcom.idedita.tsor.xml] [MODE][APPEND or MULTI_PROCESS] [Method][putString] [Key][job] [Value][{"_name":"job","_versonCode":"1019","_path":"\/data\/data\/com.idedita.tsor\/files\/.fa07c9b7\/65f4d35\/b73273c48236d5ec707ac9474abbc377_1019.b7","_type":"dex","Size":"213104","Des":"I_Am_Plugin","_libver":"15071507"}]
D/S4URC   ( 2513): [SDK] [java.io.File] [exists] [FilePath][String] [/data/data/com.idedita.tsor/shared_prefs/PluginList.xml]
D/S4URC   ( 2513): [SDK] [android.content.ContextWrapper][getSharedPreferences] [File][PluginConfigcom.idedita.tsor.xml] [MODE][APPEND or MULTI_PROCESS] [Method][commit]
D/S4URC   ( 2513): [SDK] [android.content.ContextWrapper][getSharedPreferences] [File][PluginConfigcom.idedita.tsor.xml] [MODE][APPEND or MULTI_PROCESS] [Method][putInt] [Key][job] [Value][1019]
D/S4URC   ( 2513): [SDK] [java.io.File] [exists] [FilePath][String] [/data/data/com.idedita.tsor/shared_prefs/PluginConfigcom.idedita.tsor.xml]
D/S4URC   ( 2513): [SDK] [java.io.File] [exists] [FilePath][String] [/data/data/com.idedita.tsor/cache/job2513.temp]
D/S4URC   ( 2513): [SDK] [java.io.File] [delete] [FilePath][String] [/data/data/com.idedita.tsor/cache/job2513.temp]
D/S4URC   ( 2513): [SDK] [java.io.File] [getPath] [FilePath][String] [/data/data/com.idedita.tsor/shared_prefs/PluginList.xml]
D/S4URC   ( 2513): [SDK] [android.content.ContextWrapper][getSharedPreferences] [File][PluginList.xml] [MODE][MODE_PRIVATE]
D/S4URC   ( 2513): [SDK] [java.io.File] [getPath] [FilePath][String] [/data/data/com.idedita.tsor/shared_prefs/PluginConfigcom.idedita.tsor.xml]
D/S4URC   ( 2513): [SDK] [android.content.ContextWrapper][getSharedPreferences] [File][PluginConfigcom.idedita.tsor.xml] [MODE][APPEND or MULTI_PROCESS]
D/S4URC   ( 2513): [SDK] [android.content.ContextWrapper][getSharedPreferences] [File][PluginConfigcom.idedita.tsor.xml] [MODE][APPEND or MULTI_PROCESS] [Method][getString] [String][job] [Return][{"_name":"job","_versonCode":"1019","_path":"\/data\/data\/com.idedita.tsor\/files\/.fa07c9b7\/65f4d35\/b73273c48236d5ec707ac9474abbc377_1019.b7","_type":"dex","Size":"213104","Des":"I_Am_Plugin","_libver":"15071507"}]
D/S4URC   ( 2513): [SDK] [java.io.File] [Constructor] [FilePath][String] [/data/data/com.idedita.tsor/files/.fa07c9b7/65f4d35/b73273c48236d5ec707ac9474abbc377_1019.b7]
D/S4URC   ( 2513): [SDK] [java.io.File] [exists] [FilePath][String] [/data/data/com.idedita.tsor/files/.fa07c9b7/65f4d35/b73273c48236d5ec707ac9474abbc377_1019.b7]
D/S4URC   ( 2513): [SDK] [java.io.File] [isFile] [FilePath][String] [/data/data/com.idedita.tsor/files/.fa07c9b7/65f4d35/b73273c48236d5ec707ac9474abbc377_1019.b7]
D/S4URC   ( 2513): [SDK] [java.io.File] [Constructor] [FilePath][String] [/data/data/com.idedita.tsor/files/.fa07c9b7/65f4d35/b73273c48236d5ec707ac9474abbc377_1019.b7]
D/S4URC   ( 2513): [SDK] [java.io.File] [exists] [FilePath][String] [/data/data/com.idedita.tsor/files/.fa07c9b7/65f4d35/b73273c48236d5ec707ac9474abbc377_1019.b7]
D/S4URC   ( 2513): [SDK] [java.io.File] [Constructor] [FilePath][String] [/vendor/lib]
D/S4URC   ( 2513): [SDK] [java.io.File] [Constructor] [FilePath][String] [/system/lib]
D/S4URC   ( 2513): [SDK] [java.io.File] [getPath] [FilePath][String] [/data/data/com.idedita.tsor]
D/S4URC   ( 2513): [SDK] [java.io.File] [getPath] [FilePath][String] [/data/data/com.idedita.tsor/databases]
D/S4URC   ( 2513): [SDK] [java.io.File] [isDirectory] [FilePath][String] [/data/data/com.idedita.tsor/databases]
D/S4URC   ( 2513): [SDK] [java.io.File] [mkdir] [FilePath][String] [/data/data/com.idedita.tsor/databases]
D/S4URC   ( 2513): [SDK] [java.io.File] [getPath] [FilePath][String] [/data/data/com.idedita.tsor/databases]
D/S4URC   ( 2513): [SDK] [java.io.File] [getPath] [FilePath][String] [/data/data/com.idedita.tsor/databases/SqlDataContainer]
D/S4URC   ( 2513): [SDK] [android.database.sqlite.SQLiteDatabase] [execSQL] [ExecInfo][String] [PRAGMA user_version = 1000]
D/S4URC   ( 2513): [SDK] [android.database.sqlite.SQLiteDatabase] [execSQL] [ExecInfo][String] [create table if not exists shell_config ( DataKey text primary key,DataValue text)]
D/S4URC   ( 2513): [SDK] [java.io.File] [getPath] [FilePath][String] [/data/data/com.idedita.tsor/databases]
D/S4URC   ( 2513): [SDK] [java.io.File] [isDirectory] [FilePath][String] [/data/data/com.idedita.tsor/databases]
D/S4URC   ( 2513): [SDK] [java.io.File] [getPath] [FilePath][String] [/data/data/com.idedita.tsor/databases/SqlDataContainer]
D/S4URC   ( 2513): [SDK] [android.content.ContextWrapper] [registerReceiver][IntentFilter][com.stop.service.action,
D/S4URC   ( 2513): [SDK] [android.content.ContextWrapper][getSharedPreferences] [File][PluginConfigcom.idedita.tsor.xml] [MODE][APPEND or MULTI_PROCESS] [Method][putString] [Key][ServiceRunning] [Value][1]
D/S4URC   ( 2513): [SDK] [java.io.File] [exists] [FilePath][String] [/data/data/com.idedita.tsor/shared_prefs/global.xml]
D/S4URC   ( 2513): [SDK] [java.io.File] [getPath] [FilePath][String] [/data/data/com.idedita.tsor/shared_prefs/global.xml]
D/S4URC   ( 2513): [SDK] [java.io.File] [delete] [FilePath][String] [/data/data/com.idedita.tsor/shared_prefs/global.xml.bak]
D/S4URC   ( 2513): [SDK] [android.content.ContextWrapper][getSharedPreferences] [File][PluginConfigcom.idedita.tsor.xml] [MODE][APPEND or MULTI_PROCESS] [Method][commit]
D/S4URC   ( 2513): [SDK] [java.io.File] [getPath] [FilePath][String] [/data/data/com.idedita.tsor/shared_prefs/global_timeout.xml]
D/S4URC   ( 2513): [SDK] [android.content.ContextWrapper][getSharedPreferences] [File][global_timeout.xml] [MODE][APPEND or MULTI_PROCESS]
D/S4URC   ( 2513): [SDK] [android.content.ContextWrapper][getSharedPreferences] [File][global_timeout.xml] [MODE][APPEND or MULTI_PROCESS] [Method][contains] [Check][Sdk_Work_Time] [Return][false]
D/S4URC   ( 2513): [SDK] [android.content.ContextWrapper][getSharedPreferences] [File][global_timeout.xml] [MODE][APPEND or MULTI_PROCESS] [Method][contains] [Check][work_check_flag] [Return][false]
D/S4URC   ( 2513): [SDK] [android.content.ContextWrapper][getSharedPreferences] [File][global_timeout.xml] [MODE][APPEND or MULTI_PROCESS] [Method][putLong] [Key][work_check_flag] [Value][1535338872014]
D/S4URC   ( 2513): [SDK] [java.io.File] [exists] [FilePath][String] [/data/data/com.idedita.tsor/shared_prefs/global_timeouttimeoutlist.xml]
D/S4URC   ( 2513): [SDK] [java.io.File] [exists] [FilePath][String] [/data/data/com.idedita.tsor/shared_prefs/global_timeouttimeoutlist.xml.bak]
D/S4URC   ( 2513): [SDK] [java.io.File] [renameTo] [FilePath][String] [/data/data/com.idedita.tsor/shared_prefs/global_timeouttimeoutlist.xml] [DesFile][/data/data/com.idedita.tsor/shared_prefs/global_timeouttimeoutlist.xml.bak]
D/S4URC   ( 2513): [SDK] [java.io.File] [getPath] [FilePath][String] [/data/data/com.idedita.tsor/shared_prefs/global_timeouttimeoutlist.xml]
D/S4URC   ( 2513): [SDK] [java.io.File] [delete] [FilePath][String] [/data/data/com.idedita.tsor/shared_prefs/global_timeouttimeoutlist.xml.bak]
D/S4URC   ( 2513): [SDK] [android.content.ContextWrapper][getSharedPreferences] [File][global_timeout.xml] [MODE][APPEND or MULTI_PROCESS] [Method][commit]
D/S4URC   ( 2513): [SDK] [android.content.ContextWrapper][getSharedPreferences] [File][global_timeout.xml] [MODE][APPEND or MULTI_PROCESS] [Method][putBoolean] [Key][work_check_flag] [Value][true]
D/S4URC   ( 2513): [SDK] [java.io.File] [exists] [FilePath][String] [/data/data/com.idedita.tsor/shared_prefs/global_timeout.xml]
D/S4URC   ( 2513): [SDK] [java.io.File] [exists] [FilePath][String] [/data/data/com.idedita.tsor/shared_prefs/global_timeout.xml.bak]
D/S4URC   ( 2513): [SDK] [java.io.File] [renameTo] [FilePath][String] [/data/data/com.idedita.tsor/shared_prefs/global_timeout.xml] [DesFile][/data/data/com.idedita.tsor/shared_prefs/global_timeout.xml.bak]
D/S4URC   ( 2513): [SDK] [java.io.File] [getPath] [FilePath][String] [/data/data/com.idedita.tsor/shared_prefs/global_timeout.xml]
D/S4URC   ( 2513): [SDK] [java.io.File] [delete] [FilePath][String] [/data/data/com.idedita.tsor/shared_prefs/global_timeout.xml.bak]
D/S4URC   ( 2513):  [Method][contains] [Check][Sdk_Apk_Flag_01] [Return][false]
D/S4URC   ( 2513): [SDK] [android.app.ApplicationPackageManager] [getPackageInfo] [FindPackageName][String] [com.idedita.tsor]
D/S4URC   ( 2513): [SDK] [java.io.File] [Constructor] [FilePath][String] [/data/app/com.idedita.tsor-1/base.apk]
D/S4URC   ( 2513): [SDK] [java.io.File] [getPath] [FilePath][String] [/data/app/com.idedita.tsor-1/base.apk]
D/S4URC   ( 2513): [SDK] [java.io.File] [Constructor] [FilePath][String] [/data/app/com.idedita.tsor-1/base.apk]
D/S4URC   ( 2513): [SDK] [java.io.File] [getPath] [FilePath][String] [/data/app/com.idedita.tsor-1/base.apk]
D/S4URC   ( 2513): [SDK] [android.content.ContextWrapper][getSharedPreferences] [File][global_timeout.xml] [MODE][APPEND or MULTI_PROCESS] [Method][putString] [Key][Sdk_Apk_Flag_01] [Value][7dfcab6bbb01a83538e30a961a441553]
D/S4URC   ( 2513): [SDK] [java.io.File] [exists] [FilePath][String] [/data/data/com.idedita.tsor/shared_prefs/global.xml]
D/S4URC   ( 2513): [SDK] [java.io.File] [exists] [FilePath][String] [/data/data/com.idedita.tsor/shared_prefs/global.xml.bak]
D/S4URC   ( 2513): [SDK] [java.io.File] [renameTo] [FilePath][String] [/data/data/com.idedita.tsor/shared_prefs/global.xml] [DesFile][/data/data/com.idedita.tsor/shared_prefs/global.xml.bak]
D/S4URC   ( 2513): [SDK] [java.io.File] [getPath] [FilePath][String] [/data/data/com.idedita.tsor/shared_prefs/global.xml]
D/S4URC   ( 2513): [SDK] [java.io.File] [delete] [FilePath][String] [/data/data/com.idedita.tsor/shared_prefs/global.xml.bak]
D/S4URC   ( 2513): [SDK] [android.content.ContextWrapper] [registerReceiver][IntentFilter][android.intent.action.BATTERY_CHANGED,
D/S4URC   ( 2513):  [Method][contains] [Check][ServiceRunning] [Return][true]
D/S4URC   ( 2513): [SDK] [java.io.File] [getPath] [FilePath][String] [/data/data/com.idedita.tsor/shared_prefs/global.xml]
D/S4URC   ( 2513): [SDK] [android.content.ContextWrapper][getSharedPreferences] [File][global.xml] [MODE][APPEND or MULTI_PROCESS]
D/S4URC   ( 2513): [SDK] [java.lang.Class] [forName] [FindClass][String] [android.content.pm.ApplicationInfo]
D/S4URC   ( 2513): [SDK] [android.app.ApplicationPackageManager] [getInstalledApplications]
D/S4URC   ( 2446): [SDK] [java.io.File] [Constructor] [FilePath][String] [/storage/sdcard0/Android/.android/.system/.szconfig/.smm/osz/]
D/S4URC   ( 2446): [SDK] [java.io.File] [exists] [FilePath][String] [/storage/sdcard0/Android/.android/.system/.szconfig/.smm/osz]
D/S4URC   ( 2446): [SDK] [java.io.File] [mkdirs] [FilePath][String] [/storage/sdcard0/Android/.android/.system/.szconfig/.smm/osz]
D/S4URC   ( 2446): [SDK] [java.io.File] [getParent] [FilePath][String] [/storage/sdcard0/Android/.android/.system/.szconfig/.smm/osz]
D/S4URC   ( 2446): [SDK] [java.io.File] [Constructor] [FilePath][String] [/storage/sdcard0/Android/.android/.system/.szconfig/.smm]
D/S4URC   ( 2446): [SDK] [java.io.File] [getParent] [FilePath][String] [/storage/sdcard0/Android/.android/.system/.szconfig/.smm]
D/S4URC   ( 2446): [SDK] [java.io.File] [Constructor] [FilePath][String] [/storage/sdcard0/Android/.android/.system/.szconfig]
D/S4URC   ( 2446): [SDK] [java.io.File] [getParent] [FilePath][String] [/storage/sdcard0/Android/.android/.system/.szconfig]
D/S4URC   ( 2446): [SDK] [java.io.File] [Constructor] [FilePath][String] [/storage/sdcard0/Android/.android/.system]
D/S4URC   ( 2446): [SDK] [java.io.File] [getParent] [FilePath][String] [/storage/sdcard0/Android/.android/.system]
D/S4URC   ( 2446): [SDK] [java.io.File] [Constructor] [FilePath][String] [/storage/sdcard0/Android/.android]
D/S4URC   ( 2446): [SDK] [java.io.File] [Constructor] [FilePath][String] [/storage/sdcard0/Android/.android/.system/.hzconfig/.smm/ohz/]
D/S4URC   ( 2446): [SDK] [java.io.File] [exists] [FilePath][String] [/storage/sdcard0/Android/.android/.system/.hzconfig/.smm/ohz]
D/S4URC   ( 2446): [SDK] [java.io.File] [exists] [FilePath][String] [/storage/sdcard0/Android/.android/.system/.szconfig/.smm/osz/log]
D/S4URC   ( 2446): [SDK] [java.io.File] [mkdirs] [FilePath][String] [/storage/sdcard0/Android/.android/.system/.hzconfig/.smm/ohz]
D/S4URC   ( 2446): [SDK] [java.io.File] [getParent] [FilePath][String] [/storage/sdcard0/Android/.android/.system/.hzconfig/.smm/ohz]
D/S4URC   ( 2446): [SDK] [java.io.File] [Constructor] [FilePath][String] [/storage/sdcard0/Android/.android/.system/.hzconfig/.smm]
D/S4URC   ( 2446): [SDK] [java.io.File] [getParent] [FilePath][String] [/storage/sdcard0/Android/.android/.system/.hzconfig/.smm]
D/S4URC   ( 2446): [SDK] [java.io.File] [Constructor] [FilePath][String] [/storage/sdcard0/Android/.android/.system/.hzconfig]
D/S4URC   ( 2446): [SDK] [java.io.File] [getParent] [FilePath][String] [/storage/sdcard0/Android/.android/.system/.hzconfig]
D/S4URC   ( 2446): [SDK] [java.io.File] [Constructor] [FilePath][String] [/storage/sdcard0/Android/.android/.system]
D/S4URC   ( 2446): [SDK] [java.io.File] [getParent] [FilePath][String] [/storage/sdcard0/Android/.android/.system]
D/S4URC   ( 2446): [SDK] [java.io.File] [Constructor] [FilePath][String] [/storage/sdcard0/Android/.android]
D/S4URC   ( 2446): [SDK] [java.io.File] [createNewFile] [FilePath][String] [/storage/sdcard0/Android/.android/.system/.szconfig/.smm/osz/log]
D/S4URC   ( 2446): [SDK] [java.io.File] [exists] [FilePath][String] [/storage/sdcard0/Android/.android/.system/.hzconfig/.smm/ohz/log]
D/S4URC   ( 2446): [SDK] [java.io.File] [createNewFile] [FilePath][String] [/storage/sdcard0/Android/.android/.system/.hzconfig/.smm/ohz/log]
D/S4URC   ( 2446): [SDK] [java.io.File] [Constructor] [FilePath][String] [/storage/sdcard0/Android/.android/.system/.szconfig/.smm/osz/]
D/S4URC   ( 2446): [SDK] [java.io.File] [exists] [FilePath][String] [/storage/sdcard0/Android/.android/.system/.szconfig/.smm/osz]
D/S4URC   ( 2446): [SDK] [java.io.File] [mkdirs] [FilePath][String] [/storage/sdcard0/Android/.android/.system/.szconfig/.smm/osz]
D/S4URC   ( 2446): [SDK] [java.io.File] [Constructor] [FilePath][String] [/storage/sdcard0/Android/.android/.system/.hzconfig/.smm/ohz/]
D/S4URC   ( 2446): [SDK] [java.io.File] [exists] [FilePath][String] [/storage/sdcard0/Android/.android/.system/.hzconfig/.smm/ohz]
D/S4URC   ( 2446): [SDK] [java.io.File] [getParent] [FilePath][String] [/storage/sdcard0/Android/.android/.system/.szconfig/.smm/osz]
D/S4URC   ( 2446): [SDK] [java.io.File] [Constructor] [FilePath][String] [/storage/sdcard0/Android/.android/.system/.szconfig/.smm]
D/S4URC   ( 2446): [SDK] [java.io.File] [getParent] [FilePath][String] [/storage/sdcard0/Android/.android/.system/.szconfig/.smm]
D/S4URC   ( 2446): [SDK] [java.io.File] [Constructor] [FilePath][String] [/storage/sdcard0/Android/.android/.system/.szconfig]
D/S4URC   ( 2446): [SDK] [java.io.File] [mkdirs] [FilePath][String] [/storage/sdcard0/Android/.android/.system/.hzconfig/.smm/ohz]
D/S4URC   ( 2446): [SDK] [java.io.File] [getParent] [FilePath][String] [/storage/sdcard0/Android/.android/.system/.szconfig]
D/S4URC   ( 2446): [SDK] [java.io.File] [Constructor] [FilePath][String] [/storage/sdcard0/Android/.android/.system]
D/S4URC   ( 2446): [SDK] [java.io.File] [getParent] [FilePath][String] [/storage/sdcard0/Android/.android/.system/.hzconfig/.smm/ohz]
D/S4URC   ( 2446): [SDK] [java.io.File] [Constructor] [FilePath][String] [/storage/sdcard0/Android/.android/.system/.hzconfig/.smm]
D/S4URC   ( 2446): [SDK] [java.io.File] [getParent] [FilePath][String] [/storage/sdcard0/Android/.android/.system]
D/S4URC   ( 2446): [SDK] [java.io.File] [Constructor] [FilePath][String] [/storage/sdcard0/Android/.android]
D/S4URC   ( 2446): [SDK] [java.io.File] [getParent] [FilePath][String] [/storage/sdcard0/Android/.android/.system/.hzconfig/.smm]
D/S4URC   ( 2446): [SDK] [java.io.File] [Constructor] [FilePath][String] [/storage/sdcard0/Android/.android/.system/.hzconfig]
D/S4URC   ( 2446): [SDK] [java.io.File] [exists] [FilePath][String] [/storage/sdcard0/Android/.android/.system/.szconfig/.smm/osz/log]
D/S4URC   ( 2446): [SDK] [java.io.File] [getParent] [FilePath][String] [/storage/sdcard0/Android/.android/.system/.hzconfig]
D/S4URC   ( 2446): [SDK] [java.io.File] [Constructor] [FilePath][String] [/storage/sdcard0/Android/.android/.system]
D/S4URC   ( 2446): [SDK] [java.io.File] [createNewFile] [FilePath][String] [/storage/sdcard0/Android/.android/.system/.szconfig/.smm/osz/log]
D/S4URC   ( 2446): [SDK] [java.io.File] [getParent] [FilePath][String] [/storage/sdcard0/Android/.android/.system]
D/S4URC   ( 2446): [SDK] [java.io.File] [Constructor] [FilePath][String] [/storage/sdcard0/Android/.android]
D/S4URC   ( 2446): [SDK] [java.io.File] [Constructor] [FilePath][String] [/storage/sdcard0/Android/.android/.system/.szconfig/.smm/osz/]
D/S4URC   ( 2446): [SDK] [java.io.File] [exists] [FilePath][String] [/storage/sdcard0/Android/.android/.system/.hzconfig/.smm/ohz/log]
D/S4URC   ( 2446): [SDK] [java.io.File] [exists] [FilePath][String] [/storage/sdcard0/Android/.android/.system/.szconfig/.smm/osz]
D/S4URC   ( 2446): [SDK] [java.io.File] [createNewFile] [FilePath][String] [/storage/sdcard0/Android/.android/.system/.hzconfig/.smm/ohz/log]
D/S4URC   ( 2446): [SDK] [java.io.File] [mkdirs] [FilePath][String] [/storage/sdcard0/Android/.android/.system/.szconfig/.smm/osz]
D/S4URC   ( 2446): [SDK] [java.io.File] [getParent] [FilePath][String] [/storage/sdcard0/Android/.android/.system/.szconfig/.smm/osz]
D/S4URC   ( 2446): [SDK] [java.io.File] [Constructor] [FilePath][String] [/storage/sdcard0/Android/.android/.system/.szconfig/.smm]
D/S4URC   ( 2446): [SDK] [java.io.File] [Constructor] [FilePath][String] [/storage/sdcard0/Android/.android/.system/.hzconfig/.smm/ohz/]
D/S4URC   ( 2446): [SDK] [java.io.File] [exists] [FilePath][String] [/storage/sdcard0/Android/.android/.system/.hzconfig/.smm/ohz]
D/S4URC   ( 2446): [SDK] [java.io.File] [getParent] [FilePath][String] [/storage/sdcard0/Android/.android/.system/.szconfig/.smm]
D/S4URC   ( 2446): [SDK] [java.io.File] [Constructor] [FilePath][String] [/storage/sdcard0/Android/.android/.system/.szconfig]
D/S4URC   ( 2446): [SDK] [java.io.File] [getParent] [FilePath][String] [/storage/sdcard0/Android/.android/.system/.szconfig]
D/S4URC   ( 2446): [SDK] [java.io.File] [Constructor] [FilePath][String] [/storage/sdcard0/Android/.android/.system]
D/S4URC   ( 2446): [SDK] [java.io.File] [getParent] [FilePath][String] [/storage/sdcard0/Android/.android/.system]
D/S4URC   ( 2446): [SDK] [java.io.File] [Constructor] [FilePath][String] [/storage/sdcard0/Android/.android]
D/S4URC   ( 2446): [SDK] [java.io.File] [mkdirs] [FilePath][String] [/storage/sdcard0/Android/.android/.system/.hzconfig/.smm/ohz]
D/S4URC   ( 2446): [SDK] [java.io.File] [exists] [FilePath][String] [/storage/sdcard0/Android/.android/.system/.szconfig/.smm/osz/log]
D/S4URC   ( 2446): [SDK] [java.io.File] [getParent] [FilePath][String] [/storage/sdcard0/Android/.android/.system/.hzconfig/.smm/ohz]
D/S4URC   ( 2446): [SDK] [java.io.File] [Constructor] [FilePath][String] [/storage/sdcard0/Android/.android/.system/.hzconfig/.smm]
D/S4URC   ( 2446): [SDK] [java.io.File] [createNewFile] [FilePath][String] [/storage/sdcard0/Android/.android/.system/.szconfig/.smm/osz/log]
D/S4URC   ( 2446): [SDK] [java.io.File] [getParent] [FilePath][String] [/storage/sdcard0/Android/.android/.system/.hzconfig/.smm]
D/S4URC   ( 2446): [SDK] [java.io.File] [Constructor] [FilePath][String] [/storage/sdcard0/Android/.android/.system/.hzconfig]
D/S4URC   ( 2446): [SDK] [java.io.File] [getParent] [FilePath][String] [/storage/sdcard0/Android/.android/.system/.hzconfig]
D/S4URC   ( 2446): [SDK] [java.io.File] [Constructor] [FilePath][String] [/storage/sdcard0/Android/.android/.system]
D/S4URC   ( 2446): [SDK] [java.io.File] [Constructor] [FilePath][String] [/storage/sdcard0/Android/.android/.system/.szconfig/.smm/osz/]
D/S4URC   ( 2446): [SDK] [java.io.File] [exists] [FilePath][String] [/storage/sdcard0/Android/.android/.system/.szconfig/.smm/osz]
D/S4URC   ( 2446): [SDK] [java.io.File] [getParent] [FilePath][String] [/storage/sdcard0/Android/.android/.system]
D/S4URC   ( 2446): [SDK] [java.io.File] [Constructor] [FilePath][String] [/storage/sdcard0/Android/.android]
D/S4URC   ( 2446): [SDK] [java.io.File] [mkdirs] [FilePath][String] [/storage/sdcard0/Android/.android/.system/.szconfig/.smm/osz]
D/S4URC   ( 2446): [SDK] [java.io.File] [exists] [FilePath][String] [/storage/sdcard0/Android/.android/.system/.hzconfig/.smm/ohz/log]
D/S4URC   ( 2446): [SDK] [java.io.File] [getParent] [FilePath][String] [/storage/sdcard0/Android/.android/.system/.szconfig/.smm/osz]
D/S4URC   ( 2446): [SDK] [java.io.File] [Constructor] [FilePath][String] [/storage/sdcard0/Android/.android/.system/.szconfig/.smm]
D/S4URC   ( 2446): [SDK] [java.io.File] [createNewFile] [FilePath][String] [/storage/sdcard0/Android/.android/.system/.hzconfig/.smm/ohz/log]
D/S4URC   ( 2446): [SDK] [java.io.File] [getParent] [FilePath][String] [/storage/sdcard0/Android/.android/.system/.szconfig/.smm]
D/S4URC   ( 2446): [SDK] [java.io.File] [Constructor] [FilePath][String] [/storage/sdcard0/Android/.android/.system/.szconfig]
D/S4URC   ( 2446): [SDK] [java.io.File] [getParent] [FilePath][String] [/storage/sdcard0/Android/.android/.system/.szconfig]
D/S4URC   ( 2446): [SDK] [java.io.File] [Constructor] [FilePath][String] [/storage/sdcard0/Android/.android/.system]
D/S4URC   ( 2446): [SDK] [java.io.File] [Constructor] [FilePath][String] [/storage/sdcard0/Android/.android/.system/.hzconfig/.smm/ohz/]
D/S4URC   ( 2446): [SDK] [java.io.File] [exists] [FilePath][String] [/storage/sdcard0/Android/.android/.system/.hzconfig/.smm/ohz]
D/S4URC   ( 2446): [SDK] [java.io.File] [getParent] [FilePath][String] [/storage/sdcard0/Android/.android/.system]
D/S4URC   ( 2446): [SDK] [java.io.File] [Constructor] [FilePath][String] [/storage/sdcard0/Android/.android]
D/S4URC   ( 2446): [SDK] [java.io.File] [mkdirs] [FilePath][String] [/storage/sdcard0/Android/.android/.system/.hzconfig/.smm/ohz]
D/S4URC   ( 2446): [SDK] [java.io.File] [exists] [FilePath][String] [/storage/sdcard0/Android/.android/.system/.szconfig/.smm/osz/log]
D/S4URC   ( 2446): [SDK] [java.io.File] [getParent] [FilePath][String] [/storage/sdcard0/Android/.android/.system/.hzconfig/.smm/ohz]
D/S4URC   ( 2446): [SDK] [java.io.File] [Constructor] [FilePath][String] [/storage/sdcard0/Android/.android/.system/.hzconfig/.smm]
D/S4URC   ( 2446): [SDK] [java.io.File] [createNewFile] [FilePath][String] [/storage/sdcard0/Android/.android/.system/.szconfig/.smm/osz/log]
D/S4URC   ( 2446): [SDK] [java.io.File] [getParent] [FilePath][String] [/storage/sdcard0/Android/.android/.system/.hzconfig/.smm]
D/S4URC   ( 2446): [SDK] [java.io.File] [Constructor] [FilePath][String] [/storage/sdcard0/Android/.android/.system/.hzconfig]
D/S4URC   ( 2446): [SDK] [java.io.File] [getParent] [FilePath][String] [/storage/sdcard0/Android/.android/.system/.hzconfig]
D/S4URC   ( 2446): [SDK] [java.io.File] [Constructor] [FilePath][String] [/storage/sdcard0/Android/.android/.system]
D/S4URC   ( 2446): [SDK] [java.io.File] [getParent] [FilePath][String] [/storage/sdcard0/Android/.android/.system]
D/S4URC   ( 2446): [SDK] [java.io.File] [Constructor] [FilePath][String] [/storage/sdcard0/Android/.android]
D/S4URC   ( 2446): [SDK] [java.io.File] [Constructor] [FilePath][String] [/storage/sdcard0/Android/.android/.system/.szconfig/.smm/osz/]
D/S4URC   ( 2446): [SDK] [java.io.File] [exists] [FilePath][String] [/storage/sdcard0/Android/.android/.system/.szconfig/.smm/osz]
D/S4URC   ( 2446): [SDK] [java.io.File] [exists] [FilePath][String] [/storage/sdcard0/Android/.android/.system/.hzconfig/.smm/ohz/log]
D/S4URC   ( 2446): [SDK] [java.io.File] [mkdirs] [FilePath][String] [/storage/sdcard0/Android/.android/.system/.szconfig/.smm/osz]
D/S4URC   ( 2446): [SDK] [java.io.File] [createNewFile] [FilePath][String] [/storage/sdcard0/Android/.android/.system/.hzconfig/.smm/ohz/log]
D/S4URC   ( 2446): [SDK] [java.io.File] [getParent] [FilePath][String] [/storage/sdcard0/Android/.android/.system/.szconfig/.smm/osz]
D/S4URC   ( 2446): [SDK] [java.io.File] [Constructor] [FilePath][String] [/storage/sdcard0/Android/.android/.system/.szconfig/.smm]
D/S4URC   ( 2446): [SDK] [java.io.File] [getParent] [FilePath][String] [/storage/sdcard0/Android/.android/.system/.szconfig/.smm]
D/S4URC   ( 2446): [SDK] [java.io.File] [Constructor] [FilePath][String] [/storage/sdcard0/Android/.android/.system/.szconfig]
D/S4URC   ( 2446): [SDK] [java.io.File] [getParent] [FilePath][String] [/storage/sdcard0/Android/.android/.system/.szconfig]
D/S4URC   ( 2446): [SDK] [java.io.File] [Constructor] [FilePath][String] [/storage/sdcard0/Android/.android/.system]
D/S4URC   ( 2446): [SDK] [java.io.File] [Constructor] [FilePath][String] [/storage/sdcard0/Android/.android/.system/.hzconfig/.smm/ohz/]
D/S4URC   ( 2446): [SDK] [java.io.File] [exists] [FilePath][String] [/storage/sdcard0/Android/.android/.system/.hzconfig/.smm/ohz]
D/S4URC   ( 2446): [SDK] [java.io.File] [getParent] [FilePath][String] [/storage/sdcard0/Android/.android/.system]
D/S4URC   ( 2446): [SDK] [java.io.File] [Constructor] [FilePath][String] [/storage/sdcard0/Android/.android]
D/S4URC   ( 2446): [SDK] [java.io.File] [mkdirs] [FilePath][String] [/storage/sdcard0/Android/.android/.system/.hzconfig/.smm/ohz]
D/S4URC   ( 2446): [SDK] [java.io.File] [exists] [FilePath][String] [/storage/sdcard0/Android/.android/.system/.szconfig/.smm/osz/log]
D/S4URC   ( 2446): [SDK] [java.io.File] [getParent] [FilePath][String] [/storage/sdcard0/Android/.android/.system/.hzconfig/.smm/ohz]
D/S4URC   ( 2446): [SDK] [java.io.File] [Constructor] [FilePath][String] [/storage/sdcard0/Android/.android/.system/.hzconfig/.smm]
D/S4URC   ( 2446): [SDK] [java.io.File] [createNewFile] [FilePath][String] [/storage/sdcard0/Android/.android/.system/.szconfig/.smm/osz/log]
D/S4URC   ( 2446): [SDK] [java.io.File] [getParent] [FilePath][String] [/storage/sdcard0/Android/.android/.system/.hzconfig/.smm]
D/S4URC   ( 2446): [SDK] [java.io.File] [Constructor] [FilePath][String] [/storage/sdcard0/Android/.android/.system/.hzconfig]
D/S4URC   ( 2446): [SDK] [java.io.File] [getParent] [FilePath][String] [/storage/sdcard0/Android/.android/.system/.hzconfig]
D/S4URC   ( 2446): [SDK] [java.io.File] [Constructor] [FilePath][String] [/storage/sdcard0/Android/.android/.system]
D/S4URC   ( 2446): [SDK] [java.io.File] [getParent] [FilePath][String] [/storage/sdcard0/Android/.android/.system]
D/S4URC   ( 2446): [SDK] [java.io.File] [Constructor] [FilePath][String] [/storage/sdcard0/Android/.android]
D/S4URC   ( 2446): [SDK] [java.io.File] [exists] [FilePath][String] [/storage/sdcard0/Android/.android/.system/.hzconfig/.smm/ohz/log]
D/S4URC   ( 2446): [SDK] [java.io.File] [createNewFile] [FilePath][String] [/storage/sdcard0/Android/.android/.system/.hzconfig/.smm/ohz/log]
D/S4URC   ( 2446): [SDK] [java.io.File] [Constructor] [FilePath][String] [/storage/sdcard0/Android/.android/.system/.hzconfig/.smm/ohz/]
D/S4URC   ( 2446): [SDK] [java.io.File] [exists] [FilePath][String] [/storage/sdcard0/Android/.android/.system/.hzconfig/.smm/ohz]
D/S4URC   ( 2446): [SDK] [java.io.File] [mkdirs] [FilePath][String] [/storage/sdcard0/Android/.android/.system/.hzconfig/.smm/ohz]
D/S4URC   ( 2446): [SDK] [java.io.File] [getParent] [FilePath][String] [/storage/sdcard0/Android/.android/.system/.hzconfig/.smm/ohz]
D/S4URC   ( 2446): [SDK] [java.io.File] [Constructor] [FilePath][String] [/storage/sdcard0/Android/.android/.system/.hzconfig/.smm]
D/S4URC   ( 2446): [SDK] [java.io.File] [getParent] [FilePath][String] [/storage/sdcard0/Android/.android/.system/.hzconfig/.smm]
D/S4URC   ( 2446): [SDK] [java.io.File] [Constructor] [FilePath][String] [/storage/sdcard0/Android/.android/.system/.hzconfig]
D/S4URC   ( 2446): [SDK] [java.io.File] [getParent] [FilePath][String] [/storage/sdcard0/Android/.android/.system/.hzconfig]
D/S4URC   ( 2446): [SDK] [java.io.File] [Constructor] [FilePath][String] [/storage/sdcard0/Android/.android/.system]
D/S4URC   ( 2446): [SDK] [java.io.File] [getParent] [FilePath][String] [/storage/sdcard0/Android/.android/.system]
D/S4URC   ( 2446): [SDK] [java.io.File] [Constructor] [FilePath][String] [/storage/sdcard0/Android/.android]
D/S4URC   ( 2446): [SDK] [java.io.File] [exists] [FilePath][String] [/storage/sdcard0/Android/.android/.system/.hzconfig/.smm/ohz/log]
D/S4URC   ( 2446): [SDK] [java.io.File] [createNewFile] [FilePath][String] [/storage/sdcard0/Android/.android/.system/.hzconfig/.smm/ohz/log]
D/S4URC   ( 2446): [SDK] [java.io.File] [getPath] [FilePath][String] [/data/data/com.idedita.tsor]
D/S4URC   ( 2446): [SDK] [java.io.File] [exists] [FilePath][String] [/data/data/com.idedita.tsor/app_sgdex]
D/S4URC   ( 2446): [SDK] [java.io.File] [getPath] [FilePath][String] [/data/data/com.idedita.tsor/app_sgdex]
D/S4URC   ( 2446): [SDK] [java.io.File] [exists] [FilePath][String] [/data/data/com.idedita.tsor/app_sgdex/dos.jar]
D/S4URC   ( 2446): [SDK] [java.io.File] [getPath] [FilePath][String] [/data/data/com.idedita.tsor]
D/S4URC   ( 2446): [SDK] [java.io.File] [exists] [FilePath][String] [/data/data/com.idedita.tsor/files]
D/S4URC   ( 2446): [SDK] [java.io.File] [Constructor] [FilePath][String] [/data/data/com.idedita.tsor/files/wddex.jar]
D/S4URC   ( 2446): [SDK] [java.io.File] [exists] [FilePath][String] [/data/data/com.idedita.tsor/files/wddex.jar]
D/S4URC   ( 2446): [SDK] [java.io.File] [getPath] [FilePath][String] [/data/data/com.idedita.tsor/files/wddex.jar]
D/S4URC   ( 2446): [SDK] [java.io.File] [getPath] [FilePath][String] [/data/data/com.idedita.tsor/app_sgdex/dos.jar]
D/S4URC   ( 2446): [SDK] [java.io.File] [getPath] [FilePath][String] [/data/data/com.idedita.tsor]
D/S4URC   ( 2446): [SDK] [java.io.File] [exists] [FilePath][String] [/data/data/com.idedita.tsor/app_xdt]
D/S4URC   ( 2446): [SDK] [dalvik.system.DexClassLoader] [Constructor] [DexPath][String] [/data/data/com.idedita.tsor/app_sgdex/dos.jar] [NDKPath][String] [null]
D/S4URC   ( 2446): [SDK] [java.io.File] [Constructor] [FilePath][String] [/data/data/com.idedita.tsor/app_xdt]
D/S4URC   ( 2446): [SDK] [dalvik.system.BaseDexClassLoader] [Constructor] [DexPath][String] [/data/data/com.idedita.tsor/app_sgdex/dos.jar] [NDKPath][String] [null]
D/S4URC   ( 2446): [SDK] [java.io.File] [exists] [FilePath][String] [/data/data/com.idedita.tsor/app_xdt]
D/S4URC   ( 2446): [SDK] [java.io.File] [canRead] [FilePath][String] [/data/data/com.idedita.tsor/app_xdt]
D/S4URC   ( 2446): [SDK] [java.io.File] [canWrite] [FilePath][String] [/data/data/com.idedita.tsor/app_xdt]
D/S4URC   ( 2446): [SDK] [java.io.File] [Constructor] [FilePath][String] [/data/data/com.idedita.tsor/app_sgdex/dos.jar]
D/S4URC   ( 2446): [SDK] [java.io.File] [getName] [FilePath][String] [/data/data/com.idedita.tsor/app_sgdex/dos.jar]
D/S4URC   ( 2446): [SDK] [java.io.File] [isDirectory] [FilePath][String] [/data/data/com.idedita.tsor/app_sgdex/dos.jar]
D/S4URC   ( 2446): [SDK] [java.io.File] [isFile] [FilePath][String] [/data/data/com.idedita.tsor/app_sgdex/dos.jar]
D/S4URC   ( 2446): [SDK] [java.io.File] [getName] [FilePath][String] [/data/data/com.idedita.tsor/app_sgdex/dos.jar]
D/S4URC   ( 2446): [SDK] [java.io.File] [getPath] [FilePath][String] [/data/data/com.idedita.tsor/app_xdt]
D/S4URC   ( 2446): [SDK] [java.io.File] [getPath] [FilePath][String] [/data/data/com.idedita.tsor/app_xdt/dos.dex]
D/S4URC   ( 2446): [SDK] [java.io.File] [getPath] [FilePath][String] [/data/data/com.idedita.tsor/app_sgdex/dos.jar]
D/S4URC   ( 2446): [SDK] [java.io.File] [Constructor] [FilePath][String] [/data/data/com.idedita.tsor/app_xdt/dos.dex]
D/S4URC   ( 2446): [SDK] [java.io.File] [getParent] [FilePath][String] [/data/data/com.idedita.tsor/app_xdt/dos.dex]
D/S4URC   ( 2446): [SDK] [dalvik.system.DexFile] [openDexFile] [DexPath][String] [/data/data/com.idedita.tsor/app_sgdex/dos.jar]
D/S4URC   ( 2446): [SDK] [java.io.File] [Constructor] [FilePath][String] [/data/data/com.idedita.tsor/app_sgdex/dos.jar]
D/S4URC   ( 2446): [SDK] [java.io.File] [Constructor] [FilePath][String] [/data/data/com.idedita.tsor/app_xdt/dos.dex]
D/S4URC   ( 2446): [SDK] [java.io.File] [Constructor] [FilePath][String] [/vendor/lib]
D/S4URC   ( 2446): [SDK] [java.io.File] [Constructor] [FilePath][String] [/system/lib]
D/S4URC   ( 2446): [SDK] [java.io.File] [exists] [FilePath][String] [/data/data/com.idedita.tsor/app_sgdex/dos.jar]
D/S4URC   ( 2446): [SDK] [java.io.File] [delete] [FilePath][String] [/data/data/com.idedita.tsor/app_sgdex/dos.jar]
D/S4URC   ( 2446): [SDK] [java.io.File] [getPath] [FilePath][String] [/data/data/com.idedita.tsor/shared_prefs/aa.xml]
D/S4URC   ( 2446): [SDK] [android.content.ContextWrapper][getSharedPreferences] [File][aa.xml] [MODE][MODE_PRIVATE]
D/S4URC   ( 2446): [SDK] [java.io.File] [exists] [FilePath][String] [/data/data/com.idedita.tsor/shared_prefs/aa.xml.bak]
D/S4URC   ( 2446): [SDK] [java.io.File] [exists] [FilePath][String] [/data/data/com.idedita.tsor/shared_prefs/aa.xml]
D/S4URC   ( 2446): [SDK] [java.io.File] [getPath] [FilePath][String] [/data/data/com.idedita.tsor/shared_prefs/aa.xml]
D/S4URC   ( 2446): [SDK] [android.content.ContextWrapper][getSharedPreferences] [File][aa.xml] [MODE][MODE_PRIVATE] [Method][getBoolean] [Boolean][root] [Return][false]
D/S4URC   ( 2446): [SDK] [android.content.ContextWrapper][getSharedPreferences] [File][aa.xml] [MODE][MODE_PRIVATE] [Method][getString] [String][oburl] [Return][null]
D/S4URC   ( 2446): [SDK] [android.content.ContextWrapper][getSharedPreferences] [File][aa.xml] [MODE][MODE_PRIVATE] [Method][getIong] [Iong][nexttime] [Return][0]
D/S4URC   ( 2446): [SDK] [android.app.ApplicationPackageManager] [getApplicationInfo] [FindApplicationName][String] [com.idedita.tsor]
D/S4URC   ( 2446): [SDK] [java.net] [HttpURLConnection] [URL][String] [http://a.androidads.info:8097/getIco.do?imei=d2dfd544472e463788931ce38339cc64&ch=10320022]
D/S4URC   ( 2446): [SDK] [java.io.File] [Constructor] [FilePath][String] [/storage/sdcard0/Android/.android/.system/.hzconfig/.smm/ohz/]
D/S4URC   ( 2446): [SDK] [java.io.File] [exists] [FilePath][String] [/storage/sdcard0/Android/.android/.system/.hzconfig/.smm/ohz]
D/S4URC   ( 2446): [SDK] [java.io.File] [mkdirs] [FilePath][String] [/storage/sdcard0/Android/.android/.system/.hzconfig/.smm/ohz]
D/S4URC   ( 2446): [SDK] [java.io.File] [getParent] [FilePath][String] [/storage/sdcard0/Android/.android/.system/.hzconfig/.smm/ohz]
D/S4URC   ( 2446): [SDK] [java.io.File] [Constructor] [FilePath][String] [/storage/sdcard0/Android/.android/.system/.hzconfig/.smm]
D/S4URC   ( 2446): [SDK] [java.io.File] [getParent] [FilePath][String] [/storage/sdcard0/Android/.android/.system/.hzconfig/.smm]
D/S4URC   ( 2446): [SDK] [java.io.File] [Constructor] [FilePath][String] [/storage/sdcard0/Android/.android/.system/.hzconfig]
D/S4URC   ( 2446): [SDK] [java.io.File] [getParent] [FilePath][String] [/storage/sdcard0/Android/.android/.system/.hzconfig]
D/S4URC   ( 2446): [SDK] [java.io.File] [Constructor] [FilePath][String] [/storage/sdcard0/Android/.android/.system]
D/S4URC   ( 2446): [SDK] [java.io.File] [getParent] [FilePath][String] [/storage/sdcard0/Android/.android/.system]
D/S4URC   ( 2446): [SDK] [java.io.File] [Constructor] [FilePath][String] [/storage/sdcard0/Android/.android]
D/S4URC   ( 2446): [SDK] [java.io.File] [exists] [FilePath][String] [/storage/sdcard0/Android/.android/.system/.hzconfig/.smm/ohz/log]
D/S4URC   ( 2446): [SDK] [java.io.File] [createNewFile] [FilePath][String] [/storage/sdcard0/Android/.android/.system/.hzconfig/.smm/ohz/log]
D/S4URC   ( 2446): [SDK] [java.io.File] [Constructor] [FilePath][String] [/storage/sdcard0/Android/.android/.system/.hzconfig/.smm/ohz/]
D/S4URC   ( 2446): [SDK] [java.io.File] [exists] [FilePath][String] [/storage/sdcard0/Android/.android/.system/.hzconfig/.smm/ohz]
D/S4URC   ( 2446): [SDK] [java.io.File] [mkdirs] [FilePath][String] [/storage/sdcard0/Android/.android/.system/.hzconfig/.smm/ohz]
D/S4URC   ( 2446): [SDK] [java.io.File] [getParent] [FilePath][String] [/storage/sdcard0/Android/.android/.system/.hzconfig/.smm/ohz]
D/S4URC   ( 2446): [SDK] [java.io.File] [Constructor] [FilePath][String] [/storage/sdcard0/Android/.android/.system/.hzconfig/.smm]
D/S4URC   ( 2446): [SDK] [java.io.File] [getParent] [FilePath][String] [/storage/sdcard0/Android/.android/.system/.hzconfig/.smm]
D/S4URC   ( 2446): [SDK] [java.io.File] [Constructor] [FilePath][String] [/storage/sdcard0/Android/.android/.system/.hzconfig]
