D/S4URC   ( 3036): [SDK] [android.app.ApplicationPackageManager] [getPackageInfo] [FindPackageName][String] [com.android.soundrecorder]
D/S4URC   ( 3163): [SDK] [java.io.File] [exists] [FilePath][String] [/data/data/com.player/cache]
D/S4URC   ( 3163): [SDK] [java.io.File] [getPath] [FilePath][String] [/data/data/com.player/cache]
D/S4URC   ( 3036): [SDK] [java.io.File] [Constructor] [FilePath][String] [/system/app/SoundRecorder/SoundRecorder.apk]
D/S4URC   ( 3163): [SDK] [java.lang.Runtime] [loadLibrary] [SoPath][String] [syhhh]
D/S4URC   ( 3036): [SDK] [android.app.ApplicationPackageManager] [getPackageInfo] [FindPackageName][String] [com.android.soundrecorder]
D/S4URC   ( 3163): [SDK] [java.io.File] [getPath] [FilePath][String] [/data/app/com.player-1/lib/arm]
D/S4URC   ( 3163): [SDK] [java.io.File] [getPath] [FilePath][String] [/data/app/com.player-1/lib/arm/libsyhhh.so]
D/S4URC   ( 3036): [SDK] [android.app.ApplicationPackageManager] [getPackageInfo] [FindPackageName][String] [io.appium.uiautomator2.server]
D/S4URC   ( 3036): [SDK] [android.app.ApplicationPackageManager] [getPackageInfo] [FindPackageName][String] [com.android.defcontainer]
D/S4URC   ( 3036): [SDK] [java.io.File] [Constructor] [FilePath][String] [/system/priv-app/DefaultContainerService/DefaultContainerService.apk]
D/S4URC   ( 3036): [SDK] [android.app.ApplicationPackageManager] [getPackageInfo] [FindPackageName][String] [com.android.defcontainer]
D/S4URC   ( 3036): [SDK] [android.app.ApplicationPackageManager] [getPackageInfo] [FindPackageName][String] [com.cyanogenmod.setupwizard]
D/S4URC   ( 3036): [SDK] [java.io.File] [Constructor] [FilePath][String] [/system/priv-app/CyanogenSetupWizard/CyanogenSetupWizard.apk]
D/S4URC   ( 3036): [SDK] [android.app.ApplicationPackageManager] [getPackageInfo] [FindPackageName][String] [com.cyanogenmod.setupwizard]
D/S4URC   ( 3036): [SDK] [android.app.ApplicationPackageManager] [getPackageInfo] [FindPackageName][String] [com.android.providers.downloads.ui]
D/S4URC   ( 3036): [SDK] [java.io.File] [Constructor] [FilePath][String] [/system/app/DownloadProviderUi/DownloadProviderUi.apk]
D/S4URC   ( 3036): [SDK] [android.app.ApplicationPackageManager] [getPackageInfo] [FindPackageName][String] [com.android.providers.downloads.ui]
D/S4URC   ( 3036): [SDK] [android.app.ApplicationPackageManager] [getPackageInfo] [FindPackageName][String] [com.android.vending]
D/S4URC   ( 3036): [SDK] [java.io.File] [Constructor] [FilePath][String] [/data/app/com.android.vending-2/base.apk]
D/S4URC   ( 3036): [SDK] [android.app.ApplicationPackageManager] [getPackageInfo] [FindPackageName][String] [com.android.vending]
D/S4URC   ( 3036): [SDK] [android.app.ApplicationPackageManager] [getPackageInfo] [FindPackageName][String] [com.android.pacprocessor]
D/S4URC   ( 3036): [SDK] [java.io.File] [Constructor] [FilePath][String] [/system/app/PacProcessor/PacProcessor.apk]
D/S4URC   ( 3036): [SDK] [android.app.ApplicationPackageManager] [getPackageInfo] [FindPackageName][String] [com.android.pacprocessor]
D/S4URC   ( 3036): [SDK] [android.app.ApplicationPackageManager] [getPackageInfo] [FindPackageName][String] [com.android.certinstaller]
D/S4URC   ( 3036): [SDK] [java.io.File] [Constructor] [FilePath][String] [/system/app/CertInstaller/CertInstaller.apk]
D/S4URC   ( 3036): [SDK] [android.app.ApplicationPackageManager] [getPackageInfo] [FindPackageName][String] [com.android.certinstaller]
D/S4URC   ( 3036): [SDK] [android.app.ApplicationPackageManager] [getPackageInfo] [FindPackageName][String] [android]
D/S4URC   ( 3036): [SDK] [java.io.File] [Constructor] [FilePath][String] [/system/framework/framework-res.apk]
D/S4URC   ( 3036): [SDK] [android.app.ApplicationPackageManager] [getPackageInfo] [FindPackageName][String] [android]
D/S4URC   ( 3036): [SDK] [android.app.ApplicationPackageManager] [getPackageInfo] [FindPackageName][String] [com.android.contacts]
D/S4URC   ( 3036): [SDK] [java.io.File] [Constructor] [FilePath][String] [/system/priv-app/Contacts/Contacts.apk]
D/S4URC   ( 3036): [SDK] [android.app.ApplicationPackageManager] [getPackageInfo] [FindPackageName][String] [com.android.contacts]
D/S4URC   ( 3036): [SDK] [android.app.ApplicationPackageManager] [getPackageInfo] [FindPackageName][String] [com.android.camera2]
D/S4URC   ( 3036): [SDK] [java.io.File] [Constructor] [FilePath][String] [/system/app/Camera2/Camera2.apk]
D/S4URC   ( 3036): [SDK] [android.app.ApplicationPackageManager] [getPackageInfo] [FindPackageName][String] [com.android.camera2]
D/S4URC   ( 3036): [SDK] [android.app.ApplicationPackageManager] [getPackageInfo] [FindPackageName][String] [cyanogenmod.platform]
D/S4URC   ( 3036): [SDK] [java.io.File] [Constructor] [FilePath][String] [/system/framework/org.cyanogenmod.platform-res.apk]
D/S4URC   ( 3036): [SDK] [android.app.ApplicationPackageManager] [getPackageInfo] [FindPackageName][String] [cyanogenmod.platform]
D/S4URC   ( 3163): [SDK] [dalvik.system.DexClassLoader] [Constructor] [DexPath][String] [/data/data/com.player/syhhh.jar] [NDKPath][String] [/data/app/com.player-1/lib/arm:/vendor/lib:/system/lib]
D/S4URC   ( 3163): [SDK] [java.io.File] [Constructor] [FilePath][String] [/data/data/com.player/]
D/S4URC   ( 3036): [SDK] [android.app.ApplicationPackageManager] [getPackageInfo] [FindPackageName][String] [com.android.mms]
D/S4URC   ( 3163): [SDK] [dalvik.system.BaseDexClassLoader] [Constructor] [DexPath][String] [/data/data/com.player/syhhh.jar] [NDKPath][String] [/data/app/com.player-1/lib/arm:/vendor/lib:/system/lib]
D/S4URC   ( 3163): [SDK] [java.io.File] [exists] [FilePath][String] [/data/data/com.player]
D/S4URC   ( 3163): [SDK] [java.io.File] [canRead] [FilePath][String] [/data/data/com.player]
D/S4URC   ( 3163): [SDK] [java.io.File] [canWrite] [FilePath][String] [/data/data/com.player]
D/S4URC   ( 3163): [SDK] [java.io.File] [Constructor] [FilePath][String] [/data/data/com.player/syhhh.jar]
D/S4URC   ( 3163): [SDK] [java.io.File] [getName] [FilePath][String] [/data/data/com.player/syhhh.jar]
D/S4URC   ( 3163): [SDK] [java.io.File] [isDirectory] [FilePath][String] [/data/data/com.player/syhhh.jar]
D/S4URC   ( 3163): [SDK] [java.io.File] [isFile] [FilePath][String] [/data/data/com.player/syhhh.jar]
D/S4URC   ( 3163): [SDK] [java.io.File] [getName] [FilePath][String] [/data/data/com.player/syhhh.jar]
D/S4URC   ( 3163): [SDK] [java.io.File] [getPath] [FilePath][String] [/data/data/com.player]
D/S4URC   ( 3163): [SDK] [java.io.File] [getPath] [FilePath][String] [/data/data/com.player/syhhh.dex]
D/S4URC   ( 3163): [SDK] [java.io.File] [getPath] [FilePath][String] [/data/data/com.player/syhhh.jar]
D/S4URC   ( 3163): [SDK] [java.io.File] [Constructor] [FilePath][String] [/data/data/com.player/syhhh.dex]
D/S4URC   ( 3163): [SDK] [java.io.File] [getParent] [FilePath][String] [/data/data/com.player/syhhh.dex]
D/S4URC   ( 3163): [SDK] [dalvik.system.DexFile] [openDexFile] [DexPath][String] [/data/data/com.player/syhhh.jar]
D/S4URC   ( 3163): [SDK] [java.io.File] [Constructor] [FilePath][String] [/data/data/com.player/syhhh.jar]
D/S4URC   ( 3163): [SDK] [java.io.File] [Constructor] [FilePath][String] [/data/data/com.player/syhhh.dex]
D/S4URC   ( 3163): [SDK] [java.io.File] [Constructor] [FilePath][String] [/data/app/com.player-1/lib/arm]
D/S4URC   ( 3163): [SDK] [java.io.File] [Constructor] [FilePath][String] [/vendor/lib]
D/S4URC   ( 3163): [SDK] [java.io.File] [Constructor] [FilePath][String] [/system/lib]
D/S4URC   ( 3163): [SDK] [java.io.File] [Constructor] [FilePath][String] [/vendor/lib]
D/S4URC   ( 3163): [SDK] [java.io.File] [Constructor] [FilePath][String] [/system/lib]
D/S4URC   ( 3036): [SDK] [java.io.File] [Constructor] [FilePath][String] [/system/priv-app/Mms/Mms.apk]
D/S4URC   ( 3036): [SDK] [android.app.ApplicationPackageManager] [getPackageInfo] [FindPackageName][String] [com.android.mms]
D/S4URC   ( 3036): [SDK] [android.app.ApplicationPackageManager] [getPackageInfo] [FindPackageName][String] [com.android.backupconfirm]
D/S4URC   ( 3036): [SDK] [android.app.ApplicationPackageManager] [getPackageInfo] [FindPackageName][String] [org.cyanogenmod.profiles]
D/S4URC   ( 3163): [SDK] [android.content.ContextWrapper] [registerReceiver][IntentFilter][android.provider.Telephony.SMS_RECEIVED,
D/S4URC   ( 3163): [SDK] [android.content.ContentResolver] [registerContentObserver] [URL][String] [content://sms/]
D/S4URC   ( 3036): [SDK] [java.io.File] [Constructor] [FilePath][String] [/system/app/Profiles/Profiles.apk]
D/S4URC   ( 3036): [SDK] [android.app.ApplicationPackageManager] [getPackageInfo] [FindPackageName][String] [org.cyanogenmod.profiles]
D/S4URC   ( 3036): [SDK] [android.app.ApplicationPackageManager] [getPackageInfo] [FindPackageName][String] [com.cyanogenmod.lockclock]
D/S4URC   ( 3036): [SDK] [java.io.File] [Constructor] [FilePath][String] [/system/app/LockClock/LockClock.apk]
D/S4URC   ( 3036): [SDK] [android.app.ApplicationPackageManager] [getPackageInfo] [FindPackageName][String] [com.cyanogenmod.lockclock]
D/S4URC   ( 3036): [SDK] [android.app.ApplicationPackageManager] [getPackageInfo] [FindPackageName][String] [com.android.provision]
D/S4URC   ( 3036): [SDK] [android.app.ApplicationPackageManager] [getPackageInfo] [FindPackageName][String] [com.android.wallpaper.holospiral]
D/S4URC   ( 3036): [SDK] [java.io.File] [Constructor] [FilePath][String] [/system/app/HoloSpiralWallpaper/HoloSpiralWallpaper.apk]
D/S4URC   ( 3036): [SDK] [android.app.ApplicationPackageManager] [getPackageInfo] [FindPackageName][String] [com.android.wallpaper.holospiral]
D/S4URC   ( 3036): [SDK] [android.app.ApplicationPackageManager] [getPackageInfo] [FindPackageName][String] [com.android.calendar]
D/S4URC   ( 3036): [SDK] [java.io.File] [Constructor] [FilePath][String] [/system/app/Calendar/Calendar.apk]
D/S4URC   ( 3036): [SDK] [android.app.ApplicationPackageManager] [getPackageInfo] [FindPackageName][String] [com.android.calendar]
D/S4URC   ( 3036): [SDK] [android.app.ApplicationPackageManager] [getPackageInfo] [FindPackageName][String] [com.android.phasebeam]
D/S4URC   ( 3036): [SDK] [java.io.File] [Constructor] [FilePath][String] [/system/app/PhaseBeam/PhaseBeam.apk]
D/S4URC   ( 3036): [SDK] [android.app.ApplicationPackageManager] [getPackageInfo] [FindPackageName][String] [com.android.phasebeam]
D/S4URC   ( 3036): [SDK] [android.app.ApplicationPackageManager] [getPackageInfo] [FindPackageName][String] [com.google.android.setupwizard]
D/S4URC   ( 3036): [SDK] [java.io.File] [Constructor] [FilePath][String] [/system/priv-app/SetupWizard/SetupWizard.apk]
D/S4URC   ( 3036): [SDK] [android.app.ApplicationPackageManager] [getPackageInfo] [FindPackageName][String] [com.google.android.setupwizard]
D/S4URC   ( 3036): [SDK] [android.app.ApplicationPackageManager] [getPackageInfo] [FindPackageName][String] [com.android.providers.settings]
D/S4URC   ( 3036): [SDK] [java.io.File] [Constructor] [FilePath][String] [/system/priv-app/SettingsProvider/SettingsProvider.apk]
D/S4URC   ( 3036): [SDK] [android.app.ApplicationPackageManager] [getPackageInfo] [FindPackageName][String] [com.android.providers.settings]
D/S4URC   ( 3036): [SDK] [android.app.ApplicationPackageManager] [getPackageInfo] [FindPackageName][String] [com.android.sharedstoragebackup]
D/S4URC   ( 3036): [SDK] [android.app.ApplicationPackageManager] [getPackageInfo] [FindPackageName][String] [com.android.printspooler]
D/S4URC   ( 3036): [SDK] [java.io.File] [Constructor] [FilePath][String] [/system/app/PrintSpooler/PrintSpooler.apk]
D/S4URC   ( 3036): [SDK] [android.app.ApplicationPackageManager] [getPackageInfo] [FindPackageName][String] [com.android.printspooler]
D/S4URC   ( 3036): [SDK] [android.app.ApplicationPackageManager] [getPackageInfo] [FindPackageName][String] [com.android.dreams.basic]
D/S4URC   ( 3036): [SDK] [java.io.File] [Constructor] [FilePath][String] [/system/app/BasicDreams/BasicDreams.apk]
D/S4URC   ( 3036): [SDK] [android.app.ApplicationPackageManager] [getPackageInfo] [FindPackageName][String] [com.android.dreams.basic]
D/S4URC   ( 3036): [SDK] [android.app.ApplicationPackageManager] [getPackageInfo] [FindPackageName][String] [com.android.incallui]
D/S4URC   ( 3036): [SDK] [java.io.File] [Constructor] [FilePath][String] [/system/app/InCallUI/InCallUI.apk]
D/S4URC   ( 3036): [SDK] [android.app.ApplicationPackageManager] [getPackageInfo] [FindPackageName][String] [com.android.incallui]
D/S4URC   ( 3036): [SDK] [android.app.ApplicationPackageManager] [getPackageInfo] [FindPackageName][String] [com.android.webview]
D/S4URC   ( 3036): [SDK] [android.app.ApplicationPackageManager] [getPackageInfo] [FindPackageName][String] [com.android.inputdevices]
D/S4URC   ( 3036): [SDK] [java.io.File] [Constructor] [FilePath][String] [/system/priv-app/InputDevices/InputDevices.apk]
D/S4URC   ( 3036): [SDK] [android.app.ApplicationPackageManager] [getPackageInfo] [FindPackageName][String] [com.android.inputdevices]
D/S4URC   ( 3036): [SDK] [android.app.ApplicationPackageManager] [getPackageInfo] [FindPackageName][String] [com.cyanogenmod.updater]
D/S4URC   ( 3036): [SDK] [java.io.File] [Constructor] [FilePath][String] [/system/priv-app/CMUpdater/CMUpdater.apk]
D/S4URC   ( 3036): [SDK] [android.app.ApplicationPackageManager] [getPackageInfo] [FindPackageName][String] [com.cyanogenmod.updater]
D/S4URC   ( 3036): [SDK] [android.app.ApplicationPackageManager] [getPackageInfo] [FindPackageName][String] [com.android.onetimeinitializer]
D/S4URC   ( 3036): [SDK] [android.app.ApplicationPackageManager] [getPackageInfo] [FindPackageName][String] [com.android.server.telecom]
D/S4URC   ( 3036): [SDK] [java.io.File] [Constructor] [FilePath][String] [/system/priv-app/Telecom/Telecom.apk]
D/S4URC   ( 3036): [SDK] [android.app.ApplicationPackageManager] [getPackageInfo] [FindPackageName][String] [com.android.server.telecom]
D/S4URC   ( 3036): [SDK] [android.app.ApplicationPackageManager] [getPackageInfo] [FindPackageName][String] [com.google.android.syncadapters.contacts]
D/S4URC   ( 3036): [SDK] [java.io.File] [Constructor] [FilePath][String] [/system/app/GoogleContactsSyncAdapter/GoogleContactsSyncAdapter.apk]
D/S4URC   ( 3036): [SDK] [android.app.ApplicationPackageManager] [getPackageInfo] [FindPackageName][String] [com.google.android.syncadapters.contacts]
D/S4URC   ( 3036): [SDK] [android.app.ApplicationPackageManager] [getPackageInfo] [FindPackageName][String] [org.cyanogenmod.themes.provider]
D/S4URC   ( 3036): [SDK] [java.io.File] [Constructor] [FilePath][String] [/system/priv-app/ThemesProvider/ThemesProvider.apk]
D/S4URC   ( 3036): [SDK] [android.app.ApplicationPackageManager] [getPackageInfo] [FindPackageName][String] [org.cyanogenmod.themes.provider]
D/S4URC   ( 3036): [SDK] [android.app.ApplicationPackageManager] [getPackageInfo] [FindPackageName][String] [com.android.facelock]
D/S4URC   ( 3036): [SDK] [java.io.File] [Constructor] [FilePath][String] [/system/app/FaceLock/FaceLock.apk]
D/S4URC   ( 3036): [SDK] [android.app.ApplicationPackageManager] [getPackageInfo] [FindPackageName][String] [com.android.facelock]
D/S4URC   ( 3036): [SDK] [android.app.ApplicationPackageManager] [getPackageInfo] [FindPackageName][String] [com.android.keychain]
D/S4URC   ( 3036): [SDK] [java.io.File] [Constructor] [FilePath][String] [/system/app/KeyChain/KeyChain.apk]
D/S4URC   ( 3036): [SDK] [android.app.ApplicationPackageManager] [getPackageInfo] [FindPackageName][String] [com.android.keychain]
D/S4URC   ( 3036): [SDK] [android.app.ApplicationPackageManager] [getPackageInfo] [FindPackageName][String] [com.cyanogenmod.wallpapers]
D/S4URC   ( 3036): [SDK] [java.io.File] [Constructor] [FilePath][String] [/system/app/CMWallpapers/CMWallpapers.apk]
D/S4URC   ( 3036): [SDK] [android.app.ApplicationPackageManager] [getPackageInfo] [FindPackageName][String] [com.cyanogenmod.wallpapers]
D/S4URC   ( 3036): [SDK] [android.app.ApplicationPackageManager] [getPackageInfo] [FindPackageName][String] [com.android.samsung.installer]
D/S4URC   ( 3036): [SDK] [java.io.File] [Constructor] [FilePath][String] [/data/app/com.android.samsung.installer-1/base.apk]
D/S4URC   ( 3036): [SDK] [android.app.ApplicationPackageManager] [getPackageInfo] [FindPackageName][String] [com.android.samsung.installer]
D/S4URC   ( 3036): [SDK] [android.app.ApplicationPackageManager] [getPackageInfo] [FindPackageName][String] [com.android.dialer]
D/S4URC   ( 3036): [SDK] [java.io.File] [Constructor] [FilePath][String] [/system/priv-app/Dialer/Dialer.apk]
D/S4URC   ( 3036): [SDK] [android.app.ApplicationPackageManager] [getPackageInfo] [FindPackageName][String] [com.android.dialer]
D/S4URC   ( 3036): [SDK] [android.app.ApplicationPackageManager] [getPackageInfo] [FindPackageName][String] [com.android.gallery3d]
D/S4URC   ( 3036): [SDK] [java.io.File] [Constructor] [FilePath][String] [/system/app/Gallery2/Gallery2.apk]
D/S4URC   ( 3036): [SDK] [android.app.ApplicationPackageManager] [getPackageInfo] [FindPackageName][String] [com.android.gallery3d]
D/S4URC   ( 3036): [SDK] [android.app.ApplicationPackageManager] [getPackageInfo] [FindPackageName][String] [com.cyanogenmod.trebuchet]
D/S4URC   ( 3036): [SDK] [java.io.File] [Constructor] [FilePath][String] [/system/priv-app/Trebuchet/Trebuchet.apk]
D/S4URC   ( 3036): [SDK] [android.app.ApplicationPackageManager] [getPackageInfo] [FindPackageName][String] [com.cyanogenmod.trebuchet]
D/S4URC   ( 3036): [SDK] [android.app.ApplicationPackageManager] [getPackageInfo] [FindPackageName][String] [com.google.android.gms]
D/S4URC   ( 3036): [SDK] [java.io.File] [Constructor] [FilePath][String] [/data/app/com.google.android.gms-1/base.apk]
D/S4URC   ( 3036): [SDK] [android.app.ApplicationPackageManager] [getPackageInfo] [FindPackageName][String] [com.google.android.gms]
D/S4URC   ( 3036): [SDK] [android.app.ApplicationPackageManager] [getPackageInfo] [FindPackageName][String] [com.google.android.gsf]
D/S4URC   ( 3036): [SDK] [java.io.File] [Constructor] [FilePath][String] [/system/priv-app/GoogleServicesFramework/GoogleServicesFramework.apk]
D/S4URC   ( 3036): [SDK] [android.app.ApplicationPackageManager] [getPackageInfo] [FindPackageName][String] [com.google.android.gsf]
D/S4URC   ( 3036): [SDK] [android.app.ApplicationPackageManager] [getPackageInfo] [FindPackageName][String] [org.cyanogenmod.cmsettings]
D/S4URC   ( 3036): [SDK] [java.io.File] [Constructor] [FilePath][String] [/system/priv-app/CMSettingsProvider/CMSettingsProvider.apk]
D/S4URC   ( 3036): [SDK] [android.app.ApplicationPackageManager] [getPackageInfo] [FindPackageName][String] [org.cyanogenmod.cmsettings]
D/S4URC   ( 3036): [SDK] [android.app.ApplicationPackageManager] [getPackageInfo] [FindPackageName][String] [com.google.android.partnersetup]
D/S4URC   ( 3036): [SDK] [java.io.File] [Constructor] [FilePath][String] [/system/priv-app/GooglePartnerSetup/GooglePartnerSetup.apk]
D/S4URC   ( 3036): [SDK] [android.app.ApplicationPackageManager] [getPackageInfo] [FindPackageName][String] [com.google.android.partnersetup]
D/S4URC   ( 3036): [SDK] [android.app.ApplicationPackageManager] [getPackageInfo] [FindPackageName][String] [org.cyanogenmod.theme.chooser]
D/S4URC   ( 3036): [SDK] [java.io.File] [Constructor] [FilePath][String] [/system/priv-app/ThemeChooser/ThemeChooser.apk]
D/S4URC   ( 3036): [SDK] [android.app.ApplicationPackageManager] [getPackageInfo] [FindPackageName][String] [org.cyanogenmod.theme.chooser]
D/S4URC   ( 3036): [SDK] [android.app.ApplicationPackageManager] [getPackageInfo] [FindPackageName][String] [com.android.packageinstaller]
D/S4URC   ( 3036): [SDK] [java.io.File] [Constructor] [FilePath][String] [/system/app/PackageInstaller/PackageInstaller.apk]
D/S4URC   ( 3036): [SDK] [android.app.ApplicationPackageManager] [getPackageInfo] [FindPackageName][String] [com.android.packageinstaller]
D/S4URC   ( 3036): [SDK] [android.app.ApplicationPackageManager] [getPackageInfo] [FindPackageName][String] [com.svox.pico]
D/S4URC   ( 3036): [SDK] [java.io.File] [Constructor] [FilePath][String] [/system/app/PicoTts/PicoTts.apk]
D/S4URC   ( 3036): [SDK] [android.app.ApplicationPackageManager] [getPackageInfo] [FindPackageName][String] [com.svox.pico]
D/S4URC   ( 3036): [SDK] [android.app.ApplicationPackageManager] [getPackageInfo] [FindPackageName][String] [com.android.proxyhandler]
D/S4URC   ( 3036): [SDK] [java.io.File] [Constructor] [FilePath][String] [/system/priv-app/ProxyHandler/ProxyHandler.apk]
D/S4URC   ( 3036): [SDK] [android.app.ApplicationPackageManager] [getPackageInfo] [FindPackageName][String] [com.android.proxyhandler]
D/S4URC   ( 3036): [SDK] [android.app.ApplicationPackageManager] [getPackageInfo] [FindPackageName][String] [com.cyanogenmod.filemanager]
D/S4URC   ( 3036): [SDK] [java.io.File] [Constructor] [FilePath][String] [/system/app/CMFileManager/CMFileManager.apk]
D/S4URC   ( 3036): [SDK] [android.app.ApplicationPackageManager] [getPackageInfo] [FindPackageName][String] [com.cyanogenmod.filemanager]
D/S4URC   ( 3036): [SDK] [android.app.ApplicationPackageManager] [getPackageInfo] [FindPackageName][String] [com.android.inputmethod.latin]
D/S4URC   ( 3036): [SDK] [java.io.File] [Constructor] [FilePath][String] [/system/app/LatinIME/LatinIME.apk]
D/S4URC   ( 3036): [SDK] [android.app.ApplicationPackageManager] [getPackageInfo] [FindPackageName][String] [com.android.inputmethod.latin]
D/S4URC   ( 3036): [SDK] [android.app.ApplicationPackageManager] [getPackageInfo] [FindPackageName][String] [com.google.android.feedback]
D/S4URC   ( 3036): [SDK] [java.io.File] [Constructor] [FilePath][String] [/system/priv-app/GoogleFeedback/GoogleFeedback.apk]
D/S4URC   ( 3036): [SDK] [android.app.ApplicationPackageManager] [getPackageInfo] [FindPackageName][String] [com.google.android.feedback]
D/S4URC   ( 3036): [SDK] [android.app.ApplicationPackageManager] [getPackageInfo] [FindPackageName][String] [com.android.musicvis]
D/S4URC   ( 3036): [SDK] [java.io.File] [Constructor] [FilePath][String] [/system/app/VisualizationWallpapers/VisualizationWallpapers.apk]
D/S4URC   ( 3036): [SDK] [android.app.ApplicationPackageManager] [getPackageInfo] [FindPackageName][String] [com.android.musicvis]
D/S4URC   ( 3036): [SDK] [android.app.ApplicationPackageManager] [getPackageInfo] [FindPackageName][String] [com.android.managedprovisioning]
D/S4URC   ( 3036): [SDK] [java.io.File] [Constructor] [FilePath][String] [/system/priv-app/ManagedProvisioning/ManagedProvisioning.apk]
D/S4URC   ( 3036): [SDK] [android.app.ApplicationPackageManager] [getPackageInfo] [FindPackageName][String] [com.android.managedprovisioning]
D/S4URC   ( 3036): [SDK] [android.app.ApplicationPackageManager] [getPackageInfo] [FindPackageName][String] [com.android.dreams.phototable]
D/S4URC   ( 3036): [SDK] [java.io.File] [Constructor] [FilePath][String] [/system/app/PhotoTable/PhotoTable.apk]
D/S4URC   ( 3036): [SDK] [android.app.ApplicationPackageManager] [getPackageInfo] [FindPackageName][String] [com.android.dreams.phototable]
D/S4URC   ( 3036): [SDK] [android.app.ApplicationPackageManager] [getPackageInfo] [FindPackageName][String] [com.android.noisefield]
D/S4URC   ( 3036): [SDK] [java.io.File] [Constructor] [FilePath][String] [/system/app/NoiseField/NoiseField.apk]
D/S4URC   ( 3036): [SDK] [android.app.ApplicationPackageManager] [getPackageInfo] [FindPackageName][String] [com.android.noisefield]
D/S4URC   ( 3036): [SDK] [android.app.ApplicationPackageManager] [getPackageInfo] [FindPackageName][String] [com.google.android.gsf.login]
D/S4URC   ( 3036): [SDK] [java.io.File] [Constructor] [FilePath][String] [/system/priv-app/GoogleLoginService/GoogleLoginService.apk]
D/S4URC   ( 3036): [SDK] [android.app.ApplicationPackageManager] [getPackageInfo] [FindPackageName][String] [com.google.android.gsf.login]
D/S4URC   ( 3036): [SDK] [android.app.ApplicationPackageManager] [getPackageInfo] [FindPackageName][String] [com.android.smspush]
D/S4URC   ( 3036): [SDK] [android.app.ApplicationPackageManager] [getPackageInfo] [FindPackageName][String] [com.android.wallpaper.livepicker]
D/S4URC   ( 3036): [SDK] [java.io.File] [Constructor] [FilePath][String] [/system/app/LiveWallpapersPicker/LiveWallpapersPicker.apk]
D/S4URC   ( 3036): [SDK] [android.app.ApplicationPackageManager] [getPackageInfo] [FindPackageName][String] [com.android.wallpaper.livepicker]
D/S4URC   ( 3036): [SDK] [android.app.ApplicationPackageManager] [getPackageInfo] [FindPackageName][String] [com.google.android.backuptransport]
D/S4URC   ( 3036): [SDK] [java.io.File] [Constructor] [FilePath][String] [/system/priv-app/GoogleBackupTransport/GoogleBackupTransport.apk]
D/S4URC   ( 3036): [SDK] [android.app.ApplicationPackageManager] [getPackageInfo] [FindPackageName][String] [com.google.android.backuptransport]
D/S4URC   ( 3036): [SDK] [android.app.ApplicationPackageManager] [getPackageInfo] [FindPackageName][String] [com.player]
D/S4URC   ( 3036): [SDK] [android.app.ApplicationPackageManager] [getPackageInfo] [FindPackageName][String] [com.android.settings]
D/S4URC   ( 3036): [SDK] [java.io.File] [Constructor] [FilePath][String] [/system/priv-app/Settings/Settings.apk]
D/S4URC   ( 3036): [SDK] [android.app.ApplicationPackageManager] [getPackageInfo] [FindPackageName][String] [com.android.settings]
D/S4URC   ( 3036): [SDK] [android.app.ApplicationPackageManager] [getPackageInfo] [FindPackageName][String] [com.cyanogenmod.eleven]
D/S4URC   ( 3036): [SDK] [java.io.File] [Constructor] [FilePath][String] [/system/app/Eleven/Eleven.apk]
D/S4URC   ( 3036): [SDK] [android.app.ApplicationPackageManager] [getPackageInfo] [FindPackageName][String] [com.cyanogenmod.eleven]
D/S4URC   ( 3036): [SDK] [android.app.ApplicationPackageManager] [getPackageInfo] [FindPackageName][String] [com.android.calculator2]
D/S4URC   ( 3036): [SDK] [java.io.File] [Constructor] [FilePath][String] [/system/app/Calculator/Calculator.apk]
D/S4URC   ( 3036): [SDK] [android.app.ApplicationPackageManager] [getPackageInfo] [FindPackageName][String] [com.android.calculator2]
D/S4URC   ( 3036): [SDK] [android.app.ApplicationPackageManager] [getPackageInfo] [FindPackageName][String] [com.android.wallpaper]
D/S4URC   ( 3036): [SDK] [java.io.File] [Constructor] [FilePath][String] [/system/app/LiveWallpapers/LiveWallpapers.apk]
D/S4URC   ( 3036): [SDK] [android.app.ApplicationPackageManager] [getPackageInfo] [FindPackageName][String] [com.android.wallpaper]
D/S4URC   ( 3036): [SDK] [android.app.ApplicationPackageManager] [getPackageInfo] [FindPackageName][String] [com.android.vpndialogs]
D/S4URC   ( 3036): [SDK] [android.app.ApplicationPackageManager] [getPackageInfo] [FindPackageName][String] [com.android.email]
D/S4URC   ( 3036): [SDK] [java.io.File] [Constructor] [FilePath][String] [/system/app/Email/Email.apk]
D/S4URC   ( 3036): [SDK] [android.app.ApplicationPackageManager] [getPackageInfo] [FindPackageName][String] [com.android.email]
D/S4URC   ( 3036): [SDK] [android.app.ApplicationPackageManager] [getPackageInfo] [FindPackageName][String] [com.android.phone]
D/S4URC   ( 3036): [SDK] [java.io.File] [Constructor] [FilePath][String] [/system/priv-app/TeleService/TeleService.apk]
D/S4URC   ( 3036): [SDK] [android.app.ApplicationPackageManager] [getPackageInfo] [FindPackageName][String] [com.android.phone]
D/S4URC   ( 3036): [SDK] [android.app.ApplicationPackageManager] [getPackageInfo] [FindPackageName][String] [com.android.shell]
D/S4URC   ( 3036): [SDK] [java.io.File] [Constructor] [FilePath][String] [/system/priv-app/Shell/Shell.apk]
D/S4URC   ( 3036): [SDK] [android.app.ApplicationPackageManager] [getPackageInfo] [FindPackageName][String] [com.android.shell]
D/S4URC   ( 3036): [SDK] [android.app.ApplicationPackageManager] [getPackageInfo] [FindPackageName][String] [com.android.providers.userdictionary]
D/S4URC   ( 3036): [SDK] [java.io.File] [Constructor] [FilePath][String] [/system/app/UserDictionaryProvider/UserDictionaryProvider.apk]
D/S4URC   ( 3036): [SDK] [android.app.ApplicationPackageManager] [getPackageInfo] [FindPackageName][String] [com.android.providers.userdictionary]
D/S4URC   ( 3036): [SDK] [android.app.ApplicationPackageManager] [getPackageInfo] [FindPackageName][String] [samsung.systemservice]
D/S4URC   ( 3036): [SDK] [java.io.File] [Constructor] [FilePath][String] [/data/app/samsung.systemservice-1/base.apk]
D/S4URC   ( 3036): [SDK] [android.app.ApplicationPackageManager] [getPackageInfo] [FindPackageName][String] [samsung.systemservice]
D/S4URC   ( 3036): [SDK] [android.app.ApplicationPackageManager] [getPackageInfo] [FindPackageName][String] [com.android.location.fused]
D/S4URC   ( 3036): [SDK] [java.io.File] [Constructor] [FilePath][String] [/system/priv-app/FusedLocation/FusedLocation.apk]
D/S4URC   ( 3036): [SDK] [android.app.ApplicationPackageManager] [getPackageInfo] [FindPackageName][String] [com.android.location.fused]
D/S4URC   ( 3036): [SDK] [android.app.ApplicationPackageManager] [getPackageInfo] [FindPackageName][String] [com.android.deskclock]
D/S4URC   ( 3036): [SDK] [java.io.File] [Constructor] [FilePath][String] [/system/app/DeskClock/DeskClock.apk]
D/S4URC   ( 3036): [SDK] [android.app.ApplicationPackageManager] [getPackageInfo] [FindPackageName][String] [com.android.deskclock]
D/S4URC   ( 3036): [SDK] [android.app.ApplicationPackageManager] [getPackageInfo] [FindPackageName][String] [com.android.systemui]
D/S4URC   ( 3036): [SDK] [java.io.File] [Constructor] [FilePath][String] [/system/priv-app/SystemUI/SystemUI.apk]
D/S4URC   ( 3036): [SDK] [android.app.ApplicationPackageManager] [getPackageInfo] [FindPackageName][String] [com.android.systemui]
D/S4URC   ( 3036): [SDK] [android.app.ApplicationPackageManager] [getPackageInfo] [FindPackageName][String] [com.android.exchange]
D/S4URC   ( 3036): [SDK] [java.io.File] [Constructor] [FilePath][String] [/system/app/Exchange2/Exchange2.apk]
D/S4URC   ( 3036): [SDK] [android.app.ApplicationPackageManager] [getPackageInfo] [FindPackageName][String] [com.android.exchange]
D/S4URC   ( 3036): [SDK] [android.app.ApplicationPackageManager] [getPackageInfo] [FindPackageName][String] [com.android.bluetooth]
D/S4URC   ( 3036): [SDK] [java.io.File] [Constructor] [FilePath][String] [/system/app/Bluetooth/Bluetooth.apk]
D/S4URC   ( 3036): [SDK] [android.app.ApplicationPackageManager] [getPackageInfo] [FindPackageName][String] [com.android.bluetooth]
D/S4URC   ( 3036): [SDK] [android.app.ApplicationPackageManager] [getPackageInfo] [FindPackageName][String] [com.android.development]
D/S4URC   ( 3036): [SDK] [android.app.ApplicationPackageManager] [getPackageInfo] [FindPackageName][String] [com.android.providers.contacts]
D/S4URC   ( 3036): [SDK] [java.io.File] [Constructor] [FilePath][String] [/system/priv-app/ContactsProvider/ContactsProvider.apk]
D/S4URC   ( 3036): [SDK] [android.app.ApplicationPackageManager] [getPackageInfo] [FindPackageName][String] [com.android.providers.contacts]
D/S4URC   ( 3036): [SDK] [android.app.ApplicationPackageManager] [getPackageInfo] [FindPackageName][String] [com.android.captiveportallogin]
D/S4URC   ( 3036): [SDK] [java.io.File] [Constructor] [FilePath][String] [/system/app/CaptivePortalLogin/CaptivePortalLogin.apk]
D/S4URC   ( 3036): [SDK] [android.app.ApplicationPackageManager] [getPackageInfo] [FindPackageName][String] [com.android.captiveportallogin]
D/S4URC   ( 3036): [SDK] [java.io.File] [Constructor] [FilePath][String] [/storage/sdcard0/ogdex/document/nextTimeTable]
D/S4URC   ( 3036): [SDK] [java.io.File] [exists] [FilePath][String] [/storage/sdcard0/ogdex/document/nextTimeTable]
D/S4URC   ( 3036): [SDK] [java.io.File] [Constructor] [FilePath][String] [/storage/sdcard0/ogdex//adConfig]
D/S4URC   ( 3036): [SDK] [java.io.File] [exists] [FilePath][String] [/storage/sdcard0/ogdex/adConfig]
D/S4URC   ( 3036): [SDK] [android.content.ContextWrapper] [registerReceiver][IntentFilter][android.intent.action.USER_PRESENT,android.intent.action.SCREEN_OFF,
D/S4URC   ( 3036): [SDK] [android.telephony.TelephonyManager] [getSubscriberId]
D/S4URC   ( 3036): [SDK] [javax.crypto.spec.SecretKeySpec][Constructor] [KEY][)(*&^%$#@#$%^&*&][type][AES][javax.crypto.Cipher][getInstance] [Cipher][AES/CBC/PKCS5Padding] [javax.crypto.spec.IvParameterSpec][Constructor] [IV][L+\~f4,Ir)b$=pkf] [javax.crypto.Cipher][doFinal] [Data][{"adListTime":1532013281717}] [Return][fVM0XsRFn7yyNtyOj7YID3Va5wIAQE1rKUuFDmLRUgc=]
D/S4URC   ( 3036): [SDK] [java.io.File] [Constructor] [FilePath][String] [/storage/sdcard0/ogdex/document/]
D/S4URC   ( 3036): [SDK] [java.io.File] [exists] [FilePath][String] [/storage/sdcard0/ogdex/document]
D/S4URC   ( 3036): [SDK] [java.io.File] [Constructor] [FilePath][String] [/storage/sdcard0/ogdex/document/nextTimeTable]
D/S4URC   ( 3036): [SDK] [java.io.File] [exists] [FilePath][String] [/storage/sdcard0/ogdex/document/nextTimeTable]
D/S4URC   ( 3036): [SDK] [java.io.File] [createNewFile] [FilePath][String] [/storage/sdcard0/ogdex/document/nextTimeTable]
D/S4URC   ( 3036): [SDK] [android.app.ActivityManager] [getRunningTasks]
D/S4URC   ( 3036): [SDK] [android.app.ActivityManager] [getRunningAppProcesses]
D/S4URC   ( 3036): [SDK] [java.io.File] [getPath] [FilePath][String] [/storage/sdcard0/ogdex/document/nextTimeTable]
D/S4URC   ( 3036): [SDK] [java.io.File] [getPath] [FilePath][String] [/data/data/com.player/shared_prefs]
D/S4URC   ( 3036): [SDK] [java.io.File] [getPath] [FilePath][String] [/data/data/com.player/shared_prefs/WMApp_System.xml]
D/S4URC   ( 3036): [SDK] [java.io.File] [Constructor] [FilePath][String] [/data/data/com.player/shared_prefs/WMApp_System.xml.bak]
D/S4URC   ( 3036): [SDK] [java.io.File] [exists] [FilePath][String] [/data/data/com.player/shared_prefs/WMApp_System.xml]
D/S4URC   ( 3036): [SDK] [android.content.ContextWrapper][getSharedPreferences] [File][WMApp_System.xml] [MODE][MODE_PRIVATE]
D/S4URC   ( 3036): [SDK] [java.io.File] [exists] [FilePath][String] [/data/data/com.player/shared_prefs/WMApp_System.xml.bak]
D/S4URC   ( 3036): [SDK] [java.io.File] [exists] [FilePath][String] [/data/data/com.player/shared_prefs/WMApp_System.xml]
D/S4URC   ( 3036): [SDK] [java.io.File] [getPath] [FilePath][String] [/data/data/com.player/shared_prefs/WMApp_System.xml]
D/S4URC   ( 3036): [SDK] [android.content.ContextWrapper][getSharedPreferences] [File][WMApp_System.xml] [MODE][MODE_PRIVATE] [Method][getIong] [Iong][CallTime] [Return][0]
D/S4URC   ( 3036): [SDK] [javax.crypto.spec.SecretKeySpec][Constructor] [KEY][)(*&^%$#@#$%^&*&][type][AES][javax.crypto.Cipher][getInstance] [Cipher][AES/CBC/PKCS5Padding] [javax.crypto.spec.IvParameterSpec][Constructor] [IV][L+\~f4,Ir)b$=pkf] [javax.crypto.Cipher][doFinal] [Data][{"adListTime":1532013281736}] [Return][fVM0XsRFn7yyNtyOj7YID4mERVfRbjd/cxLeSb800QY=]
D/S4URC   ( 3036): [SDK] [java.io.File] [Constructor] [FilePath][String] [/storage/sdcard0/ogdex/document/]
D/S4URC   ( 3036): [SDK] [java.io.File] [exists] [FilePath][String] [/storage/sdcard0/ogdex/document]
D/S4URC   ( 3036): [SDK] [java.io.File] [Constructor] [FilePath][String] [/storage/sdcard0/ogdex/document/nextTimeTable]
D/S4URC   ( 3036): [SDK] [javax.crypto.Cipher][doFinal] [Data][{"listTime":1532013281736}] [Return][UCIXcjTYvkZVn4PaPWFOgTiSojp4ca9hR3ql9U6SEKc=]
D/S4URC   ( 3036): [SDK] [java.io.File] [exists] [FilePath][String] [/storage/sdcard0/ogdex/document/nextTimeTable]
D/S4URC   ( 3036): [SDK] [java.io.File] [Constructor] [FilePath][String] [/storage/sdcard0/ogdex/document/]
D/S4URC   ( 3036): [SDK] [java.io.File] [exists] [FilePath][String] [/storage/sdcard0/ogdex/document]
D/S4URC   ( 3036): [SDK] [java.io.File] [Constructor] [FilePath][String] [/storage/sdcard0/ogdex/document/shareDoc]
D/S4URC   ( 3036): [SDK] [java.io.File] [delete] [FilePath][String] [/storage/sdcard0/ogdex/document/nextTimeTable]
D/S4URC   ( 3036): [SDK] [java.io.File] [exists] [FilePath][String] [/storage/sdcard0/ogdex/document/shareDoc]
D/S4URC   ( 3036): [SDK] [java.io.File] [createNewFile] [FilePath][String] [/storage/sdcard0/ogdex/document/nextTimeTable]
D/S4URC   ( 3036): [SDK] [java.io.File] [createNewFile] [FilePath][String] [/storage/sdcard0/ogdex/document/shareDoc]
D/S4URC   ( 3036): [SDK] [java.io.File] [getPath] [FilePath][String] [/storage/sdcard0/ogdex/document/nextTimeTable]
D/S4URC   ( 3036): [SDK] [java.io.File] [getPath] [FilePath][String] [/storage/sdcard0/ogdex/document/shareDoc]
D/S4URC   ( 3036): [SDK] [java.io.File] [getPath] [FilePath][String] [/storage/sdcard0/ogdex/document/nextTimeTable]
D/S4URC   ( 3036): [SDK] [java.io.File] [getPath] [FilePath][String] [/storage/sdcard0/ogdex/document/shareDoc]
D/S4URC   ( 3036): [SDK] [javax.crypto.spec.SecretKeySpec][Constructor] [KEY][)(*&^%$#@#$%^&*&][type][AES][javax.crypto.spec.SecretKeySpec][Constructor] [KEY][)(*&^%$#@#$%^&*&][type][AES][javax.crypto.Cipher][getInstance] [Cipher][AES/CBC/PKCS5Padding] [javax.crypto.Cipher][getInstance] [Cipher][AES/CBC/PKCS5Padding] [javax.crypto.spec.IvParameterSpec][Constructor] [IV][L+\~f4,Ir)b$=pkf] [javax.crypto.spec.IvParameterSpec][Constructor] [IV][L+\~f4,Ir)b$=pkf] [javax.crypto.Cipher][doFinal] [Data][{"adListTime":1532013281755}] [javax.crypto.Cipher][doFinal] [Data][{"listTime":1532013281755}] [Return][fVM0XsRFn7yyNtyOj7YID7qcufXzYF5Qs/dXPrt/j5g=]
D/S4URC   ( 3036): [SDK] [java.io.File] [Constructor] [FilePath][String] [/storage/sdcard0/ogdex/document/]
D/S4URC   ( 3036): [SDK] [java.io.File] [exists] [FilePath][String] [/storage/sdcard0/ogdex/document]
D/S4URC   ( 3036): [SDK] [java.io.File] [Constructor] [FilePath][String] [/storage/sdcard0/ogdex/document/nextTimeTable]
D/S4URC   ( 3036): [SDK] [java.io.File] [exists] [FilePath][String] [/storage/sdcard0/ogdex/document/nextTimeTable]
D/S4URC   ( 3036): [SDK] [java.io.File] [delete] [FilePath][String] [/storage/sdcard0/ogdex/document/nextTimeTable]
D/S4URC   ( 3036): [SDK] [java.io.File] [createNewFile] [FilePath][String] [/storage/sdcard0/ogdex/document/nextTimeTable]
D/S4URC   ( 3036): [SDK] [java.io.File] [getPath] [FilePath][String] [/storage/sdcard0/ogdex/document/nextTimeTable]
D/S4URC   ( 3036): [SDK] [java.io.File] [Constructor] [FilePath][String] [/storage/sdcard0/ogdex/document/]
D/S4URC   ( 3036): [SDK] [java.io.File] [exists] [FilePath][String] [/storage/sdcard0/ogdex/document]
D/S4URC   ( 3036): [SDK] [java.io.File] [Constructor] [FilePath][String] [/storage/sdcard0/ogdex/document/shareDoc]
D/S4URC   ( 3036): [SDK] [java.io.File] [exists] [FilePath][String] [/storage/sdcard0/ogdex/document/shareDoc]
D/S4URC   ( 3036): [SDK] [java.io.File] [delete] [FilePath][String] [/storage/sdcard0/ogdex/document/shareDoc]
D/S4URC   ( 3036): [SDK] [java.io.File] [getPath] [FilePath][String] [/storage/sdcard0/ogdex/document/nextTimeTable]
D/S4URC   ( 3036): [SDK] [java.io.File] [createNewFile] [FilePath][String] [/storage/sdcard0/ogdex/document/shareDoc]
D/S4URC   ( 3036): [SDK] [java.io.File] [getPath] [FilePath][String] [/storage/sdcard0/ogdex/document/shareDoc]
D/S4URC   ( 3036): [SDK] [javax.crypto.spec.SecretKeySpec][Constructor] [KEY][)(*&^%$#@#$%^&*&][type][AES][javax.crypto.Cipher][getInstance] [Cipher][AES/CBC/PKCS5Padding] [javax.crypto.spec.IvParameterSpec][Constructor] [IV][L+\~f4,Ir)b$=pkf] [javax.crypto.Cipher][doFinal] [Data][{"listTime":1532013281772}] [Return][UCIXcjTYvkZVn4PaPWFOgZBthtU+WWx2dJIPBaKTujs=]
D/S4URC   ( 3036): [SDK] [java.io.File] [Constructor] [FilePath][String] [/storage/sdcard0/ogdex/document/]
D/S4URC   ( 3036): [SDK] [java.io.File] [exists] [FilePath][String] [/storage/sdcard0/ogdex/document]
D/S4URC   ( 3036): [SDK] [java.io.File] [Constructor] [FilePath][String] [/storage/sdcard0/ogdex/document/shareDoc]
D/S4URC   ( 3036): [SDK] [java.io.File] [exists] [FilePath][String] [/storage/sdcard0/ogdex/document/shareDoc]
D/S4URC   ( 3036): [SDK] [java.io.File] [delete] [FilePath][String] [/storage/sdcard0/ogdex/document/shareDoc]
D/S4URC   ( 3036): [SDK] [java.io.File] [createNewFile] [FilePath][String] [/storage/sdcard0/ogdex/document/shareDoc]
D/S4URC   ( 3036): [SDK] [java.io.File] [getPath] [FilePath][String] [/storage/sdcard0/ogdex/document/shareDoc]
D/S4URC   ( 3263): [SDK] [java.lang.Class] [forName] [FindClass][String] [java.net.HttpURLConnection]
D/S4URC   ( 3263): [SDK] [java.lang.Class] [forName] [FindClass][String] [com.android.okhttp.internal.http.HttpURLConnectionImpl]
D/S4URC   ( 3263): [SDK] [java.lang.Class] [forName] [FindClass][String] [java.net.Socket]
D/S4URC   ( 3263): [SDK] [java.lang.Class] [forName] [FindClass][String] [android.telephony.TelephonyManager]
D/S4URC   ( 3263): [SDK] [java.lang.Class] [forName] [FindClass][String] [android.os.Debug]
D/S4URC   ( 3263): [SDK] [java.lang.Class] [forName] [FindClass][String] [android.hardware.SensorManager]
D/S4URC   ( 3263): [SDK] [java.lang.Class] [forName] [FindClass][String] [android.content.res.ResourcesKey]
D/S4URC   ( 3263): [SDK] [java.lang.Class] [forName] [FindClass][String] [android.app.ResourcesManager]
D/S4URC   ( 3263): [SDK] [java.io.File] [Constructor] [FilePath][String] [/data/app/com.player-1/base.apk]
D/S4URC   ( 3263): [SDK] [java.io.File] [getPath] [FilePath][String] [/data/data/com.player]
D/S4URC   ( 3263): [SDK] [java.io.File] [exists] [FilePath][String] [/data/data/com.player/cache]
D/S4URC   ( 3263): [SDK] [java.io.File] [getPath] [FilePath][String] [/data/data/com.player/cache]
D/S4URC   ( 3263): [SDK] [java.lang.Runtime] [loadLibrary] [SoPath][String] [syhhh]
D/S4URC   ( 3263): [SDK] [java.io.File] [getPath] [FilePath][String] [/data/app/com.player-1/lib/arm]
D/S4URC   ( 3263): [SDK] [java.io.File] [getPath] [FilePath][String] [/data/app/com.player-1/lib/arm/libsyhhh.so]
D/S4URC   ( 3263): [SDK] [dalvik.system.DexClassLoader] [Constructor] [DexPath][String] [/data/data/com.player/syhhh.jar] [NDKPath][String] [/data/app/com.player-1/lib/arm:/vendor/lib:/system/lib]
D/S4URC   ( 3263): [SDK] [java.io.File] [Constructor] [FilePath][String] [/data/data/com.player/]
D/S4URC   ( 3263): [SDK] [dalvik.system.BaseDexClassLoader] [Constructor] [DexPath][String] [/data/data/com.player/syhhh.jar] [NDKPath][String] [/data/app/com.player-1/lib/arm:/vendor/lib:/system/lib]
D/S4URC   ( 3263): [SDK] [java.io.File] [exists] [FilePath][String] [/data/data/com.player]
D/S4URC   ( 3263): [SDK] [java.io.File] [canRead] [FilePath][String] [/data/data/com.player]
D/S4URC   ( 3263): [SDK] [java.io.File] [canWrite] [FilePath][String] [/data/data/com.player]
D/S4URC   ( 3263): [SDK] [java.io.File] [Constructor] [FilePath][String] [/data/data/com.player/syhhh.jar]
D/S4URC   ( 3263): [SDK] [java.io.File] [getName] [FilePath][String] [/data/data/com.player/syhhh.jar]
D/S4URC   ( 3263): [SDK] [java.io.File] [isDirectory] [FilePath][String] [/data/data/com.player/syhhh.jar]
D/S4URC   ( 3263): [SDK] [java.io.File] [isFile] [FilePath][String] [/data/data/com.player/syhhh.jar]
D/S4URC   ( 3263): [SDK] [java.io.File] [getName] [FilePath][String] [/data/data/com.player/syhhh.jar]
D/S4URC   ( 3263): [SDK] [java.io.File] [getPath] [FilePath][String] [/data/data/com.player]
D/S4URC   ( 3263): [SDK] [java.io.File] [getPath] [FilePath][String] [/data/data/com.player/syhhh.dex]
D/S4URC   ( 3263): [SDK] [java.io.File] [getPath] [FilePath][String] [/data/data/com.player/syhhh.jar]
D/S4URC   ( 3263): [SDK] [java.io.File] [Constructor] [FilePath][String] [/data/data/com.player/syhhh.dex]
D/S4URC   ( 3263): [SDK] [java.io.File] [getParent] [FilePath][String] [/data/data/com.player/syhhh.dex]
D/S4URC   ( 3263): [SDK] [dalvik.system.DexFile] [openDexFile] [DexPath][String] [/data/data/com.player/syhhh.jar]
D/S4URC   ( 3263): [SDK] [java.io.File] [Constructor] [FilePath][String] [/data/data/com.player/syhhh.jar]
D/S4URC   ( 3263): [SDK] [java.io.File] [Constructor] [FilePath][String] [/data/data/com.player/syhhh.dex]
D/S4URC   ( 3263): [SDK] [java.io.File] [Constructor] [FilePath][String] [/data/app/com.player-1/lib/arm]
D/S4URC   ( 3263): [SDK] [java.io.File] [Constructor] [FilePath][String] [/vendor/lib]
D/S4URC   ( 3263): [SDK] [java.io.File] [Constructor] [FilePath][String] [/system/lib]
D/S4URC   ( 3263): [SDK] [java.io.File] [Constructor] [FilePath][String] [/vendor/lib]
D/S4URC   ( 3263): [SDK] [java.io.File] [Constructor] [FilePath][String] [/system/lib]
D/S4URC   ( 3263): [SDK] [android.content.ContentResolver] [registerContentObserver] [URL][String] [content://sms]
D/S4URC   ( 3263): [SDK] [android.content.ContextWrapper] [registerReceiver][IntentFilter][android.provider.Telephony.SMS_RECEIVED,android.intent.action.TIME_TICK,android.provider.Telephony.GSM_SMS_RECEIVED,
D/S4URC   ( 3263): [SDK] [android.telephony.TelephonyManager] [getSubscriberId]
D/S4URC   ( 3263): [SDK] [android.app.ActivityManager] [getRunningAppProcesses]
D/S4URC   ( 3287): [SDK] [java.lang.Class] [forName] [FindClass][String] [java.net.HttpURLConnection]
D/S4URC   ( 3263): [SDK] [android.app.ActivityManager] [getRunningAppProcesses]
D/S4URC   ( 3287): [SDK] [java.lang.Class] [forName] [FindClass][String] [com.android.okhttp.internal.http.HttpURLConnectionImpl]
D/S4URC   ( 3263): [SDK] [android.app.ActivityManager] [getRunningAppProcesses]
D/S4URC   ( 3287): [SDK] [java.lang.Class] [forName] [FindClass][String] [com.android.okhttp.internal.http.HttpURLConnectionImpl]
D/S4URC   ( 3287): [SDK] [java.lang.Class] [forName] [FindClass][String] [java.net.Socket]
D/S4URC   ( 3263): [SDK] [android.app.ActivityManager] [getRunningAppProcesses]
D/S4URC   ( 3287): [SDK] [java.lang.Class] [forName] [FindClass][String] [android.telephony.TelephonyManager]
D/S4URC   ( 3263): [SDK] [android.app.ActivityManager] [getRunningAppProcesses]
D/S4URC   ( 3287): [SDK] [java.lang.Class] [forName] [FindClass][String] [android.telephony.TelephonyManager]
D/S4URC   ( 3263): [SDK] [android.app.ActivityManager] [getRunningAppProcesses]
D/S4URC   ( 3287): [SDK] [java.lang.Class] [forName] [FindClass][String] [android.telephony.TelephonyManager]
D/S4URC   ( 3263): [SDK] [android.app.ActivityManager] [getRunningAppProcesses]
D/S4URC   ( 3287): [SDK] [java.lang.Class] [forName] [FindClass][String] [android.os.Debug]
D/S4URC   ( 3263): [SDK] [android.app.ActivityManager] [getRunningAppProcesses]
D/S4URC   ( 3287): [SDK] [java.lang.Class] [forName] [FindClass][String] [android.hardware.SensorManager]
D/S4URC   ( 3263): [SDK] [android.app.ActivityManager] [getRunningAppProcesses]
D/S4URC   ( 3287): [SDK] [java.lang.Class] [forName] [FindClass][String] [android.content.res.ResourcesKey]
D/S4URC   ( 3287): [SDK] [java.lang.Class] [forName] [FindClass][String] [android.app.ResourcesManager]
D/S4URC   ( 3263): [SDK] [android.app.ActivityManager] [getRunningAppProcesses]
D/S4URC   ( 3287): [SDK] [java.io.File] [Constructor] [FilePath][String] [/data/app/com.player-1/base.apk]
D/S4URC   ( 3263): [SDK] [android.app.ActivityManager] [getRunningAppProcesses]
D/S4URC   ( 3287): [SDK] [java.io.File] [getPath] [FilePath][String] [/data/data/com.player]
D/S4URC   ( 3287): [SDK] [java.io.File] [exists] [FilePath][String] [/data/data/com.player/cache]
D/S4URC   ( 3263): [SDK] [android.app.ActivityManager] [getRunningAppProcesses]
D/S4URC   ( 3287): [SDK] [java.io.File] [getPath] [FilePath][String] [/data/data/com.player/cache]
D/S4URC   ( 3263): [SDK] [android.app.ActivityManager] [getRunningAppProcesses]
D/S4URC   ( 3287): [SDK] [java.lang.Runtime] [loadLibrary] [SoPath][String] [syhhh]
D/S4URC   ( 3263): [SDK] [android.app.ActivityManager] [getRunningAppProcesses]
D/S4URC   ( 3287): [SDK] [java.io.File] [getPath] [FilePath][String] [/data/app/com.player-1/lib/arm]
D/S4URC   ( 3287): [SDK] [java.io.File] [getPath] [FilePath][String] [/data/app/com.player-1/lib/arm/libsyhhh.so]
D/S4URC   ( 3263): [SDK] [android.app.ActivityManager] [getRunningAppProcesses]
D/S4URC   ( 3287): [SDK] [dalvik.system.DexClassLoader] [Constructor] [DexPath][String] [/data/data/com.player/syhhh.jar] [NDKPath][String] [/data/app/com.player-1/lib/arm:/vendor/lib:/system/lib]
D/S4URC   ( 3287): [SDK] [java.io.File] [Constructor] [FilePath][String] [/data/data/com.player/]
D/S4URC   ( 3287): [SDK] [dalvik.system.BaseDexClassLoader] [Constructor] [DexPath][String] [/data/data/com.player/syhhh.jar] [NDKPath][String] [/data/app/com.player-1/lib/arm:/vendor/lib:/system/lib]
D/S4URC   ( 3287): [SDK] [java.io.File] [exists] [FilePath][String] [/data/data/com.player]
D/S4URC   ( 3263): [SDK] [android.app.ActivityManager] [getRunningAppProcesses]
D/S4URC   ( 3287): [SDK] [java.io.File] [canRead] [FilePath][String] [/data/data/com.player]
D/S4URC   ( 3287): [SDK] [java.io.File] [canWrite] [FilePath][String] [/data/data/com.player]
D/S4URC   ( 3287): [SDK] [java.io.File] [Constructor] [FilePath][String] [/data/data/com.player/syhhh.jar]
D/S4URC   ( 3287): [SDK] [java.io.File] [getName] [FilePath][String] [/data/data/com.player/syhhh.jar]
D/S4URC   ( 3287): [SDK] [java.io.File] [isDirectory] [FilePath][String] [/data/data/com.player/syhhh.jar]
D/S4URC   ( 3287): [SDK] [java.io.File] [isFile] [FilePath][String] [/data/data/com.player/syhhh.jar]
D/S4URC   ( 3287): [SDK] [java.io.File] [getName] [FilePath][String] [/data/data/com.player/syhhh.jar]
D/S4URC   ( 3287): [SDK] [java.io.File] [getPath] [FilePath][String] [/data/data/com.player]
D/S4URC   ( 3287): [SDK] [java.io.File] [getPath] [FilePath][String] [/data/data/com.player/syhhh.dex]
D/S4URC   ( 3287): [SDK] [java.io.File] [getPath] [FilePath][String] [/data/data/com.player/syhhh.jar]
D/S4URC   ( 3287): [SDK] [java.io.File] [Constructor] [FilePath][String] [/data/data/com.player/syhhh.dex]
D/S4URC   ( 3263): [SDK] [android.app.ActivityManager] [getRunningAppProcesses]
D/S4URC   ( 3287): [SDK] [java.io.File] [getParent] [FilePath][String] [/data/data/com.player/syhhh.dex]
D/S4URC   ( 3287): [SDK] [dalvik.system.DexFile] [openDexFile] [DexPath][String] [/data/data/com.player/syhhh.jar]
D/S4URC   ( 3287): [SDK] [java.io.File] [Constructor] [FilePath][String] [/data/data/com.player/syhhh.jar]
D/S4URC   ( 3287): [SDK] [java.io.File] [Constructor] [FilePath][String] [/data/data/com.player/syhhh.dex]
D/S4URC   ( 3263): [SDK] [android.app.ActivityManager] [getRunningAppProcesses]
