D/S4URC   ( 4489): [SDK] [android.content.ContextWrapper][getSharedPreferences] [File][OverseaSDK.xml] [MODE][MODE_PRIVATE]
D/S4URC   ( 4489): [SDK] [android.content.ContextWrapper][getSharedPreferences] [File][OverseaSDK.xml] [MODE][MODE_PRIVATE] [Method][putString] [Key][imei_nameb] [Value][253b490da92db47]
D/S4URC   ( 4489): [SDK] [java.io.File] [exists] [FilePath][String] [/data/data/com.yiwqfsaie.ddqithcati12/shared_prefs/OverseaSDK.xml]
D/S4URC   ( 4489): [SDK] [java.io.File] [exists] [FilePath][String] [/data/data/com.yiwqfsaie.ddqithcati12/shared_prefs/OverseaSDK.xml.bak]
D/S4URC   ( 4489): [SDK] [java.io.File] [renameTo] [FilePath][String] [/data/data/com.yiwqfsaie.ddqithcati12/shared_prefs/OverseaSDK.xml] [DesFile][/data/data/com.yiwqfsaie.ddqithcati12/shared_prefs/OverseaSDK.xml.bak]
D/S4URC   ( 4489): [SDK] [java.io.File] [getPath] [FilePath][String] [/data/data/com.yiwqfsaie.ddqithcati12/shared_prefs/OverseaSDK.xml]
D/S4URC   ( 4489): [SDK] [java.io.File] [delete] [FilePath][String] [/data/data/com.yiwqfsaie.ddqithcati12/shared_prefs/OverseaSDK.xml.bak]
D/S4URC   ( 4489): [SDK] [android.content.ContextWrapper][getSharedPreferences] [File][OverseaSDK.xml] [MODE][MODE_PRIVATE] [Method][commit]
D/S4URC   ( 4489): [SDK] [android.app.ApplicationPackageManager] [getApplicationInfo] [FindApplicationName][String] [com.yiwqfsaie.ddqithcati12]
D/S4URC   ( 4489): [SDK] [android.telephony.TelephonyManager] [getSubscriberId]
D/S4URC   ( 4489): [SDK] [android.content.ContextWrapper][getSharedPreferences] [File][OverseaSDK.xml] [MODE][MODE_PRIVATE]
D/S4URC   ( 4489): [SDK] [android.content.ContextWrapper][getSharedPreferences] [File][OverseaSDK.xml] [MODE][MODE_PRIVATE] [Method][putString] [Key][onedayb] [Value][2018/7/24]
D/S4URC   ( 4489): [SDK] [java.io.File] [exists] [FilePath][String] [/data/data/com.yiwqfsaie.ddqithcati12/shared_prefs/OverseaSDK.xml]
D/S4URC   ( 4489): [SDK] [java.io.File] [exists] [FilePath][String] [/data/data/com.yiwqfsaie.ddqithcati12/shared_prefs/OverseaSDK.xml.bak]
D/S4URC   ( 4489): [SDK] [java.io.File] [renameTo] [FilePath][String] [/data/data/com.yiwqfsaie.ddqithcati12/shared_prefs/OverseaSDK.xml] [DesFile][/data/data/com.yiwqfsaie.ddqithcati12/shared_prefs/OverseaSDK.xml.bak]
D/S4URC   ( 4489): [SDK] [java.io.File] [getPath] [FilePath][String] [/data/data/com.yiwqfsaie.ddqithcati12/shared_prefs/OverseaSDK.xml]
D/S4URC   ( 4489): [SDK] [javax.crypto.Cipher][doFinal] [Data][coo_id] [Return][5OOcPmHnbmE=]
D/S4URC   ( 4489): [SDK] [javax.crypto.Cipher][doFinal] [Data][11199] [Return][i3l8ZNXStbg=]
D/S4URC   ( 4489): [SDK] [javax.crypto.Cipher][doFinal] [Data][imei] [Return][fskjd9zU6oo=]
D/S4URC   ( 4489): [SDK] [javax.crypto.Cipher][doFinal] [Data][253b490da92db47] [Return][U2MXL0jTV+4/dru/PPYf4g==]
D/S4URC   ( 4489): [SDK] [javax.crypto.Cipher][doFinal] [Data][sdk] [Return][CVcWa2e1A38=]
D/S4URC   ( 4489): [SDK] [javax.crypto.Cipher][doFinal] [Data][2] [Return][0Wz69cM7tU8=]
D/S4URC   ( 4489): [SDK] [java.io.File] [getPath] [FilePath][String] [/data/data/com.yiwqfsaie.ddqithcati12/shared_prefs/OverseaSDK.xml]
D/S4URC   ( 4489): [SDK] [java.io.File] [delete] [FilePath][String] [/data/data/com.yiwqfsaie.ddqithcati12/shared_prefs/OverseaSDK.xml.bak]
D/S4URC   ( 4489): [SDK] [javax.crypto.Cipher][doFinal] [Data][channelId] [Return][NZ8ZT/Dm/65GcvGGstfsFw==]
D/S4URC   ( 4489): [SDK] [android.content.ContextWrapper][getSharedPreferences] [File][OverseaSDK.xml] [MODE][MODE_PRIVATE] [Method][commit]
D/S4URC   ( 4489): [SDK] [android.content.ContextWrapper][getSharedPreferences] [File][OverseaSDK.xml] [MODE][MODE_PRIVATE]
D/S4URC   ( 4489): [SDK] [javax.crypto.Cipher][doFinal] [Data][11199] [Return][i3l8ZNXStbg=]
D/S4URC   ( 4489): [SDK] [android.content.ContextWrapper][getSharedPreferences] [File][OverseaSDK.xml] [MODE][MODE_PRIVATE] [Method][getIong] [Iong][catchtimeb] [Return][0]
D/S4URC   ( 4489): [SDK] [javax.crypto.Cipher][doFinal] [Data][type] [Return][EXQj9M5O30Q=]
D/S4URC   ( 4489): [SDK] [android.content.ContextWrapper][getSharedPreferences] [File][OverseaSDK.xml] [MODE][MODE_PRIVATE]
D/S4URC   ( 4489): [SDK] [android.content.ContextWrapper][getSharedPreferences] [File][OverseaSDK.xml] [MODE][MODE_PRIVATE] [Method][getString] [String][backdatastatusb] [Return][0]
D/S4URC   ( 4489): [SDK] [javax.crypto.Cipher][doFinal] [Data][1] [Return][Tq69k4rQYGA=]
D/S4URC   ( 4571):  [Method][getInt] [Int][check_shard_uuid_date] [Return][236]
D/S4URC   ( 4571):  [Method][getString] [String][key_shard_uuid] [Return][9c6ce922-039c-44b1-9627-be5fd4103d99]
D/S4URC   ( 4489): [SDK] [javax.crypto.Cipher][doFinal] [Data][xc_coo_id] [Return][LuaQXZ4zOxRFdePXrJ5Wbg==]
D/S4URC   ( 4489): [SDK] [android.app.ActivityManager] [getRunningTasks]
D/S4URC   ( 4489): [SDK] [android.content.Intent] [Constructor] [IntentInfo][String] [android.intent.action.MAIN]
D/S4URC   ( 4489): [SDK] [javax.crypto.Cipher][doFinal] [Data][0] [Return][KQIU4pthxvU=]
D/S4URC   ( 4489): [SDK] [javax.crypto.Cipher][doFinal] [Data][xmodel] [Return][IeSIPgx7rEE=]
D/S4URC   ( 4489): [SDK] [javax.crypto.Cipher][doFinal] [Data][galaxys5] [Return][mQXib8pcu6Ejrj4Px9pi6A==]
D/S4URC   ( 4489): [SDK] [android.content.ContextWrapper][getSharedPreferences] [File][OverseaSDK.xml] [MODE][MODE_PRIVATE]
D/S4URC   ( 4489): [SDK] [android.content.ContextWrapper][getSharedPreferences] [File][OverseaSDK.xml] [MODE][MODE_PRIVATE] [Method][getIong] [Iong][option_tiemsb] [Return][0]
D/S4URC   ( 4489): [SDK] [android.content.ContextWrapper][getSharedPreferences] [File][OverseaSDK.xml] [MODE][MODE_PRIVATE]
D/S4URC   ( 4489): [SDK] [javax.crypto.Cipher][doFinal] [Data][xversion] [Return][qEdbGJ1sTHLpMLEdquFqmA==]
D/S4URC   ( 4489): [SDK] [android.content.ContextWrapper][getSharedPreferences] [File][OverseaSDK.xml] [MODE][MODE_PRIVATE] [Method][putLong] [Key][option_tiemsb] [Value][1]
D/S4URC   ( 4489): [SDK] [java.io.File] [exists] [FilePath][String] [/data/data/com.yiwqfsaie.ddqithcati12/shared_prefs/OverseaSDK.xml]
D/S4URC   ( 4489): [SDK] [java.io.File] [exists] [FilePath][String] [/data/data/com.yiwqfsaie.ddqithcati12/shared_prefs/OverseaSDK.xml.bak]
D/S4URC   ( 4489): [SDK] [java.io.File] [renameTo] [FilePath][String] [/data/data/com.yiwqfsaie.ddqithcati12/shared_prefs/OverseaSDK.xml] [DesFile][/data/data/com.yiwqfsaie.ddqithcati12/shared_prefs/OverseaSDK.xml.bak]
D/S4URC   ( 4489): [SDK] [javax.crypto.Cipher][doFinal] [Data][5.1.1] [Return][DGbDqCeJH7w=]
D/S4URC   ( 4489): [SDK] [java.io.File] [getPath] [FilePath][String] [/data/data/com.yiwqfsaie.ddqithcati12/shared_prefs/OverseaSDK.xml]
D/S4URC   ( 4489): [SDK] [javax.crypto.Cipher][doFinal] [Data][ximsi] [Return][a.qp0.8$]
D/S4URC   ( 4489): [SDK] [javax.crypto.Cipher][doFinal] [Data][00000000] [Return][7J7it6JA7J8At1/YfXcKDg==]
D/S4URC   ( 4489): [SDK] [javax.crypto.Cipher][doFinal] [Data][xinternet] [Return][zR+hfiCC4FeMKsxr9quavQ==]
D/S4URC   ( 4489): [SDK] [javax.crypto.Cipher][doFinal] [Data][1] [Return][Tq69k4rQYGA=]
D/S4URC   ( 4489): [SDK] [javax.crypto.Cipher][doFinal] [Data][xoperator] [Return][fKc3iU//GJII+eFuOzRHUg==]
D/S4URC   ( 4489): [SDK] [java.io.File] [getPath] [FilePath][String] [/data/data/com.yiwqfsaie.ddqithcati12/shared_prefs/OverseaSDK.xml]
D/S4URC   ( 4489): [SDK] [javax.crypto.Cipher][doFinal] [Data][] [Return][R>V#...,]
D/S4URC   ( 4489): [SDK] [java.io.File] [delete] [FilePath][String] [/data/data/com.yiwqfsaie.ddqithcati12/shared_prefs/OverseaSDK.xml.bak]
D/S4URC   ( 4489): [SDK] [android.content.ContextWrapper][getSharedPreferences] [File][OverseaSDK.xml] [MODE][MODE_PRIVATE] [Method][commit]
D/S4URC   ( 4489): [SDK] [javax.crypto.Cipher][doFinal] [Data][xwidth] [Return][C8NglqakeBs=]
D/S4URC   ( 4489): [SDK] [javax.crypto.Cipher][doFinal] [Data][1024] [Return][EXzODo6kOyI=]
D/S4URC   ( 4489): [SDK] [javax.crypto.Cipher][doFinal] [Data][xheight] [Return][lIh9U+o1/eI=]
D/S4URC   ( 4489): [SDK] [javax.crypto.Cipher][doFinal] [Data][570] [Return][HlS0/0UamME=]
D/S4URC   ( 4489): [SDK] [javax.crypto.Cipher][doFinal] [Data][sdkversion] [Return][`.Yp..f8MEE...J~]
D/S4URC   ( 4489): [SDK] [javax.crypto.Cipher][doFinal] [Data][1070] [Return][JaI6/YjYfbA=]
D/S4URC   ( 4489): [SDK] [javax.crypto.Cipher][doFinal] [Data][coo_id] [Return][5OOcPmHnbmE=]
D/S4URC   ( 4489): [SDK] [javax.crypto.Cipher][doFinal] [Data][11199] [Return][i3l8ZNXStbg=]
D/S4URC   ( 4489): [SDK] [javax.crypto.Cipher][doFinal] [Data][imei] [Return][fskjd9zU6oo=]
D/S4URC   ( 4489): [SDK] [javax.crypto.Cipher][doFinal] [Data][253b490da92db47] [Return][U2MXL0jTV+4/dru/PPYf4g==]
D/S4URC   ( 4489): [SDK] [javax.crypto.Cipher][doFinal] [Data][sdk] [Return][CVcWa2e1A38=]
D/S4URC   ( 4489): [SDK] [javax.crypto.Cipher][doFinal] [Data][2] [Return][0Wz69cM7tU8=]
D/S4URC   ( 4489): [SDK] [javax.crypto.Cipher][doFinal] [Data][channelId] [Return][NZ8ZT/Dm/65GcvGGstfsFw==]
D/S4URC   ( 4489): [SDK] [javax.crypto.Cipher][doFinal] [Data][11199] [Return][i3l8ZNXStbg=]
D/S4URC   ( 4489): [SDK] [javax.crypto.Cipher][doFinal] [Data][type] [Return][EXQj9M5O30Q=]
D/S4URC   ( 4489): [SDK] [javax.crypto.Cipher][doFinal] [Data][1] [Return][Tq69k4rQYGA=]
D/S4URC   ( 4489): [SDK] [javax.crypto.Cipher][doFinal] [Data][xc_coo_id] [Return][LuaQXZ4zOxRFdePXrJ5Wbg==]
D/S4URC   ( 4489): [SDK] [javax.crypto.Cipher][doFinal] [Data][0] [Return][KQIU4pthxvU=]
D/S4URC   ( 4489): [SDK] [javax.crypto.Cipher][doFinal] [Data][xmodel] [Return][IeSIPgx7rEE=]
D/S4URC   ( 4489): [SDK] [javax.crypto.Cipher][doFinal] [Data][galaxys5] [Return][mQXib8pcu6Ejrj4Px9pi6A==]
D/S4URC   ( 4756): [SDK] [java.lang.Class] [forName] [FindClass][String] [java.net.HttpURLConnection]
D/S4URC   ( 4489): [SDK] [javax.crypto.Cipher][doFinal] [Data][xversion] [Return][qEdbGJ1sTHLpMLEdquFqmA==]
D/S4URC   ( 4756): [SDK] [java.lang.Class] [forName] [FindClass][String] [com.android.okhttp.internal.http.HttpURLConnectionImpl]
D/S4URC   ( 4489): [SDK] [javax.crypto.Cipher][doFinal] [Data][5.1.1] [Return][DGbDqCeJH7w=]
D/S4URC   ( 4756): [SDK] [java.lang.Class] [forName] [FindClass][String] [com.android.okhttp.internal.http.HttpURLConnectionImpl]
D/S4URC   ( 4756): [SDK] [java.lang.Class] [forName] [FindClass][String] [java.net.Socket]
D/S4URC   ( 4756): [SDK] [java.lang.Class] [forName] [FindClass][String] [android.telephony.TelephonyManager]
D/S4URC   ( 4756): [SDK] [java.lang.Class] [forName] [FindClass][String] [android.os.Debug]
D/S4URC   ( 4756): [SDK] [java.lang.Class] [forName] [FindClass][String] [android.hardware.SensorManager]
D/S4URC   ( 4489): [SDK] [java.lang.Class] [forName] [FindClass][String] [com.android.org.conscrypt.OpenSSLContextImpl]
D/S4URC   ( 4489): [SDK] [android.content.Intent] [Constructor] [IntentInfo][String] [com.action.stt.awake]
D/S4URC   ( 4756): [SDK] [java.lang.Class] [forName] [FindClass][String] [android.content.res.ResourcesKey]
D/S4URC   ( 4512): [SDK] [java.io.File] [getPath] [FilePath][String] [/data/data/com.yiwqfsaie.ddqithcati12]
D/S4URC   ( 4756): [SDK] [java.lang.Class] [forName] [FindClass][String] [android.app.ResourcesManager]
D/S4URC   ( 4512): [SDK] [java.io.File] [exists] [FilePath][String] [/data/data/com.yiwqfsaie.ddqithcati12/files]
D/S4URC   ( 4512): [SDK] [java.io.File] [Constructor] [FilePath][String] [/data/data/com.yiwqfsaie.ddqithcati12/files/hytf/libxbmc.so]
D/S4URC   ( 4512): [SDK] [java.io.File] [exists] [FilePath][String] [/data/data/com.yiwqfsaie.ddqithcati12/files/hytf/libxbmc.so]
D/S4URC   ( 4756): [SDK] [java.io.File] [Constructor] [FilePath][String] [/data/app/com.yiwqfsaie.ddqithcati12-1/base.apk]
D/S4URC   ( 4756): [SDK] [java.io.File] [getPath] [FilePath][String] [/data/data/com.yiwqfsaie.ddqithcati12]
D/S4URC   ( 4756): [SDK] [java.io.File] [exists] [FilePath][String] [/data/data/com.yiwqfsaie.ddqithcati12/cache]
D/S4URC   ( 4512): [SDK] [java.io.File] [exists] [FilePath][String] [/data/data/com.yiwqfsaie.ddqithcati12/files]
D/S4URC   ( 4756): [SDK] [java.io.File] [getPath] [FilePath][String] [/data/data/com.yiwqfsaie.ddqithcati12/cache]
D/S4URC   ( 4512): [SDK] [java.lang.Runtime] [exec] [Command][String] [/system/bin/chmod777/data/data/com.yiwqfsaie.ddqithcati12/files/hytf]
D/S4URC   ( 4489): [SDK] [java.io.File] [getPath] [FilePath][String] [/data/data/com.yiwqfsaie.ddqithcati12/shared_prefs]
D/S4URC   ( 4489): [SDK] [java.io.File] [getPath] [FilePath][String] [/data/data/com.yiwqfsaie.ddqithcati12/shared_prefs/umeng_event_snapshot.xml]
D/S4URC   ( 4489): [SDK] [java.io.File] [Constructor] [FilePath][String] [/data/data/com.yiwqfsaie.ddqithcati12/shared_prefs/umeng_event_snapshot.xml.bak]
D/S4URC   ( 4489): [SDK] [java.io.File] [exists] [FilePath][String] [/data/data/com.yiwqfsaie.ddqithcati12/shared_prefs/umeng_event_snapshot.xml]
D/S4URC   ( 4489): [SDK] [android.content.ContextWrapper][getSharedPreferences] [File][umeng_event_snapshot.xml] [MODE][MODE_PRIVATE]
D/S4URC   ( 4489): [SDK] [java.io.File] [exists] [FilePath][String] [/data/data/com.yiwqfsaie.ddqithcati12/shared_prefs/umeng_event_snapshot.xml.bak]
D/S4URC   ( 4489): [SDK] [java.io.File] [exists] [FilePath][String] [/data/data/com.yiwqfsaie.ddqithcati12/shared_prefs/umeng_event_snapshot.xml]
D/S4URC   ( 4756): [SDK] [java.io.File] [getPath] [FilePath][String] [/data/data/com.yiwqfsaie.ddqithcati12]
D/S4URC   ( 4756): [SDK] [java.io.File] [exists] [FilePath][String] [/data/data/com.yiwqfsaie.ddqithcati12/app_jni]
D/S4URC   ( 4756): [SDK] [java.io.File] [Constructor] [FilePath][String] [/data/data/com.yiwqfsaie.ddqithcati12/app_jni]
D/S4URC   ( 4756): [SDK] [java.io.File] [Constructor] [FilePath][String] [/data/data/com.yiwqfsaie.ddqithcati12/app_jni/libskin]
D/S4URC   ( 4756): [SDK] [java.io.File] [exists] [FilePath][String] [/data/data/com.yiwqfsaie.ddqithcati12/app_jni/libskin]
D/S4URC   ( 4489): [SDK] [android.content.ContextWrapper][getSharedPreferences] [File][umeng_general_config.xml] [MODE][MODE_PRIVATE] [Method][getIong] [Iong][last_request_time] [Return][0]
D/S4URC   ( 4756): [SDK] [dalvik.system.DexClassLoader] [Constructor] [DexPath][String] [/data/data/com.yiwqfsaie.ddqithcati12/i2/ci.zip] [NDKPath][String] [null]
D/S4URC   ( 4756): [SDK] [java.io.File] [Constructor] [FilePath][String] [/data/data/com.yiwqfsaie.ddqithcati12/i2]
D/S4URC   ( 4756): [SDK] [dalvik.system.BaseDexClassLoader] [Constructor] [DexPath][String] [/data/data/com.yiwqfsaie.ddqithcati12/i2/ci.zip] [NDKPath][String] [null]
D/S4URC   ( 4756): [SDK] [java.io.File] [exists] [FilePath][String] [/data/data/com.yiwqfsaie.ddqithcati12/i2]
D/S4URC   ( 4756): [SDK] [java.io.File] [canRead] [FilePath][String] [/data/data/com.yiwqfsaie.ddqithcati12/i2]
D/S4URC   ( 4756): [SDK] [java.io.File] [canWrite] [FilePath][String] [/data/data/com.yiwqfsaie.ddqithcati12/i2]
D/S4URC   ( 4756): [SDK] [java.io.File] [Constructor] [FilePath][String] [/data/data/com.yiwqfsaie.ddqithcati12/i2/ci.zip]
D/S4URC   ( 4756): [SDK] [java.io.File] [getName] [FilePath][String] [/data/data/com.yiwqfsaie.ddqithcati12/i2/ci.zip]
D/S4URC   ( 4756): [SDK] [java.io.File] [isDirectory] [FilePath][String] [/data/data/com.yiwqfsaie.ddqithcati12/i2/ci.zip]
D/S4URC   ( 4756): [SDK] [java.io.File] [isFile] [FilePath][String] [/data/data/com.yiwqfsaie.ddqithcati12/i2/ci.zip]
D/S4URC   ( 4756): [SDK] [java.io.File] [getName] [FilePath][String] [/data/data/com.yiwqfsaie.ddqithcati12/i2/ci.zip]
D/S4URC   ( 4756): [SDK] [java.io.File] [getPath] [FilePath][String] [/data/data/com.yiwqfsaie.ddqithcati12/i2]
D/S4URC   ( 4756): [SDK] [java.io.File] [getPath] [FilePath][String] [/data/data/com.yiwqfsaie.ddqithcati12/i2/ci.dex]
D/S4URC   ( 4756): [SDK] [java.io.File] [getPath] [FilePath][String] [/data/data/com.yiwqfsaie.ddqithcati12/i2/ci.zip]
D/S4URC   ( 4756): [SDK] [java.io.File] [Constructor] [FilePath][String] [/data/data/com.yiwqfsaie.ddqithcati12/i2/ci.dex]
D/S4URC   ( 4756): [SDK] [java.io.File] [getParent] [FilePath][String] [/data/data/com.yiwqfsaie.ddqithcati12/i2/ci.dex]
D/S4URC   ( 4756): [SDK] [dalvik.system.DexFile] [openDexFile] [DexPath][String] [/data/data/com.yiwqfsaie.ddqithcati12/i2/ci.zip]
D/S4URC   ( 4756): [SDK] [java.io.File] [Constructor] [FilePath][String] [/data/data/com.yiwqfsaie.ddqithcati12/i2/ci.zip]
D/S4URC   ( 4756): [SDK] [java.io.File] [Constructor] [FilePath][String] [/data/data/com.yiwqfsaie.ddqithcati12/i2/ci.dex]
D/S4URC   ( 4489): [SDK] [android.app.ApplicationPackageManager] [getApplicationInfo] [FindApplicationName][String] [com.yiwqfsaie.ddqithcati12]
D/S4URC   ( 4489): [SDK] [android.content.ContextWrapper][getSharedPreferences] [File][umeng_general_config.xml] [MODE][MODE_PRIVATE]
D/S4URC   ( 4489): [SDK] [android.content.ContextWrapper][getSharedPreferences] [File][umeng_general_config.xml] [MODE][MODE_PRIVATE] [Method][getString] [String][session_id] [Return][null]
D/S4URC   ( 4489): [SDK] [android.content.ContextWrapper][getSharedPreferences] [File][umeng_general_config.xml] [MODE][MODE_PRIVATE] [Method][putString] [Key][session_id] [Value][1DF2D3AC8374710CD8FDC5C3521AB3CA]
D/S4URC   ( 4489): [SDK] [android.content.ContextWrapper][getSharedPreferences] [File][umeng_general_config.xml] [MODE][MODE_PRIVATE] [Method][putLong] [Key][session_start_time] [Value][1535151511037]
D/S4URC   ( 4489): [SDK] [android.content.ContextWrapper][getSharedPreferences] [File][umeng_general_config.xml] [MODE][MODE_PRIVATE] [Method][putLong] [Key][session_end_time] [Value][0]
D/S4URC   ( 4489): [SDK] [android.content.ContextWrapper][getSharedPreferences] [File][umeng_general_config.xml] [MODE][MODE_PRIVATE] [Method][putLong] [Key][a_start_time] [Value][1535151511038]
D/S4URC   ( 4489): [SDK] [android.content.ContextWrapper][getSharedPreferences] [File][umeng_general_config.xml] [MODE][MODE_PRIVATE] [Method][putLong] [Key][a_end_time] [Value][0]
D/S4URC   ( 4489): [SDK] [java.io.File] [exists] [FilePath][String] [/data/data/com.yiwqfsaie.ddqithcati12/shared_prefs/umeng_general_config.xml]
D/S4URC   ( 4489): [SDK] [java.io.File] [getPath] [FilePath][String] [/data/data/com.yiwqfsaie.ddqithcati12/shared_prefs/umeng_general_config.xml]
D/S4URC   ( 4512): [SDK] [java.io.File] [Constructor] [FilePath][String] [/data/data/com.yiwqfsaie.ddqithcati12/files/hytf]
D/S4URC   ( 4512): [SDK] [java.io.File] [exists] [FilePath][String] [/data/data/com.yiwqfsaie.ddqithcati12/files/hytf]
D/S4URC   ( 4512): [SDK] [java.io.File] [mkdirs] [FilePath][String] [/data/data/com.yiwqfsaie.ddqithcati12/files/hytf]
D/S4URC   ( 4512): [SDK] [java.io.File] [Constructor] [FilePath][String] [/data/data/com.yiwqfsaie.ddqithcati12/files/hytf/xbda.png]
D/S4URC   ( 4512): [SDK] [java.io.File] [getPath] [FilePath][String] [/data/data/com.yiwqfsaie.ddqithcati12/files/hytf/xbda.png]
D/S4URC   ( 4489): [SDK] [java.io.File] [getPath] [FilePath][String] [/data/data/com.yiwqfsaie.ddqithcati12/shared_prefs/umeng_general_config.xml]
D/S4URC   ( 4489): [SDK] [java.io.File] [delete] [FilePath][String] [/data/data/com.yiwqfsaie.ddqithcati12/shared_prefs/umeng_general_config.xml.bak]
D/S4URC   ( 4489): [SDK] [android.content.ContextWrapper][getSharedPreferences] [File][umeng_general_config.xml] [MODE][MODE_PRIVATE] [Method][commit]
D/S4URC   ( 4489): [SDK] [java.io.File] [listFiles] [FilePath][String] [/data/data/com.yiwqfsaie.ddqithcati12/files/.um]
D/S4URC   ( 4489): [SDK] [java.io.File] [list] [FilePath][String] [/data/data/com.yiwqfsaie.ddqithcati12/files/.um]
D/S4URC   ( 4489): [SDK] [java.io.File] [exists] [FilePath][String] [/data/data/com.yiwqfsaie.ddqithcati12/files]
D/S4URC   ( 4489): [SDK] [java.io.File] [Constructor] [FilePath][String] [/data/data/com.yiwqfsaie.ddqithcati12/files/ylsb.db]
D/S4URC   ( 4489): [SDK] [java.io.File] [getPath] [FilePath][String] [/data/data/com.yiwqfsaie.ddqithcati12/files/ylsb.db]
D/S4URC   ( 4489): [SDK] [android.content.ContextWrapper][getSharedPreferences] [File][umeng_general_config.xml] [MODE][MODE_PRIVATE]
D/S4URC   ( 4489): [SDK] [android.content.ContextWrapper][getSharedPreferences] [File][umeng_general_config.xml] [MODE][MODE_PRIVATE] [Method][getIong] [Iong][first_activate_time] [Return][0]
D/S4URC   ( 4489): [SDK] [java.io.File] [Constructor] [FilePath][String] [/data/data/com.yiwqfsaie.ddqithcati12/files/200/1001/180824115830014.apk]
D/S4URC   ( 4489): [SDK] [java.io.File] [exists] [FilePath][String] [/data/data/com.yiwqfsaie.ddqithcati12/files/200/1001/180824115830014.apk]
D/S4URC   ( 4489): [SDK] [java.io.File] [getPath] [FilePath][String] [/data/data/com.yiwqfsaie.ddqithcati12]
D/S4URC   ( 4489): [SDK] [java.io.File] [exists] [FilePath][String] [/data/data/com.yiwqfsaie.ddqithcati12/app_dex]
D/S4URC   ( 4489): [SDK] [java.io.File] [mkdir] [FilePath][String] [/data/data/com.yiwqfsaie.ddqithcati12/app_dex]
D/S4URC   ( 4489): [SDK] [java.io.File] [getPath] [FilePath][String] [/data/data/com.yiwqfsaie.ddqithcati12/app_dex]
D/S4URC   ( 4489): [SDK] [java.io.File] [getParent] [FilePath][String] [/data/data/com.yiwqfsaie.ddqithcati12/files/200/1001/180824115830014.apk]
D/S4URC   ( 4489): [SDK] [java.io.File] [Constructor] [FilePath][String] [/data/data/com.yiwqfsaie.ddqithcati12/files/200/1001]
D/S4URC   ( 4489): [SDK] [dalvik.system.DexClassLoader] [Constructor] [DexPath][String] [/data/data/com.yiwqfsaie.ddqithcati12/files/200/1001/180824115830014.apk] [NDKPath][String] [/data/data/com.yiwqfsaie.ddqithcati12/files/200/1001]
D/S4URC   ( 4489): [SDK] [java.io.File] [Constructor] [FilePath][String] [/data/data/com.yiwqfsaie.ddqithcati12/app_dex]
D/S4URC   ( 4489): [SDK] [dalvik.system.BaseDexClassLoader] [Constructor] [DexPath][String] [/data/data/com.yiwqfsaie.ddqithcati12/files/200/1001/180824115830014.apk] [NDKPath][String] [/data/data/com.yiwqfsaie.ddqithcati12/files/200/1001]
D/S4URC   ( 4489): [SDK] [java.io.File] [exists] [FilePath][String] [/data/data/com.yiwqfsaie.ddqithcati12/app_dex]
D/S4URC   ( 4489): [SDK] [java.io.File] [canRead] [FilePath][String] [/data/data/com.yiwqfsaie.ddqithcati12/app_dex]
D/S4URC   ( 4489): [SDK] [java.io.File] [canWrite] [FilePath][String] [/data/data/com.yiwqfsaie.ddqithcati12/app_dex]
D/S4URC   ( 4489): [SDK] [java.io.File] [Constructor] [FilePath][String] [/data/data/com.yiwqfsaie.ddqithcati12/files/200/1001/180824115830014.apk]
D/S4URC   ( 4489): [SDK] [java.io.File] [getName] [FilePath][String] [/data/data/com.yiwqfsaie.ddqithcati12/files/200/1001/180824115830014.apk]
D/S4URC   ( 4489): [SDK] [java.io.File] [isDirectory] [FilePath][String] [/data/data/com.yiwqfsaie.ddqithcati12/files/200/1001/180824115830014.apk]
D/S4URC   ( 4489): [SDK] [java.io.File] [isFile] [FilePath][String] [/data/data/com.yiwqfsaie.ddqithcati12/files/200/1001/180824115830014.apk]
D/S4URC   ( 4489): [SDK] [java.io.File] [getName] [FilePath][String] [/data/data/com.yiwqfsaie.ddqithcati12/files/200/1001/180824115830014.apk]
D/S4URC   ( 4489): [SDK] [java.io.File] [getPath] [FilePath][String] [/data/data/com.yiwqfsaie.ddqithcati12/app_dex]
D/S4URC   ( 4489): [SDK] [java.io.File] [getPath] [FilePath][String] [/data/data/com.yiwqfsaie.ddqithcati12/app_dex/180824115830014.dex]
D/S4URC   ( 4489): [SDK] [java.io.File] [getPath] [FilePath][String] [/data/data/com.yiwqfsaie.ddqithcati12/files/200/1001/180824115830014.apk]
D/S4URC   ( 4489): [SDK] [java.io.File] [Constructor] [FilePath][String] [/data/data/com.yiwqfsaie.ddqithcati12/app_dex/180824115830014.dex]
D/S4URC   ( 4489): [SDK] [java.io.File] [getParent] [FilePath][String] [/data/data/com.yiwqfsaie.ddqithcati12/app_dex/180824115830014.dex]
D/S4URC   ( 4489): [SDK] [dalvik.system.DexFile] [openDexFile] [DexPath][String] [/data/data/com.yiwqfsaie.ddqithcati12/files/200/1001/180824115830014.apk]
D/S4URC   ( 4489): [SDK] [java.io.File] [Constructor] [FilePath][String] [/data/data/com.yiwqfsaie.ddqithcati12/files/200/1001/180824115830014.apk]
D/S4URC   ( 4489): [SDK] [java.io.File] [Constructor] [FilePath][String] [/data/data/com.yiwqfsaie.ddqithcati12/app_dex/180824115830014.dex]
D/S4URC   ( 4489): [SDK] [java.io.File] [listFiles] [FilePath][String] [/data/data/com.yiwqfsaie.ddqithcati12/files/.um]
D/S4URC   ( 4489): [SDK] [java.io.File] [list] [FilePath][String] [/data/data/com.yiwqfsaie.ddqithcati12/files/.um]
D/S4URC   ( 4489): [SDK] [java.io.File] [listFiles] [FilePath][String] [/data/data/com.yiwqfsaie.ddqithcati12/files/.um]
D/S4URC   ( 4489): [SDK] [java.io.File] [list] [FilePath][String] [/data/data/com.yiwqfsaie.ddqithcati12/files/.um]
D/S4URC   ( 4489): [SDK] [android.app.ApplicationPackageManager] [getPackageInfo] [FindPackageName][String] [com.yiwqfsaie.ddqithcati12]
D/S4URC   ( 4489): [SDK] [java.io.File] [exists] [FilePath][String] [/data/data/com.yiwqfsaie.ddqithcati12/files]
D/S4URC   ( 4489): [SDK] [java.io.File] [getPath] [FilePath][String] [/data/data/com.yiwqfsaie.ddqithcati12/files]
D/S4URC   ( 4489): [SDK] [java.io.File] [exists] [FilePath][String] [/data/data/com.yiwqfsaie.ddqithcati12/files/mobclick_agent_cached_com.yiwqfsaie.ddqithcati126]
D/S4URC   ( 4489): [SDK] [android.content.ContextWrapper][getSharedPreferences] [File][umeng_general_config.xml] [MODE][MODE_PRIVATE]
D/S4URC   ( 4489): [SDK] [android.content.ContextWrapper][getSharedPreferences] [File][umeng_general_config.xml] [MODE][MODE_PRIVATE] [Method][getInt] [Int][successful_request] [Return][0]
D/S4URC   ( 4489): [SDK] [java.io.File] [exists] [FilePath][String] [/data/data/com.yiwqfsaie.ddqithcati12/files]
D/S4URC   ( 4489): [SDK] [java.io.File] [Constructor] [FilePath][String] [/data/data/com.yiwqfsaie.ddqithcati12/files/ylsb.db]
D/S4URC   ( 4489): [SDK] [java.io.File] [getPath] [FilePath][String] [/data/data/com.yiwqfsaie.ddqithcati12/files/ylsb.db]
D/S4URC   ( 4489): [SDK] [java.io.File] [getPath] [FilePath][String] [/storage/sdcard0]
D/S4URC   ( 4489): [SDK] [android.os.Environment] [getExternalStorageDirectory] [DirectoryPath][String] [/storage/sdcard0]
D/S4URC   ( 4489): [SDK] [java.io.File] [getPath] [FilePath][String] [/storage/sdcard0]
D/S4URC   ( 4489): [SDK] [java.io.File] [Constructor] [FilePath][String] [/storage/sdcard0//opaLog.txt]
D/S4URC   ( 4489): [SDK] [java.io.File] [exists] [FilePath][String] [/storage/sdcard0/opaLog.txt]
D/S4URC   ( 4489): [SDK] [android.content.ContextWrapper][getSharedPreferences] [File][umeng_general_config.xml] [MODE][MODE_PRIVATE] [Method][getInt] [Int][failed_requests ] [Return][0]
D/S4URC   ( 4489): [SDK] [android.content.ContextWrapper][getSharedPreferences] [File][umeng_general_config.xml] [MODE][MODE_PRIVATE] [Method][getInt] [Int][last_request_spent_ms] [Return][0]
D/S4URC   ( 4489): [SDK] [android.content.ContextWrapper][getSharedPreferences] [File][umeng_general_config.xml] [MODE][MODE_PRIVATE] [Method][getIong] [Iong][last_request_time] [Return][0]
D/S4URC   ( 4489): [SDK] [android.content.ContextWrapper][getSharedPreferences] [File][umeng_general_config.xml] [MODE][MODE_PRIVATE] [Method][getIong] [Iong][last_req] [Return][0]
D/S4URC   ( 4489): [SDK] [java.io.File] [listFiles] [FilePath][String] [/data/data/com.yiwqfsaie.ddqithcati12/files/.um]
D/S4URC   ( 4489): [SDK] [java.io.File] [list] [FilePath][String] [/data/data/com.yiwqfsaie.ddqithcati12/files/.um]
D/S4URC   ( 4489): [SDK] [android.app.ApplicationPackageManager] [getApplicationInfo] [FindApplicationName][String] [com.yiwqfsaie.ddqithcati12]
D/S4URC   ( 4489): [SDK] [java.io.File] [getPath] [FilePath][String] [/storage/sdcard0]
D/S4URC   ( 4489): [SDK] [android.os.Environment] [getExternalStorageDirectory] [DirectoryPath][String] [/storage/sdcard0]
D/S4URC   ( 4489): [SDK] [java.io.File] [getPath] [FilePath][String] [/storage/sdcard0]
D/S4URC   ( 4489): [SDK] [java.io.File] [Constructor] [FilePath][String] [/storage/sdcard0//opaLog.txt]
D/S4URC   ( 4489): [SDK] [java.io.File] [exists] [FilePath][String] [/storage/sdcard0/opaLog.txt]
D/S4URC   ( 4489): [SDK] [android.app.ApplicationPackageManager] [getPackageInfo] [FindPackageName][String] [com.yiwqfsaie.ddqithcati12]
D/S4URC   ( 4489): [SDK] [java.io.File] [Constructor] [FilePath][String] [/proc/cpuinfo]
D/S4URC   ( 4489): [SDK] [java.io.File] [getPath] [FilePath][String] [/proc/cpuinfo]
D/S4URC   ( 4489): [SDK] [android.app.ApplicationPackageManager] [getPackageInfo] [FindPackageName][String] [com.yiwqfsaie.ddqithcati12]
D/S4URC   ( 4782): [SDK] [java.lang.Class] [forName] [FindClass][String] [java.net.HttpURLConnection]
D/S4URC   ( 4489): [SDK] [android.content.ContextWrapper][getSharedPreferences] [File][umeng_general_config.xml] [MODE][MODE_PRIVATE]
D/S4URC   ( 4782): [SDK] [java.lang.Class] [forName] [FindClass][String] [com.android.okhttp.internal.http.HttpURLConnectionImpl]
D/S4URC   ( 4782): [SDK] [java.lang.Class] [forName] [FindClass][String] [java.net.Socket]
D/S4URC   ( 4782): [SDK] [java.lang.Class] [forName] [FindClass][String] [android.telephony.TelephonyManager]
D/S4URC   ( 4489): [SDK] [android.content.ContextWrapper][getSharedPreferences] [File][umeng_general_config.xml] [MODE][MODE_PRIVATE] [Method][getInt] [Int][failed_requests ] [Return][0]
D/S4URC   ( 4489): [SDK] [android.content.ContextWrapper][getSharedPreferences] [File][umeng_general_config.xml] [MODE][MODE_PRIVATE] [Method][getInt] [Int][last_request_spent_ms] [Return][0]
D/S4URC   ( 4489): [SDK] [android.content.ContextWrapper][getSharedPreferences] [File][umeng_general_config.xml] [MODE][MODE_PRIVATE] [Method][getInt] [Int][successful_request] [Return][0]
D/S4URC   ( 4782): [SDK] [java.lang.Class] [forName] [FindClass][String] [android.telephony.TelephonyManager]
D/S4URC   ( 4489): [SDK] [java.io.File] [exists] [FilePath][String] [/data/data/com.yiwqfsaie.ddqithcati12/files]
D/S4URC   ( 4489): [SDK] [java.io.File] [getPath] [FilePath][String] [/data/data/com.yiwqfsaie.ddqithcati12/files]
D/S4URC   ( 4782): [SDK] [java.lang.Class] [forName] [FindClass][String] [android.os.Debug]
D/S4URC   ( 4489): [SDK] [android.content.ContextWrapper][getSharedPreferences] [File][umeng_general_config.xml] [MODE][MODE_PRIVATE]
D/S4URC   ( 4782): [SDK] [java.lang.Class] [forName] [FindClass][String] [android.hardware.SensorManager]
D/S4URC   ( 4489): [SDK] [android.content.ContextWrapper][getSharedPreferences] [File][umeng_general_config.xml] [MODE][MODE_PRIVATE] [Method][getString] [String][invld_id] [Return][null]
D/S4URC   ( 4489): [SDK] [java.io.File] [getPath] [FilePath][String] [/data/data/com.yiwqfsaie.ddqithcati12/shared_prefs]
D/S4URC   ( 4489): [SDK] [java.io.File] [exists] [FilePath][String] [/data/data/com.yiwqfsaie.ddqithcati12/files/umeng_it.cache]
D/S4URC   ( 4489): [SDK] [java.io.File] [getPath] [FilePath][String] [/data/data/com.yiwqfsaie.ddqithcati12/shared_prefs/xapcinfo.xml]
D/S4URC   ( 4489): [SDK] [java.io.File] [Constructor] [FilePath][String] [/data/data/com.yiwqfsaie.ddqithcati12/shared_prefs/xapcinfo.xml.bak]
D/S4URC   ( 4489): [SDK] [java.io.File] [exists] [FilePath][String] [/data/data/com.yiwqfsaie.ddqithcati12/shared_prefs/xapcinfo.xml]
D/S4URC   ( 4489): [SDK] [java.io.File] [getPath] [FilePath][String] [/data/data/com.yiwqfsaie.ddqithcati12/shared_prefs]
D/S4URC   ( 4489): [SDK] [android.content.ContextWrapper][getSharedPreferences] [File][xapcinfo.xml] [MODE][MODE_PRIVATE]
D/S4URC   ( 4489): [SDK] [java.io.File] [getPath] [FilePath][String] [/data/data/com.yiwqfsaie.ddqithcati12/shared_prefs/mobclick_agent_user_com.yiwqfsaie.ddqithcati12.xml]
D/S4URC   ( 4489): [SDK] [java.io.File] [Constructor] [FilePath][String] [/data/data/com.yiwqfsaie.ddqithcati12/shared_prefs/mobclick_agent_user_com.yiwqfsaie.ddqithcati12.xml.bak]
D/S4URC   ( 4489): [SDK] [java.io.File] [exists] [FilePath][String] [/data/data/com.yiwqfsaie.ddqithcati12/shared_prefs/mobclick_agent_user_com.yiwqfsaie.ddqithcati12.xml]
D/S4URC   ( 4489): [SDK] [java.io.File] [exists] [FilePath][String] [/data/data/com.yiwqfsaie.ddqithcati12/shared_prefs/xapcinfo.xml.bak]
D/S4URC   ( 4489): [SDK] [java.io.File] [exists] [FilePath][String] [/data/data/com.yiwqfsaie.ddqithcati12/shared_prefs/mobclick_agent_user_com.yiwqfsaie.ddqithcati12.xml]
D/S4URC   ( 4489): [SDK] [java.io.File] [exists] [FilePath][String] [/data/data/com.yiwqfsaie.ddqithcati12/shared_prefs/xapcinfo.xml]
D/S4URC   ( 4489): [SDK] [java.io.File] [getPath] [FilePath][String] [/data/data/com.yiwqfsaie.ddqithcati12/shared_prefs/xapcinfo.xml]
D/S4URC   ( 4489): [SDK] [java.io.File] [exists] [FilePath][String] [/data/data/com.yiwqfsaie.ddqithcati12/shared_prefs/mobclick_agent_user_com.yiwqfsaie.ddqithcati12.xml.bak]
D/S4URC   ( 4489): [SDK] [java.io.File] [exists] [FilePath][String] [/data/data/com.yiwqfsaie.ddqithcati12/shared_prefs/mobclick_agent_user_com.yiwqfsaie.ddqithcati12.xml]
D/S4URC   ( 4782): [SDK] [java.lang.Class] [forName] [FindClass][String] [android.content.res.ResourcesKey]
D/S4URC   ( 4489): [SDK] [java.io.File] [getPath] [FilePath][String] [/data/data/com.yiwqfsaie.ddqithcati12/shared_prefs/mobclick_agent_user_com.yiwqfsaie.ddqithcati12.xml]
D/S4URC   ( 4782): [SDK] [java.lang.Class] [forName] [FindClass][String] [android.app.ResourcesManager]
D/S4URC   ( 4489): [SDK] [android.content.ContextWrapper][getSharedPreferences] [File][mobclick_agent_user_com.yiwqfsaie.ddqithcati12.xml] [MODE][MODE_PRIVATE]
D/S4URC   ( 4489): [SDK] [android.content.ContextWrapper][getSharedPreferences] [File][mobclick_agent_user_com.yiwqfsaie.ddqithcati12.xml] [MODE][MODE_PRIVATE] [Method][getString] [String][phone_id] [Return][0]
D/S4URC   ( 4489): [SDK] [android.content.ContextWrapper][getSharedPreferences] [File][mobclick_agent_user_com.yiwqfsaie.ddqithcati12.xml] [MODE][MODE_PRIVATE] [Method][getString] [String][au_p] [Return][null]
D/S4URC   ( 4489): [SDK] [android.content.ContextWrapper][getSharedPreferences] [File][mobclick_agent_user_com.yiwqfsaie.ddqithcati12.xml] [MODE][MODE_PRIVATE] [Method][getString] [String][au_u] [Return][null]
D/S4URC   ( 4489): [SDK] [java.io.File] [Constructor] [FilePath][String] [/system/cufsconfig.dat]
D/S4URC   ( 4782): [SDK] [java.io.File] [Constructor] [FilePath][String] [/data/app/com.yiwqfsaie.ddqithcati12-1/base.apk]
D/S4URC   ( 4489): [SDK] [java.io.File] [exists] [FilePath][String] [/system/cufsconfig.dat]
D/S4URC   ( 4782): [SDK] [java.io.File] [getPath] [FilePath][String] [/data/data/com.yiwqfsaie.ddqithcati12]
D/S4URC   ( 4782): [SDK] [java.io.File] [exists] [FilePath][String] [/data/data/com.yiwqfsaie.ddqithcati12/cache]
D/S4URC   ( 4489): [SDK] [android.app.ApplicationPackageManager] [getPackageInfo] [FindPackageName][String] [com.yiwqfsaie.ddqithcati12]
D/S4URC   ( 4512): [SDK] [java.lang.Runtime] [exec] [Command][String] [/system/bin/chmod777/data/data/com.yiwqfsaie.ddqithcati12/files/hytf/xbda.png]
D/S4URC   ( 4782): [SDK] [java.io.File] [getPath] [FilePath][String] [/data/data/com.yiwqfsaie.ddqithcati12/cache]
D/S4URC   ( 4756): [SDK] [java.io.File] [Constructor] [FilePath][String] [/vendor/lib]
D/S4URC   ( 4756): [SDK] [java.io.File] [Constructor] [FilePath][String] [/system/lib]
D/S4URC   ( 4782): [SDK] [java.io.File] [getPath] [FilePath][String] [/data/data/com.yiwqfsaie.ddqithcati12]
D/S4URC   ( 4756): [SDK] [java.lang.Class] [forName] [FindClass][String] [com.over.data.Entry]
D/S4URC   ( 4782): [SDK] [java.io.File] [exists] [FilePath][String] [/data/data/com.yiwqfsaie.ddqithcati12/app_jni]
D/S4URC   ( 4782): [SDK] [java.io.File] [Constructor] [FilePath][String] [/data/data/com.yiwqfsaie.ddqithcati12/app_jni]
D/S4URC   ( 4782): [SDK] [java.io.File] [Constructor] [FilePath][String] [/data/data/com.yiwqfsaie.ddqithcati12/app_jni/libskin]
D/S4URC   ( 4782): [SDK] [java.io.File] [exists] [FilePath][String] [/data/data/com.yiwqfsaie.ddqithcati12/app_jni/libskin]
D/S4URC   ( 4782): [SDK] [dalvik.system.DexClassLoader] [Constructor] [DexPath][String] [/data/data/com.yiwqfsaie.ddqithcati12/i2/ci.zip] [NDKPath][String] [null]
D/S4URC   ( 4782): [SDK] [java.io.File] [Constructor] [FilePath][String] [/data/data/com.yiwqfsaie.ddqithcati12/i2]
D/S4URC   ( 4782): [SDK] [dalvik.system.BaseDexClassLoader] [Constructor] [DexPath][String] [/data/data/com.yiwqfsaie.ddqithcati12/i2/ci.zip] [NDKPath][String] [null]
D/S4URC   ( 4782): [SDK] [java.io.File] [exists] [FilePath][String] [/data/data/com.yiwqfsaie.ddqithcati12/i2]
D/S4URC   ( 4782): [SDK] [java.io.File] [canRead] [FilePath][String] [/data/data/com.yiwqfsaie.ddqithcati12/i2]
D/S4URC   ( 4782): [SDK] [java.io.File] [canWrite] [FilePath][String] [/data/data/com.yiwqfsaie.ddqithcati12/i2]
D/S4URC   ( 4782): [SDK] [java.io.File] [Constructor] [FilePath][String] [/data/data/com.yiwqfsaie.ddqithcati12/i2/ci.zip]
D/S4URC   ( 4782): [SDK] [java.io.File] [getName] [FilePath][String] [/data/data/com.yiwqfsaie.ddqithcati12/i2/ci.zip]
D/S4URC   ( 4782): [SDK] [java.io.File] [isDirectory] [FilePath][String] [/data/data/com.yiwqfsaie.ddqithcati12/i2/ci.zip]
D/S4URC   ( 4782): [SDK] [java.io.File] [isFile] [FilePath][String] [/data/data/com.yiwqfsaie.ddqithcati12/i2/ci.zip]
D/S4URC   ( 4782): [SDK] [java.io.File] [getName] [FilePath][String] [/data/data/com.yiwqfsaie.ddqithcati12/i2/ci.zip]
D/S4URC   ( 4782): [SDK] [java.io.File] [getPath] [FilePath][String] [/data/data/com.yiwqfsaie.ddqithcati12/i2]
D/S4URC   ( 4782): [SDK] [java.io.File] [getPath] [FilePath][String] [/data/data/com.yiwqfsaie.ddqithcati12/i2/ci.dex]
D/S4URC   ( 4782): [SDK] [java.io.File] [getPath] [FilePath][String] [/data/data/com.yiwqfsaie.ddqithcati12/i2/ci.zip]
D/S4URC   ( 4782): [SDK] [java.io.File] [Constructor] [FilePath][String] [/data/data/com.yiwqfsaie.ddqithcati12/i2/ci.dex]
D/S4URC   ( 4782): [SDK] [java.io.File] [getParent] [FilePath][String] [/data/data/com.yiwqfsaie.ddqithcati12/i2/ci.dex]
D/S4URC   ( 4782): [SDK] [dalvik.system.DexFile] [openDexFile] [DexPath][String] [/data/data/com.yiwqfsaie.ddqithcati12/i2/ci.zip]
D/S4URC   ( 4782): [SDK] [java.io.File] [Constructor] [FilePath][String] [/data/data/com.yiwqfsaie.ddqithcati12/i2/ci.zip]
D/S4URC   ( 4782): [SDK] [java.io.File] [Constructor] [FilePath][String] [/data/data/com.yiwqfsaie.ddqithcati12/i2/ci.dex]
D/S4URC   ( 4756): [SDK] [java.io.File] [getPath] [FilePath][String] [/data/data/com.yiwqfsaie.ddqithcati12]
D/S4URC   ( 4756): [SDK] [java.io.File] [exists] [FilePath][String] [/data/data/com.yiwqfsaie.ddqithcati12/app_jc]
D/S4URC   ( 4756): [SDK] [java.io.File] [getPath] [FilePath][String] [/data/data/com.yiwqfsaie.ddqithcati12/app_jc]
D/S4URC   ( 4756): [SDK] [java.io.File] [exists] [FilePath][String] [/data/data/com.yiwqfsaie.ddqithcati12/app_jc/fx.jar]
D/S4URC   ( 4756): [SDK] [java.io.File] [getPath] [FilePath][String] [/data/data/com.yiwqfsaie.ddqithcati12]
D/S4URC   ( 4756): [SDK] [java.io.File] [exists] [FilePath][String] [/data/data/com.yiwqfsaie.ddqithcati12/app_dc]
D/S4URC   ( 4756): [SDK] [java.io.File] [getPath] [FilePath][String] [/data/data/com.yiwqfsaie.ddqithcati12/app_dc]
D/S4URC   ( 4756): [SDK] [dalvik.system.DexClassLoader] [Constructor] [DexPath][String] [/data/data/com.yiwqfsaie.ddqithcati12/app_jc/fx.jar] [NDKPath][String] [null]
D/S4URC   ( 4756): [SDK] [java.io.File] [Constructor] [FilePath][String] [/data/data/com.yiwqfsaie.ddqithcati12/app_dc]
D/S4URC   ( 4756): [SDK] [dalvik.system.BaseDexClassLoader] [Constructor] [DexPath][String] [/data/data/com.yiwqfsaie.ddqithcati12/app_jc/fx.jar] [NDKPath][String] [null]
D/S4URC   ( 4756): [SDK] [java.io.File] [exists] [FilePath][String] [/data/data/com.yiwqfsaie.ddqithcati12/app_dc]
D/S4URC   ( 4756): [SDK] [java.io.File] [canRead] [FilePath][String] [/data/data/com.yiwqfsaie.ddqithcati12/app_dc]
D/S4URC   ( 4756): [SDK] [java.io.File] [canWrite] [FilePath][String] [/data/data/com.yiwqfsaie.ddqithcati12/app_dc]
D/S4URC   ( 4782): [SDK] [java.io.File] [Constructor] [FilePath][String] [/vendor/lib]
D/S4URC   ( 4756): [SDK] [java.io.File] [Constructor] [FilePath][String] [/data/data/com.yiwqfsaie.ddqithcati12/app_jc/fx.jar]
D/S4URC   ( 4782): [SDK] [java.io.File] [Constructor] [FilePath][String] [/system/lib]
D/S4URC   ( 4756): [SDK] [java.io.File] [getName] [FilePath][String] [/data/data/com.yiwqfsaie.ddqithcati12/app_jc/fx.jar]
D/S4URC   ( 4756): [SDK] [java.io.File] [isDirectory] [FilePath][String] [/data/data/com.yiwqfsaie.ddqithcati12/app_jc/fx.jar]
D/S4URC   ( 4756): [SDK] [java.io.File] [isFile] [FilePath][String] [/data/data/com.yiwqfsaie.ddqithcati12/app_jc/fx.jar]
D/S4URC   ( 4756): [SDK] [java.io.File] [getName] [FilePath][String] [/data/data/com.yiwqfsaie.ddqithcati12/app_jc/fx.jar]
D/S4URC   ( 4756): [SDK] [java.io.File] [getPath] [FilePath][String] [/data/data/com.yiwqfsaie.ddqithcati12/app_dc]
D/S4URC   ( 4756): [SDK] [java.io.File] [getPath] [FilePath][String] [/data/data/com.yiwqfsaie.ddqithcati12/app_dc/fx.dex]
D/S4URC   ( 4756): [SDK] [java.io.File] [getPath] [FilePath][String] [/data/data/com.yiwqfsaie.ddqithcati12]
D/S4URC   ( 4756): [SDK] [java.io.File] [getPath] [FilePath][String] [/data/data/com.yiwqfsaie.ddqithcati12/app_jc/fx.jar]
D/S4URC   ( 4756): [SDK] [java.io.File] [Constructor] [FilePath][String] [/data/data/com.yiwqfsaie.ddqithcati12/app_dc/fx.dex]
D/S4URC   ( 4756): [SDK] [java.io.File] [getPath] [FilePath][String] [/data/data/com.yiwqfsaie.ddqithcati12/shared_prefs]
D/S4URC   ( 4756): [SDK] [java.io.File] [getParent] [FilePath][String] [/data/data/com.yiwqfsaie.ddqithcati12/app_dc/fx.dex]
D/S4URC   ( 4756): [SDK] [java.io.File] [getPath] [FilePath][String] [/data/data/com.yiwqfsaie.ddqithcati12/shared_prefs/fxssp.xml]
D/S4URC   ( 4756): [SDK] [dalvik.system.DexFile] [openDexFile] [DexPath][String] [/data/data/com.yiwqfsaie.ddqithcati12/app_jc/fx.jar]
D/S4URC   ( 4756): [SDK] [java.io.File] [Constructor] [FilePath][String] [/data/data/com.yiwqfsaie.ddqithcati12/app_jc/fx.jar]
D/S4URC   ( 4756): [SDK] [java.io.File] [Constructor] [FilePath][String] [/data/data/com.yiwqfsaie.ddqithcati12/shared_prefs/fxssp.xml.bak]
D/S4URC   ( 4756): [SDK] [java.io.File] [Constructor] [FilePath][String] [/data/data/com.yiwqfsaie.ddqithcati12/app_dc/fx.dex]
D/S4URC   ( 4756): [SDK] [java.io.File] [exists] [FilePath][String] [/data/data/com.yiwqfsaie.ddqithcati12/shared_prefs/fxssp.xml]
D/S4URC   ( 4756): [SDK] [java.io.File] [canRead] [FilePath][String] [/data/data/com.yiwqfsaie.ddqithcati12/shared_prefs/fxssp.xml]
D/S4URC   ( 4756): [SDK] [java.io.File] [getPath] [FilePath][String] [/data/data/com.yiwqfsaie.ddqithcati12/shared_prefs/fxssp.xml]
D/S4URC   ( 4782): [SDK] [java.lang.Class] [forName] [FindClass][String] [com.over.data.Entry]
D/S4URC   ( 4512): [SDK] [java.io.File] [Constructor] [FilePath][String] [/data/data/com.yiwqfsaie.ddqithcati12/files/hytf/xbda.png]
D/S4URC   ( 4512): [SDK] [java.io.File] [exists] [FilePath][String] [/data/data/com.yiwqfsaie.ddqithcati12/files/hytf/xbda.png]
D/S4URC   ( 4512): [SDK] [java.io.File] [getPath] [FilePath][String] [/data/data/com.yiwqfsaie.ddqithcati12/files/hytf/xbda.png]
D/S4URC   ( 4512): [SDK] [java.io.File] [Constructor] [FilePath][String] [/data/data/com.yiwqfsaie.ddqithcati12/files/hytf/x.zip]
D/S4URC   ( 4512): [SDK] [java.io.File] [getPath] [FilePath][String] [/data/data/com.yiwqfsaie.ddqithcati12/files/hytf/x.zip]
D/S4URC   ( 4512): [SDK] [java.lang.Class] [forName] [FindClass][String] [com.android.org.bouncycastle.jcajce.provider.symmetric.DES$KeyFactory]
D/S4URC   ( 4489): [SDK] [java.io.File] [Constructor] [FilePath][String] [/storage/sdcard0]
D/S4URC   ( 4489): [SDK] [java.lang.Class] [forName] [FindClass][String] [android.content.pm.PackageInfo]
D/S4URC   ( 4489): [SDK] [java.io.File] [Constructor] [FilePath][String] [/storage/sdcard0]
D/S4URC   ( 4489): [SDK] [java.io.File] [Constructor] [FilePath][String] [/storage/sdcard1]
D/S4URC   ( 4489): [SDK] [java.io.File] [Constructor] [FilePath][String] [/storage/usb2host]
D/S4URC   ( 4489): [SDK] [java.io.File] [Constructor] [FilePath][String] [/storage/usb3device]
D/S4URC   ( 4489): [SDK] [java.io.File] [Constructor] [FilePath][String] [/storage/usb3host]
D/S4URC   ( 4489): [SDK] [android.os.Environment] [getExternalStorageState] [ExternalStorageState][String] [mounted]
D/S4URC   ( 4489): [SDK] [java.io.File] [getPath] [FilePath][String] [/storage/sdcard0]
D/S4URC   ( 4489): [SDK] [android.os.Environment] [getExternalStorageDirectory] [DirectoryPath][String] [/storage/sdcard0]
D/S4URC   ( 4489): [SDK] [java.io.File] [getPath] [FilePath][String] [/storage/sdcard0]
D/S4URC   ( 4489): [SDK] [java.io.File] [exists] [FilePath][String] [/storage/sdcard0/.UTSystemConfig/Global/Alvin2.xml]
D/S4URC   ( 4782): [SDK] [java.io.File] [getPath] [FilePath][String] [/data/data/com.yiwqfsaie.ddqithcati12]
D/S4URC   ( 4782): [SDK] [java.io.File] [exists] [FilePath][String] [/data/data/com.yiwqfsaie.ddqithcati12/app_jc]
D/S4URC   ( 4782): [SDK] [java.io.File] [getPath] [FilePath][String] [/data/data/com.yiwqfsaie.ddqithcati12/app_jc]
D/S4URC   ( 4782): [SDK] [java.io.File] [exists] [FilePath][String] [/data/data/com.yiwqfsaie.ddqithcati12/app_jc/fx.jar]
D/S4URC   ( 4489): [SDK] [java.io.File] [getPath] [FilePath][String] [/storage/sdcard0/.UTSystemConfig/Global/Alvin2.xml]
D/S4URC   ( 4782): [SDK] [java.io.File] [exists] [FilePath][String] [/data/data/com.yiwqfsaie.ddqithcati12/app_jc/fx.jar]
D/S4URC   ( 4782): [SDK] [java.io.File] [getPath] [FilePath][String] [/data/data/com.yiwqfsaie.ddqithcati12]
D/S4URC   ( 4782): [SDK] [java.io.File] [exists] [FilePath][String] [/data/data/com.yiwqfsaie.ddqithcati12/app_dc]
D/S4URC   ( 4782): [SDK] [java.io.File] [getPath] [FilePath][String] [/data/data/com.yiwqfsaie.ddqithcati12]
D/S4URC   ( 4782): [SDK] [java.io.File] [getPath] [FilePath][String] [/data/data/com.yiwqfsaie.ddqithcati12/app_dc]
D/S4URC   ( 4782): [SDK] [java.io.File] [getPath] [FilePath][String] [/data/data/com.yiwqfsaie.ddqithcati12/shared_prefs]
D/S4URC   ( 4782): [SDK] [dalvik.system.DexClassLoader] [Constructor] [DexPath][String] [/data/data/com.yiwqfsaie.ddqithcati12/app_jc/fx.jar] [NDKPath][String] [null]
D/S4URC   ( 4782): [SDK] [java.io.File] [Constructor] [FilePath][String] [/data/data/com.yiwqfsaie.ddqithcati12/app_dc]
D/S4URC   ( 4782): [SDK] [java.io.File] [getPath] [FilePath][String] [/data/data/com.yiwqfsaie.ddqithcati12/shared_prefs/fxssp.xml]
D/S4URC   ( 4782): [SDK] [dalvik.system.BaseDexClassLoader] [Constructor] [DexPath][String] [/data/data/com.yiwqfsaie.ddqithcati12/app_jc/fx.jar] [NDKPath][String] [null]
D/S4URC   ( 4782): [SDK] [java.io.File] [Constructor] [FilePath][String] [/data/data/com.yiwqfsaie.ddqithcati12/shared_prefs/fxssp.xml.bak]
D/S4URC   ( 4782): [SDK] [java.io.File] [exists] [FilePath][String] [/data/data/com.yiwqfsaie.ddqithcati12/app_dc]
D/S4URC   ( 4782): [SDK] [java.io.File] [canRead] [FilePath][String] [/data/data/com.yiwqfsaie.ddqithcati12/app_dc]
D/S4URC   ( 4782): [SDK] [java.io.File] [canWrite] [FilePath][String] [/data/data/com.yiwqfsaie.ddqithcati12/app_dc]
D/S4URC   ( 4782): [SDK] [java.io.File] [exists] [FilePath][String] [/data/data/com.yiwqfsaie.ddqithcati12/shared_prefs/fxssp.xml]
D/S4URC   ( 4782): [SDK] [java.io.File] [Constructor] [FilePath][String] [/data/data/com.yiwqfsaie.ddqithcati12/app_jc/fx.jar]
D/S4URC   ( 4782): [SDK] [java.io.File] [getName] [FilePath][String] [/data/data/com.yiwqfsaie.ddqithcati12/app_jc/fx.jar]
D/S4URC   ( 4782): [SDK] [java.io.File] [canRead] [FilePath][String] [/data/data/com.yiwqfsaie.ddqithcati12/shared_prefs/fxssp.xml]
D/S4URC   ( 4782): [SDK] [java.io.File] [isDirectory] [FilePath][String] [/data/data/com.yiwqfsaie.ddqithcati12/app_jc/fx.jar]
D/S4URC   ( 4782): [SDK] [java.io.File] [getPath] [FilePath][String] [/data/data/com.yiwqfsaie.ddqithcati12/shared_prefs/fxssp.xml]
D/S4URC   ( 4782): [SDK] [java.io.File] [isFile] [FilePath][String] [/data/data/com.yiwqfsaie.ddqithcati12/app_jc/fx.jar]
D/S4URC   ( 4782): [SDK] [java.io.File] [getName] [FilePath][String] [/data/data/com.yiwqfsaie.ddqithcati12/app_jc/fx.jar]
D/S4URC   ( 4782): [SDK] [java.io.File] [getPath] [FilePath][String] [/data/data/com.yiwqfsaie.ddqithcati12/app_dc]
D/S4URC   ( 4782): [SDK] [java.io.File] [getPath] [FilePath][String] [/data/data/com.yiwqfsaie.ddqithcati12/app_dc/fx.dex]
D/S4URC   ( 4782): [SDK] [java.io.File] [getPath] [FilePath][String] [/data/data/com.yiwqfsaie.ddqithcati12/app_jc/fx.jar]
D/S4URC   ( 4782): [SDK] [java.io.File] [Constructor] [FilePath][String] [/data/data/com.yiwqfsaie.ddqithcati12/app_dc/fx.dex]
D/S4URC   ( 4782): [SDK] [java.io.File] [getParent] [FilePath][String] [/data/data/com.yiwqfsaie.ddqithcati12/app_dc/fx.dex]
D/S4URC   ( 4782): [SDK] [dalvik.system.DexFile] [openDexFile] [DexPath][String] [/data/data/com.yiwqfsaie.ddqithcati12/app_jc/fx.jar]
D/S4URC   ( 4782): [SDK] [java.io.File] [Constructor] [FilePath][String] [/data/data/com.yiwqfsaie.ddqithcati12/app_jc/fx.jar]
D/S4URC   ( 4489): [SDK] [android.app.ApplicationPackageManager] [getInstalledPackages]
D/S4URC   ( 4782): [SDK] [java.io.File] [Constructor] [FilePath][String] [/data/data/com.yiwqfsaie.ddqithcati12/app_dc/fx.dex]
D/S4URC   ( 4489): [SDK] [android.app.ApplicationPackageManager] [getPackageInfo] [FindPackageName][String] [com.android.vending]
D/S4URC   ( 4489): [SDK] [android.content.Intent] [Constructor] [IntentInfo][String] [com.google.android.gms.ads.identifier.service.START]
D/S4URC   ( 4756): [SDK] [android.content.ContextWrapper][getSharedPreferences] [File][fxssp.xml] [MODE][MODE_PRIVATE]
D/S4URC   ( 4489): [SDK] [java.lang.Runtime] [exec] [Command][String] [conbbod2gf04pd9]
D/S4URC   ( 4756): [SDK] [java.io.File] [Constructor] [FilePath][String] [/vendor/lib]
D/S4URC   ( 4756): [SDK] [java.io.File] [Constructor] [FilePath][String] [/system/lib]
D/S4URC   ( 4782): [SDK] [java.io.File] [Constructor] [FilePath][String] [/vendor/lib]
D/S4URC   ( 4782): [SDK] [java.io.File] [Constructor] [FilePath][String] [/system/lib]
D/S4URC   ( 4782): [SDK] [android.content.Intent] [Constructor] [IntentInfo][String] [com.ulk.get_ad]
D/S4URC   ( 4756): [SDK] [android.content.Intent] [Constructor] [IntentInfo][String] [com.ulk.get_ad]
D/S4URC   ( 4756): [SDK] [java.io.File] [exists] [FilePath][String] [/data/data/com.yiwqfsaie.ddqithcati12/shared_prefs/fxssp.xml.bak]
D/S4URC   ( 4782): [SDK] [android.content.ContextWrapper][getSharedPreferences] [File][fxssp.xml] [MODE][MODE_PRIVATE]
