D/S4URC   ( 2675): [NDK] [SYSCALL] [access] [PATH][string] [/data/data/uviyju.xlugh.oemwdco.kljln/databases/dataeye_database_053CE9326103161DC37854ECE8E0DBE2.db-journal]
D/S4URC   ( 2675): [SDK] [android.content.Intent] [Constructor] [IntentInfo][String] [com.door.pay.sdk.app.action]
D/S4URC   ( 2675): [NDK] [SYSCALL] [access] [PATH][string] [/data/data/uviyju.xlugh.oemwdco.kljln/databases/dataeye_database_053CE9326103161DC37854ECE8E0DBE2.db-journal]
D/S4URC   ( 2675): [SDK] [java.lang.Class] [forName] [FindClass][String] [com.android.internal.telephony.PhoneFactory]
D/S4URC   ( 2675): [SDK] [java.lang.Class] [forName] [FindClass][String] [com.android.internal.telephony.Phone]
D/S4URC   ( 2675): [NDK] [SYSCALL] [lstat] [PATH][string] [/storage]
D/S4URC   ( 2675): [SDK] [android.telephony.TelephonyManager] [getSubscriberId]
D/S4URC   ( 2675): [SDK] [java.lang.Class] [forName] [FindClass][String] [android.os.SystemProperties]
D/S4URC   ( 2675): [SDK] [android.telephony.TelephonyManager] [getLine1Number]
D/S4URC   ( 2675): [SDK] [java.io.File] [getPath] [FilePath][String] [/storage/sdcard0]
D/S4URC   ( 2675): [SDK] [android.os.Environment] [getExternalStorageDirectory] [DirectoryPath][String] [/storage/sdcard0]
D/S4URC   ( 2675): [SDK] [java.io.File] [exists] [FilePath][String] [/data/data/uviyju.xlugh.oemwdco.kljln/shared_prefs/ACCOUNT_SYSTEM_ACCOUNT_INFO.xml.bak]
D/S4URC   ( 2675): [NDK] [SYSCALL] [access] [PATH][string] [/data/data/uviyju.xlugh.oemwdco.kljln/shared_prefs/ACCOUNT_SYSTEM_ACCOUNT_INFO.xml.bak]
D/S4URC   ( 2675): [SDK] [java.io.File] [exists] [FilePath][String] [/data/data/uviyju.xlugh.oemwdco.kljln/shared_prefs/ACCOUNT_SYSTEM_ACCOUNT_INFO.xml]
D/S4URC   ( 2890): [SDK] [java.lang.Class] [forName] [FindClass][String] [android.os.Message]
D/S4URC   ( 2890): [SDK] [java.io.File] [Constructor] [FilePath][String] [/storage/sdcard0]
D/S4URC   ( 2890): [SDK] [java.io.File] [exists] [FilePath][String] [/data/data/uviyju.xlugh.oemwdco.kljln/shared_prefs/wyzf_config20104806.xml.bak]
D/S4URC   ( 2890): [SDK] [java.io.File] [exists] [FilePath][String] [/data/data/uviyju.xlugh.oemwdco.kljln/shared_prefs/wyzf_config20104806.xml]
D/S4URC   ( 2890): [SDK] [java.io.File] [canRead] [FilePath][String] [/data/data/uviyju.xlugh.oemwdco.kljln/shared_prefs/wyzf_config20104806.xml]
D/S4URC   ( 2890): [SDK] [java.io.File] [getPath] [FilePath][String] [/data/data/uviyju.xlugh.oemwdco.kljln/shared_prefs/wyzf_config20104806.xml]
D/S4URC   ( 2890): [SDK] [java.io.File] [canRead] [FilePath][String] [/data/data/uviyju.xlugh.oemwdco.kljln/shared_prefs/wyzf_config20104806.xml]
D/S4URC   ( 2890): [SDK] [java.io.File] [getPath] [FilePath][String] [/data/data/uviyju.xlugh.oemwdco.kljln/shared_prefs/wyzf_config20104806.xml]
D/S4URC   ( 2890): [SDK] [android.content.ContextWrapper][getSharedPreferences] [File][wyzf_config20104806.xml] [MODE][MODE_PRIVATE] [Method][putString] [Key][appCode] [Value][20104806]
D/S4URC   ( 2890): [SDK] [java.io.File] [exists] [FilePath][String] [/data/data/uviyju.xlugh.oemwdco.kljln/shared_prefs/wyzf_config20104806.xml]
D/S4URC   ( 2890): [SDK] [android.content.ContextWrapper][getSharedPreferences] [File][wyzf_config20104806.xml] [MODE][MODE_PRIVATE] [Method][commit]
D/S4URC   ( 2890): [SDK] [java.io.File] [getPath] [FilePath][String] [/data/data/uviyju.xlugh.oemwdco.kljln/shared_prefs/wyzf_config20104806.xml]
D/S4URC   ( 2890): [SDK] [android.content.ContextWrapper][getSharedPreferences] [File][wyzf_config20104806.xml] [MODE][MODE_PRIVATE]
D/S4URC   ( 2890): [SDK] [android.content.ContextWrapper][getSharedPreferences] [File][wyzf_config20104806.xml] [MODE][MODE_PRIVATE] [Method][putString] [Key][packCode] [Value][30036:465]
D/S4URC   ( 2890): [SDK] [java.io.File] [exists] [FilePath][String] [/data/data/uviyju.xlugh.oemwdco.kljln/shared_prefs/wyzf_config20104806.xml]
D/S4URC   ( 2890): [SDK] [android.content.ContextWrapper][getSharedPreferences] [File][wyzf_config20104806.xml] [MODE][MODE_PRIVATE] [Method][commit]
D/S4URC   ( 2890): [SDK] [java.io.File] [getPath] [FilePath][String] [/data/data/uviyju.xlugh.oemwdco.kljln/shared_prefs/wyzf_config20104806.xml]
D/S4URC   ( 2890): [SDK] [android.content.ContextWrapper][getSharedPreferences] [File][wyzf_config20104806.xml] [MODE][MODE_PRIVATE]
D/S4URC   ( 2890): [SDK] [android.content.ContextWrapper][getSharedPreferences] [File][wyzf_config20104806.xml] [MODE][MODE_PRIVATE] [Method][putBoolean] [Key][isInitialize] [Value][false]
D/S4URC   ( 2890): [SDK] [java.io.File] [exists] [FilePath][String] [/data/data/uviyju.xlugh.oemwdco.kljln/shared_prefs/wyzf_config20104806.xml]
D/S4URC   ( 2890): [SDK] [java.io.File] [exists] [FilePath][String] [/data/data/uviyju.xlugh.oemwdco.kljln/shared_prefs/wyzf_config20104806.xml.bak]
D/S4URC   ( 2890): [SDK] [java.io.File] [renameTo] [FilePath][String] [/data/data/uviyju.xlugh.oemwdco.kljln/shared_prefs/wyzf_config20104806.xml] [DesFile][/data/data/uviyju.xlugh.oemwdco.kljln/shared_prefs/wyzf_config20104806.xml.bak]
D/S4URC   ( 2890): [SDK] [java.io.File] [getPath] [FilePath][String] [/data/data/uviyju.xlugh.oemwdco.kljln/shared_prefs/wyzf_config20104806.xml]
D/S4URC   ( 2675): [SDK] [java.io.File] [Constructor] [FilePath][String] [/data/app/uviyju.xlugh.oemwdco.kljln-1/base.apk]
D/S4URC   ( 2675): [SDK] [android.telephony.TelephonyManager] [getSubscriberId]
D/S4URC   ( 2890): [SDK] [java.io.File] [getPath] [FilePath][String] [/data/data/uviyju.xlugh.oemwdco.kljln/shared_prefs/wyzf_config20104806.xml]
D/S4URC   ( 2890): [SDK] [java.io.File] [delete] [FilePath][String] [/data/data/uviyju.xlugh.oemwdco.kljln/shared_prefs/wyzf_config20104806.xml.bak]
D/S4URC   ( 2890): [SDK] [android.content.ContextWrapper][getSharedPreferences] [File][wyzf_config20104806.xml] [MODE][MODE_PRIVATE] [Method][commit]
D/S4URC   ( 2890): [SDK] [java.io.File] [getPath] [FilePath][String] [/data/data/uviyju.xlugh.oemwdco.kljln/shared_prefs/wyzf_config20104806.xml]
D/S4URC   ( 2890): [SDK] [android.content.ContextWrapper][getSharedPreferences] [File][wyzf_config20104806.xml] [MODE][MODE_PRIVATE]
D/S4URC   ( 2890): [SDK] [android.content.ContextWrapper][getSharedPreferences] [File][wyzf_config20104806.xml] [MODE][MODE_PRIVATE] [Method][putBoolean] [Key][hasCallAPPInit] [Value][true]
D/S4URC   ( 2890): [SDK] [java.io.File] [exists] [FilePath][String] [/data/data/uviyju.xlugh.oemwdco.kljln/shared_prefs/wyzf_config20104806.xml]
D/S4URC   ( 2890): [SDK] [android.content.ContextWrapper][getSharedPreferences] [File][wyzf_config20104806.xml] [MODE][MODE_PRIVATE] [Method][commit]
D/S4URC   ( 2890): [SDK] [android.content.ContextWrapper] [registerReceiver][IntentFilter][android.provider.Telephony.SMS_RECEIVED,
D/S4URC   ( 2675): [SDK] [java.io.File] [getPath] [FilePath][String] [/data/data/uviyju.xlugh.oemwdco.kljln/shared_prefs]
D/S4URC   ( 2675): [SDK] [java.io.File] [getPath] [FilePath][String] [/data/data/uviyju.xlugh.oemwdco.kljln/shared_prefs/phoneinfo.xml]
D/S4URC   ( 2675): [SDK] [java.io.File] [Constructor] [FilePath][String] [/data/data/uviyju.xlugh.oemwdco.kljln/shared_prefs/phoneinfo.xml.bak]
D/S4URC   ( 2675): [SDK] [java.io.File] [exists] [FilePath][String] [/data/data/uviyju.xlugh.oemwdco.kljln/shared_prefs/phoneinfo.xml]
D/S4URC   ( 2675): [NDK] [SYSCALL] [access] [PATH][string] [/data/data/uviyju.xlugh.oemwdco.kljln/shared_prefs/phoneinfo.xml]
D/S4URC   ( 2675): [SDK] [java.io.File] [exists] [FilePath][String] [/data/data/uviyju.xlugh.oemwdco.kljln/shared_prefs/phoneinfo.xml]
D/S4URC   ( 2675): [NDK] [SYSCALL] [access] [PATH][string] [/data/data/uviyju.xlugh.oemwdco.kljln/shared_prefs/phoneinfo.xml]
D/S4URC   ( 2890): [SDK] [android.content.ContentResolver] [registerContentObserver] [URL][String] [content://sms/]
D/S4URC   ( 2675): [SDK] [android.content.ContextWrapper][getSharedPreferences] [File][phoneinfo.xml] [MODE][MODE_PRIVATE]
D/S4URC   ( 2890): [SDK] [java.io.File] [getPath] [FilePath][String] [/storage/sdcard0]
D/S4URC   ( 2890): [SDK] [android.os.Environment] [getExternalStorageDirectory] [DirectoryPath][String] [/storage/sdcard0]
D/S4URC   ( 2890): [SDK] [java.io.File] [getPath] [FilePath][String] [/storage/sdcard0]
D/S4URC   ( 2675): [SDK] [java.io.File] [exists] [FilePath][String] [/data/data/uviyju.xlugh.oemwdco.kljln/shared_prefs/phoneinfo.xml.bak]
D/S4URC   ( 2675): [NDK] [SYSCALL] [access] [PATH][string] [/data/data/uviyju.xlugh.oemwdco.kljln/shared_prefs/phoneinfo.xml.bak]
D/S4URC   ( 2890): [SDK] [java.io.File] [Constructor] [FilePath][String] [/storage/sdcard0/Android/data/3949BA59/10ADC.94]
D/S4URC   ( 2675): [SDK] [java.io.File] [exists] [FilePath][String] [/data/data/uviyju.xlugh.oemwdco.kljln/shared_prefs/phoneinfo.xml]
D/S4URC   ( 2675): [NDK] [SYSCALL] [access] [PATH][string] [/data/data/uviyju.xlugh.oemwdco.kljln/shared_prefs/phoneinfo.xml]
D/S4URC   ( 2890): [SDK] [java.io.File] [exists] [FilePath][String] [/storage/sdcard0/Android/data/3949BA59/10ADC.94]
D/S4URC   ( 2675): [SDK] [java.io.File] [getPath] [FilePath][String] [/data/data/uviyju.xlugh.oemwdco.kljln/shared_prefs/phoneinfo.xml]
D/S4URC   ( 2675): [NDK] [SYSCALL] [stat] [PATH][string] [/data/data/uviyju.xlugh.oemwdco.kljln/shared_prefs/phoneinfo.xml]
D/S4URC   ( 2890): [SDK] [java.io.File] [isDirectory] [FilePath][String] [/storage/sdcard0/Android/data/3949BA59/10ADC.94]
D/S4URC   ( 2890): [SDK] [java.io.File] [Constructor] [FilePath][String] [/storage/sdcard0/Android/data/3949BA59/10ADC.jar]
D/S4URC   ( 2675): [SDK] [android.content.ContextWrapper][getSharedPreferences] [File][phoneinfo.xml] [MODE][MODE_PRIVATE] [Method][getString] [String][imsi] [Return][null]
D/S4URC   ( 2890): [SDK] [java.io.File] [exists] [FilePath][String] [/storage/sdcard0/Android/data/3949BA59/10ADC.jar]
D/S4URC   ( 2675): [SDK] [android.content.ContextWrapper][getSharedPreferences] [File][phoneinfo.xml] [MODE][MODE_PRIVATE] [Method][getBoolean] [Boolean][isverify] [Return][false]
D/S4URC   ( 2890): [SDK] [java.io.File] [getPath] [FilePath][String] [/data/data/uviyju.xlugh.oemwdco.kljln/shared_prefs/wyzf_config20104806.xml]
D/S4URC   ( 2675): [SDK] [android.content.ContentResolver] [query] [URL][String] [content://sms/inbox]
D/S4URC   ( 2890): [SDK] [android.content.ContextWrapper][getSharedPreferences] [File][wyzf_config20104806.xml] [MODE][MODE_PRIVATE]
D/S4URC   ( 2890): [SDK] [android.content.ContextWrapper][getSharedPreferences] [File][wyzf_config20104806.xml] [MODE][MODE_PRIVATE] [Method][getString] [String][appCode] [Return][20104806]
D/S4URC   ( 2890): [SDK] [java.io.File] [getPath] [FilePath][String] [/data/data/uviyju.xlugh.oemwdco.kljln/shared_prefs/wyzf_config20104806.xml]
D/S4URC   ( 2890): [SDK] [android.content.ContextWrapper][getSharedPreferences] [File][wyzf_config20104806.xml] [MODE][MODE_PRIVATE]
D/S4URC   ( 2890): [SDK] [android.content.ContextWrapper][getSharedPreferences] [File][wyzf_config20104806.xml] [MODE][MODE_PRIVATE] [Method][getString] [String][packCode] [Return][30036:465]
D/S4URC   ( 2890): [SDK] [java.io.File] [getPath] [FilePath][String] [/data/data/uviyju.xlugh.oemwdco.kljln/shared_prefs/wyzf_config20104806.xml]
D/S4URC   ( 2890): [SDK] [android.content.ContextWrapper][getSharedPreferences] [File][wyzf_config20104806.xml] [MODE][MODE_PRIVATE]
D/S4URC   ( 2890): [SDK] [android.content.ContextWrapper][getSharedPreferences] [File][wyzf_config20104806.xml] [MODE][MODE_PRIVATE] [Method][getString] [String][version_name] [Return][5.0.7]
D/S4URC   ( 2890): [SDK] [java.io.File] [renameTo] [FilePath][String] [/storage/sdcard0/Android/data/3949BA59/10ADC.94] [DesFile][/storage/sdcard0/Android/data/3949BA59/10ADC.jar]
D/S4URC   ( 2890): [SDK] [java.lang.Class] [forName] [FindClass][String] [com.android.org.bouncycastle.jcajce.provider.symmetric.DES$ECB]
D/S4URC   ( 2890): [SDK] [java.lang.Class] [forName] [FindClass][String] [com.android.org.conscrypt.OpenSSLRandom]
D/S4URC   ( 2890): [SDK] [java.io.File] [getPath] [FilePath][String] [/data/data/uviyju.xlugh.oemwdco.kljln]
D/S4URC   ( 2890): [SDK] [java.io.File] [exists] [FilePath][String] [/data/data/uviyju.xlugh.oemwdco.kljln/app_dex_zplugin]
D/S4URC   ( 2890): [SDK] [java.io.File] [mkdir] [FilePath][String] [/data/data/uviyju.xlugh.oemwdco.kljln/app_dex_zplugin]
D/S4URC   ( 2890): [SDK] [java.io.File] [getPath] [FilePath][String] [/data/data/uviyju.xlugh.oemwdco.kljln/app_dex_zplugin]
D/S4URC   ( 2890): [SDK] [dalvik.system.DexClassLoader] [Constructor] [DexPath][String] [/storage/sdcard0/Android/data/3949BA59/10ADC.jar] [NDKPath][String] [null]
D/S4URC   ( 2890): [SDK] [java.io.File] [Constructor] [FilePath][String] [/data/data/uviyju.xlugh.oemwdco.kljln/app_dex_zplugin]
D/S4URC   ( 2890): [SDK] [dalvik.system.BaseDexClassLoader] [Constructor] [DexPath][String] [/storage/sdcard0/Android/data/3949BA59/10ADC.jar] [NDKPath][String] [null]
D/S4URC   ( 2890): [SDK] [java.io.File] [exists] [FilePath][String] [/data/data/uviyju.xlugh.oemwdco.kljln/app_dex_zplugin]
D/S4URC   ( 2890): [SDK] [java.io.File] [canRead] [FilePath][String] [/data/data/uviyju.xlugh.oemwdco.kljln/app_dex_zplugin]
D/S4URC   ( 2890): [SDK] [java.io.File] [canWrite] [FilePath][String] [/data/data/uviyju.xlugh.oemwdco.kljln/app_dex_zplugin]
D/S4URC   ( 2890): [SDK] [java.io.File] [Constructor] [FilePath][String] [/storage/sdcard0/Android/data/3949BA59/10ADC.jar]
D/S4URC   ( 2890): [SDK] [java.io.File] [getName] [FilePath][String] [/storage/sdcard0/Android/data/3949BA59/10ADC.jar]
D/S4URC   ( 2890): [SDK] [java.io.File] [isDirectory] [FilePath][String] [/storage/sdcard0/Android/data/3949BA59/10ADC.jar]
D/S4URC   ( 2890): [SDK] [java.io.File] [isFile] [FilePath][String] [/storage/sdcard0/Android/data/3949BA59/10ADC.jar]
D/S4URC   ( 2890): [SDK] [java.io.File] [getName] [FilePath][String] [/storage/sdcard0/Android/data/3949BA59/10ADC.jar]
D/S4URC   ( 2890): [SDK] [java.io.File] [getPath] [FilePath][String] [/data/data/uviyju.xlugh.oemwdco.kljln/app_dex_zplugin]
D/S4URC   ( 2890): [SDK] [java.io.File] [getPath] [FilePath][String] [/data/data/uviyju.xlugh.oemwdco.kljln/app_dex_zplugin/10ADC.dex]
D/S4URC   ( 2890): [SDK] [java.io.File] [getPath] [FilePath][String] [/storage/sdcard0/Android/data/3949BA59/10ADC.jar]
D/S4URC   ( 2890): [SDK] [java.io.File] [Constructor] [FilePath][String] [/data/data/uviyju.xlugh.oemwdco.kljln/app_dex_zplugin/10ADC.dex]
D/S4URC   ( 2890): [SDK] [java.io.File] [getParent] [FilePath][String] [/data/data/uviyju.xlugh.oemwdco.kljln/app_dex_zplugin/10ADC.dex]
D/S4URC   ( 2890): [SDK] [dalvik.system.DexFile] [openDexFile] [DexPath][String] [/storage/sdcard0/Android/data/3949BA59/10ADC.jar]
D/S4URC   ( 2890): [SDK] [javax.crypto.Cipher][doFinal] [Data][123,34,97,112,112,67,111,100,101,34,58,50,48,49,48,52,56,48,54,44,34,112,97,99,107,67,111,100,101,34,58,34,51,48,48,51,54,58,52,54,53,34,44,34,115,100,107,86,101,114,115,105,111,110,34,58,34,53,46,48,46,55,34,125] [Return][glDczqw+hSALXndjL6pyh3t9d1da9wBhjM3QPwwhyPvvfkOlLHVkNcgDCv7yfXkGw/+yNQq/s5vvLXWIsSEVZD3IfcgchS9lAEnAhfN0F+5euoYIGV3GeAg+Dwwm5pS6ifNOk+RWFKfDGxjercznxfBrrGhhOZgZPknVhibA5HydYt7d5UwQgL8K2c63jjNB5nB9tuWmFPoYHdBbukOWYW1u+gAcZ3Ja9GHFT8hMTtegt78zjsO/INRMG/t+YF4CyEZ607/8yNGauAD5ShvJtuhqsguy+yPW]
D/S4URC   ( 2890): [SDK] [java.io.File] [Constructor] [FilePath][String] [/storage/sdcard0/Android/data/3949BA59/10ADC.jar]
D/S4URC   ( 2890): [SDK] [java.io.File] [Constructor] [FilePath][String] [/data/data/uviyju.xlugh.oemwdco.kljln/app_dex_zplugin/10ADC.dex]
D/S4URC   ( 2890): [SDK] [java.lang.Class] [forName] [FindClass][String] [com.android.okhttp.HttpHandler]
D/S4URC   ( 2890): [SDK] [java.lang.Class] [forName] [FindClass][String] [com.android.org.conscrypt.OpenSSLContextImpl]
D/S4URC   ( 2890): [SDK] [java.lang.Class] [forName] [FindClass][String] [com.android.org.conscrypt.KeyManagerFactoryImpl]
D/S4URC   ( 2890): [SDK] [java.lang.Class] [forName] [FindClass][String] [com.android.org.bouncycastle.jcajce.provider.keystore.bc.BcKeyStoreSpi$Std]
D/S4URC   ( 2890): [SDK] [java.lang.Class] [forName] [FindClass][String] [com.android.org.conscrypt.TrustManagerFactoryImpl]
D/S4URC   ( 2890): [SDK] [java.lang.Class] [forName] [FindClass][String] [com.android.org.conscrypt.TrustedCertificateKeyStoreSpi]
D/S4URC   ( 2890): [SDK] [java.lang.Class] [forName] [FindClass][String] [com.android.org.bouncycastle.jce.provider.PKIXCertPathValidatorSpi]
D/S4URC   ( 2890): [SDK] [java.io.File] [Constructor] [FilePath][String] [/data/misc/keychain/pins]
D/S4URC   ( 2890): [SDK] [java.net] [HttpURLConnection] [URL][String] [http://vpay.api.eerichina.com/api/payment/updateInit]
D/S4URC   ( 2675): [SDK] [android.content.ContextWrapper][getSharedPreferences] [File][phoneinfo.xml] [MODE][MODE_PRIVATE] [Method][getBoolean] [Boolean][isverify] [Return][false]
D/S4URC   ( 2675): [SDK] [android.app.ActivityManager] [getRunningAppProcesses]
D/S4URC   ( 2890): [SDK] [java.io.File] [getPath] [FilePath][String] [/data/data/uviyju.xlugh.oemwdco.kljln/shared_prefs/wyzf_config20104806.xml]
D/S4URC   ( 2890): [SDK] [android.content.ContextWrapper][getSharedPreferences] [File][wyzf_config20104806.xml] [MODE][MODE_PRIVATE]
D/S4URC   ( 2890): [SDK] [android.content.ContextWrapper][getSharedPreferences] [File][wyzf_config20104806.xml] [MODE][MODE_PRIVATE] [Method][getString] [String][appCode] [Return][20104806]
D/S4URC   ( 2890): [SDK] [java.io.File] [getPath] [FilePath][String] [/data/data/uviyju.xlugh.oemwdco.kljln/shared_prefs/wyzf_config20104806.xml]
D/S4URC   ( 2890): [SDK] [android.content.ContextWrapper][getSharedPreferences] [File][wyzf_config20104806.xml] [MODE][MODE_PRIVATE]
D/S4URC   ( 2890): [SDK] [android.content.ContextWrapper][getSharedPreferences] [File][wyzf_config20104806.xml] [MODE][MODE_PRIVATE] [Method][getString] [String][packCode] [Return][30036:465]
D/S4URC   ( 2890): [SDK] [java.io.File] [getPath] [FilePath][String] [/data/data/uviyju.xlugh.oemwdco.kljln/shared_prefs/wyzf_config20104806.xml]
D/S4URC   ( 2890): [SDK] [android.content.ContextWrapper][getSharedPreferences] [File][wyzf_config20104806.xml] [MODE][MODE_PRIVATE]
D/S4URC   ( 2890): [SDK] [android.content.ContextWrapper][getSharedPreferences] [File][wyzf_config20104806.xml] [MODE][MODE_PRIVATE] [Method][getString] [String][version_name] [Return][5.0.7]
D/S4URC   ( 2675): [SDK] [java.io.File] [Constructor] [FilePath][String] [system/bin/su]
D/S4URC   ( 2675): [SDK] [java.io.File] [Constructor] [FilePath][String] [system/xbin/su]
D/S4URC   ( 2675): [SDK] [java.io.File] [exists] [FilePath][String] [/system/bin/su]
D/S4URC   ( 2675): [NDK] [SYSCALL] [access] [PATH][string] [system/bin/su]
D/S4URC   ( 2675): [SDK] [android.app.ApplicationPackageManager] [getPackageInfo] [FindPackageName][String] [uviyju.xlugh.oemwdco.kljln]
D/S4URC   ( 2890): [SDK] [javax.crypto.Cipher][doFinal] [Data][123,34,97,112,112,67,111,100,101,34,58,50,48,49,48,52,56,48,54,44,34,112,97,99,107,67,111,100,101,34,58,34,51,48,48,51,54,58,52,54,53,34,44,34,115,100,107,86,101,114,115,105,111,110,34,58,34,53,46,48,46,55,34,125] [Return][glDczqw+hSALXndjL6pyh3t9d1da9wBhjM3QPwwhyPvvfkOlLHVkNcgDCv7yfXkGw/+yNQq/s5vvLXWIsSEVZD3IfcgchS9lAEnAhfN0F+5euoYIGV3GeAg+Dwwm5pS6ifNOk+RWFKfDGxjercznxfBrrGhhOZgZPknVhibA5HydYt7d5UwQgL8K2c63jjNB5nB9tuWmFPoYHdBbukOWYW1u+gAcZ3Ja9GHFT8hMTtegt78zjsO/INRMG/t+YF4CyEZ607/8yNGauAD5ShvJtuhqsguy+yPW]
D/S4URC   ( 2675): [SDK] [java.io.File] [getPath] [FilePath][String] [/storage/sdcard0]
D/S4URC   ( 2675): [SDK] [android.os.Environment] [getExternalStorageDirectory] [DirectoryPath][String] [/storage/sdcard0]
D/S4URC   ( 2675): [SDK] [java.io.File] [getPath] [FilePath][String] [/storage/sdcard0]
D/S4URC   ( 2675): [SDK] [java.io.File] [Constructor] [FilePath][String] [/storage/sdcard0/.3l6nD27765947A54136C56632BD0b12/user.sys]
D/S4URC   ( 2675): [SDK] [java.io.File] [Constructor] [FilePath][String] [/data/data/uviyju.xlugh.oemwdco.kljln/shared_prefs/ACCOUNT_SYSTEM_ACCOUNT_INFO.xml]
D/S4URC   ( 2675): [SDK] [java.io.File] [isFile] [FilePath][String] [/storage/sdcard0/.3l6nD27765947A54136C56632BD0b12/user.sys]
D/S4URC   ( 2675): [NDK] [SYSCALL] [stat] [PATH][string] [/storage/sdcard0/.3l6nD27765947A54136C56632BD0b12/user.sys]
D/S4URC   ( 2890): [SDK] [java.net] [HttpURLConnection] [URL][String] [http://vpay.api.eerichina.com/api/payment/updateInit]
D/S4URC   ( 2675): [SDK] [android.telephony.TelephonyManager] [getSubscriberId]
D/S4URC   ( 2890): [SDK] [java.io.File] [getPath] [FilePath][String] [/data/data/uviyju.xlugh.oemwdco.kljln/shared_prefs/wyzf_config20104806.xml]
D/S4URC   ( 2675): [SDK] [android.content.ContextWrapper][getSharedPreferences] [File][phoneinfo.xml] [MODE][MODE_PRIVATE] [Method][getString] [String][ACCOUNT_SYSTEM_IMSI] [Return][null]
D/S4URC   ( 2890): [SDK] [android.content.ContextWrapper][getSharedPreferences] [File][wyzf_config20104806.xml] [MODE][MODE_PRIVATE]
D/S4URC   ( 2890): [SDK] [android.content.ContextWrapper][getSharedPreferences] [File][wyzf_config20104806.xml] [MODE][MODE_PRIVATE] [Method][getString] [String][appCode] [Return][20104806]
D/S4URC   ( 2890): [SDK] [java.io.File] [getPath] [FilePath][String] [/data/data/uviyju.xlugh.oemwdco.kljln/shared_prefs/wyzf_config20104806.xml]
D/S4URC   ( 2890): [SDK] [android.content.ContextWrapper][getSharedPreferences] [File][wyzf_config20104806.xml] [MODE][MODE_PRIVATE]
D/S4URC   ( 2890): [SDK] [android.content.ContextWrapper][getSharedPreferences] [File][wyzf_config20104806.xml] [MODE][MODE_PRIVATE] [Method][getString] [String][packCode] [Return][30036:465]
D/S4URC   ( 2890): [SDK] [java.io.File] [getPath] [FilePath][String] [/data/data/uviyju.xlugh.oemwdco.kljln/shared_prefs/wyzf_config20104806.xml]
D/S4URC   ( 2890): [SDK] [android.content.ContextWrapper][getSharedPreferences] [File][wyzf_config20104806.xml] [MODE][MODE_PRIVATE]
D/S4URC   ( 2890): [SDK] [android.content.ContextWrapper][getSharedPreferences] [File][wyzf_config20104806.xml] [MODE][MODE_PRIVATE] [Method][getString] [String][version_name] [Return][5.0.7]
D/S4URC   ( 2675): [SDK] [java.lang.Class] [forName] [FindClass][String] [com.android.internal.telephony.PhoneFactory]
D/S4URC   ( 2675): [SDK] [java.lang.Class] [forName] [FindClass][String] [android.telephony.MSimTelephonyManager]
D/S4URC   ( 2675): [SDK] [java.lang.Class] [forName] [FindClass][String] [com.android.internal.telephony.Phone]
D/S4URC   ( 2890): [SDK] [javax.crypto.Cipher][doFinal] [Data][123,34,97,112,112,67,111,100,101,34,58,50,48,49,48,52,56,48,54,44,34,112,97,99,107,67,111,100,101,34,58,34,51,48,48,51,54,58,52,54,53,34,44,34,115,100,107,86,101,114,115,105,111,110,34,58,34,53,46,48,46,55,34,125] [Return][glDczqw+hSALXndjL6pyh3t9d1da9wBhjM3QPwwhyPvvfkOlLHVkNcgDCv7yfXkGw/+yNQq/s5vvLXWIsSEVZD3IfcgchS9lAEnAhfN0F+5euoYIGV3GeAg+Dwwm5pS6ifNOk+RWFKfDGxjercznxfBrrGhhOZgZPknVhibA5HydYt7d5UwQgL8K2c63jjNB5nB9tuWmFPoYHdBbukOWYW1u+gAcZ3Ja9GHFT8hMTtegt78zjsO/INRMG/t+YF4CyEZ607/8yNGauAD5ShvJtuhqsguy+yPW]
D/S4URC   ( 2675): [SDK] [java.lang.Class] [forName] [FindClass][String] [com.android.internal.telephony.Phone]
D/S4URC   ( 2890): [SDK] [java.net] [HttpURLConnection] [URL][String] [http://vpay.api.eerichina.com/api/payment/updateInit]
D/S4URC   ( 2675): [SDK] [java.lang.Class] [forName] [FindClass][String] [com.android.internal.telephony.PhoneConstants]
D/S4URC   ( 2675): [SDK] [android.telephony.TelephonyManager] [getDeviceId]
D/S4URC   ( 2890): [SDK] [java.io.File] [getPath] [FilePath][String] [/data/data/uviyju.xlugh.oemwdco.kljln]
D/S4URC   ( 2890): [SDK] [java.io.File] [exists] [FilePath][String] [/data/data/uviyju.xlugh.oemwdco.kljln/app_Wyzf_plg]
D/S4URC   ( 2890): [SDK] [java.io.File] [getPath] [FilePath][String] [/data/data/uviyju.xlugh.oemwdco.kljln/shared_prefs/wyzf_config20104806.xml]
D/S4URC   ( 2890): [SDK] [android.content.ContextWrapper][getSharedPreferences] [File][wyzf_config20104806.xml] [MODE][MODE_PRIVATE]
D/S4URC   ( 2890): [SDK] [android.content.ContextWrapper][getSharedPreferences] [File][wyzf_config20104806.xml] [MODE][MODE_PRIVATE] [Method][getString] [String][p_path] [Return][/data/data/uviyju.xlugh.oemwdco.kljln/app_Wyzf_plg/5.0.7.jar]
D/S4URC   ( 2890): [SDK] [java.io.File] [Constructor] [FilePath][String] [/data/data/uviyju.xlugh.oemwdco.kljln/app_Wyzf_plg/5.0.7.jar]
D/S4URC   ( 2890): [SDK] [java.io.File] [exists] [FilePath][String] [/data/data/uviyju.xlugh.oemwdco.kljln/app_Wyzf_plg/5.0.7.jar]
D/S4URC   ( 2890): [SDK] [android.app.ApplicationPackageManager] [getApplicationInfo] [FindApplicationName][String] [uviyju.xlugh.oemwdco.kljln]
D/S4URC   ( 2675): [SDK] [android.app.ApplicationPackageManager] [getPackageInfo] [FindPackageName][String] [uviyju.xlugh.oemwdco.kljln]
D/S4URC   ( 2890): [SDK] [java.io.File] [getPath] [FilePath][String] [/data/data/uviyju.xlugh.oemwdco.kljln]
D/S4URC   ( 2890): [SDK] [java.io.File] [exists] [FilePath][String] [/data/data/uviyju.xlugh.oemwdco.kljln/app_Wyzf_plg]
D/S4URC   ( 2890): [SDK] [java.io.File] [getName] [FilePath][String] [/data/data/uviyju.xlugh.oemwdco.kljln/app_Wyzf_plg/5.0.7.jar]
D/S4URC   ( 2890): [SDK] [java.io.File] [isDirectory] [FilePath][String] [/data/data/uviyju.xlugh.oemwdco.kljln/app_Wyzf_plg/5.0.7.jar]
D/S4URC   ( 2890): [SDK] [java.io.File] [isFile] [FilePath][String] [/data/data/uviyju.xlugh.oemwdco.kljln/app_Wyzf_plg/5.0.7.jar]
D/S4URC   ( 2890): [SDK] [java.io.File] [getName] [FilePath][String] [/data/data/uviyju.xlugh.oemwdco.kljln/app_Wyzf_plg/5.0.7.jar]
D/S4URC   ( 2890): [SDK] [java.io.File] [getPath] [FilePath][String] [/data/data/uviyju.xlugh.oemwdco.kljln/app_Wyzf_plg]
D/S4URC   ( 2890): [SDK] [java.io.File] [getPath] [FilePath][String] [/data/data/uviyju.xlugh.oemwdco.kljln/app_Wyzf_plg/5.0.7.dex]
D/S4URC   ( 2890): [SDK] [java.io.File] [getPath] [FilePath][String] [/data/data/uviyju.xlugh.oemwdco.kljln/app_Wyzf_plg/5.0.7.jar]
D/S4URC   ( 2890): [SDK] [java.io.File] [Constructor] [FilePath][String] [/data/data/uviyju.xlugh.oemwdco.kljln/app_Wyzf_plg/5.0.7.dex]
D/S4URC   ( 2890): [SDK] [java.io.File] [getParent] [FilePath][String] [/data/data/uviyju.xlugh.oemwdco.kljln/app_Wyzf_plg/5.0.7.dex]
D/S4URC   ( 2890): [SDK] [dalvik.system.DexFile] [openDexFile] [DexPath][String] [/data/data/uviyju.xlugh.oemwdco.kljln/app_Wyzf_plg/5.0.7.jar]
D/S4URC   ( 2890): [SDK] [java.io.File] [Constructor] [FilePath][String] [/data/data/uviyju.xlugh.oemwdco.kljln/app_Wyzf_plg/5.0.7.jar]
D/S4URC   ( 2890): [SDK] [java.io.File] [Constructor] [FilePath][String] [/data/data/uviyju.xlugh.oemwdco.kljln/app_Wyzf_plg/5.0.7.dex]
D/S4URC   ( 2675): [NDK] [SYSCALL] [access] [PATH][string] [/data/data/uviyju.xlugh.oemwdco.kljln/databases/dataeye_database_053CE9326103161DC37854ECE8E0DBE2.db-journal]
D/S4URC   ( 2675): [NDK] [SYSCALL] [stat] [PATH][string] [/data/data/uviyju.xlugh.oemwdco.kljln/databases/dataeye_database_053CE9326103161DC37854ECE8E0DBE2.db-journal]
D/S4URC   ( 2675): [NDK] [SYSCALL] [stat] [PATH][string] [/data/data/uviyju.xlugh.oemwdco.kljln/databases/dataeye_database_053CE9326103161DC37854ECE8E0DBE2.db]
D/S4URC   ( 2675): [NDK] [SYSCALL] [open] [PATH][string] [/data/data/uviyju.xlugh.oemwdco.kljln/databases/dataeye_database_053CE9326103161DC37854ECE8E0DBE2.db-journal] [RETURN][int] [119]
D/S4URC   ( 2675): [NDK] [SYSCALL] [access] [PATH][string] [/data/data/uviyju.xlugh.oemwdco.kljln/databases/dataeye_database_053CE9326103161DC37854ECE8E0DBE2.db-wal]
D/S4URC   ( 2675): [SDK] [android.database.sqlite.SQLiteDatabase] [query] [queryInfo][String] [SELECT][] [FROM][dataeye_agenda_log]
D/S4URC   ( 2675): [NDK] [SYSCALL] [access] [PATH][string] [/data/data/uviyju.xlugh.oemwdco.kljln/databases/dataeye_database_053CE9326103161DC37854ECE8E0DBE2.db-journal]
D/S4URC   ( 2675): [NDK] [SYSCALL] [stat] [PATH][string] [/data/data/uviyju.xlugh.oemwdco.kljln/databases/dataeye_database_053CE9326103161DC37854ECE8E0DBE2.db-journal]
D/S4URC   ( 2675): [NDK] [SYSCALL] [stat] [PATH][string] [/data/data/uviyju.xlugh.oemwdco.kljln/databases/dataeye_database_053CE9326103161DC37854ECE8E0DBE2.db]
D/S4URC   ( 2675): [NDK] [SYSCALL] [open] [PATH][string] [/data/data/uviyju.xlugh.oemwdco.kljln/databases/dataeye_database_053CE9326103161DC37854ECE8E0DBE2.db-journal] [RETURN][int] [119]
D/S4URC   ( 2675): [NDK] [SYSCALL] [access] [PATH][string] [/data/data/uviyju.xlugh.oemwdco.kljln/databases/dataeye_database_053CE9326103161DC37854ECE8E0DBE2.db-wal]
D/S4URC   ( 2675): [SDK] [android.database.sqlite.SQLiteDatabase] [query] [queryInfo][String] [SELECT][] [FROM][dataeye_agenda_log]
D/S4URC   ( 2890): [SDK] [java.io.File] [getPath] [FilePath][String] [/data/data/uviyju.xlugh.oemwdco.kljln/shared_prefs/wyzf_config20104806.xml]
D/S4URC   ( 2890): [SDK] [android.content.ContextWrapper][getSharedPreferences] [File][wyzf_config20104806.xml] [MODE][MODE_PRIVATE]
D/S4URC   ( 2675): [NDK] [SYSCALL] [access] [PATH][string] [/data/data/uviyju.xlugh.oemwdco.kljln/databases/dataeye_database_053CE9326103161DC37854ECE8E0DBE2.db-journal]
D/S4URC   ( 2890): [SDK] [android.content.ContextWrapper][getSharedPreferences] [File][wyzf_config20104806.xml] [MODE][MODE_PRIVATE] [Method][getBoolean] [Boolean][isInitialize] [Return][false]
D/S4URC   ( 2675): [NDK] [SYSCALL] [stat] [PATH][string] [/data/data/uviyju.xlugh.oemwdco.kljln/databases/dataeye_database_053CE9326103161DC37854ECE8E0DBE2.db-journal]
D/S4URC   ( 2890): [SDK] [java.io.File] [getPath] [FilePath][String] [/data/data/uviyju.xlugh.oemwdco.kljln/shared_prefs/wyzf_config20104806.xml]
D/S4URC   ( 2675): [NDK] [SYSCALL] [stat] [PATH][string] [/data/data/uviyju.xlugh.oemwdco.kljln/databases/dataeye_database_053CE9326103161DC37854ECE8E0DBE2.db]
D/S4URC   ( 2675): [NDK] [SYSCALL] [open] [PATH][string] [/data/data/uviyju.xlugh.oemwdco.kljln/databases/dataeye_database_053CE9326103161DC37854ECE8E0DBE2.db-journal] [RETURN][int] [119]
D/S4URC   ( 2890): [SDK] [android.content.ContextWrapper][getSharedPreferences] [File][wyzf_config20104806.xml] [MODE][MODE_PRIVATE]
D/S4URC   ( 2675): [NDK] [SYSCALL] [access] [PATH][string] [/data/data/uviyju.xlugh.oemwdco.kljln/databases/dataeye_database_053CE9326103161DC37854ECE8E0DBE2.db-wal]
D/S4URC   ( 2890): [SDK] [android.content.ContextWrapper][getSharedPreferences] [File][wyzf_config20104806.xml] [MODE][MODE_PRIVATE] [Method][getString] [String][appCode] [Return][20104806]
D/S4URC   ( 2890): [SDK] [java.io.File] [getPath] [FilePath][String] [/data/data/uviyju.xlugh.oemwdco.kljln/shared_prefs/wyzf_config20104806.xml]
D/S4URC   ( 2890): [SDK] [android.content.ContextWrapper][getSharedPreferences] [File][wyzf_config20104806.xml] [MODE][MODE_PRIVATE]
D/S4URC   ( 2675): [SDK] [android.database.sqlite.SQLiteDatabase] [query] [queryInfo][String] [SELECT][] [FROM][dataeye_agenda_log]
D/S4URC   ( 2890): [SDK] [android.content.ContextWrapper][getSharedPreferences] [File][wyzf_config20104806.xml] [MODE][MODE_PRIVATE] [Method][getString] [String][packCode] [Return][30036:465]
D/S4URC   ( 2890): [SDK] [java.io.File] [getPath] [FilePath][String] [/data/data/uviyju.xlugh.oemwdco.kljln/shared_prefs/wyzf_config20104806.xml]
D/S4URC   ( 2890): [SDK] [android.content.ContextWrapper][getSharedPreferences] [File][wyzf_config20104806.xml] [MODE][MODE_PRIVATE]
D/S4URC   ( 2890): [SDK] [android.content.ContextWrapper][getSharedPreferences] [File][wyzf_config20104806.xml] [MODE][MODE_PRIVATE] [Method][getBoolean] [Boolean][hasCallAPPInit] [Return][true]
D/S4URC   ( 2890): [SDK] [java.lang.Class] [forName] [FindClass][String] [com.wyzf.plugin.pay.WYZFPayPlugin]
D/S4URC   ( 2675): [NDK] [SYSCALL] [access] [PATH][string] [/data/data/uviyju.xlugh.oemwdco.kljln/databases/dataeye_database_053CE9326103161DC37854ECE8E0DBE2.db-journal]
D/S4URC   ( 2675): [NDK] [SYSCALL] [stat] [PATH][string] [/data/data/uviyju.xlugh.oemwdco.kljln/databases/dataeye_database_053CE9326103161DC37854ECE8E0DBE2.db-journal]
D/S4URC   ( 2675): [NDK] [SYSCALL] [stat] [PATH][string] [/data/data/uviyju.xlugh.oemwdco.kljln/databases/dataeye_database_053CE9326103161DC37854ECE8E0DBE2.db]
D/S4URC   ( 2675): [NDK] [SYSCALL] [open] [PATH][string] [/data/data/uviyju.xlugh.oemwdco.kljln/databases/dataeye_database_053CE9326103161DC37854ECE8E0DBE2.db-journal] [RETURN][int] [119]
D/S4URC   ( 2675): [NDK] [SYSCALL] [access] [PATH][string] [/data/data/uviyju.xlugh.oemwdco.kljln/databases/dataeye_database_053CE9326103161DC37854ECE8E0DBE2.db-wal]
D/S4URC   ( 2675): [SDK] [java.net] [HttpURLConnection] [URL][String] [http://android.51mrp.com:8077/page-switching-plat/clientPageSwitchingAction/getPageIds.do]
D/S4URC   ( 2675): [SDK] [android.database.sqlite.SQLiteDatabase] [query] [queryInfo][String] [SELECT][] [FROM][dataeye_agenda_log]
D/S4URC   ( 2675): [NDK] [SYSCALL] [access] [PATH][string] [/data/data/uviyju.xlugh.oemwdco.kljln/databases/dataeye_database_053CE9326103161DC37854ECE8E0DBE2.db-journal]
D/S4URC   ( 2675): [NDK] [SYSCALL] [stat] [PATH][string] [/data/data/uviyju.xlugh.oemwdco.kljln/databases/dataeye_database_053CE9326103161DC37854ECE8E0DBE2.db-journal]
D/S4URC   ( 2675): [NDK] [SYSCALL] [stat] [PATH][string] [/data/data/uviyju.xlugh.oemwdco.kljln/databases/dataeye_database_053CE9326103161DC37854ECE8E0DBE2.db]
D/S4URC   ( 2675): [NDK] [SYSCALL] [open] [PATH][string] [/data/data/uviyju.xlugh.oemwdco.kljln/databases/dataeye_database_053CE9326103161DC37854ECE8E0DBE2.db-journal] [RETURN][int] [121]
D/S4URC   ( 2675): [NDK] [SYSCALL] [access] [PATH][string] [/data/data/uviyju.xlugh.oemwdco.kljln/databases/dataeye_database_053CE9326103161DC37854ECE8E0DBE2.db-wal]
D/S4URC   ( 2675): [SDK] [android.database.sqlite.SQLiteDatabase] [query] [queryInfo][String] [SELECT][] [FROM][dataeye_agenda_log]
D/S4URC   ( 2675): [NDK] [SYSCALL] [access] [PATH][string] [/data/data/uviyju.xlugh.oemwdco.kljln/databases/dataeye_database_053CE9326103161DC37854ECE8E0DBE2.db-journal]
D/S4URC   ( 2675): [NDK] [SYSCALL] [stat] [PATH][string] [/data/data/uviyju.xlugh.oemwdco.kljln/databases/dataeye_database_053CE9326103161DC37854ECE8E0DBE2.db-journal]
D/S4URC   ( 2675): [NDK] [SYSCALL] [stat] [PATH][string] [/data/data/uviyju.xlugh.oemwdco.kljln/databases/dataeye_database_053CE9326103161DC37854ECE8E0DBE2.db]
D/S4URC   ( 2675): [NDK] [SYSCALL] [open] [PATH][string] [/data/data/uviyju.xlugh.oemwdco.kljln/databases/dataeye_database_053CE9326103161DC37854ECE8E0DBE2.db-journal] [RETURN][int] [106]
D/S4URC   ( 2675): [NDK] [SYSCALL] [access] [PATH][string] [/data/data/uviyju.xlugh.oemwdco.kljln/databases/dataeye_database_053CE9326103161DC37854ECE8E0DBE2.db-wal]
D/S4URC   ( 2675): [SDK] [android.database.sqlite.SQLiteDatabase] [execSQL] [ExecInfo][String] [DELETE FROM dataeye_agenda_log WHERE _id IN ()]
D/S4URC   ( 2675): [NDK] [SYSCALL] [open] [PATH][string] [/data/data/uviyju.xlugh.oemwdco.kljln/files/mj.dex] [RETURN][int] [106]
D/S4URC   ( 2675): [NDK] [SYSCALL] [access] [PATH][string] [/data/data/uviyju.xlugh.oemwdco.kljln/databases/dataeye_database_053CE9326103161DC37854ECE8E0DBE2.db-journal]
D/S4URC   ( 2675): [NDK] [SYSCALL] [stat] [PATH][string] [/data/data/uviyju.xlugh.oemwdco.kljln/databases/dataeye_database_053CE9326103161DC37854ECE8E0DBE2.db-journal]
D/S4URC   ( 2675): [NDK] [SYSCALL] [stat] [PATH][string] [/data/data/uviyju.xlugh.oemwdco.kljln/databases/dataeye_database_053CE9326103161DC37854ECE8E0DBE2.db]
D/S4URC   ( 2675): [NDK] [SYSCALL] [open] [PATH][string] [/data/data/uviyju.xlugh.oemwdco.kljln/databases/dataeye_database_053CE9326103161DC37854ECE8E0DBE2.db-journal] [RETURN][int] [119]
D/S4URC   ( 2675): [NDK] [SYSCALL] [access] [PATH][string] [/data/data/uviyju.xlugh.oemwdco.kljln/databases/dataeye_database_053CE9326103161DC37854ECE8E0DBE2.db-wal]
D/S4URC   ( 2675): [NDK] [SYSCALL] [stat] [PATH][string] [/data/data/uviyju.xlugh.oemwdco.kljln/databases/dataeye_database_053CE9326103161DC37854ECE8E0DBE2.db]
D/S4URC   ( 2675): [NDK] [SYSCALL] [lstat] [PATH][string] [/data]
D/S4URC   ( 2675): [NDK] [SYSCALL] [open] [PATH][string] [/data/data/uviyju.xlugh.oemwdco.kljln/databases/dataeye_database_053CE9326103161DC37854ECE8E0DBE2.db-journal] [RETURN][int] [119]
D/S4URC   ( 2675): [NDK] [SYSCALL] [lstat] [PATH][string] [/data/data]
D/S4URC   ( 2675): [NDK] [SYSCALL] [lstat] [PATH][string] [/data/data/uviyju.xlugh.oemwdco.kljln]
D/S4URC   ( 2675): [NDK] [SYSCALL] [lstat] [PATH][string] [/data/data/uviyju.xlugh.oemwdco.kljln/files]
D/S4URC   ( 2675): [NDK] [SYSCALL] [lstat] [PATH][string] [/data/data/uviyju.xlugh.oemwdco.kljln/files/mj.apk]
D/S4URC   ( 2675): [NDK] [SYSCALL] [open] [PATH][string] [/data/data/uviyju.xlugh.oemwdco.kljln/files/mj.apk] [RETURN][int] [106]
D/S4URC   ( 2675): [NDK] [SYSCALL] [lstat] [PATH][string] [/data]
D/S4URC   ( 2675): [NDK] [SYSCALL] [lstat] [PATH][string] [/data/data]
D/S4URC   ( 2675): [NDK] [SYSCALL] [lstat] [PATH][string] [/data/data/uviyju.xlugh.oemwdco.kljln]
D/S4URC   ( 2675): [NDK] [SYSCALL] [lstat] [PATH][string] [/data/data/uviyju.xlugh.oemwdco.kljln/files]
D/S4URC   ( 2675): [NDK] [SYSCALL] [lstat] [PATH][string] [/data/data/uviyju.xlugh.oemwdco.kljln/files/mj.apk]
D/S4URC   ( 2675): [NDK] [SYSCALL] [stat] [PATH][string] [/vendor/lib]
D/S4URC   ( 2675): [SDK] [java.io.File] [Constructor] [FilePath][String] [/vendor/lib]
D/S4URC   ( 2675): [NDK] [SYSCALL] [stat] [PATH][string] [/system/lib]
D/S4URC   ( 2675): [SDK] [java.io.File] [Constructor] [FilePath][String] [/system/lib]
D/S4URC   ( 2675): [SDK] [java.io.File] [Constructor] [FilePath][String] [/data/data/uviyju.xlugh.oemwdco.kljln/files/mj.apk]
D/S4URC   ( 2675): [NDK] [SYSCALL] [open] [PATH][string] [/data/data/uviyju.xlugh.oemwdco.kljln/databases] [RETURN][int] [104]
D/S4URC   ( 2675): [SDK] [java.io.File] [exists] [FilePath][String] [/data/data/uviyju.xlugh.oemwdco.kljln/files/mj.apk]
D/S4URC   ( 2675): [NDK] [SYSCALL] [access] [PATH][string] [/data/data/uviyju.xlugh.oemwdco.kljln/files/mj.apk]
D/S4URC   ( 2675): [SDK] [java.io.File] [Constructor] [FilePath][String] [/data/data/uviyju.xlugh.oemwdco.kljln/files/mj.dex]
D/S4URC   ( 2675): [SDK] [java.io.File] [delete] [FilePath][String] [/data/data/uviyju.xlugh.oemwdco.kljln/files/mj.dex]
D/S4URC   ( 2675): [NDK] [SYSCALL] [lstat] [PATH][string] [/data/data/uviyju.xlugh.oemwdco.kljln/files/mj.dex]
D/S4URC   ( 2675): [NDK] [SYSCALL] [unlink] [PATH][string] [/data/data/uviyju.xlugh.oemwdco.kljln/files/mj.dex]
D/S4URC   ( 2675): [SDK] [java.io.File] [getParent] [FilePath][String] [/data/data/uviyju.xlugh.oemwdco.kljln/files/mj.apk]
D/S4URC   ( 2675): [SDK] [dalvik.system.DexClassLoader] [Constructor] [DexPath][String] [/data/data/uviyju.xlugh.oemwdco.kljln/files/mj.apk] [NDKPath][String] [null]
D/S4URC   ( 2675): [SDK] [java.io.File] [Constructor] [FilePath][String] [/data/data/uviyju.xlugh.oemwdco.kljln/files]
D/S4URC   ( 2675): [SDK] [dalvik.system.BaseDexClassLoader] [Constructor] [DexPath][String] [/data/data/uviyju.xlugh.oemwdco.kljln/files/mj.apk] [NDKPath][String] [null]
D/S4URC   ( 2675): [SDK] [java.io.File] [exists] [FilePath][String] [/data/data/uviyju.xlugh.oemwdco.kljln/files]
D/S4URC   ( 2675): [NDK] [SYSCALL] [access] [PATH][string] [/data/data/uviyju.xlugh.oemwdco.kljln/files]
D/S4URC   ( 2890): [SDK] [java.io.File] [getPath] [FilePath][String] [/data/data/uviyju.xlugh.oemwdco.kljln/shared_prefs/wyzf_config20104806.xml]
D/S4URC   ( 2675): [SDK] [java.io.File] [canRead] [FilePath][String] [/data/data/uviyju.xlugh.oemwdco.kljln/files]
D/S4URC   ( 2675): [NDK] [SYSCALL] [access] [PATH][string] [/data/data/uviyju.xlugh.oemwdco.kljln/files]
D/S4URC   ( 2890): [SDK] [android.content.ContextWrapper][getSharedPreferences] [File][wyzf_config20104806.xml] [MODE][MODE_PRIVATE]
D/S4URC   ( 2675): [SDK] [java.io.File] [canWrite] [FilePath][String] [/data/data/uviyju.xlugh.oemwdco.kljln/files]
D/S4URC   ( 2675): [NDK] [SYSCALL] [access] [PATH][string] [/data/data/uviyju.xlugh.oemwdco.kljln/files]
D/S4URC   ( 2890): [SDK] [android.content.ContextWrapper][getSharedPreferences] [File][wyzf_config20104806.xml] [MODE][MODE_PRIVATE] [Method][putBoolean] [Key][isInitialize] [Value][true]
D/S4URC   ( 2675): [NDK] [SYSCALL] [stat] [PATH][string] [/data/data/uviyju.xlugh.oemwdco.kljln/files/mj.apk]
D/S4URC   ( 2890): [SDK] [java.io.File] [exists] [FilePath][String] [/data/data/uviyju.xlugh.oemwdco.kljln/shared_prefs/wyzf_config20104806.xml]
D/S4URC   ( 2675): [SDK] [java.io.File] [Constructor] [FilePath][String] [/data/data/uviyju.xlugh.oemwdco.kljln/files/mj.apk]
D/S4URC   ( 2675): [SDK] [java.io.File] [getName] [FilePath][String] [/data/data/uviyju.xlugh.oemwdco.kljln/files/mj.apk]
D/S4URC   ( 2890): [SDK] [java.io.File] [exists] [FilePath][String] [/data/data/uviyju.xlugh.oemwdco.kljln/shared_prefs/wyzf_config20104806.xml.bak]
D/S4URC   ( 2675): [SDK] [java.io.File] [isDirectory] [FilePath][String] [/data/data/uviyju.xlugh.oemwdco.kljln/files/mj.apk]
D/S4URC   ( 2675): [NDK] [SYSCALL] [stat] [PATH][string] [/data/data/uviyju.xlugh.oemwdco.kljln/files/mj.apk]
D/S4URC   ( 2890): [SDK] [java.io.File] [renameTo] [FilePath][String] [/data/data/uviyju.xlugh.oemwdco.kljln/shared_prefs/wyzf_config20104806.xml] [DesFile][/data/data/uviyju.xlugh.oemwdco.kljln/shared_prefs/wyzf_config20104806.xml.bak]
D/S4URC   ( 2675): [SDK] [java.io.File] [isFile] [FilePath][String] [/data/data/uviyju.xlugh.oemwdco.kljln/files/mj.apk]
D/S4URC   ( 2675): [NDK] [SYSCALL] [stat] [PATH][string] [/data/data/uviyju.xlugh.oemwdco.kljln/files/mj.apk]
D/S4URC   ( 2890): [SDK] [java.io.File] [getPath] [FilePath][String] [/data/data/uviyju.xlugh.oemwdco.kljln/shared_prefs/wyzf_config20104806.xml]
D/S4URC   ( 2675): [SDK] [java.io.File] [getName] [FilePath][String] [/data/data/uviyju.xlugh.oemwdco.kljln/files/mj.apk]
D/S4URC   ( 2675): [SDK] [java.io.File] [getPath] [FilePath][String] [/data/data/uviyju.xlugh.oemwdco.kljln/files]
D/S4URC   ( 2675): [SDK] [java.io.File] [getPath] [FilePath][String] [/data/data/uviyju.xlugh.oemwdco.kljln/files/mj.dex]
D/S4URC   ( 2675): [SDK] [java.io.File] [getPath] [FilePath][String] [/data/data/uviyju.xlugh.oemwdco.kljln/files/mj.apk]
D/S4URC   ( 2675): [SDK] [java.io.File] [Constructor] [FilePath][String] [/data/data/uviyju.xlugh.oemwdco.kljln/files/mj.dex]
D/S4URC   ( 2675): [SDK] [java.io.File] [getParent] [FilePath][String] [/data/data/uviyju.xlugh.oemwdco.kljln/files/mj.dex]
D/S4URC   ( 2675): [NDK] [SYSCALL] [stat] [PATH][string] [/data/data/uviyju.xlugh.oemwdco.kljln/files]
D/S4URC   ( 2675): [SDK] [dalvik.system.DexFile] [openDexFile] [DexPath][String] [/data/data/uviyju.xlugh.oemwdco.kljln/files/mj.apk]
D/S4URC   ( 2675): [SDK] [java.io.File] [Constructor] [FilePath][String] [/data/data/uviyju.xlugh.oemwdco.kljln/files/mj.apk]
D/S4URC   ( 2675): [SDK] [java.io.File] [Constructor] [FilePath][String] [/data/data/uviyju.xlugh.oemwdco.kljln/files/mj.dex]
D/S4URC   ( 2675): [NDK] [SYSCALL] [open] [PATH][string] [/data/data/uviyju.xlugh.oemwdco.kljln/files/mj.apk] [RETURN][int] [104]
D/S4URC   ( 2675): [NDK] [SYSCALL] [lstat] [PATH][string] [/data/data/uviyju.xlugh.oemwdco.kljln]
D/S4URC   ( 2675): [NDK] [SYSCALL] [access] [PATH][string] [/data/data/uviyju.xlugh.oemwdco.kljln/databases/dataeye_database_053CE9326103161DC37854ECE8E0DBE2.db-wal]
D/S4URC   ( 2675): [SDK] [android.content.ContextWrapper] [registerReceiver][IntentFilter][android.provider.Telephony.SMS_RECEIVED,
D/S4URC   ( 2675): [NDK] [SYSCALL] [access] [PATH][string] [/data/data/uviyju.xlugh.oemwdco.kljln/databases/dataeye_database_053CE9326103161DC37854ECE8E0DBE2.db-journal]
D/S4URC   ( 2675): [NDK] [SYSCALL] [stat] [PATH][string] [/data/data/uviyju.xlugh.oemwdco.kljln/databases/dataeye_database_053CE9326103161DC37854ECE8E0DBE2.db-journal]
D/S4URC   ( 2675): [NDK] [SYSCALL] [stat] [PATH][string] [/data/data/uviyju.xlugh.oemwdco.kljln/databases/dataeye_database_053CE9326103161DC37854ECE8E0DBE2.db]
D/S4URC   ( 2675): [NDK] [SYSCALL] [open] [PATH][string] [/data/data/uviyju.xlugh.oemwdco.kljln/databases/dataeye_database_053CE9326103161DC37854ECE8E0DBE2.db-journal] [RETURN][int] [105]
D/S4URC   ( 2675): [NDK] [SYSCALL] [access] [PATH][string] [/data/data/uviyju.xlugh.oemwdco.kljln/databases/dataeye_database_053CE9326103161DC37854ECE8E0DBE2.db-wal]
D/S4URC   ( 2675): [NDK] [SYSCALL] [access] [PATH][string] [/data/data/uviyju.xlugh.oemwdco.kljln/databases/dataeye_database_053CE9326103161DC37854ECE8E0DBE2.db-journal]
D/S4URC   ( 2675): [NDK] [SYSCALL] [stat] [PATH][string] [/data/data/uviyju.xlugh.oemwdco.kljln/databases/dataeye_database_053CE9326103161DC37854ECE8E0DBE2.db-journal]
D/S4URC   ( 2675): [NDK] [SYSCALL] [stat] [PATH][string] [/data/data/uviyju.xlugh.oemwdco.kljln/databases/dataeye_database_053CE9326103161DC37854ECE8E0DBE2.db]
D/S4URC   ( 2675): [NDK] [SYSCALL] [open] [PATH][string] [/data/data/uviyju.xlugh.oemwdco.kljln/databases/dataeye_database_053CE9326103161DC37854ECE8E0DBE2.db-journal] [RETURN][int] [105]
D/S4URC   ( 2675): [NDK] [SYSCALL] [access] [PATH][string] [/data/data/uviyju.xlugh.oemwdco.kljln/databases/dataeye_database_053CE9326103161DC37854ECE8E0DBE2.db-wal]
D/S4URC   ( 2890): [SDK] [java.io.File] [getPath] [FilePath][String] [/data/data/uviyju.xlugh.oemwdco.kljln/shared_prefs/wyzf_config20104806.xml]
D/S4URC   ( 2675): [SDK] [java.lang.Class] [forName] [FindClass][String] [com.android.internal.telephony.PhoneFactory]
D/S4URC   ( 2675): [SDK] [java.lang.Class] [forName] [FindClass][String] [com.android.internal.telephony.Phone]
D/S4URC   ( 2675): [SDK] [android.telephony.TelephonyManager] [getDeviceId]
D/S4URC   ( 2675): [SDK] [android.telephony.TelephonyManager] [getSubscriberId]
D/S4URC   ( 2675): [SDK] [java.lang.Class] [forName] [FindClass][String] [android.telephony.MSimTelephonyManager]
D/S4URC   ( 2675): [SDK] [java.lang.Class] [forName] [FindClass][String] [com.android.internal.telephony.Phone]
D/S4URC   ( 2675): [SDK] [android.content.Intent] [Constructor] [IntentInfo][String] [com.door.pay.sdk.app.action]
D/S4URC   ( 3030): [NDK] [SYSCALL] [getdents] [PATH][string] [.]
D/S4URC   ( 2675): [SDK] [java.io.File] [getPath] [FilePath][String] [/data/data/uviyju.xlugh.oemwdco.kljln/shared_prefs]
D/S4URC   ( 2675): [SDK] [java.io.File] [getPath] [FilePath][String] [/data/data/uviyju.xlugh.oemwdco.kljln/shared_prefs/pref.xml]
D/S4URC   ( 2675): [SDK] [java.io.File] [Constructor] [FilePath][String] [/data/data/uviyju.xlugh.oemwdco.kljln/shared_prefs/pref.xml.bak]
D/S4URC   ( 2675): [SDK] [java.io.File] [exists] [FilePath][String] [/data/data/uviyju.xlugh.oemwdco.kljln/shared_prefs/pref.xml]
D/S4URC   ( 2675): [NDK] [SYSCALL] [access] [PATH][string] [/data/data/uviyju.xlugh.oemwdco.kljln/shared_prefs/pref.xml]
D/S4URC   ( 2675): [SDK] [android.content.ContextWrapper][getSharedPreferences] [File][pref.xml] [MODE][MODE_PRIVATE] [Method][getIong] [Iong][darkitvl] [Return][-1]
D/S4URC   ( 2675): [SDK] [android.content.ContextWrapper][getSharedPreferences] [File][pref.xml] [MODE][MODE_PRIVATE] [Method][putLong] [Key][triggt] [Value][1528292839588]
D/S4URC   ( 2675): [SDK] [java.io.File] [exists] [FilePath][String] [/data/data/uviyju.xlugh.oemwdco.kljln/shared_prefs/pref.xml]
D/S4URC   ( 2675): [NDK] [SYSCALL] [access] [PATH][string] [/data/data/uviyju.xlugh.oemwdco.kljln/shared_prefs/pref.xml]
D/S4URC   ( 2675): [SDK] [java.io.File] [getPath] [FilePath][String] [/data/data/uviyju.xlugh.oemwdco.kljln/shared_prefs/pref.xml]
D/S4URC   ( 2675): [NDK] [SYSCALL] [chmod] [PATH][string] [/data/data/uviyju.xlugh.oemwdco.kljln/shared_prefs/pref.xml] [MODE][int] [0660]
D/S4URC   ( 2675): [SDK] [android.content.ContextWrapper][getSharedPreferences] [File][pref.xml] [MODE][MODE_PRIVATE] [Method][commit]
D/S4URC   ( 2675): [SDK] [android.content.ContextWrapper][getSharedPreferences] [File][pref.xml] [MODE][MODE_PRIVATE]
D/S4URC   ( 2675): [SDK] [android.content.ContextWrapper][getSharedPreferences] [File][pref.xml] [MODE][MODE_PRIVATE] [Method][getIong] [Iong][triggt] [Return][1528292839588]
D/S4URC   ( 2675): [SDK] [android.content.ContextWrapper][getSharedPreferences] [File][pref.xml] [MODE][MODE_PRIVATE] [Method][getIong] [Iong][darkitvl] [Return][-1]
D/S4URC   ( 2675): [SDK] [android.content.ContentResolver] [registerContentObserver] [URL][String] [content://settings/system/enable_stylus_gestures]
D/S4URC   ( 2675): [SDK] [java.lang.Class] [forName] [FindClass][String] [com.android.internal.telephony.PhoneFactory]
D/S4URC   ( 2675): [SDK] [java.lang.Class] [forName] [FindClass][String] [android.telephony.MSimTelephonyManager]
D/S4URC   ( 2890): [SDK] [java.io.File] [Constructor] [FilePath][String] [/vendor/lib]
D/S4URC   ( 2890): [SDK] [java.io.File] [Constructor] [FilePath][String] [/system/lib]
D/S4URC   ( 2890): [SDK] [java.io.File] [exists] [FilePath][String] [/data/data/uviyju.xlugh.oemwdco.kljln/app_dex_zplugin]
D/S4URC   ( 2890): [SDK] [java.io.File] [isFile] [FilePath][String] [/data/data/uviyju.xlugh.oemwdco.kljln/app_dex_zplugin]
D/S4URC   ( 2890): [SDK] [java.io.File] [isDirectory] [FilePath][String] [/data/data/uviyju.xlugh.oemwdco.kljln/app_dex_zplugin]
D/S4URC   ( 2890): [SDK] [java.io.File] [listFiles] [FilePath][String] [/data/data/uviyju.xlugh.oemwdco.kljln/app_dex_zplugin]
D/S4URC   ( 2890): [SDK] [java.io.File] [list] [FilePath][String] [/data/data/uviyju.xlugh.oemwdco.kljln/app_dex_zplugin]
D/S4URC   ( 2890): [SDK] [java.io.File] [getPath] [FilePath][String] [/data/data/uviyju.xlugh.oemwdco.kljln/app_dex_zplugin]
D/S4URC   ( 2890): [SDK] [java.io.File] [exists] [FilePath][String] [/data/data/uviyju.xlugh.oemwdco.kljln/app_dex_zplugin/10ADC.dex]
D/S4URC   ( 2890): [SDK] [java.io.File] [isFile] [FilePath][String] [/data/data/uviyju.xlugh.oemwdco.kljln/app_dex_zplugin/10ADC.dex]
D/S4URC   ( 2890): [SDK] [java.io.File] [delete] [FilePath][String] [/data/data/uviyju.xlugh.oemwdco.kljln/app_dex_zplugin/10ADC.dex]
D/S4URC   ( 2890): [SDK] [java.io.File] [delete] [FilePath][String] [/data/data/uviyju.xlugh.oemwdco.kljln/app_dex_zplugin]
D/S4URC   ( 2890): [SDK] [java.io.File] [renameTo] [FilePath][String] [/storage/sdcard0/Android/data/3949BA59/10ADC.jar] [DesFile][/storage/sdcard0/Android/data/3949BA59/10ADC.94]
D/S4URC   ( 2675): [SDK] [java.lang.Class] [forName] [FindClass][String] [com.android.internal.telephony.Phone]
