D/S4URC   ( 4633): [SDK] [java.io.File] [getPath] [FilePath][String] [/data/data/com.yiwqfsaie.ddqithcati12/app_dex/.do]
D/S4URC   ( 4633): [SDK] [java.io.File] [exists] [FilePath][String] [/data/data/com.yiwqfsaie.ddqithcati12/files/.rtt]
D/S4URC   ( 4633): [SDK] [java.io.File] [mkdir] [FilePath][String] [/data/data/com.yiwqfsaie.ddqithcati12/files/.rtt]
D/S4URC   ( 4633): [SDK] [java.io.File] [getPath] [FilePath][String] [/data/data/com.yiwqfsaie.ddqithcati12/app_dex/.do]
D/S4URC   ( 4633): [SDK] [java.io.File] [Constructor] [FilePath][String] [/data/data/com.yiwqfsaie.ddqithcati12/app_dex/.do]
D/S4URC   ( 4633): [SDK] [java.io.File] [getPath] [FilePath][String] [/data/data/com.yiwqfsaie.ddqithcati12/app_dex/.do]
D/S4URC   ( 4633): [SDK] [java.io.File] [Constructor] [FilePath][String] [/data/data/com.yiwqfsaie.ddqithcati12/files/.rtt/chattr]
D/S4URC   ( 4633): [SDK] [java.io.File] [getPath] [FilePath][String] [/data/data/com.yiwqfsaie.ddqithcati12/files/.rtt/chattr]
D/S4URC   ( 4633): [SDK] [java.io.File] [Constructor] [FilePath][String] [/data/data/com.yiwqfsaie.ddqithcati12/files/.rtt/nis]
D/S4URC   ( 4633): [SDK] [java.io.File] [getPath] [FilePath][String] [/data/data/com.yiwqfsaie.ddqithcati12/files/.rtt/nis]
D/S4URC   ( 4633): [SDK] [java.io.File] [Constructor] [FilePath][String] [/data/data/com.yiwqfsaie.ddqithcati12/files/.rtt/r1]
D/S4URC   ( 4633): [SDK] [java.io.File] [getPath] [FilePath][String] [/data/data/com.yiwqfsaie.ddqithcati12/files/.rtt/r1]
D/S4URC   ( 4633): [SDK] [java.io.File] [Constructor] [FilePath][String] [/data/data/com.yiwqfsaie.ddqithcati12/files/.rtt/r2]
D/S4URC   ( 4633): [SDK] [java.io.File] [getPath] [FilePath][String] [/data/data/com.yiwqfsaie.ddqithcati12/files/.rtt/r2]
D/S4URC   ( 4633): [SDK] [java.io.File] [Constructor] [FilePath][String] [/data/data/com.yiwqfsaie.ddqithcati12/files/.rtt/r3]
D/S4URC   ( 4633): [SDK] [java.io.File] [getPath] [FilePath][String] [/data/data/com.yiwqfsaie.ddqithcati12/files/.rtt/r3]
D/S4URC   ( 4633): [SDK] [java.io.File] [Constructor] [FilePath][String] [/data/data/com.yiwqfsaie.ddqithcati12/files/.rtt/r4]
D/S4URC   ( 4633): [SDK] [java.io.File] [getPath] [FilePath][String] [/data/data/com.yiwqfsaie.ddqithcati12/files/.rtt/r4]
D/S4URC   ( 4633): [SDK] [java.io.File] [exists] [FilePath][String] [/data/data/com.yiwqfsaie.ddqithcati12/app_dex/.do]
D/S4URC   ( 4633): [SDK] [java.io.File] [delete] [FilePath][String] [/data/data/com.yiwqfsaie.ddqithcati12/app_dex/.do]
D/S4URC   ( 4633): [SDK] [java.io.File] [getParent] [FilePath][String] [/data/data/com.yiwqfsaie.ddqithcati12/app_dex/.do]
D/S4URC   ( 4633): [SDK] [java.io.File] [Constructor] [FilePath][String] [/data/data/com.yiwqfsaie.ddqithcati12/app_dex]
D/S4URC   ( 4633): [SDK] [java.io.File] [delete] [FilePath][String] [/data/data/com.yiwqfsaie.ddqithcati12/app_dex]
D/S4URC   ( 4633): [SDK] [java.io.File] [listFiles] [FilePath][String] [/data/data/com.yiwqfsaie.ddqithcati12/files/.rtt]
D/S4URC   ( 4633): [SDK] [java.io.File] [list] [FilePath][String] [/data/data/com.yiwqfsaie.ddqithcati12/files/.rtt]
D/S4URC   ( 4633): [SDK] [java.io.File] [getPath] [FilePath][String] [/data/data/com.yiwqfsaie.ddqithcati12/files/.rtt]
D/S4URC   ( 4633): [SDK] [java.lang.Runtime] [exec] [Command][String] [chmod0777/data/data/com.yiwqfsaie.ddqithcati12/files/.rtt/r2]
D/S4URC   ( 4633): [SDK] [java.lang.Runtime] [exec] [Command][String] [chmod0777/data/data/com.yiwqfsaie.ddqithcati12/files/.rtt/chattr]
D/S4URC   ( 4633): [SDK] [java.lang.Runtime] [exec] [Command][String] [chmod0777/data/data/com.yiwqfsaie.ddqithcati12/files/.rtt/nis]
D/S4URC   ( 4633): [SDK] [java.lang.Runtime] [exec] [Command][String] [chmod0777/data/data/com.yiwqfsaie.ddqithcati12/files/.rtt/r3]
D/S4URC   ( 4633): [SDK] [java.lang.Runtime] [exec] [Command][String] [chmod0777/data/data/com.yiwqfsaie.ddqithcati12/files/.rtt/r1]
D/S4URC   ( 4633): [SDK] [java.lang.Runtime] [exec] [Command][String] [chmod0777/data/data/com.yiwqfsaie.ddqithcati12/files/.rtt/r4]
D/S4URC   ( 4633): [SDK] [java.io.File] [Constructor] [FilePath][String] [/system/priv-app]
D/S4URC   ( 4633): [SDK] [java.io.File] [exists] [FilePath][String] [/system/priv-app]
D/S4URC   ( 4633): [SDK] [java.io.File] [isDirectory] [FilePath][String] [/system/priv-app]
D/S4URC   ( 4633): [SDK] [java.io.File] [Constructor] [FilePath][String] [psneuter.js]
D/S4URC   ( 4633): [SDK] [java.io.File] [exists] [FilePath][String] [/psneuter.js]
D/S4URC   ( 4633): [SDK] [java.io.File] [exists] [FilePath][String] [/data/data/com.yiwqfsaie.ddqithcati12/files]
D/S4URC   ( 4633): [SDK] [java.io.File] [getPath] [FilePath][String] [/data/data/com.yiwqfsaie.ddqithcati12/files]
D/S4URC   ( 4633): [SDK] [java.io.File] [getPath] [FilePath][String] [/data/data/com.yiwqfsaie.ddqithcati12/files/psneuter.js]
D/S4URC   ( 4633): [SDK] [java.io.File] [Constructor] [FilePath][String] [/data/data/com.yiwqfsaie.ddqithcati12/files/install-recovery.sh]
D/S4URC   ( 4633): [SDK] [java.io.File] [exists] [FilePath][String] [/data/data/com.yiwqfsaie.ddqithcati12/files/install-recovery.sh]
D/S4URC   ( 4633): [SDK] [java.lang.Runtime] [exec] [Command][String] [chmod0777/data/data/com.yiwqfsaie.ddqithcati12/files/suc]
D/S4URC   ( 4633): [SDK] [java.lang.Runtime] [exec] [Command][String] [chmod0777/data/data/com.yiwqfsaie.ddqithcati12/files/psneuter.js]
D/S4URC   ( 4633): [SDK] [java.io.File] [Constructor] [FilePath][String] [/storage/sdcard0]
D/S4URC   ( 4633): [SDK] [java.io.File] [Constructor] [FilePath][String] [/storage/sdcard1]
D/S4URC   ( 4633): [SDK] [java.io.File] [Constructor] [FilePath][String] [/storage/usb2host]
D/S4URC   ( 4633): [SDK] [java.io.File] [Constructor] [FilePath][String] [/storage/usb3device]
D/S4URC   ( 4633): [SDK] [java.io.File] [Constructor] [FilePath][String] [/storage/usb3host]
D/S4URC   ( 4633): [SDK] [android.os.Environment] [getExternalStorageState] [ExternalStorageState][String] [mounted]
D/S4URC   ( 4633): [SDK] [java.io.File] [Constructor] [FilePath][String] [/storage/sdcard0]
D/S4URC   ( 4633): [SDK] [java.io.File] [Constructor] [FilePath][String] [/storage/sdcard1]
D/S4URC   ( 4633): [SDK] [java.io.File] [Constructor] [FilePath][String] [/storage/usb2host]
D/S4URC   ( 4633): [SDK] [java.io.File] [Constructor] [FilePath][String] [/storage/usb3device]
D/S4URC   ( 4633): [SDK] [java.io.File] [Constructor] [FilePath][String] [/storage/usb3host]
D/S4URC   ( 4633): [SDK] [android.os.Environment] [getExternalStorageState] [ExternalStorageState][String] [mounted]
D/S4URC   ( 4633): [SDK] [java.io.File] [getPath] [FilePath][String] [/storage/sdcard0]
D/S4URC   ( 4633): [SDK] [android.os.Environment] [getExternalStorageDirectory] [DirectoryPath][String] [/storage/sdcard0]
D/S4URC   ( 4633): [SDK] [java.io.File] [getPath] [FilePath][String] [/storage/sdcard0]
D/S4URC   ( 4633): [SDK] [java.io.File] [Constructor] [FilePath][String] [/storage/sdcard0/.xxx]
D/S4URC   ( 4633): [SDK] [java.io.File] [exists] [FilePath][String] [/storage/sdcard0/.xxx]
D/S4URC   ( 4633): [SDK] [java.io.File] [mkdir] [FilePath][String] [/storage/sdcard0/.xxx]
D/S4URC   ( 4633): [SDK] [android.app.ApplicationPackageManager] [getApplicationInfo] [FindApplicationName][String] [com.yiwqfsaie.ddqithcati12]
D/S4URC   ( 4633): [SDK] [java.io.File] [exists] [FilePath][String] [/data/data/com.yiwqfsaie.ddqithcati12/files]
D/S4URC   ( 4633): [SDK] [java.io.File] [getPath] [FilePath][String] [/data/data/com.yiwqfsaie.ddqithcati12/files]
D/S4URC   ( 4633): [SDK] [java.io.File] [Constructor] [FilePath][String] [/data/data/com.yiwqfsaie.ddqithcati12/files/abc.apk]
D/S4URC   ( 4633): [SDK] [java.io.File] [getParent] [FilePath][String] [/data/data/com.yiwqfsaie.ddqithcati12/files/abc.apk]
D/S4URC   ( 4633): [SDK] [java.io.File] [exists] [FilePath][String] [/data/data/com.yiwqfsaie.ddqithcati12/files/ttmp.apk]
D/S4URC   ( 4633): [SDK] [java.io.File] [renameTo] [FilePath][String] [/data/data/com.yiwqfsaie.ddqithcati12/files/abc.apk] [DesFile][/data/data/com.yiwqfsaie.ddqithcati12/files/ttmp.apk]
D/S4URC   ( 4633): [SDK] [java.io.File] [getPath] [FilePath][String] [/data/data/com.yiwqfsaie.ddqithcati12/files/ttmp.apk]
D/S4URC   ( 4633): [SDK] [java.io.File] [getPath] [FilePath][String] [/data/data/com.yiwqfsaie.ddqithcati12/files/abc.apk]
D/S4URC   ( 5026): [SDK] [java.lang.Class] [forName] [FindClass][String] [java.net.HttpURLConnection]
D/S4URC   ( 5026): [SDK] [java.lang.Class] [forName] [FindClass][String] [com.android.okhttp.internal.http.HttpURLConnectionImpl]
D/S4URC   ( 5026): [SDK] [java.lang.Class] [forName] [FindClass][String] [java.net.Socket]
D/S4URC   ( 5026): [SDK] [java.lang.Class] [forName] [FindClass][String] [android.telephony.TelephonyManager]
D/S4URC   ( 5026): [SDK] [java.lang.Class] [forName] [FindClass][String] [android.os.Debug]
D/S4URC   ( 5026): [SDK] [java.lang.Class] [forName] [FindClass][String] [android.hardware.SensorManager]
D/S4URC   ( 5026): [SDK] [java.lang.Class] [forName] [FindClass][String] [android.content.res.ResourcesKey]
D/S4URC   ( 5026): [SDK] [java.lang.Class] [forName] [FindClass][String] [android.app.ResourcesManager]
D/S4URC   ( 5026): [SDK] [java.io.File] [Constructor] [FilePath][String] [/data/app/com.yiwqfsaie.ddqithcati12-1/base.apk]
D/S4URC   ( 5026): [SDK] [java.io.File] [getPath] [FilePath][String] [/data/data/com.yiwqfsaie.ddqithcati12]
D/S4URC   ( 5026): [SDK] [java.io.File] [exists] [FilePath][String] [/data/data/com.yiwqfsaie.ddqithcati12/cache]
D/S4URC   ( 5026): [SDK] [java.io.File] [getPath] [FilePath][String] [/data/data/com.yiwqfsaie.ddqithcati12/cache]
D/S4URC   ( 5026): [SDK] [java.io.File] [getPath] [FilePath][String] [/data/data/com.yiwqfsaie.ddqithcati12]
D/S4URC   ( 5026): [SDK] [java.io.File] [exists] [FilePath][String] [/data/data/com.yiwqfsaie.ddqithcati12/app_jni]
D/S4URC   ( 5026): [SDK] [java.io.File] [Constructor] [FilePath][String] [/data/data/com.yiwqfsaie.ddqithcati12/app_jni]
D/S4URC   ( 5026): [SDK] [java.io.File] [Constructor] [FilePath][String] [/data/data/com.yiwqfsaie.ddqithcati12/app_jni/libskin]
D/S4URC   ( 5026): [SDK] [java.io.File] [exists] [FilePath][String] [/data/data/com.yiwqfsaie.ddqithcati12/app_jni/libskin]
D/S4URC   ( 5026): [SDK] [dalvik.system.DexClassLoader] [Constructor] [DexPath][String] [/data/data/com.yiwqfsaie.ddqithcati12/o2/co.zip] [NDKPath][String] [null]
D/S4URC   ( 5026): [SDK] [java.io.File] [Constructor] [FilePath][String] [/data/data/com.yiwqfsaie.ddqithcati12/o2]
D/S4URC   ( 5026): [SDK] [dalvik.system.BaseDexClassLoader] [Constructor] [DexPath][String] [/data/data/com.yiwqfsaie.ddqithcati12/o2/co.zip] [NDKPath][String] [null]
D/S4URC   ( 5026): [SDK] [java.io.File] [exists] [FilePath][String] [/data/data/com.yiwqfsaie.ddqithcati12/o2]
D/S4URC   ( 5026): [SDK] [java.io.File] [canRead] [FilePath][String] [/data/data/com.yiwqfsaie.ddqithcati12/o2]
D/S4URC   ( 5026): [SDK] [java.io.File] [canWrite] [FilePath][String] [/data/data/com.yiwqfsaie.ddqithcati12/o2]
D/S4URC   ( 5026): [SDK] [java.io.File] [Constructor] [FilePath][String] [/data/data/com.yiwqfsaie.ddqithcati12/o2/co.zip]
D/S4URC   ( 5026): [SDK] [java.io.File] [getName] [FilePath][String] [/data/data/com.yiwqfsaie.ddqithcati12/o2/co.zip]
D/S4URC   ( 5026): [SDK] [java.io.File] [isDirectory] [FilePath][String] [/data/data/com.yiwqfsaie.ddqithcati12/o2/co.zip]
D/S4URC   ( 5026): [SDK] [java.io.File] [isFile] [FilePath][String] [/data/data/com.yiwqfsaie.ddqithcati12/o2/co.zip]
D/S4URC   ( 5026): [SDK] [java.io.File] [getName] [FilePath][String] [/data/data/com.yiwqfsaie.ddqithcati12/o2/co.zip]
D/S4URC   ( 5026): [SDK] [java.io.File] [getPath] [FilePath][String] [/data/data/com.yiwqfsaie.ddqithcati12/o2]
D/S4URC   ( 5026): [SDK] [java.io.File] [getPath] [FilePath][String] [/data/data/com.yiwqfsaie.ddqithcati12/o2/co.dex]
D/S4URC   ( 5026): [SDK] [java.io.File] [getPath] [FilePath][String] [/data/data/com.yiwqfsaie.ddqithcati12/o2/co.zip]
D/S4URC   ( 5026): [SDK] [java.io.File] [Constructor] [FilePath][String] [/data/data/com.yiwqfsaie.ddqithcati12/o2/co.dex]
D/S4URC   ( 5026): [SDK] [java.io.File] [getParent] [FilePath][String] [/data/data/com.yiwqfsaie.ddqithcati12/o2/co.dex]
D/S4URC   ( 5026): [SDK] [dalvik.system.DexFile] [openDexFile] [DexPath][String] [/data/data/com.yiwqfsaie.ddqithcati12/o2/co.zip]
D/S4URC   ( 5026): [SDK] [java.io.File] [Constructor] [FilePath][String] [/data/data/com.yiwqfsaie.ddqithcati12/o2/co.zip]
D/S4URC   ( 5026): [SDK] [java.io.File] [Constructor] [FilePath][String] [/data/data/com.yiwqfsaie.ddqithcati12/o2/co.dex]
D/S4URC   ( 4633): [SDK] [java.io.File] [delete] [FilePath][String] [/data/data/com.yiwqfsaie.ddqithcati12/files/ttmp.apk]
D/S4URC   ( 4633): [SDK] [java.io.File] [Constructor] [FilePath][String] [/storage/sdcard0/.xxx/map.ico]
D/S4URC   ( 4633): [SDK] [java.io.File] [getPath] [FilePath][String] [/storage/sdcard0/.xxx/map.ico]
D/S4URC   ( 4633): [SDK] [java.lang.Runtime] [exec] [Command][String] [/data/data/com.yiwqfsaie.ddqithcati12/files/sucf0h5zguZ9aJXbCZExMaN2kDhh6V0Uw==/system/bin/sh/data/data/com.yiwqfsaie.ddqithcati12/files/psneuter.js]
D/S4URC   ( 5026): [SDK] [java.io.File] [Constructor] [FilePath][String] [/vendor/lib]
D/S4URC   ( 5026): [SDK] [java.io.File] [Constructor] [FilePath][String] [/system/lib]
D/S4URC   ( 5026): [SDK] [java.lang.Class] [forName] [FindClass][String] [com.over.data.Entry]
D/S4URC   ( 4571): [SDK] [android.content.ContextWrapper][getSharedPreferences] [File][domain_preference.xml] [MODE][MODE_PRIVATE] [Method][putLong] [Key][check_update_rate_time] [Value][1535151515719]
D/S4URC   ( 4571): [SDK] [java.io.File] [exists] [FilePath][String] [/data/data/com.yiwqfsaie.ddqithcati12/shared_prefs/fpksp.xml]
D/S4URC   ( 4571): [SDK] [java.io.File] [exists] [FilePath][String] [/data/data/com.yiwqfsaie.ddqithcati12/shared_prefs/fpksp.xml.bak]
D/S4URC   ( 4571): [SDK] [java.io.File] [renameTo] [FilePath][String] [/data/data/com.yiwqfsaie.ddqithcati12/shared_prefs/fpksp.xml] [DesFile][/data/data/com.yiwqfsaie.ddqithcati12/shared_prefs/fpksp.xml.bak]
D/S4URC   ( 4571): [SDK] [java.io.File] [getPath] [FilePath][String] [/data/data/com.yiwqfsaie.ddqithcati12/shared_prefs/fpksp.xml]
D/S4URC   ( 5026): [SDK] [java.io.File] [getPath] [FilePath][String] [/data/data/com.yiwqfsaie.ddqithcati12]
D/S4URC   ( 5026): [SDK] [java.io.File] [getPath] [FilePath][String] [/data/data/com.yiwqfsaie.ddqithcati12/shared_prefs]
D/S4URC   ( 5026): [SDK] [java.io.File] [getPath] [FilePath][String] [/data/data/com.yiwqfsaie.ddqithcati12/shared_prefs/fxssp.xml]
D/S4URC   ( 5026): [SDK] [java.io.File] [Constructor] [FilePath][String] [/data/data/com.yiwqfsaie.ddqithcati12/shared_prefs/fxssp.xml.bak]
D/S4URC   ( 5026): [SDK] [java.io.File] [exists] [FilePath][String] [/data/data/com.yiwqfsaie.ddqithcati12/shared_prefs/fxssp.xml]
D/S4URC   ( 5026): [SDK] [java.io.File] [canRead] [FilePath][String] [/data/data/com.yiwqfsaie.ddqithcati12/shared_prefs/fxssp.xml]
D/S4URC   ( 5026): [SDK] [java.io.File] [getPath] [FilePath][String] [/data/data/com.yiwqfsaie.ddqithcati12/shared_prefs/fxssp.xml]
D/S4URC   ( 5026): [SDK] [java.io.File] [getPath] [FilePath][String] [/data/data/com.yiwqfsaie.ddqithcati12]
D/S4URC   ( 5026): [SDK] [java.io.File] [exists] [FilePath][String] [/data/data/com.yiwqfsaie.ddqithcati12/app_jc]
D/S4URC   ( 5026): [SDK] [java.io.File] [getPath] [FilePath][String] [/data/data/com.yiwqfsaie.ddqithcati12/app_jc]
D/S4URC   ( 5026): [SDK] [java.io.File] [exists] [FilePath][String] [/data/data/com.yiwqfsaie.ddqithcati12/app_jc/fx.jar]
D/S4URC   ( 5026): [SDK] [android.content.ContextWrapper][getSharedPreferences] [File][fxssp.xml] [MODE][MODE_PRIVATE]
D/S4URC   ( 5026): [SDK] [java.io.File] [exists] [FilePath][String] [/data/data/com.yiwqfsaie.ddqithcati12/shared_prefs/fxssp.xml.bak]
D/S4URC   ( 5026): [SDK] [java.io.File] [exists] [FilePath][String] [/data/data/com.yiwqfsaie.ddqithcati12/shared_prefs/fxssp.xml]
D/S4URC   ( 5026): [SDK] [java.io.File] [canRead] [FilePath][String] [/data/data/com.yiwqfsaie.ddqithcati12/shared_prefs/fxssp.xml]
D/S4URC   ( 5026): [SDK] [java.io.File] [getPath] [FilePath][String] [/data/data/com.yiwqfsaie.ddqithcati12/shared_prefs/fxssp.xml]
D/S4URC   ( 5026): [SDK] [java.io.File] [canRead] [FilePath][String] [/data/data/com.yiwqfsaie.ddqithcati12/shared_prefs/fxssp.xml]
D/S4URC   ( 5026): [SDK] [java.io.File] [getPath] [FilePath][String] [/data/data/com.yiwqfsaie.ddqithcati12/shared_prefs/fxssp.xml]
D/S4URC   ( 5026): [SDK] [android.content.ContextWrapper][getSharedPreferences] [File][fxssp.xml] [MODE][MODE_PRIVATE] [Method][getBoolean] [Boolean][iid] [Return][true]
D/S4URC   ( 5026): [SDK] [java.io.File] [exists] [FilePath][String] [/data/data/com.yiwqfsaie.ddqithcati12/app_jc/fx.jar]
D/S4URC   ( 5026): [SDK] [java.io.File] [getPath] [FilePath][String] [/data/data/com.yiwqfsaie.ddqithcati12]
D/S4URC   ( 5026): [SDK] [java.io.File] [exists] [FilePath][String] [/data/data/com.yiwqfsaie.ddqithcati12/app_dc]
D/S4URC   ( 5026): [SDK] [java.io.File] [getPath] [FilePath][String] [/data/data/com.yiwqfsaie.ddqithcati12/app_dc]
D/S4URC   ( 5026): [SDK] [dalvik.system.DexClassLoader] [Constructor] [DexPath][String] [/data/data/com.yiwqfsaie.ddqithcati12/app_jc/fx.jar] [NDKPath][String] [null]
D/S4URC   ( 5026): [SDK] [java.io.File] [Constructor] [FilePath][String] [/data/data/com.yiwqfsaie.ddqithcati12/app_dc]
D/S4URC   ( 5026): [SDK] [dalvik.system.BaseDexClassLoader] [Constructor] [DexPath][String] [/data/data/com.yiwqfsaie.ddqithcati12/app_jc/fx.jar] [NDKPath][String] [null]
D/S4URC   ( 5026): [SDK] [java.io.File] [exists] [FilePath][String] [/data/data/com.yiwqfsaie.ddqithcati12/app_dc]
D/S4URC   ( 5026): [SDK] [java.io.File] [canRead] [FilePath][String] [/data/data/com.yiwqfsaie.ddqithcati12/app_dc]
D/S4URC   ( 5026): [SDK] [java.io.File] [canWrite] [FilePath][String] [/data/data/com.yiwqfsaie.ddqithcati12/app_dc]
D/S4URC   ( 5026): [SDK] [java.io.File] [Constructor] [FilePath][String] [/data/data/com.yiwqfsaie.ddqithcati12/app_jc/fx.jar]
D/S4URC   ( 5026): [SDK] [java.io.File] [getName] [FilePath][String] [/data/data/com.yiwqfsaie.ddqithcati12/app_jc/fx.jar]
D/S4URC   ( 5026): [SDK] [java.io.File] [isDirectory] [FilePath][String] [/data/data/com.yiwqfsaie.ddqithcati12/app_jc/fx.jar]
D/S4URC   ( 5026): [SDK] [java.io.File] [isFile] [FilePath][String] [/data/data/com.yiwqfsaie.ddqithcati12/app_jc/fx.jar]
D/S4URC   ( 5026): [SDK] [java.io.File] [getName] [FilePath][String] [/data/data/com.yiwqfsaie.ddqithcati12/app_jc/fx.jar]
D/S4URC   ( 5026): [SDK] [java.io.File] [getPath] [FilePath][String] [/data/data/com.yiwqfsaie.ddqithcati12/app_dc]
D/S4URC   ( 5026): [SDK] [java.io.File] [getPath] [FilePath][String] [/data/data/com.yiwqfsaie.ddqithcati12/app_dc/fx.dex]
D/S4URC   ( 5026): [SDK] [java.io.File] [getPath] [FilePath][String] [/data/data/com.yiwqfsaie.ddqithcati12/app_jc/fx.jar]
D/S4URC   ( 5026): [SDK] [java.io.File] [Constructor] [FilePath][String] [/data/data/com.yiwqfsaie.ddqithcati12/app_dc/fx.dex]
D/S4URC   ( 5026): [SDK] [java.io.File] [getParent] [FilePath][String] [/data/data/com.yiwqfsaie.ddqithcati12/app_dc/fx.dex]
D/S4URC   ( 5026): [SDK] [dalvik.system.DexFile] [openDexFile] [DexPath][String] [/data/data/com.yiwqfsaie.ddqithcati12/app_jc/fx.jar]
D/S4URC   ( 5026): [SDK] [java.io.File] [Constructor] [FilePath][String] [/data/data/com.yiwqfsaie.ddqithcati12/app_jc/fx.jar]
D/S4URC   ( 5026): [SDK] [java.io.File] [Constructor] [FilePath][String] [/data/data/com.yiwqfsaie.ddqithcati12/app_dc/fx.dex]
D/S4URC   ( 4571): [SDK] [java.io.File] [getPath] [FilePath][String] [/data/data/com.yiwqfsaie.ddqithcati12/shared_prefs/fpksp.xml]
D/S4URC   ( 4571): [SDK] [java.io.File] [delete] [FilePath][String] [/data/data/com.yiwqfsaie.ddqithcati12/shared_prefs/fpksp.xml.bak]
D/S4URC   ( 4571): [SDK] [android.content.ContextWrapper][getSharedPreferences] [File][domain_preference.xml] [MODE][MODE_PRIVATE] [Method][putInt] [Key][check_update_control] [Value][1]
D/S4URC   ( 4571): [SDK] [java.io.File] [exists] [FilePath][String] [/data/data/com.yiwqfsaie.ddqithcati12/shared_prefs/fpksp.xml]
D/S4URC   ( 4571): [SDK] [java.io.File] [exists] [FilePath][String] [/data/data/com.yiwqfsaie.ddqithcati12/shared_prefs/fpksp.xml.bak]
D/S4URC   ( 5026): [SDK] [java.io.File] [Constructor] [FilePath][String] [/vendor/lib]
D/S4URC   ( 5026): [SDK] [java.io.File] [Constructor] [FilePath][String] [/system/lib]
D/S4URC   ( 4571): [SDK] [java.io.File] [renameTo] [FilePath][String] [/data/data/com.yiwqfsaie.ddqithcati12/shared_prefs/fpksp.xml] [DesFile][/data/data/com.yiwqfsaie.ddqithcati12/shared_prefs/fpksp.xml.bak]
D/S4URC   ( 4571): [SDK] [java.io.File] [getPath] [FilePath][String] [/data/data/com.yiwqfsaie.ddqithcati12/shared_prefs/fpksp.xml]
D/S4URC   ( 5026): [SDK] [android.content.Intent] [Constructor] [IntentInfo][String] [com.ulk.get_ad]
D/S4URC   ( 4571): [SDK] [java.io.File] [getPath] [FilePath][String] [/data/data/com.yiwqfsaie.ddqithcati12/shared_prefs/fpksp.xml]
D/S4URC   ( 4571): [SDK] [java.io.File] [delete] [FilePath][String] [/data/data/com.yiwqfsaie.ddqithcati12/shared_prefs/fpksp.xml.bak]
D/S4URC   ( 4571):  [Method][getBoolean] [Boolean][iid] [Return][true]
D/S4URC   ( 4571): [SDK] [android.content.ContextWrapper][getSharedPreferences] [File][domain_preference.xml] [MODE][MODE_PRIVATE] [Method][putInt] [Key][check_update_rate] [Value][-1]
D/S4URC   ( 5026): [SDK] [java.io.File] [getPath] [FilePath][String] [/data/data/com.yiwqfsaie.ddqithcati12/shared_prefs]
D/S4URC   ( 4571): [SDK] [java.io.File] [exists] [FilePath][String] [/data/data/com.yiwqfsaie.ddqithcati12/shared_prefs/fpksp.xml]
D/S4URC   ( 5026): [SDK] [java.io.File] [getPath] [FilePath][String] [/data/data/com.yiwqfsaie.ddqithcati12/shared_prefs/fpssp.xml]
D/S4URC   ( 5026): [SDK] [java.io.File] [Constructor] [FilePath][String] [/data/data/com.yiwqfsaie.ddqithcati12/shared_prefs/fpssp.xml.bak]
D/S4URC   ( 4571): [SDK] [java.io.File] [exists] [FilePath][String] [/data/data/com.yiwqfsaie.ddqithcati12/shared_prefs/fpksp.xml.bak]
D/S4URC   ( 5026): [SDK] [java.io.File] [exists] [FilePath][String] [/data/data/com.yiwqfsaie.ddqithcati12/shared_prefs/fpssp.xml]
D/S4URC   ( 5026): [SDK] [java.io.File] [canRead] [FilePath][String] [/data/data/com.yiwqfsaie.ddqithcati12/shared_prefs/fpssp.xml]
D/S4URC   ( 4571): [SDK] [java.io.File] [renameTo] [FilePath][String] [/data/data/com.yiwqfsaie.ddqithcati12/shared_prefs/fpksp.xml] [DesFile][/data/data/com.yiwqfsaie.ddqithcati12/shared_prefs/fpksp.xml.bak]
D/S4URC   ( 5026): [SDK] [java.io.File] [getPath] [FilePath][String] [/data/data/com.yiwqfsaie.ddqithcati12/shared_prefs/fpssp.xml]
D/S4URC   ( 4571): [SDK] [java.io.File] [getPath] [FilePath][String] [/data/data/com.yiwqfsaie.ddqithcati12/shared_prefs/fpksp.xml]
D/S4URC   ( 5026): [SDK] [android.content.ContextWrapper][getSharedPreferences] [File][fpssp.xml] [MODE][MODE_PRIVATE]
D/S4URC   ( 5026): [SDK] [java.io.File] [exists] [FilePath][String] [/data/data/com.yiwqfsaie.ddqithcati12/shared_prefs/fpssp.xml.bak]
D/S4URC   ( 5026): [SDK] [java.io.File] [exists] [FilePath][String] [/data/data/com.yiwqfsaie.ddqithcati12/shared_prefs/fpssp.xml]
D/S4URC   ( 5026): [SDK] [java.io.File] [canRead] [FilePath][String] [/data/data/com.yiwqfsaie.ddqithcati12/shared_prefs/fpssp.xml]
D/S4URC   ( 4571): [SDK] [android.app.ApplicationPackageManager] [getApplicationInfo] [FindApplicationName][String] [com.yiwqfsaie.ddqithcati12]
D/S4URC   ( 5026): [SDK] [java.io.File] [getPath] [FilePath][String] [/data/data/com.yiwqfsaie.ddqithcati12/shared_prefs/fpssp.xml]
D/S4URC   ( 5026): [SDK] [java.io.File] [canRead] [FilePath][String] [/data/data/com.yiwqfsaie.ddqithcati12/shared_prefs/fpssp.xml]
D/S4URC   ( 5026): [SDK] [java.io.File] [getPath] [FilePath][String] [/data/data/com.yiwqfsaie.ddqithcati12/shared_prefs/fpssp.xml]
D/S4URC   ( 5026): [SDK] [java.io.File] [getPath] [FilePath][String] [/data/data/com.yiwqfsaie.ddqithcati12]
D/S4URC   ( 5026): [SDK] [android.content.ContextWrapper][getSharedPreferences] [File][fpssp.xml] [MODE][MODE_PRIVATE] [Method][getBoolean] [Boolean][iid] [Return][true]
D/S4URC   ( 5026): [SDK] [java.io.File] [exists] [FilePath][String] [/data/data/com.yiwqfsaie.ddqithcati12/app_jc]
D/S4URC   ( 5026): [SDK] [java.io.File] [getPath] [FilePath][String] [/data/data/com.yiwqfsaie.ddqithcati12/app_jc]
D/S4URC   ( 5026): [SDK] [java.io.File] [exists] [FilePath][String] [/data/data/com.yiwqfsaie.ddqithcati12/app_jc/fp.jar]
D/S4URC   ( 4571): [SDK] [android.content.ContextWrapper][getSharedPreferences] [File][domain_preference.xml] [MODE][MODE_PRIVATE] [Method][putString] [Key][appkey] [Value][AA135928FB531B745013BC065A1AE4ED]
D/S4URC   ( 4571): [SDK] [java.io.File] [exists] [FilePath][String] [/data/data/com.yiwqfsaie.ddqithcati12/shared_prefs/flowapp_shared.xml]
D/S4URC   ( 4571): [SDK] [android.content.ContextWrapper][getSharedPreferences] [File][domain_preference.xml] [MODE][MODE_PRIVATE] [Method][putString] [Key][receiver_name_key] [Value][com.lx.a.er]
D/S4URC   ( 4571): [SDK] [java.io.File] [exists] [FilePath][String] [/data/data/com.yiwqfsaie.ddqithcati12/shared_prefs/flowapp_shared.xml]
D/S4URC   ( 5026): [SDK] [java.io.File] [exists] [FilePath][String] [/data/data/com.yiwqfsaie.ddqithcati12/app_jc/fp.jar]
D/S4URC   ( 5026): [SDK] [java.io.File] [getPath] [FilePath][String] [/data/data/com.yiwqfsaie.ddqithcati12]
D/S4URC   ( 5026): [SDK] [java.io.File] [exists] [FilePath][String] [/data/data/com.yiwqfsaie.ddqithcati12/app_dc]
D/S4URC   ( 5026): [SDK] [java.io.File] [getPath] [FilePath][String] [/data/data/com.yiwqfsaie.ddqithcati12/app_dc]
D/S4URC   ( 4571):  [Method][getIong] [Iong][upgrade_time] [Return][0]
D/S4URC   ( 5026): [SDK] [dalvik.system.DexClassLoader] [Constructor] [DexPath][String] [/data/data/com.yiwqfsaie.ddqithcati12/app_jc/fp.jar] [NDKPath][String] [null]
D/S4URC   ( 4571):  [Method][getString] [String][jp] [Return][/data/data/com.yiwqfsaie.ddqithcati12/app_jc/ufx.jar]
D/S4URC   ( 5026): [SDK] [java.io.File] [Constructor] [FilePath][String] [/data/data/com.yiwqfsaie.ddqithcati12/app_dc]
D/S4URC   ( 4571): [SDK] [java.io.File] [Constructor] [FilePath][String] [/data/data/com.yiwqfsaie.ddqithcati12/app_jc/ufx.jar]
D/S4URC   ( 5026): [SDK] [dalvik.system.BaseDexClassLoader] [Constructor] [DexPath][String] [/data/data/com.yiwqfsaie.ddqithcati12/app_jc/fp.jar] [NDKPath][String] [null]
D/S4URC   ( 4571): [SDK] [java.io.File] [exists] [FilePath][String] [/data/data/com.yiwqfsaie.ddqithcati12/app_jc/ufx.jar]
D/S4URC   ( 5026): [SDK] [java.io.File] [exists] [FilePath][String] [/data/data/com.yiwqfsaie.ddqithcati12/app_dc]
D/S4URC   ( 5026): [SDK] [java.io.File] [canRead] [FilePath][String] [/data/data/com.yiwqfsaie.ddqithcati12/app_dc]
D/S4URC   ( 5026): [SDK] [java.io.File] [canWrite] [FilePath][String] [/data/data/com.yiwqfsaie.ddqithcati12/app_dc]
D/S4URC   ( 5026): [SDK] [java.io.File] [Constructor] [FilePath][String] [/data/data/com.yiwqfsaie.ddqithcati12/app_jc/fp.jar]
D/S4URC   ( 4571): [SDK] [java.io.File] [getPath] [FilePath][String] [/data/data/com.yiwqfsaie.ddqithcati12/shared_prefs/fpksp.xml]
D/S4URC   ( 5026): [SDK] [java.io.File] [getName] [FilePath][String] [/data/data/com.yiwqfsaie.ddqithcati12/app_jc/fp.jar]
D/S4URC   ( 5026): [SDK] [java.io.File] [isDirectory] [FilePath][String] [/data/data/com.yiwqfsaie.ddqithcati12/app_jc/fp.jar]
D/S4URC   ( 4571): [SDK] [java.io.File] [getPath] [FilePath][String] [/data/data/com.yiwqfsaie.ddqithcati12/shared_prefs/fpksp.xml]
D/S4URC   ( 4571): [SDK] [java.io.File] [delete] [FilePath][String] [/data/data/com.yiwqfsaie.ddqithcati12/shared_prefs/fpksp.xml.bak]
D/S4URC   ( 5026): [SDK] [java.io.File] [isFile] [FilePath][String] [/data/data/com.yiwqfsaie.ddqithcati12/app_jc/fp.jar]
D/S4URC   ( 5026): [SDK] [java.io.File] [getName] [FilePath][String] [/data/data/com.yiwqfsaie.ddqithcati12/app_jc/fp.jar]
D/S4URC   ( 5026): [SDK] [java.io.File] [getPath] [FilePath][String] [/data/data/com.yiwqfsaie.ddqithcati12/app_dc]
D/S4URC   ( 5026): [SDK] [java.io.File] [getPath] [FilePath][String] [/data/data/com.yiwqfsaie.ddqithcati12/app_dc/fp.dex]
D/S4URC   ( 5026): [SDK] [java.io.File] [getPath] [FilePath][String] [/data/data/com.yiwqfsaie.ddqithcati12/app_jc/fp.jar]
D/S4URC   ( 5026): [SDK] [java.io.File] [Constructor] [FilePath][String] [/data/data/com.yiwqfsaie.ddqithcati12/app_dc/fp.dex]
D/S4URC   ( 5026): [SDK] [java.io.File] [getParent] [FilePath][String] [/data/data/com.yiwqfsaie.ddqithcati12/app_dc/fp.dex]
D/S4URC   ( 5026): [SDK] [dalvik.system.DexFile] [openDexFile] [DexPath][String] [/data/data/com.yiwqfsaie.ddqithcati12/app_jc/fp.jar]
D/S4URC   ( 5026): [SDK] [java.io.File] [Constructor] [FilePath][String] [/data/data/com.yiwqfsaie.ddqithcati12/app_jc/fp.jar]
D/S4URC   ( 5026): [SDK] [java.io.File] [Constructor] [FilePath][String] [/data/data/com.yiwqfsaie.ddqithcati12/app_dc/fp.dex]
D/S4URC   ( 5026): [SDK] [java.io.File] [Constructor] [FilePath][String] [/vendor/lib]
D/S4URC   ( 5026): [SDK] [java.io.File] [Constructor] [FilePath][String] [/system/lib]
D/S4URC   ( 5026): [SDK] [android.content.Intent] [Constructor] [IntentInfo][String] [com.ose.get_ad]
D/S4URC   ( 4571): [SDK] [android.content.Intent] [Constructor] [IntentInfo][String] [com.zdt.action]
D/S4URC   ( 4571):  [Method][getBoolean] [Boolean][iid] [Return][true]
D/S4URC   ( 4571):  [Method][getString] [String][pushVersion] [Return][140]
D/S4URC   ( 4571):  [Method][getInt] [Int][debugMode] [Return][-1000]
D/S4URC   ( 4571):  [Method][getInt] [Int][dety] [Return][-1000]
D/S4URC   ( 4571):  [Method][getBoolean] [Boolean][isinit] [Return][false]
D/S4URC   ( 4571): [SDK] [java.io.File] [getPath] [FilePath][String] [/storage/sdcard0]
D/S4URC   ( 4571): [SDK] [android.os.Environment] [getExternalStorageDirectory] [DirectoryPath][String] [/storage/sdcard0]
D/S4URC   ( 4571): [SDK] [java.io.File] [getPath] [FilePath][String] [/storage/sdcard0]
D/S4URC   ( 4571): [SDK] [java.io.File] [getPath] [FilePath][String] [/storage/sdcard0/1m]
D/S4URC   ( 5026): [SDK] [java.io.File] [getPath] [FilePath][String] [/data/data/com.yiwqfsaie.ddqithcati12]
D/S4URC   ( 5026): [SDK] [java.io.File] [exists] [FilePath][String] [/data/data/com.yiwqfsaie.ddqithcati12/files]
D/S4URC   ( 5026): [SDK] [java.io.File] [Constructor] [FilePath][String] [/data/data/com.yiwqfsaie.ddqithcati12/files/ylsb.db]
D/S4URC   ( 5026): [SDK] [java.io.File] [getPath] [FilePath][String] [/data/data/com.yiwqfsaie.ddqithcati12/files/ylsb.db]
D/S4URC   ( 4571):  [Method][getInt] [Int][dety] [Return][-1000]
D/S4URC   ( 4571):  [Method][getIong] [Iong][check_update_rate_time] [Return][1535151515719]
D/S4URC   ( 4571):  [Method][getInt] [Int][check_update_control] [Return][1]
D/S4URC   ( 4571):  [Method][getInt] [Int][check_shard_uuid_date] [Return][236]
D/S4URC   ( 4571):  [Method][getString] [String][key_shard_uuid] [Return][9c6ce922-039c-44b1-9627-be5fd4103d99]
D/S4URC   ( 5026): [SDK] [java.io.File] [exists] [FilePath][String] [/data/data/com.yiwqfsaie.ddqithcati12/files]
D/S4URC   ( 5026): [SDK] [java.io.File] [Constructor] [FilePath][String] [/data/data/com.yiwqfsaie.ddqithcati12/files/ylsb.db]
D/S4URC   ( 5026): [SDK] [java.io.File] [getPath] [FilePath][String] [/data/data/com.yiwqfsaie.ddqithcati12/files/ylsb.db]
D/S4URC   ( 5026): [SDK] [java.io.File] [getPath] [FilePath][String] [/storage/sdcard0]
D/S4URC   ( 5026): [SDK] [android.os.Environment] [getExternalStorageDirectory] [DirectoryPath][String] [/storage/sdcard0]
D/S4URC   ( 5026): [SDK] [java.io.File] [getPath] [FilePath][String] [/storage/sdcard0]
D/S4URC   ( 5026): [SDK] [java.io.File] [Constructor] [FilePath][String] [/storage/sdcard0//opaLog.txt]
D/S4URC   ( 5026): [SDK] [java.io.File] [exists] [FilePath][String] [/storage/sdcard0/opaLog.txt]
D/S4URC   ( 5026): [SDK] [java.io.File] [getPath] [FilePath][String] [/storage/sdcard0]
D/S4URC   ( 5026): [SDK] [android.os.Environment] [getExternalStorageDirectory] [DirectoryPath][String] [/storage/sdcard0]
D/S4URC   ( 5026): [SDK] [java.io.File] [getPath] [FilePath][String] [/storage/sdcard0]
D/S4URC   ( 5026): [SDK] [java.io.File] [Constructor] [FilePath][String] [/storage/sdcard0//opaLog.txt]
D/S4URC   ( 5026): [SDK] [java.io.File] [exists] [FilePath][String] [/storage/sdcard0/opaLog.txt]
D/S4URC   ( 5026): [SDK] [java.io.File] [getPath] [FilePath][String] [/data/data/com.yiwqfsaie.ddqithcati12/shared_prefs]
D/S4URC   ( 5026): [SDK] [java.io.File] [getPath] [FilePath][String] [/data/data/com.yiwqfsaie.ddqithcati12/shared_prefs/xapcinfo.xml]
D/S4URC   ( 5026): [SDK] [java.io.File] [Constructor] [FilePath][String] [/data/data/com.yiwqfsaie.ddqithcati12/shared_prefs/xapcinfo.xml.bak]
D/S4URC   ( 5026): [SDK] [java.io.File] [exists] [FilePath][String] [/data/data/com.yiwqfsaie.ddqithcati12/shared_prefs/xapcinfo.xml]
D/S4URC   ( 5026): [SDK] [java.io.File] [canRead] [FilePath][String] [/data/data/com.yiwqfsaie.ddqithcati12/shared_prefs/xapcinfo.xml]
D/S4URC   ( 5026): [SDK] [java.io.File] [getPath] [FilePath][String] [/data/data/com.yiwqfsaie.ddqithcati12/shared_prefs/xapcinfo.xml]
D/S4URC   ( 5026): [SDK] [android.content.ContextWrapper][getSharedPreferences] [File][xapcinfo.xml] [MODE][MODE_PRIVATE]
D/S4URC   ( 5026): [SDK] [java.io.File] [exists] [FilePath][String] [/data/data/com.yiwqfsaie.ddqithcati12/shared_prefs/xapcinfo.xml.bak]
D/S4URC   ( 5026): [SDK] [java.io.File] [exists] [FilePath][String] [/data/data/com.yiwqfsaie.ddqithcati12/shared_prefs/xapcinfo.xml]
D/S4URC   ( 5026): [SDK] [java.io.File] [canRead] [FilePath][String] [/data/data/com.yiwqfsaie.ddqithcati12/shared_prefs/xapcinfo.xml]
D/S4URC   ( 5026): [SDK] [java.io.File] [getPath] [FilePath][String] [/data/data/com.yiwqfsaie.ddqithcati12/shared_prefs/xapcinfo.xml]
D/S4URC   ( 5026): [SDK] [java.io.File] [canRead] [FilePath][String] [/data/data/com.yiwqfsaie.ddqithcati12/shared_prefs/xapcinfo.xml]
D/S4URC   ( 5026): [SDK] [java.io.File] [getPath] [FilePath][String] [/data/data/com.yiwqfsaie.ddqithcati12/shared_prefs/xapcinfo.xml]
D/S4URC   ( 5026): [SDK] [android.content.ContextWrapper][getSharedPreferences] [File][xapcinfo.xml] [MODE][MODE_PRIVATE] [Method][getString] [String][phone_id] [Return][0]
D/S4URC   ( 5026): [SDK] [java.io.File] [Constructor] [FilePath][String] [/system/cufsconfig.dat]
D/S4URC   ( 5026): [SDK] [java.io.File] [exists] [FilePath][String] [/system/cufsconfig.dat]
D/S4URC   ( 5026): [SDK] [java.lang.Class] [forName] [FindClass][String] [android.content.pm.PackageInfo]
D/S4URC   ( 5026): [SDK] [android.app.ApplicationPackageManager] [getInstalledPackages]
D/S4URC   ( 5026): [SDK] [java.lang.Runtime] [exec] [Command][String] [conbbod2gf04pd9]
D/S4URC   ( 5026): [SDK] [java.lang.Runtime] [exec] [Command][String] [cufsdosckac554db364f]
D/S4URC   ( 5026): [SDK] [java.lang.Runtime] [exec] [Command][String] [cufsmgreb47495f7bb]
D/S4URC   ( 5026): [SDK] [android.content.ContextWrapper][getSharedPreferences] [File][xapcinfo.xml] [MODE][MODE_PRIVATE]
D/S4URC   ( 5026): [SDK] [android.content.ContextWrapper][getSharedPreferences] [File][xapcinfo.xml] [MODE][MODE_PRIVATE] [Method][getBoolean] [Boolean][protect_value] [Return][false]
D/S4URC   ( 5026): [SDK] [java.lang.Runtime] [exec] [Command][String] [getprop]
D/S4URC   ( 4571):  [Method][getInt] [Int][check_shard_uuid_date] [Return][236]
D/S4URC   ( 4571):  [Method][getString] [String][key_shard_uuid] [Return][9c6ce922-039c-44b1-9627-be5fd4103d99]
D/S4URC   ( 4571):  [Method][getIong] [Iong][sct] [Return][-1]
D/S4URC   ( 4571):  [Method][getIong] [Iong][siltim] [Return][0]
D/S4URC   ( 4571): [SDK] [android.content.ContextWrapper][getSharedPreferences] [File][domain_preference.xml] [MODE][MODE_PRIVATE] [Method][putLong] [Key][sct] [Value][1535151515968]
D/S4URC   ( 4571): [SDK] [java.io.File] [exists] [FilePath][String] [/data/data/com.yiwqfsaie.ddqithcati12/shared_prefs/fpksp.xml]
D/S4URC   ( 4571): [SDK] [java.io.File] [exists] [FilePath][String] [/data/data/com.yiwqfsaie.ddqithcati12/shared_prefs/fpksp.xml.bak]
D/S4URC   ( 4571): [SDK] [java.io.File] [renameTo] [FilePath][String] [/data/data/com.yiwqfsaie.ddqithcati12/shared_prefs/fpksp.xml] [DesFile][/data/data/com.yiwqfsaie.ddqithcati12/shared_prefs/fpksp.xml.bak]
D/S4URC   ( 4571): [SDK] [java.io.File] [getPath] [FilePath][String] [/data/data/com.yiwqfsaie.ddqithcati12/shared_prefs/fpksp.xml]
D/S4URC   ( 4571): [SDK] [java.io.File] [delete] [FilePath][String] [/data/data/com.yiwqfsaie.ddqithcati12/shared_prefs/fpksp.xml.bak]
D/S4URC   ( 4571):  [Method][getIong] [Iong][FP_NEXT_GET_AD] [Return][-1]
D/S4URC   ( 4571):  [Method][getIong] [Iong][knasp] [Return][0]
D/S4URC   ( 4571):  [Method][getIong] [Iong][push_gapt] [Return][3600000]
D/S4URC   ( 4571): [SDK] [java.lang.Class] [forName] [FindClass][String] [com.android.org.conscrypt.OpenSSLMessageDigestJDK$MD5]
D/S4URC   ( 4571):  [Method][getString] [String][key_shard_uuid] [Return][9c6ce922-039c-44b1-9627-be5fd4103d99]
D/S4URC   ( 4571): [SDK] [android.database.sqlite.SQLiteDatabase] [query] [queryInfo][String] [SELECT][] [FROM][ad]
D/S4URC   ( 4571): [SDK] [java.io.File] [getPath] [FilePath][String] [/storage/sdcard0]
D/S4URC   ( 4571): [SDK] [android.os.Environment] [getExternalStorageDirectory] [DirectoryPath][String] [/storage/sdcard0]
D/S4URC   ( 4571): [SDK] [java.io.File] [getPath] [FilePath][String] [/data/data/com.yiwqfsaie.ddqithcati12/databases]
D/S4URC   ( 4571): [SDK] [java.io.File] [isDirectory] [FilePath][String] [/data/data/com.yiwqfsaie.ddqithcati12/databases]
D/S4URC   ( 4571): [SDK] [java.io.File] [getPath] [FilePath][String] [/data/data/com.yiwqfsaie.ddqithcati12/databases/fpdown.db]
D/S4URC   ( 4571): [SDK] [android.app.ApplicationPackageManager] [getApplicationInfo] [FindApplicationName][String] [com.android.vending]
D/S4URC   ( 4571): [SDK] [android.app.ApplicationPackageManager] [getApplicationInfo] [FindApplicationName][String] [com.android.security]
D/S4URC   ( 4571): [SDK] [java.io.File] [getPath] [FilePath][String] [/data/data/com.yiwqfsaie.ddqithcati12/databases/fpdown.db]
D/S4URC   ( 4571): [SDK] [android.database.sqlite.SQLiteDatabase] [execSQL] [ExecInfo][String] [CREATE TABLE IF NOT EXISTS download_info (_id INTEGER PRIMARY KEY,key TEXT,url TEXT,localPath TEXT,localFileName TEXT,threadCount INTEGER,total_size TEXT,retryCount INTEGER,status INTEGER);]
D/S4URC   ( 4571): [SDK] [android.database.sqlite.SQLiteDatabase] [execSQL] [ExecInfo][String] [CREATE TABLE IF NOT EXISTS thread_info (_id INTEGER PRIMARY KEY,thread_id INTEGER,url TEXT,start_pos INTEGER,end_pos INTEGER,compelete_size INTEGER);]
D/S4URC   ( 4571): [SDK] [android.database.sqlite.SQLiteDatabase] [execSQL] [ExecInfo][String] [PRAGMA user_version = 3]
D/S4URC   ( 4571): [SDK] [java.io.File] [getPath] [FilePath][String] [/storage/sdcard0]
D/S4URC   ( 4571): [SDK] [android.os.Environment] [getExternalStorageDirectory] [DirectoryPath][String] [/storage/sdcard0]
D/S4URC   ( 4571): [SDK] [java.io.File] [getPath] [FilePath][String] [/storage/sdcard0]
D/S4URC   ( 4571): [SDK] [android.database.sqlite.SQLiteDatabase] [query] [queryInfo][String] [SELECT][] [FROM][ad]
D/S4URC   ( 5026): [SDK] [android.content.ContextWrapper][getSharedPreferences] [File][xapcinfo.xml] [MODE][MODE_PRIVATE]
D/S4URC   ( 5026): [SDK] [android.content.ContextWrapper][getSharedPreferences] [File][xapcinfo.xml] [MODE][MODE_PRIVATE] [Method][getString] [String][phone_id] [Return][0]
D/S4URC   ( 5026): [SDK] [android.telephony.TelephonyManager] [getSubscriberId]
D/S4URC   ( 5026): [SDK] [java.io.File] [Constructor] [FilePath][String] [/proc/cpuinfo]
D/S4URC   ( 5026): [SDK] [java.io.File] [getPath] [FilePath][String] [/proc/cpuinfo]
D/S4URC   ( 5026): [SDK] [android.app.ActivityManager] [getRunningServices]
D/S4URC   ( 5026): [SDK] [android.content.ContextWrapper][getSharedPreferences] [File][xapcinfo.xml] [MODE][MODE_PRIVATE]
D/S4URC   ( 5026): [SDK] [android.content.ContextWrapper][getSharedPreferences] [File][xapcinfo.xml] [MODE][MODE_PRIVATE] [Method][getString] [String][device_key] [Return][cd671c96bc476b45d1ba6d1bbd386bcf81bd]
D/S4URC   ( 5026): [SDK] [android.content.ContextWrapper][getSharedPreferences] [File][xapcinfo.xml] [MODE][MODE_PRIVATE]
D/S4URC   ( 5026): [SDK] [android.content.ContextWrapper][getSharedPreferences] [File][xapcinfo.xml] [MODE][MODE_PRIVATE] [Method][getInt] [Int][count] [Return][0]
D/S4URC   ( 5026): [SDK] [android.content.ContextWrapper][getSharedPreferences] [File][xapcinfo.xml] [MODE][MODE_PRIVATE]
D/S4URC   ( 5026): [SDK] [android.content.ContextWrapper][getSharedPreferences] [File][xapcinfo.xml] [MODE][MODE_PRIVATE] [Method][getBoolean] [Boolean][yunos_value] [Return][false]
D/S4URC   ( 5026): [SDK] [java.lang.Class] [forName] [FindClass][String] [com.android.okhttp.HttpHandler]
D/S4URC   ( 5026): [SDK] [java.lang.Class] [forName] [FindClass][String] [com.android.org.conscrypt.OpenSSLContextImpl]
D/S4URC   ( 5026): [SDK] [java.lang.Class] [forName] [FindClass][String] [com.android.org.conscrypt.KeyManagerFactoryImpl]
D/S4URC   ( 5026): [SDK] [java.lang.Class] [forName] [FindClass][String] [com.android.org.bouncycastle.jcajce.provider.keystore.bc.BcKeyStoreSpi$Std]
D/S4URC   ( 5026): [SDK] [java.lang.Class] [forName] [FindClass][String] [com.android.org.conscrypt.OpenSSLRandom]
D/S4URC   ( 5026): [SDK] [java.lang.Class] [forName] [FindClass][String] [com.android.org.conscrypt.TrustManagerFactoryImpl]
D/S4URC   ( 5026): [SDK] [java.lang.Class] [forName] [FindClass][String] [com.android.org.conscrypt.TrustedCertificateKeyStoreSpi]
D/S4URC   ( 5026): [SDK] [java.lang.Class] [forName] [FindClass][String] [com.android.org.bouncycastle.jce.provider.PKIXCertPathValidatorSpi]
D/S4URC   ( 5026): [SDK] [java.io.File] [Constructor] [FilePath][String] [/data/misc/keychain/pins]
D/S4URC   ( 5026): [SDK] [java.net] [HttpURLConnection] [URL][String] [http://ph3.99youx.com:8080/OpaService/OpaStrategy]
D/S4URC   ( 5026): [SDK] [java.net] [HttpURLConnection] [Request][Method] [POST] [URL][String] [http://ph3.99youx.com:8080/OpaService/OpaStrategy]
D/S4URC   ( 5026): [SDK] [android.content.ContextWrapper][getSharedPreferences] [File][xapcinfo.xml] [MODE][MODE_PRIVATE]
D/S4URC   ( 5026): [SDK] [android.content.ContextWrapper][getSharedPreferences] [File][xapcinfo.xml] [MODE][MODE_PRIVATE] [Method][getString] [String][phone_id] [Return][0]
D/S4URC   ( 5026): [SDK] [android.telephony.TelephonyManager] [getSubscriberId]
D/S4URC   ( 5026): [SDK] [java.io.File] [Constructor] [FilePath][String] [/proc/cpuinfo]
D/S4URC   ( 5026): [SDK] [java.io.File] [getPath] [FilePath][String] [/proc/cpuinfo]
D/S4URC   ( 5026): [SDK] [android.app.ActivityManager] [getRunningServices]
D/S4URC   ( 5026): [SDK] [android.content.ContextWrapper][getSharedPreferences] [File][xapcinfo.xml] [MODE][MODE_PRIVATE]
D/S4URC   ( 5026): [SDK] [android.content.ContextWrapper][getSharedPreferences] [File][xapcinfo.xml] [MODE][MODE_PRIVATE] [Method][getString] [String][device_key] [Return][cd671c96bc476b45d1ba6d1bbd386bcf81bd]
D/S4URC   ( 5026): [SDK] [android.content.ContextWrapper][getSharedPreferences] [File][xapcinfo.xml] [MODE][MODE_PRIVATE]
D/S4URC   ( 5026): [SDK] [android.content.ContextWrapper][getSharedPreferences] [File][xapcinfo.xml] [MODE][MODE_PRIVATE] [Method][getInt] [Int][count] [Return][0]
D/S4URC   ( 5026): [SDK] [android.content.ContextWrapper][getSharedPreferences] [File][xapcinfo.xml] [MODE][MODE_PRIVATE]
D/S4URC   ( 5026): [SDK] [android.content.ContextWrapper][getSharedPreferences] [File][xapcinfo.xml] [MODE][MODE_PRIVATE] [Method][getBoolean] [Boolean][yunos_value] [Return][false]
D/S4URC   ( 5026): [SDK] [java.net] [HttpURLConnection] [URL][String] [http://ph2.99youx.com:8080/OpaService/OpaStrategy]
D/S4URC   ( 5026): [SDK] [java.net] [HttpURLConnection] [Request][Method] [POST] [URL][String] [http://ph2.99youx.com:8080/OpaService/OpaStrategy]
D/S4URC   ( 5026): [SDK] [android.content.ContextWrapper][getSharedPreferences] [File][xapcinfo.xml] [MODE][MODE_PRIVATE]
D/S4URC   ( 5026): [SDK] [android.content.ContextWrapper][getSharedPreferences] [File][xapcinfo.xml] [MODE][MODE_PRIVATE] [Method][getString] [String][phone_id] [Return][0]
D/S4URC   ( 5026): [SDK] [android.telephony.TelephonyManager] [getSubscriberId]
D/S4URC   ( 5026): [SDK] [java.io.File] [Constructor] [FilePath][String] [/proc/cpuinfo]
D/S4URC   ( 5026): [SDK] [java.io.File] [getPath] [FilePath][String] [/proc/cpuinfo]
D/S4URC   ( 5026): [SDK] [android.app.ActivityManager] [getRunningServices]
D/S4URC   ( 5026): [SDK] [android.content.ContextWrapper][getSharedPreferences] [File][xapcinfo.xml] [MODE][MODE_PRIVATE]
D/S4URC   ( 5026): [SDK] [android.content.ContextWrapper][getSharedPreferences] [File][xapcinfo.xml] [MODE][MODE_PRIVATE] [Method][getString] [String][device_key] [Return][cd671c96bc476b45d1ba6d1bbd386bcf81bd]
D/S4URC   ( 5026): [SDK] [android.content.ContextWrapper][getSharedPreferences] [File][xapcinfo.xml] [MODE][MODE_PRIVATE]
D/S4URC   ( 5026): [SDK] [android.content.ContextWrapper][getSharedPreferences] [File][xapcinfo.xml] [MODE][MODE_PRIVATE] [Method][getInt] [Int][count] [Return][0]
D/S4URC   ( 5026): [SDK] [android.content.ContextWrapper][getSharedPreferences] [File][xapcinfo.xml] [MODE][MODE_PRIVATE]
D/S4URC   ( 5026): [SDK] [android.content.ContextWrapper][getSharedPreferences] [File][xapcinfo.xml] [MODE][MODE_PRIVATE] [Method][getBoolean] [Boolean][yunos_value] [Return][false]
D/S4URC   ( 5026): [SDK] [java.net] [HttpURLConnection] [URL][String] [http://ph1.99youx.com:8080/OpaService/OpaStrategy]
D/S4URC   ( 5026): [SDK] [java.net] [HttpURLConnection] [Request][Method] [POST] [URL][String] [http://ph1.99youx.com:8080/OpaService/OpaStrategy]
D/S4URC   ( 5026): [SDK] [java.io.File] [getPath] [FilePath][String] [/data/data/com.yiwqfsaie.ddqithcati12]
D/S4URC   ( 5026): [SDK] [java.io.File] [getPath] [FilePath][String] [/data/data/com.yiwqfsaie.ddqithcati12/shared_prefs]
D/S4URC   ( 5026): [SDK] [java.io.File] [getPath] [FilePath][String] [/data/data/com.yiwqfsaie.ddqithcati12/shared_prefs/20160218.xml]
D/S4URC   ( 5026): [SDK] [java.io.File] [Constructor] [FilePath][String] [/data/data/com.yiwqfsaie.ddqithcati12/shared_prefs/20160218.xml.bak]
D/S4URC   ( 5026): [SDK] [java.io.File] [exists] [FilePath][String] [/data/data/com.yiwqfsaie.ddqithcati12/shared_prefs/20160218.xml]
D/S4URC   ( 5026): [SDK] [java.io.File] [canRead] [FilePath][String] [/data/data/com.yiwqfsaie.ddqithcati12/shared_prefs/20160218.xml]
D/S4URC   ( 5026): [SDK] [java.io.File] [getPath] [FilePath][String] [/data/data/com.yiwqfsaie.ddqithcati12/shared_prefs/20160218.xml]
D/S4URC   ( 5026): [SDK] [java.io.File] [exists] [FilePath][String] [/data/data/com.yiwqfsaie.ddqithcati12/shared_prefs/20160218.xml.bak]
D/S4URC   ( 5026): [SDK] [java.io.File] [exists] [FilePath][String] [/data/data/com.yiwqfsaie.ddqithcati12/shared_prefs/20160218.xml]
D/S4URC   ( 5026): [SDK] [java.io.File] [canRead] [FilePath][String] [/data/data/com.yiwqfsaie.ddqithcati12/shared_prefs/20160218.xml]
D/S4URC   ( 5026): [SDK] [java.io.File] [getPath] [FilePath][String] [/data/data/com.yiwqfsaie.ddqithcati12/shared_prefs/20160218.xml]
D/S4URC   ( 5026): [SDK] [java.io.File] [canRead] [FilePath][String] [/data/data/com.yiwqfsaie.ddqithcati12/shared_prefs/20160218.xml]
D/S4URC   ( 5026): [SDK] [java.io.File] [getPath] [FilePath][String] [/data/data/com.yiwqfsaie.ddqithcati12/shared_prefs/20160218.xml]
D/S4URC   ( 5026): [SDK] [android.content.ContextWrapper][getSharedPreferences] [File][20160218.xml] [MODE][MODE_PRIVATE]
D/S4URC   ( 5026): [SDK] [android.content.ContextWrapper][getSharedPreferences] [File][20160218.xml] [MODE][MODE_PRIVATE] [Method][getString] [String][cid] [Return][103343]
D/S4URC   ( 5026): [SDK] [android.content.ContextWrapper][getSharedPreferences] [File][20160218.xml] [MODE][MODE_PRIVATE]
D/S4URC   ( 5026): [SDK] [android.content.ContextWrapper][getSharedPreferences] [File][20160218.xml] [MODE][MODE_PRIVATE] [Method][getBoolean] [Boolean][googleplay] [Return][false]
D/S4URC   ( 5026): [SDK] [android.content.ContextWrapper][getSharedPreferences] [File][20160218.xml] [MODE][MODE_PRIVATE]
D/S4URC   ( 5026): [SDK] [android.content.ContextWrapper][getSharedPreferences] [File][20160218.xml] [MODE][MODE_PRIVATE] [Method][getBoolean] [Boolean][admob] [Return][false]
D/S4URC   ( 5026): [SDK] [android.content.ContextWrapper][getSharedPreferences] [File][20160218.xml] [MODE][MODE_PRIVATE]
D/S4URC   ( 5026): [SDK] [android.content.ContextWrapper][getSharedPreferences] [File][20160218.xml] [MODE][MODE_PRIVATE] [Method][putBoolean] [Key][googleplay] [Value][false]
D/S4URC   ( 5026): [SDK] [java.io.File] [exists] [FilePath][String] [/data/data/com.yiwqfsaie.ddqithcati12/shared_prefs/20160218.xml]
D/S4URC   ( 5026): [SDK] [android.content.ContextWrapper][getSharedPreferences] [File][20160218.xml] [MODE][MODE_PRIVATE] [Method][commit]
D/S4URC   ( 5026): [SDK] [android.content.ContextWrapper][getSharedPreferences] [File][20160218.xml] [MODE][MODE_PRIVATE]
D/S4URC   ( 5026): [SDK] [android.content.ContextWrapper][getSharedPreferences] [File][20160218.xml] [MODE][MODE_PRIVATE] [Method][putBoolean] [Key][admob] [Value][false]
D/S4URC   ( 5026): [SDK] [java.io.File] [exists] [FilePath][String] [/data/data/com.yiwqfsaie.ddqithcati12/shared_prefs/20160218.xml]
D/S4URC   ( 5026): [SDK] [android.content.ContextWrapper][getSharedPreferences] [File][20160218.xml] [MODE][MODE_PRIVATE] [Method][commit]
D/S4URC   ( 5026): [SDK] [android.content.ContextWrapper][getSharedPreferences] [File][20160218.xml] [MODE][MODE_PRIVATE]
D/S4URC   ( 5026): [SDK] [android.content.ContextWrapper][getSharedPreferences] [File][20160218.xml] [MODE][MODE_PRIVATE] [Method][putString] [Key][cid] [Value][103343]
D/S4URC   ( 5026): [SDK] [java.io.File] [exists] [FilePath][String] [/data/data/com.yiwqfsaie.ddqithcati12/shared_prefs/20160218.xml]
D/S4URC   ( 5026): [SDK] [android.content.ContextWrapper][getSharedPreferences] [File][20160218.xml] [MODE][MODE_PRIVATE] [Method][commit]
