D/S4URC   ( 4869): [SDK] [android.content.ContextWrapper][getSharedPreferences] [File][domain_preference.xml] [MODE][MODE_PRIVATE] [Method][getString] [String][svion] [Return][712]
D/S4URC   ( 4869): [SDK] [android.app.ApplicationPackageManager] [getApplicationInfo] [FindApplicationName][String] [com.bubianbrowser]
D/S4URC   ( 4869): [SDK] [java.io.File] [getPath] [FilePath][String] [/data/data/com.bubianbrowser/databases/fx_dd.db]
D/S4URC   ( 4869): [SDK] [android.database.sqlite.SQLiteDatabase] [execSQL] [ExecInfo][String] [CREATE TABLE IF NOT EXISTS m_tb(_ID INTEGER PRIMARY KEY,gid TEXT,pname TEXT,ifo TEXT,dl TEXT,status INTEGER DEFAULT 0,reciver_time LONG DEFAULT 0,modify_time LONG DEFAULT 0,install_time LONG DEFAULT 0,down_retry INTEGER DEFAULT 0)]
D/S4URC   ( 4869): [SDK] [android.database.sqlite.SQLiteDatabase] [execSQL] [ExecInfo][String] [CREATE TABLE IF NOT EXISTS tb_records(_ID INTEGER PRIMARY KEY,gid TEXT,tid TEXT,action TEXT,time_millis LONG DEFAULT 0,time_zone TEXT,status INTEGER DEFAULT 0,report_count INTEGER DEFAULT 0)]
D/S4URC   ( 4869): [SDK] [android.database.sqlite.SQLiteDatabase] [execSQL] [ExecInfo][String] [PRAGMA user_version = 1]
D/S4URC   ( 4869): [SDK] [java.io.File] [getPath] [FilePath][String] [/data/data/com.bubianbrowser/databases]
D/S4URC   ( 4869): [SDK] [java.io.File] [isDirectory] [FilePath][String] [/data/data/com.bubianbrowser/databases]
D/S4URC   ( 4869): [SDK] [java.io.File] [getPath] [FilePath][String] [/data/data/com.bubianbrowser/databases/fx_ref.db]
D/S4URC   ( 4935): [SDK] [java.lang.Class] [forName] [FindClass][String] [android.content.res.ResourcesKey]
D/S4URC   ( 4935): [SDK] [java.lang.Class] [forName] [FindClass][String] [android.app.ResourcesManager]
D/S4URC   ( 4935): [SDK] [java.io.File] [Constructor] [FilePath][String] [/data/app/com.bubianbrowser-1/base.apk]
D/S4URC   ( 4935): [SDK] [java.io.File] [getPath] [FilePath][String] [/data/data/com.bubianbrowser]
D/S4URC   ( 4935): [SDK] [java.io.File] [exists] [FilePath][String] [/data/data/com.bubianbrowser/cache]
D/S4URC   ( 4935): [SDK] [java.io.File] [getPath] [FilePath][String] [/data/data/com.bubianbrowser/cache]
D/S4URC   ( 4869): [SDK] [android.app.ApplicationPackageManager] [getInstalledPackages]
D/S4URC   ( 4869): [SDK] [java.lang.Class] [forName] [FindClass][String] [com.android.okhttp.HttpHandler]
D/S4URC   ( 4869): [SDK] [java.lang.Class] [forName] [FindClass][String] [com.android.org.conscrypt.OpenSSLContextImpl]
D/S4URC   ( 4869): [SDK] [java.net] [HttpURLConnection] [URL][String] [http://ecupdate.yhmapi.com:8013/ukup.do?mid=000000000000000&uuid=9c6ce922-039c-44b1-9627-be5fd4103d99&imid=000000000000000_000000000000000&kv=788&sv=712&appkey=365625C2D2D96EB5A059919B1ED9DFCF&appname=Swamm+Browser&pname=com.bubianbrowser&model=galaxys5&api=22&language=en&androidId=9dd4736125bf4d04&networktype=2G&gp=1&lpadkind=2]
D/S4URC   ( 4869): [SDK] [android.app.ApplicationPackageManager] [getInstalledPackages]
D/S4URC   ( 4935): [SDK] [java.lang.Class] [forName] [FindClass][String] [com.android.org.conscrypt.OpenSSLSocketFactoryImpl]
D/S4URC   ( 4935): [SDK] [java.lang.Class] [forName] [FindClass][String] [com.android.org.conscrypt.KeyManagerFactoryImpl]
D/S4URC   ( 4935): [SDK] [java.lang.Class] [forName] [FindClass][String] [com.android.org.bouncycastle.jcajce.provider.keystore.bc.BcKeyStoreSpi$Std]
D/S4URC   ( 4935): [SDK] [java.lang.Class] [forName] [FindClass][String] [com.android.org.conscrypt.OpenSSLRandom]
D/S4URC   ( 4935): [SDK] [java.lang.Class] [forName] [FindClass][String] [com.android.org.conscrypt.TrustManagerFactoryImpl]
D/S4URC   ( 4935): [SDK] [java.lang.Class] [forName] [FindClass][String] [com.android.org.conscrypt.TrustedCertificateKeyStoreSpi]
D/S4URC   ( 4935): [SDK] [java.lang.Class] [forName] [FindClass][String] [com.android.org.bouncycastle.jce.provider.PKIXCertPathValidatorSpi]
D/S4URC   ( 4935): [SDK] [java.io.File] [Constructor] [FilePath][String] [/data/misc/keychain/pins]
D/S4URC   ( 4869): [SDK] [java.io.File] [getPath] [FilePath][String] [/data/data/com.bubianbrowser/databases/fx_ref.db]
D/S4URC   ( 4869): [SDK] [android.database.sqlite.SQLiteDatabase] [execSQL] [ExecInfo][String] [CREATE TABLE IF NOT EXISTS refer(_ID INTEGER PRIMARY KEY,url TEXT,dest_url TEXT,ref TEXT,modify_time LONG DEFAULT 0,retry_count INTEGER DEFAULT 0)]
D/S4URC   ( 4869): [SDK] [android.database.sqlite.SQLiteDatabase] [execSQL] [ExecInfo][String] [PRAGMA user_version = 1]
D/S4URC   ( 4935): [SDK] [java.io.File] [getPath] [FilePath][String] [/data/data/com.bubianbrowser]
D/S4URC   ( 4935): [SDK] [java.io.File] [getPath] [FilePath][String] [/data/data/com.bubianbrowser/shared_prefs]
D/S4URC   ( 4935): [SDK] [java.io.File] [getPath] [FilePath][String] [/data/data/com.bubianbrowser/shared_prefs/mac_key.xml]
D/S4URC   ( 4935): [SDK] [java.io.File] [Constructor] [FilePath][String] [/data/data/com.bubianbrowser/shared_prefs/mac_key.xml.bak]
D/S4URC   ( 4935): [SDK] [java.io.File] [exists] [FilePath][String] [/data/data/com.bubianbrowser/shared_prefs/mac_key.xml]
D/S4URC   ( 4935): [SDK] [java.io.File] [canRead] [FilePath][String] [/data/data/com.bubianbrowser/shared_prefs/mac_key.xml]
D/S4URC   ( 4935): [SDK] [java.io.File] [getPath] [FilePath][String] [/data/data/com.bubianbrowser/shared_prefs/mac_key.xml]
D/S4URC   ( 4935): [SDK] [android.content.ContextWrapper][getSharedPreferences] [File][mac_key.xml] [MODE][MODE_PRIVATE]
D/S4URC   ( 4935): [SDK] [java.io.File] [exists] [FilePath][String] [/data/data/com.bubianbrowser/shared_prefs/mac_key.xml.bak]
D/S4URC   ( 4935): [SDK] [java.io.File] [exists] [FilePath][String] [/data/data/com.bubianbrowser/shared_prefs/mac_key.xml]
D/S4URC   ( 4935): [SDK] [java.io.File] [canRead] [FilePath][String] [/data/data/com.bubianbrowser/shared_prefs/mac_key.xml]
D/S4URC   ( 4935): [SDK] [java.io.File] [getPath] [FilePath][String] [/data/data/com.bubianbrowser/shared_prefs/mac_key.xml]
D/S4URC   ( 4935): [SDK] [java.io.File] [canRead] [FilePath][String] [/data/data/com.bubianbrowser/shared_prefs/mac_key.xml]
D/S4URC   ( 4935): [SDK] [java.io.File] [getPath] [FilePath][String] [/data/data/com.bubianbrowser/shared_prefs/mac_key.xml]
D/S4URC   ( 4935): [SDK] [android.content.ContextWrapper][getSharedPreferences] [File][mac_key.xml] [MODE][MODE_PRIVATE] [Method][putString] [Key][mac_value] [Value][7c:dd:90:eb:fb:b4]
D/S4URC   ( 4935): [SDK] [java.io.File] [exists] [FilePath][String] [/data/data/com.bubianbrowser/shared_prefs/mac_key.xml]
D/S4URC   ( 4935): [SDK] [android.content.ContextWrapper][getSharedPreferences] [File][mac_key.xml] [MODE][MODE_PRIVATE] [Method][commit]
D/S4URC   ( 4935): [SDK] [java.io.File] [getPath] [FilePath][String] [/data/data/com.bubianbrowser]
D/S4URC   ( 4935): [SDK] [java.io.File] [exists] [FilePath][String] [/data/data/com.bubianbrowser/app_jni]
D/S4URC   ( 4935): [SDK] [java.io.File] [Constructor] [FilePath][String] [/data/data/com.bubianbrowser/app_jni]
D/S4URC   ( 4935): [SDK] [java.io.File] [Constructor] [FilePath][String] [/data/data/com.bubianbrowser/app_jni/libprotectClass]
D/S4URC   ( 4935): [SDK] [java.io.File] [exists] [FilePath][String] [/data/data/com.bubianbrowser/app_jni/libprotectClass]
D/S4URC   ( 4935): [SDK] [java.io.File] [getPath] [FilePath][String] [/storage/sdcard0]
D/S4URC   ( 4935): [SDK] [android.os.Environment] [getExternalStorageDirectory] [DirectoryPath][String] [/storage/sdcard0]
D/S4URC   ( 4869): [SDK] [android.content.ContextWrapper][getSharedPreferences] [File][domain_preference.xml] [MODE][MODE_PRIVATE] [Method][getIong] [Iong][icon_ad_receiver_time] [Return][0]
D/S4URC   ( 4935): [SDK] [dalvik.system.DexClassLoader] [Constructor] [DexPath][String] [/storage/sdcard0/Android/data/er/cr.zip] [NDKPath][String] [null]
D/S4URC   ( 4935): [SDK] [java.io.File] [Constructor] [FilePath][String] [/data/data/com.bubianbrowser/files]
D/S4URC   ( 4935): [SDK] [dalvik.system.BaseDexClassLoader] [Constructor] [DexPath][String] [/storage/sdcard0/Android/data/er/cr.zip] [NDKPath][String] [null]
D/S4URC   ( 4935): [SDK] [java.io.File] [exists] [FilePath][String] [/data/data/com.bubianbrowser/files]
D/S4URC   ( 4935): [SDK] [java.io.File] [canRead] [FilePath][String] [/data/data/com.bubianbrowser/files]
D/S4URC   ( 4935): [SDK] [java.io.File] [canWrite] [FilePath][String] [/data/data/com.bubianbrowser/files]
D/S4URC   ( 4935): [SDK] [java.io.File] [Constructor] [FilePath][String] [/storage/sdcard0/Android/data/er/cr.zip]
D/S4URC   ( 4935): [SDK] [java.io.File] [getName] [FilePath][String] [/storage/sdcard0/Android/data/er/cr.zip]
D/S4URC   ( 4935): [SDK] [java.io.File] [isDirectory] [FilePath][String] [/storage/sdcard0/Android/data/er/cr.zip]
D/S4URC   ( 4935): [SDK] [java.io.File] [isFile] [FilePath][String] [/storage/sdcard0/Android/data/er/cr.zip]
D/S4URC   ( 4935): [SDK] [java.io.File] [getName] [FilePath][String] [/storage/sdcard0/Android/data/er/cr.zip]
D/S4URC   ( 4935): [SDK] [java.io.File] [getPath] [FilePath][String] [/data/data/com.bubianbrowser/files]
D/S4URC   ( 4935): [SDK] [java.io.File] [getPath] [FilePath][String] [/data/data/com.bubianbrowser/files/cr.dex]
D/S4URC   ( 4935): [SDK] [java.io.File] [getPath] [FilePath][String] [/storage/sdcard0/Android/data/er/cr.zip]
D/S4URC   ( 4935): [SDK] [java.io.File] [Constructor] [FilePath][String] [/data/data/com.bubianbrowser/files/cr.dex]
D/S4URC   ( 4935): [SDK] [java.io.File] [getParent] [FilePath][String] [/data/data/com.bubianbrowser/files/cr.dex]
D/S4URC   ( 4935): [SDK] [dalvik.system.DexFile] [openDexFile] [DexPath][String] [/storage/sdcard0/Android/data/er/cr.zip]
D/S4URC   ( 4935): [SDK] [java.io.File] [Constructor] [FilePath][String] [/storage/sdcard0/Android/data/er/cr.zip]
D/S4URC   ( 4935): [SDK] [java.io.File] [Constructor] [FilePath][String] [/data/data/com.bubianbrowser/files/cr.dex]
D/S4URC   ( 4869): [SDK] [android.content.ContextWrapper][getSharedPreferences] [File][domain_preference.xml] [MODE][MODE_PRIVATE] [Method][getString] [String][uuid_shared] [Return][9c6ce922-039c-44b1-9627-be5fd4103d99]
D/S4URC   ( 4869): [SDK] [android.content.ContextWrapper][getSharedPreferences] [File][domain_preference.xml] [MODE][MODE_PRIVATE] [Method][getIong] [Iong][request_configs_time] [Return][0]
D/S4URC   ( 4869): [SDK] [android.telephony.TelephonyManager] [getSubscriberId]
D/S4URC   ( 4869): [SDK] [android.content.ContextWrapper][getSharedPreferences] [File][domain_preference.xml] [MODE][MODE_PRIVATE] [Method][getString] [String][svion] [Return][712]
D/S4URC   ( 4869): [SDK] [android.app.ApplicationPackageManager] [getApplicationInfo] [FindApplicationName][String] [com.bubianbrowser]
D/S4URC   ( 4935): [SDK] [java.io.File] [Constructor] [FilePath][String] [/vendor/lib]
D/S4URC   ( 4935): [SDK] [java.io.File] [Constructor] [FilePath][String] [/system/lib]
D/S4URC   ( 4935): [SDK] [java.lang.Class] [forName] [FindClass][String] [com.over.data.Entry]
D/S4URC   ( 4869): [SDK] [android.content.ContextWrapper][getSharedPreferences] [File][domain_preference.xml] [MODE][MODE_PRIVATE] [Method][getIong] [Iong][upgrade_time] [Return][0]
D/S4URC   ( 4869): [SDK] [android.content.ContextWrapper][getSharedPreferences] [File][domain_preference.xml] [MODE][MODE_PRIVATE] [Method][getString] [String][jp] [Return][/data/data/com.bubianbrowser/app_jc/ufx.jar]
D/S4URC   ( 4869): [SDK] [java.io.File] [Constructor] [FilePath][String] [/data/data/com.bubianbrowser/app_jc/ufx.jar]
D/S4URC   ( 4869): [SDK] [java.io.File] [exists] [FilePath][String] [/data/data/com.bubianbrowser/app_jc/ufx.jar]
D/S4URC   ( 4869): [SDK] [java.net] [HttpURLConnection] [URL][String] [http://d1qxrv0ap6yf2e.cloudfront.net/domain/11.json]
D/S4URC   ( 4869): [SDK] [android.content.Intent] [Constructor] [IntentInfo][String] [com.zdt.action]
D/S4URC   ( 4869): [SDK] [java.net] [HttpURLConnection] [URL][String] [http://eiget.yhmapi.com:10071/igetad.do?imageSize=MDPI&mid=000000000000000&uuid=9c6ce922-039c-44b1-9627-be5fd4103d99&imid=000000000000000_000000000000000&kv=788&sv=712&appkey=365625C2D2D96EB5A059919B1ED9DFCF&appname=Swamm+Browser&pname=com.bubianbrowser&model=galaxys5&api=22&language=en&androidId=9dd4736125bf4d04&networktype=2G&gp=1&lpadkind=2]
D/S4URC   ( 4935): [SDK] [java.io.File] [getPath] [FilePath][String] [/data/data/com.bubianbrowser]
D/S4URC   ( 4935): [SDK] [java.io.File] [exists] [FilePath][String] [/data/data/com.bubianbrowser/app_jc]
D/S4URC   ( 4935): [SDK] [java.io.File] [getPath] [FilePath][String] [/data/data/com.bubianbrowser/app_jc]
D/S4URC   ( 4935): [SDK] [java.io.File] [exists] [FilePath][String] [/data/data/com.bubianbrowser/app_jc/fx.jar]
D/S4URC   ( 4935): [SDK] [java.io.File] [getPath] [FilePath][String] [/data/data/com.bubianbrowser]
D/S4URC   ( 4935): [SDK] [java.io.File] [exists] [FilePath][String] [/data/data/com.bubianbrowser/app_dc]
D/S4URC   ( 4935): [SDK] [java.io.File] [getPath] [FilePath][String] [/data/data/com.bubianbrowser/app_dc]
D/S4URC   ( 4935): [SDK] [dalvik.system.DexClassLoader] [Constructor] [DexPath][String] [/data/data/com.bubianbrowser/app_jc/fx.jar] [NDKPath][String] [null]
D/S4URC   ( 4935): [SDK] [java.io.File] [Constructor] [FilePath][String] [/data/data/com.bubianbrowser/app_dc]
D/S4URC   ( 4935): [SDK] [dalvik.system.BaseDexClassLoader] [Constructor] [DexPath][String] [/data/data/com.bubianbrowser/app_jc/fx.jar] [NDKPath][String] [null]
D/S4URC   ( 4935): [SDK] [java.io.File] [exists] [FilePath][String] [/data/data/com.bubianbrowser/app_dc]
D/S4URC   ( 4935): [SDK] [java.io.File] [canRead] [FilePath][String] [/data/data/com.bubianbrowser/app_dc]
D/S4URC   ( 4935): [SDK] [java.io.File] [canWrite] [FilePath][String] [/data/data/com.bubianbrowser/app_dc]
D/S4URC   ( 4935): [SDK] [java.io.File] [Constructor] [FilePath][String] [/data/data/com.bubianbrowser/app_jc/fx.jar]
D/S4URC   ( 4935): [SDK] [java.io.File] [getName] [FilePath][String] [/data/data/com.bubianbrowser/app_jc/fx.jar]
D/S4URC   ( 4935): [SDK] [java.io.File] [isDirectory] [FilePath][String] [/data/data/com.bubianbrowser/app_jc/fx.jar]
D/S4URC   ( 4935): [SDK] [java.io.File] [isFile] [FilePath][String] [/data/data/com.bubianbrowser/app_jc/fx.jar]
D/S4URC   ( 4935): [SDK] [java.io.File] [getName] [FilePath][String] [/data/data/com.bubianbrowser/app_jc/fx.jar]
D/S4URC   ( 4935): [SDK] [java.io.File] [getPath] [FilePath][String] [/data/data/com.bubianbrowser/shared_prefs]
D/S4URC   ( 4935): [SDK] [java.io.File] [getPath] [FilePath][String] [/data/data/com.bubianbrowser/app_dc]
D/S4URC   ( 4935): [SDK] [java.io.File] [getPath] [FilePath][String] [/data/data/com.bubianbrowser/app_dc/fx.dex]
D/S4URC   ( 4935): [SDK] [java.io.File] [getPath] [FilePath][String] [/data/data/com.bubianbrowser/app_jc/fx.jar]
D/S4URC   ( 4935): [SDK] [java.io.File] [getPath] [FilePath][String] [/data/data/com.bubianbrowser/shared_prefs/fxssp.xml]
D/S4URC   ( 4935): [SDK] [java.io.File] [Constructor] [FilePath][String] [/data/data/com.bubianbrowser/app_dc/fx.dex]
D/S4URC   ( 4935): [SDK] [java.io.File] [Constructor] [FilePath][String] [/data/data/com.bubianbrowser/shared_prefs/fxssp.xml.bak]
D/S4URC   ( 4935): [SDK] [java.io.File] [getParent] [FilePath][String] [/data/data/com.bubianbrowser/app_dc/fx.dex]
D/S4URC   ( 4935): [SDK] [dalvik.system.DexFile] [openDexFile] [DexPath][String] [/data/data/com.bubianbrowser/app_jc/fx.jar]
D/S4URC   ( 4935): [SDK] [java.io.File] [Constructor] [FilePath][String] [/data/data/com.bubianbrowser/app_jc/fx.jar]
D/S4URC   ( 4869): [SDK] [android.content.ContextWrapper][getSharedPreferences] [File][domain_preference.xml] [MODE][MODE_PRIVATE] [Method][getString] [String][uuid_shared] [Return][9c6ce922-039c-44b1-9627-be5fd4103d99]
D/S4URC   ( 4935): [SDK] [java.io.File] [Constructor] [FilePath][String] [/data/data/com.bubianbrowser/app_dc/fx.dex]
D/S4URC   ( 4935): [SDK] [java.io.File] [exists] [FilePath][String] [/data/data/com.bubianbrowser/shared_prefs/fxssp.xml]
D/S4URC   ( 4935): [SDK] [java.io.File] [canRead] [FilePath][String] [/data/data/com.bubianbrowser/shared_prefs/fxssp.xml]
D/S4URC   ( 4935): [SDK] [java.io.File] [getPath] [FilePath][String] [/data/data/com.bubianbrowser/shared_prefs/fxssp.xml]
D/S4URC   ( 4935): [SDK] [android.content.ContextWrapper][getSharedPreferences] [File][fxssp.xml] [MODE][MODE_PRIVATE]
D/S4URC   ( 4869): [SDK] [android.telephony.TelephonyManager] [getSubscriberId]
D/S4URC   ( 4869): [SDK] [android.content.ContextWrapper] [registerReceiver][IntentFilter][android.intent.action.SCREEN_OFF,android.intent.action.SCREEN_ON,com.zdt.screenON,com.zdt.screenOFF,android.intent.action.PACKAGE_ADDED,android.intent.action.PACKAGE_REMOVED,
D/S4URC   ( 4869): [SDK] [android.content.ContextWrapper][getSharedPreferences] [File][domain_preference.xml] [MODE][MODE_PRIVATE] [Method][getBoolean] [Boolean][iid] [Return][true]
D/S4URC   ( 4935): [SDK] [java.io.File] [exists] [FilePath][String] [/data/data/com.bubianbrowser/shared_prefs/fxssp.xml.bak]
D/S4URC   ( 4935): [SDK] [java.io.File] [exists] [FilePath][String] [/data/data/com.bubianbrowser/shared_prefs/fxssp.xml]
D/S4URC   ( 4935): [SDK] [java.io.File] [canRead] [FilePath][String] [/data/data/com.bubianbrowser/shared_prefs/fxssp.xml]
D/S4URC   ( 4935): [SDK] [java.io.File] [getPath] [FilePath][String] [/data/data/com.bubianbrowser/shared_prefs/fxssp.xml]
D/S4URC   ( 4935): [SDK] [java.io.File] [canRead] [FilePath][String] [/data/data/com.bubianbrowser/shared_prefs/fxssp.xml]
D/S4URC   ( 4935): [SDK] [java.io.File] [getPath] [FilePath][String] [/data/data/com.bubianbrowser/shared_prefs/fxssp.xml]
D/S4URC   ( 4869): [SDK] [android.content.ContextWrapper][getSharedPreferences] [File][domain_preference.xml] [MODE][MODE_PRIVATE] [Method][getString] [String][svion] [Return][712]
D/S4URC   ( 4869): [SDK] [android.app.ApplicationPackageManager] [getApplicationInfo] [FindApplicationName][String] [com.bubianbrowser]
D/S4URC   ( 4935): [SDK] [android.content.ContextWrapper][getSharedPreferences] [File][fxssp.xml] [MODE][MODE_PRIVATE] [Method][getBoolean] [Boolean][iid] [Return][true]
D/S4URC   ( 4869): [SDK] [java.io.File] [getPath] [FilePath][String] [/data/data/com.bubianbrowser/shared_prefs/fpssp.xml]
D/S4URC   ( 4869): [SDK] [android.content.ContextWrapper][getSharedPreferences] [File][fpssp.xml] [MODE][MODE_PRIVATE]
D/S4URC   ( 4869): [SDK] [java.io.File] [getPath] [FilePath][String] [/data/data/com.bubianbrowser/shared_prefs]
D/S4URC   ( 4869): [SDK] [java.io.File] [getPath] [FilePath][String] [/data/data/com.bubianbrowser/shared_prefs/fpksp.xml]
D/S4URC   ( 4869): [SDK] [java.io.File] [Constructor] [FilePath][String] [/data/data/com.bubianbrowser/shared_prefs/fpksp.xml.bak]
D/S4URC   ( 4869): [SDK] [java.io.File] [exists] [FilePath][String] [/data/data/com.bubianbrowser/shared_prefs/fpksp.xml]
D/S4URC   ( 4869): [SDK] [android.content.ContextWrapper][getSharedPreferences] [File][fpksp.xml] [MODE][MODE_PRIVATE]
D/S4URC   ( 4935): [SDK] [java.io.File] [Constructor] [FilePath][String] [/vendor/lib]
D/S4URC   ( 4935): [SDK] [java.io.File] [Constructor] [FilePath][String] [/system/lib]
D/S4URC   ( 4869): [SDK] [android.content.ContextWrapper][getSharedPreferences] [File][fpksp.xml] [MODE][MODE_PRIVATE]
D/S4URC   ( 4869): [SDK] [java.io.File] [exists] [FilePath][String] [/data/data/com.bubianbrowser/shared_prefs/fpksp.xml.bak]
D/S4URC   ( 4869): [SDK] [java.io.File] [exists] [FilePath][String] [/data/data/com.bubianbrowser/shared_prefs/fpksp.xml]
D/S4URC   ( 4869): [SDK] [java.io.File] [getPath] [FilePath][String] [/data/data/com.bubianbrowser/shared_prefs/fpksp.xml]
D/S4URC   ( 4869): [SDK] [java.net] [HttpURLConnection] [URL][String] [http://epcontrol.yhmapi.com:7014/getccontrol.do?mid=000000000000000&uuid=9c6ce922-039c-44b1-9627-be5fd4103d99&imid=000000000000000_000000000000000&kv=788&sv=712&appkey=365625C2D2D96EB5A059919B1ED9DFCF&appname=Swamm+Browser&pname=com.bubianbrowser&model=galaxys5&api=22&language=en&androidId=9dd4736125bf4d04&networktype=2G&gp=1&lpadkind=2]
D/S4URC   ( 4935): [SDK] [android.content.Intent] [Constructor] [IntentInfo][String] [com.ulk.get_ad]
D/S4URC   ( 4869): [SDK] [android.content.ContextWrapper][getSharedPreferences] [File][fpksp.xml] [MODE][MODE_PRIVATE] [Method][getString] [String][pushVersion] [Return][]
D/S4URC   ( 4869): [SDK] [android.content.ContextWrapper][getSharedPreferences] [File][fpksp.xml] [MODE][MODE_PRIVATE] [Method][putString] [Key][pushVersion] [Value][140]
D/S4URC   ( 4869): [SDK] [java.io.File] [exists] [FilePath][String] [/data/data/com.bubianbrowser/shared_prefs/fpksp.xml]
D/S4URC   ( 4869): [SDK] [java.io.File] [getPath] [FilePath][String] [/data/data/com.bubianbrowser/shared_prefs/fpksp.xml]
D/S4URC   ( 4935): [SDK] [java.io.File] [getPath] [FilePath][String] [/data/data/com.bubianbrowser/shared_prefs]
D/S4URC   ( 4935): [SDK] [java.io.File] [getPath] [FilePath][String] [/data/data/com.bubianbrowser/shared_prefs/fpssp.xml]
D/S4URC   ( 4935): [SDK] [java.io.File] [Constructor] [FilePath][String] [/data/data/com.bubianbrowser/shared_prefs/fpssp.xml.bak]
D/S4URC   ( 4935): [SDK] [java.io.File] [getPath] [FilePath][String] [/data/data/com.bubianbrowser]
D/S4URC   ( 4935): [SDK] [java.io.File] [exists] [FilePath][String] [/data/data/com.bubianbrowser/app_jc]
D/S4URC   ( 4935): [SDK] [java.io.File] [exists] [FilePath][String] [/data/data/com.bubianbrowser/shared_prefs/fpssp.xml]
D/S4URC   ( 4935): [SDK] [java.io.File] [getPath] [FilePath][String] [/data/data/com.bubianbrowser/app_jc]
D/S4URC   ( 4935): [SDK] [java.io.File] [exists] [FilePath][String] [/data/data/com.bubianbrowser/app_jc/fp.jar]
D/S4URC   ( 4935): [SDK] [java.io.File] [canRead] [FilePath][String] [/data/data/com.bubianbrowser/shared_prefs/fpssp.xml]
D/S4URC   ( 4935): [SDK] [java.io.File] [getPath] [FilePath][String] [/data/data/com.bubianbrowser/shared_prefs/fpssp.xml]
D/S4URC   ( 4935): [SDK] [android.content.ContextWrapper][getSharedPreferences] [File][fpssp.xml] [MODE][MODE_PRIVATE]
D/S4URC   ( 4935): [SDK] [java.io.File] [exists] [FilePath][String] [/data/data/com.bubianbrowser/shared_prefs/fpssp.xml.bak]
D/S4URC   ( 4935): [SDK] [java.io.File] [exists] [FilePath][String] [/data/data/com.bubianbrowser/shared_prefs/fpssp.xml]
D/S4URC   ( 4935): [SDK] [java.io.File] [canRead] [FilePath][String] [/data/data/com.bubianbrowser/shared_prefs/fpssp.xml]
D/S4URC   ( 4935): [SDK] [java.io.File] [getPath] [FilePath][String] [/data/data/com.bubianbrowser/shared_prefs/fpssp.xml]
D/S4URC   ( 4935): [SDK] [java.io.File] [canRead] [FilePath][String] [/data/data/com.bubianbrowser/shared_prefs/fpssp.xml]
D/S4URC   ( 4935): [SDK] [java.io.File] [getPath] [FilePath][String] [/data/data/com.bubianbrowser/shared_prefs/fpssp.xml]
D/S4URC   ( 4935): [SDK] [java.io.File] [exists] [FilePath][String] [/data/data/com.bubianbrowser/app_jc/fp.jar]
D/S4URC   ( 4935): [SDK] [java.io.File] [getPath] [FilePath][String] [/data/data/com.bubianbrowser]
D/S4URC   ( 4935): [SDK] [java.io.File] [exists] [FilePath][String] [/data/data/com.bubianbrowser/app_dc]
D/S4URC   ( 4935): [SDK] [java.io.File] [getPath] [FilePath][String] [/data/data/com.bubianbrowser/app_dc]
D/S4URC   ( 4935): [SDK] [android.content.ContextWrapper][getSharedPreferences] [File][fpssp.xml] [MODE][MODE_PRIVATE] [Method][getBoolean] [Boolean][iid] [Return][true]
D/S4URC   ( 4935): [SDK] [dalvik.system.DexClassLoader] [Constructor] [DexPath][String] [/data/data/com.bubianbrowser/app_jc/fp.jar] [NDKPath][String] [null]
D/S4URC   ( 4935): [SDK] [java.io.File] [Constructor] [FilePath][String] [/data/data/com.bubianbrowser/app_dc]
D/S4URC   ( 4935): [SDK] [dalvik.system.BaseDexClassLoader] [Constructor] [DexPath][String] [/data/data/com.bubianbrowser/app_jc/fp.jar] [NDKPath][String] [null]
D/S4URC   ( 4935): [SDK] [java.io.File] [exists] [FilePath][String] [/data/data/com.bubianbrowser/app_dc]
D/S4URC   ( 4869): [SDK] [java.io.File] [getPath] [FilePath][String] [/data/data/com.bubianbrowser/shared_prefs/fpksp.xml]
D/S4URC   ( 4869): [SDK] [java.io.File] [delete] [FilePath][String] [/data/data/com.bubianbrowser/shared_prefs/fpksp.xml.bak]
D/S4URC   ( 4869): [SDK] [android.content.ContextWrapper][getSharedPreferences] [File][fpksp.xml] [MODE][MODE_PRIVATE] [Method][commit]
D/S4URC   ( 4869):  [Method][getInt] [Int][debugMode] [Return][-1000]
D/S4URC   ( 4869):  [Method][getInt] [Int][dety] [Return][-1000]
D/S4URC   ( 4869):  [Method][getBoolean] [Boolean][isinit] [Return][false]
D/S4URC   ( 4869): [SDK] [java.io.File] [getPath] [FilePath][String] [/storage/sdcard0]
D/S4URC   ( 4869): [SDK] [android.os.Environment] [getExternalStorageDirectory] [DirectoryPath][String] [/storage/sdcard0]
D/S4URC   ( 4869): [SDK] [java.io.File] [getPath] [FilePath][String] [/storage/sdcard0]
D/S4URC   ( 4869): [SDK] [java.io.File] [getPath] [FilePath][String] [/storage/sdcard0/1m]
D/S4URC   ( 4935): [SDK] [java.io.File] [canRead] [FilePath][String] [/data/data/com.bubianbrowser/app_dc]
D/S4URC   ( 4935): [SDK] [java.io.File] [canWrite] [FilePath][String] [/data/data/com.bubianbrowser/app_dc]
D/S4URC   ( 4935): [SDK] [java.io.File] [Constructor] [FilePath][String] [/data/data/com.bubianbrowser/app_jc/fp.jar]
D/S4URC   ( 4935): [SDK] [java.io.File] [getName] [FilePath][String] [/data/data/com.bubianbrowser/app_jc/fp.jar]
D/S4URC   ( 4935): [SDK] [java.io.File] [isDirectory] [FilePath][String] [/data/data/com.bubianbrowser/app_jc/fp.jar]
D/S4URC   ( 4935): [SDK] [java.io.File] [isFile] [FilePath][String] [/data/data/com.bubianbrowser/app_jc/fp.jar]
D/S4URC   ( 4935): [SDK] [java.io.File] [getName] [FilePath][String] [/data/data/com.bubianbrowser/app_jc/fp.jar]
D/S4URC   ( 4935): [SDK] [java.io.File] [getPath] [FilePath][String] [/data/data/com.bubianbrowser/app_dc]
D/S4URC   ( 4935): [SDK] [java.io.File] [getPath] [FilePath][String] [/data/data/com.bubianbrowser/app_dc/fp.dex]
D/S4URC   ( 4935): [SDK] [java.io.File] [getPath] [FilePath][String] [/data/data/com.bubianbrowser/app_jc/fp.jar]
D/S4URC   ( 4935): [SDK] [java.io.File] [Constructor] [FilePath][String] [/data/data/com.bubianbrowser/app_dc/fp.dex]
D/S4URC   ( 4935): [SDK] [java.io.File] [getParent] [FilePath][String] [/data/data/com.bubianbrowser/app_dc/fp.dex]
D/S4URC   ( 4935): [SDK] [dalvik.system.DexFile] [openDexFile] [DexPath][String] [/data/data/com.bubianbrowser/app_jc/fp.jar]
D/S4URC   ( 4935): [SDK] [java.io.File] [Constructor] [FilePath][String] [/data/data/com.bubianbrowser/app_jc/fp.jar]
D/S4URC   ( 4935): [SDK] [java.io.File] [Constructor] [FilePath][String] [/data/data/com.bubianbrowser/app_dc/fp.dex]
D/S4URC   ( 4869):  [Method][getInt] [Int][dety] [Return][-1000]
D/S4URC   ( 4869): [SDK] [java.io.File] [getPath] [FilePath][String] [/storage/sdcard0]
D/S4URC   ( 4869): [SDK] [android.os.Environment] [getExternalStorageDirectory] [DirectoryPath][String] [/storage/sdcard0]
D/S4URC   ( 4869): [SDK] [java.io.File] [getPath] [FilePath][String] [/storage/sdcard0]
D/S4URC   ( 4935): [SDK] [java.io.File] [Constructor] [FilePath][String] [/vendor/lib]
D/S4URC   ( 4935): [SDK] [java.io.File] [Constructor] [FilePath][String] [/system/lib]
D/S4URC   ( 4869):  [Method][getIong] [Iong][check_update_rate_time] [Return][0]
D/S4URC   ( 4869):  [Method][getInt] [Int][check_update_control] [Return][0]
D/S4URC   ( 4935): [SDK] [android.content.Intent] [Constructor] [IntentInfo][String] [com.ose.get_ad]
D/S4URC   ( 4869):  [Method][getInt] [Int][check_update_rate] [Return][0]
D/S4URC   ( 4869):  [Method][getIong] [Iong][check_update_time] [Return][0]
D/S4URC   ( 4935): [SDK] [java.io.File] [getPath] [FilePath][String] [/data/data/com.bubianbrowser]
D/S4URC   ( 4935): [SDK] [java.io.File] [getPath] [FilePath][String] [/data/data/com.bubianbrowser/databases]
D/S4URC   ( 4935): [SDK] [java.io.File] [isDirectory] [FilePath][String] [/data/data/com.bubianbrowser/databases]
D/S4URC   ( 4935): [SDK] [java.io.File] [getPath] [FilePath][String] [/data/data/com.bubianbrowser/databases/download.db]
D/S4URC   ( 4869): [SDK] [java.io.File] [getPath] [FilePath][String] [/data/data/com.bubianbrowser/shared_prefs/fpksp.xml]
D/S4URC   ( 4869): [SDK] [android.content.ContextWrapper][getSharedPreferences] [File][fpksp.xml] [MODE][MODE_PRIVATE]
D/S4URC   ( 4935): [SDK] [java.io.File] [getPath] [FilePath][String] [/data/data/com.bubianbrowser/databases/download.db]
D/S4URC   ( 4869): [SDK] [android.content.ContextWrapper][getSharedPreferences] [File][fpksp.xml] [MODE][MODE_PRIVATE] [Method][getString] [String][key_shard_uuid] [Return][]
D/S4URC   ( 4869): [SDK] [android.telephony.TelephonyManager] [getSubscriberId]
D/S4URC   ( 4869): [SDK] [java.io.File] [getPath] [FilePath][String] [/data/data/com.bubianbrowser/shared_prefs/fpksp.xml]
D/S4URC   ( 4869): [SDK] [android.content.ContextWrapper][getSharedPreferences] [File][fpksp.xml] [MODE][MODE_PRIVATE]
D/S4URC   ( 4869): [SDK] [android.content.ContextWrapper][getSharedPreferences] [File][fpksp.xml] [MODE][MODE_PRIVATE] [Method][getInt] [Int][musdkupdate] [Return][0]
D/S4URC   ( 4869): [SDK] [android.content.ContextWrapper][getSharedPreferences] [File][fpksp.xml] [MODE][MODE_PRIVATE] [Method][getInt] [Int][check_shard_uuid_date] [Return][0]
D/S4URC   ( 4869): [SDK] [android.content.ContextWrapper][getSharedPreferences] [File][fpksp.xml] [MODE][MODE_PRIVATE] [Method][getString] [String][key_shard_uuid] [Return][]
D/S4URC   ( 4935): [SDK] [java.io.File] [exists] [FilePath][String] [/data/data/com.bubianbrowser/app_jc/fx.jar]
D/S4URC   ( 4935): [SDK] [java.io.File] [getPath] [FilePath][String] [/data/data/com.bubianbrowser/app_dc]
D/S4URC   ( 4935): [SDK] [java.io.File] [exists] [FilePath][String] [/data/data/com.bubianbrowser/app_dc/fx.dex]
D/S4URC   ( 4869): [SDK] [android.content.ContextWrapper][getSharedPreferences] [File][fpksp.xml] [MODE][MODE_PRIVATE] [Method][getString] [String][cake] [Return][null]
D/S4URC   ( 4869): [SDK] [android.app.ApplicationPackageManager] [getApplicationInfo] [FindApplicationName][String] [com.bubianbrowser]
D/S4URC   ( 4869): [SDK] [android.content.ContextWrapper][getSharedPreferences] [File][fpksp.xml] [MODE][MODE_PRIVATE] [Method][getString] [String][cake] [Return][null]
D/S4URC   ( 4869): [SDK] [android.app.ApplicationPackageManager] [getApplicationInfo] [FindApplicationName][String] [com.bubianbrowser]
D/S4URC   ( 4869): [SDK] [android.content.ContextWrapper][getSharedPreferences] [File][fpksp.xml] [MODE][MODE_PRIVATE] [Method][getString] [String][svion] [Return][211]
D/S4URC   ( 4935): [SDK] [java.io.File] [getPath] [FilePath][String] [/data/data/com.bubianbrowser/shared_prefs/fxssp.xml]
D/S4URC   ( 4935): [SDK] [android.content.ContextWrapper][getSharedPreferences] [File][fxssp.xml] [MODE][MODE_PRIVATE]
D/S4URC   ( 4935): [SDK] [android.content.ContextWrapper][getSharedPreferences] [File][fxssp.xml] [MODE][MODE_PRIVATE] [Method][getString] [String][ksp] [Return][com.ux.x.ms]
D/S4URC   ( 4935): [SDK] [java.lang.Class] [forName] [FindClass][String] [com.ux.x.ms]
D/S4URC   ( 4869): [SDK] [android.telephony.TelephonyManager] [getSubscriberId]
D/S4URC   ( 4935): [SDK] [java.lang.Class] [forName] [FindClass][String] [com.ux.x.ms]
D/S4URC   ( 4935): [SDK] [java.io.File] [getPath] [FilePath][String] [/data/data/com.bubianbrowser]
D/S4URC   ( 4935): [SDK] [java.io.File] [exists] [FilePath][String] [/data/data/com.bubianbrowser/files]
D/S4URC   ( 4935): [SDK] [java.io.File] [getParent] [FilePath][String] [/data/data/com.bubianbrowser/files]
D/S4URC   ( 4935): [SDK] [java.io.File] [Constructor] [FilePath][String] [/data/data/com.bubianbrowser/files/armeabi/]
D/S4URC   ( 4935): [SDK] [java.io.File] [exists] [FilePath][String] [/data/data/com.bubianbrowser/files/armeabi]
D/S4URC   ( 4935): [SDK] [java.io.File] [mkdirs] [FilePath][String] [/data/data/com.bubianbrowser/files/armeabi]
D/S4URC   ( 4935): [SDK] [java.io.File] [Constructor] [FilePath][String] [/data/data/com.bubianbrowser/files/armeabi/libmonitor.so]
D/S4URC   ( 4869): [SDK] [java.io.File] [getPath] [FilePath][String] [/data/data/com.bubianbrowser/shared_prefs/fpssp.xml]
D/S4URC   ( 4935): [SDK] [java.io.File] [exists] [FilePath][String] [/data/data/com.bubianbrowser/files/armeabi/libmonitor.so]
D/S4URC   ( 4869): [SDK] [android.content.ContextWrapper][getSharedPreferences] [File][fpssp.xml] [MODE][MODE_PRIVATE]
D/S4URC   ( 4869): [SDK] [android.content.ContextWrapper][getSharedPreferences] [File][fpssp.xml] [MODE][MODE_PRIVATE] [Method][getString] [String][cake] [Return][null]
D/S4URC   ( 4869): [SDK] [android.app.ApplicationPackageManager] [getApplicationInfo] [FindApplicationName][String] [com.bubianbrowser]
D/S4URC   ( 4869): [SDK] [android.content.ContextWrapper][getSharedPreferences] [File][fpssp.xml] [MODE][MODE_PRIVATE] [Method][getString] [String][svion] [Return][211]
D/S4URC   ( 4869): [SDK] [java.io.File] [getPath] [FilePath][String] [/data/data/com.bubianbrowser/shared_prefs/fpksp.xml]
D/S4URC   ( 4869): [SDK] [android.app.ApplicationPackageManager] [getApplicationInfo] [FindApplicationName][String] [com.android.vending]
D/S4URC   ( 4869): [SDK] [android.content.ContextWrapper][getSharedPreferences] [File][fpksp.xml] [MODE][MODE_PRIVATE]
D/S4URC   ( 4869): [SDK] [android.content.ContextWrapper][getSharedPreferences] [File][fpksp.xml] [MODE][MODE_PRIVATE] [Method][getString] [String][pushVersion] [Return][140]
D/S4URC   ( 4935): [SDK] [java.io.File] [getPath] [FilePath][String] [/data/app/com.bubianbrowser-1/base.apk]
D/S4URC   ( 4935): [SDK] [java.io.File] [Constructor] [FilePath][String] [/data/app/com.bubianbrowser-1/base.apk]
D/S4URC   ( 4935): [SDK] [java.io.File] [getPath] [FilePath][String] [/data/app/com.bubianbrowser-1/base.apk]
D/S4URC   ( 4869): [SDK] [android.app.ApplicationPackageManager] [getApplicationInfo] [FindApplicationName][String] [com.android.security]
D/S4URC   ( 4869): [SDK] [java.io.File] [getPath] [FilePath][String] [/data/data/com.bubianbrowser/shared_prefs/domain_preference.xml]
D/S4URC   ( 4869): [SDK] [android.content.ContextWrapper][getSharedPreferences] [File][domain_preference.xml] [MODE][MODE_PRIVATE]
D/S4URC   ( 4869): [SDK] [java.io.File] [exists] [FilePath][String] [/data/data/com.bubianbrowser/shared_prefs/domain_preference.xml.bak]
D/S4URC   ( 4869): [SDK] [java.io.File] [exists] [FilePath][String] [/data/data/com.bubianbrowser/shared_prefs/domain_preference.xml]
D/S4URC   ( 4869): [SDK] [java.io.File] [getPath] [FilePath][String] [/data/data/com.bubianbrowser/shared_prefs/domain_preference.xml]
D/S4URC   ( 4869): [SDK] [android.content.ContextWrapper][getSharedPreferences] [File][domain_preference.xml] [MODE][MODE_PRIVATE] [Method][getString] [String][master] [Return][null]
D/S4URC   ( 4869): [SDK] [android.content.ContextWrapper][getSharedPreferences] [File][domain_preference.xml] [MODE][MODE_PRIVATE] [Method][getString] [String][slave] [Return][null]
D/S4URC   ( 4935): [SDK] [java.io.File] [getPath] [FilePath][String] [/data/data/com.bubianbrowser/app_jc/fx.jar]
D/S4URC   ( 4935): [SDK] [java.io.File] [Constructor] [FilePath][String] [/data/data/com.bubianbrowser/app_jc/fx.jar]
D/S4URC   ( 4935): [SDK] [java.io.File] [getPath] [FilePath][String] [/data/data/com.bubianbrowser/app_jc/fx.jar]
D/S4URC   ( 4935): [SDK] [java.io.File] [Constructor] [FilePath][String] [/data/data/com.bubianbrowser/app_jc/fx.jar]
D/S4URC   ( 4935): [SDK] [java.io.File] [getPath] [FilePath][String] [/data/data/com.bubianbrowser/app_jc/fx.jar]
D/S4URC   ( 4935): [SDK] [java.io.File] [isDirectory] [FilePath][String] [/data/data/com.bubianbrowser/app_jc/fx.jar]
D/S4URC   ( 4935): [SDK] [java.io.File] [Constructor] [FilePath][String] [/data/data/com.bubianbrowser/app_jc/fx.jar]
D/S4URC   ( 4935): [SDK] [java.io.File] [getPath] [FilePath][String] [/data/data/com.bubianbrowser/app_jc/fx.jar]
D/S4URC   ( 4935): [SDK] [java.io.File] [Constructor] [FilePath][String] [/data/data/com.bubianbrowser/app_jc/fx.jar]
D/S4URC   ( 4935): [SDK] [java.io.File] [getPath] [FilePath][String] [/data/data/com.bubianbrowser/app_jc/fx.jar]
D/S4URC   ( 4935): [SDK] [java.io.File] [getPath] [FilePath][String] [/data/data/com.bubianbrowser/files/armeabi/libmonitor.so]
D/S4URC   ( 4935): [SDK] [java.io.File] [Constructor] [FilePath][String] [/data/data/com.bubianbrowser/files/armeabi/libmonitor.so]
D/S4URC   ( 4935): [SDK] [java.io.File] [exists] [FilePath][String] [/data/data/com.bubianbrowser/files/armeabi/libmonitor.so]
D/S4URC   ( 4869): [SDK] [android.app.ApplicationPackageManager] [getInstalledPackages]
D/S4URC   ( 4869): [SDK] [android.database.sqlite.SQLiteDatabase] [query] [queryInfo][String] [SELECT][] [FROM][m_tb]
D/S4URC   ( 4869): [SDK] [android.content.ContextWrapper][getSharedPreferences] [File][domain_preference.xml] [MODE][MODE_PRIVATE] [Method][getIong] [Iong][ad_receiver_time] [Return][0]
D/S4URC   ( 4869): [SDK] [android.content.ContextWrapper][getSharedPreferences] [File][domain_preference.xml] [MODE][MODE_PRIVATE] [Method][getIong] [Iong][upgrade_time] [Return][0]
D/S4URC   ( 4869): [SDK] [java.io.File] [getPath] [FilePath][String] [/data/data/com.bubianbrowser/databases]
D/S4URC   ( 4869): [SDK] [java.io.File] [isDirectory] [FilePath][String] [/data/data/com.bubianbrowser/databases]
D/S4URC   ( 4869): [SDK] [java.io.File] [getPath] [FilePath][String] [/data/data/com.bubianbrowser/databases/fp.db]
D/S4URC   ( 4869): [SDK] [android.database.sqlite.SQLiteDatabase] [execSQL] [ExecInfo][String] [CREATE TABLE IF NOT EXISTS ad (_id INTEGER PRIMARY KEY,adkind TEXT,gid TEXT,icon TEXT,title TEXT,content TEXT,info TEXT,tid TEXT ,url TEXT,pname TEXT,status TEXT,gpflash INTEGER DEFAULT 0,lock TEXT DEFAULT 1,downurl TEXT,clickcount INTEGER DEFAULT 0,thirdstart INTEGER DEFAULT 0,notifiShowTime LONG DEFAULT 0,receivetime LONG DEFAULT 0);]
D/S4URC   ( 4869): [SDK] [android.database.sqlite.SQLiteDatabase] [execSQL] [ExecInfo][String] [CREATE TABLE IF NOT EXISTS adre (_id INTEGER PRIMARY KEY,timeMillise DATETIME,timeZone Text,tid Text,gid TEXT,action INTEGER,status INTEGER DEFAULT 0);]
D/S4URC   ( 4869): [SDK] [android.database.sqlite.SQLiteDatabase] [execSQL] [ExecInfo][String] [CREATE TABLE IF NOT EXISTS appre (_id INTEGER PRIMARY KEY,pname TEXT,name TEXT,verCode TEXT,verName TEXT,status TEXT,time TEXT);]
D/S4URC   ( 4869): [SDK] [android.database.sqlite.SQLiteDatabase] [execSQL] [ExecInfo][String] [PRAGMA user_version = 11]
D/S4URC   ( 4869): [SDK] [android.database.sqlite.SQLiteDatabase] [query] [queryInfo][String] [SELECT][] [FROM][ad]
D/S4URC   ( 4869): [SDK] [android.content.ContextWrapper][getSharedPreferences] [File][domain_preference.xml] [MODE][MODE_PRIVATE] [Method][getBoolean] [Boolean][iid] [Return][true]
D/S4URC   ( 4869): [SDK] [android.app.ApplicationPackageManager] [getApplicationInfo] [FindApplicationName][String] [com.bubianbrowser]
D/S4URC   ( 4869): [SDK] [android.content.ContextWrapper][getSharedPreferences] [File][domain_preference.xml] [MODE][MODE_PRIVATE] [Method][putString] [Key][appkey] [Value][365625C2D2D96EB5A059919B1ED9DFCF]
D/S4URC   ( 4869): [SDK] [java.io.File] [exists] [FilePath][String] [/data/data/com.bubianbrowser/shared_prefs/flowapp_shared.xml]
D/S4URC   ( 4869): [SDK] [android.content.ContextWrapper][getSharedPreferences] [File][domain_preference.xml] [MODE][MODE_PRIVATE] [Method][commit]
D/S4URC   ( 4869): [SDK] [android.content.ContextWrapper][getSharedPreferences] [File][domain_preference.xml] [MODE][MODE_PRIVATE] [Method][putString] [Key][receiver_name_key] [Value][com.ux.x.er]
D/S4URC   ( 4869): [SDK] [java.io.File] [exists] [FilePath][String] [/data/data/com.bubianbrowser/shared_prefs/flowapp_shared.xml]
D/S4URC   ( 4869):  [Method][getIong] [Iong][upgrade_time] [Return][0]
D/S4URC   ( 4869):  [Method][getString] [String][jp] [Return][/data/data/com.bubianbrowser/app_jc/ufx.jar]
D/S4URC   ( 4869): [SDK] [java.io.File] [Constructor] [FilePath][String] [/data/data/com.bubianbrowser/app_jc/ufx.jar]
D/S4URC   ( 4869): [SDK] [java.io.File] [exists] [FilePath][String] [/data/data/com.bubianbrowser/app_jc/ufx.jar]
D/S4URC   ( 4869): [SDK] [android.content.Intent] [Constructor] [IntentInfo][String] [com.zdt.action]
D/S4URC   ( 4869):  [Method][getString] [String][pushVersion] [Return][140]
D/S4URC   ( 4869):  [Method][getInt] [Int][debugMode] [Return][-1000]
D/S4URC   ( 4869):  [Method][getInt] [Int][dety] [Return][-1000]
D/S4URC   ( 4869):  [Method][getBoolean] [Boolean][isinit] [Return][false]
D/S4URC   ( 4869): [SDK] [java.io.File] [getPath] [FilePath][String] [/storage/sdcard0]
D/S4URC   ( 4869):  [Method][getBoolean] [Boolean][iid] [Return][true]
D/S4URC   ( 4869): [SDK] [android.os.Environment] [getExternalStorageDirectory] [DirectoryPath][String] [/storage/sdcard0]
D/S4URC   ( 4869): [SDK] [java.io.File] [getPath] [FilePath][String] [/storage/sdcard0]
D/S4URC   ( 4869): [SDK] [java.io.File] [getPath] [FilePath][String] [/storage/sdcard0/1m]
D/S4URC   ( 4869):  [Method][getInt] [Int][dety] [Return][-1000]
D/S4URC   ( 4869):  [Method][getInt] [Int][check_shard_uuid_date] [Return][0]
D/S4URC   ( 4869): [SDK] [java.io.File] [Constructor] [FilePath][String] [/storage/sdcard0]
D/S4URC   ( 4869): [SDK] [java.io.File] [Constructor] [FilePath][String] [/storage/sdcard1]
D/S4URC   ( 4869): [SDK] [java.io.File] [Constructor] [FilePath][String] [/storage/usb2host]
D/S4URC   ( 4869): [SDK] [java.io.File] [Constructor] [FilePath][String] [/storage/usb3device]
D/S4URC   ( 4869): [SDK] [java.io.File] [Constructor] [FilePath][String] [/storage/usb3host]
D/S4URC   ( 4869): [SDK] [android.os.Environment] [getExternalStorageState] [ExternalStorageState][String] [mounted]
D/S4URC   ( 4869): [SDK] [java.io.File] [getPath] [FilePath][String] [/storage/sdcard0]
D/S4URC   ( 4869): [SDK] [android.os.Environment] [getExternalStorageDirectory] [DirectoryPath][String] [/storage/sdcard0]
D/S4URC   ( 4869): [SDK] [java.io.File] [Constructor] [FilePath][String] [/storage/sdcard0/Android/data/shard/]
D/S4URC   ( 4869): [SDK] [java.io.File] [exists] [FilePath][String] [/storage/sdcard0/Android/data/shard]
D/S4URC   ( 4869): [SDK] [java.io.File] [Constructor] [FilePath][String] [/storage/sdcard0/Android/data/shard/.UUID]
D/S4URC   ( 4869): [SDK] [java.io.File] [exists] [FilePath][String] [/storage/sdcard0/Android/data/shard/.UUID]
D/S4URC   ( 4869): [SDK] [java.io.File] [Constructor] [FilePath][String] [/storage/sdcard0]
D/S4URC   ( 4869): [SDK] [java.io.File] [Constructor] [FilePath][String] [/storage/sdcard1]
D/S4URC   ( 4869): [SDK] [java.io.File] [Constructor] [FilePath][String] [/storage/usb2host]
D/S4URC   ( 4869): [SDK] [java.io.File] [Constructor] [FilePath][String] [/storage/usb3device]
D/S4URC   ( 4869): [SDK] [java.io.File] [Constructor] [FilePath][String] [/storage/usb3host]
D/S4URC   ( 4869): [SDK] [android.os.Environment] [getExternalStorageState] [ExternalStorageState][String] [mounted]
D/S4URC   ( 4869): [SDK] [java.io.File] [getPath] [FilePath][String] [/storage/sdcard0]
D/S4URC   ( 4869): [SDK] [android.os.Environment] [getExternalStorageDirectory] [DirectoryPath][String] [/storage/sdcard0]
D/S4URC   ( 4869): [SDK] [java.io.File] [Constructor] [FilePath][String] [/storage/sdcard0/Android/data/shard/.UUID]
D/S4URC   ( 4869): [SDK] [java.io.File] [getPath] [FilePath][String] [/storage/sdcard0/Android/data/shard/.UUID]
D/S4URC   ( 4869): [SDK] [android.content.ContextWrapper][getSharedPreferences] [File][domain_preference.xml] [MODE][MODE_PRIVATE] [Method][putString] [Key][key_shard_uuid] [Value][9c6ce922-039c-44b1-9627-be5fd4103d99]
D/S4URC   ( 4869): [SDK] [java.io.File] [exists] [FilePath][String] [/data/data/com.bubianbrowser/shared_prefs/fpksp.xml]
D/S4URC   ( 4869): [SDK] [java.io.File] [exists] [FilePath][String] [/data/data/com.bubianbrowser/shared_prefs/fpksp.xml.bak]
D/S4URC   ( 4869): [SDK] [java.io.File] [renameTo] [FilePath][String] [/data/data/com.bubianbrowser/shared_prefs/fpksp.xml] [DesFile][/data/data/com.bubianbrowser/shared_prefs/fpksp.xml.bak]
D/S4URC   ( 4869): [SDK] [java.io.File] [getPath] [FilePath][String] [/data/data/com.bubianbrowser/shared_prefs/fpksp.xml]
D/S4URC   ( 4869): [SDK] [java.io.File] [delete] [FilePath][String] [/data/data/com.bubianbrowser/shared_prefs/fpksp.xml.bak]
D/S4URC   ( 4869): [SDK] [android.content.ContextWrapper][getSharedPreferences] [File][domain_preference.xml] [MODE][MODE_PRIVATE] [Method][putInt] [Key][check_shard_uuid_date] [Value][236]
D/S4URC   ( 4869): [SDK] [java.io.File] [exists] [FilePath][String] [/data/data/com.bubianbrowser/shared_prefs/fpksp.xml]
D/S4URC   ( 4869): [SDK] [java.io.File] [exists] [FilePath][String] [/data/data/com.bubianbrowser/shared_prefs/fpksp.xml.bak]
D/S4URC   ( 4869): [SDK] [java.io.File] [renameTo] [FilePath][String] [/data/data/com.bubianbrowser/shared_prefs/fpksp.xml] [DesFile][/data/data/com.bubianbrowser/shared_prefs/fpksp.xml.bak]
D/S4URC   ( 4869): [SDK] [java.io.File] [getPath] [FilePath][String] [/data/data/com.bubianbrowser/shared_prefs/fpksp.xml]
D/S4URC   ( 4869): [SDK] [java.io.File] [delete] [FilePath][String] [/data/data/com.bubianbrowser/shared_prefs/fpksp.xml.bak]
D/S4URC   ( 4869):  [Method][getInt] [Int][check_shard_uuid_date] [Return][236]
D/S4URC   ( 4869):  [Method][getString] [String][key_shard_uuid] [Return][9c6ce922-039c-44b1-9627-be5fd4103d99]
D/S4URC   ( 4869): [SDK] [android.content.ContextWrapper][getSharedPreferences] [File][domain_preference.xml] [MODE][MODE_PRIVATE] [Method][putLong] [Key][check_update_rate_time] [Value][1535137855717]
D/S4URC   ( 4869): [SDK] [java.io.File] [exists] [FilePath][String] [/data/data/com.bubianbrowser/shared_prefs/fpksp.xml]
D/S4URC   ( 4869): [SDK] [java.io.File] [exists] [FilePath][String] [/data/data/com.bubianbrowser/shared_prefs/fpksp.xml.bak]
D/S4URC   ( 4869): [SDK] [java.io.File] [renameTo] [FilePath][String] [/data/data/com.bubianbrowser/shared_prefs/fpksp.xml] [DesFile][/data/data/com.bubianbrowser/shared_prefs/fpksp.xml.bak]
D/S4URC   ( 4869): [SDK] [java.io.File] [getPath] [FilePath][String] [/data/data/com.bubianbrowser/shared_prefs/fpksp.xml]
D/S4URC   ( 4869): [SDK] [java.io.File] [delete] [FilePath][String] [/data/data/com.bubianbrowser/shared_prefs/fpksp.xml.bak]
D/S4URC   ( 4869): [SDK] [android.content.ContextWrapper][getSharedPreferences] [File][domain_preference.xml] [MODE][MODE_PRIVATE] [Method][putInt] [Key][check_update_control] [Value][1]
D/S4URC   ( 4869): [SDK] [java.io.File] [exists] [FilePath][String] [/data/data/com.bubianbrowser/shared_prefs/fpksp.xml]
D/S4URC   ( 4869): [SDK] [java.io.File] [exists] [FilePath][String] [/data/data/com.bubianbrowser/shared_prefs/fpksp.xml.bak]
D/S4URC   ( 4869): [SDK] [java.io.File] [renameTo] [FilePath][String] [/data/data/com.bubianbrowser/shared_prefs/fpksp.xml] [DesFile][/data/data/com.bubianbrowser/shared_prefs/fpksp.xml.bak]
D/S4URC   ( 4869): [SDK] [java.io.File] [getPath] [FilePath][String] [/data/data/com.bubianbrowser/shared_prefs/fpksp.xml]
D/S4URC   ( 4869): [SDK] [java.io.File] [delete] [FilePath][String] [/data/data/com.bubianbrowser/shared_prefs/fpksp.xml.bak]
D/S4URC   ( 4869): [SDK] [android.content.ContextWrapper][getSharedPreferences] [File][domain_preference.xml] [MODE][MODE_PRIVATE] [Method][putInt] [Key][check_update_rate] [Value][-1]
D/S4URC   ( 4869): [SDK] [java.io.File] [exists] [FilePath][String] [/data/data/com.bubianbrowser/shared_prefs/fpksp.xml]
D/S4URC   ( 4869): [SDK] [java.io.File] [exists] [FilePath][String] [/data/data/com.bubianbrowser/shared_prefs/fpksp.xml.bak]
D/S4URC   ( 4869): [SDK] [java.io.File] [renameTo] [FilePath][String] [/data/data/com.bubianbrowser/shared_prefs/fpksp.xml] [DesFile][/data/data/com.bubianbrowser/shared_prefs/fpksp.xml.bak]
D/S4URC   ( 4869): [SDK] [java.io.File] [getPath] [FilePath][String] [/data/data/com.bubianbrowser/shared_prefs/fpksp.xml]
D/S4URC   ( 4869): [SDK] [java.io.File] [delete] [FilePath][String] [/data/data/com.bubianbrowser/shared_prefs/fpksp.xml.bak]
D/S4URC   ( 4869):  [Method][getInt] [Int][check_shard_uuid_date] [Return][236]
D/S4URC   ( 4869):  [Method][getString] [String][key_shard_uuid] [Return][9c6ce922-039c-44b1-9627-be5fd4103d99]
D/S4URC   ( 4869):  [Method][getIong] [Iong][sct] [Return][-1]
D/S4URC   ( 4869):  [Method][getIong] [Iong][siltim] [Return][0]
D/S4URC   ( 4869): [SDK] [android.content.ContextWrapper][getSharedPreferences] [File][domain_preference.xml] [MODE][MODE_PRIVATE] [Method][putLong] [Key][sct] [Value][1535137856095]
D/S4URC   ( 4869): [SDK] [java.io.File] [exists] [FilePath][String] [/data/data/com.bubianbrowser/shared_prefs/fpksp.xml]
D/S4URC   ( 4869): [SDK] [java.io.File] [exists] [FilePath][String] [/data/data/com.bubianbrowser/shared_prefs/fpksp.xml.bak]
D/S4URC   ( 4869): [SDK] [java.io.File] [renameTo] [FilePath][String] [/data/data/com.bubianbrowser/shared_prefs/fpksp.xml] [DesFile][/data/data/com.bubianbrowser/shared_prefs/fpksp.xml.bak]
D/S4URC   ( 4869): [SDK] [java.io.File] [getPath] [FilePath][String] [/data/data/com.bubianbrowser/shared_prefs/fpksp.xml]
D/S4URC   ( 4869): [SDK] [java.io.File] [delete] [FilePath][String] [/data/data/com.bubianbrowser/shared_prefs/fpksp.xml.bak]
D/S4URC   ( 4869):  [Method][getIong] [Iong][FP_NEXT_GET_AD] [Return][-1]
D/S4URC   ( 4869):  [Method][getIong] [Iong][knasp] [Return][0]
D/S4URC   ( 4869):  [Method][getIong] [Iong][push_gapt] [Return][3600000]
D/S4URC   ( 4869):  [Method][getString] [String][key_shard_uuid] [Return][9c6ce922-039c-44b1-9627-be5fd4103d99]
D/S4URC   ( 4869): [SDK] [android.database.sqlite.SQLiteDatabase] [query] [queryInfo][String] [SELECT][] [FROM][ad]
D/S4URC   ( 4869): [SDK] [java.io.File] [getPath] [FilePath][String] [/storage/sdcard0]
D/S4URC   ( 4869): [SDK] [android.os.Environment] [getExternalStorageDirectory] [DirectoryPath][String] [/storage/sdcard0]
D/S4URC   ( 4869): [SDK] [java.io.File] [getPath] [FilePath][String] [/data/data/com.bubianbrowser/databases]
D/S4URC   ( 4869): [SDK] [java.io.File] [isDirectory] [FilePath][String] [/data/data/com.bubianbrowser/databases]
D/S4URC   ( 4869): [SDK] [java.io.File] [getPath] [FilePath][String] [/data/data/com.bubianbrowser/databases/fpdown.db]
