D/S4URC   ( 2651): [SDK] [java.io.File] [Constructor] [FilePath][String] [/proc/meminfo]
D/S4URC   ( 2651): [SDK] [java.io.File] [getPath] [FilePath][String] [/proc/meminfo]
D/S4URC   ( 2651): [NDK] [SYSCALL] [open] [PATH][string] [/proc/meminfo] [RETURN][int] [103]
D/S4URC   ( 2651): [NDK] [SYSCALL] [access] [PATH][string] [/data/data/com.mmbox.xbrowser.gp/databases/mbrowser-journal]
D/S4URC   ( 2651): [NDK] [SYSCALL] [stat] [PATH][string] [/data/data/com.mmbox.xbrowser.gp/databases/mbrowser-journal]
D/S4URC   ( 2651): [NDK] [SYSCALL] [stat] [PATH][string] [/data/data/com.mmbox.xbrowser.gp/databases/mbrowser]
D/S4URC   ( 2651): [NDK] [SYSCALL] [open] [PATH][string] [/data/data/com.mmbox.xbrowser.gp/databases/mbrowser-journal] [RETURN][int] [107]
D/S4URC   ( 2651): [NDK] [SYSCALL] [access] [PATH][string] [/data/data/com.mmbox.xbrowser.gp/databases/mbrowser-wal]
D/S4URC   ( 2651): [NDK] [SYSCALL] [stat] [PATH][string] [/data/data/com.mmbox.xbrowser.gp/databases/mbrowser]
D/S4URC   ( 2651): [NDK] [SYSCALL] [open] [PATH][string] [/data/data/com.mmbox.xbrowser.gp/databases/mbrowser-journal] [RETURN][int] [107]
D/S4URC   ( 2651): [NDK] [SYSCALL] [open] [PATH][string] [/proc/cpuinfo] [RETURN][int] [108]
D/S4URC   ( 2651): [NDK] [SYSCALL] [open] [PATH][string] [/proc/meminfo] [RETURN][int] [108]
D/S4URC   ( 2651): [NDK] [SYSCALL] [open] [PATH][string] [/data/data/com.mmbox.xbrowser.gp/databases] [RETURN][int] [108]
D/S4URC   ( 2651): [NDK] [SYSCALL] [open] [PATH][string] [/proc/cpuinfo] [RETURN][int] [109]
D/S4URC   ( 2651): [SDK] [android.database.sqlite.SQLiteDatabase] [insert] [Table][String] [event_log]
D/S4URC   ( 2651): [SDK] [android.content.ContextWrapper][getSharedPreferences] [File][pp.xml] [MODE][MODE_PRIVATE] [Method][putString] [Key][last_open_url] [Value][http://www.google.com/search?q=on%20five.%20I%20vaiy]
D/S4URC   ( 2651): [SDK] [java.io.File] [exists] [FilePath][String] [/data/data/com.mmbox.xbrowser.gp/shared_prefs/com.mmbox.xbrowser.gp_preferences.xml]
D/S4URC   ( 2651): [SDK] [android.content.ContextWrapper][getSharedPreferences] [File][pp.xml] [MODE][MODE_PRIVATE] [Method][putInt] [Key][last_open_mode] [Value][0]
D/S4URC   ( 2651): [NDK] [SYSCALL] [access] [PATH][string] [/data/data/com.mmbox.xbrowser.gp/shared_prefs/com.mmbox.xbrowser.gp_preferences.xml]
D/S4URC   ( 2651): [SDK] [java.io.File] [exists] [FilePath][String] [/data/data/com.mmbox.xbrowser.gp/shared_prefs/com.mmbox.xbrowser.gp_preferences.xml.bak]
D/S4URC   ( 2651): [NDK] [SYSCALL] [access] [PATH][string] [/data/data/com.mmbox.xbrowser.gp/shared_prefs/com.mmbox.xbrowser.gp_preferences.xml.bak]
D/S4URC   ( 2651): [SDK] [java.io.File] [renameTo] [FilePath][String] [/data/data/com.mmbox.xbrowser.gp/shared_prefs/com.mmbox.xbrowser.gp_preferences.xml] [DesFile][/data/data/com.mmbox.xbrowser.gp/shared_prefs/com.mmbox.xbrowser.gp_preferences.xml.bak]
D/S4URC   ( 2651): [NDK] [SYSCALL] [rename] [ORIG_PATH][string] [/data/data/com.mmbox.xbrowser.gp/shared_prefs/com.mmbox.xbrowser.gp_preferences.xml] [NEW_PATH][string] [/data/data/com.mmbox.xbrowser.gp/shared_prefs/com.mmbox.xbrowser.gp_preferences.xml.bak]
D/S4URC   ( 2651):  [Method][getString] [String][stat_web_access] [Return][null]
D/S4URC   ( 2651): [SDK] [java.io.File] [getPath] [FilePath][String] [/data/data/com.mmbox.xbrowser.gp/shared_prefs/com.mmbox.xbrowser.gp_preferences.xml]
D/S4URC   ( 2651): [NDK] [SYSCALL] [open] [PATH][string] [/data/data/com.mmbox.xbrowser.gp/shared_prefs/com.mmbox.xbrowser.gp_preferences.xml] [RETURN][int] [108]
D/S4URC   ( 2651): [NDK] [SYSCALL] [access] [PATH][string] [/data/data/com.mmbox.xbrowser.gp/databases/mbrowser-journal]
D/S4URC   ( 2651): [NDK] [SYSCALL] [stat] [PATH][string] [/data/data/com.mmbox.xbrowser.gp/databases/mbrowser-journal]
D/S4URC   ( 2651): [NDK] [SYSCALL] [stat] [PATH][string] [/data/data/com.mmbox.xbrowser.gp/databases/mbrowser]
D/S4URC   ( 2651): [NDK] [SYSCALL] [open] [PATH][string] [/data/data/com.mmbox.xbrowser.gp/databases/mbrowser-journal] [RETURN][int] [110]
D/S4URC   ( 2651): [NDK] [SYSCALL] [access] [PATH][string] [/data/data/com.mmbox.xbrowser.gp/databases/mbrowser-wal]
D/S4URC   ( 2651): [NDK] [SYSCALL] [access] [PATH][string] [/data/data/com.mmbox.xbrowser.gp/databases/mbrowser-journal]
D/S4URC   ( 2651): [NDK] [SYSCALL] [stat] [PATH][string] [/data/data/com.mmbox.xbrowser.gp/databases/mbrowser-journal]
D/S4URC   ( 2651): [NDK] [SYSCALL] [stat] [PATH][string] [/data/data/com.mmbox.xbrowser.gp/databases/mbrowser]
D/S4URC   ( 2651): [NDK] [SYSCALL] [open] [PATH][string] [/data/data/com.mmbox.xbrowser.gp/databases/mbrowser-journal] [RETURN][int] [107]
D/S4URC   ( 2651): [NDK] [SYSCALL] [access] [PATH][string] [/data/data/com.mmbox.xbrowser.gp/databases/mbrowser-wal]
D/S4URC   ( 2651): [NDK] [SYSCALL] [stat] [PATH][string] [/data/data/com.mmbox.xbrowser.gp/databases/mbrowser]
D/S4URC   ( 2651): [NDK] [SYSCALL] [open] [PATH][string] [/data/data/com.mmbox.xbrowser.gp/databases/mbrowser-journal] [RETURN][int] [107]
D/S4URC   ( 2651): [SDK] [java.io.File] [getPath] [FilePath][String] [/data/data/com.mmbox.xbrowser.gp/shared_prefs/com.mmbox.xbrowser.gp_preferences.xml]
D/S4URC   ( 2651): [NDK] [SYSCALL] [chmod] [PATH][string] [/data/data/com.mmbox.xbrowser.gp/shared_prefs/com.mmbox.xbrowser.gp_preferences.xml] [MODE][int] [0660]
D/S4URC   ( 2651): [SDK] [java.io.File] [getPath] [FilePath][String] [/data/data/com.mmbox.xbrowser.gp/shared_prefs/com.mmbox.xbrowser.gp_preferences.xml]
D/S4URC   ( 2651): [NDK] [SYSCALL] [stat] [PATH][string] [/data/data/com.mmbox.xbrowser.gp/shared_prefs/com.mmbox.xbrowser.gp_preferences.xml]
D/S4URC   ( 2651): [SDK] [java.io.File] [delete] [FilePath][String] [/data/data/com.mmbox.xbrowser.gp/shared_prefs/com.mmbox.xbrowser.gp_preferences.xml.bak]
D/S4URC   ( 2651): [NDK] [SYSCALL] [lstat] [PATH][string] [/data/data/com.mmbox.xbrowser.gp/shared_prefs/com.mmbox.xbrowser.gp_preferences.xml.bak]
D/S4URC   ( 2651): [NDK] [SYSCALL] [unlink] [PATH][string] [/data/data/com.mmbox.xbrowser.gp/shared_prefs/com.mmbox.xbrowser.gp_preferences.xml.bak]
D/S4URC   ( 2651): [SDK] [java.io.File] [exists] [FilePath][String] [/data/data/com.mmbox.xbrowser.gp/shared_prefs/com.mmbox.xbrowser.gp_preferences.xml]
D/S4URC   ( 2651): [NDK] [SYSCALL] [access] [PATH][string] [/data/data/com.mmbox.xbrowser.gp/shared_prefs/com.mmbox.xbrowser.gp_preferences.xml]
D/S4URC   ( 2651): [SDK] [java.io.File] [exists] [FilePath][String] [/data/data/com.mmbox.xbrowser.gp/shared_prefs/com.mmbox.xbrowser.gp_preferences.xml.bak]
D/S4URC   ( 2651): [NDK] [SYSCALL] [access] [PATH][string] [/data/data/com.mmbox.xbrowser.gp/shared_prefs/com.mmbox.xbrowser.gp_preferences.xml.bak]
D/S4URC   ( 2651): [SDK] [java.io.File] [renameTo] [FilePath][String] [/data/data/com.mmbox.xbrowser.gp/shared_prefs/com.mmbox.xbrowser.gp_preferences.xml] [DesFile][/data/data/com.mmbox.xbrowser.gp/shared_prefs/com.mmbox.xbrowser.gp_preferences.xml.bak]
D/S4URC   ( 2651): [NDK] [SYSCALL] [rename] [ORIG_PATH][string] [/data/data/com.mmbox.xbrowser.gp/shared_prefs/com.mmbox.xbrowser.gp_preferences.xml] [NEW_PATH][string] [/data/data/com.mmbox.xbrowser.gp/shared_prefs/com.mmbox.xbrowser.gp_preferences.xml.bak]
D/S4URC   ( 2651): [SDK] [java.io.File] [getPath] [FilePath][String] [/data/data/com.mmbox.xbrowser.gp/shared_prefs/com.mmbox.xbrowser.gp_preferences.xml]
D/S4URC   ( 2651): [NDK] [SYSCALL] [open] [PATH][string] [/data/data/com.mmbox.xbrowser.gp/shared_prefs/com.mmbox.xbrowser.gp_preferences.xml] [RETURN][int] [108]
D/S4URC   ( 2651): [NDK] [SYSCALL] [open] [PATH][string] [/data/data/com.mmbox.xbrowser.gp/databases] [RETURN][int] [109]
D/S4URC   ( 2651): [SDK] [java.io.File] [getPath] [FilePath][String] [/data/data/com.mmbox.xbrowser.gp/shared_prefs/com.mmbox.xbrowser.gp_preferences.xml]
D/S4URC   ( 2651): [NDK] [SYSCALL] [chmod] [PATH][string] [/data/data/com.mmbox.xbrowser.gp/shared_prefs/com.mmbox.xbrowser.gp_preferences.xml] [MODE][int] [0660]
D/S4URC   ( 2651): [SDK] [java.io.File] [getPath] [FilePath][String] [/data/data/com.mmbox.xbrowser.gp/shared_prefs/com.mmbox.xbrowser.gp_preferences.xml]
D/S4URC   ( 2651): [NDK] [SYSCALL] [stat] [PATH][string] [/data/data/com.mmbox.xbrowser.gp/shared_prefs/com.mmbox.xbrowser.gp_preferences.xml]
D/S4URC   ( 2651): [SDK] [java.io.File] [delete] [FilePath][String] [/data/data/com.mmbox.xbrowser.gp/shared_prefs/com.mmbox.xbrowser.gp_preferences.xml.bak]
D/S4URC   ( 2651): [NDK] [SYSCALL] [lstat] [PATH][string] [/data/data/com.mmbox.xbrowser.gp/shared_prefs/com.mmbox.xbrowser.gp_preferences.xml.bak]
D/S4URC   ( 2651): [NDK] [SYSCALL] [unlink] [PATH][string] [/data/data/com.mmbox.xbrowser.gp/shared_prefs/com.mmbox.xbrowser.gp_preferences.xml.bak]
D/S4URC   ( 2651): [SDK] [android.database.sqlite.SQLiteDatabase] [insert] [Table][String] [search_his]
D/S4URC   ( 2651): [SDK] [java.lang.Class] [forName] [FindClass][String] [android.os.Message]
D/S4URC   ( 2651): [NDK] [SYSCALL] [access] [PATH][string] [/data/data/com.mmbox.xbrowser.gp/app_webview/Service Worker/Database]
D/S4URC   ( 2651): [NDK] [SYSCALL] [access] [PATH][string] [/data/data/com.mmbox.xbrowser.gp/app_webview]
D/S4URC   ( 2651): [NDK] [SYSCALL] [access] [PATH][string] [/data/data/com.mmbox.xbrowser.gp/app_webview/Cookies-journal]
D/S4URC   ( 2651): [NDK] [SYSCALL] [unlink] [PATH][string] [/data/data/com.mmbox.xbrowser.gp/app_webview/Cookies-wal]
D/S4URC   ( 2651): [NDK] [SYSCALL] [access] [PATH][string] [/data/data/com.mmbox.xbrowser.gp/app_webview/Cookies-journal]
D/S4URC   ( 2651): [NDK] [SYSCALL] [unlink] [PATH][string] [/data/data/com.mmbox.xbrowser.gp/app_webview/Cookies-wal]
D/S4URC   ( 2651): [SDK] [android.app.ApplicationPackageManager] [getPackageInfo] [FindPackageName][String] [com.zbar.lib]
D/S4URC   ( 2651): [SDK] [java.io.File] [getPath] [FilePath][String] [/storage/sdcard0]
D/S4URC   ( 2651): [SDK] [android.os.Environment] [getExternalStorageDirectory] [DirectoryPath][String] [/storage/sdcard0]
D/S4URC   ( 2651): [SDK] [java.io.File] [getPath] [FilePath][String] [/storage/sdcard0]
D/S4URC   ( 2651): [SDK] [java.io.File] [Constructor] [FilePath][String] [/storage/sdcard0/xbrowser/cache/1000407561]
D/S4URC   ( 2651): [SDK] [java.io.File] [exists] [FilePath][String] [/storage/sdcard0/xbrowser/cache/1000407561]
D/S4URC   ( 2651): [NDK] [SYSCALL] [access] [PATH][string] [/storage/sdcard0/xbrowser/cache/1000407561]
D/S4URC   ( 2651): [NDK] [SYSCALL] [access] [PATH][string] [/data/data/com.mmbox.xbrowser.gp/app_webview/Cookies-journal]
D/S4URC   ( 2651): [NDK] [SYSCALL] [access] [PATH][string] [/data/data/com.mmbox.xbrowser.gp/app_webview/Cookies-wal]
D/S4URC   ( 2651): [NDK] [SYSCALL] [access] [PATH][string] [/data/data/com.mmbox.xbrowser.gp/app_webview/Cookies-journal]
D/S4URC   ( 2651): [NDK] [SYSCALL] [access] [PATH][string] [/data/data/com.mmbox.xbrowser.gp/app_webview/Cookies-wal]
D/S4URC   ( 2651): [NDK] [SYSCALL] [access] [PATH][string] [/data/data/com.mmbox.xbrowser.gp/app_webview/Cookies-journal]
D/S4URC   ( 2651): [NDK] [SYSCALL] [access] [PATH][string] [/data/data/com.mmbox.xbrowser.gp/app_webview/Cookies-wal]
D/S4URC   ( 2651): [NDK] [SYSCALL] [access] [PATH][string] [/data/data/com.mmbox.xbrowser.gp/app_webview/Cookies-journal]
D/S4URC   ( 2651): [NDK] [SYSCALL] [access] [PATH][string] [/data/data/com.mmbox.xbrowser.gp/app_webview/Cookies-wal]
D/S4URC   ( 2651): [NDK] [SYSCALL] [access] [PATH][string] [/data/data/com.mmbox.xbrowser.gp/app_webview/Cookies-journal]
D/S4URC   ( 2651): [NDK] [SYSCALL] [access] [PATH][string] [/data/data/com.mmbox.xbrowser.gp/app_webview/Cookies-wal]
D/S4URC   ( 2651): [NDK] [SYSCALL] [access] [PATH][string] [/data/data/com.mmbox.xbrowser.gp/app_webview/Cookies-journal]
D/S4URC   ( 2651): [NDK] [SYSCALL] [access] [PATH][string] [/data/data/com.mmbox.xbrowser.gp/app_webview/Cookies-wal]
D/S4URC   ( 2651): [NDK] [SYSCALL] [access] [PATH][string] [/data/data/com.mmbox.xbrowser.gp/app_webview/Cookies-journal]
D/S4URC   ( 2651): [NDK] [SYSCALL] [access] [PATH][string] [/data/data/com.mmbox.xbrowser.gp/app_webview/Cookies-wal]
D/S4URC   ( 2651): [NDK] [SYSCALL] [access] [PATH][string] [/data/data/com.mmbox.xbrowser.gp/app_webview/Cookies-journal]
D/S4URC   ( 2651): [NDK] [SYSCALL] [access] [PATH][string] [/data/data/com.mmbox.xbrowser.gp/app_webview/Cookies-wal]
D/S4URC   ( 2651): [NDK] [SYSCALL] [access] [PATH][string] [/data/data/com.mmbox.xbrowser.gp/app_webview/Cache]
D/S4URC   ( 2651): [NDK] [SYSCALL] [stat] [PATH][string] [/]
D/S4URC   ( 2651): [NDK] [SYSCALL] [stat] [PATH][string] [/data]
D/S4URC   ( 2651): [NDK] [SYSCALL] [stat] [PATH][string] [/data/data]
D/S4URC   ( 2651): [NDK] [SYSCALL] [stat] [PATH][string] [/data/data/com.mmbox.xbrowser.gp]
D/S4URC   ( 2651): [NDK] [SYSCALL] [mkdir] [PATH][string] [/data/data/com.mmbox.xbrowser.gp/app_webview/Cache] [MODE][int] [0700]
D/S4URC   ( 2651): [NDK] [SYSCALL] [access] [PATH][string] [/data/data/com.mmbox.xbrowser.gp/app_webview/Cache/index-dir/the-real-index]
D/S4URC   ( 2651): [NDK] [SYSCALL] [getdents] [PATH][string] [..]
D/S4URC   ( 2651): [NDK] [SYSCALL] [stat] [PATH][string] [/]
D/S4URC   ( 2651): [NDK] [SYSCALL] [stat] [PATH][string] [/data]
D/S4URC   ( 2651): [NDK] [SYSCALL] [stat] [PATH][string] [/data/data]
D/S4URC   ( 2651): [NDK] [SYSCALL] [stat] [PATH][string] [/data/data/com.mmbox.xbrowser.gp]
D/S4URC   ( 2651): [NDK] [SYSCALL] [mkdir] [PATH][string] [/data/data/com.mmbox.xbrowser.gp/app_webview/Cache/index-dir] [MODE][int] [0700]
D/S4URC   ( 2651): [NDK] [SYSCALL] [rename] [ORIG_PATH][string] [/data/data/com.mmbox.xbrowser.gp/app_webview/Cache/index-dir/temp-index] [NEW_PATH][string] [/data/data/com.mmbox.xbrowser.gp/app_webview/Cache/index-dir/the-real-index]
D/S4URC   ( 2651): [NDK] [SYSCALL] [unlink] [PATH][string] [/data/data/com.mmbox.xbrowser.gp/app_webview/Cache/00b4305a614fe298_0]
D/S4URC   ( 2651): [NDK] [SYSCALL] [open] [PATH][string] [/vendor/etc/fallback_fonts.xml] [RETURN][int] [-1]
D/S4URC   ( 2651): [NDK] [SYSCALL] [getdents] [PATH][string] [recovery-resource.dat]
D/S4URC   ( 2651): [NDK] [SYSCALL] [open] [PATH][string] [/vendor/etc] [RETURN][int] [-1]
D/S4URC   ( 2651): [NDK] [SYSCALL] [access] [PATH][string] [/data/data/com.mmbox.xbrowser.gp/databases/mbrowser-journal]
D/S4URC   ( 2651): [NDK] [SYSCALL] [stat] [PATH][string] [/data/data/com.mmbox.xbrowser.gp/databases/mbrowser-journal]
D/S4URC   ( 2651): [NDK] [SYSCALL] [stat] [PATH][string] [/data/data/com.mmbox.xbrowser.gp/databases/mbrowser]
D/S4URC   ( 2651): [NDK] [SYSCALL] [open] [PATH][string] [/data/data/com.mmbox.xbrowser.gp/databases/mbrowser-journal] [RETURN][int] [126]
D/S4URC   ( 2651): [NDK] [SYSCALL] [access] [PATH][string] [/data/data/com.mmbox.xbrowser.gp/databases/mbrowser-wal]
D/S4URC   ( 2651): [NDK] [SYSCALL] [access] [PATH][string] [/data/data/com.mmbox.xbrowser.gp/databases/mbrowser-journal]
D/S4URC   ( 2651): [NDK] [SYSCALL] [stat] [PATH][string] [/data/data/com.mmbox.xbrowser.gp/databases/mbrowser-journal]
D/S4URC   ( 2651): [NDK] [SYSCALL] [stat] [PATH][string] [/data/data/com.mmbox.xbrowser.gp/databases/mbrowser]
D/S4URC   ( 2651): [NDK] [SYSCALL] [open] [PATH][string] [/data/data/com.mmbox.xbrowser.gp/databases/mbrowser-journal] [RETURN][int] [128]
D/S4URC   ( 2651): [NDK] [SYSCALL] [access] [PATH][string] [/data/data/com.mmbox.xbrowser.gp/databases/mbrowser-wal]
D/S4URC   ( 2651): [NDK] [SYSCALL] [stat] [PATH][string] [/data/data/com.mmbox.xbrowser.gp/databases/mbrowser]
D/S4URC   ( 2651): [NDK] [SYSCALL] [open] [PATH][string] [/data/data/com.mmbox.xbrowser.gp/databases/mbrowser-journal] [RETURN][int] [128]
D/S4URC   ( 2651): [NDK] [SYSCALL] [open] [PATH][string] [/data/data/com.mmbox.xbrowser.gp/databases] [RETURN][int] [125]
D/S4URC   ( 2651): [SDK] [android.database.sqlite.SQLiteDatabase] [insert] [Table][String] [history]
D/S4URC   ( 2651): [NDK] [SYSCALL] [unlink] [PATH][string] [/data/data/com.mmbox.xbrowser.gp/cache/com.android.opengl.shaders_cache]
D/S4URC   ( 2651): [SDK] [android.app.ApplicationPackageManager] [getPackageInfo] [FindPackageName][String] [com.zbar.lib]
D/S4URC   ( 2651): [SDK] [java.io.File] [getPath] [FilePath][String] [/storage/sdcard0]
D/S4URC   ( 2651): [SDK] [android.os.Environment] [getExternalStorageDirectory] [DirectoryPath][String] [/storage/sdcard0]
D/S4URC   ( 2651): [SDK] [java.io.File] [getPath] [FilePath][String] [/storage/sdcard0]
D/S4URC   ( 2651): [SDK] [java.io.File] [Constructor] [FilePath][String] [/storage/sdcard0/xbrowser/cache/1000407561]
D/S4URC   ( 2651): [SDK] [java.io.File] [exists] [FilePath][String] [/storage/sdcard0/xbrowser/cache/1000407561]
D/S4URC   ( 2651): [NDK] [SYSCALL] [access] [PATH][string] [/storage/sdcard0/xbrowser/cache/1000407561]
D/S4URC   ( 2651): [NDK] [SYSCALL] [access] [PATH][string] [/data/data/com.mmbox.xbrowser.gp/databases/mbrowser-journal]
D/S4URC   ( 2651): [NDK] [SYSCALL] [stat] [PATH][string] [/data/data/com.mmbox.xbrowser.gp/databases/mbrowser-journal]
D/S4URC   ( 2651): [NDK] [SYSCALL] [stat] [PATH][string] [/data/data/com.mmbox.xbrowser.gp/databases/mbrowser]
D/S4URC   ( 2651): [NDK] [SYSCALL] [open] [PATH][string] [/data/data/com.mmbox.xbrowser.gp/databases/mbrowser-journal] [RETURN][int] [129]
D/S4URC   ( 2651): [NDK] [SYSCALL] [access] [PATH][string] [/data/data/com.mmbox.xbrowser.gp/databases/mbrowser-wal]
D/S4URC   ( 2651): [NDK] [SYSCALL] [access] [PATH][string] [/data/data/com.mmbox.xbrowser.gp/databases/mbrowser-journal]
D/S4URC   ( 2651): [NDK] [SYSCALL] [stat] [PATH][string] [/data/data/com.mmbox.xbrowser.gp/databases/mbrowser-journal]
D/S4URC   ( 2651): [NDK] [SYSCALL] [stat] [PATH][string] [/data/data/com.mmbox.xbrowser.gp/databases/mbrowser]
D/S4URC   ( 2651): [NDK] [SYSCALL] [open] [PATH][string] [/data/data/com.mmbox.xbrowser.gp/databases/mbrowser-journal] [RETURN][int] [129]
D/S4URC   ( 2651): [NDK] [SYSCALL] [access] [PATH][string] [/data/data/com.mmbox.xbrowser.gp/databases/mbrowser-wal]
D/S4URC   ( 2651): [SDK] [android.database.sqlite.SQLiteDatabase] [query] [queryInfo][String] [SELECT][_id,key_words,search_times,last_search] [FROM][search_his]
D/S4URC   ( 2651): [SDK] [java.io.File] [getPath] [FilePath][String] [/storage/sdcard0]
D/S4URC   ( 2651): [SDK] [android.os.Environment] [getExternalStorageDirectory] [DirectoryPath][String] [/storage/sdcard0]
D/S4URC   ( 2651): [SDK] [java.io.File] [getPath] [FilePath][String] [/storage/sdcard0]
D/S4URC   ( 2651): [SDK] [java.io.File] [Constructor] [FilePath][String] [/storage/sdcard0/xbrowser/cache/1204712094]
D/S4URC   ( 2651): [SDK] [java.io.File] [exists] [FilePath][String] [/storage/sdcard0/xbrowser/cache/1204712094]
D/S4URC   ( 2651): [NDK] [SYSCALL] [access] [PATH][string] [/storage/sdcard0/xbrowser/cache/1204712094]
D/S4URC   ( 2651): [SDK] [java.io.File] [getPath] [FilePath][String] [/storage/sdcard0]
D/S4URC   ( 2651): [SDK] [android.os.Environment] [getExternalStorageDirectory] [DirectoryPath][String] [/storage/sdcard0]
D/S4URC   ( 2651): [SDK] [java.io.File] [getPath] [FilePath][String] [/storage/sdcard0]
D/S4URC   ( 2651): [SDK] [java.io.File] [Constructor] [FilePath][String] [/storage/sdcard0/xbrowser/cache/1204712094]
D/S4URC   ( 2651): [SDK] [java.io.File] [exists] [FilePath][String] [/storage/sdcard0/xbrowser/cache/1204712094]
D/S4URC   ( 2651): [NDK] [SYSCALL] [access] [PATH][string] [/storage/sdcard0/xbrowser/cache/1204712094]
D/S4URC   ( 2651): [SDK] [java.io.File] [getPath] [FilePath][String] [/storage/sdcard0]
D/S4URC   ( 2651): [SDK] [android.os.Environment] [getExternalStorageDirectory] [DirectoryPath][String] [/storage/sdcard0]
D/S4URC   ( 2651): [SDK] [java.io.File] [getPath] [FilePath][String] [/storage/sdcard0]
D/S4URC   ( 2651): [SDK] [java.io.File] [Constructor] [FilePath][String] [/storage/sdcard0/xbrowser/cache/1204712094]
D/S4URC   ( 2651): [SDK] [java.io.File] [exists] [FilePath][String] [/storage/sdcard0/xbrowser/cache/1204712094]
D/S4URC   ( 2651): [NDK] [SYSCALL] [access] [PATH][string] [/storage/sdcard0/xbrowser/cache/1204712094]
D/S4URC   ( 2839): [SDK] [java.lang.Runtime] [exec] [Command][String] [amstartservice--user0-ncom.mmbox.xbrowser.gp/com.orangejuice.svc.LauncherService]
D/S4URC   ( 3135): [NDK] [SYSCALL] [getdents] [PATH][string] [.]
D/S4URC   ( 2651): [SDK] [android.app.ApplicationPackageManager] [getApplicationInfo] [FindApplicationName][String] [com.mmbox.xbrowser.gp]
D/S4URC   ( 2841): [SDK] [java.lang.Runtime] [exec] [Command][String] [amstartservice--user0-ncom.mmbox.xbrowser.gp/com.orangejuice.svc.LauncherService]
D/S4URC   ( 3151): [NDK] [SYSCALL] [getdents] [PATH][string] [.]
D/S4URC   ( 2651): [NDK] [SYSCALL] [rename] [ORIG_PATH][string] [/data/data/com.mmbox.xbrowser.gp/app_webview/Cache/index-dir/temp-index] [NEW_PATH][string] [/data/data/com.mmbox.xbrowser.gp/app_webview/Cache/index-dir/the-real-index]
D/S4URC   ( 2651): [NDK] [SYSCALL] [access] [PATH][string] [/data/data/com.mmbox.xbrowser.gp/databases/blue_cmxg-journal]
D/S4URC   ( 2651): [NDK] [SYSCALL] [stat] [PATH][string] [/data/data/com.mmbox.xbrowser.gp/databases/blue_cmxg-journal]
D/S4URC   ( 2651): [NDK] [SYSCALL] [stat] [PATH][string] [/data/data/com.mmbox.xbrowser.gp/databases/blue_cmxg]
D/S4URC   ( 2651): [NDK] [SYSCALL] [open] [PATH][string] [/data/data/com.mmbox.xbrowser.gp/databases/blue_cmxg-journal] [RETURN][int] [71]
D/S4URC   ( 2651): [NDK] [SYSCALL] [access] [PATH][string] [/data/data/com.mmbox.xbrowser.gp/databases/blue_cmxg-wal]
D/S4URC   ( 2651): [SDK] [android.database.sqlite.SQLiteDatabase] [query] [queryInfo][String] [SELECT][] [FROM][siarcd]
D/S4URC   ( 2839): [SDK] [java.lang.Runtime] [exec] [Command][String] [amstartservice--user0-ncom.mmbox.xbrowser.gp/com.orangejuice.svc.LauncherService]
D/S4URC   ( 3180): [NDK] [SYSCALL] [getdents] [PATH][string] [.]
D/S4URC   ( 2651): [SDK] [android.app.ApplicationPackageManager] [getApplicationInfo] [FindApplicationName][String] [com.mmbox.xbrowser.gp]
D/S4URC   ( 2841): [SDK] [java.lang.Runtime] [exec] [Command][String] [amstartservice--user0-ncom.mmbox.xbrowser.gp/com.orangejuice.svc.LauncherService]
D/S4URC   ( 3196): [NDK] [SYSCALL] [getdents] [PATH][string] [.]
D/S4URC   ( 2651): [SDK] [android.content.ContextWrapper][getSharedPreferences] [File][localtime.xml] [MODE][MODE_PRIVATE]
D/S4URC   ( 2651): [SDK] [android.content.ContextWrapper][getSharedPreferences] [File][localtime.xml] [MODE][MODE_PRIVATE] [Method][getString] [String][uptime] [Return][1529144279028]
D/S4URC   ( 2651): [SDK] [android.content.ContextWrapper][getSharedPreferences] [File][localtime.xml] [MODE][MODE_PRIVATE]
D/S4URC   ( 2651): [SDK] [android.content.ContextWrapper][getSharedPreferences] [File][localtime.xml] [MODE][MODE_PRIVATE] [Method][getString] [String][nextvist] [Return][]
D/S4URC   ( 2651): [SDK] [android.content.ContextWrapper][getSharedPreferences] [File][localtime.xml] [MODE][MODE_PRIVATE]
D/S4URC   ( 2651): [SDK] [android.content.ContextWrapper][getSharedPreferences] [File][localtime.xml] [MODE][MODE_PRIVATE] [Method][putString] [Key][uptime] [Value][1529144395021]
D/S4URC   ( 2651): [SDK] [java.io.File] [exists] [FilePath][String] [/data/data/com.mmbox.xbrowser.gp/shared_prefs/localtime.xml]
D/S4URC   ( 2651): [NDK] [SYSCALL] [access] [PATH][string] [/data/data/com.mmbox.xbrowser.gp/shared_prefs/localtime.xml]
D/S4URC   ( 2651): [SDK] [java.io.File] [exists] [FilePath][String] [/data/data/com.mmbox.xbrowser.gp/shared_prefs/localtime.xml.bak]
D/S4URC   ( 2651): [NDK] [SYSCALL] [access] [PATH][string] [/data/data/com.mmbox.xbrowser.gp/shared_prefs/localtime.xml.bak]
D/S4URC   ( 2651): [SDK] [java.io.File] [renameTo] [FilePath][String] [/data/data/com.mmbox.xbrowser.gp/shared_prefs/localtime.xml] [DesFile][/data/data/com.mmbox.xbrowser.gp/shared_prefs/localtime.xml.bak]
D/S4URC   ( 2651): [NDK] [SYSCALL] [rename] [ORIG_PATH][string] [/data/data/com.mmbox.xbrowser.gp/shared_prefs/localtime.xml] [NEW_PATH][string] [/data/data/com.mmbox.xbrowser.gp/shared_prefs/localtime.xml.bak]
D/S4URC   ( 2651): [SDK] [java.io.File] [getPath] [FilePath][String] [/data/data/com.mmbox.xbrowser.gp/shared_prefs/localtime.xml]
D/S4URC   ( 2651): [NDK] [SYSCALL] [open] [PATH][string] [/data/data/com.mmbox.xbrowser.gp/shared_prefs/localtime.xml] [RETURN][int] [70]
D/S4URC   ( 2651): [SDK] [java.io.File] [getPath] [FilePath][String] [/data/data/com.mmbox.xbrowser.gp/shared_prefs/localtime.xml]
D/S4URC   ( 2651): [NDK] [SYSCALL] [chmod] [PATH][string] [/data/data/com.mmbox.xbrowser.gp/shared_prefs/localtime.xml] [MODE][int] [0660]
D/S4URC   ( 2651): [SDK] [java.io.File] [getPath] [FilePath][String] [/data/data/com.mmbox.xbrowser.gp/shared_prefs/localtime.xml]
D/S4URC   ( 2651): [NDK] [SYSCALL] [stat] [PATH][string] [/data/data/com.mmbox.xbrowser.gp/shared_prefs/localtime.xml]
D/S4URC   ( 2651): [SDK] [java.io.File] [delete] [FilePath][String] [/data/data/com.mmbox.xbrowser.gp/shared_prefs/localtime.xml.bak]
D/S4URC   ( 2651): [NDK] [SYSCALL] [lstat] [PATH][string] [/data/data/com.mmbox.xbrowser.gp/shared_prefs/localtime.xml.bak]
D/S4URC   ( 2651): [NDK] [SYSCALL] [unlink] [PATH][string] [/data/data/com.mmbox.xbrowser.gp/shared_prefs/localtime.xml.bak]
D/S4URC   ( 2651): [SDK] [java.lang.Class] [forName] [FindClass][String] [android.telephony.MSimTelephonyManager]
D/S4URC   ( 2651): [SDK] [java.lang.Class] [forName] [FindClass][String] [com.android.internal.telephony.Phone]
D/S4URC   ( 2651): [SDK] [android.telephony.TelephonyManager] [getSubscriberId]
D/S4URC   ( 2651): [SDK] [android.content.ContextWrapper][getSharedPreferences] [File][localtime.xml] [MODE][MODE_PRIVATE]
D/S4URC   ( 2651): [SDK] [android.content.ContextWrapper][getSharedPreferences] [File][localtime.xml] [MODE][MODE_PRIVATE] [Method][getString] [String][S1] [Return][]
D/S4URC   ( 2651): [SDK] [android.telephony.TelephonyManager] [getLine1Number]
D/S4URC   ( 2651): [SDK] [android.content.ContextWrapper][getSharedPreferences] [File][localtime.xml] [MODE][MODE_PRIVATE]
D/S4URC   ( 2651): [SDK] [android.content.ContextWrapper][getSharedPreferences] [File][localtime.xml] [MODE][MODE_PRIVATE] [Method][getString] [String][userid] [Return][cefa1376-3036-49f7-9eaa-6236293d7cb2]
D/S4URC   ( 2651): [SDK] [android.content.ContextWrapper][getSharedPreferences] [File][localtime.xml] [MODE][MODE_PRIVATE]
D/S4URC   ( 2651): [SDK] [android.content.ContextWrapper][getSharedPreferences] [File][localtime.xml] [MODE][MODE_PRIVATE] [Method][getString] [String][ttype] [Return][0]
D/S4URC   ( 2651): [SDK] [android.content.ContextWrapper][getSharedPreferences] [File][localtime.xml] [MODE][MODE_PRIVATE]
D/S4URC   ( 2651): [SDK] [android.content.ContextWrapper][getSharedPreferences] [File][localtime.xml] [MODE][MODE_PRIVATE] [Method][getString] [String][vers] [Return][80]
D/S4URC   ( 2651): [SDK] [android.content.ContextWrapper][getSharedPreferences] [File][localtime.xml] [MODE][MODE_PRIVATE]
D/S4URC   ( 2651): [SDK] [android.content.ContextWrapper][getSharedPreferences] [File][localtime.xml] [MODE][MODE_PRIVATE] [Method][getString] [String][pname] [Return][/data/data/com.mmbox.xbrowser.gp/files/80.tmp]
D/S4URC   ( 2651): [SDK] [android.content.ContextWrapper][getSharedPreferences] [File][localtime.xml] [MODE][MODE_PRIVATE]
D/S4URC   ( 2651): [SDK] [android.content.ContextWrapper][getSharedPreferences] [File][localtime.xml] [MODE][MODE_PRIVATE] [Method][getString] [String][checktime] [Return][]
D/S4URC   ( 2651): [SDK] [android.content.ContextWrapper][getSharedPreferences] [File][localtime.xml] [MODE][MODE_PRIVATE]
D/S4URC   ( 2651): [SDK] [android.content.ContextWrapper][getSharedPreferences] [File][localtime.xml] [MODE][MODE_PRIVATE] [Method][getString] [String][updatetime] [Return][]
D/S4URC   ( 2651): [SDK] [android.content.ContextWrapper][getSharedPreferences] [File][localtime.xml] [MODE][MODE_PRIVATE]
D/S4URC   ( 2651): [SDK] [android.content.ContextWrapper][getSharedPreferences] [File][localtime.xml] [MODE][MODE_PRIVATE] [Method][getString] [String][drivehost] [Return][http://www.yanb1.com/]
D/S4URC   ( 2651): [SDK] [android.content.ContextWrapper][getSharedPreferences] [File][localtime.xml] [MODE][MODE_PRIVATE]
D/S4URC   ( 2651): [SDK] [android.content.ContextWrapper][getSharedPreferences] [File][localtime.xml] [MODE][MODE_PRIVATE] [Method][getString] [String][pname] [Return][/data/data/com.mmbox.xbrowser.gp/files/80.tmp]
D/S4URC   ( 2651): [SDK] [android.app.ActivityManager] [getRunningServices]
D/S4URC   ( 2651): [SDK] [java.net] [HttpURLConnection] [URL][String] [http://www.yanb1.com/cu.ashx]
D/S4URC   ( 2651): [SDK] [android.content.ContextWrapper][getSharedPreferences] [File][localtime.xml] [MODE][MODE_PRIVATE]
D/S4URC   ( 2651): [SDK] [android.content.ContextWrapper][getSharedPreferences] [File][localtime.xml] [MODE][MODE_PRIVATE] [Method][getString] [String][updatehost] [Return][http://www.bkt0.com/]
D/S4URC   ( 2651): [SDK] [java.net] [HttpURLConnection] [URL][String] [http://www.bkt0.com/cu.ashx]
D/S4URC   ( 2651): [NDK] [SYSCALL] [access] [PATH][string] [/data/data/com.mmbox.xbrowser.gp/databases/blue_cmxg-journal]
D/S4URC   ( 2651): [NDK] [SYSCALL] [stat] [PATH][string] [/data/data/com.mmbox.xbrowser.gp/databases/blue_cmxg-journal]
D/S4URC   ( 2651): [NDK] [SYSCALL] [stat] [PATH][string] [/data/data/com.mmbox.xbrowser.gp/databases/blue_cmxg]
D/S4URC   ( 2651): [NDK] [SYSCALL] [open] [PATH][string] [/data/data/com.mmbox.xbrowser.gp/databases/blue_cmxg-journal] [RETURN][int] [71]
D/S4URC   ( 2651): [NDK] [SYSCALL] [access] [PATH][string] [/data/data/com.mmbox.xbrowser.gp/databases/blue_cmxg-wal]
D/S4URC   ( 2651): [SDK] [android.database.sqlite.SQLiteDatabase] [query] [queryInfo][String] [SELECT][] [FROM][siarcd]
D/S4URC   ( 2839): [SDK] [java.lang.Runtime] [exec] [Command][String] [amstartservice--user0-ncom.mmbox.xbrowser.gp/com.orangejuice.svc.LauncherService]
D/S4URC   ( 3250): [NDK] [SYSCALL] [getdents] [PATH][string] [.]
D/S4URC   ( 2651): [SDK] [android.app.ApplicationPackageManager] [getApplicationInfo] [FindApplicationName][String] [com.mmbox.xbrowser.gp]
D/S4URC   ( 2841): [SDK] [java.lang.Runtime] [exec] [Command][String] [amstartservice--user0-ncom.mmbox.xbrowser.gp/com.orangejuice.svc.LauncherService]
D/S4URC   ( 3267): [NDK] [SYSCALL] [getdents] [PATH][string] [.]
D/S4URC   ( 2839): [SDK] [java.lang.Runtime] [exec] [Command][String] [amstartservice--user0-ncom.mmbox.xbrowser.gp/com.orangejuice.svc.LauncherService]
D/S4URC   ( 3297): [NDK] [SYSCALL] [getdents] [PATH][string] [.]
D/S4URC   ( 2651): [SDK] [android.app.ApplicationPackageManager] [getApplicationInfo] [FindApplicationName][String] [com.mmbox.xbrowser.gp]
D/S4URC   ( 2841): [SDK] [java.lang.Runtime] [exec] [Command][String] [amstartservice--user0-ncom.mmbox.xbrowser.gp/com.orangejuice.svc.LauncherService]
D/S4URC   ( 3314): [NDK] [SYSCALL] [getdents] [PATH][string] [.]
D/S4URC   ( 2651): [SDK] [android.content.ContextWrapper][getSharedPreferences] [File][pp.xml] [MODE][MODE_PRIVATE]
D/S4URC   ( 2651): [SDK] [android.content.ContextWrapper][getSharedPreferences] [File][pp.xml] [MODE][MODE_PRIVATE] [Method][getBoolean] [Boolean][pl_switch] [Return][true]
D/S4URC   ( 2651): [SDK] [java.io.File] [Constructor] [FilePath][String] [/storage/sdcard0/Android/data/locat/locCache/app/]
D/S4URC   ( 2651): [SDK] [java.io.File] [exists] [FilePath][String] [/storage/sdcard0/Android/data/locat/locCache/app]
D/S4URC   ( 2651): [NDK] [SYSCALL] [access] [PATH][string] [/storage/sdcard0/Android/data/locat/locCache/app]
D/S4URC   ( 2651): [SDK] [java.io.File] [Constructor] [FilePath][String] [/storage/sdcard0/Android/data/locat/locCache/webapp/]
D/S4URC   ( 2651): [SDK] [java.io.File] [exists] [FilePath][String] [/storage/sdcard0/Android/data/locat/locCache/webapp]
D/S4URC   ( 2651): [NDK] [SYSCALL] [access] [PATH][string] [/storage/sdcard0/Android/data/locat/locCache/webapp]
D/S4URC   ( 2651): [NDK] [SYSCALL] [access] [PATH][string] [/data/data/com.mmbox.xbrowser.gp/databases/baidu_cmxg-journal]
D/S4URC   ( 2651): [NDK] [SYSCALL] [stat] [PATH][string] [/data/data/com.mmbox.xbrowser.gp/databases/baidu_cmxg-journal]
D/S4URC   ( 2651): [NDK] [SYSCALL] [stat] [PATH][string] [/data/data/com.mmbox.xbrowser.gp/databases/baidu_cmxg]
D/S4URC   ( 2651): [NDK] [SYSCALL] [open] [PATH][string] [/data/data/com.mmbox.xbrowser.gp/databases/baidu_cmxg-journal] [RETURN][int] [71]
D/S4URC   ( 2651): [NDK] [SYSCALL] [access] [PATH][string] [/data/data/com.mmbox.xbrowser.gp/databases/baidu_cmxg-wal]
D/S4URC   ( 2651): [SDK] [android.database.sqlite.SQLiteDatabase] [query] [queryInfo][String] [SELECT][name] [FROM][filetab]
D/S4URC   ( 2651): [NDK] [SYSCALL] [access] [PATH][string] [/data/data/com.mmbox.xbrowser.gp/databases/blue_cmxg-journal]
D/S4URC   ( 2651): [NDK] [SYSCALL] [stat] [PATH][string] [/data/data/com.mmbox.xbrowser.gp/databases/blue_cmxg-journal]
D/S4URC   ( 2651): [NDK] [SYSCALL] [stat] [PATH][string] [/data/data/com.mmbox.xbrowser.gp/databases/blue_cmxg]
D/S4URC   ( 2651): [NDK] [SYSCALL] [open] [PATH][string] [/data/data/com.mmbox.xbrowser.gp/databases/blue_cmxg-journal] [RETURN][int] [71]
D/S4URC   ( 2651): [NDK] [SYSCALL] [access] [PATH][string] [/data/data/com.mmbox.xbrowser.gp/databases/blue_cmxg-wal]
D/S4URC   ( 2651): [SDK] [android.database.sqlite.SQLiteDatabase] [query] [queryInfo][String] [SELECT][] [FROM][siarcd]
D/S4URC   ( 2651): [SDK] [android.content.ContextWrapper][getSharedPreferences] [File][pp.xml] [MODE][MODE_PRIVATE]
D/S4URC   ( 2651): [SDK] [android.content.ContextWrapper][getSharedPreferences] [File][pp.xml] [MODE][MODE_PRIVATE] [Method][getIong] [Iong][atm_l_hb_t] [Return][1529144300006]
D/S4URC   ( 2651): [SDK] [android.content.ContextWrapper][getSharedPreferences] [File][pp.xml] [MODE][MODE_PRIVATE]
D/S4URC   ( 2651): [SDK] [android.content.ContextWrapper][getSharedPreferences] [File][pp.xml] [MODE][MODE_PRIVATE] [Method][getBoolean] [Boolean][dl_op] [Return][false]
D/S4URC   ( 2651): [SDK] [android.content.ContextWrapper][getSharedPreferences] [File][pp.xml] [MODE][MODE_PRIVATE]
D/S4URC   ( 2651): [SDK] [android.content.ContextWrapper][getSharedPreferences] [File][pp.xml] [MODE][MODE_PRIVATE] [Method][putLong] [Key][atm_l_hb_t] [Value][1529144480007]
D/S4URC   ( 2651): [SDK] [java.io.File] [exists] [FilePath][String] [/data/data/com.mmbox.xbrowser.gp/shared_prefs/pp.xml]
D/S4URC   ( 2651): [NDK] [SYSCALL] [access] [PATH][string] [/data/data/com.mmbox.xbrowser.gp/shared_prefs/pp.xml]
D/S4URC   ( 2651): [SDK] [java.io.File] [exists] [FilePath][String] [/data/data/com.mmbox.xbrowser.gp/shared_prefs/pp.xml.bak]
D/S4URC   ( 2651): [NDK] [SYSCALL] [access] [PATH][string] [/data/data/com.mmbox.xbrowser.gp/shared_prefs/pp.xml.bak]
D/S4URC   ( 2651): [SDK] [java.io.File] [renameTo] [FilePath][String] [/data/data/com.mmbox.xbrowser.gp/shared_prefs/pp.xml] [DesFile][/data/data/com.mmbox.xbrowser.gp/shared_prefs/pp.xml.bak]
D/S4URC   ( 2651): [NDK] [SYSCALL] [rename] [ORIG_PATH][string] [/data/data/com.mmbox.xbrowser.gp/shared_prefs/pp.xml] [NEW_PATH][string] [/data/data/com.mmbox.xbrowser.gp/shared_prefs/pp.xml.bak]
D/S4URC   ( 2651): [SDK] [java.io.File] [getPath] [FilePath][String] [/data/data/com.mmbox.xbrowser.gp/shared_prefs/pp.xml]
D/S4URC   ( 2651): [NDK] [SYSCALL] [open] [PATH][string] [/data/data/com.mmbox.xbrowser.gp/shared_prefs/pp.xml] [RETURN][int] [70]
D/S4URC   ( 2651): [SDK] [java.io.File] [getPath] [FilePath][String] [/data/data/com.mmbox.xbrowser.gp/shared_prefs/pp.xml]
D/S4URC   ( 2651): [NDK] [SYSCALL] [chmod] [PATH][string] [/data/data/com.mmbox.xbrowser.gp/shared_prefs/pp.xml] [MODE][int] [0660]
D/S4URC   ( 2651): [SDK] [java.io.File] [getPath] [FilePath][String] [/data/data/com.mmbox.xbrowser.gp/shared_prefs/pp.xml]
D/S4URC   ( 2651): [NDK] [SYSCALL] [stat] [PATH][string] [/data/data/com.mmbox.xbrowser.gp/shared_prefs/pp.xml]
D/S4URC   ( 2651): [SDK] [java.io.File] [delete] [FilePath][String] [/data/data/com.mmbox.xbrowser.gp/shared_prefs/pp.xml.bak]
D/S4URC   ( 2651): [NDK] [SYSCALL] [lstat] [PATH][string] [/data/data/com.mmbox.xbrowser.gp/shared_prefs/pp.xml.bak]
D/S4URC   ( 2651): [NDK] [SYSCALL] [unlink] [PATH][string] [/data/data/com.mmbox.xbrowser.gp/shared_prefs/pp.xml.bak]
D/S4URC   ( 2839): [SDK] [java.lang.Runtime] [exec] [Command][String] [amstartservice--user0-ncom.mmbox.xbrowser.gp/com.orangejuice.svc.LauncherService]
D/S4URC   ( 3340): [NDK] [SYSCALL] [getdents] [PATH][string] [.]
D/S4URC   ( 2651): [SDK] [android.app.ApplicationPackageManager] [getApplicationInfo] [FindApplicationName][String] [com.mmbox.xbrowser.gp]
D/S4URC   ( 2841): [SDK] [java.lang.Runtime] [exec] [Command][String] [amstartservice--user0-ncom.mmbox.xbrowser.gp/com.orangejuice.svc.LauncherService]
D/S4URC   ( 3356): [NDK] [SYSCALL] [getdents] [PATH][string] [.]
D/S4URC   ( 2651): [SDK] [android.content.ContextWrapper][getSharedPreferences] [File][localtime.xml] [MODE][MODE_PRIVATE]
D/S4URC   ( 2651): [SDK] [android.content.ContextWrapper][getSharedPreferences] [File][localtime.xml] [MODE][MODE_PRIVATE] [Method][getString] [String][uptime] [Return][1529144395021]
D/S4URC   ( 2651): [SDK] [android.content.ContextWrapper][getSharedPreferences] [File][localtime.xml] [MODE][MODE_PRIVATE]
D/S4URC   ( 2651): [SDK] [android.content.ContextWrapper][getSharedPreferences] [File][localtime.xml] [MODE][MODE_PRIVATE] [Method][getString] [String][nextvist] [Return][]
D/S4URC   ( 2651): [SDK] [android.content.ContextWrapper][getSharedPreferences] [File][localtime.xml] [MODE][MODE_PRIVATE]
D/S4URC   ( 2651): [SDK] [android.content.ContextWrapper][getSharedPreferences] [File][localtime.xml] [MODE][MODE_PRIVATE] [Method][putString] [Key][uptime] [Value][1529144515574]
D/S4URC   ( 2651): [SDK] [java.io.File] [exists] [FilePath][String] [/data/data/com.mmbox.xbrowser.gp/shared_prefs/localtime.xml]
D/S4URC   ( 2651): [NDK] [SYSCALL] [access] [PATH][string] [/data/data/com.mmbox.xbrowser.gp/shared_prefs/localtime.xml]
D/S4URC   ( 2651): [SDK] [java.io.File] [exists] [FilePath][String] [/data/data/com.mmbox.xbrowser.gp/shared_prefs/localtime.xml.bak]
D/S4URC   ( 2651): [NDK] [SYSCALL] [access] [PATH][string] [/data/data/com.mmbox.xbrowser.gp/shared_prefs/localtime.xml.bak]
D/S4URC   ( 2651): [SDK] [java.io.File] [renameTo] [FilePath][String] [/data/data/com.mmbox.xbrowser.gp/shared_prefs/localtime.xml] [DesFile][/data/data/com.mmbox.xbrowser.gp/shared_prefs/localtime.xml.bak]
D/S4URC   ( 2651): [NDK] [SYSCALL] [rename] [ORIG_PATH][string] [/data/data/com.mmbox.xbrowser.gp/shared_prefs/localtime.xml] [NEW_PATH][string] [/data/data/com.mmbox.xbrowser.gp/shared_prefs/localtime.xml.bak]
D/S4URC   ( 2651): [SDK] [java.io.File] [getPath] [FilePath][String] [/data/data/com.mmbox.xbrowser.gp/shared_prefs/localtime.xml]
D/S4URC   ( 2651): [NDK] [SYSCALL] [open] [PATH][string] [/data/data/com.mmbox.xbrowser.gp/shared_prefs/localtime.xml] [RETURN][int] [70]
D/S4URC   ( 2651): [SDK] [java.io.File] [getPath] [FilePath][String] [/data/data/com.mmbox.xbrowser.gp/shared_prefs/localtime.xml]
D/S4URC   ( 2651): [NDK] [SYSCALL] [chmod] [PATH][string] [/data/data/com.mmbox.xbrowser.gp/shared_prefs/localtime.xml] [MODE][int] [0660]
D/S4URC   ( 2651): [SDK] [java.io.File] [getPath] [FilePath][String] [/data/data/com.mmbox.xbrowser.gp/shared_prefs/localtime.xml]
D/S4URC   ( 2651): [NDK] [SYSCALL] [stat] [PATH][string] [/data/data/com.mmbox.xbrowser.gp/shared_prefs/localtime.xml]
D/S4URC   ( 2651): [SDK] [java.io.File] [delete] [FilePath][String] [/data/data/com.mmbox.xbrowser.gp/shared_prefs/localtime.xml.bak]
D/S4URC   ( 2651): [NDK] [SYSCALL] [lstat] [PATH][string] [/data/data/com.mmbox.xbrowser.gp/shared_prefs/localtime.xml.bak]
D/S4URC   ( 2651): [NDK] [SYSCALL] [unlink] [PATH][string] [/data/data/com.mmbox.xbrowser.gp/shared_prefs/localtime.xml.bak]
D/S4URC   ( 2651): [SDK] [java.lang.Class] [forName] [FindClass][String] [android.telephony.MSimTelephonyManager]
D/S4URC   ( 2651): [SDK] [java.lang.Class] [forName] [FindClass][String] [com.android.internal.telephony.Phone]
D/S4URC   ( 2651): [SDK] [android.telephony.TelephonyManager] [getSubscriberId]
D/S4URC   ( 2651): [SDK] [android.content.ContextWrapper][getSharedPreferences] [File][localtime.xml] [MODE][MODE_PRIVATE]
D/S4URC   ( 2651): [SDK] [android.content.ContextWrapper][getSharedPreferences] [File][localtime.xml] [MODE][MODE_PRIVATE] [Method][getString] [String][S1] [Return][]
D/S4URC   ( 2651): [SDK] [android.telephony.TelephonyManager] [getLine1Number]
D/S4URC   ( 2651): [SDK] [android.content.ContextWrapper][getSharedPreferences] [File][localtime.xml] [MODE][MODE_PRIVATE]
D/S4URC   ( 2651): [SDK] [android.content.ContextWrapper][getSharedPreferences] [File][localtime.xml] [MODE][MODE_PRIVATE] [Method][getString] [String][userid] [Return][cefa1376-3036-49f7-9eaa-6236293d7cb2]
D/S4URC   ( 2651): [SDK] [android.content.ContextWrapper][getSharedPreferences] [File][localtime.xml] [MODE][MODE_PRIVATE]
D/S4URC   ( 2651): [SDK] [android.content.ContextWrapper][getSharedPreferences] [File][localtime.xml] [MODE][MODE_PRIVATE] [Method][getString] [String][ttype] [Return][0]
D/S4URC   ( 2651): [SDK] [android.content.ContextWrapper][getSharedPreferences] [File][localtime.xml] [MODE][MODE_PRIVATE]
D/S4URC   ( 2651): [SDK] [android.content.ContextWrapper][getSharedPreferences] [File][localtime.xml] [MODE][MODE_PRIVATE] [Method][getString] [String][vers] [Return][80]
D/S4URC   ( 2651): [SDK] [android.content.ContextWrapper][getSharedPreferences] [File][localtime.xml] [MODE][MODE_PRIVATE]
D/S4URC   ( 2651): [SDK] [android.content.ContextWrapper][getSharedPreferences] [File][localtime.xml] [MODE][MODE_PRIVATE] [Method][getString] [String][pname] [Return][/data/data/com.mmbox.xbrowser.gp/files/80.tmp]
D/S4URC   ( 2651): [SDK] [android.content.ContextWrapper][getSharedPreferences] [File][localtime.xml] [MODE][MODE_PRIVATE]
D/S4URC   ( 2651): [SDK] [android.content.ContextWrapper][getSharedPreferences] [File][localtime.xml] [MODE][MODE_PRIVATE] [Method][getString] [String][checktime] [Return][]
D/S4URC   ( 2651): [SDK] [android.content.ContextWrapper][getSharedPreferences] [File][localtime.xml] [MODE][MODE_PRIVATE]
D/S4URC   ( 2651): [SDK] [android.content.ContextWrapper][getSharedPreferences] [File][localtime.xml] [MODE][MODE_PRIVATE] [Method][getString] [String][updatetime] [Return][]
D/S4URC   ( 2651): [SDK] [android.content.ContextWrapper][getSharedPreferences] [File][localtime.xml] [MODE][MODE_PRIVATE]
D/S4URC   ( 2651): [SDK] [android.content.ContextWrapper][getSharedPreferences] [File][localtime.xml] [MODE][MODE_PRIVATE] [Method][getString] [String][drivehost] [Return][http://www.yanb1.com/]
D/S4URC   ( 2651): [SDK] [android.content.ContextWrapper][getSharedPreferences] [File][localtime.xml] [MODE][MODE_PRIVATE]
D/S4URC   ( 2651): [SDK] [android.content.ContextWrapper][getSharedPreferences] [File][localtime.xml] [MODE][MODE_PRIVATE] [Method][getString] [String][pname] [Return][/data/data/com.mmbox.xbrowser.gp/files/80.tmp]
D/S4URC   ( 2651): [SDK] [android.app.ActivityManager] [getRunningServices]
D/S4URC   ( 2651): [SDK] [java.net] [HttpURLConnection] [URL][String] [http://www.yanb1.com/cu.ashx]
D/S4URC   ( 2651): [SDK] [android.content.ContextWrapper][getSharedPreferences] [File][localtime.xml] [MODE][MODE_PRIVATE]
D/S4URC   ( 2651): [SDK] [android.content.ContextWrapper][getSharedPreferences] [File][localtime.xml] [MODE][MODE_PRIVATE] [Method][getString] [String][updatehost] [Return][http://www.bkt0.com/]
D/S4URC   ( 2651): [SDK] [java.net] [HttpURLConnection] [URL][String] [http://www.bkt0.com/cu.ashx]
D/S4URC   ( 2651): [NDK] [SYSCALL] [access] [PATH][string] [/data/data/com.mmbox.xbrowser.gp/databases/blue_cmxg-journal]
D/S4URC   ( 2651): [NDK] [SYSCALL] [stat] [PATH][string] [/data/data/com.mmbox.xbrowser.gp/databases/blue_cmxg-journal]
D/S4URC   ( 2651): [NDK] [SYSCALL] [stat] [PATH][string] [/data/data/com.mmbox.xbrowser.gp/databases/blue_cmxg]
D/S4URC   ( 2651): [NDK] [SYSCALL] [open] [PATH][string] [/data/data/com.mmbox.xbrowser.gp/databases/blue_cmxg-journal] [RETURN][int] [71]
D/S4URC   ( 2651): [NDK] [SYSCALL] [access] [PATH][string] [/data/data/com.mmbox.xbrowser.gp/databases/blue_cmxg-wal]
D/S4URC   ( 2651): [SDK] [android.database.sqlite.SQLiteDatabase] [query] [queryInfo][String] [SELECT][] [FROM][siarcd]
D/S4URC   ( 2839): [SDK] [java.lang.Runtime] [exec] [Command][String] [amstartservice--user0-ncom.mmbox.xbrowser.gp/com.orangejuice.svc.LauncherService]
D/S4URC   ( 3403): [NDK] [SYSCALL] [getdents] [PATH][string] [.]
D/S4URC   ( 2651): [SDK] [android.app.ApplicationPackageManager] [getApplicationInfo] [FindApplicationName][String] [com.mmbox.xbrowser.gp]
D/S4URC   ( 2841): [SDK] [java.lang.Runtime] [exec] [Command][String] [amstartservice--user0-ncom.mmbox.xbrowser.gp/com.orangejuice.svc.LauncherService]
D/S4URC   ( 3421): [NDK] [SYSCALL] [getdents] [PATH][string] [.]
D/S4URC   ( 2839): [SDK] [java.lang.Runtime] [exec] [Command][String] [amstartservice--user0-ncom.mmbox.xbrowser.gp/com.orangejuice.svc.LauncherService]
D/S4URC   ( 3456): [NDK] [SYSCALL] [getdents] [PATH][string] [.]
D/S4URC   ( 2651): [SDK] [android.app.ApplicationPackageManager] [getApplicationInfo] [FindApplicationName][String] [com.mmbox.xbrowser.gp]
D/S4URC   ( 2841): [SDK] [java.lang.Runtime] [exec] [Command][String] [amstartservice--user0-ncom.mmbox.xbrowser.gp/com.orangejuice.svc.LauncherService]
D/S4URC   ( 3473): [NDK] [SYSCALL] [getdents] [PATH][string] [.]
D/S4URC   ( 2651): [NDK] [SYSCALL] [access] [PATH][string] [/data/data/com.mmbox.xbrowser.gp/app_webview/Application Cache/Index]
D/S4URC   ( 2651): [NDK] [SYSCALL] [access] [PATH][string] [/data/data/com.mmbox.xbrowser.gp/databases/blue_cmxg-journal]
D/S4URC   ( 2651): [NDK] [SYSCALL] [stat] [PATH][string] [/data/data/com.mmbox.xbrowser.gp/databases/blue_cmxg-journal]
D/S4URC   ( 2651): [NDK] [SYSCALL] [stat] [PATH][string] [/data/data/com.mmbox.xbrowser.gp/databases/blue_cmxg]
D/S4URC   ( 2651): [NDK] [SYSCALL] [open] [PATH][string] [/data/data/com.mmbox.xbrowser.gp/databases/blue_cmxg-journal] [RETURN][int] [71]
D/S4URC   ( 2651): [NDK] [SYSCALL] [access] [PATH][string] [/data/data/com.mmbox.xbrowser.gp/databases/blue_cmxg-wal]
D/S4URC   ( 2651): [SDK] [android.database.sqlite.SQLiteDatabase] [query] [queryInfo][String] [SELECT][] [FROM][siarcd]
D/S4URC   ( 2839): [SDK] [java.lang.Runtime] [exec] [Command][String] [amstartservice--user0-ncom.mmbox.xbrowser.gp/com.orangejuice.svc.LauncherService]
D/S4URC   ( 3497): [NDK] [SYSCALL] [getdents] [PATH][string] [.]
D/S4URC   ( 2651): [SDK] [android.app.ApplicationPackageManager] [getApplicationInfo] [FindApplicationName][String] [com.mmbox.xbrowser.gp]
D/S4URC   ( 2841): [SDK] [java.lang.Runtime] [exec] [Command][String] [amstartservice--user0-ncom.mmbox.xbrowser.gp/com.orangejuice.svc.LauncherService]
D/S4URC   ( 3514): [NDK] [SYSCALL] [getdents] [PATH][string] [.]
