D/S4URC   ( 2512): [SDK] [android.content.ContextWrapper] [registerReceiver][IntentFilter][android.provider.Telephony.SMS_RECEIVED,
D/S4URC   ( 2512): [SDK] [android.content.ContextWrapper] [registerReceiver][IntentFilter][android.intent.action.SCREEN_ON,android.intent.action.SCREEN_OFF,
D/S4URC   ( 2512): [SDK] [java.lang.Class] [forName] [FindClass][String] [android.net.NetworkInfo]
D/S4URC   ( 2512): [SDK] [java.io.File] [getPath] [FilePath][String] [/data/data/com.vwfbkedl.qbbwqug/shared_prefs/com.vwfbkedl.qbbwqug_preferences.xml]
D/S4URC   ( 2512): [SDK] [android.content.ContextWrapper][getSharedPreferences] [File][com.vwfbkedl.qbbwqug_preferences.xml] [MODE][MODE_PRIVATE]
D/S4URC   ( 2512): [SDK] [javax.crypto.spec.PBEKeySpec][Constructor] [Password][com.vwfbkedl.qbbwqug] [Salt][unknown]
D/S4URC   ( 2391): [SDK] [java.io.File] [Constructor] [FilePath][String] [/data/data/com.vwfbkedl.qbbwqug/files/Mint-lastsavedfile]
D/S4URC   ( 2391): [SDK] [java.io.File] [getPath] [FilePath][String] [/data/data/com.vwfbkedl.qbbwqug/files/Mint-lastsavedfile]
D/S4URC   ( 2391): [NDK] [SYSCALL] [open] [PATH][string] [/data/data/com.vwfbkedl.qbbwqug/files/Mint-lastsavedfile] [RETURN][int] [22]
D/S4URC   ( 2391): [SDK] [java.io.File] [Constructor] [FilePath][String] [/data/data/com.vwfbkedl.qbbwqug/files/MintSavedData-1-1535778644506.json]
D/S4URC   ( 2391): [NDK] [SYSCALL] [stat] [PATH][string] [/data/data/com.vwfbkedl.qbbwqug/files/MintSavedData-1-1535778644506.json]
D/S4URC   ( 2391): [SDK] [java.io.File] [exists] [FilePath][String] [/data/data/com.vwfbkedl.qbbwqug/files/MintSavedData-1-1535778644506.json]
D/S4URC   ( 2391): [NDK] [SYSCALL] [access] [PATH][string] [/data/data/com.vwfbkedl.qbbwqug/files/MintSavedData-1-1535778644506.json]
D/S4URC   ( 2391): [SDK] [java.io.File] [getPath] [FilePath][String] [/data/data/com.vwfbkedl.qbbwqug/files/MintSavedData-1-1535778644506.json]
D/S4URC   ( 2391): [NDK] [SYSCALL] [open] [PATH][string] [/data/data/com.vwfbkedl.qbbwqug/files/MintSavedData-1-1535778644506.json] [RETURN][int] [22]
D/S4URC   ( 2391): [SDK] [java.io.File] [getName] [FilePath][String] [/data/data/com.vwfbkedl.qbbwqug/files/MintSavedData-1-1535778644506.json]
D/S4URC   ( 2391): [SDK] [java.io.File] [Constructor] [FilePath][String] [/data/data/com.vwfbkedl.qbbwqug/files/Mint-lastsavedfile]
D/S4URC   ( 2391): [SDK] [java.io.File] [exists] [FilePath][String] [/data/data/com.vwfbkedl.qbbwqug/files/Mint-lastsavedfile]
D/S4URC   ( 2391): [NDK] [SYSCALL] [access] [PATH][string] [/data/data/com.vwfbkedl.qbbwqug/files/Mint-lastsavedfile]
D/S4URC   ( 2391): [SDK] [java.io.File] [getPath] [FilePath][String] [/data/data/com.vwfbkedl.qbbwqug/files/Mint-lastsavedfile]
D/S4URC   ( 2391): [SDK] [java.io.File] [Constructor] [FilePath][String] [/system/app/Superuser.apk]
D/S4URC   ( 2391): [NDK] [SYSCALL] [open] [PATH][string] [/data/data/com.vwfbkedl.qbbwqug/files/Mint-lastsavedfile] [RETURN][int] [18]
D/S4URC   ( 2391): [SDK] [java.io.File] [exists] [FilePath][String] [/system/app/Superuser.apk]
D/S4URC   ( 2391): [NDK] [SYSCALL] [access] [PATH][string] [/system/app/Superuser.apk]
D/S4URC   ( 2391): [SDK] [java.lang.Runtime] [exec] [Command][String] [/system/xbin/whichsu]
D/S4URC   ( 2658): [NDK] [SYSCALL] [getdents] [PATH][string] [.]
D/S4URC   ( 2391): [SDK] [android.telephony.TelephonyManager] [getLine1Number]
D/S4URC   ( 2391): [SDK] [android.telephony.TelephonyManager] [getSubscriberId]
D/S4URC   ( 2391): [SDK] [android.content.ContextWrapper][getSharedPreferences] [File][Preferences.xml] [MODE][MODE_PRIVATE] [Method][getString] [String][mobile] [Return][null]
D/S4URC   ( 2391): [SDK] [android.content.ContextWrapper][getSharedPreferences] [File][Preferences.xml] [MODE][MODE_PRIVATE] [Method][getString] [String][agent] [Return][Dalvik/2.1.0 (Linux; U; Android 5.1.1; galaxys5 Build/LMY49J)]
D/S4URC   ( 2391): [SDK] [java.lang.Class] [forName] [FindClass][String] [java.net.PlainSocketImpl]
D/S4URC   ( 2391): [NDK] [SYSCALL] [socket] [TYPE][string] [TCP]
D/S4URC   ( 2512): [SDK] [android.content.ContextWrapper][getSharedPreferences] [File][com.vwfbkedl.qbbwqug_preferences.xml] [MODE][MODE_PRIVATE] [Method][getString] [String][camvZQnFOxiOESsMZSRrkOowEHIQ8+CJIGyTV0M2YOQ=] [Return][45aLhWtmWcXqkCveuya9qA==:fobP2qXfniylZve6KLgRVe0F5WNQnVjJlKDiyFaqDBg=]
D/S4URC   ( 2512): [SDK] [android.content.ContextWrapper][getSharedPreferences] [File][com.vwfbkedl.qbbwqug_preferences.xml] [MODE][MODE_PRIVATE] [Method][getString] [String][RJLlwrHbab/nlP+fp/Rx4lGZTFlUIrCnqrFdHoZub+s=] [Return][null]
D/S4URC   ( 2512): [SDK] [java.lang.Class] [forName] [FindClass][String] [java.lang.Thread]
D/S4URC   ( 2512): [SDK] [java.lang.Class] [forName] [FindClass][String] [java.lang.String]
D/S4URC   ( 2512): [SDK] [java.lang.Class] [forName] [FindClass][String] [java.lang.StackTraceElement]
D/S4URC   ( 2512): [SDK] [java.io.File] [getPath] [FilePath][String] [/data/data/com.vwfbkedl.qbbwqug/shared_prefs/com.vwfbkedl.qbbwqug_preferences.xml]
D/S4URC   ( 2512): [SDK] [android.content.ContextWrapper][getSharedPreferences] [File][com.vwfbkedl.qbbwqug_preferences.xml] [MODE][MODE_PRIVATE]
D/S4URC   ( 2512): [SDK] [javax.crypto.spec.SecretKeySpec][Constructor] [KEY][fobP2qXfniylZve6KLgRVe0F5WNQnVjJlKDiyFaqDBg=][type][HmacSHA256][javax.crypto.spec.PBEKeySpec][Constructor] [Password][com.vwfbkedl.qbbwqug] [Salt][unknown]
D/S4URC   ( 2512): [SDK] [android.content.ContextWrapper][getSharedPreferences] [File][com.vwfbkedl.qbbwqug_preferences.xml] [MODE][MODE_PRIVATE] [Method][getString] [String][camvZQnFOxiOESsMZSRrkOowEHIQ8+CJIGyTV0M2YOQ=] [Return][45aLhWtmWcXqkCveuya9qA==:fobP2qXfniylZve6KLgRVe0F5WNQnVjJlKDiyFaqDBg=]
D/S4URC   ( 2512): [SDK] [android.content.ContextWrapper][getSharedPreferences] [File][com.vwfbkedl.qbbwqug_preferences.xml] [MODE][MODE_PRIVATE] [Method][getString] [String][ChSYRKfJ9M/5SL85gz/MVCnOIyXkPWs4c6IqdulW5HA=] [Return][null]
D/S4URC   ( 2512): [SDK] [java.io.File] [getPath] [FilePath][String] [/data/data/com.vwfbkedl.qbbwqug/shared_prefs/com.vwfbkedl.qbbwqug_preferences.xml]
D/S4URC   ( 2512): [SDK] [android.content.ContextWrapper][getSharedPreferences] [File][com.vwfbkedl.qbbwqug_preferences.xml] [MODE][MODE_PRIVATE]
D/S4URC   ( 2512): [SDK] [javax.crypto.spec.SecretKeySpec][Constructor] [KEY][fobP2qXfniylZve6KLgRVe0F5WNQnVjJlKDiyFaqDBg=][type][HmacSHA256][javax.crypto.spec.PBEKeySpec][Constructor] [Password][com.vwfbkedl.qbbwqug] [Salt][unknown]
D/S4URC   ( 2512): [SDK] [android.telephony.TelephonyManager] [getSubscriberId]
D/S4URC   ( 2512): [SDK] [java.io.File] [getPath] [FilePath][String] [/data/data/com.vwfbkedl.qbbwqug]
D/S4URC   ( 2512): [SDK] [java.io.File] [exists] [FilePath][String] [/data/data/com.vwfbkedl.qbbwqug/files]
D/S4URC   ( 2512): [SDK] [java.io.File] [getPath] [FilePath][String] [/data/data/com.vwfbkedl.qbbwqug/files]
D/S4URC   ( 2512): [SDK] [java.io.File] [exists] [FilePath][String] [/data/data/com.vwfbkedl.qbbwqug/files/proxyinstallation]
D/S4URC   ( 2512): [SDK] [java.io.File] [getPath] [FilePath][String] [/data/data/com.vwfbkedl.qbbwqug/files/proxyinstallation]
D/S4URC   ( 2391): [SDK] [java.io.File] [Constructor] [FilePath][String] [/data/data/com.vwfbkedl.qbbwqug/files/Mint-lastsavedfile]
D/S4URC   ( 2391): [SDK] [java.io.File] [getPath] [FilePath][String] [/data/data/com.vwfbkedl.qbbwqug/files/Mint-lastsavedfile]
D/S4URC   ( 2391): [NDK] [SYSCALL] [open] [PATH][string] [/data/data/com.vwfbkedl.qbbwqug/files/Mint-lastsavedfile] [RETURN][int] [22]
D/S4URC   ( 2391): [SDK] [java.io.File] [Constructor] [FilePath][String] [/data/data/com.vwfbkedl.qbbwqug/files/MintSavedData-1-1535778644506.json]
D/S4URC   ( 2391): [NDK] [SYSCALL] [stat] [PATH][string] [/data/data/com.vwfbkedl.qbbwqug/files/MintSavedData-1-1535778644506.json]
D/S4URC   ( 2391): [SDK] [java.io.File] [exists] [FilePath][String] [/data/data/com.vwfbkedl.qbbwqug/files/MintSavedData-1-1535778644506.json]
D/S4URC   ( 2391): [NDK] [SYSCALL] [access] [PATH][string] [/data/data/com.vwfbkedl.qbbwqug/files/MintSavedData-1-1535778644506.json]
D/S4URC   ( 2391): [SDK] [java.io.File] [getPath] [FilePath][String] [/data/data/com.vwfbkedl.qbbwqug/files/MintSavedData-1-1535778644506.json]
D/S4URC   ( 2391): [NDK] [SYSCALL] [open] [PATH][string] [/data/data/com.vwfbkedl.qbbwqug/files/MintSavedData-1-1535778644506.json] [RETURN][int] [22]
D/S4URC   ( 2391): [SDK] [java.io.File] [getName] [FilePath][String] [/data/data/com.vwfbkedl.qbbwqug/files/MintSavedData-1-1535778644506.json]
D/S4URC   ( 2391): [SDK] [java.io.File] [Constructor] [FilePath][String] [/data/data/com.vwfbkedl.qbbwqug/files/Mint-lastsavedfile]
D/S4URC   ( 2391): [SDK] [java.io.File] [exists] [FilePath][String] [/data/data/com.vwfbkedl.qbbwqug/files/Mint-lastsavedfile]
D/S4URC   ( 2391): [NDK] [SYSCALL] [access] [PATH][string] [/data/data/com.vwfbkedl.qbbwqug/files/Mint-lastsavedfile]
D/S4URC   ( 2391): [SDK] [java.io.File] [getPath] [FilePath][String] [/data/data/com.vwfbkedl.qbbwqug/files/Mint-lastsavedfile]
D/S4URC   ( 2391): [NDK] [SYSCALL] [open] [PATH][string] [/data/data/com.vwfbkedl.qbbwqug/files/Mint-lastsavedfile] [RETURN][int] [18]
D/S4URC   ( 2391): [SDK] [java.io.File] [Constructor] [FilePath][String] [/system/app/Superuser.apk]
D/S4URC   ( 2391): [SDK] [java.io.File] [exists] [FilePath][String] [/system/app/Superuser.apk]
D/S4URC   ( 2391): [NDK] [SYSCALL] [access] [PATH][string] [/system/app/Superuser.apk]
D/S4URC   ( 2391): [SDK] [java.lang.Runtime] [exec] [Command][String] [/system/xbin/whichsu]
D/S4URC   ( 2702): [NDK] [SYSCALL] [getdents] [PATH][string] [.]
D/S4URC   ( 2391): [SDK] [android.telephony.TelephonyManager] [getLine1Number]
D/S4URC   ( 2391): [SDK] [android.telephony.TelephonyManager] [getSubscriberId]
D/S4URC   ( 2391): [SDK] [android.content.ContextWrapper][getSharedPreferences] [File][Preferences.xml] [MODE][MODE_PRIVATE] [Method][getString] [String][mobile] [Return][null]
D/S4URC   ( 2391): [SDK] [android.content.ContextWrapper][getSharedPreferences] [File][Preferences.xml] [MODE][MODE_PRIVATE] [Method][getString] [String][agent] [Return][Dalvik/2.1.0 (Linux; U; Android 5.1.1; galaxys5 Build/LMY49J)]
D/S4URC   ( 2391): [SDK] [java.lang.Class] [forName] [FindClass][String] [java.net.PlainSocketImpl]
D/S4URC   ( 2391): [NDK] [SYSCALL] [socket] [TYPE][string] [TCP]
D/S4URC   ( 2391): [SDK] [java.io.File] [Constructor] [FilePath][String] [/data/data/com.vwfbkedl.qbbwqug/files/Mint-lastsavedfile]
D/S4URC   ( 2391): [SDK] [java.io.File] [getPath] [FilePath][String] [/data/data/com.vwfbkedl.qbbwqug/files/Mint-lastsavedfile]
D/S4URC   ( 2391): [NDK] [SYSCALL] [open] [PATH][string] [/data/data/com.vwfbkedl.qbbwqug/files/Mint-lastsavedfile] [RETURN][int] [19]
D/S4URC   ( 2391): [SDK] [java.io.File] [Constructor] [FilePath][String] [/data/data/com.vwfbkedl.qbbwqug/files/MintSavedData-1-1535778644506.json]
D/S4URC   ( 2391): [NDK] [SYSCALL] [stat] [PATH][string] [/data/data/com.vwfbkedl.qbbwqug/files/MintSavedData-1-1535778644506.json]
D/S4URC   ( 2391): [SDK] [java.io.File] [exists] [FilePath][String] [/data/data/com.vwfbkedl.qbbwqug/files/MintSavedData-1-1535778644506.json]
D/S4URC   ( 2391): [NDK] [SYSCALL] [access] [PATH][string] [/data/data/com.vwfbkedl.qbbwqug/files/MintSavedData-1-1535778644506.json]
D/S4URC   ( 2391): [SDK] [java.io.File] [getPath] [FilePath][String] [/data/data/com.vwfbkedl.qbbwqug/files/MintSavedData-1-1535778644506.json]
D/S4URC   ( 2391): [NDK] [SYSCALL] [open] [PATH][string] [/data/data/com.vwfbkedl.qbbwqug/files/MintSavedData-1-1535778644506.json] [RETURN][int] [19]
D/S4URC   ( 2512): [SDK] [android.content.ContextWrapper][getSharedPreferences] [File][com.vwfbkedl.qbbwqug_preferences.xml] [MODE][MODE_PRIVATE] [Method][getString] [String][camvZQnFOxiOESsMZSRrkOowEHIQ8+CJIGyTV0M2YOQ=] [Return][45aLhWtmWcXqkCveuya9qA==:fobP2qXfniylZve6KLgRVe0F5WNQnVjJlKDiyFaqDBg=]
D/S4URC   ( 2391): [SDK] [java.io.File] [getName] [FilePath][String] [/data/data/com.vwfbkedl.qbbwqug/files/MintSavedData-1-1535778644506.json]
D/S4URC   ( 2391): [SDK] [java.io.File] [Constructor] [FilePath][String] [/data/data/com.vwfbkedl.qbbwqug/files/Mint-lastsavedfile]
D/S4URC   ( 2391): [SDK] [java.io.File] [exists] [FilePath][String] [/data/data/com.vwfbkedl.qbbwqug/files/Mint-lastsavedfile]
D/S4URC   ( 2391): [NDK] [SYSCALL] [access] [PATH][string] [/data/data/com.vwfbkedl.qbbwqug/files/Mint-lastsavedfile]
D/S4URC   ( 2391): [SDK] [java.io.File] [getPath] [FilePath][String] [/data/data/com.vwfbkedl.qbbwqug/files/Mint-lastsavedfile]
D/S4URC   ( 2512): [SDK] [android.content.ContextWrapper][getSharedPreferences] [File][com.vwfbkedl.qbbwqug_preferences.xml] [MODE][MODE_PRIVATE] [Method][getString] [String][8v+DhgpNwgOYjtGiK6HyEjfwSr29DEyVEQPPvtEh3ng=] [Return][xVr5X+vuvIMdEPW2G4KjXw==:GhPZh/QI/uDQHkyQgojvZX1PxYD7AlOa1xHmQikOb5c=:I/WEwvDa2YNceFR63tWK7A==]
D/S4URC   ( 2391): [NDK] [SYSCALL] [open] [PATH][string] [/data/data/com.vwfbkedl.qbbwqug/files/Mint-lastsavedfile] [RETURN][int] [18]
D/S4URC   ( 2391): [SDK] [java.io.File] [Constructor] [FilePath][String] [/system/app/Superuser.apk]
D/S4URC   ( 2391): [SDK] [java.io.File] [exists] [FilePath][String] [/system/app/Superuser.apk]
D/S4URC   ( 2391): [NDK] [SYSCALL] [access] [PATH][string] [/system/app/Superuser.apk]
D/S4URC   ( 2391): [SDK] [java.lang.Runtime] [exec] [Command][String] [/system/xbin/whichsu]
D/S4URC   ( 2512): [SDK] [javax.crypto.spec.SecretKeySpec][Constructor] [KEY][fobP2qXfniylZve6KLgRVe0F5WNQnVjJlKDiyFaqDBg=][type][HmacSHA256][javax.crypto.Cipher][getInstance] [Cipher][AES/CBC/PKCS5Padding] [javax.crypto.spec.IvParameterSpec][Constructor] [IV][xVr5X+vuvIMdEPW2G4KjXw==] [javax.crypto.Cipher][doFinal] [Data][I/WEwvDa2YNceFR63tWK7A==] [Return][mobproxy.com]
D/S4URC   ( 2512): [SDK] [java.lang.Class] [forName] [FindClass][String] [com.android.okhttp.HttpHandler]
D/S4URC   ( 2512): [SDK] [java.lang.Class] [forName] [FindClass][String] [com.android.org.conscrypt.OpenSSLContextImpl]
D/S4URC   ( 2512): [SDK] [java.lang.Class] [forName] [FindClass][String] [com.android.org.conscrypt.KeyManagerFactoryImpl]
D/S4URC   ( 2512): [SDK] [java.lang.Class] [forName] [FindClass][String] [com.android.org.bouncycastle.jcajce.provider.keystore.bc.BcKeyStoreSpi$Std]
D/S4URC   ( 2512): [SDK] [java.lang.Class] [forName] [FindClass][String] [com.android.org.conscrypt.TrustManagerFactoryImpl]
D/S4URC   ( 2512): [SDK] [java.lang.Class] [forName] [FindClass][String] [com.android.org.conscrypt.TrustedCertificateKeyStoreSpi]
D/S4URC   ( 2512): [SDK] [java.lang.Class] [forName] [FindClass][String] [com.android.org.bouncycastle.jce.provider.PKIXCertPathValidatorSpi]
D/S4URC   ( 2722): [NDK] [SYSCALL] [getdents] [PATH][string] [.]
D/S4URC   ( 2512): [SDK] [java.io.File] [Constructor] [FilePath][String] [/data/misc/keychain/pins]
D/S4URC   ( 2512): [SDK] [java.net] [HttpURLConnection] [URL][String] [http://mobproxy.com:1010/speedtest/download?size=153600]
D/S4URC   ( 2512): [SDK] [android.content.ContextWrapper][getSharedPreferences] [File][com.vwfbkedl.qbbwqug_preferences.xml] [MODE][MODE_PRIVATE] [Method][getString] [String][camvZQnFOxiOESsMZSRrkOowEHIQ8+CJIGyTV0M2YOQ=] [Return][45aLhWtmWcXqkCveuya9qA==:fobP2qXfniylZve6KLgRVe0F5WNQnVjJlKDiyFaqDBg=]
D/S4URC   ( 2512): [SDK] [javax.crypto.spec.SecretKeySpec][Constructor] [KEY][fobP2qXfniylZve6KLgRVe0F5WNQnVjJlKDiyFaqDBg=][type][HmacSHA256][javax.crypto.Cipher][getInstance] [Cipher][AES/CBC/PKCS5Padding] [javax.crypto.spec.IvParameterSpec][Constructor] [IV][O4BA426c1ANYxKLOSysFag==] [javax.crypto.Cipher][doFinal] [Data][wifi] [Return][FybZb4zrkTbUTbNJ0jui+Q==]
D/S4URC   ( 2512): [SDK] [android.content.ContextWrapper][getSharedPreferences] [File][com.vwfbkedl.qbbwqug_preferences.xml] [MODE][MODE_PRIVATE] [Method][putString] [Key][U4MtfPuW7rf9SdxK63zZkoBxILgr1kkeKs1U4phIXoQ=] [Value][O4BA426c1ANYxKLOSysFag==:OkjitgwCKpeh2mXfmHGCUpigWS2ubkoKciWqSEhXLFY=:FybZb4zrkTbUTbNJ0jui+Q==]
D/S4URC   ( 2512): [SDK] [java.io.File] [exists] [FilePath][String] [/data/data/com.vwfbkedl.qbbwqug/shared_prefs/com.vwfbkedl.qbbwqug_preferences.xml]
D/S4URC   ( 2512): [SDK] [java.io.File] [exists] [FilePath][String] [/data/data/com.vwfbkedl.qbbwqug/shared_prefs/com.vwfbkedl.qbbwqug_preferences.xml.bak]
D/S4URC   ( 2512): [SDK] [java.io.File] [renameTo] [FilePath][String] [/data/data/com.vwfbkedl.qbbwqug/shared_prefs/com.vwfbkedl.qbbwqug_preferences.xml] [DesFile][/data/data/com.vwfbkedl.qbbwqug/shared_prefs/com.vwfbkedl.qbbwqug_preferences.xml.bak]
D/S4URC   ( 2512): [SDK] [java.io.File] [getPath] [FilePath][String] [/data/data/com.vwfbkedl.qbbwqug/shared_prefs/com.vwfbkedl.qbbwqug_preferences.xml]
D/S4URC   ( 2512): [SDK] [java.io.File] [delete] [FilePath][String] [/data/data/com.vwfbkedl.qbbwqug/shared_prefs/com.vwfbkedl.qbbwqug_preferences.xml.bak]
D/S4URC   ( 2512): [SDK] [android.content.ContextWrapper][getSharedPreferences] [File][com.vwfbkedl.qbbwqug_preferences.xml] [MODE][MODE_PRIVATE] [Method][commit]
D/S4URC   ( 2391): [SDK] [android.telephony.TelephonyManager] [getLine1Number]
D/S4URC   ( 2391): [SDK] [android.telephony.TelephonyManager] [getSubscriberId]
D/S4URC   ( 2391): [SDK] [android.content.ContextWrapper][getSharedPreferences] [File][Preferences.xml] [MODE][MODE_PRIVATE] [Method][getString] [String][mobile] [Return][null]
D/S4URC   ( 2391): [SDK] [android.content.ContextWrapper][getSharedPreferences] [File][Preferences.xml] [MODE][MODE_PRIVATE] [Method][getString] [String][agent] [Return][Dalvik/2.1.0 (Linux; U; Android 5.1.1; galaxys5 Build/LMY49J)]
D/S4URC   ( 2391): [SDK] [java.lang.Class] [forName] [FindClass][String] [java.net.PlainSocketImpl]
D/S4URC   ( 2391): [NDK] [SYSCALL] [socket] [TYPE][string] [TCP]
D/S4URC   ( 2391): [SDK] [java.io.File] [Constructor] [FilePath][String] [/data/data/com.vwfbkedl.qbbwqug/files/Mint-lastsavedfile]
D/S4URC   ( 2391): [SDK] [java.io.File] [getPath] [FilePath][String] [/data/data/com.vwfbkedl.qbbwqug/files/Mint-lastsavedfile]
D/S4URC   ( 2391): [NDK] [SYSCALL] [open] [PATH][string] [/data/data/com.vwfbkedl.qbbwqug/files/Mint-lastsavedfile] [RETURN][int] [23]
D/S4URC   ( 2391): [SDK] [java.io.File] [Constructor] [FilePath][String] [/data/data/com.vwfbkedl.qbbwqug/files/MintSavedData-1-1535778644506.json]
D/S4URC   ( 2391): [NDK] [SYSCALL] [stat] [PATH][string] [/data/data/com.vwfbkedl.qbbwqug/files/MintSavedData-1-1535778644506.json]
D/S4URC   ( 2391): [SDK] [java.io.File] [exists] [FilePath][String] [/data/data/com.vwfbkedl.qbbwqug/files/MintSavedData-1-1535778644506.json]
D/S4URC   ( 2391): [NDK] [SYSCALL] [access] [PATH][string] [/data/data/com.vwfbkedl.qbbwqug/files/MintSavedData-1-1535778644506.json]
D/S4URC   ( 2391): [SDK] [java.io.File] [getPath] [FilePath][String] [/data/data/com.vwfbkedl.qbbwqug/files/MintSavedData-1-1535778644506.json]
D/S4URC   ( 2391): [NDK] [SYSCALL] [open] [PATH][string] [/data/data/com.vwfbkedl.qbbwqug/files/MintSavedData-1-1535778644506.json] [RETURN][int] [23]
D/S4URC   ( 2391): [SDK] [java.io.File] [getName] [FilePath][String] [/data/data/com.vwfbkedl.qbbwqug/files/MintSavedData-1-1535778644506.json]
D/S4URC   ( 2391): [SDK] [java.io.File] [Constructor] [FilePath][String] [/data/data/com.vwfbkedl.qbbwqug/files/Mint-lastsavedfile]
D/S4URC   ( 2391): [SDK] [java.io.File] [exists] [FilePath][String] [/data/data/com.vwfbkedl.qbbwqug/files/Mint-lastsavedfile]
D/S4URC   ( 2391): [NDK] [SYSCALL] [access] [PATH][string] [/data/data/com.vwfbkedl.qbbwqug/files/Mint-lastsavedfile]
D/S4URC   ( 2391): [SDK] [java.io.File] [getPath] [FilePath][String] [/data/data/com.vwfbkedl.qbbwqug/files/Mint-lastsavedfile]
D/S4URC   ( 2391): [NDK] [SYSCALL] [open] [PATH][string] [/data/data/com.vwfbkedl.qbbwqug/files/Mint-lastsavedfile] [RETURN][int] [18]
D/S4URC   ( 2391): [SDK] [java.io.File] [Constructor] [FilePath][String] [/system/app/Superuser.apk]
D/S4URC   ( 2391): [SDK] [java.io.File] [exists] [FilePath][String] [/system/app/Superuser.apk]
D/S4URC   ( 2391): [NDK] [SYSCALL] [access] [PATH][string] [/system/app/Superuser.apk]
D/S4URC   ( 2391): [SDK] [java.lang.Runtime] [exec] [Command][String] [/system/xbin/whichsu]
D/S4URC   ( 2755): [NDK] [SYSCALL] [getdents] [PATH][string] [.]
D/S4URC   ( 2391): [SDK] [android.telephony.TelephonyManager] [getLine1Number]
D/S4URC   ( 2391): [SDK] [android.telephony.TelephonyManager] [getSubscriberId]
D/S4URC   ( 2391): [SDK] [android.content.ContextWrapper][getSharedPreferences] [File][Preferences.xml] [MODE][MODE_PRIVATE] [Method][getString] [String][mobile] [Return][null]
D/S4URC   ( 2391): [SDK] [android.content.ContextWrapper][getSharedPreferences] [File][Preferences.xml] [MODE][MODE_PRIVATE] [Method][getString] [String][agent] [Return][Dalvik/2.1.0 (Linux; U; Android 5.1.1; galaxys5 Build/LMY49J)]
D/S4URC   ( 2512): [SDK] [java.io.File] [getPath] [FilePath][String] [/data/data/com.vwfbkedl.qbbwqug/shared_prefs/com.vwfbkedl.qbbwqug_preferences.xml]
D/S4URC   ( 2512): [SDK] [android.content.ContextWrapper][getSharedPreferences] [File][com.vwfbkedl.qbbwqug_preferences.xml] [MODE][MODE_PRIVATE]
D/S4URC   ( 2512): [SDK] [javax.crypto.spec.PBEKeySpec][Constructor] [Password][com.vwfbkedl.qbbwqug] [Salt][unknown]
D/S4URC   ( 2391): [SDK] [java.lang.Class] [forName] [FindClass][String] [java.net.PlainSocketImpl]
D/S4URC   ( 2391): [NDK] [SYSCALL] [socket] [TYPE][string] [TCP]
D/S4URC   ( 2391): [SDK] [java.io.File] [Constructor] [FilePath][String] [/data/data/com.vwfbkedl.qbbwqug/files/Mint-lastsavedfile]
D/S4URC   ( 2391): [SDK] [java.io.File] [getPath] [FilePath][String] [/data/data/com.vwfbkedl.qbbwqug/files/Mint-lastsavedfile]
D/S4URC   ( 2391): [NDK] [SYSCALL] [open] [PATH][string] [/data/data/com.vwfbkedl.qbbwqug/files/Mint-lastsavedfile] [RETURN][int] [19]
D/S4URC   ( 2391): [SDK] [java.io.File] [Constructor] [FilePath][String] [/data/data/com.vwfbkedl.qbbwqug/files/MintSavedData-1-1535778644506.json]
D/S4URC   ( 2391): [NDK] [SYSCALL] [stat] [PATH][string] [/data/data/com.vwfbkedl.qbbwqug/files/MintSavedData-1-1535778644506.json]
D/S4URC   ( 2391): [SDK] [java.io.File] [exists] [FilePath][String] [/data/data/com.vwfbkedl.qbbwqug/files/MintSavedData-1-1535778644506.json]
D/S4URC   ( 2391): [NDK] [SYSCALL] [access] [PATH][string] [/data/data/com.vwfbkedl.qbbwqug/files/MintSavedData-1-1535778644506.json]
D/S4URC   ( 2391): [SDK] [java.io.File] [getPath] [FilePath][String] [/data/data/com.vwfbkedl.qbbwqug/files/MintSavedData-1-1535778644506.json]
D/S4URC   ( 2391): [NDK] [SYSCALL] [open] [PATH][string] [/data/data/com.vwfbkedl.qbbwqug/files/MintSavedData-1-1535778644506.json] [RETURN][int] [19]
D/S4URC   ( 2391): [SDK] [java.io.File] [getName] [FilePath][String] [/data/data/com.vwfbkedl.qbbwqug/files/MintSavedData-1-1535778644506.json]
D/S4URC   ( 2391): [SDK] [java.io.File] [Constructor] [FilePath][String] [/data/data/com.vwfbkedl.qbbwqug/files/Mint-lastsavedfile]
D/S4URC   ( 2391): [SDK] [java.io.File] [exists] [FilePath][String] [/data/data/com.vwfbkedl.qbbwqug/files/Mint-lastsavedfile]
D/S4URC   ( 2391): [NDK] [SYSCALL] [access] [PATH][string] [/data/data/com.vwfbkedl.qbbwqug/files/Mint-lastsavedfile]
D/S4URC   ( 2391): [SDK] [java.io.File] [getPath] [FilePath][String] [/data/data/com.vwfbkedl.qbbwqug/files/Mint-lastsavedfile]
D/S4URC   ( 2391): [NDK] [SYSCALL] [open] [PATH][string] [/data/data/com.vwfbkedl.qbbwqug/files/Mint-lastsavedfile] [RETURN][int] [18]
D/S4URC   ( 2391): [SDK] [java.io.File] [Constructor] [FilePath][String] [/system/app/Superuser.apk]
D/S4URC   ( 2391): [SDK] [java.io.File] [exists] [FilePath][String] [/system/app/Superuser.apk]
D/S4URC   ( 2391): [NDK] [SYSCALL] [access] [PATH][string] [/system/app/Superuser.apk]
D/S4URC   ( 2391): [SDK] [java.lang.Runtime] [exec] [Command][String] [/system/xbin/whichsu]
D/S4URC   ( 2774): [NDK] [SYSCALL] [getdents] [PATH][string] [.]
D/S4URC   ( 2391): [SDK] [android.telephony.TelephonyManager] [getLine1Number]
D/S4URC   ( 2391): [SDK] [android.telephony.TelephonyManager] [getSubscriberId]
D/S4URC   ( 2391): [SDK] [android.content.ContextWrapper][getSharedPreferences] [File][Preferences.xml] [MODE][MODE_PRIVATE] [Method][getString] [String][mobile] [Return][null]
D/S4URC   ( 2391): [SDK] [android.content.ContextWrapper][getSharedPreferences] [File][Preferences.xml] [MODE][MODE_PRIVATE] [Method][getString] [String][agent] [Return][Dalvik/2.1.0 (Linux; U; Android 5.1.1; galaxys5 Build/LMY49J)]
D/S4URC   ( 2512): [SDK] [android.content.ContextWrapper][getSharedPreferences] [File][com.vwfbkedl.qbbwqug_preferences.xml] [MODE][MODE_PRIVATE] [Method][getString] [String][camvZQnFOxiOESsMZSRrkOowEHIQ8+CJIGyTV0M2YOQ=] [Return][45aLhWtmWcXqkCveuya9qA==:fobP2qXfniylZve6KLgRVe0F5WNQnVjJlKDiyFaqDBg=]
D/S4URC   ( 2512): [SDK] [android.content.ContextWrapper][getSharedPreferences] [File][com.vwfbkedl.qbbwqug_preferences.xml] [MODE][MODE_PRIVATE] [Method][getString] [String][8v+DhgpNwgOYjtGiK6HyEjfwSr29DEyVEQPPvtEh3ng=] [Return][xVr5X+vuvIMdEPW2G4KjXw==:GhPZh/QI/uDQHkyQgojvZX1PxYD7AlOa1xHmQikOb5c=:I/WEwvDa2YNceFR63tWK7A==]
D/S4URC   ( 2512): [SDK] [javax.crypto.spec.SecretKeySpec][Constructor] [KEY][fobP2qXfniylZve6KLgRVe0F5WNQnVjJlKDiyFaqDBg=][type][HmacSHA256][javax.crypto.Cipher][getInstance] [Cipher][AES/CBC/PKCS5Padding] [javax.crypto.spec.IvParameterSpec][Constructor] [IV][xVr5X+vuvIMdEPW2G4KjXw==] [javax.crypto.Cipher][doFinal] [Data][I/WEwvDa2YNceFR63tWK7A==] [Return][mobproxy.com]
D/S4URC   ( 2512): [SDK] [java.io.File] [getPath] [FilePath][String] [/data/data/com.vwfbkedl.qbbwqug/shared_prefs/com.vwfbkedl.qbbwqug_preferences.xml]
D/S4URC   ( 2512): [SDK] [android.content.ContextWrapper][getSharedPreferences] [File][com.vwfbkedl.qbbwqug_preferences.xml] [MODE][MODE_PRIVATE]
D/S4URC   ( 2512): [SDK] [javax.crypto.spec.PBEKeySpec][Constructor] [Password][com.vwfbkedl.qbbwqug] [Salt][unknown]
D/S4URC   ( 2391): [SDK] [java.lang.Class] [forName] [FindClass][String] [java.net.PlainSocketImpl]
D/S4URC   ( 2391): [NDK] [SYSCALL] [socket] [TYPE][string] [TCP]
D/S4URC   ( 2512): [SDK] [android.content.ContextWrapper][getSharedPreferences] [File][com.vwfbkedl.qbbwqug_preferences.xml] [MODE][MODE_PRIVATE] [Method][getString] [String][camvZQnFOxiOESsMZSRrkOowEHIQ8+CJIGyTV0M2YOQ=] [Return][45aLhWtmWcXqkCveuya9qA==:fobP2qXfniylZve6KLgRVe0F5WNQnVjJlKDiyFaqDBg=]
D/S4URC   ( 2512): [SDK] [javax.crypto.spec.SecretKeySpec][Constructor] [KEY][fobP2qXfniylZve6KLgRVe0F5WNQnVjJlKDiyFaqDBg=][type][HmacSHA256][javax.crypto.Cipher][getInstance] [Cipher][AES/CBC/PKCS5Padding] [javax.crypto.spec.IvParameterSpec][Constructor] [IV][tWrvnOWML1c6g97SI1+77g==] [javax.crypto.Cipher][doFinal] [Data][mobproxy7.com] [Return][4qwvlHEhKzMjnE7ettbv6Q==]
D/S4URC   ( 2512): [SDK] [android.content.ContextWrapper][getSharedPreferences] [File][com.vwfbkedl.qbbwqug_preferences.xml] [MODE][MODE_PRIVATE] [Method][putString] [Key][8v+DhgpNwgOYjtGiK6HyEjfwSr29DEyVEQPPvtEh3ng=] [Value][tWrvnOWML1c6g97SI1+77g==:HXYAaNM4W/fhDXnuEHLMbK4My2r6oFf6ySiuOnLSy68=:4qwvlHEhKzMjnE7ettbv6Q==]
D/S4URC   ( 2512): [SDK] [java.io.File] [getPath] [FilePath][String] [/data/data/com.vwfbkedl.qbbwqug/shared_prefs/com.vwfbkedl.qbbwqug_preferences.xml]
D/S4URC   ( 2512): [SDK] [android.content.ContextWrapper][getSharedPreferences] [File][com.vwfbkedl.qbbwqug_preferences.xml] [MODE][MODE_PRIVATE]
D/S4URC   ( 2512): [SDK] [javax.crypto.spec.PBEKeySpec][Constructor] [Password][com.vwfbkedl.qbbwqug] [Salt][unknown]
D/S4URC   ( 2512): [SDK] [java.io.File] [exists] [FilePath][String] [/data/data/com.vwfbkedl.qbbwqug/shared_prefs/com.vwfbkedl.qbbwqug_preferences.xml]
D/S4URC   ( 2512): [SDK] [java.io.File] [exists] [FilePath][String] [/data/data/com.vwfbkedl.qbbwqug/shared_prefs/com.vwfbkedl.qbbwqug_preferences.xml.bak]
D/S4URC   ( 2512): [SDK] [java.io.File] [renameTo] [FilePath][String] [/data/data/com.vwfbkedl.qbbwqug/shared_prefs/com.vwfbkedl.qbbwqug_preferences.xml] [DesFile][/data/data/com.vwfbkedl.qbbwqug/shared_prefs/com.vwfbkedl.qbbwqug_preferences.xml.bak]
D/S4URC   ( 2512): [SDK] [java.io.File] [getPath] [FilePath][String] [/data/data/com.vwfbkedl.qbbwqug/shared_prefs/com.vwfbkedl.qbbwqug_preferences.xml]
D/S4URC   ( 2512): [SDK] [java.io.File] [delete] [FilePath][String] [/data/data/com.vwfbkedl.qbbwqug/shared_prefs/com.vwfbkedl.qbbwqug_preferences.xml.bak]
D/S4URC   ( 2512): [SDK] [android.content.ContextWrapper][getSharedPreferences] [File][com.vwfbkedl.qbbwqug_preferences.xml] [MODE][MODE_PRIVATE] [Method][commit]
D/S4URC   ( 2512):  [Method][getString] [String][camvZQnFOxiOESsMZSRrkOowEHIQ8+CJIGyTV0M2YOQ=] [Return][45aLhWtmWcXqkCveuya9qA==:fobP2qXfniylZve6KLgRVe0F5WNQnVjJlKDiyFaqDBg=]
D/S4URC   ( 2512):  [Method][getString] [String][8v+DhgpNwgOYjtGiK6HyEjfwSr29DEyVEQPPvtEh3ng=] [Return][tWrvnOWML1c6g97SI1+77g==:HXYAaNM4W/fhDXnuEHLMbK4My2r6oFf6ySiuOnLSy68=:4qwvlHEhKzMjnE7ettbv6Q==]
D/S4URC   ( 2512): [SDK] [javax.crypto.spec.SecretKeySpec][Constructor] [KEY][fobP2qXfniylZve6KLgRVe0F5WNQnVjJlKDiyFaqDBg=][type][HmacSHA256][javax.crypto.Cipher][getInstance] [Cipher][AES/CBC/PKCS5Padding] [javax.crypto.spec.IvParameterSpec][Constructor] [IV][tWrvnOWML1c6g97SI1+77g==] [javax.crypto.Cipher][doFinal] [Data][4qwvlHEhKzMjnE7ettbv6Q==] [Return][mobproxy7.com]
D/S4URC   ( 2512): [SDK] [java.io.File] [getPath] [FilePath][String] [/data/data/com.vwfbkedl.qbbwqug/shared_prefs/com.vwfbkedl.qbbwqug_preferences.xml]
D/S4URC   ( 2512): [SDK] [android.content.ContextWrapper][getSharedPreferences] [File][com.vwfbkedl.qbbwqug_preferences.xml] [MODE][MODE_PRIVATE]
D/S4URC   ( 2512): [SDK] [javax.crypto.spec.PBEKeySpec][Constructor] [Password][com.vwfbkedl.qbbwqug] [Salt][unknown]
D/S4URC   ( 2391): [SDK] [java.io.File] [Constructor] [FilePath][String] [/data/data/com.vwfbkedl.qbbwqug/files/Mint-lastsavedfile]
D/S4URC   ( 2391): [SDK] [java.io.File] [getPath] [FilePath][String] [/data/data/com.vwfbkedl.qbbwqug/files/Mint-lastsavedfile]
D/S4URC   ( 2391): [NDK] [SYSCALL] [open] [PATH][string] [/data/data/com.vwfbkedl.qbbwqug/files/Mint-lastsavedfile] [RETURN][int] [22]
D/S4URC   ( 2391): [SDK] [java.io.File] [Constructor] [FilePath][String] [/data/data/com.vwfbkedl.qbbwqug/files/MintSavedData-1-1535778644506.json]
D/S4URC   ( 2391): [NDK] [SYSCALL] [stat] [PATH][string] [/data/data/com.vwfbkedl.qbbwqug/files/MintSavedData-1-1535778644506.json]
D/S4URC   ( 2391): [SDK] [java.io.File] [exists] [FilePath][String] [/data/data/com.vwfbkedl.qbbwqug/files/MintSavedData-1-1535778644506.json]
D/S4URC   ( 2391): [NDK] [SYSCALL] [access] [PATH][string] [/data/data/com.vwfbkedl.qbbwqug/files/MintSavedData-1-1535778644506.json]
D/S4URC   ( 2391): [SDK] [java.io.File] [getPath] [FilePath][String] [/data/data/com.vwfbkedl.qbbwqug/files/MintSavedData-1-1535778644506.json]
D/S4URC   ( 2391): [NDK] [SYSCALL] [open] [PATH][string] [/data/data/com.vwfbkedl.qbbwqug/files/MintSavedData-1-1535778644506.json] [RETURN][int] [22]
D/S4URC   ( 2391): [SDK] [java.io.File] [getName] [FilePath][String] [/data/data/com.vwfbkedl.qbbwqug/files/MintSavedData-1-1535778644506.json]
D/S4URC   ( 2391): [SDK] [java.io.File] [Constructor] [FilePath][String] [/data/data/com.vwfbkedl.qbbwqug/files/Mint-lastsavedfile]
D/S4URC   ( 2391): [SDK] [java.io.File] [exists] [FilePath][String] [/data/data/com.vwfbkedl.qbbwqug/files/Mint-lastsavedfile]
D/S4URC   ( 2391): [NDK] [SYSCALL] [access] [PATH][string] [/data/data/com.vwfbkedl.qbbwqug/files/Mint-lastsavedfile]
D/S4URC   ( 2391): [SDK] [java.io.File] [getPath] [FilePath][String] [/data/data/com.vwfbkedl.qbbwqug/files/Mint-lastsavedfile]
D/S4URC   ( 2391): [NDK] [SYSCALL] [open] [PATH][string] [/data/data/com.vwfbkedl.qbbwqug/files/Mint-lastsavedfile] [RETURN][int] [18]
D/S4URC   ( 2512): [SDK] [android.content.ContextWrapper][getSharedPreferences] [File][com.vwfbkedl.qbbwqug_preferences.xml] [MODE][MODE_PRIVATE] [Method][getString] [String][camvZQnFOxiOESsMZSRrkOowEHIQ8+CJIGyTV0M2YOQ=] [Return][45aLhWtmWcXqkCveuya9qA==:fobP2qXfniylZve6KLgRVe0F5WNQnVjJlKDiyFaqDBg=]
D/S4URC   ( 2512): [SDK] [android.content.ContextWrapper][getSharedPreferences] [File][com.vwfbkedl.qbbwqug_preferences.xml] [MODE][MODE_PRIVATE] [Method][getString] [String][KTG81sSjZqvKo7LXRs0+R1OcEkazrNv6w297XBpYnVs=] [Return][+IEUwacOuyZAUGjxAE5HAA==:xtu162xh2IuFBi5CMAHLqV4llsxpLgmmzHd08Mgg2YI=:lHoDop7trROpmGeKpqd8dw==]
D/S4URC   ( 2512): [SDK] [javax.crypto.spec.SecretKeySpec][Constructor] [KEY][fobP2qXfniylZve6KLgRVe0F5WNQnVjJlKDiyFaqDBg=][type][HmacSHA256][javax.crypto.Cipher][getInstance] [Cipher][AES/CBC/PKCS5Padding] [javax.crypto.spec.IvParameterSpec][Constructor] [IV][+IEUwacOuyZAUGjxAE5HAA==] [javax.crypto.Cipher][doFinal] [Data][lHoDop7trROpmGeKpqd8dw==] [Return][-1]
D/S4URC   ( 2512): [SDK] [java.io.File] [getPath] [FilePath][String] [/data/data/com.vwfbkedl.qbbwqug/shared_prefs/com.vwfbkedl.qbbwqug_preferences.xml]
D/S4URC   ( 2512): [SDK] [android.content.ContextWrapper][getSharedPreferences] [File][com.vwfbkedl.qbbwqug_preferences.xml] [MODE][MODE_PRIVATE]
D/S4URC   ( 2512): [SDK] [javax.crypto.spec.PBEKeySpec][Constructor] [Password][com.vwfbkedl.qbbwqug] [Salt][unknown]
D/S4URC   ( 2512): [SDK] [android.content.ContextWrapper][getSharedPreferences] [File][com.vwfbkedl.qbbwqug_preferences.xml] [MODE][MODE_PRIVATE] [Method][getString] [String][camvZQnFOxiOESsMZSRrkOowEHIQ8+CJIGyTV0M2YOQ=] [Return][45aLhWtmWcXqkCveuya9qA==:fobP2qXfniylZve6KLgRVe0F5WNQnVjJlKDiyFaqDBg=]
D/S4URC   ( 2512): [SDK] [javax.crypto.spec.SecretKeySpec][Constructor] [KEY][fobP2qXfniylZve6KLgRVe0F5WNQnVjJlKDiyFaqDBg=][type][HmacSHA256][javax.crypto.Cipher][getInstance] [Cipher][AES/CBC/PKCS5Padding] [javax.crypto.spec.IvParameterSpec][Constructor] [IV][Ien6gai1Dv+8HP3LwTUjTg==] [javax.crypto.Cipher][doFinal] [Data][mobproxy7.com] [Return][A3OE4Aoam9eslqis491RMA==]
D/S4URC   ( 2512): [SDK] [android.content.ContextWrapper][getSharedPreferences] [File][com.vwfbkedl.qbbwqug_preferences.xml] [MODE][MODE_PRIVATE] [Method][putString] [Key][8v+DhgpNwgOYjtGiK6HyEjfwSr29DEyVEQPPvtEh3ng=] [Value][Ien6gai1Dv+8HP3LwTUjTg==:XuXDi6uTFw7j9oXhlwN71NUfGSrIBKLt6jLblBGTrVY=:A3OE4Aoam9eslqis491RMA==]
D/S4URC   ( 2512): [SDK] [java.io.File] [getPath] [FilePath][String] [/data/data/com.vwfbkedl.qbbwqug/shared_prefs/com.vwfbkedl.qbbwqug_preferences.xml]
D/S4URC   ( 2512): [SDK] [android.content.ContextWrapper][getSharedPreferences] [File][com.vwfbkedl.qbbwqug_preferences.xml] [MODE][MODE_PRIVATE]
D/S4URC   ( 2512): [SDK] [javax.crypto.spec.PBEKeySpec][Constructor] [Password][com.vwfbkedl.qbbwqug] [Salt][unknown]
D/S4URC   ( 2512): [SDK] [java.io.File] [exists] [FilePath][String] [/data/data/com.vwfbkedl.qbbwqug/shared_prefs/com.vwfbkedl.qbbwqug_preferences.xml]
D/S4URC   ( 2512): [SDK] [java.io.File] [exists] [FilePath][String] [/data/data/com.vwfbkedl.qbbwqug/shared_prefs/com.vwfbkedl.qbbwqug_preferences.xml.bak]
D/S4URC   ( 2512): [SDK] [java.io.File] [renameTo] [FilePath][String] [/data/data/com.vwfbkedl.qbbwqug/shared_prefs/com.vwfbkedl.qbbwqug_preferences.xml] [DesFile][/data/data/com.vwfbkedl.qbbwqug/shared_prefs/com.vwfbkedl.qbbwqug_preferences.xml.bak]
D/S4URC   ( 2512): [SDK] [java.io.File] [getPath] [FilePath][String] [/data/data/com.vwfbkedl.qbbwqug/shared_prefs/com.vwfbkedl.qbbwqug_preferences.xml]
D/S4URC   ( 2512): [SDK] [java.io.File] [delete] [FilePath][String] [/data/data/com.vwfbkedl.qbbwqug/shared_prefs/com.vwfbkedl.qbbwqug_preferences.xml.bak]
D/S4URC   ( 2512): [SDK] [android.content.ContextWrapper][getSharedPreferences] [File][com.vwfbkedl.qbbwqug_preferences.xml] [MODE][MODE_PRIVATE] [Method][commit]
D/S4URC   ( 2512):  [Method][getString] [String][camvZQnFOxiOESsMZSRrkOowEHIQ8+CJIGyTV0M2YOQ=] [Return][45aLhWtmWcXqkCveuya9qA==:fobP2qXfniylZve6KLgRVe0F5WNQnVjJlKDiyFaqDBg=]
D/S4URC   ( 2512):  [Method][getString] [String][KTG81sSjZqvKo7LXRs0+R1OcEkazrNv6w297XBpYnVs=] [Return][+IEUwacOuyZAUGjxAE5HAA==:xtu162xh2IuFBi5CMAHLqV4llsxpLgmmzHd08Mgg2YI=:lHoDop7trROpmGeKpqd8dw==]
D/S4URC   ( 2512): [SDK] [javax.crypto.spec.SecretKeySpec][Constructor] [KEY][fobP2qXfniylZve6KLgRVe0F5WNQnVjJlKDiyFaqDBg=][type][HmacSHA256][javax.crypto.Cipher][getInstance] [Cipher][AES/CBC/PKCS5Padding] [javax.crypto.spec.IvParameterSpec][Constructor] [IV][+IEUwacOuyZAUGjxAE5HAA==] [javax.crypto.Cipher][doFinal] [Data][lHoDop7trROpmGeKpqd8dw==] [Return][-1]
D/S4URC   ( 2512): [SDK] [java.io.File] [getPath] [FilePath][String] [/data/data/com.vwfbkedl.qbbwqug/shared_prefs/com.vwfbkedl.qbbwqug_preferences.xml]
D/S4URC   ( 2512): [SDK] [android.content.ContextWrapper][getSharedPreferences] [File][com.vwfbkedl.qbbwqug_preferences.xml] [MODE][MODE_PRIVATE]
D/S4URC   ( 2512): [SDK] [javax.crypto.spec.PBEKeySpec][Constructor] [Password][com.vwfbkedl.qbbwqug] [Salt][unknown]
D/S4URC   ( 2512): [SDK] [android.content.ContextWrapper][getSharedPreferences] [File][com.vwfbkedl.qbbwqug_preferences.xml] [MODE][MODE_PRIVATE] [Method][getString] [String][camvZQnFOxiOESsMZSRrkOowEHIQ8+CJIGyTV0M2YOQ=] [Return][45aLhWtmWcXqkCveuya9qA==:fobP2qXfniylZve6KLgRVe0F5WNQnVjJlKDiyFaqDBg=]
D/S4URC   ( 2512): [SDK] [javax.crypto.spec.SecretKeySpec][Constructor] [KEY][fobP2qXfniylZve6KLgRVe0F5WNQnVjJlKDiyFaqDBg=][type][HmacSHA256][javax.crypto.Cipher][getInstance] [Cipher][AES/CBC/PKCS5Padding] [javax.crypto.spec.IvParameterSpec][Constructor] [IV][l0QON05hOoKyAewwAjUK8w==] [javax.crypto.Cipher][doFinal] [Data][0] [Return][SQI9XIyMrPA/HbHRQJveBw==]
D/S4URC   ( 2512): [SDK] [android.content.ContextWrapper][getSharedPreferences] [File][com.vwfbkedl.qbbwqug_preferences.xml] [MODE][MODE_PRIVATE] [Method][putString] [Key][KTG81sSjZqvKo7LXRs0+R1OcEkazrNv6w297XBpYnVs=] [Value][l0QON05hOoKyAewwAjUK8w==:TuoNFw24eBtcdm/5wYqt57SmoexOc14aaxEDkzbx4SE=:SQI9XIyMrPA/HbHRQJveBw==]
D/S4URC   ( 2512): [SDK] [java.io.File] [getPath] [FilePath][String] [/data/data/com.vwfbkedl.qbbwqug/shared_prefs/com.vwfbkedl.qbbwqug_preferences.xml]
D/S4URC   ( 2512): [SDK] [android.content.ContextWrapper][getSharedPreferences] [File][com.vwfbkedl.qbbwqug_preferences.xml] [MODE][MODE_PRIVATE]
D/S4URC   ( 2512): [SDK] [javax.crypto.spec.PBEKeySpec][Constructor] [Password][com.vwfbkedl.qbbwqug] [Salt][unknown]
D/S4URC   ( 2512): [SDK] [java.io.File] [exists] [FilePath][String] [/data/data/com.vwfbkedl.qbbwqug/shared_prefs/com.vwfbkedl.qbbwqug_preferences.xml]
D/S4URC   ( 2512): [SDK] [java.io.File] [exists] [FilePath][String] [/data/data/com.vwfbkedl.qbbwqug/shared_prefs/com.vwfbkedl.qbbwqug_preferences.xml.bak]
D/S4URC   ( 2512): [SDK] [java.io.File] [renameTo] [FilePath][String] [/data/data/com.vwfbkedl.qbbwqug/shared_prefs/com.vwfbkedl.qbbwqug_preferences.xml] [DesFile][/data/data/com.vwfbkedl.qbbwqug/shared_prefs/com.vwfbkedl.qbbwqug_preferences.xml.bak]
D/S4URC   ( 2512): [SDK] [java.io.File] [getPath] [FilePath][String] [/data/data/com.vwfbkedl.qbbwqug/shared_prefs/com.vwfbkedl.qbbwqug_preferences.xml]
D/S4URC   ( 2512): [SDK] [java.io.File] [delete] [FilePath][String] [/data/data/com.vwfbkedl.qbbwqug/shared_prefs/com.vwfbkedl.qbbwqug_preferences.xml.bak]
D/S4URC   ( 2512): [SDK] [android.content.ContextWrapper][getSharedPreferences] [File][com.vwfbkedl.qbbwqug_preferences.xml] [MODE][MODE_PRIVATE] [Method][commit]
D/S4URC   ( 2512):  [Method][getString] [String][camvZQnFOxiOESsMZSRrkOowEHIQ8+CJIGyTV0M2YOQ=] [Return][45aLhWtmWcXqkCveuya9qA==:fobP2qXfniylZve6KLgRVe0F5WNQnVjJlKDiyFaqDBg=]
D/S4URC   ( 2512):  [Method][getString] [String][8v+DhgpNwgOYjtGiK6HyEjfwSr29DEyVEQPPvtEh3ng=] [Return][Ien6gai1Dv+8HP3LwTUjTg==:XuXDi6uTFw7j9oXhlwN71NUfGSrIBKLt6jLblBGTrVY=:A3OE4Aoam9eslqis491RMA==]
D/S4URC   ( 2512): [SDK] [javax.crypto.spec.SecretKeySpec][Constructor] [KEY][fobP2qXfniylZve6KLgRVe0F5WNQnVjJlKDiyFaqDBg=][type][HmacSHA256][javax.crypto.Cipher][getInstance] [Cipher][AES/CBC/PKCS5Padding] [javax.crypto.spec.IvParameterSpec][Constructor] [IV][Ien6gai1Dv+8HP3LwTUjTg==] [javax.crypto.Cipher][doFinal] [Data][A3OE4Aoam9eslqis491RMA==] [Return][mobproxy7.com]
D/S4URC   ( 2512): [SDK] [java.io.File] [getPath] [FilePath][String] [/data/data/com.vwfbkedl.qbbwqug/shared_prefs/com.vwfbkedl.qbbwqug_preferences.xml]
D/S4URC   ( 2512): [SDK] [android.content.ContextWrapper][getSharedPreferences] [File][com.vwfbkedl.qbbwqug_preferences.xml] [MODE][MODE_PRIVATE]
D/S4URC   ( 2512): [SDK] [javax.crypto.spec.PBEKeySpec][Constructor] [Password][com.vwfbkedl.qbbwqug] [Salt][unknown]
D/S4URC   ( 2512): [SDK] [android.content.ContextWrapper][getSharedPreferences] [File][com.vwfbkedl.qbbwqug_preferences.xml] [MODE][MODE_PRIVATE] [Method][getString] [String][camvZQnFOxiOESsMZSRrkOowEHIQ8+CJIGyTV0M2YOQ=] [Return][45aLhWtmWcXqkCveuya9qA==:fobP2qXfniylZve6KLgRVe0F5WNQnVjJlKDiyFaqDBg=]
D/S4URC   ( 2512): [SDK] [android.content.ContextWrapper][getSharedPreferences] [File][com.vwfbkedl.qbbwqug_preferences.xml] [MODE][MODE_PRIVATE] [Method][getString] [String][RJLlwrHbab/nlP+fp/Rx4lGZTFlUIrCnqrFdHoZub+s=] [Return][null]
D/S4URC   ( 2512): [SDK] [java.io.File] [getPath] [FilePath][String] [/data/data/com.vwfbkedl.qbbwqug/shared_prefs/com.vwfbkedl.qbbwqug_preferences.xml]
D/S4URC   ( 2512): [SDK] [android.content.ContextWrapper][getSharedPreferences] [File][com.vwfbkedl.qbbwqug_preferences.xml] [MODE][MODE_PRIVATE]
D/S4URC   ( 2512): [SDK] [javax.crypto.spec.SecretKeySpec][Constructor] [KEY][fobP2qXfniylZve6KLgRVe0F5WNQnVjJlKDiyFaqDBg=][type][HmacSHA256][javax.crypto.spec.PBEKeySpec][Constructor] [Password][com.vwfbkedl.qbbwqug] [Salt][unknown]
D/S4URC   ( 2512): [SDK] [android.content.ContextWrapper][getSharedPreferences] [File][com.vwfbkedl.qbbwqug_preferences.xml] [MODE][MODE_PRIVATE] [Method][getString] [String][camvZQnFOxiOESsMZSRrkOowEHIQ8+CJIGyTV0M2YOQ=] [Return][45aLhWtmWcXqkCveuya9qA==:fobP2qXfniylZve6KLgRVe0F5WNQnVjJlKDiyFaqDBg=]
D/S4URC   ( 2512): [SDK] [android.content.ContextWrapper][getSharedPreferences] [File][com.vwfbkedl.qbbwqug_preferences.xml] [MODE][MODE_PRIVATE] [Method][getString] [String][8v+DhgpNwgOYjtGiK6HyEjfwSr29DEyVEQPPvtEh3ng=] [Return][Ien6gai1Dv+8HP3LwTUjTg==:XuXDi6uTFw7j9oXhlwN71NUfGSrIBKLt6jLblBGTrVY=:A3OE4Aoam9eslqis491RMA==]
D/S4URC   ( 2512): [SDK] [javax.crypto.spec.SecretKeySpec][Constructor] [KEY][fobP2qXfniylZve6KLgRVe0F5WNQnVjJlKDiyFaqDBg=][type][HmacSHA256][javax.crypto.Cipher][getInstance] [Cipher][AES/CBC/PKCS5Padding] [javax.crypto.spec.IvParameterSpec][Constructor] [IV][Ien6gai1Dv+8HP3LwTUjTg==] [javax.crypto.Cipher][doFinal] [Data][A3OE4Aoam9eslqis491RMA==] [Return][mobproxy7.com]
D/S4URC   ( 2512): [SDK] [java.net] [HttpURLConnection] [URL][String] [http://mobproxy7.com:1010/speedtest/download?size=153600]
D/S4URC   ( 2512): [SDK] [java.io.File] [getPath] [FilePath][String] [/data/data/com.vwfbkedl.qbbwqug/shared_prefs/com.vwfbkedl.qbbwqug_preferences.xml]
D/S4URC   ( 2512): [SDK] [android.content.ContextWrapper][getSharedPreferences] [File][com.vwfbkedl.qbbwqug_preferences.xml] [MODE][MODE_PRIVATE]
D/S4URC   ( 2512): [SDK] [javax.crypto.spec.PBEKeySpec][Constructor] [Password][com.vwfbkedl.qbbwqug] [Salt][unknown]
D/S4URC   ( 2512): [SDK] [android.content.ContextWrapper][getSharedPreferences] [File][com.vwfbkedl.qbbwqug_preferences.xml] [MODE][MODE_PRIVATE] [Method][getString] [String][camvZQnFOxiOESsMZSRrkOowEHIQ8+CJIGyTV0M2YOQ=] [Return][45aLhWtmWcXqkCveuya9qA==:fobP2qXfniylZve6KLgRVe0F5WNQnVjJlKDiyFaqDBg=]
D/S4URC   ( 2512): [SDK] [android.content.ContextWrapper][getSharedPreferences] [File][com.vwfbkedl.qbbwqug_preferences.xml] [MODE][MODE_PRIVATE] [Method][getString] [String][8v+DhgpNwgOYjtGiK6HyEjfwSr29DEyVEQPPvtEh3ng=] [Return][Ien6gai1Dv+8HP3LwTUjTg==:XuXDi6uTFw7j9oXhlwN71NUfGSrIBKLt6jLblBGTrVY=:A3OE4Aoam9eslqis491RMA==]
D/S4URC   ( 2512): [SDK] [javax.crypto.spec.SecretKeySpec][Constructor] [KEY][fobP2qXfniylZve6KLgRVe0F5WNQnVjJlKDiyFaqDBg=][type][HmacSHA256][javax.crypto.Cipher][getInstance] [Cipher][AES/CBC/PKCS5Padding] [javax.crypto.spec.IvParameterSpec][Constructor] [IV][Ien6gai1Dv+8HP3LwTUjTg==] [javax.crypto.Cipher][doFinal] [Data][A3OE4Aoam9eslqis491RMA==] [Return][mobproxy7.com]
D/S4URC   ( 2512): [SDK] [java.io.File] [getPath] [FilePath][String] [/data/data/com.vwfbkedl.qbbwqug/shared_prefs/com.vwfbkedl.qbbwqug_preferences.xml]
D/S4URC   ( 2512): [SDK] [android.content.ContextWrapper][getSharedPreferences] [File][com.vwfbkedl.qbbwqug_preferences.xml] [MODE][MODE_PRIVATE]
D/S4URC   ( 2512): [SDK] [javax.crypto.spec.PBEKeySpec][Constructor] [Password][com.vwfbkedl.qbbwqug] [Salt][unknown]
D/S4URC   ( 2512): [SDK] [android.content.ContextWrapper][getSharedPreferences] [File][com.vwfbkedl.qbbwqug_preferences.xml] [MODE][MODE_PRIVATE] [Method][getString] [String][camvZQnFOxiOESsMZSRrkOowEHIQ8+CJIGyTV0M2YOQ=] [Return][45aLhWtmWcXqkCveuya9qA==:fobP2qXfniylZve6KLgRVe0F5WNQnVjJlKDiyFaqDBg=]
D/S4URC   ( 2512): [SDK] [javax.crypto.spec.SecretKeySpec][Constructor] [KEY][fobP2qXfniylZve6KLgRVe0F5WNQnVjJlKDiyFaqDBg=][type][HmacSHA256][javax.crypto.Cipher][getInstance] [Cipher][AES/CBC/PKCS5Padding] [javax.crypto.spec.IvParameterSpec][Constructor] [IV][Nab6FvKsw02VCMjW+ubJQA==] [javax.crypto.Cipher][doFinal] [Data][mobproxy7.com] [Return][bmxBiojg8N2sDKc9LY0/dg==]
D/S4URC   ( 2512): [SDK] [android.content.ContextWrapper][getSharedPreferences] [File][com.vwfbkedl.qbbwqug_preferences.xml] [MODE][MODE_PRIVATE] [Method][putString] [Key][8v+DhgpNwgOYjtGiK6HyEjfwSr29DEyVEQPPvtEh3ng=] [Value][Nab6FvKsw02VCMjW+ubJQA==:lTEXqbCUOnpynuVn7aaSKJ1NA/hjNBbsqOyPTIJ2f3A=:bmxBiojg8N2sDKc9LY0/dg==]
D/S4URC   ( 2512): [SDK] [java.io.File] [getPath] [FilePath][String] [/data/data/com.vwfbkedl.qbbwqug/shared_prefs/com.vwfbkedl.qbbwqug_preferences.xml]
D/S4URC   ( 2512): [SDK] [android.content.ContextWrapper][getSharedPreferences] [File][com.vwfbkedl.qbbwqug_preferences.xml] [MODE][MODE_PRIVATE]
D/S4URC   ( 2512): [SDK] [javax.crypto.spec.PBEKeySpec][Constructor] [Password][com.vwfbkedl.qbbwqug] [Salt][unknown]
D/S4URC   ( 2512): [SDK] [java.io.File] [exists] [FilePath][String] [/data/data/com.vwfbkedl.qbbwqug/shared_prefs/com.vwfbkedl.qbbwqug_preferences.xml]
D/S4URC   ( 2512): [SDK] [java.io.File] [exists] [FilePath][String] [/data/data/com.vwfbkedl.qbbwqug/shared_prefs/com.vwfbkedl.qbbwqug_preferences.xml.bak]
D/S4URC   ( 2512): [SDK] [java.io.File] [renameTo] [FilePath][String] [/data/data/com.vwfbkedl.qbbwqug/shared_prefs/com.vwfbkedl.qbbwqug_preferences.xml] [DesFile][/data/data/com.vwfbkedl.qbbwqug/shared_prefs/com.vwfbkedl.qbbwqug_preferences.xml.bak]
D/S4URC   ( 2512): [SDK] [java.io.File] [getPath] [FilePath][String] [/data/data/com.vwfbkedl.qbbwqug/shared_prefs/com.vwfbkedl.qbbwqug_preferences.xml]
D/S4URC   ( 2512): [SDK] [java.io.File] [delete] [FilePath][String] [/data/data/com.vwfbkedl.qbbwqug/shared_prefs/com.vwfbkedl.qbbwqug_preferences.xml.bak]
D/S4URC   ( 2512): [SDK] [android.content.ContextWrapper][getSharedPreferences] [File][com.vwfbkedl.qbbwqug_preferences.xml] [MODE][MODE_PRIVATE] [Method][commit]
D/S4URC   ( 2512):  [Method][getString] [String][camvZQnFOxiOESsMZSRrkOowEHIQ8+CJIGyTV0M2YOQ=] [Return][45aLhWtmWcXqkCveuya9qA==:fobP2qXfniylZve6KLgRVe0F5WNQnVjJlKDiyFaqDBg=]
D/S4URC   ( 2512):  [Method][getString] [String][8v+DhgpNwgOYjtGiK6HyEjfwSr29DEyVEQPPvtEh3ng=] [Return][Nab6FvKsw02VCMjW+ubJQA==:lTEXqbCUOnpynuVn7aaSKJ1NA/hjNBbsqOyPTIJ2f3A=:bmxBiojg8N2sDKc9LY0/dg==]
D/S4URC   ( 2512): [SDK] [javax.crypto.spec.SecretKeySpec][Constructor] [KEY][fobP2qXfniylZve6KLgRVe0F5WNQnVjJlKDiyFaqDBg=][type][HmacSHA256][javax.crypto.Cipher][getInstance] [Cipher][AES/CBC/PKCS5Padding] [javax.crypto.spec.IvParameterSpec][Constructor] [IV][Nab6FvKsw02VCMjW+ubJQA==] [javax.crypto.Cipher][doFinal] [Data][bmxBiojg8N2sDKc9LY0/dg==] [Return][mobproxy7.com]
D/S4URC   ( 2512): [SDK] [java.io.File] [getPath] [FilePath][String] [/data/data/com.vwfbkedl.qbbwqug/shared_prefs/com.vwfbkedl.qbbwqug_preferences.xml]
D/S4URC   ( 2512): [SDK] [android.content.ContextWrapper][getSharedPreferences] [File][com.vwfbkedl.qbbwqug_preferences.xml] [MODE][MODE_PRIVATE]
D/S4URC   ( 2512): [SDK] [javax.crypto.spec.PBEKeySpec][Constructor] [Password][com.vwfbkedl.qbbwqug] [Salt][unknown]
D/S4URC   ( 2512): [SDK] [android.content.ContextWrapper][getSharedPreferences] [File][com.vwfbkedl.qbbwqug_preferences.xml] [MODE][MODE_PRIVATE] [Method][getString] [String][camvZQnFOxiOESsMZSRrkOowEHIQ8+CJIGyTV0M2YOQ=] [Return][45aLhWtmWcXqkCveuya9qA==:fobP2qXfniylZve6KLgRVe0F5WNQnVjJlKDiyFaqDBg=]
D/S4URC   ( 2512): [SDK] [android.content.ContextWrapper][getSharedPreferences] [File][com.vwfbkedl.qbbwqug_preferences.xml] [MODE][MODE_PRIVATE] [Method][getString] [String][KTG81sSjZqvKo7LXRs0+R1OcEkazrNv6w297XBpYnVs=] [Return][l0QON05hOoKyAewwAjUK8w==:TuoNFw24eBtcdm/5wYqt57SmoexOc14aaxEDkzbx4SE=:SQI9XIyMrPA/HbHRQJveBw==]
D/S4URC   ( 2512): [SDK] [javax.crypto.spec.SecretKeySpec][Constructor] [KEY][fobP2qXfniylZve6KLgRVe0F5WNQnVjJlKDiyFaqDBg=][type][HmacSHA256][javax.crypto.Cipher][getInstance] [Cipher][AES/CBC/PKCS5Padding] [javax.crypto.spec.IvParameterSpec][Constructor] [IV][l0QON05hOoKyAewwAjUK8w==] [javax.crypto.Cipher][doFinal] [Data][SQI9XIyMrPA/HbHRQJveBw==] [Return][0]
