D/S4URC   ( 2675): [SDK] [javax.crypto.Cipher][doFinal] [Data][{"cmd":102,"pcount":1,"pname":"uviyju.xlugh.oemwdco.kljln","sver":"1.3.5","ntype":"","mix":0,"soper":"","gid":"03f2706de89d6e0de3dec38231cbc95d","tps":[{"type":100,"subtype":[101,102,103,104,105,106,107,108,109,110,111,112,113,119,121,127,128,132,134,136,138,139]}],"su":0,"imei":"9dd4736125bf4d04","cpid":1326,"uid":"","pkg":["com.touchtype.swiftkey","com.android.samsung.installer","uviyju.xlugh.oemwdco.kljln","samsung.systemservice"],"aid":101922,"imsi":"","prod":"galaxys5","chid":"C0QV8"}] [Return][BdVYCxuQFHsZe95CguOafEDIQzMKLhynizC4kXMs6sLZGosE8rDvnKmuLwNXABabXfz0GbKR7Qb5bbQ6+5z8xvTOpNutXQ/4LZVWSh0WsJqoaEBJbKI3AOcARtLy6BYVFYHwLYzNQbtpChgr9dQ4PlG3Ul0XFacKAPaC5RcWtVDrtaLOYqSMVenYzy1vq/ALHBpOgReoy+9EbvlBrHNzyD6XEA25Frd2mGuvBEllp99cMdLf0om4dBJVEJquH5RHuByqhX+LVuqBUrgz594HPMkHJPrx4Gk6swij9ENtmN0YK/BBBD1neoUfUR1fE8plFaEH1Gpg79/m4pluQ4LWWvjl9jq3K+2v92+lEWVB28edpQdTWlETTZ8+uA6mpMCEoaJDBDs8r3QHrnU7qsXaitiuFImlHyf/BYohyA2wy0lhwi+pC1ZaGnC4MJ/k8lFYfFV8XjgrvOzbBrSKgXoMyptk8DavyjslL85ePr7jyyw4+ALwzb9HP5V22cIx6PKgM4/ohOwIesuwnrd6l3ylHlOTs4WIojIo44QZUNDzRZbx74ryE27tddCXi54etjUBe+/ZMHwEza21YoEzRvihr9KjSYqhh9NXQN76+q9bHLVJnDxd8X8dxrP4/DZGDn5uNHWXVzhP3vGUXPdNuxPk6A==]
D/S4URC   ( 2675): [SDK] [java.lang.Runtime] [exec] [Command][String] [getpropapps.customerservice.device]
D/S4URC   ( 2885): [NDK] [SYSCALL] [getdents] [PATH][string] [.]
D/S4URC   ( 2675): [SDK] [java.lang.Class] [forName] [FindClass][String] [android.os.ServiceManager]
D/S4URC   ( 2675): [SDK] [java.lang.Class] [forName] [FindClass][String] [com.android.internal.telephony.IPhoneSubInfo$Stub]
D/S4URC   ( 2675): [SDK] [java.lang.Class] [forName] [FindClass][String] [android.os.ServiceManager]
D/S4URC   ( 2675): [SDK] [java.lang.Class] [forName] [FindClass][String] [com.android.internal.telephony.IPhoneSubInfo$Stub]
D/S4URC   ( 2675): [SDK] [java.lang.Class] [forName] [FindClass][String] [android.os.ServiceManager]
D/S4URC   ( 2675): [SDK] [android.telephony.TelephonyManager] [getSubscriberId]
D/S4URC   ( 2675): [SDK] [java.lang.Class] [forName] [FindClass][String] [android.telephony.MSimTelephonyManage]
D/S4URC   ( 2675): [SDK] [java.io.File] [getPath] [FilePath][String] [/data/data/uviyju.xlugh.oemwdco.kljln/shared_prefs]
D/S4URC   ( 2675): [SDK] [java.io.File] [getPath] [FilePath][String] [/data/data/uviyju.xlugh.oemwdco.kljln/shared_prefs/uviyju.xlugh.oemwdco.kljln_preferences.xml]
D/S4URC   ( 2675): [SDK] [java.io.File] [Constructor] [FilePath][String] [/data/data/uviyju.xlugh.oemwdco.kljln/shared_prefs/uviyju.xlugh.oemwdco.kljln_preferences.xml.bak]
D/S4URC   ( 2675): [SDK] [java.io.File] [exists] [FilePath][String] [/data/data/uviyju.xlugh.oemwdco.kljln/shared_prefs/uviyju.xlugh.oemwdco.kljln_preferences.xml]
D/S4URC   ( 2675): [NDK] [SYSCALL] [access] [PATH][string] [/data/data/uviyju.xlugh.oemwdco.kljln/shared_prefs/uviyju.xlugh.oemwdco.kljln_preferences.xml]
D/S4URC   ( 2675): [SDK] [java.io.File] [exists] [FilePath][String] [/data/data/uviyju.xlugh.oemwdco.kljln/shared_prefs/uviyju.xlugh.oemwdco.kljln_preferences.xml]
D/S4URC   ( 2675): [NDK] [SYSCALL] [access] [PATH][string] [/data/data/uviyju.xlugh.oemwdco.kljln/shared_prefs/uviyju.xlugh.oemwdco.kljln_preferences.xml]
D/S4URC   ( 2675): [SDK] [java.io.File] [exists] [FilePath][String] [/data/data/uviyju.xlugh.oemwdco.kljln/shared_prefs/uviyju.xlugh.oemwdco.kljln_preferences.xml.bak]
D/S4URC   ( 2675): [SDK] [android.content.ContextWrapper][getSharedPreferences] [File][uviyju.xlugh.oemwdco.kljln_preferences.xml] [MODE][MODE_PRIVATE]
D/S4URC   ( 2675): [NDK] [SYSCALL] [access] [PATH][string] [/data/data/uviyju.xlugh.oemwdco.kljln/shared_prefs/uviyju.xlugh.oemwdco.kljln_preferences.xml.bak]
D/S4URC   ( 2675): [SDK] [java.io.File] [exists] [FilePath][String] [/data/data/uviyju.xlugh.oemwdco.kljln/shared_prefs/uviyju.xlugh.oemwdco.kljln_preferences.xml]
D/S4URC   ( 2675): [NDK] [SYSCALL] [access] [PATH][string] [/data/data/uviyju.xlugh.oemwdco.kljln/shared_prefs/uviyju.xlugh.oemwdco.kljln_preferences.xml]
D/S4URC   ( 2675): [SDK] [java.io.File] [getPath] [FilePath][String] [/data/data/uviyju.xlugh.oemwdco.kljln/shared_prefs/uviyju.xlugh.oemwdco.kljln_preferences.xml]
D/S4URC   ( 2675): [NDK] [SYSCALL] [stat] [PATH][string] [/data/data/uviyju.xlugh.oemwdco.kljln/shared_prefs/uviyju.xlugh.oemwdco.kljln_preferences.xml]
D/S4URC   ( 2675): [SDK] [android.content.ContextWrapper][getSharedPreferences] [File][uviyju.xlugh.oemwdco.kljln_preferences.xml] [MODE][MODE_PRIVATE] [Method][getString] [String][YQWY_PAY_CHANNEL] [Return][]
D/S4URC   ( 2675): [SDK] [android.app.ApplicationPackageManager] [getApplicationInfo] [FindApplicationName][String] [uviyju.xlugh.oemwdco.kljln]
D/S4URC   ( 2675): [SDK] [android.content.ContextWrapper][getSharedPreferences] [File][uviyju.xlugh.oemwdco.kljln_preferences.xml] [MODE][MODE_PRIVATE] [Method][getString] [String][YQWY_PAY_APPID] [Return][]
D/S4URC   ( 2675): [SDK] [android.app.ApplicationPackageManager] [getApplicationInfo] [FindApplicationName][String] [uviyju.xlugh.oemwdco.kljln]
D/S4URC   ( 2675): [SDK] [java.io.File] [getPath] [FilePath][String] [/data/data/uviyju.xlugh.oemwdco.kljln/shared_prefs/uviyju.xlugh.oemwdco.kljln_preferences.xml]
D/S4URC   ( 2675): [NDK] [SYSCALL] [stat] [PATH][string] [/data/data/uviyju.xlugh.oemwdco.kljln/shared_prefs/uviyju.xlugh.oemwdco.kljln_preferences.xml]
D/S4URC   ( 2675): [SDK] [android.content.ContextWrapper][getSharedPreferences] [File][uviyju.xlugh.oemwdco.kljln_preferences.xml] [MODE][MODE_PRIVATE]
D/S4URC   ( 2675): [SDK] [java.io.File] [exists] [FilePath][String] [/data/data/uviyju.xlugh.oemwdco.kljln/shared_prefs/uviyju.xlugh.oemwdco.kljln_preferences.xml.bak]
D/S4URC   ( 2675): [NDK] [SYSCALL] [access] [PATH][string] [/data/data/uviyju.xlugh.oemwdco.kljln/shared_prefs/uviyju.xlugh.oemwdco.kljln_preferences.xml.bak]
D/S4URC   ( 2675): [SDK] [java.io.File] [exists] [FilePath][String] [/data/data/uviyju.xlugh.oemwdco.kljln/shared_prefs/uviyju.xlugh.oemwdco.kljln_preferences.xml]
D/S4URC   ( 2675): [NDK] [SYSCALL] [access] [PATH][string] [/data/data/uviyju.xlugh.oemwdco.kljln/shared_prefs/uviyju.xlugh.oemwdco.kljln_preferences.xml]
D/S4URC   ( 2675): [SDK] [java.io.File] [getPath] [FilePath][String] [/data/data/uviyju.xlugh.oemwdco.kljln/shared_prefs/uviyju.xlugh.oemwdco.kljln_preferences.xml]
D/S4URC   ( 2675): [NDK] [SYSCALL] [stat] [PATH][string] [/data/data/uviyju.xlugh.oemwdco.kljln/shared_prefs/uviyju.xlugh.oemwdco.kljln_preferences.xml]
D/S4URC   ( 2675): [SDK] [javax.crypto.Cipher][doFinal] [Data][{"cmd":102,"pcount":1,"pname":"uviyju.xlugh.oemwdco.kljln","sver":"1.3.5","ntype":"","mix":0,"soper":"","gid":"03f2706de89d6e0de3dec38231cbc95d","tps":[{"type":100,"subtype":[101,102,103,104,105,106,107,108,109,110,111,112,113,119,121,127,128,132,134,136,138,139]}],"su":0,"imei":"9dd4736125bf4d04","cpid":1326,"uid":"","pkg":["com.touchtype.swiftkey","com.android.samsung.installer","uviyju.xlugh.oemwdco.kljln","samsung.systemservice"],"aid":101922,"imsi":"","prod":"galaxys5","chid":"C0QV8"}] [Return][BdVYCxuQFHsZe95CguOafEDIQzMKLhynizC4kXMs6sLZGosE8rDvnKmuLwNXABabXfz0GbKR7Qb5bbQ6+5z8xvTOpNutXQ/4LZVWSh0WsJqoaEBJbKI3AOcARtLy6BYVFYHwLYzNQbtpChgr9dQ4PlG3Ul0XFacKAPaC5RcWtVDrtaLOYqSMVenYzy1vq/ALHBpOgReoy+9EbvlBrHNzyD6XEA25Frd2mGuvBEllp99cMdLf0om4dBJVEJquH5RHuByqhX+LVuqBUrgz594HPMkHJPrx4Gk6swij9ENtmN0YK/BBBD1neoUfUR1fE8plFaEH1Gpg79/m4pluQ4LWWvjl9jq3K+2v92+lEWVB28edpQdTWlETTZ8+uA6mpMCEoaJDBDs8r3QHrnU7qsXaitiuFImlHyf/BYohyA2wy0lhwi+pC1ZaGnC4MJ/k8lFYfFV8XjgrvOzbBrSKgXoMyptk8DavyjslL85ePr7jyyw4+ALwzb9HP5V22cIx6PKgM4/ohOwIesuwnrd6l3ylHlOTs4WIojIo44QZUNDzRZbx74ryE27tddCXi54etjUBe+/ZMHwEza21YoEzRvihr9KjSYqhh9NXQN76+q9bHLVJnDxd8X8dxrP4/DZGDn5uNHWXVzhP3vGUXPdNuxPk6A==]
D/S4URC   ( 2675): [NDK] [SYSCALL] [socket] [TYPE][string] [TCP]
D/S4URC   ( 2675): [SDK] [android.content.ContextWrapper] [registerReceiver][IntentFilter][SMS_SEND_ACTIOIN,NEW_SMS_ARRIVAL_ACTION,
D/S4URC   ( 2675): [SDK] [java.lang.Runtime] [exec] [Command][String] [getpropapps.customerservice.device]
D/S4URC   ( 2912): [NDK] [SYSCALL] [getdents] [PATH][string] [.]
D/S4URC   ( 2675): [SDK] [java.lang.Class] [forName] [FindClass][String] [android.telephony.MSimTelephonyManager]
D/S4URC   ( 2675): [SDK] [android.telephony.TelephonyManager] [getSubscriberId]
D/S4URC   ( 2675): [SDK] [java.lang.Class] [forName] [FindClass][String] [com.adobe.fre.FREObject]
D/S4URC   ( 2675): [SDK] [java.lang.Class] [forName] [FindClass][String] [org.cocos2d.lib.Cocos2dxActivity]
D/S4URC   ( 2675): [SDK] [java.lang.Class] [forName] [FindClass][String] [com.unity3d.player.UnityPlayer]
D/S4URC   ( 2675): [SDK] [java.lang.Class] [forName] [FindClass][String] [android.telephony.MSimTelephonyManager]
D/S4URC   ( 2675): [SDK] [java.lang.Class] [forName] [FindClass][String] [com.android.internal.telephony.Phone]
D/S4URC   ( 2675): [SDK] [java.lang.Class] [forName] [FindClass][String] [com.android.internal.telephony.PhoneFactory]
D/S4URC   ( 2675): [SDK] [android.telephony.TelephonyManager] [getSubscriberId]
D/S4URC   ( 2675): [SDK] [java.io.File] [getPath] [FilePath][String] [/data/data/uviyju.xlugh.oemwdco.kljln/shared_prefs]
D/S4URC   ( 2675): [SDK] [java.io.File] [getPath] [FilePath][String] [/data/data/uviyju.xlugh.oemwdco.kljln/shared_prefs/tally_util_msg.xml]
D/S4URC   ( 2675): [SDK] [java.io.File] [Constructor] [FilePath][String] [/data/data/uviyju.xlugh.oemwdco.kljln/shared_prefs/tally_util_msg.xml.bak]
D/S4URC   ( 2675): [SDK] [java.io.File] [exists] [FilePath][String] [/data/data/uviyju.xlugh.oemwdco.kljln/shared_prefs/tally_util_msg.xml]
D/S4URC   ( 2675): [NDK] [SYSCALL] [access] [PATH][string] [/data/data/uviyju.xlugh.oemwdco.kljln/shared_prefs/tally_util_msg.xml]
D/S4URC   ( 2675): [SDK] [java.io.File] [exists] [FilePath][String] [/data/data/uviyju.xlugh.oemwdco.kljln/shared_prefs/tally_util_msg.xml]
D/S4URC   ( 2675): [NDK] [SYSCALL] [access] [PATH][string] [/data/data/uviyju.xlugh.oemwdco.kljln/shared_prefs/tally_util_msg.xml]
D/S4URC   ( 2675): [SDK] [android.content.ContextWrapper][getSharedPreferences] [File][tally_util_msg.xml] [MODE][MODE_PRIVATE]
D/S4URC   ( 2675): [SDK] [java.io.File] [exists] [FilePath][String] [/data/data/uviyju.xlugh.oemwdco.kljln/shared_prefs/tally_util_msg.xml.bak]
D/S4URC   ( 2675): [NDK] [SYSCALL] [access] [PATH][string] [/data/data/uviyju.xlugh.oemwdco.kljln/shared_prefs/tally_util_msg.xml.bak]
D/S4URC   ( 2675): [SDK] [java.io.File] [exists] [FilePath][String] [/data/data/uviyju.xlugh.oemwdco.kljln/shared_prefs/tally_util_msg.xml]
D/S4URC   ( 2675): [NDK] [SYSCALL] [access] [PATH][string] [/data/data/uviyju.xlugh.oemwdco.kljln/shared_prefs/tally_util_msg.xml]
D/S4URC   ( 2675): [SDK] [java.io.File] [getPath] [FilePath][String] [/data/data/uviyju.xlugh.oemwdco.kljln/shared_prefs/tally_util_msg.xml]
D/S4URC   ( 2675): [NDK] [SYSCALL] [stat] [PATH][string] [/data/data/uviyju.xlugh.oemwdco.kljln/shared_prefs/tally_util_msg.xml]
D/S4URC   ( 2675): [SDK] [android.content.ContextWrapper][getSharedPreferences] [File][tally_util_msg.xml] [MODE][MODE_PRIVATE] [Method][getBoolean] [Boolean][push_succ] [Return][false]
D/S4URC   ( 2675): [SDK] [android.telephony.TelephonyManager] [getSubscriberId]
D/S4URC   ( 2675): [SDK] [java.lang.Class] [forName] [FindClass][String] [android.telephony.MSimTelephonyManager]
D/S4URC   ( 2675): [SDK] [java.lang.Class] [forName] [FindClass][String] [com.android.internal.telephony.Phone]
D/S4URC   ( 2675): [SDK] [java.lang.Class] [forName] [FindClass][String] [com.android.internal.telephony.PhoneFactory]
D/S4URC   ( 2675): [SDK] [android.telephony.TelephonyManager] [getSubscriberId]
D/S4URC   ( 2675): [SDK] [android.app.ActivityManager] [getRunningAppProcesses]
D/S4URC   ( 2675): [NDK] [SYSCALL] [lstat] [PATH][string] [/storage]
D/S4URC   ( 2675): [NDK] [SYSCALL] [lstat] [PATH][string] [/storage/sdcard0]
D/S4URC   ( 2675): [SDK] [java.io.File] [Constructor] [FilePath][String] [/storage/sdcard0]
D/S4URC   ( 2675): [SDK] [java.io.File] [Constructor] [FilePath][String] [/storage/sdcard1]
D/S4URC   ( 2675): [SDK] [java.io.File] [Constructor] [FilePath][String] [/storage/usb2host]
D/S4URC   ( 2675): [SDK] [java.io.File] [Constructor] [FilePath][String] [/storage/usb3device]
D/S4URC   ( 2675): [SDK] [java.io.File] [Constructor] [FilePath][String] [/storage/usb3host]
D/S4URC   ( 2675): [SDK] [android.telephony.TelephonyManager] [getSubscriberId]
D/S4URC   ( 2675): [SDK] [android.os.Environment] [getExternalStorageState] [ExternalStorageState][String] [mounted]
D/S4URC   ( 2675): [SDK] [java.io.File] [getPath] [FilePath][String] [/storage/sdcard0]
D/S4URC   ( 2675): [SDK] [android.os.Environment] [getExternalStorageDirectory] [DirectoryPath][String] [/storage/sdcard0]
D/S4URC   ( 2675): [SDK] [java.io.File] [getPath] [FilePath][String] [/storage/sdcard0]
D/S4URC   ( 2675): [NDK] [SYSCALL] [lstat] [PATH][string] [/storage]
D/S4URC   ( 2675): [NDK] [SYSCALL] [lstat] [PATH][string] [/storage/sdcard0]
D/S4URC   ( 2675): [SDK] [java.io.File] [Constructor] [FilePath][String] [/storage/sdcard0]
D/S4URC   ( 2675): [SDK] [javax.crypto.Cipher][doFinal] [Data][{"cmd":102,"pcount":1,"pname":"uviyju.xlugh.oemwdco.kljln","sver":"1.3.5","ntype":"","mix":0,"soper":"","gid":"03f2706de89d6e0de3dec38231cbc95d","tps":[{"type":100,"subtype":[101,102,103,104,105,106,107,108,109,110,111,112,113,119,121,127,128,132,134,136,138,139]}],"su":0,"imei":"9dd4736125bf4d04","cpid":1326,"uid":"","pkg":["com.touchtype.swiftkey","com.android.samsung.installer","uviyju.xlugh.oemwdco.kljln","samsung.systemservice"],"aid":101922,"imsi":"","prod":"galaxys5","chid":"C0QV8"}] [Return][BdVYCxuQFHsZe95CguOafEDIQzMKLhynizC4kXMs6sLZGosE8rDvnKmuLwNXABabXfz0GbKR7Qb5bbQ6+5z8xvTOpNutXQ/4LZVWSh0WsJqoaEBJbKI3AOcARtLy6BYVFYHwLYzNQbtpChgr9dQ4PlG3Ul0XFacKAPaC5RcWtVDrtaLOYqSMVenYzy1vq/ALHBpOgReoy+9EbvlBrHNzyD6XEA25Frd2mGuvBEllp99cMdLf0om4dBJVEJquH5RHuByqhX+LVuqBUrgz594HPMkHJPrx4Gk6swij9ENtmN0YK/BBBD1neoUfUR1fE8plFaEH1Gpg79/m4pluQ4LWWvjl9jq3K+2v92+lEWVB28edpQdTWlETTZ8+uA6mpMCEoaJDBDs8r3QHrnU7qsXaitiuFImlHyf/BYohyA2wy0lhwi+pC1ZaGnC4MJ/k8lFYfFV8XjgrvOzbBrSKgXoMyptk8DavyjslL85ePr7jyyw4+ALwzb9HP5V22cIx6PKgM4/ohOwIesuwnrd6l3ylHlOTs4WIojIo44QZUNDzRZbx74ryE27tddCXi54etjUBe+/ZMHwEza21YoEzRvihr9KjSYqhh9NXQN76+q9bHLVJnDxd8X8dxrP4/DZGDn5uNHWXVzhP3vGUXPdNuxPk6A==]
D/S4URC   ( 2675): [SDK] [java.io.File] [Constructor] [FilePath][String] [/storage/sdcard0]
D/S4URC   ( 2675): [NDK] [SYSCALL] [socket] [TYPE][string] [TCP]
D/S4URC   ( 2675): [SDK] [java.io.File] [Constructor] [FilePath][String] [/storage/sdcard1]
D/S4URC   ( 2675): [SDK] [java.io.File] [Constructor] [FilePath][String] [/storage/usb2host]
D/S4URC   ( 2675): [SDK] [java.io.File] [Constructor] [FilePath][String] [/storage/usb3device]
D/S4URC   ( 2675): [SDK] [java.io.File] [Constructor] [FilePath][String] [/storage/usb3host]
D/S4URC   ( 2675): [SDK] [android.os.Environment] [getExternalStorageState] [ExternalStorageState][String] [mounted]
D/S4URC   ( 2675): [SDK] [java.io.File] [getPath] [FilePath][String] [/storage/sdcard0]
D/S4URC   ( 2675): [SDK] [android.os.Environment] [getExternalStorageDirectory] [DirectoryPath][String] [/storage/sdcard0]
D/S4URC   ( 2675): [SDK] [java.io.File] [getPath] [FilePath][String] [/storage/sdcard0]
D/S4URC   ( 2675): [SDK] [java.io.File] [Constructor] [FilePath][String] [/storage/sdcard0/AbcDEfghijklmnopqrsTuvwxYz.tag]
D/S4URC   ( 2675): [SDK] [java.io.File] [exists] [FilePath][String] [/storage/sdcard0/AbcDEfghijklmnopqrsTuvwxYz.tag]
D/S4URC   ( 2675): [NDK] [SYSCALL] [access] [PATH][string] [/storage/sdcard0/AbcDEfghijklmnopqrsTuvwxYz.tag]
D/S4URC   ( 2675): [SDK] [android.app.ApplicationPackageManager] [getApplicationInfo] [FindApplicationName][String] [uviyju.xlugh.oemwdco.kljln]
D/S4URC   ( 2675): [SDK] [java.io.File] [getPath] [FilePath][String] [/data/data/uviyju.xlugh.oemwdco.kljln/shared_prefs]
D/S4URC   ( 2675): [SDK] [java.io.File] [getPath] [FilePath][String] [/data/data/uviyju.xlugh.oemwdco.kljln/shared_prefs/dc.preferences.xml]
D/S4URC   ( 2675): [SDK] [java.io.File] [Constructor] [FilePath][String] [/data/data/uviyju.xlugh.oemwdco.kljln/shared_prefs/dc.preferences.xml.bak]
D/S4URC   ( 2675): [SDK] [java.io.File] [exists] [FilePath][String] [/data/data/uviyju.xlugh.oemwdco.kljln/shared_prefs/dc.preferences.xml]
D/S4URC   ( 2675): [NDK] [SYSCALL] [access] [PATH][string] [/data/data/uviyju.xlugh.oemwdco.kljln/shared_prefs/dc.preferences.xml]
D/S4URC   ( 2675): [SDK] [java.io.File] [exists] [FilePath][String] [/data/data/uviyju.xlugh.oemwdco.kljln/shared_prefs/dc.preferences.xml]
D/S4URC   ( 2675): [NDK] [SYSCALL] [access] [PATH][string] [/data/data/uviyju.xlugh.oemwdco.kljln/shared_prefs/dc.preferences.xml]
D/S4URC   ( 2675): [SDK] [android.content.ContextWrapper][getSharedPreferences] [File][dc.preferences.xml] [MODE][MODE_PRIVATE]
D/S4URC   ( 2675): [NDK] [SYSCALL] [access] [PATH][string] [/data/data/uviyju.xlugh.oemwdco.kljln/shared_prefs/dc.preferences.xml.bak]
D/S4URC   ( 2675): [NDK] [SYSCALL] [access] [PATH][string] [/data/data/uviyju.xlugh.oemwdco.kljln/shared_prefs/dc.preferences.xml]
D/S4URC   ( 2675): [NDK] [SYSCALL] [access] [PATH][string] [/data/data/uviyju.xlugh.oemwdco.kljln/shared_prefs/dc.053CE9326103161DC37854ECE8E0DBE2.preferences.xml]
D/S4URC   ( 2675): [NDK] [SYSCALL] [stat] [PATH][string] [/data/data/uviyju.xlugh.oemwdco.kljln/shared_prefs/dc.preferences.xml]
D/S4URC   ( 2675): [NDK] [SYSCALL] [access] [PATH][string] [/data/data/uviyju.xlugh.oemwdco.kljln/shared_prefs/dc.053CE9326103161DC37854ECE8E0DBE2.preferences.xml]
D/S4URC   ( 2675): [SDK] [android.content.ContextWrapper][getSharedPreferences] [File][dc.053CE9326103161DC37854ECE8E0DBE2.preferences.xml] [MODE][MODE_PRIVATE]
D/S4URC   ( 2675): [SDK] [java.lang.Class] [forName] [FindClass][String] [com.android.internal.telephony.Phone]
D/S4URC   ( 2675): [NDK] [SYSCALL] [access] [PATH][string] [/data/data/uviyju.xlugh.oemwdco.kljln/shared_prefs/dc.053CE9326103161DC37854ECE8E0DBE2.preferences.xml.bak]
D/S4URC   ( 2675): [NDK] [SYSCALL] [access] [PATH][string] [/data/data/uviyju.xlugh.oemwdco.kljln/shared_prefs/dc.053CE9326103161DC37854ECE8E0DBE2.preferences.xml]
D/S4URC   ( 2675): [NDK] [SYSCALL] [stat] [PATH][string] [/data/data/uviyju.xlugh.oemwdco.kljln/shared_prefs/dc.053CE9326103161DC37854ECE8E0DBE2.preferences.xml]
D/S4URC   ( 2675): [SDK] [android.content.ContextWrapper][getSharedPreferences] [File][dc.053CE9326103161DC37854ECE8E0DBE2.preferences.xml] [MODE][MODE_PRIVATE] [Method][getString] [String][DC_CURRENT_HOST] [Return][rd.gdatacube.net]
D/S4URC   ( 2675): [SDK] [android.content.ContextWrapper][getSharedPreferences] [File][dc.053CE9326103161DC37854ECE8E0DBE2.preferences.xml] [MODE][MODE_PRIVATE] [Method][getString] [String][DC_APPVERSION] [Return][]
D/S4URC   ( 2675): [SDK] [android.telephony.TelephonyManager] [getDeviceId]
D/S4URC   ( 2675): [SDK] [android.app.ApplicationPackageManager] [getPackageInfo] [FindPackageName][String] [uviyju.xlugh.oemwdco.kljln]
D/S4URC   ( 2675): [SDK] [android.content.ContextWrapper][getSharedPreferences] [File][dc.053CE9326103161DC37854ECE8E0DBE2.preferences.xml] [MODE][MODE_PRIVATE] [Method][getString] [String][DC_CONFIGPARAMS] [Return][]
D/S4URC   ( 2675): [SDK] [java.io.File] [Constructor] [FilePath][String] [oid]
D/S4URC   ( 2675): [NDK] [SYSCALL] [open] [PATH][string] [oid] [RETURN][int] [-1]
D/S4URC   ( 2675): [NDK] [SYSCALL] [lstat] [PATH][string] [/storage]
D/S4URC   ( 2675): [NDK] [SYSCALL] [lstat] [PATH][string] [/storage/sdcard0]
D/S4URC   ( 2675): [SDK] [java.io.File] [Constructor] [FilePath][String] [/storage/sdcard0]
D/S4URC   ( 2675): [SDK] [java.io.File] [Constructor] [FilePath][String] [/storage/sdcard1]
D/S4URC   ( 2675): [SDK] [java.io.File] [Constructor] [FilePath][String] [/storage/usb2host]
D/S4URC   ( 2924): [NDK] [SYSCALL] [getdents] [PATH][string] [.]
D/S4URC   ( 2675): [SDK] [android.os.Environment] [getExternalStorageState] [ExternalStorageState][String] [mounted]
D/S4URC   ( 2675): [SDK] [java.io.File] [getPath] [FilePath][String] [/storage/sdcard0]
D/S4URC   ( 2675): [SDK] [android.os.Environment] [getExternalStorageDirectory] [DirectoryPath][String] [/storage/sdcard0]
D/S4URC   ( 2675): [SDK] [java.io.File] [getPath] [FilePath][String] [/storage/sdcard0]
D/S4URC   ( 2675): [SDK] [android.os.Environment] [getExternalStorageDirectory] [DirectoryPath][String] [/storage/sdcard0]
D/S4URC   ( 2675): [SDK] [java.io.File] [getPath] [FilePath][String] [/storage/sdcard0]
D/S4URC   ( 2675): [SDK] [android.os.Environment] [getExternalStorageDirectory] [DirectoryPath][String] [/storage/sdcard0]
D/S4URC   ( 2675): [SDK] [java.io.File] [getPath] [FilePath][String] [/storage/sdcard0]
D/S4URC   ( 2675): [SDK] [java.io.File] [Constructor] [FilePath][String] [/storage/sdcard0/.SystemService/DEID/uviyju.xlugh.oemwdco.kljln/]
D/S4URC   ( 2675): [SDK] [java.io.File] [exists] [FilePath][String] [/storage/sdcard0/.SystemService/DEID/uviyju.xlugh.oemwdco.kljln]
D/S4URC   ( 2675): [NDK] [SYSCALL] [access] [PATH][string] [/storage/sdcard0/.SystemService/DEID/uviyju.xlugh.oemwdco.kljln]
D/S4URC   ( 2675): [SDK] [java.io.File] [mkdirs] [FilePath][String] [/storage/sdcard0/.SystemService/DEID/uviyju.xlugh.oemwdco.kljln]
D/S4URC   ( 2675): [NDK] [SYSCALL] [mkdir] [PATH][string] [/storage/sdcard0/.SystemService/DEID/uviyju.xlugh.oemwdco.kljln] [MODE][int] [0700]
D/S4URC   ( 2675): [SDK] [java.io.File] [getParent] [FilePath][String] [/storage/sdcard0/.SystemService/DEID/uviyju.xlugh.oemwdco.kljln]
D/S4URC   ( 2675): [SDK] [java.io.File] [Constructor] [FilePath][String] [/storage/sdcard0/.SystemService/DEID]
D/S4URC   ( 2675): [NDK] [SYSCALL] [mkdir] [PATH][string] [/storage/sdcard0/.SystemService/DEID] [MODE][int] [0700]
D/S4URC   ( 2675): [SDK] [java.io.File] [getParent] [FilePath][String] [/storage/sdcard0/.SystemService/DEID]
D/S4URC   ( 2675): [SDK] [java.io.File] [Constructor] [FilePath][String] [/storage/sdcard0/.SystemService]
D/S4URC   ( 2675): [NDK] [SYSCALL] [mkdir] [PATH][string] [/storage/sdcard0/.SystemService] [MODE][int] [0700]
D/S4URC   ( 2890): [SDK] [java.lang.Class] [forName] [FindClass][String] [java.net.HttpURLConnection]
D/S4URC   ( 2675): [SDK] [java.io.File] [mkdir] [FilePath][String] [/storage/sdcard0/.SystemService/DEID]
D/S4URC   ( 2675): [NDK] [SYSCALL] [mkdir] [PATH][string] [/storage/sdcard0/.SystemService/DEID] [MODE][int] [0700]
D/S4URC   ( 2890): [SDK] [java.lang.Class] [forName] [FindClass][String] [com.android.okhttp.internal.http.HttpURLConnectionImpl]
D/S4URC   ( 2890): [SDK] [java.lang.Class] [forName] [FindClass][String] [java.net.Socket]
D/S4URC   ( 2890): [SDK] [java.lang.Class] [forName] [FindClass][String] [android.telephony.TelephonyManager]
D/S4URC   ( 2675): [SDK] [java.io.File] [mkdir] [FilePath][String] [/storage/sdcard0/.SystemService/DEID/uviyju.xlugh.oemwdco.kljln]
D/S4URC   ( 2675): [NDK] [SYSCALL] [mkdir] [PATH][string] [/storage/sdcard0/.SystemService/DEID/uviyju.xlugh.oemwdco.kljln] [MODE][int] [0700]
D/S4URC   ( 2890): [SDK] [java.lang.Class] [forName] [FindClass][String] [android.os.Debug]
D/S4URC   ( 2890): [SDK] [java.lang.Class] [forName] [FindClass][String] [android.hardware.SensorManager]
D/S4URC   ( 2675): [SDK] [java.io.File] [getPath] [FilePath][String] [/storage/sdcard0]
D/S4URC   ( 2675): [SDK] [android.os.Environment] [getExternalStorageDirectory] [DirectoryPath][String] [/storage/sdcard0]
D/S4URC   ( 2675): [SDK] [java.io.File] [getPath] [FilePath][String] [/storage/sdcard0]
D/S4URC   ( 2675): [SDK] [java.io.File] [Constructor] [FilePath][String] [/storage/sdcard0/.SystemService/053CE9326103161DC37854ECE8E0DBE2/]
D/S4URC   ( 2675): [SDK] [java.io.File] [exists] [FilePath][String] [/storage/sdcard0/.SystemService/053CE9326103161DC37854ECE8E0DBE2]
D/S4URC   ( 2675): [NDK] [SYSCALL] [access] [PATH][string] [/storage/sdcard0/.SystemService/053CE9326103161DC37854ECE8E0DBE2]
D/S4URC   ( 2675): [SDK] [java.io.File] [mkdirs] [FilePath][String] [/storage/sdcard0/.SystemService/053CE9326103161DC37854ECE8E0DBE2]
D/S4URC   ( 2675): [NDK] [SYSCALL] [mkdir] [PATH][string] [/storage/sdcard0/.SystemService/053CE9326103161DC37854ECE8E0DBE2] [MODE][int] [0700]
D/S4URC   ( 2675): [SDK] [java.io.File] [getPath] [FilePath][String] [/storage/sdcard0]
D/S4URC   ( 2675): [SDK] [android.os.Environment] [getExternalStorageDirectory] [DirectoryPath][String] [/storage/sdcard0]
D/S4URC   ( 2675): [SDK] [java.io.File] [getPath] [FilePath][String] [/storage/sdcard0]
D/S4URC   ( 2675): [SDK] [java.io.File] [Constructor] [FilePath][String] [/storage/sdcard0/.SystemService/053CE9326103161DC37854ECE8E0DBE2/.account/]
D/S4URC   ( 2675): [SDK] [java.io.File] [exists] [FilePath][String] [/storage/sdcard0/.SystemService/053CE9326103161DC37854ECE8E0DBE2/.account]
D/S4URC   ( 2675): [NDK] [SYSCALL] [access] [PATH][string] [/storage/sdcard0/.SystemService/053CE9326103161DC37854ECE8E0DBE2/.account]
D/S4URC   ( 2675): [SDK] [java.io.File] [mkdirs] [FilePath][String] [/storage/sdcard0/.SystemService/053CE9326103161DC37854ECE8E0DBE2/.account]
D/S4URC   ( 2675): [NDK] [SYSCALL] [mkdir] [PATH][string] [/storage/sdcard0/.SystemService/053CE9326103161DC37854ECE8E0DBE2/.account] [MODE][int] [0700]
D/S4URC   ( 2675): [SDK] [java.io.File] [exists] [FilePath][String] [/data/data/uviyju.xlugh.oemwdco.kljln/files]
D/S4URC   ( 2675): [NDK] [SYSCALL] [access] [PATH][string] [/data/data/uviyju.xlugh.oemwdco.kljln/files]
D/S4URC   ( 2675): [SDK] [java.io.File] [Constructor] [FilePath][String] [/data/data/uviyju.xlugh.oemwdco.kljln/files/.SystemService/053CE9326103161DC37854ECE8E0DBE2/]
D/S4URC   ( 2675): [SDK] [java.io.File] [exists] [FilePath][String] [/data/data/uviyju.xlugh.oemwdco.kljln/files/.SystemService/053CE9326103161DC37854ECE8E0DBE2]
D/S4URC   ( 2675): [NDK] [SYSCALL] [access] [PATH][string] [/data/data/uviyju.xlugh.oemwdco.kljln/files/.SystemService/053CE9326103161DC37854ECE8E0DBE2]
D/S4URC   ( 2675): [SDK] [java.io.File] [mkdirs] [FilePath][String] [/data/data/uviyju.xlugh.oemwdco.kljln/files/.SystemService/053CE9326103161DC37854ECE8E0DBE2]
D/S4URC   ( 2675): [NDK] [SYSCALL] [mkdir] [PATH][string] [/data/data/uviyju.xlugh.oemwdco.kljln/files/.SystemService/053CE9326103161DC37854ECE8E0DBE2] [MODE][int] [0700]
D/S4URC   ( 2675): [SDK] [java.io.File] [getParent] [FilePath][String] [/data/data/uviyju.xlugh.oemwdco.kljln/files/.SystemService/053CE9326103161DC37854ECE8E0DBE2]
D/S4URC   ( 2675): [SDK] [java.io.File] [Constructor] [FilePath][String] [/data/data/uviyju.xlugh.oemwdco.kljln/files/.SystemService]
D/S4URC   ( 2675): [NDK] [SYSCALL] [mkdir] [PATH][string] [/data/data/uviyju.xlugh.oemwdco.kljln/files/.SystemService] [MODE][int] [0700]
D/S4URC   ( 2675): [SDK] [java.io.File] [mkdir] [FilePath][String] [/data/data/uviyju.xlugh.oemwdco.kljln/files/.SystemService/053CE9326103161DC37854ECE8E0DBE2]
D/S4URC   ( 2675): [NDK] [SYSCALL] [mkdir] [PATH][string] [/data/data/uviyju.xlugh.oemwdco.kljln/files/.SystemService/053CE9326103161DC37854ECE8E0DBE2] [MODE][int] [0700]
D/S4URC   ( 2675): [SDK] [java.io.File] [exists] [FilePath][String] [/data/data/uviyju.xlugh.oemwdco.kljln/files]
D/S4URC   ( 2675): [NDK] [SYSCALL] [access] [PATH][string] [/data/data/uviyju.xlugh.oemwdco.kljln/files]
D/S4URC   ( 2675): [SDK] [java.io.File] [Constructor] [FilePath][String] [/data/data/uviyju.xlugh.oemwdco.kljln/files/.SystemService/053CE9326103161DC37854ECE8E0DBE2/.account/]
D/S4URC   ( 2675): [SDK] [java.io.File] [exists] [FilePath][String] [/data/data/uviyju.xlugh.oemwdco.kljln/files/.SystemService/053CE9326103161DC37854ECE8E0DBE2/.account]
D/S4URC   ( 2675): [NDK] [SYSCALL] [access] [PATH][string] [/data/data/uviyju.xlugh.oemwdco.kljln/files/.SystemService/053CE9326103161DC37854ECE8E0DBE2/.account]
D/S4URC   ( 2675): [SDK] [java.io.File] [mkdirs] [FilePath][String] [/data/data/uviyju.xlugh.oemwdco.kljln/files/.SystemService/053CE9326103161DC37854ECE8E0DBE2/.account]
D/S4URC   ( 2675): [NDK] [SYSCALL] [mkdir] [PATH][string] [/data/data/uviyju.xlugh.oemwdco.kljln/files/.SystemService/053CE9326103161DC37854ECE8E0DBE2/.account] [MODE][int] [0700]
D/S4URC   ( 2675): [SDK] [android.content.ContextWrapper][getSharedPreferences] [File][dc.053CE9326103161DC37854ECE8E0DBE2.preferences.xml] [MODE][MODE_PRIVATE] [Method][getString] [String][DC_UID_ActTime] [Return][null]
D/S4URC   ( 2675): [SDK] [android.content.ContextWrapper][getSharedPreferences] [File][dc.053CE9326103161DC37854ECE8E0DBE2.preferences.xml] [MODE][MODE_PRIVATE] [Method][getString] [String][053CE9326103161DC37854ECE8E0DBE2_DC_UID_ActTime] [Return][null]
D/S4URC   ( 2675): [SDK] [android.content.ContextWrapper][getSharedPreferences] [File][dc.053CE9326103161DC37854ECE8E0DBE2.preferences.xml] [MODE][MODE_PRIVATE] [Method][getString] [String][DC_UID_ActTime] [Return][null]
D/S4URC   ( 2675): [SDK] [android.content.ContextWrapper][getSharedPreferences] [File][dc.053CE9326103161DC37854ECE8E0DBE2.preferences.xml] [MODE][MODE_PRIVATE] [Method][getString] [String][053CE9326103161DC37854ECE8E0DBE2_DC_UID_ActTime] [Return][null]
D/S4URC   ( 2675): [NDK] [SYSCALL] [open] [PATH][string] [/storage/sdcard0/.SystemService/uviyju.xlugh.oemwdco.kljln/uid] [RETURN][int] [-1]
D/S4URC   ( 2675): [NDK] [SYSCALL] [lstat] [PATH][string] [/storage]
D/S4URC   ( 2675): [NDK] [SYSCALL] [lstat] [PATH][string] [/storage/sdcard0]
D/S4URC   ( 2890): [SDK] [java.lang.Class] [forName] [FindClass][String] [android.content.res.ResourcesKey]
D/S4URC   ( 2675): [NDK] [SYSCALL] [open] [PATH][string] [/storage/sdcard0/.SystemService/053CE9326103161DC37854ECE8E0DBE2/uid] [RETURN][int] [-1]
D/S4URC   ( 2890): [SDK] [java.lang.Class] [forName] [FindClass][String] [android.app.ResourcesManager]
D/S4URC   ( 2890): [SDK] [java.io.File] [Constructor] [FilePath][String] [/data/app/uviyju.xlugh.oemwdco.kljln-1/base.apk]
D/S4URC   ( 2675): [SDK] [java.io.File] [Constructor] [FilePath][String] [/storage/sdcard0/.SystemService/DEID/uviyju.xlugh.oemwdco.kljln/oid]
D/S4URC   ( 2890): [SDK] [java.io.File] [getPath] [FilePath][String] [/data/data/uviyju.xlugh.oemwdco.kljln]
D/S4URC   ( 2890): [SDK] [java.io.File] [exists] [FilePath][String] [/data/data/uviyju.xlugh.oemwdco.kljln/cache]
D/S4URC   ( 2890): [SDK] [java.io.File] [getPath] [FilePath][String] [/data/data/uviyju.xlugh.oemwdco.kljln/cache]
D/S4URC   ( 2675): [NDK] [SYSCALL] [open] [PATH][string] [/storage/sdcard0/.SystemService/DEID/uviyju.xlugh.oemwdco.kljln/oid] [RETURN][int] [-1]
D/S4URC   ( 2675): [NDK] [SYSCALL] [open] [PATH][string] [/storage/sdcard0/.SystemService/DEID/uviyju.xlugh.oemwdco.kljln/oid] [RETURN][int] [104]
D/S4URC   ( 2675): [NDK] [SYSCALL] [lstat] [PATH][string] [/storage]
D/S4URC   ( 2675): [NDK] [SYSCALL] [lstat] [PATH][string] [/storage/sdcard0]
D/S4URC   ( 2675): [SDK] [java.io.File] [Constructor] [FilePath][String] [/storage/sdcard0]
D/S4URC   ( 2890): [SDK] [android.app.ApplicationPackageManager] [getApplicationInfo] [FindApplicationName][String] [uviyju.xlugh.oemwdco.kljln]
D/S4URC   ( 2675): [SDK] [java.io.File] [Constructor] [FilePath][String] [/storage/sdcard0]
D/S4URC   ( 2675): [SDK] [java.io.File] [Constructor] [FilePath][String] [/storage/sdcard1]
D/S4URC   ( 2675): [SDK] [java.io.File] [Constructor] [FilePath][String] [/storage/usb2host]
D/S4URC   ( 2675): [SDK] [java.io.File] [Constructor] [FilePath][String] [/storage/usb3device]
D/S4URC   ( 2675): [SDK] [java.io.File] [Constructor] [FilePath][String] [/storage/usb3host]
D/S4URC   ( 2675): [SDK] [android.os.Environment] [getExternalStorageState] [ExternalStorageState][String] [mounted]
D/S4URC   ( 2675): [SDK] [java.io.File] [Constructor] [FilePath][String] [/storage/sdcard0/.SystemService/053CE9326103161DC37854ECE8E0DBE2/uid]
D/S4URC   ( 2675): [SDK] [java.io.File] [getPath] [FilePath][String] [/storage/sdcard0/.SystemService/053CE9326103161DC37854ECE8E0DBE2/uid]
D/S4URC   ( 2675): [NDK] [SYSCALL] [open] [PATH][string] [/storage/sdcard0/.SystemService/053CE9326103161DC37854ECE8E0DBE2/uid] [RETURN][int] [104]
D/S4URC   ( 2890): [SDK] [android.app.ApplicationPackageManager] [getApplicationInfo] [FindApplicationName][String] [uviyju.xlugh.oemwdco.kljln]
D/S4URC   ( 2675): [SDK] [android.content.ContextWrapper][getSharedPreferences] [File][dc.053CE9326103161DC37854ECE8E0DBE2.preferences.xml] [MODE][MODE_PRIVATE] [Method][putString] [Key][053CE9326103161DC37854ECE8E0DBE2_DC_UID_ActTime] [Value][6ECCF5ECE39D4A1968A0F0D0BE6ADCD3|0]
D/S4URC   ( 2675): [SDK] [java.io.File] [exists] [FilePath][String] [/data/data/uviyju.xlugh.oemwdco.kljln/shared_prefs/dc.053CE9326103161DC37854ECE8E0DBE2.preferences.xml]
D/S4URC   ( 2675): [NDK] [SYSCALL] [access] [PATH][string] [/data/data/uviyju.xlugh.oemwdco.kljln/shared_prefs/dc.053CE9326103161DC37854ECE8E0DBE2.preferences.xml]
D/S4URC   ( 2675): [SDK] [java.io.File] [getPath] [FilePath][String] [/data/data/uviyju.xlugh.oemwdco.kljln/shared_prefs/dc.053CE9326103161DC37854ECE8E0DBE2.preferences.xml]
D/S4URC   ( 2890): [SDK] [android.app.ApplicationPackageManager] [getApplicationInfo] [FindApplicationName][String] [uviyju.xlugh.oemwdco.kljln]
D/S4URC   ( 2675): [NDK] [SYSCALL] [open] [PATH][string] [/data/data/uviyju.xlugh.oemwdco.kljln/shared_prefs/dc.053CE9326103161DC37854ECE8E0DBE2.preferences.xml] [RETURN][int] [104]
D/S4URC   ( 2890): [SDK] [android.app.ApplicationPackageManager] [getApplicationInfo] [FindApplicationName][String] [uviyju.xlugh.oemwdco.kljln]
D/S4URC   ( 2890): [SDK] [java.lang.Class] [forName] [FindClass][String] [dalvik.system.DexClassLoader]
D/S4URC   ( 2675): [SDK] [java.io.File] [getPath] [FilePath][String] [/data/data/uviyju.xlugh.oemwdco.kljln/shared_prefs/dc.053CE9326103161DC37854ECE8E0DBE2.preferences.xml]
D/S4URC   ( 2675): [NDK] [SYSCALL] [chmod] [PATH][string] [/data/data/uviyju.xlugh.oemwdco.kljln/shared_prefs/dc.053CE9326103161DC37854ECE8E0DBE2.preferences.xml] [MODE][int] [0660]
D/S4URC   ( 2890): [SDK] [java.io.File] [Constructor] [FilePath][String] [/storage/sdcard0]
D/S4URC   ( 2675): [SDK] [java.io.File] [getPath] [FilePath][String] [/data/data/uviyju.xlugh.oemwdco.kljln/shared_prefs/dc.053CE9326103161DC37854ECE8E0DBE2.preferences.xml]
D/S4URC   ( 2675): [NDK] [SYSCALL] [stat] [PATH][string] [/data/data/uviyju.xlugh.oemwdco.kljln/shared_prefs/dc.053CE9326103161DC37854ECE8E0DBE2.preferences.xml]
D/S4URC   ( 2675): [SDK] [java.io.File] [delete] [FilePath][String] [/data/data/uviyju.xlugh.oemwdco.kljln/shared_prefs/dc.053CE9326103161DC37854ECE8E0DBE2.preferences.xml.bak]
D/S4URC   ( 2675): [NDK] [SYSCALL] [lstat] [PATH][string] [/data/data/uviyju.xlugh.oemwdco.kljln/shared_prefs/dc.053CE9326103161DC37854ECE8E0DBE2.preferences.xml.bak]
D/S4URC   ( 2675): [SDK] [android.content.ContextWrapper][getSharedPreferences] [File][dc.053CE9326103161DC37854ECE8E0DBE2.preferences.xml] [MODE][MODE_PRIVATE] [Method][commit]
D/S4URC   ( 2890): [SDK] [java.io.File] [Constructor] [FilePath][String] [/storage/sdcard0]
D/S4URC   ( 2675):  [Method][getString] [String][DC_ACCOUNT_480A40F9C299399A91C3BE50FF53918F] [Return][]
D/S4URC   ( 2890): [SDK] [java.io.File] [Constructor] [FilePath][String] [/storage/sdcard1]
D/S4URC   ( 2890): [SDK] [java.io.File] [Constructor] [FilePath][String] [/storage/usb2host]
D/S4URC   ( 2890): [SDK] [java.io.File] [Constructor] [FilePath][String] [/storage/usb3device]
D/S4URC   ( 2675):  [Method][getString] [String][053CE9326103161DC37854ECE8E0DBE2_DC_ACCOUNT_480A40F9C299399A91C3BE50FF53918F] [Return][]
D/S4URC   ( 2890): [SDK] [java.io.File] [Constructor] [FilePath][String] [/storage/usb3host]
D/S4URC   ( 2675): [SDK] [java.io.File] [Constructor] [FilePath][String] [/storage/sdcard0/uviyju.xlugh.oemwdco.kljln/.account/480A40F9C299399A91C3BE50FF53918F]
D/S4URC   ( 2675): [SDK] [java.io.File] [getPath] [FilePath][String] [/storage/sdcard0/uviyju.xlugh.oemwdco.kljln/.account/480A40F9C299399A91C3BE50FF53918F]
D/S4URC   ( 2675): [NDK] [SYSCALL] [open] [PATH][string] [/storage/sdcard0/uviyju.xlugh.oemwdco.kljln/.account/480A40F9C299399A91C3BE50FF53918F] [RETURN][int] [-1]
D/S4URC   ( 2675): [NDK] [SYSCALL] [lstat] [PATH][string] [/storage]
D/S4URC   ( 2675): [NDK] [SYSCALL] [lstat] [PATH][string] [/storage/sdcard0]
D/S4URC   ( 2675): [SDK] [java.io.File] [Constructor] [FilePath][String] [/storage/sdcard0]
D/S4URC   ( 2675): [SDK] [java.io.File] [Constructor] [FilePath][String] [/storage/sdcard1]
D/S4URC   ( 2675): [SDK] [java.io.File] [Constructor] [FilePath][String] [/storage/usb2host]
D/S4URC   ( 2675): [SDK] [java.io.File] [Constructor] [FilePath][String] [/storage/usb3device]
D/S4URC   ( 2890): [SDK] [android.os.Environment] [getExternalStorageState] [ExternalStorageState][String] [mounted]
D/S4URC   ( 2675): [SDK] [java.io.File] [Constructor] [FilePath][String] [/storage/usb3host]
D/S4URC   ( 2890): [SDK] [java.io.File] [getPath] [FilePath][String] [/storage/sdcard0]
D/S4URC   ( 2890): [SDK] [android.os.Environment] [getExternalStorageDirectory] [DirectoryPath][String] [/storage/sdcard0]
D/S4URC   ( 2890): [SDK] [java.io.File] [canRead] [FilePath][String] [/storage/sdcard0]
D/S4URC   ( 2890): [SDK] [java.io.File] [canWrite] [FilePath][String] [/storage/sdcard0]
D/S4URC   ( 2675): [SDK] [android.os.Environment] [getExternalStorageState] [ExternalStorageState][String] [mounted]
D/S4URC   ( 2675): [SDK] [java.io.File] [Constructor] [FilePath][String] [/storage/sdcard0/.SystemService/053CE9326103161DC37854ECE8E0DBE2/.account/480A40F9C299399A91C3BE50FF53918F]
D/S4URC   ( 2890): [SDK] [java.io.File] [getPath] [FilePath][String] [/storage/sdcard0]
D/S4URC   ( 2675): [SDK] [java.io.File] [getPath] [FilePath][String] [/storage/sdcard0/.SystemService/053CE9326103161DC37854ECE8E0DBE2/.account/480A40F9C299399A91C3BE50FF53918F]
D/S4URC   ( 2890): [SDK] [android.os.Environment] [getExternalStorageDirectory] [DirectoryPath][String] [/storage/sdcard0]
D/S4URC   ( 2890): [SDK] [java.io.File] [Constructor] [FilePath][String] [/storage/sdcard0/zhimeng123.evn]
D/S4URC   ( 2890): [SDK] [java.io.File] [exists] [FilePath][String] [/storage/sdcard0/zhimeng123.evn]
D/S4URC   ( 2675): [NDK] [SYSCALL] [open] [PATH][string] [/storage/sdcard0/.SystemService/053CE9326103161DC37854ECE8E0DBE2/.account/480A40F9C299399A91C3BE50FF53918F] [RETURN][int] [-1]
D/S4URC   ( 2675):  [Method][getString] [String][DC_ETAG] [Return][]
D/S4URC   ( 2675): [SDK] [java.lang.Class] [forName] [FindClass][String] [com.android.internal.telephony.PhoneFactory]
D/S4URC   ( 2675): [SDK] [java.lang.Class] [forName] [FindClass][String] [android.telephony.MSimTelephonyManager]
D/S4URC   ( 2675): [NDK] [SYSCALL] [access] [PATH][string] [/data/data/uviyju.xlugh.oemwdco.kljln/databases/dataeye_database_053CE9326103161DC37854ECE8E0DBE2.db-journal]
D/S4URC   ( 2890): [SDK] [java.io.File] [exists] [FilePath][String] [/data/data/uviyju.xlugh.oemwdco.kljln/shared_prefs/zplugin_query.xml]
D/S4URC   ( 2890): [SDK] [android.telephony.TelephonyManager] [getSubscriberId]
D/S4URC   ( 2675): [SDK] [java.io.File] [getPath] [FilePath][String] [/data/data/uviyju.xlugh.oemwdco.kljln/shared_prefs/dc.053CE9326103161DC37854ECE8E0DBE2.preferences.xml]
D/S4URC   ( 2675): [NDK] [SYSCALL] [access] [PATH][string] [/data/data/uviyju.xlugh.oemwdco.kljln/databases/dataeye_database_053CE9326103161DC37854ECE8E0DBE2.db-wal]
D/S4URC   ( 2890): [SDK] [android.app.ApplicationPackageManager] [getPackageInfo] [FindPackageName][String] [uviyju.xlugh.oemwdco.kljln]
D/S4URC   ( 2675): [NDK] [SYSCALL] [stat] [PATH][string] [/data/data/uviyju.xlugh.oemwdco.kljln/shared_prefs/dc.053CE9326103161DC37854ECE8E0DBE2.preferences.xml]
D/S4URC   ( 2890): [SDK] [android.app.ApplicationPackageManager] [getApplicationInfo] [FindApplicationName][String] [com.android.webview]
D/S4URC   ( 2675): [NDK] [SYSCALL] [access] [PATH][string] [/data/data/uviyju.xlugh.oemwdco.kljln/databases/dataeye_database_053CE9326103161DC37854ECE8E0DBE2.db-journal]
D/S4URC   ( 2675): [NDK] [SYSCALL] [stat] [PATH][string] [/data/data/uviyju.xlugh.oemwdco.kljln/databases/dataeye_database_053CE9326103161DC37854ECE8E0DBE2.db]
D/S4URC   ( 2675): [SDK] [android.telephony.TelephonyManager] [getSubscriberId]
D/S4URC   ( 2675): [SDK] [java.io.File] [getPath] [FilePath][String] [/data/data/uviyju.xlugh.oemwdco.kljln]
D/S4URC   ( 2675): [SDK] [java.io.File] [getPath] [FilePath][String] [/data/data/uviyju.xlugh.oemwdco.kljln/shared_prefs]
D/S4URC   ( 2675): [NDK] [SYSCALL] [open] [PATH][string] [/data/data/uviyju.xlugh.oemwdco.kljln/databases] [RETURN][int] [113]
D/S4URC   ( 2675): [SDK] [android.content.ContextWrapper] [registerReceiver][IntentFilter][android.provider.Telephony.SMS_RECEIVED,
D/S4URC   ( 2675): [NDK] [SYSCALL] [open] [PATH][string] [/data/data/uviyju.xlugh.oemwdco.kljln/databases/dataeye_database_053CE9326103161DC37854ECE8E0DBE2.db] [RETURN][int] [104]
D/S4URC   ( 2675): [SDK] [java.io.File] [exists] [FilePath][String] [/data/data/uviyju.xlugh.oemwdco.kljln/shared_prefs/pz_sharedpre_cmreaderlogininfo.xml]
D/S4URC   ( 2675): [NDK] [SYSCALL] [chmod] [PATH][string] [/data/data/uviyju.xlugh.oemwdco.kljln/databases/dataeye_database_053CE9326103161DC37854ECE8E0DBE2.db] [MODE][int] [0660]
D/S4URC   ( 2675): [NDK] [SYSCALL] [lstat] [PATH][string] [/data]
D/S4URC   ( 2890): [SDK] [java.io.File] [Constructor] [FilePath][String] [/system/app/webview/webview.apk]
D/S4URC   ( 2675): [SDK] [java.lang.Class] [forName] [FindClass][String] [com.android.internal.telephony.PhoneConstants]
D/S4URC   ( 2675): [SDK] [android.telephony.TelephonyManager] [getSubscriberId]
D/S4URC   ( 2675): [SDK] [java.lang.Class] [forName] [FindClass][String] [android.telephony.MSimTelephonyManager]
D/S4URC   ( 2890): [SDK] [java.lang.Class] [forName] [FindClass][String] [android.app.SharedPreferencesImpl$EditorImpl]
D/S4URC   ( 2890): [SDK] [java.lang.Class] [forName] [FindClass][String] [android.app.SharedPreferencesImpl]
D/S4URC   ( 2890): [SDK] [java.lang.Class] [forName] [FindClass][String] [android.app.SharedPreferencesImpl$EditorImpl]
D/S4URC   ( 2890): [SDK] [java.lang.Class] [forName] [FindClass][String] [[I]
D/S4URC   ( 2890): [SDK] [java.lang.Class] [forName] [FindClass][String] [android.app.admin.DevicePolicyManager]
D/S4URC   ( 2890): [SDK] [java.lang.Class] [forName] [FindClass][String] [android.os.Environment]
D/S4URC   ( 2890): [SDK] [java.lang.Class] [forName] [FindClass][String] [android.content.ContentResolver]
D/S4URC   ( 2890): [SDK] [java.lang.Class] [forName] [FindClass][String] [android.os.Process]
D/S4URC   ( 2890): [SDK] [java.lang.Class] [forName] [FindClass][String] [dalvik.system.DexFile]
D/S4URC   ( 2890): [SDK] [java.lang.Class] [forName] [FindClass][String] [android.app.ActivityManager]
D/S4URC   ( 2890): [SDK] [java.lang.Class] [forName] [FindClass][String] [com.android.okhttp.internal.http.HttpURLConnectionImpl]
D/S4URC   ( 2890): [SDK] [java.io.File] [Constructor] [FilePath][String] [/system/app/webview/webview.apk]
D/S4URC   ( 2890): [SDK] [java.lang.Class] [forName] [FindClass][String] [com.android.webview.chromium.WebViewChromiumFactoryProvider]
D/S4URC   ( 2890): [SDK] [java.lang.Runtime] [loadLibrary] [SoPath][String] [webviewchromium]
D/S4URC   ( 2890): [SDK] [java.io.File] [getPath] [FilePath][String] [/system/app/webview/lib/arm]
D/S4URC   ( 2890): [SDK] [java.io.File] [getPath] [FilePath][String] [/system/app/webview/lib/arm/libwebviewchromium.so]
D/S4URC   ( 2890): [SDK] [java.lang.Runtime] [loadLibrary] [SoPath][String] [webviewchromium_plat_support]
D/S4URC   ( 2890): [SDK] [java.io.File] [getPath] [FilePath][String] [/system/app/webview/lib/arm]
D/S4URC   ( 2890): [SDK] [java.io.File] [getPath] [FilePath][String] [/system/app/webview/lib/arm/libwebviewchromium_plat_support.so]
D/S4URC   ( 2890): [SDK] [java.io.File] [getPath] [FilePath][String] [/vendor/lib]
D/S4URC   ( 2890): [SDK] [java.io.File] [getPath] [FilePath][String] [/vendor/lib/libwebviewchromium_plat_support.so]
D/S4URC   ( 2890): [SDK] [java.io.File] [getPath] [FilePath][String] [/system/lib]
D/S4URC   ( 2890): [SDK] [java.io.File] [getPath] [FilePath][String] [/system/lib/libwebviewchromium_plat_support.so]
D/S4URC   ( 2890): [SDK] [java.io.File] [getPath] [FilePath][String] [/data/data/uviyju.xlugh.oemwdco.kljln/shared_prefs]
D/S4URC   ( 2890): [SDK] [java.io.File] [getPath] [FilePath][String] [/data/data/uviyju.xlugh.oemwdco.kljln/shared_prefs/WebViewChromiumPrefs.xml]
D/S4URC   ( 2890): [SDK] [java.io.File] [Constructor] [FilePath][String] [/data/data/uviyju.xlugh.oemwdco.kljln/shared_prefs/WebViewChromiumPrefs.xml.bak]
D/S4URC   ( 2890): [SDK] [java.io.File] [exists] [FilePath][String] [/data/data/uviyju.xlugh.oemwdco.kljln/shared_prefs/WebViewChromiumPrefs.xml]
D/S4URC   ( 2890): [SDK] [java.io.File] [canRead] [FilePath][String] [/data/data/uviyju.xlugh.oemwdco.kljln/shared_prefs/WebViewChromiumPrefs.xml]
D/S4URC   ( 2890): [SDK] [java.io.File] [exists] [FilePath][String] [/data/data/uviyju.xlugh.oemwdco.kljln/shared_prefs/WebViewChromiumPrefs.xml]
D/S4URC   ( 2675): [SDK] [javax.crypto.Cipher][doFinal] [Data][{"cmd":102,"pcount":1,"pname":"uviyju.xlugh.oemwdco.kljln","sver":"1.3.5","ntype":"","mix":0,"soper":"","gid":"03f2706de89d6e0de3dec38231cbc95d","tps":[{"type":100,"subtype":[101,102,103,104,105,106,107,108,109,110,111,112,113,119,121,127,128,132,134,136,138,139]}],"su":0,"imei":"9dd4736125bf4d04","cpid":1326,"uid":"","pkg":["com.touchtype.swiftkey","com.android.samsung.installer","uviyju.xlugh.oemwdco.kljln","samsung.systemservice"],"aid":101922,"imsi":"","prod":"galaxys5","chid":"C0QV8"}] [Return][BdVYCxuQFHsZe95CguOafEDIQzMKLhynizC4kXMs6sLZGosE8rDvnKmuLwNXABabXfz0GbKR7Qb5bbQ6+5z8xvTOpNutXQ/4LZVWSh0WsJqoaEBJbKI3AOcARtLy6BYVFYHwLYzNQbtpChgr9dQ4PlG3Ul0XFacKAPaC5RcWtVDrtaLOYqSMVenYzy1vq/ALHBpOgReoy+9EbvlBrHNzyD6XEA25Frd2mGuvBEllp99cMdLf0om4dBJVEJquH5RHuByqhX+LVuqBUrgz594HPMkHJPrx4Gk6swij9ENtmN0YK/BBBD1neoUfUR1fE8plFaEH1Gpg79/m4pluQ4LWWvjl9jq3K+2v92+lEWVB28edpQdTWlETTZ8+uA6mpMCEoaJDBDs8r3QHrnU7qsXaitiuFImlHyf/BYohyA2wy0lhwi+pC1ZaGnC4MJ/k8lFYfFV8XjgrvOzbBrSKgXoMyptk8DavyjslL85ePr7jyyw4+ALwzb9HP5V22cIx6PKgM4/ohOwIesuwnrd6l3ylHlOTs4WIojIo44QZUNDzRZbx74ryE27tddCXi54etjUBe+/ZMHwEza21YoEzRvihr9KjSYqhh9NXQN76+q9bHLVJnDxd8X8dxrP4/DZGDn5uNHWXVzhP3vGUXPdNuxPk6A==]
D/S4URC   ( 2675): [SDK] [android.content.ContentResolver] [query] [URL][String] [content://sms/inbox]
D/S4URC   ( 2675): [SDK] [java.io.File] [getPath] [FilePath][String] [/storage/sdcard0]
D/S4URC   ( 2675): [SDK] [android.os.Environment] [getExternalStorageDirectory] [DirectoryPath][String] [/storage/sdcard0]
D/S4URC   ( 2890): [SDK] [java.lang.Class] [forName] [FindClass][String] [android.os.Message]
D/S4URC   ( 2890): [SDK] [android.content.ContextWrapper] [registerReceiver][IntentFilter][android.intent.action.HEADSET_PLUG,
D/S4URC   ( 2675): [SDK] [java.lang.Class] [forName] [FindClass][String] [com.android.internal.telephony.PhoneFactory]
D/S4URC   ( 2675): [SDK] [java.lang.Class] [forName] [FindClass][String] [android.telephony.MSimTelephonyManager]
D/S4URC   ( 2675): [SDK] [java.lang.Class] [forName] [FindClass][String] [com.android.internal.telephony.Phone]
D/S4URC   ( 2675): [SDK] [java.lang.Class] [forName] [FindClass][String] [com.android.internal.telephony.PhoneConstants]
D/S4URC   ( 2675): [SDK] [android.telephony.TelephonyManager] [getDeviceId]
D/S4URC   ( 2675): [SDK] [android.app.ApplicationPackageManager] [getPackageInfo] [FindPackageName][String] [uviyju.xlugh.oemwdco.kljln]
D/S4URC   ( 2890): [SDK] [android.app.ApplicationPackageManager] [getPackageInfo] [FindPackageName][String] [uviyju.xlugh.oemwdco.kljln]
D/S4URC   ( 2675): [NDK] [SYSCALL] [access] [PATH][string] [/data/data/uviyju.xlugh.oemwdco.kljln/databases/dataeye_database_053CE9326103161DC37854ECE8E0DBE2.db-journal]
D/S4URC   ( 2675): [SDK] [android.database.sqlite.SQLiteDatabase] [query] [queryInfo][String] [SELECT][] [FROM][dataeye_agenda_log]
D/S4URC   ( 2675): [NDK] [SYSCALL] [access] [PATH][string] [/data/data/uviyju.xlugh.oemwdco.kljln/databases/dataeye_database_053CE9326103161DC37854ECE8E0DBE2.db-journal]
D/S4URC   ( 2675): [SDK] [java.io.File] [exists] [FilePath][String] [/data/data/uviyju.xlugh.oemwdco.kljln/shared_prefs/SYSTEM_NEWSDK_CHANNEL_INFO_FILE_NAME.xml.bak]
D/S4URC   ( 2675): [SDK] [android.database.sqlite.SQLiteDatabase] [query] [queryInfo][String] [SELECT][] [FROM][dataeye_agenda_log]
D/S4URC   ( 2675): [SDK] [java.io.File] [exists] [FilePath][String] [/data/data/uviyju.xlugh.oemwdco.kljln/shared_prefs/BOOT_SMS_SENT_TIME.xml.bak]
D/S4URC   ( 2675): [NDK] [SYSCALL] [access] [PATH][string] [/data/data/uviyju.xlugh.oemwdco.kljln/shared_prefs/queryPageNum.xml]
D/S4URC   ( 2675): [NDK] [SYSCALL] [access] [PATH][string] [/data/data/uviyju.xlugh.oemwdco.kljln/databases/dataeye_database_053CE9326103161DC37854ECE8E0DBE2.db-journal]
D/S4URC   ( 2675): [SDK] [java.io.File] [Constructor] [FilePath][String] [/data/data/uviyju.xlugh.oemwdco.kljln/files/mj.apk]
D/S4URC   ( 2675): [SDK] [java.lang.Class] [forName] [FindClass][String] [com.ordinary.api.abcdefghi.miniz.maxture.MaxtureEntry]
D/S4URC   ( 2675): [SDK] [java.io.File] [Constructor] [FilePath][String] [/data/data/uviyju.xlugh.oemwdco.kljln/files/mj.dex]
D/S4URC   ( 2890): [SDK] [android.content.ContextWrapper] [registerReceiver][IntentFilter][android.intent.action.TIMEZONE_CHANGED,
D/S4URC   ( 2890): [SDK] [android.content.ContextWrapper] [registerReceiver][IntentFilter][android.intent.action.PROXY_CHANGE,
D/S4URC   ( 2890): [SDK] [java.io.File] [getPath] [FilePath][String] [/data/data/uviyju.xlugh.oemwdco.kljln]
D/S4URC   ( 2994): [NDK] [SYSCALL] [execve] [PATH][string] [/system/bin/dex2oat] [INST][string] [/system/bin/dex2oat --runtime-arg -classpath --runtime-arg /system/framework/SamsungBridge.jar --instruction-set=arm --instruction-set-features=div --runtime-arg -Xnorelocate --boot-image=/system/framework/boot.art --dex-file=/data/data/uviyju.xlugh.oemwdco.kljln/files/mj.apk --oat-fd=104 --oat-location=/data/data/uviyju.xlugh.oemwdco.kljln/files/mj.dex --runtime-arg -Xms64m --runtime-arg -Xmx512m ]
