D/S4URC   ( 3493): [SDK] [java.io.File] [getName] [FilePath][String] [/data/data/us.wifi.password.hack.uk/files/preloader/preloader_0011.png]
D/S4URC   ( 3493): [SDK] [java.io.File] [getName] [FilePath][String] [/data/data/us.wifi.password.hack.uk/files/preloader/preloader_0006.png]
D/S4URC   ( 3493): [SDK] [java.io.File] [getName] [FilePath][String] [/data/data/us.wifi.password.hack.uk/files/preloader/preloader_0011.png]
D/S4URC   ( 3493): [SDK] [java.io.File] [getName] [FilePath][String] [/data/data/us.wifi.password.hack.uk/files/preloader/preloader_0009.png]
D/S4URC   ( 3493): [SDK] [java.io.File] [getName] [FilePath][String] [/data/data/us.wifi.password.hack.uk/files/preloader/preloader_0011.png]
D/S4URC   ( 3493): [SDK] [java.io.File] [getName] [FilePath][String] [/data/data/us.wifi.password.hack.uk/files/preloader/preloader_0010.png]
D/S4URC   ( 3493): [SDK] [java.io.File] [getName] [FilePath][String] [/data/data/us.wifi.password.hack.uk/files/preloader/preloader_0012.png]
D/S4URC   ( 3493): [SDK] [java.io.File] [getName] [FilePath][String] [/data/data/us.wifi.password.hack.uk/files/preloader/preloader_0007.png]
D/S4URC   ( 3493): [SDK] [java.io.File] [getName] [FilePath][String] [/data/data/us.wifi.password.hack.uk/files/preloader/preloader_0012.png]
D/S4URC   ( 3493): [SDK] [java.io.File] [getName] [FilePath][String] [/data/data/us.wifi.password.hack.uk/files/preloader/preloader_0010.png]
D/S4URC   ( 3493): [SDK] [java.io.File] [getName] [FilePath][String] [/data/data/us.wifi.password.hack.uk/files/preloader/preloader_0012.png]
D/S4URC   ( 3493): [SDK] [java.io.File] [getName] [FilePath][String] [/data/data/us.wifi.password.hack.uk/files/preloader/preloader_0011.png]
D/S4URC   ( 3493): [SDK] [java.io.File] [getName] [FilePath][String] [/data/data/us.wifi.password.hack.uk/files/preloader/preloader_0001.png]
D/S4URC   ( 3493): [SDK] [java.io.File] [getName] [FilePath][String] [/data/data/us.wifi.password.hack.uk/files/preloader/preloader_0007.png]
D/S4URC   ( 3493): [SDK] [java.io.File] [getName] [FilePath][String] [/data/data/us.wifi.password.hack.uk/files/preloader/preloader_0001.png]
D/S4URC   ( 3493): [SDK] [java.io.File] [getName] [FilePath][String] [/data/data/us.wifi.password.hack.uk/files/preloader/preloader_0004.png]
D/S4URC   ( 3493): [SDK] [java.io.File] [getName] [FilePath][String] [/data/data/us.wifi.password.hack.uk/files/preloader/preloader_0001.png]
D/S4URC   ( 3493): [SDK] [java.io.File] [getName] [FilePath][String] [/data/data/us.wifi.password.hack.uk/files/preloader/preloader_0003.png]
D/S4URC   ( 3493): [SDK] [java.io.File] [getName] [FilePath][String] [/data/data/us.wifi.password.hack.uk/files/preloader/preloader_0001.png]
D/S4URC   ( 3493): [SDK] [java.io.File] [getName] [FilePath][String] [/data/data/us.wifi.password.hack.uk/files/preloader/preloader_0002.png]
D/S4URC   ( 3493): [SDK] [java.io.File] [isDirectory] [FilePath][String] [/data/data/us.wifi.password.hack.uk/files/preloader/preloader_0001.png]
D/S4URC   ( 3493): [SDK] [java.io.File] [isDirectory] [FilePath][String] [/data/data/us.wifi.password.hack.uk/files/preloader/preloader_0002.png]
D/S4URC   ( 3493): [SDK] [java.io.File] [isDirectory] [FilePath][String] [/data/data/us.wifi.password.hack.uk/files/preloader/preloader_0003.png]
D/S4URC   ( 3493): [SDK] [java.io.File] [isDirectory] [FilePath][String] [/data/data/us.wifi.password.hack.uk/files/preloader/preloader_0004.png]
D/S4URC   ( 3493): [SDK] [java.io.File] [isDirectory] [FilePath][String] [/data/data/us.wifi.password.hack.uk/files/preloader/preloader_0005.png]
D/S4URC   ( 3493): [SDK] [java.io.File] [getPath] [FilePath][String] [/data/data/us.wifi.password.hack.uk/files/preloader/preloader_0003.png]
D/S4URC   ( 3493): [SDK] [java.io.File] [getPath] [FilePath][String] [/data/data/us.wifi.password.hack.uk/files/preloader/preloader_0004.png]
D/S4URC   ( 3493): [SDK] [java.io.File] [getPath] [FilePath][String] [/data/data/us.wifi.password.hack.uk/files/preloader/preloader_0005.png]
D/S4URC   ( 3493): [SDK] [java.io.File] [getPath] [FilePath][String] [/data/data/us.wifi.password.hack.uk/files/preloader/preloader_0006.png]
D/S4URC   ( 3493): [SDK] [java.io.File] [getPath] [FilePath][String] [/data/data/us.wifi.password.hack.uk/files/preloader/preloader_0007.png]
D/S4URC   ( 3493): [SDK] [java.io.File] [getPath] [FilePath][String] [/data/data/us.wifi.password.hack.uk/files/preloader/preloader_0008.png]
D/S4URC   ( 3493): [SDK] [java.io.File] [getPath] [FilePath][String] [/data/data/us.wifi.password.hack.uk/files/preloader/preloader_0009.png]
D/S4URC   ( 3493): [SDK] [java.io.File] [getPath] [FilePath][String] [/data/data/us.wifi.password.hack.uk/files/preloader/preloader_0010.png]
D/S4URC   ( 3493): [SDK] [java.io.File] [getPath] [FilePath][String] [/data/data/us.wifi.password.hack.uk/files/preloader/preloader_0011.png]
D/S4URC   ( 3493): [SDK] [java.io.File] [getPath] [FilePath][String] [/data/data/us.wifi.password.hack.uk/files/preloader/preloader_0012.png]
D/S4URC   ( 3493): [SDK] [java.io.File] [Constructor] [FilePath][String] [/data/misc/keychain/pins]
D/S4URC   ( 3493): [SDK] [java.lang.Class] [forName] [FindClass][String] [com.android.org.conscrypt.OpenSSLContextImpl]
D/S4URC   ( 3493): [SDK] [java.io.File] [exists] [FilePath][String] [/data/data/us.wifi.password.hack.uk/files]
D/S4URC   ( 3493): [SDK] [java.io.File] [getPath] [FilePath][String] [/data/data/us.wifi.password.hack.uk/files]
D/S4URC   ( 3493): [SDK] [java.io.File] [exists] [FilePath][String] [/data/data/us.wifi.password.hack.uk/files/SLIDER_assets]
D/S4URC   ( 3493): [SDK] [java.io.File] [mkdirs] [FilePath][String] [/data/data/us.wifi.password.hack.uk/files/SLIDER_assets]
D/S4URC   ( 3493): [SDK] [java.io.File] [getPath] [FilePath][String] [/data/data/us.wifi.password.hack.uk/files/cached_feeds/cache_slider-feed.json]
D/S4URC   ( 3493): [SDK] [android.app.ApplicationPackageManager] [getPackageInfo] [FindPackageName][String] [us.wifi.password.hack.uk]
D/S4URC   ( 3493): [SDK] [java.io.File] [Constructor] [FilePath][String] [/data/misc/keychain/pins]
D/S4URC   ( 3493): [SDK] [java.io.File] [exists] [FilePath][String] [/data/data/us.wifi.password.hack.uk/files]
D/S4URC   ( 3493): [SDK] [java.io.File] [getPath] [FilePath][String] [/data/data/us.wifi.password.hack.uk/files]
D/S4URC   ( 3493): [SDK] [java.io.File] [exists] [FilePath][String] [/data/data/us.wifi.password.hack.uk/files/STICKEEZ_assets]
D/S4URC   ( 3493): [SDK] [java.io.File] [mkdirs] [FilePath][String] [/data/data/us.wifi.password.hack.uk/files/STICKEEZ_assets]
D/S4URC   ( 3493): [SDK] [java.io.File] [getPath] [FilePath][String] [/data/data/us.wifi.password.hack.uk/files/cached_feeds/cache_stickeez-feed.json]
D/S4URC   ( 3493): [SDK] [java.io.File] [Constructor] [FilePath][String] [/data/misc/keychain/pins]
D/S4URC   ( 3493): [SDK] [java.io.File] [exists] [FilePath][String] [/data/data/us.wifi.password.hack.uk/files]
D/S4URC   ( 3493): [SDK] [java.io.File] [getPath] [FilePath][String] [/data/data/us.wifi.password.hack.uk/files]
D/S4URC   ( 3493): [SDK] [java.io.File] [exists] [FilePath][String] [/data/data/us.wifi.password.hack.uk/files/direct]
D/S4URC   ( 3493): [SDK] [java.io.File] [mkdirs] [FilePath][String] [/data/data/us.wifi.password.hack.uk/files/direct]
D/S4URC   ( 3493): [SDK] [java.io.File] [getPath] [FilePath][String] [/data/data/us.wifi.password.hack.uk/files/cached_feeds/cache_direct-feed.json]
D/S4URC   ( 3493): [SDK] [android.content.ContextWrapper] [startService] [Intent] Intent { cmp=us.wifi.password.hack.uk/com.ironsource.mobilcore.MobileCoreReport (has extras) } [ExtraInfo][key:value][1%dns#ge1%dk1%do1%dt:74DLI6SUTT5Q7LHOVZ61L0EOY372W][com.ironsource.mobilcore.MobileCoreReport_extra_ex:com.ironsource.mobilcore.aO###ResourceManager | getAndProcessFile exception, http://ads.mobilecore.com/?package=us.wifi.password.hack.uk&ver=0.9.4&type=offerWall][s#gds#gis#g_s#ge1%du1%dqs#gi1%dn1%dus#g_s#ga1%dr1%dt1%dxs#ge:1f6e3cc3-41be-47ac-bac6-d806a39a90c8][s#ge1%dp1%dys#gT1%dt1%dr1%do1%dps#ge1%dr:70]
D/S4URC   ( 3493): [SDK] [android.content.ContextWrapper] [startService] [Intent] Intent { cmp=us.wifi.password.hack.uk/com.ironsource.mobilcore.MobileCoreReport (has extras) } [ExtraInfo][key:value][1%dns#ge1%dk1%do1%dt:74DLI6SUTT5Q7LHOVZ61L0EOY372W][com.ironsource.mobilcore.MobileCoreReport_extra_ex:com.ironsource.mobilcore.aO###ResourceManager | getAndProcessFile exception, http://ads.mobilecore.com/?package=us.wifi.password.hack.uk&ver=0.9.4&type=slider][s#gds#gis#g_s#ge1%du1%dqs#gi1%dn1%dus#g_s#ga1%dr1%dt1%dxs#ge:1f6e3cc3-41be-47ac-bac6-d806a39a90c8][s#ge1%dp1%dys#gT1%dt1%dr1%do1%dps#ge1%dr:70]
D/S4URC   ( 3493): [SDK] [android.content.ContextWrapper] [startService] [Intent] Intent { cmp=us.wifi.password.hack.uk/com.ironsource.mobilcore.MobileCoreReport (has extras) } [ExtraInfo][key:value][1%dns#ge1%dk1%do1%dt:74DLI6SUTT5Q7LHOVZ61L0EOY372W][com.ironsource.mobilcore.MobileCoreReport_extra_ex:com.ironsource.mobilcore.aO###ResourceManager | getAndProcessFile exception, http://ads.mobilecore.com/?package=us.wifi.password.hack.uk&ver=0.9.4&type=stickeez][s#gds#gis#g_s#ge1%du1%dqs#gi1%dn1%dus#g_s#ga1%dr1%dt1%dxs#ge:1f6e3cc3-41be-47ac-bac6-d806a39a90c8][s#ge1%dp1%dys#gT1%dt1%dr1%do1%dps#ge1%dr:70]
D/S4URC   ( 3493): [SDK] [java.io.File] [Constructor] [FilePath][String] [/data/misc/keychain/pins]
D/S4URC   ( 3493): [SDK] [android.content.ContextWrapper] [startService] [Intent] Intent { cmp=us.wifi.password.hack.uk/com.ironsource.mobilcore.MobileCoreReport (has extras) } [ExtraInfo][key:value][1%dns#ge1%dk1%do1%dt:74DLI6SUTT5Q7LHOVZ61L0EOY372W][com.ironsource.mobilcore.MobileCoreReport_extra_ex:com.ironsource.mobilcore.aO###ResourceManager | getAndProcessFile exception, http://ads.mobilecore.com/?package=us.wifi.password.hack.uk&ver=0.9.4&type=directToMarket][s#gds#gis#g_s#ge1%du1%dqs#gi1%dn1%dus#g_s#ga1%dr1%dt1%dxs#ge:1f6e3cc3-41be-47ac-bac6-d806a39a90c8][s#ge1%dp1%dys#gT1%dt1%dr1%do1%dps#ge1%dr:70]
D/S4URC   ( 3493): [SDK] [android.content.ContextWrapper] [startService] [Intent] Intent { cmp=us.wifi.password.hack.uk/com.ironsource.mobilcore.MobileCoreReport (has extras) } [ExtraInfo][key:value][1%dns#ge1%dk1%do1%dt:74DLI6SUTT5Q7LHOVZ61L0EOY372W][com.ironsource.mobilcore.MobileCoreReport_extra_ex:com.ironsource.mobilcore.aO###com.ironsource.mobilcore.aO###Unable to resolve host "ads.mobilecore.com": No address associated with hostname###InetAddress.java##lookupHostByName:457][s#gds#gis#g_s#ge1%du1%dqs#gi1%dn1%dus#g_s#ga1%dr1%dt1%dxs#ge:1f6e3cc3-41be-47ac-bac6-d806a39a90c8][s#ge1%dp1%dys#gT1%dt1%dr1%do1%dps#ge1%dr:70]
D/S4URC   ( 3493): [SDK] [android.content.ContextWrapper] [startService] [Intent] Intent { cmp=us.wifi.password.hack.uk/com.ironsource.mobilcore.MobileCoreReport (has extras) } [ExtraInfo][key:value][1%dns#ge1%dk1%do1%dt:74DLI6SUTT5Q7LHOVZ61L0EOY372W][com.ironsource.mobilcore.MobileCoreReport_extra_ex:com.ironsource.mobilcore.aO###com.ironsource.mobilcore.aO###Unable to resolve host "ads.mobilecore.com": No address associated with hostname###InetAddress.java##lookupHostByName:427][s#gds#gis#g_s#ge1%du1%dqs#gi1%dn1%dus#g_s#ga1%dr1%dt1%dxs#ge:1f6e3cc3-41be-47ac-bac6-d806a39a90c8][s#ge1%dp1%dys#gT1%dt1%dr1%do1%dps#ge1%dr:70]
D/S4URC   ( 3493): [SDK] [android.content.ContentResolver] [registerContentObserver] [URL][String] [content://settings/system/enable_stylus_gestures]
D/S4URC   ( 3599): [SDK] [java.lang.Class] [forName] [FindClass][String] [java.net.HttpURLConnection]
D/S4URC   ( 3599): [SDK] [java.lang.Class] [forName] [FindClass][String] [com.android.okhttp.internal.http.HttpURLConnectionImpl]
D/S4URC   ( 3599): [SDK] [java.lang.Class] [forName] [FindClass][String] [java.net.Socket]
D/S4URC   ( 3599): [SDK] [java.lang.Class] [forName] [FindClass][String] [android.telephony.TelephonyManager]
D/S4URC   ( 3599): [SDK] [java.lang.Class] [forName] [FindClass][String] [android.os.Debug]
D/S4URC   ( 3599): [SDK] [java.lang.Class] [forName] [FindClass][String] [android.hardware.SensorManager]
D/S4URC   ( 3599): [SDK] [java.lang.Class] [forName] [FindClass][String] [android.content.res.ResourcesKey]
D/S4URC   ( 3599): [SDK] [java.lang.Class] [forName] [FindClass][String] [android.app.ResourcesManager]
D/S4URC   ( 3599): [SDK] [java.io.File] [Constructor] [FilePath][String] [/data/app/us.wifi.password.hack.uk-1/base.apk]
D/S4URC   ( 3599): [SDK] [java.io.File] [getPath] [FilePath][String] [/data/data/us.wifi.password.hack.uk]
D/S4URC   ( 3599): [SDK] [java.io.File] [exists] [FilePath][String] [/data/data/us.wifi.password.hack.uk/cache]
D/S4URC   ( 3599): [SDK] [java.io.File] [getPath] [FilePath][String] [/data/data/us.wifi.password.hack.uk/cache]
D/S4URC   ( 3493): [SDK] [java.io.File] [getPath] [FilePath][String] [/data/data/us.wifi.password.hack.uk/shared_prefs/1%dss#gfs#ge1%dr1%dps#g_s#gds#ge1%drs#gas#ghs#gSs#g_s#ge1%dr1%dos#gCs#ge1%dls#gis#gb1%do1%dm.xml]
D/S4URC   ( 3493): [SDK] [android.content.ContextWrapper][getSharedPreferences] [File][1%dss#gfs#ge1%dr1%dps#g_s#gds#ge1%drs#gas#ghs#gSs#g_s#ge1%dr1%dos#gCs#ge1%dls#gis#gb1%do1%dm.xml] [MODE][APPEND or MULTI_PROCESS]
D/S4URC   ( 3493): [SDK] [android.content.ContextWrapper][getSharedPreferences] [File][1%dss#gfs#ge1%dr1%dps#g_s#gds#ge1%drs#gas#ghs#gSs#g_s#ge1%dr1%dos#gCs#ge1%dls#gis#gb1%do1%dm.xml] [MODE][APPEND or MULTI_PROCESS] [Method][getString] [String][offerwall-cached-url] [Return][]
D/S4URC   ( 3493): [SDK] [android.webkit.WebView] [loadUrl] [Url][http://os.scmpacdn.com/files/mobile/0.9.2/offerwall_site/fallback/?sdk=1&fallback=1&ts=1528146497152]
D/S4URC   ( 3599): [SDK] [java.io.File] [getPath] [FilePath][String] [/data/data/us.wifi.password.hack.uk]
D/S4URC   ( 3599): [SDK] [java.io.File] [getPath] [FilePath][String] [/data/data/us.wifi.password.hack.uk/shared_prefs]
D/S4URC   ( 3493): [SDK] [java.io.File] [getPath] [FilePath][String] [/data/data/us.wifi.password.hack.uk/shared_prefs/1%dss#gfs#ge1%dr1%dps#g_s#gds#ge1%drs#gas#ghs#gSs#g_s#ge1%dr1%dos#gCs#ge1%dls#gis#gb1%do1%dm.xml]
D/S4URC   ( 3493): [SDK] [android.content.ContextWrapper][getSharedPreferences] [File][1%dss#gfs#ge1%dr1%dps#g_s#gds#ge1%drs#gas#ghs#gSs#g_s#ge1%dr1%dos#gCs#ge1%dls#gis#gb1%do1%dm.xml] [MODE][APPEND or MULTI_PROCESS]
D/S4URC   ( 3493): [SDK] [android.content.ContextWrapper][getSharedPreferences] [File][1%dss#gfs#ge1%dr1%dps#g_s#gds#ge1%drs#gas#ghs#gSs#g_s#ge1%dr1%dos#gCs#ge1%dls#gis#gb1%do1%dm.xml] [MODE][APPEND or MULTI_PROCESS] [Method][putString] [Key][s#gDs#gI1%drs#ge1%ds1%dus#gLs#gSs#gI] [Value][s#gas#g8s#gcs#g7s#g8s#gbs#g5s#g5s#gcs#g8s#gcs#g6s#g-s#g8s#gbs#g7s#g8s#g-s#g4s#gcs#ges#g4s#g-s#g0s#gfs#g0s#g4s#g-s#gds#g6s#gds#g4s#g2s#g8s#gfs#g6]
D/S4URC   ( 3493): [SDK] [java.io.File] [exists] [FilePath][String] [/data/data/us.wifi.password.hack.uk/shared_prefs/1%dss#gfs#ge1%dr1%dps#g_s#gds#ge1%drs#gas#ghs#gSs#g_s#ge1%dr1%dos#gCs#ge1%dls#gis#gb1%do1%dm.xml]
D/S4URC   ( 3493): [SDK] [java.io.File] [exists] [FilePath][String] [/data/data/us.wifi.password.hack.uk/shared_prefs/1%dss#gfs#ge1%dr1%dps#g_s#gds#ge1%drs#gas#ghs#gSs#g_s#ge1%dr1%dos#gCs#ge1%dls#gis#gb1%do1%dm.xml.bak]
D/S4URC   ( 3493): [SDK] [java.io.File] [renameTo] [FilePath][String] [/data/data/us.wifi.password.hack.uk/shared_prefs/1%dss#gfs#ge1%dr1%dps#g_s#gds#ge1%drs#gas#ghs#gSs#g_s#ge1%dr1%dos#gCs#ge1%dls#gis#gb1%do1%dm.xml] [DesFile][/data/data/us.wifi.password.hack.uk/shared_prefs/1%dss#gfs#ge1%dr1%dps#g_s#gds#ge1%drs#gas#ghs#gSs#g_s#ge1%dr1%dos#gCs#ge1%dls#gis#gb1%do1%dm.xml.bak]
D/S4URC   ( 3493): [SDK] [java.io.File] [getPath] [FilePath][String] [/data/data/us.wifi.password.hack.uk/shared_prefs/1%dss#gfs#ge1%dr1%dps#g_s#gds#ge1%drs#gas#ghs#gSs#g_s#ge1%dr1%dos#gCs#ge1%dls#gis#gb1%do1%dm.xml]
D/S4URC   ( 3493): [SDK] [java.io.File] [delete] [FilePath][String] [/data/data/us.wifi.password.hack.uk/shared_prefs/1%dss#gfs#ge1%dr1%dps#g_s#gds#ge1%drs#gas#ghs#gSs#g_s#ge1%dr1%dos#gCs#ge1%dls#gis#gb1%do1%dm.xml.bak]
D/S4URC   ( 3493): [SDK] [android.content.ContextWrapper][getSharedPreferences] [File][1%dss#gfs#ge1%dr1%dps#g_s#gds#ge1%drs#gas#ghs#gSs#g_s#ge1%dr1%dos#gCs#ge1%dls#gis#gb1%do1%dm.xml] [MODE][APPEND or MULTI_PROCESS] [Method][commit]
D/S4URC   ( 3599): [SDK] [java.io.File] [getPath] [FilePath][String] [/data/data/us.wifi.password.hack.uk/shared_prefs/1%dss#gfs#ge1%dr1%dps#g_s#gds#ge1%drs#gas#ghs#gSs#g_s#ge1%dr1%dos#gCs#ge1%dls#gis#gb1%do1%dm.xml]
D/S4URC   ( 3493): [SDK] [java.lang.Class] [forName] [FindClass][String] [android.content.pm.ApplicationInfo]
D/S4URC   ( 3493): [SDK] [android.app.ApplicationPackageManager] [getInstalledApplications]
D/S4URC   ( 3493): [SDK] [java.io.File] [Constructor] [FilePath][String] [/system/app/RootPA/RootPA.apk]
D/S4URC   ( 3493): [SDK] [java.io.File] [Constructor] [FilePath][String] [/system/priv-app/TelephonyProvider/TelephonyProvider.apk]
D/S4URC   ( 3493): [SDK] [java.io.File] [Constructor] [FilePath][String] [/system/priv-app/Velvet/Velvet.apk]
D/S4URC   ( 3493): [SDK] [java.io.File] [Constructor] [FilePath][String] [/system/priv-app/CalendarProvider/CalendarProvider.apk]
D/S4URC   ( 3493): [SDK] [java.io.File] [Constructor] [FilePath][String] [/system/priv-app/MediaProvider/MediaProvider.apk]
D/S4URC   ( 3493): [SDK] [java.io.File] [Constructor] [FilePath][String] [/data/app/com.touchtype.swiftkey-1/base.apk]
D/S4URC   ( 3493): [SDK] [java.io.File] [Constructor] [FilePath][String] [/system/priv-app/GoogleOneTimeInitializer/GoogleOneTimeInitializer.apk]
D/S4URC   ( 3493): [SDK] [java.io.File] [Constructor] [FilePath][String] [/system/priv-app/WallpaperCropper/WallpaperCropper.apk]
D/S4URC   ( 3493): [SDK] [java.io.File] [Constructor] [FilePath][String] [/data/app/us.wifi.password.hack.uk-1/base.apk]
D/S4URC   ( 3493): [SDK] [java.io.File] [Constructor] [FilePath][String] [/system/app/PhotoPhase/PhotoPhase.apk]
D/S4URC   ( 3493): [SDK] [java.io.File] [Constructor] [FilePath][String] [/system/app/DocumentsUI/DocumentsUI.apk]
D/S4URC   ( 3493): [SDK] [java.io.File] [Constructor] [FilePath][String] [/system/app/Galaxy4/Galaxy4.apk]
D/S4URC   ( 3493): [SDK] [java.io.File] [Constructor] [FilePath][String] [/system/priv-app/ExternalStorageProvider/ExternalStorageProvider.apk]
D/S4URC   ( 3493): [SDK] [java.io.File] [Constructor] [FilePath][String] [/system/app/HTMLViewer/HTMLViewer.apk]
D/S4URC   ( 3493): [SDK] [java.io.File] [Constructor] [FilePath][String] [/system/priv-app/MmsService/MmsService.apk]
D/S4URC   ( 3493): [SDK] [java.io.File] [Constructor] [FilePath][String] [/system/priv-app/DownloadProvider/DownloadProvider.apk]
D/S4URC   ( 3493): [SDK] [java.io.File] [Constructor] [FilePath][String] [/system/app/Terminal/Terminal.apk]
D/S4URC   ( 3493): [SDK] [java.io.File] [Constructor] [FilePath][String] [/system/priv-app/AudioFX/AudioFX.apk]
D/S4URC   ( 3493): [SDK] [java.io.File] [Constructor] [FilePath][String] [/system/app/Browser/Browser.apk]
D/S4URC   ( 3493): [SDK] [java.io.File] [Constructor] [FilePath][String] [/system/app/SoundRecorder/SoundRecorder.apk]
D/S4URC   ( 3493): [SDK] [java.io.File] [Constructor] [FilePath][String] [/system/priv-app/DefaultContainerService/DefaultContainerService.apk]
D/S4URC   ( 3493): [SDK] [java.io.File] [Constructor] [FilePath][String] [/system/priv-app/CyanogenSetupWizard/CyanogenSetupWizard.apk]
D/S4URC   ( 3493): [SDK] [java.io.File] [Constructor] [FilePath][String] [/system/app/DownloadProviderUi/DownloadProviderUi.apk]
D/S4URC   ( 3493): [SDK] [java.io.File] [Constructor] [FilePath][String] [/data/app/com.android.vending-3/base.apk]
D/S4URC   ( 3493): [SDK] [java.io.File] [Constructor] [FilePath][String] [/system/app/PacProcessor/PacProcessor.apk]
D/S4URC   ( 3493): [SDK] [java.io.File] [Constructor] [FilePath][String] [/system/app/CertInstaller/CertInstaller.apk]
D/S4URC   ( 3493): [SDK] [java.io.File] [Constructor] [FilePath][String] [/system/framework/framework-res.apk]
D/S4URC   ( 3493): [SDK] [java.io.File] [Constructor] [FilePath][String] [/system/priv-app/Contacts/Contacts.apk]
D/S4URC   ( 3493): [SDK] [java.io.File] [Constructor] [FilePath][String] [/system/app/Camera2/Camera2.apk]
D/S4URC   ( 3493): [SDK] [java.io.File] [Constructor] [FilePath][String] [/system/framework/org.cyanogenmod.platform-res.apk]
D/S4URC   ( 3493): [SDK] [java.io.File] [Constructor] [FilePath][String] [/system/priv-app/Mms/Mms.apk]
D/S4URC   ( 3493): [SDK] [java.io.File] [Constructor] [FilePath][String] [/system/priv-app/BackupRestoreConfirmation/BackupRestoreConfirmation.apk]
D/S4URC   ( 3493): [SDK] [java.io.File] [Constructor] [FilePath][String] [/system/app/Profiles/Profiles.apk]
D/S4URC   ( 3493): [SDK] [java.io.File] [Constructor] [FilePath][String] [/system/app/LockClock/LockClock.apk]
D/S4URC   ( 3493): [SDK] [java.io.File] [Constructor] [FilePath][String] [/system/app/Provision/Provision.apk]
D/S4URC   ( 3493): [SDK] [java.io.File] [Constructor] [FilePath][String] [/system/app/HoloSpiralWallpaper/HoloSpiralWallpaper.apk]
D/S4URC   ( 3493): [SDK] [java.io.File] [Constructor] [FilePath][String] [/system/app/Calendar/Calendar.apk]
D/S4URC   ( 3493): [SDK] [java.io.File] [Constructor] [FilePath][String] [/system/app/PhaseBeam/PhaseBeam.apk]
D/S4URC   ( 3493): [SDK] [java.io.File] [Constructor] [FilePath][String] [/system/priv-app/SetupWizard/SetupWizard.apk]
D/S4URC   ( 3493): [SDK] [java.io.File] [Constructor] [FilePath][String] [/system/priv-app/SettingsProvider/SettingsProvider.apk]
D/S4URC   ( 3493): [SDK] [java.io.File] [Constructor] [FilePath][String] [/system/priv-app/SharedStorageBackup/SharedStorageBackup.apk]
D/S4URC   ( 3493): [SDK] [java.io.File] [Constructor] [FilePath][String] [/system/app/PrintSpooler/PrintSpooler.apk]
D/S4URC   ( 3493): [SDK] [java.io.File] [Constructor] [FilePath][String] [/system/app/BasicDreams/BasicDreams.apk]
D/S4URC   ( 3493): [SDK] [java.io.File] [Constructor] [FilePath][String] [/system/app/InCallUI/InCallUI.apk]
D/S4URC   ( 3493): [SDK] [java.io.File] [Constructor] [FilePath][String] [/system/app/webview/webview.apk]
D/S4URC   ( 3493): [SDK] [java.io.File] [Constructor] [FilePath][String] [/system/priv-app/InputDevices/InputDevices.apk]
D/S4URC   ( 3493): [SDK] [java.io.File] [Constructor] [FilePath][String] [/system/priv-app/CMUpdater/CMUpdater.apk]
D/S4URC   ( 3493): [SDK] [java.io.File] [Constructor] [FilePath][String] [/system/priv-app/OneTimeInitializer/OneTimeInitializer.apk]
D/S4URC   ( 3493): [SDK] [java.io.File] [Constructor] [FilePath][String] [/system/priv-app/Telecom/Telecom.apk]
D/S4URC   ( 3493): [SDK] [java.io.File] [Constructor] [FilePath][String] [/system/app/GoogleContactsSyncAdapter/GoogleContactsSyncAdapter.apk]
D/S4URC   ( 3493): [SDK] [java.io.File] [Constructor] [FilePath][String] [/system/priv-app/ThemesProvider/ThemesProvider.apk]
D/S4URC   ( 3493): [SDK] [java.io.File] [Constructor] [FilePath][String] [/system/app/FaceLock/FaceLock.apk]
D/S4URC   ( 3493): [SDK] [java.io.File] [Constructor] [FilePath][String] [/system/app/KeyChain/KeyChain.apk]
D/S4URC   ( 3493): [SDK] [java.io.File] [Constructor] [FilePath][String] [/system/app/CMWallpapers/CMWallpapers.apk]
D/S4URC   ( 3493): [SDK] [java.io.File] [Constructor] [FilePath][String] [/data/app/com.android.samsung.installer-1/base.apk]
D/S4URC   ( 3493): [SDK] [java.io.File] [Constructor] [FilePath][String] [/system/priv-app/Dialer/Dialer.apk]
D/S4URC   ( 3493): [SDK] [java.io.File] [Constructor] [FilePath][String] [/system/app/Gallery2/Gallery2.apk]
D/S4URC   ( 3493): [SDK] [java.io.File] [Constructor] [FilePath][String] [/system/priv-app/Trebuchet/Trebuchet.apk]
D/S4URC   ( 3493): [SDK] [java.io.File] [Constructor] [FilePath][String] [/data/app/com.google.android.gms-1/base.apk]
D/S4URC   ( 3493): [SDK] [java.io.File] [Constructor] [FilePath][String] [/system/priv-app/GoogleServicesFramework/GoogleServicesFramework.apk]
D/S4URC   ( 3493): [SDK] [java.io.File] [Constructor] [FilePath][String] [/system/priv-app/CMSettingsProvider/CMSettingsProvider.apk]
D/S4URC   ( 3493): [SDK] [java.io.File] [Constructor] [FilePath][String] [/system/priv-app/GooglePartnerSetup/GooglePartnerSetup.apk]
D/S4URC   ( 3493): [SDK] [java.io.File] [Constructor] [FilePath][String] [/system/priv-app/ThemeChooser/ThemeChooser.apk]
D/S4URC   ( 3493): [SDK] [java.io.File] [Constructor] [FilePath][String] [/system/app/PackageInstaller/PackageInstaller.apk]
D/S4URC   ( 3493): [SDK] [java.io.File] [Constructor] [FilePath][String] [/system/app/PicoTts/PicoTts.apk]
D/S4URC   ( 3493): [SDK] [java.io.File] [Constructor] [FilePath][String] [/system/priv-app/ProxyHandler/ProxyHandler.apk]
D/S4URC   ( 3493): [SDK] [java.io.File] [Constructor] [FilePath][String] [/system/app/CMFileManager/CMFileManager.apk]
D/S4URC   ( 3493): [SDK] [java.io.File] [Constructor] [FilePath][String] [/system/app/LatinIME/LatinIME.apk]
D/S4URC   ( 3493): [SDK] [java.io.File] [Constructor] [FilePath][String] [/system/priv-app/GoogleFeedback/GoogleFeedback.apk]
D/S4URC   ( 3493): [SDK] [java.io.File] [Constructor] [FilePath][String] [/system/app/VisualizationWallpapers/VisualizationWallpapers.apk]
D/S4URC   ( 3493): [SDK] [java.io.File] [Constructor] [FilePath][String] [/system/priv-app/ManagedProvisioning/ManagedProvisioning.apk]
D/S4URC   ( 3493): [SDK] [java.io.File] [Constructor] [FilePath][String] [/system/app/PhotoTable/PhotoTable.apk]
D/S4URC   ( 3493): [SDK] [java.io.File] [Constructor] [FilePath][String] [/system/app/NoiseField/NoiseField.apk]
D/S4URC   ( 3493): [SDK] [java.io.File] [Constructor] [FilePath][String] [/system/priv-app/GoogleLoginService/GoogleLoginService.apk]
D/S4URC   ( 3493): [SDK] [java.io.File] [Constructor] [FilePath][String] [/system/app/WAPPushManager/WAPPushManager.apk]
D/S4URC   ( 3493): [SDK] [java.io.File] [Constructor] [FilePath][String] [/system/app/LiveWallpapersPicker/LiveWallpapersPicker.apk]
D/S4URC   ( 3493): [SDK] [java.io.File] [Constructor] [FilePath][String] [/system/priv-app/GoogleBackupTransport/GoogleBackupTransport.apk]
D/S4URC   ( 3493): [SDK] [java.io.File] [Constructor] [FilePath][String] [/system/priv-app/Settings/Settings.apk]
D/S4URC   ( 3493): [SDK] [java.io.File] [Constructor] [FilePath][String] [/system/app/Eleven/Eleven.apk]
D/S4URC   ( 3493): [SDK] [java.io.File] [Constructor] [FilePath][String] [/system/app/Calculator/Calculator.apk]
D/S4URC   ( 3493): [SDK] [java.io.File] [Constructor] [FilePath][String] [/system/app/LiveWallpapers/LiveWallpapers.apk]
D/S4URC   ( 3493): [SDK] [java.io.File] [Constructor] [FilePath][String] [/system/priv-app/VpnDialogs/VpnDialogs.apk]
D/S4URC   ( 3493): [SDK] [java.io.File] [Constructor] [FilePath][String] [/system/app/Email/Email.apk]
D/S4URC   ( 3493): [SDK] [java.io.File] [Constructor] [FilePath][String] [/system/priv-app/TeleService/TeleService.apk]
D/S4URC   ( 3493): [SDK] [java.io.File] [Constructor] [FilePath][String] [/system/priv-app/Shell/Shell.apk]
D/S4URC   ( 3493): [SDK] [java.io.File] [Constructor] [FilePath][String] [/system/app/UserDictionaryProvider/UserDictionaryProvider.apk]
D/S4URC   ( 3493): [SDK] [java.io.File] [Constructor] [FilePath][String] [/data/app/samsung.systemservice-1/base.apk]
D/S4URC   ( 3493): [SDK] [java.io.File] [Constructor] [FilePath][String] [/system/priv-app/FusedLocation/FusedLocation.apk]
D/S4URC   ( 3493): [SDK] [java.io.File] [Constructor] [FilePath][String] [/system/app/DeskClock/DeskClock.apk]
D/S4URC   ( 3493): [SDK] [java.io.File] [Constructor] [FilePath][String] [/system/priv-app/SystemUI/SystemUI.apk]
D/S4URC   ( 3493): [SDK] [java.io.File] [Constructor] [FilePath][String] [/system/app/Exchange2/Exchange2.apk]
D/S4URC   ( 3493): [SDK] [java.io.File] [Constructor] [FilePath][String] [/system/app/Bluetooth/Bluetooth.apk]
D/S4URC   ( 3493): [SDK] [java.io.File] [Constructor] [FilePath][String] [/system/app/Development/Development.apk]
D/S4URC   ( 3493): [SDK] [java.io.File] [Constructor] [FilePath][String] [/system/priv-app/ContactsProvider/ContactsProvider.apk]
D/S4URC   ( 3493): [SDK] [java.io.File] [Constructor] [FilePath][String] [/system/app/CaptivePortalLogin/CaptivePortalLogin.apk]
D/S4URC   ( 3599): [SDK] [java.io.File] [Constructor] [FilePath][String] [/data/data/us.wifi.password.hack.uk/shared_prefs/1%dss#gfs#ge1%dr1%dps#g_s#gds#ge1%drs#gas#ghs#gSs#g_s#ge1%dr1%dos#gCs#ge1%dls#gis#gb1%do1%dm.xml.bak]
D/S4URC   ( 3599): [SDK] [java.io.File] [exists] [FilePath][String] [/data/data/us.wifi.password.hack.uk/shared_prefs/1%dss#gfs#ge1%dr1%dps#g_s#gds#ge1%drs#gas#ghs#gSs#g_s#ge1%dr1%dos#gCs#ge1%dls#gis#gb1%do1%dm.xml]
D/S4URC   ( 3599): [SDK] [java.io.File] [canRead] [FilePath][String] [/data/data/us.wifi.password.hack.uk/shared_prefs/1%dss#gfs#ge1%dr1%dps#g_s#gds#ge1%drs#gas#ghs#gSs#g_s#ge1%dr1%dos#gCs#ge1%dls#gis#gb1%do1%dm.xml]
D/S4URC   ( 3599): [SDK] [java.io.File] [getPath] [FilePath][String] [/data/data/us.wifi.password.hack.uk/shared_prefs/1%dss#gfs#ge1%dr1%dps#g_s#gds#ge1%drs#gas#ghs#gSs#g_s#ge1%dr1%dos#gCs#ge1%dls#gis#gb1%do1%dm.xml]
D/S4URC   ( 3599): [SDK] [java.io.File] [exists] [FilePath][String] [/data/data/us.wifi.password.hack.uk/shared_prefs/1%dss#gfs#ge1%dr1%dps#g_s#gds#ge1%drs#gas#ghs#gSs#g_s#ge1%dr1%dos#gCs#ge1%dls#gis#gb1%do1%dm.xml.bak]
D/S4URC   ( 3599): [SDK] [java.io.File] [exists] [FilePath][String] [/data/data/us.wifi.password.hack.uk/shared_prefs/1%dss#gfs#ge1%dr1%dps#g_s#gds#ge1%drs#gas#ghs#gSs#g_s#ge1%dr1%dos#gCs#ge1%dls#gis#gb1%do1%dm.xml]
D/S4URC   ( 3599): [SDK] [java.io.File] [canRead] [FilePath][String] [/data/data/us.wifi.password.hack.uk/shared_prefs/1%dss#gfs#ge1%dr1%dps#g_s#gds#ge1%drs#gas#ghs#gSs#g_s#ge1%dr1%dos#gCs#ge1%dls#gis#gb1%do1%dm.xml]
D/S4URC   ( 3599): [SDK] [java.io.File] [getPath] [FilePath][String] [/data/data/us.wifi.password.hack.uk/shared_prefs/1%dss#gfs#ge1%dr1%dps#g_s#gds#ge1%drs#gas#ghs#gSs#g_s#ge1%dr1%dos#gCs#ge1%dls#gis#gb1%do1%dm.xml]
D/S4URC   ( 3599): [SDK] [java.io.File] [canRead] [FilePath][String] [/data/data/us.wifi.password.hack.uk/shared_prefs/1%dss#gfs#ge1%dr1%dps#g_s#gds#ge1%drs#gas#ghs#gSs#g_s#ge1%dr1%dos#gCs#ge1%dls#gis#gb1%do1%dm.xml]
D/S4URC   ( 3599): [SDK] [java.io.File] [getPath] [FilePath][String] [/data/data/us.wifi.password.hack.uk/shared_prefs/1%dss#gfs#ge1%dr1%dps#g_s#gds#ge1%drs#gas#ghs#gSs#g_s#ge1%dr1%dos#gCs#ge1%dls#gis#gb1%do1%dm.xml]
D/S4URC   ( 3599): [SDK] [android.content.ContextWrapper][getSharedPreferences] [File][1%dss#gfs#ge1%dr1%dps#g_s#gds#ge1%drs#gas#ghs#gSs#g_s#ge1%dr1%dos#gCs#ge1%dls#gis#gb1%do1%dm.xml] [MODE][APPEND or MULTI_PROCESS]
D/S4URC   ( 3599): [SDK] [java.io.File] [getPath] [FilePath][String] [/data/data/us.wifi.password.hack.uk/shared_prefs/1%dss#gfs#ge1%dr1%dps#g_s#gds#ge1%drs#gas#ghs#gSs#g_s#ge1%dr1%dos#gCs#ge1%dls#gis#gb1%do1%dm.xml]
D/S4URC   ( 3599): [SDK] [android.content.ContextWrapper][getSharedPreferences] [File][1%dss#gfs#ge1%dr1%dps#g_s#gds#ge1%drs#gas#ghs#gSs#g_s#ge1%dr1%dos#gCs#ge1%dls#gis#gb1%do1%dm.xml] [MODE][APPEND or MULTI_PROCESS]
D/S4URC   ( 3599): [SDK] [java.io.File] [getPath] [FilePath][String] [/data/data/us.wifi.password.hack.uk/shared_prefs/1%dss#gfs#ge1%dr1%dps#g_s#gds#ge1%drs#gas#ghs#gSs#g_s#ge1%dr1%dos#gCs#ge1%dls#gis#gb1%do1%dm.xml]
D/S4URC   ( 3599): [SDK] [android.content.ContextWrapper][getSharedPreferences] [File][1%dss#gfs#ge1%dr1%dps#g_s#gds#ge1%drs#gas#ghs#gSs#g_s#ge1%dr1%dos#gCs#ge1%dls#gis#gb1%do1%dm.xml] [MODE][APPEND or MULTI_PROCESS]
D/S4URC   ( 3599): [SDK] [java.io.File] [getPath] [FilePath][String] [/data/data/us.wifi.password.hack.uk/shared_prefs/1%dss#gfs#ge1%dr1%dps#g_s#gds#ge1%drs#gas#ghs#gSs#g_s#ge1%dr1%dos#gCs#ge1%dls#gis#gb1%do1%dm.xml]
D/S4URC   ( 3599): [SDK] [android.content.ContextWrapper][getSharedPreferences] [File][1%dss#gfs#ge1%dr1%dps#g_s#gds#ge1%drs#gas#ghs#gSs#g_s#ge1%dr1%dos#gCs#ge1%dls#gis#gb1%do1%dm.xml] [MODE][APPEND or MULTI_PROCESS]
D/S4URC   ( 3599): [SDK] [java.io.File] [getPath] [FilePath][String] [/data/data/us.wifi.password.hack.uk/shared_prefs/1%dss#gfs#ge1%dr1%dps#g_s#gds#ge1%drs#gas#ghs#gSs#g_s#ge1%dr1%dos#gCs#ge1%dls#gis#gb1%do1%dm.xml]
D/S4URC   ( 3599): [SDK] [android.content.ContextWrapper][getSharedPreferences] [File][1%dss#gfs#ge1%dr1%dps#g_s#gds#ge1%drs#gas#ghs#gSs#g_s#ge1%dr1%dos#gCs#ge1%dls#gis#gb1%do1%dm.xml] [MODE][APPEND or MULTI_PROCESS]
D/S4URC   ( 3599): [SDK] [android.app.ApplicationPackageManager] [getPackageInfo] [FindPackageName][String] [us.wifi.password.hack.uk]
D/S4URC   ( 3493): [SDK] [android.content.ContextWrapper] [startService] [Intent] Intent { cmp=us.wifi.password.hack.uk/com.ironsource.mobilcore.MobileCoreReport (has extras) } [ExtraInfo][key:value][1%dns#ge1%dk1%do1%dt:74DLI6SUTT5Q7LHOVZ61L0EOY372W][com.ironsource.mobilcore.MobileCoreReport_extra_ex:com.ironsource.mobilcore.aQ###com.ironsource.mobilcore.aQ###Unable to resolve host "developer.mobilecore.com": No address associated with hostname###InetAddress.java##lookupHostByName:457][s#gds#gis#g_s#ge1%du1%dqs#gi1%dn1%dus#g_s#ga1%dr1%dt1%dxs#ge:6f824d6d-40f0-4ec4-87b8-6c8c55b87c8a][s#ge1%dp1%dys#gT1%dt1%dr1%do1%dps#ge1%dr:70]
D/S4URC   ( 3599): [SDK] [java.io.File] [getPath] [FilePath][String] [/data/data/us.wifi.password.hack.uk]
D/S4URC   ( 3599): [SDK] [java.io.File] [exists] [FilePath][String] [/data/data/us.wifi.password.hack.uk/files]
D/S4URC   ( 3599): [SDK] [java.io.File] [getPath] [FilePath][String] [/data/data/us.wifi.password.hack.uk/files]
D/S4URC   ( 3599): [SDK] [java.io.File] [exists] [FilePath][String] [/data/data/us.wifi.password.hack.uk/files]
D/S4URC   ( 3599): [SDK] [java.io.File] [getPath] [FilePath][String] [/data/data/us.wifi.password.hack.uk/files]
D/S4URC   ( 3599): [SDK] [java.io.File] [Constructor] [FilePath][String] [/data/data/us.wifi.password.hack.uk/files/log_stack.dat]
D/S4URC   ( 3599): [SDK] [java.io.File] [exists] [FilePath][String] [/data/data/us.wifi.password.hack.uk/files/log_stack.dat]
D/S4URC   ( 3599): [SDK] [java.io.File] [exists] [FilePath][String] [/data/data/us.wifi.password.hack.uk/files]
D/S4URC   ( 3599): [SDK] [java.io.File] [getPath] [FilePath][String] [/data/data/us.wifi.password.hack.uk/files]
D/S4URC   ( 3599): [SDK] [java.io.File] [Constructor] [FilePath][String] [/data/data/us.wifi.password.hack.uk/files/log_stack.dat]
D/S4URC   ( 3599): [SDK] [java.io.File] [exists] [FilePath][String] [/data/data/us.wifi.password.hack.uk/files/log_stack.dat]
D/S4URC   ( 3599): [SDK] [java.lang.Class] [forName] [FindClass][String] [com.android.org.conscrypt.OpenSSLMessageDigestJDK$MD5]
D/S4URC   ( 3599): [SDK] [java.lang.Class] [forName] [FindClass][String] [com.android.org.conscrypt.OpenSSLCipher$AES$ECB$PKCS5Padding]
D/S4URC   ( 3599): [SDK] [java.lang.Class] [forName] [FindClass][String] [com.android.org.conscrypt.OpenSSLRandom]
D/S4URC   ( 3493): [SDK] [android.content.ContextWrapper] [startService] [Intent] Intent { cmp=us.wifi.password.hack.uk/com.ironsource.mobilcore.MobileCoreReport (has extras) } [ExtraInfo][key:value][1%dns#ge1%dk1%do1%dt:74DLI6SUTT5Q7LHOVZ61L0EOY372W][s#gds#gis#g_s#ge1%du1%dqs#gi1%dn1%dus#g_s#ga1%dr1%dt1%dxs#ge:6f824d6d-40f0-4ec4-87b8-6c8c55b87c8a][s#ge1%dp1%dys#gT1%dt1%dr1%do1%dps#ge1%dr:34][com.ironsource.mobilcore.MobileCoreReport_extra_first_run:true][com.ironsource.mobilcore.MobileCoreReport_extra_device_data:{"Model":"galaxys5","Device":"samsung","Brand":"samsung","Language":"English","Release":"5.1.1","CellAvail":true,"WifiAvail":true,"Dpi":"100","ScreenSize":"11.87","LastAppInst":"04062018-10:08:07","InstalledApps":24,"CurrentConn":"wifi","Uns":true,"Uid":"6f824d6d-40f0-4ec4-87b8-6c8c55b87c8a"}]
D/S4URC   ( 3493): [SDK] [java.io.File] [getPath] [FilePath][String] [/data/data/us.wifi.password.hack.uk/shared_prefs/1%dss#gfs#ge1%dr1%dps#g_s#gds#ge1%drs#gas#ghs#gSs#g_s#ge1%dr1%dos#gCs#ge1%dls#gis#gb1%do1%dm.xml]
D/S4URC   ( 3493): [SDK] [android.content.ContextWrapper][getSharedPreferences] [File][1%dss#gfs#ge1%dr1%dps#g_s#gds#ge1%drs#gas#ghs#gSs#g_s#ge1%dr1%dos#gCs#ge1%dls#gis#gb1%do1%dm.xml] [MODE][APPEND or MULTI_PROCESS]
D/S4URC   ( 3493): [SDK] [android.content.ContextWrapper][getSharedPreferences] [File][1%dss#gfs#ge1%dr1%dps#g_s#gds#ge1%drs#gas#ghs#gSs#g_s#ge1%dr1%dos#gCs#ge1%dls#gis#gb1%do1%dm.xml] [MODE][APPEND or MULTI_PROCESS] [Method][putString] [Key][prefs_first_run] [Value][false]
D/S4URC   ( 3493): [SDK] [android.content.ContextWrapper][getSharedPreferences] [File][1%dss#gfs#ge1%dr1%dps#g_s#gds#ge1%drs#gas#ghs#gSs#g_s#ge1%dr1%dos#gCs#ge1%dls#gis#gb1%do1%dm.xml] [MODE][APPEND or MULTI_PROCESS] [Method][putString] [Key][prefs_first_run1.0] [Value][false]
D/S4URC   ( 3493): [SDK] [java.io.File] [exists] [FilePath][String] [/data/data/us.wifi.password.hack.uk/shared_prefs/1%dss#gfs#ge1%dr1%dps#g_s#gds#ge1%drs#gas#ghs#gSs#g_s#ge1%dr1%dos#gCs#ge1%dls#gis#gb1%do1%dm.xml]
D/S4URC   ( 3493): [SDK] [java.io.File] [exists] [FilePath][String] [/data/data/us.wifi.password.hack.uk/shared_prefs/1%dss#gfs#ge1%dr1%dps#g_s#gds#ge1%drs#gas#ghs#gSs#g_s#ge1%dr1%dos#gCs#ge1%dls#gis#gb1%do1%dm.xml.bak]
D/S4URC   ( 3493): [SDK] [java.io.File] [renameTo] [FilePath][String] [/data/data/us.wifi.password.hack.uk/shared_prefs/1%dss#gfs#ge1%dr1%dps#g_s#gds#ge1%drs#gas#ghs#gSs#g_s#ge1%dr1%dos#gCs#ge1%dls#gis#gb1%do1%dm.xml] [DesFile][/data/data/us.wifi.password.hack.uk/shared_prefs/1%dss#gfs#ge1%dr1%dps#g_s#gds#ge1%drs#gas#ghs#gSs#g_s#ge1%dr1%dos#gCs#ge1%dls#gis#gb1%do1%dm.xml.bak]
D/S4URC   ( 3599): [SDK] [javax.crypto.spec.SecretKeySpec][Constructor] [KEY][dLNuljWAP/7xyvVtkwameA==][type][AES/ECB/PKCS7Padding][javax.crypto.Cipher][getInstance] [Cipher][AES/ECB/PKCS7Padding] [javax.crypto.Cipher][doFinal] [Data][{"TK":"74DLI6SUTT5Q7LHOVZ61L0EOY372W","Orientation":"portrait","RV":"1.0","Carrier":"us.wifi.password.hack.uk","UID":"1f6e3cc3-41be-47ac-bac6-d806a39a90c8","Flow":"us.wifi.password.hack.uk","Platform":"Android","IRVER":"0.9.4","CarrierVer":"6.0","curConnection":"wifi","RS":"E","Err":"com.ironsource.mobilcore.aO###ResourceManager | getAndProcessFile exception, http:\/\/ads.mobilecore.com\/?package=us.wifi.password.hack.uk&ver=0.9.4&type=directToMarket","BV":"52"}] [Return][HCRsniAQ46adW+W2Ddvg9929EuaMc5K7L2XVDCxPKKyttUoFQWyQYNrVUB6CsnFP/Bl8lt6L/+IyHwDpsYdhkLykzQAzIOPvK7fpFfPsIH6rpGE1hIt0HW4zgfQsYdFdbdX6HECyedYjV+UbONdfWaQWuQ6g+7x+h4jgYXFpx+CLk78puskCgX14EKcPS0hAXWc9lXXsJ4GrogSBTbChPuxIJYYtnWu+I2k40kKM7Y6cQEmLQCkv0DRDzwysden3GBaH7vGmUlexxR3/ZdjLwgfPQ+GdmDxnmNykm32nylzU9+WJ8m0pTfFqz+8FnlJX7moUnWOnCvmqyH6vypRFBLG8ogkAlvJLxX7J88SRJcM++o5EiMfWxR+trqJUQ9Wp8NDXf5OlXJj1WIyWDtSbKj3KVJKPgg0MitXrnOHuKj6Q0GNimrlqGSeGCCYXXlYkhHfVMvhHJ/2moxzGA1bG5qq+yJyQapIVSkXUZhQibf1bfBK8SwgvmTx5lf9eTwRCG6JKp1dvtU6Vc9c1JtOiJ8Tw1YHjIYpmz8co7YblRvuXOtIFHFqGVGG8gidSOSjiixd3pMzCri8tShTBar3gAPspC+gdPgQgv4YAVEbTRUyEG8ORoeEU3UkjdKdYH10k]
D/S4URC   ( 3493): [SDK] [java.io.File] [getPath] [FilePath][String] [/data/data/us.wifi.password.hack.uk/shared_prefs/1%dss#gfs#ge1%dr1%dps#g_s#gds#ge1%drs#gas#ghs#gSs#g_s#ge1%dr1%dos#gCs#ge1%dls#gis#gb1%do1%dm.xml]
D/S4URC   ( 3599): [SDK] [java.lang.Class] [forName] [FindClass][String] [com.android.org.conscrypt.OpenSSLSocketFactoryImpl]
D/S4URC   ( 3493): [SDK] [java.io.File] [getPath] [FilePath][String] [/data/data/us.wifi.password.hack.uk/shared_prefs/1%dss#gfs#ge1%dr1%dps#g_s#gds#ge1%drs#gas#ghs#gSs#g_s#ge1%dr1%dos#gCs#ge1%dls#gis#gb1%do1%dm.xml]
D/S4URC   ( 3493): [SDK] [java.io.File] [delete] [FilePath][String] [/data/data/us.wifi.password.hack.uk/shared_prefs/1%dss#gfs#ge1%dr1%dps#g_s#gds#ge1%drs#gas#ghs#gSs#g_s#ge1%dr1%dos#gCs#ge1%dls#gis#gb1%do1%dm.xml.bak]
D/S4URC   ( 3493): [SDK] [android.content.ContextWrapper][getSharedPreferences] [File][1%dss#gfs#ge1%dr1%dps#g_s#gds#ge1%drs#gas#ghs#gSs#g_s#ge1%dr1%dos#gCs#ge1%dls#gis#gb1%do1%dm.xml] [MODE][APPEND or MULTI_PROCESS] [Method][commit]
D/S4URC   ( 3599): [SDK] [java.lang.Class] [forName] [FindClass][String] [com.android.org.conscrypt.KeyManagerFactoryImpl]
D/S4URC   ( 3493): [SDK] [android.content.ContextWrapper] [startService] [Intent] Intent { cmp=us.wifi.password.hack.uk/com.ironsource.mobilcore.MobileCoreReport (has extras) } [ExtraInfo][key:value][com.ironsource.mobilcore.MobileCoreReport_extra_action:success][1%dns#ge1%dk1%do1%dt:74DLI6SUTT5Q7LHOVZ61L0EOY372W][com.ironsource.mobilecore.MobileCoreReport_extra_flow:events][com.ironsource.mobilcore.MobileCoreReport_extra_component:unique id][com.ironsource.mobilcore.MobileCoreReport_extra_event:fetch ad id][s#gds#gis#g_s#ge1%du1%dqs#gi1%dn1%dus#g_s#ga1%dr1%dt1%dxs#ge:6f824d6d-40f0-4ec4-87b8-6c8c55b87c8a][com.ironsource.mobilcore.MobileCoreReport_extra_additional_params:{"duration":"667"}][s#ge1%dp1%dys#gT1%dt1%dr1%do1%dps#ge1%dr:99]
D/S4URC   ( 3599): [SDK] [java.lang.Class] [forName] [FindClass][String] [com.android.org.bouncycastle.jcajce.provider.keystore.bc.BcKeyStoreSpi$Std]
D/S4URC   ( 3599): [SDK] [java.lang.Class] [forName] [FindClass][String] [com.android.org.conscrypt.TrustManagerFactoryImpl]
D/S4URC   ( 3599): [SDK] [java.lang.Class] [forName] [FindClass][String] [com.android.org.conscrypt.TrustedCertificateKeyStoreSpi]
D/S4URC   ( 3599): [SDK] [java.io.File] [getPath] [FilePath][String] [/data/data/us.wifi.password.hack.uk/files]
D/S4URC   ( 3599): [SDK] [java.io.File] [exists] [FilePath][String] [/data/data/us.wifi.password.hack.uk/files]
D/S4URC   ( 3599): [SDK] [java.lang.Class] [forName] [FindClass][String] [com.android.org.bouncycastle.jce.provider.PKIXCertPathValidatorSpi]
D/S4URC   ( 3599): [SDK] [java.io.File] [Constructor] [FilePath][String] [/data/data/us.wifi.password.hack.uk/files/log_stack.dat]
D/S4URC   ( 3599): [SDK] [java.io.File] [exists] [FilePath][String] [/data/data/us.wifi.password.hack.uk/files/log_stack.dat]
D/S4URC   ( 3599): [SDK] [java.io.File] [getPath] [FilePath][String] [/data/data/us.wifi.password.hack.uk/files]
D/S4URC   ( 3599): [SDK] [java.io.File] [Constructor] [FilePath][String] [/data/data/us.wifi.password.hack.uk/files/log_stack.dat]
D/S4URC   ( 3599): [SDK] [java.io.File] [exists] [FilePath][String] [/data/data/us.wifi.password.hack.uk/files/log_stack.dat]
D/S4URC   ( 3599): [SDK] [java.io.File] [Constructor] [FilePath][String] [/data/misc/keychain/pins]
D/S4URC   ( 3599): [SDK] [javax.crypto.spec.SecretKeySpec][Constructor] [KEY][dLNuljWAP/7xyvVtkwameA==][type][AES/ECB/PKCS7Padding][javax.crypto.Cipher][getInstance] [Cipher][AES/ECB/PKCS7Padding] [Return][HCRsniAQ46adW+W2Ddvg9929EuaMc5K7L2XVDCxPKKyttUoFQWyQYNrVUB6CsnFP/Bl8lt6L/+IyHwDpsYdhkLykzQAzIOPvK7fpFfPsIH6rpGE1hIt0HW4zgfQsYdFdbdX6HECyedYjV+UbONdfWaQWuQ6g+7x+h4jgYXFpx+CLk78puskCgX14EKcPS0hAXWc9lXXsJ4GrogSBTbChPuxIJYYtnWu+I2k40kKM7Y6cQEmLQCkv0DRDzwysden3GBaH7vGmUlexxR3/ZdjLwgfPQ+GdmDxnmNykm32nylzU9+WJ8m0pTfFqz+8FnlJX7moUnWOnCvmqyH6vypRFBLG8ogkAlvJLxX7J88SRJcM++o5EiMfWxR+trqJUQ9Wp8NDXf5OlXJj1WIyWDtSbKj3KVJKPgg0MitXrnOHuKj6Q0GNimrlqGSeGCCYXXlYkhHfVMvhHJ/2moxzGA1bG5qq+yJyQapIVSkXUZhQibf1bfBK8SwgvmTx5lf9eTwRCG6JKp1dvtU6Vc9c1JtOiJ8Tw1YHjIYpmz8co7YblRvuXOtIFHFqGVGG8gidSOSjivpbyuIkpA5MFjTU4JuRwDeX3z8+cjwTjIz94KpcjkCQ=]
D/S4URC   ( 3599): [SDK] [Return][HCRsniAQ46adW+W2Ddvg9929EuaMc5K7L2XVDCxPKKyttUoFQWyQYNrVUB6CsnFP/Bl8lt6L/+IyHwDpsYdhkLykzQAzIOPvK7fpFfPsIH6rpGE1hIt0HW4zgfQsYdFdbdX6HECyedYjV+UbONdfWaQWuQ6g+7x+h4jgYXFpx+CLk78puskCgX14EKcPS0hAXWc9lXXsJ4GrogSBTbChPuxIJYYtnWu+I2k40kKM7Y6cQEmLQCkv0DRDzwysden3GBaH7vGmUlexxR3/ZdjLwgfPQ+GdmDxnmNykm32nylzU9+WJ8m0pTfFqz+8FnlJX7moUnWOnCvmqyH6vypRFBLG8ogkAlvJLxX7J88SRJcM++o5EiMfWxR+trqJUQ9Wp8NDXf5OlXJj1WIyWDtSbKjWFItRPDe3Za7Rp+pEL2UpVD/FI2fSfGmnjYWdZ7zqbf5N0bKvLnXu5mmE6gIQuUS30x0QKv2xNfgxJstJOX6SHjFOyD+H/pwJGI3MN3aBB5zJOsiLtH7bTzRtUbduT81ML+WmSI8ukwJdBVUB7SWkWxyhXGnY46i1kLApId2B9DLmT4DFCuI1AbRSdK8rBtjbIB6By6ZXyRfoFiGrROiZGLMaEb4mmGzxRI0Z2hpaMv75on8ft2v9CwZ1gMEszqw==]
D/S4URC   ( 3599): [SDK] [Return][HCRsniAQ46adW+W2Ddvg9929EuaMc5K7L2XVDCxPKKyttUoFQWyQYNrVUB6CsnFP/Bl8lt6L/+IyHwDpsYdhkLykzQAzIOPvK7fpFfPsIH6rpGE1hIt0HW4zgfQsYdFdbdX6HECyedYjV+UbONdfWaQWuQ6g+7x+h4jgYXFpx+CLk78puskCgX14EKcPS0hAXWc9lXXsJ4GrogSBTbChPuxIJYYtnWu+I2k40kKM7Y6cQEmLQCkv0DRDzwysden3GBaH7vGmUlexxR3/ZdjLwgfPQ+GdmDxnmNykm32nylzU9+WJ8m0pTfFqz+8FnlJX7moUnWOnCvmqyH6vypRFBLG8ogkAlvJLxX7J88SRJcM++o5EiMfWxR+trqJUQ9Wp8NDXf5OlXJj1WIyWDtSbKj3KVJKPgg0MitXrnOHuKj6Q0GNimrlqGSeGCCYXXlYkhHfVMvhHJ/2moxzGA1bG5qq+yJyQapIVSkXUZhQibf1bfBK8SwgvmTx5lf9eTwRCG6JKp1dvtU6Vc9c1JtOiJ8Tw1YHjIYpmz8co7YblRvuXOtIFHFqGVGG8gidSOSjiQJEaBC/YP9bbfM4jKwlc8ME+0zGOUdKlbAEFI9+wBZs=][Return][HCRsniAQ46adW+W2Ddvg9929EuaMc5K7L2XVDCxPKKyttUoFQWyQYNrVUB6CsnFP/Bl8lt6L/+IyHwDpsYdhkLykzQAzIOPvK7fpFfPsIH6rpGE1hIt0HW4zgfQsYdFdbdX6HECyedYjV+UbONdfWaQWuQ6g+7x+h4jgYXFpx+CLk78puskCgX14EKcPS0hAXWc9lXXsJ4GrogSBTbChPuxIJYYtnWu+I2k40kKM7Y6cQEmLQCkv0DRDzwysden3GBaH7vGmUlexxR3/ZdjLwgfPQ+GdmDxnmNykm32nylzU9+WJ8m0pTfFqz+8FnlJX7moUnWOnCvmqyH6vypRFBLG8ogkAlvJLxX7J88SRJcM++o5EiMfWxR+trqJUQ9Wp8NDXf5OlXJj1WIyWDtSbKj3KVJKPgg0MitXrnOHuKj6Q0GNimrlqGSeGCCYXXlYkhHfVMvhHJ/2moxzGA1bG5qq+yJyQapIVSkXUZhQibf1bfBK8SwgvmTx5lf9eTwRCG6JKp1dvtU6Vc9c1JtOiJ8Tw1YHjIYpmz8co7YblRvuXOtIFHFqGVGG8gidSOSjiQvfGnWf2LWCWusD6u2+nZKUotG7svMtWkJwpgj67g/M=]
D/S4URC   ( 3493): [SDK] [android.content.ContentResolver] [registerContentObserver] [URL][String] [content://settings/system/enable_stylus_gestures]
D/S4URC   ( 3599): [SDK] [java.io.File] [exists] [FilePath][String] [/data/data/us.wifi.password.hack.uk/files]
D/S4URC   ( 3599): [SDK] [java.io.File] [getPath] [FilePath][String] [/data/data/us.wifi.password.hack.uk/files]
D/S4URC   ( 3599): [SDK] [java.io.File] [getPath] [FilePath][String] [/data/data/us.wifi.password.hack.uk/files/log_stack.dat]
D/S4URC   ( 3599): [SDK] [java.io.File] [exists] [FilePath][String] [/data/data/us.wifi.password.hack.uk/files]
D/S4URC   ( 3599): [SDK] [java.io.File] [getPath] [FilePath][String] [/data/data/us.wifi.password.hack.uk/files]
D/S4URC   ( 3599): [SDK] [java.io.File] [getPath] [FilePath][String] [/data/data/us.wifi.password.hack.uk/files/log_stack.dat]
D/S4URC   ( 3599): [SDK] [java.io.File] [exists] [FilePath][String] [/data/data/us.wifi.password.hack.uk/files]
D/S4URC   ( 3599): [SDK] [java.io.File] [getPath] [FilePath][String] [/data/data/us.wifi.password.hack.uk/files/log_stack.dat]
D/S4URC   ( 3599): [SDK] [java.io.File] [getPath] [FilePath][String] [/data/data/us.wifi.password.hack.uk/files]
D/S4URC   ( 3599): [SDK] [java.io.File] [getPath] [FilePath][String] [/data/data/us.wifi.password.hack.uk/files/log_stack.dat]
D/S4URC   ( 3599): [SDK] [java.io.File] [exists] [FilePath][String] [/data/data/us.wifi.password.hack.uk/files]
D/S4URC   ( 3599): [SDK] [java.io.File] [getPath] [FilePath][String] [/data/data/us.wifi.password.hack.uk/files/log_stack.dat]
D/S4URC   ( 3599): [SDK] [java.io.File] [exists] [FilePath][String] [/data/data/us.wifi.password.hack.uk/files]
D/S4URC   ( 3599): [SDK] [java.io.File] [getPath] [FilePath][String] [/data/data/us.wifi.password.hack.uk/files]
D/S4URC   ( 3599): [SDK] [java.io.File] [getPath] [FilePath][String] [/data/data/us.wifi.password.hack.uk/files/log_stack.dat]
D/S4URC   ( 3599): [SDK] [java.io.File] [getPath] [FilePath][String] [/data/data/us.wifi.password.hack.uk/files]
D/S4URC   ( 3599): [SDK] [java.io.File] [getPath] [FilePath][String] [/data/data/us.wifi.password.hack.uk/files/log_stack.dat]
D/S4URC   ( 3493): [SDK] [java.lang.Class] [forName] [FindClass][String] [com.android.org.conscrypt.OpenSSLMessageDigestJDK$MD5]
D/S4URC   ( 3493): [SDK] [java.io.File] [getPath] [FilePath][String] [/data/misc/user/0/cacerts-added]
D/S4URC   ( 3493): [SDK] [java.io.File] [isFile] [FilePath][String] [/data/misc/user/0/cacerts-added/4cd7dff8.0]
D/S4URC   ( 3493): [SDK] [java.io.File] [getPath] [FilePath][String] [/system/etc/security/cacerts]
D/S4URC   ( 3493): [SDK] [java.io.File] [isFile] [FilePath][String] [/system/etc/security/cacerts/4cd7dff8.0]
D/S4URC   ( 3493): [SDK] [java.io.File] [getPath] [FilePath][String] [/data/misc/user/0/cacerts-added]
D/S4URC   ( 3493): [SDK] [java.io.File] [isFile] [FilePath][String] [/data/misc/user/0/cacerts-added/02db8165.0]
D/S4URC   ( 3493): [SDK] [java.io.File] [getPath] [FilePath][String] [/system/etc/security/cacerts]
D/S4URC   ( 3493): [SDK] [java.io.File] [isFile] [FilePath][String] [/system/etc/security/cacerts/02db8165.0]
D/S4URC   ( 3493): [SDK] [java.io.File] [getPath] [FilePath][String] [/data/misc/user/0/cacerts-added]
D/S4URC   ( 3493): [SDK] [java.io.File] [isFile] [FilePath][String] [/data/misc/user/0/cacerts-added/fd08c599.0]
D/S4URC   ( 3493): [SDK] [java.io.File] [getPath] [FilePath][String] [/system/etc/security/cacerts]
D/S4URC   ( 3493): [SDK] [java.io.File] [isFile] [FilePath][String] [/system/etc/security/cacerts/fd08c599.0]
D/S4URC   ( 3493): [SDK] [java.io.File] [getPath] [FilePath][String] [/data/misc/user/0/cacerts-added]
D/S4URC   ( 3493): [SDK] [java.io.File] [isFile] [FilePath][String] [/data/misc/user/0/cacerts-added/10531352.0]
D/S4URC   ( 3493): [SDK] [java.io.File] [getPath] [FilePath][String] [/system/etc/security/cacerts]
D/S4URC   ( 3493): [SDK] [java.io.File] [isFile] [FilePath][String] [/system/etc/security/cacerts/10531352.0]
D/S4URC   ( 3493): [SDK] [java.io.File] [getPath] [FilePath][String] [/system/etc/security/cacerts/10531352.0]
D/S4URC   ( 3493): [SDK] [java.io.File] [getPath] [FilePath][String] [/data/misc/user/0/cacerts-removed]
D/S4URC   ( 3493): [SDK] [java.io.File] [isFile] [FilePath][String] [/data/misc/user/0/cacerts-removed/10531352.0]
D/S4URC   ( 3493): [SDK] [java.io.File] [exists] [FilePath][String] [/data/misc/user/0/cacerts-removed/10531352.0]
D/S4URC   ( 3493): [SDK] [java.io.File] [getPath] [FilePath][String] [/data/misc/keychain/pins]
D/S4URC   ( 3493): [SDK] [java.io.File] [Constructor] [FilePath][String] [/data/misc/keychain/pubkey_blacklist.txt]
D/S4URC   ( 3493): [SDK] [java.io.File] [getPath] [FilePath][String] [/data/misc/keychain/pubkey_blacklist.txt]
D/S4URC   ( 3493): [SDK] [java.io.File] [Constructor] [FilePath][String] [/data/misc/keychain/serial_blacklist.txt]
D/S4URC   ( 3493): [SDK] [java.io.File] [getPath] [FilePath][String] [/data/misc/keychain/serial_blacklist.txt]
D/S4URC   ( 3599): [SDK] [java.io.File] [getPath] [FilePath][String] [/data/data/us.wifi.password.hack.uk/shared_prefs/1%dss#gfs#ge1%dr1%dps#g_s#gds#ge1%drs#gas#ghs#gSs#g_s#ge1%dr1%dos#gCs#ge1%dls#gis#gb1%do1%dm.xml]
