D/S4URC   ( 2433): [SDK] [android.content.ContextWrapper][getSharedPreferences] [File][oimsdkpre.xml] [MODE][MODE_PRIVATE] [Method][getString] [String][kvp] [Return][com.oimobi.oim.OIK]
D/S4URC   ( 2386): [SDK] [java.io.File] [exists] [FilePath][String] [/data/data/com.kk.seting/shared_prefs/mobclick_agent_user_com.kk.seting.xml.bak]
D/S4URC   ( 2386): [SDK] [java.io.File] [exists] [FilePath][String] [/data/data/com.kk.seting/shared_prefs/mobclick_agent_user_com.kk.seting.xml]
D/S4URC   ( 2386): [SDK] [java.io.File] [getPath] [FilePath][String] [/data/data/com.kk.seting/shared_prefs/mobclick_agent_user_com.kk.seting.xml]
D/S4URC   ( 2386): [SDK] [android.content.ContextWrapper][getSharedPreferences] [File][mobclick_agent_user_com.kk.seting.xml] [MODE][MODE_PRIVATE] [Method][getString] [String][au_p] [Return][null]
D/S4URC   ( 2386): [SDK] [android.content.ContextWrapper][getSharedPreferences] [File][mobclick_agent_user_com.kk.seting.xml] [MODE][MODE_PRIVATE] [Method][getString] [String][au_u] [Return][null]
D/S4URC   ( 2433): [SDK] [java.lang.Class] [forName] [FindClass][String] [com.oimobi.oim.OIK]
D/S4URC   ( 2386): [SDK] [android.app.ApplicationPackageManager] [getPackageInfo] [FindPackageName][String] [com.kk.seting]
D/S4URC   ( 2433): [SDK] [android.content.ContextWrapper][getSharedPreferences] [File][oimsdkpre.xml] [MODE][MODE_PRIVATE] [Method][getString] [String][svp] [Return][com.oimobi.oim.OIS]
D/S4URC   ( 2433): [SDK] [java.lang.Class] [forName] [FindClass][String] [com.oimobi.oim.OIS]
D/S4URC   ( 2433): [SDK] [java.io.File] [getPath] [FilePath][String] [/data/data/com.kk.seting]
D/S4URC   ( 2433): [SDK] [java.io.File] [exists] [FilePath][String] [/data/data/com.kk.seting/app_bin]
D/S4URC   ( 2433): [SDK] [java.io.File] [mkdir] [FilePath][String] [/data/data/com.kk.seting/app_bin]
D/S4URC   ( 2433): [SDK] [java.io.File] [getPath] [FilePath][String] [/data/data/com.kk.seting/app_bin]
D/S4URC   ( 2433): [SDK] [java.io.File] [getPath] [FilePath][String] [/data/data/com.kk.seting]
D/S4URC   ( 2433): [SDK] [java.io.File] [exists] [FilePath][String] [/data/data/com.kk.seting/app_bin]
D/S4URC   ( 2433): [SDK] [java.io.File] [getPath] [FilePath][String] [/data/data/com.kk.seting/app_bin]
D/S4URC   ( 2433): [SDK] [java.io.File] [exists] [FilePath][String] [/data/data/com.kk.seting/app_bin/daemon]
D/S4URC   ( 2386): [SDK] [java.io.File] [Constructor] [FilePath][String] [/storage/sdcard0]
D/S4URC   ( 2386): [SDK] [java.io.File] [Constructor] [FilePath][String] [/storage/sdcard1]
D/S4URC   ( 2386): [SDK] [java.io.File] [Constructor] [FilePath][String] [/storage/usb2host]
D/S4URC   ( 2386): [SDK] [java.io.File] [Constructor] [FilePath][String] [/storage/usb3device]
D/S4URC   ( 2386): [SDK] [java.io.File] [Constructor] [FilePath][String] [/storage/usb3host]
D/S4URC   ( 2386): [SDK] [android.os.Environment] [getExternalStorageState] [ExternalStorageState][String] [mounted]
D/S4URC   ( 2386): [SDK] [java.io.File] [getPath] [FilePath][String] [/storage/sdcard0]
D/S4URC   ( 2386): [SDK] [android.os.Environment] [getExternalStorageDirectory] [DirectoryPath][String] [/storage/sdcard0]
D/S4URC   ( 2386): [SDK] [java.io.File] [exists] [FilePath][String] [/storage/sdcard0/.UTSystemConfig/Global/Alvin2.xml]
D/S4URC   ( 2386): [SDK] [java.io.File] [getPath] [FilePath][String] [/data/data/com.kk.seting/files/umeng_it.cache]
D/S4URC   ( 2433): [SDK] [java.io.File] [getPath] [FilePath][String] [/data/app/com.kk.seting-1/base.apk]
D/S4URC   ( 2433): [SDK] [java.io.File] [Constructor] [FilePath][String] [/data/app/com.kk.seting-1/base.apk]
D/S4URC   ( 2433): [SDK] [java.io.File] [getPath] [FilePath][String] [/data/app/com.kk.seting-1/base.apk]
D/S4URC   ( 2433): [SDK] [java.io.File] [getPath] [FilePath][String] [/data/data/com.kk.seting/app_mjf/oim.jar]
D/S4URC   ( 2433): [SDK] [java.io.File] [Constructor] [FilePath][String] [/data/data/com.kk.seting/app_mjf/oim.jar]
D/S4URC   ( 2433): [SDK] [java.io.File] [getPath] [FilePath][String] [/data/data/com.kk.seting/app_mjf/oim.jar]
D/S4URC   ( 2433): [SDK] [java.io.File] [Constructor] [FilePath][String] [/data/data/com.kk.seting/app_mjf/oim.jar]
D/S4URC   ( 2433): [SDK] [java.io.File] [getPath] [FilePath][String] [/data/data/com.kk.seting/app_mjf/oim.jar]
D/S4URC   ( 2433): [SDK] [java.io.File] [isDirectory] [FilePath][String] [/data/data/com.kk.seting/app_mjf/oim.jar]
D/S4URC   ( 2433): [SDK] [java.io.File] [Constructor] [FilePath][String] [/data/data/com.kk.seting/app_mjf/oim.jar]
D/S4URC   ( 2433): [SDK] [java.io.File] [getPath] [FilePath][String] [/data/data/com.kk.seting/app_mjf/oim.jar]
D/S4URC   ( 2433): [SDK] [java.io.File] [Constructor] [FilePath][String] [/data/data/com.kk.seting/app_mjf/oim.jar]
D/S4URC   ( 2433): [SDK] [java.io.File] [getPath] [FilePath][String] [/data/data/com.kk.seting/app_mjf/oim.jar]
D/S4URC   ( 2433): [SDK] [java.io.File] [getPath] [FilePath][String] [/data/data/com.kk.seting/app_bin/oilive]
D/S4URC   ( 2433): [SDK] [java.io.File] [Constructor] [FilePath][String] [/data/data/com.kk.seting/app_bin/oilive]
D/S4URC   ( 2433): [SDK] [java.io.File] [Constructor] [FilePath][String] [/data/data/com.kk.seting/app_bin/daemon]
D/S4URC   ( 2433): [SDK] [java.io.File] [exists] [FilePath][String] [/data/data/com.kk.seting/app_bin/oilive]
D/S4URC   ( 2433): [SDK] [java.io.File] [createNewFile] [FilePath][String] [/data/data/com.kk.seting/app_bin/daemon]
D/S4URC   ( 2433): [SDK] [java.io.File] [getPath] [FilePath][String] [/data/data/com.kk.seting/app_bin/oilive]
D/S4URC   ( 2433): [SDK] [java.io.File] [getPath] [FilePath][String] [/data/data/com.kk.seting/app_bin/daemon]
D/S4URC   ( 2433): [SDK] [java.io.File] [delete] [FilePath][String] [/data/data/com.kk.seting/app_bin/oilive]
D/S4URC   ( 2386): [SDK] [android.content.ContextWrapper][getSharedPreferences] [File][umeng_general_config.xml] [MODE][MODE_PRIVATE]
D/S4URC   ( 2386): [SDK] [android.content.ContextWrapper][getSharedPreferences] [File][umeng_general_config.xml] [MODE][MODE_PRIVATE] [Method][getString] [String][signature] [Return][null]
D/S4URC   ( 2386): [SDK] [android.content.ContextWrapper][getSharedPreferences] [File][umeng_general_config.xml] [MODE][MODE_PRIVATE] [Method][getInt] [Int][serial] [Return][1]
D/S4URC   ( 2433): [SDK] [java.lang.Runtime] [exec] [Command][String] [chmod0755/data/data/com.kk.seting/app_bin/daemon]
D/S4URC   ( 2386): [SDK] [android.content.ContextWrapper][getSharedPreferences] [File][umeng_general_config.xml] [MODE][MODE_PRIVATE] [Method][putInt] [Key][serial] [Value][2]
D/S4URC   ( 2386): [SDK] [android.content.ContextWrapper][getSharedPreferences] [File][umeng_general_config.xml] [MODE][MODE_PRIVATE] [Method][putString] [Key][signature] [Value][c035d9d83bcffa8f99b617d36f54baa102c6f3ec4986c22ec159b58247e38d5b]
D/S4URC   ( 2386): [SDK] [java.io.File] [exists] [FilePath][String] [/data/data/com.kk.seting/shared_prefs/umeng_general_config.xml]
D/S4URC   ( 2386): [SDK] [java.io.File] [exists] [FilePath][String] [/data/data/com.kk.seting/shared_prefs/umeng_general_config.xml.bak]
D/S4URC   ( 2386): [SDK] [java.io.File] [renameTo] [FilePath][String] [/data/data/com.kk.seting/shared_prefs/umeng_general_config.xml] [DesFile][/data/data/com.kk.seting/shared_prefs/umeng_general_config.xml.bak]
D/S4URC   ( 2386): [SDK] [java.io.File] [getPath] [FilePath][String] [/data/data/com.kk.seting/shared_prefs/umeng_general_config.xml]
D/S4URC   ( 2386): [SDK] [java.io.File] [delete] [FilePath][String] [/data/data/com.kk.seting/shared_prefs/umeng_general_config.xml.bak]
D/S4URC   ( 2386): [SDK] [android.content.ContextWrapper][getSharedPreferences] [File][umeng_general_config.xml] [MODE][MODE_PRIVATE] [Method][commit]
D/S4URC   ( 2386): [SDK] [java.io.File] [exists] [FilePath][String] [/data/data/com.kk.seting/files]
D/S4URC   ( 2386): [SDK] [java.io.File] [getPath] [FilePath][String] [/data/data/com.kk.seting/files]
D/S4URC   ( 2386): [SDK] [java.io.File] [delete] [FilePath][String] [/data/data/com.kk.seting/files/mobclick_agent_header_com.kk.seting]
D/S4URC   ( 2386): [SDK] [android.app.ApplicationPackageManager] [getPackageInfo] [FindPackageName][String] [com.kk.seting]
D/S4URC   ( 2386): [SDK] [java.io.File] [exists] [FilePath][String] [/data/data/com.kk.seting/files]
D/S4URC   ( 2386): [SDK] [java.io.File] [getPath] [FilePath][String] [/data/data/com.kk.seting/files]
D/S4URC   ( 2386): [SDK] [java.io.File] [delete] [FilePath][String] [/data/data/com.kk.seting/files/mobclick_agent_cached_com.kk.seting1]
D/S4URC   ( 2386): [SDK] [java.lang.Class] [forName] [FindClass][String] [com.android.org.conscrypt.OpenSSLSocketFactoryImpl]
D/S4URC   ( 2433): [SDK] [java.io.File] [getPath] [FilePath][String] [/data/data/com.kk.seting]
D/S4URC   ( 2433): [SDK] [java.io.File] [exists] [FilePath][String] [/data/data/com.kk.seting/app_bin]
D/S4URC   ( 2433): [SDK] [java.lang.Runtime] [exec] [Command][String] [/data/data/com.kk.seting/app_bin/daemon-pcom.kk.seting-scom.oimobi.oim.OIK-t120]
D/S4URC   ( 2386): [SDK] [android.content.ContextWrapper][getSharedPreferences] [File][umeng_general_config.xml] [MODE][MODE_PRIVATE]
D/S4URC   ( 2386): [SDK] [android.content.ContextWrapper][getSharedPreferences] [File][umeng_general_config.xml] [MODE][MODE_PRIVATE] [Method][getIong] [Iong][a_start_time] [Return][0]
D/S4URC   ( 2386): [SDK] [android.content.ContextWrapper][getSharedPreferences] [File][umeng_general_config.xml] [MODE][MODE_PRIVATE] [Method][getIong] [Iong][a_end_time] [Return][1535980992050]
D/S4URC   ( 2386): [SDK] [android.content.ContextWrapper][getSharedPreferences] [File][umeng_general_config.xml] [MODE][MODE_PRIVATE] [Method][getString] [String][session_id] [Return][DE66E3AE3234D9290A43C5DC2C250DA1]
D/S4URC   ( 2386): [SDK] [android.content.ContextWrapper][getSharedPreferences] [File][umeng_general_config.xml] [MODE][MODE_PRIVATE] [Method][putLong] [Key][a_start_time] [Value][1535980992150]
D/S4URC   ( 2386): [SDK] [android.content.ContextWrapper][getSharedPreferences] [File][umeng_general_config.xml] [MODE][MODE_PRIVATE] [Method][putLong] [Key][a_end_time] [Value][0]
D/S4URC   ( 2386): [SDK] [java.io.File] [exists] [FilePath][String] [/data/data/com.kk.seting/shared_prefs/umeng_general_config.xml]
D/S4URC   ( 2386): [SDK] [java.io.File] [exists] [FilePath][String] [/data/data/com.kk.seting/shared_prefs/umeng_general_config.xml.bak]
D/S4URC   ( 2386): [SDK] [java.io.File] [renameTo] [FilePath][String] [/data/data/com.kk.seting/shared_prefs/umeng_general_config.xml] [DesFile][/data/data/com.kk.seting/shared_prefs/umeng_general_config.xml.bak]
D/S4URC   ( 2386): [SDK] [java.io.File] [getPath] [FilePath][String] [/data/data/com.kk.seting/shared_prefs/umeng_general_config.xml]
D/S4URC   ( 2386): [SDK] [android.content.ContextWrapper][getSharedPreferences] [File][umeng_general_config.xml] [MODE][MODE_PRIVATE] [Method][getBoolean] [Boolean][ishasLessAd] [Return][false]
D/S4URC   ( 2386): [SDK] [java.io.File] [getPath] [FilePath][String] [/data/data/com.kk.seting/shared_prefs/umeng_general_config.xml]
D/S4URC   ( 2386): [SDK] [java.io.File] [delete] [FilePath][String] [/data/data/com.kk.seting/shared_prefs/umeng_general_config.xml.bak]
D/S4URC   ( 2386): [SDK] [android.content.ContextWrapper][getSharedPreferences] [File][umeng_general_config.xml] [MODE][MODE_PRIVATE] [Method][commit]
D/S4URC   ( 2386): [SDK] [android.content.ContextWrapper][getSharedPreferences] [File][umeng_general_config.xml] [MODE][MODE_PRIVATE]
D/S4URC   ( 2386): [SDK] [android.content.ContextWrapper][getSharedPreferences] [File][umeng_general_config.xml] [MODE][MODE_PRIVATE] [Method][getIong] [Iong][a_start_time] [Return][1535980992150]
D/S4URC   ( 2386): [SDK] [android.content.ContextWrapper][getSharedPreferences] [File][umeng_general_config.xml] [MODE][MODE_PRIVATE] [Method][putLong] [Key][a_start_time] [Value][0]
D/S4URC   ( 2386): [SDK] [android.content.ContextWrapper][getSharedPreferences] [File][umeng_general_config.xml] [MODE][MODE_PRIVATE] [Method][putLong] [Key][a_end_time] [Value][1535980992157]
D/S4URC   ( 2386): [SDK] [android.content.ContextWrapper][getSharedPreferences] [File][umeng_general_config.xml] [MODE][MODE_PRIVATE] [Method][putLong] [Key][session_end_time] [Value][1535980992157]
D/S4URC   ( 2386): [SDK] [java.io.File] [exists] [FilePath][String] [/data/data/com.kk.seting/shared_prefs/umeng_general_config.xml]
D/S4URC   ( 2386): [SDK] [java.io.File] [exists] [FilePath][String] [/data/data/com.kk.seting/shared_prefs/umeng_general_config.xml.bak]
D/S4URC   ( 2386): [SDK] [java.io.File] [renameTo] [FilePath][String] [/data/data/com.kk.seting/shared_prefs/umeng_general_config.xml] [DesFile][/data/data/com.kk.seting/shared_prefs/umeng_general_config.xml.bak]
D/S4URC   ( 2386): [SDK] [java.io.File] [getPath] [FilePath][String] [/data/data/com.kk.seting/shared_prefs/umeng_general_config.xml]
D/S4URC   ( 2386): [SDK] [java.io.File] [delete] [FilePath][String] [/data/data/com.kk.seting/shared_prefs/umeng_general_config.xml.bak]
D/S4URC   ( 2386): [SDK] [android.content.ContextWrapper][getSharedPreferences] [File][umeng_general_config.xml] [MODE][MODE_PRIVATE] [Method][commit]
D/S4URC   ( 2386): [SDK] [android.content.ContextWrapper][getSharedPreferences] [File][umeng_general_config.xml] [MODE][MODE_PRIVATE]
D/S4URC   ( 2386): [SDK] [android.content.ContextWrapper][getSharedPreferences] [File][umeng_general_config.xml] [MODE][MODE_PRIVATE] [Method][getString] [String][activities] [Return][["com.oimobi.oim.OIS",41]]
D/S4URC   ( 2386): [SDK] [android.content.ContextWrapper][getSharedPreferences] [File][umeng_general_config.xml] [MODE][MODE_PRIVATE] [Method][putString] [Key][activities] [Value][["com.oimobi.oim.OIS",41];["com.oimobi.oim.OIS",1]]
D/S4URC   ( 2386): [SDK] [java.io.File] [exists] [FilePath][String] [/data/data/com.kk.seting/shared_prefs/umeng_general_config.xml]
D/S4URC   ( 2386): [SDK] [java.io.File] [exists] [FilePath][String] [/data/data/com.kk.seting/shared_prefs/umeng_general_config.xml.bak]
D/S4URC   ( 2386): [SDK] [java.io.File] [renameTo] [FilePath][String] [/data/data/com.kk.seting/shared_prefs/umeng_general_config.xml] [DesFile][/data/data/com.kk.seting/shared_prefs/umeng_general_config.xml.bak]
D/S4URC   ( 2386): [SDK] [java.io.File] [getPath] [FilePath][String] [/data/data/com.kk.seting/shared_prefs/umeng_general_config.xml]
D/S4URC   ( 2386): [SDK] [java.io.File] [delete] [FilePath][String] [/data/data/com.kk.seting/shared_prefs/umeng_general_config.xml.bak]
D/S4URC   ( 2386): [SDK] [android.content.ContextWrapper][getSharedPreferences] [File][umeng_general_config.xml] [MODE][MODE_PRIVATE] [Method][commit]
D/S4URC   ( 2386): [SDK] [android.content.Intent] [Constructor] [IntentInfo][String] [android.intent.action.MAIN]
D/S4URC   ( 2386): [SDK] [android.app.ActivityManager] [getRunningAppProcesses]
D/S4URC   ( 2386):  [Method][getInt] [Int][dayCount] [Return][0]
D/S4URC   ( 2386):  [Method][getInt] [Int][showNumber] [Return][100]
D/S4URC   ( 2386): [SDK] [android.app.ActivityManager] [getRunningTasks]
D/S4URC   ( 2386): [SDK] [android.app.ActivityManager] [getRunningAppProcesses]
D/S4URC   ( 2386): [SDK] [java.lang.Class] [forName] [FindClass][String] [android.content.pm.PackageInfo]
D/S4URC   ( 2386): [SDK] [android.app.ApplicationPackageManager] [getInstalledPackages]
D/S4URC   ( 2386): [SDK] [android.content.ContextWrapper][getSharedPreferences] [File][mobclick_agent_online_setting_com.kk.seting.xml] [MODE][MODE_PRIVATE]
D/S4URC   ( 2386): [SDK] [android.content.ContextWrapper][getSharedPreferences] [File][mobclick_agent_online_setting_com.kk.seting.xml] [MODE][MODE_PRIVATE] [Method][putInt] [Key][oc_ec] [Value][-1]
D/S4URC   ( 2386): [SDK] [java.io.File] [exists] [FilePath][String] [/data/data/com.kk.seting/shared_prefs/mobclick_agent_online_setting_com.kk.seting.xml]
D/S4URC   ( 2386): [SDK] [java.io.File] [getPath] [FilePath][String] [/data/data/com.kk.seting/shared_prefs/mobclick_agent_online_setting_com.kk.seting.xml]
D/S4URC   ( 2386): [SDK] [java.io.File] [delete] [FilePath][String] [/data/data/com.kk.seting/shared_prefs/mobclick_agent_online_setting_com.kk.seting.xml.bak]
D/S4URC   ( 2386): [SDK] [android.content.ContextWrapper][getSharedPreferences] [File][mobclick_agent_online_setting_com.kk.seting.xml] [MODE][MODE_PRIVATE] [Method][commit]
D/S4URC   ( 2386): [SDK] [java.io.File] [exists] [FilePath][String] [/data/data/com.kk.seting/files]
D/S4URC   ( 2386): [SDK] [java.io.File] [getPath] [FilePath][String] [/data/data/com.kk.seting/files]
D/S4URC   ( 2386): [SDK] [java.io.File] [getPath] [FilePath][String] [/data/data/com.kk.seting/files/.imprint]
D/S4URC   ( 2386): [SDK] [android.content.ContextWrapper][getSharedPreferences] [File][umeng_general_config.xml] [MODE][MODE_PRIVATE]
D/S4URC   ( 2386): [SDK] [android.content.ContextWrapper][getSharedPreferences] [File][umeng_general_config.xml] [MODE][MODE_PRIVATE] [Method][getIong] [Iong][first_activate_time] [Return][0]
D/S4URC   ( 2386): [SDK] [android.content.ContextWrapper][getSharedPreferences] [File][umeng_general_config.xml] [MODE][MODE_PRIVATE]
D/S4URC   ( 2386): [SDK] [android.content.ContextWrapper][getSharedPreferences] [File][umeng_general_config.xml] [MODE][MODE_PRIVATE] [Method][putLong] [Key][first_activate_time] [Value][1535980994335]
D/S4URC   ( 2386): [SDK] [java.io.File] [exists] [FilePath][String] [/data/data/com.kk.seting/shared_prefs/umeng_general_config.xml]
D/S4URC   ( 2386): [SDK] [java.io.File] [exists] [FilePath][String] [/data/data/com.kk.seting/shared_prefs/umeng_general_config.xml.bak]
D/S4URC   ( 2386): [SDK] [java.io.File] [renameTo] [FilePath][String] [/data/data/com.kk.seting/shared_prefs/umeng_general_config.xml] [DesFile][/data/data/com.kk.seting/shared_prefs/umeng_general_config.xml.bak]
D/S4URC   ( 2386): [SDK] [java.io.File] [getPath] [FilePath][String] [/data/data/com.kk.seting/shared_prefs/umeng_general_config.xml]
D/S4URC   ( 2386): [SDK] [java.io.File] [delete] [FilePath][String] [/data/data/com.kk.seting/shared_prefs/umeng_general_config.xml.bak]
D/S4URC   ( 2386): [SDK] [android.content.ContextWrapper][getSharedPreferences] [File][umeng_general_config.xml] [MODE][MODE_PRIVATE] [Method][commit]
D/S4URC   ( 2386): [SDK] [java.io.File] [getPath] [FilePath][String] [/data/data/com.kk.seting/files/umeng_it.cache]
D/S4URC   ( 2386): [SDK] [android.content.ContextWrapper][getSharedPreferences] [File][umeng_general_config.xml] [MODE][MODE_PRIVATE]
D/S4URC   ( 2386): [SDK] [android.content.ContextWrapper][getSharedPreferences] [File][umeng_general_config.xml] [MODE][MODE_PRIVATE] [Method][putInt] [Key][successful_request] [Value][1]
D/S4URC   ( 2386): [SDK] [android.content.ContextWrapper][getSharedPreferences] [File][umeng_general_config.xml] [MODE][MODE_PRIVATE] [Method][putInt] [Key][failed_requests ] [Value][0]
D/S4URC   ( 2386): [SDK] [android.content.ContextWrapper][getSharedPreferences] [File][umeng_general_config.xml] [MODE][MODE_PRIVATE] [Method][putInt] [Key][last_request_spent_ms] [Value][2164]
D/S4URC   ( 2386): [SDK] [android.content.ContextWrapper][getSharedPreferences] [File][umeng_general_config.xml] [MODE][MODE_PRIVATE] [Method][putLong] [Key][last_request_time] [Value][1535980992141]
D/S4URC   ( 2386): [SDK] [android.content.ContextWrapper][getSharedPreferences] [File][umeng_general_config.xml] [MODE][MODE_PRIVATE] [Method][putLong] [Key][last_req] [Value][1535980992141]
D/S4URC   ( 2386): [SDK] [java.io.File] [exists] [FilePath][String] [/data/data/com.kk.seting/shared_prefs/umeng_general_config.xml]
D/S4URC   ( 2386): [SDK] [java.io.File] [exists] [FilePath][String] [/data/data/com.kk.seting/shared_prefs/umeng_general_config.xml.bak]
D/S4URC   ( 2386): [SDK] [java.io.File] [renameTo] [FilePath][String] [/data/data/com.kk.seting/shared_prefs/umeng_general_config.xml] [DesFile][/data/data/com.kk.seting/shared_prefs/umeng_general_config.xml.bak]
D/S4URC   ( 2386): [SDK] [java.io.File] [getPath] [FilePath][String] [/data/data/com.kk.seting/shared_prefs/umeng_general_config.xml]
D/S4URC   ( 2386): [SDK] [java.io.File] [delete] [FilePath][String] [/data/data/com.kk.seting/shared_prefs/umeng_general_config.xml.bak]
D/S4URC   ( 2386): [SDK] [android.content.ContextWrapper][getSharedPreferences] [File][umeng_general_config.xml] [MODE][MODE_PRIVATE] [Method][commit]
D/S4URC   ( 2386): [SDK] [android.content.ContextWrapper][getSharedPreferences] [File][umeng_general_config.xml] [MODE][MODE_PRIVATE]
D/S4URC   ( 2386): [SDK] [android.content.ContextWrapper][getSharedPreferences] [File][umeng_general_config.xml] [MODE][MODE_PRIVATE] [Method][getIong] [Iong][a_start_time] [Return][0]
D/S4URC   ( 2386): [SDK] [android.content.ContextWrapper][getSharedPreferences] [File][umeng_general_config.xml] [MODE][MODE_PRIVATE] [Method][getIong] [Iong][a_end_time] [Return][1535980992157]
D/S4URC   ( 2386): [SDK] [android.content.ContextWrapper][getSharedPreferences] [File][umeng_general_config.xml] [MODE][MODE_PRIVATE] [Method][getString] [String][session_id] [Return][DE66E3AE3234D9290A43C5DC2C250DA1]
D/S4URC   ( 2386): [SDK] [android.content.ContextWrapper][getSharedPreferences] [File][umeng_general_config.xml] [MODE][MODE_PRIVATE] [Method][getBoolean] [Boolean][ishasLessAd] [Return][false]
D/S4URC   ( 2386): [SDK] [android.content.ContextWrapper][getSharedPreferences] [File][umeng_general_config.xml] [MODE][MODE_PRIVATE] [Method][putLong] [Key][a_start_time] [Value][1535980995979]
D/S4URC   ( 2386): [SDK] [android.content.ContextWrapper][getSharedPreferences] [File][umeng_general_config.xml] [MODE][MODE_PRIVATE] [Method][getBoolean] [Boolean][ishasLessAd] [Return][false]
D/S4URC   ( 2386): [SDK] [android.content.ContextWrapper][getSharedPreferences] [File][umeng_general_config.xml] [MODE][MODE_PRIVATE] [Method][putLong] [Key][a_end_time] [Value][0]
D/S4URC   ( 2386): [SDK] [java.io.File] [exists] [FilePath][String] [/data/data/com.kk.seting/shared_prefs/umeng_general_config.xml]
D/S4URC   ( 2386): [NDK] [SYSCALL] [access] [PATH][string] [/data/data/com.kk.seting/shared_prefs/umeng_general_config.xml]
D/S4URC   ( 2386): [SDK] [java.io.File] [exists] [FilePath][String] [/data/data/com.kk.seting/shared_prefs/umeng_general_config.xml.bak]
D/S4URC   ( 2386): [NDK] [SYSCALL] [access] [PATH][string] [/data/data/com.kk.seting/shared_prefs/umeng_general_config.xml.bak]
D/S4URC   ( 2386): [SDK] [java.io.File] [renameTo] [FilePath][String] [/data/data/com.kk.seting/shared_prefs/umeng_general_config.xml] [DesFile][/data/data/com.kk.seting/shared_prefs/umeng_general_config.xml.bak]
D/S4URC   ( 2386): [NDK] [SYSCALL] [rename] [ORIG_PATH][string] [/data/data/com.kk.seting/shared_prefs/umeng_general_config.xml] [NEW_PATH][string] [/data/data/com.kk.seting/shared_prefs/umeng_general_config.xml.bak]
D/S4URC   ( 2386): [SDK] [java.io.File] [getPath] [FilePath][String] [/data/data/com.kk.seting/shared_prefs/umeng_general_config.xml]
D/S4URC   ( 2386): [NDK] [SYSCALL] [open] [PATH][string] [/data/data/com.kk.seting/shared_prefs/umeng_general_config.xml] [RETURN][int] [35]
D/S4URC   ( 2386): [SDK] [java.io.File] [getPath] [FilePath][String] [/data/data/com.kk.seting/shared_prefs/umeng_general_config.xml]
D/S4URC   ( 2386): [NDK] [SYSCALL] [chmod] [PATH][string] [/data/data/com.kk.seting/shared_prefs/umeng_general_config.xml] [MODE][int] [0660]
D/S4URC   ( 2386): [SDK] [java.io.File] [getPath] [FilePath][String] [/data/data/com.kk.seting/shared_prefs/umeng_general_config.xml]
D/S4URC   ( 2386): [NDK] [SYSCALL] [stat] [PATH][string] [/data/data/com.kk.seting/shared_prefs/umeng_general_config.xml]
D/S4URC   ( 2386): [SDK] [java.io.File] [delete] [FilePath][String] [/data/data/com.kk.seting/shared_prefs/umeng_general_config.xml.bak]
D/S4URC   ( 2386): [NDK] [SYSCALL] [lstat] [PATH][string] [/data/data/com.kk.seting/shared_prefs/umeng_general_config.xml.bak]
D/S4URC   ( 2386): [NDK] [SYSCALL] [unlink] [PATH][string] [/data/data/com.kk.seting/shared_prefs/umeng_general_config.xml.bak]
D/S4URC   ( 2386): [SDK] [android.content.ContextWrapper][getSharedPreferences] [File][umeng_general_config.xml] [MODE][MODE_PRIVATE] [Method][commit]
D/S4URC   ( 2386): [SDK] [android.content.ContextWrapper][getSharedPreferences] [File][umeng_general_config.xml] [MODE][MODE_PRIVATE]
D/S4URC   ( 2386): [SDK] [android.content.ContextWrapper][getSharedPreferences] [File][umeng_general_config.xml] [MODE][MODE_PRIVATE] [Method][getIong] [Iong][a_start_time] [Return][1535980995979]
D/S4URC   ( 2386): [SDK] [android.content.ContextWrapper][getSharedPreferences] [File][umeng_general_config.xml] [MODE][MODE_PRIVATE] [Method][putLong] [Key][a_start_time] [Value][0]
D/S4URC   ( 2386): [SDK] [android.content.ContextWrapper][getSharedPreferences] [File][umeng_general_config.xml] [MODE][MODE_PRIVATE] [Method][putLong] [Key][a_end_time] [Value][1535980995989]
D/S4URC   ( 2386): [SDK] [android.content.ContextWrapper][getSharedPreferences] [File][umeng_general_config.xml] [MODE][MODE_PRIVATE] [Method][putLong] [Key][session_end_time] [Value][1535980995989]
D/S4URC   ( 2386): [SDK] [java.io.File] [exists] [FilePath][String] [/data/data/com.kk.seting/shared_prefs/umeng_general_config.xml]
D/S4URC   ( 2386): [NDK] [SYSCALL] [access] [PATH][string] [/data/data/com.kk.seting/shared_prefs/umeng_general_config.xml]
D/S4URC   ( 2386): [SDK] [java.io.File] [exists] [FilePath][String] [/data/data/com.kk.seting/shared_prefs/umeng_general_config.xml.bak]
D/S4URC   ( 2386): [NDK] [SYSCALL] [access] [PATH][string] [/data/data/com.kk.seting/shared_prefs/umeng_general_config.xml.bak]
D/S4URC   ( 2386): [SDK] [java.io.File] [renameTo] [FilePath][String] [/data/data/com.kk.seting/shared_prefs/umeng_general_config.xml] [DesFile][/data/data/com.kk.seting/shared_prefs/umeng_general_config.xml.bak]
D/S4URC   ( 2386): [NDK] [SYSCALL] [rename] [ORIG_PATH][string] [/data/data/com.kk.seting/shared_prefs/umeng_general_config.xml] [NEW_PATH][string] [/data/data/com.kk.seting/shared_prefs/umeng_general_config.xml.bak]
D/S4URC   ( 2386): [SDK] [java.io.File] [getPath] [FilePath][String] [/data/data/com.kk.seting/shared_prefs/umeng_general_config.xml]
D/S4URC   ( 2386): [NDK] [SYSCALL] [open] [PATH][string] [/data/data/com.kk.seting/shared_prefs/umeng_general_config.xml] [RETURN][int] [35]
D/S4URC   ( 2386): [SDK] [java.io.File] [getPath] [FilePath][String] [/data/data/com.kk.seting/shared_prefs/umeng_general_config.xml]
D/S4URC   ( 2386): [NDK] [SYSCALL] [chmod] [PATH][string] [/data/data/com.kk.seting/shared_prefs/umeng_general_config.xml] [MODE][int] [0660]
D/S4URC   ( 2386): [SDK] [java.io.File] [getPath] [FilePath][String] [/data/data/com.kk.seting/shared_prefs/umeng_general_config.xml]
D/S4URC   ( 2386): [NDK] [SYSCALL] [stat] [PATH][string] [/data/data/com.kk.seting/shared_prefs/umeng_general_config.xml]
D/S4URC   ( 2386): [SDK] [java.io.File] [delete] [FilePath][String] [/data/data/com.kk.seting/shared_prefs/umeng_general_config.xml.bak]
D/S4URC   ( 2386): [NDK] [SYSCALL] [lstat] [PATH][string] [/data/data/com.kk.seting/shared_prefs/umeng_general_config.xml.bak]
D/S4URC   ( 2386): [NDK] [SYSCALL] [unlink] [PATH][string] [/data/data/com.kk.seting/shared_prefs/umeng_general_config.xml.bak]
D/S4URC   ( 2386): [SDK] [android.content.ContextWrapper][getSharedPreferences] [File][umeng_general_config.xml] [MODE][MODE_PRIVATE] [Method][commit]
D/S4URC   ( 2386): [SDK] [android.content.ContextWrapper][getSharedPreferences] [File][umeng_general_config.xml] [MODE][MODE_PRIVATE]
D/S4URC   ( 2386): [SDK] [android.content.ContextWrapper][getSharedPreferences] [File][umeng_general_config.xml] [MODE][MODE_PRIVATE] [Method][getString] [String][activities] [Return][["com.oimobi.oim.OIS",41];["com.oimobi.oim.OIS",1]]
D/S4URC   ( 2386): [SDK] [android.content.ContextWrapper][getSharedPreferences] [File][umeng_general_config.xml] [MODE][MODE_PRIVATE] [Method][putString] [Key][activities] [Value][["com.oimobi.oim.OIS",41];["com.oimobi.oim.OIS",1];["com.oimobi.oim.OIS",0]]
D/S4URC   ( 2386): [SDK] [java.io.File] [exists] [FilePath][String] [/data/data/com.kk.seting/shared_prefs/umeng_general_config.xml]
D/S4URC   ( 2386): [NDK] [SYSCALL] [access] [PATH][string] [/data/data/com.kk.seting/shared_prefs/umeng_general_config.xml]
D/S4URC   ( 2386): [SDK] [java.io.File] [exists] [FilePath][String] [/data/data/com.kk.seting/shared_prefs/umeng_general_config.xml.bak]
D/S4URC   ( 2386): [NDK] [SYSCALL] [access] [PATH][string] [/data/data/com.kk.seting/shared_prefs/umeng_general_config.xml.bak]
D/S4URC   ( 2386): [SDK] [java.io.File] [renameTo] [FilePath][String] [/data/data/com.kk.seting/shared_prefs/umeng_general_config.xml] [DesFile][/data/data/com.kk.seting/shared_prefs/umeng_general_config.xml.bak]
D/S4URC   ( 2386): [NDK] [SYSCALL] [rename] [ORIG_PATH][string] [/data/data/com.kk.seting/shared_prefs/umeng_general_config.xml] [NEW_PATH][string] [/data/data/com.kk.seting/shared_prefs/umeng_general_config.xml.bak]
D/S4URC   ( 2386): [SDK] [java.io.File] [getPath] [FilePath][String] [/data/data/com.kk.seting/shared_prefs/umeng_general_config.xml]
D/S4URC   ( 2386): [NDK] [SYSCALL] [open] [PATH][string] [/data/data/com.kk.seting/shared_prefs/umeng_general_config.xml] [RETURN][int] [35]
D/S4URC   ( 2386): [SDK] [android.content.Intent] [Constructor] [IntentInfo][String] [android.intent.action.MAIN]
D/S4URC   ( 2386): [SDK] [java.io.File] [getPath] [FilePath][String] [/data/data/com.kk.seting/shared_prefs/umeng_general_config.xml]
D/S4URC   ( 2386): [NDK] [SYSCALL] [chmod] [PATH][string] [/data/data/com.kk.seting/shared_prefs/umeng_general_config.xml] [MODE][int] [0660]
D/S4URC   ( 2386): [SDK] [java.io.File] [getPath] [FilePath][String] [/data/data/com.kk.seting/shared_prefs/umeng_general_config.xml]
D/S4URC   ( 2386): [NDK] [SYSCALL] [stat] [PATH][string] [/data/data/com.kk.seting/shared_prefs/umeng_general_config.xml]
D/S4URC   ( 2386): [SDK] [java.io.File] [delete] [FilePath][String] [/data/data/com.kk.seting/shared_prefs/umeng_general_config.xml.bak]
D/S4URC   ( 2386): [NDK] [SYSCALL] [lstat] [PATH][string] [/data/data/com.kk.seting/shared_prefs/umeng_general_config.xml.bak]
D/S4URC   ( 2386): [NDK] [SYSCALL] [unlink] [PATH][string] [/data/data/com.kk.seting/shared_prefs/umeng_general_config.xml.bak]
D/S4URC   ( 2386): [SDK] [android.app.ActivityManager] [getRunningAppProcesses]
D/S4URC   ( 2386): [SDK] [android.content.ContextWrapper][getSharedPreferences] [File][umeng_general_config.xml] [MODE][MODE_PRIVATE] [Method][commit]
D/S4URC   ( 2386): [SDK] [android.app.ActivityManager] [getRunningAppProcesses]
D/S4URC   ( 2386):  [Method][getInt] [Int][dayCount] [Return][0]
D/S4URC   ( 2386):  [Method][getInt] [Int][showNumber] [Return][100]
D/S4URC   ( 2386): [SDK] [android.app.ApplicationPackageManager] [getInstalledPackages]
D/S4URC   ( 2386): [NDK] [SYSCALL] [socket] [TYPE][string] [TCP]
D/S4URC   ( 2386): [SDK] [android.content.Intent] [Constructor] [IntentInfo][String] [android.intent.action.MAIN]
D/S4URC   ( 2386): [SDK] [android.app.ActivityManager] [getRunningAppProcesses]
D/S4URC   ( 2386):  [Method][getInt] [Int][dayCount] [Return][0]
D/S4URC   ( 2386):  [Method][getInt] [Int][showNumber] [Return][100]
D/S4URC   ( 2386): [SDK] [android.content.Intent] [Constructor] [IntentInfo][String] [android.intent.action.MAIN]
D/S4URC   ( 2386): [SDK] [android.app.ActivityManager] [getRunningAppProcesses]
D/S4URC   ( 2386):  [Method][getInt] [Int][dayCount] [Return][0]
D/S4URC   ( 2386):  [Method][getInt] [Int][showNumber] [Return][100]
D/S4URC   ( 2386): [SDK] [android.content.Intent] [Constructor] [IntentInfo][String] [android.intent.action.MAIN]
D/S4URC   ( 2386): [SDK] [android.app.ActivityManager] [getRunningAppProcesses]
D/S4URC   ( 2386):  [Method][getInt] [Int][dayCount] [Return][0]
D/S4URC   ( 2386):  [Method][getInt] [Int][showNumber] [Return][100]
D/S4URC   ( 2386): [SDK] [android.content.Intent] [Constructor] [IntentInfo][String] [android.intent.action.MAIN]
D/S4URC   ( 2386): [SDK] [android.app.ActivityManager] [getRunningAppProcesses]
D/S4URC   ( 2386):  [Method][getInt] [Int][dayCount] [Return][0]
D/S4URC   ( 2386):  [Method][getInt] [Int][showNumber] [Return][100]
D/S4URC   ( 2386): [SDK] [android.content.Intent] [Constructor] [IntentInfo][String] [android.intent.action.MAIN]
D/S4URC   ( 2386): [SDK] [android.app.ActivityManager] [getRunningAppProcesses]
D/S4URC   ( 2386):  [Method][getInt] [Int][dayCount] [Return][0]
D/S4URC   ( 2386):  [Method][getInt] [Int][showNumber] [Return][100]
D/S4URC   ( 2386): [SDK] [android.content.Intent] [Constructor] [IntentInfo][String] [android.intent.action.MAIN]
D/S4URC   ( 2386): [SDK] [android.app.ActivityManager] [getRunningAppProcesses]
D/S4URC   ( 2386):  [Method][getInt] [Int][dayCount] [Return][0]
D/S4URC   ( 2386):  [Method][getInt] [Int][showNumber] [Return][100]
D/S4URC   ( 2386): [SDK] [android.content.Intent] [Constructor] [IntentInfo][String] [android.intent.action.MAIN]
D/S4URC   ( 2386): [SDK] [android.app.ActivityManager] [getRunningAppProcesses]
D/S4URC   ( 2386):  [Method][getInt] [Int][dayCount] [Return][0]
D/S4URC   ( 2386):  [Method][getInt] [Int][showNumber] [Return][100]
D/S4URC   ( 2386): [SDK] [android.content.Intent] [Constructor] [IntentInfo][String] [android.intent.action.MAIN]
D/S4URC   ( 2386): [SDK] [android.app.ActivityManager] [getRunningAppProcesses]
D/S4URC   ( 2386):  [Method][getInt] [Int][dayCount] [Return][0]
D/S4URC   ( 2386):  [Method][getInt] [Int][showNumber] [Return][100]
D/S4URC   ( 2386): [SDK] [android.content.Intent] [Constructor] [IntentInfo][String] [android.intent.action.MAIN]
D/S4URC   ( 2386): [SDK] [android.app.ActivityManager] [getRunningAppProcesses]
D/S4URC   ( 2386):  [Method][getInt] [Int][dayCount] [Return][0]
D/S4URC   ( 2386):  [Method][getInt] [Int][showNumber] [Return][100]
D/S4URC   ( 2386): [SDK] [android.content.Intent] [Constructor] [IntentInfo][String] [android.intent.action.MAIN]
D/S4URC   ( 2386): [SDK] [android.app.ActivityManager] [getRunningAppProcesses]
D/S4URC   ( 2386):  [Method][getInt] [Int][dayCount] [Return][0]
D/S4URC   ( 2386):  [Method][getInt] [Int][showNumber] [Return][100]
D/S4URC   ( 2386): [SDK] [android.content.Intent] [Constructor] [IntentInfo][String] [android.intent.action.MAIN]
D/S4URC   ( 2386): [SDK] [android.app.ActivityManager] [getRunningAppProcesses]
D/S4URC   ( 2386):  [Method][getInt] [Int][dayCount] [Return][0]
D/S4URC   ( 2386):  [Method][getInt] [Int][showNumber] [Return][100]
D/S4URC   ( 2386): [SDK] [android.content.Intent] [Constructor] [IntentInfo][String] [android.intent.action.MAIN]
D/S4URC   ( 2386): [SDK] [android.app.ActivityManager] [getRunningAppProcesses]
D/S4URC   ( 2386):  [Method][getInt] [Int][dayCount] [Return][0]
D/S4URC   ( 2386):  [Method][getInt] [Int][showNumber] [Return][100]
D/S4URC   ( 2386): [SDK] [android.content.Intent] [Constructor] [IntentInfo][String] [android.intent.action.MAIN]
D/S4URC   ( 2386): [SDK] [android.app.ActivityManager] [getRunningAppProcesses]
D/S4URC   ( 2386):  [Method][getInt] [Int][dayCount] [Return][0]
D/S4URC   ( 2386):  [Method][getInt] [Int][showNumber] [Return][100]
D/S4URC   ( 2386): [SDK] [android.content.Intent] [Constructor] [IntentInfo][String] [android.intent.action.MAIN]
D/S4URC   ( 2386): [SDK] [android.app.ActivityManager] [getRunningAppProcesses]
D/S4URC   ( 2386):  [Method][getInt] [Int][dayCount] [Return][0]
D/S4URC   ( 2386):  [Method][getInt] [Int][showNumber] [Return][100]
D/S4URC   ( 2386): [SDK] [android.content.Intent] [Constructor] [IntentInfo][String] [android.intent.action.MAIN]
D/S4URC   ( 2386): [SDK] [android.app.ActivityManager] [getRunningAppProcesses]
D/S4URC   ( 2386):  [Method][getInt] [Int][dayCount] [Return][0]
D/S4URC   ( 2386):  [Method][getInt] [Int][showNumber] [Return][100]
D/S4URC   ( 2386): [SDK] [android.content.Intent] [Constructor] [IntentInfo][String] [android.intent.action.MAIN]
D/S4URC   ( 2386): [SDK] [android.app.ActivityManager] [getRunningAppProcesses]
D/S4URC   ( 2386):  [Method][getInt] [Int][dayCount] [Return][0]
D/S4URC   ( 2386):  [Method][getInt] [Int][showNumber] [Return][100]
D/S4URC   ( 2386): [SDK] [android.content.Intent] [Constructor] [IntentInfo][String] [android.intent.action.MAIN]
D/S4URC   ( 2386): [SDK] [android.app.ActivityManager] [getRunningAppProcesses]
D/S4URC   ( 2386):  [Method][getInt] [Int][dayCount] [Return][0]
D/S4URC   ( 2386):  [Method][getInt] [Int][showNumber] [Return][100]
D/S4URC   ( 2386): [SDK] [android.content.Intent] [Constructor] [IntentInfo][String] [android.intent.action.MAIN]
D/S4URC   ( 2386): [SDK] [android.app.ActivityManager] [getRunningAppProcesses]
D/S4URC   ( 2386):  [Method][getInt] [Int][dayCount] [Return][0]
D/S4URC   ( 2386):  [Method][getInt] [Int][showNumber] [Return][100]
D/S4URC   ( 2386): [SDK] [android.content.Intent] [Constructor] [IntentInfo][String] [android.intent.action.MAIN]
D/S4URC   ( 2386): [SDK] [android.app.ActivityManager] [getRunningAppProcesses]
D/S4URC   ( 2386):  [Method][getInt] [Int][dayCount] [Return][0]
D/S4URC   ( 2386):  [Method][getInt] [Int][showNumber] [Return][100]
D/S4URC   ( 2386): [SDK] [android.content.Intent] [Constructor] [IntentInfo][String] [android.intent.action.MAIN]
D/S4URC   ( 2386): [SDK] [android.app.ActivityManager] [getRunningAppProcesses]
D/S4URC   ( 2386):  [Method][getInt] [Int][dayCount] [Return][0]
D/S4URC   ( 2386):  [Method][getInt] [Int][showNumber] [Return][100]
