D/S4URC   ( 2623): [SDK] [java.io.File] [exists] [FilePath][String] [/data/user/0/com.socialnmobile.dictapps.notepad.color.note1/virtual/data/app/com.google.android.gms/oat]
D/S4URC   ( 2623): [SDK] [java.io.File] [mkdirs] [FilePath][String] [/data/user/0/com.socialnmobile.dictapps.notepad.color.note1/virtual/data/app/com.google.android.gms/oat]
D/S4URC   ( 2623): [SDK] [java.io.File] [getPath] [FilePath][String] [/data/user/0/com.socialnmobile.dictapps.notepad.color.note1/virtual/data/app/com.google.android.gms/oat]
D/S4URC   ( 2623): [SDK] [android.content.Intent] [Constructor] [IntentInfo][String] [virtual.android.intent.action.PACKAGE_ADDED]
D/S4URC   ( 2623): [SDK] [android.content.Intent] [Constructor] [IntentInfo][String] [android.accounts.AccountAuthenticator]
D/S4URC   ( 2623): [SDK] [java.lang.Class] [forName] [FindClass][String] [com.android.internal.R$styleable]
D/S4URC   ( 2600): [SDK] [android.app.ApplicationPackageManager] [getApplicationInfo] [FindApplicationName][String] [com.google.android.backuptransport]
D/S4URC   ( 2623): [SDK] [java.io.File] [Constructor] [FilePath][String] [/system/priv-app/GoogleBackupTransport/GoogleBackupTransport.apk]
D/S4URC   ( 2623): [SDK] [java.io.File] [exists] [FilePath][String] [/system/priv-app/GoogleBackupTransport/GoogleBackupTransport.apk]
D/S4URC   ( 2623): [SDK] [java.io.File] [isFile] [FilePath][String] [/system/priv-app/GoogleBackupTransport/GoogleBackupTransport.apk]
D/S4URC   ( 2623): [SDK] [java.io.File] [isDirectory] [FilePath][String] [/system/priv-app/GoogleBackupTransport/GoogleBackupTransport.apk]
D/S4URC   ( 2623): [SDK] [java.io.File] [getPath] [FilePath][String] [/data/user/0/com.socialnmobile.dictapps.notepad.color.note1/virtual/data]
D/S4URC   ( 2623): [SDK] [java.io.File] [exists] [FilePath][String] [/data/user/0/com.socialnmobile.dictapps.notepad.color.note1/virtual/data/app]
D/S4URC   ( 2623): [SDK] [java.io.File] [getPath] [FilePath][String] [/data/user/0/com.socialnmobile.dictapps.notepad.color.note1/virtual/data/app]
D/S4URC   ( 2623): [SDK] [java.io.File] [exists] [FilePath][String] [/data/user/0/com.socialnmobile.dictapps.notepad.color.note1/virtual/data/app/com.google.android.backuptransport]
D/S4URC   ( 2623): [SDK] [java.io.File] [mkdirs] [FilePath][String] [/data/user/0/com.socialnmobile.dictapps.notepad.color.note1/virtual/data/app/com.google.android.backuptransport]
D/S4URC   ( 2623): [SDK] [java.io.File] [getPath] [FilePath][String] [/data/user/0/com.socialnmobile.dictapps.notepad.color.note1/virtual/data/app/com.google.android.backuptransport]
D/S4URC   ( 2623): [SDK] [java.io.File] [exists] [FilePath][String] [/data/user/0/com.socialnmobile.dictapps.notepad.color.note1/virtual/data/app/com.google.android.backuptransport/lib]
D/S4URC   ( 2623): [SDK] [java.io.File] [mkdirs] [FilePath][String] [/data/user/0/com.socialnmobile.dictapps.notepad.color.note1/virtual/data/app/com.google.android.backuptransport/lib]
D/S4URC   ( 2623): [SDK] [android.app.ApplicationPackageManager] [getApplicationInfo] [FindApplicationName][String] [com.google.android.backuptransport]
D/S4URC   ( 2623): [SDK] [java.io.File] [Constructor] [FilePath][String] [/system/priv-app/GoogleBackupTransport/GoogleBackupTransport.apk]
D/S4URC   ( 2623): [SDK] [java.io.File] [isDirectory] [FilePath][String] [/system/priv-app/GoogleBackupTransport/GoogleBackupTransport.apk]
D/S4URC   ( 2623): [SDK] [java.io.File] [Constructor] [FilePath][String] [/system/priv-app/GoogleBackupTransport/GoogleBackupTransport.apk]
D/S4URC   ( 2623): [SDK] [java.io.File] [getPath] [FilePath][String] [/system/priv-app/GoogleBackupTransport/GoogleBackupTransport.apk]
D/S4URC   ( 2623): [SDK] [java.io.File] [Constructor] [FilePath][String] [/system/priv-app/GoogleBackupTransport/GoogleBackupTransport.apk]
D/S4URC   ( 2623): [SDK] [java.io.File] [getPath] [FilePath][String] [/system/priv-app/GoogleBackupTransport/GoogleBackupTransport.apk]
D/S4URC   ( 2623): [SDK] [java.io.File] [getPath] [FilePath][String] [/data/user/0/com.socialnmobile.dictapps.notepad.color.note1/virtual/data/app/com.google.android.backuptransport/lib]
D/S4URC   ( 2623): [SDK] [java.io.File] [getPath] [FilePath][String] [/data/user/0/com.socialnmobile.dictapps.notepad.color.note1/virtual/data/app/com.google.android.backuptransport]
D/S4URC   ( 2623): [SDK] [java.io.File] [exists] [FilePath][String] [/data/user/0/com.socialnmobile.dictapps.notepad.color.note1/virtual/data/app/com.google.android.backuptransport/oat]
D/S4URC   ( 2623): [SDK] [java.io.File] [mkdirs] [FilePath][String] [/data/user/0/com.socialnmobile.dictapps.notepad.color.note1/virtual/data/app/com.google.android.backuptransport/oat]
D/S4URC   ( 2623): [SDK] [java.io.File] [getPath] [FilePath][String] [/data/user/0/com.socialnmobile.dictapps.notepad.color.note1/virtual/data/app/com.google.android.backuptransport/oat]
D/S4URC   ( 2623): [SDK] [android.content.Intent] [Constructor] [IntentInfo][String] [virtual.android.intent.action.PACKAGE_ADDED]
D/S4URC   ( 2623): [SDK] [android.content.Intent] [Constructor] [IntentInfo][String] [android.accounts.AccountAuthenticator]
D/S4URC   ( 2600): [SDK] [android.app.ApplicationPackageManager] [getApplicationInfo] [FindApplicationName][String] [com.google.android.backup]
D/S4URC   ( 2600): [SDK] [android.app.ApplicationPackageManager] [getApplicationInfo] [FindApplicationName][String] [com.google.android.configupdater]
D/S4URC   ( 2600): [SDK] [android.app.ApplicationPackageManager] [getApplicationInfo] [FindApplicationName][String] [com.google.android.syncadapters.contacts]
D/S4URC   ( 2623): [SDK] [java.io.File] [Constructor] [FilePath][String] [/system/app/GoogleContactsSyncAdapter/GoogleContactsSyncAdapter.apk]
D/S4URC   ( 2623): [SDK] [java.io.File] [exists] [FilePath][String] [/system/app/GoogleContactsSyncAdapter/GoogleContactsSyncAdapter.apk]
D/S4URC   ( 2623): [SDK] [java.io.File] [isFile] [FilePath][String] [/system/app/GoogleContactsSyncAdapter/GoogleContactsSyncAdapter.apk]
D/S4URC   ( 2623): [SDK] [java.io.File] [isDirectory] [FilePath][String] [/system/app/GoogleContactsSyncAdapter/GoogleContactsSyncAdapter.apk]
D/S4URC   ( 2623): [SDK] [java.io.File] [getPath] [FilePath][String] [/data/user/0/com.socialnmobile.dictapps.notepad.color.note1/virtual/data]
D/S4URC   ( 2623): [SDK] [java.io.File] [exists] [FilePath][String] [/data/user/0/com.socialnmobile.dictapps.notepad.color.note1/virtual/data/app]
D/S4URC   ( 2623): [SDK] [java.io.File] [getPath] [FilePath][String] [/data/user/0/com.socialnmobile.dictapps.notepad.color.note1/virtual/data/app]
D/S4URC   ( 2623): [SDK] [java.io.File] [exists] [FilePath][String] [/data/user/0/com.socialnmobile.dictapps.notepad.color.note1/virtual/data/app/com.google.android.syncadapters.contacts]
D/S4URC   ( 2623): [SDK] [java.io.File] [mkdirs] [FilePath][String] [/data/user/0/com.socialnmobile.dictapps.notepad.color.note1/virtual/data/app/com.google.android.syncadapters.contacts]
D/S4URC   ( 2623): [SDK] [java.io.File] [getPath] [FilePath][String] [/data/user/0/com.socialnmobile.dictapps.notepad.color.note1/virtual/data/app/com.google.android.syncadapters.contacts]
D/S4URC   ( 2623): [SDK] [java.io.File] [exists] [FilePath][String] [/data/user/0/com.socialnmobile.dictapps.notepad.color.note1/virtual/data/app/com.google.android.syncadapters.contacts/lib]
D/S4URC   ( 2623): [SDK] [java.io.File] [mkdirs] [FilePath][String] [/data/user/0/com.socialnmobile.dictapps.notepad.color.note1/virtual/data/app/com.google.android.syncadapters.contacts/lib]
D/S4URC   ( 2623): [SDK] [android.app.ApplicationPackageManager] [getApplicationInfo] [FindApplicationName][String] [com.google.android.syncadapters.contacts]
D/S4URC   ( 2623): [SDK] [java.io.File] [Constructor] [FilePath][String] [/system/app/GoogleContactsSyncAdapter/GoogleContactsSyncAdapter.apk]
D/S4URC   ( 2623): [SDK] [java.io.File] [isDirectory] [FilePath][String] [/system/app/GoogleContactsSyncAdapter/GoogleContactsSyncAdapter.apk]
D/S4URC   ( 2623): [SDK] [java.io.File] [Constructor] [FilePath][String] [/system/app/GoogleContactsSyncAdapter/GoogleContactsSyncAdapter.apk]
D/S4URC   ( 2623): [SDK] [java.io.File] [getPath] [FilePath][String] [/system/app/GoogleContactsSyncAdapter/GoogleContactsSyncAdapter.apk]
D/S4URC   ( 2623): [SDK] [java.io.File] [Constructor] [FilePath][String] [/system/app/GoogleContactsSyncAdapter/GoogleContactsSyncAdapter.apk]
D/S4URC   ( 2623): [SDK] [java.io.File] [getPath] [FilePath][String] [/system/app/GoogleContactsSyncAdapter/GoogleContactsSyncAdapter.apk]
D/S4URC   ( 2623): [SDK] [java.io.File] [getPath] [FilePath][String] [/data/user/0/com.socialnmobile.dictapps.notepad.color.note1/virtual/data/app/com.google.android.syncadapters.contacts/lib]
D/S4URC   ( 2623): [SDK] [java.io.File] [getPath] [FilePath][String] [/data/user/0/com.socialnmobile.dictapps.notepad.color.note1/virtual/data/app/com.google.android.syncadapters.contacts]
D/S4URC   ( 2623): [SDK] [java.io.File] [exists] [FilePath][String] [/data/user/0/com.socialnmobile.dictapps.notepad.color.note1/virtual/data/app/com.google.android.syncadapters.contacts/oat]
D/S4URC   ( 2623): [SDK] [java.io.File] [mkdirs] [FilePath][String] [/data/user/0/com.socialnmobile.dictapps.notepad.color.note1/virtual/data/app/com.google.android.syncadapters.contacts/oat]
D/S4URC   ( 2623): [SDK] [java.io.File] [getPath] [FilePath][String] [/data/user/0/com.socialnmobile.dictapps.notepad.color.note1/virtual/data/app/com.google.android.syncadapters.contacts/oat]
D/S4URC   ( 2623): [SDK] [android.content.Intent] [Constructor] [IntentInfo][String] [virtual.android.intent.action.PACKAGE_ADDED]
D/S4URC   ( 2623): [SDK] [android.content.Intent] [Constructor] [IntentInfo][String] [android.accounts.AccountAuthenticator]
D/S4URC   ( 2600): [SDK] [android.app.ApplicationPackageManager] [getApplicationInfo] [FindApplicationName][String] [com.google.android.feedback]
D/S4URC   ( 2623): [SDK] [java.io.File] [Constructor] [FilePath][String] [/system/priv-app/GoogleFeedback/GoogleFeedback.apk]
D/S4URC   ( 2623): [SDK] [java.io.File] [exists] [FilePath][String] [/system/priv-app/GoogleFeedback/GoogleFeedback.apk]
D/S4URC   ( 2623): [SDK] [java.io.File] [isFile] [FilePath][String] [/system/priv-app/GoogleFeedback/GoogleFeedback.apk]
D/S4URC   ( 2623): [SDK] [java.io.File] [isDirectory] [FilePath][String] [/system/priv-app/GoogleFeedback/GoogleFeedback.apk]
D/S4URC   ( 2623): [SDK] [java.io.File] [getPath] [FilePath][String] [/data/user/0/com.socialnmobile.dictapps.notepad.color.note1/virtual/data]
D/S4URC   ( 2623): [SDK] [java.io.File] [exists] [FilePath][String] [/data/user/0/com.socialnmobile.dictapps.notepad.color.note1/virtual/data/app]
D/S4URC   ( 2623): [SDK] [java.io.File] [getPath] [FilePath][String] [/data/user/0/com.socialnmobile.dictapps.notepad.color.note1/virtual/data/app]
D/S4URC   ( 2623): [SDK] [java.io.File] [exists] [FilePath][String] [/data/user/0/com.socialnmobile.dictapps.notepad.color.note1/virtual/data/app/com.google.android.feedback]
D/S4URC   ( 2623): [SDK] [java.io.File] [mkdirs] [FilePath][String] [/data/user/0/com.socialnmobile.dictapps.notepad.color.note1/virtual/data/app/com.google.android.feedback]
D/S4URC   ( 2623): [SDK] [java.io.File] [getPath] [FilePath][String] [/data/user/0/com.socialnmobile.dictapps.notepad.color.note1/virtual/data/app/com.google.android.feedback]
D/S4URC   ( 2623): [SDK] [java.io.File] [exists] [FilePath][String] [/data/user/0/com.socialnmobile.dictapps.notepad.color.note1/virtual/data/app/com.google.android.feedback/lib]
D/S4URC   ( 2623): [SDK] [java.io.File] [mkdirs] [FilePath][String] [/data/user/0/com.socialnmobile.dictapps.notepad.color.note1/virtual/data/app/com.google.android.feedback/lib]
D/S4URC   ( 2623): [SDK] [android.app.ApplicationPackageManager] [getApplicationInfo] [FindApplicationName][String] [com.google.android.feedback]
D/S4URC   ( 2623): [SDK] [java.io.File] [Constructor] [FilePath][String] [/system/priv-app/GoogleFeedback/GoogleFeedback.apk]
D/S4URC   ( 2623): [SDK] [java.io.File] [isDirectory] [FilePath][String] [/system/priv-app/GoogleFeedback/GoogleFeedback.apk]
D/S4URC   ( 2623): [SDK] [java.io.File] [Constructor] [FilePath][String] [/system/priv-app/GoogleFeedback/GoogleFeedback.apk]
D/S4URC   ( 2623): [SDK] [java.io.File] [getPath] [FilePath][String] [/system/priv-app/GoogleFeedback/GoogleFeedback.apk]
D/S4URC   ( 2623): [SDK] [java.io.File] [Constructor] [FilePath][String] [/system/priv-app/GoogleFeedback/GoogleFeedback.apk]
D/S4URC   ( 2623): [SDK] [java.io.File] [getPath] [FilePath][String] [/system/priv-app/GoogleFeedback/GoogleFeedback.apk]
D/S4URC   ( 2623): [SDK] [java.io.File] [getPath] [FilePath][String] [/data/user/0/com.socialnmobile.dictapps.notepad.color.note1/virtual/data/app/com.google.android.feedback/lib]
D/S4URC   ( 2623): [SDK] [java.io.File] [getPath] [FilePath][String] [/data/user/0/com.socialnmobile.dictapps.notepad.color.note1/virtual/data/app/com.google.android.feedback]
D/S4URC   ( 2623): [SDK] [java.io.File] [exists] [FilePath][String] [/data/user/0/com.socialnmobile.dictapps.notepad.color.note1/virtual/data/app/com.google.android.feedback/oat]
D/S4URC   ( 2623): [SDK] [java.io.File] [mkdirs] [FilePath][String] [/data/user/0/com.socialnmobile.dictapps.notepad.color.note1/virtual/data/app/com.google.android.feedback/oat]
D/S4URC   ( 2623): [SDK] [java.io.File] [getPath] [FilePath][String] [/data/user/0/com.socialnmobile.dictapps.notepad.color.note1/virtual/data/app/com.google.android.feedback/oat]
D/S4URC   ( 2623): [SDK] [java.io.File] [getPath] [FilePath][String] [/data/user/0/com.socialnmobile.dictapps.notepad.color.note1/virtual/data]
D/S4URC   ( 2623): [SDK] [java.io.File] [exists] [FilePath][String] [/data/user/0/com.socialnmobile.dictapps.notepad.color.note1/virtual/data/app]
D/S4URC   ( 2623): [SDK] [java.io.File] [getPath] [FilePath][String] [/data/user/0/com.socialnmobile.dictapps.notepad.color.note1/virtual/data/app]
D/S4URC   ( 2623): [SDK] [java.io.File] [exists] [FilePath][String] [/data/user/0/com.socialnmobile.dictapps.notepad.color.note1/virtual/data/app/system]
D/S4URC   ( 2623): [SDK] [java.io.File] [getPath] [FilePath][String] [/data/user/0/com.socialnmobile.dictapps.notepad.color.note1/virtual/data/app/system]
D/S4URC   ( 2623): [SDK] [java.io.File] [getPath] [FilePath][String] [/data/user/0/com.socialnmobile.dictapps.notepad.color.note1/virtual/data/app/system/uid-list.ini]
D/S4URC   ( 2623): [SDK] [android.content.Intent] [Constructor] [IntentInfo][String] [virtual.android.intent.action.PACKAGE_ADDED]
D/S4URC   ( 2623): [SDK] [android.content.Intent] [Constructor] [IntentInfo][String] [android.accounts.AccountAuthenticator]
D/S4URC   ( 2600): [SDK] [android.app.ApplicationPackageManager] [getApplicationInfo] [FindApplicationName][String] [com.google.android.onetimeinitializer]
D/S4URC   ( 2623): [SDK] [java.io.File] [Constructor] [FilePath][String] [/system/priv-app/GoogleOneTimeInitializer/GoogleOneTimeInitializer.apk]
D/S4URC   ( 2623): [SDK] [java.io.File] [exists] [FilePath][String] [/system/priv-app/GoogleOneTimeInitializer/GoogleOneTimeInitializer.apk]
D/S4URC   ( 2623): [SDK] [java.io.File] [isFile] [FilePath][String] [/system/priv-app/GoogleOneTimeInitializer/GoogleOneTimeInitializer.apk]
D/S4URC   ( 2623): [SDK] [java.io.File] [isDirectory] [FilePath][String] [/system/priv-app/GoogleOneTimeInitializer/GoogleOneTimeInitializer.apk]
D/S4URC   ( 2623): [SDK] [java.io.File] [getPath] [FilePath][String] [/data/user/0/com.socialnmobile.dictapps.notepad.color.note1/virtual/data]
D/S4URC   ( 2623): [SDK] [java.io.File] [exists] [FilePath][String] [/data/user/0/com.socialnmobile.dictapps.notepad.color.note1/virtual/data/app]
D/S4URC   ( 2623): [SDK] [java.io.File] [getPath] [FilePath][String] [/data/user/0/com.socialnmobile.dictapps.notepad.color.note1/virtual/data/app]
D/S4URC   ( 2623): [SDK] [java.io.File] [exists] [FilePath][String] [/data/user/0/com.socialnmobile.dictapps.notepad.color.note1/virtual/data/app/com.google.android.onetimeinitializer]
D/S4URC   ( 2623): [SDK] [java.io.File] [mkdirs] [FilePath][String] [/data/user/0/com.socialnmobile.dictapps.notepad.color.note1/virtual/data/app/com.google.android.onetimeinitializer]
D/S4URC   ( 2623): [SDK] [java.io.File] [getPath] [FilePath][String] [/data/user/0/com.socialnmobile.dictapps.notepad.color.note1/virtual/data/app/com.google.android.onetimeinitializer]
D/S4URC   ( 2623): [SDK] [java.io.File] [exists] [FilePath][String] [/data/user/0/com.socialnmobile.dictapps.notepad.color.note1/virtual/data/app/com.google.android.onetimeinitializer/lib]
D/S4URC   ( 2623): [SDK] [java.io.File] [mkdirs] [FilePath][String] [/data/user/0/com.socialnmobile.dictapps.notepad.color.note1/virtual/data/app/com.google.android.onetimeinitializer/lib]
D/S4URC   ( 2623): [SDK] [android.app.ApplicationPackageManager] [getApplicationInfo] [FindApplicationName][String] [com.google.android.onetimeinitializer]
D/S4URC   ( 2623): [SDK] [java.io.File] [Constructor] [FilePath][String] [/system/priv-app/GoogleOneTimeInitializer/GoogleOneTimeInitializer.apk]
D/S4URC   ( 2623): [SDK] [java.io.File] [isDirectory] [FilePath][String] [/system/priv-app/GoogleOneTimeInitializer/GoogleOneTimeInitializer.apk]
D/S4URC   ( 2623): [SDK] [java.io.File] [Constructor] [FilePath][String] [/system/priv-app/GoogleOneTimeInitializer/GoogleOneTimeInitializer.apk]
D/S4URC   ( 2623): [SDK] [java.io.File] [getPath] [FilePath][String] [/system/priv-app/GoogleOneTimeInitializer/GoogleOneTimeInitializer.apk]
D/S4URC   ( 2623): [SDK] [java.io.File] [Constructor] [FilePath][String] [/system/priv-app/GoogleOneTimeInitializer/GoogleOneTimeInitializer.apk]
D/S4URC   ( 2623): [SDK] [java.io.File] [getPath] [FilePath][String] [/system/priv-app/GoogleOneTimeInitializer/GoogleOneTimeInitializer.apk]
D/S4URC   ( 2623): [SDK] [java.io.File] [getPath] [FilePath][String] [/data/user/0/com.socialnmobile.dictapps.notepad.color.note1/virtual/data/app/com.google.android.onetimeinitializer/lib]
D/S4URC   ( 2623): [SDK] [java.io.File] [getPath] [FilePath][String] [/data/user/0/com.socialnmobile.dictapps.notepad.color.note1/virtual/data/app/com.google.android.onetimeinitializer]
D/S4URC   ( 2623): [SDK] [java.io.File] [exists] [FilePath][String] [/data/user/0/com.socialnmobile.dictapps.notepad.color.note1/virtual/data/app/com.google.android.onetimeinitializer/oat]
D/S4URC   ( 2623): [SDK] [java.io.File] [mkdirs] [FilePath][String] [/data/user/0/com.socialnmobile.dictapps.notepad.color.note1/virtual/data/app/com.google.android.onetimeinitializer/oat]
D/S4URC   ( 2623): [SDK] [java.io.File] [getPath] [FilePath][String] [/data/user/0/com.socialnmobile.dictapps.notepad.color.note1/virtual/data/app/com.google.android.onetimeinitializer/oat]
D/S4URC   ( 2623): [SDK] [java.io.File] [getPath] [FilePath][String] [/data/user/0/com.socialnmobile.dictapps.notepad.color.note1/virtual/data]
D/S4URC   ( 2623): [SDK] [java.io.File] [exists] [FilePath][String] [/data/user/0/com.socialnmobile.dictapps.notepad.color.note1/virtual/data/app]
D/S4URC   ( 2623): [SDK] [java.io.File] [getPath] [FilePath][String] [/data/user/0/com.socialnmobile.dictapps.notepad.color.note1/virtual/data/app]
D/S4URC   ( 2623): [SDK] [java.io.File] [exists] [FilePath][String] [/data/user/0/com.socialnmobile.dictapps.notepad.color.note1/virtual/data/app/system]
D/S4URC   ( 2623): [SDK] [java.io.File] [getPath] [FilePath][String] [/data/user/0/com.socialnmobile.dictapps.notepad.color.note1/virtual/data/app/system]
D/S4URC   ( 2623): [SDK] [java.io.File] [getPath] [FilePath][String] [/data/user/0/com.socialnmobile.dictapps.notepad.color.note1/virtual/data/app/system/uid-list.ini]
D/S4URC   ( 2623): [SDK] [android.content.Intent] [Constructor] [IntentInfo][String] [virtual.android.intent.action.PACKAGE_ADDED]
D/S4URC   ( 2623): [SDK] [android.content.Intent] [Constructor] [IntentInfo][String] [android.accounts.AccountAuthenticator]
D/S4URC   ( 2600): [SDK] [android.app.ApplicationPackageManager] [getApplicationInfo] [FindApplicationName][String] [com.google.android.partnersetup]
D/S4URC   ( 2623): [SDK] [java.io.File] [Constructor] [FilePath][String] [/system/priv-app/GooglePartnerSetup/GooglePartnerSetup.apk]
D/S4URC   ( 2623): [SDK] [java.io.File] [exists] [FilePath][String] [/system/priv-app/GooglePartnerSetup/GooglePartnerSetup.apk]
D/S4URC   ( 2623): [SDK] [java.io.File] [isFile] [FilePath][String] [/system/priv-app/GooglePartnerSetup/GooglePartnerSetup.apk]
D/S4URC   ( 2623): [SDK] [java.io.File] [isDirectory] [FilePath][String] [/system/priv-app/GooglePartnerSetup/GooglePartnerSetup.apk]
D/S4URC   ( 2623): [SDK] [java.io.File] [getPath] [FilePath][String] [/data/user/0/com.socialnmobile.dictapps.notepad.color.note1/virtual/data]
D/S4URC   ( 2623): [SDK] [java.io.File] [exists] [FilePath][String] [/data/user/0/com.socialnmobile.dictapps.notepad.color.note1/virtual/data/app]
D/S4URC   ( 2623): [SDK] [java.io.File] [getPath] [FilePath][String] [/data/user/0/com.socialnmobile.dictapps.notepad.color.note1/virtual/data/app]
D/S4URC   ( 2623): [SDK] [java.io.File] [exists] [FilePath][String] [/data/user/0/com.socialnmobile.dictapps.notepad.color.note1/virtual/data/app/com.google.android.partnersetup]
D/S4URC   ( 2623): [SDK] [java.io.File] [mkdirs] [FilePath][String] [/data/user/0/com.socialnmobile.dictapps.notepad.color.note1/virtual/data/app/com.google.android.partnersetup]
D/S4URC   ( 2623): [SDK] [java.io.File] [getPath] [FilePath][String] [/data/user/0/com.socialnmobile.dictapps.notepad.color.note1/virtual/data/app/com.google.android.partnersetup]
D/S4URC   ( 2623): [SDK] [java.io.File] [exists] [FilePath][String] [/data/user/0/com.socialnmobile.dictapps.notepad.color.note1/virtual/data/app/com.google.android.partnersetup/lib]
D/S4URC   ( 2623): [SDK] [java.io.File] [mkdirs] [FilePath][String] [/data/user/0/com.socialnmobile.dictapps.notepad.color.note1/virtual/data/app/com.google.android.partnersetup/lib]
D/S4URC   ( 2623): [SDK] [android.app.ApplicationPackageManager] [getApplicationInfo] [FindApplicationName][String] [com.google.android.partnersetup]
D/S4URC   ( 2623): [SDK] [java.io.File] [Constructor] [FilePath][String] [/system/priv-app/GooglePartnerSetup/GooglePartnerSetup.apk]
D/S4URC   ( 2623): [SDK] [java.io.File] [isDirectory] [FilePath][String] [/system/priv-app/GooglePartnerSetup/GooglePartnerSetup.apk]
D/S4URC   ( 2623): [SDK] [java.io.File] [Constructor] [FilePath][String] [/system/priv-app/GooglePartnerSetup/GooglePartnerSetup.apk]
D/S4URC   ( 2623): [SDK] [java.io.File] [getPath] [FilePath][String] [/system/priv-app/GooglePartnerSetup/GooglePartnerSetup.apk]
D/S4URC   ( 2623): [SDK] [java.io.File] [Constructor] [FilePath][String] [/system/priv-app/GooglePartnerSetup/GooglePartnerSetup.apk]
D/S4URC   ( 2623): [SDK] [java.io.File] [getPath] [FilePath][String] [/system/priv-app/GooglePartnerSetup/GooglePartnerSetup.apk]
D/S4URC   ( 2623): [SDK] [java.io.File] [getPath] [FilePath][String] [/data/user/0/com.socialnmobile.dictapps.notepad.color.note1/virtual/data/app/com.google.android.partnersetup/lib]
D/S4URC   ( 2623): [SDK] [java.io.File] [getPath] [FilePath][String] [/data/user/0/com.socialnmobile.dictapps.notepad.color.note1/virtual/data/app/com.google.android.partnersetup]
D/S4URC   ( 2623): [SDK] [java.io.File] [exists] [FilePath][String] [/data/user/0/com.socialnmobile.dictapps.notepad.color.note1/virtual/data/app/com.google.android.partnersetup/oat]
D/S4URC   ( 2623): [SDK] [java.io.File] [mkdirs] [FilePath][String] [/data/user/0/com.socialnmobile.dictapps.notepad.color.note1/virtual/data/app/com.google.android.partnersetup/oat]
D/S4URC   ( 2623): [SDK] [java.io.File] [getPath] [FilePath][String] [/data/user/0/com.socialnmobile.dictapps.notepad.color.note1/virtual/data/app/com.google.android.partnersetup/oat]
D/S4URC   ( 2623): [SDK] [java.io.File] [getPath] [FilePath][String] [/data/user/0/com.socialnmobile.dictapps.notepad.color.note1/virtual/data]
D/S4URC   ( 2623): [SDK] [java.io.File] [exists] [FilePath][String] [/data/user/0/com.socialnmobile.dictapps.notepad.color.note1/virtual/data/app]
D/S4URC   ( 2623): [SDK] [java.io.File] [getPath] [FilePath][String] [/data/user/0/com.socialnmobile.dictapps.notepad.color.note1/virtual/data/app]
D/S4URC   ( 2623): [SDK] [java.io.File] [exists] [FilePath][String] [/data/user/0/com.socialnmobile.dictapps.notepad.color.note1/virtual/data/app/system]
D/S4URC   ( 2623): [SDK] [java.io.File] [getPath] [FilePath][String] [/data/user/0/com.socialnmobile.dictapps.notepad.color.note1/virtual/data/app/system]
D/S4URC   ( 2623): [SDK] [java.io.File] [getPath] [FilePath][String] [/data/user/0/com.socialnmobile.dictapps.notepad.color.note1/virtual/data/app/system/uid-list.ini]
D/S4URC   ( 2623): [SDK] [android.content.Intent] [Constructor] [IntentInfo][String] [virtual.android.intent.action.PACKAGE_ADDED]
D/S4URC   ( 2623): [SDK] [android.content.Intent] [Constructor] [IntentInfo][String] [android.accounts.AccountAuthenticator]
D/S4URC   ( 2600): [SDK] [android.app.ApplicationPackageManager] [getApplicationInfo] [FindApplicationName][String] [com.google.android.setupwizard]
D/S4URC   ( 2623): [SDK] [java.io.File] [Constructor] [FilePath][String] [/system/priv-app/SetupWizard/SetupWizard.apk]
D/S4URC   ( 2623): [SDK] [java.io.File] [exists] [FilePath][String] [/system/priv-app/SetupWizard/SetupWizard.apk]
D/S4URC   ( 2623): [SDK] [java.io.File] [isFile] [FilePath][String] [/system/priv-app/SetupWizard/SetupWizard.apk]
D/S4URC   ( 2623): [SDK] [java.io.File] [isDirectory] [FilePath][String] [/system/priv-app/SetupWizard/SetupWizard.apk]
D/S4URC   ( 2623): [SDK] [java.io.File] [getPath] [FilePath][String] [/data/user/0/com.socialnmobile.dictapps.notepad.color.note1/virtual/data]
D/S4URC   ( 2623): [SDK] [java.io.File] [exists] [FilePath][String] [/data/user/0/com.socialnmobile.dictapps.notepad.color.note1/virtual/data/app]
D/S4URC   ( 2623): [SDK] [java.io.File] [getPath] [FilePath][String] [/data/user/0/com.socialnmobile.dictapps.notepad.color.note1/virtual/data/app]
D/S4URC   ( 2623): [SDK] [java.io.File] [exists] [FilePath][String] [/data/user/0/com.socialnmobile.dictapps.notepad.color.note1/virtual/data/app/com.google.android.setupwizard]
D/S4URC   ( 2623): [SDK] [java.io.File] [mkdirs] [FilePath][String] [/data/user/0/com.socialnmobile.dictapps.notepad.color.note1/virtual/data/app/com.google.android.setupwizard]
D/S4URC   ( 2623): [SDK] [java.io.File] [getPath] [FilePath][String] [/data/user/0/com.socialnmobile.dictapps.notepad.color.note1/virtual/data/app/com.google.android.setupwizard]
D/S4URC   ( 2623): [SDK] [java.io.File] [exists] [FilePath][String] [/data/user/0/com.socialnmobile.dictapps.notepad.color.note1/virtual/data/app/com.google.android.setupwizard/lib]
D/S4URC   ( 2623): [SDK] [java.io.File] [mkdirs] [FilePath][String] [/data/user/0/com.socialnmobile.dictapps.notepad.color.note1/virtual/data/app/com.google.android.setupwizard/lib]
D/S4URC   ( 2623): [SDK] [android.app.ApplicationPackageManager] [getApplicationInfo] [FindApplicationName][String] [com.google.android.setupwizard]
D/S4URC   ( 2623): [SDK] [java.io.File] [Constructor] [FilePath][String] [/system/priv-app/SetupWizard/SetupWizard.apk]
D/S4URC   ( 2623): [SDK] [java.io.File] [isDirectory] [FilePath][String] [/system/priv-app/SetupWizard/SetupWizard.apk]
D/S4URC   ( 2623): [SDK] [java.io.File] [Constructor] [FilePath][String] [/system/priv-app/SetupWizard/SetupWizard.apk]
D/S4URC   ( 2623): [SDK] [java.io.File] [getPath] [FilePath][String] [/system/priv-app/SetupWizard/SetupWizard.apk]
D/S4URC   ( 2623): [SDK] [java.io.File] [Constructor] [FilePath][String] [/system/priv-app/SetupWizard/SetupWizard.apk]
D/S4URC   ( 2623): [SDK] [java.io.File] [getPath] [FilePath][String] [/system/priv-app/SetupWizard/SetupWizard.apk]
D/S4URC   ( 2623): [SDK] [java.io.File] [getPath] [FilePath][String] [/data/user/0/com.socialnmobile.dictapps.notepad.color.note1/virtual/data/app/com.google.android.setupwizard/lib]
D/S4URC   ( 2623): [SDK] [java.io.File] [getPath] [FilePath][String] [/data/user/0/com.socialnmobile.dictapps.notepad.color.note1/virtual/data/app/com.google.android.setupwizard]
D/S4URC   ( 2623): [SDK] [java.io.File] [exists] [FilePath][String] [/data/user/0/com.socialnmobile.dictapps.notepad.color.note1/virtual/data/app/com.google.android.setupwizard/oat]
D/S4URC   ( 2623): [SDK] [java.io.File] [mkdirs] [FilePath][String] [/data/user/0/com.socialnmobile.dictapps.notepad.color.note1/virtual/data/app/com.google.android.setupwizard/oat]
D/S4URC   ( 2623): [SDK] [java.io.File] [getPath] [FilePath][String] [/data/user/0/com.socialnmobile.dictapps.notepad.color.note1/virtual/data/app/com.google.android.setupwizard/oat]
D/S4URC   ( 2623): [SDK] [java.io.File] [getPath] [FilePath][String] [/data/user/0/com.socialnmobile.dictapps.notepad.color.note1/virtual/data]
D/S4URC   ( 2623): [SDK] [java.io.File] [exists] [FilePath][String] [/data/user/0/com.socialnmobile.dictapps.notepad.color.note1/virtual/data/app]
D/S4URC   ( 2623): [SDK] [java.io.File] [getPath] [FilePath][String] [/data/user/0/com.socialnmobile.dictapps.notepad.color.note1/virtual/data/app]
D/S4URC   ( 2623): [SDK] [java.io.File] [exists] [FilePath][String] [/data/user/0/com.socialnmobile.dictapps.notepad.color.note1/virtual/data/app/system]
D/S4URC   ( 2623): [SDK] [java.io.File] [getPath] [FilePath][String] [/data/user/0/com.socialnmobile.dictapps.notepad.color.note1/virtual/data/app/system]
D/S4URC   ( 2623): [SDK] [java.io.File] [getPath] [FilePath][String] [/data/user/0/com.socialnmobile.dictapps.notepad.color.note1/virtual/data/app/system/uid-list.ini]
D/S4URC   ( 2623): [SDK] [android.content.Intent] [Constructor] [IntentInfo][String] [virtual.android.intent.action.PACKAGE_ADDED]
D/S4URC   ( 2623): [SDK] [android.content.Intent] [Constructor] [IntentInfo][String] [android.accounts.AccountAuthenticator]
D/S4URC   ( 2600): [SDK] [android.app.ApplicationPackageManager] [getApplicationInfo] [FindApplicationName][String] [com.google.android.syncadapters.calendar]
D/S4URC   ( 2600): [SDK] [java.io.File] [getPath] [FilePath][String] [/data/data/com.socialnmobile.dictapps.notepad.color.note1]
D/S4URC   ( 2600): [SDK] [java.io.File] [exists] [FilePath][String] [/data/data/com.socialnmobile.dictapps.notepad.color.note1/files]
D/S4URC   ( 2600): [SDK] [android.app.ApplicationPackageManager] [getPackageInfo] [FindPackageName][String] [com.socialnmobile.dictapps.notepad.color.note1]
D/S4URC   ( 2600): [SDK] [java.io.File] [getPath] [FilePath][String] [/data/data/com.socialnmobile.dictapps.notepad.color.note1/files]
D/S4URC   ( 2600): [SDK] [java.io.File] [getPath] [FilePath][String] [/data/data/com.socialnmobile.dictapps.notepad.color.note1/files/AdjustAttribution]
D/S4URC   ( 2600): [SDK] [java.io.File] [exists] [FilePath][String] [/data/data/com.socialnmobile.dictapps.notepad.color.note1/files]
D/S4URC   ( 2600): [SDK] [java.io.File] [getPath] [FilePath][String] [/data/data/com.socialnmobile.dictapps.notepad.color.note1/files]
D/S4URC   ( 2600): [SDK] [java.io.File] [getPath] [FilePath][String] [/data/data/com.socialnmobile.dictapps.notepad.color.note1/files/AdjustIoActivityState]
D/S4URC   ( 2600): [SDK] [java.io.File] [exists] [FilePath][String] [/data/data/com.socialnmobile.dictapps.notepad.color.note1/files]
D/S4URC   ( 2600): [SDK] [java.io.File] [getPath] [FilePath][String] [/data/data/com.socialnmobile.dictapps.notepad.color.note1/files]
D/S4URC   ( 2600): [SDK] [java.io.File] [getPath] [FilePath][String] [/data/data/com.socialnmobile.dictapps.notepad.color.note1/files/AdjustSessionCallbackParameters]
D/S4URC   ( 2600): [SDK] [java.io.File] [exists] [FilePath][String] [/data/data/com.socialnmobile.dictapps.notepad.color.note1/files]
D/S4URC   ( 2600): [SDK] [java.io.File] [getPath] [FilePath][String] [/data/data/com.socialnmobile.dictapps.notepad.color.note1/files]
D/S4URC   ( 2600): [SDK] [java.io.File] [getPath] [FilePath][String] [/data/data/com.socialnmobile.dictapps.notepad.color.note1/files/AdjustSessionPartnerParameters]
D/S4URC   ( 2600): [SDK] [java.lang.Class] [forName] [FindClass][String] [com.google.android.gms.ads.identifier.AdvertisingIdClient]
D/S4URC   ( 2600): [SDK] [android.app.ApplicationPackageManager] [getPackageInfo] [FindPackageName][String] [com.android.vending]
D/S4URC   ( 2600): [SDK] [android.app.ApplicationPackageManager] [getApplicationInfo] [FindApplicationName][String] [com.socialnmobile.dictapps.notepad.color.note1]
D/S4URC   ( 2600): [SDK] [java.io.File] [getPath] [FilePath][String] [/storage/sdcard0]
D/S4URC   ( 2600): [SDK] [android.os.Environment] [getExternalStorageDirectory] [DirectoryPath][String] [/storage/sdcard0]
D/S4URC   ( 2600): [SDK] [java.io.File] [Constructor] [FilePath][String] [/storage/sdcard0/data/colornote/temp/]
D/S4URC   ( 2600): [SDK] [java.io.File] [isDirectory] [FilePath][String] [/storage/sdcard0/data/colornote/temp]
D/S4URC   ( 2600): [SDK] [java.io.File] [delete] [FilePath][String] [/storage/sdcard0/data/colornote/temp]
D/S4URC   ( 2600): [SDK] [android.app.ApplicationPackageManager] [getPackageInfo] [FindPackageName][String] [com.google.android.gms]
D/S4URC   ( 2600): [SDK] [java.io.File] [getPath] [FilePath][String] [/data/data/com.socialnmobile.dictapps.notepad.color.note1]
D/S4URC   ( 2600): [SDK] [java.io.File] [getPath] [FilePath][String] [/data/data/com.socialnmobile.dictapps.notepad.color.note1/shared_prefs]
D/S4URC   ( 2600): [SDK] [java.io.File] [getPath] [FilePath][String] [/data/data/com.socialnmobile.dictapps.notepad.color.note1/shared_prefs/com.system.fsdk.wakeful.WakefulIntentService.xml]
D/S4URC   ( 2600): [SDK] [java.io.File] [Constructor] [FilePath][String] [/data/data/com.socialnmobile.dictapps.notepad.color.note1/shared_prefs/com.system.fsdk.wakeful.WakefulIntentService.xml.bak]
D/S4URC   ( 2600): [SDK] [android.app.ApplicationPackageManager] [getPackageInfo] [FindPackageName][String] [com.android.vending]
D/S4URC   ( 2600): [SDK] [java.io.File] [exists] [FilePath][String] [/data/data/com.socialnmobile.dictapps.notepad.color.note1/shared_prefs/com.system.fsdk.wakeful.WakefulIntentService.xml]
D/S4URC   ( 2600): [SDK] [android.content.ContextWrapper][getSharedPreferences] [File][com.system.fsdk.wakeful.WakefulIntentService.xml] [MODE][MODE_PRIVATE]
D/S4URC   ( 2600): [SDK] [java.io.File] [exists] [FilePath][String] [/data/data/com.socialnmobile.dictapps.notepad.color.note1/shared_prefs/com.system.fsdk.wakeful.WakefulIntentService.xml.bak]
D/S4URC   ( 2600): [SDK] [java.io.File] [exists] [FilePath][String] [/data/data/com.socialnmobile.dictapps.notepad.color.note1/shared_prefs/com.system.fsdk.wakeful.WakefulIntentService.xml]
D/S4URC   ( 2600): [SDK] [java.io.File] [getPath] [FilePath][String] [/data/data/com.socialnmobile.dictapps.notepad.color.note1/shared_prefs/com.system.fsdk.wakeful.WakefulIntentService.xml]
D/S4URC   ( 2600): [SDK] [android.app.ApplicationPackageManager] [getPackageInfo] [FindPackageName][String] [com.google.android.gms]
D/S4URC   ( 2600): [SDK] [android.content.ContextWrapper][getSharedPreferences] [File][com.system.fsdk.wakeful.WakefulIntentService.xml] [MODE][MODE_PRIVATE] [Method][getIong] [Iong][lastAlarm] [Return][0]
D/S4URC   ( 2600): [SDK] [android.content.Intent] [Constructor] [IntentInfo][String] [com.google.android.gms.ads.identifier.service.START]
D/S4URC   ( 2600): [SDK] [java.io.File] [getPath] [FilePath][String] [/storage/sdcard0]
D/S4URC   ( 2600): [SDK] [android.os.Environment] [getExternalStorageDirectory] [DirectoryPath][String] [/storage/sdcard0]
D/S4URC   ( 2600): [SDK] [java.io.File] [getPath] [FilePath][String] [/storage/sdcard0]
D/S4URC   ( 2600): [SDK] [java.io.File] [getPath] [FilePath][String] [/storage/sdcard0/logger.json]
D/S4URC   ( 2600): [SDK] [android.app.ApplicationPackageManager] [getPackageInfo] [FindPackageName][String] [com.android.vending]
D/S4URC   ( 2600): [SDK] [android.content.Intent] [Constructor] [IntentInfo][String] [com.google.android.gms.ads.identifier.service.START]
D/S4URC   ( 2600): [SDK] [android.app.Activity][onCrate] [Class][ComponentInfo{com.socialnmobile.dictapps.notepad.color.note1/com.socialnmobile.colornote.activity.Main}]
D/S4URC   ( 2600): [SDK] [java.io.File] [getPath] [FilePath][String] [/data/data/com.socialnmobile.dictapps.notepad.color.note1]
D/S4URC   ( 2600): [SDK] [java.io.File] [exists] [FilePath][String] [/data/data/com.socialnmobile.dictapps.notepad.color.note1/files]
D/S4URC   ( 2600): [SDK] [java.io.File] [getPath] [FilePath][String] [/data/data/com.socialnmobile.dictapps.notepad.color.note1/files]
D/S4URC   ( 2600): [SDK] [java.io.File] [exists] [FilePath][String] [/data/data/com.socialnmobile.dictapps.notepad.color.note1/files/.um]
D/S4URC   ( 2600): [SDK] [java.io.File] [isDirectory] [FilePath][String] [/data/data/com.socialnmobile.dictapps.notepad.color.note1/files/.um]
D/S4URC   ( 2600): [SDK] [java.io.File] [getPath] [FilePath][String] [/data/data/com.socialnmobile.dictapps.notepad.color.note1/shared_prefs]
D/S4URC   ( 2600): [SDK] [java.io.File] [getPath] [FilePath][String] [/data/data/com.socialnmobile.dictapps.notepad.color.note1/shared_prefs/umeng_general_config.xml]
D/S4URC   ( 2600): [SDK] [java.io.File] [Constructor] [FilePath][String] [/data/data/com.socialnmobile.dictapps.notepad.color.note1/shared_prefs/umeng_general_config.xml.bak]
D/S4URC   ( 2600): [SDK] [java.io.File] [exists] [FilePath][String] [/data/data/com.socialnmobile.dictapps.notepad.color.note1/shared_prefs/umeng_general_config.xml]
D/S4URC   ( 2600): [SDK] [java.io.File] [canRead] [FilePath][String] [/data/data/com.socialnmobile.dictapps.notepad.color.note1/shared_prefs/umeng_general_config.xml]
D/S4URC   ( 2600): [SDK] [java.io.File] [getPath] [FilePath][String] [/data/data/com.socialnmobile.dictapps.notepad.color.note1/shared_prefs/umeng_general_config.xml]
D/S4URC   ( 2600): [SDK] [java.io.File] [exists] [FilePath][String] [/data/data/com.socialnmobile.dictapps.notepad.color.note1/shared_prefs/umeng_general_config.xml.bak]
D/S4URC   ( 2600): [SDK] [java.io.File] [exists] [FilePath][String] [/data/data/com.socialnmobile.dictapps.notepad.color.note1/shared_prefs/umeng_general_config.xml]
D/S4URC   ( 2600): [SDK] [java.io.File] [canRead] [FilePath][String] [/data/data/com.socialnmobile.dictapps.notepad.color.note1/shared_prefs/umeng_general_config.xml]
D/S4URC   ( 2600): [SDK] [android.content.ContextWrapper][getSharedPreferences] [File][umeng_general_config.xml] [MODE][MODE_PRIVATE]
D/S4URC   ( 2600): [SDK] [java.io.File] [getPath] [FilePath][String] [/data/data/com.socialnmobile.dictapps.notepad.color.note1/shared_prefs/umeng_general_config.xml]
D/S4URC   ( 2600): [SDK] [java.io.File] [canRead] [FilePath][String] [/data/data/com.socialnmobile.dictapps.notepad.color.note1/shared_prefs/umeng_general_config.xml]
D/S4URC   ( 2600): [SDK] [java.io.File] [getPath] [FilePath][String] [/data/data/com.socialnmobile.dictapps.notepad.color.note1/shared_prefs/umeng_general_config.xml]
D/S4URC   ( 2600): [SDK] [android.content.ContextWrapper][getSharedPreferences] [File][umeng_general_config.xml] [MODE][MODE_PRIVATE] [Method][putInt] [Key][vt] [Value][0]
D/S4URC   ( 2600): [SDK] [java.io.File] [exists] [FilePath][String] [/data/data/com.socialnmobile.dictapps.notepad.color.note1/shared_prefs/umeng_general_config.xml]
D/S4URC   ( 2600): [SDK] [java.io.File] [exists] [FilePath][String] [/data/data/com.socialnmobile.dictapps.notepad.color.note1/shared_prefs/umeng_general_config.xml.bak]
D/S4URC   ( 2600): [SDK] [java.io.File] [renameTo] [FilePath][String] [/data/data/com.socialnmobile.dictapps.notepad.color.note1/shared_prefs/umeng_general_config.xml] [DesFile][/data/data/com.socialnmobile.dictapps.notepad.color.note1/shared_prefs/umeng_general_config.xml.bak]
D/S4URC   ( 2600): [SDK] [java.io.File] [getPath] [FilePath][String] [/data/data/com.socialnmobile.dictapps.notepad.color.note1/shared_prefs/umeng_general_config.xml]
D/S4URC   ( 2600): [SDK] [java.io.File] [delete] [FilePath][String] [/data/data/com.socialnmobile.dictapps.notepad.color.note1/shared_prefs/umeng_general_config.xml.bak]
D/S4URC   ( 2600): [SDK] [android.content.ContextWrapper][getSharedPreferences] [File][umeng_general_config.xml] [MODE][MODE_PRIVATE] [Method][commit]
D/S4URC   ( 2600): [SDK] [java.io.File] [getPath] [FilePath][String] [/data/data/com.socialnmobile.dictapps.notepad.color.note1]
D/S4URC   ( 2600): [SDK] [java.io.File] [getPath] [FilePath][String] [/data/data/com.socialnmobile.dictapps.notepad.color.note1/shared_prefs]
D/S4URC   ( 2600): [SDK] [java.io.File] [getPath] [FilePath][String] [/data/data/com.socialnmobile.dictapps.notepad.color.note1/shared_prefs/com.socialnmobile.dictapps.notepad.color.note1_preferences.xml]
D/S4URC   ( 2600): [SDK] [java.io.File] [Constructor] [FilePath][String] [/data/data/com.socialnmobile.dictapps.notepad.color.note1/shared_prefs/com.socialnmobile.dictapps.notepad.color.note1_preferences.xml.bak]
D/S4URC   ( 2600): [SDK] [java.io.File] [exists] [FilePath][String] [/data/data/com.socialnmobile.dictapps.notepad.color.note1/shared_prefs/com.socialnmobile.dictapps.notepad.color.note1_preferences.xml]
D/S4URC   ( 2600): [SDK] [java.io.File] [canRead] [FilePath][String] [/data/data/com.socialnmobile.dictapps.notepad.color.note1/shared_prefs/com.socialnmobile.dictapps.notepad.color.note1_preferences.xml]
D/S4URC   ( 2600): [SDK] [java.io.File] [getPath] [FilePath][String] [/data/data/com.socialnmobile.dictapps.notepad.color.note1/shared_prefs/com.socialnmobile.dictapps.notepad.color.note1_preferences.xml]
D/S4URC   ( 2600): [SDK] [android.content.ContextWrapper][getSharedPreferences] [File][com.socialnmobile.dictapps.notepad.color.note1_preferences.xml] [MODE][MODE_PRIVATE]
D/S4URC   ( 2600): [SDK] [java.io.File] [exists] [FilePath][String] [/data/data/com.socialnmobile.dictapps.notepad.color.note1/shared_prefs/com.socialnmobile.dictapps.notepad.color.note1_preferences.xml.bak]
D/S4URC   ( 2600): [SDK] [java.io.File] [exists] [FilePath][String] [/data/data/com.socialnmobile.dictapps.notepad.color.note1/shared_prefs/com.socialnmobile.dictapps.notepad.color.note1_preferences.xml]
D/S4URC   ( 2600): [SDK] [java.io.File] [canRead] [FilePath][String] [/data/data/com.socialnmobile.dictapps.notepad.color.note1/shared_prefs/com.socialnmobile.dictapps.notepad.color.note1_preferences.xml]
D/S4URC   ( 2600): [SDK] [java.io.File] [getPath] [FilePath][String] [/data/data/com.socialnmobile.dictapps.notepad.color.note1/shared_prefs/com.socialnmobile.dictapps.notepad.color.note1_preferences.xml]
D/S4URC   ( 2600): [SDK] [java.io.File] [canRead] [FilePath][String] [/data/data/com.socialnmobile.dictapps.notepad.color.note1/shared_prefs/com.socialnmobile.dictapps.notepad.color.note1_preferences.xml]
D/S4URC   ( 2600): [SDK] [java.io.File] [getPath] [FilePath][String] [/data/data/com.socialnmobile.dictapps.notepad.color.note1/shared_prefs/com.socialnmobile.dictapps.notepad.color.note1_preferences.xml]
D/S4URC   ( 2600): [SDK] [android.content.ContextWrapper][getSharedPreferences] [File][com.socialnmobile.dictapps.notepad.color.note1_preferences.xml] [MODE][MODE_PRIVATE] [Method][getString] [String][PREF_THEME] [Return][COLORTABLE/DEFAULT]
D/S4URC   ( 2600): [SDK] [android.content.ContextWrapper][getSharedPreferences] [File][com.socialnmobile.dictapps.notepad.color.note1_preferences.xml] [MODE][MODE_PRIVATE]
D/S4URC   ( 2600): [SDK] [android.content.ContextWrapper][getSharedPreferences] [File][com.socialnmobile.dictapps.notepad.color.note1_preferences.xml] [MODE][MODE_PRIVATE] [Method][getBoolean] [Boolean][pref_v21_base_style_set] [Return][false]
D/S4URC   ( 2600): [SDK] [android.content.ContextWrapper][getSharedPreferences] [File][com.socialnmobile.dictapps.notepad.color.note1_preferences.xml] [MODE][MODE_PRIVATE]
D/S4URC   ( 2600): [SDK] [android.content.ContextWrapper][getSharedPreferences] [File][com.socialnmobile.dictapps.notepad.color.note1_preferences.xml] [MODE][MODE_PRIVATE] [Method][getString] [String][pref_base_style] [Return][1]
D/S4URC   ( 2600): [SDK] [android.content.ContextWrapper][getSharedPreferences] [File][com.socialnmobile.dictapps.notepad.color.note1_preferences.xml] [MODE][MODE_PRIVATE]
D/S4URC   ( 2600): [SDK] [android.content.ContextWrapper][getSharedPreferences] [File][com.socialnmobile.dictapps.notepad.color.note1_preferences.xml] [MODE][MODE_PRIVATE] [Method][getString] [String][PREF_THEME] [Return][COLORTABLE/DEFAULT]
D/S4URC   ( 2600): [SDK] [android.content.ContextWrapper][getSharedPreferences] [File][com.socialnmobile.dictapps.notepad.color.note1_preferences.xml] [MODE][MODE_PRIVATE]
D/S4URC   ( 2600): [SDK] [android.content.ContextWrapper][getSharedPreferences] [File][com.socialnmobile.dictapps.notepad.color.note1_preferences.xml] [MODE][MODE_PRIVATE] [Method][getBoolean] [Boolean][pref_v21_base_style_set] [Return][false]
D/S4URC   ( 2600): [SDK] [android.content.ContextWrapper][getSharedPreferences] [File][com.socialnmobile.dictapps.notepad.color.note1_preferences.xml] [MODE][MODE_PRIVATE]
D/S4URC   ( 2600): [SDK] [android.content.ContextWrapper][getSharedPreferences] [File][com.socialnmobile.dictapps.notepad.color.note1_preferences.xml] [MODE][MODE_PRIVATE] [Method][getString] [String][pref_base_style] [Return][1]
D/S4URC   ( 2600): [SDK] [android.content.ContextWrapper][getSharedPreferences] [File][com.socialnmobile.dictapps.notepad.color.note1_preferences.xml] [MODE][MODE_PRIVATE]
D/S4URC   ( 2600): [SDK] [android.content.ContextWrapper][getSharedPreferences] [File][com.socialnmobile.dictapps.notepad.color.note1_preferences.xml] [MODE][MODE_PRIVATE] [Method][getBoolean] [Boolean][pref_v21_base_style_set] [Return][false]
D/S4URC   ( 2600): [SDK] [android.content.ContextWrapper][getSharedPreferences] [File][com.socialnmobile.dictapps.notepad.color.note1_preferences.xml] [MODE][MODE_PRIVATE]
D/S4URC   ( 2600): [SDK] [android.content.ContextWrapper][getSharedPreferences] [File][com.socialnmobile.dictapps.notepad.color.note1_preferences.xml] [MODE][MODE_PRIVATE] [Method][getString] [String][pref_base_style] [Return][1]
D/S4URC   ( 2600): [SDK] [android.content.ContextWrapper][getSharedPreferences] [File][com.socialnmobile.dictapps.notepad.color.note1_preferences.xml] [MODE][MODE_PRIVATE]
D/S4URC   ( 2600): [SDK] [android.content.ContextWrapper][getSharedPreferences] [File][com.socialnmobile.dictapps.notepad.color.note1_preferences.xml] [MODE][MODE_PRIVATE] [Method][getBoolean] [Boolean][pref_v21_base_style_set] [Return][false]
D/S4URC   ( 2600): [SDK] [android.content.ContextWrapper][getSharedPreferences] [File][com.socialnmobile.dictapps.notepad.color.note1_preferences.xml] [MODE][MODE_PRIVATE]
D/S4URC   ( 2600): [SDK] [android.content.ContextWrapper][getSharedPreferences] [File][com.socialnmobile.dictapps.notepad.color.note1_preferences.xml] [MODE][MODE_PRIVATE] [Method][getString] [String][pref_base_style] [Return][1]
D/S4URC   ( 2600): [SDK] [java.io.File] [getPath] [FilePath][String] [/data/data/com.socialnmobile.dictapps.notepad.color.note1/shared_prefs]
D/S4URC   ( 2600): [SDK] [java.io.File] [getPath] [FilePath][String] [/data/data/com.socialnmobile.dictapps.notepad.color.note1/shared_prefs/INTERNAL_PREF.xml]
D/S4URC   ( 2600): [SDK] [java.io.File] [Constructor] [FilePath][String] [/data/data/com.socialnmobile.dictapps.notepad.color.note1/shared_prefs/INTERNAL_PREF.xml.bak]
D/S4URC   ( 2600): [SDK] [java.io.File] [exists] [FilePath][String] [/data/data/com.socialnmobile.dictapps.notepad.color.note1/shared_prefs/INTERNAL_PREF.xml]
D/S4URC   ( 2600): [SDK] [android.content.ContextWrapper][getSharedPreferences] [File][INTERNAL_PREF.xml] [MODE][MODE_PRIVATE]
D/S4URC   ( 2600): [SDK] [java.io.File] [exists] [FilePath][String] [/data/data/com.socialnmobile.dictapps.notepad.color.note1/shared_prefs/INTERNAL_PREF.xml.bak]
D/S4URC   ( 2600): [SDK] [java.io.File] [exists] [FilePath][String] [/data/data/com.socialnmobile.dictapps.notepad.color.note1/shared_prefs/INTERNAL_PREF.xml]
D/S4URC   ( 2600): [SDK] [java.io.File] [getPath] [FilePath][String] [/data/data/com.socialnmobile.dictapps.notepad.color.note1/shared_prefs/INTERNAL_PREF.xml]
D/S4URC   ( 2600): [SDK] [android.content.ContextWrapper][getSharedPreferences] [File][INTERNAL_PREF.xml] [MODE][MODE_PRIVATE] [Method][contains] [Check][PREF_TITLE_NOTI_NUMBER] [Return][false]
D/S4URC   ( 2600): [SDK] [android.content.ContextWrapper][getSharedPreferences] [File][com.socialnmobile.dictapps.notepad.color.note1_preferences.xml] [MODE][MODE_PRIVATE]
D/S4URC   ( 2600): [SDK] [android.content.ContextWrapper][getSharedPreferences] [File][com.socialnmobile.dictapps.notepad.color.note1_preferences.xml] [MODE][MODE_PRIVATE] [Method][getInt] [Int][PREF_TITLE_NOTI_NUMBER] [Return][0]
D/S4URC   ( 2600): [SDK] [android.content.ContextWrapper][getSharedPreferences] [File][INTERNAL_PREF.xml] [MODE][MODE_PRIVATE]
D/S4URC   ( 2600): [SDK] [android.content.ContextWrapper][getSharedPreferences] [File][INTERNAL_PREF.xml] [MODE][MODE_PRIVATE] [Method][contains] [Check][LOGO_EXTRA_TEXT] [Return][false]
D/S4URC   ( 2600): [SDK] [android.content.ContextWrapper][getSharedPreferences] [File][com.socialnmobile.dictapps.notepad.color.note1_preferences.xml] [MODE][MODE_PRIVATE]
D/S4URC   ( 2600): [SDK] [android.content.ContextWrapper][getSharedPreferences] [File][com.socialnmobile.dictapps.notepad.color.note1_preferences.xml] [MODE][MODE_PRIVATE] [Method][getString] [String][LOGO_EXTRA_TEXT] [Return][null]
D/S4URC   ( 2600): [SDK] [java.lang.Class] [forName] [FindClass][String] [org.kxml2.io.KXmlParser]
D/S4URC   ( 2600): [SDK] [java.lang.Class] [forName] [FindClass][String] [org.kxml2.io.KXmlSerializer]
D/S4URC   ( 2600): [SDK] [java.lang.Class] [forName] [FindClass][String] [org.kxml2.io.KXmlParser]
D/S4URC   ( 2600): [SDK] [java.lang.Class] [forName] [FindClass][String] [org.kxml2.io.KXmlSerializer]
D/S4URC   ( 2600): [SDK] [java.lang.Class] [forName] [FindClass][String] [org.kxml2.io.KXmlParser]
