D/S4URC   ( 4170): [SDK] [android.os.Environment] [getExternalStorageState] [ExternalStorageState][String] [mounted]
D/S4URC   ( 4170): [SDK] [java.io.File] [getPath] [FilePath][String] [/storage/sdcard0]
D/S4URC   ( 4170): [NDK] [SYSCALL] [open] [PATH][string] [/storage/sdcard0/mmt/widegets/data/droidinfo-journal] [RETURN][int] [123]
D/S4URC   ( 4170): [SDK] [android.os.Environment] [getExternalStorageDirectory] [DirectoryPath][String] [/storage/sdcard0]
D/S4URC   ( 4170): [SDK] [java.io.File] [getPath] [FilePath][String] [/storage/sdcard0]
D/S4URC   ( 4170): [SDK] [java.io.File] [exists] [FilePath][String] [/storage/sdcard0]
D/S4URC   ( 4170): [NDK] [SYSCALL] [access] [PATH][string] [/storage/sdcard0]
D/S4URC   ( 4170): [SDK] [java.io.File] [isDirectory] [FilePath][String] [/storage/sdcard0]
D/S4URC   ( 4170): [NDK] [SYSCALL] [stat] [PATH][string] [/storage/sdcard0]
D/S4URC   ( 4170): [SDK] [java.io.File] [Constructor] [FilePath][String] [/storage/sdcard0]
D/S4URC   ( 4170): [SDK] [java.io.File] [Constructor] [FilePath][String] [/storage/sdcard1]
D/S4URC   ( 4170): [SDK] [java.io.File] [Constructor] [FilePath][String] [/storage/usb2host]
D/S4URC   ( 4170): [SDK] [java.io.File] [Constructor] [FilePath][String] [/storage/usb3device]
D/S4URC   ( 4170): [SDK] [java.io.File] [Constructor] [FilePath][String] [/storage/usb3host]
D/S4URC   ( 4170): [SDK] [android.content.ContextWrapper][getSharedPreferences] [File][areaInfo.xml] [MODE][MODE_PRIVATE]
D/S4URC   ( 4170): [SDK] [android.content.ContextWrapper][getSharedPreferences] [File][areaInfo.xml] [MODE][MODE_PRIVATE] [Method][getInt] [Int][areaid] [Return][-1]
D/S4URC   ( 4170): [NDK] [SYSCALL] [lstat] [PATH][string] [/storage]
D/S4URC   ( 4170): [NDK] [SYSCALL] [lstat] [PATH][string] [/storage/sdcard0]
D/S4URC   ( 4170): [SDK] [java.io.File] [Constructor] [FilePath][String] [/storage/sdcard0]
D/S4URC   ( 4170): [NDK] [SYSCALL] [access] [PATH][string] [/storage/sdcard0/mmt/widegets/data/droidinfo-wal]
D/S4URC   ( 4170): [SDK] [java.io.File] [Constructor] [FilePath][String] [/storage/sdcard1]
D/S4URC   ( 4170): [SDK] [java.io.File] [Constructor] [FilePath][String] [/storage/usb2host]
D/S4URC   ( 4170): [SDK] [java.io.File] [Constructor] [FilePath][String] [/storage/usb3device]
D/S4URC   ( 4170): [SDK] [java.io.File] [Constructor] [FilePath][String] [/storage/usb3host]
D/S4URC   ( 4170): [SDK] [java.io.File] [Constructor] [FilePath][String] [/storage/sdcard0]
D/S4URC   ( 4170): [SDK] [java.io.File] [Constructor] [FilePath][String] [/storage/sdcard1]
D/S4URC   ( 4170): [SDK] [java.io.File] [Constructor] [FilePath][String] [/storage/usb2host]
D/S4URC   ( 4170): [SDK] [android.app.ApplicationPackageManager] [getApplicationInfo] [FindApplicationName][String] [com.ztapps.saverdoctor]
D/S4URC   ( 4170): [SDK] [java.io.File] [Constructor] [FilePath][String] [/storage/usb3device]
D/S4URC   ( 4170): [SDK] [java.io.File] [Constructor] [FilePath][String] [/storage/usb3host]
D/S4URC   ( 4170): [SDK] [java.io.File] [Constructor] [FilePath][String] [/storage/sdcard0]
D/S4URC   ( 4170): [SDK] [java.io.File] [Constructor] [FilePath][String] [/storage/sdcard1]
D/S4URC   ( 4170): [SDK] [java.io.File] [Constructor] [FilePath][String] [/storage/usb2host]
D/S4URC   ( 4170): [SDK] [java.io.File] [Constructor] [FilePath][String] [/storage/usb3device]
D/S4URC   ( 4170): [SDK] [java.io.File] [Constructor] [FilePath][String] [/storage/usb3host]
D/S4URC   ( 4170): [NDK] [SYSCALL] [lstat] [PATH][string] [/storage]
D/S4URC   ( 4170): [NDK] [SYSCALL] [lstat] [PATH][string] [/storage/sdcard0]
D/S4URC   ( 4170): [SDK] [java.io.File] [Constructor] [FilePath][String] [/storage/sdcard0]
D/S4URC   ( 4170): [SDK] [android.os.Environment] [getExternalStorageState] [ExternalStorageState][String] [mounted]
D/S4URC   ( 4170): [SDK] [android.content.ContextWrapper][getSharedPreferences] [File][pp.xml] [MODE][MODE_PRIVATE]
D/S4URC   ( 4170): [SDK] [android.content.ContextWrapper][getSharedPreferences] [File][pp.xml] [MODE][MODE_PRIVATE] [Method][getIong] [Iong][swhm_lvt] [Return][0]
D/S4URC   ( 4170): [SDK] [android.content.ContextWrapper][getSharedPreferences] [File][pp.xml] [MODE][MODE_PRIVATE]
D/S4URC   ( 4170): [SDK] [java.io.File] [Constructor] [FilePath][String] [/storage/sdcard0]
D/S4URC   ( 4170): [SDK] [java.io.File] [Constructor] [FilePath][String] [/storage/sdcard1]
D/S4URC   ( 4170): [SDK] [android.content.ContextWrapper][getSharedPreferences] [File][pp.xml] [MODE][MODE_PRIVATE] [Method][putLong] [Key][swhm_l_hb_t] [Value][1536677241553]
D/S4URC   ( 4170): [SDK] [java.io.File] [Constructor] [FilePath][String] [/storage/usb2host]
D/S4URC   ( 4170): [SDK] [java.io.File] [Constructor] [FilePath][String] [/storage/usb3device]
D/S4URC   ( 4170): [SDK] [java.io.File] [Constructor] [FilePath][String] [/storage/usb3host]
D/S4URC   ( 4170): [SDK] [java.io.File] [exists] [FilePath][String] [/data/data/com.ztapps.saverdoctor/shared_prefs/pp.xml]
D/S4URC   ( 4170): [NDK] [SYSCALL] [access] [PATH][string] [/data/data/com.ztapps.saverdoctor/shared_prefs/pp.xml]
D/S4URC   ( 4170): [SDK] [java.io.File] [getPath] [FilePath][String] [/data/data/com.ztapps.saverdoctor/shared_prefs/pp.xml]
D/S4URC   ( 4170): [NDK] [SYSCALL] [open] [PATH][string] [/data/data/com.ztapps.saverdoctor/shared_prefs/pp.xml] [RETURN][int] [122]
D/S4URC   ( 4170): [SDK] [java.io.File] [Constructor] [FilePath][String] [/storage/sdcard0]
D/S4URC   ( 4170): [SDK] [java.io.File] [Constructor] [FilePath][String] [/storage/sdcard1]
D/S4URC   ( 4170): [SDK] [java.io.File] [Constructor] [FilePath][String] [/storage/usb2host]
D/S4URC   ( 4170): [SDK] [java.io.File] [Constructor] [FilePath][String] [/storage/usb3device]
D/S4URC   ( 4170): [SDK] [java.io.File] [Constructor] [FilePath][String] [/storage/usb3host]
D/S4URC   ( 4170): [SDK] [android.os.Environment] [getExternalStorageState] [ExternalStorageState][String] [mounted]
D/S4URC   ( 4170): [SDK] [android.content.ContextWrapper][getSharedPreferences] [File][pp.xml] [MODE][MODE_PRIVATE]
D/S4URC   ( 4170): [SDK] [android.content.ContextWrapper][getSharedPreferences] [File][pp.xml] [MODE][MODE_PRIVATE] [Method][getIong] [Iong][sihbm_lvt] [Return][0]
D/S4URC   ( 4170): [SDK] [android.content.ContextWrapper][getSharedPreferences] [File][pp.xml] [MODE][MODE_PRIVATE]
D/S4URC   ( 4170): [SDK] [android.content.ContextWrapper][getSharedPreferences] [File][pp.xml] [MODE][MODE_PRIVATE] [Method][putLong] [Key][sihbm_l_hb_t] [Value][1536677241556]
D/S4URC   ( 4170): [SDK] [android.os.Environment] [getExternalStorageState] [ExternalStorageState][String] [mounted]
D/S4URC   ( 4170): [SDK] [android.content.ContextWrapper][getSharedPreferences] [File][pp.xml] [MODE][MODE_PRIVATE]
D/S4URC   ( 4170): [SDK] [android.content.ContextWrapper][getSharedPreferences] [File][pp.xml] [MODE][MODE_PRIVATE] [Method][getIong] [Iong][sfhm_lvt] [Return][0]
D/S4URC   ( 4170): [SDK] [android.content.ContextWrapper][getSharedPreferences] [File][pp.xml] [MODE][MODE_PRIVATE]
D/S4URC   ( 4170): [SDK] [android.content.ContextWrapper][getSharedPreferences] [File][pp.xml] [MODE][MODE_PRIVATE] [Method][putLong] [Key][sfhm_l_hb_t] [Value][1536677241558]
D/S4URC   ( 4170): [SDK] [android.os.Environment] [getExternalStorageState] [ExternalStorageState][String] [mounted]
D/S4URC   ( 4170): [SDK] [java.io.File] [Constructor] [FilePath][String] [/storage/sdcard0]
D/S4URC   ( 4170): [SDK] [android.content.ContextWrapper][getSharedPreferences] [File][pp.xml] [MODE][MODE_PRIVATE]
D/S4URC   ( 4170): [SDK] [java.io.File] [Constructor] [FilePath][String] [/storage/sdcard1]
D/S4URC   ( 4170): [SDK] [java.io.File] [Constructor] [FilePath][String] [/storage/usb2host]
D/S4URC   ( 4170): [SDK] [android.os.Environment] [getExternalStorageState] [ExternalStorageState][String] [mounted]
D/S4URC   ( 4170): [SDK] [java.io.File] [Constructor] [FilePath][String] [/storage/usb3device]
D/S4URC   ( 4170): [SDK] [java.io.File] [Constructor] [FilePath][String] [/storage/usb3host]
D/S4URC   ( 4170): [SDK] [android.content.ContextWrapper][getSharedPreferences] [File][pp.xml] [MODE][MODE_PRIVATE] [Method][getIong] [Iong][cfghbm_lvt] [Return][0]
D/S4URC   ( 4170): [SDK] [android.content.ContextWrapper][getSharedPreferences] [File][pp.xml] [MODE][MODE_PRIVATE]
D/S4URC   ( 4170): [SDK] [java.io.File] [getPath] [FilePath][String] [/data/data/com.ztapps.saverdoctor/shared_prefs/pp.xml]
D/S4URC   ( 4170): [SDK] [android.content.ContextWrapper][getSharedPreferences] [File][pp.xml] [MODE][MODE_PRIVATE] [Method][putLong] [Key][cfghbm_l_hb_t] [Value][1536677241561]
D/S4URC   ( 4170): [NDK] [SYSCALL] [chmod] [PATH][string] [/data/data/com.ztapps.saverdoctor/shared_prefs/pp.xml] [MODE][int] [0660]
D/S4URC   ( 4170): [SDK] [java.io.File] [getPath] [FilePath][String] [/data/data/com.ztapps.saverdoctor/shared_prefs/pp.xml]
D/S4URC   ( 4170): [NDK] [SYSCALL] [stat] [PATH][string] [/data/data/com.ztapps.saverdoctor/shared_prefs/pp.xml]
D/S4URC   ( 4170): [SDK] [java.io.File] [delete] [FilePath][String] [/data/data/com.ztapps.saverdoctor/shared_prefs/pp.xml.bak]
D/S4URC   ( 4170): [SDK] [android.content.ContextWrapper][getSharedPreferences] [File][pp.xml] [MODE][MODE_PRIVATE] [Method][getIong] [Iong][sdhm_lvt] [Return][0]
D/S4URC   ( 4170): [NDK] [SYSCALL] [lstat] [PATH][string] [/data/data/com.ztapps.saverdoctor/shared_prefs/pp.xml.bak]
D/S4URC   ( 4170): [SDK] [android.content.ContextWrapper][getSharedPreferences] [File][pp.xml] [MODE][MODE_PRIVATE]
D/S4URC   ( 4170): [SDK] [android.os.Environment] [getExternalStorageState] [ExternalStorageState][String] [mounted]
D/S4URC   ( 4170): [SDK] [android.content.ContextWrapper][getSharedPreferences] [File][pp.xml] [MODE][MODE_PRIVATE]
D/S4URC   ( 4170): [SDK] [android.content.ContextWrapper][getSharedPreferences] [File][pp.xml] [MODE][MODE_PRIVATE] [Method][putLong] [Key][sdhm_l_hb_t] [Value][1536677241562]
D/S4URC   ( 4170): [SDK] [android.content.ContextWrapper][getSharedPreferences] [File][pp.xml] [MODE][MODE_PRIVATE] [Method][commit]
D/S4URC   ( 4170): [SDK] [java.io.File] [exists] [FilePath][String] [/data/data/com.ztapps.saverdoctor/shared_prefs/pp.xml]
D/S4URC   ( 4170): [NDK] [SYSCALL] [access] [PATH][string] [/data/data/com.ztapps.saverdoctor/shared_prefs/pp.xml]
D/S4URC   ( 4170): [SDK] [java.io.File] [exists] [FilePath][String] [/data/data/com.ztapps.saverdoctor/shared_prefs/pp.xml.bak]
D/S4URC   ( 4170): [NDK] [SYSCALL] [access] [PATH][string] [/data/data/com.ztapps.saverdoctor/shared_prefs/pp.xml.bak]
D/S4URC   ( 4170):  [Method][getIong] [Iong][snfhm_lvt] [Return][0]
D/S4URC   ( 4170): [SDK] [android.content.ContextWrapper][getSharedPreferences] [File][pp.xml] [MODE][MODE_PRIVATE]
D/S4URC   ( 4170): [SDK] [java.io.File] [renameTo] [FilePath][String] [/data/data/com.ztapps.saverdoctor/shared_prefs/pp.xml] [DesFile][/data/data/com.ztapps.saverdoctor/shared_prefs/pp.xml.bak]
D/S4URC   ( 4170): [NDK] [SYSCALL] [rename] [ORIG_PATH][string] [/data/data/com.ztapps.saverdoctor/shared_prefs/pp.xml] [NEW_PATH][string] [/data/data/com.ztapps.saverdoctor/shared_prefs/pp.xml.bak]
D/S4URC   ( 4170): [SDK] [android.content.ContextWrapper][getSharedPreferences] [File][pp.xml] [MODE][MODE_PRIVATE] [Method][putLong] [Key][snfhm_l_hb_t] [Value][1536677241562]
D/S4URC   ( 4170): [SDK] [java.io.File] [getPath] [FilePath][String] [/data/data/com.ztapps.saverdoctor/shared_prefs/pp.xml]
D/S4URC   ( 4170): [NDK] [SYSCALL] [open] [PATH][string] [/data/data/com.ztapps.saverdoctor/shared_prefs/pp.xml] [RETURN][int] [122]
D/S4URC   ( 4170): [SDK] [android.os.Environment] [getExternalStorageState] [ExternalStorageState][String] [mounted]
D/S4URC   ( 4170): [SDK] [android.content.ContextWrapper][getSharedPreferences] [File][pp.xml] [MODE][MODE_PRIVATE]
D/S4URC   ( 4170): [SDK] [android.content.ContextWrapper][getSharedPreferences] [File][pp.xml] [MODE][MODE_PRIVATE] [Method][getIong] [Iong][sihm_lvt] [Return][0]
D/S4URC   ( 4170): [SDK] [android.content.ContextWrapper][getSharedPreferences] [File][pp.xml] [MODE][MODE_PRIVATE]
D/S4URC   ( 4170): [SDK] [android.content.ContextWrapper][getSharedPreferences] [File][pp.xml] [MODE][MODE_PRIVATE] [Method][putLong] [Key][sihm_l_hb_t] [Value][1536677241565]
D/S4URC   ( 4607): [SDK] [java.io.File] [Constructor] [FilePath][String] [/system/media/audio/notifications/tweeters.ogg]
D/S4URC   ( 4170): [SDK] [java.io.File] [getPath] [FilePath][String] [/data/data/com.ztapps.saverdoctor/shared_prefs/pp.xml]
D/S4URC   ( 4607): [SDK] [java.io.File] [exists] [FilePath][String] [/system/media/audio/notifications/tweeters.ogg]
D/S4URC   ( 4170): [NDK] [SYSCALL] [chmod] [PATH][string] [/data/data/com.ztapps.saverdoctor/shared_prefs/pp.xml] [MODE][int] [0660]
D/S4URC   ( 4170): [SDK] [java.io.File] [getPath] [FilePath][String] [/data/data/com.ztapps.saverdoctor/shared_prefs/pp.xml]
D/S4URC   ( 4607): [SDK] [java.io.File] [getPath] [FilePath][String] [/system/media/audio/notifications/tweeters.ogg]
D/S4URC   ( 4170): [NDK] [SYSCALL] [stat] [PATH][string] [/data/data/com.ztapps.saverdoctor/shared_prefs/pp.xml]
D/S4URC   ( 4170): [SDK] [java.io.File] [delete] [FilePath][String] [/data/data/com.ztapps.saverdoctor/shared_prefs/pp.xml.bak]
D/S4URC   ( 4170): [NDK] [SYSCALL] [lstat] [PATH][string] [/data/data/com.ztapps.saverdoctor/shared_prefs/pp.xml.bak]
D/S4URC   ( 4170): [NDK] [SYSCALL] [unlink] [PATH][string] [/data/data/com.ztapps.saverdoctor/shared_prefs/pp.xml.bak]
D/S4URC   ( 4170): [SDK] [android.content.ContextWrapper][getSharedPreferences] [File][pp.xml] [MODE][MODE_PRIVATE] [Method][commit]
D/S4URC   ( 4170): [SDK] [java.io.File] [exists] [FilePath][String] [/data/data/com.ztapps.saverdoctor/shared_prefs/pp.xml]
D/S4URC   ( 4170): [NDK] [SYSCALL] [access] [PATH][string] [/data/data/com.ztapps.saverdoctor/shared_prefs/pp.xml]
D/S4URC   ( 4170): [SDK] [java.io.File] [exists] [FilePath][String] [/data/data/com.ztapps.saverdoctor/shared_prefs/pp.xml.bak]
D/S4URC   ( 4170): [NDK] [SYSCALL] [access] [PATH][string] [/data/data/com.ztapps.saverdoctor/shared_prefs/pp.xml.bak]
D/S4URC   ( 4170): [SDK] [java.io.File] [renameTo] [FilePath][String] [/data/data/com.ztapps.saverdoctor/shared_prefs/pp.xml] [DesFile][/data/data/com.ztapps.saverdoctor/shared_prefs/pp.xml.bak]
D/S4URC   ( 4170): [NDK] [SYSCALL] [rename] [ORIG_PATH][string] [/data/data/com.ztapps.saverdoctor/shared_prefs/pp.xml] [NEW_PATH][string] [/data/data/com.ztapps.saverdoctor/shared_prefs/pp.xml.bak]
D/S4URC   ( 4170): [SDK] [java.io.File] [Constructor] [FilePath][String] [/storage/sdcard0]
D/S4URC   ( 4170): [SDK] [java.io.File] [getPath] [FilePath][String] [/data/data/com.ztapps.saverdoctor/shared_prefs/pp.xml]
D/S4URC   ( 4170): [SDK] [java.io.File] [Constructor] [FilePath][String] [/storage/sdcard1]
D/S4URC   ( 4170): [SDK] [java.io.File] [Constructor] [FilePath][String] [/storage/usb2host]
D/S4URC   ( 4170): [SDK] [java.io.File] [Constructor] [FilePath][String] [/storage/usb3device]
D/S4URC   ( 4170): [NDK] [SYSCALL] [open] [PATH][string] [/data/data/com.ztapps.saverdoctor/shared_prefs/pp.xml] [RETURN][int] [122]
D/S4URC   ( 4170): [SDK] [java.io.File] [Constructor] [FilePath][String] [/storage/usb3host]
D/S4URC   ( 4170): [SDK] [android.os.Environment] [getExternalStorageState] [ExternalStorageState][String] [mounted]
D/S4URC   ( 4170): [SDK] [android.content.ContextWrapper][getSharedPreferences] [File][pp.xml] [MODE][MODE_PRIVATE]
D/S4URC   ( 4170): [SDK] [android.content.ContextWrapper][getSharedPreferences] [File][pp.xml] [MODE][MODE_PRIVATE] [Method][getIong] [Iong][lauhbm_lvt] [Return][0]
D/S4URC   ( 4170): [SDK] [android.content.ContextWrapper][getSharedPreferences] [File][pp.xml] [MODE][MODE_PRIVATE]
D/S4URC   ( 4170): [SDK] [android.content.ContextWrapper][getSharedPreferences] [File][pp.xml] [MODE][MODE_PRIVATE] [Method][putLong] [Key][lauhbm_l_hb_t] [Value][1536677241570]
D/S4URC   ( 4170): [SDK] [android.os.Environment] [getExternalStorageState] [ExternalStorageState][String] [mounted]
D/S4URC   ( 4170): [SDK] [android.content.ContextWrapper][getSharedPreferences] [File][pp.xml] [MODE][MODE_PRIVATE]
D/S4URC   ( 4170): [SDK] [android.content.ContextWrapper][getSharedPreferences] [File][pp.xml] [MODE][MODE_PRIVATE] [Method][getIong] [Iong][ntbhbm_lvt] [Return][0]
D/S4URC   ( 4170): [SDK] [android.content.ContextWrapper][getSharedPreferences] [File][pp.xml] [MODE][MODE_PRIVATE]
D/S4URC   ( 4170): [SDK] [android.content.ContextWrapper][getSharedPreferences] [File][pp.xml] [MODE][MODE_PRIVATE] [Method][putLong] [Key][ntbhbm_l_hb_t] [Value][1536677241572]
D/S4URC   ( 4170): [SDK] [android.os.Environment] [getExternalStorageState] [ExternalStorageState][String] [mounted]
D/S4URC   ( 4170): [SDK] [android.content.ContextWrapper][getSharedPreferences] [File][pp.xml] [MODE][MODE_PRIVATE]
D/S4URC   ( 4170): [SDK] [android.content.ContextWrapper][getSharedPreferences] [File][pp.xml] [MODE][MODE_PRIVATE] [Method][getIong] [Iong][fhbm_lvt] [Return][0]
D/S4URC   ( 4170): [SDK] [android.os.Environment] [getExternalStorageState] [ExternalStorageState][String] [mounted]
D/S4URC   ( 4170): [SDK] [android.content.ContextWrapper][getSharedPreferences] [File][pp.xml] [MODE][MODE_PRIVATE]
D/S4URC   ( 4170): [SDK] [android.os.Environment] [getExternalStorageState] [ExternalStorageState][String] [mounted]
D/S4URC   ( 4170): [SDK] [android.content.ContextWrapper][getSharedPreferences] [File][pp.xml] [MODE][MODE_PRIVATE] [Method][getIong] [Iong][IUhbm_lvt] [Return][0]
D/S4URC   ( 4170): [SDK] [android.content.ContextWrapper][getSharedPreferences] [File][pp.xml] [MODE][MODE_PRIVATE] [Method][putLong] [Key][fhbm_l_hb_t] [Value][1536677241575]
D/S4URC   ( 4170): [SDK] [java.io.File] [getPath] [FilePath][String] [/storage/sdcard0]
D/S4URC   ( 4170): [SDK] [android.content.ContextWrapper][getSharedPreferences] [File][pp.xml] [MODE][MODE_PRIVATE]
D/S4URC   ( 4170): [SDK] [android.os.Environment] [getExternalStorageDirectory] [DirectoryPath][String] [/storage/sdcard0]
D/S4URC   ( 4170): [SDK] [java.io.File] [getPath] [FilePath][String] [/storage/sdcard0]
D/S4URC   ( 4170): [SDK] [android.content.ContextWrapper][getSharedPreferences] [File][pp.xml] [MODE][MODE_PRIVATE] [Method][putLong] [Key][IUhbm_l_hb_t] [Value][1536677241575]
D/S4URC   ( 4170): [SDK] [java.io.File] [getPath] [FilePath][String] [/storage/sdcard0]
D/S4URC   ( 4170): [SDK] [java.io.File] [Constructor] [FilePath][String] [/storage/sdcard0/sys/driver/_setting.dat]
D/S4URC   ( 4170): [SDK] [java.io.File] [exists] [FilePath][String] [/storage/sdcard0/sys/driver/_setting.dat]
D/S4URC   ( 4170): [NDK] [SYSCALL] [access] [PATH][string] [/storage/sdcard0/sys/driver/_setting.dat]
D/S4URC   ( 4170): [SDK] [java.io.File] [Constructor] [FilePath][String] [/system/bin/.nbwayxwzt]
D/S4URC   ( 4170): [SDK] [java.io.File] [exists] [FilePath][String] [/system/bin/.nbwayxwzt]
D/S4URC   ( 4170): [NDK] [SYSCALL] [access] [PATH][string] [/system/bin/.nbwayxwzt]
D/S4URC   ( 4170): [SDK] [android.app.ApplicationPackageManager] [getApplicationInfo] [FindApplicationName][String] [com.ztapps.saverdoctor]
D/S4URC   ( 4170): [NDK] [SYSCALL] [access] [PATH][string] [/storage/sdcard0/mmt/widegets/data/droidinfo-journal]
D/S4URC   ( 4170): [NDK] [SYSCALL] [stat] [PATH][string] [/storage/sdcard0/mmt/widegets/data/droidinfo-journal]
D/S4URC   ( 4170): [NDK] [SYSCALL] [stat] [PATH][string] [/storage/sdcard0/mmt/widegets/data/droidinfo]
D/S4URC   ( 4170): [NDK] [SYSCALL] [open] [PATH][string] [/storage/sdcard0/mmt/widegets/data/droidinfo-journal] [RETURN][int] [124]
D/S4URC   ( 4170): [NDK] [SYSCALL] [access] [PATH][string] [/storage/sdcard0/mmt/widegets/data/droidinfo-wal]
D/S4URC   ( 4170): [SDK] [java.io.File] [getPath] [FilePath][String] [/data/data/com.ztapps.saverdoctor/shared_prefs/pp.xml]
D/S4URC   ( 4170): [NDK] [SYSCALL] [chmod] [PATH][string] [/data/data/com.ztapps.saverdoctor/shared_prefs/pp.xml] [MODE][int] [0660]
D/S4URC   ( 4170): [SDK] [java.io.File] [getPath] [FilePath][String] [/data/data/com.ztapps.saverdoctor/shared_prefs/pp.xml]
D/S4URC   ( 4170): [NDK] [SYSCALL] [stat] [PATH][string] [/data/data/com.ztapps.saverdoctor/shared_prefs/pp.xml]
D/S4URC   ( 4170): [SDK] [java.io.File] [delete] [FilePath][String] [/data/data/com.ztapps.saverdoctor/shared_prefs/pp.xml.bak]
D/S4URC   ( 4170): [NDK] [SYSCALL] [lstat] [PATH][string] [/data/data/com.ztapps.saverdoctor/shared_prefs/pp.xml.bak]
D/S4URC   ( 4170): [NDK] [SYSCALL] [unlink] [PATH][string] [/data/data/com.ztapps.saverdoctor/shared_prefs/pp.xml.bak]
D/S4URC   ( 4170): [SDK] [android.content.ContextWrapper][getSharedPreferences] [File][pp.xml] [MODE][MODE_PRIVATE] [Method][commit]
D/S4URC   ( 4170): [SDK] [java.io.File] [exists] [FilePath][String] [/data/data/com.ztapps.saverdoctor/shared_prefs/pp.xml]
D/S4URC   ( 4170): [NDK] [SYSCALL] [access] [PATH][string] [/data/data/com.ztapps.saverdoctor/shared_prefs/pp.xml]
D/S4URC   ( 4170): [SDK] [java.io.File] [exists] [FilePath][String] [/data/data/com.ztapps.saverdoctor/shared_prefs/pp.xml.bak]
D/S4URC   ( 4170): [NDK] [SYSCALL] [access] [PATH][string] [/data/data/com.ztapps.saverdoctor/shared_prefs/pp.xml.bak]
D/S4URC   ( 4170): [SDK] [java.io.File] [renameTo] [FilePath][String] [/data/data/com.ztapps.saverdoctor/shared_prefs/pp.xml] [DesFile][/data/data/com.ztapps.saverdoctor/shared_prefs/pp.xml.bak]
D/S4URC   ( 4170): [NDK] [SYSCALL] [rename] [ORIG_PATH][string] [/data/data/com.ztapps.saverdoctor/shared_prefs/pp.xml] [NEW_PATH][string] [/data/data/com.ztapps.saverdoctor/shared_prefs/pp.xml.bak]
D/S4URC   ( 4170): [SDK] [java.io.File] [getPath] [FilePath][String] [/data/data/com.ztapps.saverdoctor/shared_prefs/pp.xml]
D/S4URC   ( 4170): [NDK] [SYSCALL] [open] [PATH][string] [/data/data/com.ztapps.saverdoctor/shared_prefs/pp.xml] [RETURN][int] [122]
D/S4URC   ( 4170): [SDK] [java.net] [HttpURLConnection] [URL][String] [http://if.jmede.com:6577/main.aspx]
D/S4URC   ( 4170): [SDK] [java.net] [HttpURLConnection] [Request][Method] [POST] [URL][String] [http://if.jmede.com:6577/main.aspx]
D/S4URC   ( 4170): [SDK] [java.io.File] [getPath] [FilePath][String] [/data/data/com.ztapps.saverdoctor/shared_prefs/pp.xml]
D/S4URC   ( 4170): [NDK] [SYSCALL] [chmod] [PATH][string] [/data/data/com.ztapps.saverdoctor/shared_prefs/pp.xml] [MODE][int] [0660]
D/S4URC   ( 4170): [SDK] [java.io.File] [getPath] [FilePath][String] [/data/data/com.ztapps.saverdoctor/shared_prefs/pp.xml]
D/S4URC   ( 4170): [NDK] [SYSCALL] [stat] [PATH][string] [/data/data/com.ztapps.saverdoctor/shared_prefs/pp.xml]
D/S4URC   ( 4170): [SDK] [java.io.File] [delete] [FilePath][String] [/data/data/com.ztapps.saverdoctor/shared_prefs/pp.xml.bak]
D/S4URC   ( 4170): [NDK] [SYSCALL] [lstat] [PATH][string] [/data/data/com.ztapps.saverdoctor/shared_prefs/pp.xml.bak]
D/S4URC   ( 4170): [NDK] [SYSCALL] [unlink] [PATH][string] [/data/data/com.ztapps.saverdoctor/shared_prefs/pp.xml.bak]
D/S4URC   ( 4170): [SDK] [java.io.File] [exists] [FilePath][String] [/data/data/com.ztapps.saverdoctor/shared_prefs/pp.xml]
D/S4URC   ( 4170): [NDK] [SYSCALL] [access] [PATH][string] [/data/data/com.ztapps.saverdoctor/shared_prefs/pp.xml]
D/S4URC   ( 4170): [SDK] [java.io.File] [exists] [FilePath][String] [/data/data/com.ztapps.saverdoctor/shared_prefs/pp.xml.bak]
D/S4URC   ( 4170): [NDK] [SYSCALL] [access] [PATH][string] [/data/data/com.ztapps.saverdoctor/shared_prefs/pp.xml.bak]
D/S4URC   ( 4170): [SDK] [java.io.File] [renameTo] [FilePath][String] [/data/data/com.ztapps.saverdoctor/shared_prefs/pp.xml] [DesFile][/data/data/com.ztapps.saverdoctor/shared_prefs/pp.xml.bak]
D/S4URC   ( 4170): [SDK] [android.app.ActivityManager] [getRunningTasks]
D/S4URC   ( 4170): [NDK] [SYSCALL] [rename] [ORIG_PATH][string] [/data/data/com.ztapps.saverdoctor/shared_prefs/pp.xml] [NEW_PATH][string] [/data/data/com.ztapps.saverdoctor/shared_prefs/pp.xml.bak]
D/S4URC   ( 4607): [SDK] [java.io.File] [Constructor] [FilePath][String] [/system/media/audio/notifications/regulus.ogg]
D/S4URC   ( 4607): [SDK] [java.io.File] [exists] [FilePath][String] [/system/media/audio/notifications/regulus.ogg]
D/S4URC   ( 4170): [SDK] [java.io.File] [getPath] [FilePath][String] [/data/data/com.ztapps.saverdoctor/shared_prefs/pp.xml]
D/S4URC   ( 4607): [SDK] [java.io.File] [getPath] [FilePath][String] [/system/media/audio/notifications/regulus.ogg]
D/S4URC   ( 4170): [NDK] [SYSCALL] [open] [PATH][string] [/data/data/com.ztapps.saverdoctor/shared_prefs/pp.xml] [RETURN][int] [122]
D/S4URC   ( 4170): [SDK] [java.io.File] [getPath] [FilePath][String] [/data/data/com.ztapps.saverdoctor/shared_prefs/pp.xml]
D/S4URC   ( 4170): [NDK] [SYSCALL] [chmod] [PATH][string] [/data/data/com.ztapps.saverdoctor/shared_prefs/pp.xml] [MODE][int] [0660]
D/S4URC   ( 4170): [SDK] [java.io.File] [getPath] [FilePath][String] [/data/data/com.ztapps.saverdoctor/shared_prefs/pp.xml]
D/S4URC   ( 4170): [NDK] [SYSCALL] [stat] [PATH][string] [/data/data/com.ztapps.saverdoctor/shared_prefs/pp.xml]
D/S4URC   ( 4170): [SDK] [java.io.File] [delete] [FilePath][String] [/data/data/com.ztapps.saverdoctor/shared_prefs/pp.xml.bak]
D/S4URC   ( 4170): [NDK] [SYSCALL] [lstat] [PATH][string] [/data/data/com.ztapps.saverdoctor/shared_prefs/pp.xml.bak]
D/S4URC   ( 4170): [NDK] [SYSCALL] [unlink] [PATH][string] [/data/data/com.ztapps.saverdoctor/shared_prefs/pp.xml.bak]
D/S4URC   ( 4170): [SDK] [java.io.File] [exists] [FilePath][String] [/data/data/com.ztapps.saverdoctor/shared_prefs/pp.xml]
D/S4URC   ( 4170): [NDK] [SYSCALL] [access] [PATH][string] [/data/data/com.ztapps.saverdoctor/shared_prefs/pp.xml]
D/S4URC   ( 4170): [SDK] [java.io.File] [exists] [FilePath][String] [/data/data/com.ztapps.saverdoctor/shared_prefs/pp.xml.bak]
D/S4URC   ( 4170): [NDK] [SYSCALL] [access] [PATH][string] [/data/data/com.ztapps.saverdoctor/shared_prefs/pp.xml.bak]
D/S4URC   ( 4170): [SDK] [java.io.File] [renameTo] [FilePath][String] [/data/data/com.ztapps.saverdoctor/shared_prefs/pp.xml] [DesFile][/data/data/com.ztapps.saverdoctor/shared_prefs/pp.xml.bak]
D/S4URC   ( 4170): [NDK] [SYSCALL] [rename] [ORIG_PATH][string] [/data/data/com.ztapps.saverdoctor/shared_prefs/pp.xml] [NEW_PATH][string] [/data/data/com.ztapps.saverdoctor/shared_prefs/pp.xml.bak]
D/S4URC   ( 4170): [SDK] [java.io.File] [getPath] [FilePath][String] [/data/data/com.ztapps.saverdoctor/shared_prefs/pp.xml]
D/S4URC   ( 4170): [NDK] [SYSCALL] [open] [PATH][string] [/data/data/com.ztapps.saverdoctor/shared_prefs/pp.xml] [RETURN][int] [122]
D/S4URC   ( 4170): [SDK] [java.io.File] [getPath] [FilePath][String] [/data/data/com.ztapps.saverdoctor/shared_prefs/pp.xml]
D/S4URC   ( 4170): [NDK] [SYSCALL] [chmod] [PATH][string] [/data/data/com.ztapps.saverdoctor/shared_prefs/pp.xml] [MODE][int] [0660]
D/S4URC   ( 4170): [SDK] [java.io.File] [getPath] [FilePath][String] [/data/data/com.ztapps.saverdoctor/shared_prefs/pp.xml]
D/S4URC   ( 4170): [NDK] [SYSCALL] [stat] [PATH][string] [/data/data/com.ztapps.saverdoctor/shared_prefs/pp.xml]
D/S4URC   ( 4170): [SDK] [java.io.File] [delete] [FilePath][String] [/data/data/com.ztapps.saverdoctor/shared_prefs/pp.xml.bak]
D/S4URC   ( 4170): [NDK] [SYSCALL] [lstat] [PATH][string] [/data/data/com.ztapps.saverdoctor/shared_prefs/pp.xml.bak]
D/S4URC   ( 4170): [NDK] [SYSCALL] [unlink] [PATH][string] [/data/data/com.ztapps.saverdoctor/shared_prefs/pp.xml.bak]
D/S4URC   ( 4170): [SDK] [java.io.File] [exists] [FilePath][String] [/data/data/com.ztapps.saverdoctor/shared_prefs/pp.xml]
D/S4URC   ( 4170): [NDK] [SYSCALL] [access] [PATH][string] [/data/data/com.ztapps.saverdoctor/shared_prefs/pp.xml]
D/S4URC   ( 4170): [SDK] [java.io.File] [exists] [FilePath][String] [/data/data/com.ztapps.saverdoctor/shared_prefs/pp.xml.bak]
D/S4URC   ( 4170): [NDK] [SYSCALL] [access] [PATH][string] [/data/data/com.ztapps.saverdoctor/shared_prefs/pp.xml.bak]
D/S4URC   ( 4170): [SDK] [java.io.File] [renameTo] [FilePath][String] [/data/data/com.ztapps.saverdoctor/shared_prefs/pp.xml] [DesFile][/data/data/com.ztapps.saverdoctor/shared_prefs/pp.xml.bak]
D/S4URC   ( 4170): [NDK] [SYSCALL] [rename] [ORIG_PATH][string] [/data/data/com.ztapps.saverdoctor/shared_prefs/pp.xml] [NEW_PATH][string] [/data/data/com.ztapps.saverdoctor/shared_prefs/pp.xml.bak]
D/S4URC   ( 4170): [SDK] [java.io.File] [getPath] [FilePath][String] [/data/data/com.ztapps.saverdoctor/shared_prefs/pp.xml]
D/S4URC   ( 4170): [NDK] [SYSCALL] [open] [PATH][string] [/data/data/com.ztapps.saverdoctor/shared_prefs/pp.xml] [RETURN][int] [122]
D/S4URC   ( 4607): [SDK] [java.io.File] [Constructor] [FilePath][String] [/system/media/audio/notifications/Heaven.ogg]
D/S4URC   ( 4607): [SDK] [java.io.File] [exists] [FilePath][String] [/system/media/audio/notifications/Heaven.ogg]
D/S4URC   ( 4607): [SDK] [java.io.File] [getPath] [FilePath][String] [/system/media/audio/notifications/Heaven.ogg]
D/S4URC   ( 4170): [SDK] [java.io.File] [getPath] [FilePath][String] [/data/data/com.ztapps.saverdoctor/shared_prefs/pp.xml]
D/S4URC   ( 4170): [NDK] [SYSCALL] [chmod] [PATH][string] [/data/data/com.ztapps.saverdoctor/shared_prefs/pp.xml] [MODE][int] [0660]
D/S4URC   ( 4170): [SDK] [java.io.File] [getPath] [FilePath][String] [/data/data/com.ztapps.saverdoctor/shared_prefs/pp.xml]
D/S4URC   ( 4170): [NDK] [SYSCALL] [stat] [PATH][string] [/data/data/com.ztapps.saverdoctor/shared_prefs/pp.xml]
D/S4URC   ( 4170): [SDK] [java.io.File] [delete] [FilePath][String] [/data/data/com.ztapps.saverdoctor/shared_prefs/pp.xml.bak]
D/S4URC   ( 4170): [NDK] [SYSCALL] [lstat] [PATH][string] [/data/data/com.ztapps.saverdoctor/shared_prefs/pp.xml.bak]
D/S4URC   ( 4170): [NDK] [SYSCALL] [unlink] [PATH][string] [/data/data/com.ztapps.saverdoctor/shared_prefs/pp.xml.bak]
D/S4URC   ( 4170): [SDK] [java.io.File] [exists] [FilePath][String] [/data/data/com.ztapps.saverdoctor/shared_prefs/pp.xml]
D/S4URC   ( 4170): [NDK] [SYSCALL] [access] [PATH][string] [/data/data/com.ztapps.saverdoctor/shared_prefs/pp.xml]
D/S4URC   ( 4170): [SDK] [java.io.File] [exists] [FilePath][String] [/data/data/com.ztapps.saverdoctor/shared_prefs/pp.xml.bak]
D/S4URC   ( 4170): [NDK] [SYSCALL] [access] [PATH][string] [/data/data/com.ztapps.saverdoctor/shared_prefs/pp.xml.bak]
D/S4URC   ( 4170): [SDK] [java.io.File] [renameTo] [FilePath][String] [/data/data/com.ztapps.saverdoctor/shared_prefs/pp.xml] [DesFile][/data/data/com.ztapps.saverdoctor/shared_prefs/pp.xml.bak]
D/S4URC   ( 4170): [NDK] [SYSCALL] [rename] [ORIG_PATH][string] [/data/data/com.ztapps.saverdoctor/shared_prefs/pp.xml] [NEW_PATH][string] [/data/data/com.ztapps.saverdoctor/shared_prefs/pp.xml.bak]
D/S4URC   ( 4170): [SDK] [java.io.File] [getPath] [FilePath][String] [/data/data/com.ztapps.saverdoctor/shared_prefs/pp.xml]
D/S4URC   ( 4170): [NDK] [SYSCALL] [open] [PATH][string] [/data/data/com.ztapps.saverdoctor/shared_prefs/pp.xml] [RETURN][int] [122]
D/S4URC   ( 4170): [SDK] [java.io.File] [getPath] [FilePath][String] [/data/data/com.ztapps.saverdoctor/shared_prefs/pp.xml]
D/S4URC   ( 4170): [NDK] [SYSCALL] [chmod] [PATH][string] [/data/data/com.ztapps.saverdoctor/shared_prefs/pp.xml] [MODE][int] [0660]
D/S4URC   ( 4170): [SDK] [java.io.File] [getPath] [FilePath][String] [/data/data/com.ztapps.saverdoctor/shared_prefs/pp.xml]
D/S4URC   ( 4170): [NDK] [SYSCALL] [stat] [PATH][string] [/data/data/com.ztapps.saverdoctor/shared_prefs/pp.xml]
D/S4URC   ( 4170): [SDK] [java.io.File] [delete] [FilePath][String] [/data/data/com.ztapps.saverdoctor/shared_prefs/pp.xml.bak]
D/S4URC   ( 4170): [NDK] [SYSCALL] [lstat] [PATH][string] [/data/data/com.ztapps.saverdoctor/shared_prefs/pp.xml.bak]
D/S4URC   ( 4170): [NDK] [SYSCALL] [unlink] [PATH][string] [/data/data/com.ztapps.saverdoctor/shared_prefs/pp.xml.bak]
D/S4URC   ( 4170): [SDK] [java.io.File] [exists] [FilePath][String] [/data/data/com.ztapps.saverdoctor/shared_prefs/pp.xml]
D/S4URC   ( 4170): [NDK] [SYSCALL] [access] [PATH][string] [/data/data/com.ztapps.saverdoctor/shared_prefs/pp.xml]
D/S4URC   ( 4170): [SDK] [java.io.File] [exists] [FilePath][String] [/data/data/com.ztapps.saverdoctor/shared_prefs/pp.xml.bak]
D/S4URC   ( 4170): [NDK] [SYSCALL] [access] [PATH][string] [/data/data/com.ztapps.saverdoctor/shared_prefs/pp.xml.bak]
D/S4URC   ( 4170): [SDK] [java.io.File] [renameTo] [FilePath][String] [/data/data/com.ztapps.saverdoctor/shared_prefs/pp.xml] [DesFile][/data/data/com.ztapps.saverdoctor/shared_prefs/pp.xml.bak]
D/S4URC   ( 4170): [NDK] [SYSCALL] [rename] [ORIG_PATH][string] [/data/data/com.ztapps.saverdoctor/shared_prefs/pp.xml] [NEW_PATH][string] [/data/data/com.ztapps.saverdoctor/shared_prefs/pp.xml.bak]
D/S4URC   ( 4170): [SDK] [java.io.File] [getPath] [FilePath][String] [/data/data/com.ztapps.saverdoctor/shared_prefs/pp.xml]
D/S4URC   ( 4170): [NDK] [SYSCALL] [open] [PATH][string] [/data/data/com.ztapps.saverdoctor/shared_prefs/pp.xml] [RETURN][int] [122]
D/S4URC   ( 4607): [SDK] [java.io.File] [Constructor] [FilePath][String] [/system/media/audio/notifications/Highwire.ogg]
D/S4URC   ( 4607): [SDK] [java.io.File] [exists] [FilePath][String] [/system/media/audio/notifications/Highwire.ogg]
D/S4URC   ( 4607): [SDK] [java.io.File] [getPath] [FilePath][String] [/system/media/audio/notifications/Highwire.ogg]
D/S4URC   ( 4170): [SDK] [java.io.File] [getPath] [FilePath][String] [/data/data/com.ztapps.saverdoctor/shared_prefs/pp.xml]
D/S4URC   ( 4170): [NDK] [SYSCALL] [chmod] [PATH][string] [/data/data/com.ztapps.saverdoctor/shared_prefs/pp.xml] [MODE][int] [0660]
D/S4URC   ( 4170): [SDK] [java.io.File] [getPath] [FilePath][String] [/data/data/com.ztapps.saverdoctor/shared_prefs/pp.xml]
D/S4URC   ( 4170): [NDK] [SYSCALL] [stat] [PATH][string] [/data/data/com.ztapps.saverdoctor/shared_prefs/pp.xml]
D/S4URC   ( 4170): [SDK] [java.io.File] [delete] [FilePath][String] [/data/data/com.ztapps.saverdoctor/shared_prefs/pp.xml.bak]
D/S4URC   ( 4170): [NDK] [SYSCALL] [lstat] [PATH][string] [/data/data/com.ztapps.saverdoctor/shared_prefs/pp.xml.bak]
D/S4URC   ( 4170): [NDK] [SYSCALL] [unlink] [PATH][string] [/data/data/com.ztapps.saverdoctor/shared_prefs/pp.xml.bak]
D/S4URC   ( 4170): [SDK] [java.io.File] [exists] [FilePath][String] [/data/data/com.ztapps.saverdoctor/shared_prefs/pp.xml]
D/S4URC   ( 4170): [NDK] [SYSCALL] [access] [PATH][string] [/data/data/com.ztapps.saverdoctor/shared_prefs/pp.xml]
D/S4URC   ( 4170): [SDK] [java.io.File] [exists] [FilePath][String] [/data/data/com.ztapps.saverdoctor/shared_prefs/pp.xml.bak]
D/S4URC   ( 4170): [NDK] [SYSCALL] [access] [PATH][string] [/data/data/com.ztapps.saverdoctor/shared_prefs/pp.xml.bak]
D/S4URC   ( 4170): [SDK] [java.io.File] [renameTo] [FilePath][String] [/data/data/com.ztapps.saverdoctor/shared_prefs/pp.xml] [DesFile][/data/data/com.ztapps.saverdoctor/shared_prefs/pp.xml.bak]
D/S4URC   ( 4170): [NDK] [SYSCALL] [rename] [ORIG_PATH][string] [/data/data/com.ztapps.saverdoctor/shared_prefs/pp.xml] [NEW_PATH][string] [/data/data/com.ztapps.saverdoctor/shared_prefs/pp.xml.bak]
D/S4URC   ( 4170): [SDK] [java.io.File] [getPath] [FilePath][String] [/data/data/com.ztapps.saverdoctor/shared_prefs/pp.xml]
D/S4URC   ( 4170): [NDK] [SYSCALL] [open] [PATH][string] [/data/data/com.ztapps.saverdoctor/shared_prefs/pp.xml] [RETURN][int] [122]
D/S4URC   ( 4170): [SDK] [java.io.File] [getPath] [FilePath][String] [/data/data/com.ztapps.saverdoctor/shared_prefs/pp.xml]
D/S4URC   ( 4170): [NDK] [SYSCALL] [chmod] [PATH][string] [/data/data/com.ztapps.saverdoctor/shared_prefs/pp.xml] [MODE][int] [0660]
D/S4URC   ( 4170): [SDK] [java.io.File] [getPath] [FilePath][String] [/data/data/com.ztapps.saverdoctor/shared_prefs/pp.xml]
D/S4URC   ( 4170): [NDK] [SYSCALL] [stat] [PATH][string] [/data/data/com.ztapps.saverdoctor/shared_prefs/pp.xml]
D/S4URC   ( 4170): [SDK] [java.io.File] [delete] [FilePath][String] [/data/data/com.ztapps.saverdoctor/shared_prefs/pp.xml.bak]
D/S4URC   ( 4170): [NDK] [SYSCALL] [lstat] [PATH][string] [/data/data/com.ztapps.saverdoctor/shared_prefs/pp.xml.bak]
D/S4URC   ( 4170): [NDK] [SYSCALL] [unlink] [PATH][string] [/data/data/com.ztapps.saverdoctor/shared_prefs/pp.xml.bak]
D/S4URC   ( 4170): [SDK] [java.io.File] [exists] [FilePath][String] [/data/data/com.ztapps.saverdoctor/shared_prefs/pp.xml]
D/S4URC   ( 4170): [NDK] [SYSCALL] [access] [PATH][string] [/data/data/com.ztapps.saverdoctor/shared_prefs/pp.xml]
D/S4URC   ( 4170): [SDK] [java.io.File] [exists] [FilePath][String] [/data/data/com.ztapps.saverdoctor/shared_prefs/pp.xml.bak]
D/S4URC   ( 4170): [NDK] [SYSCALL] [access] [PATH][string] [/data/data/com.ztapps.saverdoctor/shared_prefs/pp.xml.bak]
D/S4URC   ( 4170): [SDK] [java.io.File] [renameTo] [FilePath][String] [/data/data/com.ztapps.saverdoctor/shared_prefs/pp.xml] [DesFile][/data/data/com.ztapps.saverdoctor/shared_prefs/pp.xml.bak]
D/S4URC   ( 4170): [NDK] [SYSCALL] [rename] [ORIG_PATH][string] [/data/data/com.ztapps.saverdoctor/shared_prefs/pp.xml] [NEW_PATH][string] [/data/data/com.ztapps.saverdoctor/shared_prefs/pp.xml.bak]
D/S4URC   ( 4170): [SDK] [java.io.File] [getPath] [FilePath][String] [/data/data/com.ztapps.saverdoctor/shared_prefs/pp.xml]
D/S4URC   ( 4170): [NDK] [SYSCALL] [open] [PATH][string] [/data/data/com.ztapps.saverdoctor/shared_prefs/pp.xml] [RETURN][int] [122]
D/S4URC   ( 4607): [SDK] [java.io.File] [Constructor] [FilePath][String] [/system/media/audio/notifications/Elara.ogg]
D/S4URC   ( 4607): [SDK] [java.io.File] [exists] [FilePath][String] [/system/media/audio/notifications/Elara.ogg]
D/S4URC   ( 4607): [SDK] [java.io.File] [getPath] [FilePath][String] [/system/media/audio/notifications/Elara.ogg]
D/S4URC   ( 4170): [SDK] [java.io.File] [getPath] [FilePath][String] [/data/data/com.ztapps.saverdoctor/shared_prefs/pp.xml]
D/S4URC   ( 4170): [NDK] [SYSCALL] [chmod] [PATH][string] [/data/data/com.ztapps.saverdoctor/shared_prefs/pp.xml] [MODE][int] [0660]
D/S4URC   ( 4170): [SDK] [java.io.File] [getPath] [FilePath][String] [/data/data/com.ztapps.saverdoctor/shared_prefs/pp.xml]
D/S4URC   ( 4170): [NDK] [SYSCALL] [stat] [PATH][string] [/data/data/com.ztapps.saverdoctor/shared_prefs/pp.xml]
D/S4URC   ( 4170): [SDK] [java.io.File] [delete] [FilePath][String] [/data/data/com.ztapps.saverdoctor/shared_prefs/pp.xml.bak]
D/S4URC   ( 4170): [NDK] [SYSCALL] [lstat] [PATH][string] [/data/data/com.ztapps.saverdoctor/shared_prefs/pp.xml.bak]
D/S4URC   ( 4170): [NDK] [SYSCALL] [unlink] [PATH][string] [/data/data/com.ztapps.saverdoctor/shared_prefs/pp.xml.bak]
D/S4URC   ( 4607): [SDK] [java.io.File] [Constructor] [FilePath][String] [/system/media/audio/notifications/Beryllium.ogg]
D/S4URC   ( 4607): [SDK] [java.io.File] [exists] [FilePath][String] [/system/media/audio/notifications/Beryllium.ogg]
D/S4URC   ( 4607): [SDK] [java.io.File] [getPath] [FilePath][String] [/system/media/audio/notifications/Beryllium.ogg]
D/S4URC   ( 4607): [SDK] [java.io.File] [Constructor] [FilePath][String] [/system/media/audio/notifications/moonbeam.ogg]
D/S4URC   ( 4607): [SDK] [java.io.File] [exists] [FilePath][String] [/system/media/audio/notifications/moonbeam.ogg]
D/S4URC   ( 4607): [SDK] [java.io.File] [getPath] [FilePath][String] [/system/media/audio/notifications/moonbeam.ogg]
D/S4URC   ( 4607): [SDK] [java.io.File] [Constructor] [FilePath][String] [/system/media/audio/notifications/Shaula.ogg]
D/S4URC   ( 4607): [SDK] [java.io.File] [exists] [FilePath][String] [/system/media/audio/notifications/Shaula.ogg]
D/S4URC   ( 4607): [SDK] [java.io.File] [getPath] [FilePath][String] [/system/media/audio/notifications/Shaula.ogg]
D/S4URC   ( 4607): [SDK] [java.io.File] [Constructor] [FilePath][String] [/system/media/audio/notifications/Fomalhaut.ogg]
D/S4URC   ( 4607): [SDK] [java.io.File] [exists] [FilePath][String] [/system/media/audio/notifications/Fomalhaut.ogg]
D/S4URC   ( 4607): [SDK] [java.io.File] [getPath] [FilePath][String] [/system/media/audio/notifications/Fomalhaut.ogg]
D/S4URC   ( 4607): [SDK] [java.io.File] [Constructor] [FilePath][String] [/system/media/audio/notifications/Lalande.ogg]
D/S4URC   ( 4607): [SDK] [java.io.File] [exists] [FilePath][String] [/system/media/audio/notifications/Lalande.ogg]
D/S4URC   ( 4607): [SDK] [java.io.File] [getPath] [FilePath][String] [/system/media/audio/notifications/Lalande.ogg]
D/S4URC   ( 4607): [SDK] [java.io.File] [Constructor] [FilePath][String] [/system/media/audio/notifications/Thallium.ogg]
D/S4URC   ( 4607): [SDK] [java.io.File] [exists] [FilePath][String] [/system/media/audio/notifications/Thallium.ogg]
D/S4URC   ( 4607): [SDK] [java.io.File] [getPath] [FilePath][String] [/system/media/audio/notifications/Thallium.ogg]
D/S4URC   ( 4607): [SDK] [java.io.File] [Constructor] [FilePath][String] [/system/media/audio/notifications/DontPanic.ogg]
D/S4URC   ( 4607): [SDK] [java.io.File] [exists] [FilePath][String] [/system/media/audio/notifications/DontPanic.ogg]
D/S4URC   ( 4607): [SDK] [java.io.File] [getPath] [FilePath][String] [/system/media/audio/notifications/DontPanic.ogg]
D/S4URC   ( 4607): [SDK] [java.io.File] [Constructor] [FilePath][String] [/system/media/audio/notifications/Fluorine.ogg]
D/S4URC   ( 4607): [SDK] [java.io.File] [exists] [FilePath][String] [/system/media/audio/notifications/Fluorine.ogg]
D/S4URC   ( 4607): [SDK] [java.io.File] [getPath] [FilePath][String] [/system/media/audio/notifications/Fluorine.ogg]
D/S4URC   ( 4170): [NDK] [SYSCALL] [socket] [TYPE][string] [TCP]
D/S4URC   ( 4607): [SDK] [java.io.File] [Constructor] [FilePath][String] [/system/media/audio/notifications/Iridium.ogg]
D/S4URC   ( 4607): [SDK] [java.io.File] [exists] [FilePath][String] [/system/media/audio/notifications/Iridium.ogg]
D/S4URC   ( 4607): [SDK] [java.io.File] [getPath] [FilePath][String] [/system/media/audio/notifications/Iridium.ogg]
D/S4URC   ( 4607): [SDK] [java.io.File] [Constructor] [FilePath][String] [/system/media/audio/notifications/Hojus.ogg]
D/S4URC   ( 4607): [SDK] [java.io.File] [exists] [FilePath][String] [/system/media/audio/notifications/Hojus.ogg]
D/S4URC   ( 4607): [SDK] [java.io.File] [getPath] [FilePath][String] [/system/media/audio/notifications/Hojus.ogg]
D/S4URC   ( 4170): [SDK] [android.app.ActivityManager] [getRunningTasks]
D/S4URC   ( 4607): [SDK] [java.io.File] [Constructor] [FilePath][String] [/system/media/audio/notifications/Merope.ogg]
D/S4URC   ( 4607): [SDK] [java.io.File] [exists] [FilePath][String] [/system/media/audio/notifications/Merope.ogg]
D/S4URC   ( 4607): [SDK] [java.io.File] [getPath] [FilePath][String] [/system/media/audio/notifications/Merope.ogg]
D/S4URC   ( 4607): [SDK] [java.io.File] [Constructor] [FilePath][String] [/system/media/audio/notifications/Drip.ogg]
D/S4URC   ( 4607): [SDK] [java.io.File] [exists] [FilePath][String] [/system/media/audio/notifications/Drip.ogg]
D/S4URC   ( 4607): [SDK] [java.io.File] [getPath] [FilePath][String] [/system/media/audio/notifications/Drip.ogg]
D/S4URC   ( 4607): [SDK] [java.io.File] [Constructor] [FilePath][String] [/system/media/audio/notifications/CaffeineSnake.ogg]
D/S4URC   ( 4607): [SDK] [java.io.File] [exists] [FilePath][String] [/system/media/audio/notifications/CaffeineSnake.ogg]
D/S4URC   ( 4607): [SDK] [java.io.File] [getPath] [FilePath][String] [/system/media/audio/notifications/CaffeineSnake.ogg]
D/S4URC   ( 4607): [SDK] [java.io.File] [Constructor] [FilePath][String] [/system/media/audio/notifications/Palladium.ogg]
D/S4URC   ( 4607): [SDK] [java.io.File] [exists] [FilePath][String] [/system/media/audio/notifications/Palladium.ogg]
D/S4URC   ( 4607): [SDK] [java.io.File] [getPath] [FilePath][String] [/system/media/audio/notifications/Palladium.ogg]
D/S4URC   ( 4607): [SDK] [java.io.File] [Constructor] [FilePath][String] [/system/media/audio/notifications/Salacia.ogg]
D/S4URC   ( 4607): [SDK] [java.io.File] [exists] [FilePath][String] [/system/media/audio/notifications/Salacia.ogg]
D/S4URC   ( 4607): [SDK] [java.io.File] [getPath] [FilePath][String] [/system/media/audio/notifications/Salacia.ogg]
D/S4URC   ( 4607): [SDK] [java.io.File] [Constructor] [FilePath][String] [/system/media/audio/notifications/Carme.ogg]
D/S4URC   ( 4607): [SDK] [java.io.File] [exists] [FilePath][String] [/system/media/audio/notifications/Carme.ogg]
D/S4URC   ( 4607): [SDK] [java.io.File] [getPath] [FilePath][String] [/system/media/audio/notifications/Carme.ogg]
D/S4URC   ( 4607): [SDK] [java.io.File] [Constructor] [FilePath][String] [/system/media/audio/notifications/Adara.ogg]
D/S4URC   ( 4607): [SDK] [java.io.File] [exists] [FilePath][String] [/system/media/audio/notifications/Adara.ogg]
D/S4URC   ( 4607): [SDK] [java.io.File] [getPath] [FilePath][String] [/system/media/audio/notifications/Adara.ogg]
D/S4URC   ( 4607): [SDK] [java.io.File] [Constructor] [FilePath][String] [/system/media/audio/notifications/Ceres.ogg]
D/S4URC   ( 4607): [SDK] [java.io.File] [exists] [FilePath][String] [/system/media/audio/notifications/Ceres.ogg]
D/S4URC   ( 4607): [SDK] [java.io.File] [getPath] [FilePath][String] [/system/media/audio/notifications/Ceres.ogg]
D/S4URC   ( 4170): [SDK] [android.content.ContextWrapper] [registerReceiver][IntentFilter][android.net.conn.CONNECTIVITY_CHANGE,android.intent.action.SCREEN_OFF,android.intent.action.SCREEN_ON,android.intent.action.USER_PRESENT,
D/S4URC   ( 4170): [NDK] [SYSCALL] [lstat] [PATH][string] [/storage]
D/S4URC   ( 4170): [NDK] [SYSCALL] [lstat] [PATH][string] [/storage/sdcard0]
D/S4URC   ( 4170): [SDK] [java.io.File] [Constructor] [FilePath][String] [/storage/sdcard0]
D/S4URC   ( 4170): [SDK] [java.io.File] [Constructor] [FilePath][String] [/storage/sdcard1]
D/S4URC   ( 4170): [SDK] [java.io.File] [Constructor] [FilePath][String] [/storage/usb2host]
D/S4URC   ( 4170): [SDK] [java.io.File] [Constructor] [FilePath][String] [/storage/usb3device]
D/S4URC   ( 4170): [SDK] [java.io.File] [Constructor] [FilePath][String] [/storage/usb3host]
D/S4URC   ( 4607): [SDK] [java.io.File] [Constructor] [FilePath][String] [/system/media/audio/notifications/Syrma.ogg]
D/S4URC   ( 4170): [SDK] [android.os.Environment] [getExternalStorageState] [ExternalStorageState][String] [mounted]
D/S4URC   ( 4607): [SDK] [java.io.File] [exists] [FilePath][String] [/system/media/audio/notifications/Syrma.ogg]
D/S4URC   ( 4170): [SDK] [java.io.File] [getPath] [FilePath][String] [/storage/sdcard0]
D/S4URC   ( 4170): [SDK] [android.os.Environment] [getExternalStorageDirectory] [DirectoryPath][String] [/storage/sdcard0]
D/S4URC   ( 4607): [SDK] [java.io.File] [getPath] [FilePath][String] [/system/media/audio/notifications/Syrma.ogg]
D/S4URC   ( 4170): [SDK] [java.io.File] [getPath] [FilePath][String] [/storage/sdcard0]
D/S4URC   ( 4170): [SDK] [java.io.File] [Constructor] [FilePath][String] [/storage/sdcard0/.xxx/]
D/S4URC   ( 4170): [SDK] [java.io.File] [exists] [FilePath][String] [/storage/sdcard0/.xxx]
D/S4URC   ( 4170): [NDK] [SYSCALL] [access] [PATH][string] [/storage/sdcard0/.xxx]
D/S4URC   ( 4170): [SDK] [java.io.File] [Constructor] [FilePath][String] [/storage/sdcard0/.xxx/shell.jar]
D/S4URC   ( 4170): [SDK] [java.io.File] [exists] [FilePath][String] [/storage/sdcard0/.xxx/shell.jar]
D/S4URC   ( 4170): [NDK] [SYSCALL] [access] [PATH][string] [/storage/sdcard0/.xxx/shell.jar]
D/S4URC   ( 4607): [SDK] [java.io.File] [Constructor] [FilePath][String] [/system/media/audio/notifications/Aldebaran.ogg]
D/S4URC   ( 4607): [SDK] [java.io.File] [exists] [FilePath][String] [/system/media/audio/notifications/Aldebaran.ogg]
D/S4URC   ( 4607): [SDK] [java.io.File] [getPath] [FilePath][String] [/system/media/audio/notifications/Aldebaran.ogg]
D/S4URC   ( 4607): [SDK] [java.io.File] [Constructor] [FilePath][String] [/system/media/audio/notifications/Pong.ogg]
D/S4URC   ( 4607): [SDK] [java.io.File] [exists] [FilePath][String] [/system/media/audio/notifications/Pong.ogg]
D/S4URC   ( 4607): [SDK] [java.io.File] [getPath] [FilePath][String] [/system/media/audio/notifications/Pong.ogg]
D/S4URC   ( 4607): [SDK] [java.io.File] [Constructor] [FilePath][String] [/system/media/audio/notifications/Capella.ogg]
D/S4URC   ( 4607): [SDK] [java.io.File] [exists] [FilePath][String] [/system/media/audio/notifications/Capella.ogg]
D/S4URC   ( 4607): [SDK] [java.io.File] [getPath] [FilePath][String] [/system/media/audio/notifications/Capella.ogg]
D/S4URC   ( 4170): [SDK] [android.app.ActivityManager] [getRunningTasks]
D/S4URC   ( 4607): [SDK] [java.io.File] [Constructor] [FilePath][String] [/system/media/audio/notifications/Antimony.ogg]
D/S4URC   ( 4607): [SDK] [java.io.File] [exists] [FilePath][String] [/system/media/audio/notifications/Antimony.ogg]
D/S4URC   ( 4607): [SDK] [java.io.File] [getPath] [FilePath][String] [/system/media/audio/notifications/Antimony.ogg]
D/S4URC   ( 4607): [SDK] [java.io.File] [Constructor] [FilePath][String] [/system/media/audio/notifications/Talitha.ogg]
D/S4URC   ( 4607): [SDK] [java.io.File] [exists] [FilePath][String] [/system/media/audio/notifications/Talitha.ogg]
D/S4URC   ( 4607): [SDK] [java.io.File] [getPath] [FilePath][String] [/system/media/audio/notifications/Talitha.ogg]
D/S4URC   ( 4607): [SDK] [java.io.File] [Constructor] [FilePath][String] [/system/media/audio/notifications/F1_New_MMS.ogg]
D/S4URC   ( 4607): [SDK] [java.io.File] [exists] [FilePath][String] [/system/media/audio/notifications/F1_New_MMS.ogg]
D/S4URC   ( 4607): [SDK] [java.io.File] [getPath] [FilePath][String] [/system/media/audio/notifications/F1_New_MMS.ogg]
D/S4URC   ( 4170): [SDK] [android.content.ContextWrapper][getSharedPreferences] [File][pp.xml] [MODE][MODE_PRIVATE]
D/S4URC   ( 4607): [SDK] [java.io.File] [Constructor] [FilePath][String] [/system/media/audio/notifications/Strontium.ogg]
D/S4URC   ( 4170): [SDK] [android.content.ContextWrapper][getSharedPreferences] [File][pp.xml] [MODE][MODE_PRIVATE] [Method][getIong] [Iong][cmdfb_lut] [Return][0]
D/S4URC   ( 4607): [SDK] [java.io.File] [exists] [FilePath][String] [/system/media/audio/notifications/Strontium.ogg]
D/S4URC   ( 4607): [SDK] [java.io.File] [getPath] [FilePath][String] [/system/media/audio/notifications/Strontium.ogg]
