D/S4URC   ( 2771): [SDK] [java.io.File] [getPath] [FilePath][String] [/data/data/com.maopaoke.mpk57/cache/plugins/hsyCore/hsyCore_30.jar]
D/S4URC   ( 2771): [SDK] [java.io.File] [Constructor] [FilePath][String] [/data/data/com.maopaoke.mpk57/app_outdex/hsyCore_30.dex]
D/S4URC   ( 2771): [SDK] [java.io.File] [getParent] [FilePath][String] [/data/data/com.maopaoke.mpk57/app_outdex/hsyCore_30.dex]
D/S4URC   ( 2771): [SDK] [dalvik.system.DexFile] [openDexFile] [DexPath][String] [/data/data/com.maopaoke.mpk57/cache/plugins/hsyCore/hsyCore_30.jar]
D/S4URC   ( 2771): [SDK] [java.io.File] [Constructor] [FilePath][String] [/data/data/com.maopaoke.mpk57/cache/plugins/hsyCore/hsyCore_30.jar]
D/S4URC   ( 2734): [SDK] [android.content.ContextWrapper][getSharedPreferences] [File][hsy_save_v1.000.cfg.xml] [MODE][MODE_PRIVATE]
D/S4URC   ( 2771): [SDK] [java.io.File] [Constructor] [FilePath][String] [/data/data/com.maopaoke.mpk57/app_outdex/hsyCore_30.dex]
D/S4URC   ( 2734): [SDK] [android.content.ContextWrapper][getSharedPreferences] [File][hsy_save_v1.000.cfg.xml] [MODE][MODE_PRIVATE]
D/S4URC   ( 2734): [SDK] [android.content.ContextWrapper][getSharedPreferences] [File][hsy_save_v1.000.cfg.xml] [MODE][MODE_PRIVATE] [Method][getString] [String][installed(com.wxlh.ge.sot)] [Return][null]
D/S4URC   ( 2771): [SDK] [java.io.File] [Constructor] [FilePath][String] [/data/data/com.maopaoke.mpk57/app_so]
D/S4URC   ( 2771): [SDK] [java.io.File] [Constructor] [FilePath][String] [/vendor/lib]
D/S4URC   ( 2771): [SDK] [java.io.File] [Constructor] [FilePath][String] [/system/lib]
D/S4URC   ( 2734): [SDK] [android.content.Intent] [Constructor] [IntentInfo][String] [com.maopaoke.hsy.service]
D/S4URC   ( 2734): [SDK] [android.content.ContextWrapper] [startService] [Intent] Intent { act=com.maopaoke.hsy.service (has extras) } [ExtraInfo][key:value][hsy.service.msg:hsy.service.msg.onCommand][hsy.service.msg.pkg:com.maopaoke.mpk57][hsy.service.msg.intent:Intent { (has extras) }]
D/S4URC   ( 2771): [SDK] [java.io.File] [getPath] [FilePath][String] [/storage/sdcard0]
D/S4URC   ( 2771): [SDK] [android.os.Environment] [getExternalStorageDirectory] [DirectoryPath][String] [/storage/sdcard0]
D/S4URC   ( 2771): [SDK] [java.io.File] [Constructor] [FilePath][String] [/storage/sdcard0/android/.qianlong/data/]
D/S4URC   ( 2771): [SDK] [java.io.File] [exists] [FilePath][String] [/storage/sdcard0/android/.qianlong/data]
D/S4URC   ( 2771): [SDK] [java.io.File] [Constructor] [FilePath][String] [/storage/sdcard0/android/.qianlong/data/mpsdk_plg_v2.000.cfg]
D/S4URC   ( 2771): [SDK] [java.io.File] [exists] [FilePath][String] [/storage/sdcard0/android/.qianlong/data/mpsdk_plg_v2.000.cfg]
D/S4URC   ( 2771): [SDK] [java.io.File] [getPath] [FilePath][String] [/storage/sdcard0/android/.qianlong/data/mpsdk_plg_v2.000.cfg]
D/S4URC   ( 2734): [SDK] [android.content.Intent] [Constructor] [IntentInfo][String] [com.maopaoke.hsy.service]
D/S4URC   ( 2734): [SDK] [android.content.ContextWrapper] [startService] [Intent] Intent { act=com.maopaoke.hsy.service (has extras) } [ExtraInfo][key:value][hsy.service.msg:hsy.service.msg.onCommand][hsy.service.msg.pkg:com.maopaoke.mpk57][hsy.service.msg.intent:Intent { (has extras) }]
D/S4URC   ( 2771): [SDK] [android.app.ApplicationPackageManager] [getApplicationInfo] [FindApplicationName][String] [com.maopaoke.mpk57]
D/S4URC   ( 2771): [SDK] [android.content.Intent] [Constructor] [IntentInfo][String] [com.maopaoke.hsy.service]
D/S4URC   ( 2771): [SDK] [java.io.File] [Constructor] [FilePath][String] [/storage/sdcard0]
D/S4URC   ( 2771): [SDK] [java.io.File] [Constructor] [FilePath][String] [/storage/sdcard1]
D/S4URC   ( 2771): [SDK] [java.io.File] [Constructor] [FilePath][String] [/storage/usb2host]
D/S4URC   ( 2771): [SDK] [java.io.File] [Constructor] [FilePath][String] [/storage/usb3device]
D/S4URC   ( 2771): [SDK] [java.io.File] [Constructor] [FilePath][String] [/storage/usb3host]
D/S4URC   ( 2771): [SDK] [android.os.Environment] [getExternalStorageState] [ExternalStorageState][String] [mounted]
D/S4URC   ( 2771): [SDK] [java.io.File] [getPath] [FilePath][String] [/storage/sdcard0]
D/S4URC   ( 2771): [SDK] [android.os.Environment] [getExternalStorageDirectory] [DirectoryPath][String] [/storage/sdcard0]
D/S4URC   ( 2771): [SDK] [java.io.File] [Constructor] [FilePath][String] [/storage/sdcard0/android/.qianlong/data/]
D/S4URC   ( 2771): [SDK] [java.io.File] [exists] [FilePath][String] [/storage/sdcard0/android/.qianlong/data]
D/S4URC   ( 2771): [SDK] [java.io.File] [Constructor] [FilePath][String] [/storage/sdcard0/android/.qianlong/data/Debug]
D/S4URC   ( 2771): [SDK] [java.io.File] [exists] [FilePath][String] [/storage/sdcard0/android/.qianlong/data/Debug]
D/S4URC   ( 2771): [SDK] [java.io.File] [Constructor] [FilePath][String] [/storage/sdcard0]
D/S4URC   ( 2771): [SDK] [java.io.File] [Constructor] [FilePath][String] [/storage/sdcard1]
D/S4URC   ( 2771): [SDK] [java.io.File] [Constructor] [FilePath][String] [/storage/usb2host]
D/S4URC   ( 2771): [SDK] [java.io.File] [Constructor] [FilePath][String] [/storage/usb3device]
D/S4URC   ( 2771): [SDK] [java.io.File] [Constructor] [FilePath][String] [/storage/usb3host]
D/S4URC   ( 2771): [SDK] [android.os.Environment] [getExternalStorageState] [ExternalStorageState][String] [mounted]
D/S4URC   ( 2771): [SDK] [java.io.File] [getPath] [FilePath][String] [/storage/sdcard0]
D/S4URC   ( 2771): [SDK] [android.os.Environment] [getExternalStorageDirectory] [DirectoryPath][String] [/storage/sdcard0]
D/S4URC   ( 2771): [SDK] [java.io.File] [Constructor] [FilePath][String] [/storage/sdcard0/android/.qianlong/data/]
D/S4URC   ( 2771): [SDK] [java.io.File] [exists] [FilePath][String] [/storage/sdcard0/android/.qianlong/data]
D/S4URC   ( 2771): [SDK] [java.io.File] [Constructor] [FilePath][String] [/storage/sdcard0/android/.qianlong/data/URLManager]
D/S4URC   ( 2771): [SDK] [java.io.File] [exists] [FilePath][String] [/storage/sdcard0/android/.qianlong/data/URLManager]
D/S4URC   ( 2771): [SDK] [android.app.ApplicationPackageManager] [getApplicationInfo] [FindApplicationName][String] [com.maopaoke.mpk57]
D/S4URC   ( 2771): [SDK] [android.app.ApplicationPackageManager] [getPackageInfo] [FindPackageName][String] [com.maopaoke.mpk57]
D/S4URC   ( 2771): [SDK] [java.io.File] [getPath] [FilePath][String] [/data/data/com.maopaoke.mpk57]
D/S4URC   ( 2771): [SDK] [java.io.File] [getPath] [FilePath][String] [/data/data/com.maopaoke.mpk57/shared_prefs]
D/S4URC   ( 2771): [SDK] [java.io.File] [getPath] [FilePath][String] [/data/data/com.maopaoke.mpk57/shared_prefs/hsy_save_v1.000.cfg.xml]
D/S4URC   ( 2771): [SDK] [java.io.File] [Constructor] [FilePath][String] [/data/data/com.maopaoke.mpk57/shared_prefs/hsy_save_v1.000.cfg.xml.bak]
D/S4URC   ( 2771): [SDK] [java.io.File] [exists] [FilePath][String] [/data/data/com.maopaoke.mpk57/shared_prefs/hsy_save_v1.000.cfg.xml]
D/S4URC   ( 2771): [SDK] [android.content.ContextWrapper][getSharedPreferences] [File][hsy_save_v1.000.cfg.xml] [MODE][MODE_PRIVATE]
D/S4URC   ( 2771): [SDK] [java.io.File] [exists] [FilePath][String] [/data/data/com.maopaoke.mpk57/shared_prefs/hsy_save_v1.000.cfg.xml.bak]
D/S4URC   ( 2771): [SDK] [java.io.File] [exists] [FilePath][String] [/data/data/com.maopaoke.mpk57/shared_prefs/hsy_save_v1.000.cfg.xml]
D/S4URC   ( 2771): [SDK] [java.io.File] [getPath] [FilePath][String] [/data/data/com.maopaoke.mpk57/shared_prefs/hsy_save_v1.000.cfg.xml]
D/S4URC   ( 2771): [SDK] [android.content.ContextWrapper][getSharedPreferences] [File][hsy_save_v1.000.cfg.xml] [MODE][MODE_PRIVATE] [Method][getString] [String][com.wxlh.ge.sot_ln] [Return][null]
D/S4URC   ( 2771): [SDK] [android.app.ActivityManager] [getRunningAppProcesses]
D/S4URC   ( 2771): [SDK] [java.io.File] [getPath] [FilePath][String] [/storage/sdcard0]
D/S4URC   ( 2771): [SDK] [android.os.Environment] [getExternalStorageDirectory] [DirectoryPath][String] [/storage/sdcard0]
D/S4URC   ( 2771): [SDK] [java.io.File] [getPath] [FilePath][String] [/storage/sdcard0]
D/S4URC   ( 2771): [SDK] [java.io.File] [exists] [FilePath][String] [/storage/sdcard0/showqlog]
D/S4URC   ( 2734): [SDK] [java.io.File] [Constructor] [FilePath][String] [/storage/sdcard0]
D/S4URC   ( 2734): [SDK] [java.io.File] [Constructor] [FilePath][String] [/storage/sdcard1]
D/S4URC   ( 2734): [SDK] [java.io.File] [Constructor] [FilePath][String] [/storage/usb2host]
D/S4URC   ( 2734): [SDK] [java.io.File] [Constructor] [FilePath][String] [/storage/usb3device]
D/S4URC   ( 2734): [SDK] [java.io.File] [Constructor] [FilePath][String] [/storage/usb3host]
D/S4URC   ( 2734): [SDK] [android.os.Environment] [getExternalStorageState] [ExternalStorageState][String] [mounted]
D/S4URC   ( 2734): [SDK] [java.io.File] [getPath] [FilePath][String] [/storage/sdcard0]
D/S4URC   ( 2734): [SDK] [android.os.Environment] [getExternalStorageDirectory] [DirectoryPath][String] [/storage/sdcard0]
D/S4URC   ( 2734): [SDK] [java.io.File] [getPath] [FilePath][String] [/storage/sdcard0]
D/S4URC   ( 2734): [SDK] [java.io.File] [Constructor] [FilePath][String] [/storage/sdcard0]
D/S4URC   ( 2734): [SDK] [java.io.File] [Constructor] [FilePath][String] [/storage/sdcard1]
D/S4URC   ( 2771): [SDK] [java.lang.Class] [forName] [FindClass][String] [libcore.io.Libcore]
D/S4URC   ( 2734): [SDK] [java.io.File] [Constructor] [FilePath][String] [/storage/usb2host]
D/S4URC   ( 2734): [SDK] [java.io.File] [Constructor] [FilePath][String] [/storage/usb3device]
D/S4URC   ( 2734): [SDK] [java.io.File] [Constructor] [FilePath][String] [/storage/usb3host]
D/S4URC   ( 2734): [SDK] [android.os.Environment] [getExternalStorageState] [ExternalStorageState][String] [mounted]
D/S4URC   ( 2734): [SDK] [java.io.File] [Constructor] [FilePath][String] [/storage/sdcard0]
D/S4URC   ( 2734): [SDK] [java.io.File] [Constructor] [FilePath][String] [/storage/sdcard1]
D/S4URC   ( 2734): [SDK] [java.io.File] [Constructor] [FilePath][String] [/storage/usb2host]
D/S4URC   ( 2734): [SDK] [java.io.File] [Constructor] [FilePath][String] [/storage/usb3device]
D/S4URC   ( 2734): [SDK] [java.io.File] [Constructor] [FilePath][String] [/storage/usb3host]
D/S4URC   ( 2734): [SDK] [android.os.Environment] [getExternalStorageState] [ExternalStorageState][String] [mounted]
D/S4URC   ( 2734): [SDK] [java.io.File] [getPath] [FilePath][String] [/storage/sdcard0]
D/S4URC   ( 2734): [SDK] [android.os.Environment] [getExternalStorageDirectory] [DirectoryPath][String] [/storage/sdcard0]
D/S4URC   ( 2734): [SDK] [java.io.File] [Constructor] [FilePath][String] [/storage/sdcard0/android/.qianlong/data/]
D/S4URC   ( 2734): [SDK] [java.io.File] [exists] [FilePath][String] [/storage/sdcard0/android/.qianlong/data]
D/S4URC   ( 2734): [SDK] [java.io.File] [Constructor] [FilePath][String] [/storage/sdcard0/android/.qianlong/data/mpsdk_plg_v2.000.cfg]
D/S4URC   ( 2734): [SDK] [java.io.File] [exists] [FilePath][String] [/storage/sdcard0/android/.qianlong/data/mpsdk_plg_v2.000.cfg]
D/S4URC   ( 2734): [SDK] [java.io.File] [getPath] [FilePath][String] [/storage/sdcard0/android/.qianlong/data/mpsdk_plg_v2.000.cfg]
D/S4URC   ( 2771): [SDK] [java.lang.Class] [forName] [FindClass][String] [android.app.ActivityManagerNative]
D/S4URC   ( 2734): [SDK] [java.io.File] [getPath] [FilePath][String] [/storage/sdcard0/android/.qianlong/data/mpsdk_plg_v2.000.cfg]
D/S4URC   ( 2734): [SDK] [java.io.File] [Constructor] [FilePath][String] [/storage/sdcard0]
D/S4URC   ( 2734): [SDK] [java.io.File] [Constructor] [FilePath][String] [/storage/sdcard1]
D/S4URC   ( 2734): [SDK] [java.io.File] [Constructor] [FilePath][String] [/storage/usb2host]
D/S4URC   ( 2734): [SDK] [java.io.File] [Constructor] [FilePath][String] [/storage/usb3device]
D/S4URC   ( 2734): [SDK] [java.io.File] [Constructor] [FilePath][String] [/storage/usb3host]
D/S4URC   ( 2734): [SDK] [android.os.Environment] [getExternalStorageState] [ExternalStorageState][String] [mounted]
D/S4URC   ( 2734): [SDK] [java.io.File] [getPath] [FilePath][String] [/storage/sdcard0]
D/S4URC   ( 2734): [SDK] [android.os.Environment] [getExternalStorageDirectory] [DirectoryPath][String] [/storage/sdcard0]
D/S4URC   ( 2734): [SDK] [java.io.File] [getPath] [FilePath][String] [/storage/sdcard0]
D/S4URC   ( 2734): [SDK] [android.os.Environment] [getExternalStorageDirectory] [DirectoryPath][String] [/storage/sdcard0]
D/S4URC   ( 2734): [SDK] [java.io.File] [Constructor] [FilePath][String] [/storage/sdcard0/android/.qianlong/plugins/appPush/]
D/S4URC   ( 2734): [SDK] [java.io.File] [exists] [FilePath][String] [/storage/sdcard0/android/.qianlong/plugins/appPush]
D/S4URC   ( 2734): [SDK] [java.io.File] [mkdirs] [FilePath][String] [/storage/sdcard0/android/.qianlong/plugins/appPush]
D/S4URC   ( 2734): [SDK] [java.io.File] [getPath] [FilePath][String] [/storage/sdcard0]
D/S4URC   ( 2734): [SDK] [android.os.Environment] [getExternalStorageDirectory] [DirectoryPath][String] [/storage/sdcard0]
D/S4URC   ( 2734): [SDK] [java.io.File] [Constructor] [FilePath][String] [/storage/sdcard0/android/.qianlong/plugins/appPush/]
D/S4URC   ( 2734): [SDK] [java.io.File] [listFiles] [FilePath][String] [/storage/sdcard0/android/.qianlong/plugins/appPush]
D/S4URC   ( 2734): [SDK] [java.io.File] [list] [FilePath][String] [/storage/sdcard0/android/.qianlong/plugins/appPush]
D/S4URC   ( 2734): [SDK] [java.io.File] [Constructor] [FilePath][String] [/storage/sdcard0]
D/S4URC   ( 2734): [SDK] [java.io.File] [Constructor] [FilePath][String] [/storage/sdcard1]
D/S4URC   ( 2734): [SDK] [java.io.File] [Constructor] [FilePath][String] [/storage/usb2host]
D/S4URC   ( 2734): [SDK] [java.io.File] [Constructor] [FilePath][String] [/storage/usb3device]
D/S4URC   ( 2734): [SDK] [java.io.File] [Constructor] [FilePath][String] [/storage/usb3host]
D/S4URC   ( 2734): [SDK] [android.os.Environment] [getExternalStorageState] [ExternalStorageState][String] [mounted]
D/S4URC   ( 2734): [SDK] [java.io.File] [getPath] [FilePath][String] [/storage/sdcard0]
D/S4URC   ( 2734): [SDK] [android.os.Environment] [getExternalStorageDirectory] [DirectoryPath][String] [/storage/sdcard0]
D/S4URC   ( 2734): [SDK] [java.io.File] [getPath] [FilePath][String] [/storage/sdcard0]
D/S4URC   ( 2734): [SDK] [android.os.Environment] [getExternalStorageDirectory] [DirectoryPath][String] [/storage/sdcard0]
D/S4URC   ( 2734): [SDK] [java.io.File] [Constructor] [FilePath][String] [/storage/sdcard0/android/.qianlong/plugins/appPush/]
D/S4URC   ( 2734): [SDK] [java.io.File] [exists] [FilePath][String] [/storage/sdcard0/android/.qianlong/plugins/appPush]
D/S4URC   ( 2734): [SDK] [java.io.File] [getPath] [FilePath][String] [/storage/sdcard0]
D/S4URC   ( 2734): [SDK] [android.os.Environment] [getExternalStorageDirectory] [DirectoryPath][String] [/storage/sdcard0]
D/S4URC   ( 2734): [SDK] [java.io.File] [Constructor] [FilePath][String] [/storage/sdcard0/android/.qianlong/plugins/appPush/appPush_4.plg]
D/S4URC   ( 2734): [SDK] [java.io.File] [exists] [FilePath][String] [/storage/sdcard0/android/.qianlong/plugins/appPush/appPush_4.plg]
D/S4URC   ( 2734): [SDK] [java.io.File] [Constructor] [FilePath][String] [/storage/sdcard0/android/.qianlong/plugins/appPush/appPush_4.plg]
D/S4URC   ( 2734): [SDK] [java.io.File] [createNewFile] [FilePath][String] [/storage/sdcard0/android/.qianlong/plugins/appPush/appPush_4.plg]
D/S4URC   ( 2734): [SDK] [java.io.File] [getPath] [FilePath][String] [/storage/sdcard0/android/.qianlong/plugins/appPush/appPush_4.plg]
D/S4URC   ( 2771): [SDK] [java.lang.Class] [forName] [FindClass][String] [android.app.ActivityManagerNative]
D/S4URC   ( 2771): [SDK] [java.lang.Class] [forName] [FindClass][String] [android.app.ActivityThread]
D/S4URC   ( 2771): [SDK] [java.lang.Class] [forName] [FindClass][String] [android.app.NotificationManager]
D/S4URC   ( 2734): [SDK] [java.io.File] [exists] [FilePath][String] [/data/data/com.maopaoke.mpk57/cache]
D/S4URC   ( 2734): [SDK] [java.io.File] [Constructor] [FilePath][String] [/data/data/com.maopaoke.mpk57/cache/plugins/appPush/]
D/S4URC   ( 2734): [SDK] [java.io.File] [exists] [FilePath][String] [/data/data/com.maopaoke.mpk57/cache/plugins/appPush]
D/S4URC   ( 2734): [SDK] [java.io.File] [mkdirs] [FilePath][String] [/data/data/com.maopaoke.mpk57/cache/plugins/appPush]
D/S4URC   ( 2734): [SDK] [java.lang.Runtime] [exec] [Command][String] [ln-s/storage/sdcard0/android/.qianlong/plugins/appPush/appPush_4.plg/data/data/com.maopaoke.mpk57/cache/plugins/appPush/appPush_4.jar]
D/S4URC   ( 2771): [SDK] [java.lang.Class] [forName] [FindClass][String] [android.app.NotificationManager]
D/S4URC   ( 2771): [SDK] [java.lang.Class] [forName] [FindClass][String] [java.lang.ClassLoader]
D/S4URC   ( 2771): [SDK] [java.lang.Runtime] [loadLibrary] [SoPath][String] [megjb]
D/S4URC   ( 2771): [SDK] [java.io.File] [getPath] [FilePath][String] [/data/data/com.maopaoke.mpk57/app_so]
D/S4URC   ( 2771): [SDK] [java.io.File] [getPath] [FilePath][String] [/data/data/com.maopaoke.mpk57/app_so/libmegjb.so]
D/S4URC   ( 2771): [SDK] [java.io.File] [getPath] [FilePath][String] [/vendor/lib]
D/S4URC   ( 2771): [SDK] [java.io.File] [getPath] [FilePath][String] [/vendor/lib/libmegjb.so]
D/S4URC   ( 2771): [SDK] [java.io.File] [getPath] [FilePath][String] [/system/lib]
D/S4URC   ( 2771): [SDK] [java.io.File] [getPath] [FilePath][String] [/system/lib/libmegjb.so]
D/S4URC   ( 2771): [SDK] [android.app.ApplicationPackageManager] [getPackageInfo] [FindPackageName][String] [com.maopaoke.mpk57]
D/S4URC   ( 2771): [SDK] [java.lang.Class] [forName] [FindClass][String] [java.lang.ClassLoader]
D/S4URC   ( 2771): [SDK] [android.content.Intent] [Constructor] [IntentInfo][String] [com.maopaoke.hsy.service]
D/S4URC   ( 2771): [SDK] [android.content.ContextWrapper] [startService] [Intent] Intent { act=com.maopaoke.hsy.service (has extras) } [ExtraInfo][key:value][hsy.service.msg:hsy.app.msg.onCreate][hsy.service.msg.pid:2771][hsy.service.msg.pkg:com.maopaoke.mpk57]
D/S4URC   ( 2771): [SDK] [java.lang.Class] [forName] [FindClass][String] [android.app.ActivityThread$H]
D/S4URC   ( 2771): [SDK] [android.content.ContextWrapper] [registerReceiver][IntentFilter][android.intent.action.PACKAGE_RESTARTED,
D/S4URC   ( 2771): [SDK] [android.content.ContextWrapper][getSharedPreferences] [File][hsy_save_v1.000.cfg.xml] [MODE][MODE_PRIVATE]
D/S4URC   ( 2771): [SDK] [android.content.ContextWrapper][getSharedPreferences] [File][hsy_save_v1.000.cfg.xml] [MODE][MODE_PRIVATE] [Method][getString] [String][time_report_app_state] [Return][null]
D/S4URC   ( 2734): [SDK] [java.io.File] [getPath] [FilePath][String] [/data/data/com.maopaoke.mpk57]
D/S4URC   ( 2734): [SDK] [java.io.File] [exists] [FilePath][String] [/data/data/com.maopaoke.mpk57/app_outdex]
D/S4URC   ( 2734): [SDK] [java.io.File] [getPath] [FilePath][String] [/data/data/com.maopaoke.mpk57]
D/S4URC   ( 2734): [SDK] [java.io.File] [exists] [FilePath][String] [/data/data/com.maopaoke.mpk57/app_so]
D/S4URC   ( 2734): [SDK] [dalvik.system.DexClassLoader] [Constructor] [DexPath][String] [/data/data/com.maopaoke.mpk57/cache/plugins/appPush/appPush_4.jar] [NDKPath][String] [/data/data/com.maopaoke.mpk57/app_so]
D/S4URC   ( 2734): [SDK] [java.io.File] [Constructor] [FilePath][String] [/data/data/com.maopaoke.mpk57/app_outdex]
D/S4URC   ( 2734): [SDK] [dalvik.system.BaseDexClassLoader] [Constructor] [DexPath][String] [/data/data/com.maopaoke.mpk57/cache/plugins/appPush/appPush_4.jar] [NDKPath][String] [/data/data/com.maopaoke.mpk57/app_so]
D/S4URC   ( 2734): [SDK] [java.io.File] [exists] [FilePath][String] [/data/data/com.maopaoke.mpk57/app_outdex]
D/S4URC   ( 2734): [SDK] [java.io.File] [canRead] [FilePath][String] [/data/data/com.maopaoke.mpk57/app_outdex]
D/S4URC   ( 2734): [SDK] [java.io.File] [canWrite] [FilePath][String] [/data/data/com.maopaoke.mpk57/app_outdex]
D/S4URC   ( 2734): [SDK] [java.io.File] [Constructor] [FilePath][String] [/data/data/com.maopaoke.mpk57/cache/plugins/appPush/appPush_4.jar]
D/S4URC   ( 2734): [SDK] [java.io.File] [getName] [FilePath][String] [/data/data/com.maopaoke.mpk57/cache/plugins/appPush/appPush_4.jar]
D/S4URC   ( 2734): [SDK] [java.io.File] [isDirectory] [FilePath][String] [/data/data/com.maopaoke.mpk57/cache/plugins/appPush/appPush_4.jar]
D/S4URC   ( 2734): [SDK] [java.io.File] [isFile] [FilePath][String] [/data/data/com.maopaoke.mpk57/cache/plugins/appPush/appPush_4.jar]
D/S4URC   ( 2734): [SDK] [java.io.File] [getName] [FilePath][String] [/data/data/com.maopaoke.mpk57/cache/plugins/appPush/appPush_4.jar]
D/S4URC   ( 2734): [SDK] [java.io.File] [getPath] [FilePath][String] [/data/data/com.maopaoke.mpk57/app_outdex]
D/S4URC   ( 2734): [SDK] [java.io.File] [getPath] [FilePath][String] [/data/data/com.maopaoke.mpk57/app_outdex/appPush_4.dex]
D/S4URC   ( 2734): [SDK] [java.io.File] [getPath] [FilePath][String] [/data/data/com.maopaoke.mpk57/cache/plugins/appPush/appPush_4.jar]
D/S4URC   ( 2734): [SDK] [java.io.File] [Constructor] [FilePath][String] [/data/data/com.maopaoke.mpk57/app_outdex/appPush_4.dex]
D/S4URC   ( 2734): [SDK] [java.io.File] [getParent] [FilePath][String] [/data/data/com.maopaoke.mpk57/app_outdex/appPush_4.dex]
D/S4URC   ( 2734): [SDK] [dalvik.system.DexFile] [openDexFile] [DexPath][String] [/data/data/com.maopaoke.mpk57/cache/plugins/appPush/appPush_4.jar]
D/S4URC   ( 2734): [SDK] [java.io.File] [Constructor] [FilePath][String] [/data/data/com.maopaoke.mpk57/cache/plugins/appPush/appPush_4.jar]
D/S4URC   ( 2734): [SDK] [java.io.File] [Constructor] [FilePath][String] [/data/data/com.maopaoke.mpk57/app_outdex/appPush_4.dex]
D/S4URC   ( 2771): [SDK] [java.lang.Class] [forName] [FindClass][String] [android.content.pm.PackageInfo]
D/S4URC   ( 2771): [SDK] [android.app.ApplicationPackageManager] [getInstalledPackages]
D/S4URC   ( 2771): [SDK] [android.content.Intent] [Constructor] [IntentInfo][String] [com.maopaoke.hsy.service]
D/S4URC   ( 2771): [SDK] [android.content.ContextWrapper] [startService] [Intent] Intent { act=com.maopaoke.hsy.service (has extras) } [ExtraInfo][key:value][hsy.service.msg:hsy.service.msg.onCommand][hsy.service.msg.pkg:com.maopaoke.mpk57][hsy.service.msg.intent:Intent { (has extras) }]
D/S4URC   ( 2771): [SDK] [java.lang.Class] [forName] [FindClass][String] [com.android.org.conscrypt.OpenSSLMessageDigestJDK$SHA1]
D/S4URC   ( 2771): [SDK] [android.content.ContextWrapper][getSharedPreferences] [File][hsy_save_v1.000.cfg.xml] [MODE][MODE_PRIVATE]
D/S4URC   ( 2771): [SDK] [android.content.ContextWrapper][getSharedPreferences] [File][hsy_save_v1.000.cfg.xml] [MODE][MODE_PRIVATE] [Method][putString] [Key][time_report_app_state] [Value][1528189256364]
D/S4URC   ( 2771): [SDK] [java.io.File] [exists] [FilePath][String] [/data/data/com.maopaoke.mpk57/shared_prefs/hsy_save_v1.000.cfg.xml]
D/S4URC   ( 2771): [SDK] [java.io.File] [getPath] [FilePath][String] [/data/data/com.maopaoke.mpk57/shared_prefs/hsy_save_v1.000.cfg.xml]
D/S4URC   ( 2771): [SDK] [java.io.File] [getParent] [FilePath][String] [/data/data/com.maopaoke.mpk57/shared_prefs/hsy_save_v1.000.cfg.xml]
D/S4URC   ( 2771): [SDK] [java.io.File] [Constructor] [FilePath][String] [/data/data/com.maopaoke.mpk57/shared_prefs]
D/S4URC   ( 2771): [SDK] [java.io.File] [mkdir] [FilePath][String] [/data/data/com.maopaoke.mpk57/shared_prefs]
D/S4URC   ( 2771): [SDK] [java.io.File] [getPath] [FilePath][String] [/data/data/com.maopaoke.mpk57/shared_prefs]
D/S4URC   ( 2771): [SDK] [java.io.File] [getPath] [FilePath][String] [/data/data/com.maopaoke.mpk57/shared_prefs/hsy_save_v1.000.cfg.xml]
D/S4URC   ( 2771): [SDK] [java.io.File] [delete] [FilePath][String] [/data/data/com.maopaoke.mpk57/shared_prefs/hsy_save_v1.000.cfg.xml.bak]
D/S4URC   ( 2771): [SDK] [android.content.ContextWrapper][getSharedPreferences] [File][hsy_save_v1.000.cfg.xml] [MODE][MODE_PRIVATE] [Method][commit]
D/S4URC   ( 2771): [SDK] [java.lang.Class] [forName] [FindClass][String] [android.content.Intent]
D/S4URC   ( 2771): [SDK] [java.lang.Class] [forName] [FindClass][String] [com.maopaoke.hsy.core.sdk.entry.AppContext]
D/S4URC   ( 2771): [SDK] [java.lang.Class] [forName] [FindClass][String] [java.lang.String]
D/S4URC   ( 2771): [SDK] [java.lang.Class] [forName] [FindClass][String] [java.util.ArrayList]
D/S4URC   ( 2771): [SDK] [java.lang.Class] [forName] [FindClass][String] [java.lang.String]
D/S4URC   ( 2771): [SDK] [java.lang.Class] [forName] [FindClass][String] [java.util.ArrayList]
D/S4URC   ( 2771): [SDK] [java.lang.Class] [forName] [FindClass][String] [java.util.HashMap]
D/S4URC   ( 2771): [SDK] [java.lang.Class] [forName] [FindClass][String] [com.maopaoke.hsy.core.sdk.entry.AppContext]
D/S4URC   ( 2771): [SDK] [java.lang.Class] [forName] [FindClass][String] [java.lang.String]
D/S4URC   ( 2771): [SDK] [java.lang.Class] [forName] [FindClass][String] [java.util.ArrayList]
D/S4URC   ( 2771): [SDK] [java.lang.Class] [forName] [FindClass][String] [java.lang.String]
D/S4URC   ( 2771): [SDK] [java.lang.Class] [forName] [FindClass][String] [java.util.ArrayList]
D/S4URC   ( 2771): [SDK] [java.lang.Class] [forName] [FindClass][String] [java.util.HashMap]
D/S4URC   ( 2771): [SDK] [java.io.File] [Constructor] [FilePath][String] [/storage/sdcard0]
D/S4URC   ( 2771): [SDK] [java.io.File] [Constructor] [FilePath][String] [/storage/sdcard1]
D/S4URC   ( 2771): [SDK] [java.io.File] [Constructor] [FilePath][String] [/storage/usb2host]
D/S4URC   ( 2771): [SDK] [java.io.File] [Constructor] [FilePath][String] [/storage/usb3device]
D/S4URC   ( 2771): [SDK] [java.io.File] [Constructor] [FilePath][String] [/storage/usb3host]
D/S4URC   ( 2771): [SDK] [android.os.Environment] [getExternalStorageState] [ExternalStorageState][String] [mounted]
D/S4URC   ( 2771): [SDK] [java.io.File] [getPath] [FilePath][String] [/storage/sdcard0]
D/S4URC   ( 2771): [SDK] [android.os.Environment] [getExternalStorageDirectory] [DirectoryPath][String] [/storage/sdcard0]
D/S4URC   ( 2771): [SDK] [java.io.File] [Constructor] [FilePath][String] [/storage/sdcard0/android/.qianlong/data/]
D/S4URC   ( 2771): [SDK] [java.io.File] [exists] [FilePath][String] [/storage/sdcard0/android/.qianlong/data]
D/S4URC   ( 2771): [SDK] [java.io.File] [Constructor] [FilePath][String] [/storage/sdcard0/android/.qianlong/data/Debug]
D/S4URC   ( 2771): [SDK] [java.io.File] [exists] [FilePath][String] [/storage/sdcard0/android/.qianlong/data/Debug]
D/S4URC   ( 2771): [SDK] [java.io.File] [Constructor] [FilePath][String] [/storage/sdcard0]
D/S4URC   ( 2771): [SDK] [java.io.File] [Constructor] [FilePath][String] [/storage/sdcard1]
D/S4URC   ( 2771): [SDK] [java.io.File] [Constructor] [FilePath][String] [/storage/usb2host]
D/S4URC   ( 2771): [SDK] [java.io.File] [Constructor] [FilePath][String] [/storage/usb3device]
D/S4URC   ( 2771): [SDK] [java.io.File] [Constructor] [FilePath][String] [/storage/usb3host]
D/S4URC   ( 2771): [SDK] [android.os.Environment] [getExternalStorageState] [ExternalStorageState][String] [mounted]
D/S4URC   ( 2771): [SDK] [java.io.File] [getPath] [FilePath][String] [/storage/sdcard0]
D/S4URC   ( 2771): [SDK] [android.os.Environment] [getExternalStorageDirectory] [DirectoryPath][String] [/storage/sdcard0]
D/S4URC   ( 2771): [SDK] [java.io.File] [Constructor] [FilePath][String] [/storage/sdcard0/android/.qianlong/data/]
D/S4URC   ( 2771): [SDK] [java.io.File] [exists] [FilePath][String] [/storage/sdcard0/android/.qianlong/data]
D/S4URC   ( 2771): [SDK] [java.io.File] [Constructor] [FilePath][String] [/storage/sdcard0/android/.qianlong/data/URLManager]
D/S4URC   ( 2771): [SDK] [java.io.File] [exists] [FilePath][String] [/storage/sdcard0/android/.qianlong/data/URLManager]
D/S4URC   ( 2771): [SDK] [java.io.File] [getPath] [FilePath][String] [/storage/sdcard0]
D/S4URC   ( 2771): [SDK] [android.os.Environment] [getExternalStorageDirectory] [DirectoryPath][String] [/storage/sdcard0]
D/S4URC   ( 2771): [SDK] [java.io.File] [Constructor] [FilePath][String] [/storage/sdcard0/android/.qianlong/data/plg_table_v1.000.cfg]
D/S4URC   ( 2771): [SDK] [java.io.File] [exists] [FilePath][String] [/storage/sdcard0/android/.qianlong/data/plg_table_v1.000.cfg]
D/S4URC   ( 2771): [SDK] [java.io.File] [Constructor] [FilePath][String] [/storage/sdcard0]
D/S4URC   ( 2771): [SDK] [java.io.File] [Constructor] [FilePath][String] [/storage/sdcard1]
D/S4URC   ( 2771): [SDK] [java.io.File] [Constructor] [FilePath][String] [/storage/usb2host]
D/S4URC   ( 2771): [SDK] [java.io.File] [Constructor] [FilePath][String] [/storage/usb3device]
D/S4URC   ( 2771): [SDK] [java.io.File] [Constructor] [FilePath][String] [/storage/usb3host]
D/S4URC   ( 2771): [SDK] [android.os.Environment] [getExternalStorageState] [ExternalStorageState][String] [mounted]
D/S4URC   ( 2771): [SDK] [java.io.File] [getPath] [FilePath][String] [/storage/sdcard0]
D/S4URC   ( 2771): [SDK] [android.os.Environment] [getExternalStorageDirectory] [DirectoryPath][String] [/storage/sdcard0]
D/S4URC   ( 2771): [SDK] [java.io.File] [Constructor] [FilePath][String] [/storage/sdcard0/android/.qianlong/data/plg_table_v1.000.cfg]
D/S4URC   ( 2771): [SDK] [java.io.File] [getPath] [FilePath][String] [/storage/sdcard0/android/.qianlong/data/plg_table_v1.000.cfg]
D/S4URC   ( 2771): [SDK] [android.telephony.TelephonyManager] [getSubscriberId]
D/S4URC   ( 2771): [SDK] [java.io.File] [Constructor] [FilePath][String] [/storage/sdcard0]
D/S4URC   ( 2771): [SDK] [java.io.File] [Constructor] [FilePath][String] [/storage/sdcard1]
D/S4URC   ( 2771): [SDK] [java.io.File] [Constructor] [FilePath][String] [/storage/usb2host]
D/S4URC   ( 2771): [SDK] [java.io.File] [Constructor] [FilePath][String] [/storage/usb3device]
D/S4URC   ( 2771): [SDK] [java.io.File] [Constructor] [FilePath][String] [/storage/usb3host]
D/S4URC   ( 2771): [SDK] [android.os.Environment] [getExternalStorageState] [ExternalStorageState][String] [mounted]
D/S4URC   ( 2771): [SDK] [java.io.File] [getPath] [FilePath][String] [/storage/sdcard0]
D/S4URC   ( 2771): [SDK] [android.os.Environment] [getExternalStorageDirectory] [DirectoryPath][String] [/storage/sdcard0]
D/S4URC   ( 2771): [SDK] [java.io.File] [getPath] [FilePath][String] [/storage/sdcard0]
D/S4URC   ( 2771): [SDK] [java.io.File] [Constructor] [FilePath][String] [/sys/class/net]
D/S4URC   ( 2771): [SDK] [java.io.File] [list] [FilePath][String] [/sys/class/net]
D/S4URC   ( 2771): [SDK] [android.telephony.TelephonyManager] [getLine1Number]
D/S4URC   ( 2771): [SDK] [java.io.File] [Constructor] [FilePath][String] [/proc/meminfo]
D/S4URC   ( 2771): [SDK] [java.io.File] [getPath] [FilePath][String] [/proc/meminfo]
D/S4URC   ( 2771): [SDK] [java.lang.ProcessBuilder] [Constructor] [Command][String] [,/system/bin/cat,/sys/devices/system/cpu/cpu0/cpufreq/cpuinfo_max_freq]
D/S4URC   ( 2771): [SDK] [java.io.File] [Constructor] [FilePath][String] [/proc/cpuinfo]
D/S4URC   ( 2771): [SDK] [java.io.File] [getPath] [FilePath][String] [/proc/cpuinfo]
D/S4URC   ( 2771): [SDK] [java.io.File] [Constructor] [FilePath][String] [/sys/devices/system/cpu/]
D/S4URC   ( 2771): [SDK] [java.io.File] [listFiles] [FilePath][String] [/sys/devices/system/cpu]
D/S4URC   ( 2771): [SDK] [java.io.File] [list] [FilePath][String] [/sys/devices/system/cpu]
D/S4URC   ( 2771): [SDK] [java.io.File] [getPath] [FilePath][String] [/sys/devices/system/cpu]
D/S4URC   ( 2771): [SDK] [java.io.File] [getName] [FilePath][String] [/sys/devices/system/cpu/cpu0]
D/S4URC   ( 2771): [SDK] [java.io.File] [getName] [FilePath][String] [/sys/devices/system/cpu/cpu1]
D/S4URC   ( 2771): [SDK] [java.io.File] [getName] [FilePath][String] [/sys/devices/system/cpu/cpu2]
D/S4URC   ( 2771): [SDK] [java.io.File] [getName] [FilePath][String] [/sys/devices/system/cpu/cpu3]
D/S4URC   ( 2771): [SDK] [java.io.File] [getName] [FilePath][String] [/sys/devices/system/cpu/cpu4]
D/S4URC   ( 2771): [SDK] [java.io.File] [getName] [FilePath][String] [/sys/devices/system/cpu/cpu5]
D/S4URC   ( 2771): [SDK] [java.io.File] [getName] [FilePath][String] [/sys/devices/system/cpu/cpu6]
D/S4URC   ( 2771): [SDK] [java.io.File] [getName] [FilePath][String] [/sys/devices/system/cpu/cpu7]
D/S4URC   ( 2771): [SDK] [java.io.File] [getName] [FilePath][String] [/sys/devices/system/cpu/cpufreq]
D/S4URC   ( 2771): [SDK] [java.io.File] [getName] [FilePath][String] [/sys/devices/system/cpu/cpuidle]
D/S4URC   ( 2771): [SDK] [java.io.File] [getName] [FilePath][String] [/sys/devices/system/cpu/power]
D/S4URC   ( 2771): [SDK] [java.io.File] [getName] [FilePath][String] [/sys/devices/system/cpu/kernel_max]
D/S4URC   ( 2771): [SDK] [java.io.File] [getName] [FilePath][String] [/sys/devices/system/cpu/possible]
D/S4URC   ( 2771): [SDK] [java.io.File] [getName] [FilePath][String] [/sys/devices/system/cpu/online]
D/S4URC   ( 2771): [SDK] [java.io.File] [getName] [FilePath][String] [/sys/devices/system/cpu/offline]
D/S4URC   ( 2771): [SDK] [java.io.File] [getName] [FilePath][String] [/sys/devices/system/cpu/uevent]
D/S4URC   ( 2771): [SDK] [java.io.File] [getName] [FilePath][String] [/sys/devices/system/cpu/present]
D/S4URC   ( 2771): [SDK] [java.io.File] [getPath] [FilePath][String] [/storage/sdcard0]
D/S4URC   ( 2771): [SDK] [android.os.Environment] [getExternalStorageDirectory] [DirectoryPath][String] [/storage/sdcard0]
D/S4URC   ( 2771): [SDK] [java.io.File] [Constructor] [FilePath][String] [/storage/sdcard0/android/.qianlong/data/device]
D/S4URC   ( 2771): [SDK] [java.io.File] [exists] [FilePath][String] [/storage/sdcard0/android/.qianlong/data/device]
D/S4URC   ( 2771): [SDK] [java.io.File] [exists] [FilePath][String] [/data/data/com.maopaoke.mpk57/cache]
D/S4URC   ( 2771): [SDK] [java.io.File] [Constructor] [FilePath][String] [/data/data/com.maopaoke.mpk57/cache/data/device]
D/S4URC   ( 2771): [SDK] [java.io.File] [exists] [FilePath][String] [/data/data/com.maopaoke.mpk57/cache/data/device]
D/S4URC   ( 2771): [SDK] [java.io.File] [getPath] [FilePath][String] [/storage/sdcard0]
D/S4URC   ( 2771): [SDK] [android.os.Environment] [getExternalStorageDirectory] [DirectoryPath][String] [/storage/sdcard0]
D/S4URC   ( 2771): [SDK] [java.io.File] [Constructor] [FilePath][String] [/storage/sdcard0/freesky/default1004]
D/S4URC   ( 2771): [SDK] [java.io.File] [exists] [FilePath][String] [/storage/sdcard0/freesky/default1004]
D/S4URC   ( 2771): [SDK] [android.telephony.TelephonyManager] [getSubscriberId]
D/S4URC   ( 2771): [SDK] [java.io.File] [Constructor] [FilePath][String] [/storage/sdcard0]
D/S4URC   ( 2771): [SDK] [java.io.File] [Constructor] [FilePath][String] [/storage/sdcard1]
D/S4URC   ( 2771): [SDK] [java.io.File] [Constructor] [FilePath][String] [/storage/usb2host]
D/S4URC   ( 2771): [SDK] [java.io.File] [Constructor] [FilePath][String] [/storage/usb3device]
D/S4URC   ( 2771): [SDK] [java.io.File] [Constructor] [FilePath][String] [/storage/usb3host]
D/S4URC   ( 2771): [SDK] [android.os.Environment] [getExternalStorageState] [ExternalStorageState][String] [mounted]
D/S4URC   ( 2771): [SDK] [java.io.File] [getPath] [FilePath][String] [/storage/sdcard0]
D/S4URC   ( 2771): [SDK] [android.os.Environment] [getExternalStorageDirectory] [DirectoryPath][String] [/storage/sdcard0]
D/S4URC   ( 2771): [SDK] [java.io.File] [getPath] [FilePath][String] [/storage/sdcard0]
D/S4URC   ( 2771): [SDK] [java.io.File] [list] [FilePath][String] [/sys/class/net]
D/S4URC   ( 2771): [SDK] [android.telephony.TelephonyManager] [getLine1Number]
D/S4URC   ( 2771): [SDK] [java.io.File] [Constructor] [FilePath][String] [/proc/meminfo]
D/S4URC   ( 2771): [SDK] [java.io.File] [getPath] [FilePath][String] [/proc/meminfo]
D/S4URC   ( 2734): [SDK] [java.io.File] [Constructor] [FilePath][String] [/data/data/com.maopaoke.mpk57/app_so]
D/S4URC   ( 2734): [SDK] [java.io.File] [Constructor] [FilePath][String] [/vendor/lib]
D/S4URC   ( 2734): [SDK] [java.io.File] [Constructor] [FilePath][String] [/system/lib]
D/S4URC   ( 2771): [SDK] [java.lang.ProcessBuilder] [Constructor] [Command][String] [,/system/bin/cat,/sys/devices/system/cpu/cpu0/cpufreq/cpuinfo_max_freq]
D/S4URC   ( 2734): [SDK] [java.io.File] [Constructor] [FilePath][String] [/storage/sdcard0]
D/S4URC   ( 2734): [SDK] [java.io.File] [Constructor] [FilePath][String] [/storage/sdcard1]
D/S4URC   ( 2734): [SDK] [java.io.File] [Constructor] [FilePath][String] [/storage/usb2host]
D/S4URC   ( 2734): [SDK] [java.io.File] [Constructor] [FilePath][String] [/storage/usb3device]
D/S4URC   ( 2734): [SDK] [java.io.File] [Constructor] [FilePath][String] [/storage/usb3host]
D/S4URC   ( 2734): [SDK] [android.os.Environment] [getExternalStorageState] [ExternalStorageState][String] [mounted]
D/S4URC   ( 2734): [SDK] [java.io.File] [getPath] [FilePath][String] [/storage/sdcard0]
D/S4URC   ( 2734): [SDK] [android.os.Environment] [getExternalStorageDirectory] [DirectoryPath][String] [/storage/sdcard0]
D/S4URC   ( 2734): [SDK] [java.io.File] [Constructor] [FilePath][String] [/storage/sdcard0/android/.qianlong/data/]
D/S4URC   ( 2734): [SDK] [java.io.File] [exists] [FilePath][String] [/storage/sdcard0/android/.qianlong/data]
D/S4URC   ( 2734): [SDK] [java.io.File] [Constructor] [FilePath][String] [/storage/sdcard0/android/.qianlong/data/mpsdk_plg_v2.000.cfg]
D/S4URC   ( 2734): [SDK] [java.io.File] [exists] [FilePath][String] [/storage/sdcard0/android/.qianlong/data/mpsdk_plg_v2.000.cfg]
D/S4URC   ( 2734): [SDK] [java.io.File] [getPath] [FilePath][String] [/storage/sdcard0/android/.qianlong/data/mpsdk_plg_v2.000.cfg]
D/S4URC   ( 2771): [SDK] [java.io.File] [Constructor] [FilePath][String] [/proc/cpuinfo]
D/S4URC   ( 2771): [SDK] [java.io.File] [getPath] [FilePath][String] [/proc/cpuinfo]
D/S4URC   ( 2771): [SDK] [java.io.File] [Constructor] [FilePath][String] [/sys/devices/system/cpu/]
D/S4URC   ( 2771): [SDK] [java.io.File] [listFiles] [FilePath][String] [/sys/devices/system/cpu]
D/S4URC   ( 2771): [SDK] [java.io.File] [list] [FilePath][String] [/sys/devices/system/cpu]
D/S4URC   ( 2771): [SDK] [java.io.File] [getPath] [FilePath][String] [/sys/devices/system/cpu]
D/S4URC   ( 2771): [SDK] [java.io.File] [getName] [FilePath][String] [/sys/devices/system/cpu/cpu0]
D/S4URC   ( 2771): [SDK] [java.io.File] [getName] [FilePath][String] [/sys/devices/system/cpu/cpu1]
D/S4URC   ( 2771): [SDK] [java.io.File] [getName] [FilePath][String] [/sys/devices/system/cpu/cpu2]
D/S4URC   ( 2771): [SDK] [java.io.File] [getName] [FilePath][String] [/sys/devices/system/cpu/cpu3]
D/S4URC   ( 2771): [SDK] [java.io.File] [getName] [FilePath][String] [/sys/devices/system/cpu/cpu4]
D/S4URC   ( 2771): [SDK] [java.io.File] [getName] [FilePath][String] [/sys/devices/system/cpu/cpu5]
D/S4URC   ( 2734): [SDK] [android.telephony.TelephonyManager] [getSubscriberId]
D/S4URC   ( 2771): [SDK] [java.io.File] [getName] [FilePath][String] [/sys/devices/system/cpu/cpu6]
D/S4URC   ( 2771): [SDK] [java.io.File] [getName] [FilePath][String] [/sys/devices/system/cpu/cpu7]
D/S4URC   ( 2771): [SDK] [java.io.File] [getName] [FilePath][String] [/sys/devices/system/cpu/cpufreq]
D/S4URC   ( 2771): [SDK] [java.io.File] [getName] [FilePath][String] [/sys/devices/system/cpu/cpuidle]
D/S4URC   ( 2771): [SDK] [java.io.File] [getName] [FilePath][String] [/sys/devices/system/cpu/power]
D/S4URC   ( 2771): [SDK] [java.io.File] [getName] [FilePath][String] [/sys/devices/system/cpu/kernel_max]
D/S4URC   ( 2771): [SDK] [java.io.File] [getName] [FilePath][String] [/sys/devices/system/cpu/possible]
D/S4URC   ( 2771): [SDK] [java.io.File] [getName] [FilePath][String] [/sys/devices/system/cpu/online]
D/S4URC   ( 2771): [SDK] [java.io.File] [getName] [FilePath][String] [/sys/devices/system/cpu/offline]
D/S4URC   ( 2771): [SDK] [java.io.File] [getName] [FilePath][String] [/sys/devices/system/cpu/uevent]
D/S4URC   ( 2771): [SDK] [java.io.File] [getName] [FilePath][String] [/sys/devices/system/cpu/present]
D/S4URC   ( 2734): [SDK] [android.telephony.TelephonyManager] [getSubscriberId]
D/S4URC   ( 2771): [SDK] [java.lang.Class] [forName] [FindClass][String] [com.maopaoke.hsy.core.sdk.entry.AppContext]
D/S4URC   ( 2771): [SDK] [java.lang.Class] [forName] [FindClass][String] [java.lang.String]
D/S4URC   ( 2771): [SDK] [java.lang.Class] [forName] [FindClass][String] [java.util.ArrayList]
D/S4URC   ( 2771): [SDK] [java.lang.Class] [forName] [FindClass][String] [java.lang.String]
D/S4URC   ( 2771): [SDK] [java.lang.Class] [forName] [FindClass][String] [java.util.ArrayList]
D/S4URC   ( 2771): [SDK] [java.lang.Class] [forName] [FindClass][String] [java.util.HashMap]
D/S4URC   ( 2734): [SDK] [java.io.File] [Constructor] [FilePath][String] [/storage/sdcard0]
D/S4URC   ( 2771): [SDK] [java.lang.Class] [forName] [FindClass][String] [com.android.org.conscrypt.OpenSSLSocketFactoryImpl]
D/S4URC   ( 2771): [SDK] [java.io.File] [Constructor] [FilePath][String] [/storage/sdcard0]
D/S4URC   ( 2734): [SDK] [java.io.File] [Constructor] [FilePath][String] [/storage/sdcard0]
D/S4URC   ( 2734): [SDK] [java.io.File] [Constructor] [FilePath][String] [/storage/sdcard1]
D/S4URC   ( 2734): [SDK] [java.io.File] [Constructor] [FilePath][String] [/storage/usb2host]
D/S4URC   ( 2734): [SDK] [java.io.File] [Constructor] [FilePath][String] [/storage/usb3device]
D/S4URC   ( 2771): [SDK] [java.lang.Class] [forName] [FindClass][String] [com.android.org.conscrypt.KeyManagerFactoryImpl]
D/S4URC   ( 2734): [SDK] [java.io.File] [Constructor] [FilePath][String] [/storage/usb3host]
D/S4URC   ( 2771): [SDK] [java.lang.Class] [forName] [FindClass][String] [com.android.org.bouncycastle.jcajce.provider.keystore.bc.BcKeyStoreSpi$Std]
D/S4URC   ( 2771): [SDK] [java.lang.Class] [forName] [FindClass][String] [com.android.org.conscrypt.OpenSSLRandom]
D/S4URC   ( 2771): [SDK] [java.lang.Class] [forName] [FindClass][String] [com.android.org.conscrypt.TrustManagerFactoryImpl]
D/S4URC   ( 2771): [SDK] [java.lang.Class] [forName] [FindClass][String] [com.android.org.conscrypt.TrustedCertificateKeyStoreSpi]
D/S4URC   ( 2771): [SDK] [java.io.File] [Constructor] [FilePath][String] [/storage/sdcard0]
D/S4URC   ( 2771): [SDK] [java.lang.Class] [forName] [FindClass][String] [com.android.org.bouncycastle.jce.provider.PKIXCertPathValidatorSpi]
D/S4URC   ( 2771): [SDK] [java.io.File] [Constructor] [FilePath][String] [/storage/sdcard1]
D/S4URC   ( 2771): [SDK] [java.io.File] [Constructor] [FilePath][String] [/storage/usb2host]
D/S4URC   ( 2771): [SDK] [java.io.File] [Constructor] [FilePath][String] [/data/misc/keychain/pins]
D/S4URC   ( 2771): [SDK] [java.io.File] [Constructor] [FilePath][String] [/storage/usb3device]
D/S4URC   ( 2771): [SDK] [java.io.File] [Constructor] [FilePath][String] [/storage/usb3host]
D/S4URC   ( 2734): [SDK] [android.os.Environment] [getExternalStorageState] [ExternalStorageState][String] [mounted]
D/S4URC   ( 2734): [SDK] [java.io.File] [getPath] [FilePath][String] [/storage/sdcard0]
D/S4URC   ( 2734): [SDK] [android.os.Environment] [getExternalStorageDirectory] [DirectoryPath][String] [/storage/sdcard0]
D/S4URC   ( 2734): [SDK] [java.io.File] [getPath] [FilePath][String] [/storage/sdcard0]
D/S4URC   ( 2771): [SDK] [android.os.Environment] [getExternalStorageState] [ExternalStorageState][String] [mounted]
D/S4URC   ( 2771): [SDK] [java.io.File] [Constructor] [FilePath][String] [/storage/sdcard0]
D/S4URC   ( 2734): [SDK] [java.io.File] [Constructor] [FilePath][String] [/sys/class/net]
D/S4URC   ( 2771): [SDK] [java.io.File] [Constructor] [FilePath][String] [/storage/sdcard0]
D/S4URC   ( 2734): [SDK] [java.io.File] [list] [FilePath][String] [/sys/class/net]
D/S4URC   ( 2771): [SDK] [java.io.File] [Constructor] [FilePath][String] [/storage/sdcard1]
D/S4URC   ( 2771): [SDK] [java.io.File] [Constructor] [FilePath][String] [/storage/usb2host]
D/S4URC   ( 2771): [SDK] [java.io.File] [Constructor] [FilePath][String] [/storage/usb3device]
D/S4URC   ( 2771): [SDK] [java.io.File] [Constructor] [FilePath][String] [/storage/usb3host]
D/S4URC   ( 2771): [SDK] [android.os.Environment] [getExternalStorageState] [ExternalStorageState][String] [mounted]
D/S4URC   ( 2771): [SDK] [java.io.File] [getPath] [FilePath][String] [/storage/sdcard0]
D/S4URC   ( 2771): [SDK] [android.os.Environment] [getExternalStorageDirectory] [DirectoryPath][String] [/storage/sdcard0]
D/S4URC   ( 2771): [SDK] [java.io.File] [Constructor] [FilePath][String] [/storage/sdcard0/android/.qianlong/data/]
D/S4URC   ( 2771): [SDK] [java.io.File] [exists] [FilePath][String] [/storage/sdcard0/android/.qianlong/data]
D/S4URC   ( 2771): [SDK] [java.io.File] [Constructor] [FilePath][String] [/storage/sdcard0/android/.qianlong/data/mpsdk_plg_v2.000.cfg]
D/S4URC   ( 2771): [SDK] [java.io.File] [exists] [FilePath][String] [/storage/sdcard0/android/.qianlong/data/mpsdk_plg_v2.000.cfg]
D/S4URC   ( 2771): [SDK] [java.io.File] [getPath] [FilePath][String] [/storage/sdcard0/android/.qianlong/data/mpsdk_plg_v2.000.cfg]
D/S4URC   ( 2734): [SDK] [android.telephony.TelephonyManager] [getLine1Number]
D/S4URC   ( 2771): [SDK] [java.io.File] [Constructor] [FilePath][String] [/storage/sdcard0]
D/S4URC   ( 2734): [SDK] [java.io.File] [Constructor] [FilePath][String] [/proc/meminfo]
D/S4URC   ( 2734): [SDK] [java.io.File] [getPath] [FilePath][String] [/proc/meminfo]
D/S4URC   ( 2771): [SDK] [java.io.File] [Constructor] [FilePath][String] [/storage/sdcard0]
D/S4URC   ( 2771): [SDK] [java.io.File] [Constructor] [FilePath][String] [/storage/sdcard1]
D/S4URC   ( 2771): [SDK] [java.io.File] [Constructor] [FilePath][String] [/storage/usb2host]
D/S4URC   ( 2771): [SDK] [java.io.File] [Constructor] [FilePath][String] [/storage/usb3device]
D/S4URC   ( 2771): [SDK] [java.io.File] [Constructor] [FilePath][String] [/storage/usb3host]
D/S4URC   ( 2771): [SDK] [android.os.Environment] [getExternalStorageState] [ExternalStorageState][String] [mounted]
D/S4URC   ( 2771): [SDK] [java.io.File] [getPath] [FilePath][String] [/storage/sdcard0]
D/S4URC   ( 2771): [SDK] [android.os.Environment] [getExternalStorageDirectory] [DirectoryPath][String] [/storage/sdcard0]
D/S4URC   ( 2771): [SDK] [java.io.File] [getPath] [FilePath][String] [/storage/sdcard0]
D/S4URC   ( 2771): [SDK] [android.os.Environment] [getExternalStorageDirectory] [DirectoryPath][String] [/storage/sdcard0]
D/S4URC   ( 2771): [SDK] [java.io.File] [Constructor] [FilePath][String] [/storage/sdcard0/android/.qianlong/plugins/hsyCore/]
D/S4URC   ( 2771): [SDK] [java.io.File] [exists] [FilePath][String] [/storage/sdcard0/android/.qianlong/plugins/hsyCore]
D/S4URC   ( 2771): [SDK] [java.io.File] [getPath] [FilePath][String] [/storage/sdcard0]
D/S4URC   ( 2771): [SDK] [android.os.Environment] [getExternalStorageDirectory] [DirectoryPath][String] [/storage/sdcard0]
D/S4URC   ( 2771): [SDK] [java.io.File] [Constructor] [FilePath][String] [/storage/sdcard0/android/.qianlong/plugins/hsyCore/hsyCore_30.plg]
D/S4URC   ( 2771): [SDK] [java.io.File] [exists] [FilePath][String] [/storage/sdcard0/android/.qianlong/plugins/hsyCore/hsyCore_30.plg]
D/S4URC   ( 2771): [SDK] [java.io.File] [getPath] [FilePath][String] [/storage/sdcard0/android/.qianlong/plugins/hsyCore/hsyCore_30.plg]
D/S4URC   ( 2734): [SDK] [java.lang.ProcessBuilder] [Constructor] [Command][String] [,/system/bin/cat,/sys/devices/system/cpu/cpu0/cpufreq/cpuinfo_max_freq]
D/S4URC   ( 2771): [SDK] [java.io.File] [Constructor] [FilePath][String] [/storage/sdcard0]
D/S4URC   ( 2771): [SDK] [java.io.File] [Constructor] [FilePath][String] [/storage/sdcard1]
D/S4URC   ( 2771): [SDK] [java.io.File] [Constructor] [FilePath][String] [/storage/usb2host]
D/S4URC   ( 2771): [SDK] [java.io.File] [Constructor] [FilePath][String] [/storage/usb3device]
D/S4URC   ( 2771): [SDK] [java.io.File] [Constructor] [FilePath][String] [/storage/usb3host]
D/S4URC   ( 2771): [SDK] [android.os.Environment] [getExternalStorageState] [ExternalStorageState][String] [mounted]
D/S4URC   ( 2771): [SDK] [java.io.File] [getPath] [FilePath][String] [/storage/sdcard0]
D/S4URC   ( 2771): [SDK] [android.os.Environment] [getExternalStorageDirectory] [DirectoryPath][String] [/storage/sdcard0]
D/S4URC   ( 2771): [SDK] [java.io.File] [getPath] [FilePath][String] [/storage/sdcard0]
D/S4URC   ( 2771): [SDK] [android.os.Environment] [getExternalStorageDirectory] [DirectoryPath][String] [/storage/sdcard0]
D/S4URC   ( 2771): [SDK] [java.io.File] [Constructor] [FilePath][String] [/storage/sdcard0/android/.qianlong/plugins/hsyCore/]
D/S4URC   ( 2771): [SDK] [java.io.File] [exists] [FilePath][String] [/storage/sdcard0/android/.qianlong/plugins/hsyCore]
D/S4URC   ( 2771): [SDK] [java.io.File] [getPath] [FilePath][String] [/storage/sdcard0]
D/S4URC   ( 2771): [SDK] [android.os.Environment] [getExternalStorageDirectory] [DirectoryPath][String] [/storage/sdcard0]
D/S4URC   ( 2771): [SDK] [android.telephony.TelephonyManager] [getSubscriberId]
D/S4URC   ( 2771): [SDK] [java.io.File] [Constructor] [FilePath][String] [/storage/sdcard0]
D/S4URC   ( 2771): [SDK] [java.io.File] [Constructor] [FilePath][String] [/storage/sdcard1]
D/S4URC   ( 2771): [SDK] [java.io.File] [Constructor] [FilePath][String] [/storage/usb2host]
D/S4URC   ( 2771): [SDK] [java.io.File] [Constructor] [FilePath][String] [/storage/usb3device]
D/S4URC   ( 2771): [SDK] [java.io.File] [Constructor] [FilePath][String] [/storage/usb3host]
D/S4URC   ( 2771): [SDK] [android.os.Environment] [getExternalStorageState] [ExternalStorageState][String] [mounted]
D/S4URC   ( 2771): [SDK] [java.io.File] [getPath] [FilePath][String] [/storage/sdcard0]
D/S4URC   ( 2771): [SDK] [android.os.Environment] [getExternalStorageDirectory] [DirectoryPath][String] [/storage/sdcard0]
D/S4URC   ( 2771): [SDK] [java.io.File] [getPath] [FilePath][String] [/storage/sdcard0]
D/S4URC   ( 2771): [SDK] [java.io.File] [list] [FilePath][String] [/sys/class/net]
D/S4URC   ( 2771): [SDK] [android.telephony.TelephonyManager] [getLine1Number]
D/S4URC   ( 2734): [SDK] [java.io.File] [Constructor] [FilePath][String] [/proc/cpuinfo]
D/S4URC   ( 2734): [SDK] [java.io.File] [getPath] [FilePath][String] [/proc/cpuinfo]
D/S4URC   ( 2734): [SDK] [java.io.File] [Constructor] [FilePath][String] [/sys/devices/system/cpu/]
