D/S4URC   ( 3805): [SDK] [java.lang.Class] [forName] [FindClass][String] [android.app.SharedPreferencesImpl.EditorImpl]
D/S4URC   ( 3805): [SDK] [java.lang.Class] [forName] [FindClass][String] [android.app.SharedPreferencesImpl$EditorImpl]
D/S4URC   ( 3805): [SDK] [java.lang.Class] [forName] [FindClass][String] [android.app.SharedPreferencesImpl.EditorImpl]
D/S4URC   ( 3805): [SDK] [java.lang.Class] [forName] [FindClass][String] [android.app.SharedPreferencesImpl$EditorImpl]
D/S4URC   ( 3618): [SDK] [java.io.File] [Constructor] [FilePath][String] [/sys/devices/system/cpu/cpu0/cpufreq/scaling_cur_freq]
D/S4URC   ( 3805): [SDK] [java.lang.Class] [forName] [FindClass][String] [android.app.SharedPreferencesImpl]
D/S4URC   ( 3618): [SDK] [java.io.File] [getPath] [FilePath][String] [/sys/devices/system/cpu/cpu0/cpufreq/scaling_cur_freq]
D/S4URC   ( 3805): [SDK] [java.lang.Class] [forName] [FindClass][String] [android.app.SharedPreferencesImpl]
D/S4URC   ( 3805): [SDK] [java.lang.Class] [forName] [FindClass][String] [[Z]
D/S4URC   ( 3805): [SDK] [java.lang.Class] [forName] [FindClass][String] [android.app.SharedPreferencesImpl]
D/S4URC   ( 3805): [SDK] [java.lang.Class] [forName] [FindClass][String] [[F]
D/S4URC   ( 3805): [SDK] [java.lang.Class] [forName] [FindClass][String] [android.app.SharedPreferencesImpl]
D/S4URC   ( 3805): [SDK] [java.lang.Class] [forName] [FindClass][String] [[I]
D/S4URC   ( 3805): [SDK] [java.lang.Class] [forName] [FindClass][String] [android.app.SharedPreferencesImpl]
D/S4URC   ( 3805): [SDK] [java.lang.Class] [forName] [FindClass][String] [[J]
D/S4URC   ( 3885): [NDK] [SYSCALL] [getdents] [PATH][string] [.]
D/S4URC   ( 3618): [SDK] [java.lang.ProcessBuilder] [Constructor] [Command][String] [,/system/bin/cat,/sys/devices/system/cpu/cpu0/cpufreq/cpuinfo_min_freq]
D/S4URC   ( 3805): [SDK] [java.lang.Class] [forName] [FindClass][String] [android.app.SharedPreferencesImpl]
D/S4URC   ( 3805): [SDK] [java.lang.Class] [forName] [FindClass][String] [android.app.SharedPreferencesImpl.EditorImpl]
D/S4URC   ( 3805): [SDK] [java.lang.Class] [forName] [FindClass][String] [android.app.SharedPreferencesImpl$EditorImpl]
D/S4URC   ( 3805): [SDK] [java.lang.Class] [forName] [FindClass][String] [android.app.SharedPreferencesImpl.EditorImpl]
D/S4URC   ( 3805): [SDK] [java.lang.Class] [forName] [FindClass][String] [android.app.SharedPreferencesImpl$EditorImpl]
D/S4URC   ( 3805): [SDK] [java.lang.Class] [forName] [FindClass][String] [[Z]
D/S4URC   ( 3618): [SDK] [android.content.ContentResolver] [registerContentObserver] [URL][String] [content://sms/]
D/S4URC   ( 3805): [SDK] [java.lang.Class] [forName] [FindClass][String] [android.app.SharedPreferencesImpl.EditorImpl]
D/S4URC   ( 3805): [SDK] [java.lang.Class] [forName] [FindClass][String] [android.app.SharedPreferencesImpl$EditorImpl]
D/S4URC   ( 3805): [SDK] [java.lang.Class] [forName] [FindClass][String] [[I]
D/S4URC   ( 3805): [SDK] [java.lang.Class] [forName] [FindClass][String] [android.app.SharedPreferencesImpl.EditorImpl]
D/S4URC   ( 3805): [SDK] [java.lang.Class] [forName] [FindClass][String] [android.app.SharedPreferencesImpl$EditorImpl]
D/S4URC   ( 3805): [SDK] [java.lang.Class] [forName] [FindClass][String] [[J]
D/S4URC   ( 3805): [SDK] [java.lang.Class] [forName] [FindClass][String] [android.app.SharedPreferencesImpl.EditorImpl]
D/S4URC   ( 3805): [SDK] [java.lang.Class] [forName] [FindClass][String] [android.app.SharedPreferencesImpl$EditorImpl]
D/S4URC   ( 3805): [SDK] [java.lang.Class] [forName] [FindClass][String] [[F]
D/S4URC   ( 3805): [SDK] [java.lang.Class] [forName] [FindClass][String] [android.app.admin.DevicePolicyManager]
D/S4URC   ( 3805): [SDK] [java.lang.Class] [forName] [FindClass][String] [android.app.Activity]
D/S4URC   ( 3618): [SDK] [android.content.ContextWrapper] [registerReceiver][IntentFilter][android.provider.Telephony.SMS_RECEIVED,
D/S4URC   ( 3805): [SDK] [java.lang.Class] [forName] [FindClass][String] [android.content.Intent]
D/S4URC   ( 3805): [SDK] [java.lang.Class] [forName] [FindClass][String] [android.os.Environment]
D/S4URC   ( 3805): [SDK] [java.lang.Class] [forName] [FindClass][String] [android.content.ContentResolver]
D/S4URC   ( 3618): [SDK] [android.content.ContextWrapper] [registerReceiver][IntentFilter][android.net.conn.CONNECTIVITY_CHANGE,
D/S4URC   ( 3805): [SDK] [java.lang.Class] [forName] [FindClass][String] [android.content.ContentResolver]
D/S4URC   ( 3618): [SDK] [java.io.File] [getPath] [FilePath][String] [/data/data/uviyju.xlugh.oemwdco.kljln/shared_prefs]
D/S4URC   ( 3618): [SDK] [java.io.File] [getPath] [FilePath][String] [/data/data/uviyju.xlugh.oemwdco.kljln/shared_prefs/pz_sharedpre_cmreaderlogininfo.xml]
D/S4URC   ( 3618): [SDK] [java.io.File] [Constructor] [FilePath][String] [/data/data/uviyju.xlugh.oemwdco.kljln/shared_prefs/pz_sharedpre_cmreaderlogininfo.xml.bak]
D/S4URC   ( 3805): [SDK] [java.lang.Class] [forName] [FindClass][String] [android.os.Process]
D/S4URC   ( 3805): [SDK] [java.lang.Class] [forName] [FindClass][String] [android.hardware.Camera]
D/S4URC   ( 3618): [SDK] [java.io.File] [exists] [FilePath][String] [/data/data/uviyju.xlugh.oemwdco.kljln/shared_prefs/pz_sharedpre_cmreaderlogininfo.xml]
D/S4URC   ( 3618): [NDK] [SYSCALL] [access] [PATH][string] [/data/data/uviyju.xlugh.oemwdco.kljln/shared_prefs/pz_sharedpre_cmreaderlogininfo.xml]
D/S4URC   ( 3618): [SDK] [java.io.File] [exists] [FilePath][String] [/data/data/uviyju.xlugh.oemwdco.kljln/shared_prefs/pz_sharedpre_cmreaderlogininfo.xml]
D/S4URC   ( 3618): [NDK] [SYSCALL] [access] [PATH][string] [/data/data/uviyju.xlugh.oemwdco.kljln/shared_prefs/pz_sharedpre_cmreaderlogininfo.xml]
D/S4URC   ( 3805): [SDK] [java.lang.Class] [forName] [FindClass][String] [android.accounts.AccountManager]
D/S4URC   ( 3805): [SDK] [java.lang.Class] [forName] [FindClass][String] [android.location.Location]
D/S4URC   ( 3805): [SDK] [java.lang.Class] [forName] [FindClass][String] [android.webkit.WebView]
D/S4URC   ( 3805): [SDK] [java.lang.Class] [forName] [FindClass][String] [android.media.MediaRecorder]
D/S4URC   ( 3805): [SDK] [java.lang.Class] [forName] [FindClass][String] [android.content.Intent]
D/S4URC   ( 3805): [SDK] [java.lang.Class] [forName] [FindClass][String] [dalvik.system.BaseDexClassLoader]
D/S4URC   ( 3805): [SDK] [java.lang.Class] [forName] [FindClass][String] [dalvik.system.DexFile]
D/S4URC   ( 3805): [SDK] [java.lang.Class] [forName] [FindClass][String] [dalvik.system.DexClassLoader]
D/S4URC   ( 3805): [SDK] [java.lang.Class] [forName] [FindClass][String] [android.app.ApplicationPackageManager]
D/S4URC   ( 3805): [SDK] [java.lang.Class] [forName] [FindClass][String] [android.app.ActivityManager]
D/S4URC   ( 3805): [SDK] [java.lang.Class] [forName] [FindClass][String] [java.lang.Runtime]
D/S4URC   ( 3805): [SDK] [java.lang.Class] [forName] [FindClass][String] [java.lang.Class]
D/S4URC   ( 3805): [SDK] [java.lang.Class] [forName] [FindClass][String] [java.net.HttpURLConnection]
D/S4URC   ( 3805): [SDK] [java.lang.Class] [forName] [FindClass][String] [com.android.okhttp.internal.http.HttpURLConnectionImpl]
D/S4URC   ( 3805): [SDK] [java.lang.Class] [forName] [FindClass][String] [java.net.Socket]
D/S4URC   ( 3805): [SDK] [java.lang.Class] [forName] [FindClass][String] [android.telephony.TelephonyManager]
D/S4URC   ( 3805): [SDK] [java.lang.Class] [forName] [FindClass][String] [android.os.Debug]
D/S4URC   ( 3805): [SDK] [java.lang.Class] [forName] [FindClass][String] [android.hardware.SensorManager]
D/S4URC   ( 3618): [SDK] [android.content.ContextWrapper][getSharedPreferences] [File][pz_sharedpre_cmreaderlogininfo.xml] [MODE][MODE_PRIVATE]
D/S4URC   ( 3618): [SDK] [java.io.File] [Constructor] [FilePath][String] [/sys/devices/system/cpu/cpu0/cpufreq/scaling_cur_freq]
D/S4URC   ( 3618): [SDK] [java.io.File] [getPath] [FilePath][String] [/sys/devices/system/cpu/cpu0/cpufreq/scaling_cur_freq]
D/S4URC   ( 3618): [SDK] [java.io.File] [exists] [FilePath][String] [/data/data/uviyju.xlugh.oemwdco.kljln/shared_prefs/pz_sharedpre_cmreaderlogininfo.xml.bak]
D/S4URC   ( 3618): [NDK] [SYSCALL] [access] [PATH][string] [/data/data/uviyju.xlugh.oemwdco.kljln/shared_prefs/pz_sharedpre_cmreaderlogininfo.xml.bak]
D/S4URC   ( 3888): [NDK] [SYSCALL] [getdents] [PATH][string] [.]
D/S4URC   ( 3618): [SDK] [java.io.File] [exists] [FilePath][String] [/data/data/uviyju.xlugh.oemwdco.kljln/shared_prefs/pz_sharedpre_cmreaderlogininfo.xml]
D/S4URC   ( 3618): [NDK] [SYSCALL] [access] [PATH][string] [/data/data/uviyju.xlugh.oemwdco.kljln/shared_prefs/pz_sharedpre_cmreaderlogininfo.xml]
D/S4URC   ( 3618): [SDK] [java.lang.ProcessBuilder] [Constructor] [Command][String] [,/system/bin/cat,/sys/devices/system/cpu/cpu0/cpufreq/cpuinfo_min_freq]
D/S4URC   ( 3618): [SDK] [java.io.File] [getPath] [FilePath][String] [/data/data/uviyju.xlugh.oemwdco.kljln/shared_prefs/pz_sharedpre_cmreaderlogininfo.xml]
D/S4URC   ( 3618): [NDK] [SYSCALL] [stat] [PATH][string] [/data/data/uviyju.xlugh.oemwdco.kljln/shared_prefs/pz_sharedpre_cmreaderlogininfo.xml]
D/S4URC   ( 3618): [SDK] [android.content.ContextWrapper][getSharedPreferences] [File][pz_sharedpre_cmreaderlogininfo.xml] [MODE][MODE_PRIVATE] [Method][getString] [String][ClientId] [Return][]
D/S4URC   ( 3618): [SDK] [android.content.Intent] [Constructor] [IntentInfo][String] [com.sdky.jzp.service.CoreService_onCreated]
D/S4URC   ( 3805): [SDK] [java.io.File] [Constructor] [FilePath][String] [/system/app/webview/webview.apk]
D/S4URC   ( 3618): [SDK] [android.content.ContextWrapper] [registerReceiver][IntentFilter][android.provider.Telephony.SMS_RECEIVED,
D/S4URC   ( 3805): [SDK] [java.lang.Class] [forName] [FindClass][String] [com.android.webview.chromium.WebViewChromiumFactoryProvider]
D/S4URC   ( 3618): [SDK] [java.io.File] [Constructor] [FilePath][String] [/data/data/uviyju.xlugh.oemwdco.kljln/files/mj.apk]
D/S4URC   ( 3618): [SDK] [java.io.File] [exists] [FilePath][String] [/data/data/uviyju.xlugh.oemwdco.kljln/files/mj.apk]
D/S4URC   ( 3618): [NDK] [SYSCALL] [access] [PATH][string] [/data/data/uviyju.xlugh.oemwdco.kljln/files/mj.apk]
D/S4URC   ( 3805): [SDK] [android.telephony.TelephonyManager] [getSubscriberId]
D/S4URC   ( 3618): [SDK] [java.io.File] [Constructor] [FilePath][String] [/sys/devices/system/cpu/cpu0/cpufreq/scaling_cur_freq]
D/S4URC   ( 3618): [SDK] [java.io.File] [getPath] [FilePath][String] [/sys/devices/system/cpu/cpu0/cpufreq/scaling_cur_freq]
D/S4URC   ( 3805): [SDK] [java.io.File] [getPath] [FilePath][String] [/storage/sdcard0]
D/S4URC   ( 3805): [SDK] [android.os.Environment] [getExternalStorageDirectory] [DirectoryPath][String] [/storage/sdcard0]
D/S4URC   ( 3805): [SDK] [java.io.File] [getPath] [FilePath][String] [/storage/sdcard0]
D/S4URC   ( 3805): [SDK] [java.io.File] [Constructor] [FilePath][String] [/storage/sdcard0/Android/data/3949BA59/10ADC.94]
D/S4URC   ( 3805): [SDK] [java.io.File] [exists] [FilePath][String] [/storage/sdcard0/Android/data/3949BA59/10ADC.94]
D/S4URC   ( 3805): [SDK] [java.io.File] [Constructor] [FilePath][String] [/storage/sdcard0/Android/data/3949BA59/10ADC.94]
D/S4URC   ( 3889): [NDK] [SYSCALL] [getdents] [PATH][string] [.]
D/S4URC   ( 3618): [SDK] [java.lang.ProcessBuilder] [Constructor] [Command][String] [,/system/bin/cat,/sys/devices/system/cpu/cpu0/cpufreq/cpuinfo_min_freq]
D/S4URC   ( 3618): [SDK] [java.io.File] [getPath] [FilePath][String] [/data/data/uviyju.xlugh.oemwdco.kljln/files/mj.apk]
D/S4URC   ( 3618): [NDK] [SYSCALL] [open] [PATH][string] [/data/data/uviyju.xlugh.oemwdco.kljln/files/mj.apk] [RETURN][int] [117]
D/S4URC   ( 3805): [SDK] [java.lang.Runtime] [loadLibrary] [SoPath][String] [webviewchromium]
D/S4URC   ( 3805): [SDK] [java.io.File] [getPath] [FilePath][String] [/system/app/webview/lib/arm]
D/S4URC   ( 3805): [SDK] [java.io.File] [getPath] [FilePath][String] [/system/app/webview/lib/arm/libwebviewchromium.so]
D/S4URC   ( 3618): [SDK] [java.io.File] [Constructor] [FilePath][String] [/data/data/uviyju.xlugh.oemwdco.kljln/files/mj.dex]
D/S4URC   ( 3618): [SDK] [java.io.File] [delete] [FilePath][String] [/data/data/uviyju.xlugh.oemwdco.kljln/files/mj.dex]
D/S4URC   ( 3618): [NDK] [SYSCALL] [lstat] [PATH][string] [/data/data/uviyju.xlugh.oemwdco.kljln/files/mj.dex]
D/S4URC   ( 3618): [SDK] [java.io.File] [getParent] [FilePath][String] [/data/data/uviyju.xlugh.oemwdco.kljln/files/mj.apk]
D/S4URC   ( 3618): [SDK] [dalvik.system.DexClassLoader] [Constructor] [DexPath][String] [/data/data/uviyju.xlugh.oemwdco.kljln/files/mj.apk] [NDKPath][String] [null]
D/S4URC   ( 3618): [SDK] [java.io.File] [Constructor] [FilePath][String] [/data/data/uviyju.xlugh.oemwdco.kljln/files]
D/S4URC   ( 3618): [SDK] [dalvik.system.BaseDexClassLoader] [Constructor] [DexPath][String] [/data/data/uviyju.xlugh.oemwdco.kljln/files/mj.apk] [NDKPath][String] [null]
D/S4URC   ( 3618): [SDK] [java.io.File] [exists] [FilePath][String] [/data/data/uviyju.xlugh.oemwdco.kljln/files]
D/S4URC   ( 3618): [NDK] [SYSCALL] [access] [PATH][string] [/data/data/uviyju.xlugh.oemwdco.kljln/files]
D/S4URC   ( 3618): [SDK] [java.io.File] [canRead] [FilePath][String] [/data/data/uviyju.xlugh.oemwdco.kljln/files]
D/S4URC   ( 3618): [NDK] [SYSCALL] [access] [PATH][string] [/data/data/uviyju.xlugh.oemwdco.kljln/files]
D/S4URC   ( 3618): [SDK] [java.io.File] [canWrite] [FilePath][String] [/data/data/uviyju.xlugh.oemwdco.kljln/files]
D/S4URC   ( 3618): [NDK] [SYSCALL] [access] [PATH][string] [/data/data/uviyju.xlugh.oemwdco.kljln/files]
D/S4URC   ( 3618): [NDK] [SYSCALL] [stat] [PATH][string] [/data/data/uviyju.xlugh.oemwdco.kljln/files/mj.apk]
D/S4URC   ( 3618): [SDK] [java.io.File] [Constructor] [FilePath][String] [/data/data/uviyju.xlugh.oemwdco.kljln/files/mj.apk]
D/S4URC   ( 3618): [SDK] [java.io.File] [getName] [FilePath][String] [/data/data/uviyju.xlugh.oemwdco.kljln/files/mj.apk]
D/S4URC   ( 3618): [SDK] [java.io.File] [isDirectory] [FilePath][String] [/data/data/uviyju.xlugh.oemwdco.kljln/files/mj.apk]
D/S4URC   ( 3618): [NDK] [SYSCALL] [stat] [PATH][string] [/data/data/uviyju.xlugh.oemwdco.kljln/files/mj.apk]
D/S4URC   ( 3618): [SDK] [java.io.File] [isFile] [FilePath][String] [/data/data/uviyju.xlugh.oemwdco.kljln/files/mj.apk]
D/S4URC   ( 3618): [NDK] [SYSCALL] [stat] [PATH][string] [/data/data/uviyju.xlugh.oemwdco.kljln/files/mj.apk]
D/S4URC   ( 3618): [SDK] [java.io.File] [getName] [FilePath][String] [/data/data/uviyju.xlugh.oemwdco.kljln/files/mj.apk]
D/S4URC   ( 3618): [SDK] [java.io.File] [getPath] [FilePath][String] [/data/data/uviyju.xlugh.oemwdco.kljln/files]
D/S4URC   ( 3618): [SDK] [java.io.File] [getPath] [FilePath][String] [/data/data/uviyju.xlugh.oemwdco.kljln/files/mj.dex]
D/S4URC   ( 3618): [SDK] [java.io.File] [getPath] [FilePath][String] [/data/data/uviyju.xlugh.oemwdco.kljln/files/mj.apk]
D/S4URC   ( 3618): [SDK] [java.io.File] [Constructor] [FilePath][String] [/data/data/uviyju.xlugh.oemwdco.kljln/files/mj.dex]
D/S4URC   ( 3618): [SDK] [java.io.File] [getParent] [FilePath][String] [/data/data/uviyju.xlugh.oemwdco.kljln/files/mj.dex]
D/S4URC   ( 3618): [NDK] [SYSCALL] [stat] [PATH][string] [/data/data/uviyju.xlugh.oemwdco.kljln/files]
D/S4URC   ( 3618): [SDK] [dalvik.system.DexFile] [openDexFile] [DexPath][String] [/data/data/uviyju.xlugh.oemwdco.kljln/files/mj.apk]
D/S4URC   ( 3618): [SDK] [java.io.File] [Constructor] [FilePath][String] [/data/data/uviyju.xlugh.oemwdco.kljln/files/mj.apk]
D/S4URC   ( 3805): [SDK] [java.net] [HttpURLConnection] [URL][String] [http://android.51mrp.com:8077/query-plat/minsdk/plugin/query.do]
D/S4URC   ( 3618): [SDK] [java.io.File] [Constructor] [FilePath][String] [/data/data/uviyju.xlugh.oemwdco.kljln/files/mj.dex]
D/S4URC   ( 3618): [NDK] [SYSCALL] [open] [PATH][string] [/data/data/uviyju.xlugh.oemwdco.kljln/files/mj.apk] [RETURN][int] [117]
D/S4URC   ( 3805): [SDK] [java.net] [HttpURLConnection] [Request][Method] [POST] [URL][String] [http://android.51mrp.com:8077/query-plat/minsdk/plugin/query.do]
D/S4URC   ( 3618): [NDK] [SYSCALL] [open] [PATH][string] [/data/data/uviyju.xlugh.oemwdco.kljln/files/mj.dex] [RETURN][int] [117]
D/S4URC   ( 3618): [NDK] [SYSCALL] [stat] [PATH][string] [/data/data/uviyju.xlugh.oemwdco.kljln/files/mj.dex]
D/S4URC   ( 3618): [NDK] [SYSCALL] [open] [PATH][string] [/data/data/uviyju.xlugh.oemwdco.kljln/files/mj.dex] [RETURN][int] [124]
D/S4URC   ( 3618): [NDK] [SYSCALL] [stat] [PATH][string] [/system]
D/S4URC   ( 3618): [NDK] [SYSCALL] [stat] [PATH][string] [/data]
D/S4URC   ( 3805): [SDK] [java.lang.Runtime] [loadLibrary] [SoPath][String] [webviewchromium_plat_support]
D/S4URC   ( 3805): [SDK] [java.io.File] [getPath] [FilePath][String] [/system/app/webview/lib/arm]
D/S4URC   ( 3805): [SDK] [java.io.File] [getPath] [FilePath][String] [/system/app/webview/lib/arm/libwebviewchromium_plat_support.so]
D/S4URC   ( 3805): [SDK] [java.io.File] [getPath] [FilePath][String] [/vendor/lib]
D/S4URC   ( 3805): [SDK] [java.io.File] [getPath] [FilePath][String] [/vendor/lib/libwebviewchromium_plat_support.so]
D/S4URC   ( 3805): [SDK] [java.io.File] [getPath] [FilePath][String] [/system/lib]
D/S4URC   ( 3805): [SDK] [java.io.File] [getPath] [FilePath][String] [/system/lib/libwebviewchromium_plat_support.so]
D/S4URC   ( 3805): [SDK] [java.io.File] [getPath] [FilePath][String] [/data/data/uviyju.xlugh.oemwdco.kljln/shared_prefs]
D/S4URC   ( 3805): [SDK] [java.io.File] [getPath] [FilePath][String] [/data/data/uviyju.xlugh.oemwdco.kljln/shared_prefs/WebViewChromiumPrefs.xml]
D/S4URC   ( 3805): [SDK] [java.io.File] [Constructor] [FilePath][String] [/data/data/uviyju.xlugh.oemwdco.kljln/shared_prefs/WebViewChromiumPrefs.xml.bak]
D/S4URC   ( 3805): [SDK] [java.io.File] [exists] [FilePath][String] [/data/data/uviyju.xlugh.oemwdco.kljln/shared_prefs/WebViewChromiumPrefs.xml]
D/S4URC   ( 3805): [SDK] [java.io.File] [canRead] [FilePath][String] [/data/data/uviyju.xlugh.oemwdco.kljln/shared_prefs/WebViewChromiumPrefs.xml]
D/S4URC   ( 3805): [SDK] [java.io.File] [getPath] [FilePath][String] [/data/data/uviyju.xlugh.oemwdco.kljln/shared_prefs/WebViewChromiumPrefs.xml]
D/S4URC   ( 3805): [SDK] [java.io.File] [exists] [FilePath][String] [/data/data/uviyju.xlugh.oemwdco.kljln/shared_prefs/WebViewChromiumPrefs.xml]
D/S4URC   ( 3805): [SDK] [java.io.File] [canRead] [FilePath][String] [/data/data/uviyju.xlugh.oemwdco.kljln/shared_prefs/WebViewChromiumPrefs.xml]
D/S4URC   ( 3805): [SDK] [java.io.File] [exists] [FilePath][String] [/data/data/uviyju.xlugh.oemwdco.kljln/shared_prefs/WebViewChromiumPrefs.xml.bak]
D/S4URC   ( 3805): [SDK] [java.io.File] [getPath] [FilePath][String] [/data/data/uviyju.xlugh.oemwdco.kljln/shared_prefs/WebViewChromiumPrefs.xml]
D/S4URC   ( 3805): [SDK] [java.io.File] [exists] [FilePath][String] [/data/data/uviyju.xlugh.oemwdco.kljln/shared_prefs/WebViewChromiumPrefs.xml]
D/S4URC   ( 3805): [SDK] [java.io.File] [canRead] [FilePath][String] [/data/data/uviyju.xlugh.oemwdco.kljln/shared_prefs/WebViewChromiumPrefs.xml]
D/S4URC   ( 3805): [SDK] [java.io.File] [getPath] [FilePath][String] [/data/data/uviyju.xlugh.oemwdco.kljln/shared_prefs/WebViewChromiumPrefs.xml]
D/S4URC   ( 3805): [SDK] [android.content.ContextWrapper][getSharedPreferences] [File][WebViewChromiumPrefs.xml] [MODE][MODE_PRIVATE]
D/S4URC   ( 3805): [SDK] [java.io.File] [canRead] [FilePath][String] [/data/data/uviyju.xlugh.oemwdco.kljln/shared_prefs/WebViewChromiumPrefs.xml]
D/S4URC   ( 3805): [SDK] [java.io.File] [getPath] [FilePath][String] [/data/data/uviyju.xlugh.oemwdco.kljln/shared_prefs/WebViewChromiumPrefs.xml]
D/S4URC   ( 3805): [SDK] [android.content.ContextWrapper][getSharedPreferences] [File][WebViewChromiumPrefs.xml] [MODE][MODE_PRIVATE] [Method][getInt] [Int][lastVersionCodeUsed] [Return][300001]
D/S4URC   ( 3891): [NDK] [SYSCALL] [execve] [PATH][string] [/system/bin/dex2oat] [INST][string] [/system/bin/dex2oat --runtime-arg -classpath --runtime-arg /system/framework/SamsungBridge.jar --instruction-set=arm --instruction-set-features=div --runtime-arg -Xnorelocate --boot-image=/system/framework/boot.art --dex-file=/data/data/uviyju.xlugh.oemwdco.kljln/files/mj.apk --oat-fd=117 --oat-location=/data/data/uviyju.xlugh.oemwdco.kljln/files/mj.dex --runtime-arg -Xms64m --runtime-arg -Xmx512m ]
D/S4URC   ( 3618): [SDK] [java.io.File] [Constructor] [FilePath][String] [/proc/cpuinfo]
D/S4URC   ( 3618): [SDK] [java.io.File] [getPath] [FilePath][String] [/proc/cpuinfo]
D/S4URC   ( 3618): [NDK] [SYSCALL] [open] [PATH][string] [/proc/cpuinfo] [RETURN][int] [123]
D/S4URC   ( 3618): [NDK] [SYSCALL] [open] [PATH][string] [/data/data/uviyju.xlugh.oemwdco.kljln/app_Wyzf_plg/wyzf_plg_5.1.9.dex] [RETURN][int] [99]
D/S4URC   ( 3892): [NDK] [SYSCALL] [getdents] [PATH][string] [.]
D/S4URC   ( 3618): [NDK] [SYSCALL] [lstat] [PATH][string] [/data]
D/S4URC   ( 3618): [NDK] [SYSCALL] [lstat] [PATH][string] [/data/data]
D/S4URC   ( 3618): [NDK] [SYSCALL] [lstat] [PATH][string] [/data/data/uviyju.xlugh.oemwdco.kljln]
D/S4URC   ( 3618): [NDK] [SYSCALL] [lstat] [PATH][string] [/data/data/uviyju.xlugh.oemwdco.kljln/app_Wyzf_plg]
D/S4URC   ( 3618): [NDK] [SYSCALL] [lstat] [PATH][string] [/data/data/uviyju.xlugh.oemwdco.kljln/app_Wyzf_plg/wyzf_plg_5.1.9.jar]
D/S4URC   ( 3618): [NDK] [SYSCALL] [open] [PATH][string] [/data/data/uviyju.xlugh.oemwdco.kljln/app_Wyzf_plg/wyzf_plg_5.1.9.jar] [RETURN][int] [99]
D/S4URC   ( 3618): [NDK] [SYSCALL] [lstat] [PATH][string] [/data]
D/S4URC   ( 3618): [NDK] [SYSCALL] [lstat] [PATH][string] [/data/data]
D/S4URC   ( 3618): [NDK] [SYSCALL] [lstat] [PATH][string] [/data/data/uviyju.xlugh.oemwdco.kljln]
D/S4URC   ( 3618): [SDK] [java.io.File] [Constructor] [FilePath][String] [/proc/meminfo]
D/S4URC   ( 3618): [SDK] [java.io.File] [getPath] [FilePath][String] [/proc/meminfo]
D/S4URC   ( 3618): [SDK] [android.content.ContextWrapper][getSharedPreferences] [File][pz_sharedpre_cmreaderlogininfo.xml] [MODE][MODE_PRIVATE] [Method][putString] [Key][DC_ETAG] [Value][F009D9FAD388CBD5D3BD4244C204B456]
D/S4URC   ( 3618): [NDK] [SYSCALL] [open] [PATH][string] [/proc/meminfo] [RETURN][int] [99]
D/S4URC   ( 3618): [SDK] [java.io.File] [exists] [FilePath][String] [/data/data/uviyju.xlugh.oemwdco.kljln/shared_prefs/dc.053CE9326103161DC37854ECE8E0DBE2.preferences.xml]
D/S4URC   ( 3618): [NDK] [SYSCALL] [lstat] [PATH][string] [/data/data/uviyju.xlugh.oemwdco.kljln/app_Wyzf_plg]
D/S4URC   ( 3618): [NDK] [SYSCALL] [access] [PATH][string] [/data/data/uviyju.xlugh.oemwdco.kljln/shared_prefs/dc.053CE9326103161DC37854ECE8E0DBE2.preferences.xml]
D/S4URC   ( 3618): [NDK] [SYSCALL] [lstat] [PATH][string] [/data/data/uviyju.xlugh.oemwdco.kljln/app_Wyzf_plg/wyzf_plg_5.1.9.jar]
D/S4URC   ( 3618): [SDK] [java.io.File] [exists] [FilePath][String] [/data/data/uviyju.xlugh.oemwdco.kljln/shared_prefs/dc.053CE9326103161DC37854ECE8E0DBE2.preferences.xml.bak]
D/S4URC   ( 3618): [NDK] [SYSCALL] [access] [PATH][string] [/data/data/uviyju.xlugh.oemwdco.kljln/shared_prefs/dc.053CE9326103161DC37854ECE8E0DBE2.preferences.xml.bak]
D/S4URC   ( 3618): [SDK] [java.io.File] [renameTo] [FilePath][String] [/data/data/uviyju.xlugh.oemwdco.kljln/shared_prefs/dc.053CE9326103161DC37854ECE8E0DBE2.preferences.xml] [DesFile][/data/data/uviyju.xlugh.oemwdco.kljln/shared_prefs/dc.053CE9326103161DC37854ECE8E0DBE2.preferences.xml.bak]
D/S4URC   ( 3618): [NDK] [SYSCALL] [rename] [ORIG_PATH][string] [/data/data/uviyju.xlugh.oemwdco.kljln/shared_prefs/dc.053CE9326103161DC37854ECE8E0DBE2.preferences.xml] [NEW_PATH][string] [/data/data/uviyju.xlugh.oemwdco.kljln/shared_prefs/dc.053CE9326103161DC37854ECE8E0DBE2.preferences.xml.bak]
D/S4URC   ( 3618): [SDK] [java.io.File] [getPath] [FilePath][String] [/data/data/uviyju.xlugh.oemwdco.kljln/shared_prefs/dc.053CE9326103161DC37854ECE8E0DBE2.preferences.xml]
D/S4URC   ( 3618): [NDK] [SYSCALL] [open] [PATH][string] [/data/data/uviyju.xlugh.oemwdco.kljln/shared_prefs/dc.053CE9326103161DC37854ECE8E0DBE2.preferences.xml] [RETURN][int] [107]
D/S4URC   ( 3618): [SDK] [java.io.File] [getPath] [FilePath][String] [/storage/sdcard0]
D/S4URC   ( 3618): [SDK] [android.os.Environment] [getExternalStorageDirectory] [DirectoryPath][String] [/storage/sdcard0]
D/S4URC   ( 3618): [SDK] [java.io.File] [getPath] [FilePath][String] [/storage/sdcard0]
D/S4URC   ( 3618): [SDK] [java.io.File] [getPath] [FilePath][String] [/data/data/uviyju.xlugh.oemwdco.kljln/shared_prefs/wyzf_config20104806.xml]
D/S4URC   ( 3618): [NDK] [SYSCALL] [stat] [PATH][string] [/data/data/uviyju.xlugh.oemwdco.kljln/shared_prefs/wyzf_config20104806.xml]
D/S4URC   ( 3618): [SDK] [android.content.ContextWrapper][getSharedPreferences] [File][wyzf_config20104806.xml] [MODE][MODE_PRIVATE]
D/S4URC   ( 3618): [SDK] [android.content.ContextWrapper][getSharedPreferences] [File][wyzf_config20104806.xml] [MODE][MODE_PRIVATE] [Method][getBoolean] [Boolean][isInitialize] [Return][false]
D/S4URC   ( 3618): [SDK] [java.io.File] [getPath] [FilePath][String] [/data/data/uviyju.xlugh.oemwdco.kljln/shared_prefs/wyzf_config20104806.xml]
D/S4URC   ( 3618): [NDK] [SYSCALL] [stat] [PATH][string] [/data/data/uviyju.xlugh.oemwdco.kljln/shared_prefs/wyzf_config20104806.xml]
D/S4URC   ( 3618): [SDK] [android.content.ContextWrapper][getSharedPreferences] [File][wyzf_config20104806.xml] [MODE][MODE_PRIVATE]
D/S4URC   ( 3618): [SDK] [android.content.ContextWrapper][getSharedPreferences] [File][wyzf_config20104806.xml] [MODE][MODE_PRIVATE] [Method][getString] [String][appCode] [Return][20104806]
D/S4URC   ( 3618): [SDK] [java.io.File] [getPath] [FilePath][String] [/data/data/uviyju.xlugh.oemwdco.kljln/shared_prefs/wyzf_config20104806.xml]
D/S4URC   ( 3618): [NDK] [SYSCALL] [stat] [PATH][string] [/data/data/uviyju.xlugh.oemwdco.kljln/shared_prefs/wyzf_config20104806.xml]
D/S4URC   ( 3618): [SDK] [android.content.ContextWrapper][getSharedPreferences] [File][wyzf_config20104806.xml] [MODE][MODE_PRIVATE]
D/S4URC   ( 3618): [SDK] [android.content.ContextWrapper][getSharedPreferences] [File][wyzf_config20104806.xml] [MODE][MODE_PRIVATE] [Method][getString] [String][packCode] [Return][31021:465]
D/S4URC   ( 3618): [SDK] [java.io.File] [getPath] [FilePath][String] [/storage/sdcard0]
D/S4URC   ( 3618): [SDK] [android.os.Environment] [getExternalStorageDirectory] [DirectoryPath][String] [/storage/sdcard0]
D/S4URC   ( 3618): [SDK] [java.io.File] [getPath] [FilePath][String] [/storage/sdcard0]
D/S4URC   ( 3618): [SDK] [java.io.File] [getPath] [FilePath][String] [/data/data/uviyju.xlugh.oemwdco.kljln/shared_prefs/wyzf_config20104806.xml]
D/S4URC   ( 3618): [NDK] [SYSCALL] [stat] [PATH][string] [/data/data/uviyju.xlugh.oemwdco.kljln/shared_prefs/wyzf_config20104806.xml]
D/S4URC   ( 3618): [SDK] [android.content.ContextWrapper][getSharedPreferences] [File][wyzf_config20104806.xml] [MODE][MODE_PRIVATE]
D/S4URC   ( 3618): [SDK] [android.content.ContextWrapper][getSharedPreferences] [File][wyzf_config20104806.xml] [MODE][MODE_PRIVATE] [Method][getBoolean] [Boolean][hasCallAPPInit] [Return][true]
D/S4URC   ( 3618): [SDK] [java.lang.Class] [forName] [FindClass][String] [com.wyzf.plugin.pay.WYZFPayPlugin]
D/S4URC   ( 3618): [NDK] [SYSCALL] [lstat] [PATH][string] [/data]
D/S4URC   ( 3618): [NDK] [SYSCALL] [lstat] [PATH][string] [/data/data]
D/S4URC   ( 3618): [NDK] [SYSCALL] [lstat] [PATH][string] [/data/data/uviyju.xlugh.oemwdco.kljln]
D/S4URC   ( 3618): [NDK] [SYSCALL] [lstat] [PATH][string] [/data/data/uviyju.xlugh.oemwdco.kljln/app_Wyzf_plg]
D/S4URC   ( 3618): [NDK] [SYSCALL] [lstat] [PATH][string] [/data/data/uviyju.xlugh.oemwdco.kljln/app_Wyzf_plg/wyzf_plg_5.1.9.jar]
D/S4URC   ( 3618): [NDK] [SYSCALL] [lstat] [PATH][string] [/data]
D/S4URC   ( 3618): [NDK] [SYSCALL] [lstat] [PATH][string] [/data/data]
D/S4URC   ( 3618): [NDK] [SYSCALL] [lstat] [PATH][string] [/data/data/uviyju.xlugh.oemwdco.kljln]
D/S4URC   ( 3618): [NDK] [SYSCALL] [lstat] [PATH][string] [/data/data/uviyju.xlugh.oemwdco.kljln/app_Wyzf_plg]
D/S4URC   ( 3618): [NDK] [SYSCALL] [lstat] [PATH][string] [/data/data/uviyju.xlugh.oemwdco.kljln/app_Wyzf_plg/wyzf_plg_5.1.9.jar]
D/S4URC   ( 3618): [NDK] [SYSCALL] [lstat] [PATH][string] [/data]
D/S4URC   ( 3618): [NDK] [SYSCALL] [lstat] [PATH][string] [/data/data]
D/S4URC   ( 3618): [NDK] [SYSCALL] [lstat] [PATH][string] [/data/data/uviyju.xlugh.oemwdco.kljln]
D/S4URC   ( 3618): [NDK] [SYSCALL] [lstat] [PATH][string] [/data/data/uviyju.xlugh.oemwdco.kljln/app_Wyzf_plg]
D/S4URC   ( 3618): [NDK] [SYSCALL] [lstat] [PATH][string] [/data/data/uviyju.xlugh.oemwdco.kljln/app_Wyzf_plg/wyzf_plg_5.1.9.jar]
D/S4URC   ( 3618): [NDK] [SYSCALL] [lstat] [PATH][string] [/data]
D/S4URC   ( 3618): [NDK] [SYSCALL] [lstat] [PATH][string] [/data/data]
D/S4URC   ( 3618): [NDK] [SYSCALL] [lstat] [PATH][string] [/data/data/uviyju.xlugh.oemwdco.kljln]
D/S4URC   ( 3618): [NDK] [SYSCALL] [lstat] [PATH][string] [/data/data/uviyju.xlugh.oemwdco.kljln/app_Wyzf_plg]
D/S4URC   ( 3618): [NDK] [SYSCALL] [lstat] [PATH][string] [/data/data/uviyju.xlugh.oemwdco.kljln/app_Wyzf_plg/wyzf_plg_5.1.9.jar]
D/S4URC   ( 3618): [NDK] [SYSCALL] [lstat] [PATH][string] [/data]
D/S4URC   ( 3618): [NDK] [SYSCALL] [lstat] [PATH][string] [/data/data]
D/S4URC   ( 3618): [SDK] [java.io.File] [getPath] [FilePath][String] [/data/data/uviyju.xlugh.oemwdco.kljln/shared_prefs/dc.053CE9326103161DC37854ECE8E0DBE2.preferences.xml]
D/S4URC   ( 3618): [NDK] [SYSCALL] [lstat] [PATH][string] [/data/data/uviyju.xlugh.oemwdco.kljln]
D/S4URC   ( 3618): [NDK] [SYSCALL] [lstat] [PATH][string] [/data/data/uviyju.xlugh.oemwdco.kljln/app_Wyzf_plg]
D/S4URC   ( 3618): [NDK] [SYSCALL] [chmod] [PATH][string] [/data/data/uviyju.xlugh.oemwdco.kljln/shared_prefs/dc.053CE9326103161DC37854ECE8E0DBE2.preferences.xml] [MODE][int] [0660]
D/S4URC   ( 3618): [NDK] [SYSCALL] [lstat] [PATH][string] [/data/data/uviyju.xlugh.oemwdco.kljln/app_Wyzf_plg/wyzf_plg_5.1.9.jar]
D/S4URC   ( 3805): [SDK] [java.io.File] [getPath] [FilePath][String] [/data/data/uviyju.xlugh.oemwdco.kljln]
D/S4URC   ( 3618): [NDK] [SYSCALL] [lstat] [PATH][string] [/data]
D/S4URC   ( 3618): [NDK] [SYSCALL] [lstat] [PATH][string] [/data/data]
D/S4URC   ( 3618): [NDK] [SYSCALL] [lstat] [PATH][string] [/data/data/uviyju.xlugh.oemwdco.kljln]
D/S4URC   ( 3618): [NDK] [SYSCALL] [lstat] [PATH][string] [/data/data/uviyju.xlugh.oemwdco.kljln/app_Wyzf_plg]
D/S4URC   ( 3618): [NDK] [SYSCALL] [lstat] [PATH][string] [/data/data/uviyju.xlugh.oemwdco.kljln/app_Wyzf_plg/wyzf_plg_5.1.9.jar]
D/S4URC   ( 3805): [SDK] [java.io.File] [exists] [FilePath][String] [/data/data/uviyju.xlugh.oemwdco.kljln/app_webview]
D/S4URC   ( 3618): [SDK] [java.io.File] [getPath] [FilePath][String] [/data/data/uviyju.xlugh.oemwdco.kljln/shared_prefs/dc.053CE9326103161DC37854ECE8E0DBE2.preferences.xml]
D/S4URC   ( 3618): [NDK] [SYSCALL] [stat] [PATH][string] [/data/data/uviyju.xlugh.oemwdco.kljln/shared_prefs/dc.053CE9326103161DC37854ECE8E0DBE2.preferences.xml]
D/S4URC   ( 3805): [SDK] [java.io.File] [getPath] [FilePath][String] [/data/data/uviyju.xlugh.oemwdco.kljln/app_webview]
D/S4URC   ( 3618): [NDK] [SYSCALL] [lstat] [PATH][string] [/data]
D/S4URC   ( 3618): [NDK] [SYSCALL] [lstat] [PATH][string] [/data/data]
D/S4URC   ( 3618): [NDK] [SYSCALL] [lstat] [PATH][string] [/data/data/uviyju.xlugh.oemwdco.kljln]
D/S4URC   ( 3618): [NDK] [SYSCALL] [lstat] [PATH][string] [/data/data/uviyju.xlugh.oemwdco.kljln/app_Wyzf_plg]
D/S4URC   ( 3618): [NDK] [SYSCALL] [lstat] [PATH][string] [/data/data/uviyju.xlugh.oemwdco.kljln/app_Wyzf_plg/wyzf_plg_5.1.9.jar]
D/S4URC   ( 3618): [SDK] [java.io.File] [delete] [FilePath][String] [/data/data/uviyju.xlugh.oemwdco.kljln/shared_prefs/dc.053CE9326103161DC37854ECE8E0DBE2.preferences.xml.bak]
D/S4URC   ( 3618): [NDK] [SYSCALL] [lstat] [PATH][string] [/data]
D/S4URC   ( 3618): [NDK] [SYSCALL] [lstat] [PATH][string] [/data/data/uviyju.xlugh.oemwdco.kljln/shared_prefs/dc.053CE9326103161DC37854ECE8E0DBE2.preferences.xml.bak]
D/S4URC   ( 3618): [NDK] [SYSCALL] [lstat] [PATH][string] [/data/data]
D/S4URC   ( 3618): [NDK] [SYSCALL] [lstat] [PATH][string] [/data/data/uviyju.xlugh.oemwdco.kljln]
D/S4URC   ( 3618): [NDK] [SYSCALL] [unlink] [PATH][string] [/data/data/uviyju.xlugh.oemwdco.kljln/shared_prefs/dc.053CE9326103161DC37854ECE8E0DBE2.preferences.xml.bak]
D/S4URC   ( 3618): [NDK] [SYSCALL] [lstat] [PATH][string] [/data/data/uviyju.xlugh.oemwdco.kljln/app_Wyzf_plg]
D/S4URC   ( 3618): [NDK] [SYSCALL] [lstat] [PATH][string] [/data/data/uviyju.xlugh.oemwdco.kljln/app_Wyzf_plg/wyzf_plg_5.1.9.jar]
D/S4URC   ( 3618): [NDK] [SYSCALL] [lstat] [PATH][string] [/data]
D/S4URC   ( 3618): [NDK] [SYSCALL] [lstat] [PATH][string] [/data/data]
D/S4URC   ( 3618): [NDK] [SYSCALL] [lstat] [PATH][string] [/data/data/uviyju.xlugh.oemwdco.kljln]
D/S4URC   ( 3618): [NDK] [SYSCALL] [lstat] [PATH][string] [/data/data/uviyju.xlugh.oemwdco.kljln/app_Wyzf_plg]
D/S4URC   ( 3618): [NDK] [SYSCALL] [lstat] [PATH][string] [/data/data/uviyju.xlugh.oemwdco.kljln/app_Wyzf_plg/wyzf_plg_5.1.9.jar]
D/S4URC   ( 3618): [SDK] [android.content.ContextWrapper][getSharedPreferences] [File][wyzf_config20104806.xml] [MODE][MODE_PRIVATE] [Method][commit]
D/S4URC   ( 3618): ]
D/S4URC   ( 3618): [SDK] [java.io.File] [exists] [FilePath][String] [/data/data/uviyju.xlugh.oemwdco.kljln/shared_prefs/dc.053CE9326103161DC37854ECE8E0DBE2.preferences.xml]
D/S4URC   ( 3618): [NDK] [SYSCALL] [access] [PATH][string] [/data/data/uviyju.xlugh.oemwdco.kljln/shared_prefs/dc.053CE9326103161DC37854ECE8E0DBE2.preferences.xml]
D/S4URC   ( 3805): [SDK] [java.lang.Class] [forName] [FindClass][String] [android.os.Message]
D/S4URC   ( 3618): [SDK] [java.io.File] [exists] [FilePath][String] [/data/data/uviyju.xlugh.oemwdco.kljln/shared_prefs/dc.053CE9326103161DC37854ECE8E0DBE2.preferences.xml.bak]
D/S4URC   ( 3618): [NDK] [SYSCALL] [access] [PATH][string] [/data/data/uviyju.xlugh.oemwdco.kljln/shared_prefs/dc.053CE9326103161DC37854ECE8E0DBE2.preferences.xml.bak]
D/S4URC   ( 3618): [SDK] [java.io.File] [renameTo] [FilePath][String] [/data/data/uviyju.xlugh.oemwdco.kljln/shared_prefs/dc.053CE9326103161DC37854ECE8E0DBE2.preferences.xml] [DesFile][/data/data/uviyju.xlugh.oemwdco.kljln/shared_prefs/dc.053CE9326103161DC37854ECE8E0DBE2.preferences.xml.bak]
D/S4URC   ( 3618): [NDK] [SYSCALL] [rename] [ORIG_PATH][string] [/data/data/uviyju.xlugh.oemwdco.kljln/shared_prefs/dc.053CE9326103161DC37854ECE8E0DBE2.preferences.xml] [NEW_PATH][string] [/data/data/uviyju.xlugh.oemwdco.kljln/shared_prefs/dc.053CE9326103161DC37854ECE8E0DBE2.preferences.xml.bak]
D/S4URC   ( 3805): [SDK] [android.content.ContextWrapper] [registerReceiver][IntentFilter][android.intent.action.HEADSET_PLUG,
D/S4URC   ( 3618): [SDK] [java.lang.Class] [forName] [FindClass][String] [android.os.SystemProperties]
D/S4URC   ( 3618): [SDK] [java.io.File] [Constructor] [FilePath][String] [/proc/cpuinfo]
D/S4URC   ( 3618): [SDK] [java.io.File] [getPath] [FilePath][String] [/proc/cpuinfo]
D/S4URC   ( 3618): [NDK] [SYSCALL] [open] [PATH][string] [/proc/cpuinfo] [RETURN][int] [99]
D/S4URC   ( 3618): [SDK] [java.io.File] [getPath] [FilePath][String] [/data/data/uviyju.xlugh.oemwdco.kljln/shared_prefs/dc.053CE9326103161DC37854ECE8E0DBE2.preferences.xml]
D/S4URC   ( 3903): [NDK] [SYSCALL] [getdents] [PATH][string] [.]
D/S4URC   ( 3618): [NDK] [SYSCALL] [open] [PATH][string] [/data/data/uviyju.xlugh.oemwdco.kljln/shared_prefs/dc.053CE9326103161DC37854ECE8E0DBE2.preferences.xml] [RETURN][int] [126]
D/S4URC   ( 3618): [SDK] [java.io.File] [getPath] [FilePath][String] [/data/data/uviyju.xlugh.oemwdco.kljln/shared_prefs]
D/S4URC   ( 3618): [SDK] [java.io.File] [getPath] [FilePath][String] [/data/data/uviyju.xlugh.oemwdco.kljln/shared_prefs/sp_name_configcom.wyzf.plugin.d.h.xml]
D/S4URC   ( 3618): [SDK] [java.io.File] [Constructor] [FilePath][String] [/data/data/uviyju.xlugh.oemwdco.kljln/shared_prefs/sp_name_configcom.wyzf.plugin.d.h.xml.bak]
D/S4URC   ( 3618): [SDK] [java.io.File] [exists] [FilePath][String] [/data/data/uviyju.xlugh.oemwdco.kljln/shared_prefs/sp_name_configcom.wyzf.plugin.d.h.xml]
D/S4URC   ( 3618): [NDK] [SYSCALL] [access] [PATH][string] [/data/data/uviyju.xlugh.oemwdco.kljln/shared_prefs/sp_name_configcom.wyzf.plugin.d.h.xml]
D/S4URC   ( 3618): [SDK] [java.io.File] [exists] [FilePath][String] [/data/data/uviyju.xlugh.oemwdco.kljln/shared_prefs/sp_name_configcom.wyzf.plugin.d.h.xml]
D/S4URC   ( 3618): [NDK] [SYSCALL] [access] [PATH][string] [/data/data/uviyju.xlugh.oemwdco.kljln/shared_prefs/sp_name_configcom.wyzf.plugin.d.h.xml]
D/S4URC   ( 3618): [SDK] [android.content.ContextWrapper][getSharedPreferences] [File][sp_name_configcom.wyzf.plugin.d.h.xml] [MODE][MODE_PRIVATE]
D/S4URC   ( 3618): [SDK] [java.io.File] [exists] [FilePath][String] [/data/data/uviyju.xlugh.oemwdco.kljln/shared_prefs/sp_name_configcom.wyzf.plugin.d.h.xml.bak]
D/S4URC   ( 3618): [NDK] [SYSCALL] [access] [PATH][string] [/data/data/uviyju.xlugh.oemwdco.kljln/shared_prefs/sp_name_configcom.wyzf.plugin.d.h.xml.bak]
D/S4URC   ( 3618): [SDK] [java.io.File] [exists] [FilePath][String] [/data/data/uviyju.xlugh.oemwdco.kljln/shared_prefs/sp_name_configcom.wyzf.plugin.d.h.xml]
D/S4URC   ( 3618): [NDK] [SYSCALL] [access] [PATH][string] [/data/data/uviyju.xlugh.oemwdco.kljln/shared_prefs/sp_name_configcom.wyzf.plugin.d.h.xml]
D/S4URC   ( 3618): [SDK] [java.io.File] [getPath] [FilePath][String] [/data/data/uviyju.xlugh.oemwdco.kljln/shared_prefs/sp_name_configcom.wyzf.plugin.d.h.xml]
D/S4URC   ( 3618): [NDK] [SYSCALL] [stat] [PATH][string] [/data/data/uviyju.xlugh.oemwdco.kljln/shared_prefs/sp_name_configcom.wyzf.plugin.d.h.xml]
D/S4URC   ( 3618): [SDK] [java.io.File] [getPath] [FilePath][String] [/data/data/uviyju.xlugh.oemwdco.kljln/shared_prefs/dc.053CE9326103161DC37854ECE8E0DBE2.preferences.xml]
D/S4URC   ( 3618): [NDK] [SYSCALL] [chmod] [PATH][string] [/data/data/uviyju.xlugh.oemwdco.kljln/shared_prefs/dc.053CE9326103161DC37854ECE8E0DBE2.preferences.xml] [MODE][int] [0660]
D/S4URC   ( 3618): [SDK] [java.io.File] [getPath] [FilePath][String] [/data/data/uviyju.xlugh.oemwdco.kljln/shared_prefs/dc.053CE9326103161DC37854ECE8E0DBE2.preferences.xml]
D/S4URC   ( 3618): [NDK] [SYSCALL] [stat] [PATH][string] [/data/data/uviyju.xlugh.oemwdco.kljln/shared_prefs/dc.053CE9326103161DC37854ECE8E0DBE2.preferences.xml]
D/S4URC   ( 3618): [SDK] [java.io.File] [delete] [FilePath][String] [/data/data/uviyju.xlugh.oemwdco.kljln/shared_prefs/dc.053CE9326103161DC37854ECE8E0DBE2.preferences.xml.bak]
D/S4URC   ( 3618): [NDK] [SYSCALL] [lstat] [PATH][string] [/data/data/uviyju.xlugh.oemwdco.kljln/shared_prefs/dc.053CE9326103161DC37854ECE8E0DBE2.preferences.xml.bak]
D/S4URC   ( 3618): [NDK] [SYSCALL] [unlink] [PATH][string] [/data/data/uviyju.xlugh.oemwdco.kljln/shared_prefs/dc.053CE9326103161DC37854ECE8E0DBE2.preferences.xml.bak]
D/S4URC   ( 3618): [SDK] [java.io.File] [Constructor] [FilePath][String] [/proc/meminfo]
D/S4URC   ( 3618): [SDK] [java.io.File] [getPath] [FilePath][String] [/proc/meminfo]
D/S4URC   ( 3618): [SDK] [android.content.ContextWrapper][getSharedPreferences] [File][sp_name_configcom.wyzf.plugin.d.h.xml] [MODE][MODE_PRIVATE] [Method][commit]
D/S4URC   ( 3618): [NDK] [SYSCALL] [open] [PATH][string] [/proc/meminfo] [RETURN][int] [126]
D/S4URC   ( 3618): ]
D/S4URC   ( 3618): [SDK] [java.io.File] [getPath] [FilePath][String] [/storage/sdcard0]
D/S4URC   ( 3618): [SDK] [java.lang.Class] [forName] [FindClass][String] [com.tendcloud.tenddata.TalkingDataGA]
D/S4URC   ( 3618): [SDK] [java.io.File] [getPath] [FilePath][String] [/storage/sdcard0]
D/S4URC   ( 3618): [SDK] [android.os.Environment] [getExternalStorageDirectory] [DirectoryPath][String] [/storage/sdcard0]
D/S4URC   ( 3618): [SDK] [java.io.File] [getPath] [FilePath][String] [/storage/sdcard0]
D/S4URC   ( 3618): [SDK] [java.lang.Class] [forName] [FindClass][String] [com.umeng.analytics.game.UMGameAgent]
D/S4URC   ( 3618): [SDK] [java.io.File] [getPath] [FilePath][String] [/storage/sdcard0]
D/S4URC   ( 3618): [SDK] [android.os.Environment] [getExternalStorageDirectory] [DirectoryPath][String] [/storage/sdcard0]
D/S4URC   ( 3618): [SDK] [java.io.File] [getPath] [FilePath][String] [/storage/sdcard0]
D/S4URC   ( 3618): [SDK] [android.content.ContextWrapper][getSharedPreferences] [File][sp_name_configcom.wyzf.plugin.d.h.xml] [MODE][MODE_PRIVATE] [Method][putString] [Key][appCode] [Value][20104806]
D/S4URC   ( 3618): [SDK] [java.io.File] [exists] [FilePath][String] [/data/data/uviyju.xlugh.oemwdco.kljln/shared_prefs/sp_name_configcom.wyzf.plugin.d.h.xml]
D/S4URC   ( 3618): [NDK] [SYSCALL] [access] [PATH][string] [/data/data/uviyju.xlugh.oemwdco.kljln/shared_prefs/sp_name_configcom.wyzf.plugin.d.h.xml]
D/S4URC   ( 3618): [SDK] [java.io.File] [getPath] [FilePath][String] [/data/data/uviyju.xlugh.oemwdco.kljln/shared_prefs/sp_name_configcom.wyzf.plugin.d.h.xml]
D/S4URC   ( 3618): [NDK] [SYSCALL] [open] [PATH][string] [/data/data/uviyju.xlugh.oemwdco.kljln/shared_prefs/sp_name_configcom.wyzf.plugin.d.h.xml] [RETURN][int] [126]
D/S4URC   ( 3618): [SDK] [java.lang.Class] [forName] [FindClass][String] [android.telephony.MSimTelephonyManager]
D/S4URC   ( 3618): [SDK] [java.lang.Class] [forName] [FindClass][String] [com.tendcloud.tenddata.TalkingDataGA]
D/S4URC   ( 3618): [SDK] [java.lang.Class] [forName] [FindClass][String] [com.umeng.analytics.game.UMGameAgent]
D/S4URC   ( 3805): [SDK] [android.app.ApplicationPackageManager] [getPackageInfo] [FindPackageName][String] [uviyju.xlugh.oemwdco.kljln]
D/S4URC   ( 3805): [SDK] [android.app.ApplicationPackageManager] [getApplicationInfo] [FindApplicationName][String] [uviyju.xlugh.oemwdco.kljln]
D/S4URC   ( 3618): [SDK] [java.io.File] [getPath] [FilePath][String] [/data/data/uviyju.xlugh.oemwdco.kljln]
D/S4URC   ( 3618): [SDK] [java.io.File] [getPath] [FilePath][String] [/data/data/uviyju.xlugh.oemwdco.kljln/databases]
D/S4URC   ( 3618): [SDK] [java.io.File] [isDirectory] [FilePath][String] [/data/data/uviyju.xlugh.oemwdco.kljln/databases]
D/S4URC   ( 3618): [NDK] [SYSCALL] [stat] [PATH][string] [/data/data/uviyju.xlugh.oemwdco.kljln/databases]
D/S4URC   ( 3618): [SDK] [java.io.File] [mkdir] [FilePath][String] [/data/data/uviyju.xlugh.oemwdco.kljln/databases]
D/S4URC   ( 3618): [NDK] [SYSCALL] [mkdir] [PATH][string] [/data/data/uviyju.xlugh.oemwdco.kljln/databases] [MODE][int] [0700]
D/S4URC   ( 3618): [SDK] [java.lang.Class] [forName] [FindClass][String] [com.android.internal.telephony.Phone]
D/S4URC   ( 3618): [SDK] [java.io.File] [getPath] [FilePath][String] [/data/data/uviyju.xlugh.oemwdco.kljln/shared_prefs/sp_name_configcom.wyzf.plugin.d.h.xml]
D/S4URC   ( 3618): [NDK] [SYSCALL] [chmod] [PATH][string] [/data/data/uviyju.xlugh.oemwdco.kljln/shared_prefs/sp_name_configcom.wyzf.plugin.d.h.xml] [MODE][int] [0660]
D/S4URC   ( 3618): [SDK] [java.lang.Class] [forName] [FindClass][String] [com.android.internal.telephony.Phone]
D/S4URC   ( 3618): [SDK] [java.io.File] [getPath] [FilePath][String] [/data/data/uviyju.xlugh.oemwdco.kljln/shared_prefs/sp_name_configcom.wyzf.plugin.d.h.xml]
D/S4URC   ( 3618): [SDK] [java.io.File] [getPath] [FilePath][String] [/data/data/uviyju.xlugh.oemwdco.kljln/databases]
D/S4URC   ( 3618): [NDK] [SYSCALL] [chmod] [PATH][string] [/data/data/uviyju.xlugh.oemwdco.kljln/databases] [MODE][int] [0771]
D/S4URC   ( 3618): [NDK] [SYSCALL] [stat] [PATH][string] [/data/data/uviyju.xlugh.oemwdco.kljln/shared_prefs/sp_name_configcom.wyzf.plugin.d.h.xml]
D/S4URC   ( 3618): [SDK] [java.io.File] [delete] [FilePath][String] [/data/data/uviyju.xlugh.oemwdco.kljln/shared_prefs/sp_name_configcom.wyzf.plugin.d.h.xml.bak]
D/S4URC   ( 3618): [SDK] [java.io.File] [getPath] [FilePath][String] [/data/data/uviyju.xlugh.oemwdco.kljln/databases/dataeye_database_053CE9326103161DC37854ECE8E0DBE2.db]
D/S4URC   ( 3618): [SDK] [java.lang.Class] [forName] [FindClass][String] [com.android.internal.telephony.PhoneFactory]
D/S4URC   ( 3618): [NDK] [SYSCALL] [lstat] [PATH][string] [/data/data/uviyju.xlugh.oemwdco.kljln/shared_prefs/sp_name_configcom.wyzf.plugin.d.h.xml.bak]
D/S4URC   ( 3618): [SDK] [java.io.File] [getPath] [FilePath][String] [/data/data/uviyju.xlugh.oemwdco.kljln/shared_prefs/sp_name_configcom.wyzf.plugin.d.h.xml]
D/S4URC   ( 3618): [SDK] [android.telephony.TelephonyManager] [getSubscriberId]
D/S4URC   ( 3618): [NDK] [SYSCALL] [stat] [PATH][string] [/data/data/uviyju.xlugh.oemwdco.kljln/shared_prefs/sp_name_configcom.wyzf.plugin.d.h.xml]
D/S4URC   ( 3618): [NDK] [SYSCALL] [stat] [PATH][string] [/data/data/uviyju.xlugh.oemwdco.kljln/databases/dataeye_database_053CE9326103161DC37854ECE8E0DBE2.db]
D/S4URC   ( 3618): [SDK] [android.content.ContextWrapper][getSharedPreferences] [File][sp_name_configcom.wyzf.plugin.d.h.xml] [MODE][MODE_PRIVATE]
D/S4URC   ( 3618): [NDK] [SYSCALL] [open] [PATH][string] [/data/data/uviyju.xlugh.oemwdco.kljln/databases/dataeye_database_053CE9326103161DC37854ECE8E0DBE2.db] [RETURN][int] [126]
D/S4URC   ( 3618): [NDK] [SYSCALL] [stat] [PATH][string] [/data/data/uviyju.xlugh.oemwdco.kljln/databases/dataeye_database_053CE9326103161DC37854ECE8E0DBE2.db]
D/S4URC   ( 3618): [SDK] [android.content.ContextWrapper][getSharedPreferences] [File][sp_name_configcom.wyzf.plugin.d.h.xml] [MODE][MODE_PRIVATE] [Method][putString] [Key][packCode] [Value][31021:465]
D/S4URC   ( 3618): [SDK] [java.io.File] [exists] [FilePath][String] [/data/data/uviyju.xlugh.oemwdco.kljln/shared_prefs/sp_name_configcom.wyzf.plugin.d.h.xml]
D/S4URC   ( 3618): [NDK] [SYSCALL] [access] [PATH][string] [/data/data/uviyju.xlugh.oemwdco.kljln/shared_prefs/sp_name_configcom.wyzf.plugin.d.h.xml]
D/S4URC   ( 3618): [SDK] [java.io.File] [exists] [FilePath][String] [/data/data/uviyju.xlugh.oemwdco.kljln/shared_prefs/sp_name_configcom.wyzf.plugin.d.h.xml.bak]
D/S4URC   ( 3618): [NDK] [SYSCALL] [access] [PATH][string] [/data/data/uviyju.xlugh.oemwdco.kljln/shared_prefs/sp_name_configcom.wyzf.plugin.d.h.xml.bak]
D/S4URC   ( 3618): [NDK] [SYSCALL] [access] [PATH][string] [/data/data/uviyju.xlugh.oemwdco.kljln/databases/dataeye_database_053CE9326103161DC37854ECE8E0DBE2.db-journal]
D/S4URC   ( 3618): [NDK] [SYSCALL] [unlink] [PATH][string] [/data/data/uviyju.xlugh.oemwdco.kljln/databases/dataeye_database_053CE9326103161DC37854ECE8E0DBE2.db-wal]
D/S4URC   ( 3618): [SDK] [java.io.File] [renameTo] [FilePath][String] [/data/data/uviyju.xlugh.oemwdco.kljln/shared_prefs/sp_name_configcom.wyzf.plugin.d.h.xml] [DesFile][/data/data/uviyju.xlugh.oemwdco.kljln/shared_prefs/sp_name_configcom.wyzf.plugin.d.h.xml.bak]
D/S4URC   ( 3618): [NDK] [SYSCALL] [rename] [ORIG_PATH][string] [/data/data/uviyju.xlugh.oemwdco.kljln/shared_prefs/sp_name_configcom.wyzf.plugin.d.h.xml] [NEW_PATH][string] [/data/data/uviyju.xlugh.oemwdco.kljln/shared_prefs/sp_name_configcom.wyzf.plugin.d.h.xml.bak]
D/S4URC   ( 3618): [SDK] [java.io.File] [getPath] [FilePath][String] [/data/data/uviyju.xlugh.oemwdco.kljln/shared_prefs/sp_name_configcom.wyzf.plugin.d.h.xml]
D/S4URC   ( 3618): [NDK] [SYSCALL] [open] [PATH][string] [/data/data/uviyju.xlugh.oemwdco.kljln/shared_prefs/sp_name_configcom.wyzf.plugin.d.h.xml] [RETURN][int] [129]
D/S4URC   ( 3618): [NDK] [SYSCALL] [access] [PATH][string] [/data/data/uviyju.xlugh.oemwdco.kljln/databases/dataeye_database_053CE9326103161DC37854ECE8E0DBE2.db-journal]
D/S4URC   ( 3618): [NDK] [SYSCALL] [unlink] [PATH][string] [/data/data/uviyju.xlugh.oemwdco.kljln/databases/dataeye_database_053CE9326103161DC37854ECE8E0DBE2.db-wal]
D/S4URC   ( 3618): [NDK] [SYSCALL] [stat] [PATH][string] [/data/data/uviyju.xlugh.oemwdco.kljln/databases/dataeye_database_053CE9326103161DC37854ECE8E0DBE2.db]
D/S4URC   ( 3618): [NDK] [SYSCALL] [open] [PATH][string] [/data/data/uviyju.xlugh.oemwdco.kljln/databases/dataeye_database_053CE9326103161DC37854ECE8E0DBE2.db-journal] [RETURN][int] [131]
D/S4URC   ( 3618): [NDK] [SYSCALL] [open] [PATH][string] [/dev/urandom] [RETURN][int] [133]
D/S4URC   ( 3618): [NDK] [SYSCALL] [open] [PATH][string] [/data/data/uviyju.xlugh.oemwdco.kljln/databases] [RETURN][int] [132]
D/S4URC   ( 3618): [SDK] [java.io.File] [getPath] [FilePath][String] [/data/data/uviyju.xlugh.oemwdco.kljln/shared_prefs/sp_name_configcom.wyzf.plugin.d.h.xml]
D/S4URC   ( 3618): [NDK] [SYSCALL] [chmod] [PATH][string] [/data/data/uviyju.xlugh.oemwdco.kljln/shared_prefs/sp_name_configcom.wyzf.plugin.d.h.xml] [MODE][int] [0660]
D/S4URC   ( 3618): [SDK] [java.io.File] [getPath] [FilePath][String] [/data/data/uviyju.xlugh.oemwdco.kljln/shared_prefs/sp_name_configcom.wyzf.plugin.d.h.xml]
D/S4URC   ( 3618): [NDK] [SYSCALL] [stat] [PATH][string] [/data/data/uviyju.xlugh.oemwdco.kljln/shared_prefs/sp_name_configcom.wyzf.plugin.d.h.xml]
D/S4URC   ( 3618): [SDK] [java.io.File] [delete] [FilePath][String] [/data/data/uviyju.xlugh.oemwdco.kljln/shared_prefs/sp_name_configcom.wyzf.plugin.d.h.xml.bak]
D/S4URC   ( 3618): [NDK] [SYSCALL] [lstat] [PATH][string] [/data/data/uviyju.xlugh.oemwdco.kljln/shared_prefs/sp_name_configcom.wyzf.plugin.d.h.xml.bak]
D/S4URC   ( 3618): [NDK] [SYSCALL] [unlink] [PATH][string] [/data/data/uviyju.xlugh.oemwdco.kljln/shared_prefs/sp_name_configcom.wyzf.plugin.d.h.xml.bak]
D/S4URC   ( 3618): [SDK] [android.content.ContextWrapper][getSharedPreferences] [File][sp_name_configcom.wyzf.plugin.d.h.xml] [MODE][MODE_PRIVATE] [Method][commit]
D/S4URC   ( 3618): [SDK] [java.lang.Class] [forName] [FindClass][String] [android.os.SystemProperties]
D/S4URC   ( 3618): [SDK] [java.io.File] [getPath] [FilePath][String] [/data/data/uviyju.xlugh.oemwdco.kljln/shared_prefs/wyzf_config20104806.xml]
D/S4URC   ( 3618): [NDK] [SYSCALL] [stat] [PATH][string] [/data/data/uviyju.xlugh.oemwdco.kljln/shared_prefs/wyzf_config20104806.xml]
D/S4URC   ( 3618): [SDK] [java.io.File] [Constructor] [FilePath][String] [/proc/cpuinfo]
D/S4URC   ( 3618): [SDK] [java.io.File] [getPath] [FilePath][String] [/proc/cpuinfo]
D/S4URC   ( 3618): [SDK] [android.content.ContextWrapper][getSharedPreferences] [File][wyzf_config20104806.xml] [MODE][MODE_PRIVATE]
D/S4URC   ( 3618): [NDK] [SYSCALL] [open] [PATH][string] [/proc/cpuinfo] [RETURN][int] [98]
