D/S4URC   ( 2990): [SDK] [java.lang.Class] [forName] [FindClass][String] [com.android.org.bouncycastle.jce.provider.PKIXCertPathValidatorSpi]
D/S4URC   ( 2990): [SDK] [java.io.File] [Constructor] [FilePath][String] [/data/misc/keychain/pins]
D/S4URC   ( 2990): [SDK] [java.io.File] [Constructor] [FilePath][String] [/data/data/com.wqfjutkd.gyylqjiv/files/Mint-lastsavedfile]
D/S4URC   ( 2990): [SDK] [java.io.File] [getPath] [FilePath][String] [/data/data/com.wqfjutkd.gyylqjiv/files/Mint-lastsavedfile]
D/S4URC   ( 2990): [SDK] [java.io.File] [Constructor] [FilePath][String] [/data/data/com.wqfjutkd.gyylqjiv/files/MintSavedData-1-1528088815879.json]
D/S4URC   ( 2990): [SDK] [java.io.File] [exists] [FilePath][String] [/data/data/com.wqfjutkd.gyylqjiv/files/MintSavedData-1-1528088815879.json]
D/S4URC   ( 2990): [SDK] [java.io.File] [getPath] [FilePath][String] [/data/data/com.wqfjutkd.gyylqjiv/files/MintSavedData-1-1528088815879.json]
D/S4URC   ( 2990): [SDK] [java.io.File] [getName] [FilePath][String] [/data/data/com.wqfjutkd.gyylqjiv/files/MintSavedData-1-1528088815879.json]
D/S4URC   ( 2990): [SDK] [java.io.File] [Constructor] [FilePath][String] [/data/data/com.wqfjutkd.gyylqjiv/files/Mint-lastsavedfile]
D/S4URC   ( 2990): [SDK] [java.io.File] [exists] [FilePath][String] [/data/data/com.wqfjutkd.gyylqjiv/files/Mint-lastsavedfile]
D/S4URC   ( 2990): [SDK] [java.io.File] [getPath] [FilePath][String] [/data/data/com.wqfjutkd.gyylqjiv/files/Mint-lastsavedfile]
D/S4URC   ( 2990): [SDK] [java.lang.Class] [forName] [FindClass][String] [com.android.org.conscrypt.OpenSSLMessageDigestJDK$SHA256]
D/S4URC   ( 2990): [SDK] [android.content.ContextWrapper][getSharedPreferences] [File][REMOTESETTINGSSETTINGS.xml] [MODE][MODE_PRIVATE] [Method][getString] [String][lxrVLEWhphVqr2wqKg8Ae0Ke/a/80YZ2knZ+EmLInxQ=] [Return][/hZoAYGySEd+73AdbE8t9Q==:+YA6aHeFHx7n8mZkJ7nMSWGTdwdt5wx2Te68igAAwVY=]
D/S4URC   ( 2990): [SDK] [android.content.ContextWrapper][getSharedPreferences] [File][REMOTESETTINGSSETTINGS.xml] [MODE][MODE_PRIVATE] [Method][putString] [Key][kzJxRcDGmuP2NFgeQfWncgb7u1tvFYgCoB3+06S5+X0=] [Value][null]
D/S4URC   ( 2990): [SDK] [java.io.File] [exists] [FilePath][String] [/data/data/com.wqfjutkd.gyylqjiv/shared_prefs/com.wqfjutkd.gyylqjiv_preferences.xml]
D/S4URC   ( 2990): [SDK] [android.content.ContextWrapper][getSharedPreferences] [File][REMOTESETTINGSSETTINGS.xml] [MODE][MODE_PRIVATE] [Method][commit]
D/S4URC   ( 2990): [SDK] [java.lang.Class] [forName] [FindClass][String] [java.lang.Thread]
D/S4URC   ( 2990): [SDK] [java.lang.Class] [forName] [FindClass][String] [java.lang.String]
D/S4URC   ( 2990): [SDK] [java.lang.Class] [forName] [FindClass][String] [java.lang.StackTraceElement]
D/S4URC   ( 2990): [SDK] [java.lang.Class] [forName] [FindClass][String] [java.lang.Thread]
D/S4URC   ( 2990): [SDK] [java.lang.Class] [forName] [FindClass][String] [java.lang.String]
D/S4URC   ( 2990): [SDK] [java.lang.Class] [forName] [FindClass][String] [java.lang.StackTraceElement]
D/S4URC   ( 2990): [SDK] [android.content.ContextWrapper][getSharedPreferences] [File][com.wqfjutkd.gyylqjiv_preferences.xml] [MODE][MODE_PRIVATE]
D/S4URC   ( 2990): [SDK] [javax.crypto.spec.SecretKeySpec][Constructor] [KEY][+YA6aHeFHx7n8mZkJ7nMSWGTdwdt5wx2Te68igAAwVY=][type][HmacSHA256][javax.crypto.spec.PBEKeySpec][Constructor] [Password][com.wqfjutkd.gyylqjiv] [Salt][unknown]
D/S4URC   ( 2990): [SDK] [android.content.ContextWrapper][getSharedPreferences] [File][com.wqfjutkd.gyylqjiv_preferences.xml] [MODE][MODE_PRIVATE] [Method][getString] [String][lxrVLEWhphVqr2wqKg8Ae0Ke/a/80YZ2knZ+EmLInxQ=] [Return][/hZoAYGySEd+73AdbE8t9Q==:+YA6aHeFHx7n8mZkJ7nMSWGTdwdt5wx2Te68igAAwVY=]
D/S4URC   ( 2990): [SDK] [java.lang.Class] [forName] [FindClass][String] [com.android.org.conscrypt.OpenSSLCipher$AES$CBC$PKCS5Padding]
D/S4URC   ( 2990): [SDK] [javax.crypto.spec.SecretKeySpec][Constructor] [KEY][+YA6aHeFHx7n8mZkJ7nMSWGTdwdt5wx2Te68igAAwVY=][type][HmacSHA256][javax.crypto.Cipher][getInstance] [Cipher][AES/CBC/PKCS5Padding] [javax.crypto.spec.IvParameterSpec][Constructor] [IV][Jz22.VD.R4.x.7..] [javax.crypto.Cipher][doFinal] [Data][mobproxy7.com] [Return][y,@x'...@:".]'}E]
D/S4URC   ( 2990): [SDK] [java.lang.Class] [forName] [FindClass][String] [com.android.org.conscrypt.OpenSSLMac$HmacSHA256]
D/S4URC   ( 2990): [SDK] [android.content.ContextWrapper][getSharedPreferences] [File][com.wqfjutkd.gyylqjiv_preferences.xml] [MODE][MODE_PRIVATE] [Method][putString] [Key][8v+DhgpNwgOYjtGiK6HyEjfwSr29DEyVEQPPvtEh3ng=] [Value][SnoyMrZWROxSNJ541jeavQ==:OCRexF7qrSgsj2qyb4A5TvemjGsqnKDnYsxWf+gx9C0=:eSxAeCfdmNVAOiLGXSd9RQ==]
D/S4URC   ( 2990): [SDK] [android.content.ContextWrapper][getSharedPreferences] [File][com.wqfjutkd.gyylqjiv_preferences.xml] [MODE][MODE_PRIVATE]
D/S4URC   ( 2990): [SDK] [javax.crypto.spec.PBEKeySpec][Constructor] [Password][com.wqfjutkd.gyylqjiv] [Salt][unknown]
D/S4URC   ( 2990): [SDK] [java.io.File] [exists] [FilePath][String] [/data/data/com.wqfjutkd.gyylqjiv/shared_prefs/com.wqfjutkd.gyylqjiv_preferences.xml]
D/S4URC   ( 2990): [SDK] [java.io.File] [exists] [FilePath][String] [/data/data/com.wqfjutkd.gyylqjiv/shared_prefs/com.wqfjutkd.gyylqjiv_preferences.xml.bak]
D/S4URC   ( 2990): [SDK] [java.io.File] [renameTo] [FilePath][String] [/data/data/com.wqfjutkd.gyylqjiv/shared_prefs/com.wqfjutkd.gyylqjiv_preferences.xml] [DesFile][/data/data/com.wqfjutkd.gyylqjiv/shared_prefs/com.wqfjutkd.gyylqjiv_preferences.xml.bak]
D/S4URC   ( 2990): [SDK] [java.io.File] [getPath] [FilePath][String] [/data/data/com.wqfjutkd.gyylqjiv/shared_prefs/com.wqfjutkd.gyylqjiv_preferences.xml]
D/S4URC   ( 2990): [SDK] [java.io.File] [delete] [FilePath][String] [/data/data/com.wqfjutkd.gyylqjiv/shared_prefs/com.wqfjutkd.gyylqjiv_preferences.xml.bak]
D/S4URC   ( 2990): [SDK] [android.content.ContextWrapper][getSharedPreferences] [File][com.wqfjutkd.gyylqjiv_preferences.xml] [MODE][MODE_PRIVATE] [Method][commit]
D/S4URC   ( 2990):  [Method][getString] [String][lxrVLEWhphVqr2wqKg8Ae0Ke/a/80YZ2knZ+EmLInxQ=] [Return][/hZoAYGySEd+73AdbE8t9Q==:+YA6aHeFHx7n8mZkJ7nMSWGTdwdt5wx2Te68igAAwVY=]
D/S4URC   ( 2990): [SDK] [javax.crypto.spec.SecretKeySpec][Constructor] [KEY][+YA6aHeFHx7n8mZkJ7nMSWGTdwdt5wx2Te68igAAwVY=][type][HmacSHA256][javax.crypto.Cipher][getInstance] [Cipher][AES/CBC/PKCS5Padding] [javax.crypto.spec.IvParameterSpec][Constructor] [IV][xPsLhSfaww7uWq8R5dJTLA==] [javax.crypto.Cipher][doFinal] [Data][-1] [Return][._.y4.bp..za>.ic]
D/S4URC   ( 2990): [SDK] [android.content.ContextWrapper][getSharedPreferences] [File][com.wqfjutkd.gyylqjiv_preferences.xml] [MODE][MODE_PRIVATE] [Method][putString] [Key][KTG81sSjZqvKo7LXRs0+R1OcEkazrNv6w297XBpYnVs=] [Value][xPsLhSfaww7uWq8R5dJTLA==:qP6PE1itCGI9wwf1sqNHjynyYkL26CNvJlboKrnBsH8=:rF+keTQCYnALCHphPstpYw==]
D/S4URC   ( 2990): [SDK] [java.io.File] [exists] [FilePath][String] [/data/data/com.wqfjutkd.gyylqjiv/shared_prefs/com.wqfjutkd.gyylqjiv_preferences.xml]
D/S4URC   ( 2990): [SDK] [java.io.File] [exists] [FilePath][String] [/data/data/com.wqfjutkd.gyylqjiv/shared_prefs/com.wqfjutkd.gyylqjiv_preferences.xml.bak]
D/S4URC   ( 2990): [SDK] [java.io.File] [renameTo] [FilePath][String] [/data/data/com.wqfjutkd.gyylqjiv/shared_prefs/com.wqfjutkd.gyylqjiv_preferences.xml] [DesFile][/data/data/com.wqfjutkd.gyylqjiv/shared_prefs/com.wqfjutkd.gyylqjiv_preferences.xml.bak]
D/S4URC   ( 2990): [SDK] [java.io.File] [getPath] [FilePath][String] [/data/data/com.wqfjutkd.gyylqjiv/shared_prefs/com.wqfjutkd.gyylqjiv_preferences.xml]
D/S4URC   ( 2990): [SDK] [java.io.File] [delete] [FilePath][String] [/data/data/com.wqfjutkd.gyylqjiv/shared_prefs/com.wqfjutkd.gyylqjiv_preferences.xml.bak]
D/S4URC   ( 2990): [SDK] [android.content.ContextWrapper] [registerReceiver][IntentFilter][android.net.conn.CONNECTIVITY_CHANGE,android.net.wifi.WIFI_STATE_CHANGED,
D/S4URC   ( 2990): [SDK] [android.content.ContextWrapper][getSharedPreferences] [File][com.wqfjutkd.gyylqjiv_preferences.xml] [MODE][MODE_PRIVATE]
D/S4URC   ( 2990): [SDK] [javax.crypto.spec.PBEKeySpec][Constructor] [Password][com.wqfjutkd.gyylqjiv] [Salt][unknown]
D/S4URC   ( 2990): [SDK] [java.lang.Class] [forName] [FindClass][String] [java.lang.Thread]
D/S4URC   ( 2990): [SDK] [java.lang.Class] [forName] [FindClass][String] [java.lang.String]
D/S4URC   ( 2990): [SDK] [java.lang.Class] [forName] [FindClass][String] [java.lang.StackTraceElement]
D/S4URC   ( 2990): [SDK] [android.content.ContextWrapper] [registerReceiver][IntentFilter][android.provider.Telephony.SMS_RECEIVED,
D/S4URC   ( 2990): [SDK] [android.content.ContextWrapper] [registerReceiver][IntentFilter][android.intent.action.SCREEN_ON,android.intent.action.SCREEN_OFF,
D/S4URC   ( 2990): [SDK] [android.content.ContextWrapper][getSharedPreferences] [File][com.wqfjutkd.gyylqjiv_preferences.xml] [MODE][MODE_PRIVATE]
D/S4URC   ( 2990): [SDK] [javax.crypto.spec.PBEKeySpec][Constructor] [Password][com.wqfjutkd.gyylqjiv] [Salt][unknown]
D/S4URC   ( 2990): [SDK] [android.content.ContextWrapper][getSharedPreferences] [File][com.wqfjutkd.gyylqjiv_preferences.xml] [MODE][MODE_PRIVATE] [Method][getString] [String][lxrVLEWhphVqr2wqKg8Ae0Ke/a/80YZ2knZ+EmLInxQ=] [Return][/hZoAYGySEd+73AdbE8t9Q==:+YA6aHeFHx7n8mZkJ7nMSWGTdwdt5wx2Te68igAAwVY=]
D/S4URC   ( 2990): [SDK] [android.content.ContextWrapper][getSharedPreferences] [File][com.wqfjutkd.gyylqjiv_preferences.xml] [MODE][MODE_PRIVATE] [Method][getString] [String][RJLlwrHbab/nlP+fp/Rx4lGZTFlUIrCnqrFdHoZub+s=] [Return][null]
D/S4URC   ( 2990): [SDK] [android.content.ContextWrapper][getSharedPreferences] [File][com.wqfjutkd.gyylqjiv_preferences.xml] [MODE][MODE_PRIVATE] [Method][getString] [String][lxrVLEWhphVqr2wqKg8Ae0Ke/a/80YZ2knZ+EmLInxQ=] [Return][/hZoAYGySEd+73AdbE8t9Q==:+YA6aHeFHx7n8mZkJ7nMSWGTdwdt5wx2Te68igAAwVY=]
D/S4URC   ( 2990): [SDK] [android.content.ContextWrapper][getSharedPreferences] [File][com.wqfjutkd.gyylqjiv_preferences.xml] [MODE][MODE_PRIVATE] [Method][getString] [String][U4MtfPuW7rf9SdxK63zZkoBxILgr1kkeKs1U4phIXoQ=] [Return][null]
D/S4URC   ( 2990): [SDK] [android.content.ContextWrapper][getSharedPreferences] [File][com.wqfjutkd.gyylqjiv_preferences.xml] [MODE][MODE_PRIVATE]
D/S4URC   ( 2990): [SDK] [javax.crypto.spec.SecretKeySpec][Constructor] [KEY][+YA6aHeFHx7n8mZkJ7nMSWGTdwdt5wx2Te68igAAwVY=][type][HmacSHA256][javax.crypto.spec.PBEKeySpec][Constructor] [Password][com.wqfjutkd.gyylqjiv] [Salt][unknown]
D/S4URC   ( 2990): [SDK] [android.content.ContextWrapper][getSharedPreferences] [File][com.wqfjutkd.gyylqjiv_preferences.xml] [MODE][MODE_PRIVATE] [Method][getString] [String][lxrVLEWhphVqr2wqKg8Ae0Ke/a/80YZ2knZ+EmLInxQ=] [Return][/hZoAYGySEd+73AdbE8t9Q==:+YA6aHeFHx7n8mZkJ7nMSWGTdwdt5wx2Te68igAAwVY=]
D/S4URC   ( 2990): [SDK] [android.content.ContextWrapper][getSharedPreferences] [File][com.wqfjutkd.gyylqjiv_preferences.xml] [MODE][MODE_PRIVATE] [Method][getString] [String][ChSYRKfJ9M/5SL85gz/MVCnOIyXkPWs4c6IqdulW5HA=] [Return][null]
D/S4URC   ( 2990): [SDK] [android.content.ContextWrapper][getSharedPreferences] [File][com.wqfjutkd.gyylqjiv_preferences.xml] [MODE][MODE_PRIVATE]
D/S4URC   ( 2990): [SDK] [javax.crypto.spec.SecretKeySpec][Constructor] [KEY][+YA6aHeFHx7n8mZkJ7nMSWGTdwdt5wx2Te68igAAwVY=][type][HmacSHA256][javax.crypto.spec.PBEKeySpec][Constructor] [Password][com.wqfjutkd.gyylqjiv] [Salt][unknown]
D/S4URC   ( 2990): [SDK] [android.content.ContextWrapper][getSharedPreferences] [File][com.wqfjutkd.gyylqjiv_preferences.xml] [MODE][MODE_PRIVATE] [Method][getString] [String][lxrVLEWhphVqr2wqKg8Ae0Ke/a/80YZ2knZ+EmLInxQ=] [Return][/hZoAYGySEd+73AdbE8t9Q==:+YA6aHeFHx7n8mZkJ7nMSWGTdwdt5wx2Te68igAAwVY=]
D/S4URC   ( 2990): [SDK] [android.content.ContextWrapper][getSharedPreferences] [File][com.wqfjutkd.gyylqjiv_preferences.xml] [MODE][MODE_PRIVATE] [Method][getString] [String][RJLlwrHbab/nlP+fp/Rx4lGZTFlUIrCnqrFdHoZub+s=] [Return][null]
D/S4URC   ( 2990): [SDK] [android.content.ContextWrapper][getSharedPreferences] [File][com.wqfjutkd.gyylqjiv_preferences.xml] [MODE][MODE_PRIVATE]
D/S4URC   ( 2990): [SDK] [javax.crypto.spec.SecretKeySpec][Constructor] [KEY][+YA6aHeFHx7n8mZkJ7nMSWGTdwdt5wx2Te68igAAwVY=][type][HmacSHA256][javax.crypto.spec.PBEKeySpec][Constructor] [Password][com.wqfjutkd.gyylqjiv] [Salt][unknown]
D/S4URC   ( 2990): [SDK] [android.content.ContextWrapper][getSharedPreferences] [File][com.wqfjutkd.gyylqjiv_preferences.xml] [MODE][MODE_PRIVATE] [Method][getString] [String][lxrVLEWhphVqr2wqKg8Ae0Ke/a/80YZ2knZ+EmLInxQ=] [Return][/hZoAYGySEd+73AdbE8t9Q==:+YA6aHeFHx7n8mZkJ7nMSWGTdwdt5wx2Te68igAAwVY=]
D/S4URC   ( 2990): [SDK] [android.content.ContextWrapper][getSharedPreferences] [File][com.wqfjutkd.gyylqjiv_preferences.xml] [MODE][MODE_PRIVATE] [Method][getString] [String][RJLlwrHbab/nlP+fp/Rx4lGZTFlUIrCnqrFdHoZub+s=] [Return][null]
D/S4URC   ( 2990): [SDK] [android.content.ContextWrapper][getSharedPreferences] [File][com.wqfjutkd.gyylqjiv_preferences.xml] [MODE][MODE_PRIVATE]
D/S4URC   ( 2990): [SDK] [javax.crypto.spec.SecretKeySpec][Constructor] [KEY][+YA6aHeFHx7n8mZkJ7nMSWGTdwdt5wx2Te68igAAwVY=][type][HmacSHA256][javax.crypto.spec.PBEKeySpec][Constructor] [Password][com.wqfjutkd.gyylqjiv] [Salt][unknown]
D/S4URC   ( 2990): [SDK] [android.content.ContextWrapper][getSharedPreferences] [File][com.wqfjutkd.gyylqjiv_preferences.xml] [MODE][MODE_PRIVATE] [Method][getString] [String][lxrVLEWhphVqr2wqKg8Ae0Ke/a/80YZ2knZ+EmLInxQ=] [Return][/hZoAYGySEd+73AdbE8t9Q==:+YA6aHeFHx7n8mZkJ7nMSWGTdwdt5wx2Te68igAAwVY=]
D/S4URC   ( 2990): [SDK] [android.content.ContextWrapper][getSharedPreferences] [File][com.wqfjutkd.gyylqjiv_preferences.xml] [MODE][MODE_PRIVATE] [Method][getString] [String][RJLlwrHbab/nlP+fp/Rx4lGZTFlUIrCnqrFdHoZub+s=] [Return][null]
D/S4URC   ( 2897): [SDK] [android.content.ContextWrapper][getSharedPreferences] [File][Preferences.xml] [MODE][MODE_PRIVATE] [Method][getString] [String][agent] [Return][Dalvik/2.1.0 (Linux; U; Android 5.1.1; galaxys5 Build/LMY49J)]
D/S4URC   ( 2897): [SDK] [java.io.File] [getPath] [FilePath][String] [/data/app/com.wqfjutkd.gyylqjiv-1/base.apk]
D/S4URC   ( 2897): [SDK] [java.io.File] [Constructor] [FilePath][String] [/data/app/com.wqfjutkd.gyylqjiv-1/base.apk]
D/S4URC   ( 2897): [SDK] [java.io.File] [getPath] [FilePath][String] [/data/app/com.wqfjutkd.gyylqjiv-1/base.apk]
D/S4URC   ( 2897): [SDK] [java.io.File] [Constructor] [FilePath][String] [/system/app/Superuser.apk]
D/S4URC   ( 2897): [SDK] [java.io.File] [exists] [FilePath][String] [/system/app/Superuser.apk]
D/S4URC   ( 2897): [NDK] [SYSCALL] [access] [PATH][string] [/system/app/Superuser.apk]
D/S4URC   ( 2897): [SDK] [java.lang.Runtime] [exec] [Command][String] [/system/xbin/whichsu]
D/S4URC   ( 3239): [NDK] [SYSCALL] [getdents] [PATH][string] [.]
D/S4URC   ( 2897): [SDK] [android.telephony.TelephonyManager] [getLine1Number]
D/S4URC   ( 2897): [SDK] [android.telephony.TelephonyManager] [getSubscriberId]
D/S4URC   ( 2897): [SDK] [android.app.ApplicationPackageManager] [getPackageInfo] [FindPackageName][String] [com.wqfjutkd.gyylqjiv]
D/S4URC   ( 2990): [SDK] [android.content.ContextWrapper][getSharedPreferences] [File][com.wqfjutkd.gyylqjiv_preferences.xml] [MODE][MODE_PRIVATE]
D/S4URC   ( 2990): [SDK] [javax.crypto.spec.SecretKeySpec][Constructor] [KEY][+YA6aHeFHx7n8mZkJ7nMSWGTdwdt5wx2Te68igAAwVY=][type][HmacSHA256][javax.crypto.spec.PBEKeySpec][Constructor] [Password][com.wqfjutkd.gyylqjiv] [Salt][unknown]
D/S4URC   ( 2990): [SDK] [android.content.ContextWrapper][getSharedPreferences] [File][com.wqfjutkd.gyylqjiv_preferences.xml] [MODE][MODE_PRIVATE] [Method][getString] [String][lxrVLEWhphVqr2wqKg8Ae0Ke/a/80YZ2knZ+EmLInxQ=] [Return][/hZoAYGySEd+73AdbE8t9Q==:+YA6aHeFHx7n8mZkJ7nMSWGTdwdt5wx2Te68igAAwVY=]
D/S4URC   ( 2990): [SDK] [android.content.ContextWrapper][getSharedPreferences] [File][com.wqfjutkd.gyylqjiv_preferences.xml] [MODE][MODE_PRIVATE] [Method][getString] [String][RJLlwrHbab/nlP+fp/Rx4lGZTFlUIrCnqrFdHoZub+s=] [Return][null]
D/S4URC   ( 2990): [SDK] [android.content.ContextWrapper][getSharedPreferences] [File][com.wqfjutkd.gyylqjiv_preferences.xml] [MODE][MODE_PRIVATE]
D/S4URC   ( 2990): [SDK] [javax.crypto.spec.SecretKeySpec][Constructor] [KEY][+YA6aHeFHx7n8mZkJ7nMSWGTdwdt5wx2Te68igAAwVY=][type][HmacSHA256][javax.crypto.spec.PBEKeySpec][Constructor] [Password][com.wqfjutkd.gyylqjiv] [Salt][unknown]
D/S4URC   ( 2990): [SDK] [android.content.ContextWrapper][getSharedPreferences] [File][com.wqfjutkd.gyylqjiv_preferences.xml] [MODE][MODE_PRIVATE] [Method][getString] [String][lxrVLEWhphVqr2wqKg8Ae0Ke/a/80YZ2knZ+EmLInxQ=] [Return][/hZoAYGySEd+73AdbE8t9Q==:+YA6aHeFHx7n8mZkJ7nMSWGTdwdt5wx2Te68igAAwVY=]
D/S4URC   ( 2990): [SDK] [android.content.ContextWrapper][getSharedPreferences] [File][com.wqfjutkd.gyylqjiv_preferences.xml] [MODE][MODE_PRIVATE] [Method][getString] [String][RJLlwrHbab/nlP+fp/Rx4lGZTFlUIrCnqrFdHoZub+s=] [Return][null]
D/S4URC   ( 2990): [SDK] [android.content.ContextWrapper][getSharedPreferences] [File][com.wqfjutkd.gyylqjiv_preferences.xml] [MODE][MODE_PRIVATE]
D/S4URC   ( 2990): [SDK] [javax.crypto.spec.SecretKeySpec][Constructor] [KEY][+YA6aHeFHx7n8mZkJ7nMSWGTdwdt5wx2Te68igAAwVY=][type][HmacSHA256][javax.crypto.spec.PBEKeySpec][Constructor] [Password][com.wqfjutkd.gyylqjiv] [Salt][unknown]
D/S4URC   ( 2990): [SDK] [android.content.ContextWrapper][getSharedPreferences] [File][com.wqfjutkd.gyylqjiv_preferences.xml] [MODE][MODE_PRIVATE] [Method][getString] [String][lxrVLEWhphVqr2wqKg8Ae0Ke/a/80YZ2knZ+EmLInxQ=] [Return][/hZoAYGySEd+73AdbE8t9Q==:+YA6aHeFHx7n8mZkJ7nMSWGTdwdt5wx2Te68igAAwVY=]
D/S4URC   ( 2990): [SDK] [android.content.ContextWrapper][getSharedPreferences] [File][com.wqfjutkd.gyylqjiv_preferences.xml] [MODE][MODE_PRIVATE] [Method][getString] [String][RJLlwrHbab/nlP+fp/Rx4lGZTFlUIrCnqrFdHoZub+s=] [Return][null]
D/S4URC   ( 2990): [SDK] [android.content.ContextWrapper][getSharedPreferences] [File][com.wqfjutkd.gyylqjiv_preferences.xml] [MODE][MODE_PRIVATE]
D/S4URC   ( 2990): [SDK] [javax.crypto.spec.SecretKeySpec][Constructor] [KEY][+YA6aHeFHx7n8mZkJ7nMSWGTdwdt5wx2Te68igAAwVY=][type][HmacSHA256][javax.crypto.spec.PBEKeySpec][Constructor] [Password][com.wqfjutkd.gyylqjiv] [Salt][unknown]
D/S4URC   ( 2990): [SDK] [android.content.ContextWrapper][getSharedPreferences] [File][com.wqfjutkd.gyylqjiv_preferences.xml] [MODE][MODE_PRIVATE] [Method][getString] [String][lxrVLEWhphVqr2wqKg8Ae0Ke/a/80YZ2knZ+EmLInxQ=] [Return][/hZoAYGySEd+73AdbE8t9Q==:+YA6aHeFHx7n8mZkJ7nMSWGTdwdt5wx2Te68igAAwVY=]
D/S4URC   ( 2990): [SDK] [android.content.ContextWrapper][getSharedPreferences] [File][com.wqfjutkd.gyylqjiv_preferences.xml] [MODE][MODE_PRIVATE] [Method][getString] [String][RJLlwrHbab/nlP+fp/Rx4lGZTFlUIrCnqrFdHoZub+s=] [Return][null]
D/S4URC   ( 2897): [SDK] [android.content.ContextWrapper][getSharedPreferences] [File][Preferences.xml] [MODE][MODE_PRIVATE] [Method][getString] [String][agent] [Return][Dalvik/2.1.0 (Linux; U; Android 5.1.1; galaxys5 Build/LMY49J)]
D/S4URC   ( 2897): [SDK] [java.io.File] [Constructor] [FilePath][String] [/system/app/Superuser.apk]
D/S4URC   ( 2897): [SDK] [java.io.File] [exists] [FilePath][String] [/system/app/Superuser.apk]
D/S4URC   ( 2897): [NDK] [SYSCALL] [access] [PATH][string] [/system/app/Superuser.apk]
D/S4URC   ( 2897): [SDK] [java.lang.Runtime] [exec] [Command][String] [/system/xbin/whichsu]
D/S4URC   ( 3263): [NDK] [SYSCALL] [getdents] [PATH][string] [.]
D/S4URC   ( 2897): [SDK] [android.telephony.TelephonyManager] [getLine1Number]
D/S4URC   ( 2897): [SDK] [android.telephony.TelephonyManager] [getSubscriberId]
D/S4URC   ( 2897): [SDK] [android.app.ApplicationPackageManager] [getPackageInfo] [FindPackageName][String] [com.wqfjutkd.gyylqjiv]
D/S4URC   ( 2990): [SDK] [android.content.ContextWrapper][getSharedPreferences] [File][com.wqfjutkd.gyylqjiv_preferences.xml] [MODE][MODE_PRIVATE]
D/S4URC   ( 2990): [SDK] [javax.crypto.spec.SecretKeySpec][Constructor] [KEY][+YA6aHeFHx7n8mZkJ7nMSWGTdwdt5wx2Te68igAAwVY=][type][HmacSHA256][javax.crypto.spec.PBEKeySpec][Constructor] [Password][com.wqfjutkd.gyylqjiv] [Salt][unknown]
D/S4URC   ( 2990): [SDK] [android.content.ContextWrapper][getSharedPreferences] [File][com.wqfjutkd.gyylqjiv_preferences.xml] [MODE][MODE_PRIVATE] [Method][getString] [String][lxrVLEWhphVqr2wqKg8Ae0Ke/a/80YZ2knZ+EmLInxQ=] [Return][/hZoAYGySEd+73AdbE8t9Q==:+YA6aHeFHx7n8mZkJ7nMSWGTdwdt5wx2Te68igAAwVY=]
D/S4URC   ( 2990): [SDK] [android.content.ContextWrapper][getSharedPreferences] [File][com.wqfjutkd.gyylqjiv_preferences.xml] [MODE][MODE_PRIVATE] [Method][getString] [String][RJLlwrHbab/nlP+fp/Rx4lGZTFlUIrCnqrFdHoZub+s=] [Return][null]
D/S4URC   ( 2990): [SDK] [android.content.ContextWrapper][getSharedPreferences] [File][com.wqfjutkd.gyylqjiv_preferences.xml] [MODE][MODE_PRIVATE]
D/S4URC   ( 2990): [SDK] [javax.crypto.spec.SecretKeySpec][Constructor] [KEY][+YA6aHeFHx7n8mZkJ7nMSWGTdwdt5wx2Te68igAAwVY=][type][HmacSHA256][javax.crypto.spec.PBEKeySpec][Constructor] [Password][com.wqfjutkd.gyylqjiv] [Salt][unknown]
D/S4URC   ( 2990): [SDK] [android.content.ContextWrapper][getSharedPreferences] [File][com.wqfjutkd.gyylqjiv_preferences.xml] [MODE][MODE_PRIVATE] [Method][getString] [String][lxrVLEWhphVqr2wqKg8Ae0Ke/a/80YZ2knZ+EmLInxQ=] [Return][/hZoAYGySEd+73AdbE8t9Q==:+YA6aHeFHx7n8mZkJ7nMSWGTdwdt5wx2Te68igAAwVY=]
D/S4URC   ( 2990): [SDK] [android.content.ContextWrapper][getSharedPreferences] [File][com.wqfjutkd.gyylqjiv_preferences.xml] [MODE][MODE_PRIVATE] [Method][getString] [String][RJLlwrHbab/nlP+fp/Rx4lGZTFlUIrCnqrFdHoZub+s=] [Return][null]
D/S4URC   ( 2990): [SDK] [android.content.ContextWrapper][getSharedPreferences] [File][com.wqfjutkd.gyylqjiv_preferences.xml] [MODE][MODE_PRIVATE]
D/S4URC   ( 2990): [SDK] [javax.crypto.spec.SecretKeySpec][Constructor] [KEY][+YA6aHeFHx7n8mZkJ7nMSWGTdwdt5wx2Te68igAAwVY=][type][HmacSHA256][javax.crypto.spec.PBEKeySpec][Constructor] [Password][com.wqfjutkd.gyylqjiv] [Salt][unknown]
D/S4URC   ( 2990): [SDK] [android.content.ContextWrapper][getSharedPreferences] [File][com.wqfjutkd.gyylqjiv_preferences.xml] [MODE][MODE_PRIVATE] [Method][getString] [String][lxrVLEWhphVqr2wqKg8Ae0Ke/a/80YZ2knZ+EmLInxQ=] [Return][/hZoAYGySEd+73AdbE8t9Q==:+YA6aHeFHx7n8mZkJ7nMSWGTdwdt5wx2Te68igAAwVY=]
D/S4URC   ( 2990): [SDK] [android.content.ContextWrapper][getSharedPreferences] [File][com.wqfjutkd.gyylqjiv_preferences.xml] [MODE][MODE_PRIVATE] [Method][getString] [String][RJLlwrHbab/nlP+fp/Rx4lGZTFlUIrCnqrFdHoZub+s=] [Return][null]
D/S4URC   ( 2897): [SDK] [android.content.ContextWrapper][getSharedPreferences] [File][Preferences.xml] [MODE][MODE_PRIVATE] [Method][getString] [String][agent] [Return][Dalvik/2.1.0 (Linux; U; Android 5.1.1; galaxys5 Build/LMY49J)]
D/S4URC   ( 2897): [SDK] [java.io.File] [Constructor] [FilePath][String] [/system/app/Superuser.apk]
D/S4URC   ( 2897): [SDK] [java.io.File] [exists] [FilePath][String] [/system/app/Superuser.apk]
D/S4URC   ( 2897): [NDK] [SYSCALL] [access] [PATH][string] [/system/app/Superuser.apk]
D/S4URC   ( 2897): [SDK] [java.lang.Runtime] [exec] [Command][String] [/system/xbin/whichsu]
D/S4URC   ( 3287): [NDK] [SYSCALL] [getdents] [PATH][string] [.]
D/S4URC   ( 2897): [SDK] [android.telephony.TelephonyManager] [getLine1Number]
D/S4URC   ( 2897): [SDK] [android.telephony.TelephonyManager] [getSubscriberId]
D/S4URC   ( 2897): [SDK] [android.app.ApplicationPackageManager] [getPackageInfo] [FindPackageName][String] [com.wqfjutkd.gyylqjiv]
D/S4URC   ( 2990): [SDK] [android.content.ContextWrapper][getSharedPreferences] [File][com.wqfjutkd.gyylqjiv_preferences.xml] [MODE][MODE_PRIVATE]
D/S4URC   ( 2990): [SDK] [javax.crypto.spec.SecretKeySpec][Constructor] [KEY][+YA6aHeFHx7n8mZkJ7nMSWGTdwdt5wx2Te68igAAwVY=][type][HmacSHA256][javax.crypto.spec.PBEKeySpec][Constructor] [Password][com.wqfjutkd.gyylqjiv] [Salt][unknown]
D/S4URC   ( 2990): [SDK] [android.content.ContextWrapper][getSharedPreferences] [File][com.wqfjutkd.gyylqjiv_preferences.xml] [MODE][MODE_PRIVATE] [Method][getString] [String][lxrVLEWhphVqr2wqKg8Ae0Ke/a/80YZ2knZ+EmLInxQ=] [Return][/hZoAYGySEd+73AdbE8t9Q==:+YA6aHeFHx7n8mZkJ7nMSWGTdwdt5wx2Te68igAAwVY=]
D/S4URC   ( 2990): [SDK] [android.content.ContextWrapper][getSharedPreferences] [File][com.wqfjutkd.gyylqjiv_preferences.xml] [MODE][MODE_PRIVATE] [Method][getString] [String][RJLlwrHbab/nlP+fp/Rx4lGZTFlUIrCnqrFdHoZub+s=] [Return][null]
D/S4URC   ( 2990): [SDK] [android.content.ContextWrapper][getSharedPreferences] [File][com.wqfjutkd.gyylqjiv_preferences.xml] [MODE][MODE_PRIVATE]
D/S4URC   ( 2990): [SDK] [javax.crypto.spec.SecretKeySpec][Constructor] [KEY][+YA6aHeFHx7n8mZkJ7nMSWGTdwdt5wx2Te68igAAwVY=][type][HmacSHA256][javax.crypto.spec.PBEKeySpec][Constructor] [Password][com.wqfjutkd.gyylqjiv] [Salt][unknown]
D/S4URC   ( 2990): [SDK] [android.content.ContextWrapper][getSharedPreferences] [File][com.wqfjutkd.gyylqjiv_preferences.xml] [MODE][MODE_PRIVATE] [Method][getString] [String][lxrVLEWhphVqr2wqKg8Ae0Ke/a/80YZ2knZ+EmLInxQ=] [Return][/hZoAYGySEd+73AdbE8t9Q==:+YA6aHeFHx7n8mZkJ7nMSWGTdwdt5wx2Te68igAAwVY=]
D/S4URC   ( 2990): [SDK] [android.content.ContextWrapper][getSharedPreferences] [File][com.wqfjutkd.gyylqjiv_preferences.xml] [MODE][MODE_PRIVATE] [Method][getString] [String][RJLlwrHbab/nlP+fp/Rx4lGZTFlUIrCnqrFdHoZub+s=] [Return][null]
D/S4URC   ( 2990): [SDK] [android.content.ContextWrapper][getSharedPreferences] [File][com.wqfjutkd.gyylqjiv_preferences.xml] [MODE][MODE_PRIVATE]
D/S4URC   ( 2990): [SDK] [javax.crypto.spec.SecretKeySpec][Constructor] [KEY][+YA6aHeFHx7n8mZkJ7nMSWGTdwdt5wx2Te68igAAwVY=][type][HmacSHA256][javax.crypto.spec.PBEKeySpec][Constructor] [Password][com.wqfjutkd.gyylqjiv] [Salt][unknown]
D/S4URC   ( 2990): [SDK] [android.content.ContextWrapper][getSharedPreferences] [File][com.wqfjutkd.gyylqjiv_preferences.xml] [MODE][MODE_PRIVATE] [Method][getString] [String][lxrVLEWhphVqr2wqKg8Ae0Ke/a/80YZ2knZ+EmLInxQ=] [Return][/hZoAYGySEd+73AdbE8t9Q==:+YA6aHeFHx7n8mZkJ7nMSWGTdwdt5wx2Te68igAAwVY=]
D/S4URC   ( 2990): [SDK] [android.content.ContextWrapper][getSharedPreferences] [File][com.wqfjutkd.gyylqjiv_preferences.xml] [MODE][MODE_PRIVATE] [Method][getString] [String][RJLlwrHbab/nlP+fp/Rx4lGZTFlUIrCnqrFdHoZub+s=] [Return][null]
D/S4URC   ( 2990): [SDK] [android.content.ContextWrapper][getSharedPreferences] [File][com.wqfjutkd.gyylqjiv_preferences.xml] [MODE][MODE_PRIVATE]
D/S4URC   ( 2990): [SDK] [javax.crypto.spec.SecretKeySpec][Constructor] [KEY][+YA6aHeFHx7n8mZkJ7nMSWGTdwdt5wx2Te68igAAwVY=][type][HmacSHA256][javax.crypto.spec.PBEKeySpec][Constructor] [Password][com.wqfjutkd.gyylqjiv] [Salt][unknown]
D/S4URC   ( 2990): [SDK] [android.content.ContextWrapper][getSharedPreferences] [File][com.wqfjutkd.gyylqjiv_preferences.xml] [MODE][MODE_PRIVATE] [Method][getString] [String][lxrVLEWhphVqr2wqKg8Ae0Ke/a/80YZ2knZ+EmLInxQ=] [Return][/hZoAYGySEd+73AdbE8t9Q==:+YA6aHeFHx7n8mZkJ7nMSWGTdwdt5wx2Te68igAAwVY=]
D/S4URC   ( 2990): [SDK] [android.content.ContextWrapper][getSharedPreferences] [File][com.wqfjutkd.gyylqjiv_preferences.xml] [MODE][MODE_PRIVATE] [Method][getString] [String][RJLlwrHbab/nlP+fp/Rx4lGZTFlUIrCnqrFdHoZub+s=] [Return][null]
D/S4URC   ( 2897): [SDK] [android.content.ContextWrapper][getSharedPreferences] [File][Preferences.xml] [MODE][MODE_PRIVATE] [Method][getString] [String][agent] [Return][Dalvik/2.1.0 (Linux; U; Android 5.1.1; galaxys5 Build/LMY49J)]
D/S4URC   ( 2897): [SDK] [java.io.File] [Constructor] [FilePath][String] [/system/app/Superuser.apk]
D/S4URC   ( 2897): [SDK] [java.io.File] [exists] [FilePath][String] [/system/app/Superuser.apk]
D/S4URC   ( 2897): [NDK] [SYSCALL] [access] [PATH][string] [/system/app/Superuser.apk]
D/S4URC   ( 2897): [SDK] [java.lang.Runtime] [exec] [Command][String] [/system/xbin/whichsu]
D/S4URC   ( 3306): [NDK] [SYSCALL] [getdents] [PATH][string] [.]
D/S4URC   ( 2897): [SDK] [android.telephony.TelephonyManager] [getLine1Number]
D/S4URC   ( 2897): [SDK] [android.telephony.TelephonyManager] [getSubscriberId]
D/S4URC   ( 2897): [SDK] [android.app.ApplicationPackageManager] [getPackageInfo] [FindPackageName][String] [com.wqfjutkd.gyylqjiv]
D/S4URC   ( 2990): [SDK] [android.content.ContextWrapper][getSharedPreferences] [File][com.wqfjutkd.gyylqjiv_preferences.xml] [MODE][MODE_PRIVATE]
D/S4URC   ( 2990): [SDK] [javax.crypto.spec.SecretKeySpec][Constructor] [KEY][+YA6aHeFHx7n8mZkJ7nMSWGTdwdt5wx2Te68igAAwVY=][type][HmacSHA256][javax.crypto.spec.PBEKeySpec][Constructor] [Password][com.wqfjutkd.gyylqjiv] [Salt][unknown]
D/S4URC   ( 2990): [SDK] [android.content.ContextWrapper][getSharedPreferences] [File][com.wqfjutkd.gyylqjiv_preferences.xml] [MODE][MODE_PRIVATE] [Method][getString] [String][lxrVLEWhphVqr2wqKg8Ae0Ke/a/80YZ2knZ+EmLInxQ=] [Return][/hZoAYGySEd+73AdbE8t9Q==:+YA6aHeFHx7n8mZkJ7nMSWGTdwdt5wx2Te68igAAwVY=]
D/S4URC   ( 2990): [SDK] [android.content.ContextWrapper][getSharedPreferences] [File][com.wqfjutkd.gyylqjiv_preferences.xml] [MODE][MODE_PRIVATE] [Method][getString] [String][RJLlwrHbab/nlP+fp/Rx4lGZTFlUIrCnqrFdHoZub+s=] [Return][null]
D/S4URC   ( 2990): [SDK] [android.content.ContextWrapper][getSharedPreferences] [File][com.wqfjutkd.gyylqjiv_preferences.xml] [MODE][MODE_PRIVATE]
D/S4URC   ( 2990): [SDK] [javax.crypto.spec.SecretKeySpec][Constructor] [KEY][+YA6aHeFHx7n8mZkJ7nMSWGTdwdt5wx2Te68igAAwVY=][type][HmacSHA256][javax.crypto.spec.PBEKeySpec][Constructor] [Password][com.wqfjutkd.gyylqjiv] [Salt][unknown]
D/S4URC   ( 2990): [SDK] [android.content.ContextWrapper][getSharedPreferences] [File][com.wqfjutkd.gyylqjiv_preferences.xml] [MODE][MODE_PRIVATE] [Method][getString] [String][lxrVLEWhphVqr2wqKg8Ae0Ke/a/80YZ2knZ+EmLInxQ=] [Return][/hZoAYGySEd+73AdbE8t9Q==:+YA6aHeFHx7n8mZkJ7nMSWGTdwdt5wx2Te68igAAwVY=]
D/S4URC   ( 2990): [SDK] [android.content.ContextWrapper][getSharedPreferences] [File][com.wqfjutkd.gyylqjiv_preferences.xml] [MODE][MODE_PRIVATE] [Method][getString] [String][RJLlwrHbab/nlP+fp/Rx4lGZTFlUIrCnqrFdHoZub+s=] [Return][null]
D/S4URC   ( 2990): [SDK] [android.content.ContextWrapper][getSharedPreferences] [File][com.wqfjutkd.gyylqjiv_preferences.xml] [MODE][MODE_PRIVATE]
D/S4URC   ( 2990): [SDK] [javax.crypto.spec.SecretKeySpec][Constructor] [KEY][+YA6aHeFHx7n8mZkJ7nMSWGTdwdt5wx2Te68igAAwVY=][type][HmacSHA256][javax.crypto.spec.PBEKeySpec][Constructor] [Password][com.wqfjutkd.gyylqjiv] [Salt][unknown]
D/S4URC   ( 2990): [SDK] [android.content.ContextWrapper][getSharedPreferences] [File][com.wqfjutkd.gyylqjiv_preferences.xml] [MODE][MODE_PRIVATE] [Method][getString] [String][lxrVLEWhphVqr2wqKg8Ae0Ke/a/80YZ2knZ+EmLInxQ=] [Return][/hZoAYGySEd+73AdbE8t9Q==:+YA6aHeFHx7n8mZkJ7nMSWGTdwdt5wx2Te68igAAwVY=]
D/S4URC   ( 2990): [SDK] [android.content.ContextWrapper][getSharedPreferences] [File][com.wqfjutkd.gyylqjiv_preferences.xml] [MODE][MODE_PRIVATE] [Method][getString] [String][RJLlwrHbab/nlP+fp/Rx4lGZTFlUIrCnqrFdHoZub+s=] [Return][null]
D/S4URC   ( 3320): [SDK] [java.lang.Class] [forName] [FindClass][String] [java.net.HttpURLConnection]
D/S4URC   ( 3320): [SDK] [java.lang.Class] [forName] [FindClass][String] [com.android.okhttp.internal.http.HttpURLConnectionImpl]
D/S4URC   ( 3320): [SDK] [java.lang.Class] [forName] [FindClass][String] [java.net.Socket]
D/S4URC   ( 3320): [SDK] [java.lang.Class] [forName] [FindClass][String] [android.telephony.TelephonyManager]
D/S4URC   ( 3320): [SDK] [java.lang.Class] [forName] [FindClass][String] [android.os.Debug]
D/S4URC   ( 3320): [SDK] [java.lang.Class] [forName] [FindClass][String] [android.hardware.SensorManager]
D/S4URC   ( 3320): [SDK] [java.lang.Class] [forName] [FindClass][String] [android.content.res.ResourcesKey]
D/S4URC   ( 3320): [SDK] [java.lang.Class] [forName] [FindClass][String] [android.app.ResourcesManager]
D/S4URC   ( 3320): [SDK] [java.io.File] [Constructor] [FilePath][String] [/data/app/com.wqfjutkd.gyylqjiv-1/base.apk]
D/S4URC   ( 3320): [SDK] [java.io.File] [getPath] [FilePath][String] [/data/data/com.wqfjutkd.gyylqjiv]
D/S4URC   ( 3320): [SDK] [java.io.File] [exists] [FilePath][String] [/data/data/com.wqfjutkd.gyylqjiv/cache]
D/S4URC   ( 3320): [SDK] [java.io.File] [getPath] [FilePath][String] [/data/data/com.wqfjutkd.gyylqjiv/cache]
D/S4URC   ( 3320): [SDK] [java.lang.Class] [forName] [FindClass][String] [java.lang.Thread]
D/S4URC   ( 3320): [SDK] [java.lang.Class] [forName] [FindClass][String] [java.lang.String]
D/S4URC   ( 3320): [SDK] [java.lang.Class] [forName] [FindClass][String] [java.lang.StackTraceElement]
D/S4URC   ( 3320): [SDK] [java.lang.Class] [forName] [FindClass][String] [java.lang.String]
D/S4URC   ( 3320): [SDK] [java.lang.Class] [forName] [FindClass][String] [java.io.File]
D/S4URC   ( 3320): [SDK] [java.lang.Class] [forName] [FindClass][String] [android.content.Context]
D/S4URC   ( 3320): [SDK] [java.io.File] [getPath] [FilePath][String] [/data/data/com.wqfjutkd.gyylqjiv]
D/S4URC   ( 3320): [SDK] [java.io.File] [exists] [FilePath][String] [/data/data/com.wqfjutkd.gyylqjiv/app_dex]
D/S4URC   ( 3320): [SDK] [java.io.File] [getPath] [FilePath][String] [/data/data/com.wqfjutkd.gyylqjiv]
D/S4URC   ( 3320): [SDK] [java.io.File] [exists] [FilePath][String] [/data/data/com.wqfjutkd.gyylqjiv/app_outdex]
D/S4URC   ( 3320): [SDK] [java.io.File] [getPath] [FilePath][String] [/data/data/com.wqfjutkd.gyylqjiv/app_dex]
D/S4URC   ( 3320): [SDK] [java.io.File] [getPath] [FilePath][String] [/data/data/com.wqfjutkd.gyylqjiv/app_outdex]
D/S4URC   ( 3320): [SDK] [java.lang.Class] [forName] [FindClass][String] [java.io.FileOutputStream]
D/S4URC   ( 3320): [SDK] [java.io.File] [getPath] [FilePath][String] [/data/data/com.wqfjutkd.gyylqjiv/app_dex/new.apk]
D/S4URC   ( 3320): [SDK] [java.lang.Class] [forName] [FindClass][String] [dalvik.system.DexFile]
D/S4URC   ( 3320): [SDK] [java.io.File] [Constructor] [FilePath][String] [/data/data/com.wqfjutkd.gyylqjiv/app_outdex/new.odex]
D/S4URC   ( 3320): [SDK] [java.io.File] [getParent] [FilePath][String] [/data/data/com.wqfjutkd.gyylqjiv/app_outdex/new.odex]
D/S4URC   ( 3320): [SDK] [dalvik.system.DexFile] [openDexFile] [DexPath][String] [/data/data/com.wqfjutkd.gyylqjiv/app_dex/new.apk]
D/S4URC   ( 3320): [SDK] [java.io.File] [Constructor] [FilePath][String] [/data/data/com.wqfjutkd.gyylqjiv/app_dex/new.apk]
D/S4URC   ( 3320): [SDK] [java.io.File] [Constructor] [FilePath][String] [/data/data/com.wqfjutkd.gyylqjiv/app_outdex/new.odex]
D/S4URC   ( 3320): [SDK] [java.io.File] [delete] [FilePath][String] [/data/data/com.wqfjutkd.gyylqjiv/app_dex/new.apk]
D/S4URC   ( 3320): [SDK] [java.io.File] [delete] [FilePath][String] [/data/data/com.wqfjutkd.gyylqjiv/app_outdex/new.odex]
D/S4URC   ( 3320): [SDK] [java.lang.Class] [forName] [FindClass][String] [java.lang.ClassLoader]
D/S4URC   ( 3320): [SDK] [java.lang.Class] [forName] [FindClass][String] [java.lang.Object]
D/S4URC   ( 3320): [SDK] [java.lang.Class] [forName] [FindClass][String] [java.lang.Thread]
D/S4URC   ( 3320): [SDK] [java.lang.Class] [forName] [FindClass][String] [java.lang.String]
D/S4URC   ( 3320): [SDK] [java.lang.Class] [forName] [FindClass][String] [java.lang.StackTraceElement]
D/S4URC   ( 3320): [SDK] [java.lang.Class] [forName] [FindClass][String] [dalvik.system.DexFile]
D/S4URC   ( 3320): [SDK] [java.lang.Class] [forName] [FindClass][String] [java.lang.String]
D/S4URC   ( 3320): [SDK] [java.lang.Class] [forName] [FindClass][String] [java.lang.ClassLoader]
D/S4URC   ( 3320): [SDK] [java.lang.Class] [forName] [FindClass][String] [java.lang.String]
D/S4URC   ( 3320): [SDK] [java.lang.Class] [forName] [FindClass][String] [java.io.File]
D/S4URC   ( 3320): [SDK] [java.lang.Class] [forName] [FindClass][String] [android.content.Context]
D/S4URC   ( 3320): [SDK] [java.io.File] [getPath] [FilePath][String] [/data/data/com.wqfjutkd.gyylqjiv]
D/S4URC   ( 3320): [SDK] [java.io.File] [exists] [FilePath][String] [/data/data/com.wqfjutkd.gyylqjiv/app_dex]
D/S4URC   ( 3320): [SDK] [java.io.File] [getPath] [FilePath][String] [/data/data/com.wqfjutkd.gyylqjiv]
D/S4URC   ( 3320): [SDK] [java.io.File] [exists] [FilePath][String] [/data/data/com.wqfjutkd.gyylqjiv/app_outdex]
D/S4URC   ( 3320): [SDK] [java.io.File] [getPath] [FilePath][String] [/data/data/com.wqfjutkd.gyylqjiv/app_dex]
D/S4URC   ( 3320): [SDK] [java.io.File] [getPath] [FilePath][String] [/data/data/com.wqfjutkd.gyylqjiv/app_outdex]
D/S4URC   ( 3320): [SDK] [android.app.ApplicationPackageManager] [getPackageInfo] [FindPackageName][String] [com.wqfjutkd.gyylqjiv]
D/S4URC   ( 3320): [SDK] [java.io.File] [getPath] [FilePath][String] [/data/data/com.wqfjutkd.gyylqjiv/app_dex/new.apk]
D/S4URC   ( 3320): [SDK] [java.io.File] [Constructor] [FilePath][String] [/data/data/com.wqfjutkd.gyylqjiv/app_outdex/new.odex]
D/S4URC   ( 3320): [SDK] [java.io.File] [getParent] [FilePath][String] [/data/data/com.wqfjutkd.gyylqjiv/app_outdex/new.odex]
D/S4URC   ( 3320): [SDK] [dalvik.system.DexFile] [openDexFile] [DexPath][String] [/data/data/com.wqfjutkd.gyylqjiv/app_dex/new.apk]
D/S4URC   ( 3320): [SDK] [java.io.File] [Constructor] [FilePath][String] [/data/data/com.wqfjutkd.gyylqjiv/app_dex/new.apk]
D/S4URC   ( 3320): [SDK] [java.io.File] [Constructor] [FilePath][String] [/data/data/com.wqfjutkd.gyylqjiv/app_outdex/new.odex]
D/S4URC   ( 3320): [SDK] [java.io.File] [delete] [FilePath][String] [/data/data/com.wqfjutkd.gyylqjiv/app_dex/new.apk]
D/S4URC   ( 3320): [SDK] [java.io.File] [delete] [FilePath][String] [/data/data/com.wqfjutkd.gyylqjiv/app_outdex/new.odex]
D/S4URC   ( 3320): [SDK] [java.lang.Class] [forName] [FindClass][String] [com.wqfjutkd.gyylqjiv.naylykbhsw]
D/S4URC   ( 3320): [SDK] [java.lang.Class] [forName] [FindClass][String] [java.lang.Thread]
D/S4URC   ( 3320): [SDK] [java.lang.Class] [forName] [FindClass][String] [java.lang.String]
D/S4URC   ( 3320): [SDK] [java.lang.Class] [forName] [FindClass][String] [java.lang.StackTraceElement]
D/S4URC   ( 3320): [SDK] [java.lang.Class] [forName] [FindClass][String] [android.app.ActivityThread]
D/S4URC   ( 3320): [SDK] [java.io.File] [getPath] [FilePath][String] [/data/data/com.wqfjutkd.gyylqjiv]
D/S4URC   ( 3320): [SDK] [java.io.File] [getPath] [FilePath][String] [/data/data/com.wqfjutkd.gyylqjiv/shared_prefs]
D/S4URC   ( 3320): [SDK] [java.io.File] [getPath] [FilePath][String] [/data/data/com.wqfjutkd.gyylqjiv/shared_prefs/UIDPREFERENCES.xml]
D/S4URC   ( 3320): [SDK] [java.io.File] [Constructor] [FilePath][String] [/data/data/com.wqfjutkd.gyylqjiv/shared_prefs/UIDPREFERENCES.xml.bak]
D/S4URC   ( 3320): [SDK] [java.io.File] [exists] [FilePath][String] [/data/data/com.wqfjutkd.gyylqjiv/shared_prefs/UIDPREFERENCES.xml]
D/S4URC   ( 3320): [SDK] [java.io.File] [canRead] [FilePath][String] [/data/data/com.wqfjutkd.gyylqjiv/shared_prefs/UIDPREFERENCES.xml]
D/S4URC   ( 3320): [SDK] [java.io.File] [getPath] [FilePath][String] [/data/data/com.wqfjutkd.gyylqjiv/shared_prefs/UIDPREFERENCES.xml]
D/S4URC   ( 3320): [SDK] [android.content.ContextWrapper][getSharedPreferences] [File][UIDPREFERENCES.xml] [MODE][MODE_PRIVATE]
D/S4URC   ( 3320): [SDK] [java.io.File] [exists] [FilePath][String] [/data/data/com.wqfjutkd.gyylqjiv/shared_prefs/UIDPREFERENCES.xml.bak]
D/S4URC   ( 3320): [SDK] [java.io.File] [exists] [FilePath][String] [/data/data/com.wqfjutkd.gyylqjiv/shared_prefs/UIDPREFERENCES.xml]
D/S4URC   ( 3320): [SDK] [java.io.File] [canRead] [FilePath][String] [/data/data/com.wqfjutkd.gyylqjiv/shared_prefs/UIDPREFERENCES.xml]
D/S4URC   ( 3320): [SDK] [java.io.File] [getPath] [FilePath][String] [/data/data/com.wqfjutkd.gyylqjiv/shared_prefs/UIDPREFERENCES.xml]
D/S4URC   ( 3320): [SDK] [java.io.File] [canRead] [FilePath][String] [/data/data/com.wqfjutkd.gyylqjiv/shared_prefs/UIDPREFERENCES.xml]
D/S4URC   ( 3320): [SDK] [java.io.File] [getPath] [FilePath][String] [/data/data/com.wqfjutkd.gyylqjiv/shared_prefs/UIDPREFERENCES.xml]
D/S4URC   ( 3320): [SDK] [java.lang.Class] [forName] [FindClass][String] [java.lang.Thread]
D/S4URC   ( 3320): [SDK] [java.lang.Class] [forName] [FindClass][String] [java.lang.String]
D/S4URC   ( 3320): [SDK] [java.lang.Class] [forName] [FindClass][String] [java.lang.StackTraceElement]
D/S4URC   ( 3320): [SDK] [android.content.ContextWrapper][getSharedPreferences] [File][UIDPREFERENCES.xml] [MODE][MODE_PRIVATE] [Method][getString] [String][UID_FIELD] [Return][e3a8c0208c16fda0b4b576c0ea24c746]
D/S4URC   ( 3320): [SDK] [android.app.ApplicationPackageManager] [getPackageInfo] [FindPackageName][String] [com.wqfjutkd.gyylqjiv]
D/S4URC   ( 3320): [SDK] [java.io.File] [Constructor] [FilePath][String] [/sbin/su]
D/S4URC   ( 3320): [SDK] [java.io.File] [exists] [FilePath][String] [/sbin/su]
D/S4URC   ( 3320): [SDK] [java.io.File] [Constructor] [FilePath][String] [/system/bin/su]
D/S4URC   ( 3320): [SDK] [java.io.File] [exists] [FilePath][String] [/system/bin/su]
D/S4URC   ( 3320): [SDK] [java.io.File] [getPath] [FilePath][String] [/data/data/com.wqfjutkd.gyylqjiv]
D/S4URC   ( 3320): [SDK] [java.io.File] [exists] [FilePath][String] [/data/data/com.wqfjutkd.gyylqjiv/files]
D/S4URC   ( 3320): [SDK] [java.io.File] [getPath] [FilePath][String] [/data/data/com.wqfjutkd.gyylqjiv/shared_prefs]
D/S4URC   ( 3320): [SDK] [java.io.File] [getPath] [FilePath][String] [/data/data/com.wqfjutkd.gyylqjiv/shared_prefs/REMOTESETTINGSSETTINGS.xml]
D/S4URC   ( 3320): [SDK] [java.io.File] [Constructor] [FilePath][String] [/data/data/com.wqfjutkd.gyylqjiv/shared_prefs/REMOTESETTINGSSETTINGS.xml.bak]
D/S4URC   ( 3320): [SDK] [java.io.File] [exists] [FilePath][String] [/data/data/com.wqfjutkd.gyylqjiv/shared_prefs/REMOTESETTINGSSETTINGS.xml]
D/S4URC   ( 3320): [SDK] [android.content.ContextWrapper][getSharedPreferences] [File][REMOTESETTINGSSETTINGS.xml] [MODE][MODE_PRIVATE]
D/S4URC   ( 3320): [SDK] [java.io.File] [exists] [FilePath][String] [/data/data/com.wqfjutkd.gyylqjiv/shared_prefs/REMOTESETTINGSSETTINGS.xml.bak]
D/S4URC   ( 3320): [SDK] [java.io.File] [exists] [FilePath][String] [/data/data/com.wqfjutkd.gyylqjiv/shared_prefs/REMOTESETTINGSSETTINGS.xml]
D/S4URC   ( 3320): [SDK] [java.io.File] [getPath] [FilePath][String] [/data/data/com.wqfjutkd.gyylqjiv/shared_prefs/REMOTESETTINGSSETTINGS.xml]
D/S4URC   ( 3320): [SDK] [android.content.ContextWrapper][getSharedPreferences] [File][REMOTESETTINGSSETTINGS.xml] [MODE][MODE_PRIVATE] [Method][getInt] [Int][logLevel] [Return][10]
D/S4URC   ( 3320): [SDK] [android.content.ContextWrapper][getSharedPreferences] [File][REMOTESETTINGSSETTINGS.xml] [MODE][MODE_PRIVATE] [Method][getInt] [Int][eventLevel] [Return][10]
D/S4URC   ( 3320): [SDK] [android.content.ContextWrapper][getSharedPreferences] [File][REMOTESETTINGSSETTINGS.xml] [MODE][MODE_PRIVATE] [Method][getBoolean] [Boolean][netMonitoring] [Return][true]
D/S4URC   ( 3320): [SDK] [android.content.ContextWrapper][getSharedPreferences] [File][REMOTESETTINGSSETTINGS.xml] [MODE][MODE_PRIVATE] [Method][getInt] [Int][sessionTime] [Return][60]
D/S4URC   ( 3320): [SDK] [android.content.ContextWrapper][getSharedPreferences] [File][REMOTESETTINGSSETTINGS.xml] [MODE][MODE_PRIVATE] [Method][getString] [String][devSettings] [Return][{}]
D/S4URC   ( 3320): [SDK] [android.content.ContextWrapper][getSharedPreferences] [File][REMOTESETTINGSSETTINGS.xml] [MODE][MODE_PRIVATE] [Method][getString] [String][hashCode] [Return][none]
D/S4URC   ( 3320): [SDK] [java.io.File] [getPath] [FilePath][String] [/data/data/com.wqfjutkd.gyylqjiv/shared_prefs]
D/S4URC   ( 3320): [SDK] [java.io.File] [getPath] [FilePath][String] [/data/data/com.wqfjutkd.gyylqjiv/shared_prefs/com.wqfjutkd.gyylqjiv_preferences.xml]
D/S4URC   ( 3320): [SDK] [java.io.File] [Constructor] [FilePath][String] [/data/data/com.wqfjutkd.gyylqjiv/shared_prefs/com.wqfjutkd.gyylqjiv_preferences.xml.bak]
D/S4URC   ( 3320): [SDK] [java.io.File] [exists] [FilePath][String] [/data/data/com.wqfjutkd.gyylqjiv/shared_prefs/com.wqfjutkd.gyylqjiv_preferences.xml]
D/S4URC   ( 3320): [SDK] [java.io.File] [canRead] [FilePath][String] [/data/data/com.wqfjutkd.gyylqjiv/shared_prefs/com.wqfjutkd.gyylqjiv_preferences.xml]
D/S4URC   ( 3320): [SDK] [java.io.File] [getPath] [FilePath][String] [/data/data/com.wqfjutkd.gyylqjiv/shared_prefs/com.wqfjutkd.gyylqjiv_preferences.xml]
D/S4URC   ( 3320): [SDK] [java.io.File] [exists] [FilePath][String] [/data/data/com.wqfjutkd.gyylqjiv/shared_prefs/com.wqfjutkd.gyylqjiv_preferences.xml.bak]
D/S4URC   ( 3320): [SDK] [android.content.ContextWrapper][getSharedPreferences] [File][com.wqfjutkd.gyylqjiv_preferences.xml] [MODE][MODE_PRIVATE]
D/S4URC   ( 3320): [SDK] [java.io.File] [exists] [FilePath][String] [/data/data/com.wqfjutkd.gyylqjiv/shared_prefs/com.wqfjutkd.gyylqjiv_preferences.xml]
D/S4URC   ( 3320): [SDK] [java.io.File] [canRead] [FilePath][String] [/data/data/com.wqfjutkd.gyylqjiv/shared_prefs/com.wqfjutkd.gyylqjiv_preferences.xml]
D/S4URC   ( 3320): [SDK] [java.io.File] [getPath] [FilePath][String] [/data/data/com.wqfjutkd.gyylqjiv/shared_prefs/com.wqfjutkd.gyylqjiv_preferences.xml]
D/S4URC   ( 3320): [SDK] [java.io.File] [canRead] [FilePath][String] [/data/data/com.wqfjutkd.gyylqjiv/shared_prefs/com.wqfjutkd.gyylqjiv_preferences.xml]
D/S4URC   ( 3320): [SDK] [java.io.File] [getPath] [FilePath][String] [/data/data/com.wqfjutkd.gyylqjiv/shared_prefs/com.wqfjutkd.gyylqjiv_preferences.xml]
D/S4URC   ( 3320): [SDK] [javax.crypto.spec.PBEKeySpec][Constructor] [Password][com.wqfjutkd.gyylqjiv] [Salt][unknown]
D/S4URC   ( 3320): [SDK] [java.lang.Class] [forName] [FindClass][String] [java.net.PlainSocketImpl]
D/S4URC   ( 3320): [SDK] [java.lang.Class] [forName] [FindClass][String] [libcore.net.http.HttpURLConnectionImpl]
D/S4URC   ( 3320): [SDK] [java.lang.Class] [forName] [FindClass][String] [org.apache.harmony.luni.internal.net.www.protocol.http.HttpURLConnectionImpl]
D/S4URC   ( 3320): [SDK] [java.lang.Class] [forName] [FindClass][String] [org.apache.harmony.luni.internal.net.www.protocol.http.HttpURLConnection]
D/S4URC   ( 3320): [SDK] [java.lang.Class] [forName] [FindClass][String] [com.android.org.bouncycastle.jcajce.provider.digest.SHA1$PBKDF2WithHmacSHA1UTF8]
D/S4URC   ( 3320): [SDK] [java.io.File] [Constructor] [FilePath][String] [/data/data/com.wqfjutkd.gyylqjiv/files/.setForceSendPingOnNextStart]
D/S4URC   ( 3320): [SDK] [java.io.File] [exists] [FilePath][String] [/data/data/com.wqfjutkd.gyylqjiv/files/.setForceSendPingOnNextStart]
D/S4URC   ( 3320): [SDK] [java.io.File] [getPath] [FilePath][String] [/data/data/com.wqfjutkd.gyylqjiv/shared_prefs]
D/S4URC   ( 3320): [SDK] [java.io.File] [getPath] [FilePath][String] [/data/data/com.wqfjutkd.gyylqjiv/shared_prefs/Mint.xml]
D/S4URC   ( 3320): [SDK] [java.io.File] [Constructor] [FilePath][String] [/data/data/com.wqfjutkd.gyylqjiv/shared_prefs/Mint.xml.bak]
D/S4URC   ( 3320): [SDK] [java.lang.Class] [forName] [FindClass][String] [com.android.org.conscrypt.OpenSSLMessageDigestJDK$SHA1]
D/S4URC   ( 3320): [SDK] [java.io.File] [exists] [FilePath][String] [/data/data/com.wqfjutkd.gyylqjiv/shared_prefs/Mint.xml]
D/S4URC   ( 3320): [SDK] [java.io.File] [Constructor] [FilePath][String] [/data/data/com.wqfjutkd.gyylqjiv/files]
D/S4URC   ( 3320): [SDK] [java.io.File] [canRead] [FilePath][String] [/data/data/com.wqfjutkd.gyylqjiv/shared_prefs/Mint.xml]
D/S4URC   ( 3320): [SDK] [java.io.File] [getPath] [FilePath][String] [/data/data/com.wqfjutkd.gyylqjiv/shared_prefs/Mint.xml]
D/S4URC   ( 3320): [SDK] [android.content.ContextWrapper][getSharedPreferences] [File][Mint.xml] [MODE][MODE_PRIVATE]
D/S4URC   ( 3320): [SDK] [java.io.File] [listFiles] [FilePath][String] [/data/data/com.wqfjutkd.gyylqjiv/files]
D/S4URC   ( 3320): [SDK] [java.io.File] [list] [FilePath][String] [/data/data/com.wqfjutkd.gyylqjiv/files]
D/S4URC   ( 3320): [SDK] [java.io.File] [getPath] [FilePath][String] [/data/data/com.wqfjutkd.gyylqjiv/files]
D/S4URC   ( 3320): [SDK] [java.io.File] [getName] [FilePath][String] [/data/data/com.wqfjutkd.gyylqjiv/files/lastCrashID]
D/S4URC   ( 3320): [SDK] [java.io.File] [getName] [FilePath][String] [/data/data/com.wqfjutkd.gyylqjiv/files/MintSavedData-1-1528088815879.json]
D/S4URC   ( 3320): [SDK] [java.io.File] [exists] [FilePath][String] [/data/data/com.wqfjutkd.gyylqjiv/shared_prefs/Mint.xml.bak]
D/S4URC   ( 3320): [SDK] [java.io.File] [getName] [FilePath][String] [/data/data/com.wqfjutkd.gyylqjiv/files/Mint-lastsavedfile]
D/S4URC   ( 3320): [SDK] [java.io.File] [exists] [FilePath][String] [/data/data/com.wqfjutkd.gyylqjiv/shared_prefs/Mint.xml]
D/S4URC   ( 3320): [SDK] [java.io.File] [canRead] [FilePath][String] [/data/data/com.wqfjutkd.gyylqjiv/shared_prefs/Mint.xml]
D/S4URC   ( 3320): [SDK] [java.io.File] [getPath] [FilePath][String] [/data/data/com.wqfjutkd.gyylqjiv/shared_prefs/Mint.xml]
D/S4URC   ( 3320): [SDK] [java.io.File] [canRead] [FilePath][String] [/data/data/com.wqfjutkd.gyylqjiv/shared_prefs/Mint.xml]
D/S4URC   ( 3320): [SDK] [java.io.File] [getPath] [FilePath][String] [/data/data/com.wqfjutkd.gyylqjiv/shared_prefs/Mint.xml]
D/S4URC   ( 3320): [SDK] [java.io.File] [exists] [FilePath][String] [/data/data/com.wqfjutkd.gyylqjiv/files/MintSavedData-1-1528088815879.json]
D/S4URC   ( 3320): [SDK] [java.io.File] [Constructor] [FilePath][String] [/data/data/com.wqfjutkd.gyylqjiv/files/MintSavedData-1-1528088815879.json]
D/S4URC   ( 3320): [SDK] [java.io.File] [getPath] [FilePath][String] [/data/data/com.wqfjutkd.gyylqjiv/files/MintSavedData-1-1528088815879.json]
D/S4URC   ( 3320): [SDK] [android.content.ContextWrapper][getSharedPreferences] [File][Mint.xml] [MODE][MODE_PRIVATE] [Method][getIong] [Iong][LASTPINGTIME] [Return][1528088815850]
D/S4URC   ( 3320): [SDK] [android.content.ContextWrapper][getSharedPreferences] [File][Mint.xml] [MODE][MODE_PRIVATE]
D/S4URC   ( 3320): [SDK] [android.content.ContextWrapper][getSharedPreferences] [File][Mint.xml] [MODE][MODE_PRIVATE] [Method][putLong] [Key][LASTPINGTIME] [Value][1528089124395]
D/S4URC   ( 3320): [SDK] [java.io.File] [exists] [FilePath][String] [/data/data/com.wqfjutkd.gyylqjiv/shared_prefs/Mint.xml]
D/S4URC   ( 3320): [SDK] [java.io.File] [exists] [FilePath][String] [/data/data/com.wqfjutkd.gyylqjiv/shared_prefs/Mint.xml.bak]
