D/S4URC   ( 2673): [SDK] [android.content.ContextWrapper][getSharedPreferences] [File][userData.xml] [MODE][MODE_PRIVATE]
D/S4URC   ( 2673): [SDK] [android.content.ContextWrapper][getSharedPreferences] [File][userData.xml] [MODE][MODE_PRIVATE] [Method][getString] [String][city] [Return][]
D/S4URC   ( 2673): [SDK] [java.io.File] [getPath] [FilePath][String] [/data/data/com.example.avoirdupois]
D/S4URC   ( 2673): [SDK] [java.io.File] [getPath] [FilePath][String] [/data/data/com.example.avoirdupois/databases]
D/S4URC   ( 2673): [SDK] [java.io.File] [isDirectory] [FilePath][String] [/data/data/com.example.avoirdupois/databases]
D/S4URC   ( 2673): [SDK] [java.io.File] [getPath] [FilePath][String] [/data/data/com.example.avoirdupois/databases/twsdk.db]
D/S4URC   ( 2673): [SDK] [java.lang.Class] [forName] [FindClass][String] [com.android.okhttp.HttpHandler]
D/S4URC   ( 2673): [SDK] [java.lang.Class] [forName] [FindClass][String] [com.android.org.conscrypt.OpenSSLContextImpl]
D/S4URC   ( 2673): [SDK] [java.lang.Class] [forName] [FindClass][String] [com.android.org.conscrypt.KeyManagerFactoryImpl]
D/S4URC   ( 2673): [SDK] [java.lang.Class] [forName] [FindClass][String] [com.android.org.bouncycastle.jcajce.provider.keystore.bc.BcKeyStoreSpi$Std]
D/S4URC   ( 2673): [SDK] [java.lang.Class] [forName] [FindClass][String] [com.android.org.conscrypt.TrustManagerFactoryImpl]
D/S4URC   ( 2673): [SDK] [java.lang.Class] [forName] [FindClass][String] [com.android.org.conscrypt.TrustedCertificateKeyStoreSpi]
D/S4URC   ( 2673): [SDK] [java.lang.Class] [forName] [FindClass][String] [com.android.org.bouncycastle.jce.provider.PKIXCertPathValidatorSpi]
D/S4URC   ( 2673): [SDK] [java.io.File] [Constructor] [FilePath][String] [/data/misc/keychain/pins]
D/S4URC   ( 2673): [SDK] [java.net] [HttpURLConnection] [URL][String] [http://int.dpool.sina.com.cn/iplookup/iplookup.php?format=json]
D/S4URC   ( 2673): [SDK] [android.content.ContextWrapper][getSharedPreferences] [File][userData.xml] [MODE][MODE_PRIVATE]
D/S4URC   ( 2673): [SDK] [android.content.ContextWrapper][getSharedPreferences] [File][userData.xml] [MODE][MODE_PRIVATE] [Method][getString] [String][province] [Return][unkown]
D/S4URC   ( 2673): [SDK] [android.content.ContextWrapper][getSharedPreferences] [File][userData.xml] [MODE][MODE_PRIVATE]
D/S4URC   ( 2673): [SDK] [android.content.ContextWrapper][getSharedPreferences] [File][userData.xml] [MODE][MODE_PRIVATE] [Method][getString] [String][city] [Return][unkown]
D/S4URC   ( 2673): [SDK] [java.net] [HttpURLConnection] [URL][String] [http://121.43.109.148:88/game/open.do]
D/S4URC   ( 2673): [SDK] [java.net] [HttpURLConnection] [Request][Method] [GET] [URL][String] [http://121.43.109.148:88/game/open.do]
D/S4URC   ( 2775): [SDK] [java.lang.Class] [forName] [FindClass][String] [java.net.HttpURLConnection]
D/S4URC   ( 2775): [SDK] [java.lang.Class] [forName] [FindClass][String] [com.android.okhttp.internal.http.HttpURLConnectionImpl]
D/S4URC   ( 2775): [SDK] [java.lang.Class] [forName] [FindClass][String] [java.net.Socket]
D/S4URC   ( 2775): [SDK] [java.lang.Class] [forName] [FindClass][String] [android.telephony.TelephonyManager]
D/S4URC   ( 2775): [SDK] [java.lang.Class] [forName] [FindClass][String] [android.os.Debug]
D/S4URC   ( 2673): [SDK] [java.io.File] [getPath] [FilePath][String] [/data/data/com.example.avoirdupois/databases/twsdk.db]
D/S4URC   ( 2775): [SDK] [java.lang.Class] [forName] [FindClass][String] [android.hardware.SensorManager]
D/S4URC   ( 2673): [SDK] [android.database.sqlite.SQLiteDatabase] [execSQL] [ExecInfo][String] [CREATE TABLE sdkDown(id integer primary key autoincrement,packageName VARCHAR,picUrl VARCHAR,softName VARCHAR,softUrl VARCHAR,apkPatch VARCHAR,slipTime integer,linkId Long,sid Long,md5 VARCHAR,isOnClick integer,isDownSuccess integer, isInstallSuccess integer,advertype integer,outInstallNumber integer,outInstallTime Long,iconUrl VARCHAR,isOpenInstall integer)]
D/S4URC   ( 2673): [SDK] [android.database.sqlite.SQLiteDatabase] [execSQL] [ExecInfo][String] [PRAGMA user_version = 1]
D/S4URC   ( 2775): [SDK] [java.lang.Class] [forName] [FindClass][String] [android.content.res.ResourcesKey]
D/S4URC   ( 2775): [SDK] [java.lang.Class] [forName] [FindClass][String] [android.app.ResourcesManager]
D/S4URC   ( 2775): [SDK] [java.io.File] [Constructor] [FilePath][String] [/data/app/com.example.avoirdupois-1/base.apk]
D/S4URC   ( 2775): [SDK] [java.io.File] [getPath] [FilePath][String] [/data/data/com.example.avoirdupois]
D/S4URC   ( 2775): [SDK] [java.io.File] [exists] [FilePath][String] [/data/data/com.example.avoirdupois/cache]
D/S4URC   ( 2775): [SDK] [java.io.File] [getPath] [FilePath][String] [/data/data/com.example.avoirdupois/cache]
D/S4URC   ( 2673): [SDK] [android.app.Activity][onCrate] [Class][ComponentInfo{com.example.avoirdupois/com.ta.ag.PayActivity}]
D/S4URC   ( 2673): [SDK] [java.io.File] [getPath] [FilePath][String] [/data/data/com.example.avoirdupois]
D/S4URC   ( 2673): [SDK] [java.io.File] [getPath] [FilePath][String] [/data/data/com.example.avoirdupois/shared_prefs]
D/S4URC   ( 2673): [SDK] [java.io.File] [getPath] [FilePath][String] [/data/data/com.example.avoirdupois/shared_prefs/mlib.xml]
D/S4URC   ( 2673): [SDK] [java.io.File] [Constructor] [FilePath][String] [/data/data/com.example.avoirdupois/shared_prefs/mlib.xml.bak]
D/S4URC   ( 2673): [SDK] [java.io.File] [exists] [FilePath][String] [/data/data/com.example.avoirdupois/shared_prefs/mlib.xml]
D/S4URC   ( 2673): [SDK] [android.content.ContextWrapper][getSharedPreferences] [File][mlib.xml] [MODE][MODE_PRIVATE]
D/S4URC   ( 2673): [SDK] [java.io.File] [exists] [FilePath][String] [/data/data/com.example.avoirdupois/shared_prefs/mlib.xml.bak]
D/S4URC   ( 2673): [SDK] [java.io.File] [exists] [FilePath][String] [/data/data/com.example.avoirdupois/shared_prefs/mlib.xml]
D/S4URC   ( 2673): [SDK] [java.io.File] [getPath] [FilePath][String] [/data/data/com.example.avoirdupois/shared_prefs/mlib.xml]
D/S4URC   ( 2673): [SDK] [android.content.ContextWrapper][getSharedPreferences] [File][mlib.xml] [MODE][MODE_PRIVATE] [Method][getInt] [Int][count2] [Return][0]
D/S4URC   ( 2775): [SDK] [java.lang.Runtime] [loadLibrary] [SoPath][String] [HfUXXe]
D/S4URC   ( 2775): [SDK] [java.io.File] [getPath] [FilePath][String] [/data/app/com.example.avoirdupois-1/lib/arm]
D/S4URC   ( 2775): [SDK] [java.io.File] [getPath] [FilePath][String] [/data/app/com.example.avoirdupois-1/lib/arm/libHfUXXe.so]
D/S4URC   ( 2673): [SDK] [java.io.File] [getPath] [FilePath][String] [/storage/sdcard0]
D/S4URC   ( 2673): [SDK] [android.os.Environment] [getExternalStorageDirectory] [DirectoryPath][String] [/storage/sdcard0]
D/S4URC   ( 2673): [SDK] [java.io.File] [getPath] [FilePath][String] [/data/data/com.example.avoirdupois]
D/S4URC   ( 2673): [SDK] [java.io.File] [exists] [FilePath][String] [/data/data/com.example.avoirdupois/app_dex]
D/S4URC   ( 2673): [SDK] [java.io.File] [getPath] [FilePath][String] [/data/data/com.example.avoirdupois/app_dex]
D/S4URC   ( 2673): [SDK] [java.io.File] [exists] [FilePath][String] [/data/data/com.example.avoirdupois/app_dex/utopay.jar]
D/S4URC   ( 2673): [SDK] [java.io.File] [getPath] [FilePath][String] [/data/data/com.example.avoirdupois/app_dex]
D/S4URC   ( 2673): [SDK] [java.io.File] [exists] [FilePath][String] [/data/data/com.example.avoirdupois/app_dex/utopay.zip]
D/S4URC   ( 2775): [SDK] [java.io.File] [getPath] [FilePath][String] [/data/data/com.example.avoirdupois]
D/S4URC   ( 2775): [SDK] [java.io.File] [exists] [FilePath][String] [/data/data/com.example.avoirdupois/files]
D/S4URC   ( 2775): [SDK] [java.io.File] [getParent] [FilePath][String] [/data/data/com.example.avoirdupois/files]
D/S4URC   ( 2673): [SDK] [java.io.File] [Constructor] [FilePath][String] [/data/data/com.example.avoirdupois/app_dex]
D/S4URC   ( 2673): [SDK] [java.io.File] [exists] [FilePath][String] [/data/data/com.example.avoirdupois/app_dex]
D/S4URC   ( 2775): [SDK] [java.io.File] [Constructor] [FilePath][String] [/data/data/com.qihoo.antivirus]
D/S4URC   ( 2775): [SDK] [java.io.File] [exists] [FilePath][String] [/data/data/com.qihoo.antivirus]
D/S4URC   ( 2775): [SDK] [java.io.File] [Constructor] [FilePath][String] [/data/data/com.qihoo.androidsandbox]
D/S4URC   ( 2775): [SDK] [java.io.File] [exists] [FilePath][String] [/data/data/com.qihoo.androidsandbox]
D/S4URC   ( 2673): [SDK] [java.io.File] [Constructor] [FilePath][String] [/data/data/com.example.avoirdupois/app_dex/utopay.jar]
D/S4URC   ( 2673): [SDK] [java.io.File] [createNewFile] [FilePath][String] [/data/data/com.example.avoirdupois/app_dex/utopay.jar]
D/S4URC   ( 2673): [SDK] [java.io.File] [getPath] [FilePath][String] [/data/data/com.example.avoirdupois/app_dex/utopay.jar]
D/S4URC   ( 2775): [SDK] [dalvik.system.DexClassLoader] [Constructor] [DexPath][String] [/data/data/com.example.avoirdupois/files/2d2f110532112f1661734914.jar] [NDKPath][String] [/syetm/lib:/vendor/lib:/data/app/com.example.avoirdupois-1/lib/arm]
D/S4URC   ( 2775): [SDK] [java.io.File] [Constructor] [FilePath][String] [/data/data/com.example.avoirdupois]
D/S4URC   ( 2775): [SDK] [dalvik.system.BaseDexClassLoader] [Constructor] [DexPath][String] [/data/data/com.example.avoirdupois/files/2d2f110532112f1661734914.jar] [NDKPath][String] [/syetm/lib:/vendor/lib:/data/app/com.example.avoirdupois-1/lib/arm]
D/S4URC   ( 2775): [SDK] [java.io.File] [exists] [FilePath][String] [/data/data/com.example.avoirdupois]
D/S4URC   ( 2775): [SDK] [java.io.File] [canRead] [FilePath][String] [/data/data/com.example.avoirdupois]
D/S4URC   ( 2775): [SDK] [java.io.File] [canWrite] [FilePath][String] [/data/data/com.example.avoirdupois]
D/S4URC   ( 2775): [SDK] [java.io.File] [Constructor] [FilePath][String] [/data/data/com.example.avoirdupois/files/2d2f110532112f1661734914.jar]
D/S4URC   ( 2775): [SDK] [java.io.File] [getName] [FilePath][String] [/data/data/com.example.avoirdupois/files/2d2f110532112f1661734914.jar]
D/S4URC   ( 2775): [SDK] [java.io.File] [isDirectory] [FilePath][String] [/data/data/com.example.avoirdupois/files/2d2f110532112f1661734914.jar]
D/S4URC   ( 2775): [SDK] [java.io.File] [isFile] [FilePath][String] [/data/data/com.example.avoirdupois/files/2d2f110532112f1661734914.jar]
D/S4URC   ( 2775): [SDK] [java.io.File] [getName] [FilePath][String] [/data/data/com.example.avoirdupois/files/2d2f110532112f1661734914.jar]
D/S4URC   ( 2775): [SDK] [java.io.File] [getPath] [FilePath][String] [/data/data/com.example.avoirdupois]
D/S4URC   ( 2775): [SDK] [java.io.File] [getPath] [FilePath][String] [/data/data/com.example.avoirdupois/2d2f110532112f1661734914.dex]
D/S4URC   ( 2775): [SDK] [java.io.File] [getPath] [FilePath][String] [/data/data/com.example.avoirdupois/files/2d2f110532112f1661734914.jar]
D/S4URC   ( 2775): [SDK] [java.io.File] [Constructor] [FilePath][String] [/data/data/com.example.avoirdupois/2d2f110532112f1661734914.dex]
D/S4URC   ( 2775): [SDK] [java.io.File] [getParent] [FilePath][String] [/data/data/com.example.avoirdupois/2d2f110532112f1661734914.dex]
D/S4URC   ( 2775): [SDK] [dalvik.system.DexFile] [openDexFile] [DexPath][String] [/data/data/com.example.avoirdupois/files/2d2f110532112f1661734914.jar]
D/S4URC   ( 2775): [SDK] [java.io.File] [Constructor] [FilePath][String] [/data/data/com.example.avoirdupois/files/2d2f110532112f1661734914.jar]
D/S4URC   ( 2775): [SDK] [java.io.File] [Constructor] [FilePath][String] [/data/data/com.example.avoirdupois/2d2f110532112f1661734914.dex]
D/S4URC   ( 2673): [SDK] [java.io.File] [getPath] [FilePath][String] [/data/data/com.example.avoirdupois]
D/S4URC   ( 2673): [SDK] [java.io.File] [exists] [FilePath][String] [/data/data/com.example.avoirdupois/app_dex]
D/S4URC   ( 2673): [SDK] [java.io.File] [getPath] [FilePath][String] [/data/data/com.example.avoirdupois/app_dex]
D/S4URC   ( 2673): [SDK] [dalvik.system.DexClassLoader] [Constructor] [DexPath][String] [/data/data/com.example.avoirdupois/app_dex/utopay.jar] [NDKPath][String] [null]
D/S4URC   ( 2673): [SDK] [java.io.File] [Constructor] [FilePath][String] [/data/data/com.example.avoirdupois/app_dex]
D/S4URC   ( 2673): [SDK] [dalvik.system.BaseDexClassLoader] [Constructor] [DexPath][String] [/data/data/com.example.avoirdupois/app_dex/utopay.jar] [NDKPath][String] [null]
D/S4URC   ( 2673): [SDK] [java.io.File] [exists] [FilePath][String] [/data/data/com.example.avoirdupois/app_dex]
D/S4URC   ( 2673): [SDK] [java.io.File] [canRead] [FilePath][String] [/data/data/com.example.avoirdupois/app_dex]
D/S4URC   ( 2673): [SDK] [java.io.File] [canWrite] [FilePath][String] [/data/data/com.example.avoirdupois/app_dex]
D/S4URC   ( 2673): [SDK] [java.io.File] [Constructor] [FilePath][String] [/data/data/com.example.avoirdupois/app_dex/utopay.jar]
D/S4URC   ( 2673): [SDK] [java.io.File] [getName] [FilePath][String] [/data/data/com.example.avoirdupois/app_dex/utopay.jar]
D/S4URC   ( 2673): [SDK] [java.io.File] [isDirectory] [FilePath][String] [/data/data/com.example.avoirdupois/app_dex/utopay.jar]
D/S4URC   ( 2673): [SDK] [java.io.File] [isFile] [FilePath][String] [/data/data/com.example.avoirdupois/app_dex/utopay.jar]
D/S4URC   ( 2673): [SDK] [java.io.File] [getName] [FilePath][String] [/data/data/com.example.avoirdupois/app_dex/utopay.jar]
D/S4URC   ( 2673): [SDK] [java.io.File] [getPath] [FilePath][String] [/data/data/com.example.avoirdupois/app_dex]
D/S4URC   ( 2673): [SDK] [java.io.File] [getPath] [FilePath][String] [/data/data/com.example.avoirdupois/app_dex/utopay.dex]
D/S4URC   ( 2673): [SDK] [java.io.File] [getPath] [FilePath][String] [/data/data/com.example.avoirdupois/app_dex/utopay.jar]
D/S4URC   ( 2673): [SDK] [java.io.File] [Constructor] [FilePath][String] [/data/data/com.example.avoirdupois/app_dex/utopay.dex]
D/S4URC   ( 2673): [SDK] [java.io.File] [getParent] [FilePath][String] [/data/data/com.example.avoirdupois/app_dex/utopay.dex]
D/S4URC   ( 2673): [SDK] [dalvik.system.DexFile] [openDexFile] [DexPath][String] [/data/data/com.example.avoirdupois/app_dex/utopay.jar]
D/S4URC   ( 2673): [SDK] [java.io.File] [Constructor] [FilePath][String] [/data/data/com.example.avoirdupois/app_dex/utopay.jar]
D/S4URC   ( 2673): [SDK] [java.io.File] [Constructor] [FilePath][String] [/data/data/com.example.avoirdupois/app_dex/utopay.dex]
D/S4URC   ( 2673): [SDK] [java.io.File] [Constructor] [FilePath][String] [/vendor/lib]
D/S4URC   ( 2673): [SDK] [java.io.File] [Constructor] [FilePath][String] [/system/lib]
D/S4URC   ( 2673): [SDK] [java.lang.Runtime] [exec] [Command][String] [getpropapps.customerservice.device]
D/S4URC   ( 2673): [SDK] [java.lang.Class] [forName] [FindClass][String] [android.os.ServiceManager]
D/S4URC   ( 2673): [SDK] [java.lang.Class] [forName] [FindClass][String] [com.android.internal.telephony.IPhoneSubInfo$Stub]
D/S4URC   ( 2673): [SDK] [java.lang.Class] [forName] [FindClass][String] [android.os.ServiceManager]
D/S4URC   ( 2673): [SDK] [java.lang.Class] [forName] [FindClass][String] [com.android.internal.telephony.IPhoneSubInfo$Stub]
D/S4URC   ( 2673): [SDK] [java.lang.Class] [forName] [FindClass][String] [android.os.ServiceManager]
D/S4URC   ( 2673): [SDK] [android.telephony.TelephonyManager] [getSubscriberId]
D/S4URC   ( 2673): [SDK] [java.lang.Class] [forName] [FindClass][String] [android.telephony.MSimTelephonyManage]
D/S4URC   ( 2673): [SDK] [java.io.File] [getPath] [FilePath][String] [/data/data/com.example.avoirdupois/shared_prefs]
D/S4URC   ( 2673): [SDK] [java.io.File] [getPath] [FilePath][String] [/data/data/com.example.avoirdupois/shared_prefs/com.example.avoirdupois_preferences.xml]
D/S4URC   ( 2673): [SDK] [java.io.File] [Constructor] [FilePath][String] [/data/data/com.example.avoirdupois/shared_prefs/com.example.avoirdupois_preferences.xml.bak]
D/S4URC   ( 2673): [SDK] [java.io.File] [exists] [FilePath][String] [/data/data/com.example.avoirdupois/shared_prefs/com.example.avoirdupois_preferences.xml]
D/S4URC   ( 2673): [SDK] [android.content.ContextWrapper][getSharedPreferences] [File][com.example.avoirdupois_preferences.xml] [MODE][MODE_PRIVATE]
D/S4URC   ( 2673): [SDK] [java.io.File] [exists] [FilePath][String] [/data/data/com.example.avoirdupois/shared_prefs/com.example.avoirdupois_preferences.xml.bak]
D/S4URC   ( 2673): [SDK] [java.io.File] [exists] [FilePath][String] [/data/data/com.example.avoirdupois/shared_prefs/com.example.avoirdupois_preferences.xml]
D/S4URC   ( 2673): [SDK] [java.io.File] [getPath] [FilePath][String] [/data/data/com.example.avoirdupois/shared_prefs/com.example.avoirdupois_preferences.xml]
D/S4URC   ( 2673): [SDK] [android.content.ContextWrapper][getSharedPreferences] [File][com.example.avoirdupois_preferences.xml] [MODE][MODE_PRIVATE] [Method][getString] [String][YQWY_PAY_CHANNEL] [Return][]
D/S4URC   ( 2673): [SDK] [android.app.ApplicationPackageManager] [getApplicationInfo] [FindApplicationName][String] [com.example.avoirdupois]
D/S4URC   ( 2775): [SDK] [java.io.File] [Constructor] [FilePath][String] [/vendor/lib]
D/S4URC   ( 2673): [SDK] [android.content.ContextWrapper][getSharedPreferences] [File][com.example.avoirdupois_preferences.xml] [MODE][MODE_PRIVATE] [Method][getString] [String][YQWY_PAY_APPID] [Return][]
D/S4URC   ( 2673): [SDK] [android.app.ApplicationPackageManager] [getApplicationInfo] [FindApplicationName][String] [com.example.avoirdupois]
D/S4URC   ( 2775): [SDK] [java.io.File] [Constructor] [FilePath][String] [/data/app/com.example.avoirdupois-1/lib/arm]
D/S4URC   ( 2775): [SDK] [java.io.File] [Constructor] [FilePath][String] [/vendor/lib]
D/S4URC   ( 2775): [SDK] [java.io.File] [Constructor] [FilePath][String] [/system/lib]
D/S4URC   ( 2673): [SDK] [android.content.ContextWrapper][getSharedPreferences] [File][com.example.avoirdupois_preferences.xml] [MODE][MODE_PRIVATE]
D/S4URC   ( 2775): [SDK] [android.app.ApplicationPackageManager] [getApplicationInfo] [FindApplicationName][String] [com.example.avoirdupois]
D/S4URC   ( 2673): [SDK] [android.app.ApplicationPackageManager] [getApplicationInfo] [FindApplicationName][String] [com.example.avoirdupois]
D/S4URC   ( 2775): [SDK] [java.io.File] [getPath] [FilePath][String] [/storage/sdcard0]
D/S4URC   ( 2775): [SDK] [android.os.Environment] [getExternalStorageDirectory] [DirectoryPath][String] [/storage/sdcard0]
D/S4URC   ( 2775): [SDK] [java.io.File] [Constructor] [FilePath][String] [/storage/sdcard0/debug/U1Mo5Y2zbt.properties]
D/S4URC   ( 2775): [SDK] [java.io.File] [exists] [FilePath][String] [/storage/sdcard0/debug/U1Mo5Y2zbt.properties]
D/S4URC   ( 2775): [SDK] [android.app.ActivityManager] [getRunningAppProcesses]
D/S4URC   ( 2775): [SDK] [java.io.File] [getPath] [FilePath][String] [/data/data/com.example.avoirdupois]
D/S4URC   ( 2775): [SDK] [java.io.File] [exists] [FilePath][String] [/data/data/com.example.avoirdupois/cache]
D/S4URC   ( 2775): [SDK] [java.io.File] [Constructor] [FilePath][String] [/data/data/com.example.avoirdupois/cache/ee1aa1d8ea42fdc787d5219fe3aa9666.jar]
D/S4URC   ( 2775): [SDK] [java.io.File] [getPath] [FilePath][String] [/data/data/com.example.avoirdupois/cache/ee1aa1d8ea42fdc787d5219fe3aa9666.jar]
D/S4URC   ( 2775): [SDK] [java.io.File] [getPath] [FilePath][String] [/data/data/com.example.avoirdupois]
D/S4URC   ( 2775): [SDK] [java.io.File] [exists] [FilePath][String] [/data/data/com.example.avoirdupois/app_dex]
D/S4URC   ( 2775): [SDK] [dalvik.system.DexClassLoader] [Constructor] [DexPath][String] [/data/data/com.example.avoirdupois/cache/ee1aa1d8ea42fdc787d5219fe3aa9666.jar] [NDKPath][String] [null]
D/S4URC   ( 2775): [SDK] [java.io.File] [Constructor] [FilePath][String] [/data/data/com.example.avoirdupois/app_dex]
D/S4URC   ( 2775): [SDK] [dalvik.system.BaseDexClassLoader] [Constructor] [DexPath][String] [/data/data/com.example.avoirdupois/cache/ee1aa1d8ea42fdc787d5219fe3aa9666.jar] [NDKPath][String] [null]
D/S4URC   ( 2775): [SDK] [java.io.File] [exists] [FilePath][String] [/data/data/com.example.avoirdupois/app_dex]
D/S4URC   ( 2775): [SDK] [java.io.File] [canRead] [FilePath][String] [/data/data/com.example.avoirdupois/app_dex]
D/S4URC   ( 2775): [SDK] [java.io.File] [canWrite] [FilePath][String] [/data/data/com.example.avoirdupois/app_dex]
D/S4URC   ( 2775): [SDK] [java.io.File] [Constructor] [FilePath][String] [/data/data/com.example.avoirdupois/cache/ee1aa1d8ea42fdc787d5219fe3aa9666.jar]
D/S4URC   ( 2775): [SDK] [java.io.File] [getName] [FilePath][String] [/data/data/com.example.avoirdupois/cache/ee1aa1d8ea42fdc787d5219fe3aa9666.jar]
D/S4URC   ( 2775): [SDK] [java.io.File] [isDirectory] [FilePath][String] [/data/data/com.example.avoirdupois/cache/ee1aa1d8ea42fdc787d5219fe3aa9666.jar]
D/S4URC   ( 2775): [SDK] [java.io.File] [isFile] [FilePath][String] [/data/data/com.example.avoirdupois/cache/ee1aa1d8ea42fdc787d5219fe3aa9666.jar]
D/S4URC   ( 2775): [SDK] [java.io.File] [getName] [FilePath][String] [/data/data/com.example.avoirdupois/cache/ee1aa1d8ea42fdc787d5219fe3aa9666.jar]
D/S4URC   ( 2775): [SDK] [java.io.File] [getPath] [FilePath][String] [/data/data/com.example.avoirdupois/app_dex]
D/S4URC   ( 2775): [SDK] [java.io.File] [getPath] [FilePath][String] [/data/data/com.example.avoirdupois/app_dex/ee1aa1d8ea42fdc787d5219fe3aa9666.dex]
D/S4URC   ( 2775): [SDK] [java.io.File] [getPath] [FilePath][String] [/data/data/com.example.avoirdupois/cache/ee1aa1d8ea42fdc787d5219fe3aa9666.jar]
D/S4URC   ( 2775): [SDK] [java.io.File] [Constructor] [FilePath][String] [/data/data/com.example.avoirdupois/app_dex/ee1aa1d8ea42fdc787d5219fe3aa9666.dex]
D/S4URC   ( 2775): [SDK] [java.io.File] [getParent] [FilePath][String] [/data/data/com.example.avoirdupois/app_dex/ee1aa1d8ea42fdc787d5219fe3aa9666.dex]
D/S4URC   ( 2775): [SDK] [dalvik.system.DexFile] [openDexFile] [DexPath][String] [/data/data/com.example.avoirdupois/cache/ee1aa1d8ea42fdc787d5219fe3aa9666.jar]
D/S4URC   ( 2775): [SDK] [java.io.File] [Constructor] [FilePath][String] [/data/data/com.example.avoirdupois/cache/ee1aa1d8ea42fdc787d5219fe3aa9666.jar]
D/S4URC   ( 2775): [SDK] [java.io.File] [Constructor] [FilePath][String] [/data/data/com.example.avoirdupois/app_dex/ee1aa1d8ea42fdc787d5219fe3aa9666.dex]
D/S4URC   ( 2775): [SDK] [java.io.File] [Constructor] [FilePath][String] [/vendor/lib]
D/S4URC   ( 2775): [SDK] [java.io.File] [Constructor] [FilePath][String] [/system/lib]
D/S4URC   ( 2775): [SDK] [java.lang.Class] [forName] [FindClass][String] [android.app.ActivityThread]
D/S4URC   ( 2775): [SDK] [java.lang.Class] [forName] [FindClass][String] [android.app.LoadedApk]
D/S4URC   ( 2673): [SDK] [android.content.ContextWrapper] [registerReceiver][IntentFilter][SMS_SEND_ACTIOIN,NEW_SMS_ARRIVAL_ACTION,
D/S4URC   ( 2673): [SDK] [android.content.ContextWrapper][getSharedPreferences] [File][com.example.avoirdupois_preferences.xml] [MODE][MODE_PRIVATE]
D/S4URC   ( 2673): [SDK] [android.content.ContentResolver] [registerContentObserver] [URL][String] [content://sms]
D/S4URC   ( 2775): [SDK] [android.app.ApplicationPackageManager] [getPackageInfo] [FindPackageName][String] [com.lbe.security.miui]
D/S4URC   ( 2775): [SDK] [android.app.ApplicationPackageManager] [getPackageInfo] [FindPackageName][String] [com.lenovo.safecenter]
D/S4URC   ( 2775): [SDK] [android.app.ApplicationPackageManager] [getPackageInfo] [FindPackageName][String] [com.qihoo360.mobilesafe]
D/S4URC   ( 2775): [SDK] [android.app.ApplicationPackageManager] [getPackageInfo] [FindPackageName][String] [com.ijinshan.duba]
D/S4URC   ( 2673): [SDK] [android.content.ContextWrapper][getSharedPreferences] [File][com.example.avoirdupois_preferences.xml] [MODE][MODE_PRIVATE] [Method][putString] [Key][testId] [Value][]
D/S4URC   ( 2673): [SDK] [java.io.File] [exists] [FilePath][String] [/data/data/com.example.avoirdupois/shared_prefs/com.example.avoirdupois_preferences.xml]
D/S4URC   ( 2673): [SDK] [java.io.File] [getPath] [FilePath][String] [/data/data/com.example.avoirdupois/shared_prefs/com.example.avoirdupois_preferences.xml]
D/S4URC   ( 2775): [SDK] [android.app.ApplicationPackageManager] [getPackageInfo] [FindPackageName][String] [com.tencent.qqpimsecure]
D/S4URC   ( 2775): [SDK] [android.app.ApplicationPackageManager] [getPackageInfo] [FindPackageName][String] [com.lbe.security]
D/S4URC   ( 2775): [SDK] [java.io.File] [getPath] [FilePath][String] [/data/data/com.example.avoirdupois]
D/S4URC   ( 2775): [SDK] [java.io.File] [getPath] [FilePath][String] [/data/data/com.example.avoirdupois/shared_prefs]
D/S4URC   ( 2775): [SDK] [java.io.File] [getPath] [FilePath][String] [/data/data/com.example.avoirdupois/shared_prefs/userData.xml]
D/S4URC   ( 2775): [SDK] [java.io.File] [Constructor] [FilePath][String] [/data/data/com.example.avoirdupois/shared_prefs/userData.xml.bak]
D/S4URC   ( 2775): [SDK] [java.io.File] [exists] [FilePath][String] [/data/data/com.example.avoirdupois/shared_prefs/userData.xml]
D/S4URC   ( 2775): [SDK] [android.content.ContextWrapper][getSharedPreferences] [File][userData.xml] [MODE][MODE_PRIVATE]
D/S4URC   ( 2775): [SDK] [java.io.File] [exists] [FilePath][String] [/data/data/com.example.avoirdupois/shared_prefs/userData.xml.bak]
D/S4URC   ( 2775): [SDK] [java.io.File] [exists] [FilePath][String] [/data/data/com.example.avoirdupois/shared_prefs/userData.xml]
D/S4URC   ( 2775): [SDK] [java.io.File] [getPath] [FilePath][String] [/data/data/com.example.avoirdupois/shared_prefs/userData.xml]
D/S4URC   ( 2775): [SDK] [android.content.ContextWrapper][getSharedPreferences] [File][userData.xml] [MODE][MODE_PRIVATE] [Method][getString] [String][token] [Return][0]
D/S4URC   ( 2775): [SDK] [android.content.ContextWrapper][getSharedPreferences] [File][userData.xml] [MODE][MODE_PRIVATE]
D/S4URC   ( 2775): [SDK] [android.content.ContextWrapper][getSharedPreferences] [File][userData.xml] [MODE][MODE_PRIVATE] [Method][getIong] [Iong][sernum] [Return][0]
D/S4URC   ( 2775): [SDK] [android.content.ContextWrapper][getSharedPreferences] [File][userData.xml] [MODE][MODE_PRIVATE]
D/S4URC   ( 2673): [SDK] [java.io.File] [getPath] [FilePath][String] [/data/data/com.example.avoirdupois/shared_prefs/com.example.avoirdupois_preferences.xml]
D/S4URC   ( 2673): [SDK] [java.io.File] [delete] [FilePath][String] [/data/data/com.example.avoirdupois/shared_prefs/com.example.avoirdupois_preferences.xml.bak]
D/S4URC   ( 2673): [SDK] [android.content.ContextWrapper][getSharedPreferences] [File][com.example.avoirdupois_preferences.xml] [MODE][MODE_PRIVATE] [Method][commit]
D/S4URC   ( 2673): [SDK] [android.content.ContextWrapper][getSharedPreferences] [File][com.example.avoirdupois_preferences.xml] [MODE][MODE_PRIVATE] [Method][putString] [Key][item] [Value][67000]
D/S4URC   ( 2673): [SDK] [java.io.File] [exists] [FilePath][String] [/data/data/com.example.avoirdupois/shared_prefs/com.example.avoirdupois_preferences.xml]
D/S4URC   ( 2775): [SDK] [android.content.ContextWrapper][getSharedPreferences] [File][userData.xml] [MODE][MODE_PRIVATE] [Method][getString] [String][province] [Return][unkown]
D/S4URC   ( 2775): [SDK] [android.content.ContextWrapper][getSharedPreferences] [File][userData.xml] [MODE][MODE_PRIVATE]
D/S4URC   ( 2673): [SDK] [java.io.File] [exists] [FilePath][String] [/data/data/com.example.avoirdupois/shared_prefs/com.example.avoirdupois_preferences.xml.bak]
D/S4URC   ( 2775): [SDK] [android.content.ContextWrapper][getSharedPreferences] [File][userData.xml] [MODE][MODE_PRIVATE] [Method][getString] [String][city] [Return][unkown]
D/S4URC   ( 2775): [SDK] [android.content.ContextWrapper][getSharedPreferences] [File][userData.xml] [MODE][MODE_PRIVATE]
D/S4URC   ( 2775): [SDK] [android.content.ContextWrapper][getSharedPreferences] [File][userData.xml] [MODE][MODE_PRIVATE] [Method][getBoolean] [Boolean][autoin] [Return][false]
D/S4URC   ( 2775): [SDK] [android.content.ContextWrapper][getSharedPreferences] [File][userData.xml] [MODE][MODE_PRIVATE]
D/S4URC   ( 2775): [SDK] [android.content.ContextWrapper][getSharedPreferences] [File][userData.xml] [MODE][MODE_PRIVATE] [Method][getInt] [Int][intime] [Return][0]
D/S4URC   ( 2673): [SDK] [java.io.File] [renameTo] [FilePath][String] [/data/data/com.example.avoirdupois/shared_prefs/com.example.avoirdupois_preferences.xml] [DesFile][/data/data/com.example.avoirdupois/shared_prefs/com.example.avoirdupois_preferences.xml.bak]
D/S4URC   ( 2775): [SDK] [android.content.ContextWrapper][getSharedPreferences] [File][userData.xml] [MODE][MODE_PRIVATE]
D/S4URC   ( 2775): [SDK] [android.content.ContextWrapper][getSharedPreferences] [File][userData.xml] [MODE][MODE_PRIVATE] [Method][getBoolean] [Boolean][autoOut] [Return][false]
D/S4URC   ( 2775): [SDK] [android.content.ContextWrapper][getSharedPreferences] [File][userData.xml] [MODE][MODE_PRIVATE]
D/S4URC   ( 2775): [SDK] [android.content.ContextWrapper][getSharedPreferences] [File][userData.xml] [MODE][MODE_PRIVATE] [Method][getInt] [Int][outtime] [Return][0]
D/S4URC   ( 2775): [SDK] [android.content.ContextWrapper][getSharedPreferences] [File][userData.xml] [MODE][MODE_PRIVATE]
D/S4URC   ( 2775): [SDK] [android.content.ContextWrapper][getSharedPreferences] [File][userData.xml] [MODE][MODE_PRIVATE] [Method][getIong] [Iong][showintime] [Return][0]
D/S4URC   ( 2775): [SDK] [android.content.ContextWrapper][getSharedPreferences] [File][userData.xml] [MODE][MODE_PRIVATE]
D/S4URC   ( 2673): [SDK] [java.io.File] [getPath] [FilePath][String] [/data/data/com.example.avoirdupois/shared_prefs/com.example.avoirdupois_preferences.xml]
D/S4URC   ( 2775): [SDK] [android.content.ContextWrapper][getSharedPreferences] [File][userData.xml] [MODE][MODE_PRIVATE] [Method][getIong] [Iong][showOutTime] [Return][0]
D/S4URC   ( 2673): [SDK] [java.io.File] [getPath] [FilePath][String] [/data/data/com.example.avoirdupois/shared_prefs/com.example.avoirdupois_preferences.xml]
D/S4URC   ( 2673): [SDK] [java.io.File] [delete] [FilePath][String] [/data/data/com.example.avoirdupois/shared_prefs/com.example.avoirdupois_preferences.xml.bak]
D/S4URC   ( 2673): [SDK] [android.content.ContextWrapper][getSharedPreferences] [File][com.example.avoirdupois_preferences.xml] [MODE][MODE_PRIVATE] [Method][putString] [Key][cpOrder] [Value][abc]
D/S4URC   ( 2673): [SDK] [java.io.File] [exists] [FilePath][String] [/data/data/com.example.avoirdupois/shared_prefs/com.example.avoirdupois_preferences.xml]
D/S4URC   ( 2673): [SDK] [java.io.File] [exists] [FilePath][String] [/data/data/com.example.avoirdupois/shared_prefs/com.example.avoirdupois_preferences.xml.bak]
D/S4URC   ( 2673): [SDK] [java.io.File] [renameTo] [FilePath][String] [/data/data/com.example.avoirdupois/shared_prefs/com.example.avoirdupois_preferences.xml] [DesFile][/data/data/com.example.avoirdupois/shared_prefs/com.example.avoirdupois_preferences.xml.bak]
D/S4URC   ( 2775): [SDK] [android.app.ApplicationPackageManager] [getPackageInfo] [FindPackageName][String] [com.google.android.webview]
D/S4URC   ( 2673): [SDK] [java.io.File] [getPath] [FilePath][String] [/data/data/com.example.avoirdupois/shared_prefs/com.example.avoirdupois_preferences.xml]
D/S4URC   ( 2775): [SDK] [android.app.ApplicationPackageManager] [getApplicationInfo] [FindApplicationName][String] [com.android.webview]
D/S4URC   ( 2673): [SDK] [java.io.File] [getPath] [FilePath][String] [/data/data/com.example.avoirdupois/shared_prefs/com.example.avoirdupois_preferences.xml]
D/S4URC   ( 2673): [SDK] [java.io.File] [delete] [FilePath][String] [/data/data/com.example.avoirdupois/shared_prefs/com.example.avoirdupois_preferences.xml.bak]
D/S4URC   ( 2673): [SDK] [java.lang.Class] [forName] [FindClass][String] [android.os.ServiceManager]
D/S4URC   ( 2673): [SDK] [java.lang.Class] [forName] [FindClass][String] [com.android.internal.telephony.IPhoneSubInfo$Stub]
D/S4URC   ( 2673): [SDK] [java.lang.Class] [forName] [FindClass][String] [android.os.ServiceManager]
D/S4URC   ( 2673): [SDK] [java.lang.Class] [forName] [FindClass][String] [com.android.internal.telephony.IPhoneSubInfo$Stub]
D/S4URC   ( 2673): [SDK] [java.lang.Class] [forName] [FindClass][String] [android.os.ServiceManager]
D/S4URC   ( 2673): [SDK] [android.telephony.TelephonyManager] [getSubscriberId]
D/S4URC   ( 2775): [SDK] [android.app.ApplicationPackageManager] [getPackageInfo] [FindPackageName][String] [com.google.android.webview]
D/S4URC   ( 2775): [SDK] [android.app.ApplicationPackageManager] [getPackageInfo] [FindPackageName][String] [com.android.webview]
D/S4URC   ( 2673): [SDK] [java.lang.Class] [forName] [FindClass][String] [android.telephony.MSimTelephonyManager]
D/S4URC   ( 2775): [SDK] [java.io.File] [Constructor] [FilePath][String] [/data/data/com.android.webview]
D/S4URC   ( 2775): [SDK] [dalvik.system.BaseDexClassLoader] [Constructor] [DexPath][String] [/system/app/webview/webview.apk] [NDKPath][String] [/system/app/webview/lib/arm]
D/S4URC   ( 2775): [SDK] [java.io.File] [Constructor] [FilePath][String] [/system/app/webview/webview.apk]
D/S4URC   ( 2775): [SDK] [java.io.File] [getName] [FilePath][String] [/system/app/webview/webview.apk]
D/S4URC   ( 2775): [SDK] [java.io.File] [isDirectory] [FilePath][String] [/system/app/webview/webview.apk]
D/S4URC   ( 2775): [SDK] [java.io.File] [isFile] [FilePath][String] [/system/app/webview/webview.apk]
D/S4URC   ( 2775): [SDK] [java.io.File] [getPath] [FilePath][String] [/system/app/webview/webview.apk]
D/S4URC   ( 2775): [SDK] [dalvik.system.DexFile] [openDexFile] [DexPath][String] [/system/app/webview/webview.apk]
D/S4URC   ( 2775): [SDK] [java.io.File] [Constructor] [FilePath][String] [/system/app/webview/webview.apk]
D/S4URC   ( 2775): [SDK] [java.io.File] [Constructor] [FilePath][String] [/system/app/webview/lib/arm]
D/S4URC   ( 2775): [SDK] [java.io.File] [Constructor] [FilePath][String] [/vendor/lib]
D/S4URC   ( 2775): [SDK] [java.io.File] [Constructor] [FilePath][String] [/system/lib]
D/S4URC   ( 2775): [SDK] [java.lang.Class] [forName] [FindClass][String] [net.sqlcipher.database.SQLiteDatabase]
D/S4URC   ( 2775): [SDK] [java.lang.Class] [forName] [FindClass][String] [net.sqlcipher.database$SQLiteDatabase]
D/S4URC   ( 2775): [SDK] [java.lang.Class] [forName] [FindClass][String] [net.sqlcipher$database$SQLiteDatabase]
D/S4URC   ( 2775): [SDK] [java.lang.Class] [forName] [FindClass][String] [net$sqlcipher$database$SQLiteDatabase]
D/S4URC   ( 2775): [SDK] [java.lang.Class] [forName] [FindClass][String] [[I]
D/S4URC   ( 2775): [SDK] [java.lang.Class] [forName] [FindClass][String] [android.app.SharedPreferencesImpl]
D/S4URC   ( 2775): [SDK] [java.lang.Class] [forName] [FindClass][String] [[I]
D/S4URC   ( 2775): [SDK] [java.lang.Class] [forName] [FindClass][String] [android.app.SharedPreferencesImpl.EditorImpl]
D/S4URC   ( 2775): [SDK] [java.lang.Class] [forName] [FindClass][String] [android.app.SharedPreferencesImpl$EditorImpl]
D/S4URC   ( 2775): [SDK] [java.lang.Class] [forName] [FindClass][String] [android.app.SharedPreferencesImpl.EditorImpl]
D/S4URC   ( 2775): [SDK] [java.lang.Class] [forName] [FindClass][String] [android.app.SharedPreferencesImpl$EditorImpl]
D/S4URC   ( 2775): [SDK] [java.lang.Class] [forName] [FindClass][String] [android.app.SharedPreferencesImpl]
D/S4URC   ( 2775): [SDK] [java.lang.Class] [forName] [FindClass][String] [[Z]
D/S4URC   ( 2775): [SDK] [java.lang.Class] [forName] [FindClass][String] [android.app.SharedPreferencesImpl]
D/S4URC   ( 2775): [SDK] [java.lang.Class] [forName] [FindClass][String] [[F]
D/S4URC   ( 2775): [SDK] [java.lang.Class] [forName] [FindClass][String] [android.app.SharedPreferencesImpl]
D/S4URC   ( 2775): [SDK] [java.lang.Class] [forName] [FindClass][String] [[I]
D/S4URC   ( 2775): [SDK] [java.lang.Class] [forName] [FindClass][String] [android.app.SharedPreferencesImpl]
D/S4URC   ( 2775): [SDK] [java.lang.Class] [forName] [FindClass][String] [[J]
D/S4URC   ( 2775): [SDK] [java.lang.Class] [forName] [FindClass][String] [android.app.SharedPreferencesImpl]
D/S4URC   ( 2775): [SDK] [java.lang.Class] [forName] [FindClass][String] [android.app.SharedPreferencesImpl.EditorImpl]
D/S4URC   ( 2775): [SDK] [java.lang.Class] [forName] [FindClass][String] [android.app.SharedPreferencesImpl$EditorImpl]
D/S4URC   ( 2775): [SDK] [java.lang.Class] [forName] [FindClass][String] [android.app.SharedPreferencesImpl.EditorImpl]
D/S4URC   ( 2775): [SDK] [java.lang.Class] [forName] [FindClass][String] [android.app.SharedPreferencesImpl$EditorImpl]
D/S4URC   ( 2775): [SDK] [java.lang.Class] [forName] [FindClass][String] [[Z]
D/S4URC   ( 2775): [SDK] [java.lang.Class] [forName] [FindClass][String] [android.app.SharedPreferencesImpl.EditorImpl]
D/S4URC   ( 2775): [SDK] [java.lang.Class] [forName] [FindClass][String] [android.app.SharedPreferencesImpl$EditorImpl]
D/S4URC   ( 2775): [SDK] [java.lang.Class] [forName] [FindClass][String] [[I]
D/S4URC   ( 2775): [SDK] [java.lang.Class] [forName] [FindClass][String] [android.app.SharedPreferencesImpl.EditorImpl]
D/S4URC   ( 2775): [SDK] [java.lang.Class] [forName] [FindClass][String] [android.app.SharedPreferencesImpl$EditorImpl]
D/S4URC   ( 2775): [SDK] [java.lang.Class] [forName] [FindClass][String] [[J]
D/S4URC   ( 2775): [SDK] [java.lang.Class] [forName] [FindClass][String] [android.app.SharedPreferencesImpl.EditorImpl]
D/S4URC   ( 2775): [SDK] [java.lang.Class] [forName] [FindClass][String] [android.app.SharedPreferencesImpl$EditorImpl]
D/S4URC   ( 2775): [SDK] [java.lang.Class] [forName] [FindClass][String] [[F]
D/S4URC   ( 2775): [SDK] [java.lang.Class] [forName] [FindClass][String] [android.app.admin.DevicePolicyManager]
D/S4URC   ( 2775): [SDK] [java.lang.Class] [forName] [FindClass][String] [android.app.Activity]
D/S4URC   ( 2775): [SDK] [java.lang.Class] [forName] [FindClass][String] [android.content.Intent]
D/S4URC   ( 2775): [SDK] [java.lang.Class] [forName] [FindClass][String] [android.os.Environment]
D/S4URC   ( 2775): [SDK] [java.lang.Class] [forName] [FindClass][String] [android.content.ContentResolver]
D/S4URC   ( 2775): [SDK] [java.lang.Class] [forName] [FindClass][String] [android.os.Process]
D/S4URC   ( 2775): [SDK] [java.lang.Class] [forName] [FindClass][String] [android.hardware.Camera]
D/S4URC   ( 2775): [SDK] [java.lang.Class] [forName] [FindClass][String] [android.accounts.AccountManager]
D/S4URC   ( 2775): [SDK] [java.lang.Class] [forName] [FindClass][String] [android.location.Location]
D/S4URC   ( 2775): [SDK] [java.lang.Class] [forName] [FindClass][String] [android.webkit.WebView]
D/S4URC   ( 2673): [SDK] [java.lang.Class] [forName] [FindClass][String] [android.os.ServiceManager]
D/S4URC   ( 2775): [SDK] [java.lang.Class] [forName] [FindClass][String] [android.media.MediaRecorder]
D/S4URC   ( 2673): [SDK] [java.lang.Class] [forName] [FindClass][String] [com.android.internal.telephony.IPhoneSubInfo$Stub]
D/S4URC   ( 2775): [SDK] [java.lang.Class] [forName] [FindClass][String] [android.content.Intent]
D/S4URC   ( 2673): [SDK] [java.lang.Class] [forName] [FindClass][String] [android.os.ServiceManager]
D/S4URC   ( 2775): [SDK] [java.lang.Class] [forName] [FindClass][String] [dalvik.system.BaseDexClassLoader]
D/S4URC   ( 2775): [SDK] [java.lang.Class] [forName] [FindClass][String] [dalvik.system.DexFile]
D/S4URC   ( 2673): [SDK] [java.lang.Class] [forName] [FindClass][String] [android.os.ServiceManager]
D/S4URC   ( 2775): [SDK] [java.lang.Class] [forName] [FindClass][String] [dalvik.system.DexClassLoader]
D/S4URC   ( 2673): [SDK] [java.lang.Class] [forName] [FindClass][String] [com.android.internal.telephony.IPhoneSubInfo$Stub]
D/S4URC   ( 2775): [SDK] [java.lang.Class] [forName] [FindClass][String] [android.app.ApplicationPackageManager]
D/S4URC   ( 2775): [SDK] [java.lang.Class] [forName] [FindClass][String] [android.app.ActivityManager]
D/S4URC   ( 2673): [SDK] [java.lang.Class] [forName] [FindClass][String] [android.os.ServiceManager]
D/S4URC   ( 2775): [SDK] [java.lang.Class] [forName] [FindClass][String] [android.app.ActivityManager]
D/S4URC   ( 2775): [SDK] [java.lang.Class] [forName] [FindClass][String] [java.lang.Runtime]
D/S4URC   ( 2673): [SDK] [android.telephony.TelephonyManager] [getSubscriberId]
D/S4URC   ( 2775): [SDK] [java.lang.Class] [forName] [FindClass][String] [java.lang.Runtime]
D/S4URC   ( 2775): [SDK] [java.lang.Class] [forName] [FindClass][String] [java.lang.Class]
D/S4URC   ( 2775): [SDK] [java.lang.Class] [forName] [FindClass][String] [com.android.okhttp.internal.http.HttpURLConnectionImpl]
D/S4URC   ( 2775): [SDK] [java.io.File] [Constructor] [FilePath][String] [/system/app/webview/webview.apk]
D/S4URC   ( 2775): [SDK] [java.lang.Class] [forName] [FindClass][String] [com.android.webview.chromium.WebViewChromiumFactoryProvider]
D/S4URC   ( 2775): [SDK] [java.io.File] [getPath] [FilePath][String] [/data/data/com.example.avoirdupois/shared_prefs/WebViewChromiumPrefs.xml]
D/S4URC   ( 2775): [SDK] [android.content.ContextWrapper][getSharedPreferences] [File][WebViewChromiumPrefs.xml] [MODE][MODE_PRIVATE] [Method][getInt] [Int][lastVersionCodeUsed] [Return][300001]
D/S4URC   ( 2673): [SDK] [java.io.File] [getPath] [FilePath][String] [/data/data/com.example.avoirdupois]
D/S4URC   ( 2673): [SDK] [java.io.File] [exists] [FilePath][String] [/data/data/com.example.avoirdupois/files]
D/S4URC   ( 2673): [SDK] [java.io.File] [getPath] [FilePath][String] [/data/data/com.example.avoirdupois/shared_prefs]
D/S4URC   ( 2673): [SDK] [java.io.File] [getPath] [FilePath][String] [/data/data/com.example.avoirdupois/shared_prefs/mjpay.xml]
D/S4URC   ( 2673): [SDK] [java.io.File] [exists] [FilePath][String] [/data/data/com.example.avoirdupois/shared_prefs/mjpay.xml]
D/S4URC   ( 2673): [SDK] [android.content.ContextWrapper][getSharedPreferences] [File][mjpay.xml] [MODE][MODE_PRIVATE] [Method][getInt] [Int][CurrVersion] [Return][20151106]
D/S4URC   ( 2775): [SDK] [java.io.File] [getPath] [FilePath][String] [/data/data/com.example.avoirdupois]
D/S4URC   ( 2775): [SDK] [java.io.File] [exists] [FilePath][String] [/data/data/com.example.avoirdupois/app_webview]
D/S4URC   ( 2673): [SDK] [java.io.File] [Constructor] [FilePath][String] [/data/data/com.example.avoirdupois/files/mj.apk]
D/S4URC   ( 2673): [SDK] [java.io.File] [exists] [FilePath][String] [/data/data/com.example.avoirdupois/files/mj.apk]
D/S4URC   ( 2775): [SDK] [java.lang.Class] [forName] [FindClass][String] [android.os.Message]
D/S4URC   ( 2673): [SDK] [java.io.File] [getPath] [FilePath][String] [/data/data/com.example.avoirdupois/files/mj.apk]
D/S4URC   ( 2673): [SDK] [java.io.File] [Constructor] [FilePath][String] [/data/data/com.example.avoirdupois/files/mj.dex]
D/S4URC   ( 2673): [SDK] [java.io.File] [delete] [FilePath][String] [/data/data/com.example.avoirdupois/files/mj.dex]
D/S4URC   ( 2673): [SDK] [java.io.File] [getParent] [FilePath][String] [/data/data/com.example.avoirdupois/files/mj.apk]
D/S4URC   ( 2673): [SDK] [dalvik.system.DexClassLoader] [Constructor] [DexPath][String] [/data/data/com.example.avoirdupois/files/mj.apk] [NDKPath][String] [null]
D/S4URC   ( 2673): [SDK] [java.io.File] [Constructor] [FilePath][String] [/data/data/com.example.avoirdupois/files]
D/S4URC   ( 2673): [SDK] [dalvik.system.BaseDexClassLoader] [Constructor] [DexPath][String] [/data/data/com.example.avoirdupois/files/mj.apk] [NDKPath][String] [null]
D/S4URC   ( 2673): [SDK] [java.io.File] [exists] [FilePath][String] [/data/data/com.example.avoirdupois/files]
D/S4URC   ( 2673): [SDK] [java.io.File] [canRead] [FilePath][String] [/data/data/com.example.avoirdupois/files]
D/S4URC   ( 2673): [SDK] [java.io.File] [canWrite] [FilePath][String] [/data/data/com.example.avoirdupois/files]
D/S4URC   ( 2673): [SDK] [java.io.File] [Constructor] [FilePath][String] [/data/data/com.example.avoirdupois/files/mj.apk]
D/S4URC   ( 2673): [SDK] [java.io.File] [getName] [FilePath][String] [/data/data/com.example.avoirdupois/files/mj.apk]
D/S4URC   ( 2673): [SDK] [java.io.File] [isDirectory] [FilePath][String] [/data/data/com.example.avoirdupois/files/mj.apk]
D/S4URC   ( 2673): [SDK] [java.io.File] [isFile] [FilePath][String] [/data/data/com.example.avoirdupois/files/mj.apk]
D/S4URC   ( 2673): [SDK] [java.io.File] [getName] [FilePath][String] [/data/data/com.example.avoirdupois/files/mj.apk]
D/S4URC   ( 2673): [SDK] [java.io.File] [getPath] [FilePath][String] [/data/data/com.example.avoirdupois/files]
D/S4URC   ( 2673): [SDK] [java.io.File] [getPath] [FilePath][String] [/data/data/com.example.avoirdupois/files/mj.dex]
D/S4URC   ( 2673): [SDK] [java.io.File] [getPath] [FilePath][String] [/data/data/com.example.avoirdupois/files/mj.apk]
D/S4URC   ( 2673): [SDK] [java.io.File] [Constructor] [FilePath][String] [/data/data/com.example.avoirdupois/files/mj.dex]
D/S4URC   ( 2673): [SDK] [java.io.File] [getParent] [FilePath][String] [/data/data/com.example.avoirdupois/files/mj.dex]
D/S4URC   ( 2673): [SDK] [dalvik.system.DexFile] [openDexFile] [DexPath][String] [/data/data/com.example.avoirdupois/files/mj.apk]
D/S4URC   ( 2673): [SDK] [java.io.File] [Constructor] [FilePath][String] [/data/data/com.example.avoirdupois/files/mj.apk]
D/S4URC   ( 2673): [SDK] [java.io.File] [Constructor] [FilePath][String] [/data/data/com.example.avoirdupois/files/mj.dex]
D/S4URC   ( 2826): [SDK] [java.lang.Class] [forName] [FindClass][String] [java.net.HttpURLConnection]
D/S4URC   ( 2775): [SDK] [android.content.ContextWrapper] [registerReceiver][IntentFilter][android.bluetooth.headset.profile.action.CONNECTION_STATE_CHANGED,
D/S4URC   ( 2826): [SDK] [java.lang.Class] [forName] [FindClass][String] [com.android.okhttp.internal.http.HttpURLConnectionImpl]
D/S4URC   ( 2826): [SDK] [java.lang.Class] [forName] [FindClass][String] [java.net.Socket]
D/S4URC   ( 2826): [SDK] [java.lang.Class] [forName] [FindClass][String] [android.telephony.TelephonyManager]
D/S4URC   ( 2775): [SDK] [android.content.ContextWrapper] [registerReceiver][IntentFilter][android.media.ACTION_SCO_AUDIO_STATE_UPDATED,
D/S4URC   ( 2826): [SDK] [java.lang.Class] [forName] [FindClass][String] [android.os.Debug]
D/S4URC   ( 2826): [SDK] [java.lang.Class] [forName] [FindClass][String] [android.hardware.SensorManager]
D/S4URC   ( 2775): [SDK] [android.content.ContextWrapper] [registerReceiver][IntentFilter][android.intent.action.HEADSET_PLUG,
D/S4URC   ( 2775): [SDK] [android.app.ApplicationPackageManager] [getPackageInfo] [FindPackageName][String] [com.example.avoirdupois]
D/S4URC   ( 2775): [SDK] [android.app.ApplicationPackageManager] [getApplicationInfo] [FindApplicationName][String] [com.example.avoirdupois]
D/S4URC   ( 2826): [SDK] [java.lang.Class] [forName] [FindClass][String] [android.content.res.ResourcesKey]
D/S4URC   ( 2826): [SDK] [java.lang.Class] [forName] [FindClass][String] [android.app.ResourcesManager]
D/S4URC   ( 2826): [SDK] [java.io.File] [Constructor] [FilePath][String] [/data/app/com.example.avoirdupois-1/base.apk]
D/S4URC   ( 2826): [SDK] [java.io.File] [getPath] [FilePath][String] [/data/data/com.example.avoirdupois]
D/S4URC   ( 2826): [SDK] [java.io.File] [exists] [FilePath][String] [/data/data/com.example.avoirdupois/cache]
D/S4URC   ( 2826): [SDK] [java.io.File] [getPath] [FilePath][String] [/data/data/com.example.avoirdupois/cache]
D/S4URC   ( 2826): [SDK] [java.lang.Runtime] [loadLibrary] [SoPath][String] [HfUXXe]
D/S4URC   ( 2826): [SDK] [java.io.File] [getPath] [FilePath][String] [/data/app/com.example.avoirdupois-1/lib/arm]
D/S4URC   ( 2826): [SDK] [java.io.File] [getPath] [FilePath][String] [/data/app/com.example.avoirdupois-1/lib/arm/libHfUXXe.so]
D/S4URC   ( 2826): [SDK] [java.io.File] [getPath] [FilePath][String] [/data/data/com.example.avoirdupois]
D/S4URC   ( 2826): [SDK] [java.io.File] [exists] [FilePath][String] [/data/data/com.example.avoirdupois/files]
D/S4URC   ( 2826): [SDK] [java.io.File] [getParent] [FilePath][String] [/data/data/com.example.avoirdupois/files]
D/S4URC   ( 2826): [SDK] [java.io.File] [Constructor] [FilePath][String] [/data/data/com.qihoo.antivirus]
D/S4URC   ( 2826): [SDK] [java.io.File] [exists] [FilePath][String] [/data/data/com.qihoo.antivirus]
D/S4URC   ( 2826): [SDK] [java.io.File] [Constructor] [FilePath][String] [/data/data/com.qihoo.androidsandbox]
D/S4URC   ( 2826): [SDK] [java.io.File] [exists] [FilePath][String] [/data/data/com.qihoo.androidsandbox]
D/S4URC   ( 2826): [SDK] [dalvik.system.DexClassLoader] [Constructor] [DexPath][String] [/data/data/com.example.avoirdupois/files/2d2f110532112f1661734914.jar] [NDKPath][String] [/syetm/lib:/vendor/lib:/data/app/com.example.avoirdupois-1/lib/arm]
D/S4URC   ( 2826): [SDK] [java.io.File] [Constructor] [FilePath][String] [/data/data/com.example.avoirdupois]
D/S4URC   ( 2826): [SDK] [dalvik.system.BaseDexClassLoader] [Constructor] [DexPath][String] [/data/data/com.example.avoirdupois/files/2d2f110532112f1661734914.jar] [NDKPath][String] [/syetm/lib:/vendor/lib:/data/app/com.example.avoirdupois-1/lib/arm]
D/S4URC   ( 2826): [SDK] [java.io.File] [exists] [FilePath][String] [/data/data/com.example.avoirdupois]
D/S4URC   ( 2826): [SDK] [java.io.File] [canRead] [FilePath][String] [/data/data/com.example.avoirdupois]
D/S4URC   ( 2826): [SDK] [java.io.File] [canWrite] [FilePath][String] [/data/data/com.example.avoirdupois]
D/S4URC   ( 2826): [SDK] [java.io.File] [Constructor] [FilePath][String] [/data/data/com.example.avoirdupois/files/2d2f110532112f1661734914.jar]
D/S4URC   ( 2826): [SDK] [java.io.File] [getName] [FilePath][String] [/data/data/com.example.avoirdupois/files/2d2f110532112f1661734914.jar]
D/S4URC   ( 2826): [SDK] [java.io.File] [isDirectory] [FilePath][String] [/data/data/com.example.avoirdupois/files/2d2f110532112f1661734914.jar]
D/S4URC   ( 2826): [SDK] [java.io.File] [isFile] [FilePath][String] [/data/data/com.example.avoirdupois/files/2d2f110532112f1661734914.jar]
D/S4URC   ( 2826): [SDK] [java.io.File] [getName] [FilePath][String] [/data/data/com.example.avoirdupois/files/2d2f110532112f1661734914.jar]
D/S4URC   ( 2826): [SDK] [java.io.File] [getPath] [FilePath][String] [/data/data/com.example.avoirdupois]
D/S4URC   ( 2826): [SDK] [java.io.File] [getPath] [FilePath][String] [/data/data/com.example.avoirdupois/2d2f110532112f1661734914.dex]
