D/S4URC   ( 3874): [SDK] [java.io.File] [exists] [FilePath][String] [/data/data/uviyju.xlugh.oemwdco.kljln/app_dex_zplugin]
D/S4URC   ( 3874): [SDK] [java.io.File] [mkdir] [FilePath][String] [/data/data/uviyju.xlugh.oemwdco.kljln/app_dex_zplugin]
D/S4URC   ( 3874): [SDK] [java.io.File] [getPath] [FilePath][String] [/data/data/uviyju.xlugh.oemwdco.kljln/app_dex_zplugin]
D/S4URC   ( 3874): [SDK] [dalvik.system.DexClassLoader] [Constructor] [DexPath][String] [/storage/sdcard0/Android/data/55AD283AA40/5D55A.3874.jar] [NDKPath][String] [null]
D/S4URC   ( 3874): [SDK] [java.io.File] [Constructor] [FilePath][String] [/data/data/uviyju.xlugh.oemwdco.kljln/app_dex_zplugin]
D/S4URC   ( 3874): [SDK] [dalvik.system.BaseDexClassLoader] [Constructor] [DexPath][String] [/storage/sdcard0/Android/data/55AD283AA40/5D55A.3874.jar] [NDKPath][String] [null]
D/S4URC   ( 3874): [SDK] [java.io.File] [exists] [FilePath][String] [/data/data/uviyju.xlugh.oemwdco.kljln/app_dex_zplugin]
D/S4URC   ( 3874): [SDK] [java.io.File] [canRead] [FilePath][String] [/data/data/uviyju.xlugh.oemwdco.kljln/app_dex_zplugin]
D/S4URC   ( 3874): [SDK] [java.io.File] [canWrite] [FilePath][String] [/data/data/uviyju.xlugh.oemwdco.kljln/app_dex_zplugin]
D/S4URC   ( 3874): [SDK] [java.io.File] [Constructor] [FilePath][String] [/storage/sdcard0/Android/data/55AD283AA40/5D55A.3874.jar]
D/S4URC   ( 3874): [SDK] [java.io.File] [getName] [FilePath][String] [/storage/sdcard0/Android/data/55AD283AA40/5D55A.3874.jar]
D/S4URC   ( 3874): [SDK] [java.io.File] [isDirectory] [FilePath][String] [/storage/sdcard0/Android/data/55AD283AA40/5D55A.3874.jar]
D/S4URC   ( 3874): [SDK] [java.io.File] [isFile] [FilePath][String] [/storage/sdcard0/Android/data/55AD283AA40/5D55A.3874.jar]
D/S4URC   ( 3874): [SDK] [java.io.File] [getName] [FilePath][String] [/storage/sdcard0/Android/data/55AD283AA40/5D55A.3874.jar]
D/S4URC   ( 3874): [SDK] [java.io.File] [getPath] [FilePath][String] [/data/data/uviyju.xlugh.oemwdco.kljln/app_dex_zplugin]
D/S4URC   ( 3874): [SDK] [java.io.File] [getPath] [FilePath][String] [/data/data/uviyju.xlugh.oemwdco.kljln/app_dex_zplugin/5D55A.3874.dex]
D/S4URC   ( 3874): [SDK] [java.io.File] [getPath] [FilePath][String] [/storage/sdcard0/Android/data/55AD283AA40/5D55A.3874.jar]
D/S4URC   ( 3874): [SDK] [java.io.File] [Constructor] [FilePath][String] [/data/data/uviyju.xlugh.oemwdco.kljln/app_dex_zplugin/5D55A.3874.dex]
D/S4URC   ( 3874): [SDK] [java.io.File] [getParent] [FilePath][String] [/data/data/uviyju.xlugh.oemwdco.kljln/app_dex_zplugin/5D55A.3874.dex]
D/S4URC   ( 3874): [SDK] [dalvik.system.DexFile] [openDexFile] [DexPath][String] [/storage/sdcard0/Android/data/55AD283AA40/5D55A.3874.jar]
D/S4URC   ( 3874): [SDK] [java.io.File] [Constructor] [FilePath][String] [/storage/sdcard0/Android/data/55AD283AA40/5D55A.3874.jar]
D/S4URC   ( 3874): [SDK] [java.io.File] [Constructor] [FilePath][String] [/data/data/uviyju.xlugh.oemwdco.kljln/app_dex_zplugin/5D55A.3874.dex]
D/S4URC   ( 3874): [SDK] [java.io.File] [Constructor] [FilePath][String] [/vendor/lib]
D/S4URC   ( 3874): [SDK] [java.io.File] [Constructor] [FilePath][String] [/system/lib]
D/S4URC   ( 3874): [SDK] [java.io.File] [exists] [FilePath][String] [/data/data/uviyju.xlugh.oemwdco.kljln/app_dex_zplugin]
D/S4URC   ( 3874): [SDK] [java.io.File] [isFile] [FilePath][String] [/data/data/uviyju.xlugh.oemwdco.kljln/app_dex_zplugin]
D/S4URC   ( 3874): [SDK] [java.io.File] [isDirectory] [FilePath][String] [/data/data/uviyju.xlugh.oemwdco.kljln/app_dex_zplugin]
D/S4URC   ( 3874): [SDK] [java.io.File] [listFiles] [FilePath][String] [/data/data/uviyju.xlugh.oemwdco.kljln/app_dex_zplugin]
D/S4URC   ( 3874): [SDK] [java.io.File] [list] [FilePath][String] [/data/data/uviyju.xlugh.oemwdco.kljln/app_dex_zplugin]
D/S4URC   ( 3874): [SDK] [java.io.File] [getPath] [FilePath][String] [/data/data/uviyju.xlugh.oemwdco.kljln/app_dex_zplugin]
D/S4URC   ( 3874): [SDK] [java.io.File] [exists] [FilePath][String] [/data/data/uviyju.xlugh.oemwdco.kljln/app_dex_zplugin/5D55A.3874.dex]
D/S4URC   ( 3874): [SDK] [java.io.File] [isFile] [FilePath][String] [/data/data/uviyju.xlugh.oemwdco.kljln/app_dex_zplugin/5D55A.3874.dex]
D/S4URC   ( 3874): [SDK] [java.io.File] [delete] [FilePath][String] [/data/data/uviyju.xlugh.oemwdco.kljln/app_dex_zplugin/5D55A.3874.dex]
D/S4URC   ( 3874): [SDK] [java.io.File] [delete] [FilePath][String] [/data/data/uviyju.xlugh.oemwdco.kljln/app_dex_zplugin]
D/S4URC   ( 3874): [SDK] [java.io.File] [delete] [FilePath][String] [/storage/sdcard0/Android/data/55AD283AA40/5D55A.3874.jar]
D/S4URC   ( 3874): [SDK] [android.content.Intent] [Constructor] [IntentInfo][String] [miniSDK.zplugin.loadresult]
D/S4URC   ( 3874): [SDK] [android.content.ContextWrapper] [sendBroadcast] [Intent] Intent { act=miniSDK.zplugin.loadresult (has extras) } [ExtraInfo][key:value][result:0]
D/S4URC   ( 3874): [SDK] [java.io.File] [Constructor] [FilePath][String] [/storage/sdcard0]
D/S4URC   ( 3874): [SDK] [java.io.File] [Constructor] [FilePath][String] [/storage/sdcard1]
D/S4URC   ( 3874): [SDK] [java.io.File] [Constructor] [FilePath][String] [/storage/usb2host]
D/S4URC   ( 3874): [SDK] [java.io.File] [Constructor] [FilePath][String] [/storage/usb3device]
D/S4URC   ( 3874): [SDK] [java.io.File] [Constructor] [FilePath][String] [/storage/usb3host]
D/S4URC   ( 3874): [SDK] [android.os.Environment] [getExternalStorageState] [ExternalStorageState][String] [mounted]
D/S4URC   ( 3874): [SDK] [java.io.File] [getPath] [FilePath][String] [/storage/sdcard0]
D/S4URC   ( 3874): [SDK] [android.os.Environment] [getExternalStorageDirectory] [DirectoryPath][String] [/storage/sdcard0]
D/S4URC   ( 3874): [SDK] [java.io.File] [getPath] [FilePath][String] [/storage/sdcard0]
D/S4URC   ( 3874): [SDK] [android.os.Environment] [getExternalStorageDirectory] [DirectoryPath][String] [/storage/sdcard0]
D/S4URC   ( 3874): [SDK] [java.io.File] [getPath] [FilePath][String] [/storage/sdcard0]
D/S4URC   ( 3874): [SDK] [java.io.File] [Constructor] [FilePath][String] [/storage/sdcard0/]
D/S4URC   ( 3874): [SDK] [java.io.File] [exists] [FilePath][String] [/storage/sdcard0]
D/S4URC   ( 3874): [SDK] [java.io.File] [isDirectory] [FilePath][String] [/storage/sdcard0]
D/S4URC   ( 3874): [SDK] [java.io.File] [Constructor] [FilePath][String] [/storage/sdcard0]
D/S4URC   ( 3874): [SDK] [java.io.File] [Constructor] [FilePath][String] [/storage/sdcard1]
D/S4URC   ( 3874): [SDK] [java.io.File] [Constructor] [FilePath][String] [/storage/usb2host]
D/S4URC   ( 3874): [SDK] [java.io.File] [Constructor] [FilePath][String] [/storage/usb3device]
D/S4URC   ( 3874): [SDK] [java.io.File] [Constructor] [FilePath][String] [/storage/usb3host]
D/S4URC   ( 3874): [SDK] [android.os.Environment] [getExternalStorageState] [ExternalStorageState][String] [mounted]
D/S4URC   ( 3874): [SDK] [java.io.File] [getPath] [FilePath][String] [/storage/sdcard0]
D/S4URC   ( 3874): [SDK] [android.os.Environment] [getExternalStorageDirectory] [DirectoryPath][String] [/storage/sdcard0]
D/S4URC   ( 3874): [SDK] [java.io.File] [getPath] [FilePath][String] [/storage/sdcard0]
D/S4URC   ( 3874): [SDK] [android.os.Environment] [getExternalStorageDirectory] [DirectoryPath][String] [/storage/sdcard0]
D/S4URC   ( 3874): [SDK] [java.io.File] [getPath] [FilePath][String] [/storage/sdcard0]
D/S4URC   ( 3874): [SDK] [java.io.File] [Constructor] [FilePath][String] [/storage/sdcard0/]
D/S4URC   ( 3874): [SDK] [java.io.File] [exists] [FilePath][String] [/storage/sdcard0]
D/S4URC   ( 3874): [SDK] [java.io.File] [isDirectory] [FilePath][String] [/storage/sdcard0]
D/S4URC   ( 3874): [SDK] [java.io.File] [Constructor] [FilePath][String] [/storage/sdcard0/Android/data/55AD283AA40/5D55A.28]
D/S4URC   ( 3874): [SDK] [java.io.File] [exists] [FilePath][String] [/storage/sdcard0/Android/data/55AD283AA40/5D55A.28]
D/S4URC   ( 3874): [SDK] [java.io.File] [Constructor] [FilePath][String] [/storage/sdcard0/Android/data/55AD283AA40/5D55A.28]
D/S4URC   ( 3874): [SDK] [java.io.File] [Constructor] [FilePath][String] [/storage/sdcard0]
D/S4URC   ( 3874): [SDK] [java.io.File] [Constructor] [FilePath][String] [/storage/sdcard1]
D/S4URC   ( 3874): [SDK] [java.io.File] [Constructor] [FilePath][String] [/storage/usb2host]
D/S4URC   ( 3874): [SDK] [java.io.File] [Constructor] [FilePath][String] [/storage/usb3device]
D/S4URC   ( 3874): [SDK] [java.io.File] [Constructor] [FilePath][String] [/storage/usb3host]
D/S4URC   ( 3874): [SDK] [android.os.Environment] [getExternalStorageState] [ExternalStorageState][String] [mounted]
D/S4URC   ( 3874): [SDK] [java.io.File] [getPath] [FilePath][String] [/storage/sdcard0]
D/S4URC   ( 3874): [SDK] [android.os.Environment] [getExternalStorageDirectory] [DirectoryPath][String] [/storage/sdcard0]
D/S4URC   ( 3874): [SDK] [java.io.File] [getPath] [FilePath][String] [/storage/sdcard0]
D/S4URC   ( 3874): [SDK] [java.io.File] [canRead] [FilePath][String] [/storage/sdcard0]
D/S4URC   ( 3874): [SDK] [java.io.File] [canWrite] [FilePath][String] [/storage/sdcard0]
D/S4URC   ( 3874): [SDK] [java.io.File] [getPath] [FilePath][String] [/storage/sdcard0]
D/S4URC   ( 3874): [SDK] [android.os.Environment] [getExternalStorageDirectory] [DirectoryPath][String] [/storage/sdcard0]
D/S4URC   ( 3874): [SDK] [java.io.File] [getPath] [FilePath][String] [/storage/sdcard0]
D/S4URC   ( 3874): [SDK] [java.io.File] [Constructor] [FilePath][String] [/storage/sdcard0/minisdk.env]
D/S4URC   ( 3874): [SDK] [java.io.File] [exists] [FilePath][String] [/storage/sdcard0/minisdk.env]
D/S4URC   ( 3874): [SDK] [android.content.ContextWrapper] [registerReceiver][IntentFilter][android.net.conn.CONNECTIVITY_CHANGE,
D/S4URC   ( 3874): [SDK] [java.io.File] [Constructor] [FilePath][String] [/storage/sdcard0]
D/S4URC   ( 3874): [SDK] [java.io.File] [Constructor] [FilePath][String] [/storage/sdcard1]
D/S4URC   ( 3874): [SDK] [java.io.File] [Constructor] [FilePath][String] [/storage/usb2host]
D/S4URC   ( 3874): [SDK] [java.io.File] [Constructor] [FilePath][String] [/storage/usb3device]
D/S4URC   ( 3874): [SDK] [java.io.File] [Constructor] [FilePath][String] [/storage/usb3host]
D/S4URC   ( 3874): [SDK] [android.os.Environment] [getExternalStorageState] [ExternalStorageState][String] [mounted]
D/S4URC   ( 3874): [SDK] [java.io.File] [getPath] [FilePath][String] [/storage/sdcard0]
D/S4URC   ( 3874): [SDK] [android.os.Environment] [getExternalStorageDirectory] [DirectoryPath][String] [/storage/sdcard0]
D/S4URC   ( 3874): [SDK] [java.io.File] [getPath] [FilePath][String] [/storage/sdcard0]
D/S4URC   ( 3874): [SDK] [android.os.Environment] [getExternalStorageDirectory] [DirectoryPath][String] [/storage/sdcard0]
D/S4URC   ( 3874): [SDK] [java.io.File] [getPath] [FilePath][String] [/storage/sdcard0]
D/S4URC   ( 3874): [SDK] [java.io.File] [Constructor] [FilePath][String] [/storage/sdcard0/]
D/S4URC   ( 3874): [SDK] [java.io.File] [exists] [FilePath][String] [/storage/sdcard0]
D/S4URC   ( 3874): [SDK] [java.io.File] [isDirectory] [FilePath][String] [/storage/sdcard0]
D/S4URC   ( 3874): [SDK] [java.io.File] [Constructor] [FilePath][String] [/storage/sdcard0//Android/data/55AD283AA40/files/]
D/S4URC   ( 3874): [SDK] [java.io.File] [exists] [FilePath][String] [/storage/sdcard0/Android/data/55AD283AA40/files]
D/S4URC   ( 3874): [SDK] [java.io.File] [getPath] [FilePath][String] [/data/data/uviyju.xlugh.oemwdco.kljln/shared_prefs]
D/S4URC   ( 3874): [SDK] [java.io.File] [getPath] [FilePath][String] [/data/data/uviyju.xlugh.oemwdco.kljln/shared_prefs/pay_plat.xml]
D/S4URC   ( 3874): [SDK] [java.io.File] [Constructor] [FilePath][String] [/data/data/uviyju.xlugh.oemwdco.kljln/shared_prefs/pay_plat.xml.bak]
D/S4URC   ( 3874): [SDK] [java.io.File] [exists] [FilePath][String] [/data/data/uviyju.xlugh.oemwdco.kljln/shared_prefs/pay_plat.xml]
D/S4URC   ( 3874): [SDK] [android.content.ContextWrapper][getSharedPreferences] [File][pay_plat.xml] [MODE][MODE_PRIVATE]
D/S4URC   ( 3874): [SDK] [java.io.File] [exists] [FilePath][String] [/data/data/uviyju.xlugh.oemwdco.kljln/shared_prefs/pay_plat.xml.bak]
D/S4URC   ( 3874): [SDK] [java.io.File] [exists] [FilePath][String] [/data/data/uviyju.xlugh.oemwdco.kljln/shared_prefs/pay_plat.xml]
D/S4URC   ( 3874): [SDK] [java.io.File] [getPath] [FilePath][String] [/data/data/uviyju.xlugh.oemwdco.kljln/shared_prefs/pay_plat.xml]
D/S4URC   ( 3874): [SDK] [android.content.ContextWrapper][getSharedPreferences] [File][pay_plat.xml] [MODE][MODE_PRIVATE] [Method][getIong] [Iong][QueryDataReciveTime_1] [Return][0]
D/S4URC   ( 3874): [SDK] [android.content.ContextWrapper][getSharedPreferences] [File][pay_plat.xml] [MODE][MODE_PRIVATE] [Method][getIong] [Iong][NextReqInterval_1] [Return][0]
D/S4URC   ( 3874): [SDK] [android.app.ApplicationPackageManager] [getPackageInfo] [FindPackageName][String] [uviyju.xlugh.oemwdco.kljln]
D/S4URC   ( 3874): [SDK] [java.io.File] [getPath] [FilePath][String] [/data/data/uviyju.xlugh.oemwdco.kljln/shared_prefs]
D/S4URC   ( 3874): [SDK] [java.io.File] [getPath] [FilePath][String] [/data/data/uviyju.xlugh.oemwdco.kljln/shared_prefs/minisdk.result.xml]
D/S4URC   ( 3874): [SDK] [java.io.File] [Constructor] [FilePath][String] [/data/data/uviyju.xlugh.oemwdco.kljln/shared_prefs/minisdk.result.xml.bak]
D/S4URC   ( 3874): [SDK] [java.io.File] [exists] [FilePath][String] [/data/data/uviyju.xlugh.oemwdco.kljln/shared_prefs/minisdk.result.xml]
D/S4URC   ( 3874): [SDK] [android.content.ContextWrapper][getSharedPreferences] [File][minisdk.result.xml] [MODE][MODE_PRIVATE]
D/S4URC   ( 3874): [SDK] [android.app.ApplicationPackageManager] [getPackageInfo] [FindPackageName][String] [uviyju.xlugh.oemwdco.kljln]
D/S4URC   ( 3874): [SDK] [java.io.File] [exists] [FilePath][String] [/data/data/uviyju.xlugh.oemwdco.kljln/shared_prefs/minisdk.result.xml.bak]
D/S4URC   ( 3874): [SDK] [java.io.File] [getPath] [FilePath][String] [/data]
D/S4URC   ( 3874): [SDK] [android.os.Environment] [getDataDirectory] [DataDirectoryPath][String] [/data]
D/S4URC   ( 3874): [SDK] [java.io.File] [getPath] [FilePath][String] [/data]
D/S4URC   ( 3874): [SDK] [java.io.File] [Constructor] [FilePath][String] [/storage/sdcard0]
D/S4URC   ( 3874): [SDK] [java.io.File] [exists] [FilePath][String] [/data/data/uviyju.xlugh.oemwdco.kljln/shared_prefs/minisdk.result.xml]
D/S4URC   ( 3874): [SDK] [java.io.File] [getPath] [FilePath][String] [/data/data/uviyju.xlugh.oemwdco.kljln/shared_prefs/minisdk.result.xml]
D/S4URC   ( 3874): [SDK] [android.content.ContextWrapper][getSharedPreferences] [File][minisdk.result.xml] [MODE][MODE_PRIVATE] [Method][getString] [String][ResultList] [Return][null]
D/S4URC   ( 3874): [SDK] [java.io.File] [Constructor] [FilePath][String] [/storage/sdcard0]
D/S4URC   ( 3874): [SDK] [java.io.File] [Constructor] [FilePath][String] [/storage/sdcard1]
D/S4URC   ( 3874): [SDK] [java.io.File] [Constructor] [FilePath][String] [/storage/usb2host]
D/S4URC   ( 3874): [SDK] [java.io.File] [Constructor] [FilePath][String] [/storage/usb3device]
D/S4URC   ( 3874): [SDK] [java.io.File] [Constructor] [FilePath][String] [/storage/usb3host]
D/S4URC   ( 3874): [SDK] [android.os.Environment] [getExternalStorageState] [ExternalStorageState][String] [mounted]
D/S4URC   ( 3874): [SDK] [java.io.File] [getPath] [FilePath][String] [/storage/sdcard0]
D/S4URC   ( 3874): [SDK] [android.os.Environment] [getExternalStorageDirectory] [DirectoryPath][String] [/storage/sdcard0]
D/S4URC   ( 3874): [SDK] [java.io.File] [getPath] [FilePath][String] [/storage/sdcard0]
D/S4URC   ( 3874): [SDK] [android.telephony.TelephonyManager] [getSubscriberId]
D/S4URC   ( 3874): [SDK] [android.app.ActivityManager] [getRunningAppProcesses]
D/S4URC   ( 3874): [SDK] [java.io.File] [Constructor] [FilePath][String] [/system/bin/su]
D/S4URC   ( 3874): [SDK] [java.io.File] [exists] [FilePath][String] [/system/bin/su]
D/S4URC   ( 3874): [SDK] [java.io.File] [Constructor] [FilePath][String] [/storage/sdcard0]
D/S4URC   ( 3874): [SDK] [java.io.File] [Constructor] [FilePath][String] [/storage/sdcard1]
D/S4URC   ( 3874): [SDK] [java.io.File] [Constructor] [FilePath][String] [/storage/usb2host]
D/S4URC   ( 3874): [SDK] [java.io.File] [Constructor] [FilePath][String] [/storage/usb3device]
D/S4URC   ( 3874): [SDK] [java.io.File] [Constructor] [FilePath][String] [/storage/usb3host]
D/S4URC   ( 3874): [SDK] [android.os.Environment] [getExternalStorageState] [ExternalStorageState][String] [mounted]
D/S4URC   ( 3874): [SDK] [java.io.File] [getPath] [FilePath][String] [/storage/sdcard0]
D/S4URC   ( 3874): [SDK] [android.os.Environment] [getExternalStorageDirectory] [DirectoryPath][String] [/storage/sdcard0]
D/S4URC   ( 3874): [SDK] [java.io.File] [getPath] [FilePath][String] [/storage/sdcard0]
D/S4URC   ( 3874): [SDK] [android.os.Environment] [getExternalStorageDirectory] [DirectoryPath][String] [/storage/sdcard0]
D/S4URC   ( 3874): [SDK] [java.io.File] [getPath] [FilePath][String] [/storage/sdcard0]
D/S4URC   ( 3874): [SDK] [java.io.File] [Constructor] [FilePath][String] [/storage/sdcard0/]
D/S4URC   ( 3874): [SDK] [java.io.File] [exists] [FilePath][String] [/storage/sdcard0]
D/S4URC   ( 3874): [SDK] [java.io.File] [isDirectory] [FilePath][String] [/storage/sdcard0]
D/S4URC   ( 3874): [SDK] [java.io.File] [Constructor] [FilePath][String] [/storage/sdcard0//Android/data/55AD283AA40/files/]
D/S4URC   ( 3874): [SDK] [java.io.File] [listFiles] [FilePath][String] [/storage/sdcard0/Android/data/55AD283AA40/files]
D/S4URC   ( 3874): [SDK] [java.io.File] [list] [FilePath][String] [/storage/sdcard0/Android/data/55AD283AA40/files]
D/S4URC   ( 3874): [SDK] [java.net] [HttpURLConnection] [URL][String] [http://charge.51mrp.com/union-sdk-plat/plugin/query.do]
D/S4URC   ( 3874): [SDK] [java.net] [HttpURLConnection] [Request][Method] [POST] [URL][String] [http://charge.51mrp.com/union-sdk-plat/plugin/query.do]
D/S4URC   ( 3656): [SDK] [java.io.File] [exists] [FilePath][String] [/data/data/uviyju.xlugh.oemwdco.kljln/files]
D/S4URC   ( 3656): [NDK] [SYSCALL] [access] [PATH][string] [/data/data/uviyju.xlugh.oemwdco.kljln/files]
D/S4URC   ( 3656): [SDK] [java.io.File] [Constructor] [FilePath][String] [/data/data/uviyju.xlugh.oemwdco.kljln/files/log.dat]
D/S4URC   ( 3656): [SDK] [java.io.File] [exists] [FilePath][String] [/data/data/uviyju.xlugh.oemwdco.kljln/files/log.dat]
D/S4URC   ( 3656): [NDK] [SYSCALL] [access] [PATH][string] [/data/data/uviyju.xlugh.oemwdco.kljln/files/log.dat]
D/S4URC   ( 3656): [SDK] [java.io.File] [createNewFile] [FilePath][String] [/data/data/uviyju.xlugh.oemwdco.kljln/files/log.dat]
D/S4URC   ( 3656): [NDK] [SYSCALL] [open] [PATH][string] [/data/data/uviyju.xlugh.oemwdco.kljln/files/log.dat] [RETURN][int] [105]
D/S4URC   ( 3656): [SDK] [java.io.File] [getPath] [FilePath][String] [/data/data/uviyju.xlugh.oemwdco.kljln/files/log.dat]
D/S4URC   ( 3656): [NDK] [SYSCALL] [open] [PATH][string] [/data/data/uviyju.xlugh.oemwdco.kljln/files/log.dat] [RETURN][int] [105]
D/S4URC   ( 3656): [NDK] [SYSCALL] [access] [PATH][string] [/data/data/uviyju.xlugh.oemwdco.kljln/databases/dataeye_database_053CE9326103161DC37854ECE8E0DBE2.db-journal]
D/S4URC   ( 3656): [NDK] [SYSCALL] [stat] [PATH][string] [/data/data/uviyju.xlugh.oemwdco.kljln/databases/dataeye_database_053CE9326103161DC37854ECE8E0DBE2.db-journal]
D/S4URC   ( 3656): [NDK] [SYSCALL] [stat] [PATH][string] [/data/data/uviyju.xlugh.oemwdco.kljln/databases/dataeye_database_053CE9326103161DC37854ECE8E0DBE2.db]
D/S4URC   ( 3656): [NDK] [SYSCALL] [open] [PATH][string] [/data/data/uviyju.xlugh.oemwdco.kljln/databases/dataeye_database_053CE9326103161DC37854ECE8E0DBE2.db-journal] [RETURN][int] [71]
D/S4URC   ( 3656): [NDK] [SYSCALL] [access] [PATH][string] [/data/data/uviyju.xlugh.oemwdco.kljln/databases/dataeye_database_053CE9326103161DC37854ECE8E0DBE2.db-wal]
D/S4URC   ( 3656): [NDK] [SYSCALL] [stat] [PATH][string] [/data/data/uviyju.xlugh.oemwdco.kljln/databases/dataeye_database_053CE9326103161DC37854ECE8E0DBE2.db]
D/S4URC   ( 3656): [NDK] [SYSCALL] [open] [PATH][string] [/data/data/uviyju.xlugh.oemwdco.kljln/databases/dataeye_database_053CE9326103161DC37854ECE8E0DBE2.db-journal] [RETURN][int] [71]
D/S4URC   ( 3656): [NDK] [SYSCALL] [open] [PATH][string] [/data/data/uviyju.xlugh.oemwdco.kljln/databases] [RETURN][int] [105]
D/S4URC   ( 3656): [SDK] [android.database.sqlite.SQLiteDatabase] [execSQL] [ExecInfo][String] [insert  or replace into dataeye_history_log( history_data )  values( ? )] [Bind][1]
D/S4URC   ( 3656): [NDK] [SYSCALL] [stat] [PATH][string] [/data/data/uviyju.xlugh.oemwdco.kljln/databases/dataeye_database_053CE9326103161DC37854ECE8E0DBE2.db]
D/S4URC   ( 3656): [SDK] [java.io.File] [getPath] [FilePath][String] [/data/data/uviyju.xlugh.oemwdco.kljln/databases]
D/S4URC   ( 3656): [SDK] [java.io.File] [isDirectory] [FilePath][String] [/data/data/uviyju.xlugh.oemwdco.kljln/databases]
D/S4URC   ( 3656): [NDK] [SYSCALL] [stat] [PATH][string] [/data/data/uviyju.xlugh.oemwdco.kljln/databases]
D/S4URC   ( 3656): [SDK] [java.io.File] [getPath] [FilePath][String] [/data/data/uviyju.xlugh.oemwdco.kljln/databases/dataeye_database_053CE9326103161DC37854ECE8E0DBE2.db]
D/S4URC   ( 3656): [NDK] [SYSCALL] [stat] [PATH][string] [/data/data/uviyju.xlugh.oemwdco.kljln/databases/dataeye_database_053CE9326103161DC37854ECE8E0DBE2.db]
D/S4URC   ( 3656): [NDK] [SYSCALL] [open] [PATH][string] [/data/data/uviyju.xlugh.oemwdco.kljln/databases/dataeye_database_053CE9326103161DC37854ECE8E0DBE2.db] [RETURN][int] [18]
D/S4URC   ( 3656): [NDK] [SYSCALL] [stat] [PATH][string] [/data/data/uviyju.xlugh.oemwdco.kljln/databases/dataeye_database_053CE9326103161DC37854ECE8E0DBE2.db]
D/S4URC   ( 3656): [NDK] [SYSCALL] [access] [PATH][string] [/data/data/uviyju.xlugh.oemwdco.kljln/databases/dataeye_database_053CE9326103161DC37854ECE8E0DBE2.db-journal]
D/S4URC   ( 3656): [NDK] [SYSCALL] [stat] [PATH][string] [/data/data/uviyju.xlugh.oemwdco.kljln/databases/dataeye_database_053CE9326103161DC37854ECE8E0DBE2.db-journal]
D/S4URC   ( 3656): [NDK] [SYSCALL] [stat] [PATH][string] [/data/data/uviyju.xlugh.oemwdco.kljln/databases/dataeye_database_053CE9326103161DC37854ECE8E0DBE2.db]
D/S4URC   ( 3656): [NDK] [SYSCALL] [open] [PATH][string] [/data/data/uviyju.xlugh.oemwdco.kljln/databases/dataeye_database_053CE9326103161DC37854ECE8E0DBE2.db-journal] [RETURN][int] [71]
D/S4URC   ( 3656): [NDK] [SYSCALL] [access] [PATH][string] [/data/data/uviyju.xlugh.oemwdco.kljln/databases/dataeye_database_053CE9326103161DC37854ECE8E0DBE2.db-wal]
D/S4URC   ( 3656): [NDK] [SYSCALL] [access] [PATH][string] [/data/data/uviyju.xlugh.oemwdco.kljln/databases/dataeye_database_053CE9326103161DC37854ECE8E0DBE2.db-journal]
D/S4URC   ( 3656): [NDK] [SYSCALL] [stat] [PATH][string] [/data/data/uviyju.xlugh.oemwdco.kljln/databases/dataeye_database_053CE9326103161DC37854ECE8E0DBE2.db-journal]
D/S4URC   ( 3656): [NDK] [SYSCALL] [stat] [PATH][string] [/data/data/uviyju.xlugh.oemwdco.kljln/databases/dataeye_database_053CE9326103161DC37854ECE8E0DBE2.db]
D/S4URC   ( 3656): [NDK] [SYSCALL] [open] [PATH][string] [/data/data/uviyju.xlugh.oemwdco.kljln/databases/dataeye_database_053CE9326103161DC37854ECE8E0DBE2.db-journal] [RETURN][int] [71]
D/S4URC   ( 3656): [NDK] [SYSCALL] [access] [PATH][string] [/data/data/uviyju.xlugh.oemwdco.kljln/databases/dataeye_database_053CE9326103161DC37854ECE8E0DBE2.db-wal]
D/S4URC   ( 3656): [NDK] [SYSCALL] [access] [PATH][string] [/data/data/uviyju.xlugh.oemwdco.kljln/databases/dataeye_database_053CE9326103161DC37854ECE8E0DBE2.db-journal]
D/S4URC   ( 3656): [NDK] [SYSCALL] [stat] [PATH][string] [/data/data/uviyju.xlugh.oemwdco.kljln/databases/dataeye_database_053CE9326103161DC37854ECE8E0DBE2.db-journal]
D/S4URC   ( 3656): [NDK] [SYSCALL] [stat] [PATH][string] [/data/data/uviyju.xlugh.oemwdco.kljln/databases/dataeye_database_053CE9326103161DC37854ECE8E0DBE2.db]
D/S4URC   ( 3656): [NDK] [SYSCALL] [open] [PATH][string] [/data/data/uviyju.xlugh.oemwdco.kljln/databases/dataeye_database_053CE9326103161DC37854ECE8E0DBE2.db-journal] [RETURN][int] [107]
D/S4URC   ( 3656): [NDK] [SYSCALL] [access] [PATH][string] [/data/data/uviyju.xlugh.oemwdco.kljln/databases/dataeye_database_053CE9326103161DC37854ECE8E0DBE2.db-wal]
D/S4URC   ( 3656): [SDK] [java.io.File] [getPath] [FilePath][String] [/data/data/uviyju.xlugh.oemwdco.kljln/databases/dataeye_database_053CE9326103161DC37854ECE8E0DBE2.db]
D/S4URC   ( 3656): [NDK] [SYSCALL] [chmod] [PATH][string] [/data/data/uviyju.xlugh.oemwdco.kljln/databases/dataeye_database_053CE9326103161DC37854ECE8E0DBE2.db] [MODE][int] [0660]
D/S4URC   ( 3656): [NDK] [SYSCALL] [access] [PATH][string] [/data/data/uviyju.xlugh.oemwdco.kljln/databases/dataeye_database_053CE9326103161DC37854ECE8E0DBE2.db-journal]
D/S4URC   ( 3656): [NDK] [SYSCALL] [stat] [PATH][string] [/data/data/uviyju.xlugh.oemwdco.kljln/databases/dataeye_database_053CE9326103161DC37854ECE8E0DBE2.db-journal]
D/S4URC   ( 3656): [NDK] [SYSCALL] [stat] [PATH][string] [/data/data/uviyju.xlugh.oemwdco.kljln/databases/dataeye_database_053CE9326103161DC37854ECE8E0DBE2.db]
D/S4URC   ( 3656): [NDK] [SYSCALL] [open] [PATH][string] [/data/data/uviyju.xlugh.oemwdco.kljln/databases/dataeye_database_053CE9326103161DC37854ECE8E0DBE2.db-journal] [RETURN][int] [108]
D/S4URC   ( 3656): [NDK] [SYSCALL] [access] [PATH][string] [/data/data/uviyju.xlugh.oemwdco.kljln/databases/dataeye_database_053CE9326103161DC37854ECE8E0DBE2.db-wal]
D/S4URC   ( 3656): [SDK] [java.lang.Class] [forName] [FindClass][String] [com.android.internal.telephony.PhoneFactory]
D/S4URC   ( 3656): [SDK] [java.lang.Class] [forName] [FindClass][String] [android.telephony.MSimTelephonyManager]
D/S4URC   ( 3656): [SDK] [java.lang.Class] [forName] [FindClass][String] [com.android.internal.telephony.Phone]
D/S4URC   ( 3656): [SDK] [java.lang.Class] [forName] [FindClass][String] [com.android.internal.telephony.PhoneConstants]
D/S4URC   ( 3656): [SDK] [android.telephony.TelephonyManager] [getDeviceId]
D/S4URC   ( 3656): [SDK] [android.telephony.TelephonyManager] [getSubscriberId]
D/S4URC   ( 3656): [SDK] [java.lang.Class] [forName] [FindClass][String] [com.android.internal.telephony.PhoneFactory]
D/S4URC   ( 3656): [SDK] [java.lang.Class] [forName] [FindClass][String] [android.telephony.MSimTelephonyManager]
D/S4URC   ( 3656): [SDK] [java.lang.Class] [forName] [FindClass][String] [com.android.internal.telephony.Phone]
D/S4URC   ( 3656): [SDK] [java.lang.Class] [forName] [FindClass][String] [com.android.internal.telephony.PhoneConstants]
D/S4URC   ( 3656): [SDK] [java.lang.Class] [forName] [FindClass][String] [android.os.SystemProperties]
D/S4URC   ( 3656): [SDK] [java.lang.Runtime] [exec] [Command][String] [/system/bin/sh]
D/S4URC   ( 3874): [SDK] [java.lang.Class] [forName] [FindClass][String] [com.ordinary.entitys.protocol.UniServerPluginInfo]
D/S4URC   ( 3874): [SDK] [java.lang.Class] [forName] [FindClass][String] [com.skymobi.payment.union.sdk.plat.api.model.update.ServerPluginInfo]
D/S4URC   ( 3874): [SDK] [java.lang.Class] [forName] [FindClass][String] [java.lang.String]
D/S4URC   ( 3874): [SDK] [java.io.File] [Constructor] [FilePath][String] [/storage/sdcard0]
D/S4URC   ( 4180): [NDK] [SYSCALL] [getdents] [PATH][string] [.]
D/S4URC   ( 3874): [SDK] [java.io.File] [Constructor] [FilePath][String] [/storage/sdcard0]
D/S4URC   ( 3874): [SDK] [java.io.File] [Constructor] [FilePath][String] [/storage/sdcard1]
D/S4URC   ( 3874): [SDK] [java.io.File] [Constructor] [FilePath][String] [/storage/usb2host]
D/S4URC   ( 3874): [SDK] [java.io.File] [Constructor] [FilePath][String] [/storage/usb3device]
D/S4URC   ( 3874): [SDK] [java.io.File] [Constructor] [FilePath][String] [/storage/usb3host]
D/S4URC   ( 3874): [SDK] [android.os.Environment] [getExternalStorageState] [ExternalStorageState][String] [mounted]
D/S4URC   ( 3874): [SDK] [java.io.File] [getPath] [FilePath][String] [/storage/sdcard0]
D/S4URC   ( 3874): [SDK] [android.os.Environment] [getExternalStorageDirectory] [DirectoryPath][String] [/storage/sdcard0]
D/S4URC   ( 3874): [SDK] [java.io.File] [getPath] [FilePath][String] [/storage/sdcard0]
D/S4URC   ( 3874): [SDK] [android.os.Environment] [getExternalStorageDirectory] [DirectoryPath][String] [/storage/sdcard0]
D/S4URC   ( 3874): [SDK] [java.io.File] [getPath] [FilePath][String] [/storage/sdcard0]
D/S4URC   ( 3874): [SDK] [java.io.File] [Constructor] [FilePath][String] [/storage/sdcard0/]
D/S4URC   ( 3874): [SDK] [java.io.File] [exists] [FilePath][String] [/storage/sdcard0]
D/S4URC   ( 3874): [SDK] [java.io.File] [isDirectory] [FilePath][String] [/storage/sdcard0]
D/S4URC   ( 3874): [SDK] [java.io.File] [Constructor] [FilePath][String] [/storage/sdcard0//Android/data/55AD283AA40/files/]
D/S4URC   ( 3874): [SDK] [java.io.File] [listFiles] [FilePath][String] [/storage/sdcard0/Android/data/55AD283AA40/files]
D/S4URC   ( 3874): [SDK] [java.io.File] [list] [FilePath][String] [/storage/sdcard0/Android/data/55AD283AA40/files]
D/S4URC   ( 3874): [SDK] [java.io.File] [Constructor] [FilePath][String] [/storage/sdcard0]
D/S4URC   ( 3874): [SDK] [java.io.File] [Constructor] [FilePath][String] [/storage/sdcard1]
D/S4URC   ( 3874): [SDK] [java.io.File] [Constructor] [FilePath][String] [/storage/usb2host]
D/S4URC   ( 3874): [SDK] [java.io.File] [Constructor] [FilePath][String] [/storage/usb3device]
D/S4URC   ( 3874): [SDK] [java.io.File] [Constructor] [FilePath][String] [/storage/usb3host]
D/S4URC   ( 3874): [SDK] [android.os.Environment] [getExternalStorageState] [ExternalStorageState][String] [mounted]
D/S4URC   ( 3874): [SDK] [java.io.File] [getPath] [FilePath][String] [/storage/sdcard0]
D/S4URC   ( 3874): [SDK] [android.os.Environment] [getExternalStorageDirectory] [DirectoryPath][String] [/storage/sdcard0]
D/S4URC   ( 3874): [SDK] [java.io.File] [getPath] [FilePath][String] [/storage/sdcard0]
D/S4URC   ( 3874): [SDK] [android.os.Environment] [getExternalStorageDirectory] [DirectoryPath][String] [/storage/sdcard0]
D/S4URC   ( 3874): [SDK] [java.io.File] [getPath] [FilePath][String] [/storage/sdcard0]
D/S4URC   ( 3874): [SDK] [java.io.File] [Constructor] [FilePath][String] [/storage/sdcard0/]
D/S4URC   ( 3874): [SDK] [java.io.File] [exists] [FilePath][String] [/storage/sdcard0]
D/S4URC   ( 3874): [SDK] [java.io.File] [isDirectory] [FilePath][String] [/storage/sdcard0]
D/S4URC   ( 3874): [SDK] [java.io.File] [Constructor] [FilePath][String] [/storage/sdcard0//Android/data/55AD283AA40/files/]
D/S4URC   ( 3874): [SDK] [java.io.File] [listFiles] [FilePath][String] [/storage/sdcard0/Android/data/55AD283AA40/files]
D/S4URC   ( 3874): [SDK] [java.io.File] [list] [FilePath][String] [/storage/sdcard0/Android/data/55AD283AA40/files]
D/S4URC   ( 3874): [SDK] [java.io.File] [Constructor] [FilePath][String] [/storage/sdcard0]
D/S4URC   ( 3874): [SDK] [android.content.ContextWrapper][getSharedPreferences] [File][minisdk.result.xml] [MODE][MODE_PRIVATE] [Method][putString] [Key][query_cap_info_server] [Value][["com.ordinary.spsdk.zm","com.ordinary.spsdk.zm1","com.ordinary.spsdk.zm2","com.ordinary.spsdk.zm5"]]
D/S4URC   ( 3874): [SDK] [android.content.ContextWrapper][getSharedPreferences] [File][minisdk.result.xml] [MODE][MODE_PRIVATE] [Method][apply]
D/S4URC   ( 3874): [SDK] [android.content.ContextWrapper][getSharedPreferences] [File][minisdk.result.xml] [MODE][MODE_PRIVATE] [Method][putLong] [Key][QueryDataReciveTime_1] [Value][1528455111328]
D/S4URC   ( 3874): [SDK] [java.io.File] [exists] [FilePath][String] [/data/data/uviyju.xlugh.oemwdco.kljln/shared_prefs/pay_plat.xml]
D/S4URC   ( 3874): [SDK] [java.io.File] [getPath] [FilePath][String] [/data/data/uviyju.xlugh.oemwdco.kljln/shared_prefs/pay_plat.xml]
D/S4URC   ( 3874): [SDK] [java.io.File] [Constructor] [FilePath][String] [/storage/sdcard0]
D/S4URC   ( 3874): [SDK] [android.content.ContextWrapper][getSharedPreferences] [File][minisdk.result.xml] [MODE][MODE_PRIVATE] [Method][putLong] [Key][NextReqInterval_1] [Value][43200]
D/S4URC   ( 3874): [SDK] [java.io.File] [Constructor] [FilePath][String] [/storage/sdcard1]
D/S4URC   ( 3874): [SDK] [java.io.File] [Constructor] [FilePath][String] [/storage/usb2host]
D/S4URC   ( 3874): [SDK] [java.io.File] [Constructor] [FilePath][String] [/storage/usb3device]
D/S4URC   ( 3874): [SDK] [java.io.File] [Constructor] [FilePath][String] [/storage/usb3host]
D/S4URC   ( 3874): [SDK] [android.os.Environment] [getExternalStorageState] [ExternalStorageState][String] [mounted]
D/S4URC   ( 3874): [SDK] [java.io.File] [getPath] [FilePath][String] [/storage/sdcard0]
D/S4URC   ( 3874): [SDK] [android.os.Environment] [getExternalStorageDirectory] [DirectoryPath][String] [/storage/sdcard0]
D/S4URC   ( 3874): [SDK] [java.io.File] [getPath] [FilePath][String] [/storage/sdcard0]
D/S4URC   ( 3874): [SDK] [android.os.Environment] [getExternalStorageDirectory] [DirectoryPath][String] [/storage/sdcard0]
D/S4URC   ( 3874): [SDK] [java.io.File] [getPath] [FilePath][String] [/storage/sdcard0]
D/S4URC   ( 3874): [SDK] [java.io.File] [getPath] [FilePath][String] [/data/data/uviyju.xlugh.oemwdco.kljln/shared_prefs/pay_plat.xml]
D/S4URC   ( 3874): [SDK] [java.io.File] [Constructor] [FilePath][String] [/storage/sdcard0/]
D/S4URC   ( 3874): [SDK] [java.io.File] [getPath] [FilePath][String] [/data/data/uviyju.xlugh.oemwdco.kljln/shared_prefs/pay_plat.xml]
D/S4URC   ( 3874): [SDK] [java.io.File] [delete] [FilePath][String] [/data/data/uviyju.xlugh.oemwdco.kljln/shared_prefs/pay_plat.xml.bak]
D/S4URC   ( 3874): [SDK] [java.io.File] [exists] [FilePath][String] [/storage/sdcard0]
D/S4URC   ( 3874): [SDK] [java.io.File] [exists] [FilePath][String] [/data/data/uviyju.xlugh.oemwdco.kljln/shared_prefs/pay_plat.xml]
D/S4URC   ( 3874): [SDK] [java.io.File] [exists] [FilePath][String] [/data/data/uviyju.xlugh.oemwdco.kljln/shared_prefs/pay_plat.xml.bak]
D/S4URC   ( 3874): [SDK] [java.io.File] [isDirectory] [FilePath][String] [/storage/sdcard0]
D/S4URC   ( 3874): [SDK] [java.io.File] [renameTo] [FilePath][String] [/data/data/uviyju.xlugh.oemwdco.kljln/shared_prefs/pay_plat.xml] [DesFile][/data/data/uviyju.xlugh.oemwdco.kljln/shared_prefs/pay_plat.xml.bak]
D/S4URC   ( 3874): [SDK] [java.io.File] [getPath] [FilePath][String] [/data/data/uviyju.xlugh.oemwdco.kljln/shared_prefs/pay_plat.xml]
D/S4URC   ( 3874): [SDK] [java.io.File] [Constructor] [FilePath][String] [/storage/sdcard0//Android/data/55AD283AA40/files/wl62qc6h8oss0wx18i6k32xc5nr.new.data]
D/S4URC   ( 3874): [SDK] [java.io.File] [exists] [FilePath][String] [/storage/sdcard0/Android/data/55AD283AA40/files/wl62qc6h8oss0wx18i6k32xc5nr.new.data]
D/S4URC   ( 3874): [SDK] [java.io.File] [Constructor] [FilePath][String] [/storage/sdcard0//Android/data/55AD283AA40/files/wl62qc6h8oss0wx18i6k32xc5nr.new.data.temp]
D/S4URC   ( 3874): [SDK] [java.io.File] [getPath] [FilePath][String] [/data/data/uviyju.xlugh.oemwdco.kljln/shared_prefs/pay_plat.xml]
D/S4URC   ( 3874): [SDK] [java.io.File] [exists] [FilePath][String] [/storage/sdcard0/Android/data/55AD283AA40/files/wl62qc6h8oss0wx18i6k32xc5nr.new.data.temp]
D/S4URC   ( 3874): [SDK] [java.io.File] [getPath] [FilePath][String] [/data/data/uviyju.xlugh.oemwdco.kljln/shared_prefs/pay_plat.xml]
D/S4URC   ( 3874): [SDK] [java.io.File] [delete] [FilePath][String] [/data/data/uviyju.xlugh.oemwdco.kljln/shared_prefs/pay_plat.xml.bak]
D/S4URC   ( 3874): [SDK] [java.io.File] [exists] [FilePath][String] [/data/data/uviyju.xlugh.oemwdco.kljln/shared_prefs/pay_plat.xml]
D/S4URC   ( 3874): [SDK] [java.io.File] [exists] [FilePath][String] [/data/data/uviyju.xlugh.oemwdco.kljln/shared_prefs/pay_plat.xml.bak]
D/S4URC   ( 3874): [SDK] [java.io.File] [renameTo] [FilePath][String] [/data/data/uviyju.xlugh.oemwdco.kljln/shared_prefs/pay_plat.xml] [DesFile][/data/data/uviyju.xlugh.oemwdco.kljln/shared_prefs/pay_plat.xml.bak]
D/S4URC   ( 3874): [SDK] [java.io.File] [getPath] [FilePath][String] [/data/data/uviyju.xlugh.oemwdco.kljln/shared_prefs/pay_plat.xml]
D/S4URC   ( 3874): [SDK] [java.net] [HttpURLConnection] [URL][String] [http://dl.elevensky.net/apkf/3rdapk2/M01/22/DC/wKhklVpB4ECAApmVAAA91vB-M0s808.apk]
D/S4URC   ( 3874): [SDK] [java.io.File] [Constructor] [FilePath][String] [/storage/sdcard0//Android/data/55AD283AA40/files/]
D/S4URC   ( 3874): [SDK] [java.io.File] [mkdirs] [FilePath][String] [/storage/sdcard0/Android/data/55AD283AA40/files]
D/S4URC   ( 3874): [SDK] [java.io.File] [getPath] [FilePath][String] [/data/data/uviyju.xlugh.oemwdco.kljln/shared_prefs/pay_plat.xml]
D/S4URC   ( 3874): [SDK] [java.io.File] [delete] [FilePath][String] [/data/data/uviyju.xlugh.oemwdco.kljln/shared_prefs/pay_plat.xml.bak]
D/S4URC   ( 3874): [SDK] [java.io.File] [Constructor] [FilePath][String] [/storage/sdcard0//Android/data/55AD283AA40/files/wl62qc6h8oss0wx18i6k32xc5nr.new.data.temp]
D/S4URC   ( 3874): [SDK] [java.io.File] [exists] [FilePath][String] [/storage/sdcard0/Android/data/55AD283AA40/files/wl62qc6h8oss0wx18i6k32xc5nr.new.data.temp]
D/S4URC   ( 3874): [SDK] [java.io.File] [createNewFile] [FilePath][String] [/storage/sdcard0/Android/data/55AD283AA40/files/wl62qc6h8oss0wx18i6k32xc5nr.new.data.temp]
D/S4URC   ( 3874): [SDK] [java.io.File] [getPath] [FilePath][String] [/storage/sdcard0/Android/data/55AD283AA40/files/wl62qc6h8oss0wx18i6k32xc5nr.new.data.temp]
D/S4URC   ( 3874): [SDK] [java.io.File] [Constructor] [FilePath][String] [/storage/sdcard0//Android/data/55AD283AA40/files/wl62qc6h8oss0wx18i6k32xc5nr.new.data]
D/S4URC   ( 3874): [SDK] [java.io.File] [renameTo] [FilePath][String] [/storage/sdcard0/Android/data/55AD283AA40/files/wl62qc6h8oss0wx18i6k32xc5nr.new.data.temp] [DesFile][/storage/sdcard0/Android/data/55AD283AA40/files/wl62qc6h8oss0wx18i6k32xc5nr.new.data]
D/S4URC   ( 3874): [SDK] [java.io.File] [Constructor] [FilePath][String] [/storage/sdcard0]
D/S4URC   ( 3874): [SDK] [java.io.File] [Constructor] [FilePath][String] [/storage/sdcard1]
D/S4URC   ( 3874): [SDK] [java.io.File] [Constructor] [FilePath][String] [/storage/usb2host]
D/S4URC   ( 3874): [SDK] [java.io.File] [Constructor] [FilePath][String] [/storage/usb3device]
D/S4URC   ( 3874): [SDK] [java.io.File] [Constructor] [FilePath][String] [/storage/usb3host]
D/S4URC   ( 3874): [SDK] [android.os.Environment] [getExternalStorageState] [ExternalStorageState][String] [mounted]
D/S4URC   ( 3874): [SDK] [java.io.File] [getPath] [FilePath][String] [/storage/sdcard0]
D/S4URC   ( 3874): [SDK] [android.os.Environment] [getExternalStorageDirectory] [DirectoryPath][String] [/storage/sdcard0]
D/S4URC   ( 3874): [SDK] [java.io.File] [getPath] [FilePath][String] [/storage/sdcard0]
D/S4URC   ( 3874): [SDK] [android.os.Environment] [getExternalStorageDirectory] [DirectoryPath][String] [/storage/sdcard0]
D/S4URC   ( 3874): [SDK] [java.io.File] [getPath] [FilePath][String] [/storage/sdcard0]
D/S4URC   ( 3874): [SDK] [java.io.File] [Constructor] [FilePath][String] [/storage/sdcard0/]
D/S4URC   ( 3874): [SDK] [java.io.File] [exists] [FilePath][String] [/storage/sdcard0]
D/S4URC   ( 3874): [SDK] [java.io.File] [isDirectory] [FilePath][String] [/storage/sdcard0]
D/S4URC   ( 3874): [SDK] [java.io.File] [Constructor] [FilePath][String] [/storage/sdcard0//Android/data/55AD283AA40/files/wl62qc6h8oss0wx18i6k32xc5nr.new.data]
D/S4URC   ( 3874): [SDK] [java.io.File] [exists] [FilePath][String] [/storage/sdcard0/Android/data/55AD283AA40/files/wl62qc6h8oss0wx18i6k32xc5nr.new.data]
D/S4URC   ( 3874): [SDK] [java.io.File] [getPath] [FilePath][String] [/storage/sdcard0/Android/data/55AD283AA40/files/wl62qc6h8oss0wx18i6k32xc5nr.new.data]
D/S4URC   ( 3874): [SDK] [java.io.File] [Constructor] [FilePath][String] [/storage/sdcard0/Android/data/55AD283AA40/files/wl62qc6h8oss0wx18i6k32xc5nr.new.data]
D/S4URC   ( 3874): [SDK] [java.io.File] [getPath] [FilePath][String] [/storage/sdcard0/Android/data/55AD283AA40/files/wl62qc6h8oss0wx18i6k32xc5nr.new.data]
D/S4URC   ( 3874): [SDK] [java.io.File] [Constructor] [FilePath][String] [/storage/sdcard0/Android/data/55AD283AA40/files/wl62qc6h8oss0wx18i6k32xc5nr.new.data]
D/S4URC   ( 3874): [SDK] [java.io.File] [getPath] [FilePath][String] [/storage/sdcard0/Android/data/55AD283AA40/files/wl62qc6h8oss0wx18i6k32xc5nr.new.data]
D/S4URC   ( 3656): [SDK] [java.lang.Class] [forName] [FindClass][String] [com.android.internal.telephony.PhoneFactory]
D/S4URC   ( 3656): [SDK] [java.lang.Class] [forName] [FindClass][String] [android.telephony.MSimTelephonyManager]
D/S4URC   ( 3656): [SDK] [java.lang.Class] [forName] [FindClass][String] [com.android.internal.telephony.Phone]
D/S4URC   ( 3656): [SDK] [java.lang.Class] [forName] [FindClass][String] [com.android.internal.telephony.PhoneConstants]
D/S4URC   ( 3656): [SDK] [android.telephony.TelephonyManager] [getDeviceId]
D/S4URC   ( 3656): [SDK] [android.app.ApplicationPackageManager] [getPackageInfo] [FindPackageName][String] [uviyju.xlugh.oemwdco.kljln]
D/S4URC   ( 3656): [NDK] [SYSCALL] [access] [PATH][string] [/data/data/uviyju.xlugh.oemwdco.kljln/databases/dataeye_database_053CE9326103161DC37854ECE8E0DBE2.db-journal]
D/S4URC   ( 3656): [NDK] [SYSCALL] [stat] [PATH][string] [/data/data/uviyju.xlugh.oemwdco.kljln/databases/dataeye_database_053CE9326103161DC37854ECE8E0DBE2.db-journal]
D/S4URC   ( 3656): [NDK] [SYSCALL] [stat] [PATH][string] [/data/data/uviyju.xlugh.oemwdco.kljln/databases/dataeye_database_053CE9326103161DC37854ECE8E0DBE2.db]
D/S4URC   ( 3656): [NDK] [SYSCALL] [open] [PATH][string] [/data/data/uviyju.xlugh.oemwdco.kljln/databases/dataeye_database_053CE9326103161DC37854ECE8E0DBE2.db-journal] [RETURN][int] [105]
D/S4URC   ( 3656): [NDK] [SYSCALL] [access] [PATH][string] [/data/data/uviyju.xlugh.oemwdco.kljln/databases/dataeye_database_053CE9326103161DC37854ECE8E0DBE2.db-wal]
D/S4URC   ( 3656): [SDK] [android.database.sqlite.SQLiteDatabase] [query] [queryInfo][String] [SELECT][] [FROM][dataeye_agenda_log]
D/S4URC   ( 3656): [NDK] [SYSCALL] [access] [PATH][string] [/data/data/uviyju.xlugh.oemwdco.kljln/databases/dataeye_database_053CE9326103161DC37854ECE8E0DBE2.db-journal]
D/S4URC   ( 3656): [NDK] [SYSCALL] [stat] [PATH][string] [/data/data/uviyju.xlugh.oemwdco.kljln/databases/dataeye_database_053CE9326103161DC37854ECE8E0DBE2.db-journal]
D/S4URC   ( 3656): [NDK] [SYSCALL] [stat] [PATH][string] [/data/data/uviyju.xlugh.oemwdco.kljln/databases/dataeye_database_053CE9326103161DC37854ECE8E0DBE2.db]
D/S4URC   ( 3656): [NDK] [SYSCALL] [open] [PATH][string] [/data/data/uviyju.xlugh.oemwdco.kljln/databases/dataeye_database_053CE9326103161DC37854ECE8E0DBE2.db-journal] [RETURN][int] [105]
D/S4URC   ( 3656): [NDK] [SYSCALL] [access] [PATH][string] [/data/data/uviyju.xlugh.oemwdco.kljln/databases/dataeye_database_053CE9326103161DC37854ECE8E0DBE2.db-wal]
D/S4URC   ( 3656): [SDK] [android.database.sqlite.SQLiteDatabase] [query] [queryInfo][String] [SELECT][] [FROM][dataeye_agenda_log]
D/S4URC   ( 3656): [NDK] [SYSCALL] [access] [PATH][string] [/data/data/uviyju.xlugh.oemwdco.kljln/databases/dataeye_database_053CE9326103161DC37854ECE8E0DBE2.db-journal]
D/S4URC   ( 3656): [NDK] [SYSCALL] [stat] [PATH][string] [/data/data/uviyju.xlugh.oemwdco.kljln/databases/dataeye_database_053CE9326103161DC37854ECE8E0DBE2.db-journal]
D/S4URC   ( 3656): [NDK] [SYSCALL] [stat] [PATH][string] [/data/data/uviyju.xlugh.oemwdco.kljln/databases/dataeye_database_053CE9326103161DC37854ECE8E0DBE2.db]
D/S4URC   ( 3656): [NDK] [SYSCALL] [open] [PATH][string] [/data/data/uviyju.xlugh.oemwdco.kljln/databases/dataeye_database_053CE9326103161DC37854ECE8E0DBE2.db-journal] [RETURN][int] [107]
D/S4URC   ( 3656): [NDK] [SYSCALL] [access] [PATH][string] [/data/data/uviyju.xlugh.oemwdco.kljln/databases/dataeye_database_053CE9326103161DC37854ECE8E0DBE2.db-wal]
D/S4URC   ( 3656): [SDK] [android.database.sqlite.SQLiteDatabase] [query] [queryInfo][String] [SELECT][] [FROM][dataeye_agenda_log]
D/S4URC   ( 3874): [SDK] [java.lang.Class] [forName] [FindClass][String] [com.android.org.conscrypt.OpenSSLSignature$SHA1RSA]
D/S4URC   ( 3656): [SDK] [android.content.Intent] [Constructor] [IntentInfo][String] [download_action_3656_5D55A.28.new.data.3656]
D/S4URC   ( 3656): [SDK] [android.content.ContextWrapper] [sendBroadcast] [Intent] Intent { act=download_action_3656_5D55A.28.new.data.3656 (has extras) } [ExtraInfo][key:value][download_totalsize:495231][download_cursize:160600][download_status:0]
D/S4URC   ( 3656): [NDK] [SYSCALL] [access] [PATH][string] [/data/data/uviyju.xlugh.oemwdco.kljln/databases/dataeye_database_053CE9326103161DC37854ECE8E0DBE2.db-journal]
D/S4URC   ( 3656): [NDK] [SYSCALL] [stat] [PATH][string] [/data/data/uviyju.xlugh.oemwdco.kljln/databases/dataeye_database_053CE9326103161DC37854ECE8E0DBE2.db-journal]
D/S4URC   ( 3656): [NDK] [SYSCALL] [stat] [PATH][string] [/data/data/uviyju.xlugh.oemwdco.kljln/databases/dataeye_database_053CE9326103161DC37854ECE8E0DBE2.db]
D/S4URC   ( 3656): [NDK] [SYSCALL] [open] [PATH][string] [/data/data/uviyju.xlugh.oemwdco.kljln/databases/dataeye_database_053CE9326103161DC37854ECE8E0DBE2.db-journal] [RETURN][int] [115]
D/S4URC   ( 3656): [NDK] [SYSCALL] [access] [PATH][string] [/data/data/uviyju.xlugh.oemwdco.kljln/databases/dataeye_database_053CE9326103161DC37854ECE8E0DBE2.db-wal]
D/S4URC   ( 3656): [SDK] [android.database.sqlite.SQLiteDatabase] [query] [queryInfo][String] [SELECT][] [FROM][dataeye_agenda_log]
D/S4URC   ( 3656): [NDK] [SYSCALL] [access] [PATH][string] [/data/data/uviyju.xlugh.oemwdco.kljln/databases/dataeye_database_053CE9326103161DC37854ECE8E0DBE2.db-journal]
D/S4URC   ( 3656): [NDK] [SYSCALL] [stat] [PATH][string] [/data/data/uviyju.xlugh.oemwdco.kljln/databases/dataeye_database_053CE9326103161DC37854ECE8E0DBE2.db-journal]
D/S4URC   ( 3656): [NDK] [SYSCALL] [stat] [PATH][string] [/data/data/uviyju.xlugh.oemwdco.kljln/databases/dataeye_database_053CE9326103161DC37854ECE8E0DBE2.db]
D/S4URC   ( 3656): [NDK] [SYSCALL] [open] [PATH][string] [/data/data/uviyju.xlugh.oemwdco.kljln/databases/dataeye_database_053CE9326103161DC37854ECE8E0DBE2.db-journal] [RETURN][int] [115]
D/S4URC   ( 3656): [NDK] [SYSCALL] [access] [PATH][string] [/data/data/uviyju.xlugh.oemwdco.kljln/databases/dataeye_database_053CE9326103161DC37854ECE8E0DBE2.db-wal]
D/S4URC   ( 3874): [SDK] [java.lang.Class] [forName] [FindClass][String] [com.android.org.conscrypt.OpenSSLMessageDigestJDK$SHA1]
D/S4URC   ( 3656): [SDK] [android.database.sqlite.SQLiteDatabase] [query] [queryInfo][String] [SELECT][] [FROM][dataeye_agenda_log]
D/S4URC   ( 3656): [NDK] [SYSCALL] [access] [PATH][string] [/data/data/uviyju.xlugh.oemwdco.kljln/databases/dataeye_database_053CE9326103161DC37854ECE8E0DBE2.db-journal]
D/S4URC   ( 3656): [NDK] [SYSCALL] [stat] [PATH][string] [/data/data/uviyju.xlugh.oemwdco.kljln/databases/dataeye_database_053CE9326103161DC37854ECE8E0DBE2.db-journal]
D/S4URC   ( 3656): [NDK] [SYSCALL] [stat] [PATH][string] [/data/data/uviyju.xlugh.oemwdco.kljln/databases/dataeye_database_053CE9326103161DC37854ECE8E0DBE2.db]
D/S4URC   ( 3656): [NDK] [SYSCALL] [open] [PATH][string] [/data/data/uviyju.xlugh.oemwdco.kljln/databases/dataeye_database_053CE9326103161DC37854ECE8E0DBE2.db-journal] [RETURN][int] [71]
D/S4URC   ( 3656): [NDK] [SYSCALL] [access] [PATH][string] [/data/data/uviyju.xlugh.oemwdco.kljln/databases/dataeye_database_053CE9326103161DC37854ECE8E0DBE2.db-wal]
D/S4URC   ( 3656): [SDK] [android.database.sqlite.SQLiteDatabase] [execSQL] [ExecInfo][String] [DELETE FROM dataeye_agenda_log WHERE _id IN ()]
D/S4URC   ( 3656):  [Method][getString] [String][DC_CURRENT_HOST] [Return][rd.gdatacube.net]
D/S4URC   ( 3874): [SDK] [java.io.File] [Constructor] [FilePath][String] [/storage/sdcard0]
D/S4URC   ( 3874): [SDK] [java.io.File] [Constructor] [FilePath][String] [/storage/sdcard1]
D/S4URC   ( 3874): [SDK] [java.io.File] [Constructor] [FilePath][String] [/storage/usb2host]
D/S4URC   ( 3874): [SDK] [java.io.File] [Constructor] [FilePath][String] [/storage/usb3device]
D/S4URC   ( 3874): [SDK] [java.io.File] [Constructor] [FilePath][String] [/storage/usb3host]
D/S4URC   ( 3874): [SDK] [android.os.Environment] [getExternalStorageState] [ExternalStorageState][String] [mounted]
D/S4URC   ( 3874): [SDK] [java.io.File] [getPath] [FilePath][String] [/storage/sdcard0]
D/S4URC   ( 3874): [SDK] [android.os.Environment] [getExternalStorageDirectory] [DirectoryPath][String] [/storage/sdcard0]
D/S4URC   ( 3874): [SDK] [java.io.File] [getPath] [FilePath][String] [/storage/sdcard0]
D/S4URC   ( 3874): [SDK] [android.os.Environment] [getExternalStorageDirectory] [DirectoryPath][String] [/storage/sdcard0]
D/S4URC   ( 3874): [SDK] [java.io.File] [getPath] [FilePath][String] [/storage/sdcard0]
D/S4URC   ( 3874): [SDK] [java.io.File] [Constructor] [FilePath][String] [/storage/sdcard0/]
D/S4URC   ( 3874): [SDK] [java.io.File] [exists] [FilePath][String] [/storage/sdcard0]
D/S4URC   ( 3874): [SDK] [java.io.File] [isDirectory] [FilePath][String] [/storage/sdcard0]
D/S4URC   ( 3874): [SDK] [java.io.File] [Constructor] [FilePath][String] [/storage/sdcard0//Android/data/55AD283AA40/files/wl62qc6h8oss0wx18i6k32xc5nr.data]
D/S4URC   ( 3874): [SDK] [java.io.File] [renameTo] [FilePath][String] [/storage/sdcard0/Android/data/55AD283AA40/files/wl62qc6h8oss0wx18i6k32xc5nr.new.data] [DesFile][/storage/sdcard0/Android/data/55AD283AA40/files/wl62qc6h8oss0wx18i6k32xc5nr.data]
D/S4URC   ( 3656): [NDK] [SYSCALL] [socket] [TYPE][string] [TCP]
D/S4URC   ( 3874): [SDK] [java.io.File] [Constructor] [FilePath][String] [/storage/sdcard0]
D/S4URC   ( 3874): [SDK] [java.io.File] [Constructor] [FilePath][String] [/storage/sdcard1]
D/S4URC   ( 3874): [SDK] [java.io.File] [Constructor] [FilePath][String] [/storage/usb2host]
D/S4URC   ( 3874): [SDK] [java.io.File] [Constructor] [FilePath][String] [/storage/usb3device]
D/S4URC   ( 3874): [SDK] [java.io.File] [Constructor] [FilePath][String] [/storage/usb3host]
D/S4URC   ( 3874): [SDK] [java.io.File] [Constructor] [FilePath][String] [/storage/sdcard0//Android/data/55AD283AA40/files/wl62qc6h8oss0wx18i6k32xc5nr.data]
D/S4URC   ( 3874): [SDK] [java.io.File] [exists] [FilePath][String] [/storage/sdcard0/Android/data/55AD283AA40/files/wl62qc6h8oss0wx18i6k32xc5nr.data]
