D/S4URC   ( 5914): [SDK] [java.lang.Class] [forName] [FindClass][String] [com.android.org.bouncycastle.jcajce.provider.keystore.bc.BcKeyStoreSpi$Std]
D/S4URC   ( 5914): [SDK] [java.lang.Class] [forName] [FindClass][String] [com.android.org.conscrypt.OpenSSLRandom]
D/S4URC   ( 5914): [SDK] [java.lang.Class] [forName] [FindClass][String] [com.android.org.conscrypt.TrustManagerFactoryImpl]
D/S4URC   ( 5914): [SDK] [java.lang.Class] [forName] [FindClass][String] [com.android.org.conscrypt.TrustedCertificateKeyStoreSpi]
D/S4URC   ( 5914): [SDK] [java.lang.Class] [forName] [FindClass][String] [com.android.org.bouncycastle.jce.provider.PKIXCertPathValidatorSpi]
D/S4URC   ( 5914): [SDK] [java.io.File] [Constructor] [FilePath][String] [/data/misc/keychain/pins]
D/S4URC   ( 5914): [SDK] [java.net] [HttpURLConnection] [URL][String] [http://ltdt.i51fu.com:9820/chnlt/ltpay/paystart.do]
D/S4URC   ( 5914): [SDK] [java.io.File] [getPath] [FilePath][String] [/data/data/com.sy.enjoy.app/shared_prefs]
D/S4URC   ( 5914): [SDK] [java.io.File] [getPath] [FilePath][String] [/data/data/com.sy.enjoy.app/shared_prefs/APP_START_TIMER_INFO.xml]
D/S4URC   ( 5914): [SDK] [java.io.File] [Constructor] [FilePath][String] [/data/data/com.sy.enjoy.app/shared_prefs/APP_START_TIMER_INFO.xml.bak]
D/S4URC   ( 5914): [SDK] [java.io.File] [exists] [FilePath][String] [/data/data/com.sy.enjoy.app/shared_prefs/APP_START_TIMER_INFO.xml]
D/S4URC   ( 5914): [SDK] [java.io.File] [canRead] [FilePath][String] [/data/data/com.sy.enjoy.app/shared_prefs/APP_START_TIMER_INFO.xml]
D/S4URC   ( 5914): [SDK] [java.io.File] [getPath] [FilePath][String] [/data/data/com.sy.enjoy.app/shared_prefs/APP_START_TIMER_INFO.xml]
D/S4URC   ( 5914): [SDK] [java.io.File] [exists] [FilePath][String] [/data/data/com.sy.enjoy.app/shared_prefs/APP_START_TIMER_INFO.xml]
D/S4URC   ( 5914): [SDK] [java.io.File] [canRead] [FilePath][String] [/data/data/com.sy.enjoy.app/shared_prefs/APP_START_TIMER_INFO.xml]
D/S4URC   ( 5914): [SDK] [java.io.File] [getPath] [FilePath][String] [/data/data/com.sy.enjoy.app/shared_prefs/APP_START_TIMER_INFO.xml]
D/S4URC   ( 5914): [SDK] [java.io.File] [exists] [FilePath][String] [/data/data/com.sy.enjoy.app/shared_prefs/APP_START_TIMER_INFO.xml.bak]
D/S4URC   ( 5914): [SDK] [android.content.ContextWrapper][getSharedPreferences] [File][APP_START_TIMER_INFO.xml] [MODE][MODE_PRIVATE]
D/S4URC   ( 5914): [SDK] [java.io.File] [exists] [FilePath][String] [/data/data/com.sy.enjoy.app/shared_prefs/APP_START_TIMER_INFO.xml]
D/S4URC   ( 5914): [SDK] [java.io.File] [canRead] [FilePath][String] [/data/data/com.sy.enjoy.app/shared_prefs/APP_START_TIMER_INFO.xml]
D/S4URC   ( 5914): [SDK] [java.io.File] [getPath] [FilePath][String] [/data/data/com.sy.enjoy.app/shared_prefs/APP_START_TIMER_INFO.xml]
D/S4URC   ( 5914): [SDK] [java.io.File] [canRead] [FilePath][String] [/data/data/com.sy.enjoy.app/shared_prefs/APP_START_TIMER_INFO.xml]
D/S4URC   ( 5914): [SDK] [java.io.File] [getPath] [FilePath][String] [/data/data/com.sy.enjoy.app/shared_prefs/APP_START_TIMER_INFO.xml]
D/S4URC   ( 5914): [SDK] [android.content.ContextWrapper][getSharedPreferences] [File][APP_START_TIMER_INFO.xml] [MODE][MODE_PRIVATE] [Method][putString] [Key][Time] [Value][1529425515696]
D/S4URC   ( 5914): [SDK] [java.io.File] [exists] [FilePath][String] [/data/data/com.sy.enjoy.app/shared_prefs/APP_START_TIMER_INFO.xml]
D/S4URC   ( 5914): [SDK] [java.io.File] [exists] [FilePath][String] [/data/data/com.sy.enjoy.app/shared_prefs/APP_START_TIMER_INFO.xml.bak]
D/S4URC   ( 5914): [SDK] [java.io.File] [renameTo] [FilePath][String] [/data/data/com.sy.enjoy.app/shared_prefs/APP_START_TIMER_INFO.xml] [DesFile][/data/data/com.sy.enjoy.app/shared_prefs/APP_START_TIMER_INFO.xml.bak]
D/S4URC   ( 5914): [SDK] [java.io.File] [getPath] [FilePath][String] [/data/data/com.sy.enjoy.app/shared_prefs/APP_START_TIMER_INFO.xml]
D/S4URC   ( 5914): [SDK] [java.io.File] [delete] [FilePath][String] [/data/data/com.sy.enjoy.app/shared_prefs/APP_START_TIMER_INFO.xml.bak]
D/S4URC   ( 5914): [SDK] [android.content.ContextWrapper][getSharedPreferences] [File][APP_START_TIMER_INFO.xml] [MODE][MODE_PRIVATE] [Method][commit]
D/S4URC   ( 5914): [SDK] [java.io.File] [getPath] [FilePath][String] [/data/data/com.sy.enjoy.app]
D/S4URC   ( 5914): [SDK] [java.io.File] [exists] [FilePath][String] [/data/data/com.sy.enjoy.app/files]
D/S4URC   ( 5914): [SDK] [java.io.File] [Constructor] [FilePath][String] [/data/data/com.sy.enjoy.app/files/liblocal.so]
D/S4URC   ( 5914): [SDK] [java.io.File] [isFile] [FilePath][String] [/data/data/com.sy.enjoy.app/files/liblocal.so]
D/S4URC   ( 5914): [SDK] [java.io.File] [getPath] [FilePath][String] [/data/app/com.sy.enjoy.app-1/base.apk]
D/S4URC   ( 5914): [SDK] [java.io.File] [Constructor] [FilePath][String] [/data/app/com.sy.enjoy.app-1/base.apk]
D/S4URC   ( 5914): [SDK] [java.io.File] [getPath] [FilePath][String] [/data/app/com.sy.enjoy.app-1/base.apk]
D/S4URC   ( 5914): [SDK] [java.io.File] [getPath] [FilePath][String] [/data/data/com.sy.enjoy.app]
D/S4URC   ( 5914): [SDK] [java.io.File] [exists] [FilePath][String] [/data/data/com.sy.enjoy.app/cache]
D/S4URC   ( 5914): [SDK] [java.io.File] [getParent] [FilePath][String] [/data/data/com.sy.enjoy.app/cache]
D/S4URC   ( 5914): [SDK] [java.io.File] [Constructor] [FilePath][String] [/data/data/com.sy.enjoy.app/lib/liblocal.so]
D/S4URC   ( 5914): [SDK] [java.io.File] [Constructor] [FilePath][String] [/data/data/com.sy.enjoy.app/lib/libmylib.so]
D/S4URC   ( 5914): [SDK] [java.io.File] [isFile] [FilePath][String] [/data/data/com.sy.enjoy.app/lib/liblocal.so]
D/S4URC   ( 5914): [SDK] [java.io.File] [Constructor] [FilePath][String] [/storage/sdcard0]
D/S4URC   ( 5914): [SDK] [java.io.File] [Constructor] [FilePath][String] [/storage/sdcard1]
D/S4URC   ( 5914): [SDK] [java.io.File] [Constructor] [FilePath][String] [/storage/usb2host]
D/S4URC   ( 5914): [SDK] [java.io.File] [Constructor] [FilePath][String] [/storage/usb3device]
D/S4URC   ( 5914): [SDK] [java.io.File] [Constructor] [FilePath][String] [/storage/usb3host]
D/S4URC   ( 5914): [SDK] [android.os.Environment] [getExternalStorageState] [ExternalStorageState][String] [mounted]
D/S4URC   ( 5914): [SDK] [java.io.File] [getPath] [FilePath][String] [/storage/sdcard0]
D/S4URC   ( 5914): [SDK] [android.os.Environment] [getExternalStorageDirectory] [DirectoryPath][String] [/storage/sdcard0]
D/S4URC   ( 5914): [SDK] [java.io.File] [Constructor] [FilePath][String] [/storage/sdcard0/Android/data/com.skymobi.pay.app/plugins/]
D/S4URC   ( 5914): [SDK] [java.io.File] [list] [FilePath][String] [/storage/sdcard0/Android/data/com.skymobi.pay.app/plugins]
D/S4URC   ( 5914): [SDK] [java.io.File] [exists] [FilePath][String] [/data/data/com.sy.enjoy.app/files]
D/S4URC   ( 5914): [SDK] [java.io.File] [Constructor] [FilePath][String] [/data/data/com.sy.enjoy.app/files/]
D/S4URC   ( 5914): [SDK] [java.io.File] [list] [FilePath][String] [/data/data/com.sy.enjoy.app/files]
D/S4URC   ( 5914): [SDK] [java.io.File] [Constructor] [FilePath][String] [/storage/sdcard0/Android/data/com.skymobi.pay.app/plugins/com.skymobi.pay.opplugin_v2021.apk]
D/S4URC   ( 5914): [SDK] [java.lang.Class] [forName] [FindClass][String] [android.content.pm.PackageParser]
D/S4URC   ( 5914): [SDK] [java.io.File] [Constructor] [FilePath][String] [/storage/sdcard0/Android/data/com.skymobi.pay.app/plugins/com.skymobi.pay.opplugin_v2021.apk]
D/S4URC   ( 5914): [SDK] [java.io.File] [getPath] [FilePath][String] [/storage/sdcard0/Android/data/com.skymobi.pay.app/plugins/com.skymobi.pay.opplugin_v2021.apk]
D/S4URC   ( 5980): [SDK] [java.lang.Class] [forName] [FindClass][String] [java.net.HttpURLConnection]
D/S4URC   ( 5980): [SDK] [java.lang.Class] [forName] [FindClass][String] [com.android.okhttp.internal.http.HttpURLConnectionImpl]
D/S4URC   ( 5980): [SDK] [java.lang.Class] [forName] [FindClass][String] [java.net.Socket]
D/S4URC   ( 5980): [SDK] [java.lang.Class] [forName] [FindClass][String] [android.telephony.TelephonyManager]
D/S4URC   ( 5980): [SDK] [java.lang.Class] [forName] [FindClass][String] [android.os.Debug]
D/S4URC   ( 5980): [SDK] [java.lang.Class] [forName] [FindClass][String] [android.hardware.SensorManager]
D/S4URC   ( 5914): [SDK] [java.io.File] [Constructor] [FilePath][String] [/storage/sdcard0/Android/data/com.skymobi.pay.app/plugins/com.skymobi.pay.opplugin_v2021.apk]
D/S4URC   ( 5914): [SDK] [java.io.File] [getPath] [FilePath][String] [/storage/sdcard0/Android/data/com.skymobi.pay.app/plugins/com.skymobi.pay.opplugin_v2021.apk]
D/S4URC   ( 5914): [SDK] [java.lang.Class] [forName] [FindClass][String] [com.android.org.conscrypt.OpenSSLMessageDigestJDK$SHA256]
D/S4URC   ( 5914): [SDK] [java.io.File] [Constructor] [FilePath][String] [/storage/sdcard0]
D/S4URC   ( 5914): [SDK] [java.io.File] [Constructor] [FilePath][String] [/storage/sdcard1]
D/S4URC   ( 5914): [SDK] [java.io.File] [Constructor] [FilePath][String] [/storage/usb2host]
D/S4URC   ( 5914): [SDK] [java.io.File] [Constructor] [FilePath][String] [/storage/usb3device]
D/S4URC   ( 5914): [SDK] [java.io.File] [Constructor] [FilePath][String] [/storage/usb3host]
D/S4URC   ( 5914): [SDK] [android.os.Environment] [getExternalStorageState] [ExternalStorageState][String] [mounted]
D/S4URC   ( 5914): [SDK] [java.io.File] [getPath] [FilePath][String] [/storage/sdcard0]
D/S4URC   ( 5914): [SDK] [android.os.Environment] [getExternalStorageDirectory] [DirectoryPath][String] [/storage/sdcard0]
D/S4URC   ( 5914): [SDK] [java.io.File] [Constructor] [FilePath][String] [/storage/sdcard0/Android/data/com.skymobi.pay.app/plugins/]
D/S4URC   ( 5914): [SDK] [java.io.File] [list] [FilePath][String] [/storage/sdcard0/Android/data/com.skymobi.pay.app/plugins]
D/S4URC   ( 5914): [SDK] [java.io.File] [exists] [FilePath][String] [/data/data/com.sy.enjoy.app/files]
D/S4URC   ( 5914): [SDK] [java.io.File] [Constructor] [FilePath][String] [/data/data/com.sy.enjoy.app/files/]
D/S4URC   ( 5914): [SDK] [java.io.File] [list] [FilePath][String] [/data/data/com.sy.enjoy.app/files]
D/S4URC   ( 5980): [SDK] [java.lang.Class] [forName] [FindClass][String] [android.content.res.ResourcesKey]
D/S4URC   ( 5980): [SDK] [java.lang.Class] [forName] [FindClass][String] [android.app.ResourcesManager]
D/S4URC   ( 5914): [SDK] [java.io.File] [getPath] [FilePath][String] [/data/data/com.sy.enjoy.app]
D/S4URC   ( 5914): [SDK] [java.io.File] [exists] [FilePath][String] [/data/data/com.sy.enjoy.app/app_dex]
D/S4URC   ( 5914): [SDK] [dalvik.system.DexClassLoader] [Constructor] [DexPath][String] [/storage/sdcard0/Android/data/com.skymobi.pay.app/plugins/com.skymobi.pay.opplugin_v2021.apk] [NDKPath][String] [null]
D/S4URC   ( 5914): [SDK] [java.io.File] [Constructor] [FilePath][String] [/data/data/com.sy.enjoy.app/app_dex]
D/S4URC   ( 5914): [SDK] [dalvik.system.BaseDexClassLoader] [Constructor] [DexPath][String] [/storage/sdcard0/Android/data/com.skymobi.pay.app/plugins/com.skymobi.pay.opplugin_v2021.apk] [NDKPath][String] [null]
D/S4URC   ( 5914): [SDK] [java.io.File] [exists] [FilePath][String] [/data/data/com.sy.enjoy.app/app_dex]
D/S4URC   ( 5914): [SDK] [java.io.File] [canRead] [FilePath][String] [/data/data/com.sy.enjoy.app/app_dex]
D/S4URC   ( 5980): [SDK] [java.io.File] [Constructor] [FilePath][String] [/data/app/com.sy.enjoy.app-1/base.apk]
D/S4URC   ( 5914): [SDK] [java.io.File] [canWrite] [FilePath][String] [/data/data/com.sy.enjoy.app/app_dex]
D/S4URC   ( 5980): [SDK] [java.io.File] [getPath] [FilePath][String] [/data/data/com.sy.enjoy.app]
D/S4URC   ( 5980): [SDK] [java.io.File] [exists] [FilePath][String] [/data/data/com.sy.enjoy.app/cache]
D/S4URC   ( 5980): [SDK] [java.io.File] [getPath] [FilePath][String] [/data/data/com.sy.enjoy.app/cache]
D/S4URC   ( 5914): [SDK] [java.io.File] [Constructor] [FilePath][String] [/storage/sdcard0/Android/data/com.skymobi.pay.app/plugins/com.skymobi.pay.opplugin_v2021.apk]
D/S4URC   ( 5914): [SDK] [java.io.File] [getName] [FilePath][String] [/storage/sdcard0/Android/data/com.skymobi.pay.app/plugins/com.skymobi.pay.opplugin_v2021.apk]
D/S4URC   ( 5914): [SDK] [java.io.File] [isDirectory] [FilePath][String] [/storage/sdcard0/Android/data/com.skymobi.pay.app/plugins/com.skymobi.pay.opplugin_v2021.apk]
D/S4URC   ( 5914): [SDK] [java.io.File] [isFile] [FilePath][String] [/storage/sdcard0/Android/data/com.skymobi.pay.app/plugins/com.skymobi.pay.opplugin_v2021.apk]
D/S4URC   ( 5914): [SDK] [java.io.File] [getName] [FilePath][String] [/storage/sdcard0/Android/data/com.skymobi.pay.app/plugins/com.skymobi.pay.opplugin_v2021.apk]
D/S4URC   ( 5914): [SDK] [java.io.File] [getPath] [FilePath][String] [/data/data/com.sy.enjoy.app/app_dex]
D/S4URC   ( 5914): [SDK] [java.io.File] [getPath] [FilePath][String] [/data/data/com.sy.enjoy.app/app_dex/com.skymobi.pay.opplugin_v2021.dex]
D/S4URC   ( 5914): [SDK] [java.io.File] [getPath] [FilePath][String] [/storage/sdcard0/Android/data/com.skymobi.pay.app/plugins/com.skymobi.pay.opplugin_v2021.apk]
D/S4URC   ( 5914): [SDK] [java.io.File] [Constructor] [FilePath][String] [/data/data/com.sy.enjoy.app/app_dex/com.skymobi.pay.opplugin_v2021.dex]
D/S4URC   ( 5914): [SDK] [java.io.File] [getParent] [FilePath][String] [/data/data/com.sy.enjoy.app/app_dex/com.skymobi.pay.opplugin_v2021.dex]
D/S4URC   ( 5914): [SDK] [dalvik.system.DexFile] [openDexFile] [DexPath][String] [/storage/sdcard0/Android/data/com.skymobi.pay.app/plugins/com.skymobi.pay.opplugin_v2021.apk]
D/S4URC   ( 5914): [SDK] [java.io.File] [Constructor] [FilePath][String] [/storage/sdcard0/Android/data/com.skymobi.pay.app/plugins/com.skymobi.pay.opplugin_v2021.apk]
D/S4URC   ( 5914): [SDK] [java.io.File] [Constructor] [FilePath][String] [/data/data/com.sy.enjoy.app/app_dex/com.skymobi.pay.opplugin_v2021.dex]
D/S4URC   ( 5980): [SDK] [java.io.File] [getPath] [FilePath][String] [/storage/sdcard0]
D/S4URC   ( 5980): [SDK] [android.os.Environment] [getExternalStorageDirectory] [DirectoryPath][String] [/storage/sdcard0]
D/S4URC   ( 5980): [SDK] [android.content.ContextWrapper] [registerReceiver][IntentFilter][android.provider.Telephony.SMS_RECEIVED,
D/S4URC   ( 5980): [SDK] [java.io.File] [Constructor] [FilePath][String] [/storage/sdcard0]
D/S4URC   ( 5980): [SDK] [java.io.File] [Constructor] [FilePath][String] [/storage/sdcard1]
D/S4URC   ( 5980): [SDK] [java.io.File] [Constructor] [FilePath][String] [/storage/usb2host]
D/S4URC   ( 5980): [SDK] [java.io.File] [Constructor] [FilePath][String] [/storage/usb3device]
D/S4URC   ( 5980): [SDK] [java.io.File] [Constructor] [FilePath][String] [/storage/usb3host]
D/S4URC   ( 5980): [SDK] [android.os.Environment] [getExternalStorageState] [ExternalStorageState][String] [mounted]
D/S4URC   ( 5980): [SDK] [java.io.File] [getPath] [FilePath][String] [/storage/sdcard0]
D/S4URC   ( 5980): [SDK] [android.os.Environment] [getExternalStorageDirectory] [DirectoryPath][String] [/storage/sdcard0]
D/S4URC   ( 5980): [SDK] [java.io.File] [Constructor] [FilePath][String] [/storage/sdcard0/Android/data/com.lyhtgh.pay/plugins/]
D/S4URC   ( 5980): [SDK] [java.io.File] [exists] [FilePath][String] [/storage/sdcard0/Android/data/com.lyhtgh.pay/plugins]
D/S4URC   ( 5980): [SDK] [java.io.File] [Constructor] [FilePath][String] [/storage/sdcard0/Android/data/com.lyhtgh.pay/plugins/com.lyhtgh.pay.ltplugin.apk]
D/S4URC   ( 5980): [SDK] [java.io.File] [exists] [FilePath][String] [/storage/sdcard0/Android/data/com.lyhtgh.pay/plugins/com.lyhtgh.pay.ltplugin.apk]
D/S4URC   ( 5980): [SDK] [java.io.File] [getPath] [FilePath][String] [/storage/sdcard0/Android/data/com.lyhtgh.pay/plugins/com.lyhtgh.pay.ltplugin.apk]
D/S4URC   ( 5980): [SDK] [java.io.File] [Constructor] [FilePath][String] [/storage/sdcard0/Android/data/com.lyhtgh.pay/plugins/com.lyhtgh.pay.ltplugin.apk]
D/S4URC   ( 5980): [SDK] [java.io.File] [getPath] [FilePath][String] [/storage/sdcard0/Android/data/com.lyhtgh.pay/plugins/com.lyhtgh.pay.ltplugin.apk]
D/S4URC   ( 5980): [SDK] [java.lang.Class] [forName] [FindClass][String] [com.android.org.conscrypt.OpenSSLSignature$SHA1RSA]
D/S4URC   ( 5980): [SDK] [java.lang.Class] [forName] [FindClass][String] [com.android.org.conscrypt.OpenSSLMessageDigestJDK$SHA1]
D/S4URC   ( 5980): [SDK] [java.io.File] [Constructor] [FilePath][String] [/storage/sdcard0/Android/data/com.lyhtgh.pay/plugins/com.lyhtgh.pay.ltplugin.apk]
D/S4URC   ( 5980): [SDK] [java.io.File] [getPath] [FilePath][String] [/data/data/com.sy.enjoy.app]
D/S4URC   ( 5980): [SDK] [java.io.File] [exists] [FilePath][String] [/data/data/com.sy.enjoy.app/app_dex]
D/S4URC   ( 5980): [SDK] [java.io.File] [listFiles] [FilePath][String] [/data/data/com.sy.enjoy.app/app_dex]
D/S4URC   ( 5980): [SDK] [java.io.File] [list] [FilePath][String] [/data/data/com.sy.enjoy.app/app_dex]
D/S4URC   ( 5980): [SDK] [java.io.File] [getPath] [FilePath][String] [/data/data/com.sy.enjoy.app/app_dex]
D/S4URC   ( 5980): [SDK] [java.io.File] [exists] [FilePath][String] [/data/data/com.sy.enjoy.app/app_dex/com.skymobi.pay.opplugin_v2021.dex]
D/S4URC   ( 5980): [SDK] [java.io.File] [delete] [FilePath][String] [/data/data/com.sy.enjoy.app/app_dex/com.skymobi.pay.opplugin_v2021.dex]
D/S4URC   ( 5980): [SDK] [java.io.File] [exists] [FilePath][String] [/data/data/com.sy.enjoy.app/app_dex/com.lyhtgh.pay.ltplugin.dex]
D/S4URC   ( 5980): [SDK] [java.io.File] [delete] [FilePath][String] [/data/data/com.sy.enjoy.app/app_dex/com.lyhtgh.pay.ltplugin.dex]
D/S4URC   ( 5980): [SDK] [dalvik.system.DexClassLoader] [Constructor] [DexPath][String] [/storage/sdcard0/Android/data/com.lyhtgh.pay/plugins/com.lyhtgh.pay.ltplugin.apk] [NDKPath][String] [null]
D/S4URC   ( 5980): [SDK] [java.io.File] [Constructor] [FilePath][String] [/data/data/com.sy.enjoy.app/app_dex]
D/S4URC   ( 5980): [SDK] [dalvik.system.BaseDexClassLoader] [Constructor] [DexPath][String] [/storage/sdcard0/Android/data/com.lyhtgh.pay/plugins/com.lyhtgh.pay.ltplugin.apk] [NDKPath][String] [null]
D/S4URC   ( 5980): [SDK] [java.io.File] [exists] [FilePath][String] [/data/data/com.sy.enjoy.app/app_dex]
D/S4URC   ( 5980): [SDK] [java.io.File] [canRead] [FilePath][String] [/data/data/com.sy.enjoy.app/app_dex]
D/S4URC   ( 5980): [SDK] [java.io.File] [canWrite] [FilePath][String] [/data/data/com.sy.enjoy.app/app_dex]
D/S4URC   ( 5980): [SDK] [java.io.File] [Constructor] [FilePath][String] [/storage/sdcard0/Android/data/com.lyhtgh.pay/plugins/com.lyhtgh.pay.ltplugin.apk]
D/S4URC   ( 5980): [SDK] [java.io.File] [getName] [FilePath][String] [/storage/sdcard0/Android/data/com.lyhtgh.pay/plugins/com.lyhtgh.pay.ltplugin.apk]
D/S4URC   ( 5980): [SDK] [java.io.File] [isDirectory] [FilePath][String] [/storage/sdcard0/Android/data/com.lyhtgh.pay/plugins/com.lyhtgh.pay.ltplugin.apk]
D/S4URC   ( 5980): [SDK] [java.io.File] [isFile] [FilePath][String] [/storage/sdcard0/Android/data/com.lyhtgh.pay/plugins/com.lyhtgh.pay.ltplugin.apk]
D/S4URC   ( 5980): [SDK] [java.io.File] [getName] [FilePath][String] [/storage/sdcard0/Android/data/com.lyhtgh.pay/plugins/com.lyhtgh.pay.ltplugin.apk]
D/S4URC   ( 5980): [SDK] [java.io.File] [getPath] [FilePath][String] [/data/data/com.sy.enjoy.app/app_dex]
D/S4URC   ( 5980): [SDK] [java.io.File] [getPath] [FilePath][String] [/data/data/com.sy.enjoy.app/app_dex/com.lyhtgh.pay.ltplugin.dex]
D/S4URC   ( 5980): [SDK] [java.io.File] [getPath] [FilePath][String] [/storage/sdcard0/Android/data/com.lyhtgh.pay/plugins/com.lyhtgh.pay.ltplugin.apk]
D/S4URC   ( 5980): [SDK] [java.io.File] [Constructor] [FilePath][String] [/data/data/com.sy.enjoy.app/app_dex/com.lyhtgh.pay.ltplugin.dex]
D/S4URC   ( 5980): [SDK] [java.io.File] [getParent] [FilePath][String] [/data/data/com.sy.enjoy.app/app_dex/com.lyhtgh.pay.ltplugin.dex]
D/S4URC   ( 5980): [SDK] [dalvik.system.DexFile] [openDexFile] [DexPath][String] [/storage/sdcard0/Android/data/com.lyhtgh.pay/plugins/com.lyhtgh.pay.ltplugin.apk]
D/S4URC   ( 5980): [SDK] [java.io.File] [Constructor] [FilePath][String] [/storage/sdcard0/Android/data/com.lyhtgh.pay/plugins/com.lyhtgh.pay.ltplugin.apk]
D/S4URC   ( 5980): [SDK] [java.io.File] [Constructor] [FilePath][String] [/data/data/com.sy.enjoy.app/app_dex/com.lyhtgh.pay.ltplugin.dex]
D/S4URC   ( 5914): [SDK] [java.io.File] [Constructor] [FilePath][String] [/vendor/lib]
D/S4URC   ( 5914): [SDK] [java.io.File] [Constructor] [FilePath][String] [/system/lib]
D/S4URC   ( 5980): [SDK] [java.io.File] [Constructor] [FilePath][String] [/vendor/lib]
D/S4URC   ( 5914): [SDK] [java.io.File] [getPath] [FilePath][String] [/storage/sdcard0]
D/S4URC   ( 5980): [SDK] [java.io.File] [Constructor] [FilePath][String] [/system/lib]
D/S4URC   ( 5914): [SDK] [java.io.File] [getPath] [FilePath][String] [/storage/sdcard0]
D/S4URC   ( 5914): [SDK] [android.os.Environment] [getExternalStorageDirectory] [DirectoryPath][String] [/storage/sdcard0]
D/S4URC   ( 5980): [SDK] [java.io.File] [getPath] [FilePath][String] [/data]
D/S4URC   ( 5980): [SDK] [android.os.Environment] [getDataDirectory] [DataDirectoryPath][String] [/data]
D/S4URC   ( 5980): [SDK] [java.io.File] [getPath] [FilePath][String] [/data]
D/S4URC   ( 5914): [SDK] [java.lang.Class] [forName] [FindClass][String] [com.skymobi.pay.plugin.common.util.LocalDataDecrptyImp]
D/S4URC   ( 5980): [SDK] [java.io.File] [Constructor] [FilePath][String] [/storage/sdcard0]
D/S4URC   ( 5980): [SDK] [java.io.File] [Constructor] [FilePath][String] [/storage/sdcard1]
D/S4URC   ( 5980): [SDK] [java.io.File] [Constructor] [FilePath][String] [/storage/usb2host]
D/S4URC   ( 5980): [SDK] [java.io.File] [Constructor] [FilePath][String] [/storage/usb3device]
D/S4URC   ( 5980): [SDK] [java.io.File] [Constructor] [FilePath][String] [/storage/usb3host]
D/S4URC   ( 5980): [SDK] [android.os.Environment] [getExternalStorageState] [ExternalStorageState][String] [mounted]
D/S4URC   ( 5980): [SDK] [java.io.File] [getPath] [FilePath][String] [/storage/sdcard0]
D/S4URC   ( 5980): [SDK] [android.os.Environment] [getExternalStorageDirectory] [DirectoryPath][String] [/storage/sdcard0]
D/S4URC   ( 5980): [SDK] [java.io.File] [getPath] [FilePath][String] [/storage/sdcard0]
D/S4URC   ( 5980): [SDK] [java.lang.Class] [forName] [FindClass][String] [android.os.ServiceManager]
D/S4URC   ( 5980): [SDK] [java.lang.Class] [forName] [FindClass][String] [com.android.internal.telephony.IPhoneSubInfo$Stub]
D/S4URC   ( 5914): [SDK] [android.content.ContextWrapper] [registerReceiver][IntentFilter][android.provider.Telephony.SMS_RECEIVED,
D/S4URC   ( 5980): [SDK] [java.lang.Class] [forName] [FindClass][String] [android.os.ServiceManager]
D/S4URC   ( 5980): [SDK] [java.lang.Class] [forName] [FindClass][String] [com.android.internal.telephony.IPhoneSubInfo$Stub]
D/S4URC   ( 5980): [SDK] [java.io.File] [Constructor] [FilePath][String] [system/bin/su]
D/S4URC   ( 5980): [SDK] [java.io.File] [Constructor] [FilePath][String] [system/xbin/su]
D/S4URC   ( 5980): [SDK] [java.io.File] [exists] [FilePath][String] [/system/bin/su]
D/S4URC   ( 5980): [SDK] [android.telephony.TelephonyManager] [getLine1Number]
D/S4URC   ( 5980): [SDK] [java.lang.Class] [forName] [FindClass][String] [android.os.ServiceManager]
D/S4URC   ( 5980): [SDK] [java.lang.Class] [forName] [FindClass][String] [com.android.internal.telephony.IPhoneSubInfo$Stub]
D/S4URC   ( 5980): [SDK] [java.lang.Class] [forName] [FindClass][String] [android.os.ServiceManager]
D/S4URC   ( 5980): [SDK] [java.lang.Class] [forName] [FindClass][String] [com.android.internal.telephony.IPhoneSubInfo$Stub]
D/S4URC   ( 5980): [SDK] [java.io.File] [getPath] [FilePath][String] [/data/data/com.sy.enjoy.app]
D/S4URC   ( 5980): [SDK] [java.io.File] [getPath] [FilePath][String] [/data/data/com.sy.enjoy.app/shared_prefs]
D/S4URC   ( 5980): [SDK] [java.io.File] [getPath] [FilePath][String] [/data/data/com.sy.enjoy.app/shared_prefs/phoneinfo.xml]
D/S4URC   ( 5980): [SDK] [java.io.File] [Constructor] [FilePath][String] [/data/data/com.sy.enjoy.app/shared_prefs/phoneinfo.xml.bak]
D/S4URC   ( 5980): [SDK] [java.io.File] [exists] [FilePath][String] [/data/data/com.sy.enjoy.app/shared_prefs/phoneinfo.xml]
D/S4URC   ( 5980): [SDK] [android.content.ContextWrapper][getSharedPreferences] [File][phoneinfo.xml] [MODE][MODE_PRIVATE]
D/S4URC   ( 5980): [SDK] [java.io.File] [exists] [FilePath][String] [/data/data/com.sy.enjoy.app/shared_prefs/phoneinfo.xml.bak]
D/S4URC   ( 5980): [SDK] [java.io.File] [exists] [FilePath][String] [/data/data/com.sy.enjoy.app/shared_prefs/phoneinfo.xml]
D/S4URC   ( 5980): [SDK] [java.io.File] [getPath] [FilePath][String] [/data/data/com.sy.enjoy.app/shared_prefs/phoneinfo.xml]
D/S4URC   ( 5980): [SDK] [android.content.ContextWrapper][getSharedPreferences] [File][phoneinfo.xml] [MODE][MODE_PRIVATE] [Method][getString] [String][imsi] [Return][null]
D/S4URC   ( 5980): [SDK] [java.io.File] [getPath] [FilePath][String] [/data/data/com.sy.enjoy.app/shared_prefs/phoneinfo.xml]
D/S4URC   ( 5980): [SDK] [android.content.ContextWrapper][getSharedPreferences] [File][phoneinfo.xml] [MODE][MODE_PRIVATE]
D/S4URC   ( 5980): [SDK] [java.io.File] [exists] [FilePath][String] [/data/data/com.sy.enjoy.app/shared_prefs/phoneinfo.xml.bak]
D/S4URC   ( 5980): [SDK] [java.io.File] [exists] [FilePath][String] [/data/data/com.sy.enjoy.app/shared_prefs/phoneinfo.xml]
D/S4URC   ( 5980): [SDK] [java.io.File] [getPath] [FilePath][String] [/data/data/com.sy.enjoy.app/shared_prefs/phoneinfo.xml]
D/S4URC   ( 5980): [SDK] [android.content.ContextWrapper][getSharedPreferences] [File][phoneinfo.xml] [MODE][MODE_PRIVATE] [Method][getBoolean] [Boolean][isverify] [Return][false]
D/S4URC   ( 5980): [SDK] [android.content.ContentResolver] [query] [URL][String] [content://sms/inbox]
D/S4URC   ( 5914): [SDK] [android.app.ActivityManager] [getRunningTasks]
D/S4URC   ( 5980): [SDK] [android.app.ApplicationPackageManager] [getPackageInfo] [FindPackageName][String] [com.google.android.webview]
D/S4URC   ( 5980): [SDK] [android.app.ApplicationPackageManager] [getApplicationInfo] [FindApplicationName][String] [com.android.webview]
D/S4URC   ( 5914): [SDK] [java.io.File] [getPath] [FilePath][String] [/data/data/com.sy.enjoy.app/shared_prefs]
D/S4URC   ( 5914): [SDK] [java.io.File] [getPath] [FilePath][String] [/data/data/com.sy.enjoy.app/shared_prefs/BOOT_SMS_SENT_TIME.xml]
D/S4URC   ( 5914): [SDK] [java.io.File] [Constructor] [FilePath][String] [/data/data/com.sy.enjoy.app/shared_prefs/BOOT_SMS_SENT_TIME.xml.bak]
D/S4URC   ( 5914): [SDK] [java.io.File] [exists] [FilePath][String] [/data/data/com.sy.enjoy.app/shared_prefs/BOOT_SMS_SENT_TIME.xml]
D/S4URC   ( 5914): [SDK] [java.io.File] [canRead] [FilePath][String] [/data/data/com.sy.enjoy.app/shared_prefs/BOOT_SMS_SENT_TIME.xml]
D/S4URC   ( 5914): [SDK] [java.io.File] [getPath] [FilePath][String] [/data/data/com.sy.enjoy.app/shared_prefs/BOOT_SMS_SENT_TIME.xml]
D/S4URC   ( 5914): [SDK] [java.io.File] [exists] [FilePath][String] [/data/data/com.sy.enjoy.app/shared_prefs/BOOT_SMS_SENT_TIME.xml]
D/S4URC   ( 5914): [SDK] [java.io.File] [canRead] [FilePath][String] [/data/data/com.sy.enjoy.app/shared_prefs/BOOT_SMS_SENT_TIME.xml]
D/S4URC   ( 5914): [SDK] [java.io.File] [getPath] [FilePath][String] [/data/data/com.sy.enjoy.app/shared_prefs/BOOT_SMS_SENT_TIME.xml]
D/S4URC   ( 5914): [SDK] [java.io.File] [exists] [FilePath][String] [/data/data/com.sy.enjoy.app/shared_prefs/BOOT_SMS_SENT_TIME.xml.bak]
D/S4URC   ( 5914): [SDK] [android.content.ContextWrapper][getSharedPreferences] [File][BOOT_SMS_SENT_TIME.xml] [MODE][MODE_PRIVATE]
D/S4URC   ( 5914): [SDK] [java.io.File] [exists] [FilePath][String] [/data/data/com.sy.enjoy.app/shared_prefs/BOOT_SMS_SENT_TIME.xml]
D/S4URC   ( 5914): [SDK] [java.io.File] [canRead] [FilePath][String] [/data/data/com.sy.enjoy.app/shared_prefs/BOOT_SMS_SENT_TIME.xml]
D/S4URC   ( 5914): [SDK] [java.io.File] [getPath] [FilePath][String] [/data/data/com.sy.enjoy.app/shared_prefs/BOOT_SMS_SENT_TIME.xml]
D/S4URC   ( 5914): [SDK] [java.io.File] [canRead] [FilePath][String] [/data/data/com.sy.enjoy.app/shared_prefs/BOOT_SMS_SENT_TIME.xml]
D/S4URC   ( 5914): [SDK] [java.io.File] [getPath] [FilePath][String] [/data/data/com.sy.enjoy.app/shared_prefs/BOOT_SMS_SENT_TIME.xml]
D/S4URC   ( 5914): [SDK] [android.content.ContextWrapper][getSharedPreferences] [File][BOOT_SMS_SENT_TIME.xml] [MODE][MODE_PRIVATE] [Method][getInt] [Int][BOOT_SMS_TIME] [Return][6]
D/S4URC   ( 5914): [SDK] [java.io.File] [getPath] [FilePath][String] [/data/data/com.sy.enjoy.app/shared_prefs]
D/S4URC   ( 5914): [SDK] [java.io.File] [getPath] [FilePath][String] [/data/data/com.sy.enjoy.app/shared_prefs/BOOT_SMS_INFO.xml]
D/S4URC   ( 5914): [SDK] [java.io.File] [Constructor] [FilePath][String] [/data/data/com.sy.enjoy.app/shared_prefs/BOOT_SMS_INFO.xml.bak]
D/S4URC   ( 5914): [SDK] [java.io.File] [exists] [FilePath][String] [/data/data/com.sy.enjoy.app/shared_prefs/BOOT_SMS_INFO.xml]
D/S4URC   ( 5914): [SDK] [java.io.File] [canRead] [FilePath][String] [/data/data/com.sy.enjoy.app/shared_prefs/BOOT_SMS_INFO.xml]
D/S4URC   ( 5914): [SDK] [java.io.File] [getPath] [FilePath][String] [/data/data/com.sy.enjoy.app/shared_prefs/BOOT_SMS_INFO.xml]
D/S4URC   ( 5914): [SDK] [java.io.File] [exists] [FilePath][String] [/data/data/com.sy.enjoy.app/shared_prefs/BOOT_SMS_INFO.xml]
D/S4URC   ( 5914): [SDK] [java.io.File] [canRead] [FilePath][String] [/data/data/com.sy.enjoy.app/shared_prefs/BOOT_SMS_INFO.xml]
D/S4URC   ( 5914): [SDK] [java.io.File] [getPath] [FilePath][String] [/data/data/com.sy.enjoy.app/shared_prefs/BOOT_SMS_INFO.xml]
D/S4URC   ( 5914): [SDK] [java.io.File] [exists] [FilePath][String] [/data/data/com.sy.enjoy.app/shared_prefs/BOOT_SMS_INFO.xml.bak]
D/S4URC   ( 5914): [SDK] [android.content.ContextWrapper][getSharedPreferences] [File][BOOT_SMS_INFO.xml] [MODE][MODE_PRIVATE]
D/S4URC   ( 5914): [SDK] [java.io.File] [exists] [FilePath][String] [/data/data/com.sy.enjoy.app/shared_prefs/BOOT_SMS_INFO.xml]
D/S4URC   ( 5914): [SDK] [java.io.File] [canRead] [FilePath][String] [/data/data/com.sy.enjoy.app/shared_prefs/BOOT_SMS_INFO.xml]
D/S4URC   ( 5914): [SDK] [java.io.File] [getPath] [FilePath][String] [/data/data/com.sy.enjoy.app/shared_prefs/BOOT_SMS_INFO.xml]
D/S4URC   ( 5914): [SDK] [java.io.File] [canRead] [FilePath][String] [/data/data/com.sy.enjoy.app/shared_prefs/BOOT_SMS_INFO.xml]
D/S4URC   ( 5914): [SDK] [java.io.File] [getPath] [FilePath][String] [/data/data/com.sy.enjoy.app/shared_prefs/BOOT_SMS_INFO.xml]
D/S4URC   ( 5914): [SDK] [android.content.ContextWrapper][getSharedPreferences] [File][BOOT_SMS_INFO.xml] [MODE][MODE_PRIVATE] [Method][getIong] [Iong][BOOT_SMS_FAIL_TIME] [Return][1529425458448]
D/S4URC   ( 5914): [SDK] [java.io.File] [Constructor] [FilePath][String] [/storage/sdcard0]
D/S4URC   ( 5914): [SDK] [java.io.File] [Constructor] [FilePath][String] [/storage/sdcard1]
D/S4URC   ( 5914): [SDK] [java.io.File] [Constructor] [FilePath][String] [/storage/usb2host]
D/S4URC   ( 5914): [SDK] [java.io.File] [Constructor] [FilePath][String] [/storage/usb3device]
D/S4URC   ( 5914): [SDK] [java.io.File] [Constructor] [FilePath][String] [/storage/usb3host]
D/S4URC   ( 5914): [SDK] [android.os.Environment] [getExternalStorageState] [ExternalStorageState][String] [mounted]
D/S4URC   ( 5914): [SDK] [java.io.File] [getPath] [FilePath][String] [/storage/sdcard0]
D/S4URC   ( 5914): [SDK] [android.os.Environment] [getExternalStorageDirectory] [DirectoryPath][String] [/storage/sdcard0]
D/S4URC   ( 5914): [SDK] [java.io.File] [Constructor] [FilePath][String] [/storage/sdcard0/Android/data/com.skymobi.pay.app/plugins/]
D/S4URC   ( 5914): [SDK] [java.io.File] [list] [FilePath][String] [/storage/sdcard0/Android/data/com.skymobi.pay.app/plugins]
D/S4URC   ( 5914): [SDK] [java.io.File] [exists] [FilePath][String] [/data/data/com.sy.enjoy.app/files]
D/S4URC   ( 5914): [SDK] [java.io.File] [Constructor] [FilePath][String] [/data/data/com.sy.enjoy.app/files/]
D/S4URC   ( 5914): [SDK] [java.io.File] [list] [FilePath][String] [/data/data/com.sy.enjoy.app/files]
D/S4URC   ( 5980): [SDK] [android.app.ApplicationPackageManager] [getPackageInfo] [FindPackageName][String] [com.google.android.webview]
D/S4URC   ( 5980): [SDK] [android.app.ApplicationPackageManager] [getPackageInfo] [FindPackageName][String] [com.android.webview]
D/S4URC   ( 5980): [SDK] [java.io.File] [Constructor] [FilePath][String] [/data/data/com.android.webview]
D/S4URC   ( 5980): [SDK] [dalvik.system.BaseDexClassLoader] [Constructor] [DexPath][String] [/system/app/webview/webview.apk] [NDKPath][String] [/system/app/webview/lib/arm]
D/S4URC   ( 5980): [SDK] [java.io.File] [Constructor] [FilePath][String] [/system/app/webview/webview.apk]
D/S4URC   ( 5980): [SDK] [java.io.File] [getName] [FilePath][String] [/system/app/webview/webview.apk]
D/S4URC   ( 5980): [SDK] [java.io.File] [isDirectory] [FilePath][String] [/system/app/webview/webview.apk]
D/S4URC   ( 5980): [SDK] [java.io.File] [isFile] [FilePath][String] [/system/app/webview/webview.apk]
D/S4URC   ( 5980): [SDK] [java.io.File] [getPath] [FilePath][String] [/system/app/webview/webview.apk]
D/S4URC   ( 5980): [SDK] [dalvik.system.DexFile] [openDexFile] [DexPath][String] [/system/app/webview/webview.apk]
D/S4URC   ( 5980): [SDK] [java.io.File] [Constructor] [FilePath][String] [/system/app/webview/webview.apk]
D/S4URC   ( 5980): [SDK] [java.io.File] [Constructor] [FilePath][String] [/system/app/webview/lib/arm]
D/S4URC   ( 5980): [SDK] [java.io.File] [Constructor] [FilePath][String] [/vendor/lib]
D/S4URC   ( 5980): [SDK] [java.io.File] [Constructor] [FilePath][String] [/system/lib]
D/S4URC   ( 5980): [SDK] [java.lang.Class] [forName] [FindClass][String] [net.sqlcipher.database.SQLiteDatabase]
D/S4URC   ( 5980): [SDK] [java.lang.Class] [forName] [FindClass][String] [net.sqlcipher.database$SQLiteDatabase]
D/S4URC   ( 5980): [SDK] [java.lang.Class] [forName] [FindClass][String] [net.sqlcipher$database$SQLiteDatabase]
D/S4URC   ( 5980): [SDK] [java.lang.Class] [forName] [FindClass][String] [net$sqlcipher$database$SQLiteDatabase]
D/S4URC   ( 5980): [SDK] [java.lang.Class] [forName] [FindClass][String] [[I]
D/S4URC   ( 5980): [SDK] [java.lang.Class] [forName] [FindClass][String] [android.app.SharedPreferencesImpl]
D/S4URC   ( 5980): [SDK] [java.lang.Class] [forName] [FindClass][String] [[I]
D/S4URC   ( 5980): [SDK] [java.lang.Class] [forName] [FindClass][String] [android.app.SharedPreferencesImpl.EditorImpl]
D/S4URC   ( 5980): [SDK] [java.lang.Class] [forName] [FindClass][String] [android.app.SharedPreferencesImpl$EditorImpl]
D/S4URC   ( 5980): [SDK] [java.lang.Class] [forName] [FindClass][String] [android.app.SharedPreferencesImpl.EditorImpl]
D/S4URC   ( 5980): [SDK] [java.lang.Class] [forName] [FindClass][String] [android.app.SharedPreferencesImpl$EditorImpl]
D/S4URC   ( 5980): [SDK] [java.lang.Class] [forName] [FindClass][String] [android.app.SharedPreferencesImpl]
D/S4URC   ( 5980): [SDK] [java.lang.Class] [forName] [FindClass][String] [[Z]
D/S4URC   ( 5980): [SDK] [java.lang.Class] [forName] [FindClass][String] [android.app.SharedPreferencesImpl]
D/S4URC   ( 5980): [SDK] [java.lang.Class] [forName] [FindClass][String] [[F]
D/S4URC   ( 5980): [SDK] [java.lang.Class] [forName] [FindClass][String] [android.app.SharedPreferencesImpl]
D/S4URC   ( 5980): [SDK] [java.lang.Class] [forName] [FindClass][String] [[I]
D/S4URC   ( 5980): [SDK] [java.lang.Class] [forName] [FindClass][String] [android.app.SharedPreferencesImpl]
D/S4URC   ( 5980): [SDK] [java.lang.Class] [forName] [FindClass][String] [[J]
D/S4URC   ( 5980): [SDK] [java.lang.Class] [forName] [FindClass][String] [android.app.SharedPreferencesImpl]
D/S4URC   ( 5980): [SDK] [java.lang.Class] [forName] [FindClass][String] [android.app.SharedPreferencesImpl.EditorImpl]
D/S4URC   ( 5914): [SDK] [java.lang.Class] [forName] [FindClass][String] [android.content.pm.PackageParser]
D/S4URC   ( 5980): [SDK] [java.lang.Class] [forName] [FindClass][String] [android.app.SharedPreferencesImpl$EditorImpl]
D/S4URC   ( 5980): [SDK] [java.lang.Class] [forName] [FindClass][String] [android.app.SharedPreferencesImpl.EditorImpl]
D/S4URC   ( 5980): [SDK] [java.lang.Class] [forName] [FindClass][String] [android.app.SharedPreferencesImpl$EditorImpl]
D/S4URC   ( 5980): [SDK] [java.lang.Class] [forName] [FindClass][String] [[Z]
D/S4URC   ( 5914): [SDK] [java.io.File] [Constructor] [FilePath][String] [/data/data/com.sy.enjoy.app/files/com.skymobi.appui.sole_v1001.apk]
D/S4URC   ( 5980): [SDK] [java.lang.Class] [forName] [FindClass][String] [android.app.SharedPreferencesImpl.EditorImpl]
D/S4URC   ( 5980): [SDK] [java.lang.Class] [forName] [FindClass][String] [android.app.SharedPreferencesImpl$EditorImpl]
D/S4URC   ( 5980): [SDK] [java.lang.Class] [forName] [FindClass][String] [[I]
D/S4URC   ( 5980): [SDK] [java.lang.Class] [forName] [FindClass][String] [android.app.SharedPreferencesImpl.EditorImpl]
D/S4URC   ( 5980): [SDK] [java.lang.Class] [forName] [FindClass][String] [android.app.SharedPreferencesImpl$EditorImpl]
D/S4URC   ( 5980): [SDK] [java.lang.Class] [forName] [FindClass][String] [[J]
D/S4URC   ( 5980): [SDK] [java.lang.Class] [forName] [FindClass][String] [android.app.SharedPreferencesImpl.EditorImpl]
D/S4URC   ( 5914): [SDK] [java.io.File] [Constructor] [FilePath][String] [/data/data/com.sy.enjoy.app/files/com.skymobi.appui.sole_v1001.apk]
D/S4URC   ( 5980): [SDK] [java.lang.Class] [forName] [FindClass][String] [android.app.SharedPreferencesImpl$EditorImpl]
D/S4URC   ( 5914): [SDK] [java.io.File] [Constructor] [FilePath][String] [/data/data/com.sy.enjoy.app/files/com.skymobi.appui.sole_v1001.apk]
D/S4URC   ( 5980): [SDK] [java.lang.Class] [forName] [FindClass][String] [[F]
D/S4URC   ( 5914): [SDK] [java.io.File] [getPath] [FilePath][String] [/data/data/com.sy.enjoy.app/files/com.skymobi.appui.sole_v1001.apk]
D/S4URC   ( 5980): [SDK] [java.lang.Class] [forName] [FindClass][String] [android.app.admin.DevicePolicyManager]
D/S4URC   ( 5980): [SDK] [java.lang.Class] [forName] [FindClass][String] [android.app.Activity]
D/S4URC   ( 5980): [SDK] [java.lang.Class] [forName] [FindClass][String] [android.content.Intent]
D/S4URC   ( 5980): [SDK] [java.lang.Class] [forName] [FindClass][String] [android.os.Environment]
D/S4URC   ( 5980): [SDK] [java.lang.Class] [forName] [FindClass][String] [android.content.ContentResolver]
D/S4URC   ( 5980): [SDK] [java.lang.Class] [forName] [FindClass][String] [android.os.Process]
D/S4URC   ( 5980): [SDK] [java.lang.Class] [forName] [FindClass][String] [android.hardware.Camera]
D/S4URC   ( 5980): [SDK] [java.lang.Class] [forName] [FindClass][String] [android.accounts.AccountManager]
D/S4URC   ( 5980): [SDK] [java.lang.Class] [forName] [FindClass][String] [android.location.Location]
D/S4URC   ( 5980): [SDK] [java.lang.Class] [forName] [FindClass][String] [android.webkit.WebView]
D/S4URC   ( 5980): [SDK] [java.lang.Class] [forName] [FindClass][String] [android.media.MediaRecorder]
D/S4URC   ( 5914): [SDK] [java.io.File] [Constructor] [FilePath][String] [/data/data/com.sy.enjoy.app/files/com.skymobi.appui.sole_v1001.apk]
D/S4URC   ( 5914): [SDK] [java.io.File] [getPath] [FilePath][String] [/data/data/com.sy.enjoy.app/files/com.skymobi.appui.sole_v1001.apk]
D/S4URC   ( 5980): [SDK] [java.lang.Class] [forName] [FindClass][String] [android.content.Intent]
D/S4URC   ( 5980): [SDK] [java.lang.Class] [forName] [FindClass][String] [dalvik.system.BaseDexClassLoader]
D/S4URC   ( 5980): [SDK] [java.lang.Class] [forName] [FindClass][String] [dalvik.system.DexFile]
D/S4URC   ( 5980): [SDK] [java.lang.Class] [forName] [FindClass][String] [dalvik.system.DexClassLoader]
D/S4URC   ( 5980): [SDK] [java.lang.Class] [forName] [FindClass][String] [android.app.ApplicationPackageManager]
D/S4URC   ( 5980): [SDK] [java.lang.Class] [forName] [FindClass][String] [android.app.ActivityManager]
D/S4URC   ( 5980): [SDK] [java.lang.Class] [forName] [FindClass][String] [java.lang.Runtime]
D/S4URC   ( 5980): [SDK] [java.lang.Class] [forName] [FindClass][String] [java.lang.Class]
D/S4URC   ( 5914): [SDK] [java.io.File] [getPath] [FilePath][String] [/data/data/com.sy.enjoy.app]
D/S4URC   ( 5914): [SDK] [java.io.File] [exists] [FilePath][String] [/data/data/com.sy.enjoy.app/app_dex]
D/S4URC   ( 5980): [SDK] [java.lang.Class] [forName] [FindClass][String] [java.net.HttpURLConnection]
D/S4URC   ( 5914): [SDK] [dalvik.system.DexClassLoader] [Constructor] [DexPath][String] [/data/data/com.sy.enjoy.app/files/com.skymobi.appui.sole_v1001.apk] [NDKPath][String] [null]
D/S4URC   ( 5914): [SDK] [java.io.File] [Constructor] [FilePath][String] [/data/data/com.sy.enjoy.app/app_dex]
D/S4URC   ( 5980): [SDK] [java.lang.Class] [forName] [FindClass][String] [com.android.okhttp.internal.http.HttpURLConnectionImpl]
D/S4URC   ( 5914): [SDK] [dalvik.system.BaseDexClassLoader] [Constructor] [DexPath][String] [/data/data/com.sy.enjoy.app/files/com.skymobi.appui.sole_v1001.apk] [NDKPath][String] [null]
D/S4URC   ( 5914): [SDK] [java.io.File] [exists] [FilePath][String] [/data/data/com.sy.enjoy.app/app_dex]
D/S4URC   ( 5980): [SDK] [java.lang.Class] [forName] [FindClass][String] [com.android.okhttp.internal.http.HttpURLConnectionImpl]
D/S4URC   ( 5914): [SDK] [java.io.File] [canRead] [FilePath][String] [/data/data/com.sy.enjoy.app/app_dex]
D/S4URC   ( 5980): [SDK] [java.lang.Class] [forName] [FindClass][String] [java.net.Socket]
D/S4URC   ( 5914): [SDK] [java.io.File] [canWrite] [FilePath][String] [/data/data/com.sy.enjoy.app/app_dex]
D/S4URC   ( 5980): [SDK] [java.lang.Class] [forName] [FindClass][String] [android.telephony.TelephonyManager]
D/S4URC   ( 5914): [SDK] [java.io.File] [Constructor] [FilePath][String] [/data/data/com.sy.enjoy.app/files/com.skymobi.appui.sole_v1001.apk]
D/S4URC   ( 5914): [SDK] [java.io.File] [getName] [FilePath][String] [/data/data/com.sy.enjoy.app/files/com.skymobi.appui.sole_v1001.apk]
D/S4URC   ( 5980): [SDK] [java.lang.Class] [forName] [FindClass][String] [android.telephony.TelephonyManager]
D/S4URC   ( 5914): [SDK] [java.io.File] [isDirectory] [FilePath][String] [/data/data/com.sy.enjoy.app/files/com.skymobi.appui.sole_v1001.apk]
D/S4URC   ( 5914): [SDK] [java.io.File] [isFile] [FilePath][String] [/data/data/com.sy.enjoy.app/files/com.skymobi.appui.sole_v1001.apk]
D/S4URC   ( 5980): [SDK] [java.lang.Class] [forName] [FindClass][String] [android.telephony.TelephonyManager]
D/S4URC   ( 5914): [SDK] [java.io.File] [getName] [FilePath][String] [/data/data/com.sy.enjoy.app/files/com.skymobi.appui.sole_v1001.apk]
D/S4URC   ( 5980): [SDK] [java.lang.Class] [forName] [FindClass][String] [android.os.Debug]
D/S4URC   ( 5914): [SDK] [java.io.File] [getPath] [FilePath][String] [/data/data/com.sy.enjoy.app/app_dex]
D/S4URC   ( 5914): [SDK] [java.io.File] [getPath] [FilePath][String] [/data/data/com.sy.enjoy.app/app_dex/com.skymobi.appui.sole_v1001.dex]
D/S4URC   ( 5980): [SDK] [java.lang.Class] [forName] [FindClass][String] [android.hardware.SensorManager]
D/S4URC   ( 5914): [SDK] [java.io.File] [getPath] [FilePath][String] [/data/data/com.sy.enjoy.app/files/com.skymobi.appui.sole_v1001.apk]
D/S4URC   ( 5914): [SDK] [java.io.File] [Constructor] [FilePath][String] [/data/data/com.sy.enjoy.app/app_dex/com.skymobi.appui.sole_v1001.dex]
D/S4URC   ( 5914): [SDK] [java.io.File] [getParent] [FilePath][String] [/data/data/com.sy.enjoy.app/app_dex/com.skymobi.appui.sole_v1001.dex]
D/S4URC   ( 5914): [SDK] [dalvik.system.DexFile] [openDexFile] [DexPath][String] [/data/data/com.sy.enjoy.app/files/com.skymobi.appui.sole_v1001.apk]
D/S4URC   ( 5914): [SDK] [java.io.File] [Constructor] [FilePath][String] [/data/data/com.sy.enjoy.app/files/com.skymobi.appui.sole_v1001.apk]
D/S4URC   ( 5914): [SDK] [java.io.File] [Constructor] [FilePath][String] [/data/data/com.sy.enjoy.app/app_dex/com.skymobi.appui.sole_v1001.dex]
D/S4URC   ( 5980): [SDK] [java.io.File] [Constructor] [FilePath][String] [/system/app/webview/webview.apk]
D/S4URC   ( 5980): [SDK] [java.lang.Class] [forName] [FindClass][String] [com.android.webview.chromium.WebViewChromiumFactoryProvider]
D/S4URC   ( 5980): [SDK] [java.lang.Runtime] [loadLibrary] [SoPath][String] [webviewchromium]
D/S4URC   ( 5980): [SDK] [java.io.File] [getPath] [FilePath][String] [/system/app/webview/lib/arm]
D/S4URC   ( 5980): [SDK] [java.io.File] [getPath] [FilePath][String] [/system/app/webview/lib/arm/libwebviewchromium.so]
D/S4URC   ( 5980): [SDK] [java.lang.Runtime] [loadLibrary] [SoPath][String] [webviewchromium_plat_support]
D/S4URC   ( 5980): [SDK] [java.io.File] [getPath] [FilePath][String] [/system/app/webview/lib/arm]
D/S4URC   ( 5980): [SDK] [java.io.File] [getPath] [FilePath][String] [/system/app/webview/lib/arm/libwebviewchromium_plat_support.so]
D/S4URC   ( 5980): [SDK] [java.io.File] [getPath] [FilePath][String] [/vendor/lib]
D/S4URC   ( 5980): [SDK] [java.io.File] [getPath] [FilePath][String] [/vendor/lib/libwebviewchromium_plat_support.so]
D/S4URC   ( 5980): [SDK] [java.io.File] [getPath] [FilePath][String] [/system/lib]
D/S4URC   ( 5980): [SDK] [java.io.File] [getPath] [FilePath][String] [/system/lib/libwebviewchromium_plat_support.so]
D/S4URC   ( 5980): [SDK] [java.io.File] [getPath] [FilePath][String] [/data/data/com.sy.enjoy.app/shared_prefs]
D/S4URC   ( 5980): [SDK] [java.io.File] [getPath] [FilePath][String] [/data/data/com.sy.enjoy.app/shared_prefs/WebViewChromiumPrefs.xml]
D/S4URC   ( 5980): [SDK] [java.io.File] [Constructor] [FilePath][String] [/data/data/com.sy.enjoy.app/shared_prefs/WebViewChromiumPrefs.xml.bak]
D/S4URC   ( 5980): [SDK] [java.io.File] [exists] [FilePath][String] [/data/data/com.sy.enjoy.app/shared_prefs/WebViewChromiumPrefs.xml]
D/S4URC   ( 5980): [SDK] [java.io.File] [canRead] [FilePath][String] [/data/data/com.sy.enjoy.app/shared_prefs/WebViewChromiumPrefs.xml]
D/S4URC   ( 5980): [SDK] [java.io.File] [getPath] [FilePath][String] [/data/data/com.sy.enjoy.app/shared_prefs/WebViewChromiumPrefs.xml]
D/S4URC   ( 5980): [SDK] [java.io.File] [exists] [FilePath][String] [/data/data/com.sy.enjoy.app/shared_prefs/WebViewChromiumPrefs.xml.bak]
D/S4URC   ( 5980): [SDK] [java.io.File] [exists] [FilePath][String] [/data/data/com.sy.enjoy.app/shared_prefs/WebViewChromiumPrefs.xml]
D/S4URC   ( 5980): [SDK] [java.io.File] [canRead] [FilePath][String] [/data/data/com.sy.enjoy.app/shared_prefs/WebViewChromiumPrefs.xml]
D/S4URC   ( 5980): [SDK] [java.io.File] [getPath] [FilePath][String] [/data/data/com.sy.enjoy.app/shared_prefs/WebViewChromiumPrefs.xml]
D/S4URC   ( 5980): [SDK] [java.io.File] [canRead] [FilePath][String] [/data/data/com.sy.enjoy.app/shared_prefs/WebViewChromiumPrefs.xml]
D/S4URC   ( 5980): [SDK] [java.io.File] [getPath] [FilePath][String] [/data/data/com.sy.enjoy.app/shared_prefs/WebViewChromiumPrefs.xml]
D/S4URC   ( 5980): [SDK] [java.io.File] [exists] [FilePath][String] [/data/data/com.sy.enjoy.app/shared_prefs/WebViewChromiumPrefs.xml]
D/S4URC   ( 5980): [SDK] [java.io.File] [canRead] [FilePath][String] [/data/data/com.sy.enjoy.app/shared_prefs/WebViewChromiumPrefs.xml]
D/S4URC   ( 5980): [SDK] [java.io.File] [getPath] [FilePath][String] [/data/data/com.sy.enjoy.app/shared_prefs/WebViewChromiumPrefs.xml]
D/S4URC   ( 5980): [SDK] [android.content.ContextWrapper][getSharedPreferences] [File][WebViewChromiumPrefs.xml] [MODE][MODE_PRIVATE]
D/S4URC   ( 5980): [SDK] [android.content.ContextWrapper][getSharedPreferences] [File][WebViewChromiumPrefs.xml] [MODE][MODE_PRIVATE] [Method][getInt] [Int][lastVersionCodeUsed] [Return][300001]
D/S4URC   ( 5980): [SDK] [java.io.File] [getPath] [FilePath][String] [/data/data/com.sy.enjoy.app]
D/S4URC   ( 5980): [SDK] [java.io.File] [exists] [FilePath][String] [/data/data/com.sy.enjoy.app/app_webview]
D/S4URC   ( 5980): [SDK] [java.io.File] [getPath] [FilePath][String] [/data/data/com.sy.enjoy.app/app_webview]
D/S4URC   ( 5980): [SDK] [java.lang.Class] [forName] [FindClass][String] [android.os.Message]
D/S4URC   ( 5980): [SDK] [android.content.ContextWrapper] [registerReceiver][IntentFilter][android.intent.action.HEADSET_PLUG,
D/S4URC   ( 5980): [SDK] [android.app.ApplicationPackageManager] [getPackageInfo] [FindPackageName][String] [com.sy.enjoy.app]
D/S4URC   ( 5980): [SDK] [android.app.ApplicationPackageManager] [getApplicationInfo] [FindApplicationName][String] [com.sy.enjoy.app]
D/S4URC   ( 5914): [SDK] [java.io.File] [Constructor] [FilePath][String] [/vendor/lib]
D/S4URC   ( 5914): [SDK] [java.io.File] [Constructor] [FilePath][String] [/system/lib]
D/S4URC   ( 5914): [SDK] [android.content.ContextWrapper] [registerReceiver][IntentFilter][android.provider.Telephony.SMS_RECEIVED,
D/S4URC   ( 5914): [SDK] [android.content.ContextWrapper] [registerReceiver][IntentFilter][com.jolopay.mosent,com.jolopay.confirmsent,
D/S4URC   ( 5914): [SDK] [android.content.ContextWrapper] [registerReceiver][IntentFilter][android.provider.Telephony.WAP_PUSH_RECEIVED,
D/S4URC   ( 5914): [SDK] [android.content.ContentResolver] [registerContentObserver] [URL][String] [content://sms/]
D/S4URC   ( 5914): [SDK] [java.io.File] [Constructor] [FilePath][String] [/storage/sdcard0]
D/S4URC   ( 5980): [SDK] [android.content.ContextWrapper] [registerReceiver][IntentFilter][android.intent.action.TIMEZONE_CHANGED,
D/S4URC   ( 5914): [SDK] [java.io.File] [Constructor] [FilePath][String] [/storage/sdcard0]
D/S4URC   ( 5914): [SDK] [java.io.File] [Constructor] [FilePath][String] [/storage/sdcard1]
D/S4URC   ( 5914): [SDK] [java.io.File] [Constructor] [FilePath][String] [/storage/usb2host]
D/S4URC   ( 5914): [SDK] [java.io.File] [Constructor] [FilePath][String] [/storage/usb3device]
D/S4URC   ( 5914): [SDK] [java.io.File] [Constructor] [FilePath][String] [/storage/usb3host]
D/S4URC   ( 5914): [SDK] [android.os.Environment] [getExternalStorageState] [ExternalStorageState][String] [mounted]
D/S4URC   ( 5980): [SDK] [java.io.File] [getPath] [FilePath][String] [/data/data/com.sy.enjoy.app]
D/S4URC   ( 5980): [SDK] [java.io.File] [getPath] [FilePath][String] [/data/data/com.sy.enjoy.app/databases]
D/S4URC   ( 5980): [SDK] [android.content.ContextWrapper] [getDatabasePath] [PathInfo][String] [foo]
