D/S4URC   ( 3653): [SDK] [java.lang.Class] [forName] [FindClass][String] [java.net.HttpURLConnection]
D/S4URC   ( 3653): [SDK] [java.lang.Class] [forName] [FindClass][String] [com.android.okhttp.internal.http.HttpURLConnectionImpl]
D/S4URC   ( 3653): [SDK] [java.lang.Class] [forName] [FindClass][String] [java.net.Socket]
D/S4URC   ( 3653): [SDK] [java.lang.Class] [forName] [FindClass][String] [android.telephony.TelephonyManager]
D/S4URC   ( 3653): [SDK] [java.lang.Class] [forName] [FindClass][String] [android.os.Debug]
D/S4URC   ( 3653): [SDK] [java.lang.Class] [forName] [FindClass][String] [android.hardware.SensorManager]
D/S4URC   ( 3653): [SDK] [java.lang.Class] [forName] [FindClass][String] [android.content.res.ResourcesKey]
D/S4URC   ( 3653): [SDK] [java.lang.Class] [forName] [FindClass][String] [android.app.ResourcesManager]
D/S4URC   ( 3653): [SDK] [java.io.File] [Constructor] [FilePath][String] [/data/app/com.speed.top-1/base.apk]
D/S4URC   ( 3653): [SDK] [java.io.File] [getPath] [FilePath][String] [/data/data/com.speed.top]
D/S4URC   ( 3653): [SDK] [java.io.File] [exists] [FilePath][String] [/data/data/com.speed.top/cache]
D/S4URC   ( 3653): [SDK] [java.io.File] [mkdirs] [FilePath][String] [/data/data/com.speed.top/cache]
D/S4URC   ( 3653): [SDK] [java.io.File] [getPath] [FilePath][String] [/data/data/com.speed.top/cache]
D/S4URC   ( 3653): [SDK] [android.app.ApplicationPackageManager] [getPackageInfo] [FindPackageName][String] [com.speed.top]
D/S4URC   ( 3653): [SDK] [java.io.File] [Constructor] [FilePath][String] [/proc/3653/cmdline]
D/S4URC   ( 3653): [SDK] [java.io.File] [getPath] [FilePath][String] [/proc/3653/cmdline]
D/S4URC   ( 3653): [SDK] [android.app.ApplicationPackageManager] [getApplicationInfo] [FindApplicationName][String] [com.speed.top]
D/S4URC   ( 3653): [SDK] [java.lang.Class] [forName] [FindClass][String] [com.tencent.bugly.lejiagu.CrashModule]
D/S4URC   ( 3653): [SDK] [java.lang.Class] [forName] [FindClass][String] [com.tencent.feedback.eup.CrashReport]
D/S4URC   ( 3653): [SDK] [java.lang.Class] [forName] [FindClass][String] [com.tencent.bugly.lejiagu.beta.Beta]
D/S4URC   ( 3653): [SDK] [java.io.File] [getPath] [FilePath][String] [/data/data/com.speed.top]
D/S4URC   ( 3653): [SDK] [java.io.File] [getPath] [FilePath][String] [/data/data/com.speed.top/shared_prefs]
D/S4URC   ( 3653): [SDK] [java.io.File] [getPath] [FilePath][String] [/data/data/com.speed.top/shared_prefs/legu_900015015.xml]
D/S4URC   ( 3653): [SDK] [java.io.File] [Constructor] [FilePath][String] [/data/data/com.speed.top/shared_prefs/legu_900015015.xml.bak]
D/S4URC   ( 3653): [SDK] [java.io.File] [exists] [FilePath][String] [/data/data/com.speed.top/shared_prefs/legu_900015015.xml]
D/S4URC   ( 3653): [SDK] [android.content.ContextWrapper][getSharedPreferences] [File][legu_900015015.xml] [MODE][MODE_PRIVATE]
D/S4URC   ( 3653): [SDK] [java.lang.Class] [forName] [FindClass][String] [com.tencent.bugly.crashreport.crash.jni.NativeCrashHandler]
D/S4URC   ( 3653): [SDK] [java.io.File] [getPath] [FilePath][String] [/data/data/com.speed.top]
D/S4URC   ( 3653): [SDK] [java.io.File] [exists] [FilePath][String] [/data/data/com.speed.top/files]
D/S4URC   ( 3653): [SDK] [java.io.File] [mkdirs] [FilePath][String] [/data/data/com.speed.top/files]
D/S4URC   ( 3653): [SDK] [java.io.File] [getPath] [FilePath][String] [/data/data/com.speed.top/files]
D/S4URC   ( 3653): [SDK] [java.io.File] [exists] [FilePath][String] [/data/data/com.speed.top/shared_prefs/legu_900015015.xml.bak]
D/S4URC   ( 3653): [SDK] [java.io.File] [exists] [FilePath][String] [/data/data/com.speed.top/shared_prefs/legu_900015015.xml]
D/S4URC   ( 3653): [SDK] [java.io.File] [getPath] [FilePath][String] [/data/data/com.speed.top/shared_prefs/legu_900015015.xml]
D/S4URC   ( 3653): [SDK] [android.content.ContextWrapper][getSharedPreferences] [File][legu_900015015.xml] [MODE][MODE_PRIVATE] [Method][getString] [String][is_report] [Return][]
D/S4URC   ( 3653): [SDK] [android.content.ContextWrapper][getSharedPreferences] [File][legu_900015015.xml] [MODE][MODE_PRIVATE] [Method][getString] [String][need_report] [Return][]
D/S4URC   ( 3653): [SDK] [android.content.ContextWrapper][getSharedPreferences] [File][legu_900015015.xml] [MODE][MODE_PRIVATE] [Method][putString] [Key][need_report] [Value][99]
D/S4URC   ( 3653): [SDK] [java.io.File] [exists] [FilePath][String] [/data/data/com.speed.top/shared_prefs/legu_900015015.xml]
D/S4URC   ( 3653): [SDK] [java.io.File] [getPath] [FilePath][String] [/data/data/com.speed.top/shared_prefs/legu_900015015.xml]
D/S4URC   ( 3653): [SDK] [java.io.File] [getParent] [FilePath][String] [/data/data/com.speed.top/shared_prefs/legu_900015015.xml]
D/S4URC   ( 3653): [SDK] [java.io.File] [Constructor] [FilePath][String] [/data/data/com.speed.top/shared_prefs]
D/S4URC   ( 3653): [SDK] [java.io.File] [mkdir] [FilePath][String] [/data/data/com.speed.top/shared_prefs]
D/S4URC   ( 3653): [SDK] [java.lang.Class] [forName] [FindClass][String] [android.util.Base64]
D/S4URC   ( 3653): [SDK] [java.io.File] [getPath] [FilePath][String] [/data/data/com.speed.top/shared_prefs]
D/S4URC   ( 3653): [SDK] [java.io.File] [getPath] [FilePath][String] [/data/data/com.speed.top/shared_prefs/legu_900015015.xml]
D/S4URC   ( 3653): [SDK] [java.io.File] [getPath] [FilePath][String] [/data/data/com.speed.top]
D/S4URC   ( 3653): [SDK] [java.io.File] [getPath] [FilePath][String] [/data/data/com.speed.top/databases]
D/S4URC   ( 3653): [SDK] [java.io.File] [isDirectory] [FilePath][String] [/data/data/com.speed.top/databases]
D/S4URC   ( 3653): [SDK] [java.io.File] [mkdir] [FilePath][String] [/data/data/com.speed.top/databases]
D/S4URC   ( 3653): [SDK] [java.io.File] [getPath] [FilePath][String] [/data/data/com.speed.top/databases]
D/S4URC   ( 3653): [SDK] [java.io.File] [getPath] [FilePath][String] [/data/data/com.speed.top/databases/bugly_db_lejiagu]
D/S4URC   ( 3653): [SDK] [java.io.File] [getPath] [FilePath][String] [/data/data/com.speed.top/shared_prefs/legu_900015015.xml]
D/S4URC   ( 3653): [SDK] [java.io.File] [delete] [FilePath][String] [/data/data/com.speed.top/shared_prefs/legu_900015015.xml.bak]
D/S4URC   ( 3653): [SDK] [android.content.ContextWrapper][getSharedPreferences] [File][legu_900015015.xml] [MODE][MODE_PRIVATE] [Method][commit]
D/S4URC   ( 3653):  [Method][getString] [String][data_ready] [Return][]
D/S4URC   ( 3653):  [Method][contains] [Check][fingerprint] [Return][false]
D/S4URC   ( 3653): [SDK] [android.content.ContextWrapper][getSharedPreferences] [File][legu_900015015.xml] [MODE][MODE_PRIVATE] [Method][putString] [Key][fingerprint] [Value][samsung/galaxy/galaxys5:5.1.1/LMY49J/8f616e92bc:user/release-keys]
D/S4URC   ( 3653): [SDK] [java.io.File] [exists] [FilePath][String] [/data/data/com.speed.top/shared_prefs/legu_900015015.xml]
D/S4URC   ( 3653): [SDK] [java.io.File] [exists] [FilePath][String] [/data/data/com.speed.top/shared_prefs/legu_900015015.xml.bak]
D/S4URC   ( 3653): [SDK] [java.io.File] [renameTo] [FilePath][String] [/data/data/com.speed.top/shared_prefs/legu_900015015.xml] [DesFile][/data/data/com.speed.top/shared_prefs/legu_900015015.xml.bak]
D/S4URC   ( 3653): [SDK] [java.io.File] [getPath] [FilePath][String] [/data/data/com.speed.top/shared_prefs/legu_900015015.xml]
D/S4URC   ( 3653): [SDK] [java.io.File] [delete] [FilePath][String] [/data/data/com.speed.top/shared_prefs/legu_900015015.xml.bak]
D/S4URC   ( 3653):  [Method][contains] [Check][apk_version] [Return][false]
D/S4URC   ( 3653): [SDK] [android.content.ContextWrapper][getSharedPreferences] [File][legu_900015015.xml] [MODE][MODE_PRIVATE] [Method][putString] [Key][apk_version] [Value][]
D/S4URC   ( 3653): [SDK] [java.io.File] [exists] [FilePath][String] [/data/data/com.speed.top/shared_prefs/legu_900015015.xml]
D/S4URC   ( 3653): [SDK] [java.io.File] [exists] [FilePath][String] [/data/data/com.speed.top/shared_prefs/legu_900015015.xml.bak]
D/S4URC   ( 3653): [SDK] [java.io.File] [renameTo] [FilePath][String] [/data/data/com.speed.top/shared_prefs/legu_900015015.xml] [DesFile][/data/data/com.speed.top/shared_prefs/legu_900015015.xml.bak]
D/S4URC   ( 3653): [SDK] [java.io.File] [getPath] [FilePath][String] [/data/data/com.speed.top/shared_prefs/legu_900015015.xml]
D/S4URC   ( 3653): [SDK] [java.io.File] [delete] [FilePath][String] [/data/data/com.speed.top/shared_prefs/legu_900015015.xml.bak]
D/S4URC   ( 3653):  [Method][contains] [Check][apk_md5] [Return][false]
D/S4URC   ( 3653):  [Method][contains] [Check][libdvm32] [Return][false]
D/S4URC   ( 3653): [SDK] [java.io.File] [Constructor] [FilePath][String] [/system/lib/libdvm.so]
D/S4URC   ( 3653): [SDK] [java.io.File] [exists] [FilePath][String] [/system/lib/libdvm.so]
D/S4URC   ( 3653):  [Method][contains] [Check][libart32] [Return][false]
D/S4URC   ( 3653): [SDK] [java.io.File] [Constructor] [FilePath][String] [/system/lib/libart.so]
D/S4URC   ( 3653): [SDK] [java.io.File] [exists] [FilePath][String] [/system/lib/libart.so]
D/S4URC   ( 3653): [SDK] [java.io.File] [Constructor] [FilePath][String] [/system/lib/libart.so]
D/S4URC   ( 3653): [SDK] [java.io.File] [getPath] [FilePath][String] [/system/lib/libart.so]
D/S4URC   ( 3653): [SDK] [java.lang.Class] [forName] [FindClass][String] [com.android.org.conscrypt.OpenSSLMessageDigestJDK$MD5]
D/S4URC   ( 3653): [SDK] [java.io.File] [getPath] [FilePath][String] [/data/data/com.speed.top/databases/bugly_db_lejiagu]
D/S4URC   ( 3653): [SDK] [android.database.sqlite.SQLiteDatabase] [execSQL] [ExecInfo][String] [ CREATE TABLE t_ui ( _id INTEGER PRIMARY KEY , _tm int , _ut int , _tp int , _dt blob , _pc text ) ]
D/S4URC   ( 3653): [SDK] [android.database.sqlite.SQLiteDatabase] [execSQL] [ExecInfo][String] [ CREATE TABLE t_lr ( _id INTEGER PRIMARY KEY , _tp int , _tm int , _pc text , _th text , _dt blob ) ]
D/S4URC   ( 3653): [SDK] [android.database.sqlite.SQLiteDatabase] [execSQL] [ExecInfo][String] [ CREATE TABLE t_pf ( _id integer , _tp text , _tm int , _dt blob,primary key(_id,_tp )) ]
D/S4URC   ( 3653): [SDK] [android.database.sqlite.SQLiteDatabase] [execSQL] [ExecInfo][String] [ CREATE TABLE t_cr ( _id INTEGER PRIMARY KEY , _tm int , _s1 text , _up int , _me int , _uc int , _dt blob ) ]
D/S4URC   ( 3653): [SDK] [android.database.sqlite.SQLiteDatabase] [execSQL] [ExecInfo][String] [PRAGMA user_version = 9]
D/S4URC   ( 3653): [SDK] [java.lang.Class] [forName] [FindClass][String] [com.android.org.conscrypt.OpenSSLRandom]
D/S4URC   ( 3653): [SDK] [android.content.ContextWrapper][getSharedPreferences] [File][legu_900015015.xml] [MODE][MODE_PRIVATE] [Method][putString] [Key][libart32] [Value][9A19D3B2062E07A9668E23D2C1B631D2]
D/S4URC   ( 3653): [SDK] [java.io.File] [exists] [FilePath][String] [/data/data/com.speed.top/shared_prefs/legu_900015015.xml]
D/S4URC   ( 3653): [SDK] [java.io.File] [exists] [FilePath][String] [/data/data/com.speed.top/shared_prefs/legu_900015015.xml.bak]
D/S4URC   ( 3653): [SDK] [java.io.File] [renameTo] [FilePath][String] [/data/data/com.speed.top/shared_prefs/legu_900015015.xml] [DesFile][/data/data/com.speed.top/shared_prefs/legu_900015015.xml.bak]
D/S4URC   ( 3653): [SDK] [java.io.File] [getPath] [FilePath][String] [/data/data/com.speed.top/shared_prefs/legu_900015015.xml]
D/S4URC   ( 3653): [SDK] [java.io.File] [delete] [FilePath][String] [/data/data/com.speed.top/shared_prefs/legu_900015015.xml.bak]
D/S4URC   ( 3653):  [Method][contains] [Check][libdvm64] [Return][false]
D/S4URC   ( 3653): [SDK] [java.io.File] [Constructor] [FilePath][String] [/system/lib64/libdvm.so]
D/S4URC   ( 3653): [SDK] [java.io.File] [exists] [FilePath][String] [/system/lib64/libdvm.so]
D/S4URC   ( 3653):  [Method][contains] [Check][libart64] [Return][false]
D/S4URC   ( 3653): [SDK] [java.io.File] [Constructor] [FilePath][String] [/system/lib64/libdvm.so]
D/S4URC   ( 3653): [SDK] [java.io.File] [exists] [FilePath][String] [/system/lib64/libdvm.so]
D/S4URC   ( 3653): [SDK] [android.content.ContextWrapper][getSharedPreferences] [File][legu_900015015.xml] [MODE][MODE_PRIVATE] [Method][putString] [Key][data_ready] [Value][true]
D/S4URC   ( 3653): [SDK] [java.io.File] [exists] [FilePath][String] [/data/data/com.speed.top/shared_prefs/legu_900015015.xml]
D/S4URC   ( 3653): [SDK] [java.io.File] [exists] [FilePath][String] [/data/data/com.speed.top/shared_prefs/legu_900015015.xml.bak]
D/S4URC   ( 3653): [SDK] [java.io.File] [renameTo] [FilePath][String] [/data/data/com.speed.top/shared_prefs/legu_900015015.xml] [DesFile][/data/data/com.speed.top/shared_prefs/legu_900015015.xml.bak]
D/S4URC   ( 3653): [SDK] [java.io.File] [getPath] [FilePath][String] [/data/data/com.speed.top/shared_prefs/legu_900015015.xml]
D/S4URC   ( 3653): [SDK] [java.io.File] [delete] [FilePath][String] [/data/data/com.speed.top/shared_prefs/legu_900015015.xml.bak]
D/S4URC   ( 3653): [SDK] [java.io.File] [getPath] [FilePath][String] [/data/data/com.speed.top]
D/S4URC   ( 3653): [SDK] [java.io.File] [exists] [FilePath][String] [/data/data/com.speed.top/app_bugly]
D/S4URC   ( 3653): [SDK] [java.io.File] [mkdir] [FilePath][String] [/data/data/com.speed.top/app_bugly]
D/S4URC   ( 3653): [SDK] [java.io.File] [getPath] [FilePath][String] [/data/data/com.speed.top/app_bugly]
D/S4URC   ( 3653): [SDK] [java.io.File] [getPath] [FilePath][String] [/data/data/com.speed.top]
D/S4URC   ( 3653): [SDK] [java.io.File] [exists] [FilePath][String] [/data/data/com.speed.top/app_bugly]
D/S4URC   ( 3653): [SDK] [android.content.ContextWrapper] [registerReceiver][IntentFilter][android.net.conn.CONNECTIVITY_CHANGE,
D/S4URC   ( 3653): [SDK] [java.lang.Runtime] [loadLibrary] [SoPath][String] [Bugly]
D/S4URC   ( 3653): [SDK] [java.io.File] [getPath] [FilePath][String] [/data/app/com.speed.top-1/lib/arm]
D/S4URC   ( 3653): [SDK] [java.io.File] [getPath] [FilePath][String] [/data/app/com.speed.top-1/lib/arm/libBugly.so]
D/S4URC   ( 3653): [SDK] [java.io.File] [Constructor] [FilePath][String] [/data/data/com.speed.top/app_bugly]
D/S4URC   ( 3653): [SDK] [java.io.File] [exists] [FilePath][String] [/data/data/com.speed.top/app_bugly]
D/S4URC   ( 3653): [SDK] [java.io.File] [isDirectory] [FilePath][String] [/data/data/com.speed.top/app_bugly]
D/S4URC   ( 3653): [SDK] [java.io.File] [listFiles] [FilePath][String] [/data/data/com.speed.top/app_bugly]
D/S4URC   ( 3653): [SDK] [java.io.File] [list] [FilePath][String] [/data/data/com.speed.top/app_bugly]
D/S4URC   ( 3653): [SDK] [java.lang.Class] [forName] [FindClass][String] [com.tencent.bugly.unity.UnityAgent]
D/S4URC   ( 3653): [SDK] [android.app.ApplicationPackageManager] [getPackageInfo] [FindPackageName][String] [com.speed.top]
D/S4URC   ( 3653): [SDK] [java.lang.Class] [forName] [FindClass][String] [com.tencent.bugly.cocos.Cocos2dxAgent]
D/S4URC   ( 3653): [SDK] [java.io.File] [Constructor] [FilePath][String] [/data/data/com.speed.top/tx_shell/]
D/S4URC   ( 3653): [SDK] [java.io.File] [exists] [FilePath][String] [/data/data/com.speed.top/files]
D/S4URC   ( 3653): [SDK] [java.io.File] [exists] [FilePath][String] [/data/data/com.speed.top/tx_shell]
D/S4URC   ( 3653): [SDK] [java.io.File] [Constructor] [FilePath][String] [/data/data/com.speed.top/files/local_crash_lock]
D/S4URC   ( 3653): [SDK] [java.io.File] [exists] [FilePath][String] [/data/data/com.speed.top/files/local_crash_lock]
D/S4URC   ( 3653): [SDK] [java.io.File] [mkdir] [FilePath][String] [/data/data/com.speed.top/tx_shell]
D/S4URC   ( 3653): [SDK] [java.io.File] [createNewFile] [FilePath][String] [/data/data/com.speed.top/files/local_crash_lock]
D/S4URC   ( 3653): [SDK] [java.io.File] [Constructor] [FilePath][String] [/data/app/com.speed.top-1/lib/arm/libshella-2.4.2.so]
D/S4URC   ( 3653): [SDK] [java.io.File] [Constructor] [FilePath][String] [/data/data/com.speed.top/tx_shell/lib.so]
D/S4URC   ( 3653): [SDK] [java.io.File] [exists] [FilePath][String] [/data/app/com.speed.top-1/lib/arm/libshella-2.4.2.so]
D/S4URC   ( 3653): [SDK] [java.lang.Runtime] [loadLibrary] [SoPath][String] [shella-2.4.2]
D/S4URC   ( 3653): [SDK] [java.io.File] [getPath] [FilePath][String] [/data/app/com.speed.top-1/lib/arm]
D/S4URC   ( 3653): [SDK] [java.io.File] [getPath] [FilePath][String] [/data/app/com.speed.top-1/lib/arm/libshella-2.4.2.so]
D/S4URC   ( 3653): [SDK] [java.io.File] [exists] [FilePath][String] [/data/data/com.speed.top/files]
D/S4URC   ( 3653): [SDK] [java.io.File] [Constructor] [FilePath][String] [/data/data/com.speed.top/files/local_crash_lock]
D/S4URC   ( 3653): [SDK] [java.io.File] [exists] [FilePath][String] [/data/data/com.speed.top/files/local_crash_lock]
D/S4URC   ( 3653): [SDK] [java.io.File] [delete] [FilePath][String] [/data/data/com.speed.top/files/local_crash_lock]
D/S4URC   ( 3653): [SDK] [java.io.File] [exists] [FilePath][String] [/data/data/com.speed.top/files]
D/S4URC   ( 3653): [SDK] [java.io.File] [Constructor] [FilePath][String] [/data/data/com.speed.top/files/native_record_lock]
D/S4URC   ( 3653): [SDK] [java.io.File] [exists] [FilePath][String] [/data/data/com.speed.top/files/native_record_lock]
D/S4URC   ( 3653): [SDK] [android.app.ApplicationPackageManager] [getPackageInfo] [FindPackageName][String] [com.speed.top]
D/S4URC   ( 3653): [SDK] [java.io.File] [createNewFile] [FilePath][String] [/data/data/com.speed.top/files/native_record_lock]
D/S4URC   ( 3653): [SDK] [java.io.File] [exists] [FilePath][String] [/data/data/com.speed.top/app_bugly/rqd_record.eup]
D/S4URC   ( 3653): [SDK] [java.io.File] [Constructor] [FilePath][String] [/data/data/com.speed.top/app_bugly]
D/S4URC   ( 3653): [SDK] [java.io.File] [exists] [FilePath][String] [/data/data/com.speed.top/app_bugly]
D/S4URC   ( 3653): [SDK] [java.io.File] [isDirectory] [FilePath][String] [/data/data/com.speed.top/app_bugly]
D/S4URC   ( 3653): [SDK] [java.io.File] [listFiles] [FilePath][String] [/data/data/com.speed.top/app_bugly]
D/S4URC   ( 3653): [SDK] [java.io.File] [list] [FilePath][String] [/data/data/com.speed.top/app_bugly]
D/S4URC   ( 3653): [SDK] [java.io.File] [exists] [FilePath][String] [/data/data/com.speed.top/files]
D/S4URC   ( 3653): [SDK] [java.io.File] [Constructor] [FilePath][String] [/data/data/com.speed.top/files/native_record_lock]
D/S4URC   ( 3653): [SDK] [java.io.File] [exists] [FilePath][String] [/data/data/com.speed.top/files/native_record_lock]
D/S4URC   ( 3653): [SDK] [java.io.File] [delete] [FilePath][String] [/data/data/com.speed.top/files/native_record_lock]
D/S4URC   ( 3653): [SDK] [android.app.ApplicationPackageManager] [getPackageInfo] [FindPackageName][String] [com.speed.top]
D/S4URC   ( 3653): [SDK] [android.telephony.TelephonyManager] [getSubscriberId]
D/S4URC   ( 3653): [SDK] [java.lang.Runtime] [exec] [Command][String] [/system/bin/sh-cgetprop ro.board.platform]
D/S4URC   ( 3653): [SDK] [java.io.File] [Constructor] [FilePath][String] [/data/app/com.speed.top-1/base.apk]
D/S4URC   ( 3653): [SDK] [java.io.File] [getPath] [FilePath][String] [/data/app/com.speed.top-1/base.apk]
D/S4URC   ( 3653): [SDK] [java.io.File] [Constructor] [FilePath][String] [/data/app/com.speed.top-1/base.apk]
D/S4URC   ( 3653): [SDK] [java.io.File] [getPath] [FilePath][String] [/data/app/com.speed.top-1/base.apk]
D/S4URC   ( 3653): [SDK] [java.io.File] [Constructor] [FilePath][String] [/data/data/com.speed.top/mix.dex]
D/S4URC   ( 3653): [SDK] [java.io.File] [exists] [FilePath][String] [/data/data/com.speed.top/mix.dex]
D/S4URC   ( 3653): [SDK] [java.io.File] [getPath] [FilePath][String] [/data/data/com.speed.top/mix.dex]
D/S4URC   ( 3653): [SDK] [java.io.File] [Constructor] [FilePath][String] [/data/app/com.speed.top-1/base.apk]
D/S4URC   ( 3653): [SDK] [java.io.File] [getPath] [FilePath][String] [/data/app/com.speed.top-1/base.apk]
D/S4URC   ( 3653): [SDK] [java.io.File] [Constructor] [FilePath][String] [/data/app/com.speed.top-1/base.apk]
D/S4URC   ( 3653): [SDK] [java.io.File] [getPath] [FilePath][String] [/data/app/com.speed.top-1/base.apk]
D/S4URC   ( 3653): [SDK] [java.io.File] [Constructor] [FilePath][String] [/data/data/com.speed.top/mix.so]
D/S4URC   ( 3653): [SDK] [java.io.File] [getParent] [FilePath][String] [/data/data/com.speed.top/mix.so]
D/S4URC   ( 3653): [SDK] [dalvik.system.DexFile] [openDexFile] [DexPath][String] [/data/data/com.speed.top/mix.dex]
D/S4URC   ( 3653): [SDK] [java.io.File] [Constructor] [FilePath][String] [/data/data/com.speed.top/mix.dex]
D/S4URC   ( 3653): [SDK] [java.io.File] [Constructor] [FilePath][String] [/data/data/com.speed.top/mix.so]
D/S4URC   ( 3653): [SDK] [java.io.File] [Constructor] [FilePath][String] [/system/build.prop]
D/S4URC   ( 3653): [SDK] [java.io.File] [getPath] [FilePath][String] [/system/build.prop]
D/S4URC   ( 3653): [SDK] [java.io.File] [Constructor] [FilePath][String] [/proc/meminfo]
D/S4URC   ( 3653): [SDK] [java.io.File] [getPath] [FilePath][String] [/proc/meminfo]
D/S4URC   ( 3653): [SDK] [java.io.File] [Constructor] [FilePath][String] [/storage/sdcard0]
D/S4URC   ( 3653): [SDK] [java.io.File] [Constructor] [FilePath][String] [/storage/sdcard1]
D/S4URC   ( 3653): [SDK] [java.io.File] [Constructor] [FilePath][String] [/storage/usb2host]
D/S4URC   ( 3653): [SDK] [java.io.File] [Constructor] [FilePath][String] [/storage/usb3device]
D/S4URC   ( 3653): [SDK] [java.io.File] [Constructor] [FilePath][String] [/storage/usb3host]
D/S4URC   ( 3653): [SDK] [android.os.Environment] [getExternalStorageState] [ExternalStorageState][String] [mounted]
D/S4URC   ( 3653): [SDK] [java.io.File] [getPath] [FilePath][String] [/storage/sdcard0]
D/S4URC   ( 3653): [SDK] [android.os.Environment] [getExternalStorageDirectory] [DirectoryPath][String] [/storage/sdcard0]
D/S4URC   ( 3653): [SDK] [java.io.File] [getPath] [FilePath][String] [/storage/sdcard0]
D/S4URC   ( 3653): [SDK] [java.io.File] [Constructor] [FilePath][String] [/system/app/Superuser.apk]
D/S4URC   ( 3653): [SDK] [java.io.File] [exists] [FilePath][String] [/system/app/Superuser.apk]
D/S4URC   ( 3653): [SDK] [java.lang.Runtime] [exec] [Command][String] [/system/bin/sh-ctype su]
D/S4URC   ( 3653): [SDK] [android.app.ApplicationPackageManager] [getPackageInfo] [FindPackageName][String] [com.speed.top]
D/S4URC   ( 3653): [SDK] [java.io.File] [exists] [FilePath][String] [/data/data/com.speed.top/files]
D/S4URC   ( 3653): [SDK] [java.io.File] [Constructor] [FilePath][String] [/data/data/com.speed.top/files/security_info]
D/S4URC   ( 3653): [SDK] [java.io.File] [exists] [FilePath][String] [/data/data/com.speed.top/files/security_info]
D/S4URC   ( 3653): [SDK] [java.io.File] [createNewFile] [FilePath][String] [/data/data/com.speed.top/files/security_info]
D/S4URC   ( 3653): [SDK] [java.io.File] [Constructor] [FilePath][String] [/dev/urandom]
D/S4URC   ( 3653): [SDK] [java.io.File] [getPath] [FilePath][String] [/dev/urandom]
D/S4URC   ( 3653): [SDK] [java.lang.Class] [forName] [FindClass][String] [com.android.org.conscrypt.OpenSSLRSAKeyFactory]
D/S4URC   ( 3653): [SDK] [java.lang.Class] [forName] [FindClass][String] [com.android.org.conscrypt.OpenSSLCipherRSA$PKCS1]
D/S4URC   ( 3653): [SDK] [javax.crypto.Cipher][getInstance] [Cipher][RSA/ECB/PKCS1Padding] [javax.crypto.Cipher][doFinal] [Data][qvR/+USo+ETaHR2DrZTOnw==] [Return][na/zE//EoIALcjFHXAyYkiyRbQGdydrr5nin3caWmTbdlIDMth/XHpBeV2rwxXZ1yjvUc0KB6cyG2sASFtSJZMwELW/l2IDEWyZkdCH80DpY/NFyK5Qd2uIlCUfJzP+m+ypg7PpSje0zo318LUxmTca+YeN7NO1XYI8z14ZB2Vc=]
D/S4URC   ( 3653): [SDK] [java.lang.Class] [forName] [FindClass][String] [com.android.org.bouncycastle.jcajce.provider.symmetric.AES$ECB]
D/S4URC   ( 3653): [SDK] [javax.crypto.spec.SecretKeySpec][Constructor] [KEY][qvR/+USo+ETaHR2DrZTOnw==][type][AES][javax.crypto.Cipher][getInstance] [Cipher][AES/GCM/NoPadding] [javax.crypto.spec.IvParameterSpec][Constructor] [IV][qvR/+USo+ETaHR2DrZTOnw==] [javax.crypto.Cipher][doFinal] [Data][H4sIAAAAAAAAAI2Sz4sTMRTHM9Mf220r264aT0IP2lM7m2SSTKd4cFCKRVCwuAoiS2aS1uJ0pnbauoUVPHnyLN69rP+Af4Vn/wHBf0CYgyczZStUEQqBl/cl30/eywsAuaNarnXrtnG8/+iVHKjZUs2G+WQVBW+AkSuXgFEsSjUX4/A6MMxfZWDAfRchhJlezUtBPLGSqVLSmsdTXiAWtcixDtjiwnyrEcZ37dg+1rwZLcLwjCGCXcY4wh1GETtzpaSOzTFh/pBKRF1glHMAGOqF+alQM5p7i+hlFL+O+DatdwM73LYDJtrMtVGbUoe1O0K6beUw4WAlOoHiT0GpmOshDjeULKNwJ2+xegfRk8Hd+yf9B72H8PDZn/5b636fNzQMI2igDMouor2Ons1hfj5bqEwiWhpuCpgalXugmskdWLAtYrGi6TlwLxGTZBGNdrjU9BisiNlECX/cXjpCC7o/dbqK4oRlYBfmbUT01sP2pgoPO7CMkYO5TewO1QKhEHqRnMVj2WB6cLgVqqUKG4RoIIFlglzEEWduluOtXNMYNB8P3pVGIhSnq4R9+A/qvPplp7f++q2eTXeuokBFc8tfjMLVj93+S3qQf9Lv9X/WLv7M57Sez4zpIUgvH/zlTq/UnaArZddFXeV3h37Xp+nV2j9MuGam10Dl/cfqefU38xKy9i8DAAA=] [Return][Z5/noxIx+PWKk/W4GTpC0PZwLU/SS70bsjHyVIMsbF+7fsBO/nDcn4pqAxvhoJ4MaeEiQp7WIs63kP4018AK0NhyBqKIQTJLnZk5O4fZZpFrukJaNtzxhEIQzDO+KhxLkAbD734LaaYP+B8E6I4zVbu0zWuHhkCoBPQyAKvUtBHM+7IJJD3bqxa0J/Q4izuc82wHp0bBvtErcO7frpIP80C9o52Ip7InEnuCOr2hLA09/YQOl2ACsjXyUpPuvOme3oHoFCZTpuXXZSFD6V638RVgErFj9WPk78XLGgrYpH+LDCmLftQEqqbw3wod10P+wCnu0Wl46NrJi2TJWMaowYmoJMiI993DE0RC5lyXgSUZWhGGB69gzN1ZUlJzT9sa0iN1M7Rdc1goHkeV1OnO8RfLAq892h91RLV0LesPO31I02MsUJRNA+/Vmr70mrKEpRE3+CXZ8WyeW5f/pOdts0E4PKGS4FNrUUJC4RkKogXG4gOjWBDDrOM6geq/ZyqGEwlU/yI4PtREoDsxckdnddBSc5VUjk2J2QCLChR8kletW3LctTC+tPlm+U2j9Fiv6JJv5iGW+neCt2RxJQb37EGB8nNfwOnS4+bhIxyiKy/KCpe4X+nppyQqSIVS8ORogcgFOkNMFjHL2vCWacMkGFGKYyCjjbQgAUnmH79ilnQbJZ++dNXGoVCcgp+OHH/hsipNi9sG4HM/]
D/S4URC   ( 3653): [SDK] [java.lang.Class] [forName] [FindClass][String] [com.android.okhttp.HttpHandler]
D/S4URC   ( 3653): [SDK] [java.lang.Class] [forName] [FindClass][String] [com.android.org.conscrypt.OpenSSLContextImpl]
D/S4URC   ( 3653): [SDK] [java.lang.Class] [forName] [FindClass][String] [com.android.org.conscrypt.KeyManagerFactoryImpl]
D/S4URC   ( 3653): [SDK] [java.lang.Class] [forName] [FindClass][String] [com.android.org.bouncycastle.jcajce.provider.keystore.bc.BcKeyStoreSpi$Std]
D/S4URC   ( 3653): [SDK] [java.lang.Class] [forName] [FindClass][String] [com.android.org.conscrypt.TrustManagerFactoryImpl]
D/S4URC   ( 3653): [SDK] [java.lang.Class] [forName] [FindClass][String] [com.android.org.conscrypt.TrustedCertificateKeyStoreSpi]
D/S4URC   ( 3653): [SDK] [java.lang.Class] [forName] [FindClass][String] [com.android.org.bouncycastle.jce.provider.PKIXCertPathValidatorSpi]
D/S4URC   ( 3653): [SDK] [java.io.File] [Constructor] [FilePath][String] [/data/misc/keychain/pins]
D/S4URC   ( 3653): [SDK] [java.net] [HttpURLConnection] [URL][String] [http://android.bugly.qq.com/rqd/async]
D/S4URC   ( 3653): [SDK] [java.lang.Class] [forName] [FindClass][String] [com.google.firebase.auth.FirebaseAuth]
D/S4URC   ( 3653): [SDK] [java.lang.Class] [forName] [FindClass][String] [com.google.firebase.iid.FirebaseInstanceId]
D/S4URC   ( 3653): [SDK] [java.io.File] [getPath] [FilePath][String] [/data/data/com.speed.top/shared_prefs]
D/S4URC   ( 3653): [SDK] [java.io.File] [getPath] [FilePath][String] [/data/data/com.speed.top/shared_prefs/com.google.android.gms.appid.xml]
D/S4URC   ( 3653): [SDK] [java.io.File] [Constructor] [FilePath][String] [/data/data/com.speed.top/shared_prefs/com.google.android.gms.appid.xml.bak]
D/S4URC   ( 3653): [SDK] [java.io.File] [exists] [FilePath][String] [/data/data/com.speed.top/shared_prefs/com.google.android.gms.appid.xml]
D/S4URC   ( 3653): [SDK] [android.content.ContextWrapper][getSharedPreferences] [File][com.google.android.gms.appid.xml] [MODE][APPEND or MULTI_PROCESS]
D/S4URC   ( 3653): [SDK] [java.io.File] [getPath] [FilePath][String] [/data/data/com.speed.top]
D/S4URC   ( 3653): [SDK] [java.io.File] [exists] [FilePath][String] [/data/data/com.speed.top/no_backup]
D/S4URC   ( 3653): [SDK] [java.io.File] [mkdirs] [FilePath][String] [/data/data/com.speed.top/no_backup]
D/S4URC   ( 3653): [SDK] [java.io.File] [exists] [FilePath][String] [/data/data/com.speed.top/shared_prefs/com.google.android.gms.appid.xml.bak]
D/S4URC   ( 3653): [SDK] [java.io.File] [getPath] [FilePath][String] [/data/data/com.speed.top/no_backup]
D/S4URC   ( 3653): [SDK] [java.io.File] [exists] [FilePath][String] [/data/data/com.speed.top/shared_prefs/com.google.android.gms.appid.xml]
D/S4URC   ( 3653): [SDK] [java.io.File] [getPath] [FilePath][String] [/data/data/com.speed.top/no_backup]
D/S4URC   ( 3653): [SDK] [java.io.File] [getPath] [FilePath][String] [/data/data/com.speed.top/shared_prefs/com.google.android.gms.appid.xml]
D/S4URC   ( 3653): [SDK] [java.io.File] [exists] [FilePath][String] [/data/data/com.speed.top/no_backup/com.google.android.gms.appid-no-backup]
D/S4URC   ( 3653): [SDK] [java.io.File] [createNewFile] [FilePath][String] [/data/data/com.speed.top/no_backup/com.google.android.gms.appid-no-backup]
D/S4URC   ( 3653): [SDK] [android.app.ApplicationPackageManager] [getPackageInfo] [FindPackageName][String] [com.speed.top]
D/S4URC   ( 3653): [SDK] [android.content.ContextWrapper][getSharedPreferences] [File][com.google.android.gms.appid.xml] [MODE][APPEND or MULTI_PROCESS] [Method][getString] [String][|T|824105422777|*] [Return][null]
D/S4URC   ( 3653): [SDK] [android.content.Intent] [Constructor] [IntentInfo][String] [com.google.android.c2dm.intent.REGISTER]
D/S4URC   ( 3653): [SDK] [android.app.ApplicationPackageManager] [getApplicationInfo] [FindApplicationName][String] [com.google.android.gms]
D/S4URC   ( 3653): [SDK] [android.content.Intent] [Constructor] [IntentInfo][String] [ACTION_TOKEN_REFRESH_RETRY]
D/S4URC   ( 3653): [SDK] [android.content.ContextWrapper] [sendBroadcast] [Intent] Intent { act=com.google.firebase.INSTANCE_ID_EVENT cmp=com.speed.top/com.google.firebase.iid.FirebaseInstanceIdInternalReceiver (has extras) } [ExtraInfo][key:value][wrapped_intent:Intent { act=ACTION_TOKEN_REFRESH_RETRY (has extras) }]
D/S4URC   ( 3653): [SDK] [java.lang.Class] [forName] [FindClass][String] [com.google.firebase.crash.FirebaseCrash]
D/S4URC   ( 3653): [SDK] [java.lang.Class] [forName] [FindClass][String] [com.google.android.gms.measurement.AppMeasurement]
D/S4URC   ( 3653): [SDK] [java.io.File] [getPath] [FilePath][String] [/data/data/com.speed.top/shared_prefs]
D/S4URC   ( 3653): [SDK] [java.io.File] [getPath] [FilePath][String] [/data/data/com.speed.top/shared_prefs/com.google.android.gms.measurement.prefs.xml]
D/S4URC   ( 3653): [SDK] [java.io.File] [Constructor] [FilePath][String] [/data/data/com.speed.top/shared_prefs/com.google.android.gms.measurement.prefs.xml.bak]
D/S4URC   ( 3653): [SDK] [java.io.File] [exists] [FilePath][String] [/data/data/com.speed.top/shared_prefs/com.google.android.gms.measurement.prefs.xml]
D/S4URC   ( 3653): [SDK] [android.content.ContextWrapper][getSharedPreferences] [File][com.google.android.gms.measurement.prefs.xml] [MODE][MODE_PRIVATE]
D/S4URC   ( 3653): [SDK] [java.io.File] [exists] [FilePath][String] [/data/data/com.speed.top/shared_prefs/com.google.android.gms.measurement.prefs.xml.bak]
D/S4URC   ( 3653): [SDK] [java.io.File] [exists] [FilePath][String] [/data/data/com.speed.top/shared_prefs/com.google.android.gms.measurement.prefs.xml]
D/S4URC   ( 3653): [SDK] [java.io.File] [getPath] [FilePath][String] [/data/data/com.speed.top/shared_prefs/com.google.android.gms.measurement.prefs.xml]
D/S4URC   ( 3653): [SDK] [android.content.ContextWrapper][getSharedPreferences] [File][com.google.android.gms.measurement.prefs.xml] [MODE][MODE_PRIVATE] [Method][getBoolean] [Boolean][has_been_opened] [Return][false]
D/S4URC   ( 3653): [SDK] [android.content.ContextWrapper][getSharedPreferences] [File][com.google.android.gms.measurement.prefs.xml] [MODE][MODE_PRIVATE] [Method][putBoolean] [Key][has_been_opened] [Value][true]
D/S4URC   ( 3653): [SDK] [android.content.ContextWrapper][getSharedPreferences] [File][com.google.android.gms.measurement.prefs.xml] [MODE][MODE_PRIVATE] [Method][apply]
D/S4URC   ( 3653): [SDK] [java.io.File] [exists] [FilePath][String] [/data/data/com.speed.top/shared_prefs/com.google.android.gms.measurement.prefs.xml]
D/S4URC   ( 3653): [SDK] [java.io.File] [getPath] [FilePath][String] [/data/data/com.speed.top/shared_prefs/com.google.android.gms.measurement.prefs.xml]
D/S4URC   ( 3653): [SDK] [java.io.File] [Constructor] [FilePath][String] [/proc/3653/cmdline]
D/S4URC   ( 3653): [SDK] [java.io.File] [getPath] [FilePath][String] [/proc/3653/cmdline]
D/S4URC   ( 3653): [SDK] [android.app.ApplicationPackageManager] [getPackageInfo] [FindPackageName][String] [com.speed.top]
D/S4URC   ( 3653): [SDK] [java.io.File] [getPath] [FilePath][String] [/data/data/com.speed.top/shared_prefs/com.google.android.gms.measurement.prefs.xml]
D/S4URC   ( 3653): [SDK] [java.io.File] [delete] [FilePath][String] [/data/data/com.speed.top/shared_prefs/com.google.android.gms.measurement.prefs.xml.bak]
D/S4URC   ( 3653): [SDK] [android.app.ApplicationPackageManager] [getPackageInfo] [FindPackageName][String] [com.speed.top]
D/S4URC   ( 3653): [SDK] [android.app.ApplicationPackageManager] [getApplicationInfo] [FindApplicationName][String] [com.speed.top]
D/S4URC   ( 3653): [SDK] [java.io.File] [getPath] [FilePath][String] [/data/data/com.speed.top/databases]
D/S4URC   ( 3653): [SDK] [android.content.ContextWrapper] [getDatabasePath] [PathInfo][String] [google_app_measurement.db]
D/S4URC   ( 3653): [SDK] [java.io.File] [exists] [FilePath][String] [/data/data/com.speed.top/databases/google_app_measurement.db]
D/S4URC   ( 3653):  [Method][getString] [String][gmp_app_id] [Return][null]
D/S4URC   ( 3653): [SDK] [android.content.ContextWrapper][getSharedPreferences] [File][com.google.android.gms.measurement.prefs.xml] [MODE][MODE_PRIVATE] [Method][putString] [Key][gmp_app_id] [Value][1:824105422777:android:312ff8b695b42014]
D/S4URC   ( 3653): [SDK] [java.io.File] [exists] [FilePath][String] [/data/data/com.speed.top/shared_prefs/com.google.android.gms.measurement.prefs.xml]
D/S4URC   ( 3653): [SDK] [java.io.File] [exists] [FilePath][String] [/data/data/com.speed.top/shared_prefs/com.google.android.gms.measurement.prefs.xml.bak]
D/S4URC   ( 3653): [SDK] [java.io.File] [renameTo] [FilePath][String] [/data/data/com.speed.top/shared_prefs/com.google.android.gms.measurement.prefs.xml] [DesFile][/data/data/com.speed.top/shared_prefs/com.google.android.gms.measurement.prefs.xml.bak]
D/S4URC   ( 3653):  [Method][contains] [Check][use_service] [Return][false]
D/S4URC   ( 3653): [SDK] [java.io.File] [getPath] [FilePath][String] [/data/data/com.speed.top/shared_prefs/com.google.android.gms.measurement.prefs.xml]
D/S4URC   ( 3653): [SDK] [android.app.ApplicationPackageManager] [getPackageInfo] [FindPackageName][String] [com.google.android.gms]
D/S4URC   ( 3653): [SDK] [android.telephony.TelephonyManager] [getLine1Number]
D/S4URC   ( 3653): [SDK] [android.telephony.TelephonyManager] [getSubscriberId]
D/S4URC   ( 3653): [SDK] [android.app.ApplicationPackageManager] [getPackageInfo] [FindPackageName][String] [com.android.vending]
D/S4URC   ( 3653): [SDK] [android.app.ApplicationPackageManager] [getPackageInfo] [FindPackageName][String] [com.google.android.gms]
D/S4URC   ( 3653): [SDK] [java.io.File] [Constructor] [FilePath][String] [/dev/socket/qemud]
D/S4URC   ( 3653): [SDK] [java.io.File] [exists] [FilePath][String] [/dev/socket/qemud]
D/S4URC   ( 3653): [SDK] [java.io.File] [Constructor] [FilePath][String] [/dev/qemu_pipe]
D/S4URC   ( 3653): [SDK] [java.io.File] [exists] [FilePath][String] [/dev/qemu_pipe]
D/S4URC   ( 3653): [SDK] [java.io.File] [Constructor] [FilePath][String] [/proc/tty/drivers]
D/S4URC   ( 3653): [SDK] [java.io.File] [Constructor] [FilePath][String] [/proc/cpuinfo]
D/S4URC   ( 3653): [SDK] [java.io.File] [exists] [FilePath][String] [/proc/tty/drivers]
D/S4URC   ( 3653): [SDK] [java.io.File] [canRead] [FilePath][String] [/proc/tty/drivers]
D/S4URC   ( 3653): [SDK] [android.content.ContextWrapper][getSharedPreferences] [File][com.google.android.gms.measurement.prefs.xml] [MODE][MODE_PRIVATE] [Method][putBoolean] [Key][use_service] [Value][true]
D/S4URC   ( 3653): [SDK] [java.io.File] [getPath] [FilePath][String] [/proc/tty/drivers]
D/S4URC   ( 3653): [SDK] [java.io.File] [exists] [FilePath][String] [/proc/cpuinfo]
D/S4URC   ( 3653): [SDK] [java.io.File] [canRead] [FilePath][String] [/proc/cpuinfo]
D/S4URC   ( 3653): [SDK] [java.io.File] [getPath] [FilePath][String] [/proc/cpuinfo]
D/S4URC   ( 3653): [SDK] [java.io.File] [Constructor] [FilePath][String] [/system/lib/libc_malloc_debug_qemu.so]
D/S4URC   ( 3653): [SDK] [java.io.File] [exists] [FilePath][String] [/system/lib/libc_malloc_debug_qemu.so]
D/S4URC   ( 3653): [SDK] [java.io.File] [Constructor] [FilePath][String] [/dev/socket/genyd]
D/S4URC   ( 3653): [SDK] [java.io.File] [exists] [FilePath][String] [/dev/socket/genyd]
D/S4URC   ( 3653): [SDK] [java.io.File] [Constructor] [FilePath][String] [/dev/socket/baseband_genyd]
D/S4URC   ( 3653): [SDK] [java.io.File] [exists] [FilePath][String] [/dev/socket/baseband_genyd]
D/S4URC   ( 3653): [SDK] [java.io.File] [Constructor] [FilePath][String] [/proc/net/tcp]
D/S4URC   ( 3653): [SDK] [java.io.File] [getPath] [FilePath][String] [/proc/net/tcp]
D/S4URC   ( 3653): [SDK] [java.io.File] [getPath] [FilePath][String] [/data/data/com.speed.top/shared_prefs/com.google.android.gms.measurement.prefs.xml]
D/S4URC   ( 3653): [SDK] [java.io.File] [delete] [FilePath][String] [/data/data/com.speed.top/shared_prefs/com.google.android.gms.measurement.prefs.xml.bak]
D/S4URC   ( 3653): [SDK] [java.io.File] [exists] [FilePath][String] [/data/data/com.speed.top/shared_prefs/com.google.android.gms.measurement.prefs.xml]
D/S4URC   ( 3653): [SDK] [java.io.File] [exists] [FilePath][String] [/data/data/com.speed.top/shared_prefs/com.google.android.gms.measurement.prefs.xml.bak]
D/S4URC   ( 3653): [SDK] [java.io.File] [renameTo] [FilePath][String] [/data/data/com.speed.top/shared_prefs/com.google.android.gms.measurement.prefs.xml] [DesFile][/data/data/com.speed.top/shared_prefs/com.google.android.gms.measurement.prefs.xml.bak]
D/S4URC   ( 3653): [SDK] [java.io.File] [getPath] [FilePath][String] [/data/data/com.speed.top/shared_prefs/com.google.android.gms.measurement.prefs.xml]
D/S4URC   ( 3653): [SDK] [android.telephony.TelephonyManager] [getSubscriberId]
D/S4URC   ( 3653): [SDK] [android.telephony.TelephonyManager] [getLine1Number]
D/S4URC   ( 3653): [SDK] [java.io.File] [Constructor] [FilePath][String] [/dev/socket/qemud]
D/S4URC   ( 3653): [SDK] [java.io.File] [exists] [FilePath][String] [/dev/socket/qemud]
D/S4URC   ( 3653): [SDK] [java.io.File] [Constructor] [FilePath][String] [/dev/qemu_pipe]
D/S4URC   ( 3653): [SDK] [java.io.File] [exists] [FilePath][String] [/dev/qemu_pipe]
D/S4URC   ( 3653): [SDK] [java.io.File] [Constructor] [FilePath][String] [/proc/tty/drivers]
D/S4URC   ( 3653): [SDK] [java.io.File] [Constructor] [FilePath][String] [/proc/cpuinfo]
D/S4URC   ( 3653): [SDK] [java.io.File] [exists] [FilePath][String] [/proc/tty/drivers]
D/S4URC   ( 3653): [SDK] [java.io.File] [getPath] [FilePath][String] [/data/data/com.speed.top/shared_prefs/com.google.android.gms.measurement.prefs.xml]
D/S4URC   ( 3653): [SDK] [java.io.File] [canRead] [FilePath][String] [/proc/tty/drivers]
D/S4URC   ( 3653): [SDK] [java.io.File] [getPath] [FilePath][String] [/data/data/com.speed.top/shared_prefs/com.google.android.gms.measurement.prefs.xml]
D/S4URC   ( 3653): [SDK] [java.io.File] [getPath] [FilePath][String] [/proc/tty/drivers]
D/S4URC   ( 3653): [SDK] [java.io.File] [delete] [FilePath][String] [/data/data/com.speed.top/shared_prefs/com.google.android.gms.measurement.prefs.xml.bak]
D/S4URC   ( 3653): [SDK] [java.io.File] [exists] [FilePath][String] [/proc/cpuinfo]
D/S4URC   ( 3653): [SDK] [java.io.File] [canRead] [FilePath][String] [/proc/cpuinfo]
D/S4URC   ( 3653): [SDK] [java.io.File] [getPath] [FilePath][String] [/proc/cpuinfo]
D/S4URC   ( 3653): [SDK] [java.io.File] [Constructor] [FilePath][String] [/proc/net/tcp]
D/S4URC   ( 3653): [SDK] [java.io.File] [getPath] [FilePath][String] [/proc/net/tcp]
D/S4URC   ( 3653): [SDK] [android.app.ApplicationPackageManager] [getPackageInfo] [FindPackageName][String] [com.android.vending]
D/S4URC   ( 3653): [SDK] [java.io.File] [Constructor] [FilePath][String] [/system/lib/libc_malloc_debug_qemu.so]
D/S4URC   ( 3653): [SDK] [java.io.File] [exists] [FilePath][String] [/system/lib/libc_malloc_debug_qemu.so]
D/S4URC   ( 3653): [SDK] [android.app.ApplicationPackageManager] [getPackageInfo] [FindPackageName][String] [com.google.android.gms]
D/S4URC   ( 3653): [SDK] [android.content.Intent] [Constructor] [IntentInfo][String] [com.google.android.gms.measurement.START]
D/S4URC   ( 3653):  [Method][getString] [String][previous_os_version] [Return][null]
D/S4URC   ( 3653): [SDK] [android.content.ContextWrapper][getSharedPreferences] [File][com.google.android.gms.measurement.prefs.xml] [MODE][MODE_PRIVATE] [Method][putString] [Key][previous_os_version] [Value][5.1.1]
D/S4URC   ( 3653): [SDK] [java.io.File] [exists] [FilePath][String] [/data/data/com.speed.top/shared_prefs/com.google.android.gms.measurement.prefs.xml]
D/S4URC   ( 3653): [SDK] [java.io.File] [exists] [FilePath][String] [/data/data/com.speed.top/shared_prefs/com.google.android.gms.measurement.prefs.xml.bak]
D/S4URC   ( 3653): [SDK] [java.io.File] [renameTo] [FilePath][String] [/data/data/com.speed.top/shared_prefs/com.google.android.gms.measurement.prefs.xml] [DesFile][/data/data/com.speed.top/shared_prefs/com.google.android.gms.measurement.prefs.xml.bak]
D/S4URC   ( 3653): [SDK] [java.io.File] [getPath] [FilePath][String] [/data/data/com.speed.top/shared_prefs/com.google.android.gms.measurement.prefs.xml]
D/S4URC   ( 3653): [SDK] [java.io.File] [delete] [FilePath][String] [/data/data/com.speed.top/shared_prefs/com.google.android.gms.measurement.prefs.xml.bak]
D/S4URC   ( 3653): [SDK] [android.app.Activity][onCrate] [Class][ComponentInfo{com.speed.top/com.speed.test.ui.MainActivity}]
D/S4URC   ( 3653): [SDK] [android.app.ApplicationPackageManager] [getApplicationInfo] [FindApplicationName][String] [com.speed.top]
D/S4URC   ( 3653):  [Method][getBoolean] [Boolean][measurement_enabled] [Return][true]
D/S4URC   ( 3653): [SDK] [java.lang.Class] [forName] [FindClass][String] [com.google.android.gms.tagmanager.TagManagerService]
D/S4URC   ( 3653): [SDK] [java.io.File] [getPath] [FilePath][String] [/data/data/com.speed.top]
D/S4URC   ( 3653): [SDK] [java.io.File] [getPath] [FilePath][String] [/data/data/com.speed.top/shared_prefs]
D/S4URC   ( 3653): [SDK] [java.io.File] [getPath] [FilePath][String] [/data/data/com.speed.top/shared_prefs/global_pre.xml]
D/S4URC   ( 3653): [SDK] [java.io.File] [Constructor] [FilePath][String] [/data/data/com.speed.top/shared_prefs/global_pre.xml.bak]
D/S4URC   ( 3653): [SDK] [java.io.File] [exists] [FilePath][String] [/data/data/com.speed.top/shared_prefs/global_pre.xml]
D/S4URC   ( 3653): [SDK] [android.content.ContextWrapper][getSharedPreferences] [File][global_pre.xml] [MODE][MODE_PRIVATE]
D/S4URC   ( 3653): [SDK] [java.io.File] [exists] [FilePath][String] [/data/data/com.speed.top/shared_prefs/global_pre.xml.bak]
D/S4URC   ( 3653): [SDK] [java.io.File] [exists] [FilePath][String] [/data/data/com.speed.top/shared_prefs/global_pre.xml]
D/S4URC   ( 3653): [SDK] [java.io.File] [getPath] [FilePath][String] [/data/data/com.speed.top/shared_prefs/global_pre.xml]
D/S4URC   ( 3653): [SDK] [android.location.LocationManager] [isProviderEnabled] [String][network] [Return][false]
D/S4URC   ( 3653): [SDK] [android.content.ContextWrapper][getSharedPreferences] [File][global_pre.xml] [MODE][MODE_PRIVATE] [Method][getBoolean] [Boolean][is_show_mb] [Return][false]
D/S4URC   ( 3653): [SDK] [android.content.ContextWrapper][getSharedPreferences] [File][global_pre.xml] [MODE][MODE_PRIVATE] [Method][getIong] [Iong][session_timeout] [Return][1800000]
D/S4URC   ( 3653): [SDK] [android.content.ContextWrapper][getSharedPreferences] [File][global_pre.xml] [MODE][MODE_PRIVATE] [Method][getIong] [Iong][last_pause_time] [Return][0]
D/S4URC   ( 3653): [SDK] [android.content.ContextWrapper][getSharedPreferences] [File][global_pre.xml] [MODE][MODE_PRIVATE] [Method][putBoolean] [Key][start_new_session] [Value][true]
D/S4URC   ( 3653): [SDK] [android.content.ContextWrapper][getSharedPreferences] [File][global_pre.xml] [MODE][MODE_PRIVATE] [Method][apply]
D/S4URC   ( 3653): [SDK] [java.io.File] [exists] [FilePath][String] [/data/data/com.speed.top/shared_prefs/com.google.android.gms.measurement.prefs.xml]
D/S4URC   ( 3653): [SDK] [android.content.ContextWrapper][getSharedPreferences] [File][global_pre.xml] [MODE][MODE_PRIVATE] [Method][putLong] [Key][time_active] [Value][0]
D/S4URC   ( 3653): [SDK] [java.io.File] [exists] [FilePath][String] [/data/data/com.speed.top/shared_prefs/com.google.android.gms.measurement.prefs.xml.bak]
D/S4URC   ( 3653):  [Method][getBoolean] [Boolean][start_new_session] [Return][true]
D/S4URC   ( 3653): [SDK] [java.io.File] [renameTo] [FilePath][String] [/data/data/com.speed.top/shared_prefs/com.google.android.gms.measurement.prefs.xml] [DesFile][/data/data/com.speed.top/shared_prefs/com.google.android.gms.measurement.prefs.xml.bak]
D/S4URC   ( 3653):  [Method][getIong] [Iong][time_before_start] [Return][10000]
D/S4URC   ( 3653):  [Method][getIong] [Iong][time_active] [Return][0]
D/S4URC   ( 3653): [SDK] [java.io.File] [getPath] [FilePath][String] [/data/data/com.speed.top/shared_prefs/com.google.android.gms.measurement.prefs.xml]
D/S4URC   ( 3653): [SDK] [java.io.File] [delete] [FilePath][String] [/data/data/com.speed.top/shared_prefs/com.google.android.gms.measurement.prefs.xml.bak]
D/S4URC   ( 3653): [SDK] [java.io.File] [exists] [FilePath][String] [/data/data/com.speed.top/shared_prefs/com.google.android.gms.measurement.prefs.xml]
D/S4URC   ( 3653): [SDK] [java.io.File] [exists] [FilePath][String] [/data/data/com.speed.top/shared_prefs/com.google.android.gms.measurement.prefs.xml.bak]
D/S4URC   ( 3653): [SDK] [java.io.File] [renameTo] [FilePath][String] [/data/data/com.speed.top/shared_prefs/com.google.android.gms.measurement.prefs.xml] [DesFile][/data/data/com.speed.top/shared_prefs/com.google.android.gms.measurement.prefs.xml.bak]
D/S4URC   ( 3653): [SDK] [java.io.File] [getPath] [FilePath][String] [/data/data/com.speed.top/shared_prefs/com.google.android.gms.measurement.prefs.xml]
D/S4URC   ( 3714): [SDK] [java.lang.Class] [forName] [FindClass][String] [java.net.HttpURLConnection]
D/S4URC   ( 3653): [SDK] [java.io.File] [getPath] [FilePath][String] [/data/data/com.speed.top/shared_prefs/com.google.android.gms.measurement.prefs.xml]
D/S4URC   ( 3714): [SDK] [java.lang.Class] [forName] [FindClass][String] [com.android.okhttp.internal.http.HttpURLConnectionImpl]
D/S4URC   ( 3653): [SDK] [java.io.File] [getPath] [FilePath][String] [/data/data/com.speed.top/shared_prefs/com.google.android.gms.measurement.prefs.xml]
D/S4URC   ( 3653): [SDK] [java.io.File] [delete] [FilePath][String] [/data/data/com.speed.top/shared_prefs/com.google.android.gms.measurement.prefs.xml.bak]
D/S4URC   ( 3714): [SDK] [java.lang.Class] [forName] [FindClass][String] [com.android.okhttp.internal.http.HttpURLConnectionImpl]
D/S4URC   ( 3714): [SDK] [java.lang.Class] [forName] [FindClass][String] [java.net.Socket]
D/S4URC   ( 3714): [SDK] [java.lang.Class] [forName] [FindClass][String] [android.telephony.TelephonyManager]
D/S4URC   ( 3653): [SDK] [java.lang.Class] [forName] [FindClass][String] [android.content.Intent]
D/S4URC   ( 3653): [SDK] [java.io.File] [exists] [FilePath][String] [/data/data/com.speed.top/files]
D/S4URC   ( 3653): [SDK] [java.io.File] [Constructor] [FilePath][String] [/data/data/com.speed.top/files/local_crash_lock]
D/S4URC   ( 3653): [SDK] [java.io.File] [exists] [FilePath][String] [/data/data/com.speed.top/files/local_crash_lock]
D/S4URC   ( 3653): [SDK] [java.io.File] [createNewFile] [FilePath][String] [/data/data/com.speed.top/files/local_crash_lock]
D/S4URC   ( 3653): [SDK] [android.content.Intent] [Constructor] [IntentInfo][String] [com.google.firebase.INSTANCE_ID_EVENT]
D/S4URC   ( 3714): [SDK] [java.lang.Class] [forName] [FindClass][String] [android.telephony.TelephonyManager]
D/S4URC   ( 3653): [SDK] [java.io.File] [exists] [FilePath][String] [/data/data/com.speed.top/files]
D/S4URC   ( 3653): [SDK] [java.io.File] [Constructor] [FilePath][String] [/data/data/com.speed.top/files/local_crash_lock]
D/S4URC   ( 3653): [SDK] [java.io.File] [exists] [FilePath][String] [/data/data/com.speed.top/files/local_crash_lock]
D/S4URC   ( 3653): [SDK] [java.io.File] [delete] [FilePath][String] [/data/data/com.speed.top/files/local_crash_lock]
D/S4URC   ( 3653): [SDK] [android.content.ContextWrapper] [startService] [Intent] Intent { act=com.google.firebase.INSTANCE_ID_EVENT pkg=com.speed.top cmp=com.speed.top/com.google.firebase.iid.FirebaseInstanceIdService (has extras) } [ExtraInfo][key:value][android.support.content.wakelockid:1]
D/S4URC   ( 3714): [SDK] [java.lang.Class] [forName] [FindClass][String] [android.os.Debug]
D/S4URC   ( 3714): [SDK] [java.lang.Class] [forName] [FindClass][String] [android.hardware.SensorManager]
D/S4URC   ( 3653): [SDK] [android.content.ContentResolver] [registerContentObserver] [URL][String] [content://settings/system/enable_stylus_gestures]
D/S4URC   ( 3714): [SDK] [java.lang.Class] [forName] [FindClass][String] [android.content.res.ResourcesKey]
D/S4URC   ( 3714): [SDK] [java.lang.Class] [forName] [FindClass][String] [android.app.ResourcesManager]
D/S4URC   ( 3714): [SDK] [java.io.File] [Constructor] [FilePath][String] [/data/app/com.speed.top-1/base.apk]
D/S4URC   ( 3714): [SDK] [java.io.File] [getPath] [FilePath][String] [/data/data/com.speed.top]
D/S4URC   ( 3714): [SDK] [java.io.File] [exists] [FilePath][String] [/data/data/com.speed.top/cache]
D/S4URC   ( 3714): [SDK] [java.io.File] [getPath] [FilePath][String] [/data/data/com.speed.top/cache]
D/S4URC   ( 3714): [SDK] [android.app.ApplicationPackageManager] [getPackageInfo] [FindPackageName][String] [com.speed.top]
D/S4URC   ( 3714): [SDK] [java.io.File] [Constructor] [FilePath][String] [/proc/3714/cmdline]
D/S4URC   ( 3714): [SDK] [java.io.File] [getPath] [FilePath][String] [/proc/3714/cmdline]
D/S4URC   ( 3714): [SDK] [android.app.ApplicationPackageManager] [getApplicationInfo] [FindApplicationName][String] [com.speed.top]
