D/S4URC   ( 2486): [SDK] [android.content.ContextWrapper] [startService] [Intent] Intent { act=com.vm.midnightmovie.intent.action.COMMAND flg=0x10 pkg=com.vm.midnightmovie cmp=com.vm.midnightmovie/com.umeng.message.UmengIntentService (has extras) } [ExtraInfo][key:value][command:register]
D/S4URC   ( 2486): [SDK] [java.io.File] [getPath] [FilePath][String] [/data/data/com.vm.midnightmovie/shared_prefs/umeng_general_config.xml]
D/S4URC   ( 2486): [SDK] [java.io.File] [delete] [FilePath][String] [/data/data/com.vm.midnightmovie/shared_prefs/umeng_general_config.xml.bak]
D/S4URC   ( 2486): [SDK] [android.content.ContextWrapper][getSharedPreferences] [File][umeng_general_config.xml] [MODE][MODE_PRIVATE] [Method][commit]
D/S4URC   ( 2486): [SDK] [android.database.sqlite.SQLiteDatabase] [execSQL] [ExecInfo][String] [create table if not exists aggregated_cache(Id INTEGER primary key autoincrement, key TEXT, totalTimestamp TEXT, value INTEGER, count INTEGER, label TEXT, timeWindowNum TEXT)]
D/S4URC   ( 2486): [SDK] [android.database.sqlite.SQLiteDatabase] [execSQL] [ExecInfo][String] [create table if not exists aggregated(Id INTEGER primary key autoincrement, key TEXT, totalTimestamp TEXT, value INTEGER, count INTEGER, label TEXT, timeWindowNum TEXT)]
D/S4URC   ( 2486): [SDK] [android.database.sqlite.SQLiteDatabase] [execSQL] [ExecInfo][String] [create table if not exists system(Id INTEGER primary key autoincrement, key TEXT, timeStamp INTEGER, count INTEGER)]
D/S4URC   ( 2486): [SDK] [android.database.sqlite.SQLiteDatabase] [execSQL] [ExecInfo][String] [create table if not exists limitedck(Id INTEGER primary key autoincrement, ck TEXT unique)]
D/S4URC   ( 2486): [SDK] [android.database.sqlite.SQLiteDatabase] [execSQL] [ExecInfo][String] [PRAGMA user_version = 1]
D/S4URC   ( 2486): [SDK] [android.content.ContextWrapper][getSharedPreferences] [File][umeng_general_config.xml] [MODE][MODE_PRIVATE]
D/S4URC   ( 2486): [SDK] [android.content.ContextWrapper][getSharedPreferences] [File][umeng_general_config.xml] [MODE][MODE_PRIVATE] [Method][getBoolean] [Boolean][main_fest_mode] [Return][false]
D/S4URC   ( 2486): [SDK] [android.content.ContextWrapper][getSharedPreferences] [File][umeng_general_config.xml] [MODE][MODE_PRIVATE] [Method][getIong] [Iong][main_fest_timestamp] [Return][0]
D/S4URC   ( 2486): [SDK] [java.io.File] [Constructor] [FilePath][String] [/data/data/com.vm.midnightmovie/databases/cc/cc.db]
D/S4URC   ( 2486): [SDK] [java.io.File] [getParent] [FilePath][String] [/data/data/com.vm.midnightmovie/databases/cc/cc.db]
D/S4URC   ( 2486): [SDK] [java.io.File] [Constructor] [FilePath][String] [/data/data/com.vm.midnightmovie/databases/cc]
D/S4URC   ( 2486): [SDK] [java.io.File] [exists] [FilePath][String] [/data/data/com.vm.midnightmovie/databases/cc]
D/S4URC   ( 2486): [SDK] [java.io.File] [listFiles] [FilePath][String] [/data/data/com.vm.midnightmovie/files/.um]
D/S4URC   ( 2486): [SDK] [java.io.File] [list] [FilePath][String] [/data/data/com.vm.midnightmovie/files/.um]
D/S4URC   ( 2486): [SDK] [android.content.ContextWrapper][getSharedPreferences] [File][umeng_general_config.xml] [MODE][MODE_PRIVATE]
D/S4URC   ( 2486): [SDK] [android.content.ContextWrapper][getSharedPreferences] [File][umeng_general_config.xml] [MODE][MODE_PRIVATE] [Method][getIong] [Iong][first_activate_time] [Return][0]
D/S4URC   ( 2486): [SDK] [java.io.File] [listFiles] [FilePath][String] [/data/data/com.vm.midnightmovie/files/.um]
D/S4URC   ( 2486): [SDK] [java.io.File] [list] [FilePath][String] [/data/data/com.vm.midnightmovie/files/.um]
D/S4URC   ( 2486): [SDK] [java.io.File] [listFiles] [FilePath][String] [/data/data/com.vm.midnightmovie/files/.um]
D/S4URC   ( 2486): [SDK] [java.io.File] [list] [FilePath][String] [/data/data/com.vm.midnightmovie/files/.um]
D/S4URC   ( 2486): [SDK] [android.content.ContextWrapper][getSharedPreferences] [File][umeng_general_config.xml] [MODE][MODE_PRIVATE]
D/S4URC   ( 2486): [SDK] [android.content.ContextWrapper][getSharedPreferences] [File][umeng_general_config.xml] [MODE][MODE_PRIVATE] [Method][getInt] [Int][versioncode] [Return][1]
D/S4URC   ( 2486): [SDK] [android.app.ApplicationPackageManager] [getPackageInfo] [FindPackageName][String] [com.vm.midnightmovie]
D/S4URC   ( 2486): [SDK] [java.io.File] [exists] [FilePath][String] [/data/data/com.vm.midnightmovie/files]
D/S4URC   ( 2486): [SDK] [java.io.File] [exists] [FilePath][String] [/data/data/com.vm.midnightmovie/files/mobclick_agent_cached_com.vm.midnightmovie1]
D/S4URC   ( 2486): [SDK] [java.io.File] [Constructor] [FilePath][String] [/proc/cpuinfo]
D/S4URC   ( 2486): [SDK] [java.io.File] [getPath] [FilePath][String] [/proc/cpuinfo]
D/S4URC   ( 2486): [SDK] [android.app.ApplicationPackageManager] [getApplicationInfo] [FindApplicationName][String] [com.vm.midnightmovie]
D/S4URC   ( 2486): [SDK] [android.content.ContextWrapper][getSharedPreferences] [File][umeng_general_config.xml] [MODE][MODE_PRIVATE]
D/S4URC   ( 2486): [SDK] [android.content.ContextWrapper][getSharedPreferences] [File][umeng_general_config.xml] [MODE][MODE_PRIVATE] [Method][getString] [String][st] [Return][null]
D/S4URC   ( 2486): [SDK] [android.content.ContextWrapper][getSharedPreferences] [File][umeng_general_config.xml] [MODE][MODE_PRIVATE]
D/S4URC   ( 2486): [SDK] [android.content.ContextWrapper][getSharedPreferences] [File][umeng_general_config.xml] [MODE][MODE_PRIVATE] [Method][getInt] [Int][vt] [Return][0]
D/S4URC   ( 2486): [SDK] [android.app.ApplicationPackageManager] [getPackageInfo] [FindPackageName][String] [com.vm.midnightmovie]
D/S4URC   ( 2486): [SDK] [android.content.ContextWrapper][getSharedPreferences] [File][umeng_general_config.xml] [MODE][MODE_PRIVATE]
D/S4URC   ( 2486): [SDK] [android.content.ContextWrapper][getSharedPreferences] [File][umeng_general_config.xml] [MODE][MODE_PRIVATE] [Method][getInt] [Int][versioncode] [Return][1]
D/S4URC   ( 2486): [SDK] [android.content.ContextWrapper][getSharedPreferences] [File][umeng_general_config.xml] [MODE][MODE_PRIVATE] [Method][getString] [String][versionname] [Return][1.0]
D/S4URC   ( 2486): [SDK] [android.app.ApplicationPackageManager] [getPackageInfo] [FindPackageName][String] [com.vm.midnightmovie]
D/S4URC   ( 2486): [SDK] [android.content.Intent] [Constructor] [IntentInfo][String] [android.intent.action.WD.START]
D/S4URC   ( 2486): [SDK] [android.content.ContextWrapper] [sendBroadcast] [Intent] Intent { act=android.intent.action.WD.START flg=0x20 (has extras) } [ExtraInfo][key:value][packagename:com.vm.midnightmovie]
D/S4URC   ( 2486): [SDK] [android.app.ApplicationPackageManager] [getPackageInfo] [FindPackageName][String] [com.vm.midnightmovie]
D/S4URC   ( 2486): [SDK] [android.content.ContextWrapper][getSharedPreferences] [File][umeng_general_config.xml] [MODE][MODE_PRIVATE]
D/S4URC   ( 2486): [SDK] [android.content.ContextWrapper][getSharedPreferences] [File][umeng_general_config.xml] [MODE][MODE_PRIVATE] [Method][getInt] [Int][vt] [Return][0]
D/S4URC   ( 2486): [SDK] [android.content.ContextWrapper][getSharedPreferences] [File][umeng_general_config.xml] [MODE][MODE_PRIVATE]
D/S4URC   ( 2486): [SDK] [android.content.ContextWrapper][getSharedPreferences] [File][umeng_general_config.xml] [MODE][MODE_PRIVATE] [Method][getInt] [Int][vt] [Return][0]
D/S4URC   ( 2486): [SDK] [android.content.ContextWrapper][getSharedPreferences] [File][umeng_general_config.xml] [MODE][MODE_PRIVATE]
D/S4URC   ( 2486): [SDK] [android.content.ContextWrapper][getSharedPreferences] [File][umeng_general_config.xml] [MODE][MODE_PRIVATE] [Method][getInt] [Int][vt] [Return][0]
D/S4URC   ( 2486): [SDK] [android.content.ContextWrapper][getSharedPreferences] [File][umeng_general_config.xml] [MODE][MODE_PRIVATE]
D/S4URC   ( 2486): [SDK] [android.content.ContextWrapper][getSharedPreferences] [File][umeng_general_config.xml] [MODE][MODE_PRIVATE] [Method][getInt] [Int][vt] [Return][0]
D/S4URC   ( 2486): [SDK] [android.app.ApplicationPackageManager] [getPackageInfo] [FindPackageName][String] [com.vm.midnightmovie]
D/S4URC   ( 2486): [SDK] [java.io.File] [getPath] [FilePath][String] [/data/data/com.vm.midnightmovie/shared_prefs]
D/S4URC   ( 2486): [SDK] [java.io.File] [getPath] [FilePath][String] [/data/data/com.vm.midnightmovie/shared_prefs/areaInfo.xml]
D/S4URC   ( 2486): [SDK] [java.io.File] [Constructor] [FilePath][String] [/data/data/com.vm.midnightmovie/shared_prefs/areaInfo.xml.bak]
D/S4URC   ( 2486): [SDK] [java.io.File] [exists] [FilePath][String] [/data/data/com.vm.midnightmovie/shared_prefs/areaInfo.xml]
D/S4URC   ( 2486): [SDK] [android.content.ContextWrapper][getSharedPreferences] [File][areaInfo.xml] [MODE][MODE_PRIVATE]
D/S4URC   ( 2486): [SDK] [android.os.Environment] [getRootDirectory]
D/S4URC   ( 2486): [SDK] [java.io.File] [getPath] [FilePath][String] [/system]
D/S4URC   ( 2486): [SDK] [java.io.File] [exists] [FilePath][String] [/data/data/com.vm.midnightmovie/shared_prefs/areaInfo.xml.bak]
D/S4URC   ( 2486): [SDK] [java.io.File] [getPath] [FilePath][String] [/system/build.prop]
D/S4URC   ( 2486): [SDK] [java.io.File] [exists] [FilePath][String] [/data/data/com.vm.midnightmovie/shared_prefs/areaInfo.xml]
D/S4URC   ( 2486): [SDK] [java.io.File] [getPath] [FilePath][String] [/data/data/com.vm.midnightmovie/shared_prefs/areaInfo.xml]
D/S4URC   ( 2486): [SDK] [android.content.ContextWrapper][getSharedPreferences] [File][areaInfo.xml] [MODE][MODE_PRIVATE] [Method][getInt] [Int][areaid] [Return][-1]
D/S4URC   ( 2486): [SDK] [android.content.ContextWrapper] [registerReceiver][IntentFilter][android.net.conn.CONNECTIVITY_CHANGE,
D/S4URC   ( 2486): [SDK] [android.app.ApplicationPackageManager] [getApplicationInfo] [FindApplicationName][String] [com.vm.midnightmovie]
D/S4URC   ( 2486): [SDK] [android.os.Environment] [getRootDirectory]
D/S4URC   ( 2486): [SDK] [java.io.File] [getPath] [FilePath][String] [/system]
D/S4URC   ( 2486): [SDK] [java.io.File] [getPath] [FilePath][String] [/system/build.prop]
D/S4URC   ( 2486): [SDK] [android.content.ContextWrapper][getSharedPreferences] [File][areaInfo.xml] [MODE][MODE_PRIVATE]
D/S4URC   ( 2486): [SDK] [android.content.ContextWrapper][getSharedPreferences] [File][areaInfo.xml] [MODE][MODE_PRIVATE] [Method][getString] [String][province] [Return][]
D/S4URC   ( 2486): [SDK] [android.content.ContextWrapper][getSharedPreferences] [File][areaInfo.xml] [MODE][MODE_PRIVATE]
D/S4URC   ( 2486): [SDK] [java.io.File] [Constructor] [FilePath][String] [/storage/sdcard0]
D/S4URC   ( 2486): [SDK] [android.content.ContextWrapper][getSharedPreferences] [File][areaInfo.xml] [MODE][MODE_PRIVATE] [Method][getString] [String][city] [Return][]
D/S4URC   ( 2486): [SDK] [java.lang.Class] [forName] [FindClass][String] [com.android.okhttp.HttpHandler]
D/S4URC   ( 2486): [SDK] [java.lang.Class] [forName] [FindClass][String] [com.android.org.conscrypt.OpenSSLContextImpl]
D/S4URC   ( 2486): [SDK] [java.io.File] [Constructor] [FilePath][String] [/storage/sdcard0]
D/S4URC   ( 2486): [SDK] [java.io.File] [Constructor] [FilePath][String] [/storage/sdcard1]
D/S4URC   ( 2486): [SDK] [java.io.File] [Constructor] [FilePath][String] [/storage/usb2host]
D/S4URC   ( 2486): [SDK] [java.io.File] [Constructor] [FilePath][String] [/storage/usb3device]
D/S4URC   ( 2486): [SDK] [java.io.File] [Constructor] [FilePath][String] [/storage/usb3host]
D/S4URC   ( 2486): [SDK] [java.lang.Class] [forName] [FindClass][String] [com.android.org.conscrypt.KeyManagerFactoryImpl]
D/S4URC   ( 2486): [SDK] [java.lang.Class] [forName] [FindClass][String] [com.android.org.bouncycastle.jcajce.provider.keystore.bc.BcKeyStoreSpi$Std]
D/S4URC   ( 2486): [SDK] [java.lang.Class] [forName] [FindClass][String] [com.android.org.conscrypt.TrustManagerFactoryImpl]
D/S4URC   ( 2486): [SDK] [android.os.Environment] [getExternalStorageState] [ExternalStorageState][String] [mounted]
D/S4URC   ( 2486): [SDK] [java.io.File] [getPath] [FilePath][String] [/storage/sdcard0]
D/S4URC   ( 2486): [SDK] [android.os.Environment] [getExternalStorageDirectory] [DirectoryPath][String] [/storage/sdcard0]
D/S4URC   ( 2486): [SDK] [java.io.File] [getPath] [FilePath][String] [/storage/sdcard0]
D/S4URC   ( 2486): [SDK] [android.telephony.TelephonyManager] [getSubscriberId]
D/S4URC   ( 2486): [SDK] [java.io.File] [getPath] [FilePath][String] [/storage/sdcard0]
D/S4URC   ( 2486): [SDK] [java.io.File] [Constructor] [FilePath][String] [/storage/sdcard0/.w]
D/S4URC   ( 2486): [SDK] [java.lang.Class] [forName] [FindClass][String] [com.android.org.conscrypt.TrustedCertificateKeyStoreSpi]
D/S4URC   ( 2486): [SDK] [java.io.File] [exists] [FilePath][String] [/storage/sdcard0/.w]
D/S4URC   ( 2486): [SDK] [java.lang.Class] [forName] [FindClass][String] [com.android.org.bouncycastle.jce.provider.PKIXCertPathValidatorSpi]
D/S4URC   ( 2486): [SDK] [java.io.File] [Constructor] [FilePath][String] [/data/misc/keychain/pins]
D/S4URC   ( 2486): [SDK] [java.net] [HttpURLConnection] [URL][String] [http://int.dpool.sina.com.cn/iplookup/iplookup.php?format=json]
D/S4URC   ( 2486): [SDK] [java.io.File] [isDirectory] [FilePath][String] [/storage/sdcard0/.w]
D/S4URC   ( 2486): [SDK] [java.io.File] [getPath] [FilePath][String] [/data/data/com.vm.midnightmovie]
D/S4URC   ( 2486): [SDK] [java.io.File] [exists] [FilePath][String] [/data/data/com.vm.midnightmovie/app_bin]
D/S4URC   ( 2486): [SDK] [java.io.File] [mkdir] [FilePath][String] [/data/data/com.vm.midnightmovie/app_bin]
D/S4URC   ( 2486): [SDK] [java.io.File] [mkdir] [FilePath][String] [/storage/sdcard0/.w]
D/S4URC   ( 2486): [SDK] [java.io.File] [getPath] [FilePath][String] [/data/data/com.vm.midnightmovie/app_bin]
D/S4URC   ( 2486): [SDK] [java.io.File] [exists] [FilePath][String] [/data/data/com.vm.midnightmovie/app_bin/dwon]
D/S4URC   ( 2486): [SDK] [java.io.File] [getPath] [FilePath][String] [/data/data/com.vm.midnightmovie/app_bin/dwon]
D/S4URC   ( 2486): [SDK] [java.lang.Runtime] [exec] [Command][String] [chmod0755/data/data/com.vm.midnightmovie/app_bin/dwon]
D/S4URC   ( 2486): [SDK] [android.content.ContextWrapper][getSharedPreferences] [File][umeng_general_config.xml] [MODE][MODE_PRIVATE]
D/S4URC   ( 2486): [SDK] [android.content.ContextWrapper][getSharedPreferences] [File][umeng_general_config.xml] [MODE][MODE_PRIVATE] [Method][getInt] [Int][failed_requests ] [Return][0]
D/S4URC   ( 2486): [SDK] [android.content.ContextWrapper][getSharedPreferences] [File][umeng_general_config.xml] [MODE][MODE_PRIVATE] [Method][getInt] [Int][successful_request] [Return][0]
D/S4URC   ( 2486): [SDK] [android.content.ContextWrapper][getSharedPreferences] [File][umeng_general_config.xml] [MODE][MODE_PRIVATE] [Method][getInt] [Int][last_request_spent_ms] [Return][0]
D/S4URC   ( 2486): [SDK] [android.content.ContextWrapper] [registerReceiver][IntentFilter][android.intent.action.USER_PRESENT,android.net.conn.CONNECTIVITY_CHANGE,android.intent.action.SCREEN_OFF,
D/S4URC   ( 2486): [SDK] [java.io.File] [exists] [FilePath][String] [/data/data/com.vm.midnightmovie/files]
D/S4URC   ( 2486): [SDK] [java.io.File] [getPath] [FilePath][String] [/data/data/com.vm.midnightmovie/files]
D/S4URC   ( 2486): [SDK] [android.content.ContextWrapper][getSharedPreferences] [File][umeng_general_config.xml] [MODE][MODE_PRIVATE]
D/S4URC   ( 2486): [SDK] [android.content.ContextWrapper][getSharedPreferences] [File][umeng_general_config.xml] [MODE][MODE_PRIVATE] [Method][getString] [String][invld_id] [Return][null]
D/S4URC   ( 2486): [SDK] [java.io.File] [getPath] [FilePath][String] [/data/data/com.vm.midnightmovie/shared_prefs]
D/S4URC   ( 2486): [SDK] [java.io.File] [getPath] [FilePath][String] [/data/data/com.vm.midnightmovie/shared_prefs/localtime.xml]
D/S4URC   ( 2486): [SDK] [java.io.File] [Constructor] [FilePath][String] [/data/data/com.vm.midnightmovie/shared_prefs/localtime.xml.bak]
D/S4URC   ( 2486): [SDK] [java.io.File] [exists] [FilePath][String] [/data/data/com.vm.midnightmovie/shared_prefs/localtime.xml]
D/S4URC   ( 2486): [SDK] [java.io.File] [exists] [FilePath][String] [/data/data/com.vm.midnightmovie/files/umeng_it.cache]
D/S4URC   ( 2486): [SDK] [java.io.File] [exists] [FilePath][String] [/data/data/com.vm.midnightmovie/shared_prefs/localtime.xml]
D/S4URC   ( 2486): [SDK] [android.content.ContextWrapper][getSharedPreferences] [File][umeng_general_config.xml] [MODE][MODE_PRIVATE]
D/S4URC   ( 2486): [SDK] [android.content.ContextWrapper][getSharedPreferences] [File][localtime.xml] [MODE][MODE_PRIVATE]
D/S4URC   ( 2486): [SDK] [android.content.ContextWrapper][getSharedPreferences] [File][localtime.xml] [MODE][MODE_PRIVATE] [Method][getString] [String][userlevel] [Return][]
D/S4URC   ( 2486): [SDK] [java.io.File] [Constructor] [FilePath][String] [/data/data/com.vm.midnightmovie/databases/cc/cc.db]
D/S4URC   ( 2486): [SDK] [java.io.File] [getParent] [FilePath][String] [/data/data/com.vm.midnightmovie/databases/cc/cc.db]
D/S4URC   ( 2486): [SDK] [java.io.File] [Constructor] [FilePath][String] [/data/data/com.vm.midnightmovie/databases/cc]
D/S4URC   ( 2486): [SDK] [java.io.File] [exists] [FilePath][String] [/data/data/com.vm.midnightmovie/databases/cc]
D/S4URC   ( 2486): [SDK] [java.io.File] [exists] [FilePath][String] [/data/data/com.vm.midnightmovie/shared_prefs/localtime.xml.bak]
D/S4URC   ( 2486): [SDK] [java.io.File] [exists] [FilePath][String] [/data/data/com.vm.midnightmovie/shared_prefs/localtime.xml]
D/S4URC   ( 2486): [SDK] [java.io.File] [getPath] [FilePath][String] [/data/data/com.vm.midnightmovie/shared_prefs/localtime.xml]
D/S4URC   ( 2486): [SDK] [java.io.File] [Constructor] [FilePath][String] [/data/data/com.vm.midnightmovie/databases/cc/cc.db]
D/S4URC   ( 2486): [SDK] [java.io.File] [getParent] [FilePath][String] [/data/data/com.vm.midnightmovie/databases/cc/cc.db]
D/S4URC   ( 2486): [SDK] [java.io.File] [Constructor] [FilePath][String] [/data/data/com.vm.midnightmovie/databases/cc]
D/S4URC   ( 2486): [SDK] [android.content.ContextWrapper][getSharedPreferences] [File][localtime.xml] [MODE][MODE_PRIVATE] [Method][getString] [String][uptime] [Return][]
D/S4URC   ( 2486): [SDK] [java.io.File] [exists] [FilePath][String] [/data/data/com.vm.midnightmovie/databases/cc]
D/S4URC   ( 2486): [SDK] [android.content.ContextWrapper][getSharedPreferences] [File][localtime.xml] [MODE][MODE_PRIVATE]
D/S4URC   ( 2486): [SDK] [android.content.ContextWrapper][getSharedPreferences] [File][localtime.xml] [MODE][MODE_PRIVATE] [Method][putString] [Key][uptime] [Value][1535100917963]
D/S4URC   ( 2486): [SDK] [java.io.File] [exists] [FilePath][String] [/data/data/com.vm.midnightmovie/shared_prefs/localtime.xml]
D/S4URC   ( 2486): [SDK] [java.io.File] [getPath] [FilePath][String] [/data/data/com.vm.midnightmovie/shared_prefs/localtime.xml]
D/S4URC   ( 2486): [SDK] [java.io.File] [getPath] [FilePath][String] [/data/data/com.vm.midnightmovie]
D/S4URC   ( 2486): [SDK] [java.io.File] [exists] [FilePath][String] [/data/data/com.vm.midnightmovie/app_bin]
D/S4URC   ( 2486): [SDK] [java.lang.Runtime] [exec] [Command][String] [/data/data/com.vm.midnightmovie/app_bin/dwon-pcom.vm.midnightmovie-scom.litchi.service.help.HelpService-t1]
D/S4URC   ( 2486): [SDK] [java.io.File] [getPath] [FilePath][String] [/data/data/com.vm.midnightmovie/shared_prefs/localtime.xml]
D/S4URC   ( 2486): [SDK] [java.io.File] [delete] [FilePath][String] [/data/data/com.vm.midnightmovie/shared_prefs/localtime.xml.bak]
D/S4URC   ( 2486): [SDK] [android.content.ContextWrapper][getSharedPreferences] [File][localtime.xml] [MODE][MODE_PRIVATE] [Method][commit]
D/S4URC   ( 2486): [SDK] [android.content.ContextWrapper][getSharedPreferences] [File][localtime.xml] [MODE][MODE_PRIVATE]
D/S4URC   ( 2486): [SDK] [android.content.ContextWrapper][getSharedPreferences] [File][localtime.xml] [MODE][MODE_PRIVATE] [Method][getString] [String][nextvist] [Return][]
D/S4URC   ( 2486): [SDK] [android.content.ContextWrapper][getSharedPreferences] [File][localtime.xml] [MODE][MODE_PRIVATE]
D/S4URC   ( 2486): [SDK] [android.content.ContextWrapper][getSharedPreferences] [File][localtime.xml] [MODE][MODE_PRIVATE] [Method][putString] [Key][uptime] [Value][1535100917963]
D/S4URC   ( 2486): [SDK] [java.io.File] [exists] [FilePath][String] [/data/data/com.vm.midnightmovie/shared_prefs/localtime.xml]
D/S4URC   ( 2486): [SDK] [android.content.ContextWrapper][getSharedPreferences] [File][localtime.xml] [MODE][MODE_PRIVATE] [Method][commit]
D/S4URC   ( 2486): [SDK] [java.lang.Class] [forName] [FindClass][String] [android.telephony.MSimTelephonyManager]
D/S4URC   ( 2486): [SDK] [java.lang.Class] [forName] [FindClass][String] [com.android.internal.telephony.Phone]
D/S4URC   ( 2486): [SDK] [java.io.File] [getPath] [FilePath][String] [/data/data/com.vm.midnightmovie/shared_prefs]
D/S4URC   ( 2486): [SDK] [java.lang.Class] [forName] [FindClass][String] [com.android.internal.telephony.Phone]
D/S4URC   ( 2486): [SDK] [java.io.File] [getPath] [FilePath][String] [/data/data/com.vm.midnightmovie/shared_prefs/mobclick_agent_user_com.vm.midnightmovie.xml]
D/S4URC   ( 2486): [SDK] [android.telephony.TelephonyManager] [getSubscriberId]
D/S4URC   ( 2486): [SDK] [java.io.File] [Constructor] [FilePath][String] [/data/data/com.vm.midnightmovie/shared_prefs/mobclick_agent_user_com.vm.midnightmovie.xml.bak]
D/S4URC   ( 2486): [SDK] [java.io.File] [exists] [FilePath][String] [/data/data/com.vm.midnightmovie/shared_prefs/mobclick_agent_user_com.vm.midnightmovie.xml]
D/S4URC   ( 2486): [SDK] [android.content.ContextWrapper][getSharedPreferences] [File][mobclick_agent_user_com.vm.midnightmovie.xml] [MODE][MODE_PRIVATE]
D/S4URC   ( 2486): [SDK] [java.io.File] [exists] [FilePath][String] [/data/data/com.vm.midnightmovie/shared_prefs/mobclick_agent_user_com.vm.midnightmovie.xml.bak]
D/S4URC   ( 2486): [SDK] [java.io.File] [exists] [FilePath][String] [/data/data/com.vm.midnightmovie/shared_prefs/mobclick_agent_user_com.vm.midnightmovie.xml]
D/S4URC   ( 2486): [SDK] [android.content.ContextWrapper][getSharedPreferences] [File][localtime.xml] [MODE][MODE_PRIVATE]
D/S4URC   ( 2486): [SDK] [android.content.ContextWrapper][getSharedPreferences] [File][localtime.xml] [MODE][MODE_PRIVATE] [Method][getString] [String][S1] [Return][]
D/S4URC   ( 2486): [SDK] [java.io.File] [getPath] [FilePath][String] [/data/data/com.vm.midnightmovie/shared_prefs/mobclick_agent_user_com.vm.midnightmovie.xml]
D/S4URC   ( 2486): [SDK] [android.content.ContextWrapper][getSharedPreferences] [File][localtime.xml] [MODE][MODE_PRIVATE] [Method][getString] [String][au_p] [Return][null]
D/S4URC   ( 2486): [SDK] [android.content.ContextWrapper][getSharedPreferences] [File][localtime.xml] [MODE][MODE_PRIVATE] [Method][getString] [String][au_u] [Return][null]
D/S4URC   ( 2486): [SDK] [android.telephony.TelephonyManager] [getLine1Number]
D/S4URC   ( 2486): [SDK] [android.app.ApplicationPackageManager] [getPackageInfo] [FindPackageName][String] [com.vm.midnightmovie]
D/S4URC   ( 2486): [SDK] [android.content.ContentResolver] [registerContentObserver] [URL][String] [content://settings/system/enable_stylus_gestures]
D/S4URC   ( 2486): [SDK] [java.lang.Class] [forName] [FindClass][String] [com.ut.device.UTDevice]
D/S4URC   ( 2486): [SDK] [android.content.ContextWrapper][getSharedPreferences] [File][localtime.xml] [MODE][MODE_PRIVATE]
D/S4URC   ( 2486): [SDK] [android.content.ContextWrapper][getSharedPreferences] [File][localtime.xml] [MODE][MODE_PRIVATE] [Method][getString] [String][userid] [Return][]
D/S4URC   ( 2486): [SDK] [android.content.ContextWrapper][getSharedPreferences] [File][localtime.xml] [MODE][MODE_PRIVATE]
D/S4URC   ( 2486): [SDK] [android.content.ContextWrapper][getSharedPreferences] [File][localtime.xml] [MODE][MODE_PRIVATE] [Method][putString] [Key][userid] [Value][7761bc2d-a33d-4003-8314-0a3c515a0100]
D/S4URC   ( 2486): [SDK] [java.io.File] [exists] [FilePath][String] [/data/data/com.vm.midnightmovie/shared_prefs/localtime.xml]
D/S4URC   ( 2486): [SDK] [java.io.File] [exists] [FilePath][String] [/data/data/com.vm.midnightmovie/shared_prefs/localtime.xml.bak]
D/S4URC   ( 2486): [SDK] [java.io.File] [renameTo] [FilePath][String] [/data/data/com.vm.midnightmovie/shared_prefs/localtime.xml] [DesFile][/data/data/com.vm.midnightmovie/shared_prefs/localtime.xml.bak]
D/S4URC   ( 2486): [SDK] [java.io.File] [getPath] [FilePath][String] [/data/data/com.vm.midnightmovie/shared_prefs/localtime.xml]
D/S4URC   ( 2486): [SDK] [android.app.ApplicationPackageManager] [getPackageInfo] [FindPackageName][String] [com.android.vending]
D/S4URC   ( 2486): [SDK] [android.content.ContextWrapper][getSharedPreferences] [File][umeng_general_config.xml] [MODE][MODE_PRIVATE]
D/S4URC   ( 2486): [SDK] [android.content.ContextWrapper][getSharedPreferences] [File][umeng_general_config.xml] [MODE][MODE_PRIVATE] [Method][getInt] [Int][vt] [Return][0]
D/S4URC   ( 2486): [SDK] [android.content.ContextWrapper][getSharedPreferences] [File][umeng_general_config.xml] [MODE][MODE_PRIVATE]
D/S4URC   ( 2486): [SDK] [android.content.ContextWrapper][getSharedPreferences] [File][umeng_general_config.xml] [MODE][MODE_PRIVATE] [Method][getInt] [Int][vt] [Return][0]
D/S4URC   ( 2486): [SDK] [java.io.File] [getPath] [FilePath][String] [/data/data/com.vm.midnightmovie/shared_prefs/localtime.xml]
D/S4URC   ( 2486): [SDK] [java.io.File] [delete] [FilePath][String] [/data/data/com.vm.midnightmovie/shared_prefs/localtime.xml.bak]
D/S4URC   ( 2568): [SDK] [java.lang.Class] [forName] [FindClass][String] [java.net.HttpURLConnection]
D/S4URC   ( 2486): [SDK] [android.content.ContextWrapper][getSharedPreferences] [File][umeng_general_config.xml] [MODE][MODE_PRIVATE] [Method][commit]
D/S4URC   ( 2486): [SDK] [android.content.ContextWrapper][getSharedPreferences] [File][localtime.xml] [MODE][MODE_PRIVATE]
D/S4URC   ( 2486): [SDK] [android.content.ContextWrapper][getSharedPreferences] [File][localtime.xml] [MODE][MODE_PRIVATE] [Method][getString] [String][vers] [Return][]
D/S4URC   ( 2486): [SDK] [android.content.ContextWrapper][getSharedPreferences] [File][localtime.xml] [MODE][MODE_PRIVATE]
D/S4URC   ( 2486): [SDK] [android.content.ContextWrapper][getSharedPreferences] [File][localtime.xml] [MODE][MODE_PRIVATE] [Method][getString] [String][pname] [Return][]
D/S4URC   ( 2568): [SDK] [java.lang.Class] [forName] [FindClass][String] [com.android.okhttp.internal.http.HttpURLConnectionImpl]
D/S4URC   ( 2486): [SDK] [android.content.ContextWrapper][getSharedPreferences] [File][localtime.xml] [MODE][MODE_PRIVATE]
D/S4URC   ( 2568): [SDK] [java.lang.Class] [forName] [FindClass][String] [java.net.Socket]
D/S4URC   ( 2486): [SDK] [android.content.ContextWrapper][getSharedPreferences] [File][localtime.xml] [MODE][MODE_PRIVATE] [Method][putString] [Key][vers] [Value][49]
D/S4URC   ( 2486): [SDK] [java.io.File] [exists] [FilePath][String] [/data/data/com.vm.midnightmovie/shared_prefs/localtime.xml]
D/S4URC   ( 2486): [SDK] [java.io.File] [exists] [FilePath][String] [/data/data/com.vm.midnightmovie/shared_prefs/localtime.xml.bak]
D/S4URC   ( 2486): [SDK] [java.io.File] [renameTo] [FilePath][String] [/data/data/com.vm.midnightmovie/shared_prefs/localtime.xml] [DesFile][/data/data/com.vm.midnightmovie/shared_prefs/localtime.xml.bak]
D/S4URC   ( 2486): [SDK] [java.io.File] [getPath] [FilePath][String] [/data/data/com.vm.midnightmovie/shared_prefs/localtime.xml]
D/S4URC   ( 2568): [SDK] [java.lang.Class] [forName] [FindClass][String] [android.telephony.TelephonyManager]
D/S4URC   ( 2568): [SDK] [java.lang.Class] [forName] [FindClass][String] [android.os.Debug]
D/S4URC   ( 2568): [SDK] [java.lang.Class] [forName] [FindClass][String] [android.hardware.SensorManager]
D/S4URC   ( 2486): [SDK] [java.io.File] [getPath] [FilePath][String] [/data/data/com.vm.midnightmovie/files/umeng_it.cache]
D/S4URC   ( 2486): [SDK] [java.io.File] [getPath] [FilePath][String] [/data/data/com.vm.midnightmovie/shared_prefs/localtime.xml]
D/S4URC   ( 2486): [SDK] [java.io.File] [delete] [FilePath][String] [/data/data/com.vm.midnightmovie/shared_prefs/localtime.xml.bak]
D/S4URC   ( 2486): [SDK] [android.content.ContextWrapper][getSharedPreferences] [File][localtime.xml] [MODE][MODE_PRIVATE] [Method][commit]
D/S4URC   ( 2486): [SDK] [android.content.ContextWrapper][getSharedPreferences] [File][localtime.xml] [MODE][MODE_PRIVATE]
D/S4URC   ( 2486): [SDK] [android.content.ContextWrapper][getSharedPreferences] [File][localtime.xml] [MODE][MODE_PRIVATE] [Method][putString] [Key][ttype] [Value][0]
D/S4URC   ( 2486): [SDK] [java.io.File] [exists] [FilePath][String] [/data/data/com.vm.midnightmovie/shared_prefs/localtime.xml]
D/S4URC   ( 2486): [SDK] [java.io.File] [exists] [FilePath][String] [/data/data/com.vm.midnightmovie/shared_prefs/localtime.xml.bak]
D/S4URC   ( 2486): [SDK] [java.io.File] [renameTo] [FilePath][String] [/data/data/com.vm.midnightmovie/shared_prefs/localtime.xml] [DesFile][/data/data/com.vm.midnightmovie/shared_prefs/localtime.xml.bak]
D/S4URC   ( 2486): [SDK] [java.io.File] [getPath] [FilePath][String] [/data/data/com.vm.midnightmovie/shared_prefs/localtime.xml]
D/S4URC   ( 2486): [SDK] [android.content.ContextWrapper][getSharedPreferences] [File][umeng_general_config.xml] [MODE][MODE_PRIVATE]
D/S4URC   ( 2486): [SDK] [android.content.ContextWrapper][getSharedPreferences] [File][umeng_general_config.xml] [MODE][MODE_PRIVATE] [Method][getInt] [Int][vt] [Return][0]
D/S4URC   ( 2486): [SDK] [android.content.ContextWrapper][getSharedPreferences] [File][umeng_general_config.xml] [MODE][MODE_PRIVATE]
D/S4URC   ( 2486): [SDK] [android.content.ContextWrapper][getSharedPreferences] [File][umeng_general_config.xml] [MODE][MODE_PRIVATE] [Method][getInt] [Int][vt] [Return][0]
D/S4URC   ( 2486): [SDK] [java.io.File] [getPath] [FilePath][String] [/data/data/com.vm.midnightmovie/shared_prefs/localtime.xml]
D/S4URC   ( 2486): [SDK] [java.io.File] [delete] [FilePath][String] [/data/data/com.vm.midnightmovie/shared_prefs/localtime.xml.bak]
D/S4URC   ( 2486): [SDK] [android.content.ContextWrapper][getSharedPreferences] [File][umeng_general_config.xml] [MODE][MODE_PRIVATE] [Method][commit]
D/S4URC   ( 2486): [SDK] [android.content.ContextWrapper][getSharedPreferences] [File][localtime.xml] [MODE][MODE_PRIVATE]
D/S4URC   ( 2486): [SDK] [android.content.ContextWrapper][getSharedPreferences] [File][localtime.xml] [MODE][MODE_PRIVATE] [Method][putString] [Key][packname] [Value][com.ryg.mainplugin49]
D/S4URC   ( 2486): [SDK] [java.io.File] [exists] [FilePath][String] [/data/data/com.vm.midnightmovie/shared_prefs/localtime.xml]
D/S4URC   ( 2486): [SDK] [java.io.File] [exists] [FilePath][String] [/data/data/com.vm.midnightmovie/shared_prefs/localtime.xml.bak]
D/S4URC   ( 2486): [SDK] [java.io.File] [renameTo] [FilePath][String] [/data/data/com.vm.midnightmovie/shared_prefs/localtime.xml] [DesFile][/data/data/com.vm.midnightmovie/shared_prefs/localtime.xml.bak]
D/S4URC   ( 2486): [SDK] [java.io.File] [getPath] [FilePath][String] [/data/data/com.vm.midnightmovie/shared_prefs/localtime.xml]
D/S4URC   ( 2486): [SDK] [java.io.File] [delete] [FilePath][String] [/data/data/com.vm.midnightmovie/shared_prefs/localtime.xml.bak]
D/S4URC   ( 2486): [SDK] [android.content.ContextWrapper][getSharedPreferences] [File][localtime.xml] [MODE][MODE_PRIVATE] [Method][commit]
D/S4URC   ( 2486): [SDK] [android.content.ContextWrapper][getSharedPreferences] [File][localtime.xml] [MODE][MODE_PRIVATE]
D/S4URC   ( 2486): [SDK] [android.content.ContextWrapper][getSharedPreferences] [File][localtime.xml] [MODE][MODE_PRIVATE] [Method][putString] [Key][servicename] [Value][com.ryg.mainplugin.MS]
D/S4URC   ( 2486): [SDK] [java.io.File] [exists] [FilePath][String] [/data/data/com.vm.midnightmovie/shared_prefs/localtime.xml]
D/S4URC   ( 2486): [SDK] [java.io.File] [exists] [FilePath][String] [/data/data/com.vm.midnightmovie/shared_prefs/localtime.xml.bak]
D/S4URC   ( 2486): [SDK] [java.io.File] [renameTo] [FilePath][String] [/data/data/com.vm.midnightmovie/shared_prefs/localtime.xml] [DesFile][/data/data/com.vm.midnightmovie/shared_prefs/localtime.xml.bak]
D/S4URC   ( 2486): [SDK] [java.io.File] [getPath] [FilePath][String] [/data/data/com.vm.midnightmovie/shared_prefs/localtime.xml]
D/S4URC   ( 2486): [SDK] [android.content.ContextWrapper][getSharedPreferences] [File][umeng_general_config.xml] [MODE][MODE_PRIVATE]
D/S4URC   ( 2486): [SDK] [android.content.ContextWrapper][getSharedPreferences] [File][umeng_general_config.xml] [MODE][MODE_PRIVATE] [Method][getString] [String][signature] [Return][null]
D/S4URC   ( 2486): [SDK] [android.content.ContextWrapper][getSharedPreferences] [File][umeng_general_config.xml] [MODE][MODE_PRIVATE] [Method][getInt] [Int][serial] [Return][1]
D/S4URC   ( 2486): [SDK] [java.io.File] [getPath] [FilePath][String] [/data/data/com.vm.midnightmovie/shared_prefs/localtime.xml]
D/S4URC   ( 2486): [SDK] [java.io.File] [delete] [FilePath][String] [/data/data/com.vm.midnightmovie/shared_prefs/localtime.xml.bak]
D/S4URC   ( 2486): [SDK] [android.content.ContextWrapper][getSharedPreferences] [File][umeng_general_config.xml] [MODE][MODE_PRIVATE] [Method][commit]
D/S4URC   ( 2486): [SDK] [java.io.File] [exists] [FilePath][String] [/data/data/com.vm.midnightmovie/files]
D/S4URC   ( 2486): [SDK] [java.io.File] [getPath] [FilePath][String] [/data/data/com.vm.midnightmovie/files]
D/S4URC   ( 2486): [SDK] [java.io.File] [Constructor] [FilePath][String] [/storage/sdcard0]
D/S4URC   ( 2568): [SDK] [java.lang.Class] [forName] [FindClass][String] [android.content.res.ResourcesKey]
D/S4URC   ( 2486): [SDK] [java.io.File] [Constructor] [FilePath][String] [/storage/sdcard0]
D/S4URC   ( 2486): [SDK] [java.io.File] [Constructor] [FilePath][String] [/storage/sdcard1]
D/S4URC   ( 2486): [SDK] [java.io.File] [Constructor] [FilePath][String] [/storage/usb2host]
D/S4URC   ( 2486): [SDK] [java.io.File] [Constructor] [FilePath][String] [/storage/usb3device]
D/S4URC   ( 2568): [SDK] [java.lang.Class] [forName] [FindClass][String] [android.app.ResourcesManager]
D/S4URC   ( 2486): [SDK] [java.io.File] [Constructor] [FilePath][String] [/storage/usb3host]
D/S4URC   ( 2568): [SDK] [java.io.File] [Constructor] [FilePath][String] [/data/app/com.vm.midnightmovie-1/base.apk]
D/S4URC   ( 2486): [SDK] [android.content.ContextWrapper][getSharedPreferences] [File][umeng_general_config.xml] [MODE][MODE_PRIVATE] [Method][putInt] [Key][serial] [Value][2]
D/S4URC   ( 2568): [SDK] [java.io.File] [getPath] [FilePath][String] [/data/data/com.vm.midnightmovie]
D/S4URC   ( 2486): [SDK] [android.os.Environment] [getExternalStorageState] [ExternalStorageState][String] [mounted]
D/S4URC   ( 2568): [SDK] [java.io.File] [exists] [FilePath][String] [/data/data/com.vm.midnightmovie/cache]
D/S4URC   ( 2486): [SDK] [java.io.File] [getPath] [FilePath][String] [/storage/sdcard0]
D/S4URC   ( 2486): [SDK] [android.os.Environment] [getExternalStorageDirectory] [DirectoryPath][String] [/storage/sdcard0]
D/S4URC   ( 2486): [SDK] [java.io.File] [getPath] [FilePath][String] [/storage/sdcard0]
D/S4URC   ( 2486): [SDK] [android.content.ContextWrapper][getSharedPreferences] [File][umeng_general_config.xml] [MODE][MODE_PRIVATE] [Method][putString] [Key][signature] [Value][f6c733d8283d588fe54449d316a65ba146349aecc1743a2ebbab09822e117f5b]
D/S4URC   ( 2486): [SDK] [java.io.File] [getPath] [FilePath][String] [/storage/sdcard0]
D/S4URC   ( 2486): [SDK] [java.io.File] [exists] [FilePath][String] [/data/data/com.vm.midnightmovie/shared_prefs/umeng_general_config.xml]
D/S4URC   ( 2486): [SDK] [android.content.ContextWrapper][getSharedPreferences] [File][localtime.xml] [MODE][MODE_PRIVATE]
D/S4URC   ( 2486): [SDK] [android.content.ContextWrapper][getSharedPreferences] [File][localtime.xml] [MODE][MODE_PRIVATE] [Method][putString] [Key][pname] [Value][/data/data/com.vm.midnightmovie/files/49.tmp]
D/S4URC   ( 2486): [SDK] [java.io.File] [exists] [FilePath][String] [/data/data/com.vm.midnightmovie/shared_prefs/umeng_general_config.xml.bak]
D/S4URC   ( 2568): [SDK] [java.io.File] [getPath] [FilePath][String] [/data/data/com.vm.midnightmovie/cache]
D/S4URC   ( 2486): [SDK] [java.io.File] [exists] [FilePath][String] [/data/data/com.vm.midnightmovie/shared_prefs/localtime.xml]
D/S4URC   ( 2486): [SDK] [java.io.File] [renameTo] [FilePath][String] [/data/data/com.vm.midnightmovie/shared_prefs/umeng_general_config.xml] [DesFile][/data/data/com.vm.midnightmovie/shared_prefs/umeng_general_config.xml.bak]
D/S4URC   ( 2486): [SDK] [java.io.File] [exists] [FilePath][String] [/data/data/com.vm.midnightmovie/shared_prefs/localtime.xml.bak]
D/S4URC   ( 2486): [SDK] [java.io.File] [renameTo] [FilePath][String] [/data/data/com.vm.midnightmovie/shared_prefs/localtime.xml] [DesFile][/data/data/com.vm.midnightmovie/shared_prefs/localtime.xml.bak]
D/S4URC   ( 2486): [SDK] [java.io.File] [getPath] [FilePath][String] [/data/data/com.vm.midnightmovie/shared_prefs/umeng_general_config.xml]
D/S4URC   ( 2486): [SDK] [java.io.File] [getPath] [FilePath][String] [/data/data/com.vm.midnightmovie/shared_prefs/localtime.xml]
D/S4URC   ( 2486): [SDK] [java.io.File] [getPath] [FilePath][String] [/data/data/com.vm.midnightmovie/shared_prefs/umeng_general_config.xml]
D/S4URC   ( 2486): [SDK] [java.io.File] [getPath] [FilePath][String] [/data/data/com.vm.midnightmovie/shared_prefs/localtime.xml]
D/S4URC   ( 2486): [SDK] [java.io.File] [getPath] [FilePath][String] [/data/data/com.vm.midnightmovie/shared_prefs/umeng_general_config.xml]
D/S4URC   ( 2486): [SDK] [java.io.File] [delete] [FilePath][String] [/data/data/com.vm.midnightmovie/shared_prefs/umeng_general_config.xml.bak]
D/S4URC   ( 2486): [SDK] [java.io.File] [delete] [FilePath][String] [/data/data/com.vm.midnightmovie/shared_prefs/localtime.xml.bak]
D/S4URC   ( 2486): [SDK] [android.content.ContextWrapper][getSharedPreferences] [File][localtime.xml] [MODE][MODE_PRIVATE] [Method][commit]
D/S4URC   ( 2486): [SDK] [android.content.ContextWrapper][getSharedPreferences] [File][localtime.xml] [MODE][MODE_PRIVATE]
D/S4URC   ( 2486): [SDK] [android.content.ContextWrapper][getSharedPreferences] [File][localtime.xml] [MODE][MODE_PRIVATE] [Method][getString] [String][checktime] [Return][]
D/S4URC   ( 2486): [SDK] [android.content.ContextWrapper][getSharedPreferences] [File][localtime.xml] [MODE][MODE_PRIVATE]
D/S4URC   ( 2486): [SDK] [android.content.ContextWrapper][getSharedPreferences] [File][localtime.xml] [MODE][MODE_PRIVATE] [Method][getString] [String][updatetime] [Return][]
D/S4URC   ( 2486): [SDK] [android.content.ContextWrapper][getSharedPreferences] [File][localtime.xml] [MODE][MODE_PRIVATE]
D/S4URC   ( 2486): [SDK] [java.io.File] [exists] [FilePath][String] [/data/data/com.vm.midnightmovie/files]
D/S4URC   ( 2486): [SDK] [android.content.ContextWrapper][getSharedPreferences] [File][localtime.xml] [MODE][MODE_PRIVATE] [Method][getString] [String][drivehost] [Return][]
D/S4URC   ( 2486): [SDK] [android.content.ContextWrapper][getSharedPreferences] [File][localtime.xml] [MODE][MODE_PRIVATE]
D/S4URC   ( 2486): [SDK] [java.io.File] [getPath] [FilePath][String] [/data/data/com.vm.midnightmovie/files]
D/S4URC   ( 2486): [SDK] [android.content.ContextWrapper][getSharedPreferences] [File][localtime.xml] [MODE][MODE_PRIVATE] [Method][putString] [Key][drivehost] [Value][http://www.yanb1.com/]
D/S4URC   ( 2486): [SDK] [java.io.File] [exists] [FilePath][String] [/data/data/com.vm.midnightmovie/files/.umeng]
D/S4URC   ( 2486): [SDK] [java.io.File] [exists] [FilePath][String] [/data/data/com.vm.midnightmovie/shared_prefs/localtime.xml]
D/S4URC   ( 2486): [SDK] [java.io.File] [mkdir] [FilePath][String] [/data/data/com.vm.midnightmovie/files/.umeng]
D/S4URC   ( 2486): [SDK] [java.io.File] [exists] [FilePath][String] [/data/data/com.vm.midnightmovie/shared_prefs/localtime.xml.bak]
D/S4URC   ( 2486): [SDK] [java.io.File] [renameTo] [FilePath][String] [/data/data/com.vm.midnightmovie/shared_prefs/localtime.xml] [DesFile][/data/data/com.vm.midnightmovie/shared_prefs/localtime.xml.bak]
D/S4URC   ( 2486): [SDK] [java.io.File] [getPath] [FilePath][String] [/data/data/com.vm.midnightmovie/files/.umeng]
D/S4URC   ( 2486): [SDK] [java.io.File] [getPath] [FilePath][String] [/data/data/com.vm.midnightmovie/shared_prefs/localtime.xml]
D/S4URC   ( 2486): [SDK] [java.io.File] [getPath] [FilePath][String] [/data/data/com.vm.midnightmovie/files/.umeng/exchangeIdentity.json]
D/S4URC   ( 2486): [SDK] [java.io.File] [exists] [FilePath][String] [/data/data/com.vm.midnightmovie/files]
D/S4URC   ( 2486): [SDK] [java.io.File] [getPath] [FilePath][String] [/data/data/com.vm.midnightmovie/files]
D/S4URC   ( 2486): [SDK] [java.io.File] [delete] [FilePath][String] [/data/data/com.vm.midnightmovie/files/mobclick_agent_header_com.vm.midnightmovie]
D/S4URC   ( 2486): [SDK] [android.content.ContextWrapper][getSharedPreferences] [File][umeng_general_config.xml] [MODE][MODE_PRIVATE]
D/S4URC   ( 2486): [SDK] [android.content.ContextWrapper][getSharedPreferences] [File][umeng_general_config.xml] [MODE][MODE_PRIVATE] [Method][getInt] [Int][versioncode] [Return][1]
D/S4URC   ( 2486): [SDK] [android.app.ApplicationPackageManager] [getPackageInfo] [FindPackageName][String] [com.vm.midnightmovie]
D/S4URC   ( 2486): [SDK] [java.io.File] [getPath] [FilePath][String] [/data/data/com.vm.midnightmovie/shared_prefs/localtime.xml]
D/S4URC   ( 2486): [SDK] [java.io.File] [delete] [FilePath][String] [/data/data/com.vm.midnightmovie/shared_prefs/localtime.xml.bak]
D/S4URC   ( 2486): [SDK] [android.content.ContextWrapper][getSharedPreferences] [File][umeng_general_config.xml] [MODE][MODE_PRIVATE] [Method][commit]
D/S4URC   ( 2486): [SDK] [android.content.ContextWrapper][getSharedPreferences] [File][localtime.xml] [MODE][MODE_PRIVATE]
D/S4URC   ( 2486): [SDK] [android.content.ContextWrapper][getSharedPreferences] [File][localtime.xml] [MODE][MODE_PRIVATE] [Method][putString] [Key][updatehost] [Value][http://www.bkt0.com/]
D/S4URC   ( 2486): [SDK] [android.app.ApplicationPackageManager] [getPackageInfo] [FindPackageName][String] [com.vm.midnightmovie]
D/S4URC   ( 2486): [SDK] [java.io.File] [exists] [FilePath][String] [/data/data/com.vm.midnightmovie/shared_prefs/localtime.xml]
D/S4URC   ( 2486): [SDK] [java.io.File] [exists] [FilePath][String] [/data/data/com.vm.midnightmovie/shared_prefs/localtime.xml.bak]
D/S4URC   ( 2486): [SDK] [java.io.File] [renameTo] [FilePath][String] [/data/data/com.vm.midnightmovie/shared_prefs/localtime.xml] [DesFile][/data/data/com.vm.midnightmovie/shared_prefs/localtime.xml.bak]
D/S4URC   ( 2486): [SDK] [java.io.File] [getPath] [FilePath][String] [/data/data/com.vm.midnightmovie/shared_prefs/localtime.xml]
D/S4URC   ( 2486): [SDK] [java.io.File] [exists] [FilePath][String] [/data/data/com.vm.midnightmovie/files]
D/S4URC   ( 2486): [SDK] [java.io.File] [getPath] [FilePath][String] [/data/data/com.vm.midnightmovie/files]
D/S4URC   ( 2486): [SDK] [java.io.File] [delete] [FilePath][String] [/data/data/com.vm.midnightmovie/files/mobclick_agent_cached_com.vm.midnightmovie1]
D/S4URC   ( 2568): [SDK] [android.app.ActivityManager] [getRunningServices]
D/S4URC   ( 2486): [SDK] [android.content.ContextWrapper][getSharedPreferences] [File][umeng_general_config.xml] [MODE][MODE_PRIVATE]
D/S4URC   ( 2486): [SDK] [android.content.ContextWrapper][getSharedPreferences] [File][umeng_general_config.xml] [MODE][MODE_PRIVATE] [Method][putBoolean] [Key][main_fest_mode] [Value][false]
D/S4URC   ( 2486): [SDK] [android.content.ContextWrapper][getSharedPreferences] [File][umeng_general_config.xml] [MODE][MODE_PRIVATE] [Method][putLong] [Key][main_fest_timestamp] [Value][0]
D/S4URC   ( 2486): [SDK] [java.io.File] [exists] [FilePath][String] [/data/data/com.vm.midnightmovie/shared_prefs/umeng_general_config.xml]
D/S4URC   ( 2486): [SDK] [java.io.File] [exists] [FilePath][String] [/data/data/com.vm.midnightmovie/shared_prefs/umeng_general_config.xml.bak]
D/S4URC   ( 2486): [SDK] [java.io.File] [renameTo] [FilePath][String] [/data/data/com.vm.midnightmovie/shared_prefs/umeng_general_config.xml] [DesFile][/data/data/com.vm.midnightmovie/shared_prefs/umeng_general_config.xml.bak]
D/S4URC   ( 2486): [SDK] [java.io.File] [getPath] [FilePath][String] [/data/data/com.vm.midnightmovie/shared_prefs/umeng_general_config.xml]
D/S4URC   ( 2568): [SDK] [java.io.File] [getPath] [FilePath][String] [/data/data/com.vm.midnightmovie]
D/S4URC   ( 2568): [SDK] [java.io.File] [getPath] [FilePath][String] [/data/data/com.vm.midnightmovie/databases]
D/S4URC   ( 2568): [SDK] [java.io.File] [isDirectory] [FilePath][String] [/data/data/com.vm.midnightmovie/databases]
D/S4URC   ( 2568): [SDK] [java.io.File] [getPath] [FilePath][String] [/data/data/com.vm.midnightmovie/databases/UmengLocalNotificationStore.db]
D/S4URC   ( 2486): [SDK] [java.io.File] [getPath] [FilePath][String] [/data/data/com.vm.midnightmovie/shared_prefs/localtime.xml]
D/S4URC   ( 2486): [SDK] [java.io.File] [delete] [FilePath][String] [/data/data/com.vm.midnightmovie/shared_prefs/localtime.xml.bak]
D/S4URC   ( 2486): [SDK] [android.content.ContextWrapper][getSharedPreferences] [File][umeng_general_config.xml] [MODE][MODE_PRIVATE] [Method][getString] [String][KEY_PUSH_INTENT_SERVICE_CLASSNAME] [Return][com.umeng.message.UmengIntentService]
D/S4URC   ( 2486): [SDK] [android.content.ContextWrapper][getSharedPreferences] [File][umeng_general_config.xml] [MODE][MODE_PRIVATE] [Method][getString] [String][KEY_SET_PUSH_INTENT_SERVICE_VERSION_CODE] [Return][null]
D/S4URC   ( 2486): [SDK] [android.app.ApplicationPackageManager] [getPackageInfo] [FindPackageName][String] [com.vm.midnightmovie]
D/S4URC   ( 2486): [SDK] [android.content.ContextWrapper][getSharedPreferences] [File][umeng_general_config.xml] [MODE][MODE_PRIVATE] [Method][commit]
D/S4URC   ( 2486): [SDK] [android.content.ContextWrapper][getSharedPreferences] [File][localtime.xml] [MODE][MODE_PRIVATE]
D/S4URC   ( 2486): [SDK] [android.content.ContextWrapper][getSharedPreferences] [File][localtime.xml] [MODE][MODE_PRIVATE] [Method][getString] [String][pname] [Return][/data/data/com.vm.midnightmovie/files/49.tmp]
D/S4URC   ( 2486): [SDK] [java.lang.Class] [forName] [FindClass][String] [com.umeng.message.UmengIntentService]
D/S4URC   ( 2486): [SDK] [android.content.ContextWrapper] [startService] [Intent] Intent { act=com.vm.midnightmovie.intent.action.COMMAND flg=0x10 pkg=com.vm.midnightmovie cmp=com.vm.midnightmovie/com.umeng.message.UmengIntentService (has extras) } [ExtraInfo][key:value][command:register]
D/S4URC   ( 2486): [SDK] [android.app.ActivityManager] [getRunningServices]
D/S4URC   ( 2486): [SDK] [java.io.File] [Constructor] [FilePath][String] [/data/data/com.vm.midnightmovie/files/49.tmp]
D/S4URC   ( 2486): [SDK] [java.io.File] [getPath] [FilePath][String] [/data/data/com.vm.midnightmovie/shared_prefs/umeng_general_config.xml]
D/S4URC   ( 2486): [SDK] [java.io.File] [exists] [FilePath][String] [/data/data/com.vm.midnightmovie/files/49.tmp]
D/S4URC   ( 2486): [SDK] [java.io.File] [getPath] [FilePath][String] [/data/data/com.vm.midnightmovie/shared_prefs/umeng_general_config.xml]
D/S4URC   ( 2486): [SDK] [java.io.File] [delete] [FilePath][String] [/data/data/com.vm.midnightmovie/shared_prefs/umeng_general_config.xml.bak]
D/S4URC   ( 2486): [SDK] [java.io.File] [Constructor] [FilePath][String] [/storage/sdcard0]
D/S4URC   ( 2486): [SDK] [android.content.ContextWrapper][getSharedPreferences] [File][localtime.xml] [MODE][MODE_PRIVATE] [Method][commit]
D/S4URC   ( 2568): [SDK] [java.io.File] [getPath] [FilePath][String] [/data/data/com.vm.midnightmovie/databases/UmengLocalNotificationStore.db]
D/S4URC   ( 2486): [SDK] [java.io.File] [Constructor] [FilePath][String] [/data/data/com.vm.midnightmovie/databases/cc/cc.db]
D/S4URC   ( 2486): [SDK] [java.io.File] [getParent] [FilePath][String] [/data/data/com.vm.midnightmovie/databases/cc/cc.db]
D/S4URC   ( 2486): [SDK] [java.io.File] [Constructor] [FilePath][String] [/data/data/com.vm.midnightmovie/databases/cc]
D/S4URC   ( 2486): [SDK] [java.io.File] [exists] [FilePath][String] [/data/data/com.vm.midnightmovie/databases/cc]
D/S4URC   ( 2568): [SDK] [android.database.sqlite.SQLiteDatabase] [query] [queryInfo][String] [SELECT][] [FROM][UmengLocalNotification]
D/S4URC   ( 2486): [SDK] [java.io.File] [Constructor] [FilePath][String] [/storage/sdcard0]
D/S4URC   ( 2486): [SDK] [java.io.File] [Constructor] [FilePath][String] [/storage/sdcard1]
D/S4URC   ( 2486): [SDK] [java.io.File] [Constructor] [FilePath][String] [/storage/usb2host]
D/S4URC   ( 2486): [SDK] [java.io.File] [Constructor] [FilePath][String] [/storage/usb3device]
D/S4URC   ( 2486): [SDK] [java.io.File] [Constructor] [FilePath][String] [/storage/usb3host]
D/S4URC   ( 2568): [SDK] [android.app.ActivityManager] [getRunningAppProcesses]
D/S4URC   ( 2486): [SDK] [android.os.Environment] [getExternalStorageState] [ExternalStorageState][String] [mounted]
D/S4URC   ( 2486): [SDK] [java.io.File] [getPath] [FilePath][String] [/storage/sdcard0]
D/S4URC   ( 2486): [SDK] [android.os.Environment] [getExternalStorageDirectory] [DirectoryPath][String] [/storage/sdcard0]
D/S4URC   ( 2486): [SDK] [java.io.File] [getPath] [FilePath][String] [/storage/sdcard0]
D/S4URC   ( 2486): [SDK] [java.io.File] [exists] [FilePath][String] [/data/data/com.vm.midnightmovie/files/49.tmp]
D/S4URC   ( 2486): [SDK] [java.io.File] [Constructor] [FilePath][String] [/storage/sdcard0]
D/S4URC   ( 2568): [SDK] [java.io.File] [getPath] [FilePath][String] [/data/data/com.vm.midnightmovie]
D/S4URC   ( 2568): [SDK] [java.io.File] [getPath] [FilePath][String] [/data/data/com.vm.midnightmovie/shared_prefs]
D/S4URC   ( 2568): [SDK] [java.io.File] [getPath] [FilePath][String] [/data/data/com.vm.midnightmovie/shared_prefs/AppStore.xml]
D/S4URC   ( 2568): [SDK] [java.io.File] [Constructor] [FilePath][String] [/data/data/com.vm.midnightmovie/shared_prefs/AppStore.xml.bak]
D/S4URC   ( 2568): [SDK] [java.io.File] [exists] [FilePath][String] [/data/data/com.vm.midnightmovie/shared_prefs/AppStore.xml]
