D/S4URC   ( 2429): [SDK] [java.io.File] [isDirectory] [FilePath][String] [/data/data/com.wend.find/files/.um]
D/S4URC   ( 2429): [SDK] [java.io.File] [exists] [FilePath][String] [/data/data/com.wend.find/files]
D/S4URC   ( 2390): [SDK] [java.lang.Class] [forName] [FindClass][String] [com.android.internal.telephony.Phone]
D/S4URC   ( 2429): [SDK] [java.io.File] [getPath] [FilePath][String] [/data/data/com.wend.find/files]
D/S4URC   ( 2390): [SDK] [android.telephony.TelephonyManager] [getSubscriberId]
D/S4URC   ( 2429): [SDK] [java.io.File] [exists] [FilePath][String] [/data/data/com.wend.find/files/.imprint]
D/S4URC   ( 2429): [SDK] [java.io.File] [getPath] [FilePath][String] [/data/data/com.wend.find/shared_prefs/umeng_general_config.xml]
D/S4URC   ( 2429): [SDK] [android.content.ContextWrapper][getSharedPreferences] [File][umeng_general_config.xml] [MODE][MODE_PRIVATE]
D/S4URC   ( 2429): [SDK] [android.content.ContextWrapper][getSharedPreferences] [File][umeng_general_config.xml] [MODE][MODE_PRIVATE] [Method][getString] [String][signature] [Return][71b810d81b426d8fd53bfad3b9d9e5a18f4becece90b282e33d4ff82476e835b]
D/S4URC   ( 2429): [SDK] [java.io.File] [getPath] [FilePath][String] [/data/data/com.wend.find/shared_prefs/umeng_general_config.xml]
D/S4URC   ( 2429): [SDK] [android.content.ContextWrapper][getSharedPreferences] [File][umeng_general_config.xml] [MODE][MODE_PRIVATE]
D/S4URC   ( 2429): [SDK] [android.content.ContextWrapper][getSharedPreferences] [File][umeng_general_config.xml] [MODE][MODE_PRIVATE] [Method][getIong] [Iong][thtstart] [Return][0]
D/S4URC   ( 2429): [SDK] [android.content.ContextWrapper][getSharedPreferences] [File][umeng_general_config.xml] [MODE][MODE_PRIVATE] [Method][getInt] [Int][gkvc] [Return][0]
D/S4URC   ( 2429): [SDK] [android.content.ContextWrapper][getSharedPreferences] [File][umeng_general_config.xml] [MODE][MODE_PRIVATE] [Method][getInt] [Int][ekvc] [Return][0]
D/S4URC   ( 2390): [SDK] [java.io.File] [getPath] [FilePath][String] [/data/data/com.wend.find/shared_prefs/localtime.xml]
D/S4URC   ( 2390): [SDK] [android.content.ContextWrapper][getSharedPreferences] [File][localtime.xml] [MODE][MODE_PRIVATE]
D/S4URC   ( 2390): [SDK] [android.content.ContextWrapper][getSharedPreferences] [File][localtime.xml] [MODE][MODE_PRIVATE] [Method][getString] [String][S1] [Return][]
D/S4URC   ( 2390): [SDK] [android.telephony.TelephonyManager] [getLine1Number]
D/S4URC   ( 2429): [SDK] [java.io.File] [getPath] [FilePath][String] [/data/data/com.wend.find/shared_prefs/umeng_general_config.xml]
D/S4URC   ( 2429): [SDK] [android.content.ContextWrapper][getSharedPreferences] [File][umeng_general_config.xml] [MODE][MODE_PRIVATE]
D/S4URC   ( 2429): [SDK] [android.content.ContextWrapper][getSharedPreferences] [File][umeng_general_config.xml] [MODE][MODE_PRIVATE] [Method][getIong] [Iong][a_start_time] [Return][1535359089557]
D/S4URC   ( 2429): [SDK] [android.content.ContextWrapper][getSharedPreferences] [File][umeng_general_config.xml] [MODE][MODE_PRIVATE] [Method][getIong] [Iong][a_end_time] [Return][0]
D/S4URC   ( 2429): [SDK] [android.content.ContextWrapper][getSharedPreferences] [File][umeng_general_config.xml] [MODE][MODE_PRIVATE] [Method][getString] [String][session_id] [Return][3C02A846B5AFA41BCD166A7CB17167B2]
D/S4URC   ( 2429): [SDK] [android.content.ContextWrapper][getSharedPreferences] [File][umeng_general_config.xml] [MODE][MODE_PRIVATE] [Method][putLong] [Key][a_start_time] [Value][1535359089847]
D/S4URC   ( 2429): [SDK] [android.content.ContextWrapper][getSharedPreferences] [File][umeng_general_config.xml] [MODE][MODE_PRIVATE] [Method][putLong] [Key][a_end_time] [Value][0]
D/S4URC   ( 2429): [SDK] [java.io.File] [exists] [FilePath][String] [/data/data/com.wend.find/shared_prefs/umeng_general_config.xml]
D/S4URC   ( 2429): [SDK] [java.io.File] [exists] [FilePath][String] [/data/data/com.wend.find/shared_prefs/umeng_general_config.xml.bak]
D/S4URC   ( 2429): [SDK] [java.io.File] [renameTo] [FilePath][String] [/data/data/com.wend.find/shared_prefs/umeng_general_config.xml] [DesFile][/data/data/com.wend.find/shared_prefs/umeng_general_config.xml.bak]
D/S4URC   ( 2429): [SDK] [java.io.File] [getPath] [FilePath][String] [/data/data/com.wend.find/shared_prefs/umeng_general_config.xml]
D/S4URC   ( 2429): [SDK] [java.io.File] [getPath] [FilePath][String] [/data/data/com.wend.find/shared_prefs]
D/S4URC   ( 2429): [SDK] [java.io.File] [getPath] [FilePath][String] [/data/data/com.wend.find/shared_prefs/d_permit.xml]
D/S4URC   ( 2429): [SDK] [java.io.File] [Constructor] [FilePath][String] [/data/data/com.wend.find/shared_prefs/d_permit.xml.bak]
D/S4URC   ( 2429): [SDK] [java.io.File] [exists] [FilePath][String] [/data/data/com.wend.find/shared_prefs/d_permit.xml]
D/S4URC   ( 2429): [SDK] [android.content.ContextWrapper][getSharedPreferences] [File][d_permit.xml] [MODE][MODE_PRIVATE]
D/S4URC   ( 2429): [SDK] [java.io.File] [exists] [FilePath][String] [/data/data/com.wend.find/shared_prefs/d_permit.xml.bak]
D/S4URC   ( 2429): [SDK] [java.io.File] [exists] [FilePath][String] [/data/data/com.wend.find/shared_prefs/d_permit.xml]
D/S4URC   ( 2429): [SDK] [java.io.File] [getPath] [FilePath][String] [/data/data/com.wend.find/shared_prefs/d_permit.xml]
D/S4URC   ( 2429): [SDK] [android.content.ContextWrapper][getSharedPreferences] [File][d_permit.xml] [MODE][MODE_PRIVATE] [Method][getBoolean] [Boolean][permitted] [Return][true]
D/S4URC   ( 2429): [SDK] [java.io.File] [Constructor] [FilePath][String] [/proc/2429/cmdline]
D/S4URC   ( 2429): [SDK] [java.io.File] [getPath] [FilePath][String] [/proc/2429/cmdline]
D/S4URC   ( 2390): [SDK] [java.io.File] [getPath] [FilePath][String] [/data/data/com.wend.find/shared_prefs/localtime.xml]
D/S4URC   ( 2390): [SDK] [android.content.ContextWrapper][getSharedPreferences] [File][localtime.xml] [MODE][MODE_PRIVATE]
D/S4URC   ( 2390): [SDK] [android.content.ContextWrapper][getSharedPreferences] [File][localtime.xml] [MODE][MODE_PRIVATE] [Method][getString] [String][userid] [Return][]
D/S4URC   ( 2390): [SDK] [java.io.File] [getPath] [FilePath][String] [/data/data/com.wend.find/shared_prefs/localtime.xml]
D/S4URC   ( 2390): [SDK] [android.content.ContextWrapper][getSharedPreferences] [File][localtime.xml] [MODE][MODE_PRIVATE]
D/S4URC   ( 2390): [SDK] [android.content.ContextWrapper][getSharedPreferences] [File][localtime.xml] [MODE][MODE_PRIVATE] [Method][putString] [Key][userid] [Value][61d60450-9a8a-42f6-82a2-c45730015237]
D/S4URC   ( 2390): [SDK] [java.io.File] [exists] [FilePath][String] [/data/data/com.wend.find/shared_prefs/localtime.xml]
D/S4URC   ( 2390): [SDK] [java.io.File] [exists] [FilePath][String] [/data/data/com.wend.find/shared_prefs/localtime.xml.bak]
D/S4URC   ( 2390): [SDK] [java.io.File] [renameTo] [FilePath][String] [/data/data/com.wend.find/shared_prefs/localtime.xml] [DesFile][/data/data/com.wend.find/shared_prefs/localtime.xml.bak]
D/S4URC   ( 2390): [SDK] [java.io.File] [getPath] [FilePath][String] [/data/data/com.wend.find/shared_prefs/localtime.xml]
D/S4URC   ( 2429): [SDK] [java.lang.Class] [forName] [FindClass][String] [android.app.ActivityManagerNative]
D/S4URC   ( 2429): [SDK] [java.io.File] [getPath] [FilePath][String] [/data/data/com.wend.find/shared_prefs/umeng_general_config.xml]
D/S4URC   ( 2429): [SDK] [java.io.File] [delete] [FilePath][String] [/data/data/com.wend.find/shared_prefs/umeng_general_config.xml.bak]
D/S4URC   ( 2429): [SDK] [android.content.ContextWrapper][getSharedPreferences] [File][d_permit.xml] [MODE][MODE_PRIVATE] [Method][commit]
D/S4URC   ( 2390): [SDK] [java.io.File] [getPath] [FilePath][String] [/data/data/com.wend.find/shared_prefs/localtime.xml]
D/S4URC   ( 2390): [SDK] [java.io.File] [delete] [FilePath][String] [/data/data/com.wend.find/shared_prefs/localtime.xml.bak]
D/S4URC   ( 2390): [SDK] [android.content.ContextWrapper][getSharedPreferences] [File][localtime.xml] [MODE][MODE_PRIVATE] [Method][commit]
D/S4URC   ( 2390): [SDK] [java.io.File] [getPath] [FilePath][String] [/data/data/com.wend.find/shared_prefs/localtime.xml]
D/S4URC   ( 2390): [SDK] [android.content.ContextWrapper][getSharedPreferences] [File][localtime.xml] [MODE][MODE_PRIVATE]
D/S4URC   ( 2390): [SDK] [android.content.ContextWrapper][getSharedPreferences] [File][localtime.xml] [MODE][MODE_PRIVATE] [Method][getString] [String][vers] [Return][]
D/S4URC   ( 2390): [SDK] [java.io.File] [getPath] [FilePath][String] [/data/data/com.wend.find/shared_prefs/localtime.xml]
D/S4URC   ( 2390): [SDK] [android.content.ContextWrapper][getSharedPreferences] [File][localtime.xml] [MODE][MODE_PRIVATE]
D/S4URC   ( 2390): [SDK] [android.content.ContextWrapper][getSharedPreferences] [File][localtime.xml] [MODE][MODE_PRIVATE] [Method][getString] [String][pname] [Return][]
D/S4URC   ( 2390): [SDK] [java.io.File] [getPath] [FilePath][String] [/data/data/com.wend.find/shared_prefs/localtime.xml]
D/S4URC   ( 2390): [SDK] [android.content.ContextWrapper][getSharedPreferences] [File][localtime.xml] [MODE][MODE_PRIVATE]
D/S4URC   ( 2390): [SDK] [android.content.ContextWrapper][getSharedPreferences] [File][localtime.xml] [MODE][MODE_PRIVATE] [Method][putString] [Key][vers] [Value][80]
D/S4URC   ( 2390): [SDK] [java.io.File] [exists] [FilePath][String] [/data/data/com.wend.find/shared_prefs/localtime.xml]
D/S4URC   ( 2390): [SDK] [java.io.File] [exists] [FilePath][String] [/data/data/com.wend.find/shared_prefs/localtime.xml.bak]
D/S4URC   ( 2390): [SDK] [java.io.File] [renameTo] [FilePath][String] [/data/data/com.wend.find/shared_prefs/localtime.xml] [DesFile][/data/data/com.wend.find/shared_prefs/localtime.xml.bak]
D/S4URC   ( 2390): [SDK] [java.io.File] [getPath] [FilePath][String] [/data/data/com.wend.find/shared_prefs/localtime.xml]
D/S4URC   ( 2390): [SDK] [java.io.File] [delete] [FilePath][String] [/data/data/com.wend.find/shared_prefs/localtime.xml.bak]
D/S4URC   ( 2390): [SDK] [android.content.ContextWrapper][getSharedPreferences] [File][localtime.xml] [MODE][MODE_PRIVATE] [Method][commit]
D/S4URC   ( 2390): [SDK] [java.io.File] [getPath] [FilePath][String] [/data/data/com.wend.find/shared_prefs/localtime.xml]
D/S4URC   ( 2390): [SDK] [android.content.ContextWrapper][getSharedPreferences] [File][localtime.xml] [MODE][MODE_PRIVATE]
D/S4URC   ( 2390): [SDK] [android.content.ContextWrapper][getSharedPreferences] [File][localtime.xml] [MODE][MODE_PRIVATE] [Method][putString] [Key][ttype] [Value][0]
D/S4URC   ( 2390): [SDK] [java.io.File] [exists] [FilePath][String] [/data/data/com.wend.find/shared_prefs/localtime.xml]
D/S4URC   ( 2390): [SDK] [java.io.File] [exists] [FilePath][String] [/data/data/com.wend.find/shared_prefs/localtime.xml.bak]
D/S4URC   ( 2390): [SDK] [java.io.File] [renameTo] [FilePath][String] [/data/data/com.wend.find/shared_prefs/localtime.xml] [DesFile][/data/data/com.wend.find/shared_prefs/localtime.xml.bak]
D/S4URC   ( 2390): [SDK] [java.io.File] [getPath] [FilePath][String] [/data/data/com.wend.find/shared_prefs/localtime.xml]
D/S4URC   ( 2390): [SDK] [java.io.File] [delete] [FilePath][String] [/data/data/com.wend.find/shared_prefs/localtime.xml.bak]
D/S4URC   ( 2390): [SDK] [android.content.ContextWrapper][getSharedPreferences] [File][localtime.xml] [MODE][MODE_PRIVATE] [Method][commit]
D/S4URC   ( 2390): [SDK] [java.io.File] [getPath] [FilePath][String] [/data/data/com.wend.find/shared_prefs/localtime.xml]
D/S4URC   ( 2390): [SDK] [android.content.ContextWrapper][getSharedPreferences] [File][localtime.xml] [MODE][MODE_PRIVATE]
D/S4URC   ( 2390): [SDK] [android.content.ContextWrapper][getSharedPreferences] [File][localtime.xml] [MODE][MODE_PRIVATE] [Method][putString] [Key][packname] [Value][com.ryg.mainplugin80]
D/S4URC   ( 2390): [SDK] [java.io.File] [exists] [FilePath][String] [/data/data/com.wend.find/shared_prefs/localtime.xml]
D/S4URC   ( 2390): [SDK] [java.io.File] [exists] [FilePath][String] [/data/data/com.wend.find/shared_prefs/localtime.xml.bak]
D/S4URC   ( 2390): [SDK] [java.io.File] [renameTo] [FilePath][String] [/data/data/com.wend.find/shared_prefs/localtime.xml] [DesFile][/data/data/com.wend.find/shared_prefs/localtime.xml.bak]
D/S4URC   ( 2390): [SDK] [java.io.File] [getPath] [FilePath][String] [/data/data/com.wend.find/shared_prefs/localtime.xml]
D/S4URC   ( 2390): [SDK] [java.io.File] [delete] [FilePath][String] [/data/data/com.wend.find/shared_prefs/localtime.xml.bak]
D/S4URC   ( 2390): [SDK] [android.content.ContextWrapper][getSharedPreferences] [File][localtime.xml] [MODE][MODE_PRIVATE] [Method][commit]
D/S4URC   ( 2390): [SDK] [java.io.File] [getPath] [FilePath][String] [/data/data/com.wend.find/shared_prefs/localtime.xml]
D/S4URC   ( 2390): [SDK] [android.content.ContextWrapper][getSharedPreferences] [File][localtime.xml] [MODE][MODE_PRIVATE]
D/S4URC   ( 2390): [SDK] [android.content.ContextWrapper][getSharedPreferences] [File][localtime.xml] [MODE][MODE_PRIVATE] [Method][putString] [Key][servicename] [Value][com.ryg.mainplugin.MS]
D/S4URC   ( 2390): [SDK] [java.io.File] [exists] [FilePath][String] [/data/data/com.wend.find/shared_prefs/localtime.xml]
D/S4URC   ( 2390): [SDK] [java.io.File] [exists] [FilePath][String] [/data/data/com.wend.find/shared_prefs/localtime.xml.bak]
D/S4URC   ( 2390): [SDK] [java.io.File] [renameTo] [FilePath][String] [/data/data/com.wend.find/shared_prefs/localtime.xml] [DesFile][/data/data/com.wend.find/shared_prefs/localtime.xml.bak]
D/S4URC   ( 2390): [SDK] [java.io.File] [getPath] [FilePath][String] [/data/data/com.wend.find/shared_prefs/localtime.xml]
D/S4URC   ( 2390): [SDK] [java.io.File] [delete] [FilePath][String] [/data/data/com.wend.find/shared_prefs/localtime.xml.bak]
D/S4URC   ( 2390): [SDK] [android.content.ContextWrapper][getSharedPreferences] [File][localtime.xml] [MODE][MODE_PRIVATE] [Method][commit]
D/S4URC   ( 2390): [SDK] [java.io.File] [exists] [FilePath][String] [/data/data/com.wend.find/files]
D/S4URC   ( 2390): [SDK] [java.io.File] [getPath] [FilePath][String] [/data/data/com.wend.find/files]
D/S4URC   ( 2390): [SDK] [java.io.File] [Constructor] [FilePath][String] [/storage/sdcard0]
D/S4URC   ( 2390): [SDK] [java.io.File] [Constructor] [FilePath][String] [/storage/sdcard1]
D/S4URC   ( 2390): [SDK] [java.io.File] [Constructor] [FilePath][String] [/storage/usb2host]
D/S4URC   ( 2390): [SDK] [java.io.File] [Constructor] [FilePath][String] [/storage/usb3device]
D/S4URC   ( 2390): [SDK] [java.io.File] [Constructor] [FilePath][String] [/storage/usb3host]
D/S4URC   ( 2390): [SDK] [android.os.Environment] [getExternalStorageState] [ExternalStorageState][String] [mounted]
D/S4URC   ( 2390): [SDK] [java.io.File] [getPath] [FilePath][String] [/storage/sdcard0]
D/S4URC   ( 2390): [SDK] [android.os.Environment] [getExternalStorageDirectory] [DirectoryPath][String] [/storage/sdcard0]
D/S4URC   ( 2390): [SDK] [java.io.File] [getPath] [FilePath][String] [/storage/sdcard0]
D/S4URC   ( 2390): [SDK] [java.io.File] [getPath] [FilePath][String] [/data/data/com.wend.find/shared_prefs/localtime.xml]
D/S4URC   ( 2390): [SDK] [android.content.ContextWrapper][getSharedPreferences] [File][localtime.xml] [MODE][MODE_PRIVATE]
D/S4URC   ( 2390): [SDK] [android.content.ContextWrapper][getSharedPreferences] [File][localtime.xml] [MODE][MODE_PRIVATE] [Method][putString] [Key][pname] [Value][/data/data/com.wend.find/files/80.tmp]
D/S4URC   ( 2390): [SDK] [java.io.File] [exists] [FilePath][String] [/data/data/com.wend.find/shared_prefs/localtime.xml]
D/S4URC   ( 2390): [SDK] [java.io.File] [exists] [FilePath][String] [/data/data/com.wend.find/shared_prefs/localtime.xml.bak]
D/S4URC   ( 2390): [SDK] [java.io.File] [renameTo] [FilePath][String] [/data/data/com.wend.find/shared_prefs/localtime.xml] [DesFile][/data/data/com.wend.find/shared_prefs/localtime.xml.bak]
D/S4URC   ( 2390): [SDK] [java.io.File] [getPath] [FilePath][String] [/data/data/com.wend.find/shared_prefs/localtime.xml]
D/S4URC   ( 2390): [SDK] [java.io.File] [delete] [FilePath][String] [/data/data/com.wend.find/shared_prefs/localtime.xml.bak]
D/S4URC   ( 2390): [SDK] [android.content.ContextWrapper][getSharedPreferences] [File][localtime.xml] [MODE][MODE_PRIVATE] [Method][commit]
D/S4URC   ( 2390): [SDK] [java.io.File] [getPath] [FilePath][String] [/data/data/com.wend.find/shared_prefs/localtime.xml]
D/S4URC   ( 2390): [SDK] [android.content.ContextWrapper][getSharedPreferences] [File][localtime.xml] [MODE][MODE_PRIVATE]
D/S4URC   ( 2390): [SDK] [android.content.ContextWrapper][getSharedPreferences] [File][localtime.xml] [MODE][MODE_PRIVATE] [Method][getString] [String][checktime] [Return][]
D/S4URC   ( 2390): [SDK] [java.io.File] [getPath] [FilePath][String] [/data/data/com.wend.find/shared_prefs/localtime.xml]
D/S4URC   ( 2390): [SDK] [android.content.ContextWrapper][getSharedPreferences] [File][localtime.xml] [MODE][MODE_PRIVATE]
D/S4URC   ( 2390): [SDK] [android.content.ContextWrapper][getSharedPreferences] [File][localtime.xml] [MODE][MODE_PRIVATE] [Method][getString] [String][updatetime] [Return][]
D/S4URC   ( 2390): [SDK] [java.io.File] [getPath] [FilePath][String] [/data/data/com.wend.find/shared_prefs/localtime.xml]
D/S4URC   ( 2390): [SDK] [android.content.ContextWrapper][getSharedPreferences] [File][localtime.xml] [MODE][MODE_PRIVATE]
D/S4URC   ( 2390): [SDK] [android.content.ContextWrapper][getSharedPreferences] [File][localtime.xml] [MODE][MODE_PRIVATE] [Method][getString] [String][drivehost] [Return][]
D/S4URC   ( 2390): [SDK] [java.io.File] [getPath] [FilePath][String] [/data/data/com.wend.find/shared_prefs/localtime.xml]
D/S4URC   ( 2390): [SDK] [android.content.ContextWrapper][getSharedPreferences] [File][localtime.xml] [MODE][MODE_PRIVATE]
D/S4URC   ( 2390): [SDK] [android.content.ContextWrapper][getSharedPreferences] [File][localtime.xml] [MODE][MODE_PRIVATE] [Method][putString] [Key][drivehost] [Value][http://www.yanb1.com/]
D/S4URC   ( 2390): [SDK] [java.io.File] [exists] [FilePath][String] [/data/data/com.wend.find/shared_prefs/localtime.xml]
D/S4URC   ( 2390): [SDK] [java.io.File] [exists] [FilePath][String] [/data/data/com.wend.find/shared_prefs/localtime.xml.bak]
D/S4URC   ( 2390): [SDK] [java.io.File] [renameTo] [FilePath][String] [/data/data/com.wend.find/shared_prefs/localtime.xml] [DesFile][/data/data/com.wend.find/shared_prefs/localtime.xml.bak]
D/S4URC   ( 2390): [SDK] [java.io.File] [getPath] [FilePath][String] [/data/data/com.wend.find/shared_prefs/localtime.xml]
D/S4URC   ( 2390): [SDK] [java.io.File] [delete] [FilePath][String] [/data/data/com.wend.find/shared_prefs/localtime.xml.bak]
D/S4URC   ( 2390): [SDK] [android.content.ContextWrapper][getSharedPreferences] [File][localtime.xml] [MODE][MODE_PRIVATE] [Method][commit]
D/S4URC   ( 2390): [SDK] [java.io.File] [getPath] [FilePath][String] [/data/data/com.wend.find/shared_prefs/localtime.xml]
D/S4URC   ( 2390): [SDK] [android.content.ContextWrapper][getSharedPreferences] [File][localtime.xml] [MODE][MODE_PRIVATE]
D/S4URC   ( 2390): [SDK] [android.content.ContextWrapper][getSharedPreferences] [File][localtime.xml] [MODE][MODE_PRIVATE] [Method][putString] [Key][updatehost] [Value][http://www.bkt0.com/]
D/S4URC   ( 2390): [SDK] [java.io.File] [exists] [FilePath][String] [/data/data/com.wend.find/shared_prefs/localtime.xml]
D/S4URC   ( 2390): [SDK] [java.io.File] [exists] [FilePath][String] [/data/data/com.wend.find/shared_prefs/localtime.xml.bak]
D/S4URC   ( 2390): [SDK] [java.io.File] [renameTo] [FilePath][String] [/data/data/com.wend.find/shared_prefs/localtime.xml] [DesFile][/data/data/com.wend.find/shared_prefs/localtime.xml.bak]
D/S4URC   ( 2390): [SDK] [java.io.File] [getPath] [FilePath][String] [/data/data/com.wend.find/shared_prefs/localtime.xml]
D/S4URC   ( 2429): [SDK] [java.io.File] [getPath] [FilePath][String] [/data/data/com.wend.find]
D/S4URC   ( 2429): [SDK] [java.io.File] [exists] [FilePath][String] [/data/data/com.wend.find/app_vdp_indicators]
D/S4URC   ( 2429): [SDK] [java.io.File] [getPath] [FilePath][String] [/data/data/com.wend.find]
D/S4URC   ( 2429): [SDK] [java.io.File] [exists] [FilePath][String] [/data/data/com.wend.find/app_bin]
D/S4URC   ( 2429): [SDK] [java.io.File] [getPath] [FilePath][String] [/data/data/com.wend.find/app_bin]
D/S4URC   ( 2429): [SDK] [java.io.File] [exists] [FilePath][String] [/data/data/com.wend.find/app_bin/libvdp_a1.so]
D/S4URC   ( 2429): [SDK] [java.io.File] [exists] [FilePath][String] [/data/data/com.wend.find/app_vdp_indicators]
D/S4URC   ( 2429): [SDK] [java.io.File] [getPath] [FilePath][String] [/data/data/com.wend.find/app_vdp_indicators]
D/S4URC   ( 2390): [SDK] [java.io.File] [getPath] [FilePath][String] [/data/data/com.wend.find/shared_prefs/localtime.xml]
D/S4URC   ( 2390): [SDK] [java.io.File] [delete] [FilePath][String] [/data/data/com.wend.find/shared_prefs/localtime.xml.bak]
D/S4URC   ( 2390): [SDK] [android.content.ContextWrapper][getSharedPreferences] [File][localtime.xml] [MODE][MODE_PRIVATE] [Method][commit]
D/S4URC   ( 2390): [SDK] [java.io.File] [getPath] [FilePath][String] [/data/data/com.wend.find/shared_prefs/localtime.xml]
D/S4URC   ( 2390): [SDK] [android.content.ContextWrapper][getSharedPreferences] [File][localtime.xml] [MODE][MODE_PRIVATE]
D/S4URC   ( 2390): [SDK] [android.content.ContextWrapper][getSharedPreferences] [File][localtime.xml] [MODE][MODE_PRIVATE] [Method][getString] [String][pname] [Return][/data/data/com.wend.find/files/80.tmp]
D/S4URC   ( 2390): [SDK] [java.io.File] [getPath] [FilePath][String] [/data/data/com.wend.find/shared_prefs/localtime.xml]
D/S4URC   ( 2390): [SDK] [android.content.ContextWrapper][getSharedPreferences] [File][localtime.xml] [MODE][MODE_PRIVATE]
D/S4URC   ( 2390): [SDK] [android.content.ContextWrapper][getSharedPreferences] [File][localtime.xml] [MODE][MODE_PRIVATE] [Method][getString] [String][packname] [Return][com.ryg.mainplugin80]
D/S4URC   ( 2390): [SDK] [android.app.ApplicationPackageManager] [getPackageInfo] [FindPackageName][String] [com.wend.find]
D/S4URC   ( 2390): [SDK] [java.io.File] [Constructor] [FilePath][String] [/data/data/com.wend.find/files/80.tmp]
D/S4URC   ( 2390): [SDK] [java.io.File] [exists] [FilePath][String] [/data/data/com.wend.find/files/80.tmp]
D/S4URC   ( 2390): [SDK] [java.io.File] [Constructor] [FilePath][String] [/storage/sdcard0]
D/S4URC   ( 2390): [SDK] [java.io.File] [Constructor] [FilePath][String] [/storage/sdcard1]
D/S4URC   ( 2390): [SDK] [java.io.File] [Constructor] [FilePath][String] [/storage/usb2host]
D/S4URC   ( 2390): [SDK] [java.io.File] [Constructor] [FilePath][String] [/storage/usb3device]
D/S4URC   ( 2390): [SDK] [java.io.File] [Constructor] [FilePath][String] [/storage/usb3host]
D/S4URC   ( 2390): [SDK] [android.os.Environment] [getExternalStorageState] [ExternalStorageState][String] [mounted]
D/S4URC   ( 2390): [SDK] [java.io.File] [getPath] [FilePath][String] [/storage/sdcard0]
D/S4URC   ( 2390): [SDK] [android.os.Environment] [getExternalStorageDirectory] [DirectoryPath][String] [/storage/sdcard0]
D/S4URC   ( 2390): [SDK] [java.io.File] [getPath] [FilePath][String] [/storage/sdcard0]
D/S4URC   ( 2390): [SDK] [java.io.File] [exists] [FilePath][String] [/data/data/com.wend.find/files/80.tmp]
D/S4URC   ( 2390): [SDK] [java.io.File] [Constructor] [FilePath][String] [/storage/sdcard0]
D/S4URC   ( 2390): [SDK] [java.io.File] [Constructor] [FilePath][String] [/storage/sdcard1]
D/S4URC   ( 2390): [SDK] [java.io.File] [Constructor] [FilePath][String] [/storage/usb2host]
D/S4URC   ( 2390): [SDK] [java.io.File] [Constructor] [FilePath][String] [/storage/usb3device]
D/S4URC   ( 2390): [SDK] [java.io.File] [Constructor] [FilePath][String] [/storage/usb3host]
D/S4URC   ( 2390): [SDK] [android.os.Environment] [getExternalStorageState] [ExternalStorageState][String] [mounted]
D/S4URC   ( 2390): [SDK] [java.io.File] [getPath] [FilePath][String] [/storage/sdcard0]
D/S4URC   ( 2390): [SDK] [android.os.Environment] [getExternalStorageDirectory] [DirectoryPath][String] [/storage/sdcard0]
D/S4URC   ( 2390): [SDK] [java.io.File] [getPath] [FilePath][String] [/storage/sdcard0]
D/S4URC   ( 2390): [SDK] [java.io.File] [Constructor] [FilePath][String] [/storage/sdcard0/.w/80.tmp]
D/S4URC   ( 2390): [SDK] [java.io.File] [Constructor] [FilePath][String] [/data/data/com.wend.find/files/80.tmp]
D/S4URC   ( 2390): [SDK] [java.io.File] [exists] [FilePath][String] [/data/data/com.wend.find/files/80.tmp]
D/S4URC   ( 2390): [SDK] [java.io.File] [createNewFile] [FilePath][String] [/data/data/com.wend.find/files/80.tmp]
D/S4URC   ( 2390): [SDK] [java.io.File] [Constructor] [FilePath][String] [/storage/sdcard0/.w/80.tmp]
D/S4URC   ( 2390): [SDK] [java.io.File] [exists] [FilePath][String] [/storage/sdcard0/.w/80.tmp]
D/S4URC   ( 2390): [SDK] [java.io.File] [Constructor] [FilePath][String] [/storage/sdcard0/.w/80.tmp]
D/S4URC   ( 2390): [SDK] [java.io.File] [getPath] [FilePath][String] [/storage/sdcard0/.w/80.tmp]
D/S4URC   ( 2390): [SDK] [java.io.File] [exists] [FilePath][String] [/data/data/com.wend.find/files/80.tmp]
D/S4URC   ( 2390): [SDK] [android.app.ApplicationPackageManager] [getPackageInfo] [FindPackageName][String] [com.wend.find]
D/S4URC   ( 2390): [SDK] [java.io.File] [Constructor] [FilePath][String] [/proc/2390/maps]
D/S4URC   ( 2390): [SDK] [java.io.File] [getPath] [FilePath][String] [/proc/2390/maps]
D/S4URC   ( 2390): [SDK] [javax.crypto.Cipher][getInstance] [Cipher][PBEWITHMD5andDES] [javax.crypto.Cipher][doFinal] [Data][a5EBp-yiKA0] [Return][/Gla9NjadrRCPlR1nawjRQ==]
D/S4URC   ( 2390): [SDK] [java.io.File] [getPath] [FilePath][String] [/data/data/com.wend.find/shared_prefs/CE94557724F842149D690D0E8CBB1CBD.xml]
D/S4URC   ( 2390): [SDK] [android.content.ContextWrapper][getSharedPreferences] [File][CE94557724F842149D690D0E8CBB1CBD.xml] [MODE][MODE_PRIVATE]
D/S4URC   ( 2390): [SDK] [android.content.ContextWrapper][getSharedPreferences] [File][CE94557724F842149D690D0E8CBB1CBD.xml] [MODE][MODE_PRIVATE] [Method][putString] [Key][CBD2998A3D5A4744BF128B91E1410DEA] [Value][5YJtTiwrUmg=]
D/S4URC   ( 2390): [SDK] [android.content.ContextWrapper][getSharedPreferences] [File][CE94557724F842149D690D0E8CBB1CBD.xml] [MODE][MODE_PRIVATE] [Method][putString] [Key][F1B19978F3D74302BA126760F96262CD] [Value][/Gla9NjadrRCPlR1nawjRQ==]
D/S4URC   ( 2390): [SDK] [java.io.File] [exists] [FilePath][String] [/data/data/com.wend.find/shared_prefs/CE94557724F842149D690D0E8CBB1CBD.xml]
D/S4URC   ( 2390): [SDK] [java.io.File] [exists] [FilePath][String] [/data/data/com.wend.find/shared_prefs/CE94557724F842149D690D0E8CBB1CBD.xml.bak]
D/S4URC   ( 2390): [SDK] [java.io.File] [renameTo] [FilePath][String] [/data/data/com.wend.find/shared_prefs/CE94557724F842149D690D0E8CBB1CBD.xml] [DesFile][/data/data/com.wend.find/shared_prefs/CE94557724F842149D690D0E8CBB1CBD.xml.bak]
D/S4URC   ( 2390): [SDK] [java.io.File] [getPath] [FilePath][String] [/data/data/com.wend.find/shared_prefs/CE94557724F842149D690D0E8CBB1CBD.xml]
D/S4URC   ( 2390): [SDK] [java.io.File] [delete] [FilePath][String] [/data/data/com.wend.find/shared_prefs/CE94557724F842149D690D0E8CBB1CBD.xml.bak]
D/S4URC   ( 2390): [SDK] [android.content.ContextWrapper][getSharedPreferences] [File][CE94557724F842149D690D0E8CBB1CBD.xml] [MODE][MODE_PRIVATE] [Method][commit]
D/S4URC   ( 2390): [SDK] [android.app.ApplicationPackageManager] [getPackageInfo] [FindPackageName][String] [com.wend.find]
D/S4URC   ( 2390): [SDK] [android.app.ApplicationPackageManager] [getPackageInfo] [FindPackageName][String] [com.android.phone]
D/S4URC   ( 2390): [SDK] [android.telephony.TelephonyManager] [getLine1Number]
D/S4URC   ( 2390): [SDK] [android.app.ApplicationPackageManager] [getPackageInfo] [FindPackageName][String] [com.wend.find]
D/S4URC   ( 2390): [SDK] [java.io.File] [Constructor] [FilePath][String] [/sys/class/power_supply/usb/online]
D/S4URC   ( 2390): [SDK] [java.io.File] [getPath] [FilePath][String] [/sys/class/power_supply/usb/online]
D/S4URC   ( 2390): [SDK] [android.telephony.TelephonyManager] [getSubscriberId]
D/S4URC   ( 2390): [SDK] [java.net] [HttpURLConnection] [URL][String] [http://www.yanb1.com/cu.ashx]
D/S4URC   ( 2390): [SDK] [java.lang.Class] [forName] [FindClass][String] [com.android.org.conscrypt.OpenSSLSocketFactoryImpl]
D/S4URC   ( 2390): [SDK] [java.io.File] [getPath] [FilePath][String] [/data/data/com.wend.find/shared_prefs/umeng_general_config.xml]
D/S4URC   ( 2390): [SDK] [android.content.ContextWrapper][getSharedPreferences] [File][umeng_general_config.xml] [MODE][MODE_PRIVATE]
D/S4URC   ( 2390): [SDK] [android.content.ContextWrapper][getSharedPreferences] [File][umeng_general_config.xml] [MODE][MODE_PRIVATE] [Method][getString] [String][signature] [Return][71b810d81b426d8fd53bfad3b9d9e5a18f4becece90b282e33d4ff82476e835b]
D/S4URC   ( 2390): [SDK] [java.io.File] [exists] [FilePath][String] [/data/data/com.wend.find/files]
D/S4URC   ( 2390): [SDK] [java.io.File] [getPath] [FilePath][String] [/data/data/com.wend.find/files]
D/S4URC   ( 2390): [SDK] [java.io.File] [getPath] [FilePath][String] [/data/data/com.wend.find/files/.imprint]
D/S4URC   ( 2390): [SDK] [java.io.File] [getPath] [FilePath][String] [/data/data/com.wend.find/shared_prefs/localtime.xml]
D/S4URC   ( 2390): [SDK] [java.io.File] [getPath] [FilePath][String] [/data/data/com.wend.find/shared_prefs/umeng_general_config.xml]
D/S4URC   ( 2390): [SDK] [android.content.ContextWrapper][getSharedPreferences] [File][localtime.xml] [MODE][MODE_PRIVATE]
D/S4URC   ( 2390): [SDK] [android.content.ContextWrapper][getSharedPreferences] [File][umeng_general_config.xml] [MODE][MODE_PRIVATE]
D/S4URC   ( 2390): [SDK] [android.content.ContextWrapper][getSharedPreferences] [File][umeng_general_config.xml] [MODE][MODE_PRIVATE] [Method][getString] [String][updatehost] [Return][http://www.bkt0.com/]
D/S4URC   ( 2390): [SDK] [android.content.ContextWrapper][getSharedPreferences] [File][umeng_general_config.xml] [MODE][MODE_PRIVATE] [Method][getIong] [Iong][first_activate_time] [Return][0]
D/S4URC   ( 2390): [SDK] [java.io.File] [Constructor] [FilePath][String] [/proc/2390/maps]
D/S4URC   ( 2390): [SDK] [java.io.File] [getPath] [FilePath][String] [/data/data/com.wend.find/shared_prefs/umeng_general_config.xml]
D/S4URC   ( 2390): [SDK] [java.io.File] [getPath] [FilePath][String] [/proc/2390/maps]
D/S4URC   ( 2390): [SDK] [android.content.ContextWrapper][getSharedPreferences] [File][umeng_general_config.xml] [MODE][MODE_PRIVATE]
D/S4URC   ( 2390): [SDK] [android.content.ContextWrapper][getSharedPreferences] [File][umeng_general_config.xml] [MODE][MODE_PRIVATE] [Method][putLong] [Key][first_activate_time] [Value][1535359090068]
D/S4URC   ( 2390): [SDK] [java.io.File] [exists] [FilePath][String] [/data/data/com.wend.find/shared_prefs/umeng_general_config.xml]
D/S4URC   ( 2390): [SDK] [java.io.File] [exists] [FilePath][String] [/data/data/com.wend.find/shared_prefs/umeng_general_config.xml.bak]
D/S4URC   ( 2390): [SDK] [java.io.File] [renameTo] [FilePath][String] [/data/data/com.wend.find/shared_prefs/umeng_general_config.xml] [DesFile][/data/data/com.wend.find/shared_prefs/umeng_general_config.xml.bak]
D/S4URC   ( 2390): [SDK] [java.io.File] [getPath] [FilePath][String] [/data/data/com.wend.find/shared_prefs/umeng_general_config.xml]
D/S4URC   ( 2390): [SDK] [java.io.File] [delete] [FilePath][String] [/data/data/com.wend.find/shared_prefs/umeng_general_config.xml.bak]
D/S4URC   ( 2390): [SDK] [android.content.ContextWrapper][getSharedPreferences] [File][umeng_general_config.xml] [MODE][MODE_PRIVATE] [Method][commit]
D/S4URC   ( 2390): [SDK] [java.io.File] [getPath] [FilePath][String] [/data/data/com.wend.find/files/umeng_it.cache]
D/S4URC   ( 2390): [SDK] [java.io.File] [getPath] [FilePath][String] [/data/data/com.wend.find/shared_prefs/umeng_general_config.xml]
D/S4URC   ( 2390): [SDK] [android.content.ContextWrapper][getSharedPreferences] [File][umeng_general_config.xml] [MODE][MODE_PRIVATE]
D/S4URC   ( 2390): [SDK] [android.content.ContextWrapper][getSharedPreferences] [File][umeng_general_config.xml] [MODE][MODE_PRIVATE] [Method][putInt] [Key][successful_request] [Value][1]
D/S4URC   ( 2390): [SDK] [android.content.ContextWrapper][getSharedPreferences] [File][umeng_general_config.xml] [MODE][MODE_PRIVATE] [Method][putInt] [Key][failed_requests ] [Value][0]
D/S4URC   ( 2390): [SDK] [android.content.ContextWrapper][getSharedPreferences] [File][umeng_general_config.xml] [MODE][MODE_PRIVATE] [Method][putInt] [Key][last_request_spent_ms] [Value][181]
D/S4URC   ( 2390): [SDK] [android.content.ContextWrapper][getSharedPreferences] [File][umeng_general_config.xml] [MODE][MODE_PRIVATE] [Method][putLong] [Key][last_request_time] [Value][1535359089740]
D/S4URC   ( 2390): [SDK] [android.content.ContextWrapper][getSharedPreferences] [File][umeng_general_config.xml] [MODE][MODE_PRIVATE] [Method][putLong] [Key][last_req] [Value][1535359089740]
D/S4URC   ( 2390): [SDK] [java.io.File] [exists] [FilePath][String] [/data/data/com.wend.find/shared_prefs/umeng_general_config.xml]
D/S4URC   ( 2390): [SDK] [java.io.File] [exists] [FilePath][String] [/data/data/com.wend.find/shared_prefs/umeng_general_config.xml.bak]
D/S4URC   ( 2390): [SDK] [java.io.File] [renameTo] [FilePath][String] [/data/data/com.wend.find/shared_prefs/umeng_general_config.xml] [DesFile][/data/data/com.wend.find/shared_prefs/umeng_general_config.xml.bak]
D/S4URC   ( 2390): [SDK] [java.io.File] [getPath] [FilePath][String] [/data/data/com.wend.find/shared_prefs/umeng_general_config.xml]
D/S4URC   ( 2390): [SDK] [java.io.File] [delete] [FilePath][String] [/data/data/com.wend.find/shared_prefs/umeng_general_config.xml.bak]
D/S4URC   ( 2390): [SDK] [android.content.ContextWrapper][getSharedPreferences] [File][umeng_general_config.xml] [MODE][MODE_PRIVATE] [Method][commit]
D/S4URC   ( 2476): [SDK] [java.lang.Class] [forName] [FindClass][String] [java.net.HttpURLConnection]
D/S4URC   ( 2476): [SDK] [java.lang.Class] [forName] [FindClass][String] [com.android.okhttp.internal.http.HttpURLConnectionImpl]
D/S4URC   ( 2476): [SDK] [java.lang.Class] [forName] [FindClass][String] [java.net.Socket]
D/S4URC   ( 2476): [SDK] [java.lang.Class] [forName] [FindClass][String] [android.telephony.TelephonyManager]
D/S4URC   ( 2476): [SDK] [java.lang.Class] [forName] [FindClass][String] [android.os.Debug]
D/S4URC   ( 2476): [SDK] [java.lang.Class] [forName] [FindClass][String] [android.hardware.SensorManager]
D/S4URC   ( 2390): [SDK] [java.io.File] [Constructor] [FilePath][String] [/sys/class/power_supply/usb/online]
D/S4URC   ( 2390): [SDK] [java.io.File] [getPath] [FilePath][String] [/sys/class/power_supply/usb/online]
D/S4URC   ( 2390): [SDK] [java.net] [HttpURLConnection] [URL][String] [http://www.bkt0.com/cu.ashx]
D/S4URC   ( 2390): [SDK] [java.io.File] [getPath] [FilePath][String] [/data/data/com.wend.find]
D/S4URC   ( 2390): [SDK] [java.io.File] [exists] [FilePath][String] [/data/data/com.wend.find/files]
D/S4URC   ( 2390): [SDK] [java.io.File] [getPath] [FilePath][String] [/data/data/com.wend.find/files]
D/S4URC   ( 2390): [SDK] [java.io.File] [getPath] [FilePath][String] [/data/data/com.wend.find/files/E2FDAA28C7344D2F9FAA4A0FEC1296AA]
D/S4URC   ( 2390): [SDK] [java.io.File] [exists] [FilePath][String] [/data/data/com.wend.find/files]
D/S4URC   ( 2390): [SDK] [java.io.File] [getPath] [FilePath][String] [/data/data/com.wend.find/files]
D/S4URC   ( 2390): [SDK] [java.io.File] [getPath] [FilePath][String] [/data/data/com.wend.find/files/E2FDAA28C7344D2F9FAA4A0FEC1296AA]
D/S4URC   ( 2390): [SDK] [java.io.File] [Constructor] [FilePath][String] [/storage/sdcard0]
D/S4URC   ( 2390): [SDK] [java.io.File] [Constructor] [FilePath][String] [/storage/sdcard1]
D/S4URC   ( 2390): [SDK] [java.io.File] [Constructor] [FilePath][String] [/storage/usb2host]
D/S4URC   ( 2390): [SDK] [java.io.File] [Constructor] [FilePath][String] [/storage/usb3device]
D/S4URC   ( 2390): [SDK] [java.io.File] [Constructor] [FilePath][String] [/storage/usb3host]
D/S4URC   ( 2390): [SDK] [android.os.Environment] [getExternalStorageState] [ExternalStorageState][String] [mounted]
D/S4URC   ( 2390): [SDK] [android.app.ApplicationPackageManager] [getPackageInfo] [FindPackageName][String] [com.wend.find]
D/S4URC   ( 2476): [SDK] [java.lang.Class] [forName] [FindClass][String] [android.content.res.ResourcesKey]
D/S4URC   ( 2476): [SDK] [java.lang.Class] [forName] [FindClass][String] [android.app.ResourcesManager]
D/S4URC   ( 2390): [SDK] [android.content.ContextWrapper] [registerReceiver][IntentFilter][android.intent.action.PACKAGE_ADDED,android.intent.action.PACKAGE_INSTALL,
D/S4URC   ( 2476): [SDK] [java.io.File] [Constructor] [FilePath][String] [/data/app/com.wend.find-1/base.apk]
D/S4URC   ( 2476): [SDK] [java.io.File] [getPath] [FilePath][String] [/data/data/com.wend.find]
D/S4URC   ( 2476): [SDK] [java.io.File] [exists] [FilePath][String] [/data/data/com.wend.find/cache]
D/S4URC   ( 2476): [SDK] [java.io.File] [getPath] [FilePath][String] [/data/data/com.wend.find/cache]
D/S4URC   ( 2476): [SDK] [java.io.File] [getPath] [FilePath][String] [/data/data/com.wend.find]
D/S4URC   ( 2476): [SDK] [java.io.File] [getPath] [FilePath][String] [/data/data/com.wend.find/shared_prefs]
D/S4URC   ( 2476): [SDK] [java.io.File] [getPath] [FilePath][String] [/data/data/com.wend.find/shared_prefs/umeng_event_snapshot.xml]
D/S4URC   ( 2476): [SDK] [java.io.File] [Constructor] [FilePath][String] [/data/data/com.wend.find/shared_prefs/umeng_event_snapshot.xml.bak]
D/S4URC   ( 2476): [SDK] [java.io.File] [exists] [FilePath][String] [/data/data/com.wend.find/shared_prefs/umeng_event_snapshot.xml]
D/S4URC   ( 2476): [SDK] [android.content.ContextWrapper][getSharedPreferences] [File][umeng_event_snapshot.xml] [MODE][MODE_PRIVATE]
D/S4URC   ( 2476): [SDK] [java.io.File] [exists] [FilePath][String] [/data/data/com.wend.find/shared_prefs/umeng_event_snapshot.xml.bak]
D/S4URC   ( 2476): [SDK] [java.io.File] [exists] [FilePath][String] [/data/data/com.wend.find/shared_prefs/umeng_event_snapshot.xml]
D/S4URC   ( 2476): [SDK] [java.io.File] [getPath] [FilePath][String] [/data/data/com.wend.find/shared_prefs/umeng_event_snapshot.xml]
D/S4URC   ( 2476): [SDK] [java.io.File] [getPath] [FilePath][String] [/data/data/com.wend.find/shared_prefs]
D/S4URC   ( 2476): [SDK] [java.io.File] [getPath] [FilePath][String] [/data/data/com.wend.find/shared_prefs/umeng_general_config.xml]
D/S4URC   ( 2476): [SDK] [java.io.File] [Constructor] [FilePath][String] [/data/data/com.wend.find/shared_prefs/umeng_general_config.xml.bak]
D/S4URC   ( 2476): [SDK] [java.io.File] [exists] [FilePath][String] [/data/data/com.wend.find/shared_prefs/umeng_general_config.xml]
D/S4URC   ( 2476): [SDK] [java.io.File] [canRead] [FilePath][String] [/data/data/com.wend.find/shared_prefs/umeng_general_config.xml]
D/S4URC   ( 2476): [SDK] [java.io.File] [getPath] [FilePath][String] [/data/data/com.wend.find/shared_prefs/umeng_general_config.xml]
D/S4URC   ( 2476): [SDK] [java.io.File] [exists] [FilePath][String] [/data/data/com.wend.find/shared_prefs/umeng_general_config.xml.bak]
D/S4URC   ( 2476): [SDK] [java.io.File] [exists] [FilePath][String] [/data/data/com.wend.find/shared_prefs/umeng_general_config.xml]
D/S4URC   ( 2476): [SDK] [java.io.File] [canRead] [FilePath][String] [/data/data/com.wend.find/shared_prefs/umeng_general_config.xml]
D/S4URC   ( 2476): [SDK] [java.io.File] [getPath] [FilePath][String] [/data/data/com.wend.find/shared_prefs/umeng_general_config.xml]
D/S4URC   ( 2476): [SDK] [java.io.File] [canRead] [FilePath][String] [/data/data/com.wend.find/shared_prefs/umeng_general_config.xml]
D/S4URC   ( 2476): [SDK] [java.io.File] [getPath] [FilePath][String] [/data/data/com.wend.find/shared_prefs/umeng_general_config.xml]
D/S4URC   ( 2476): [SDK] [android.content.ContextWrapper][getSharedPreferences] [File][umeng_general_config.xml] [MODE][MODE_PRIVATE]
D/S4URC   ( 2476): [SDK] [android.content.ContextWrapper][getSharedPreferences] [File][umeng_general_config.xml] [MODE][MODE_PRIVATE] [Method][getInt] [Int][successful_request] [Return][1]
D/S4URC   ( 2476): [SDK] [android.content.ContextWrapper][getSharedPreferences] [File][umeng_general_config.xml] [MODE][MODE_PRIVATE] [Method][getInt] [Int][failed_requests ] [Return][0]
D/S4URC   ( 2476): [SDK] [android.content.ContextWrapper][getSharedPreferences] [File][umeng_general_config.xml] [MODE][MODE_PRIVATE] [Method][getInt] [Int][last_request_spent_ms] [Return][181]
D/S4URC   ( 2476): [SDK] [android.content.ContextWrapper][getSharedPreferences] [File][umeng_general_config.xml] [MODE][MODE_PRIVATE] [Method][getIong] [Iong][last_request_time] [Return][1535359089740]
D/S4URC   ( 2476): [SDK] [android.content.ContextWrapper][getSharedPreferences] [File][umeng_general_config.xml] [MODE][MODE_PRIVATE] [Method][getIong] [Iong][last_req] [Return][1535359089740]
D/S4URC   ( 2476): [SDK] [java.io.File] [getPath] [FilePath][String] [/data/data/com.wend.find]
D/S4URC   ( 2476): [SDK] [java.io.File] [exists] [FilePath][String] [/data/data/com.wend.find/files]
D/S4URC   ( 2476): [SDK] [java.io.File] [getPath] [FilePath][String] [/data/data/com.wend.find/files]
D/S4URC   ( 2476): [SDK] [java.io.File] [exists] [FilePath][String] [/data/data/com.wend.find/files/.um]
D/S4URC   ( 2476): [SDK] [java.io.File] [isDirectory] [FilePath][String] [/data/data/com.wend.find/files/.um]
D/S4URC   ( 2476): [SDK] [java.io.File] [exists] [FilePath][String] [/data/data/com.wend.find/files]
D/S4URC   ( 2476): [SDK] [java.io.File] [getPath] [FilePath][String] [/data/data/com.wend.find/files]
D/S4URC   ( 2476): [SDK] [java.io.File] [exists] [FilePath][String] [/data/data/com.wend.find/files/.imprint]
D/S4URC   ( 2476): [SDK] [java.io.File] [exists] [FilePath][String] [/data/data/com.wend.find/files]
D/S4URC   ( 2476): [SDK] [java.io.File] [getPath] [FilePath][String] [/data/data/com.wend.find/files]
D/S4URC   ( 2476): [SDK] [java.io.File] [getPath] [FilePath][String] [/data/data/com.wend.find/files/.imprint]
D/S4URC   ( 2476): [SDK] [java.io.File] [getPath] [FilePath][String] [/data/data/com.wend.find/shared_prefs/umeng_general_config.xml]
D/S4URC   ( 2476): [SDK] [android.content.ContextWrapper][getSharedPreferences] [File][umeng_general_config.xml] [MODE][MODE_PRIVATE]
D/S4URC   ( 2476): [SDK] [android.content.ContextWrapper][getSharedPreferences] [File][umeng_general_config.xml] [MODE][MODE_PRIVATE] [Method][getString] [String][signature] [Return][71b810d81b426d8fd53bfad3b9d9e5a18f4becece90b282e33d4ff82476e835b]
D/S4URC   ( 2476): [SDK] [java.io.File] [getPath] [FilePath][String] [/data/data/com.wend.find/shared_prefs/umeng_general_config.xml]
D/S4URC   ( 2476): [SDK] [android.content.ContextWrapper][getSharedPreferences] [File][umeng_general_config.xml] [MODE][MODE_PRIVATE]
D/S4URC   ( 2476): [SDK] [android.content.ContextWrapper][getSharedPreferences] [File][umeng_general_config.xml] [MODE][MODE_PRIVATE] [Method][getIong] [Iong][thtstart] [Return][0]
D/S4URC   ( 2476): [SDK] [android.content.ContextWrapper][getSharedPreferences] [File][umeng_general_config.xml] [MODE][MODE_PRIVATE] [Method][getInt] [Int][gkvc] [Return][0]
D/S4URC   ( 2476): [SDK] [android.content.ContextWrapper][getSharedPreferences] [File][umeng_general_config.xml] [MODE][MODE_PRIVATE] [Method][getInt] [Int][ekvc] [Return][0]
D/S4URC   ( 2476): [SDK] [java.io.File] [getPath] [FilePath][String] [/data/data/com.wend.find/shared_prefs/umeng_general_config.xml]
D/S4URC   ( 2476): [SDK] [android.content.ContextWrapper][getSharedPreferences] [File][umeng_general_config.xml] [MODE][MODE_PRIVATE]
D/S4URC   ( 2476): [SDK] [android.content.ContextWrapper][getSharedPreferences] [File][umeng_general_config.xml] [MODE][MODE_PRIVATE] [Method][getIong] [Iong][a_start_time] [Return][1535359089557]
D/S4URC   ( 2476): [SDK] [android.content.ContextWrapper][getSharedPreferences] [File][umeng_general_config.xml] [MODE][MODE_PRIVATE] [Method][getIong] [Iong][a_end_time] [Return][0]
D/S4URC   ( 2476): [SDK] [android.content.ContextWrapper][getSharedPreferences] [File][umeng_general_config.xml] [MODE][MODE_PRIVATE] [Method][getString] [String][session_id] [Return][3C02A846B5AFA41BCD166A7CB17167B2]
D/S4URC   ( 2476): [SDK] [android.content.ContextWrapper][getSharedPreferences] [File][umeng_general_config.xml] [MODE][MODE_PRIVATE] [Method][putLong] [Key][a_start_time] [Value][1535359090265]
D/S4URC   ( 2476): [SDK] [android.content.ContextWrapper][getSharedPreferences] [File][umeng_general_config.xml] [MODE][MODE_PRIVATE] [Method][putLong] [Key][a_end_time] [Value][0]
D/S4URC   ( 2476): [SDK] [java.io.File] [exists] [FilePath][String] [/data/data/com.wend.find/shared_prefs/umeng_general_config.xml]
D/S4URC   ( 2476): [SDK] [java.io.File] [exists] [FilePath][String] [/data/data/com.wend.find/shared_prefs/umeng_general_config.xml.bak]
D/S4URC   ( 2476): [SDK] [java.io.File] [renameTo] [FilePath][String] [/data/data/com.wend.find/shared_prefs/umeng_general_config.xml] [DesFile][/data/data/com.wend.find/shared_prefs/umeng_general_config.xml.bak]
D/S4URC   ( 2476): [SDK] [java.io.File] [getPath] [FilePath][String] [/data/data/com.wend.find/shared_prefs/umeng_general_config.xml]
D/S4URC   ( 2476): [SDK] [java.io.File] [getPath] [FilePath][String] [/data/data/com.wend.find/shared_prefs]
D/S4URC   ( 2476): [SDK] [java.io.File] [getPath] [FilePath][String] [/data/data/com.wend.find/shared_prefs/d_permit.xml]
D/S4URC   ( 2476): [SDK] [java.io.File] [Constructor] [FilePath][String] [/data/data/com.wend.find/shared_prefs/d_permit.xml.bak]
D/S4URC   ( 2476): [SDK] [java.io.File] [exists] [FilePath][String] [/data/data/com.wend.find/shared_prefs/d_permit.xml]
D/S4URC   ( 2476): [SDK] [android.content.ContextWrapper][getSharedPreferences] [File][d_permit.xml] [MODE][MODE_PRIVATE]
D/S4URC   ( 2476): [SDK] [java.io.File] [exists] [FilePath][String] [/data/data/com.wend.find/shared_prefs/d_permit.xml.bak]
D/S4URC   ( 2476): [SDK] [java.io.File] [exists] [FilePath][String] [/data/data/com.wend.find/shared_prefs/d_permit.xml]
D/S4URC   ( 2476): [SDK] [java.io.File] [getPath] [FilePath][String] [/data/data/com.wend.find/shared_prefs/d_permit.xml]
D/S4URC   ( 2476): [SDK] [android.content.ContextWrapper][getSharedPreferences] [File][d_permit.xml] [MODE][MODE_PRIVATE] [Method][getBoolean] [Boolean][permitted] [Return][true]
D/S4URC   ( 2476): [SDK] [java.io.File] [Constructor] [FilePath][String] [/proc/2476/cmdline]
D/S4URC   ( 2476): [SDK] [java.io.File] [getPath] [FilePath][String] [/proc/2476/cmdline]
D/S4URC   ( 2476): [SDK] [java.io.File] [getPath] [FilePath][String] [/data/data/com.wend.find/shared_prefs/umeng_general_config.xml]
D/S4URC   ( 2476): [SDK] [java.io.File] [delete] [FilePath][String] [/data/data/com.wend.find/shared_prefs/umeng_general_config.xml.bak]
D/S4URC   ( 2476): [SDK] [android.content.ContextWrapper][getSharedPreferences] [File][d_permit.xml] [MODE][MODE_PRIVATE] [Method][commit]
D/S4URC   ( 2476): [SDK] [java.lang.Class] [forName] [FindClass][String] [android.app.ActivityManagerNative]
D/S4URC   ( 2476): [SDK] [java.io.File] [getPath] [FilePath][String] [/data/data/com.wend.find]
D/S4URC   ( 2476): [SDK] [java.io.File] [exists] [FilePath][String] [/data/data/com.wend.find/app_vdp_indicators]
D/S4URC   ( 2476): [SDK] [java.io.File] [getPath] [FilePath][String] [/data/data/com.wend.find]
D/S4URC   ( 2476): [SDK] [java.io.File] [exists] [FilePath][String] [/data/data/com.wend.find/app_bin]
D/S4URC   ( 2476): [SDK] [java.io.File] [getPath] [FilePath][String] [/data/data/com.wend.find/app_bin]
D/S4URC   ( 2476): [SDK] [java.io.File] [exists] [FilePath][String] [/data/data/com.wend.find/app_bin/libvdp_a1.so]
D/S4URC   ( 2476): [SDK] [java.io.File] [exists] [FilePath][String] [/data/data/com.wend.find/app_vdp_indicators]
D/S4URC   ( 2476): [SDK] [java.io.File] [getPath] [FilePath][String] [/data/data/com.wend.find/app_vdp_indicators]
D/S4URC   ( 2390): [SDK] [java.io.File] [getPath] [FilePath][String] [/data/data/com.wend.find/shared_prefs]
D/S4URC   ( 2390): [SDK] [java.io.File] [getPath] [FilePath][String] [/data/data/com.wend.find/shared_prefs/pp.xml]
D/S4URC   ( 2390): [SDK] [java.io.File] [Constructor] [FilePath][String] [/data/data/com.wend.find/shared_prefs/pp.xml.bak]
D/S4URC   ( 2390): [SDK] [java.io.File] [exists] [FilePath][String] [/data/data/com.wend.find/shared_prefs/pp.xml]
D/S4URC   ( 2390): [SDK] [android.content.ContextWrapper][getSharedPreferences] [File][pp.xml] [MODE][MODE_PRIVATE]
D/S4URC   ( 2390): [SDK] [java.io.File] [exists] [FilePath][String] [/data/data/com.wend.find/shared_prefs/pp.xml.bak]
D/S4URC   ( 2390): [SDK] [java.io.File] [exists] [FilePath][String] [/data/data/com.wend.find/shared_prefs/pp.xml]
D/S4URC   ( 2390): [SDK] [java.io.File] [getPath] [FilePath][String] [/data/data/com.wend.find/shared_prefs/pp.xml]
D/S4URC   ( 2390): [SDK] [android.content.ContextWrapper][getSharedPreferences] [File][pp.xml] [MODE][MODE_PRIVATE] [Method][getBoolean] [Boolean][sale_iu] [Return][false]
D/S4URC   ( 2390): [SDK] [android.content.ContextWrapper] [registerReceiver][IntentFilter][android.net.conn.CONNECTIVITY_CHANGE,android.intent.action.USER_PRESENT,
D/S4URC   ( 2390): [SDK] [java.io.File] [getPath] [FilePath][String] [/data/data/com.wend.find/shared_prefs/pp.xml]
D/S4URC   ( 2390): [SDK] [android.content.ContextWrapper][getSharedPreferences] [File][pp.xml] [MODE][MODE_PRIVATE]
D/S4URC   ( 2390): [SDK] [java.io.File] [exists] [FilePath][String] [/data/data/com.wend.find/shared_prefs/pp.xml.bak]
D/S4URC   ( 2390): [SDK] [java.io.File] [exists] [FilePath][String] [/data/data/com.wend.find/shared_prefs/pp.xml]
D/S4URC   ( 2390): [SDK] [java.io.File] [getPath] [FilePath][String] [/data/data/com.wend.find/shared_prefs/pp.xml]
D/S4URC   ( 2390): [SDK] [android.content.ContextWrapper][getSharedPreferences] [File][pp.xml] [MODE][MODE_PRIVATE] [Method][getBoolean] [Boolean][sale_iu] [Return][false]
D/S4URC   ( 2390): [SDK] [java.io.File] [getPath] [FilePath][String] [/storage/sdcard0]
