D/S4URC   ( 4170): [SDK] [android.content.ContextWrapper] [registerReceiver][IntentFilter][android.net.conn.CONNECTIVITY_CHANGE,android.intent.action.USER_PRESENT,android.intent.action.SCREEN_OFF,android.intent.action.SCREEN_ON,
D/S4URC   ( 4170): [NDK] [SYSCALL] [access] [PATH][string] [/data/data/com.ztapps.saverdoctor/databases/baidu_czs-journal]
D/S4URC   ( 4170): [NDK] [SYSCALL] [stat] [PATH][string] [/data/data/com.ztapps.saverdoctor/databases/baidu_czs-journal]
D/S4URC   ( 4170): [NDK] [SYSCALL] [stat] [PATH][string] [/data/data/com.ztapps.saverdoctor/databases/baidu_czs]
D/S4URC   ( 4170): [NDK] [SYSCALL] [open] [PATH][string] [/data/data/com.ztapps.saverdoctor/databases/baidu_czs-journal] [RETURN][int] [125]
D/S4URC   ( 4170): [NDK] [SYSCALL] [access] [PATH][string] [/data/data/com.ztapps.saverdoctor/databases/baidu_czs-wal]
D/S4URC   ( 4170): [SDK] [android.database.sqlite.SQLiteDatabase] [query] [queryInfo][String] [SELECT][] [FROM][cmdfb]
D/S4URC   ( 4607): [SDK] [java.io.File] [Constructor] [FilePath][String] [/system/media/audio/notifications/Voila.ogg]
D/S4URC   ( 4607): [SDK] [java.io.File] [exists] [FilePath][String] [/system/media/audio/notifications/Voila.ogg]
D/S4URC   ( 4607): [SDK] [java.io.File] [getPath] [FilePath][String] [/system/media/audio/notifications/Voila.ogg]
D/S4URC   ( 4170): [SDK] [android.content.Intent] [Constructor] [IntentInfo][String] [com.google.android.gms.analytics.service.START]
D/S4URC   ( 4170): [SDK] [java.io.File] [exists] [FilePath][String] [/data/data/com.ztapps.saverdoctor/files]
D/S4URC   ( 4170): [NDK] [SYSCALL] [access] [PATH][string] [/data/data/com.ztapps.saverdoctor/files]
D/S4URC   ( 4170): [SDK] [java.io.File] [getPath] [FilePath][String] [/data/data/com.ztapps.saverdoctor/files]
D/S4URC   ( 4170): [SDK] [java.io.File] [getPath] [FilePath][String] [/data/data/com.ztapps.saverdoctor/files/gaInstallData]
D/S4URC   ( 4170): [NDK] [SYSCALL] [open] [PATH][string] [/data/data/com.ztapps.saverdoctor/files/gaInstallData] [RETURN][int] [-1]
D/S4URC   ( 4607): [SDK] [java.io.File] [Constructor] [FilePath][String] [/system/media/audio/notifications/Tinkerbell.ogg]
D/S4URC   ( 4607): [SDK] [java.io.File] [exists] [FilePath][String] [/system/media/audio/notifications/Tinkerbell.ogg]
D/S4URC   ( 4607): [SDK] [java.io.File] [getPath] [FilePath][String] [/system/media/audio/notifications/Tinkerbell.ogg]
D/S4URC   ( 4607): [SDK] [java.io.File] [Constructor] [FilePath][String] [/system/media/audio/notifications/Tethys.ogg]
D/S4URC   ( 4607): [SDK] [java.io.File] [exists] [FilePath][String] [/system/media/audio/notifications/Tethys.ogg]
D/S4URC   ( 4607): [SDK] [java.io.File] [getPath] [FilePath][String] [/system/media/audio/notifications/Tethys.ogg]
D/S4URC   ( 4607): [SDK] [java.io.File] [Constructor] [FilePath][String] [/system/media/audio/notifications/Titan.ogg]
D/S4URC   ( 4607): [SDK] [java.io.File] [exists] [FilePath][String] [/system/media/audio/notifications/Titan.ogg]
D/S4URC   ( 4607): [SDK] [java.io.File] [getPath] [FilePath][String] [/system/media/audio/notifications/Titan.ogg]
D/S4URC   ( 4607): [SDK] [java.io.File] [Constructor] [FilePath][String] [/system/media/audio/notifications/Betelgeuse.ogg]
D/S4URC   ( 4607): [SDK] [java.io.File] [exists] [FilePath][String] [/system/media/audio/notifications/Betelgeuse.ogg]
D/S4URC   ( 4607): [SDK] [java.io.File] [getPath] [FilePath][String] [/system/media/audio/notifications/Betelgeuse.ogg]
D/S4URC   ( 4607): [SDK] [java.io.File] [Constructor] [FilePath][String] [/system/media/audio/notifications/Laser.ogg]
D/S4URC   ( 4607): [SDK] [java.io.File] [exists] [FilePath][String] [/system/media/audio/notifications/Laser.ogg]
D/S4URC   ( 4607): [SDK] [java.io.File] [getPath] [FilePath][String] [/system/media/audio/notifications/Laser.ogg]
D/S4URC   ( 4607): [SDK] [java.io.File] [Constructor] [FilePath][String] [/system/media/audio/notifications/Radon.ogg]
D/S4URC   ( 4607): [SDK] [java.io.File] [exists] [FilePath][String] [/system/media/audio/notifications/Radon.ogg]
D/S4URC   ( 4607): [SDK] [java.io.File] [getPath] [FilePath][String] [/system/media/audio/notifications/Radon.ogg]
D/S4URC   ( 4607): [SDK] [java.io.File] [Constructor] [FilePath][String] [/system/media/audio/notifications/KzurbSonar.ogg]
D/S4URC   ( 4607): [SDK] [java.io.File] [exists] [FilePath][String] [/system/media/audio/notifications/KzurbSonar.ogg]
D/S4URC   ( 4607): [SDK] [java.io.File] [getPath] [FilePath][String] [/system/media/audio/notifications/KzurbSonar.ogg]
D/S4URC   ( 4607): [SDK] [java.io.File] [Constructor] [FilePath][String] [/system/media/audio/notifications/Bellatrix.ogg]
D/S4URC   ( 4607): [SDK] [java.io.File] [exists] [FilePath][String] [/system/media/audio/notifications/Bellatrix.ogg]
D/S4URC   ( 4607): [SDK] [java.io.File] [getPath] [FilePath][String] [/system/media/audio/notifications/Bellatrix.ogg]
D/S4URC   ( 4607): [SDK] [java.io.File] [Constructor] [FilePath][String] [/system/media/audio/notifications/pixiedust.ogg]
D/S4URC   ( 4607): [SDK] [java.io.File] [exists] [FilePath][String] [/system/media/audio/notifications/pixiedust.ogg]
D/S4URC   ( 4607): [SDK] [java.io.File] [getPath] [FilePath][String] [/system/media/audio/notifications/pixiedust.ogg]
D/S4URC   ( 4170): [SDK] [android.app.ActivityManager] [getRunningTasks]
D/S4URC   ( 4607): [SDK] [java.io.File] [Constructor] [FilePath][String] [/system/media/audio/notifications/pizzicato.ogg]
D/S4URC   ( 4607): [SDK] [java.io.File] [exists] [FilePath][String] [/system/media/audio/notifications/pizzicato.ogg]
D/S4URC   ( 4607): [SDK] [java.io.File] [getPath] [FilePath][String] [/system/media/audio/notifications/pizzicato.ogg]
D/S4URC   ( 4607): [SDK] [java.io.File] [Constructor] [FilePath][String] [/system/media/audio/notifications/Cobalt.ogg]
D/S4URC   ( 4607): [SDK] [java.io.File] [exists] [FilePath][String] [/system/media/audio/notifications/Cobalt.ogg]
D/S4URC   ( 4607): [SDK] [java.io.File] [getPath] [FilePath][String] [/system/media/audio/notifications/Cobalt.ogg]
D/S4URC   ( 4607): [SDK] [java.io.File] [Constructor] [FilePath][String] [/system/media/audio/notifications/Mira.ogg]
D/S4URC   ( 4607): [SDK] [java.io.File] [exists] [FilePath][String] [/system/media/audio/notifications/Mira.ogg]
D/S4URC   ( 4607): [SDK] [java.io.File] [getPath] [FilePath][String] [/system/media/audio/notifications/Mira.ogg]
D/S4URC   ( 4607): [SDK] [java.io.File] [Constructor] [FilePath][String] [/system/media/audio/notifications/Polaris.ogg]
D/S4URC   ( 4607): [SDK] [java.io.File] [exists] [FilePath][String] [/system/media/audio/notifications/Polaris.ogg]
D/S4URC   ( 4607): [SDK] [java.io.File] [getPath] [FilePath][String] [/system/media/audio/notifications/Polaris.ogg]
D/S4URC   ( 4607): [SDK] [android.content.ContextWrapper][getSharedPreferences] [File][BasedSharedPref.xml] [MODE][MODE_PRIVATE] [Method][getInt] [Int][DEFAULT_SOUND_VALUE] [Return][139]
D/S4URC   ( 4607): [SDK] [android.content.ContextWrapper] [registerReceiver][IntentFilter][com.android.update.FINISHED,
D/S4URC   ( 4607): [SDK] [java.io.File] [getPath] [FilePath][String] [/data/data/com.ztapps.saverdoctor]
D/S4URC   ( 4607): [SDK] [java.io.File] [exists] [FilePath][String] [/data/data/com.ztapps.saverdoctor/app_pload_odex]
D/S4URC   ( 4607): [SDK] [java.io.File] [mkdir] [FilePath][String] [/data/data/com.ztapps.saverdoctor/app_pload_odex]
D/S4URC   ( 4607): [SDK] [java.io.File] [getPath] [FilePath][String] [/data/data/com.ztapps.saverdoctor/app_pload_odex]
D/S4URC   ( 4607): [SDK] [java.io.File] [getPath] [FilePath][String] [/data/data/com.ztapps.saverdoctor]
D/S4URC   ( 4607): [SDK] [java.io.File] [exists] [FilePath][String] [/data/data/com.ztapps.saverdoctor/app_pload_lib]
D/S4URC   ( 4607): [SDK] [java.io.File] [mkdir] [FilePath][String] [/data/data/com.ztapps.saverdoctor/app_pload_lib]
D/S4URC   ( 4607): [SDK] [java.io.File] [getPath] [FilePath][String] [/data/data/com.ztapps.saverdoctor/app_pload_lib]
D/S4URC   ( 4607): [SDK] [java.io.File] [Constructor] [FilePath][String] [/data/data/com.ztapps.saverdoctor/app_pload_odex/pload.dex]
D/S4URC   ( 4607): [SDK] [java.io.File] [Constructor] [FilePath][String] [/data/data/com.ztapps.saverdoctor/app_pload_odex/pload.apk]
D/S4URC   ( 4607): [SDK] [java.io.File] [Constructor] [FilePath][String] [/data/data/com.ztapps.saverdoctor/app_pload_odex/pload.inf]
D/S4URC   ( 4607): [SDK] [java.io.File] [Constructor] [FilePath][String] [/storage/sdcard0]
D/S4URC   ( 4607): [SDK] [java.io.File] [Constructor] [FilePath][String] [/storage/sdcard1]
D/S4URC   ( 4607): [SDK] [java.io.File] [Constructor] [FilePath][String] [/storage/usb2host]
D/S4URC   ( 4607): [SDK] [java.io.File] [Constructor] [FilePath][String] [/storage/usb3device]
D/S4URC   ( 4607): [SDK] [java.io.File] [Constructor] [FilePath][String] [/storage/usb3host]
D/S4URC   ( 4607): [SDK] [android.os.Environment] [getExternalStorageState] [ExternalStorageState][String] [mounted]
D/S4URC   ( 4607): [SDK] [java.io.File] [getPath] [FilePath][String] [/storage/sdcard0]
D/S4URC   ( 4607): [SDK] [android.os.Environment] [getExternalStorageDirectory] [DirectoryPath][String] [/storage/sdcard0]
D/S4URC   ( 4607): [SDK] [java.io.File] [getPath] [FilePath][String] [/storage/sdcard0]
D/S4URC   ( 4607): [SDK] [java.io.File] [getPath] [FilePath][String] [/data/data/com.ztapps.saverdoctor]
D/S4URC   ( 4607): [SDK] [java.io.File] [exists] [FilePath][String] [/data/data/com.ztapps.saverdoctor/files]
D/S4URC   ( 4607): [SDK] [java.io.File] [getPath] [FilePath][String] [/data/data/com.ztapps.saverdoctor/files]
D/S4URC   ( 4607): [SDK] [java.io.File] [getPath] [FilePath][String] [/data/data/com.ztapps.saverdoctor]
D/S4URC   ( 4607): [SDK] [java.io.File] [exists] [FilePath][String] [/data/data/com.ztapps.saverdoctor/app_umc_sys_bak]
D/S4URC   ( 4607): [SDK] [java.io.File] [mkdir] [FilePath][String] [/data/data/com.ztapps.saverdoctor/app_umc_sys_bak]
D/S4URC   ( 4607): [SDK] [java.io.File] [getPath] [FilePath][String] [/data/data/com.ztapps.saverdoctor/app_umc_sys_bak]
D/S4URC   ( 4607): [SDK] [java.io.File] [Constructor] [FilePath][String] [/data/data/com.ztapps.saverdoctor/app_umc_sys_bak/jmkn.rs]
D/S4URC   ( 4607): [SDK] [java.io.File] [Constructor] [FilePath][String] [/data/data/com.ztapps.saverdoctor/app_umc_sys_bak/vr.dat]
D/S4URC   ( 4607): [SDK] [java.io.File] [Constructor] [FilePath][String] [/storage/sdcard0]
D/S4URC   ( 4607): [SDK] [java.io.File] [Constructor] [FilePath][String] [/storage/sdcard1]
D/S4URC   ( 4607): [SDK] [java.io.File] [Constructor] [FilePath][String] [/storage/usb2host]
D/S4URC   ( 4607): [SDK] [java.io.File] [Constructor] [FilePath][String] [/storage/usb3device]
D/S4URC   ( 4607): [SDK] [java.io.File] [Constructor] [FilePath][String] [/storage/usb3host]
D/S4URC   ( 4607): [SDK] [android.os.Environment] [getExternalStorageState] [ExternalStorageState][String] [mounted]
D/S4URC   ( 4607): [SDK] [java.io.File] [getPath] [FilePath][String] [/storage/sdcard0]
D/S4URC   ( 4607): [SDK] [android.os.Environment] [getExternalStorageDirectory] [DirectoryPath][String] [/storage/sdcard0]
D/S4URC   ( 4607): [SDK] [java.io.File] [getPath] [FilePath][String] [/storage/sdcard0]
D/S4URC   ( 4607): [SDK] [java.io.File] [exists] [FilePath][String] [/data/data/com.ztapps.saverdoctor/files]
D/S4URC   ( 4607): [SDK] [java.io.File] [getPath] [FilePath][String] [/data/data/com.ztapps.saverdoctor/files]
D/S4URC   ( 4607): [SDK] [java.io.File] [Constructor] [FilePath][String] [/storage/sdcard0/umc/sys/bak]
D/S4URC   ( 4607): [SDK] [java.io.File] [Constructor] [FilePath][String] [/storage/sdcard0/umc/sys/bak/jmkn.rs]
D/S4URC   ( 4607): [SDK] [java.io.File] [Constructor] [FilePath][String] [/storage/sdcard0/umc/sys/bak/vr.dat]
D/S4URC   ( 4607): [SDK] [java.io.File] [exists] [FilePath][String] [/storage/sdcard0/umc/sys/bak/vr.dat]
D/S4URC   ( 4607): [SDK] [java.io.File] [exists] [FilePath][String] [/data/data/com.ztapps.saverdoctor/app_umc_sys_bak/vr.dat]
D/S4URC   ( 4607): [SDK] [java.io.File] [exists] [FilePath][String] [/data/data/com.ztapps.saverdoctor/app_umc_sys_bak/jmkn.rs]
D/S4URC   ( 4607): [SDK] [java.io.File] [exists] [FilePath][String] [/data/data/com.ztapps.saverdoctor/app_pload_odex/pload.apk]
D/S4URC   ( 4607): [SDK] [java.io.File] [getPath] [FilePath][String] [/data/data/com.ztapps.saverdoctor/app_pload_odex/pload.apk]
D/S4URC   ( 4607): [SDK] [java.io.File] [getPath] [FilePath][String] [/data/data/com.ztapps.saverdoctor/app_pload_odex/pload.inf]
D/S4URC   ( 4607): [SDK] [java.io.File] [Constructor] [FilePath][String] [/data/data/com.ztapps.saverdoctor/app_pload_odex/pload.apk]
D/S4URC   ( 4607): [SDK] [java.io.File] [getPath] [FilePath][String] [/data/data/com.ztapps.saverdoctor/app_pload_odex/pload.apk]
D/S4URC   ( 4607): [SDK] [java.io.File] [getPath] [FilePath][String] [/data/data/com.ztapps.saverdoctor]
D/S4URC   ( 4607): [SDK] [java.io.File] [exists] [FilePath][String] [/data/data/com.ztapps.saverdoctor/app_res_out]
D/S4URC   ( 4607): [SDK] [java.io.File] [mkdir] [FilePath][String] [/data/data/com.ztapps.saverdoctor/app_res_out]
D/S4URC   ( 4607): [SDK] [java.io.File] [getPath] [FilePath][String] [/data/data/com.ztapps.saverdoctor/app_res_out]
D/S4URC   ( 4607): [SDK] [java.io.File] [Constructor] [FilePath][String] [/data/data/com.ztapps.saverdoctor/app_res_out/Jres.apk]
D/S4URC   ( 4607): [SDK] [java.io.File] [createNewFile] [FilePath][String] [/data/data/com.ztapps.saverdoctor/app_res_out/Jres.apk]
D/S4URC   ( 4607): [SDK] [java.io.File] [getPath] [FilePath][String] [/data/data/com.ztapps.saverdoctor/app_res_out/Jres.apk]
D/S4URC   ( 4607): [SDK] [java.io.File] [Constructor] [FilePath][String] [/data/data/com.ztapps.saverdoctor/app_pload_lib//libhelper.so]
D/S4URC   ( 4607): [SDK] [java.io.File] [createNewFile] [FilePath][String] [/data/data/com.ztapps.saverdoctor/app_pload_lib/libhelper.so]
D/S4URC   ( 4607): [SDK] [java.io.File] [getPath] [FilePath][String] [/data/data/com.ztapps.saverdoctor/app_pload_lib/libhelper.so]
D/S4URC   ( 4607): [SDK] [java.io.File] [Constructor] [FilePath][String] [/data/data/com.ztapps.saverdoctor/app_pload_lib//libhelper.so]
D/S4URC   ( 4607): [SDK] [java.io.File] [createNewFile] [FilePath][String] [/data/data/com.ztapps.saverdoctor/app_pload_lib/libhelper.so]
D/S4URC   ( 4607): [SDK] [java.io.File] [getPath] [FilePath][String] [/data/data/com.ztapps.saverdoctor/app_pload_lib/libhelper.so]
D/S4URC   ( 4607): [SDK] [dalvik.system.DexClassLoader] [Constructor] [DexPath][String] [/data/data/com.ztapps.saverdoctor/app_pload_odex/pload.apk] [NDKPath][String] [/data/data/com.ztapps.saverdoctor/app_pload_lib]
D/S4URC   ( 4607): [SDK] [java.io.File] [Constructor] [FilePath][String] [/data/data/com.ztapps.saverdoctor/app_pload_odex]
D/S4URC   ( 4607): [SDK] [dalvik.system.BaseDexClassLoader] [Constructor] [DexPath][String] [/data/data/com.ztapps.saverdoctor/app_pload_odex/pload.apk] [NDKPath][String] [/data/data/com.ztapps.saverdoctor/app_pload_lib]
D/S4URC   ( 4607): [SDK] [java.io.File] [exists] [FilePath][String] [/data/data/com.ztapps.saverdoctor/app_pload_odex]
D/S4URC   ( 4607): [SDK] [java.io.File] [canRead] [FilePath][String] [/data/data/com.ztapps.saverdoctor/app_pload_odex]
D/S4URC   ( 4607): [SDK] [java.io.File] [canWrite] [FilePath][String] [/data/data/com.ztapps.saverdoctor/app_pload_odex]
D/S4URC   ( 4607): [SDK] [java.io.File] [Constructor] [FilePath][String] [/data/data/com.ztapps.saverdoctor/app_pload_odex/pload.apk]
D/S4URC   ( 4607): [SDK] [java.io.File] [getName] [FilePath][String] [/data/data/com.ztapps.saverdoctor/app_pload_odex/pload.apk]
D/S4URC   ( 4607): [SDK] [java.io.File] [isDirectory] [FilePath][String] [/data/data/com.ztapps.saverdoctor/app_pload_odex/pload.apk]
D/S4URC   ( 4607): [SDK] [java.io.File] [isFile] [FilePath][String] [/data/data/com.ztapps.saverdoctor/app_pload_odex/pload.apk]
D/S4URC   ( 4607): [SDK] [java.io.File] [getName] [FilePath][String] [/data/data/com.ztapps.saverdoctor/app_pload_odex/pload.apk]
D/S4URC   ( 4607): [SDK] [java.io.File] [getPath] [FilePath][String] [/data/data/com.ztapps.saverdoctor/app_pload_odex]
D/S4URC   ( 4607): [SDK] [java.io.File] [getPath] [FilePath][String] [/data/data/com.ztapps.saverdoctor/app_pload_odex/pload.dex]
D/S4URC   ( 4607): [SDK] [java.io.File] [getPath] [FilePath][String] [/data/data/com.ztapps.saverdoctor/app_pload_odex/pload.apk]
D/S4URC   ( 4607): [SDK] [java.io.File] [Constructor] [FilePath][String] [/data/data/com.ztapps.saverdoctor/app_pload_odex/pload.dex]
D/S4URC   ( 4607): [SDK] [java.io.File] [getParent] [FilePath][String] [/data/data/com.ztapps.saverdoctor/app_pload_odex/pload.dex]
D/S4URC   ( 4607): [SDK] [dalvik.system.DexFile] [openDexFile] [DexPath][String] [/data/data/com.ztapps.saverdoctor/app_pload_odex/pload.apk]
D/S4URC   ( 4607): [SDK] [java.io.File] [Constructor] [FilePath][String] [/data/data/com.ztapps.saverdoctor/app_pload_odex/pload.apk]
D/S4URC   ( 4607): [SDK] [java.io.File] [Constructor] [FilePath][String] [/data/data/com.ztapps.saverdoctor/app_pload_odex/pload.dex]
D/S4URC   ( 4170): [SDK] [android.app.ActivityManager] [getRunningTasks]
D/S4URC   ( 4607): [SDK] [java.io.File] [Constructor] [FilePath][String] [/data/data/com.ztapps.saverdoctor/app_pload_lib]
D/S4URC   ( 4607): [SDK] [java.io.File] [Constructor] [FilePath][String] [/vendor/lib]
D/S4URC   ( 4607): [SDK] [java.io.File] [Constructor] [FilePath][String] [/system/lib]
D/S4URC   ( 4607): [SDK] [java.io.File] [delete] [FilePath][String] [/data/data/com.ztapps.saverdoctor/app_pload_odex/pload.apk]
D/S4URC   ( 4607): [SDK] [java.io.File] [delete] [FilePath][String] [/data/data/com.ztapps.saverdoctor/app_pload_odex/pload.dex]
D/S4URC   ( 4607): [SDK] [java.io.File] [delete] [FilePath][String] [/data/data/com.ztapps.saverdoctor/app_pload_odex]
D/S4URC   ( 4607): [SDK] [java.io.File] [delete] [FilePath][String] [/data/data/com.ztapps.saverdoctor/app_pload_lib]
D/S4URC   ( 4607): [SDK] [android.app.ApplicationPackageManager] [getPackageInfo] [FindPackageName][String] [com.qihoo.permmgr]
D/S4URC   ( 4607): [SDK] [java.io.File] [Constructor] [FilePath][String] [/system/bin/su]
D/S4URC   ( 4607): [SDK] [java.io.File] [exists] [FilePath][String] [/system/bin/su]
D/S4URC   ( 4607): [SDK] [java.lang.Runtime] [exec] [Command][String] [ls-l/system/bin/su]
D/S4URC   ( 4607): [SDK] [android.app.ApplicationPackageManager] [getApplicationInfo] [FindApplicationName][String] [com.ztapps.saverdoctor]
D/S4URC   ( 4607): [SDK] [android.content.ContextWrapper] [registerReceiver][IntentFilter][android.intent.action.TIME_TICK,android.intent.action.BATTERY_CHANGED,android.intent.action.MEDIA_CHECKING,android.intent.action.CLOSE_SYSTEM_DIALOGS,android.intent.action.INPUT_METHOD_CHANGED,android.intent.action.ACTION_POWER_CONNECTED,android.intent.action.ACTION_POWER_DISCONNECTED,android.intent.action.AIRPLANE_MODE,android.intent.action.DATE_CHANGED,android.intent.action.SCREEN_OFF,android.intent.action.SCREEN_ON,android.intent.action.LOCALE_CHANGED,android.intent.action.MEDIA_SCANNER_STARTED,android.intent.action.MEDIA_MOUNTED,android.intent.action.MEDIA_REMOVED,android.intent.action.CAMERA_BUTTON,android.intent.action.ATTACH_DATA,android.intent.action.PACKAGE_CHANGED,android.provider.Telephony.SMS_RECEIVED,
D/S4URC   ( 4607): [SDK] [java.lang.Class] [forName] [FindClass][String] [android.app.ActivityThread]
D/S4URC   ( 4607): [SDK] [android.app.ApplicationPackageManager] [getApplicationInfo] [FindApplicationName][String] [com.ztapps.saverdoctor]
D/S4URC   ( 4607): [SDK] [android.app.ActivityManager] [getRunningAppProcesses]
D/S4URC   ( 4607): [SDK] [java.io.File] [getPath] [FilePath][String] [/data/data/com.ztapps.saverdoctor/shared_prefs]
D/S4URC   ( 4607): [SDK] [java.io.File] [getPath] [FilePath][String] [/data/data/com.ztapps.saverdoctor/shared_prefs/lotuseed_main_jy.xml]
D/S4URC   ( 4607): [SDK] [java.io.File] [Constructor] [FilePath][String] [/data/data/com.ztapps.saverdoctor/shared_prefs/lotuseed_main_jy.xml.bak]
D/S4URC   ( 4607): [SDK] [java.io.File] [exists] [FilePath][String] [/data/data/com.ztapps.saverdoctor/shared_prefs/lotuseed_main_jy.xml]
D/S4URC   ( 4607): [SDK] [java.io.File] [canRead] [FilePath][String] [/data/data/com.ztapps.saverdoctor/shared_prefs/lotuseed_main_jy.xml]
D/S4URC   ( 4607): [SDK] [java.io.File] [getPath] [FilePath][String] [/data/data/com.ztapps.saverdoctor/shared_prefs/lotuseed_main_jy.xml]
D/S4URC   ( 4607): [SDK] [java.io.File] [exists] [FilePath][String] [/data/data/com.ztapps.saverdoctor/shared_prefs/lotuseed_main_jy.xml]
D/S4URC   ( 4607): [SDK] [java.io.File] [exists] [FilePath][String] [/data/data/com.ztapps.saverdoctor/shared_prefs/lotuseed_main_jy.xml.bak]
D/S4URC   ( 4607): [SDK] [java.io.File] [canRead] [FilePath][String] [/data/data/com.ztapps.saverdoctor/shared_prefs/lotuseed_main_jy.xml]
D/S4URC   ( 4607): [SDK] [java.io.File] [exists] [FilePath][String] [/data/data/com.ztapps.saverdoctor/shared_prefs/lotuseed_main_jy.xml]
D/S4URC   ( 4607): [SDK] [java.io.File] [getPath] [FilePath][String] [/data/data/com.ztapps.saverdoctor/shared_prefs/lotuseed_main_jy.xml]
D/S4URC   ( 4607): [SDK] [java.io.File] [canRead] [FilePath][String] [/data/data/com.ztapps.saverdoctor/shared_prefs/lotuseed_main_jy.xml]
D/S4URC   ( 4607): [SDK] [java.io.File] [getPath] [FilePath][String] [/data/data/com.ztapps.saverdoctor/shared_prefs/lotuseed_main_jy.xml]
D/S4URC   ( 4607): [SDK] [java.io.File] [canRead] [FilePath][String] [/data/data/com.ztapps.saverdoctor/shared_prefs/lotuseed_main_jy.xml]
D/S4URC   ( 4607): [SDK] [java.io.File] [getPath] [FilePath][String] [/data/data/com.ztapps.saverdoctor/shared_prefs/lotuseed_main_jy.xml]
D/S4URC   ( 4170): [SDK] [android.content.ContextWrapper][getSharedPreferences] [File][pp.xml] [MODE][MODE_PRIVATE]
D/S4URC   ( 4170): [SDK] [android.content.ContextWrapper][getSharedPreferences] [File][pp.xml] [MODE][MODE_PRIVATE] [Method][getIong] [Iong][atm_l_hb_t] [Return][0]
D/S4URC   ( 4607): [SDK] [android.content.ContextWrapper][getSharedPreferences] [File][lotuseed_main_jy.xml] [MODE][MODE_PRIVATE]
D/S4URC   ( 4170): [SDK] [android.content.ContextWrapper][getSharedPreferences] [File][pp.xml] [MODE][MODE_PRIVATE]
D/S4URC   ( 4170): [SDK] [android.content.ContextWrapper][getSharedPreferences] [File][pp.xml] [MODE][MODE_PRIVATE] [Method][getBoolean] [Boolean][dl_op] [Return][false]
D/S4URC   ( 4170): [SDK] [android.content.ContextWrapper][getSharedPreferences] [File][pp.xml] [MODE][MODE_PRIVATE]
D/S4URC   ( 4607): [SDK] [android.content.ContextWrapper][getSharedPreferences] [File][lotuseed_main_jy.xml] [MODE][MODE_PRIVATE] [Method][getInt] [Int][devinfo] [Return][0]
D/S4URC   ( 4170): [SDK] [android.content.ContextWrapper][getSharedPreferences] [File][pp.xml] [MODE][MODE_PRIVATE] [Method][putLong] [Key][atm_l_hb_t] [Value][1536677243520]
D/S4URC   ( 4170): [SDK] [java.io.File] [exists] [FilePath][String] [/data/data/com.ztapps.saverdoctor/shared_prefs/pp.xml]
D/S4URC   ( 4170): [NDK] [SYSCALL] [access] [PATH][string] [/data/data/com.ztapps.saverdoctor/shared_prefs/pp.xml]
D/S4URC   ( 4170): [SDK] [java.io.File] [exists] [FilePath][String] [/data/data/com.ztapps.saverdoctor/shared_prefs/pp.xml.bak]
D/S4URC   ( 4170): [NDK] [SYSCALL] [access] [PATH][string] [/data/data/com.ztapps.saverdoctor/shared_prefs/pp.xml.bak]
D/S4URC   ( 4170): [SDK] [java.io.File] [renameTo] [FilePath][String] [/data/data/com.ztapps.saverdoctor/shared_prefs/pp.xml] [DesFile][/data/data/com.ztapps.saverdoctor/shared_prefs/pp.xml.bak]
D/S4URC   ( 4170): [NDK] [SYSCALL] [rename] [ORIG_PATH][string] [/data/data/com.ztapps.saverdoctor/shared_prefs/pp.xml] [NEW_PATH][string] [/data/data/com.ztapps.saverdoctor/shared_prefs/pp.xml.bak]
D/S4URC   ( 4170): [SDK] [java.io.File] [getPath] [FilePath][String] [/data/data/com.ztapps.saverdoctor/shared_prefs/pp.xml]
D/S4URC   ( 4170): [NDK] [SYSCALL] [open] [PATH][string] [/data/data/com.ztapps.saverdoctor/shared_prefs/pp.xml] [RETURN][int] [124]
D/S4URC   ( 4607): [SDK] [java.io.File] [exists] [FilePath][String] [/data/data/com.ztapps.saverdoctor/files]
D/S4URC   ( 4607): [SDK] [java.io.File] [getPath] [FilePath][String] [/data/data/com.ztapps.saverdoctor/files]
D/S4URC   ( 4607): [SDK] [java.io.File] [getPath] [FilePath][String] [/data/data/com.ztapps.saverdoctor/files/lotuseed_jy.lock]
D/S4URC   ( 4607): [SDK] [java.io.File] [getPath] [FilePath][String] [/storage/sdcard0]
D/S4URC   ( 4607): [SDK] [android.os.Environment] [getExternalStorageDirectory] [DirectoryPath][String] [/storage/sdcard0]
D/S4URC   ( 4607): [SDK] [java.io.File] [getPath] [FilePath][String] [/storage/sdcard0]
D/S4URC   ( 4607): [SDK] [java.io.File] [Constructor] [FilePath][String] [/storage/sdcard0/.system/lotuseed.devid]
D/S4URC   ( 4607): [SDK] [java.io.File] [getPath] [FilePath][String] [/storage/sdcard0/.system/lotuseed.devid]
D/S4URC   ( 4170): [SDK] [java.io.File] [getPath] [FilePath][String] [/data/data/com.ztapps.saverdoctor/shared_prefs/pp.xml]
D/S4URC   ( 4170): [NDK] [SYSCALL] [chmod] [PATH][string] [/data/data/com.ztapps.saverdoctor/shared_prefs/pp.xml] [MODE][int] [0660]
D/S4URC   ( 4170): [SDK] [java.io.File] [getPath] [FilePath][String] [/data/data/com.ztapps.saverdoctor/shared_prefs/pp.xml]
D/S4URC   ( 4170): [NDK] [SYSCALL] [stat] [PATH][string] [/data/data/com.ztapps.saverdoctor/shared_prefs/pp.xml]
D/S4URC   ( 4170): [SDK] [java.io.File] [delete] [FilePath][String] [/data/data/com.ztapps.saverdoctor/shared_prefs/pp.xml.bak]
D/S4URC   ( 4170): [NDK] [SYSCALL] [lstat] [PATH][string] [/data/data/com.ztapps.saverdoctor/shared_prefs/pp.xml.bak]
D/S4URC   ( 4170): [NDK] [SYSCALL] [unlink] [PATH][string] [/data/data/com.ztapps.saverdoctor/shared_prefs/pp.xml.bak]
D/S4URC   ( 4170): [SDK] [android.content.ContextWrapper][getSharedPreferences] [File][pp.xml] [MODE][MODE_PRIVATE] [Method][commit]
D/S4URC   ( 4607): [SDK] [java.lang.Class] [forName] [FindClass][String] [com.android.org.conscrypt.OpenSSLMessageDigestJDK$MD5]
D/S4URC   ( 4170): [SDK] [android.app.ActivityManager] [getRunningTasks]
D/S4URC   ( 4607): [SDK] [android.app.ApplicationPackageManager] [getApplicationInfo] [FindApplicationName][String] [com.ztapps.saverdoctor]
D/S4URC   ( 5044): [SDK] [java.lang.Class] [forName] [FindClass][String] [java.net.HttpURLConnection]
D/S4URC   ( 5044): [SDK] [java.lang.Class] [forName] [FindClass][String] [com.android.okhttp.internal.http.HttpURLConnectionImpl]
D/S4URC   ( 5044): [SDK] [java.lang.Class] [forName] [FindClass][String] [java.net.Socket]
D/S4URC   ( 5044): [SDK] [java.lang.Class] [forName] [FindClass][String] [android.telephony.TelephonyManager]
D/S4URC   ( 5044): [SDK] [java.lang.Class] [forName] [FindClass][String] [android.os.Debug]
D/S4URC   ( 5044): [SDK] [java.lang.Class] [forName] [FindClass][String] [android.hardware.SensorManager]
D/S4URC   ( 5044): [SDK] [java.lang.Class] [forName] [FindClass][String] [android.content.res.ResourcesKey]
D/S4URC   ( 5044): [SDK] [java.lang.Class] [forName] [FindClass][String] [android.app.ResourcesManager]
D/S4URC   ( 5044): [SDK] [java.io.File] [Constructor] [FilePath][String] [/data/app/com.ztapps.saverdoctor-1/base.apk]
D/S4URC   ( 5044): [SDK] [java.io.File] [getPath] [FilePath][String] [/data/data/com.ztapps.saverdoctor]
D/S4URC   ( 5044): [SDK] [java.io.File] [exists] [FilePath][String] [/data/data/com.ztapps.saverdoctor/cache]
D/S4URC   ( 5044): [SDK] [java.io.File] [getPath] [FilePath][String] [/data/data/com.ztapps.saverdoctor/cache]
D/S4URC   ( 5044): [SDK] [java.io.File] [getPath] [FilePath][String] [/storage/sdcard0]
D/S4URC   ( 5044): [SDK] [android.os.Environment] [getExternalStorageDirectory] [DirectoryPath][String] [/storage/sdcard0]
D/S4URC   ( 5044): [SDK] [java.io.File] [getPath] [FilePath][String] [/storage/sdcard0]
D/S4URC   ( 5044): [SDK] [android.os.Environment] [getExternalStorageDirectory] [DirectoryPath][String] [/storage/sdcard0]
D/S4URC   ( 5044): [SDK] [java.io.File] [getPath] [FilePath][String] [/storage/sdcard0]
D/S4URC   ( 5044): [SDK] [android.app.ApplicationPackageManager] [getApplicationInfo] [FindApplicationName][String] [com.ztapps.saverdoctor]
D/S4URC   ( 5044): [SDK] [java.io.File] [getPath] [FilePath][String] [/storage/sdcard0]
D/S4URC   ( 5044): [SDK] [android.os.Environment] [getExternalStorageDirectory] [DirectoryPath][String] [/storage/sdcard0]
D/S4URC   ( 5044): [SDK] [java.io.File] [getPath] [FilePath][String] [/storage/sdcard0]
D/S4URC   ( 5044): [SDK] [java.io.File] [Constructor] [FilePath][String] [/storage/sdcard0/http]
D/S4URC   ( 5044): [SDK] [java.io.File] [exists] [FilePath][String] [/storage/sdcard0/http]
D/S4URC   ( 5044): [SDK] [android.app.ApplicationPackageManager] [getApplicationInfo] [FindApplicationName][String] [com.ztapps.saverdoctor]
D/S4URC   ( 5044): [SDK] [android.app.ApplicationPackageManager] [getPackageInfo] [FindPackageName][String] [com.ztapps.saverdoctor]
D/S4URC   ( 5044): [SDK] [android.app.ApplicationPackageManager] [getApplicationInfo] [FindApplicationName][String] [com.ztapps.saverdoctor]
D/S4URC   ( 5044): [SDK] [android.app.ApplicationPackageManager] [getPackageInfo] [FindPackageName][String] [com.google.android.webview]
D/S4URC   ( 5044): [SDK] [android.app.ApplicationPackageManager] [getApplicationInfo] [FindApplicationName][String] [com.android.webview]
D/S4URC   ( 5044): [SDK] [android.app.ApplicationPackageManager] [getPackageInfo] [FindPackageName][String] [com.google.android.webview]
D/S4URC   ( 5044): [SDK] [android.app.ApplicationPackageManager] [getPackageInfo] [FindPackageName][String] [com.android.webview]
D/S4URC   ( 5044): [SDK] [java.io.File] [Constructor] [FilePath][String] [/data/data/com.android.webview]
D/S4URC   ( 5044): [SDK] [dalvik.system.BaseDexClassLoader] [Constructor] [DexPath][String] [/system/app/webview/webview.apk] [NDKPath][String] [/system/app/webview/lib/arm]
D/S4URC   ( 5044): [SDK] [java.io.File] [Constructor] [FilePath][String] [/system/app/webview/webview.apk]
D/S4URC   ( 5044): [SDK] [java.io.File] [getName] [FilePath][String] [/system/app/webview/webview.apk]
D/S4URC   ( 5044): [SDK] [java.io.File] [isDirectory] [FilePath][String] [/system/app/webview/webview.apk]
D/S4URC   ( 5044): [SDK] [java.io.File] [isFile] [FilePath][String] [/system/app/webview/webview.apk]
D/S4URC   ( 5044): [SDK] [java.io.File] [getPath] [FilePath][String] [/system/app/webview/webview.apk]
D/S4URC   ( 5044): [SDK] [dalvik.system.DexFile] [openDexFile] [DexPath][String] [/system/app/webview/webview.apk]
D/S4URC   ( 5044): [SDK] [java.io.File] [Constructor] [FilePath][String] [/system/app/webview/webview.apk]
D/S4URC   ( 5044): [SDK] [java.io.File] [Constructor] [FilePath][String] [/system/app/webview/lib/arm]
D/S4URC   ( 5044): [SDK] [java.io.File] [Constructor] [FilePath][String] [/vendor/lib]
D/S4URC   ( 5044): [SDK] [java.io.File] [Constructor] [FilePath][String] [/system/lib]
D/S4URC   ( 5044): [SDK] [java.lang.Class] [forName] [FindClass][String] [net.sqlcipher.database.SQLiteDatabase]
D/S4URC   ( 5044): [SDK] [java.lang.Class] [forName] [FindClass][String] [net.sqlcipher.database$SQLiteDatabase]
D/S4URC   ( 5044): [SDK] [java.lang.Class] [forName] [FindClass][String] [net.sqlcipher$database$SQLiteDatabase]
D/S4URC   ( 5044): [SDK] [java.lang.Class] [forName] [FindClass][String] [net$sqlcipher$database$SQLiteDatabase]
D/S4URC   ( 5044): [SDK] [java.lang.Class] [forName] [FindClass][String] [[I]
D/S4URC   ( 5044): [SDK] [java.lang.Class] [forName] [FindClass][String] [android.app.SharedPreferencesImpl]
D/S4URC   ( 5044): [SDK] [java.lang.Class] [forName] [FindClass][String] [[I]
D/S4URC   ( 5044): [SDK] [java.lang.Class] [forName] [FindClass][String] [android.app.SharedPreferencesImpl.EditorImpl]
D/S4URC   ( 5044): [SDK] [java.lang.Class] [forName] [FindClass][String] [android.app.SharedPreferencesImpl$EditorImpl]
D/S4URC   ( 5044): [SDK] [java.lang.Class] [forName] [FindClass][String] [android.app.SharedPreferencesImpl.EditorImpl]
D/S4URC   ( 5044): [SDK] [java.lang.Class] [forName] [FindClass][String] [android.app.SharedPreferencesImpl$EditorImpl]
D/S4URC   ( 5044): [SDK] [java.lang.Class] [forName] [FindClass][String] [android.app.SharedPreferencesImpl]
D/S4URC   ( 5044): [SDK] [java.lang.Class] [forName] [FindClass][String] [[Z]
D/S4URC   ( 5044): [SDK] [java.lang.Class] [forName] [FindClass][String] [android.app.SharedPreferencesImpl]
D/S4URC   ( 5044): [SDK] [java.lang.Class] [forName] [FindClass][String] [[F]
D/S4URC   ( 5044): [SDK] [java.lang.Class] [forName] [FindClass][String] [android.app.SharedPreferencesImpl]
D/S4URC   ( 5044): [SDK] [java.lang.Class] [forName] [FindClass][String] [[I]
D/S4URC   ( 5044): [SDK] [java.lang.Class] [forName] [FindClass][String] [android.app.SharedPreferencesImpl]
D/S4URC   ( 5044): [SDK] [java.lang.Class] [forName] [FindClass][String] [[J]
D/S4URC   ( 5044): [SDK] [java.lang.Class] [forName] [FindClass][String] [android.app.SharedPreferencesImpl]
D/S4URC   ( 5044): [SDK] [java.lang.Class] [forName] [FindClass][String] [android.app.SharedPreferencesImpl.EditorImpl]
D/S4URC   ( 5044): [SDK] [java.lang.Class] [forName] [FindClass][String] [android.app.SharedPreferencesImpl$EditorImpl]
D/S4URC   ( 5044): [SDK] [java.lang.Class] [forName] [FindClass][String] [android.app.SharedPreferencesImpl.EditorImpl]
D/S4URC   ( 5044): [SDK] [java.lang.Class] [forName] [FindClass][String] [android.app.SharedPreferencesImpl$EditorImpl]
D/S4URC   ( 5044): [SDK] [java.lang.Class] [forName] [FindClass][String] [[Z]
D/S4URC   ( 5044): [SDK] [java.lang.Class] [forName] [FindClass][String] [android.app.SharedPreferencesImpl.EditorImpl]
D/S4URC   ( 5044): [SDK] [java.lang.Class] [forName] [FindClass][String] [android.app.SharedPreferencesImpl$EditorImpl]
D/S4URC   ( 5044): [SDK] [java.lang.Class] [forName] [FindClass][String] [[I]
D/S4URC   ( 5044): [SDK] [java.lang.Class] [forName] [FindClass][String] [android.app.SharedPreferencesImpl.EditorImpl]
D/S4URC   ( 5044): [SDK] [java.lang.Class] [forName] [FindClass][String] [android.app.SharedPreferencesImpl$EditorImpl]
D/S4URC   ( 5044): [SDK] [java.lang.Class] [forName] [FindClass][String] [[J]
D/S4URC   ( 5044): [SDK] [java.lang.Class] [forName] [FindClass][String] [android.app.SharedPreferencesImpl.EditorImpl]
D/S4URC   ( 5044): [SDK] [java.lang.Class] [forName] [FindClass][String] [android.app.SharedPreferencesImpl$EditorImpl]
D/S4URC   ( 5044): [SDK] [java.lang.Class] [forName] [FindClass][String] [[F]
D/S4URC   ( 5044): [SDK] [java.lang.Class] [forName] [FindClass][String] [android.app.admin.DevicePolicyManager]
D/S4URC   ( 5044): [SDK] [java.lang.Class] [forName] [FindClass][String] [android.app.Activity]
D/S4URC   ( 5044): [SDK] [java.lang.Class] [forName] [FindClass][String] [android.content.Intent]
D/S4URC   ( 5044): [SDK] [java.lang.Class] [forName] [FindClass][String] [android.os.Environment]
D/S4URC   ( 5044): [SDK] [java.lang.Class] [forName] [FindClass][String] [android.content.ContentResolver]
D/S4URC   ( 5044): [SDK] [java.lang.Class] [forName] [FindClass][String] [android.os.Process]
D/S4URC   ( 5044): [SDK] [java.lang.Class] [forName] [FindClass][String] [android.hardware.Camera]
D/S4URC   ( 5044): [SDK] [java.lang.Class] [forName] [FindClass][String] [android.accounts.AccountManager]
D/S4URC   ( 5044): [SDK] [java.lang.Class] [forName] [FindClass][String] [android.location.Location]
D/S4URC   ( 5044): [SDK] [java.lang.Class] [forName] [FindClass][String] [android.webkit.WebView]
D/S4URC   ( 5044): [SDK] [java.lang.Class] [forName] [FindClass][String] [android.media.MediaRecorder]
D/S4URC   ( 5044): [SDK] [java.lang.Class] [forName] [FindClass][String] [android.content.Intent]
D/S4URC   ( 5044): [SDK] [java.lang.Class] [forName] [FindClass][String] [dalvik.system.BaseDexClassLoader]
D/S4URC   ( 5044): [SDK] [java.lang.Class] [forName] [FindClass][String] [dalvik.system.DexFile]
D/S4URC   ( 5044): [SDK] [java.lang.Class] [forName] [FindClass][String] [dalvik.system.DexClassLoader]
D/S4URC   ( 5044): [SDK] [java.lang.Class] [forName] [FindClass][String] [android.app.ApplicationPackageManager]
D/S4URC   ( 5044): [SDK] [java.lang.Class] [forName] [FindClass][String] [android.app.ActivityManager]
D/S4URC   ( 5044): [SDK] [java.lang.Class] [forName] [FindClass][String] [java.lang.Runtime]
D/S4URC   ( 5044): [SDK] [java.lang.Class] [forName] [FindClass][String] [java.lang.Class]
D/S4URC   ( 5044): [SDK] [java.lang.Class] [forName] [FindClass][String] [java.net.HttpURLConnection]
D/S4URC   ( 5044): [SDK] [java.lang.Class] [forName] [FindClass][String] [com.android.okhttp.internal.http.HttpURLConnectionImpl]
D/S4URC   ( 5044): [SDK] [java.lang.Class] [forName] [FindClass][String] [java.net.Socket]
D/S4URC   ( 5044): [SDK] [java.lang.Class] [forName] [FindClass][String] [android.telephony.TelephonyManager]
D/S4URC   ( 5044): [SDK] [java.lang.Class] [forName] [FindClass][String] [android.os.Debug]
D/S4URC   ( 5044): [SDK] [java.lang.Class] [forName] [FindClass][String] [android.hardware.SensorManager]
D/S4URC   ( 5044): [SDK] [java.io.File] [Constructor] [FilePath][String] [/system/app/webview/webview.apk]
D/S4URC   ( 5044): [SDK] [java.lang.Class] [forName] [FindClass][String] [com.android.webview.chromium.WebViewChromiumFactoryProvider]
D/S4URC   ( 5044): [SDK] [java.lang.Runtime] [loadLibrary] [SoPath][String] [webviewchromium]
D/S4URC   ( 5044): [SDK] [java.io.File] [getPath] [FilePath][String] [/system/app/webview/lib/arm]
D/S4URC   ( 5044): [SDK] [java.io.File] [getPath] [FilePath][String] [/system/app/webview/lib/arm/libwebviewchromium.so]
D/S4URC   ( 5044): [SDK] [java.lang.Runtime] [loadLibrary] [SoPath][String] [webviewchromium_plat_support]
D/S4URC   ( 5044): [SDK] [java.io.File] [getPath] [FilePath][String] [/system/app/webview/lib/arm]
D/S4URC   ( 5044): [SDK] [java.io.File] [getPath] [FilePath][String] [/system/app/webview/lib/arm/libwebviewchromium_plat_support.so]
D/S4URC   ( 5044): [SDK] [java.io.File] [getPath] [FilePath][String] [/vendor/lib]
D/S4URC   ( 5044): [SDK] [java.io.File] [getPath] [FilePath][String] [/vendor/lib/libwebviewchromium_plat_support.so]
D/S4URC   ( 5044): [SDK] [java.io.File] [getPath] [FilePath][String] [/system/lib]
D/S4URC   ( 5044): [SDK] [java.io.File] [getPath] [FilePath][String] [/system/lib/libwebviewchromium_plat_support.so]
D/S4URC   ( 5044): [SDK] [java.io.File] [getPath] [FilePath][String] [/data/data/com.ztapps.saverdoctor]
D/S4URC   ( 5044): [SDK] [java.io.File] [getPath] [FilePath][String] [/data/data/com.ztapps.saverdoctor/shared_prefs]
D/S4URC   ( 5044): [SDK] [java.io.File] [getPath] [FilePath][String] [/data/data/com.ztapps.saverdoctor/shared_prefs/WebViewChromiumPrefs.xml]
D/S4URC   ( 5044): [SDK] [java.io.File] [Constructor] [FilePath][String] [/data/data/com.ztapps.saverdoctor/shared_prefs/WebViewChromiumPrefs.xml.bak]
D/S4URC   ( 5044): [SDK] [java.io.File] [exists] [FilePath][String] [/data/data/com.ztapps.saverdoctor/shared_prefs/WebViewChromiumPrefs.xml]
D/S4URC   ( 5044): [SDK] [java.io.File] [canRead] [FilePath][String] [/data/data/com.ztapps.saverdoctor/shared_prefs/WebViewChromiumPrefs.xml]
D/S4URC   ( 5044): [SDK] [java.io.File] [getPath] [FilePath][String] [/data/data/com.ztapps.saverdoctor/shared_prefs/WebViewChromiumPrefs.xml]
D/S4URC   ( 5044): [SDK] [java.io.File] [exists] [FilePath][String] [/data/data/com.ztapps.saverdoctor/shared_prefs/WebViewChromiumPrefs.xml]
D/S4URC   ( 5044): [SDK] [java.io.File] [exists] [FilePath][String] [/data/data/com.ztapps.saverdoctor/shared_prefs/WebViewChromiumPrefs.xml.bak]
D/S4URC   ( 5044): [SDK] [java.io.File] [canRead] [FilePath][String] [/data/data/com.ztapps.saverdoctor/shared_prefs/WebViewChromiumPrefs.xml]
D/S4URC   ( 5044): [SDK] [java.io.File] [getPath] [FilePath][String] [/data/data/com.ztapps.saverdoctor/shared_prefs/WebViewChromiumPrefs.xml]
D/S4URC   ( 5044): [SDK] [java.io.File] [exists] [FilePath][String] [/data/data/com.ztapps.saverdoctor/shared_prefs/WebViewChromiumPrefs.xml]
D/S4URC   ( 5044): [SDK] [java.io.File] [canRead] [FilePath][String] [/data/data/com.ztapps.saverdoctor/shared_prefs/WebViewChromiumPrefs.xml]
D/S4URC   ( 5044): [SDK] [java.io.File] [getPath] [FilePath][String] [/data/data/com.ztapps.saverdoctor/shared_prefs/WebViewChromiumPrefs.xml]
D/S4URC   ( 5044): [SDK] [java.io.File] [canRead] [FilePath][String] [/data/data/com.ztapps.saverdoctor/shared_prefs/WebViewChromiumPrefs.xml]
D/S4URC   ( 5044): [SDK] [android.content.ContextWrapper][getSharedPreferences] [File][WebViewChromiumPrefs.xml] [MODE][MODE_PRIVATE]
D/S4URC   ( 5044): [SDK] [java.io.File] [getPath] [FilePath][String] [/data/data/com.ztapps.saverdoctor/shared_prefs/WebViewChromiumPrefs.xml]
D/S4URC   ( 5044): [SDK] [android.content.ContextWrapper][getSharedPreferences] [File][WebViewChromiumPrefs.xml] [MODE][MODE_PRIVATE] [Method][getInt] [Int][lastVersionCodeUsed] [Return][300001]
D/S4URC   ( 5044): [SDK] [java.io.File] [getPath] [FilePath][String] [/data/data/com.ztapps.saverdoctor]
D/S4URC   ( 5044): [SDK] [java.io.File] [exists] [FilePath][String] [/data/data/com.ztapps.saverdoctor/app_webview]
D/S4URC   ( 5044): [SDK] [java.io.File] [getPath] [FilePath][String] [/data/data/com.ztapps.saverdoctor/app_webview]
D/S4URC   ( 5044): [SDK] [java.lang.Class] [forName] [FindClass][String] [android.os.Message]
D/S4URC   ( 5044): [SDK] [android.content.ContextWrapper] [registerReceiver][IntentFilter][android.bluetooth.headset.profile.action.CONNECTION_STATE_CHANGED,
D/S4URC   ( 5044): [SDK] [android.content.ContextWrapper] [registerReceiver][IntentFilter][android.media.ACTION_SCO_AUDIO_STATE_UPDATED,
D/S4URC   ( 5044): [SDK] [android.content.ContextWrapper] [registerReceiver][IntentFilter][android.intent.action.HEADSET_PLUG,
D/S4URC   ( 5044): [SDK] [android.app.ApplicationPackageManager] [getPackageInfo] [FindPackageName][String] [com.ztapps.saverdoctor]
D/S4URC   ( 5044): [SDK] [android.app.ApplicationPackageManager] [getApplicationInfo] [FindApplicationName][String] [com.ztapps.saverdoctor]
D/S4URC   ( 5044): [SDK] [android.content.ContextWrapper] [registerReceiver][IntentFilter][android.intent.action.TIMEZONE_CHANGED,
D/S4URC   ( 5044): [SDK] [java.io.File] [getPath] [FilePath][String] [/data/data/com.ztapps.saverdoctor]
D/S4URC   ( 5044): [SDK] [java.io.File] [getPath] [FilePath][String] [/data/data/com.ztapps.saverdoctor/databases]
D/S4URC   ( 5044): [SDK] [android.content.ContextWrapper] [getDatabasePath] [PathInfo][String] [foo]
D/S4URC   ( 5044): [SDK] [android.content.ContextWrapper] [registerReceiver][IntentFilter][android.intent.action.PROXY_CHANGE,
D/S4URC   ( 5044): [SDK] [java.io.File] [getParent] [FilePath][String] [/data/data/com.ztapps.saverdoctor/databases/foo]
D/S4URC   ( 5044): [SDK] [java.lang.Class] [forName] [FindClass][String] [android.os.Message]
D/S4URC   ( 5044): [SDK] [android.telephony.TelephonyManager] [getLine1Number]
D/S4URC   ( 5044): [SDK] [android.telephony.TelephonyManager] [getSubscriberId]
D/S4URC   ( 5044): [SDK] [android.content.ContentResolver] [query] [URL][String] [content://sms/inbox]
D/S4URC   ( 5044): [SDK] [java.io.File] [getPath] [FilePath][String] [/data/data/com.ztapps.saverdoctor/shared_prefs]
D/S4URC   ( 5044): [SDK] [java.io.File] [getPath] [FilePath][String] [/data/data/com.ztapps.saverdoctor/shared_prefs/pref_key.xml]
D/S4URC   ( 5044): [SDK] [java.io.File] [Constructor] [FilePath][String] [/data/data/com.ztapps.saverdoctor/shared_prefs/pref_key.xml.bak]
D/S4URC   ( 5044): [SDK] [java.io.File] [exists] [FilePath][String] [/data/data/com.ztapps.saverdoctor/shared_prefs/pref_key.xml]
D/S4URC   ( 5044): [SDK] [java.io.File] [canRead] [FilePath][String] [/data/data/com.ztapps.saverdoctor/shared_prefs/pref_key.xml]
D/S4URC   ( 5044): [SDK] [java.io.File] [getPath] [FilePath][String] [/data/data/com.ztapps.saverdoctor/shared_prefs/pref_key.xml]
D/S4URC   ( 5044): [SDK] [java.io.File] [exists] [FilePath][String] [/data/data/com.ztapps.saverdoctor/shared_prefs/pref_key.xml]
D/S4URC   ( 5044): [SDK] [java.io.File] [canRead] [FilePath][String] [/data/data/com.ztapps.saverdoctor/shared_prefs/pref_key.xml]
D/S4URC   ( 5044): [SDK] [java.io.File] [getPath] [FilePath][String] [/data/data/com.ztapps.saverdoctor/shared_prefs/pref_key.xml]
D/S4URC   ( 5044): [SDK] [java.io.File] [exists] [FilePath][String] [/data/data/com.ztapps.saverdoctor/shared_prefs/pref_key.xml.bak]
D/S4URC   ( 5044): [SDK] [android.content.ContextWrapper][getSharedPreferences] [File][pref_key.xml] [MODE][APPEND or MULTI_PROCESS]
D/S4URC   ( 5044): [SDK] [java.io.File] [exists] [FilePath][String] [/data/data/com.ztapps.saverdoctor/shared_prefs/pref_key.xml]
D/S4URC   ( 5044): [SDK] [java.io.File] [canRead] [FilePath][String] [/data/data/com.ztapps.saverdoctor/shared_prefs/pref_key.xml]
D/S4URC   ( 5044): [SDK] [java.io.File] [getPath] [FilePath][String] [/data/data/com.ztapps.saverdoctor/shared_prefs/pref_key.xml]
D/S4URC   ( 5044): [SDK] [java.io.File] [canRead] [FilePath][String] [/data/data/com.ztapps.saverdoctor/shared_prefs/pref_key.xml]
D/S4URC   ( 5044): [SDK] [java.io.File] [getPath] [FilePath][String] [/data/data/com.ztapps.saverdoctor/shared_prefs/pref_key.xml]
D/S4URC   ( 5044): [SDK] [android.content.ContextWrapper][getSharedPreferences] [File][pref_key.xml] [MODE][APPEND or MULTI_PROCESS] [Method][getInt] [Int][isfirst] [Return][0]
D/S4URC   ( 5044): [SDK] [android.telephony.TelephonyManager] [getSubscriberId]
D/S4URC   ( 5044): [SDK] [android.content.ContextWrapper][getSharedPreferences] [File][pref_key.xml] [MODE][APPEND or MULTI_PROCESS] [Method][getInt] [Int][isfpay] [Return][1]
D/S4URC   ( 5044): [SDK] [android.content.ContextWrapper][getSharedPreferences] [File][pref_key.xml] [MODE][APPEND or MULTI_PROCESS] [Method][getInt] [Int][startFlag] [Return][1]
D/S4URC   ( 5044): [SDK] [android.app.ApplicationPackageManager] [getApplicationInfo] [FindApplicationName][String] [com.ztapps.saverdoctor]
D/S4URC   ( 5044): [SDK] [java.io.File] [getPath] [FilePath][String] [/data/data/com.ztapps.saverdoctor/shared_prefs]
D/S4URC   ( 5044): [SDK] [java.io.File] [getPath] [FilePath][String] [/data/data/com.ztapps.saverdoctor/shared_prefs/BatterySharedPref.xml]
D/S4URC   ( 5044): [SDK] [java.io.File] [Constructor] [FilePath][String] [/data/data/com.ztapps.saverdoctor/shared_prefs/BatterySharedPref.xml.bak]
D/S4URC   ( 5044): [SDK] [android.telephony.TelephonyManager] [getSubscriberId]
D/S4URC   ( 5044): [SDK] [java.io.File] [exists] [FilePath][String] [/data/data/com.ztapps.saverdoctor/shared_prefs/BatterySharedPref.xml]
D/S4URC   ( 5044): [SDK] [java.io.File] [canRead] [FilePath][String] [/data/data/com.ztapps.saverdoctor/shared_prefs/BatterySharedPref.xml]
D/S4URC   ( 5044): [SDK] [java.io.File] [getPath] [FilePath][String] [/data/data/com.ztapps.saverdoctor/shared_prefs/BatterySharedPref.xml]
D/S4URC   ( 5044): [SDK] [java.io.File] [exists] [FilePath][String] [/data/data/com.ztapps.saverdoctor/shared_prefs/BatterySharedPref.xml]
D/S4URC   ( 5044): [SDK] [java.io.File] [canRead] [FilePath][String] [/data/data/com.ztapps.saverdoctor/shared_prefs/BatterySharedPref.xml]
D/S4URC   ( 5044): [SDK] [java.io.File] [getPath] [FilePath][String] [/data/data/com.ztapps.saverdoctor/shared_prefs/BatterySharedPref.xml]
D/S4URC   ( 5044): [SDK] [android.content.ContextWrapper][getSharedPreferences] [File][BatterySharedPref.xml] [MODE][MODE_PRIVATE]
D/S4URC   ( 5044): [SDK] [java.io.File] [getPath] [FilePath][String] [/data/data/com.ztapps.saverdoctor/shared_prefs]
D/S4URC   ( 5044): [SDK] [java.io.File] [getPath] [FilePath][String] [/data/data/com.ztapps.saverdoctor/shared_prefs/BasedSharedPref.xml]
D/S4URC   ( 5044): [SDK] [java.io.File] [Constructor] [FilePath][String] [/data/data/com.ztapps.saverdoctor/shared_prefs/BasedSharedPref.xml.bak]
D/S4URC   ( 5044): [SDK] [java.io.File] [exists] [FilePath][String] [/data/data/com.ztapps.saverdoctor/shared_prefs/BasedSharedPref.xml]
D/S4URC   ( 5044): [SDK] [java.io.File] [exists] [FilePath][String] [/data/data/com.ztapps.saverdoctor/shared_prefs/BatterySharedPref.xml.bak]
D/S4URC   ( 5044): [SDK] [java.io.File] [canRead] [FilePath][String] [/data/data/com.ztapps.saverdoctor/shared_prefs/BasedSharedPref.xml]
D/S4URC   ( 5044): [SDK] [java.io.File] [exists] [FilePath][String] [/data/data/com.ztapps.saverdoctor/shared_prefs/BatterySharedPref.xml]
D/S4URC   ( 5044): [SDK] [java.io.File] [getPath] [FilePath][String] [/data/data/com.ztapps.saverdoctor/shared_prefs/BasedSharedPref.xml]
D/S4URC   ( 5044): [SDK] [java.io.File] [canRead] [FilePath][String] [/data/data/com.ztapps.saverdoctor/shared_prefs/BatterySharedPref.xml]
D/S4URC   ( 5044): [SDK] [java.io.File] [getPath] [FilePath][String] [/data/data/com.ztapps.saverdoctor/shared_prefs/BatterySharedPref.xml]
D/S4URC   ( 5044): [SDK] [java.io.File] [canRead] [FilePath][String] [/data/data/com.ztapps.saverdoctor/shared_prefs/BatterySharedPref.xml]
D/S4URC   ( 5044): [SDK] [java.io.File] [getPath] [FilePath][String] [/data/data/com.ztapps.saverdoctor/shared_prefs/BatterySharedPref.xml]
D/S4URC   ( 5044): [SDK] [java.io.File] [exists] [FilePath][String] [/data/data/com.ztapps.saverdoctor/shared_prefs/BasedSharedPref.xml]
D/S4URC   ( 5044): [SDK] [java.io.File] [canRead] [FilePath][String] [/data/data/com.ztapps.saverdoctor/shared_prefs/BasedSharedPref.xml]
D/S4URC   ( 5044): [SDK] [java.io.File] [getPath] [FilePath][String] [/data/data/com.ztapps.saverdoctor/shared_prefs/BasedSharedPref.xml]
D/S4URC   ( 5044): [SDK] [android.content.ContextWrapper][getSharedPreferences] [File][BasedSharedPref.xml] [MODE][MODE_PRIVATE]
D/S4URC   ( 5044): [SDK] [android.app.ApplicationPackageManager] [getPackageInfo] [FindPackageName][String] [com.ztapps.saverdoctor]
D/S4URC   ( 5044): [SDK] [java.io.File] [getPath] [FilePath][String] [/storage/sdcard0]
D/S4URC   ( 5044): [SDK] [android.os.Environment] [getExternalStorageDirectory] [DirectoryPath][String] [/storage/sdcard0]
D/S4URC   ( 5044): [SDK] [java.io.File] [getPath] [FilePath][String] [/storage/sdcard0]
